<?xml version="1.0" ?>

<verbosegc xmlns="http://www.ibm.com/j9/verbosegc" version="10b4217_CMPRSS">

<initialized id="1" timestamp="2019-06-16T00:36:10.210">
  <attribute name="gcPolicy" value="-Xgcpolicy:balanced" />
  <attribute name="elasticGC enabled" value="1" />
  <attribute name= "numThreadsSpecified" value="0" />
  <attribute name="heapSize specified" value="0" />
  <attribute name="Current GC Util" value="0" />
  <attribute name= "Current Time Running" value="0" />
  <attribute name ="GC Interval" value="0" />
  <attribute name="ProportionalT" value="0.000000" />
  <attribute name="ProportionalI" value="0.000000" />
  <attribute name="ProportionalH" value="0.000000" />
  <attribute name="IntegralT" value="0.000000" />
  <attribute name="IntegralI" value="0.000000" />
  <attribute name="IntegralH" value="0.000000" />
  <attribute name="DerivativeT" value="0.000000" />
  <attribute name="DerivativeI" value="0.000000" />
  <attribute name="DerivativeH" value="0.000000" />
  <attribute name="Target GC Util Change" value ="0.000000" />
  <attribute name="Current GC Util Change" value="0.000000"/>
  <attribute name="Current Error" value="0.000000" />
  <attribute name="Loop Time for DT" value="0.000000" />
  <attribute name="Output H" value="0"/>
  <attribute name="Output I" value="0"/>
  <attribute name="Output T" value="0"/>
  <attribute name="GC Util currently" value="0" />
  <attribute name="CPU Util currently" value="0" />
  <attribute name="maxHeapSize" value="0x7cb00000" />
  <attribute name="initialHeapSize" value="0x800000" />
  <attribute name="compressedRefs" value="true" />
  <attribute name="compressedRefsDisplacement" value="0x0" />
  <attribute name="compressedRefsShift" value="0x0" />
  <attribute name="pageSize" value="0x1000" />
  <attribute name="pageType" value="not used" />
  <attribute name="requestedPageSize" value="0x1000" />
  <attribute name="requestedPageType" value="not used" />
  <attribute name="gcthreads" value="4" />
  <attribute name="packetListSplit" value="4" />
  <attribute name="cacheListSplit" value="4" />
  <attribute name="splitFreeListSplitAmount" value="1" />
  <attribute name="numaNodes" value="0" />
  <region>
    <attribute name="regionSize" value="1048576" />
    <attribute name="regionCount" value="1995" />
    <attribute name="arrayletLeafSize" value="1048576" />
  </region>
  <system>
    <attribute name="physicalMemory" value="8370962432" />
    <attribute name="numCPUs" value="4" />
    <attribute name="architecture" value="amd64" />
    <attribute name="os" value="Linux" />
    <attribute name="osVersion" value="4.4.0-148-generic" />
  </system>
  <vmargs>
    <vmarg name="-Xoptionsfile=/vagrant/jdk/lib/options.default" />
    <vmarg name="-Xlockword:mode=default,noLockword=java/lang/String,noLockword=java/util/MapEntry,noLockword=java/util/HashMap$Entry,noLockword..." />
    <vmarg name="-Xjcl:jclse29" />
    <vmarg name="-Dcom.ibm.oti.vm.bootstrap.library.path=/vagrant/jdk/lib/compressedrefs:/vagrant/jdk/lib" />
    <vmarg name="-Dsun.boot.library.path=/vagrant/jdk/lib/compressedrefs:/vagrant/jdk/lib" />
    <vmarg name="-Djava.library.path=/vagrant/jdk/lib/compressedrefs:/vagrant/jdk/lib:/usr/lib64:/usr/lib" />
    <vmarg name="-Djava.home=/vagrant/jdk" />
    <vmarg name="-Duser.dir=/vagrant" />
    <vmarg name="-Xgcpolicy:balanced" />
    <vmarg name="-Xgcelastic" />
    <vmarg name="-Xcheck:gc:::elasticGC" />
    <vmarg name="-verbose:gc" />
    <vmarg name="-Xloggc:large-Balanced-jdk-1.5-1-0.5-verbose10jython.txt" />
    <vmarg name="-Djava.class.path=dacapo-9.12-MR1-bach.jar" />
    <vmarg name="-Dsun.java.command=dacapo-9.12-MR1-bach.jar jython --size=large" />
    <vmarg name="-Dsun.java.launcher=SUN_STANDARD" />
    <vmarg name="-Dsun.java.launcher.pid=26902" />
  </vmargs>
</initialized>

<exclusive-start id="2" timestamp="2019-06-16T00:36:12.012" intervalms="1801.404">
  <response-info timems="0.021" idlems="0.021" threads="0" lastid="0000000001627700" lastname="main" />
</exclusive-start>
<allocation-taxation id="3" taxation-threshold="8388608" timestamp="2019-06-16T00:36:12.012" intervalms="1801.615" />
<cycle-start id="4" type="partial gc" contextid="0" timestamp="2019-06-16T00:36:12.012" intervalms="1801.882" />
<gc-start id="5" type="partial gc" contextid="4" timestamp="2019-06-16T00:36:12.013">
  <mem-info id="6" free="0" total="8388608" percent="0">
    <mem type="eden" free="80" total="8388608" percent="0" />
    <remembered-set count="0" freebytes="334848" totalbytes="334848" percent="100" regionsoverflowed="0" regionsstable="0" regionsrebuilding="0"/>
  </mem-info>
</gc-start>
<allocation-stats totalBytes="8315856" >
  <allocated-bytes non-tlh="357600" tlh="7958256" arrayletleaf="0"/>
  <largest-consumer threadName="main" threadId="0000000001627700" bytes="8239288" />
</allocation-stats>
<gc-op id="7" type="mark" timems="2.890" contextid="4" timestamp="2019-06-16T00:36:12.016">
  <trace-info objectcount="17715" scancount="14028" scanbytes="460928" />
  <remembered-set-cleared processed="0" cleared="0" durationms="0.262" />
  <finalization candidates="14" enqueued="1" />
  <references type="soft" candidates="63" cleared="0" enqueued="0" dynamicThreshold="32" maxThreshold="32" />
  <references type="weak" candidates="544" cleared="401" enqueued="362" />
  <references type="phantom" candidates="105" cleared="44" enqueued="44" />
  <stringconstants candidates="2406" cleared="0"  />
  <warning details="Mark for calibration purposes" />
</gc-op>
<gc-op id="8" type="classunload" timems="0.044" contextid="4" timestamp="2019-06-16T00:36:12.017">
  <classunload-info classloadercandidates="5" classloadersunloaded="0" classesunloaded="0" anonymousclassesunloaded="0" quiescems="0.000" setupms="0.044" scanms="0.000" postms="0.000" />
</gc-op>
<gc-op id="9" type="sweep" timems="0.482" contextid="4" timestamp="2019-06-16T00:36:12.017" />
<gc-op id="10" type="compact" timems="3.682" contextid="4" timestamp="2019-06-16T00:36:12.021">
  <compact-info movecount="17715" movebytes="963344" />
  <remembered-set-cleared processed="0" cleared="0" durationms="0.262" />
</gc-op>
<gc-end id="11" type="partial gc" contextid="4" durationms="9.134" usertimems="8.000" systemtimems="0.000" timestamp="2019-06-16T00:36:12.022" activeThreads="4">
  <mem-info id="12" free="7340032" total="8388608" percent="87">
    <mem type="eden" free="85232" total="1048576" percent="8" />
    <pending-finalizers system="1" default="0" reference="406" classloader="0" />
    <remembered-set count="0" freebytes="334848" totalbytes="334848" percent="100" regionsoverflowed="0" regionsstable="0" regionsrebuilding="0"/>
  </mem-info>
</gc-end>
<cycle-end id="13" type="partial gc" contextid="4" timestamp="2019-06-16T00:36:12.022" />
  <attribute name="elasticGC enabled" value="1" />
  <attribute name= "numThreadsSpecified" value="4" />
  <attribute name="heapSize specified" value="0" />
  <attribute name="Current GC Util" value="54" />
  <attribute name= "Current Time Running" value="1683" />
  <attribute name ="GC Interval" value="0" />
  <attribute name="ProportionalT" value="51.000000" />
  <attribute name="ProportionalI" value="51.000000" />
  <attribute name="ProportionalH" value="51.000000" />
  <attribute name="Current Error" value="34.000000" />
  <attribute name="IntegralT" value="-33235.000000" />
  <attribute name="IntegralI" value="-33235.000000" />
  <attribute name="IntegralH" value="-33235.000000" />
  <attribute name="DerivativeT" value="-inf" />
  <attribute name="DerivativeI" value="-inf" />
  <attribute name="DerivativeH" value="-inf" />
  <attribute name="Loop Time for DT" value="0.000000" />
  <attribute name="Output H" value="2091843584"/>
  <attribute name="Output I" value="200"/>
  <attribute name="Output T" value="4"/>
  <attribute name="Target GC Util Change" value ="20.000000" />
  <attribute name="Current GC Util Change" value="54.000000"/>
  <attribute name="GC Util currently" value="54" />
  <attribute name="CPU Util currently" value="5786836207490" />
<exclusive-end id="14" timestamp="2019-06-16T00:36:12.022" durationms="10.260" />

<exclusive-start id="15" timestamp="2019-06-16T00:36:12.637" intervalms="624.752">
  <response-info timems="0.049" idlems="0.049" threads="0" lastid="0000000001627700" lastname="main" />
</exclusive-start>
<allocation-taxation id="16" taxation-threshold="7340032" timestamp="2019-06-16T00:36:12.637" intervalms="624.678" />
<cycle-start id="17" type="partial gc" contextid="0" timestamp="2019-06-16T00:36:12.637" intervalms="624.613" />
<gc-start id="18" type="partial gc" contextid="17" timestamp="2019-06-16T00:36:12.637">
  <mem-info id="19" free="0" total="8388608" percent="0">
    <mem type="eden" free="85232" total="8388608" percent="1" />
    <remembered-set count="0" freebytes="334848" totalbytes="334848" percent="100" regionsoverflowed="0" regionsstable="0" regionsrebuilding="0"/>
  </mem-info>
</gc-start>
<allocation-stats totalBytes="7330176" >
  <allocated-bytes non-tlh="569856" tlh="6760320" arrayletleaf="0"/>
  <largest-consumer threadName="main" threadId="0000000001627700" bytes="7321896" />
</allocation-stats>
<gc-op id="20" type="mark" timems="1.777" contextid="17" timestamp="2019-06-16T00:36:12.640">
  <trace-info objectcount="19024" scancount="15068" scanbytes="511304" />
  <remembered-set-cleared processed="0" cleared="0" durationms="0.050" />
  <finalization candidates="22" enqueued="0" />
  <ownableSynchronizers candidates="16" cleared="0" />
  <references type="soft" candidates="67" cleared="0" enqueued="0" dynamicThreshold="28" maxThreshold="32" />
  <references type="weak" candidates="682" cleared="364" enqueued="256" />
  <references type="phantom" candidates="88" cleared="2" enqueued="2" />
  <stringconstants candidates="2592" cleared="0"  />
  <warning details="Mark invoked due to insufficient free space for Copy-Forward" />
</gc-op>
<gc-op id="21" type="classunload" timems="0.001" contextid="17" timestamp="2019-06-16T00:36:12.640">
  <classunload-info classloadercandidates="6" classloadersunloaded="0" classesunloaded="0" anonymousclassesunloaded="0" quiescems="0.000" setupms="0.001" scanms="0.000" postms="0.000" />
</gc-op>
<gc-op id="22" type="sweep" timems="0.842" contextid="17" timestamp="2019-06-16T00:36:12.641" />
<gc-op id="23" type="compact" timems="3.614" contextid="17" timestamp="2019-06-16T00:36:12.645">
  <compact-info movecount="19020" movebytes="1506440" />
  <remembered-set-cleared processed="0" cleared="0" durationms="0.050" />
</gc-op>
<gc-end id="24" type="partial gc" contextid="17" durationms="8.050" usertimems="4.000" systemtimems="4.000" timestamp="2019-06-16T00:36:12.645" activeThreads="4">
  <mem-info id="25" free="6291456" total="8388608" percent="75">
    <mem type="eden" free="590448" total="2097152" percent="28" />
    <pending-finalizers system="0" default="0" reference="258" classloader="0" />
    <remembered-set count="1536" freebytes="328704" totalbytes="334848" percent="98" regionsoverflowed="0" regionsstable="0" regionsrebuilding="0"/>
  </mem-info>
</gc-end>
<cycle-end id="26" type="partial gc" contextid="17" timestamp="2019-06-16T00:36:12.646" />
  <attribute name="elasticGC enabled" value="1" />
  <attribute name= "numThreadsSpecified" value="4" />
  <attribute name="heapSize specified" value="0" />
  <attribute name="Current GC Util" value="55" />
  <attribute name= "Current Time Running" value="2307" />
  <attribute name ="GC Interval" value="0" />
  <attribute name="ProportionalT" value="52.500000" />
  <attribute name="ProportionalI" value="52.500000" />
  <attribute name="ProportionalH" value="52.500000" />
  <attribute name="Current Error" value="35.000000" />
  <attribute name="IntegralT" value="35.000000" />
  <attribute name="IntegralI" value="35.000000" />
  <attribute name="IntegralH" value="35.000000" />
  <attribute name="DerivativeT" value="17.500000" />
  <attribute name="DerivativeI" value="17.500000" />
  <attribute name="DerivativeH" value="17.500000" />
  <attribute name="Loop Time for DT" value="1.000000" />
  <attribute name="Output H" value="8388608"/>
  <attribute name="Output I" value="200"/>
  <attribute name="Output T" value="4"/>
  <attribute name="Target GC Util Change" value ="20.000000" />
  <attribute name="Current GC Util Change" value="55.000000"/>
  <attribute name="GC Util currently" value="55" />
  <attribute name="CPU Util currently" value="3574091511448" />
<exclusive-end id="27" timestamp="2019-06-16T00:36:12.646" durationms="9.244" />

<exclusive-start id="28" timestamp="2019-06-16T00:36:12.790" intervalms="153.646">
  <response-info timems="0.069" idlems="0.069" threads="0" lastid="0000000001627700" lastname="main" />
</exclusive-start>
<allocation-taxation id="29" taxation-threshold="3145728" timestamp="2019-06-16T00:36:12.790" intervalms="153.665" />
<cycle-start id="30" type="global mark phase" contextid="0" timestamp="2019-06-16T00:36:12.791" intervalms="2580.149" />
<gc-start id="31" type="global mark phase" contextid="30" timestamp="2019-06-16T00:36:12.791">
  <mem-info id="32" free="3145728" total="8388608" percent="37">
    <remembered-set count="1536" freebytes="328704" totalbytes="334848" percent="98" regionsoverflowed="0" regionsstable="0" regionsrebuilding="0"/>
  </mem-info>
</gc-start>
<gc-op id="33" type="mark increment" timems="0.756" contextid="30" timestamp="2019-06-16T00:36:12.791">
  <trace-info objectcount="115" scancount="0" scanbytes="0" />
</gc-op>
<gc-end id="34" type="global mark phase" contextid="30" durationms="0.846" usertimems="0.000" systemtimems="4.000" timestamp="2019-06-16T00:36:12.791" activeThreads="1">
  <mem-info id="35" free="3145728" total="8388608" percent="37">
    <remembered-set count="1536" freebytes="328704" totalbytes="334848" percent="98" regionsoverflowed="0" regionsstable="0" regionsrebuilding="0"/>
  </mem-info>
</gc-end>
<concurrent-start id="36" type="GMP work packet processing" contextid="30" timestamp="2019-06-16T00:36:12.792">
  <concurrent-mark-start scanTarget="18446744073709551615" />
</concurrent-start>
<exclusive-end id="37" timestamp="2019-06-16T00:36:12.792" durationms="1.386" />

<concurrent-end id="38" type="GMP work packet processing" contextid="30" timestamp="2019-06-16T00:36:12.794">
  <concurrent-mark-end bytesScanned="782668" reasonForTermination="Completed all work in GC phase" />
</concurrent-end>

<exclusive-start id="39" timestamp="2019-06-16T00:36:12.895" intervalms="104.733">
  <response-info timems="0.056" idlems="0.056" threads="0" lastid="0000000001627700" lastname="main" />
</exclusive-start>
<allocation-taxation id="40" taxation-threshold="3145728" timestamp="2019-06-16T00:36:12.895" intervalms="104.740" />
<cycle-start id="41" type="partial gc" contextid="0" timestamp="2019-06-16T00:36:12.895" intervalms="258.394" />
<gc-start id="42" type="partial gc" contextid="41" timestamp="2019-06-16T00:36:12.896">
  <mem-info id="43" free="0" total="8388608" percent="0">
    <mem type="eden" free="0" total="6291456" percent="0" />
    <remembered-set count="1536" freebytes="328704" totalbytes="334848" percent="98" regionsoverflowed="0" regionsstable="0" regionsrebuilding="0"/>
  </mem-info>
</gc-start>
<allocation-stats totalBytes="6286104" >
  <allocated-bytes non-tlh="317712" tlh="5968392" arrayletleaf="0"/>
  <largest-consumer threadName="main" threadId="0000000001627700" bytes="3143680" />
</allocation-stats>
<gc-op id="44" type="mark" timems="2.506" contextid="41" timestamp="2019-06-16T00:36:12.899">
  <trace-info objectcount="20282" scancount="16261" scanbytes="547504" />
  <cardclean-info objects="811" bytes="36096" />
  <remembered-set-cleared processed="204" cleared="204" durationms="0.048" />
  <finalization candidates="50" enqueued="1" />
  <ownableSynchronizers candidates="17" cleared="0" />
  <references type="soft" candidates="358" cleared="0" enqueued="0" dynamicThreshold="12" maxThreshold="32" />
  <references type="weak" candidates="1254" cleared="157" enqueued="143" />
  <references type="phantom" candidates="41" cleared="4" enqueued="4" />
  <stringconstants candidates="4540" cleared="0"  />
  <warning details="Mark invoked due to insufficient free space for Copy-Forward" />
</gc-op>
<gc-op id="45" type="classunload" timems="0.002" contextid="41" timestamp="2019-06-16T00:36:12.899">
  <classunload-info classloadercandidates="10" classloadersunloaded="0" classesunloaded="0" anonymousclassesunloaded="0" quiescems="0.000" setupms="0.002" scanms="0.000" postms="0.000" />
</gc-op>
<gc-op id="46" type="sweep" timems="1.481" contextid="41" timestamp="2019-06-16T00:36:12.901" />
<gc-op id="47" type="compact" timems="5.193" contextid="41" timestamp="2019-06-16T00:36:12.906">
  <compact-info movecount="20267" movebytes="1379248" />
  <remembered-set-cleared processed="3246" cleared="3246" durationms="0.055" />
</gc-op>
<heap-resize id="48" type="contract" space="default" amount="1048576" count="1" timems="0.188" reason="insufficient time being spent in gc" timestamp="2019-06-16T00:36:12.907" />
<gc-end id="49" type="partial gc" contextid="41" durationms="11.269" usertimems="16.000" systemtimems="0.000" timestamp="2019-06-16T00:36:12.907" activeThreads="4">
  <mem-info id="50" free="4194304" total="7340032" percent="57">
    <mem type="eden" free="372952" total="1048576" percent="35" />
    <pending-finalizers system="1" default="0" reference="147" classloader="0" />
    <remembered-set count="2560" freebytes="324608" totalbytes="334848" percent="96" regionsoverflowed="0" regionsstable="0" regionsrebuilding="0"/>
  </mem-info>
</gc-end>
<cycle-end id="51" type="partial gc" contextid="41" timestamp="2019-06-16T00:36:12.907" />
  <attribute name="elasticGC enabled" value="1" />
  <attribute name= "numThreadsSpecified" value="4" />
  <attribute name="heapSize specified" value="0" />
  <attribute name="Current GC Util" value="132" />
  <attribute name= "Current Time Running" value="2567" />
  <attribute name ="GC Interval" value="0" />
  <attribute name="ProportionalT" value="168.000000" />
  <attribute name="ProportionalI" value="168.000000" />
  <attribute name="ProportionalH" value="168.000000" />
  <attribute name="Current Error" value="112.000000" />
  <attribute name="IntegralT" value="224.000000" />
  <attribute name="IntegralI" value="224.000000" />
  <attribute name="IntegralH" value="224.000000" />
  <attribute name="DerivativeT" value="28.000000" />
  <attribute name="DerivativeI" value="28.000000" />
  <attribute name="DerivativeH" value="28.000000" />
  <attribute name="Loop Time for DT" value="2.000000" />
  <attribute name="Output H" value="8388608"/>
  <attribute name="Output I" value="424"/>
  <attribute name="Output T" value="4"/>
  <attribute name="Target GC Util Change" value ="20.000000" />
  <attribute name="Current GC Util Change" value="132.000000"/>
  <attribute name="GC Util currently" value="132" />
  <attribute name="CPU Util currently" value="2737575014240" />
<exclusive-end id="52" timestamp="2019-06-16T00:36:12.907" durationms="12.206" />

<exclusive-start id="53" timestamp="2019-06-16T00:36:15.828" intervalms="2933.071">
  <response-info timems="0.026" idlems="0.026" threads="0" lastid="0000000001627700" lastname="main" />
</exclusive-start>
<allocation-taxation id="54" taxation-threshold="2097152" timestamp="2019-06-16T00:36:15.828" intervalms="2933.000" />
<gc-start id="55" type="global mark phase" contextid="30" timestamp="2019-06-16T00:36:15.828">
  <mem-info id="56" free="2097152" total="7340032" percent="28">
    <remembered-set count="2080" freebytes="326528" totalbytes="334848" percent="97" regionsoverflowed="0" regionsstable="0" regionsrebuilding="0"/>
  </mem-info>
</gc-start>
<gc-op id="57" type="mark increment" timems="2.170" contextid="30" timestamp="2019-06-16T00:36:15.831">
  <trace-info objectcount="22557" scancount="18247" scanbytes="621632" />
  <cardclean-info objects="906" bytes="39976" />
  <finalization candidates="62" enqueued="0" />
  <ownableSynchronizers candidates="17" cleared="0" />
  <references type="soft" candidates="584" cleared="0" enqueued="0" dynamicThreshold="18" maxThreshold="32" />
  <references type="weak" candidates="1415" cleared="6" enqueued="6" />
  <references type="phantom" candidates="96" cleared="2" enqueued="2" />
  <stringconstants candidates="4893" cleared="0"  />
</gc-op>
<gc-op id="58" type="classunload" timems="0.003" contextid="30" timestamp="2019-06-16T00:36:15.831">
  <classunload-info classloadercandidates="10" classloadersunloaded="0" classesunloaded="0" anonymousclassesunloaded="0" quiescems="0.000" setupms="0.003" scanms="0.000" postms="0.000" />
</gc-op>
<gc-end id="59" type="global mark phase" contextid="30" durationms="2.386" usertimems="4.000" systemtimems="0.000" timestamp="2019-06-16T00:36:15.831" activeThreads="4">
  <mem-info id="60" free="2097152" total="7340032" percent="28">
    <pending-finalizers system="0" default="0" reference="8" classloader="0" />
    <remembered-set count="2080" freebytes="326528" totalbytes="334848" percent="97" regionsoverflowed="0" regionsstable="0" regionsrebuilding="0"/>
  </mem-info>
</gc-end>
<cycle-end id="61" type="global mark phase" contextid="30" timestamp="2019-06-16T00:36:15.831" />
  <attribute name="elasticGC enabled" value="1" />
  <attribute name= "numThreadsSpecified" value="4" />
  <attribute name="heapSize specified" value="0" />
  <attribute name="Current GC Util" value="83" />
  <attribute name= "Current Time Running" value="5496" />
  <attribute name ="GC Interval" value="0" />
  <attribute name="ProportionalT" value="94.500000" />
  <attribute name="ProportionalI" value="94.500000" />
  <attribute name="ProportionalH" value="94.500000" />
  <attribute name="Current Error" value="63.000000" />
  <attribute name="IntegralT" value="63.000000" />
  <attribute name="IntegralI" value="63.000000" />
  <attribute name="IntegralH" value="63.000000" />
  <attribute name="DerivativeT" value="7.000000" />
  <attribute name="DerivativeI" value="7.000000" />
  <attribute name="DerivativeH" value="7.000000" />
  <attribute name="Loop Time for DT" value="1.000000" />
  <attribute name="Output H" value="8388608"/>
  <attribute name="Output I" value="200"/>
  <attribute name="Output T" value="4"/>
  <attribute name="Target GC Util Change" value ="20.000000" />
  <attribute name="Current GC Util Change" value="83.000000"/>
  <attribute name="GC Util currently" value="83" />
  <attribute name="CPU Util currently" value="5544977879316" />
<exclusive-end id="62" timestamp="2019-06-16T00:36:15.831" durationms="2.840" />

<exclusive-start id="63" timestamp="2019-06-16T00:36:15.877" intervalms="48.662">
  <response-info timems="0.092" idlems="0.056" threads="1" lastid="000000000162EF00" lastname="JIT Compilation Thread-1" />
</exclusive-start>
<allocation-taxation id="64" taxation-threshold="2097152" timestamp="2019-06-16T00:36:15.877" intervalms="48.653" />
<cycle-start id="65" type="partial gc" contextid="0" timestamp="2019-06-16T00:36:15.877" intervalms="2981.525" />
<gc-start id="66" type="partial gc" contextid="65" timestamp="2019-06-16T00:36:15.877">
  <mem-info id="67" free="0" total="7340032" percent="0">
    <mem type="eden" free="372952" total="5242880" percent="7" />
    <remembered-set count="2080" freebytes="326528" totalbytes="334848" percent="97" regionsoverflowed="0" regionsstable="0" regionsrebuilding="0"/>
  </mem-info>
</gc-start>
<allocation-stats totalBytes="4164024" >
  <allocated-bytes non-tlh="78416" tlh="4085608" arrayletleaf="0"/>
  <largest-consumer threadName="main" threadId="0000000001627700" bytes="2070320" />
</allocation-stats>
<gc-op id="68" type="sweep" timems="0.356" contextid="65" timestamp="2019-06-16T00:36:15.878" />
<gc-op id="69" type="mark" timems="2.203" contextid="65" timestamp="2019-06-16T00:36:15.880">
  <trace-info objectcount="22592" scancount="18096" scanbytes="604728" />
  <cardclean-info objects="1027" bytes="57940" />
  <remembered-set-cleared processed="0" cleared="0" durationms="0.045" />
  <finalization candidates="43" enqueued="0" />
  <ownableSynchronizers candidates="1" cleared="0" />
  <references type="soft" candidates="562" cleared="0" enqueued="0" dynamicThreshold="9" maxThreshold="32" />
  <references type="weak" candidates="1216" cleared="24" enqueued="24" />
  <references type="phantom" candidates="10" cleared="1" enqueued="1" />
  <stringconstants candidates="5080" cleared="0"  />
  <warning details="Mark invoked due to insufficient free space for Copy-Forward" />
</gc-op>
<gc-op id="70" type="classunload" timems="0.002" contextid="65" timestamp="2019-06-16T00:36:15.880">
  <classunload-info classloadercandidates="10" classloadersunloaded="0" classesunloaded="0" anonymousclassesunloaded="0" quiescems="0.000" setupms="0.002" scanms="0.000" postms="0.000" />
</gc-op>
<gc-op id="71" type="sweep" timems="0.353" contextid="65" timestamp="2019-06-16T00:36:15.881" />
<gc-op id="72" type="compact" timems="3.130" contextid="65" timestamp="2019-06-16T00:36:15.884">
  <compact-info movecount="22552" movebytes="882696" />
  <remembered-set-cleared processed="5693" cleared="5561" durationms="0.061" />
</gc-op>
<heap-resize id="73" type="expand" space="default" amount="1048576" count="1" timems="0.061" reason="insufficient free space following gc" timestamp="2019-06-16T00:36:15.885" />
<gc-end id="74" type="partial gc" contextid="65" durationms="7.791" usertimems="8.000" systemtimems="0.000" timestamp="2019-06-16T00:36:15.885" activeThreads="4">
  <mem-info id="75" free="4194304" total="8388608" percent="50">
    <mem type="eden" free="1212384" total="2097152" percent="57" />
    <pending-finalizers system="0" default="0" reference="25" classloader="0" />
    <remembered-set count="3744" freebytes="319872" totalbytes="334848" percent="95" regionsoverflowed="0" regionsstable="0" regionsrebuilding="0"/>
  </mem-info>
</gc-end>
<cycle-end id="76" type="partial gc" contextid="65" timestamp="2019-06-16T00:36:15.885" />
  <attribute name="elasticGC enabled" value="1" />
  <attribute name= "numThreadsSpecified" value="4" />
  <attribute name="heapSize specified" value="0" />
  <attribute name="Current GC Util" value="26" />
  <attribute name= "Current Time Running" value="5547" />
  <attribute name ="GC Interval" value="0" />
  <attribute name="ProportionalT" value="9.000000" />
  <attribute name="ProportionalI" value="9.000000" />
  <attribute name="ProportionalH" value="9.000000" />
  <attribute name="Current Error" value="6.000000" />
  <attribute name="IntegralT" value="6.000000" />
  <attribute name="IntegralI" value="6.000000" />
  <attribute name="IntegralH" value="6.000000" />
  <attribute name="DerivativeT" value="3.000000" />
  <attribute name="DerivativeI" value="3.000000" />
  <attribute name="DerivativeH" value="3.000000" />
  <attribute name="Loop Time for DT" value="1.000000" />
  <attribute name="Output H" value="8388608"/>
  <attribute name="Output I" value="200"/>
  <attribute name="Output T" value="4"/>
  <attribute name="Target GC Util Change" value ="20.000000" />
  <attribute name="Current GC Util Change" value="26.000000"/>
  <attribute name="GC Util currently" value="26" />
  <attribute name="CPU Util currently" value="8953669599230" />
<exclusive-end id="77" timestamp="2019-06-16T00:36:15.885" durationms="8.316" />

<exclusive-start id="78" timestamp="2019-06-16T00:36:15.947" intervalms="70.586">
  <response-info timems="0.027" idlems="0.027" threads="0" lastid="0000000001627700" lastname="main" />
</exclusive-start>
<allocation-taxation id="79" taxation-threshold="2097152" timestamp="2019-06-16T00:36:15.947" intervalms="70.591" />
<cycle-start id="80" type="global mark phase" contextid="0" timestamp="2019-06-16T00:36:15.947" intervalms="3156.856" />
<gc-start id="81" type="global mark phase" contextid="80" timestamp="2019-06-16T00:36:15.947">
  <mem-info id="82" free="2097152" total="8388608" percent="25">
    <remembered-set count="3360" freebytes="321408" totalbytes="334848" percent="95" regionsoverflowed="0" regionsstable="0" regionsrebuilding="0"/>
  </mem-info>
</gc-start>
<gc-op id="83" type="mark increment" timems="0.526" contextid="80" timestamp="2019-06-16T00:36:15.948">
  <trace-info objectcount="141" scancount="0" scanbytes="0" />
</gc-op>
<gc-end id="84" type="global mark phase" contextid="80" durationms="0.619" usertimems="4.000" systemtimems="0.000" timestamp="2019-06-16T00:36:15.948" activeThreads="4">
  <mem-info id="85" free="2097152" total="8388608" percent="25">
    <remembered-set count="3360" freebytes="321408" totalbytes="334848" percent="95" regionsoverflowed="0" regionsstable="0" regionsrebuilding="0"/>
  </mem-info>
</gc-end>
<concurrent-start id="86" type="GMP work packet processing" contextid="80" timestamp="2019-06-16T00:36:15.948">
  <concurrent-mark-start scanTarget="18446744073709551615" />
</concurrent-start>
<concurrent-end id="87" type="GMP work packet processing" contextid="80" timestamp="2019-06-16T00:36:15.951">
  <concurrent-mark-end bytesScanned="1167344" reasonForTermination="Completed all work in GC phase" />
</concurrent-end>

<exclusive-end id="88" timestamp="2019-06-16T00:36:15.951" durationms="3.719" />

<exclusive-start id="89" timestamp="2019-06-16T00:36:16.013" intervalms="65.332">
  <response-info timems="0.028" idlems="0.028" threads="0" lastid="0000000001627700" lastname="main" />
</exclusive-start>
<allocation-taxation id="90" taxation-threshold="2097152" timestamp="2019-06-16T00:36:16.013" intervalms="65.358" />
<cycle-start id="91" type="partial gc" contextid="0" timestamp="2019-06-16T00:36:16.013" intervalms="135.985" />
<gc-start id="92" type="partial gc" contextid="91" timestamp="2019-06-16T00:36:16.013">
  <mem-info id="93" free="0" total="8388608" percent="0">
    <mem type="eden" free="0" total="4194304" percent="0" />
    <remembered-set count="3360" freebytes="321408" totalbytes="334848" percent="95" regionsoverflowed="0" regionsstable="0" regionsrebuilding="0"/>
  </mem-info>
</gc-start>
<allocation-stats totalBytes="4189776" >
  <allocated-bytes non-tlh="123704" tlh="4066072" arrayletleaf="0"/>
  <largest-consumer threadName="main" threadId="0000000001627700" bytes="2034200" />
</allocation-stats>
<gc-op id="94" type="mark" timems="2.510" contextid="91" timestamp="2019-06-16T00:36:16.016">
  <trace-info objectcount="15676" scancount="13508" scanbytes="490656" />
  <cardclean-info objects="1702" bytes="79008" />
  <remembered-set-cleared processed="2458" cleared="1068" durationms="0.084" />
  <finalization candidates="14" enqueued="0" />
  <ownableSynchronizers candidates="3" cleared="0" />
  <references type="soft" candidates="441" cleared="0" enqueued="0" dynamicThreshold="8" maxThreshold="32" />
  <references type="weak" candidates="2085" cleared="437" enqueued="288" />
  <references type="phantom" candidates="3" cleared="1" enqueued="1" />
  <stringconstants candidates="6049" cleared="0"  />
  <warning details="Mark invoked due to insufficient free space for Copy-Forward" />
</gc-op>
<gc-op id="95" type="classunload" timems="0.002" contextid="91" timestamp="2019-06-16T00:36:16.016">
  <classunload-info classloadercandidates="11" classloadersunloaded="0" classesunloaded="0" anonymousclassesunloaded="0" quiescems="0.000" setupms="0.002" scanms="0.000" postms="0.000" />
</gc-op>
<gc-op id="96" type="sweep" timems="0.481" contextid="91" timestamp="2019-06-16T00:36:16.017" />
<gc-op id="97" type="compact" timems="2.748" contextid="91" timestamp="2019-06-16T00:36:16.020">
  <compact-info movecount="15471" movebytes="703936" />
  <remembered-set-cleared processed="12475" cleared="9648" durationms="0.084" />
</gc-op>
<heap-resize id="98" type="expand" space="default" amount="1048576" count="1" timems="0.065" reason="insufficient free space following gc" timestamp="2019-06-16T00:36:16.020" />
<gc-end id="99" type="partial gc" contextid="91" durationms="7.280" usertimems="8.000" systemtimems="0.000" timestamp="2019-06-16T00:36:16.020" activeThreads="4">
  <mem-info id="100" free="4194304" total="9437184" percent="44">
    <mem type="eden" free="581184" total="1048576" percent="55" />
    <pending-finalizers system="0" default="0" reference="289" classloader="0" />
    <remembered-set count="5152" freebytes="356096" totalbytes="376704" percent="94" regionsoverflowed="0" regionsstable="0" regionsrebuilding="0"/>
  </mem-info>
</gc-end>
<cycle-end id="101" type="partial gc" contextid="91" timestamp="2019-06-16T00:36:16.021" />
  <attribute name="elasticGC enabled" value="1" />
  <attribute name= "numThreadsSpecified" value="4" />
  <attribute name="heapSize specified" value="0" />
  <attribute name="Current GC Util" value="22" />
  <attribute name= "Current Time Running" value="5683" />
  <attribute name ="GC Interval" value="0" />
  <attribute name="ProportionalT" value="3.000000" />
  <attribute name="ProportionalI" value="3.000000" />
  <attribute name="ProportionalH" value="3.000000" />
  <attribute name="Current Error" value="2.000000" />
  <attribute name="IntegralT" value="2.000000" />
  <attribute name="IntegralI" value="2.000000" />
  <attribute name="IntegralH" value="2.000000" />
  <attribute name="DerivativeT" value="-26.500000" />
  <attribute name="DerivativeI" value="-26.500000" />
  <attribute name="DerivativeH" value="-26.500000" />
  <attribute name="Loop Time for DT" value="1.000000" />
  <attribute name="Output H" value="2091843584"/>
  <attribute name="Output I" value="200"/>
  <attribute name="Output T" value="4"/>
  <attribute name="Target GC Util Change" value ="20.000000" />
  <attribute name="Current GC Util Change" value="22.000000"/>
  <attribute name="GC Util currently" value="22" />
  <attribute name="CPU Util currently" value="6388916466234" />
<exclusive-end id="102" timestamp="2019-06-16T00:36:16.021" durationms="8.098" />

<exclusive-start id="103" timestamp="2019-06-16T00:36:16.069" intervalms="56.500">
  <response-info timems="0.033" idlems="0.033" threads="0" lastid="0000000001627700" lastname="main" />
</exclusive-start>
<allocation-taxation id="104" taxation-threshold="2097152" timestamp="2019-06-16T00:36:16.069" intervalms="56.476" />
<gc-start id="105" type="global mark phase" contextid="80" timestamp="2019-06-16T00:36:16.069">
  <mem-info id="106" free="2097152" total="9437184" percent="22">
    <remembered-set count="5120" freebytes="356224" totalbytes="376704" percent="94" regionsoverflowed="0" regionsstable="0" regionsrebuilding="0"/>
  </mem-info>
</gc-start>
<gc-op id="107" type="mark increment" timems="2.470" contextid="80" timestamp="2019-06-16T00:36:16.072">
  <trace-info objectcount="17956" scancount="15502" scanbytes="564384" />
  <cardclean-info objects="2765" bytes="130204" />
  <finalization candidates="80" enqueued="0" />
  <ownableSynchronizers candidates="21" cleared="0" />
  <references type="soft" candidates="968" cleared="0" enqueued="0" dynamicThreshold="14" maxThreshold="32" />
  <references type="weak" candidates="3076" cleared="125" enqueued="89" />
  <references type="phantom" candidates="104" cleared="3" enqueued="3" />
  <stringconstants candidates="6222" cleared="0"  />
</gc-op>
<gc-op id="108" type="classunload" timems="0.004" contextid="80" timestamp="2019-06-16T00:36:16.072">
  <classunload-info classloadercandidates="11" classloadersunloaded="0" classesunloaded="0" anonymousclassesunloaded="0" quiescems="0.000" setupms="0.004" scanms="0.000" postms="0.000" />
</gc-op>
<gc-end id="109" type="global mark phase" contextid="80" durationms="2.755" usertimems="4.000" systemtimems="0.000" timestamp="2019-06-16T00:36:16.072" activeThreads="4">
  <mem-info id="110" free="2097152" total="9437184" percent="22">
    <pending-finalizers system="0" default="0" reference="92" classloader="0" />
    <remembered-set count="5120" freebytes="356224" totalbytes="376704" percent="94" regionsoverflowed="0" regionsstable="0" regionsrebuilding="0"/>
  </mem-info>
</gc-end>
<cycle-end id="111" type="global mark phase" contextid="80" timestamp="2019-06-16T00:36:16.072" />
  <attribute name="elasticGC enabled" value="1" />
  <attribute name= "numThreadsSpecified" value="4" />
  <attribute name="heapSize specified" value="0" />
  <attribute name="Current GC Util" value="82" />
  <attribute name= "Current Time Running" value="5737" />
  <attribute name ="GC Interval" value="0" />
  <attribute name="ProportionalT" value="93.000000" />
  <attribute name="ProportionalI" value="93.000000" />
  <attribute name="ProportionalH" value="93.000000" />
  <attribute name="Current Error" value="62.000000" />
  <attribute name="IntegralT" value="62.000000" />
  <attribute name="IntegralI" value="62.000000" />
  <attribute name="IntegralH" value="62.000000" />
  <attribute name="DerivativeT" value="1.000000" />
  <attribute name="DerivativeI" value="1.000000" />
  <attribute name="DerivativeH" value="1.000000" />
  <attribute name="Loop Time for DT" value="1.000000" />
  <attribute name="Output H" value="8388608"/>
  <attribute name="Output I" value="200"/>
  <attribute name="Output T" value="4"/>
  <attribute name="Target GC Util Change" value ="20.000000" />
  <attribute name="Current GC Util Change" value="82.000000"/>
  <attribute name="GC Util currently" value="82" />
  <attribute name="CPU Util currently" value="5322562086688" />
<exclusive-end id="112" timestamp="2019-06-16T00:36:16.072" durationms="3.104" />

<exclusive-start id="113" timestamp="2019-06-16T00:36:16.101" intervalms="31.710">
  <response-info timems="0.020" idlems="0.020" threads="0" lastid="0000000001627700" lastname="main" />
</exclusive-start>
<allocation-taxation id="114" taxation-threshold="2097152" timestamp="2019-06-16T00:36:16.101" intervalms="31.722" />
<cycle-start id="115" type="partial gc" contextid="0" timestamp="2019-06-16T00:36:16.101" intervalms="88.190" />
<gc-start id="116" type="partial gc" contextid="115" timestamp="2019-06-16T00:36:16.101">
  <mem-info id="117" free="0" total="9437184" percent="0">
    <mem type="eden" free="0" total="4194304" percent="0" />
    <remembered-set count="5120" freebytes="356224" totalbytes="376704" percent="94" regionsoverflowed="0" regionsstable="0" regionsrebuilding="0"/>
  </mem-info>
</gc-start>
<allocation-stats totalBytes="4141640" >
  <allocated-bytes non-tlh="1415048" tlh="2726592" arrayletleaf="0"/>
  <largest-consumer threadName="main" threadId="0000000001627700" bytes="2037864" />
</allocation-stats>
<gc-op id="118" type="sweep" timems="0.467" contextid="115" timestamp="2019-06-16T00:36:16.102" />
<gc-op id="119" type="mark" timems="1.842" contextid="115" timestamp="2019-06-16T00:36:16.104">
  <trace-info objectcount="13417" scancount="11339" scanbytes="420216" />
  <cardclean-info objects="1192" bytes="68432" />
  <remembered-set-cleared processed="4118" cleared="1870" durationms="0.081" />
  <finalization candidates="15" enqueued="0" />
  <ownableSynchronizers candidates="4" cleared="0" />
  <references type="soft" candidates="339" cleared="0" enqueued="0" dynamicThreshold="7" maxThreshold="32" />
  <references type="weak" candidates="1466" cleared="1" enqueued="1" />
  <references type="phantom" candidates="6" cleared="0" enqueued="0" />
  <stringconstants candidates="6433" cleared="0"  />
  <warning details="Mark invoked due to insufficient free space for Copy-Forward" />
</gc-op>
<gc-op id="120" type="classunload" timems="0.003" contextid="115" timestamp="2019-06-16T00:36:16.104">
  <classunload-info classloadercandidates="11" classloadersunloaded="0" classesunloaded="0" anonymousclassesunloaded="0" quiescems="0.000" setupms="0.003" scanms="0.000" postms="0.000" />
</gc-op>
<gc-op id="121" type="sweep" timems="0.510" contextid="115" timestamp="2019-06-16T00:36:16.105" />
<gc-op id="122" type="compact" timems="2.493" contextid="115" timestamp="2019-06-16T00:36:16.108">
  <compact-info movecount="13201" movebytes="1388472" />
  <remembered-set-cleared processed="12712" cleared="8198" durationms="0.096" />
</gc-op>
<heap-resize id="123" type="expand" space="default" amount="2097152" count="1" timems="0.065" reason="insufficient free space following gc" timestamp="2019-06-16T00:36:16.108" />
<gc-end id="124" type="partial gc" contextid="115" durationms="6.939" usertimems="8.000" systemtimems="0.000" timestamp="2019-06-16T00:36:16.108" activeThreads="4">
  <mem-info id="125" free="5242880" total="11534336" percent="45">
    <mem type="eden" free="85992" total="1048576" percent="8" />
    <pending-finalizers system="0" default="0" reference="1" classloader="0" />
    <remembered-set count="6144" freebytes="435840" totalbytes="460416" percent="94" regionsoverflowed="0" regionsstable="0" regionsrebuilding="0"/>
  </mem-info>
</gc-end>
<cycle-end id="126" type="partial gc" contextid="115" timestamp="2019-06-16T00:36:16.108" />
  <attribute name="elasticGC enabled" value="1" />
  <attribute name= "numThreadsSpecified" value="4" />
  <attribute name="heapSize specified" value="0" />
  <attribute name="Current GC Util" value="24" />
  <attribute name= "Current Time Running" value="5771" />
  <attribute name ="GC Interval" value="0" />
  <attribute name="ProportionalT" value="6.000000" />
  <attribute name="ProportionalI" value="6.000000" />
  <attribute name="ProportionalH" value="6.000000" />
  <attribute name="Current Error" value="4.000000" />
  <attribute name="IntegralT" value="4.000000" />
  <attribute name="IntegralI" value="4.000000" />
  <attribute name="IntegralH" value="4.000000" />
  <attribute name="DerivativeT" value="2.000000" />
  <attribute name="DerivativeI" value="2.000000" />
  <attribute name="DerivativeH" value="2.000000" />
  <attribute name="Loop Time for DT" value="1.000000" />
  <attribute name="Output H" value="8388608"/>
  <attribute name="Output I" value="200"/>
  <attribute name="Output T" value="4"/>
  <attribute name="Target GC Util Change" value ="20.000000" />
  <attribute name="Current GC Util Change" value="24.000000"/>
  <attribute name="GC Util currently" value="24" />
  <attribute name="CPU Util currently" value="6047795547616" />
<exclusive-end id="127" timestamp="2019-06-16T00:36:16.108" durationms="7.627" />

<exclusive-start id="128" timestamp="2019-06-16T00:36:16.181" intervalms="79.822">
  <response-info timems="0.025" idlems="0.025" threads="0" lastid="0000000001627700" lastname="main" />
</exclusive-start>
<allocation-taxation id="129" taxation-threshold="2097152" timestamp="2019-06-16T00:36:16.181" intervalms="79.808" />
<cycle-start id="130" type="global mark phase" contextid="0" timestamp="2019-06-16T00:36:16.181" intervalms="233.364" />
<gc-start id="131" type="global mark phase" contextid="130" timestamp="2019-06-16T00:36:16.181">
  <mem-info id="132" free="3145728" total="11534336" percent="27">
    <remembered-set count="5984" freebytes="436480" totalbytes="460416" percent="94" regionsoverflowed="0" regionsstable="0" regionsrebuilding="0"/>
  </mem-info>
</gc-start>
<gc-op id="133" type="mark increment" timems="0.530" contextid="130" timestamp="2019-06-16T00:36:16.181">
  <trace-info objectcount="233" scancount="0" scanbytes="0" />
</gc-op>
<gc-end id="134" type="global mark phase" contextid="130" durationms="0.628" usertimems="0.000" systemtimems="0.000" timestamp="2019-06-16T00:36:16.181" activeThreads="1">
  <mem-info id="135" free="3145728" total="11534336" percent="27">
    <remembered-set count="5984" freebytes="436480" totalbytes="460416" percent="94" regionsoverflowed="0" regionsstable="0" regionsrebuilding="0"/>
  </mem-info>
</gc-end>
<concurrent-start id="136" type="GMP work packet processing" contextid="130" timestamp="2019-06-16T00:36:16.182">
  <concurrent-mark-start scanTarget="18446744073709551615" />
</concurrent-start>
<exclusive-end id="137" timestamp="2019-06-16T00:36:16.184" durationms="3.037" />

<concurrent-end id="138" type="GMP work packet processing" contextid="130" timestamp="2019-06-16T00:36:16.186">
  <concurrent-mark-end bytesScanned="1721952" reasonForTermination="Completed all work in GC phase" />
</concurrent-end>

<exclusive-start id="139" timestamp="2019-06-16T00:36:16.279" intervalms="98.288">
  <response-info timems="0.053" idlems="0.053" threads="0" lastid="0000000001627700" lastname="main" />
</exclusive-start>
<allocation-taxation id="140" taxation-threshold="2097152" timestamp="2019-06-16T00:36:16.279" intervalms="98.356" />
<cycle-start id="141" type="partial gc" contextid="0" timestamp="2019-06-16T00:36:16.279" intervalms="178.247" />
<gc-start id="142" type="partial gc" contextid="141" timestamp="2019-06-16T00:36:16.280">
  <mem-info id="143" free="1048576" total="11534336" percent="9">
    <mem type="eden" free="8" total="4194304" percent="0" />
    <remembered-set count="5984" freebytes="436480" totalbytes="460416" percent="94" regionsoverflowed="0" regionsstable="0" regionsrebuilding="0"/>
  </mem-info>
</gc-start>
<allocation-stats totalBytes="4176528" >
  <allocated-bytes non-tlh="68208" tlh="4108320" arrayletleaf="0"/>
  <largest-consumer threadName="main" threadId="0000000001627700" bytes="2079784" />
</allocation-stats>
<gc-op id="144" type="copy forward" timems="4.264" contextid="141" timestamp="2019-06-16T00:36:16.285">
  <memory-copied type="eden" objects="8266" bytes="369096" bytesdiscarded="0" />
  <memory-copied type="other" objects="3305" bytes="943568" bytesdiscarded="0" />
  <memory-cardclean objects="812" bytes="52256" />
  <regions eden="4" other="1" />
  <remembered-set-cleared processed="4620" cleared="665" durationms="0.087" />
  <finalization candidates="4" enqueued="0" />
  <ownableSynchronizers candidates="1" cleared="0" />
  <references type="soft" candidates="160" cleared="0" enqueued="0" dynamicThreshold="8" maxThreshold="32" />
  <references type="weak" candidates="482" cleared="0" enqueued="0" />
  <references type="phantom" candidates="5" cleared="0" enqueued="0" />
  <stringconstants candidates="7067" cleared="0"  />
  <heap-resize type="expand" space="default" amount="1048576" count="1" timems="0.061" reason="continue current collection" />
</gc-op>
<gc-op id="145" type="classunload" timems="0.003" contextid="141" timestamp="2019-06-16T00:36:16.285">
  <classunload-info classloadercandidates="11" classloadersunloaded="0" classesunloaded="0" anonymousclassesunloaded="0" quiescems="0.000" setupms="0.003" scanms="0.000" postms="0.000" />
</gc-op>
<gc-op id="146" type="compact" timems="1.303" contextid="141" timestamp="2019-06-16T00:36:16.286">
  <compact-info movecount="0" movebytes="0" />
  <remembered-set-cleared processed="10298" cleared="665" durationms="0.087" />
</gc-op>
<gc-end id="147" type="partial gc" contextid="141" durationms="6.901" usertimems="8.000" systemtimems="0.000" timestamp="2019-06-16T00:36:16.286" activeThreads="4">
  <mem-info id="148" free="5242880" total="12582912" percent="41">
    <mem type="eden" free="679184" total="1048576" percent="64" />
    <remembered-set count="6528" freebytes="476160" totalbytes="502272" percent="94" regionsoverflowed="0" regionsstable="0" regionsrebuilding="0"/>
  </mem-info>
</gc-end>
<cycle-end id="149" type="partial gc" contextid="141" timestamp="2019-06-16T00:36:16.287" />
  <attribute name="elasticGC enabled" value="1" />
  <attribute name= "numThreadsSpecified" value="4" />
  <attribute name="heapSize specified" value="0" />
  <attribute name="Current GC Util" value="0" />
  <attribute name= "Current Time Running" value="5951" />
  <attribute name ="GC Interval" value="0" />
  <attribute name="ProportionalT" value="-30.000000" />
  <attribute name="ProportionalI" value="-30.000000" />
  <attribute name="ProportionalH" value="-30.000000" />
  <attribute name="Current Error" value="-20.000000" />
  <attribute name="IntegralT" value="-100.000000" />
  <attribute name="IntegralI" value="-100.000000" />
  <attribute name="IntegralH" value="-100.000000" />
  <attribute name="DerivativeT" value="-2.700000" />
  <attribute name="DerivativeI" value="-2.700000" />
  <attribute name="DerivativeH" value="-2.700000" />
  <attribute name="Loop Time for DT" value="5.000000" />
  <attribute name="Output H" value="2091843584"/>
  <attribute name="Output I" value="200"/>
  <attribute name="Output T" value="4"/>
  <attribute name="Target GC Util Change" value ="20.000000" />
  <attribute name="Current GC Util Change" value="0.000000"/>
  <attribute name="GC Util currently" value="0" />
  <attribute name="CPU Util currently" value="1035283298325" />
<exclusive-end id="150" timestamp="2019-06-16T00:36:16.287" durationms="7.936" />

<exclusive-start id="151" timestamp="2019-06-16T00:36:16.382" intervalms="103.462">
  <response-info timems="0.063" idlems="0.063" threads="0" lastid="0000000001627700" lastname="main" />
</exclusive-start>
<allocation-taxation id="152" taxation-threshold="2097152" timestamp="2019-06-16T00:36:16.383" intervalms="103.450" />
<gc-start id="153" type="global mark phase" contextid="130" timestamp="2019-06-16T00:36:16.383">
  <mem-info id="154" free="3145728" total="12582912" percent="25">
    <remembered-set count="6528" freebytes="476160" totalbytes="502272" percent="94" regionsoverflowed="0" regionsstable="0" regionsrebuilding="0"/>
  </mem-info>
</gc-start>
<gc-op id="155" type="mark increment" timems="2.008" contextid="130" timestamp="2019-06-16T00:36:16.385">
  <trace-info objectcount="3752" scancount="3250" scanbytes="123316" />
  <cardclean-info objects="2635" bytes="131336" />
  <finalization candidates="80" enqueued="0" />
  <ownableSynchronizers candidates="21" cleared="0" />
  <references type="soft" candidates="1022" cleared="0" enqueued="0" dynamicThreshold="13" maxThreshold="32" />
  <references type="weak" candidates="3529" cleared="2" enqueued="2" />
  <references type="phantom" candidates="101" cleared="0" enqueued="0" />
  <stringconstants candidates="7230" cleared="0"  />
</gc-op>
<gc-op id="156" type="classunload" timems="0.004" contextid="130" timestamp="2019-06-16T00:36:16.385">
  <classunload-info classloadercandidates="11" classloadersunloaded="0" classesunloaded="0" anonymousclassesunloaded="0" quiescems="0.000" setupms="0.004" scanms="0.000" postms="0.000" />
</gc-op>
<gc-end id="157" type="global mark phase" contextid="130" durationms="2.530" usertimems="4.000" systemtimems="0.000" timestamp="2019-06-16T00:36:16.385" activeThreads="4">
  <mem-info id="158" free="3145728" total="12582912" percent="25">
    <pending-finalizers system="0" default="0" reference="2" classloader="0" />
    <remembered-set count="6528" freebytes="476160" totalbytes="502272" percent="94" regionsoverflowed="0" regionsstable="0" regionsrebuilding="0"/>
  </mem-info>
</gc-end>
<cycle-end id="159" type="global mark phase" contextid="130" timestamp="2019-06-16T00:36:16.385" />
  <attribute name="elasticGC enabled" value="1" />
  <attribute name= "numThreadsSpecified" value="4" />
  <attribute name="heapSize specified" value="0" />
  <attribute name="Current GC Util" value="0" />
  <attribute name= "Current Time Running" value="6050" />
  <attribute name ="GC Interval" value="0" />
  <attribute name="ProportionalT" value="-30.000000" />
  <attribute name="ProportionalI" value="-30.000000" />
  <attribute name="ProportionalH" value="-30.000000" />
  <attribute name="Current Error" value="-20.000000" />
  <attribute name="IntegralT" value="-20.000000" />
  <attribute name="IntegralI" value="-20.000000" />
  <attribute name="IntegralH" value="-20.000000" />
  <attribute name="DerivativeT" value="-41.000000" />
  <attribute name="DerivativeI" value="-41.000000" />
  <attribute name="DerivativeH" value="-41.000000" />
  <attribute name="Loop Time for DT" value="1.000000" />
  <attribute name="Output H" value="2091843584"/>
  <attribute name="Output I" value="200"/>
  <attribute name="Output T" value="4"/>
  <attribute name="Target GC Util Change" value ="20.000000" />
  <attribute name="Current GC Util Change" value="0.000000"/>
  <attribute name="GC Util currently" value="0" />
  <attribute name="CPU Util currently" value="13038447992522" />
<exclusive-end id="160" timestamp="2019-06-16T00:36:16.385" durationms="3.076" />

<exclusive-start id="161" timestamp="2019-06-16T00:36:16.473" intervalms="90.559">
  <response-info timems="0.072" idlems="0.072" threads="0" lastid="0000000001627700" lastname="main" />
</exclusive-start>
<allocation-taxation id="162" taxation-threshold="2097152" timestamp="2019-06-16T00:36:16.473" intervalms="90.601" />
<cycle-start id="163" type="partial gc" contextid="0" timestamp="2019-06-16T00:36:16.473" intervalms="194.093" />
<gc-start id="164" type="partial gc" contextid="163" timestamp="2019-06-16T00:36:16.474">
  <mem-info id="165" free="1048576" total="12582912" percent="8">
    <mem type="eden" free="24" total="4194304" percent="0" />
    <remembered-set count="6528" freebytes="476160" totalbytes="502272" percent="94" regionsoverflowed="0" regionsstable="0" regionsrebuilding="0"/>
  </mem-info>
</gc-start>
<allocation-stats totalBytes="4185368" >
  <allocated-bytes non-tlh="52664" tlh="4132704" arrayletleaf="0"/>
  <largest-consumer threadName="main" threadId="0000000001627700" bytes="2095136" />
</allocation-stats>
<gc-op id="166" type="sweep" timems="0.577" contextid="163" timestamp="2019-06-16T00:36:16.475" />
<gc-op id="167" type="copy forward" timems="2.794" contextid="163" timestamp="2019-06-16T00:36:16.478">
  <memory-copied type="eden" objects="1105" bytes="43840" bytesdiscarded="0" />
  <memory-copied type="other" objects="10200" bytes="447136" bytesdiscarded="0" />
  <memory-cardclean objects="559" bytes="25112" />
  <memory-traced type="eden" objects="1013" bytes="37824" />
  <memory-traced type="other" objects="0" bytes="0" />
  <regions eden="2" other="3" evacuated="4" marked="1" />
  <remembered-set-cleared processed="5658" cleared="1103" durationms="0.106" />
  <references type="soft" candidates="54" cleared="0" enqueued="0" dynamicThreshold="8" maxThreshold="32" />
  <references type="weak" candidates="796" cleared="0" enqueued="0" />
  <stringconstants candidates="7374" cleared="0"  />
  <heap-resize type="expand" space="default" amount="1048576" count="1" timems="0.077" reason="continue current collection" />
</gc-op>
<gc-op id="168" type="classunload" timems="0.003" contextid="163" timestamp="2019-06-16T00:36:16.478">
  <classunload-info classloadercandidates="11" classloadersunloaded="0" classesunloaded="0" anonymousclassesunloaded="0" quiescems="0.000" setupms="0.002" scanms="0.000" postms="0.000" />
</gc-op>
<gc-op id="169" type="compact" timems="1.516" contextid="163" timestamp="2019-06-16T00:36:16.480">
  <compact-info movecount="1305" movebytes="53864" />
  <remembered-set-cleared processed="12843" cleared="1922" durationms="0.106" />
</gc-op>
<heap-resize id="170" type="expand" space="default" amount="2097152" count="1" timems="0.072" reason="insufficient free space following gc" timestamp="2019-06-16T00:36:16.480" />
<gc-end id="171" type="partial gc" contextid="163" durationms="6.689" usertimems="4.000" systemtimems="0.000" timestamp="2019-06-16T00:36:16.480" activeThreads="4">
  <mem-info id="172" free="6291456" total="15728640" percent="40">
    <mem type="eden" free="1914760" total="2097152" percent="91" />
    <remembered-set count="8384" freebytes="594304" totalbytes="627840" percent="94" regionsoverflowed="0" regionsstable="0" regionsrebuilding="0"/>
  </mem-info>
</gc-end>
<cycle-end id="173" type="partial gc" contextid="163" timestamp="2019-06-16T00:36:16.481" />
  <attribute name="elasticGC enabled" value="1" />
  <attribute name= "numThreadsSpecified" value="4" />
  <attribute name="heapSize specified" value="0" />
  <attribute name="Current GC Util" value="0" />
  <attribute name= "Current Time Running" value="6144" />
  <attribute name ="GC Interval" value="0" />
  <attribute name="ProportionalT" value="-30.000000" />
  <attribute name="ProportionalI" value="-30.000000" />
  <attribute name="ProportionalH" value="-30.000000" />
  <attribute name="Current Error" value="-20.000000" />
  <attribute name="IntegralT" value="-60.000000" />
  <attribute name="IntegralI" value="-60.000000" />
  <attribute name="IntegralH" value="-60.000000" />
  <attribute name="DerivativeT" value="-7.166667" />
  <attribute name="DerivativeI" value="-7.166667" />
  <attribute name="DerivativeH" value="-7.166667" />
  <attribute name="Loop Time for DT" value="3.000000" />
  <attribute name="Output H" value="2091843584"/>
  <attribute name="Output I" value="200"/>
  <attribute name="Output T" value="4"/>
  <attribute name="Target GC Util Change" value ="20.000000" />
  <attribute name="Current GC Util Change" value="0.000000"/>
  <attribute name="GC Util currently" value="0" />
  <attribute name="CPU Util currently" value="1485505834820" />
<exclusive-end id="174" timestamp="2019-06-16T00:36:16.481" durationms="7.881" />

<exclusive-start id="175" timestamp="2019-06-16T00:36:16.598" intervalms="125.340">
  <response-info timems="0.028" idlems="0.028" threads="0" lastid="0000000001627700" lastname="main" />
</exclusive-start>
<allocation-taxation id="176" taxation-threshold="6291456" timestamp="2019-06-16T00:36:16.598" intervalms="125.249" />
<cycle-start id="177" type="partial gc" contextid="0" timestamp="2019-06-16T00:36:16.598" intervalms="125.113" />
<gc-start id="178" type="partial gc" contextid="177" timestamp="2019-06-16T00:36:16.599">
  <mem-info id="179" free="0" total="15728640" percent="0">
    <mem type="eden" free="994504" total="7340032" percent="13" />
    <remembered-set count="8128" freebytes="595328" totalbytes="627840" percent="94" regionsoverflowed="0" regionsstable="0" regionsrebuilding="0"/>
  </mem-info>
</gc-start>
<allocation-stats totalBytes="6273184" >
  <allocated-bytes non-tlh="58816" tlh="6214368" arrayletleaf="0"/>
  <largest-consumer threadName="main" threadId="0000000001627700" bytes="6273184" />
</allocation-stats>
<gc-op id="180" type="mark" timems="2.256" contextid="177" timestamp="2019-06-16T00:36:16.601">
  <trace-info objectcount="12314" scancount="10757" scanbytes="401712" />
  <cardclean-info objects="3169" bytes="155680" />
  <remembered-set-cleared processed="6691" cleared="1483" durationms="0.127" />
  <references type="soft" candidates="2" cleared="0" enqueued="0" dynamicThreshold="12" maxThreshold="32" />
  <references type="weak" candidates="670" cleared="2" enqueued="2" />
  <stringconstants candidates="7591" cleared="0"  />
  <warning details="Mark invoked due to insufficient free space for Copy-Forward" />
</gc-op>
<gc-op id="181" type="classunload" timems="0.003" contextid="177" timestamp="2019-06-16T00:36:16.601">
  <classunload-info classloadercandidates="11" classloadersunloaded="0" classesunloaded="0" anonymousclassesunloaded="0" quiescems="0.000" setupms="0.003" scanms="0.000" postms="0.000" />
</gc-op>
<gc-op id="182" type="sweep" timems="1.106" contextid="177" timestamp="2019-06-16T00:36:16.603" />
<gc-op id="183" type="compact" timems="4.724" contextid="177" timestamp="2019-06-16T00:36:16.608">
  <compact-info movecount="11868" movebytes="467896" />
  <remembered-set-cleared processed="17386" cleared="6954" durationms="0.127" />
</gc-op>
<gc-end id="184" type="partial gc" contextid="177" durationms="9.246" usertimems="0.000" systemtimems="12.000" timestamp="2019-06-16T00:36:16.608" activeThreads="4">
  <mem-info id="185" free="6291456" total="15728640" percent="40">
    <mem type="eden" free="1610432" total="2097152" percent="76" />
    <pending-finalizers system="0" default="0" reference="2" classloader="0" />
    <remembered-set count="9184" freebytes="591104" totalbytes="627840" percent="94" regionsoverflowed="0" regionsstable="0" regionsrebuilding="0"/>
  </mem-info>
</gc-end>
<cycle-end id="186" type="partial gc" contextid="177" timestamp="2019-06-16T00:36:16.608" />
  <attribute name="elasticGC enabled" value="1" />
  <attribute name= "numThreadsSpecified" value="4" />
  <attribute name="heapSize specified" value="0" />
  <attribute name="Current GC Util" value="131" />
  <attribute name= "Current Time Running" value="6269" />
  <attribute name ="GC Interval" value="0" />
  <attribute name="ProportionalT" value="166.500000" />
  <attribute name="ProportionalI" value="166.500000" />
  <attribute name="ProportionalH" value="166.500000" />
  <attribute name="Current Error" value="111.000000" />
  <attribute name="IntegralT" value="111.000000" />
  <attribute name="IntegralI" value="111.000000" />
  <attribute name="IntegralH" value="111.000000" />
  <attribute name="DerivativeT" value="55.500000" />
  <attribute name="DerivativeI" value="55.500000" />
  <attribute name="DerivativeH" value="55.500000" />
  <attribute name="Loop Time for DT" value="1.000000" />
  <attribute name="Output H" value="8388608"/>
  <attribute name="Output I" value="336"/>
  <attribute name="Output T" value="4"/>
  <attribute name="Target GC Util Change" value ="20.000000" />
  <attribute name="Current GC Util Change" value="131.000000"/>
  <attribute name="GC Util currently" value="131" />
  <attribute name="CPU Util currently" value="3493159029264" />
<exclusive-end id="187" timestamp="2019-06-16T00:36:16.608" durationms="10.001" />

<exclusive-start id="188" timestamp="2019-06-16T00:36:16.701" intervalms="102.798">
  <response-info timems="0.022" idlems="0.022" threads="0" lastid="0000000001627700" lastname="main" />
</exclusive-start>
<allocation-taxation id="189" taxation-threshold="6291456" timestamp="2019-06-16T00:36:16.701" intervalms="102.861" />
<cycle-start id="190" type="partial gc" contextid="0" timestamp="2019-06-16T00:36:16.701" intervalms="102.961" />
<gc-start id="191" type="partial gc" contextid="190" timestamp="2019-06-16T00:36:16.702">
  <mem-info id="192" free="0" total="15728640" percent="0">
    <mem type="eden" free="0" total="6291456" percent="0" />
    <remembered-set count="9152" freebytes="591232" totalbytes="627840" percent="94" regionsoverflowed="0" regionsstable="0" regionsrebuilding="0"/>
  </mem-info>
</gc-start>
<allocation-stats totalBytes="6289912" >
  <allocated-bytes non-tlh="407056" tlh="5882856" arrayletleaf="0"/>
  <largest-consumer threadName="main" threadId="0000000001627700" bytes="6289912" />
</allocation-stats>
<gc-op id="193" type="mark" timems="4.372" contextid="190" timestamp="2019-06-16T00:36:16.707">
  <trace-info objectcount="16475" scancount="14641" scanbytes="625256" />
  <cardclean-info objects="2518" bytes="133124" />
  <remembered-set-cleared processed="8119" cleared="1821" durationms="0.248" />
  <references type="soft" candidates="73" cleared="0" enqueued="0" dynamicThreshold="12" maxThreshold="32" />
  <references type="weak" candidates="265" cleared="3" enqueued="3" />
  <references type="phantom" candidates="1" cleared="0" enqueued="0" />
  <stringconstants candidates="7820" cleared="0"  />
  <warning details="Mark invoked due to insufficient free space for Copy-Forward" />
</gc-op>
<gc-op id="194" type="classunload" timems="0.003" contextid="190" timestamp="2019-06-16T00:36:16.707">
  <classunload-info classloadercandidates="12" classloadersunloaded="0" classesunloaded="0" anonymousclassesunloaded="0" quiescems="0.000" setupms="0.002" scanms="0.000" postms="0.000" />
</gc-op>
<gc-op id="195" type="sweep" timems="1.088" contextid="190" timestamp="2019-06-16T00:36:16.708" />
<gc-op id="196" type="compact" timems="4.822" contextid="190" timestamp="2019-06-16T00:36:16.714">
  <compact-info movecount="11709" movebytes="870048" />
  <remembered-set-cleared processed="19418" cleared="6792" durationms="0.248" />
</gc-op>
<heap-resize id="197" type="expand" space="default" amount="1048576" count="1" timems="0.056" reason="insufficient free space following gc" timestamp="2019-06-16T00:36:16.714" />
<gc-end id="198" type="partial gc" contextid="190" durationms="12.184" usertimems="20.000" systemtimems="0.000" timestamp="2019-06-16T00:36:16.714" activeThreads="4">
  <mem-info id="199" free="6291456" total="16777216" percent="37">
    <mem type="eden" free="289152" total="1048576" percent="27" />
    <pending-finalizers system="0" default="0" reference="3" classloader="0" />
    <remembered-set count="10400" freebytes="628096" totalbytes="669696" percent="93" regionsoverflowed="0" regionsstable="0" regionsrebuilding="0"/>
  </mem-info>
</gc-end>
<cycle-end id="200" type="partial gc" contextid="190" timestamp="2019-06-16T00:36:16.714" />
  <attribute name="elasticGC enabled" value="1" />
  <attribute name= "numThreadsSpecified" value="4" />
  <attribute name="heapSize specified" value="0" />
  <attribute name="Current GC Util" value="97" />
  <attribute name= "Current Time Running" value="6375" />
  <attribute name ="GC Interval" value="0" />
  <attribute name="ProportionalT" value="115.500000" />
  <attribute name="ProportionalI" value="115.500000" />
  <attribute name="ProportionalH" value="115.500000" />
  <attribute name="Current Error" value="77.000000" />
  <attribute name="IntegralT" value="154.000000" />
  <attribute name="IntegralI" value="154.000000" />
  <attribute name="IntegralH" value="154.000000" />
  <attribute name="DerivativeT" value="-8.250000" />
  <attribute name="DerivativeI" value="-8.250000" />
  <attribute name="DerivativeH" value="-8.250000" />
  <attribute name="Loop Time for DT" value="2.000000" />
  <attribute name="Output H" value="8388608"/>
  <attribute name="Output I" value="264"/>
  <attribute name="Output T" value="4"/>
  <attribute name="Target GC Util Change" value ="20.000000" />
  <attribute name="Current GC Util Change" value="97.000000"/>
  <attribute name="GC Util currently" value="97" />
  <attribute name="CPU Util currently" value="3545320861678" />
<exclusive-end id="201" timestamp="2019-06-16T00:36:16.714" durationms="13.145" />

<exclusive-start id="202" timestamp="2019-06-16T00:36:16.766" intervalms="64.940">
  <response-info timems="0.063" idlems="0.063" threads="0" lastid="0000000001627700" lastname="main" />
</exclusive-start>
<allocation-taxation id="203" taxation-threshold="6291456" timestamp="2019-06-16T00:36:16.766" intervalms="64.945" />
<cycle-start id="204" type="partial gc" contextid="0" timestamp="2019-06-16T00:36:16.766" intervalms="64.896" />
<gc-start id="205" type="partial gc" contextid="204" timestamp="2019-06-16T00:36:16.767">
  <mem-info id="206" free="0" total="16777216" percent="0">
    <mem type="eden" free="0" total="6291456" percent="0" />
    <remembered-set count="10304" freebytes="628480" totalbytes="669696" percent="93" regionsoverflowed="0" regionsstable="0" regionsrebuilding="0"/>
  </mem-info>
</gc-start>
<allocation-stats totalBytes="6290136" >
  <allocated-bytes non-tlh="6640" tlh="6283496" arrayletleaf="0"/>
  <largest-consumer threadName="main" threadId="0000000001627700" bytes="6290136" />
</allocation-stats>
<gc-op id="207" type="mark" timems="2.078" contextid="204" timestamp="2019-06-16T00:36:16.769">
  <trace-info objectcount="17532" scancount="15726" scanbytes="667464" />
  <cardclean-info objects="790" bytes="52232" />
  <remembered-set-cleared processed="9027" cleared="1117" durationms="0.132" />
  <references type="soft" candidates="71" cleared="0" enqueued="0" dynamicThreshold="12" maxThreshold="32" />
  <references type="weak" candidates="114" cleared="0" enqueued="0" />
  <references type="phantom" candidates="1" cleared="0" enqueued="0" />
  <stringconstants candidates="7856" cleared="0"  />
  <warning details="Mark invoked due to insufficient free space for Copy-Forward" />
</gc-op>
<gc-op id="208" type="classunload" timems="0.002" contextid="204" timestamp="2019-06-16T00:36:16.769">
  <classunload-info classloadercandidates="12" classloadersunloaded="0" classesunloaded="0" anonymousclassesunloaded="0" quiescems="0.000" setupms="0.002" scanms="0.000" postms="0.000" />
</gc-op>
<gc-op id="209" type="sweep" timems="0.475" contextid="204" timestamp="2019-06-16T00:36:16.770" />
<gc-op id="210" type="compact" timems="4.393" contextid="204" timestamp="2019-06-16T00:36:16.775">
  <compact-info movecount="16112" movebytes="832280" />
  <remembered-set-cleared processed="21083" cleared="5248" durationms="0.132" />
</gc-op>
<heap-resize id="211" type="expand" space="default" amount="2097152" count="1" timems="0.073" reason="insufficient free space following gc" timestamp="2019-06-16T00:36:16.775" />
<gc-end id="212" type="partial gc" contextid="204" durationms="8.376" usertimems="8.000" systemtimems="0.000" timestamp="2019-06-16T00:36:16.775" activeThreads="4">
  <mem-info id="213" free="7340032" total="18874368" percent="38">
    <mem type="eden" free="686888" total="1048576" percent="65" />
    <remembered-set count="12512" freebytes="703360" totalbytes="753408" percent="93" regionsoverflowed="0" regionsstable="0" regionsrebuilding="0"/>
  </mem-info>
</gc-end>
<cycle-end id="214" type="partial gc" contextid="204" timestamp="2019-06-16T00:36:16.775" />
  <attribute name="elasticGC enabled" value="1" />
  <attribute name= "numThreadsSpecified" value="4" />
  <attribute name="heapSize specified" value="0" />
  <attribute name="Current GC Util" value="27" />
  <attribute name= "Current Time Running" value="6436" />
  <attribute name ="GC Interval" value="0" />
  <attribute name="ProportionalT" value="10.500000" />
  <attribute name="ProportionalI" value="10.500000" />
  <attribute name="ProportionalH" value="10.500000" />
  <attribute name="Current Error" value="7.000000" />
  <attribute name="IntegralT" value="7.000000" />
  <attribute name="IntegralI" value="7.000000" />
  <attribute name="IntegralH" value="7.000000" />
  <attribute name="DerivativeT" value="3.500000" />
  <attribute name="DerivativeI" value="3.500000" />
  <attribute name="DerivativeH" value="3.500000" />
  <attribute name="Loop Time for DT" value="1.000000" />
  <attribute name="Output H" value="8388608"/>
  <attribute name="Output I" value="200"/>
  <attribute name="Output T" value="4"/>
  <attribute name="Target GC Util Change" value ="20.000000" />
  <attribute name="Current GC Util Change" value="27.000000"/>
  <attribute name="GC Util currently" value="27" />
  <attribute name="CPU Util currently" value="6439058671117" />
<exclusive-end id="215" timestamp="2019-06-16T00:36:16.775" durationms="9.425" />

<exclusive-start id="216" timestamp="2019-06-16T00:36:16.874" intervalms="108.196">
  <response-info timems="0.025" idlems="0.025" threads="0" lastid="0000000001627700" lastname="main" />
</exclusive-start>
<allocation-taxation id="217" taxation-threshold="7340032" timestamp="2019-06-16T00:36:16.874" intervalms="108.185" />
<cycle-start id="218" type="partial gc" contextid="0" timestamp="2019-06-16T00:36:16.874" intervalms="108.140" />
<gc-start id="219" type="partial gc" contextid="218" timestamp="2019-06-16T00:36:16.875">
  <mem-info id="220" free="0" total="18874368" percent="0">
    <mem type="eden" free="0" total="7340032" percent="0" />
    <remembered-set count="12128" freebytes="704896" totalbytes="753408" percent="93" regionsoverflowed="0" regionsstable="0" regionsrebuilding="0"/>
  </mem-info>
</gc-start>
<allocation-stats totalBytes="7339040" >
  <allocated-bytes non-tlh="322576" tlh="7016464" arrayletleaf="0"/>
  <largest-consumer threadName="main" threadId="0000000001627700" bytes="7339040" />
</allocation-stats>
<gc-op id="221" type="mark" timems="2.467" contextid="218" timestamp="2019-06-16T00:36:16.878">
  <trace-info objectcount="22320" scancount="20094" scanbytes="797172" />
  <cardclean-info objects="2649" bytes="156028" />
  <remembered-set-cleared processed="10815" cleared="2071" durationms="0.144" />
  <references type="soft" candidates="224" cleared="0" enqueued="0" dynamicThreshold="12" maxThreshold="32" />
  <references type="weak" candidates="454" cleared="8" enqueued="7" />
  <references type="phantom" candidates="1" cleared="0" enqueued="0" />
  <stringconstants candidates="8296" cleared="0"  />
  <warning details="Mark invoked due to insufficient free space for Copy-Forward" />
</gc-op>
<gc-op id="222" type="classunload" timems="0.003" contextid="218" timestamp="2019-06-16T00:36:16.878">
  <classunload-info classloadercandidates="14" classloadersunloaded="0" classesunloaded="0" anonymousclassesunloaded="0" quiescems="0.000" setupms="0.002" scanms="0.000" postms="0.000" />
</gc-op>
<gc-op id="223" type="sweep" timems="0.485" contextid="218" timestamp="2019-06-16T00:36:16.878" />
<gc-op id="224" type="compact" timems="2.852" contextid="218" timestamp="2019-06-16T00:36:16.881">
  <compact-info movecount="17810" movebytes="1031368" />
  <remembered-set-cleared processed="26644" cleared="9136" durationms="0.144" />
</gc-op>
<heap-resize id="225" type="expand" space="default" amount="1048576" count="1" timems="0.068" reason="insufficient free space following gc" timestamp="2019-06-16T00:36:16.882" />
<gc-end id="226" type="partial gc" contextid="218" durationms="7.330" usertimems="8.000" systemtimems="0.000" timestamp="2019-06-16T00:36:16.882" activeThreads="4">
  <mem-info id="227" free="7340032" total="19922944" percent="36">
    <mem type="eden" free="138240" total="1048576" percent="13" />
    <pending-finalizers system="0" default="0" reference="7" classloader="0" />
    <remembered-set count="14432" freebytes="737536" totalbytes="795264" percent="92" regionsoverflowed="0" regionsstable="0" regionsrebuilding="0"/>
  </mem-info>
</gc-end>
<cycle-end id="228" type="partial gc" contextid="218" timestamp="2019-06-16T00:36:16.882" />
  <attribute name="elasticGC enabled" value="1" />
  <attribute name= "numThreadsSpecified" value="4" />
  <attribute name="heapSize specified" value="0" />
  <attribute name="Current GC Util" value="29" />
  <attribute name= "Current Time Running" value="6545" />
  <attribute name ="GC Interval" value="0" />
  <attribute name="ProportionalT" value="13.500000" />
  <attribute name="ProportionalI" value="13.500000" />
  <attribute name="ProportionalH" value="13.500000" />
  <attribute name="Current Error" value="9.000000" />
  <attribute name="IntegralT" value="9.000000" />
  <attribute name="IntegralI" value="9.000000" />
  <attribute name="IntegralH" value="9.000000" />
  <attribute name="DerivativeT" value="4.500000" />
  <attribute name="DerivativeI" value="4.500000" />
  <attribute name="DerivativeH" value="4.500000" />
  <attribute name="Loop Time for DT" value="1.000000" />
  <attribute name="Output H" value="8388608"/>
  <attribute name="Output I" value="200"/>
  <attribute name="Output T" value="4"/>
  <attribute name="Target GC Util Change" value ="20.000000" />
  <attribute name="Current GC Util Change" value="29.000000"/>
  <attribute name="GC Util currently" value="29" />
  <attribute name="CPU Util currently" value="6627737814724" />
<exclusive-end id="229" timestamp="2019-06-16T00:36:16.882" durationms="8.223" />

<exclusive-start id="230" timestamp="2019-06-16T00:36:16.922" intervalms="47.495">
  <response-info timems="0.053" idlems="0.053" threads="0" lastid="0000000001627700" lastname="main" />
</exclusive-start>
<allocation-taxation id="231" taxation-threshold="7340032" timestamp="2019-06-16T00:36:16.922" intervalms="47.500" />
<cycle-start id="232" type="partial gc" contextid="0" timestamp="2019-06-16T00:36:16.922" intervalms="47.573" />
<gc-start id="233" type="partial gc" contextid="232" timestamp="2019-06-16T00:36:16.922">
  <mem-info id="234" free="0" total="19922944" percent="0">
    <mem type="eden" free="0" total="7340032" percent="0" />
    <remembered-set count="14432" freebytes="737536" totalbytes="795264" percent="92" regionsoverflowed="0" regionsstable="0" regionsrebuilding="0"/>
  </mem-info>
</gc-start>
<allocation-stats totalBytes="7338656" >
  <allocated-bytes non-tlh="213056" tlh="7125600" arrayletleaf="0"/>
  <largest-consumer threadName="main" threadId="0000000001627700" bytes="7338656" />
</allocation-stats>
<gc-op id="235" type="mark" timems="1.795" contextid="232" timestamp="2019-06-16T00:36:16.925">
  <trace-info objectcount="9461" scancount="8524" scanbytes="305388" />
  <cardclean-info objects="1313" bytes="80688" />
  <remembered-set-cleared processed="12698" cleared="2269" durationms="0.172" />
  <references type="soft" candidates="225" cleared="0" enqueued="0" dynamicThreshold="11" maxThreshold="32" />
  <references type="weak" candidates="410" cleared="0" enqueued="0" />
  <references type="phantom" candidates="1" cleared="0" enqueued="0" />
  <stringconstants candidates="8408" cleared="0"  />
  <warning details="Mark invoked due to insufficient free space for Copy-Forward" />
</gc-op>
<gc-op id="236" type="classunload" timems="0.002" contextid="232" timestamp="2019-06-16T00:36:16.925">
  <classunload-info classloadercandidates="15" classloadersunloaded="0" classesunloaded="0" anonymousclassesunloaded="0" quiescems="0.000" setupms="0.002" scanms="0.000" postms="0.000" />
</gc-op>
<gc-op id="237" type="sweep" timems="0.535" contextid="232" timestamp="2019-06-16T00:36:16.926" />
<gc-op id="238" type="compact" timems="2.088" contextid="232" timestamp="2019-06-16T00:36:16.928">
  <compact-info movecount="5606" movebytes="452360" />
  <remembered-set-cleared processed="27427" cleared="6559" durationms="0.172" />
</gc-op>
<heap-resize id="239" type="expand" space="default" amount="3145728" count="1" timems="0.077" reason="insufficient free space following gc" timestamp="2019-06-16T00:36:16.928" />
<gc-end id="240" type="partial gc" contextid="232" durationms="6.023" usertimems="4.000" systemtimems="0.000" timestamp="2019-06-16T00:36:16.928" activeThreads="4">
  <mem-info id="241" free="9437184" total="23068672" percent="40">
    <mem type="eden" free="750856" total="1048576" percent="71" />
    <remembered-set count="14592" freebytes="862464" totalbytes="920832" percent="93" regionsoverflowed="0" regionsstable="0" regionsrebuilding="0"/>
  </mem-info>
</gc-end>
<cycle-end id="242" type="partial gc" contextid="232" timestamp="2019-06-16T00:36:16.929" />
  <attribute name="elasticGC enabled" value="1" />
  <attribute name= "numThreadsSpecified" value="4" />
  <attribute name="heapSize specified" value="0" />
  <attribute name="Current GC Util" value="22" />
  <attribute name= "Current Time Running" value="6592" />
  <attribute name ="GC Interval" value="0" />
  <attribute name="ProportionalT" value="3.000000" />
  <attribute name="ProportionalI" value="3.000000" />
  <attribute name="ProportionalH" value="3.000000" />
  <attribute name="Current Error" value="2.000000" />
  <attribute name="IntegralT" value="2.000000" />
  <attribute name="IntegralI" value="2.000000" />
  <attribute name="IntegralH" value="2.000000" />
  <attribute name="DerivativeT" value="1.000000" />
  <attribute name="DerivativeI" value="1.000000" />
  <attribute name="DerivativeH" value="1.000000" />
  <attribute name="Loop Time for DT" value="1.000000" />
  <attribute name="Output H" value="8388608"/>
  <attribute name="Output I" value="200"/>
  <attribute name="Output T" value="4"/>
  <attribute name="Target GC Util Change" value ="20.000000" />
  <attribute name="Current GC Util Change" value="22.000000"/>
  <attribute name="GC Util currently" value="22" />
  <attribute name="CPU Util currently" value="5952928409054" />
<exclusive-end id="243" timestamp="2019-06-16T00:36:16.929" durationms="7.156" />

<exclusive-start id="244" timestamp="2019-06-16T00:36:16.995" intervalms="72.891">
  <response-info timems="0.045" idlems="0.045" threads="0" lastid="0000000001627700" lastname="main" />
</exclusive-start>
<sys-start reason="explicit" id="245" timestamp="2019-06-16T00:36:16.995" intervalms="6784.328" />
<cycle-start id="246" type="global garbage collect" contextid="0" timestamp="2019-06-16T00:36:16.995" intervalms="6784.501" />
<gc-start id="247" type="global garbage collect" contextid="246" timestamp="2019-06-16T00:36:16.995">
  <mem-info id="248" free="6345696" total="23068672" percent="27">
    <mem type="eden" free="54240" total="3145728" percent="1" />
    <remembered-set count="14496" freebytes="862848" totalbytes="920832" percent="93" regionsoverflowed="0" regionsstable="0" regionsrebuilding="0"/>
  </mem-info>
</gc-start>
<allocation-stats totalBytes="3090960" >
  <allocated-bytes non-tlh="221736" tlh="2869224" arrayletleaf="0"/>
  <largest-consumer threadName="main" threadId="0000000001627700" bytes="3090960" />
</allocation-stats>
<gc-op id="249" type="global mark" timems="5.368" contextid="246" timestamp="2019-06-16T00:36:17.001">
  <trace-info objectcount="74576" scancount="60839" scanbytes="2100924" />
  <finalization candidates="80" enqueued="0" />
  <ownableSynchronizers candidates="21" cleared="0" />
  <references type="soft" candidates="1640" cleared="0" enqueued="0" dynamicThreshold="13" maxThreshold="32" />
  <references type="weak" candidates="4527" cleared="32" enqueued="30" />
  <references type="phantom" candidates="102" cleared="2" enqueued="2" />
  <stringconstants candidates="8680" cleared="15"  />
</gc-op>
<gc-op id="250" type="classunload" timems="0.360" contextid="246" timestamp="2019-06-16T00:36:17.001">
  <classunload-info classloadercandidates="17" classloadersunloaded="1" classesunloaded="1" anonymousclassesunloaded="0" quiescems="0.000" setupms="0.349" scanms="0.007" postms="0.004" />
</gc-op>
<gc-op id="251" type="sweep" timems="0.512" contextid="246" timestamp="2019-06-16T00:36:17.002" />
<gc-op id="252" type="compact" timems="5.623" contextid="246" timestamp="2019-06-16T00:36:17.008">
  <compact-info movecount="73083" movebytes="4188368" />
  <remembered-set-cleared processed="26707" cleared="26707" durationms="0.137" />
</gc-op>
<gc-end id="253" type="global garbage collect" contextid="246" durationms="12.996" usertimems="24.000" systemtimems="0.000" timestamp="2019-06-16T00:36:17.008" activeThreads="4">
  <mem-info id="254" free="8388608" total="23068672" percent="36">
    <pending-finalizers system="0" default="0" reference="32" classloader="0" />
    <remembered-set count="11264" freebytes="875776" totalbytes="920832" percent="95" regionsoverflowed="0" regionsstable="0" regionsrebuilding="0"/>
  </mem-info>
</gc-end>
<cycle-end id="255" type="global garbage collect" contextid="246" timestamp="2019-06-16T00:36:17.009" />
  <attribute name="elasticGC enabled" value="1" />
  <attribute name= "numThreadsSpecified" value="4" />
  <attribute name="heapSize specified" value="0" />
  <attribute name="Current GC Util" value="28" />
  <attribute name= "Current Time Running" value="6668" />
  <attribute name ="GC Interval" value="0" />
  <attribute name="ProportionalT" value="12.000000" />
  <attribute name="ProportionalI" value="12.000000" />
  <attribute name="ProportionalH" value="12.000000" />
  <attribute name="Current Error" value="8.000000" />
  <attribute name="IntegralT" value="0.000000" />
  <attribute name="IntegralI" value="0.000000" />
  <attribute name="IntegralH" value="0.000000" />
  <attribute name="DerivativeT" value="-inf" />
  <attribute name="DerivativeI" value="-inf" />
  <attribute name="DerivativeH" value="-inf" />
  <attribute name="Loop Time for DT" value="0.000000" />
  <attribute name="Output H" value="2091843584"/>
  <attribute name="Output I" value="200"/>
  <attribute name="Output T" value="4"/>
  <attribute name="Target GC Util Change" value ="20.000000" />
  <attribute name="Current GC Util Change" value="28.000000"/>
  <attribute name="GC Util currently" value="28" />
  <attribute name="CPU Util currently" value="6295292835275" />
<sys-end id="256" timestamp="2019-06-16T00:36:17.009" />
<exclusive-end id="257" timestamp="2019-06-16T00:36:17.009" durationms="14.336" />

<exclusive-start id="258" timestamp="2019-06-16T00:36:17.075" intervalms="80.205">
  <response-info timems="0.078" idlems="0.078" threads="0" lastid="0000000001627700" lastname="main" />
</exclusive-start>
<allocation-taxation id="259" taxation-threshold="8388608" timestamp="2019-06-16T00:36:17.075" intervalms="153.122" />
<cycle-start id="260" type="partial gc" contextid="0" timestamp="2019-06-16T00:36:17.075" intervalms="153.083" />
<gc-start id="261" type="partial gc" contextid="260" timestamp="2019-06-16T00:36:17.076">
  <mem-info id="262" free="0" total="23068672" percent="0">
    <mem type="eden" free="0" total="8388608" percent="0" />
    <remembered-set count="11008" freebytes="876800" totalbytes="920832" percent="95" regionsoverflowed="0" regionsstable="0" regionsrebuilding="0"/>
  </mem-info>
</gc-start>
<allocation-stats totalBytes="8387456" >
  <allocated-bytes non-tlh="529840" tlh="7857616" arrayletleaf="0"/>
  <largest-consumer threadName="main" threadId="0000000001627700" bytes="8379208" />
</allocation-stats>
<gc-op id="263" type="mark" timems="2.063" contextid="260" timestamp="2019-06-16T00:36:17.078">
  <trace-info objectcount="17904" scancount="16119" scanbytes="700992" />
  <cardclean-info objects="508" bytes="21756" />
  <remembered-set-cleared processed="9204" cleared="112" durationms="0.151" />
  <references type="soft" candidates="2" cleared="0" enqueued="0" dynamicThreshold="11" maxThreshold="32" />
  <references type="weak" candidates="12" cleared="10" enqueued="10" />
  <references type="phantom" candidates="6" cleared="2" enqueued="2" />
  <stringconstants candidates="8688" cleared="0"  />
  <warning details="Mark invoked due to insufficient free space for Copy-Forward" />
</gc-op>
<gc-op id="264" type="classunload" timems="0.002" contextid="260" timestamp="2019-06-16T00:36:17.078">
  <classunload-info classloadercandidates="16" classloadersunloaded="0" classesunloaded="0" anonymousclassesunloaded="0" quiescems="0.000" setupms="0.002" scanms="0.000" postms="0.000" />
</gc-op>
<gc-op id="265" type="sweep" timems="0.471" contextid="260" timestamp="2019-06-16T00:36:17.079" />
<gc-op id="266" type="compact" timems="3.630" contextid="260" timestamp="2019-06-16T00:36:17.083">
  <compact-info movecount="17904" movebytes="1359976" />
  <remembered-set-cleared processed="21128" cleared="2931" durationms="0.151" />
</gc-op>
<heap-resize id="267" type="expand" space="default" amount="3145728" count="1" timems="0.077" reason="insufficient free space following gc" timestamp="2019-06-16T00:36:17.083" />
<gc-end id="268" type="partial gc" contextid="260" durationms="8.067" usertimems="8.000" systemtimems="0.000" timestamp="2019-06-16T00:36:17.084" activeThreads="1">
  <mem-info id="269" free="9437184" total="26214400" percent="36">
    <mem type="eden" free="736232" total="2097152" percent="35" />
    <pending-finalizers system="0" default="0" reference="12" classloader="0" />
    <remembered-set count="13312" freebytes="993152" totalbytes="1046400" percent="94" regionsoverflowed="0" regionsstable="0" regionsrebuilding="0"/>
  </mem-info>
</gc-end>
<cycle-end id="270" type="partial gc" contextid="260" timestamp="2019-06-16T00:36:17.084" />
  <attribute name="elasticGC enabled" value="1" />
  <attribute name= "numThreadsSpecified" value="1" />
  <attribute name="heapSize specified" value="0" />
  <attribute name="Current GC Util" value="34" />
  <attribute name= "Current Time Running" value="6745" />
  <attribute name ="GC Interval" value="0" />
  <attribute name="ProportionalT" value="21.000000" />
  <attribute name="ProportionalI" value="21.000000" />
  <attribute name="ProportionalH" value="21.000000" />
  <attribute name="Current Error" value="14.000000" />
  <attribute name="IntegralT" value="0.000000" />
  <attribute name="IntegralI" value="0.000000" />
  <attribute name="IntegralH" value="0.000000" />
  <attribute name="DerivativeT" value="inf" />
  <attribute name="DerivativeI" value="inf" />
  <attribute name="DerivativeH" value="inf" />
  <attribute name="Loop Time for DT" value="0.000000" />
  <attribute name="Output H" value="8388608"/>
  <attribute name="Output I" value="200"/>
  <attribute name="Output T" value="1"/>
  <attribute name="Target GC Util Change" value ="20.000000" />
  <attribute name="Current GC Util Change" value="34.000000"/>
  <attribute name="GC Util currently" value="34" />
  <attribute name="CPU Util currently" value="6040879595257" />
<exclusive-end id="271" timestamp="2019-06-16T00:36:17.084" durationms="9.306" />

<exclusive-start id="272" timestamp="2019-06-16T00:36:17.165" intervalms="89.703">
  <response-info timems="0.029" idlems="0.029" threads="0" lastid="0000000001627700" lastname="main" />
</exclusive-start>
<allocation-taxation id="273" taxation-threshold="9437184" timestamp="2019-06-16T00:36:17.165" intervalms="89.686" />
<cycle-start id="274" type="partial gc" contextid="0" timestamp="2019-06-16T00:36:17.165" intervalms="89.703" />
<gc-start id="275" type="partial gc" contextid="274" timestamp="2019-06-16T00:36:17.165">
  <mem-info id="276" free="0" total="26214400" percent="0">
    <mem type="eden" free="0" total="9437184" percent="0" />
    <remembered-set count="13152" freebytes="993792" totalbytes="1046400" percent="94" regionsoverflowed="0" regionsstable="0" regionsrebuilding="0"/>
  </mem-info>
</gc-start>
<allocation-stats totalBytes="9435256" >
  <allocated-bytes non-tlh="340560" tlh="9094696" arrayletleaf="0"/>
  <largest-consumer threadName="main" threadId="0000000001627700" bytes="9435256" />
</allocation-stats>
<gc-op id="277" type="mark" timems="1.441" contextid="274" timestamp="2019-06-16T00:36:17.167">
  <trace-info objectcount="15749" scancount="11506" scanbytes="381992" />
  <cardclean-info objects="787" bytes="39808" />
  <remembered-set-cleared processed="10798" cleared="1891" durationms="0.123" />
  <references type="soft" candidates="59" cleared="0" enqueued="0" dynamicThreshold="11" maxThreshold="32" />
  <references type="weak" candidates="123" cleared="17" enqueued="14" />
  <references type="phantom" candidates="4" cleared="0" enqueued="0" />
  <stringconstants candidates="10895" cleared="0"  />
  <warning details="Mark invoked due to insufficient free space for Copy-Forward" />
</gc-op>
<gc-op id="278" type="classunload" timems="0.003" contextid="274" timestamp="2019-06-16T00:36:17.167">
  <classunload-info classloadercandidates="17" classloadersunloaded="0" classesunloaded="0" anonymousclassesunloaded="0" quiescems="0.000" setupms="0.002" scanms="0.000" postms="0.000" />
</gc-op>
<gc-op id="279" type="sweep" timems="0.369" contextid="274" timestamp="2019-06-16T00:36:17.168" />
<gc-op id="280" type="compact" timems="2.331" contextid="274" timestamp="2019-06-16T00:36:17.170">
  <compact-info movecount="15748" movebytes="1029896" />
  <remembered-set-cleared processed="22376" cleared="4510" durationms="0.123" />
</gc-op>
<gc-end id="281" type="partial gc" contextid="274" durationms="5.547" usertimems="4.000" systemtimems="8.000" timestamp="2019-06-16T00:36:17.171" activeThreads="4">
  <mem-info id="282" free="9437184" total="26214400" percent="36">
    <mem type="eden" free="118888" total="1048576" percent="11" />
    <pending-finalizers system="0" default="0" reference="14" classloader="0" />
    <remembered-set count="12064" freebytes="998144" totalbytes="1046400" percent="95" regionsoverflowed="0" regionsstable="0" regionsrebuilding="0"/>
  </mem-info>
</gc-end>
<cycle-end id="283" type="partial gc" contextid="274" timestamp="2019-06-16T00:36:17.171" />
  <attribute name="elasticGC enabled" value="1" />
  <attribute name= "numThreadsSpecified" value="4" />
  <attribute name="heapSize specified" value="0" />
  <attribute name="Current GC Util" value="31" />
  <attribute name= "Current Time Running" value="6834" />
  <attribute name ="GC Interval" value="0" />
  <attribute name="ProportionalT" value="16.500000" />
  <attribute name="ProportionalI" value="16.500000" />
  <attribute name="ProportionalH" value="16.500000" />
  <attribute name="Current Error" value="11.000000" />
  <attribute name="IntegralT" value="11.000000" />
  <attribute name="IntegralI" value="11.000000" />
  <attribute name="IntegralH" value="11.000000" />
  <attribute name="DerivativeT" value="-55.500000" />
  <attribute name="DerivativeI" value="-55.500000" />
  <attribute name="DerivativeH" value="-55.500000" />
  <attribute name="Loop Time for DT" value="1.000000" />
  <attribute name="Output H" value="2091843584"/>
  <attribute name="Output I" value="200"/>
  <attribute name="Output T" value="4"/>
  <attribute name="Target GC Util Change" value ="20.000000" />
  <attribute name="Current GC Util Change" value="31.000000"/>
  <attribute name="GC Util currently" value="31" />
  <attribute name="CPU Util currently" value="7317012282365" />
<exclusive-end id="284" timestamp="2019-06-16T00:36:17.171" durationms="6.694" />

<exclusive-start id="285" timestamp="2019-06-16T00:36:17.214" intervalms="49.749">
  <response-info timems="0.026" idlems="0.026" threads="0" lastid="0000000001627700" lastname="main" />
</exclusive-start>
<allocation-taxation id="286" taxation-threshold="9437184" timestamp="2019-06-16T00:36:17.214" intervalms="49.743" />
<cycle-start id="287" type="partial gc" contextid="0" timestamp="2019-06-16T00:36:17.215" intervalms="49.771" />
<gc-start id="288" type="partial gc" contextid="287" timestamp="2019-06-16T00:36:17.215">
  <mem-info id="289" free="0" total="26214400" percent="0">
    <mem type="eden" free="118888" total="10485760" percent="1" />
    <remembered-set count="11616" freebytes="999936" totalbytes="1046400" percent="95" regionsoverflowed="0" regionsstable="0" regionsrebuilding="0"/>
  </mem-info>
</gc-start>
<allocation-stats totalBytes="9435808" >
  <allocated-bytes non-tlh="219656" tlh="9216152" arrayletleaf="0"/>
  <largest-consumer threadName="main" threadId="0000000001627700" bytes="9435808" />
</allocation-stats>
<gc-op id="290" type="mark" timems="1.959" contextid="287" timestamp="2019-06-16T00:36:17.217">
  <trace-info objectcount="19287" scancount="14571" scanbytes="483624" />
  <cardclean-info objects="410" bytes="35220" />
  <remembered-set-cleared processed="10025" cleared="917" durationms="0.146" />
  <references type="soft" candidates="89" cleared="0" enqueued="0" dynamicThreshold="11" maxThreshold="32" />
  <references type="weak" candidates="112" cleared="2" enqueued="2" />
  <references type="phantom" candidates="1" cleared="0" enqueued="0" />
  <stringconstants candidates="11004" cleared="0"  />
  <warning details="Mark invoked due to insufficient free space for Copy-Forward" />
</gc-op>
<gc-op id="291" type="classunload" timems="0.002" contextid="287" timestamp="2019-06-16T00:36:17.217">
  <classunload-info classloadercandidates="18" classloadersunloaded="0" classesunloaded="0" anonymousclassesunloaded="0" quiescems="0.000" setupms="0.002" scanms="0.000" postms="0.000" />
</gc-op>
<gc-op id="292" type="sweep" timems="0.455" contextid="287" timestamp="2019-06-16T00:36:17.218" />
<gc-op id="293" type="compact" timems="3.417" contextid="287" timestamp="2019-06-16T00:36:17.222">
  <compact-info movecount="19287" movebytes="1051240" />
  <remembered-set-cleared processed="22555" cleared="4333" durationms="0.146" />
</gc-op>
<heap-resize id="294" type="expand" space="default" amount="1048576" count="1" timems="0.057" reason="insufficient free space following gc" timestamp="2019-06-16T00:36:17.222" />
<gc-end id="295" type="partial gc" contextid="287" durationms="7.383" usertimems="12.000" systemtimems="0.000" timestamp="2019-06-16T00:36:17.222" activeThreads="1">
  <mem-info id="296" free="9437184" total="27262976" percent="34">
    <mem type="eden" free="1045912" total="2097152" percent="49" />
    <pending-finalizers system="0" default="0" reference="2" classloader="0" />
    <remembered-set count="12608" freebytes="1037824" totalbytes="1088256" percent="95" regionsoverflowed="0" regionsstable="0" regionsrebuilding="0"/>
  </mem-info>
</gc-end>
<cycle-end id="297" type="partial gc" contextid="287" timestamp="2019-06-16T00:36:17.222" />
  <attribute name="elasticGC enabled" value="1" />
  <attribute name= "numThreadsSpecified" value="1" />
  <attribute name="heapSize specified" value="0" />
  <attribute name="Current GC Util" value="28" />
  <attribute name= "Current Time Running" value="6884" />
  <attribute name ="GC Interval" value="0" />
  <attribute name="ProportionalT" value="12.000000" />
  <attribute name="ProportionalI" value="12.000000" />
  <attribute name="ProportionalH" value="12.000000" />
  <attribute name="Current Error" value="8.000000" />
  <attribute name="IntegralT" value="0.000000" />
  <attribute name="IntegralI" value="0.000000" />
  <attribute name="IntegralH" value="0.000000" />
  <attribute name="DerivativeT" value="inf" />
  <attribute name="DerivativeI" value="inf" />
  <attribute name="DerivativeH" value="inf" />
  <attribute name="Loop Time for DT" value="0.000000" />
  <attribute name="Output H" value="8388608"/>
  <attribute name="Output I" value="200"/>
  <attribute name="Output T" value="1"/>
  <attribute name="Target GC Util Change" value ="20.000000" />
  <attribute name="Current GC Util Change" value="28.000000"/>
  <attribute name="GC Util currently" value="28" />
  <attribute name="CPU Util currently" value="6620316530730" />
<exclusive-end id="298" timestamp="2019-06-16T00:36:17.223" durationms="8.365" />

<exclusive-start id="299" timestamp="2019-06-16T00:36:17.263" intervalms="48.383">
  <response-info timems="0.029" idlems="0.029" threads="0" lastid="0000000001627700" lastname="main" />
</exclusive-start>
<allocation-taxation id="300" taxation-threshold="9437184" timestamp="2019-06-16T00:36:17.263" intervalms="48.385" />
<cycle-start id="301" type="partial gc" contextid="0" timestamp="2019-06-16T00:36:17.263" intervalms="48.382" />
<gc-start id="302" type="partial gc" contextid="301" timestamp="2019-06-16T00:36:17.263">
  <mem-info id="303" free="0" total="27262976" percent="0">
    <mem type="eden" free="451056" total="10485760" percent="4" />
    <remembered-set count="12320" freebytes="1038976" totalbytes="1088256" percent="95" regionsoverflowed="0" regionsstable="0" regionsrebuilding="0"/>
  </mem-info>
</gc-start>
<allocation-stats totalBytes="9435792" >
  <allocated-bytes non-tlh="217744" tlh="9218048" arrayletleaf="0"/>
  <largest-consumer threadName="main" threadId="0000000001627700" bytes="9431696" />
</allocation-stats>
<gc-op id="304" type="mark" timems="1.791" contextid="301" timestamp="2019-06-16T00:36:17.266">
  <trace-info objectcount="12120" scancount="11062" scanbytes="501704" />
  <cardclean-info objects="534" bytes="33456" />
  <remembered-set-cleared processed="10856" cleared="1136" durationms="0.155" />
  <references type="soft" candidates="33" cleared="0" enqueued="0" dynamicThreshold="11" maxThreshold="32" />
  <references type="weak" candidates="24" cleared="0" enqueued="0" />
  <references type="phantom" candidates="1" cleared="0" enqueued="0" />
  <stringconstants candidates="11067" cleared="0"  />
  <warning details="Mark invoked due to insufficient free space for Copy-Forward" />
</gc-op>
<gc-op id="305" type="classunload" timems="0.003" contextid="301" timestamp="2019-06-16T00:36:17.266">
  <classunload-info classloadercandidates="19" classloadersunloaded="0" classesunloaded="0" anonymousclassesunloaded="0" quiescems="0.000" setupms="0.003" scanms="0.000" postms="0.000" />
</gc-op>
<gc-op id="306" type="sweep" timems="0.581" contextid="301" timestamp="2019-06-16T00:36:17.267" />
<gc-op id="307" type="compact" timems="2.305" contextid="301" timestamp="2019-06-16T00:36:17.269">
  <compact-info movecount="12119" movebytes="852976" />
  <remembered-set-cleared processed="22849" cleared="3332" durationms="0.155" />
</gc-op>
<heap-resize id="308" type="expand" space="default" amount="2097152" count="1" timems="0.060" reason="insufficient free space following gc" timestamp="2019-06-16T00:36:17.269" />
<gc-end id="309" type="partial gc" contextid="301" durationms="6.338" usertimems="8.000" systemtimems="0.000" timestamp="2019-06-16T00:36:17.270" activeThreads="4">
  <mem-info id="310" free="10485760" total="29360128" percent="35">
    <mem type="eden" free="1221400" total="2097152" percent="58" />
    <remembered-set count="13344" freebytes="1118592" totalbytes="1171968" percent="95" regionsoverflowed="0" regionsstable="0" regionsrebuilding="0"/>
  </mem-info>
</gc-end>
<cycle-end id="311" type="partial gc" contextid="301" timestamp="2019-06-16T00:36:17.270" />
  <attribute name="elasticGC enabled" value="1" />
  <attribute name= "numThreadsSpecified" value="4" />
  <attribute name="heapSize specified" value="0" />
  <attribute name="Current GC Util" value="104" />
  <attribute name= "Current Time Running" value="6933" />
  <attribute name ="GC Interval" value="0" />
  <attribute name="ProportionalT" value="126.000000" />
  <attribute name="ProportionalI" value="126.000000" />
  <attribute name="ProportionalH" value="126.000000" />
  <attribute name="Current Error" value="84.000000" />
  <attribute name="IntegralT" value="84.000000" />
  <attribute name="IntegralI" value="84.000000" />
  <attribute name="IntegralH" value="84.000000" />
  <attribute name="DerivativeT" value="42.000000" />
  <attribute name="DerivativeI" value="42.000000" />
  <attribute name="DerivativeH" value="42.000000" />
  <attribute name="Loop Time for DT" value="1.000000" />
  <attribute name="Output H" value="8388608"/>
  <attribute name="Output I" value="256"/>
  <attribute name="Output T" value="4"/>
  <attribute name="Target GC Util Change" value ="20.000000" />
  <attribute name="Current GC Util Change" value="104.000000"/>
  <attribute name="GC Util currently" value="104" />
  <attribute name="CPU Util currently" value="5413501353284" />
<exclusive-end id="312" timestamp="2019-06-16T00:36:17.270" durationms="7.458" />

<exclusive-start id="313" timestamp="2019-06-16T00:36:17.305" intervalms="42.401">
  <response-info timems="0.025" idlems="0.025" threads="0" lastid="0000000001627700" lastname="main" />
</exclusive-start>
<allocation-taxation id="314" taxation-threshold="10485760" timestamp="2019-06-16T00:36:17.305" intervalms="42.321" />
<cycle-start id="315" type="partial gc" contextid="0" timestamp="2019-06-16T00:36:17.305" intervalms="42.231" />
<gc-start id="316" type="partial gc" contextid="315" timestamp="2019-06-16T00:36:17.305">
  <mem-info id="317" free="0" total="29360128" percent="0">
    <mem type="eden" free="0" total="10485760" percent="0" />
    <remembered-set count="13344" freebytes="1118592" totalbytes="1171968" percent="95" regionsoverflowed="0" regionsstable="0" regionsrebuilding="0"/>
  </mem-info>
</gc-start>
<allocation-stats totalBytes="10481496" >
  <allocated-bytes non-tlh="3736" tlh="10477760" arrayletleaf="0"/>
  <largest-consumer threadName="main" threadId="0000000001627700" bytes="10481496" />
</allocation-stats>
<gc-op id="318" type="mark" timems="1.150" contextid="315" timestamp="2019-06-16T00:36:17.307">
  <trace-info objectcount="859" scancount="714" scanbytes="23676" />
  <cardclean-info objects="278" bytes="15980" />
  <remembered-set-cleared processed="11191" cleared="1236" durationms="0.159" />
  <references type="soft" candidates="11" cleared="0" enqueued="0" dynamicThreshold="11" maxThreshold="32" />
  <references type="weak" candidates="22" cleared="0" enqueued="0" />
  <references type="phantom" candidates="1" cleared="0" enqueued="0" />
  <stringconstants candidates="11130" cleared="0"  />
  <warning details="Mark invoked due to insufficient free space for Copy-Forward" />
</gc-op>
<gc-op id="319" type="classunload" timems="0.003" contextid="315" timestamp="2019-06-16T00:36:17.307">
  <classunload-info classloadercandidates="20" classloadersunloaded="0" classesunloaded="0" anonymousclassesunloaded="0" quiescems="0.000" setupms="0.003" scanms="0.000" postms="0.000" />
</gc-op>
<gc-op id="320" type="sweep" timems="0.429" contextid="315" timestamp="2019-06-16T00:36:17.308" />
<gc-op id="321" type="compact" timems="0.990" contextid="315" timestamp="2019-06-16T00:36:17.309">
  <compact-info movecount="859" movebytes="52440" />
  <remembered-set-cleared processed="21812" cleared="1881" durationms="0.159" />
</gc-op>
<heap-resize id="322" type="expand" space="default" amount="3145728" count="1" timems="0.067" reason="insufficient free space following gc" timestamp="2019-06-16T00:36:17.309" />
<gc-end id="323" type="partial gc" contextid="315" durationms="4.146" usertimems="8.000" systemtimems="0.000" timestamp="2019-06-16T00:36:17.310" activeThreads="4">
  <mem-info id="324" free="12582912" total="32505856" percent="38">
    <mem type="eden" free="1024600" total="1048576" percent="97" />
    <remembered-set count="13216" freebytes="1244672" totalbytes="1297536" percent="95" regionsoverflowed="0" regionsstable="0" regionsrebuilding="0"/>
  </mem-info>
</gc-end>
<cycle-end id="325" type="partial gc" contextid="315" timestamp="2019-06-16T00:36:17.310" />
  <attribute name="elasticGC enabled" value="1" />
  <attribute name= "numThreadsSpecified" value="4" />
  <attribute name="heapSize specified" value="0" />
  <attribute name="Current GC Util" value="34" />
  <attribute name= "Current Time Running" value="6974" />
  <attribute name ="GC Interval" value="0" />
  <attribute name="ProportionalT" value="21.000000" />
  <attribute name="ProportionalI" value="21.000000" />
  <attribute name="ProportionalH" value="21.000000" />
  <attribute name="Current Error" value="14.000000" />
  <attribute name="IntegralT" value="14.000000" />
  <attribute name="IntegralI" value="14.000000" />
  <attribute name="IntegralH" value="14.000000" />
  <attribute name="DerivativeT" value="7.000000" />
  <attribute name="DerivativeI" value="7.000000" />
  <attribute name="DerivativeH" value="7.000000" />
  <attribute name="Loop Time for DT" value="1.000000" />
  <attribute name="Output H" value="8388608"/>
  <attribute name="Output I" value="200"/>
  <attribute name="Output T" value="4"/>
  <attribute name="Target GC Util Change" value ="20.000000" />
  <attribute name="Current GC Util Change" value="34.000000"/>
  <attribute name="GC Util currently" value="34" />
  <attribute name="CPU Util currently" value="6663255845763" />
<exclusive-end id="326" timestamp="2019-06-16T00:36:17.310" durationms="4.979" />

<exclusive-start id="327" timestamp="2019-06-16T00:36:17.361" intervalms="55.533">
  <response-info timems="0.035" idlems="0.035" threads="0" lastid="0000000001627700" lastname="main" />
</exclusive-start>
<allocation-taxation id="328" taxation-threshold="12582912" timestamp="2019-06-16T00:36:17.361" intervalms="55.656" />
<cycle-start id="329" type="partial gc" contextid="0" timestamp="2019-06-16T00:36:17.361" intervalms="55.746" />
<gc-start id="330" type="partial gc" contextid="329" timestamp="2019-06-16T00:36:17.361">
  <mem-info id="331" free="0" total="32505856" percent="0">
    <mem type="eden" free="1024600" total="13631488" percent="7" />
    <remembered-set count="12768" freebytes="1246464" totalbytes="1297536" percent="96" regionsoverflowed="0" regionsstable="0" regionsrebuilding="0"/>
  </mem-info>
</gc-start>
<allocation-stats totalBytes="12580256" >
  <allocated-bytes non-tlh="544456" tlh="12035800" arrayletleaf="0"/>
  <largest-consumer threadName="main" threadId="0000000001627700" bytes="12580256" />
</allocation-stats>
<gc-op id="332" type="mark" timems="2.100" contextid="329" timestamp="2019-06-16T00:36:17.364">
  <trace-info objectcount="18052" scancount="16358" scanbytes="741124" />
  <cardclean-info objects="387" bytes="28444" />
  <remembered-set-cleared processed="10500" cleared="385" durationms="0.159" />
  <references type="soft" candidates="11" cleared="0" enqueued="0" dynamicThreshold="12" maxThreshold="32" />
  <references type="weak" candidates="211" cleared="0" enqueued="0" />
  <references type="phantom" candidates="1" cleared="0" enqueued="0" />
  <stringconstants candidates="11317" cleared="0"  />
  <warning details="Mark invoked due to insufficient free space for Copy-Forward" />
</gc-op>
<gc-op id="333" type="classunload" timems="0.004" contextid="329" timestamp="2019-06-16T00:36:17.364">
  <classunload-info classloadercandidates="21" classloadersunloaded="0" classesunloaded="0" anonymousclassesunloaded="0" quiescems="0.000" setupms="0.003" scanms="0.000" postms="0.000" />
</gc-op>
<gc-op id="334" type="sweep" timems="0.460" contextid="329" timestamp="2019-06-16T00:36:17.365" />
<gc-op id="335" type="compact" timems="2.231" contextid="329" timestamp="2019-06-16T00:36:17.367">
  <compact-info movecount="17923" movebytes="1104032" />
  <remembered-set-cleared processed="23715" cleared="3453" durationms="0.159" />
</gc-op>
<heap-resize id="336" type="expand" space="default" amount="1048576" count="1" timems="0.052" reason="insufficient free space following gc" timestamp="2019-06-16T00:36:17.368" />
<gc-end id="337" type="partial gc" contextid="329" durationms="6.314" usertimems="8.000" systemtimems="0.000" timestamp="2019-06-16T00:36:17.368" activeThreads="4">
  <mem-info id="338" free="11534336" total="33554432" percent="34">
    <mem type="eden" free="2036888" total="3145728" percent="64" />
    <remembered-set count="14944" freebytes="1279616" totalbytes="1339392" percent="95" regionsoverflowed="0" regionsstable="0" regionsrebuilding="0"/>
  </mem-info>
</gc-end>
<cycle-end id="339" type="partial gc" contextid="329" timestamp="2019-06-16T00:36:17.368" />
  <attribute name="elasticGC enabled" value="1" />
  <attribute name= "numThreadsSpecified" value="4" />
  <attribute name="heapSize specified" value="0" />
  <attribute name="Current GC Util" value="43" />
  <attribute name= "Current Time Running" value="7031" />
  <attribute name ="GC Interval" value="0" />
  <attribute name="ProportionalT" value="34.500000" />
  <attribute name="ProportionalI" value="34.500000" />
  <attribute name="ProportionalH" value="34.500000" />
  <attribute name="Current Error" value="23.000000" />
  <attribute name="IntegralT" value="23.000000" />
  <attribute name="IntegralI" value="23.000000" />
  <attribute name="IntegralH" value="23.000000" />
  <attribute name="DerivativeT" value="11.500000" />
  <attribute name="DerivativeI" value="11.500000" />
  <attribute name="DerivativeH" value="11.500000" />
  <attribute name="Loop Time for DT" value="1.000000" />
  <attribute name="Output H" value="8388608"/>
  <attribute name="Output I" value="200"/>
  <attribute name="Output T" value="4"/>
  <attribute name="Target GC Util Change" value ="20.000000" />
  <attribute name="Current GC Util Change" value="43.000000"/>
  <attribute name="GC Util currently" value="43" />
  <attribute name="CPU Util currently" value="6855446100396" />
<exclusive-end id="340" timestamp="2019-06-16T00:36:17.368" durationms="7.483" />

<exclusive-start id="341" timestamp="2019-06-16T00:36:17.395" intervalms="34.657">
  <response-info timems="0.063" idlems="0.063" threads="0" lastid="0000000001627700" lastname="main" />
</exclusive-start>
<allocation-taxation id="342" taxation-threshold="11534336" timestamp="2019-06-16T00:36:17.395" intervalms="34.627" />
<cycle-start id="343" type="partial gc" contextid="0" timestamp="2019-06-16T00:36:17.396" intervalms="34.619" />
<gc-start id="344" type="partial gc" contextid="343" timestamp="2019-06-16T00:36:17.396">
  <mem-info id="345" free="0" total="33554432" percent="0">
    <mem type="eden" free="0" total="11534336" percent="0" />
    <remembered-set count="14624" freebytes="1280896" totalbytes="1339392" percent="95" regionsoverflowed="0" regionsstable="0" regionsrebuilding="0"/>
  </mem-info>
</gc-start>
<allocation-stats totalBytes="11533016" >
  <allocated-bytes non-tlh="0" tlh="11533016" arrayletleaf="0"/>
  <largest-consumer threadName="main" threadId="0000000001627700" bytes="11533016" />
</allocation-stats>
<gc-op id="346" type="mark" timems="2.521" contextid="343" timestamp="2019-06-16T00:36:17.399">
  <trace-info objectcount="27823" scancount="24601" scanbytes="956668" />
  <cardclean-info objects="145" bytes="19744" />
  <remembered-set-cleared processed="12004" cleared="1662" durationms="0.171" />
  <references type="soft" candidates="1" cleared="0" enqueued="0" dynamicThreshold="11" maxThreshold="32" />
  <references type="weak" candidates="209" cleared="0" enqueued="0" />
  <stringconstants candidates="11317" cleared="0"  />
  <warning details="Mark invoked due to insufficient free space for Copy-Forward" />
</gc-op>
<gc-op id="347" type="classunload" timems="0.003" contextid="343" timestamp="2019-06-16T00:36:17.399">
  <classunload-info classloadercandidates="21" classloadersunloaded="0" classesunloaded="0" anonymousclassesunloaded="0" quiescems="0.000" setupms="0.003" scanms="0.000" postms="0.000" />
</gc-op>
<gc-op id="348" type="sweep" timems="0.650" contextid="343" timestamp="2019-06-16T00:36:17.400" />
<gc-op id="349" type="compact" timems="2.762" contextid="343" timestamp="2019-06-16T00:36:17.403">
  <compact-info movecount="26506" movebytes="1094368" />
  <remembered-set-cleared processed="28048" cleared="7361" durationms="0.171" />
</gc-op>
<heap-resize id="350" type="expand" space="default" amount="1048576" count="1" timems="0.055" reason="insufficient free space following gc" timestamp="2019-06-16T00:36:17.403" />
<gc-end id="351" type="partial gc" contextid="343" durationms="7.511" usertimems="16.000" systemtimems="0.000" timestamp="2019-06-16T00:36:17.403" activeThreads="4">
  <mem-info id="352" free="12582912" total="34603008" percent="36">
    <mem type="eden" free="322712" total="1048576" percent="30" />
    <remembered-set count="17696" freebytes="1310464" totalbytes="1381248" percent="94" regionsoverflowed="0" regionsstable="0" regionsrebuilding="0"/>
  </mem-info>
</gc-end>
<cycle-end id="353" type="partial gc" contextid="343" timestamp="2019-06-16T00:36:17.404" />
  <attribute name="elasticGC enabled" value="1" />
  <attribute name= "numThreadsSpecified" value="4" />
  <attribute name="heapSize specified" value="0" />
  <attribute name="Current GC Util" value="117" />
  <attribute name= "Current Time Running" value="7066" />
  <attribute name ="GC Interval" value="0" />
  <attribute name="ProportionalT" value="145.500000" />
  <attribute name="ProportionalI" value="145.500000" />
  <attribute name="ProportionalH" value="145.500000" />
  <attribute name="Current Error" value="97.000000" />
  <attribute name="IntegralT" value="97.000000" />
  <attribute name="IntegralI" value="97.000000" />
  <attribute name="IntegralH" value="97.000000" />
  <attribute name="DerivativeT" value="48.500000" />
  <attribute name="DerivativeI" value="48.500000" />
  <attribute name="DerivativeH" value="48.500000" />
  <attribute name="Loop Time for DT" value="1.000000" />
  <attribute name="Output H" value="8388608"/>
  <attribute name="Output I" value="296"/>
  <attribute name="Output T" value="4"/>
  <attribute name="Target GC Util Change" value ="20.000000" />
  <attribute name="Current GC Util Change" value="117.000000"/>
  <attribute name="GC Util currently" value="117" />
  <attribute name="CPU Util currently" value="5175441702761" />
<exclusive-end id="354" timestamp="2019-06-16T00:36:17.404" durationms="8.572" />

<exclusive-start id="355" timestamp="2019-06-16T00:36:17.536" intervalms="141.105">
  <response-info timems="0.073" idlems="0.073" threads="0" lastid="0000000001627700" lastname="main" />
</exclusive-start>
<allocation-taxation id="356" taxation-threshold="12582912" timestamp="2019-06-16T00:36:17.537" intervalms="141.089" />
<cycle-start id="357" type="partial gc" contextid="0" timestamp="2019-06-16T00:36:17.537" intervalms="141.051" />
<gc-start id="358" type="partial gc" contextid="357" timestamp="2019-06-16T00:36:17.537">
  <mem-info id="359" free="0" total="34603008" percent="0">
    <mem type="eden" free="0" total="12582912" percent="0" />
    <remembered-set count="17696" freebytes="1310464" totalbytes="1381248" percent="94" regionsoverflowed="0" regionsstable="0" regionsrebuilding="0"/>
  </mem-info>
</gc-start>
<allocation-stats totalBytes="12579248" >
  <allocated-bytes non-tlh="704016" tlh="11875232" arrayletleaf="0"/>
  <largest-consumer threadName="main" threadId="0000000001627700" bytes="12579248" />
</allocation-stats>
<gc-op id="360" type="mark" timems="2.637" contextid="357" timestamp="2019-06-16T00:36:17.540">
  <trace-info objectcount="23847" scancount="21363" scanbytes="860468" />
  <cardclean-info objects="1742" bytes="89684" />
  <remembered-set-cleared processed="14943" cleared="3738" durationms="0.200" />
  <finalization candidates="1" enqueued="1" />
  <references type="soft" candidates="25" cleared="0" enqueued="0" dynamicThreshold="11" maxThreshold="32" />
  <references type="weak" candidates="385" cleared="13" enqueued="13" />
  <references type="phantom" candidates="1" cleared="0" enqueued="0" />
  <stringconstants candidates="11667" cleared="0"  />
  <warning details="Mark invoked due to insufficient free space for Copy-Forward" />
</gc-op>
<gc-op id="361" type="classunload" timems="0.004" contextid="357" timestamp="2019-06-16T00:36:17.540">
  <classunload-info classloadercandidates="26" classloadersunloaded="0" classesunloaded="0" anonymousclassesunloaded="0" quiescems="0.000" setupms="0.004" scanms="0.000" postms="0.000" />
</gc-op>
<gc-op id="362" type="sweep" timems="0.658" contextid="357" timestamp="2019-06-16T00:36:17.541" />
<gc-op id="363" type="compact" timems="2.575" contextid="357" timestamp="2019-06-16T00:36:17.544">
  <compact-info movecount="19976" movebytes="1167336" />
  <remembered-set-cleared processed="33740" cleared="11205" durationms="0.200" />
</gc-op>
<gc-end id="364" type="partial gc" contextid="357" durationms="7.088" usertimems="16.000" systemtimems="0.000" timestamp="2019-06-16T00:36:17.544" activeThreads="4">
  <mem-info id="365" free="11534336" total="34603008" percent="33">
    <mem type="eden" free="254296" total="1048576" percent="24" />
    <pending-finalizers system="0" default="1" reference="13" classloader="0" />
    <remembered-set count="18304" freebytes="1308032" totalbytes="1381248" percent="94" regionsoverflowed="0" regionsstable="0" regionsrebuilding="0"/>
  </mem-info>
</gc-end>
<cycle-end id="366" type="partial gc" contextid="357" timestamp="2019-06-16T00:36:17.544" />
  <attribute name="elasticGC enabled" value="1" />
  <attribute name= "numThreadsSpecified" value="4" />
  <attribute name="heapSize specified" value="0" />
  <attribute name="Current GC Util" value="125" />
  <attribute name= "Current Time Running" value="7207" />
  <attribute name ="GC Interval" value="0" />
  <attribute name="ProportionalT" value="157.500000" />
  <attribute name="ProportionalI" value="157.500000" />
  <attribute name="ProportionalH" value="157.500000" />
  <attribute name="Current Error" value="105.000000" />
  <attribute name="IntegralT" value="105.000000" />
  <attribute name="IntegralI" value="105.000000" />
  <attribute name="IntegralH" value="105.000000" />
  <attribute name="DerivativeT" value="52.500000" />
  <attribute name="DerivativeI" value="52.500000" />
  <attribute name="DerivativeH" value="52.500000" />
  <attribute name="Loop Time for DT" value="1.000000" />
  <attribute name="Output H" value="8388608"/>
  <attribute name="Output I" value="320"/>
  <attribute name="Output T" value="4"/>
  <attribute name="Target GC Util Change" value ="20.000000" />
  <attribute name="Current GC Util Change" value="125.000000"/>
  <attribute name="GC Util currently" value="125" />
  <attribute name="CPU Util currently" value="5304214921578" />
<exclusive-end id="367" timestamp="2019-06-16T00:36:17.544" durationms="7.977" />

<exclusive-start id="368" timestamp="2019-06-16T00:36:17.596" intervalms="59.825">
  <response-info timems="0.024" idlems="0.024" threads="0" lastid="0000000001627700" lastname="main" />
</exclusive-start>
<allocation-taxation id="369" taxation-threshold="11534336" timestamp="2019-06-16T00:36:17.596" intervalms="59.748" />
<cycle-start id="370" type="partial gc" contextid="0" timestamp="2019-06-16T00:36:17.596" intervalms="59.705" />
<gc-start id="371" type="partial gc" contextid="370" timestamp="2019-06-16T00:36:17.597">
  <mem-info id="372" free="0" total="34603008" percent="0">
    <mem type="eden" free="0" total="11534336" percent="0" />
    <remembered-set count="17984" freebytes="1309312" totalbytes="1381248" percent="94" regionsoverflowed="0" regionsstable="0" regionsrebuilding="0"/>
  </mem-info>
</gc-start>
<allocation-stats totalBytes="11530008" >
  <allocated-bytes non-tlh="482120" tlh="11047888" arrayletleaf="0"/>
  <largest-consumer threadName="main" threadId="0000000001627700" bytes="11521696" />
</allocation-stats>
<gc-op id="373" type="mark" timems="1.634" contextid="370" timestamp="2019-06-16T00:36:17.599">
  <trace-info objectcount="6089" scancount="5466" scanbytes="219176" />
  <cardclean-info objects="778" bytes="53148" />
  <remembered-set-cleared processed="16030" cleared="1893" durationms="0.203" />
  <references type="soft" candidates="50" cleared="0" enqueued="0" dynamicThreshold="10" maxThreshold="32" />
  <references type="weak" candidates="383" cleared="2" enqueued="2" />
  <references type="phantom" candidates="2" cleared="0" enqueued="0" />
  <stringconstants candidates="11793" cleared="6"  />
  <warning details="Mark invoked due to insufficient free space for Copy-Forward" />
</gc-op>
<gc-op id="374" type="classunload" timems="0.333" contextid="370" timestamp="2019-06-16T00:36:17.599">
  <classunload-info classloadercandidates="28" classloadersunloaded="1" classesunloaded="1" anonymousclassesunloaded="0" quiescems="0.000" setupms="0.322" scanms="0.007" postms="0.004" />
</gc-op>
<gc-op id="375" type="sweep" timems="0.438" contextid="370" timestamp="2019-06-16T00:36:17.600" />
<gc-op id="376" type="compact" timems="1.455" contextid="370" timestamp="2019-06-16T00:36:17.601">
  <compact-info movecount="6086" movebytes="585128" />
  <remembered-set-cleared processed="33663" cleared="5384" durationms="0.203" />
</gc-op>
<heap-resize id="377" type="expand" space="default" amount="3145728" count="1" timems="0.069" reason="insufficient free space following gc" timestamp="2019-06-16T00:36:17.602" />
<gc-end id="378" type="partial gc" contextid="370" durationms="5.282" usertimems="8.000" systemtimems="0.000" timestamp="2019-06-16T00:36:17.602" activeThreads="4">
  <mem-info id="379" free="13631488" total="37748736" percent="36">
    <mem type="eden" free="640960" total="1048576" percent="61" />
    <pending-finalizers system="0" default="0" reference="2" classloader="0" />
    <remembered-set count="18080" freebytes="1434496" totalbytes="1506816" percent="95" regionsoverflowed="0" regionsstable="0" regionsrebuilding="0"/>
  </mem-info>
</gc-end>
<cycle-end id="380" type="partial gc" contextid="370" timestamp="2019-06-16T00:36:17.602" />
  <attribute name="elasticGC enabled" value="1" />
  <attribute name= "numThreadsSpecified" value="4" />
  <attribute name="heapSize specified" value="0" />
  <attribute name="Current GC Util" value="32" />
  <attribute name= "Current Time Running" value="7266" />
  <attribute name ="GC Interval" value="0" />
  <attribute name="ProportionalT" value="18.000000" />
  <attribute name="ProportionalI" value="18.000000" />
  <attribute name="ProportionalH" value="18.000000" />
  <attribute name="Current Error" value="12.000000" />
  <attribute name="IntegralT" value="12.000000" />
  <attribute name="IntegralI" value="12.000000" />
  <attribute name="IntegralH" value="12.000000" />
  <attribute name="DerivativeT" value="6.000000" />
  <attribute name="DerivativeI" value="6.000000" />
  <attribute name="DerivativeH" value="6.000000" />
  <attribute name="Loop Time for DT" value="1.000000" />
  <attribute name="Output H" value="8388608"/>
  <attribute name="Output I" value="200"/>
  <attribute name="Output T" value="4"/>
  <attribute name="Target GC Util Change" value ="20.000000" />
  <attribute name="Current GC Util Change" value="32.000000"/>
  <attribute name="GC Util currently" value="32" />
  <attribute name="CPU Util currently" value="6568426978227" />
<exclusive-end id="381" timestamp="2019-06-16T00:36:17.602" durationms="6.063" />

<exclusive-start id="382" timestamp="2019-06-16T00:36:17.646" intervalms="49.763">
  <response-info timems="0.052" idlems="0.052" threads="0" lastid="0000000001627700" lastname="main" />
</exclusive-start>
<allocation-taxation id="383" taxation-threshold="13631488" timestamp="2019-06-16T00:36:17.646" intervalms="49.803" />
<cycle-start id="384" type="partial gc" contextid="0" timestamp="2019-06-16T00:36:17.646" intervalms="49.877" />
<gc-start id="385" type="partial gc" contextid="384" timestamp="2019-06-16T00:36:17.647">
  <mem-info id="386" free="0" total="37748736" percent="0">
    <mem type="eden" free="640960" total="14680064" percent="4" />
    <remembered-set count="18080" freebytes="1434496" totalbytes="1506816" percent="95" regionsoverflowed="0" regionsstable="0" regionsrebuilding="0"/>
  </mem-info>
</gc-start>
<allocation-stats totalBytes="13547560" >
  <allocated-bytes non-tlh="496656" tlh="13050904" arrayletleaf="0"/>
  <largest-consumer threadName="main" threadId="0000000001627700" bytes="13547560" />
</allocation-stats>
<gc-op id="387" type="mark" timems="1.344" contextid="384" timestamp="2019-06-16T00:36:17.648">
  <trace-info objectcount="3619" scancount="3233" scanbytes="138668" />
  <cardclean-info objects="177" bytes="17360" />
  <remembered-set-cleared processed="16126" cleared="391" durationms="0.202" />
  <references type="soft" candidates="26" cleared="0" enqueued="0" dynamicThreshold="11" maxThreshold="32" />
  <references type="weak" candidates="11" cleared="0" enqueued="0" />
  <references type="phantom" candidates="1" cleared="0" enqueued="0" />
  <stringconstants candidates="11913" cleared="0"  />
  <warning details="Mark invoked due to insufficient free space for Copy-Forward" />
</gc-op>
<gc-op id="388" type="classunload" timems="0.003" contextid="384" timestamp="2019-06-16T00:36:17.649">
  <classunload-info classloadercandidates="28" classloadersunloaded="0" classesunloaded="0" anonymousclassesunloaded="0" quiescems="0.000" setupms="0.002" scanms="0.000" postms="0.000" />
</gc-op>
<gc-op id="389" type="sweep" timems="0.448" contextid="384" timestamp="2019-06-16T00:36:17.649" />
<gc-op id="390" type="compact" timems="1.561" contextid="384" timestamp="2019-06-16T00:36:17.651">
  <compact-info movecount="3533" movebytes="479152" />
  <remembered-set-cleared processed="32933" cleared="1445" durationms="0.202" />
</gc-op>
<gc-end id="391" type="partial gc" contextid="384" durationms="4.754" usertimems="4.000" systemtimems="0.000" timestamp="2019-06-16T00:36:17.651" activeThreads="1">
  <mem-info id="392" free="12582912" total="37748736" percent="33">
    <mem type="eden" free="1615104" total="2097152" percent="77" />
    <remembered-set count="18528" freebytes="1432704" totalbytes="1506816" percent="95" regionsoverflowed="0" regionsstable="0" regionsrebuilding="0"/>
  </mem-info>
</gc-end>
<cycle-end id="393" type="partial gc" contextid="384" timestamp="2019-06-16T00:36:17.651" />
  <attribute name="elasticGC enabled" value="1" />
  <attribute name= "numThreadsSpecified" value="1" />
  <attribute name="heapSize specified" value="0" />
  <attribute name="Current GC Util" value="31" />
  <attribute name= "Current Time Running" value="7315" />
  <attribute name ="GC Interval" value="0" />
  <attribute name="ProportionalT" value="16.500000" />
  <attribute name="ProportionalI" value="16.500000" />
  <attribute name="ProportionalH" value="16.500000" />
  <attribute name="Current Error" value="11.000000" />
  <attribute name="IntegralT" value="0.000000" />
  <attribute name="IntegralI" value="0.000000" />
  <attribute name="IntegralH" value="0.000000" />
  <attribute name="DerivativeT" value="inf" />
  <attribute name="DerivativeI" value="inf" />
  <attribute name="DerivativeH" value="inf" />
  <attribute name="Loop Time for DT" value="0.000000" />
  <attribute name="Output H" value="8388608"/>
  <attribute name="Output I" value="200"/>
  <attribute name="Output T" value="1"/>
  <attribute name="Target GC Util Change" value ="20.000000" />
  <attribute name="Current GC Util Change" value="31.000000"/>
  <attribute name="GC Util currently" value="31" />
  <attribute name="CPU Util currently" value="6486187800818" />
<exclusive-end id="394" timestamp="2019-06-16T00:36:17.652" durationms="5.817" />

<exclusive-start id="395" timestamp="2019-06-16T00:36:17.717" intervalms="70.823">
  <response-info timems="0.027" idlems="0.027" threads="0" lastid="0000000001627700" lastname="main" />
</exclusive-start>
<allocation-taxation id="396" taxation-threshold="12582912" timestamp="2019-06-16T00:36:17.717" intervalms="70.824" />
<cycle-start id="397" type="partial gc" contextid="0" timestamp="2019-06-16T00:36:17.717" intervalms="70.827" />
<gc-start id="398" type="partial gc" contextid="397" timestamp="2019-06-16T00:36:17.717">
  <mem-info id="399" free="0" total="37748736" percent="0">
    <mem type="eden" free="0" total="12582912" percent="0" />
    <remembered-set count="18272" freebytes="1433728" totalbytes="1506816" percent="95" regionsoverflowed="0" regionsstable="0" regionsrebuilding="0"/>
  </mem-info>
</gc-start>
<allocation-stats totalBytes="12580576" >
  <allocated-bytes non-tlh="625712" tlh="11954864" arrayletleaf="0"/>
  <largest-consumer threadName="main" threadId="0000000001627700" bytes="12580576" />
</allocation-stats>
<gc-op id="400" type="mark" timems="1.862" contextid="397" timestamp="2019-06-16T00:36:17.720">
  <trace-info objectcount="10024" scancount="8985" scanbytes="316896" />
  <cardclean-info objects="2092" bytes="110712" />
  <remembered-set-cleared processed="16492" cleared="551" durationms="0.210" />
  <references type="soft" candidates="92" cleared="0" enqueued="0" dynamicThreshold="10" maxThreshold="32" />
  <references type="weak" candidates="260" cleared="10" enqueued="10" />
  <references type="phantom" candidates="1" cleared="0" enqueued="0" />
  <stringconstants candidates="12288" cleared="3"  />
  <warning details="Mark invoked due to insufficient free space for Copy-Forward" />
</gc-op>
<gc-op id="401" type="classunload" timems="0.379" contextid="397" timestamp="2019-06-16T00:36:17.720">
  <classunload-info classloadercandidates="32" classloadersunloaded="1" classesunloaded="1" anonymousclassesunloaded="0" quiescems="0.000" setupms="0.368" scanms="0.007" postms="0.004" />
</gc-op>
<gc-op id="402" type="sweep" timems="0.468" contextid="397" timestamp="2019-06-16T00:36:17.721" />
<gc-op id="403" type="compact" timems="1.881" contextid="397" timestamp="2019-06-16T00:36:17.723">
  <compact-info movecount="10020" movebytes="644312" />
  <remembered-set-cleared processed="36121" cleared="4202" durationms="0.210" />
</gc-op>
<heap-resize id="404" type="expand" space="default" amount="2097152" count="1" timems="0.066" reason="insufficient free space following gc" timestamp="2019-06-16T00:36:17.723" />
<gc-end id="405" type="partial gc" contextid="397" durationms="6.170" usertimems="8.000" systemtimems="0.000" timestamp="2019-06-16T00:36:17.724" activeThreads="4">
  <mem-info id="406" free="13631488" total="39845888" percent="34">
    <mem type="eden" free="457944" total="1048576" percent="43" />
    <pending-finalizers system="0" default="0" reference="10" classloader="0" />
    <remembered-set count="21056" freebytes="1506304" totalbytes="1590528" percent="94" regionsoverflowed="0" regionsstable="0" regionsrebuilding="0"/>
  </mem-info>
</gc-end>
<cycle-end id="407" type="partial gc" contextid="397" timestamp="2019-06-16T00:36:17.724" />
  <attribute name="elasticGC enabled" value="1" />
  <attribute name= "numThreadsSpecified" value="4" />
  <attribute name="heapSize specified" value="0" />
  <attribute name="Current GC Util" value="41" />
  <attribute name= "Current Time Running" value="7387" />
  <attribute name ="GC Interval" value="0" />
  <attribute name="ProportionalT" value="31.500000" />
  <attribute name="ProportionalI" value="31.500000" />
  <attribute name="ProportionalH" value="31.500000" />
  <attribute name="Current Error" value="21.000000" />
  <attribute name="IntegralT" value="21.000000" />
  <attribute name="IntegralI" value="21.000000" />
  <attribute name="IntegralH" value="21.000000" />
  <attribute name="DerivativeT" value="10.500000" />
  <attribute name="DerivativeI" value="10.500000" />
  <attribute name="DerivativeH" value="10.500000" />
  <attribute name="Loop Time for DT" value="1.000000" />
  <attribute name="Output H" value="8388608"/>
  <attribute name="Output I" value="200"/>
  <attribute name="Output T" value="4"/>
  <attribute name="Target GC Util Change" value ="20.000000" />
  <attribute name="Current GC Util Change" value="41.000000"/>
  <attribute name="GC Util currently" value="41" />
  <attribute name="CPU Util currently" value="6309348804676" />
<exclusive-end id="408" timestamp="2019-06-16T00:36:17.724" durationms="7.151" />

<exclusive-start id="409" timestamp="2019-06-16T00:36:17.778" intervalms="61.706">
  <response-info timems="0.019" idlems="0.019" threads="0" lastid="0000000001627700" lastname="main" />
</exclusive-start>
<allocation-taxation id="410" taxation-threshold="13631488" timestamp="2019-06-16T00:36:17.779" intervalms="61.763" />
<cycle-start id="411" type="partial gc" contextid="0" timestamp="2019-06-16T00:36:17.779" intervalms="61.695" />
<gc-start id="412" type="partial gc" contextid="411" timestamp="2019-06-16T00:36:17.779">
  <mem-info id="413" free="0" total="39845888" percent="0">
    <mem type="eden" free="457944" total="14680064" percent="3" />
    <remembered-set count="21056" freebytes="1506304" totalbytes="1590528" percent="94" regionsoverflowed="0" regionsstable="0" regionsrebuilding="0"/>
  </mem-info>
</gc-start>
<allocation-stats totalBytes="13629576" >
  <allocated-bytes non-tlh="617576" tlh="13012000" arrayletleaf="0"/>
  <largest-consumer threadName="main" threadId="0000000001627700" bytes="13629576" />
</allocation-stats>
<gc-op id="414" type="mark" timems="1.741" contextid="411" timestamp="2019-06-16T00:36:17.781">
  <trace-info objectcount="12580" scancount="11224" scanbytes="398516" />
  <cardclean-info objects="960" bytes="56260" />
  <remembered-set-cleared processed="18043" cleared="1890" durationms="0.135" />
  <references type="soft" candidates="94" cleared="0" enqueued="0" dynamicThreshold="10" maxThreshold="32" />
  <references type="weak" candidates="306" cleared="0" enqueued="0" />
  <stringconstants candidates="12387" cleared="0"  />
  <warning details="Mark invoked due to insufficient free space for Copy-Forward" />
</gc-op>
<gc-op id="415" type="classunload" timems="0.003" contextid="411" timestamp="2019-06-16T00:36:17.781">
  <classunload-info classloadercandidates="34" classloadersunloaded="0" classesunloaded="0" anonymousclassesunloaded="0" quiescems="0.000" setupms="0.003" scanms="0.000" postms="0.000" />
</gc-op>
<gc-op id="416" type="sweep" timems="0.319" contextid="411" timestamp="2019-06-16T00:36:17.782" />
<gc-op id="417" type="compact" timems="1.979" contextid="411" timestamp="2019-06-16T00:36:17.784">
  <compact-info movecount="12345" movebytes="482432" />
  <remembered-set-cleared processed="38614" cleared="6275" durationms="0.135" />
</gc-op>
<heap-resize id="418" type="expand" space="default" amount="3145728" count="1" timems="0.067" reason="insufficient free space following gc" timestamp="2019-06-16T00:36:17.784" />
<gc-end id="419" type="partial gc" contextid="411" durationms="5.593" usertimems="8.000" systemtimems="0.000" timestamp="2019-06-16T00:36:17.785" activeThreads="4">
  <mem-info id="420" free="15728640" total="42991616" percent="36">
    <mem type="eden" free="1590152" total="2097152" percent="75" />
    <remembered-set count="21376" freebytes="1630592" totalbytes="1716096" percent="95" regionsoverflowed="0" regionsstable="0" regionsrebuilding="0"/>
  </mem-info>
</gc-end>
<cycle-end id="421" type="partial gc" contextid="411" timestamp="2019-06-16T00:36:17.785" />
  <attribute name="elasticGC enabled" value="1" />
  <attribute name= "numThreadsSpecified" value="4" />
  <attribute name="heapSize specified" value="0" />
  <attribute name="Current GC Util" value="35" />
  <attribute name= "Current Time Running" value="7448" />
  <attribute name ="GC Interval" value="0" />
  <attribute name="ProportionalT" value="22.500000" />
  <attribute name="ProportionalI" value="22.500000" />
  <attribute name="ProportionalH" value="22.500000" />
  <attribute name="Current Error" value="15.000000" />
  <attribute name="IntegralT" value="0.000000" />
  <attribute name="IntegralI" value="0.000000" />
  <attribute name="IntegralH" value="0.000000" />
  <attribute name="DerivativeT" value="-inf" />
  <attribute name="DerivativeI" value="-inf" />
  <attribute name="DerivativeH" value="-inf" />
  <attribute name="Loop Time for DT" value="0.000000" />
  <attribute name="Output H" value="2091843584"/>
  <attribute name="Output I" value="200"/>
  <attribute name="Output T" value="4"/>
  <attribute name="Target GC Util Change" value ="20.000000" />
  <attribute name="Current GC Util Change" value="35.000000"/>
  <attribute name="GC Util currently" value="35" />
  <attribute name="CPU Util currently" value="8706978541076" />
<exclusive-end id="422" timestamp="2019-06-16T00:36:17.785" durationms="6.660" />

<exclusive-start id="423" timestamp="2019-06-16T00:36:17.830" intervalms="51.596">
  <response-info timems="0.027" idlems="0.027" threads="0" lastid="0000000001627700" lastname="main" />
</exclusive-start>
<allocation-taxation id="424" taxation-threshold="15728640" timestamp="2019-06-16T00:36:17.830" intervalms="51.617" />
<cycle-start id="425" type="partial gc" contextid="0" timestamp="2019-06-16T00:36:17.830" intervalms="51.693" />
<gc-start id="426" type="partial gc" contextid="425" timestamp="2019-06-16T00:36:17.831">
  <mem-info id="427" free="0" total="42991616" percent="0">
    <mem type="eden" free="0" total="15728640" percent="0" />
    <remembered-set count="20928" freebytes="1632384" totalbytes="1716096" percent="95" regionsoverflowed="0" regionsstable="0" regionsrebuilding="0"/>
  </mem-info>
</gc-start>
<allocation-stats totalBytes="15725120" >
  <allocated-bytes non-tlh="406288" tlh="15318832" arrayletleaf="0"/>
  <largest-consumer threadName="main" threadId="0000000001627700" bytes="15725120" />
</allocation-stats>
<gc-op id="428" type="mark" timems="2.455" contextid="425" timestamp="2019-06-16T00:36:17.834">
  <trace-info objectcount="22490" scancount="20245" scanbytes="895948" />
  <cardclean-info objects="433" bytes="29900" />
  <remembered-set-cleared processed="18954" cleared="1111" durationms="0.234" />
  <references type="soft" candidates="38" cleared="0" enqueued="0" dynamicThreshold="11" maxThreshold="32" />
  <references type="weak" candidates="123" cleared="2" enqueued="2" />
  <references type="phantom" candidates="1" cleared="0" enqueued="0" />
  <stringconstants candidates="12470" cleared="0"  />
  <warning details="Mark invoked due to insufficient free space for Copy-Forward" />
</gc-op>
<gc-op id="429" type="classunload" timems="0.003" contextid="425" timestamp="2019-06-16T00:36:17.834">
  <classunload-info classloadercandidates="36" classloadersunloaded="0" classesunloaded="0" anonymousclassesunloaded="0" quiescems="0.000" setupms="0.003" scanms="0.000" postms="0.000" />
</gc-op>
<gc-op id="430" type="sweep" timems="0.629" contextid="425" timestamp="2019-06-16T00:36:17.835" />
<gc-op id="431" type="compact" timems="2.347" contextid="425" timestamp="2019-06-16T00:36:17.837">
  <compact-info movecount="22193" movebytes="1217200" />
  <remembered-set-cleared processed="41133" cleared="5375" durationms="0.234" />
</gc-op>
<heap-resize id="432" type="expand" space="default" amount="1048576" count="1" timems="0.052" reason="insufficient free space following gc" timestamp="2019-06-16T00:36:17.838" />
<gc-end id="433" type="partial gc" contextid="425" durationms="6.995" usertimems="12.000" systemtimems="0.000" timestamp="2019-06-16T00:36:17.838" activeThreads="4">
  <mem-info id="434" free="14680064" total="44040192" percent="33">
    <mem type="eden" free="908496" total="2097152" percent="43" />
    <pending-finalizers system="0" default="0" reference="2" classloader="0" />
    <remembered-set count="24288" freebytes="1660800" totalbytes="1757952" percent="94" regionsoverflowed="0" regionsstable="0" regionsrebuilding="0"/>
  </mem-info>
</gc-end>
<cycle-end id="435" type="partial gc" contextid="425" timestamp="2019-06-16T00:36:17.838" />
  <attribute name="elasticGC enabled" value="1" />
  <attribute name= "numThreadsSpecified" value="4" />
  <attribute name="heapSize specified" value="0" />
  <attribute name="Current GC Util" value="105" />
  <attribute name= "Current Time Running" value="7501" />
  <attribute name ="GC Interval" value="0" />
  <attribute name="ProportionalT" value="127.500000" />
  <attribute name="ProportionalI" value="127.500000" />
  <attribute name="ProportionalH" value="127.500000" />
  <attribute name="Current Error" value="85.000000" />
  <attribute name="IntegralT" value="85.000000" />
  <attribute name="IntegralI" value="85.000000" />
  <attribute name="IntegralH" value="85.000000" />
  <attribute name="DerivativeT" value="42.500000" />
  <attribute name="DerivativeI" value="42.500000" />
  <attribute name="DerivativeH" value="42.500000" />
  <attribute name="Loop Time for DT" value="1.000000" />
  <attribute name="Output H" value="8388608"/>
  <attribute name="Output I" value="256"/>
  <attribute name="Output T" value="4"/>
  <attribute name="Target GC Util Change" value ="20.000000" />
  <attribute name="Current GC Util Change" value="105.000000"/>
  <attribute name="GC Util currently" value="105" />
  <attribute name="CPU Util currently" value="5237832184905" />
<exclusive-end id="436" timestamp="2019-06-16T00:36:17.838" durationms="8.065" />

<exclusive-start id="437" timestamp="2019-06-16T00:36:17.878" intervalms="47.912">
  <response-info timems="0.027" idlems="0.027" threads="0" lastid="0000000001627700" lastname="main" />
</exclusive-start>
<allocation-taxation id="438" taxation-threshold="14680064" timestamp="2019-06-16T00:36:17.878" intervalms="47.906" />
<cycle-start id="439" type="partial gc" contextid="0" timestamp="2019-06-16T00:36:17.878" intervalms="47.913" />
<gc-start id="440" type="partial gc" contextid="439" timestamp="2019-06-16T00:36:17.879">
  <mem-info id="441" free="0" total="44040192" percent="0">
    <mem type="eden" free="0" total="14680064" percent="0" />
    <remembered-set count="23904" freebytes="1662336" totalbytes="1757952" percent="94" regionsoverflowed="0" regionsstable="0" regionsrebuilding="0"/>
  </mem-info>
</gc-start>
<allocation-stats totalBytes="14677776" >
  <allocated-bytes non-tlh="200784" tlh="14476992" arrayletleaf="0"/>
  <largest-consumer threadName="main" threadId="0000000001627700" bytes="14673680" />
</allocation-stats>
<gc-op id="442" type="mark" timems="2.631" contextid="439" timestamp="2019-06-16T00:36:17.882">
  <trace-info objectcount="21860" scancount="19632" scanbytes="825148" />
  <cardclean-info objects="259" bytes="24916" />
  <remembered-set-cleared processed="20560" cleared="2501" durationms="0.258" />
  <references type="soft" candidates="39" cleared="0" enqueued="0" dynamicThreshold="10" maxThreshold="32" />
  <references type="weak" candidates="119" cleared="0" enqueued="0" />
  <references type="phantom" candidates="1" cleared="0" enqueued="0" />
  <stringconstants candidates="12481" cleared="0"  />
  <warning details="Mark invoked due to insufficient free space for Copy-Forward" />
</gc-op>
<gc-op id="443" type="classunload" timems="0.003" contextid="439" timestamp="2019-06-16T00:36:17.882">
  <classunload-info classloadercandidates="37" classloadersunloaded="0" classesunloaded="0" anonymousclassesunloaded="0" quiescems="0.000" setupms="0.003" scanms="0.000" postms="0.000" />
</gc-op>
<gc-op id="444" type="sweep" timems="0.855" contextid="439" timestamp="2019-06-16T00:36:17.883" />
<gc-op id="445" type="compact" timems="2.856" contextid="439" timestamp="2019-06-16T00:36:17.886">
  <compact-info movecount="21033" movebytes="1193440" />
  <remembered-set-cleared processed="43445" cleared="7321" durationms="0.258" />
</gc-op>
<heap-resize id="446" type="expand" space="default" amount="1048576" count="1" timems="0.065" reason="insufficient free space following gc" timestamp="2019-06-16T00:36:17.887" />
<gc-end id="447" type="partial gc" contextid="439" durationms="8.108" usertimems="12.000" systemtimems="0.000" timestamp="2019-06-16T00:36:17.887" activeThreads="4">
  <mem-info id="448" free="14680064" total="45088768" percent="32">
    <mem type="eden" free="946424" total="2097152" percent="45" />
    <remembered-set count="23904" freebytes="1704192" totalbytes="1799808" percent="94" regionsoverflowed="0" regionsstable="0" regionsrebuilding="0"/>
  </mem-info>
</gc-end>
<cycle-end id="449" type="partial gc" contextid="439" timestamp="2019-06-16T00:36:17.887" />
  <attribute name="elasticGC enabled" value="1" />
  <attribute name= "numThreadsSpecified" value="4" />
  <attribute name="heapSize specified" value="0" />
  <attribute name="Current GC Util" value="143" />
  <attribute name= "Current Time Running" value="7549" />
  <attribute name ="GC Interval" value="0" />
  <attribute name="ProportionalT" value="184.500000" />
  <attribute name="ProportionalI" value="184.500000" />
  <attribute name="ProportionalH" value="184.500000" />
  <attribute name="Current Error" value="123.000000" />
  <attribute name="IntegralT" value="123.000000" />
  <attribute name="IntegralI" value="123.000000" />
  <attribute name="IntegralH" value="123.000000" />
  <attribute name="DerivativeT" value="61.500000" />
  <attribute name="DerivativeI" value="61.500000" />
  <attribute name="DerivativeH" value="61.500000" />
  <attribute name="Loop Time for DT" value="1.000000" />
  <attribute name="Output H" value="8388608"/>
  <attribute name="Output I" value="376"/>
  <attribute name="Output T" value="4"/>
  <attribute name="Target GC Util Change" value ="20.000000" />
  <attribute name="Current GC Util Change" value="143.000000"/>
  <attribute name="GC Util currently" value="143" />
  <attribute name="CPU Util currently" value="4161833435678" />
<exclusive-end id="450" timestamp="2019-06-16T00:36:17.887" durationms="9.268" />

<exclusive-start id="451" timestamp="2019-06-16T00:36:17.919" intervalms="41.326">
  <response-info timems="0.023" idlems="0.023" threads="0" lastid="0000000001627700" lastname="main" />
</exclusive-start>
<allocation-taxation id="452" taxation-threshold="14680064" timestamp="2019-06-16T00:36:17.919" intervalms="41.325" />
<cycle-start id="453" type="partial gc" contextid="0" timestamp="2019-06-16T00:36:17.920" intervalms="41.331" />
<gc-start id="454" type="partial gc" contextid="453" timestamp="2019-06-16T00:36:17.920">
  <mem-info id="455" free="0" total="45088768" percent="0">
    <mem type="eden" free="0" total="14680064" percent="0" />
    <remembered-set count="23904" freebytes="1704192" totalbytes="1799808" percent="94" regionsoverflowed="0" regionsstable="0" regionsrebuilding="0"/>
  </mem-info>
</gc-start>
<allocation-stats totalBytes="14677688" >
  <allocated-bytes non-tlh="200400" tlh="14477288" arrayletleaf="0"/>
  <largest-consumer threadName="main" threadId="0000000001627700" bytes="14677688" />
</allocation-stats>
<gc-op id="456" type="mark" timems="1.659" contextid="453" timestamp="2019-06-16T00:36:17.922">
  <trace-info objectcount="10853" scancount="9846" scanbytes="423960" />
  <cardclean-info objects="106" bytes="11804" />
  <remembered-set-cleared processed="21175" cleared="2095" durationms="0.175" />
  <references type="soft" candidates="2" cleared="0" enqueued="0" dynamicThreshold="10" maxThreshold="32" />
  <references type="weak" candidates="16" cleared="0" enqueued="0" />
  <references type="phantom" candidates="1" cleared="0" enqueued="0" />
  <stringconstants candidates="12486" cleared="0"  />
  <warning details="Mark invoked due to insufficient free space for Copy-Forward" />
</gc-op>
<gc-op id="457" type="classunload" timems="0.003" contextid="453" timestamp="2019-06-16T00:36:17.922">
  <classunload-info classloadercandidates="38" classloadersunloaded="0" classesunloaded="0" anonymousclassesunloaded="0" quiescems="0.000" setupms="0.003" scanms="0.000" postms="0.000" />
</gc-op>
<gc-op id="458" type="sweep" timems="0.378" contextid="453" timestamp="2019-06-16T00:36:17.923" />
<gc-op id="459" type="compact" timems="1.867" contextid="453" timestamp="2019-06-16T00:36:17.925">
  <compact-info movecount="10853" movebytes="705480" />
  <remembered-set-cleared processed="42666" cleared="4502" durationms="0.175" />
</gc-op>
<heap-resize id="460" type="expand" space="default" amount="8388608" count="1" timems="0.096" reason="excessive time being spent in gc" timestamp="2019-06-16T00:36:17.925" />
<gc-end id="461" type="partial gc" contextid="453" durationms="5.488" usertimems="8.000" systemtimems="0.000" timestamp="2019-06-16T00:36:17.925" activeThreads="4">
  <mem-info id="462" free="23068672" total="53477376" percent="43">
    <mem type="eden" free="348816" total="1048576" percent="33" />
    <remembered-set count="22976" freebytes="2042752" totalbytes="2134656" percent="95" regionsoverflowed="0" regionsstable="0" regionsrebuilding="0"/>
  </mem-info>
</gc-end>
<cycle-end id="463" type="partial gc" contextid="453" timestamp="2019-06-16T00:36:17.926" />
  <attribute name="elasticGC enabled" value="1" />
  <attribute name= "numThreadsSpecified" value="4" />
  <attribute name="heapSize specified" value="0" />
  <attribute name="Current GC Util" value="37" />
  <attribute name= "Current Time Running" value="7589" />
  <attribute name ="GC Interval" value="0" />
  <attribute name="ProportionalT" value="25.500000" />
  <attribute name="ProportionalI" value="25.500000" />
  <attribute name="ProportionalH" value="25.500000" />
  <attribute name="Current Error" value="17.000000" />
  <attribute name="IntegralT" value="17.000000" />
  <attribute name="IntegralI" value="17.000000" />
  <attribute name="IntegralH" value="17.000000" />
  <attribute name="DerivativeT" value="-39.500000" />
  <attribute name="DerivativeI" value="-39.500000" />
  <attribute name="DerivativeH" value="-39.500000" />
  <attribute name="Loop Time for DT" value="1.000000" />
  <attribute name="Output H" value="8388608"/>
  <attribute name="Output I" value="200"/>
  <attribute name="Output T" value="4"/>
  <attribute name="Target GC Util Change" value ="20.000000" />
  <attribute name="Current GC Util Change" value="37.000000"/>
  <attribute name="GC Util currently" value="37" />
  <attribute name="CPU Util currently" value="7768803420759" />
<exclusive-end id="464" timestamp="2019-06-16T00:36:17.926" durationms="6.549" />

<exclusive-start id="465" timestamp="2019-06-16T00:36:17.972" intervalms="53.161">
  <response-info timems="0.054" idlems="0.054" threads="0" lastid="0000000001627700" lastname="main" />
</exclusive-start>
<allocation-taxation id="466" taxation-threshold="19922944" timestamp="2019-06-16T00:36:17.973" intervalms="53.133" />
<cycle-start id="467" type="partial gc" contextid="0" timestamp="2019-06-16T00:36:17.973" intervalms="53.124" />
<gc-start id="468" type="partial gc" contextid="467" timestamp="2019-06-16T00:36:17.973">
  <mem-info id="469" free="3145728" total="53477376" percent="5">
    <mem type="eden" free="0" total="19922944" percent="0" />
    <remembered-set count="22976" freebytes="2042752" totalbytes="2134656" percent="95" regionsoverflowed="0" regionsstable="0" regionsrebuilding="0"/>
  </mem-info>
</gc-start>
<allocation-stats totalBytes="19920040" >
  <allocated-bytes non-tlh="402496" tlh="19517544" arrayletleaf="0"/>
  <largest-consumer threadName="main" threadId="0000000001627700" bytes="19920040" />
</allocation-stats>
<gc-op id="470" type="copy forward" timems="2.251" contextid="467" timestamp="2019-06-16T00:36:17.976">
  <memory-copied type="eden" objects="10575" bytes="745792" bytesdiscarded="0" />
  <memory-copied type="other" objects="843" bytes="25952" bytesdiscarded="0" />
  <memory-cardclean objects="135" bytes="12704" />
  <regions eden="19" other="1" />
  <remembered-set-cleared processed="20686" cleared="1345" durationms="0.252" />
  <references type="soft" candidates="3" cleared="0" enqueued="0" dynamicThreshold="13" maxThreshold="32" />
  <references type="weak" candidates="30" cleared="0" enqueued="0" />
  <references type="phantom" candidates="1" cleared="0" enqueued="0" />
  <stringconstants candidates="12505" cleared="0"  />
</gc-op>
<gc-op id="471" type="classunload" timems="0.004" contextid="467" timestamp="2019-06-16T00:36:17.976">
  <classunload-info classloadercandidates="40" classloadersunloaded="0" classesunloaded="0" anonymousclassesunloaded="0" quiescems="0.000" setupms="0.003" scanms="0.000" postms="0.000" />
</gc-op>
<heap-resize id="472" type="expand" space="default" amount="9437184" count="1" timems="0.099" reason="excessive time being spent in gc" timestamp="2019-06-16T00:36:17.977" />
<gc-end id="473" type="partial gc" contextid="467" durationms="3.638" usertimems="4.000" systemtimems="0.000" timestamp="2019-06-16T00:36:17.977" activeThreads="1">
  <mem-info id="474" free="31457280" total="62914560" percent="50">
    <mem type="eden" free="302704" total="1048576" percent="28" />
    <remembered-set count="22464" freebytes="2421504" totalbytes="2511360" percent="96" regionsoverflowed="0" regionsstable="0" regionsrebuilding="0"/>
  </mem-info>
</gc-end>
<cycle-end id="475" type="partial gc" contextid="467" timestamp="2019-06-16T00:36:17.977" />
  <attribute name="elasticGC enabled" value="1" />
  <attribute name= "numThreadsSpecified" value="1" />
  <attribute name="heapSize specified" value="0" />
  <attribute name="Current GC Util" value="57" />
  <attribute name= "Current Time Running" value="7640" />
  <attribute name ="GC Interval" value="0" />
  <attribute name="ProportionalT" value="55.500000" />
  <attribute name="ProportionalI" value="55.500000" />
  <attribute name="ProportionalH" value="55.500000" />
  <attribute name="Current Error" value="37.000000" />
  <attribute name="IntegralT" value="0.000000" />
  <attribute name="IntegralI" value="0.000000" />
  <attribute name="IntegralH" value="0.000000" />
  <attribute name="DerivativeT" value="inf" />
  <attribute name="DerivativeI" value="inf" />
  <attribute name="DerivativeH" value="inf" />
  <attribute name="Loop Time for DT" value="0.000000" />
  <attribute name="Output H" value="8388608"/>
  <attribute name="Output I" value="200"/>
  <attribute name="Output T" value="1"/>
  <attribute name="Target GC Util Change" value ="20.000000" />
  <attribute name="Current GC Util Change" value="57.000000"/>
  <attribute name="GC Util currently" value="57" />
  <attribute name="CPU Util currently" value="20439877366890" />
<exclusive-end id="476" timestamp="2019-06-16T00:36:17.977" durationms="4.776" />

<exclusive-start id="477" timestamp="2019-06-16T00:36:18.017" intervalms="44.866">
  <response-info timems="0.021" idlems="0.021" threads="0" lastid="0000000001627700" lastname="main" />
</exclusive-start>
<allocation-taxation id="478" taxation-threshold="22020096" timestamp="2019-06-16T00:36:18.017" intervalms="44.821" />
<cycle-start id="479" type="partial gc" contextid="0" timestamp="2019-06-16T00:36:18.018" intervalms="44.816" />
<gc-start id="480" type="partial gc" contextid="479" timestamp="2019-06-16T00:36:18.018">
  <mem-info id="481" free="9437184" total="62914560" percent="15">
    <mem type="eden" free="0" total="22020096" percent="0" />
    <remembered-set count="22272" freebytes="2422272" totalbytes="2511360" percent="96" regionsoverflowed="0" regionsstable="0" regionsrebuilding="0"/>
  </mem-info>
</gc-start>
<allocation-stats totalBytes="22016984" >
  <allocated-bytes non-tlh="601736" tlh="21415248" arrayletleaf="0"/>
  <largest-consumer threadName="main" threadId="0000000001627700" bytes="22016984" />
</allocation-stats>
<gc-op id="482" type="copy forward" timems="1.595" contextid="479" timestamp="2019-06-16T00:36:18.020">
  <memory-copied type="eden" objects="3784" bytes="419416" bytesdiscarded="0" />
  <memory-copied type="other" objects="496" bytes="19048" bytesdiscarded="0" />
  <memory-cardclean objects="168" bytes="13776" />
  <regions eden="21" other="1" />
  <remembered-set-cleared processed="20084" cleared="508" durationms="0.254" />
  <references type="soft" candidates="5" cleared="0" enqueued="0" dynamicThreshold="16" maxThreshold="32" />
  <references type="weak" candidates="31" cleared="0" enqueued="0" />
  <references type="phantom" candidates="1" cleared="0" enqueued="0" />
  <stringconstants candidates="12532" cleared="0"  />
</gc-op>
<gc-op id="483" type="classunload" timems="0.003" contextid="479" timestamp="2019-06-16T00:36:18.020">
  <classunload-info classloadercandidates="43" classloadersunloaded="0" classesunloaded="0" anonymousclassesunloaded="0" quiescems="0.000" setupms="0.003" scanms="0.000" postms="0.000" />
</gc-op>
<heap-resize id="484" type="expand" space="default" amount="11534336" count="1" timems="0.112" reason="excessive time being spent in gc" timestamp="2019-06-16T00:36:18.021" />
<gc-end id="485" type="partial gc" contextid="479" durationms="2.885" usertimems="4.000" systemtimems="0.000" timestamp="2019-06-16T00:36:18.021" activeThreads="1">
  <mem-info id="486" free="41943040" total="74448896" percent="56">
    <mem type="eden" free="629040" total="1048576" percent="59" />
    <remembered-set count="22784" freebytes="2880640" totalbytes="2971776" percent="96" regionsoverflowed="0" regionsstable="0" regionsrebuilding="0"/>
  </mem-info>
</gc-end>
<cycle-end id="487" type="partial gc" contextid="479" timestamp="2019-06-16T00:36:18.021" />
  <attribute name="elasticGC enabled" value="1" />
  <attribute name= "numThreadsSpecified" value="1" />
  <attribute name="heapSize specified" value="0" />
  <attribute name="Current GC Util" value="69" />
  <attribute name= "Current Time Running" value="7684" />
  <attribute name ="GC Interval" value="0" />
  <attribute name="ProportionalT" value="73.500000" />
  <attribute name="ProportionalI" value="73.500000" />
  <attribute name="ProportionalH" value="73.500000" />
  <attribute name="Current Error" value="49.000000" />
  <attribute name="IntegralT" value="0.000000" />
  <attribute name="IntegralI" value="0.000000" />
  <attribute name="IntegralH" value="0.000000" />
  <attribute name="DerivativeT" value="inf" />
  <attribute name="DerivativeI" value="inf" />
  <attribute name="DerivativeH" value="inf" />
  <attribute name="Loop Time for DT" value="0.000000" />
  <attribute name="Output H" value="8388608"/>
  <attribute name="Output I" value="200"/>
  <attribute name="Output T" value="1"/>
  <attribute name="Target GC Util Change" value ="20.000000" />
  <attribute name="Current GC Util Change" value="69.000000"/>
  <attribute name="GC Util currently" value="69" />
  <attribute name="CPU Util currently" value="20898374108118" />
<exclusive-end id="488" timestamp="2019-06-16T00:36:18.021" durationms="3.945" />

<exclusive-start id="489" timestamp="2019-06-16T00:36:18.060" intervalms="42.227">
  <response-info timems="0.027" idlems="0.027" threads="0" lastid="0000000001627700" lastname="main" />
</exclusive-start>
<allocation-taxation id="490" taxation-threshold="25165824" timestamp="2019-06-16T00:36:18.060" intervalms="42.216" />
<cycle-start id="491" type="partial gc" contextid="0" timestamp="2019-06-16T00:36:18.060" intervalms="42.174" />
<gc-start id="492" type="partial gc" contextid="491" timestamp="2019-06-16T00:36:18.060">
  <mem-info id="493" free="16777216" total="74448896" percent="22">
    <mem type="eden" free="0" total="25165824" percent="0" />
    <remembered-set count="22304" freebytes="2882560" totalbytes="2971776" percent="96" regionsoverflowed="0" regionsstable="0" regionsrebuilding="0"/>
  </mem-info>
</gc-start>
<allocation-stats totalBytes="25162904" >
  <allocated-bytes non-tlh="400832" tlh="24762072" arrayletleaf="0"/>
  <largest-consumer threadName="main" threadId="0000000001627700" bytes="25162904" />
</allocation-stats>
<gc-op id="494" type="copy forward" timems="2.030" contextid="491" timestamp="2019-06-16T00:36:18.063">
  <memory-copied type="eden" objects="5577" bytes="532448" bytesdiscarded="73592" />
  <memory-copied type="other" objects="615" bytes="21984" bytesdiscarded="1000" />
  <memory-cardclean objects="178" bytes="14448" />
  <regions eden="24" other="1" />
  <remembered-set-cleared processed="20126" cleared="382" durationms="0.168" />
  <references type="soft" candidates="5" cleared="0" enqueued="0" dynamicThreshold="18" maxThreshold="32" />
  <references type="weak" candidates="27" cleared="0" enqueued="0" />
  <references type="phantom" candidates="1" cleared="0" enqueued="0" />
  <stringconstants candidates="12543" cleared="0"  />
</gc-op>
<gc-op id="495" type="classunload" timems="0.003" contextid="491" timestamp="2019-06-16T00:36:18.063">
  <classunload-info classloadercandidates="45" classloadersunloaded="0" classesunloaded="0" anonymousclassesunloaded="0" quiescems="0.000" setupms="0.003" scanms="0.000" postms="0.000" />
</gc-op>
<gc-end id="496" type="partial gc" contextid="491" durationms="3.048" usertimems="4.000" systemtimems="0.000" timestamp="2019-06-16T00:36:18.063" activeThreads="4">
  <mem-info id="497" free="40894464" total="74448896" percent="54">
    <mem type="eden" free="442456" total="1048576" percent="42" />
    <remembered-set count="23200" freebytes="2878976" totalbytes="2971776" percent="96" regionsoverflowed="0" regionsstable="0" regionsrebuilding="0"/>
  </mem-info>
</gc-end>
<cycle-end id="498" type="partial gc" contextid="491" timestamp="2019-06-16T00:36:18.063" />
  <attribute name="elasticGC enabled" value="1" />
  <attribute name= "numThreadsSpecified" value="4" />
  <attribute name="heapSize specified" value="0" />
  <attribute name="Current GC Util" value="68" />
  <attribute name= "Current Time Running" value="7727" />
  <attribute name ="GC Interval" value="0" />
  <attribute name="ProportionalT" value="72.000000" />
  <attribute name="ProportionalI" value="72.000000" />
  <attribute name="ProportionalH" value="72.000000" />
  <attribute name="Current Error" value="48.000000" />
  <attribute name="IntegralT" value="48.000000" />
  <attribute name="IntegralI" value="48.000000" />
  <attribute name="IntegralH" value="48.000000" />
  <attribute name="DerivativeT" value="24.000000" />
  <attribute name="DerivativeI" value="24.000000" />
  <attribute name="DerivativeH" value="24.000000" />
  <attribute name="Loop Time for DT" value="1.000000" />
  <attribute name="Output H" value="8388608"/>
  <attribute name="Output I" value="200"/>
  <attribute name="Output T" value="4"/>
  <attribute name="Target GC Util Change" value ="20.000000" />
  <attribute name="Current GC Util Change" value="68.000000"/>
  <attribute name="GC Util currently" value="68" />
  <attribute name="CPU Util currently" value="17852263664438" />
<exclusive-end id="499" timestamp="2019-06-16T00:36:18.064" durationms="4.024" />

<exclusive-start id="500" timestamp="2019-06-16T00:36:18.115" intervalms="55.011">
  <response-info timems="0.025" idlems="0.025" threads="0" lastid="0000000001627700" lastname="main" />
</exclusive-start>
<allocation-taxation id="501" taxation-threshold="25165824" timestamp="2019-06-16T00:36:18.115" intervalms="54.994" />
<cycle-start id="502" type="partial gc" contextid="0" timestamp="2019-06-16T00:36:18.115" intervalms="55.001" />
<gc-start id="503" type="partial gc" contextid="502" timestamp="2019-06-16T00:36:18.115">
  <mem-info id="504" free="15728640" total="74448896" percent="21">
    <mem type="eden" free="0" total="25165824" percent="0" />
    <remembered-set count="22976" freebytes="2879872" totalbytes="2971776" percent="96" regionsoverflowed="0" regionsstable="0" regionsrebuilding="0"/>
  </mem-info>
</gc-start>
<allocation-stats totalBytes="25162768" >
  <allocated-bytes non-tlh="1002488" tlh="24160280" arrayletleaf="0"/>
  <largest-consumer threadName="main" threadId="0000000001627700" bytes="25162768" />
</allocation-stats>
<gc-op id="505" type="copy forward" timems="1.737" contextid="502" timestamp="2019-06-16T00:36:18.118">
  <memory-copied type="eden" objects="6136" bytes="553592" bytesdiscarded="29048" />
  <memory-copied type="other" objects="313" bytes="10968" bytesdiscarded="384" />
  <memory-cardclean objects="156" bytes="13680" />
  <regions eden="24" other="1" />
  <remembered-set-cleared processed="20313" cleared="281" durationms="0.149" />
  <references type="soft" candidates="5" cleared="0" enqueued="0" dynamicThreshold="17" maxThreshold="32" />
  <references type="weak" candidates="38" cleared="0" enqueued="0" />
  <references type="phantom" candidates="1" cleared="0" enqueued="0" />
  <stringconstants candidates="12578" cleared="4"  />
</gc-op>
<gc-op id="506" type="classunload" timems="0.421" contextid="502" timestamp="2019-06-16T00:36:18.118">
  <classunload-info classloadercandidates="50" classloadersunloaded="2" classesunloaded="2" anonymousclassesunloaded="0" quiescems="0.000" setupms="0.407" scanms="0.009" postms="0.004" />
</gc-op>
<gc-end id="507" type="partial gc" contextid="502" durationms="3.102" usertimems="4.000" systemtimems="0.000" timestamp="2019-06-16T00:36:18.118" activeThreads="4">
  <mem-info id="508" free="39845888" total="74448896" percent="53">
    <mem type="eden" free="465832" total="1048576" percent="44" />
    <remembered-set count="24096" freebytes="2875392" totalbytes="2971776" percent="96" regionsoverflowed="0" regionsstable="0" regionsrebuilding="0"/>
  </mem-info>
</gc-end>
<cycle-end id="509" type="partial gc" contextid="502" timestamp="2019-06-16T00:36:18.118" />
  <attribute name="elasticGC enabled" value="1" />
  <attribute name= "numThreadsSpecified" value="4" />
  <attribute name="heapSize specified" value="0" />
  <attribute name="Current GC Util" value="64" />
  <attribute name= "Current Time Running" value="7782" />
  <attribute name ="GC Interval" value="0" />
  <attribute name="ProportionalT" value="66.000000" />
  <attribute name="ProportionalI" value="66.000000" />
  <attribute name="ProportionalH" value="66.000000" />
  <attribute name="Current Error" value="44.000000" />
  <attribute name="IntegralT" value="44.000000" />
  <attribute name="IntegralI" value="44.000000" />
  <attribute name="IntegralH" value="44.000000" />
  <attribute name="DerivativeT" value="22.000000" />
  <attribute name="DerivativeI" value="22.000000" />
  <attribute name="DerivativeH" value="22.000000" />
  <attribute name="Loop Time for DT" value="1.000000" />
  <attribute name="Output H" value="8388608"/>
  <attribute name="Output I" value="200"/>
  <attribute name="Output T" value="4"/>
  <attribute name="Target GC Util Change" value ="20.000000" />
  <attribute name="Current GC Util Change" value="64.000000"/>
  <attribute name="GC Util currently" value="64" />
  <attribute name="CPU Util currently" value="18907946679405" />
<exclusive-end id="510" timestamp="2019-06-16T00:36:18.119" durationms="3.990" />

<exclusive-start id="511" timestamp="2019-06-16T00:36:18.153" intervalms="38.812">
  <response-info timems="0.050" idlems="0.050" threads="0" lastid="0000000001627700" lastname="main" />
</exclusive-start>
<allocation-taxation id="512" taxation-threshold="25165824" timestamp="2019-06-16T00:36:18.154" intervalms="38.894" />
<cycle-start id="513" type="partial gc" contextid="0" timestamp="2019-06-16T00:36:18.154" intervalms="38.965" />
<gc-start id="514" type="partial gc" contextid="513" timestamp="2019-06-16T00:36:18.154">
  <mem-info id="515" free="14680064" total="74448896" percent="19">
    <mem type="eden" free="0" total="25165824" percent="0" />
    <remembered-set count="23904" freebytes="2876160" totalbytes="2971776" percent="96" regionsoverflowed="0" regionsstable="0" regionsrebuilding="0"/>
  </mem-info>
</gc-start>
<allocation-stats totalBytes="25162424" >
  <allocated-bytes non-tlh="266728" tlh="24895696" arrayletleaf="0"/>
  <largest-consumer threadName="main" threadId="0000000001627700" bytes="25162424" />
</allocation-stats>
<gc-op id="516" type="copy forward" timems="2.182" contextid="513" timestamp="2019-06-16T00:36:18.157">
  <memory-copied type="eden" objects="14985" bytes="944688" bytesdiscarded="84512" />
  <memory-copied type="other" objects="661" bytes="22216" bytesdiscarded="1960" />
  <memory-cardclean objects="163" bytes="14008" />
  <regions eden="24" other="1" />
  <remembered-set-cleared processed="20548" cleared="387" durationms="0.142" />
  <references type="soft" candidates="4" cleared="0" enqueued="0" dynamicThreshold="17" maxThreshold="32" />
  <references type="weak" candidates="44" cleared="0" enqueued="0" />
  <references type="phantom" candidates="1" cleared="0" enqueued="0" />
  <stringconstants candidates="12597" cleared="0"  />
</gc-op>
<gc-op id="517" type="classunload" timems="0.004" contextid="513" timestamp="2019-06-16T00:36:18.157">
  <classunload-info classloadercandidates="49" classloadersunloaded="0" classesunloaded="0" anonymousclassesunloaded="0" quiescems="0.000" setupms="0.004" scanms="0.000" postms="0.000" />
</gc-op>
<gc-end id="518" type="partial gc" contextid="513" durationms="3.245" usertimems="8.000" systemtimems="0.000" timestamp="2019-06-16T00:36:18.157" activeThreads="4">
  <mem-info id="519" free="38797312" total="74448896" percent="52">
    <mem type="eden" free="19320" total="1048576" percent="1" />
    <remembered-set count="24800" freebytes="2872576" totalbytes="2971776" percent="96" regionsoverflowed="0" regionsstable="0" regionsrebuilding="0"/>
  </mem-info>
</gc-end>
<cycle-end id="520" type="partial gc" contextid="513" timestamp="2019-06-16T00:36:18.158" />
  <attribute name="elasticGC enabled" value="1" />
  <attribute name= "numThreadsSpecified" value="4" />
  <attribute name="heapSize specified" value="0" />
  <attribute name="Current GC Util" value="62" />
  <attribute name= "Current Time Running" value="7821" />
  <attribute name ="GC Interval" value="0" />
  <attribute name="ProportionalT" value="63.000000" />
  <attribute name="ProportionalI" value="63.000000" />
  <attribute name="ProportionalH" value="63.000000" />
  <attribute name="Current Error" value="42.000000" />
  <attribute name="IntegralT" value="42.000000" />
  <attribute name="IntegralI" value="42.000000" />
  <attribute name="IntegralH" value="42.000000" />
  <attribute name="DerivativeT" value="21.000000" />
  <attribute name="DerivativeI" value="21.000000" />
  <attribute name="DerivativeH" value="21.000000" />
  <attribute name="Loop Time for DT" value="1.000000" />
  <attribute name="Output H" value="8388608"/>
  <attribute name="Output I" value="200"/>
  <attribute name="Output T" value="4"/>
  <attribute name="Target GC Util Change" value ="20.000000" />
  <attribute name="Current GC Util Change" value="62.000000"/>
  <attribute name="GC Util currently" value="62" />
  <attribute name="CPU Util currently" value="18028342276012" />
<exclusive-end id="521" timestamp="2019-06-16T00:36:18.158" durationms="4.406" />

<exclusive-start id="522" timestamp="2019-06-16T00:36:18.198" intervalms="45.067">
  <response-info timems="0.027" idlems="0.027" threads="0" lastid="0000000001627700" lastname="main" />
</exclusive-start>
<allocation-taxation id="523" taxation-threshold="25165824" timestamp="2019-06-16T00:36:18.199" intervalms="44.976" />
<cycle-start id="524" type="partial gc" contextid="0" timestamp="2019-06-16T00:36:18.199" intervalms="44.856" />
<gc-start id="525" type="partial gc" contextid="524" timestamp="2019-06-16T00:36:18.199">
  <mem-info id="526" free="13631488" total="74448896" percent="18">
    <mem type="eden" free="0" total="25165824" percent="0" />
    <remembered-set count="24384" freebytes="2874240" totalbytes="2971776" percent="96" regionsoverflowed="0" regionsstable="0" regionsrebuilding="0"/>
  </mem-info>
</gc-start>
<allocation-stats totalBytes="25153584" >
  <allocated-bytes non-tlh="200688" tlh="24952896" arrayletleaf="0"/>
  <largest-consumer threadName="main" threadId="0000000001627700" bytes="25153584" />
</allocation-stats>
<gc-op id="527" type="copy forward" timems="1.211" contextid="524" timestamp="2019-06-16T00:36:18.201">
  <memory-copied type="eden" objects="253" bytes="33976" bytesdiscarded="0" />
  <memory-copied type="other" objects="380" bytes="12976" bytesdiscarded="0" />
  <memory-cardclean objects="148" bytes="13776" />
  <regions eden="24" other="1" />
  <remembered-set-cleared processed="21470" cleared="1062" durationms="0.313" />
  <references type="soft" candidates="2" cleared="0" enqueued="0" dynamicThreshold="16" maxThreshold="32" />
  <references type="weak" candidates="24" cleared="0" enqueued="0" />
  <stringconstants candidates="12607" cleared="0"  />
</gc-op>
<gc-op id="528" type="classunload" timems="0.003" contextid="524" timestamp="2019-06-16T00:36:18.201">
  <classunload-info classloadercandidates="51" classloadersunloaded="0" classesunloaded="0" anonymousclassesunloaded="0" quiescems="0.000" setupms="0.003" scanms="0.000" postms="0.000" />
</gc-op>
<gc-end id="529" type="partial gc" contextid="524" durationms="2.059" usertimems="4.000" systemtimems="0.000" timestamp="2019-06-16T00:36:18.201" activeThreads="1">
  <mem-info id="530" free="37748736" total="74448896" percent="50">
    <mem type="eden" free="1014560" total="1048576" percent="96" />
    <remembered-set count="23744" freebytes="2876800" totalbytes="2971776" percent="96" regionsoverflowed="0" regionsstable="0" regionsrebuilding="0"/>
  </mem-info>
</gc-end>
<cycle-end id="531" type="partial gc" contextid="524" timestamp="2019-06-16T00:36:18.201" />
  <attribute name="elasticGC enabled" value="1" />
  <attribute name= "numThreadsSpecified" value="1" />
  <attribute name="heapSize specified" value="0" />
  <attribute name="Current GC Util" value="68" />
  <attribute name= "Current Time Running" value="7865" />
  <attribute name ="GC Interval" value="0" />
  <attribute name="ProportionalT" value="72.000000" />
  <attribute name="ProportionalI" value="72.000000" />
  <attribute name="ProportionalH" value="72.000000" />
  <attribute name="Current Error" value="48.000000" />
  <attribute name="IntegralT" value="0.000000" />
  <attribute name="IntegralI" value="0.000000" />
  <attribute name="IntegralH" value="0.000000" />
  <attribute name="DerivativeT" value="inf" />
  <attribute name="DerivativeI" value="inf" />
  <attribute name="DerivativeH" value="inf" />
  <attribute name="Loop Time for DT" value="0.000000" />
  <attribute name="Output H" value="8388608"/>
  <attribute name="Output I" value="200"/>
  <attribute name="Output T" value="1"/>
  <attribute name="Target GC Util Change" value ="20.000000" />
  <attribute name="Current GC Util Change" value="68.000000"/>
  <attribute name="GC Util currently" value="68" />
  <attribute name="CPU Util currently" value="24628233667767" />
<exclusive-end id="532" timestamp="2019-06-16T00:36:18.201" durationms="2.827" />

<exclusive-start id="533" timestamp="2019-06-16T00:36:18.312" intervalms="113.205">
  <response-info timems="0.030" idlems="0.030" threads="0" lastid="0000000001627700" lastname="main" />
</exclusive-start>
<allocation-taxation id="534" taxation-threshold="25165824" timestamp="2019-06-16T00:36:18.312" intervalms="113.259" />
<cycle-start id="535" type="partial gc" contextid="0" timestamp="2019-06-16T00:36:18.312" intervalms="113.301" />
<gc-start id="536" type="partial gc" contextid="535" timestamp="2019-06-16T00:36:18.312">
  <mem-info id="537" free="12582912" total="74448896" percent="16">
    <mem type="eden" free="0" total="25165824" percent="0" />
    <remembered-set count="23552" freebytes="2877568" totalbytes="2971776" percent="96" regionsoverflowed="0" regionsstable="0" regionsrebuilding="0"/>
  </mem-info>
</gc-start>
<allocation-stats totalBytes="25159896" >
  <allocated-bytes non-tlh="852464" tlh="24307432" arrayletleaf="0"/>
  <largest-consumer threadName="main" threadId="0000000001627700" bytes="25159896" />
</allocation-stats>
<gc-op id="538" type="copy forward" timems="2.144" contextid="535" timestamp="2019-06-16T00:36:18.315">
  <memory-copied type="eden" objects="16399" bytes="668040" bytesdiscarded="39096" />
  <memory-copied type="other" objects="248" bytes="8576" bytesdiscarded="720" />
  <memory-cardclean objects="526" bytes="36208" />
  <regions eden="24" other="1" />
  <remembered-set-cleared processed="20696" cleared="536" durationms="0.147" />
  <references type="soft" candidates="779" cleared="0" enqueued="0" dynamicThreshold="16" maxThreshold="32" />
  <references type="weak" candidates="110" cleared="0" enqueued="0" />
  <stringconstants candidates="13257" cleared="0"  />
</gc-op>
<gc-op id="539" type="classunload" timems="0.004" contextid="535" timestamp="2019-06-16T00:36:18.315">
  <classunload-info classloadercandidates="54" classloadersunloaded="0" classesunloaded="0" anonymousclassesunloaded="0" quiescems="0.000" setupms="0.004" scanms="0.000" postms="0.000" />
</gc-op>
<gc-end id="540" type="partial gc" contextid="535" durationms="3.025" usertimems="8.000" systemtimems="0.000" timestamp="2019-06-16T00:36:18.315" activeThreads="4">
  <mem-info id="541" free="36700160" total="74448896" percent="49">
    <mem type="eden" free="340920" total="1048576" percent="32" />
    <remembered-set count="26208" freebytes="2866944" totalbytes="2971776" percent="96" regionsoverflowed="0" regionsstable="0" regionsrebuilding="0"/>
  </mem-info>
</gc-end>
<cycle-end id="542" type="partial gc" contextid="535" timestamp="2019-06-16T00:36:18.315" />
  <attribute name="elasticGC enabled" value="1" />
  <attribute name= "numThreadsSpecified" value="4" />
  <attribute name="heapSize specified" value="0" />
  <attribute name="Current GC Util" value="76" />
  <attribute name= "Current Time Running" value="7979" />
  <attribute name ="GC Interval" value="0" />
  <attribute name="ProportionalT" value="84.000000" />
  <attribute name="ProportionalI" value="84.000000" />
  <attribute name="ProportionalH" value="84.000000" />
  <attribute name="Current Error" value="56.000000" />
  <attribute name="IntegralT" value="56.000000" />
  <attribute name="IntegralI" value="56.000000" />
  <attribute name="IntegralH" value="56.000000" />
  <attribute name="DerivativeT" value="28.000000" />
  <attribute name="DerivativeI" value="28.000000" />
  <attribute name="DerivativeH" value="28.000000" />
  <attribute name="Loop Time for DT" value="1.000000" />
  <attribute name="Output H" value="8388608"/>
  <attribute name="Output I" value="200"/>
  <attribute name="Output T" value="4"/>
  <attribute name="Target GC Util Change" value ="20.000000" />
  <attribute name="Current GC Util Change" value="76.000000"/>
  <attribute name="GC Util currently" value="76" />
  <attribute name="CPU Util currently" value="27231042731187" />
<exclusive-end id="543" timestamp="2019-06-16T00:36:18.316" durationms="3.973" />

<exclusive-start id="544" timestamp="2019-06-16T00:36:18.664" intervalms="352.249">
  <response-info timems="0.053" idlems="0.053" threads="0" lastid="0000000001627700" lastname="main" />
</exclusive-start>
<allocation-taxation id="545" taxation-threshold="25165824" timestamp="2019-06-16T00:36:18.664" intervalms="352.310" />
<cycle-start id="546" type="partial gc" contextid="0" timestamp="2019-06-16T00:36:18.664" intervalms="352.318" />
<gc-start id="547" type="partial gc" contextid="546" timestamp="2019-06-16T00:36:18.665">
  <mem-info id="548" free="11534336" total="74448896" percent="15">
    <mem type="eden" free="0" total="25165824" percent="0" />
    <arraylet-primitive objects="1" leaves="1" largest="1" />
    <remembered-set count="25728" freebytes="2868864" totalbytes="2971776" percent="96" regionsoverflowed="0" regionsstable="0" regionsrebuilding="0"/>
  </mem-info>
</gc-start>
<allocation-stats totalBytes="25141616" >
  <allocated-bytes non-tlh="1865600" tlh="22227440" arrayletleaf="1048576"/>
  <largest-consumer threadName="main" threadId="0000000001627700" bytes="25141616" />
</allocation-stats>
<gc-op id="549" type="copy forward" timems="6.268" contextid="546" timestamp="2019-06-16T00:36:18.671">
  <memory-copied type="eden" objects="39298" bytes="1928884" bytesdiscarded="16" />
  <memory-copied type="other" objects="9077" bytes="345832" bytesdiscarded="0" />
  <memory-cardclean objects="494" bytes="35568" />
  <regions eden="23" other="1" />
  <remembered-set-cleared processed="22808" cleared="2579" durationms="0.278" />
  <finalization candidates="3" enqueued="2" />
  <references type="soft" candidates="779" cleared="0" enqueued="0" dynamicThreshold="15" maxThreshold="32" />
  <references type="weak" candidates="150" cleared="0" enqueued="0" />
  <references type="phantom" candidates="2" cleared="0" enqueued="0" />
  <stringconstants candidates="13319" cleared="0"  />
</gc-op>
<gc-op id="550" type="classunload" timems="0.005" contextid="546" timestamp="2019-06-16T00:36:18.672">
  <classunload-info classloadercandidates="55" classloadersunloaded="0" classesunloaded="0" anonymousclassesunloaded="0" quiescems="0.000" setupms="0.004" scanms="0.000" postms="0.000" />
</gc-op>
<heap-resize id="551" type="contract" space="default" amount="4194304" count="1" timems="0.052" reason="insufficient time being spent in gc" timestamp="2019-06-16T00:36:18.672" />
<gc-end id="552" type="partial gc" contextid="546" durationms="7.621" usertimems="4.000" systemtimems="4.000" timestamp="2019-06-16T00:36:18.672" activeThreads="1">
  <mem-info id="553" free="29360128" total="70254592" percent="41">
    <mem type="eden" free="168144" total="3145728" percent="5" />
    <arraylet-primitive objects="1" leaves="1" largest="1" />
    <pending-finalizers system="0" default="2" reference="0" classloader="0" />
    <remembered-set count="27648" freebytes="2861184" totalbytes="2971776" percent="96" regionsoverflowed="0" regionsstable="0" regionsrebuilding="0"/>
  </mem-info>
</gc-end>
<cycle-end id="554" type="partial gc" contextid="546" timestamp="2019-06-16T00:36:18.672" />
  <attribute name="elasticGC enabled" value="1" />
  <attribute name= "numThreadsSpecified" value="1" />
  <attribute name="heapSize specified" value="0" />
  <attribute name="Current GC Util" value="52" />
  <attribute name= "Current Time Running" value="8331" />
  <attribute name ="GC Interval" value="0" />
  <attribute name="ProportionalT" value="48.000000" />
  <attribute name="ProportionalI" value="48.000000" />
  <attribute name="ProportionalH" value="48.000000" />
  <attribute name="Current Error" value="32.000000" />
  <attribute name="IntegralT" value="0.000000" />
  <attribute name="IntegralI" value="0.000000" />
  <attribute name="IntegralH" value="0.000000" />
  <attribute name="DerivativeT" value="inf" />
  <attribute name="DerivativeI" value="inf" />
  <attribute name="DerivativeH" value="inf" />
  <attribute name="Loop Time for DT" value="0.000000" />
  <attribute name="Output H" value="8388608"/>
  <attribute name="Output I" value="200"/>
  <attribute name="Output T" value="1"/>
  <attribute name="Target GC Util Change" value ="20.000000" />
  <attribute name="Current GC Util Change" value="52.000000"/>
  <attribute name="GC Util currently" value="52" />
  <attribute name="CPU Util currently" value="18711094383683" />
<exclusive-end id="555" timestamp="2019-06-16T00:36:18.673" durationms="8.707" />

<exclusive-start id="556" timestamp="2019-06-16T00:36:18.849" intervalms="185.205">
  <response-info timems="0.039" idlems="0.039" threads="0" lastid="0000000001627700" lastname="main" />
</exclusive-start>
<allocation-taxation id="557" taxation-threshold="24117248" timestamp="2019-06-16T00:36:18.849" intervalms="185.209" />
<cycle-start id="558" type="partial gc" contextid="0" timestamp="2019-06-16T00:36:18.849" intervalms="185.245" />
<gc-start id="559" type="partial gc" contextid="558" timestamp="2019-06-16T00:36:18.850">
  <mem-info id="560" free="5242880" total="70254592" percent="7">
    <mem type="eden" free="0" total="24117248" percent="0" />
    <arraylet-primitive objects="1" leaves="1" largest="1" />
    <remembered-set count="27520" freebytes="2861696" totalbytes="2971776" percent="96" regionsoverflowed="0" regionsstable="0" regionsrebuilding="0"/>
  </mem-info>
</gc-start>
<allocation-stats totalBytes="24090296" >
  <allocated-bytes non-tlh="0" tlh="24090296" arrayletleaf="0"/>
  <largest-consumer threadName="main" threadId="0000000001627700" bytes="24086200" />
</allocation-stats>
<gc-op id="561" type="copy forward" timems="4.809" contextid="558" timestamp="2019-06-16T00:36:18.855">
  <memory-copied type="eden" objects="50146" bytes="1282008" bytesdiscarded="112760" />
  <memory-copied type="other" objects="38730" bytes="1872188" bytesdiscarded="55952" />
  <memory-cardclean objects="175" bytes="17520" />
  <regions eden="23" other="2" />
  <remembered-set-cleared processed="24341" cleared="2544" durationms="0.148" />
  <finalization candidates="1" enqueued="0" />
  <references type="soft" candidates="1" cleared="0" enqueued="0" dynamicThreshold="13" maxThreshold="32" />
  <references type="weak" candidates="48" cleared="0" enqueued="0" />
  <references type="phantom" candidates="2" cleared="0" enqueued="0" />
  <stringconstants candidates="13319" cleared="0"  />
</gc-op>
<gc-op id="562" type="classunload" timems="0.005" contextid="558" timestamp="2019-06-16T00:36:18.856">
  <classunload-info classloadercandidates="55" classloadersunloaded="0" classesunloaded="0" anonymousclassesunloaded="0" quiescems="0.000" setupms="0.005" scanms="0.000" postms="0.000" />
</gc-op>
<heap-resize id="563" type="contract" space="default" amount="3145728" count="1" timems="0.150" reason="insufficient time being spent in gc" timestamp="2019-06-16T00:36:18.856" />
<gc-end id="564" type="partial gc" contextid="558" durationms="6.249" usertimems="12.000" systemtimems="0.000" timestamp="2019-06-16T00:36:18.856" activeThreads="4">
  <mem-info id="565" free="24117248" total="67108864" percent="35">
    <mem type="eden" free="702384" total="2097152" percent="33" />
    <arraylet-primitive objects="1" leaves="1" largest="1" />
    <remembered-set count="30880" freebytes="2680832" totalbytes="2804352" percent="95" regionsoverflowed="0" regionsstable="0" regionsrebuilding="0"/>
  </mem-info>
</gc-end>
<cycle-end id="566" type="partial gc" contextid="558" timestamp="2019-06-16T00:36:18.856" />
  <attribute name="elasticGC enabled" value="1" />
  <attribute name= "numThreadsSpecified" value="4" />
  <attribute name="heapSize specified" value="0" />
  <attribute name="Current GC Util" value="49" />
  <attribute name= "Current Time Running" value="8517" />
  <attribute name ="GC Interval" value="0" />
  <attribute name="ProportionalT" value="43.500000" />
  <attribute name="ProportionalI" value="43.500000" />
  <attribute name="ProportionalH" value="43.500000" />
  <attribute name="Current Error" value="29.000000" />
  <attribute name="IntegralT" value="29.000000" />
  <attribute name="IntegralI" value="29.000000" />
  <attribute name="IntegralH" value="29.000000" />
  <attribute name="DerivativeT" value="14.500000" />
  <attribute name="DerivativeI" value="14.500000" />
  <attribute name="DerivativeH" value="14.500000" />
  <attribute name="Loop Time for DT" value="1.000000" />
  <attribute name="Output H" value="8388608"/>
  <attribute name="Output I" value="200"/>
  <attribute name="Output T" value="4"/>
  <attribute name="Target GC Util Change" value ="20.000000" />
  <attribute name="Current GC Util Change" value="49.000000"/>
  <attribute name="GC Util currently" value="49" />
  <attribute name="CPU Util currently" value="11343800605032" />
<exclusive-end id="567" timestamp="2019-06-16T00:36:18.857" durationms="7.442" />

<exclusive-start id="568" timestamp="2019-06-16T00:36:18.904" intervalms="55.127">
  <response-info timems="0.036" idlems="0.036" threads="0" lastid="0000000001627700" lastname="main" />
</exclusive-start>
<allocation-taxation id="569" taxation-threshold="11534336" timestamp="2019-06-16T00:36:18.904" intervalms="55.110" />
<cycle-start id="570" type="global mark phase" contextid="0" timestamp="2019-06-16T00:36:18.905" intervalms="2723.755" />
<gc-start id="571" type="global mark phase" contextid="570" timestamp="2019-06-16T00:36:18.905">
  <mem-info id="572" free="12582912" total="67108864" percent="18">
    <remembered-set count="30784" freebytes="2681216" totalbytes="2804352" percent="95" regionsoverflowed="0" regionsstable="0" regionsrebuilding="0"/>
  </mem-info>
</gc-start>
<gc-op id="573" type="mark increment" timems="0.899" contextid="570" timestamp="2019-06-16T00:36:18.906">
  <trace-info objectcount="172" scancount="0" scanbytes="0" />
</gc-op>
<gc-end id="574" type="global mark phase" contextid="570" durationms="1.105" usertimems="0.000" systemtimems="0.000" timestamp="2019-06-16T00:36:18.906" activeThreads="4">
  <mem-info id="575" free="12582912" total="67108864" percent="18">
    <remembered-set count="30784" freebytes="2681216" totalbytes="2804352" percent="95" regionsoverflowed="0" regionsstable="0" regionsrebuilding="0"/>
  </mem-info>
</gc-end>
<concurrent-start id="576" type="GMP work packet processing" contextid="570" timestamp="2019-06-16T00:36:18.906">
  <concurrent-mark-start scanTarget="1474400" />
</concurrent-start>
<exclusive-end id="577" timestamp="2019-06-16T00:36:18.906" durationms="1.798" />

<concurrent-end id="578" type="GMP work packet processing" contextid="570" timestamp="2019-06-16T00:36:18.908">
  <concurrent-mark-end bytesScanned="1540704" reasonForTermination="Work target met" />
</concurrent-end>

<exclusive-start id="579" timestamp="2019-06-16T00:36:18.947" intervalms="42.630">
  <response-info timems="0.035" idlems="0.035" threads="0" lastid="0000000001627700" lastname="main" />
</exclusive-start>
<allocation-taxation id="580" taxation-threshold="11534336" timestamp="2019-06-16T00:36:18.947" intervalms="42.628" />
<cycle-start id="581" type="partial gc" contextid="0" timestamp="2019-06-16T00:36:18.947" intervalms="97.693" />
<gc-start id="582" type="partial gc" contextid="581" timestamp="2019-06-16T00:36:18.947">
  <mem-info id="583" free="1048576" total="67108864" percent="1">
    <mem type="eden" free="0" total="23068672" percent="0" />
    <arraylet-primitive objects="1" leaves="1" largest="1" />
    <remembered-set count="30784" freebytes="2681216" totalbytes="2804352" percent="95" regionsoverflowed="0" regionsstable="0" regionsrebuilding="0"/>
  </mem-info>
</gc-start>
<allocation-stats totalBytes="23048224" >
  <allocated-bytes non-tlh="0" tlh="23048224" arrayletleaf="0"/>
  <largest-consumer threadName="main" threadId="0000000001627700" bytes="11523984" />
</allocation-stats>
<gc-op id="584" type="copy forward" timems="14.049" contextid="581" timestamp="2019-06-16T00:36:18.962">
  <memory-copied type="eden" objects="46584" bytes="1148384" bytesdiscarded="0" />
  <memory-copied type="other" objects="82921" bytes="2103248" bytesdiscarded="24" />
  <memory-cardclean objects="17237" bytes="664000" />
  <regions eden="22" other="3" />
  <remembered-set-cleared processed="20519" cleared="6721" durationms="0.290" />
  <finalization candidates="1" enqueued="0" />
  <stringconstants candidates="13319" cleared="0"  />
  <heap-resize type="expand" space="default" amount="4194304" count="4" timems="0.205" reason="continue current collection" />
</gc-op>
<gc-op id="585" type="classunload" timems="0.006" contextid="581" timestamp="2019-06-16T00:36:18.962">
  <classunload-info classloadercandidates="55" classloadersunloaded="0" classesunloaded="0" anonymousclassesunloaded="0" quiescems="0.000" setupms="0.006" scanms="0.000" postms="0.000" />
</gc-op>
<gc-op id="586" type="compact" timems="1.932" contextid="581" timestamp="2019-06-16T00:36:18.965">
  <compact-info movecount="0" movebytes="0" />
  <remembered-set-cleared processed="48812" cleared="6721" durationms="0.290" />
</gc-op>
<gc-end id="587" type="partial gc" contextid="581" durationms="17.405" usertimems="20.000" systemtimems="0.000" timestamp="2019-06-16T00:36:18.965" activeThreads="4">
  <mem-info id="588" free="26214400" total="71303168" percent="36">
    <mem type="eden" free="948768" total="2097152" percent="45" />
    <arraylet-primitive objects="1" leaves="1" largest="1" />
    <remembered-set count="32032" freebytes="2718080" totalbytes="2846208" percent="95" regionsoverflowed="0" regionsstable="0" regionsrebuilding="0"/>
  </mem-info>
</gc-end>
<cycle-end id="589" type="partial gc" contextid="581" timestamp="2019-06-16T00:36:18.965" />
  <attribute name="elasticGC enabled" value="1" />
  <attribute name= "numThreadsSpecified" value="4" />
  <attribute name="heapSize specified" value="0" />
  <attribute name="Current GC Util" value="0" />
  <attribute name= "Current Time Running" value="8629" />
  <attribute name ="GC Interval" value="0" />
  <attribute name="ProportionalT" value="-30.000000" />
  <attribute name="ProportionalI" value="-30.000000" />
  <attribute name="ProportionalH" value="-30.000000" />
  <attribute name="Current Error" value="-20.000000" />
  <attribute name="IntegralT" value="-300.000000" />
  <attribute name="IntegralI" value="-300.000000" />
  <attribute name="IntegralH" value="-300.000000" />
  <attribute name="DerivativeT" value="-1.366667" />
  <attribute name="DerivativeI" value="-1.366667" />
  <attribute name="DerivativeH" value="-1.366667" />
  <attribute name="Loop Time for DT" value="15.000000" />
  <attribute name="Output H" value="2091843584"/>
  <attribute name="Output I" value="200"/>
  <attribute name="Output T" value="4"/>
  <attribute name="Target GC Util Change" value ="20.000000" />
  <attribute name="Current GC Util Change" value="0.000000"/>
  <attribute name="GC Util currently" value="0" />
  <attribute name="CPU Util currently" value="317901405264" />
<exclusive-end id="590" timestamp="2019-06-16T00:36:18.965" durationms="18.335" />

<exclusive-start id="591" timestamp="2019-06-16T00:36:19.000" intervalms="53.198">
  <response-info timems="0.037" idlems="0.037" threads="0" lastid="0000000001627700" lastname="main" />
</exclusive-start>
<allocation-taxation id="592" taxation-threshold="11534336" timestamp="2019-06-16T00:36:19.000" intervalms="53.223" />
<gc-start id="593" type="global mark phase" contextid="570" timestamp="2019-06-16T00:36:19.000">
  <mem-info id="594" free="14680064" total="71303168" percent="20">
    <remembered-set count="32032" freebytes="2718080" totalbytes="2846208" percent="95" regionsoverflowed="0" regionsstable="0" regionsrebuilding="0"/>
  </mem-info>
</gc-start>
<gc-end id="595" type="global mark phase" contextid="570" durationms="0.100" usertimems="0.000" systemtimems="0.000" timestamp="2019-06-16T00:36:19.001" activeThreads="4">
  <mem-info id="596" free="14680064" total="71303168" percent="20">
    <remembered-set count="32032" freebytes="2718080" totalbytes="2846208" percent="95" regionsoverflowed="0" regionsstable="0" regionsrebuilding="0"/>
  </mem-info>
</gc-end>
<concurrent-start id="597" type="GMP work packet processing" contextid="570" timestamp="2019-06-16T00:36:19.001">
  <concurrent-mark-start scanTarget="2948801" />
</concurrent-start>
<concurrent-end id="598" type="GMP work packet processing" contextid="570" timestamp="2019-06-16T00:36:19.003">
  <concurrent-mark-end bytesScanned="2984776" reasonForTermination="Work target met" />
</concurrent-end>

<exclusive-end id="599" timestamp="2019-06-16T00:36:19.003" durationms="2.972" />

<exclusive-start id="600" timestamp="2019-06-16T00:36:19.033" intervalms="33.033">
  <response-info timems="0.148" idlems="0.148" threads="0" lastid="0000000001627700" lastname="main" />
</exclusive-start>
<allocation-taxation id="601" taxation-threshold="11534336" timestamp="2019-06-16T00:36:19.033" intervalms="33.035" />
<cycle-start id="602" type="partial gc" contextid="0" timestamp="2019-06-16T00:36:19.033" intervalms="86.297" />
<gc-start id="603" type="partial gc" contextid="602" timestamp="2019-06-16T00:36:19.034">
  <mem-info id="604" free="3145728" total="71303168" percent="4">
    <mem type="eden" free="0" total="23068672" percent="0" />
    <arraylet-primitive objects="1" leaves="1" largest="1" />
    <remembered-set count="32032" freebytes="2718080" totalbytes="2846208" percent="95" regionsoverflowed="0" regionsstable="0" regionsrebuilding="0"/>
  </mem-info>
</gc-start>
<allocation-stats totalBytes="23043864" >
  <allocated-bytes non-tlh="65544" tlh="22978320" arrayletleaf="0"/>
  <largest-consumer threadName="main" threadId="0000000001627700" bytes="11523376" />
</allocation-stats>
<gc-op id="605" type="copy forward" timems="11.467" contextid="602" timestamp="2019-06-16T00:36:19.046">
  <memory-copied type="eden" objects="49501" bytes="1348904" bytesdiscarded="0" />
  <memory-copied type="other" objects="52165" bytes="2189356" bytesdiscarded="72" />
  <memory-cardclean objects="8141" bytes="320800" />
  <regions eden="22" other="3" />
  <remembered-set-cleared processed="27978" cleared="3820" durationms="0.335" />
  <references type="soft" candidates="1" cleared="0" enqueued="0" dynamicThreshold="6" maxThreshold="32" />
  <references type="weak" candidates="48" cleared="0" enqueued="0" />
  <references type="phantom" candidates="2" cleared="0" enqueued="0" />
  <stringconstants candidates="13319" cleared="0"  />
  <heap-resize type="expand" space="default" amount="2097152" count="2" timems="0.176" reason="continue current collection" />
</gc-op>
<gc-op id="606" type="classunload" timems="0.010" contextid="602" timestamp="2019-06-16T00:36:19.046">
  <classunload-info classloadercandidates="55" classloadersunloaded="0" classesunloaded="0" anonymousclassesunloaded="0" quiescems="0.000" setupms="0.009" scanms="0.000" postms="0.000" />
</gc-op>
<heap-resize id="607" type="expand" space="default" amount="12582912" count="1" timems="0.115" reason="excessive time being spent in gc" timestamp="2019-06-16T00:36:19.047" />
<gc-end id="608" type="partial gc" contextid="602" durationms="12.968" usertimems="28.000" systemtimems="0.000" timestamp="2019-06-16T00:36:19.047" activeThreads="1">
  <mem-info id="609" free="38797312" total="85983232" percent="45">
    <mem type="eden" free="748248" total="2097152" percent="35" />
    <arraylet-primitive objects="1" leaves="1" largest="1" />
    <remembered-set count="35456" freebytes="3290368" totalbytes="3432192" percent="95" regionsoverflowed="0" regionsstable="0" regionsrebuilding="0"/>
  </mem-info>
</gc-end>
<cycle-end id="610" type="partial gc" contextid="602" timestamp="2019-06-16T00:36:19.047" />
  <attribute name="elasticGC enabled" value="1" />
  <attribute name= "numThreadsSpecified" value="1" />
  <attribute name="heapSize specified" value="0" />
  <attribute name="Current GC Util" value="61" />
  <attribute name= "Current Time Running" value="8700" />
  <attribute name ="GC Interval" value="0" />
  <attribute name="ProportionalT" value="61.500000" />
  <attribute name="ProportionalI" value="61.500000" />
  <attribute name="ProportionalH" value="61.500000" />
  <attribute name="Current Error" value="41.000000" />
  <attribute name="IntegralT" value="0.000000" />
  <attribute name="IntegralI" value="0.000000" />
  <attribute name="IntegralH" value="0.000000" />
  <attribute name="DerivativeT" value="inf" />
  <attribute name="DerivativeI" value="inf" />
  <attribute name="DerivativeH" value="inf" />
  <attribute name="Loop Time for DT" value="0.000000" />
  <attribute name="Output H" value="8388608"/>
  <attribute name="Output I" value="200"/>
  <attribute name="Output T" value="1"/>
  <attribute name="Target GC Util Change" value ="20.000000" />
  <attribute name="Current GC Util Change" value="61.000000"/>
  <attribute name="GC Util currently" value="61" />
  <attribute name="CPU Util currently" value="17409749705877" />
<exclusive-end id="611" timestamp="2019-06-16T00:36:19.047" durationms="14.070" />

<exclusive-start id="612" timestamp="2019-06-16T00:36:19.079" intervalms="45.996">
  <response-info timems="0.087" idlems="0.087" threads="0" lastid="0000000001627700" lastname="main" />
</exclusive-start>
<allocation-taxation id="613" taxation-threshold="13631488" timestamp="2019-06-16T00:36:19.079" intervalms="45.983" />
<gc-start id="614" type="global mark phase" contextid="570" timestamp="2019-06-16T00:36:19.079">
  <mem-info id="615" free="25165824" total="85983232" percent="29">
    <remembered-set count="35136" freebytes="3291648" totalbytes="3432192" percent="95" regionsoverflowed="0" regionsstable="0" regionsrebuilding="0"/>
  </mem-info>
</gc-start>
<gc-end id="616" type="global mark phase" contextid="570" durationms="0.154" usertimems="0.000" systemtimems="0.000" timestamp="2019-06-16T00:36:19.080" activeThreads="1">
  <mem-info id="617" free="25165824" total="85983232" percent="29">
    <remembered-set count="35136" freebytes="3291648" totalbytes="3432192" percent="95" regionsoverflowed="0" regionsstable="0" regionsrebuilding="0"/>
  </mem-info>
</gc-end>
<concurrent-start id="618" type="GMP work packet processing" contextid="570" timestamp="2019-06-16T00:36:19.080">
  <concurrent-mark-start scanTarget="18446744073709551615" />
</concurrent-start>
<concurrent-end id="619" type="GMP work packet processing" contextid="570" timestamp="2019-06-16T00:36:19.082">
  <concurrent-mark-end bytesScanned="2900508" reasonForTermination="Completed all work in GC phase" />
</concurrent-end>

<exclusive-end id="620" timestamp="2019-06-16T00:36:19.082" durationms="2.773" />

<exclusive-start id="621" timestamp="2019-06-16T00:36:19.113" intervalms="33.725">
  <response-info timems="0.150" idlems="0.150" threads="0" lastid="0000000001627700" lastname="main" />
</exclusive-start>
<allocation-taxation id="622" taxation-threshold="13631488" timestamp="2019-06-16T00:36:19.113" intervalms="33.688" />
<cycle-start id="623" type="partial gc" contextid="0" timestamp="2019-06-16T00:36:19.113" intervalms="79.653" />
<gc-start id="624" type="partial gc" contextid="623" timestamp="2019-06-16T00:36:19.114">
  <mem-info id="625" free="11534336" total="85983232" percent="13">
    <mem type="eden" free="0" total="27262976" percent="0" />
    <arraylet-primitive objects="1" leaves="1" largest="1" />
    <remembered-set count="35136" freebytes="3291648" totalbytes="3432192" percent="95" regionsoverflowed="0" regionsstable="0" regionsrebuilding="0"/>
  </mem-info>
</gc-start>
<allocation-stats totalBytes="27239344" >
  <allocated-bytes non-tlh="0" tlh="27239344" arrayletleaf="0"/>
  <largest-consumer threadName="main" threadId="0000000001627700" bytes="13621160" />
</allocation-stats>
<gc-op id="626" type="copy forward" timems="14.883" contextid="623" timestamp="2019-06-16T00:36:19.129">
  <memory-copied type="eden" objects="55775" bytes="1374048" bytesdiscarded="0" />
  <memory-copied type="other" objects="89241" bytes="2328080" bytesdiscarded="464" />
  <memory-cardclean objects="7582" bytes="212400" />
  <regions eden="26" other="3" />
  <remembered-set-cleared processed="30835" cleared="5265" durationms="0.372" />
  <stringconstants candidates="13319" cleared="0"  />
</gc-op>
<gc-op id="627" type="classunload" timems="0.008" contextid="623" timestamp="2019-06-16T00:36:19.129">
  <classunload-info classloadercandidates="55" classloadersunloaded="0" classesunloaded="0" anonymousclassesunloaded="0" quiescems="0.000" setupms="0.008" scanms="0.000" postms="0.000" />
</gc-op>
<heap-resize id="628" type="expand" space="default" amount="14680064" count="1" timems="0.134" reason="excessive time being spent in gc" timestamp="2019-06-16T00:36:19.130" />
<gc-end id="629" type="partial gc" contextid="623" durationms="16.474" usertimems="16.000" systemtimems="0.000" timestamp="2019-06-16T00:36:19.130" activeThreads="1">
  <mem-info id="630" free="51380224" total="100663296" percent="51">
    <mem type="eden" free="723104" total="2097152" percent="34" />
    <arraylet-primitive objects="1" leaves="1" largest="1" />
    <remembered-set count="37920" freebytes="3866496" totalbytes="4018176" percent="96" regionsoverflowed="0" regionsstable="0" regionsrebuilding="0"/>
  </mem-info>
</gc-end>
<cycle-end id="631" type="partial gc" contextid="623" timestamp="2019-06-16T00:36:19.130" />
  <attribute name="elasticGC enabled" value="1" />
  <attribute name= "numThreadsSpecified" value="1" />
  <attribute name="heapSize specified" value="0" />
  <attribute name="Current GC Util" value="41" />
  <attribute name= "Current Time Running" value="8780" />
  <attribute name ="GC Interval" value="0" />
  <attribute name="ProportionalT" value="31.500000" />
  <attribute name="ProportionalI" value="31.500000" />
  <attribute name="ProportionalH" value="31.500000" />
  <attribute name="Current Error" value="21.000000" />
  <attribute name="IntegralT" value="0.000000" />
  <attribute name="IntegralI" value="0.000000" />
  <attribute name="IntegralH" value="0.000000" />
  <attribute name="DerivativeT" value="inf" />
  <attribute name="DerivativeI" value="inf" />
  <attribute name="DerivativeH" value="inf" />
  <attribute name="Loop Time for DT" value="0.000000" />
  <attribute name="Output H" value="8388608"/>
  <attribute name="Output I" value="200"/>
  <attribute name="Output T" value="1"/>
  <attribute name="Target GC Util Change" value ="20.000000" />
  <attribute name="Current GC Util Change" value="41.000000"/>
  <attribute name="GC Util currently" value="41" />
  <attribute name="CPU Util currently" value="14217275254735" />
<exclusive-end id="632" timestamp="2019-06-16T00:36:19.131" durationms="17.702" />

<exclusive-start id="633" timestamp="2019-06-16T00:36:19.162" intervalms="49.514">
  <response-info timems="0.084" idlems="0.084" threads="0" lastid="0000000001627700" lastname="main" />
</exclusive-start>
<allocation-taxation id="634" taxation-threshold="15728640" timestamp="2019-06-16T00:36:19.163" intervalms="49.565" />
<gc-start id="635" type="global mark phase" contextid="570" timestamp="2019-06-16T00:36:19.163">
  <mem-info id="636" free="35651584" total="100663296" percent="35">
    <remembered-set count="37888" freebytes="3866624" totalbytes="4018176" percent="96" regionsoverflowed="0" regionsstable="0" regionsrebuilding="0"/>
  </mem-info>
</gc-start>
<gc-op id="637" type="mark increment" timems="4.575" contextid="570" timestamp="2019-06-16T00:36:19.168">
  <trace-info objectcount="62251" scancount="53021" scanbytes="1341824" />
  <cardclean-info objects="81039" bytes="2280672" />
  <finalization candidates="81" enqueued="0" />
  <ownableSynchronizers candidates="21" cleared="0" />
  <references type="soft" candidates="2716" cleared="47" enqueued="46" dynamicThreshold="16" maxThreshold="32" />
  <references type="weak" candidates="5558" cleared="24" enqueued="24" />
  <references type="phantom" candidates="105" cleared="3" enqueued="3" />
  <stringconstants candidates="13319" cleared="12"  />
</gc-op>
<gc-op id="638" type="classunload" timems="0.008" contextid="570" timestamp="2019-06-16T00:36:19.168">
  <classunload-info classloadercandidates="55" classloadersunloaded="0" classesunloaded="0" anonymousclassesunloaded="0" quiescems="0.000" setupms="0.008" scanms="0.000" postms="0.000" />
</gc-op>
<gc-end id="639" type="global mark phase" contextid="570" durationms="5.083" usertimems="8.000" systemtimems="0.000" timestamp="2019-06-16T00:36:19.168" activeThreads="4">
  <mem-info id="640" free="35651584" total="100663296" percent="35">
    <pending-finalizers system="0" default="0" reference="73" classloader="0" />
    <remembered-set count="37888" freebytes="3866624" totalbytes="4018176" percent="96" regionsoverflowed="0" regionsstable="0" regionsrebuilding="0"/>
  </mem-info>
</gc-end>
<cycle-end id="641" type="global mark phase" contextid="570" timestamp="2019-06-16T00:36:19.168" />
  <attribute name="elasticGC enabled" value="1" />
  <attribute name= "numThreadsSpecified" value="4" />
  <attribute name="heapSize specified" value="0" />
  <attribute name="Current GC Util" value="146" />
  <attribute name= "Current Time Running" value="8832" />
  <attribute name ="GC Interval" value="0" />
  <attribute name="ProportionalT" value="189.000000" />
  <attribute name="ProportionalI" value="189.000000" />
  <attribute name="ProportionalH" value="189.000000" />
  <attribute name="Current Error" value="126.000000" />
  <attribute name="IntegralT" value="126.000000" />
  <attribute name="IntegralI" value="126.000000" />
  <attribute name="IntegralH" value="126.000000" />
  <attribute name="DerivativeT" value="22.000000" />
  <attribute name="DerivativeI" value="22.000000" />
  <attribute name="DerivativeH" value="22.000000" />
  <attribute name="Loop Time for DT" value="1.000000" />
  <attribute name="Output H" value="8388608"/>
  <attribute name="Output I" value="344"/>
  <attribute name="Output T" value="4"/>
  <attribute name="Target GC Util Change" value ="20.000000" />
  <attribute name="Current GC Util Change" value="146.000000"/>
  <attribute name="GC Util currently" value="146" />
  <attribute name="CPU Util currently" value="3849532472348" />
<exclusive-end id="642" timestamp="2019-06-16T00:36:19.168" durationms="5.924" />

<exclusive-start id="643" timestamp="2019-06-16T00:36:19.200" intervalms="37.339">
  <response-info timems="0.092" idlems="0.092" threads="0" lastid="0000000001627700" lastname="main" />
</exclusive-start>
<allocation-taxation id="644" taxation-threshold="15728640" timestamp="2019-06-16T00:36:19.200" intervalms="37.329" />
<cycle-start id="645" type="partial gc" contextid="0" timestamp="2019-06-16T00:36:19.200" intervalms="86.994" />
<gc-start id="646" type="partial gc" contextid="645" timestamp="2019-06-16T00:36:19.200">
  <mem-info id="647" free="19922944" total="100663296" percent="19">
    <mem type="eden" free="131072" total="31457280" percent="0" />
    <arraylet-primitive objects="1" leaves="1" largest="1" />
    <remembered-set count="37888" freebytes="3866624" totalbytes="4018176" percent="96" regionsoverflowed="0" regionsstable="0" regionsrebuilding="0"/>
  </mem-info>
</gc-start>
<allocation-stats totalBytes="31288912" >
  <allocated-bytes non-tlh="0" tlh="31288912" arrayletleaf="0"/>
  <largest-consumer threadName="main" threadId="0000000001627700" bytes="15575360" />
</allocation-stats>
<gc-op id="648" type="sweep" timems="0.747" contextid="645" timestamp="2019-06-16T00:36:19.202" />
<gc-op id="649" type="copy forward" timems="12.140" contextid="645" timestamp="2019-06-16T00:36:19.215">
  <memory-copied type="eden" objects="31461" bytes="778344" bytesdiscarded="4" />
  <memory-copied type="other" objects="87617" bytes="2147848" bytesdiscarded="20" />
  <memory-cardclean objects="10166" bytes="420712" />
  <regions eden="15" other="19" />
  <remembered-set-cleared processed="33690" cleared="7138" durationms="0.447" />
  <references type="soft" candidates="2" cleared="0" enqueued="0" dynamicThreshold="11" maxThreshold="32" />
  <references type="weak" candidates="10" cleared="0" enqueued="0" />
  <stringconstants candidates="13307" cleared="0"  />
</gc-op>
<gc-op id="650" type="classunload" timems="0.022" contextid="645" timestamp="2019-06-16T00:36:19.215">
  <classunload-info classloadercandidates="55" classloadersunloaded="0" classesunloaded="0" anonymousclassesunloaded="0" quiescems="0.000" setupms="0.022" scanms="0.000" postms="0.000" />
</gc-op>
<heap-resize id="651" type="expand" space="default" amount="17825792" count="1" timems="0.155" reason="excessive time being spent in gc" timestamp="2019-06-16T00:36:19.215" />
<gc-end id="652" type="partial gc" contextid="645" durationms="14.916" usertimems="8.000" systemtimems="8.000" timestamp="2019-06-16T00:36:19.215" activeThreads="1">
  <mem-info id="653" free="68157440" total="118489088" percent="57">
    <mem type="eden" free="557032" total="2097152" percent="26" />
    <arraylet-primitive objects="1" leaves="1" largest="1" />
    <remembered-set count="38912" freebytes="4574080" totalbytes="4729728" percent="96" regionsoverflowed="0" regionsstable="0" regionsrebuilding="0"/>
  </mem-info>
</gc-end>
<cycle-end id="654" type="partial gc" contextid="645" timestamp="2019-06-16T00:36:19.216" />
  <attribute name="elasticGC enabled" value="1" />
  <attribute name= "numThreadsSpecified" value="1" />
  <attribute name="heapSize specified" value="0" />
  <attribute name="Current GC Util" value="69" />
  <attribute name= "Current Time Running" value="8868" />
  <attribute name ="GC Interval" value="0" />
  <attribute name="ProportionalT" value="73.500000" />
  <attribute name="ProportionalI" value="73.500000" />
  <attribute name="ProportionalH" value="73.500000" />
  <attribute name="Current Error" value="49.000000" />
  <attribute name="IntegralT" value="0.000000" />
  <attribute name="IntegralI" value="0.000000" />
  <attribute name="IntegralH" value="0.000000" />
  <attribute name="DerivativeT" value="inf" />
  <attribute name="DerivativeI" value="inf" />
  <attribute name="DerivativeH" value="inf" />
  <attribute name="Loop Time for DT" value="0.000000" />
  <attribute name="Output H" value="8388608"/>
  <attribute name="Output I" value="200"/>
  <attribute name="Output T" value="1"/>
  <attribute name="Target GC Util Change" value ="20.000000" />
  <attribute name="Current GC Util Change" value="69.000000"/>
  <attribute name="GC Util currently" value="69" />
  <attribute name="CPU Util currently" value="15702243163914" />
<exclusive-end id="655" timestamp="2019-06-16T00:36:19.216" durationms="16.229" />

<exclusive-start id="656" timestamp="2019-06-16T00:36:19.288" intervalms="88.381">
  <response-info timems="0.073" idlems="0.073" threads="0" lastid="0000000001627700" lastname="main" />
</exclusive-start>
<allocation-taxation id="657" taxation-threshold="35651584" timestamp="2019-06-16T00:36:19.288" intervalms="88.391" />
<cycle-start id="658" type="partial gc" contextid="0" timestamp="2019-06-16T00:36:19.288" intervalms="88.391" />
<gc-start id="659" type="partial gc" contextid="658" timestamp="2019-06-16T00:36:19.289">
  <mem-info id="660" free="32505856" total="118489088" percent="27">
    <mem type="eden" free="0" total="35651584" percent="0" />
    <arraylet-primitive objects="1" leaves="1" largest="1" />
    <remembered-set count="38496" freebytes="4575744" totalbytes="4729728" percent="96" regionsoverflowed="0" regionsstable="0" regionsrebuilding="0"/>
  </mem-info>
</gc-start>
<allocation-stats totalBytes="35608128" >
  <allocated-bytes non-tlh="262160" tlh="35345968" arrayletleaf="0"/>
  <largest-consumer threadName="main" threadId="0000000001627700" bytes="35608128" />
</allocation-stats>
<gc-op id="661" type="copy forward" timems="7.813" contextid="658" timestamp="2019-06-16T00:36:19.298">
  <memory-copied type="eden" objects="74776" bytes="2146560" bytesdiscarded="7000" />
  <memory-copied type="other" objects="79621" bytes="1999944" bytesdiscarded="51696" />
  <memory-cardclean objects="13799" bytes="533424" />
  <regions eden="34" other="10" />
  <remembered-set-cleared processed="34112" cleared="7591" durationms="0.200" />
  <references type="soft" candidates="47" cleared="0" enqueued="0" dynamicThreshold="18" maxThreshold="32" />
  <references type="weak" candidates="118" cleared="0" enqueued="0" />
  <stringconstants candidates="13307" cleared="0"  />
</gc-op>
<gc-op id="662" type="classunload" timems="0.021" contextid="658" timestamp="2019-06-16T00:36:19.298">
  <classunload-info classloadercandidates="55" classloadersunloaded="0" classesunloaded="0" anonymousclassesunloaded="0" quiescems="0.000" setupms="0.021" scanms="0.000" postms="0.000" />
</gc-op>
<heap-resize id="663" type="expand" space="default" amount="5242880" count="1" timems="0.080" reason="excessive time being spent in gc" timestamp="2019-06-16T00:36:19.298" />
<gc-end id="664" type="partial gc" contextid="658" durationms="9.283" usertimems="20.000" systemtimems="4.000" timestamp="2019-06-16T00:36:19.298" activeThreads="4">
  <mem-info id="665" free="74448896" total="123731968" percent="60">
    <mem type="eden" free="992168" total="3145728" percent="31" />
    <arraylet-primitive objects="1" leaves="1" largest="1" />
    <remembered-set count="44928" freebytes="4759296" totalbytes="4939008" percent="96" regionsoverflowed="0" regionsstable="0" regionsrebuilding="0"/>
  </mem-info>
</gc-end>
<cycle-end id="666" type="partial gc" contextid="658" timestamp="2019-06-16T00:36:19.298" />
  <attribute name="elasticGC enabled" value="1" />
  <attribute name= "numThreadsSpecified" value="4" />
  <attribute name="heapSize specified" value="0" />
  <attribute name="Current GC Util" value="68" />
  <attribute name= "Current Time Running" value="8956" />
  <attribute name ="GC Interval" value="0" />
  <attribute name="ProportionalT" value="72.000000" />
  <attribute name="ProportionalI" value="72.000000" />
  <attribute name="ProportionalH" value="72.000000" />
  <attribute name="Current Error" value="48.000000" />
  <attribute name="IntegralT" value="48.000000" />
  <attribute name="IntegralI" value="48.000000" />
  <attribute name="IntegralH" value="48.000000" />
  <attribute name="DerivativeT" value="24.000000" />
  <attribute name="DerivativeI" value="24.000000" />
  <attribute name="DerivativeH" value="24.000000" />
  <attribute name="Loop Time for DT" value="1.000000" />
  <attribute name="Output H" value="8388608"/>
  <attribute name="Output I" value="200"/>
  <attribute name="Output T" value="4"/>
  <attribute name="Target GC Util Change" value ="20.000000" />
  <attribute name="Current GC Util Change" value="68.000000"/>
  <attribute name="GC Util currently" value="68" />
  <attribute name="CPU Util currently" value="17761641977292" />
<exclusive-end id="667" timestamp="2019-06-16T00:36:19.299" durationms="10.537" />

<exclusive-start id="668" timestamp="2019-06-16T00:36:19.407" intervalms="118.864">
  <response-info timems="0.069" idlems="0.069" threads="0" lastid="0000000001627700" lastname="main" />
</exclusive-start>
<allocation-taxation id="669" taxation-threshold="37748736" timestamp="2019-06-16T00:36:19.407" intervalms="118.865" />
<cycle-start id="670" type="partial gc" contextid="0" timestamp="2019-06-16T00:36:19.407" intervalms="118.790" />
<gc-start id="671" type="partial gc" contextid="670" timestamp="2019-06-16T00:36:19.408">
  <mem-info id="672" free="36700160" total="123731968" percent="29">
    <mem type="eden" free="0" total="37748736" percent="0" />
    <arraylet-primitive objects="2" leaves="2" largest="1" />
    <remembered-set count="44928" freebytes="4759296" totalbytes="4939008" percent="96" regionsoverflowed="0" regionsstable="0" regionsrebuilding="0"/>
  </mem-info>
</gc-start>
<allocation-stats totalBytes="37732160" >
  <allocated-bytes non-tlh="826504" tlh="35857080" arrayletleaf="1048576"/>
  <largest-consumer threadName="main" threadId="0000000001627700" bytes="37732160" />
</allocation-stats>
<gc-op id="673" type="copy forward" timems="18.221" contextid="670" timestamp="2019-06-16T00:36:19.427">
  <memory-copied type="eden" objects="83161" bytes="2164628" bytesdiscarded="8" />
  <memory-copied type="other" objects="98431" bytes="2772936" bytesdiscarded="528" />
  <memory-cardclean objects="28840" bytes="1074464" />
  <regions eden="35" other="8" />
  <remembered-set-cleared processed="37336" cleared="13750" durationms="0.418" />
  <finalization candidates="1" enqueued="1" />
  <references type="soft" candidates="8" cleared="0" enqueued="0" dynamicThreshold="19" maxThreshold="32" />
  <references type="weak" candidates="390" cleared="0" enqueued="0" />
  <stringconstants candidates="13307" cleared="0"  />
</gc-op>
<gc-op id="674" type="classunload" timems="0.008" contextid="670" timestamp="2019-06-16T00:36:19.427">
  <classunload-info classloadercandidates="55" classloadersunloaded="0" classesunloaded="0" anonymousclassesunloaded="0" quiescems="0.000" setupms="0.007" scanms="0.000" postms="0.000" />
</gc-op>
<heap-resize id="675" type="expand" space="default" amount="5242880" count="1" timems="0.094" reason="excessive time being spent in gc" timestamp="2019-06-16T00:36:19.427" />
<gc-end id="676" type="partial gc" contextid="670" durationms="19.836" usertimems="16.000" systemtimems="4.000" timestamp="2019-06-16T00:36:19.428" activeThreads="1">
  <mem-info id="677" free="77594624" total="128974848" percent="60">
    <mem type="eden" free="981064" total="4194304" percent="23" />
    <arraylet-primitive objects="2" leaves="2" largest="1" />
    <pending-finalizers system="0" default="1" reference="0" classloader="0" />
    <remembered-set count="46688" freebytes="4961536" totalbytes="5148288" percent="96" regionsoverflowed="0" regionsstable="0" regionsrebuilding="0"/>
  </mem-info>
</gc-end>
<cycle-end id="678" type="partial gc" contextid="670" timestamp="2019-06-16T00:36:19.428" />
  <attribute name="elasticGC enabled" value="1" />
  <attribute name= "numThreadsSpecified" value="1" />
  <attribute name="heapSize specified" value="0" />
  <attribute name="Current GC Util" value="66" />
  <attribute name= "Current Time Running" value="9074" />
  <attribute name ="GC Interval" value="0" />
  <attribute name="ProportionalT" value="69.000000" />
  <attribute name="ProportionalI" value="69.000000" />
  <attribute name="ProportionalH" value="69.000000" />
  <attribute name="Current Error" value="46.000000" />
  <attribute name="IntegralT" value="0.000000" />
  <attribute name="IntegralI" value="0.000000" />
  <attribute name="IntegralH" value="0.000000" />
  <attribute name="DerivativeT" value="inf" />
  <attribute name="DerivativeI" value="inf" />
  <attribute name="DerivativeH" value="inf" />
  <attribute name="Loop Time for DT" value="0.000000" />
  <attribute name="Output H" value="8388608"/>
  <attribute name="Output I" value="200"/>
  <attribute name="Output T" value="1"/>
  <attribute name="Target GC Util Change" value ="20.000000" />
  <attribute name="Current GC Util Change" value="66.000000"/>
  <attribute name="GC Util currently" value="66" />
  <attribute name="CPU Util currently" value="19640911445382" />
<exclusive-end id="679" timestamp="2019-06-16T00:36:19.428" durationms="21.164" />

<exclusive-start id="680" timestamp="2019-06-16T00:36:19.687" intervalms="280.394">
  <response-info timems="0.091" idlems="0.091" threads="0" lastid="0000000001627700" lastname="main" />
</exclusive-start>
<allocation-taxation id="681" taxation-threshold="38797312" timestamp="2019-06-16T00:36:19.688" intervalms="280.468" />
<cycle-start id="682" type="partial gc" contextid="0" timestamp="2019-06-16T00:36:19.688" intervalms="280.513" />
<gc-start id="683" type="partial gc" contextid="682" timestamp="2019-06-16T00:36:19.688">
  <mem-info id="684" free="38797312" total="128974848" percent="30">
    <mem type="eden" free="0" total="38797312" percent="0" />
    <arraylet-primitive objects="2" leaves="2" largest="1" />
    <remembered-set count="46272" freebytes="4963200" totalbytes="5148288" percent="96" regionsoverflowed="0" regionsstable="0" regionsrebuilding="0"/>
  </mem-info>
</gc-start>
<allocation-stats totalBytes="38794632" >
  <allocated-bytes non-tlh="149376" tlh="38645256" arrayletleaf="0"/>
  <largest-consumer threadName="main" threadId="0000000001627700" bytes="38794632" />
</allocation-stats>
<gc-op id="685" type="copy forward" timems="12.961" contextid="682" timestamp="2019-06-16T00:36:19.702">
  <memory-copied type="eden" objects="37186" bytes="1023584" bytesdiscarded="0" />
  <memory-copied type="other" objects="90815" bytes="2193776" bytesdiscarded="216" />
  <memory-cardclean objects="11301" bytes="670416" />
  <regions eden="37" other="8" />
  <remembered-set-cleared processed="41606" cleared="9892" durationms="0.479" />
  <references type="soft" candidates="2214" cleared="0" enqueued="0" dynamicThreshold="19" maxThreshold="32" />
  <references type="weak" candidates="616" cleared="0" enqueued="0" />
  <stringconstants candidates="13766" cleared="5"  />
</gc-op>
<gc-op id="686" type="classunload" timems="0.008" contextid="682" timestamp="2019-06-16T00:36:19.702">
  <classunload-info classloadercandidates="55" classloadersunloaded="0" classesunloaded="0" anonymousclassesunloaded="0" quiescems="0.000" setupms="0.008" scanms="0.000" postms="0.000" />
</gc-op>
<gc-end id="687" type="partial gc" contextid="682" durationms="14.248" usertimems="12.000" systemtimems="8.000" timestamp="2019-06-16T00:36:19.702" activeThreads="1">
  <mem-info id="688" free="80740352" total="128974848" percent="62">
    <mem type="eden" free="24952" total="1048576" percent="2" />
    <arraylet-primitive objects="1" leaves="1" largest="1" />
    <remembered-set count="47552" freebytes="4958080" totalbytes="5148288" percent="96" regionsoverflowed="0" regionsstable="0" regionsrebuilding="0"/>
  </mem-info>
</gc-end>
<cycle-end id="689" type="partial gc" contextid="682" timestamp="2019-06-16T00:36:19.703" />
  <attribute name="elasticGC enabled" value="1" />
  <attribute name= "numThreadsSpecified" value="1" />
  <attribute name="heapSize specified" value="0" />
  <attribute name="Current GC Util" value="69" />
  <attribute name= "Current Time Running" value="9355" />
  <attribute name ="GC Interval" value="0" />
  <attribute name="ProportionalT" value="73.500000" />
  <attribute name="ProportionalI" value="73.500000" />
  <attribute name="ProportionalH" value="73.500000" />
  <attribute name="Current Error" value="49.000000" />
  <attribute name="IntegralT" value="0.000000" />
  <attribute name="IntegralI" value="0.000000" />
  <attribute name="IntegralH" value="0.000000" />
  <attribute name="DerivativeT" value="inf" />
  <attribute name="DerivativeI" value="inf" />
  <attribute name="DerivativeH" value="inf" />
  <attribute name="Loop Time for DT" value="0.000000" />
  <attribute name="Output H" value="8388608"/>
  <attribute name="Output I" value="200"/>
  <attribute name="Output T" value="1"/>
  <attribute name="Target GC Util Change" value ="20.000000" />
  <attribute name="Current GC Util Change" value="69.000000"/>
  <attribute name="GC Util currently" value="69" />
  <attribute name="CPU Util currently" value="20682617735171" />
<exclusive-end id="690" timestamp="2019-06-16T00:36:19.703" durationms="15.643" />

<exclusive-start id="691" timestamp="2019-06-16T00:36:21.151" intervalms="1463.369">
  <response-info timems="0.033" idlems="0.033" threads="0" lastid="0000000001627700" lastname="main" />
</exclusive-start>
<allocation-taxation id="692" taxation-threshold="38797312" timestamp="2019-06-16T00:36:21.151" intervalms="1463.299" />
<cycle-start id="693" type="partial gc" contextid="0" timestamp="2019-06-16T00:36:21.151" intervalms="1463.246" />
<gc-start id="694" type="partial gc" contextid="693" timestamp="2019-06-16T00:36:21.151">
  <mem-info id="695" free="41943040" total="128974848" percent="32">
    <mem type="eden" free="0" total="38797312" percent="0" />
    <arraylet-primitive objects="1" leaves="1" largest="1" />
    <remembered-set count="47264" freebytes="4959232" totalbytes="5148288" percent="96" regionsoverflowed="0" regionsstable="0" regionsrebuilding="0"/>
  </mem-info>
</gc-start>
<allocation-stats totalBytes="38761600" >
  <allocated-bytes non-tlh="64" tlh="38761536" arrayletleaf="0"/>
  <largest-consumer threadName="main" threadId="0000000001627700" bytes="38761600" />
</allocation-stats>
<gc-op id="696" type="copy forward" timems="8.766" contextid="693" timestamp="2019-06-16T00:36:21.161">
  <memory-copied type="eden" objects="82" bytes="3208" bytesdiscarded="0" />
  <memory-copied type="other" objects="85147" bytes="2273864" bytesdiscarded="224" />
  <memory-cardclean objects="7526" bytes="527368" />
  <regions eden="37" other="5" />
  <remembered-set-cleared processed="43427" cleared="8579" durationms="0.455" />
  <references type="soft" candidates="2192" cleared="0" enqueued="0" dynamicThreshold="20" maxThreshold="32" />
  <references type="weak" candidates="489" cleared="0" enqueued="0" />
  <stringconstants candidates="13762" cleared="0"  />
</gc-op>
<gc-op id="697" type="classunload" timems="0.006" contextid="693" timestamp="2019-06-16T00:36:21.161">
  <classunload-info classloadercandidates="55" classloadersunloaded="0" classesunloaded="0" anonymousclassesunloaded="0" quiescems="0.000" setupms="0.006" scanms="0.000" postms="0.000" />
</gc-op>
<gc-end id="698" type="partial gc" contextid="693" durationms="9.987" usertimems="16.000" systemtimems="4.000" timestamp="2019-06-16T00:36:21.161" activeThreads="1">
  <mem-info id="699" free="80740352" total="128974848" percent="62">
    <mem type="eden" free="1045368" total="1048576" percent="99" />
    <arraylet-primitive objects="1" leaves="1" largest="1" />
    <remembered-set count="47392" freebytes="4958720" totalbytes="5148288" percent="96" regionsoverflowed="0" regionsstable="0" regionsrebuilding="0"/>
  </mem-info>
</gc-end>
<cycle-end id="700" type="partial gc" contextid="693" timestamp="2019-06-16T00:36:21.162" />
  <attribute name="elasticGC enabled" value="1" />
  <attribute name= "numThreadsSpecified" value="1" />
  <attribute name="heapSize specified" value="0" />
  <attribute name="Current GC Util" value="74" />
  <attribute name= "Current Time Running" value="10818" />
  <attribute name ="GC Interval" value="0" />
  <attribute name="ProportionalT" value="81.000000" />
  <attribute name="ProportionalI" value="81.000000" />
  <attribute name="ProportionalH" value="81.000000" />
  <attribute name="Current Error" value="54.000000" />
  <attribute name="IntegralT" value="0.000000" />
  <attribute name="IntegralI" value="0.000000" />
  <attribute name="IntegralH" value="0.000000" />
  <attribute name="DerivativeT" value="inf" />
  <attribute name="DerivativeI" value="inf" />
  <attribute name="DerivativeH" value="inf" />
  <attribute name="Loop Time for DT" value="0.000000" />
  <attribute name="Output H" value="8388608"/>
  <attribute name="Output I" value="200"/>
  <attribute name="Output T" value="1"/>
  <attribute name="Target GC Util Change" value ="20.000000" />
  <attribute name="Current GC Util Change" value="74.000000"/>
  <attribute name="GC Util currently" value="74" />
  <attribute name="CPU Util currently" value="19659666830891" />
<exclusive-end id="701" timestamp="2019-06-16T00:36:21.162" durationms="11.200" />

<exclusive-start id="702" timestamp="2019-06-16T00:36:21.193" intervalms="41.930">
  <response-info timems="0.151" idlems="0.151" threads="0" lastid="0000000001627700" lastname="main" />
</exclusive-start>
<allocation-taxation id="703" taxation-threshold="38797312" timestamp="2019-06-16T00:36:21.193" intervalms="41.992" />
<cycle-start id="704" type="partial gc" contextid="0" timestamp="2019-06-16T00:36:21.193" intervalms="42.018" />
<gc-start id="705" type="partial gc" contextid="704" timestamp="2019-06-16T00:36:21.193">
  <mem-info id="706" free="41943040" total="128974848" percent="32">
    <mem type="eden" free="0" total="38797312" percent="0" />
    <arraylet-primitive objects="1" leaves="1" largest="1" />
    <remembered-set count="46912" freebytes="4960640" totalbytes="5148288" percent="96" regionsoverflowed="0" regionsstable="0" regionsrebuilding="0"/>
  </mem-info>
</gc-start>
<allocation-stats totalBytes="38652768" >
  <allocated-bytes non-tlh="0" tlh="38652768" arrayletleaf="0"/>
  <largest-consumer threadName="main" threadId="0000000001627700" bytes="38652768" />
</allocation-stats>
<gc-op id="707" type="copy forward" timems="3.462" contextid="704" timestamp="2019-06-16T00:36:21.198">
  <memory-copied type="eden" objects="1" bytes="32" bytesdiscarded="0" />
  <memory-copied type="other" objects="8368" bytes="298152" bytesdiscarded="384" />
  <memory-cardclean objects="5867" bytes="365416" />
  <regions eden="37" other="5" />
  <remembered-set-cleared processed="42975" cleared="4076" durationms="0.437" />
  <references type="soft" candidates="90" cleared="0" enqueued="0" dynamicThreshold="20" maxThreshold="32" />
  <references type="weak" candidates="333" cleared="0" enqueued="0" />
  <stringconstants candidates="13762" cleared="0"  />
</gc-op>
<gc-op id="708" type="classunload" timems="0.004" contextid="704" timestamp="2019-06-16T00:36:21.198">
  <classunload-info classloadercandidates="55" classloadersunloaded="0" classesunloaded="0" anonymousclassesunloaded="0" quiescems="0.000" setupms="0.004" scanms="0.000" postms="0.000" />
</gc-op>
<heap-resize id="709" type="contract" space="default" amount="7340032" count="1" timems="0.177" reason="insufficient time being spent in gc" timestamp="2019-06-16T00:36:21.198" />
<gc-end id="710" type="partial gc" contextid="704" durationms="4.963" usertimems="4.000" systemtimems="4.000" timestamp="2019-06-16T00:36:21.198" activeThreads="1">
  <mem-info id="711" free="73400320" total="121634816" percent="60">
    <mem type="eden" free="1048544" total="1048576" percent="99" />
    <arraylet-primitive objects="1" leaves="1" largest="1" />
    <remembered-set count="46912" freebytes="4960640" totalbytes="5148288" percent="96" regionsoverflowed="0" regionsstable="0" regionsrebuilding="0"/>
  </mem-info>
</gc-end>
<cycle-end id="712" type="partial gc" contextid="704" timestamp="2019-06-16T00:36:21.199" />
  <attribute name="elasticGC enabled" value="1" />
  <attribute name= "numThreadsSpecified" value="1" />
  <attribute name="heapSize specified" value="0" />
  <attribute name="Current GC Util" value="84" />
  <attribute name= "Current Time Running" value="10860" />
  <attribute name ="GC Interval" value="0" />
  <attribute name="ProportionalT" value="96.000000" />
  <attribute name="ProportionalI" value="96.000000" />
  <attribute name="ProportionalH" value="96.000000" />
  <attribute name="Current Error" value="64.000000" />
  <attribute name="IntegralT" value="0.000000" />
  <attribute name="IntegralI" value="0.000000" />
  <attribute name="IntegralH" value="0.000000" />
  <attribute name="DerivativeT" value="inf" />
  <attribute name="DerivativeI" value="inf" />
  <attribute name="DerivativeH" value="inf" />
  <attribute name="Loop Time for DT" value="0.000000" />
  <attribute name="Output H" value="8388608"/>
  <attribute name="Output I" value="200"/>
  <attribute name="Output T" value="1"/>
  <attribute name="Target GC Util Change" value ="20.000000" />
  <attribute name="Current GC Util Change" value="84.000000"/>
  <attribute name="GC Util currently" value="84" />
  <attribute name="CPU Util currently" value="20980423942001" />
<exclusive-end id="713" timestamp="2019-06-16T00:36:21.199" durationms="6.264" />

<exclusive-start id="714" timestamp="2019-06-16T00:36:21.219" intervalms="26.419">
  <response-info timems="0.024" idlems="0.024" threads="0" lastid="0000000001627700" lastname="main" />
</exclusive-start>
<allocation-taxation id="715" taxation-threshold="36700160" timestamp="2019-06-16T00:36:21.219" intervalms="26.355" />
<cycle-start id="716" type="partial gc" contextid="0" timestamp="2019-06-16T00:36:21.219" intervalms="26.398" />
<gc-start id="717" type="partial gc" contextid="716" timestamp="2019-06-16T00:36:21.220">
  <mem-info id="718" free="36700160" total="121634816" percent="30">
    <mem type="eden" free="1048544" total="37748736" percent="2" />
    <arraylet-primitive objects="1" leaves="1" largest="1" />
    <remembered-set count="46496" freebytes="4962304" totalbytes="5148288" percent="96" regionsoverflowed="0" regionsstable="0" regionsrebuilding="0"/>
  </mem-info>
</gc-start>
<allocation-stats totalBytes="36574208" >
  <allocated-bytes non-tlh="0" tlh="36574208" arrayletleaf="0"/>
  <largest-consumer threadName="main" threadId="0000000001627700" bytes="36574208" />
</allocation-stats>
<gc-op id="719" type="copy forward" timems="3.925" contextid="716" timestamp="2019-06-16T00:36:21.225">
  <memory-copied type="eden" objects="1" bytes="24" bytesdiscarded="0" />
  <memory-copied type="other" objects="15507" bytes="458768" bytesdiscarded="21000" />
  <memory-cardclean objects="27973" bytes="900928" />
  <regions eden="35" other="5" />
  <remembered-set-cleared processed="40528" cleared="6154" durationms="0.218" />
  <references type="soft" candidates="411" cleared="0" enqueued="0" dynamicThreshold="19" maxThreshold="32" />
  <references type="weak" candidates="459" cleared="0" enqueued="0" />
  <stringconstants candidates="13762" cleared="0"  />
</gc-op>
<gc-op id="720" type="classunload" timems="0.006" contextid="716" timestamp="2019-06-16T00:36:21.225">
  <classunload-info classloadercandidates="55" classloadersunloaded="0" classesunloaded="0" anonymousclassesunloaded="0" quiescems="0.000" setupms="0.006" scanms="0.000" postms="0.000" />
</gc-op>
<heap-resize id="721" type="contract" space="default" amount="6291456" count="1" timems="0.068" reason="insufficient time being spent in gc" timestamp="2019-06-16T00:36:21.225" />
<gc-end id="722" type="partial gc" contextid="716" durationms="5.723" usertimems="12.000" systemtimems="0.000" timestamp="2019-06-16T00:36:21.226" activeThreads="4">
  <mem-info id="723" free="68157440" total="115343360" percent="59">
    <mem type="eden" free="1048552" total="1048576" percent="99" />
    <arraylet-primitive objects="1" leaves="1" largest="1" />
    <remembered-set count="47488" freebytes="4665344" totalbytes="4855296" percent="96" regionsoverflowed="0" regionsstable="0" regionsrebuilding="0"/>
  </mem-info>
</gc-end>
<cycle-end id="724" type="partial gc" contextid="716" timestamp="2019-06-16T00:36:21.226" />
  <attribute name="elasticGC enabled" value="1" />
  <attribute name= "numThreadsSpecified" value="4" />
  <attribute name="heapSize specified" value="0" />
  <attribute name="Current GC Util" value="99" />
  <attribute name= "Current Time Running" value="10887" />
  <attribute name ="GC Interval" value="0" />
  <attribute name="ProportionalT" value="118.500000" />
  <attribute name="ProportionalI" value="118.500000" />
  <attribute name="ProportionalH" value="118.500000" />
  <attribute name="Current Error" value="79.000000" />
  <attribute name="IntegralT" value="79.000000" />
  <attribute name="IntegralI" value="79.000000" />
  <attribute name="IntegralH" value="79.000000" />
  <attribute name="DerivativeT" value="39.500000" />
  <attribute name="DerivativeI" value="39.500000" />
  <attribute name="DerivativeH" value="39.500000" />
  <attribute name="Loop Time for DT" value="1.000000" />
  <attribute name="Output H" value="8388608"/>
  <attribute name="Output I" value="240"/>
  <attribute name="Output T" value="4"/>
  <attribute name="Target GC Util Change" value ="20.000000" />
  <attribute name="Current GC Util Change" value="99.000000"/>
  <attribute name="GC Util currently" value="99" />
  <attribute name="CPU Util currently" value="6680833750263" />
<exclusive-end id="725" timestamp="2019-06-16T00:36:21.226" durationms="7.085" />

<exclusive-start id="726" timestamp="2019-06-16T00:36:21.244" intervalms="24.610">
  <response-info timems="0.036" idlems="0.036" threads="0" lastid="0000000001627700" lastname="main" />
</exclusive-start>
<allocation-taxation id="727" taxation-threshold="35651584" timestamp="2019-06-16T00:36:21.244" intervalms="24.614" />
<cycle-start id="728" type="partial gc" contextid="0" timestamp="2019-06-16T00:36:21.244" intervalms="24.624" />
<gc-start id="729" type="partial gc" contextid="728" timestamp="2019-06-16T00:36:21.244">
  <mem-info id="730" free="32505856" total="115343360" percent="28">
    <mem type="eden" free="1048552" total="36700160" percent="2" />
    <arraylet-primitive objects="1" leaves="1" largest="1" />
    <remembered-set count="47008" freebytes="4667264" totalbytes="4855296" percent="96" regionsoverflowed="0" regionsstable="0" regionsrebuilding="0"/>
  </mem-info>
</gc-start>
<allocation-stats totalBytes="35532408" >
  <allocated-bytes non-tlh="0" tlh="35532408" arrayletleaf="0"/>
  <largest-consumer threadName="main" threadId="0000000001627700" bytes="35532408" />
</allocation-stats>
<gc-op id="731" type="copy forward" timems="4.320" contextid="728" timestamp="2019-06-16T00:36:21.250">
  <memory-copied type="eden" objects="1" bytes="24" bytesdiscarded="0" />
  <memory-copied type="other" objects="69339" bytes="1713016" bytesdiscarded="56680" />
  <memory-cardclean objects="12096" bytes="716136" />
  <regions eden="34" other="5" />
  <remembered-set-cleared processed="41363" cleared="8648" durationms="0.223" />
  <references type="soft" candidates="224" cleared="0" enqueued="0" dynamicThreshold="18" maxThreshold="32" />
  <references type="weak" candidates="332" cleared="0" enqueued="0" />
  <stringconstants candidates="13762" cleared="0"  />
</gc-op>
<gc-op id="732" type="classunload" timems="0.005" contextid="728" timestamp="2019-06-16T00:36:21.250">
  <classunload-info classloadercandidates="55" classloadersunloaded="0" classesunloaded="0" anonymousclassesunloaded="0" quiescems="0.000" setupms="0.005" scanms="0.000" postms="0.000" />
</gc-op>
<gc-end id="733" type="partial gc" contextid="728" durationms="5.974" usertimems="12.000" systemtimems="0.000" timestamp="2019-06-16T00:36:21.250" activeThreads="4">
  <mem-info id="734" free="69206016" total="115343360" percent="60">
    <mem type="eden" free="1048552" total="1048576" percent="99" />
    <arraylet-primitive objects="1" leaves="1" largest="1" />
    <remembered-set count="46400" freebytes="4418560" totalbytes="4604160" percent="95" regionsoverflowed="0" regionsstable="0" regionsrebuilding="0"/>
  </mem-info>
</gc-end>
<cycle-end id="735" type="partial gc" contextid="728" timestamp="2019-06-16T00:36:21.251" />
  <attribute name="elasticGC enabled" value="1" />
  <attribute name= "numThreadsSpecified" value="4" />
  <attribute name="heapSize specified" value="0" />
  <attribute name="Current GC Util" value="91" />
  <attribute name= "Current Time Running" value="10912" />
  <attribute name ="GC Interval" value="0" />
  <attribute name="ProportionalT" value="106.500000" />
  <attribute name="ProportionalI" value="106.500000" />
  <attribute name="ProportionalH" value="106.500000" />
  <attribute name="Current Error" value="71.000000" />
  <attribute name="IntegralT" value="71.000000" />
  <attribute name="IntegralI" value="71.000000" />
  <attribute name="IntegralH" value="71.000000" />
  <attribute name="DerivativeT" value="22.500000" />
  <attribute name="DerivativeI" value="22.500000" />
  <attribute name="DerivativeH" value="22.500000" />
  <attribute name="Loop Time for DT" value="1.000000" />
  <attribute name="Output H" value="8388608"/>
  <attribute name="Output I" value="200"/>
  <attribute name="Output T" value="4"/>
  <attribute name="Target GC Util Change" value ="20.000000" />
  <attribute name="Current GC Util Change" value="91.000000"/>
  <attribute name="GC Util currently" value="91" />
  <attribute name="CPU Util currently" value="7002734784252" />
<exclusive-end id="736" timestamp="2019-06-16T00:36:21.251" durationms="7.136" />

<exclusive-start id="737" timestamp="2019-06-16T00:36:21.269" intervalms="25.156">
  <response-info timems="0.077" idlems="0.077" threads="0" lastid="0000000001627700" lastname="main" />
</exclusive-start>
<allocation-taxation id="738" taxation-threshold="35651584" timestamp="2019-06-16T00:36:21.269" intervalms="25.185" />
<cycle-start id="739" type="partial gc" contextid="0" timestamp="2019-06-16T00:36:21.269" intervalms="25.173" />
<gc-start id="740" type="partial gc" contextid="739" timestamp="2019-06-16T00:36:21.270">
  <mem-info id="741" free="33554432" total="115343360" percent="29">
    <mem type="eden" free="1048552" total="36700160" percent="2" />
    <arraylet-primitive objects="1" leaves="1" largest="1" />
    <remembered-set count="46400" freebytes="4418560" totalbytes="4604160" percent="95" regionsoverflowed="0" regionsstable="0" regionsrebuilding="0"/>
  </mem-info>
</gc-start>
<allocation-stats totalBytes="35532408" >
  <allocated-bytes non-tlh="0" tlh="35532408" arrayletleaf="0"/>
  <largest-consumer threadName="main" threadId="0000000001627700" bytes="35532408" />
</allocation-stats>
<gc-op id="742" type="copy forward" timems="7.633" contextid="739" timestamp="2019-06-16T00:36:21.278">
  <memory-copied type="eden" objects="1" bytes="24" bytesdiscarded="0" />
  <memory-copied type="other" objects="49934" bytes="1479088" bytesdiscarded="224" />
  <memory-cardclean objects="18736" bytes="1004944" />
  <regions eden="34" other="5" />
  <remembered-set-cleared processed="41093" cleared="9369" durationms="0.496" />
  <finalization candidates="4" enqueued="0" />
  <references type="soft" candidates="974" cleared="0" enqueued="0" dynamicThreshold="19" maxThreshold="32" />
  <references type="weak" candidates="369" cleared="0" enqueued="0" />
  <references type="phantom" candidates="1" cleared="0" enqueued="0" />
  <stringconstants candidates="13762" cleared="1"  />
</gc-op>
<gc-op id="743" type="classunload" timems="0.005" contextid="739" timestamp="2019-06-16T00:36:21.278">
  <classunload-info classloadercandidates="55" classloadersunloaded="0" classesunloaded="0" anonymousclassesunloaded="0" quiescems="0.000" setupms="0.004" scanms="0.000" postms="0.000" />
</gc-op>
<gc-end id="744" type="partial gc" contextid="739" durationms="8.963" usertimems="8.000" systemtimems="0.000" timestamp="2019-06-16T00:36:21.279" activeThreads="1">
  <mem-info id="745" free="70254592" total="115343360" percent="60">
    <mem type="eden" free="1048552" total="1048576" percent="99" />
    <arraylet-primitive objects="1" leaves="1" largest="1" />
    <remembered-set count="45792" freebytes="4420992" totalbytes="4604160" percent="96" regionsoverflowed="0" regionsstable="0" regionsrebuilding="0"/>
  </mem-info>
</gc-end>
<cycle-end id="746" type="partial gc" contextid="739" timestamp="2019-06-16T00:36:21.279" />
  <attribute name="elasticGC enabled" value="1" />
  <attribute name= "numThreadsSpecified" value="1" />
  <attribute name="heapSize specified" value="0" />
  <attribute name="Current GC Util" value="56" />
  <attribute name= "Current Time Running" value="10936" />
  <attribute name ="GC Interval" value="0" />
  <attribute name="ProportionalT" value="54.000000" />
  <attribute name="ProportionalI" value="54.000000" />
  <attribute name="ProportionalH" value="54.000000" />
  <attribute name="Current Error" value="36.000000" />
  <attribute name="IntegralT" value="0.000000" />
  <attribute name="IntegralI" value="0.000000" />
  <attribute name="IntegralH" value="0.000000" />
  <attribute name="DerivativeT" value="inf" />
  <attribute name="DerivativeI" value="inf" />
  <attribute name="DerivativeH" value="inf" />
  <attribute name="Loop Time for DT" value="0.000000" />
  <attribute name="Output H" value="8388608"/>
  <attribute name="Output I" value="200"/>
  <attribute name="Output T" value="1"/>
  <attribute name="Target GC Util Change" value ="20.000000" />
  <attribute name="Current GC Util Change" value="56.000000"/>
  <attribute name="GC Util currently" value="56" />
  <attribute name="CPU Util currently" value="17680743491154" />
<exclusive-end id="747" timestamp="2019-06-16T00:36:21.279" durationms="10.339" />

<exclusive-start id="748" timestamp="2019-06-16T00:36:21.297" intervalms="28.093">
  <response-info timems="0.121" idlems="0.121" threads="0" lastid="0000000001627700" lastname="main" />
</exclusive-start>
<allocation-taxation id="749" taxation-threshold="35651584" timestamp="2019-06-16T00:36:21.297" intervalms="28.099" />
<cycle-start id="750" type="partial gc" contextid="0" timestamp="2019-06-16T00:36:21.297" intervalms="28.123" />
<gc-start id="751" type="partial gc" contextid="750" timestamp="2019-06-16T00:36:21.298">
  <mem-info id="752" free="34603008" total="115343360" percent="30">
    <mem type="eden" free="1048552" total="36700160" percent="2" />
    <arraylet-primitive objects="1" leaves="1" largest="1" />
    <remembered-set count="45568" freebytes="4421888" totalbytes="4604160" percent="96" regionsoverflowed="0" regionsstable="0" regionsrebuilding="0"/>
  </mem-info>
</gc-start>
<allocation-stats totalBytes="35532384" >
  <allocated-bytes non-tlh="0" tlh="35532384" arrayletleaf="0"/>
  <largest-consumer threadName="main" threadId="0000000001627700" bytes="35532384" />
</allocation-stats>
<gc-op id="753" type="copy forward" timems="5.825" contextid="750" timestamp="2019-06-16T00:36:21.305">
  <memory-copied type="eden" objects="1" bytes="24" bytesdiscarded="0" />
  <memory-copied type="other" objects="88016" bytes="2450288" bytesdiscarded="69128" />
  <memory-cardclean objects="15456" bytes="691208" />
  <regions eden="34" other="5" />
  <remembered-set-cleared processed="40879" cleared="7946" durationms="0.200" />
  <references type="soft" candidates="2" cleared="0" enqueued="0" dynamicThreshold="19" maxThreshold="32" />
  <references type="weak" candidates="2" cleared="0" enqueued="0" />
  <references type="phantom" candidates="3" cleared="0" enqueued="0" />
  <stringconstants candidates="13761" cleared="0"  />
</gc-op>
<gc-op id="754" type="classunload" timems="0.006" contextid="750" timestamp="2019-06-16T00:36:21.305">
  <classunload-info classloadercandidates="55" classloadersunloaded="0" classesunloaded="0" anonymousclassesunloaded="0" quiescems="0.000" setupms="0.005" scanms="0.000" postms="0.000" />
</gc-op>
<heap-resize id="755" type="contract" space="default" amount="2097152" count="1" timems="0.058" reason="excess free space following gc" timestamp="2019-06-16T00:36:21.305" />
<gc-end id="756" type="partial gc" contextid="750" durationms="7.350" usertimems="16.000" systemtimems="0.000" timestamp="2019-06-16T00:36:21.305" activeThreads="4">
  <mem-info id="757" free="69206016" total="113246208" percent="61">
    <mem type="eden" free="1048552" total="1048576" percent="99" />
    <arraylet-primitive objects="1" leaves="1" largest="1" />
    <remembered-set count="45856" freebytes="4420736" totalbytes="4604160" percent="96" regionsoverflowed="0" regionsstable="0" regionsrebuilding="0"/>
  </mem-info>
</gc-end>
<cycle-end id="758" type="partial gc" contextid="750" timestamp="2019-06-16T00:36:21.305" />
  <attribute name="elasticGC enabled" value="1" />
  <attribute name= "numThreadsSpecified" value="4" />
  <attribute name="heapSize specified" value="0" />
  <attribute name="Current GC Util" value="156" />
  <attribute name= "Current Time Running" value="10965" />
  <attribute name ="GC Interval" value="0" />
  <attribute name="ProportionalT" value="204.000000" />
  <attribute name="ProportionalI" value="204.000000" />
  <attribute name="ProportionalH" value="204.000000" />
  <attribute name="Current Error" value="136.000000" />
  <attribute name="IntegralT" value="136.000000" />
  <attribute name="IntegralI" value="136.000000" />
  <attribute name="IntegralH" value="136.000000" />
  <attribute name="DerivativeT" value="62.500000" />
  <attribute name="DerivativeI" value="62.500000" />
  <attribute name="DerivativeH" value="62.500000" />
  <attribute name="Loop Time for DT" value="1.000000" />
  <attribute name="Output H" value="8388608"/>
  <attribute name="Output I" value="408"/>
  <attribute name="Output T" value="4"/>
  <attribute name="Target GC Util Change" value ="20.000000" />
  <attribute name="Current GC Util Change" value="156.000000"/>
  <attribute name="GC Util currently" value="156" />
  <attribute name="CPU Util currently" value="11555011576608" />
<exclusive-end id="759" timestamp="2019-06-16T00:36:21.306" durationms="8.779" />

<exclusive-start id="760" timestamp="2019-06-16T00:36:21.323" intervalms="25.794">
  <response-info timems="0.078" idlems="0.078" threads="0" lastid="0000000001627700" lastname="main" />
</exclusive-start>
<allocation-taxation id="761" taxation-threshold="34603008" timestamp="2019-06-16T00:36:21.323" intervalms="25.770" />
<cycle-start id="762" type="partial gc" contextid="0" timestamp="2019-06-16T00:36:21.323" intervalms="25.734" />
<gc-start id="763" type="partial gc" contextid="762" timestamp="2019-06-16T00:36:21.324">
  <mem-info id="764" free="34603008" total="113246208" percent="30">
    <mem type="eden" free="1048552" total="35651584" percent="2" />
    <arraylet-primitive objects="1" leaves="1" largest="1" />
    <remembered-set count="45856" freebytes="4420736" totalbytes="4604160" percent="96" regionsoverflowed="0" regionsstable="0" regionsrebuilding="0"/>
  </mem-info>
</gc-start>
<allocation-stats totalBytes="34487264" >
  <allocated-bytes non-tlh="0" tlh="34487264" arrayletleaf="0"/>
  <largest-consumer threadName="main" threadId="0000000001627700" bytes="34487264" />
</allocation-stats>
<gc-op id="765" type="copy forward" timems="5.463" contextid="762" timestamp="2019-06-16T00:36:21.330">
  <memory-copied type="eden" objects="1" bytes="24" bytesdiscarded="0" />
  <memory-copied type="other" objects="95799" bytes="2978712" bytesdiscarded="138112" />
  <memory-cardclean objects="18791" bytes="778152" />
  <regions eden="33" other="5" />
  <remembered-set-cleared processed="40788" cleared="8993" durationms="0.234" />
  <finalization candidates="4" enqueued="0" />
  <ownableSynchronizers candidates="1" cleared="0" />
  <references type="soft" candidates="106" cleared="0" enqueued="0" dynamicThreshold="19" maxThreshold="32" />
  <references type="weak" candidates="147" cleared="0" enqueued="0" />
  <references type="phantom" candidates="3" cleared="0" enqueued="0" />
  <stringconstants candidates="13761" cleared="0"  />
</gc-op>
<gc-op id="766" type="classunload" timems="0.004" contextid="762" timestamp="2019-06-16T00:36:21.330">
  <classunload-info classloadercandidates="55" classloadersunloaded="0" classesunloaded="0" anonymousclassesunloaded="0" quiescems="0.000" setupms="0.004" scanms="0.000" postms="0.000" />
</gc-op>
<heap-resize id="767" type="contract" space="default" amount="2097152" count="1" timems="0.058" reason="excess free space following gc" timestamp="2019-06-16T00:36:21.331" />
<gc-end id="768" type="partial gc" contextid="762" durationms="7.181" usertimems="12.000" systemtimems="4.000" timestamp="2019-06-16T00:36:21.331" activeThreads="4">
  <mem-info id="769" free="68157440" total="111149056" percent="61">
    <mem type="eden" free="1048552" total="1048576" percent="99" />
    <arraylet-primitive objects="1" leaves="1" largest="1" />
    <remembered-set count="46368" freebytes="4334976" totalbytes="4520448" percent="95" regionsoverflowed="0" regionsstable="0" regionsrebuilding="0"/>
  </mem-info>
</gc-end>
<cycle-end id="770" type="partial gc" contextid="762" timestamp="2019-06-16T00:36:21.331" />
  <attribute name="elasticGC enabled" value="1" />
  <attribute name= "numThreadsSpecified" value="4" />
  <attribute name="heapSize specified" value="0" />
  <attribute name="Current GC Util" value="94" />
  <attribute name= "Current Time Running" value="10991" />
  <attribute name ="GC Interval" value="0" />
  <attribute name="ProportionalT" value="111.000000" />
  <attribute name="ProportionalI" value="111.000000" />
  <attribute name="ProportionalH" value="111.000000" />
  <attribute name="Current Error" value="74.000000" />
  <attribute name="IntegralT" value="74.000000" />
  <attribute name="IntegralI" value="74.000000" />
  <attribute name="IntegralH" value="74.000000" />
  <attribute name="DerivativeT" value="16.500000" />
  <attribute name="DerivativeI" value="16.500000" />
  <attribute name="DerivativeH" value="16.500000" />
  <attribute name="Loop Time for DT" value="1.000000" />
  <attribute name="Output H" value="8388608"/>
  <attribute name="Output I" value="208"/>
  <attribute name="Output T" value="4"/>
  <attribute name="Target GC Util Change" value ="20.000000" />
  <attribute name="Current GC Util Change" value="94.000000"/>
  <attribute name="GC Util currently" value="94" />
  <attribute name="CPU Util currently" value="6850588482000" />
<exclusive-end id="771" timestamp="2019-06-16T00:36:21.331" durationms="8.561" />

<exclusive-start id="772" timestamp="2019-06-16T00:36:21.348" intervalms="25.593">
  <response-info timems="0.094" idlems="0.094" threads="0" lastid="0000000001627700" lastname="main" />
</exclusive-start>
<allocation-taxation id="773" taxation-threshold="34603008" timestamp="2019-06-16T00:36:21.349" intervalms="25.630" />
<cycle-start id="774" type="partial gc" contextid="0" timestamp="2019-06-16T00:36:21.349" intervalms="25.610" />
<gc-start id="775" type="partial gc" contextid="774" timestamp="2019-06-16T00:36:21.349">
  <mem-info id="776" free="33554432" total="111149056" percent="30">
    <mem type="eden" free="1048552" total="35651584" percent="2" />
    <arraylet-primitive objects="1" leaves="1" largest="1" />
    <remembered-set count="42944" freebytes="4348672" totalbytes="4520448" percent="96" regionsoverflowed="0" regionsstable="1" regionsrebuilding="0"/>
  </mem-info>
</gc-start>
<allocation-stats totalBytes="34487240" >
  <allocated-bytes non-tlh="0" tlh="34487240" arrayletleaf="0"/>
  <largest-consumer threadName="main" threadId="0000000001627700" bytes="34487240" />
</allocation-stats>
<gc-op id="777" type="copy forward" timems="13.193" contextid="774" timestamp="2019-06-16T00:36:21.364">
  <memory-copied type="eden" objects="1" bytes="24" bytesdiscarded="0" />
  <memory-copied type="other" objects="95740" bytes="2518208" bytesdiscarded="664" />
  <memory-cardclean objects="49996" bytes="2074136" />
  <regions eden="33" other="5" />
  <remembered-set-cleared processed="34561" cleared="13610" durationms="0.470" />
  <finalization candidates="11" enqueued="0" />
  <ownableSynchronizers candidates="3" cleared="0" />
  <references type="soft" candidates="233" cleared="0" enqueued="0" dynamicThreshold="19" maxThreshold="32" />
  <references type="weak" candidates="1165" cleared="0" enqueued="0" />
  <references type="phantom" candidates="1" cleared="0" enqueued="0" />
  <stringconstants candidates="13761" cleared="0"  />
</gc-op>
<gc-op id="778" type="classunload" timems="0.010" contextid="774" timestamp="2019-06-16T00:36:21.364">
  <classunload-info classloadercandidates="55" classloadersunloaded="0" classesunloaded="0" anonymousclassesunloaded="0" quiescems="0.000" setupms="0.009" scanms="0.000" postms="0.000" />
</gc-op>
<heap-resize id="779" type="contract" space="default" amount="3145728" count="1" timems="0.062" reason="excess free space following gc" timestamp="2019-06-16T00:36:21.364" />
<gc-end id="780" type="partial gc" contextid="774" durationms="15.187" usertimems="20.000" systemtimems="4.000" timestamp="2019-06-16T00:36:21.364" activeThreads="1">
  <mem-info id="781" free="66060288" total="108003328" percent="61">
    <mem type="eden" free="1048552" total="1048576" percent="99" />
    <arraylet-primitive objects="1" leaves="1" largest="1" />
    <remembered-set count="41120" freebytes="4272256" totalbytes="4436736" percent="96" regionsoverflowed="0" regionsstable="1" regionsrebuilding="0"/>
  </mem-info>
</gc-end>
<cycle-end id="782" type="partial gc" contextid="774" timestamp="2019-06-16T00:36:21.365" />
  <attribute name="elasticGC enabled" value="1" />
  <attribute name= "numThreadsSpecified" value="1" />
  <attribute name="heapSize specified" value="0" />
  <attribute name="Current GC Util" value="95" />
  <attribute name= "Current Time Running" value="11016" />
  <attribute name ="GC Interval" value="0" />
  <attribute name="ProportionalT" value="112.500000" />
  <attribute name="ProportionalI" value="112.500000" />
  <attribute name="ProportionalH" value="112.500000" />
  <attribute name="Current Error" value="75.000000" />
  <attribute name="IntegralT" value="0.000000" />
  <attribute name="IntegralI" value="0.000000" />
  <attribute name="IntegralH" value="0.000000" />
  <attribute name="DerivativeT" value="inf" />
  <attribute name="DerivativeI" value="inf" />
  <attribute name="DerivativeH" value="inf" />
  <attribute name="Loop Time for DT" value="0.000000" />
  <attribute name="Output H" value="8388608"/>
  <attribute name="Output I" value="200"/>
  <attribute name="Output T" value="1"/>
  <attribute name="Target GC Util Change" value ="20.000000" />
  <attribute name="Current GC Util Change" value="95.000000"/>
  <attribute name="GC Util currently" value="95" />
  <attribute name="CPU Util currently" value="6429524855479" />
<exclusive-end id="783" timestamp="2019-06-16T00:36:21.365" durationms="16.546" />

<exclusive-start id="784" timestamp="2019-06-16T00:36:21.381" intervalms="33.189">
  <response-info timems="0.221" idlems="0.221" threads="0" lastid="0000000001627700" lastname="main" />
</exclusive-start>
<allocation-taxation id="785" taxation-threshold="33554432" timestamp="2019-06-16T00:36:21.382" intervalms="33.173" />
<cycle-start id="786" type="partial gc" contextid="0" timestamp="2019-06-16T00:36:21.382" intervalms="33.119" />
<gc-start id="787" type="partial gc" contextid="786" timestamp="2019-06-16T00:36:21.382">
  <mem-info id="788" free="32505856" total="108003328" percent="30">
    <mem type="eden" free="1048552" total="34603008" percent="3" />
    <arraylet-primitive objects="1" leaves="1" largest="1" />
    <remembered-set count="40928" freebytes="4273024" totalbytes="4436736" percent="96" regionsoverflowed="0" regionsstable="1" regionsrebuilding="0"/>
  </mem-info>
</gc-start>
<allocation-stats totalBytes="33442120" >
  <allocated-bytes non-tlh="0" tlh="33442120" arrayletleaf="0"/>
  <largest-consumer threadName="main" threadId="0000000001627700" bytes="33442120" />
</allocation-stats>
<gc-op id="789" type="copy forward" timems="9.817" contextid="786" timestamp="2019-06-16T00:36:21.393">
  <memory-copied type="eden" objects="1" bytes="24" bytesdiscarded="0" />
  <memory-copied type="other" objects="90975" bytes="2517968" bytesdiscarded="976" />
  <memory-cardclean objects="11103" bytes="599376" />
  <regions eden="32" other="4" />
  <remembered-set-cleared processed="37760" cleared="7244" durationms="0.420" />
  <references type="soft" candidates="2196" cleared="0" enqueued="0" dynamicThreshold="19" maxThreshold="32" />
  <references type="weak" candidates="186" cleared="0" enqueued="0" />
  <stringconstants candidates="13761" cleared="0"  />
</gc-op>
<gc-op id="790" type="classunload" timems="0.010" contextid="786" timestamp="2019-06-16T00:36:21.394">
  <classunload-info classloadercandidates="55" classloadersunloaded="0" classesunloaded="0" anonymousclassesunloaded="0" quiescems="0.000" setupms="0.009" scanms="0.000" postms="0.000" />
</gc-op>
<heap-resize id="791" type="contract" space="default" amount="2097152" count="1" timems="0.061" reason="excess free space following gc" timestamp="2019-06-16T00:36:21.394" />
<gc-end id="792" type="partial gc" contextid="786" durationms="11.709" usertimems="20.000" systemtimems="4.000" timestamp="2019-06-16T00:36:21.394" activeThreads="1">
  <mem-info id="793" free="65011712" total="105906176" percent="61">
    <mem type="eden" free="1048552" total="1048576" percent="99" />
    <arraylet-primitive objects="1" leaves="1" largest="1" />
    <remembered-set count="40352" freebytes="4149760" totalbytes="4311168" percent="96" regionsoverflowed="0" regionsstable="1" regionsrebuilding="0"/>
  </mem-info>
</gc-end>
<cycle-end id="794" type="partial gc" contextid="786" timestamp="2019-06-16T00:36:21.394" />
  <attribute name="elasticGC enabled" value="1" />
  <attribute name= "numThreadsSpecified" value="1" />
  <attribute name="heapSize specified" value="0" />
  <attribute name="Current GC Util" value="166" />
  <attribute name= "Current Time Running" value="11049" />
  <attribute name ="GC Interval" value="0" />
  <attribute name="ProportionalT" value="219.000000" />
  <attribute name="ProportionalI" value="219.000000" />
  <attribute name="ProportionalH" value="219.000000" />
  <attribute name="Current Error" value="146.000000" />
  <attribute name="IntegralT" value="0.000000" />
  <attribute name="IntegralI" value="0.000000" />
  <attribute name="IntegralH" value="0.000000" />
  <attribute name="DerivativeT" value="inf" />
  <attribute name="DerivativeI" value="inf" />
  <attribute name="DerivativeH" value="inf" />
  <attribute name="Loop Time for DT" value="0.000000" />
  <attribute name="Output H" value="8388608"/>
  <attribute name="Output I" value="200"/>
  <attribute name="Output T" value="1"/>
  <attribute name="Target GC Util Change" value ="20.000000" />
  <attribute name="Current GC Util Change" value="166.000000"/>
  <attribute name="GC Util currently" value="166" />
  <attribute name="CPU Util currently" value="6967271843508" />
<exclusive-end id="795" timestamp="2019-06-16T00:36:21.394" durationms="12.855" />

<exclusive-start id="796" timestamp="2019-06-16T00:36:21.410" intervalms="28.865">
  <response-info timems="0.095" idlems="0.095" threads="0" lastid="0000000001627700" lastname="main" />
</exclusive-start>
<allocation-taxation id="797" taxation-threshold="32505856" timestamp="2019-06-16T00:36:21.411" intervalms="28.856" />
<cycle-start id="798" type="partial gc" contextid="0" timestamp="2019-06-16T00:36:21.411" intervalms="28.902" />
<gc-start id="799" type="partial gc" contextid="798" timestamp="2019-06-16T00:36:21.411">
  <mem-info id="800" free="32505856" total="105906176" percent="30">
    <mem type="eden" free="1048552" total="33554432" percent="3" />
    <arraylet-primitive objects="1" leaves="1" largest="1" />
    <remembered-set count="40256" freebytes="4150144" totalbytes="4311168" percent="96" regionsoverflowed="0" regionsstable="1" regionsrebuilding="0"/>
  </mem-info>
</gc-start>
<allocation-stats totalBytes="32396976" >
  <allocated-bytes non-tlh="0" tlh="32396976" arrayletleaf="0"/>
  <largest-consumer threadName="main" threadId="0000000001627700" bytes="32396976" />
</allocation-stats>
<gc-op id="801" type="copy forward" timems="16.410" contextid="798" timestamp="2019-06-16T00:36:21.429">
  <memory-copied type="eden" objects="1" bytes="24" bytesdiscarded="0" />
  <memory-copied type="other" objects="63596" bytes="1773888" bytesdiscarded="1752" />
  <memory-cardclean objects="181255" bytes="6165760" />
  <regions eden="31" other="4" />
  <remembered-set-cleared processed="23223" cleared="13462" durationms="0.345" />
  <finalization candidates="40" enqueued="0" />
  <ownableSynchronizers candidates="1" cleared="0" />
  <references type="soft" candidates="331" cleared="0" enqueued="0" dynamicThreshold="19" maxThreshold="32" />
  <references type="weak" candidates="854" cleared="0" enqueued="0" />
  <references type="phantom" candidates="10" cleared="0" enqueued="0" />
  <stringconstants candidates="13761" cleared="0"  />
</gc-op>
<gc-op id="802" type="classunload" timems="0.006" contextid="798" timestamp="2019-06-16T00:36:21.429">
  <classunload-info classloadercandidates="55" classloadersunloaded="0" classesunloaded="0" anonymousclassesunloaded="0" quiescems="0.000" setupms="0.006" scanms="0.000" postms="0.000" />
</gc-op>
<heap-resize id="803" type="contract" space="default" amount="6291456" count="1" timems="0.175" reason="excess free space following gc" timestamp="2019-06-16T00:36:21.430" />
<gc-end id="804" type="partial gc" contextid="798" durationms="18.561" usertimems="20.000" systemtimems="4.000" timestamp="2019-06-16T00:36:21.430" activeThreads="1">
  <mem-info id="805" free="61865984" total="99614720" percent="62">
    <mem type="eden" free="1048552" total="1048576" percent="99" />
    <remembered-set count="39392" freebytes="4069888" totalbytes="4227456" percent="96" regionsoverflowed="0" regionsstable="1" regionsrebuilding="0"/>
  </mem-info>
</gc-end>
<cycle-end id="806" type="partial gc" contextid="798" timestamp="2019-06-16T00:36:21.430" />
  <attribute name="elasticGC enabled" value="1" />
  <attribute name= "numThreadsSpecified" value="1" />
  <attribute name="heapSize specified" value="0" />
  <attribute name="Current GC Util" value="160" />
  <attribute name= "Current Time Running" value="11078" />
  <attribute name ="GC Interval" value="0" />
  <attribute name="ProportionalT" value="210.000000" />
  <attribute name="ProportionalI" value="210.000000" />
  <attribute name="ProportionalH" value="210.000000" />
  <attribute name="Current Error" value="140.000000" />
  <attribute name="IntegralT" value="0.000000" />
  <attribute name="IntegralI" value="0.000000" />
  <attribute name="IntegralH" value="0.000000" />
  <attribute name="DerivativeT" value="inf" />
  <attribute name="DerivativeI" value="inf" />
  <attribute name="DerivativeH" value="inf" />
  <attribute name="Loop Time for DT" value="0.000000" />
  <attribute name="Output H" value="8388608"/>
  <attribute name="Output I" value="200"/>
  <attribute name="Output T" value="1"/>
  <attribute name="Target GC Util Change" value ="20.000000" />
  <attribute name="Current GC Util Change" value="160.000000"/>
  <attribute name="GC Util currently" value="160" />
  <attribute name="CPU Util currently" value="5782156349592" />
<exclusive-end id="807" timestamp="2019-06-16T00:36:21.430" durationms="19.903" />

<exclusive-start id="808" timestamp="2019-06-16T00:36:21.446" intervalms="35.448">
  <response-info timems="0.082" idlems="0.082" threads="0" lastid="0000000001627700" lastname="main" />
</exclusive-start>
<allocation-taxation id="809" taxation-threshold="31457280" timestamp="2019-06-16T00:36:21.446" intervalms="35.433" />
<cycle-start id="810" type="partial gc" contextid="0" timestamp="2019-06-16T00:36:21.446" intervalms="35.455" />
<gc-start id="811" type="partial gc" contextid="810" timestamp="2019-06-16T00:36:21.447">
  <mem-info id="812" free="30408704" total="99614720" percent="30">
    <mem type="eden" free="1048552" total="32505856" percent="3" />
    <remembered-set count="39168" freebytes="4070784" totalbytes="4227456" percent="96" regionsoverflowed="0" regionsstable="1" regionsrebuilding="0"/>
  </mem-info>
</gc-start>
<allocation-stats totalBytes="31351832" >
  <allocated-bytes non-tlh="0" tlh="31351832" arrayletleaf="0"/>
  <largest-consumer threadName="main" threadId="0000000001627700" bytes="31351832" />
</allocation-stats>
<gc-op id="813" type="copy forward" timems="4.897" contextid="810" timestamp="2019-06-16T00:36:21.453">
  <memory-copied type="eden" objects="1" bytes="24" bytesdiscarded="0" />
  <memory-copied type="other" objects="71347" bytes="2033616" bytesdiscarded="63256" />
  <memory-cardclean objects="21958" bytes="585960" />
  <regions eden="30" other="3" />
  <remembered-set-cleared processed="36178" cleared="6136" durationms="0.194" />
  <references type="weak" candidates="1" cleared="0" enqueued="0" />
  <stringconstants candidates="13761" cleared="0"  />
</gc-op>
<gc-op id="814" type="classunload" timems="0.006" contextid="810" timestamp="2019-06-16T00:36:21.453">
  <classunload-info classloadercandidates="55" classloadersunloaded="0" classesunloaded="0" anonymousclassesunloaded="0" quiescems="0.000" setupms="0.006" scanms="0.000" postms="0.000" />
</gc-op>
<heap-resize id="815" type="contract" space="default" amount="2097152" count="1" timems="0.060" reason="excess free space following gc" timestamp="2019-06-16T00:36:21.453" />
<gc-end id="816" type="partial gc" contextid="810" durationms="6.560" usertimems="20.000" systemtimems="0.000" timestamp="2019-06-16T00:36:21.453" activeThreads="4">
  <mem-info id="817" free="59768832" total="97517568" percent="61">
    <mem type="eden" free="1048552" total="1048576" percent="99" />
    <remembered-set count="40256" freebytes="3815296" totalbytes="3976320" percent="95" regionsoverflowed="0" regionsstable="1" regionsrebuilding="0"/>
  </mem-info>
</gc-end>
<cycle-end id="818" type="partial gc" contextid="810" timestamp="2019-06-16T00:36:21.453" />
  <attribute name="elasticGC enabled" value="1" />
  <attribute name= "numThreadsSpecified" value="4" />
  <attribute name="heapSize specified" value="0" />
  <attribute name="Current GC Util" value="163" />
  <attribute name= "Current Time Running" value="11114" />
  <attribute name ="GC Interval" value="0" />
  <attribute name="ProportionalT" value="214.500000" />
  <attribute name="ProportionalI" value="214.500000" />
  <attribute name="ProportionalH" value="214.500000" />
  <attribute name="Current Error" value="143.000000" />
  <attribute name="IntegralT" value="143.000000" />
  <attribute name="IntegralI" value="143.000000" />
  <attribute name="IntegralH" value="143.000000" />
  <attribute name="DerivativeT" value="56.000000" />
  <attribute name="DerivativeI" value="56.000000" />
  <attribute name="DerivativeH" value="56.000000" />
  <attribute name="Loop Time for DT" value="1.000000" />
  <attribute name="Output H" value="8388608"/>
  <attribute name="Output I" value="416"/>
  <attribute name="Output T" value="4"/>
  <attribute name="Target GC Util Change" value ="20.000000" />
  <attribute name="Current GC Util Change" value="163.000000"/>
  <attribute name="GC Util currently" value="163" />
  <attribute name="CPU Util currently" value="6846459333882" />
<exclusive-end id="819" timestamp="2019-06-16T00:36:21.454" durationms="7.758" />

<exclusive-start id="820" timestamp="2019-06-16T00:36:21.469" intervalms="22.952">
  <response-info timems="0.192" idlems="0.192" threads="0" lastid="0000000001627700" lastname="main" />
</exclusive-start>
<allocation-taxation id="821" taxation-threshold="30408704" timestamp="2019-06-16T00:36:21.469" intervalms="22.928" />
<cycle-start id="822" type="partial gc" contextid="0" timestamp="2019-06-16T00:36:21.469" intervalms="22.933" />
<gc-start id="823" type="partial gc" contextid="822" timestamp="2019-06-16T00:36:21.470">
  <mem-info id="824" free="29360128" total="97517568" percent="30">
    <mem type="eden" free="1048552" total="31457280" percent="3" />
    <remembered-set count="40256" freebytes="3815296" totalbytes="3976320" percent="95" regionsoverflowed="0" regionsstable="1" regionsrebuilding="0"/>
  </mem-info>
</gc-start>
<allocation-stats totalBytes="30306664" >
  <allocated-bytes non-tlh="0" tlh="30306664" arrayletleaf="0"/>
  <largest-consumer threadName="main" threadId="0000000001627700" bytes="30306664" />
</allocation-stats>
<gc-op id="825" type="copy forward" timems="4.923" contextid="822" timestamp="2019-06-16T00:36:21.476">
  <memory-copied type="eden" objects="1" bytes="24" bytesdiscarded="0" />
  <memory-copied type="other" objects="82686" bytes="2067264" bytesdiscarded="24192" />
  <memory-cardclean objects="12778" bytes="609000" />
  <regions eden="29" other="3" />
  <remembered-set-cleared processed="36956" cleared="6047" durationms="0.205" />
  <stringconstants candidates="13761" cleared="0"  />
</gc-op>
<gc-op id="826" type="classunload" timems="0.004" contextid="822" timestamp="2019-06-16T00:36:21.476">
  <classunload-info classloadercandidates="55" classloadersunloaded="0" classesunloaded="0" anonymousclassesunloaded="0" quiescems="0.000" setupms="0.004" scanms="0.000" postms="0.000" />
</gc-op>
<gc-end id="827" type="partial gc" contextid="822" durationms="6.482" usertimems="20.000" systemtimems="0.000" timestamp="2019-06-16T00:36:21.476" activeThreads="4">
  <mem-info id="828" free="59768832" total="97517568" percent="61">
    <mem type="eden" free="1048552" total="1048576" percent="99" />
    <remembered-set count="40896" freebytes="3729024" totalbytes="3892608" percent="95" regionsoverflowed="0" regionsstable="1" regionsrebuilding="0"/>
  </mem-info>
</gc-end>
<cycle-end id="829" type="partial gc" contextid="822" timestamp="2019-06-16T00:36:21.476" />
  <attribute name="elasticGC enabled" value="1" />
  <attribute name= "numThreadsSpecified" value="4" />
  <attribute name="heapSize specified" value="0" />
  <attribute name="Current GC Util" value="98" />
  <attribute name= "Current Time Running" value="11137" />
  <attribute name ="GC Interval" value="0" />
  <attribute name="ProportionalT" value="117.000000" />
  <attribute name="ProportionalI" value="117.000000" />
  <attribute name="ProportionalH" value="117.000000" />
  <attribute name="Current Error" value="78.000000" />
  <attribute name="IntegralT" value="78.000000" />
  <attribute name="IntegralI" value="78.000000" />
  <attribute name="IntegralH" value="78.000000" />
  <attribute name="DerivativeT" value="18.000000" />
  <attribute name="DerivativeI" value="18.000000" />
  <attribute name="DerivativeH" value="18.000000" />
  <attribute name="Loop Time for DT" value="1.000000" />
  <attribute name="Output H" value="8388608"/>
  <attribute name="Output I" value="216"/>
  <attribute name="Output T" value="4"/>
  <attribute name="Target GC Util Change" value ="20.000000" />
  <attribute name="Current GC Util Change" value="98.000000"/>
  <attribute name="GC Util currently" value="98" />
  <attribute name="CPU Util currently" value="7356346082810" />
<exclusive-end id="830" timestamp="2019-06-16T00:36:21.476" durationms="7.675" />

<exclusive-start id="831" timestamp="2019-06-16T00:36:21.491" intervalms="22.621">
  <response-info timems="0.081" idlems="0.081" threads="0" lastid="0000000001627700" lastname="main" />
</exclusive-start>
<allocation-taxation id="832" taxation-threshold="30408704" timestamp="2019-06-16T00:36:21.492" intervalms="22.661" />
<cycle-start id="833" type="partial gc" contextid="0" timestamp="2019-06-16T00:36:21.492" intervalms="22.678" />
<gc-start id="834" type="partial gc" contextid="833" timestamp="2019-06-16T00:36:21.492">
  <mem-info id="835" free="29360128" total="97517568" percent="30">
    <mem type="eden" free="1048552" total="31457280" percent="3" />
    <remembered-set count="40896" freebytes="3729024" totalbytes="3892608" percent="95" regionsoverflowed="0" regionsstable="1" regionsrebuilding="0"/>
  </mem-info>
</gc-start>
<allocation-stats totalBytes="30306688" >
  <allocated-bytes non-tlh="0" tlh="30306688" arrayletleaf="0"/>
  <largest-consumer threadName="main" threadId="0000000001627700" bytes="30306688" />
</allocation-stats>
<gc-op id="836" type="copy forward" timems="4.944" contextid="833" timestamp="2019-06-16T00:36:21.498">
  <memory-copied type="eden" objects="1" bytes="24" bytesdiscarded="0" />
  <memory-copied type="other" objects="42627" bytes="1020440" bytesdiscarded="8" />
  <memory-cardclean objects="4812" bytes="518192" />
  <regions eden="29" other="2" />
  <remembered-set-cleared processed="37799" cleared="2645" durationms="0.402" />
  <references type="weak" candidates="3" cleared="0" enqueued="0" />
  <stringconstants candidates="13761" cleared="0"  />
</gc-op>
<gc-op id="837" type="classunload" timems="0.006" contextid="833" timestamp="2019-06-16T00:36:21.498">
  <classunload-info classloadercandidates="55" classloadersunloaded="0" classesunloaded="0" anonymousclassesunloaded="0" quiescems="0.000" setupms="0.005" scanms="0.000" postms="0.000" />
</gc-op>
<gc-end id="838" type="partial gc" contextid="833" durationms="6.275" usertimems="12.000" systemtimems="0.000" timestamp="2019-06-16T00:36:21.498" activeThreads="1">
  <mem-info id="839" free="59768832" total="97517568" percent="61">
    <mem type="eden" free="1048552" total="1048576" percent="99" />
    <remembered-set count="41408" freebytes="3726976" totalbytes="3892608" percent="95" regionsoverflowed="0" regionsstable="1" regionsrebuilding="0"/>
  </mem-info>
</gc-end>
<cycle-end id="840" type="partial gc" contextid="833" timestamp="2019-06-16T00:36:21.499" />
  <attribute name="elasticGC enabled" value="1" />
  <attribute name= "numThreadsSpecified" value="1" />
  <attribute name="heapSize specified" value="0" />
  <attribute name="Current GC Util" value="146" />
  <attribute name= "Current Time Running" value="11159" />
  <attribute name ="GC Interval" value="0" />
  <attribute name="ProportionalT" value="189.000000" />
  <attribute name="ProportionalI" value="189.000000" />
  <attribute name="ProportionalH" value="189.000000" />
  <attribute name="Current Error" value="126.000000" />
  <attribute name="IntegralT" value="0.000000" />
  <attribute name="IntegralI" value="0.000000" />
  <attribute name="IntegralH" value="0.000000" />
  <attribute name="DerivativeT" value="inf" />
  <attribute name="DerivativeI" value="inf" />
  <attribute name="DerivativeH" value="inf" />
  <attribute name="Loop Time for DT" value="0.000000" />
  <attribute name="Output H" value="8388608"/>
  <attribute name="Output I" value="200"/>
  <attribute name="Output T" value="1"/>
  <attribute name="Target GC Util Change" value ="20.000000" />
  <attribute name="Current GC Util Change" value="146.000000"/>
  <attribute name="GC Util currently" value="146" />
  <attribute name="CPU Util currently" value="12690909098071" />
<exclusive-end id="841" timestamp="2019-06-16T00:36:21.499" durationms="7.526" />

<exclusive-start id="842" timestamp="2019-06-16T00:36:21.514" intervalms="22.506">
  <response-info timems="0.081" idlems="0.081" threads="0" lastid="0000000001627700" lastname="main" />
</exclusive-start>
<allocation-taxation id="843" taxation-threshold="30408704" timestamp="2019-06-16T00:36:21.514" intervalms="22.437" />
<cycle-start id="844" type="partial gc" contextid="0" timestamp="2019-06-16T00:36:21.514" intervalms="22.399" />
<gc-start id="845" type="partial gc" contextid="844" timestamp="2019-06-16T00:36:21.515">
  <mem-info id="846" free="29360128" total="97517568" percent="30">
    <mem type="eden" free="1048552" total="31457280" percent="3" />
    <remembered-set count="41024" freebytes="3728512" totalbytes="3892608" percent="95" regionsoverflowed="0" regionsstable="1" regionsrebuilding="0"/>
  </mem-info>
</gc-start>
<allocation-stats totalBytes="30306688" >
  <allocated-bytes non-tlh="0" tlh="30306688" arrayletleaf="0"/>
  <largest-consumer threadName="main" threadId="0000000001627700" bytes="30306688" />
</allocation-stats>
<gc-op id="847" type="copy forward" timems="11.119" contextid="844" timestamp="2019-06-16T00:36:21.527">
  <memory-copied type="eden" objects="1" bytes="24" bytesdiscarded="0" />
  <memory-copied type="other" objects="82626" bytes="2712288" bytesdiscarded="712" />
  <memory-cardclean objects="24404" bytes="1273128" />
  <regions eden="29" other="5" />
  <remembered-set-cleared processed="35372" cleared="10060" durationms="0.429" />
  <finalization candidates="10" enqueued="1" />
  <ownableSynchronizers candidates="16" cleared="0" />
  <references type="soft" candidates="6" cleared="0" enqueued="0" dynamicThreshold="19" maxThreshold="32" />
  <references type="weak" candidates="229" cleared="0" enqueued="0" />
  <references type="phantom" candidates="31" cleared="0" enqueued="0" />
  <stringconstants candidates="13761" cleared="0"  />
</gc-op>
<gc-op id="848" type="classunload" timems="0.009" contextid="844" timestamp="2019-06-16T00:36:21.527">
  <classunload-info classloadercandidates="55" classloadersunloaded="0" classesunloaded="0" anonymousclassesunloaded="0" quiescems="0.000" setupms="0.009" scanms="0.000" postms="0.000" />
</gc-op>
<heap-resize id="849" type="contract" space="default" amount="5242880" count="1" timems="0.226" reason="excess free space following gc" timestamp="2019-06-16T00:36:21.527" />
<gc-end id="850" type="partial gc" contextid="844" durationms="12.926" usertimems="24.000" systemtimems="0.000" timestamp="2019-06-16T00:36:21.528" activeThreads="1">
  <mem-info id="851" free="56623104" total="92274688" percent="61">
    <mem type="eden" free="1048552" total="1048576" percent="99" />
    <pending-finalizers system="0" default="1" reference="0" classloader="0" />
    <remembered-set count="41952" freebytes="3724800" totalbytes="3892608" percent="95" regionsoverflowed="0" regionsstable="1" regionsrebuilding="0"/>
  </mem-info>
</gc-end>
<cycle-end id="852" type="partial gc" contextid="844" timestamp="2019-06-16T00:36:21.528" />
  <attribute name="elasticGC enabled" value="1" />
  <attribute name= "numThreadsSpecified" value="1" />
  <attribute name="heapSize specified" value="0" />
  <attribute name="Current GC Util" value="251" />
  <attribute name= "Current Time Running" value="11181" />
  <attribute name ="GC Interval" value="0" />
  <attribute name="ProportionalT" value="346.500000" />
  <attribute name="ProportionalI" value="346.500000" />
  <attribute name="ProportionalH" value="346.500000" />
  <attribute name="Current Error" value="231.000000" />
  <attribute name="IntegralT" value="0.000000" />
  <attribute name="IntegralI" value="0.000000" />
  <attribute name="IntegralH" value="0.000000" />
  <attribute name="DerivativeT" value="inf" />
  <attribute name="DerivativeI" value="inf" />
  <attribute name="DerivativeH" value="inf" />
  <attribute name="Loop Time for DT" value="0.000000" />
  <attribute name="Output H" value="8388608"/>
  <attribute name="Output I" value="200"/>
  <attribute name="Output T" value="1"/>
  <attribute name="Target GC Util Change" value ="20.000000" />
  <attribute name="Current GC Util Change" value="251.000000"/>
  <attribute name="GC Util currently" value="251" />
  <attribute name="CPU Util currently" value="11956541810384" />
<exclusive-end id="853" timestamp="2019-06-16T00:36:21.528" durationms="14.075" />

<exclusive-start id="854" timestamp="2019-06-16T00:36:21.543" intervalms="28.705">
  <response-info timems="0.076" idlems="0.076" threads="0" lastid="0000000001627700" lastname="main" />
</exclusive-start>
<allocation-taxation id="855" taxation-threshold="29360128" timestamp="2019-06-16T00:36:21.543" intervalms="28.781" />
<cycle-start id="856" type="partial gc" contextid="0" timestamp="2019-06-16T00:36:21.543" intervalms="28.807" />
<gc-start id="857" type="partial gc" contextid="856" timestamp="2019-06-16T00:36:21.543">
  <mem-info id="858" free="27262976" total="92274688" percent="29">
    <mem type="eden" free="1048552" total="30408704" percent="3" />
    <remembered-set count="41728" freebytes="3725696" totalbytes="3892608" percent="95" regionsoverflowed="0" regionsstable="1" regionsrebuilding="0"/>
  </mem-info>
</gc-start>
<allocation-stats totalBytes="29261544" >
  <allocated-bytes non-tlh="0" tlh="29261544" arrayletleaf="0"/>
  <largest-consumer threadName="main" threadId="0000000001627700" bytes="29261544" />
</allocation-stats>
<gc-op id="859" type="copy forward" timems="11.588" contextid="856" timestamp="2019-06-16T00:36:21.556">
  <memory-copied type="eden" objects="1" bytes="24" bytesdiscarded="0" />
  <memory-copied type="other" objects="81972" bytes="2056992" bytesdiscarded="800" />
  <memory-cardclean objects="65988" bytes="2444304" />
  <regions eden="28" other="3" />
  <remembered-set-cleared processed="31242" cleared="9254" durationms="0.381" />
  <references type="weak" candidates="2" cleared="0" enqueued="0" />
  <stringconstants candidates="13761" cleared="0"  />
</gc-op>
<gc-op id="860" type="classunload" timems="0.010" contextid="856" timestamp="2019-06-16T00:36:21.556">
  <classunload-info classloadercandidates="55" classloadersunloaded="0" classesunloaded="0" anonymousclassesunloaded="0" quiescems="0.000" setupms="0.010" scanms="0.000" postms="0.000" />
</gc-op>
<gc-end id="861" type="partial gc" contextid="856" durationms="13.252" usertimems="28.000" systemtimems="0.000" timestamp="2019-06-16T00:36:21.557" activeThreads="1">
  <mem-info id="862" free="56623104" total="92274688" percent="61">
    <mem type="eden" free="1048552" total="1048576" percent="99" />
    <remembered-set count="38944" freebytes="3527552" totalbytes="3683328" percent="95" regionsoverflowed="0" regionsstable="1" regionsrebuilding="0"/>
  </mem-info>
</gc-end>
<cycle-end id="863" type="partial gc" contextid="856" timestamp="2019-06-16T00:36:21.557" />
  <attribute name="elasticGC enabled" value="1" />
  <attribute name= "numThreadsSpecified" value="1" />
  <attribute name="heapSize specified" value="0" />
  <attribute name="Current GC Util" value="173" />
  <attribute name= "Current Time Running" value="11210" />
  <attribute name ="GC Interval" value="0" />
  <attribute name="ProportionalT" value="229.500000" />
  <attribute name="ProportionalI" value="229.500000" />
  <attribute name="ProportionalH" value="229.500000" />
  <attribute name="Current Error" value="153.000000" />
  <attribute name="IntegralT" value="0.000000" />
  <attribute name="IntegralI" value="0.000000" />
  <attribute name="IntegralH" value="0.000000" />
  <attribute name="DerivativeT" value="inf" />
  <attribute name="DerivativeI" value="inf" />
  <attribute name="DerivativeH" value="inf" />
  <attribute name="Loop Time for DT" value="0.000000" />
  <attribute name="Output H" value="8388608"/>
  <attribute name="Output I" value="200"/>
  <attribute name="Output T" value="1"/>
  <attribute name="Target GC Util Change" value ="20.000000" />
  <attribute name="Current GC Util Change" value="173.000000"/>
  <attribute name="GC Util currently" value="173" />
  <attribute name="CPU Util currently" value="7183300340803" />
<exclusive-end id="864" timestamp="2019-06-16T00:36:21.557" durationms="14.567" />

<exclusive-start id="865" timestamp="2019-06-16T00:36:21.565" intervalms="21.970">
  <response-info timems="0.084" idlems="0.084" threads="0" lastid="0000000001627700" lastname="main" />
</exclusive-start>
<allocation-taxation id="866" taxation-threshold="14680064" timestamp="2019-06-16T00:36:21.565" intervalms="21.957" />
<cycle-start id="867" type="global mark phase" contextid="0" timestamp="2019-06-16T00:36:21.565" intervalms="2660.408" />
<gc-start id="868" type="global mark phase" contextid="867" timestamp="2019-06-16T00:36:21.565">
  <mem-info id="869" free="41943040" total="92274688" percent="45">
    <remembered-set count="38912" freebytes="3527680" totalbytes="3683328" percent="95" regionsoverflowed="0" regionsstable="1" regionsrebuilding="0"/>
  </mem-info>
</gc-start>
<gc-op id="870" type="mark increment" timems="1.313" contextid="867" timestamp="2019-06-16T00:36:21.567">
  <trace-info objectcount="176" scancount="0" scanbytes="0" />
</gc-op>
<gc-end id="871" type="global mark phase" contextid="867" durationms="1.556" usertimems="4.000" systemtimems="0.000" timestamp="2019-06-16T00:36:21.567" activeThreads="4">
  <mem-info id="872" free="41943040" total="92274688" percent="45">
    <remembered-set count="38912" freebytes="3527680" totalbytes="3683328" percent="95" regionsoverflowed="0" regionsstable="0" regionsrebuilding="1"/>
  </mem-info>
</gc-end>
<concurrent-start id="873" type="GMP work packet processing" contextid="867" timestamp="2019-06-16T00:36:21.567">
  <concurrent-mark-start scanTarget="2746859" />
</concurrent-start>
<exclusive-end id="874" timestamp="2019-06-16T00:36:21.568" durationms="2.992" />

<concurrent-end id="875" type="GMP work packet processing" contextid="867" timestamp="2019-06-16T00:36:21.570">
  <concurrent-mark-end bytesScanned="2801620" reasonForTermination="Work target met" />
</concurrent-end>

<exclusive-start id="876" timestamp="2019-06-16T00:36:21.577" intervalms="12.603">
  <response-info timems="0.143" idlems="0.143" threads="0" lastid="0000000001627700" lastname="main" />
</exclusive-start>
<allocation-taxation id="877" taxation-threshold="14680064" timestamp="2019-06-16T00:36:21.577" intervalms="12.550" />
<cycle-start id="878" type="partial gc" contextid="0" timestamp="2019-06-16T00:36:21.578" intervalms="34.501" />
<gc-start id="879" type="partial gc" contextid="878" timestamp="2019-06-16T00:36:21.578">
  <mem-info id="880" free="27262976" total="92274688" percent="29">
    <mem type="eden" free="1048552" total="30408704" percent="3" />
    <remembered-set count="40480" freebytes="3521408" totalbytes="3683328" percent="95" regionsoverflowed="0" regionsstable="0" regionsrebuilding="1"/>
  </mem-info>
</gc-start>
<allocation-stats totalBytes="29261544" >
  <allocated-bytes non-tlh="0" tlh="29261544" arrayletleaf="0"/>
  <largest-consumer threadName="main" threadId="0000000001627700" bytes="14632016" />
</allocation-stats>
<gc-op id="881" type="copy forward" timems="5.493" contextid="878" timestamp="2019-06-16T00:36:21.584">
  <memory-copied type="eden" objects="1" bytes="24" bytesdiscarded="0" />
  <memory-copied type="other" objects="83523" bytes="2068440" bytesdiscarded="44224" />
  <memory-cardclean objects="10941" bytes="558640" />
  <regions eden="28" other="3" />
  <remembered-set-cleared processed="37768" cleared="5926" durationms="0.193" />
  <stringconstants candidates="13761" cleared="0"  />
</gc-op>
<gc-op id="882" type="classunload" timems="0.004" contextid="878" timestamp="2019-06-16T00:36:21.584">
  <classunload-info classloadercandidates="55" classloadersunloaded="0" classesunloaded="0" anonymousclassesunloaded="0" quiescems="0.000" setupms="0.004" scanms="0.000" postms="0.000" />
</gc-op>
<gc-end id="883" type="partial gc" contextid="878" durationms="6.768" usertimems="16.000" systemtimems="0.000" timestamp="2019-06-16T00:36:21.585" activeThreads="4">
  <mem-info id="884" free="56623104" total="92274688" percent="61">
    <mem type="eden" free="1048552" total="1048576" percent="99" />
    <remembered-set count="41408" freebytes="3517696" totalbytes="3683328" percent="95" regionsoverflowed="0" regionsstable="0" regionsrebuilding="1"/>
  </mem-info>
</gc-end>
<cycle-end id="885" type="partial gc" contextid="878" timestamp="2019-06-16T00:36:21.585" />
  <attribute name="elasticGC enabled" value="1" />
  <attribute name= "numThreadsSpecified" value="4" />
  <attribute name="heapSize specified" value="0" />
  <attribute name="Current GC Util" value="171" />
  <attribute name= "Current Time Running" value="11245" />
  <attribute name ="GC Interval" value="0" />
  <attribute name="ProportionalT" value="226.500000" />
  <attribute name="ProportionalI" value="226.500000" />
  <attribute name="ProportionalH" value="226.500000" />
  <attribute name="Current Error" value="151.000000" />
  <attribute name="IntegralT" value="151.000000" />
  <attribute name="IntegralI" value="151.000000" />
  <attribute name="IntegralH" value="151.000000" />
  <attribute name="DerivativeT" value="50.000000" />
  <attribute name="DerivativeI" value="50.000000" />
  <attribute name="DerivativeH" value="50.000000" />
  <attribute name="Loop Time for DT" value="1.000000" />
  <attribute name="Output H" value="8388608"/>
  <attribute name="Output I" value="432"/>
  <attribute name="Output T" value="4"/>
  <attribute name="Target GC Util Change" value ="20.000000" />
  <attribute name="Current GC Util Change" value="171.000000"/>
  <attribute name="GC Util currently" value="171" />
  <attribute name="CPU Util currently" value="12778080723138" />
<exclusive-end id="886" timestamp="2019-06-16T00:36:21.585" durationms="8.025" />

<exclusive-start id="887" timestamp="2019-06-16T00:36:21.593" intervalms="15.535">
  <response-info timems="0.221" idlems="0.221" threads="0" lastid="0000000001627700" lastname="main" />
</exclusive-start>
<allocation-taxation id="888" taxation-threshold="14680064" timestamp="2019-06-16T00:36:21.593" intervalms="15.563" />
<gc-start id="889" type="global mark phase" contextid="867" timestamp="2019-06-16T00:36:21.593">
  <mem-info id="890" free="41943040" total="92274688" percent="45">
    <remembered-set count="40800" freebytes="3520128" totalbytes="3683328" percent="95" regionsoverflowed="0" regionsstable="1" regionsrebuilding="1"/>
  </mem-info>
</gc-start>
<gc-end id="891" type="global mark phase" contextid="867" durationms="0.189" usertimems="0.000" systemtimems="0.000" timestamp="2019-06-16T00:36:21.593" activeThreads="4">
  <mem-info id="892" free="41943040" total="92274688" percent="45">
    <remembered-set count="40800" freebytes="3520128" totalbytes="3683328" percent="95" regionsoverflowed="0" regionsstable="1" regionsrebuilding="1"/>
  </mem-info>
</gc-end>
<concurrent-start id="893" type="GMP work packet processing" contextid="867" timestamp="2019-06-16T00:36:21.593">
  <concurrent-mark-start scanTarget="2746859" />
</concurrent-start>
<concurrent-end id="894" type="GMP work packet processing" contextid="867" timestamp="2019-06-16T00:36:21.595">
  <concurrent-mark-end bytesScanned="2785704" reasonForTermination="Work target met" />
</concurrent-end>

<exclusive-end id="895" timestamp="2019-06-16T00:36:21.595" durationms="2.726" />

<exclusive-start id="896" timestamp="2019-06-16T00:36:21.603" intervalms="10.186">
  <response-info timems="0.108" idlems="0.108" threads="0" lastid="0000000001627700" lastname="main" />
</exclusive-start>
<allocation-taxation id="897" taxation-threshold="14680064" timestamp="2019-06-16T00:36:21.603" intervalms="10.139" />
<cycle-start id="898" type="partial gc" contextid="0" timestamp="2019-06-16T00:36:21.603" intervalms="25.723" />
<gc-start id="899" type="partial gc" contextid="898" timestamp="2019-06-16T00:36:21.604">
  <mem-info id="900" free="27262976" total="92274688" percent="29">
    <mem type="eden" free="1048552" total="30408704" percent="3" />
    <remembered-set count="43360" freebytes="3509888" totalbytes="3683328" percent="95" regionsoverflowed="0" regionsstable="1" regionsrebuilding="1"/>
  </mem-info>
</gc-start>
<allocation-stats totalBytes="29261520" >
  <allocated-bytes non-tlh="0" tlh="29261520" arrayletleaf="0"/>
  <largest-consumer threadName="main" threadId="0000000001627700" bytes="14631992" />
</allocation-stats>
<gc-op id="901" type="copy forward" timems="7.786" contextid="898" timestamp="2019-06-16T00:36:21.612">
  <memory-copied type="eden" objects="1" bytes="24" bytesdiscarded="0" />
  <memory-copied type="other" objects="70140" bytes="2033776" bytesdiscarded="312" />
  <memory-cardclean objects="20150" bytes="536280" />
  <regions eden="28" other="3" />
  <remembered-set-cleared processed="39381" cleared="5982" durationms="0.419" />
  <references type="weak" candidates="2" cleared="0" enqueued="0" />
  <stringconstants candidates="13761" cleared="0"  />
</gc-op>
<gc-op id="902" type="classunload" timems="0.005" contextid="898" timestamp="2019-06-16T00:36:21.612">
  <classunload-info classloadercandidates="55" classloadersunloaded="0" classesunloaded="0" anonymousclassesunloaded="0" quiescems="0.000" setupms="0.005" scanms="0.000" postms="0.000" />
</gc-op>
<gc-end id="903" type="partial gc" contextid="898" durationms="9.033" usertimems="0.000" systemtimems="8.000" timestamp="2019-06-16T00:36:21.613" activeThreads="1">
  <mem-info id="904" free="56623104" total="92274688" percent="61">
    <mem type="eden" free="1048552" total="1048576" percent="99" />
    <remembered-set count="43712" freebytes="3508480" totalbytes="3683328" percent="95" regionsoverflowed="0" regionsstable="1" regionsrebuilding="1"/>
  </mem-info>
</gc-end>
<cycle-end id="905" type="partial gc" contextid="898" timestamp="2019-06-16T00:36:21.613" />
  <attribute name="elasticGC enabled" value="1" />
  <attribute name= "numThreadsSpecified" value="1" />
  <attribute name="heapSize specified" value="0" />
  <attribute name="Current GC Util" value="61" />
  <attribute name= "Current Time Running" value="11270" />
  <attribute name ="GC Interval" value="0" />
  <attribute name="ProportionalT" value="61.500000" />
  <attribute name="ProportionalI" value="61.500000" />
  <attribute name="ProportionalH" value="61.500000" />
  <attribute name="Current Error" value="41.000000" />
  <attribute name="IntegralT" value="0.000000" />
  <attribute name="IntegralI" value="0.000000" />
  <attribute name="IntegralH" value="0.000000" />
  <attribute name="DerivativeT" value="inf" />
  <attribute name="DerivativeI" value="inf" />
  <attribute name="DerivativeH" value="inf" />
  <attribute name="Loop Time for DT" value="0.000000" />
  <attribute name="Output H" value="8388608"/>
  <attribute name="Output I" value="200"/>
  <attribute name="Output T" value="1"/>
  <attribute name="Target GC Util Change" value ="20.000000" />
  <attribute name="Current GC Util Change" value="61.000000"/>
  <attribute name="GC Util currently" value="61" />
  <attribute name="CPU Util currently" value="17141647527650" />
<exclusive-end id="906" timestamp="2019-06-16T00:36:21.613" durationms="10.311" />

<exclusive-start id="907" timestamp="2019-06-16T00:36:21.621" intervalms="17.698">
  <response-info timems="0.057" idlems="0.057" threads="0" lastid="0000000001627700" lastname="main" />
</exclusive-start>
<allocation-taxation id="908" taxation-threshold="14680064" timestamp="2019-06-16T00:36:21.621" intervalms="17.694" />
<gc-start id="909" type="global mark phase" contextid="867" timestamp="2019-06-16T00:36:21.621">
  <mem-info id="910" free="41943040" total="92274688" percent="45">
    <remembered-set count="43488" freebytes="3509376" totalbytes="3683328" percent="95" regionsoverflowed="0" regionsstable="1" regionsrebuilding="1"/>
  </mem-info>
</gc-start>
<gc-end id="911" type="global mark phase" contextid="867" durationms="0.205" usertimems="0.000" systemtimems="0.000" timestamp="2019-06-16T00:36:21.621" activeThreads="1">
  <mem-info id="912" free="41943040" total="92274688" percent="45">
    <remembered-set count="43488" freebytes="3509376" totalbytes="3683328" percent="95" regionsoverflowed="0" regionsstable="1" regionsrebuilding="1"/>
  </mem-info>
</gc-end>
<concurrent-start id="913" type="GMP work packet processing" contextid="867" timestamp="2019-06-16T00:36:21.621">
  <concurrent-mark-start scanTarget="1048576" />
</concurrent-start>
<exclusive-end id="915" timestamp="2019-06-16T00:36:21.623" durationms="2.049" />

<concurrent-end id="914" type="GMP work packet processing" contextid="867" timestamp="2019-06-16T00:36:21.623">
  <concurrent-mark-end bytesScanned="1088764" reasonForTermination="Work target met" />
</concurrent-end>

<exclusive-start id="916" timestamp="2019-06-16T00:36:21.630" intervalms="9.384">
  <response-info timems="0.069" idlems="0.069" threads="0" lastid="0000000001627700" lastname="main" />
</exclusive-start>
<allocation-taxation id="917" taxation-threshold="14680064" timestamp="2019-06-16T00:36:21.630" intervalms="9.437" />
<cycle-start id="918" type="partial gc" contextid="0" timestamp="2019-06-16T00:36:21.630" intervalms="27.135" />
<gc-start id="919" type="partial gc" contextid="918" timestamp="2019-06-16T00:36:21.631">
  <mem-info id="920" free="27262976" total="92274688" percent="29">
    <mem type="eden" free="1048552" total="30408704" percent="3" />
    <remembered-set count="43520" freebytes="3509248" totalbytes="3683328" percent="95" regionsoverflowed="0" regionsstable="1" regionsrebuilding="1"/>
  </mem-info>
</gc-start>
<allocation-stats totalBytes="29261544" >
  <allocated-bytes non-tlh="0" tlh="29261544" arrayletleaf="0"/>
  <largest-consumer threadName="main" threadId="0000000001627700" bytes="14631992" />
</allocation-stats>
<gc-op id="921" type="copy forward" timems="5.309" contextid="918" timestamp="2019-06-16T00:36:21.637">
  <memory-copied type="eden" objects="1" bytes="24" bytesdiscarded="0" />
  <memory-copied type="other" objects="40087" bytes="1019544" bytesdiscarded="104" />
  <memory-cardclean objects="9879" bytes="503376" />
  <regions eden="28" other="2" />
  <remembered-set-cleared processed="41076" cleared="4024" durationms="0.415" />
  <stringconstants candidates="13761" cleared="0"  />
</gc-op>
<gc-op id="922" type="classunload" timems="0.004" contextid="918" timestamp="2019-06-16T00:36:21.637">
  <classunload-info classloadercandidates="55" classloadersunloaded="0" classesunloaded="0" anonymousclassesunloaded="0" quiescems="0.000" setupms="0.004" scanms="0.000" postms="0.000" />
</gc-op>
<gc-end id="923" type="partial gc" contextid="918" durationms="6.612" usertimems="8.000" systemtimems="0.000" timestamp="2019-06-16T00:36:21.637" activeThreads="1">
  <mem-info id="924" free="56623104" total="92274688" percent="61">
    <mem type="eden" free="1048552" total="1048576" percent="99" />
    <remembered-set count="44000" freebytes="3507328" totalbytes="3683328" percent="95" regionsoverflowed="0" regionsstable="1" regionsrebuilding="1"/>
  </mem-info>
</gc-end>
<cycle-end id="925" type="partial gc" contextid="918" timestamp="2019-06-16T00:36:21.637" />
  <attribute name="elasticGC enabled" value="1" />
  <attribute name= "numThreadsSpecified" value="1" />
  <attribute name="heapSize specified" value="0" />
  <attribute name="Current GC Util" value="162" />
  <attribute name= "Current Time Running" value="11297" />
  <attribute name ="GC Interval" value="0" />
  <attribute name="ProportionalT" value="213.000000" />
  <attribute name="ProportionalI" value="213.000000" />
  <attribute name="ProportionalH" value="213.000000" />
  <attribute name="Current Error" value="142.000000" />
  <attribute name="IntegralT" value="0.000000" />
  <attribute name="IntegralI" value="0.000000" />
  <attribute name="IntegralH" value="0.000000" />
  <attribute name="DerivativeT" value="inf" />
  <attribute name="DerivativeI" value="inf" />
  <attribute name="DerivativeH" value="inf" />
  <attribute name="Loop Time for DT" value="0.000000" />
  <attribute name="Output H" value="8388608"/>
  <attribute name="Output I" value="200"/>
  <attribute name="Output T" value="1"/>
  <attribute name="Target GC Util Change" value ="20.000000" />
  <attribute name="Current GC Util Change" value="162.000000"/>
  <attribute name="GC Util currently" value="162" />
  <attribute name="CPU Util currently" value="13103390862927" />
<exclusive-end id="926" timestamp="2019-06-16T00:36:21.638" durationms="7.849" />

<exclusive-start id="927" timestamp="2019-06-16T00:36:21.645" intervalms="15.215">
  <response-info timems="0.070" idlems="0.070" threads="0" lastid="0000000001627700" lastname="main" />
</exclusive-start>
<allocation-taxation id="928" taxation-threshold="14680064" timestamp="2019-06-16T00:36:21.645" intervalms="15.212" />
<gc-start id="929" type="global mark phase" contextid="867" timestamp="2019-06-16T00:36:21.646">
  <mem-info id="930" free="41943040" total="92274688" percent="45">
    <remembered-set count="42976" freebytes="3511424" totalbytes="3683328" percent="95" regionsoverflowed="0" regionsstable="2" regionsrebuilding="1"/>
  </mem-info>
</gc-start>
<gc-end id="931" type="global mark phase" contextid="867" durationms="0.201" usertimems="0.000" systemtimems="0.000" timestamp="2019-06-16T00:36:21.646" activeThreads="1">
  <mem-info id="932" free="41943040" total="92274688" percent="45">
    <remembered-set count="42976" freebytes="3511424" totalbytes="3683328" percent="95" regionsoverflowed="0" regionsstable="2" regionsrebuilding="1"/>
  </mem-info>
</gc-end>
<concurrent-start id="933" type="GMP work packet processing" contextid="867" timestamp="2019-06-16T00:36:21.646">
  <concurrent-mark-start scanTarget="1048576" />
</concurrent-start>
<exclusive-end id="934" timestamp="2019-06-16T00:36:21.646" durationms="0.944" />

<concurrent-end id="935" type="GMP work packet processing" contextid="867" timestamp="2019-06-16T00:36:21.647">
  <concurrent-mark-end bytesScanned="1100220" reasonForTermination="Work target met" />
</concurrent-end>

<exclusive-start id="936" timestamp="2019-06-16T00:36:21.654" intervalms="9.000">
  <response-info timems="0.074" idlems="0.074" threads="0" lastid="0000000001627700" lastname="main" />
</exclusive-start>
<allocation-taxation id="937" taxation-threshold="14680064" timestamp="2019-06-16T00:36:21.654" intervalms="8.950" />
<cycle-start id="938" type="partial gc" contextid="0" timestamp="2019-06-16T00:36:21.655" intervalms="24.137" />
<gc-start id="939" type="partial gc" contextid="938" timestamp="2019-06-16T00:36:21.655">
  <mem-info id="940" free="27262976" total="92274688" percent="29">
    <mem type="eden" free="1048552" total="30408704" percent="3" />
    <remembered-set count="42976" freebytes="3511424" totalbytes="3683328" percent="95" regionsoverflowed="0" regionsstable="2" regionsrebuilding="1"/>
  </mem-info>
</gc-start>
<allocation-stats totalBytes="29261544" >
  <allocated-bytes non-tlh="0" tlh="29261544" arrayletleaf="0"/>
  <largest-consumer threadName="main" threadId="0000000001627700" bytes="14631992" />
</allocation-stats>
<gc-op id="941" type="copy forward" timems="3.135" contextid="938" timestamp="2019-06-16T00:36:21.659">
  <memory-copied type="eden" objects="1" bytes="24" bytesdiscarded="0" />
  <memory-copied type="other" objects="0" bytes="0" bytesdiscarded="0" />
  <memory-cardclean objects="18" bytes="408" />
  <regions eden="28" other="1" />
  <remembered-set-cleared processed="41182" cleared="4" durationms="0.193" />
  <stringconstants candidates="13761" cleared="0"  />
</gc-op>
<gc-op id="942" type="classunload" timems="0.004" contextid="938" timestamp="2019-06-16T00:36:21.659">
  <classunload-info classloadercandidates="55" classloadersunloaded="0" classesunloaded="0" anonymousclassesunloaded="0" quiescems="0.000" setupms="0.004" scanms="0.000" postms="0.000" />
</gc-op>
<gc-end id="943" type="partial gc" contextid="938" durationms="4.355" usertimems="4.000" systemtimems="4.000" timestamp="2019-06-16T00:36:21.659" activeThreads="4">
  <mem-info id="944" free="56623104" total="92274688" percent="61">
    <mem type="eden" free="1048552" total="1048576" percent="99" />
    <remembered-set count="42752" freebytes="3512320" totalbytes="3683328" percent="95" regionsoverflowed="0" regionsstable="2" regionsrebuilding="1"/>
  </mem-info>
</gc-end>
<cycle-end id="945" type="partial gc" contextid="938" timestamp="2019-06-16T00:36:21.659" />
  <attribute name="elasticGC enabled" value="1" />
  <attribute name= "numThreadsSpecified" value="4" />
  <attribute name="heapSize specified" value="0" />
  <attribute name="Current GC Util" value="156" />
  <attribute name= "Current Time Running" value="11322" />
  <attribute name ="GC Interval" value="0" />
  <attribute name="ProportionalT" value="204.000000" />
  <attribute name="ProportionalI" value="204.000000" />
  <attribute name="ProportionalH" value="204.000000" />
  <attribute name="Current Error" value="136.000000" />
  <attribute name="IntegralT" value="136.000000" />
  <attribute name="IntegralI" value="136.000000" />
  <attribute name="IntegralH" value="136.000000" />
  <attribute name="DerivativeT" value="63.000000" />
  <attribute name="DerivativeI" value="63.000000" />
  <attribute name="DerivativeH" value="63.000000" />
  <attribute name="Loop Time for DT" value="1.000000" />
  <attribute name="Output H" value="8388608"/>
  <attribute name="Output I" value="408"/>
  <attribute name="Output T" value="4"/>
  <attribute name="Target GC Util Change" value ="20.000000" />
  <attribute name="Current GC Util Change" value="156.000000"/>
  <attribute name="GC Util currently" value="156" />
  <attribute name="CPU Util currently" value="12661188564633" />
<exclusive-end id="946" timestamp="2019-06-16T00:36:21.660" durationms="5.361" />

<exclusive-start id="947" timestamp="2019-06-16T00:36:21.667" intervalms="12.724">
  <response-info timems="0.075" idlems="0.075" threads="0" lastid="0000000001627700" lastname="main" />
</exclusive-start>
<allocation-taxation id="948" taxation-threshold="14680064" timestamp="2019-06-16T00:36:21.667" intervalms="12.767" />
<gc-start id="949" type="global mark phase" contextid="867" timestamp="2019-06-16T00:36:21.667">
  <mem-info id="950" free="41943040" total="92274688" percent="45">
    <remembered-set count="42752" freebytes="3512320" totalbytes="3683328" percent="95" regionsoverflowed="0" regionsstable="2" regionsrebuilding="1"/>
  </mem-info>
</gc-start>
<gc-end id="951" type="global mark phase" contextid="867" durationms="0.162" usertimems="0.000" systemtimems="0.000" timestamp="2019-06-16T00:36:21.667" activeThreads="4">
  <mem-info id="952" free="41943040" total="92274688" percent="45">
    <remembered-set count="42752" freebytes="3512320" totalbytes="3683328" percent="95" regionsoverflowed="0" regionsstable="2" regionsrebuilding="1"/>
  </mem-info>
</gc-end>
<concurrent-start id="953" type="GMP work packet processing" contextid="867" timestamp="2019-06-16T00:36:21.668">
  <concurrent-mark-start scanTarget="1373429" />
</concurrent-start>
<exclusive-end id="954" timestamp="2019-06-16T00:36:21.668" durationms="0.779" />

<concurrent-end id="955" type="GMP work packet processing" contextid="867" timestamp="2019-06-16T00:36:21.669">
  <concurrent-mark-end bytesScanned="1418992" reasonForTermination="Work target met" />
</concurrent-end>

<exclusive-start id="956" timestamp="2019-06-16T00:36:21.679" intervalms="12.020">
  <response-info timems="0.055" idlems="0.055" threads="0" lastid="0000000001627700" lastname="main" />
</exclusive-start>
<allocation-taxation id="957" taxation-threshold="14680064" timestamp="2019-06-16T00:36:21.679" intervalms="12.028" />
<cycle-start id="958" type="partial gc" contextid="0" timestamp="2019-06-16T00:36:21.679" intervalms="24.809" />
<gc-start id="959" type="partial gc" contextid="958" timestamp="2019-06-16T00:36:21.680">
  <mem-info id="960" free="27262976" total="92274688" percent="29">
    <mem type="eden" free="1048552" total="30408704" percent="3" />
    <remembered-set count="42752" freebytes="3512320" totalbytes="3683328" percent="95" regionsoverflowed="0" regionsstable="2" regionsrebuilding="1"/>
  </mem-info>
</gc-start>
<allocation-stats totalBytes="29239944" >
  <allocated-bytes non-tlh="0" tlh="29239944" arrayletleaf="0"/>
  <largest-consumer threadName="main" threadId="0000000001627700" bytes="14610392" />
</allocation-stats>
<gc-op id="961" type="copy forward" timems="5.267" contextid="958" timestamp="2019-06-16T00:36:21.686">
  <memory-copied type="eden" objects="28" bytes="1960" bytesdiscarded="0" />
  <memory-copied type="other" objects="45906" bytes="1048568" bytesdiscarded="496" />
  <memory-cardclean objects="8224" bytes="479296" />
  <regions eden="28" other="2" />
  <remembered-set-cleared processed="40694" cleared="3097" durationms="0.400" />
  <references type="weak" candidates="6" cleared="0" enqueued="0" />
  <stringconstants candidates="13761" cleared="0"  />
</gc-op>
<gc-op id="962" type="classunload" timems="0.004" contextid="958" timestamp="2019-06-16T00:36:21.686">
  <classunload-info classloadercandidates="55" classloadersunloaded="0" classesunloaded="0" anonymousclassesunloaded="0" quiescems="0.000" setupms="0.004" scanms="0.000" postms="0.000" />
</gc-op>
<gc-end id="963" type="partial gc" contextid="958" durationms="6.558" usertimems="0.000" systemtimems="4.000" timestamp="2019-06-16T00:36:21.686" activeThreads="1">
  <mem-info id="964" free="56623104" total="92274688" percent="61">
    <mem type="eden" free="1046616" total="1048576" percent="99" />
    <remembered-set count="42528" freebytes="3513216" totalbytes="3683328" percent="95" regionsoverflowed="0" regionsstable="2" regionsrebuilding="1"/>
  </mem-info>
</gc-end>
<cycle-end id="965" type="partial gc" contextid="958" timestamp="2019-06-16T00:36:21.686" />
  <attribute name="elasticGC enabled" value="1" />
  <attribute name= "numThreadsSpecified" value="1" />
  <attribute name="heapSize specified" value="0" />
  <attribute name="Current GC Util" value="171" />
  <attribute name= "Current Time Running" value="11346" />
  <attribute name ="GC Interval" value="0" />
  <attribute name="ProportionalT" value="226.500000" />
  <attribute name="ProportionalI" value="226.500000" />
  <attribute name="ProportionalH" value="226.500000" />
  <attribute name="Current Error" value="151.000000" />
  <attribute name="IntegralT" value="0.000000" />
  <attribute name="IntegralI" value="0.000000" />
  <attribute name="IntegralH" value="0.000000" />
  <attribute name="DerivativeT" value="inf" />
  <attribute name="DerivativeI" value="inf" />
  <attribute name="DerivativeH" value="inf" />
  <attribute name="Loop Time for DT" value="0.000000" />
  <attribute name="Output H" value="8388608"/>
  <attribute name="Output I" value="200"/>
  <attribute name="Output T" value="1"/>
  <attribute name="Target GC Util Change" value ="20.000000" />
  <attribute name="Current GC Util Change" value="171.000000"/>
  <attribute name="GC Util currently" value="171" />
  <attribute name="CPU Util currently" value="13330074777520" />
<exclusive-end id="966" timestamp="2019-06-16T00:36:21.687" durationms="7.740" />

<exclusive-start id="967" timestamp="2019-06-16T00:36:21.697" intervalms="17.660">
  <response-info timems="0.071" idlems="0.071" threads="0" lastid="0000000001627700" lastname="main" />
</exclusive-start>
<allocation-taxation id="968" taxation-threshold="14680064" timestamp="2019-06-16T00:36:21.697" intervalms="17.658" />
<gc-start id="969" type="global mark phase" contextid="867" timestamp="2019-06-16T00:36:21.697">
  <mem-info id="970" free="41943040" total="92274688" percent="45">
    <remembered-set count="41632" freebytes="3516800" totalbytes="3683328" percent="95" regionsoverflowed="0" regionsstable="3" regionsrebuilding="1"/>
  </mem-info>
</gc-start>
<gc-end id="971" type="global mark phase" contextid="867" durationms="0.129" usertimems="0.000" systemtimems="0.000" timestamp="2019-06-16T00:36:21.697" activeThreads="1">
  <mem-info id="972" free="41943040" total="92274688" percent="45">
    <remembered-set count="41632" freebytes="3516800" totalbytes="3683328" percent="95" regionsoverflowed="0" regionsstable="3" regionsrebuilding="1"/>
  </mem-info>
</gc-end>
<concurrent-start id="973" type="GMP work packet processing" contextid="867" timestamp="2019-06-16T00:36:21.697">
  <concurrent-mark-start scanTarget="1048576" />
</concurrent-start>
<exclusive-end id="974" timestamp="2019-06-16T00:36:21.698" durationms="1.602" />

<concurrent-end id="975" type="GMP work packet processing" contextid="867" timestamp="2019-06-16T00:36:21.698">
  <concurrent-mark-end bytesScanned="1089540" reasonForTermination="Work target met" />
</concurrent-end>

<exclusive-start id="976" timestamp="2019-06-16T00:36:21.707" intervalms="10.917">
  <response-info timems="0.068" idlems="0.068" threads="0" lastid="0000000001627700" lastname="main" />
</exclusive-start>
<allocation-taxation id="977" taxation-threshold="14680064" timestamp="2019-06-16T00:36:21.708" intervalms="10.856" />
<cycle-start id="978" type="partial gc" contextid="0" timestamp="2019-06-16T00:36:21.708" intervalms="28.466" />
<gc-start id="979" type="partial gc" contextid="978" timestamp="2019-06-16T00:36:21.708">
  <mem-info id="980" free="27262976" total="92274688" percent="29">
    <mem type="eden" free="0" total="29360128" percent="0" />
    <remembered-set count="41632" freebytes="3516800" totalbytes="3683328" percent="95" regionsoverflowed="0" regionsstable="3" regionsrebuilding="1"/>
  </mem-info>
</gc-start>
<allocation-stats totalBytes="29164760" >
  <allocated-bytes non-tlh="0" tlh="29164760" arrayletleaf="0"/>
  <largest-consumer threadName="main" threadId="0000000001627700" bytes="14582400" />
</allocation-stats>
<gc-op id="981" type="copy forward" timems="5.593" contextid="978" timestamp="2019-06-16T00:36:21.715">
  <memory-copied type="eden" objects="0" bytes="0" bytesdiscarded="0" />
  <memory-copied type="other" objects="80407" bytes="2065152" bytesdiscarded="112752" />
  <memory-cardclean objects="8838" bytes="524264" />
  <regions eden="28" other="3" />
  <remembered-set-cleared processed="39634" cleared="5657" durationms="0.208" />
  <references type="soft" candidates="2139" cleared="0" enqueued="0" dynamicThreshold="14" maxThreshold="32" />
  <references type="weak" candidates="82" cleared="0" enqueued="0" />
  <stringconstants candidates="13761" cleared="0"  />
</gc-op>
<gc-op id="982" type="classunload" timems="0.004" contextid="978" timestamp="2019-06-16T00:36:21.715">
  <classunload-info classloadercandidates="55" classloadersunloaded="0" classesunloaded="0" anonymousclassesunloaded="0" quiescems="0.000" setupms="0.004" scanms="0.000" postms="0.000" />
</gc-op>
<gc-end id="983" type="partial gc" contextid="978" durationms="6.757" usertimems="16.000" systemtimems="0.000" timestamp="2019-06-16T00:36:21.715" activeThreads="4">
  <mem-info id="984" free="55574528" total="92274688" percent="60">
    <remembered-set count="43008" freebytes="3511296" totalbytes="3683328" percent="95" regionsoverflowed="0" regionsstable="3" regionsrebuilding="1"/>
  </mem-info>
</gc-end>
<cycle-end id="985" type="partial gc" contextid="978" timestamp="2019-06-16T00:36:21.715" />
  <attribute name="elasticGC enabled" value="1" />
  <attribute name= "numThreadsSpecified" value="4" />
  <attribute name="heapSize specified" value="0" />
  <attribute name="Current GC Util" value="162" />
  <attribute name= "Current Time Running" value="11375" />
  <attribute name ="GC Interval" value="0" />
  <attribute name="ProportionalT" value="213.000000" />
  <attribute name="ProportionalI" value="213.000000" />
  <attribute name="ProportionalH" value="213.000000" />
  <attribute name="Current Error" value="142.000000" />
  <attribute name="IntegralT" value="142.000000" />
  <attribute name="IntegralI" value="142.000000" />
  <attribute name="IntegralH" value="142.000000" />
  <attribute name="DerivativeT" value="67.500000" />
  <attribute name="DerivativeI" value="67.500000" />
  <attribute name="DerivativeH" value="67.500000" />
  <attribute name="Loop Time for DT" value="1.000000" />
  <attribute name="Output H" value="8388608"/>
  <attribute name="Output I" value="424"/>
  <attribute name="Output T" value="4"/>
  <attribute name="Target GC Util Change" value ="20.000000" />
  <attribute name="Current GC Util Change" value="162.000000"/>
  <attribute name="GC Util currently" value="162" />
  <attribute name="CPU Util currently" value="13157787218110" />
<exclusive-end id="986" timestamp="2019-06-16T00:36:21.715" durationms="7.795" />

<exclusive-start id="987" timestamp="2019-06-16T00:36:21.725" intervalms="17.185">
  <response-info timems="0.069" idlems="0.069" threads="0" lastid="0000000001627700" lastname="main" />
</exclusive-start>
<allocation-taxation id="988" taxation-threshold="14680064" timestamp="2019-06-16T00:36:21.725" intervalms="17.230" />
<gc-start id="989" type="global mark phase" contextid="867" timestamp="2019-06-16T00:36:21.725">
  <mem-info id="990" free="40894464" total="92274688" percent="44">
    <remembered-set count="21344" freebytes="3597952" totalbytes="3683328" percent="97" regionsoverflowed="0" regionsstable="9" regionsrebuilding="1"/>
  </mem-info>
</gc-start>
<gc-end id="991" type="global mark phase" contextid="867" durationms="0.138" usertimems="0.000" systemtimems="0.000" timestamp="2019-06-16T00:36:21.725" activeThreads="4">
  <mem-info id="992" free="40894464" total="92274688" percent="44">
    <remembered-set count="21344" freebytes="3597952" totalbytes="3683328" percent="97" regionsoverflowed="0" regionsstable="9" regionsrebuilding="1"/>
  </mem-info>
</gc-end>
<concurrent-start id="993" type="GMP work packet processing" contextid="867" timestamp="2019-06-16T00:36:21.725">
  <concurrent-mark-start scanTarget="1373429" />
</concurrent-start>
<exclusive-end id="994" timestamp="2019-06-16T00:36:21.726" durationms="0.857" />

<concurrent-end id="995" type="GMP work packet processing" contextid="867" timestamp="2019-06-16T00:36:21.727">
  <concurrent-mark-end bytesScanned="1419844" reasonForTermination="Work target met" />
</concurrent-end>

<exclusive-start id="996" timestamp="2019-06-16T00:36:21.736" intervalms="11.191">
  <response-info timems="0.067" idlems="0.067" threads="0" lastid="0000000001627700" lastname="main" />
</exclusive-start>
<allocation-taxation id="997" taxation-threshold="14680064" timestamp="2019-06-16T00:36:21.736" intervalms="11.165" />
<cycle-start id="998" type="partial gc" contextid="0" timestamp="2019-06-16T00:36:21.736" intervalms="28.403" />
<gc-start id="999" type="partial gc" contextid="998" timestamp="2019-06-16T00:36:21.736">
  <mem-info id="1000" free="26214400" total="92274688" percent="28">
    <mem type="eden" free="0" total="29360128" percent="0" />
    <remembered-set count="28512" freebytes="3569280" totalbytes="3683328" percent="96" regionsoverflowed="0" regionsstable="9" regionsrebuilding="1"/>
  </mem-info>
</gc-start>
<allocation-stats totalBytes="29168304" >
  <allocated-bytes non-tlh="0" tlh="29168304" arrayletleaf="0"/>
  <largest-consumer threadName="main" threadId="0000000001627700" bytes="14585904" />
</allocation-stats>
<gc-op id="1001" type="copy forward" timems="4.364" contextid="998" timestamp="2019-06-16T00:36:21.742">
  <memory-copied type="eden" objects="1" bytes="24" bytesdiscarded="0" />
  <memory-copied type="other" objects="35343" bytes="979080" bytesdiscarded="48" />
  <memory-cardclean objects="1609" bytes="61112" />
  <regions eden="28" other="1" />
  <remembered-set-cleared processed="25766" cleared="1326" durationms="0.289" />
  <references type="soft" candidates="2139" cleared="0" enqueued="0" dynamicThreshold="14" maxThreshold="32" />
  <references type="weak" candidates="82" cleared="0" enqueued="0" />
  <stringconstants candidates="13761" cleared="0"  />
</gc-op>
<gc-op id="1002" type="classunload" timems="0.004" contextid="998" timestamp="2019-06-16T00:36:21.742">
  <classunload-info classloadercandidates="55" classloadersunloaded="0" classesunloaded="0" anonymousclassesunloaded="0" quiescems="0.000" setupms="0.004" scanms="0.000" postms="0.000" />
</gc-op>
<gc-end id="1003" type="partial gc" contextid="998" durationms="5.587" usertimems="8.000" systemtimems="0.000" timestamp="2019-06-16T00:36:21.742" activeThreads="1">
  <mem-info id="1004" free="55574528" total="92274688" percent="60">
    <mem type="eden" free="1048552" total="1048576" percent="99" />
    <remembered-set count="28512" freebytes="3569280" totalbytes="3683328" percent="96" regionsoverflowed="0" regionsstable="9" regionsrebuilding="1"/>
  </mem-info>
</gc-end>
<cycle-end id="1005" type="partial gc" contextid="998" timestamp="2019-06-16T00:36:21.742" />
  <attribute name="elasticGC enabled" value="1" />
  <attribute name= "numThreadsSpecified" value="1" />
  <attribute name="heapSize specified" value="0" />
  <attribute name="Current GC Util" value="162" />
  <attribute name= "Current Time Running" value="11403" />
  <attribute name ="GC Interval" value="0" />
  <attribute name="ProportionalT" value="213.000000" />
  <attribute name="ProportionalI" value="213.000000" />
  <attribute name="ProportionalH" value="213.000000" />
  <attribute name="Current Error" value="142.000000" />
  <attribute name="IntegralT" value="0.000000" />
  <attribute name="IntegralI" value="0.000000" />
  <attribute name="IntegralH" value="0.000000" />
  <attribute name="DerivativeT" value="inf" />
  <attribute name="DerivativeI" value="inf" />
  <attribute name="DerivativeH" value="inf" />
  <attribute name="Loop Time for DT" value="0.000000" />
  <attribute name="Output H" value="8388608"/>
  <attribute name="Output I" value="200"/>
  <attribute name="Output T" value="1"/>
  <attribute name="Target GC Util Change" value ="20.000000" />
  <attribute name="Current GC Util Change" value="162.000000"/>
  <attribute name="GC Util currently" value="162" />
  <attribute name="CPU Util currently" value="13436530503418" />
<exclusive-end id="1006" timestamp="2019-06-16T00:36:21.742" durationms="6.615" />

<exclusive-start id="1007" timestamp="2019-06-16T00:36:21.750" intervalms="14.008">
  <response-info timems="0.068" idlems="0.068" threads="0" lastid="0000000001627700" lastname="main" />
</exclusive-start>
<allocation-taxation id="1008" taxation-threshold="14680064" timestamp="2019-06-16T00:36:21.750" intervalms="14.052" />
<gc-start id="1009" type="global mark phase" contextid="867" timestamp="2019-06-16T00:36:21.750">
  <mem-info id="1010" free="40894464" total="92274688" percent="44">
    <remembered-set count="27584" freebytes="3572992" totalbytes="3683328" percent="97" regionsoverflowed="0" regionsstable="10" regionsrebuilding="1"/>
  </mem-info>
</gc-start>
<gc-end id="1011" type="global mark phase" contextid="867" durationms="0.189" usertimems="0.000" systemtimems="0.000" timestamp="2019-06-16T00:36:21.750" activeThreads="1">
  <mem-info id="1012" free="40894464" total="92274688" percent="44">
    <remembered-set count="27584" freebytes="3572992" totalbytes="3683328" percent="97" regionsoverflowed="0" regionsstable="10" regionsrebuilding="1"/>
  </mem-info>
</gc-end>
<concurrent-start id="1013" type="GMP work packet processing" contextid="867" timestamp="2019-06-16T00:36:21.751">
  <concurrent-mark-start scanTarget="1048576" />
</concurrent-start>
<exclusive-end id="1014" timestamp="2019-06-16T00:36:21.752" durationms="2.024" />

<concurrent-end id="1015" type="GMP work packet processing" contextid="867" timestamp="2019-06-16T00:36:21.752">
  <concurrent-mark-end bytesScanned="1082740" reasonForTermination="Work target met" />
</concurrent-end>

<exclusive-start id="1016" timestamp="2019-06-16T00:36:21.759" intervalms="9.449">
  <response-info timems="0.119" idlems="0.119" threads="0" lastid="0000000001627700" lastname="main" />
</exclusive-start>
<allocation-taxation id="1017" taxation-threshold="14680064" timestamp="2019-06-16T00:36:21.759" intervalms="9.419" />
<cycle-start id="1018" type="partial gc" contextid="0" timestamp="2019-06-16T00:36:21.760" intervalms="23.506" />
<gc-start id="1019" type="partial gc" contextid="1018" timestamp="2019-06-16T00:36:21.760">
  <mem-info id="1020" free="26214400" total="92274688" percent="28">
    <mem type="eden" free="1048552" total="30408704" percent="3" />
    <remembered-set count="33216" freebytes="3550464" totalbytes="3683328" percent="96" regionsoverflowed="0" regionsstable="10" regionsrebuilding="1"/>
  </mem-info>
</gc-start>
<allocation-stats totalBytes="29176080" >
  <allocated-bytes non-tlh="0" tlh="29176080" arrayletleaf="0"/>
  <largest-consumer threadName="main" threadId="0000000001627700" bytes="14588040" />
</allocation-stats>
<gc-op id="1021" type="copy forward" timems="3.631" contextid="1018" timestamp="2019-06-16T00:36:21.765">
  <memory-copied type="eden" objects="1" bytes="24" bytesdiscarded="0" />
  <memory-copied type="other" objects="0" bytes="0" bytesdiscarded="0" />
  <memory-cardclean objects="18" bytes="512" />
  <regions eden="28" other="1" />
  <remembered-set-cleared processed="31463" cleared="5" durationms="0.207" />
  <stringconstants candidates="13761" cleared="0"  />
</gc-op>
<gc-op id="1022" type="classunload" timems="0.004" contextid="1018" timestamp="2019-06-16T00:36:21.765">
  <classunload-info classloadercandidates="55" classloadersunloaded="0" classesunloaded="0" anonymousclassesunloaded="0" quiescems="0.000" setupms="0.004" scanms="0.000" postms="0.000" />
</gc-op>
<gc-end id="1023" type="partial gc" contextid="1018" durationms="4.900" usertimems="4.000" systemtimems="4.000" timestamp="2019-06-16T00:36:21.765" activeThreads="4">
  <mem-info id="1024" free="55574528" total="92274688" percent="60">
    <mem type="eden" free="1048552" total="1048576" percent="99" />
    <remembered-set count="32928" freebytes="3551616" totalbytes="3683328" percent="96" regionsoverflowed="0" regionsstable="10" regionsrebuilding="1"/>
  </mem-info>
</gc-end>
<cycle-end id="1025" type="partial gc" contextid="1018" timestamp="2019-06-16T00:36:21.765" />
  <attribute name="elasticGC enabled" value="1" />
  <attribute name= "numThreadsSpecified" value="4" />
  <attribute name="heapSize specified" value="0" />
  <attribute name="Current GC Util" value="156" />
  <attribute name= "Current Time Running" value="11427" />
  <attribute name ="GC Interval" value="0" />
  <attribute name="ProportionalT" value="204.000000" />
  <attribute name="ProportionalI" value="204.000000" />
  <attribute name="ProportionalH" value="204.000000" />
  <attribute name="Current Error" value="136.000000" />
  <attribute name="IntegralT" value="136.000000" />
  <attribute name="IntegralI" value="136.000000" />
  <attribute name="IntegralH" value="136.000000" />
  <attribute name="DerivativeT" value="61.000000" />
  <attribute name="DerivativeI" value="61.000000" />
  <attribute name="DerivativeH" value="61.000000" />
  <attribute name="Loop Time for DT" value="1.000000" />
  <attribute name="Output H" value="8388608"/>
  <attribute name="Output I" value="408"/>
  <attribute name="Output T" value="4"/>
  <attribute name="Target GC Util Change" value ="20.000000" />
  <attribute name="Current GC Util Change" value="156.000000"/>
  <attribute name="GC Util currently" value="156" />
  <attribute name="CPU Util currently" value="12842273223644" />
<exclusive-end id="1026" timestamp="2019-06-16T00:36:21.765" durationms="6.097" />

<exclusive-start id="1027" timestamp="2019-06-16T00:36:21.773" intervalms="13.467">
  <response-info timems="0.068" idlems="0.068" threads="0" lastid="0000000001627700" lastname="main" />
</exclusive-start>
<allocation-taxation id="1028" taxation-threshold="14680064" timestamp="2019-06-16T00:36:21.773" intervalms="13.493" />
<gc-start id="1029" type="global mark phase" contextid="867" timestamp="2019-06-16T00:36:21.773">
  <mem-info id="1030" free="40894464" total="92274688" percent="44">
    <remembered-set count="32928" freebytes="3551616" totalbytes="3683328" percent="96" regionsoverflowed="0" regionsstable="10" regionsrebuilding="1"/>
  </mem-info>
</gc-start>
<gc-end id="1031" type="global mark phase" contextid="867" durationms="0.212" usertimems="0.000" systemtimems="0.000" timestamp="2019-06-16T00:36:21.773" activeThreads="4">
  <mem-info id="1032" free="40894464" total="92274688" percent="44">
    <remembered-set count="32928" freebytes="3551616" totalbytes="3683328" percent="96" regionsoverflowed="0" regionsstable="10" regionsrebuilding="1"/>
  </mem-info>
</gc-end>
<concurrent-start id="1033" type="GMP work packet processing" contextid="867" timestamp="2019-06-16T00:36:21.774">
  <concurrent-mark-start scanTarget="1373429" />
</concurrent-start>
<exclusive-end id="1034" timestamp="2019-06-16T00:36:21.774" durationms="0.964" />

<concurrent-end id="1035" type="GMP work packet processing" contextid="867" timestamp="2019-06-16T00:36:21.774">
  <concurrent-mark-end bytesScanned="825912" reasonForTermination="Completed all work in GC phase" />
</concurrent-end>

<exclusive-start id="1036" timestamp="2019-06-16T00:36:21.782" intervalms="8.855">
  <response-info timems="0.057" idlems="0.057" threads="0" lastid="0000000001627700" lastname="main" />
</exclusive-start>
<allocation-taxation id="1037" taxation-threshold="14680064" timestamp="2019-06-16T00:36:21.782" intervalms="8.791" />
<cycle-start id="1038" type="partial gc" contextid="0" timestamp="2019-06-16T00:36:21.782" intervalms="22.255" />
<gc-start id="1039" type="partial gc" contextid="1038" timestamp="2019-06-16T00:36:21.782">
  <mem-info id="1040" free="26214400" total="92274688" percent="28">
    <mem type="eden" free="1048552" total="30408704" percent="3" />
    <remembered-set count="33440" freebytes="3549568" totalbytes="3683328" percent="96" regionsoverflowed="0" regionsstable="10" regionsrebuilding="1"/>
  </mem-info>
</gc-start>
<allocation-stats totalBytes="29176104" >
  <allocated-bytes non-tlh="0" tlh="29176104" arrayletleaf="0"/>
  <largest-consumer threadName="main" threadId="0000000001627700" bytes="14588064" />
</allocation-stats>
<gc-op id="1041" type="copy forward" timems="1.425" contextid="1038" timestamp="2019-06-16T00:36:21.785">
  <memory-copied type="eden" objects="1" bytes="24" bytesdiscarded="0" />
  <memory-copied type="other" objects="0" bytes="0" bytesdiscarded="0" />
  <memory-cardclean objects="18" bytes="512" />
  <regions eden="28" other="1" />
  <remembered-set-cleared processed="31496" cleared="5" durationms="0.347" />
  <stringconstants candidates="13761" cleared="0"  />
</gc-op>
<gc-op id="1042" type="classunload" timems="0.004" contextid="1038" timestamp="2019-06-16T00:36:21.785">
  <classunload-info classloadercandidates="55" classloadersunloaded="0" classesunloaded="0" anonymousclassesunloaded="0" quiescems="0.000" setupms="0.003" scanms="0.000" postms="0.000" />
</gc-op>
<gc-end id="1043" type="partial gc" contextid="1038" durationms="2.745" usertimems="4.000" systemtimems="0.000" timestamp="2019-06-16T00:36:21.785" activeThreads="1">
  <mem-info id="1044" free="55574528" total="92274688" percent="60">
    <mem type="eden" free="1048552" total="1048576" percent="99" />
    <remembered-set count="33856" freebytes="3547904" totalbytes="3683328" percent="96" regionsoverflowed="0" regionsstable="10" regionsrebuilding="1"/>
  </mem-info>
</gc-end>
<cycle-end id="1045" type="partial gc" contextid="1038" timestamp="2019-06-16T00:36:21.785" />
  <attribute name="elasticGC enabled" value="1" />
  <attribute name= "numThreadsSpecified" value="1" />
  <attribute name="heapSize specified" value="0" />
  <attribute name="Current GC Util" value="157" />
  <attribute name= "Current Time Running" value="11449" />
  <attribute name ="GC Interval" value="0" />
  <attribute name="ProportionalT" value="205.500000" />
  <attribute name="ProportionalI" value="205.500000" />
  <attribute name="ProportionalH" value="205.500000" />
  <attribute name="Current Error" value="137.000000" />
  <attribute name="IntegralT" value="0.000000" />
  <attribute name="IntegralI" value="0.000000" />
  <attribute name="IntegralH" value="0.000000" />
  <attribute name="DerivativeT" value="inf" />
  <attribute name="DerivativeI" value="inf" />
  <attribute name="DerivativeH" value="inf" />
  <attribute name="Loop Time for DT" value="0.000000" />
  <attribute name="Output H" value="8388608"/>
  <attribute name="Output I" value="200"/>
  <attribute name="Output T" value="1"/>
  <attribute name="Target GC Util Change" value ="20.000000" />
  <attribute name="Current GC Util Change" value="157.000000"/>
  <attribute name="GC Util currently" value="157" />
  <attribute name="CPU Util currently" value="12853154139273" />
<exclusive-end id="1046" timestamp="2019-06-16T00:36:21.785" durationms="3.844" />

<exclusive-start id="1047" timestamp="2019-06-16T00:36:21.793" intervalms="11.429">
  <response-info timems="0.221" idlems="0.221" threads="0" lastid="0000000001627700" lastname="main" />
</exclusive-start>
<allocation-taxation id="1048" taxation-threshold="14680064" timestamp="2019-06-16T00:36:21.793" intervalms="11.447" />
<gc-start id="1049" type="global mark phase" contextid="867" timestamp="2019-06-16T00:36:21.793">
  <mem-info id="1050" free="40894464" total="92274688" percent="44">
    <remembered-set count="33376" freebytes="3549824" totalbytes="3683328" percent="96" regionsoverflowed="0" regionsstable="10" regionsrebuilding="1"/>
  </mem-info>
</gc-start>
<gc-op id="1051" type="mark increment" timems="3.744" contextid="867" timestamp="2019-06-16T00:36:21.797">
  <trace-info objectcount="28" scancount="26" scanbytes="344816" />
  <cardclean-info objects="42384" bytes="1116568" />
  <finalization candidates="80" enqueued="0" />
  <ownableSynchronizers candidates="21" cleared="0" />
  <references type="soft" candidates="4807" cleared="0" enqueued="0" dynamicThreshold="19" maxThreshold="32" />
  <references type="weak" candidates="5599" cleared="4" enqueued="3" />
  <references type="phantom" candidates="102" cleared="1" enqueued="1" />
  <stringconstants candidates="13761" cleared="2"  />
</gc-op>
<gc-op id="1052" type="classunload" timems="0.463" contextid="867" timestamp="2019-06-16T00:36:21.798">
  <classunload-info classloadercandidates="55" classloadersunloaded="1" classesunloaded="1" anonymousclassesunloaded="0" quiescems="0.000" setupms="0.450" scanms="0.008" postms="0.005" />
</gc-op>
<gc-end id="1053" type="global mark phase" contextid="867" durationms="4.820" usertimems="4.000" systemtimems="0.000" timestamp="2019-06-16T00:36:21.798" activeThreads="1">
  <mem-info id="1054" free="40894464" total="92274688" percent="44">
    <pending-finalizers system="0" default="0" reference="4" classloader="0" />
    <remembered-set count="33888" freebytes="3547776" totalbytes="3683328" percent="96" regionsoverflowed="0" regionsstable="10" regionsrebuilding="0"/>
  </mem-info>
</gc-end>
<cycle-end id="1055" type="global mark phase" contextid="867" timestamp="2019-06-16T00:36:21.798" />
  <attribute name="elasticGC enabled" value="1" />
  <attribute name= "numThreadsSpecified" value="1" />
  <attribute name="heapSize specified" value="0" />
  <attribute name="Current GC Util" value="335" />
  <attribute name= "Current Time Running" value="11462" />
  <attribute name ="GC Interval" value="0" />
  <attribute name="ProportionalT" value="472.500000" />
  <attribute name="ProportionalI" value="472.500000" />
  <attribute name="ProportionalH" value="472.500000" />
  <attribute name="Current Error" value="315.000000" />
  <attribute name="IntegralT" value="0.000000" />
  <attribute name="IntegralI" value="0.000000" />
  <attribute name="IntegralH" value="0.000000" />
  <attribute name="DerivativeT" value="inf" />
  <attribute name="DerivativeI" value="inf" />
  <attribute name="DerivativeH" value="inf" />
  <attribute name="Loop Time for DT" value="0.000000" />
  <attribute name="Output H" value="8388608"/>
  <attribute name="Output I" value="200"/>
  <attribute name="Output T" value="1"/>
  <attribute name="Target GC Util Change" value ="20.000000" />
  <attribute name="Current GC Util Change" value="335.000000"/>
  <attribute name="GC Util currently" value="335" />
  <attribute name="CPU Util currently" value="7450701174159" />
<exclusive-end id="1056" timestamp="2019-06-16T00:36:21.799" durationms="5.615" />

<exclusive-start id="1057" timestamp="2019-06-16T00:36:21.806" intervalms="12.991">
  <response-info timems="0.018" idlems="0.018" threads="0" lastid="0000000001627700" lastname="main" />
</exclusive-start>
<allocation-taxation id="1058" taxation-threshold="14680064" timestamp="2019-06-16T00:36:21.806" intervalms="12.977" />
<cycle-start id="1059" type="partial gc" contextid="0" timestamp="2019-06-16T00:36:21.806" intervalms="24.461" />
<gc-start id="1060" type="partial gc" contextid="1059" timestamp="2019-06-16T00:36:21.807">
  <mem-info id="1061" free="26214400" total="92274688" percent="28">
    <mem type="eden" free="1048552" total="30408704" percent="3" />
    <remembered-set count="33760" freebytes="3548288" totalbytes="3683328" percent="96" regionsoverflowed="0" regionsstable="10" regionsrebuilding="0"/>
  </mem-info>
</gc-start>
<allocation-stats totalBytes="29176080" >
  <allocated-bytes non-tlh="0" tlh="29176080" arrayletleaf="0"/>
  <largest-consumer threadName="main" threadId="0000000001627700" bytes="14588040" />
</allocation-stats>
<gc-op id="1062" type="sweep" timems="1.109" contextid="1059" timestamp="2019-06-16T00:36:21.808" />
<gc-op id="1063" type="copy forward" timems="2.884" contextid="1059" timestamp="2019-06-16T00:36:21.812">
  <memory-copied type="eden" objects="1" bytes="24" bytesdiscarded="0" />
  <memory-copied type="other" objects="27" bytes="1920" bytesdiscarded="1080" />
  <memory-cardclean objects="108" bytes="5776" />
  <regions eden="14" other="2" />
  <remembered-set-cleared processed="31865" cleared="42" durationms="0.220" />
  <stringconstants candidates="13759" cleared="0"  />
</gc-op>
<gc-op id="1064" type="classunload" timems="0.004" contextid="1059" timestamp="2019-06-16T00:36:21.812">
  <classunload-info classloadercandidates="54" classloadersunloaded="0" classesunloaded="0" anonymousclassesunloaded="0" quiescems="0.000" setupms="0.003" scanms="0.000" postms="0.000" />
</gc-op>
<gc-end id="1065" type="partial gc" contextid="1059" durationms="5.605" usertimems="8.000" systemtimems="0.000" timestamp="2019-06-16T00:36:21.812" activeThreads="4">
  <mem-info id="1066" free="55574528" total="92274688" percent="60">
    <mem type="eden" free="1048552" total="1048576" percent="99" />
    <remembered-set count="34208" freebytes="3546496" totalbytes="3683328" percent="96" regionsoverflowed="0" regionsstable="10" regionsrebuilding="0"/>
  </mem-info>
</gc-end>
<cycle-end id="1067" type="partial gc" contextid="1059" timestamp="2019-06-16T00:36:21.812" />
  <attribute name="elasticGC enabled" value="1" />
  <attribute name= "numThreadsSpecified" value="4" />
  <attribute name="heapSize specified" value="0" />
  <attribute name="Current GC Util" value="167" />
  <attribute name= "Current Time Running" value="11475" />
  <attribute name ="GC Interval" value="0" />
  <attribute name="ProportionalT" value="220.500000" />
  <attribute name="ProportionalI" value="220.500000" />
  <attribute name="ProportionalH" value="220.500000" />
  <attribute name="Current Error" value="147.000000" />
  <attribute name="IntegralT" value="147.000000" />
  <attribute name="IntegralI" value="147.000000" />
  <attribute name="IntegralH" value="147.000000" />
  <attribute name="DerivativeT" value="0.500000" />
  <attribute name="DerivativeI" value="0.500000" />
  <attribute name="DerivativeH" value="0.500000" />
  <attribute name="Loop Time for DT" value="1.000000" />
  <attribute name="Output H" value="8388608"/>
  <attribute name="Output I" value="368"/>
  <attribute name="Output T" value="4"/>
  <attribute name="Target GC Util Change" value ="20.000000" />
  <attribute name="Current GC Util Change" value="167.000000"/>
  <attribute name="GC Util currently" value="167" />
  <attribute name="CPU Util currently" value="12673958624320" />
<exclusive-end id="1068" timestamp="2019-06-16T00:36:21.813" durationms="6.616" />

<exclusive-start id="1069" timestamp="2019-06-16T00:36:21.827" intervalms="21.103">
  <response-info timems="0.070" idlems="0.070" threads="0" lastid="0000000001627700" lastname="main" />
</exclusive-start>
<allocation-taxation id="1070" taxation-threshold="29360128" timestamp="2019-06-16T00:36:21.827" intervalms="21.169" />
<cycle-start id="1071" type="partial gc" contextid="0" timestamp="2019-06-16T00:36:21.828" intervalms="21.129" />
<gc-start id="1072" type="partial gc" contextid="1071" timestamp="2019-06-16T00:36:21.828">
  <mem-info id="1073" free="26214400" total="92274688" percent="28">
    <mem type="eden" free="1048552" total="30408704" percent="3" />
    <remembered-set count="17664" freebytes="3612672" totalbytes="3683328" percent="98" regionsoverflowed="0" regionsstable="11" regionsrebuilding="0"/>
  </mem-info>
</gc-start>
<allocation-stats totalBytes="29176080" >
  <allocated-bytes non-tlh="0" tlh="29176080" arrayletleaf="0"/>
  <largest-consumer threadName="main" threadId="0000000001627700" bytes="29176080" />
</allocation-stats>
<gc-op id="1074" type="copy forward" timems="3.555" contextid="1071" timestamp="2019-06-16T00:36:21.832">
  <memory-copied type="eden" objects="1" bytes="24" bytesdiscarded="0" />
  <memory-copied type="other" objects="4178" bytes="155696" bytesdiscarded="8360" />
  <memory-cardclean objects="1620" bytes="66016" />
  <regions eden="28" other="8" />
  <remembered-set-cleared processed="15123" cleared="746" durationms="0.146" />
  <references type="soft" candidates="46" cleared="0" enqueued="0" dynamicThreshold="19" maxThreshold="32" />
  <references type="weak" candidates="180" cleared="0" enqueued="0" />
  <stringconstants candidates="13759" cleared="0"  />
</gc-op>
<gc-op id="1075" type="classunload" timems="0.004" contextid="1071" timestamp="2019-06-16T00:36:21.832">
  <classunload-info classloadercandidates="54" classloadersunloaded="0" classesunloaded="0" anonymousclassesunloaded="0" quiescems="0.000" setupms="0.004" scanms="0.000" postms="0.000" />
</gc-op>
<heap-resize id="1076" type="contract" space="default" amount="5242880" count="1" timems="0.277" reason="excess free space following gc" timestamp="2019-06-16T00:36:21.833" />
<gc-end id="1077" type="partial gc" contextid="1071" durationms="5.286" usertimems="4.000" systemtimems="4.000" timestamp="2019-06-16T00:36:21.833" activeThreads="4">
  <mem-info id="1078" free="56623104" total="87031808" percent="65">
    <mem type="eden" free="1048552" total="1048576" percent="99" />
    <remembered-set count="16832" freebytes="3616000" totalbytes="3683328" percent="98" regionsoverflowed="0" regionsstable="11" regionsrebuilding="0"/>
  </mem-info>
</gc-end>
<cycle-end id="1079" type="partial gc" contextid="1071" timestamp="2019-06-16T00:36:21.833" />
  <attribute name="elasticGC enabled" value="1" />
  <attribute name= "numThreadsSpecified" value="4" />
  <attribute name="heapSize specified" value="0" />
  <attribute name="Current GC Util" value="167" />
  <attribute name= "Current Time Running" value="11495" />
  <attribute name ="GC Interval" value="0" />
  <attribute name="ProportionalT" value="220.500000" />
  <attribute name="ProportionalI" value="220.500000" />
  <attribute name="ProportionalH" value="220.500000" />
  <attribute name="Current Error" value="147.000000" />
  <attribute name="IntegralT" value="147.000000" />
  <attribute name="IntegralI" value="147.000000" />
  <attribute name="IntegralH" value="147.000000" />
  <attribute name="DerivativeT" value="63.500000" />
  <attribute name="DerivativeI" value="63.500000" />
  <attribute name="DerivativeH" value="63.500000" />
  <attribute name="Loop Time for DT" value="1.000000" />
  <attribute name="Output H" value="8388608"/>
  <attribute name="Output I" value="432"/>
  <attribute name="Output T" value="4"/>
  <attribute name="Target GC Util Change" value ="20.000000" />
  <attribute name="Current GC Util Change" value="167.000000"/>
  <attribute name="GC Util currently" value="167" />
  <attribute name="CPU Util currently" value="13416867647431" />
<exclusive-end id="1080" timestamp="2019-06-16T00:36:21.834" durationms="6.447" />

<exclusive-start id="1081" timestamp="2019-06-16T00:36:21.847" intervalms="20.347">
  <response-info timems="0.066" idlems="0.066" threads="0" lastid="0000000001627700" lastname="main" />
</exclusive-start>
<allocation-taxation id="1082" taxation-threshold="28311552" timestamp="2019-06-16T00:36:21.848" intervalms="20.347" />
<cycle-start id="1083" type="partial gc" contextid="0" timestamp="2019-06-16T00:36:21.848" intervalms="20.368" />
<gc-start id="1084" type="partial gc" contextid="1083" timestamp="2019-06-16T00:36:21.848">
  <mem-info id="1085" free="28311552" total="87031808" percent="32">
    <mem type="eden" free="1048552" total="29360128" percent="3" />
    <remembered-set count="16832" freebytes="3616000" totalbytes="3683328" percent="98" regionsoverflowed="0" regionsstable="11" regionsrebuilding="0"/>
  </mem-info>
</gc-start>
<allocation-stats totalBytes="28134096" >
  <allocated-bytes non-tlh="0" tlh="28134096" arrayletleaf="0"/>
  <largest-consumer threadName="main" threadId="0000000001627700" bytes="28134096" />
</allocation-stats>
<gc-op id="1086" type="copy forward" timems="2.366" contextid="1083" timestamp="2019-06-16T00:36:21.852">
  <memory-copied type="eden" objects="1" bytes="24" bytesdiscarded="0" />
  <memory-copied type="other" objects="4276" bytes="163160" bytesdiscarded="432" />
  <memory-cardclean objects="7298" bytes="217896" />
  <regions eden="27" other="4" />
  <remembered-set-cleared processed="14614" cleared="766" durationms="0.217" />
  <references type="soft" candidates="26" cleared="0" enqueued="0" dynamicThreshold="20" maxThreshold="32" />
  <references type="weak" candidates="9" cleared="0" enqueued="0" />
  <stringconstants candidates="13759" cleared="0"  />
</gc-op>
<gc-op id="1087" type="classunload" timems="0.004" contextid="1083" timestamp="2019-06-16T00:36:21.852">
  <classunload-info classloadercandidates="54" classloadersunloaded="0" classesunloaded="0" anonymousclassesunloaded="0" quiescems="0.000" setupms="0.004" scanms="0.000" postms="0.000" />
</gc-op>
<heap-resize id="1088" type="contract" space="default" amount="5242880" count="1" timems="0.314" reason="excess free space following gc" timestamp="2019-06-16T00:36:21.852" />
<gc-end id="1089" type="partial gc" contextid="1083" durationms="4.394" usertimems="4.000" systemtimems="0.000" timestamp="2019-06-16T00:36:21.853" activeThreads="1">
  <mem-info id="1090" free="54525952" total="81788928" percent="66">
    <mem type="eden" free="1048552" total="1048576" percent="99" />
    <remembered-set count="16096" freebytes="3409664" totalbytes="3474048" percent="98" regionsoverflowed="0" regionsstable="11" regionsrebuilding="0"/>
  </mem-info>
</gc-end>
<cycle-end id="1091" type="partial gc" contextid="1083" timestamp="2019-06-16T00:36:21.853" />
  <attribute name="elasticGC enabled" value="1" />
  <attribute name= "numThreadsSpecified" value="1" />
  <attribute name="heapSize specified" value="0" />
  <attribute name="Current GC Util" value="98" />
  <attribute name= "Current Time Running" value="11515" />
  <attribute name ="GC Interval" value="0" />
  <attribute name="ProportionalT" value="117.000000" />
  <attribute name="ProportionalI" value="117.000000" />
  <attribute name="ProportionalH" value="117.000000" />
  <attribute name="Current Error" value="78.000000" />
  <attribute name="IntegralT" value="0.000000" />
  <attribute name="IntegralI" value="0.000000" />
  <attribute name="IntegralH" value="0.000000" />
  <attribute name="DerivativeT" value="inf" />
  <attribute name="DerivativeI" value="inf" />
  <attribute name="DerivativeH" value="inf" />
  <attribute name="Loop Time for DT" value="0.000000" />
  <attribute name="Output H" value="8388608"/>
  <attribute name="Output I" value="200"/>
  <attribute name="Output T" value="1"/>
  <attribute name="Target GC Util Change" value ="20.000000" />
  <attribute name="Current GC Util Change" value="98.000000"/>
  <attribute name="GC Util currently" value="98" />
  <attribute name="CPU Util currently" value="7687065778098" />
<exclusive-end id="1092" timestamp="2019-06-16T00:36:21.853" durationms="5.649" />

<exclusive-start id="1093" timestamp="2019-06-16T00:36:21.867" intervalms="19.125">
  <response-info timems="0.066" idlems="0.066" threads="0" lastid="0000000001627700" lastname="main" />
</exclusive-start>
<allocation-taxation id="1094" taxation-threshold="27262976" timestamp="2019-06-16T00:36:21.867" intervalms="19.140" />
<cycle-start id="1095" type="partial gc" contextid="0" timestamp="2019-06-16T00:36:21.867" intervalms="19.143" />
<gc-start id="1096" type="partial gc" contextid="1095" timestamp="2019-06-16T00:36:21.867">
  <mem-info id="1097" free="27262976" total="81788928" percent="33">
    <mem type="eden" free="1048552" total="28311552" percent="3" />
    <remembered-set count="15968" freebytes="3410176" totalbytes="3474048" percent="98" regionsoverflowed="0" regionsstable="11" regionsrebuilding="0"/>
  </mem-info>
</gc-start>
<allocation-stats totalBytes="27092088" >
  <allocated-bytes non-tlh="0" tlh="27092088" arrayletleaf="0"/>
  <largest-consumer threadName="main" threadId="0000000001627700" bytes="27092088" />
</allocation-stats>
<gc-op id="1098" type="copy forward" timems="3.497" contextid="1095" timestamp="2019-06-16T00:36:21.872">
  <memory-copied type="eden" objects="1" bytes="24" bytesdiscarded="0" />
  <memory-copied type="other" objects="10580" bytes="234736" bytesdiscarded="1104" />
  <memory-cardclean objects="12733" bytes="518272" />
  <regions eden="26" other="3" />
  <remembered-set-cleared processed="14065" cleared="695" durationms="0.139" />
  <stringconstants candidates="13759" cleared="0"  />
</gc-op>
<gc-op id="1099" type="classunload" timems="0.004" contextid="1095" timestamp="2019-06-16T00:36:21.872">
  <classunload-info classloadercandidates="54" classloadersunloaded="0" classesunloaded="0" anonymousclassesunloaded="0" quiescems="0.000" setupms="0.004" scanms="0.000" postms="0.000" />
</gc-op>
<heap-resize id="1100" type="contract" space="default" amount="4194304" count="1" timems="0.297" reason="excess free space following gc" timestamp="2019-06-16T00:36:21.873" />
<gc-end id="1101" type="partial gc" contextid="1095" durationms="5.455" usertimems="8.000" systemtimems="4.000" timestamp="2019-06-16T00:36:21.873" activeThreads="4">
  <mem-info id="1102" free="52428800" total="77594624" percent="67">
    <mem type="eden" free="1048552" total="1048576" percent="99" />
    <remembered-set count="16672" freebytes="3198080" totalbytes="3264768" percent="97" regionsoverflowed="0" regionsstable="11" regionsrebuilding="0"/>
  </mem-info>
</gc-end>
<cycle-end id="1103" type="partial gc" contextid="1095" timestamp="2019-06-16T00:36:21.873" />
  <attribute name="elasticGC enabled" value="1" />
  <attribute name= "numThreadsSpecified" value="4" />
  <attribute name="heapSize specified" value="0" />
  <attribute name="Current GC Util" value="0" />
  <attribute name= "Current Time Running" value="11534" />
  <attribute name ="GC Interval" value="0" />
  <attribute name="ProportionalT" value="-30.000000" />
  <attribute name="ProportionalI" value="-30.000000" />
  <attribute name="ProportionalH" value="-30.000000" />
  <attribute name="Current Error" value="-20.000000" />
  <attribute name="IntegralT" value="0.000000" />
  <attribute name="IntegralI" value="0.000000" />
  <attribute name="IntegralH" value="0.000000" />
  <attribute name="DerivativeT" value="-inf" />
  <attribute name="DerivativeI" value="-inf" />
  <attribute name="DerivativeH" value="-inf" />
  <attribute name="Loop Time for DT" value="0.000000" />
  <attribute name="Output H" value="2091843584"/>
  <attribute name="Output I" value="200"/>
  <attribute name="Output T" value="4"/>
  <attribute name="Target GC Util Change" value ="20.000000" />
  <attribute name="Current GC Util Change" value="0.000000"/>
  <attribute name="GC Util currently" value="0" />
  <attribute name="CPU Util currently" value="7780547304003" />
<exclusive-end id="1104" timestamp="2019-06-16T00:36:21.873" durationms="6.787" />

<exclusive-start id="1105" timestamp="2019-06-16T00:36:21.880" intervalms="13.158">
  <response-info timems="0.062" idlems="0.062" threads="0" lastid="0000000001627700" lastname="main" />
</exclusive-start>
<allocation-taxation id="1106" taxation-threshold="12582912" timestamp="2019-06-16T00:36:21.880" intervalms="13.123" />
<cycle-start id="1107" type="global mark phase" contextid="0" timestamp="2019-06-16T00:36:21.880" intervalms="315.235" />
<gc-start id="1108" type="global mark phase" contextid="1107" timestamp="2019-06-16T00:36:21.880">
  <mem-info id="1109" free="39845888" total="77594624" percent="51">
    <remembered-set count="16672" freebytes="3198080" totalbytes="3264768" percent="97" regionsoverflowed="0" regionsstable="11" regionsrebuilding="0"/>
  </mem-info>
</gc-start>
<gc-op id="1110" type="mark increment" timems="1.210" contextid="1107" timestamp="2019-06-16T00:36:21.882">
  <trace-info objectcount="176" scancount="0" scanbytes="0" />
</gc-op>
<gc-end id="1111" type="global mark phase" contextid="1107" durationms="1.510" usertimems="0.000" systemtimems="0.000" timestamp="2019-06-16T00:36:21.882" activeThreads="4">
  <mem-info id="1112" free="39845888" total="77594624" percent="51">
    <remembered-set count="16672" freebytes="3198080" totalbytes="3264768" percent="97" regionsoverflowed="0" regionsstable="0" regionsrebuilding="11"/>
  </mem-info>
</gc-end>
<concurrent-start id="1113" type="GMP work packet processing" contextid="1107" timestamp="2019-06-16T00:36:21.882">
  <concurrent-mark-start scanTarget="1672649" />
</concurrent-start>
<exclusive-end id="1114" timestamp="2019-06-16T00:36:21.884" durationms="4.584" />

<concurrent-end id="1115" type="GMP work packet processing" contextid="1107" timestamp="2019-06-16T00:36:21.884">
  <concurrent-mark-end bytesScanned="1724388" reasonForTermination="Work target met" />
</concurrent-end>

<exclusive-start id="1116" timestamp="2019-06-16T00:36:21.891" intervalms="10.903">
  <response-info timems="0.083" idlems="0.083" threads="0" lastid="0000000001627700" lastname="main" />
</exclusive-start>
<allocation-taxation id="1117" taxation-threshold="12582912" timestamp="2019-06-16T00:36:21.891" intervalms="10.871" />
<cycle-start id="1118" type="partial gc" contextid="0" timestamp="2019-06-16T00:36:21.891" intervalms="23.989" />
<gc-start id="1119" type="partial gc" contextid="1118" timestamp="2019-06-16T00:36:21.891">
  <mem-info id="1120" free="27262976" total="77594624" percent="35">
    <mem type="eden" free="1048552" total="26214400" percent="3" />
    <remembered-set count="24448" freebytes="3166976" totalbytes="3264768" percent="97" regionsoverflowed="0" regionsstable="0" regionsrebuilding="11"/>
  </mem-info>
</gc-start>
<allocation-stats totalBytes="25008072" >
  <allocated-bytes non-tlh="0" tlh="25008072" arrayletleaf="0"/>
  <largest-consumer threadName="main" threadId="0000000001627700" bytes="12504048" />
</allocation-stats>
<gc-op id="1121" type="copy forward" timems="3.502" contextid="1118" timestamp="2019-06-16T00:36:21.896">
  <memory-copied type="eden" objects="1" bytes="24" bytesdiscarded="0" />
  <memory-copied type="other" objects="22809" bytes="483832" bytesdiscarded="808" />
  <memory-cardclean objects="4585" bytes="273032" />
  <regions eden="24" other="3" />
  <remembered-set-cleared processed="22002" cleared="384" durationms="0.243" />
  <references type="soft" candidates="60" cleared="0" enqueued="0" dynamicThreshold="16" maxThreshold="32" />
  <references type="weak" candidates="6" cleared="0" enqueued="0" />
  <stringconstants candidates="13759" cleared="0"  />
</gc-op>
<gc-op id="1122" type="classunload" timems="0.004" contextid="1118" timestamp="2019-06-16T00:36:21.896">
  <classunload-info classloadercandidates="54" classloadersunloaded="0" classesunloaded="0" anonymousclassesunloaded="0" quiescems="0.000" setupms="0.003" scanms="0.000" postms="0.000" />
</gc-op>
<heap-resize id="1123" type="contract" space="default" amount="4194304" count="1" timems="0.284" reason="excess free space following gc" timestamp="2019-06-16T00:36:21.897" />
<gc-end id="1124" type="partial gc" contextid="1118" durationms="5.494" usertimems="4.000" systemtimems="0.000" timestamp="2019-06-16T00:36:21.897" activeThreads="1">
  <mem-info id="1125" free="50331648" total="73400320" percent="68">
    <mem type="eden" free="1048552" total="1048576" percent="99" />
    <remembered-set count="25632" freebytes="2994816" totalbytes="3097344" percent="96" regionsoverflowed="0" regionsstable="0" regionsrebuilding="11"/>
  </mem-info>
</gc-end>
<cycle-end id="1126" type="partial gc" contextid="1118" timestamp="2019-06-16T00:36:21.897" />
  <attribute name="elasticGC enabled" value="1" />
  <attribute name= "numThreadsSpecified" value="1" />
  <attribute name="heapSize specified" value="0" />
  <attribute name="Current GC Util" value="101" />
  <attribute name= "Current Time Running" value="11558" />
  <attribute name ="GC Interval" value="0" />
  <attribute name="ProportionalT" value="121.500000" />
  <attribute name="ProportionalI" value="121.500000" />
  <attribute name="ProportionalH" value="121.500000" />
  <attribute name="Current Error" value="81.000000" />
  <attribute name="IntegralT" value="0.000000" />
  <attribute name="IntegralI" value="0.000000" />
  <attribute name="IntegralH" value="0.000000" />
  <attribute name="DerivativeT" value="inf" />
  <attribute name="DerivativeI" value="inf" />
  <attribute name="DerivativeH" value="inf" />
  <attribute name="Loop Time for DT" value="0.000000" />
  <attribute name="Output H" value="8388608"/>
  <attribute name="Output I" value="200"/>
  <attribute name="Output T" value="1"/>
  <attribute name="Target GC Util Change" value ="20.000000" />
  <attribute name="Current GC Util Change" value="101.000000"/>
  <attribute name="GC Util currently" value="101" />
  <attribute name="CPU Util currently" value="7901065478670" />
<exclusive-end id="1127" timestamp="2019-06-16T00:36:21.897" durationms="6.651" />

<exclusive-start id="1128" timestamp="2019-06-16T00:36:21.904" intervalms="13.164">
  <response-info timems="0.210" idlems="0.210" threads="0" lastid="0000000001627700" lastname="main" />
</exclusive-start>
<allocation-taxation id="1129" taxation-threshold="12582912" timestamp="2019-06-16T00:36:21.904" intervalms="13.207" />
<gc-start id="1130" type="global mark phase" contextid="1107" timestamp="2019-06-16T00:36:21.904">
  <mem-info id="1131" free="37748736" total="73400320" percent="51">
    <remembered-set count="24352" freebytes="2999936" totalbytes="3097344" percent="96" regionsoverflowed="0" regionsstable="1" regionsrebuilding="11"/>
  </mem-info>
</gc-start>
<gc-end id="1132" type="global mark phase" contextid="1107" durationms="0.206" usertimems="0.000" systemtimems="0.000" timestamp="2019-06-16T00:36:21.904" activeThreads="1">
  <mem-info id="1133" free="37748736" total="73400320" percent="51">
    <remembered-set count="24352" freebytes="2999936" totalbytes="3097344" percent="96" regionsoverflowed="0" regionsstable="1" regionsrebuilding="11"/>
  </mem-info>
</gc-end>
<concurrent-start id="1134" type="GMP work packet processing" contextid="1107" timestamp="2019-06-16T00:36:21.905">
  <concurrent-mark-start scanTarget="1048576" />
</concurrent-start>
<exclusive-end id="1135" timestamp="2019-06-16T00:36:21.906" durationms="1.942" />

<concurrent-end id="1136" type="GMP work packet processing" contextid="1107" timestamp="2019-06-16T00:36:21.906">
  <concurrent-mark-end bytesScanned="1095848" reasonForTermination="Work target met" />
</concurrent-end>

<exclusive-start id="1137" timestamp="2019-06-16T00:36:21.912" intervalms="8.352">
  <response-info timems="0.067" idlems="0.067" threads="0" lastid="0000000001627700" lastname="main" />
</exclusive-start>
<allocation-taxation id="1138" taxation-threshold="12582912" timestamp="2019-06-16T00:36:21.912" intervalms="8.351" />
<cycle-start id="1139" type="partial gc" contextid="0" timestamp="2019-06-16T00:36:21.913" intervalms="21.616" />
<gc-start id="1140" type="partial gc" contextid="1139" timestamp="2019-06-16T00:36:21.913">
  <mem-info id="1141" free="25165824" total="73400320" percent="34">
    <mem type="eden" free="1048552" total="26214400" percent="3" />
    <remembered-set count="34592" freebytes="2958976" totalbytes="3097344" percent="95" regionsoverflowed="0" regionsstable="1" regionsrebuilding="11"/>
  </mem-info>
</gc-start>
<allocation-stats totalBytes="25008072" >
  <allocated-bytes non-tlh="0" tlh="25008072" arrayletleaf="0"/>
  <largest-consumer threadName="main" threadId="0000000001627700" bytes="12504024" />
</allocation-stats>
<gc-op id="1142" type="copy forward" timems="5.276" contextid="1139" timestamp="2019-06-16T00:36:21.919">
  <memory-copied type="eden" objects="1" bytes="24" bytesdiscarded="0" />
  <memory-copied type="other" objects="30439" bytes="831728" bytesdiscarded="43240" />
  <memory-cardclean objects="50704" bytes="1812456" />
  <regions eden="24" other="3" />
  <remembered-set-cleared processed="25292" cleared="10821" durationms="0.177" />
  <references type="soft" candidates="778" cleared="0" enqueued="0" dynamicThreshold="16" maxThreshold="32" />
  <references type="weak" candidates="80" cleared="0" enqueued="0" />
  <stringconstants candidates="13759" cleared="0"  />
</gc-op>
<gc-op id="1143" type="classunload" timems="0.005" contextid="1139" timestamp="2019-06-16T00:36:21.920">
  <classunload-info classloadercandidates="54" classloadersunloaded="0" classesunloaded="0" anonymousclassesunloaded="0" quiescems="0.000" setupms="0.005" scanms="0.000" postms="0.000" />
</gc-op>
<heap-resize id="1144" type="contract" space="default" amount="4194304" count="1" timems="0.285" reason="excess free space following gc" timestamp="2019-06-16T00:36:21.920" />
<gc-end id="1145" type="partial gc" contextid="1139" durationms="7.222" usertimems="12.000" systemtimems="4.000" timestamp="2019-06-16T00:36:21.920" activeThreads="4">
  <mem-info id="1146" free="47185920" total="69206016" percent="68">
    <mem type="eden" free="1048552" total="1048576" percent="99" />
    <remembered-set count="29632" freebytes="2811392" totalbytes="2929920" percent="95" regionsoverflowed="0" regionsstable="1" regionsrebuilding="11"/>
  </mem-info>
</gc-end>
<cycle-end id="1147" type="partial gc" contextid="1139" timestamp="2019-06-16T00:36:21.920" />
  <attribute name="elasticGC enabled" value="1" />
  <attribute name= "numThreadsSpecified" value="4" />
  <attribute name="heapSize specified" value="0" />
  <attribute name="Current GC Util" value="108" />
  <attribute name= "Current Time Running" value="11580" />
  <attribute name ="GC Interval" value="0" />
  <attribute name="ProportionalT" value="132.000000" />
  <attribute name="ProportionalI" value="132.000000" />
  <attribute name="ProportionalH" value="132.000000" />
  <attribute name="Current Error" value="88.000000" />
  <attribute name="IntegralT" value="88.000000" />
  <attribute name="IntegralI" value="88.000000" />
  <attribute name="IntegralH" value="88.000000" />
  <attribute name="DerivativeT" value="33.000000" />
  <attribute name="DerivativeI" value="33.000000" />
  <attribute name="DerivativeH" value="33.000000" />
  <attribute name="Loop Time for DT" value="1.000000" />
  <attribute name="Output H" value="8388608"/>
  <attribute name="Output I" value="256"/>
  <attribute name="Output T" value="4"/>
  <attribute name="Target GC Util Change" value ="20.000000" />
  <attribute name="Current GC Util Change" value="108.000000"/>
  <attribute name="GC Util currently" value="108" />
  <attribute name="CPU Util currently" value="7753104306348" />
<exclusive-end id="1148" timestamp="2019-06-16T00:36:21.921" durationms="8.520" />

<exclusive-start id="1149" timestamp="2019-06-16T00:36:21.927" intervalms="14.374">
  <response-info timems="0.065" idlems="0.065" threads="0" lastid="0000000001627700" lastname="main" />
</exclusive-start>
<allocation-taxation id="1150" taxation-threshold="11534336" timestamp="2019-06-16T00:36:21.927" intervalms="14.328" />
<gc-start id="1151" type="global mark phase" contextid="1107" timestamp="2019-06-16T00:36:21.927">
  <mem-info id="1152" free="35651584" total="69206016" percent="51">
    <remembered-set count="29632" freebytes="2811392" totalbytes="2929920" percent="95" regionsoverflowed="0" regionsstable="1" regionsrebuilding="11"/>
  </mem-info>
</gc-start>
<gc-end id="1153" type="global mark phase" contextid="1107" durationms="0.150" usertimems="0.000" systemtimems="0.000" timestamp="2019-06-16T00:36:21.927" activeThreads="4">
  <mem-info id="1154" free="35651584" total="69206016" percent="51">
    <remembered-set count="29632" freebytes="2811392" totalbytes="2929920" percent="95" regionsoverflowed="0" regionsstable="1" regionsrebuilding="11"/>
  </mem-info>
</gc-end>
<concurrent-start id="1155" type="GMP work packet processing" contextid="1107" timestamp="2019-06-16T00:36:21.927">
  <concurrent-mark-start scanTarget="1672649" />
</concurrent-start>
<exclusive-end id="1156" timestamp="2019-06-16T00:36:21.929" durationms="2.137" />

<concurrent-end id="1157" type="GMP work packet processing" contextid="1107" timestamp="2019-06-16T00:36:21.929">
  <concurrent-mark-end bytesScanned="1745940" reasonForTermination="Work target met" />
</concurrent-end>

<exclusive-start id="1158" timestamp="2019-06-16T00:36:21.935" intervalms="8.119">
  <response-info timems="0.104" idlems="0.104" threads="0" lastid="0000000001627700" lastname="main" />
</exclusive-start>
<allocation-taxation id="1159" taxation-threshold="11534336" timestamp="2019-06-16T00:36:21.935" intervalms="8.111" />
<cycle-start id="1160" type="partial gc" contextid="0" timestamp="2019-06-16T00:36:21.935" intervalms="22.359" />
<gc-start id="1161" type="partial gc" contextid="1160" timestamp="2019-06-16T00:36:21.935">
  <mem-info id="1162" free="24117248" total="69206016" percent="34">
    <mem type="eden" free="1048552" total="24117248" percent="4" />
    <remembered-set count="43456" freebytes="2756096" totalbytes="2929920" percent="94" regionsoverflowed="0" regionsstable="1" regionsrebuilding="11"/>
  </mem-info>
</gc-start>
<allocation-stats totalBytes="22924080" >
  <allocated-bytes non-tlh="0" tlh="22924080" arrayletleaf="0"/>
  <largest-consumer threadName="main" threadId="0000000001627700" bytes="11462040" />
</allocation-stats>
<gc-op id="1163" type="copy forward" timems="5.648" contextid="1160" timestamp="2019-06-16T00:36:21.942">
  <memory-copied type="eden" objects="1" bytes="24" bytesdiscarded="0" />
  <memory-copied type="other" objects="14619" bytes="552632" bytesdiscarded="376" />
  <memory-cardclean objects="20021" bytes="803416" />
  <regions eden="22" other="2" />
  <remembered-set-cleared processed="38984" cleared="7083" durationms="0.382" />
  <finalization candidates="35" enqueued="0" />
  <references type="soft" candidates="617" cleared="0" enqueued="0" dynamicThreshold="16" maxThreshold="32" />
  <references type="weak" candidates="893" cleared="0" enqueued="0" />
  <references type="phantom" candidates="7" cleared="0" enqueued="0" />
  <stringconstants candidates="13759" cleared="0"  />
</gc-op>
<gc-op id="1164" type="classunload" timems="0.005" contextid="1160" timestamp="2019-06-16T00:36:21.942">
  <classunload-info classloadercandidates="54" classloadersunloaded="0" classesunloaded="0" anonymousclassesunloaded="0" quiescems="0.000" setupms="0.005" scanms="0.000" postms="0.000" />
</gc-op>
<heap-resize id="1165" type="contract" space="default" amount="4194304" count="1" timems="0.268" reason="excess free space following gc" timestamp="2019-06-16T00:36:21.943" />
<gc-end id="1166" type="partial gc" contextid="1160" durationms="7.481" usertimems="12.000" systemtimems="0.000" timestamp="2019-06-16T00:36:21.943" activeThreads="1">
  <mem-info id="1167" free="42991616" total="65011712" percent="66">
    <mem type="eden" free="1048552" total="1048576" percent="99" />
    <remembered-set count="42880" freebytes="2590976" totalbytes="2762496" percent="93" regionsoverflowed="0" regionsstable="1" regionsrebuilding="11"/>
  </mem-info>
</gc-end>
<cycle-end id="1168" type="partial gc" contextid="1160" timestamp="2019-06-16T00:36:21.943" />
  <attribute name="elasticGC enabled" value="1" />
  <attribute name= "numThreadsSpecified" value="1" />
  <attribute name="heapSize specified" value="0" />
  <attribute name="Current GC Util" value="109" />
  <attribute name= "Current Time Running" value="11602" />
  <attribute name ="GC Interval" value="0" />
  <attribute name="ProportionalT" value="133.500000" />
  <attribute name="ProportionalI" value="133.500000" />
  <attribute name="ProportionalH" value="133.500000" />
  <attribute name="Current Error" value="89.000000" />
  <attribute name="IntegralT" value="0.000000" />
  <attribute name="IntegralI" value="0.000000" />
  <attribute name="IntegralH" value="0.000000" />
  <attribute name="DerivativeT" value="inf" />
  <attribute name="DerivativeI" value="inf" />
  <attribute name="DerivativeH" value="inf" />
  <attribute name="Loop Time for DT" value="0.000000" />
  <attribute name="Output H" value="8388608"/>
  <attribute name="Output I" value="200"/>
  <attribute name="Output T" value="1"/>
  <attribute name="Target GC Util Change" value ="20.000000" />
  <attribute name="Current GC Util Change" value="109.000000"/>
  <attribute name="GC Util currently" value="109" />
  <attribute name="CPU Util currently" value="8540080178509" />
<exclusive-end id="1169" timestamp="2019-06-16T00:36:21.943" durationms="8.590" />

<exclusive-start id="1170" timestamp="2019-06-16T00:36:21.949" intervalms="14.481">
  <response-info timems="0.063" idlems="0.063" threads="0" lastid="0000000001627700" lastname="main" />
</exclusive-start>
<allocation-taxation id="1171" taxation-threshold="11534336" timestamp="2019-06-16T00:36:21.949" intervalms="14.524" />
<gc-start id="1172" type="global mark phase" contextid="1107" timestamp="2019-06-16T00:36:21.950">
  <mem-info id="1173" free="31457280" total="65011712" percent="48">
    <remembered-set count="42432" freebytes="2592768" totalbytes="2762496" percent="93" regionsoverflowed="0" regionsstable="1" regionsrebuilding="11"/>
  </mem-info>
</gc-start>
<gc-end id="1174" type="global mark phase" contextid="1107" durationms="0.209" usertimems="0.000" systemtimems="0.000" timestamp="2019-06-16T00:36:21.950" activeThreads="1">
  <mem-info id="1175" free="31457280" total="65011712" percent="48">
    <remembered-set count="42432" freebytes="2592768" totalbytes="2762496" percent="93" regionsoverflowed="0" regionsstable="1" regionsrebuilding="11"/>
  </mem-info>
</gc-end>
<concurrent-start id="1176" type="GMP work packet processing" contextid="1107" timestamp="2019-06-16T00:36:21.950">
  <concurrent-mark-start scanTarget="1048576" />
</concurrent-start>
<exclusive-end id="1177" timestamp="2019-06-16T00:36:21.950" durationms="1.099" />

<concurrent-end id="1178" type="GMP work packet processing" contextid="1107" timestamp="2019-06-16T00:36:21.951">
  <concurrent-mark-end bytesScanned="1094232" reasonForTermination="Work target met" />
</concurrent-end>

<exclusive-start id="1179" timestamp="2019-06-16T00:36:21.957" intervalms="7.702">
  <response-info timems="0.077" idlems="0.077" threads="0" lastid="0000000001627700" lastname="main" />
</exclusive-start>
<allocation-taxation id="1180" taxation-threshold="11534336" timestamp="2019-06-16T00:36:21.957" intervalms="7.716" />
<cycle-start id="1181" type="partial gc" contextid="0" timestamp="2019-06-16T00:36:21.957" intervalms="22.291" />
<gc-start id="1182" type="partial gc" contextid="1181" timestamp="2019-06-16T00:36:21.958">
  <mem-info id="1183" free="19922944" total="65011712" percent="30">
    <mem type="eden" free="1048552" total="24117248" percent="4" />
    <remembered-set count="48064" freebytes="2570240" totalbytes="2762496" percent="93" regionsoverflowed="0" regionsstable="1" regionsrebuilding="11"/>
  </mem-info>
</gc-start>
<allocation-stats totalBytes="22924056" >
  <allocated-bytes non-tlh="0" tlh="22924056" arrayletleaf="0"/>
  <largest-consumer threadName="main" threadId="0000000001627700" bytes="11462016" />
</allocation-stats>
<gc-op id="1184" type="copy forward" timems="3.709" contextid="1181" timestamp="2019-06-16T00:36:21.962">
  <memory-copied type="eden" objects="1" bytes="24" bytesdiscarded="0" />
  <memory-copied type="other" objects="0" bytes="0" bytesdiscarded="0" />
  <memory-cardclean objects="2796" bytes="233312" />
  <regions eden="22" other="1" />
  <remembered-set-cleared processed="45511" cleared="537" durationms="0.217" />
  <stringconstants candidates="13759" cleared="0"  />
</gc-op>
<gc-op id="1185" type="classunload" timems="0.004" contextid="1181" timestamp="2019-06-16T00:36:21.962">
  <classunload-info classloadercandidates="54" classloadersunloaded="0" classesunloaded="0" anonymousclassesunloaded="0" quiescems="0.000" setupms="0.004" scanms="0.000" postms="0.000" />
</gc-op>
<heap-resize id="1186" type="contract" space="default" amount="4194304" count="1" timems="0.355" reason="excess free space following gc" timestamp="2019-06-16T00:36:21.963" />
<gc-end id="1187" type="partial gc" contextid="1181" durationms="5.607" usertimems="20.000" systemtimems="0.000" timestamp="2019-06-16T00:36:21.963" activeThreads="4">
  <mem-info id="1188" free="38797312" total="60817408" percent="63">
    <mem type="eden" free="1048552" total="1048576" percent="99" />
    <remembered-set count="47712" freebytes="2404224" totalbytes="2595072" percent="92" regionsoverflowed="0" regionsstable="1" regionsrebuilding="11"/>
  </mem-info>
</gc-end>
<cycle-end id="1189" type="partial gc" contextid="1181" timestamp="2019-06-16T00:36:21.963" />
  <attribute name="elasticGC enabled" value="1" />
  <attribute name= "numThreadsSpecified" value="4" />
  <attribute name="heapSize specified" value="0" />
  <attribute name="Current GC Util" value="105" />
  <attribute name= "Current Time Running" value="11625" />
  <attribute name ="GC Interval" value="0" />
  <attribute name="ProportionalT" value="127.500000" />
  <attribute name="ProportionalI" value="127.500000" />
  <attribute name="ProportionalH" value="127.500000" />
  <attribute name="Current Error" value="85.000000" />
  <attribute name="IntegralT" value="85.000000" />
  <attribute name="IntegralI" value="85.000000" />
  <attribute name="IntegralH" value="85.000000" />
  <attribute name="DerivativeT" value="33.000000" />
  <attribute name="DerivativeI" value="33.000000" />
  <attribute name="DerivativeH" value="33.000000" />
  <attribute name="Loop Time for DT" value="1.000000" />
  <attribute name="Output H" value="8388608"/>
  <attribute name="Output I" value="248"/>
  <attribute name="Output T" value="4"/>
  <attribute name="Target GC Util Change" value ="20.000000" />
  <attribute name="Current GC Util Change" value="105.000000"/>
  <attribute name="GC Util currently" value="105" />
  <attribute name="CPU Util currently" value="8557956633012" />
<exclusive-end id="1190" timestamp="2019-06-16T00:36:21.964" durationms="6.770" />

<exclusive-start id="1191" timestamp="2019-06-16T00:36:21.969" intervalms="11.999">
  <response-info timems="0.029" idlems="0.029" threads="0" lastid="0000000001627700" lastname="main" />
</exclusive-start>
<allocation-taxation id="1192" taxation-threshold="10485760" timestamp="2019-06-16T00:36:21.969" intervalms="11.944" />
<gc-start id="1193" type="global mark phase" contextid="1107" timestamp="2019-06-16T00:36:21.969">
  <mem-info id="1194" free="28311552" total="60817408" percent="46">
    <remembered-set count="47712" freebytes="2404224" totalbytes="2595072" percent="92" regionsoverflowed="0" regionsstable="1" regionsrebuilding="11"/>
  </mem-info>
</gc-start>
<gc-end id="1195" type="global mark phase" contextid="1107" durationms="0.153" usertimems="0.000" systemtimems="0.000" timestamp="2019-06-16T00:36:21.969" activeThreads="4">
  <mem-info id="1196" free="28311552" total="60817408" percent="46">
    <remembered-set count="47712" freebytes="2404224" totalbytes="2595072" percent="92" regionsoverflowed="0" regionsstable="1" regionsrebuilding="11"/>
  </mem-info>
</gc-end>
<concurrent-start id="1197" type="GMP work packet processing" contextid="1107" timestamp="2019-06-16T00:36:21.970">
  <concurrent-mark-start scanTarget="1672649" />
</concurrent-start>
<exclusive-end id="1198" timestamp="2019-06-16T00:36:21.971" durationms="2.033" />

<concurrent-end id="1199" type="GMP work packet processing" contextid="1107" timestamp="2019-06-16T00:36:21.971">
  <concurrent-mark-end bytesScanned="1715280" reasonForTermination="Work target met" />
</concurrent-end>

<exclusive-start id="1200" timestamp="2019-06-16T00:36:21.976" intervalms="7.399">
  <response-info timems="0.064" idlems="0.064" threads="0" lastid="0000000001627700" lastname="main" />
</exclusive-start>
<allocation-taxation id="1201" taxation-threshold="10485760" timestamp="2019-06-16T00:36:21.976" intervalms="7.366" />
<cycle-start id="1202" type="partial gc" contextid="0" timestamp="2019-06-16T00:36:21.977" intervalms="19.286" />
<gc-start id="1203" type="partial gc" contextid="1202" timestamp="2019-06-16T00:36:21.977">
  <mem-info id="1204" free="17825792" total="60817408" percent="29">
    <mem type="eden" free="1048552" total="22020096" percent="4" />
    <remembered-set count="60000" freebytes="2355072" totalbytes="2595072" percent="90" regionsoverflowed="0" regionsstable="1" regionsrebuilding="11"/>
  </mem-info>
</gc-start>
<allocation-stats totalBytes="20840064" >
  <allocated-bytes non-tlh="0" tlh="20840064" arrayletleaf="0"/>
  <largest-consumer threadName="main" threadId="0000000001627700" bytes="10420032" />
</allocation-stats>
<gc-op id="1205" type="copy forward" timems="3.928" contextid="1202" timestamp="2019-06-16T00:36:21.982">
  <memory-copied type="eden" objects="1" bytes="24" bytesdiscarded="0" />
  <memory-copied type="other" objects="0" bytes="0" bytesdiscarded="0" />
  <memory-cardclean objects="26855" bytes="942528" />
  <regions eden="20" other="1" />
  <remembered-set-cleared processed="55778" cleared="5849" durationms="0.337" />
  <stringconstants candidates="13759" cleared="0"  />
</gc-op>
<gc-op id="1206" type="classunload" timems="0.006" contextid="1202" timestamp="2019-06-16T00:36:21.982">
  <classunload-info classloadercandidates="54" classloadersunloaded="0" classesunloaded="0" anonymousclassesunloaded="0" quiescems="0.000" setupms="0.006" scanms="0.000" postms="0.000" />
</gc-op>
<heap-resize id="1207" type="contract" space="default" amount="3145728" count="1" timems="0.281" reason="excess free space following gc" timestamp="2019-06-16T00:36:21.982" />
<gc-end id="1208" type="partial gc" contextid="1202" durationms="5.708" usertimems="16.000" systemtimems="0.000" timestamp="2019-06-16T00:36:21.983" activeThreads="4">
  <mem-info id="1209" free="35651584" total="57671680" percent="61">
    <mem type="eden" free="1048552" total="1048576" percent="99" />
    <remembered-set count="57152" freebytes="2199040" totalbytes="2427648" percent="90" regionsoverflowed="0" regionsstable="1" regionsrebuilding="11"/>
  </mem-info>
</gc-end>
<cycle-end id="1210" type="partial gc" contextid="1202" timestamp="2019-06-16T00:36:21.983" />
  <attribute name="elasticGC enabled" value="1" />
  <attribute name= "numThreadsSpecified" value="4" />
  <attribute name="heapSize specified" value="0" />
  <attribute name="Current GC Util" value="115" />
  <attribute name= "Current Time Running" value="11644" />
  <attribute name ="GC Interval" value="0" />
  <attribute name="ProportionalT" value="142.500000" />
  <attribute name="ProportionalI" value="142.500000" />
  <attribute name="ProportionalH" value="142.500000" />
  <attribute name="Current Error" value="95.000000" />
  <attribute name="IntegralT" value="95.000000" />
  <attribute name="IntegralI" value="95.000000" />
  <attribute name="IntegralH" value="95.000000" />
  <attribute name="DerivativeT" value="31.500000" />
  <attribute name="DerivativeI" value="31.500000" />
  <attribute name="DerivativeH" value="31.500000" />
  <attribute name="Loop Time for DT" value="1.000000" />
  <attribute name="Output H" value="8388608"/>
  <attribute name="Output I" value="272"/>
  <attribute name="Output T" value="4"/>
  <attribute name="Target GC Util Change" value ="20.000000" />
  <attribute name="Current GC Util Change" value="115.000000"/>
  <attribute name="GC Util currently" value="115" />
  <attribute name="CPU Util currently" value="8724125203414" />
<exclusive-end id="1211" timestamp="2019-06-16T00:36:21.983" durationms="6.730" />

<exclusive-start id="1212" timestamp="2019-06-16T00:36:21.988" intervalms="12.088">
  <response-info timems="0.064" idlems="0.064" threads="0" lastid="0000000001627700" lastname="main" />
</exclusive-start>
<allocation-taxation id="1213" taxation-threshold="10485760" timestamp="2019-06-16T00:36:21.989" intervalms="12.174" />
<gc-start id="1214" type="global mark phase" contextid="1107" timestamp="2019-06-16T00:36:21.989">
  <mem-info id="1215" free="25165824" total="57671680" percent="43">
    <remembered-set count="57152" freebytes="2199040" totalbytes="2427648" percent="90" regionsoverflowed="0" regionsstable="1" regionsrebuilding="11"/>
  </mem-info>
</gc-start>
<gc-end id="1216" type="global mark phase" contextid="1107" durationms="0.196" usertimems="0.000" systemtimems="0.000" timestamp="2019-06-16T00:36:21.989" activeThreads="4">
  <mem-info id="1217" free="25165824" total="57671680" percent="43">
    <remembered-set count="57152" freebytes="2199040" totalbytes="2427648" percent="90" regionsoverflowed="0" regionsstable="1" regionsrebuilding="11"/>
  </mem-info>
</gc-end>
<concurrent-start id="1218" type="GMP work packet processing" contextid="1107" timestamp="2019-06-16T00:36:21.989">
  <concurrent-mark-start scanTarget="1672649" />
</concurrent-start>
<exclusive-end id="1219" timestamp="2019-06-16T00:36:21.991" durationms="2.378" />

<concurrent-end id="1220" type="GMP work packet processing" contextid="1107" timestamp="2019-06-16T00:36:21.991">
  <concurrent-mark-end bytesScanned="1723704" reasonForTermination="Work target met" />
</concurrent-end>

<exclusive-start id="1221" timestamp="2019-06-16T00:36:22.014" intervalms="26.067">
  <response-info timems="0.038" idlems="0.038" threads="0" lastid="0000000001627700" lastname="main" />
</exclusive-start>
<allocation-taxation id="1222" taxation-threshold="10485760" timestamp="2019-06-16T00:36:22.015" intervalms="26.021" />
<cycle-start id="1223" type="partial gc" contextid="0" timestamp="2019-06-16T00:36:22.015" intervalms="38.125" />
<gc-start id="1224" type="partial gc" contextid="1223" timestamp="2019-06-16T00:36:22.015">
  <mem-info id="1225" free="14680064" total="57671680" percent="25">
    <mem type="eden" free="1048552" total="22020096" percent="4" />
    <remembered-set count="64448" freebytes="2169856" totalbytes="2427648" percent="89" regionsoverflowed="0" regionsstable="1" regionsrebuilding="11"/>
  </mem-info>
</gc-start>
<allocation-stats totalBytes="20904040" >
  <allocated-bytes non-tlh="0" tlh="20904040" arrayletleaf="0"/>
  <largest-consumer threadName="main" threadId="0000000001627700" bytes="10484008" />
</allocation-stats>
<gc-op id="1226" type="copy forward" timems="1.708" contextid="1223" timestamp="2019-06-16T00:36:22.018">
  <memory-copied type="eden" objects="151" bytes="4968" bytesdiscarded="0" />
  <memory-copied type="other" objects="0" bytes="0" bytesdiscarded="0" />
  <memory-cardclean objects="90" bytes="2880" />
  <regions eden="20" other="1" />
  <remembered-set-cleared processed="62469" cleared="39" durationms="0.470" />
  <stringconstants candidates="13759" cleared="0"  />
</gc-op>
<gc-op id="1227" type="classunload" timems="0.004" contextid="1223" timestamp="2019-06-16T00:36:22.018">
  <classunload-info classloadercandidates="54" classloadersunloaded="0" classesunloaded="0" anonymousclassesunloaded="0" quiescems="0.000" setupms="0.004" scanms="0.000" postms="0.000" />
</gc-op>
<heap-resize id="1228" type="contract" space="default" amount="1048576" count="1" timems="0.179" reason="excess free space following gc" timestamp="2019-06-16T00:36:22.018" />
<gc-end id="1229" type="partial gc" contextid="1223" durationms="3.562" usertimems="4.000" systemtimems="0.000" timestamp="2019-06-16T00:36:22.019" activeThreads="1">
  <mem-info id="1230" free="34603008" total="56623104" percent="61">
    <mem type="eden" free="1043608" total="1048576" percent="99" />
    <remembered-set count="64032" freebytes="2045952" totalbytes="2302080" percent="88" regionsoverflowed="0" regionsstable="1" regionsrebuilding="11"/>
  </mem-info>
</gc-end>
<cycle-end id="1231" type="partial gc" contextid="1223" timestamp="2019-06-16T00:36:22.019" />
  <attribute name="elasticGC enabled" value="1" />
  <attribute name= "numThreadsSpecified" value="1" />
  <attribute name="heapSize specified" value="0" />
  <attribute name="Current GC Util" value="117" />
  <attribute name= "Current Time Running" value="11682" />
  <attribute name ="GC Interval" value="0" />
  <attribute name="ProportionalT" value="145.500000" />
  <attribute name="ProportionalI" value="145.500000" />
  <attribute name="ProportionalH" value="145.500000" />
  <attribute name="Current Error" value="97.000000" />
  <attribute name="IntegralT" value="0.000000" />
  <attribute name="IntegralI" value="0.000000" />
  <attribute name="IntegralH" value="0.000000" />
  <attribute name="DerivativeT" value="inf" />
  <attribute name="DerivativeI" value="inf" />
  <attribute name="DerivativeH" value="inf" />
  <attribute name="Loop Time for DT" value="0.000000" />
  <attribute name="Output H" value="8388608"/>
  <attribute name="Output I" value="200"/>
  <attribute name="Output T" value="1"/>
  <attribute name="Target GC Util Change" value ="20.000000" />
  <attribute name="Current GC Util Change" value="117.000000"/>
  <attribute name="GC Util currently" value="117" />
  <attribute name="CPU Util currently" value="8405454067629" />
<exclusive-end id="1232" timestamp="2019-06-16T00:36:22.019" durationms="4.643" />

<exclusive-start id="1233" timestamp="2019-06-16T00:36:22.063" intervalms="48.083">
  <response-info timems="0.059" idlems="0.059" threads="0" lastid="0000000001627700" lastname="main" />
</exclusive-start>
<allocation-taxation id="1234" taxation-threshold="10485760" timestamp="2019-06-16T00:36:22.063" intervalms="48.106" />
<gc-start id="1235" type="global mark phase" contextid="1107" timestamp="2019-06-16T00:36:22.063">
  <mem-info id="1236" free="24117248" total="56623104" percent="42">
    <remembered-set count="63616" freebytes="2047616" totalbytes="2302080" percent="88" regionsoverflowed="0" regionsstable="1" regionsrebuilding="11"/>
  </mem-info>
</gc-start>
<gc-end id="1237" type="global mark phase" contextid="1107" durationms="0.151" usertimems="0.000" systemtimems="0.000" timestamp="2019-06-16T00:36:22.063" activeThreads="1">
  <mem-info id="1238" free="24117248" total="56623104" percent="42">
    <remembered-set count="63616" freebytes="2047616" totalbytes="2302080" percent="88" regionsoverflowed="0" regionsstable="1" regionsrebuilding="11"/>
  </mem-info>
</gc-end>
<concurrent-start id="1239" type="GMP work packet processing" contextid="1107" timestamp="2019-06-16T00:36:22.063">
  <concurrent-mark-start scanTarget="1048576" />
</concurrent-start>
<concurrent-end id="1240" type="GMP work packet processing" contextid="1107" timestamp="2019-06-16T00:36:22.064">
  <concurrent-mark-end bytesScanned="1099144" reasonForTermination="Work target met" />
</concurrent-end>

<exclusive-end id="1241" timestamp="2019-06-16T00:36:22.064" durationms="1.782" />

<exclusive-start id="1242" timestamp="2019-06-16T00:36:22.092" intervalms="29.431">
  <response-info timems="0.062" idlems="0.062" threads="0" lastid="0000000001627700" lastname="main" />
</exclusive-start>
<allocation-taxation id="1243" taxation-threshold="10485760" timestamp="2019-06-16T00:36:22.092" intervalms="29.451" />
<cycle-start id="1244" type="partial gc" contextid="0" timestamp="2019-06-16T00:36:22.092" intervalms="77.640" />
<gc-start id="1245" type="partial gc" contextid="1244" timestamp="2019-06-16T00:36:22.093">
  <mem-info id="1246" free="13631488" total="56623104" percent="24">
    <mem type="eden" free="0" total="20971520" percent="0" />
    <remembered-set count="70752" freebytes="2019072" totalbytes="2302080" percent="87" regionsoverflowed="0" regionsstable="1" regionsrebuilding="11"/>
  </mem-info>
</gc-start>
<allocation-stats totalBytes="20968488" >
  <allocated-bytes non-tlh="0" tlh="20968488" arrayletleaf="0"/>
  <largest-consumer threadName="main" threadId="0000000001627700" bytes="10484240" />
</allocation-stats>
<gc-op id="1247" type="copy forward" timems="2.564" contextid="1244" timestamp="2019-06-16T00:36:22.096">
  <memory-copied type="eden" objects="101" bytes="3288" bytesdiscarded="0" />
  <memory-copied type="other" objects="51" bytes="1704" bytesdiscarded="0" />
  <memory-cardclean objects="17631" bytes="635200" />
  <regions eden="20" other="1" />
  <remembered-set-cleared processed="67806" cleared="3692" durationms="0.390" />
  <stringconstants candidates="13759" cleared="0"  />
</gc-op>
<gc-op id="1248" type="classunload" timems="0.004" contextid="1244" timestamp="2019-06-16T00:36:22.096">
  <classunload-info classloadercandidates="54" classloadersunloaded="0" classesunloaded="0" anonymousclassesunloaded="0" quiescems="0.000" setupms="0.004" scanms="0.000" postms="0.000" />
</gc-op>
<gc-end id="1249" type="partial gc" contextid="1244" durationms="3.816" usertimems="4.000" systemtimems="0.000" timestamp="2019-06-16T00:36:22.097" activeThreads="4">
  <mem-info id="1250" free="33554432" total="56623104" percent="59">
    <mem type="eden" free="1045288" total="1048576" percent="99" />
    <remembered-set count="69856" freebytes="1980800" totalbytes="2260224" percent="87" regionsoverflowed="0" regionsstable="1" regionsrebuilding="11"/>
  </mem-info>
</gc-end>
<cycle-end id="1251" type="partial gc" contextid="1244" timestamp="2019-06-16T00:36:22.097" />
  <attribute name="elasticGC enabled" value="1" />
  <attribute name= "numThreadsSpecified" value="4" />
  <attribute name="heapSize specified" value="0" />
  <attribute name="Current GC Util" value="43" />
  <attribute name= "Current Time Running" value="11760" />
  <attribute name ="GC Interval" value="0" />
  <attribute name="ProportionalT" value="34.500000" />
  <attribute name="ProportionalI" value="34.500000" />
  <attribute name="ProportionalH" value="34.500000" />
  <attribute name="Current Error" value="23.000000" />
  <attribute name="IntegralT" value="23.000000" />
  <attribute name="IntegralI" value="23.000000" />
  <attribute name="IntegralH" value="23.000000" />
  <attribute name="DerivativeT" value="11.500000" />
  <attribute name="DerivativeI" value="11.500000" />
  <attribute name="DerivativeH" value="11.500000" />
  <attribute name="Loop Time for DT" value="1.000000" />
  <attribute name="Output H" value="8388608"/>
  <attribute name="Output I" value="200"/>
  <attribute name="Output T" value="4"/>
  <attribute name="Target GC Util Change" value ="20.000000" />
  <attribute name="Current GC Util Change" value="43.000000"/>
  <attribute name="GC Util currently" value="43" />
  <attribute name="CPU Util currently" value="11845641692819" />
<exclusive-end id="1252" timestamp="2019-06-16T00:36:22.097" durationms="4.946" />

<exclusive-start id="1253" timestamp="2019-06-16T00:36:22.123" intervalms="30.613">
  <response-info timems="0.194" idlems="0.194" threads="0" lastid="0000000001627700" lastname="main" />
</exclusive-start>
<allocation-taxation id="1254" taxation-threshold="10485760" timestamp="2019-06-16T00:36:22.123" intervalms="30.586" />
<gc-start id="1255" type="global mark phase" contextid="1107" timestamp="2019-06-16T00:36:22.123">
  <mem-info id="1256" free="23068672" total="56623104" percent="40">
    <remembered-set count="69472" freebytes="1982336" totalbytes="2260224" percent="87" regionsoverflowed="0" regionsstable="1" regionsrebuilding="11"/>
  </mem-info>
</gc-start>
<gc-end id="1257" type="global mark phase" contextid="1107" durationms="0.157" usertimems="0.000" systemtimems="0.000" timestamp="2019-06-16T00:36:22.123" activeThreads="4">
  <mem-info id="1258" free="23068672" total="56623104" percent="40">
    <remembered-set count="69472" freebytes="1982336" totalbytes="2260224" percent="87" regionsoverflowed="0" regionsstable="1" regionsrebuilding="11"/>
  </mem-info>
</gc-end>
<concurrent-start id="1259" type="GMP work packet processing" contextid="1107" timestamp="2019-06-16T00:36:22.123">
  <concurrent-mark-start scanTarget="1672649" />
</concurrent-start>
<exclusive-end id="1260" timestamp="2019-06-16T00:36:22.125" durationms="2.069" />

<concurrent-end id="1261" type="GMP work packet processing" contextid="1107" timestamp="2019-06-16T00:36:22.125">
  <concurrent-mark-end bytesScanned="1722956" reasonForTermination="Work target met" />
</concurrent-end>

<exclusive-start id="1262" timestamp="2019-06-16T00:36:22.164" intervalms="41.594">
  <response-info timems="0.022" idlems="0.022" threads="0" lastid="0000000001627700" lastname="main" />
</exclusive-start>
<allocation-taxation id="1263" taxation-threshold="10485760" timestamp="2019-06-16T00:36:22.164" intervalms="41.683" />
<cycle-start id="1264" type="partial gc" contextid="0" timestamp="2019-06-16T00:36:22.165" intervalms="72.291" />
<gc-start id="1265" type="partial gc" contextid="1264" timestamp="2019-06-16T00:36:22.165">
  <mem-info id="1266" free="12582912" total="56623104" percent="22">
    <mem type="eden" free="1045288" total="22020096" percent="4" />
    <remembered-set count="87520" freebytes="1910144" totalbytes="2260224" percent="84" regionsoverflowed="0" regionsstable="1" regionsrebuilding="11"/>
  </mem-info>
</gc-start>
<allocation-stats totalBytes="20968432" >
  <allocated-bytes non-tlh="0" tlh="20968432" arrayletleaf="0"/>
  <largest-consumer threadName="main" threadId="0000000001627700" bytes="10484232" />
</allocation-stats>
<gc-op id="1267" type="copy forward" timems="2.013" contextid="1264" timestamp="2019-06-16T00:36:22.168">
  <memory-copied type="eden" objects="331" bytes="10864" bytesdiscarded="2256" />
  <memory-copied type="other" objects="0" bytes="0" bytesdiscarded="0" />
  <memory-cardclean objects="110" bytes="12304" />
  <regions eden="20" other="1" />
  <remembered-set-cleared processed="85190" cleared="68" durationms="0.359" />
  <references type="weak" candidates="35" cleared="0" enqueued="0" />
  <stringconstants candidates="13759" cleared="0"  />
</gc-op>
<gc-op id="1268" type="classunload" timems="0.004" contextid="1264" timestamp="2019-06-16T00:36:22.168">
  <classunload-info classloadercandidates="54" classloadersunloaded="0" classesunloaded="0" anonymousclassesunloaded="0" quiescems="0.000" setupms="0.004" scanms="0.000" postms="0.000" />
</gc-op>
<gc-end id="1269" type="partial gc" contextid="1264" durationms="3.139" usertimems="4.000" systemtimems="0.000" timestamp="2019-06-16T00:36:22.168" activeThreads="4">
  <mem-info id="1270" free="33554432" total="56623104" percent="59">
    <mem type="eden" free="1035408" total="1048576" percent="98" />
    <remembered-set count="88416" freebytes="1906560" totalbytes="2260224" percent="84" regionsoverflowed="0" regionsstable="1" regionsrebuilding="11"/>
  </mem-info>
</gc-end>
<cycle-end id="1271" type="partial gc" contextid="1264" timestamp="2019-06-16T00:36:22.168" />
  <attribute name="elasticGC enabled" value="1" />
  <attribute name= "numThreadsSpecified" value="4" />
  <attribute name="heapSize specified" value="0" />
  <attribute name="Current GC Util" value="61" />
  <attribute name= "Current Time Running" value="11832" />
  <attribute name ="GC Interval" value="0" />
  <attribute name="ProportionalT" value="61.500000" />
  <attribute name="ProportionalI" value="61.500000" />
  <attribute name="ProportionalH" value="61.500000" />
  <attribute name="Current Error" value="41.000000" />
  <attribute name="IntegralT" value="41.000000" />
  <attribute name="IntegralI" value="41.000000" />
  <attribute name="IntegralH" value="41.000000" />
  <attribute name="DerivativeT" value="20.500000" />
  <attribute name="DerivativeI" value="20.500000" />
  <attribute name="DerivativeH" value="20.500000" />
  <attribute name="Loop Time for DT" value="1.000000" />
  <attribute name="Output H" value="8388608"/>
  <attribute name="Output I" value="200"/>
  <attribute name="Output T" value="4"/>
  <attribute name="Target GC Util Change" value ="20.000000" />
  <attribute name="Current GC Util Change" value="61.000000"/>
  <attribute name="GC Util currently" value="61" />
  <attribute name="CPU Util currently" value="17408106703338" />
<exclusive-end id="1272" timestamp="2019-06-16T00:36:22.169" durationms="4.482" />

<exclusive-start id="1273" timestamp="2019-06-16T00:36:22.211" intervalms="46.415">
  <response-info timems="0.064" idlems="0.064" threads="0" lastid="0000000001627700" lastname="main" />
</exclusive-start>
<allocation-taxation id="1274" taxation-threshold="10485760" timestamp="2019-06-16T00:36:22.211" intervalms="46.402" />
<gc-start id="1275" type="global mark phase" contextid="1107" timestamp="2019-06-16T00:36:22.211">
  <mem-info id="1276" free="23068672" total="56623104" percent="40">
    <remembered-set count="87968" freebytes="1908352" totalbytes="2260224" percent="84" regionsoverflowed="0" regionsstable="1" regionsrebuilding="11"/>
  </mem-info>
</gc-start>
<gc-end id="1277" type="global mark phase" contextid="1107" durationms="0.149" usertimems="0.000" systemtimems="0.000" timestamp="2019-06-16T00:36:22.211" activeThreads="4">
  <mem-info id="1278" free="23068672" total="56623104" percent="40">
    <remembered-set count="87968" freebytes="1908352" totalbytes="2260224" percent="84" regionsoverflowed="0" regionsstable="1" regionsrebuilding="11"/>
  </mem-info>
</gc-end>
<concurrent-start id="1279" type="GMP work packet processing" contextid="1107" timestamp="2019-06-16T00:36:22.211">
  <concurrent-mark-start scanTarget="1672649" />
</concurrent-start>
<concurrent-end id="1280" type="GMP work packet processing" contextid="1107" timestamp="2019-06-16T00:36:22.213">
  <concurrent-mark-end bytesScanned="1683572" reasonForTermination="Work target met" />
</concurrent-end>

<exclusive-end id="1281" timestamp="2019-06-16T00:36:22.213" durationms="2.083" />

<exclusive-start id="1282" timestamp="2019-06-16T00:36:22.236" intervalms="25.589">
  <response-info timems="0.070" idlems="0.070" threads="0" lastid="0000000001627700" lastname="main" />
</exclusive-start>
<allocation-taxation id="1283" taxation-threshold="10485760" timestamp="2019-06-16T00:36:22.236" intervalms="25.585" />
<cycle-start id="1284" type="partial gc" contextid="0" timestamp="2019-06-16T00:36:22.237" intervalms="71.974" />
<gc-start id="1285" type="partial gc" contextid="1284" timestamp="2019-06-16T00:36:22.237">
  <mem-info id="1286" free="12582912" total="56623104" percent="22">
    <mem type="eden" free="0" total="20971520" percent="0" />
    <remembered-set count="103360" freebytes="1846784" totalbytes="2260224" percent="81" regionsoverflowed="0" regionsstable="1" regionsrebuilding="11"/>
  </mem-info>
</gc-start>
<allocation-stats totalBytes="20969072" >
  <allocated-bytes non-tlh="0" tlh="20969072" arrayletleaf="0"/>
  <largest-consumer threadName="main" threadId="0000000001627700" bytes="10484512" />
</allocation-stats>
<gc-op id="1287" type="copy forward" timems="1.773" contextid="1284" timestamp="2019-06-16T00:36:22.240">
  <memory-copied type="eden" objects="128" bytes="3952" bytesdiscarded="0" />
  <memory-copied type="other" objects="209" bytes="7104" bytesdiscarded="0" />
  <memory-cardclean objects="81" bytes="11392" />
  <regions eden="20" other="1" />
  <remembered-set-cleared processed="100977" cleared="123" durationms="0.714" />
  <references type="weak" candidates="35" cleared="0" enqueued="0" />
  <stringconstants candidates="13759" cleared="0"  />
</gc-op>
<gc-op id="1288" type="classunload" timems="0.004" contextid="1284" timestamp="2019-06-16T00:36:22.240">
  <classunload-info classloadercandidates="54" classloadersunloaded="0" classesunloaded="0" anonymousclassesunloaded="0" quiescems="0.000" setupms="0.004" scanms="0.000" postms="0.000" />
</gc-op>
<gc-end id="1289" type="partial gc" contextid="1284" durationms="3.043" usertimems="0.000" systemtimems="0.000" timestamp="2019-06-16T00:36:22.240" activeThreads="1">
  <mem-info id="1290" free="32505856" total="56623104" percent="57">
    <mem type="eden" free="1044624" total="1048576" percent="99" />
    <remembered-set count="103552" freebytes="1846016" totalbytes="2260224" percent="81" regionsoverflowed="0" regionsstable="1" regionsrebuilding="11"/>
  </mem-info>
</gc-end>
<cycle-end id="1291" type="partial gc" contextid="1284" timestamp="2019-06-16T00:36:22.240" />
  <attribute name="elasticGC enabled" value="1" />
  <attribute name= "numThreadsSpecified" value="1" />
  <attribute name="heapSize specified" value="0" />
  <attribute name="Current GC Util" value="62" />
  <attribute name= "Current Time Running" value="11904" />
  <attribute name ="GC Interval" value="0" />
  <attribute name="ProportionalT" value="63.000000" />
  <attribute name="ProportionalI" value="63.000000" />
  <attribute name="ProportionalH" value="63.000000" />
  <attribute name="Current Error" value="42.000000" />
  <attribute name="IntegralT" value="0.000000" />
  <attribute name="IntegralI" value="0.000000" />
  <attribute name="IntegralH" value="0.000000" />
  <attribute name="DerivativeT" value="inf" />
  <attribute name="DerivativeI" value="inf" />
  <attribute name="DerivativeH" value="inf" />
  <attribute name="Loop Time for DT" value="0.000000" />
  <attribute name="Output H" value="8388608"/>
  <attribute name="Output I" value="200"/>
  <attribute name="Output T" value="1"/>
  <attribute name="Target GC Util Change" value ="20.000000" />
  <attribute name="Current GC Util Change" value="62.000000"/>
  <attribute name="GC Util currently" value="62" />
  <attribute name="CPU Util currently" value="17585611745045" />
<exclusive-end id="1292" timestamp="2019-06-16T00:36:22.241" durationms="4.433" />

<exclusive-start id="1293" timestamp="2019-06-16T00:36:22.259" intervalms="22.883">
  <response-info timems="0.079" idlems="0.079" threads="0" lastid="0000000001627700" lastname="main" />
</exclusive-start>
<allocation-taxation id="1294" taxation-threshold="10485760" timestamp="2019-06-16T00:36:22.259" intervalms="22.864" />
<gc-start id="1295" type="global mark phase" contextid="1107" timestamp="2019-06-16T00:36:22.259">
  <mem-info id="1296" free="22020096" total="56623104" percent="38">
    <remembered-set count="103232" freebytes="1847296" totalbytes="2260224" percent="81" regionsoverflowed="0" regionsstable="1" regionsrebuilding="11"/>
  </mem-info>
</gc-start>
<gc-end id="1297" type="global mark phase" contextid="1107" durationms="0.156" usertimems="0.000" systemtimems="0.000" timestamp="2019-06-16T00:36:22.260" activeThreads="1">
  <mem-info id="1298" free="22020096" total="56623104" percent="38">
    <remembered-set count="103232" freebytes="1847296" totalbytes="2260224" percent="81" regionsoverflowed="0" regionsstable="1" regionsrebuilding="11"/>
  </mem-info>
</gc-end>
<concurrent-start id="1299" type="GMP work packet processing" contextid="1107" timestamp="2019-06-16T00:36:22.260">
  <concurrent-mark-start scanTarget="1048576" />
</concurrent-start>
<exclusive-end id="1300" timestamp="2019-06-16T00:36:22.260" durationms="1.278" />

<concurrent-end id="1301" type="GMP work packet processing" contextid="1107" timestamp="2019-06-16T00:36:22.260">
  <concurrent-mark-end bytesScanned="8264" reasonForTermination="Completed all work in GC phase" />
</concurrent-end>

<exclusive-start id="1302" timestamp="2019-06-16T00:36:22.279" intervalms="19.753">
  <response-info timems="0.120" idlems="0.120" threads="0" lastid="0000000001627700" lastname="main" />
</exclusive-start>
<allocation-taxation id="1303" taxation-threshold="10485760" timestamp="2019-06-16T00:36:22.279" intervalms="19.760" />
<cycle-start id="1304" type="partial gc" contextid="0" timestamp="2019-06-16T00:36:22.279" intervalms="42.629" />
<gc-start id="1305" type="partial gc" contextid="1304" timestamp="2019-06-16T00:36:22.280">
  <mem-info id="1306" free="11534336" total="56623104" percent="20">
    <mem type="eden" free="1044624" total="22020096" percent="4" />
    <remembered-set count="103232" freebytes="1847296" totalbytes="2260224" percent="81" regionsoverflowed="0" regionsstable="1" regionsrebuilding="11"/>
  </mem-info>
</gc-start>
<allocation-stats totalBytes="20968984" >
  <allocated-bytes non-tlh="0" tlh="20968984" arrayletleaf="0"/>
  <largest-consumer threadName="main" threadId="0000000001627700" bytes="10484544" />
</allocation-stats>
<gc-op id="1307" type="copy forward" timems="1.797" contextid="1304" timestamp="2019-06-16T00:36:22.282">
  <memory-copied type="eden" objects="122" bytes="3736" bytesdiscarded="0" />
  <memory-copied type="other" objects="0" bytes="0" bytesdiscarded="0" />
  <memory-cardclean objects="29" bytes="9600" />
  <regions eden="20" other="1" />
  <remembered-set-cleared processed="100976" cleared="42" durationms="0.726" />
  <references type="weak" candidates="2" cleared="0" enqueued="0" />
  <stringconstants candidates="13759" cleared="0"  />
</gc-op>
<gc-op id="1308" type="classunload" timems="0.004" contextid="1304" timestamp="2019-06-16T00:36:22.282">
  <classunload-info classloadercandidates="54" classloadersunloaded="0" classesunloaded="0" anonymousclassesunloaded="0" quiescems="0.000" setupms="0.004" scanms="0.000" postms="0.000" />
</gc-op>
<gc-end id="1309" type="partial gc" contextid="1304" durationms="3.066" usertimems="4.000" systemtimems="0.000" timestamp="2019-06-16T00:36:22.283" activeThreads="1">
  <mem-info id="1310" free="32505856" total="56623104" percent="57">
    <mem type="eden" free="1044840" total="1048576" percent="99" />
    <remembered-set count="103712" freebytes="1845376" totalbytes="2260224" percent="81" regionsoverflowed="0" regionsstable="1" regionsrebuilding="11"/>
  </mem-info>
</gc-end>
<cycle-end id="1311" type="partial gc" contextid="1304" timestamp="2019-06-16T00:36:22.283" />
  <attribute name="elasticGC enabled" value="1" />
  <attribute name= "numThreadsSpecified" value="1" />
  <attribute name="heapSize specified" value="0" />
  <attribute name="Current GC Util" value="202" />
  <attribute name= "Current Time Running" value="11946" />
  <attribute name ="GC Interval" value="0" />
  <attribute name="ProportionalT" value="273.000000" />
  <attribute name="ProportionalI" value="273.000000" />
  <attribute name="ProportionalH" value="273.000000" />
  <attribute name="Current Error" value="182.000000" />
  <attribute name="IntegralT" value="0.000000" />
  <attribute name="IntegralI" value="0.000000" />
  <attribute name="IntegralH" value="0.000000" />
  <attribute name="DerivativeT" value="inf" />
  <attribute name="DerivativeI" value="inf" />
  <attribute name="DerivativeH" value="inf" />
  <attribute name="Loop Time for DT" value="0.000000" />
  <attribute name="Output H" value="8388608"/>
  <attribute name="Output I" value="200"/>
  <attribute name="Output T" value="1"/>
  <attribute name="Target GC Util Change" value ="20.000000" />
  <attribute name="Current GC Util Change" value="202.000000"/>
  <attribute name="GC Util currently" value="202" />
  <attribute name="CPU Util currently" value="12911486448270" />
<exclusive-end id="1312" timestamp="2019-06-16T00:36:22.283" durationms="4.390" />

<exclusive-start id="1313" timestamp="2019-06-16T00:36:22.302" intervalms="22.827">
  <response-info timems="0.079" idlems="0.079" threads="0" lastid="0000000001627700" lastname="main" />
</exclusive-start>
<allocation-taxation id="1314" taxation-threshold="10485760" timestamp="2019-06-16T00:36:22.302" intervalms="22.737" />
<gc-start id="1315" type="global mark phase" contextid="1107" timestamp="2019-06-16T00:36:22.302">
  <mem-info id="1316" free="22020096" total="56623104" percent="38">
    <remembered-set count="103264" freebytes="1847168" totalbytes="2260224" percent="81" regionsoverflowed="0" regionsstable="1" regionsrebuilding="11"/>
  </mem-info>
</gc-start>
<gc-op id="1317" type="mark increment" timems="5.112" contextid="1107" timestamp="2019-06-16T00:36:22.307">
  <trace-info objectcount="238" scancount="238" scanbytes="351664" />
  <cardclean-info objects="132353" bytes="3624216" />
  <finalization candidates="80" enqueued="0" />
  <ownableSynchronizers candidates="21" cleared="0" />
  <references type="soft" candidates="4807" cleared="0" enqueued="0" dynamicThreshold="18" maxThreshold="32" />
  <references type="weak" candidates="5630" cleared="0" enqueued="0" />
  <references type="phantom" candidates="101" cleared="0" enqueued="0" />
  <stringconstants candidates="13759" cleared="0"  />
</gc-op>
<gc-op id="1318" type="classunload" timems="0.007" contextid="1107" timestamp="2019-06-16T00:36:22.307">
  <classunload-info classloadercandidates="54" classloadersunloaded="0" classesunloaded="0" anonymousclassesunloaded="0" quiescems="0.000" setupms="0.007" scanms="0.000" postms="0.000" />
</gc-op>
<gc-end id="1319" type="global mark phase" contextid="1107" durationms="5.558" usertimems="20.000" systemtimems="0.000" timestamp="2019-06-16T00:36:22.308" activeThreads="4">
  <mem-info id="1320" free="22020096" total="56623104" percent="38">
    <remembered-set count="112992" freebytes="1808256" totalbytes="2260224" percent="80" regionsoverflowed="0" regionsstable="1" regionsrebuilding="0"/>
  </mem-info>
</gc-end>
<cycle-end id="1321" type="global mark phase" contextid="1107" timestamp="2019-06-16T00:36:22.308" />
  <attribute name="elasticGC enabled" value="1" />
  <attribute name= "numThreadsSpecified" value="4" />
  <attribute name="heapSize specified" value="0" />
  <attribute name="Current GC Util" value="214" />
  <attribute name= "Current Time Running" value="11972" />
  <attribute name ="GC Interval" value="0" />
  <attribute name="ProportionalT" value="291.000000" />
  <attribute name="ProportionalI" value="291.000000" />
  <attribute name="ProportionalH" value="291.000000" />
  <attribute name="Current Error" value="194.000000" />
  <attribute name="IntegralT" value="194.000000" />
  <attribute name="IntegralI" value="194.000000" />
  <attribute name="IntegralH" value="194.000000" />
  <attribute name="DerivativeT" value="-11.500000" />
  <attribute name="DerivativeI" value="-11.500000" />
  <attribute name="DerivativeH" value="-11.500000" />
  <attribute name="Loop Time for DT" value="1.000000" />
  <attribute name="Output H" value="8388608"/>
  <attribute name="Output I" value="480"/>
  <attribute name="Output T" value="4"/>
  <attribute name="Target GC Util Change" value ="20.000000" />
  <attribute name="Current GC Util Change" value="214.000000"/>
  <attribute name="GC Util currently" value="214" />
  <attribute name="CPU Util currently" value="7525449884873" />
<exclusive-end id="1322" timestamp="2019-06-16T00:36:22.308" durationms="6.258" />

<exclusive-start id="1323" timestamp="2019-06-16T00:36:22.322" intervalms="20.478">
  <response-info timems="0.240" idlems="0.240" threads="0" lastid="0000000001627700" lastname="main" />
</exclusive-start>
<allocation-taxation id="1324" taxation-threshold="10485760" timestamp="2019-06-16T00:36:22.322" intervalms="20.550" />
<cycle-start id="1325" type="partial gc" contextid="0" timestamp="2019-06-16T00:36:22.322" intervalms="43.243" />
<gc-start id="1326" type="partial gc" contextid="1325" timestamp="2019-06-16T00:36:22.323">
  <mem-info id="1327" free="11534336" total="56623104" percent="20">
    <mem type="eden" free="1044840" total="22020096" percent="4" />
    <remembered-set count="16128" freebytes="2195712" totalbytes="2260224" percent="97" regionsoverflowed="0" regionsstable="12" regionsrebuilding="0"/>
  </mem-info>
</gc-start>
<allocation-stats totalBytes="20962536" >
  <allocated-bytes non-tlh="0" tlh="20962536" arrayletleaf="0"/>
  <largest-consumer threadName="main" threadId="0000000001627700" bytes="10478056" />
</allocation-stats>
<gc-op id="1328" type="sweep" timems="0.705" contextid="1325" timestamp="2019-06-16T00:36:22.324" />
<gc-op id="1329" type="copy forward" timems="0.934" contextid="1325" timestamp="2019-06-16T00:36:22.325">
  <memory-copied type="eden" objects="137" bytes="4464" bytesdiscarded="0" />
  <memory-copied type="other" objects="0" bytes="0" bytesdiscarded="0" />
  <memory-cardclean objects="70" bytes="11088" />
  <regions eden="10" other="1" />
  <remembered-set-cleared processed="14474" cleared="35" durationms="0.194" />
  <references type="weak" candidates="2" cleared="0" enqueued="0" />
  <stringconstants candidates="13759" cleared="0"  />
</gc-op>
<gc-op id="1330" type="classunload" timems="0.004" contextid="1325" timestamp="2019-06-16T00:36:22.326">
  <classunload-info classloadercandidates="54" classloadersunloaded="0" classesunloaded="0" anonymousclassesunloaded="0" quiescems="0.000" setupms="0.004" scanms="0.000" postms="0.000" />
</gc-op>
<heap-resize id="1331" type="expand" space="default" amount="4194304" count="1" timems="0.056" reason="excessive time being spent in gc" timestamp="2019-06-16T00:36:22.326" />
<gc-end id="1332" type="partial gc" contextid="1325" durationms="3.198" usertimems="4.000" systemtimems="0.000" timestamp="2019-06-16T00:36:22.326" activeThreads="1">
  <mem-info id="1333" free="36700160" total="60817408" percent="60">
    <mem type="eden" free="1044112" total="1048576" percent="99" />
    <remembered-set count="16544" freebytes="2361472" totalbytes="2427648" percent="97" regionsoverflowed="0" regionsstable="12" regionsrebuilding="0"/>
  </mem-info>
</gc-end>
<cycle-end id="1334" type="partial gc" contextid="1325" timestamp="2019-06-16T00:36:22.326" />
  <attribute name="elasticGC enabled" value="1" />
  <attribute name= "numThreadsSpecified" value="1" />
  <attribute name="heapSize specified" value="0" />
  <attribute name="Current GC Util" value="69" />
  <attribute name= "Current Time Running" value="11990" />
  <attribute name ="GC Interval" value="0" />
  <attribute name="ProportionalT" value="73.500000" />
  <attribute name="ProportionalI" value="73.500000" />
  <attribute name="ProportionalH" value="73.500000" />
  <attribute name="Current Error" value="49.000000" />
  <attribute name="IntegralT" value="0.000000" />
  <attribute name="IntegralI" value="0.000000" />
  <attribute name="IntegralH" value="0.000000" />
  <attribute name="DerivativeT" value="inf" />
  <attribute name="DerivativeI" value="inf" />
  <attribute name="DerivativeH" value="inf" />
  <attribute name="Loop Time for DT" value="0.000000" />
  <attribute name="Output H" value="8388608"/>
  <attribute name="Output I" value="200"/>
  <attribute name="Output T" value="1"/>
  <attribute name="Target GC Util Change" value ="20.000000" />
  <attribute name="Current GC Util Change" value="69.000000"/>
  <attribute name="GC Util currently" value="69" />
  <attribute name="CPU Util currently" value="20025385140320" />
<exclusive-end id="1335" timestamp="2019-06-16T00:36:22.326" durationms="4.349" />

<exclusive-start id="1336" timestamp="2019-06-16T00:36:22.336" intervalms="14.329">
  <response-info timems="0.021" idlems="0.021" threads="0" lastid="0000000001627700" lastname="main" />
</exclusive-start>
<allocation-taxation id="1337" taxation-threshold="10485760" timestamp="2019-06-16T00:36:22.337" intervalms="14.324" />
<cycle-start id="1338" type="global mark phase" contextid="0" timestamp="2019-06-16T00:36:22.337" intervalms="456.660" />
<gc-start id="1339" type="global mark phase" contextid="1338" timestamp="2019-06-16T00:36:22.337">
  <mem-info id="1340" free="26214400" total="60817408" percent="43">
    <remembered-set count="16128" freebytes="2363136" totalbytes="2427648" percent="97" regionsoverflowed="0" regionsstable="12" regionsrebuilding="0"/>
  </mem-info>
</gc-start>
<gc-op id="1341" type="mark increment" timems="4.443" contextid="1338" timestamp="2019-06-16T00:36:22.342">
  <trace-info objectcount="176402" scancount="138135" scanbytes="4212928" />
</gc-op>
<gc-end id="1342" type="global mark phase" contextid="1338" durationms="4.704" usertimems="12.000" systemtimems="0.000" timestamp="2019-06-16T00:36:22.342" activeThreads="4">
  <mem-info id="1343" free="26214400" total="60817408" percent="43">
    <remembered-set count="36096" freebytes="2283264" totalbytes="2427648" percent="94" regionsoverflowed="0" regionsstable="0" regionsrebuilding="12"/>
  </mem-info>
</gc-end>
<concurrent-start id="1344" type="GMP work packet processing" contextid="1338" timestamp="2019-06-16T00:36:22.342">
  <concurrent-mark-start scanTarget="1683342" />
</concurrent-start>
<exclusive-end id="1345" timestamp="2019-06-16T00:36:22.343" durationms="6.583" />

<concurrent-end id="1346" type="GMP work packet processing" contextid="1338" timestamp="2019-06-16T00:36:22.343">
  <concurrent-mark-end bytesScanned="1707784" reasonForTermination="Work target met" />
</concurrent-end>

<exclusive-start id="1347" timestamp="2019-06-16T00:36:22.353" intervalms="16.236">
  <response-info timems="0.061" idlems="0.061" threads="0" lastid="0000000001627700" lastname="main" />
</exclusive-start>
<allocation-taxation id="1348" taxation-threshold="10485760" timestamp="2019-06-16T00:36:22.353" intervalms="16.165" />
<cycle-start id="1349" type="partial gc" contextid="0" timestamp="2019-06-16T00:36:22.353" intervalms="30.432" />
<gc-start id="1350" type="partial gc" contextid="1349" timestamp="2019-06-16T00:36:22.353">
  <mem-info id="1351" free="15728640" total="60817408" percent="25">
    <mem type="eden" free="0" total="20971520" percent="0" />
    <remembered-set count="50976" freebytes="2223744" totalbytes="2427648" percent="91" regionsoverflowed="0" regionsstable="0" regionsrebuilding="12"/>
  </mem-info>
</gc-start>
<allocation-stats totalBytes="20960672" >
  <allocated-bytes non-tlh="0" tlh="20960672" arrayletleaf="0"/>
  <largest-consumer threadName="main" threadId="0000000001627700" bytes="10480496" />
</allocation-stats>
<gc-op id="1352" type="copy forward" timems="5.228" contextid="1349" timestamp="2019-06-16T00:36:22.359">
  <memory-copied type="eden" objects="5" bytes="376" bytesdiscarded="0" />
  <memory-copied type="other" objects="13328" bytes="1098584" bytesdiscarded="0" />
  <memory-cardclean objects="15815" bytes="769360" />
  <regions eden="20" other="4" />
  <remembered-set-cleared processed="46616" cleared="8671" durationms="0.447" />
  <finalization candidates="38" enqueued="0" />
  <ownableSynchronizers candidates="16" cleared="0" />
  <references type="soft" candidates="321" cleared="0" enqueued="0" dynamicThreshold="13" maxThreshold="32" />
  <references type="weak" candidates="649" cleared="0" enqueued="0" />
  <references type="phantom" candidates="34" cleared="0" enqueued="0" />
  <stringconstants candidates="13759" cleared="0"  />
</gc-op>
<gc-op id="1353" type="classunload" timems="0.004" contextid="1349" timestamp="2019-06-16T00:36:22.359">
  <classunload-info classloadercandidates="54" classloadersunloaded="0" classesunloaded="0" anonymousclassesunloaded="0" quiescems="0.000" setupms="0.004" scanms="0.000" postms="0.000" />
</gc-op>
<heap-resize id="1354" type="expand" space="default" amount="2097152" count="1" timems="0.051" reason="excessive time being spent in gc" timestamp="2019-06-16T00:36:22.360" />
<gc-end id="1355" type="partial gc" contextid="1349" durationms="6.478" usertimems="4.000" systemtimems="0.000" timestamp="2019-06-16T00:36:22.360" activeThreads="1">
  <mem-info id="1356" free="37748736" total="62914560" percent="60">
    <mem type="eden" free="1048200" total="1048576" percent="99" />
    <remembered-set count="47936" freebytes="2319616" totalbytes="2511360" percent="92" regionsoverflowed="0" regionsstable="0" regionsrebuilding="12"/>
  </mem-info>
</gc-end>
<cycle-end id="1357" type="partial gc" contextid="1349" timestamp="2019-06-16T00:36:22.360" />
  <attribute name="elasticGC enabled" value="1" />
  <attribute name= "numThreadsSpecified" value="1" />
  <attribute name="heapSize specified" value="0" />
  <attribute name="Current GC Util" value="56" />
  <attribute name= "Current Time Running" value="12020" />
  <attribute name ="GC Interval" value="0" />
  <attribute name="ProportionalT" value="54.000000" />
  <attribute name="ProportionalI" value="54.000000" />
  <attribute name="ProportionalH" value="54.000000" />
  <attribute name="Current Error" value="36.000000" />
  <attribute name="IntegralT" value="0.000000" />
  <attribute name="IntegralI" value="0.000000" />
  <attribute name="IntegralH" value="0.000000" />
  <attribute name="DerivativeT" value="inf" />
  <attribute name="DerivativeI" value="inf" />
  <attribute name="DerivativeH" value="inf" />
  <attribute name="Loop Time for DT" value="0.000000" />
  <attribute name="Output H" value="8388608"/>
  <attribute name="Output I" value="200"/>
  <attribute name="Output T" value="1"/>
  <attribute name="Target GC Util Change" value ="20.000000" />
  <attribute name="Current GC Util Change" value="56.000000"/>
  <attribute name="GC Util currently" value="56" />
  <attribute name="CPU Util currently" value="16865501974158" />
<exclusive-end id="1358" timestamp="2019-06-16T00:36:22.360" durationms="7.346" />

<exclusive-start id="1359" timestamp="2019-06-16T00:36:22.370" intervalms="17.011">
  <response-info timems="0.068" idlems="0.068" threads="0" lastid="0000000001627700" lastname="main" />
</exclusive-start>
<allocation-taxation id="1360" taxation-threshold="10485760" timestamp="2019-06-16T00:36:22.370" intervalms="17.016" />
<gc-start id="1361" type="global mark phase" contextid="1338" timestamp="2019-06-16T00:36:22.370">
  <mem-info id="1362" free="27262976" total="62914560" percent="43">
    <remembered-set count="47808" freebytes="2320128" totalbytes="2511360" percent="92" regionsoverflowed="0" regionsstable="0" regionsrebuilding="12"/>
  </mem-info>
</gc-start>
<gc-end id="1363" type="global mark phase" contextid="1338" durationms="0.122" usertimems="0.000" systemtimems="0.000" timestamp="2019-06-16T00:36:22.370" activeThreads="1">
  <mem-info id="1364" free="27262976" total="62914560" percent="43">
    <remembered-set count="47808" freebytes="2320128" totalbytes="2511360" percent="92" regionsoverflowed="0" regionsstable="0" regionsrebuilding="12"/>
  </mem-info>
</gc-end>
<concurrent-start id="1365" type="GMP work packet processing" contextid="1338" timestamp="2019-06-16T00:36:22.370">
  <concurrent-mark-start scanTarget="1048576" />
</concurrent-start>
<exclusive-end id="1366" timestamp="2019-06-16T00:36:22.370" durationms="0.691" />

<concurrent-end id="1367" type="GMP work packet processing" contextid="1338" timestamp="2019-06-16T00:36:22.372">
  <concurrent-mark-end bytesScanned="1084692" reasonForTermination="Work target met" />
</concurrent-end>

<exclusive-start id="1368" timestamp="2019-06-16T00:36:22.381" intervalms="10.913">
  <response-info timems="0.070" idlems="0.070" threads="0" lastid="0000000001627700" lastname="main" />
</exclusive-start>
<allocation-taxation id="1369" taxation-threshold="10485760" timestamp="2019-06-16T00:36:22.381" intervalms="10.893" />
<cycle-start id="1370" type="partial gc" contextid="0" timestamp="2019-06-16T00:36:22.381" intervalms="27.902" />
<gc-start id="1371" type="partial gc" contextid="1370" timestamp="2019-06-16T00:36:22.381">
  <mem-info id="1372" free="16777216" total="62914560" percent="26">
    <mem type="eden" free="1048200" total="22020096" percent="4" />
    <remembered-set count="55552" freebytes="2289152" totalbytes="2511360" percent="91" regionsoverflowed="0" regionsstable="0" regionsrebuilding="12"/>
  </mem-info>
</gc-start>
<allocation-stats totalBytes="20960312" >
  <allocated-bytes non-tlh="0" tlh="20960312" arrayletleaf="0"/>
  <largest-consumer threadName="main" threadId="0000000001627700" bytes="10480456" />
</allocation-stats>
<gc-op id="1373" type="copy forward" timems="1.931" contextid="1370" timestamp="2019-06-16T00:36:22.384">
  <memory-copied type="eden" objects="5" bytes="256" bytesdiscarded="0" />
  <memory-copied type="other" objects="7" bytes="160" bytesdiscarded="0" />
  <memory-cardclean objects="33" bytes="1136" />
  <regions eden="20" other="2" />
  <remembered-set-cleared processed="53694" cleared="24" durationms="0.257" />
  <stringconstants candidates="13759" cleared="0"  />
</gc-op>
<gc-op id="1374" type="classunload" timems="0.006" contextid="1370" timestamp="2019-06-16T00:36:22.384">
  <classunload-info classloadercandidates="54" classloadersunloaded="0" classesunloaded="0" anonymousclassesunloaded="0" quiescems="0.000" setupms="0.006" scanms="0.000" postms="0.000" />
</gc-op>
<gc-end id="1375" type="partial gc" contextid="1370" durationms="2.802" usertimems="4.000" systemtimems="0.000" timestamp="2019-06-16T00:36:22.384" activeThreads="4">
  <mem-info id="1376" free="37748736" total="62914560" percent="60">
    <mem type="eden" free="1048320" total="1048576" percent="99" />
    <remembered-set count="55200" freebytes="2290560" totalbytes="2511360" percent="91" regionsoverflowed="0" regionsstable="0" regionsrebuilding="12"/>
  </mem-info>
</gc-end>
<cycle-end id="1377" type="partial gc" contextid="1370" timestamp="2019-06-16T00:36:22.384" />
  <attribute name="elasticGC enabled" value="1" />
  <attribute name= "numThreadsSpecified" value="4" />
  <attribute name="heapSize specified" value="0" />
  <attribute name="Current GC Util" value="50" />
  <attribute name= "Current Time Running" value="12048" />
  <attribute name ="GC Interval" value="0" />
  <attribute name="ProportionalT" value="45.000000" />
  <attribute name="ProportionalI" value="45.000000" />
  <attribute name="ProportionalH" value="45.000000" />
  <attribute name="Current Error" value="30.000000" />
  <attribute name="IntegralT" value="30.000000" />
  <attribute name="IntegralI" value="30.000000" />
  <attribute name="IntegralH" value="30.000000" />
  <attribute name="DerivativeT" value="15.000000" />
  <attribute name="DerivativeI" value="15.000000" />
  <attribute name="DerivativeH" value="15.000000" />
  <attribute name="Loop Time for DT" value="1.000000" />
  <attribute name="Output H" value="8388608"/>
  <attribute name="Output I" value="200"/>
  <attribute name="Output T" value="4"/>
  <attribute name="Target GC Util Change" value ="20.000000" />
  <attribute name="Current GC Util Change" value="50.000000"/>
  <attribute name="GC Util currently" value="50" />
  <attribute name="CPU Util currently" value="19703512839406" />
<exclusive-end id="1378" timestamp="2019-06-16T00:36:22.384" durationms="3.537" />

<exclusive-start id="1379" timestamp="2019-06-16T00:36:22.394" intervalms="13.253">
  <response-info timems="0.125" idlems="0.125" threads="0" lastid="0000000001627700" lastname="main" />
</exclusive-start>
<allocation-taxation id="1380" taxation-threshold="10485760" timestamp="2019-06-16T00:36:22.394" intervalms="13.284" />
<gc-start id="1381" type="global mark phase" contextid="1338" timestamp="2019-06-16T00:36:22.394">
  <mem-info id="1382" free="27262976" total="62914560" percent="43">
    <remembered-set count="54752" freebytes="2292352" totalbytes="2511360" percent="91" regionsoverflowed="0" regionsstable="0" regionsrebuilding="12"/>
  </mem-info>
</gc-start>
<gc-end id="1383" type="global mark phase" contextid="1338" durationms="0.113" usertimems="0.000" systemtimems="0.000" timestamp="2019-06-16T00:36:22.394" activeThreads="4">
  <mem-info id="1384" free="27262976" total="62914560" percent="43">
    <remembered-set count="54752" freebytes="2292352" totalbytes="2511360" percent="91" regionsoverflowed="0" regionsstable="0" regionsrebuilding="12"/>
  </mem-info>
</gc-end>
<concurrent-start id="1385" type="GMP work packet processing" contextid="1338" timestamp="2019-06-16T00:36:22.394">
  <concurrent-mark-start scanTarget="1683342" />
</concurrent-start>
<concurrent-end id="1386" type="GMP work packet processing" contextid="1338" timestamp="2019-06-16T00:36:22.396">
  <concurrent-mark-end bytesScanned="1702620" reasonForTermination="Work target met" />
</concurrent-end>

<exclusive-end id="1387" timestamp="2019-06-16T00:36:22.396" durationms="1.718" />

<exclusive-start id="1388" timestamp="2019-06-16T00:36:22.405" intervalms="11.263">
  <response-info timems="0.057" idlems="0.057" threads="0" lastid="0000000001627700" lastname="main" />
</exclusive-start>
<allocation-taxation id="1389" taxation-threshold="10485760" timestamp="2019-06-16T00:36:22.405" intervalms="11.243" />
<cycle-start id="1390" type="partial gc" contextid="0" timestamp="2019-06-16T00:36:22.405" intervalms="24.527" />
<gc-start id="1391" type="partial gc" contextid="1390" timestamp="2019-06-16T00:36:22.406">
  <mem-info id="1392" free="16777216" total="62914560" percent="26">
    <mem type="eden" free="1048320" total="22020096" percent="4" />
    <remembered-set count="71072" freebytes="2227072" totalbytes="2511360" percent="88" regionsoverflowed="0" regionsstable="0" regionsrebuilding="12"/>
  </mem-info>
</gc-start>
<allocation-stats totalBytes="20960280" >
  <allocated-bytes non-tlh="0" tlh="20960280" arrayletleaf="0"/>
  <largest-consumer threadName="main" threadId="0000000001627700" bytes="10480584" />
</allocation-stats>
<gc-op id="1393" type="copy forward" timems="1.474" contextid="1390" timestamp="2019-06-16T00:36:22.408">
  <memory-copied type="eden" objects="5" bytes="368" bytesdiscarded="0" />
  <memory-copied type="other" objects="99" bytes="3392" bytesdiscarded="0" />
  <memory-cardclean objects="93" bytes="11016" />
  <regions eden="20" other="2" />
  <remembered-set-cleared processed="69260" cleared="96" durationms="0.511" />
  <references type="weak" candidates="33" cleared="0" enqueued="0" />
  <stringconstants candidates="13759" cleared="0"  />
</gc-op>
<gc-op id="1394" type="classunload" timems="0.004" contextid="1390" timestamp="2019-06-16T00:36:22.408">
  <classunload-info classloadercandidates="54" classloadersunloaded="0" classesunloaded="0" anonymousclassesunloaded="0" quiescems="0.000" setupms="0.004" scanms="0.000" postms="0.000" />
</gc-op>
<gc-end id="1395" type="partial gc" contextid="1390" durationms="2.487" usertimems="0.000" systemtimems="0.000" timestamp="2019-06-16T00:36:22.408" activeThreads="1">
  <mem-info id="1396" free="37748736" total="62914560" percent="60">
    <mem type="eden" free="1048208" total="1048576" percent="99" />
    <remembered-set count="71360" freebytes="2225920" totalbytes="2511360" percent="88" regionsoverflowed="0" regionsstable="0" regionsrebuilding="12"/>
  </mem-info>
</gc-end>
<cycle-end id="1397" type="partial gc" contextid="1390" timestamp="2019-06-16T00:36:22.408" />
  <attribute name="elasticGC enabled" value="1" />
  <attribute name= "numThreadsSpecified" value="1" />
  <attribute name="heapSize specified" value="0" />
  <attribute name="Current GC Util" value="57" />
  <attribute name= "Current Time Running" value="12072" />
  <attribute name ="GC Interval" value="0" />
  <attribute name="ProportionalT" value="55.500000" />
  <attribute name="ProportionalI" value="55.500000" />
  <attribute name="ProportionalH" value="55.500000" />
  <attribute name="Current Error" value="37.000000" />
  <attribute name="IntegralT" value="0.000000" />
  <attribute name="IntegralI" value="0.000000" />
  <attribute name="IntegralH" value="0.000000" />
  <attribute name="DerivativeT" value="inf" />
  <attribute name="DerivativeI" value="inf" />
  <attribute name="DerivativeH" value="inf" />
  <attribute name="Loop Time for DT" value="0.000000" />
  <attribute name="Output H" value="8388608"/>
  <attribute name="Output I" value="200"/>
  <attribute name="Output T" value="1"/>
  <attribute name="Target GC Util Change" value ="20.000000" />
  <attribute name="Current GC Util Change" value="57.000000"/>
  <attribute name="GC Util currently" value="57" />
  <attribute name="CPU Util currently" value="16769828231871" />
<exclusive-end id="1398" timestamp="2019-06-16T00:36:22.409" durationms="3.447" />

<exclusive-start id="1399" timestamp="2019-06-16T00:36:22.418" intervalms="13.001">
  <response-info timems="0.074" idlems="0.074" threads="0" lastid="0000000001627700" lastname="main" />
</exclusive-start>
<allocation-taxation id="1400" taxation-threshold="10485760" timestamp="2019-06-16T00:36:22.418" intervalms="13.019" />
<gc-start id="1401" type="global mark phase" contextid="1338" timestamp="2019-06-16T00:36:22.418">
  <mem-info id="1402" free="27262976" total="62914560" percent="43">
    <remembered-set count="71040" freebytes="2227200" totalbytes="2511360" percent="88" regionsoverflowed="0" regionsstable="0" regionsrebuilding="12"/>
  </mem-info>
</gc-start>
<gc-end id="1403" type="global mark phase" contextid="1338" durationms="0.121" usertimems="0.000" systemtimems="0.000" timestamp="2019-06-16T00:36:22.419" activeThreads="1">
  <mem-info id="1404" free="27262976" total="62914560" percent="43">
    <remembered-set count="71040" freebytes="2227200" totalbytes="2511360" percent="88" regionsoverflowed="0" regionsstable="0" regionsrebuilding="12"/>
  </mem-info>
</gc-end>
<concurrent-start id="1405" type="GMP work packet processing" contextid="1338" timestamp="2019-06-16T00:36:22.419">
  <concurrent-mark-start scanTarget="1048576" />
</concurrent-start>
<concurrent-end id="1406" type="GMP work packet processing" contextid="1338" timestamp="2019-06-16T00:36:22.420">
  <concurrent-mark-end bytesScanned="1088276" reasonForTermination="Work target met" />
</concurrent-end>

<exclusive-end id="1407" timestamp="2019-06-16T00:36:22.420" durationms="1.548" />

<exclusive-start id="1408" timestamp="2019-06-16T00:36:22.429" intervalms="11.124">
  <response-info timems="0.101" idlems="0.101" threads="0" lastid="0000000001627700" lastname="main" />
</exclusive-start>
<allocation-taxation id="1409" taxation-threshold="10485760" timestamp="2019-06-16T00:36:22.429" intervalms="11.124" />
<cycle-start id="1410" type="partial gc" contextid="0" timestamp="2019-06-16T00:36:22.430" intervalms="24.154" />
<gc-start id="1411" type="partial gc" contextid="1410" timestamp="2019-06-16T00:36:22.430">
  <mem-info id="1412" free="16777216" total="62914560" percent="26">
    <mem type="eden" free="1048208" total="22020096" percent="4" />
    <remembered-set count="79840" freebytes="2192000" totalbytes="2511360" percent="87" regionsoverflowed="0" regionsstable="0" regionsrebuilding="12"/>
  </mem-info>
</gc-start>
<allocation-stats totalBytes="20960328" >
  <allocated-bytes non-tlh="0" tlh="20960328" arrayletleaf="0"/>
  <largest-consumer threadName="main" threadId="0000000001627700" bytes="10480400" />
</allocation-stats>
<gc-op id="1413" type="copy forward" timems="1.491" contextid="1410" timestamp="2019-06-16T00:36:22.432">
  <memory-copied type="eden" objects="5" bytes="240" bytesdiscarded="0" />
  <memory-copied type="other" objects="0" bytes="0" bytesdiscarded="0" />
  <memory-cardclean objects="16" bytes="528" />
  <regions eden="20" other="1" />
  <remembered-set-cleared processed="78298" cleared="9" durationms="0.555" />
  <stringconstants candidates="13759" cleared="0"  />
</gc-op>
<gc-op id="1414" type="classunload" timems="0.004" contextid="1410" timestamp="2019-06-16T00:36:22.432">
  <classunload-info classloadercandidates="54" classloadersunloaded="0" classesunloaded="0" anonymousclassesunloaded="0" quiescems="0.000" setupms="0.004" scanms="0.000" postms="0.000" />
</gc-op>
<gc-end id="1415" type="partial gc" contextid="1410" durationms="2.460" usertimems="4.000" systemtimems="0.000" timestamp="2019-06-16T00:36:22.432" activeThreads="1">
  <mem-info id="1416" free="37748736" total="62914560" percent="60">
    <mem type="eden" free="1048336" total="1048576" percent="99" />
    <remembered-set count="80320" freebytes="2190080" totalbytes="2511360" percent="87" regionsoverflowed="0" regionsstable="0" regionsrebuilding="12"/>
  </mem-info>
</gc-end>
<cycle-end id="1417" type="partial gc" contextid="1410" timestamp="2019-06-16T00:36:22.432" />
  <attribute name="elasticGC enabled" value="1" />
  <attribute name= "numThreadsSpecified" value="1" />
  <attribute name="heapSize specified" value="0" />
  <attribute name="Current GC Util" value="56" />
  <attribute name= "Current Time Running" value="12096" />
  <attribute name ="GC Interval" value="0" />
  <attribute name="ProportionalT" value="54.000000" />
  <attribute name="ProportionalI" value="54.000000" />
  <attribute name="ProportionalH" value="54.000000" />
  <attribute name="Current Error" value="36.000000" />
  <attribute name="IntegralT" value="0.000000" />
  <attribute name="IntegralI" value="0.000000" />
  <attribute name="IntegralH" value="0.000000" />
  <attribute name="DerivativeT" value="inf" />
  <attribute name="DerivativeI" value="inf" />
  <attribute name="DerivativeH" value="inf" />
  <attribute name="Loop Time for DT" value="0.000000" />
  <attribute name="Output H" value="8388608"/>
  <attribute name="Output I" value="200"/>
  <attribute name="Output T" value="1"/>
  <attribute name="Target GC Util Change" value ="20.000000" />
  <attribute name="Current GC Util Change" value="56.000000"/>
  <attribute name="GC Util currently" value="56" />
  <attribute name="CPU Util currently" value="18994624937029" />
<exclusive-end id="1418" timestamp="2019-06-16T00:36:22.433" durationms="3.406" />

<exclusive-start id="1419" timestamp="2019-06-16T00:36:22.442" intervalms="13.040">
  <response-info timems="0.118" idlems="0.118" threads="0" lastid="0000000001627700" lastname="main" />
</exclusive-start>
<allocation-taxation id="1420" taxation-threshold="10485760" timestamp="2019-06-16T00:36:22.442" intervalms="13.048" />
<gc-start id="1421" type="global mark phase" contextid="1338" timestamp="2019-06-16T00:36:22.443">
  <mem-info id="1422" free="27262976" total="62914560" percent="43">
    <remembered-set count="79840" freebytes="2192000" totalbytes="2511360" percent="87" regionsoverflowed="0" regionsstable="0" regionsrebuilding="12"/>
  </mem-info>
</gc-start>
<gc-end id="1423" type="global mark phase" contextid="1338" durationms="0.069" usertimems="0.000" systemtimems="0.000" timestamp="2019-06-16T00:36:22.443" activeThreads="1">
  <mem-info id="1424" free="27262976" total="62914560" percent="43">
    <remembered-set count="79840" freebytes="2192000" totalbytes="2511360" percent="87" regionsoverflowed="0" regionsstable="0" regionsrebuilding="12"/>
  </mem-info>
</gc-end>
<concurrent-start id="1425" type="GMP work packet processing" contextid="1338" timestamp="2019-06-16T00:36:22.443">
  <concurrent-mark-start scanTarget="1048576" />
</concurrent-start>
<exclusive-end id="1426" timestamp="2019-06-16T00:36:22.444" durationms="1.371" />

<concurrent-end id="1427" type="GMP work packet processing" contextid="1338" timestamp="2019-06-16T00:36:22.444">
  <concurrent-mark-end bytesScanned="1086468" reasonForTermination="Work target met" />
</concurrent-end>

<exclusive-start id="1428" timestamp="2019-06-16T00:36:22.453" intervalms="10.921">
  <response-info timems="0.113" idlems="0.113" threads="0" lastid="0000000001627700" lastname="main" />
</exclusive-start>
<allocation-taxation id="1429" taxation-threshold="10485760" timestamp="2019-06-16T00:36:22.453" intervalms="10.934" />
<cycle-start id="1430" type="partial gc" contextid="0" timestamp="2019-06-16T00:36:22.453" intervalms="23.986" />
<gc-start id="1431" type="partial gc" contextid="1430" timestamp="2019-06-16T00:36:22.454">
  <mem-info id="1432" free="16777216" total="62914560" percent="26">
    <mem type="eden" free="1048336" total="22020096" percent="4" />
    <remembered-set count="89088" freebytes="2155008" totalbytes="2511360" percent="85" regionsoverflowed="0" regionsstable="0" regionsrebuilding="12"/>
  </mem-info>
</gc-start>
<allocation-stats totalBytes="20960968" >
  <allocated-bytes non-tlh="0" tlh="20960968" arrayletleaf="0"/>
  <largest-consumer threadName="main" threadId="0000000001627700" bytes="10480584" />
</allocation-stats>
<gc-op id="1433" type="copy forward" timems="1.582" contextid="1430" timestamp="2019-06-16T00:36:22.456">
  <memory-copied type="eden" objects="5" bytes="368" bytesdiscarded="0" />
  <memory-copied type="other" objects="0" bytes="0" bytesdiscarded="0" />
  <memory-cardclean objects="16" bytes="528" />
  <regions eden="20" other="1" />
  <remembered-set-cleared processed="87635" cleared="9" durationms="0.618" />
  <stringconstants candidates="13759" cleared="0"  />
</gc-op>
<gc-op id="1434" type="classunload" timems="0.005" contextid="1430" timestamp="2019-06-16T00:36:22.456">
  <classunload-info classloadercandidates="54" classloadersunloaded="0" classesunloaded="0" anonymousclassesunloaded="0" quiescems="0.000" setupms="0.004" scanms="0.000" postms="0.000" />
</gc-op>
<gc-end id="1435" type="partial gc" contextid="1430" durationms="2.457" usertimems="4.000" systemtimems="0.000" timestamp="2019-06-16T00:36:22.456" activeThreads="1">
  <mem-info id="1436" free="37748736" total="62914560" percent="60">
    <mem type="eden" free="1048208" total="1048576" percent="99" />
    <remembered-set count="89536" freebytes="2153216" totalbytes="2511360" percent="85" regionsoverflowed="0" regionsstable="0" regionsrebuilding="12"/>
  </mem-info>
</gc-end>
<cycle-end id="1437" type="partial gc" contextid="1430" timestamp="2019-06-16T00:36:22.456" />
  <attribute name="elasticGC enabled" value="1" />
  <attribute name= "numThreadsSpecified" value="1" />
  <attribute name="heapSize specified" value="0" />
  <attribute name="Current GC Util" value="52" />
  <attribute name= "Current Time Running" value="12120" />
  <attribute name ="GC Interval" value="0" />
  <attribute name="ProportionalT" value="48.000000" />
  <attribute name="ProportionalI" value="48.000000" />
  <attribute name="ProportionalH" value="48.000000" />
  <attribute name="Current Error" value="32.000000" />
  <attribute name="IntegralT" value="0.000000" />
  <attribute name="IntegralI" value="0.000000" />
  <attribute name="IntegralH" value="0.000000" />
  <attribute name="DerivativeT" value="inf" />
  <attribute name="DerivativeI" value="inf" />
  <attribute name="DerivativeH" value="inf" />
  <attribute name="Loop Time for DT" value="0.000000" />
  <attribute name="Output H" value="8388608"/>
  <attribute name="Output I" value="200"/>
  <attribute name="Output T" value="1"/>
  <attribute name="Target GC Util Change" value ="20.000000" />
  <attribute name="Current GC Util Change" value="52.000000"/>
  <attribute name="GC Util currently" value="52" />
  <attribute name="CPU Util currently" value="19117698729563" />
<exclusive-end id="1438" timestamp="2019-06-16T00:36:22.456" durationms="3.301" />

<exclusive-start id="1439" timestamp="2019-06-16T00:36:22.466" intervalms="12.904">
  <response-info timems="0.086" idlems="0.086" threads="0" lastid="0000000001627700" lastname="main" />
</exclusive-start>
<allocation-taxation id="1440" taxation-threshold="10485760" timestamp="2019-06-16T00:36:22.466" intervalms="12.888" />
<gc-start id="1441" type="global mark phase" contextid="1338" timestamp="2019-06-16T00:36:22.466">
  <mem-info id="1442" free="27262976" total="62914560" percent="43">
    <remembered-set count="89088" freebytes="2155008" totalbytes="2511360" percent="85" regionsoverflowed="0" regionsstable="0" regionsrebuilding="12"/>
  </mem-info>
</gc-start>
<gc-end id="1443" type="global mark phase" contextid="1338" durationms="0.072" usertimems="0.000" systemtimems="0.000" timestamp="2019-06-16T00:36:22.466" activeThreads="1">
  <mem-info id="1444" free="27262976" total="62914560" percent="43">
    <remembered-set count="89088" freebytes="2155008" totalbytes="2511360" percent="85" regionsoverflowed="0" regionsstable="0" regionsrebuilding="12"/>
  </mem-info>
</gc-end>
<concurrent-start id="1445" type="GMP work packet processing" contextid="1338" timestamp="2019-06-16T00:36:22.467">
  <concurrent-mark-start scanTarget="1048576" />
</concurrent-start>
<exclusive-end id="1446" timestamp="2019-06-16T00:36:22.467" durationms="0.719" />

<concurrent-end id="1447" type="GMP work packet processing" contextid="1338" timestamp="2019-06-16T00:36:22.468">
  <concurrent-mark-end bytesScanned="1053352" reasonForTermination="Work target met" />
</concurrent-end>

<exclusive-start id="1448" timestamp="2019-06-16T00:36:22.476" intervalms="10.335">
  <response-info timems="0.152" idlems="0.152" threads="0" lastid="0000000001627700" lastname="main" />
</exclusive-start>
<allocation-taxation id="1449" taxation-threshold="10485760" timestamp="2019-06-16T00:36:22.477" intervalms="10.301" />
<cycle-start id="1450" type="partial gc" contextid="0" timestamp="2019-06-16T00:36:22.477" intervalms="23.142" />
<gc-start id="1451" type="partial gc" contextid="1450" timestamp="2019-06-16T00:36:22.477">
  <mem-info id="1452" free="16777216" total="62914560" percent="26">
    <mem type="eden" free="1048208" total="22020096" percent="4" />
    <remembered-set count="95808" freebytes="2128128" totalbytes="2511360" percent="84" regionsoverflowed="0" regionsstable="0" regionsrebuilding="12"/>
  </mem-info>
</gc-start>
<allocation-stats totalBytes="20960328" >
  <allocated-bytes non-tlh="0" tlh="20960328" arrayletleaf="0"/>
  <largest-consumer threadName="main" threadId="0000000001627700" bytes="10480400" />
</allocation-stats>
<gc-op id="1453" type="copy forward" timems="1.653" contextid="1450" timestamp="2019-06-16T00:36:22.479">
  <memory-copied type="eden" objects="5" bytes="240" bytesdiscarded="0" />
  <memory-copied type="other" objects="0" bytes="0" bytesdiscarded="0" />
  <memory-cardclean objects="16" bytes="528" />
  <regions eden="20" other="1" />
  <remembered-set-cleared processed="94315" cleared="9" durationms="0.368" />
  <stringconstants candidates="13759" cleared="0"  />
</gc-op>
<gc-op id="1454" type="classunload" timems="0.005" contextid="1450" timestamp="2019-06-16T00:36:22.479">
  <classunload-info classloadercandidates="54" classloadersunloaded="0" classesunloaded="0" anonymousclassesunloaded="0" quiescems="0.000" setupms="0.005" scanms="0.000" postms="0.000" />
</gc-op>
<gc-end id="1455" type="partial gc" contextid="1450" durationms="2.607" usertimems="4.000" systemtimems="0.000" timestamp="2019-06-16T00:36:22.480" activeThreads="4">
  <mem-info id="1456" free="37748736" total="62914560" percent="60">
    <mem type="eden" free="1048336" total="1048576" percent="99" />
    <remembered-set count="95840" freebytes="2128000" totalbytes="2511360" percent="84" regionsoverflowed="0" regionsstable="0" regionsrebuilding="12"/>
  </mem-info>
</gc-end>
<cycle-end id="1457" type="partial gc" contextid="1450" timestamp="2019-06-16T00:36:22.480" />
  <attribute name="elasticGC enabled" value="1" />
  <attribute name= "numThreadsSpecified" value="4" />
  <attribute name="heapSize specified" value="0" />
  <attribute name="Current GC Util" value="56" />
  <attribute name= "Current Time Running" value="12144" />
  <attribute name ="GC Interval" value="0" />
  <attribute name="ProportionalT" value="54.000000" />
  <attribute name="ProportionalI" value="54.000000" />
  <attribute name="ProportionalH" value="54.000000" />
  <attribute name="Current Error" value="36.000000" />
  <attribute name="IntegralT" value="36.000000" />
  <attribute name="IntegralI" value="36.000000" />
  <attribute name="IntegralH" value="36.000000" />
  <attribute name="DerivativeT" value="18.000000" />
  <attribute name="DerivativeI" value="18.000000" />
  <attribute name="DerivativeH" value="18.000000" />
  <attribute name="Loop Time for DT" value="1.000000" />
  <attribute name="Output H" value="8388608"/>
  <attribute name="Output I" value="200"/>
  <attribute name="Output T" value="4"/>
  <attribute name="Target GC Util Change" value ="20.000000" />
  <attribute name="Current GC Util Change" value="56.000000"/>
  <attribute name="GC Util currently" value="56" />
  <attribute name="CPU Util currently" value="17082153244865" />
<exclusive-end id="1458" timestamp="2019-06-16T00:36:22.480" durationms="3.397" />

<exclusive-start id="1459" timestamp="2019-06-16T00:36:22.490" intervalms="13.103">
  <response-info timems="0.222" idlems="0.222" threads="0" lastid="0000000001627700" lastname="main" />
</exclusive-start>
<allocation-taxation id="1460" taxation-threshold="10485760" timestamp="2019-06-16T00:36:22.490" intervalms="13.175" />
<gc-start id="1461" type="global mark phase" contextid="1338" timestamp="2019-06-16T00:36:22.490">
  <mem-info id="1462" free="27262976" total="62914560" percent="43">
    <remembered-set count="95360" freebytes="2129920" totalbytes="2511360" percent="84" regionsoverflowed="0" regionsstable="0" regionsrebuilding="12"/>
  </mem-info>
</gc-start>
<gc-end id="1463" type="global mark phase" contextid="1338" durationms="0.073" usertimems="0.000" systemtimems="0.000" timestamp="2019-06-16T00:36:22.490" activeThreads="4">
  <mem-info id="1464" free="27262976" total="62914560" percent="43">
    <remembered-set count="95360" freebytes="2129920" totalbytes="2511360" percent="84" regionsoverflowed="0" regionsstable="0" regionsrebuilding="12"/>
  </mem-info>
</gc-end>
<concurrent-start id="1465" type="GMP work packet processing" contextid="1338" timestamp="2019-06-16T00:36:22.490">
  <concurrent-mark-start scanTarget="1683342" />
</concurrent-start>
<concurrent-end id="1466" type="GMP work packet processing" contextid="1338" timestamp="2019-06-16T00:36:22.491">
  <concurrent-mark-end bytesScanned="1678132" reasonForTermination="Completed all work in GC phase" />
</concurrent-end>

<exclusive-end id="1467" timestamp="2019-06-16T00:36:22.491" durationms="1.754" />

<exclusive-start id="1468" timestamp="2019-06-16T00:36:22.501" intervalms="11.425">
  <response-info timems="0.148" idlems="0.148" threads="0" lastid="0000000001627700" lastname="main" />
</exclusive-start>
<allocation-taxation id="1469" taxation-threshold="10485760" timestamp="2019-06-16T00:36:22.501" intervalms="11.339" />
<cycle-start id="1470" type="partial gc" contextid="0" timestamp="2019-06-16T00:36:22.501" intervalms="24.510" />
<gc-start id="1471" type="partial gc" contextid="1470" timestamp="2019-06-16T00:36:22.502">
  <mem-info id="1472" free="16777216" total="62914560" percent="26">
    <mem type="eden" free="1048336" total="22020096" percent="4" />
    <remembered-set count="111680" freebytes="2064640" totalbytes="2511360" percent="82" regionsoverflowed="0" regionsstable="0" regionsrebuilding="12"/>
  </mem-info>
</gc-start>
<allocation-stats totalBytes="20960968" >
  <allocated-bytes non-tlh="0" tlh="20960968" arrayletleaf="0"/>
  <largest-consumer threadName="main" threadId="0000000001627700" bytes="10480584" />
</allocation-stats>
<gc-op id="1473" type="copy forward" timems="1.654" contextid="1470" timestamp="2019-06-16T00:36:22.504">
  <memory-copied type="eden" objects="5" bytes="368" bytesdiscarded="0" />
  <memory-copied type="other" objects="0" bytes="0" bytesdiscarded="0" />
  <memory-cardclean objects="16" bytes="528" />
  <regions eden="20" other="1" />
  <remembered-set-cleared processed="109533" cleared="9" durationms="0.768" />
  <stringconstants candidates="13759" cleared="0"  />
</gc-op>
<gc-op id="1474" type="classunload" timems="0.004" contextid="1470" timestamp="2019-06-16T00:36:22.504">
  <classunload-info classloadercandidates="54" classloadersunloaded="0" classesunloaded="0" anonymousclassesunloaded="0" quiescems="0.000" setupms="0.004" scanms="0.000" postms="0.000" />
</gc-op>
<gc-end id="1475" type="partial gc" contextid="1470" durationms="2.620" usertimems="8.000" systemtimems="0.000" timestamp="2019-06-16T00:36:22.504" activeThreads="1">
  <mem-info id="1476" free="37748736" total="62914560" percent="60">
    <mem type="eden" free="1048208" total="1048576" percent="99" />
    <remembered-set count="112160" freebytes="2062720" totalbytes="2511360" percent="82" regionsoverflowed="0" regionsstable="0" regionsrebuilding="12"/>
  </mem-info>
</gc-end>
<cycle-end id="1477" type="partial gc" contextid="1470" timestamp="2019-06-16T00:36:22.504" />
  <attribute name="elasticGC enabled" value="1" />
  <attribute name= "numThreadsSpecified" value="1" />
  <attribute name="heapSize specified" value="0" />
  <attribute name="Current GC Util" value="45" />
  <attribute name= "Current Time Running" value="12168" />
  <attribute name ="GC Interval" value="0" />
  <attribute name="ProportionalT" value="37.500000" />
  <attribute name="ProportionalI" value="37.500000" />
  <attribute name="ProportionalH" value="37.500000" />
  <attribute name="Current Error" value="25.000000" />
  <attribute name="IntegralT" value="0.000000" />
  <attribute name="IntegralI" value="0.000000" />
  <attribute name="IntegralH" value="0.000000" />
  <attribute name="DerivativeT" value="inf" />
  <attribute name="DerivativeI" value="inf" />
  <attribute name="DerivativeH" value="inf" />
  <attribute name="Loop Time for DT" value="0.000000" />
  <attribute name="Output H" value="8388608"/>
  <attribute name="Output I" value="200"/>
  <attribute name="Output T" value="1"/>
  <attribute name="Target GC Util Change" value ="20.000000" />
  <attribute name="Current GC Util Change" value="45.000000"/>
  <attribute name="GC Util currently" value="45" />
  <attribute name="CPU Util currently" value="16634573533341" />
<exclusive-end id="1478" timestamp="2019-06-16T00:36:22.504" durationms="3.445" />

<exclusive-start id="1479" timestamp="2019-06-16T00:36:22.514" intervalms="13.119">
  <response-info timems="0.182" idlems="0.182" threads="0" lastid="0000000001627700" lastname="main" />
</exclusive-start>
<allocation-taxation id="1480" taxation-threshold="10485760" timestamp="2019-06-16T00:36:22.514" intervalms="13.158" />
<gc-start id="1481" type="global mark phase" contextid="1338" timestamp="2019-06-16T00:36:22.514">
  <mem-info id="1482" free="27262976" total="62914560" percent="43">
    <remembered-set count="111680" freebytes="2064640" totalbytes="2511360" percent="82" regionsoverflowed="0" regionsstable="0" regionsrebuilding="12"/>
  </mem-info>
</gc-start>
<gc-op id="1483" type="mark increment" timems="11.731" contextid="1338" timestamp="2019-06-16T00:36:22.526">
  <trace-info objectcount="7" scancount="5" scanbytes="104" />
  <cardclean-info objects="21595" bytes="906484" />
  <finalization candidates="80" enqueued="0" />
  <ownableSynchronizers candidates="21" cleared="0" />
  <references type="soft" candidates="4807" cleared="0" enqueued="0" dynamicThreshold="19" maxThreshold="32" />
  <references type="weak" candidates="5610" cleared="7" enqueued="3" />
  <references type="phantom" candidates="101" cleared="0" enqueued="0" />
  <stringconstants candidates="13759" cleared="0"  />
</gc-op>
<gc-op id="1484" type="classunload" timems="0.009" contextid="1338" timestamp="2019-06-16T00:36:22.526">
  <classunload-info classloadercandidates="54" classloadersunloaded="0" classesunloaded="0" anonymousclassesunloaded="0" quiescems="0.000" setupms="0.008" scanms="0.000" postms="0.000" />
</gc-op>
<gc-end id="1485" type="global mark phase" contextid="1338" durationms="12.130" usertimems="16.000" systemtimems="0.000" timestamp="2019-06-16T00:36:22.526" activeThreads="1">
  <mem-info id="1486" free="27262976" total="62914560" percent="43">
    <pending-finalizers system="0" default="0" reference="3" classloader="0" />
    <remembered-set count="114752" freebytes="2052352" totalbytes="2511360" percent="81" regionsoverflowed="0" regionsstable="0" regionsrebuilding="0"/>
  </mem-info>
</gc-end>
<cycle-end id="1487" type="global mark phase" contextid="1338" timestamp="2019-06-16T00:36:22.527" />
  <attribute name="elasticGC enabled" value="1" />
  <attribute name= "numThreadsSpecified" value="1" />
  <attribute name="heapSize specified" value="0" />
  <attribute name="Current GC Util" value="158" />
  <attribute name= "Current Time Running" value="12191" />
  <attribute name ="GC Interval" value="0" />
  <attribute name="ProportionalT" value="207.000000" />
  <attribute name="ProportionalI" value="207.000000" />
  <attribute name="ProportionalH" value="207.000000" />
  <attribute name="Current Error" value="138.000000" />
  <attribute name="IntegralT" value="0.000000" />
  <attribute name="IntegralI" value="0.000000" />
  <attribute name="IntegralH" value="0.000000" />
  <attribute name="DerivativeT" value="inf" />
  <attribute name="DerivativeI" value="inf" />
  <attribute name="DerivativeH" value="inf" />
  <attribute name="Loop Time for DT" value="0.000000" />
  <attribute name="Output H" value="8388608"/>
  <attribute name="Output I" value="200"/>
  <attribute name="Output T" value="1"/>
  <attribute name="Target GC Util Change" value ="20.000000" />
  <attribute name="Current GC Util Change" value="158.000000"/>
  <attribute name="GC Util currently" value="158" />
  <attribute name="CPU Util currently" value="15853656501491" />
<exclusive-end id="1488" timestamp="2019-06-16T00:36:22.527" durationms="12.681" />

<exclusive-start id="1489" timestamp="2019-06-16T00:36:22.536" intervalms="22.345">
  <response-info timems="0.153" idlems="0.153" threads="0" lastid="0000000001627700" lastname="main" />
</exclusive-start>
<allocation-taxation id="1490" taxation-threshold="10485760" timestamp="2019-06-16T00:36:22.537" intervalms="22.344" />
<cycle-start id="1491" type="partial gc" contextid="0" timestamp="2019-06-16T00:36:22.537" intervalms="35.538" />
<gc-start id="1492" type="partial gc" contextid="1491" timestamp="2019-06-16T00:36:22.537">
  <mem-info id="1493" free="16777216" total="62914560" percent="26">
    <mem type="eden" free="1048208" total="22020096" percent="4" />
    <remembered-set count="111360" freebytes="2065920" totalbytes="2511360" percent="82" regionsoverflowed="0" regionsstable="3" regionsrebuilding="0"/>
  </mem-info>
</gc-start>
<allocation-stats totalBytes="20959824" >
  <allocated-bytes non-tlh="0" tlh="20959824" arrayletleaf="0"/>
  <largest-consumer threadName="main" threadId="0000000001627700" bytes="10475800" />
</allocation-stats>
<gc-op id="1494" type="sweep" timems="0.669" contextid="1491" timestamp="2019-06-16T00:36:22.538" />
<gc-op id="1495" type="copy forward" timems="1.475" contextid="1491" timestamp="2019-06-16T00:36:22.540">
  <memory-copied type="eden" objects="6" bytes="896" bytesdiscarded="0" />
  <memory-copied type="other" objects="0" bytes="0" bytesdiscarded="0" />
  <memory-cardclean objects="28" bytes="1336" />
  <regions eden="10" other="1" />
  <remembered-set-cleared processed="109396" cleared="18" durationms="0.409" />
  <stringconstants candidates="13759" cleared="0"  />
</gc-op>
<gc-op id="1496" type="classunload" timems="0.004" contextid="1491" timestamp="2019-06-16T00:36:22.540">
  <classunload-info classloadercandidates="54" classloadersunloaded="0" classesunloaded="0" anonymousclassesunloaded="0" quiescems="0.000" setupms="0.003" scanms="0.000" postms="0.000" />
</gc-op>
<gc-end id="1497" type="partial gc" contextid="1491" durationms="3.277" usertimems="8.000" systemtimems="0.000" timestamp="2019-06-16T00:36:22.540" activeThreads="4">
  <mem-info id="1498" free="37748736" total="62914560" percent="60">
    <mem type="eden" free="1047680" total="1048576" percent="99" />
    <remembered-set count="111008" freebytes="2067328" totalbytes="2511360" percent="82" regionsoverflowed="0" regionsstable="3" regionsrebuilding="0"/>
  </mem-info>
</gc-end>
<cycle-end id="1499" type="partial gc" contextid="1491" timestamp="2019-06-16T00:36:22.540" />
  <attribute name="elasticGC enabled" value="1" />
  <attribute name= "numThreadsSpecified" value="4" />
  <attribute name="heapSize specified" value="0" />
  <attribute name="Current GC Util" value="54" />
  <attribute name= "Current Time Running" value="12204" />
  <attribute name ="GC Interval" value="0" />
  <attribute name="ProportionalT" value="51.000000" />
  <attribute name="ProportionalI" value="51.000000" />
  <attribute name="ProportionalH" value="51.000000" />
  <attribute name="Current Error" value="34.000000" />
  <attribute name="IntegralT" value="0.000000" />
  <attribute name="IntegralI" value="0.000000" />
  <attribute name="IntegralH" value="0.000000" />
  <attribute name="DerivativeT" value="-inf" />
  <attribute name="DerivativeI" value="-inf" />
  <attribute name="DerivativeH" value="-inf" />
  <attribute name="Loop Time for DT" value="0.000000" />
  <attribute name="Output H" value="2091843584"/>
  <attribute name="Output I" value="200"/>
  <attribute name="Output T" value="4"/>
  <attribute name="Target GC Util Change" value ="20.000000" />
  <attribute name="Current GC Util Change" value="54.000000"/>
  <attribute name="GC Util currently" value="54" />
  <attribute name="CPU Util currently" value="23306174602539" />
<exclusive-end id="1500" timestamp="2019-06-16T00:36:22.540" durationms="4.059" />

<exclusive-start id="1501" timestamp="2019-06-16T00:36:22.560" intervalms="23.931">
  <response-info timems="0.078" idlems="0.078" threads="0" lastid="0000000001627700" lastname="main" />
</exclusive-start>
<allocation-taxation id="1502" taxation-threshold="22020096" timestamp="2019-06-16T00:36:22.561" intervalms="23.972" />
<cycle-start id="1503" type="partial gc" contextid="0" timestamp="2019-06-16T00:36:22.561" intervalms="24.044" />
<gc-start id="1504" type="partial gc" contextid="1503" timestamp="2019-06-16T00:36:22.561">
  <mem-info id="1505" free="15728640" total="62914560" percent="25">
    <mem type="eden" free="0" total="22020096" percent="0" />
    <remembered-set count="110560" freebytes="2069120" totalbytes="2511360" percent="82" regionsoverflowed="0" regionsstable="3" regionsrebuilding="0"/>
  </mem-info>
</gc-start>
<allocation-stats totalBytes="22008424" >
  <allocated-bytes non-tlh="0" tlh="22008424" arrayletleaf="0"/>
  <largest-consumer threadName="main" threadId="0000000001627700" bytes="22008424" />
</allocation-stats>
<gc-op id="1506" type="copy forward" timems="1.873" contextid="1503" timestamp="2019-06-16T00:36:22.564">
  <memory-copied type="eden" objects="7" bytes="536" bytesdiscarded="0" />
  <memory-copied type="other" objects="301" bytes="58944" bytesdiscarded="1320" />
  <memory-cardclean objects="118" bytes="5120" />
  <regions eden="21" other="4" />
  <remembered-set-cleared processed="109370" cleared="105" durationms="0.428" />
  <ownableSynchronizers candidates="16" cleared="0" />
  <references type="soft" candidates="14" cleared="0" enqueued="0" dynamicThreshold="19" maxThreshold="32" />
  <references type="weak" candidates="20" cleared="0" enqueued="0" />
  <stringconstants candidates="13759" cleared="0"  />
</gc-op>
<gc-op id="1507" type="classunload" timems="0.004" contextid="1503" timestamp="2019-06-16T00:36:22.564">
  <classunload-info classloadercandidates="54" classloadersunloaded="0" classesunloaded="0" anonymousclassesunloaded="0" quiescems="0.000" setupms="0.004" scanms="0.000" postms="0.000" />
</gc-op>
<gc-end id="1508" type="partial gc" contextid="1503" durationms="2.887" usertimems="4.000" systemtimems="0.000" timestamp="2019-06-16T00:36:22.564" activeThreads="4">
  <mem-info id="1509" free="37748736" total="62914560" percent="60">
    <mem type="eden" free="1048040" total="1048576" percent="99" />
    <remembered-set count="111808" freebytes="2064128" totalbytes="2511360" percent="82" regionsoverflowed="0" regionsstable="3" regionsrebuilding="0"/>
  </mem-info>
</gc-end>
<cycle-end id="1510" type="partial gc" contextid="1503" timestamp="2019-06-16T00:36:22.564" />
  <attribute name="elasticGC enabled" value="1" />
  <attribute name= "numThreadsSpecified" value="4" />
  <attribute name="heapSize specified" value="0" />
  <attribute name="Current GC Util" value="62" />
  <attribute name= "Current Time Running" value="12228" />
  <attribute name ="GC Interval" value="0" />
  <attribute name="ProportionalT" value="63.000000" />
  <attribute name="ProportionalI" value="63.000000" />
  <attribute name="ProportionalH" value="63.000000" />
  <attribute name="Current Error" value="42.000000" />
  <attribute name="IntegralT" value="42.000000" />
  <attribute name="IntegralI" value="42.000000" />
  <attribute name="IntegralH" value="42.000000" />
  <attribute name="DerivativeT" value="21.000000" />
  <attribute name="DerivativeI" value="21.000000" />
  <attribute name="DerivativeH" value="21.000000" />
  <attribute name="Loop Time for DT" value="1.000000" />
  <attribute name="Output H" value="8388608"/>
  <attribute name="Output I" value="200"/>
  <attribute name="Output T" value="4"/>
  <attribute name="Target GC Util Change" value ="20.000000" />
  <attribute name="Current GC Util Change" value="62.000000"/>
  <attribute name="GC Util currently" value="62" />
  <attribute name="CPU Util currently" value="17001231284062" />
<exclusive-end id="1511" timestamp="2019-06-16T00:36:22.564" durationms="3.896" />

<exclusive-start id="1512" timestamp="2019-06-16T00:36:22.584" intervalms="23.765">
  <response-info timems="0.108" idlems="0.108" threads="0" lastid="0000000001627700" lastname="main" />
</exclusive-start>
<allocation-taxation id="1513" taxation-threshold="22020096" timestamp="2019-06-16T00:36:22.584" intervalms="23.756" />
<cycle-start id="1514" type="partial gc" contextid="0" timestamp="2019-06-16T00:36:22.584" intervalms="23.713" />
<gc-start id="1515" type="partial gc" contextid="1514" timestamp="2019-06-16T00:36:22.585">
  <mem-info id="1516" free="15728640" total="62914560" percent="25">
    <mem type="eden" free="1048040" total="23068672" percent="4" />
    <remembered-set count="104096" freebytes="2094976" totalbytes="2511360" percent="83" regionsoverflowed="0" regionsstable="7" regionsrebuilding="0"/>
  </mem-info>
</gc-start>
<allocation-stats totalBytes="22008392" >
  <allocated-bytes non-tlh="0" tlh="22008392" arrayletleaf="0"/>
  <largest-consumer threadName="main" threadId="0000000001627700" bytes="22008392" />
</allocation-stats>
<gc-op id="1517" type="copy forward" timems="1.460" contextid="1514" timestamp="2019-06-16T00:36:22.587">
  <memory-copied type="eden" objects="5" bytes="208" bytesdiscarded="0" />
  <memory-copied type="other" objects="20" bytes="632" bytesdiscarded="0" />
  <memory-cardclean objects="38" bytes="9768" />
  <regions eden="21" other="2" />
  <remembered-set-cleared processed="102365" cleared="61" durationms="0.710" />
  <references type="weak" candidates="2" cleared="0" enqueued="0" />
  <stringconstants candidates="13759" cleared="0"  />
</gc-op>
<gc-op id="1518" type="classunload" timems="0.004" contextid="1514" timestamp="2019-06-16T00:36:22.587">
  <classunload-info classloadercandidates="54" classloadersunloaded="0" classesunloaded="0" anonymousclassesunloaded="0" quiescems="0.000" setupms="0.004" scanms="0.000" postms="0.000" />
</gc-op>
<gc-end id="1519" type="partial gc" contextid="1514" durationms="2.411" usertimems="0.000" systemtimems="0.000" timestamp="2019-06-16T00:36:22.587" activeThreads="1">
  <mem-info id="1520" free="37748736" total="62914560" percent="60">
    <mem type="eden" free="1048368" total="1048576" percent="99" />
    <remembered-set count="104384" freebytes="2093824" totalbytes="2511360" percent="83" regionsoverflowed="0" regionsstable="7" regionsrebuilding="0"/>
  </mem-info>
</gc-end>
<cycle-end id="1521" type="partial gc" contextid="1514" timestamp="2019-06-16T00:36:22.587" />
  <attribute name="elasticGC enabled" value="1" />
  <attribute name= "numThreadsSpecified" value="1" />
  <attribute name="heapSize specified" value="0" />
  <attribute name="Current GC Util" value="61" />
  <attribute name= "Current Time Running" value="12251" />
  <attribute name ="GC Interval" value="0" />
  <attribute name="ProportionalT" value="61.500000" />
  <attribute name="ProportionalI" value="61.500000" />
  <attribute name="ProportionalH" value="61.500000" />
  <attribute name="Current Error" value="41.000000" />
  <attribute name="IntegralT" value="0.000000" />
  <attribute name="IntegralI" value="0.000000" />
  <attribute name="IntegralH" value="0.000000" />
  <attribute name="DerivativeT" value="inf" />
  <attribute name="DerivativeI" value="inf" />
  <attribute name="DerivativeH" value="inf" />
  <attribute name="Loop Time for DT" value="0.000000" />
  <attribute name="Output H" value="8388608"/>
  <attribute name="Output I" value="200"/>
  <attribute name="Output T" value="1"/>
  <attribute name="Target GC Util Change" value ="20.000000" />
  <attribute name="Current GC Util Change" value="61.000000"/>
  <attribute name="GC Util currently" value="61" />
  <attribute name="CPU Util currently" value="21157628611020" />
<exclusive-end id="1522" timestamp="2019-06-16T00:36:22.587" durationms="3.339" />

<exclusive-start id="1523" timestamp="2019-06-16T00:36:22.612" intervalms="27.984">
  <response-info timems="0.076" idlems="0.076" threads="0" lastid="0000000001627700" lastname="main" />
</exclusive-start>
<allocation-taxation id="1524" taxation-threshold="22020096" timestamp="2019-06-16T00:36:22.612" intervalms="28.023" />
<cycle-start id="1525" type="partial gc" contextid="0" timestamp="2019-06-16T00:36:22.612" intervalms="28.048" />
<gc-start id="1526" type="partial gc" contextid="1525" timestamp="2019-06-16T00:36:22.613">
  <mem-info id="1527" free="15728640" total="62914560" percent="25">
    <mem type="eden" free="1048368" total="23068672" percent="4" />
    <remembered-set count="103968" freebytes="2095488" totalbytes="2511360" percent="83" regionsoverflowed="0" regionsstable="7" regionsrebuilding="0"/>
  </mem-info>
</gc-start>
<allocation-stats totalBytes="22005464" >
  <allocated-bytes non-tlh="0" tlh="22005464" arrayletleaf="0"/>
  <largest-consumer threadName="main" threadId="0000000001627700" bytes="22005464" />
</allocation-stats>
<gc-op id="1528" type="copy forward" timems="1.485" contextid="1525" timestamp="2019-06-16T00:36:22.615">
  <memory-copied type="eden" objects="28" bytes="1312" bytesdiscarded="0" />
  <memory-copied type="other" objects="46" bytes="1336" bytesdiscarded="0" />
  <memory-cardclean objects="92" bytes="12080" />
  <regions eden="21" other="2" />
  <remembered-set-cleared processed="102338" cleared="84" durationms="0.711" />
  <references type="weak" candidates="26" cleared="0" enqueued="0" />
  <stringconstants candidates="13759" cleared="0"  />
</gc-op>
<gc-op id="1529" type="classunload" timems="0.004" contextid="1525" timestamp="2019-06-16T00:36:22.615">
  <classunload-info classloadercandidates="54" classloadersunloaded="0" classesunloaded="0" anonymousclassesunloaded="0" quiescems="0.000" setupms="0.004" scanms="0.000" postms="0.000" />
</gc-op>
<gc-end id="1530" type="partial gc" contextid="1525" durationms="2.438" usertimems="0.000" systemtimems="4.000" timestamp="2019-06-16T00:36:22.615" activeThreads="1">
  <mem-info id="1531" free="37748736" total="62914560" percent="60">
    <mem type="eden" free="1047264" total="1048576" percent="99" />
    <remembered-set count="104352" freebytes="2093952" totalbytes="2511360" percent="83" regionsoverflowed="0" regionsstable="7" regionsrebuilding="0"/>
  </mem-info>
</gc-end>
<cycle-end id="1532" type="partial gc" contextid="1525" timestamp="2019-06-16T00:36:22.615" />
  <attribute name="elasticGC enabled" value="1" />
  <attribute name= "numThreadsSpecified" value="1" />
  <attribute name="heapSize specified" value="0" />
  <attribute name="Current GC Util" value="55" />
  <attribute name= "Current Time Running" value="12279" />
  <attribute name ="GC Interval" value="0" />
  <attribute name="ProportionalT" value="52.500000" />
  <attribute name="ProportionalI" value="52.500000" />
  <attribute name="ProportionalH" value="52.500000" />
  <attribute name="Current Error" value="35.000000" />
  <attribute name="IntegralT" value="0.000000" />
  <attribute name="IntegralI" value="0.000000" />
  <attribute name="IntegralH" value="0.000000" />
  <attribute name="DerivativeT" value="inf" />
  <attribute name="DerivativeI" value="inf" />
  <attribute name="DerivativeH" value="inf" />
  <attribute name="Loop Time for DT" value="0.000000" />
  <attribute name="Output H" value="8388608"/>
  <attribute name="Output I" value="200"/>
  <attribute name="Output T" value="1"/>
  <attribute name="Target GC Util Change" value ="20.000000" />
  <attribute name="Current GC Util Change" value="55.000000"/>
  <attribute name="GC Util currently" value="55" />
  <attribute name="CPU Util currently" value="18823515457495" />
<exclusive-end id="1533" timestamp="2019-06-16T00:36:22.616" durationms="3.480" />

<exclusive-start id="1534" timestamp="2019-06-16T00:36:22.635" intervalms="23.197">
  <response-info timems="0.066" idlems="0.066" threads="0" lastid="0000000001627700" lastname="main" />
</exclusive-start>
<allocation-taxation id="1535" taxation-threshold="22020096" timestamp="2019-06-16T00:36:22.636" intervalms="23.197" />
<cycle-start id="1536" type="partial gc" contextid="0" timestamp="2019-06-16T00:36:22.636" intervalms="23.168" />
<gc-start id="1537" type="partial gc" contextid="1536" timestamp="2019-06-16T00:36:22.636">
  <mem-info id="1538" free="15728640" total="62914560" percent="25">
    <mem type="eden" free="0" total="22020096" percent="0" />
    <remembered-set count="103936" freebytes="2095616" totalbytes="2511360" percent="83" regionsoverflowed="0" regionsstable="7" regionsrebuilding="0"/>
  </mem-info>
</gc-start>
<allocation-stats totalBytes="21999928" >
  <allocated-bytes non-tlh="0" tlh="21999928" arrayletleaf="0"/>
  <largest-consumer threadName="main" threadId="0000000001627700" bytes="21999928" />
</allocation-stats>
<gc-op id="1539" type="copy forward" timems="1.867" contextid="1536" timestamp="2019-06-16T00:36:22.639">
  <memory-copied type="eden" objects="5" bytes="352" bytesdiscarded="0" />
  <memory-copied type="other" objects="23" bytes="968" bytesdiscarded="0" />
  <memory-cardclean objects="51" bytes="2120" />
  <regions eden="21" other="1" />
  <remembered-set-cleared processed="102319" cleared="35" durationms="0.413" />
  <stringconstants candidates="13759" cleared="0"  />
</gc-op>
<gc-op id="1540" type="classunload" timems="0.005" contextid="1536" timestamp="2019-06-16T00:36:22.639">
  <classunload-info classloadercandidates="54" classloadersunloaded="0" classesunloaded="0" anonymousclassesunloaded="0" quiescems="0.000" setupms="0.004" scanms="0.000" postms="0.000" />
</gc-op>
<heap-resize id="1541" type="expand" space="default" amount="3145728" count="1" timems="0.063" reason="excessive time being spent in gc" timestamp="2019-06-16T00:36:22.639" />
<gc-end id="1542" type="partial gc" contextid="1536" durationms="3.002" usertimems="8.000" systemtimems="0.000" timestamp="2019-06-16T00:36:22.639" activeThreads="4">
  <mem-info id="1543" free="39845888" total="66060288" percent="60">
    <mem type="eden" free="1048224" total="1048576" percent="99" />
    <remembered-set count="104192" freebytes="2220160" totalbytes="2636928" percent="84" regionsoverflowed="0" regionsstable="7" regionsrebuilding="0"/>
  </mem-info>
</gc-end>
<cycle-end id="1544" type="partial gc" contextid="1536" timestamp="2019-06-16T00:36:22.639" />
  <attribute name="elasticGC enabled" value="1" />
  <attribute name= "numThreadsSpecified" value="4" />
  <attribute name="heapSize specified" value="0" />
  <attribute name="Current GC Util" value="62" />
  <attribute name= "Current Time Running" value="12303" />
  <attribute name ="GC Interval" value="0" />
  <attribute name="ProportionalT" value="63.000000" />
  <attribute name="ProportionalI" value="63.000000" />
  <attribute name="ProportionalH" value="63.000000" />
  <attribute name="Current Error" value="42.000000" />
  <attribute name="IntegralT" value="42.000000" />
  <attribute name="IntegralI" value="42.000000" />
  <attribute name="IntegralH" value="42.000000" />
  <attribute name="DerivativeT" value="21.000000" />
  <attribute name="DerivativeI" value="21.000000" />
  <attribute name="DerivativeH" value="21.000000" />
  <attribute name="Loop Time for DT" value="1.000000" />
  <attribute name="Output H" value="8388608"/>
  <attribute name="Output I" value="200"/>
  <attribute name="Output T" value="4"/>
  <attribute name="Target GC Util Change" value ="20.000000" />
  <attribute name="Current GC Util Change" value="62.000000"/>
  <attribute name="GC Util currently" value="62" />
  <attribute name="CPU Util currently" value="19138961947548" />
<exclusive-end id="1545" timestamp="2019-06-16T00:36:22.639" durationms="4.004" />

<exclusive-start id="1546" timestamp="2019-06-16T00:36:22.660" intervalms="24.612">
  <response-info timems="0.102" idlems="0.102" threads="0" lastid="0000000001627700" lastname="main" />
</exclusive-start>
<allocation-taxation id="1547" taxation-threshold="23068672" timestamp="2019-06-16T00:36:22.660" intervalms="24.621" />
<cycle-start id="1548" type="partial gc" contextid="0" timestamp="2019-06-16T00:36:22.660" intervalms="24.648" />
<gc-start id="1549" type="partial gc" contextid="1548" timestamp="2019-06-16T00:36:22.661">
  <mem-info id="1550" free="16777216" total="66060288" percent="25">
    <mem type="eden" free="1048224" total="24117248" percent="4" />
    <remembered-set count="104192" freebytes="2220160" totalbytes="2636928" percent="84" regionsoverflowed="0" regionsstable="7" regionsrebuilding="0"/>
  </mem-info>
</gc-start>
<allocation-stats totalBytes="23047200" >
  <allocated-bytes non-tlh="0" tlh="23047200" arrayletleaf="0"/>
  <largest-consumer threadName="main" threadId="0000000001627700" bytes="23047200" />
</allocation-stats>
<gc-op id="1551" type="copy forward" timems="1.668" contextid="1548" timestamp="2019-06-16T00:36:22.663">
  <memory-copied type="eden" objects="5" bytes="352" bytesdiscarded="0" />
  <memory-copied type="other" objects="0" bytes="0" bytesdiscarded="0" />
  <memory-cardclean objects="15" bytes="512" />
  <regions eden="22" other="1" />
  <remembered-set-cleared processed="102323" cleared="9" durationms="0.731" />
  <stringconstants candidates="13759" cleared="0"  />
</gc-op>
<gc-op id="1552" type="classunload" timems="0.004" contextid="1548" timestamp="2019-06-16T00:36:22.663">
  <classunload-info classloadercandidates="54" classloadersunloaded="0" classesunloaded="0" anonymousclassesunloaded="0" quiescems="0.000" setupms="0.004" scanms="0.000" postms="0.000" />
</gc-op>
<gc-end id="1553" type="partial gc" contextid="1548" durationms="2.896" usertimems="4.000" systemtimems="0.000" timestamp="2019-06-16T00:36:22.664" activeThreads="1">
  <mem-info id="1554" free="39845888" total="66060288" percent="60">
    <mem type="eden" free="1048224" total="1048576" percent="99" />
    <remembered-set count="104704" freebytes="2218112" totalbytes="2636928" percent="84" regionsoverflowed="0" regionsstable="7" regionsrebuilding="0"/>
  </mem-info>
</gc-end>
<cycle-end id="1555" type="partial gc" contextid="1548" timestamp="2019-06-16T00:36:22.664" />
  <attribute name="elasticGC enabled" value="1" />
  <attribute name= "numThreadsSpecified" value="1" />
  <attribute name="heapSize specified" value="0" />
  <attribute name="Current GC Util" value="162" />
  <attribute name= "Current Time Running" value="12327" />
  <attribute name ="GC Interval" value="0" />
  <attribute name="ProportionalT" value="213.000000" />
  <attribute name="ProportionalI" value="213.000000" />
  <attribute name="ProportionalH" value="213.000000" />
  <attribute name="Current Error" value="142.000000" />
  <attribute name="IntegralT" value="0.000000" />
  <attribute name="IntegralI" value="0.000000" />
  <attribute name="IntegralH" value="0.000000" />
  <attribute name="DerivativeT" value="inf" />
  <attribute name="DerivativeI" value="inf" />
  <attribute name="DerivativeH" value="inf" />
  <attribute name="Loop Time for DT" value="0.000000" />
  <attribute name="Output H" value="8388608"/>
  <attribute name="Output I" value="200"/>
  <attribute name="Output T" value="1"/>
  <attribute name="Target GC Util Change" value ="20.000000" />
  <attribute name="Current GC Util Change" value="162.000000"/>
  <attribute name="GC Util currently" value="162" />
  <attribute name="CPU Util currently" value="13118934690558" />
<exclusive-end id="1556" timestamp="2019-06-16T00:36:22.664" durationms="3.998" />

<exclusive-start id="1557" timestamp="2019-06-16T00:36:22.684" intervalms="24.511">
  <response-info timems="0.077" idlems="0.077" threads="0" lastid="0000000001627700" lastname="main" />
</exclusive-start>
<allocation-taxation id="1558" taxation-threshold="23068672" timestamp="2019-06-16T00:36:22.685" intervalms="24.495" />
<cycle-start id="1559" type="partial gc" contextid="0" timestamp="2019-06-16T00:36:22.685" intervalms="24.526" />
<gc-start id="1560" type="partial gc" contextid="1559" timestamp="2019-06-16T00:36:22.685">
  <mem-info id="1561" free="16777216" total="66060288" percent="25">
    <mem type="eden" free="1048224" total="24117248" percent="4" />
    <remembered-set count="104224" freebytes="2220032" totalbytes="2636928" percent="84" regionsoverflowed="0" regionsstable="7" regionsrebuilding="0"/>
  </mem-info>
</gc-start>
<allocation-stats totalBytes="23047200" >
  <allocated-bytes non-tlh="0" tlh="23047200" arrayletleaf="0"/>
  <largest-consumer threadName="main" threadId="0000000001627700" bytes="23047200" />
</allocation-stats>
<gc-op id="1562" type="copy forward" timems="1.657" contextid="1559" timestamp="2019-06-16T00:36:22.688">
  <memory-copied type="eden" objects="5" bytes="352" bytesdiscarded="0" />
  <memory-copied type="other" objects="0" bytes="0" bytesdiscarded="0" />
  <memory-cardclean objects="15" bytes="512" />
  <regions eden="22" other="1" />
  <remembered-set-cleared processed="102322" cleared="8" durationms="0.755" />
  <stringconstants candidates="13759" cleared="0"  />
</gc-op>
<gc-op id="1563" type="classunload" timems="0.004" contextid="1559" timestamp="2019-06-16T00:36:22.688">
  <classunload-info classloadercandidates="54" classloadersunloaded="0" classesunloaded="0" anonymousclassesunloaded="0" quiescems="0.000" setupms="0.003" scanms="0.000" postms="0.000" />
</gc-op>
<gc-end id="1564" type="partial gc" contextid="1559" durationms="2.879" usertimems="4.000" systemtimems="0.000" timestamp="2019-06-16T00:36:22.688" activeThreads="1">
  <mem-info id="1565" free="39845888" total="66060288" percent="60">
    <mem type="eden" free="1048224" total="1048576" percent="99" />
    <remembered-set count="104704" freebytes="2218112" totalbytes="2636928" percent="84" regionsoverflowed="0" regionsstable="7" regionsrebuilding="0"/>
  </mem-info>
</gc-end>
<cycle-end id="1566" type="partial gc" contextid="1559" timestamp="2019-06-16T00:36:22.688" />
  <attribute name="elasticGC enabled" value="1" />
  <attribute name= "numThreadsSpecified" value="1" />
  <attribute name="heapSize specified" value="0" />
  <attribute name="Current GC Util" value="279" />
  <attribute name= "Current Time Running" value="12352" />
  <attribute name ="GC Interval" value="0" />
  <attribute name="ProportionalT" value="388.500000" />
  <attribute name="ProportionalI" value="388.500000" />
  <attribute name="ProportionalH" value="388.500000" />
  <attribute name="Current Error" value="259.000000" />
  <attribute name="IntegralT" value="0.000000" />
  <attribute name="IntegralI" value="0.000000" />
  <attribute name="IntegralH" value="0.000000" />
  <attribute name="DerivativeT" value="inf" />
  <attribute name="DerivativeI" value="inf" />
  <attribute name="DerivativeH" value="inf" />
  <attribute name="Loop Time for DT" value="0.000000" />
  <attribute name="Output H" value="8388608"/>
  <attribute name="Output I" value="200"/>
  <attribute name="Output T" value="1"/>
  <attribute name="Target GC Util Change" value ="20.000000" />
  <attribute name="Current GC Util Change" value="279.000000"/>
  <attribute name="GC Util currently" value="279" />
  <attribute name="CPU Util currently" value="13133131499008" />
<exclusive-end id="1567" timestamp="2019-06-16T00:36:22.689" durationms="4.098" />

<exclusive-start id="1568" timestamp="2019-06-16T00:36:22.750" intervalms="65.199">
  <response-info timems="0.151" idlems="0.151" threads="0" lastid="0000000001627700" lastname="main" />
</exclusive-start>
<allocation-taxation id="1569" taxation-threshold="23068672" timestamp="2019-06-16T00:36:22.750" intervalms="65.196" />
<cycle-start id="1570" type="partial gc" contextid="0" timestamp="2019-06-16T00:36:22.750" intervalms="65.134" />
<gc-start id="1571" type="partial gc" contextid="1570" timestamp="2019-06-16T00:36:22.750">
  <mem-info id="1572" free="16777216" total="66060288" percent="25">
    <mem type="eden" free="1048224" total="24117248" percent="4" />
    <remembered-set count="104224" freebytes="2220032" totalbytes="2636928" percent="84" regionsoverflowed="0" regionsstable="7" regionsrebuilding="0"/>
  </mem-info>
</gc-start>
<allocation-stats totalBytes="23057568" >
  <allocated-bytes non-tlh="0" tlh="23057568" arrayletleaf="0"/>
  <largest-consumer threadName="main" threadId="0000000001627700" bytes="23057568" />
</allocation-stats>
<gc-op id="1573" type="copy forward" timems="1.469" contextid="1570" timestamp="2019-06-16T00:36:22.752">
  <memory-copied type="eden" objects="41" bytes="1784" bytesdiscarded="0" />
  <memory-copied type="other" objects="0" bytes="0" bytesdiscarded="0" />
  <memory-cardclean objects="78" bytes="2984" />
  <regions eden="22" other="1" />
  <remembered-set-cleared processed="102322" cleared="40" durationms="0.741" />
  <stringconstants candidates="13759" cleared="0"  />
</gc-op>
<gc-op id="1574" type="classunload" timems="0.004" contextid="1570" timestamp="2019-06-16T00:36:22.753">
  <classunload-info classloadercandidates="54" classloadersunloaded="0" classesunloaded="0" anonymousclassesunloaded="0" quiescems="0.000" setupms="0.004" scanms="0.000" postms="0.000" />
</gc-op>
<gc-end id="1575" type="partial gc" contextid="1570" durationms="2.524" usertimems="0.000" systemtimems="0.000" timestamp="2019-06-16T00:36:22.753" activeThreads="1">
  <mem-info id="1576" free="39845888" total="66060288" percent="60">
    <mem type="eden" free="1046792" total="1048576" percent="99" />
    <remembered-set count="104608" freebytes="2218496" totalbytes="2636928" percent="84" regionsoverflowed="0" regionsstable="7" regionsrebuilding="0"/>
  </mem-info>
</gc-end>
<cycle-end id="1577" type="partial gc" contextid="1570" timestamp="2019-06-16T00:36:22.753" />
  <attribute name="elasticGC enabled" value="1" />
  <attribute name= "numThreadsSpecified" value="1" />
  <attribute name="heapSize specified" value="0" />
  <attribute name="Current GC Util" value="226" />
  <attribute name= "Current Time Running" value="12417" />
  <attribute name ="GC Interval" value="0" />
  <attribute name="ProportionalT" value="309.000000" />
  <attribute name="ProportionalI" value="309.000000" />
  <attribute name="ProportionalH" value="309.000000" />
  <attribute name="Current Error" value="206.000000" />
  <attribute name="IntegralT" value="0.000000" />
  <attribute name="IntegralI" value="0.000000" />
  <attribute name="IntegralH" value="0.000000" />
  <attribute name="DerivativeT" value="inf" />
  <attribute name="DerivativeI" value="inf" />
  <attribute name="DerivativeH" value="inf" />
  <attribute name="Loop Time for DT" value="0.000000" />
  <attribute name="Output H" value="8388608"/>
  <attribute name="Output I" value="200"/>
  <attribute name="Output T" value="1"/>
  <attribute name="Target GC Util Change" value ="20.000000" />
  <attribute name="Current GC Util Change" value="226.000000"/>
  <attribute name="GC Util currently" value="226" />
  <attribute name="CPU Util currently" value="19436775571167" />
<exclusive-end id="1578" timestamp="2019-06-16T00:36:22.753" durationms="3.678" />

<exclusive-start id="1579" timestamp="2019-06-16T00:36:22.822" intervalms="72.733">
  <response-info timems="0.244" idlems="0.244" threads="0" lastid="0000000001627700" lastname="main" />
</exclusive-start>
<allocation-taxation id="1580" taxation-threshold="23068672" timestamp="2019-06-16T00:36:22.823" intervalms="72.732" />
<cycle-start id="1581" type="partial gc" contextid="0" timestamp="2019-06-16T00:36:22.823" intervalms="72.720" />
<gc-start id="1582" type="partial gc" contextid="1581" timestamp="2019-06-16T00:36:22.823">
  <mem-info id="1583" free="16777216" total="66060288" percent="25">
    <mem type="eden" free="0" total="23068672" percent="0" />
    <remembered-set count="104160" freebytes="2220288" totalbytes="2636928" percent="84" regionsoverflowed="0" regionsstable="7" regionsrebuilding="0"/>
  </mem-info>
</gc-start>
<allocation-stats totalBytes="23063528" >
  <allocated-bytes non-tlh="0" tlh="23063528" arrayletleaf="0"/>
  <largest-consumer threadName="main" threadId="0000000001627700" bytes="23063528" />
</allocation-stats>
<gc-op id="1584" type="copy forward" timems="1.740" contextid="1581" timestamp="2019-06-16T00:36:22.825">
  <memory-copied type="eden" objects="20" bytes="904" bytesdiscarded="0" />
  <memory-copied type="other" objects="23" bytes="992" bytesdiscarded="0" />
  <memory-cardclean objects="52" bytes="2184" />
  <regions eden="22" other="1" />
  <remembered-set-cleared processed="102323" cleared="35" durationms="0.400" />
  <stringconstants candidates="13759" cleared="0"  />
</gc-op>
<gc-op id="1585" type="classunload" timems="0.004" contextid="1581" timestamp="2019-06-16T00:36:22.826">
  <classunload-info classloadercandidates="54" classloadersunloaded="0" classesunloaded="0" anonymousclassesunloaded="0" quiescems="0.000" setupms="0.004" scanms="0.000" postms="0.000" />
</gc-op>
<gc-end id="1586" type="partial gc" contextid="1581" durationms="2.717" usertimems="8.000" systemtimems="0.000" timestamp="2019-06-16T00:36:22.826" activeThreads="4">
  <mem-info id="1587" free="38797312" total="66060288" percent="58">
    <mem type="eden" free="1047672" total="1048576" percent="99" />
    <remembered-set count="104288" freebytes="2219776" totalbytes="2636928" percent="84" regionsoverflowed="0" regionsstable="7" regionsrebuilding="0"/>
  </mem-info>
</gc-end>
<cycle-end id="1588" type="partial gc" contextid="1581" timestamp="2019-06-16T00:36:22.826" />
  <attribute name="elasticGC enabled" value="1" />
  <attribute name= "numThreadsSpecified" value="4" />
  <attribute name="heapSize specified" value="0" />
  <attribute name="Current GC Util" value="83" />
  <attribute name= "Current Time Running" value="12490" />
  <attribute name ="GC Interval" value="0" />
  <attribute name="ProportionalT" value="94.500000" />
  <attribute name="ProportionalI" value="94.500000" />
  <attribute name="ProportionalH" value="94.500000" />
  <attribute name="Current Error" value="63.000000" />
  <attribute name="IntegralT" value="63.000000" />
  <attribute name="IntegralI" value="63.000000" />
  <attribute name="IntegralH" value="63.000000" />
  <attribute name="DerivativeT" value="31.500000" />
  <attribute name="DerivativeI" value="31.500000" />
  <attribute name="DerivativeH" value="31.500000" />
  <attribute name="Loop Time for DT" value="1.000000" />
  <attribute name="Output H" value="8388608"/>
  <attribute name="Output I" value="200"/>
  <attribute name="Output T" value="4"/>
  <attribute name="Target GC Util Change" value ="20.000000" />
  <attribute name="Current GC Util Change" value="83.000000"/>
  <attribute name="GC Util currently" value="83" />
  <attribute name="CPU Util currently" value="18720056800700" />
<exclusive-end id="1589" timestamp="2019-06-16T00:36:22.826" durationms="3.807" />

<exclusive-start id="1590" timestamp="2019-06-16T00:36:22.895" intervalms="72.464">
  <response-info timems="0.158" idlems="0.158" threads="0" lastid="0000000001627700" lastname="main" />
</exclusive-start>
<allocation-taxation id="1591" taxation-threshold="23068672" timestamp="2019-06-16T00:36:22.895" intervalms="72.431" />
<cycle-start id="1592" type="partial gc" contextid="0" timestamp="2019-06-16T00:36:22.895" intervalms="72.508" />
<gc-start id="1593" type="partial gc" contextid="1592" timestamp="2019-06-16T00:36:22.896">
  <mem-info id="1594" free="15728640" total="66060288" percent="23">
    <mem type="eden" free="1047672" total="24117248" percent="4" />
    <remembered-set count="103840" freebytes="2221568" totalbytes="2636928" percent="84" regionsoverflowed="0" regionsstable="7" regionsrebuilding="0"/>
  </mem-info>
</gc-start>
<allocation-stats totalBytes="23063568" >
  <allocated-bytes non-tlh="0" tlh="23063568" arrayletleaf="0"/>
  <largest-consumer threadName="main" threadId="0000000001627700" bytes="23063568" />
</allocation-stats>
<gc-op id="1595" type="copy forward" timems="1.676" contextid="1592" timestamp="2019-06-16T00:36:22.898">
  <memory-copied type="eden" objects="28" bytes="1328" bytesdiscarded="0" />
  <memory-copied type="other" objects="0" bytes="0" bytesdiscarded="0" />
  <memory-cardclean objects="14" bytes="512" />
  <regions eden="22" other="1" />
  <remembered-set-cleared processed="102330" cleared="11" durationms="0.734" />
  <stringconstants candidates="13759" cleared="0"  />
</gc-op>
<gc-op id="1596" type="classunload" timems="0.004" contextid="1592" timestamp="2019-06-16T00:36:22.898">
  <classunload-info classloadercandidates="54" classloadersunloaded="0" classesunloaded="0" anonymousclassesunloaded="0" quiescems="0.000" setupms="0.004" scanms="0.000" postms="0.000" />
</gc-op>
<gc-end id="1597" type="partial gc" contextid="1592" durationms="2.911" usertimems="4.000" systemtimems="4.000" timestamp="2019-06-16T00:36:22.898" activeThreads="1">
  <mem-info id="1598" free="38797312" total="66060288" percent="58">
    <mem type="eden" free="1047248" total="1048576" percent="99" />
    <remembered-set count="104320" freebytes="2219648" totalbytes="2636928" percent="84" regionsoverflowed="0" regionsstable="7" regionsrebuilding="0"/>
  </mem-info>
</gc-end>
<cycle-end id="1599" type="partial gc" contextid="1592" timestamp="2019-06-16T00:36:22.899" />
  <attribute name="elasticGC enabled" value="1" />
  <attribute name= "numThreadsSpecified" value="1" />
  <attribute name="heapSize specified" value="0" />
  <attribute name="Current GC Util" value="176" />
  <attribute name= "Current Time Running" value="12562" />
  <attribute name ="GC Interval" value="0" />
  <attribute name="ProportionalT" value="234.000000" />
  <attribute name="ProportionalI" value="234.000000" />
  <attribute name="ProportionalH" value="234.000000" />
  <attribute name="Current Error" value="156.000000" />
  <attribute name="IntegralT" value="0.000000" />
  <attribute name="IntegralI" value="0.000000" />
  <attribute name="IntegralH" value="0.000000" />
  <attribute name="DerivativeT" value="inf" />
  <attribute name="DerivativeI" value="inf" />
  <attribute name="DerivativeH" value="inf" />
  <attribute name="Loop Time for DT" value="0.000000" />
  <attribute name="Output H" value="8388608"/>
  <attribute name="Output I" value="200"/>
  <attribute name="Output T" value="1"/>
  <attribute name="Target GC Util Change" value ="20.000000" />
  <attribute name="Current GC Util Change" value="176.000000"/>
  <attribute name="GC Util currently" value="176" />
  <attribute name="CPU Util currently" value="12994874374755" />
<exclusive-end id="1600" timestamp="2019-06-16T00:36:22.899" durationms="4.015" />

<exclusive-start id="1601" timestamp="2019-06-16T00:36:23.173" intervalms="278.447">
  <response-info timems="0.142" idlems="0.142" threads="0" lastid="0000000001627700" lastname="main" />
</exclusive-start>
<allocation-taxation id="1602" taxation-threshold="23068672" timestamp="2019-06-16T00:36:23.173" intervalms="278.494" />
<cycle-start id="1603" type="partial gc" contextid="0" timestamp="2019-06-16T00:36:23.174" intervalms="278.464" />
<gc-start id="1604" type="partial gc" contextid="1603" timestamp="2019-06-16T00:36:23.174">
  <mem-info id="1605" free="15728640" total="66060288" percent="23">
    <mem type="eden" free="1047248" total="24117248" percent="4" />
    <remembered-set count="103840" freebytes="2221568" totalbytes="2636928" percent="84" regionsoverflowed="0" regionsstable="7" regionsrebuilding="0"/>
  </mem-info>
</gc-start>
<allocation-stats totalBytes="23063896" >
  <allocated-bytes non-tlh="0" tlh="23063896" arrayletleaf="0"/>
  <largest-consumer threadName="main" threadId="0000000001627700" bytes="23063896" />
</allocation-stats>
<gc-op id="1606" type="copy forward" timems="1.658" contextid="1603" timestamp="2019-06-16T00:36:23.177">
  <memory-copied type="eden" objects="66" bytes="2624" bytesdiscarded="0" />
  <memory-copied type="other" objects="0" bytes="0" bytesdiscarded="0" />
  <memory-cardclean objects="66" bytes="2552" />
  <regions eden="22" other="1" />
  <remembered-set-cleared processed="102327" cleared="31" durationms="0.417" />
  <stringconstants candidates="13759" cleared="0"  />
</gc-op>
<gc-op id="1607" type="classunload" timems="0.004" contextid="1603" timestamp="2019-06-16T00:36:23.177">
  <classunload-info classloadercandidates="54" classloadersunloaded="0" classesunloaded="0" anonymousclassesunloaded="0" quiescems="0.000" setupms="0.004" scanms="0.000" postms="0.000" />
</gc-op>
<heap-resize id="1608" type="contract" space="default" amount="4194304" count="1" timems="0.054" reason="insufficient time being spent in gc" timestamp="2019-06-16T00:36:23.177" />
<gc-end id="1609" type="partial gc" contextid="1603" durationms="2.958" usertimems="0.000" systemtimems="0.000" timestamp="2019-06-16T00:36:23.177" activeThreads="4">
  <mem-info id="1610" free="34603008" total="61865984" percent="55">
    <mem type="eden" free="1045952" total="1048576" percent="99" />
    <remembered-set count="104320" freebytes="2219648" totalbytes="2636928" percent="84" regionsoverflowed="0" regionsstable="7" regionsrebuilding="0"/>
  </mem-info>
</gc-end>
<cycle-end id="1611" type="partial gc" contextid="1603" timestamp="2019-06-16T00:36:23.177" />
  <attribute name="elasticGC enabled" value="1" />
  <attribute name= "numThreadsSpecified" value="4" />
  <attribute name="heapSize specified" value="0" />
  <attribute name="Current GC Util" value="225" />
  <attribute name= "Current Time Running" value="12841" />
  <attribute name ="GC Interval" value="0" />
  <attribute name="ProportionalT" value="307.500000" />
  <attribute name="ProportionalI" value="307.500000" />
  <attribute name="ProportionalH" value="307.500000" />
  <attribute name="Current Error" value="205.000000" />
  <attribute name="IntegralT" value="205.000000" />
  <attribute name="IntegralI" value="205.000000" />
  <attribute name="IntegralH" value="205.000000" />
  <attribute name="DerivativeT" value="102.500000" />
  <attribute name="DerivativeI" value="102.500000" />
  <attribute name="DerivativeH" value="102.500000" />
  <attribute name="Loop Time for DT" value="1.000000" />
  <attribute name="Output H" value="8388608"/>
  <attribute name="Output I" value="616"/>
  <attribute name="Output T" value="4"/>
  <attribute name="Target GC Util Change" value ="20.000000" />
  <attribute name="Current GC Util Change" value="225.000000"/>
  <attribute name="GC Util currently" value="225" />
  <attribute name="CPU Util currently" value="16385686747735" />
<exclusive-end id="1612" timestamp="2019-06-16T00:36:23.177" durationms="4.162" />

<exclusive-start id="1613" timestamp="2019-06-16T00:36:23.950" intervalms="776.715">
  <response-info timems="0.063" idlems="0.063" threads="0" lastid="0000000001627700" lastname="main" />
</exclusive-start>
<allocation-taxation id="1614" taxation-threshold="22020096" timestamp="2019-06-16T00:36:23.950" intervalms="776.778" />
<cycle-start id="1615" type="partial gc" contextid="0" timestamp="2019-06-16T00:36:23.951" intervalms="776.850" />
<gc-start id="1616" type="partial gc" contextid="1615" timestamp="2019-06-16T00:36:23.951">
  <mem-info id="1617" free="12582912" total="61865984" percent="20">
    <mem type="eden" free="1045952" total="23068672" percent="4" />
    <remembered-set count="103872" freebytes="2221440" totalbytes="2636928" percent="84" regionsoverflowed="0" regionsstable="7" regionsrebuilding="0"/>
  </mem-info>
</gc-start>
<allocation-stats totalBytes="20776304" >
  <allocated-bytes non-tlh="0" tlh="20776304" arrayletleaf="0"/>
  <largest-consumer threadName="main" threadId="0000000001627700" bytes="20776304" />
</allocation-stats>
<gc-op id="1618" type="copy forward" timems="2.633" contextid="1615" timestamp="2019-06-16T00:36:23.955">
  <memory-copied type="eden" objects="58" bytes="41016" bytesdiscarded="0" />
  <memory-copied type="other" objects="45" bytes="1824" bytesdiscarded="616" />
  <memory-cardclean objects="35257" bytes="1275320" />
  <regions eden="21" other="1" />
  <remembered-set-cleared processed="93052" cleared="11514" durationms="0.462" />
  <stringconstants candidates="13759" cleared="0"  />
</gc-op>
<gc-op id="1619" type="classunload" timems="0.004" contextid="1615" timestamp="2019-06-16T00:36:23.955">
  <classunload-info classloadercandidates="54" classloadersunloaded="0" classesunloaded="0" anonymousclassesunloaded="0" quiescems="0.000" setupms="0.004" scanms="0.000" postms="0.000" />
</gc-op>
<heap-resize id="1620" type="contract" space="default" amount="3145728" count="1" timems="0.103" reason="insufficient time being spent in gc" timestamp="2019-06-16T00:36:23.955" />
<gc-end id="1621" type="partial gc" contextid="1615" durationms="4.152" usertimems="4.000" systemtimems="0.000" timestamp="2019-06-16T00:36:23.955" activeThreads="4">
  <mem-info id="1622" free="30408704" total="58720256" percent="51">
    <mem type="eden" free="2053696" total="2097152" percent="97" />
    <remembered-set count="87552" freebytes="2119296" totalbytes="2469504" percent="85" regionsoverflowed="0" regionsstable="7" regionsrebuilding="0"/>
  </mem-info>
</gc-end>
<cycle-end id="1623" type="partial gc" contextid="1615" timestamp="2019-06-16T00:36:23.955" />
  <attribute name="elasticGC enabled" value="1" />
  <attribute name= "numThreadsSpecified" value="4" />
  <attribute name="heapSize specified" value="0" />
  <attribute name="Current GC Util" value="41" />
  <attribute name= "Current Time Running" value="13618" />
  <attribute name ="GC Interval" value="0" />
  <attribute name="ProportionalT" value="31.500000" />
  <attribute name="ProportionalI" value="31.500000" />
  <attribute name="ProportionalH" value="31.500000" />
  <attribute name="Current Error" value="21.000000" />
  <attribute name="IntegralT" value="21.000000" />
  <attribute name="IntegralI" value="21.000000" />
  <attribute name="IntegralH" value="21.000000" />
  <attribute name="DerivativeT" value="10.500000" />
  <attribute name="DerivativeI" value="10.500000" />
  <attribute name="DerivativeH" value="10.500000" />
  <attribute name="Loop Time for DT" value="1.000000" />
  <attribute name="Output H" value="8388608"/>
  <attribute name="Output I" value="200"/>
  <attribute name="Output T" value="4"/>
  <attribute name="Target GC Util Change" value ="20.000000" />
  <attribute name="Current GC Util Change" value="41.000000"/>
  <attribute name="GC Util currently" value="41" />
  <attribute name="CPU Util currently" value="9250160449263" />
<exclusive-end id="1624" timestamp="2019-06-16T00:36:23.956" durationms="5.634" />

<exclusive-start id="1625" timestamp="2019-06-16T00:36:23.962" intervalms="11.760">
  <response-info timems="0.051" idlems="0.051" threads="0" lastid="0000000001627700" lastname="main" />
</exclusive-start>
<allocation-taxation id="1626" taxation-threshold="10485760" timestamp="2019-06-16T00:36:23.962" intervalms="11.669" />
<cycle-start id="1627" type="global mark phase" contextid="0" timestamp="2019-06-16T00:36:23.962" intervalms="1625.235" />
<gc-start id="1628" type="global mark phase" contextid="1627" timestamp="2019-06-16T00:36:23.962">
  <mem-info id="1629" free="19922944" total="58720256" percent="33">
    <remembered-set count="85536" freebytes="2127360" totalbytes="2469504" percent="86" regionsoverflowed="0" regionsstable="8" regionsrebuilding="0"/>
  </mem-info>
</gc-start>
<gc-op id="1630" type="mark increment" timems="0.538" contextid="1627" timestamp="2019-06-16T00:36:23.963">
  <trace-info objectcount="179" scancount="0" scanbytes="0" />
</gc-op>
<gc-end id="1631" type="global mark phase" contextid="1627" durationms="0.794" usertimems="0.000" systemtimems="0.000" timestamp="2019-06-16T00:36:23.963" activeThreads="1">
  <mem-info id="1632" free="19922944" total="58720256" percent="33">
    <remembered-set count="85536" freebytes="2127360" totalbytes="2469504" percent="86" regionsoverflowed="0" regionsstable="0" regionsrebuilding="8"/>
  </mem-info>
</gc-end>
<concurrent-start id="1633" type="GMP work packet processing" contextid="1627" timestamp="2019-06-16T00:36:23.963">
  <concurrent-mark-start scanTarget="1048576" />
</concurrent-start>
<exclusive-end id="1634" timestamp="2019-06-16T00:36:23.963" durationms="1.633" />

<concurrent-end id="1635" type="GMP work packet processing" contextid="1627" timestamp="2019-06-16T00:36:23.965">
  <concurrent-mark-end bytesScanned="1134620" reasonForTermination="Work target met" />
</concurrent-end>

<exclusive-start id="1636" timestamp="2019-06-16T00:36:23.971" intervalms="8.868">
  <response-info timems="0.031" idlems="0.031" threads="0" lastid="0000000001627700" lastname="main" />
</exclusive-start>
<allocation-taxation id="1637" taxation-threshold="10485760" timestamp="2019-06-16T00:36:23.971" intervalms="8.899" />
<cycle-start id="1638" type="partial gc" contextid="0" timestamp="2019-06-16T00:36:23.971" intervalms="20.478" />
<gc-start id="1639" type="partial gc" contextid="1638" timestamp="2019-06-16T00:36:23.971">
  <mem-info id="1640" free="9437184" total="58720256" percent="16">
    <mem type="eden" free="0" total="20971520" percent="0" />
    <remembered-set count="87680" freebytes="2118784" totalbytes="2469504" percent="85" regionsoverflowed="0" regionsstable="0" regionsrebuilding="8"/>
  </mem-info>
</gc-start>
<allocation-stats totalBytes="19633952" >
  <allocated-bytes non-tlh="0" tlh="19633952" arrayletleaf="0"/>
  <largest-consumer threadName="main" threadId="0000000001627700" bytes="9811368" />
</allocation-stats>
<gc-op id="1641" type="copy forward" timems="7.996" contextid="1638" timestamp="2019-06-16T00:36:23.980">
  <memory-copied type="eden" objects="11" bytes="37720" bytesdiscarded="0" />
  <memory-copied type="other" objects="47" bytes="1728" bytesdiscarded="0" />
  <memory-cardclean objects="109001" bytes="3852136" />
  <regions eden="20" other="1" />
  <remembered-set-cleared processed="59684" cleared="18332" durationms="0.665" />
  <stringconstants candidates="13759" cleared="0"  />
</gc-op>
<gc-op id="1642" type="classunload" timems="0.004" contextid="1638" timestamp="2019-06-16T00:36:23.980">
  <classunload-info classloadercandidates="54" classloadersunloaded="0" classesunloaded="0" anonymousclassesunloaded="0" quiescems="0.000" setupms="0.004" scanms="0.000" postms="0.000" />
</gc-op>
<heap-resize id="1643" type="contract" space="default" amount="3145728" count="1" timems="0.184" reason="insufficient time being spent in gc" timestamp="2019-06-16T00:36:23.981" />
<gc-end id="1644" type="partial gc" contextid="1638" durationms="9.663" usertimems="12.000" systemtimems="0.000" timestamp="2019-06-16T00:36:23.981" activeThreads="1">
  <mem-info id="1645" free="26214400" total="55574528" percent="47">
    <mem type="eden" free="1010856" total="1048576" percent="96" />
    <remembered-set count="62176" freebytes="2095232" totalbytes="2343936" percent="89" regionsoverflowed="0" regionsstable="0" regionsrebuilding="8"/>
  </mem-info>
</gc-end>
<cycle-end id="1646" type="partial gc" contextid="1638" timestamp="2019-06-16T00:36:23.981" />
  <attribute name="elasticGC enabled" value="1" />
  <attribute name= "numThreadsSpecified" value="1" />
  <attribute name="heapSize specified" value="0" />
  <attribute name="Current GC Util" value="42" />
  <attribute name= "Current Time Running" value="13638" />
  <attribute name ="GC Interval" value="0" />
  <attribute name="ProportionalT" value="33.000000" />
  <attribute name="ProportionalI" value="33.000000" />
  <attribute name="ProportionalH" value="33.000000" />
  <attribute name="Current Error" value="22.000000" />
  <attribute name="IntegralT" value="0.000000" />
  <attribute name="IntegralI" value="0.000000" />
  <attribute name="IntegralH" value="0.000000" />
  <attribute name="DerivativeT" value="inf" />
  <attribute name="DerivativeI" value="inf" />
  <attribute name="DerivativeH" value="inf" />
  <attribute name="Loop Time for DT" value="0.000000" />
  <attribute name="Output H" value="8388608"/>
  <attribute name="Output I" value="200"/>
  <attribute name="Output T" value="1"/>
  <attribute name="Target GC Util Change" value ="20.000000" />
  <attribute name="Current GC Util Change" value="42.000000"/>
  <attribute name="GC Util currently" value="42" />
  <attribute name="CPU Util currently" value="10056864827202" />
<exclusive-end id="1647" timestamp="2019-06-16T00:36:23.981" durationms="10.808" />

<exclusive-start id="1648" timestamp="2019-06-16T00:36:23.988" intervalms="17.058">
  <response-info timems="0.089" idlems="0.089" threads="0" lastid="0000000001627700" lastname="main" />
</exclusive-start>
<allocation-taxation id="1649" taxation-threshold="10485760" timestamp="2019-06-16T00:36:23.988" intervalms="17.078" />
<gc-start id="1650" type="global mark phase" contextid="1627" timestamp="2019-06-16T00:36:23.988">
  <mem-info id="1651" free="15728640" total="55574528" percent="28">
    <remembered-set count="62176" freebytes="2095232" totalbytes="2343936" percent="89" regionsoverflowed="0" regionsstable="0" regionsrebuilding="8"/>
  </mem-info>
</gc-start>
<gc-end id="1652" type="global mark phase" contextid="1627" durationms="0.075" usertimems="0.000" systemtimems="0.000" timestamp="2019-06-16T00:36:23.988" activeThreads="1">
  <mem-info id="1653" free="15728640" total="55574528" percent="28">
    <remembered-set count="62176" freebytes="2095232" totalbytes="2343936" percent="89" regionsoverflowed="0" regionsstable="0" regionsrebuilding="8"/>
  </mem-info>
</gc-end>
<concurrent-start id="1654" type="GMP work packet processing" contextid="1627" timestamp="2019-06-16T00:36:23.988">
  <concurrent-mark-start scanTarget="2580556" />
</concurrent-start>
<exclusive-end id="1655" timestamp="2019-06-16T00:36:23.990" durationms="2.698" />

<concurrent-end id="1656" type="GMP work packet processing" contextid="1627" timestamp="2019-06-16T00:36:23.991">
  <concurrent-mark-end bytesScanned="2643636" reasonForTermination="Work target met" />
</concurrent-end>

<exclusive-start id="1657" timestamp="2019-06-16T00:36:23.996" intervalms="8.767">
  <response-info timems="0.051" idlems="0.051" threads="0" lastid="0000000001627700" lastname="main" />
</exclusive-start>
<allocation-taxation id="1658" taxation-threshold="10485760" timestamp="2019-06-16T00:36:23.997" intervalms="8.710" />
<cycle-start id="1659" type="partial gc" contextid="0" timestamp="2019-06-16T00:36:23.997" intervalms="25.741" />
<gc-start id="1660" type="partial gc" contextid="1659" timestamp="2019-06-16T00:36:23.997">
  <mem-info id="1661" free="5242880" total="55574528" percent="9">
    <mem type="eden" free="1010856" total="22020096" percent="4" />
    <remembered-set count="68352" freebytes="2070528" totalbytes="2343936" percent="88" regionsoverflowed="0" regionsstable="0" regionsrebuilding="8"/>
  </mem-info>
</gc-start>
<allocation-stats totalBytes="19643360" >
  <allocated-bytes non-tlh="0" tlh="19643360" arrayletleaf="0"/>
  <largest-consumer threadName="main" threadId="0000000001627700" bytes="9815640" />
</allocation-stats>
<gc-op id="1662" type="copy forward" timems="4.507" contextid="1659" timestamp="2019-06-16T00:36:24.002">
  <memory-copied type="eden" objects="11" bytes="36152" bytesdiscarded="0" />
  <memory-copied type="other" objects="0" bytes="0" bytesdiscarded="0" />
  <memory-cardclean objects="118184" bytes="4171832" />
  <regions eden="20" other="1" />
  <remembered-set-cleared processed="44638" cleared="10624" durationms="0.237" />
  <stringconstants candidates="13759" cleared="0"  />
</gc-op>
<gc-op id="1663" type="classunload" timems="0.004" contextid="1659" timestamp="2019-06-16T00:36:24.003">
  <classunload-info classloadercandidates="54" classloadersunloaded="0" classesunloaded="0" anonymousclassesunloaded="0" quiescems="0.000" setupms="0.003" scanms="0.000" postms="0.000" />
</gc-op>
<heap-resize id="1664" type="expand" space="default" amount="10485760" count="1" timems="0.081" reason="excessive time being spent in gc" timestamp="2019-06-16T00:36:24.003" />
<gc-end id="1665" type="partial gc" contextid="1659" durationms="5.970" usertimems="12.000" systemtimems="0.000" timestamp="2019-06-16T00:36:24.003" activeThreads="4">
  <mem-info id="1666" free="36700160" total="66060288" percent="55">
    <mem type="eden" free="1012424" total="1048576" percent="96" />
    <remembered-set count="55616" freebytes="2414464" totalbytes="2636928" percent="91" regionsoverflowed="0" regionsstable="0" regionsrebuilding="8"/>
  </mem-info>
</gc-end>
<cycle-end id="1667" type="partial gc" contextid="1659" timestamp="2019-06-16T00:36:24.003" />
  <attribute name="elasticGC enabled" value="1" />
  <attribute name= "numThreadsSpecified" value="4" />
  <attribute name="heapSize specified" value="0" />
  <attribute name="Current GC Util" value="139" />
  <attribute name= "Current Time Running" value="13664" />
  <attribute name ="GC Interval" value="0" />
  <attribute name="ProportionalT" value="178.500000" />
  <attribute name="ProportionalI" value="178.500000" />
  <attribute name="ProportionalH" value="178.500000" />
  <attribute name="Current Error" value="119.000000" />
  <attribute name="IntegralT" value="119.000000" />
  <attribute name="IntegralI" value="119.000000" />
  <attribute name="IntegralH" value="119.000000" />
  <attribute name="DerivativeT" value="33.500000" />
  <attribute name="DerivativeI" value="33.500000" />
  <attribute name="DerivativeH" value="33.500000" />
  <attribute name="Loop Time for DT" value="1.000000" />
  <attribute name="Output H" value="8388608"/>
  <attribute name="Output I" value="336"/>
  <attribute name="Output T" value="4"/>
  <attribute name="Target GC Util Change" value ="20.000000" />
  <attribute name="Current GC Util Change" value="139.000000"/>
  <attribute name="GC Util currently" value="139" />
  <attribute name="CPU Util currently" value="8244089560657" />
<exclusive-end id="1668" timestamp="2019-06-16T00:36:24.003" durationms="7.032" />

<exclusive-start id="1669" timestamp="2019-06-16T00:36:24.063" intervalms="66.219">
  <response-info timems="0.066" idlems="0.066" threads="0" lastid="0000000001627700" lastname="main" />
</exclusive-start>
<allocation-taxation id="1670" taxation-threshold="11534336" timestamp="2019-06-16T00:36:24.063" intervalms="66.265" />
<gc-start id="1671" type="global mark phase" contextid="1627" timestamp="2019-06-16T00:36:24.063">
  <mem-info id="1672" free="25165824" total="66060288" percent="38">
    <remembered-set count="55616" freebytes="2414464" totalbytes="2636928" percent="91" regionsoverflowed="0" regionsstable="0" regionsrebuilding="8"/>
  </mem-info>
</gc-start>
<gc-end id="1673" type="global mark phase" contextid="1627" durationms="0.132" usertimems="0.000" systemtimems="0.000" timestamp="2019-06-16T00:36:24.063" activeThreads="4">
  <mem-info id="1674" free="25165824" total="66060288" percent="38">
    <remembered-set count="55616" freebytes="2414464" totalbytes="2636928" percent="91" regionsoverflowed="0" regionsstable="0" regionsrebuilding="8"/>
  </mem-info>
</gc-end>
<concurrent-start id="1675" type="GMP work packet processing" contextid="1627" timestamp="2019-06-16T00:36:24.063">
  <concurrent-mark-start scanTarget="10322227" />
</concurrent-start>
<exclusive-end id="1676" timestamp="2019-06-16T00:36:24.068" durationms="5.451" />

<concurrent-end id="1677" type="GMP work packet processing" contextid="1627" timestamp="2019-06-16T00:36:24.069">
  <concurrent-mark-end bytesScanned="9829512" reasonForTermination="Completed all work in GC phase" />
</concurrent-end>

<exclusive-start id="1678" timestamp="2019-06-16T00:36:24.476" intervalms="413.719">
  <response-info timems="0.090" idlems="0.090" threads="0" lastid="0000000001627700" lastname="main" />
</exclusive-start>
<allocation-taxation id="1679" taxation-threshold="11534336" timestamp="2019-06-16T00:36:24.477" intervalms="413.761" />
<cycle-start id="1680" type="partial gc" contextid="0" timestamp="2019-06-16T00:36:24.477" intervalms="480.081" />
<gc-start id="1681" type="partial gc" contextid="1680" timestamp="2019-06-16T00:36:24.477">
  <mem-info id="1682" free="13631488" total="66060288" percent="20">
    <mem type="eden" free="1012424" total="24117248" percent="4" />
    <remembered-set count="64256" freebytes="2379904" totalbytes="2636928" percent="90" regionsoverflowed="0" regionsstable="0" regionsrebuilding="8"/>
  </mem-info>
</gc-start>
<allocation-stats totalBytes="23067312" >
  <allocated-bytes non-tlh="19024" tlh="23048288" arrayletleaf="0"/>
  <largest-consumer threadName="main" threadId="0000000001627700" bytes="11534096" />
</allocation-stats>
<gc-op id="1683" type="copy forward" timems="1.573" contextid="1680" timestamp="2019-06-16T00:36:24.480">
  <memory-copied type="eden" objects="58" bytes="41504" bytesdiscarded="0" />
  <memory-copied type="other" objects="0" bytes="0" bytesdiscarded="0" />
  <memory-cardclean objects="132" bytes="5168" />
  <regions eden="22" other="1" />
  <remembered-set-cleared processed="61755" cleared="42" durationms="0.499" />
  <stringconstants candidates="13759" cleared="0"  />
</gc-op>
<gc-op id="1684" type="classunload" timems="0.004" contextid="1680" timestamp="2019-06-16T00:36:24.480">
  <classunload-info classloadercandidates="54" classloadersunloaded="0" classesunloaded="0" anonymousclassesunloaded="0" quiescems="0.000" setupms="0.004" scanms="0.000" postms="0.000" />
</gc-op>
<gc-end id="1685" type="partial gc" contextid="1680" durationms="2.757" usertimems="4.000" systemtimems="0.000" timestamp="2019-06-16T00:36:24.480" activeThreads="1">
  <mem-info id="1686" free="36700160" total="66060288" percent="55">
    <mem type="eden" free="1007072" total="1048576" percent="96" />
    <remembered-set count="64544" freebytes="2378752" totalbytes="2636928" percent="90" regionsoverflowed="0" regionsstable="0" regionsrebuilding="8"/>
  </mem-info>
</gc-end>
<cycle-end id="1687" type="partial gc" contextid="1680" timestamp="2019-06-16T00:36:24.480" />
  <attribute name="elasticGC enabled" value="1" />
  <attribute name= "numThreadsSpecified" value="1" />
  <attribute name="heapSize specified" value="0" />
  <attribute name="Current GC Util" value="61" />
  <attribute name= "Current Time Running" value="14144" />
  <attribute name ="GC Interval" value="0" />
  <attribute name="ProportionalT" value="61.500000" />
  <attribute name="ProportionalI" value="61.500000" />
  <attribute name="ProportionalH" value="61.500000" />
  <attribute name="Current Error" value="41.000000" />
  <attribute name="IntegralT" value="0.000000" />
  <attribute name="IntegralI" value="0.000000" />
  <attribute name="IntegralH" value="0.000000" />
  <attribute name="DerivativeT" value="inf" />
  <attribute name="DerivativeI" value="inf" />
  <attribute name="DerivativeH" value="inf" />
  <attribute name="Loop Time for DT" value="0.000000" />
  <attribute name="Output H" value="8388608"/>
  <attribute name="Output I" value="200"/>
  <attribute name="Output T" value="1"/>
  <attribute name="Target GC Util Change" value ="20.000000" />
  <attribute name="Current GC Util Change" value="61.000000"/>
  <attribute name="GC Util currently" value="61" />
  <attribute name="CPU Util currently" value="17480492272821" />
<exclusive-end id="1688" timestamp="2019-06-16T00:36:24.480" durationms="3.927" />

<exclusive-start id="1689" timestamp="2019-06-16T00:36:24.532" intervalms="55.743">
  <response-info timems="0.079" idlems="0.079" threads="0" lastid="0000000001627700" lastname="main" />
</exclusive-start>
<allocation-taxation id="1690" taxation-threshold="11534336" timestamp="2019-06-16T00:36:24.532" intervalms="55.686" />
<gc-start id="1691" type="global mark phase" contextid="1627" timestamp="2019-06-16T00:36:24.533">
  <mem-info id="1692" free="25165824" total="66060288" percent="38">
    <remembered-set count="64160" freebytes="2380288" totalbytes="2636928" percent="90" regionsoverflowed="0" regionsstable="0" regionsrebuilding="8"/>
  </mem-info>
</gc-start>
<gc-op id="1693" type="mark increment" timems="5.021" contextid="1627" timestamp="2019-06-16T00:36:24.538">
  <trace-info objectcount="238" scancount="220" scanbytes="279736" />
  <cardclean-info objects="188136" bytes="5770196" />
  <finalization candidates="80" enqueued="0" />
  <ownableSynchronizers candidates="21" cleared="0" />
  <references type="soft" candidates="4807" cleared="74" enqueued="70" dynamicThreshold="17" maxThreshold="32" />
  <references type="weak" candidates="5603" cleared="0" enqueued="0" />
  <references type="phantom" candidates="101" cleared="0" enqueued="0" />
  <stringconstants candidates="13759" cleared="0"  />
</gc-op>
<gc-op id="1694" type="classunload" timems="0.008" contextid="1627" timestamp="2019-06-16T00:36:24.538">
  <classunload-info classloadercandidates="54" classloadersunloaded="0" classesunloaded="0" anonymousclassesunloaded="0" quiescems="0.000" setupms="0.007" scanms="0.000" postms="0.000" />
</gc-op>
<gc-end id="1695" type="global mark phase" contextid="1627" durationms="5.430" usertimems="12.000" systemtimems="0.000" timestamp="2019-06-16T00:36:24.538" activeThreads="4">
  <mem-info id="1696" free="25165824" total="66060288" percent="38">
    <pending-finalizers system="0" default="0" reference="70" classloader="0" />
    <remembered-set count="68256" freebytes="2363904" totalbytes="2636928" percent="89" regionsoverflowed="0" regionsstable="0" regionsrebuilding="0"/>
  </mem-info>
</gc-end>
<cycle-end id="1697" type="global mark phase" contextid="1627" timestamp="2019-06-16T00:36:24.538" />
  <attribute name="elasticGC enabled" value="1" />
  <attribute name= "numThreadsSpecified" value="4" />
  <attribute name="heapSize specified" value="0" />
  <attribute name="Current GC Util" value="97" />
  <attribute name= "Current Time Running" value="14202" />
  <attribute name ="GC Interval" value="0" />
  <attribute name="ProportionalT" value="115.500000" />
  <attribute name="ProportionalI" value="115.500000" />
  <attribute name="ProportionalH" value="115.500000" />
  <attribute name="Current Error" value="77.000000" />
  <attribute name="IntegralT" value="0.000000" />
  <attribute name="IntegralI" value="0.000000" />
  <attribute name="IntegralH" value="0.000000" />
  <attribute name="DerivativeT" value="-inf" />
  <attribute name="DerivativeI" value="-inf" />
  <attribute name="DerivativeH" value="-inf" />
  <attribute name="Loop Time for DT" value="0.000000" />
  <attribute name="Output H" value="2091843584"/>
  <attribute name="Output I" value="200"/>
  <attribute name="Output T" value="4"/>
  <attribute name="Target GC Util Change" value ="20.000000" />
  <attribute name="Current GC Util Change" value="97.000000"/>
  <attribute name="GC Util currently" value="97" />
  <attribute name="CPU Util currently" value="10355497052029" />
<exclusive-end id="1698" timestamp="2019-06-16T00:36:24.538" durationms="6.119" />

<exclusive-start id="1699" timestamp="2019-06-16T00:36:24.585" intervalms="53.391">
  <response-info timems="0.088" idlems="0.088" threads="0" lastid="0000000001627700" lastname="main" />
</exclusive-start>
<allocation-taxation id="1700" taxation-threshold="11534336" timestamp="2019-06-16T00:36:24.586" intervalms="53.358" />
<cycle-start id="1701" type="partial gc" contextid="0" timestamp="2019-06-16T00:36:24.586" intervalms="108.990" />
<gc-start id="1702" type="partial gc" contextid="1701" timestamp="2019-06-16T00:36:24.586">
  <mem-info id="1703" free="13631488" total="66060288" percent="20">
    <mem type="eden" free="0" total="23068672" percent="0" />
    <remembered-set count="63904" freebytes="2381312" totalbytes="2636928" percent="90" regionsoverflowed="0" regionsstable="3" regionsrebuilding="0"/>
  </mem-info>
</gc-start>
<allocation-stats totalBytes="23065168" >
  <allocated-bytes non-tlh="0" tlh="23065168" arrayletleaf="0"/>
  <largest-consumer threadName="main" threadId="0000000001627700" bytes="11533040" />
</allocation-stats>
<gc-op id="1704" type="sweep" timems="0.703" contextid="1701" timestamp="2019-06-16T00:36:24.587" />
<gc-op id="1705" type="copy forward" timems="1.342" contextid="1701" timestamp="2019-06-16T00:36:24.589">
  <memory-copied type="eden" objects="3" bytes="128" bytesdiscarded="0" />
  <memory-copied type="other" objects="58" bytes="41504" bytesdiscarded="1008" />
  <memory-cardclean objects="263" bytes="11936" />
  <regions eden="11" other="2" />
  <remembered-set-cleared processed="61803" cleared="79" durationms="0.229" />
  <stringconstants candidates="13759" cleared="0"  />
</gc-op>
<gc-op id="1706" type="classunload" timems="0.003" contextid="1701" timestamp="2019-06-16T00:36:24.589">
  <classunload-info classloadercandidates="54" classloadersunloaded="0" classesunloaded="0" anonymousclassesunloaded="0" quiescems="0.000" setupms="0.003" scanms="0.000" postms="0.000" />
</gc-op>
<heap-resize id="1707" type="contract" space="default" amount="4194304" count="1" timems="0.055" reason="insufficient time being spent in gc" timestamp="2019-06-16T00:36:24.589" />
<gc-end id="1708" type="partial gc" contextid="1701" durationms="3.247" usertimems="4.000" systemtimems="4.000" timestamp="2019-06-16T00:36:24.589" activeThreads="4">
  <mem-info id="1709" free="31457280" total="61865984" percent="50">
    <mem type="eden" free="1048448" total="1048576" percent="99" />
    <remembered-set count="64608" freebytes="2378496" totalbytes="2636928" percent="90" regionsoverflowed="0" regionsstable="3" regionsrebuilding="0"/>
  </mem-info>
</gc-end>
<cycle-end id="1710" type="partial gc" contextid="1701" timestamp="2019-06-16T00:36:24.589" />
  <attribute name="elasticGC enabled" value="1" />
  <attribute name= "numThreadsSpecified" value="4" />
  <attribute name="heapSize specified" value="0" />
  <attribute name="Current GC Util" value="54" />
  <attribute name= "Current Time Running" value="14253" />
  <attribute name ="GC Interval" value="0" />
  <attribute name="ProportionalT" value="51.000000" />
  <attribute name="ProportionalI" value="51.000000" />
  <attribute name="ProportionalH" value="51.000000" />
  <attribute name="Current Error" value="34.000000" />
  <attribute name="IntegralT" value="0.000000" />
  <attribute name="IntegralI" value="0.000000" />
  <attribute name="IntegralH" value="0.000000" />
  <attribute name="DerivativeT" value="-inf" />
  <attribute name="DerivativeI" value="-inf" />
  <attribute name="DerivativeH" value="-inf" />
  <attribute name="Loop Time for DT" value="0.000000" />
  <attribute name="Output H" value="2091843584"/>
  <attribute name="Output I" value="200"/>
  <attribute name="Output T" value="4"/>
  <attribute name="Target GC Util Change" value ="20.000000" />
  <attribute name="Current GC Util Change" value="54.000000"/>
  <attribute name="GC Util currently" value="54" />
  <attribute name="CPU Util currently" value="20630987915700" />
<exclusive-end id="1711" timestamp="2019-06-16T00:36:24.590" durationms="4.228" />

<exclusive-start id="1712" timestamp="2019-06-16T00:36:24.679" intervalms="93.443">
  <response-info timems="0.193" idlems="0.193" threads="0" lastid="0000000001627700" lastname="main" />
</exclusive-start>
<allocation-taxation id="1713" taxation-threshold="22020096" timestamp="2019-06-16T00:36:24.679" intervalms="93.430" />
<cycle-start id="1714" type="partial gc" contextid="0" timestamp="2019-06-16T00:36:24.679" intervalms="93.429" />
<gc-start id="1715" type="partial gc" contextid="1714" timestamp="2019-06-16T00:36:24.680">
  <mem-info id="1716" free="9437184" total="61865984" percent="15">
    <mem type="eden" free="1048448" total="23068672" percent="4" />
    <remembered-set count="57536" freebytes="2406784" totalbytes="2636928" percent="91" regionsoverflowed="0" regionsstable="6" regionsrebuilding="0"/>
  </mem-info>
</gc-start>
<allocation-stats totalBytes="22017392" >
  <allocated-bytes non-tlh="0" tlh="22017392" arrayletleaf="0"/>
  <largest-consumer threadName="main" threadId="0000000001627700" bytes="22017392" />
</allocation-stats>
<gc-op id="1717" type="copy forward" timems="4.317" contextid="1714" timestamp="2019-06-16T00:36:24.685">
  <memory-copied type="eden" objects="3" bytes="128" bytesdiscarded="0" />
  <memory-copied type="other" objects="17" bytes="904" bytesdiscarded="0" />
  <memory-cardclean objects="28825" bytes="1309376" />
  <regions eden="21" other="4" />
  <remembered-set-cleared processed="51449" cleared="8543" durationms="0.486" />
  <references type="weak" candidates="2" cleared="0" enqueued="0" />
  <stringconstants candidates="13759" cleared="0"  />
</gc-op>
<gc-op id="1718" type="classunload" timems="0.004" contextid="1714" timestamp="2019-06-16T00:36:24.685">
  <classunload-info classloadercandidates="54" classloadersunloaded="0" classesunloaded="0" anonymousclassesunloaded="0" quiescems="0.000" setupms="0.004" scanms="0.000" postms="0.000" />
</gc-op>
<gc-end id="1719" type="partial gc" contextid="1714" durationms="5.473" usertimems="8.000" systemtimems="0.000" timestamp="2019-06-16T00:36:24.685" activeThreads="1">
  <mem-info id="1720" free="32505856" total="61865984" percent="52">
    <mem type="eden" free="1048448" total="1048576" percent="99" />
    <remembered-set count="52480" freebytes="2259584" totalbytes="2469504" percent="91" regionsoverflowed="0" regionsstable="6" regionsrebuilding="0"/>
  </mem-info>
</gc-end>
<cycle-end id="1721" type="partial gc" contextid="1714" timestamp="2019-06-16T00:36:24.685" />
  <attribute name="elasticGC enabled" value="1" />
  <attribute name= "numThreadsSpecified" value="1" />
  <attribute name="heapSize specified" value="0" />
  <attribute name="Current GC Util" value="55" />
  <attribute name= "Current Time Running" value="14346" />
  <attribute name ="GC Interval" value="0" />
  <attribute name="ProportionalT" value="52.500000" />
  <attribute name="ProportionalI" value="52.500000" />
  <attribute name="ProportionalH" value="52.500000" />
  <attribute name="Current Error" value="35.000000" />
  <attribute name="IntegralT" value="0.000000" />
  <attribute name="IntegralI" value="0.000000" />
  <attribute name="IntegralH" value="0.000000" />
  <attribute name="DerivativeT" value="inf" />
  <attribute name="DerivativeI" value="inf" />
  <attribute name="DerivativeH" value="inf" />
  <attribute name="Loop Time for DT" value="0.000000" />
  <attribute name="Output H" value="8388608"/>
  <attribute name="Output I" value="200"/>
  <attribute name="Output T" value="1"/>
  <attribute name="Target GC Util Change" value ="20.000000" />
  <attribute name="Current GC Util Change" value="55.000000"/>
  <attribute name="GC Util currently" value="55" />
  <attribute name="CPU Util currently" value="11198957713037" />
<exclusive-end id="1722" timestamp="2019-06-16T00:36:24.685" durationms="6.376" />

<exclusive-start id="1723" timestamp="2019-06-16T00:36:24.806" intervalms="126.841">
  <response-info timems="0.143" idlems="0.143" threads="0" lastid="0000000001627700" lastname="main" />
</exclusive-start>
<allocation-taxation id="1724" taxation-threshold="22020096" timestamp="2019-06-16T00:36:24.806" intervalms="126.860" />
<cycle-start id="1725" type="partial gc" contextid="0" timestamp="2019-06-16T00:36:24.806" intervalms="126.900" />
<gc-start id="1726" type="partial gc" contextid="1725" timestamp="2019-06-16T00:36:24.806">
  <mem-info id="1727" free="10485760" total="61865984" percent="16">
    <mem type="eden" free="1048448" total="23068672" percent="4" />
    <remembered-set count="52096" freebytes="2261120" totalbytes="2469504" percent="91" regionsoverflowed="0" regionsstable="6" regionsrebuilding="0"/>
  </mem-info>
</gc-start>
<allocation-stats totalBytes="22016240" >
  <allocated-bytes non-tlh="32" tlh="22016208" arrayletleaf="0"/>
  <largest-consumer threadName="main" threadId="0000000001627700" bytes="22016240" />
</allocation-stats>
<gc-op id="1728" type="copy forward" timems="1.276" contextid="1725" timestamp="2019-06-16T00:36:24.808">
  <memory-copied type="eden" objects="49" bytes="1592" bytesdiscarded="0" />
  <memory-copied type="other" objects="53" bytes="1496" bytesdiscarded="128" />
  <memory-cardclean objects="137" bytes="13792" />
  <regions eden="21" other="3" />
  <remembered-set-cleared processed="50990" cleared="69" durationms="0.453" />
  <references type="weak" candidates="26" cleared="0" enqueued="0" />
  <stringconstants candidates="13760" cleared="0"  />
</gc-op>
<gc-op id="1729" type="classunload" timems="0.005" contextid="1725" timestamp="2019-06-16T00:36:24.808">
  <classunload-info classloadercandidates="54" classloadersunloaded="0" classesunloaded="0" anonymousclassesunloaded="0" quiescems="0.000" setupms="0.004" scanms="0.000" postms="0.000" />
</gc-op>
<gc-end id="1730" type="partial gc" contextid="1725" durationms="2.266" usertimems="8.000" systemtimems="0.000" timestamp="2019-06-16T00:36:24.809" activeThreads="1">
  <mem-info id="1731" free="33554432" total="61865984" percent="54">
    <mem type="eden" free="1046984" total="1048576" percent="99" />
    <remembered-set count="52448" freebytes="2259712" totalbytes="2469504" percent="91" regionsoverflowed="0" regionsstable="6" regionsrebuilding="0"/>
  </mem-info>
</gc-end>
<cycle-end id="1732" type="partial gc" contextid="1725" timestamp="2019-06-16T00:36:24.809" />
  <attribute name="elasticGC enabled" value="1" />
  <attribute name= "numThreadsSpecified" value="1" />
  <attribute name="heapSize specified" value="0" />
  <attribute name="Current GC Util" value="92" />
  <attribute name= "Current Time Running" value="14473" />
  <attribute name ="GC Interval" value="0" />
  <attribute name="ProportionalT" value="108.000000" />
  <attribute name="ProportionalI" value="108.000000" />
  <attribute name="ProportionalH" value="108.000000" />
  <attribute name="Current Error" value="72.000000" />
  <attribute name="IntegralT" value="0.000000" />
  <attribute name="IntegralI" value="0.000000" />
  <attribute name="IntegralH" value="0.000000" />
  <attribute name="DerivativeT" value="inf" />
  <attribute name="DerivativeI" value="inf" />
  <attribute name="DerivativeH" value="inf" />
  <attribute name="Loop Time for DT" value="0.000000" />
  <attribute name="Output H" value="8388608"/>
  <attribute name="Output I" value="200"/>
  <attribute name="Output T" value="1"/>
  <attribute name="Target GC Util Change" value ="20.000000" />
  <attribute name="Current GC Util Change" value="92.000000"/>
  <attribute name="GC Util currently" value="92" />
  <attribute name="CPU Util currently" value="19731839183343" />
<exclusive-end id="1733" timestamp="2019-06-16T00:36:24.809" durationms="3.302" />

<exclusive-start id="1734" timestamp="2019-06-16T00:36:24.930" intervalms="123.939">
  <response-info timems="0.066" idlems="0.066" threads="0" lastid="0000000001627700" lastname="main" />
</exclusive-start>
<allocation-taxation id="1735" taxation-threshold="22020096" timestamp="2019-06-16T00:36:24.930" intervalms="123.984" />
<cycle-start id="1736" type="partial gc" contextid="0" timestamp="2019-06-16T00:36:24.930" intervalms="123.958" />
<gc-start id="1737" type="partial gc" contextid="1736" timestamp="2019-06-16T00:36:24.930">
  <mem-info id="1738" free="11534336" total="61865984" percent="18">
    <mem type="eden" free="0" total="22020096" percent="0" />
    <remembered-set count="49280" freebytes="2272384" totalbytes="2469504" percent="92" regionsoverflowed="0" regionsstable="8" regionsrebuilding="0"/>
  </mem-info>
</gc-start>
<allocation-stats totalBytes="22014976" >
  <allocated-bytes non-tlh="0" tlh="22014976" arrayletleaf="0"/>
  <largest-consumer threadName="main" threadId="0000000001627700" bytes="22014976" />
</allocation-stats>
<gc-op id="1739" type="copy forward" timems="1.250" contextid="1736" timestamp="2019-06-16T00:36:24.932">
  <memory-copied type="eden" objects="26" bytes="920" bytesdiscarded="0" />
  <memory-copied type="other" objects="310" bytes="58640" bytesdiscarded="200" />
  <memory-cardclean objects="167" bytes="7288" />
  <regions eden="21" other="3" />
  <remembered-set-cleared processed="48197" cleared="100" durationms="0.403" />
  <ownableSynchronizers candidates="16" cleared="0" />
  <references type="soft" candidates="14" cleared="0" enqueued="0" dynamicThreshold="17" maxThreshold="32" />
  <references type="weak" candidates="20" cleared="0" enqueued="0" />
  <stringconstants candidates="13760" cleared="0"  />
</gc-op>
<gc-op id="1740" type="classunload" timems="0.004" contextid="1736" timestamp="2019-06-16T00:36:24.932">
  <classunload-info classloadercandidates="54" classloadersunloaded="0" classesunloaded="0" anonymousclassesunloaded="0" quiescems="0.000" setupms="0.004" scanms="0.000" postms="0.000" />
</gc-op>
<heap-resize id="1741" type="contract" space="default" amount="3145728" count="1" timems="0.064" reason="insufficient time being spent in gc" timestamp="2019-06-16T00:36:24.933" />
<gc-end id="1742" type="partial gc" contextid="1736" durationms="2.498" usertimems="4.000" systemtimems="0.000" timestamp="2019-06-16T00:36:24.933" activeThreads="1">
  <mem-info id="1743" free="30408704" total="58720256" percent="51">
    <mem type="eden" free="1047656" total="1048576" percent="99" />
    <remembered-set count="49472" freebytes="2271616" totalbytes="2469504" percent="91" regionsoverflowed="0" regionsstable="8" regionsrebuilding="0"/>
  </mem-info>
</gc-end>
<cycle-end id="1744" type="partial gc" contextid="1736" timestamp="2019-06-16T00:36:24.933" />
  <attribute name="elasticGC enabled" value="1" />
  <attribute name= "numThreadsSpecified" value="1" />
  <attribute name="heapSize specified" value="0" />
  <attribute name="Current GC Util" value="72" />
  <attribute name= "Current Time Running" value="14597" />
  <attribute name ="GC Interval" value="0" />
  <attribute name="ProportionalT" value="78.000000" />
  <attribute name="ProportionalI" value="78.000000" />
  <attribute name="ProportionalH" value="78.000000" />
  <attribute name="Current Error" value="52.000000" />
  <attribute name="IntegralT" value="0.000000" />
  <attribute name="IntegralI" value="0.000000" />
  <attribute name="IntegralH" value="0.000000" />
  <attribute name="DerivativeT" value="inf" />
  <attribute name="DerivativeI" value="inf" />
  <attribute name="DerivativeH" value="inf" />
  <attribute name="Loop Time for DT" value="0.000000" />
  <attribute name="Output H" value="8388608"/>
  <attribute name="Output I" value="200"/>
  <attribute name="Output T" value="1"/>
  <attribute name="Target GC Util Change" value ="20.000000" />
  <attribute name="Current GC Util Change" value="72.000000"/>
  <attribute name="GC Util currently" value="72" />
  <attribute name="CPU Util currently" value="19761940633803" />
<exclusive-end id="1745" timestamp="2019-06-16T00:36:24.933" durationms="3.573" />

<exclusive-start id="1746" timestamp="2019-06-16T00:36:25.025" intervalms="94.970">
  <response-info timems="0.239" idlems="0.239" threads="0" lastid="0000000001627700" lastname="main" />
</exclusive-start>
<allocation-taxation id="1747" taxation-threshold="20971520" timestamp="2019-06-16T00:36:25.025" intervalms="94.949" />
<cycle-start id="1748" type="partial gc" contextid="0" timestamp="2019-06-16T00:36:25.025" intervalms="94.991" />
<gc-start id="1749" type="partial gc" contextid="1748" timestamp="2019-06-16T00:36:25.025">
  <mem-info id="1750" free="9437184" total="58720256" percent="16">
    <mem type="eden" free="0" total="20971520" percent="0" />
    <remembered-set count="49248" freebytes="2272512" totalbytes="2469504" percent="92" regionsoverflowed="0" regionsstable="8" regionsrebuilding="0"/>
  </mem-info>
</gc-start>
<allocation-stats totalBytes="20963256" >
  <allocated-bytes non-tlh="0" tlh="20963256" arrayletleaf="0"/>
  <largest-consumer threadName="main" threadId="0000000001627700" bytes="20963256" />
</allocation-stats>
<gc-op id="1751" type="copy forward" timems="1.235" contextid="1748" timestamp="2019-06-16T00:36:25.028">
  <memory-copied type="eden" objects="9" bytes="408" bytesdiscarded="0" />
  <memory-copied type="other" objects="33" bytes="928" bytesdiscarded="0" />
  <memory-cardclean objects="66" bytes="2632" />
  <regions eden="20" other="2" />
  <remembered-set-cleared processed="48209" cleared="40" durationms="0.422" />
  <stringconstants candidates="13760" cleared="0"  />
</gc-op>
<gc-op id="1752" type="classunload" timems="0.004" contextid="1748" timestamp="2019-06-16T00:36:25.028">
  <classunload-info classloadercandidates="54" classloadersunloaded="0" classesunloaded="0" anonymousclassesunloaded="0" quiescems="0.000" setupms="0.004" scanms="0.000" postms="0.000" />
</gc-op>
<heap-resize id="1753" type="contract" space="default" amount="3145728" count="1" timems="0.052" reason="insufficient time being spent in gc" timestamp="2019-06-16T00:36:25.028" />
<gc-end id="1754" type="partial gc" contextid="1748" durationms="2.675" usertimems="4.000" systemtimems="0.000" timestamp="2019-06-16T00:36:25.028" activeThreads="1">
  <mem-info id="1755" free="26214400" total="55574528" percent="47">
    <mem type="eden" free="1048168" total="1048576" percent="99" />
    <remembered-set count="49504" freebytes="2145920" totalbytes="2343936" percent="91" regionsoverflowed="0" regionsstable="8" regionsrebuilding="0"/>
  </mem-info>
</gc-end>
<cycle-end id="1756" type="partial gc" contextid="1748" timestamp="2019-06-16T00:36:25.028" />
  <attribute name="elasticGC enabled" value="1" />
  <attribute name= "numThreadsSpecified" value="1" />
  <attribute name="heapSize specified" value="0" />
  <attribute name="Current GC Util" value="48" />
  <attribute name= "Current Time Running" value="14692" />
  <attribute name ="GC Interval" value="0" />
  <attribute name="ProportionalT" value="42.000000" />
  <attribute name="ProportionalI" value="42.000000" />
  <attribute name="ProportionalH" value="42.000000" />
  <attribute name="Current Error" value="28.000000" />
  <attribute name="IntegralT" value="0.000000" />
  <attribute name="IntegralI" value="0.000000" />
  <attribute name="IntegralH" value="0.000000" />
  <attribute name="DerivativeT" value="inf" />
  <attribute name="DerivativeI" value="inf" />
  <attribute name="DerivativeH" value="inf" />
  <attribute name="Loop Time for DT" value="0.000000" />
  <attribute name="Output H" value="8388608"/>
  <attribute name="Output I" value="200"/>
  <attribute name="Output T" value="1"/>
  <attribute name="Target GC Util Change" value ="20.000000" />
  <attribute name="Current GC Util Change" value="48.000000"/>
  <attribute name="GC Util currently" value="48" />
  <attribute name="CPU Util currently" value="10232773710100" />
<exclusive-end id="1757" timestamp="2019-06-16T00:36:25.029" durationms="3.820" />

<exclusive-start id="1758" timestamp="2019-06-16T00:36:25.039" intervalms="14.201">
  <response-info timems="0.148" idlems="0.148" threads="0" lastid="0000000001627700" lastname="main" />
</exclusive-start>
<allocation-taxation id="1759" taxation-threshold="10485760" timestamp="2019-06-16T00:36:25.039" intervalms="14.153" />
<cycle-start id="1760" type="global mark phase" contextid="0" timestamp="2019-06-16T00:36:25.039" intervalms="1077.131" />
<gc-start id="1761" type="global mark phase" contextid="1760" timestamp="2019-06-16T00:36:25.039">
  <mem-info id="1762" free="15728640" total="55574528" percent="28">
    <remembered-set count="49184" freebytes="2147200" totalbytes="2343936" percent="91" regionsoverflowed="0" regionsstable="8" regionsrebuilding="0"/>
  </mem-info>
</gc-start>
<gc-op id="1763" type="mark increment" timems="2.073" contextid="1760" timestamp="2019-06-16T00:36:25.042">
  <trace-info objectcount="24946" scancount="14995" scanbytes="463024" />
</gc-op>
<gc-end id="1764" type="global mark phase" contextid="1760" durationms="2.327" usertimems="0.000" systemtimems="4.000" timestamp="2019-06-16T00:36:25.042" activeThreads="1">
  <mem-info id="1765" free="15728640" total="55574528" percent="28">
    <remembered-set count="49696" freebytes="2145152" totalbytes="2343936" percent="91" regionsoverflowed="0" regionsstable="0" regionsrebuilding="8"/>
  </mem-info>
</gc-end>
<concurrent-start id="1766" type="GMP work packet processing" contextid="1760" timestamp="2019-06-16T00:36:25.042">
  <concurrent-mark-start scanTarget="1407468" />
</concurrent-start>
<concurrent-end id="1768" type="GMP work packet processing" contextid="1760" timestamp="2019-06-16T00:36:25.043">
  <concurrent-mark-end bytesScanned="1544212" reasonForTermination="Work target met" />
</concurrent-end>

<exclusive-end id="1767" timestamp="2019-06-16T00:36:25.043" durationms="4.289" />

<exclusive-start id="1769" timestamp="2019-06-16T00:36:25.058" intervalms="18.825">
  <response-info timems="0.030" idlems="0.030" threads="0" lastid="0000000001627700" lastname="main" />
</exclusive-start>
<allocation-taxation id="1770" taxation-threshold="10485760" timestamp="2019-06-16T00:36:25.058" intervalms="18.802" />
<cycle-start id="1771" type="partial gc" contextid="0" timestamp="2019-06-16T00:36:25.058" intervalms="32.865" />
<gc-start id="1772" type="partial gc" contextid="1771" timestamp="2019-06-16T00:36:25.058">
  <mem-info id="1773" free="5242880" total="55574528" percent="9">
    <mem type="eden" free="1048168" total="22020096" percent="4" />
    <remembered-set count="54272" freebytes="2126848" totalbytes="2343936" percent="90" regionsoverflowed="0" regionsstable="0" regionsrebuilding="8"/>
  </mem-info>
</gc-start>
<allocation-stats totalBytes="20963528" >
  <allocated-bytes non-tlh="0" tlh="20963528" arrayletleaf="0"/>
  <largest-consumer threadName="main" threadId="0000000001627700" bytes="10481648" />
</allocation-stats>
<gc-op id="1774" type="copy forward" timems="1.869" contextid="1771" timestamp="2019-06-16T00:36:25.062">
  <memory-copied type="eden" objects="26" bytes="816" bytesdiscarded="696" />
  <memory-copied type="other" objects="28" bytes="640" bytesdiscarded="0" />
  <memory-cardclean objects="103" bytes="3968" />
  <regions eden="20" other="2" />
  <remembered-set-cleared processed="52231" cleared="58" durationms="0.232" />
  <stringconstants candidates="13760" cleared="0"  />
</gc-op>
<gc-op id="1775" type="classunload" timems="0.005" contextid="1771" timestamp="2019-06-16T00:36:25.062">
  <classunload-info classloadercandidates="54" classloadersunloaded="0" classesunloaded="0" anonymousclassesunloaded="0" quiescems="0.000" setupms="0.005" scanms="0.000" postms="0.000" />
</gc-op>
<gc-end id="1776" type="partial gc" contextid="1771" durationms="3.929" usertimems="4.000" systemtimems="4.000" timestamp="2019-06-16T00:36:25.062" activeThreads="4">
  <mem-info id="1777" free="26214400" total="55574528" percent="47">
    <mem type="eden" free="1047064" total="1048576" percent="99" />
    <remembered-set count="54976" freebytes="1998464" totalbytes="2218368" percent="90" regionsoverflowed="0" regionsstable="0" regionsrebuilding="8"/>
  </mem-info>
</gc-end>
<cycle-end id="1778" type="partial gc" contextid="1771" timestamp="2019-06-16T00:36:25.062" />
  <attribute name="elasticGC enabled" value="1" />
  <attribute name= "numThreadsSpecified" value="4" />
  <attribute name="heapSize specified" value="0" />
  <attribute name="Current GC Util" value="54" />
  <attribute name= "Current Time Running" value="14726" />
  <attribute name ="GC Interval" value="0" />
  <attribute name="ProportionalT" value="51.000000" />
  <attribute name="ProportionalI" value="51.000000" />
  <attribute name="ProportionalH" value="51.000000" />
  <attribute name="Current Error" value="34.000000" />
  <attribute name="IntegralT" value="34.000000" />
  <attribute name="IntegralI" value="34.000000" />
  <attribute name="IntegralH" value="34.000000" />
  <attribute name="DerivativeT" value="17.000000" />
  <attribute name="DerivativeI" value="17.000000" />
  <attribute name="DerivativeH" value="17.000000" />
  <attribute name="Loop Time for DT" value="1.000000" />
  <attribute name="Output H" value="8388608"/>
  <attribute name="Output I" value="200"/>
  <attribute name="Output T" value="4"/>
  <attribute name="Target GC Util Change" value ="20.000000" />
  <attribute name="Current GC Util Change" value="54.000000"/>
  <attribute name="GC Util currently" value="54" />
  <attribute name="CPU Util currently" value="10137979982385" />
<exclusive-end id="1779" timestamp="2019-06-16T00:36:25.062" durationms="4.738" />

<exclusive-start id="1780" timestamp="2019-06-16T00:36:25.152" intervalms="94.641">
  <response-info timems="0.082" idlems="0.082" threads="0" lastid="0000000001627700" lastname="main" />
</exclusive-start>
<allocation-taxation id="1781" taxation-threshold="10485760" timestamp="2019-06-16T00:36:25.153" intervalms="94.740" />
<gc-start id="1782" type="global mark phase" contextid="1760" timestamp="2019-06-16T00:36:25.153">
  <mem-info id="1783" free="15728640" total="55574528" percent="28">
    <remembered-set count="38656" freebytes="2063744" totalbytes="2218368" percent="93" regionsoverflowed="0" regionsstable="4" regionsrebuilding="8"/>
  </mem-info>
</gc-start>
<gc-end id="1784" type="global mark phase" contextid="1760" durationms="0.171" usertimems="0.000" systemtimems="0.000" timestamp="2019-06-16T00:36:25.153" activeThreads="4">
  <mem-info id="1785" free="15728640" total="55574528" percent="28">
    <remembered-set count="38656" freebytes="2063744" totalbytes="2218368" percent="93" regionsoverflowed="0" regionsstable="4" regionsrebuilding="8"/>
  </mem-info>
</gc-end>
<concurrent-start id="1786" type="GMP work packet processing" contextid="1760" timestamp="2019-06-16T00:36:25.153">
  <concurrent-mark-start scanTarget="3753249" />
</concurrent-start>
<concurrent-end id="1787" type="GMP work packet processing" contextid="1760" timestamp="2019-06-16T00:36:25.155">
  <concurrent-mark-end bytesScanned="3802840" reasonForTermination="Work target met" />
</concurrent-end>

<exclusive-end id="1788" timestamp="2019-06-16T00:36:25.155" durationms="2.763" />

<exclusive-start id="1789" timestamp="2019-06-16T00:36:25.177" intervalms="24.697">
  <response-info timems="0.064" idlems="0.064" threads="0" lastid="0000000001627700" lastname="main" />
</exclusive-start>
<allocation-taxation id="1790" taxation-threshold="10485760" timestamp="2019-06-16T00:36:25.177" intervalms="24.660" />
<cycle-start id="1791" type="partial gc" contextid="0" timestamp="2019-06-16T00:36:25.177" intervalms="119.442" />
<gc-start id="1792" type="partial gc" contextid="1791" timestamp="2019-06-16T00:36:25.178">
  <mem-info id="1793" free="5242880" total="55574528" percent="9">
    <mem type="eden" free="1047064" total="22020096" percent="4" />
    <remembered-set count="42016" freebytes="2050304" totalbytes="2218368" percent="92" regionsoverflowed="0" regionsstable="4" regionsrebuilding="8"/>
  </mem-info>
</gc-start>
<allocation-stats totalBytes="20969808" >
  <allocated-bytes non-tlh="0" tlh="20969808" arrayletleaf="0"/>
  <largest-consumer threadName="main" threadId="0000000001627700" bytes="10485416" />
</allocation-stats>
<gc-op id="1794" type="copy forward" timems="1.656" contextid="1791" timestamp="2019-06-16T00:36:25.180">
  <memory-copied type="eden" objects="7" bytes="176" bytesdiscarded="0" />
  <memory-copied type="other" objects="25" bytes="792" bytesdiscarded="0" />
  <memory-cardclean objects="55" bytes="2200" />
  <regions eden="20" other="1" />
  <remembered-set-cleared processed="40481" cleared="34" durationms="0.200" />
  <stringconstants candidates="13760" cleared="0"  />
</gc-op>
<gc-op id="1795" type="classunload" timems="0.004" contextid="1791" timestamp="2019-06-16T00:36:25.180">
  <classunload-info classloadercandidates="54" classloadersunloaded="0" classesunloaded="0" anonymousclassesunloaded="0" quiescems="0.000" setupms="0.004" scanms="0.000" postms="0.000" />
</gc-op>
<gc-end id="1796" type="partial gc" contextid="1791" durationms="2.461" usertimems="4.000" systemtimems="0.000" timestamp="2019-06-16T00:36:25.180" activeThreads="4">
  <mem-info id="1797" free="25165824" total="55574528" percent="45">
    <mem type="eden" free="2096184" total="2097152" percent="99" />
    <remembered-set count="43168" freebytes="2045696" totalbytes="2218368" percent="92" regionsoverflowed="0" regionsstable="4" regionsrebuilding="8"/>
  </mem-info>
</gc-end>
<cycle-end id="1798" type="partial gc" contextid="1791" timestamp="2019-06-16T00:36:25.180" />
  <attribute name="elasticGC enabled" value="1" />
  <attribute name= "numThreadsSpecified" value="4" />
  <attribute name="heapSize specified" value="0" />
  <attribute name="Current GC Util" value="0" />
  <attribute name= "Current Time Running" value="14844" />
  <attribute name ="GC Interval" value="0" />
  <attribute name="ProportionalT" value="-30.000000" />
  <attribute name="ProportionalI" value="-30.000000" />
  <attribute name="ProportionalH" value="-30.000000" />
  <attribute name="Current Error" value="-20.000000" />
  <attribute name="IntegralT" value="0.000000" />
  <attribute name="IntegralI" value="0.000000" />
  <attribute name="IntegralH" value="0.000000" />
  <attribute name="DerivativeT" value="-inf" />
  <attribute name="DerivativeI" value="-inf" />
  <attribute name="DerivativeH" value="-inf" />
  <attribute name="Loop Time for DT" value="0.000000" />
  <attribute name="Output H" value="2091843584"/>
  <attribute name="Output I" value="200"/>
  <attribute name="Output T" value="4"/>
  <attribute name="Target GC Util Change" value ="20.000000" />
  <attribute name="Current GC Util Change" value="0.000000"/>
  <attribute name="GC Util currently" value="0" />
  <attribute name="CPU Util currently" value="26315499296094" />
<exclusive-end id="1799" timestamp="2019-06-16T00:36:25.181" durationms="3.528" />

<exclusive-start id="1800" timestamp="2019-06-16T00:36:25.200" intervalms="23.238">
  <response-info timems="0.034" idlems="0.034" threads="0" lastid="0000000001627700" lastname="main" />
</exclusive-start>
<allocation-taxation id="1801" taxation-threshold="10485760" timestamp="2019-06-16T00:36:25.201" intervalms="23.263" />
<gc-start id="1802" type="global mark phase" contextid="1760" timestamp="2019-06-16T00:36:25.201">
  <mem-info id="1803" free="14680064" total="55574528" percent="26">
    <remembered-set count="42688" freebytes="2047616" totalbytes="2218368" percent="92" regionsoverflowed="0" regionsstable="4" regionsrebuilding="8"/>
  </mem-info>
</gc-start>
<gc-end id="1804" type="global mark phase" contextid="1760" durationms="0.070" usertimems="0.000" systemtimems="0.000" timestamp="2019-06-16T00:36:25.201" activeThreads="4">
  <mem-info id="1805" free="14680064" total="55574528" percent="26">
    <remembered-set count="42688" freebytes="2047616" totalbytes="2218368" percent="92" regionsoverflowed="0" regionsstable="4" regionsrebuilding="8"/>
  </mem-info>
</gc-end>
<concurrent-start id="1806" type="GMP work packet processing" contextid="1760" timestamp="2019-06-16T00:36:25.201">
  <concurrent-mark-start scanTarget="1876624" />
</concurrent-start>
<concurrent-end id="1807" type="GMP work packet processing" contextid="1760" timestamp="2019-06-16T00:36:25.202">
  <concurrent-mark-end bytesScanned="1916916" reasonForTermination="Work target met" />
</concurrent-end>

<exclusive-end id="1808" timestamp="2019-06-16T00:36:25.202" durationms="1.590" />

<exclusive-start id="1809" timestamp="2019-06-16T00:36:25.224" intervalms="23.990">
  <response-info timems="0.062" idlems="0.062" threads="0" lastid="0000000001627700" lastname="main" />
</exclusive-start>
<allocation-taxation id="1810" taxation-threshold="10485760" timestamp="2019-06-16T00:36:25.224" intervalms="23.971" />
<cycle-start id="1811" type="partial gc" contextid="0" timestamp="2019-06-16T00:36:25.225" intervalms="47.261" />
<gc-start id="1812" type="partial gc" contextid="1811" timestamp="2019-06-16T00:36:25.225">
  <mem-info id="1813" free="4194304" total="55574528" percent="7">
    <mem type="eden" free="1048400" total="22020096" percent="4" />
    <remembered-set count="44128" freebytes="2041856" totalbytes="2218368" percent="92" regionsoverflowed="0" regionsstable="4" regionsrebuilding="8"/>
  </mem-info>
</gc-start>
<allocation-stats totalBytes="20969072" >
  <allocated-bytes non-tlh="0" tlh="20969072" arrayletleaf="0"/>
  <largest-consumer threadName="main" threadId="0000000001627700" bytes="10484536" />
</allocation-stats>
<gc-op id="1814" type="copy forward" timems="1.193" contextid="1811" timestamp="2019-06-16T00:36:25.227">
  <memory-copied type="eden" objects="31" bytes="944" bytesdiscarded="0" />
  <memory-copied type="other" objects="0" bytes="0" bytesdiscarded="0" />
  <memory-cardclean objects="81" bytes="2912" />
  <regions eden="20" other="1" />
  <remembered-set-cleared processed="42138" cleared="34" durationms="0.241" />
  <stringconstants candidates="13760" cleared="0"  />
</gc-op>
<gc-op id="1815" type="classunload" timems="0.005" contextid="1811" timestamp="2019-06-16T00:36:25.227">
  <classunload-info classloadercandidates="54" classloadersunloaded="0" classesunloaded="0" anonymousclassesunloaded="0" quiescems="0.000" setupms="0.005" scanms="0.000" postms="0.000" />
</gc-op>
<gc-end id="1816" type="partial gc" contextid="1811" durationms="2.075" usertimems="4.000" systemtimems="0.000" timestamp="2019-06-16T00:36:25.227" activeThreads="4">
  <mem-info id="1817" free="25165824" total="55574528" percent="45">
    <mem type="eden" free="1047632" total="1048576" percent="99" />
    <remembered-set count="44864" freebytes="2038912" totalbytes="2218368" percent="91" regionsoverflowed="0" regionsstable="4" regionsrebuilding="8"/>
  </mem-info>
</gc-end>
<cycle-end id="1818" type="partial gc" contextid="1811" timestamp="2019-06-16T00:36:25.227" />
  <attribute name="elasticGC enabled" value="1" />
  <attribute name= "numThreadsSpecified" value="4" />
  <attribute name="heapSize specified" value="0" />
  <attribute name="Current GC Util" value="73" />
  <attribute name= "Current Time Running" value="14892" />
  <attribute name ="GC Interval" value="0" />
  <attribute name="ProportionalT" value="79.500000" />
  <attribute name="ProportionalI" value="79.500000" />
  <attribute name="ProportionalH" value="79.500000" />
  <attribute name="Current Error" value="53.000000" />
  <attribute name="IntegralT" value="53.000000" />
  <attribute name="IntegralI" value="53.000000" />
  <attribute name="IntegralH" value="53.000000" />
  <attribute name="DerivativeT" value="26.500000" />
  <attribute name="DerivativeI" value="26.500000" />
  <attribute name="DerivativeH" value="26.500000" />
  <attribute name="Loop Time for DT" value="1.000000" />
  <attribute name="Output H" value="8388608"/>
  <attribute name="Output I" value="200"/>
  <attribute name="Output T" value="4"/>
  <attribute name="Target GC Util Change" value ="20.000000" />
  <attribute name="Current GC Util Change" value="73.000000"/>
  <attribute name="GC Util currently" value="73" />
  <attribute name="CPU Util currently" value="20674272807207" />
<exclusive-end id="1819" timestamp="2019-06-16T00:36:25.227" durationms="3.091" />

<exclusive-start id="1820" timestamp="2019-06-16T00:36:25.251" intervalms="26.914">
  <response-info timems="0.109" idlems="0.109" threads="0" lastid="0000000001627700" lastname="main" />
</exclusive-start>
<allocation-taxation id="1821" taxation-threshold="10485760" timestamp="2019-06-16T00:36:25.251" intervalms="26.949" />
<gc-start id="1822" type="global mark phase" contextid="1760" timestamp="2019-06-16T00:36:25.252">
  <mem-info id="1823" free="14680064" total="55574528" percent="26">
    <remembered-set count="44384" freebytes="2040832" totalbytes="2218368" percent="91" regionsoverflowed="0" regionsstable="4" regionsrebuilding="8"/>
  </mem-info>
</gc-start>
<gc-end id="1824" type="global mark phase" contextid="1760" durationms="0.131" usertimems="0.000" systemtimems="0.000" timestamp="2019-06-16T00:36:25.252" activeThreads="4">
  <mem-info id="1825" free="14680064" total="55574528" percent="26">
    <remembered-set count="44384" freebytes="2040832" totalbytes="2218368" percent="91" regionsoverflowed="0" regionsstable="4" regionsrebuilding="8"/>
  </mem-info>
</gc-end>
<concurrent-start id="1826" type="GMP work packet processing" contextid="1760" timestamp="2019-06-16T00:36:25.252">
  <concurrent-mark-start scanTarget="1876624" />
</concurrent-start>
<concurrent-end id="1827" type="GMP work packet processing" contextid="1760" timestamp="2019-06-16T00:36:25.253">
  <concurrent-mark-end bytesScanned="1914632" reasonForTermination="Work target met" />
</concurrent-end>

<exclusive-end id="1828" timestamp="2019-06-16T00:36:25.253" durationms="1.806" />

<exclusive-start id="1829" timestamp="2019-06-16T00:36:25.278" intervalms="27.003">
  <response-info timems="0.066" idlems="0.066" threads="0" lastid="0000000001627700" lastname="main" />
</exclusive-start>
<allocation-taxation id="1830" taxation-threshold="10485760" timestamp="2019-06-16T00:36:25.278" intervalms="26.943" />
<cycle-start id="1831" type="partial gc" contextid="0" timestamp="2019-06-16T00:36:25.279" intervalms="53.920" />
<gc-start id="1832" type="partial gc" contextid="1831" timestamp="2019-06-16T00:36:25.279">
  <mem-info id="1833" free="4194304" total="55574528" percent="7">
    <mem type="eden" free="0" total="20971520" percent="0" />
    <remembered-set count="45792" freebytes="2035200" totalbytes="2218368" percent="91" regionsoverflowed="0" regionsstable="4" regionsrebuilding="8"/>
  </mem-info>
</gc-start>
<allocation-stats totalBytes="20969016" >
  <allocated-bytes non-tlh="0" tlh="20969016" arrayletleaf="0"/>
  <largest-consumer threadName="main" threadId="0000000001627700" bytes="10484072" />
</allocation-stats>
<gc-op id="1834" type="copy forward" timems="1.773" contextid="1831" timestamp="2019-06-16T00:36:25.282">
  <memory-copied type="eden" objects="30" bytes="912" bytesdiscarded="0" />
  <memory-copied type="other" objects="8" bytes="184" bytesdiscarded="696" />
  <memory-cardclean objects="76" bytes="2760" />
  <regions eden="20" other="1" />
  <remembered-set-cleared processed="43774" cleared="40" durationms="0.241" />
  <stringconstants candidates="13760" cleared="0"  />
</gc-op>
<gc-op id="1835" type="classunload" timems="0.008" contextid="1831" timestamp="2019-06-16T00:36:25.282">
  <classunload-info classloadercandidates="54" classloadersunloaded="0" classesunloaded="0" anonymousclassesunloaded="0" quiescems="0.000" setupms="0.008" scanms="0.000" postms="0.000" />
</gc-op>
<gc-end id="1836" type="partial gc" contextid="1831" durationms="2.867" usertimems="4.000" systemtimems="0.000" timestamp="2019-06-16T00:36:25.282" activeThreads="4">
  <mem-info id="1837" free="24117248" total="55574528" percent="43">
    <mem type="eden" free="1047664" total="1048576" percent="99" />
    <remembered-set count="46912" freebytes="2030720" totalbytes="2218368" percent="91" regionsoverflowed="0" regionsstable="4" regionsrebuilding="8"/>
  </mem-info>
</gc-end>
<cycle-end id="1838" type="partial gc" contextid="1831" timestamp="2019-06-16T00:36:25.282" />
  <attribute name="elasticGC enabled" value="1" />
  <attribute name= "numThreadsSpecified" value="4" />
  <attribute name="heapSize specified" value="0" />
  <attribute name="Current GC Util" value="54" />
  <attribute name= "Current Time Running" value="14946" />
  <attribute name ="GC Interval" value="0" />
  <attribute name="ProportionalT" value="51.000000" />
  <attribute name="ProportionalI" value="51.000000" />
  <attribute name="ProportionalH" value="51.000000" />
  <attribute name="Current Error" value="34.000000" />
  <attribute name="IntegralT" value="34.000000" />
  <attribute name="IntegralI" value="34.000000" />
  <attribute name="IntegralH" value="34.000000" />
  <attribute name="DerivativeT" value="17.000000" />
  <attribute name="DerivativeI" value="17.000000" />
  <attribute name="DerivativeH" value="17.000000" />
  <attribute name="Loop Time for DT" value="1.000000" />
  <attribute name="Output H" value="8388608"/>
  <attribute name="Output I" value="200"/>
  <attribute name="Output T" value="4"/>
  <attribute name="Target GC Util Change" value ="20.000000" />
  <attribute name="Current GC Util Change" value="54.000000"/>
  <attribute name="GC Util currently" value="54" />
  <attribute name="CPU Util currently" value="14525818753675" />
<exclusive-end id="1839" timestamp="2019-06-16T00:36:25.282" durationms="3.905" />

<exclusive-start id="1840" timestamp="2019-06-16T00:36:25.307" intervalms="29.059">
  <response-info timems="0.046" idlems="0.046" threads="0" lastid="0000000001627700" lastname="main" />
</exclusive-start>
<allocation-taxation id="1841" taxation-threshold="10485760" timestamp="2019-06-16T00:36:25.307" intervalms="29.073" />
<gc-start id="1842" type="global mark phase" contextid="1760" timestamp="2019-06-16T00:36:25.308">
  <mem-info id="1843" free="13631488" total="55574528" percent="24">
    <remembered-set count="23008" freebytes="2126336" totalbytes="2218368" percent="95" regionsoverflowed="0" regionsstable="7" regionsrebuilding="8"/>
  </mem-info>
</gc-start>
<gc-end id="1844" type="global mark phase" contextid="1760" durationms="0.121" usertimems="0.000" systemtimems="0.000" timestamp="2019-06-16T00:36:25.308" activeThreads="4">
  <mem-info id="1845" free="13631488" total="55574528" percent="24">
    <remembered-set count="23008" freebytes="2126336" totalbytes="2218368" percent="95" regionsoverflowed="0" regionsstable="7" regionsrebuilding="8"/>
  </mem-info>
</gc-end>
<concurrent-start id="1846" type="GMP work packet processing" contextid="1760" timestamp="2019-06-16T00:36:25.308">
  <concurrent-mark-start scanTarget="1876624" />
</concurrent-start>
<concurrent-end id="1847" type="GMP work packet processing" contextid="1760" timestamp="2019-06-16T00:36:25.309">
  <concurrent-mark-end bytesScanned="1929780" reasonForTermination="Work target met" />
</concurrent-end>

<exclusive-end id="1848" timestamp="2019-06-16T00:36:25.309" durationms="1.964" />

<exclusive-start id="1849" timestamp="2019-06-16T00:36:25.335" intervalms="27.644">
  <response-info timems="0.034" idlems="0.034" threads="0" lastid="0000000001627700" lastname="main" />
</exclusive-start>
<allocation-taxation id="1850" taxation-threshold="10485760" timestamp="2019-06-16T00:36:25.335" intervalms="27.610" />
<cycle-start id="1851" type="partial gc" contextid="0" timestamp="2019-06-16T00:36:25.335" intervalms="56.633" />
<gc-start id="1852" type="partial gc" contextid="1851" timestamp="2019-06-16T00:36:25.335">
  <mem-info id="1853" free="3145728" total="55574528" percent="5">
    <mem type="eden" free="0" total="20971520" percent="0" />
    <remembered-set count="25024" freebytes="2118272" totalbytes="2218368" percent="95" regionsoverflowed="0" regionsstable="7" regionsrebuilding="8"/>
  </mem-info>
</gc-start>
<allocation-stats totalBytes="20968184" >
  <allocated-bytes non-tlh="0" tlh="20968184" arrayletleaf="0"/>
  <largest-consumer threadName="main" threadId="0000000001627700" bytes="10484320" />
</allocation-stats>
<gc-op id="1854" type="copy forward" timems="1.200" contextid="1851" timestamp="2019-06-16T00:36:25.337">
  <memory-copied type="eden" objects="8" bytes="248" bytesdiscarded="0" />
  <memory-copied type="other" objects="24" bytes="768" bytesdiscarded="0" />
  <memory-cardclean objects="43" bytes="1840" />
  <regions eden="20" other="1" />
  <remembered-set-cleared processed="22873" cleared="19" durationms="0.268" />
  <stringconstants candidates="13760" cleared="0"  />
</gc-op>
<gc-op id="1855" type="classunload" timems="0.004" contextid="1851" timestamp="2019-06-16T00:36:25.337">
  <classunload-info classloadercandidates="54" classloadersunloaded="0" classesunloaded="0" anonymousclassesunloaded="0" quiescems="0.000" setupms="0.004" scanms="0.000" postms="0.000" />
</gc-op>
<gc-end id="1856" type="partial gc" contextid="1851" durationms="2.114" usertimems="4.000" systemtimems="0.000" timestamp="2019-06-16T00:36:25.338" activeThreads="1">
  <mem-info id="1857" free="23068672" total="55574528" percent="41">
    <mem type="eden" free="1048328" total="1048576" percent="99" />
    <remembered-set count="25280" freebytes="2117248" totalbytes="2218368" percent="95" regionsoverflowed="0" regionsstable="7" regionsrebuilding="8"/>
  </mem-info>
</gc-end>
<cycle-end id="1858" type="partial gc" contextid="1851" timestamp="2019-06-16T00:36:25.338" />
  <attribute name="elasticGC enabled" value="1" />
  <attribute name= "numThreadsSpecified" value="1" />
  <attribute name="heapSize specified" value="0" />
  <attribute name="Current GC Util" value="65" />
  <attribute name= "Current Time Running" value="15002" />
  <attribute name ="GC Interval" value="0" />
  <attribute name="ProportionalT" value="67.500000" />
  <attribute name="ProportionalI" value="67.500000" />
  <attribute name="ProportionalH" value="67.500000" />
  <attribute name="Current Error" value="45.000000" />
  <attribute name="IntegralT" value="0.000000" />
  <attribute name="IntegralI" value="0.000000" />
  <attribute name="IntegralH" value="0.000000" />
  <attribute name="DerivativeT" value="inf" />
  <attribute name="DerivativeI" value="inf" />
  <attribute name="DerivativeH" value="inf" />
  <attribute name="Loop Time for DT" value="0.000000" />
  <attribute name="Output H" value="8388608"/>
  <attribute name="Output I" value="200"/>
  <attribute name="Output T" value="1"/>
  <attribute name="Target GC Util Change" value ="20.000000" />
  <attribute name="Current GC Util Change" value="65.000000"/>
  <attribute name="GC Util currently" value="65" />
  <attribute name="CPU Util currently" value="21594637446303" />
<exclusive-end id="1859" timestamp="2019-06-16T00:36:25.338" durationms="3.018" />

<exclusive-start id="1860" timestamp="2019-06-16T00:36:25.359" intervalms="23.831">
  <response-info timems="0.063" idlems="0.063" threads="0" lastid="0000000001627700" lastname="main" />
</exclusive-start>
<allocation-taxation id="1861" taxation-threshold="10485760" timestamp="2019-06-16T00:36:25.359" intervalms="23.908" />
<gc-start id="1862" type="global mark phase" contextid="1760" timestamp="2019-06-16T00:36:25.359">
  <mem-info id="1863" free="12582912" total="55574528" percent="22">
    <remembered-set count="24832" freebytes="2119040" totalbytes="2218368" percent="95" regionsoverflowed="0" regionsstable="7" regionsrebuilding="8"/>
  </mem-info>
</gc-start>
<gc-end id="1864" type="global mark phase" contextid="1760" durationms="0.161" usertimems="0.000" systemtimems="0.000" timestamp="2019-06-16T00:36:25.359" activeThreads="1">
  <mem-info id="1865" free="12582912" total="55574528" percent="22">
    <remembered-set count="24832" freebytes="2119040" totalbytes="2218368" percent="95" regionsoverflowed="0" regionsstable="7" regionsrebuilding="8"/>
  </mem-info>
</gc-end>
<concurrent-start id="1866" type="GMP work packet processing" contextid="1760" timestamp="2019-06-16T00:36:25.360">
  <concurrent-mark-start scanTarget="1407468" />
</concurrent-start>
<concurrent-end id="1867" type="GMP work packet processing" contextid="1760" timestamp="2019-06-16T00:36:25.361">
  <concurrent-mark-end bytesScanned="1469500" reasonForTermination="Work target met" />
</concurrent-end>

<exclusive-end id="1868" timestamp="2019-06-16T00:36:25.361" durationms="1.894" />

<exclusive-start id="1869" timestamp="2019-06-16T00:36:25.377" intervalms="18.186">
  <response-info timems="0.063" idlems="0.063" threads="0" lastid="0000000001627700" lastname="main" />
</exclusive-start>
<allocation-taxation id="1870" taxation-threshold="10485760" timestamp="2019-06-16T00:36:25.377" intervalms="18.076" />
<cycle-start id="1871" type="partial gc" contextid="0" timestamp="2019-06-16T00:36:25.377" intervalms="41.976" />
<gc-start id="1872" type="partial gc" contextid="1871" timestamp="2019-06-16T00:36:25.377">
  <mem-info id="1873" free="2097152" total="55574528" percent="3">
    <mem type="eden" free="1048328" total="22020096" percent="4" />
    <remembered-set count="25600" freebytes="2115968" totalbytes="2218368" percent="95" regionsoverflowed="0" regionsstable="7" regionsrebuilding="8"/>
  </mem-info>
</gc-start>
<allocation-stats totalBytes="20968640" >
  <allocated-bytes non-tlh="0" tlh="20968640" arrayletleaf="0"/>
  <largest-consumer threadName="main" threadId="0000000001627700" bytes="10484320" />
</allocation-stats>
<gc-op id="1874" type="copy forward" timems="1.186" contextid="1871" timestamp="2019-06-16T00:36:25.379">
  <memory-copied type="eden" objects="8" bytes="248" bytesdiscarded="0" />
  <memory-copied type="other" objects="0" bytes="0" bytesdiscarded="0" />
  <memory-cardclean objects="28" bytes="848" />
  <regions eden="20" other="1" />
  <remembered-set-cleared processed="24017" cleared="7" durationms="0.268" />
  <stringconstants candidates="13760" cleared="0"  />
</gc-op>
<gc-op id="1875" type="classunload" timems="0.005" contextid="1871" timestamp="2019-06-16T00:36:25.379">
  <classunload-info classloadercandidates="54" classloadersunloaded="0" classesunloaded="0" anonymousclassesunloaded="0" quiescems="0.000" setupms="0.005" scanms="0.000" postms="0.000" />
</gc-op>
<gc-end id="1876" type="partial gc" contextid="1871" durationms="2.212" usertimems="0.000" systemtimems="0.000" timestamp="2019-06-16T00:36:25.380" activeThreads="1">
  <mem-info id="1877" free="23068672" total="55574528" percent="41">
    <mem type="eden" free="1048328" total="1048576" percent="99" />
    <remembered-set count="26080" freebytes="2114048" totalbytes="2218368" percent="95" regionsoverflowed="0" regionsstable="7" regionsrebuilding="8"/>
  </mem-info>
</gc-end>
<cycle-end id="1878" type="partial gc" contextid="1871" timestamp="2019-06-16T00:36:25.380" />
  <attribute name="elasticGC enabled" value="1" />
  <attribute name= "numThreadsSpecified" value="1" />
  <attribute name="heapSize specified" value="0" />
  <attribute name="Current GC Util" value="69" />
  <attribute name= "Current Time Running" value="15044" />
  <attribute name ="GC Interval" value="0" />
  <attribute name="ProportionalT" value="73.500000" />
  <attribute name="ProportionalI" value="73.500000" />
  <attribute name="ProportionalH" value="73.500000" />
  <attribute name="Current Error" value="49.000000" />
  <attribute name="IntegralT" value="0.000000" />
  <attribute name="IntegralI" value="0.000000" />
  <attribute name="IntegralH" value="0.000000" />
  <attribute name="DerivativeT" value="inf" />
  <attribute name="DerivativeI" value="inf" />
  <attribute name="DerivativeH" value="inf" />
  <attribute name="Loop Time for DT" value="0.000000" />
  <attribute name="Output H" value="8388608"/>
  <attribute name="Output I" value="200"/>
  <attribute name="Output T" value="1"/>
  <attribute name="Target GC Util Change" value ="20.000000" />
  <attribute name="Current GC Util Change" value="69.000000"/>
  <attribute name="GC Util currently" value="69" />
  <attribute name="CPU Util currently" value="21336272694483" />
<exclusive-end id="1879" timestamp="2019-06-16T00:36:25.380" durationms="3.248" />

<exclusive-start id="1880" timestamp="2019-06-16T00:36:25.451" intervalms="74.197">
  <response-info timems="0.066" idlems="0.066" threads="0" lastid="0000000001627700" lastname="main" />
</exclusive-start>
<allocation-taxation id="1881" taxation-threshold="10485760" timestamp="2019-06-16T00:36:25.451" intervalms="74.293" />
<gc-start id="1882" type="global mark phase" contextid="1760" timestamp="2019-06-16T00:36:25.451">
  <mem-info id="1883" free="12582912" total="55574528" percent="22">
    <remembered-set count="25600" freebytes="2115968" totalbytes="2218368" percent="95" regionsoverflowed="0" regionsstable="7" regionsrebuilding="8"/>
  </mem-info>
</gc-start>
<gc-end id="1884" type="global mark phase" contextid="1760" durationms="0.184" usertimems="0.000" systemtimems="0.000" timestamp="2019-06-16T00:36:25.452" activeThreads="1">
  <mem-info id="1885" free="12582912" total="55574528" percent="22">
    <remembered-set count="25600" freebytes="2115968" totalbytes="2218368" percent="95" regionsoverflowed="0" regionsstable="7" regionsrebuilding="8"/>
  </mem-info>
</gc-end>
<concurrent-start id="1886" type="GMP work packet processing" contextid="1760" timestamp="2019-06-16T00:36:25.452">
  <concurrent-mark-start scanTarget="1048576" />
</concurrent-start>
<concurrent-end id="1887" type="GMP work packet processing" contextid="1760" timestamp="2019-06-16T00:36:25.452">
  <concurrent-mark-end bytesScanned="509828" reasonForTermination="Completed all work in GC phase" />
</concurrent-end>

<exclusive-end id="1888" timestamp="2019-06-16T00:36:25.453" durationms="1.434" />

<exclusive-start id="1889" timestamp="2019-06-16T00:36:25.503" intervalms="51.418">
  <response-info timems="0.065" idlems="0.065" threads="0" lastid="0000000001627700" lastname="main" />
</exclusive-start>
<allocation-taxation id="1890" taxation-threshold="10485760" timestamp="2019-06-16T00:36:25.503" intervalms="51.359" />
<cycle-start id="1891" type="partial gc" contextid="0" timestamp="2019-06-16T00:36:25.503" intervalms="125.735" />
<gc-start id="1892" type="partial gc" contextid="1891" timestamp="2019-06-16T00:36:25.503">
  <mem-info id="1893" free="2097152" total="55574528" percent="3">
    <mem type="eden" free="1048328" total="22020096" percent="4" />
    <remembered-set count="26912" freebytes="2110720" totalbytes="2218368" percent="95" regionsoverflowed="0" regionsstable="7" regionsrebuilding="8"/>
  </mem-info>
</gc-start>
<allocation-stats totalBytes="20970464" >
  <allocated-bytes non-tlh="0" tlh="20970464" arrayletleaf="0"/>
  <largest-consumer threadName="main" threadId="0000000001627700" bytes="10485392" />
</allocation-stats>
<gc-op id="1894" type="copy forward" timems="1.093" contextid="1891" timestamp="2019-06-16T00:36:25.505">
  <memory-copied type="eden" objects="23" bytes="720" bytesdiscarded="0" />
  <memory-copied type="other" objects="0" bytes="0" bytesdiscarded="0" />
  <memory-cardclean objects="93" bytes="3392" />
  <regions eden="20" other="1" />
  <remembered-set-cleared processed="24736" cleared="28" durationms="0.275" />
  <stringconstants candidates="13760" cleared="0"  />
</gc-op>
<gc-op id="1895" type="classunload" timems="0.004" contextid="1891" timestamp="2019-06-16T00:36:25.505">
  <classunload-info classloadercandidates="54" classloadersunloaded="0" classesunloaded="0" anonymousclassesunloaded="0" quiescems="0.000" setupms="0.004" scanms="0.000" postms="0.000" />
</gc-op>
<heap-resize id="1896" type="contract" space="default" amount="3145728" count="1" timems="0.229" reason="insufficient time being spent in gc" timestamp="2019-06-16T00:36:25.506" />
<gc-end id="1897" type="partial gc" contextid="1891" durationms="2.578" usertimems="0.000" systemtimems="4.000" timestamp="2019-06-16T00:36:25.506" activeThreads="1">
  <mem-info id="1898" free="19922944" total="52428800" percent="38">
    <mem type="eden" free="1047856" total="1048576" percent="99" />
    <remembered-set count="27360" freebytes="2108928" totalbytes="2218368" percent="95" regionsoverflowed="0" regionsstable="7" regionsrebuilding="8"/>
  </mem-info>
</gc-end>
<cycle-end id="1899" type="partial gc" contextid="1891" timestamp="2019-06-16T00:36:25.506" />
  <attribute name="elasticGC enabled" value="1" />
  <attribute name= "numThreadsSpecified" value="1" />
  <attribute name="heapSize specified" value="0" />
  <attribute name="Current GC Util" value="65" />
  <attribute name= "Current Time Running" value="15170" />
  <attribute name ="GC Interval" value="0" />
  <attribute name="ProportionalT" value="67.500000" />
  <attribute name="ProportionalI" value="67.500000" />
  <attribute name="ProportionalH" value="67.500000" />
  <attribute name="Current Error" value="45.000000" />
  <attribute name="IntegralT" value="0.000000" />
  <attribute name="IntegralI" value="0.000000" />
  <attribute name="IntegralH" value="0.000000" />
  <attribute name="DerivativeT" value="inf" />
  <attribute name="DerivativeI" value="inf" />
  <attribute name="DerivativeH" value="inf" />
  <attribute name="Loop Time for DT" value="0.000000" />
  <attribute name="Output H" value="8388608"/>
  <attribute name="Output I" value="200"/>
  <attribute name="Output T" value="1"/>
  <attribute name="Target GC Util Change" value ="20.000000" />
  <attribute name="Current GC Util Change" value="65.000000"/>
  <attribute name="GC Util currently" value="65" />
  <attribute name="CPU Util currently" value="18384897162625" />
<exclusive-end id="1900" timestamp="2019-06-16T00:36:25.506" durationms="3.698" />

<exclusive-start id="1901" timestamp="2019-06-16T00:36:25.550" intervalms="46.979">
  <response-info timems="0.174" idlems="0.174" threads="0" lastid="0000000001627700" lastname="main" />
</exclusive-start>
<allocation-taxation id="1902" taxation-threshold="9437184" timestamp="2019-06-16T00:36:25.550" intervalms="47.009" />
<gc-start id="1903" type="global mark phase" contextid="1760" timestamp="2019-06-16T00:36:25.550">
  <mem-info id="1904" free="10485760" total="52428800" percent="20">
    <remembered-set count="26912" freebytes="2110720" totalbytes="2218368" percent="95" regionsoverflowed="0" regionsstable="7" regionsrebuilding="8"/>
  </mem-info>
</gc-start>
<gc-op id="1905" type="mark increment" timems="1.398" contextid="1760" timestamp="2019-06-16T00:36:25.551">
  <trace-info objectcount="44" scancount="44" scanbytes="1164" />
  <cardclean-info objects="124" bytes="4588" />
  <finalization candidates="80" enqueued="0" />
  <ownableSynchronizers candidates="21" cleared="0" />
  <references type="soft" candidates="4733" cleared="992" enqueued="990" dynamicThreshold="12" maxThreshold="32" />
  <references type="weak" candidates="5603" cleared="0" enqueued="0" />
  <references type="phantom" candidates="101" cleared="0" enqueued="0" />
  <stringconstants candidates="13760" cleared="0"  />
</gc-op>
<gc-op id="1906" type="classunload" timems="0.011" contextid="1760" timestamp="2019-06-16T00:36:25.552">
  <classunload-info classloadercandidates="54" classloadersunloaded="0" classesunloaded="0" anonymousclassesunloaded="0" quiescems="0.000" setupms="0.010" scanms="0.000" postms="0.000" />
</gc-op>
<gc-end id="1907" type="global mark phase" contextid="1760" durationms="1.978" usertimems="0.000" systemtimems="0.000" timestamp="2019-06-16T00:36:25.552" activeThreads="4">
  <mem-info id="1908" free="10485760" total="52428800" percent="20">
    <pending-finalizers system="0" default="0" reference="990" classloader="0" />
    <remembered-set count="27424" freebytes="2108672" totalbytes="2218368" percent="95" regionsoverflowed="0" regionsstable="7" regionsrebuilding="0"/>
  </mem-info>
</gc-end>
<cycle-end id="1909" type="global mark phase" contextid="1760" timestamp="2019-06-16T00:36:25.552" />
  <attribute name="elasticGC enabled" value="1" />
  <attribute name= "numThreadsSpecified" value="4" />
  <attribute name="heapSize specified" value="0" />
  <attribute name="Current GC Util" value="0" />
  <attribute name= "Current Time Running" value="15216" />
  <attribute name ="GC Interval" value="0" />
  <attribute name="ProportionalT" value="-30.000000" />
  <attribute name="ProportionalI" value="-30.000000" />
  <attribute name="ProportionalH" value="-30.000000" />
  <attribute name="Current Error" value="-20.000000" />
  <attribute name="IntegralT" value="0.000000" />
  <attribute name="IntegralI" value="0.000000" />
  <attribute name="IntegralH" value="0.000000" />
  <attribute name="DerivativeT" value="-inf" />
  <attribute name="DerivativeI" value="-inf" />
  <attribute name="DerivativeH" value="-inf" />
  <attribute name="Loop Time for DT" value="0.000000" />
  <attribute name="Output H" value="2091843584"/>
  <attribute name="Output I" value="200"/>
  <attribute name="Output T" value="4"/>
  <attribute name="Target GC Util Change" value ="20.000000" />
  <attribute name="Current GC Util Change" value="0.000000"/>
  <attribute name="GC Util currently" value="0" />
  <attribute name="CPU Util currently" value="60224433416256" />
<exclusive-end id="1910" timestamp="2019-06-16T00:36:25.552" durationms="2.751" />

<exclusive-start id="1911" timestamp="2019-06-16T00:36:25.778" intervalms="228.536">
  <response-info timems="0.846" idlems="0.449" threads="1" lastid="000000000162B300" lastname="JIT Compilation Thread-0" />
</exclusive-start>
<allocation-taxation id="1912" taxation-threshold="9437184" timestamp="2019-06-16T00:36:25.778" intervalms="228.624" />
<cycle-start id="1913" type="partial gc" contextid="0" timestamp="2019-06-16T00:36:25.779" intervalms="275.630" />
<gc-start id="1914" type="partial gc" contextid="1913" timestamp="2019-06-16T00:36:25.779">
  <mem-info id="1915" free="1048576" total="52428800" percent="2">
    <mem type="eden" free="0" total="18874368" percent="0" />
    <remembered-set count="11040" freebytes="2174208" totalbytes="2218368" percent="98" regionsoverflowed="0" regionsstable="15" regionsrebuilding="0"/>
  </mem-info>
</gc-start>
<allocation-stats totalBytes="18870376" >
  <allocated-bytes non-tlh="0" tlh="18870376" arrayletleaf="0"/>
  <largest-consumer threadName="main" threadId="0000000001627700" bytes="9395776" />
</allocation-stats>
<gc-op id="1916" type="sweep" timems="0.641" contextid="1913" timestamp="2019-06-16T00:36:25.780" />
<gc-op id="1917" type="copy forward" timems="1.484" contextid="1913" timestamp="2019-06-16T00:36:25.782">
  <memory-copied type="eden" objects="31" bytes="5560" bytesdiscarded="248" />
  <memory-copied type="other" objects="7" bytes="160" bytesdiscarded="0" />
  <memory-cardclean objects="5690" bytes="155760" />
  <regions eden="9" other="2" />
  <remembered-set-cleared processed="9091" cleared="47" durationms="0.173" />
  <stringconstants candidates="13760" cleared="0"  />
</gc-op>
<gc-op id="1918" type="classunload" timems="0.003" contextid="1913" timestamp="2019-06-16T00:36:25.783">
  <classunload-info classloadercandidates="54" classloadersunloaded="0" classesunloaded="0" anonymousclassesunloaded="0" quiescems="0.000" setupms="0.003" scanms="0.000" postms="0.000" />
</gc-op>
<gc-end id="1919" type="partial gc" contextid="1913" durationms="3.724" usertimems="0.000" systemtimems="4.000" timestamp="2019-06-16T00:36:25.783" activeThreads="4">
  <mem-info id="1920" free="18874368" total="52428800" percent="36">
    <mem type="eden" free="1042768" total="1048576" percent="99" />
    <remembered-set count="11552" freebytes="2046592" totalbytes="2092800" percent="97" regionsoverflowed="0" regionsstable="15" regionsrebuilding="0"/>
  </mem-info>
</gc-end>
<cycle-end id="1921" type="partial gc" contextid="1913" timestamp="2019-06-16T00:36:25.783" />
  <attribute name="elasticGC enabled" value="1" />
  <attribute name= "numThreadsSpecified" value="4" />
  <attribute name="heapSize specified" value="0" />
  <attribute name="Current GC Util" value="44" />
  <attribute name= "Current Time Running" value="15447" />
  <attribute name ="GC Interval" value="0" />
  <attribute name="ProportionalT" value="36.000000" />
  <attribute name="ProportionalI" value="36.000000" />
  <attribute name="ProportionalH" value="36.000000" />
  <attribute name="Current Error" value="24.000000" />
  <attribute name="IntegralT" value="24.000000" />
  <attribute name="IntegralI" value="24.000000" />
  <attribute name="IntegralH" value="24.000000" />
  <attribute name="DerivativeT" value="-17.500000" />
  <attribute name="DerivativeI" value="-17.500000" />
  <attribute name="DerivativeH" value="-17.500000" />
  <attribute name="Loop Time for DT" value="1.000000" />
  <attribute name="Output H" value="8388608"/>
  <attribute name="Output I" value="200"/>
  <attribute name="Output T" value="4"/>
  <attribute name="Target GC Util Change" value ="20.000000" />
  <attribute name="Current GC Util Change" value="44.000000"/>
  <attribute name="GC Util currently" value="44" />
  <attribute name="CPU Util currently" value="12123126961759" />
<exclusive-end id="1922" timestamp="2019-06-16T00:36:25.783" durationms="5.158" />

<exclusive-start id="1923" timestamp="2019-06-16T00:36:25.992" intervalms="213.743">
  <response-info timems="0.208" idlems="0.208" threads="0" lastid="0000000001627700" lastname="main" />
</exclusive-start>
<allocation-taxation id="1924" taxation-threshold="9437184" timestamp="2019-06-16T00:36:25.992" intervalms="213.698" />
<cycle-start id="1925" type="global mark phase" contextid="0" timestamp="2019-06-16T00:36:25.992" intervalms="952.984" />
<gc-start id="1926" type="global mark phase" contextid="1925" timestamp="2019-06-16T00:36:25.992">
  <mem-info id="1927" free="9437184" total="52428800" percent="18">
    <remembered-set count="11168" freebytes="2048128" totalbytes="2092800" percent="97" regionsoverflowed="0" regionsstable="15" regionsrebuilding="0"/>
  </mem-info>
</gc-start>
<gc-op id="1928" type="mark increment" timems="2.318" contextid="1925" timestamp="2019-06-16T00:36:25.995">
  <trace-info objectcount="53489" scancount="35238" scanbytes="1204564" />
</gc-op>
<gc-end id="1929" type="global mark phase" contextid="1925" durationms="2.600" usertimems="4.000" systemtimems="4.000" timestamp="2019-06-16T00:36:25.995" activeThreads="4">
  <mem-info id="1930" free="9437184" total="52428800" percent="18">
    <remembered-set count="19360" freebytes="2015360" totalbytes="2092800" percent="96" regionsoverflowed="0" regionsstable="0" regionsrebuilding="15"/>
  </mem-info>
</gc-end>
<concurrent-start id="1931" type="GMP work packet processing" contextid="1925" timestamp="2019-06-16T00:36:25.995">
  <concurrent-mark-start scanTarget="4273521" />
</concurrent-start>
<exclusive-end id="1932" timestamp="2019-06-16T00:36:25.998" durationms="5.851" />

<concurrent-end id="1933" type="GMP work packet processing" contextid="1925" timestamp="2019-06-16T00:36:25.998">
  <concurrent-mark-end bytesScanned="4319856" reasonForTermination="Work target met" />
</concurrent-end>

<exclusive-start id="1934" timestamp="2019-06-16T00:36:26.143" intervalms="150.775">
  <response-info timems="0.059" idlems="0.059" threads="0" lastid="0000000001627700" lastname="main" />
</exclusive-start>
<allocation-taxation id="1935" taxation-threshold="9437184" timestamp="2019-06-16T00:36:26.143" intervalms="150.727" />
<cycle-start id="1936" type="partial gc" contextid="0" timestamp="2019-06-16T00:36:26.143" intervalms="364.418" />
<gc-start id="1937" type="partial gc" contextid="1936" timestamp="2019-06-16T00:36:26.143">
  <mem-info id="1938" free="0" total="52428800" percent="0">
    <mem type="eden" free="0" total="18874368" percent="0" />
    <remembered-set count="51424" freebytes="1887104" totalbytes="2092800" percent="90" regionsoverflowed="0" regionsstable="0" regionsrebuilding="15"/>
  </mem-info>
</gc-start>
<allocation-stats totalBytes="18873152" >
  <allocated-bytes non-tlh="0" tlh="18873152" arrayletleaf="0"/>
  <largest-consumer threadName="main" threadId="0000000001627700" bytes="9436608" />
</allocation-stats>
<gc-op id="1939" type="mark" timems="1.193" contextid="1936" timestamp="2019-06-16T00:36:26.145">
  <trace-info objectcount="38" scancount="38" scanbytes="5524" />
  <cardclean-info objects="127" bytes="4048" />
  <remembered-set-cleared processed="49011" cleared="91" durationms="0.429" />
  <stringconstants candidates="13760" cleared="0"  />
  <warning details="Mark invoked due to insufficient free space for Copy-Forward" />
</gc-op>
<gc-op id="1940" type="classunload" timems="0.003" contextid="1936" timestamp="2019-06-16T00:36:26.145">
  <classunload-info classloadercandidates="54" classloadersunloaded="0" classesunloaded="0" anonymousclassesunloaded="0" quiescems="0.000" setupms="0.003" scanms="0.000" postms="0.000" />
</gc-op>
<gc-op id="1941" type="sweep" timems="0.436" contextid="1936" timestamp="2019-06-16T00:36:26.146" />
<gc-op id="1942" type="compact" timems="10.242" contextid="1936" timestamp="2019-06-16T00:36:26.157">
  <compact-info movecount="16213" movebytes="815272" />
  <remembered-set-cleared processed="89263" cleared="11896" durationms="0.429" />
</gc-op>
<heap-resize id="1943" type="contract" space="default" amount="3145728" count="1" timems="0.239" reason="insufficient time being spent in gc" timestamp="2019-06-16T00:36:26.157" />
<gc-end id="1944" type="partial gc" contextid="1936" durationms="13.887" usertimems="12.000" systemtimems="4.000" timestamp="2019-06-16T00:36:26.157" activeThreads="1">
  <mem-info id="1945" free="17825792" total="49283072" percent="36">
    <mem type="eden" free="1047952" total="1048576" percent="99" />
    <remembered-set count="47904" freebytes="1901184" totalbytes="2092800" percent="90" regionsoverflowed="0" regionsstable="0" regionsrebuilding="15"/>
  </mem-info>
</gc-end>
<cycle-end id="1946" type="partial gc" contextid="1936" timestamp="2019-06-16T00:36:26.157" />
  <attribute name="elasticGC enabled" value="1" />
  <attribute name= "numThreadsSpecified" value="1" />
  <attribute name="heapSize specified" value="0" />
  <attribute name="Current GC Util" value="41" />
  <attribute name= "Current Time Running" value="15812" />
  <attribute name ="GC Interval" value="0" />
  <attribute name="ProportionalT" value="31.500000" />
  <attribute name="ProportionalI" value="31.500000" />
  <attribute name="ProportionalH" value="31.500000" />
  <attribute name="Current Error" value="21.000000" />
  <attribute name="IntegralT" value="0.000000" />
  <attribute name="IntegralI" value="0.000000" />
  <attribute name="IntegralH" value="0.000000" />
  <attribute name="DerivativeT" value="inf" />
  <attribute name="DerivativeI" value="inf" />
  <attribute name="DerivativeH" value="inf" />
  <attribute name="Loop Time for DT" value="0.000000" />
  <attribute name="Output H" value="8388608"/>
  <attribute name="Output I" value="200"/>
  <attribute name="Output T" value="1"/>
  <attribute name="Target GC Util Change" value ="20.000000" />
  <attribute name="Current GC Util Change" value="41.000000"/>
  <attribute name="GC Util currently" value="41" />
  <attribute name="CPU Util currently" value="6487383049328" />
<exclusive-end id="1947" timestamp="2019-06-16T00:36:26.158" durationms="15.099" />

<exclusive-start id="1948" timestamp="2019-06-16T00:36:26.223" intervalms="80.866">
  <response-info timems="0.215" idlems="0.215" threads="0" lastid="0000000001627700" lastname="main" />
</exclusive-start>
<allocation-taxation id="1949" taxation-threshold="8388608" timestamp="2019-06-16T00:36:26.224" intervalms="80.924" />
<gc-start id="1950" type="global mark phase" contextid="1925" timestamp="2019-06-16T00:36:26.224">
  <mem-info id="1951" free="9437184" total="49283072" percent="19">
    <remembered-set count="47424" freebytes="1903104" totalbytes="2092800" percent="90" regionsoverflowed="0" regionsstable="0" regionsrebuilding="15"/>
  </mem-info>
</gc-start>
<gc-end id="1952" type="global mark phase" contextid="1925" durationms="0.139" usertimems="0.000" systemtimems="0.000" timestamp="2019-06-16T00:36:26.224" activeThreads="1">
  <mem-info id="1953" free="9437184" total="49283072" percent="19">
    <remembered-set count="47424" freebytes="1903104" totalbytes="2092800" percent="90" regionsoverflowed="0" regionsstable="0" regionsrebuilding="15"/>
  </mem-info>
</gc-end>
<concurrent-start id="1954" type="GMP work packet processing" contextid="1925" timestamp="2019-06-16T00:36:26.224">
  <concurrent-mark-start scanTarget="2936641" />
</concurrent-start>
<concurrent-end id="1955" type="GMP work packet processing" contextid="1925" timestamp="2019-06-16T00:36:26.226">
  <concurrent-mark-end bytesScanned="2987564" reasonForTermination="Work target met" />
</concurrent-end>

<exclusive-end id="1956" timestamp="2019-06-16T00:36:26.226" durationms="2.858" />

<exclusive-start id="1957" timestamp="2019-06-16T00:36:27.089" intervalms="865.251">
  <response-info timems="0.045" idlems="0.045" threads="0" lastid="0000000001627700" lastname="main" />
</exclusive-start>
<allocation-taxation id="1958" taxation-threshold="8388608" timestamp="2019-06-16T00:36:27.089" intervalms="865.190" />
<cycle-start id="1959" type="partial gc" contextid="0" timestamp="2019-06-16T00:36:27.089" intervalms="946.051" />
<gc-start id="1960" type="partial gc" contextid="1959" timestamp="2019-06-16T00:36:27.089">
  <mem-info id="1961" free="1048576" total="49283072" percent="2">
    <mem type="eden" free="1047952" total="17825792" percent="5" />
    <remembered-set count="67200" freebytes="1824000" totalbytes="2092800" percent="87" regionsoverflowed="0" regionsstable="0" regionsrebuilding="15"/>
  </mem-info>
</gc-start>
<allocation-stats totalBytes="16776096" >
  <allocated-bytes non-tlh="0" tlh="16776096" arrayletleaf="0"/>
  <largest-consumer threadName="main" threadId="0000000001627700" bytes="8388072" />
</allocation-stats>
<gc-op id="1962" type="copy forward" timems="1.987" contextid="1959" timestamp="2019-06-16T00:36:27.092">
  <memory-copied type="eden" objects="42" bytes="1144" bytesdiscarded="0" />
  <memory-copied type="other" objects="18" bytes="4928" bytesdiscarded="0" />
  <memory-cardclean objects="5003" bytes="154872" />
  <regions eden="16" other="2" />
  <remembered-set-cleared processed="64181" cleared="1246" durationms="0.548" />
  <references type="weak" candidates="2" cleared="0" enqueued="0" />
  <stringconstants candidates="13760" cleared="0"  />
  <heap-resize type="expand" space="default" amount="2097152" count="2" timems="0.094" reason="continue current collection" />
</gc-op>
<gc-op id="1963" type="classunload" timems="0.005" contextid="1959" timestamp="2019-06-16T00:36:27.092">
  <classunload-info classloadercandidates="54" classloadersunloaded="0" classesunloaded="0" anonymousclassesunloaded="0" quiescems="0.000" setupms="0.004" scanms="0.000" postms="0.000" />
</gc-op>
<heap-resize id="1964" type="contract" space="default" amount="1048576" count="1" timems="0.145" reason="insufficient time being spent in gc" timestamp="2019-06-16T00:36:27.093" />
<gc-end id="1965" type="partial gc" contextid="1959" durationms="3.280" usertimems="4.000" systemtimems="0.000" timestamp="2019-06-16T00:36:27.093" activeThreads="1">
  <mem-info id="1966" free="17825792" total="50331648" percent="35">
    <mem type="eden" free="2095848" total="2097152" percent="99" />
    <remembered-set count="66080" freebytes="1786624" totalbytes="2050944" percent="87" regionsoverflowed="0" regionsstable="0" regionsrebuilding="15"/>
  </mem-info>
</gc-end>
<cycle-end id="1967" type="partial gc" contextid="1959" timestamp="2019-06-16T00:36:27.093" />
  <attribute name="elasticGC enabled" value="1" />
  <attribute name= "numThreadsSpecified" value="1" />
  <attribute name="heapSize specified" value="0" />
  <attribute name="Current GC Util" value="51" />
  <attribute name= "Current Time Running" value="16756" />
  <attribute name ="GC Interval" value="0" />
  <attribute name="ProportionalT" value="46.500000" />
  <attribute name="ProportionalI" value="46.500000" />
  <attribute name="ProportionalH" value="46.500000" />
  <attribute name="Current Error" value="31.000000" />
  <attribute name="IntegralT" value="0.000000" />
  <attribute name="IntegralI" value="0.000000" />
  <attribute name="IntegralH" value="0.000000" />
  <attribute name="DerivativeT" value="inf" />
  <attribute name="DerivativeI" value="inf" />
  <attribute name="DerivativeH" value="inf" />
  <attribute name="Loop Time for DT" value="0.000000" />
  <attribute name="Output H" value="8388608"/>
  <attribute name="Output I" value="200"/>
  <attribute name="Output T" value="1"/>
  <attribute name="Target GC Util Change" value ="20.000000" />
  <attribute name="Current GC Util Change" value="51.000000"/>
  <attribute name="GC Util currently" value="51" />
  <attribute name="CPU Util currently" value="13043610791451" />
<exclusive-end id="1968" timestamp="2019-06-16T00:36:27.093" durationms="4.296" />

<exclusive-start id="1969" timestamp="2019-06-16T00:36:27.140" intervalms="50.909">
  <response-info timems="0.038" idlems="0.038" threads="0" lastid="0000000001627700" lastname="main" />
</exclusive-start>
<allocation-taxation id="1970" taxation-threshold="8388608" timestamp="2019-06-16T00:36:27.140" intervalms="50.887" />
<gc-start id="1971" type="global mark phase" contextid="1925" timestamp="2019-06-16T00:36:27.140">
  <mem-info id="1972" free="9437184" total="50331648" percent="18">
    <remembered-set count="65600" freebytes="1788544" totalbytes="2050944" percent="87" regionsoverflowed="0" regionsstable="0" regionsrebuilding="15"/>
  </mem-info>
</gc-start>
<gc-end id="1973" type="global mark phase" contextid="1925" durationms="0.096" usertimems="0.000" systemtimems="0.000" timestamp="2019-06-16T00:36:27.140" activeThreads="1">
  <mem-info id="1974" free="9437184" total="50331648" percent="18">
    <remembered-set count="65600" freebytes="1788544" totalbytes="2050944" percent="87" regionsoverflowed="0" regionsstable="0" regionsrebuilding="15"/>
  </mem-info>
</gc-end>
<concurrent-start id="1975" type="GMP work packet processing" contextid="1925" timestamp="2019-06-16T00:36:27.140">
  <concurrent-mark-start scanTarget="18446744073709551615" />
</concurrent-start>
<concurrent-end id="1976" type="GMP work packet processing" contextid="1925" timestamp="2019-06-16T00:36:27.143">
  <concurrent-mark-end bytesScanned="5164532" reasonForTermination="Completed all work in GC phase" />
</concurrent-end>

<exclusive-end id="1977" timestamp="2019-06-16T00:36:27.143" durationms="3.390" />

<exclusive-start id="1978" timestamp="2019-06-16T00:36:27.169" intervalms="29.635">
  <response-info timems="0.087" idlems="0.087" threads="0" lastid="0000000001627700" lastname="main" />
</exclusive-start>
<allocation-taxation id="1979" taxation-threshold="8388608" timestamp="2019-06-16T00:36:27.169" intervalms="29.629" />
<cycle-start id="1980" type="partial gc" contextid="0" timestamp="2019-06-16T00:36:27.170" intervalms="80.502" />
<gc-start id="1981" type="partial gc" contextid="1980" timestamp="2019-06-16T00:36:27.170">
  <mem-info id="1982" free="1048576" total="50331648" percent="2">
    <mem type="eden" free="0" total="16777216" percent="0" />
    <remembered-set count="115040" freebytes="1590784" totalbytes="2050944" percent="77" regionsoverflowed="0" regionsstable="0" regionsrebuilding="15"/>
  </mem-info>
</gc-start>
<allocation-stats totalBytes="16776056" >
  <allocated-bytes non-tlh="0" tlh="16776056" arrayletleaf="0"/>
  <largest-consumer threadName="main" threadId="0000000001627700" bytes="8387944" />
</allocation-stats>
<gc-op id="1983" type="copy forward" timems="2.079" contextid="1980" timestamp="2019-06-16T00:36:27.173">
  <memory-copied type="eden" objects="5" bytes="112" bytesdiscarded="0" />
  <memory-copied type="other" objects="50" bytes="1312" bytesdiscarded="0" />
  <memory-cardclean objects="75" bytes="11384" />
  <regions eden="16" other="2" />
  <remembered-set-cleared processed="112609" cleared="71" durationms="0.770" />
  <references type="weak" candidates="2" cleared="0" enqueued="0" />
  <stringconstants candidates="13760" cleared="0"  />
  <heap-resize type="expand" space="default" amount="2097152" count="2" timems="0.102" reason="continue current collection" />
</gc-op>
<gc-op id="1984" type="classunload" timems="0.006" contextid="1980" timestamp="2019-06-16T00:36:27.173">
  <classunload-info classloadercandidates="54" classloadersunloaded="0" classesunloaded="0" anonymousclassesunloaded="0" quiescems="0.000" setupms="0.005" scanms="0.000" postms="0.000" />
</gc-op>
<gc-end id="1985" type="partial gc" contextid="1980" durationms="3.114" usertimems="4.000" systemtimems="4.000" timestamp="2019-06-16T00:36:27.173" activeThreads="1">
  <mem-info id="1986" free="18874368" total="52428800" percent="36">
    <mem type="eden" free="1048464" total="1048576" percent="99" />
    <remembered-set count="114432" freebytes="1635072" totalbytes="2092800" percent="78" regionsoverflowed="0" regionsstable="0" regionsrebuilding="15"/>
  </mem-info>
</gc-end>
<cycle-end id="1987" type="partial gc" contextid="1980" timestamp="2019-06-16T00:36:27.173" />
  <attribute name="elasticGC enabled" value="1" />
  <attribute name= "numThreadsSpecified" value="1" />
  <attribute name="heapSize specified" value="0" />
  <attribute name="Current GC Util" value="62" />
  <attribute name= "Current Time Running" value="16836" />
  <attribute name ="GC Interval" value="0" />
  <attribute name="ProportionalT" value="63.000000" />
  <attribute name="ProportionalI" value="63.000000" />
  <attribute name="ProportionalH" value="63.000000" />
  <attribute name="Current Error" value="42.000000" />
  <attribute name="IntegralT" value="0.000000" />
  <attribute name="IntegralI" value="0.000000" />
  <attribute name="IntegralH" value="0.000000" />
  <attribute name="DerivativeT" value="inf" />
  <attribute name="DerivativeI" value="inf" />
  <attribute name="DerivativeH" value="inf" />
  <attribute name="Loop Time for DT" value="0.000000" />
  <attribute name="Output H" value="8388608"/>
  <attribute name="Output I" value="200"/>
  <attribute name="Output T" value="1"/>
  <attribute name="Target GC Util Change" value ="20.000000" />
  <attribute name="Current GC Util Change" value="62.000000"/>
  <attribute name="GC Util currently" value="62" />
  <attribute name="CPU Util currently" value="14514480809246" />
<exclusive-end id="1988" timestamp="2019-06-16T00:36:27.173" durationms="3.998" />

<exclusive-start id="1989" timestamp="2019-06-16T00:36:27.197" intervalms="28.106">
  <response-info timems="0.045" idlems="0.045" threads="0" lastid="0000000001627700" lastname="main" />
</exclusive-start>
<allocation-taxation id="1990" taxation-threshold="9437184" timestamp="2019-06-16T00:36:27.198" intervalms="28.129" />
<gc-start id="1991" type="global mark phase" contextid="1925" timestamp="2019-06-16T00:36:27.198">
  <mem-info id="1992" free="9437184" total="52428800" percent="18">
    <remembered-set count="114112" freebytes="1636352" totalbytes="2092800" percent="78" regionsoverflowed="0" regionsstable="0" regionsrebuilding="15"/>
  </mem-info>
</gc-start>
<gc-op id="1993" type="mark increment" timems="4.543" contextid="1925" timestamp="2019-06-16T00:36:27.202">
  <trace-info objectcount="7832" scancount="6919" scanbytes="258244" />
  <cardclean-info objects="188967" bytes="4101236" />
  <finalization candidates="80" enqueued="0" />
  <ownableSynchronizers candidates="21" cleared="0" />
  <references type="soft" candidates="3741" cleared="1" enqueued="1" dynamicThreshold="11" maxThreshold="32" />
  <references type="weak" candidates="5605" cleared="0" enqueued="0" />
  <references type="phantom" candidates="101" cleared="0" enqueued="0" />
  <stringconstants candidates="13760" cleared="76"  />
</gc-op>
<gc-op id="1994" type="classunload" timems="0.009" contextid="1925" timestamp="2019-06-16T00:36:27.203">
  <classunload-info classloadercandidates="54" classloadersunloaded="0" classesunloaded="0" anonymousclassesunloaded="0" quiescems="0.000" setupms="0.009" scanms="0.000" postms="0.000" />
</gc-op>
<gc-end id="1995" type="global mark phase" contextid="1925" durationms="5.126" usertimems="16.000" systemtimems="0.000" timestamp="2019-06-16T00:36:27.203" activeThreads="4">
  <mem-info id="1996" free="9437184" total="52428800" percent="18">
    <pending-finalizers system="0" default="0" reference="1" classloader="0" />
    <remembered-set count="124352" freebytes="1595392" totalbytes="2092800" percent="76" regionsoverflowed="0" regionsstable="0" regionsrebuilding="0"/>
  </mem-info>
</gc-end>
<cycle-end id="1997" type="global mark phase" contextid="1925" timestamp="2019-06-16T00:36:27.203" />
  <attribute name="elasticGC enabled" value="1" />
  <attribute name= "numThreadsSpecified" value="4" />
  <attribute name="heapSize specified" value="0" />
  <attribute name="Current GC Util" value="122" />
  <attribute name= "Current Time Running" value="16867" />
  <attribute name ="GC Interval" value="0" />
  <attribute name="ProportionalT" value="153.000000" />
  <attribute name="ProportionalI" value="153.000000" />
  <attribute name="ProportionalH" value="153.000000" />
  <attribute name="Current Error" value="102.000000" />
  <attribute name="IntegralT" value="0.000000" />
  <attribute name="IntegralI" value="0.000000" />
  <attribute name="IntegralH" value="0.000000" />
  <attribute name="DerivativeT" value="-inf" />
  <attribute name="DerivativeI" value="-inf" />
  <attribute name="DerivativeH" value="-inf" />
  <attribute name="Loop Time for DT" value="0.000000" />
  <attribute name="Output H" value="2091843584"/>
  <attribute name="Output I" value="200"/>
  <attribute name="Output T" value="4"/>
  <attribute name="Target GC Util Change" value ="20.000000" />
  <attribute name="Current GC Util Change" value="122.000000"/>
  <attribute name="GC Util currently" value="122" />
  <attribute name="CPU Util currently" value="8582771104786" />
<exclusive-end id="1998" timestamp="2019-06-16T00:36:27.203" durationms="5.845" />

<exclusive-start id="1999" timestamp="2019-06-16T00:36:27.227" intervalms="29.604">
  <response-info timems="0.068" idlems="0.068" threads="0" lastid="0000000001627700" lastname="main" />
</exclusive-start>
<allocation-taxation id="2000" taxation-threshold="9437184" timestamp="2019-06-16T00:36:27.227" intervalms="29.652" />
<cycle-start id="2001" type="partial gc" contextid="0" timestamp="2019-06-16T00:36:27.227" intervalms="57.834" />
<gc-start id="2002" type="partial gc" contextid="2001" timestamp="2019-06-16T00:36:27.228">
  <mem-info id="2003" free="0" total="52428800" percent="0">
    <mem type="eden" free="1048464" total="19922944" percent="5" />
    <remembered-set count="103232" freebytes="1679872" totalbytes="2092800" percent="80" regionsoverflowed="0" regionsstable="10" regionsrebuilding="0"/>
  </mem-info>
</gc-start>
<allocation-stats totalBytes="18872896" >
  <allocated-bytes non-tlh="0" tlh="18872896" arrayletleaf="0"/>
  <largest-consumer threadName="main" threadId="0000000001627700" bytes="9436456" />
</allocation-stats>
<gc-op id="2004" type="sweep" timems="0.703" contextid="2001" timestamp="2019-06-16T00:36:27.229" />
<gc-op id="2005" type="copy forward" timems="1.684" contextid="2001" timestamp="2019-06-16T00:36:27.231">
  <memory-copied type="eden" objects="5" bytes="112" bytesdiscarded="0" />
  <memory-copied type="other" objects="0" bytes="0" bytesdiscarded="0" />
  <memory-cardclean objects="25" bytes="768" />
  <regions eden="9" other="1" />
  <remembered-set-cleared processed="102015" cleared="24" durationms="0.415" />
  <stringconstants candidates="13684" cleared="0"  />
</gc-op>
<gc-op id="2006" type="classunload" timems="0.005" contextid="2001" timestamp="2019-06-16T00:36:27.231">
  <classunload-info classloadercandidates="54" classloadersunloaded="0" classesunloaded="0" anonymousclassesunloaded="0" quiescems="0.000" setupms="0.004" scanms="0.000" postms="0.000" />
</gc-op>
<heap-resize id="2007" type="expand" space="default" amount="9437184" count="1" timems="0.076" reason="excessive time being spent in gc" timestamp="2019-06-16T00:36:27.232" />
<gc-end id="2008" type="partial gc" contextid="2001" durationms="4.005" usertimems="8.000" systemtimems="0.000" timestamp="2019-06-16T00:36:27.232" activeThreads="4">
  <mem-info id="2009" free="28311552" total="61865984" percent="45">
    <mem type="eden" free="1048464" total="1048576" percent="99" />
    <remembered-set count="103776" freebytes="2054400" totalbytes="2469504" percent="83" regionsoverflowed="0" regionsstable="10" regionsrebuilding="0"/>
  </mem-info>
</gc-end>
<cycle-end id="2010" type="partial gc" contextid="2001" timestamp="2019-06-16T00:36:27.232" />
  <attribute name="elasticGC enabled" value="1" />
  <attribute name= "numThreadsSpecified" value="4" />
  <attribute name="heapSize specified" value="0" />
  <attribute name="Current GC Util" value="66" />
  <attribute name= "Current Time Running" value="16895" />
  <attribute name ="GC Interval" value="0" />
  <attribute name="ProportionalT" value="69.000000" />
  <attribute name="ProportionalI" value="69.000000" />
  <attribute name="ProportionalH" value="69.000000" />
  <attribute name="Current Error" value="46.000000" />
  <attribute name="IntegralT" value="0.000000" />
  <attribute name="IntegralI" value="0.000000" />
  <attribute name="IntegralH" value="0.000000" />
  <attribute name="DerivativeT" value="-inf" />
  <attribute name="DerivativeI" value="-inf" />
  <attribute name="DerivativeH" value="-inf" />
  <attribute name="Loop Time for DT" value="0.000000" />
  <attribute name="Output H" value="2091843584"/>
  <attribute name="Output I" value="200"/>
  <attribute name="Output T" value="4"/>
  <attribute name="Target GC Util Change" value ="20.000000" />
  <attribute name="Current GC Util Change" value="66.000000"/>
  <attribute name="GC Util currently" value="66" />
  <attribute name="CPU Util currently" value="17472677143032" />
<exclusive-end id="2011" timestamp="2019-06-16T00:36:27.232" durationms="5.206" />

<exclusive-start id="2012" timestamp="2019-06-16T00:36:27.259" intervalms="31.604">
  <response-info timems="0.091" idlems="0.091" threads="0" lastid="0000000001627700" lastname="main" />
</exclusive-start>
<allocation-taxation id="2013" taxation-threshold="10485760" timestamp="2019-06-16T00:36:27.259" intervalms="31.576" />
<cycle-start id="2014" type="global mark phase" contextid="0" timestamp="2019-06-16T00:36:27.259" intervalms="1266.765" />
<gc-start id="2015" type="global mark phase" contextid="2014" timestamp="2019-06-16T00:36:27.259">
  <mem-info id="2016" free="17825792" total="61865984" percent="28">
    <remembered-set count="103776" freebytes="2054400" totalbytes="2469504" percent="83" regionsoverflowed="0" regionsstable="10" regionsrebuilding="0"/>
  </mem-info>
</gc-start>
<gc-op id="2017" type="mark increment" timems="0.548" contextid="2014" timestamp="2019-06-16T00:36:27.260">
  <trace-info objectcount="182" scancount="0" scanbytes="0" />
</gc-op>
<gc-end id="2018" type="global mark phase" contextid="2014" durationms="0.799" usertimems="0.000" systemtimems="4.000" timestamp="2019-06-16T00:36:27.260" activeThreads="1">
  <mem-info id="2019" free="17825792" total="61865984" percent="28">
    <remembered-set count="103776" freebytes="2054400" totalbytes="2469504" percent="83" regionsoverflowed="0" regionsstable="0" regionsrebuilding="10"/>
  </mem-info>
</gc-end>
<concurrent-start id="2020" type="GMP work packet processing" contextid="2014" timestamp="2019-06-16T00:36:27.260">
  <concurrent-mark-start scanTarget="18446744073709551615" />
</concurrent-start>
<exclusive-end id="2021" timestamp="2019-06-16T00:36:27.260" durationms="1.739" />

<concurrent-end id="2022" type="GMP work packet processing" contextid="2014" timestamp="2019-06-16T00:36:27.276">
  <concurrent-mark-end bytesScanned="13455048" reasonForTermination="Completed all work in GC phase" />
</concurrent-end>

<exclusive-start id="2023" timestamp="2019-06-16T00:36:27.306" intervalms="47.900">
  <response-info timems="0.039" idlems="0.039" threads="0" lastid="0000000001627700" lastname="main" />
</exclusive-start>
<allocation-taxation id="2024" taxation-threshold="10485760" timestamp="2019-06-16T00:36:27.307" intervalms="47.881" />
<cycle-start id="2025" type="partial gc" contextid="0" timestamp="2019-06-16T00:36:27.307" intervalms="79.427" />
<gc-start id="2026" type="partial gc" contextid="2025" timestamp="2019-06-16T00:36:27.307">
  <mem-info id="2027" free="7340032" total="61865984" percent="11">
    <mem type="eden" free="1048464" total="22020096" percent="4" />
    <remembered-set count="124832" freebytes="1970176" totalbytes="2469504" percent="79" regionsoverflowed="0" regionsstable="0" regionsrebuilding="10"/>
  </mem-info>
</gc-start>
<allocation-stats totalBytes="20969816" >
  <allocated-bytes non-tlh="0" tlh="20969816" arrayletleaf="0"/>
  <largest-consumer threadName="main" threadId="0000000001627700" bytes="10484896" />
</allocation-stats>
<gc-op id="2028" type="copy forward" timems="9.774" contextid="2025" timestamp="2019-06-16T00:36:27.318">
  <memory-copied type="eden" objects="33" bytes="976" bytesdiscarded="0" />
  <memory-copied type="other" objects="16440" bytes="816888" bytesdiscarded="0" />
  <memory-cardclean objects="96751" bytes="2450744" />
  <regions eden="20" other="4" />
  <remembered-set-cleared processed="113378" cleared="19652" durationms="0.992" />
  <finalization candidates="13" enqueued="0" />
  <ownableSynchronizers candidates="16" cleared="0" />
  <references type="soft" candidates="65" cleared="0" enqueued="0" dynamicThreshold="9" maxThreshold="32" />
  <references type="weak" candidates="190" cleared="0" enqueued="0" />
  <references type="phantom" candidates="55" cleared="0" enqueued="0" />
  <stringconstants candidates="13684" cleared="0"  />
</gc-op>
<gc-op id="2029" type="classunload" timems="0.004" contextid="2025" timestamp="2019-06-16T00:36:27.318">
  <classunload-info classloadercandidates="54" classloadersunloaded="0" classesunloaded="0" anonymousclassesunloaded="0" quiescems="0.000" setupms="0.004" scanms="0.000" postms="0.000" />
</gc-op>
<gc-end id="2030" type="partial gc" contextid="2025" durationms="11.108" usertimems="12.000" systemtimems="0.000" timestamp="2019-06-16T00:36:27.318" activeThreads="1">
  <mem-info id="2031" free="29360128" total="61865984" percent="47">
    <mem type="eden" free="1047600" total="1048576" percent="99" />
    <remembered-set count="113376" freebytes="2016000" totalbytes="2469504" percent="81" regionsoverflowed="0" regionsstable="0" regionsrebuilding="10"/>
  </mem-info>
</gc-end>
<cycle-end id="2032" type="partial gc" contextid="2025" timestamp="2019-06-16T00:36:27.319" />
  <attribute name="elasticGC enabled" value="1" />
  <attribute name= "numThreadsSpecified" value="1" />
  <attribute name="heapSize specified" value="0" />
  <attribute name="Current GC Util" value="63" />
  <attribute name= "Current Time Running" value="16974" />
  <attribute name ="GC Interval" value="0" />
  <attribute name="ProportionalT" value="64.500000" />
  <attribute name="ProportionalI" value="64.500000" />
  <attribute name="ProportionalH" value="64.500000" />
  <attribute name="Current Error" value="43.000000" />
  <attribute name="IntegralT" value="0.000000" />
  <attribute name="IntegralI" value="0.000000" />
  <attribute name="IntegralH" value="0.000000" />
  <attribute name="DerivativeT" value="inf" />
  <attribute name="DerivativeI" value="inf" />
  <attribute name="DerivativeH" value="inf" />
  <attribute name="Loop Time for DT" value="0.000000" />
  <attribute name="Output H" value="8388608"/>
  <attribute name="Output I" value="200"/>
  <attribute name="Output T" value="1"/>
  <attribute name="Target GC Util Change" value ="20.000000" />
  <attribute name="Current GC Util Change" value="63.000000"/>
  <attribute name="GC Util currently" value="63" />
  <attribute name="CPU Util currently" value="16502191686381" />
<exclusive-end id="2033" timestamp="2019-06-16T00:36:27.319" durationms="12.366" />

<exclusive-start id="2034" timestamp="2019-06-16T00:36:27.354" intervalms="47.776">
  <response-info timems="0.129" idlems="0.129" threads="0" lastid="0000000001627700" lastname="main" />
</exclusive-start>
<allocation-taxation id="2035" taxation-threshold="10485760" timestamp="2019-06-16T00:36:27.354" intervalms="47.840" />
<gc-start id="2036" type="global mark phase" contextid="2014" timestamp="2019-06-16T00:36:27.355">
  <mem-info id="2037" free="18874368" total="61865984" percent="30">
    <remembered-set count="113184" freebytes="2016768" totalbytes="2469504" percent="81" regionsoverflowed="0" regionsstable="0" regionsrebuilding="10"/>
  </mem-info>
</gc-start>
<gc-op id="2038" type="mark increment" timems="4.067" contextid="2014" timestamp="2019-06-16T00:36:27.359">
  <trace-info objectcount="1819" scancount="1787" scanbytes="69204" />
  <cardclean-info objects="186905" bytes="4035736" />
  <finalization candidates="80" enqueued="0" />
  <ownableSynchronizers candidates="21" cleared="0" />
  <references type="soft" candidates="3740" cleared="3" enqueued="3" dynamicThreshold="15" maxThreshold="32" />
  <references type="weak" candidates="5603" cleared="0" enqueued="0" />
  <references type="phantom" candidates="101" cleared="0" enqueued="0" />
  <stringconstants candidates="13684" cleared="0"  />
</gc-op>
<gc-op id="2039" type="classunload" timems="0.009" contextid="2014" timestamp="2019-06-16T00:36:27.359">
  <classunload-info classloadercandidates="54" classloadersunloaded="0" classesunloaded="0" anonymousclassesunloaded="0" quiescems="0.000" setupms="0.008" scanms="0.000" postms="0.000" />
</gc-op>
<gc-end id="2040" type="global mark phase" contextid="2014" durationms="4.711" usertimems="12.000" systemtimems="0.000" timestamp="2019-06-16T00:36:27.359" activeThreads="4">
  <mem-info id="2041" free="18874368" total="61865984" percent="30">
    <pending-finalizers system="0" default="0" reference="3" classloader="0" />
    <remembered-set count="115232" freebytes="2008576" totalbytes="2469504" percent="81" regionsoverflowed="0" regionsstable="0" regionsrebuilding="0"/>
  </mem-info>
</gc-end>
<cycle-end id="2042" type="global mark phase" contextid="2014" timestamp="2019-06-16T00:36:27.360" />
  <attribute name="elasticGC enabled" value="1" />
  <attribute name= "numThreadsSpecified" value="4" />
  <attribute name="heapSize specified" value="0" />
  <attribute name="Current GC Util" value="37" />
  <attribute name= "Current Time Running" value="17024" />
  <attribute name ="GC Interval" value="0" />
  <attribute name="ProportionalT" value="25.500000" />
  <attribute name="ProportionalI" value="25.500000" />
  <attribute name="ProportionalH" value="25.500000" />
  <attribute name="Current Error" value="17.000000" />
  <attribute name="IntegralT" value="0.000000" />
  <attribute name="IntegralI" value="0.000000" />
  <attribute name="IntegralH" value="0.000000" />
  <attribute name="DerivativeT" value="-inf" />
  <attribute name="DerivativeI" value="-inf" />
  <attribute name="DerivativeH" value="-inf" />
  <attribute name="Loop Time for DT" value="0.000000" />
  <attribute name="Output H" value="2091843584"/>
  <attribute name="Output I" value="200"/>
  <attribute name="Output T" value="4"/>
  <attribute name="Target GC Util Change" value ="20.000000" />
  <attribute name="Current GC Util Change" value="37.000000"/>
  <attribute name="GC Util currently" value="37" />
  <attribute name="CPU Util currently" value="22490872756431" />
<exclusive-end id="2043" timestamp="2019-06-16T00:36:27.360" durationms="5.538" />

<exclusive-start id="2044" timestamp="2019-06-16T00:36:27.396" intervalms="41.342">
  <response-info timems="0.120" idlems="0.120" threads="0" lastid="0000000001627700" lastname="main" />
</exclusive-start>
<allocation-taxation id="2045" taxation-threshold="10485760" timestamp="2019-06-16T00:36:27.396" intervalms="41.312" />
<cycle-start id="2046" type="partial gc" contextid="0" timestamp="2019-06-16T00:36:27.396" intervalms="89.235" />
<gc-start id="2047" type="partial gc" contextid="2046" timestamp="2019-06-16T00:36:27.396">
  <mem-info id="2048" free="8388608" total="61865984" percent="13">
    <mem type="eden" free="0" total="20971520" percent="0" />
    <remembered-set count="115136" freebytes="2008960" totalbytes="2469504" percent="81" regionsoverflowed="0" regionsstable="0" regionsrebuilding="0"/>
  </mem-info>
</gc-start>
<allocation-stats totalBytes="20970176" >
  <allocated-bytes non-tlh="0" tlh="20970176" arrayletleaf="0"/>
  <largest-consumer threadName="main" threadId="0000000001627700" bytes="10485096" />
</allocation-stats>
<gc-op id="2049" type="sweep" timems="0.689" contextid="2046" timestamp="2019-06-16T00:36:27.398" />
<gc-op id="2050" type="copy forward" timems="1.534" contextid="2046" timestamp="2019-06-16T00:36:27.400">
  <memory-copied type="eden" objects="14" bytes="360" bytesdiscarded="0" />
  <memory-copied type="other" objects="20" bytes="624" bytesdiscarded="672" />
  <memory-cardclean objects="81" bytes="3096" />
  <regions eden="10" other="2" />
  <remembered-set-cleared processed="112873" cleared="47" durationms="0.420" />
  <stringconstants candidates="13684" cleared="0"  />
</gc-op>
<gc-op id="2051" type="classunload" timems="0.004" contextid="2046" timestamp="2019-06-16T00:36:27.400">
  <classunload-info classloadercandidates="54" classloadersunloaded="0" classesunloaded="0" anonymousclassesunloaded="0" quiescems="0.000" setupms="0.003" scanms="0.000" postms="0.000" />
</gc-op>
<heap-resize id="2052" type="expand" space="default" amount="11534336" count="1" timems="0.089" reason="excessive time being spent in gc" timestamp="2019-06-16T00:36:27.400" />
<gc-end id="2053" type="partial gc" contextid="2046" durationms="3.941" usertimems="4.000" systemtimems="4.000" timestamp="2019-06-16T00:36:27.400" activeThreads="4">
  <mem-info id="2054" free="39845888" total="73400320" percent="54">
    <mem type="eden" free="1048216" total="1048576" percent="99" />
    <remembered-set count="115328" freebytes="2468608" totalbytes="2929920" percent="84" regionsoverflowed="0" regionsstable="0" regionsrebuilding="0"/>
  </mem-info>
</gc-end>
<cycle-end id="2055" type="partial gc" contextid="2046" timestamp="2019-06-16T00:36:27.401" />
  <attribute name="elasticGC enabled" value="1" />
  <attribute name= "numThreadsSpecified" value="4" />
  <attribute name="heapSize specified" value="0" />
  <attribute name="Current GC Util" value="44" />
  <attribute name= "Current Time Running" value="17064" />
  <attribute name ="GC Interval" value="0" />
  <attribute name="ProportionalT" value="36.000000" />
  <attribute name="ProportionalI" value="36.000000" />
  <attribute name="ProportionalH" value="36.000000" />
  <attribute name="Current Error" value="24.000000" />
  <attribute name="IntegralT" value="0.000000" />
  <attribute name="IntegralI" value="0.000000" />
  <attribute name="IntegralH" value="0.000000" />
  <attribute name="DerivativeT" value="-inf" />
  <attribute name="DerivativeI" value="-inf" />
  <attribute name="DerivativeH" value="-inf" />
  <attribute name="Loop Time for DT" value="0.000000" />
  <attribute name="Output H" value="2091843584"/>
  <attribute name="Output I" value="200"/>
  <attribute name="Output T" value="4"/>
  <attribute name="Target GC Util Change" value ="20.000000" />
  <attribute name="Current GC Util Change" value="44.000000"/>
  <attribute name="GC Util currently" value="44" />
  <attribute name="CPU Util currently" value="19112707110411" />
<exclusive-end id="2056" timestamp="2019-06-16T00:36:27.401" durationms="5.229" />

<exclusive-start id="2057" timestamp="2019-06-16T00:36:27.514" intervalms="118.051">
  <response-info timems="0.039" idlems="0.039" threads="0" lastid="0000000001627700" lastname="main" />
</exclusive-start>
<allocation-taxation id="2058" taxation-threshold="25165824" timestamp="2019-06-16T00:36:27.514" intervalms="118.021" />
<cycle-start id="2059" type="partial gc" contextid="0" timestamp="2019-06-16T00:36:27.514" intervalms="117.930" />
<gc-start id="2060" type="partial gc" contextid="2059" timestamp="2019-06-16T00:36:27.514">
  <mem-info id="2061" free="14680064" total="73400320" percent="20">
    <mem type="eden" free="1048216" total="26214400" percent="3" />
    <remembered-set count="111904" freebytes="2482304" totalbytes="2929920" percent="84" regionsoverflowed="0" regionsstable="3" regionsrebuilding="0"/>
  </mem-info>
</gc-start>
<allocation-stats totalBytes="25164112" >
  <allocated-bytes non-tlh="0" tlh="25164112" arrayletleaf="0"/>
  <largest-consumer threadName="main" threadId="0000000001627700" bytes="25164112" />
</allocation-stats>
<gc-op id="2062" type="copy forward" timems="1.750" contextid="2059" timestamp="2019-06-16T00:36:27.517">
  <memory-copied type="eden" objects="42" bytes="1232" bytesdiscarded="0" />
  <memory-copied type="other" objects="21" bytes="480" bytesdiscarded="0" />
  <memory-cardclean objects="122" bytes="4848" />
  <regions eden="24" other="3" />
  <remembered-set-cleared processed="110079" cleared="55" durationms="0.851" />
  <stringconstants candidates="13684" cleared="0"  />
</gc-op>
<gc-op id="2063" type="classunload" timems="0.006" contextid="2059" timestamp="2019-06-16T00:36:27.517">
  <classunload-info classloadercandidates="54" classloadersunloaded="0" classesunloaded="0" anonymousclassesunloaded="0" quiescems="0.000" setupms="0.005" scanms="0.000" postms="0.000" />
</gc-op>
<gc-end id="2064" type="partial gc" contextid="2059" durationms="2.814" usertimems="8.000" systemtimems="0.000" timestamp="2019-06-16T00:36:27.517" activeThreads="1">
  <mem-info id="2065" free="39845888" total="73400320" percent="54">
    <mem type="eden" free="1047344" total="1048576" percent="99" />
    <remembered-set count="112224" freebytes="2481024" totalbytes="2929920" percent="84" regionsoverflowed="0" regionsstable="3" regionsrebuilding="0"/>
  </mem-info>
</gc-end>
<cycle-end id="2066" type="partial gc" contextid="2059" timestamp="2019-06-16T00:36:27.517" />
  <attribute name="elasticGC enabled" value="1" />
  <attribute name= "numThreadsSpecified" value="1" />
  <attribute name="heapSize specified" value="0" />
  <attribute name="Current GC Util" value="56" />
  <attribute name= "Current Time Running" value="17181" />
  <attribute name ="GC Interval" value="0" />
  <attribute name="ProportionalT" value="54.000000" />
  <attribute name="ProportionalI" value="54.000000" />
  <attribute name="ProportionalH" value="54.000000" />
  <attribute name="Current Error" value="36.000000" />
  <attribute name="IntegralT" value="0.000000" />
  <attribute name="IntegralI" value="0.000000" />
  <attribute name="IntegralH" value="0.000000" />
  <attribute name="DerivativeT" value="inf" />
  <attribute name="DerivativeI" value="inf" />
  <attribute name="DerivativeH" value="inf" />
  <attribute name="Loop Time for DT" value="0.000000" />
  <attribute name="Output H" value="8388608"/>
  <attribute name="Output I" value="200"/>
  <attribute name="Output T" value="1"/>
  <attribute name="Target GC Util Change" value ="20.000000" />
  <attribute name="Current GC Util Change" value="56.000000"/>
  <attribute name="GC Util currently" value="56" />
  <attribute name="CPU Util currently" value="20075160676841" />
<exclusive-end id="2067" timestamp="2019-06-16T00:36:27.518" durationms="3.897" />

<exclusive-start id="2068" timestamp="2019-06-16T00:36:27.624" intervalms="110.355">
  <response-info timems="0.213" idlems="0.213" threads="0" lastid="0000000001627700" lastname="main" />
</exclusive-start>
<allocation-taxation id="2069" taxation-threshold="25165824" timestamp="2019-06-16T00:36:27.624" intervalms="110.345" />
<cycle-start id="2070" type="partial gc" contextid="0" timestamp="2019-06-16T00:36:27.624" intervalms="110.389" />
<gc-start id="2071" type="partial gc" contextid="2070" timestamp="2019-06-16T00:36:27.625">
  <mem-info id="2072" free="14680064" total="73400320" percent="20">
    <mem type="eden" free="0" total="25165824" percent="0" />
    <remembered-set count="111808" freebytes="2482688" totalbytes="2929920" percent="84" regionsoverflowed="0" regionsstable="3" regionsrebuilding="0"/>
  </mem-info>
</gc-start>
<allocation-stats totalBytes="25163928" >
  <allocated-bytes non-tlh="0" tlh="25163928" arrayletleaf="0"/>
  <largest-consumer threadName="main" threadId="0000000001627700" bytes="25163928" />
</allocation-stats>
<gc-op id="2073" type="copy forward" timems="1.671" contextid="2070" timestamp="2019-06-16T00:36:27.627">
  <memory-copied type="eden" objects="10" bytes="280" bytesdiscarded="0" />
  <memory-copied type="other" objects="63" bytes="1672" bytesdiscarded="192" />
  <memory-cardclean objects="89" bytes="3664" />
  <regions eden="24" other="3" />
  <remembered-set-cleared processed="110078" cleared="79" durationms="0.813" />
  <stringconstants candidates="13684" cleared="0"  />
</gc-op>
<gc-op id="2074" type="classunload" timems="0.004" contextid="2070" timestamp="2019-06-16T00:36:27.627">
  <classunload-info classloadercandidates="54" classloadersunloaded="0" classesunloaded="0" anonymousclassesunloaded="0" quiescems="0.000" setupms="0.004" scanms="0.000" postms="0.000" />
</gc-op>
<gc-end id="2075" type="partial gc" contextid="2070" durationms="2.767" usertimems="8.000" systemtimems="0.000" timestamp="2019-06-16T00:36:27.627" activeThreads="1">
  <mem-info id="2076" free="39845888" total="73400320" percent="54">
    <mem type="eden" free="1048296" total="1048576" percent="99" />
    <remembered-set count="112096" freebytes="2481536" totalbytes="2929920" percent="84" regionsoverflowed="0" regionsstable="3" regionsrebuilding="0"/>
  </mem-info>
</gc-end>
<cycle-end id="2077" type="partial gc" contextid="2070" timestamp="2019-06-16T00:36:27.628" />
  <attribute name="elasticGC enabled" value="1" />
  <attribute name= "numThreadsSpecified" value="1" />
  <attribute name="heapSize specified" value="0" />
  <attribute name="Current GC Util" value="48" />
  <attribute name= "Current Time Running" value="17291" />
  <attribute name ="GC Interval" value="0" />
  <attribute name="ProportionalT" value="42.000000" />
  <attribute name="ProportionalI" value="42.000000" />
  <attribute name="ProportionalH" value="42.000000" />
  <attribute name="Current Error" value="28.000000" />
  <attribute name="IntegralT" value="0.000000" />
  <attribute name="IntegralI" value="0.000000" />
  <attribute name="IntegralH" value="0.000000" />
  <attribute name="DerivativeT" value="inf" />
  <attribute name="DerivativeI" value="inf" />
  <attribute name="DerivativeH" value="inf" />
  <attribute name="Loop Time for DT" value="0.000000" />
  <attribute name="Output H" value="8388608"/>
  <attribute name="Output I" value="200"/>
  <attribute name="Output T" value="1"/>
  <attribute name="Target GC Util Change" value ="20.000000" />
  <attribute name="Current GC Util Change" value="48.000000"/>
  <attribute name="GC Util currently" value="48" />
  <attribute name="CPU Util currently" value="16660173570105" />
<exclusive-end id="2078" timestamp="2019-06-16T00:36:27.628" durationms="3.846" />

<exclusive-start id="2079" timestamp="2019-06-16T00:36:27.719" intervalms="94.657">
  <response-info timems="0.030" idlems="0.030" threads="0" lastid="0000000001627700" lastname="main" />
</exclusive-start>
<allocation-taxation id="2080" taxation-threshold="25165824" timestamp="2019-06-16T00:36:27.719" intervalms="94.678" />
<cycle-start id="2081" type="partial gc" contextid="0" timestamp="2019-06-16T00:36:27.719" intervalms="94.713" />
<gc-start id="2082" type="partial gc" contextid="2081" timestamp="2019-06-16T00:36:27.720">
  <mem-info id="2083" free="14680064" total="73400320" percent="20">
    <mem type="eden" free="1048296" total="26214400" percent="3" />
    <remembered-set count="111744" freebytes="2482944" totalbytes="2929920" percent="84" regionsoverflowed="0" regionsstable="3" regionsrebuilding="0"/>
  </mem-info>
</gc-start>
<allocation-stats totalBytes="25163808" >
  <allocated-bytes non-tlh="0" tlh="25163808" arrayletleaf="0"/>
  <largest-consumer threadName="main" threadId="0000000001627700" bytes="25163808" />
</allocation-stats>
<gc-op id="2084" type="copy forward" timems="1.815" contextid="2081" timestamp="2019-06-16T00:36:27.722">
  <memory-copied type="eden" objects="13" bytes="328" bytesdiscarded="0" />
  <memory-copied type="other" objects="9" bytes="192" bytesdiscarded="0" />
  <memory-cardclean objects="46" bytes="1736" />
  <regions eden="24" other="2" />
  <remembered-set-cleared processed="110060" cleared="34" durationms="0.819" />
  <stringconstants candidates="13684" cleared="0"  />
</gc-op>
<gc-op id="2085" type="classunload" timems="0.003" contextid="2081" timestamp="2019-06-16T00:36:27.722">
  <classunload-info classloadercandidates="54" classloadersunloaded="0" classesunloaded="0" anonymousclassesunloaded="0" quiescems="0.000" setupms="0.003" scanms="0.000" postms="0.000" />
</gc-op>
<heap-resize id="2086" type="contract" space="default" amount="4194304" count="1" timems="0.069" reason="insufficient time being spent in gc" timestamp="2019-06-16T00:36:27.723" />
<gc-end id="2087" type="partial gc" contextid="2081" durationms="3.319" usertimems="8.000" systemtimems="0.000" timestamp="2019-06-16T00:36:27.723" activeThreads="1">
  <mem-info id="2088" free="35651584" total="69206016" percent="51">
    <mem type="eden" free="1048248" total="1048576" percent="99" />
    <remembered-set count="112096" freebytes="2481536" totalbytes="2929920" percent="84" regionsoverflowed="0" regionsstable="3" regionsrebuilding="0"/>
  </mem-info>
</gc-end>
<cycle-end id="2089" type="partial gc" contextid="2081" timestamp="2019-06-16T00:36:27.723" />
  <attribute name="elasticGC enabled" value="1" />
  <attribute name= "numThreadsSpecified" value="1" />
  <attribute name="heapSize specified" value="0" />
  <attribute name="Current GC Util" value="178" />
  <attribute name= "Current Time Running" value="17386" />
  <attribute name ="GC Interval" value="0" />
  <attribute name="ProportionalT" value="237.000000" />
  <attribute name="ProportionalI" value="237.000000" />
  <attribute name="ProportionalH" value="237.000000" />
  <attribute name="Current Error" value="158.000000" />
  <attribute name="IntegralT" value="0.000000" />
  <attribute name="IntegralI" value="0.000000" />
  <attribute name="IntegralH" value="0.000000" />
  <attribute name="DerivativeT" value="inf" />
  <attribute name="DerivativeI" value="inf" />
  <attribute name="DerivativeH" value="inf" />
  <attribute name="Loop Time for DT" value="0.000000" />
  <attribute name="Output H" value="8388608"/>
  <attribute name="Output I" value="200"/>
  <attribute name="Output T" value="1"/>
  <attribute name="Target GC Util Change" value ="20.000000" />
  <attribute name="Current GC Util Change" value="178.000000"/>
  <attribute name="GC Util currently" value="178" />
  <attribute name="CPU Util currently" value="12798720001114" />
<exclusive-end id="2090" timestamp="2019-06-16T00:36:27.723" durationms="4.642" />

<exclusive-start id="2091" timestamp="2019-06-16T00:36:28.303" intervalms="584.496">
  <response-info timems="0.218" idlems="0.218" threads="0" lastid="0000000001627700" lastname="main" />
</exclusive-start>
<allocation-taxation id="2092" taxation-threshold="24117248" timestamp="2019-06-16T00:36:28.303" intervalms="584.535" />
<cycle-start id="2093" type="partial gc" contextid="0" timestamp="2019-06-16T00:36:28.304" intervalms="584.481" />
<gc-start id="2094" type="partial gc" contextid="2093" timestamp="2019-06-16T00:36:28.304">
  <mem-info id="2095" free="11534336" total="69206016" percent="16">
    <mem type="eden" free="1048248" total="25165824" percent="4" />
    <remembered-set count="111744" freebytes="2482944" totalbytes="2929920" percent="84" regionsoverflowed="0" regionsstable="3" regionsrebuilding="0"/>
  </mem-info>
</gc-start>
<allocation-stats totalBytes="24098544" >
  <allocated-bytes non-tlh="360" tlh="24098184" arrayletleaf="0"/>
  <largest-consumer threadName="main" threadId="0000000001627700" bytes="24098544" />
</allocation-stats>
<gc-op id="2096" type="copy forward" timems="1.678" contextid="2093" timestamp="2019-06-16T00:36:28.306">
  <memory-copied type="eden" objects="74" bytes="2808" bytesdiscarded="1784" />
  <memory-copied type="other" objects="8" bytes="208" bytesdiscarded="720" />
  <memory-cardclean objects="115" bytes="12504" />
  <regions eden="23" other="2" />
  <remembered-set-cleared processed="110060" cleared="75" durationms="0.418" />
  <references type="weak" candidates="4" cleared="0" enqueued="0" />
  <stringconstants candidates="13690" cleared="0"  />
</gc-op>
<gc-op id="2097" type="classunload" timems="0.004" contextid="2093" timestamp="2019-06-16T00:36:28.307">
  <classunload-info classloadercandidates="54" classloadersunloaded="0" classesunloaded="0" anonymousclassesunloaded="0" quiescems="0.000" setupms="0.004" scanms="0.000" postms="0.000" />
</gc-op>
<heap-resize id="2098" type="contract" space="default" amount="4194304" count="1" timems="0.082" reason="insufficient time being spent in gc" timestamp="2019-06-16T00:36:28.307" />
<gc-end id="2099" type="partial gc" contextid="2093" durationms="3.072" usertimems="8.000" systemtimems="0.000" timestamp="2019-06-16T00:36:28.307" activeThreads="4">
  <mem-info id="2100" free="31457280" total="65011712" percent="48">
    <mem type="eden" free="1043984" total="1048576" percent="99" />
    <remembered-set count="112736" freebytes="2311552" totalbytes="2762496" percent="83" regionsoverflowed="0" regionsstable="3" regionsrebuilding="0"/>
  </mem-info>
</gc-end>
<cycle-end id="2101" type="partial gc" contextid="2093" timestamp="2019-06-16T00:36:28.307" />
  <attribute name="elasticGC enabled" value="1" />
  <attribute name= "numThreadsSpecified" value="4" />
  <attribute name="heapSize specified" value="0" />
  <attribute name="Current GC Util" value="156" />
  <attribute name= "Current Time Running" value="17971" />
  <attribute name ="GC Interval" value="0" />
  <attribute name="ProportionalT" value="204.000000" />
  <attribute name="ProportionalI" value="204.000000" />
  <attribute name="ProportionalH" value="204.000000" />
  <attribute name="Current Error" value="136.000000" />
  <attribute name="IntegralT" value="136.000000" />
  <attribute name="IntegralI" value="136.000000" />
  <attribute name="IntegralH" value="136.000000" />
  <attribute name="DerivativeT" value="68.000000" />
  <attribute name="DerivativeI" value="68.000000" />
  <attribute name="DerivativeH" value="68.000000" />
  <attribute name="Loop Time for DT" value="1.000000" />
  <attribute name="Output H" value="8388608"/>
  <attribute name="Output I" value="408"/>
  <attribute name="Output T" value="4"/>
  <attribute name="Target GC Util Change" value ="20.000000" />
  <attribute name="Current GC Util Change" value="156.000000"/>
  <attribute name="GC Util currently" value="156" />
  <attribute name="CPU Util currently" value="10425541117433" />
<exclusive-end id="2102" timestamp="2019-06-16T00:36:28.307" durationms="4.131" />

<exclusive-start id="2103" timestamp="2019-06-16T00:36:28.365" intervalms="62.176">
  <response-info timems="0.081" idlems="0.081" threads="0" lastid="0000000001627700" lastname="main" />
</exclusive-start>
<allocation-taxation id="2104" taxation-threshold="23068672" timestamp="2019-06-16T00:36:28.365" intervalms="62.108" />
<cycle-start id="2105" type="partial gc" contextid="0" timestamp="2019-06-16T00:36:28.366" intervalms="62.063" />
<gc-start id="2106" type="partial gc" contextid="2105" timestamp="2019-06-16T00:36:28.366">
  <mem-info id="2107" free="8388608" total="65011712" percent="12">
    <mem type="eden" free="0" total="23068672" percent="0" />
    <remembered-set count="96320" freebytes="2377216" totalbytes="2762496" percent="86" regionsoverflowed="0" regionsstable="10" regionsrebuilding="0"/>
  </mem-info>
</gc-start>
<allocation-stats totalBytes="23051440" >
  <allocated-bytes non-tlh="0" tlh="23051440" arrayletleaf="0"/>
  <largest-consumer threadName="main" threadId="0000000001627700" bytes="23051440" />
</allocation-stats>
<gc-op id="2108" type="copy forward" timems="1.683" contextid="2105" timestamp="2019-06-16T00:36:28.368">
  <memory-copied type="eden" objects="4" bytes="280" bytesdiscarded="0" />
  <memory-copied type="other" objects="116" bytes="3952" bytesdiscarded="2080" />
  <memory-cardclean objects="112" bytes="12744" />
  <regions eden="22" other="3" />
  <remembered-set-cleared processed="94587" cleared="86" durationms="0.385" />
  <references type="weak" candidates="4" cleared="0" enqueued="0" />
  <stringconstants candidates="13690" cleared="0"  />
</gc-op>
<gc-op id="2109" type="classunload" timems="0.006" contextid="2105" timestamp="2019-06-16T00:36:28.369">
  <classunload-info classloadercandidates="54" classloadersunloaded="0" classesunloaded="0" anonymousclassesunloaded="0" quiescems="0.000" setupms="0.006" scanms="0.000" postms="0.000" />
</gc-op>
<heap-resize id="2110" type="contract" space="default" amount="4194304" count="1" timems="0.147" reason="insufficient time being spent in gc" timestamp="2019-06-16T00:36:28.369" />
<gc-end id="2111" type="partial gc" contextid="2105" durationms="3.132" usertimems="8.000" systemtimems="0.000" timestamp="2019-06-16T00:36:28.369" activeThreads="4">
  <mem-info id="2112" free="27262976" total="60817408" percent="44">
    <mem type="eden" free="1048296" total="1048576" percent="99" />
    <remembered-set count="96800" freebytes="2207872" totalbytes="2595072" percent="85" regionsoverflowed="0" regionsstable="10" regionsrebuilding="0"/>
  </mem-info>
</gc-end>
<cycle-end id="2113" type="partial gc" contextid="2105" timestamp="2019-06-16T00:36:28.369" />
  <attribute name="elasticGC enabled" value="1" />
  <attribute name= "numThreadsSpecified" value="4" />
  <attribute name="heapSize specified" value="0" />
  <attribute name="Current GC Util" value="43" />
  <attribute name= "Current Time Running" value="18033" />
  <attribute name ="GC Interval" value="0" />
  <attribute name="ProportionalT" value="34.500000" />
  <attribute name="ProportionalI" value="34.500000" />
  <attribute name="ProportionalH" value="34.500000" />
  <attribute name="Current Error" value="23.000000" />
  <attribute name="IntegralT" value="23.000000" />
  <attribute name="IntegralI" value="23.000000" />
  <attribute name="IntegralH" value="23.000000" />
  <attribute name="DerivativeT" value="11.500000" />
  <attribute name="DerivativeI" value="11.500000" />
  <attribute name="DerivativeH" value="11.500000" />
  <attribute name="Loop Time for DT" value="1.000000" />
  <attribute name="Output H" value="8388608"/>
  <attribute name="Output I" value="200"/>
  <attribute name="Output T" value="4"/>
  <attribute name="Target GC Util Change" value ="20.000000" />
  <attribute name="Current GC Util Change" value="43.000000"/>
  <attribute name="GC Util currently" value="43" />
  <attribute name="CPU Util currently" value="11601579817815" />
<exclusive-end id="2114" timestamp="2019-06-16T00:36:28.369" durationms="4.109" />

<exclusive-start id="2115" timestamp="2019-06-16T00:36:28.413" intervalms="48.116">
  <response-info timems="0.037" idlems="0.037" threads="0" lastid="0000000001627700" lastname="main" />
</exclusive-start>
<allocation-taxation id="2116" taxation-threshold="22020096" timestamp="2019-06-16T00:36:28.414" intervalms="48.127" />
<cycle-start id="2117" type="partial gc" contextid="0" timestamp="2019-06-16T00:36:28.414" intervalms="48.129" />
<gc-start id="2118" type="partial gc" contextid="2117" timestamp="2019-06-16T00:36:28.414">
  <mem-info id="2119" free="5242880" total="60817408" percent="8">
    <mem type="eden" free="1048296" total="23068672" percent="4" />
    <remembered-set count="64832" freebytes="2335744" totalbytes="2595072" percent="90" regionsoverflowed="0" regionsstable="12" regionsrebuilding="0"/>
  </mem-info>
</gc-start>
<allocation-stats totalBytes="22003952" >
  <allocated-bytes non-tlh="0" tlh="22003952" arrayletleaf="0"/>
  <largest-consumer threadName="main" threadId="0000000001627700" bytes="22003952" />
</allocation-stats>
<gc-op id="2120" type="copy forward" timems="1.645" contextid="2117" timestamp="2019-06-16T00:36:28.417">
  <memory-copied type="eden" objects="3" bytes="104" bytesdiscarded="0" />
  <memory-copied type="other" objects="7" bytes="160" bytesdiscarded="0" />
  <memory-cardclean objects="33" bytes="1208" />
  <regions eden="21" other="2" />
  <remembered-set-cleared processed="63240" cleared="25" durationms="0.408" />
  <stringconstants candidates="13690" cleared="0"  />
</gc-op>
<gc-op id="2121" type="classunload" timems="0.005" contextid="2117" timestamp="2019-06-16T00:36:28.417">
  <classunload-info classloadercandidates="54" classloadersunloaded="0" classesunloaded="0" anonymousclassesunloaded="0" quiescems="0.000" setupms="0.004" scanms="0.000" postms="0.000" />
</gc-op>
<heap-resize id="2122" type="contract" space="default" amount="3145728" count="1" timems="0.236" reason="insufficient time being spent in gc" timestamp="2019-06-16T00:36:28.417" />
<gc-end id="2123" type="partial gc" contextid="2117" durationms="3.189" usertimems="4.000" systemtimems="4.000" timestamp="2019-06-16T00:36:28.417" activeThreads="4">
  <mem-info id="2124" free="24117248" total="57671680" percent="41">
    <mem type="eden" free="1048472" total="1048576" percent="99" />
    <remembered-set count="64512" freebytes="2169600" totalbytes="2427648" percent="89" regionsoverflowed="0" regionsstable="12" regionsrebuilding="0"/>
  </mem-info>
</gc-end>
<cycle-end id="2125" type="partial gc" contextid="2117" timestamp="2019-06-16T00:36:28.417" />
  <attribute name="elasticGC enabled" value="1" />
  <attribute name= "numThreadsSpecified" value="4" />
  <attribute name="heapSize specified" value="0" />
  <attribute name="Current GC Util" value="38" />
  <attribute name= "Current Time Running" value="18081" />
  <attribute name ="GC Interval" value="0" />
  <attribute name="ProportionalT" value="27.000000" />
  <attribute name="ProportionalI" value="27.000000" />
  <attribute name="ProportionalH" value="27.000000" />
  <attribute name="Current Error" value="18.000000" />
  <attribute name="IntegralT" value="18.000000" />
  <attribute name="IntegralI" value="18.000000" />
  <attribute name="IntegralH" value="18.000000" />
  <attribute name="DerivativeT" value="9.000000" />
  <attribute name="DerivativeI" value="9.000000" />
  <attribute name="DerivativeH" value="9.000000" />
  <attribute name="Loop Time for DT" value="1.000000" />
  <attribute name="Output H" value="8388608"/>
  <attribute name="Output I" value="200"/>
  <attribute name="Output T" value="4"/>
  <attribute name="Target GC Util Change" value ="20.000000" />
  <attribute name="Current GC Util Change" value="38.000000"/>
  <attribute name="GC Util currently" value="38" />
  <attribute name="CPU Util currently" value="11137804663060" />
<exclusive-end id="2126" timestamp="2019-06-16T00:36:28.418" durationms="4.156" />

<exclusive-start id="2127" timestamp="2019-06-16T00:36:28.482" intervalms="68.661">
  <response-info timems="0.028" idlems="0.028" threads="0" lastid="0000000001627700" lastname="main" />
</exclusive-start>
<allocation-taxation id="2128" taxation-threshold="10485760" timestamp="2019-06-16T00:36:28.482" intervalms="68.719" />
<cycle-start id="2129" type="global mark phase" contextid="0" timestamp="2019-06-16T00:36:28.483" intervalms="1223.557" />
<gc-start id="2130" type="global mark phase" contextid="2129" timestamp="2019-06-16T00:36:28.483">
  <mem-info id="2131" free="13631488" total="57671680" percent="23">
    <remembered-set count="64512" freebytes="2169600" totalbytes="2427648" percent="89" regionsoverflowed="0" regionsstable="12" regionsrebuilding="0"/>
  </mem-info>
</gc-start>
<gc-op id="2132" type="mark increment" timems="1.271" contextid="2129" timestamp="2019-06-16T00:36:28.484">
  <trace-info objectcount="8166" scancount="659" scanbytes="36912" />
</gc-op>
<gc-end id="2133" type="global mark phase" contextid="2129" durationms="1.500" usertimems="0.000" systemtimems="0.000" timestamp="2019-06-16T00:36:28.484" activeThreads="4">
  <mem-info id="2134" free="13631488" total="57671680" percent="23">
    <remembered-set count="65024" freebytes="2167552" totalbytes="2427648" percent="89" regionsoverflowed="0" regionsstable="0" regionsrebuilding="12"/>
  </mem-info>
</gc-end>
<concurrent-start id="2135" type="GMP work packet processing" contextid="2129" timestamp="2019-06-16T00:36:28.484">
  <concurrent-mark-start scanTarget="1629917" />
</concurrent-start>
<exclusive-end id="2136" timestamp="2019-06-16T00:36:28.486" durationms="4.011" />

<concurrent-end id="2137" type="GMP work packet processing" contextid="2129" timestamp="2019-06-16T00:36:28.486">
  <concurrent-mark-end bytesScanned="1692872" reasonForTermination="Work target met" />
</concurrent-end>

<exclusive-start id="2138" timestamp="2019-06-16T00:36:28.564" intervalms="82.419">
  <response-info timems="0.123" idlems="0.123" threads="0" lastid="0000000001627700" lastname="main" />
</exclusive-start>
<allocation-taxation id="2139" taxation-threshold="10485760" timestamp="2019-06-16T00:36:28.565" intervalms="82.353" />
<cycle-start id="2140" type="partial gc" contextid="0" timestamp="2019-06-16T00:36:28.565" intervalms="151.065" />
<gc-start id="2141" type="partial gc" contextid="2140" timestamp="2019-06-16T00:36:28.565">
  <mem-info id="2142" free="3145728" total="57671680" percent="5">
    <mem type="eden" free="1048472" total="22020096" percent="4" />
    <remembered-set count="70336" freebytes="2146304" totalbytes="2427648" percent="88" regionsoverflowed="0" regionsstable="0" regionsrebuilding="12"/>
  </mem-info>
</gc-start>
<allocation-stats totalBytes="20962336" >
  <allocated-bytes non-tlh="0" tlh="20962336" arrayletleaf="0"/>
  <largest-consumer threadName="main" threadId="0000000001627700" bytes="10484680" />
</allocation-stats>
<gc-op id="2143" type="copy forward" timems="2.789" contextid="2140" timestamp="2019-06-16T00:36:28.569">
  <memory-copied type="eden" objects="41" bytes="1248" bytesdiscarded="560" />
  <memory-copied type="other" objects="7" bytes="160" bytesdiscarded="0" />
  <memory-cardclean objects="22117" bytes="586784" />
  <regions eden="20" other="2" />
  <remembered-set-cleared processed="65991" cleared="1918" durationms="0.432" />
  <references type="weak" candidates="14" cleared="0" enqueued="0" />
  <stringconstants candidates="13690" cleared="0"  />
</gc-op>
<gc-op id="2144" type="classunload" timems="0.004" contextid="2140" timestamp="2019-06-16T00:36:28.569">
  <classunload-info classloadercandidates="54" classloadersunloaded="0" classesunloaded="0" anonymousclassesunloaded="0" quiescems="0.000" setupms="0.004" scanms="0.000" postms="0.000" />
</gc-op>
<gc-end id="2145" type="partial gc" contextid="2140" durationms="4.058" usertimems="4.000" systemtimems="0.000" timestamp="2019-06-16T00:36:28.569" activeThreads="4">
  <mem-info id="2146" free="24117248" total="57671680" percent="41">
    <mem type="eden" free="1046768" total="1048576" percent="99" />
    <remembered-set count="70592" freebytes="2019712" totalbytes="2302080" percent="87" regionsoverflowed="0" regionsstable="0" regionsrebuilding="12"/>
  </mem-info>
</gc-end>
<cycle-end id="2147" type="partial gc" contextid="2140" timestamp="2019-06-16T00:36:28.569" />
  <attribute name="elasticGC enabled" value="1" />
  <attribute name= "numThreadsSpecified" value="4" />
  <attribute name="heapSize specified" value="0" />
  <attribute name="Current GC Util" value="42" />
  <attribute name= "Current Time Running" value="18232" />
  <attribute name ="GC Interval" value="0" />
  <attribute name="ProportionalT" value="33.000000" />
  <attribute name="ProportionalI" value="33.000000" />
  <attribute name="ProportionalH" value="33.000000" />
  <attribute name="Current Error" value="22.000000" />
  <attribute name="IntegralT" value="22.000000" />
  <attribute name="IntegralI" value="22.000000" />
  <attribute name="IntegralH" value="22.000000" />
  <attribute name="DerivativeT" value="11.000000" />
  <attribute name="DerivativeI" value="11.000000" />
  <attribute name="DerivativeH" value="11.000000" />
  <attribute name="Loop Time for DT" value="1.000000" />
  <attribute name="Output H" value="8388608"/>
  <attribute name="Output I" value="200"/>
  <attribute name="Output T" value="4"/>
  <attribute name="Target GC Util Change" value ="20.000000" />
  <attribute name="Current GC Util Change" value="42.000000"/>
  <attribute name="GC Util currently" value="42" />
  <attribute name="CPU Util currently" value="10729217670325" />
<exclusive-end id="2148" timestamp="2019-06-16T00:36:28.570" durationms="5.031" />

<exclusive-start id="2149" timestamp="2019-06-16T00:36:28.633" intervalms="68.274">
  <response-info timems="0.145" idlems="0.145" threads="0" lastid="0000000001627700" lastname="main" />
</exclusive-start>
<allocation-taxation id="2150" taxation-threshold="10485760" timestamp="2019-06-16T00:36:28.633" intervalms="68.264" />
<gc-start id="2151" type="global mark phase" contextid="2129" timestamp="2019-06-16T00:36:28.633">
  <mem-info id="2152" free="13631488" total="57671680" percent="23">
    <remembered-set count="66432" freebytes="2036352" totalbytes="2302080" percent="88" regionsoverflowed="0" regionsstable="1" regionsrebuilding="12"/>
  </mem-info>
</gc-start>
<gc-end id="2153" type="global mark phase" contextid="2129" durationms="0.094" usertimems="0.000" systemtimems="0.000" timestamp="2019-06-16T00:36:28.633" activeThreads="4">
  <mem-info id="2154" free="13631488" total="57671680" percent="23">
    <remembered-set count="66432" freebytes="2036352" totalbytes="2302080" percent="88" regionsoverflowed="0" regionsstable="1" regionsrebuilding="12"/>
  </mem-info>
</gc-end>
<concurrent-start id="2155" type="GMP work packet processing" contextid="2129" timestamp="2019-06-16T00:36:28.633">
  <concurrent-mark-start scanTarget="4889752" />
</concurrent-start>
<exclusive-end id="2156" timestamp="2019-06-16T00:36:28.636" durationms="3.066" />

<concurrent-end id="2157" type="GMP work packet processing" contextid="2129" timestamp="2019-06-16T00:36:28.636">
  <concurrent-mark-end bytesScanned="4944960" reasonForTermination="Work target met" />
</concurrent-end>

<exclusive-start id="2158" timestamp="2019-06-16T00:36:28.652" intervalms="18.918">
  <response-info timems="0.124" idlems="0.124" threads="0" lastid="0000000001627700" lastname="main" />
</exclusive-start>
<allocation-taxation id="2159" taxation-threshold="10485760" timestamp="2019-06-16T00:36:28.652" intervalms="18.958" />
<cycle-start id="2160" type="partial gc" contextid="0" timestamp="2019-06-16T00:36:28.652" intervalms="87.335" />
<gc-start id="2161" type="partial gc" contextid="2160" timestamp="2019-06-16T00:36:28.653">
  <mem-info id="2162" free="3145728" total="57671680" percent="5">
    <mem type="eden" free="0" total="20971520" percent="0" />
    <remembered-set count="79680" freebytes="1983360" totalbytes="2302080" percent="86" regionsoverflowed="0" regionsstable="1" regionsrebuilding="12"/>
  </mem-info>
</gc-start>
<allocation-stats totalBytes="20965728" >
  <allocated-bytes non-tlh="0" tlh="20965728" arrayletleaf="0"/>
  <largest-consumer threadName="main" threadId="0000000001627700" bytes="10481176" />
</allocation-stats>
<gc-op id="2163" type="copy forward" timems="1.658" contextid="2160" timestamp="2019-06-16T00:36:28.655">
  <memory-copied type="eden" objects="23" bytes="1256" bytesdiscarded="0" />
  <memory-copied type="other" objects="52" bytes="1336" bytesdiscarded="0" />
  <memory-cardclean objects="83" bytes="11408" />
  <regions eden="20" other="2" />
  <remembered-set-cleared processed="77150" cleared="67" durationms="0.616" />
  <references type="weak" candidates="16" cleared="0" enqueued="0" />
  <stringconstants candidates="13690" cleared="0"  />
</gc-op>
<gc-op id="2164" type="classunload" timems="0.004" contextid="2160" timestamp="2019-06-16T00:36:28.655">
  <classunload-info classloadercandidates="54" classloadersunloaded="0" classesunloaded="0" anonymousclassesunloaded="0" quiescems="0.000" setupms="0.004" scanms="0.000" postms="0.000" />
</gc-op>
<gc-end id="2165" type="partial gc" contextid="2160" durationms="2.891" usertimems="0.000" systemtimems="0.000" timestamp="2019-06-16T00:36:28.655" activeThreads="1">
  <mem-info id="2166" free="23068672" total="57671680" percent="40">
    <mem type="eden" free="1047320" total="1048576" percent="99" />
    <remembered-set count="79936" freebytes="1982336" totalbytes="2302080" percent="86" regionsoverflowed="0" regionsstable="1" regionsrebuilding="12"/>
  </mem-info>
</gc-end>
<cycle-end id="2167" type="partial gc" contextid="2160" timestamp="2019-06-16T00:36:28.656" />
  <attribute name="elasticGC enabled" value="1" />
  <attribute name= "numThreadsSpecified" value="1" />
  <attribute name="heapSize specified" value="0" />
  <attribute name="Current GC Util" value="57" />
  <attribute name= "Current Time Running" value="18319" />
  <attribute name ="GC Interval" value="0" />
  <attribute name="ProportionalT" value="55.500000" />
  <attribute name="ProportionalI" value="55.500000" />
  <attribute name="ProportionalH" value="55.500000" />
  <attribute name="Current Error" value="37.000000" />
  <attribute name="IntegralT" value="0.000000" />
  <attribute name="IntegralI" value="0.000000" />
  <attribute name="IntegralH" value="0.000000" />
  <attribute name="DerivativeT" value="inf" />
  <attribute name="DerivativeI" value="inf" />
  <attribute name="DerivativeH" value="inf" />
  <attribute name="Loop Time for DT" value="0.000000" />
  <attribute name="Output H" value="8388608"/>
  <attribute name="Output I" value="200"/>
  <attribute name="Output T" value="1"/>
  <attribute name="Target GC Util Change" value ="20.000000" />
  <attribute name="Current GC Util Change" value="57.000000"/>
  <attribute name="GC Util currently" value="57" />
  <attribute name="CPU Util currently" value="16651451088808" />
<exclusive-end id="2168" timestamp="2019-06-16T00:36:28.656" durationms="4.189" />

<exclusive-start id="2169" timestamp="2019-06-16T00:36:28.666" intervalms="14.172">
  <response-info timems="0.087" idlems="0.087" threads="0" lastid="0000000001627700" lastname="main" />
</exclusive-start>
<allocation-taxation id="2170" taxation-threshold="10485760" timestamp="2019-06-16T00:36:28.666" intervalms="14.167" />
<gc-start id="2171" type="global mark phase" contextid="2129" timestamp="2019-06-16T00:36:28.666">
  <mem-info id="2172" free="12582912" total="57671680" percent="21">
    <remembered-set count="79616" freebytes="1983616" totalbytes="2302080" percent="86" regionsoverflowed="0" regionsstable="1" regionsrebuilding="12"/>
  </mem-info>
</gc-start>
<gc-end id="2173" type="global mark phase" contextid="2129" durationms="0.193" usertimems="0.000" systemtimems="0.000" timestamp="2019-06-16T00:36:28.666" activeThreads="1">
  <mem-info id="2174" free="12582912" total="57671680" percent="21">
    <remembered-set count="79616" freebytes="1983616" totalbytes="2302080" percent="86" regionsoverflowed="0" regionsstable="1" regionsrebuilding="12"/>
  </mem-info>
</gc-end>
<concurrent-start id="2175" type="GMP work packet processing" contextid="2129" timestamp="2019-06-16T00:36:28.667">
  <concurrent-mark-start scanTarget="7742108" />
</concurrent-start>
<exclusive-end id="2176" timestamp="2019-06-16T00:36:28.667" durationms="1.021" />

<exclusive-start id="2177" timestamp="2019-06-16T00:36:28.673" intervalms="7.463">
  <response-info timems="0.040" idlems="0.040" threads="0" lastid="0000000001627700" lastname="main" />
</exclusive-start>
<allocation-taxation id="2178" taxation-threshold="10485760" timestamp="2019-06-16T00:36:28.673" intervalms="7.408" />
<concurrent-end id="2179" type="GMP work packet processing" contextid="2129" timestamp="2019-06-16T00:36:28.674">
  <concurrent-mark-end bytesScanned="3918784" reasonForTermination="Termination requested" />
</concurrent-end>

<cycle-start id="2180" type="partial gc" contextid="0" timestamp="2019-06-16T00:36:28.674" intervalms="21.601" />
<gc-start id="2181" type="partial gc" contextid="2180" timestamp="2019-06-16T00:36:28.674">
  <mem-info id="2182" free="2097152" total="57671680" percent="3">
    <mem type="eden" free="0" total="20971520" percent="0" />
    <remembered-set count="111584" freebytes="1855744" totalbytes="2302080" percent="80" regionsoverflowed="0" regionsstable="1" regionsrebuilding="12"/>
  </mem-info>
</gc-start>
<allocation-stats totalBytes="20934480" >
  <allocated-bytes non-tlh="0" tlh="20934480" arrayletleaf="0"/>
  <largest-consumer threadName="main" threadId="0000000001627700" bytes="10467248" />
</allocation-stats>
<gc-op id="2183" type="copy forward" timems="1.740" contextid="2180" timestamp="2019-06-16T00:36:28.677">
  <memory-copied type="eden" objects="2" bytes="40" bytesdiscarded="752" />
  <memory-copied type="other" objects="33" bytes="5992" bytesdiscarded="1424" />
  <memory-cardclean objects="114" bytes="3832" />
  <regions eden="20" other="2" />
  <remembered-set-cleared processed="109143" cleared="54" durationms="0.429" />
  <stringconstants candidates="13690" cleared="0"  />
  <heap-resize type="expand" space="default" amount="1048576" count="1" timems="0.052" reason="continue current collection" />
</gc-op>
<gc-op id="2184" type="classunload" timems="0.005" contextid="2180" timestamp="2019-06-16T00:36:28.677">
  <classunload-info classloadercandidates="54" classloadersunloaded="0" classesunloaded="0" anonymousclassesunloaded="0" quiescems="0.000" setupms="0.005" scanms="0.000" postms="0.000" />
</gc-op>
<heap-resize id="2185" type="expand" space="default" amount="10485760" count="1" timems="0.076" reason="excessive time being spent in gc" timestamp="2019-06-16T00:36:28.677" />
<gc-end id="2186" type="partial gc" contextid="2180" durationms="2.968" usertimems="0.000" systemtimems="4.000" timestamp="2019-06-16T00:36:28.677" activeThreads="4">
  <mem-info id="2187" free="33554432" total="69206016" percent="48">
    <mem type="eden" free="1047784" total="1048576" percent="99" />
    <remembered-set count="112192" freebytes="2313728" totalbytes="2762496" percent="83" regionsoverflowed="0" regionsstable="1" regionsrebuilding="12"/>
  </mem-info>
</gc-end>
<cycle-end id="2188" type="partial gc" contextid="2180" timestamp="2019-06-16T00:36:28.677" />
  <attribute name="elasticGC enabled" value="1" />
  <attribute name= "numThreadsSpecified" value="4" />
  <attribute name="heapSize specified" value="0" />
  <attribute name="Current GC Util" value="62" />
  <attribute name= "Current Time Running" value="18341" />
  <attribute name ="GC Interval" value="0" />
  <attribute name="ProportionalT" value="63.000000" />
  <attribute name="ProportionalI" value="63.000000" />
  <attribute name="ProportionalH" value="63.000000" />
  <attribute name="Current Error" value="42.000000" />
  <attribute name="IntegralT" value="42.000000" />
  <attribute name="IntegralI" value="42.000000" />
  <attribute name="IntegralH" value="42.000000" />
  <attribute name="DerivativeT" value="21.000000" />
  <attribute name="DerivativeI" value="21.000000" />
  <attribute name="DerivativeH" value="21.000000" />
  <attribute name="Loop Time for DT" value="1.000000" />
  <attribute name="Output H" value="8388608"/>
  <attribute name="Output I" value="200"/>
  <attribute name="Output T" value="4"/>
  <attribute name="Target GC Util Change" value ="20.000000" />
  <attribute name="Current GC Util Change" value="62.000000"/>
  <attribute name="GC Util currently" value="62" />
  <attribute name="CPU Util currently" value="19831540767843" />
<concurrent-start id="2189" type="GMP work packet processing" contextid="2129" timestamp="2019-06-16T00:36:28.677">
  <concurrent-mark-start scanTarget="3823324" />
</concurrent-start>
<exclusive-end id="2190" timestamp="2019-06-16T00:36:28.678" durationms="4.223" />

<concurrent-end id="2191" type="GMP work packet processing" contextid="2129" timestamp="2019-06-16T00:36:28.679">
  <concurrent-mark-end bytesScanned="2829976" reasonForTermination="Completed all work in GC phase" />
</concurrent-end>

<exclusive-start id="2192" timestamp="2019-06-16T00:36:28.685" intervalms="11.987">
  <response-info timems="0.078" idlems="0.078" threads="0" lastid="0000000001627700" lastname="main" />
</exclusive-start>
<allocation-taxation id="2193" taxation-threshold="11534336" timestamp="2019-06-16T00:36:28.685" intervalms="12.005" />
<gc-start id="2194" type="global mark phase" contextid="2129" timestamp="2019-06-16T00:36:28.686">
  <mem-info id="2195" free="22020096" total="69206016" percent="31">
    <remembered-set count="63296" freebytes="2509312" totalbytes="2762496" percent="90" regionsoverflowed="0" regionsstable="4" regionsrebuilding="12"/>
  </mem-info>
</gc-start>
<gc-op id="2196" type="mark increment" timems="2.424" contextid="2129" timestamp="2019-06-16T00:36:28.688">
  <trace-info objectcount="592" scancount="584" scanbytes="30872" />
  <cardclean-info objects="41959" bytes="929368" />
  <finalization candidates="80" enqueued="0" />
  <ownableSynchronizers candidates="21" cleared="0" />
  <references type="soft" candidates="3737" cleared="99" enqueued="89" dynamicThreshold="15" maxThreshold="32" />
  <references type="weak" candidates="5617" cleared="0" enqueued="0" />
  <references type="phantom" candidates="101" cleared="0" enqueued="0" />
  <stringconstants candidates="13690" cleared="6"  />
</gc-op>
<gc-op id="2197" type="classunload" timems="10.063" contextid="2129" timestamp="2019-06-16T00:36:28.698">
  <classunload-info classloadercandidates="54" classloadersunloaded="1" classesunloaded="1" anonymousclassesunloaded="0" quiescems="9.738" setupms="0.305" scanms="9.753" postms="0.005" />
</gc-op>
<gc-end id="2198" type="global mark phase" contextid="2129" durationms="13.164" usertimems="16.000" systemtimems="0.000" timestamp="2019-06-16T00:36:28.699" activeThreads="4">
  <mem-info id="2199" free="22020096" total="69206016" percent="31">
    <pending-finalizers system="0" default="0" reference="89" classloader="0" />
    <remembered-set count="65344" freebytes="2501120" totalbytes="2762496" percent="90" regionsoverflowed="0" regionsstable="4" regionsrebuilding="0"/>
  </mem-info>
</gc-end>
<cycle-end id="2200" type="global mark phase" contextid="2129" timestamp="2019-06-16T00:36:28.699" />
  <attribute name="elasticGC enabled" value="1" />
  <attribute name= "numThreadsSpecified" value="4" />
  <attribute name="heapSize specified" value="0" />
  <attribute name="Current GC Util" value="41" />
  <attribute name= "Current Time Running" value="18353" />
  <attribute name ="GC Interval" value="0" />
  <attribute name="ProportionalT" value="31.500000" />
  <attribute name="ProportionalI" value="31.500000" />
  <attribute name="ProportionalH" value="31.500000" />
  <attribute name="Current Error" value="21.000000" />
  <attribute name="IntegralT" value="0.000000" />
  <attribute name="IntegralI" value="0.000000" />
  <attribute name="IntegralH" value="0.000000" />
  <attribute name="DerivativeT" value="-inf" />
  <attribute name="DerivativeI" value="-inf" />
  <attribute name="DerivativeH" value="-inf" />
  <attribute name="Loop Time for DT" value="0.000000" />
  <attribute name="Output H" value="2091843584"/>
  <attribute name="Output I" value="200"/>
  <attribute name="Output T" value="4"/>
  <attribute name="Target GC Util Change" value ="20.000000" />
  <attribute name="Current GC Util Change" value="41.000000"/>
  <attribute name="GC Util currently" value="41" />
  <attribute name="CPU Util currently" value="16572464493758" />
<exclusive-end id="2201" timestamp="2019-06-16T00:36:28.699" durationms="13.934" />

<exclusive-start id="2202" timestamp="2019-06-16T00:36:28.706" intervalms="21.131">
  <response-info timems="0.022" idlems="0.022" threads="0" lastid="0000000001627700" lastname="main" />
</exclusive-start>
<allocation-taxation id="2203" taxation-threshold="11534336" timestamp="2019-06-16T00:36:28.707" intervalms="21.148" />
<cycle-start id="2204" type="partial gc" contextid="0" timestamp="2019-06-16T00:36:28.707" intervalms="33.144" />
<gc-start id="2205" type="partial gc" contextid="2204" timestamp="2019-06-16T00:36:28.707">
  <mem-info id="2206" free="10485760" total="69206016" percent="15">
    <mem type="eden" free="1047784" total="24117248" percent="4" />
    <remembered-set count="11040" freebytes="2718336" totalbytes="2762496" percent="98" regionsoverflowed="0" regionsstable="16" regionsrebuilding="0"/>
  </mem-info>
</gc-start>
<allocation-stats totalBytes="23028408" >
  <allocated-bytes non-tlh="0" tlh="23028408" arrayletleaf="0"/>
  <largest-consumer threadName="main" threadId="0000000001627700" bytes="11513712" />
</allocation-stats>
<gc-op id="2207" type="sweep" timems="0.703" contextid="2204" timestamp="2019-06-16T00:36:28.708" />
<gc-op id="2208" type="copy forward" timems="0.998" contextid="2204" timestamp="2019-06-16T00:36:28.710">
  <memory-copied type="eden" objects="2" bytes="40" bytesdiscarded="0" />
  <memory-copied type="other" objects="0" bytes="0" bytesdiscarded="0" />
  <memory-cardclean objects="398" bytes="19904" />
  <regions eden="11" other="1" />
  <remembered-set-cleared processed="8878" cleared="12" durationms="0.195" />
  <stringconstants candidates="13684" cleared="0"  />
</gc-op>
<gc-op id="2209" type="classunload" timems="0.004" contextid="2204" timestamp="2019-06-16T00:36:28.710">
  <classunload-info classloadercandidates="53" classloadersunloaded="0" classesunloaded="0" anonymousclassesunloaded="0" quiescems="0.000" setupms="0.004" scanms="0.000" postms="0.000" />
</gc-op>
<heap-resize id="2210" type="expand" space="default" amount="12582912" count="1" timems="0.085" reason="excessive time being spent in gc" timestamp="2019-06-16T00:36:28.710" />
<gc-end id="2211" type="partial gc" contextid="2204" durationms="3.369" usertimems="0.000" systemtimems="0.000" timestamp="2019-06-16T00:36:28.711" activeThreads="1">
  <mem-info id="2212" free="46137344" total="81788928" percent="56">
    <mem type="eden" free="1048536" total="1048576" percent="99" />
    <remembered-set count="11488" freebytes="3218816" totalbytes="3264768" percent="98" regionsoverflowed="0" regionsstable="16" regionsrebuilding="0"/>
  </mem-info>
</gc-end>
<cycle-end id="2213" type="partial gc" contextid="2204" timestamp="2019-06-16T00:36:28.711" />
  <attribute name="elasticGC enabled" value="1" />
  <attribute name= "numThreadsSpecified" value="1" />
  <attribute name="heapSize specified" value="0" />
  <attribute name="Current GC Util" value="70" />
  <attribute name= "Current Time Running" value="18375" />
  <attribute name ="GC Interval" value="0" />
  <attribute name="ProportionalT" value="75.000000" />
  <attribute name="ProportionalI" value="75.000000" />
  <attribute name="ProportionalH" value="75.000000" />
  <attribute name="Current Error" value="50.000000" />
  <attribute name="IntegralT" value="0.000000" />
  <attribute name="IntegralI" value="0.000000" />
  <attribute name="IntegralH" value="0.000000" />
  <attribute name="DerivativeT" value="inf" />
  <attribute name="DerivativeI" value="inf" />
  <attribute name="DerivativeH" value="inf" />
  <attribute name="Loop Time for DT" value="0.000000" />
  <attribute name="Output H" value="8388608"/>
  <attribute name="Output I" value="200"/>
  <attribute name="Output T" value="1"/>
  <attribute name="Target GC Util Change" value ="20.000000" />
  <attribute name="Current GC Util Change" value="70.000000"/>
  <attribute name="GC Util currently" value="70" />
  <attribute name="CPU Util currently" value="20601127441031" />
<exclusive-end id="2214" timestamp="2019-06-16T00:36:28.711" durationms="4.560" />

<exclusive-start id="2215" timestamp="2019-06-16T00:36:28.719" intervalms="12.654">
  <response-info timems="0.091" idlems="0.091" threads="0" lastid="0000000001627700" lastname="main" />
</exclusive-start>
<allocation-taxation id="2216" taxation-threshold="13631488" timestamp="2019-06-16T00:36:28.719" intervalms="12.672" />
<cycle-start id="2217" type="global mark phase" contextid="0" timestamp="2019-06-16T00:36:28.719" intervalms="236.956" />
<gc-start id="2218" type="global mark phase" contextid="2217" timestamp="2019-06-16T00:36:28.720">
  <mem-info id="2219" free="32505856" total="81788928" percent="39">
    <remembered-set count="11040" freebytes="3220608" totalbytes="3264768" percent="98" regionsoverflowed="0" regionsstable="16" regionsrebuilding="0"/>
  </mem-info>
</gc-start>
<gc-op id="2220" type="mark increment" timems="1.905" contextid="2217" timestamp="2019-06-16T00:36:28.722">
  <trace-info objectcount="54445" scancount="35641" scanbytes="1243840" />
</gc-op>
<gc-end id="2221" type="global mark phase" contextid="2217" durationms="2.144" usertimems="8.000" systemtimems="0.000" timestamp="2019-06-16T00:36:28.722" activeThreads="4">
  <mem-info id="2222" free="32505856" total="81788928" percent="39">
    <remembered-set count="17696" freebytes="3193984" totalbytes="3264768" percent="97" regionsoverflowed="0" regionsstable="0" regionsrebuilding="16"/>
  </mem-info>
</gc-end>
<concurrent-start id="2223" type="GMP work packet processing" contextid="2217" timestamp="2019-06-16T00:36:28.722">
  <concurrent-mark-start scanTarget="1286377" />
</concurrent-start>
<exclusive-end id="2224" timestamp="2019-06-16T00:36:28.723" durationms="3.875" />

<concurrent-end id="2225" type="GMP work packet processing" contextid="2217" timestamp="2019-06-16T00:36:28.723">
  <concurrent-mark-end bytesScanned="1338888" reasonForTermination="Work target met" />
</concurrent-end>

<exclusive-start id="2226" timestamp="2019-06-16T00:36:28.732" intervalms="13.085">
  <response-info timems="0.071" idlems="0.071" threads="0" lastid="0000000001627700" lastname="main" />
</exclusive-start>
<allocation-taxation id="2227" taxation-threshold="13631488" timestamp="2019-06-16T00:36:28.732" intervalms="13.006" />
<cycle-start id="2228" type="partial gc" contextid="0" timestamp="2019-06-16T00:36:28.732" intervalms="25.557" />
<gc-start id="2229" type="partial gc" contextid="2228" timestamp="2019-06-16T00:36:28.733">
  <mem-info id="2230" free="18874368" total="81788928" percent="23">
    <mem type="eden" free="1048536" total="28311552" percent="3" />
    <remembered-set count="28640" freebytes="3150208" totalbytes="3264768" percent="96" regionsoverflowed="0" regionsstable="0" regionsrebuilding="16"/>
  </mem-info>
</gc-start>
<allocation-stats totalBytes="27215304" >
  <allocated-bytes non-tlh="0" tlh="27215304" arrayletleaf="0"/>
  <largest-consumer threadName="main" threadId="0000000001627700" bytes="13607256" />
</allocation-stats>
<gc-op id="2231" type="copy forward" timems="8.642" contextid="2228" timestamp="2019-06-16T00:36:28.742">
  <memory-copied type="eden" objects="3" bytes="72" bytesdiscarded="0" />
  <memory-copied type="other" objects="16378" bytes="814464" bytesdiscarded="0" />
  <memory-cardclean objects="96228" bytes="2426496" />
  <regions eden="26" other="7" />
  <remembered-set-cleared processed="17986" cleared="10423" durationms="0.290" />
  <finalization candidates="13" enqueued="0" />
  <ownableSynchronizers candidates="16" cleared="0" />
  <references type="soft" candidates="56" cleared="0" enqueued="0" dynamicThreshold="12" maxThreshold="32" />
  <references type="weak" candidates="190" cleared="0" enqueued="0" />
  <references type="phantom" candidates="55" cleared="0" enqueued="0" />
  <stringconstants candidates="13684" cleared="0"  />
</gc-op>
<gc-op id="2232" type="classunload" timems="0.004" contextid="2228" timestamp="2019-06-16T00:36:28.742">
  <classunload-info classloadercandidates="53" classloadersunloaded="0" classesunloaded="0" anonymousclassesunloaded="0" quiescems="0.000" setupms="0.004" scanms="0.000" postms="0.000" />
</gc-op>
<gc-end id="2233" type="partial gc" contextid="2228" durationms="9.785" usertimems="12.000" systemtimems="0.000" timestamp="2019-06-16T00:36:28.743" activeThreads="1">
  <mem-info id="2234" free="50331648" total="81788928" percent="61">
    <mem type="eden" free="1048504" total="1048576" percent="99" />
    <remembered-set count="25888" freebytes="3161216" totalbytes="3264768" percent="96" regionsoverflowed="0" regionsstable="0" regionsrebuilding="16"/>
  </mem-info>
</gc-end>
<cycle-end id="2235" type="partial gc" contextid="2228" timestamp="2019-06-16T00:36:28.743" />
  <attribute name="elasticGC enabled" value="1" />
  <attribute name= "numThreadsSpecified" value="1" />
  <attribute name="heapSize specified" value="0" />
  <attribute name="Current GC Util" value="57" />
  <attribute name= "Current Time Running" value="18399" />
  <attribute name ="GC Interval" value="0" />
  <attribute name="ProportionalT" value="55.500000" />
  <attribute name="ProportionalI" value="55.500000" />
  <attribute name="ProportionalH" value="55.500000" />
  <attribute name="Current Error" value="37.000000" />
  <attribute name="IntegralT" value="0.000000" />
  <attribute name="IntegralI" value="0.000000" />
  <attribute name="IntegralH" value="0.000000" />
  <attribute name="DerivativeT" value="inf" />
  <attribute name="DerivativeI" value="inf" />
  <attribute name="DerivativeH" value="inf" />
  <attribute name="Loop Time for DT" value="0.000000" />
  <attribute name="Output H" value="8388608"/>
  <attribute name="Output I" value="200"/>
  <attribute name="Output T" value="1"/>
  <attribute name="Target GC Util Change" value ="20.000000" />
  <attribute name="Current GC Util Change" value="57.000000"/>
  <attribute name="GC Util currently" value="57" />
  <attribute name="CPU Util currently" value="20523381800811" />
<exclusive-end id="2236" timestamp="2019-06-16T00:36:28.743" durationms="10.850" />

<exclusive-start id="2237" timestamp="2019-06-16T00:36:28.751" intervalms="19.311">
  <response-info timems="0.091" idlems="0.091" threads="0" lastid="0000000001627700" lastname="main" />
</exclusive-start>
<allocation-taxation id="2238" taxation-threshold="13631488" timestamp="2019-06-16T00:36:28.752" intervalms="19.390" />
<gc-start id="2239" type="global mark phase" contextid="2217" timestamp="2019-06-16T00:36:28.752">
  <mem-info id="2240" free="36700160" total="81788928" percent="44">
    <remembered-set count="25696" freebytes="3161984" totalbytes="3264768" percent="96" regionsoverflowed="0" regionsstable="0" regionsrebuilding="16"/>
  </mem-info>
</gc-start>
<gc-end id="2241" type="global mark phase" contextid="2217" durationms="0.202" usertimems="0.000" systemtimems="0.000" timestamp="2019-06-16T00:36:28.752" activeThreads="1">
  <mem-info id="2242" free="36700160" total="81788928" percent="44">
    <remembered-set count="25696" freebytes="3161984" totalbytes="3264768" percent="96" regionsoverflowed="0" regionsstable="0" regionsrebuilding="16"/>
  </mem-info>
</gc-end>
<concurrent-start id="2243" type="GMP work packet processing" contextid="2217" timestamp="2019-06-16T00:36:28.752">
  <concurrent-mark-start scanTarget="1048576" />
</concurrent-start>
<exclusive-end id="2244" timestamp="2019-06-16T00:36:28.752" durationms="0.941" />

<concurrent-end id="2245" type="GMP work packet processing" contextid="2217" timestamp="2019-06-16T00:36:28.761">
  <concurrent-mark-end bytesScanned="1095584" reasonForTermination="Work target met" />
</concurrent-end>

<exclusive-start id="2246" timestamp="2019-06-16T00:36:28.761" intervalms="9.575">
  <response-info timems="0.114" idlems="0.114" threads="0" lastid="0000000001627700" lastname="main" />
</exclusive-start>
<allocation-taxation id="2247" taxation-threshold="13631488" timestamp="2019-06-16T00:36:28.761" intervalms="9.579" />
<cycle-start id="2248" type="partial gc" contextid="0" timestamp="2019-06-16T00:36:28.761" intervalms="28.929" />
<gc-start id="2249" type="partial gc" contextid="2248" timestamp="2019-06-16T00:36:28.762">
  <mem-info id="2250" free="23068672" total="81788928" percent="28">
    <mem type="eden" free="1048504" total="28311552" percent="3" />
    <remembered-set count="37760" freebytes="3113728" totalbytes="3264768" percent="95" regionsoverflowed="0" regionsstable="0" regionsrebuilding="16"/>
  </mem-info>
</gc-start>
<allocation-stats totalBytes="27215008" >
  <allocated-bytes non-tlh="0" tlh="27215008" arrayletleaf="0"/>
  <largest-consumer threadName="main" threadId="0000000001627700" bytes="13606960" />
</allocation-stats>
<gc-op id="2251" type="copy forward" timems="1.384" contextid="2248" timestamp="2019-06-16T00:36:28.764">
  <memory-copied type="eden" objects="2" bytes="40" bytesdiscarded="0" />
  <memory-copied type="other" objects="7" bytes="160" bytesdiscarded="0" />
  <memory-cardclean objects="32" bytes="1152" />
  <regions eden="26" other="2" />
  <remembered-set-cleared processed="35034" cleared="28" durationms="0.341" />
  <stringconstants candidates="13684" cleared="0"  />
</gc-op>
<gc-op id="2252" type="classunload" timems="0.004" contextid="2248" timestamp="2019-06-16T00:36:28.764">
  <classunload-info classloadercandidates="53" classloadersunloaded="0" classesunloaded="0" anonymousclassesunloaded="0" quiescems="0.000" setupms="0.003" scanms="0.000" postms="0.000" />
</gc-op>
<heap-resize id="2253" type="contract" space="default" amount="1048576" count="1" timems="0.130" reason="excess free space following gc" timestamp="2019-06-16T00:36:28.764" />
<gc-end id="2254" type="partial gc" contextid="2248" durationms="2.782" usertimems="0.000" systemtimems="0.000" timestamp="2019-06-16T00:36:28.764" activeThreads="1">
  <mem-info id="2255" free="49283072" total="80740352" percent="61">
    <mem type="eden" free="1048536" total="1048576" percent="99" />
    <remembered-set count="38112" freebytes="3112320" totalbytes="3264768" percent="95" regionsoverflowed="0" regionsstable="0" regionsrebuilding="16"/>
  </mem-info>
</gc-end>
<cycle-end id="2256" type="partial gc" contextid="2248" timestamp="2019-06-16T00:36:28.765" />
  <attribute name="elasticGC enabled" value="1" />
  <attribute name= "numThreadsSpecified" value="1" />
  <attribute name="heapSize specified" value="0" />
  <attribute name="Current GC Util" value="55" />
  <attribute name= "Current Time Running" value="18428" />
  <attribute name ="GC Interval" value="0" />
  <attribute name="ProportionalT" value="52.500000" />
  <attribute name="ProportionalI" value="52.500000" />
  <attribute name="ProportionalH" value="52.500000" />
  <attribute name="Current Error" value="35.000000" />
  <attribute name="IntegralT" value="0.000000" />
  <attribute name="IntegralI" value="0.000000" />
  <attribute name="IntegralH" value="0.000000" />
  <attribute name="DerivativeT" value="inf" />
  <attribute name="DerivativeI" value="inf" />
  <attribute name="DerivativeH" value="inf" />
  <attribute name="Loop Time for DT" value="0.000000" />
  <attribute name="Output H" value="8388608"/>
  <attribute name="Output I" value="200"/>
  <attribute name="Output T" value="1"/>
  <attribute name="Target GC Util Change" value ="20.000000" />
  <attribute name="Current GC Util Change" value="55.000000"/>
  <attribute name="GC Util currently" value="55" />
  <attribute name="CPU Util currently" value="17061866366285" />
<exclusive-end id="2257" timestamp="2019-06-16T00:36:28.765" durationms="3.853" />

<exclusive-start id="2258" timestamp="2019-06-16T00:36:28.773" intervalms="12.279">
  <response-info timems="0.105" idlems="0.105" threads="0" lastid="0000000001627700" lastname="main" />
</exclusive-start>
<allocation-taxation id="2259" taxation-threshold="13631488" timestamp="2019-06-16T00:36:28.774" intervalms="12.239" />
<gc-start id="2260" type="global mark phase" contextid="2217" timestamp="2019-06-16T00:36:28.774">
  <mem-info id="2261" free="35651584" total="80740352" percent="44">
    <remembered-set count="37728" freebytes="3113856" totalbytes="3264768" percent="95" regionsoverflowed="0" regionsstable="0" regionsrebuilding="16"/>
  </mem-info>
</gc-start>
<gc-end id="2262" type="global mark phase" contextid="2217" durationms="0.207" usertimems="0.000" systemtimems="0.000" timestamp="2019-06-16T00:36:28.774" activeThreads="1">
  <mem-info id="2263" free="35651584" total="80740352" percent="44">
    <remembered-set count="37728" freebytes="3113856" totalbytes="3264768" percent="95" regionsoverflowed="0" regionsstable="0" regionsrebuilding="16"/>
  </mem-info>
</gc-end>
<concurrent-start id="2264" type="GMP work packet processing" contextid="2217" timestamp="2019-06-16T00:36:28.774">
  <concurrent-mark-start scanTarget="1048576" />
</concurrent-start>
<exclusive-end id="2265" timestamp="2019-06-16T00:36:28.774" durationms="0.960" />

<exclusive-start id="2266" timestamp="2019-06-16T00:36:28.782" intervalms="8.976">
  <response-info timems="0.076" idlems="0.076" threads="0" lastid="0000000001627700" lastname="main" />
</exclusive-start>
<allocation-taxation id="2267" taxation-threshold="13631488" timestamp="2019-06-16T00:36:28.782" intervalms="8.931" />
<concurrent-end id="2268" type="GMP work packet processing" contextid="2217" timestamp="2019-06-16T00:36:28.782">
  <concurrent-mark-end bytesScanned="1070008" reasonForTermination="Work target met" />
</concurrent-end>

<cycle-start id="2269" type="partial gc" contextid="0" timestamp="2019-06-16T00:36:28.783" intervalms="21.295" />
<gc-start id="2270" type="partial gc" contextid="2269" timestamp="2019-06-16T00:36:28.783">
  <mem-info id="2271" free="22020096" total="80740352" percent="27">
    <mem type="eden" free="1048536" total="28311552" percent="3" />
    <remembered-set count="46080" freebytes="3080448" totalbytes="3264768" percent="94" regionsoverflowed="0" regionsstable="0" regionsrebuilding="16"/>
  </mem-info>
</gc-start>
<allocation-stats totalBytes="27214616" >
  <allocated-bytes non-tlh="0" tlh="27214616" arrayletleaf="0"/>
  <largest-consumer threadName="main" threadId="0000000001627700" bytes="13607256" />
</allocation-stats>
<gc-op id="2272" type="copy forward" timems="3.015" contextid="2269" timestamp="2019-06-16T00:36:28.787">
  <memory-copied type="eden" objects="3" bytes="72" bytesdiscarded="0" />
  <memory-copied type="other" objects="7" bytes="160" bytesdiscarded="0" />
  <memory-cardclean objects="32" bytes="1152" />
  <regions eden="26" other="2" />
  <remembered-set-cleared processed="43636" cleared="17" durationms="0.214" />
  <stringconstants candidates="13684" cleared="0"  />
</gc-op>
<gc-op id="2273" type="classunload" timems="0.003" contextid="2269" timestamp="2019-06-16T00:36:28.787">
  <classunload-info classloadercandidates="53" classloadersunloaded="0" classesunloaded="0" anonymousclassesunloaded="0" quiescems="0.000" setupms="0.003" scanms="0.000" postms="0.000" />
</gc-op>
<gc-end id="2274" type="partial gc" contextid="2269" durationms="4.290" usertimems="8.000" systemtimems="0.000" timestamp="2019-06-16T00:36:28.787" activeThreads="4">
  <mem-info id="2275" free="49283072" total="80740352" percent="61">
    <mem type="eden" free="1048504" total="1048576" percent="99" />
    <remembered-set count="45696" freebytes="3040128" totalbytes="3222912" percent="94" regionsoverflowed="0" regionsstable="0" regionsrebuilding="16"/>
  </mem-info>
</gc-end>
<cycle-end id="2276" type="partial gc" contextid="2269" timestamp="2019-06-16T00:36:28.787" />
  <attribute name="elasticGC enabled" value="1" />
  <attribute name= "numThreadsSpecified" value="4" />
  <attribute name="heapSize specified" value="0" />
  <attribute name="Current GC Util" value="34" />
  <attribute name= "Current Time Running" value="18450" />
  <attribute name ="GC Interval" value="0" />
  <attribute name="ProportionalT" value="21.000000" />
  <attribute name="ProportionalI" value="21.000000" />
  <attribute name="ProportionalH" value="21.000000" />
  <attribute name="Current Error" value="14.000000" />
  <attribute name="IntegralT" value="14.000000" />
  <attribute name="IntegralI" value="14.000000" />
  <attribute name="IntegralH" value="14.000000" />
  <attribute name="DerivativeT" value="7.000000" />
  <attribute name="DerivativeI" value="7.000000" />
  <attribute name="DerivativeH" value="7.000000" />
  <attribute name="Loop Time for DT" value="1.000000" />
  <attribute name="Output H" value="8388608"/>
  <attribute name="Output I" value="200"/>
  <attribute name="Output T" value="4"/>
  <attribute name="Target GC Util Change" value ="20.000000" />
  <attribute name="Current GC Util Change" value="34.000000"/>
  <attribute name="GC Util currently" value="34" />
  <attribute name="CPU Util currently" value="9295898568659" />
<exclusive-end id="2277" timestamp="2019-06-16T00:36:28.788" durationms="5.302" />

<exclusive-start id="2278" timestamp="2019-06-16T00:36:28.796" intervalms="13.399">
  <response-info timems="0.077" idlems="0.077" threads="0" lastid="0000000001627700" lastname="main" />
</exclusive-start>
<allocation-taxation id="2279" taxation-threshold="13631488" timestamp="2019-06-16T00:36:28.796" intervalms="13.425" />
<gc-start id="2280" type="global mark phase" contextid="2217" timestamp="2019-06-16T00:36:28.796">
  <mem-info id="2281" free="35651584" total="80740352" percent="44">
    <remembered-set count="45344" freebytes="3041536" totalbytes="3222912" percent="94" regionsoverflowed="0" regionsstable="0" regionsrebuilding="16"/>
  </mem-info>
</gc-start>
<gc-end id="2282" type="global mark phase" contextid="2217" durationms="0.096" usertimems="0.000" systemtimems="0.000" timestamp="2019-06-16T00:36:28.796" activeThreads="4">
  <mem-info id="2283" free="35651584" total="80740352" percent="44">
    <remembered-set count="45344" freebytes="3041536" totalbytes="3222912" percent="94" regionsoverflowed="0" regionsstable="0" regionsrebuilding="16"/>
  </mem-info>
</gc-end>
<concurrent-start id="2284" type="GMP work packet processing" contextid="2217" timestamp="2019-06-16T00:36:28.796">
  <concurrent-mark-start scanTarget="1286377" />
</concurrent-start>
<exclusive-end id="2285" timestamp="2019-06-16T00:36:28.796" durationms="0.667" />

<concurrent-end id="2286" type="GMP work packet processing" contextid="2217" timestamp="2019-06-16T00:36:28.797">
  <concurrent-mark-end bytesScanned="1337560" reasonForTermination="Work target met" />
</concurrent-end>

<exclusive-start id="2287" timestamp="2019-06-16T00:36:28.805" intervalms="9.252">
  <response-info timems="0.032" idlems="0.032" threads="0" lastid="0000000001627700" lastname="main" />
</exclusive-start>
<allocation-taxation id="2288" taxation-threshold="13631488" timestamp="2019-06-16T00:36:28.805" intervalms="9.251" />
<cycle-start id="2289" type="partial gc" contextid="0" timestamp="2019-06-16T00:36:28.805" intervalms="22.631" />
<gc-start id="2290" type="partial gc" contextid="2289" timestamp="2019-06-16T00:36:28.806">
  <mem-info id="2291" free="22020096" total="80740352" percent="27">
    <mem type="eden" free="1048504" total="28311552" percent="3" />
    <remembered-set count="56576" freebytes="2996608" totalbytes="3222912" percent="92" regionsoverflowed="0" regionsstable="0" regionsrebuilding="16"/>
  </mem-info>
</gc-start>
<allocation-stats totalBytes="27215008" >
  <allocated-bytes non-tlh="0" tlh="27215008" arrayletleaf="0"/>
  <largest-consumer threadName="main" threadId="0000000001627700" bytes="13606960" />
</allocation-stats>
<gc-op id="2292" type="copy forward" timems="1.551" contextid="2289" timestamp="2019-06-16T00:36:28.808">
  <memory-copied type="eden" objects="2" bytes="40" bytesdiscarded="0" />
  <memory-copied type="other" objects="7" bytes="160" bytesdiscarded="0" />
  <memory-cardclean objects="32" bytes="1152" />
  <regions eden="26" other="2" />
  <remembered-set-cleared processed="54230" cleared="25" durationms="0.224" />
  <stringconstants candidates="13684" cleared="0"  />
</gc-op>
<gc-op id="2293" type="classunload" timems="0.004" contextid="2289" timestamp="2019-06-16T00:36:28.808">
  <classunload-info classloadercandidates="53" classloadersunloaded="0" classesunloaded="0" anonymousclassesunloaded="0" quiescems="0.000" setupms="0.004" scanms="0.000" postms="0.000" />
</gc-op>
<gc-end id="2294" type="partial gc" contextid="2289" durationms="2.508" usertimems="0.000" systemtimems="4.000" timestamp="2019-06-16T00:36:28.808" activeThreads="4">
  <mem-info id="2295" free="49283072" total="80740352" percent="61">
    <mem type="eden" free="1048536" total="1048576" percent="99" />
    <remembered-set count="56672" freebytes="2996224" totalbytes="3222912" percent="92" regionsoverflowed="0" regionsstable="0" regionsrebuilding="16"/>
  </mem-info>
</gc-end>
<cycle-end id="2296" type="partial gc" contextid="2289" timestamp="2019-06-16T00:36:28.808" />
  <attribute name="elasticGC enabled" value="1" />
  <attribute name= "numThreadsSpecified" value="4" />
  <attribute name="heapSize specified" value="0" />
  <attribute name="Current GC Util" value="0" />
  <attribute name= "Current Time Running" value="18472" />
  <attribute name ="GC Interval" value="0" />
  <attribute name="ProportionalT" value="-30.000000" />
  <attribute name="ProportionalI" value="-30.000000" />
  <attribute name="ProportionalH" value="-30.000000" />
  <attribute name="Current Error" value="-20.000000" />
  <attribute name="IntegralT" value="0.000000" />
  <attribute name="IntegralI" value="0.000000" />
  <attribute name="IntegralH" value="0.000000" />
  <attribute name="DerivativeT" value="-inf" />
  <attribute name="DerivativeI" value="-inf" />
  <attribute name="DerivativeH" value="-inf" />
  <attribute name="Loop Time for DT" value="0.000000" />
  <attribute name="Output H" value="2091843584"/>
  <attribute name="Output I" value="200"/>
  <attribute name="Output T" value="4"/>
  <attribute name="Target GC Util Change" value ="20.000000" />
  <attribute name="Current GC Util Change" value="0.000000"/>
  <attribute name="GC Util currently" value="0" />
  <attribute name="CPU Util currently" value="32374522517019" />
<exclusive-end id="2297" timestamp="2019-06-16T00:36:28.808" durationms="3.497" />

<exclusive-start id="2298" timestamp="2019-06-16T00:36:28.817" intervalms="11.900">
  <response-info timems="0.066" idlems="0.066" threads="0" lastid="0000000001627700" lastname="main" />
</exclusive-start>
<allocation-taxation id="2299" taxation-threshold="13631488" timestamp="2019-06-16T00:36:28.817" intervalms="11.926" />
<gc-start id="2300" type="global mark phase" contextid="2217" timestamp="2019-06-16T00:36:28.817">
  <mem-info id="2301" free="35651584" total="80740352" percent="44">
    <remembered-set count="56224" freebytes="2998016" totalbytes="3222912" percent="93" regionsoverflowed="0" regionsstable="0" regionsrebuilding="16"/>
  </mem-info>
</gc-start>
<gc-end id="2302" type="global mark phase" contextid="2217" durationms="0.131" usertimems="0.000" systemtimems="0.000" timestamp="2019-06-16T00:36:28.817" activeThreads="4">
  <mem-info id="2303" free="35651584" total="80740352" percent="44">
    <remembered-set count="56224" freebytes="2998016" totalbytes="3222912" percent="93" regionsoverflowed="0" regionsstable="0" regionsrebuilding="16"/>
  </mem-info>
</gc-end>
<concurrent-start id="2304" type="GMP work packet processing" contextid="2217" timestamp="2019-06-16T00:36:28.817">
  <concurrent-mark-start scanTarget="1286377" />
</concurrent-start>
<exclusive-end id="2305" timestamp="2019-06-16T00:36:28.818" durationms="1.408" />

<concurrent-end id="2306" type="GMP work packet processing" contextid="2217" timestamp="2019-06-16T00:36:28.818">
  <concurrent-mark-end bytesScanned="1335780" reasonForTermination="Work target met" />
</concurrent-end>

<exclusive-start id="2307" timestamp="2019-06-16T00:36:28.826" intervalms="9.453">
  <response-info timems="0.076" idlems="0.076" threads="0" lastid="0000000001627700" lastname="main" />
</exclusive-start>
<allocation-taxation id="2308" taxation-threshold="13631488" timestamp="2019-06-16T00:36:28.826" intervalms="9.458" />
<cycle-start id="2309" type="partial gc" contextid="0" timestamp="2019-06-16T00:36:28.827" intervalms="21.375" />
<gc-start id="2310" type="partial gc" contextid="2309" timestamp="2019-06-16T00:36:28.827">
  <mem-info id="2311" free="22020096" total="80740352" percent="27">
    <mem type="eden" free="1048536" total="28311552" percent="3" />
    <remembered-set count="66144" freebytes="2958336" totalbytes="3222912" percent="91" regionsoverflowed="0" regionsstable="0" regionsrebuilding="16"/>
  </mem-info>
</gc-start>
<allocation-stats totalBytes="27214616" >
  <allocated-bytes non-tlh="0" tlh="27214616" arrayletleaf="0"/>
  <largest-consumer threadName="main" threadId="0000000001627700" bytes="13607256" />
</allocation-stats>
<gc-op id="2312" type="copy forward" timems="1.589" contextid="2309" timestamp="2019-06-16T00:36:28.829">
  <memory-copied type="eden" objects="3" bytes="72" bytesdiscarded="0" />
  <memory-copied type="other" objects="21" bytes="608" bytesdiscarded="320" />
  <memory-cardclean objects="33" bytes="9304" />
  <regions eden="26" other="2" />
  <remembered-set-cleared processed="64199" cleared="45" durationms="0.301" />
  <references type="weak" candidates="14" cleared="0" enqueued="0" />
  <stringconstants candidates="13684" cleared="0"  />
</gc-op>
<gc-op id="2313" type="classunload" timems="0.004" contextid="2309" timestamp="2019-06-16T00:36:28.829">
  <classunload-info classloadercandidates="53" classloadersunloaded="0" classesunloaded="0" anonymousclassesunloaded="0" quiescems="0.000" setupms="0.004" scanms="0.000" postms="0.000" />
</gc-op>
<gc-end id="2314" type="partial gc" contextid="2309" durationms="2.585" usertimems="4.000" systemtimems="0.000" timestamp="2019-06-16T00:36:28.830" activeThreads="4">
  <mem-info id="2315" free="49283072" total="80740352" percent="61">
    <mem type="eden" free="1048504" total="1048576" percent="99" />
    <remembered-set count="67136" freebytes="2954368" totalbytes="3222912" percent="91" regionsoverflowed="0" regionsstable="0" regionsrebuilding="16"/>
  </mem-info>
</gc-end>
<cycle-end id="2316" type="partial gc" contextid="2309" timestamp="2019-06-16T00:36:28.830" />
  <attribute name="elasticGC enabled" value="1" />
  <attribute name= "numThreadsSpecified" value="4" />
  <attribute name="heapSize specified" value="0" />
  <attribute name="Current GC Util" value="75" />
  <attribute name= "Current Time Running" value="18494" />
  <attribute name ="GC Interval" value="0" />
  <attribute name="ProportionalT" value="82.500000" />
  <attribute name="ProportionalI" value="82.500000" />
  <attribute name="ProportionalH" value="82.500000" />
  <attribute name="Current Error" value="55.000000" />
  <attribute name="IntegralT" value="55.000000" />
  <attribute name="IntegralI" value="55.000000" />
  <attribute name="IntegralH" value="55.000000" />
  <attribute name="DerivativeT" value="27.500000" />
  <attribute name="DerivativeI" value="27.500000" />
  <attribute name="DerivativeH" value="27.500000" />
  <attribute name="Loop Time for DT" value="1.000000" />
  <attribute name="Output H" value="8388608"/>
  <attribute name="Output I" value="200"/>
  <attribute name="Output T" value="4"/>
  <attribute name="Target GC Util Change" value ="20.000000" />
  <attribute name="Current GC Util Change" value="75.000000"/>
  <attribute name="GC Util currently" value="75" />
  <attribute name="CPU Util currently" value="18893228715408" />
<exclusive-end id="2317" timestamp="2019-06-16T00:36:28.830" durationms="3.537" />

<exclusive-start id="2318" timestamp="2019-06-16T00:36:28.838" intervalms="11.689">
  <response-info timems="0.117" idlems="0.117" threads="0" lastid="0000000001627700" lastname="main" />
</exclusive-start>
<allocation-taxation id="2319" taxation-threshold="13631488" timestamp="2019-06-16T00:36:28.838" intervalms="11.679" />
<gc-start id="2320" type="global mark phase" contextid="2217" timestamp="2019-06-16T00:36:28.838">
  <mem-info id="2321" free="35651584" total="80740352" percent="44">
    <remembered-set count="66688" freebytes="2956160" totalbytes="3222912" percent="91" regionsoverflowed="0" regionsstable="0" regionsrebuilding="16"/>
  </mem-info>
</gc-start>
<gc-end id="2322" type="global mark phase" contextid="2217" durationms="0.127" usertimems="0.000" systemtimems="0.000" timestamp="2019-06-16T00:36:28.838" activeThreads="4">
  <mem-info id="2323" free="35651584" total="80740352" percent="44">
    <remembered-set count="66688" freebytes="2956160" totalbytes="3222912" percent="91" regionsoverflowed="0" regionsstable="0" regionsrebuilding="16"/>
  </mem-info>
</gc-end>
<concurrent-start id="2324" type="GMP work packet processing" contextid="2217" timestamp="2019-06-16T00:36:28.839">
  <concurrent-mark-start scanTarget="1286377" />
</concurrent-start>
<exclusive-end id="2325" timestamp="2019-06-16T00:36:28.839" durationms="1.461" />

<concurrent-end id="2326" type="GMP work packet processing" contextid="2217" timestamp="2019-06-16T00:36:28.839">
  <concurrent-mark-end bytesScanned="1326024" reasonForTermination="Work target met" />
</concurrent-end>

<exclusive-start id="2327" timestamp="2019-06-16T00:36:28.953" intervalms="114.654">
  <response-info timems="0.067" idlems="0.067" threads="0" lastid="0000000001627700" lastname="main" />
</exclusive-start>
<allocation-taxation id="2328" taxation-threshold="13631488" timestamp="2019-06-16T00:36:28.953" intervalms="114.718" />
<cycle-start id="2329" type="partial gc" contextid="0" timestamp="2019-06-16T00:36:28.953" intervalms="126.407" />
<gc-start id="2330" type="partial gc" contextid="2329" timestamp="2019-06-16T00:36:28.953">
  <mem-info id="2331" free="22020096" total="80740352" percent="27">
    <mem type="eden" free="1048504" total="28311552" percent="3" />
    <remembered-set count="78048" freebytes="2910720" totalbytes="3222912" percent="90" regionsoverflowed="0" regionsstable="0" regionsrebuilding="16"/>
  </mem-info>
</gc-start>
<allocation-stats totalBytes="27226088" >
  <allocated-bytes non-tlh="0" tlh="27226088" arrayletleaf="0"/>
  <largest-consumer threadName="main" threadId="0000000001627700" bytes="13618040" />
</allocation-stats>
<gc-op id="2332" type="copy forward" timems="1.627" contextid="2329" timestamp="2019-06-16T00:36:28.956">
  <memory-copied type="eden" objects="36" bytes="1496" bytesdiscarded="0" />
  <memory-copied type="other" objects="30" bytes="704" bytesdiscarded="0" />
  <memory-cardclean objects="131" bytes="13048" />
  <regions eden="26" other="2" />
  <remembered-set-cleared processed="75104" cleared="118" durationms="0.607" />
  <references type="weak" candidates="2" cleared="0" enqueued="0" />
  <stringconstants candidates="13684" cleared="0"  />
</gc-op>
<gc-op id="2333" type="classunload" timems="0.003" contextid="2329" timestamp="2019-06-16T00:36:28.956">
  <classunload-info classloadercandidates="53" classloadersunloaded="0" classesunloaded="0" anonymousclassesunloaded="0" quiescems="0.000" setupms="0.003" scanms="0.000" postms="0.000" />
</gc-op>
<heap-resize id="2334" type="contract" space="default" amount="4194304" count="1" timems="0.161" reason="insufficient time being spent in gc" timestamp="2019-06-16T00:36:28.956" />
<gc-end id="2335" type="partial gc" contextid="2329" durationms="3.000" usertimems="4.000" systemtimems="0.000" timestamp="2019-06-16T00:36:28.956" activeThreads="1">
  <mem-info id="2336" free="45088768" total="76546048" percent="58">
    <mem type="eden" free="1047080" total="1048576" percent="99" />
    <remembered-set count="78016" freebytes="2910848" totalbytes="3222912" percent="90" regionsoverflowed="0" regionsstable="0" regionsrebuilding="16"/>
  </mem-info>
</gc-end>
<cycle-end id="2337" type="partial gc" contextid="2329" timestamp="2019-06-16T00:36:28.957" />
  <attribute name="elasticGC enabled" value="1" />
  <attribute name= "numThreadsSpecified" value="1" />
  <attribute name="heapSize specified" value="0" />
  <attribute name="Current GC Util" value="73" />
  <attribute name= "Current Time Running" value="18620" />
  <attribute name ="GC Interval" value="0" />
  <attribute name="ProportionalT" value="79.500000" />
  <attribute name="ProportionalI" value="79.500000" />
  <attribute name="ProportionalH" value="79.500000" />
  <attribute name="Current Error" value="53.000000" />
  <attribute name="IntegralT" value="0.000000" />
  <attribute name="IntegralI" value="0.000000" />
  <attribute name="IntegralH" value="0.000000" />
  <attribute name="DerivativeT" value="inf" />
  <attribute name="DerivativeI" value="inf" />
  <attribute name="DerivativeH" value="inf" />
  <attribute name="Loop Time for DT" value="0.000000" />
  <attribute name="Output H" value="8388608"/>
  <attribute name="Output I" value="200"/>
  <attribute name="Output T" value="1"/>
  <attribute name="Target GC Util Change" value ="20.000000" />
  <attribute name="Current GC Util Change" value="73.000000"/>
  <attribute name="GC Util currently" value="73" />
  <attribute name="CPU Util currently" value="19031074029792" />
<exclusive-end id="2338" timestamp="2019-06-16T00:36:28.957" durationms="4.151" />

<exclusive-start id="2339" timestamp="2019-06-16T00:36:28.992" intervalms="39.415">
  <response-info timems="0.039" idlems="0.039" threads="0" lastid="0000000001627700" lastname="main" />
</exclusive-start>
<allocation-taxation id="2340" taxation-threshold="12582912" timestamp="2019-06-16T00:36:28.992" intervalms="39.439" />
<gc-start id="2341" type="global mark phase" contextid="2217" timestamp="2019-06-16T00:36:28.993">
  <mem-info id="2342" free="32505856" total="76546048" percent="42">
    <remembered-set count="77856" freebytes="2911488" totalbytes="3222912" percent="90" regionsoverflowed="0" regionsstable="0" regionsrebuilding="16"/>
  </mem-info>
</gc-start>
<gc-end id="2343" type="global mark phase" contextid="2217" durationms="0.214" usertimems="0.000" systemtimems="0.000" timestamp="2019-06-16T00:36:28.993" activeThreads="1">
  <mem-info id="2344" free="32505856" total="76546048" percent="42">
    <remembered-set count="77856" freebytes="2911488" totalbytes="3222912" percent="90" regionsoverflowed="0" regionsstable="0" regionsrebuilding="16"/>
  </mem-info>
</gc-end>
<concurrent-start id="2345" type="GMP work packet processing" contextid="2217" timestamp="2019-06-16T00:36:28.993">
  <concurrent-mark-start scanTarget="1048576" />
</concurrent-start>
<concurrent-end id="2346" type="GMP work packet processing" contextid="2217" timestamp="2019-06-16T00:36:28.994">
  <concurrent-mark-end bytesScanned="1106976" reasonForTermination="Work target met" />
</concurrent-end>

<exclusive-end id="2347" timestamp="2019-06-16T00:36:28.994" durationms="1.965" />

<exclusive-start id="2348" timestamp="2019-06-16T00:36:29.025" intervalms="33.248">
  <response-info timems="0.089" idlems="0.089" threads="0" lastid="0000000001627700" lastname="main" />
</exclusive-start>
<allocation-taxation id="2349" taxation-threshold="12582912" timestamp="2019-06-16T00:36:29.026" intervalms="33.254" />
<cycle-start id="2350" type="partial gc" contextid="0" timestamp="2019-06-16T00:36:29.026" intervalms="72.742" />
<gc-start id="2351" type="partial gc" contextid="2350" timestamp="2019-06-16T00:36:29.026">
  <mem-info id="2352" free="19922944" total="76546048" percent="26">
    <mem type="eden" free="0" total="25165824" percent="0" />
    <remembered-set count="85984" freebytes="2878976" totalbytes="3222912" percent="89" regionsoverflowed="0" regionsstable="0" regionsrebuilding="16"/>
  </mem-info>
</gc-start>
<allocation-stats totalBytes="25139064" >
  <allocated-bytes non-tlh="0" tlh="25139064" arrayletleaf="0"/>
  <largest-consumer threadName="main" threadId="0000000001627700" bytes="12569760" />
</allocation-stats>
<gc-op id="2353" type="copy forward" timems="2.079" contextid="2350" timestamp="2019-06-16T00:36:29.029">
  <memory-copied type="eden" objects="13" bytes="760" bytesdiscarded="0" />
  <memory-copied type="other" objects="33" bytes="912" bytesdiscarded="0" />
  <memory-cardclean objects="1448" bytes="173168" />
  <regions eden="24" other="2" />
  <remembered-set-cleared processed="83160" cleared="752" durationms="0.712" />
  <stringconstants candidates="13684" cleared="0"  />
</gc-op>
<gc-op id="2354" type="classunload" timems="0.005" contextid="2350" timestamp="2019-06-16T00:36:29.030">
  <classunload-info classloadercandidates="53" classloadersunloaded="0" classesunloaded="0" anonymousclassesunloaded="0" quiescems="0.000" setupms="0.005" scanms="0.000" postms="0.000" />
</gc-op>
<heap-resize id="2355" type="contract" space="default" amount="4194304" count="1" timems="0.166" reason="insufficient time being spent in gc" timestamp="2019-06-16T00:36:29.030" />
<gc-end id="2356" type="partial gc" contextid="2350" durationms="3.911" usertimems="8.000" systemtimems="0.000" timestamp="2019-06-16T00:36:29.030" activeThreads="1">
  <mem-info id="2357" free="39845888" total="72351744" percent="55">
    <mem type="eden" free="1047816" total="1048576" percent="99" />
    <remembered-set count="84320" freebytes="2718208" totalbytes="3055488" percent="88" regionsoverflowed="0" regionsstable="0" regionsrebuilding="16"/>
  </mem-info>
</gc-end>
<cycle-end id="2358" type="partial gc" contextid="2350" timestamp="2019-06-16T00:36:29.030" />
  <attribute name="elasticGC enabled" value="1" />
  <attribute name= "numThreadsSpecified" value="1" />
  <attribute name="heapSize specified" value="0" />
  <attribute name="Current GC Util" value="49" />
  <attribute name= "Current Time Running" value="18693" />
  <attribute name ="GC Interval" value="0" />
  <attribute name="ProportionalT" value="43.500000" />
  <attribute name="ProportionalI" value="43.500000" />
  <attribute name="ProportionalH" value="43.500000" />
  <attribute name="Current Error" value="29.000000" />
  <attribute name="IntegralT" value="0.000000" />
  <attribute name="IntegralI" value="0.000000" />
  <attribute name="IntegralH" value="0.000000" />
  <attribute name="DerivativeT" value="inf" />
  <attribute name="DerivativeI" value="inf" />
  <attribute name="DerivativeH" value="inf" />
  <attribute name="Loop Time for DT" value="0.000000" />
  <attribute name="Output H" value="8388608"/>
  <attribute name="Output I" value="200"/>
  <attribute name="Output T" value="1"/>
  <attribute name="Target GC Util Change" value ="20.000000" />
  <attribute name="Current GC Util Change" value="49.000000"/>
  <attribute name="GC Util currently" value="49" />
  <attribute name="CPU Util currently" value="9723571954638" />
<exclusive-end id="2359" timestamp="2019-06-16T00:36:29.031" durationms="5.199" />

<exclusive-start id="2360" timestamp="2019-06-16T00:36:29.060" intervalms="34.696">
  <response-info timems="0.216" idlems="0.216" threads="0" lastid="0000000001627700" lastname="main" />
</exclusive-start>
<allocation-taxation id="2361" taxation-threshold="12582912" timestamp="2019-06-16T00:36:29.060" intervalms="34.629" />
<gc-start id="2362" type="global mark phase" contextid="2217" timestamp="2019-06-16T00:36:29.060">
  <mem-info id="2363" free="27262976" total="72351744" percent="37">
    <remembered-set count="84192" freebytes="2718720" totalbytes="3055488" percent="88" regionsoverflowed="0" regionsstable="0" regionsrebuilding="16"/>
  </mem-info>
</gc-start>
<gc-end id="2364" type="global mark phase" contextid="2217" durationms="0.127" usertimems="0.000" systemtimems="0.000" timestamp="2019-06-16T00:36:29.061" activeThreads="1">
  <mem-info id="2365" free="27262976" total="72351744" percent="37">
    <remembered-set count="84192" freebytes="2718720" totalbytes="3055488" percent="88" regionsoverflowed="0" regionsstable="0" regionsrebuilding="16"/>
  </mem-info>
</gc-end>
<concurrent-start id="2366" type="GMP work packet processing" contextid="2217" timestamp="2019-06-16T00:36:29.061">
  <concurrent-mark-start scanTarget="1048576" />
</concurrent-start>
<exclusive-end id="2368" timestamp="2019-06-16T00:36:29.062" durationms="1.535" />

<concurrent-end id="2367" type="GMP work packet processing" contextid="2217" timestamp="2019-06-16T00:36:29.062">
  <concurrent-mark-end bytesScanned="1089712" reasonForTermination="Work target met" />
</concurrent-end>

<exclusive-start id="2369" timestamp="2019-06-16T00:36:29.080" intervalms="20.066">
  <response-info timems="0.205" idlems="0.205" threads="0" lastid="0000000001627700" lastname="main" />
</exclusive-start>
<allocation-taxation id="2370" taxation-threshold="12582912" timestamp="2019-06-16T00:36:29.080" intervalms="20.067" />
<cycle-start id="2371" type="partial gc" contextid="0" timestamp="2019-06-16T00:36:29.081" intervalms="54.713" />
<gc-start id="2372" type="partial gc" contextid="2371" timestamp="2019-06-16T00:36:29.081">
  <mem-info id="2373" free="14680064" total="72351744" percent="20">
    <mem type="eden" free="1047816" total="26214400" percent="3" />
    <remembered-set count="96032" freebytes="2671360" totalbytes="3055488" percent="87" regionsoverflowed="0" regionsstable="0" regionsrebuilding="16"/>
  </mem-info>
</gc-start>
<allocation-stats totalBytes="25142432" >
  <allocated-bytes non-tlh="0" tlh="25142432" arrayletleaf="0"/>
  <largest-consumer threadName="main" threadId="0000000001627700" bytes="12572744" />
</allocation-stats>
<gc-op id="2374" type="copy forward" timems="2.707" contextid="2371" timestamp="2019-06-16T00:36:29.085">
  <memory-copied type="eden" objects="30" bytes="1728" bytesdiscarded="696" />
  <memory-copied type="other" objects="39443" bytes="884552" bytesdiscarded="37640" />
  <memory-cardclean objects="3462" bytes="230808" />
  <regions eden="24" other="4" />
  <remembered-set-cleared processed="93710" cleared="3069" durationms="0.391" />
  <references type="soft" candidates="56" cleared="0" enqueued="0" dynamicThreshold="12" maxThreshold="32" />
  <references type="weak" candidates="162" cleared="0" enqueued="0" />
  <references type="phantom" candidates="55" cleared="0" enqueued="0" />
  <stringconstants candidates="13684" cleared="0"  />
</gc-op>
<gc-op id="2375" type="classunload" timems="0.004" contextid="2371" timestamp="2019-06-16T00:36:29.085">
  <classunload-info classloadercandidates="53" classloadersunloaded="0" classesunloaded="0" anonymousclassesunloaded="0" quiescems="0.000" setupms="0.003" scanms="0.000" postms="0.000" />
</gc-op>
<gc-end id="2376" type="partial gc" contextid="2371" durationms="3.952" usertimems="4.000" systemtimems="4.000" timestamp="2019-06-16T00:36:29.085" activeThreads="4">
  <mem-info id="2377" free="41943040" total="72351744" percent="57">
    <mem type="eden" free="1046152" total="1048576" percent="99" />
    <remembered-set count="96128" freebytes="2503552" totalbytes="2888064" percent="86" regionsoverflowed="0" regionsstable="0" regionsrebuilding="16"/>
  </mem-info>
</gc-end>
<cycle-end id="2378" type="partial gc" contextid="2371" timestamp="2019-06-16T00:36:29.085" />
  <attribute name="elasticGC enabled" value="1" />
  <attribute name= "numThreadsSpecified" value="4" />
  <attribute name="heapSize specified" value="0" />
  <attribute name="Current GC Util" value="38" />
  <attribute name= "Current Time Running" value="18748" />
  <attribute name ="GC Interval" value="0" />
  <attribute name="ProportionalT" value="27.000000" />
  <attribute name="ProportionalI" value="27.000000" />
  <attribute name="ProportionalH" value="27.000000" />
  <attribute name="Current Error" value="18.000000" />
  <attribute name="IntegralT" value="18.000000" />
  <attribute name="IntegralI" value="18.000000" />
  <attribute name="IntegralH" value="18.000000" />
  <attribute name="DerivativeT" value="9.000000" />
  <attribute name="DerivativeI" value="9.000000" />
  <attribute name="DerivativeH" value="9.000000" />
  <attribute name="Loop Time for DT" value="1.000000" />
  <attribute name="Output H" value="8388608"/>
  <attribute name="Output I" value="200"/>
  <attribute name="Output T" value="4"/>
  <attribute name="Target GC Util Change" value ="20.000000" />
  <attribute name="Current GC Util Change" value="38.000000"/>
  <attribute name="GC Util currently" value="38" />
  <attribute name="CPU Util currently" value="10670629436315" />
<exclusive-end id="2379" timestamp="2019-06-16T00:36:29.085" durationms="5.019" />

<exclusive-start id="2380" timestamp="2019-06-16T00:36:29.096" intervalms="15.990">
  <response-info timems="0.079" idlems="0.079" threads="0" lastid="0000000001627700" lastname="main" />
</exclusive-start>
<allocation-taxation id="2381" taxation-threshold="12582912" timestamp="2019-06-16T00:36:29.096" intervalms="15.964" />
<gc-start id="2382" type="global mark phase" contextid="2217" timestamp="2019-06-16T00:36:29.096">
  <mem-info id="2383" free="29360128" total="72351744" percent="40">
    <remembered-set count="86880" freebytes="2540544" totalbytes="2888064" percent="87" regionsoverflowed="0" regionsstable="1" regionsrebuilding="16"/>
  </mem-info>
</gc-start>
<gc-end id="2384" type="global mark phase" contextid="2217" durationms="0.139" usertimems="0.000" systemtimems="0.000" timestamp="2019-06-16T00:36:29.097" activeThreads="4">
  <mem-info id="2385" free="29360128" total="72351744" percent="40">
    <remembered-set count="86880" freebytes="2540544" totalbytes="2888064" percent="87" regionsoverflowed="0" regionsstable="1" regionsrebuilding="16"/>
  </mem-info>
</gc-end>
<concurrent-start id="2386" type="GMP work packet processing" contextid="2217" timestamp="2019-06-16T00:36:29.097">
  <concurrent-mark-start scanTarget="1286377" />
</concurrent-start>
<exclusive-end id="2387" timestamp="2019-06-16T00:36:29.098" durationms="1.438" />

<concurrent-end id="2388" type="GMP work packet processing" contextid="2217" timestamp="2019-06-16T00:36:29.098">
  <concurrent-mark-end bytesScanned="1328944" reasonForTermination="Work target met" />
</concurrent-end>

<exclusive-start id="2389" timestamp="2019-06-16T00:36:29.108" intervalms="11.958">
  <response-info timems="0.156" idlems="0.156" threads="0" lastid="0000000001627700" lastname="main" />
</exclusive-start>
<allocation-taxation id="2390" taxation-threshold="12582912" timestamp="2019-06-16T00:36:29.108" intervalms="11.934" />
<cycle-start id="2391" type="partial gc" contextid="0" timestamp="2019-06-16T00:36:29.108" intervalms="27.822" />
<gc-start id="2392" type="partial gc" contextid="2391" timestamp="2019-06-16T00:36:29.109">
  <mem-info id="2393" free="16777216" total="72351744" percent="23">
    <mem type="eden" free="0" total="25165824" percent="0" />
    <remembered-set count="97088" freebytes="2499712" totalbytes="2888064" percent="86" regionsoverflowed="0" regionsstable="1" regionsrebuilding="16"/>
  </mem-info>
</gc-start>
<allocation-stats totalBytes="25146632" >
  <allocated-bytes non-tlh="0" tlh="25146632" arrayletleaf="0"/>
  <largest-consumer threadName="main" threadId="0000000001627700" bytes="12573760" />
</allocation-stats>
<gc-op id="2394" type="copy forward" timems="1.772" contextid="2391" timestamp="2019-06-16T00:36:29.111">
  <memory-copied type="eden" objects="4" bytes="288" bytesdiscarded="0" />
  <memory-copied type="other" objects="63" bytes="2208" bytesdiscarded="0" />
  <memory-cardclean objects="86" bytes="11560" />
  <regions eden="24" other="2" />
  <remembered-set-cleared processed="94749" cleared="83" durationms="0.705" />
  <references type="weak" candidates="4" cleared="0" enqueued="0" />
  <stringconstants candidates="13684" cleared="0"  />
</gc-op>
<gc-op id="2395" type="classunload" timems="0.003" contextid="2391" timestamp="2019-06-16T00:36:29.111">
  <classunload-info classloadercandidates="53" classloadersunloaded="0" classesunloaded="0" anonymousclassesunloaded="0" quiescems="0.000" setupms="0.003" scanms="0.000" postms="0.000" />
</gc-op>
<heap-resize id="2396" type="expand" space="default" amount="6291456" count="1" timems="0.077" reason="excessive time being spent in gc" timestamp="2019-06-16T00:36:29.112" />
<gc-end id="2397" type="partial gc" contextid="2391" durationms="3.076" usertimems="4.000" systemtimems="0.000" timestamp="2019-06-16T00:36:29.112" activeThreads="1">
  <mem-info id="2398" free="47185920" total="78643200" percent="60">
    <mem type="eden" free="1048288" total="1048576" percent="99" />
    <remembered-set count="97248" freebytes="2750208" totalbytes="3139200" percent="87" regionsoverflowed="0" regionsstable="1" regionsrebuilding="16"/>
  </mem-info>
</gc-end>
<cycle-end id="2399" type="partial gc" contextid="2391" timestamp="2019-06-16T00:36:29.112" />
  <attribute name="elasticGC enabled" value="1" />
  <attribute name= "numThreadsSpecified" value="1" />
  <attribute name="heapSize specified" value="0" />
  <attribute name="Current GC Util" value="62" />
  <attribute name= "Current Time Running" value="18775" />
  <attribute name ="GC Interval" value="0" />
  <attribute name="ProportionalT" value="63.000000" />
  <attribute name="ProportionalI" value="63.000000" />
  <attribute name="ProportionalH" value="63.000000" />
  <attribute name="Current Error" value="42.000000" />
  <attribute name="IntegralT" value="0.000000" />
  <attribute name="IntegralI" value="0.000000" />
  <attribute name="IntegralH" value="0.000000" />
  <attribute name="DerivativeT" value="inf" />
  <attribute name="DerivativeI" value="inf" />
  <attribute name="DerivativeH" value="inf" />
  <attribute name="Loop Time for DT" value="0.000000" />
  <attribute name="Output H" value="8388608"/>
  <attribute name="Output I" value="200"/>
  <attribute name="Output T" value="1"/>
  <attribute name="Target GC Util Change" value ="20.000000" />
  <attribute name="Current GC Util Change" value="62.000000"/>
  <attribute name="GC Util currently" value="62" />
  <attribute name="CPU Util currently" value="21187665029610" />
<exclusive-end id="2400" timestamp="2019-06-16T00:36:29.112" durationms="4.145" />

<exclusive-start id="2401" timestamp="2019-06-16T00:36:29.123" intervalms="14.851">
  <response-info timems="0.085" idlems="0.085" threads="0" lastid="0000000001627700" lastname="main" />
</exclusive-start>
<allocation-taxation id="2402" taxation-threshold="12582912" timestamp="2019-06-16T00:36:29.123" intervalms="14.931" />
<gc-start id="2403" type="global mark phase" contextid="2217" timestamp="2019-06-16T00:36:29.123">
  <mem-info id="2404" free="34603008" total="78643200" percent="44">
    <remembered-set count="96960" freebytes="2751360" totalbytes="3139200" percent="87" regionsoverflowed="0" regionsstable="1" regionsrebuilding="16"/>
  </mem-info>
</gc-start>
<gc-end id="2405" type="global mark phase" contextid="2217" durationms="0.138" usertimems="0.000" systemtimems="0.000" timestamp="2019-06-16T00:36:29.123" activeThreads="1">
  <mem-info id="2406" free="34603008" total="78643200" percent="44">
    <remembered-set count="96960" freebytes="2751360" totalbytes="3139200" percent="87" regionsoverflowed="0" regionsstable="1" regionsrebuilding="16"/>
  </mem-info>
</gc-end>
<concurrent-start id="2407" type="GMP work packet processing" contextid="2217" timestamp="2019-06-16T00:36:29.124">
  <concurrent-mark-start scanTarget="1048576" />
</concurrent-start>
<exclusive-end id="2408" timestamp="2019-06-16T00:36:29.124" durationms="0.819" />

<concurrent-end id="2409" type="GMP work packet processing" contextid="2217" timestamp="2019-06-16T00:36:29.125">
  <concurrent-mark-end bytesScanned="1052004" reasonForTermination="Work target met" />
</concurrent-end>

<exclusive-start id="2410" timestamp="2019-06-16T00:36:29.134" intervalms="11.254">
  <response-info timems="0.083" idlems="0.083" threads="0" lastid="0000000001627700" lastname="main" />
</exclusive-start>
<allocation-taxation id="2411" taxation-threshold="12582912" timestamp="2019-06-16T00:36:29.134" intervalms="11.170" />
<cycle-start id="2412" type="partial gc" contextid="0" timestamp="2019-06-16T00:36:29.134" intervalms="26.103" />
<gc-start id="2413" type="partial gc" contextid="2412" timestamp="2019-06-16T00:36:29.135">
  <mem-info id="2414" free="22020096" total="78643200" percent="28">
    <mem type="eden" free="0" total="25165824" percent="0" />
    <remembered-set count="105120" freebytes="2718720" totalbytes="3139200" percent="86" regionsoverflowed="0" regionsstable="1" regionsrebuilding="16"/>
  </mem-info>
</gc-start>
<allocation-stats totalBytes="25147552" >
  <allocated-bytes non-tlh="0" tlh="25147552" arrayletleaf="0"/>
  <largest-consumer threadName="main" threadId="0000000001627700" bytes="12573760" />
</allocation-stats>
<gc-op id="2415" type="copy forward" timems="1.784" contextid="2412" timestamp="2019-06-16T00:36:29.137">
  <memory-copied type="eden" objects="4" bytes="288" bytesdiscarded="0" />
  <memory-copied type="other" objects="7" bytes="160" bytesdiscarded="0" />
  <memory-cardclean objects="29" bytes="1184" />
  <regions eden="24" other="2" />
  <remembered-set-cleared processed="102915" cleared="29" durationms="0.759" />
  <stringconstants candidates="13684" cleared="0"  />
</gc-op>
<gc-op id="2416" type="classunload" timems="0.004" contextid="2412" timestamp="2019-06-16T00:36:29.137">
  <classunload-info classloadercandidates="53" classloadersunloaded="0" classesunloaded="0" anonymousclassesunloaded="0" quiescems="0.000" setupms="0.004" scanms="0.000" postms="0.000" />
</gc-op>
<gc-end id="2417" type="partial gc" contextid="2412" durationms="2.887" usertimems="4.000" systemtimems="0.000" timestamp="2019-06-16T00:36:29.138" activeThreads="1">
  <mem-info id="2418" free="47185920" total="78643200" percent="60">
    <mem type="eden" free="1048288" total="1048576" percent="99" />
    <remembered-set count="105472" freebytes="2717312" totalbytes="3139200" percent="86" regionsoverflowed="0" regionsstable="1" regionsrebuilding="16"/>
  </mem-info>
</gc-end>
<cycle-end id="2419" type="partial gc" contextid="2412" timestamp="2019-06-16T00:36:29.138" />
  <attribute name="elasticGC enabled" value="1" />
  <attribute name= "numThreadsSpecified" value="1" />
  <attribute name="heapSize specified" value="0" />
  <attribute name="Current GC Util" value="80" />
  <attribute name= "Current Time Running" value="18801" />
  <attribute name ="GC Interval" value="0" />
  <attribute name="ProportionalT" value="90.000000" />
  <attribute name="ProportionalI" value="90.000000" />
  <attribute name="ProportionalH" value="90.000000" />
  <attribute name="Current Error" value="60.000000" />
  <attribute name="IntegralT" value="0.000000" />
  <attribute name="IntegralI" value="0.000000" />
  <attribute name="IntegralH" value="0.000000" />
  <attribute name="DerivativeT" value="inf" />
  <attribute name="DerivativeI" value="inf" />
  <attribute name="DerivativeH" value="inf" />
  <attribute name="Loop Time for DT" value="0.000000" />
  <attribute name="Output H" value="8388608"/>
  <attribute name="Output I" value="200"/>
  <attribute name="Output T" value="1"/>
  <attribute name="Target GC Util Change" value ="20.000000" />
  <attribute name="Current GC Util Change" value="80.000000"/>
  <attribute name="GC Util currently" value="80" />
  <attribute name="CPU Util currently" value="19285106061100" />
<exclusive-end id="2420" timestamp="2019-06-16T00:36:29.138" durationms="3.912" />

<exclusive-start id="2421" timestamp="2019-06-16T00:36:29.149" intervalms="14.687">
  <response-info timems="0.091" idlems="0.091" threads="0" lastid="0000000001627700" lastname="main" />
</exclusive-start>
<allocation-taxation id="2422" taxation-threshold="12582912" timestamp="2019-06-16T00:36:29.149" intervalms="14.738" />
<gc-start id="2423" type="global mark phase" contextid="2217" timestamp="2019-06-16T00:36:29.149">
  <mem-info id="2424" free="34603008" total="78643200" percent="44">
    <remembered-set count="105088" freebytes="2718848" totalbytes="3139200" percent="86" regionsoverflowed="0" regionsstable="1" regionsrebuilding="16"/>
  </mem-info>
</gc-start>
<gc-end id="2425" type="global mark phase" contextid="2217" durationms="0.137" usertimems="0.000" systemtimems="0.000" timestamp="2019-06-16T00:36:29.149" activeThreads="1">
  <mem-info id="2426" free="34603008" total="78643200" percent="44">
    <remembered-set count="105088" freebytes="2718848" totalbytes="3139200" percent="86" regionsoverflowed="0" regionsstable="1" regionsrebuilding="16"/>
  </mem-info>
</gc-end>
<concurrent-start id="2427" type="GMP work packet processing" contextid="2217" timestamp="2019-06-16T00:36:29.149">
  <concurrent-mark-start scanTarget="1048576" />
</concurrent-start>
<exclusive-end id="2428" timestamp="2019-06-16T00:36:29.150" durationms="0.851" />

<concurrent-end id="2429" type="GMP work packet processing" contextid="2217" timestamp="2019-06-16T00:36:29.150">
  <concurrent-mark-end bytesScanned="118904" reasonForTermination="Completed all work in GC phase" />
</concurrent-end>

<exclusive-start id="2430" timestamp="2019-06-16T00:36:29.407" intervalms="258.406">
  <response-info timems="0.036" idlems="0.036" threads="0" lastid="0000000001627700" lastname="main" />
</exclusive-start>
<allocation-taxation id="2431" taxation-threshold="12582912" timestamp="2019-06-16T00:36:29.407" intervalms="258.421" />
<cycle-start id="2432" type="partial gc" contextid="0" timestamp="2019-06-16T00:36:29.408" intervalms="273.177" />
<gc-start id="2433" type="partial gc" contextid="2432" timestamp="2019-06-16T00:36:29.408">
  <mem-info id="2434" free="22020096" total="78643200" percent="28">
    <mem type="eden" free="1048288" total="26214400" percent="3" />
    <remembered-set count="107200" freebytes="2710400" totalbytes="3139200" percent="86" regionsoverflowed="0" regionsstable="1" regionsrebuilding="16"/>
  </mem-info>
</gc-start>
<allocation-stats totalBytes="25137432" >
  <allocated-bytes non-tlh="25864" tlh="25111568" arrayletleaf="0"/>
  <largest-consumer threadName="main" threadId="0000000001627700" bytes="12563672" />
</allocation-stats>
<gc-op id="2435" type="copy forward" timems="2.010" contextid="2432" timestamp="2019-06-16T00:36:29.411">
  <memory-copied type="eden" objects="1403" bytes="103024" bytesdiscarded="0" />
  <memory-copied type="other" objects="0" bytes="0" bytesdiscarded="0" />
  <memory-cardclean objects="540" bytes="38072" />
  <regions eden="24" other="1" />
  <remembered-set-cleared processed="105030" cleared="128" durationms="0.761" />
  <references type="soft" candidates="16" cleared="0" enqueued="0" dynamicThreshold="14" maxThreshold="32" />
  <references type="weak" candidates="62" cleared="0" enqueued="0" />
  <stringconstants candidates="13726" cleared="0"  />
</gc-op>
<gc-op id="2436" type="classunload" timems="0.004" contextid="2432" timestamp="2019-06-16T00:36:29.411">
  <classunload-info classloadercandidates="53" classloadersunloaded="0" classesunloaded="0" anonymousclassesunloaded="0" quiescems="0.000" setupms="0.004" scanms="0.000" postms="0.000" />
</gc-op>
<heap-resize id="2437" type="contract" space="default" amount="4194304" count="1" timems="0.053" reason="insufficient time being spent in gc" timestamp="2019-06-16T00:36:29.411" />
<gc-end id="2438" type="partial gc" contextid="2432" durationms="3.090" usertimems="4.000" systemtimems="0.000" timestamp="2019-06-16T00:36:29.411" activeThreads="1">
  <mem-info id="2439" free="42991616" total="74448896" percent="57">
    <mem type="eden" free="945512" total="1048576" percent="90" />
    <remembered-set count="107520" freebytes="2709120" totalbytes="3139200" percent="86" regionsoverflowed="0" regionsstable="1" regionsrebuilding="16"/>
  </mem-info>
</gc-end>
<cycle-end id="2440" type="partial gc" contextid="2432" timestamp="2019-06-16T00:36:29.411" />
  <attribute name="elasticGC enabled" value="1" />
  <attribute name= "numThreadsSpecified" value="1" />
  <attribute name="heapSize specified" value="0" />
  <attribute name="Current GC Util" value="100" />
  <attribute name= "Current Time Running" value="19074" />
  <attribute name ="GC Interval" value="0" />
  <attribute name="ProportionalT" value="120.000000" />
  <attribute name="ProportionalI" value="120.000000" />
  <attribute name="ProportionalH" value="120.000000" />
  <attribute name="Current Error" value="80.000000" />
  <attribute name="IntegralT" value="0.000000" />
  <attribute name="IntegralI" value="0.000000" />
  <attribute name="IntegralH" value="0.000000" />
  <attribute name="DerivativeT" value="inf" />
  <attribute name="DerivativeI" value="inf" />
  <attribute name="DerivativeH" value="inf" />
  <attribute name="Loop Time for DT" value="0.000000" />
  <attribute name="Output H" value="8388608"/>
  <attribute name="Output I" value="200"/>
  <attribute name="Output T" value="1"/>
  <attribute name="Target GC Util Change" value ="20.000000" />
  <attribute name="Current GC Util Change" value="100.000000"/>
  <attribute name="GC Util currently" value="100" />
  <attribute name="CPU Util currently" value="22067911696148" />
<exclusive-end id="2441" timestamp="2019-06-16T00:36:29.411" durationms="4.158" />

<exclusive-start id="2442" timestamp="2019-06-16T00:36:29.446" intervalms="39.136">
  <response-info timems="0.104" idlems="0.104" threads="0" lastid="0000000001627700" lastname="main" />
</exclusive-start>
<allocation-taxation id="2443" taxation-threshold="12582912" timestamp="2019-06-16T00:36:29.447" intervalms="39.123" />
<gc-start id="2444" type="global mark phase" contextid="2217" timestamp="2019-06-16T00:36:29.447">
  <mem-info id="2445" free="30408704" total="74448896" percent="40">
    <remembered-set count="107264" freebytes="2710144" totalbytes="3139200" percent="86" regionsoverflowed="0" regionsstable="1" regionsrebuilding="16"/>
  </mem-info>
</gc-start>
<gc-op id="2446" type="mark increment" timems="3.885" contextid="2217" timestamp="2019-06-16T00:36:29.451">
  <trace-info objectcount="1411" scancount="930" scanbytes="256620" />
  <cardclean-info objects="186007" bytes="4087616" />
  <finalization candidates="80" enqueued="0" />
  <ownableSynchronizers candidates="21" cleared="0" />
  <references type="soft" candidates="3654" cleared="0" enqueued="0" dynamicThreshold="18" maxThreshold="32" />
  <references type="weak" candidates="5679" cleared="10" enqueued="7" />
  <references type="phantom" candidates="101" cleared="0" enqueued="0" />
  <stringconstants candidates="13726" cleared="10"  />
</gc-op>
<gc-op id="2447" type="classunload" timems="0.008" contextid="2217" timestamp="2019-06-16T00:36:29.451">
  <classunload-info classloadercandidates="53" classloadersunloaded="0" classesunloaded="0" anonymousclassesunloaded="0" quiescems="0.000" setupms="0.008" scanms="0.000" postms="0.000" />
</gc-op>
<gc-end id="2448" type="global mark phase" contextid="2217" durationms="4.420" usertimems="16.000" systemtimems="0.000" timestamp="2019-06-16T00:36:29.451" activeThreads="4">
  <mem-info id="2449" free="30408704" total="74448896" percent="40">
    <pending-finalizers system="0" default="0" reference="7" classloader="0" />
    <remembered-set count="116480" freebytes="2673280" totalbytes="3139200" percent="85" regionsoverflowed="0" regionsstable="1" regionsrebuilding="0"/>
  </mem-info>
</gc-end>
<cycle-end id="2450" type="global mark phase" contextid="2217" timestamp="2019-06-16T00:36:29.451" />
  <attribute name="elasticGC enabled" value="1" />
  <attribute name= "numThreadsSpecified" value="4" />
  <attribute name="heapSize specified" value="0" />
  <attribute name="Current GC Util" value="105" />
  <attribute name= "Current Time Running" value="19116" />
  <attribute name ="GC Interval" value="0" />
  <attribute name="ProportionalT" value="127.500000" />
  <attribute name="ProportionalI" value="127.500000" />
  <attribute name="ProportionalH" value="127.500000" />
  <attribute name="Current Error" value="85.000000" />
  <attribute name="IntegralT" value="85.000000" />
  <attribute name="IntegralI" value="85.000000" />
  <attribute name="IntegralH" value="85.000000" />
  <attribute name="DerivativeT" value="-39.500000" />
  <attribute name="DerivativeI" value="-39.500000" />
  <attribute name="DerivativeH" value="-39.500000" />
  <attribute name="Loop Time for DT" value="1.000000" />
  <attribute name="Output H" value="8388608"/>
  <attribute name="Output I" value="200"/>
  <attribute name="Output T" value="4"/>
  <attribute name="Target GC Util Change" value ="20.000000" />
  <attribute name="Current GC Util Change" value="105.000000"/>
  <attribute name="GC Util currently" value="105" />
  <attribute name="CPU Util currently" value="14133659777051" />
<exclusive-end id="2451" timestamp="2019-06-16T00:36:29.452" durationms="5.254" />

<exclusive-start id="2452" timestamp="2019-06-16T00:36:29.477" intervalms="30.502">
  <response-info timems="0.070" idlems="0.070" threads="0" lastid="0000000001627700" lastname="main" />
</exclusive-start>
<allocation-taxation id="2453" taxation-threshold="12582912" timestamp="2019-06-16T00:36:29.477" intervalms="30.501" />
<cycle-start id="2454" type="partial gc" contextid="0" timestamp="2019-06-16T00:36:29.477" intervalms="69.606" />
<gc-start id="2455" type="partial gc" contextid="2454" timestamp="2019-06-16T00:36:29.478">
  <mem-info id="2456" free="17825792" total="74448896" percent="23">
    <mem type="eden" free="0" total="25165824" percent="0" />
    <remembered-set count="94784" freebytes="2760064" totalbytes="3139200" percent="87" regionsoverflowed="0" regionsstable="11" regionsrebuilding="0"/>
  </mem-info>
</gc-start>
<allocation-stats totalBytes="25123552" >
  <allocated-bytes non-tlh="0" tlh="25123552" arrayletleaf="0"/>
  <largest-consumer threadName="main" threadId="0000000001627700" bytes="12562352" />
</allocation-stats>
<gc-op id="2457" type="sweep" timems="0.630" contextid="2454" timestamp="2019-06-16T00:36:29.479" />
<gc-op id="2458" type="copy forward" timems="3.515" contextid="2454" timestamp="2019-06-16T00:36:29.483">
  <memory-copied type="eden" objects="4" bytes="296" bytesdiscarded="0" />
  <memory-copied type="other" objects="1372" bytes="101848" bytesdiscarded="11040" />
  <memory-cardclean objects="49726" bytes="2065776" />
  <regions eden="12" other="2" />
  <remembered-set-cleared processed="79066" cleared="13207" durationms="0.527" />
  <references type="soft" candidates="16" cleared="0" enqueued="0" dynamicThreshold="13" maxThreshold="32" />
  <references type="weak" candidates="52" cleared="0" enqueued="0" />
  <stringconstants candidates="13716" cleared="0"  />
</gc-op>
<gc-op id="2459" type="classunload" timems="0.006" contextid="2454" timestamp="2019-06-16T00:36:29.483">
  <classunload-info classloadercandidates="53" classloadersunloaded="0" classesunloaded="0" anonymousclassesunloaded="0" quiescems="0.000" setupms="0.005" scanms="0.000" postms="0.000" />
</gc-op>
<heap-resize id="2460" type="contract" space="default" amount="4194304" count="1" timems="0.090" reason="insufficient time being spent in gc" timestamp="2019-06-16T00:36:29.483" />
<gc-end id="2461" type="partial gc" contextid="2454" durationms="5.786" usertimems="16.000" systemtimems="0.000" timestamp="2019-06-16T00:36:29.483" activeThreads="4">
  <mem-info id="2462" free="37748736" total="70254592" percent="53">
    <mem type="eden" free="1048280" total="1048576" percent="99" />
    <remembered-set count="75808" freebytes="2668544" totalbytes="2971776" percent="89" regionsoverflowed="0" regionsstable="11" regionsrebuilding="0"/>
  </mem-info>
</gc-end>
<cycle-end id="2463" type="partial gc" contextid="2454" timestamp="2019-06-16T00:36:29.484" />
  <attribute name="elasticGC enabled" value="1" />
  <attribute name= "numThreadsSpecified" value="4" />
  <attribute name="heapSize specified" value="0" />
  <attribute name="Current GC Util" value="55" />
  <attribute name= "Current Time Running" value="19145" />
  <attribute name ="GC Interval" value="0" />
  <attribute name="ProportionalT" value="52.500000" />
  <attribute name="ProportionalI" value="52.500000" />
  <attribute name="ProportionalH" value="52.500000" />
  <attribute name="Current Error" value="35.000000" />
  <attribute name="IntegralT" value="0.000000" />
  <attribute name="IntegralI" value="0.000000" />
  <attribute name="IntegralH" value="0.000000" />
  <attribute name="DerivativeT" value="-inf" />
  <attribute name="DerivativeI" value="-inf" />
  <attribute name="DerivativeH" value="-inf" />
  <attribute name="Loop Time for DT" value="0.000000" />
  <attribute name="Output H" value="2091843584"/>
  <attribute name="Output I" value="200"/>
  <attribute name="Output T" value="4"/>
  <attribute name="Target GC Util Change" value ="20.000000" />
  <attribute name="Current GC Util Change" value="55.000000"/>
  <attribute name="GC Util currently" value="55" />
  <attribute name="CPU Util currently" value="11399122470225" />
<exclusive-end id="2464" timestamp="2019-06-16T00:36:29.484" durationms="6.962" />

<exclusive-start id="2465" timestamp="2019-06-16T00:36:29.527" intervalms="49.692">
  <response-info timems="0.117" idlems="0.117" threads="0" lastid="0000000001627700" lastname="main" />
</exclusive-start>
<allocation-taxation id="2466" taxation-threshold="24117248" timestamp="2019-06-16T00:36:29.527" intervalms="49.674" />
<cycle-start id="2467" type="partial gc" contextid="0" timestamp="2019-06-16T00:36:29.527" intervalms="49.734" />
<gc-start id="2468" type="partial gc" contextid="2467" timestamp="2019-06-16T00:36:29.527">
  <mem-info id="2469" free="13631488" total="70254592" percent="19">
    <mem type="eden" free="1048280" total="25165824" percent="4" />
    <remembered-set count="51840" freebytes="2764416" totalbytes="2971776" percent="93" regionsoverflowed="0" regionsstable="13" regionsrebuilding="0"/>
  </mem-info>
</gc-start>
<allocation-stats totalBytes="24076664" >
  <allocated-bytes non-tlh="0" tlh="24076664" arrayletleaf="0"/>
  <largest-consumer threadName="main" threadId="0000000001627700" bytes="24076664" />
</allocation-stats>
<gc-op id="2470" type="copy forward" timems="1.322" contextid="2467" timestamp="2019-06-16T00:36:29.530">
  <memory-copied type="eden" objects="1" bytes="32" bytesdiscarded="0" />
  <memory-copied type="other" objects="35" bytes="800" bytesdiscarded="0" />
  <memory-cardclean objects="77" bytes="3232" />
  <regions eden="23" other="6" />
  <remembered-set-cleared processed="50132" cleared="33" durationms="0.430" />
  <stringconstants candidates="13716" cleared="0"  />
</gc-op>
<gc-op id="2471" type="classunload" timems="0.005" contextid="2467" timestamp="2019-06-16T00:36:29.530">
  <classunload-info classloadercandidates="53" classloadersunloaded="0" classesunloaded="0" anonymousclassesunloaded="0" quiescems="0.000" setupms="0.005" scanms="0.000" postms="0.000" />
</gc-op>
<heap-resize id="2472" type="expand" space="default" amount="3145728" count="1" timems="0.063" reason="excessive time being spent in gc" timestamp="2019-06-16T00:36:29.530" />
<gc-end id="2473" type="partial gc" contextid="2467" durationms="2.914" usertimems="4.000" systemtimems="0.000" timestamp="2019-06-16T00:36:29.530" activeThreads="1">
  <mem-info id="2474" free="44040192" total="73400320" percent="60">
    <mem type="eden" free="1048544" total="1048576" percent="99" />
    <remembered-set count="51104" freebytes="2725504" totalbytes="2929920" percent="93" regionsoverflowed="0" regionsstable="13" regionsrebuilding="0"/>
  </mem-info>
</gc-end>
<cycle-end id="2475" type="partial gc" contextid="2467" timestamp="2019-06-16T00:36:29.530" />
  <attribute name="elasticGC enabled" value="1" />
  <attribute name= "numThreadsSpecified" value="1" />
  <attribute name="heapSize specified" value="0" />
  <attribute name="Current GC Util" value="38" />
  <attribute name= "Current Time Running" value="19194" />
  <attribute name ="GC Interval" value="0" />
  <attribute name="ProportionalT" value="27.000000" />
  <attribute name="ProportionalI" value="27.000000" />
  <attribute name="ProportionalH" value="27.000000" />
  <attribute name="Current Error" value="18.000000" />
  <attribute name="IntegralT" value="0.000000" />
  <attribute name="IntegralI" value="0.000000" />
  <attribute name="IntegralH" value="0.000000" />
  <attribute name="DerivativeT" value="inf" />
  <attribute name="DerivativeI" value="inf" />
  <attribute name="DerivativeH" value="inf" />
  <attribute name="Loop Time for DT" value="0.000000" />
  <attribute name="Output H" value="8388608"/>
  <attribute name="Output I" value="200"/>
  <attribute name="Output T" value="1"/>
  <attribute name="Target GC Util Change" value ="20.000000" />
  <attribute name="Current GC Util Change" value="38.000000"/>
  <attribute name="GC Util currently" value="38" />
  <attribute name="CPU Util currently" value="10592688851697" />
<exclusive-end id="2476" timestamp="2019-06-16T00:36:29.531" durationms="4.123" />

<exclusive-start id="2477" timestamp="2019-06-16T00:36:29.666" intervalms="138.966">
  <response-info timems="0.071" idlems="0.071" threads="0" lastid="0000000001627700" lastname="main" />
</exclusive-start>
<allocation-taxation id="2478" taxation-threshold="25165824" timestamp="2019-06-16T00:36:29.666" intervalms="139.050" />
<cycle-start id="2479" type="partial gc" contextid="0" timestamp="2019-06-16T00:36:29.666" intervalms="139.023" />
<gc-start id="2480" type="partial gc" contextid="2479" timestamp="2019-06-16T00:36:29.666">
  <mem-info id="2481" free="18874368" total="73400320" percent="25">
    <mem type="eden" free="1048544" total="26214400" percent="3" />
    <remembered-set count="50752" freebytes="2726912" totalbytes="2929920" percent="93" regionsoverflowed="0" regionsstable="13" regionsrebuilding="0"/>
  </mem-info>
</gc-start>
<allocation-stats totalBytes="25143104" >
  <allocated-bytes non-tlh="0" tlh="25143104" arrayletleaf="0"/>
  <largest-consumer threadName="main" threadId="0000000001627700" bytes="25143104" />
</allocation-stats>
<gc-op id="2482" type="copy forward" timems="1.363" contextid="2479" timestamp="2019-06-16T00:36:29.669">
  <memory-copied type="eden" objects="43" bytes="1320" bytesdiscarded="0" />
  <memory-copied type="other" objects="37" bytes="864" bytesdiscarded="384" />
  <memory-cardclean objects="139" bytes="13600" />
  <regions eden="24" other="3" />
  <remembered-set-cleared processed="50127" cleared="53" durationms="0.477" />
  <references type="weak" candidates="18" cleared="0" enqueued="0" />
  <stringconstants candidates="13716" cleared="0"  />
</gc-op>
<gc-op id="2483" type="classunload" timems="0.004" contextid="2479" timestamp="2019-06-16T00:36:29.669">
  <classunload-info classloadercandidates="53" classloadersunloaded="0" classesunloaded="0" anonymousclassesunloaded="0" quiescems="0.000" setupms="0.004" scanms="0.000" postms="0.000" />
</gc-op>
<gc-end id="2484" type="partial gc" contextid="2479" durationms="2.620" usertimems="4.000" systemtimems="0.000" timestamp="2019-06-16T00:36:29.669" activeThreads="1">
  <mem-info id="2485" free="45088768" total="73400320" percent="61">
    <mem type="eden" free="1047256" total="1048576" percent="99" />
    <remembered-set count="50944" freebytes="2726144" totalbytes="2929920" percent="93" regionsoverflowed="0" regionsstable="13" regionsrebuilding="0"/>
  </mem-info>
</gc-end>
<cycle-end id="2486" type="partial gc" contextid="2479" timestamp="2019-06-16T00:36:29.669" />
  <attribute name="elasticGC enabled" value="1" />
  <attribute name= "numThreadsSpecified" value="1" />
  <attribute name="heapSize specified" value="0" />
  <attribute name="Current GC Util" value="86" />
  <attribute name= "Current Time Running" value="19333" />
  <attribute name ="GC Interval" value="0" />
  <attribute name="ProportionalT" value="99.000000" />
  <attribute name="ProportionalI" value="99.000000" />
  <attribute name="ProportionalH" value="99.000000" />
  <attribute name="Current Error" value="66.000000" />
  <attribute name="IntegralT" value="0.000000" />
  <attribute name="IntegralI" value="0.000000" />
  <attribute name="IntegralH" value="0.000000" />
  <attribute name="DerivativeT" value="inf" />
  <attribute name="DerivativeI" value="inf" />
  <attribute name="DerivativeH" value="inf" />
  <attribute name="Loop Time for DT" value="0.000000" />
  <attribute name="Output H" value="8388608"/>
  <attribute name="Output I" value="200"/>
  <attribute name="Output T" value="1"/>
  <attribute name="Target GC Util Change" value ="20.000000" />
  <attribute name="Current GC Util Change" value="86.000000"/>
  <attribute name="GC Util currently" value="86" />
  <attribute name="CPU Util currently" value="16118633044905" />
<exclusive-end id="2487" timestamp="2019-06-16T00:36:29.669" durationms="3.941" />

<exclusive-start id="2488" timestamp="2019-06-16T00:36:29.887" intervalms="221.342">
  <response-info timems="0.037" idlems="0.037" threads="0" lastid="0000000001627700" lastname="main" />
</exclusive-start>
<allocation-taxation id="2489" taxation-threshold="25165824" timestamp="2019-06-16T00:36:29.887" intervalms="221.285" />
<cycle-start id="2490" type="partial gc" contextid="0" timestamp="2019-06-16T00:36:29.887" intervalms="221.284" />
<gc-start id="2491" type="partial gc" contextid="2490" timestamp="2019-06-16T00:36:29.888">
  <mem-info id="2492" free="19922944" total="73400320" percent="27">
    <mem type="eden" free="0" total="25165824" percent="0" />
    <remembered-set count="50688" freebytes="2727168" totalbytes="2929920" percent="93" regionsoverflowed="0" regionsstable="13" regionsrebuilding="0"/>
  </mem-info>
</gc-start>
<allocation-stats totalBytes="25163208" >
  <allocated-bytes non-tlh="0" tlh="25163208" arrayletleaf="0"/>
  <largest-consumer threadName="main" threadId="0000000001627700" bytes="25163208" />
</allocation-stats>
<gc-op id="2493" type="copy forward" timems="1.240" contextid="2490" timestamp="2019-06-16T00:36:29.890">
  <memory-copied type="eden" objects="45" bytes="1576" bytesdiscarded="0" />
  <memory-copied type="other" objects="29" bytes="792" bytesdiscarded="0" />
  <memory-cardclean objects="110" bytes="12680" />
  <regions eden="24" other="2" />
  <remembered-set-cleared processed="50124" cleared="43" durationms="0.434" />
  <references type="weak" candidates="32" cleared="0" enqueued="0" />
  <stringconstants candidates="13716" cleared="0"  />
</gc-op>
<gc-op id="2494" type="classunload" timems="0.005" contextid="2490" timestamp="2019-06-16T00:36:29.890">
  <classunload-info classloadercandidates="53" classloadersunloaded="0" classesunloaded="0" anonymousclassesunloaded="0" quiescems="0.000" setupms="0.004" scanms="0.000" postms="0.000" />
</gc-op>
<gc-end id="2495" type="partial gc" contextid="2490" durationms="2.374" usertimems="4.000" systemtimems="0.000" timestamp="2019-06-16T00:36:29.890" activeThreads="1">
  <mem-info id="2496" free="44040192" total="73400320" percent="60">
    <mem type="eden" free="1047000" total="1048576" percent="99" />
    <remembered-set count="51104" freebytes="2725504" totalbytes="2929920" percent="93" regionsoverflowed="0" regionsstable="13" regionsrebuilding="0"/>
  </mem-info>
</gc-end>
<cycle-end id="2497" type="partial gc" contextid="2490" timestamp="2019-06-16T00:36:29.890" />
  <attribute name="elasticGC enabled" value="1" />
  <attribute name= "numThreadsSpecified" value="1" />
  <attribute name="heapSize specified" value="0" />
  <attribute name="Current GC Util" value="69" />
  <attribute name= "Current Time Running" value="19554" />
  <attribute name ="GC Interval" value="0" />
  <attribute name="ProportionalT" value="73.500000" />
  <attribute name="ProportionalI" value="73.500000" />
  <attribute name="ProportionalH" value="73.500000" />
  <attribute name="Current Error" value="49.000000" />
  <attribute name="IntegralT" value="0.000000" />
  <attribute name="IntegralI" value="0.000000" />
  <attribute name="IntegralH" value="0.000000" />
  <attribute name="DerivativeT" value="inf" />
  <attribute name="DerivativeI" value="inf" />
  <attribute name="DerivativeH" value="inf" />
  <attribute name="Loop Time for DT" value="0.000000" />
  <attribute name="Output H" value="8388608"/>
  <attribute name="Output I" value="200"/>
  <attribute name="Output T" value="1"/>
  <attribute name="Target GC Util Change" value ="20.000000" />
  <attribute name="Current GC Util Change" value="69.000000"/>
  <attribute name="GC Util currently" value="69" />
  <attribute name="CPU Util currently" value="18942896266119" />
<exclusive-end id="2498" timestamp="2019-06-16T00:36:29.890" durationms="3.524" />

<exclusive-start id="2499" timestamp="2019-06-16T00:36:30.004" intervalms="117.232">
  <response-info timems="0.078" idlems="0.078" threads="0" lastid="0000000001627700" lastname="main" />
</exclusive-start>
<allocation-taxation id="2500" taxation-threshold="25165824" timestamp="2019-06-16T00:36:30.004" intervalms="117.253" />
<cycle-start id="2501" type="partial gc" contextid="0" timestamp="2019-06-16T00:36:30.005" intervalms="117.278" />
<gc-start id="2502" type="partial gc" contextid="2501" timestamp="2019-06-16T00:36:30.005">
  <mem-info id="2503" free="18874368" total="73400320" percent="25">
    <mem type="eden" free="0" total="25165824" percent="0" />
    <remembered-set count="50720" freebytes="2727040" totalbytes="2929920" percent="93" regionsoverflowed="0" regionsstable="13" regionsrebuilding="0"/>
  </mem-info>
</gc-start>
<allocation-stats totalBytes="25161424" >
  <allocated-bytes non-tlh="0" tlh="25161424" arrayletleaf="0"/>
  <largest-consumer threadName="main" threadId="0000000001627700" bytes="25161424" />
</allocation-stats>
<gc-op id="2504" type="copy forward" timems="1.549" contextid="2501" timestamp="2019-06-16T00:36:30.007">
  <memory-copied type="eden" objects="5" bytes="240" bytesdiscarded="0" />
  <memory-copied type="other" objects="53" bytes="1584" bytesdiscarded="192" />
  <memory-cardclean objects="67" bytes="10944" />
  <regions eden="24" other="2" />
  <remembered-set-cleared processed="50127" cleared="45" durationms="0.405" />
  <references type="weak" candidates="18" cleared="0" enqueued="0" />
  <stringconstants candidates="13716" cleared="0"  />
</gc-op>
<gc-op id="2505" type="classunload" timems="0.004" contextid="2501" timestamp="2019-06-16T00:36:30.007">
  <classunload-info classloadercandidates="53" classloadersunloaded="0" classesunloaded="0" anonymousclassesunloaded="0" quiescems="0.000" setupms="0.004" scanms="0.000" postms="0.000" />
</gc-op>
<heap-resize id="2506" type="contract" space="default" amount="4194304" count="1" timems="0.110" reason="insufficient time being spent in gc" timestamp="2019-06-16T00:36:30.008" />
<gc-end id="2507" type="partial gc" contextid="2501" durationms="2.919" usertimems="0.000" systemtimems="4.000" timestamp="2019-06-16T00:36:30.008" activeThreads="4">
  <mem-info id="2508" free="38797312" total="69206016" percent="56">
    <mem type="eden" free="1048336" total="1048576" percent="99" />
    <remembered-set count="52032" freebytes="2721792" totalbytes="2929920" percent="92" regionsoverflowed="0" regionsstable="13" regionsrebuilding="0"/>
  </mem-info>
</gc-end>
<cycle-end id="2509" type="partial gc" contextid="2501" timestamp="2019-06-16T00:36:30.008" />
  <attribute name="elasticGC enabled" value="1" />
  <attribute name= "numThreadsSpecified" value="4" />
  <attribute name="heapSize specified" value="0" />
  <attribute name="Current GC Util" value="76" />
  <attribute name= "Current Time Running" value="19672" />
  <attribute name ="GC Interval" value="0" />
  <attribute name="ProportionalT" value="84.000000" />
  <attribute name="ProportionalI" value="84.000000" />
  <attribute name="ProportionalH" value="84.000000" />
  <attribute name="Current Error" value="56.000000" />
  <attribute name="IntegralT" value="56.000000" />
  <attribute name="IntegralI" value="56.000000" />
  <attribute name="IntegralH" value="56.000000" />
  <attribute name="DerivativeT" value="28.000000" />
  <attribute name="DerivativeI" value="28.000000" />
  <attribute name="DerivativeH" value="28.000000" />
  <attribute name="Loop Time for DT" value="1.000000" />
  <attribute name="Output H" value="8388608"/>
  <attribute name="Output I" value="200"/>
  <attribute name="Output T" value="4"/>
  <attribute name="Target GC Util Change" value ="20.000000" />
  <attribute name="Current GC Util Change" value="76.000000"/>
  <attribute name="GC Util currently" value="76" />
  <attribute name="CPU Util currently" value="18378669335657" />
<exclusive-end id="2510" timestamp="2019-06-16T00:36:30.008" durationms="4.159" />

<exclusive-start id="2511" timestamp="2019-06-16T00:36:30.062" intervalms="57.429">
  <response-info timems="0.085" idlems="0.085" threads="0" lastid="0000000001627700" lastname="main" />
</exclusive-start>
<allocation-taxation id="2512" taxation-threshold="24117248" timestamp="2019-06-16T00:36:30.062" intervalms="57.409" />
<cycle-start id="2513" type="partial gc" contextid="0" timestamp="2019-06-16T00:36:30.062" intervalms="57.314" />
<gc-start id="2514" type="partial gc" contextid="2513" timestamp="2019-06-16T00:36:30.062">
  <mem-info id="2515" free="14680064" total="69206016" percent="21">
    <mem type="eden" free="1048336" total="25165824" percent="4" />
    <remembered-set count="51648" freebytes="2723328" totalbytes="2929920" percent="92" regionsoverflowed="0" regionsstable="13" regionsrebuilding="0"/>
  </mem-info>
</gc-start>
<allocation-stats totalBytes="24112736" >
  <allocated-bytes non-tlh="0" tlh="24112736" arrayletleaf="0"/>
  <largest-consumer threadName="main" threadId="0000000001627700" bytes="24112736" />
</allocation-stats>
<gc-op id="2516" type="copy forward" timems="1.798" contextid="2513" timestamp="2019-06-16T00:36:30.065">
  <memory-copied type="eden" objects="3" bytes="120" bytesdiscarded="0" />
  <memory-copied type="other" objects="21" bytes="608" bytesdiscarded="0" />
  <memory-cardclean objects="81" bytes="11488" />
  <regions eden="23" other="2" />
  <remembered-set-cleared processed="50116" cleared="32" durationms="0.348" />
  <references type="weak" candidates="14" cleared="0" enqueued="0" />
  <stringconstants candidates="13716" cleared="0"  />
</gc-op>
<gc-op id="2517" type="classunload" timems="0.005" contextid="2513" timestamp="2019-06-16T00:36:30.065">
  <classunload-info classloadercandidates="53" classloadersunloaded="0" classesunloaded="0" anonymousclassesunloaded="0" quiescems="0.000" setupms="0.005" scanms="0.000" postms="0.000" />
</gc-op>
<heap-resize id="2518" type="contract" space="default" amount="4194304" count="1" timems="0.178" reason="insufficient time being spent in gc" timestamp="2019-06-16T00:36:30.065" />
<gc-end id="2519" type="partial gc" contextid="2513" durationms="3.263" usertimems="4.000" systemtimems="0.000" timestamp="2019-06-16T00:36:30.065" activeThreads="4">
  <mem-info id="2520" free="34603008" total="65011712" percent="53">
    <mem type="eden" free="1048456" total="1048576" percent="99" />
    <remembered-set count="52032" freebytes="2554368" totalbytes="2762496" percent="92" regionsoverflowed="0" regionsstable="13" regionsrebuilding="0"/>
  </mem-info>
</gc-end>
<cycle-end id="2521" type="partial gc" contextid="2513" timestamp="2019-06-16T00:36:30.066" />
  <attribute name="elasticGC enabled" value="1" />
  <attribute name= "numThreadsSpecified" value="4" />
  <attribute name="heapSize specified" value="0" />
  <attribute name="Current GC Util" value="54" />
  <attribute name= "Current Time Running" value="19729" />
  <attribute name ="GC Interval" value="0" />
  <attribute name="ProportionalT" value="51.000000" />
  <attribute name="ProportionalI" value="51.000000" />
  <attribute name="ProportionalH" value="51.000000" />
  <attribute name="Current Error" value="34.000000" />
  <attribute name="IntegralT" value="34.000000" />
  <attribute name="IntegralI" value="34.000000" />
  <attribute name="IntegralH" value="34.000000" />
  <attribute name="DerivativeT" value="17.000000" />
  <attribute name="DerivativeI" value="17.000000" />
  <attribute name="DerivativeH" value="17.000000" />
  <attribute name="Loop Time for DT" value="1.000000" />
  <attribute name="Output H" value="8388608"/>
  <attribute name="Output I" value="200"/>
  <attribute name="Output T" value="4"/>
  <attribute name="Target GC Util Change" value ="20.000000" />
  <attribute name="Current GC Util Change" value="54.000000"/>
  <attribute name="GC Util currently" value="54" />
  <attribute name="CPU Util currently" value="10444051856074" />
<exclusive-end id="2522" timestamp="2019-06-16T00:36:30.066" durationms="4.366" />

<exclusive-start id="2523" timestamp="2019-06-16T00:36:30.114" intervalms="52.147">
  <response-info timems="0.071" idlems="0.071" threads="0" lastid="0000000001627700" lastname="main" />
</exclusive-start>
<allocation-taxation id="2524" taxation-threshold="23068672" timestamp="2019-06-16T00:36:30.114" intervalms="52.172" />
<cycle-start id="2525" type="partial gc" contextid="0" timestamp="2019-06-16T00:36:30.114" intervalms="52.176" />
<gc-start id="2526" type="partial gc" contextid="2525" timestamp="2019-06-16T00:36:30.114">
  <mem-info id="2527" free="11534336" total="65011712" percent="17">
    <mem type="eden" free="1048456" total="24117248" percent="4" />
    <remembered-set count="51744" freebytes="2555520" totalbytes="2762496" percent="92" regionsoverflowed="0" regionsstable="13" regionsrebuilding="0"/>
  </mem-info>
</gc-start>
<allocation-stats totalBytes="23064400" >
  <allocated-bytes non-tlh="0" tlh="23064400" arrayletleaf="0"/>
  <largest-consumer threadName="main" threadId="0000000001627700" bytes="23064400" />
</allocation-stats>
<gc-op id="2528" type="copy forward" timems="4.844" contextid="2525" timestamp="2019-06-16T00:36:30.120">
  <memory-copied type="eden" objects="2" bytes="40" bytesdiscarded="0" />
  <memory-copied type="other" objects="29907" bytes="653144" bytesdiscarded="320" />
  <memory-cardclean objects="27057" bytes="987800" />
  <regions eden="22" other="3" />
  <remembered-set-cleared processed="45989" cleared="3302" durationms="0.504" />
  <references type="weak" candidates="4" cleared="0" enqueued="0" />
  <stringconstants candidates="13716" cleared="0"  />
</gc-op>
<gc-op id="2529" type="classunload" timems="0.006" contextid="2525" timestamp="2019-06-16T00:36:30.120">
  <classunload-info classloadercandidates="53" classloadersunloaded="0" classesunloaded="0" anonymousclassesunloaded="0" quiescems="0.000" setupms="0.006" scanms="0.000" postms="0.000" />
</gc-op>
<gc-end id="2530" type="partial gc" contextid="2525" durationms="6.152" usertimems="8.000" systemtimems="0.000" timestamp="2019-06-16T00:36:30.121" activeThreads="1">
  <mem-info id="2531" free="36700160" total="65011712" percent="56">
    <mem type="eden" free="1048536" total="1048576" percent="99" />
    <remembered-set count="47104" freebytes="2406656" totalbytes="2595072" percent="92" regionsoverflowed="0" regionsstable="13" regionsrebuilding="0"/>
  </mem-info>
</gc-end>
<cycle-end id="2532" type="partial gc" contextid="2525" timestamp="2019-06-16T00:36:30.121" />
  <attribute name="elasticGC enabled" value="1" />
  <attribute name= "numThreadsSpecified" value="1" />
  <attribute name="heapSize specified" value="0" />
  <attribute name="Current GC Util" value="44" />
  <attribute name= "Current Time Running" value="19781" />
  <attribute name ="GC Interval" value="0" />
  <attribute name="ProportionalT" value="36.000000" />
  <attribute name="ProportionalI" value="36.000000" />
  <attribute name="ProportionalH" value="36.000000" />
  <attribute name="Current Error" value="24.000000" />
  <attribute name="IntegralT" value="0.000000" />
  <attribute name="IntegralI" value="0.000000" />
  <attribute name="IntegralH" value="0.000000" />
  <attribute name="DerivativeT" value="inf" />
  <attribute name="DerivativeI" value="inf" />
  <attribute name="DerivativeH" value="inf" />
  <attribute name="Loop Time for DT" value="0.000000" />
  <attribute name="Output H" value="8388608"/>
  <attribute name="Output I" value="200"/>
  <attribute name="Output T" value="1"/>
  <attribute name="Target GC Util Change" value ="20.000000" />
  <attribute name="Current GC Util Change" value="44.000000"/>
  <attribute name="GC Util currently" value="44" />
  <attribute name="CPU Util currently" value="10621061122506" />
<exclusive-end id="2533" timestamp="2019-06-16T00:36:30.121" durationms="7.313" />

<exclusive-start id="2534" timestamp="2019-06-16T00:36:30.145" intervalms="31.753">
  <response-info timems="0.067" idlems="0.067" threads="0" lastid="0000000001627700" lastname="main" />
</exclusive-start>
<allocation-taxation id="2535" taxation-threshold="11534336" timestamp="2019-06-16T00:36:30.146" intervalms="31.737" />
<cycle-start id="2536" type="global mark phase" contextid="0" timestamp="2019-06-16T00:36:30.146" intervalms="1426.372" />
<gc-start id="2537" type="global mark phase" contextid="2536" timestamp="2019-06-16T00:36:30.146">
  <mem-info id="2538" free="25165824" total="65011712" percent="38">
    <remembered-set count="46656" freebytes="2408448" totalbytes="2595072" percent="92" regionsoverflowed="0" regionsstable="13" regionsrebuilding="0"/>
  </mem-info>
</gc-start>
<gc-op id="2539" type="mark increment" timems="1.551" contextid="2536" timestamp="2019-06-16T00:36:30.148">
  <trace-info objectcount="21632" scancount="6698" scanbytes="275036" />
</gc-op>
<gc-end id="2540" type="global mark phase" contextid="2536" durationms="1.881" usertimems="4.000" systemtimems="0.000" timestamp="2019-06-16T00:36:30.148" activeThreads="4">
  <mem-info id="2541" free="25165824" total="65011712" percent="38">
    <remembered-set count="49728" freebytes="2396160" totalbytes="2595072" percent="92" regionsoverflowed="0" regionsstable="0" regionsrebuilding="13"/>
  </mem-info>
</gc-end>
<concurrent-start id="2542" type="GMP work packet processing" contextid="2536" timestamp="2019-06-16T00:36:30.148">
  <concurrent-mark-start scanTarget="1453775" />
</concurrent-start>
<exclusive-end id="2543" timestamp="2019-06-16T00:36:30.149" durationms="3.724" />

<concurrent-end id="2544" type="GMP work packet processing" contextid="2536" timestamp="2019-06-16T00:36:30.149">
  <concurrent-mark-end bytesScanned="1532020" reasonForTermination="Work target met" />
</concurrent-end>

<exclusive-start id="2545" timestamp="2019-06-16T00:36:30.173" intervalms="27.792">
  <response-info timems="0.076" idlems="0.076" threads="0" lastid="0000000001627700" lastname="main" />
</exclusive-start>
<allocation-taxation id="2546" taxation-threshold="11534336" timestamp="2019-06-16T00:36:30.173" intervalms="27.685" />
<cycle-start id="2547" type="partial gc" contextid="0" timestamp="2019-06-16T00:36:30.173" intervalms="59.418" />
<gc-start id="2548" type="partial gc" contextid="2547" timestamp="2019-06-16T00:36:30.174">
  <mem-info id="2549" free="13631488" total="65011712" percent="20">
    <mem type="eden" free="1048536" total="24117248" percent="4" />
    <remembered-set count="56224" freebytes="2370176" totalbytes="2595072" percent="91" regionsoverflowed="0" regionsstable="0" regionsrebuilding="13"/>
  </mem-info>
</gc-start>
<allocation-stats totalBytes="23064176" >
  <allocated-bytes non-tlh="0" tlh="23064176" arrayletleaf="0"/>
  <largest-consumer threadName="main" threadId="0000000001627700" bytes="11532496" />
</allocation-stats>
<gc-op id="2550" type="copy forward" timems="1.570" contextid="2547" timestamp="2019-06-16T00:36:30.176">
  <memory-copied type="eden" objects="4" bytes="200" bytesdiscarded="0" />
  <memory-copied type="other" objects="0" bytes="0" bytesdiscarded="0" />
  <memory-cardclean objects="25" bytes="1096" />
  <regions eden="22" other="1" />
  <remembered-set-cleared processed="54365" cleared="23" durationms="0.466" />
  <stringconstants candidates="13716" cleared="0"  />
</gc-op>
<gc-op id="2551" type="classunload" timems="0.004" contextid="2547" timestamp="2019-06-16T00:36:30.176">
  <classunload-info classloadercandidates="53" classloadersunloaded="0" classesunloaded="0" anonymousclassesunloaded="0" quiescems="0.000" setupms="0.003" scanms="0.000" postms="0.000" />
</gc-op>
<heap-resize id="2552" type="expand" space="default" amount="6291456" count="1" timems="0.068" reason="excessive time being spent in gc" timestamp="2019-06-16T00:36:30.176" />
<gc-end id="2553" type="partial gc" contextid="2547" durationms="2.959" usertimems="4.000" systemtimems="0.000" timestamp="2019-06-16T00:36:30.177" activeThreads="1">
  <mem-info id="2554" free="42991616" total="71303168" percent="60">
    <mem type="eden" free="1048376" total="1048576" percent="99" />
    <remembered-set count="56672" freebytes="2619520" totalbytes="2846208" percent="92" regionsoverflowed="0" regionsstable="0" regionsrebuilding="13"/>
  </mem-info>
</gc-end>
<cycle-end id="2555" type="partial gc" contextid="2547" timestamp="2019-06-16T00:36:30.177" />
  <attribute name="elasticGC enabled" value="1" />
  <attribute name= "numThreadsSpecified" value="1" />
  <attribute name="heapSize specified" value="0" />
  <attribute name="Current GC Util" value="58" />
  <attribute name= "Current Time Running" value="19840" />
  <attribute name ="GC Interval" value="0" />
  <attribute name="ProportionalT" value="57.000000" />
  <attribute name="ProportionalI" value="57.000000" />
  <attribute name="ProportionalH" value="57.000000" />
  <attribute name="Current Error" value="38.000000" />
  <attribute name="IntegralT" value="0.000000" />
  <attribute name="IntegralI" value="0.000000" />
  <attribute name="IntegralH" value="0.000000" />
  <attribute name="DerivativeT" value="inf" />
  <attribute name="DerivativeI" value="inf" />
  <attribute name="DerivativeH" value="inf" />
  <attribute name="Loop Time for DT" value="0.000000" />
  <attribute name="Output H" value="8388608"/>
  <attribute name="Output I" value="200"/>
  <attribute name="Output T" value="1"/>
  <attribute name="Target GC Util Change" value ="20.000000" />
  <attribute name="Current GC Util Change" value="58.000000"/>
  <attribute name="GC Util currently" value="58" />
  <attribute name="CPU Util currently" value="15261235679046" />
<exclusive-end id="2556" timestamp="2019-06-16T00:36:30.177" durationms="3.853" />

<exclusive-start id="2557" timestamp="2019-06-16T00:36:30.201" intervalms="27.896">
  <response-info timems="0.074" idlems="0.074" threads="0" lastid="0000000001627700" lastname="main" />
</exclusive-start>
<allocation-taxation id="2558" taxation-threshold="11534336" timestamp="2019-06-16T00:36:30.201" intervalms="27.954" />
<gc-start id="2559" type="global mark phase" contextid="2536" timestamp="2019-06-16T00:36:30.201">
  <mem-info id="2560" free="31457280" total="71303168" percent="44">
    <remembered-set count="56224" freebytes="2621312" totalbytes="2846208" percent="92" regionsoverflowed="0" regionsstable="0" regionsrebuilding="13"/>
  </mem-info>
</gc-start>
<gc-end id="2561" type="global mark phase" contextid="2536" durationms="0.124" usertimems="0.000" systemtimems="0.000" timestamp="2019-06-16T00:36:30.202" activeThreads="1">
  <mem-info id="2562" free="31457280" total="71303168" percent="44">
    <remembered-set count="56224" freebytes="2621312" totalbytes="2846208" percent="92" regionsoverflowed="0" regionsstable="0" regionsrebuilding="13"/>
  </mem-info>
</gc-end>
<concurrent-start id="2563" type="GMP work packet processing" contextid="2536" timestamp="2019-06-16T00:36:30.202">
  <concurrent-mark-start scanTarget="1048576" />
</concurrent-start>
<exclusive-end id="2564" timestamp="2019-06-16T00:36:30.203" durationms="1.417" />

<concurrent-end id="2565" type="GMP work packet processing" contextid="2536" timestamp="2019-06-16T00:36:30.203">
  <concurrent-mark-end bytesScanned="1093144" reasonForTermination="Work target met" />
</concurrent-end>

<exclusive-start id="2566" timestamp="2019-06-16T00:36:30.227" intervalms="25.383">
  <response-info timems="0.077" idlems="0.077" threads="0" lastid="0000000001627700" lastname="main" />
</exclusive-start>
<allocation-taxation id="2567" taxation-threshold="11534336" timestamp="2019-06-16T00:36:30.227" intervalms="25.323" />
<cycle-start id="2568" type="partial gc" contextid="0" timestamp="2019-06-16T00:36:30.227" intervalms="53.244" />
<gc-start id="2569" type="partial gc" contextid="2568" timestamp="2019-06-16T00:36:30.227">
  <mem-info id="2570" free="19922944" total="71303168" percent="27">
    <mem type="eden" free="1048376" total="24117248" percent="4" />
    <remembered-set count="59840" freebytes="2606848" totalbytes="2846208" percent="91" regionsoverflowed="0" regionsstable="0" regionsrebuilding="13"/>
  </mem-info>
</gc-start>
<allocation-stats totalBytes="23064416" >
  <allocated-bytes non-tlh="0" tlh="23064416" arrayletleaf="0"/>
  <largest-consumer threadName="main" threadId="0000000001627700" bytes="11532224" />
</allocation-stats>
<gc-op id="2571" type="copy forward" timems="1.867" contextid="2568" timestamp="2019-06-16T00:36:30.230">
  <memory-copied type="eden" objects="3" bytes="120" bytesdiscarded="0" />
  <memory-copied type="other" objects="0" bytes="0" bytesdiscarded="0" />
  <memory-cardclean objects="25" bytes="1096" />
  <regions eden="22" other="1" />
  <remembered-set-cleared processed="58106" cleared="15" durationms="0.345" />
  <stringconstants candidates="13716" cleared="0"  />
</gc-op>
<gc-op id="2572" type="classunload" timems="0.003" contextid="2568" timestamp="2019-06-16T00:36:30.230">
  <classunload-info classloadercandidates="53" classloadersunloaded="0" classesunloaded="0" anonymousclassesunloaded="0" quiescems="0.000" setupms="0.003" scanms="0.000" postms="0.000" />
</gc-op>
<gc-end id="2573" type="partial gc" contextid="2568" durationms="3.003" usertimems="0.000" systemtimems="4.000" timestamp="2019-06-16T00:36:30.230" activeThreads="4">
  <mem-info id="2574" free="42991616" total="71303168" percent="60">
    <mem type="eden" free="1048456" total="1048576" percent="99" />
    <remembered-set count="60800" freebytes="2603008" totalbytes="2846208" percent="91" regionsoverflowed="0" regionsstable="0" regionsrebuilding="13"/>
  </mem-info>
</gc-end>
<cycle-end id="2575" type="partial gc" contextid="2568" timestamp="2019-06-16T00:36:30.230" />
  <attribute name="elasticGC enabled" value="1" />
  <attribute name= "numThreadsSpecified" value="4" />
  <attribute name="heapSize specified" value="0" />
  <attribute name="Current GC Util" value="71" />
  <attribute name= "Current Time Running" value="19894" />
  <attribute name ="GC Interval" value="0" />
  <attribute name="ProportionalT" value="76.500000" />
  <attribute name="ProportionalI" value="76.500000" />
  <attribute name="ProportionalH" value="76.500000" />
  <attribute name="Current Error" value="51.000000" />
  <attribute name="IntegralT" value="51.000000" />
  <attribute name="IntegralI" value="51.000000" />
  <attribute name="IntegralH" value="51.000000" />
  <attribute name="DerivativeT" value="25.500000" />
  <attribute name="DerivativeI" value="25.500000" />
  <attribute name="DerivativeH" value="25.500000" />
  <attribute name="Loop Time for DT" value="1.000000" />
  <attribute name="Output H" value="8388608"/>
  <attribute name="Output I" value="200"/>
  <attribute name="Output T" value="4"/>
  <attribute name="Target GC Util Change" value ="20.000000" />
  <attribute name="Current GC Util Change" value="71.000000"/>
  <attribute name="GC Util currently" value="71" />
  <attribute name="CPU Util currently" value="18136821912493" />
<exclusive-end id="2576" timestamp="2019-06-16T00:36:30.230" durationms="3.770" />

<exclusive-start id="2577" timestamp="2019-06-16T00:36:30.254" intervalms="27.801">
  <response-info timems="0.077" idlems="0.077" threads="0" lastid="0000000001627700" lastname="main" />
</exclusive-start>
<allocation-taxation id="2578" taxation-threshold="11534336" timestamp="2019-06-16T00:36:30.254" intervalms="27.863" />
<gc-start id="2579" type="global mark phase" contextid="2536" timestamp="2019-06-16T00:36:30.255">
  <mem-info id="2580" free="31457280" total="71303168" percent="44">
    <remembered-set count="60320" freebytes="2604928" totalbytes="2846208" percent="91" regionsoverflowed="0" regionsstable="0" regionsrebuilding="13"/>
  </mem-info>
</gc-start>
<gc-end id="2581" type="global mark phase" contextid="2536" durationms="0.164" usertimems="0.000" systemtimems="0.000" timestamp="2019-06-16T00:36:30.255" activeThreads="4">
  <mem-info id="2582" free="31457280" total="71303168" percent="44">
    <remembered-set count="60320" freebytes="2604928" totalbytes="2846208" percent="91" regionsoverflowed="0" regionsstable="0" regionsrebuilding="13"/>
  </mem-info>
</gc-end>
<concurrent-start id="2583" type="GMP work packet processing" contextid="2536" timestamp="2019-06-16T00:36:30.255">
  <concurrent-mark-start scanTarget="1453775" />
</concurrent-start>
<exclusive-end id="2584" timestamp="2019-06-16T00:36:30.255" durationms="0.803" />

<concurrent-end id="2585" type="GMP work packet processing" contextid="2536" timestamp="2019-06-16T00:36:30.256">
  <concurrent-mark-end bytesScanned="1502140" reasonForTermination="Work target met" />
</concurrent-end>

<exclusive-start id="2586" timestamp="2019-06-16T00:36:30.280" intervalms="25.534">
  <response-info timems="0.078" idlems="0.078" threads="0" lastid="0000000001627700" lastname="main" />
</exclusive-start>
<allocation-taxation id="2587" taxation-threshold="11534336" timestamp="2019-06-16T00:36:30.280" intervalms="25.464" />
<cycle-start id="2588" type="partial gc" contextid="0" timestamp="2019-06-16T00:36:30.280" intervalms="53.366" />
<gc-start id="2589" type="partial gc" contextid="2588" timestamp="2019-06-16T00:36:30.280">
  <mem-info id="2590" free="19922944" total="71303168" percent="27">
    <mem type="eden" free="1048456" total="24117248" percent="4" />
    <remembered-set count="68960" freebytes="2570368" totalbytes="2846208" percent="90" regionsoverflowed="0" regionsstable="0" regionsrebuilding="13"/>
  </mem-info>
</gc-start>
<allocation-stats totalBytes="23064136" >
  <allocated-bytes non-tlh="0" tlh="23064136" arrayletleaf="0"/>
  <largest-consumer threadName="main" threadId="0000000001627700" bytes="11532504" />
</allocation-stats>
<gc-op id="2591" type="copy forward" timems="1.514" contextid="2588" timestamp="2019-06-16T00:36:30.283">
  <memory-copied type="eden" objects="5" bytes="240" bytesdiscarded="0" />
  <memory-copied type="other" objects="0" bytes="0" bytesdiscarded="0" />
  <memory-cardclean objects="25" bytes="1096" />
  <regions eden="22" other="1" />
  <remembered-set-cleared processed="67045" cleared="15" durationms="0.539" />
  <stringconstants candidates="13716" cleared="0"  />
</gc-op>
<gc-op id="2592" type="classunload" timems="0.003" contextid="2588" timestamp="2019-06-16T00:36:30.283">
  <classunload-info classloadercandidates="53" classloadersunloaded="0" classesunloaded="0" anonymousclassesunloaded="0" quiescems="0.000" setupms="0.003" scanms="0.000" postms="0.000" />
</gc-op>
<gc-end id="2593" type="partial gc" contextid="2588" durationms="2.507" usertimems="4.000" systemtimems="0.000" timestamp="2019-06-16T00:36:30.283" activeThreads="1">
  <mem-info id="2594" free="42991616" total="71303168" percent="60">
    <mem type="eden" free="1048336" total="1048576" percent="99" />
    <remembered-set count="69344" freebytes="2568832" totalbytes="2846208" percent="90" regionsoverflowed="0" regionsstable="0" regionsrebuilding="13"/>
  </mem-info>
</gc-end>
<cycle-end id="2595" type="partial gc" contextid="2588" timestamp="2019-06-16T00:36:30.283" />
  <attribute name="elasticGC enabled" value="1" />
  <attribute name= "numThreadsSpecified" value="1" />
  <attribute name="heapSize specified" value="0" />
  <attribute name="Current GC Util" value="50" />
  <attribute name= "Current Time Running" value="19947" />
  <attribute name ="GC Interval" value="0" />
  <attribute name="ProportionalT" value="45.000000" />
  <attribute name="ProportionalI" value="45.000000" />
  <attribute name="ProportionalH" value="45.000000" />
  <attribute name="Current Error" value="30.000000" />
  <attribute name="IntegralT" value="0.000000" />
  <attribute name="IntegralI" value="0.000000" />
  <attribute name="IntegralH" value="0.000000" />
  <attribute name="DerivativeT" value="inf" />
  <attribute name="DerivativeI" value="inf" />
  <attribute name="DerivativeH" value="inf" />
  <attribute name="Loop Time for DT" value="0.000000" />
  <attribute name="Output H" value="8388608"/>
  <attribute name="Output I" value="200"/>
  <attribute name="Output T" value="1"/>
  <attribute name="Target GC Util Change" value ="20.000000" />
  <attribute name="Current GC Util Change" value="50.000000"/>
  <attribute name="GC Util currently" value="50" />
  <attribute name="CPU Util currently" value="17075891364881" />
<exclusive-end id="2596" timestamp="2019-06-16T00:36:30.283" durationms="3.370" />

<exclusive-start id="2597" timestamp="2019-06-16T00:36:30.307" intervalms="27.429">
  <response-info timems="0.082" idlems="0.082" threads="0" lastid="0000000001627700" lastname="main" />
</exclusive-start>
<allocation-taxation id="2598" taxation-threshold="11534336" timestamp="2019-06-16T00:36:30.307" intervalms="27.497" />
<gc-start id="2599" type="global mark phase" contextid="2536" timestamp="2019-06-16T00:36:30.308">
  <mem-info id="2600" free="31457280" total="71303168" percent="44">
    <remembered-set count="68864" freebytes="2570752" totalbytes="2846208" percent="90" regionsoverflowed="0" regionsstable="0" regionsrebuilding="13"/>
  </mem-info>
</gc-start>
<gc-end id="2601" type="global mark phase" contextid="2536" durationms="0.214" usertimems="0.000" systemtimems="0.000" timestamp="2019-06-16T00:36:30.308" activeThreads="1">
  <mem-info id="2602" free="31457280" total="71303168" percent="44">
    <remembered-set count="68864" freebytes="2570752" totalbytes="2846208" percent="90" regionsoverflowed="0" regionsstable="0" regionsrebuilding="13"/>
  </mem-info>
</gc-end>
<concurrent-start id="2603" type="GMP work packet processing" contextid="2536" timestamp="2019-06-16T00:36:30.308">
  <concurrent-mark-start scanTarget="1048576" />
</concurrent-start>
<exclusive-end id="2604" timestamp="2019-06-16T00:36:30.308" durationms="0.915" />

<concurrent-end id="2605" type="GMP work packet processing" contextid="2536" timestamp="2019-06-16T00:36:30.309">
  <concurrent-mark-end bytesScanned="1102456" reasonForTermination="Work target met" />
</concurrent-end>

<exclusive-start id="2606" timestamp="2019-06-16T00:36:30.333" intervalms="25.436">
  <response-info timems="0.074" idlems="0.074" threads="0" lastid="0000000001627700" lastname="main" />
</exclusive-start>
<allocation-taxation id="2607" taxation-threshold="11534336" timestamp="2019-06-16T00:36:30.333" intervalms="25.370" />
<cycle-start id="2608" type="partial gc" contextid="0" timestamp="2019-06-16T00:36:30.333" intervalms="52.863" />
<gc-start id="2609" type="partial gc" contextid="2608" timestamp="2019-06-16T00:36:30.333">
  <mem-info id="2610" free="19922944" total="71303168" percent="27">
    <mem type="eden" free="1048336" total="24117248" percent="4" />
    <remembered-set count="74848" freebytes="2546816" totalbytes="2846208" percent="89" regionsoverflowed="0" regionsstable="0" regionsrebuilding="13"/>
  </mem-info>
</gc-start>
<allocation-stats totalBytes="23064376" >
  <allocated-bytes non-tlh="0" tlh="23064376" arrayletleaf="0"/>
  <largest-consumer threadName="main" threadId="0000000001627700" bytes="11532144" />
</allocation-stats>
<gc-op id="2611" type="copy forward" timems="1.517" contextid="2608" timestamp="2019-06-16T00:36:30.335">
  <memory-copied type="eden" objects="3" bytes="120" bytesdiscarded="0" />
  <memory-copied type="other" objects="0" bytes="0" bytesdiscarded="0" />
  <memory-cardclean objects="25" bytes="1096" />
  <regions eden="22" other="1" />
  <remembered-set-cleared processed="72815" cleared="16" durationms="0.545" />
  <stringconstants candidates="13716" cleared="0"  />
</gc-op>
<gc-op id="2612" type="classunload" timems="0.004" contextid="2608" timestamp="2019-06-16T00:36:30.336">
  <classunload-info classloadercandidates="53" classloadersunloaded="0" classesunloaded="0" anonymousclassesunloaded="0" quiescems="0.000" setupms="0.004" scanms="0.000" postms="0.000" />
</gc-op>
<gc-end id="2613" type="partial gc" contextid="2608" durationms="2.750" usertimems="0.000" systemtimems="0.000" timestamp="2019-06-16T00:36:30.336" activeThreads="1">
  <mem-info id="2614" free="42991616" total="71303168" percent="60">
    <mem type="eden" free="1048456" total="1048576" percent="99" />
    <remembered-set count="75328" freebytes="2544896" totalbytes="2846208" percent="89" regionsoverflowed="0" regionsstable="0" regionsrebuilding="13"/>
  </mem-info>
</gc-end>
<cycle-end id="2615" type="partial gc" contextid="2608" timestamp="2019-06-16T00:36:30.336" />
  <attribute name="elasticGC enabled" value="1" />
  <attribute name= "numThreadsSpecified" value="1" />
  <attribute name="heapSize specified" value="0" />
  <attribute name="Current GC Util" value="72" />
  <attribute name= "Current Time Running" value="20000" />
  <attribute name ="GC Interval" value="0" />
  <attribute name="ProportionalT" value="78.000000" />
  <attribute name="ProportionalI" value="78.000000" />
  <attribute name="ProportionalH" value="78.000000" />
  <attribute name="Current Error" value="52.000000" />
  <attribute name="IntegralT" value="0.000000" />
  <attribute name="IntegralI" value="0.000000" />
  <attribute name="IntegralH" value="0.000000" />
  <attribute name="DerivativeT" value="inf" />
  <attribute name="DerivativeI" value="inf" />
  <attribute name="DerivativeH" value="inf" />
  <attribute name="Loop Time for DT" value="0.000000" />
  <attribute name="Output H" value="8388608"/>
  <attribute name="Output I" value="200"/>
  <attribute name="Output T" value="1"/>
  <attribute name="Target GC Util Change" value ="20.000000" />
  <attribute name="Current GC Util Change" value="72.000000"/>
  <attribute name="GC Util currently" value="72" />
  <attribute name="CPU Util currently" value="18800340731698" />
<exclusive-end id="2616" timestamp="2019-06-16T00:36:30.336" durationms="3.629" />

<exclusive-start id="2617" timestamp="2019-06-16T00:36:30.359" intervalms="26.392">
  <response-info timems="0.081" idlems="0.081" threads="0" lastid="0000000001627700" lastname="main" />
</exclusive-start>
<allocation-taxation id="2618" taxation-threshold="11534336" timestamp="2019-06-16T00:36:30.359" intervalms="26.475" />
<gc-start id="2619" type="global mark phase" contextid="2536" timestamp="2019-06-16T00:36:30.360">
  <mem-info id="2620" free="31457280" total="71303168" percent="44">
    <remembered-set count="74848" freebytes="2546816" totalbytes="2846208" percent="89" regionsoverflowed="0" regionsstable="0" regionsrebuilding="13"/>
  </mem-info>
</gc-start>
<gc-end id="2621" type="global mark phase" contextid="2536" durationms="0.133" usertimems="0.000" systemtimems="0.000" timestamp="2019-06-16T00:36:30.360" activeThreads="1">
  <mem-info id="2622" free="31457280" total="71303168" percent="44">
    <remembered-set count="74848" freebytes="2546816" totalbytes="2846208" percent="89" regionsoverflowed="0" regionsstable="0" regionsrebuilding="13"/>
  </mem-info>
</gc-end>
<concurrent-start id="2623" type="GMP work packet processing" contextid="2536" timestamp="2019-06-16T00:36:30.360">
  <concurrent-mark-start scanTarget="1048576" />
</concurrent-start>
<exclusive-end id="2624" timestamp="2019-06-16T00:36:30.361" durationms="1.527" />

<concurrent-end id="2625" type="GMP work packet processing" contextid="2536" timestamp="2019-06-16T00:36:30.361">
  <concurrent-mark-end bytesScanned="1090568" reasonForTermination="Work target met" />
</concurrent-end>

<exclusive-start id="2626" timestamp="2019-06-16T00:36:30.383" intervalms="24.029">
  <response-info timems="0.089" idlems="0.089" threads="0" lastid="0000000001627700" lastname="main" />
</exclusive-start>
<allocation-taxation id="2627" taxation-threshold="11534336" timestamp="2019-06-16T00:36:30.383" intervalms="24.012" />
<cycle-start id="2628" type="partial gc" contextid="0" timestamp="2019-06-16T00:36:30.384" intervalms="50.589" />
<gc-start id="2629" type="partial gc" contextid="2628" timestamp="2019-06-16T00:36:30.384">
  <mem-info id="2630" free="19922944" total="71303168" percent="27">
    <mem type="eden" free="1048456" total="24117248" percent="4" />
    <remembered-set count="78080" freebytes="2533888" totalbytes="2846208" percent="89" regionsoverflowed="0" regionsstable="0" regionsrebuilding="13"/>
  </mem-info>
</gc-start>
<allocation-stats totalBytes="23064144" >
  <allocated-bytes non-tlh="0" tlh="23064144" arrayletleaf="0"/>
  <largest-consumer threadName="main" threadId="0000000001627700" bytes="11532448" />
</allocation-stats>
<gc-op id="2631" type="copy forward" timems="1.517" contextid="2628" timestamp="2019-06-16T00:36:30.386">
  <memory-copied type="eden" objects="5" bytes="240" bytesdiscarded="0" />
  <memory-copied type="other" objects="0" bytes="0" bytesdiscarded="0" />
  <memory-cardclean objects="25" bytes="1096" />
  <regions eden="22" other="1" />
  <remembered-set-cleared processed="75519" cleared="15" durationms="0.584" />
  <stringconstants candidates="13716" cleared="0"  />
</gc-op>
<gc-op id="2632" type="classunload" timems="0.003" contextid="2628" timestamp="2019-06-16T00:36:30.386">
  <classunload-info classloadercandidates="53" classloadersunloaded="0" classesunloaded="0" anonymousclassesunloaded="0" quiescems="0.000" setupms="0.003" scanms="0.000" postms="0.000" />
</gc-op>
<gc-end id="2633" type="partial gc" contextid="2628" durationms="2.632" usertimems="4.000" systemtimems="0.000" timestamp="2019-06-16T00:36:30.386" activeThreads="1">
  <mem-info id="2634" free="42991616" total="71303168" percent="60">
    <mem type="eden" free="1048336" total="1048576" percent="99" />
    <remembered-set count="78560" freebytes="2531968" totalbytes="2846208" percent="88" regionsoverflowed="0" regionsstable="0" regionsrebuilding="13"/>
  </mem-info>
</gc-end>
<cycle-end id="2635" type="partial gc" contextid="2628" timestamp="2019-06-16T00:36:30.387" />
  <attribute name="elasticGC enabled" value="1" />
  <attribute name= "numThreadsSpecified" value="1" />
  <attribute name="heapSize specified" value="0" />
  <attribute name="Current GC Util" value="74" />
  <attribute name= "Current Time Running" value="20050" />
  <attribute name ="GC Interval" value="0" />
  <attribute name="ProportionalT" value="81.000000" />
  <attribute name="ProportionalI" value="81.000000" />
  <attribute name="ProportionalH" value="81.000000" />
  <attribute name="Current Error" value="54.000000" />
  <attribute name="IntegralT" value="0.000000" />
  <attribute name="IntegralI" value="0.000000" />
  <attribute name="IntegralH" value="0.000000" />
  <attribute name="DerivativeT" value="inf" />
  <attribute name="DerivativeI" value="inf" />
  <attribute name="DerivativeH" value="inf" />
  <attribute name="Loop Time for DT" value="0.000000" />
  <attribute name="Output H" value="8388608"/>
  <attribute name="Output I" value="200"/>
  <attribute name="Output T" value="1"/>
  <attribute name="Target GC Util Change" value ="20.000000" />
  <attribute name="Current GC Util Change" value="74.000000"/>
  <attribute name="GC Util currently" value="74" />
  <attribute name="CPU Util currently" value="18852448617021" />
<exclusive-end id="2636" timestamp="2019-06-16T00:36:30.387" durationms="3.737" />

<exclusive-start id="2637" timestamp="2019-06-16T00:36:30.409" intervalms="25.779">
  <response-info timems="0.071" idlems="0.071" threads="0" lastid="0000000001627700" lastname="main" />
</exclusive-start>
<allocation-taxation id="2638" taxation-threshold="11534336" timestamp="2019-06-16T00:36:30.409" intervalms="25.718" />
<gc-start id="2639" type="global mark phase" contextid="2536" timestamp="2019-06-16T00:36:30.409">
  <mem-info id="2640" free="31457280" total="71303168" percent="44">
    <remembered-set count="78112" freebytes="2533760" totalbytes="2846208" percent="89" regionsoverflowed="0" regionsstable="0" regionsrebuilding="13"/>
  </mem-info>
</gc-start>
<gc-end id="2641" type="global mark phase" contextid="2536" durationms="0.130" usertimems="0.000" systemtimems="0.000" timestamp="2019-06-16T00:36:30.409" activeThreads="1">
  <mem-info id="2642" free="31457280" total="71303168" percent="44">
    <remembered-set count="78112" freebytes="2533760" totalbytes="2846208" percent="89" regionsoverflowed="0" regionsstable="0" regionsrebuilding="13"/>
  </mem-info>
</gc-end>
<concurrent-start id="2643" type="GMP work packet processing" contextid="2536" timestamp="2019-06-16T00:36:30.409">
  <concurrent-mark-start scanTarget="1048576" />
</concurrent-start>
<exclusive-end id="2644" timestamp="2019-06-16T00:36:30.410" durationms="0.653" />

<concurrent-end id="2645" type="GMP work packet processing" contextid="2536" timestamp="2019-06-16T00:36:30.410">
  <concurrent-mark-end bytesScanned="1094716" reasonForTermination="Work target met" />
</concurrent-end>

<exclusive-start id="2646" timestamp="2019-06-16T00:36:30.420" intervalms="10.724">
  <response-info timems="0.083" idlems="0.083" threads="0" lastid="0000000001627700" lastname="main" />
</exclusive-start>
<allocation-taxation id="2647" taxation-threshold="11534336" timestamp="2019-06-16T00:36:30.420" intervalms="10.735" />
<cycle-start id="2648" type="partial gc" contextid="0" timestamp="2019-06-16T00:36:30.420" intervalms="36.370" />
<gc-start id="2649" type="partial gc" contextid="2648" timestamp="2019-06-16T00:36:30.420">
  <mem-info id="2650" free="19922944" total="71303168" percent="27">
    <mem type="eden" free="1048336" total="24117248" percent="4" />
    <remembered-set count="79712" freebytes="2527360" totalbytes="2846208" percent="88" regionsoverflowed="0" regionsstable="0" regionsrebuilding="13"/>
  </mem-info>
</gc-start>
<allocation-stats totalBytes="23041680" >
  <allocated-bytes non-tlh="0" tlh="23041680" arrayletleaf="0"/>
  <largest-consumer threadName="main" threadId="0000000001627700" bytes="11517688" />
</allocation-stats>
<gc-op id="2651" type="copy forward" timems="1.844" contextid="2648" timestamp="2019-06-16T00:36:30.423">
  <memory-copied type="eden" objects="26" bytes="1320" bytesdiscarded="0" />
  <memory-copied type="other" objects="0" bytes="0" bytesdiscarded="0" />
  <memory-cardclean objects="67" bytes="2616" />
  <regions eden="22" other="1" />
  <remembered-set-cleared processed="77316" cleared="39" durationms="0.368" />
  <stringconstants candidates="13716" cleared="0"  />
</gc-op>
<gc-op id="2652" type="classunload" timems="0.004" contextid="2648" timestamp="2019-06-16T00:36:30.423">
  <classunload-info classloadercandidates="53" classloadersunloaded="0" classesunloaded="0" anonymousclassesunloaded="0" quiescems="0.000" setupms="0.004" scanms="0.000" postms="0.000" />
</gc-op>
<gc-end id="2653" type="partial gc" contextid="2648" durationms="2.960" usertimems="4.000" systemtimems="0.000" timestamp="2019-06-16T00:36:30.423" activeThreads="4">
  <mem-info id="2654" free="42991616" total="71303168" percent="60">
    <mem type="eden" free="1047256" total="1048576" percent="99" />
    <remembered-set count="79136" freebytes="2529664" totalbytes="2846208" percent="88" regionsoverflowed="0" regionsstable="0" regionsrebuilding="13"/>
  </mem-info>
</gc-end>
<cycle-end id="2655" type="partial gc" contextid="2648" timestamp="2019-06-16T00:36:30.423" />
  <attribute name="elasticGC enabled" value="1" />
  <attribute name= "numThreadsSpecified" value="4" />
  <attribute name="heapSize specified" value="0" />
  <attribute name="Current GC Util" value="57" />
  <attribute name= "Current Time Running" value="20087" />
  <attribute name ="GC Interval" value="0" />
  <attribute name="ProportionalT" value="55.500000" />
  <attribute name="ProportionalI" value="55.500000" />
  <attribute name="ProportionalH" value="55.500000" />
  <attribute name="Current Error" value="37.000000" />
  <attribute name="IntegralT" value="37.000000" />
  <attribute name="IntegralI" value="37.000000" />
  <attribute name="IntegralH" value="37.000000" />
  <attribute name="DerivativeT" value="18.500000" />
  <attribute name="DerivativeI" value="18.500000" />
  <attribute name="DerivativeH" value="18.500000" />
  <attribute name="Loop Time for DT" value="1.000000" />
  <attribute name="Output H" value="8388608"/>
  <attribute name="Output I" value="200"/>
  <attribute name="Output T" value="4"/>
  <attribute name="Target GC Util Change" value ="20.000000" />
  <attribute name="Current GC Util Change" value="57.000000"/>
  <attribute name="GC Util currently" value="57" />
  <attribute name="CPU Util currently" value="15177358724754" />
<exclusive-end id="2656" timestamp="2019-06-16T00:36:30.424" durationms="3.933" />

<exclusive-start id="2657" timestamp="2019-06-16T00:36:30.431" intervalms="11.046">
  <response-info timems="0.070" idlems="0.070" threads="0" lastid="0000000001627700" lastname="main" />
</exclusive-start>
<allocation-taxation id="2658" taxation-threshold="11534336" timestamp="2019-06-16T00:36:30.431" intervalms="11.033" />
<gc-start id="2659" type="global mark phase" contextid="2536" timestamp="2019-06-16T00:36:30.431">
  <mem-info id="2660" free="31457280" total="71303168" percent="44">
    <remembered-set count="78720" freebytes="2531328" totalbytes="2846208" percent="88" regionsoverflowed="0" regionsstable="0" regionsrebuilding="13"/>
  </mem-info>
</gc-start>
<gc-end id="2661" type="global mark phase" contextid="2536" durationms="0.231" usertimems="0.000" systemtimems="0.000" timestamp="2019-06-16T00:36:30.431" activeThreads="4">
  <mem-info id="2662" free="31457280" total="71303168" percent="44">
    <remembered-set count="78720" freebytes="2531328" totalbytes="2846208" percent="88" regionsoverflowed="0" regionsstable="0" regionsrebuilding="13"/>
  </mem-info>
</gc-end>
<concurrent-start id="2663" type="GMP work packet processing" contextid="2536" timestamp="2019-06-16T00:36:30.431">
  <concurrent-mark-start scanTarget="1453775" />
</concurrent-start>
<exclusive-end id="2664" timestamp="2019-06-16T00:36:30.432" durationms="1.618" />

<concurrent-end id="2665" type="GMP work packet processing" contextid="2536" timestamp="2019-06-16T00:36:30.432">
  <concurrent-mark-end bytesScanned="1502680" reasonForTermination="Work target met" />
</concurrent-end>

<exclusive-start id="2666" timestamp="2019-06-16T00:36:30.439" intervalms="8.746">
  <response-info timems="0.090" idlems="0.090" threads="0" lastid="0000000001627700" lastname="main" />
</exclusive-start>
<allocation-taxation id="2667" taxation-threshold="11534336" timestamp="2019-06-16T00:36:30.440" intervalms="8.793" />
<cycle-start id="2668" type="partial gc" contextid="0" timestamp="2019-06-16T00:36:30.440" intervalms="19.881" />
<gc-start id="2669" type="partial gc" contextid="2668" timestamp="2019-06-16T00:36:30.440">
  <mem-info id="2670" free="19922944" total="71303168" percent="27">
    <mem type="eden" free="0" total="23068672" percent="0" />
    <remembered-set count="86112" freebytes="2501760" totalbytes="2846208" percent="87" regionsoverflowed="0" regionsstable="0" regionsrebuilding="13"/>
  </mem-info>
</gc-start>
<allocation-stats totalBytes="23037240" >
  <allocated-bytes non-tlh="0" tlh="23037240" arrayletleaf="0"/>
  <largest-consumer threadName="main" threadId="0000000001627700" bytes="11518440" />
</allocation-stats>
<gc-op id="2671" type="copy forward" timems="1.842" contextid="2668" timestamp="2019-06-16T00:36:30.443">
  <memory-copied type="eden" objects="2" bytes="40" bytesdiscarded="752" />
  <memory-copied type="other" objects="23" bytes="1256" bytesdiscarded="488" />
  <memory-cardclean objects="52" bytes="2312" />
  <regions eden="22" other="1" />
  <remembered-set-cleared processed="84115" cleared="39" durationms="0.379" />
  <stringconstants candidates="13716" cleared="0"  />
</gc-op>
<gc-op id="2672" type="classunload" timems="0.004" contextid="2668" timestamp="2019-06-16T00:36:30.443">
  <classunload-info classloadercandidates="53" classloadersunloaded="0" classesunloaded="0" anonymousclassesunloaded="0" quiescems="0.000" setupms="0.004" scanms="0.000" postms="0.000" />
</gc-op>
<heap-resize id="2673" type="expand" space="default" amount="2097152" count="1" timems="0.058" reason="excessive time being spent in gc" timestamp="2019-06-16T00:36:30.443" />
<gc-end id="2674" type="partial gc" contextid="2668" durationms="3.092" usertimems="4.000" systemtimems="0.000" timestamp="2019-06-16T00:36:30.443" activeThreads="4">
  <mem-info id="2675" free="44040192" total="73400320" percent="60">
    <mem type="eden" free="1047784" total="1048576" percent="99" />
    <remembered-set count="86464" freebytes="2584064" totalbytes="2929920" percent="88" regionsoverflowed="0" regionsstable="0" regionsrebuilding="13"/>
  </mem-info>
</gc-end>
<cycle-end id="2676" type="partial gc" contextid="2668" timestamp="2019-06-16T00:36:30.443" />
  <attribute name="elasticGC enabled" value="1" />
  <attribute name= "numThreadsSpecified" value="4" />
  <attribute name="heapSize specified" value="0" />
  <attribute name="Current GC Util" value="62" />
  <attribute name= "Current Time Running" value="20107" />
  <attribute name ="GC Interval" value="0" />
  <attribute name="ProportionalT" value="63.000000" />
  <attribute name="ProportionalI" value="63.000000" />
  <attribute name="ProportionalH" value="63.000000" />
  <attribute name="Current Error" value="42.000000" />
  <attribute name="IntegralT" value="42.000000" />
  <attribute name="IntegralI" value="42.000000" />
  <attribute name="IntegralH" value="42.000000" />
  <attribute name="DerivativeT" value="19.500000" />
  <attribute name="DerivativeI" value="19.500000" />
  <attribute name="DerivativeH" value="19.500000" />
  <attribute name="Loop Time for DT" value="1.000000" />
  <attribute name="Output H" value="8388608"/>
  <attribute name="Output I" value="200"/>
  <attribute name="Output T" value="4"/>
  <attribute name="Target GC Util Change" value ="20.000000" />
  <attribute name="Current GC Util Change" value="62.000000"/>
  <attribute name="GC Util currently" value="62" />
  <attribute name="CPU Util currently" value="19735047845021" />
<exclusive-end id="2677" timestamp="2019-06-16T00:36:30.444" durationms="4.165" />

<exclusive-start id="2678" timestamp="2019-06-16T00:36:30.451" intervalms="11.919">
  <response-info timems="0.077" idlems="0.077" threads="0" lastid="0000000001627700" lastname="main" />
</exclusive-start>
<allocation-taxation id="2679" taxation-threshold="12582912" timestamp="2019-06-16T00:36:30.451" intervalms="11.931" />
<gc-start id="2680" type="global mark phase" contextid="2536" timestamp="2019-06-16T00:36:30.452">
  <mem-info id="2681" free="31457280" total="73400320" percent="42">
    <remembered-set count="86048" freebytes="2585728" totalbytes="2929920" percent="88" regionsoverflowed="0" regionsstable="0" regionsrebuilding="13"/>
  </mem-info>
</gc-start>
<gc-end id="2682" type="global mark phase" contextid="2536" durationms="0.124" usertimems="0.000" systemtimems="0.000" timestamp="2019-06-16T00:36:30.452" activeThreads="4">
  <mem-info id="2683" free="31457280" total="73400320" percent="42">
    <remembered-set count="86048" freebytes="2585728" totalbytes="2929920" percent="88" regionsoverflowed="0" regionsstable="0" regionsrebuilding="13"/>
  </mem-info>
</gc-end>
<concurrent-start id="2684" type="GMP work packet processing" contextid="2536" timestamp="2019-06-16T00:36:30.452">
  <concurrent-mark-start scanTarget="1453775" />
</concurrent-start>
<exclusive-end id="2685" timestamp="2019-06-16T00:36:30.453" durationms="1.536" />

<concurrent-end id="2686" type="GMP work packet processing" contextid="2536" timestamp="2019-06-16T00:36:30.453">
  <concurrent-mark-end bytesScanned="1499016" reasonForTermination="Work target met" />
</concurrent-end>

<exclusive-start id="2687" timestamp="2019-06-16T00:36:30.461" intervalms="9.220">
  <response-info timems="0.080" idlems="0.080" threads="0" lastid="0000000001627700" lastname="main" />
</exclusive-start>
<allocation-taxation id="2688" taxation-threshold="12582912" timestamp="2019-06-16T00:36:30.461" intervalms="9.195" />
<cycle-start id="2689" type="partial gc" contextid="0" timestamp="2019-06-16T00:36:30.461" intervalms="21.055" />
<gc-start id="2690" type="partial gc" contextid="2689" timestamp="2019-06-16T00:36:30.461">
  <mem-info id="2691" free="18874368" total="73400320" percent="25">
    <mem type="eden" free="1047784" total="26214400" percent="3" />
    <remembered-set count="96640" freebytes="2543360" totalbytes="2929920" percent="86" regionsoverflowed="0" regionsstable="0" regionsrebuilding="13"/>
  </mem-info>
</gc-start>
<allocation-stats totalBytes="25131096" >
  <allocated-bytes non-tlh="0" tlh="25131096" arrayletleaf="0"/>
  <largest-consumer threadName="main" threadId="0000000001627700" bytes="12565536" />
</allocation-stats>
<gc-op id="2692" type="copy forward" timems="1.634" contextid="2689" timestamp="2019-06-16T00:36:30.464">
  <memory-copied type="eden" objects="2" bytes="40" bytesdiscarded="0" />
  <memory-copied type="other" objects="0" bytes="0" bytesdiscarded="0" />
  <memory-cardclean objects="1" bytes="24" />
  <regions eden="24" other="1" />
  <remembered-set-cleared processed="94300" cleared="2" durationms="0.371" />
  <stringconstants candidates="13716" cleared="0"  />
</gc-op>
<gc-op id="2693" type="classunload" timems="0.005" contextid="2689" timestamp="2019-06-16T00:36:30.464">
  <classunload-info classloadercandidates="53" classloadersunloaded="0" classesunloaded="0" anonymousclassesunloaded="0" quiescems="0.000" setupms="0.005" scanms="0.000" postms="0.000" />
</gc-op>
<gc-end id="2694" type="partial gc" contextid="2689" durationms="2.707" usertimems="4.000" systemtimems="0.000" timestamp="2019-06-16T00:36:30.464" activeThreads="4">
  <mem-info id="2695" free="44040192" total="73400320" percent="60">
    <mem type="eden" free="1048536" total="1048576" percent="99" />
    <remembered-set count="96256" freebytes="2544896" totalbytes="2929920" percent="86" regionsoverflowed="0" regionsstable="0" regionsrebuilding="13"/>
  </mem-info>
</gc-end>
<cycle-end id="2696" type="partial gc" contextid="2689" timestamp="2019-06-16T00:36:30.464" />
  <attribute name="elasticGC enabled" value="1" />
  <attribute name= "numThreadsSpecified" value="4" />
  <attribute name="heapSize specified" value="0" />
  <attribute name="Current GC Util" value="51" />
  <attribute name= "Current Time Running" value="20128" />
  <attribute name ="GC Interval" value="0" />
  <attribute name="ProportionalT" value="46.500000" />
  <attribute name="ProportionalI" value="46.500000" />
  <attribute name="ProportionalH" value="46.500000" />
  <attribute name="Current Error" value="31.000000" />
  <attribute name="IntegralT" value="31.000000" />
  <attribute name="IntegralI" value="31.000000" />
  <attribute name="IntegralH" value="31.000000" />
  <attribute name="DerivativeT" value="15.000000" />
  <attribute name="DerivativeI" value="15.000000" />
  <attribute name="DerivativeH" value="15.000000" />
  <attribute name="Loop Time for DT" value="1.000000" />
  <attribute name="Output H" value="8388608"/>
  <attribute name="Output I" value="200"/>
  <attribute name="Output T" value="4"/>
  <attribute name="Target GC Util Change" value ="20.000000" />
  <attribute name="Current GC Util Change" value="51.000000"/>
  <attribute name="GC Util currently" value="51" />
  <attribute name="CPU Util currently" value="16425430449859" />
<exclusive-end id="2697" timestamp="2019-06-16T00:36:30.464" durationms="3.641" />

<exclusive-start id="2698" timestamp="2019-06-16T00:36:30.472" intervalms="11.323">
  <response-info timems="0.089" idlems="0.089" threads="0" lastid="0000000001627700" lastname="main" />
</exclusive-start>
<allocation-taxation id="2699" taxation-threshold="12582912" timestamp="2019-06-16T00:36:30.472" intervalms="11.360" />
<gc-start id="2700" type="global mark phase" contextid="2536" timestamp="2019-06-16T00:36:30.472">
  <mem-info id="2701" free="31457280" total="73400320" percent="42">
    <remembered-set count="96256" freebytes="2544896" totalbytes="2929920" percent="86" regionsoverflowed="0" regionsstable="0" regionsrebuilding="13"/>
  </mem-info>
</gc-start>
<gc-end id="2702" type="global mark phase" contextid="2536" durationms="0.217" usertimems="0.000" systemtimems="0.000" timestamp="2019-06-16T00:36:30.472" activeThreads="4">
  <mem-info id="2703" free="31457280" total="73400320" percent="42">
    <remembered-set count="96256" freebytes="2544896" totalbytes="2929920" percent="86" regionsoverflowed="0" regionsstable="0" regionsrebuilding="13"/>
  </mem-info>
</gc-end>
<concurrent-start id="2704" type="GMP work packet processing" contextid="2536" timestamp="2019-06-16T00:36:30.473">
  <concurrent-mark-start scanTarget="1453775" />
</concurrent-start>
<exclusive-end id="2705" timestamp="2019-06-16T00:36:30.473" durationms="1.577" />

<concurrent-end id="2706" type="GMP work packet processing" contextid="2536" timestamp="2019-06-16T00:36:30.474">
  <concurrent-mark-end bytesScanned="1504484" reasonForTermination="Work target met" />
</concurrent-end>

<exclusive-start id="2707" timestamp="2019-06-16T00:36:30.481" intervalms="9.386">
  <response-info timems="0.119" idlems="0.119" threads="0" lastid="0000000001627700" lastname="main" />
</exclusive-start>
<allocation-taxation id="2708" taxation-threshold="12582912" timestamp="2019-06-16T00:36:30.481" intervalms="9.314" />
<cycle-start id="2709" type="partial gc" contextid="0" timestamp="2019-06-16T00:36:30.481" intervalms="20.674" />
<gc-start id="2710" type="partial gc" contextid="2709" timestamp="2019-06-16T00:36:30.482">
  <mem-info id="2711" free="18874368" total="73400320" percent="25">
    <mem type="eden" free="1048536" total="26214400" percent="3" />
    <remembered-set count="98144" freebytes="2537344" totalbytes="2929920" percent="86" regionsoverflowed="0" regionsstable="0" regionsrebuilding="13"/>
  </mem-info>
</gc-start>
<allocation-stats totalBytes="25131120" >
  <allocated-bytes non-tlh="0" tlh="25131120" arrayletleaf="0"/>
  <largest-consumer threadName="main" threadId="0000000001627700" bytes="12565560" />
</allocation-stats>
<gc-op id="2712" type="copy forward" timems="1.663" contextid="2709" timestamp="2019-06-16T00:36:30.484">
  <memory-copied type="eden" objects="2" bytes="40" bytesdiscarded="0" />
  <memory-copied type="other" objects="0" bytes="0" bytesdiscarded="0" />
  <memory-cardclean objects="1" bytes="24" />
  <regions eden="24" other="1" />
  <remembered-set-cleared processed="96176" cleared="2" durationms="0.682" />
  <stringconstants candidates="13716" cleared="0"  />
</gc-op>
<gc-op id="2713" type="classunload" timems="0.004" contextid="2709" timestamp="2019-06-16T00:36:30.484">
  <classunload-info classloadercandidates="53" classloadersunloaded="0" classesunloaded="0" anonymousclassesunloaded="0" quiescems="0.000" setupms="0.004" scanms="0.000" postms="0.000" />
</gc-op>
<gc-end id="2714" type="partial gc" contextid="2709" durationms="2.812" usertimems="0.000" systemtimems="0.000" timestamp="2019-06-16T00:36:30.485" activeThreads="1">
  <mem-info id="2715" free="44040192" total="73400320" percent="60">
    <mem type="eden" free="1048536" total="1048576" percent="99" />
    <remembered-set count="98624" freebytes="2535424" totalbytes="2929920" percent="86" regionsoverflowed="0" regionsstable="0" regionsrebuilding="13"/>
  </mem-info>
</gc-end>
<cycle-end id="2716" type="partial gc" contextid="2709" timestamp="2019-06-16T00:36:30.485" />
  <attribute name="elasticGC enabled" value="1" />
  <attribute name= "numThreadsSpecified" value="1" />
  <attribute name="heapSize specified" value="0" />
  <attribute name="Current GC Util" value="60" />
  <attribute name= "Current Time Running" value="20148" />
  <attribute name ="GC Interval" value="0" />
  <attribute name="ProportionalT" value="60.000000" />
  <attribute name="ProportionalI" value="60.000000" />
  <attribute name="ProportionalH" value="60.000000" />
  <attribute name="Current Error" value="40.000000" />
  <attribute name="IntegralT" value="0.000000" />
  <attribute name="IntegralI" value="0.000000" />
  <attribute name="IntegralH" value="0.000000" />
  <attribute name="DerivativeT" value="inf" />
  <attribute name="DerivativeI" value="inf" />
  <attribute name="DerivativeH" value="inf" />
  <attribute name="Loop Time for DT" value="0.000000" />
  <attribute name="Output H" value="8388608"/>
  <attribute name="Output I" value="200"/>
  <attribute name="Output T" value="1"/>
  <attribute name="Target GC Util Change" value ="20.000000" />
  <attribute name="Current GC Util Change" value="60.000000"/>
  <attribute name="GC Util currently" value="60" />
  <attribute name="CPU Util currently" value="15379002097915" />
<exclusive-end id="2717" timestamp="2019-06-16T00:36:30.485" durationms="3.745" />

<exclusive-start id="2718" timestamp="2019-06-16T00:36:30.493" intervalms="11.464">
  <response-info timems="0.117" idlems="0.117" threads="0" lastid="0000000001627700" lastname="main" />
</exclusive-start>
<allocation-taxation id="2719" taxation-threshold="12582912" timestamp="2019-06-16T00:36:30.493" intervalms="11.536" />
<gc-start id="2720" type="global mark phase" contextid="2536" timestamp="2019-06-16T00:36:30.493">
  <mem-info id="2721" free="31457280" total="73400320" percent="42">
    <remembered-set count="98144" freebytes="2537344" totalbytes="2929920" percent="86" regionsoverflowed="0" regionsstable="0" regionsrebuilding="13"/>
  </mem-info>
</gc-start>
<gc-end id="2722" type="global mark phase" contextid="2536" durationms="0.215" usertimems="0.000" systemtimems="0.000" timestamp="2019-06-16T00:36:30.493" activeThreads="1">
  <mem-info id="2723" free="31457280" total="73400320" percent="42">
    <remembered-set count="98144" freebytes="2537344" totalbytes="2929920" percent="86" regionsoverflowed="0" regionsstable="0" regionsrebuilding="13"/>
  </mem-info>
</gc-end>
<concurrent-start id="2724" type="GMP work packet processing" contextid="2536" timestamp="2019-06-16T00:36:30.494">
  <concurrent-mark-start scanTarget="1048576" />
</concurrent-start>
<exclusive-end id="2725" timestamp="2019-06-16T00:36:30.494" durationms="1.539" />

<concurrent-end id="2726" type="GMP work packet processing" contextid="2536" timestamp="2019-06-16T00:36:30.494">
  <concurrent-mark-end bytesScanned="1105112" reasonForTermination="Work target met" />
</concurrent-end>

<exclusive-start id="2727" timestamp="2019-06-16T00:36:30.502" intervalms="9.283">
  <response-info timems="0.077" idlems="0.077" threads="0" lastid="0000000001627700" lastname="main" />
</exclusive-start>
<allocation-taxation id="2728" taxation-threshold="12582912" timestamp="2019-06-16T00:36:30.502" intervalms="9.215" />
<cycle-start id="2729" type="partial gc" contextid="0" timestamp="2019-06-16T00:36:30.502" intervalms="20.748" />
<gc-start id="2730" type="partial gc" contextid="2729" timestamp="2019-06-16T00:36:30.502">
  <mem-info id="2731" free="18874368" total="73400320" percent="25">
    <mem type="eden" free="1048536" total="26214400" percent="3" />
    <remembered-set count="113440" freebytes="2476160" totalbytes="2929920" percent="84" regionsoverflowed="0" regionsstable="0" regionsrebuilding="13"/>
  </mem-info>
</gc-start>
<allocation-stats totalBytes="25131120" >
  <allocated-bytes non-tlh="0" tlh="25131120" arrayletleaf="0"/>
  <largest-consumer threadName="main" threadId="0000000001627700" bytes="12565560" />
</allocation-stats>
<gc-op id="2732" type="copy forward" timems="1.706" contextid="2729" timestamp="2019-06-16T00:36:30.505">
  <memory-copied type="eden" objects="2" bytes="40" bytesdiscarded="0" />
  <memory-copied type="other" objects="0" bytes="0" bytesdiscarded="0" />
  <memory-cardclean objects="1" bytes="24" />
  <regions eden="24" other="1" />
  <remembered-set-cleared processed="111260" cleared="2" durationms="0.766" />
  <stringconstants candidates="13716" cleared="0"  />
</gc-op>
<gc-op id="2733" type="classunload" timems="0.004" contextid="2729" timestamp="2019-06-16T00:36:30.505">
  <classunload-info classloadercandidates="53" classloadersunloaded="0" classesunloaded="0" anonymousclassesunloaded="0" quiescems="0.000" setupms="0.003" scanms="0.000" postms="0.000" />
</gc-op>
<gc-end id="2734" type="partial gc" contextid="2729" durationms="2.765" usertimems="0.000" systemtimems="0.000" timestamp="2019-06-16T00:36:30.505" activeThreads="1">
  <mem-info id="2735" free="44040192" total="73400320" percent="60">
    <mem type="eden" free="1048536" total="1048576" percent="99" />
    <remembered-set count="113920" freebytes="2474240" totalbytes="2929920" percent="84" regionsoverflowed="0" regionsstable="0" regionsrebuilding="13"/>
  </mem-info>
</gc-end>
<cycle-end id="2736" type="partial gc" contextid="2729" timestamp="2019-06-16T00:36:30.505" />
  <attribute name="elasticGC enabled" value="1" />
  <attribute name= "numThreadsSpecified" value="1" />
  <attribute name="heapSize specified" value="0" />
  <attribute name="Current GC Util" value="61" />
  <attribute name= "Current Time Running" value="20169" />
  <attribute name ="GC Interval" value="0" />
  <attribute name="ProportionalT" value="61.500000" />
  <attribute name="ProportionalI" value="61.500000" />
  <attribute name="ProportionalH" value="61.500000" />
  <attribute name="Current Error" value="41.000000" />
  <attribute name="IntegralT" value="0.000000" />
  <attribute name="IntegralI" value="0.000000" />
  <attribute name="IntegralH" value="0.000000" />
  <attribute name="DerivativeT" value="inf" />
  <attribute name="DerivativeI" value="inf" />
  <attribute name="DerivativeH" value="inf" />
  <attribute name="Loop Time for DT" value="0.000000" />
  <attribute name="Output H" value="8388608"/>
  <attribute name="Output I" value="200"/>
  <attribute name="Output T" value="1"/>
  <attribute name="Target GC Util Change" value ="20.000000" />
  <attribute name="Current GC Util Change" value="61.000000"/>
  <attribute name="GC Util currently" value="61" />
  <attribute name="CPU Util currently" value="21283984142008" />
<exclusive-end id="2737" timestamp="2019-06-16T00:36:30.506" durationms="3.681" />

<exclusive-start id="2738" timestamp="2019-06-16T00:36:30.513" intervalms="11.451">
  <response-info timems="0.081" idlems="0.081" threads="0" lastid="0000000001627700" lastname="main" />
</exclusive-start>
<allocation-taxation id="2739" taxation-threshold="12582912" timestamp="2019-06-16T00:36:30.514" intervalms="11.525" />
<gc-start id="2740" type="global mark phase" contextid="2536" timestamp="2019-06-16T00:36:30.514">
  <mem-info id="2741" free="31457280" total="73400320" percent="42">
    <remembered-set count="113440" freebytes="2476160" totalbytes="2929920" percent="84" regionsoverflowed="0" regionsstable="0" regionsrebuilding="13"/>
  </mem-info>
</gc-start>
<gc-end id="2742" type="global mark phase" contextid="2536" durationms="0.126" usertimems="4.000" systemtimems="0.000" timestamp="2019-06-16T00:36:30.514" activeThreads="1">
  <mem-info id="2743" free="31457280" total="73400320" percent="42">
    <remembered-set count="113440" freebytes="2476160" totalbytes="2929920" percent="84" regionsoverflowed="0" regionsstable="0" regionsrebuilding="13"/>
  </mem-info>
</gc-end>
<concurrent-start id="2744" type="GMP work packet processing" contextid="2536" timestamp="2019-06-16T00:36:30.514">
  <concurrent-mark-start scanTarget="1048576" />
</concurrent-start>
<exclusive-end id="2745" timestamp="2019-06-16T00:36:30.514" durationms="0.927" />

<concurrent-end id="2746" type="GMP work packet processing" contextid="2536" timestamp="2019-06-16T00:36:30.515">
  <concurrent-mark-end bytesScanned="99904" reasonForTermination="Completed all work in GC phase" />
</concurrent-end>

<exclusive-start id="2747" timestamp="2019-06-16T00:36:30.522" intervalms="8.622">
  <response-info timems="0.097" idlems="0.097" threads="0" lastid="0000000001627700" lastname="main" />
</exclusive-start>
<allocation-taxation id="2748" taxation-threshold="12582912" timestamp="2019-06-16T00:36:30.522" intervalms="8.564" />
<cycle-start id="2749" type="partial gc" contextid="0" timestamp="2019-06-16T00:36:30.522" intervalms="20.096" />
<gc-start id="2750" type="partial gc" contextid="2749" timestamp="2019-06-16T00:36:30.523">
  <mem-info id="2751" free="18874368" total="73400320" percent="25">
    <mem type="eden" free="1048536" total="26214400" percent="3" />
    <remembered-set count="115104" freebytes="2469504" totalbytes="2929920" percent="84" regionsoverflowed="0" regionsstable="0" regionsrebuilding="13"/>
  </mem-info>
</gc-start>
<allocation-stats totalBytes="25131096" >
  <allocated-bytes non-tlh="0" tlh="25131096" arrayletleaf="0"/>
  <largest-consumer threadName="main" threadId="0000000001627700" bytes="12565560" />
</allocation-stats>
<gc-op id="2752" type="copy forward" timems="1.738" contextid="2749" timestamp="2019-06-16T00:36:30.525">
  <memory-copied type="eden" objects="2" bytes="40" bytesdiscarded="0" />
  <memory-copied type="other" objects="0" bytes="0" bytesdiscarded="0" />
  <memory-cardclean objects="1" bytes="24" />
  <regions eden="24" other="1" />
  <remembered-set-cleared processed="112952" cleared="2" durationms="0.801" />
  <stringconstants candidates="13716" cleared="0"  />
</gc-op>
<gc-op id="2753" type="classunload" timems="0.005" contextid="2749" timestamp="2019-06-16T00:36:30.525">
  <classunload-info classloadercandidates="53" classloadersunloaded="0" classesunloaded="0" anonymousclassesunloaded="0" quiescems="0.000" setupms="0.005" scanms="0.000" postms="0.000" />
</gc-op>
<gc-end id="2754" type="partial gc" contextid="2749" durationms="2.859" usertimems="4.000" systemtimems="0.000" timestamp="2019-06-16T00:36:30.525" activeThreads="1">
  <mem-info id="2755" free="44040192" total="73400320" percent="60">
    <mem type="eden" free="1048536" total="1048576" percent="99" />
    <remembered-set count="115584" freebytes="2467584" totalbytes="2929920" percent="84" regionsoverflowed="0" regionsstable="0" regionsrebuilding="13"/>
  </mem-info>
</gc-end>
<cycle-end id="2756" type="partial gc" contextid="2749" timestamp="2019-06-16T00:36:30.526" />
  <attribute name="elasticGC enabled" value="1" />
  <attribute name= "numThreadsSpecified" value="1" />
  <attribute name="heapSize specified" value="0" />
  <attribute name="Current GC Util" value="50" />
  <attribute name= "Current Time Running" value="20189" />
  <attribute name ="GC Interval" value="0" />
  <attribute name="ProportionalT" value="45.000000" />
  <attribute name="ProportionalI" value="45.000000" />
  <attribute name="ProportionalH" value="45.000000" />
  <attribute name="Current Error" value="30.000000" />
  <attribute name="IntegralT" value="0.000000" />
  <attribute name="IntegralI" value="0.000000" />
  <attribute name="IntegralH" value="0.000000" />
  <attribute name="DerivativeT" value="inf" />
  <attribute name="DerivativeI" value="inf" />
  <attribute name="DerivativeH" value="inf" />
  <attribute name="Loop Time for DT" value="0.000000" />
  <attribute name="Output H" value="8388608"/>
  <attribute name="Output I" value="200"/>
  <attribute name="Output T" value="1"/>
  <attribute name="Target GC Util Change" value ="20.000000" />
  <attribute name="Current GC Util Change" value="50.000000"/>
  <attribute name="GC Util currently" value="50" />
  <attribute name="CPU Util currently" value="17437661333574" />
<exclusive-end id="2757" timestamp="2019-06-16T00:36:30.526" durationms="3.833" />

<exclusive-start id="2758" timestamp="2019-06-16T00:36:30.534" intervalms="11.581">
  <response-info timems="0.077" idlems="0.077" threads="0" lastid="0000000001627700" lastname="main" />
</exclusive-start>
<allocation-taxation id="2759" taxation-threshold="12582912" timestamp="2019-06-16T00:36:30.534" intervalms="11.624" />
<gc-start id="2760" type="global mark phase" contextid="2536" timestamp="2019-06-16T00:36:30.534">
  <mem-info id="2761" free="31457280" total="73400320" percent="42">
    <remembered-set count="115104" freebytes="2469504" totalbytes="2929920" percent="84" regionsoverflowed="0" regionsstable="0" regionsrebuilding="13"/>
  </mem-info>
</gc-start>
<gc-op id="2762" type="mark increment" timems="1.112" contextid="2536" timestamp="2019-06-16T00:36:30.535">
  <trace-info objectcount="25" scancount="24" scanbytes="692" />
  <cardclean-info objects="67" bytes="2596" />
  <finalization candidates="80" enqueued="0" />
  <ownableSynchronizers candidates="21" cleared="0" />
  <references type="soft" candidates="3654" cleared="1432" enqueued="721" dynamicThreshold="19" maxThreshold="32" />
  <references type="weak" candidates="5693" cleared="0" enqueued="0" />
  <references type="phantom" candidates="101" cleared="0" enqueued="0" />
  <stringconstants candidates="13716" cleared="389"  />
</gc-op>
<gc-op id="2763" type="classunload" timems="0.007" contextid="2536" timestamp="2019-06-16T00:36:30.535">
  <classunload-info classloadercandidates="53" classloadersunloaded="0" classesunloaded="0" anonymousclassesunloaded="0" quiescems="0.000" setupms="0.007" scanms="0.000" postms="0.000" />
</gc-op>
<gc-end id="2764" type="global mark phase" contextid="2536" durationms="1.679" usertimems="4.000" systemtimems="0.000" timestamp="2019-06-16T00:36:30.536" activeThreads="4">
  <mem-info id="2765" free="31457280" total="73400320" percent="42">
    <pending-finalizers system="0" default="0" reference="721" classloader="0" />
    <remembered-set count="116128" freebytes="2465408" totalbytes="2929920" percent="84" regionsoverflowed="0" regionsstable="0" regionsrebuilding="0"/>
  </mem-info>
</gc-end>
<cycle-end id="2766" type="global mark phase" contextid="2536" timestamp="2019-06-16T00:36:30.536" />
  <attribute name="elasticGC enabled" value="1" />
  <attribute name= "numThreadsSpecified" value="4" />
  <attribute name="heapSize specified" value="0" />
  <attribute name="Current GC Util" value="0" />
  <attribute name= "Current Time Running" value="20200" />
  <attribute name ="GC Interval" value="0" />
  <attribute name="ProportionalT" value="-30.000000" />
  <attribute name="ProportionalI" value="-30.000000" />
  <attribute name="ProportionalH" value="-30.000000" />
  <attribute name="Current Error" value="-20.000000" />
  <attribute name="IntegralT" value="0.000000" />
  <attribute name="IntegralI" value="0.000000" />
  <attribute name="IntegralH" value="0.000000" />
  <attribute name="DerivativeT" value="-inf" />
  <attribute name="DerivativeI" value="-inf" />
  <attribute name="DerivativeH" value="-inf" />
  <attribute name="Loop Time for DT" value="0.000000" />
  <attribute name="Output H" value="2091843584"/>
  <attribute name="Output I" value="200"/>
  <attribute name="Output T" value="4"/>
  <attribute name="Target GC Util Change" value ="20.000000" />
  <attribute name="Current GC Util Change" value="0.000000"/>
  <attribute name="GC Util currently" value="0" />
  <attribute name="CPU Util currently" value="67518058940713" />
<exclusive-end id="2767" timestamp="2019-06-16T00:36:30.536" durationms="2.389" />

<exclusive-start id="2768" timestamp="2019-06-16T00:36:30.544" intervalms="10.180">
  <response-info timems="0.222" idlems="0.222" threads="0" lastid="0000000001627700" lastname="main" />
</exclusive-start>
<allocation-taxation id="2769" taxation-threshold="12582912" timestamp="2019-06-16T00:36:30.544" intervalms="10.167" />
<cycle-start id="2770" type="partial gc" contextid="0" timestamp="2019-06-16T00:36:30.544" intervalms="21.787" />
<gc-start id="2771" type="partial gc" contextid="2770" timestamp="2019-06-16T00:36:30.544">
  <mem-info id="2772" free="18874368" total="73400320" percent="25">
    <mem type="eden" free="1048536" total="26214400" percent="3" />
    <remembered-set count="85920" freebytes="2586240" totalbytes="2929920" percent="88" regionsoverflowed="0" regionsstable="10" regionsrebuilding="0"/>
  </mem-info>
</gc-start>
<allocation-stats totalBytes="25129552" >
  <allocated-bytes non-tlh="0" tlh="25129552" arrayletleaf="0"/>
  <largest-consumer threadName="main" threadId="0000000001627700" bytes="12524600" />
</allocation-stats>
<gc-op id="2773" type="sweep" timems="0.865" contextid="2770" timestamp="2019-06-16T00:36:30.546" />
<gc-op id="2774" type="copy forward" timems="1.465" contextid="2770" timestamp="2019-06-16T00:36:30.548">
  <memory-copied type="eden" objects="3" bytes="3088" bytesdiscarded="0" />
  <memory-copied type="other" objects="0" bytes="0" bytesdiscarded="0" />
  <memory-cardclean objects="68" bytes="3248" />
  <regions eden="12" other="1" />
  <remembered-set-cleared processed="84154" cleared="12" durationms="0.651" />
  <stringconstants candidates="13327" cleared="0"  />
</gc-op>
<gc-op id="2775" type="classunload" timems="0.004" contextid="2770" timestamp="2019-06-16T00:36:30.548">
  <classunload-info classloadercandidates="53" classloadersunloaded="0" classesunloaded="0" anonymousclassesunloaded="0" quiescems="0.000" setupms="0.004" scanms="0.000" postms="0.000" />
</gc-op>
<gc-end id="2776" type="partial gc" contextid="2770" durationms="3.771" usertimems="8.000" systemtimems="0.000" timestamp="2019-06-16T00:36:30.548" activeThreads="1">
  <mem-info id="2777" free="44040192" total="73400320" percent="60">
    <mem type="eden" free="1045488" total="1048576" percent="99" />
    <remembered-set count="86336" freebytes="2584576" totalbytes="2929920" percent="88" regionsoverflowed="0" regionsstable="10" regionsrebuilding="0"/>
  </mem-info>
</gc-end>
<cycle-end id="2778" type="partial gc" contextid="2770" timestamp="2019-06-16T00:36:30.548" />
  <attribute name="elasticGC enabled" value="1" />
  <attribute name= "numThreadsSpecified" value="1" />
  <attribute name="heapSize specified" value="0" />
  <attribute name="Current GC Util" value="67" />
  <attribute name= "Current Time Running" value="20212" />
  <attribute name ="GC Interval" value="0" />
  <attribute name="ProportionalT" value="70.500000" />
  <attribute name="ProportionalI" value="70.500000" />
  <attribute name="ProportionalH" value="70.500000" />
  <attribute name="Current Error" value="47.000000" />
  <attribute name="IntegralT" value="0.000000" />
  <attribute name="IntegralI" value="0.000000" />
  <attribute name="IntegralH" value="0.000000" />
  <attribute name="DerivativeT" value="inf" />
  <attribute name="DerivativeI" value="inf" />
  <attribute name="DerivativeH" value="inf" />
  <attribute name="Loop Time for DT" value="0.000000" />
  <attribute name="Output H" value="8388608"/>
  <attribute name="Output I" value="200"/>
  <attribute name="Output T" value="1"/>
  <attribute name="Target GC Util Change" value ="20.000000" />
  <attribute name="Current GC Util Change" value="67.000000"/>
  <attribute name="GC Util currently" value="67" />
  <attribute name="CPU Util currently" value="19977499869048" />
<exclusive-end id="2779" timestamp="2019-06-16T00:36:30.549" durationms="4.722" />

<exclusive-start id="2780" timestamp="2019-06-16T00:36:30.571" intervalms="27.310">
  <response-info timems="0.067" idlems="0.067" threads="0" lastid="0000000001627700" lastname="main" />
</exclusive-start>
<allocation-taxation id="2781" taxation-threshold="25165824" timestamp="2019-06-16T00:36:30.571" intervalms="27.298" />
<cycle-start id="2782" type="partial gc" contextid="0" timestamp="2019-06-16T00:36:30.571" intervalms="27.305" />
<gc-start id="2783" type="partial gc" contextid="2782" timestamp="2019-06-16T00:36:30.572">
  <mem-info id="2784" free="18874368" total="73400320" percent="25">
    <mem type="eden" free="0" total="25165824" percent="0" />
    <remembered-set count="85888" freebytes="2586368" totalbytes="2929920" percent="88" regionsoverflowed="0" regionsstable="10" regionsrebuilding="0"/>
  </mem-info>
</gc-start>
<allocation-stats totalBytes="25142312" >
  <allocated-bytes non-tlh="3064" tlh="25139248" arrayletleaf="0"/>
  <largest-consumer threadName="main" threadId="0000000001627700" bytes="25142312" />
</allocation-stats>
<gc-op id="2785" type="copy forward" timems="2.027" contextid="2782" timestamp="2019-06-16T00:36:30.575">
  <memory-copied type="eden" objects="1303" bytes="53336" bytesdiscarded="0" />
  <memory-copied type="other" objects="15" bytes="3368" bytesdiscarded="0" />
  <memory-cardclean objects="578" bytes="27464" />
  <regions eden="24" other="3" />
  <remembered-set-cleared processed="84148" cleared="180" durationms="0.662" />
  <references type="soft" candidates="8" cleared="0" enqueued="0" dynamicThreshold="19" maxThreshold="32" />
  <references type="weak" candidates="17" cleared="0" enqueued="0" />
  <stringconstants candidates="13353" cleared="0"  />
</gc-op>
<gc-op id="2786" type="classunload" timems="0.004" contextid="2782" timestamp="2019-06-16T00:36:30.575">
  <classunload-info classloadercandidates="53" classloadersunloaded="0" classesunloaded="0" anonymousclassesunloaded="0" quiescems="0.000" setupms="0.003" scanms="0.000" postms="0.000" />
</gc-op>
<heap-resize id="2787" type="expand" space="default" amount="3145728" count="1" timems="0.061" reason="excessive time being spent in gc" timestamp="2019-06-16T00:36:30.575" />
<gc-end id="2788" type="partial gc" contextid="2782" durationms="3.379" usertimems="0.000" systemtimems="0.000" timestamp="2019-06-16T00:36:30.575" activeThreads="1">
  <mem-info id="2789" free="46137344" total="76546048" percent="60">
    <mem type="eden" free="995224" total="1048576" percent="94" />
    <remembered-set count="85920" freebytes="2711808" totalbytes="3055488" percent="88" regionsoverflowed="0" regionsstable="10" regionsrebuilding="0"/>
  </mem-info>
</gc-end>
<cycle-end id="2790" type="partial gc" contextid="2782" timestamp="2019-06-16T00:36:30.575" />
  <attribute name="elasticGC enabled" value="1" />
  <attribute name= "numThreadsSpecified" value="1" />
  <attribute name="heapSize specified" value="0" />
  <attribute name="Current GC Util" value="63" />
  <attribute name= "Current Time Running" value="20238" />
  <attribute name ="GC Interval" value="0" />
  <attribute name="ProportionalT" value="64.500000" />
  <attribute name="ProportionalI" value="64.500000" />
  <attribute name="ProportionalH" value="64.500000" />
  <attribute name="Current Error" value="43.000000" />
  <attribute name="IntegralT" value="0.000000" />
  <attribute name="IntegralI" value="0.000000" />
  <attribute name="IntegralH" value="0.000000" />
  <attribute name="DerivativeT" value="inf" />
  <attribute name="DerivativeI" value="inf" />
  <attribute name="DerivativeH" value="inf" />
  <attribute name="Loop Time for DT" value="0.000000" />
  <attribute name="Output H" value="8388608"/>
  <attribute name="Output I" value="200"/>
  <attribute name="Output T" value="1"/>
  <attribute name="Target GC Util Change" value ="20.000000" />
  <attribute name="Current GC Util Change" value="63.000000"/>
  <attribute name="GC Util currently" value="63" />
  <attribute name="CPU Util currently" value="15296111961363" />
<exclusive-end id="2791" timestamp="2019-06-16T00:36:30.576" durationms="4.467" />

<exclusive-start id="2792" timestamp="2019-06-16T00:36:30.602" intervalms="30.665">
  <response-info timems="0.083" idlems="0.083" threads="0" lastid="0000000001627700" lastname="main" />
</exclusive-start>
<allocation-taxation id="2793" taxation-threshold="26214400" timestamp="2019-06-16T00:36:30.602" intervalms="30.698" />
<cycle-start id="2794" type="partial gc" contextid="0" timestamp="2019-06-16T00:36:30.602" intervalms="30.697" />
<gc-start id="2795" type="partial gc" contextid="2794" timestamp="2019-06-16T00:36:30.602">
  <mem-info id="2796" free="19922944" total="76546048" percent="26">
    <mem type="eden" free="0" total="26214400" percent="0" />
    <remembered-set count="85856" freebytes="2712064" totalbytes="3055488" percent="88" regionsoverflowed="0" regionsstable="10" regionsrebuilding="0"/>
  </mem-info>
</gc-start>
<allocation-stats totalBytes="26212496" >
  <allocated-bytes non-tlh="0" tlh="26212496" arrayletleaf="0"/>
  <largest-consumer threadName="main" threadId="0000000001627700" bytes="26212496" />
</allocation-stats>
<gc-op id="2797" type="copy forward" timems="1.841" contextid="2794" timestamp="2019-06-16T00:36:30.605">
  <memory-copied type="eden" objects="23" bytes="728" bytesdiscarded="0" />
  <memory-copied type="other" objects="1316" bytes="53608" bytesdiscarded="352" />
  <memory-cardclean objects="275" bytes="21840" />
  <regions eden="25" other="3" />
  <remembered-set-cleared processed="84167" cleared="212" durationms="0.629" />
  <references type="soft" candidates="8" cleared="0" enqueued="0" dynamicThreshold="19" maxThreshold="32" />
  <references type="weak" candidates="31" cleared="0" enqueued="0" />
  <stringconstants candidates="13353" cleared="0"  />
</gc-op>
<gc-op id="2798" type="classunload" timems="0.003" contextid="2794" timestamp="2019-06-16T00:36:30.605">
  <classunload-info classloadercandidates="53" classloadersunloaded="0" classesunloaded="0" anonymousclassesunloaded="0" quiescems="0.000" setupms="0.003" scanms="0.000" postms="0.000" />
</gc-op>
<gc-end id="2799" type="partial gc" contextid="2794" durationms="3.025" usertimems="4.000" systemtimems="0.000" timestamp="2019-06-16T00:36:30.605" activeThreads="1">
  <mem-info id="2800" free="46137344" total="76546048" percent="60">
    <mem type="eden" free="1047848" total="1048576" percent="99" />
    <remembered-set count="85824" freebytes="2712192" totalbytes="3055488" percent="88" regionsoverflowed="0" regionsstable="10" regionsrebuilding="0"/>
  </mem-info>
</gc-end>
<cycle-end id="2801" type="partial gc" contextid="2794" timestamp="2019-06-16T00:36:30.606" />
  <attribute name="elasticGC enabled" value="1" />
  <attribute name= "numThreadsSpecified" value="1" />
  <attribute name="heapSize specified" value="0" />
  <attribute name="Current GC Util" value="71" />
  <attribute name= "Current Time Running" value="20269" />
  <attribute name ="GC Interval" value="0" />
  <attribute name="ProportionalT" value="76.500000" />
  <attribute name="ProportionalI" value="76.500000" />
  <attribute name="ProportionalH" value="76.500000" />
  <attribute name="Current Error" value="51.000000" />
  <attribute name="IntegralT" value="0.000000" />
  <attribute name="IntegralI" value="0.000000" />
  <attribute name="IntegralH" value="0.000000" />
  <attribute name="DerivativeT" value="inf" />
  <attribute name="DerivativeI" value="inf" />
  <attribute name="DerivativeH" value="inf" />
  <attribute name="Loop Time for DT" value="0.000000" />
  <attribute name="Output H" value="8388608"/>
  <attribute name="Output I" value="200"/>
  <attribute name="Output T" value="1"/>
  <attribute name="Target GC Util Change" value ="20.000000" />
  <attribute name="Current GC Util Change" value="71.000000"/>
  <attribute name="GC Util currently" value="71" />
  <attribute name="CPU Util currently" value="15212354049735" />
<exclusive-end id="2802" timestamp="2019-06-16T00:36:30.606" durationms="4.007" />

<exclusive-start id="2803" timestamp="2019-06-16T00:36:30.793" intervalms="191.506">
  <response-info timems="0.087" idlems="0.087" threads="0" lastid="0000000001627700" lastname="main" />
</exclusive-start>
<allocation-taxation id="2804" taxation-threshold="26214400" timestamp="2019-06-16T00:36:30.794" intervalms="191.546" />
<cycle-start id="2805" type="partial gc" contextid="0" timestamp="2019-06-16T00:36:30.794" intervalms="191.668" />
<gc-start id="2806" type="partial gc" contextid="2805" timestamp="2019-06-16T00:36:30.794">
  <mem-info id="2807" free="19922944" total="76546048" percent="26">
    <mem type="eden" free="0" total="26214400" percent="0" />
    <remembered-set count="85824" freebytes="2712192" totalbytes="3055488" percent="88" regionsoverflowed="0" regionsstable="10" regionsrebuilding="0"/>
  </mem-info>
</gc-start>
<allocation-stats totalBytes="26199064" >
  <allocated-bytes non-tlh="0" tlh="26199064" arrayletleaf="0"/>
  <largest-consumer threadName="main" threadId="0000000001627700" bytes="26199064" />
</allocation-stats>
<gc-op id="2808" type="copy forward" timems="2.068" contextid="2805" timestamp="2019-06-16T00:36:30.797">
  <memory-copied type="eden" objects="67" bytes="2808" bytesdiscarded="1056" />
  <memory-copied type="other" objects="45" bytes="1192" bytesdiscarded="544" />
  <memory-cardclean objects="144" bytes="12896" />
  <regions eden="25" other="3" />
  <remembered-set-cleared processed="84176" cleared="88" durationms="0.362" />
  <references type="weak" candidates="18" cleared="0" enqueued="0" />
  <stringconstants candidates="13353" cleared="0"  />
</gc-op>
<gc-op id="2809" type="classunload" timems="0.003" contextid="2805" timestamp="2019-06-16T00:36:30.797">
  <classunload-info classloadercandidates="53" classloadersunloaded="0" classesunloaded="0" anonymousclassesunloaded="0" quiescems="0.000" setupms="0.003" scanms="0.000" postms="0.000" />
</gc-op>
<gc-end id="2810" type="partial gc" contextid="2805" durationms="3.163" usertimems="0.000" systemtimems="4.000" timestamp="2019-06-16T00:36:30.797" activeThreads="4">
  <mem-info id="2811" free="46137344" total="76546048" percent="60">
    <mem type="eden" free="1044712" total="1048576" percent="99" />
    <remembered-set count="86720" freebytes="2708608" totalbytes="3055488" percent="88" regionsoverflowed="0" regionsstable="10" regionsrebuilding="0"/>
  </mem-info>
</gc-end>
<cycle-end id="2812" type="partial gc" contextid="2805" timestamp="2019-06-16T00:36:30.797" />
  <attribute name="elasticGC enabled" value="1" />
  <attribute name= "numThreadsSpecified" value="4" />
  <attribute name="heapSize specified" value="0" />
  <attribute name="Current GC Util" value="72" />
  <attribute name= "Current Time Running" value="20461" />
  <attribute name ="GC Interval" value="0" />
  <attribute name="ProportionalT" value="78.000000" />
  <attribute name="ProportionalI" value="78.000000" />
  <attribute name="ProportionalH" value="78.000000" />
  <attribute name="Current Error" value="52.000000" />
  <attribute name="IntegralT" value="52.000000" />
  <attribute name="IntegralI" value="52.000000" />
  <attribute name="IntegralH" value="52.000000" />
  <attribute name="DerivativeT" value="26.000000" />
  <attribute name="DerivativeI" value="26.000000" />
  <attribute name="DerivativeH" value="26.000000" />
  <attribute name="Loop Time for DT" value="1.000000" />
  <attribute name="Output H" value="8388608"/>
  <attribute name="Output I" value="200"/>
  <attribute name="Output T" value="4"/>
  <attribute name="Target GC Util Change" value ="20.000000" />
  <attribute name="Current GC Util Change" value="72.000000"/>
  <attribute name="GC Util currently" value="72" />
  <attribute name="CPU Util currently" value="18441801515279" />
<exclusive-end id="2813" timestamp="2019-06-16T00:36:30.798" durationms="4.322" />

<exclusive-start id="2814" timestamp="2019-06-16T00:36:30.806" intervalms="12.274">
  <response-info timems="0.077" idlems="0.077" threads="0" lastid="0000000001627700" lastname="main" />
</exclusive-start>
<allocation-taxation id="2815" taxation-threshold="26214400" timestamp="2019-06-16T00:36:30.806" intervalms="12.270" />
<cycle-start id="2816" type="partial gc" contextid="0" timestamp="2019-06-16T00:36:30.806" intervalms="12.254" />
<gc-start id="2817" type="partial gc" contextid="2816" timestamp="2019-06-16T00:36:30.806">
  <mem-info id="2818" free="19922944" total="76546048" percent="26">
    <mem type="eden" free="0" total="26214400" percent="0" />
    <remembered-set count="86304" freebytes="2710272" totalbytes="3055488" percent="88" regionsoverflowed="0" regionsstable="10" regionsrebuilding="0"/>
  </mem-info>
</gc-start>
<allocation-stats totalBytes="26115936" >
  <allocated-bytes non-tlh="0" tlh="26115936" arrayletleaf="0"/>
  <largest-consumer threadName="main" threadId="0000000001627700" bytes="26115936" />
</allocation-stats>
<gc-op id="2819" type="copy forward" timems="1.368" contextid="2816" timestamp="2019-06-16T00:36:30.809">
  <memory-copied type="eden" objects="0" bytes="0" bytesdiscarded="0" />
  <memory-copied type="other" objects="95" bytes="3576" bytesdiscarded="192" />
  <memory-cardclean objects="95" bytes="11808" />
  <regions eden="25" other="3" />
  <remembered-set-cleared processed="84164" cleared="74" durationms="0.597" />
  <references type="weak" candidates="14" cleared="0" enqueued="0" />
  <stringconstants candidates="13353" cleared="0"  />
</gc-op>
<gc-op id="2820" type="classunload" timems="0.004" contextid="2816" timestamp="2019-06-16T00:36:30.809">
  <classunload-info classloadercandidates="53" classloadersunloaded="0" classesunloaded="0" anonymousclassesunloaded="0" quiescems="0.000" setupms="0.004" scanms="0.000" postms="0.000" />
</gc-op>
<heap-resize id="2821" type="contract" space="default" amount="1048576" count="1" timems="0.053" reason="excess free space following gc" timestamp="2019-06-16T00:36:30.809" />
<gc-end id="2822" type="partial gc" contextid="2816" durationms="2.902" usertimems="4.000" systemtimems="0.000" timestamp="2019-06-16T00:36:30.809" activeThreads="1">
  <mem-info id="2823" free="46137344" total="75497472" percent="61">
    <remembered-set count="86304" freebytes="2710272" totalbytes="3055488" percent="88" regionsoverflowed="0" regionsstable="10" regionsrebuilding="0"/>
  </mem-info>
</gc-end>
<cycle-end id="2824" type="partial gc" contextid="2816" timestamp="2019-06-16T00:36:30.809" />
  <attribute name="elasticGC enabled" value="1" />
  <attribute name= "numThreadsSpecified" value="1" />
  <attribute name="heapSize specified" value="0" />
  <attribute name="Current GC Util" value="70" />
  <attribute name= "Current Time Running" value="20473" />
  <attribute name ="GC Interval" value="0" />
  <attribute name="ProportionalT" value="75.000000" />
  <attribute name="ProportionalI" value="75.000000" />
  <attribute name="ProportionalH" value="75.000000" />
  <attribute name="Current Error" value="50.000000" />
  <attribute name="IntegralT" value="0.000000" />
  <attribute name="IntegralI" value="0.000000" />
  <attribute name="IntegralH" value="0.000000" />
  <attribute name="DerivativeT" value="inf" />
  <attribute name="DerivativeI" value="inf" />
  <attribute name="DerivativeH" value="inf" />
  <attribute name="Loop Time for DT" value="0.000000" />
  <attribute name="Output H" value="8388608"/>
  <attribute name="Output I" value="200"/>
  <attribute name="Output T" value="1"/>
  <attribute name="Target GC Util Change" value ="20.000000" />
  <attribute name="Current GC Util Change" value="70.000000"/>
  <attribute name="GC Util currently" value="70" />
  <attribute name="CPU Util currently" value="16172388568456" />
<exclusive-end id="2825" timestamp="2019-06-16T00:36:30.810" durationms="4.155" />

<exclusive-start id="2826" timestamp="2019-06-16T00:36:30.817" intervalms="11.894">
  <response-info timems="0.080" idlems="0.080" threads="0" lastid="0000000001627700" lastname="main" />
</exclusive-start>
<allocation-taxation id="2827" taxation-threshold="25165824" timestamp="2019-06-16T00:36:30.818" intervalms="11.894" />
<cycle-start id="2828" type="partial gc" contextid="0" timestamp="2019-06-16T00:36:30.818" intervalms="11.906" />
<gc-start id="2829" type="partial gc" contextid="2828" timestamp="2019-06-16T00:36:30.818">
  <mem-info id="2830" free="20971520" total="75497472" percent="27">
    <mem type="eden" free="0" total="25165824" percent="0" />
    <remembered-set count="80096" freebytes="2735104" totalbytes="3055488" percent="89" regionsoverflowed="0" regionsstable="11" regionsrebuilding="0"/>
  </mem-info>
</gc-start>
<allocation-stats totalBytes="25071200" >
  <allocated-bytes non-tlh="0" tlh="25071200" arrayletleaf="0"/>
  <largest-consumer threadName="main" threadId="0000000001627700" bytes="25071200" />
</allocation-stats>
<gc-op id="2831" type="copy forward" timems="1.631" contextid="2828" timestamp="2019-06-16T00:36:30.821">
  <memory-copied type="eden" objects="0" bytes="0" bytesdiscarded="0" />
  <memory-copied type="other" objects="1339" bytes="97680" bytesdiscarded="416" />
  <memory-cardclean objects="481" bytes="32576" />
  <regions eden="24" other="1" />
  <remembered-set-cleared processed="78207" cleared="154" durationms="0.540" />
  <references type="soft" candidates="16" cleared="0" enqueued="0" dynamicThreshold="19" maxThreshold="32" />
  <references type="weak" candidates="52" cleared="0" enqueued="0" />
  <stringconstants candidates="13353" cleared="0"  />
</gc-op>
<gc-op id="2832" type="classunload" timems="0.016" contextid="2828" timestamp="2019-06-16T00:36:30.821">
  <classunload-info classloadercandidates="53" classloadersunloaded="0" classesunloaded="0" anonymousclassesunloaded="0" quiescems="0.000" setupms="0.016" scanms="0.000" postms="0.000" />
</gc-op>
<heap-resize id="2833" type="contract" space="default" amount="2097152" count="1" timems="0.050" reason="excess free space following gc" timestamp="2019-06-16T00:36:30.821" />
<gc-end id="2834" type="partial gc" contextid="2828" durationms="3.369" usertimems="0.000" systemtimems="0.000" timestamp="2019-06-16T00:36:30.822" activeThreads="1">
  <mem-info id="2835" free="45088768" total="73400320" percent="61">
    <remembered-set count="79104" freebytes="2697216" totalbytes="3013632" percent="89" regionsoverflowed="0" regionsstable="11" regionsrebuilding="0"/>
  </mem-info>
</gc-end>
<cycle-end id="2836" type="partial gc" contextid="2828" timestamp="2019-06-16T00:36:30.822" />
  <attribute name="elasticGC enabled" value="1" />
  <attribute name= "numThreadsSpecified" value="1" />
  <attribute name="heapSize specified" value="0" />
  <attribute name="Current GC Util" value="48" />
  <attribute name= "Current Time Running" value="20485" />
  <attribute name ="GC Interval" value="0" />
  <attribute name="ProportionalT" value="42.000000" />
  <attribute name="ProportionalI" value="42.000000" />
  <attribute name="ProportionalH" value="42.000000" />
  <attribute name="Current Error" value="28.000000" />
  <attribute name="IntegralT" value="0.000000" />
  <attribute name="IntegralI" value="0.000000" />
  <attribute name="IntegralH" value="0.000000" />
  <attribute name="DerivativeT" value="inf" />
  <attribute name="DerivativeI" value="inf" />
  <attribute name="DerivativeH" value="inf" />
  <attribute name="Loop Time for DT" value="0.000000" />
  <attribute name="Output H" value="8388608"/>
  <attribute name="Output I" value="200"/>
  <attribute name="Output T" value="1"/>
  <attribute name="Target GC Util Change" value ="20.000000" />
  <attribute name="Current GC Util Change" value="48.000000"/>
  <attribute name="GC Util currently" value="48" />
  <attribute name="CPU Util currently" value="9372640633402" />
<exclusive-end id="2837" timestamp="2019-06-16T00:36:30.822" durationms="4.518" />

<exclusive-start id="2838" timestamp="2019-06-16T00:36:30.830" intervalms="12.334">
  <response-info timems="0.055" idlems="0.055" threads="0" lastid="0000000001627700" lastname="main" />
</exclusive-start>
<allocation-taxation id="2839" taxation-threshold="25165824" timestamp="2019-06-16T00:36:30.830" intervalms="12.305" />
<cycle-start id="2840" type="partial gc" contextid="0" timestamp="2019-06-16T00:36:30.830" intervalms="12.305" />
<gc-start id="2841" type="partial gc" contextid="2840" timestamp="2019-06-16T00:36:30.831">
  <mem-info id="2842" free="19922944" total="73400320" percent="27">
    <mem type="eden" free="0" total="25165824" percent="0" />
    <remembered-set count="78848" freebytes="2698240" totalbytes="3013632" percent="89" regionsoverflowed="0" regionsstable="11" regionsrebuilding="0"/>
  </mem-info>
</gc-start>
<allocation-stats totalBytes="25080632" >
  <allocated-bytes non-tlh="0" tlh="25080632" arrayletleaf="0"/>
  <largest-consumer threadName="main" threadId="0000000001627700" bytes="25080632" />
</allocation-stats>
<gc-op id="2843" type="copy forward" timems="1.205" contextid="2840" timestamp="2019-06-16T00:36:30.833">
  <memory-copied type="eden" objects="1" bytes="24" bytesdiscarded="0" />
  <memory-copied type="other" objects="0" bytes="0" bytesdiscarded="0" />
  <memory-cardclean objects="16" bytes="416" />
  <regions eden="24" other="0" />
  <remembered-set-cleared processed="78247" cleared="2" durationms="0.493" />
  <stringconstants candidates="13353" cleared="0"  />
</gc-op>
<gc-op id="2844" type="classunload" timems="0.003" contextid="2840" timestamp="2019-06-16T00:36:30.833">
  <classunload-info classloadercandidates="53" classloadersunloaded="0" classesunloaded="0" anonymousclassesunloaded="0" quiescems="0.000" setupms="0.003" scanms="0.000" postms="0.000" />
</gc-op>
<gc-end id="2845" type="partial gc" contextid="2840" durationms="2.636" usertimems="0.000" systemtimems="0.000" timestamp="2019-06-16T00:36:30.833" activeThreads="1">
  <mem-info id="2846" free="44040192" total="73400320" percent="60">
    <mem type="eden" free="1048552" total="1048576" percent="99" />
    <remembered-set count="79360" freebytes="2612480" totalbytes="2929920" percent="89" regionsoverflowed="0" regionsstable="11" regionsrebuilding="0"/>
  </mem-info>
</gc-end>
<cycle-end id="2847" type="partial gc" contextid="2840" timestamp="2019-06-16T00:36:30.833" />
  <attribute name="elasticGC enabled" value="1" />
  <attribute name= "numThreadsSpecified" value="1" />
  <attribute name="heapSize specified" value="0" />
  <attribute name="Current GC Util" value="40" />
  <attribute name= "Current Time Running" value="20497" />
  <attribute name ="GC Interval" value="0" />
  <attribute name="ProportionalT" value="30.000000" />
  <attribute name="ProportionalI" value="30.000000" />
  <attribute name="ProportionalH" value="30.000000" />
  <attribute name="Current Error" value="20.000000" />
  <attribute name="IntegralT" value="0.000000" />
  <attribute name="IntegralI" value="0.000000" />
  <attribute name="IntegralH" value="0.000000" />
  <attribute name="DerivativeT" value="inf" />
  <attribute name="DerivativeI" value="inf" />
  <attribute name="DerivativeH" value="inf" />
  <attribute name="Loop Time for DT" value="0.000000" />
  <attribute name="Output H" value="8388608"/>
  <attribute name="Output I" value="200"/>
  <attribute name="Output T" value="1"/>
  <attribute name="Target GC Util Change" value ="20.000000" />
  <attribute name="Current GC Util Change" value="40.000000"/>
  <attribute name="GC Util currently" value="40" />
  <attribute name="CPU Util currently" value="9821752401848" />
<exclusive-end id="2848" timestamp="2019-06-16T00:36:30.834" durationms="3.789" />

<exclusive-start id="2849" timestamp="2019-06-16T00:36:30.838" intervalms="7.801">
  <response-info timems="0.077" idlems="0.077" threads="0" lastid="0000000001627700" lastname="main" />
</exclusive-start>
<allocation-taxation id="2850" taxation-threshold="12582912" timestamp="2019-06-16T00:36:30.838" intervalms="7.812" />
<cycle-start id="2851" type="global mark phase" contextid="0" timestamp="2019-06-16T00:36:30.838" intervalms="692.199" />
<gc-start id="2852" type="global mark phase" contextid="2851" timestamp="2019-06-16T00:36:30.838">
  <mem-info id="2853" free="31457280" total="73400320" percent="42">
    <remembered-set count="78880" freebytes="2614400" totalbytes="2929920" percent="89" regionsoverflowed="0" regionsstable="11" regionsrebuilding="0"/>
  </mem-info>
</gc-start>
<gc-op id="2854" type="mark increment" timems="0.563" contextid="2851" timestamp="2019-06-16T00:36:30.839">
  <trace-info objectcount="173" scancount="0" scanbytes="0" />
</gc-op>
<gc-end id="2855" type="global mark phase" contextid="2851" durationms="0.837" usertimems="4.000" systemtimems="0.000" timestamp="2019-06-16T00:36:30.839" activeThreads="4">
  <mem-info id="2856" free="31457280" total="73400320" percent="42">
    <remembered-set count="78880" freebytes="2614400" totalbytes="2929920" percent="89" regionsoverflowed="0" regionsstable="0" regionsrebuilding="11"/>
  </mem-info>
</gc-end>
<concurrent-start id="2857" type="GMP work packet processing" contextid="2851" timestamp="2019-06-16T00:36:30.839">
  <concurrent-mark-start scanTarget="1345308" />
</concurrent-start>
<exclusive-end id="2858" timestamp="2019-06-16T00:36:30.839" durationms="1.764" />

<exclusive-start id="2859" timestamp="2019-06-16T00:36:30.843" intervalms="5.678">
  <response-info timems="0.029" idlems="0.029" threads="0" lastid="0000000001627700" lastname="main" />
</exclusive-start>
<allocation-taxation id="2860" taxation-threshold="12582912" timestamp="2019-06-16T00:36:30.843" intervalms="5.587" />
<concurrent-end id="2861" type="GMP work packet processing" contextid="2851" timestamp="2019-06-16T00:36:30.843">
  <concurrent-mark-end bytesScanned="1356872" reasonForTermination="Work target met" />
</concurrent-end>

<cycle-start id="2862" type="partial gc" contextid="0" timestamp="2019-06-16T00:36:30.844" intervalms="13.371" />
<gc-start id="2863" type="partial gc" contextid="2862" timestamp="2019-06-16T00:36:30.844">
  <mem-info id="2864" free="18874368" total="73400320" percent="25">
    <mem type="eden" free="1048552" total="26214400" percent="3" />
    <remembered-set count="85664" freebytes="2587264" totalbytes="2929920" percent="88" regionsoverflowed="0" regionsstable="0" regionsrebuilding="11"/>
  </mem-info>
</gc-start>
<allocation-stats totalBytes="25080968" >
  <allocated-bytes non-tlh="0" tlh="25080968" arrayletleaf="0"/>
  <largest-consumer threadName="main" threadId="0000000001627700" bytes="12541704" />
</allocation-stats>
<gc-op id="2865" type="copy forward" timems="1.538" contextid="2862" timestamp="2019-06-16T00:36:30.846">
  <memory-copied type="eden" objects="1" bytes="24" bytesdiscarded="0" />
  <memory-copied type="other" objects="0" bytes="0" bytesdiscarded="0" />
  <memory-cardclean objects="16" bytes="416" />
  <regions eden="24" other="1" />
  <remembered-set-cleared processed="84934" cleared="3" durationms="0.571" />
  <stringconstants candidates="13353" cleared="0"  />
</gc-op>
<gc-op id="2866" type="classunload" timems="0.004" contextid="2862" timestamp="2019-06-16T00:36:30.846">
  <classunload-info classloadercandidates="53" classloadersunloaded="0" classesunloaded="0" anonymousclassesunloaded="0" quiescems="0.000" setupms="0.004" scanms="0.000" postms="0.000" />
</gc-op>
<gc-end id="2867" type="partial gc" contextid="2862" durationms="2.486" usertimems="0.000" systemtimems="0.000" timestamp="2019-06-16T00:36:30.846" activeThreads="1">
  <mem-info id="2868" free="44040192" total="73400320" percent="60">
    <mem type="eden" free="1048552" total="1048576" percent="99" />
    <remembered-set count="86144" freebytes="2585344" totalbytes="2929920" percent="88" regionsoverflowed="0" regionsstable="0" regionsrebuilding="11"/>
  </mem-info>
</gc-end>
<cycle-end id="2869" type="partial gc" contextid="2862" timestamp="2019-06-16T00:36:30.846" />
  <attribute name="elasticGC enabled" value="1" />
  <attribute name= "numThreadsSpecified" value="1" />
  <attribute name="heapSize specified" value="0" />
  <attribute name="Current GC Util" value="72" />
  <attribute name= "Current Time Running" value="20510" />
  <attribute name ="GC Interval" value="0" />
  <attribute name="ProportionalT" value="78.000000" />
  <attribute name="ProportionalI" value="78.000000" />
  <attribute name="ProportionalH" value="78.000000" />
  <attribute name="Current Error" value="52.000000" />
  <attribute name="IntegralT" value="0.000000" />
  <attribute name="IntegralI" value="0.000000" />
  <attribute name="IntegralH" value="0.000000" />
  <attribute name="DerivativeT" value="inf" />
  <attribute name="DerivativeI" value="inf" />
  <attribute name="DerivativeH" value="inf" />
  <attribute name="Loop Time for DT" value="0.000000" />
  <attribute name="Output H" value="8388608"/>
  <attribute name="Output I" value="200"/>
  <attribute name="Output T" value="1"/>
  <attribute name="Target GC Util Change" value ="20.000000" />
  <attribute name="Current GC Util Change" value="72.000000"/>
  <attribute name="GC Util currently" value="72" />
  <attribute name="CPU Util currently" value="19080838336252" />
<exclusive-end id="2870" timestamp="2019-06-16T00:36:30.847" durationms="3.423" />

<exclusive-start id="2871" timestamp="2019-06-16T00:36:30.851" intervalms="7.431">
  <response-info timems="0.090" idlems="0.090" threads="0" lastid="0000000001627700" lastname="main" />
</exclusive-start>
<allocation-taxation id="2872" taxation-threshold="12582912" timestamp="2019-06-16T00:36:30.851" intervalms="7.534" />
<gc-start id="2873" type="global mark phase" contextid="2851" timestamp="2019-06-16T00:36:30.851">
  <mem-info id="2874" free="31457280" total="73400320" percent="42">
    <remembered-set count="85664" freebytes="2587264" totalbytes="2929920" percent="88" regionsoverflowed="0" regionsstable="0" regionsrebuilding="11"/>
  </mem-info>
</gc-start>
<gc-end id="2875" type="global mark phase" contextid="2851" durationms="0.246" usertimems="0.000" systemtimems="0.000" timestamp="2019-06-16T00:36:30.851" activeThreads="1">
  <mem-info id="2876" free="31457280" total="73400320" percent="42">
    <remembered-set count="85664" freebytes="2587264" totalbytes="2929920" percent="88" regionsoverflowed="0" regionsstable="0" regionsrebuilding="11"/>
  </mem-info>
</gc-end>
<concurrent-start id="2877" type="GMP work packet processing" contextid="2851" timestamp="2019-06-16T00:36:30.852">
  <concurrent-mark-start scanTarget="1048576" />
</concurrent-start>
<exclusive-end id="2878" timestamp="2019-06-16T00:36:30.853" durationms="1.834" />

<concurrent-end id="2879" type="GMP work packet processing" contextid="2851" timestamp="2019-06-16T00:36:30.853">
  <concurrent-mark-end bytesScanned="1104432" reasonForTermination="Work target met" />
</concurrent-end>

<exclusive-start id="2880" timestamp="2019-06-16T00:36:30.857" intervalms="5.830">
  <response-info timems="0.066" idlems="0.066" threads="0" lastid="0000000001627700" lastname="main" />
</exclusive-start>
<allocation-taxation id="2881" taxation-threshold="12582912" timestamp="2019-06-16T00:36:30.857" intervalms="5.725" />
<cycle-start id="2882" type="partial gc" contextid="0" timestamp="2019-06-16T00:36:30.857" intervalms="13.164" />
<gc-start id="2883" type="partial gc" contextid="2882" timestamp="2019-06-16T00:36:30.857">
  <mem-info id="2884" free="18874368" total="73400320" percent="25">
    <mem type="eden" free="1048552" total="26214400" percent="3" />
    <remembered-set count="92448" freebytes="2560128" totalbytes="2929920" percent="87" regionsoverflowed="0" regionsstable="0" regionsrebuilding="11"/>
  </mem-info>
</gc-start>
<allocation-stats totalBytes="25080968" >
  <allocated-bytes non-tlh="0" tlh="25080968" arrayletleaf="0"/>
  <largest-consumer threadName="main" threadId="0000000001627700" bytes="12541704" />
</allocation-stats>
<gc-op id="2885" type="copy forward" timems="1.568" contextid="2882" timestamp="2019-06-16T00:36:30.859">
  <memory-copied type="eden" objects="1" bytes="24" bytesdiscarded="0" />
  <memory-copied type="other" objects="0" bytes="0" bytesdiscarded="0" />
  <memory-cardclean objects="16" bytes="416" />
  <regions eden="24" other="1" />
  <remembered-set-cleared processed="90549" cleared="4" durationms="0.317" />
  <stringconstants candidates="13353" cleared="0"  />
</gc-op>
<gc-op id="2886" type="classunload" timems="0.004" contextid="2882" timestamp="2019-06-16T00:36:30.859">
  <classunload-info classloadercandidates="53" classloadersunloaded="0" classesunloaded="0" anonymousclassesunloaded="0" quiescems="0.000" setupms="0.004" scanms="0.000" postms="0.000" />
</gc-op>
<gc-end id="2887" type="partial gc" contextid="2882" durationms="2.695" usertimems="4.000" systemtimems="0.000" timestamp="2019-06-16T00:36:30.860" activeThreads="4">
  <mem-info id="2888" free="44040192" total="73400320" percent="60">
    <mem type="eden" free="1048552" total="1048576" percent="99" />
    <remembered-set count="91936" freebytes="2562176" totalbytes="2929920" percent="87" regionsoverflowed="0" regionsstable="0" regionsrebuilding="11"/>
  </mem-info>
</gc-end>
<cycle-end id="2889" type="partial gc" contextid="2882" timestamp="2019-06-16T00:36:30.860" />
  <attribute name="elasticGC enabled" value="1" />
  <attribute name= "numThreadsSpecified" value="4" />
  <attribute name="heapSize specified" value="0" />
  <attribute name="Current GC Util" value="78" />
  <attribute name= "Current Time Running" value="20524" />
  <attribute name ="GC Interval" value="0" />
  <attribute name="ProportionalT" value="87.000000" />
  <attribute name="ProportionalI" value="87.000000" />
  <attribute name="ProportionalH" value="87.000000" />
  <attribute name="Current Error" value="58.000000" />
  <attribute name="IntegralT" value="58.000000" />
  <attribute name="IntegralI" value="58.000000" />
  <attribute name="IntegralH" value="58.000000" />
  <attribute name="DerivativeT" value="20.500000" />
  <attribute name="DerivativeI" value="20.500000" />
  <attribute name="DerivativeH" value="20.500000" />
  <attribute name="Loop Time for DT" value="1.000000" />
  <attribute name="Output H" value="8388608"/>
  <attribute name="Output I" value="200"/>
  <attribute name="Output T" value="4"/>
  <attribute name="Target GC Util Change" value ="20.000000" />
  <attribute name="Current GC Util Change" value="78.000000"/>
  <attribute name="GC Util currently" value="78" />
  <attribute name="CPU Util currently" value="18915236493649" />
<exclusive-end id="2890" timestamp="2019-06-16T00:36:30.860" durationms="3.502" />

<exclusive-start id="2891" timestamp="2019-06-16T00:36:30.864" intervalms="7.450">
  <response-info timems="0.075" idlems="0.075" threads="0" lastid="0000000001627700" lastname="main" />
</exclusive-start>
<allocation-taxation id="2892" taxation-threshold="12582912" timestamp="2019-06-16T00:36:30.864" intervalms="7.524" />
<gc-start id="2893" type="global mark phase" contextid="2851" timestamp="2019-06-16T00:36:30.864">
  <mem-info id="2894" free="31457280" total="73400320" percent="42">
    <remembered-set count="91936" freebytes="2562176" totalbytes="2929920" percent="87" regionsoverflowed="0" regionsstable="0" regionsrebuilding="11"/>
  </mem-info>
</gc-start>
<gc-end id="2895" type="global mark phase" contextid="2851" durationms="0.214" usertimems="0.000" systemtimems="0.000" timestamp="2019-06-16T00:36:30.865" activeThreads="4">
  <mem-info id="2896" free="31457280" total="73400320" percent="42">
    <remembered-set count="91936" freebytes="2562176" totalbytes="2929920" percent="87" regionsoverflowed="0" regionsstable="0" regionsrebuilding="11"/>
  </mem-info>
</gc-end>
<concurrent-start id="2897" type="GMP work packet processing" contextid="2851" timestamp="2019-06-16T00:36:30.865">
  <concurrent-mark-start scanTarget="1345308" />
</concurrent-start>
<exclusive-end id="2898" timestamp="2019-06-16T00:36:30.866" durationms="1.572" />

<concurrent-end id="2899" type="GMP work packet processing" contextid="2851" timestamp="2019-06-16T00:36:30.866">
  <concurrent-mark-end bytesScanned="1393224" reasonForTermination="Work target met" />
</concurrent-end>

<exclusive-start id="2900" timestamp="2019-06-16T00:36:30.869" intervalms="5.478">
  <response-info timems="0.073" idlems="0.073" threads="0" lastid="0000000001627700" lastname="main" />
</exclusive-start>
<allocation-taxation id="2901" taxation-threshold="12582912" timestamp="2019-06-16T00:36:30.870" intervalms="5.476" />
<cycle-start id="2902" type="partial gc" contextid="0" timestamp="2019-06-16T00:36:30.870" intervalms="13.001" />
<gc-start id="2903" type="partial gc" contextid="2902" timestamp="2019-06-16T00:36:30.870">
  <mem-info id="2904" free="18874368" total="73400320" percent="25">
    <mem type="eden" free="1048552" total="26214400" percent="3" />
    <remembered-set count="95968" freebytes="2546048" totalbytes="2929920" percent="86" regionsoverflowed="0" regionsstable="0" regionsrebuilding="11"/>
  </mem-info>
</gc-start>
<allocation-stats totalBytes="25080968" >
  <allocated-bytes non-tlh="0" tlh="25080968" arrayletleaf="0"/>
  <largest-consumer threadName="main" threadId="0000000001627700" bytes="12541704" />
</allocation-stats>
<gc-op id="2905" type="copy forward" timems="1.733" contextid="2902" timestamp="2019-06-16T00:36:30.873">
  <memory-copied type="eden" objects="1" bytes="24" bytesdiscarded="0" />
  <memory-copied type="other" objects="0" bytes="0" bytesdiscarded="0" />
  <memory-cardclean objects="16" bytes="416" />
  <regions eden="24" other="1" />
  <remembered-set-cleared processed="93353" cleared="6" durationms="0.317" />
  <stringconstants candidates="13353" cleared="0"  />
</gc-op>
<gc-op id="2906" type="classunload" timems="0.003" contextid="2902" timestamp="2019-06-16T00:36:30.873">
  <classunload-info classloadercandidates="53" classloadersunloaded="0" classesunloaded="0" anonymousclassesunloaded="0" quiescems="0.000" setupms="0.003" scanms="0.000" postms="0.000" />
</gc-op>
<gc-end id="2907" type="partial gc" contextid="2902" durationms="2.848" usertimems="4.000" systemtimems="0.000" timestamp="2019-06-16T00:36:30.873" activeThreads="4">
  <mem-info id="2908" free="44040192" total="73400320" percent="60">
    <mem type="eden" free="1048552" total="1048576" percent="99" />
    <remembered-set count="95072" freebytes="2549632" totalbytes="2929920" percent="87" regionsoverflowed="0" regionsstable="0" regionsrebuilding="11"/>
  </mem-info>
</gc-end>
<cycle-end id="2909" type="partial gc" contextid="2902" timestamp="2019-06-16T00:36:30.873" />
  <attribute name="elasticGC enabled" value="1" />
  <attribute name= "numThreadsSpecified" value="4" />
  <attribute name="heapSize specified" value="0" />
  <attribute name="Current GC Util" value="69" />
  <attribute name= "Current Time Running" value="20537" />
  <attribute name ="GC Interval" value="0" />
  <attribute name="ProportionalT" value="73.500000" />
  <attribute name="ProportionalI" value="73.500000" />
  <attribute name="ProportionalH" value="73.500000" />
  <attribute name="Current Error" value="49.000000" />
  <attribute name="IntegralT" value="49.000000" />
  <attribute name="IntegralI" value="49.000000" />
  <attribute name="IntegralH" value="49.000000" />
  <attribute name="DerivativeT" value="18.000000" />
  <attribute name="DerivativeI" value="18.000000" />
  <attribute name="DerivativeH" value="18.000000" />
  <attribute name="Loop Time for DT" value="1.000000" />
  <attribute name="Output H" value="8388608"/>
  <attribute name="Output I" value="200"/>
  <attribute name="Output T" value="4"/>
  <attribute name="Target GC Util Change" value ="20.000000" />
  <attribute name="Current GC Util Change" value="69.000000"/>
  <attribute name="GC Util currently" value="69" />
  <attribute name="CPU Util currently" value="19931738133458" />
<exclusive-end id="2910" timestamp="2019-06-16T00:36:30.873" durationms="3.669" />

<exclusive-start id="2911" timestamp="2019-06-16T00:36:30.877" intervalms="7.701">
  <response-info timems="0.078" idlems="0.078" threads="0" lastid="0000000001627700" lastname="main" />
</exclusive-start>
<allocation-taxation id="2912" taxation-threshold="12582912" timestamp="2019-06-16T00:36:30.877" intervalms="7.702" />
<gc-start id="2913" type="global mark phase" contextid="2851" timestamp="2019-06-16T00:36:30.877">
  <mem-info id="2914" free="31457280" total="73400320" percent="42">
    <remembered-set count="94592" freebytes="2551552" totalbytes="2929920" percent="87" regionsoverflowed="0" regionsstable="0" regionsrebuilding="11"/>
  </mem-info>
</gc-start>
<gc-end id="2915" type="global mark phase" contextid="2851" durationms="0.113" usertimems="0.000" systemtimems="0.000" timestamp="2019-06-16T00:36:30.878" activeThreads="4">
  <mem-info id="2916" free="31457280" total="73400320" percent="42">
    <remembered-set count="94592" freebytes="2551552" totalbytes="2929920" percent="87" regionsoverflowed="0" regionsstable="0" regionsrebuilding="11"/>
  </mem-info>
</gc-end>
<concurrent-start id="2917" type="GMP work packet processing" contextid="2851" timestamp="2019-06-16T00:36:30.878">
  <concurrent-mark-start scanTarget="1345308" />
</concurrent-start>
<exclusive-end id="2918" timestamp="2019-06-16T00:36:30.879" durationms="0.693" />

<concurrent-end id="2919" type="GMP work packet processing" contextid="2851" timestamp="2019-06-16T00:36:30.879">
  <concurrent-mark-end bytesScanned="1375744" reasonForTermination="Work target met" />
</concurrent-end>

<exclusive-start id="2920" timestamp="2019-06-16T00:36:30.882" intervalms="5.243">
  <response-info timems="0.057" idlems="0.057" threads="0" lastid="0000000001627700" lastname="main" />
</exclusive-start>
<allocation-taxation id="2921" taxation-threshold="12582912" timestamp="2019-06-16T00:36:30.883" intervalms="5.167" />
<cycle-start id="2922" type="partial gc" contextid="0" timestamp="2019-06-16T00:36:30.883" intervalms="12.858" />
<gc-start id="2923" type="partial gc" contextid="2922" timestamp="2019-06-16T00:36:30.883">
  <mem-info id="2924" free="18874368" total="73400320" percent="25">
    <mem type="eden" free="1048552" total="26214400" percent="3" />
    <remembered-set count="99232" freebytes="2532992" totalbytes="2929920" percent="86" regionsoverflowed="0" regionsstable="0" regionsrebuilding="11"/>
  </mem-info>
</gc-start>
<allocation-stats totalBytes="25080968" >
  <allocated-bytes non-tlh="0" tlh="25080968" arrayletleaf="0"/>
  <largest-consumer threadName="main" threadId="0000000001627700" bytes="12541704" />
</allocation-stats>
<gc-op id="2925" type="copy forward" timems="1.756" contextid="2922" timestamp="2019-06-16T00:36:30.885">
  <memory-copied type="eden" objects="1" bytes="24" bytesdiscarded="0" />
  <memory-copied type="other" objects="0" bytes="0" bytesdiscarded="0" />
  <memory-cardclean objects="16" bytes="416" />
  <regions eden="24" other="1" />
  <remembered-set-cleared processed="97278" cleared="4" durationms="0.332" />
  <stringconstants candidates="13353" cleared="0"  />
</gc-op>
<gc-op id="2926" type="classunload" timems="0.004" contextid="2922" timestamp="2019-06-16T00:36:30.886">
  <classunload-info classloadercandidates="53" classloadersunloaded="0" classesunloaded="0" anonymousclassesunloaded="0" quiescems="0.000" setupms="0.004" scanms="0.000" postms="0.000" />
</gc-op>
<gc-end id="2927" type="partial gc" contextid="2922" durationms="2.860" usertimems="4.000" systemtimems="0.000" timestamp="2019-06-16T00:36:30.886" activeThreads="4">
  <mem-info id="2928" free="44040192" total="73400320" percent="60">
    <mem type="eden" free="1048552" total="1048576" percent="99" />
    <remembered-set count="99072" freebytes="2533632" totalbytes="2929920" percent="86" regionsoverflowed="0" regionsstable="0" regionsrebuilding="11"/>
  </mem-info>
</gc-end>
<cycle-end id="2929" type="partial gc" contextid="2922" timestamp="2019-06-16T00:36:30.886" />
  <attribute name="elasticGC enabled" value="1" />
  <attribute name= "numThreadsSpecified" value="4" />
  <attribute name="heapSize specified" value="0" />
  <attribute name="Current GC Util" value="71" />
  <attribute name= "Current Time Running" value="20550" />
  <attribute name ="GC Interval" value="0" />
  <attribute name="ProportionalT" value="76.500000" />
  <attribute name="ProportionalI" value="76.500000" />
  <attribute name="ProportionalH" value="76.500000" />
  <attribute name="Current Error" value="51.000000" />
  <attribute name="IntegralT" value="51.000000" />
  <attribute name="IntegralI" value="51.000000" />
  <attribute name="IntegralH" value="51.000000" />
  <attribute name="DerivativeT" value="18.500000" />
  <attribute name="DerivativeI" value="18.500000" />
  <attribute name="DerivativeH" value="18.500000" />
  <attribute name="Loop Time for DT" value="1.000000" />
  <attribute name="Output H" value="8388608"/>
  <attribute name="Output I" value="200"/>
  <attribute name="Output T" value="4"/>
  <attribute name="Target GC Util Change" value ="20.000000" />
  <attribute name="Current GC Util Change" value="71.000000"/>
  <attribute name="GC Util currently" value="71" />
  <attribute name="CPU Util currently" value="20057610749437" />
<exclusive-end id="2930" timestamp="2019-06-16T00:36:30.886" durationms="3.664" />

<exclusive-start id="2931" timestamp="2019-06-16T00:36:30.890" intervalms="7.694">
  <response-info timems="0.077" idlems="0.077" threads="0" lastid="0000000001627700" lastname="main" />
</exclusive-start>
<allocation-taxation id="2932" taxation-threshold="12582912" timestamp="2019-06-16T00:36:30.890" intervalms="7.769" />
<gc-start id="2933" type="global mark phase" contextid="2851" timestamp="2019-06-16T00:36:30.891">
  <mem-info id="2934" free="31457280" total="73400320" percent="42">
    <remembered-set count="98592" freebytes="2535552" totalbytes="2929920" percent="86" regionsoverflowed="0" regionsstable="0" regionsrebuilding="11"/>
  </mem-info>
</gc-start>
<gc-end id="2935" type="global mark phase" contextid="2851" durationms="0.116" usertimems="0.000" systemtimems="0.000" timestamp="2019-06-16T00:36:30.891" activeThreads="4">
  <mem-info id="2936" free="31457280" total="73400320" percent="42">
    <remembered-set count="98592" freebytes="2535552" totalbytes="2929920" percent="86" regionsoverflowed="0" regionsstable="0" regionsrebuilding="11"/>
  </mem-info>
</gc-end>
<concurrent-start id="2937" type="GMP work packet processing" contextid="2851" timestamp="2019-06-16T00:36:30.891">
  <concurrent-mark-start scanTarget="1345308" />
</concurrent-start>
<exclusive-end id="2938" timestamp="2019-06-16T00:36:30.892" durationms="1.447" />

<concurrent-end id="2939" type="GMP work packet processing" contextid="2851" timestamp="2019-06-16T00:36:30.892">
  <concurrent-mark-end bytesScanned="1396552" reasonForTermination="Work target met" />
</concurrent-end>

<exclusive-start id="2940" timestamp="2019-06-16T00:36:30.896" intervalms="5.409">
  <response-info timems="0.074" idlems="0.074" threads="0" lastid="0000000001627700" lastname="main" />
</exclusive-start>
<allocation-taxation id="2941" taxation-threshold="12582912" timestamp="2019-06-16T00:36:30.896" intervalms="5.350" />
<cycle-start id="2942" type="partial gc" contextid="0" timestamp="2019-06-16T00:36:30.896" intervalms="13.159" />
<gc-start id="2943" type="partial gc" contextid="2942" timestamp="2019-06-16T00:36:30.896">
  <mem-info id="2944" free="18874368" total="73400320" percent="25">
    <mem type="eden" free="1048552" total="26214400" percent="3" />
    <remembered-set count="101024" freebytes="2525824" totalbytes="2929920" percent="86" regionsoverflowed="0" regionsstable="0" regionsrebuilding="11"/>
  </mem-info>
</gc-start>
<allocation-stats totalBytes="25080968" >
  <allocated-bytes non-tlh="0" tlh="25080968" arrayletleaf="0"/>
  <largest-consumer threadName="main" threadId="0000000001627700" bytes="12541704" />
</allocation-stats>
<gc-op id="2945" type="copy forward" timems="1.665" contextid="2942" timestamp="2019-06-16T00:36:30.898">
  <memory-copied type="eden" objects="1" bytes="24" bytesdiscarded="0" />
  <memory-copied type="other" objects="0" bytes="0" bytesdiscarded="0" />
  <memory-cardclean objects="16" bytes="416" />
  <regions eden="24" other="1" />
  <remembered-set-cleared processed="99048" cleared="4" durationms="0.304" />
  <stringconstants candidates="13353" cleared="0"  />
</gc-op>
<gc-op id="2946" type="classunload" timems="0.004" contextid="2942" timestamp="2019-06-16T00:36:30.898">
  <classunload-info classloadercandidates="53" classloadersunloaded="0" classesunloaded="0" anonymousclassesunloaded="0" quiescems="0.000" setupms="0.004" scanms="0.000" postms="0.000" />
</gc-op>
<gc-end id="2947" type="partial gc" contextid="2942" durationms="2.624" usertimems="4.000" systemtimems="0.000" timestamp="2019-06-16T00:36:30.899" activeThreads="4">
  <mem-info id="2948" free="44040192" total="73400320" percent="60">
    <mem type="eden" free="1048552" total="1048576" percent="99" />
    <remembered-set count="100832" freebytes="2526592" totalbytes="2929920" percent="86" regionsoverflowed="0" regionsstable="0" regionsrebuilding="11"/>
  </mem-info>
</gc-end>
<cycle-end id="2949" type="partial gc" contextid="2942" timestamp="2019-06-16T00:36:30.899" />
  <attribute name="elasticGC enabled" value="1" />
  <attribute name= "numThreadsSpecified" value="4" />
  <attribute name="heapSize specified" value="0" />
  <attribute name="Current GC Util" value="67" />
  <attribute name= "Current Time Running" value="20563" />
  <attribute name ="GC Interval" value="0" />
  <attribute name="ProportionalT" value="70.500000" />
  <attribute name="ProportionalI" value="70.500000" />
  <attribute name="ProportionalH" value="70.500000" />
  <attribute name="Current Error" value="47.000000" />
  <attribute name="IntegralT" value="47.000000" />
  <attribute name="IntegralI" value="47.000000" />
  <attribute name="IntegralH" value="47.000000" />
  <attribute name="DerivativeT" value="18.500000" />
  <attribute name="DerivativeI" value="18.500000" />
  <attribute name="DerivativeH" value="18.500000" />
  <attribute name="Loop Time for DT" value="1.000000" />
  <attribute name="Output H" value="8388608"/>
  <attribute name="Output I" value="200"/>
  <attribute name="Output T" value="4"/>
  <attribute name="Target GC Util Change" value ="20.000000" />
  <attribute name="Current GC Util Change" value="67.000000"/>
  <attribute name="GC Util currently" value="67" />
  <attribute name="CPU Util currently" value="20455561916796" />
<exclusive-end id="2950" timestamp="2019-06-16T00:36:30.899" durationms="3.496" />

<exclusive-start id="2951" timestamp="2019-06-16T00:36:30.903" intervalms="7.507">
  <response-info timems="0.076" idlems="0.076" threads="0" lastid="0000000001627700" lastname="main" />
</exclusive-start>
<allocation-taxation id="2952" taxation-threshold="12582912" timestamp="2019-06-16T00:36:30.903" intervalms="7.562" />
<gc-start id="2953" type="global mark phase" contextid="2851" timestamp="2019-06-16T00:36:30.903">
  <mem-info id="2954" free="31457280" total="73400320" percent="42">
    <remembered-set count="100352" freebytes="2528512" totalbytes="2929920" percent="86" regionsoverflowed="0" regionsstable="0" regionsrebuilding="11"/>
  </mem-info>
</gc-start>
<gc-end id="2955" type="global mark phase" contextid="2851" durationms="0.191" usertimems="0.000" systemtimems="0.000" timestamp="2019-06-16T00:36:30.903" activeThreads="4">
  <mem-info id="2956" free="31457280" total="73400320" percent="42">
    <remembered-set count="100352" freebytes="2528512" totalbytes="2929920" percent="86" regionsoverflowed="0" regionsstable="0" regionsrebuilding="11"/>
  </mem-info>
</gc-end>
<concurrent-start id="2957" type="GMP work packet processing" contextid="2851" timestamp="2019-06-16T00:36:30.904">
  <concurrent-mark-start scanTarget="1345308" />
</concurrent-start>
<exclusive-end id="2958" timestamp="2019-06-16T00:36:30.905" durationms="1.459" />

<concurrent-end id="2959" type="GMP work packet processing" contextid="2851" timestamp="2019-06-16T00:36:30.905">
  <concurrent-mark-end bytesScanned="1395432" reasonForTermination="Work target met" />
</concurrent-end>

<exclusive-start id="2960" timestamp="2019-06-16T00:36:30.908" intervalms="5.393">
  <response-info timems="0.069" idlems="0.069" threads="0" lastid="0000000001627700" lastname="main" />
</exclusive-start>
<allocation-taxation id="2961" taxation-threshold="12582912" timestamp="2019-06-16T00:36:30.909" intervalms="5.324" />
<cycle-start id="2962" type="partial gc" contextid="0" timestamp="2019-06-16T00:36:30.909" intervalms="12.856" />
<gc-start id="2963" type="partial gc" contextid="2962" timestamp="2019-06-16T00:36:30.909">
  <mem-info id="2964" free="18874368" total="73400320" percent="25">
    <mem type="eden" free="1048552" total="26214400" percent="3" />
    <remembered-set count="103840" freebytes="2514560" totalbytes="2929920" percent="85" regionsoverflowed="0" regionsstable="0" regionsrebuilding="11"/>
  </mem-info>
</gc-start>
<allocation-stats totalBytes="25080968" >
  <allocated-bytes non-tlh="0" tlh="25080968" arrayletleaf="0"/>
  <largest-consumer threadName="main" threadId="0000000001627700" bytes="12541704" />
</allocation-stats>
<gc-op id="2965" type="copy forward" timems="1.567" contextid="2962" timestamp="2019-06-16T00:36:30.911">
  <memory-copied type="eden" objects="1" bytes="24" bytesdiscarded="0" />
  <memory-copied type="other" objects="0" bytes="0" bytesdiscarded="0" />
  <memory-cardclean objects="16" bytes="416" />
  <regions eden="24" other="1" />
  <remembered-set-cleared processed="101225" cleared="4" durationms="0.628" />
  <stringconstants candidates="13353" cleared="0"  />
</gc-op>
<gc-op id="2966" type="classunload" timems="0.003" contextid="2962" timestamp="2019-06-16T00:36:30.911">
  <classunload-info classloadercandidates="53" classloadersunloaded="0" classesunloaded="0" anonymousclassesunloaded="0" quiescems="0.000" setupms="0.003" scanms="0.000" postms="0.000" />
</gc-op>
<gc-end id="2967" type="partial gc" contextid="2962" durationms="2.661" usertimems="4.000" systemtimems="0.000" timestamp="2019-06-16T00:36:30.912" activeThreads="1">
  <mem-info id="2968" free="44040192" total="73400320" percent="60">
    <mem type="eden" free="1048552" total="1048576" percent="99" />
    <remembered-set count="104320" freebytes="2512640" totalbytes="2929920" percent="85" regionsoverflowed="0" regionsstable="0" regionsrebuilding="11"/>
  </mem-info>
</gc-end>
<cycle-end id="2969" type="partial gc" contextid="2962" timestamp="2019-06-16T00:36:30.912" />
  <attribute name="elasticGC enabled" value="1" />
  <attribute name= "numThreadsSpecified" value="1" />
  <attribute name="heapSize specified" value="0" />
  <attribute name="Current GC Util" value="48" />
  <attribute name= "Current Time Running" value="20575" />
  <attribute name ="GC Interval" value="0" />
  <attribute name="ProportionalT" value="42.000000" />
  <attribute name="ProportionalI" value="42.000000" />
  <attribute name="ProportionalH" value="42.000000" />
  <attribute name="Current Error" value="28.000000" />
  <attribute name="IntegralT" value="0.000000" />
  <attribute name="IntegralI" value="0.000000" />
  <attribute name="IntegralH" value="0.000000" />
  <attribute name="DerivativeT" value="inf" />
  <attribute name="DerivativeI" value="inf" />
  <attribute name="DerivativeH" value="inf" />
  <attribute name="Loop Time for DT" value="0.000000" />
  <attribute name="Output H" value="8388608"/>
  <attribute name="Output I" value="200"/>
  <attribute name="Output T" value="1"/>
  <attribute name="Target GC Util Change" value ="20.000000" />
  <attribute name="Current GC Util Change" value="48.000000"/>
  <attribute name="GC Util currently" value="48" />
  <attribute name="CPU Util currently" value="16741155038401" />
<exclusive-end id="2970" timestamp="2019-06-16T00:36:30.912" durationms="3.505" />

<exclusive-start id="2971" timestamp="2019-06-16T00:36:30.916" intervalms="7.535">
  <response-info timems="0.072" idlems="0.072" threads="0" lastid="0000000001627700" lastname="main" />
</exclusive-start>
<allocation-taxation id="2972" taxation-threshold="12582912" timestamp="2019-06-16T00:36:30.916" intervalms="7.607" />
<gc-start id="2973" type="global mark phase" contextid="2851" timestamp="2019-06-16T00:36:30.916">
  <mem-info id="2974" free="31457280" total="73400320" percent="42">
    <remembered-set count="103840" freebytes="2514560" totalbytes="2929920" percent="85" regionsoverflowed="0" regionsstable="0" regionsrebuilding="11"/>
  </mem-info>
</gc-start>
<gc-end id="2975" type="global mark phase" contextid="2851" durationms="0.125" usertimems="0.000" systemtimems="0.000" timestamp="2019-06-16T00:36:30.917" activeThreads="1">
  <mem-info id="2976" free="31457280" total="73400320" percent="42">
    <remembered-set count="103840" freebytes="2514560" totalbytes="2929920" percent="85" regionsoverflowed="0" regionsstable="0" regionsrebuilding="11"/>
  </mem-info>
</gc-end>
<concurrent-start id="2977" type="GMP work packet processing" contextid="2851" timestamp="2019-06-16T00:36:30.917">
  <concurrent-mark-start scanTarget="1048576" />
</concurrent-start>
<exclusive-end id="2978" timestamp="2019-06-16T00:36:30.917" durationms="0.823" />

<concurrent-end id="2979" type="GMP work packet processing" contextid="2851" timestamp="2019-06-16T00:36:30.917">
  <concurrent-mark-end bytesScanned="1095060" reasonForTermination="Work target met" />
</concurrent-end>

<exclusive-start id="2980" timestamp="2019-06-16T00:36:30.921" intervalms="5.242">
  <response-info timems="0.059" idlems="0.059" threads="0" lastid="0000000001627700" lastname="main" />
</exclusive-start>
<allocation-taxation id="2981" taxation-threshold="12582912" timestamp="2019-06-16T00:36:30.921" intervalms="5.171" />
<cycle-start id="2982" type="partial gc" contextid="0" timestamp="2019-06-16T00:36:30.921" intervalms="12.773" />
<gc-start id="2983" type="partial gc" contextid="2982" timestamp="2019-06-16T00:36:30.922">
  <mem-info id="2984" free="18874368" total="73400320" percent="25">
    <mem type="eden" free="1048552" total="26214400" percent="3" />
    <remembered-set count="104800" freebytes="2510720" totalbytes="2929920" percent="85" regionsoverflowed="0" regionsstable="0" regionsrebuilding="11"/>
  </mem-info>
</gc-start>
<allocation-stats totalBytes="25080968" >
  <allocated-bytes non-tlh="0" tlh="25080968" arrayletleaf="0"/>
  <largest-consumer threadName="main" threadId="0000000001627700" bytes="12541704" />
</allocation-stats>
<gc-op id="2985" type="copy forward" timems="1.578" contextid="2982" timestamp="2019-06-16T00:36:30.924">
  <memory-copied type="eden" objects="1" bytes="24" bytesdiscarded="0" />
  <memory-copied type="other" objects="0" bytes="0" bytesdiscarded="0" />
  <memory-cardclean objects="16" bytes="416" />
  <regions eden="24" other="1" />
  <remembered-set-cleared processed="102916" cleared="4" durationms="0.640" />
  <stringconstants candidates="13353" cleared="0"  />
</gc-op>
<gc-op id="2986" type="classunload" timems="0.003" contextid="2982" timestamp="2019-06-16T00:36:30.924">
  <classunload-info classloadercandidates="53" classloadersunloaded="0" classesunloaded="0" anonymousclassesunloaded="0" quiescems="0.000" setupms="0.003" scanms="0.000" postms="0.000" />
</gc-op>
<gc-end id="2987" type="partial gc" contextid="2982" durationms="2.690" usertimems="4.000" systemtimems="0.000" timestamp="2019-06-16T00:36:30.924" activeThreads="1">
  <mem-info id="2988" free="44040192" total="73400320" percent="60">
    <mem type="eden" free="1048552" total="1048576" percent="99" />
    <remembered-set count="105280" freebytes="2508800" totalbytes="2929920" percent="85" regionsoverflowed="0" regionsstable="0" regionsrebuilding="11"/>
  </mem-info>
</gc-end>
<cycle-end id="2989" type="partial gc" contextid="2982" timestamp="2019-06-16T00:36:30.924" />
  <attribute name="elasticGC enabled" value="1" />
  <attribute name= "numThreadsSpecified" value="1" />
  <attribute name="heapSize specified" value="0" />
  <attribute name="Current GC Util" value="59" />
  <attribute name= "Current Time Running" value="20588" />
  <attribute name ="GC Interval" value="0" />
  <attribute name="ProportionalT" value="58.500000" />
  <attribute name="ProportionalI" value="58.500000" />
  <attribute name="ProportionalH" value="58.500000" />
  <attribute name="Current Error" value="39.000000" />
  <attribute name="IntegralT" value="0.000000" />
  <attribute name="IntegralI" value="0.000000" />
  <attribute name="IntegralH" value="0.000000" />
  <attribute name="DerivativeT" value="inf" />
  <attribute name="DerivativeI" value="inf" />
  <attribute name="DerivativeH" value="inf" />
  <attribute name="Loop Time for DT" value="0.000000" />
  <attribute name="Output H" value="8388608"/>
  <attribute name="Output I" value="200"/>
  <attribute name="Output T" value="1"/>
  <attribute name="Target GC Util Change" value ="20.000000" />
  <attribute name="Current GC Util Change" value="59.000000"/>
  <attribute name="GC Util currently" value="59" />
  <attribute name="CPU Util currently" value="15473483174377" />
<exclusive-end id="2990" timestamp="2019-06-16T00:36:30.925" durationms="3.550" />

<exclusive-start id="2991" timestamp="2019-06-16T00:36:30.929" intervalms="7.586">
  <response-info timems="0.071" idlems="0.071" threads="0" lastid="0000000001627700" lastname="main" />
</exclusive-start>
<allocation-taxation id="2992" taxation-threshold="12582912" timestamp="2019-06-16T00:36:30.929" intervalms="7.656" />
<gc-start id="2993" type="global mark phase" contextid="2851" timestamp="2019-06-16T00:36:30.929">
  <mem-info id="2994" free="31457280" total="73400320" percent="42">
    <remembered-set count="104800" freebytes="2510720" totalbytes="2929920" percent="85" regionsoverflowed="0" regionsstable="0" regionsrebuilding="11"/>
  </mem-info>
</gc-start>
<gc-end id="2995" type="global mark phase" contextid="2851" durationms="0.128" usertimems="0.000" systemtimems="0.000" timestamp="2019-06-16T00:36:30.929" activeThreads="1">
  <mem-info id="2996" free="31457280" total="73400320" percent="42">
    <remembered-set count="104800" freebytes="2510720" totalbytes="2929920" percent="85" regionsoverflowed="0" regionsstable="0" regionsrebuilding="11"/>
  </mem-info>
</gc-end>
<concurrent-start id="2997" type="GMP work packet processing" contextid="2851" timestamp="2019-06-16T00:36:30.929">
  <concurrent-mark-start scanTarget="1048576" />
</concurrent-start>
<exclusive-end id="2998" timestamp="2019-06-16T00:36:30.930" durationms="1.308" />

<concurrent-end id="2999" type="GMP work packet processing" contextid="2851" timestamp="2019-06-16T00:36:30.930">
  <concurrent-mark-end bytesScanned="1095992" reasonForTermination="Work target met" />
</concurrent-end>

<exclusive-start id="3000" timestamp="2019-06-16T00:36:30.934" intervalms="5.243">
  <response-info timems="0.073" idlems="0.073" threads="0" lastid="0000000001627700" lastname="main" />
</exclusive-start>
<allocation-taxation id="3001" taxation-threshold="12582912" timestamp="2019-06-16T00:36:30.934" intervalms="5.173" />
<cycle-start id="3002" type="partial gc" contextid="0" timestamp="2019-06-16T00:36:30.934" intervalms="12.827" />
<gc-start id="3003" type="partial gc" contextid="3002" timestamp="2019-06-16T00:36:30.934">
  <mem-info id="3004" free="18874368" total="73400320" percent="25">
    <mem type="eden" free="1048552" total="26214400" percent="3" />
    <remembered-set count="107264" freebytes="2500864" totalbytes="2929920" percent="85" regionsoverflowed="0" regionsstable="0" regionsrebuilding="11"/>
  </mem-info>
</gc-start>
<allocation-stats totalBytes="25080968" >
  <allocated-bytes non-tlh="0" tlh="25080968" arrayletleaf="0"/>
  <largest-consumer threadName="main" threadId="0000000001627700" bytes="12541704" />
</allocation-stats>
<gc-op id="3005" type="copy forward" timems="1.583" contextid="3002" timestamp="2019-06-16T00:36:30.937">
  <memory-copied type="eden" objects="1" bytes="24" bytesdiscarded="0" />
  <memory-copied type="other" objects="0" bytes="0" bytesdiscarded="0" />
  <memory-cardclean objects="16" bytes="416" />
  <regions eden="24" other="1" />
  <remembered-set-cleared processed="105217" cleared="4" durationms="0.648" />
  <stringconstants candidates="13353" cleared="0"  />
</gc-op>
<gc-op id="3006" type="classunload" timems="0.003" contextid="3002" timestamp="2019-06-16T00:36:30.937">
  <classunload-info classloadercandidates="53" classloadersunloaded="0" classesunloaded="0" anonymousclassesunloaded="0" quiescems="0.000" setupms="0.003" scanms="0.000" postms="0.000" />
</gc-op>
<gc-end id="3007" type="partial gc" contextid="3002" durationms="2.668" usertimems="0.000" systemtimems="0.000" timestamp="2019-06-16T00:36:30.937" activeThreads="1">
  <mem-info id="3008" free="44040192" total="73400320" percent="60">
    <mem type="eden" free="1048552" total="1048576" percent="99" />
    <remembered-set count="107712" freebytes="2499072" totalbytes="2929920" percent="85" regionsoverflowed="0" regionsstable="0" regionsrebuilding="11"/>
  </mem-info>
</gc-end>
<cycle-end id="3009" type="partial gc" contextid="3002" timestamp="2019-06-16T00:36:30.937" />
  <attribute name="elasticGC enabled" value="1" />
  <attribute name= "numThreadsSpecified" value="1" />
  <attribute name="heapSize specified" value="0" />
  <attribute name="Current GC Util" value="62" />
  <attribute name= "Current Time Running" value="20601" />
  <attribute name ="GC Interval" value="0" />
  <attribute name="ProportionalT" value="63.000000" />
  <attribute name="ProportionalI" value="63.000000" />
  <attribute name="ProportionalH" value="63.000000" />
  <attribute name="Current Error" value="42.000000" />
  <attribute name="IntegralT" value="0.000000" />
  <attribute name="IntegralI" value="0.000000" />
  <attribute name="IntegralH" value="0.000000" />
  <attribute name="DerivativeT" value="inf" />
  <attribute name="DerivativeI" value="inf" />
  <attribute name="DerivativeH" value="inf" />
  <attribute name="Loop Time for DT" value="0.000000" />
  <attribute name="Output H" value="8388608"/>
  <attribute name="Output I" value="200"/>
  <attribute name="Output T" value="1"/>
  <attribute name="Target GC Util Change" value ="20.000000" />
  <attribute name="Current GC Util Change" value="62.000000"/>
  <attribute name="GC Util currently" value="62" />
  <attribute name="CPU Util currently" value="20353455636950" />
<exclusive-end id="3010" timestamp="2019-06-16T00:36:30.938" durationms="3.508" />

<exclusive-start id="3011" timestamp="2019-06-16T00:36:30.942" intervalms="7.453">
  <response-info timems="0.074" idlems="0.074" threads="0" lastid="0000000001627700" lastname="main" />
</exclusive-start>
<allocation-taxation id="3012" taxation-threshold="12582912" timestamp="2019-06-16T00:36:30.942" intervalms="7.523" />
<gc-start id="3013" type="global mark phase" contextid="2851" timestamp="2019-06-16T00:36:30.942">
  <mem-info id="3014" free="31457280" total="73400320" percent="42">
    <remembered-set count="107264" freebytes="2500864" totalbytes="2929920" percent="85" regionsoverflowed="0" regionsstable="0" regionsrebuilding="11"/>
  </mem-info>
</gc-start>
<gc-end id="3015" type="global mark phase" contextid="2851" durationms="0.119" usertimems="0.000" systemtimems="0.000" timestamp="2019-06-16T00:36:30.942" activeThreads="1">
  <mem-info id="3016" free="31457280" total="73400320" percent="42">
    <remembered-set count="107264" freebytes="2500864" totalbytes="2929920" percent="85" regionsoverflowed="0" regionsstable="0" regionsrebuilding="11"/>
  </mem-info>
</gc-end>
<concurrent-start id="3017" type="GMP work packet processing" contextid="2851" timestamp="2019-06-16T00:36:30.942">
  <concurrent-mark-start scanTarget="1048576" />
</concurrent-start>
<exclusive-end id="3018" timestamp="2019-06-16T00:36:30.942" durationms="0.869" />

<concurrent-end id="3019" type="GMP work packet processing" contextid="2851" timestamp="2019-06-16T00:36:30.943">
  <concurrent-mark-end bytesScanned="1093572" reasonForTermination="Work target met" />
</concurrent-end>

<exclusive-start id="3020" timestamp="2019-06-16T00:36:30.947" intervalms="5.286">
  <response-info timems="0.055" idlems="0.055" threads="0" lastid="0000000001627700" lastname="main" />
</exclusive-start>
<allocation-taxation id="3021" taxation-threshold="12582912" timestamp="2019-06-16T00:36:30.947" intervalms="5.213" />
<cycle-start id="3022" type="partial gc" contextid="0" timestamp="2019-06-16T00:36:30.947" intervalms="12.735" />
<gc-start id="3023" type="partial gc" contextid="3022" timestamp="2019-06-16T00:36:30.947">
  <mem-info id="3024" free="18874368" total="73400320" percent="25">
    <mem type="eden" free="1048552" total="26214400" percent="3" />
    <remembered-set count="109664" freebytes="2491264" totalbytes="2929920" percent="85" regionsoverflowed="0" regionsstable="0" regionsrebuilding="11"/>
  </mem-info>
</gc-start>
<allocation-stats totalBytes="25080968" >
  <allocated-bytes non-tlh="0" tlh="25080968" arrayletleaf="0"/>
  <largest-consumer threadName="main" threadId="0000000001627700" bytes="12541704" />
</allocation-stats>
<gc-op id="3025" type="copy forward" timems="1.541" contextid="3022" timestamp="2019-06-16T00:36:30.949">
  <memory-copied type="eden" objects="1" bytes="24" bytesdiscarded="0" />
  <memory-copied type="other" objects="0" bytes="0" bytesdiscarded="0" />
  <memory-cardclean objects="16" bytes="416" />
  <regions eden="24" other="1" />
  <remembered-set-cleared processed="107705" cleared="4" durationms="0.651" />
  <stringconstants candidates="13353" cleared="0"  />
</gc-op>
<gc-op id="3026" type="classunload" timems="0.004" contextid="3022" timestamp="2019-06-16T00:36:30.950">
  <classunload-info classloadercandidates="53" classloadersunloaded="0" classesunloaded="0" anonymousclassesunloaded="0" quiescems="0.000" setupms="0.004" scanms="0.000" postms="0.000" />
</gc-op>
<gc-end id="3027" type="partial gc" contextid="3022" durationms="2.576" usertimems="0.000" systemtimems="0.000" timestamp="2019-06-16T00:36:30.950" activeThreads="1">
  <mem-info id="3028" free="44040192" total="73400320" percent="60">
    <mem type="eden" free="1048552" total="1048576" percent="99" />
    <remembered-set count="110144" freebytes="2489344" totalbytes="2929920" percent="84" regionsoverflowed="0" regionsstable="0" regionsrebuilding="11"/>
  </mem-info>
</gc-end>
<cycle-end id="3029" type="partial gc" contextid="3022" timestamp="2019-06-16T00:36:30.950" />
  <attribute name="elasticGC enabled" value="1" />
  <attribute name= "numThreadsSpecified" value="1" />
  <attribute name="heapSize specified" value="0" />
  <attribute name="Current GC Util" value="47" />
  <attribute name= "Current Time Running" value="20614" />
  <attribute name ="GC Interval" value="0" />
  <attribute name="ProportionalT" value="40.500000" />
  <attribute name="ProportionalI" value="40.500000" />
  <attribute name="ProportionalH" value="40.500000" />
  <attribute name="Current Error" value="27.000000" />
  <attribute name="IntegralT" value="0.000000" />
  <attribute name="IntegralI" value="0.000000" />
  <attribute name="IntegralH" value="0.000000" />
  <attribute name="DerivativeT" value="inf" />
  <attribute name="DerivativeI" value="inf" />
  <attribute name="DerivativeH" value="inf" />
  <attribute name="Loop Time for DT" value="0.000000" />
  <attribute name="Output H" value="8388608"/>
  <attribute name="Output I" value="200"/>
  <attribute name="Output T" value="1"/>
  <attribute name="Target GC Util Change" value ="20.000000" />
  <attribute name="Current GC Util Change" value="47.000000"/>
  <attribute name="GC Util currently" value="47" />
  <attribute name="CPU Util currently" value="16363767251496" />
<exclusive-end id="3030" timestamp="2019-06-16T00:36:30.950" durationms="3.394" />

<exclusive-start id="3031" timestamp="2019-06-16T00:36:30.954" intervalms="7.428">
  <response-info timems="0.072" idlems="0.072" threads="0" lastid="0000000001627700" lastname="main" />
</exclusive-start>
<allocation-taxation id="3032" taxation-threshold="12582912" timestamp="2019-06-16T00:36:30.954" intervalms="7.504" />
<gc-start id="3033" type="global mark phase" contextid="2851" timestamp="2019-06-16T00:36:30.955">
  <mem-info id="3034" free="31457280" total="73400320" percent="42">
    <remembered-set count="109664" freebytes="2491264" totalbytes="2929920" percent="85" regionsoverflowed="0" regionsstable="0" regionsrebuilding="11"/>
  </mem-info>
</gc-start>
<gc-end id="3035" type="global mark phase" contextid="2851" durationms="0.165" usertimems="0.000" systemtimems="0.000" timestamp="2019-06-16T00:36:30.955" activeThreads="1">
  <mem-info id="3036" free="31457280" total="73400320" percent="42">
    <remembered-set count="109664" freebytes="2491264" totalbytes="2929920" percent="85" regionsoverflowed="0" regionsstable="0" regionsrebuilding="11"/>
  </mem-info>
</gc-end>
<concurrent-start id="3037" type="GMP work packet processing" contextid="2851" timestamp="2019-06-16T00:36:30.955">
  <concurrent-mark-start scanTarget="1048576" />
</concurrent-start>
<exclusive-end id="3038" timestamp="2019-06-16T00:36:30.956" durationms="0.837" />

<concurrent-end id="3039" type="GMP work packet processing" contextid="2851" timestamp="2019-06-16T00:36:30.956">
  <concurrent-mark-end bytesScanned="1092216" reasonForTermination="Work target met" />
</concurrent-end>

<exclusive-start id="3040" timestamp="2019-06-16T00:36:30.960" intervalms="5.364">
  <response-info timems="0.079" idlems="0.079" threads="0" lastid="0000000001627700" lastname="main" />
</exclusive-start>
<allocation-taxation id="3041" taxation-threshold="12582912" timestamp="2019-06-16T00:36:30.960" intervalms="5.336" />
<cycle-start id="3042" type="partial gc" contextid="0" timestamp="2019-06-16T00:36:30.960" intervalms="12.950" />
<gc-start id="3043" type="partial gc" contextid="3042" timestamp="2019-06-16T00:36:30.960">
  <mem-info id="3044" free="18874368" total="73400320" percent="25">
    <mem type="eden" free="1048552" total="26214400" percent="3" />
    <remembered-set count="113088" freebytes="2477568" totalbytes="2929920" percent="84" regionsoverflowed="0" regionsstable="0" regionsrebuilding="11"/>
  </mem-info>
</gc-start>
<allocation-stats totalBytes="25080968" >
  <allocated-bytes non-tlh="0" tlh="25080968" arrayletleaf="0"/>
  <largest-consumer threadName="main" threadId="0000000001627700" bytes="12541704" />
</allocation-stats>
<gc-op id="3045" type="copy forward" timems="1.591" contextid="3042" timestamp="2019-06-16T00:36:30.963">
  <memory-copied type="eden" objects="1" bytes="24" bytesdiscarded="0" />
  <memory-copied type="other" objects="0" bytes="0" bytesdiscarded="0" />
  <memory-cardclean objects="16" bytes="416" />
  <regions eden="24" other="1" />
  <remembered-set-cleared processed="110693" cleared="4" durationms="0.662" />
  <stringconstants candidates="13353" cleared="0"  />
</gc-op>
<gc-op id="3046" type="classunload" timems="0.003" contextid="3042" timestamp="2019-06-16T00:36:30.963">
  <classunload-info classloadercandidates="53" classloadersunloaded="0" classesunloaded="0" anonymousclassesunloaded="0" quiescems="0.000" setupms="0.003" scanms="0.000" postms="0.000" />
</gc-op>
<gc-end id="3047" type="partial gc" contextid="3042" durationms="2.612" usertimems="4.000" systemtimems="0.000" timestamp="2019-06-16T00:36:30.963" activeThreads="1">
  <mem-info id="3048" free="44040192" total="73400320" percent="60">
    <mem type="eden" free="1048552" total="1048576" percent="99" />
    <remembered-set count="113568" freebytes="2475648" totalbytes="2929920" percent="84" regionsoverflowed="0" regionsstable="0" regionsrebuilding="11"/>
  </mem-info>
</gc-end>
<cycle-end id="3049" type="partial gc" contextid="3042" timestamp="2019-06-16T00:36:30.963" />
  <attribute name="elasticGC enabled" value="1" />
  <attribute name= "numThreadsSpecified" value="1" />
  <attribute name="heapSize specified" value="0" />
  <attribute name="Current GC Util" value="79" />
  <attribute name= "Current Time Running" value="20627" />
  <attribute name ="GC Interval" value="0" />
  <attribute name="ProportionalT" value="88.500000" />
  <attribute name="ProportionalI" value="88.500000" />
  <attribute name="ProportionalH" value="88.500000" />
  <attribute name="Current Error" value="59.000000" />
  <attribute name="IntegralT" value="0.000000" />
  <attribute name="IntegralI" value="0.000000" />
  <attribute name="IntegralH" value="0.000000" />
  <attribute name="DerivativeT" value="inf" />
  <attribute name="DerivativeI" value="inf" />
  <attribute name="DerivativeH" value="inf" />
  <attribute name="Loop Time for DT" value="0.000000" />
  <attribute name="Output H" value="8388608"/>
  <attribute name="Output I" value="200"/>
  <attribute name="Output T" value="1"/>
  <attribute name="Target GC Util Change" value ="20.000000" />
  <attribute name="Current GC Util Change" value="79.000000"/>
  <attribute name="GC Util currently" value="79" />
  <attribute name="CPU Util currently" value="19228016686030" />
<exclusive-end id="3050" timestamp="2019-06-16T00:36:30.963" durationms="3.662" />

<exclusive-start id="3051" timestamp="2019-06-16T00:36:30.967" intervalms="7.679">
  <response-info timems="0.077" idlems="0.077" threads="0" lastid="0000000001627700" lastname="main" />
</exclusive-start>
<allocation-taxation id="3052" taxation-threshold="12582912" timestamp="2019-06-16T00:36:30.967" intervalms="7.698" />
<gc-start id="3053" type="global mark phase" contextid="2851" timestamp="2019-06-16T00:36:30.968">
  <mem-info id="3054" free="31457280" total="73400320" percent="42">
    <remembered-set count="113088" freebytes="2477568" totalbytes="2929920" percent="84" regionsoverflowed="0" regionsstable="0" regionsrebuilding="11"/>
  </mem-info>
</gc-start>
<gc-end id="3055" type="global mark phase" contextid="2851" durationms="0.200" usertimems="0.000" systemtimems="0.000" timestamp="2019-06-16T00:36:30.968" activeThreads="1">
  <mem-info id="3056" free="31457280" total="73400320" percent="42">
    <remembered-set count="113088" freebytes="2477568" totalbytes="2929920" percent="84" regionsoverflowed="0" regionsstable="0" regionsrebuilding="11"/>
  </mem-info>
</gc-end>
<concurrent-start id="3057" type="GMP work packet processing" contextid="2851" timestamp="2019-06-16T00:36:30.968">
  <concurrent-mark-start scanTarget="1048576" />
</concurrent-start>
<exclusive-end id="3058" timestamp="2019-06-16T00:36:30.968" durationms="0.798" />

<concurrent-end id="3059" type="GMP work packet processing" contextid="2851" timestamp="2019-06-16T00:36:30.969">
  <concurrent-mark-end bytesScanned="947868" reasonForTermination="Completed all work in GC phase" />
</concurrent-end>

<exclusive-start id="3060" timestamp="2019-06-16T00:36:30.972" intervalms="5.201">
  <response-info timems="0.065" idlems="0.065" threads="0" lastid="0000000001627700" lastname="main" />
</exclusive-start>
<allocation-taxation id="3061" taxation-threshold="12582912" timestamp="2019-06-16T00:36:30.973" intervalms="5.198" />
<cycle-start id="3062" type="partial gc" contextid="0" timestamp="2019-06-16T00:36:30.973" intervalms="12.881" />
<gc-start id="3063" type="partial gc" contextid="3062" timestamp="2019-06-16T00:36:30.973">
  <mem-info id="3064" free="18874368" total="73400320" percent="25">
    <mem type="eden" free="1048552" total="26214400" percent="3" />
    <remembered-set count="115360" freebytes="2468480" totalbytes="2929920" percent="84" regionsoverflowed="0" regionsstable="0" regionsrebuilding="11"/>
  </mem-info>
</gc-start>
<allocation-stats totalBytes="25080968" >
  <allocated-bytes non-tlh="0" tlh="25080968" arrayletleaf="0"/>
  <largest-consumer threadName="main" threadId="0000000001627700" bytes="12541704" />
</allocation-stats>
<gc-op id="3065" type="copy forward" timems="1.484" contextid="3062" timestamp="2019-06-16T00:36:30.975">
  <memory-copied type="eden" objects="1" bytes="24" bytesdiscarded="0" />
  <memory-copied type="other" objects="0" bytes="0" bytesdiscarded="0" />
  <memory-cardclean objects="16" bytes="416" />
  <regions eden="24" other="1" />
  <remembered-set-cleared processed="112986" cleared="4" durationms="0.327" />
  <stringconstants candidates="13353" cleared="0"  />
</gc-op>
<gc-op id="3066" type="classunload" timems="0.004" contextid="3062" timestamp="2019-06-16T00:36:30.975">
  <classunload-info classloadercandidates="53" classloadersunloaded="0" classesunloaded="0" anonymousclassesunloaded="0" quiescems="0.000" setupms="0.004" scanms="0.000" postms="0.000" />
</gc-op>
<gc-end id="3067" type="partial gc" contextid="3062" durationms="2.516" usertimems="4.000" systemtimems="0.000" timestamp="2019-06-16T00:36:30.976" activeThreads="4">
  <mem-info id="3068" free="44040192" total="73400320" percent="60">
    <mem type="eden" free="1048552" total="1048576" percent="99" />
    <remembered-set count="114816" freebytes="2470656" totalbytes="2929920" percent="84" regionsoverflowed="0" regionsstable="0" regionsrebuilding="11"/>
  </mem-info>
</gc-end>
<cycle-end id="3069" type="partial gc" contextid="3062" timestamp="2019-06-16T00:36:30.976" />
  <attribute name="elasticGC enabled" value="1" />
  <attribute name= "numThreadsSpecified" value="4" />
  <attribute name="heapSize specified" value="0" />
  <attribute name="Current GC Util" value="59" />
  <attribute name= "Current Time Running" value="20640" />
  <attribute name ="GC Interval" value="0" />
  <attribute name="ProportionalT" value="58.500000" />
  <attribute name="ProportionalI" value="58.500000" />
  <attribute name="ProportionalH" value="58.500000" />
  <attribute name="Current Error" value="39.000000" />
  <attribute name="IntegralT" value="39.000000" />
  <attribute name="IntegralI" value="39.000000" />
  <attribute name="IntegralH" value="39.000000" />
  <attribute name="DerivativeT" value="16.500000" />
  <attribute name="DerivativeI" value="16.500000" />
  <attribute name="DerivativeH" value="16.500000" />
  <attribute name="Loop Time for DT" value="1.000000" />
  <attribute name="Output H" value="8388608"/>
  <attribute name="Output I" value="200"/>
  <attribute name="Output T" value="4"/>
  <attribute name="Target GC Util Change" value ="20.000000" />
  <attribute name="Current GC Util Change" value="59.000000"/>
  <attribute name="GC Util currently" value="59" />
  <attribute name="CPU Util currently" value="19314101585641" />
<exclusive-end id="3070" timestamp="2019-06-16T00:36:30.976" durationms="3.494" />

<exclusive-start id="3071" timestamp="2019-06-16T00:36:30.980" intervalms="7.562">
  <response-info timems="0.070" idlems="0.070" threads="0" lastid="0000000001627700" lastname="main" />
</exclusive-start>
<allocation-taxation id="3072" taxation-threshold="12582912" timestamp="2019-06-16T00:36:30.980" intervalms="7.569" />
<gc-start id="3073" type="global mark phase" contextid="2851" timestamp="2019-06-16T00:36:30.980">
  <mem-info id="3074" free="31457280" total="73400320" percent="42">
    <remembered-set count="114816" freebytes="2470656" totalbytes="2929920" percent="84" regionsoverflowed="0" regionsstable="0" regionsrebuilding="11"/>
  </mem-info>
</gc-start>
<gc-op id="3075" type="mark increment" timems="1.218" contextid="2851" timestamp="2019-06-16T00:36:30.982">
  <trace-info objectcount="1" scancount="1" scanbytes="24" />
  <cardclean-info objects="17" bytes="440" />
  <finalization candidates="80" enqueued="0" />
  <ownableSynchronizers candidates="21" cleared="0" />
  <references type="soft" candidates="2230" cleared="56" enqueued="56" dynamicThreshold="19" maxThreshold="32" />
  <references type="weak" candidates="5710" cleared="4" enqueued="3" />
  <references type="phantom" candidates="101" cleared="0" enqueued="0" />
  <stringconstants candidates="13353" cleared="0"  />
</gc-op>
<gc-op id="3076" type="classunload" timems="0.004" contextid="2851" timestamp="2019-06-16T00:36:30.982">
  <classunload-info classloadercandidates="53" classloadersunloaded="0" classesunloaded="0" anonymousclassesunloaded="0" quiescems="0.000" setupms="0.004" scanms="0.000" postms="0.000" />
</gc-op>
<gc-end id="3077" type="global mark phase" contextid="2851" durationms="1.829" usertimems="0.000" systemtimems="4.000" timestamp="2019-06-16T00:36:30.982" activeThreads="4">
  <mem-info id="3078" free="31457280" total="73400320" percent="42">
    <pending-finalizers system="0" default="0" reference="59" classloader="0" />
    <remembered-set count="115328" freebytes="2468608" totalbytes="2929920" percent="84" regionsoverflowed="0" regionsstable="0" regionsrebuilding="0"/>
  </mem-info>
</gc-end>
<cycle-end id="3079" type="global mark phase" contextid="2851" timestamp="2019-06-16T00:36:30.982" />
  <attribute name="elasticGC enabled" value="1" />
  <attribute name= "numThreadsSpecified" value="4" />
  <attribute name="heapSize specified" value="0" />
  <attribute name="Current GC Util" value="46" />
  <attribute name= "Current Time Running" value="20647" />
  <attribute name ="GC Interval" value="0" />
  <attribute name="ProportionalT" value="39.000000" />
  <attribute name="ProportionalI" value="39.000000" />
  <attribute name="ProportionalH" value="39.000000" />
  <attribute name="Current Error" value="26.000000" />
  <attribute name="IntegralT" value="0.000000" />
  <attribute name="IntegralI" value="0.000000" />
  <attribute name="IntegralH" value="0.000000" />
  <attribute name="DerivativeT" value="-inf" />
  <attribute name="DerivativeI" value="-inf" />
  <attribute name="DerivativeH" value="-inf" />
  <attribute name="Loop Time for DT" value="0.000000" />
  <attribute name="Output H" value="2091843584"/>
  <attribute name="Output I" value="200"/>
  <attribute name="Output T" value="4"/>
  <attribute name="Target GC Util Change" value ="20.000000" />
  <attribute name="Current GC Util Change" value="46.000000"/>
  <attribute name="GC Util currently" value="46" />
  <attribute name="CPU Util currently" value="26507598621646" />
<exclusive-end id="3080" timestamp="2019-06-16T00:36:30.983" durationms="2.482" />

<exclusive-start id="3081" timestamp="2019-06-16T00:36:30.987" intervalms="6.504">
  <response-info timems="0.075" idlems="0.075" threads="0" lastid="0000000001627700" lastname="main" />
</exclusive-start>
<allocation-taxation id="3082" taxation-threshold="12582912" timestamp="2019-06-16T00:36:30.987" intervalms="6.494" />
<cycle-start id="3083" type="partial gc" contextid="0" timestamp="2019-06-16T00:36:30.987" intervalms="14.012" />
<gc-start id="3084" type="partial gc" contextid="3083" timestamp="2019-06-16T00:36:30.987">
  <mem-info id="3085" free="18874368" total="73400320" percent="25">
    <mem type="eden" free="1048552" total="26214400" percent="3" />
    <remembered-set count="93280" freebytes="2556800" totalbytes="2929920" percent="87" regionsoverflowed="0" regionsstable="7" regionsrebuilding="0"/>
  </mem-info>
</gc-start>
<allocation-stats totalBytes="25080968" >
  <allocated-bytes non-tlh="0" tlh="25080968" arrayletleaf="0"/>
  <largest-consumer threadName="main" threadId="0000000001627700" bytes="12541704" />
</allocation-stats>
<gc-op id="3086" type="sweep" timems="0.598" contextid="3083" timestamp="2019-06-16T00:36:30.988" />
<gc-op id="3087" type="copy forward" timems="1.584" contextid="3083" timestamp="2019-06-16T00:36:30.990">
  <memory-copied type="eden" objects="1" bytes="24" bytesdiscarded="0" />
  <memory-copied type="other" objects="0" bytes="0" bytesdiscarded="0" />
  <memory-cardclean objects="331" bytes="13032" />
  <regions eden="12" other="1" />
  <remembered-set-cleared processed="91471" cleared="24" durationms="0.323" />
  <stringconstants candidates="13353" cleared="0"  />
</gc-op>
<gc-op id="3088" type="classunload" timems="0.003" contextid="3083" timestamp="2019-06-16T00:36:30.990">
  <classunload-info classloadercandidates="53" classloadersunloaded="0" classesunloaded="0" anonymousclassesunloaded="0" quiescems="0.000" setupms="0.003" scanms="0.000" postms="0.000" />
</gc-op>
<gc-end id="3089" type="partial gc" contextid="3083" durationms="3.501" usertimems="4.000" systemtimems="0.000" timestamp="2019-06-16T00:36:30.991" activeThreads="4">
  <mem-info id="3090" free="44040192" total="73400320" percent="60">
    <mem type="eden" free="1048552" total="1048576" percent="99" />
    <remembered-set count="93376" freebytes="2556416" totalbytes="2929920" percent="87" regionsoverflowed="0" regionsstable="7" regionsrebuilding="0"/>
  </mem-info>
</gc-end>
<cycle-end id="3091" type="partial gc" contextid="3083" timestamp="2019-06-16T00:36:30.991" />
  <attribute name="elasticGC enabled" value="1" />
  <attribute name= "numThreadsSpecified" value="4" />
  <attribute name="heapSize specified" value="0" />
  <attribute name="Current GC Util" value="67" />
  <attribute name= "Current Time Running" value="20655" />
  <attribute name ="GC Interval" value="0" />
  <attribute name="ProportionalT" value="70.500000" />
  <attribute name="ProportionalI" value="70.500000" />
  <attribute name="ProportionalH" value="70.500000" />
  <attribute name="Current Error" value="47.000000" />
  <attribute name="IntegralT" value="47.000000" />
  <attribute name="IntegralI" value="47.000000" />
  <attribute name="IntegralH" value="47.000000" />
  <attribute name="DerivativeT" value="-3.000000" />
  <attribute name="DerivativeI" value="-3.000000" />
  <attribute name="DerivativeH" value="-3.000000" />
  <attribute name="Loop Time for DT" value="1.000000" />
  <attribute name="Output H" value="8388608"/>
  <attribute name="Output I" value="200"/>
  <attribute name="Output T" value="4"/>
  <attribute name="Target GC Util Change" value ="20.000000" />
  <attribute name="Current GC Util Change" value="67.000000"/>
  <attribute name="GC Util currently" value="67" />
  <attribute name="CPU Util currently" value="20615401709105" />
<exclusive-end id="3092" timestamp="2019-06-16T00:36:30.991" durationms="4.288" />

<exclusive-start id="3093" timestamp="2019-06-16T00:36:30.999" intervalms="12.098">
  <response-info timems="0.078" idlems="0.078" threads="0" lastid="0000000001627700" lastname="main" />
</exclusive-start>
<allocation-taxation id="3094" taxation-threshold="25165824" timestamp="2019-06-16T00:36:30.999" intervalms="12.093" />
<cycle-start id="3095" type="partial gc" contextid="0" timestamp="2019-06-16T00:36:30.999" intervalms="12.157" />
<gc-start id="3096" type="partial gc" contextid="3095" timestamp="2019-06-16T00:36:30.999">
  <mem-info id="3097" free="18874368" total="73400320" percent="25">
    <mem type="eden" free="1048552" total="26214400" percent="3" />
    <remembered-set count="93376" freebytes="2556416" totalbytes="2929920" percent="87" regionsoverflowed="0" regionsstable="7" regionsrebuilding="0"/>
  </mem-info>
</gc-start>
<allocation-stats totalBytes="25080968" >
  <allocated-bytes non-tlh="0" tlh="25080968" arrayletleaf="0"/>
  <largest-consumer threadName="main" threadId="0000000001627700" bytes="25080968" />
</allocation-stats>
<gc-op id="3098" type="copy forward" timems="1.375" contextid="3095" timestamp="2019-06-16T00:36:31.001">
  <memory-copied type="eden" objects="1" bytes="24" bytesdiscarded="0" />
  <memory-copied type="other" objects="66" bytes="1800" bytesdiscarded="0" />
  <memory-cardclean objects="94" bytes="11224" />
  <regions eden="24" other="6" />
  <remembered-set-cleared processed="91454" cleared="53" durationms="0.599" />
  <references type="weak" candidates="32" cleared="0" enqueued="0" />
  <stringconstants candidates="13353" cleared="0"  />
</gc-op>
<gc-op id="3099" type="classunload" timems="0.003" contextid="3095" timestamp="2019-06-16T00:36:31.001">
  <classunload-info classloadercandidates="53" classloadersunloaded="0" classesunloaded="0" anonymousclassesunloaded="0" quiescems="0.000" setupms="0.003" scanms="0.000" postms="0.000" />
</gc-op>
<heap-resize id="3100" type="contract" space="default" amount="4194304" count="1" timems="0.138" reason="excess free space following gc" timestamp="2019-06-16T00:36:31.002" />
<gc-end id="3101" type="partial gc" contextid="3095" durationms="2.715" usertimems="4.000" systemtimems="0.000" timestamp="2019-06-16T00:36:31.002" activeThreads="1">
  <mem-info id="3102" free="42991616" total="69206016" percent="62">
    <mem type="eden" free="1048552" total="1048576" percent="99" />
    <remembered-set count="93664" freebytes="2555264" totalbytes="2929920" percent="87" regionsoverflowed="0" regionsstable="7" regionsrebuilding="0"/>
  </mem-info>
</gc-end>
<cycle-end id="3103" type="partial gc" contextid="3095" timestamp="2019-06-16T00:36:31.002" />
  <attribute name="elasticGC enabled" value="1" />
  <attribute name= "numThreadsSpecified" value="1" />
  <attribute name="heapSize specified" value="0" />
  <attribute name="Current GC Util" value="54" />
  <attribute name= "Current Time Running" value="20666" />
  <attribute name ="GC Interval" value="0" />
  <attribute name="ProportionalT" value="51.000000" />
  <attribute name="ProportionalI" value="51.000000" />
  <attribute name="ProportionalH" value="51.000000" />
  <attribute name="Current Error" value="34.000000" />
  <attribute name="IntegralT" value="0.000000" />
  <attribute name="IntegralI" value="0.000000" />
  <attribute name="IntegralH" value="0.000000" />
  <attribute name="DerivativeT" value="inf" />
  <attribute name="DerivativeI" value="inf" />
  <attribute name="DerivativeH" value="inf" />
  <attribute name="Loop Time for DT" value="0.000000" />
  <attribute name="Output H" value="8388608"/>
  <attribute name="Output I" value="200"/>
  <attribute name="Output T" value="1"/>
  <attribute name="Target GC Util Change" value ="20.000000" />
  <attribute name="Current GC Util Change" value="54.000000"/>
  <attribute name="GC Util currently" value="54" />
  <attribute name="CPU Util currently" value="20169898695875" />
<exclusive-end id="3104" timestamp="2019-06-16T00:36:31.002" durationms="3.785" />

<exclusive-start id="3105" timestamp="2019-06-16T00:36:31.010" intervalms="11.271">
  <response-info timems="0.072" idlems="0.072" threads="0" lastid="0000000001627700" lastname="main" />
</exclusive-start>
<allocation-taxation id="3106" taxation-threshold="24117248" timestamp="2019-06-16T00:36:31.010" intervalms="11.327" />
<cycle-start id="3107" type="partial gc" contextid="0" timestamp="2019-06-16T00:36:31.010" intervalms="11.330" />
<gc-start id="3108" type="partial gc" contextid="3107" timestamp="2019-06-16T00:36:31.011">
  <mem-info id="3109" free="18874368" total="69206016" percent="27">
    <mem type="eden" free="1048552" total="25165824" percent="4" />
    <remembered-set count="93248" freebytes="2556928" totalbytes="2929920" percent="87" regionsoverflowed="0" regionsstable="7" regionsrebuilding="0"/>
  </mem-info>
</gc-start>
<allocation-stats totalBytes="24035824" >
  <allocated-bytes non-tlh="0" tlh="24035824" arrayletleaf="0"/>
  <largest-consumer threadName="main" threadId="0000000001627700" bytes="24035824" />
</allocation-stats>
<gc-op id="3110" type="copy forward" timems="3.392" contextid="3107" timestamp="2019-06-16T00:36:31.015">
  <memory-copied type="eden" objects="1" bytes="24" bytesdiscarded="0" />
  <memory-copied type="other" objects="1455" bytes="101736" bytesdiscarded="2328" />
  <memory-cardclean objects="62574" bytes="2395840" />
  <regions eden="23" other="3" />
  <remembered-set-cleared processed="63705" cleared="19407" durationms="0.433" />
  <references type="soft" candidates="16" cleared="0" enqueued="0" dynamicThreshold="19" maxThreshold="32" />
  <references type="weak" candidates="66" cleared="0" enqueued="0" />
  <stringconstants candidates="13353" cleared="0"  />
</gc-op>
<gc-op id="3111" type="classunload" timems="0.004" contextid="3107" timestamp="2019-06-16T00:36:31.015">
  <classunload-info classloadercandidates="53" classloadersunloaded="0" classesunloaded="0" anonymousclassesunloaded="0" quiescems="0.000" setupms="0.004" scanms="0.000" postms="0.000" />
</gc-op>
<heap-resize id="3112" type="contract" space="default" amount="4194304" count="1" timems="0.083" reason="excess free space following gc" timestamp="2019-06-16T00:36:31.015" />
<gc-end id="3113" type="partial gc" contextid="3107" durationms="4.961" usertimems="8.000" systemtimems="0.000" timestamp="2019-06-16T00:36:31.016" activeThreads="4">
  <mem-info id="3114" free="39845888" total="65011712" percent="61">
    <mem type="eden" free="1048552" total="1048576" percent="99" />
    <remembered-set count="59904" freebytes="2522880" totalbytes="2762496" percent="91" regionsoverflowed="0" regionsstable="7" regionsrebuilding="0"/>
  </mem-info>
</gc-end>
<cycle-end id="3115" type="partial gc" contextid="3107" timestamp="2019-06-16T00:36:31.016" />
  <attribute name="elasticGC enabled" value="1" />
  <attribute name= "numThreadsSpecified" value="4" />
  <attribute name="heapSize specified" value="0" />
  <attribute name="Current GC Util" value="66" />
  <attribute name= "Current Time Running" value="20678" />
  <attribute name ="GC Interval" value="0" />
  <attribute name="ProportionalT" value="69.000000" />
  <attribute name="ProportionalI" value="69.000000" />
  <attribute name="ProportionalH" value="69.000000" />
  <attribute name="Current Error" value="46.000000" />
  <attribute name="IntegralT" value="46.000000" />
  <attribute name="IntegralI" value="46.000000" />
  <attribute name="IntegralH" value="46.000000" />
  <attribute name="DerivativeT" value="22.500000" />
  <attribute name="DerivativeI" value="22.500000" />
  <attribute name="DerivativeH" value="22.500000" />
  <attribute name="Loop Time for DT" value="1.000000" />
  <attribute name="Output H" value="8388608"/>
  <attribute name="Output I" value="200"/>
  <attribute name="Output T" value="4"/>
  <attribute name="Target GC Util Change" value ="20.000000" />
  <attribute name="Current GC Util Change" value="66.000000"/>
  <attribute name="GC Util currently" value="66" />
  <attribute name="CPU Util currently" value="9040181712878" />
<exclusive-end id="3116" timestamp="2019-06-16T00:36:31.016" durationms="6.073" />

<exclusive-start id="3117" timestamp="2019-06-16T00:36:31.023" intervalms="13.283">
  <response-info timems="0.071" idlems="0.071" threads="0" lastid="0000000001627700" lastname="main" />
</exclusive-start>
<allocation-taxation id="3118" taxation-threshold="23068672" timestamp="2019-06-16T00:36:31.023" intervalms="13.243" />
<cycle-start id="3119" type="partial gc" contextid="0" timestamp="2019-06-16T00:36:31.023" intervalms="13.147" />
<gc-start id="3120" type="partial gc" contextid="3119" timestamp="2019-06-16T00:36:31.024">
  <mem-info id="3121" free="16777216" total="65011712" percent="25">
    <mem type="eden" free="1048552" total="24117248" percent="4" />
    <remembered-set count="56960" freebytes="2534656" totalbytes="2762496" percent="91" regionsoverflowed="0" regionsstable="10" regionsrebuilding="0"/>
  </mem-info>
</gc-start>
<allocation-stats totalBytes="22990680" >
  <allocated-bytes non-tlh="0" tlh="22990680" arrayletleaf="0"/>
  <largest-consumer threadName="main" threadId="0000000001627700" bytes="22990680" />
</allocation-stats>
<gc-op id="3122" type="copy forward" timems="2.392" contextid="3119" timestamp="2019-06-16T00:36:31.027">
  <memory-copied type="eden" objects="1" bytes="24" bytesdiscarded="0" />
  <memory-copied type="other" objects="1" bytes="3048" bytesdiscarded="0" />
  <memory-cardclean objects="21812" bytes="981696" />
  <regions eden="22" other="2" />
  <remembered-set-cleared processed="45558" cleared="2581" durationms="0.303" />
  <stringconstants candidates="13353" cleared="0"  />
</gc-op>
<gc-op id="3123" type="classunload" timems="0.004" contextid="3119" timestamp="2019-06-16T00:36:31.027">
  <classunload-info classloadercandidates="53" classloadersunloaded="0" classesunloaded="0" anonymousclassesunloaded="0" quiescems="0.000" setupms="0.004" scanms="0.000" postms="0.000" />
</gc-op>
<gc-end id="3124" type="partial gc" contextid="3119" durationms="3.567" usertimems="8.000" systemtimems="0.000" timestamp="2019-06-16T00:36:31.027" activeThreads="4">
  <mem-info id="3125" free="39845888" total="65011712" percent="61">
    <mem type="eden" free="1048552" total="1048576" percent="99" />
    <remembered-set count="50816" freebytes="2391808" totalbytes="2595072" percent="92" regionsoverflowed="0" regionsstable="10" regionsrebuilding="0"/>
  </mem-info>
</gc-end>
<cycle-end id="3126" type="partial gc" contextid="3119" timestamp="2019-06-16T00:36:31.027" />
  <attribute name="elasticGC enabled" value="1" />
  <attribute name= "numThreadsSpecified" value="4" />
  <attribute name="heapSize specified" value="0" />
  <attribute name="Current GC Util" value="39" />
  <attribute name= "Current Time Running" value="20690" />
  <attribute name ="GC Interval" value="0" />
  <attribute name="ProportionalT" value="28.500000" />
  <attribute name="ProportionalI" value="28.500000" />
  <attribute name="ProportionalH" value="28.500000" />
  <attribute name="Current Error" value="19.000000" />
  <attribute name="IntegralT" value="0.000000" />
  <attribute name="IntegralI" value="0.000000" />
  <attribute name="IntegralH" value="0.000000" />
  <attribute name="DerivativeT" value="-inf" />
  <attribute name="DerivativeI" value="-inf" />
  <attribute name="DerivativeH" value="-inf" />
  <attribute name="Loop Time for DT" value="0.000000" />
  <attribute name="Output H" value="2091843584"/>
  <attribute name="Output I" value="200"/>
  <attribute name="Output T" value="4"/>
  <attribute name="Target GC Util Change" value ="20.000000" />
  <attribute name="Current GC Util Change" value="39.000000"/>
  <attribute name="GC Util currently" value="39" />
  <attribute name="CPU Util currently" value="11225126272565" />
<exclusive-end id="3127" timestamp="2019-06-16T00:36:31.028" durationms="4.509" />

<exclusive-start id="3128" timestamp="2019-06-16T00:36:31.031" intervalms="8.201">
  <response-info timems="0.073" idlems="0.073" threads="0" lastid="0000000001627700" lastname="main" />
</exclusive-start>
<allocation-taxation id="3129" taxation-threshold="11534336" timestamp="2019-06-16T00:36:31.032" intervalms="8.250" />
<cycle-start id="3130" type="global mark phase" contextid="0" timestamp="2019-06-16T00:36:31.032" intervalms="193.793" />
<gc-start id="3131" type="global mark phase" contextid="3130" timestamp="2019-06-16T00:36:31.032">
  <mem-info id="3132" free="28311552" total="65011712" percent="43">
    <remembered-set count="50336" freebytes="2393728" totalbytes="2595072" percent="92" regionsoverflowed="0" regionsstable="10" regionsrebuilding="0"/>
  </mem-info>
</gc-start>
<gc-op id="3133" type="mark increment" timems="0.431" contextid="3130" timestamp="2019-06-16T00:36:31.033">
  <trace-info objectcount="174" scancount="0" scanbytes="0" />
</gc-op>
<gc-end id="3134" type="global mark phase" contextid="3130" durationms="0.694" usertimems="0.000" systemtimems="0.000" timestamp="2019-06-16T00:36:31.033" activeThreads="1">
  <mem-info id="3135" free="28311552" total="65011712" percent="43">
    <remembered-set count="50336" freebytes="2393728" totalbytes="2595072" percent="92" regionsoverflowed="0" regionsstable="0" regionsrebuilding="10"/>
  </mem-info>
</gc-end>
<concurrent-start id="3136" type="GMP work packet processing" contextid="3130" timestamp="2019-06-16T00:36:31.033">
  <concurrent-mark-start scanTarget="1237157" />
</concurrent-start>
<exclusive-end id="3137" timestamp="2019-06-16T00:36:31.033" durationms="1.686" />

<concurrent-end id="3138" type="GMP work packet processing" contextid="3130" timestamp="2019-06-16T00:36:31.034">
  <concurrent-mark-end bytesScanned="1314684" reasonForTermination="Work target met" />
</concurrent-end>

<exclusive-start id="3139" timestamp="2019-06-16T00:36:31.038" intervalms="6.353">
  <response-info timems="0.059" idlems="0.059" threads="0" lastid="0000000001627700" lastname="main" />
</exclusive-start>
<allocation-taxation id="3140" taxation-threshold="11534336" timestamp="2019-06-16T00:36:31.038" intervalms="6.301" />
<cycle-start id="3141" type="partial gc" contextid="0" timestamp="2019-06-16T00:36:31.038" intervalms="14.548" />
<gc-start id="3142" type="partial gc" contextid="3141" timestamp="2019-06-16T00:36:31.038">
  <mem-info id="3143" free="16777216" total="65011712" percent="25">
    <mem type="eden" free="1048552" total="24117248" percent="4" />
    <remembered-set count="54176" freebytes="2378368" totalbytes="2595072" percent="91" regionsoverflowed="0" regionsstable="0" regionsrebuilding="10"/>
  </mem-info>
</gc-start>
<allocation-stats totalBytes="22990680" >
  <allocated-bytes non-tlh="0" tlh="22990680" arrayletleaf="0"/>
  <largest-consumer threadName="main" threadId="0000000001627700" bytes="11496560" />
</allocation-stats>
<gc-op id="3144" type="copy forward" timems="1.717" contextid="3141" timestamp="2019-06-16T00:36:31.041">
  <memory-copied type="eden" objects="1" bytes="24" bytesdiscarded="0" />
  <memory-copied type="other" objects="1275" bytes="52440" bytesdiscarded="0" />
  <memory-cardclean objects="180" bytes="10176" />
  <regions eden="22" other="2" />
  <remembered-set-cleared processed="52434" cleared="172" durationms="0.421" />
  <references type="soft" candidates="8" cleared="0" enqueued="0" dynamicThreshold="13" maxThreshold="32" />
  <references type="weak" candidates="13" cleared="0" enqueued="0" />
  <stringconstants candidates="13353" cleared="0"  />
</gc-op>
<gc-op id="3145" type="classunload" timems="0.004" contextid="3141" timestamp="2019-06-16T00:36:31.041">
  <classunload-info classloadercandidates="53" classloadersunloaded="0" classesunloaded="0" anonymousclassesunloaded="0" quiescems="0.000" setupms="0.004" scanms="0.000" postms="0.000" />
</gc-op>
<gc-end id="3146" type="partial gc" contextid="3141" durationms="2.880" usertimems="0.000" systemtimems="0.000" timestamp="2019-06-16T00:36:31.041" activeThreads="1">
  <mem-info id="3147" free="39845888" total="65011712" percent="61">
    <mem type="eden" free="1048552" total="1048576" percent="99" />
    <remembered-set count="54272" freebytes="2377984" totalbytes="2595072" percent="91" regionsoverflowed="0" regionsstable="0" regionsrebuilding="10"/>
  </mem-info>
</gc-end>
<cycle-end id="3148" type="partial gc" contextid="3141" timestamp="2019-06-16T00:36:31.041" />
  <attribute name="elasticGC enabled" value="1" />
  <attribute name= "numThreadsSpecified" value="1" />
  <attribute name="heapSize specified" value="0" />
  <attribute name="Current GC Util" value="61" />
  <attribute name= "Current Time Running" value="20705" />
  <attribute name ="GC Interval" value="0" />
  <attribute name="ProportionalT" value="61.500000" />
  <attribute name="ProportionalI" value="61.500000" />
  <attribute name="ProportionalH" value="61.500000" />
  <attribute name="Current Error" value="41.000000" />
  <attribute name="IntegralT" value="0.000000" />
  <attribute name="IntegralI" value="0.000000" />
  <attribute name="IntegralH" value="0.000000" />
  <attribute name="DerivativeT" value="inf" />
  <attribute name="DerivativeI" value="inf" />
  <attribute name="DerivativeH" value="inf" />
  <attribute name="Loop Time for DT" value="0.000000" />
  <attribute name="Output H" value="8388608"/>
  <attribute name="Output I" value="200"/>
  <attribute name="Output T" value="1"/>
  <attribute name="Target GC Util Change" value ="20.000000" />
  <attribute name="Current GC Util Change" value="61.000000"/>
  <attribute name="GC Util currently" value="61" />
  <attribute name="CPU Util currently" value="19550734801030" />
<exclusive-end id="3149" timestamp="2019-06-16T00:36:31.042" durationms="3.880" />

<exclusive-start id="3150" timestamp="2019-06-16T00:36:31.045" intervalms="7.640">
  <response-info timems="0.076" idlems="0.076" threads="0" lastid="0000000001627700" lastname="main" />
</exclusive-start>
<allocation-taxation id="3151" taxation-threshold="11534336" timestamp="2019-06-16T00:36:31.046" intervalms="7.637" />
<gc-start id="3152" type="global mark phase" contextid="3130" timestamp="2019-06-16T00:36:31.046">
  <mem-info id="3153" free="28311552" total="65011712" percent="43">
    <remembered-set count="53984" freebytes="2379136" totalbytes="2595072" percent="91" regionsoverflowed="0" regionsstable="0" regionsrebuilding="10"/>
  </mem-info>
</gc-start>
<gc-end id="3154" type="global mark phase" contextid="3130" durationms="0.209" usertimems="0.000" systemtimems="0.000" timestamp="2019-06-16T00:36:31.046" activeThreads="1">
  <mem-info id="3155" free="28311552" total="65011712" percent="43">
    <remembered-set count="53984" freebytes="2379136" totalbytes="2595072" percent="91" regionsoverflowed="0" regionsstable="0" regionsrebuilding="10"/>
  </mem-info>
</gc-end>
<concurrent-start id="3156" type="GMP work packet processing" contextid="3130" timestamp="2019-06-16T00:36:31.046">
  <concurrent-mark-start scanTarget="1048576" />
</concurrent-start>
<exclusive-end id="3157" timestamp="2019-06-16T00:36:31.046" durationms="0.875" />

<concurrent-end id="3158" type="GMP work packet processing" contextid="3130" timestamp="2019-06-16T00:36:31.047">
  <concurrent-mark-end bytesScanned="1158716" reasonForTermination="Work target met" />
</concurrent-end>

<exclusive-start id="3159" timestamp="2019-06-16T00:36:31.051" intervalms="5.181">
  <response-info timems="0.055" idlems="0.055" threads="0" lastid="0000000001627700" lastname="main" />
</exclusive-start>
<allocation-taxation id="3160" taxation-threshold="11534336" timestamp="2019-06-16T00:36:31.051" intervalms="5.126" />
<cycle-start id="3161" type="partial gc" contextid="0" timestamp="2019-06-16T00:36:31.051" intervalms="12.798" />
<gc-start id="3162" type="partial gc" contextid="3161" timestamp="2019-06-16T00:36:31.051">
  <mem-info id="3163" free="16777216" total="65011712" percent="25">
    <mem type="eden" free="1048552" total="24117248" percent="4" />
    <remembered-set count="57344" freebytes="2365696" totalbytes="2595072" percent="91" regionsoverflowed="0" regionsstable="0" regionsrebuilding="10"/>
  </mem-info>
</gc-start>
<allocation-stats totalBytes="22990704" >
  <allocated-bytes non-tlh="0" tlh="22990704" arrayletleaf="0"/>
  <largest-consumer threadName="main" threadId="0000000001627700" bytes="11496584" />
</allocation-stats>
<gc-op id="3164" type="copy forward" timems="1.644" contextid="3161" timestamp="2019-06-16T00:36:31.053">
  <memory-copied type="eden" objects="1" bytes="24" bytesdiscarded="0" />
  <memory-copied type="other" objects="0" bytes="0" bytesdiscarded="0" />
  <memory-cardclean objects="16" bytes="408" />
  <regions eden="22" other="1" />
  <remembered-set-cleared processed="55682" cleared="4" durationms="0.269" />
  <stringconstants candidates="13353" cleared="0"  />
</gc-op>
<gc-op id="3165" type="classunload" timems="0.004" contextid="3161" timestamp="2019-06-16T00:36:31.054">
  <classunload-info classloadercandidates="53" classloadersunloaded="0" classesunloaded="0" anonymousclassesunloaded="0" quiescems="0.000" setupms="0.004" scanms="0.000" postms="0.000" />
</gc-op>
<gc-end id="3166" type="partial gc" contextid="3161" durationms="2.771" usertimems="0.000" systemtimems="4.000" timestamp="2019-06-16T00:36:31.054" activeThreads="4">
  <mem-info id="3167" free="39845888" total="65011712" percent="61">
    <mem type="eden" free="1048552" total="1048576" percent="99" />
    <remembered-set count="57376" freebytes="2365568" totalbytes="2595072" percent="91" regionsoverflowed="0" regionsstable="0" regionsrebuilding="10"/>
  </mem-info>
</gc-end>
<cycle-end id="3168" type="partial gc" contextid="3161" timestamp="2019-06-16T00:36:31.054" />
  <attribute name="elasticGC enabled" value="1" />
  <attribute name= "numThreadsSpecified" value="4" />
  <attribute name="heapSize specified" value="0" />
  <attribute name="Current GC Util" value="53" />
  <attribute name= "Current Time Running" value="20718" />
  <attribute name ="GC Interval" value="0" />
  <attribute name="ProportionalT" value="49.500000" />
  <attribute name="ProportionalI" value="49.500000" />
  <attribute name="ProportionalH" value="49.500000" />
  <attribute name="Current Error" value="33.000000" />
  <attribute name="IntegralT" value="33.000000" />
  <attribute name="IntegralI" value="33.000000" />
  <attribute name="IntegralH" value="33.000000" />
  <attribute name="DerivativeT" value="6.500000" />
  <attribute name="DerivativeI" value="6.500000" />
  <attribute name="DerivativeH" value="6.500000" />
  <attribute name="Loop Time for DT" value="1.000000" />
  <attribute name="Output H" value="8388608"/>
  <attribute name="Output I" value="200"/>
  <attribute name="Output T" value="4"/>
  <attribute name="Target GC Util Change" value ="20.000000" />
  <attribute name="Current GC Util Change" value="53.000000"/>
  <attribute name="GC Util currently" value="53" />
  <attribute name="CPU Util currently" value="19433990631892" />
<exclusive-end id="3169" timestamp="2019-06-16T00:36:31.054" durationms="3.556" />

<exclusive-start id="3170" timestamp="2019-06-16T00:36:31.058" intervalms="7.278">
  <response-info timems="0.086" idlems="0.086" threads="0" lastid="0000000001627700" lastname="main" />
</exclusive-start>
<allocation-taxation id="3171" taxation-threshold="11534336" timestamp="2019-06-16T00:36:31.058" intervalms="7.330" />
<gc-start id="3172" type="global mark phase" contextid="3130" timestamp="2019-06-16T00:36:31.058">
  <mem-info id="3173" free="28311552" total="65011712" percent="43">
    <remembered-set count="56896" freebytes="2367488" totalbytes="2595072" percent="91" regionsoverflowed="0" regionsstable="0" regionsrebuilding="10"/>
  </mem-info>
</gc-start>
<gc-end id="3174" type="global mark phase" contextid="3130" durationms="0.204" usertimems="0.000" systemtimems="0.000" timestamp="2019-06-16T00:36:31.058" activeThreads="4">
  <mem-info id="3175" free="28311552" total="65011712" percent="43">
    <remembered-set count="56896" freebytes="2367488" totalbytes="2595072" percent="91" regionsoverflowed="0" regionsstable="0" regionsrebuilding="10"/>
  </mem-info>
</gc-end>
<concurrent-start id="3176" type="GMP work packet processing" contextid="3130" timestamp="2019-06-16T00:36:31.059">
  <concurrent-mark-start scanTarget="1237157" />
</concurrent-start>
<exclusive-end id="3177" timestamp="2019-06-16T00:36:31.059" durationms="0.866" />

<concurrent-end id="3178" type="GMP work packet processing" contextid="3130" timestamp="2019-06-16T00:36:31.059">
  <concurrent-mark-end bytesScanned="1281696" reasonForTermination="Work target met" />
</concurrent-end>

<exclusive-start id="3179" timestamp="2019-06-16T00:36:31.063" intervalms="5.004">
  <response-info timems="0.069" idlems="0.069" threads="0" lastid="0000000001627700" lastname="main" />
</exclusive-start>
<allocation-taxation id="3180" taxation-threshold="11534336" timestamp="2019-06-16T00:36:31.063" intervalms="5.019" />
<cycle-start id="3181" type="partial gc" contextid="0" timestamp="2019-06-16T00:36:31.063" intervalms="12.365" />
<gc-start id="3182" type="partial gc" contextid="3181" timestamp="2019-06-16T00:36:31.063">
  <mem-info id="3183" free="16777216" total="65011712" percent="25">
    <mem type="eden" free="1048552" total="24117248" percent="4" />
    <remembered-set count="60320" freebytes="2353792" totalbytes="2595072" percent="90" regionsoverflowed="0" regionsstable="0" regionsrebuilding="10"/>
  </mem-info>
</gc-start>
<allocation-stats totalBytes="22990680" >
  <allocated-bytes non-tlh="0" tlh="22990680" arrayletleaf="0"/>
  <largest-consumer threadName="main" threadId="0000000001627700" bytes="11496584" />
</allocation-stats>
<gc-op id="3184" type="copy forward" timems="1.387" contextid="3181" timestamp="2019-06-16T00:36:31.066">
  <memory-copied type="eden" objects="1" bytes="24" bytesdiscarded="0" />
  <memory-copied type="other" objects="0" bytes="0" bytesdiscarded="0" />
  <memory-cardclean objects="16" bytes="408" />
  <regions eden="22" other="1" />
  <remembered-set-cleared processed="57958" cleared="4" durationms="0.409" />
  <stringconstants candidates="13353" cleared="0"  />
</gc-op>
<gc-op id="3185" type="classunload" timems="0.004" contextid="3181" timestamp="2019-06-16T00:36:31.066">
  <classunload-info classloadercandidates="53" classloadersunloaded="0" classesunloaded="0" anonymousclassesunloaded="0" quiescems="0.000" setupms="0.003" scanms="0.000" postms="0.000" />
</gc-op>
<gc-end id="3186" type="partial gc" contextid="3181" durationms="2.544" usertimems="0.000" systemtimems="0.000" timestamp="2019-06-16T00:36:31.066" activeThreads="1">
  <mem-info id="3187" free="39845888" total="65011712" percent="61">
    <mem type="eden" free="1048552" total="1048576" percent="99" />
    <remembered-set count="60800" freebytes="2351872" totalbytes="2595072" percent="90" regionsoverflowed="0" regionsstable="0" regionsrebuilding="10"/>
  </mem-info>
</gc-end>
<cycle-end id="3188" type="partial gc" contextid="3181" timestamp="2019-06-16T00:36:31.066" />
  <attribute name="elasticGC enabled" value="1" />
  <attribute name= "numThreadsSpecified" value="1" />
  <attribute name="heapSize specified" value="0" />
  <attribute name="Current GC Util" value="55" />
  <attribute name= "Current Time Running" value="20730" />
  <attribute name ="GC Interval" value="0" />
  <attribute name="ProportionalT" value="52.500000" />
  <attribute name="ProportionalI" value="52.500000" />
  <attribute name="ProportionalH" value="52.500000" />
  <attribute name="Current Error" value="35.000000" />
  <attribute name="IntegralT" value="0.000000" />
  <attribute name="IntegralI" value="0.000000" />
  <attribute name="IntegralH" value="0.000000" />
  <attribute name="DerivativeT" value="inf" />
  <attribute name="DerivativeI" value="inf" />
  <attribute name="DerivativeH" value="inf" />
  <attribute name="Loop Time for DT" value="0.000000" />
  <attribute name="Output H" value="8388608"/>
  <attribute name="Output I" value="200"/>
  <attribute name="Output T" value="1"/>
  <attribute name="Target GC Util Change" value ="20.000000" />
  <attribute name="Current GC Util Change" value="55.000000"/>
  <attribute name="GC Util currently" value="55" />
  <attribute name="CPU Util currently" value="19964440688336" />
<exclusive-end id="3189" timestamp="2019-06-16T00:36:31.066" durationms="3.553" />

<exclusive-start id="3190" timestamp="2019-06-16T00:36:31.070" intervalms="7.256">
  <response-info timems="0.073" idlems="0.073" threads="0" lastid="0000000001627700" lastname="main" />
</exclusive-start>
<allocation-taxation id="3191" taxation-threshold="11534336" timestamp="2019-06-16T00:36:31.070" intervalms="7.285" />
<gc-start id="3192" type="global mark phase" contextid="3130" timestamp="2019-06-16T00:36:31.071">
  <mem-info id="3193" free="28311552" total="65011712" percent="43">
    <remembered-set count="60320" freebytes="2353792" totalbytes="2595072" percent="90" regionsoverflowed="0" regionsstable="0" regionsrebuilding="10"/>
  </mem-info>
</gc-start>
<gc-end id="3194" type="global mark phase" contextid="3130" durationms="0.117" usertimems="0.000" systemtimems="0.000" timestamp="2019-06-16T00:36:31.071" activeThreads="1">
  <mem-info id="3195" free="28311552" total="65011712" percent="43">
    <remembered-set count="60320" freebytes="2353792" totalbytes="2595072" percent="90" regionsoverflowed="0" regionsstable="0" regionsrebuilding="10"/>
  </mem-info>
</gc-end>
<concurrent-start id="3196" type="GMP work packet processing" contextid="3130" timestamp="2019-06-16T00:36:31.071">
  <concurrent-mark-start scanTarget="1048576" />
</concurrent-start>
<exclusive-end id="3197" timestamp="2019-06-16T00:36:31.071" durationms="0.815" />

<concurrent-end id="3198" type="GMP work packet processing" contextid="3130" timestamp="2019-06-16T00:36:31.072">
  <concurrent-mark-end bytesScanned="1082808" reasonForTermination="Work target met" />
</concurrent-end>

<exclusive-start id="3199" timestamp="2019-06-16T00:36:31.075" intervalms="4.969">
  <response-info timems="0.073" idlems="0.073" threads="0" lastid="0000000001627700" lastname="main" />
</exclusive-start>
<allocation-taxation id="3200" taxation-threshold="11534336" timestamp="2019-06-16T00:36:31.075" intervalms="4.845" />
<cycle-start id="3201" type="partial gc" contextid="0" timestamp="2019-06-16T00:36:31.075" intervalms="12.083" />
<gc-start id="3202" type="partial gc" contextid="3201" timestamp="2019-06-16T00:36:31.075">
  <mem-info id="3203" free="16777216" total="65011712" percent="25">
    <mem type="eden" free="1048552" total="24117248" percent="4" />
    <remembered-set count="62368" freebytes="2345600" totalbytes="2595072" percent="90" regionsoverflowed="0" regionsstable="0" regionsrebuilding="10"/>
  </mem-info>
</gc-start>
<allocation-stats totalBytes="22990680" >
  <allocated-bytes non-tlh="0" tlh="22990680" arrayletleaf="0"/>
  <largest-consumer threadName="main" threadId="0000000001627700" bytes="11496584" />
</allocation-stats>
<gc-op id="3204" type="copy forward" timems="1.339" contextid="3201" timestamp="2019-06-16T00:36:31.078">
  <memory-copied type="eden" objects="1" bytes="24" bytesdiscarded="0" />
  <memory-copied type="other" objects="0" bytes="0" bytesdiscarded="0" />
  <memory-cardclean objects="16" bytes="408" />
  <regions eden="22" other="1" />
  <remembered-set-cleared processed="60605" cleared="4" durationms="0.423" />
  <stringconstants candidates="13353" cleared="0"  />
</gc-op>
<gc-op id="3205" type="classunload" timems="0.004" contextid="3201" timestamp="2019-06-16T00:36:31.078">
  <classunload-info classloadercandidates="53" classloadersunloaded="0" classesunloaded="0" anonymousclassesunloaded="0" quiescems="0.000" setupms="0.003" scanms="0.000" postms="0.000" />
</gc-op>
<gc-end id="3206" type="partial gc" contextid="3201" durationms="2.450" usertimems="0.000" systemtimems="0.000" timestamp="2019-06-16T00:36:31.078" activeThreads="1">
  <mem-info id="3207" free="39845888" total="65011712" percent="61">
    <mem type="eden" free="1048552" total="1048576" percent="99" />
    <remembered-set count="62848" freebytes="2343680" totalbytes="2595072" percent="90" regionsoverflowed="0" regionsstable="0" regionsrebuilding="10"/>
  </mem-info>
</gc-end>
<cycle-end id="3208" type="partial gc" contextid="3201" timestamp="2019-06-16T00:36:31.078" />
  <attribute name="elasticGC enabled" value="1" />
  <attribute name= "numThreadsSpecified" value="1" />
  <attribute name="heapSize specified" value="0" />
  <attribute name="Current GC Util" value="56" />
  <attribute name= "Current Time Running" value="20742" />
  <attribute name ="GC Interval" value="0" />
  <attribute name="ProportionalT" value="54.000000" />
  <attribute name="ProportionalI" value="54.000000" />
  <attribute name="ProportionalH" value="54.000000" />
  <attribute name="Current Error" value="36.000000" />
  <attribute name="IntegralT" value="0.000000" />
  <attribute name="IntegralI" value="0.000000" />
  <attribute name="IntegralH" value="0.000000" />
  <attribute name="DerivativeT" value="inf" />
  <attribute name="DerivativeI" value="inf" />
  <attribute name="DerivativeH" value="inf" />
  <attribute name="Loop Time for DT" value="0.000000" />
  <attribute name="Output H" value="8388608"/>
  <attribute name="Output I" value="200"/>
  <attribute name="Output T" value="1"/>
  <attribute name="Target GC Util Change" value ="20.000000" />
  <attribute name="Current GC Util Change" value="56.000000"/>
  <attribute name="GC Util currently" value="56" />
  <attribute name="CPU Util currently" value="19342616534216" />
<exclusive-end id="3209" timestamp="2019-06-16T00:36:31.078" durationms="3.241" />

<exclusive-start id="3210" timestamp="2019-06-16T00:36:31.082" intervalms="6.902">
  <response-info timems="0.075" idlems="0.075" threads="0" lastid="0000000001627700" lastname="main" />
</exclusive-start>
<allocation-taxation id="3211" taxation-threshold="11534336" timestamp="2019-06-16T00:36:31.082" intervalms="6.984" />
<gc-start id="3212" type="global mark phase" contextid="3130" timestamp="2019-06-16T00:36:31.082">
  <mem-info id="3213" free="28311552" total="65011712" percent="43">
    <remembered-set count="62368" freebytes="2345600" totalbytes="2595072" percent="90" regionsoverflowed="0" regionsstable="0" regionsrebuilding="10"/>
  </mem-info>
</gc-start>
<gc-end id="3214" type="global mark phase" contextid="3130" durationms="0.189" usertimems="0.000" systemtimems="0.000" timestamp="2019-06-16T00:36:31.083" activeThreads="1">
  <mem-info id="3215" free="28311552" total="65011712" percent="43">
    <remembered-set count="62368" freebytes="2345600" totalbytes="2595072" percent="90" regionsoverflowed="0" regionsstable="0" regionsrebuilding="10"/>
  </mem-info>
</gc-end>
<concurrent-start id="3216" type="GMP work packet processing" contextid="3130" timestamp="2019-06-16T00:36:31.083">
  <concurrent-mark-start scanTarget="1048576" />
</concurrent-start>
<exclusive-end id="3217" timestamp="2019-06-16T00:36:31.083" durationms="1.448" />

<concurrent-end id="3218" type="GMP work packet processing" contextid="3130" timestamp="2019-06-16T00:36:31.083">
  <concurrent-mark-end bytesScanned="1087448" reasonForTermination="Work target met" />
</concurrent-end>

<exclusive-start id="3219" timestamp="2019-06-16T00:36:31.087" intervalms="5.153">
  <response-info timems="0.064" idlems="0.064" threads="0" lastid="0000000001627700" lastname="main" />
</exclusive-start>
<allocation-taxation id="3220" taxation-threshold="11534336" timestamp="2019-06-16T00:36:31.087" intervalms="5.133" />
<cycle-start id="3221" type="partial gc" contextid="0" timestamp="2019-06-16T00:36:31.087" intervalms="12.113" />
<gc-start id="3222" type="partial gc" contextid="3221" timestamp="2019-06-16T00:36:31.088">
  <mem-info id="3223" free="16777216" total="65011712" percent="25">
    <mem type="eden" free="1048552" total="24117248" percent="4" />
    <remembered-set count="66432" freebytes="2329344" totalbytes="2595072" percent="89" regionsoverflowed="0" regionsstable="0" regionsrebuilding="10"/>
  </mem-info>
</gc-start>
<allocation-stats totalBytes="22990680" >
  <allocated-bytes non-tlh="0" tlh="22990680" arrayletleaf="0"/>
  <largest-consumer threadName="main" threadId="0000000001627700" bytes="11496584" />
</allocation-stats>
<gc-op id="3224" type="copy forward" timems="1.362" contextid="3221" timestamp="2019-06-16T00:36:31.090">
  <memory-copied type="eden" objects="1" bytes="24" bytesdiscarded="0" />
  <memory-copied type="other" objects="0" bytes="0" bytesdiscarded="0" />
  <memory-cardclean objects="16" bytes="408" />
  <regions eden="22" other="1" />
  <remembered-set-cleared processed="64011" cleared="4" durationms="0.436" />
  <stringconstants candidates="13353" cleared="0"  />
</gc-op>
<gc-op id="3225" type="classunload" timems="0.004" contextid="3221" timestamp="2019-06-16T00:36:31.090">
  <classunload-info classloadercandidates="53" classloadersunloaded="0" classesunloaded="0" anonymousclassesunloaded="0" quiescems="0.000" setupms="0.003" scanms="0.000" postms="0.000" />
</gc-op>
<gc-end id="3226" type="partial gc" contextid="3221" durationms="2.540" usertimems="0.000" systemtimems="0.000" timestamp="2019-06-16T00:36:31.090" activeThreads="1">
  <mem-info id="3227" free="39845888" total="65011712" percent="61">
    <mem type="eden" free="1048552" total="1048576" percent="99" />
    <remembered-set count="66912" freebytes="2327424" totalbytes="2595072" percent="89" regionsoverflowed="0" regionsstable="0" regionsrebuilding="10"/>
  </mem-info>
</gc-end>
<cycle-end id="3228" type="partial gc" contextid="3221" timestamp="2019-06-16T00:36:31.090" />
  <attribute name="elasticGC enabled" value="1" />
  <attribute name= "numThreadsSpecified" value="1" />
  <attribute name="heapSize specified" value="0" />
  <attribute name="Current GC Util" value="70" />
  <attribute name= "Current Time Running" value="20754" />
  <attribute name ="GC Interval" value="0" />
  <attribute name="ProportionalT" value="75.000000" />
  <attribute name="ProportionalI" value="75.000000" />
  <attribute name="ProportionalH" value="75.000000" />
  <attribute name="Current Error" value="50.000000" />
  <attribute name="IntegralT" value="0.000000" />
  <attribute name="IntegralI" value="0.000000" />
  <attribute name="IntegralH" value="0.000000" />
  <attribute name="DerivativeT" value="inf" />
  <attribute name="DerivativeI" value="inf" />
  <attribute name="DerivativeH" value="inf" />
  <attribute name="Loop Time for DT" value="0.000000" />
  <attribute name="Output H" value="8388608"/>
  <attribute name="Output I" value="200"/>
  <attribute name="Output T" value="1"/>
  <attribute name="Target GC Util Change" value ="20.000000" />
  <attribute name="Current GC Util Change" value="70.000000"/>
  <attribute name="GC Util currently" value="70" />
  <attribute name="CPU Util currently" value="19792643676405" />
<exclusive-end id="3229" timestamp="2019-06-16T00:36:31.091" durationms="3.408" />

<exclusive-start id="3230" timestamp="2019-06-16T00:36:31.094" intervalms="7.134">
  <response-info timems="0.075" idlems="0.075" threads="0" lastid="0000000001627700" lastname="main" />
</exclusive-start>
<allocation-taxation id="3231" taxation-threshold="11534336" timestamp="2019-06-16T00:36:31.094" intervalms="7.169" />
<gc-start id="3232" type="global mark phase" contextid="3130" timestamp="2019-06-16T00:36:31.095">
  <mem-info id="3233" free="28311552" total="65011712" percent="43">
    <remembered-set count="66432" freebytes="2329344" totalbytes="2595072" percent="89" regionsoverflowed="0" regionsstable="0" regionsrebuilding="10"/>
  </mem-info>
</gc-start>
<gc-end id="3234" type="global mark phase" contextid="3130" durationms="0.142" usertimems="0.000" systemtimems="0.000" timestamp="2019-06-16T00:36:31.095" activeThreads="1">
  <mem-info id="3235" free="28311552" total="65011712" percent="43">
    <remembered-set count="66432" freebytes="2329344" totalbytes="2595072" percent="89" regionsoverflowed="0" regionsstable="0" regionsrebuilding="10"/>
  </mem-info>
</gc-end>
<concurrent-start id="3236" type="GMP work packet processing" contextid="3130" timestamp="2019-06-16T00:36:31.095">
  <concurrent-mark-start scanTarget="1048576" />
</concurrent-start>
<exclusive-end id="3237" timestamp="2019-06-16T00:36:31.095" durationms="0.901" />

<concurrent-end id="3238" type="GMP work packet processing" contextid="3130" timestamp="2019-06-16T00:36:31.096">
  <concurrent-mark-end bytesScanned="1089608" reasonForTermination="Work target met" />
</concurrent-end>

<exclusive-start id="3239" timestamp="2019-06-16T00:36:31.099" intervalms="5.061">
  <response-info timems="0.063" idlems="0.063" threads="0" lastid="0000000001627700" lastname="main" />
</exclusive-start>
<allocation-taxation id="3240" taxation-threshold="11534336" timestamp="2019-06-16T00:36:31.099" intervalms="5.046" />
<cycle-start id="3241" type="partial gc" contextid="0" timestamp="2019-06-16T00:36:31.100" intervalms="12.206" />
<gc-start id="3242" type="partial gc" contextid="3241" timestamp="2019-06-16T00:36:31.100">
  <mem-info id="3243" free="16777216" total="65011712" percent="25">
    <mem type="eden" free="1048552" total="24117248" percent="4" />
    <remembered-set count="68256" freebytes="2322048" totalbytes="2595072" percent="89" regionsoverflowed="0" regionsstable="0" regionsrebuilding="10"/>
  </mem-info>
</gc-start>
<allocation-stats totalBytes="22990680" >
  <allocated-bytes non-tlh="0" tlh="22990680" arrayletleaf="0"/>
  <largest-consumer threadName="main" threadId="0000000001627700" bytes="11496584" />
</allocation-stats>
<gc-op id="3244" type="copy forward" timems="1.468" contextid="3241" timestamp="2019-06-16T00:36:31.102">
  <memory-copied type="eden" objects="1" bytes="24" bytesdiscarded="0" />
  <memory-copied type="other" objects="0" bytes="0" bytesdiscarded="0" />
  <memory-cardclean objects="16" bytes="408" />
  <regions eden="22" other="1" />
  <remembered-set-cleared processed="65955" cleared="4" durationms="0.446" />
  <stringconstants candidates="13353" cleared="0"  />
</gc-op>
<gc-op id="3245" type="classunload" timems="0.004" contextid="3241" timestamp="2019-06-16T00:36:31.102">
  <classunload-info classloadercandidates="53" classloadersunloaded="0" classesunloaded="0" anonymousclassesunloaded="0" quiescems="0.000" setupms="0.004" scanms="0.000" postms="0.000" />
</gc-op>
<gc-end id="3246" type="partial gc" contextid="3241" durationms="2.555" usertimems="0.000" systemtimems="0.000" timestamp="2019-06-16T00:36:31.102" activeThreads="1">
  <mem-info id="3247" free="39845888" total="65011712" percent="61">
    <mem type="eden" free="1048552" total="1048576" percent="99" />
    <remembered-set count="68736" freebytes="2320128" totalbytes="2595072" percent="89" regionsoverflowed="0" regionsstable="0" regionsrebuilding="10"/>
  </mem-info>
</gc-end>
<cycle-end id="3248" type="partial gc" contextid="3241" timestamp="2019-06-16T00:36:31.102" />
  <attribute name="elasticGC enabled" value="1" />
  <attribute name= "numThreadsSpecified" value="1" />
  <attribute name="heapSize specified" value="0" />
  <attribute name="Current GC Util" value="77" />
  <attribute name= "Current Time Running" value="20766" />
  <attribute name ="GC Interval" value="0" />
  <attribute name="ProportionalT" value="85.500000" />
  <attribute name="ProportionalI" value="85.500000" />
  <attribute name="ProportionalH" value="85.500000" />
  <attribute name="Current Error" value="57.000000" />
  <attribute name="IntegralT" value="0.000000" />
  <attribute name="IntegralI" value="0.000000" />
  <attribute name="IntegralH" value="0.000000" />
  <attribute name="DerivativeT" value="inf" />
  <attribute name="DerivativeI" value="inf" />
  <attribute name="DerivativeH" value="inf" />
  <attribute name="Loop Time for DT" value="0.000000" />
  <attribute name="Output H" value="8388608"/>
  <attribute name="Output I" value="200"/>
  <attribute name="Output T" value="1"/>
  <attribute name="Target GC Util Change" value ="20.000000" />
  <attribute name="Current GC Util Change" value="77.000000"/>
  <attribute name="GC Util currently" value="77" />
  <attribute name="CPU Util currently" value="19122534267000" />
<exclusive-end id="3249" timestamp="2019-06-16T00:36:31.103" durationms="3.315" />

<exclusive-start id="3250" timestamp="2019-06-16T00:36:31.106" intervalms="6.979">
  <response-info timems="0.076" idlems="0.076" threads="0" lastid="0000000001627700" lastname="main" />
</exclusive-start>
<allocation-taxation id="3251" taxation-threshold="11534336" timestamp="2019-06-16T00:36:31.106" intervalms="6.974" />
<gc-start id="3252" type="global mark phase" contextid="3130" timestamp="2019-06-16T00:36:31.107">
  <mem-info id="3253" free="28311552" total="65011712" percent="43">
    <remembered-set count="68256" freebytes="2322048" totalbytes="2595072" percent="89" regionsoverflowed="0" regionsstable="0" regionsrebuilding="10"/>
  </mem-info>
</gc-start>
<gc-end id="3254" type="global mark phase" contextid="3130" durationms="0.156" usertimems="0.000" systemtimems="0.000" timestamp="2019-06-16T00:36:31.107" activeThreads="1">
  <mem-info id="3255" free="28311552" total="65011712" percent="43">
    <remembered-set count="68256" freebytes="2322048" totalbytes="2595072" percent="89" regionsoverflowed="0" regionsstable="0" regionsrebuilding="10"/>
  </mem-info>
</gc-end>
<concurrent-start id="3256" type="GMP work packet processing" contextid="3130" timestamp="2019-06-16T00:36:31.107">
  <concurrent-mark-start scanTarget="1048576" />
</concurrent-start>
<exclusive-end id="3257" timestamp="2019-06-16T00:36:31.107" durationms="0.813" />

<exclusive-start id="3258" timestamp="2019-06-16T00:36:31.111" intervalms="4.868">
  <response-info timems="0.066" idlems="0.066" threads="0" lastid="0000000001627700" lastname="main" />
</exclusive-start>
<allocation-taxation id="3260" taxation-threshold="11534336" timestamp="2019-06-16T00:36:31.111" intervalms="4.840" />
<concurrent-end id="3259" type="GMP work packet processing" contextid="3130" timestamp="2019-06-16T00:36:31.111">
  <concurrent-mark-end bytesScanned="1094300" reasonForTermination="Work target met" />
</concurrent-end>

<cycle-start id="3261" type="partial gc" contextid="0" timestamp="2019-06-16T00:36:31.112" intervalms="12.021" />
<gc-start id="3262" type="partial gc" contextid="3261" timestamp="2019-06-16T00:36:31.112">
  <mem-info id="3263" free="16777216" total="65011712" percent="25">
    <mem type="eden" free="1048552" total="24117248" percent="4" />
    <remembered-set count="70240" freebytes="2314112" totalbytes="2595072" percent="89" regionsoverflowed="0" regionsstable="0" regionsrebuilding="10"/>
  </mem-info>
</gc-start>
<allocation-stats totalBytes="22990680" >
  <allocated-bytes non-tlh="0" tlh="22990680" arrayletleaf="0"/>
  <largest-consumer threadName="main" threadId="0000000001627700" bytes="11496584" />
</allocation-stats>
<gc-op id="3264" type="copy forward" timems="1.436" contextid="3261" timestamp="2019-06-16T00:36:31.114">
  <memory-copied type="eden" objects="1" bytes="24" bytesdiscarded="0" />
  <memory-copied type="other" objects="0" bytes="0" bytesdiscarded="0" />
  <memory-cardclean objects="16" bytes="408" />
  <regions eden="22" other="1" />
  <remembered-set-cleared processed="68034" cleared="4" durationms="0.459" />
  <stringconstants candidates="13353" cleared="0"  />
</gc-op>
<gc-op id="3265" type="classunload" timems="0.004" contextid="3261" timestamp="2019-06-16T00:36:31.114">
  <classunload-info classloadercandidates="53" classloadersunloaded="0" classesunloaded="0" anonymousclassesunloaded="0" quiescems="0.000" setupms="0.004" scanms="0.000" postms="0.000" />
</gc-op>
<gc-end id="3266" type="partial gc" contextid="3261" durationms="2.509" usertimems="0.000" systemtimems="0.000" timestamp="2019-06-16T00:36:31.114" activeThreads="1">
  <mem-info id="3267" free="39845888" total="65011712" percent="61">
    <mem type="eden" free="1048552" total="1048576" percent="99" />
    <remembered-set count="70720" freebytes="2312192" totalbytes="2595072" percent="89" regionsoverflowed="0" regionsstable="0" regionsrebuilding="10"/>
  </mem-info>
</gc-end>
<cycle-end id="3268" type="partial gc" contextid="3261" timestamp="2019-06-16T00:36:31.114" />
  <attribute name="elasticGC enabled" value="1" />
  <attribute name= "numThreadsSpecified" value="1" />
  <attribute name="heapSize specified" value="0" />
  <attribute name="Current GC Util" value="58" />
  <attribute name= "Current Time Running" value="20778" />
  <attribute name ="GC Interval" value="0" />
  <attribute name="ProportionalT" value="57.000000" />
  <attribute name="ProportionalI" value="57.000000" />
  <attribute name="ProportionalH" value="57.000000" />
  <attribute name="Current Error" value="38.000000" />
  <attribute name="IntegralT" value="0.000000" />
  <attribute name="IntegralI" value="0.000000" />
  <attribute name="IntegralH" value="0.000000" />
  <attribute name="DerivativeT" value="inf" />
  <attribute name="DerivativeI" value="inf" />
  <attribute name="DerivativeH" value="inf" />
  <attribute name="Loop Time for DT" value="0.000000" />
  <attribute name="Output H" value="8388608"/>
  <attribute name="Output I" value="200"/>
  <attribute name="Output T" value="1"/>
  <attribute name="Target GC Util Change" value ="20.000000" />
  <attribute name="Current GC Util Change" value="58.000000"/>
  <attribute name="GC Util currently" value="58" />
  <attribute name="CPU Util currently" value="20520642076405" />
<exclusive-end id="3269" timestamp="2019-06-16T00:36:31.115" durationms="3.563" />

<exclusive-start id="3270" timestamp="2019-06-16T00:36:31.126" intervalms="14.512">
  <response-info timems="0.086" idlems="0.086" threads="0" lastid="0000000001627700" lastname="main" />
</exclusive-start>
<allocation-taxation id="3271" taxation-threshold="11534336" timestamp="2019-06-16T00:36:31.126" intervalms="14.576" />
<gc-start id="3272" type="global mark phase" contextid="3130" timestamp="2019-06-16T00:36:31.126">
  <mem-info id="3273" free="28311552" total="65011712" percent="43">
    <remembered-set count="70240" freebytes="2314112" totalbytes="2595072" percent="89" regionsoverflowed="0" regionsstable="0" regionsrebuilding="10"/>
  </mem-info>
</gc-start>
<gc-end id="3274" type="global mark phase" contextid="3130" durationms="0.193" usertimems="0.000" systemtimems="0.000" timestamp="2019-06-16T00:36:31.126" activeThreads="1">
  <mem-info id="3275" free="28311552" total="65011712" percent="43">
    <remembered-set count="70240" freebytes="2314112" totalbytes="2595072" percent="89" regionsoverflowed="0" regionsstable="0" regionsrebuilding="10"/>
  </mem-info>
</gc-end>
<concurrent-start id="3276" type="GMP work packet processing" contextid="3130" timestamp="2019-06-16T00:36:31.126">
  <concurrent-mark-start scanTarget="1048576" />
</concurrent-start>
<exclusive-end id="3277" timestamp="2019-06-16T00:36:31.127" durationms="0.961" />

<concurrent-end id="3278" type="GMP work packet processing" contextid="3130" timestamp="2019-06-16T00:36:31.127">
  <concurrent-mark-end bytesScanned="1098928" reasonForTermination="Work target met" />
</concurrent-end>

<exclusive-start id="3279" timestamp="2019-06-16T00:36:31.131" intervalms="5.063">
  <response-info timems="0.071" idlems="0.071" threads="0" lastid="0000000001627700" lastname="main" />
</exclusive-start>
<allocation-taxation id="3280" taxation-threshold="11534336" timestamp="2019-06-16T00:36:31.131" intervalms="5.014" />
<cycle-start id="3281" type="partial gc" contextid="0" timestamp="2019-06-16T00:36:31.131" intervalms="19.464" />
<gc-start id="3282" type="partial gc" contextid="3281" timestamp="2019-06-16T00:36:31.131">
  <mem-info id="3283" free="16777216" total="65011712" percent="25">
    <mem type="eden" free="1048552" total="24117248" percent="4" />
    <remembered-set count="72352" freebytes="2305664" totalbytes="2595072" percent="88" regionsoverflowed="0" regionsstable="0" regionsrebuilding="10"/>
  </mem-info>
</gc-start>
<allocation-stats totalBytes="22925912" >
  <allocated-bytes non-tlh="0" tlh="22925912" arrayletleaf="0"/>
  <largest-consumer threadName="main" threadId="0000000001627700" bytes="11457600" />
</allocation-stats>
<gc-op id="3284" type="copy forward" timems="1.438" contextid="3281" timestamp="2019-06-16T00:36:31.134">
  <memory-copied type="eden" objects="26" bytes="1896" bytesdiscarded="0" />
  <memory-copied type="other" objects="0" bytes="0" bytesdiscarded="0" />
  <memory-cardclean objects="98" bytes="2840" />
  <regions eden="22" other="1" />
  <remembered-set-cleared processed="70265" cleared="36" durationms="0.490" />
  <stringconstants candidates="13353" cleared="0"  />
</gc-op>
<gc-op id="3285" type="classunload" timems="0.003" contextid="3281" timestamp="2019-06-16T00:36:31.134">
  <classunload-info classloadercandidates="53" classloadersunloaded="0" classesunloaded="0" anonymousclassesunloaded="0" quiescems="0.000" setupms="0.003" scanms="0.000" postms="0.000" />
</gc-op>
<gc-end id="3286" type="partial gc" contextid="3281" durationms="2.553" usertimems="0.000" systemtimems="0.000" timestamp="2019-06-16T00:36:31.134" activeThreads="1">
  <mem-info id="3287" free="39845888" total="65011712" percent="61">
    <mem type="eden" free="1046680" total="1048576" percent="99" />
    <remembered-set count="72768" freebytes="2304000" totalbytes="2595072" percent="88" regionsoverflowed="0" regionsstable="0" regionsrebuilding="10"/>
  </mem-info>
</gc-end>
<cycle-end id="3288" type="partial gc" contextid="3281" timestamp="2019-06-16T00:36:31.134" />
  <attribute name="elasticGC enabled" value="1" />
  <attribute name= "numThreadsSpecified" value="1" />
  <attribute name="heapSize specified" value="0" />
  <attribute name="Current GC Util" value="68" />
  <attribute name= "Current Time Running" value="20798" />
  <attribute name ="GC Interval" value="0" />
  <attribute name="ProportionalT" value="72.000000" />
  <attribute name="ProportionalI" value="72.000000" />
  <attribute name="ProportionalH" value="72.000000" />
  <attribute name="Current Error" value="48.000000" />
  <attribute name="IntegralT" value="0.000000" />
  <attribute name="IntegralI" value="0.000000" />
  <attribute name="IntegralH" value="0.000000" />
  <attribute name="DerivativeT" value="inf" />
  <attribute name="DerivativeI" value="inf" />
  <attribute name="DerivativeH" value="inf" />
  <attribute name="Loop Time for DT" value="0.000000" />
  <attribute name="Output H" value="8388608"/>
  <attribute name="Output I" value="200"/>
  <attribute name="Output T" value="1"/>
  <attribute name="Target GC Util Change" value ="20.000000" />
  <attribute name="Current GC Util Change" value="68.000000"/>
  <attribute name="GC Util currently" value="68" />
  <attribute name="CPU Util currently" value="19884727887079" />
<exclusive-end id="3289" timestamp="2019-06-16T00:36:31.134" durationms="3.601" />

<exclusive-start id="3290" timestamp="2019-06-16T00:36:31.138" intervalms="7.392">
  <response-info timems="0.087" idlems="0.087" threads="0" lastid="0000000001627700" lastname="main" />
</exclusive-start>
<allocation-taxation id="3291" taxation-threshold="11534336" timestamp="2019-06-16T00:36:31.138" intervalms="7.446" />
<gc-start id="3292" type="global mark phase" contextid="3130" timestamp="2019-06-16T00:36:31.139">
  <mem-info id="3293" free="28311552" total="65011712" percent="43">
    <remembered-set count="72320" freebytes="2305792" totalbytes="2595072" percent="88" regionsoverflowed="0" regionsstable="0" regionsrebuilding="10"/>
  </mem-info>
</gc-start>
<gc-end id="3294" type="global mark phase" contextid="3130" durationms="0.147" usertimems="0.000" systemtimems="0.000" timestamp="2019-06-16T00:36:31.139" activeThreads="1">
  <mem-info id="3295" free="28311552" total="65011712" percent="43">
    <remembered-set count="72320" freebytes="2305792" totalbytes="2595072" percent="88" regionsoverflowed="0" regionsstable="0" regionsrebuilding="10"/>
  </mem-info>
</gc-end>
<concurrent-start id="3296" type="GMP work packet processing" contextid="3130" timestamp="2019-06-16T00:36:31.139">
  <concurrent-mark-start scanTarget="1048576" />
</concurrent-start>
<exclusive-end id="3297" timestamp="2019-06-16T00:36:31.140" durationms="1.441" />

<concurrent-end id="3298" type="GMP work packet processing" contextid="3130" timestamp="2019-06-16T00:36:31.140">
  <concurrent-mark-end bytesScanned="1092864" reasonForTermination="Work target met" />
</concurrent-end>

<exclusive-start id="3299" timestamp="2019-06-16T00:36:31.143" intervalms="5.126">
  <response-info timems="0.057" idlems="0.057" threads="0" lastid="0000000001627700" lastname="main" />
</exclusive-start>
<allocation-taxation id="3300" taxation-threshold="11534336" timestamp="2019-06-16T00:36:31.143" intervalms="5.054" />
<cycle-start id="3301" type="partial gc" contextid="0" timestamp="2019-06-16T00:36:31.144" intervalms="12.523" />
<gc-start id="3302" type="partial gc" contextid="3301" timestamp="2019-06-16T00:36:31.144">
  <mem-info id="3303" free="16777216" total="65011712" percent="25">
    <mem type="eden" free="0" total="23068672" percent="0" />
    <remembered-set count="74048" freebytes="2298880" totalbytes="2595072" percent="88" regionsoverflowed="0" regionsstable="0" regionsrebuilding="10"/>
  </mem-info>
</gc-start>
<allocation-stats totalBytes="22915200" >
  <allocated-bytes non-tlh="0" tlh="22915200" arrayletleaf="0"/>
  <largest-consumer threadName="main" threadId="0000000001627700" bytes="11457600" />
</allocation-stats>
<gc-op id="3304" type="copy forward" timems="1.735" contextid="3301" timestamp="2019-06-16T00:36:31.146">
  <memory-copied type="eden" objects="0" bytes="0" bytesdiscarded="0" />
  <memory-copied type="other" objects="26" bytes="1896" bytesdiscarded="384" />
  <memory-cardclean objects="60" bytes="2200" />
  <regions eden="22" other="1" />
  <remembered-set-cleared processed="71938" cleared="32" durationms="0.316" />
  <stringconstants candidates="13353" cleared="0"  />
</gc-op>
<gc-op id="3305" type="classunload" timems="0.003" contextid="3301" timestamp="2019-06-16T00:36:31.146">
  <classunload-info classloadercandidates="53" classloadersunloaded="0" classesunloaded="0" anonymousclassesunloaded="0" quiescems="0.000" setupms="0.003" scanms="0.000" postms="0.000" />
</gc-op>
<gc-end id="3306" type="partial gc" contextid="3301" durationms="2.832" usertimems="4.000" systemtimems="0.000" timestamp="2019-06-16T00:36:31.147" activeThreads="4">
  <mem-info id="3307" free="39845888" total="65011712" percent="61">
    <remembered-set count="74240" freebytes="2298112" totalbytes="2595072" percent="88" regionsoverflowed="0" regionsstable="0" regionsrebuilding="10"/>
  </mem-info>
</gc-end>
<cycle-end id="3308" type="partial gc" contextid="3301" timestamp="2019-06-16T00:36:31.147" />
  <attribute name="elasticGC enabled" value="1" />
  <attribute name= "numThreadsSpecified" value="4" />
  <attribute name="heapSize specified" value="0" />
  <attribute name="Current GC Util" value="76" />
  <attribute name= "Current Time Running" value="20811" />
  <attribute name ="GC Interval" value="0" />
  <attribute name="ProportionalT" value="84.000000" />
  <attribute name="ProportionalI" value="84.000000" />
  <attribute name="ProportionalH" value="84.000000" />
  <attribute name="Current Error" value="56.000000" />
  <attribute name="IntegralT" value="56.000000" />
  <attribute name="IntegralI" value="56.000000" />
  <attribute name="IntegralH" value="56.000000" />
  <attribute name="DerivativeT" value="25.000000" />
  <attribute name="DerivativeI" value="25.000000" />
  <attribute name="DerivativeH" value="25.000000" />
  <attribute name="Loop Time for DT" value="1.000000" />
  <attribute name="Output H" value="8388608"/>
  <attribute name="Output I" value="200"/>
  <attribute name="Output T" value="4"/>
  <attribute name="Target GC Util Change" value ="20.000000" />
  <attribute name="Current GC Util Change" value="76.000000"/>
  <attribute name="GC Util currently" value="76" />
  <attribute name="CPU Util currently" value="18975164279664" />
<exclusive-end id="3309" timestamp="2019-06-16T00:36:31.147" durationms="3.884" />

<exclusive-start id="3310" timestamp="2019-06-16T00:36:31.151" intervalms="7.654">
  <response-info timems="0.082" idlems="0.082" threads="0" lastid="0000000001627700" lastname="main" />
</exclusive-start>
<allocation-taxation id="3311" taxation-threshold="11534336" timestamp="2019-06-16T00:36:31.151" intervalms="7.722" />
<gc-start id="3312" type="global mark phase" contextid="3130" timestamp="2019-06-16T00:36:31.151">
  <mem-info id="3313" free="28311552" total="65011712" percent="43">
    <remembered-set count="64384" freebytes="2337536" totalbytes="2595072" percent="90" regionsoverflowed="0" regionsstable="3" regionsrebuilding="10"/>
  </mem-info>
</gc-start>
<gc-end id="3314" type="global mark phase" contextid="3130" durationms="0.186" usertimems="0.000" systemtimems="0.000" timestamp="2019-06-16T00:36:31.152" activeThreads="4">
  <mem-info id="3315" free="28311552" total="65011712" percent="43">
    <remembered-set count="64384" freebytes="2337536" totalbytes="2595072" percent="90" regionsoverflowed="0" regionsstable="3" regionsrebuilding="10"/>
  </mem-info>
</gc-end>
<concurrent-start id="3316" type="GMP work packet processing" contextid="3130" timestamp="2019-06-16T00:36:31.152">
  <concurrent-mark-start scanTarget="1237157" />
</concurrent-start>
<exclusive-end id="3317" timestamp="2019-06-16T00:36:31.152" durationms="0.838" />

<concurrent-end id="3318" type="GMP work packet processing" contextid="3130" timestamp="2019-06-16T00:36:31.152">
  <concurrent-mark-end bytesScanned="1277284" reasonForTermination="Work target met" />
</concurrent-end>

<exclusive-start id="3319" timestamp="2019-06-16T00:36:31.156" intervalms="5.097">
  <response-info timems="0.064" idlems="0.064" threads="0" lastid="0000000001627700" lastname="main" />
</exclusive-start>
<allocation-taxation id="3320" taxation-threshold="11534336" timestamp="2019-06-16T00:36:31.156" intervalms="5.055" />
<cycle-start id="3321" type="partial gc" contextid="0" timestamp="2019-06-16T00:36:31.156" intervalms="12.766" />
<gc-start id="3322" type="partial gc" contextid="3321" timestamp="2019-06-16T00:36:31.157">
  <mem-info id="3323" free="16777216" total="65011712" percent="25">
    <mem type="eden" free="0" total="23068672" percent="0" />
    <remembered-set count="67712" freebytes="2324224" totalbytes="2595072" percent="89" regionsoverflowed="0" regionsstable="3" regionsrebuilding="10"/>
  </mem-info>
</gc-start>
<allocation-stats totalBytes="22919208" >
  <allocated-bytes non-tlh="0" tlh="22919208" arrayletleaf="0"/>
  <largest-consumer threadName="main" threadId="0000000001627700" bytes="11461608" />
</allocation-stats>
<gc-op id="3324" type="copy forward" timems="1.277" contextid="3321" timestamp="2019-06-16T00:36:31.159">
  <memory-copied type="eden" objects="1" bytes="24" bytesdiscarded="0" />
  <memory-copied type="other" objects="0" bytes="0" bytesdiscarded="0" />
  <memory-cardclean objects="10" bytes="424" />
  <regions eden="22" other="0" />
  <remembered-set-cleared processed="65815" cleared="3" durationms="0.442" />
  <stringconstants candidates="13353" cleared="0"  />
</gc-op>
<gc-op id="3325" type="classunload" timems="0.004" contextid="3321" timestamp="2019-06-16T00:36:31.159">
  <classunload-info classloadercandidates="53" classloadersunloaded="0" classesunloaded="0" anonymousclassesunloaded="0" quiescems="0.000" setupms="0.004" scanms="0.000" postms="0.000" />
</gc-op>
<heap-resize id="3326" type="expand" space="default" amount="1048576" count="1" timems="0.055" reason="excessive time being spent in gc" timestamp="2019-06-16T00:36:31.159" />
<gc-end id="3327" type="partial gc" contextid="3321" durationms="2.618" usertimems="4.000" systemtimems="0.000" timestamp="2019-06-16T00:36:31.159" activeThreads="1">
  <mem-info id="3328" free="39845888" total="66060288" percent="60">
    <mem type="eden" free="1048552" total="1048576" percent="99" />
    <remembered-set count="68224" freebytes="2364032" totalbytes="2636928" percent="89" regionsoverflowed="0" regionsstable="3" regionsrebuilding="10"/>
  </mem-info>
</gc-end>
<cycle-end id="3329" type="partial gc" contextid="3321" timestamp="2019-06-16T00:36:31.159" />
  <attribute name="elasticGC enabled" value="1" />
  <attribute name= "numThreadsSpecified" value="1" />
  <attribute name="heapSize specified" value="0" />
  <attribute name="Current GC Util" value="74" />
  <attribute name= "Current Time Running" value="20823" />
  <attribute name ="GC Interval" value="0" />
  <attribute name="ProportionalT" value="81.000000" />
  <attribute name="ProportionalI" value="81.000000" />
  <attribute name="ProportionalH" value="81.000000" />
  <attribute name="Current Error" value="54.000000" />
  <attribute name="IntegralT" value="0.000000" />
  <attribute name="IntegralI" value="0.000000" />
  <attribute name="IntegralH" value="0.000000" />
  <attribute name="DerivativeT" value="inf" />
  <attribute name="DerivativeI" value="inf" />
  <attribute name="DerivativeH" value="inf" />
  <attribute name="Loop Time for DT" value="0.000000" />
  <attribute name="Output H" value="8388608"/>
  <attribute name="Output I" value="200"/>
  <attribute name="Output T" value="1"/>
  <attribute name="Target GC Util Change" value ="20.000000" />
  <attribute name="Current GC Util Change" value="74.000000"/>
  <attribute name="GC Util currently" value="74" />
  <attribute name="CPU Util currently" value="19088499248944" />
<exclusive-end id="3330" timestamp="2019-06-16T00:36:31.160" durationms="3.622" />

<exclusive-start id="3331" timestamp="2019-06-16T00:36:31.163" intervalms="7.378">
  <response-info timems="0.078" idlems="0.078" threads="0" lastid="0000000001627700" lastname="main" />
</exclusive-start>
<allocation-taxation id="3332" taxation-threshold="11534336" timestamp="2019-06-16T00:36:31.164" intervalms="7.440" />
<gc-start id="3333" type="global mark phase" contextid="3130" timestamp="2019-06-16T00:36:31.164">
  <mem-info id="3334" free="28311552" total="66060288" percent="42">
    <remembered-set count="67744" freebytes="2365952" totalbytes="2636928" percent="89" regionsoverflowed="0" regionsstable="3" regionsrebuilding="10"/>
  </mem-info>
</gc-start>
<gc-end id="3335" type="global mark phase" contextid="3130" durationms="0.202" usertimems="0.000" systemtimems="0.000" timestamp="2019-06-16T00:36:31.164" activeThreads="1">
  <mem-info id="3336" free="28311552" total="66060288" percent="42">
    <remembered-set count="67744" freebytes="2365952" totalbytes="2636928" percent="89" regionsoverflowed="0" regionsstable="3" regionsrebuilding="10"/>
  </mem-info>
</gc-end>
<concurrent-start id="3337" type="GMP work packet processing" contextid="3130" timestamp="2019-06-16T00:36:31.164">
  <concurrent-mark-start scanTarget="1048576" />
</concurrent-start>
<exclusive-end id="3338" timestamp="2019-06-16T00:36:31.165" durationms="1.408" />

<concurrent-end id="3339" type="GMP work packet processing" contextid="3130" timestamp="2019-06-16T00:36:31.165">
  <concurrent-mark-end bytesScanned="1104548" reasonForTermination="Work target met" />
</concurrent-end>

<exclusive-start id="3340" timestamp="2019-06-16T00:36:31.168" intervalms="5.111">
  <response-info timems="0.066" idlems="0.066" threads="0" lastid="0000000001627700" lastname="main" />
</exclusive-start>
<allocation-taxation id="3341" taxation-threshold="11534336" timestamp="2019-06-16T00:36:31.169" intervalms="5.115" />
<cycle-start id="3342" type="partial gc" contextid="0" timestamp="2019-06-16T00:36:31.169" intervalms="12.586" />
<gc-start id="3343" type="partial gc" contextid="3342" timestamp="2019-06-16T00:36:31.169">
  <mem-info id="3344" free="16777216" total="66060288" percent="25">
    <mem type="eden" free="1048552" total="24117248" percent="4" />
    <remembered-set count="69856" freebytes="2357504" totalbytes="2636928" percent="89" regionsoverflowed="0" regionsstable="3" regionsrebuilding="10"/>
  </mem-info>
</gc-start>
<allocation-stats totalBytes="22924080" >
  <allocated-bytes non-tlh="0" tlh="22924080" arrayletleaf="0"/>
  <largest-consumer threadName="main" threadId="0000000001627700" bytes="11462040" />
</allocation-stats>
<gc-op id="3345" type="copy forward" timems="1.322" contextid="3342" timestamp="2019-06-16T00:36:31.171">
  <memory-copied type="eden" objects="1" bytes="24" bytesdiscarded="0" />
  <memory-copied type="other" objects="0" bytes="0" bytesdiscarded="0" />
  <memory-cardclean objects="10" bytes="424" />
  <regions eden="22" other="1" />
  <remembered-set-cleared processed="67855" cleared="4" durationms="0.453" />
  <stringconstants candidates="13353" cleared="0"  />
</gc-op>
<gc-op id="3346" type="classunload" timems="0.004" contextid="3342" timestamp="2019-06-16T00:36:31.171">
  <classunload-info classloadercandidates="53" classloadersunloaded="0" classesunloaded="0" anonymousclassesunloaded="0" quiescems="0.000" setupms="0.004" scanms="0.000" postms="0.000" />
</gc-op>
<gc-end id="3347" type="partial gc" contextid="3342" durationms="2.437" usertimems="4.000" systemtimems="0.000" timestamp="2019-06-16T00:36:31.172" activeThreads="1">
  <mem-info id="3348" free="39845888" total="66060288" percent="60">
    <mem type="eden" free="1048552" total="1048576" percent="99" />
    <remembered-set count="70336" freebytes="2355584" totalbytes="2636928" percent="89" regionsoverflowed="0" regionsstable="3" regionsrebuilding="10"/>
  </mem-info>
</gc-end>
<cycle-end id="3349" type="partial gc" contextid="3342" timestamp="2019-06-16T00:36:31.172" />
  <attribute name="elasticGC enabled" value="1" />
  <attribute name= "numThreadsSpecified" value="1" />
  <attribute name="heapSize specified" value="0" />
  <attribute name="Current GC Util" value="61" />
  <attribute name= "Current Time Running" value="20836" />
  <attribute name ="GC Interval" value="0" />
  <attribute name="ProportionalT" value="61.500000" />
  <attribute name="ProportionalI" value="61.500000" />
  <attribute name="ProportionalH" value="61.500000" />
  <attribute name="Current Error" value="41.000000" />
  <attribute name="IntegralT" value="0.000000" />
  <attribute name="IntegralI" value="0.000000" />
  <attribute name="IntegralH" value="0.000000" />
  <attribute name="DerivativeT" value="inf" />
  <attribute name="DerivativeI" value="inf" />
  <attribute name="DerivativeH" value="inf" />
  <attribute name="Loop Time for DT" value="0.000000" />
  <attribute name="Output H" value="8388608"/>
  <attribute name="Output I" value="200"/>
  <attribute name="Output T" value="1"/>
  <attribute name="Target GC Util Change" value ="20.000000" />
  <attribute name="Current GC Util Change" value="61.000000"/>
  <attribute name="GC Util currently" value="61" />
  <attribute name="CPU Util currently" value="20273642364564" />
<exclusive-end id="3350" timestamp="2019-06-16T00:36:31.172" durationms="3.593" />

<exclusive-start id="3351" timestamp="2019-06-16T00:36:31.176" intervalms="7.358">
  <response-info timems="0.072" idlems="0.072" threads="0" lastid="0000000001627700" lastname="main" />
</exclusive-start>
<allocation-taxation id="3352" taxation-threshold="11534336" timestamp="2019-06-16T00:36:31.176" intervalms="7.355" />
<gc-start id="3353" type="global mark phase" contextid="3130" timestamp="2019-06-16T00:36:31.176">
  <mem-info id="3354" free="28311552" total="66060288" percent="42">
    <remembered-set count="69856" freebytes="2357504" totalbytes="2636928" percent="89" regionsoverflowed="0" regionsstable="3" regionsrebuilding="10"/>
  </mem-info>
</gc-start>
<gc-end id="3355" type="global mark phase" contextid="3130" durationms="0.202" usertimems="0.000" systemtimems="0.000" timestamp="2019-06-16T00:36:31.176" activeThreads="1">
  <mem-info id="3356" free="28311552" total="66060288" percent="42">
    <remembered-set count="69856" freebytes="2357504" totalbytes="2636928" percent="89" regionsoverflowed="0" regionsstable="3" regionsrebuilding="10"/>
  </mem-info>
</gc-end>
<concurrent-start id="3357" type="GMP work packet processing" contextid="3130" timestamp="2019-06-16T00:36:31.177">
  <concurrent-mark-start scanTarget="1048576" />
</concurrent-start>
<exclusive-end id="3358" timestamp="2019-06-16T00:36:31.177" durationms="0.910" />

<concurrent-end id="3359" type="GMP work packet processing" contextid="3130" timestamp="2019-06-16T00:36:31.177">
  <concurrent-mark-end bytesScanned="633500" reasonForTermination="Completed all work in GC phase" />
</concurrent-end>

<exclusive-start id="3360" timestamp="2019-06-16T00:36:31.181" intervalms="4.899">
  <response-info timems="0.066" idlems="0.066" threads="0" lastid="0000000001627700" lastname="main" />
</exclusive-start>
<allocation-taxation id="3361" taxation-threshold="11534336" timestamp="2019-06-16T00:36:31.181" intervalms="4.844" />
<cycle-start id="3362" type="partial gc" contextid="0" timestamp="2019-06-16T00:36:31.181" intervalms="12.161" />
<gc-start id="3363" type="partial gc" contextid="3362" timestamp="2019-06-16T00:36:31.181">
  <mem-info id="3364" free="16777216" total="66060288" percent="25">
    <mem type="eden" free="1048552" total="24117248" percent="4" />
    <remembered-set count="70752" freebytes="2353920" totalbytes="2636928" percent="89" regionsoverflowed="0" regionsstable="3" regionsrebuilding="10"/>
  </mem-info>
</gc-start>
<allocation-stats totalBytes="22924056" >
  <allocated-bytes non-tlh="0" tlh="22924056" arrayletleaf="0"/>
  <largest-consumer threadName="main" threadId="0000000001627700" bytes="11462016" />
</allocation-stats>
<gc-op id="3365" type="copy forward" timems="1.584" contextid="3362" timestamp="2019-06-16T00:36:31.184">
  <memory-copied type="eden" objects="1" bytes="24" bytesdiscarded="0" />
  <memory-copied type="other" objects="0" bytes="0" bytesdiscarded="0" />
  <memory-cardclean objects="10" bytes="424" />
  <regions eden="22" other="1" />
  <remembered-set-cleared processed="68989" cleared="4" durationms="0.291" />
  <stringconstants candidates="13353" cleared="0"  />
</gc-op>
<gc-op id="3366" type="classunload" timems="0.004" contextid="3362" timestamp="2019-06-16T00:36:31.184">
  <classunload-info classloadercandidates="53" classloadersunloaded="0" classesunloaded="0" anonymousclassesunloaded="0" quiescems="0.000" setupms="0.004" scanms="0.000" postms="0.000" />
</gc-op>
<gc-end id="3367" type="partial gc" contextid="3362" durationms="2.568" usertimems="4.000" systemtimems="0.000" timestamp="2019-06-16T00:36:31.184" activeThreads="4">
  <mem-info id="3368" free="39845888" total="66060288" percent="60">
    <mem type="eden" free="1048552" total="1048576" percent="99" />
    <remembered-set count="70720" freebytes="2354048" totalbytes="2636928" percent="89" regionsoverflowed="0" regionsstable="3" regionsrebuilding="10"/>
  </mem-info>
</gc-end>
<cycle-end id="3369" type="partial gc" contextid="3362" timestamp="2019-06-16T00:36:31.184" />
  <attribute name="elasticGC enabled" value="1" />
  <attribute name= "numThreadsSpecified" value="4" />
  <attribute name="heapSize specified" value="0" />
  <attribute name="Current GC Util" value="0" />
  <attribute name= "Current Time Running" value="20848" />
  <attribute name ="GC Interval" value="0" />
  <attribute name="ProportionalT" value="-30.000000" />
  <attribute name="ProportionalI" value="-30.000000" />
  <attribute name="ProportionalH" value="-30.000000" />
  <attribute name="Current Error" value="-20.000000" />
  <attribute name="IntegralT" value="0.000000" />
  <attribute name="IntegralI" value="0.000000" />
  <attribute name="IntegralH" value="0.000000" />
  <attribute name="DerivativeT" value="-inf" />
  <attribute name="DerivativeI" value="-inf" />
  <attribute name="DerivativeH" value="-inf" />
  <attribute name="Loop Time for DT" value="0.000000" />
  <attribute name="Output H" value="2091843584"/>
  <attribute name="Output I" value="200"/>
  <attribute name="Output T" value="4"/>
  <attribute name="Target GC Util Change" value ="20.000000" />
  <attribute name="Current GC Util Change" value="0.000000"/>
  <attribute name="GC Util currently" value="0" />
  <attribute name="CPU Util currently" value="34310076301761" />
<exclusive-end id="3370" timestamp="2019-06-16T00:36:31.184" durationms="3.404" />

<exclusive-start id="3371" timestamp="2019-06-16T00:36:31.188" intervalms="7.137">
  <response-info timems="0.076" idlems="0.076" threads="0" lastid="0000000001627700" lastname="main" />
</exclusive-start>
<allocation-taxation id="3372" taxation-threshold="11534336" timestamp="2019-06-16T00:36:31.188" intervalms="7.118" />
<gc-start id="3373" type="global mark phase" contextid="3130" timestamp="2019-06-16T00:36:31.188">
  <mem-info id="3374" free="28311552" total="66060288" percent="42">
    <remembered-set count="70720" freebytes="2354048" totalbytes="2636928" percent="89" regionsoverflowed="0" regionsstable="3" regionsrebuilding="10"/>
  </mem-info>
</gc-start>
<gc-op id="3375" type="mark increment" timems="1.510" contextid="3130" timestamp="2019-06-16T00:36:31.190">
  <trace-info objectcount="27" scancount="25" scanbytes="732" />
  <cardclean-info objects="354" bytes="15220" />
  <finalization candidates="80" enqueued="0" />
  <ownableSynchronizers candidates="21" cleared="0" />
  <references type="soft" candidates="2174" cleared="232" enqueued="232" dynamicThreshold="19" maxThreshold="32" />
  <references type="weak" candidates="5706" cleared="0" enqueued="0" />
  <references type="phantom" candidates="101" cleared="0" enqueued="0" />
  <stringconstants candidates="13353" cleared="0"  />
</gc-op>
<gc-op id="3376" type="classunload" timems="0.003" contextid="3130" timestamp="2019-06-16T00:36:31.190">
  <classunload-info classloadercandidates="53" classloadersunloaded="0" classesunloaded="0" anonymousclassesunloaded="0" quiescems="0.000" setupms="0.003" scanms="0.000" postms="0.000" />
</gc-op>
<gc-end id="3377" type="global mark phase" contextid="3130" durationms="2.079" usertimems="4.000" systemtimems="0.000" timestamp="2019-06-16T00:36:31.190" activeThreads="4">
  <mem-info id="3378" free="28311552" total="66060288" percent="42">
    <pending-finalizers system="0" default="0" reference="232" classloader="0" />
    <remembered-set count="71744" freebytes="2349952" totalbytes="2636928" percent="89" regionsoverflowed="0" regionsstable="3" regionsrebuilding="0"/>
  </mem-info>
</gc-end>
<cycle-end id="3379" type="global mark phase" contextid="3130" timestamp="2019-06-16T00:36:31.190" />
  <attribute name="elasticGC enabled" value="1" />
  <attribute name= "numThreadsSpecified" value="4" />
  <attribute name="heapSize specified" value="0" />
  <attribute name="Current GC Util" value="37" />
  <attribute name= "Current Time Running" value="20855" />
  <attribute name ="GC Interval" value="0" />
  <attribute name="ProportionalT" value="25.500000" />
  <attribute name="ProportionalI" value="25.500000" />
  <attribute name="ProportionalH" value="25.500000" />
  <attribute name="Current Error" value="17.000000" />
  <attribute name="IntegralT" value="0.000000" />
  <attribute name="IntegralI" value="0.000000" />
  <attribute name="IntegralH" value="0.000000" />
  <attribute name="DerivativeT" value="-inf" />
  <attribute name="DerivativeI" value="-inf" />
  <attribute name="DerivativeH" value="-inf" />
  <attribute name="Loop Time for DT" value="0.000000" />
  <attribute name="Output H" value="2091843584"/>
  <attribute name="Output I" value="200"/>
  <attribute name="Output T" value="4"/>
  <attribute name="Target GC Util Change" value ="20.000000" />
  <attribute name="Current GC Util Change" value="37.000000"/>
  <attribute name="GC Util currently" value="37" />
  <attribute name="CPU Util currently" value="19891417794613" />
<exclusive-end id="3380" timestamp="2019-06-16T00:36:31.191" durationms="2.710" />

<exclusive-start id="3381" timestamp="2019-06-16T00:36:31.194" intervalms="6.421">
  <response-info timems="0.079" idlems="0.079" threads="0" lastid="0000000001627700" lastname="main" />
</exclusive-start>
<allocation-taxation id="3382" taxation-threshold="11534336" timestamp="2019-06-16T00:36:31.194" intervalms="6.406" />
<cycle-start id="3383" type="partial gc" contextid="0" timestamp="2019-06-16T00:36:31.195" intervalms="13.527" />
<gc-start id="3384" type="partial gc" contextid="3383" timestamp="2019-06-16T00:36:31.195">
  <mem-info id="3385" free="16777216" total="66060288" percent="25">
    <mem type="eden" free="1048552" total="24117248" percent="4" />
    <remembered-set count="41056" freebytes="2472704" totalbytes="2636928" percent="93" regionsoverflowed="0" regionsstable="13" regionsrebuilding="0"/>
  </mem-info>
</gc-start>
<allocation-stats totalBytes="22924080" >
  <allocated-bytes non-tlh="0" tlh="22924080" arrayletleaf="0"/>
  <largest-consumer threadName="main" threadId="0000000001627700" bytes="11462040" />
</allocation-stats>
<gc-op id="3386" type="sweep" timems="0.594" contextid="3383" timestamp="2019-06-16T00:36:31.196" />
<gc-op id="3387" type="copy forward" timems="1.582" contextid="3383" timestamp="2019-06-16T00:36:31.198">
  <memory-copied type="eden" objects="1" bytes="24" bytesdiscarded="0" />
  <memory-copied type="other" objects="0" bytes="0" bytesdiscarded="0" />
  <memory-cardclean objects="127" bytes="5832" />
  <regions eden="11" other="1" />
  <remembered-set-cleared processed="39475" cleared="12" durationms="0.289" />
  <stringconstants candidates="13353" cleared="0"  />
</gc-op>
<gc-op id="3388" type="classunload" timems="0.003" contextid="3383" timestamp="2019-06-16T00:36:31.198">
  <classunload-info classloadercandidates="53" classloadersunloaded="0" classesunloaded="0" anonymousclassesunloaded="0" quiescems="0.000" setupms="0.003" scanms="0.000" postms="0.000" />
</gc-op>
<gc-end id="3389" type="partial gc" contextid="3383" durationms="3.491" usertimems="4.000" systemtimems="0.000" timestamp="2019-06-16T00:36:31.198" activeThreads="4">
  <mem-info id="3390" free="39845888" total="66060288" percent="60">
    <mem type="eden" free="1048552" total="1048576" percent="99" />
    <remembered-set count="40576" freebytes="2474624" totalbytes="2636928" percent="93" regionsoverflowed="0" regionsstable="13" regionsrebuilding="0"/>
  </mem-info>
</gc-end>
<cycle-end id="3391" type="partial gc" contextid="3383" timestamp="2019-06-16T00:36:31.198" />
  <attribute name="elasticGC enabled" value="1" />
  <attribute name= "numThreadsSpecified" value="4" />
  <attribute name="heapSize specified" value="0" />
  <attribute name="Current GC Util" value="74" />
  <attribute name= "Current Time Running" value="20862" />
  <attribute name ="GC Interval" value="0" />
  <attribute name="ProportionalT" value="81.000000" />
  <attribute name="ProportionalI" value="81.000000" />
  <attribute name="ProportionalH" value="81.000000" />
  <attribute name="Current Error" value="54.000000" />
  <attribute name="IntegralT" value="0.000000" />
  <attribute name="IntegralI" value="0.000000" />
  <attribute name="IntegralH" value="0.000000" />
  <attribute name="DerivativeT" value="-inf" />
  <attribute name="DerivativeI" value="-inf" />
  <attribute name="DerivativeH" value="-inf" />
  <attribute name="Loop Time for DT" value="0.000000" />
  <attribute name="Output H" value="2091843584"/>
  <attribute name="Output I" value="200"/>
  <attribute name="Output T" value="4"/>
  <attribute name="Target GC Util Change" value ="20.000000" />
  <attribute name="Current GC Util Change" value="74.000000"/>
  <attribute name="GC Util currently" value="74" />
  <attribute name="CPU Util currently" value="19753137397673" />
<exclusive-end id="3392" timestamp="2019-06-16T00:36:31.199" durationms="4.381" />

<exclusive-start id="3393" timestamp="2019-06-16T00:36:31.206" intervalms="11.685">
  <response-info timems="0.077" idlems="0.077" threads="0" lastid="0000000001627700" lastname="main" />
</exclusive-start>
<allocation-taxation id="3394" taxation-threshold="23068672" timestamp="2019-06-16T00:36:31.206" intervalms="11.738" />
<cycle-start id="3395" type="partial gc" contextid="0" timestamp="2019-06-16T00:36:31.206" intervalms="11.757" />
<gc-start id="3396" type="partial gc" contextid="3395" timestamp="2019-06-16T00:36:31.207">
  <mem-info id="3397" free="16777216" total="66060288" percent="25">
    <mem type="eden" free="1048552" total="24117248" percent="4" />
    <remembered-set count="40576" freebytes="2474624" totalbytes="2636928" percent="93" regionsoverflowed="0" regionsstable="13" regionsrebuilding="0"/>
  </mem-info>
</gc-start>
<allocation-stats totalBytes="22924080" >
  <allocated-bytes non-tlh="0" tlh="22924080" arrayletleaf="0"/>
  <largest-consumer threadName="main" threadId="0000000001627700" bytes="22924080" />
</allocation-stats>
<gc-op id="3398" type="copy forward" timems="1.057" contextid="3395" timestamp="2019-06-16T00:36:31.208">
  <memory-copied type="eden" objects="1" bytes="24" bytesdiscarded="0" />
  <memory-copied type="other" objects="79" bytes="3096" bytesdiscarded="0" />
  <memory-cardclean objects="106" bytes="3200" />
  <regions eden="22" other="4" />
  <remembered-set-cleared processed="39462" cleared="30" durationms="0.328" />
  <stringconstants candidates="13353" cleared="0"  />
</gc-op>
<gc-op id="3399" type="classunload" timems="0.003" contextid="3395" timestamp="2019-06-16T00:36:31.209">
  <classunload-info classloadercandidates="53" classloadersunloaded="0" classesunloaded="0" anonymousclassesunloaded="0" quiescems="0.000" setupms="0.003" scanms="0.000" postms="0.000" />
</gc-op>
<heap-resize id="3400" type="contract" space="default" amount="1048576" count="1" timems="0.056" reason="excess free space following gc" timestamp="2019-06-16T00:36:31.209" />
<gc-end id="3401" type="partial gc" contextid="3395" durationms="2.334" usertimems="0.000" systemtimems="0.000" timestamp="2019-06-16T00:36:31.209" activeThreads="1">
  <mem-info id="3402" free="39845888" total="65011712" percent="61">
    <mem type="eden" free="1048552" total="1048576" percent="99" />
    <remembered-set count="40896" freebytes="2473344" totalbytes="2636928" percent="93" regionsoverflowed="0" regionsstable="13" regionsrebuilding="0"/>
  </mem-info>
</gc-end>
<cycle-end id="3403" type="partial gc" contextid="3395" timestamp="2019-06-16T00:36:31.209" />
  <attribute name="elasticGC enabled" value="1" />
  <attribute name= "numThreadsSpecified" value="1" />
  <attribute name="heapSize specified" value="0" />
  <attribute name="Current GC Util" value="60" />
  <attribute name= "Current Time Running" value="20873" />
  <attribute name ="GC Interval" value="0" />
  <attribute name="ProportionalT" value="60.000000" />
  <attribute name="ProportionalI" value="60.000000" />
  <attribute name="ProportionalH" value="60.000000" />
  <attribute name="Current Error" value="40.000000" />
  <attribute name="IntegralT" value="0.000000" />
  <attribute name="IntegralI" value="0.000000" />
  <attribute name="IntegralH" value="0.000000" />
  <attribute name="DerivativeT" value="inf" />
  <attribute name="DerivativeI" value="inf" />
  <attribute name="DerivativeH" value="inf" />
  <attribute name="Loop Time for DT" value="0.000000" />
  <attribute name="Output H" value="8388608"/>
  <attribute name="Output I" value="200"/>
  <attribute name="Output T" value="1"/>
  <attribute name="Target GC Util Change" value ="20.000000" />
  <attribute name="Current GC Util Change" value="60.000000"/>
  <attribute name="GC Util currently" value="60" />
  <attribute name="CPU Util currently" value="20771488945063" />
<exclusive-end id="3404" timestamp="2019-06-16T00:36:31.209" durationms="3.438" />

<exclusive-start id="3405" timestamp="2019-06-16T00:36:31.217" intervalms="10.686">
  <response-info timems="0.080" idlems="0.080" threads="0" lastid="0000000001627700" lastname="main" />
</exclusive-start>
<allocation-taxation id="3406" taxation-threshold="23068672" timestamp="2019-06-16T00:36:31.217" intervalms="10.726" />
<cycle-start id="3407" type="partial gc" contextid="0" timestamp="2019-06-16T00:36:31.217" intervalms="10.745" />
<gc-start id="3408" type="partial gc" contextid="3407" timestamp="2019-06-16T00:36:31.217">
  <mem-info id="3409" free="16777216" total="65011712" percent="25">
    <mem type="eden" free="1048552" total="24117248" percent="4" />
    <remembered-set count="40480" freebytes="2475008" totalbytes="2636928" percent="93" regionsoverflowed="0" regionsstable="13" regionsrebuilding="0"/>
  </mem-info>
</gc-start>
<allocation-stats totalBytes="22924056" >
  <allocated-bytes non-tlh="0" tlh="22924056" arrayletleaf="0"/>
  <largest-consumer threadName="main" threadId="0000000001627700" bytes="22924056" />
</allocation-stats>
<gc-op id="3410" type="copy forward" timems="1.041" contextid="3407" timestamp="2019-06-16T00:36:31.219">
  <memory-copied type="eden" objects="1" bytes="24" bytesdiscarded="0" />
  <memory-copied type="other" objects="1" bytes="3048" bytesdiscarded="312" />
  <memory-cardclean objects="11" bytes="448" />
  <regions eden="22" other="2" />
  <remembered-set-cleared processed="39462" cleared="4" durationms="0.315" />
  <stringconstants candidates="13353" cleared="0"  />
</gc-op>
<gc-op id="3411" type="classunload" timems="0.004" contextid="3407" timestamp="2019-06-16T00:36:31.220">
  <classunload-info classloadercandidates="53" classloadersunloaded="0" classesunloaded="0" anonymousclassesunloaded="0" quiescems="0.000" setupms="0.004" scanms="0.000" postms="0.000" />
</gc-op>
<heap-resize id="3412" type="contract" space="default" amount="3145728" count="1" timems="0.292" reason="excess free space following gc" timestamp="2019-06-16T00:36:31.220" />
<gc-end id="3413" type="partial gc" contextid="3407" durationms="2.775" usertimems="4.000" systemtimems="0.000" timestamp="2019-06-16T00:36:31.220" activeThreads="1">
  <mem-info id="3414" free="37748736" total="61865984" percent="61">
    <mem type="eden" free="1048552" total="1048576" percent="99" />
    <remembered-set count="40448" freebytes="2433280" totalbytes="2595072" percent="93" regionsoverflowed="0" regionsstable="13" regionsrebuilding="0"/>
  </mem-info>
</gc-end>
<cycle-end id="3415" type="partial gc" contextid="3407" timestamp="2019-06-16T00:36:31.220" />
  <attribute name="elasticGC enabled" value="1" />
  <attribute name= "numThreadsSpecified" value="1" />
  <attribute name="heapSize specified" value="0" />
  <attribute name="Current GC Util" value="49" />
  <attribute name= "Current Time Running" value="20884" />
  <attribute name ="GC Interval" value="0" />
  <attribute name="ProportionalT" value="43.500000" />
  <attribute name="ProportionalI" value="43.500000" />
  <attribute name="ProportionalH" value="43.500000" />
  <attribute name="Current Error" value="29.000000" />
  <attribute name="IntegralT" value="0.000000" />
  <attribute name="IntegralI" value="0.000000" />
  <attribute name="IntegralH" value="0.000000" />
  <attribute name="DerivativeT" value="inf" />
  <attribute name="DerivativeI" value="inf" />
  <attribute name="DerivativeH" value="inf" />
  <attribute name="Loop Time for DT" value="0.000000" />
  <attribute name="Output H" value="8388608"/>
  <attribute name="Output I" value="200"/>
  <attribute name="Output T" value="1"/>
  <attribute name="Target GC Util Change" value ="20.000000" />
  <attribute name="Current GC Util Change" value="49.000000"/>
  <attribute name="GC Util currently" value="49" />
  <attribute name="CPU Util currently" value="10884858526215" />
<exclusive-end id="3416" timestamp="2019-06-16T00:36:31.221" durationms="3.945" />

<exclusive-start id="3417" timestamp="2019-06-16T00:36:31.228" intervalms="10.866">
  <response-info timems="0.056" idlems="0.056" threads="0" lastid="0000000001627700" lastname="main" />
</exclusive-start>
<allocation-taxation id="3418" taxation-threshold="22020096" timestamp="2019-06-16T00:36:31.228" intervalms="10.854" />
<cycle-start id="3419" type="partial gc" contextid="0" timestamp="2019-06-16T00:36:31.228" intervalms="10.878" />
<gc-start id="3420" type="partial gc" contextid="3419" timestamp="2019-06-16T00:36:31.228">
  <mem-info id="3421" free="15728640" total="61865984" percent="25">
    <mem type="eden" free="1048552" total="23068672" percent="4" />
    <remembered-set count="39968" freebytes="2435200" totalbytes="2595072" percent="93" regionsoverflowed="0" regionsstable="13" regionsrebuilding="0"/>
  </mem-info>
</gc-start>
<allocation-stats totalBytes="21882072" >
  <allocated-bytes non-tlh="0" tlh="21882072" arrayletleaf="0"/>
  <largest-consumer threadName="main" threadId="0000000001627700" bytes="21882072" />
</allocation-stats>
<gc-op id="3422" type="copy forward" timems="7.034" contextid="3419" timestamp="2019-06-16T00:36:31.236">
  <memory-copied type="eden" objects="1" bytes="24" bytesdiscarded="0" />
  <memory-copied type="other" objects="1275" bytes="52440" bytesdiscarded="24" />
  <memory-cardclean objects="101860" bytes="3608896" />
  <regions eden="21" other="2" />
  <remembered-set-cleared processed="27231" cleared="3308" durationms="0.300" />
  <references type="soft" candidates="8" cleared="0" enqueued="0" dynamicThreshold="19" maxThreshold="32" />
  <references type="weak" candidates="13" cleared="0" enqueued="0" />
  <stringconstants candidates="13353" cleared="0"  />
</gc-op>
<gc-op id="3423" type="classunload" timems="0.004" contextid="3419" timestamp="2019-06-16T00:36:31.236">
  <classunload-info classloadercandidates="53" classloadersunloaded="0" classesunloaded="0" anonymousclassesunloaded="0" quiescems="0.000" setupms="0.004" scanms="0.000" postms="0.000" />
</gc-op>
<heap-resize id="3424" type="contract" space="default" amount="2097152" count="1" timems="0.228" reason="excess free space following gc" timestamp="2019-06-16T00:36:31.237" />
<gc-end id="3425" type="partial gc" contextid="3419" durationms="8.776" usertimems="8.000" systemtimems="0.000" timestamp="2019-06-16T00:36:31.237" activeThreads="1">
  <mem-info id="3426" free="36700160" total="59768832" percent="61">
    <mem type="eden" free="1048552" total="1048576" percent="99" />
    <remembered-set count="33440" freebytes="2335744" totalbytes="2469504" percent="94" regionsoverflowed="0" regionsstable="13" regionsrebuilding="0"/>
  </mem-info>
</gc-end>
<cycle-end id="3427" type="partial gc" contextid="3419" timestamp="2019-06-16T00:36:31.237" />
  <attribute name="elasticGC enabled" value="1" />
  <attribute name= "numThreadsSpecified" value="1" />
  <attribute name="heapSize specified" value="0" />
  <attribute name="Current GC Util" value="54" />
  <attribute name= "Current Time Running" value="20895" />
  <attribute name ="GC Interval" value="0" />
  <attribute name="ProportionalT" value="51.000000" />
  <attribute name="ProportionalI" value="51.000000" />
  <attribute name="ProportionalH" value="51.000000" />
  <attribute name="Current Error" value="34.000000" />
  <attribute name="IntegralT" value="0.000000" />
  <attribute name="IntegralI" value="0.000000" />
  <attribute name="IntegralH" value="0.000000" />
  <attribute name="DerivativeT" value="inf" />
  <attribute name="DerivativeI" value="inf" />
  <attribute name="DerivativeH" value="inf" />
  <attribute name="Loop Time for DT" value="0.000000" />
  <attribute name="Output H" value="8388608"/>
  <attribute name="Output I" value="200"/>
  <attribute name="Output T" value="1"/>
  <attribute name="Target GC Util Change" value ="20.000000" />
  <attribute name="Current GC Util Change" value="54.000000"/>
  <attribute name="GC Util currently" value="54" />
  <attribute name="CPU Util currently" value="10859739168282" />
<exclusive-end id="3428" timestamp="2019-06-16T00:36:31.238" durationms="9.964" />

<exclusive-start id="3429" timestamp="2019-06-16T00:36:31.241" intervalms="13.393">
  <response-info timems="0.058" idlems="0.058" threads="0" lastid="0000000001627700" lastname="main" />
</exclusive-start>
<allocation-taxation id="3430" taxation-threshold="10485760" timestamp="2019-06-16T00:36:31.241" intervalms="13.393" />
<cycle-start id="3431" type="global mark phase" contextid="0" timestamp="2019-06-16T00:36:31.241" intervalms="209.521" />
<gc-start id="3432" type="global mark phase" contextid="3431" timestamp="2019-06-16T00:36:31.242">
  <mem-info id="3433" free="26214400" total="59768832" percent="43">
    <remembered-set count="33312" freebytes="2336256" totalbytes="2469504" percent="94" regionsoverflowed="0" regionsstable="13" regionsrebuilding="0"/>
  </mem-info>
</gc-start>
<gc-op id="3434" type="mark increment" timems="2.045" contextid="3431" timestamp="2019-06-16T00:36:31.244">
  <trace-info objectcount="74124" scancount="52390" scanbytes="1742148" />
</gc-op>
<gc-end id="3435" type="global mark phase" contextid="3431" durationms="2.374" usertimems="4.000" systemtimems="0.000" timestamp="2019-06-16T00:36:31.244" activeThreads="4">
  <mem-info id="3436" free="26214400" total="59768832" percent="43">
    <remembered-set count="44064" freebytes="2293248" totalbytes="2469504" percent="92" regionsoverflowed="0" regionsstable="0" regionsrebuilding="13"/>
  </mem-info>
</gc-end>
<concurrent-start id="3437" type="GMP work packet processing" contextid="3431" timestamp="2019-06-16T00:36:31.244">
  <concurrent-mark-start scanTarget="1265656" />
</concurrent-start>
<exclusive-end id="3438" timestamp="2019-06-16T00:36:31.244" durationms="3.309" />

<concurrent-end id="3439" type="GMP work packet processing" contextid="3431" timestamp="2019-06-16T00:36:31.245">
  <concurrent-mark-end bytesScanned="1307520" reasonForTermination="Work target met" />
</concurrent-end>

<exclusive-start id="3440" timestamp="2019-06-16T00:36:31.248" intervalms="7.402">
  <response-info timems="0.108" idlems="0.108" threads="0" lastid="0000000001627700" lastname="main" />
</exclusive-start>
<allocation-taxation id="3441" taxation-threshold="10485760" timestamp="2019-06-16T00:36:31.249" intervalms="7.395" />
<cycle-start id="3442" type="partial gc" contextid="0" timestamp="2019-06-16T00:36:31.249" intervalms="20.737" />
<gc-start id="3443" type="partial gc" contextid="3442" timestamp="2019-06-16T00:36:31.249">
  <mem-info id="3444" free="15728640" total="59768832" percent="26">
    <mem type="eden" free="1048552" total="22020096" percent="4" />
    <remembered-set count="50304" freebytes="2268288" totalbytes="2469504" percent="91" regionsoverflowed="0" regionsstable="0" regionsrebuilding="13"/>
  </mem-info>
</gc-start>
<allocation-stats totalBytes="20840064" >
  <allocated-bytes non-tlh="0" tlh="20840064" arrayletleaf="0"/>
  <largest-consumer threadName="main" threadId="0000000001627700" bytes="10420032" />
</allocation-stats>
<gc-op id="3445" type="copy forward" timems="3.803" contextid="3442" timestamp="2019-06-16T00:36:31.254">
  <memory-copied type="eden" objects="1" bytes="24" bytesdiscarded="0" />
  <memory-copied type="other" objects="31413" bytes="755080" bytesdiscarded="21752" />
  <memory-cardclean objects="96389" bytes="3665312" />
  <regions eden="20" other="3" />
  <remembered-set-cleared processed="28771" cleared="10376" durationms="0.249" />
  <references type="soft" candidates="24" cleared="0" enqueued="0" dynamicThreshold="14" maxThreshold="32" />
  <references type="weak" candidates="117" cleared="0" enqueued="0" />
  <stringconstants candidates="13353" cleared="0"  />
</gc-op>
<gc-op id="3446" type="classunload" timems="0.005" contextid="3442" timestamp="2019-06-16T00:36:31.254">
  <classunload-info classloadercandidates="53" classloadersunloaded="0" classesunloaded="0" anonymousclassesunloaded="0" quiescems="0.000" setupms="0.004" scanms="0.000" postms="0.000" />
</gc-op>
<heap-resize id="3447" type="contract" space="default" amount="3145728" count="1" timems="0.228" reason="excess free space following gc" timestamp="2019-06-16T00:36:31.254" />
<gc-end id="3448" type="partial gc" contextid="3442" durationms="5.423" usertimems="12.000" systemtimems="0.000" timestamp="2019-06-16T00:36:31.254" activeThreads="4">
  <mem-info id="3449" free="35651584" total="56623104" percent="62">
    <mem type="eden" free="1048552" total="1048576" percent="99" />
    <remembered-set count="38016" freebytes="2233728" totalbytes="2385792" percent="93" regionsoverflowed="0" regionsstable="0" regionsrebuilding="13"/>
  </mem-info>
</gc-end>
<cycle-end id="3450" type="partial gc" contextid="3442" timestamp="2019-06-16T00:36:31.255" />
  <attribute name="elasticGC enabled" value="1" />
  <attribute name= "numThreadsSpecified" value="4" />
  <attribute name="heapSize specified" value="0" />
  <attribute name="Current GC Util" value="54" />
  <attribute name= "Current Time Running" value="20916" />
  <attribute name ="GC Interval" value="0" />
  <attribute name="ProportionalT" value="51.000000" />
  <attribute name="ProportionalI" value="51.000000" />
  <attribute name="ProportionalH" value="51.000000" />
  <attribute name="Current Error" value="34.000000" />
  <attribute name="IntegralT" value="34.000000" />
  <attribute name="IntegralI" value="34.000000" />
  <attribute name="IntegralH" value="34.000000" />
  <attribute name="DerivativeT" value="8.000000" />
  <attribute name="DerivativeI" value="8.000000" />
  <attribute name="DerivativeH" value="8.000000" />
  <attribute name="Loop Time for DT" value="1.000000" />
  <attribute name="Output H" value="8388608"/>
  <attribute name="Output I" value="200"/>
  <attribute name="Output T" value="4"/>
  <attribute name="Target GC Util Change" value ="20.000000" />
  <attribute name="Current GC Util Change" value="54.000000"/>
  <attribute name="GC Util currently" value="54" />
  <attribute name="CPU Util currently" value="10698701487869" />
<exclusive-end id="3451" timestamp="2019-06-16T00:36:31.255" durationms="6.504" />

<exclusive-start id="3452" timestamp="2019-06-16T00:36:31.258" intervalms="9.938">
  <response-info timems="0.055" idlems="0.055" threads="0" lastid="0000000001627700" lastname="main" />
</exclusive-start>
<allocation-taxation id="3453" taxation-threshold="10485760" timestamp="2019-06-16T00:36:31.258" intervalms="9.900" />
<gc-start id="3454" type="global mark phase" contextid="3431" timestamp="2019-06-16T00:36:31.259">
  <mem-info id="3455" free="25165824" total="56623104" percent="44">
    <remembered-set count="37536" freebytes="2235648" totalbytes="2385792" percent="93" regionsoverflowed="0" regionsstable="0" regionsrebuilding="13"/>
  </mem-info>
</gc-start>
<gc-end id="3456" type="global mark phase" contextid="3431" durationms="0.161" usertimems="0.000" systemtimems="0.000" timestamp="2019-06-16T00:36:31.259" activeThreads="4">
  <mem-info id="3457" free="25165824" total="56623104" percent="44">
    <remembered-set count="37536" freebytes="2235648" totalbytes="2385792" percent="93" regionsoverflowed="0" regionsstable="0" regionsrebuilding="13"/>
  </mem-info>
</gc-end>
<concurrent-start id="3458" type="GMP work packet processing" contextid="3431" timestamp="2019-06-16T00:36:31.259">
  <concurrent-mark-start scanTarget="1265656" />
</concurrent-start>
<exclusive-end id="3459" timestamp="2019-06-16T00:36:31.260" durationms="1.548" />

<concurrent-end id="3460" type="GMP work packet processing" contextid="3431" timestamp="2019-06-16T00:36:31.260">
  <concurrent-mark-end bytesScanned="1316960" reasonForTermination="Work target met" />
</concurrent-end>

<exclusive-start id="3461" timestamp="2019-06-16T00:36:31.263" intervalms="4.903">
  <response-info timems="0.073" idlems="0.073" threads="0" lastid="0000000001627700" lastname="main" />
</exclusive-start>
<allocation-taxation id="3462" taxation-threshold="10485760" timestamp="2019-06-16T00:36:31.263" intervalms="4.892" />
<cycle-start id="3463" type="partial gc" contextid="0" timestamp="2019-06-16T00:36:31.264" intervalms="14.767" />
<gc-start id="3464" type="partial gc" contextid="3463" timestamp="2019-06-16T00:36:31.264">
  <mem-info id="3465" free="14680064" total="56623104" percent="25">
    <mem type="eden" free="1048552" total="22020096" percent="4" />
    <remembered-set count="40608" freebytes="2223360" totalbytes="2385792" percent="93" regionsoverflowed="0" regionsstable="0" regionsrebuilding="13"/>
  </mem-info>
</gc-start>
<allocation-stats totalBytes="20840064" >
  <allocated-bytes non-tlh="0" tlh="20840064" arrayletleaf="0"/>
  <largest-consumer threadName="main" threadId="0000000001627700" bytes="10420032" />
</allocation-stats>
<gc-op id="3466" type="copy forward" timems="2.606" contextid="3463" timestamp="2019-06-16T00:36:31.267">
  <memory-copied type="eden" objects="1" bytes="24" bytesdiscarded="0" />
  <memory-copied type="other" objects="0" bytes="0" bytesdiscarded="0" />
  <memory-cardclean objects="47516" bytes="1810712" />
  <regions eden="20" other="1" />
  <remembered-set-cleared processed="32495" cleared="5523" durationms="0.246" />
  <stringconstants candidates="13353" cleared="0"  />
</gc-op>
<gc-op id="3467" type="classunload" timems="0.004" contextid="3463" timestamp="2019-06-16T00:36:31.267">
  <classunload-info classloadercandidates="53" classloadersunloaded="0" classesunloaded="0" anonymousclassesunloaded="0" quiescems="0.000" setupms="0.004" scanms="0.000" postms="0.000" />
</gc-op>
<heap-resize id="3468" type="contract" space="default" amount="2097152" count="1" timems="0.233" reason="excess free space following gc" timestamp="2019-06-16T00:36:31.268" />
<gc-end id="3469" type="partial gc" contextid="3463" durationms="4.304" usertimems="8.000" systemtimems="0.000" timestamp="2019-06-16T00:36:31.268" activeThreads="4">
  <mem-info id="3470" free="33554432" total="54525952" percent="61">
    <mem type="eden" free="1048552" total="1048576" percent="99" />
    <remembered-set count="37728" freebytes="2109312" totalbytes="2260224" percent="93" regionsoverflowed="0" regionsstable="0" regionsrebuilding="13"/>
  </mem-info>
</gc-end>
<cycle-end id="3471" type="partial gc" contextid="3463" timestamp="2019-06-16T00:36:31.268" />
  <attribute name="elasticGC enabled" value="1" />
  <attribute name= "numThreadsSpecified" value="4" />
  <attribute name="heapSize specified" value="0" />
  <attribute name="Current GC Util" value="44" />
  <attribute name= "Current Time Running" value="20931" />
  <attribute name ="GC Interval" value="0" />
  <attribute name="ProportionalT" value="36.000000" />
  <attribute name="ProportionalI" value="36.000000" />
  <attribute name="ProportionalH" value="36.000000" />
  <attribute name="Current Error" value="24.000000" />
  <attribute name="IntegralT" value="24.000000" />
  <attribute name="IntegralI" value="24.000000" />
  <attribute name="IntegralH" value="24.000000" />
  <attribute name="DerivativeT" value="4.000000" />
  <attribute name="DerivativeI" value="4.000000" />
  <attribute name="DerivativeH" value="4.000000" />
  <attribute name="Loop Time for DT" value="1.000000" />
  <attribute name="Output H" value="8388608"/>
  <attribute name="Output I" value="200"/>
  <attribute name="Output T" value="4"/>
  <attribute name="Target GC Util Change" value ="20.000000" />
  <attribute name="Current GC Util Change" value="44.000000"/>
  <attribute name="GC Util currently" value="44" />
  <attribute name="CPU Util currently" value="11943010389138" />
<exclusive-end id="3472" timestamp="2019-06-16T00:36:31.269" durationms="5.350" />

<exclusive-start id="3473" timestamp="2019-06-16T00:36:31.272" intervalms="8.424">
  <response-info timems="0.029" idlems="0.029" threads="0" lastid="0000000001627700" lastname="main" />
</exclusive-start>
<allocation-taxation id="3474" taxation-threshold="9437184" timestamp="2019-06-16T00:36:31.272" intervalms="8.486" />
<gc-start id="3475" type="global mark phase" contextid="3431" timestamp="2019-06-16T00:36:31.272">
  <mem-info id="3476" free="24117248" total="54525952" percent="44">
    <remembered-set count="37696" freebytes="2109440" totalbytes="2260224" percent="93" regionsoverflowed="0" regionsstable="0" regionsrebuilding="13"/>
  </mem-info>
</gc-start>
<gc-end id="3477" type="global mark phase" contextid="3431" durationms="0.204" usertimems="0.000" systemtimems="0.000" timestamp="2019-06-16T00:36:31.272" activeThreads="4">
  <mem-info id="3478" free="24117248" total="54525952" percent="44">
    <remembered-set count="37696" freebytes="2109440" totalbytes="2260224" percent="93" regionsoverflowed="0" regionsstable="0" regionsrebuilding="13"/>
  </mem-info>
</gc-end>
<concurrent-start id="3479" type="GMP work packet processing" contextid="3431" timestamp="2019-06-16T00:36:31.272">
  <concurrent-mark-start scanTarget="1265656" />
</concurrent-start>
<exclusive-end id="3480" timestamp="2019-06-16T00:36:31.273" durationms="1.807" />

<concurrent-end id="3481" type="GMP work packet processing" contextid="3431" timestamp="2019-06-16T00:36:31.274">
  <concurrent-mark-end bytesScanned="1317332" reasonForTermination="Work target met" />
</concurrent-end>

<exclusive-start id="3482" timestamp="2019-06-16T00:36:31.276" intervalms="4.886">
  <response-info timems="0.073" idlems="0.073" threads="0" lastid="0000000001627700" lastname="main" />
</exclusive-start>
<allocation-taxation id="3483" taxation-threshold="9437184" timestamp="2019-06-16T00:36:31.277" intervalms="4.900" />
<cycle-start id="3484" type="partial gc" contextid="0" timestamp="2019-06-16T00:36:31.277" intervalms="13.437" />
<gc-start id="3485" type="partial gc" contextid="3484" timestamp="2019-06-16T00:36:31.277">
  <mem-info id="3486" free="14680064" total="54525952" percent="26">
    <mem type="eden" free="1048552" total="19922944" percent="5" />
    <remembered-set count="51968" freebytes="2052352" totalbytes="2260224" percent="90" regionsoverflowed="0" regionsstable="0" regionsrebuilding="13"/>
  </mem-info>
</gc-start>
<allocation-stats totalBytes="18756048" >
  <allocated-bytes non-tlh="0" tlh="18756048" arrayletleaf="0"/>
  <largest-consumer threadName="main" threadId="0000000001627700" bytes="9378024" />
</allocation-stats>
<gc-op id="3487" type="copy forward" timems="5.788" contextid="3484" timestamp="2019-06-16T00:36:31.284">
  <memory-copied type="eden" objects="1" bytes="24" bytesdiscarded="0" />
  <memory-copied type="other" objects="0" bytes="0" bytesdiscarded="0" />
  <memory-cardclean objects="64891" bytes="2385960" />
  <regions eden="18" other="1" />
  <remembered-set-cleared processed="40858" cleared="10661" durationms="0.454" />
  <stringconstants candidates="13353" cleared="0"  />
</gc-op>
<gc-op id="3488" type="classunload" timems="0.003" contextid="3484" timestamp="2019-06-16T00:36:31.284">
  <classunload-info classloadercandidates="53" classloadersunloaded="0" classesunloaded="0" anonymousclassesunloaded="0" quiescems="0.000" setupms="0.003" scanms="0.000" postms="0.000" />
</gc-op>
<gc-end id="3489" type="partial gc" contextid="3484" durationms="7.116" usertimems="8.000" systemtimems="0.000" timestamp="2019-06-16T00:36:31.284" activeThreads="1">
  <mem-info id="3490" free="33554432" total="54525952" percent="61">
    <mem type="eden" free="1048552" total="1048576" percent="99" />
    <remembered-set count="44224" freebytes="1999616" totalbytes="2176512" percent="91" regionsoverflowed="0" regionsstable="0" regionsrebuilding="13"/>
  </mem-info>
</gc-end>
<cycle-end id="3491" type="partial gc" contextid="3484" timestamp="2019-06-16T00:36:31.285" />
  <attribute name="elasticGC enabled" value="1" />
  <attribute name= "numThreadsSpecified" value="1" />
  <attribute name="heapSize specified" value="0" />
  <attribute name="Current GC Util" value="66" />
  <attribute name= "Current Time Running" value="20944" />
  <attribute name ="GC Interval" value="0" />
  <attribute name="ProportionalT" value="69.000000" />
  <attribute name="ProportionalI" value="69.000000" />
  <attribute name="ProportionalH" value="69.000000" />
  <attribute name="Current Error" value="46.000000" />
  <attribute name="IntegralT" value="0.000000" />
  <attribute name="IntegralI" value="0.000000" />
  <attribute name="IntegralH" value="0.000000" />
  <attribute name="DerivativeT" value="inf" />
  <attribute name="DerivativeI" value="inf" />
  <attribute name="DerivativeH" value="inf" />
  <attribute name="Loop Time for DT" value="0.000000" />
  <attribute name="Output H" value="8388608"/>
  <attribute name="Output I" value="200"/>
  <attribute name="Output T" value="1"/>
  <attribute name="Target GC Util Change" value ="20.000000" />
  <attribute name="Current GC Util Change" value="66.000000"/>
  <attribute name="GC Util currently" value="66" />
  <attribute name="CPU Util currently" value="11421453522055" />
<exclusive-end id="3492" timestamp="2019-06-16T00:36:31.285" durationms="8.294" />

<exclusive-start id="3493" timestamp="2019-06-16T00:36:31.288" intervalms="11.413">
  <response-info timems="0.075" idlems="0.075" threads="0" lastid="0000000001627700" lastname="main" />
</exclusive-start>
<allocation-taxation id="3494" taxation-threshold="9437184" timestamp="2019-06-16T00:36:31.288" intervalms="11.400" />
<gc-start id="3495" type="global mark phase" contextid="3431" timestamp="2019-06-16T00:36:31.288">
  <mem-info id="3496" free="24117248" total="54525952" percent="44">
    <remembered-set count="44064" freebytes="2000256" totalbytes="2176512" percent="91" regionsoverflowed="0" regionsstable="0" regionsrebuilding="13"/>
  </mem-info>
</gc-start>
<gc-end id="3497" type="global mark phase" contextid="3431" durationms="0.194" usertimems="0.000" systemtimems="0.000" timestamp="2019-06-16T00:36:31.289" activeThreads="1">
  <mem-info id="3498" free="24117248" total="54525952" percent="44">
    <remembered-set count="44064" freebytes="2000256" totalbytes="2176512" percent="91" regionsoverflowed="0" regionsstable="0" regionsrebuilding="13"/>
  </mem-info>
</gc-end>
<concurrent-start id="3499" type="GMP work packet processing" contextid="3431" timestamp="2019-06-16T00:36:31.289">
  <concurrent-mark-start scanTarget="1048576" />
</concurrent-start>
<exclusive-end id="3500" timestamp="2019-06-16T00:36:31.289" durationms="0.936" />

<concurrent-end id="3501" type="GMP work packet processing" contextid="3431" timestamp="2019-06-16T00:36:31.290">
  <concurrent-mark-end bytesScanned="1085056" reasonForTermination="Work target met" />
</concurrent-end>

<exclusive-start id="3502" timestamp="2019-06-16T00:36:31.292" intervalms="4.576">
  <response-info timems="0.076" idlems="0.076" threads="0" lastid="0000000001627700" lastname="main" />
</exclusive-start>
<allocation-taxation id="3503" taxation-threshold="9437184" timestamp="2019-06-16T00:36:31.293" intervalms="4.574" />
<cycle-start id="3504" type="partial gc" contextid="0" timestamp="2019-06-16T00:36:31.293" intervalms="16.001" />
<gc-start id="3505" type="partial gc" contextid="3504" timestamp="2019-06-16T00:36:31.293">
  <mem-info id="3506" free="14680064" total="54525952" percent="26">
    <mem type="eden" free="1048552" total="19922944" percent="5" />
    <remembered-set count="56000" freebytes="1952512" totalbytes="2176512" percent="89" regionsoverflowed="0" regionsstable="0" regionsrebuilding="13"/>
  </mem-info>
</gc-start>
<allocation-stats totalBytes="18756072" >
  <allocated-bytes non-tlh="0" tlh="18756072" arrayletleaf="0"/>
  <largest-consumer threadName="main" threadId="0000000001627700" bytes="9378024" />
</allocation-stats>
<gc-op id="3507" type="copy forward" timems="1.376" contextid="3504" timestamp="2019-06-16T00:36:31.295">
  <memory-copied type="eden" objects="1" bytes="24" bytesdiscarded="0" />
  <memory-copied type="other" objects="0" bytes="0" bytesdiscarded="0" />
  <memory-cardclean objects="10" bytes="424" />
  <regions eden="18" other="1" />
  <remembered-set-cleared processed="54143" cleared="6" durationms="0.389" />
  <stringconstants candidates="13353" cleared="0"  />
</gc-op>
<gc-op id="3508" type="classunload" timems="0.004" contextid="3504" timestamp="2019-06-16T00:36:31.296">
  <classunload-info classloadercandidates="53" classloadersunloaded="0" classesunloaded="0" anonymousclassesunloaded="0" quiescems="0.000" setupms="0.004" scanms="0.000" postms="0.000" />
</gc-op>
<gc-end id="3509" type="partial gc" contextid="3504" durationms="2.544" usertimems="0.000" systemtimems="0.000" timestamp="2019-06-16T00:36:31.296" activeThreads="1">
  <mem-info id="3510" free="33554432" total="54525952" percent="61">
    <mem type="eden" free="1048552" total="1048576" percent="99" />
    <remembered-set count="56480" freebytes="1950592" totalbytes="2176512" percent="89" regionsoverflowed="0" regionsstable="0" regionsrebuilding="13"/>
  </mem-info>
</gc-end>
<cycle-end id="3511" type="partial gc" contextid="3504" timestamp="2019-06-16T00:36:31.296" />
  <attribute name="elasticGC enabled" value="1" />
  <attribute name= "numThreadsSpecified" value="1" />
  <attribute name="heapSize specified" value="0" />
  <attribute name="Current GC Util" value="69" />
  <attribute name= "Current Time Running" value="20960" />
  <attribute name ="GC Interval" value="0" />
  <attribute name="ProportionalT" value="73.500000" />
  <attribute name="ProportionalI" value="73.500000" />
  <attribute name="ProportionalH" value="73.500000" />
  <attribute name="Current Error" value="49.000000" />
  <attribute name="IntegralT" value="0.000000" />
  <attribute name="IntegralI" value="0.000000" />
  <attribute name="IntegralH" value="0.000000" />
  <attribute name="DerivativeT" value="inf" />
  <attribute name="DerivativeI" value="inf" />
  <attribute name="DerivativeH" value="inf" />
  <attribute name="Loop Time for DT" value="0.000000" />
  <attribute name="Output H" value="8388608"/>
  <attribute name="Output I" value="200"/>
  <attribute name="Output T" value="1"/>
  <attribute name="Target GC Util Change" value ="20.000000" />
  <attribute name="Current GC Util Change" value="69.000000"/>
  <attribute name="GC Util currently" value="69" />
  <attribute name="CPU Util currently" value="19452024524169" />
<exclusive-end id="3512" timestamp="2019-06-16T00:36:31.296" durationms="3.740" />

<exclusive-start id="3513" timestamp="2019-06-16T00:36:31.299" intervalms="6.842">
  <response-info timems="0.076" idlems="0.076" threads="0" lastid="0000000001627700" lastname="main" />
</exclusive-start>
<allocation-taxation id="3514" taxation-threshold="9437184" timestamp="2019-06-16T00:36:31.300" intervalms="6.838" />
<gc-start id="3515" type="global mark phase" contextid="3431" timestamp="2019-06-16T00:36:31.300">
  <mem-info id="3516" free="24117248" total="54525952" percent="44">
    <remembered-set count="56000" freebytes="1952512" totalbytes="2176512" percent="89" regionsoverflowed="0" regionsstable="0" regionsrebuilding="13"/>
  </mem-info>
</gc-start>
<gc-end id="3517" type="global mark phase" contextid="3431" durationms="0.207" usertimems="0.000" systemtimems="0.000" timestamp="2019-06-16T00:36:31.300" activeThreads="1">
  <mem-info id="3518" free="24117248" total="54525952" percent="44">
    <remembered-set count="56000" freebytes="1952512" totalbytes="2176512" percent="89" regionsoverflowed="0" regionsstable="0" regionsrebuilding="13"/>
  </mem-info>
</gc-end>
<concurrent-start id="3519" type="GMP work packet processing" contextid="3431" timestamp="2019-06-16T00:36:31.300">
  <concurrent-mark-start scanTarget="1048576" />
</concurrent-start>
<exclusive-end id="3520" timestamp="2019-06-16T00:36:31.301" durationms="1.421" />

<concurrent-end id="3521" type="GMP work packet processing" contextid="3431" timestamp="2019-06-16T00:36:31.301">
  <concurrent-mark-end bytesScanned="1086800" reasonForTermination="Work target met" />
</concurrent-end>

<exclusive-start id="3522" timestamp="2019-06-16T00:36:31.304" intervalms="4.498">
  <response-info timems="0.081" idlems="0.081" threads="0" lastid="0000000001627700" lastname="main" />
</exclusive-start>
<allocation-taxation id="3523" taxation-threshold="9437184" timestamp="2019-06-16T00:36:31.304" intervalms="4.495" />
<cycle-start id="3524" type="partial gc" contextid="0" timestamp="2019-06-16T00:36:31.304" intervalms="11.304" />
<gc-start id="3525" type="partial gc" contextid="3524" timestamp="2019-06-16T00:36:31.305">
  <mem-info id="3526" free="14680064" total="54525952" percent="26">
    <mem type="eden" free="1048552" total="19922944" percent="5" />
    <remembered-set count="58048" freebytes="1944320" totalbytes="2176512" percent="89" regionsoverflowed="0" regionsstable="0" regionsrebuilding="13"/>
  </mem-info>
</gc-start>
<allocation-stats totalBytes="18756048" >
  <allocated-bytes non-tlh="0" tlh="18756048" arrayletleaf="0"/>
  <largest-consumer threadName="main" threadId="0000000001627700" bytes="9378024" />
</allocation-stats>
<gc-op id="3527" type="copy forward" timems="1.379" contextid="3524" timestamp="2019-06-16T00:36:31.307">
  <memory-copied type="eden" objects="1" bytes="24" bytesdiscarded="0" />
  <memory-copied type="other" objects="0" bytes="0" bytesdiscarded="0" />
  <memory-cardclean objects="10" bytes="424" />
  <regions eden="18" other="1" />
  <remembered-set-cleared processed="56522" cleared="6" durationms="0.390" />
  <stringconstants candidates="13353" cleared="0"  />
</gc-op>
<gc-op id="3528" type="classunload" timems="0.004" contextid="3524" timestamp="2019-06-16T00:36:31.307">
  <classunload-info classloadercandidates="53" classloadersunloaded="0" classesunloaded="0" anonymousclassesunloaded="0" quiescems="0.000" setupms="0.004" scanms="0.000" postms="0.000" />
</gc-op>
<gc-end id="3529" type="partial gc" contextid="3524" durationms="2.505" usertimems="0.000" systemtimems="0.000" timestamp="2019-06-16T00:36:31.307" activeThreads="1">
  <mem-info id="3530" free="33554432" total="54525952" percent="61">
    <mem type="eden" free="1048552" total="1048576" percent="99" />
    <remembered-set count="58528" freebytes="1942400" totalbytes="2176512" percent="89" regionsoverflowed="0" regionsstable="0" regionsrebuilding="13"/>
  </mem-info>
</gc-end>
<cycle-end id="3531" type="partial gc" contextid="3524" timestamp="2019-06-16T00:36:31.307" />
  <attribute name="elasticGC enabled" value="1" />
  <attribute name= "numThreadsSpecified" value="1" />
  <attribute name="heapSize specified" value="0" />
  <attribute name="Current GC Util" value="74" />
  <attribute name= "Current Time Running" value="20971" />
  <attribute name ="GC Interval" value="0" />
  <attribute name="ProportionalT" value="81.000000" />
  <attribute name="ProportionalI" value="81.000000" />
  <attribute name="ProportionalH" value="81.000000" />
  <attribute name="Current Error" value="54.000000" />
  <attribute name="IntegralT" value="0.000000" />
  <attribute name="IntegralI" value="0.000000" />
  <attribute name="IntegralH" value="0.000000" />
  <attribute name="DerivativeT" value="inf" />
  <attribute name="DerivativeI" value="inf" />
  <attribute name="DerivativeH" value="inf" />
  <attribute name="Loop Time for DT" value="0.000000" />
  <attribute name="Output H" value="8388608"/>
  <attribute name="Output I" value="200"/>
  <attribute name="Output T" value="1"/>
  <attribute name="Target GC Util Change" value ="20.000000" />
  <attribute name="Current GC Util Change" value="74.000000"/>
  <attribute name="GC Util currently" value="74" />
  <attribute name="CPU Util currently" value="19627202354798" />
<exclusive-end id="3532" timestamp="2019-06-16T00:36:31.307" durationms="3.656" />

<exclusive-start id="3533" timestamp="2019-06-16T00:36:31.311" intervalms="6.786">
  <response-info timems="0.071" idlems="0.071" threads="0" lastid="0000000001627700" lastname="main" />
</exclusive-start>
<allocation-taxation id="3534" taxation-threshold="9437184" timestamp="2019-06-16T00:36:31.311" intervalms="6.695" />
<gc-start id="3535" type="global mark phase" contextid="3431" timestamp="2019-06-16T00:36:31.311">
  <mem-info id="3536" free="24117248" total="54525952" percent="44">
    <remembered-set count="58048" freebytes="1944320" totalbytes="2176512" percent="89" regionsoverflowed="0" regionsstable="0" regionsrebuilding="13"/>
  </mem-info>
</gc-start>
<gc-end id="3537" type="global mark phase" contextid="3431" durationms="0.197" usertimems="0.000" systemtimems="0.000" timestamp="2019-06-16T00:36:31.311" activeThreads="1">
  <mem-info id="3538" free="24117248" total="54525952" percent="44">
    <remembered-set count="58048" freebytes="1944320" totalbytes="2176512" percent="89" regionsoverflowed="0" regionsstable="0" regionsrebuilding="13"/>
  </mem-info>
</gc-end>
<concurrent-start id="3539" type="GMP work packet processing" contextid="3431" timestamp="2019-06-16T00:36:31.311">
  <concurrent-mark-start scanTarget="1048576" />
</concurrent-start>
<exclusive-end id="3540" timestamp="2019-06-16T00:36:31.312" durationms="1.399" />

<concurrent-end id="3541" type="GMP work packet processing" contextid="3431" timestamp="2019-06-16T00:36:31.312">
  <concurrent-mark-end bytesScanned="1091416" reasonForTermination="Work target met" />
</concurrent-end>

<exclusive-start id="3542" timestamp="2019-06-16T00:36:31.315" intervalms="4.430">
  <response-info timems="0.058" idlems="0.058" threads="0" lastid="0000000001627700" lastname="main" />
</exclusive-start>
<allocation-taxation id="3543" taxation-threshold="9437184" timestamp="2019-06-16T00:36:31.315" intervalms="4.442" />
<cycle-start id="3544" type="partial gc" contextid="0" timestamp="2019-06-16T00:36:31.315" intervalms="11.097" />
<gc-start id="3545" type="partial gc" contextid="3544" timestamp="2019-06-16T00:36:31.316">
  <mem-info id="3546" free="14680064" total="54525952" percent="26">
    <mem type="eden" free="1048552" total="19922944" percent="5" />
    <remembered-set count="60448" freebytes="1934720" totalbytes="2176512" percent="88" regionsoverflowed="0" regionsstable="0" regionsrebuilding="13"/>
  </mem-info>
</gc-start>
<allocation-stats totalBytes="18756072" >
  <allocated-bytes non-tlh="0" tlh="18756072" arrayletleaf="0"/>
  <largest-consumer threadName="main" threadId="0000000001627700" bytes="9378048" />
</allocation-stats>
<gc-op id="3547" type="copy forward" timems="1.337" contextid="3544" timestamp="2019-06-16T00:36:31.318">
  <memory-copied type="eden" objects="1" bytes="24" bytesdiscarded="0" />
  <memory-copied type="other" objects="0" bytes="0" bytesdiscarded="0" />
  <memory-cardclean objects="10" bytes="424" />
  <regions eden="18" other="1" />
  <remembered-set-cleared processed="58384" cleared="6" durationms="0.402" />
  <stringconstants candidates="13353" cleared="0"  />
</gc-op>
<gc-op id="3548" type="classunload" timems="0.003" contextid="3544" timestamp="2019-06-16T00:36:31.318">
  <classunload-info classloadercandidates="53" classloadersunloaded="0" classesunloaded="0" anonymousclassesunloaded="0" quiescems="0.000" setupms="0.003" scanms="0.000" postms="0.000" />
</gc-op>
<gc-end id="3549" type="partial gc" contextid="3544" durationms="2.461" usertimems="4.000" systemtimems="0.000" timestamp="2019-06-16T00:36:31.318" activeThreads="1">
  <mem-info id="3550" free="33554432" total="54525952" percent="61">
    <mem type="eden" free="1048552" total="1048576" percent="99" />
    <remembered-set count="60928" freebytes="1932800" totalbytes="2176512" percent="88" regionsoverflowed="0" regionsstable="0" regionsrebuilding="13"/>
  </mem-info>
</gc-end>
<cycle-end id="3551" type="partial gc" contextid="3544" timestamp="2019-06-16T00:36:31.318" />
  <attribute name="elasticGC enabled" value="1" />
  <attribute name= "numThreadsSpecified" value="1" />
  <attribute name="heapSize specified" value="0" />
  <attribute name="Current GC Util" value="62" />
  <attribute name= "Current Time Running" value="20982" />
  <attribute name ="GC Interval" value="0" />
  <attribute name="ProportionalT" value="63.000000" />
  <attribute name="ProportionalI" value="63.000000" />
  <attribute name="ProportionalH" value="63.000000" />
  <attribute name="Current Error" value="42.000000" />
  <attribute name="IntegralT" value="0.000000" />
  <attribute name="IntegralI" value="0.000000" />
  <attribute name="IntegralH" value="0.000000" />
  <attribute name="DerivativeT" value="inf" />
  <attribute name="DerivativeI" value="inf" />
  <attribute name="DerivativeH" value="inf" />
  <attribute name="Loop Time for DT" value="0.000000" />
  <attribute name="Output H" value="8388608"/>
  <attribute name="Output I" value="200"/>
  <attribute name="Output T" value="1"/>
  <attribute name="Target GC Util Change" value ="20.000000" />
  <attribute name="Current GC Util Change" value="62.000000"/>
  <attribute name="GC Util currently" value="62" />
  <attribute name="CPU Util currently" value="20557872988964" />
<exclusive-end id="3552" timestamp="2019-06-16T00:36:31.319" durationms="3.497" />

<exclusive-start id="3553" timestamp="2019-06-16T00:36:31.322" intervalms="6.595">
  <response-info timems="0.077" idlems="0.077" threads="0" lastid="0000000001627700" lastname="main" />
</exclusive-start>
<allocation-taxation id="3554" taxation-threshold="9437184" timestamp="2019-06-16T00:36:31.322" intervalms="6.688" />
<gc-start id="3555" type="global mark phase" contextid="3431" timestamp="2019-06-16T00:36:31.322">
  <mem-info id="3556" free="24117248" total="54525952" percent="44">
    <remembered-set count="60448" freebytes="1934720" totalbytes="2176512" percent="88" regionsoverflowed="0" regionsstable="0" regionsrebuilding="13"/>
  </mem-info>
</gc-start>
<gc-end id="3557" type="global mark phase" contextid="3431" durationms="0.201" usertimems="0.000" systemtimems="0.000" timestamp="2019-06-16T00:36:31.322" activeThreads="1">
  <mem-info id="3558" free="24117248" total="54525952" percent="44">
    <remembered-set count="60448" freebytes="1934720" totalbytes="2176512" percent="88" regionsoverflowed="0" regionsstable="0" regionsrebuilding="13"/>
  </mem-info>
</gc-end>
<concurrent-start id="3559" type="GMP work packet processing" contextid="3431" timestamp="2019-06-16T00:36:31.322">
  <concurrent-mark-start scanTarget="1048576" />
</concurrent-start>
<exclusive-end id="3560" timestamp="2019-06-16T00:36:31.323" durationms="1.642" />

<concurrent-end id="3561" type="GMP work packet processing" contextid="3431" timestamp="2019-06-16T00:36:31.323">
  <concurrent-mark-end bytesScanned="1098856" reasonForTermination="Work target met" />
</concurrent-end>

<exclusive-start id="3562" timestamp="2019-06-16T00:36:31.326" intervalms="4.755">
  <response-info timems="0.072" idlems="0.072" threads="0" lastid="0000000001627700" lastname="main" />
</exclusive-start>
<allocation-taxation id="3563" taxation-threshold="9437184" timestamp="2019-06-16T00:36:31.327" intervalms="4.689" />
<cycle-start id="3564" type="partial gc" contextid="0" timestamp="2019-06-16T00:36:31.327" intervalms="11.302" />
<gc-start id="3565" type="partial gc" contextid="3564" timestamp="2019-06-16T00:36:31.327">
  <mem-info id="3566" free="14680064" total="54525952" percent="26">
    <mem type="eden" free="1048552" total="19922944" percent="5" />
    <remembered-set count="73536" freebytes="1882368" totalbytes="2176512" percent="86" regionsoverflowed="0" regionsstable="0" regionsrebuilding="13"/>
  </mem-info>
</gc-start>
<allocation-stats totalBytes="18756048" >
  <allocated-bytes non-tlh="0" tlh="18756048" arrayletleaf="0"/>
  <largest-consumer threadName="main" threadId="0000000001627700" bytes="9378024" />
</allocation-stats>
<gc-op id="3567" type="copy forward" timems="1.436" contextid="3564" timestamp="2019-06-16T00:36:31.329">
  <memory-copied type="eden" objects="1" bytes="24" bytesdiscarded="0" />
  <memory-copied type="other" objects="0" bytes="0" bytesdiscarded="0" />
  <memory-cardclean objects="10" bytes="424" />
  <regions eden="18" other="1" />
  <remembered-set-cleared processed="71909" cleared="6" durationms="0.208" />
  <stringconstants candidates="13353" cleared="0"  />
</gc-op>
<gc-op id="3568" type="classunload" timems="0.004" contextid="3564" timestamp="2019-06-16T00:36:31.329">
  <classunload-info classloadercandidates="53" classloadersunloaded="0" classesunloaded="0" anonymousclassesunloaded="0" quiescems="0.000" setupms="0.004" scanms="0.000" postms="0.000" />
</gc-op>
<gc-end id="3569" type="partial gc" contextid="3564" durationms="2.476" usertimems="4.000" systemtimems="0.000" timestamp="2019-06-16T00:36:31.329" activeThreads="4">
  <mem-info id="3570" free="33554432" total="54525952" percent="61">
    <mem type="eden" free="1048552" total="1048576" percent="99" />
    <remembered-set count="73536" freebytes="1882368" totalbytes="2176512" percent="86" regionsoverflowed="0" regionsstable="0" regionsrebuilding="13"/>
  </mem-info>
</gc-end>
<cycle-end id="3571" type="partial gc" contextid="3564" timestamp="2019-06-16T00:36:31.330" />
  <attribute name="elasticGC enabled" value="1" />
  <attribute name= "numThreadsSpecified" value="4" />
  <attribute name="heapSize specified" value="0" />
  <attribute name="Current GC Util" value="62" />
  <attribute name= "Current Time Running" value="20994" />
  <attribute name ="GC Interval" value="0" />
  <attribute name="ProportionalT" value="63.000000" />
  <attribute name="ProportionalI" value="63.000000" />
  <attribute name="ProportionalH" value="63.000000" />
  <attribute name="Current Error" value="42.000000" />
  <attribute name="IntegralT" value="42.000000" />
  <attribute name="IntegralI" value="42.000000" />
  <attribute name="IntegralH" value="42.000000" />
  <attribute name="DerivativeT" value="11.500000" />
  <attribute name="DerivativeI" value="11.500000" />
  <attribute name="DerivativeH" value="11.500000" />
  <attribute name="Loop Time for DT" value="1.000000" />
  <attribute name="Output H" value="8388608"/>
  <attribute name="Output I" value="200"/>
  <attribute name="Output T" value="4"/>
  <attribute name="Target GC Util Change" value ="20.000000" />
  <attribute name="Current GC Util Change" value="62.000000"/>
  <attribute name="GC Util currently" value="62" />
  <attribute name="CPU Util currently" value="19048760936180" />
<exclusive-end id="3572" timestamp="2019-06-16T00:36:31.330" durationms="3.418" />

<exclusive-start id="3573" timestamp="2019-06-16T00:36:31.333" intervalms="6.523">
  <response-info timems="0.077" idlems="0.077" threads="0" lastid="0000000001627700" lastname="main" />
</exclusive-start>
<allocation-taxation id="3574" taxation-threshold="9437184" timestamp="2019-06-16T00:36:31.333" intervalms="6.585" />
<gc-start id="3575" type="global mark phase" contextid="3431" timestamp="2019-06-16T00:36:31.333">
  <mem-info id="3576" free="24117248" total="54525952" percent="44">
    <remembered-set count="73056" freebytes="1884288" totalbytes="2176512" percent="86" regionsoverflowed="0" regionsstable="0" regionsrebuilding="13"/>
  </mem-info>
</gc-start>
<gc-end id="3577" type="global mark phase" contextid="3431" durationms="0.199" usertimems="0.000" systemtimems="0.000" timestamp="2019-06-16T00:36:31.334" activeThreads="4">
  <mem-info id="3578" free="24117248" total="54525952" percent="44">
    <remembered-set count="73056" freebytes="1884288" totalbytes="2176512" percent="86" regionsoverflowed="0" regionsstable="0" regionsrebuilding="13"/>
  </mem-info>
</gc-end>
<concurrent-start id="3579" type="GMP work packet processing" contextid="3431" timestamp="2019-06-16T00:36:31.334">
  <concurrent-mark-start scanTarget="1265656" />
</concurrent-start>
<exclusive-end id="3580" timestamp="2019-06-16T00:36:31.334" durationms="1.553" />

<concurrent-end id="3581" type="GMP work packet processing" contextid="3431" timestamp="2019-06-16T00:36:31.335">
  <concurrent-mark-end bytesScanned="1304660" reasonForTermination="Work target met" />
</concurrent-end>

<exclusive-start id="3582" timestamp="2019-06-16T00:36:31.338" intervalms="4.618">
  <response-info timems="0.071" idlems="0.071" threads="0" lastid="0000000001627700" lastname="main" />
</exclusive-start>
<allocation-taxation id="3583" taxation-threshold="9437184" timestamp="2019-06-16T00:36:31.338" intervalms="4.615" />
<cycle-start id="3584" type="partial gc" contextid="0" timestamp="2019-06-16T00:36:31.338" intervalms="11.338" />
<gc-start id="3585" type="partial gc" contextid="3584" timestamp="2019-06-16T00:36:31.338">
  <mem-info id="3586" free="14680064" total="54525952" percent="26">
    <mem type="eden" free="1048552" total="19922944" percent="5" />
    <remembered-set count="75424" freebytes="1874816" totalbytes="2176512" percent="86" regionsoverflowed="0" regionsstable="0" regionsrebuilding="13"/>
  </mem-info>
</gc-start>
<allocation-stats totalBytes="18756048" >
  <allocated-bytes non-tlh="0" tlh="18756048" arrayletleaf="0"/>
  <largest-consumer threadName="main" threadId="0000000001627700" bytes="9378024" />
</allocation-stats>
<gc-op id="3587" type="copy forward" timems="1.366" contextid="3584" timestamp="2019-06-16T00:36:31.340">
  <memory-copied type="eden" objects="1" bytes="24" bytesdiscarded="0" />
  <memory-copied type="other" objects="0" bytes="0" bytesdiscarded="0" />
  <memory-cardclean objects="10" bytes="424" />
  <regions eden="18" other="1" />
  <remembered-set-cleared processed="73662" cleared="6" durationms="0.474" />
  <stringconstants candidates="13353" cleared="0"  />
</gc-op>
<gc-op id="3588" type="classunload" timems="0.003" contextid="3584" timestamp="2019-06-16T00:36:31.341">
  <classunload-info classloadercandidates="53" classloadersunloaded="0" classesunloaded="0" anonymousclassesunloaded="0" quiescems="0.000" setupms="0.003" scanms="0.000" postms="0.000" />
</gc-op>
<gc-end id="3589" type="partial gc" contextid="3584" durationms="2.507" usertimems="4.000" systemtimems="0.000" timestamp="2019-06-16T00:36:31.341" activeThreads="1">
  <mem-info id="3590" free="33554432" total="54525952" percent="61">
    <mem type="eden" free="1048552" total="1048576" percent="99" />
    <remembered-set count="75904" freebytes="1872896" totalbytes="2176512" percent="86" regionsoverflowed="0" regionsstable="0" regionsrebuilding="13"/>
  </mem-info>
</gc-end>
<cycle-end id="3591" type="partial gc" contextid="3584" timestamp="2019-06-16T00:36:31.341" />
  <attribute name="elasticGC enabled" value="1" />
  <attribute name= "numThreadsSpecified" value="1" />
  <attribute name="heapSize specified" value="0" />
  <attribute name="Current GC Util" value="70" />
  <attribute name= "Current Time Running" value="21005" />
  <attribute name ="GC Interval" value="0" />
  <attribute name="ProportionalT" value="75.000000" />
  <attribute name="ProportionalI" value="75.000000" />
  <attribute name="ProportionalH" value="75.000000" />
  <attribute name="Current Error" value="50.000000" />
  <attribute name="IntegralT" value="0.000000" />
  <attribute name="IntegralI" value="0.000000" />
  <attribute name="IntegralH" value="0.000000" />
  <attribute name="DerivativeT" value="inf" />
  <attribute name="DerivativeI" value="inf" />
  <attribute name="DerivativeH" value="inf" />
  <attribute name="Loop Time for DT" value="0.000000" />
  <attribute name="Output H" value="8388608"/>
  <attribute name="Output I" value="200"/>
  <attribute name="Output T" value="1"/>
  <attribute name="Target GC Util Change" value ="20.000000" />
  <attribute name="Current GC Util Change" value="70.000000"/>
  <attribute name="GC Util currently" value="70" />
  <attribute name="CPU Util currently" value="19305692778058" />
<exclusive-end id="3592" timestamp="2019-06-16T00:36:31.341" durationms="3.714" />

<exclusive-start id="3593" timestamp="2019-06-16T00:36:31.344" intervalms="6.878">
  <response-info timems="0.075" idlems="0.075" threads="0" lastid="0000000001627700" lastname="main" />
</exclusive-start>
<allocation-taxation id="3594" taxation-threshold="9437184" timestamp="2019-06-16T00:36:31.345" intervalms="6.873" />
<gc-start id="3595" type="global mark phase" contextid="3431" timestamp="2019-06-16T00:36:31.345">
  <mem-info id="3596" free="24117248" total="54525952" percent="44">
    <remembered-set count="75424" freebytes="1874816" totalbytes="2176512" percent="86" regionsoverflowed="0" regionsstable="0" regionsrebuilding="13"/>
  </mem-info>
</gc-start>
<gc-end id="3597" type="global mark phase" contextid="3431" durationms="0.205" usertimems="0.000" systemtimems="0.000" timestamp="2019-06-16T00:36:31.345" activeThreads="1">
  <mem-info id="3598" free="24117248" total="54525952" percent="44">
    <remembered-set count="75424" freebytes="1874816" totalbytes="2176512" percent="86" regionsoverflowed="0" regionsstable="0" regionsrebuilding="13"/>
  </mem-info>
</gc-end>
<concurrent-start id="3599" type="GMP work packet processing" contextid="3431" timestamp="2019-06-16T00:36:31.345">
  <concurrent-mark-start scanTarget="1048576" />
</concurrent-start>
<exclusive-end id="3600" timestamp="2019-06-16T00:36:31.346" durationms="1.371" />

<concurrent-end id="3601" type="GMP work packet processing" contextid="3431" timestamp="2019-06-16T00:36:31.346">
  <concurrent-mark-end bytesScanned="1091552" reasonForTermination="Work target met" />
</concurrent-end>

<exclusive-start id="3602" timestamp="2019-06-16T00:36:31.354" intervalms="9.979">
  <response-info timems="0.080" idlems="0.080" threads="0" lastid="0000000001627700" lastname="main" />
</exclusive-start>
<allocation-taxation id="3603" taxation-threshold="9437184" timestamp="2019-06-16T00:36:31.355" intervalms="9.974" />
<cycle-start id="3604" type="partial gc" contextid="0" timestamp="2019-06-16T00:36:31.355" intervalms="16.803" />
<gc-start id="3605" type="partial gc" contextid="3604" timestamp="2019-06-16T00:36:31.355">
  <mem-info id="3606" free="14680064" total="54525952" percent="26">
    <mem type="eden" free="1048552" total="19922944" percent="5" />
    <remembered-set count="76736" freebytes="1869568" totalbytes="2176512" percent="85" regionsoverflowed="0" regionsstable="0" regionsrebuilding="13"/>
  </mem-info>
</gc-start>
<allocation-stats totalBytes="18813352" >
  <allocated-bytes non-tlh="0" tlh="18813352" arrayletleaf="0"/>
  <largest-consumer threadName="main" threadId="0000000001627700" bytes="9435304" />
</allocation-stats>
<gc-op id="3607" type="copy forward" timems="1.640" contextid="3604" timestamp="2019-06-16T00:36:31.357">
  <memory-copied type="eden" objects="162" bytes="5392" bytesdiscarded="1424" />
  <memory-copied type="other" objects="0" bytes="0" bytesdiscarded="0" />
  <memory-cardclean objects="68" bytes="2216" />
  <regions eden="18" other="1" />
  <remembered-set-cleared processed="74934" cleared="28" durationms="0.223" />
  <stringconstants candidates="13353" cleared="0"  />
</gc-op>
<gc-op id="3608" type="classunload" timems="0.004" contextid="3604" timestamp="2019-06-16T00:36:31.358">
  <classunload-info classloadercandidates="53" classloadersunloaded="0" classesunloaded="0" anonymousclassesunloaded="0" quiescems="0.000" setupms="0.004" scanms="0.000" postms="0.000" />
</gc-op>
<gc-end id="3609" type="partial gc" contextid="3604" durationms="2.747" usertimems="4.000" systemtimems="0.000" timestamp="2019-06-16T00:36:31.358" activeThreads="4">
  <mem-info id="3610" free="33554432" total="54525952" percent="61">
    <mem type="eden" free="1041760" total="1048576" percent="99" />
    <remembered-set count="77696" freebytes="1865728" totalbytes="2176512" percent="85" regionsoverflowed="0" regionsstable="0" regionsrebuilding="13"/>
  </mem-info>
</gc-end>
<cycle-end id="3611" type="partial gc" contextid="3604" timestamp="2019-06-16T00:36:31.358" />
  <attribute name="elasticGC enabled" value="1" />
  <attribute name= "numThreadsSpecified" value="4" />
  <attribute name="heapSize specified" value="0" />
  <attribute name="Current GC Util" value="65" />
  <attribute name= "Current Time Running" value="21022" />
  <attribute name ="GC Interval" value="0" />
  <attribute name="ProportionalT" value="67.500000" />
  <attribute name="ProportionalI" value="67.500000" />
  <attribute name="ProportionalH" value="67.500000" />
  <attribute name="Current Error" value="45.000000" />
  <attribute name="IntegralT" value="45.000000" />
  <attribute name="IntegralI" value="45.000000" />
  <attribute name="IntegralH" value="45.000000" />
  <attribute name="DerivativeT" value="22.500000" />
  <attribute name="DerivativeI" value="22.500000" />
  <attribute name="DerivativeH" value="22.500000" />
  <attribute name="Loop Time for DT" value="1.000000" />
  <attribute name="Output H" value="8388608"/>
  <attribute name="Output I" value="200"/>
  <attribute name="Output T" value="4"/>
  <attribute name="Target GC Util Change" value ="20.000000" />
  <attribute name="Current GC Util Change" value="65.000000"/>
  <attribute name="GC Util currently" value="65" />
  <attribute name="CPU Util currently" value="19340831870310" />
<exclusive-end id="3612" timestamp="2019-06-16T00:36:31.358" durationms="3.726" />

<exclusive-start id="3613" timestamp="2019-06-16T00:36:31.376" intervalms="21.369">
  <response-info timems="0.077" idlems="0.077" threads="0" lastid="0000000001627700" lastname="main" />
</exclusive-start>
<allocation-taxation id="3614" taxation-threshold="9437184" timestamp="2019-06-16T00:36:31.376" intervalms="21.378" />
<gc-start id="3615" type="global mark phase" contextid="3431" timestamp="2019-06-16T00:36:31.376">
  <mem-info id="3616" free="24117248" total="54525952" percent="44">
    <remembered-set count="77248" freebytes="1867520" totalbytes="2176512" percent="85" regionsoverflowed="0" regionsstable="0" regionsrebuilding="13"/>
  </mem-info>
</gc-start>
<gc-end id="3617" type="global mark phase" contextid="3431" durationms="0.206" usertimems="0.000" systemtimems="0.000" timestamp="2019-06-16T00:36:31.376" activeThreads="4">
  <mem-info id="3618" free="24117248" total="54525952" percent="44">
    <remembered-set count="77248" freebytes="1867520" totalbytes="2176512" percent="85" regionsoverflowed="0" regionsstable="0" regionsrebuilding="13"/>
  </mem-info>
</gc-end>
<concurrent-start id="3619" type="GMP work packet processing" contextid="3431" timestamp="2019-06-16T00:36:31.377">
  <concurrent-mark-start scanTarget="1265656" />
</concurrent-start>
<exclusive-end id="3620" timestamp="2019-06-16T00:36:31.377" durationms="1.357" />

<concurrent-end id="3621" type="GMP work packet processing" contextid="3431" timestamp="2019-06-16T00:36:31.377">
  <concurrent-mark-end bytesScanned="849168" reasonForTermination="Completed all work in GC phase" />
</concurrent-end>

<exclusive-start id="3622" timestamp="2019-06-16T00:36:31.395" intervalms="18.832">
  <response-info timems="0.091" idlems="0.091" threads="0" lastid="0000000001627700" lastname="main" />
</exclusive-start>
<allocation-taxation id="3623" taxation-threshold="9437184" timestamp="2019-06-16T00:36:31.395" intervalms="18.837" />
<cycle-start id="3624" type="partial gc" contextid="0" timestamp="2019-06-16T00:36:31.395" intervalms="40.204" />
<gc-start id="3625" type="partial gc" contextid="3624" timestamp="2019-06-16T00:36:31.395">
  <mem-info id="3626" free="14680064" total="54525952" percent="26">
    <mem type="eden" free="0" total="18874368" percent="0" />
    <remembered-set count="78560" freebytes="1862272" totalbytes="2176512" percent="85" regionsoverflowed="0" regionsstable="0" regionsrebuilding="13"/>
  </mem-info>
</gc-start>
<allocation-stats totalBytes="18871680" >
  <allocated-bytes non-tlh="0" tlh="18871680" arrayletleaf="0"/>
  <largest-consumer threadName="main" threadId="0000000001627700" bytes="9435888" />
</allocation-stats>
<gc-op id="3627" type="copy forward" timems="1.378" contextid="3624" timestamp="2019-06-16T00:36:31.397">
  <memory-copied type="eden" objects="107" bytes="3544" bytesdiscarded="0" />
  <memory-copied type="other" objects="50" bytes="1680" bytesdiscarded="0" />
  <memory-cardclean objects="57" bytes="2040" />
  <regions eden="18" other="1" />
  <remembered-set-cleared processed="76584" cleared="62" durationms="0.509" />
  <stringconstants candidates="13353" cleared="0"  />
</gc-op>
<gc-op id="3628" type="classunload" timems="0.003" contextid="3624" timestamp="2019-06-16T00:36:31.398">
  <classunload-info classloadercandidates="53" classloadersunloaded="0" classesunloaded="0" anonymousclassesunloaded="0" quiescems="0.000" setupms="0.003" scanms="0.000" postms="0.000" />
</gc-op>
<gc-end id="3629" type="partial gc" contextid="3624" durationms="2.509" usertimems="0.000" systemtimems="0.000" timestamp="2019-06-16T00:36:31.398" activeThreads="1">
  <mem-info id="3630" free="32505856" total="54525952" percent="59">
    <mem type="eden" free="1045032" total="1048576" percent="99" />
    <remembered-set count="78944" freebytes="1860736" totalbytes="2176512" percent="85" regionsoverflowed="0" regionsstable="0" regionsrebuilding="13"/>
  </mem-info>
</gc-end>
<cycle-end id="3631" type="partial gc" contextid="3624" timestamp="2019-06-16T00:36:31.398" />
  <attribute name="elasticGC enabled" value="1" />
  <attribute name= "numThreadsSpecified" value="1" />
  <attribute name="heapSize specified" value="0" />
  <attribute name="Current GC Util" value="76" />
  <attribute name= "Current Time Running" value="21062" />
  <attribute name ="GC Interval" value="0" />
  <attribute name="ProportionalT" value="84.000000" />
  <attribute name="ProportionalI" value="84.000000" />
  <attribute name="ProportionalH" value="84.000000" />
  <attribute name="Current Error" value="56.000000" />
  <attribute name="IntegralT" value="0.000000" />
  <attribute name="IntegralI" value="0.000000" />
  <attribute name="IntegralH" value="0.000000" />
  <attribute name="DerivativeT" value="inf" />
  <attribute name="DerivativeI" value="inf" />
  <attribute name="DerivativeH" value="inf" />
  <attribute name="Loop Time for DT" value="0.000000" />
  <attribute name="Output H" value="8388608"/>
  <attribute name="Output I" value="200"/>
  <attribute name="Output T" value="1"/>
  <attribute name="Target GC Util Change" value ="20.000000" />
  <attribute name="Current GC Util Change" value="76.000000"/>
  <attribute name="GC Util currently" value="76" />
  <attribute name="CPU Util currently" value="17659348847652" />
<exclusive-end id="3632" timestamp="2019-06-16T00:36:31.398" durationms="3.642" />

<exclusive-start id="3633" timestamp="2019-06-16T00:36:31.416" intervalms="21.044">
  <response-info timems="0.076" idlems="0.076" threads="0" lastid="0000000001627700" lastname="main" />
</exclusive-start>
<allocation-taxation id="3634" taxation-threshold="9437184" timestamp="2019-06-16T00:36:31.416" intervalms="21.058" />
<gc-start id="3635" type="global mark phase" contextid="3431" timestamp="2019-06-16T00:36:31.416">
  <mem-info id="3636" free="23068672" total="54525952" percent="42">
    <remembered-set count="78496" freebytes="1862528" totalbytes="2176512" percent="85" regionsoverflowed="0" regionsstable="0" regionsrebuilding="13"/>
  </mem-info>
</gc-start>
<gc-op id="3637" type="mark increment" timems="4.405" contextid="3431" timestamp="2019-06-16T00:36:31.421">
  <trace-info objectcount="162" scancount="162" scanbytes="349388" />
  <cardclean-info objects="198057" bytes="5846492" />
  <finalization candidates="80" enqueued="0" />
  <ownableSynchronizers candidates="21" cleared="0" />
  <references type="soft" candidates="1942" cleared="0" enqueued="0" dynamicThreshold="19" maxThreshold="32" />
  <references type="weak" candidates="5706" cleared="0" enqueued="0" />
  <references type="phantom" candidates="101" cleared="0" enqueued="0" />
  <stringconstants candidates="13353" cleared="84"  />
</gc-op>
<gc-op id="3638" type="classunload" timems="0.004" contextid="3431" timestamp="2019-06-16T00:36:31.421">
  <classunload-info classloadercandidates="53" classloadersunloaded="0" classesunloaded="0" anonymousclassesunloaded="0" quiescems="0.000" setupms="0.004" scanms="0.000" postms="0.000" />
</gc-op>
<gc-end id="3639" type="global mark phase" contextid="3431" durationms="4.856" usertimems="12.000" systemtimems="0.000" timestamp="2019-06-16T00:36:31.421" activeThreads="4">
  <mem-info id="3640" free="23068672" total="54525952" percent="42">
    <remembered-set count="90784" freebytes="1813376" totalbytes="2176512" percent="83" regionsoverflowed="0" regionsstable="0" regionsrebuilding="0"/>
  </mem-info>
</gc-end>
<cycle-end id="3641" type="global mark phase" contextid="3431" timestamp="2019-06-16T00:36:31.421" />
  <attribute name="elasticGC enabled" value="1" />
  <attribute name= "numThreadsSpecified" value="4" />
  <attribute name="heapSize specified" value="0" />
  <attribute name="Current GC Util" value="111" />
  <attribute name= "Current Time Running" value="21086" />
  <attribute name ="GC Interval" value="0" />
  <attribute name="ProportionalT" value="136.500000" />
  <attribute name="ProportionalI" value="136.500000" />
  <attribute name="ProportionalH" value="136.500000" />
  <attribute name="Current Error" value="91.000000" />
  <attribute name="IntegralT" value="91.000000" />
  <attribute name="IntegralI" value="91.000000" />
  <attribute name="IntegralH" value="91.000000" />
  <attribute name="DerivativeT" value="-61.500000" />
  <attribute name="DerivativeI" value="-61.500000" />
  <attribute name="DerivativeH" value="-61.500000" />
  <attribute name="Loop Time for DT" value="1.000000" />
  <attribute name="Output H" value="8388608"/>
  <attribute name="Output I" value="200"/>
  <attribute name="Output T" value="4"/>
  <attribute name="Target GC Util Change" value ="20.000000" />
  <attribute name="Current GC Util Change" value="111.000000"/>
  <attribute name="GC Util currently" value="111" />
  <attribute name="CPU Util currently" value="12638599611162" />
<exclusive-end id="3642" timestamp="2019-06-16T00:36:31.421" durationms="5.649" />

<exclusive-start id="3643" timestamp="2019-06-16T00:36:31.439" intervalms="23.118">
  <response-info timems="0.105" idlems="0.105" threads="0" lastid="0000000001627700" lastname="main" />
</exclusive-start>
<allocation-taxation id="3644" taxation-threshold="9437184" timestamp="2019-06-16T00:36:31.439" intervalms="23.110" />
<cycle-start id="3645" type="partial gc" contextid="0" timestamp="2019-06-16T00:36:31.439" intervalms="44.183" />
<gc-start id="3646" type="partial gc" contextid="3645" timestamp="2019-06-16T00:36:31.439">
  <mem-info id="3647" free="13631488" total="54525952" percent="25">
    <mem type="eden" free="1045032" total="19922944" percent="5" />
    <remembered-set count="37728" freebytes="2025600" totalbytes="2176512" percent="93" regionsoverflowed="0" regionsstable="12" regionsrebuilding="0"/>
  </mem-info>
</gc-start>
<allocation-stats totalBytes="18871512" >
  <allocated-bytes non-tlh="0" tlh="18871512" arrayletleaf="0"/>
  <largest-consumer threadName="main" threadId="0000000001627700" bytes="9435880" />
</allocation-stats>
<gc-op id="3648" type="sweep" timems="0.634" contextid="3645" timestamp="2019-06-16T00:36:31.440" />
<gc-op id="3649" type="copy forward" timems="0.995" contextid="3645" timestamp="2019-06-16T00:36:31.442">
  <memory-copied type="eden" objects="101" bytes="3288" bytesdiscarded="0" />
  <memory-copied type="other" objects="0" bytes="0" bytesdiscarded="0" />
  <memory-cardclean objects="23" bytes="1088" />
  <regions eden="9" other="1" />
  <remembered-set-cleared processed="37128" cleared="36" durationms="0.320" />
  <stringconstants candidates="13269" cleared="0"  />
</gc-op>
<gc-op id="3650" type="classunload" timems="0.004" contextid="3645" timestamp="2019-06-16T00:36:31.442">
  <classunload-info classloadercandidates="53" classloadersunloaded="0" classesunloaded="0" anonymousclassesunloaded="0" quiescems="0.000" setupms="0.004" scanms="0.000" postms="0.000" />
</gc-op>
<heap-resize id="3651" type="expand" space="default" amount="1048576" count="1" timems="0.055" reason="excessive time being spent in gc" timestamp="2019-06-16T00:36:31.443" />
<gc-end id="3652" type="partial gc" contextid="3645" durationms="3.238" usertimems="4.000" systemtimems="0.000" timestamp="2019-06-16T00:36:31.443" activeThreads="1">
  <mem-info id="3653" free="33554432" total="55574528" percent="60">
    <mem type="eden" free="1045288" total="1048576" percent="99" />
    <remembered-set count="38208" freebytes="2065536" totalbytes="2218368" percent="93" regionsoverflowed="0" regionsstable="12" regionsrebuilding="0"/>
  </mem-info>
</gc-end>
<cycle-end id="3654" type="partial gc" contextid="3645" timestamp="2019-06-16T00:36:31.443" />
  <attribute name="elasticGC enabled" value="1" />
  <attribute name= "numThreadsSpecified" value="1" />
  <attribute name="heapSize specified" value="0" />
  <attribute name="Current GC Util" value="74" />
  <attribute name= "Current Time Running" value="21107" />
  <attribute name ="GC Interval" value="0" />
  <attribute name="ProportionalT" value="81.000000" />
  <attribute name="ProportionalI" value="81.000000" />
  <attribute name="ProportionalH" value="81.000000" />
  <attribute name="Current Error" value="54.000000" />
  <attribute name="IntegralT" value="0.000000" />
  <attribute name="IntegralI" value="0.000000" />
  <attribute name="IntegralH" value="0.000000" />
  <attribute name="DerivativeT" value="inf" />
  <attribute name="DerivativeI" value="inf" />
  <attribute name="DerivativeH" value="inf" />
  <attribute name="Loop Time for DT" value="0.000000" />
  <attribute name="Output H" value="8388608"/>
  <attribute name="Output I" value="200"/>
  <attribute name="Output T" value="1"/>
  <attribute name="Target GC Util Change" value ="20.000000" />
  <attribute name="Current GC Util Change" value="74.000000"/>
  <attribute name="GC Util currently" value="74" />
  <attribute name="CPU Util currently" value="19597426379869" />
<exclusive-end id="3655" timestamp="2019-06-16T00:36:31.443" durationms="4.427" />

<exclusive-start id="3656" timestamp="2019-06-16T00:36:31.459" intervalms="20.482">
  <response-info timems="0.097" idlems="0.097" threads="0" lastid="0000000001627700" lastname="main" />
</exclusive-start>
<allocation-taxation id="3657" taxation-threshold="10485760" timestamp="2019-06-16T00:36:31.459" intervalms="20.474" />
<cycle-start id="3658" type="global mark phase" contextid="0" timestamp="2019-06-16T00:36:31.460" intervalms="218.257" />
<gc-start id="3659" type="global mark phase" contextid="3658" timestamp="2019-06-16T00:36:31.460">
  <mem-info id="3660" free="23068672" total="55574528" percent="41">
    <remembered-set count="37728" freebytes="2067456" totalbytes="2218368" percent="93" regionsoverflowed="0" regionsstable="12" regionsrebuilding="0"/>
  </mem-info>
</gc-start>
<gc-op id="3661" type="mark increment" timems="1.102" contextid="3658" timestamp="2019-06-16T00:36:31.461">
  <trace-info objectcount="6278" scancount="682" scanbytes="30516" />
</gc-op>
<gc-end id="3662" type="global mark phase" contextid="3658" durationms="1.333" usertimems="0.000" systemtimems="0.000" timestamp="2019-06-16T00:36:31.461" activeThreads="4">
  <mem-info id="3663" free="23068672" total="55574528" percent="41">
    <remembered-set count="38752" freebytes="2063360" totalbytes="2218368" percent="93" regionsoverflowed="0" regionsstable="0" regionsrebuilding="12"/>
  </mem-info>
</gc-end>
<concurrent-start id="3664" type="GMP work packet processing" contextid="3658" timestamp="2019-06-16T00:36:31.461">
  <concurrent-mark-start scanTarget="1946925" />
</concurrent-start>
<exclusive-end id="3665" timestamp="2019-06-16T00:36:31.463" durationms="3.583" />

<concurrent-end id="3666" type="GMP work packet processing" contextid="3658" timestamp="2019-06-16T00:36:31.463">
  <concurrent-mark-end bytesScanned="1999988" reasonForTermination="Work target met" />
</concurrent-end>

<exclusive-start id="3667" timestamp="2019-06-16T00:36:31.479" intervalms="19.409">
  <response-info timems="0.075" idlems="0.075" threads="0" lastid="0000000001627700" lastname="main" />
</exclusive-start>
<allocation-taxation id="3668" taxation-threshold="10485760" timestamp="2019-06-16T00:36:31.479" intervalms="19.339" />
<cycle-start id="3669" type="partial gc" contextid="0" timestamp="2019-06-16T00:36:31.479" intervalms="39.755" />
<gc-start id="3670" type="partial gc" contextid="3669" timestamp="2019-06-16T00:36:31.479">
  <mem-info id="3671" free="12582912" total="55574528" percent="22">
    <mem type="eden" free="1045288" total="22020096" percent="4" />
    <remembered-set count="50656" freebytes="2015744" totalbytes="2218368" percent="90" regionsoverflowed="0" regionsstable="0" regionsrebuilding="12"/>
  </mem-info>
</gc-start>
<allocation-stats totalBytes="20968792" >
  <allocated-bytes non-tlh="0" tlh="20968792" arrayletleaf="0"/>
  <largest-consumer threadName="main" threadId="0000000001627700" bytes="10484416" />
</allocation-stats>
<gc-op id="3672" type="copy forward" timems="1.496" contextid="3669" timestamp="2019-06-16T00:36:31.481">
  <memory-copied type="eden" objects="240" bytes="7840" bytesdiscarded="0" />
  <memory-copied type="other" objects="7" bytes="160" bytesdiscarded="0" />
  <memory-cardclean objects="137" bytes="12376" />
  <regions eden="20" other="2" />
  <remembered-set-cleared processed="48855" cleared="121" durationms="0.408" />
  <references type="weak" candidates="37" cleared="0" enqueued="0" />
  <stringconstants candidates="13269" cleared="0"  />
</gc-op>
<gc-op id="3673" type="classunload" timems="0.003" contextid="3669" timestamp="2019-06-16T00:36:31.482">
  <classunload-info classloadercandidates="53" classloadersunloaded="0" classesunloaded="0" anonymousclassesunloaded="0" quiescems="0.000" setupms="0.003" scanms="0.000" postms="0.000" />
</gc-op>
<gc-end id="3674" type="partial gc" contextid="3669" durationms="2.632" usertimems="0.000" systemtimems="0.000" timestamp="2019-06-16T00:36:31.482" activeThreads="1">
  <mem-info id="3675" free="33554432" total="55574528" percent="60">
    <mem type="eden" free="1040688" total="1048576" percent="99" />
    <remembered-set count="50976" freebytes="2014464" totalbytes="2218368" percent="90" regionsoverflowed="0" regionsstable="0" regionsrebuilding="12"/>
  </mem-info>
</gc-end>
<cycle-end id="3676" type="partial gc" contextid="3669" timestamp="2019-06-16T00:36:31.482" />
  <attribute name="elasticGC enabled" value="1" />
  <attribute name= "numThreadsSpecified" value="1" />
  <attribute name="heapSize specified" value="0" />
  <attribute name="Current GC Util" value="60" />
  <attribute name= "Current Time Running" value="21146" />
  <attribute name ="GC Interval" value="0" />
  <attribute name="ProportionalT" value="60.000000" />
  <attribute name="ProportionalI" value="60.000000" />
  <attribute name="ProportionalH" value="60.000000" />
  <attribute name="Current Error" value="40.000000" />
  <attribute name="IntegralT" value="0.000000" />
  <attribute name="IntegralI" value="0.000000" />
  <attribute name="IntegralH" value="0.000000" />
  <attribute name="DerivativeT" value="inf" />
  <attribute name="DerivativeI" value="inf" />
  <attribute name="DerivativeH" value="inf" />
  <attribute name="Loop Time for DT" value="0.000000" />
  <attribute name="Output H" value="8388608"/>
  <attribute name="Output I" value="200"/>
  <attribute name="Output T" value="1"/>
  <attribute name="Target GC Util Change" value ="20.000000" />
  <attribute name="Current GC Util Change" value="60.000000"/>
  <attribute name="GC Util currently" value="60" />
  <attribute name="CPU Util currently" value="20595055300199" />
<exclusive-end id="3677" timestamp="2019-06-16T00:36:31.482" durationms="3.650" />

<exclusive-start id="3678" timestamp="2019-06-16T00:36:31.497" intervalms="18.613">
  <response-info timems="0.076" idlems="0.076" threads="0" lastid="0000000001627700" lastname="main" />
</exclusive-start>
<allocation-taxation id="3679" taxation-threshold="10485760" timestamp="2019-06-16T00:36:31.497" intervalms="18.683" />
<gc-start id="3680" type="global mark phase" contextid="3658" timestamp="2019-06-16T00:36:31.498">
  <mem-info id="3681" free="23068672" total="55574528" percent="41">
    <remembered-set count="50688" freebytes="2015616" totalbytes="2218368" percent="90" regionsoverflowed="0" regionsstable="0" regionsrebuilding="12"/>
  </mem-info>
</gc-start>
<gc-end id="3682" type="global mark phase" contextid="3658" durationms="0.205" usertimems="0.000" systemtimems="0.000" timestamp="2019-06-16T00:36:31.498" activeThreads="1">
  <mem-info id="3683" free="23068672" total="55574528" percent="41">
    <remembered-set count="50688" freebytes="2015616" totalbytes="2218368" percent="90" regionsoverflowed="0" regionsstable="0" regionsrebuilding="12"/>
  </mem-info>
</gc-end>
<concurrent-start id="3684" type="GMP work packet processing" contextid="3658" timestamp="2019-06-16T00:36:31.498">
  <concurrent-mark-start scanTarget="1048576" />
</concurrent-start>
<exclusive-end id="3685" timestamp="2019-06-16T00:36:31.498" durationms="0.935" />

<concurrent-end id="3686" type="GMP work packet processing" contextid="3658" timestamp="2019-06-16T00:36:31.499">
  <concurrent-mark-end bytesScanned="1111744" reasonForTermination="Work target met" />
</concurrent-end>

<exclusive-start id="3687" timestamp="2019-06-16T00:36:31.514" intervalms="16.422">
  <response-info timems="0.100" idlems="0.100" threads="0" lastid="0000000001627700" lastname="main" />
</exclusive-start>
<allocation-taxation id="3688" taxation-threshold="10485760" timestamp="2019-06-16T00:36:31.514" intervalms="16.371" />
<cycle-start id="3689" type="partial gc" contextid="0" timestamp="2019-06-16T00:36:31.514" intervalms="35.067" />
<gc-start id="3690" type="partial gc" contextid="3689" timestamp="2019-06-16T00:36:31.514">
  <mem-info id="3691" free="12582912" total="55574528" percent="22">
    <mem type="eden" free="0" total="20971520" percent="0" />
    <remembered-set count="54304" freebytes="2001152" totalbytes="2218368" percent="90" regionsoverflowed="0" regionsstable="0" regionsrebuilding="12"/>
  </mem-info>
</gc-start>
<allocation-stats totalBytes="20968992" >
  <allocated-bytes non-tlh="0" tlh="20968992" arrayletleaf="0"/>
  <largest-consumer threadName="main" threadId="0000000001627700" bytes="10484552" />
</allocation-stats>
<gc-op id="3692" type="copy forward" timems="1.534" contextid="3689" timestamp="2019-06-16T00:36:31.517">
  <memory-copied type="eden" objects="124" bytes="3840" bytesdiscarded="0" />
  <memory-copied type="other" objects="119" bytes="4104" bytesdiscarded="0" />
  <memory-cardclean objects="68" bytes="10688" />
  <regions eden="20" other="2" />
  <remembered-set-cleared processed="52554" cleared="122" durationms="0.417" />
  <references type="weak" candidates="37" cleared="0" enqueued="0" />
  <stringconstants candidates="13269" cleared="0"  />
</gc-op>
<gc-op id="3693" type="classunload" timems="0.004" contextid="3689" timestamp="2019-06-16T00:36:31.517">
  <classunload-info classloadercandidates="53" classloadersunloaded="0" classesunloaded="0" anonymousclassesunloaded="0" quiescems="0.000" setupms="0.004" scanms="0.000" postms="0.000" />
</gc-op>
<heap-resize id="3694" type="expand" space="default" amount="2097152" count="1" timems="0.059" reason="excessive time being spent in gc" timestamp="2019-06-16T00:36:31.517" />
<gc-end id="3695" type="partial gc" contextid="3689" durationms="2.849" usertimems="4.000" systemtimems="0.000" timestamp="2019-06-16T00:36:31.517" activeThreads="1">
  <mem-info id="3696" free="34603008" total="57671680" percent="60">
    <mem type="eden" free="1044736" total="1048576" percent="99" />
    <remembered-set count="54624" freebytes="2083584" totalbytes="2302080" percent="90" regionsoverflowed="0" regionsstable="0" regionsrebuilding="12"/>
  </mem-info>
</gc-end>
<cycle-end id="3697" type="partial gc" contextid="3689" timestamp="2019-06-16T00:36:31.517" />
  <attribute name="elasticGC enabled" value="1" />
  <attribute name= "numThreadsSpecified" value="1" />
  <attribute name="heapSize specified" value="0" />
  <attribute name="Current GC Util" value="70" />
  <attribute name= "Current Time Running" value="21181" />
  <attribute name ="GC Interval" value="0" />
  <attribute name="ProportionalT" value="75.000000" />
  <attribute name="ProportionalI" value="75.000000" />
  <attribute name="ProportionalH" value="75.000000" />
  <attribute name="Current Error" value="50.000000" />
  <attribute name="IntegralT" value="0.000000" />
  <attribute name="IntegralI" value="0.000000" />
  <attribute name="IntegralH" value="0.000000" />
  <attribute name="DerivativeT" value="inf" />
  <attribute name="DerivativeI" value="inf" />
  <attribute name="DerivativeH" value="inf" />
  <attribute name="Loop Time for DT" value="0.000000" />
  <attribute name="Output H" value="8388608"/>
  <attribute name="Output I" value="200"/>
  <attribute name="Output T" value="1"/>
  <attribute name="Target GC Util Change" value ="20.000000" />
  <attribute name="Current GC Util Change" value="70.000000"/>
  <attribute name="GC Util currently" value="70" />
  <attribute name="CPU Util currently" value="19176206797886" />
<exclusive-end id="3698" timestamp="2019-06-16T00:36:31.518" durationms="3.911" />

<exclusive-start id="3699" timestamp="2019-06-16T00:36:31.533" intervalms="18.887">
  <response-info timems="0.076" idlems="0.076" threads="0" lastid="0000000001627700" lastname="main" />
</exclusive-start>
<allocation-taxation id="3700" taxation-threshold="10485760" timestamp="2019-06-16T00:36:31.533" intervalms="18.941" />
<gc-start id="3701" type="global mark phase" contextid="3658" timestamp="2019-06-16T00:36:31.533">
  <mem-info id="3702" free="24117248" total="57671680" percent="41">
    <remembered-set count="54304" freebytes="2084864" totalbytes="2302080" percent="90" regionsoverflowed="0" regionsstable="0" regionsrebuilding="12"/>
  </mem-info>
</gc-start>
<gc-end id="3703" type="global mark phase" contextid="3658" durationms="0.201" usertimems="0.000" systemtimems="0.000" timestamp="2019-06-16T00:36:31.533" activeThreads="1">
  <mem-info id="3704" free="24117248" total="57671680" percent="41">
    <remembered-set count="54304" freebytes="2084864" totalbytes="2302080" percent="90" regionsoverflowed="0" regionsstable="0" regionsrebuilding="12"/>
  </mem-info>
</gc-end>
<concurrent-start id="3705" type="GMP work packet processing" contextid="3658" timestamp="2019-06-16T00:36:31.533">
  <concurrent-mark-start scanTarget="1048576" />
</concurrent-start>
<exclusive-end id="3706" timestamp="2019-06-16T00:36:31.534" durationms="1.604" />

<concurrent-end id="3707" type="GMP work packet processing" contextid="3658" timestamp="2019-06-16T00:36:31.534">
  <concurrent-mark-end bytesScanned="1086332" reasonForTermination="Work target met" />
</concurrent-end>

<exclusive-start id="3708" timestamp="2019-06-16T00:36:31.543" intervalms="10.314">
  <response-info timems="0.086" idlems="0.086" threads="0" lastid="0000000001627700" lastname="main" />
</exclusive-start>
<allocation-taxation id="3709" taxation-threshold="10485760" timestamp="2019-06-16T00:36:31.543" intervalms="10.309" />
<cycle-start id="3710" type="partial gc" contextid="0" timestamp="2019-06-16T00:36:31.543" intervalms="29.249" />
<gc-start id="3711" type="partial gc" contextid="3710" timestamp="2019-06-16T00:36:31.544">
  <mem-info id="3712" free="13631488" total="57671680" percent="23">
    <mem type="eden" free="1044736" total="22020096" percent="4" />
    <remembered-set count="59808" freebytes="2062848" totalbytes="2302080" percent="89" regionsoverflowed="0" regionsstable="0" regionsrebuilding="12"/>
  </mem-info>
</gc-start>
<allocation-stats totalBytes="20964000" >
  <allocated-bytes non-tlh="0" tlh="20964000" arrayletleaf="0"/>
  <largest-consumer threadName="main" threadId="0000000001627700" bytes="10479568" />
</allocation-stats>
<gc-op id="3713" type="copy forward" timems="1.453" contextid="3710" timestamp="2019-06-16T00:36:31.546">
  <memory-copied type="eden" objects="134" bytes="4280" bytesdiscarded="0" />
  <memory-copied type="other" objects="0" bytes="0" bytesdiscarded="0" />
  <memory-cardclean objects="80" bytes="2520" />
  <regions eden="20" other="1" />
  <remembered-set-cleared processed="57669" cleared="58" durationms="0.438" />
  <stringconstants candidates="13269" cleared="0"  />
</gc-op>
<gc-op id="3714" type="classunload" timems="0.003" contextid="3710" timestamp="2019-06-16T00:36:31.546">
  <classunload-info classloadercandidates="53" classloadersunloaded="0" classesunloaded="0" anonymousclassesunloaded="0" quiescems="0.000" setupms="0.003" scanms="0.000" postms="0.000" />
</gc-op>
<gc-end id="3715" type="partial gc" contextid="3710" durationms="2.565" usertimems="0.000" systemtimems="0.000" timestamp="2019-06-16T00:36:31.546" activeThreads="1">
  <mem-info id="3716" free="34603008" total="57671680" percent="60">
    <mem type="eden" free="1044296" total="1048576" percent="99" />
    <remembered-set count="60224" freebytes="2061184" totalbytes="2302080" percent="89" regionsoverflowed="0" regionsstable="0" regionsrebuilding="12"/>
  </mem-info>
</gc-end>
<cycle-end id="3717" type="partial gc" contextid="3710" timestamp="2019-06-16T00:36:31.546" />
  <attribute name="elasticGC enabled" value="1" />
  <attribute name= "numThreadsSpecified" value="1" />
  <attribute name="heapSize specified" value="0" />
  <attribute name="Current GC Util" value="68" />
  <attribute name= "Current Time Running" value="21210" />
  <attribute name ="GC Interval" value="0" />
  <attribute name="ProportionalT" value="72.000000" />
  <attribute name="ProportionalI" value="72.000000" />
  <attribute name="ProportionalH" value="72.000000" />
  <attribute name="Current Error" value="48.000000" />
  <attribute name="IntegralT" value="0.000000" />
  <attribute name="IntegralI" value="0.000000" />
  <attribute name="IntegralH" value="0.000000" />
  <attribute name="DerivativeT" value="inf" />
  <attribute name="DerivativeI" value="inf" />
  <attribute name="DerivativeH" value="inf" />
  <attribute name="Loop Time for DT" value="0.000000" />
  <attribute name="Output H" value="8388608"/>
  <attribute name="Output I" value="200"/>
  <attribute name="Output T" value="1"/>
  <attribute name="Target GC Util Change" value ="20.000000" />
  <attribute name="Current GC Util Change" value="68.000000"/>
  <attribute name="GC Util currently" value="68" />
  <attribute name="CPU Util currently" value="20519820295697" />
<exclusive-end id="3718" timestamp="2019-06-16T00:36:31.547" durationms="3.664" />

<exclusive-start id="3719" timestamp="2019-06-16T00:36:31.550" intervalms="7.203">
  <response-info timems="0.075" idlems="0.075" threads="0" lastid="0000000001627700" lastname="main" />
</exclusive-start>
<allocation-taxation id="3720" taxation-threshold="10485760" timestamp="2019-06-16T00:36:31.550" intervalms="7.170" />
<gc-start id="3721" type="global mark phase" contextid="3658" timestamp="2019-06-16T00:36:31.550">
  <mem-info id="3722" free="24117248" total="57671680" percent="41">
    <remembered-set count="59840" freebytes="2062720" totalbytes="2302080" percent="89" regionsoverflowed="0" regionsstable="0" regionsrebuilding="12"/>
  </mem-info>
</gc-start>
<gc-end id="3723" type="global mark phase" contextid="3658" durationms="0.160" usertimems="0.000" systemtimems="0.000" timestamp="2019-06-16T00:36:31.551" activeThreads="1">
  <mem-info id="3724" free="24117248" total="57671680" percent="41">
    <remembered-set count="59840" freebytes="2062720" totalbytes="2302080" percent="89" regionsoverflowed="0" regionsstable="0" regionsrebuilding="12"/>
  </mem-info>
</gc-end>
<concurrent-start id="3725" type="GMP work packet processing" contextid="3658" timestamp="2019-06-16T00:36:31.551">
  <concurrent-mark-start scanTarget="1048576" />
</concurrent-start>
<concurrent-end id="3726" type="GMP work packet processing" contextid="3658" timestamp="2019-06-16T00:36:31.551">
  <concurrent-mark-end bytesScanned="1089348" reasonForTermination="Work target met" />
</concurrent-end>

<exclusive-end id="3727" timestamp="2019-06-16T00:36:31.551" durationms="1.399" />

<exclusive-start id="3728" timestamp="2019-06-16T00:36:31.555" intervalms="5.173">
  <response-info timems="0.076" idlems="0.076" threads="0" lastid="0000000001627700" lastname="main" />
</exclusive-start>
<allocation-taxation id="3729" taxation-threshold="10485760" timestamp="2019-06-16T00:36:31.555" intervalms="5.160" />
<cycle-start id="3730" type="partial gc" contextid="0" timestamp="2019-06-16T00:36:31.556" intervalms="12.365" />
<gc-start id="3731" type="partial gc" contextid="3730" timestamp="2019-06-16T00:36:31.556">
  <mem-info id="3732" free="13631488" total="57671680" percent="23">
    <mem type="eden" free="0" total="20971520" percent="0" />
    <remembered-set count="61440" freebytes="2056320" totalbytes="2302080" percent="89" regionsoverflowed="0" regionsstable="0" regionsrebuilding="12"/>
  </mem-info>
</gc-start>
<allocation-stats totalBytes="20960360" >
  <allocated-bytes non-tlh="0" tlh="20960360" arrayletleaf="0"/>
  <largest-consumer threadName="main" threadId="0000000001627700" bytes="10480368" />
</allocation-stats>
<gc-op id="3733" type="copy forward" timems="1.596" contextid="3730" timestamp="2019-06-16T00:36:31.558">
  <memory-copied type="eden" objects="5" bytes="352" bytesdiscarded="0" />
  <memory-copied type="other" objects="130" bytes="4008" bytesdiscarded="696" />
  <memory-cardclean objects="46" bytes="1872" />
  <regions eden="20" other="1" />
  <remembered-set-cleared processed="59909" cleared="57" durationms="0.217" />
  <stringconstants candidates="13269" cleared="0"  />
</gc-op>
<gc-op id="3734" type="classunload" timems="0.003" contextid="3730" timestamp="2019-06-16T00:36:31.558">
  <classunload-info classloadercandidates="53" classloadersunloaded="0" classesunloaded="0" anonymousclassesunloaded="0" quiescems="0.000" setupms="0.003" scanms="0.000" postms="0.000" />
</gc-op>
<heap-resize id="3735" type="expand" space="default" amount="3145728" count="1" timems="0.062" reason="excessive time being spent in gc" timestamp="2019-06-16T00:36:31.559" />
<gc-end id="3736" type="partial gc" contextid="3730" durationms="2.823" usertimems="4.000" systemtimems="0.000" timestamp="2019-06-16T00:36:31.559" activeThreads="4">
  <mem-info id="3737" free="36700160" total="60817408" percent="60">
    <mem type="eden" free="1048224" total="1048576" percent="99" />
    <remembered-set count="62528" freebytes="2177536" totalbytes="2427648" percent="89" regionsoverflowed="0" regionsstable="0" regionsrebuilding="12"/>
  </mem-info>
</gc-end>
<cycle-end id="3738" type="partial gc" contextid="3730" timestamp="2019-06-16T00:36:31.559" />
  <attribute name="elasticGC enabled" value="1" />
  <attribute name= "numThreadsSpecified" value="4" />
  <attribute name="heapSize specified" value="0" />
  <attribute name="Current GC Util" value="60" />
  <attribute name= "Current Time Running" value="21223" />
  <attribute name ="GC Interval" value="0" />
  <attribute name="ProportionalT" value="60.000000" />
  <attribute name="ProportionalI" value="60.000000" />
  <attribute name="ProportionalH" value="60.000000" />
  <attribute name="Current Error" value="40.000000" />
  <attribute name="IntegralT" value="40.000000" />
  <attribute name="IntegralI" value="40.000000" />
  <attribute name="IntegralH" value="40.000000" />
  <attribute name="DerivativeT" value="17.000000" />
  <attribute name="DerivativeI" value="17.000000" />
  <attribute name="DerivativeH" value="17.000000" />
  <attribute name="Loop Time for DT" value="1.000000" />
  <attribute name="Output H" value="8388608"/>
  <attribute name="Output I" value="200"/>
  <attribute name="Output T" value="4"/>
  <attribute name="Target GC Util Change" value ="20.000000" />
  <attribute name="Current GC Util Change" value="60.000000"/>
  <attribute name="GC Util currently" value="60" />
  <attribute name="CPU Util currently" value="20401988898549" />
<exclusive-end id="3739" timestamp="2019-06-16T00:36:31.559" durationms="3.926" />

<exclusive-start id="3740" timestamp="2019-06-16T00:36:31.563" intervalms="7.532">
  <response-info timems="0.055" idlems="0.055" threads="0" lastid="0000000001627700" lastname="main" />
</exclusive-start>
<allocation-taxation id="3741" taxation-threshold="10485760" timestamp="2019-06-16T00:36:31.563" intervalms="7.575" />
<gc-start id="3742" type="global mark phase" contextid="3658" timestamp="2019-06-16T00:36:31.563">
  <mem-info id="3743" free="26214400" total="60817408" percent="43">
    <remembered-set count="62528" freebytes="2177536" totalbytes="2427648" percent="89" regionsoverflowed="0" regionsstable="0" regionsrebuilding="12"/>
  </mem-info>
</gc-start>
<gc-end id="3744" type="global mark phase" contextid="3658" durationms="0.191" usertimems="0.000" systemtimems="0.000" timestamp="2019-06-16T00:36:31.563" activeThreads="4">
  <mem-info id="3745" free="26214400" total="60817408" percent="43">
    <remembered-set count="62528" freebytes="2177536" totalbytes="2427648" percent="89" regionsoverflowed="0" regionsstable="0" regionsrebuilding="12"/>
  </mem-info>
</gc-end>
<concurrent-start id="3746" type="GMP work packet processing" contextid="3658" timestamp="2019-06-16T00:36:31.564">
  <concurrent-mark-start scanTarget="1946925" />
</concurrent-start>
<exclusive-end id="3747" timestamp="2019-06-16T00:36:31.564" durationms="0.888" />

<concurrent-end id="3748" type="GMP work packet processing" contextid="3658" timestamp="2019-06-16T00:36:31.565">
  <concurrent-mark-end bytesScanned="1991156" reasonForTermination="Work target met" />
</concurrent-end>

<exclusive-start id="3749" timestamp="2019-06-16T00:36:31.568" intervalms="5.178">
  <response-info timems="0.055" idlems="0.055" threads="0" lastid="0000000001627700" lastname="main" />
</exclusive-start>
<allocation-taxation id="3750" taxation-threshold="10485760" timestamp="2019-06-16T00:36:31.568" intervalms="5.128" />
<cycle-start id="3751" type="partial gc" contextid="0" timestamp="2019-06-16T00:36:31.568" intervalms="12.701" />
<gc-start id="3752" type="partial gc" contextid="3751" timestamp="2019-06-16T00:36:31.569">
  <mem-info id="3753" free="15728640" total="60817408" percent="25">
    <mem type="eden" free="1048224" total="22020096" percent="4" />
    <remembered-set count="65280" freebytes="2166528" totalbytes="2427648" percent="89" regionsoverflowed="0" regionsstable="0" regionsrebuilding="12"/>
  </mem-info>
</gc-start>
<allocation-stats totalBytes="20961008" >
  <allocated-bytes non-tlh="0" tlh="20961008" arrayletleaf="0"/>
  <largest-consumer threadName="main" threadId="0000000001627700" bytes="10480400" />
</allocation-stats>
<gc-op id="3754" type="copy forward" timems="1.345" contextid="3751" timestamp="2019-06-16T00:36:31.571">
  <memory-copied type="eden" objects="5" bytes="240" bytesdiscarded="0" />
  <memory-copied type="other" objects="0" bytes="0" bytesdiscarded="0" />
  <memory-cardclean objects="16" bytes="528" />
  <regions eden="20" other="1" />
  <remembered-set-cleared processed="62815" cleared="9" durationms="0.454" />
  <stringconstants candidates="13269" cleared="0"  />
</gc-op>
<gc-op id="3755" type="classunload" timems="0.004" contextid="3751" timestamp="2019-06-16T00:36:31.571">
  <classunload-info classloadercandidates="53" classloadersunloaded="0" classesunloaded="0" anonymousclassesunloaded="0" quiescems="0.000" setupms="0.004" scanms="0.000" postms="0.000" />
</gc-op>
<gc-end id="3756" type="partial gc" contextid="3751" durationms="2.479" usertimems="4.000" systemtimems="0.000" timestamp="2019-06-16T00:36:31.571" activeThreads="1">
  <mem-info id="3757" free="36700160" total="60817408" percent="60">
    <mem type="eden" free="1048336" total="1048576" percent="99" />
    <remembered-set count="65760" freebytes="2164608" totalbytes="2427648" percent="89" regionsoverflowed="0" regionsstable="0" regionsrebuilding="12"/>
  </mem-info>
</gc-end>
<cycle-end id="3758" type="partial gc" contextid="3751" timestamp="2019-06-16T00:36:31.571" />
  <attribute name="elasticGC enabled" value="1" />
  <attribute name= "numThreadsSpecified" value="1" />
  <attribute name="heapSize specified" value="0" />
  <attribute name="Current GC Util" value="74" />
  <attribute name= "Current Time Running" value="21235" />
  <attribute name ="GC Interval" value="0" />
  <attribute name="ProportionalT" value="81.000000" />
  <attribute name="ProportionalI" value="81.000000" />
  <attribute name="ProportionalH" value="81.000000" />
  <attribute name="Current Error" value="54.000000" />
  <attribute name="IntegralT" value="0.000000" />
  <attribute name="IntegralI" value="0.000000" />
  <attribute name="IntegralH" value="0.000000" />
  <attribute name="DerivativeT" value="inf" />
  <attribute name="DerivativeI" value="inf" />
  <attribute name="DerivativeH" value="inf" />
  <attribute name="Loop Time for DT" value="0.000000" />
  <attribute name="Output H" value="8388608"/>
  <attribute name="Output I" value="200"/>
  <attribute name="Output T" value="1"/>
  <attribute name="Target GC Util Change" value ="20.000000" />
  <attribute name="Current GC Util Change" value="74.000000"/>
  <attribute name="GC Util currently" value="74" />
  <attribute name="CPU Util currently" value="19010441501164" />
<exclusive-end id="3759" timestamp="2019-06-16T00:36:31.572" durationms="3.552" />

<exclusive-start id="3760" timestamp="2019-06-16T00:36:31.575" intervalms="7.113">
  <response-info timems="0.067" idlems="0.067" threads="0" lastid="0000000001627700" lastname="main" />
</exclusive-start>
<allocation-taxation id="3761" taxation-threshold="10485760" timestamp="2019-06-16T00:36:31.575" intervalms="7.130" />
<gc-start id="3762" type="global mark phase" contextid="3658" timestamp="2019-06-16T00:36:31.575">
  <mem-info id="3763" free="26214400" total="60817408" percent="43">
    <remembered-set count="65280" freebytes="2166528" totalbytes="2427648" percent="89" regionsoverflowed="0" regionsstable="0" regionsrebuilding="12"/>
  </mem-info>
</gc-start>
<gc-end id="3764" type="global mark phase" contextid="3658" durationms="0.150" usertimems="0.000" systemtimems="0.000" timestamp="2019-06-16T00:36:31.576" activeThreads="1">
  <mem-info id="3765" free="26214400" total="60817408" percent="43">
    <remembered-set count="65280" freebytes="2166528" totalbytes="2427648" percent="89" regionsoverflowed="0" regionsstable="0" regionsrebuilding="12"/>
  </mem-info>
</gc-end>
<concurrent-start id="3766" type="GMP work packet processing" contextid="3658" timestamp="2019-06-16T00:36:31.576">
  <concurrent-mark-start scanTarget="1048576" />
</concurrent-start>
<exclusive-end id="3767" timestamp="2019-06-16T00:36:31.576" durationms="0.824" />

<concurrent-end id="3768" type="GMP work packet processing" contextid="3658" timestamp="2019-06-16T00:36:31.577">
  <concurrent-mark-end bytesScanned="1118464" reasonForTermination="Work target met" />
</concurrent-end>

<exclusive-start id="3769" timestamp="2019-06-16T00:36:31.580" intervalms="4.875">
  <response-info timems="0.067" idlems="0.067" threads="0" lastid="0000000001627700" lastname="main" />
</exclusive-start>
<allocation-taxation id="3770" taxation-threshold="10485760" timestamp="2019-06-16T00:36:31.580" intervalms="4.861" />
<cycle-start id="3771" type="partial gc" contextid="0" timestamp="2019-06-16T00:36:31.580" intervalms="11.993" />
<gc-start id="3772" type="partial gc" contextid="3771" timestamp="2019-06-16T00:36:31.581">
  <mem-info id="3773" free="15728640" total="60817408" percent="25">
    <mem type="eden" free="1048336" total="22020096" percent="4" />
    <remembered-set count="66944" freebytes="2159872" totalbytes="2427648" percent="88" regionsoverflowed="0" regionsstable="0" regionsrebuilding="12"/>
  </mem-info>
</gc-start>
<allocation-stats totalBytes="20960968" >
  <allocated-bytes non-tlh="0" tlh="20960968" arrayletleaf="0"/>
  <largest-consumer threadName="main" threadId="0000000001627700" bytes="10480584" />
</allocation-stats>
<gc-op id="3774" type="copy forward" timems="1.295" contextid="3771" timestamp="2019-06-16T00:36:31.583">
  <memory-copied type="eden" objects="5" bytes="368" bytesdiscarded="0" />
  <memory-copied type="other" objects="0" bytes="0" bytesdiscarded="0" />
  <memory-cardclean objects="16" bytes="528" />
  <regions eden="20" other="1" />
  <remembered-set-cleared processed="65101" cleared="9" durationms="0.463" />
  <stringconstants candidates="13269" cleared="0"  />
</gc-op>
<gc-op id="3775" type="classunload" timems="0.004" contextid="3771" timestamp="2019-06-16T00:36:31.583">
  <classunload-info classloadercandidates="53" classloadersunloaded="0" classesunloaded="0" anonymousclassesunloaded="0" quiescems="0.000" setupms="0.004" scanms="0.000" postms="0.000" />
</gc-op>
<gc-end id="3776" type="partial gc" contextid="3771" durationms="2.412" usertimems="4.000" systemtimems="0.000" timestamp="2019-06-16T00:36:31.583" activeThreads="1">
  <mem-info id="3777" free="36700160" total="60817408" percent="60">
    <mem type="eden" free="1048208" total="1048576" percent="99" />
    <remembered-set count="67424" freebytes="2157952" totalbytes="2427648" percent="88" regionsoverflowed="0" regionsstable="0" regionsrebuilding="12"/>
  </mem-info>
</gc-end>
<cycle-end id="3778" type="partial gc" contextid="3771" timestamp="2019-06-16T00:36:31.583" />
  <attribute name="elasticGC enabled" value="1" />
  <attribute name= "numThreadsSpecified" value="1" />
  <attribute name="heapSize specified" value="0" />
  <attribute name="Current GC Util" value="72" />
  <attribute name= "Current Time Running" value="21247" />
  <attribute name ="GC Interval" value="0" />
  <attribute name="ProportionalT" value="78.000000" />
  <attribute name="ProportionalI" value="78.000000" />
  <attribute name="ProportionalH" value="78.000000" />
  <attribute name="Current Error" value="52.000000" />
  <attribute name="IntegralT" value="0.000000" />
  <attribute name="IntegralI" value="0.000000" />
  <attribute name="IntegralH" value="0.000000" />
  <attribute name="DerivativeT" value="inf" />
  <attribute name="DerivativeI" value="inf" />
  <attribute name="DerivativeH" value="inf" />
  <attribute name="Loop Time for DT" value="0.000000" />
  <attribute name="Output H" value="8388608"/>
  <attribute name="Output I" value="200"/>
  <attribute name="Output T" value="1"/>
  <attribute name="Target GC Util Change" value ="20.000000" />
  <attribute name="Current GC Util Change" value="72.000000"/>
  <attribute name="GC Util currently" value="72" />
  <attribute name="CPU Util currently" value="18980084256993" />
<exclusive-end id="3779" timestamp="2019-06-16T00:36:31.583" durationms="3.526" />

<exclusive-start id="3780" timestamp="2019-06-16T00:36:31.587" intervalms="7.155">
  <response-info timems="0.068" idlems="0.068" threads="0" lastid="0000000001627700" lastname="main" />
</exclusive-start>
<allocation-taxation id="3781" taxation-threshold="10485760" timestamp="2019-06-16T00:36:31.587" intervalms="7.197" />
<gc-start id="3782" type="global mark phase" contextid="3658" timestamp="2019-06-16T00:36:31.588">
  <mem-info id="3783" free="26214400" total="60817408" percent="43">
    <remembered-set count="66944" freebytes="2159872" totalbytes="2427648" percent="88" regionsoverflowed="0" regionsstable="0" regionsrebuilding="12"/>
  </mem-info>
</gc-start>
<gc-end id="3784" type="global mark phase" contextid="3658" durationms="0.179" usertimems="0.000" systemtimems="0.000" timestamp="2019-06-16T00:36:31.588" activeThreads="1">
  <mem-info id="3785" free="26214400" total="60817408" percent="43">
    <remembered-set count="66944" freebytes="2159872" totalbytes="2427648" percent="88" regionsoverflowed="0" regionsstable="0" regionsrebuilding="12"/>
  </mem-info>
</gc-end>
<concurrent-start id="3786" type="GMP work packet processing" contextid="3658" timestamp="2019-06-16T00:36:31.588">
  <concurrent-mark-start scanTarget="1048576" />
</concurrent-start>
<exclusive-end id="3787" timestamp="2019-06-16T00:36:31.588" durationms="0.881" />

<concurrent-end id="3788" type="GMP work packet processing" contextid="3658" timestamp="2019-06-16T00:36:31.589">
  <concurrent-mark-end bytesScanned="1101128" reasonForTermination="Work target met" />
</concurrent-end>

<exclusive-start id="3789" timestamp="2019-06-16T00:36:31.592" intervalms="4.845">
  <response-info timems="0.026" idlems="0.026" threads="0" lastid="0000000001627700" lastname="main" />
</exclusive-start>
<allocation-taxation id="3790" taxation-threshold="10485760" timestamp="2019-06-16T00:36:31.592" intervalms="4.743" />
<cycle-start id="3791" type="partial gc" contextid="0" timestamp="2019-06-16T00:36:31.592" intervalms="11.841" />
<gc-start id="3792" type="partial gc" contextid="3791" timestamp="2019-06-16T00:36:31.592">
  <mem-info id="3793" free="15728640" total="60817408" percent="25">
    <mem type="eden" free="1048208" total="22020096" percent="4" />
    <remembered-set count="72480" freebytes="2137728" totalbytes="2427648" percent="88" regionsoverflowed="0" regionsstable="0" regionsrebuilding="12"/>
  </mem-info>
</gc-start>
<allocation-stats totalBytes="20960328" >
  <allocated-bytes non-tlh="0" tlh="20960328" arrayletleaf="0"/>
  <largest-consumer threadName="main" threadId="0000000001627700" bytes="10480400" />
</allocation-stats>
<gc-op id="3794" type="copy forward" timems="1.410" contextid="3791" timestamp="2019-06-16T00:36:31.595">
  <memory-copied type="eden" objects="5" bytes="240" bytesdiscarded="0" />
  <memory-copied type="other" objects="0" bytes="0" bytesdiscarded="0" />
  <memory-cardclean objects="16" bytes="528" />
  <regions eden="20" other="1" />
  <remembered-set-cleared processed="70282" cleared="9" durationms="0.475" />
  <stringconstants candidates="13269" cleared="0"  />
</gc-op>
<gc-op id="3795" type="classunload" timems="0.003" contextid="3791" timestamp="2019-06-16T00:36:31.595">
  <classunload-info classloadercandidates="53" classloadersunloaded="0" classesunloaded="0" anonymousclassesunloaded="0" quiescems="0.000" setupms="0.003" scanms="0.000" postms="0.000" />
</gc-op>
<gc-end id="3796" type="partial gc" contextid="3791" durationms="2.447" usertimems="0.000" systemtimems="4.000" timestamp="2019-06-16T00:36:31.595" activeThreads="1">
  <mem-info id="3797" free="36700160" total="60817408" percent="60">
    <mem type="eden" free="1048336" total="1048576" percent="99" />
    <remembered-set count="72960" freebytes="2135808" totalbytes="2427648" percent="87" regionsoverflowed="0" regionsstable="0" regionsrebuilding="12"/>
  </mem-info>
</gc-end>
<cycle-end id="3798" type="partial gc" contextid="3791" timestamp="2019-06-16T00:36:31.595" />
  <attribute name="elasticGC enabled" value="1" />
  <attribute name= "numThreadsSpecified" value="1" />
  <attribute name="heapSize specified" value="0" />
  <attribute name="Current GC Util" value="78" />
  <attribute name= "Current Time Running" value="21259" />
  <attribute name ="GC Interval" value="0" />
  <attribute name="ProportionalT" value="87.000000" />
  <attribute name="ProportionalI" value="87.000000" />
  <attribute name="ProportionalH" value="87.000000" />
  <attribute name="Current Error" value="58.000000" />
  <attribute name="IntegralT" value="0.000000" />
  <attribute name="IntegralI" value="0.000000" />
  <attribute name="IntegralH" value="0.000000" />
  <attribute name="DerivativeT" value="inf" />
  <attribute name="DerivativeI" value="inf" />
  <attribute name="DerivativeH" value="inf" />
  <attribute name="Loop Time for DT" value="0.000000" />
  <attribute name="Output H" value="8388608"/>
  <attribute name="Output I" value="200"/>
  <attribute name="Output T" value="1"/>
  <attribute name="Target GC Util Change" value ="20.000000" />
  <attribute name="Current GC Util Change" value="78.000000"/>
  <attribute name="GC Util currently" value="78" />
  <attribute name="CPU Util currently" value="18986101047525" />
<exclusive-end id="3799" timestamp="2019-06-16T00:36:31.595" durationms="3.304" />

<exclusive-start id="3800" timestamp="2019-06-16T00:36:31.599" intervalms="6.929">
  <response-info timems="0.074" idlems="0.074" threads="0" lastid="0000000001627700" lastname="main" />
</exclusive-start>
<allocation-taxation id="3801" taxation-threshold="10485760" timestamp="2019-06-16T00:36:31.599" intervalms="7.033" />
<gc-start id="3802" type="global mark phase" contextid="3658" timestamp="2019-06-16T00:36:31.599">
  <mem-info id="3803" free="26214400" total="60817408" percent="43">
    <remembered-set count="72480" freebytes="2137728" totalbytes="2427648" percent="88" regionsoverflowed="0" regionsstable="0" regionsrebuilding="12"/>
  </mem-info>
</gc-start>
<gc-end id="3804" type="global mark phase" contextid="3658" durationms="0.168" usertimems="0.000" systemtimems="0.000" timestamp="2019-06-16T00:36:31.599" activeThreads="1">
  <mem-info id="3805" free="26214400" total="60817408" percent="43">
    <remembered-set count="72480" freebytes="2137728" totalbytes="2427648" percent="88" regionsoverflowed="0" regionsstable="0" regionsrebuilding="12"/>
  </mem-info>
</gc-end>
<concurrent-start id="3806" type="GMP work packet processing" contextid="3658" timestamp="2019-06-16T00:36:31.600">
  <concurrent-mark-start scanTarget="1048576" />
</concurrent-start>
<exclusive-end id="3807" timestamp="2019-06-16T00:36:31.600" durationms="0.880" />

<concurrent-end id="3808" type="GMP work packet processing" contextid="3658" timestamp="2019-06-16T00:36:31.600">
  <concurrent-mark-end bytesScanned="1076468" reasonForTermination="Work target met" />
</concurrent-end>

<exclusive-start id="3809" timestamp="2019-06-16T00:36:31.604" intervalms="4.843">
  <response-info timems="0.072" idlems="0.072" threads="0" lastid="0000000001627700" lastname="main" />
</exclusive-start>
<allocation-taxation id="3810" taxation-threshold="10485760" timestamp="2019-06-16T00:36:31.604" intervalms="4.779" />
<cycle-start id="3811" type="partial gc" contextid="0" timestamp="2019-06-16T00:36:31.604" intervalms="11.894" />
<gc-start id="3812" type="partial gc" contextid="3811" timestamp="2019-06-16T00:36:31.604">
  <mem-info id="3813" free="15728640" total="60817408" percent="25">
    <mem type="eden" free="1048336" total="22020096" percent="4" />
    <remembered-set count="76416" freebytes="2121984" totalbytes="2427648" percent="87" regionsoverflowed="0" regionsstable="0" regionsrebuilding="12"/>
  </mem-info>
</gc-start>
<allocation-stats totalBytes="20960968" >
  <allocated-bytes non-tlh="0" tlh="20960968" arrayletleaf="0"/>
  <largest-consumer threadName="main" threadId="0000000001627700" bytes="10480584" />
</allocation-stats>
<gc-op id="3814" type="copy forward" timems="1.367" contextid="3811" timestamp="2019-06-16T00:36:31.606">
  <memory-copied type="eden" objects="5" bytes="368" bytesdiscarded="0" />
  <memory-copied type="other" objects="0" bytes="0" bytesdiscarded="0" />
  <memory-cardclean objects="16" bytes="528" />
  <regions eden="20" other="1" />
  <remembered-set-cleared processed="74216" cleared="9" durationms="0.510" />
  <stringconstants candidates="13269" cleared="0"  />
</gc-op>
<gc-op id="3815" type="classunload" timems="0.003" contextid="3811" timestamp="2019-06-16T00:36:31.607">
  <classunload-info classloadercandidates="53" classloadersunloaded="0" classesunloaded="0" anonymousclassesunloaded="0" quiescems="0.000" setupms="0.003" scanms="0.000" postms="0.000" />
</gc-op>
<gc-end id="3816" type="partial gc" contextid="3811" durationms="2.456" usertimems="4.000" systemtimems="0.000" timestamp="2019-06-16T00:36:31.607" activeThreads="1">
  <mem-info id="3817" free="36700160" total="60817408" percent="60">
    <mem type="eden" free="1048208" total="1048576" percent="99" />
    <remembered-set count="76896" freebytes="2120064" totalbytes="2427648" percent="87" regionsoverflowed="0" regionsstable="0" regionsrebuilding="12"/>
  </mem-info>
</gc-end>
<cycle-end id="3818" type="partial gc" contextid="3811" timestamp="2019-06-16T00:36:31.607" />
  <attribute name="elasticGC enabled" value="1" />
  <attribute name= "numThreadsSpecified" value="1" />
  <attribute name="heapSize specified" value="0" />
  <attribute name="Current GC Util" value="75" />
  <attribute name= "Current Time Running" value="21271" />
  <attribute name ="GC Interval" value="0" />
  <attribute name="ProportionalT" value="82.500000" />
  <attribute name="ProportionalI" value="82.500000" />
  <attribute name="ProportionalH" value="82.500000" />
  <attribute name="Current Error" value="55.000000" />
  <attribute name="IntegralT" value="0.000000" />
  <attribute name="IntegralI" value="0.000000" />
  <attribute name="IntegralH" value="0.000000" />
  <attribute name="DerivativeT" value="inf" />
  <attribute name="DerivativeI" value="inf" />
  <attribute name="DerivativeH" value="inf" />
  <attribute name="Loop Time for DT" value="0.000000" />
  <attribute name="Output H" value="8388608"/>
  <attribute name="Output I" value="200"/>
  <attribute name="Output T" value="1"/>
  <attribute name="Target GC Util Change" value ="20.000000" />
  <attribute name="Current GC Util Change" value="75.000000"/>
  <attribute name="GC Util currently" value="75" />
  <attribute name="CPU Util currently" value="19191369006000" />
<exclusive-end id="3819" timestamp="2019-06-16T00:36:31.607" durationms="3.513" />

<exclusive-start id="3820" timestamp="2019-06-16T00:36:31.611" intervalms="7.089">
  <response-info timems="0.057" idlems="0.057" threads="0" lastid="0000000001627700" lastname="main" />
</exclusive-start>
<allocation-taxation id="3821" taxation-threshold="10485760" timestamp="2019-06-16T00:36:31.611" intervalms="7.109" />
<gc-start id="3822" type="global mark phase" contextid="3658" timestamp="2019-06-16T00:36:31.611">
  <mem-info id="3823" free="26214400" total="60817408" percent="43">
    <remembered-set count="76416" freebytes="2121984" totalbytes="2427648" percent="87" regionsoverflowed="0" regionsstable="0" regionsrebuilding="12"/>
  </mem-info>
</gc-start>
<gc-end id="3824" type="global mark phase" contextid="3658" durationms="0.187" usertimems="0.000" systemtimems="0.000" timestamp="2019-06-16T00:36:31.611" activeThreads="1">
  <mem-info id="3825" free="26214400" total="60817408" percent="43">
    <remembered-set count="76416" freebytes="2121984" totalbytes="2427648" percent="87" regionsoverflowed="0" regionsstable="0" regionsrebuilding="12"/>
  </mem-info>
</gc-end>
<concurrent-start id="3826" type="GMP work packet processing" contextid="3658" timestamp="2019-06-16T00:36:31.611">
  <concurrent-mark-start scanTarget="1048576" />
</concurrent-start>
<exclusive-end id="3827" timestamp="2019-06-16T00:36:31.612" durationms="0.811" />

<concurrent-end id="3828" type="GMP work packet processing" contextid="3658" timestamp="2019-06-16T00:36:31.612">
  <concurrent-mark-end bytesScanned="1092500" reasonForTermination="Work target met" />
</concurrent-end>

<exclusive-start id="3829" timestamp="2019-06-16T00:36:31.616" intervalms="4.695">
  <response-info timems="0.067" idlems="0.067" threads="0" lastid="0000000001627700" lastname="main" />
</exclusive-start>
<allocation-taxation id="3830" taxation-threshold="10485760" timestamp="2019-06-16T00:36:31.616" intervalms="4.670" />
<cycle-start id="3831" type="partial gc" contextid="0" timestamp="2019-06-16T00:36:31.616" intervalms="11.790" />
<gc-start id="3832" type="partial gc" contextid="3831" timestamp="2019-06-16T00:36:31.616">
  <mem-info id="3833" free="15728640" total="60817408" percent="25">
    <mem type="eden" free="1048208" total="22020096" percent="4" />
    <remembered-set count="82336" freebytes="2098304" totalbytes="2427648" percent="86" regionsoverflowed="0" regionsstable="0" regionsrebuilding="12"/>
  </mem-info>
</gc-start>
<allocation-stats totalBytes="20960328" >
  <allocated-bytes non-tlh="0" tlh="20960328" arrayletleaf="0"/>
  <largest-consumer threadName="main" threadId="0000000001627700" bytes="10480400" />
</allocation-stats>
<gc-op id="3834" type="copy forward" timems="1.555" contextid="3831" timestamp="2019-06-16T00:36:31.618">
  <memory-copied type="eden" objects="5" bytes="240" bytesdiscarded="0" />
  <memory-copied type="other" objects="0" bytes="0" bytesdiscarded="0" />
  <memory-cardclean objects="16" bytes="528" />
  <regions eden="20" other="1" />
  <remembered-set-cleared processed="79958" cleared="9" durationms="0.219" />
  <stringconstants candidates="13269" cleared="0"  />
</gc-op>
<gc-op id="3835" type="classunload" timems="0.004" contextid="3831" timestamp="2019-06-16T00:36:31.619">
  <classunload-info classloadercandidates="53" classloadersunloaded="0" classesunloaded="0" anonymousclassesunloaded="0" quiescems="0.000" setupms="0.004" scanms="0.000" postms="0.000" />
</gc-op>
<gc-end id="3836" type="partial gc" contextid="3831" durationms="2.625" usertimems="4.000" systemtimems="0.000" timestamp="2019-06-16T00:36:31.619" activeThreads="4">
  <mem-info id="3837" free="36700160" total="60817408" percent="60">
    <mem type="eden" free="1048336" total="1048576" percent="99" />
    <remembered-set count="81920" freebytes="2099968" totalbytes="2427648" percent="86" regionsoverflowed="0" regionsstable="0" regionsrebuilding="12"/>
  </mem-info>
</gc-end>
<cycle-end id="3838" type="partial gc" contextid="3831" timestamp="2019-06-16T00:36:31.619" />
  <attribute name="elasticGC enabled" value="1" />
  <attribute name= "numThreadsSpecified" value="4" />
  <attribute name="heapSize specified" value="0" />
  <attribute name="Current GC Util" value="78" />
  <attribute name= "Current Time Running" value="21283" />
  <attribute name ="GC Interval" value="0" />
  <attribute name="ProportionalT" value="87.000000" />
  <attribute name="ProportionalI" value="87.000000" />
  <attribute name="ProportionalH" value="87.000000" />
  <attribute name="Current Error" value="58.000000" />
  <attribute name="IntegralT" value="58.000000" />
  <attribute name="IntegralI" value="58.000000" />
  <attribute name="IntegralH" value="58.000000" />
  <attribute name="DerivativeT" value="25.000000" />
  <attribute name="DerivativeI" value="25.000000" />
  <attribute name="DerivativeH" value="25.000000" />
  <attribute name="Loop Time for DT" value="1.000000" />
  <attribute name="Output H" value="8388608"/>
  <attribute name="Output I" value="200"/>
  <attribute name="Output T" value="4"/>
  <attribute name="Target GC Util Change" value ="20.000000" />
  <attribute name="Current GC Util Change" value="78.000000"/>
  <attribute name="GC Util currently" value="78" />
  <attribute name="CPU Util currently" value="18911358134833" />
<exclusive-end id="3839" timestamp="2019-06-16T00:36:31.619" durationms="3.678" />

<exclusive-start id="3840" timestamp="2019-06-16T00:36:31.623" intervalms="7.279">
  <response-info timems="0.091" idlems="0.091" threads="0" lastid="0000000001627700" lastname="main" />
</exclusive-start>
<allocation-taxation id="3841" taxation-threshold="10485760" timestamp="2019-06-16T00:36:31.623" intervalms="7.342" />
<gc-start id="3842" type="global mark phase" contextid="3658" timestamp="2019-06-16T00:36:31.623">
  <mem-info id="3843" free="26214400" total="60817408" percent="43">
    <remembered-set count="81440" freebytes="2101888" totalbytes="2427648" percent="86" regionsoverflowed="0" regionsstable="0" regionsrebuilding="12"/>
  </mem-info>
</gc-start>
<gc-end id="3844" type="global mark phase" contextid="3658" durationms="0.124" usertimems="0.000" systemtimems="0.000" timestamp="2019-06-16T00:36:31.623" activeThreads="4">
  <mem-info id="3845" free="26214400" total="60817408" percent="43">
    <remembered-set count="81440" freebytes="2101888" totalbytes="2427648" percent="86" regionsoverflowed="0" regionsstable="0" regionsrebuilding="12"/>
  </mem-info>
</gc-end>
<concurrent-start id="3846" type="GMP work packet processing" contextid="3658" timestamp="2019-06-16T00:36:31.624">
  <concurrent-mark-start scanTarget="1946925" />
</concurrent-start>
<exclusive-end id="3847" timestamp="2019-06-16T00:36:31.624" durationms="1.568" />

<concurrent-end id="3848" type="GMP work packet processing" contextid="3658" timestamp="2019-06-16T00:36:31.625">
  <concurrent-mark-end bytesScanned="1599972" reasonForTermination="Completed all work in GC phase" />
</concurrent-end>

<exclusive-start id="3849" timestamp="2019-06-16T00:36:31.628" intervalms="5.122">
  <response-info timems="0.067" idlems="0.067" threads="0" lastid="0000000001627700" lastname="main" />
</exclusive-start>
<allocation-taxation id="3850" taxation-threshold="10485760" timestamp="2019-06-16T00:36:31.628" intervalms="5.118" />
<cycle-start id="3851" type="partial gc" contextid="0" timestamp="2019-06-16T00:36:31.628" intervalms="12.507" />
<gc-start id="3852" type="partial gc" contextid="3851" timestamp="2019-06-16T00:36:31.629">
  <mem-info id="3853" free="15728640" total="60817408" percent="25">
    <mem type="eden" free="1048336" total="22020096" percent="4" />
    <remembered-set count="90912" freebytes="2064000" totalbytes="2427648" percent="85" regionsoverflowed="0" regionsstable="0" regionsrebuilding="12"/>
  </mem-info>
</gc-start>
<allocation-stats totalBytes="20960968" >
  <allocated-bytes non-tlh="0" tlh="20960968" arrayletleaf="0"/>
  <largest-consumer threadName="main" threadId="0000000001627700" bytes="10480584" />
</allocation-stats>
<gc-op id="3854" type="copy forward" timems="1.387" contextid="3851" timestamp="2019-06-16T00:36:31.631">
  <memory-copied type="eden" objects="5" bytes="368" bytesdiscarded="0" />
  <memory-copied type="other" objects="0" bytes="0" bytesdiscarded="0" />
  <memory-cardclean objects="16" bytes="528" />
  <regions eden="20" other="1" />
  <remembered-set-cleared processed="88233" cleared="9" durationms="0.573" />
  <stringconstants candidates="13269" cleared="0"  />
</gc-op>
<gc-op id="3855" type="classunload" timems="0.004" contextid="3851" timestamp="2019-06-16T00:36:31.631">
  <classunload-info classloadercandidates="53" classloadersunloaded="0" classesunloaded="0" anonymousclassesunloaded="0" quiescems="0.000" setupms="0.004" scanms="0.000" postms="0.000" />
</gc-op>
<gc-end id="3856" type="partial gc" contextid="3851" durationms="2.536" usertimems="0.000" systemtimems="0.000" timestamp="2019-06-16T00:36:31.631" activeThreads="1">
  <mem-info id="3857" free="36700160" total="60817408" percent="60">
    <mem type="eden" free="1048208" total="1048576" percent="99" />
    <remembered-set count="91392" freebytes="2062080" totalbytes="2427648" percent="84" regionsoverflowed="0" regionsstable="0" regionsrebuilding="12"/>
  </mem-info>
</gc-end>
<cycle-end id="3858" type="partial gc" contextid="3851" timestamp="2019-06-16T00:36:31.631" />
  <attribute name="elasticGC enabled" value="1" />
  <attribute name= "numThreadsSpecified" value="1" />
  <attribute name="heapSize specified" value="0" />
  <attribute name="Current GC Util" value="78" />
  <attribute name= "Current Time Running" value="21295" />
  <attribute name ="GC Interval" value="0" />
  <attribute name="ProportionalT" value="87.000000" />
  <attribute name="ProportionalI" value="87.000000" />
  <attribute name="ProportionalH" value="87.000000" />
  <attribute name="Current Error" value="58.000000" />
  <attribute name="IntegralT" value="0.000000" />
  <attribute name="IntegralI" value="0.000000" />
  <attribute name="IntegralH" value="0.000000" />
  <attribute name="DerivativeT" value="inf" />
  <attribute name="DerivativeI" value="inf" />
  <attribute name="DerivativeH" value="inf" />
  <attribute name="Loop Time for DT" value="0.000000" />
  <attribute name="Output H" value="8388608"/>
  <attribute name="Output I" value="200"/>
  <attribute name="Output T" value="1"/>
  <attribute name="Target GC Util Change" value ="20.000000" />
  <attribute name="Current GC Util Change" value="78.000000"/>
  <attribute name="GC Util currently" value="78" />
  <attribute name="CPU Util currently" value="19086050225908" />
<exclusive-end id="3859" timestamp="2019-06-16T00:36:31.632" durationms="3.699" />

<exclusive-start id="3860" timestamp="2019-06-16T00:36:31.635" intervalms="7.236">
  <response-info timems="0.070" idlems="0.070" threads="0" lastid="0000000001627700" lastname="main" />
</exclusive-start>
<allocation-taxation id="3861" taxation-threshold="10485760" timestamp="2019-06-16T00:36:31.635" intervalms="7.238" />
<gc-start id="3862" type="global mark phase" contextid="3658" timestamp="2019-06-16T00:36:31.636">
  <mem-info id="3863" free="26214400" total="60817408" percent="43">
    <remembered-set count="90912" freebytes="2064000" totalbytes="2427648" percent="85" regionsoverflowed="0" regionsstable="0" regionsrebuilding="12"/>
  </mem-info>
</gc-start>
<gc-op id="3864" type="mark increment" timems="1.287" contextid="3658" timestamp="2019-06-16T00:36:31.637">
  <trace-info objectcount="137" scancount="135" scanbytes="4104" />
  <cardclean-info objects="209" bytes="14692" />
  <finalization candidates="80" enqueued="0" />
  <ownableSynchronizers candidates="21" cleared="0" />
  <references type="soft" candidates="1942" cleared="79" enqueued="79" dynamicThreshold="19" maxThreshold="32" />
  <references type="weak" candidates="5733" cleared="0" enqueued="0" />
  <references type="phantom" candidates="101" cleared="0" enqueued="0" />
  <stringconstants candidates="13269" cleared="0"  />
</gc-op>
<gc-op id="3865" type="classunload" timems="0.004" contextid="3658" timestamp="2019-06-16T00:36:31.637">
  <classunload-info classloadercandidates="53" classloadersunloaded="0" classesunloaded="0" anonymousclassesunloaded="0" quiescems="0.000" setupms="0.004" scanms="0.000" postms="0.000" />
</gc-op>
<gc-end id="3866" type="global mark phase" contextid="3658" durationms="1.892" usertimems="0.000" systemtimems="4.000" timestamp="2019-06-16T00:36:31.637" activeThreads="4">
  <mem-info id="3867" free="26214400" total="60817408" percent="43">
    <pending-finalizers system="0" default="0" reference="79" classloader="0" />
    <remembered-set count="91424" freebytes="2061952" totalbytes="2427648" percent="84" regionsoverflowed="0" regionsstable="0" regionsrebuilding="0"/>
  </mem-info>
</gc-end>
<cycle-end id="3868" type="global mark phase" contextid="3658" timestamp="2019-06-16T00:36:31.638" />
  <attribute name="elasticGC enabled" value="1" />
  <attribute name= "numThreadsSpecified" value="4" />
  <attribute name="heapSize specified" value="0" />
  <attribute name="Current GC Util" value="0" />
  <attribute name= "Current Time Running" value="21302" />
  <attribute name ="GC Interval" value="0" />
  <attribute name="ProportionalT" value="-30.000000" />
  <attribute name="ProportionalI" value="-30.000000" />
  <attribute name="ProportionalH" value="-30.000000" />
  <attribute name="Current Error" value="-20.000000" />
  <attribute name="IntegralT" value="0.000000" />
  <attribute name="IntegralI" value="0.000000" />
  <attribute name="IntegralH" value="0.000000" />
  <attribute name="DerivativeT" value="-inf" />
  <attribute name="DerivativeI" value="-inf" />
  <attribute name="DerivativeH" value="-inf" />
  <attribute name="Loop Time for DT" value="0.000000" />
  <attribute name="Output H" value="2091843584"/>
  <attribute name="Output I" value="200"/>
  <attribute name="Output T" value="4"/>
  <attribute name="Target GC Util Change" value ="20.000000" />
  <attribute name="Current GC Util Change" value="0.000000"/>
  <attribute name="GC Util currently" value="0" />
  <attribute name="CPU Util currently" value="66075679454134" />
<exclusive-end id="3869" timestamp="2019-06-16T00:36:31.638" durationms="2.626" />

<exclusive-start id="3870" timestamp="2019-06-16T00:36:31.641" intervalms="6.209">
  <response-info timems="0.076" idlems="0.076" threads="0" lastid="0000000001627700" lastname="main" />
</exclusive-start>
<allocation-taxation id="3871" taxation-threshold="10485760" timestamp="2019-06-16T00:36:31.642" intervalms="6.210" />
<cycle-start id="3872" type="partial gc" contextid="0" timestamp="2019-06-16T00:36:31.642" intervalms="13.414" />
<gc-start id="3873" type="partial gc" contextid="3872" timestamp="2019-06-16T00:36:31.642">
  <mem-info id="3874" free="15728640" total="60817408" percent="25">
    <mem type="eden" free="1048208" total="22020096" percent="4" />
    <remembered-set count="61472" freebytes="2181760" totalbytes="2427648" percent="89" regionsoverflowed="0" regionsstable="10" regionsrebuilding="0"/>
  </mem-info>
</gc-start>
<allocation-stats totalBytes="20960328" >
  <allocated-bytes non-tlh="0" tlh="20960328" arrayletleaf="0"/>
  <largest-consumer threadName="main" threadId="0000000001627700" bytes="10480400" />
</allocation-stats>
<gc-op id="3875" type="sweep" timems="0.616" contextid="3872" timestamp="2019-06-16T00:36:31.643" />
<gc-op id="3876" type="copy forward" timems="1.391" contextid="3872" timestamp="2019-06-16T00:36:31.645">
  <memory-copied type="eden" objects="5" bytes="240" bytesdiscarded="0" />
  <memory-copied type="other" objects="0" bytes="0" bytesdiscarded="0" />
  <memory-cardclean objects="466" bytes="18584" />
  <regions eden="10" other="1" />
  <remembered-set-cleared processed="59667" cleared="78" durationms="0.210" />
  <stringconstants candidates="13269" cleared="0"  />
</gc-op>
<gc-op id="3877" type="classunload" timems="0.004" contextid="3872" timestamp="2019-06-16T00:36:31.645">
  <classunload-info classloadercandidates="53" classloadersunloaded="0" classesunloaded="0" anonymousclassesunloaded="0" quiescems="0.000" setupms="0.003" scanms="0.000" postms="0.000" />
</gc-op>
<gc-end id="3878" type="partial gc" contextid="3872" durationms="3.397" usertimems="0.000" systemtimems="4.000" timestamp="2019-06-16T00:36:31.645" activeThreads="4">
  <mem-info id="3879" free="36700160" total="60817408" percent="60">
    <mem type="eden" free="1048336" total="1048576" percent="99" />
    <remembered-set count="60928" freebytes="2183936" totalbytes="2427648" percent="89" regionsoverflowed="0" regionsstable="10" regionsrebuilding="0"/>
  </mem-info>
</gc-end>
<cycle-end id="3880" type="partial gc" contextid="3872" timestamp="2019-06-16T00:36:31.646" />
  <attribute name="elasticGC enabled" value="1" />
  <attribute name= "numThreadsSpecified" value="4" />
  <attribute name="heapSize specified" value="0" />
  <attribute name="Current GC Util" value="77" />
  <attribute name= "Current Time Running" value="21310" />
  <attribute name ="GC Interval" value="0" />
  <attribute name="ProportionalT" value="85.500000" />
  <attribute name="ProportionalI" value="85.500000" />
  <attribute name="ProportionalH" value="85.500000" />
  <attribute name="Current Error" value="57.000000" />
  <attribute name="IntegralT" value="57.000000" />
  <attribute name="IntegralI" value="57.000000" />
  <attribute name="IntegralH" value="57.000000" />
  <attribute name="DerivativeT" value="1.500000" />
  <attribute name="DerivativeI" value="1.500000" />
  <attribute name="DerivativeH" value="1.500000" />
  <attribute name="Loop Time for DT" value="1.000000" />
  <attribute name="Output H" value="8388608"/>
  <attribute name="Output I" value="200"/>
  <attribute name="Output T" value="4"/>
  <attribute name="Target GC Util Change" value ="20.000000" />
  <attribute name="Current GC Util Change" value="77.000000"/>
  <attribute name="GC Util currently" value="77" />
  <attribute name="CPU Util currently" value="19059310115084" />
<exclusive-end id="3881" timestamp="2019-06-16T00:36:31.646" durationms="4.424" />

<exclusive-start id="3882" timestamp="2019-06-16T00:36:31.653" intervalms="11.636">
  <response-info timems="0.077" idlems="0.077" threads="0" lastid="0000000001627700" lastname="main" />
</exclusive-start>
<allocation-taxation id="3883" taxation-threshold="22020096" timestamp="2019-06-16T00:36:31.653" intervalms="11.641" />
<cycle-start id="3884" type="partial gc" contextid="0" timestamp="2019-06-16T00:36:31.653" intervalms="11.662" />
<gc-start id="3885" type="partial gc" contextid="3884" timestamp="2019-06-16T00:36:31.654">
  <mem-info id="3886" free="14680064" total="60817408" percent="24">
    <mem type="eden" free="1048336" total="23068672" percent="4" />
    <remembered-set count="60448" freebytes="2185856" totalbytes="2427648" percent="90" regionsoverflowed="0" regionsstable="10" regionsrebuilding="0"/>
  </mem-info>
</gc-start>
<allocation-stats totalBytes="22009120" >
  <allocated-bytes non-tlh="0" tlh="22009120" arrayletleaf="0"/>
  <largest-consumer threadName="main" threadId="0000000001627700" bytes="22009120" />
</allocation-stats>
<gc-op id="3887" type="copy forward" timems="1.151" contextid="3884" timestamp="2019-06-16T00:36:31.656">
  <memory-copied type="eden" objects="8" bytes="192" bytesdiscarded="0" />
  <memory-copied type="other" objects="12" bytes="272" bytesdiscarded="0" />
  <memory-cardclean objects="62" bytes="1728" />
  <regions eden="21" other="3" />
  <remembered-set-cleared processed="59639" cleared="20" durationms="0.444" />
  <stringconstants candidates="13269" cleared="0"  />
</gc-op>
<gc-op id="3888" type="classunload" timems="0.003" contextid="3884" timestamp="2019-06-16T00:36:31.656">
  <classunload-info classloadercandidates="53" classloadersunloaded="0" classesunloaded="0" anonymousclassesunloaded="0" quiescems="0.000" setupms="0.003" scanms="0.000" postms="0.000" />
</gc-op>
<gc-end id="3889" type="partial gc" contextid="3884" durationms="2.232" usertimems="4.000" systemtimems="0.000" timestamp="2019-06-16T00:36:31.656" activeThreads="1">
  <mem-info id="3890" free="36700160" total="60817408" percent="60">
    <mem type="eden" free="1048384" total="1048576" percent="99" />
    <remembered-set count="60768" freebytes="2184576" totalbytes="2427648" percent="89" regionsoverflowed="0" regionsstable="10" regionsrebuilding="0"/>
  </mem-info>
</gc-end>
<cycle-end id="3891" type="partial gc" contextid="3884" timestamp="2019-06-16T00:36:31.656" />
  <attribute name="elasticGC enabled" value="1" />
  <attribute name= "numThreadsSpecified" value="1" />
  <attribute name="heapSize specified" value="0" />
  <attribute name="Current GC Util" value="57" />
  <attribute name= "Current Time Running" value="21320" />
  <attribute name ="GC Interval" value="0" />
  <attribute name="ProportionalT" value="55.500000" />
  <attribute name="ProportionalI" value="55.500000" />
  <attribute name="ProportionalH" value="55.500000" />
  <attribute name="Current Error" value="37.000000" />
  <attribute name="IntegralT" value="0.000000" />
  <attribute name="IntegralI" value="0.000000" />
  <attribute name="IntegralH" value="0.000000" />
  <attribute name="DerivativeT" value="inf" />
  <attribute name="DerivativeI" value="inf" />
  <attribute name="DerivativeH" value="inf" />
  <attribute name="Loop Time for DT" value="0.000000" />
  <attribute name="Output H" value="8388608"/>
  <attribute name="Output I" value="200"/>
  <attribute name="Output T" value="1"/>
  <attribute name="Target GC Util Change" value ="20.000000" />
  <attribute name="Current GC Util Change" value="57.000000"/>
  <attribute name="GC Util currently" value="57" />
  <attribute name="CPU Util currently" value="20051418832922" />
<exclusive-end id="3892" timestamp="2019-06-16T00:36:31.656" durationms="3.386" />

<exclusive-start id="3893" timestamp="2019-06-16T00:36:31.664" intervalms="10.637">
  <response-info timems="0.082" idlems="0.082" threads="0" lastid="0000000001627700" lastname="main" />
</exclusive-start>
<allocation-taxation id="3894" taxation-threshold="22020096" timestamp="2019-06-16T00:36:31.664" intervalms="10.643" />
<cycle-start id="3895" type="partial gc" contextid="0" timestamp="2019-06-16T00:36:31.664" intervalms="10.612" />
<gc-start id="3896" type="partial gc" contextid="3895" timestamp="2019-06-16T00:36:31.664">
  <mem-info id="3897" free="14680064" total="60817408" percent="24">
    <mem type="eden" free="1048384" total="23068672" percent="4" />
    <remembered-set count="60384" freebytes="2186112" totalbytes="2427648" percent="90" regionsoverflowed="0" regionsstable="10" regionsrebuilding="0"/>
  </mem-info>
</gc-start>
<allocation-stats totalBytes="22008280" >
  <allocated-bytes non-tlh="0" tlh="22008280" arrayletleaf="0"/>
  <largest-consumer threadName="main" threadId="0000000001627700" bytes="22008280" />
</allocation-stats>
<gc-op id="3898" type="copy forward" timems="1.171" contextid="3895" timestamp="2019-06-16T00:36:31.666">
  <memory-copied type="eden" objects="5" bytes="328" bytesdiscarded="0" />
  <memory-copied type="other" objects="102" bytes="3496" bytesdiscarded="0" />
  <memory-cardclean objects="79" bytes="10640" />
  <regions eden="21" other="2" />
  <remembered-set-cleared processed="59635" cleared="75" durationms="0.435" />
  <references type="weak" candidates="37" cleared="0" enqueued="0" />
  <stringconstants candidates="13269" cleared="0"  />
</gc-op>
<gc-op id="3899" type="classunload" timems="0.003" contextid="3895" timestamp="2019-06-16T00:36:31.666">
  <classunload-info classloadercandidates="53" classloadersunloaded="0" classesunloaded="0" anonymousclassesunloaded="0" quiescems="0.000" setupms="0.003" scanms="0.000" postms="0.000" />
</gc-op>
<gc-end id="3900" type="partial gc" contextid="3895" durationms="2.274" usertimems="0.000" systemtimems="4.000" timestamp="2019-06-16T00:36:31.667" activeThreads="1">
  <mem-info id="3901" free="36700160" total="60817408" percent="60">
    <mem type="eden" free="1048248" total="1048576" percent="99" />
    <remembered-set count="60736" freebytes="2184704" totalbytes="2427648" percent="89" regionsoverflowed="0" regionsstable="10" regionsrebuilding="0"/>
  </mem-info>
</gc-end>
<cycle-end id="3902" type="partial gc" contextid="3895" timestamp="2019-06-16T00:36:31.667" />
  <attribute name="elasticGC enabled" value="1" />
  <attribute name= "numThreadsSpecified" value="1" />
  <attribute name="heapSize specified" value="0" />
  <attribute name="Current GC Util" value="85" />
  <attribute name= "Current Time Running" value="21331" />
  <attribute name ="GC Interval" value="0" />
  <attribute name="ProportionalT" value="97.500000" />
  <attribute name="ProportionalI" value="97.500000" />
  <attribute name="ProportionalH" value="97.500000" />
  <attribute name="Current Error" value="65.000000" />
  <attribute name="IntegralT" value="0.000000" />
  <attribute name="IntegralI" value="0.000000" />
  <attribute name="IntegralH" value="0.000000" />
  <attribute name="DerivativeT" value="inf" />
  <attribute name="DerivativeI" value="inf" />
  <attribute name="DerivativeH" value="inf" />
  <attribute name="Loop Time for DT" value="0.000000" />
  <attribute name="Output H" value="8388608"/>
  <attribute name="Output I" value="200"/>
  <attribute name="Output T" value="1"/>
  <attribute name="Target GC Util Change" value ="20.000000" />
  <attribute name="Current GC Util Change" value="85.000000"/>
  <attribute name="GC Util currently" value="85" />
  <attribute name="CPU Util currently" value="18827357750628" />
<exclusive-end id="3903" timestamp="2019-06-16T00:36:31.667" durationms="3.401" />

<exclusive-start id="3904" timestamp="2019-06-16T00:36:31.675" intervalms="10.950">
  <response-info timems="0.078" idlems="0.078" threads="0" lastid="0000000001627700" lastname="main" />
</exclusive-start>
<allocation-taxation id="3905" taxation-threshold="22020096" timestamp="2019-06-16T00:36:31.675" intervalms="10.906" />
<cycle-start id="3906" type="partial gc" contextid="0" timestamp="2019-06-16T00:36:31.675" intervalms="10.933" />
<gc-start id="3907" type="partial gc" contextid="3906" timestamp="2019-06-16T00:36:31.675">
  <mem-info id="3908" free="14680064" total="60817408" percent="24">
    <mem type="eden" free="1048248" total="23068672" percent="4" />
    <remembered-set count="60352" freebytes="2186240" totalbytes="2427648" percent="90" regionsoverflowed="0" regionsstable="10" regionsrebuilding="0"/>
  </mem-info>
</gc-start>
<allocation-stats totalBytes="22006240" >
  <allocated-bytes non-tlh="0" tlh="22006240" arrayletleaf="0"/>
  <largest-consumer threadName="main" threadId="0000000001627700" bytes="22006240" />
</allocation-stats>
<gc-op id="3909" type="copy forward" timems="1.149" contextid="3906" timestamp="2019-06-16T00:36:31.677">
  <memory-copied type="eden" objects="22" bytes="936" bytesdiscarded="0" />
  <memory-copied type="other" objects="6" bytes="136" bytesdiscarded="0" />
  <memory-cardclean objects="70" bytes="2000" />
  <regions eden="21" other="2" />
  <remembered-set-cleared processed="59611" cleared="43" durationms="0.429" />
  <stringconstants candidates="13269" cleared="0"  />
</gc-op>
<gc-op id="3910" type="classunload" timems="0.003" contextid="3906" timestamp="2019-06-16T00:36:31.677">
  <classunload-info classloadercandidates="53" classloadersunloaded="0" classesunloaded="0" anonymousclassesunloaded="0" quiescems="0.000" setupms="0.003" scanms="0.000" postms="0.000" />
</gc-op>
<gc-end id="3911" type="partial gc" contextid="3906" durationms="2.279" usertimems="0.000" systemtimems="0.000" timestamp="2019-06-16T00:36:31.678" activeThreads="1">
  <mem-info id="3912" free="36700160" total="60817408" percent="60">
    <mem type="eden" free="1047640" total="1048576" percent="99" />
    <remembered-set count="60640" freebytes="2185088" totalbytes="2427648" percent="90" regionsoverflowed="0" regionsstable="10" regionsrebuilding="0"/>
  </mem-info>
</gc-end>
<cycle-end id="3913" type="partial gc" contextid="3906" timestamp="2019-06-16T00:36:31.678" />
  <attribute name="elasticGC enabled" value="1" />
  <attribute name= "numThreadsSpecified" value="1" />
  <attribute name="heapSize specified" value="0" />
  <attribute name="Current GC Util" value="82" />
  <attribute name= "Current Time Running" value="21342" />
  <attribute name ="GC Interval" value="0" />
  <attribute name="ProportionalT" value="93.000000" />
  <attribute name="ProportionalI" value="93.000000" />
  <attribute name="ProportionalH" value="93.000000" />
  <attribute name="Current Error" value="62.000000" />
  <attribute name="IntegralT" value="0.000000" />
  <attribute name="IntegralI" value="0.000000" />
  <attribute name="IntegralH" value="0.000000" />
  <attribute name="DerivativeT" value="inf" />
  <attribute name="DerivativeI" value="inf" />
  <attribute name="DerivativeH" value="inf" />
  <attribute name="Loop Time for DT" value="0.000000" />
  <attribute name="Output H" value="8388608"/>
  <attribute name="Output I" value="200"/>
  <attribute name="Output T" value="1"/>
  <attribute name="Target GC Util Change" value ="20.000000" />
  <attribute name="Current GC Util Change" value="82.000000"/>
  <attribute name="GC Util currently" value="82" />
  <attribute name="CPU Util currently" value="19125230565668" />
<exclusive-end id="3914" timestamp="2019-06-16T00:36:31.678" durationms="3.371" />

<exclusive-start id="3915" timestamp="2019-06-16T00:36:31.686" intervalms="11.155">
  <response-info timems="0.074" idlems="0.074" threads="0" lastid="0000000001627700" lastname="main" />
</exclusive-start>
<allocation-taxation id="3916" taxation-threshold="22020096" timestamp="2019-06-16T00:36:31.686" intervalms="11.202" />
<cycle-start id="3917" type="partial gc" contextid="0" timestamp="2019-06-16T00:36:31.686" intervalms="11.183" />
<gc-start id="3918" type="partial gc" contextid="3917" timestamp="2019-06-16T00:36:31.686">
  <mem-info id="3919" free="14680064" total="60817408" percent="24">
    <mem type="eden" free="0" total="22020096" percent="0" />
    <remembered-set count="60224" freebytes="2186752" totalbytes="2427648" percent="90" regionsoverflowed="0" regionsstable="10" regionsrebuilding="0"/>
  </mem-info>
</gc-start>
<allocation-stats totalBytes="22001160" >
  <allocated-bytes non-tlh="0" tlh="22001160" arrayletleaf="0"/>
  <largest-consumer threadName="main" threadId="0000000001627700" bytes="22001160" />
</allocation-stats>
<gc-op id="3920" type="copy forward" timems="1.162" contextid="3917" timestamp="2019-06-16T00:36:31.688">
  <memory-copied type="eden" objects="5" bytes="152" bytesdiscarded="0" />
  <memory-copied type="other" objects="17" bytes="544" bytesdiscarded="0" />
  <memory-cardclean objects="40" bytes="1488" />
  <regions eden="21" other="1" />
  <remembered-set-cleared processed="59597" cleared="27" durationms="0.447" />
  <stringconstants candidates="13269" cleared="0"  />
</gc-op>
<gc-op id="3921" type="classunload" timems="0.003" contextid="3917" timestamp="2019-06-16T00:36:31.688">
  <classunload-info classloadercandidates="53" classloadersunloaded="0" classesunloaded="0" anonymousclassesunloaded="0" quiescems="0.000" setupms="0.003" scanms="0.000" postms="0.000" />
</gc-op>
<heap-resize id="3922" type="expand" space="default" amount="2097152" count="1" timems="0.050" reason="excessive time being spent in gc" timestamp="2019-06-16T00:36:31.689" />
<gc-end id="3923" type="partial gc" contextid="3917" durationms="2.395" usertimems="4.000" systemtimems="0.000" timestamp="2019-06-16T00:36:31.689" activeThreads="1">
  <mem-info id="3924" free="37748736" total="62914560" percent="60">
    <mem type="eden" free="1048424" total="1048576" percent="99" />
    <remembered-set count="60640" freebytes="2268800" totalbytes="2511360" percent="90" regionsoverflowed="0" regionsstable="10" regionsrebuilding="0"/>
  </mem-info>
</gc-end>
<cycle-end id="3925" type="partial gc" contextid="3917" timestamp="2019-06-16T00:36:31.689" />
  <attribute name="elasticGC enabled" value="1" />
  <attribute name= "numThreadsSpecified" value="1" />
  <attribute name="heapSize specified" value="0" />
  <attribute name="Current GC Util" value="69" />
  <attribute name= "Current Time Running" value="21353" />
  <attribute name ="GC Interval" value="0" />
  <attribute name="ProportionalT" value="73.500000" />
  <attribute name="ProportionalI" value="73.500000" />
  <attribute name="ProportionalH" value="73.500000" />
  <attribute name="Current Error" value="49.000000" />
  <attribute name="IntegralT" value="0.000000" />
  <attribute name="IntegralI" value="0.000000" />
  <attribute name="IntegralH" value="0.000000" />
  <attribute name="DerivativeT" value="inf" />
  <attribute name="DerivativeI" value="inf" />
  <attribute name="DerivativeH" value="inf" />
  <attribute name="Loop Time for DT" value="0.000000" />
  <attribute name="Output H" value="8388608"/>
  <attribute name="Output I" value="200"/>
  <attribute name="Output T" value="1"/>
  <attribute name="Target GC Util Change" value ="20.000000" />
  <attribute name="Current GC Util Change" value="69.000000"/>
  <attribute name="GC Util currently" value="69" />
  <attribute name="CPU Util currently" value="19922610901488" />
<exclusive-end id="3926" timestamp="2019-06-16T00:36:31.689" durationms="3.473" />

<exclusive-start id="3927" timestamp="2019-06-16T00:36:31.697" intervalms="11.029">
  <response-info timems="0.078" idlems="0.078" threads="0" lastid="0000000001627700" lastname="main" />
</exclusive-start>
<allocation-taxation id="3928" taxation-threshold="22020096" timestamp="2019-06-16T00:36:31.697" intervalms="11.021" />
<cycle-start id="3929" type="partial gc" contextid="0" timestamp="2019-06-16T00:36:31.697" intervalms="11.036" />
<gc-start id="3930" type="partial gc" contextid="3929" timestamp="2019-06-16T00:36:31.697">
  <mem-info id="3931" free="15728640" total="62914560" percent="25">
    <mem type="eden" free="1048424" total="23068672" percent="4" />
    <remembered-set count="60256" freebytes="2270336" totalbytes="2511360" percent="90" regionsoverflowed="0" regionsstable="10" regionsrebuilding="0"/>
  </mem-info>
</gc-start>
<allocation-stats totalBytes="22001032" >
  <allocated-bytes non-tlh="0" tlh="22001032" arrayletleaf="0"/>
  <largest-consumer threadName="main" threadId="0000000001627700" bytes="22001032" />
</allocation-stats>
<gc-op id="3932" type="copy forward" timems="1.103" contextid="3929" timestamp="2019-06-16T00:36:31.699">
  <memory-copied type="eden" objects="5" bytes="208" bytesdiscarded="0" />
  <memory-copied type="other" objects="0" bytes="0" bytesdiscarded="0" />
  <memory-cardclean objects="16" bytes="520" />
  <regions eden="21" other="1" />
  <remembered-set-cleared processed="59599" cleared="9" durationms="0.430" />
  <stringconstants candidates="13269" cleared="0"  />
</gc-op>
<gc-op id="3933" type="classunload" timems="0.003" contextid="3929" timestamp="2019-06-16T00:36:31.699">
  <classunload-info classloadercandidates="53" classloadersunloaded="0" classesunloaded="0" anonymousclassesunloaded="0" quiescems="0.000" setupms="0.003" scanms="0.000" postms="0.000" />
</gc-op>
<gc-end id="3934" type="partial gc" contextid="3929" durationms="2.262" usertimems="0.000" systemtimems="0.000" timestamp="2019-06-16T00:36:31.700" activeThreads="1">
  <mem-info id="3935" free="37748736" total="62914560" percent="60">
    <mem type="eden" free="1048368" total="1048576" percent="99" />
    <remembered-set count="60736" freebytes="2268416" totalbytes="2511360" percent="90" regionsoverflowed="0" regionsstable="10" regionsrebuilding="0"/>
  </mem-info>
</gc-end>
<cycle-end id="3936" type="partial gc" contextid="3929" timestamp="2019-06-16T00:36:31.700" />
  <attribute name="elasticGC enabled" value="1" />
  <attribute name= "numThreadsSpecified" value="1" />
  <attribute name="heapSize specified" value="0" />
  <attribute name="Current GC Util" value="84" />
  <attribute name= "Current Time Running" value="21364" />
  <attribute name ="GC Interval" value="0" />
  <attribute name="ProportionalT" value="96.000000" />
  <attribute name="ProportionalI" value="96.000000" />
  <attribute name="ProportionalH" value="96.000000" />
  <attribute name="Current Error" value="64.000000" />
  <attribute name="IntegralT" value="0.000000" />
  <attribute name="IntegralI" value="0.000000" />
  <attribute name="IntegralH" value="0.000000" />
  <attribute name="DerivativeT" value="inf" />
  <attribute name="DerivativeI" value="inf" />
  <attribute name="DerivativeH" value="inf" />
  <attribute name="Loop Time for DT" value="0.000000" />
  <attribute name="Output H" value="8388608"/>
  <attribute name="Output I" value="200"/>
  <attribute name="Output T" value="1"/>
  <attribute name="Target GC Util Change" value ="20.000000" />
  <attribute name="Current GC Util Change" value="84.000000"/>
  <attribute name="GC Util currently" value="84" />
  <attribute name="CPU Util currently" value="19286880395719" />
<exclusive-end id="3937" timestamp="2019-06-16T00:36:31.700" durationms="3.281" />

<exclusive-start id="3938" timestamp="2019-06-16T00:36:31.708" intervalms="10.830">
  <response-info timems="0.080" idlems="0.080" threads="0" lastid="0000000001627700" lastname="main" />
</exclusive-start>
<allocation-taxation id="3939" taxation-threshold="22020096" timestamp="2019-06-16T00:36:31.708" intervalms="10.849" />
<cycle-start id="3940" type="partial gc" contextid="0" timestamp="2019-06-16T00:36:31.708" intervalms="10.834" />
<gc-start id="3941" type="partial gc" contextid="3940" timestamp="2019-06-16T00:36:31.708">
  <mem-info id="3942" free="15728640" total="62914560" percent="25">
    <mem type="eden" free="1048368" total="23068672" percent="4" />
    <remembered-set count="60256" freebytes="2270336" totalbytes="2511360" percent="90" regionsoverflowed="0" regionsstable="10" regionsrebuilding="0"/>
  </mem-info>
</gc-start>
<allocation-stats totalBytes="21999984" >
  <allocated-bytes non-tlh="0" tlh="21999984" arrayletleaf="0"/>
  <largest-consumer threadName="main" threadId="0000000001627700" bytes="21999984" />
</allocation-stats>
<gc-op id="3943" type="copy forward" timems="1.131" contextid="3940" timestamp="2019-06-16T00:36:31.710">
  <memory-copied type="eden" objects="5" bytes="216" bytesdiscarded="0" />
  <memory-copied type="other" objects="0" bytes="0" bytesdiscarded="0" />
  <memory-cardclean objects="16" bytes="520" />
  <regions eden="21" other="1" />
  <remembered-set-cleared processed="59598" cleared="8" durationms="0.435" />
  <stringconstants candidates="13269" cleared="0"  />
</gc-op>
<gc-op id="3944" type="classunload" timems="0.003" contextid="3940" timestamp="2019-06-16T00:36:31.710">
  <classunload-info classloadercandidates="53" classloadersunloaded="0" classesunloaded="0" anonymousclassesunloaded="0" quiescems="0.000" setupms="0.003" scanms="0.000" postms="0.000" />
</gc-op>
<gc-end id="3945" type="partial gc" contextid="3940" durationms="2.293" usertimems="4.000" systemtimems="0.000" timestamp="2019-06-16T00:36:31.711" activeThreads="1">
  <mem-info id="3946" free="37748736" total="62914560" percent="60">
    <mem type="eden" free="1048360" total="1048576" percent="99" />
    <remembered-set count="60736" freebytes="2268416" totalbytes="2511360" percent="90" regionsoverflowed="0" regionsstable="10" regionsrebuilding="0"/>
  </mem-info>
</gc-end>
<cycle-end id="3947" type="partial gc" contextid="3940" timestamp="2019-06-16T00:36:31.711" />
  <attribute name="elasticGC enabled" value="1" />
  <attribute name= "numThreadsSpecified" value="1" />
  <attribute name="heapSize specified" value="0" />
  <attribute name="Current GC Util" value="86" />
  <attribute name= "Current Time Running" value="21375" />
  <attribute name ="GC Interval" value="0" />
  <attribute name="ProportionalT" value="99.000000" />
  <attribute name="ProportionalI" value="99.000000" />
  <attribute name="ProportionalH" value="99.000000" />
  <attribute name="Current Error" value="66.000000" />
  <attribute name="IntegralT" value="0.000000" />
  <attribute name="IntegralI" value="0.000000" />
  <attribute name="IntegralH" value="0.000000" />
  <attribute name="DerivativeT" value="inf" />
  <attribute name="DerivativeI" value="inf" />
  <attribute name="DerivativeH" value="inf" />
  <attribute name="Loop Time for DT" value="0.000000" />
  <attribute name="Output H" value="8388608"/>
  <attribute name="Output I" value="200"/>
  <attribute name="Output T" value="1"/>
  <attribute name="Target GC Util Change" value ="20.000000" />
  <attribute name="Current GC Util Change" value="86.000000"/>
  <attribute name="GC Util currently" value="86" />
  <attribute name="CPU Util currently" value="18876756396174" />
<exclusive-end id="3948" timestamp="2019-06-16T00:36:31.711" durationms="3.284" />

<exclusive-start id="3949" timestamp="2019-06-16T00:36:31.725" intervalms="17.407">
  <response-info timems="0.092" idlems="0.092" threads="0" lastid="0000000001627700" lastname="main" />
</exclusive-start>
<allocation-taxation id="3950" taxation-threshold="22020096" timestamp="2019-06-16T00:36:31.725" intervalms="17.380" />
<cycle-start id="3951" type="partial gc" contextid="0" timestamp="2019-06-16T00:36:31.725" intervalms="17.380" />
<gc-start id="3952" type="partial gc" contextid="3951" timestamp="2019-06-16T00:36:31.726">
  <mem-info id="3953" free="15728640" total="62914560" percent="25">
    <mem type="eden" free="1048360" total="23068672" percent="4" />
    <remembered-set count="60256" freebytes="2270336" totalbytes="2511360" percent="90" regionsoverflowed="0" regionsstable="10" regionsrebuilding="0"/>
  </mem-info>
</gc-start>
<allocation-stats totalBytes="22007128" >
  <allocated-bytes non-tlh="0" tlh="22007128" arrayletleaf="0"/>
  <largest-consumer threadName="main" threadId="0000000001627700" bytes="22007128" />
</allocation-stats>
<gc-op id="3954" type="copy forward" timems="1.163" contextid="3951" timestamp="2019-06-16T00:36:31.728">
  <memory-copied type="eden" objects="48" bytes="2176" bytesdiscarded="0" />
  <memory-copied type="other" objects="0" bytes="0" bytesdiscarded="0" />
  <memory-cardclean objects="86" bytes="2520" />
  <regions eden="21" other="1" />
  <remembered-set-cleared processed="59598" cleared="27" durationms="0.446" />
  <stringconstants candidates="13269" cleared="0"  />
</gc-op>
<gc-op id="3955" type="classunload" timems="0.004" contextid="3951" timestamp="2019-06-16T00:36:31.728">
  <classunload-info classloadercandidates="53" classloadersunloaded="0" classesunloaded="0" anonymousclassesunloaded="0" quiescems="0.000" setupms="0.004" scanms="0.000" postms="0.000" />
</gc-op>
<gc-end id="3956" type="partial gc" contextid="3951" durationms="2.305" usertimems="4.000" systemtimems="0.000" timestamp="2019-06-16T00:36:31.728" activeThreads="1">
  <mem-info id="3957" free="37748736" total="62914560" percent="60">
    <mem type="eden" free="1046400" total="1048576" percent="99" />
    <remembered-set count="60640" freebytes="2268800" totalbytes="2511360" percent="90" regionsoverflowed="0" regionsstable="10" regionsrebuilding="0"/>
  </mem-info>
</gc-end>
<cycle-end id="3958" type="partial gc" contextid="3951" timestamp="2019-06-16T00:36:31.728" />
  <attribute name="elasticGC enabled" value="1" />
  <attribute name= "numThreadsSpecified" value="1" />
  <attribute name="heapSize specified" value="0" />
  <attribute name="Current GC Util" value="85" />
  <attribute name= "Current Time Running" value="21392" />
  <attribute name ="GC Interval" value="0" />
  <attribute name="ProportionalT" value="97.500000" />
  <attribute name="ProportionalI" value="97.500000" />
  <attribute name="ProportionalH" value="97.500000" />
  <attribute name="Current Error" value="65.000000" />
  <attribute name="IntegralT" value="0.000000" />
  <attribute name="IntegralI" value="0.000000" />
  <attribute name="IntegralH" value="0.000000" />
  <attribute name="DerivativeT" value="inf" />
  <attribute name="DerivativeI" value="inf" />
  <attribute name="DerivativeH" value="inf" />
  <attribute name="Loop Time for DT" value="0.000000" />
  <attribute name="Output H" value="8388608"/>
  <attribute name="Output I" value="200"/>
  <attribute name="Output T" value="1"/>
  <attribute name="Target GC Util Change" value ="20.000000" />
  <attribute name="Current GC Util Change" value="85.000000"/>
  <attribute name="GC Util currently" value="85" />
  <attribute name="CPU Util currently" value="18938306570599" />
<exclusive-end id="3959" timestamp="2019-06-16T00:36:31.728" durationms="3.414" />

<exclusive-start id="3960" timestamp="2019-06-16T00:36:31.751" intervalms="26.368">
  <response-info timems="0.164" idlems="0.164" threads="0" lastid="0000000001627700" lastname="main" />
</exclusive-start>
<allocation-taxation id="3961" taxation-threshold="22020096" timestamp="2019-06-16T00:36:31.752" intervalms="26.327" />
<cycle-start id="3962" type="partial gc" contextid="0" timestamp="2019-06-16T00:36:31.752" intervalms="26.293" />
<gc-start id="3963" type="partial gc" contextid="3962" timestamp="2019-06-16T00:36:31.752">
  <mem-info id="3964" free="15728640" total="62914560" percent="25">
    <mem type="eden" free="0" total="22020096" percent="0" />
    <remembered-set count="60256" freebytes="2270336" totalbytes="2511360" percent="90" regionsoverflowed="0" regionsstable="10" regionsrebuilding="0"/>
  </mem-info>
</gc-start>
<allocation-stats totalBytes="22015424" >
  <allocated-bytes non-tlh="0" tlh="22015424" arrayletleaf="0"/>
  <largest-consumer threadName="main" threadId="0000000001627700" bytes="22015424" />
</allocation-stats>
<gc-op id="3965" type="copy forward" timems="1.136" contextid="3962" timestamp="2019-06-16T00:36:31.754">
  <memory-copied type="eden" objects="25" bytes="1144" bytesdiscarded="0" />
  <memory-copied type="other" objects="22" bytes="968" bytesdiscarded="0" />
  <memory-cardclean objects="54" bytes="1976" />
  <regions eden="21" other="1" />
  <remembered-set-cleared processed="59605" cleared="34" durationms="0.434" />
  <stringconstants candidates="13269" cleared="0"  />
</gc-op>
<gc-op id="3966" type="classunload" timems="0.003" contextid="3962" timestamp="2019-06-16T00:36:31.754">
  <classunload-info classloadercandidates="53" classloadersunloaded="0" classesunloaded="0" anonymousclassesunloaded="0" quiescems="0.000" setupms="0.003" scanms="0.000" postms="0.000" />
</gc-op>
<heap-resize id="3967" type="expand" space="default" amount="3145728" count="1" timems="0.068" reason="excessive time being spent in gc" timestamp="2019-06-16T00:36:31.754" />
<gc-end id="3968" type="partial gc" contextid="3962" durationms="2.361" usertimems="0.000" systemtimems="0.000" timestamp="2019-06-16T00:36:31.754" activeThreads="1">
  <mem-info id="3969" free="39845888" total="66060288" percent="60">
    <mem type="eden" free="1047432" total="1048576" percent="99" />
    <remembered-set count="60640" freebytes="2394368" totalbytes="2636928" percent="90" regionsoverflowed="0" regionsstable="10" regionsrebuilding="0"/>
  </mem-info>
</gc-end>
<cycle-end id="3970" type="partial gc" contextid="3962" timestamp="2019-06-16T00:36:31.754" />
  <attribute name="elasticGC enabled" value="1" />
  <attribute name= "numThreadsSpecified" value="1" />
  <attribute name="heapSize specified" value="0" />
  <attribute name="Current GC Util" value="72" />
  <attribute name= "Current Time Running" value="21418" />
  <attribute name ="GC Interval" value="0" />
  <attribute name="ProportionalT" value="78.000000" />
  <attribute name="ProportionalI" value="78.000000" />
  <attribute name="ProportionalH" value="78.000000" />
  <attribute name="Current Error" value="52.000000" />
  <attribute name="IntegralT" value="0.000000" />
  <attribute name="IntegralI" value="0.000000" />
  <attribute name="IntegralH" value="0.000000" />
  <attribute name="DerivativeT" value="inf" />
  <attribute name="DerivativeI" value="inf" />
  <attribute name="DerivativeH" value="inf" />
  <attribute name="Loop Time for DT" value="0.000000" />
  <attribute name="Output H" value="8388608"/>
  <attribute name="Output I" value="200"/>
  <attribute name="Output T" value="1"/>
  <attribute name="Target GC Util Change" value ="20.000000" />
  <attribute name="Current GC Util Change" value="72.000000"/>
  <attribute name="GC Util currently" value="72" />
  <attribute name="CPU Util currently" value="20224652650210" />
<exclusive-end id="3971" timestamp="2019-06-16T00:36:31.755" durationms="3.331" />

<exclusive-start id="3972" timestamp="2019-06-16T00:36:31.779" intervalms="27.206">
  <response-info timems="0.089" idlems="0.089" threads="0" lastid="0000000001627700" lastname="main" />
</exclusive-start>
<allocation-taxation id="3973" taxation-threshold="23068672" timestamp="2019-06-16T00:36:31.779" intervalms="27.206" />
<cycle-start id="3974" type="partial gc" contextid="0" timestamp="2019-06-16T00:36:31.779" intervalms="27.249" />
<gc-start id="3975" type="partial gc" contextid="3974" timestamp="2019-06-16T00:36:31.779">
  <mem-info id="3976" free="16777216" total="66060288" percent="25">
    <mem type="eden" free="1047432" total="24117248" percent="4" />
    <remembered-set count="60288" freebytes="2395776" totalbytes="2636928" percent="90" regionsoverflowed="0" regionsstable="10" regionsrebuilding="0"/>
  </mem-info>
</gc-start>
<allocation-stats totalBytes="23063824" >
  <allocated-bytes non-tlh="0" tlh="23063824" arrayletleaf="0"/>
  <largest-consumer threadName="main" threadId="0000000001627700" bytes="23063824" />
</allocation-stats>
<gc-op id="3977" type="copy forward" timems="1.101" contextid="3974" timestamp="2019-06-16T00:36:31.781">
  <memory-copied type="eden" objects="21" bytes="936" bytesdiscarded="0" />
  <memory-copied type="other" objects="0" bytes="0" bytesdiscarded="0" />
  <memory-cardclean objects="14" bytes="512" />
  <regions eden="22" other="1" />
  <remembered-set-cleared processed="59612" cleared="12" durationms="0.423" />
  <stringconstants candidates="13269" cleared="0"  />
</gc-op>
<gc-op id="3978" type="classunload" timems="0.004" contextid="3974" timestamp="2019-06-16T00:36:31.781">
  <classunload-info classloadercandidates="53" classloadersunloaded="0" classesunloaded="0" anonymousclassesunloaded="0" quiescems="0.000" setupms="0.004" scanms="0.000" postms="0.000" />
</gc-op>
<gc-end id="3979" type="partial gc" contextid="3974" durationms="2.120" usertimems="4.000" systemtimems="0.000" timestamp="2019-06-16T00:36:31.781" activeThreads="1">
  <mem-info id="3980" free="39845888" total="66060288" percent="60">
    <mem type="eden" free="1047640" total="1048576" percent="99" />
    <remembered-set count="60768" freebytes="2393856" totalbytes="2636928" percent="90" regionsoverflowed="0" regionsstable="10" regionsrebuilding="0"/>
  </mem-info>
</gc-end>
<cycle-end id="3981" type="partial gc" contextid="3974" timestamp="2019-06-16T00:36:31.781" />
  <attribute name="elasticGC enabled" value="1" />
  <attribute name= "numThreadsSpecified" value="1" />
  <attribute name="heapSize specified" value="0" />
  <attribute name="Current GC Util" value="69" />
  <attribute name= "Current Time Running" value="21446" />
  <attribute name ="GC Interval" value="0" />
  <attribute name="ProportionalT" value="73.500000" />
  <attribute name="ProportionalI" value="73.500000" />
  <attribute name="ProportionalH" value="73.500000" />
  <attribute name="Current Error" value="49.000000" />
  <attribute name="IntegralT" value="0.000000" />
  <attribute name="IntegralI" value="0.000000" />
  <attribute name="IntegralH" value="0.000000" />
  <attribute name="DerivativeT" value="inf" />
  <attribute name="DerivativeI" value="inf" />
  <attribute name="DerivativeH" value="inf" />
  <attribute name="Loop Time for DT" value="0.000000" />
  <attribute name="Output H" value="8388608"/>
  <attribute name="Output I" value="200"/>
  <attribute name="Output T" value="1"/>
  <attribute name="Target GC Util Change" value ="20.000000" />
  <attribute name="Current GC Util Change" value="69.000000"/>
  <attribute name="GC Util currently" value="69" />
  <attribute name="CPU Util currently" value="20173163190672" />
<exclusive-end id="3982" timestamp="2019-06-16T00:36:31.782" durationms="3.110" />

<exclusive-start id="3983" timestamp="2019-06-16T00:36:31.806" intervalms="26.937">
  <response-info timems="0.110" idlems="0.110" threads="0" lastid="0000000001627700" lastname="main" />
</exclusive-start>
<allocation-taxation id="3984" taxation-threshold="23068672" timestamp="2019-06-16T00:36:31.806" intervalms="26.946" />
<cycle-start id="3985" type="partial gc" contextid="0" timestamp="2019-06-16T00:36:31.806" intervalms="26.928" />
<gc-start id="3986" type="partial gc" contextid="3985" timestamp="2019-06-16T00:36:31.806">
  <mem-info id="3987" free="16777216" total="66060288" percent="25">
    <mem type="eden" free="1047640" total="24117248" percent="4" />
    <remembered-set count="60288" freebytes="2395776" totalbytes="2636928" percent="90" regionsoverflowed="0" regionsstable="10" regionsrebuilding="0"/>
  </mem-info>
</gc-start>
<allocation-stats totalBytes="23063560" >
  <allocated-bytes non-tlh="0" tlh="23063560" arrayletleaf="0"/>
  <largest-consumer threadName="main" threadId="0000000001627700" bytes="23063560" />
</allocation-stats>
<gc-op id="3988" type="copy forward" timems="1.112" contextid="3985" timestamp="2019-06-16T00:36:31.808">
  <memory-copied type="eden" objects="14" bytes="584" bytesdiscarded="0" />
  <memory-copied type="other" objects="0" bytes="0" bytesdiscarded="0" />
  <memory-cardclean objects="14" bytes="512" />
  <regions eden="22" other="1" />
  <remembered-set-cleared processed="59608" cleared="8" durationms="0.416" />
  <stringconstants candidates="13269" cleared="0"  />
</gc-op>
<gc-op id="3989" type="classunload" timems="0.004" contextid="3985" timestamp="2019-06-16T00:36:31.808">
  <classunload-info classloadercandidates="53" classloadersunloaded="0" classesunloaded="0" anonymousclassesunloaded="0" quiescems="0.000" setupms="0.004" scanms="0.000" postms="0.000" />
</gc-op>
<gc-end id="3990" type="partial gc" contextid="3985" durationms="2.268" usertimems="0.000" systemtimems="0.000" timestamp="2019-06-16T00:36:31.808" activeThreads="1">
  <mem-info id="3991" free="39845888" total="66060288" percent="60">
    <mem type="eden" free="1047992" total="1048576" percent="99" />
    <remembered-set count="60768" freebytes="2393856" totalbytes="2636928" percent="90" regionsoverflowed="0" regionsstable="10" regionsrebuilding="0"/>
  </mem-info>
</gc-end>
<cycle-end id="3992" type="partial gc" contextid="3985" timestamp="2019-06-16T00:36:31.809" />
  <attribute name="elasticGC enabled" value="1" />
  <attribute name= "numThreadsSpecified" value="1" />
  <attribute name="heapSize specified" value="0" />
  <attribute name="Current GC Util" value="80" />
  <attribute name= "Current Time Running" value="21473" />
  <attribute name ="GC Interval" value="0" />
  <attribute name="ProportionalT" value="90.000000" />
  <attribute name="ProportionalI" value="90.000000" />
  <attribute name="ProportionalH" value="90.000000" />
  <attribute name="Current Error" value="60.000000" />
  <attribute name="IntegralT" value="0.000000" />
  <attribute name="IntegralI" value="0.000000" />
  <attribute name="IntegralH" value="0.000000" />
  <attribute name="DerivativeT" value="inf" />
  <attribute name="DerivativeI" value="inf" />
  <attribute name="DerivativeH" value="inf" />
  <attribute name="Loop Time for DT" value="0.000000" />
  <attribute name="Output H" value="8388608"/>
  <attribute name="Output I" value="200"/>
  <attribute name="Output T" value="1"/>
  <attribute name="Target GC Util Change" value ="20.000000" />
  <attribute name="Current GC Util Change" value="80.000000"/>
  <attribute name="GC Util currently" value="80" />
  <attribute name="CPU Util currently" value="19212716464614" />
<exclusive-end id="3993" timestamp="2019-06-16T00:36:31.809" durationms="3.341" />

<exclusive-start id="3994" timestamp="2019-06-16T00:36:31.984" intervalms="178.503">
  <response-info timems="0.059" idlems="0.059" threads="0" lastid="0000000001627700" lastname="main" />
</exclusive-start>
<allocation-taxation id="3995" taxation-threshold="23068672" timestamp="2019-06-16T00:36:31.984" intervalms="178.637" />
<cycle-start id="3996" type="partial gc" contextid="0" timestamp="2019-06-16T00:36:31.985" intervalms="178.665" />
<gc-start id="3997" type="partial gc" contextid="3996" timestamp="2019-06-16T00:36:31.985">
  <mem-info id="3998" free="16777216" total="66060288" percent="25">
    <mem type="eden" free="1047992" total="24117248" percent="4" />
    <remembered-set count="60288" freebytes="2395776" totalbytes="2636928" percent="90" regionsoverflowed="0" regionsstable="10" regionsrebuilding="0"/>
  </mem-info>
</gc-start>
<allocation-stats totalBytes="22111808" >
  <allocated-bytes non-tlh="0" tlh="22111808" arrayletleaf="0"/>
  <largest-consumer threadName="main" threadId="0000000001627700" bytes="22111808" />
</allocation-stats>
<gc-op id="3999" type="copy forward" timems="1.496" contextid="3996" timestamp="2019-06-16T00:36:31.987">
  <memory-copied type="eden" objects="97" bytes="28896" bytesdiscarded="3664" />
  <memory-copied type="other" objects="0" bytes="0" bytesdiscarded="0" />
  <memory-cardclean objects="118" bytes="3320" />
  <regions eden="22" other="1" />
  <remembered-set-cleared processed="59607" cleared="30" durationms="0.222" />
  <stringconstants candidates="13269" cleared="0"  />
</gc-op>
<gc-op id="4000" type="classunload" timems="0.004" contextid="3996" timestamp="2019-06-16T00:36:31.987">
  <classunload-info classloadercandidates="53" classloadersunloaded="0" classesunloaded="0" anonymousclassesunloaded="0" quiescems="0.000" setupms="0.004" scanms="0.000" postms="0.000" />
</gc-op>
<heap-resize id="4001" type="contract" space="default" amount="4194304" count="1" timems="0.059" reason="insufficient time being spent in gc" timestamp="2019-06-16T00:36:31.988" />
<gc-end id="4002" type="partial gc" contextid="3996" durationms="2.817" usertimems="4.000" systemtimems="0.000" timestamp="2019-06-16T00:36:31.988" activeThreads="4">
  <mem-info id="4003" free="35651584" total="61865984" percent="57">
    <mem type="eden" free="1016016" total="1048576" percent="96" />
    <remembered-set count="61696" freebytes="2390144" totalbytes="2636928" percent="90" regionsoverflowed="0" regionsstable="10" regionsrebuilding="0"/>
  </mem-info>
</gc-end>
<cycle-end id="4004" type="partial gc" contextid="3996" timestamp="2019-06-16T00:36:31.988" />
  <attribute name="elasticGC enabled" value="1" />
  <attribute name= "numThreadsSpecified" value="4" />
  <attribute name="heapSize specified" value="0" />
  <attribute name="Current GC Util" value="71" />
  <attribute name= "Current Time Running" value="21652" />
  <attribute name ="GC Interval" value="0" />
  <attribute name="ProportionalT" value="76.500000" />
  <attribute name="ProportionalI" value="76.500000" />
  <attribute name="ProportionalH" value="76.500000" />
  <attribute name="Current Error" value="51.000000" />
  <attribute name="IntegralT" value="51.000000" />
  <attribute name="IntegralI" value="51.000000" />
  <attribute name="IntegralH" value="51.000000" />
  <attribute name="DerivativeT" value="25.500000" />
  <attribute name="DerivativeI" value="25.500000" />
  <attribute name="DerivativeH" value="25.500000" />
  <attribute name="Loop Time for DT" value="1.000000" />
  <attribute name="Output H" value="8388608"/>
  <attribute name="Output I" value="200"/>
  <attribute name="Output T" value="4"/>
  <attribute name="Target GC Util Change" value ="20.000000" />
  <attribute name="Current GC Util Change" value="71.000000"/>
  <attribute name="GC Util currently" value="71" />
  <attribute name="CPU Util currently" value="16731740484707" />
<exclusive-end id="4005" timestamp="2019-06-16T00:36:31.988" durationms="4.370" />

<exclusive-start id="4006" timestamp="2019-06-16T00:36:31.992" intervalms="7.649">
  <response-info timems="0.090" idlems="0.090" threads="0" lastid="0000000001627700" lastname="main" />
</exclusive-start>
<allocation-taxation id="4007" taxation-threshold="22020096" timestamp="2019-06-16T00:36:31.992" intervalms="7.591" />
<cycle-start id="4008" type="partial gc" contextid="0" timestamp="2019-06-16T00:36:31.992" intervalms="7.512" />
<gc-start id="4009" type="partial gc" contextid="4008" timestamp="2019-06-16T00:36:31.992">
  <mem-info id="4010" free="13631488" total="61865984" percent="22">
    <mem type="eden" free="0" total="22020096" percent="0" />
    <remembered-set count="20256" freebytes="2555904" totalbytes="2636928" percent="96" regionsoverflowed="0" regionsstable="15" regionsrebuilding="0"/>
  </mem-info>
</gc-start>
<allocation-stats totalBytes="20593896" >
  <allocated-bytes non-tlh="0" tlh="20593896" arrayletleaf="0"/>
  <largest-consumer threadName="main" threadId="0000000001627700" bytes="20593896" />
</allocation-stats>
<gc-op id="4011" type="copy forward" timems="1.597" contextid="4008" timestamp="2019-06-16T00:36:31.995">
  <memory-copied type="eden" objects="11" bytes="13752" bytesdiscarded="1144" />
  <memory-copied type="other" objects="86" bytes="3408" bytesdiscarded="256" />
  <memory-cardclean objects="79" bytes="2664" />
  <regions eden="21" other="1" />
  <remembered-set-cleared processed="18809" cleared="23" durationms="0.202" />
  <stringconstants candidates="13269" cleared="0"  />
</gc-op>
<gc-op id="4012" type="classunload" timems="0.003" contextid="4008" timestamp="2019-06-16T00:36:31.995">
  <classunload-info classloadercandidates="53" classloadersunloaded="0" classesunloaded="0" anonymousclassesunloaded="0" quiescems="0.000" setupms="0.003" scanms="0.000" postms="0.000" />
</gc-op>
<heap-resize id="4013" type="contract" space="default" amount="3145728" count="1" timems="0.049" reason="insufficient time being spent in gc" timestamp="2019-06-16T00:36:31.995" />
<gc-end id="4014" type="partial gc" contextid="4008" durationms="2.898" usertimems="4.000" systemtimems="0.000" timestamp="2019-06-16T00:36:31.995" activeThreads="4">
  <mem-info id="4015" free="31457280" total="58720256" percent="53">
    <mem type="eden" free="1033680" total="1048576" percent="98" />
    <remembered-set count="21152" freebytes="2384896" totalbytes="2469504" percent="96" regionsoverflowed="0" regionsstable="15" regionsrebuilding="0"/>
  </mem-info>
</gc-end>
<cycle-end id="4016" type="partial gc" contextid="4008" timestamp="2019-06-16T00:36:31.995" />
  <attribute name="elasticGC enabled" value="1" />
  <attribute name= "numThreadsSpecified" value="4" />
  <attribute name="heapSize specified" value="0" />
  <attribute name="Current GC Util" value="44" />
  <attribute name= "Current Time Running" value="21659" />
  <attribute name ="GC Interval" value="0" />
  <attribute name="ProportionalT" value="36.000000" />
  <attribute name="ProportionalI" value="36.000000" />
  <attribute name="ProportionalH" value="36.000000" />
  <attribute name="Current Error" value="24.000000" />
  <attribute name="IntegralT" value="0.000000" />
  <attribute name="IntegralI" value="0.000000" />
  <attribute name="IntegralH" value="0.000000" />
  <attribute name="DerivativeT" value="-inf" />
  <attribute name="DerivativeI" value="-inf" />
  <attribute name="DerivativeH" value="-inf" />
  <attribute name="Loop Time for DT" value="0.000000" />
  <attribute name="Output H" value="2091843584"/>
  <attribute name="Output I" value="200"/>
  <attribute name="Output T" value="4"/>
  <attribute name="Target GC Util Change" value ="20.000000" />
  <attribute name="Current GC Util Change" value="44.000000"/>
  <attribute name="GC Util currently" value="44" />
  <attribute name="CPU Util currently" value="10687791798626" />
<exclusive-end id="4017" timestamp="2019-06-16T00:36:31.996" durationms="3.962" />

<exclusive-start id="4018" timestamp="2019-06-16T00:36:31.999" intervalms="6.906">
  <response-info timems="0.098" idlems="0.098" threads="0" lastid="0000000001627700" lastname="main" />
</exclusive-start>
<allocation-taxation id="4019" taxation-threshold="20971520" timestamp="2019-06-16T00:36:31.999" intervalms="6.865" />
<cycle-start id="4020" type="partial gc" contextid="0" timestamp="2019-06-16T00:36:31.999" intervalms="6.892" />
<gc-start id="4021" type="partial gc" contextid="4020" timestamp="2019-06-16T00:36:31.999">
  <mem-info id="4022" free="10485760" total="58720256" percent="17">
    <mem type="eden" free="1033680" total="22020096" percent="4" />
    <remembered-set count="20768" freebytes="2386432" totalbytes="2469504" percent="96" regionsoverflowed="0" regionsstable="15" regionsrebuilding="0"/>
  </mem-info>
</gc-start>
<allocation-stats totalBytes="19625488" >
  <allocated-bytes non-tlh="0" tlh="19625488" arrayletleaf="0"/>
  <largest-consumer threadName="main" threadId="0000000001627700" bytes="19625488" />
</allocation-stats>
<gc-op id="4023" type="copy forward" timems="1.630" contextid="4020" timestamp="2019-06-16T00:36:32.002">
  <memory-copied type="eden" objects="10" bytes="18216" bytesdiscarded="920" />
  <memory-copied type="other" objects="0" bytes="0" bytesdiscarded="0" />
  <memory-cardclean objects="15" bytes="616" />
  <regions eden="20" other="1" />
  <remembered-set-cleared processed="18821" cleared="5" durationms="0.200" />
  <stringconstants candidates="13269" cleared="0"  />
</gc-op>
<gc-op id="4024" type="classunload" timems="0.003" contextid="4020" timestamp="2019-06-16T00:36:32.002">
  <classunload-info classloadercandidates="53" classloadersunloaded="0" classesunloaded="0" anonymousclassesunloaded="0" quiescems="0.000" setupms="0.003" scanms="0.000" postms="0.000" />
</gc-op>
<gc-end id="4025" type="partial gc" contextid="4020" durationms="2.936" usertimems="4.000" systemtimems="0.000" timestamp="2019-06-16T00:36:32.002" activeThreads="4">
  <mem-info id="4026" free="31457280" total="58720256" percent="53">
    <mem type="eden" free="1029440" total="1048576" percent="98" />
    <remembered-set count="20512" freebytes="2261888" totalbytes="2343936" percent="96" regionsoverflowed="0" regionsstable="15" regionsrebuilding="0"/>
  </mem-info>
</gc-end>
<cycle-end id="4027" type="partial gc" contextid="4020" timestamp="2019-06-16T00:36:32.002" />
  <attribute name="elasticGC enabled" value="1" />
  <attribute name= "numThreadsSpecified" value="4" />
  <attribute name="heapSize specified" value="0" />
  <attribute name="Current GC Util" value="48" />
  <attribute name= "Current Time Running" value="21666" />
  <attribute name ="GC Interval" value="0" />
  <attribute name="ProportionalT" value="42.000000" />
  <attribute name="ProportionalI" value="42.000000" />
  <attribute name="ProportionalH" value="42.000000" />
  <attribute name="Current Error" value="28.000000" />
  <attribute name="IntegralT" value="0.000000" />
  <attribute name="IntegralI" value="0.000000" />
  <attribute name="IntegralH" value="0.000000" />
  <attribute name="DerivativeT" value="-inf" />
  <attribute name="DerivativeI" value="-inf" />
  <attribute name="DerivativeH" value="-inf" />
  <attribute name="Loop Time for DT" value="0.000000" />
  <attribute name="Output H" value="2091843584"/>
  <attribute name="Output I" value="200"/>
  <attribute name="Output T" value="4"/>
  <attribute name="Target GC Util Change" value ="20.000000" />
  <attribute name="Current GC Util Change" value="48.000000"/>
  <attribute name="GC Util currently" value="48" />
  <attribute name="CPU Util currently" value="10536468833667" />
<exclusive-end id="4028" timestamp="2019-06-16T00:36:32.003" durationms="3.988" />

<exclusive-start id="4029" timestamp="2019-06-16T00:36:32.004" intervalms="5.572">
  <response-info timems="0.086" idlems="0.086" threads="0" lastid="0000000001627700" lastname="main" />
</exclusive-start>
<allocation-taxation id="4030" taxation-threshold="10485760" timestamp="2019-06-16T00:36:32.004" intervalms="5.568" />
<cycle-start id="4031" type="global mark phase" contextid="0" timestamp="2019-06-16T00:36:32.004" intervalms="544.876" />
<gc-start id="4032" type="global mark phase" contextid="4031" timestamp="2019-06-16T00:36:32.005">
  <mem-info id="4033" free="20971520" total="58720256" percent="35">
    <remembered-set count="20032" freebytes="2263808" totalbytes="2343936" percent="96" regionsoverflowed="0" regionsstable="15" regionsrebuilding="0"/>
  </mem-info>
</gc-start>
<gc-op id="4034" type="mark increment" timems="1.165" contextid="4031" timestamp="2019-06-16T00:36:32.006">
  <trace-info objectcount="9735" scancount="3152" scanbytes="115828" />
</gc-op>
<gc-end id="4035" type="global mark phase" contextid="4031" durationms="1.495" usertimems="0.000" systemtimems="0.000" timestamp="2019-06-16T00:36:32.006" activeThreads="4">
  <mem-info id="4036" free="20971520" total="58720256" percent="35">
    <remembered-set count="21568" freebytes="2257664" totalbytes="2343936" percent="96" regionsoverflowed="0" regionsstable="0" regionsrebuilding="15"/>
  </mem-info>
</gc-end>
<concurrent-start id="4037" type="GMP work packet processing" contextid="4031" timestamp="2019-06-16T00:36:32.006">
  <concurrent-mark-start scanTarget="1399785" />
</concurrent-start>
<exclusive-end id="4038" timestamp="2019-06-16T00:36:32.008" durationms="3.573" />

<concurrent-end id="4039" type="GMP work packet processing" contextid="4031" timestamp="2019-06-16T00:36:32.008">
  <concurrent-mark-end bytesScanned="1451944" reasonForTermination="Work target met" />
</concurrent-end>

<exclusive-start id="4040" timestamp="2019-06-16T00:36:32.054" intervalms="49.946">
  <response-info timems="0.117" idlems="0.117" threads="0" lastid="0000000001627700" lastname="main" />
</exclusive-start>
<allocation-taxation id="4041" taxation-threshold="10485760" timestamp="2019-06-16T00:36:32.054" intervalms="49.940" />
<cycle-start id="4042" type="partial gc" contextid="0" timestamp="2019-06-16T00:36:32.054" intervalms="55.473" />
<gc-start id="4043" type="partial gc" contextid="4042" timestamp="2019-06-16T00:36:32.055">
  <mem-info id="4044" free="10485760" total="58720256" percent="17">
    <mem type="eden" free="1029440" total="22020096" percent="4" />
    <remembered-set count="32608" freebytes="2213504" totalbytes="2343936" percent="94" regionsoverflowed="0" regionsstable="0" regionsrebuilding="15"/>
  </mem-info>
</gc-start>
<allocation-stats totalBytes="20418448" >
  <allocated-bytes non-tlh="0" tlh="20418448" arrayletleaf="0"/>
  <largest-consumer threadName="main" threadId="0000000001627700" bytes="10485320" />
</allocation-stats>
<gc-op id="4045" type="copy forward" timems="1.368" contextid="4042" timestamp="2019-06-16T00:36:32.057">
  <memory-copied type="eden" objects="139" bytes="47312" bytesdiscarded="0" />
  <memory-copied type="other" objects="0" bytes="0" bytesdiscarded="0" />
  <memory-cardclean objects="72" bytes="2424" />
  <regions eden="20" other="1" />
  <remembered-set-cleared processed="30439" cleared="35" durationms="0.324" />
  <stringconstants candidates="13269" cleared="0"  />
</gc-op>
<gc-op id="4046" type="classunload" timems="0.004" contextid="4042" timestamp="2019-06-16T00:36:32.057">
  <classunload-info classloadercandidates="53" classloadersunloaded="0" classesunloaded="0" anonymousclassesunloaded="0" quiescems="0.000" setupms="0.004" scanms="0.000" postms="0.000" />
</gc-op>
<heap-resize id="4047" type="expand" space="default" amount="9437184" count="1" timems="0.068" reason="excessive time being spent in gc" timestamp="2019-06-16T00:36:32.057" />
<gc-end id="4048" type="partial gc" contextid="4042" durationms="2.629" usertimems="0.000" systemtimems="0.000" timestamp="2019-06-16T00:36:32.057" activeThreads="1">
  <mem-info id="4049" free="40894464" total="68157440" percent="60">
    <mem type="eden" free="1001264" total="1048576" percent="95" />
    <remembered-set count="32896" freebytes="2589056" totalbytes="2720640" percent="95" regionsoverflowed="0" regionsstable="0" regionsrebuilding="15"/>
  </mem-info>
</gc-end>
<cycle-end id="4050" type="partial gc" contextid="4042" timestamp="2019-06-16T00:36:32.057" />
  <attribute name="elasticGC enabled" value="1" />
  <attribute name= "numThreadsSpecified" value="1" />
  <attribute name="heapSize specified" value="0" />
  <attribute name="Current GC Util" value="73" />
  <attribute name= "Current Time Running" value="21721" />
  <attribute name ="GC Interval" value="0" />
  <attribute name="ProportionalT" value="79.500000" />
  <attribute name="ProportionalI" value="79.500000" />
  <attribute name="ProportionalH" value="79.500000" />
  <attribute name="Current Error" value="53.000000" />
  <attribute name="IntegralT" value="0.000000" />
  <attribute name="IntegralI" value="0.000000" />
  <attribute name="IntegralH" value="0.000000" />
  <attribute name="DerivativeT" value="inf" />
  <attribute name="DerivativeI" value="inf" />
  <attribute name="DerivativeH" value="inf" />
  <attribute name="Loop Time for DT" value="0.000000" />
  <attribute name="Output H" value="8388608"/>
  <attribute name="Output I" value="200"/>
  <attribute name="Output T" value="1"/>
  <attribute name="Target GC Util Change" value ="20.000000" />
  <attribute name="Current GC Util Change" value="73.000000"/>
  <attribute name="GC Util currently" value="73" />
  <attribute name="CPU Util currently" value="19515655357763" />
<exclusive-end id="4051" timestamp="2019-06-16T00:36:32.058" durationms="3.558" />

<exclusive-start id="4052" timestamp="2019-06-16T00:36:32.147" intervalms="92.635">
  <response-info timems="0.105" idlems="0.105" threads="0" lastid="0000000001627700" lastname="main" />
</exclusive-start>
<allocation-taxation id="4053" taxation-threshold="11534336" timestamp="2019-06-16T00:36:32.147" intervalms="92.625" />
<gc-start id="4054" type="global mark phase" contextid="4031" timestamp="2019-06-16T00:36:32.147">
  <mem-info id="4055" free="29360128" total="68157440" percent="43">
    <remembered-set count="32512" freebytes="2590592" totalbytes="2720640" percent="95" regionsoverflowed="0" regionsstable="0" regionsrebuilding="15"/>
  </mem-info>
</gc-start>
<gc-end id="4056" type="global mark phase" contextid="4031" durationms="0.144" usertimems="0.000" systemtimems="0.000" timestamp="2019-06-16T00:36:32.147" activeThreads="1">
  <mem-info id="4057" free="29360128" total="68157440" percent="43">
    <remembered-set count="32512" freebytes="2590592" totalbytes="2720640" percent="95" regionsoverflowed="0" regionsstable="0" regionsrebuilding="15"/>
  </mem-info>
</gc-end>
<concurrent-start id="4058" type="GMP work packet processing" contextid="4031" timestamp="2019-06-16T00:36:32.148">
  <concurrent-mark-start scanTarget="1049838" />
</concurrent-start>
<exclusive-end id="4059" timestamp="2019-06-16T00:36:32.148" durationms="1.770" />

<concurrent-end id="4060" type="GMP work packet processing" contextid="4031" timestamp="2019-06-16T00:36:32.149">
  <concurrent-mark-end bytesScanned="1089036" reasonForTermination="Work target met" />
</concurrent-end>

<exclusive-start id="4061" timestamp="2019-06-16T00:36:32.156" intervalms="9.398">
  <response-info timems="0.074" idlems="0.074" threads="0" lastid="0000000001627700" lastname="main" />
</exclusive-start>
<allocation-taxation id="4062" taxation-threshold="11534336" timestamp="2019-06-16T00:36:32.156" intervalms="9.329" />
<cycle-start id="4063" type="partial gc" contextid="0" timestamp="2019-06-16T00:36:32.156" intervalms="101.915" />
<gc-start id="4064" type="partial gc" contextid="4063" timestamp="2019-06-16T00:36:32.157">
  <mem-info id="4065" free="17825792" total="68157440" percent="26">
    <mem type="eden" free="0" total="23068672" percent="0" />
    <remembered-set count="41632" freebytes="2554112" totalbytes="2720640" percent="93" regionsoverflowed="0" regionsstable="0" regionsrebuilding="15"/>
  </mem-info>
</gc-start>
<allocation-stats totalBytes="23065928" >
  <allocated-bytes non-tlh="0" tlh="23065928" arrayletleaf="0"/>
  <largest-consumer threadName="main" threadId="0000000001627700" bytes="11532848" />
</allocation-stats>
<gc-op id="4066" type="copy forward" timems="1.358" contextid="4063" timestamp="2019-06-16T00:36:32.158">
  <memory-copied type="eden" objects="35" bytes="1048" bytesdiscarded="0" />
  <memory-copied type="other" objects="14" bytes="40120" bytesdiscarded="0" />
  <memory-cardclean objects="103" bytes="3248" />
  <regions eden="22" other="1" />
  <remembered-set-cleared processed="39849" cleared="53" durationms="0.346" />
  <stringconstants candidates="13269" cleared="0"  />
</gc-op>
<gc-op id="4067" type="classunload" timems="0.003" contextid="4063" timestamp="2019-06-16T00:36:32.159">
  <classunload-info classloadercandidates="53" classloadersunloaded="0" classesunloaded="0" anonymousclassesunloaded="0" quiescems="0.000" setupms="0.003" scanms="0.000" postms="0.000" />
</gc-op>
<gc-end id="4068" type="partial gc" contextid="4063" durationms="2.280" usertimems="4.000" systemtimems="0.000" timestamp="2019-06-16T00:36:32.159" activeThreads="1">
  <mem-info id="4069" free="39845888" total="68157440" percent="58">
    <mem type="eden" free="1047528" total="1048576" percent="99" />
    <remembered-set count="42080" freebytes="2552320" totalbytes="2720640" percent="93" regionsoverflowed="0" regionsstable="0" regionsrebuilding="15"/>
  </mem-info>
</gc-end>
<cycle-end id="4070" type="partial gc" contextid="4063" timestamp="2019-06-16T00:36:32.159" />
  <attribute name="elasticGC enabled" value="1" />
  <attribute name= "numThreadsSpecified" value="1" />
  <attribute name="heapSize specified" value="0" />
  <attribute name="Current GC Util" value="70" />
  <attribute name= "Current Time Running" value="21823" />
  <attribute name ="GC Interval" value="0" />
  <attribute name="ProportionalT" value="75.000000" />
  <attribute name="ProportionalI" value="75.000000" />
  <attribute name="ProportionalH" value="75.000000" />
  <attribute name="Current Error" value="50.000000" />
  <attribute name="IntegralT" value="0.000000" />
  <attribute name="IntegralI" value="0.000000" />
  <attribute name="IntegralH" value="0.000000" />
  <attribute name="DerivativeT" value="inf" />
  <attribute name="DerivativeI" value="inf" />
  <attribute name="DerivativeH" value="inf" />
  <attribute name="Loop Time for DT" value="0.000000" />
  <attribute name="Output H" value="8388608"/>
  <attribute name="Output I" value="200"/>
  <attribute name="Output T" value="1"/>
  <attribute name="Target GC Util Change" value ="20.000000" />
  <attribute name="Current GC Util Change" value="70.000000"/>
  <attribute name="GC Util currently" value="70" />
  <attribute name="CPU Util currently" value="23787026473430" />
<exclusive-end id="4071" timestamp="2019-06-16T00:36:32.159" durationms="2.980" />

<exclusive-start id="4072" timestamp="2019-06-16T00:36:32.166" intervalms="10.331">
  <response-info timems="0.090" idlems="0.090" threads="0" lastid="0000000001627700" lastname="main" />
</exclusive-start>
<allocation-taxation id="4073" taxation-threshold="11534336" timestamp="2019-06-16T00:36:32.167" intervalms="10.346" />
<gc-start id="4074" type="global mark phase" contextid="4031" timestamp="2019-06-16T00:36:32.167">
  <mem-info id="4075" free="28311552" total="68157440" percent="41">
    <remembered-set count="41664" freebytes="2553984" totalbytes="2720640" percent="93" regionsoverflowed="0" regionsstable="0" regionsrebuilding="15"/>
  </mem-info>
</gc-start>
<gc-end id="4076" type="global mark phase" contextid="4031" durationms="0.087" usertimems="0.000" systemtimems="0.000" timestamp="2019-06-16T00:36:32.167" activeThreads="1">
  <mem-info id="4077" free="28311552" total="68157440" percent="41">
    <remembered-set count="41664" freebytes="2553984" totalbytes="2720640" percent="93" regionsoverflowed="0" regionsstable="0" regionsrebuilding="15"/>
  </mem-info>
</gc-end>
<concurrent-start id="4078" type="GMP work packet processing" contextid="4031" timestamp="2019-06-16T00:36:32.167">
  <concurrent-mark-start scanTarget="1048576" />
</concurrent-start>
<exclusive-end id="4079" timestamp="2019-06-16T00:36:32.168" durationms="1.286" />

<concurrent-end id="4080" type="GMP work packet processing" contextid="4031" timestamp="2019-06-16T00:36:32.168">
  <concurrent-mark-end bytesScanned="1090604" reasonForTermination="Work target met" />
</concurrent-end>

<exclusive-start id="4081" timestamp="2019-06-16T00:36:32.175" intervalms="8.883">
  <response-info timems="0.071" idlems="0.071" threads="0" lastid="0000000001627700" lastname="main" />
</exclusive-start>
<allocation-taxation id="4082" taxation-threshold="11534336" timestamp="2019-06-16T00:36:32.175" intervalms="8.900" />
<cycle-start id="4083" type="partial gc" contextid="0" timestamp="2019-06-16T00:36:32.176" intervalms="19.338" />
<gc-start id="4084" type="partial gc" contextid="4083" timestamp="2019-06-16T00:36:32.176">
  <mem-info id="4085" free="16777216" total="68157440" percent="24">
    <mem type="eden" free="0" total="23068672" percent="0" />
    <remembered-set count="49312" freebytes="2523392" totalbytes="2720640" percent="92" regionsoverflowed="0" regionsstable="0" regionsrebuilding="15"/>
  </mem-info>
</gc-start>
<allocation-stats totalBytes="23066088" >
  <allocated-bytes non-tlh="0" tlh="23066088" arrayletleaf="0"/>
  <largest-consumer threadName="main" threadId="0000000001627700" bytes="11533048" />
</allocation-stats>
<gc-op id="4086" type="copy forward" timems="1.232" contextid="4083" timestamp="2019-06-16T00:36:32.178">
  <memory-copied type="eden" objects="1" bytes="24" bytesdiscarded="0" />
  <memory-copied type="other" objects="34" bytes="1024" bytesdiscarded="0" />
  <memory-cardclean objects="76" bytes="2448" />
  <regions eden="22" other="1" />
  <remembered-set-cleared processed="46630" cleared="37" durationms="0.376" />
  <stringconstants candidates="13269" cleared="0"  />
</gc-op>
<gc-op id="4087" type="classunload" timems="0.004" contextid="4083" timestamp="2019-06-16T00:36:32.178">
  <classunload-info classloadercandidates="53" classloadersunloaded="0" classesunloaded="0" anonymousclassesunloaded="0" quiescems="0.000" setupms="0.003" scanms="0.000" postms="0.000" />
</gc-op>
<heap-resize id="4088" type="expand" space="default" amount="5242880" count="1" timems="0.056" reason="excessive time being spent in gc" timestamp="2019-06-16T00:36:32.178" />
<gc-end id="4089" type="partial gc" contextid="4083" durationms="2.344" usertimems="0.000" systemtimems="0.000" timestamp="2019-06-16T00:36:32.178" activeThreads="1">
  <mem-info id="4090" free="44040192" total="73400320" percent="60">
    <mem type="eden" free="1048552" total="1048576" percent="99" />
    <remembered-set count="49728" freebytes="2731008" totalbytes="2929920" percent="93" regionsoverflowed="0" regionsstable="0" regionsrebuilding="15"/>
  </mem-info>
</gc-end>
<cycle-end id="4091" type="partial gc" contextid="4083" timestamp="2019-06-16T00:36:32.178" />
  <attribute name="elasticGC enabled" value="1" />
  <attribute name= "numThreadsSpecified" value="1" />
  <attribute name="heapSize specified" value="0" />
  <attribute name="Current GC Util" value="65" />
  <attribute name= "Current Time Running" value="21842" />
  <attribute name ="GC Interval" value="0" />
  <attribute name="ProportionalT" value="67.500000" />
  <attribute name="ProportionalI" value="67.500000" />
  <attribute name="ProportionalH" value="67.500000" />
  <attribute name="Current Error" value="45.000000" />
  <attribute name="IntegralT" value="0.000000" />
  <attribute name="IntegralI" value="0.000000" />
  <attribute name="IntegralH" value="0.000000" />
  <attribute name="DerivativeT" value="inf" />
  <attribute name="DerivativeI" value="inf" />
  <attribute name="DerivativeH" value="inf" />
  <attribute name="Loop Time for DT" value="0.000000" />
  <attribute name="Output H" value="8388608"/>
  <attribute name="Output I" value="200"/>
  <attribute name="Output T" value="1"/>
  <attribute name="Target GC Util Change" value ="20.000000" />
  <attribute name="Current GC Util Change" value="65.000000"/>
  <attribute name="GC Util currently" value="65" />
  <attribute name="CPU Util currently" value="21306797989299" />
<exclusive-end id="4092" timestamp="2019-06-16T00:36:32.179" durationms="3.222" />

<exclusive-start id="4093" timestamp="2019-06-16T00:36:32.187" intervalms="12.002">
  <response-info timems="0.068" idlems="0.068" threads="0" lastid="0000000001627700" lastname="main" />
</exclusive-start>
<allocation-taxation id="4094" taxation-threshold="12582912" timestamp="2019-06-16T00:36:32.187" intervalms="11.982" />
<gc-start id="4095" type="global mark phase" contextid="4031" timestamp="2019-06-16T00:36:32.188">
  <mem-info id="4096" free="31457280" total="73400320" percent="42">
    <remembered-set count="49344" freebytes="2732544" totalbytes="2929920" percent="93" regionsoverflowed="0" regionsstable="0" regionsrebuilding="15"/>
  </mem-info>
</gc-start>
<gc-end id="4097" type="global mark phase" contextid="4031" durationms="0.139" usertimems="0.000" systemtimems="0.000" timestamp="2019-06-16T00:36:32.188" activeThreads="1">
  <mem-info id="4098" free="31457280" total="73400320" percent="42">
    <remembered-set count="49344" freebytes="2732544" totalbytes="2929920" percent="93" regionsoverflowed="0" regionsstable="0" regionsrebuilding="15"/>
  </mem-info>
</gc-end>
<concurrent-start id="4099" type="GMP work packet processing" contextid="4031" timestamp="2019-06-16T00:36:32.188">
  <concurrent-mark-start scanTarget="1048576" />
</concurrent-start>
<exclusive-end id="4100" timestamp="2019-06-16T00:36:32.188" durationms="0.712" />

<concurrent-end id="4101" type="GMP work packet processing" contextid="4031" timestamp="2019-06-16T00:36:32.189">
  <concurrent-mark-end bytesScanned="1097436" reasonForTermination="Work target met" />
</concurrent-end>

<exclusive-start id="4102" timestamp="2019-06-16T00:36:32.202" intervalms="14.381">
  <response-info timems="0.123" idlems="0.123" threads="0" lastid="0000000001627700" lastname="main" />
</exclusive-start>
<allocation-taxation id="4103" taxation-threshold="12582912" timestamp="2019-06-16T00:36:32.202" intervalms="14.458" />
<cycle-start id="4104" type="partial gc" contextid="0" timestamp="2019-06-16T00:36:32.202" intervalms="26.437" />
<gc-start id="4105" type="partial gc" contextid="4104" timestamp="2019-06-16T00:36:32.202">
  <mem-info id="4106" free="18874368" total="73400320" percent="25">
    <mem type="eden" free="1048552" total="26214400" percent="3" />
    <remembered-set count="63840" freebytes="2674560" totalbytes="2929920" percent="91" regionsoverflowed="0" regionsstable="0" regionsrebuilding="15"/>
  </mem-info>
</gc-start>
<allocation-stats totalBytes="25161736" >
  <allocated-bytes non-tlh="0" tlh="25161736" arrayletleaf="0"/>
  <largest-consumer threadName="main" threadId="0000000001627700" bytes="12580624" />
</allocation-stats>
<gc-op id="4107" type="copy forward" timems="1.421" contextid="4104" timestamp="2019-06-16T00:36:32.204">
  <memory-copied type="eden" objects="46" bytes="1488" bytesdiscarded="0" />
  <memory-copied type="other" objects="0" bytes="0" bytesdiscarded="0" />
  <memory-cardclean objects="71" bytes="2304" />
  <regions eden="24" other="1" />
  <remembered-set-cleared processed="62071" cleared="31" durationms="0.501" />
  <stringconstants candidates="13269" cleared="0"  />
</gc-op>
<gc-op id="4108" type="classunload" timems="0.004" contextid="4104" timestamp="2019-06-16T00:36:32.205">
  <classunload-info classloadercandidates="53" classloadersunloaded="0" classesunloaded="0" anonymousclassesunloaded="0" quiescems="0.000" setupms="0.004" scanms="0.000" postms="0.000" />
</gc-op>
<gc-end id="4109" type="partial gc" contextid="4104" durationms="2.464" usertimems="0.000" systemtimems="0.000" timestamp="2019-06-16T00:36:32.205" activeThreads="1">
  <mem-info id="4110" free="44040192" total="73400320" percent="60">
    <mem type="eden" free="1047088" total="1048576" percent="99" />
    <remembered-set count="64288" freebytes="2672768" totalbytes="2929920" percent="91" regionsoverflowed="0" regionsstable="0" regionsrebuilding="15"/>
  </mem-info>
</gc-end>
<cycle-end id="4111" type="partial gc" contextid="4104" timestamp="2019-06-16T00:36:32.205" />
  <attribute name="elasticGC enabled" value="1" />
  <attribute name= "numThreadsSpecified" value="1" />
  <attribute name="heapSize specified" value="0" />
  <attribute name="Current GC Util" value="70" />
  <attribute name= "Current Time Running" value="21869" />
  <attribute name ="GC Interval" value="0" />
  <attribute name="ProportionalT" value="75.000000" />
  <attribute name="ProportionalI" value="75.000000" />
  <attribute name="ProportionalH" value="75.000000" />
  <attribute name="Current Error" value="50.000000" />
  <attribute name="IntegralT" value="0.000000" />
  <attribute name="IntegralI" value="0.000000" />
  <attribute name="IntegralH" value="0.000000" />
  <attribute name="DerivativeT" value="inf" />
  <attribute name="DerivativeI" value="inf" />
  <attribute name="DerivativeH" value="inf" />
  <attribute name="Loop Time for DT" value="0.000000" />
  <attribute name="Output H" value="8388608"/>
  <attribute name="Output I" value="200"/>
  <attribute name="Output T" value="1"/>
  <attribute name="Target GC Util Change" value ="20.000000" />
  <attribute name="Current GC Util Change" value="70.000000"/>
  <attribute name="GC Util currently" value="70" />
  <attribute name="CPU Util currently" value="20365499811342" />
<exclusive-end id="4112" timestamp="2019-06-16T00:36:32.205" durationms="3.435" />

<exclusive-start id="4113" timestamp="2019-06-16T00:36:32.218" intervalms="16.327">
  <response-info timems="0.068" idlems="0.068" threads="0" lastid="0000000001627700" lastname="main" />
</exclusive-start>
<allocation-taxation id="4114" taxation-threshold="12582912" timestamp="2019-06-16T00:36:32.218" intervalms="16.306" />
<gc-start id="4115" type="global mark phase" contextid="4031" timestamp="2019-06-16T00:36:32.218">
  <mem-info id="4116" free="31457280" total="73400320" percent="42">
    <remembered-set count="63872" freebytes="2674432" totalbytes="2929920" percent="91" regionsoverflowed="0" regionsstable="0" regionsrebuilding="15"/>
  </mem-info>
</gc-start>
<gc-end id="4117" type="global mark phase" contextid="4031" durationms="0.170" usertimems="0.000" systemtimems="0.000" timestamp="2019-06-16T00:36:32.219" activeThreads="1">
  <mem-info id="4118" free="31457280" total="73400320" percent="42">
    <remembered-set count="63872" freebytes="2674432" totalbytes="2929920" percent="91" regionsoverflowed="0" regionsstable="0" regionsrebuilding="15"/>
  </mem-info>
</gc-end>
<concurrent-start id="4119" type="GMP work packet processing" contextid="4031" timestamp="2019-06-16T00:36:32.219">
  <concurrent-mark-start scanTarget="1048576" />
</concurrent-start>
<exclusive-end id="4120" timestamp="2019-06-16T00:36:32.219" durationms="0.876" />

<concurrent-end id="4121" type="GMP work packet processing" contextid="4031" timestamp="2019-06-16T00:36:32.220">
  <concurrent-mark-end bytesScanned="1087880" reasonForTermination="Work target met" />
</concurrent-end>

<exclusive-start id="4122" timestamp="2019-06-16T00:36:32.231" intervalms="12.849">
  <response-info timems="0.067" idlems="0.067" threads="0" lastid="0000000001627700" lastname="main" />
</exclusive-start>
<allocation-taxation id="4123" taxation-threshold="12582912" timestamp="2019-06-16T00:36:32.231" intervalms="12.814" />
<cycle-start id="4124" type="partial gc" contextid="0" timestamp="2019-06-16T00:36:32.231" intervalms="29.132" />
<gc-start id="4125" type="partial gc" contextid="4124" timestamp="2019-06-16T00:36:32.231">
  <mem-info id="4126" free="18874368" total="73400320" percent="25">
    <mem type="eden" free="0" total="25165824" percent="0" />
    <remembered-set count="77024" freebytes="2621824" totalbytes="2929920" percent="89" regionsoverflowed="0" regionsstable="0" regionsrebuilding="15"/>
  </mem-info>
</gc-start>
<allocation-stats totalBytes="25160104" >
  <allocated-bytes non-tlh="0" tlh="25160104" arrayletleaf="0"/>
  <largest-consumer threadName="main" threadId="0000000001627700" bytes="12579528" />
</allocation-stats>
<gc-op id="4127" type="copy forward" timems="1.432" contextid="4124" timestamp="2019-06-16T00:36:32.233">
  <memory-copied type="eden" objects="31" bytes="1184" bytesdiscarded="0" />
  <memory-copied type="other" objects="7" bytes="160" bytesdiscarded="0" />
  <memory-cardclean objects="83" bytes="2664" />
  <regions eden="24" other="1" />
  <remembered-set-cleared processed="74410" cleared="52" durationms="0.542" />
  <stringconstants candidates="13269" cleared="0"  />
</gc-op>
<gc-op id="4128" type="classunload" timems="0.003" contextid="4124" timestamp="2019-06-16T00:36:32.234">
  <classunload-info classloadercandidates="53" classloadersunloaded="0" classesunloaded="0" anonymousclassesunloaded="0" quiescems="0.000" setupms="0.003" scanms="0.000" postms="0.000" />
</gc-op>
<gc-end id="4129" type="partial gc" contextid="4124" durationms="2.338" usertimems="4.000" systemtimems="0.000" timestamp="2019-06-16T00:36:32.234" activeThreads="1">
  <mem-info id="4130" free="42991616" total="73400320" percent="58">
    <mem type="eden" free="1047392" total="1048576" percent="99" />
    <remembered-set count="77440" freebytes="2620160" totalbytes="2929920" percent="89" regionsoverflowed="0" regionsstable="0" regionsrebuilding="15"/>
  </mem-info>
</gc-end>
<cycle-end id="4131" type="partial gc" contextid="4124" timestamp="2019-06-16T00:36:32.234" />
  <attribute name="elasticGC enabled" value="1" />
  <attribute name= "numThreadsSpecified" value="1" />
  <attribute name="heapSize specified" value="0" />
  <attribute name="Current GC Util" value="59" />
  <attribute name= "Current Time Running" value="21898" />
  <attribute name ="GC Interval" value="0" />
  <attribute name="ProportionalT" value="58.500000" />
  <attribute name="ProportionalI" value="58.500000" />
  <attribute name="ProportionalH" value="58.500000" />
  <attribute name="Current Error" value="39.000000" />
  <attribute name="IntegralT" value="0.000000" />
  <attribute name="IntegralI" value="0.000000" />
  <attribute name="IntegralH" value="0.000000" />
  <attribute name="DerivativeT" value="inf" />
  <attribute name="DerivativeI" value="inf" />
  <attribute name="DerivativeH" value="inf" />
  <attribute name="Loop Time for DT" value="0.000000" />
  <attribute name="Output H" value="8388608"/>
  <attribute name="Output I" value="200"/>
  <attribute name="Output T" value="1"/>
  <attribute name="Target GC Util Change" value ="20.000000" />
  <attribute name="Current GC Util Change" value="59.000000"/>
  <attribute name="GC Util currently" value="59" />
  <attribute name="CPU Util currently" value="22009248953205" />
<exclusive-end id="4132" timestamp="2019-06-16T00:36:32.234" durationms="3.190" />

<exclusive-start id="4133" timestamp="2019-06-16T00:36:32.244" intervalms="13.521">
  <response-info timems="0.058" idlems="0.058" threads="0" lastid="0000000001627700" lastname="main" />
</exclusive-start>
<allocation-taxation id="4134" taxation-threshold="12582912" timestamp="2019-06-16T00:36:32.245" intervalms="13.522" />
<gc-start id="4135" type="global mark phase" contextid="4031" timestamp="2019-06-16T00:36:32.245">
  <mem-info id="4136" free="30408704" total="73400320" percent="41">
    <remembered-set count="77056" freebytes="2621696" totalbytes="2929920" percent="89" regionsoverflowed="0" regionsstable="0" regionsrebuilding="15"/>
  </mem-info>
</gc-start>
<gc-end id="4137" type="global mark phase" contextid="4031" durationms="0.140" usertimems="0.000" systemtimems="0.000" timestamp="2019-06-16T00:36:32.245" activeThreads="1">
  <mem-info id="4138" free="30408704" total="73400320" percent="41">
    <remembered-set count="77056" freebytes="2621696" totalbytes="2929920" percent="89" regionsoverflowed="0" regionsstable="0" regionsrebuilding="15"/>
  </mem-info>
</gc-end>
<concurrent-start id="4139" type="GMP work packet processing" contextid="4031" timestamp="2019-06-16T00:36:32.245">
  <concurrent-mark-start scanTarget="1048576" />
</concurrent-start>
<exclusive-end id="4140" timestamp="2019-06-16T00:36:32.246" durationms="1.460" />

<concurrent-end id="4141" type="GMP work packet processing" contextid="4031" timestamp="2019-06-16T00:36:32.246">
  <concurrent-mark-end bytesScanned="1096492" reasonForTermination="Work target met" />
</concurrent-end>

<exclusive-start id="4142" timestamp="2019-06-16T00:36:32.256" intervalms="11.634">
  <response-info timems="0.055" idlems="0.055" threads="0" lastid="0000000001627700" lastname="main" />
</exclusive-start>
<allocation-taxation id="4143" taxation-threshold="12582912" timestamp="2019-06-16T00:36:32.256" intervalms="11.648" />
<cycle-start id="4144" type="partial gc" contextid="0" timestamp="2019-06-16T00:36:32.256" intervalms="25.156" />
<gc-start id="4145" type="partial gc" contextid="4144" timestamp="2019-06-16T00:36:32.257">
  <mem-info id="4146" free="17825792" total="73400320" percent="24">
    <mem type="eden" free="0" total="25165824" percent="0" />
    <remembered-set count="83264" freebytes="2596864" totalbytes="2929920" percent="88" regionsoverflowed="0" regionsstable="0" regionsrebuilding="15"/>
  </mem-info>
</gc-start>
<allocation-stats totalBytes="25156008" >
  <allocated-bytes non-tlh="0" tlh="25156008" arrayletleaf="0"/>
  <largest-consumer threadName="main" threadId="0000000001627700" bytes="12577896" />
</allocation-stats>
<gc-op id="4147" type="copy forward" timems="1.531" contextid="4144" timestamp="2019-06-16T00:36:32.259">
  <memory-copied type="eden" objects="9" bytes="408" bytesdiscarded="0" />
  <memory-copied type="other" objects="18" bytes="584" bytesdiscarded="0" />
  <memory-cardclean objects="62" bytes="2056" />
  <regions eden="24" other="1" />
  <remembered-set-cleared processed="80804" cleared="40" durationms="0.584" />
  <stringconstants candidates="13269" cleared="0"  />
</gc-op>
<gc-op id="4148" type="classunload" timems="0.004" contextid="4144" timestamp="2019-06-16T00:36:32.259">
  <classunload-info classloadercandidates="53" classloadersunloaded="0" classesunloaded="0" anonymousclassesunloaded="0" quiescems="0.000" setupms="0.003" scanms="0.000" postms="0.000" />
</gc-op>
<gc-end id="4149" type="partial gc" contextid="4144" durationms="2.477" usertimems="0.000" systemtimems="0.000" timestamp="2019-06-16T00:36:32.259" activeThreads="1">
  <mem-info id="4150" free="41943040" total="73400320" percent="57">
    <mem type="eden" free="1048168" total="1048576" percent="99" />
    <remembered-set count="83680" freebytes="2595200" totalbytes="2929920" percent="88" regionsoverflowed="0" regionsstable="0" regionsrebuilding="15"/>
  </mem-info>
</gc-end>
<cycle-end id="4151" type="partial gc" contextid="4144" timestamp="2019-06-16T00:36:32.259" />
  <attribute name="elasticGC enabled" value="1" />
  <attribute name= "numThreadsSpecified" value="1" />
  <attribute name="heapSize specified" value="0" />
  <attribute name="Current GC Util" value="59" />
  <attribute name= "Current Time Running" value="21923" />
  <attribute name ="GC Interval" value="0" />
  <attribute name="ProportionalT" value="58.500000" />
  <attribute name="ProportionalI" value="58.500000" />
  <attribute name="ProportionalH" value="58.500000" />
  <attribute name="Current Error" value="39.000000" />
  <attribute name="IntegralT" value="0.000000" />
  <attribute name="IntegralI" value="0.000000" />
  <attribute name="IntegralH" value="0.000000" />
  <attribute name="DerivativeT" value="inf" />
  <attribute name="DerivativeI" value="inf" />
  <attribute name="DerivativeH" value="inf" />
  <attribute name="Loop Time for DT" value="0.000000" />
  <attribute name="Output H" value="8388608"/>
  <attribute name="Output I" value="200"/>
  <attribute name="Output T" value="1"/>
  <attribute name="Target GC Util Change" value ="20.000000" />
  <attribute name="Current GC Util Change" value="59.000000"/>
  <attribute name="GC Util currently" value="59" />
  <attribute name="CPU Util currently" value="22246220345443" />
<exclusive-end id="4152" timestamp="2019-06-16T00:36:32.259" durationms="3.398" />

<exclusive-start id="4153" timestamp="2019-06-16T00:36:32.270" intervalms="13.502">
  <response-info timems="0.082" idlems="0.082" threads="0" lastid="0000000001627700" lastname="main" />
</exclusive-start>
<allocation-taxation id="4154" taxation-threshold="12582912" timestamp="2019-06-16T00:36:32.270" intervalms="13.494" />
<gc-start id="4155" type="global mark phase" contextid="4031" timestamp="2019-06-16T00:36:32.270">
  <mem-info id="4156" free="29360128" total="73400320" percent="40">
    <remembered-set count="83296" freebytes="2596736" totalbytes="2929920" percent="88" regionsoverflowed="0" regionsstable="0" regionsrebuilding="15"/>
  </mem-info>
</gc-start>
<gc-end id="4157" type="global mark phase" contextid="4031" durationms="0.111" usertimems="0.000" systemtimems="0.000" timestamp="2019-06-16T00:36:32.270" activeThreads="1">
  <mem-info id="4158" free="29360128" total="73400320" percent="40">
    <remembered-set count="83296" freebytes="2596736" totalbytes="2929920" percent="88" regionsoverflowed="0" regionsstable="0" regionsrebuilding="15"/>
  </mem-info>
</gc-end>
<concurrent-start id="4159" type="GMP work packet processing" contextid="4031" timestamp="2019-06-16T00:36:32.270">
  <concurrent-mark-start scanTarget="1048576" />
</concurrent-start>
<exclusive-end id="4160" timestamp="2019-06-16T00:36:32.271" durationms="1.216" />

<concurrent-end id="4161" type="GMP work packet processing" contextid="4031" timestamp="2019-06-16T00:36:32.271">
  <concurrent-mark-end bytesScanned="1098084" reasonForTermination="Work target met" />
</concurrent-end>

<exclusive-start id="4162" timestamp="2019-06-16T00:36:32.285" intervalms="15.455">
  <response-info timems="0.067" idlems="0.067" threads="0" lastid="0000000001627700" lastname="main" />
</exclusive-start>
<allocation-taxation id="4163" taxation-threshold="12582912" timestamp="2019-06-16T00:36:32.285" intervalms="15.461" />
<cycle-start id="4164" type="partial gc" contextid="0" timestamp="2019-06-16T00:36:32.285" intervalms="28.959" />
<gc-start id="4165" type="partial gc" contextid="4164" timestamp="2019-06-16T00:36:32.286">
  <mem-info id="4166" free="16777216" total="73400320" percent="22">
    <mem type="eden" free="1048168" total="26214400" percent="3" />
    <remembered-set count="85024" freebytes="2589824" totalbytes="2929920" percent="88" regionsoverflowed="0" regionsstable="0" regionsrebuilding="15"/>
  </mem-info>
</gc-start>
<allocation-stats totalBytes="25158264" >
  <allocated-bytes non-tlh="0" tlh="25158264" arrayletleaf="0"/>
  <largest-consumer threadName="main" threadId="0000000001627700" bytes="12580056" />
</allocation-stats>
<gc-op id="4167" type="copy forward" timems="1.476" contextid="4164" timestamp="2019-06-16T00:36:32.288">
  <memory-copied type="eden" objects="31" bytes="944" bytesdiscarded="0" />
  <memory-copied type="other" objects="0" bytes="0" bytesdiscarded="0" />
  <memory-cardclean objects="75" bytes="2384" />
  <regions eden="24" other="1" />
  <remembered-set-cleared processed="82317" cleared="39" durationms="0.603" />
  <stringconstants candidates="13269" cleared="0"  />
</gc-op>
<gc-op id="4168" type="classunload" timems="0.003" contextid="4164" timestamp="2019-06-16T00:36:32.288">
  <classunload-info classloadercandidates="53" classloadersunloaded="0" classesunloaded="0" anonymousclassesunloaded="0" quiescems="0.000" setupms="0.003" scanms="0.000" postms="0.000" />
</gc-op>
<gc-end id="4169" type="partial gc" contextid="4164" durationms="2.437" usertimems="0.000" systemtimems="4.000" timestamp="2019-06-16T00:36:32.288" activeThreads="1">
  <mem-info id="4170" free="41943040" total="73400320" percent="57">
    <mem type="eden" free="1047632" total="1048576" percent="99" />
    <remembered-set count="85472" freebytes="2588032" totalbytes="2929920" percent="88" regionsoverflowed="0" regionsstable="0" regionsrebuilding="15"/>
  </mem-info>
</gc-end>
<cycle-end id="4171" type="partial gc" contextid="4164" timestamp="2019-06-16T00:36:32.288" />
  <attribute name="elasticGC enabled" value="1" />
  <attribute name= "numThreadsSpecified" value="1" />
  <attribute name="heapSize specified" value="0" />
  <attribute name="Current GC Util" value="77" />
  <attribute name= "Current Time Running" value="21952" />
  <attribute name ="GC Interval" value="0" />
  <attribute name="ProportionalT" value="85.500000" />
  <attribute name="ProportionalI" value="85.500000" />
  <attribute name="ProportionalH" value="85.500000" />
  <attribute name="Current Error" value="57.000000" />
  <attribute name="IntegralT" value="0.000000" />
  <attribute name="IntegralI" value="0.000000" />
  <attribute name="IntegralH" value="0.000000" />
  <attribute name="DerivativeT" value="inf" />
  <attribute name="DerivativeI" value="inf" />
  <attribute name="DerivativeH" value="inf" />
  <attribute name="Loop Time for DT" value="0.000000" />
  <attribute name="Output H" value="8388608"/>
  <attribute name="Output I" value="200"/>
  <attribute name="Output T" value="1"/>
  <attribute name="Target GC Util Change" value ="20.000000" />
  <attribute name="Current GC Util Change" value="77.000000"/>
  <attribute name="GC Util currently" value="77" />
  <attribute name="CPU Util currently" value="22299251821465" />
<exclusive-end id="4172" timestamp="2019-06-16T00:36:32.288" durationms="3.365" />

<exclusive-start id="4173" timestamp="2019-06-16T00:36:32.304" intervalms="19.210">
  <response-info timems="0.093" idlems="0.093" threads="0" lastid="0000000001627700" lastname="main" />
</exclusive-start>
<allocation-taxation id="4174" taxation-threshold="12582912" timestamp="2019-06-16T00:36:32.304" intervalms="19.190" />
<gc-start id="4175" type="global mark phase" contextid="4031" timestamp="2019-06-16T00:36:32.305">
  <mem-info id="4176" free="29360128" total="73400320" percent="40">
    <remembered-set count="85024" freebytes="2589824" totalbytes="2929920" percent="88" regionsoverflowed="0" regionsstable="0" regionsrebuilding="15"/>
  </mem-info>
</gc-start>
<gc-end id="4177" type="global mark phase" contextid="4031" durationms="0.142" usertimems="0.000" systemtimems="0.000" timestamp="2019-06-16T00:36:32.305" activeThreads="1">
  <mem-info id="4178" free="29360128" total="73400320" percent="40">
    <remembered-set count="85024" freebytes="2589824" totalbytes="2929920" percent="88" regionsoverflowed="0" regionsstable="0" regionsrebuilding="15"/>
  </mem-info>
</gc-end>
<concurrent-start id="4179" type="GMP work packet processing" contextid="4031" timestamp="2019-06-16T00:36:32.305">
  <concurrent-mark-start scanTarget="1048576" />
</concurrent-start>
<exclusive-end id="4180" timestamp="2019-06-16T00:36:32.306" durationms="1.392" />

<concurrent-end id="4181" type="GMP work packet processing" contextid="4031" timestamp="2019-06-16T00:36:32.306">
  <concurrent-mark-end bytesScanned="1080008" reasonForTermination="Work target met" />
</concurrent-end>

<exclusive-start id="4182" timestamp="2019-06-16T00:36:32.325" intervalms="20.722">
  <response-info timems="0.057" idlems="0.057" threads="0" lastid="0000000001627700" lastname="main" />
</exclusive-start>
<allocation-taxation id="4183" taxation-threshold="12582912" timestamp="2019-06-16T00:36:32.325" intervalms="20.755" />
<cycle-start id="4184" type="partial gc" contextid="0" timestamp="2019-06-16T00:36:32.325" intervalms="39.946" />
<gc-start id="4185" type="partial gc" contextid="4184" timestamp="2019-06-16T00:36:32.326">
  <mem-info id="4186" free="16777216" total="73400320" percent="22">
    <mem type="eden" free="0" total="25165824" percent="0" />
    <remembered-set count="86304" freebytes="2584704" totalbytes="2929920" percent="88" regionsoverflowed="0" regionsstable="0" regionsrebuilding="15"/>
  </mem-info>
</gc-start>
<allocation-stats totalBytes="25163608" >
  <allocated-bytes non-tlh="0" tlh="25163608" arrayletleaf="0"/>
  <largest-consumer threadName="main" threadId="0000000001627700" bytes="12581240" />
</allocation-stats>
<gc-op id="4187" type="copy forward" timems="1.540" contextid="4184" timestamp="2019-06-16T00:36:32.328">
  <memory-copied type="eden" objects="28" bytes="872" bytesdiscarded="0" />
  <memory-copied type="other" objects="7" bytes="160" bytesdiscarded="0" />
  <memory-cardclean objects="96" bytes="2864" />
  <regions eden="24" other="1" />
  <remembered-set-cleared processed="84111" cleared="48" durationms="0.626" />
  <stringconstants candidates="13269" cleared="0"  />
</gc-op>
<gc-op id="4188" type="classunload" timems="0.004" contextid="4184" timestamp="2019-06-16T00:36:32.328">
  <classunload-info classloadercandidates="53" classloadersunloaded="0" classesunloaded="0" anonymousclassesunloaded="0" quiescems="0.000" setupms="0.004" scanms="0.000" postms="0.000" />
</gc-op>
<gc-end id="4189" type="partial gc" contextid="4184" durationms="2.500" usertimems="0.000" systemtimems="0.000" timestamp="2019-06-16T00:36:32.328" activeThreads="1">
  <mem-info id="4190" free="40894464" total="73400320" percent="55">
    <mem type="eden" free="1047704" total="1048576" percent="99" />
    <remembered-set count="86752" freebytes="2582912" totalbytes="2929920" percent="88" regionsoverflowed="0" regionsstable="0" regionsrebuilding="15"/>
  </mem-info>
</gc-end>
<cycle-end id="4191" type="partial gc" contextid="4184" timestamp="2019-06-16T00:36:32.328" />
  <attribute name="elasticGC enabled" value="1" />
  <attribute name= "numThreadsSpecified" value="1" />
  <attribute name="heapSize specified" value="0" />
  <attribute name="Current GC Util" value="64" />
  <attribute name= "Current Time Running" value="21992" />
  <attribute name ="GC Interval" value="0" />
  <attribute name="ProportionalT" value="66.000000" />
  <attribute name="ProportionalI" value="66.000000" />
  <attribute name="ProportionalH" value="66.000000" />
  <attribute name="Current Error" value="44.000000" />
  <attribute name="IntegralT" value="0.000000" />
  <attribute name="IntegralI" value="0.000000" />
  <attribute name="IntegralH" value="0.000000" />
  <attribute name="DerivativeT" value="inf" />
  <attribute name="DerivativeI" value="inf" />
  <attribute name="DerivativeH" value="inf" />
  <attribute name="Loop Time for DT" value="0.000000" />
  <attribute name="Output H" value="8388608"/>
  <attribute name="Output I" value="200"/>
  <attribute name="Output T" value="1"/>
  <attribute name="Target GC Util Change" value ="20.000000" />
  <attribute name="Current GC Util Change" value="64.000000"/>
  <attribute name="GC Util currently" value="64" />
  <attribute name="CPU Util currently" value="22193654116563" />
<exclusive-end id="4192" timestamp="2019-06-16T00:36:32.328" durationms="3.487" />

<exclusive-start id="4193" timestamp="2019-06-16T00:36:32.350" intervalms="25.458">
  <response-info timems="0.180" idlems="0.180" threads="0" lastid="0000000001627700" lastname="main" />
</exclusive-start>
<allocation-taxation id="4194" taxation-threshold="12582912" timestamp="2019-06-16T00:36:32.351" intervalms="25.503" />
<gc-start id="4195" type="global mark phase" contextid="4031" timestamp="2019-06-16T00:36:32.351">
  <mem-info id="4196" free="28311552" total="73400320" percent="38">
    <remembered-set count="86336" freebytes="2584576" totalbytes="2929920" percent="88" regionsoverflowed="0" regionsstable="0" regionsrebuilding="15"/>
  </mem-info>
</gc-start>
<gc-end id="4197" type="global mark phase" contextid="4031" durationms="0.114" usertimems="0.000" systemtimems="0.000" timestamp="2019-06-16T00:36:32.351" activeThreads="1">
  <mem-info id="4198" free="28311552" total="73400320" percent="38">
    <remembered-set count="86336" freebytes="2584576" totalbytes="2929920" percent="88" regionsoverflowed="0" regionsstable="0" regionsrebuilding="15"/>
  </mem-info>
</gc-end>
<concurrent-start id="4199" type="GMP work packet processing" contextid="4031" timestamp="2019-06-16T00:36:32.351">
  <concurrent-mark-start scanTarget="1048576" />
</concurrent-start>
<exclusive-end id="4200" timestamp="2019-06-16T00:36:32.352" durationms="1.367" />

<concurrent-end id="4201" type="GMP work packet processing" contextid="4031" timestamp="2019-06-16T00:36:32.352">
  <concurrent-mark-end bytesScanned="1102320" reasonForTermination="Work target met" />
</concurrent-end>

<exclusive-start id="4202" timestamp="2019-06-16T00:36:32.372" intervalms="21.466">
  <response-info timems="0.087" idlems="0.087" threads="0" lastid="0000000001627700" lastname="main" />
</exclusive-start>
<allocation-taxation id="4203" taxation-threshold="12582912" timestamp="2019-06-16T00:36:32.372" intervalms="21.430" />
<cycle-start id="4204" type="partial gc" contextid="0" timestamp="2019-06-16T00:36:32.372" intervalms="46.932" />
<gc-start id="4205" type="partial gc" contextid="4204" timestamp="2019-06-16T00:36:32.373">
  <mem-info id="4206" free="15728640" total="73400320" percent="21">
    <mem type="eden" free="0" total="25165824" percent="0" />
    <remembered-set count="88576" freebytes="2575616" totalbytes="2929920" percent="87" regionsoverflowed="0" regionsstable="0" regionsrebuilding="15"/>
  </mem-info>
</gc-start>
<allocation-stats totalBytes="25163664" >
  <allocated-bytes non-tlh="0" tlh="25163664" arrayletleaf="0"/>
  <largest-consumer threadName="main" threadId="0000000001627700" bytes="12581720" />
</allocation-stats>
<gc-op id="4207" type="copy forward" timems="1.597" contextid="4204" timestamp="2019-06-16T00:36:32.375">
  <memory-copied type="eden" objects="29" bytes="880" bytesdiscarded="0" />
  <memory-copied type="other" objects="6" bytes="136" bytesdiscarded="0" />
  <memory-cardclean objects="70" bytes="2080" />
  <regions eden="24" other="1" />
  <remembered-set-cleared processed="86191" cleared="36" durationms="0.638" />
  <stringconstants candidates="13269" cleared="0"  />
</gc-op>
<gc-op id="4208" type="classunload" timems="0.003" contextid="4204" timestamp="2019-06-16T00:36:32.375">
  <classunload-info classloadercandidates="53" classloadersunloaded="0" classesunloaded="0" anonymousclassesunloaded="0" quiescems="0.000" setupms="0.003" scanms="0.000" postms="0.000" />
</gc-op>
<gc-end id="4209" type="partial gc" contextid="4204" durationms="2.635" usertimems="4.000" systemtimems="0.000" timestamp="2019-06-16T00:36:32.375" activeThreads="1">
  <mem-info id="4210" free="39845888" total="73400320" percent="54">
    <mem type="eden" free="1047696" total="1048576" percent="99" />
    <remembered-set count="89024" freebytes="2573824" totalbytes="2929920" percent="87" regionsoverflowed="0" regionsstable="0" regionsrebuilding="15"/>
  </mem-info>
</gc-end>
<cycle-end id="4211" type="partial gc" contextid="4204" timestamp="2019-06-16T00:36:32.375" />
  <attribute name="elasticGC enabled" value="1" />
  <attribute name= "numThreadsSpecified" value="1" />
  <attribute name="heapSize specified" value="0" />
  <attribute name="Current GC Util" value="66" />
  <attribute name= "Current Time Running" value="22039" />
  <attribute name ="GC Interval" value="0" />
  <attribute name="ProportionalT" value="69.000000" />
  <attribute name="ProportionalI" value="69.000000" />
  <attribute name="ProportionalH" value="69.000000" />
  <attribute name="Current Error" value="46.000000" />
  <attribute name="IntegralT" value="0.000000" />
  <attribute name="IntegralI" value="0.000000" />
  <attribute name="IntegralH" value="0.000000" />
  <attribute name="DerivativeT" value="inf" />
  <attribute name="DerivativeI" value="inf" />
  <attribute name="DerivativeH" value="inf" />
  <attribute name="Loop Time for DT" value="0.000000" />
  <attribute name="Output H" value="8388608"/>
  <attribute name="Output I" value="200"/>
  <attribute name="Output T" value="1"/>
  <attribute name="Target GC Util Change" value ="20.000000" />
  <attribute name="Current GC Util Change" value="66.000000"/>
  <attribute name="GC Util currently" value="66" />
  <attribute name="CPU Util currently" value="18192629233798" />
<exclusive-end id="4212" timestamp="2019-06-16T00:36:32.376" durationms="3.773" />

<exclusive-start id="4213" timestamp="2019-06-16T00:36:32.390" intervalms="18.400">
  <response-info timems="0.068" idlems="0.068" threads="0" lastid="0000000001627700" lastname="main" />
</exclusive-start>
<allocation-taxation id="4214" taxation-threshold="12582912" timestamp="2019-06-16T00:36:32.390" intervalms="18.390" />
<gc-start id="4215" type="global mark phase" contextid="4031" timestamp="2019-06-16T00:36:32.391">
  <mem-info id="4216" free="27262976" total="73400320" percent="37">
    <remembered-set count="88608" freebytes="2575488" totalbytes="2929920" percent="87" regionsoverflowed="0" regionsstable="0" regionsrebuilding="15"/>
  </mem-info>
</gc-start>
<gc-end id="4217" type="global mark phase" contextid="4031" durationms="0.137" usertimems="0.000" systemtimems="0.000" timestamp="2019-06-16T00:36:32.391" activeThreads="1">
  <mem-info id="4218" free="27262976" total="73400320" percent="37">
    <remembered-set count="88608" freebytes="2575488" totalbytes="2929920" percent="87" regionsoverflowed="0" regionsstable="0" regionsrebuilding="15"/>
  </mem-info>
</gc-end>
<concurrent-start id="4219" type="GMP work packet processing" contextid="4031" timestamp="2019-06-16T00:36:32.391">
  <concurrent-mark-start scanTarget="1048576" />
</concurrent-start>
<exclusive-end id="4220" timestamp="2019-06-16T00:36:32.391" durationms="0.752" />

<concurrent-end id="4221" type="GMP work packet processing" contextid="4031" timestamp="2019-06-16T00:36:32.392">
  <concurrent-mark-end bytesScanned="1089148" reasonForTermination="Work target met" />
</concurrent-end>

<exclusive-start id="4222" timestamp="2019-06-16T00:36:32.406" intervalms="15.816">
  <response-info timems="0.070" idlems="0.070" threads="0" lastid="0000000001627700" lastname="main" />
</exclusive-start>
<allocation-taxation id="4223" taxation-threshold="12582912" timestamp="2019-06-16T00:36:32.406" intervalms="15.792" />
<cycle-start id="4224" type="partial gc" contextid="0" timestamp="2019-06-16T00:36:32.406" intervalms="34.191" />
<gc-start id="4225" type="partial gc" contextid="4224" timestamp="2019-06-16T00:36:32.407">
  <mem-info id="4226" free="14680064" total="73400320" percent="20">
    <mem type="eden" free="0" total="25165824" percent="0" />
    <remembered-set count="90304" freebytes="2568704" totalbytes="2929920" percent="87" regionsoverflowed="0" regionsstable="0" regionsrebuilding="15"/>
  </mem-info>
</gc-start>
<allocation-stats totalBytes="25162136" >
  <allocated-bytes non-tlh="0" tlh="25162136" arrayletleaf="0"/>
  <largest-consumer threadName="main" threadId="0000000001627700" bytes="12581600" />
</allocation-stats>
<gc-op id="4227" type="copy forward" timems="1.468" contextid="4224" timestamp="2019-06-16T00:36:32.409">
  <memory-copied type="eden" objects="7" bytes="168" bytesdiscarded="0" />
  <memory-copied type="other" objects="23" bytes="744" bytesdiscarded="0" />
  <memory-cardclean objects="54" bytes="1808" />
  <regions eden="24" other="1" />
  <remembered-set-cleared processed="87722" cleared="55" durationms="0.642" />
  <stringconstants candidates="13269" cleared="0"  />
</gc-op>
<gc-op id="4228" type="classunload" timems="0.004" contextid="4224" timestamp="2019-06-16T00:36:32.409">
  <classunload-info classloadercandidates="53" classloadersunloaded="0" classesunloaded="0" anonymousclassesunloaded="0" quiescems="0.000" setupms="0.004" scanms="0.000" postms="0.000" />
</gc-op>
<gc-end id="4229" type="partial gc" contextid="4224" durationms="2.502" usertimems="4.000" systemtimems="0.000" timestamp="2019-06-16T00:36:32.409" activeThreads="1">
  <mem-info id="4230" free="38797312" total="73400320" percent="52">
    <mem type="eden" free="1048408" total="1048576" percent="99" />
    <remembered-set count="90720" freebytes="2567040" totalbytes="2929920" percent="87" regionsoverflowed="0" regionsstable="0" regionsrebuilding="15"/>
  </mem-info>
</gc-end>
<cycle-end id="4231" type="partial gc" contextid="4224" timestamp="2019-06-16T00:36:32.409" />
  <attribute name="elasticGC enabled" value="1" />
  <attribute name= "numThreadsSpecified" value="1" />
  <attribute name="heapSize specified" value="0" />
  <attribute name="Current GC Util" value="56" />
  <attribute name= "Current Time Running" value="22073" />
  <attribute name ="GC Interval" value="0" />
  <attribute name="ProportionalT" value="54.000000" />
  <attribute name="ProportionalI" value="54.000000" />
  <attribute name="ProportionalH" value="54.000000" />
  <attribute name="Current Error" value="36.000000" />
  <attribute name="IntegralT" value="0.000000" />
  <attribute name="IntegralI" value="0.000000" />
  <attribute name="IntegralH" value="0.000000" />
  <attribute name="DerivativeT" value="inf" />
  <attribute name="DerivativeI" value="inf" />
  <attribute name="DerivativeH" value="inf" />
  <attribute name="Loop Time for DT" value="0.000000" />
  <attribute name="Output H" value="8388608"/>
  <attribute name="Output I" value="200"/>
  <attribute name="Output T" value="1"/>
  <attribute name="Target GC Util Change" value ="20.000000" />
  <attribute name="Current GC Util Change" value="56.000000"/>
  <attribute name="GC Util currently" value="56" />
  <attribute name="CPU Util currently" value="22689052080256" />
<exclusive-end id="4232" timestamp="2019-06-16T00:36:32.410" durationms="3.478" />

<exclusive-start id="4233" timestamp="2019-06-16T00:36:32.424" intervalms="18.088">
  <response-info timems="0.080" idlems="0.080" threads="0" lastid="0000000001627700" lastname="main" />
</exclusive-start>
<allocation-taxation id="4234" taxation-threshold="12582912" timestamp="2019-06-16T00:36:32.424" intervalms="18.115" />
<gc-start id="4235" type="global mark phase" contextid="4031" timestamp="2019-06-16T00:36:32.425">
  <mem-info id="4236" free="26214400" total="73400320" percent="35">
    <remembered-set count="90304" freebytes="2568704" totalbytes="2929920" percent="87" regionsoverflowed="0" regionsstable="0" regionsrebuilding="15"/>
  </mem-info>
</gc-start>
<gc-end id="4237" type="global mark phase" contextid="4031" durationms="0.152" usertimems="0.000" systemtimems="0.000" timestamp="2019-06-16T00:36:32.425" activeThreads="1">
  <mem-info id="4238" free="26214400" total="73400320" percent="35">
    <remembered-set count="90304" freebytes="2568704" totalbytes="2929920" percent="87" regionsoverflowed="0" regionsstable="0" regionsrebuilding="15"/>
  </mem-info>
</gc-end>
<concurrent-start id="4239" type="GMP work packet processing" contextid="4031" timestamp="2019-06-16T00:36:32.425">
  <concurrent-mark-start scanTarget="1048576" />
</concurrent-start>
<exclusive-end id="4240" timestamp="2019-06-16T00:36:32.425" durationms="0.829" />

<concurrent-end id="4241" type="GMP work packet processing" contextid="4031" timestamp="2019-06-16T00:36:32.426">
  <concurrent-mark-end bytesScanned="1096984" reasonForTermination="Work target met" />
</concurrent-end>

<exclusive-start id="4242" timestamp="2019-06-16T00:36:32.439" intervalms="15.166">
  <response-info timems="0.071" idlems="0.071" threads="0" lastid="0000000001627700" lastname="main" />
</exclusive-start>
<allocation-taxation id="4243" taxation-threshold="12582912" timestamp="2019-06-16T00:36:32.439" intervalms="15.140" />
<cycle-start id="4244" type="partial gc" contextid="0" timestamp="2019-06-16T00:36:32.440" intervalms="33.215" />
<gc-start id="4245" type="partial gc" contextid="4244" timestamp="2019-06-16T00:36:32.440">
  <mem-info id="4246" free="13631488" total="73400320" percent="18">
    <mem type="eden" free="1048408" total="26214400" percent="3" />
    <remembered-set count="91680" freebytes="2563200" totalbytes="2929920" percent="87" regionsoverflowed="0" regionsstable="0" regionsrebuilding="15"/>
  </mem-info>
</gc-start>
<allocation-stats totalBytes="25162648" >
  <allocated-bytes non-tlh="0" tlh="25162648" arrayletleaf="0"/>
  <largest-consumer threadName="main" threadId="0000000001627700" bytes="12581360" />
</allocation-stats>
<gc-op id="4247" type="copy forward" timems="1.463" contextid="4244" timestamp="2019-06-16T00:36:32.442">
  <memory-copied type="eden" objects="21" bytes="672" bytesdiscarded="0" />
  <memory-copied type="other" objects="0" bytes="0" bytesdiscarded="0" />
  <memory-cardclean objects="93" bytes="2824" />
  <regions eden="24" other="1" />
  <remembered-set-cleared processed="89389" cleared="53" durationms="0.614" />
  <stringconstants candidates="13269" cleared="0"  />
</gc-op>
<gc-op id="4248" type="classunload" timems="0.004" contextid="4244" timestamp="2019-06-16T00:36:32.442">
  <classunload-info classloadercandidates="53" classloadersunloaded="0" classesunloaded="0" anonymousclassesunloaded="0" quiescems="0.000" setupms="0.003" scanms="0.000" postms="0.000" />
</gc-op>
<gc-end id="4249" type="partial gc" contextid="4244" durationms="2.455" usertimems="0.000" systemtimems="4.000" timestamp="2019-06-16T00:36:32.442" activeThreads="1">
  <mem-info id="4250" free="38797312" total="73400320" percent="52">
    <mem type="eden" free="1047904" total="1048576" percent="99" />
    <remembered-set count="92096" freebytes="2561536" totalbytes="2929920" percent="87" regionsoverflowed="0" regionsstable="0" regionsrebuilding="15"/>
  </mem-info>
</gc-end>
<cycle-end id="4251" type="partial gc" contextid="4244" timestamp="2019-06-16T00:36:32.442" />
  <attribute name="elasticGC enabled" value="1" />
  <attribute name= "numThreadsSpecified" value="1" />
  <attribute name="heapSize specified" value="0" />
  <attribute name="Current GC Util" value="59" />
  <attribute name= "Current Time Running" value="22106" />
  <attribute name ="GC Interval" value="0" />
  <attribute name="ProportionalT" value="58.500000" />
  <attribute name="ProportionalI" value="58.500000" />
  <attribute name="ProportionalH" value="58.500000" />
  <attribute name="Current Error" value="39.000000" />
  <attribute name="IntegralT" value="0.000000" />
  <attribute name="IntegralI" value="0.000000" />
  <attribute name="IntegralH" value="0.000000" />
  <attribute name="DerivativeT" value="inf" />
  <attribute name="DerivativeI" value="inf" />
  <attribute name="DerivativeH" value="inf" />
  <attribute name="Loop Time for DT" value="0.000000" />
  <attribute name="Output H" value="8388608"/>
  <attribute name="Output I" value="200"/>
  <attribute name="Output T" value="1"/>
  <attribute name="Target GC Util Change" value ="20.000000" />
  <attribute name="Current GC Util Change" value="59.000000"/>
  <attribute name="GC Util currently" value="59" />
  <attribute name="CPU Util currently" value="23092838176497" />
<exclusive-end id="4252" timestamp="2019-06-16T00:36:32.443" durationms="3.347" />

<exclusive-start id="4253" timestamp="2019-06-16T00:36:32.449" intervalms="9.188">
  <response-info timems="0.077" idlems="0.077" threads="0" lastid="0000000001627700" lastname="main" />
</exclusive-start>
<allocation-taxation id="4254" taxation-threshold="12582912" timestamp="2019-06-16T00:36:32.449" intervalms="9.228" />
<gc-start id="4255" type="global mark phase" contextid="4031" timestamp="2019-06-16T00:36:32.449">
  <mem-info id="4256" free="26214400" total="73400320" percent="35">
    <remembered-set count="91712" freebytes="2563072" totalbytes="2929920" percent="87" regionsoverflowed="0" regionsstable="0" regionsrebuilding="15"/>
  </mem-info>
</gc-start>
<gc-end id="4257" type="global mark phase" contextid="4031" durationms="0.143" usertimems="0.000" systemtimems="0.000" timestamp="2019-06-16T00:36:32.449" activeThreads="1">
  <mem-info id="4258" free="26214400" total="73400320" percent="35">
    <remembered-set count="91712" freebytes="2563072" totalbytes="2929920" percent="87" regionsoverflowed="0" regionsstable="0" regionsrebuilding="15"/>
  </mem-info>
</gc-end>
<concurrent-start id="4259" type="GMP work packet processing" contextid="4031" timestamp="2019-06-16T00:36:32.449">
  <concurrent-mark-start scanTarget="1048576" />
</concurrent-start>
<exclusive-end id="4260" timestamp="2019-06-16T00:36:32.449" durationms="0.834" />

<concurrent-end id="4261" type="GMP work packet processing" contextid="4031" timestamp="2019-06-16T00:36:32.450">
  <concurrent-mark-end bytesScanned="845432" reasonForTermination="Completed all work in GC phase" />
</concurrent-end>

<exclusive-start id="4262" timestamp="2019-06-16T00:36:32.456" intervalms="7.097">
  <response-info timems="0.068" idlems="0.068" threads="0" lastid="0000000001627700" lastname="main" />
</exclusive-start>
<allocation-taxation id="4263" taxation-threshold="12582912" timestamp="2019-06-16T00:36:32.456" intervalms="7.049" />
<cycle-start id="4264" type="partial gc" contextid="0" timestamp="2019-06-16T00:36:32.456" intervalms="16.265" />
<gc-start id="4265" type="partial gc" contextid="4264" timestamp="2019-06-16T00:36:32.456">
  <mem-info id="4266" free="13631488" total="73400320" percent="18">
    <mem type="eden" free="0" total="25165824" percent="0" />
    <remembered-set count="92992" freebytes="2557952" totalbytes="2929920" percent="87" regionsoverflowed="0" regionsstable="0" regionsrebuilding="15"/>
  </mem-info>
</gc-start>
<allocation-stats totalBytes="25165040" >
  <allocated-bytes non-tlh="0" tlh="25165040" arrayletleaf="0"/>
  <largest-consumer threadName="main" threadId="0000000001627700" bytes="12582480" />
</allocation-stats>
<gc-op id="4267" type="copy forward" timems="1.434" contextid="4264" timestamp="2019-06-16T00:36:32.458">
  <memory-copied type="eden" objects="4" bytes="120" bytesdiscarded="0" />
  <memory-copied type="other" objects="18" bytes="576" bytesdiscarded="608" />
  <memory-cardclean objects="69" bytes="2336" />
  <regions eden="24" other="1" />
  <remembered-set-cleared processed="90799" cleared="45" durationms="0.269" />
  <stringconstants candidates="13269" cleared="0"  />
</gc-op>
<gc-op id="4268" type="classunload" timems="0.004" contextid="4264" timestamp="2019-06-16T00:36:32.458">
  <classunload-info classloadercandidates="53" classloadersunloaded="0" classesunloaded="0" anonymousclassesunloaded="0" quiescems="0.000" setupms="0.004" scanms="0.000" postms="0.000" />
</gc-op>
<heap-resize id="4269" type="expand" space="default" amount="12582912" count="1" timems="0.079" reason="excessive time being spent in gc" timestamp="2019-06-16T00:36:32.459" />
<gc-end id="4270" type="partial gc" contextid="4264" durationms="2.543" usertimems="4.000" systemtimems="0.000" timestamp="2019-06-16T00:36:32.459" activeThreads="4">
  <mem-info id="4271" free="50331648" total="85983232" percent="58">
    <mem type="eden" free="1048456" total="1048576" percent="99" />
    <remembered-set count="93984" freebytes="3056256" totalbytes="3432192" percent="89" regionsoverflowed="0" regionsstable="0" regionsrebuilding="15"/>
  </mem-info>
</gc-end>
<cycle-end id="4272" type="partial gc" contextid="4264" timestamp="2019-06-16T00:36:32.459" />
  <attribute name="elasticGC enabled" value="1" />
  <attribute name= "numThreadsSpecified" value="4" />
  <attribute name="heapSize specified" value="0" />
  <attribute name="Current GC Util" value="67" />
  <attribute name= "Current Time Running" value="22123" />
  <attribute name ="GC Interval" value="0" />
  <attribute name="ProportionalT" value="70.500000" />
  <attribute name="ProportionalI" value="70.500000" />
  <attribute name="ProportionalH" value="70.500000" />
  <attribute name="Current Error" value="47.000000" />
  <attribute name="IntegralT" value="47.000000" />
  <attribute name="IntegralI" value="47.000000" />
  <attribute name="IntegralH" value="47.000000" />
  <attribute name="DerivativeT" value="23.500000" />
  <attribute name="DerivativeI" value="23.500000" />
  <attribute name="DerivativeH" value="23.500000" />
  <attribute name="Loop Time for DT" value="1.000000" />
  <attribute name="Output H" value="8388608"/>
  <attribute name="Output I" value="200"/>
  <attribute name="Output T" value="4"/>
  <attribute name="Target GC Util Change" value ="20.000000" />
  <attribute name="Current GC Util Change" value="67.000000"/>
  <attribute name="GC Util currently" value="67" />
  <attribute name="CPU Util currently" value="24333762330918" />
<exclusive-end id="4273" timestamp="2019-06-16T00:36:32.459" durationms="3.327" />

<exclusive-start id="4274" timestamp="2019-06-16T00:36:32.518" intervalms="62.006">
  <response-info timems="0.056" idlems="0.056" threads="0" lastid="0000000001627700" lastname="main" />
</exclusive-start>
<allocation-taxation id="4275" taxation-threshold="13631488" timestamp="2019-06-16T00:36:32.518" intervalms="62.056" />
<gc-start id="4276" type="global mark phase" contextid="4031" timestamp="2019-06-16T00:36:32.518">
  <mem-info id="4277" free="36700160" total="85983232" percent="42">
    <remembered-set count="93504" freebytes="3058176" totalbytes="3432192" percent="89" regionsoverflowed="0" regionsstable="0" regionsrebuilding="15"/>
  </mem-info>
</gc-start>
<gc-op id="4278" type="mark increment" timems="1.187" contextid="4031" timestamp="2019-06-16T00:36:32.519">
  <trace-info objectcount="35" scancount="35" scanbytes="1044" />
  <cardclean-info objects="181" bytes="4920" />
  <finalization candidates="80" enqueued="0" />
  <ownableSynchronizers candidates="21" cleared="0" />
  <references type="soft" candidates="1863" cleared="1" enqueued="1" dynamicThreshold="18" maxThreshold="32" />
  <references type="weak" candidates="5733" cleared="7" enqueued="3" />
  <references type="phantom" candidates="101" cleared="0" enqueued="0" />
  <stringconstants candidates="13269" cleared="0"  />
</gc-op>
<gc-op id="4279" type="classunload" timems="0.005" contextid="4031" timestamp="2019-06-16T00:36:32.519">
  <classunload-info classloadercandidates="53" classloadersunloaded="0" classesunloaded="0" anonymousclassesunloaded="0" quiescems="0.000" setupms="0.005" scanms="0.000" postms="0.000" />
</gc-op>
<gc-end id="4280" type="global mark phase" contextid="4031" durationms="1.771" usertimems="4.000" systemtimems="0.000" timestamp="2019-06-16T00:36:32.520" activeThreads="4">
  <mem-info id="4281" free="36700160" total="85983232" percent="42">
    <pending-finalizers system="0" default="0" reference="4" classloader="0" />
    <remembered-set count="95040" freebytes="3052032" totalbytes="3432192" percent="88" regionsoverflowed="0" regionsstable="0" regionsrebuilding="0"/>
  </mem-info>
</gc-end>
<cycle-end id="4282" type="global mark phase" contextid="4031" timestamp="2019-06-16T00:36:32.520" />
  <attribute name="elasticGC enabled" value="1" />
  <attribute name= "numThreadsSpecified" value="4" />
  <attribute name="heapSize specified" value="0" />
  <attribute name="Current GC Util" value="0" />
  <attribute name= "Current Time Running" value="22184" />
  <attribute name ="GC Interval" value="0" />
  <attribute name="ProportionalT" value="-30.000000" />
  <attribute name="ProportionalI" value="-30.000000" />
  <attribute name="ProportionalH" value="-30.000000" />
  <attribute name="Current Error" value="-20.000000" />
  <attribute name="IntegralT" value="0.000000" />
  <attribute name="IntegralI" value="0.000000" />
  <attribute name="IntegralH" value="0.000000" />
  <attribute name="DerivativeT" value="-inf" />
  <attribute name="DerivativeI" value="-inf" />
  <attribute name="DerivativeH" value="-inf" />
  <attribute name="Loop Time for DT" value="0.000000" />
  <attribute name="Output H" value="2091843584"/>
  <attribute name="Output I" value="200"/>
  <attribute name="Output T" value="4"/>
  <attribute name="Target GC Util Change" value ="20.000000" />
  <attribute name="Current GC Util Change" value="0.000000"/>
  <attribute name="GC Util currently" value="0" />
  <attribute name="CPU Util currently" value="62272114308101" />
<exclusive-end id="4283" timestamp="2019-06-16T00:36:32.520" durationms="2.456" />

<exclusive-start id="4284" timestamp="2019-06-16T00:36:32.530" intervalms="12.187">
  <response-info timems="0.091" idlems="0.091" threads="0" lastid="0000000001627700" lastname="main" />
</exclusive-start>
<allocation-taxation id="4285" taxation-threshold="13631488" timestamp="2019-06-16T00:36:32.530" intervalms="12.191" />
<cycle-start id="4286" type="partial gc" contextid="0" timestamp="2019-06-16T00:36:32.530" intervalms="74.296" />
<gc-start id="4287" type="partial gc" contextid="4286" timestamp="2019-06-16T00:36:32.530">
  <mem-info id="4288" free="23068672" total="85983232" percent="26">
    <mem type="eden" free="1048456" total="28311552" percent="3" />
    <remembered-set count="20800" freebytes="3348992" totalbytes="3432192" percent="97" regionsoverflowed="0" regionsstable="15" regionsrebuilding="0"/>
  </mem-info>
</gc-start>
<allocation-stats totalBytes="27261296" >
  <allocated-bytes non-tlh="0" tlh="27261296" arrayletleaf="0"/>
  <largest-consumer threadName="main" threadId="0000000001627700" bytes="13630656" />
</allocation-stats>
<gc-op id="4289" type="sweep" timems="0.669" contextid="4286" timestamp="2019-06-16T00:36:32.531" />
<gc-op id="4290" type="copy forward" timems="1.281" contextid="4286" timestamp="2019-06-16T00:36:32.533">
  <memory-copied type="eden" objects="2" bytes="48" bytesdiscarded="0" />
  <memory-copied type="other" objects="29" bytes="824" bytesdiscarded="2008" />
  <memory-cardclean objects="114" bytes="3696" />
  <regions eden="13" other="3" />
  <remembered-set-cleared processed="18864" cleared="22" durationms="0.220" />
  <stringconstants candidates="13269" cleared="0"  />
</gc-op>
<gc-op id="4291" type="classunload" timems="0.003" contextid="4286" timestamp="2019-06-16T00:36:32.533">
  <classunload-info classloadercandidates="53" classloadersunloaded="0" classesunloaded="0" anonymousclassesunloaded="0" quiescems="0.000" setupms="0.003" scanms="0.000" postms="0.000" />
</gc-op>
<gc-end id="4292" type="partial gc" contextid="4286" durationms="3.136" usertimems="8.000" systemtimems="0.000" timestamp="2019-06-16T00:36:32.534" activeThreads="4">
  <mem-info id="4293" free="50331648" total="85983232" percent="58">
    <mem type="eden" free="1046480" total="1048576" percent="99" />
    <remembered-set count="21696" freebytes="3345408" totalbytes="3432192" percent="97" regionsoverflowed="0" regionsstable="15" regionsrebuilding="0"/>
  </mem-info>
</gc-end>
<cycle-end id="4294" type="partial gc" contextid="4286" timestamp="2019-06-16T00:36:32.534" />
  <attribute name="elasticGC enabled" value="1" />
  <attribute name= "numThreadsSpecified" value="4" />
  <attribute name="heapSize specified" value="0" />
  <attribute name="Current GC Util" value="66" />
  <attribute name= "Current Time Running" value="22198" />
  <attribute name ="GC Interval" value="0" />
  <attribute name="ProportionalT" value="69.000000" />
  <attribute name="ProportionalI" value="69.000000" />
  <attribute name="ProportionalH" value="69.000000" />
  <attribute name="Current Error" value="46.000000" />
  <attribute name="IntegralT" value="0.000000" />
  <attribute name="IntegralI" value="0.000000" />
  <attribute name="IntegralH" value="0.000000" />
  <attribute name="DerivativeT" value="-inf" />
  <attribute name="DerivativeI" value="-inf" />
  <attribute name="DerivativeH" value="-inf" />
  <attribute name="Loop Time for DT" value="0.000000" />
  <attribute name="Output H" value="2091843584"/>
  <attribute name="Output I" value="200"/>
  <attribute name="Output T" value="4"/>
  <attribute name="Target GC Util Change" value ="20.000000" />
  <attribute name="Current GC Util Change" value="66.000000"/>
  <attribute name="GC Util currently" value="66" />
  <attribute name="CPU Util currently" value="23671400769104" />
<exclusive-end id="4295" timestamp="2019-06-16T00:36:32.534" durationms="4.073" />

<exclusive-start id="4296" timestamp="2019-06-16T00:36:32.620" intervalms="90.642">
  <response-info timems="0.083" idlems="0.083" threads="0" lastid="0000000001627700" lastname="main" />
</exclusive-start>
<allocation-taxation id="4297" taxation-threshold="28311552" timestamp="2019-06-16T00:36:32.621" intervalms="90.663" />
<cycle-start id="4298" type="partial gc" contextid="0" timestamp="2019-06-16T00:36:32.621" intervalms="90.660" />
<gc-start id="4299" type="partial gc" contextid="4298" timestamp="2019-06-16T00:36:32.621">
  <mem-info id="4300" free="22020096" total="85983232" percent="25">
    <mem type="eden" free="0" total="28311552" percent="0" />
    <remembered-set count="2176" freebytes="3423488" totalbytes="3432192" percent="99" regionsoverflowed="0" regionsstable="18" regionsrebuilding="0"/>
  </mem-info>
</gc-start>
<allocation-stats totalBytes="28309816" >
  <allocated-bytes non-tlh="0" tlh="28309816" arrayletleaf="0"/>
  <largest-consumer threadName="main" threadId="0000000001627700" bytes="28309816" />
</allocation-stats>
<gc-op id="4301" type="copy forward" timems="1.220" contextid="4298" timestamp="2019-06-16T00:36:32.623">
  <memory-copied type="eden" objects="37" bytes="1008" bytesdiscarded="336" />
  <memory-copied type="other" objects="42" bytes="952" bytesdiscarded="2416" />
  <memory-cardclean objects="150" bytes="4192" />
  <regions eden="27" other="6" />
  <remembered-set-cleared processed="36" cleared="21" durationms="0.094" />
  <stringconstants candidates="13269" cleared="0"  />
</gc-op>
<gc-op id="4302" type="classunload" timems="0.004" contextid="4298" timestamp="2019-06-16T00:36:32.623">
  <classunload-info classloadercandidates="53" classloadersunloaded="0" classesunloaded="0" anonymousclassesunloaded="0" quiescems="0.000" setupms="0.004" scanms="0.000" postms="0.000" />
</gc-op>
<gc-end id="4303" type="partial gc" contextid="4298" durationms="2.178" usertimems="0.000" systemtimems="0.000" timestamp="2019-06-16T00:36:32.623" activeThreads="4">
  <mem-info id="4304" free="52428800" total="85983232" percent="60">
    <mem type="eden" free="1047232" total="1048576" percent="99" />
    <remembered-set count="2304" freebytes="3422976" totalbytes="3432192" percent="99" regionsoverflowed="0" regionsstable="18" regionsrebuilding="0"/>
  </mem-info>
</gc-end>
<cycle-end id="4305" type="partial gc" contextid="4298" timestamp="2019-06-16T00:36:32.623" />
  <attribute name="elasticGC enabled" value="1" />
  <attribute name= "numThreadsSpecified" value="4" />
  <attribute name="heapSize specified" value="0" />
  <attribute name="Current GC Util" value="54" />
  <attribute name= "Current Time Running" value="22288" />
  <attribute name ="GC Interval" value="0" />
  <attribute name="ProportionalT" value="51.000000" />
  <attribute name="ProportionalI" value="51.000000" />
  <attribute name="ProportionalH" value="51.000000" />
  <attribute name="Current Error" value="34.000000" />
  <attribute name="IntegralT" value="34.000000" />
  <attribute name="IntegralI" value="34.000000" />
  <attribute name="IntegralH" value="34.000000" />
  <attribute name="DerivativeT" value="17.000000" />
  <attribute name="DerivativeI" value="17.000000" />
  <attribute name="DerivativeH" value="17.000000" />
  <attribute name="Loop Time for DT" value="1.000000" />
  <attribute name="Output H" value="8388608"/>
  <attribute name="Output I" value="200"/>
  <attribute name="Output T" value="4"/>
  <attribute name="Target GC Util Change" value ="20.000000" />
  <attribute name="Current GC Util Change" value="54.000000"/>
  <attribute name="GC Util currently" value="54" />
  <attribute name="CPU Util currently" value="21471773167470" />
<exclusive-end id="4306" timestamp="2019-06-16T00:36:32.624" durationms="3.148" />

<exclusive-start id="4307" timestamp="2019-06-16T00:36:32.636" intervalms="15.489">
  <response-info timems="0.085" idlems="0.085" threads="0" lastid="0000000001627700" lastname="main" />
</exclusive-start>
<allocation-taxation id="4308" taxation-threshold="28311552" timestamp="2019-06-16T00:36:32.636" intervalms="15.426" />
<cycle-start id="4309" type="partial gc" contextid="0" timestamp="2019-06-16T00:36:32.636" intervalms="15.425" />
<gc-start id="4310" type="partial gc" contextid="4309" timestamp="2019-06-16T00:36:32.637">
  <mem-info id="4311" free="24117248" total="85983232" percent="28">
    <mem type="eden" free="0" total="28311552" percent="0" />
    <remembered-set count="1824" freebytes="3424896" totalbytes="3432192" percent="99" regionsoverflowed="0" regionsstable="18" regionsrebuilding="0"/>
  </mem-info>
</gc-start>
<allocation-stats totalBytes="28309296" >
  <allocated-bytes non-tlh="0" tlh="28309296" arrayletleaf="0"/>
  <largest-consumer threadName="main" threadId="0000000001627700" bytes="28309296" />
</allocation-stats>
<gc-op id="4312" type="copy forward" timems="0.802" contextid="4309" timestamp="2019-06-16T00:36:32.638">
  <memory-copied type="eden" objects="2" bytes="48" bytesdiscarded="0" />
  <memory-copied type="other" objects="41" bytes="1096" bytesdiscarded="0" />
  <memory-cardclean objects="80" bytes="2520" />
  <regions eden="27" other="2" />
  <remembered-set-cleared processed="41" cleared="17" durationms="0.105" />
  <stringconstants candidates="13269" cleared="0"  />
</gc-op>
<gc-op id="4313" type="classunload" timems="0.004" contextid="4309" timestamp="2019-06-16T00:36:32.638">
  <classunload-info classloadercandidates="53" classloadersunloaded="0" classesunloaded="0" anonymousclassesunloaded="0" quiescems="0.000" setupms="0.003" scanms="0.000" postms="0.000" />
</gc-op>
<gc-end id="4314" type="partial gc" contextid="4309" durationms="1.773" usertimems="4.000" systemtimems="0.000" timestamp="2019-06-16T00:36:32.638" activeThreads="1">
  <mem-info id="4315" free="51380224" total="85983232" percent="59">
    <mem type="eden" free="1048528" total="1048576" percent="99" />
    <remembered-set count="1696" freebytes="3425408" totalbytes="3432192" percent="99" regionsoverflowed="0" regionsstable="18" regionsrebuilding="0"/>
  </mem-info>
</gc-end>
<cycle-end id="4316" type="partial gc" contextid="4309" timestamp="2019-06-16T00:36:32.638" />
  <attribute name="elasticGC enabled" value="1" />
  <attribute name= "numThreadsSpecified" value="1" />
  <attribute name="heapSize specified" value="0" />
  <attribute name="Current GC Util" value="57" />
  <attribute name= "Current Time Running" value="22303" />
  <attribute name ="GC Interval" value="0" />
  <attribute name="ProportionalT" value="55.500000" />
  <attribute name="ProportionalI" value="55.500000" />
  <attribute name="ProportionalH" value="55.500000" />
  <attribute name="Current Error" value="37.000000" />
  <attribute name="IntegralT" value="0.000000" />
  <attribute name="IntegralI" value="0.000000" />
  <attribute name="IntegralH" value="0.000000" />
  <attribute name="DerivativeT" value="inf" />
  <attribute name="DerivativeI" value="inf" />
  <attribute name="DerivativeH" value="inf" />
  <attribute name="Loop Time for DT" value="0.000000" />
  <attribute name="Output H" value="8388608"/>
  <attribute name="Output I" value="200"/>
  <attribute name="Output T" value="1"/>
  <attribute name="Target GC Util Change" value ="20.000000" />
  <attribute name="Current GC Util Change" value="57.000000"/>
  <attribute name="GC Util currently" value="57" />
  <attribute name="CPU Util currently" value="21983125272541" />
<exclusive-end id="4317" timestamp="2019-06-16T00:36:32.639" durationms="2.687" />

<exclusive-start id="4318" timestamp="2019-06-16T00:36:32.649" intervalms="13.062">
  <response-info timems="0.068" idlems="0.068" threads="0" lastid="0000000001627700" lastname="main" />
</exclusive-start>
<allocation-taxation id="4319" taxation-threshold="13631488" timestamp="2019-06-16T00:36:32.649" intervalms="13.089" />
<cycle-start id="4320" type="global mark phase" contextid="0" timestamp="2019-06-16T00:36:32.649" intervalms="644.899" />
<gc-start id="4321" type="global mark phase" contextid="4320" timestamp="2019-06-16T00:36:32.649">
  <mem-info id="4322" free="37748736" total="85983232" percent="43">
    <remembered-set count="1472" freebytes="3426304" totalbytes="3432192" percent="99" regionsoverflowed="0" regionsstable="18" regionsrebuilding="0"/>
  </mem-info>
</gc-start>
<gc-op id="4323" type="mark increment" timems="1.306" contextid="4320" timestamp="2019-06-16T00:36:32.651">
  <trace-info objectcount="17805" scancount="6210" scanbytes="236748" />
</gc-op>
<gc-end id="4324" type="global mark phase" contextid="4320" durationms="1.485" usertimems="0.000" systemtimems="0.000" timestamp="2019-06-16T00:36:32.651" activeThreads="4">
  <mem-info id="4325" free="37748736" total="85983232" percent="43">
    <remembered-set count="4032" freebytes="3416064" totalbytes="3432192" percent="99" regionsoverflowed="0" regionsstable="0" regionsrebuilding="18"/>
  </mem-info>
</gc-end>
<concurrent-start id="4326" type="GMP work packet processing" contextid="4320" timestamp="2019-06-16T00:36:32.651">
  <concurrent-mark-start scanTarget="1048576" />
</concurrent-start>
<exclusive-end id="4327" timestamp="2019-06-16T00:36:32.651" durationms="2.242" />

<concurrent-end id="4328" type="GMP work packet processing" contextid="4320" timestamp="2019-06-16T00:36:32.652">
  <concurrent-mark-end bytesScanned="1107588" reasonForTermination="Work target met" />
</concurrent-end>

<exclusive-start id="4329" timestamp="2019-06-16T00:36:32.670" intervalms="20.961">
  <response-info timems="0.095" idlems="0.095" threads="0" lastid="0000000001627700" lastname="main" />
</exclusive-start>
<allocation-taxation id="4330" taxation-threshold="13631488" timestamp="2019-06-16T00:36:32.670" intervalms="20.947" />
<cycle-start id="4331" type="partial gc" contextid="0" timestamp="2019-06-16T00:36:32.670" intervalms="34.027" />
<gc-start id="4332" type="partial gc" contextid="4331" timestamp="2019-06-16T00:36:32.671">
  <mem-info id="4333" free="24117248" total="85983232" percent="28">
    <mem type="eden" free="1048528" total="28311552" percent="3" />
    <remembered-set count="14624" freebytes="3373696" totalbytes="3432192" percent="98" regionsoverflowed="0" regionsstable="0" regionsrebuilding="18"/>
  </mem-info>
</gc-start>
<allocation-stats totalBytes="27260896" >
  <allocated-bytes non-tlh="0" tlh="27260896" arrayletleaf="0"/>
  <largest-consumer threadName="main" threadId="0000000001627700" bytes="13630560" />
</allocation-stats>
<gc-op id="4334" type="copy forward" timems="1.090" contextid="4331" timestamp="2019-06-16T00:36:32.672">
  <memory-copied type="eden" objects="29" bytes="848" bytesdiscarded="0" />
  <memory-copied type="other" objects="6" bytes="136" bytesdiscarded="0" />
  <memory-cardclean objects="99" bytes="3032" />
  <regions eden="26" other="2" />
  <remembered-set-cleared processed="12321" cleared="68" durationms="0.191" />
  <stringconstants candidates="13269" cleared="0"  />
</gc-op>
<gc-op id="4335" type="classunload" timems="0.004" contextid="4331" timestamp="2019-06-16T00:36:32.672">
  <classunload-info classloadercandidates="53" classloadersunloaded="0" classesunloaded="0" anonymousclassesunloaded="0" quiescems="0.000" setupms="0.004" scanms="0.000" postms="0.000" />
</gc-op>
<heap-resize id="4336" type="expand" space="default" amount="1048576" count="1" timems="0.050" reason="excessive time being spent in gc" timestamp="2019-06-16T00:36:32.673" />
<gc-end id="4337" type="partial gc" contextid="4331" durationms="2.216" usertimems="0.000" systemtimems="0.000" timestamp="2019-06-16T00:36:32.673" activeThreads="1">
  <mem-info id="4338" free="52428800" total="87031808" percent="60">
    <mem type="eden" free="1047728" total="1048576" percent="99" />
    <remembered-set count="14848" freebytes="3414656" totalbytes="3474048" percent="98" regionsoverflowed="0" regionsstable="0" regionsrebuilding="18"/>
  </mem-info>
</gc-end>
<cycle-end id="4339" type="partial gc" contextid="4331" timestamp="2019-06-16T00:36:32.673" />
  <attribute name="elasticGC enabled" value="1" />
  <attribute name= "numThreadsSpecified" value="1" />
  <attribute name="heapSize specified" value="0" />
  <attribute name="Current GC Util" value="59" />
  <attribute name= "Current Time Running" value="22337" />
  <attribute name ="GC Interval" value="0" />
  <attribute name="ProportionalT" value="58.500000" />
  <attribute name="ProportionalI" value="58.500000" />
  <attribute name="ProportionalH" value="58.500000" />
  <attribute name="Current Error" value="39.000000" />
  <attribute name="IntegralT" value="0.000000" />
  <attribute name="IntegralI" value="0.000000" />
  <attribute name="IntegralH" value="0.000000" />
  <attribute name="DerivativeT" value="inf" />
  <attribute name="DerivativeI" value="inf" />
  <attribute name="DerivativeH" value="inf" />
  <attribute name="Loop Time for DT" value="0.000000" />
  <attribute name="Output H" value="8388608"/>
  <attribute name="Output I" value="200"/>
  <attribute name="Output T" value="1"/>
  <attribute name="Target GC Util Change" value ="20.000000" />
  <attribute name="Current GC Util Change" value="59.000000"/>
  <attribute name="GC Util currently" value="59" />
  <attribute name="CPU Util currently" value="22889618904797" />
<exclusive-end id="4340" timestamp="2019-06-16T00:36:32.673" durationms="3.133" />

<exclusive-start id="4341" timestamp="2019-06-16T00:36:32.691" intervalms="21.333">
  <response-info timems="0.095" idlems="0.095" threads="0" lastid="0000000001627700" lastname="main" />
</exclusive-start>
<allocation-taxation id="4342" taxation-threshold="13631488" timestamp="2019-06-16T00:36:32.691" intervalms="21.319" />
<gc-start id="4343" type="global mark phase" contextid="4320" timestamp="2019-06-16T00:36:32.692">
  <mem-info id="4344" free="38797312" total="87031808" percent="44">
    <remembered-set count="14560" freebytes="3415808" totalbytes="3474048" percent="98" regionsoverflowed="0" regionsstable="0" regionsrebuilding="18"/>
  </mem-info>
</gc-start>
<gc-end id="4345" type="global mark phase" contextid="4320" durationms="0.144" usertimems="0.000" systemtimems="0.000" timestamp="2019-06-16T00:36:32.692" activeThreads="1">
  <mem-info id="4346" free="38797312" total="87031808" percent="44">
    <remembered-set count="14560" freebytes="3415808" totalbytes="3474048" percent="98" regionsoverflowed="0" regionsstable="0" regionsrebuilding="18"/>
  </mem-info>
</gc-end>
<concurrent-start id="4347" type="GMP work packet processing" contextid="4320" timestamp="2019-06-16T00:36:32.692">
  <concurrent-mark-start scanTarget="1048576" />
</concurrent-start>
<exclusive-end id="4348" timestamp="2019-06-16T00:36:32.692" durationms="0.847" />

<concurrent-end id="4349" type="GMP work packet processing" contextid="4320" timestamp="2019-06-16T00:36:32.696">
  <concurrent-mark-end bytesScanned="1107256" reasonForTermination="Work target met" />
</concurrent-end>

<exclusive-start id="4350" timestamp="2019-06-16T00:36:32.711" intervalms="19.975">
  <response-info timems="0.094" idlems="0.094" threads="0" lastid="0000000001627700" lastname="main" />
</exclusive-start>
<allocation-taxation id="4351" taxation-threshold="13631488" timestamp="2019-06-16T00:36:32.711" intervalms="20.011" />
<cycle-start id="4352" type="partial gc" contextid="0" timestamp="2019-06-16T00:36:32.712" intervalms="41.335" />
<gc-start id="4353" type="partial gc" contextid="4352" timestamp="2019-06-16T00:36:32.712">
  <mem-info id="4354" free="25165824" total="87031808" percent="28">
    <mem type="eden" free="0" total="27262976" percent="0" />
    <remembered-set count="26592" freebytes="3367680" totalbytes="3474048" percent="96" regionsoverflowed="0" regionsstable="0" regionsrebuilding="18"/>
  </mem-info>
</gc-start>
<allocation-stats totalBytes="27261136" >
  <allocated-bytes non-tlh="0" tlh="27261136" arrayletleaf="0"/>
  <largest-consumer threadName="main" threadId="0000000001627700" bytes="13630608" />
</allocation-stats>
<gc-op id="4355" type="copy forward" timems="1.320" contextid="4352" timestamp="2019-06-16T00:36:32.714">
  <memory-copied type="eden" objects="10" bytes="248" bytesdiscarded="0" />
  <memory-copied type="other" objects="26" bytes="784" bytesdiscarded="0" />
  <memory-cardclean objects="94" bytes="3032" />
  <regions eden="26" other="2" />
  <remembered-set-cleared processed="24374" cleared="112" durationms="0.273" />
  <stringconstants candidates="13269" cleared="0"  />
</gc-op>
<gc-op id="4356" type="classunload" timems="0.004" contextid="4352" timestamp="2019-06-16T00:36:32.714">
  <classunload-info classloadercandidates="53" classloadersunloaded="0" classesunloaded="0" anonymousclassesunloaded="0" quiescems="0.000" setupms="0.004" scanms="0.000" postms="0.000" />
</gc-op>
<gc-end id="4357" type="partial gc" contextid="4352" durationms="2.228" usertimems="0.000" systemtimems="0.000" timestamp="2019-06-16T00:36:32.714" activeThreads="1">
  <mem-info id="4358" free="51380224" total="87031808" percent="59">
    <mem type="eden" free="1048328" total="1048576" percent="99" />
    <remembered-set count="26688" freebytes="3367296" totalbytes="3474048" percent="96" regionsoverflowed="0" regionsstable="0" regionsrebuilding="18"/>
  </mem-info>
</gc-end>
<cycle-end id="4359" type="partial gc" contextid="4352" timestamp="2019-06-16T00:36:32.714" />
  <attribute name="elasticGC enabled" value="1" />
  <attribute name= "numThreadsSpecified" value="1" />
  <attribute name="heapSize specified" value="0" />
  <attribute name="Current GC Util" value="54" />
  <attribute name= "Current Time Running" value="22378" />
  <attribute name ="GC Interval" value="0" />
  <attribute name="ProportionalT" value="51.000000" />
  <attribute name="ProportionalI" value="51.000000" />
  <attribute name="ProportionalH" value="51.000000" />
  <attribute name="Current Error" value="34.000000" />
  <attribute name="IntegralT" value="0.000000" />
  <attribute name="IntegralI" value="0.000000" />
  <attribute name="IntegralH" value="0.000000" />
  <attribute name="DerivativeT" value="inf" />
  <attribute name="DerivativeI" value="inf" />
  <attribute name="DerivativeH" value="inf" />
  <attribute name="Loop Time for DT" value="0.000000" />
  <attribute name="Output H" value="8388608"/>
  <attribute name="Output I" value="200"/>
  <attribute name="Output T" value="1"/>
  <attribute name="Target GC Util Change" value ="20.000000" />
  <attribute name="Current GC Util Change" value="54.000000"/>
  <attribute name="GC Util currently" value="54" />
  <attribute name="CPU Util currently" value="20501940387087" />
<exclusive-end id="4360" timestamp="2019-06-16T00:36:32.714" durationms="3.162" />

<exclusive-start id="4361" timestamp="2019-06-16T00:36:32.729" intervalms="17.292">
  <response-info timems="0.070" idlems="0.070" threads="0" lastid="0000000001627700" lastname="main" />
</exclusive-start>
<allocation-taxation id="4362" taxation-threshold="13631488" timestamp="2019-06-16T00:36:32.729" intervalms="17.270" />
<gc-start id="4363" type="global mark phase" contextid="4320" timestamp="2019-06-16T00:36:32.729">
  <mem-info id="4364" free="37748736" total="87031808" percent="43">
    <remembered-set count="26560" freebytes="3367808" totalbytes="3474048" percent="96" regionsoverflowed="0" regionsstable="0" regionsrebuilding="18"/>
  </mem-info>
</gc-start>
<gc-end id="4365" type="global mark phase" contextid="4320" durationms="0.152" usertimems="0.000" systemtimems="0.000" timestamp="2019-06-16T00:36:32.729" activeThreads="1">
  <mem-info id="4366" free="37748736" total="87031808" percent="43">
    <remembered-set count="26560" freebytes="3367808" totalbytes="3474048" percent="96" regionsoverflowed="0" regionsstable="0" regionsrebuilding="18"/>
  </mem-info>
</gc-end>
<concurrent-start id="4367" type="GMP work packet processing" contextid="4320" timestamp="2019-06-16T00:36:32.729">
  <concurrent-mark-start scanTarget="1048576" />
</concurrent-start>
<exclusive-end id="4368" timestamp="2019-06-16T00:36:32.729" durationms="0.826" />

<concurrent-end id="4369" type="GMP work packet processing" contextid="4320" timestamp="2019-06-16T00:36:32.731">
  <concurrent-mark-end bytesScanned="1100924" reasonForTermination="Work target met" />
</concurrent-end>

<exclusive-start id="4370" timestamp="2019-06-16T00:36:32.743" intervalms="14.104">
  <response-info timems="0.069" idlems="0.069" threads="0" lastid="0000000001627700" lastname="main" />
</exclusive-start>
<allocation-taxation id="4371" taxation-threshold="13631488" timestamp="2019-06-16T00:36:32.743" intervalms="14.142" />
<cycle-start id="4372" type="partial gc" contextid="0" timestamp="2019-06-16T00:36:32.743" intervalms="31.382" />
<gc-start id="4373" type="partial gc" contextid="4372" timestamp="2019-06-16T00:36:32.743">
  <mem-info id="4374" free="24117248" total="87031808" percent="27">
    <mem type="eden" free="1048328" total="28311552" percent="3" />
    <remembered-set count="40032" freebytes="3313920" totalbytes="3474048" percent="95" regionsoverflowed="0" regionsstable="0" regionsrebuilding="18"/>
  </mem-info>
</gc-start>
<allocation-stats totalBytes="27261080" >
  <allocated-bytes non-tlh="0" tlh="27261080" arrayletleaf="0"/>
  <largest-consumer threadName="main" threadId="0000000001627700" bytes="13630480" />
</allocation-stats>
<gc-op id="4375" type="copy forward" timems="1.593" contextid="4372" timestamp="2019-06-16T00:36:32.746">
  <memory-copied type="eden" objects="35" bytes="1072" bytesdiscarded="0" />
  <memory-copied type="other" objects="12" bytes="272" bytesdiscarded="96" />
  <memory-cardclean objects="117" bytes="3496" />
  <regions eden="26" other="3" />
  <remembered-set-cleared processed="37599" cleared="79" durationms="0.357" />
  <stringconstants candidates="13269" cleared="0"  />
</gc-op>
<gc-op id="4376" type="classunload" timems="0.004" contextid="4372" timestamp="2019-06-16T00:36:32.746">
  <classunload-info classloadercandidates="53" classloadersunloaded="0" classesunloaded="0" anonymousclassesunloaded="0" quiescems="0.000" setupms="0.003" scanms="0.000" postms="0.000" />
</gc-op>
<gc-end id="4377" type="partial gc" contextid="4372" durationms="2.923" usertimems="4.000" systemtimems="0.000" timestamp="2019-06-16T00:36:32.746" activeThreads="1">
  <mem-info id="4378" free="52428800" total="87031808" percent="60">
    <mem type="eden" free="1047504" total="1048576" percent="99" />
    <remembered-set count="40224" freebytes="3313152" totalbytes="3474048" percent="95" regionsoverflowed="0" regionsstable="0" regionsrebuilding="18"/>
  </mem-info>
</gc-end>
<cycle-end id="4379" type="partial gc" contextid="4372" timestamp="2019-06-16T00:36:32.746" />
  <attribute name="elasticGC enabled" value="1" />
  <attribute name= "numThreadsSpecified" value="1" />
  <attribute name="heapSize specified" value="0" />
  <attribute name="Current GC Util" value="160" />
  <attribute name= "Current Time Running" value="22410" />
  <attribute name ="GC Interval" value="0" />
  <attribute name="ProportionalT" value="210.000000" />
  <attribute name="ProportionalI" value="210.000000" />
  <attribute name="ProportionalH" value="210.000000" />
  <attribute name="Current Error" value="140.000000" />
  <attribute name="IntegralT" value="0.000000" />
  <attribute name="IntegralI" value="0.000000" />
  <attribute name="IntegralH" value="0.000000" />
  <attribute name="DerivativeT" value="inf" />
  <attribute name="DerivativeI" value="inf" />
  <attribute name="DerivativeH" value="inf" />
  <attribute name="Loop Time for DT" value="0.000000" />
  <attribute name="Output H" value="8388608"/>
  <attribute name="Output I" value="200"/>
  <attribute name="Output T" value="1"/>
  <attribute name="Target GC Util Change" value ="20.000000" />
  <attribute name="Current GC Util Change" value="160.000000"/>
  <attribute name="GC Util currently" value="160" />
  <attribute name="CPU Util currently" value="9595724427780" />
<exclusive-end id="4380" timestamp="2019-06-16T00:36:32.747" durationms="3.903" />

<exclusive-start id="4381" timestamp="2019-06-16T00:36:32.760" intervalms="17.600">
  <response-info timems="0.077" idlems="0.077" threads="0" lastid="0000000001627700" lastname="main" />
</exclusive-start>
<allocation-taxation id="4382" taxation-threshold="13631488" timestamp="2019-06-16T00:36:32.760" intervalms="17.617" />
<gc-start id="4383" type="global mark phase" contextid="4320" timestamp="2019-06-16T00:36:32.761">
  <mem-info id="4384" free="38797312" total="87031808" percent="44">
    <remembered-set count="39840" freebytes="3314688" totalbytes="3474048" percent="95" regionsoverflowed="0" regionsstable="0" regionsrebuilding="18"/>
  </mem-info>
</gc-start>
<gc-end id="4385" type="global mark phase" contextid="4320" durationms="0.205" usertimems="0.000" systemtimems="0.000" timestamp="2019-06-16T00:36:32.761" activeThreads="1">
  <mem-info id="4386" free="38797312" total="87031808" percent="44">
    <remembered-set count="39840" freebytes="3314688" totalbytes="3474048" percent="95" regionsoverflowed="0" regionsstable="0" regionsrebuilding="18"/>
  </mem-info>
</gc-end>
<concurrent-start id="4387" type="GMP work packet processing" contextid="4320" timestamp="2019-06-16T00:36:32.761">
  <concurrent-mark-start scanTarget="1048576" />
</concurrent-start>
<exclusive-end id="4388" timestamp="2019-06-16T00:36:32.761" durationms="1.123" />

<concurrent-end id="4389" type="GMP work packet processing" contextid="4320" timestamp="2019-06-16T00:36:32.762">
  <concurrent-mark-end bytesScanned="1081384" reasonForTermination="Work target met" />
</concurrent-end>

<exclusive-start id="4390" timestamp="2019-06-16T00:36:32.775" intervalms="14.506">
  <response-info timems="0.084" idlems="0.084" threads="0" lastid="0000000001627700" lastname="main" />
</exclusive-start>
<allocation-taxation id="4391" taxation-threshold="13631488" timestamp="2019-06-16T00:36:32.775" intervalms="14.504" />
<cycle-start id="4392" type="partial gc" contextid="0" timestamp="2019-06-16T00:36:32.775" intervalms="32.179" />
<gc-start id="4393" type="partial gc" contextid="4392" timestamp="2019-06-16T00:36:32.775">
  <mem-info id="4394" free="25165824" total="87031808" percent="28">
    <mem type="eden" free="0" total="27262976" percent="0" />
    <remembered-set count="48064" freebytes="3281792" totalbytes="3474048" percent="94" regionsoverflowed="0" regionsstable="0" regionsrebuilding="18"/>
  </mem-info>
</gc-start>
<allocation-stats totalBytes="27260872" >
  <allocated-bytes non-tlh="0" tlh="27260872" arrayletleaf="0"/>
  <largest-consumer threadName="main" threadId="0000000001627700" bytes="13630464" />
</allocation-stats>
<gc-op id="4395" type="copy forward" timems="1.601" contextid="4392" timestamp="2019-06-16T00:36:32.778">
  <memory-copied type="eden" objects="8" bytes="224" bytesdiscarded="0" />
  <memory-copied type="other" objects="49" bytes="1424" bytesdiscarded="0" />
  <memory-cardclean objects="109" bytes="3424" />
  <regions eden="26" other="2" />
  <remembered-set-cleared processed="45848" cleared="82" durationms="0.431" />
  <stringconstants candidates="13269" cleared="0"  />
</gc-op>
<gc-op id="4396" type="classunload" timems="0.004" contextid="4392" timestamp="2019-06-16T00:36:32.778">
  <classunload-info classloadercandidates="53" classloadersunloaded="0" classesunloaded="0" anonymousclassesunloaded="0" quiescems="0.000" setupms="0.004" scanms="0.000" postms="0.000" />
</gc-op>
<gc-end id="4397" type="partial gc" contextid="4392" durationms="2.871" usertimems="0.000" systemtimems="0.000" timestamp="2019-06-16T00:36:32.778" activeThreads="1">
  <mem-info id="4398" free="51380224" total="87031808" percent="59">
    <mem type="eden" free="1048352" total="1048576" percent="99" />
    <remembered-set count="48320" freebytes="3280768" totalbytes="3474048" percent="94" regionsoverflowed="0" regionsstable="0" regionsrebuilding="18"/>
  </mem-info>
</gc-end>
<cycle-end id="4399" type="partial gc" contextid="4392" timestamp="2019-06-16T00:36:32.778" />
  <attribute name="elasticGC enabled" value="1" />
  <attribute name= "numThreadsSpecified" value="1" />
  <attribute name="heapSize specified" value="0" />
  <attribute name="Current GC Util" value="151" />
  <attribute name= "Current Time Running" value="22442" />
  <attribute name ="GC Interval" value="0" />
  <attribute name="ProportionalT" value="196.500000" />
  <attribute name="ProportionalI" value="196.500000" />
  <attribute name="ProportionalH" value="196.500000" />
  <attribute name="Current Error" value="131.000000" />
  <attribute name="IntegralT" value="0.000000" />
  <attribute name="IntegralI" value="0.000000" />
  <attribute name="IntegralH" value="0.000000" />
  <attribute name="DerivativeT" value="inf" />
  <attribute name="DerivativeI" value="inf" />
  <attribute name="DerivativeH" value="inf" />
  <attribute name="Loop Time for DT" value="0.000000" />
  <attribute name="Output H" value="8388608"/>
  <attribute name="Output I" value="200"/>
  <attribute name="Output T" value="1"/>
  <attribute name="Target GC Util Change" value ="20.000000" />
  <attribute name="Current GC Util Change" value="151.000000"/>
  <attribute name="GC Util currently" value="151" />
  <attribute name="CPU Util currently" value="13710362161309" />
<exclusive-end id="4400" timestamp="2019-06-16T00:36:32.779" durationms="3.976" />

<exclusive-start id="4401" timestamp="2019-06-16T00:36:32.846" intervalms="71.431">
  <response-info timems="0.080" idlems="0.080" threads="0" lastid="0000000001627700" lastname="main" />
</exclusive-start>
<allocation-taxation id="4402" taxation-threshold="13631488" timestamp="2019-06-16T00:36:32.846" intervalms="71.423" />
<gc-start id="4403" type="global mark phase" contextid="4320" timestamp="2019-06-16T00:36:32.847">
  <mem-info id="4404" free="37748736" total="87031808" percent="43">
    <remembered-set count="48128" freebytes="3281536" totalbytes="3474048" percent="94" regionsoverflowed="0" regionsstable="0" regionsrebuilding="18"/>
  </mem-info>
</gc-start>
<gc-end id="4405" type="global mark phase" contextid="4320" durationms="0.143" usertimems="0.000" systemtimems="0.000" timestamp="2019-06-16T00:36:32.847" activeThreads="1">
  <mem-info id="4406" free="37748736" total="87031808" percent="43">
    <remembered-set count="48128" freebytes="3281536" totalbytes="3474048" percent="94" regionsoverflowed="0" regionsstable="0" regionsrebuilding="18"/>
  </mem-info>
</gc-end>
<concurrent-start id="4407" type="GMP work packet processing" contextid="4320" timestamp="2019-06-16T00:36:32.847">
  <concurrent-mark-start scanTarget="1048576" />
</concurrent-start>
<exclusive-end id="4408" timestamp="2019-06-16T00:36:32.847" durationms="1.051" />

<concurrent-end id="4409" type="GMP work packet processing" contextid="4320" timestamp="2019-06-16T00:36:32.848">
  <concurrent-mark-end bytesScanned="1091048" reasonForTermination="Work target met" />
</concurrent-end>

<exclusive-start id="4410" timestamp="2019-06-16T00:36:32.878" intervalms="31.406">
  <response-info timems="0.070" idlems="0.070" threads="0" lastid="0000000001627700" lastname="main" />
</exclusive-start>
<allocation-taxation id="4411" taxation-threshold="13631488" timestamp="2019-06-16T00:36:32.878" intervalms="31.358" />
<cycle-start id="4412" type="partial gc" contextid="0" timestamp="2019-06-16T00:36:32.878" intervalms="102.717" />
<gc-start id="4413" type="partial gc" contextid="4412" timestamp="2019-06-16T00:36:32.878">
  <mem-info id="4414" free="24117248" total="87031808" percent="27">
    <mem type="eden" free="1048352" total="28311552" percent="3" />
    <remembered-set count="57888" freebytes="3242496" totalbytes="3474048" percent="93" regionsoverflowed="0" regionsstable="0" regionsrebuilding="18"/>
  </mem-info>
</gc-start>
<allocation-stats totalBytes="27245048" >
  <allocated-bytes non-tlh="0" tlh="27245048" arrayletleaf="0"/>
  <largest-consumer threadName="main" threadId="0000000001627700" bytes="13619600" />
</allocation-stats>
<gc-op id="4415" type="copy forward" timems="2.907" contextid="4412" timestamp="2019-06-16T00:36:32.882">
  <memory-copied type="eden" objects="57" bytes="2792" bytesdiscarded="384" />
  <memory-copied type="other" objects="36" bytes="816" bytesdiscarded="528" />
  <memory-cardclean objects="128" bytes="3800" />
  <regions eden="26" other="2" />
  <remembered-set-cleared processed="55303" cleared="79" durationms="0.228" />
  <stringconstants candidates="13269" cleared="0"  />
</gc-op>
<gc-op id="4416" type="classunload" timems="0.004" contextid="4412" timestamp="2019-06-16T00:36:32.882">
  <classunload-info classloadercandidates="53" classloadersunloaded="0" classesunloaded="0" anonymousclassesunloaded="0" quiescems="0.000" setupms="0.004" scanms="0.000" postms="0.000" />
</gc-op>
<heap-resize id="4417" type="contract" space="default" amount="5242880" count="1" timems="0.123" reason="insufficient time being spent in gc" timestamp="2019-06-16T00:36:32.882" />
<gc-end id="4418" type="partial gc" contextid="4412" durationms="4.239" usertimems="4.000" systemtimems="4.000" timestamp="2019-06-16T00:36:32.882" activeThreads="4">
  <mem-info id="4419" free="46137344" total="81788928" percent="56">
    <mem type="eden" free="1045400" total="1048576" percent="99" />
    <remembered-set count="58272" freebytes="3240960" totalbytes="3474048" percent="93" regionsoverflowed="0" regionsstable="0" regionsrebuilding="18"/>
  </mem-info>
</gc-end>
<cycle-end id="4420" type="partial gc" contextid="4412" timestamp="2019-06-16T00:36:32.883" />
  <attribute name="elasticGC enabled" value="1" />
  <attribute name= "numThreadsSpecified" value="4" />
  <attribute name="heapSize specified" value="0" />
  <attribute name="Current GC Util" value="175" />
  <attribute name= "Current Time Running" value="22545" />
  <attribute name ="GC Interval" value="0" />
  <attribute name="ProportionalT" value="232.500000" />
  <attribute name="ProportionalI" value="232.500000" />
  <attribute name="ProportionalH" value="232.500000" />
  <attribute name="Current Error" value="155.000000" />
  <attribute name="IntegralT" value="155.000000" />
  <attribute name="IntegralI" value="155.000000" />
  <attribute name="IntegralH" value="155.000000" />
  <attribute name="DerivativeT" value="77.500000" />
  <attribute name="DerivativeI" value="77.500000" />
  <attribute name="DerivativeH" value="77.500000" />
  <attribute name="Loop Time for DT" value="1.000000" />
  <attribute name="Output H" value="8388608"/>
  <attribute name="Output I" value="472"/>
  <attribute name="Output T" value="4"/>
  <attribute name="Target GC Util Change" value ="20.000000" />
  <attribute name="Current GC Util Change" value="175.000000"/>
  <attribute name="GC Util currently" value="175" />
  <attribute name="CPU Util currently" value="14219730041784" />
<exclusive-end id="4421" timestamp="2019-06-16T00:36:32.883" durationms="5.167" />

<exclusive-start id="4422" timestamp="2019-06-16T00:36:32.913" intervalms="35.474">
  <response-info timems="0.070" idlems="0.070" threads="0" lastid="0000000001627700" lastname="main" />
</exclusive-start>
<allocation-taxation id="4423" taxation-threshold="13631488" timestamp="2019-06-16T00:36:32.913" intervalms="35.523" />
<gc-start id="4424" type="global mark phase" contextid="4320" timestamp="2019-06-16T00:36:32.914">
  <mem-info id="4425" free="32505856" total="81788928" percent="39">
    <remembered-set count="58272" freebytes="3240960" totalbytes="3474048" percent="93" regionsoverflowed="0" regionsstable="0" regionsrebuilding="18"/>
  </mem-info>
</gc-start>
<gc-end id="4426" type="global mark phase" contextid="4320" durationms="0.199" usertimems="0.000" systemtimems="0.000" timestamp="2019-06-16T00:36:32.914" activeThreads="4">
  <mem-info id="4427" free="32505856" total="81788928" percent="39">
    <remembered-set count="58272" freebytes="3240960" totalbytes="3474048" percent="93" regionsoverflowed="0" regionsstable="0" regionsrebuilding="18"/>
  </mem-info>
</gc-end>
<concurrent-start id="4428" type="GMP work packet processing" contextid="4320" timestamp="2019-06-16T00:36:32.914">
  <concurrent-mark-start scanTarget="1048576" />
</concurrent-start>
<exclusive-end id="4429" timestamp="2019-06-16T00:36:32.914" durationms="1.067" />

<concurrent-end id="4430" type="GMP work packet processing" contextid="4320" timestamp="2019-06-16T00:36:32.915">
  <concurrent-mark-end bytesScanned="1095732" reasonForTermination="Work target met" />
</concurrent-end>

<exclusive-start id="4431" timestamp="2019-06-16T00:36:32.944" intervalms="31.340">
  <response-info timems="0.075" idlems="0.075" threads="0" lastid="0000000001627700" lastname="main" />
</exclusive-start>
<allocation-taxation id="4432" taxation-threshold="13631488" timestamp="2019-06-16T00:36:32.945" intervalms="31.343" />
<cycle-start id="4433" type="partial gc" contextid="0" timestamp="2019-06-16T00:36:32.945" intervalms="66.934" />
<gc-start id="4434" type="partial gc" contextid="4433" timestamp="2019-06-16T00:36:32.945">
  <mem-info id="4435" free="18874368" total="81788928" percent="23">
    <mem type="eden" free="0" total="27262976" percent="0" />
    <remembered-set count="65952" freebytes="3210240" totalbytes="3474048" percent="92" regionsoverflowed="0" regionsstable="0" regionsrebuilding="18"/>
  </mem-info>
</gc-start>
<allocation-stats totalBytes="27243384" >
  <allocated-bytes non-tlh="0" tlh="27243384" arrayletleaf="0"/>
  <largest-consumer threadName="main" threadId="0000000001627700" bytes="13622144" />
</allocation-stats>
<gc-op id="4436" type="copy forward" timems="4.608" contextid="4433" timestamp="2019-06-16T00:36:32.951">
  <memory-copied type="eden" objects="3" bytes="264" bytesdiscarded="0" />
  <memory-copied type="other" objects="59" bytes="2328" bytesdiscarded="0" />
  <memory-cardclean objects="26639" bytes="1256456" />
  <regions eden="26" other="2" />
  <remembered-set-cleared processed="52705" cleared="8667" durationms="0.603" />
  <stringconstants candidates="13269" cleared="0"  />
</gc-op>
<gc-op id="4437" type="classunload" timems="0.004" contextid="4433" timestamp="2019-06-16T00:36:32.951">
  <classunload-info classloadercandidates="53" classloadersunloaded="0" classesunloaded="0" anonymousclassesunloaded="0" quiescems="0.000" setupms="0.004" scanms="0.000" postms="0.000" />
</gc-op>
<gc-end id="4438" type="partial gc" contextid="4433" durationms="6.163" usertimems="8.000" systemtimems="0.000" timestamp="2019-06-16T00:36:32.951" activeThreads="1">
  <mem-info id="4439" free="45088768" total="81788928" percent="55">
    <mem type="eden" free="1048312" total="1048576" percent="99" />
    <remembered-set count="54240" freebytes="3047808" totalbytes="3264768" percent="93" regionsoverflowed="0" regionsstable="0" regionsrebuilding="18"/>
  </mem-info>
</gc-end>
<cycle-end id="4440" type="partial gc" contextid="4433" timestamp="2019-06-16T00:36:32.951" />
  <attribute name="elasticGC enabled" value="1" />
  <attribute name= "numThreadsSpecified" value="1" />
  <attribute name="heapSize specified" value="0" />
  <attribute name="Current GC Util" value="110" />
  <attribute name= "Current Time Running" value="22612" />
  <attribute name ="GC Interval" value="0" />
  <attribute name="ProportionalT" value="135.000000" />
  <attribute name="ProportionalI" value="135.000000" />
  <attribute name="ProportionalH" value="135.000000" />
  <attribute name="Current Error" value="90.000000" />
  <attribute name="IntegralT" value="0.000000" />
  <attribute name="IntegralI" value="0.000000" />
  <attribute name="IntegralH" value="0.000000" />
  <attribute name="DerivativeT" value="inf" />
  <attribute name="DerivativeI" value="inf" />
  <attribute name="DerivativeH" value="inf" />
  <attribute name="Loop Time for DT" value="0.000000" />
  <attribute name="Output H" value="8388608"/>
  <attribute name="Output I" value="200"/>
  <attribute name="Output T" value="1"/>
  <attribute name="Target GC Util Change" value ="20.000000" />
  <attribute name="Current GC Util Change" value="110.000000"/>
  <attribute name="GC Util currently" value="110" />
  <attribute name="CPU Util currently" value="7648563338703" />
<exclusive-end id="4441" timestamp="2019-06-16T00:36:32.952" durationms="7.336" />

<exclusive-start id="4442" timestamp="2019-06-16T00:36:32.982" intervalms="37.657">
  <response-info timems="0.097" idlems="0.097" threads="0" lastid="0000000001627700" lastname="main" />
</exclusive-start>
<allocation-taxation id="4443" taxation-threshold="13631488" timestamp="2019-06-16T00:36:32.982" intervalms="37.662" />
<gc-start id="4444" type="global mark phase" contextid="4320" timestamp="2019-06-16T00:36:32.982">
  <mem-info id="4445" free="31457280" total="81788928" percent="38">
    <remembered-set count="54240" freebytes="3047808" totalbytes="3264768" percent="93" regionsoverflowed="0" regionsstable="0" regionsrebuilding="18"/>
  </mem-info>
</gc-start>
<gc-end id="4446" type="global mark phase" contextid="4320" durationms="0.176" usertimems="0.000" systemtimems="0.000" timestamp="2019-06-16T00:36:32.983" activeThreads="1">
  <mem-info id="4447" free="31457280" total="81788928" percent="38">
    <remembered-set count="54240" freebytes="3047808" totalbytes="3264768" percent="93" regionsoverflowed="0" regionsstable="0" regionsrebuilding="18"/>
  </mem-info>
</gc-end>
<concurrent-start id="4448" type="GMP work packet processing" contextid="4320" timestamp="2019-06-16T00:36:32.983">
  <concurrent-mark-start scanTarget="1048576" />
</concurrent-start>
<exclusive-end id="4449" timestamp="2019-06-16T00:36:32.983" durationms="0.972" />

<concurrent-end id="4450" type="GMP work packet processing" contextid="4320" timestamp="2019-06-16T00:36:32.984">
  <concurrent-mark-end bytesScanned="1091500" reasonForTermination="Work target met" />
</concurrent-end>

<exclusive-start id="4451" timestamp="2019-06-16T00:36:33.013" intervalms="31.388">
  <response-info timems="0.072" idlems="0.072" threads="0" lastid="0000000001627700" lastname="main" />
</exclusive-start>
<allocation-taxation id="4452" taxation-threshold="13631488" timestamp="2019-06-16T00:36:33.014" intervalms="31.333" />
<cycle-start id="4453" type="partial gc" contextid="0" timestamp="2019-06-16T00:36:33.014" intervalms="68.926" />
<gc-start id="4454" type="partial gc" contextid="4453" timestamp="2019-06-16T00:36:33.014">
  <mem-info id="4455" free="17825792" total="81788928" percent="21">
    <mem type="eden" free="1048312" total="28311552" percent="3" />
    <remembered-set count="63584" freebytes="3010432" totalbytes="3264768" percent="92" regionsoverflowed="0" regionsstable="0" regionsrebuilding="18"/>
  </mem-info>
</gc-start>
<allocation-stats totalBytes="27242984" >
  <allocated-bytes non-tlh="0" tlh="27242984" arrayletleaf="0"/>
  <largest-consumer threadName="main" threadId="0000000001627700" bytes="13621752" />
</allocation-stats>
<gc-op id="4456" type="copy forward" timems="2.633" contextid="4453" timestamp="2019-06-16T00:36:33.017">
  <memory-copied type="eden" objects="5" bytes="624" bytesdiscarded="0" />
  <memory-copied type="other" objects="0" bytes="0" bytesdiscarded="0" />
  <memory-cardclean objects="15" bytes="344" />
  <regions eden="26" other="1" />
  <remembered-set-cleared processed="61446" cleared="8" durationms="0.317" />
  <stringconstants candidates="13269" cleared="0"  />
</gc-op>
<gc-op id="4457" type="classunload" timems="0.004" contextid="4453" timestamp="2019-06-16T00:36:33.018">
  <classunload-info classloadercandidates="53" classloadersunloaded="0" classesunloaded="0" anonymousclassesunloaded="0" quiescems="0.000" setupms="0.004" scanms="0.000" postms="0.000" />
</gc-op>
<gc-end id="4458" type="partial gc" contextid="4453" durationms="3.703" usertimems="4.000" systemtimems="0.000" timestamp="2019-06-16T00:36:33.018" activeThreads="4">
  <mem-info id="4459" free="45088768" total="81788928" percent="55">
    <mem type="eden" free="1047952" total="1048576" percent="99" />
    <remembered-set count="63616" freebytes="3010304" totalbytes="3264768" percent="92" regionsoverflowed="0" regionsstable="0" regionsrebuilding="18"/>
  </mem-info>
</gc-end>
<cycle-end id="4460" type="partial gc" contextid="4453" timestamp="2019-06-16T00:36:33.018" />
  <attribute name="elasticGC enabled" value="1" />
  <attribute name= "numThreadsSpecified" value="4" />
  <attribute name="heapSize specified" value="0" />
  <attribute name="Current GC Util" value="170" />
  <attribute name= "Current Time Running" value="22681" />
  <attribute name ="GC Interval" value="0" />
  <attribute name="ProportionalT" value="225.000000" />
  <attribute name="ProportionalI" value="225.000000" />
  <attribute name="ProportionalH" value="225.000000" />
  <attribute name="Current Error" value="150.000000" />
  <attribute name="IntegralT" value="150.000000" />
  <attribute name="IntegralI" value="150.000000" />
  <attribute name="IntegralH" value="150.000000" />
  <attribute name="DerivativeT" value="75.000000" />
  <attribute name="DerivativeI" value="75.000000" />
  <attribute name="DerivativeH" value="75.000000" />
  <attribute name="Loop Time for DT" value="1.000000" />
  <attribute name="Output H" value="8388608"/>
  <attribute name="Output I" value="456"/>
  <attribute name="Output T" value="4"/>
  <attribute name="Target GC Util Change" value ="20.000000" />
  <attribute name="Current GC Util Change" value="170.000000"/>
  <attribute name="GC Util currently" value="170" />
  <attribute name="CPU Util currently" value="14334248092971" />
<exclusive-end id="4461" timestamp="2019-06-16T00:36:33.018" durationms="4.573" />

<exclusive-start id="4462" timestamp="2019-06-16T00:36:33.045" intervalms="31.910">
  <response-info timems="0.087" idlems="0.087" threads="0" lastid="0000000001627700" lastname="main" />
</exclusive-start>
<allocation-taxation id="4463" taxation-threshold="13631488" timestamp="2019-06-16T00:36:33.046" intervalms="31.956" />
<gc-start id="4464" type="global mark phase" contextid="4320" timestamp="2019-06-16T00:36:33.046">
  <mem-info id="4465" free="31457280" total="81788928" percent="38">
    <remembered-set count="63616" freebytes="3010304" totalbytes="3264768" percent="92" regionsoverflowed="0" regionsstable="0" regionsrebuilding="18"/>
  </mem-info>
</gc-start>
<gc-end id="4466" type="global mark phase" contextid="4320" durationms="0.202" usertimems="0.000" systemtimems="0.000" timestamp="2019-06-16T00:36:33.046" activeThreads="4">
  <mem-info id="4467" free="31457280" total="81788928" percent="38">
    <remembered-set count="63616" freebytes="3010304" totalbytes="3264768" percent="92" regionsoverflowed="0" regionsstable="0" regionsrebuilding="18"/>
  </mem-info>
</gc-end>
<concurrent-start id="4468" type="GMP work packet processing" contextid="4320" timestamp="2019-06-16T00:36:33.046">
  <concurrent-mark-start scanTarget="1048576" />
</concurrent-start>
<exclusive-end id="4469" timestamp="2019-06-16T00:36:33.046" durationms="1.070" />

<concurrent-end id="4470" type="GMP work packet processing" contextid="4320" timestamp="2019-06-16T00:36:33.047">
  <concurrent-mark-end bytesScanned="1093448" reasonForTermination="Work target met" />
</concurrent-end>

<exclusive-start id="4471" timestamp="2019-06-16T00:36:33.069" intervalms="24.060">
  <response-info timems="0.077" idlems="0.077" threads="0" lastid="0000000001627700" lastname="main" />
</exclusive-start>
<allocation-taxation id="4472" taxation-threshold="13631488" timestamp="2019-06-16T00:36:33.070" intervalms="24.058" />
<cycle-start id="4473" type="partial gc" contextid="0" timestamp="2019-06-16T00:36:33.070" intervalms="56.081" />
<gc-start id="4474" type="partial gc" contextid="4473" timestamp="2019-06-16T00:36:33.070">
  <mem-info id="4475" free="17825792" total="81788928" percent="21">
    <mem type="eden" free="1047952" total="28311552" percent="3" />
    <remembered-set count="71840" freebytes="2977408" totalbytes="3264768" percent="91" regionsoverflowed="0" regionsstable="0" regionsrebuilding="18"/>
  </mem-info>
</gc-start>
<allocation-stats totalBytes="27257320" >
  <allocated-bytes non-tlh="0" tlh="27257320" arrayletleaf="0"/>
  <largest-consumer threadName="main" threadId="0000000001627700" bytes="13628984" />
</allocation-stats>
<gc-op id="4476" type="copy forward" timems="1.646" contextid="4473" timestamp="2019-06-16T00:36:33.073">
  <memory-copied type="eden" objects="29" bytes="1376" bytesdiscarded="0" />
  <memory-copied type="other" objects="0" bytes="0" bytesdiscarded="0" />
  <memory-cardclean objects="81" bytes="2344" />
  <regions eden="26" other="1" />
  <remembered-set-cleared processed="69227" cleared="33" durationms="0.527" />
  <stringconstants candidates="13269" cleared="0"  />
</gc-op>
<gc-op id="4477" type="classunload" timems="0.004" contextid="4473" timestamp="2019-06-16T00:36:33.073">
  <classunload-info classloadercandidates="53" classloadersunloaded="0" classesunloaded="0" anonymousclassesunloaded="0" quiescems="0.000" setupms="0.004" scanms="0.000" postms="0.000" />
</gc-op>
<gc-end id="4478" type="partial gc" contextid="4473" durationms="2.935" usertimems="4.000" systemtimems="0.000" timestamp="2019-06-16T00:36:33.073" activeThreads="1">
  <mem-info id="4479" free="45088768" total="81788928" percent="55">
    <mem type="eden" free="1047200" total="1048576" percent="99" />
    <remembered-set count="72256" freebytes="2975744" totalbytes="3264768" percent="91" regionsoverflowed="0" regionsstable="0" regionsrebuilding="18"/>
  </mem-info>
</gc-end>
<cycle-end id="4480" type="partial gc" contextid="4473" timestamp="2019-06-16T00:36:33.073" />
  <attribute name="elasticGC enabled" value="1" />
  <attribute name= "numThreadsSpecified" value="1" />
  <attribute name="heapSize specified" value="0" />
  <attribute name="Current GC Util" value="154" />
  <attribute name= "Current Time Running" value="22737" />
  <attribute name ="GC Interval" value="0" />
  <attribute name="ProportionalT" value="201.000000" />
  <attribute name="ProportionalI" value="201.000000" />
  <attribute name="ProportionalH" value="201.000000" />
  <attribute name="Current Error" value="134.000000" />
  <attribute name="IntegralT" value="0.000000" />
  <attribute name="IntegralI" value="0.000000" />
  <attribute name="IntegralH" value="0.000000" />
  <attribute name="DerivativeT" value="inf" />
  <attribute name="DerivativeI" value="inf" />
  <attribute name="DerivativeH" value="inf" />
  <attribute name="Loop Time for DT" value="0.000000" />
  <attribute name="Output H" value="8388608"/>
  <attribute name="Output I" value="200"/>
  <attribute name="Output T" value="1"/>
  <attribute name="Target GC Util Change" value ="20.000000" />
  <attribute name="Current GC Util Change" value="154.000000"/>
  <attribute name="GC Util currently" value="154" />
  <attribute name="CPU Util currently" value="13601185517385" />
<exclusive-end id="4481" timestamp="2019-06-16T00:36:33.074" durationms="4.081" />

<exclusive-start id="4482" timestamp="2019-06-16T00:36:33.078" intervalms="8.176">
  <response-info timems="0.076" idlems="0.076" threads="0" lastid="0000000001627700" lastname="main" />
</exclusive-start>
<allocation-taxation id="4483" taxation-threshold="13631488" timestamp="2019-06-16T00:36:33.078" intervalms="8.183" />
<gc-start id="4484" type="global mark phase" contextid="4320" timestamp="2019-06-16T00:36:33.078">
  <mem-info id="4485" free="31457280" total="81788928" percent="38">
    <remembered-set count="71808" freebytes="2977536" totalbytes="3264768" percent="91" regionsoverflowed="0" regionsstable="0" regionsrebuilding="18"/>
  </mem-info>
</gc-start>
<gc-end id="4486" type="global mark phase" contextid="4320" durationms="0.204" usertimems="0.000" systemtimems="0.000" timestamp="2019-06-16T00:36:33.078" activeThreads="1">
  <mem-info id="4487" free="31457280" total="81788928" percent="38">
    <remembered-set count="71808" freebytes="2977536" totalbytes="3264768" percent="91" regionsoverflowed="0" regionsstable="0" regionsrebuilding="18"/>
  </mem-info>
</gc-end>
<concurrent-start id="4488" type="GMP work packet processing" contextid="4320" timestamp="2019-06-16T00:36:33.078">
  <concurrent-mark-start scanTarget="1048576" />
</concurrent-start>
<exclusive-end id="4489" timestamp="2019-06-16T00:36:33.079" durationms="1.020" />

<concurrent-end id="4490" type="GMP work packet processing" contextid="4320" timestamp="2019-06-16T00:36:33.080">
  <concurrent-mark-end bytesScanned="1084064" reasonForTermination="Work target met" />
</concurrent-end>

<exclusive-start id="4491" timestamp="2019-06-16T00:36:33.083" intervalms="4.967">
  <response-info timems="0.059" idlems="0.059" threads="0" lastid="0000000001627700" lastname="main" />
</exclusive-start>
<allocation-taxation id="4492" taxation-threshold="13631488" timestamp="2019-06-16T00:36:33.083" intervalms="4.822" />
<cycle-start id="4493" type="partial gc" contextid="0" timestamp="2019-06-16T00:36:33.083" intervalms="12.930" />
<gc-start id="4494" type="partial gc" contextid="4493" timestamp="2019-06-16T00:36:33.083">
  <mem-info id="4495" free="17825792" total="81788928" percent="21">
    <mem type="eden" free="0" total="27262976" percent="0" />
    <remembered-set count="87744" freebytes="2913792" totalbytes="3264768" percent="89" regionsoverflowed="0" regionsstable="0" regionsrebuilding="18"/>
  </mem-info>
</gc-start>
<allocation-stats totalBytes="27225576" >
  <allocated-bytes non-tlh="0" tlh="27225576" arrayletleaf="0"/>
  <largest-consumer threadName="main" threadId="0000000001627700" bytes="13606960" />
</allocation-stats>
<gc-op id="4496" type="copy forward" timems="3.190" contextid="4493" timestamp="2019-06-16T00:36:33.087">
  <memory-copied type="eden" objects="2" bytes="40" bytesdiscarded="752" />
  <memory-copied type="other" objects="28" bytes="1360" bytesdiscarded="1296" />
  <memory-cardclean objects="57" bytes="1944" />
  <regions eden="26" other="1" />
  <remembered-set-cleared processed="84887" cleared="37" durationms="0.357" />
  <stringconstants candidates="13269" cleared="0"  />
</gc-op>
<gc-op id="4497" type="classunload" timems="0.004" contextid="4493" timestamp="2019-06-16T00:36:33.087">
  <classunload-info classloadercandidates="53" classloadersunloaded="0" classesunloaded="0" anonymousclassesunloaded="0" quiescems="0.000" setupms="0.004" scanms="0.000" postms="0.000" />
</gc-op>
<heap-resize id="4498" type="expand" space="default" amount="12582912" count="1" timems="0.096" reason="excessive time being spent in gc" timestamp="2019-06-16T00:36:33.087" />
<gc-end id="4499" type="partial gc" contextid="4493" durationms="4.598" usertimems="8.000" systemtimems="0.000" timestamp="2019-06-16T00:36:33.088" activeThreads="4">
  <mem-info id="4500" free="56623104" total="94371840" percent="60">
    <mem type="eden" free="1047784" total="1048576" percent="99" />
    <remembered-set count="88096" freebytes="3414656" totalbytes="3767040" percent="90" regionsoverflowed="0" regionsstable="0" regionsrebuilding="18"/>
  </mem-info>
</gc-end>
<cycle-end id="4501" type="partial gc" contextid="4493" timestamp="2019-06-16T00:36:33.088" />
  <attribute name="elasticGC enabled" value="1" />
  <attribute name= "numThreadsSpecified" value="4" />
  <attribute name="heapSize specified" value="0" />
  <attribute name="Current GC Util" value="167" />
  <attribute name= "Current Time Running" value="22750" />
  <attribute name ="GC Interval" value="0" />
  <attribute name="ProportionalT" value="220.500000" />
  <attribute name="ProportionalI" value="220.500000" />
  <attribute name="ProportionalH" value="220.500000" />
  <attribute name="Current Error" value="147.000000" />
  <attribute name="IntegralT" value="147.000000" />
  <attribute name="IntegralI" value="147.000000" />
  <attribute name="IntegralH" value="147.000000" />
  <attribute name="DerivativeT" value="48.500000" />
  <attribute name="DerivativeI" value="48.500000" />
  <attribute name="DerivativeH" value="48.500000" />
  <attribute name="Loop Time for DT" value="1.000000" />
  <attribute name="Output H" value="8388608"/>
  <attribute name="Output I" value="416"/>
  <attribute name="Output T" value="4"/>
  <attribute name="Target GC Util Change" value ="20.000000" />
  <attribute name="Current GC Util Change" value="167.000000"/>
  <attribute name="GC Util currently" value="167" />
  <attribute name="CPU Util currently" value="12826842433648" />
<exclusive-end id="4502" timestamp="2019-06-16T00:36:33.088" durationms="5.431" />

<exclusive-start id="4503" timestamp="2019-06-16T00:36:33.092" intervalms="9.807">
  <response-info timems="0.076" idlems="0.076" threads="0" lastid="0000000001627700" lastname="main" />
</exclusive-start>
<allocation-taxation id="4504" taxation-threshold="14680064" timestamp="2019-06-16T00:36:33.093" intervalms="9.947" />
<gc-start id="4505" type="global mark phase" contextid="4320" timestamp="2019-06-16T00:36:33.093">
  <mem-info id="4506" free="41943040" total="94371840" percent="44">
    <remembered-set count="88096" freebytes="3414656" totalbytes="3767040" percent="90" regionsoverflowed="0" regionsstable="0" regionsrebuilding="18"/>
  </mem-info>
</gc-start>
<gc-end id="4507" type="global mark phase" contextid="4320" durationms="0.206" usertimems="0.000" systemtimems="0.000" timestamp="2019-06-16T00:36:33.093" activeThreads="4">
  <mem-info id="4508" free="41943040" total="94371840" percent="44">
    <remembered-set count="88096" freebytes="3414656" totalbytes="3767040" percent="90" regionsoverflowed="0" regionsstable="0" regionsrebuilding="18"/>
  </mem-info>
</gc-end>
<concurrent-start id="4509" type="GMP work packet processing" contextid="4320" timestamp="2019-06-16T00:36:33.093">
  <concurrent-mark-start scanTarget="1048576" />
</concurrent-start>
<exclusive-end id="4510" timestamp="2019-06-16T00:36:33.093" durationms="1.012" />

<concurrent-end id="4511" type="GMP work packet processing" contextid="4320" timestamp="2019-06-16T00:36:33.094">
  <concurrent-mark-end bytesScanned="1098680" reasonForTermination="Work target met" />
</concurrent-end>

<exclusive-start id="4512" timestamp="2019-06-16T00:36:33.098" intervalms="5.367">
  <response-info timems="0.058" idlems="0.058" threads="0" lastid="0000000001627700" lastname="main" />
</exclusive-start>
<allocation-taxation id="4513" taxation-threshold="14680064" timestamp="2019-06-16T00:36:33.098" intervalms="5.309" />
<cycle-start id="4514" type="partial gc" contextid="0" timestamp="2019-06-16T00:36:33.098" intervalms="15.340" />
<gc-start id="4515" type="partial gc" contextid="4514" timestamp="2019-06-16T00:36:33.098">
  <mem-info id="4516" free="27262976" total="94371840" percent="28">
    <mem type="eden" free="1047784" total="30408704" percent="3" />
    <remembered-set count="100576" freebytes="3364736" totalbytes="3767040" percent="89" regionsoverflowed="0" regionsstable="0" regionsrebuilding="18"/>
  </mem-info>
</gc-start>
<allocation-stats totalBytes="29307992" >
  <allocated-bytes non-tlh="0" tlh="29307992" arrayletleaf="0"/>
  <largest-consumer threadName="main" threadId="0000000001627700" bytes="14653848" />
</allocation-stats>
<gc-op id="4517" type="copy forward" timems="1.786" contextid="4514" timestamp="2019-06-16T00:36:33.101">
  <memory-copied type="eden" objects="2" bytes="40" bytesdiscarded="0" />
  <memory-copied type="other" objects="0" bytes="0" bytesdiscarded="0" />
  <memory-cardclean objects="7" bytes="176" />
  <regions eden="28" other="1" />
  <remembered-set-cleared processed="97219" cleared="5" durationms="0.645" />
  <stringconstants candidates="13269" cleared="0"  />
</gc-op>
<gc-op id="4518" type="classunload" timems="0.004" contextid="4514" timestamp="2019-06-16T00:36:33.101">
  <classunload-info classloadercandidates="53" classloadersunloaded="0" classesunloaded="0" anonymousclassesunloaded="0" quiescems="0.000" setupms="0.004" scanms="0.000" postms="0.000" />
</gc-op>
<gc-end id="4519" type="partial gc" contextid="4514" durationms="2.998" usertimems="4.000" systemtimems="0.000" timestamp="2019-06-16T00:36:33.101" activeThreads="1">
  <mem-info id="4520" free="56623104" total="94371840" percent="60">
    <mem type="eden" free="1048536" total="1048576" percent="99" />
    <remembered-set count="101056" freebytes="3362816" totalbytes="3767040" percent="89" regionsoverflowed="0" regionsstable="0" regionsrebuilding="18"/>
  </mem-info>
</gc-end>
<cycle-end id="4521" type="partial gc" contextid="4514" timestamp="2019-06-16T00:36:33.102" />
  <attribute name="elasticGC enabled" value="1" />
  <attribute name= "numThreadsSpecified" value="1" />
  <attribute name="heapSize specified" value="0" />
  <attribute name="Current GC Util" value="161" />
  <attribute name= "Current Time Running" value="22765" />
  <attribute name ="GC Interval" value="0" />
  <attribute name="ProportionalT" value="211.500000" />
  <attribute name="ProportionalI" value="211.500000" />
  <attribute name="ProportionalH" value="211.500000" />
  <attribute name="Current Error" value="141.000000" />
  <attribute name="IntegralT" value="0.000000" />
  <attribute name="IntegralI" value="0.000000" />
  <attribute name="IntegralH" value="0.000000" />
  <attribute name="DerivativeT" value="inf" />
  <attribute name="DerivativeI" value="inf" />
  <attribute name="DerivativeH" value="inf" />
  <attribute name="Loop Time for DT" value="0.000000" />
  <attribute name="Output H" value="8388608"/>
  <attribute name="Output I" value="200"/>
  <attribute name="Output T" value="1"/>
  <attribute name="Target GC Util Change" value ="20.000000" />
  <attribute name="Current GC Util Change" value="161.000000"/>
  <attribute name="GC Util currently" value="161" />
  <attribute name="CPU Util currently" value="13814391571198" />
<exclusive-end id="4522" timestamp="2019-06-16T00:36:33.102" durationms="4.122" />

<exclusive-start id="4523" timestamp="2019-06-16T00:36:33.106" intervalms="8.501">
  <response-info timems="0.076" idlems="0.076" threads="0" lastid="0000000001627700" lastname="main" />
</exclusive-start>
<allocation-taxation id="4524" taxation-threshold="14680064" timestamp="2019-06-16T00:36:33.106" intervalms="8.504" />
<gc-start id="4525" type="global mark phase" contextid="4320" timestamp="2019-06-16T00:36:33.107">
  <mem-info id="4526" free="41943040" total="94371840" percent="44">
    <remembered-set count="100576" freebytes="3364736" totalbytes="3767040" percent="89" regionsoverflowed="0" regionsstable="0" regionsrebuilding="18"/>
  </mem-info>
</gc-start>
<gc-end id="4527" type="global mark phase" contextid="4320" durationms="0.192" usertimems="0.000" systemtimems="0.000" timestamp="2019-06-16T00:36:33.107" activeThreads="1">
  <mem-info id="4528" free="41943040" total="94371840" percent="44">
    <remembered-set count="100576" freebytes="3364736" totalbytes="3767040" percent="89" regionsoverflowed="0" regionsstable="0" regionsrebuilding="18"/>
  </mem-info>
</gc-end>
<concurrent-start id="4529" type="GMP work packet processing" contextid="4320" timestamp="2019-06-16T00:36:33.107">
  <concurrent-mark-start scanTarget="1048576" />
</concurrent-start>
<exclusive-end id="4530" timestamp="2019-06-16T00:36:33.107" durationms="0.885" />

<concurrent-end id="4531" type="GMP work packet processing" contextid="4320" timestamp="2019-06-16T00:36:33.108">
  <concurrent-mark-end bytesScanned="1096400" reasonForTermination="Work target met" />
</concurrent-end>

<exclusive-start id="4532" timestamp="2019-06-16T00:36:33.111" intervalms="5.200">
  <response-info timems="0.058" idlems="0.058" threads="0" lastid="0000000001627700" lastname="main" />
</exclusive-start>
<allocation-taxation id="4533" taxation-threshold="14680064" timestamp="2019-06-16T00:36:33.112" intervalms="5.254" />
<cycle-start id="4534" type="partial gc" contextid="0" timestamp="2019-06-16T00:36:33.112" intervalms="13.723" />
<gc-start id="4535" type="partial gc" contextid="4534" timestamp="2019-06-16T00:36:33.112">
  <mem-info id="4536" free="27262976" total="94371840" percent="28">
    <mem type="eden" free="1048536" total="30408704" percent="3" />
    <remembered-set count="109536" freebytes="3328896" totalbytes="3767040" percent="88" regionsoverflowed="0" regionsstable="0" regionsrebuilding="18"/>
  </mem-info>
</gc-start>
<allocation-stats totalBytes="29308656" >
  <allocated-bytes non-tlh="0" tlh="29308656" arrayletleaf="0"/>
  <largest-consumer threadName="main" threadId="0000000001627700" bytes="14653848" />
</allocation-stats>
<gc-op id="4537" type="copy forward" timems="3.034" contextid="4534" timestamp="2019-06-16T00:36:33.116">
  <memory-copied type="eden" objects="2" bytes="40" bytesdiscarded="0" />
  <memory-copied type="other" objects="0" bytes="0" bytesdiscarded="0" />
  <memory-cardclean objects="7" bytes="176" />
  <regions eden="28" other="1" />
  <remembered-set-cleared processed="106771" cleared="4" durationms="0.332" />
  <stringconstants candidates="13269" cleared="0"  />
</gc-op>
<gc-op id="4538" type="classunload" timems="0.004" contextid="4534" timestamp="2019-06-16T00:36:33.116">
  <classunload-info classloadercandidates="53" classloadersunloaded="0" classesunloaded="0" anonymousclassesunloaded="0" quiescems="0.000" setupms="0.004" scanms="0.000" postms="0.000" />
</gc-op>
<gc-end id="4539" type="partial gc" contextid="4534" durationms="4.190" usertimems="8.000" systemtimems="0.000" timestamp="2019-06-16T00:36:33.116" activeThreads="4">
  <mem-info id="4540" free="56623104" total="94371840" percent="60">
    <mem type="eden" free="1048536" total="1048576" percent="99" />
    <remembered-set count="109440" freebytes="3329280" totalbytes="3767040" percent="88" regionsoverflowed="0" regionsstable="0" regionsrebuilding="18"/>
  </mem-info>
</gc-end>
<cycle-end id="4541" type="partial gc" contextid="4534" timestamp="2019-06-16T00:36:33.116" />
  <attribute name="elasticGC enabled" value="1" />
  <attribute name= "numThreadsSpecified" value="4" />
  <attribute name="heapSize specified" value="0" />
  <attribute name="Current GC Util" value="163" />
  <attribute name= "Current Time Running" value="22779" />
  <attribute name ="GC Interval" value="0" />
  <attribute name="ProportionalT" value="214.500000" />
  <attribute name="ProportionalI" value="214.500000" />
  <attribute name="ProportionalH" value="214.500000" />
  <attribute name="Current Error" value="143.000000" />
  <attribute name="IntegralT" value="143.000000" />
  <attribute name="IntegralI" value="143.000000" />
  <attribute name="IntegralH" value="143.000000" />
  <attribute name="DerivativeT" value="53.500000" />
  <attribute name="DerivativeI" value="53.500000" />
  <attribute name="DerivativeH" value="53.500000" />
  <attribute name="Loop Time for DT" value="1.000000" />
  <attribute name="Output H" value="8388608"/>
  <attribute name="Output I" value="416"/>
  <attribute name="Output T" value="4"/>
  <attribute name="Target GC Util Change" value ="20.000000" />
  <attribute name="Current GC Util Change" value="163.000000"/>
  <attribute name="GC Util currently" value="163" />
  <attribute name="CPU Util currently" value="13634642293449" />
<exclusive-end id="4542" timestamp="2019-06-16T00:36:33.117" durationms="5.266" />

<exclusive-start id="4543" timestamp="2019-06-16T00:36:33.121" intervalms="9.663">
  <response-info timems="0.076" idlems="0.076" threads="0" lastid="0000000001627700" lastname="main" />
</exclusive-start>
<allocation-taxation id="4544" taxation-threshold="14680064" timestamp="2019-06-16T00:36:33.121" intervalms="9.671" />
<gc-start id="4545" type="global mark phase" contextid="4320" timestamp="2019-06-16T00:36:33.122">
  <mem-info id="4546" free="41943040" total="94371840" percent="44">
    <remembered-set count="109440" freebytes="3329280" totalbytes="3767040" percent="88" regionsoverflowed="0" regionsstable="0" regionsrebuilding="18"/>
  </mem-info>
</gc-start>
<gc-end id="4547" type="global mark phase" contextid="4320" durationms="0.194" usertimems="0.000" systemtimems="0.000" timestamp="2019-06-16T00:36:33.122" activeThreads="4">
  <mem-info id="4548" free="41943040" total="94371840" percent="44">
    <remembered-set count="109440" freebytes="3329280" totalbytes="3767040" percent="88" regionsoverflowed="0" regionsstable="0" regionsrebuilding="18"/>
  </mem-info>
</gc-end>
<concurrent-start id="4549" type="GMP work packet processing" contextid="4320" timestamp="2019-06-16T00:36:33.122">
  <concurrent-mark-start scanTarget="1048576" />
</concurrent-start>
<exclusive-end id="4550" timestamp="2019-06-16T00:36:33.122" durationms="1.016" />

<concurrent-end id="4551" type="GMP work packet processing" contextid="4320" timestamp="2019-06-16T00:36:33.123">
  <concurrent-mark-end bytesScanned="999536" reasonForTermination="Completed all work in GC phase" />
</concurrent-end>

<exclusive-start id="4552" timestamp="2019-06-16T00:36:33.126" intervalms="5.360">
  <response-info timems="0.061" idlems="0.061" threads="0" lastid="0000000001627700" lastname="main" />
</exclusive-start>
<allocation-taxation id="4553" taxation-threshold="14680064" timestamp="2019-06-16T00:36:33.127" intervalms="5.270" />
<cycle-start id="4554" type="partial gc" contextid="0" timestamp="2019-06-16T00:36:33.127" intervalms="14.849" />
<gc-start id="4555" type="partial gc" contextid="4554" timestamp="2019-06-16T00:36:33.127">
  <mem-info id="4556" free="27262976" total="94371840" percent="28">
    <mem type="eden" free="1048536" total="30408704" percent="3" />
    <remembered-set count="116192" freebytes="3302272" totalbytes="3767040" percent="87" regionsoverflowed="0" regionsstable="0" regionsrebuilding="18"/>
  </mem-info>
</gc-start>
<allocation-stats totalBytes="29308632" >
  <allocated-bytes non-tlh="0" tlh="29308632" arrayletleaf="0"/>
  <largest-consumer threadName="main" threadId="0000000001627700" bytes="14653856" />
</allocation-stats>
<gc-op id="4557" type="copy forward" timems="3.245" contextid="4554" timestamp="2019-06-16T00:36:33.131">
  <memory-copied type="eden" objects="2" bytes="40" bytesdiscarded="0" />
  <memory-copied type="other" objects="0" bytes="0" bytesdiscarded="0" />
  <memory-cardclean objects="7" bytes="176" />
  <regions eden="28" other="1" />
  <remembered-set-cleared processed="113625" cleared="4" durationms="0.375" />
  <stringconstants candidates="13269" cleared="0"  />
</gc-op>
<gc-op id="4558" type="classunload" timems="0.004" contextid="4554" timestamp="2019-06-16T00:36:33.131">
  <classunload-info classloadercandidates="53" classloadersunloaded="0" classesunloaded="0" anonymousclassesunloaded="0" quiescems="0.000" setupms="0.003" scanms="0.000" postms="0.000" />
</gc-op>
<gc-end id="4559" type="partial gc" contextid="4554" durationms="4.431" usertimems="8.000" systemtimems="0.000" timestamp="2019-06-16T00:36:33.131" activeThreads="4">
  <mem-info id="4560" free="56623104" total="94371840" percent="60">
    <mem type="eden" free="1048536" total="1048576" percent="99" />
    <remembered-set count="116160" freebytes="3302400" totalbytes="3767040" percent="87" regionsoverflowed="0" regionsstable="0" regionsrebuilding="18"/>
  </mem-info>
</gc-end>
<cycle-end id="4561" type="partial gc" contextid="4554" timestamp="2019-06-16T00:36:33.131" />
  <attribute name="elasticGC enabled" value="1" />
  <attribute name= "numThreadsSpecified" value="4" />
  <attribute name="heapSize specified" value="0" />
  <attribute name="Current GC Util" value="157" />
  <attribute name= "Current Time Running" value="22794" />
  <attribute name ="GC Interval" value="0" />
  <attribute name="ProportionalT" value="205.500000" />
  <attribute name="ProportionalI" value="205.500000" />
  <attribute name="ProportionalH" value="205.500000" />
  <attribute name="Current Error" value="137.000000" />
  <attribute name="IntegralT" value="137.000000" />
  <attribute name="IntegralI" value="137.000000" />
  <attribute name="IntegralH" value="137.000000" />
  <attribute name="DerivativeT" value="59.500000" />
  <attribute name="DerivativeI" value="59.500000" />
  <attribute name="DerivativeH" value="59.500000" />
  <attribute name="Loop Time for DT" value="1.000000" />
  <attribute name="Output H" value="8388608"/>
  <attribute name="Output I" value="408"/>
  <attribute name="Output T" value="4"/>
  <attribute name="Target GC Util Change" value ="20.000000" />
  <attribute name="Current GC Util Change" value="157.000000"/>
  <attribute name="GC Util currently" value="157" />
  <attribute name="CPU Util currently" value="13029275393060" />
<exclusive-end id="4562" timestamp="2019-06-16T00:36:33.132" durationms="5.199" />

<exclusive-start id="4563" timestamp="2019-06-16T00:36:33.136" intervalms="9.623">
  <response-info timems="0.075" idlems="0.075" threads="0" lastid="0000000001627700" lastname="main" />
</exclusive-start>
<allocation-taxation id="4564" taxation-threshold="14680064" timestamp="2019-06-16T00:36:33.136" intervalms="9.714" />
<gc-start id="4565" type="global mark phase" contextid="4320" timestamp="2019-06-16T00:36:33.137">
  <mem-info id="4566" free="41943040" total="94371840" percent="44">
    <remembered-set count="116160" freebytes="3302400" totalbytes="3767040" percent="87" regionsoverflowed="0" regionsstable="0" regionsrebuilding="18"/>
  </mem-info>
</gc-start>
<gc-op id="4567" type="mark increment" timems="2.914" contextid="4320" timestamp="2019-06-16T00:36:33.140">
  <trace-info objectcount="64" scancount="63" scanbytes="230980" />
  <cardclean-info objects="40627" bytes="1352340" />
  <finalization candidates="80" enqueued="0" />
  <ownableSynchronizers candidates="21" cleared="0" />
  <references type="soft" candidates="1862" cleared="0" enqueued="0" dynamicThreshold="19" maxThreshold="32" />
  <references type="weak" candidates="5726" cleared="0" enqueued="0" />
  <references type="phantom" candidates="101" cleared="0" enqueued="0" />
  <stringconstants candidates="13269" cleared="0"  />
</gc-op>
<gc-op id="4568" type="classunload" timems="0.005" contextid="4320" timestamp="2019-06-16T00:36:33.140">
  <classunload-info classloadercandidates="53" classloadersunloaded="0" classesunloaded="0" anonymousclassesunloaded="0" quiescems="0.000" setupms="0.005" scanms="0.000" postms="0.000" />
</gc-op>
<gc-end id="4569" type="global mark phase" contextid="4320" durationms="3.351" usertimems="4.000" systemtimems="0.000" timestamp="2019-06-16T00:36:33.140" activeThreads="4">
  <mem-info id="4570" free="41943040" total="94371840" percent="44">
    <remembered-set count="126912" freebytes="3259392" totalbytes="3767040" percent="86" regionsoverflowed="0" regionsstable="0" regionsrebuilding="0"/>
  </mem-info>
</gc-end>
<cycle-end id="4571" type="global mark phase" contextid="4320" timestamp="2019-06-16T00:36:33.140" />
  <attribute name="elasticGC enabled" value="1" />
  <attribute name= "numThreadsSpecified" value="4" />
  <attribute name="heapSize specified" value="0" />
  <attribute name="Current GC Util" value="89" />
  <attribute name= "Current Time Running" value="22805" />
  <attribute name ="GC Interval" value="0" />
  <attribute name="ProportionalT" value="103.500000" />
  <attribute name="ProportionalI" value="103.500000" />
  <attribute name="ProportionalH" value="103.500000" />
  <attribute name="Current Error" value="69.000000" />
  <attribute name="IntegralT" value="69.000000" />
  <attribute name="IntegralI" value="69.000000" />
  <attribute name="IntegralH" value="69.000000" />
  <attribute name="DerivativeT" value="-62.000000" />
  <attribute name="DerivativeI" value="-62.000000" />
  <attribute name="DerivativeH" value="-62.000000" />
  <attribute name="Loop Time for DT" value="1.000000" />
  <attribute name="Output H" value="8388608"/>
  <attribute name="Output I" value="200"/>
  <attribute name="Output T" value="4"/>
  <attribute name="Target GC Util Change" value ="20.000000" />
  <attribute name="Current GC Util Change" value="89.000000"/>
  <attribute name="GC Util currently" value="89" />
  <attribute name="CPU Util currently" value="18712688595382" />
<exclusive-end id="4572" timestamp="2019-06-16T00:36:33.140" durationms="4.062" />

<exclusive-start id="4573" timestamp="2019-06-16T00:36:33.144" intervalms="8.392">
  <response-info timems="0.075" idlems="0.075" threads="0" lastid="0000000001627700" lastname="main" />
</exclusive-start>
<allocation-taxation id="4574" taxation-threshold="14680064" timestamp="2019-06-16T00:36:33.145" intervalms="8.392" />
<cycle-start id="4575" type="partial gc" contextid="0" timestamp="2019-06-16T00:36:33.145" intervalms="18.219" />
<gc-start id="4576" type="partial gc" contextid="4575" timestamp="2019-06-16T00:36:33.145">
  <mem-info id="4577" free="27262976" total="94371840" percent="28">
    <mem type="eden" free="1048536" total="30408704" percent="3" />
    <remembered-set count="1952" freebytes="3759232" totalbytes="3767040" percent="99" regionsoverflowed="0" regionsstable="18" regionsrebuilding="0"/>
  </mem-info>
</gc-start>
<allocation-stats totalBytes="29308656" >
  <allocated-bytes non-tlh="0" tlh="29308656" arrayletleaf="0"/>
  <largest-consumer threadName="main" threadId="0000000001627700" bytes="14653848" />
</allocation-stats>
<gc-op id="4578" type="sweep" timems="0.687" contextid="4575" timestamp="2019-06-16T00:36:33.146" />
<gc-op id="4579" type="copy forward" timems="1.313" contextid="4575" timestamp="2019-06-16T00:36:33.148">
  <memory-copied type="eden" objects="2" bytes="40" bytesdiscarded="0" />
  <memory-copied type="other" objects="6" bytes="136" bytesdiscarded="0" />
  <memory-cardclean objects="38" bytes="976" />
  <regions eden="14" other="2" />
  <remembered-set-cleared processed="51" cleared="14" durationms="0.103" />
  <stringconstants candidates="13269" cleared="0"  />
</gc-op>
<gc-op id="4580" type="classunload" timems="0.003" contextid="4575" timestamp="2019-06-16T00:36:33.148">
  <classunload-info classloadercandidates="53" classloadersunloaded="0" classesunloaded="0" anonymousclassesunloaded="0" quiescems="0.000" setupms="0.003" scanms="0.000" postms="0.000" />
</gc-op>
<gc-end id="4581" type="partial gc" contextid="4575" durationms="3.337" usertimems="4.000" systemtimems="0.000" timestamp="2019-06-16T00:36:33.148" activeThreads="4">
  <mem-info id="4582" free="56623104" total="94371840" percent="60">
    <mem type="eden" free="1048536" total="1048576" percent="99" />
    <remembered-set count="1792" freebytes="3759872" totalbytes="3767040" percent="99" regionsoverflowed="0" regionsstable="18" regionsrebuilding="0"/>
  </mem-info>
</gc-end>
<cycle-end id="4583" type="partial gc" contextid="4575" timestamp="2019-06-16T00:36:33.149" />
  <attribute name="elasticGC enabled" value="1" />
  <attribute name= "numThreadsSpecified" value="4" />
  <attribute name="heapSize specified" value="0" />
  <attribute name="Current GC Util" value="66" />
  <attribute name= "Current Time Running" value="22813" />
  <attribute name ="GC Interval" value="0" />
  <attribute name="ProportionalT" value="69.000000" />
  <attribute name="ProportionalI" value="69.000000" />
  <attribute name="ProportionalH" value="69.000000" />
  <attribute name="Current Error" value="46.000000" />
  <attribute name="IntegralT" value="46.000000" />
  <attribute name="IntegralI" value="46.000000" />
  <attribute name="IntegralH" value="46.000000" />
  <attribute name="DerivativeT" value="3.000000" />
  <attribute name="DerivativeI" value="3.000000" />
  <attribute name="DerivativeH" value="3.000000" />
  <attribute name="Loop Time for DT" value="1.000000" />
  <attribute name="Output H" value="8388608"/>
  <attribute name="Output I" value="200"/>
  <attribute name="Output T" value="4"/>
  <attribute name="Target GC Util Change" value ="20.000000" />
  <attribute name="Current GC Util Change" value="66.000000"/>
  <attribute name="GC Util currently" value="66" />
  <attribute name="CPU Util currently" value="19508638051160" />
<exclusive-end id="4584" timestamp="2019-06-16T00:36:33.149" durationms="4.334" />

<exclusive-start id="4585" timestamp="2019-06-16T00:36:33.158" intervalms="13.104">
  <response-info timems="0.076" idlems="0.076" threads="0" lastid="0000000001627700" lastname="main" />
</exclusive-start>
<allocation-taxation id="4586" taxation-threshold="30408704" timestamp="2019-06-16T00:36:33.158" intervalms="13.104" />
<cycle-start id="4587" type="partial gc" contextid="0" timestamp="2019-06-16T00:36:33.158" intervalms="13.130" />
<gc-start id="4588" type="partial gc" contextid="4587" timestamp="2019-06-16T00:36:33.158">
  <mem-info id="4589" free="26214400" total="94371840" percent="27">
    <mem type="eden" free="1048536" total="31457280" percent="3" />
    <remembered-set count="1408" freebytes="3761408" totalbytes="3767040" percent="99" regionsoverflowed="0" regionsstable="18" regionsrebuilding="0"/>
  </mem-info>
</gc-start>
<allocation-stats totalBytes="30355416" >
  <allocated-bytes non-tlh="0" tlh="30355416" arrayletleaf="0"/>
  <largest-consumer threadName="main" threadId="0000000001627700" bytes="30355416" />
</allocation-stats>
<gc-op id="4590" type="copy forward" timems="1.060" contextid="4587" timestamp="2019-06-16T00:36:33.160">
  <memory-copied type="eden" objects="3" bytes="72" bytesdiscarded="0" />
  <memory-copied type="other" objects="24" bytes="544" bytesdiscarded="0" />
  <memory-cardclean objects="82" bytes="2176" />
  <regions eden="29" other="5" />
  <remembered-set-cleared processed="44" cleared="22" durationms="0.117" />
  <stringconstants candidates="13269" cleared="0"  />
</gc-op>
<gc-op id="4591" type="classunload" timems="0.003" contextid="4587" timestamp="2019-06-16T00:36:33.160">
  <classunload-info classloadercandidates="53" classloadersunloaded="0" classesunloaded="0" anonymousclassesunloaded="0" quiescems="0.000" setupms="0.003" scanms="0.000" postms="0.000" />
</gc-op>
<gc-end id="4592" type="partial gc" contextid="4587" durationms="2.308" usertimems="4.000" systemtimems="0.000" timestamp="2019-06-16T00:36:33.161" activeThreads="1">
  <mem-info id="4593" free="57671680" total="94371840" percent="61">
    <mem type="eden" free="1048504" total="1048576" percent="99" />
    <remembered-set count="1600" freebytes="3760640" totalbytes="3767040" percent="99" regionsoverflowed="0" regionsstable="18" regionsrebuilding="0"/>
  </mem-info>
</gc-end>
<cycle-end id="4594" type="partial gc" contextid="4587" timestamp="2019-06-16T00:36:33.161" />
  <attribute name="elasticGC enabled" value="1" />
  <attribute name= "numThreadsSpecified" value="1" />
  <attribute name="heapSize specified" value="0" />
  <attribute name="Current GC Util" value="160" />
  <attribute name= "Current Time Running" value="22825" />
  <attribute name ="GC Interval" value="0" />
  <attribute name="ProportionalT" value="210.000000" />
  <attribute name="ProportionalI" value="210.000000" />
  <attribute name="ProportionalH" value="210.000000" />
  <attribute name="Current Error" value="140.000000" />
  <attribute name="IntegralT" value="0.000000" />
  <attribute name="IntegralI" value="0.000000" />
  <attribute name="IntegralH" value="0.000000" />
  <attribute name="DerivativeT" value="inf" />
  <attribute name="DerivativeI" value="inf" />
  <attribute name="DerivativeH" value="inf" />
  <attribute name="Loop Time for DT" value="0.000000" />
  <attribute name="Output H" value="8388608"/>
  <attribute name="Output I" value="200"/>
  <attribute name="Output T" value="1"/>
  <attribute name="Target GC Util Change" value ="20.000000" />
  <attribute name="Current GC Util Change" value="160.000000"/>
  <attribute name="GC Util currently" value="160" />
  <attribute name="CPU Util currently" value="13560152918140" />
<exclusive-end id="4595" timestamp="2019-06-16T00:36:33.161" durationms="3.343" />

<exclusive-start id="4596" timestamp="2019-06-16T00:36:33.175" intervalms="17.055">
  <response-info timems="0.088" idlems="0.088" threads="0" lastid="0000000001627700" lastname="main" />
</exclusive-start>
<allocation-taxation id="4597" taxation-threshold="30408704" timestamp="2019-06-16T00:36:33.175" intervalms="17.008" />
<cycle-start id="4598" type="partial gc" contextid="0" timestamp="2019-06-16T00:36:33.175" intervalms="16.970" />
<gc-start id="4599" type="partial gc" contextid="4598" timestamp="2019-06-16T00:36:33.175">
  <mem-info id="4600" free="27262976" total="94371840" percent="28">
    <mem type="eden" free="1048504" total="31457280" percent="3" />
    <remembered-set count="1440" freebytes="3761280" totalbytes="3767040" percent="99" regionsoverflowed="0" regionsstable="18" regionsrebuilding="0"/>
  </mem-info>
</gc-start>
<allocation-stats totalBytes="30359168" >
  <allocated-bytes non-tlh="0" tlh="30359168" arrayletleaf="0"/>
  <largest-consumer threadName="main" threadId="0000000001627700" bytes="30359168" />
</allocation-stats>
<gc-op id="4601" type="copy forward" timems="1.070" contextid="4598" timestamp="2019-06-16T00:36:33.177">
  <memory-copied type="eden" objects="37" bytes="1464" bytesdiscarded="0" />
  <memory-copied type="other" objects="31" bytes="728" bytesdiscarded="240" />
  <memory-cardclean objects="135" bytes="3920" />
  <regions eden="29" other="4" />
  <remembered-set-cleared processed="42" cleared="23" durationms="0.119" />
  <stringconstants candidates="13269" cleared="0"  />
</gc-op>
<gc-op id="4602" type="classunload" timems="0.004" contextid="4598" timestamp="2019-06-16T00:36:33.177">
  <classunload-info classloadercandidates="53" classloadersunloaded="0" classesunloaded="0" anonymousclassesunloaded="0" quiescems="0.000" setupms="0.004" scanms="0.000" postms="0.000" />
</gc-op>
<heap-resize id="4603" type="contract" space="default" amount="2097152" count="1" timems="0.060" reason="excess free space following gc" timestamp="2019-06-16T00:36:33.177" />
<gc-end id="4604" type="partial gc" contextid="4598" durationms="2.377" usertimems="4.000" systemtimems="0.000" timestamp="2019-06-16T00:36:33.178" activeThreads="1">
  <mem-info id="4605" free="56623104" total="92274688" percent="61">
    <mem type="eden" free="1047112" total="1048576" percent="99" />
    <remembered-set count="1568" freebytes="3760768" totalbytes="3767040" percent="99" regionsoverflowed="0" regionsstable="18" regionsrebuilding="0"/>
  </mem-info>
</gc-end>
<cycle-end id="4606" type="partial gc" contextid="4598" timestamp="2019-06-16T00:36:33.178" />
  <attribute name="elasticGC enabled" value="1" />
  <attribute name= "numThreadsSpecified" value="1" />
  <attribute name="heapSize specified" value="0" />
  <attribute name="Current GC Util" value="263" />
  <attribute name= "Current Time Running" value="22842" />
  <attribute name ="GC Interval" value="0" />
  <attribute name="ProportionalT" value="364.500000" />
  <attribute name="ProportionalI" value="364.500000" />
  <attribute name="ProportionalH" value="364.500000" />
  <attribute name="Current Error" value="243.000000" />
  <attribute name="IntegralT" value="0.000000" />
  <attribute name="IntegralI" value="0.000000" />
  <attribute name="IntegralH" value="0.000000" />
  <attribute name="DerivativeT" value="inf" />
  <attribute name="DerivativeI" value="inf" />
  <attribute name="DerivativeH" value="inf" />
  <attribute name="Loop Time for DT" value="0.000000" />
  <attribute name="Output H" value="8388608"/>
  <attribute name="Output I" value="200"/>
  <attribute name="Output T" value="1"/>
  <attribute name="Target GC Util Change" value ="20.000000" />
  <attribute name="Current GC Util Change" value="263.000000"/>
  <attribute name="GC Util currently" value="263" />
  <attribute name="CPU Util currently" value="13498117879537" />
<exclusive-end id="4607" timestamp="2019-06-16T00:36:33.178" durationms="3.205" />

<exclusive-start id="4608" timestamp="2019-06-16T00:36:33.225" intervalms="49.895">
  <response-info timems="0.089" idlems="0.089" threads="0" lastid="0000000001627700" lastname="main" />
</exclusive-start>
<allocation-taxation id="4609" taxation-threshold="29360128" timestamp="2019-06-16T00:36:33.225" intervalms="49.940" />
<cycle-start id="4610" type="partial gc" contextid="0" timestamp="2019-06-16T00:36:33.225" intervalms="49.968" />
<gc-start id="4611" type="partial gc" contextid="4610" timestamp="2019-06-16T00:36:33.225">
  <mem-info id="4612" free="27262976" total="92274688" percent="29">
    <mem type="eden" free="0" total="29360128" percent="0" />
    <remembered-set count="1312" freebytes="3761792" totalbytes="3767040" percent="99" regionsoverflowed="0" regionsstable="18" regionsrebuilding="0"/>
  </mem-info>
</gc-start>
<allocation-stats totalBytes="29329960" >
  <allocated-bytes non-tlh="0" tlh="29329960" arrayletleaf="0"/>
  <largest-consumer threadName="main" threadId="0000000001627700" bytes="29329960" />
</allocation-stats>
<gc-op id="4613" type="copy forward" timems="1.075" contextid="4610" timestamp="2019-06-16T00:36:33.227">
  <memory-copied type="eden" objects="7" bytes="656" bytesdiscarded="0" />
  <memory-copied type="other" objects="76" bytes="1960" bytesdiscarded="328" />
  <memory-cardclean objects="140" bytes="4272" />
  <regions eden="28" other="4" />
  <remembered-set-cleared processed="36" cleared="23" durationms="0.122" />
  <stringconstants candidates="13269" cleared="0"  />
</gc-op>
<gc-op id="4614" type="classunload" timems="0.004" contextid="4610" timestamp="2019-06-16T00:36:33.228">
  <classunload-info classloadercandidates="53" classloadersunloaded="0" classesunloaded="0" anonymousclassesunloaded="0" quiescems="0.000" setupms="0.004" scanms="0.000" postms="0.000" />
</gc-op>
<gc-end id="4615" type="partial gc" contextid="4610" durationms="2.620" usertimems="0.000" systemtimems="0.000" timestamp="2019-06-16T00:36:33.228" activeThreads="1">
  <mem-info id="4616" free="56623104" total="92274688" percent="61">
    <mem type="eden" free="1047920" total="1048576" percent="99" />
    <remembered-set count="832" freebytes="3680000" totalbytes="3683328" percent="99" regionsoverflowed="0" regionsstable="18" regionsrebuilding="0"/>
  </mem-info>
</gc-end>
<cycle-end id="4617" type="partial gc" contextid="4610" timestamp="2019-06-16T00:36:33.228" />
  <attribute name="elasticGC enabled" value="1" />
  <attribute name= "numThreadsSpecified" value="1" />
  <attribute name="heapSize specified" value="0" />
  <attribute name="Current GC Util" value="156" />
  <attribute name= "Current Time Running" value="22892" />
  <attribute name ="GC Interval" value="0" />
  <attribute name="ProportionalT" value="204.000000" />
  <attribute name="ProportionalI" value="204.000000" />
  <attribute name="ProportionalH" value="204.000000" />
  <attribute name="Current Error" value="136.000000" />
  <attribute name="IntegralT" value="0.000000" />
  <attribute name="IntegralI" value="0.000000" />
  <attribute name="IntegralH" value="0.000000" />
  <attribute name="DerivativeT" value="inf" />
  <attribute name="DerivativeI" value="inf" />
  <attribute name="DerivativeH" value="inf" />
  <attribute name="Loop Time for DT" value="0.000000" />
  <attribute name="Output H" value="8388608"/>
  <attribute name="Output I" value="200"/>
  <attribute name="Output T" value="1"/>
  <attribute name="Target GC Util Change" value ="20.000000" />
  <attribute name="Current GC Util Change" value="156.000000"/>
  <attribute name="GC Util currently" value="156" />
  <attribute name="CPU Util currently" value="7359386515293" />
<exclusive-end id="4618" timestamp="2019-06-16T00:36:33.228" durationms="3.684" />

<exclusive-start id="4619" timestamp="2019-06-16T00:36:33.265" intervalms="40.070">
  <response-info timems="0.082" idlems="0.082" threads="0" lastid="0000000001627700" lastname="main" />
</exclusive-start>
<allocation-taxation id="4620" taxation-threshold="29360128" timestamp="2019-06-16T00:36:33.265" intervalms="40.076" />
<cycle-start id="4621" type="partial gc" contextid="0" timestamp="2019-06-16T00:36:33.265" intervalms="40.065" />
<gc-start id="4622" type="partial gc" contextid="4621" timestamp="2019-06-16T00:36:33.265">
  <mem-info id="4623" free="27262976" total="92274688" percent="29">
    <mem type="eden" free="1047920" total="30408704" percent="3" />
    <remembered-set count="736" freebytes="3680384" totalbytes="3683328" percent="99" regionsoverflowed="0" regionsstable="18" regionsrebuilding="0"/>
  </mem-info>
</gc-start>
<allocation-stats totalBytes="29331480" >
  <allocated-bytes non-tlh="0" tlh="29331480" arrayletleaf="0"/>
  <largest-consumer threadName="main" threadId="0000000001627700" bytes="29331480" />
</allocation-stats>
<gc-op id="4624" type="copy forward" timems="1.099" contextid="4621" timestamp="2019-06-16T00:36:33.267">
  <memory-copied type="eden" objects="29" bytes="1328" bytesdiscarded="0" />
  <memory-copied type="other" objects="30" bytes="680" bytesdiscarded="448" />
  <memory-cardclean objects="151" bytes="4400" />
  <regions eden="28" other="4" />
  <remembered-set-cleared processed="41" cleared="26" durationms="0.116" />
  <stringconstants candidates="13269" cleared="0"  />
</gc-op>
<gc-op id="4625" type="classunload" timems="0.004" contextid="4621" timestamp="2019-06-16T00:36:33.267">
  <classunload-info classloadercandidates="53" classloadersunloaded="0" classesunloaded="0" anonymousclassesunloaded="0" quiescems="0.000" setupms="0.004" scanms="0.000" postms="0.000" />
</gc-op>
<heap-resize id="4626" type="contract" space="default" amount="3145728" count="1" timems="0.060" reason="excess free space following gc" timestamp="2019-06-16T00:36:33.268" />
<gc-end id="4627" type="partial gc" contextid="4621" durationms="2.396" usertimems="4.000" systemtimems="0.000" timestamp="2019-06-16T00:36:33.268" activeThreads="1">
  <mem-info id="4628" free="54525952" total="89128960" percent="61">
    <mem type="eden" free="1047248" total="1048576" percent="99" />
    <remembered-set count="896" freebytes="3679744" totalbytes="3683328" percent="99" regionsoverflowed="0" regionsstable="18" regionsrebuilding="0"/>
  </mem-info>
</gc-end>
<cycle-end id="4629" type="partial gc" contextid="4621" timestamp="2019-06-16T00:36:33.268" />
  <attribute name="elasticGC enabled" value="1" />
  <attribute name= "numThreadsSpecified" value="1" />
  <attribute name="heapSize specified" value="0" />
  <attribute name="Current GC Util" value="291" />
  <attribute name= "Current Time Running" value="22932" />
  <attribute name ="GC Interval" value="0" />
  <attribute name="ProportionalT" value="406.500000" />
  <attribute name="ProportionalI" value="406.500000" />
  <attribute name="ProportionalH" value="406.500000" />
  <attribute name="Current Error" value="271.000000" />
  <attribute name="IntegralT" value="0.000000" />
  <attribute name="IntegralI" value="0.000000" />
  <attribute name="IntegralH" value="0.000000" />
  <attribute name="DerivativeT" value="inf" />
  <attribute name="DerivativeI" value="inf" />
  <attribute name="DerivativeH" value="inf" />
  <attribute name="Loop Time for DT" value="0.000000" />
  <attribute name="Output H" value="8388608"/>
  <attribute name="Output I" value="200"/>
  <attribute name="Output T" value="1"/>
  <attribute name="Target GC Util Change" value ="20.000000" />
  <attribute name="Current GC Util Change" value="291.000000"/>
  <attribute name="GC Util currently" value="291" />
  <attribute name="CPU Util currently" value="13494010281733" />
<exclusive-end id="4630" timestamp="2019-06-16T00:36:33.268" durationms="3.432" />

<exclusive-start id="4631" timestamp="2019-06-16T00:36:33.279" intervalms="14.769">
  <response-info timems="0.096" idlems="0.096" threads="0" lastid="0000000001627700" lastname="main" />
</exclusive-start>
<allocation-taxation id="4632" taxation-threshold="28311552" timestamp="2019-06-16T00:36:33.280" intervalms="14.776" />
<cycle-start id="4633" type="partial gc" contextid="0" timestamp="2019-06-16T00:36:33.280" intervalms="14.779" />
<gc-start id="4634" type="partial gc" contextid="4633" timestamp="2019-06-16T00:36:33.280">
  <mem-info id="4635" free="26214400" total="89128960" percent="29">
    <mem type="eden" free="0" total="28311552" percent="0" />
    <remembered-set count="736" freebytes="3680384" totalbytes="3683328" percent="99" regionsoverflowed="0" regionsstable="18" regionsrebuilding="0"/>
  </mem-info>
</gc-start>
<allocation-stats totalBytes="28290584" >
  <allocated-bytes non-tlh="0" tlh="28290584" arrayletleaf="0"/>
  <largest-consumer threadName="main" threadId="0000000001627700" bytes="28290584" />
</allocation-stats>
<gc-op id="4636" type="copy forward" timems="2.845" contextid="4633" timestamp="2019-06-16T00:36:33.284">
  <memory-copied type="eden" objects="4" bytes="288" bytesdiscarded="0" />
  <memory-copied type="other" objects="55" bytes="1896" bytesdiscarded="1760" />
  <memory-cardclean objects="110" bytes="3456" />
  <regions eden="27" other="2" />
  <remembered-set-cleared processed="37" cleared="17" durationms="0.092" />
  <stringconstants candidates="13269" cleared="0"  />
</gc-op>
<gc-op id="4637" type="classunload" timems="0.004" contextid="4633" timestamp="2019-06-16T00:36:33.284">
  <classunload-info classloadercandidates="53" classloadersunloaded="0" classesunloaded="0" anonymousclassesunloaded="0" quiescems="0.000" setupms="0.004" scanms="0.000" postms="0.000" />
</gc-op>
<gc-end id="4638" type="partial gc" contextid="4633" durationms="4.264" usertimems="4.000" systemtimems="4.000" timestamp="2019-06-16T00:36:33.284" activeThreads="4">
  <mem-info id="4639" free="54525952" total="89128960" percent="61">
    <mem type="eden" free="1048288" total="1048576" percent="99" />
    <remembered-set count="1984" freebytes="3549824" totalbytes="3557760" percent="99" regionsoverflowed="0" regionsstable="18" regionsrebuilding="0"/>
  </mem-info>
</gc-end>
<cycle-end id="4640" type="partial gc" contextid="4633" timestamp="2019-06-16T00:36:33.284" />
  <attribute name="elasticGC enabled" value="1" />
  <attribute name= "numThreadsSpecified" value="4" />
  <attribute name="heapSize specified" value="0" />
  <attribute name="Current GC Util" value="152" />
  <attribute name= "Current Time Running" value="22947" />
  <attribute name ="GC Interval" value="0" />
  <attribute name="ProportionalT" value="198.000000" />
  <attribute name="ProportionalI" value="198.000000" />
  <attribute name="ProportionalH" value="198.000000" />
  <attribute name="Current Error" value="132.000000" />
  <attribute name="IntegralT" value="132.000000" />
  <attribute name="IntegralI" value="132.000000" />
  <attribute name="IntegralH" value="132.000000" />
  <attribute name="DerivativeT" value="66.000000" />
  <attribute name="DerivativeI" value="66.000000" />
  <attribute name="DerivativeH" value="66.000000" />
  <attribute name="Loop Time for DT" value="1.000000" />
  <attribute name="Output H" value="8388608"/>
  <attribute name="Output I" value="400"/>
  <attribute name="Output T" value="4"/>
  <attribute name="Target GC Util Change" value ="20.000000" />
  <attribute name="Current GC Util Change" value="152.000000"/>
  <attribute name="GC Util currently" value="152" />
  <attribute name="CPU Util currently" value="7305780016082" />
<exclusive-end id="4641" timestamp="2019-06-16T00:36:33.285" durationms="5.288" />

<exclusive-start id="4642" timestamp="2019-06-16T00:36:33.296" intervalms="16.366">
  <response-info timems="0.079" idlems="0.079" threads="0" lastid="0000000001627700" lastname="main" />
</exclusive-start>
<allocation-taxation id="4643" taxation-threshold="28311552" timestamp="2019-06-16T00:36:33.296" intervalms="16.355" />
<cycle-start id="4644" type="partial gc" contextid="0" timestamp="2019-06-16T00:36:33.296" intervalms="16.365" />
<gc-start id="4645" type="partial gc" contextid="4644" timestamp="2019-06-16T00:36:33.296">
  <mem-info id="4646" free="26214400" total="89128960" percent="29">
    <mem type="eden" free="1048288" total="29360128" percent="3" />
    <remembered-set count="1984" freebytes="3549824" totalbytes="3557760" percent="99" regionsoverflowed="0" regionsstable="18" regionsrebuilding="0"/>
  </mem-info>
</gc-start>
<allocation-stats totalBytes="28290992" >
  <allocated-bytes non-tlh="0" tlh="28290992" arrayletleaf="0"/>
  <largest-consumer threadName="main" threadId="0000000001627700" bytes="28290992" />
</allocation-stats>
<gc-op id="4647" type="copy forward" timems="1.037" contextid="4644" timestamp="2019-06-16T00:36:33.298">
  <memory-copied type="eden" objects="4" bytes="288" bytesdiscarded="0" />
  <memory-copied type="other" objects="36" bytes="816" bytesdiscarded="168" />
  <memory-cardclean objects="63" bytes="2160" />
  <regions eden="27" other="2" />
  <remembered-set-cleared processed="43" cleared="8" durationms="0.117" />
  <stringconstants candidates="13269" cleared="0"  />
</gc-op>
<gc-op id="4648" type="classunload" timems="0.004" contextid="4644" timestamp="2019-06-16T00:36:33.298">
  <classunload-info classloadercandidates="53" classloadersunloaded="0" classesunloaded="0" anonymousclassesunloaded="0" quiescems="0.000" setupms="0.004" scanms="0.000" postms="0.000" />
</gc-op>
<heap-resize id="4649" type="contract" space="default" amount="2097152" count="1" timems="0.058" reason="excess free space following gc" timestamp="2019-06-16T00:36:33.299" />
<gc-end id="4650" type="partial gc" contextid="4644" durationms="2.290" usertimems="4.000" systemtimems="0.000" timestamp="2019-06-16T00:36:33.299" activeThreads="1">
  <mem-info id="4651" free="53477376" total="87031808" percent="61">
    <mem type="eden" free="1048288" total="1048576" percent="99" />
    <remembered-set count="2272" freebytes="3548672" totalbytes="3557760" percent="99" regionsoverflowed="0" regionsstable="18" regionsrebuilding="0"/>
  </mem-info>
</gc-end>
<cycle-end id="4652" type="partial gc" contextid="4644" timestamp="2019-06-16T00:36:33.299" />
  <attribute name="elasticGC enabled" value="1" />
  <attribute name= "numThreadsSpecified" value="1" />
  <attribute name="heapSize specified" value="0" />
  <attribute name="Current GC Util" value="152" />
  <attribute name= "Current Time Running" value="22963" />
  <attribute name ="GC Interval" value="0" />
  <attribute name="ProportionalT" value="198.000000" />
  <attribute name="ProportionalI" value="198.000000" />
  <attribute name="ProportionalH" value="198.000000" />
  <attribute name="Current Error" value="132.000000" />
  <attribute name="IntegralT" value="0.000000" />
  <attribute name="IntegralI" value="0.000000" />
  <attribute name="IntegralH" value="0.000000" />
  <attribute name="DerivativeT" value="inf" />
  <attribute name="DerivativeI" value="inf" />
  <attribute name="DerivativeH" value="inf" />
  <attribute name="Loop Time for DT" value="0.000000" />
  <attribute name="Output H" value="8388608"/>
  <attribute name="Output I" value="200"/>
  <attribute name="Output T" value="1"/>
  <attribute name="Target GC Util Change" value ="20.000000" />
  <attribute name="Current GC Util Change" value="152.000000"/>
  <attribute name="GC Util currently" value="152" />
  <attribute name="CPU Util currently" value="13659640789728" />
<exclusive-end id="4653" timestamp="2019-06-16T00:36:33.299" durationms="3.332" />

<exclusive-start id="4654" timestamp="2019-06-16T00:36:33.338" intervalms="42.607">
  <response-info timems="0.082" idlems="0.082" threads="0" lastid="0000000001627700" lastname="main" />
</exclusive-start>
<allocation-taxation id="4655" taxation-threshold="28311552" timestamp="2019-06-16T00:36:33.339" intervalms="42.631" />
<cycle-start id="4656" type="partial gc" contextid="0" timestamp="2019-06-16T00:36:33.339" intervalms="42.601" />
<gc-start id="4657" type="partial gc" contextid="4656" timestamp="2019-06-16T00:36:33.339">
  <mem-info id="4658" free="25165824" total="87031808" percent="28">
    <mem type="eden" free="1048288" total="29360128" percent="3" />
    <remembered-set count="1824" freebytes="3550464" totalbytes="3557760" percent="99" regionsoverflowed="0" regionsstable="18" regionsrebuilding="0"/>
  </mem-info>
</gc-start>
<allocation-stats totalBytes="28272120" >
  <allocated-bytes non-tlh="0" tlh="28272120" arrayletleaf="0"/>
  <largest-consumer threadName="main" threadId="0000000001627700" bytes="28272120" />
</allocation-stats>
<gc-op id="4659" type="copy forward" timems="1.178" contextid="4656" timestamp="2019-06-16T00:36:33.342">
  <memory-copied type="eden" objects="38" bytes="6256" bytesdiscarded="0" />
  <memory-copied type="other" objects="49" bytes="1440" bytesdiscarded="376" />
  <memory-cardclean objects="118" bytes="13144" />
  <regions eden="27" other="2" />
  <remembered-set-cleared processed="37" cleared="7" durationms="0.116" />
  <references type="weak" candidates="30" cleared="0" enqueued="0" />
  <stringconstants candidates="13269" cleared="0"  />
</gc-op>
<gc-op id="4660" type="classunload" timems="0.004" contextid="4656" timestamp="2019-06-16T00:36:33.342">
  <classunload-info classloadercandidates="53" classloadersunloaded="0" classesunloaded="0" anonymousclassesunloaded="0" quiescems="0.000" setupms="0.004" scanms="0.000" postms="0.000" />
</gc-op>
<heap-resize id="4661" type="contract" space="default" amount="3145728" count="1" timems="0.132" reason="excess free space following gc" timestamp="2019-06-16T00:36:33.342" />
<gc-end id="4662" type="partial gc" contextid="4656" durationms="3.020" usertimems="4.000" systemtimems="0.000" timestamp="2019-06-16T00:36:33.342" activeThreads="1">
  <mem-info id="4663" free="51380224" total="83886080" percent="61">
    <mem type="eden" free="1042320" total="1048576" percent="99" />
    <remembered-set count="1280" freebytes="3468928" totalbytes="3474048" percent="99" regionsoverflowed="0" regionsstable="18" regionsrebuilding="0"/>
  </mem-info>
</gc-end>
<cycle-end id="4664" type="partial gc" contextid="4656" timestamp="2019-06-16T00:36:33.342" />
  <attribute name="elasticGC enabled" value="1" />
  <attribute name= "numThreadsSpecified" value="1" />
  <attribute name="heapSize specified" value="0" />
  <attribute name="Current GC Util" value="152" />
  <attribute name= "Current Time Running" value="23006" />
  <attribute name ="GC Interval" value="0" />
  <attribute name="ProportionalT" value="198.000000" />
  <attribute name="ProportionalI" value="198.000000" />
  <attribute name="ProportionalH" value="198.000000" />
  <attribute name="Current Error" value="132.000000" />
  <attribute name="IntegralT" value="0.000000" />
  <attribute name="IntegralI" value="0.000000" />
  <attribute name="IntegralH" value="0.000000" />
  <attribute name="DerivativeT" value="inf" />
  <attribute name="DerivativeI" value="inf" />
  <attribute name="DerivativeH" value="inf" />
  <attribute name="Loop Time for DT" value="0.000000" />
  <attribute name="Output H" value="8388608"/>
  <attribute name="Output I" value="200"/>
  <attribute name="Output T" value="1"/>
  <attribute name="Target GC Util Change" value ="20.000000" />
  <attribute name="Current GC Util Change" value="152.000000"/>
  <attribute name="GC Util currently" value="152" />
  <attribute name="CPU Util currently" value="7054517088347" />
<exclusive-end id="4665" timestamp="2019-06-16T00:36:33.343" durationms="4.185" />

<exclusive-start id="4666" timestamp="2019-06-16T00:36:33.397" intervalms="58.672">
  <response-info timems="0.059" idlems="0.059" threads="0" lastid="0000000001627700" lastname="main" />
</exclusive-start>
<allocation-taxation id="4667" taxation-threshold="27262976" timestamp="2019-06-16T00:36:33.397" intervalms="58.633" />
<cycle-start id="4668" type="partial gc" contextid="0" timestamp="2019-06-16T00:36:33.397" intervalms="58.585" />
<gc-start id="4669" type="partial gc" contextid="4668" timestamp="2019-06-16T00:36:33.398">
  <mem-info id="4670" free="24117248" total="83886080" percent="28">
    <mem type="eden" free="0" total="27262976" percent="0" />
    <remembered-set count="832" freebytes="3470720" totalbytes="3474048" percent="99" regionsoverflowed="0" regionsstable="18" regionsrebuilding="0"/>
  </mem-info>
</gc-start>
<allocation-stats totalBytes="27215768" >
  <allocated-bytes non-tlh="0" tlh="27215768" arrayletleaf="0"/>
  <largest-consumer threadName="main" threadId="0000000001627700" bytes="27215768" />
</allocation-stats>
<gc-op id="4671" type="copy forward" timems="1.548" contextid="4668" timestamp="2019-06-16T00:36:33.400">
  <memory-copied type="eden" objects="2" bytes="1048" bytesdiscarded="0" />
  <memory-copied type="other" objects="36" bytes="4208" bytesdiscarded="552" />
  <memory-cardclean objects="53" bytes="2600" />
  <regions eden="26" other="1" />
  <remembered-set-cleared processed="41" cleared="2" durationms="0.110" />
  <stringconstants candidates="13269" cleared="0"  />
</gc-op>
<gc-op id="4672" type="classunload" timems="0.004" contextid="4668" timestamp="2019-06-16T00:36:33.401">
  <classunload-info classloadercandidates="53" classloadersunloaded="0" classesunloaded="0" anonymousclassesunloaded="0" quiescems="0.000" setupms="0.004" scanms="0.000" postms="0.000" />
</gc-op>
<gc-end id="4673" type="partial gc" contextid="4668" durationms="3.011" usertimems="4.000" systemtimems="0.000" timestamp="2019-06-16T00:36:33.401" activeThreads="4">
  <mem-info id="4674" free="50331648" total="83886080" percent="60">
    <mem type="eden" free="1047528" total="1048576" percent="99" />
    <remembered-set count="2304" freebytes="3339264" totalbytes="3348480" percent="99" regionsoverflowed="0" regionsstable="18" regionsrebuilding="0"/>
  </mem-info>
</gc-end>
<cycle-end id="4675" type="partial gc" contextid="4668" timestamp="2019-06-16T00:36:33.401" />
  <attribute name="elasticGC enabled" value="1" />
  <attribute name= "numThreadsSpecified" value="4" />
  <attribute name="heapSize specified" value="0" />
  <attribute name="Current GC Util" value="96" />
  <attribute name= "Current Time Running" value="23065" />
  <attribute name ="GC Interval" value="0" />
  <attribute name="ProportionalT" value="114.000000" />
  <attribute name="ProportionalI" value="114.000000" />
  <attribute name="ProportionalH" value="114.000000" />
  <attribute name="Current Error" value="76.000000" />
  <attribute name="IntegralT" value="76.000000" />
  <attribute name="IntegralI" value="76.000000" />
  <attribute name="IntegralH" value="76.000000" />
  <attribute name="DerivativeT" value="38.000000" />
  <attribute name="DerivativeI" value="38.000000" />
  <attribute name="DerivativeH" value="38.000000" />
  <attribute name="Loop Time for DT" value="1.000000" />
  <attribute name="Output H" value="8388608"/>
  <attribute name="Output I" value="232"/>
  <attribute name="Output T" value="4"/>
  <attribute name="Target GC Util Change" value ="20.000000" />
  <attribute name="Current GC Util Change" value="96.000000"/>
  <attribute name="GC Util currently" value="96" />
  <attribute name="CPU Util currently" value="8073241762850" />
<exclusive-end id="4676" timestamp="2019-06-16T00:36:33.401" durationms="4.023" />

<exclusive-start id="4677" timestamp="2019-06-16T00:36:33.445" intervalms="48.381">
  <response-info timems="0.077" idlems="0.077" threads="0" lastid="0000000001627700" lastname="main" />
</exclusive-start>
<allocation-taxation id="4678" taxation-threshold="27262976" timestamp="2019-06-16T00:36:33.446" intervalms="48.329" />
<cycle-start id="4679" type="partial gc" contextid="0" timestamp="2019-06-16T00:36:33.446" intervalms="48.272" />
<gc-start id="4680" type="partial gc" contextid="4679" timestamp="2019-06-16T00:36:33.446">
  <mem-info id="4681" free="23068672" total="83886080" percent="27">
    <mem type="eden" free="1047528" total="28311552" percent="3" />
    <remembered-set count="1824" freebytes="3341184" totalbytes="3348480" percent="99" regionsoverflowed="0" regionsstable="18" regionsrebuilding="0"/>
  </mem-info>
</gc-start>
<allocation-stats totalBytes="27218720" >
  <allocated-bytes non-tlh="0" tlh="27218720" arrayletleaf="0"/>
  <largest-consumer threadName="main" threadId="0000000001627700" bytes="27218720" />
</allocation-stats>
<gc-op id="4682" type="copy forward" timems="0.964" contextid="4679" timestamp="2019-06-16T00:36:33.448">
  <memory-copied type="eden" objects="27" bytes="824" bytesdiscarded="0" />
  <memory-copied type="other" objects="0" bytes="0" bytesdiscarded="0" />
  <memory-cardclean objects="72" bytes="10792" />
  <regions eden="26" other="1" />
  <remembered-set-cleared processed="47" cleared="8" durationms="0.117" />
  <references type="weak" candidates="2" cleared="0" enqueued="0" />
  <stringconstants candidates="13269" cleared="0"  />
</gc-op>
<gc-op id="4683" type="classunload" timems="0.004" contextid="4679" timestamp="2019-06-16T00:36:33.448">
  <classunload-info classloadercandidates="53" classloadersunloaded="0" classesunloaded="0" anonymousclassesunloaded="0" quiescems="0.000" setupms="0.004" scanms="0.000" postms="0.000" />
</gc-op>
<gc-end id="4684" type="partial gc" contextid="4679" durationms="1.874" usertimems="0.000" systemtimems="0.000" timestamp="2019-06-16T00:36:33.448" activeThreads="1">
  <mem-info id="4685" free="50331648" total="83886080" percent="60">
    <mem type="eden" free="1047752" total="1048576" percent="99" />
    <remembered-set count="2272" freebytes="3339392" totalbytes="3348480" percent="99" regionsoverflowed="0" regionsstable="18" regionsrebuilding="0"/>
  </mem-info>
</gc-end>
<cycle-end id="4686" type="partial gc" contextid="4679" timestamp="2019-06-16T00:36:33.448" />
  <attribute name="elasticGC enabled" value="1" />
  <attribute name= "numThreadsSpecified" value="1" />
  <attribute name="heapSize specified" value="0" />
  <attribute name="Current GC Util" value="52" />
  <attribute name= "Current Time Running" value="23112" />
  <attribute name ="GC Interval" value="0" />
  <attribute name="ProportionalT" value="48.000000" />
  <attribute name="ProportionalI" value="48.000000" />
  <attribute name="ProportionalH" value="48.000000" />
  <attribute name="Current Error" value="32.000000" />
  <attribute name="IntegralT" value="0.000000" />
  <attribute name="IntegralI" value="0.000000" />
  <attribute name="IntegralH" value="0.000000" />
  <attribute name="DerivativeT" value="inf" />
  <attribute name="DerivativeI" value="inf" />
  <attribute name="DerivativeH" value="inf" />
  <attribute name="Loop Time for DT" value="0.000000" />
  <attribute name="Output H" value="8388608"/>
  <attribute name="Output I" value="200"/>
  <attribute name="Output T" value="1"/>
  <attribute name="Target GC Util Change" value ="20.000000" />
  <attribute name="Current GC Util Change" value="52.000000"/>
  <attribute name="GC Util currently" value="52" />
  <attribute name="CPU Util currently" value="19249445749089" />
<exclusive-end id="4687" timestamp="2019-06-16T00:36:33.448" durationms="2.669" />

<exclusive-start id="4688" timestamp="2019-06-16T00:36:33.478" intervalms="32.371">
  <response-info timems="0.096" idlems="0.096" threads="0" lastid="0000000001627700" lastname="main" />
</exclusive-start>
<allocation-taxation id="4689" taxation-threshold="13631488" timestamp="2019-06-16T00:36:33.478" intervalms="32.383" />
<cycle-start id="4690" type="global mark phase" contextid="0" timestamp="2019-06-16T00:36:33.478" intervalms="828.641" />
<gc-start id="4691" type="global mark phase" contextid="4690" timestamp="2019-06-16T00:36:33.478">
  <mem-info id="4692" free="36700160" total="83886080" percent="43">
    <remembered-set count="1824" freebytes="3341184" totalbytes="3348480" percent="99" regionsoverflowed="0" regionsstable="18" regionsrebuilding="0"/>
  </mem-info>
</gc-start>
<gc-op id="4693" type="mark increment" timems="0.658" contextid="4690" timestamp="2019-06-16T00:36:33.479">
  <trace-info objectcount="190" scancount="0" scanbytes="0" />
</gc-op>
<gc-end id="4694" type="global mark phase" contextid="4690" durationms="0.837" usertimems="0.000" systemtimems="0.000" timestamp="2019-06-16T00:36:33.479" activeThreads="4">
  <mem-info id="4695" free="36700160" total="83886080" percent="43">
    <remembered-set count="1824" freebytes="3341184" totalbytes="3348480" percent="99" regionsoverflowed="0" regionsstable="0" regionsrebuilding="18"/>
  </mem-info>
</gc-end>
<concurrent-start id="4696" type="GMP work packet processing" contextid="4690" timestamp="2019-06-16T00:36:33.479">
  <concurrent-mark-start scanTarget="1202751" />
</concurrent-start>
<exclusive-end id="4697" timestamp="2019-06-16T00:36:33.480" durationms="2.412" />

<concurrent-end id="4698" type="GMP work packet processing" contextid="4690" timestamp="2019-06-16T00:36:33.482">
  <concurrent-mark-end bytesScanned="1203436" reasonForTermination="Work target met" />
</concurrent-end>

<exclusive-start id="4699" timestamp="2019-06-16T00:36:33.510" intervalms="32.588">
  <response-info timems="0.241" idlems="0.241" threads="0" lastid="0000000001627700" lastname="main" />
</exclusive-start>
<allocation-taxation id="4700" taxation-threshold="13631488" timestamp="2019-06-16T00:36:33.511" intervalms="32.677" />
<cycle-start id="4701" type="partial gc" contextid="0" timestamp="2019-06-16T00:36:33.511" intervalms="65.165" />
<gc-start id="4702" type="partial gc" contextid="4701" timestamp="2019-06-16T00:36:33.511">
  <mem-info id="4703" free="23068672" total="83886080" percent="27">
    <mem type="eden" free="0" total="27262976" percent="0" />
    <remembered-set count="13984" freebytes="3292544" totalbytes="3348480" percent="98" regionsoverflowed="0" regionsstable="0" regionsrebuilding="18"/>
  </mem-info>
</gc-start>
<allocation-stats totalBytes="27261480" >
  <allocated-bytes non-tlh="0" tlh="27261480" arrayletleaf="0"/>
  <largest-consumer threadName="main" threadId="0000000001627700" bytes="13630672" />
</allocation-stats>
<gc-op id="4704" type="copy forward" timems="1.327" contextid="4701" timestamp="2019-06-16T00:36:33.513">
  <memory-copied type="eden" objects="22" bytes="728" bytesdiscarded="0" />
  <memory-copied type="other" objects="7" bytes="160" bytesdiscarded="0" />
  <memory-cardclean objects="71" bytes="10776" />
  <regions eden="26" other="1" />
  <remembered-set-cleared processed="11971" cleared="56" durationms="0.221" />
  <references type="weak" candidates="2" cleared="0" enqueued="0" />
  <stringconstants candidates="13269" cleared="0"  />
</gc-op>
<gc-op id="4705" type="classunload" timems="0.005" contextid="4701" timestamp="2019-06-16T00:36:33.514">
  <classunload-info classloadercandidates="53" classloadersunloaded="0" classesunloaded="0" anonymousclassesunloaded="0" quiescems="0.000" setupms="0.004" scanms="0.000" postms="0.000" />
</gc-op>
<gc-end id="4706" type="partial gc" contextid="4701" durationms="2.501" usertimems="0.000" systemtimems="0.000" timestamp="2019-06-16T00:36:33.514" activeThreads="1">
  <mem-info id="4707" free="49283072" total="83886080" percent="58">
    <mem type="eden" free="1047848" total="1048576" percent="99" />
    <remembered-set count="14368" freebytes="3291008" totalbytes="3348480" percent="98" regionsoverflowed="0" regionsstable="0" regionsrebuilding="18"/>
  </mem-info>
</gc-end>
<cycle-end id="4708" type="partial gc" contextid="4701" timestamp="2019-06-16T00:36:33.514" />
  <attribute name="elasticGC enabled" value="1" />
  <attribute name= "numThreadsSpecified" value="1" />
  <attribute name="heapSize specified" value="0" />
  <attribute name="Current GC Util" value="49" />
  <attribute name= "Current Time Running" value="23178" />
  <attribute name ="GC Interval" value="0" />
  <attribute name="ProportionalT" value="43.500000" />
  <attribute name="ProportionalI" value="43.500000" />
  <attribute name="ProportionalH" value="43.500000" />
  <attribute name="Current Error" value="29.000000" />
  <attribute name="IntegralT" value="0.000000" />
  <attribute name="IntegralI" value="0.000000" />
  <attribute name="IntegralH" value="0.000000" />
  <attribute name="DerivativeT" value="inf" />
  <attribute name="DerivativeI" value="inf" />
  <attribute name="DerivativeH" value="inf" />
  <attribute name="Loop Time for DT" value="0.000000" />
  <attribute name="Output H" value="8388608"/>
  <attribute name="Output I" value="200"/>
  <attribute name="Output T" value="1"/>
  <attribute name="Target GC Util Change" value ="20.000000" />
  <attribute name="Current GC Util Change" value="49.000000"/>
  <attribute name="GC Util currently" value="49" />
  <attribute name="CPU Util currently" value="14569000430455" />
<exclusive-end id="4709" timestamp="2019-06-16T00:36:33.514" durationms="3.687" />

<exclusive-start id="4710" timestamp="2019-06-16T00:36:33.535" intervalms="25.092">
  <response-info timems="0.102" idlems="0.102" threads="0" lastid="0000000001627700" lastname="main" />
</exclusive-start>
<allocation-taxation id="4711" taxation-threshold="13631488" timestamp="2019-06-16T00:36:33.536" intervalms="25.097" />
<gc-start id="4712" type="global mark phase" contextid="4690" timestamp="2019-06-16T00:36:33.536">
  <mem-info id="4713" free="35651584" total="83886080" percent="42">
    <remembered-set count="14016" freebytes="3292416" totalbytes="3348480" percent="98" regionsoverflowed="0" regionsstable="0" regionsrebuilding="18"/>
  </mem-info>
</gc-start>
<gc-end id="4714" type="global mark phase" contextid="4690" durationms="0.138" usertimems="0.000" systemtimems="0.000" timestamp="2019-06-16T00:36:33.536" activeThreads="1">
  <mem-info id="4715" free="35651584" total="83886080" percent="42">
    <remembered-set count="14016" freebytes="3292416" totalbytes="3348480" percent="98" regionsoverflowed="0" regionsstable="0" regionsrebuilding="18"/>
  </mem-info>
</gc-end>
<concurrent-start id="4716" type="GMP work packet processing" contextid="4690" timestamp="2019-06-16T00:36:33.536">
  <concurrent-mark-start scanTarget="1048576" />
</concurrent-start>
<exclusive-end id="4717" timestamp="2019-06-16T00:36:33.538" durationms="2.219" />

<concurrent-end id="4718" type="GMP work packet processing" contextid="4690" timestamp="2019-06-16T00:36:33.538">
  <concurrent-mark-end bytesScanned="1109496" reasonForTermination="Work target met" />
</concurrent-end>

<exclusive-start id="4719" timestamp="2019-06-16T00:36:33.559" intervalms="23.637">
  <response-info timems="0.092" idlems="0.092" threads="0" lastid="0000000001627700" lastname="main" />
</exclusive-start>
<allocation-taxation id="4720" taxation-threshold="13631488" timestamp="2019-06-16T00:36:33.559" intervalms="23.640" />
<cycle-start id="4721" type="partial gc" contextid="0" timestamp="2019-06-16T00:36:33.560" intervalms="48.720" />
<gc-start id="4722" type="partial gc" contextid="4721" timestamp="2019-06-16T00:36:33.560">
  <mem-info id="4723" free="22020096" total="83886080" percent="26">
    <mem type="eden" free="0" total="27262976" percent="0" />
    <remembered-set count="25728" freebytes="3245568" totalbytes="3348480" percent="96" regionsoverflowed="0" regionsstable="0" regionsrebuilding="18"/>
  </mem-info>
</gc-start>
<allocation-stats totalBytes="27257800" >
  <allocated-bytes non-tlh="0" tlh="27257800" arrayletleaf="0"/>
  <largest-consumer threadName="main" threadId="0000000001627700" bytes="13628928" />
</allocation-stats>
<gc-op id="4724" type="copy forward" timems="3.565" contextid="4721" timestamp="2019-06-16T00:36:33.565">
  <memory-copied type="eden" objects="5" bytes="240" bytesdiscarded="0" />
  <memory-copied type="other" objects="22" bytes="728" bytesdiscarded="608" />
  <memory-cardclean objects="49" bytes="10096" />
  <regions eden="26" other="1" />
  <remembered-set-cleared processed="22994" cleared="65" durationms="0.152" />
  <references type="weak" candidates="2" cleared="0" enqueued="0" />
  <stringconstants candidates="13269" cleared="0"  />
</gc-op>
<gc-op id="4725" type="classunload" timems="0.007" contextid="4721" timestamp="2019-06-16T00:36:33.565">
  <classunload-info classloadercandidates="53" classloadersunloaded="0" classesunloaded="0" anonymousclassesunloaded="0" quiescems="0.000" setupms="0.007" scanms="0.000" postms="0.000" />
</gc-op>
<gc-end id="4726" type="partial gc" contextid="4721" durationms="4.869" usertimems="4.000" systemtimems="8.000" timestamp="2019-06-16T00:36:33.565" activeThreads="4">
  <mem-info id="4727" free="48234496" total="83886080" percent="57">
    <mem type="eden" free="1048336" total="1048576" percent="99" />
    <remembered-set count="25568" freebytes="3246208" totalbytes="3348480" percent="96" regionsoverflowed="0" regionsstable="0" regionsrebuilding="18"/>
  </mem-info>
</gc-end>
<cycle-end id="4728" type="partial gc" contextid="4721" timestamp="2019-06-16T00:36:33.565" />
  <attribute name="elasticGC enabled" value="1" />
  <attribute name= "numThreadsSpecified" value="4" />
  <attribute name="heapSize specified" value="0" />
  <attribute name="Current GC Util" value="169" />
  <attribute name= "Current Time Running" value="23227" />
  <attribute name ="GC Interval" value="0" />
  <attribute name="ProportionalT" value="223.500000" />
  <attribute name="ProportionalI" value="223.500000" />
  <attribute name="ProportionalH" value="223.500000" />
  <attribute name="Current Error" value="149.000000" />
  <attribute name="IntegralT" value="149.000000" />
  <attribute name="IntegralI" value="149.000000" />
  <attribute name="IntegralH" value="149.000000" />
  <attribute name="DerivativeT" value="74.500000" />
  <attribute name="DerivativeI" value="74.500000" />
  <attribute name="DerivativeH" value="74.500000" />
  <attribute name="Loop Time for DT" value="1.000000" />
  <attribute name="Output H" value="8388608"/>
  <attribute name="Output I" value="448"/>
  <attribute name="Output T" value="4"/>
  <attribute name="Target GC Util Change" value ="20.000000" />
  <attribute name="Current GC Util Change" value="169.000000"/>
  <attribute name="GC Util currently" value="169" />
  <attribute name="CPU Util currently" value="12135728272536" />
<exclusive-end id="4729" timestamp="2019-06-16T00:36:33.565" durationms="6.030" />

<exclusive-start id="4730" timestamp="2019-06-16T00:36:33.586" intervalms="27.330">
  <response-info timems="0.082" idlems="0.082" threads="0" lastid="0000000001627700" lastname="main" />
</exclusive-start>
<allocation-taxation id="4731" taxation-threshold="13631488" timestamp="2019-06-16T00:36:33.587" intervalms="27.256" />
<gc-start id="4732" type="global mark phase" contextid="4690" timestamp="2019-06-16T00:36:33.587">
  <mem-info id="4733" free="34603008" total="83886080" percent="41">
    <remembered-set count="25568" freebytes="3246208" totalbytes="3348480" percent="96" regionsoverflowed="0" regionsstable="0" regionsrebuilding="18"/>
  </mem-info>
</gc-start>
<gc-end id="4734" type="global mark phase" contextid="4690" durationms="0.156" usertimems="0.000" systemtimems="0.000" timestamp="2019-06-16T00:36:33.587" activeThreads="4">
  <mem-info id="4735" free="34603008" total="83886080" percent="41">
    <remembered-set count="25568" freebytes="3246208" totalbytes="3348480" percent="96" regionsoverflowed="0" regionsstable="0" regionsrebuilding="18"/>
  </mem-info>
</gc-end>
<concurrent-start id="4736" type="GMP work packet processing" contextid="4690" timestamp="2019-06-16T00:36:33.587">
  <concurrent-mark-start scanTarget="1202751" />
</concurrent-start>
<concurrent-end id="4737" type="GMP work packet processing" contextid="4690" timestamp="2019-06-16T00:36:33.589">
  <concurrent-mark-end bytesScanned="1250804" reasonForTermination="Work target met" />
</concurrent-end>

<exclusive-end id="4738" timestamp="2019-06-16T00:36:33.589" durationms="2.116" />

<exclusive-start id="4739" timestamp="2019-06-16T00:36:33.610" intervalms="23.451">
  <response-info timems="0.138" idlems="0.138" threads="0" lastid="0000000001627700" lastname="main" />
</exclusive-start>
<allocation-taxation id="4740" taxation-threshold="13631488" timestamp="2019-06-16T00:36:33.610" intervalms="23.470" />
<cycle-start id="4741" type="partial gc" contextid="0" timestamp="2019-06-16T00:36:33.610" intervalms="50.742" />
<gc-start id="4742" type="partial gc" contextid="4741" timestamp="2019-06-16T00:36:33.611">
  <mem-info id="4743" free="20971520" total="83886080" percent="25">
    <mem type="eden" free="1048336" total="28311552" percent="3" />
    <remembered-set count="35328" freebytes="3207168" totalbytes="3348480" percent="95" regionsoverflowed="0" regionsstable="0" regionsrebuilding="18"/>
  </mem-info>
</gc-start>
<allocation-stats totalBytes="27258080" >
  <allocated-bytes non-tlh="0" tlh="27258080" arrayletleaf="0"/>
  <largest-consumer threadName="main" threadId="0000000001627700" bytes="13629208" />
</allocation-stats>
<gc-op id="4744" type="copy forward" timems="1.665" contextid="4741" timestamp="2019-06-16T00:36:33.613">
  <memory-copied type="eden" objects="6" bytes="264" bytesdiscarded="0" />
  <memory-copied type="other" objects="0" bytes="0" bytesdiscarded="0" />
  <memory-cardclean objects="25" bytes="1088" />
  <regions eden="26" other="1" />
  <remembered-set-cleared processed="32677" cleared="18" durationms="0.376" />
  <stringconstants candidates="13269" cleared="0"  />
</gc-op>
<gc-op id="4745" type="classunload" timems="0.004" contextid="4741" timestamp="2019-06-16T00:36:33.613">
  <classunload-info classloadercandidates="53" classloadersunloaded="0" classesunloaded="0" anonymousclassesunloaded="0" quiescems="0.000" setupms="0.004" scanms="0.000" postms="0.000" />
</gc-op>
<gc-end id="4746" type="partial gc" contextid="4741" durationms="2.869" usertimems="4.000" systemtimems="0.000" timestamp="2019-06-16T00:36:33.614" activeThreads="1">
  <mem-info id="4747" free="48234496" total="83886080" percent="57">
    <mem type="eden" free="1048312" total="1048576" percent="99" />
    <remembered-set count="35776" freebytes="3205376" totalbytes="3348480" percent="95" regionsoverflowed="0" regionsstable="0" regionsrebuilding="18"/>
  </mem-info>
</gc-end>
<cycle-end id="4748" type="partial gc" contextid="4741" timestamp="2019-06-16T00:36:33.614" />
  <attribute name="elasticGC enabled" value="1" />
  <attribute name= "numThreadsSpecified" value="1" />
  <attribute name="heapSize specified" value="0" />
  <attribute name="Current GC Util" value="152" />
  <attribute name= "Current Time Running" value="23277" />
  <attribute name ="GC Interval" value="0" />
  <attribute name="ProportionalT" value="198.000000" />
  <attribute name="ProportionalI" value="198.000000" />
  <attribute name="ProportionalH" value="198.000000" />
  <attribute name="Current Error" value="132.000000" />
  <attribute name="IntegralT" value="0.000000" />
  <attribute name="IntegralI" value="0.000000" />
  <attribute name="IntegralH" value="0.000000" />
  <attribute name="DerivativeT" value="inf" />
  <attribute name="DerivativeI" value="inf" />
  <attribute name="DerivativeH" value="inf" />
  <attribute name="Loop Time for DT" value="0.000000" />
  <attribute name="Output H" value="8388608"/>
  <attribute name="Output I" value="200"/>
  <attribute name="Output T" value="1"/>
  <attribute name="Target GC Util Change" value ="20.000000" />
  <attribute name="Current GC Util Change" value="152.000000"/>
  <attribute name="GC Util currently" value="152" />
  <attribute name="CPU Util currently" value="12377474159789" />
<exclusive-end id="4749" timestamp="2019-06-16T00:36:33.614" durationms="4.031" />

<exclusive-start id="4750" timestamp="2019-06-16T00:36:33.635" intervalms="25.435">
  <response-info timems="0.080" idlems="0.080" threads="0" lastid="0000000001627700" lastname="main" />
</exclusive-start>
<allocation-taxation id="4751" taxation-threshold="13631488" timestamp="2019-06-16T00:36:33.636" intervalms="25.431" />
<gc-start id="4752" type="global mark phase" contextid="4690" timestamp="2019-06-16T00:36:33.636">
  <mem-info id="4753" free="34603008" total="83886080" percent="41">
    <remembered-set count="35360" freebytes="3207040" totalbytes="3348480" percent="95" regionsoverflowed="0" regionsstable="0" regionsrebuilding="18"/>
  </mem-info>
</gc-start>
<gc-end id="4754" type="global mark phase" contextid="4690" durationms="0.154" usertimems="0.000" systemtimems="0.000" timestamp="2019-06-16T00:36:33.636" activeThreads="1">
  <mem-info id="4755" free="34603008" total="83886080" percent="41">
    <remembered-set count="35360" freebytes="3207040" totalbytes="3348480" percent="95" regionsoverflowed="0" regionsstable="0" regionsrebuilding="18"/>
  </mem-info>
</gc-end>
<concurrent-start id="4756" type="GMP work packet processing" contextid="4690" timestamp="2019-06-16T00:36:33.636">
  <concurrent-mark-start scanTarget="1048576" />
</concurrent-start>
<concurrent-end id="4757" type="GMP work packet processing" contextid="4690" timestamp="2019-06-16T00:36:33.637">
  <concurrent-mark-end bytesScanned="1089816" reasonForTermination="Work target met" />
</concurrent-end>

<exclusive-end id="4758" timestamp="2019-06-16T00:36:33.637" durationms="2.075" />

<exclusive-start id="4759" timestamp="2019-06-16T00:36:33.659" intervalms="23.389">
  <response-info timems="0.066" idlems="0.066" threads="0" lastid="0000000001627700" lastname="main" />
</exclusive-start>
<allocation-taxation id="4760" taxation-threshold="13631488" timestamp="2019-06-16T00:36:33.659" intervalms="23.398" />
<cycle-start id="4761" type="partial gc" contextid="0" timestamp="2019-06-16T00:36:33.659" intervalms="48.831" />
<gc-start id="4762" type="partial gc" contextid="4761" timestamp="2019-06-16T00:36:33.660">
  <mem-info id="4763" free="20971520" total="83886080" percent="25">
    <mem type="eden" free="1048312" total="28311552" percent="3" />
    <remembered-set count="47680" freebytes="3157760" totalbytes="3348480" percent="94" regionsoverflowed="0" regionsstable="0" regionsrebuilding="18"/>
  </mem-info>
</gc-start>
<allocation-stats totalBytes="27258080" >
  <allocated-bytes non-tlh="0" tlh="27258080" arrayletleaf="0"/>
  <largest-consumer threadName="main" threadId="0000000001627700" bytes="13629280" />
</allocation-stats>
<gc-op id="4764" type="copy forward" timems="1.716" contextid="4761" timestamp="2019-06-16T00:36:33.662">
  <memory-copied type="eden" objects="5" bytes="240" bytesdiscarded="0" />
  <memory-copied type="other" objects="0" bytes="0" bytesdiscarded="0" />
  <memory-cardclean objects="25" bytes="1088" />
  <regions eden="26" other="1" />
  <remembered-set-cleared processed="44958" cleared="16" durationms="0.463" />
  <stringconstants candidates="13269" cleared="0"  />
</gc-op>
<gc-op id="4765" type="classunload" timems="0.004" contextid="4761" timestamp="2019-06-16T00:36:33.662">
  <classunload-info classloadercandidates="53" classloadersunloaded="0" classesunloaded="0" anonymousclassesunloaded="0" quiescems="0.000" setupms="0.004" scanms="0.000" postms="0.000" />
</gc-op>
<gc-end id="4766" type="partial gc" contextid="4761" durationms="2.949" usertimems="4.000" systemtimems="4.000" timestamp="2019-06-16T00:36:33.662" activeThreads="1">
  <mem-info id="4767" free="48234496" total="83886080" percent="57">
    <mem type="eden" free="1048336" total="1048576" percent="99" />
    <remembered-set count="48096" freebytes="3156096" totalbytes="3348480" percent="94" regionsoverflowed="0" regionsstable="0" regionsrebuilding="18"/>
  </mem-info>
</gc-end>
<cycle-end id="4768" type="partial gc" contextid="4761" timestamp="2019-06-16T00:36:33.663" />
  <attribute name="elasticGC enabled" value="1" />
  <attribute name= "numThreadsSpecified" value="1" />
  <attribute name="heapSize specified" value="0" />
  <attribute name="Current GC Util" value="155" />
  <attribute name= "Current Time Running" value="23326" />
  <attribute name ="GC Interval" value="0" />
  <attribute name="ProportionalT" value="202.500000" />
  <attribute name="ProportionalI" value="202.500000" />
  <attribute name="ProportionalH" value="202.500000" />
  <attribute name="Current Error" value="135.000000" />
  <attribute name="IntegralT" value="0.000000" />
  <attribute name="IntegralI" value="0.000000" />
  <attribute name="IntegralH" value="0.000000" />
  <attribute name="DerivativeT" value="inf" />
  <attribute name="DerivativeI" value="inf" />
  <attribute name="DerivativeH" value="inf" />
  <attribute name="Loop Time for DT" value="0.000000" />
  <attribute name="Output H" value="8388608"/>
  <attribute name="Output I" value="200"/>
  <attribute name="Output T" value="1"/>
  <attribute name="Target GC Util Change" value ="20.000000" />
  <attribute name="Current GC Util Change" value="155.000000"/>
  <attribute name="GC Util currently" value="155" />
  <attribute name="CPU Util currently" value="12689582014901" />
<exclusive-end id="4769" timestamp="2019-06-16T00:36:33.663" durationms="4.063" />

<exclusive-start id="4770" timestamp="2019-06-16T00:36:33.684" intervalms="25.543">
  <response-info timems="0.174" idlems="0.174" threads="0" lastid="0000000001627700" lastname="main" />
</exclusive-start>
<allocation-taxation id="4771" taxation-threshold="13631488" timestamp="2019-06-16T00:36:33.684" intervalms="25.533" />
<gc-start id="4772" type="global mark phase" contextid="4690" timestamp="2019-06-16T00:36:33.685">
  <mem-info id="4773" free="34603008" total="83886080" percent="41">
    <remembered-set count="47680" freebytes="3157760" totalbytes="3348480" percent="94" regionsoverflowed="0" regionsstable="0" regionsrebuilding="18"/>
  </mem-info>
</gc-start>
<gc-end id="4774" type="global mark phase" contextid="4690" durationms="0.154" usertimems="0.000" systemtimems="0.000" timestamp="2019-06-16T00:36:33.685" activeThreads="1">
  <mem-info id="4775" free="34603008" total="83886080" percent="41">
    <remembered-set count="47680" freebytes="3157760" totalbytes="3348480" percent="94" regionsoverflowed="0" regionsstable="0" regionsrebuilding="18"/>
  </mem-info>
</gc-end>
<concurrent-start id="4776" type="GMP work packet processing" contextid="4690" timestamp="2019-06-16T00:36:33.685">
  <concurrent-mark-start scanTarget="1048576" />
</concurrent-start>
<exclusive-end id="4777" timestamp="2019-06-16T00:36:33.686" durationms="1.986" />

<concurrent-end id="4778" type="GMP work packet processing" contextid="4690" timestamp="2019-06-16T00:36:33.686">
  <concurrent-mark-end bytesScanned="1090960" reasonForTermination="Work target met" />
</concurrent-end>

<exclusive-start id="4779" timestamp="2019-06-16T00:36:33.708" intervalms="23.497">
  <response-info timems="0.085" idlems="0.085" threads="0" lastid="0000000001627700" lastname="main" />
</exclusive-start>
<allocation-taxation id="4780" taxation-threshold="13631488" timestamp="2019-06-16T00:36:33.708" intervalms="23.515" />
<cycle-start id="4781" type="partial gc" contextid="0" timestamp="2019-06-16T00:36:33.708" intervalms="49.057" />
<gc-start id="4782" type="partial gc" contextid="4781" timestamp="2019-06-16T00:36:33.709">
  <mem-info id="4783" free="20971520" total="83886080" percent="25">
    <mem type="eden" free="1048336" total="28311552" percent="3" />
    <remembered-set count="57696" freebytes="3117696" totalbytes="3348480" percent="93" regionsoverflowed="0" regionsstable="0" regionsrebuilding="18"/>
  </mem-info>
</gc-start>
<allocation-stats totalBytes="27258064" >
  <allocated-bytes non-tlh="0" tlh="27258064" arrayletleaf="0"/>
  <largest-consumer threadName="main" threadId="0000000001627700" bytes="13629152" />
</allocation-stats>
<gc-op id="4784" type="copy forward" timems="1.741" contextid="4781" timestamp="2019-06-16T00:36:33.711">
  <memory-copied type="eden" objects="9" bytes="312" bytesdiscarded="0" />
  <memory-copied type="other" objects="0" bytes="0" bytesdiscarded="0" />
  <memory-cardclean objects="25" bytes="1088" />
  <regions eden="26" other="1" />
  <remembered-set-cleared processed="54452" cleared="16" durationms="0.527" />
  <stringconstants candidates="13269" cleared="0"  />
</gc-op>
<gc-op id="4785" type="classunload" timems="0.004" contextid="4781" timestamp="2019-06-16T00:36:33.711">
  <classunload-info classloadercandidates="53" classloadersunloaded="0" classesunloaded="0" anonymousclassesunloaded="0" quiescems="0.000" setupms="0.004" scanms="0.000" postms="0.000" />
</gc-op>
<gc-end id="4786" type="partial gc" contextid="4781" durationms="2.988" usertimems="4.000" systemtimems="0.000" timestamp="2019-06-16T00:36:33.712" activeThreads="1">
  <mem-info id="4787" free="48234496" total="83886080" percent="57">
    <mem type="eden" free="1048264" total="1048576" percent="99" />
    <remembered-set count="58112" freebytes="3116032" totalbytes="3348480" percent="93" regionsoverflowed="0" regionsstable="0" regionsrebuilding="18"/>
  </mem-info>
</gc-end>
<cycle-end id="4788" type="partial gc" contextid="4781" timestamp="2019-06-16T00:36:33.712" />
  <attribute name="elasticGC enabled" value="1" />
  <attribute name= "numThreadsSpecified" value="1" />
  <attribute name="heapSize specified" value="0" />
  <attribute name="Current GC Util" value="149" />
  <attribute name= "Current Time Running" value="23375" />
  <attribute name ="GC Interval" value="0" />
  <attribute name="ProportionalT" value="193.500000" />
  <attribute name="ProportionalI" value="193.500000" />
  <attribute name="ProportionalH" value="193.500000" />
  <attribute name="Current Error" value="129.000000" />
  <attribute name="IntegralT" value="0.000000" />
  <attribute name="IntegralI" value="0.000000" />
  <attribute name="IntegralH" value="0.000000" />
  <attribute name="DerivativeT" value="inf" />
  <attribute name="DerivativeI" value="inf" />
  <attribute name="DerivativeH" value="inf" />
  <attribute name="Loop Time for DT" value="0.000000" />
  <attribute name="Output H" value="8388608"/>
  <attribute name="Output I" value="200"/>
  <attribute name="Output T" value="1"/>
  <attribute name="Target GC Util Change" value ="20.000000" />
  <attribute name="Current GC Util Change" value="149.000000"/>
  <attribute name="GC Util currently" value="149" />
  <attribute name="CPU Util currently" value="12817608915210" />
<exclusive-end id="4789" timestamp="2019-06-16T00:36:33.712" durationms="4.200" />

<exclusive-start id="4790" timestamp="2019-06-16T00:36:33.733" intervalms="25.628">
  <response-info timems="0.087" idlems="0.087" threads="0" lastid="0000000001627700" lastname="main" />
</exclusive-start>
<allocation-taxation id="4791" taxation-threshold="13631488" timestamp="2019-06-16T00:36:33.734" intervalms="25.631" />
<gc-start id="4792" type="global mark phase" contextid="4690" timestamp="2019-06-16T00:36:33.734">
  <mem-info id="4793" free="34603008" total="83886080" percent="41">
    <remembered-set count="57696" freebytes="3117696" totalbytes="3348480" percent="93" regionsoverflowed="0" regionsstable="0" regionsrebuilding="18"/>
  </mem-info>
</gc-start>
<gc-end id="4794" type="global mark phase" contextid="4690" durationms="0.159" usertimems="0.000" systemtimems="0.000" timestamp="2019-06-16T00:36:33.734" activeThreads="1">
  <mem-info id="4795" free="34603008" total="83886080" percent="41">
    <remembered-set count="57696" freebytes="3117696" totalbytes="3348480" percent="93" regionsoverflowed="0" regionsstable="0" regionsrebuilding="18"/>
  </mem-info>
</gc-end>
<concurrent-start id="4796" type="GMP work packet processing" contextid="4690" timestamp="2019-06-16T00:36:33.734">
  <concurrent-mark-start scanTarget="1048576" />
</concurrent-start>
<exclusive-end id="4797" timestamp="2019-06-16T00:36:33.735" durationms="1.898" />

<concurrent-end id="4798" type="GMP work packet processing" contextid="4690" timestamp="2019-06-16T00:36:33.735">
  <concurrent-mark-end bytesScanned="1087944" reasonForTermination="Work target met" />
</concurrent-end>

<exclusive-start id="4799" timestamp="2019-06-16T00:36:33.757" intervalms="23.284">
  <response-info timems="0.080" idlems="0.080" threads="0" lastid="0000000001627700" lastname="main" />
</exclusive-start>
<allocation-taxation id="4800" taxation-threshold="13631488" timestamp="2019-06-16T00:36:33.757" intervalms="23.315" />
<cycle-start id="4801" type="partial gc" contextid="0" timestamp="2019-06-16T00:36:33.757" intervalms="48.946" />
<gc-start id="4802" type="partial gc" contextid="4801" timestamp="2019-06-16T00:36:33.758">
  <mem-info id="4803" free="20971520" total="83886080" percent="25">
    <mem type="eden" free="1048264" total="28311552" percent="3" />
    <remembered-set count="62528" freebytes="3098368" totalbytes="3348480" percent="92" regionsoverflowed="0" regionsstable="0" regionsrebuilding="18"/>
  </mem-info>
</gc-start>
<allocation-stats totalBytes="27257664" >
  <allocated-bytes non-tlh="0" tlh="27257664" arrayletleaf="0"/>
  <largest-consumer threadName="main" threadId="0000000001627700" bytes="13629312" />
</allocation-stats>
<gc-op id="4804" type="copy forward" timems="1.816" contextid="4801" timestamp="2019-06-16T00:36:33.760">
  <memory-copied type="eden" objects="5" bytes="240" bytesdiscarded="0" />
  <memory-copied type="other" objects="0" bytes="0" bytesdiscarded="0" />
  <memory-cardclean objects="25" bytes="1088" />
  <regions eden="26" other="1" />
  <remembered-set-cleared processed="59799" cleared="20" durationms="0.565" />
  <stringconstants candidates="13269" cleared="0"  />
</gc-op>
<gc-op id="4805" type="classunload" timems="0.005" contextid="4801" timestamp="2019-06-16T00:36:33.760">
  <classunload-info classloadercandidates="53" classloadersunloaded="0" classesunloaded="0" anonymousclassesunloaded="0" quiescems="0.000" setupms="0.004" scanms="0.000" postms="0.000" />
</gc-op>
<gc-end id="4806" type="partial gc" contextid="4801" durationms="3.115" usertimems="8.000" systemtimems="0.000" timestamp="2019-06-16T00:36:33.761" activeThreads="1">
  <mem-info id="4807" free="48234496" total="83886080" percent="57">
    <mem type="eden" free="1048336" total="1048576" percent="99" />
    <remembered-set count="62944" freebytes="3096704" totalbytes="3348480" percent="92" regionsoverflowed="0" regionsstable="0" regionsrebuilding="18"/>
  </mem-info>
</gc-end>
<cycle-end id="4808" type="partial gc" contextid="4801" timestamp="2019-06-16T00:36:33.761" />
  <attribute name="elasticGC enabled" value="1" />
  <attribute name= "numThreadsSpecified" value="1" />
  <attribute name="heapSize specified" value="0" />
  <attribute name="Current GC Util" value="148" />
  <attribute name= "Current Time Running" value="23424" />
  <attribute name ="GC Interval" value="0" />
  <attribute name="ProportionalT" value="192.000000" />
  <attribute name="ProportionalI" value="192.000000" />
  <attribute name="ProportionalH" value="192.000000" />
  <attribute name="Current Error" value="128.000000" />
  <attribute name="IntegralT" value="0.000000" />
  <attribute name="IntegralI" value="0.000000" />
  <attribute name="IntegralH" value="0.000000" />
  <attribute name="DerivativeT" value="inf" />
  <attribute name="DerivativeI" value="inf" />
  <attribute name="DerivativeH" value="inf" />
  <attribute name="Loop Time for DT" value="0.000000" />
  <attribute name="Output H" value="8388608"/>
  <attribute name="Output I" value="200"/>
  <attribute name="Output T" value="1"/>
  <attribute name="Target GC Util Change" value ="20.000000" />
  <attribute name="Current GC Util Change" value="148.000000"/>
  <attribute name="GC Util currently" value="148" />
  <attribute name="CPU Util currently" value="12807961818641" />
<exclusive-end id="4809" timestamp="2019-06-16T00:36:33.761" durationms="4.335" />

<exclusive-start id="4810" timestamp="2019-06-16T00:36:33.783" intervalms="25.857">
  <response-info timems="0.241" idlems="0.241" threads="0" lastid="0000000001627700" lastname="main" />
</exclusive-start>
<allocation-taxation id="4811" taxation-threshold="13631488" timestamp="2019-06-16T00:36:33.783" intervalms="25.825" />
<gc-start id="4812" type="global mark phase" contextid="4690" timestamp="2019-06-16T00:36:33.783">
  <mem-info id="4813" free="34603008" total="83886080" percent="41">
    <remembered-set count="62528" freebytes="3098368" totalbytes="3348480" percent="92" regionsoverflowed="0" regionsstable="0" regionsrebuilding="18"/>
  </mem-info>
</gc-start>
<gc-end id="4814" type="global mark phase" contextid="4690" durationms="0.141" usertimems="0.000" systemtimems="0.000" timestamp="2019-06-16T00:36:33.783" activeThreads="1">
  <mem-info id="4815" free="34603008" total="83886080" percent="41">
    <remembered-set count="62528" freebytes="3098368" totalbytes="3348480" percent="92" regionsoverflowed="0" regionsstable="0" regionsrebuilding="18"/>
  </mem-info>
</gc-end>
<concurrent-start id="4816" type="GMP work packet processing" contextid="4690" timestamp="2019-06-16T00:36:33.783">
  <concurrent-mark-start scanTarget="1048576" />
</concurrent-start>
<concurrent-end id="4817" type="GMP work packet processing" contextid="4690" timestamp="2019-06-16T00:36:33.784">
  <concurrent-mark-end bytesScanned="1092300" reasonForTermination="Work target met" />
</concurrent-end>

<exclusive-end id="4818" timestamp="2019-06-16T00:36:33.784" durationms="1.755" />

<exclusive-start id="4819" timestamp="2019-06-16T00:36:33.806" intervalms="23.141">
  <response-info timems="0.150" idlems="0.150" threads="0" lastid="0000000001627700" lastname="main" />
</exclusive-start>
<allocation-taxation id="4820" taxation-threshold="13631488" timestamp="2019-06-16T00:36:33.806" intervalms="23.132" />
<cycle-start id="4821" type="partial gc" contextid="0" timestamp="2019-06-16T00:36:33.806" intervalms="48.951" />
<gc-start id="4822" type="partial gc" contextid="4821" timestamp="2019-06-16T00:36:33.806">
  <mem-info id="4823" free="20971520" total="83886080" percent="25">
    <mem type="eden" free="1048336" total="28311552" percent="3" />
    <remembered-set count="70368" freebytes="3067008" totalbytes="3348480" percent="91" regionsoverflowed="0" regionsstable="0" regionsrebuilding="18"/>
  </mem-info>
</gc-start>
<allocation-stats totalBytes="27257984" >
  <allocated-bytes non-tlh="0" tlh="27257984" arrayletleaf="0"/>
  <largest-consumer threadName="main" threadId="0000000001627700" bytes="13628872" />
</allocation-stats>
<gc-op id="4824" type="copy forward" timems="1.866" contextid="4821" timestamp="2019-06-16T00:36:33.809">
  <memory-copied type="eden" objects="1" bytes="24" bytesdiscarded="0" />
  <memory-copied type="other" objects="0" bytes="0" bytesdiscarded="0" />
  <memory-cardclean objects="25" bytes="1088" />
  <regions eden="26" other="1" />
  <remembered-set-cleared processed="67301" cleared="16" durationms="0.628" />
  <stringconstants candidates="13269" cleared="0"  />
</gc-op>
<gc-op id="4825" type="classunload" timems="0.005" contextid="4821" timestamp="2019-06-16T00:36:33.809">
  <classunload-info classloadercandidates="53" classloadersunloaded="0" classesunloaded="0" anonymousclassesunloaded="0" quiescems="0.000" setupms="0.005" scanms="0.000" postms="0.000" />
</gc-op>
<gc-end id="4826" type="partial gc" contextid="4821" durationms="3.100" usertimems="4.000" systemtimems="0.000" timestamp="2019-06-16T00:36:33.810" activeThreads="1">
  <mem-info id="4827" free="48234496" total="83886080" percent="57">
    <mem type="eden" free="1048552" total="1048576" percent="99" />
    <remembered-set count="70784" freebytes="3065344" totalbytes="3348480" percent="91" regionsoverflowed="0" regionsstable="0" regionsrebuilding="18"/>
  </mem-info>
</gc-end>
<cycle-end id="4828" type="partial gc" contextid="4821" timestamp="2019-06-16T00:36:33.810" />
  <attribute name="elasticGC enabled" value="1" />
  <attribute name= "numThreadsSpecified" value="1" />
  <attribute name="heapSize specified" value="0" />
  <attribute name="Current GC Util" value="152" />
  <attribute name= "Current Time Running" value="23473" />
  <attribute name ="GC Interval" value="0" />
  <attribute name="ProportionalT" value="198.000000" />
  <attribute name="ProportionalI" value="198.000000" />
  <attribute name="ProportionalH" value="198.000000" />
  <attribute name="Current Error" value="132.000000" />
  <attribute name="IntegralT" value="0.000000" />
  <attribute name="IntegralI" value="0.000000" />
  <attribute name="IntegralH" value="0.000000" />
  <attribute name="DerivativeT" value="inf" />
  <attribute name="DerivativeI" value="inf" />
  <attribute name="DerivativeH" value="inf" />
  <attribute name="Loop Time for DT" value="0.000000" />
  <attribute name="Output H" value="8388608"/>
  <attribute name="Output I" value="200"/>
  <attribute name="Output T" value="1"/>
  <attribute name="Target GC Util Change" value ="20.000000" />
  <attribute name="Current GC Util Change" value="152.000000"/>
  <attribute name="GC Util currently" value="152" />
  <attribute name="CPU Util currently" value="12624621780613" />
<exclusive-end id="4829" timestamp="2019-06-16T00:36:33.810" durationms="4.255" />

<exclusive-start id="4830" timestamp="2019-06-16T00:36:33.831" intervalms="25.554">
  <response-info timems="0.110" idlems="0.110" threads="0" lastid="0000000001627700" lastname="main" />
</exclusive-start>
<allocation-taxation id="4831" taxation-threshold="13631488" timestamp="2019-06-16T00:36:33.831" intervalms="25.547" />
<gc-start id="4832" type="global mark phase" contextid="4690" timestamp="2019-06-16T00:36:33.832">
  <mem-info id="4833" free="34603008" total="83886080" percent="41">
    <remembered-set count="70368" freebytes="3067008" totalbytes="3348480" percent="91" regionsoverflowed="0" regionsstable="0" regionsrebuilding="18"/>
  </mem-info>
</gc-start>
<gc-end id="4834" type="global mark phase" contextid="4690" durationms="0.149" usertimems="0.000" systemtimems="0.000" timestamp="2019-06-16T00:36:33.832" activeThreads="1">
  <mem-info id="4835" free="34603008" total="83886080" percent="41">
    <remembered-set count="70368" freebytes="3067008" totalbytes="3348480" percent="91" regionsoverflowed="0" regionsstable="0" regionsrebuilding="18"/>
  </mem-info>
</gc-end>
<concurrent-start id="4836" type="GMP work packet processing" contextid="4690" timestamp="2019-06-16T00:36:33.832">
  <concurrent-mark-start scanTarget="1048576" />
</concurrent-start>
<concurrent-end id="4837" type="GMP work packet processing" contextid="4690" timestamp="2019-06-16T00:36:33.833">
  <concurrent-mark-end bytesScanned="1094448" reasonForTermination="Work target met" />
</concurrent-end>

<exclusive-end id="4838" timestamp="2019-06-16T00:36:33.833" durationms="1.783" />

<exclusive-start id="4839" timestamp="2019-06-16T00:36:33.854" intervalms="23.168">
  <response-info timems="0.083" idlems="0.083" threads="0" lastid="0000000001627700" lastname="main" />
</exclusive-start>
<allocation-taxation id="4840" taxation-threshold="13631488" timestamp="2019-06-16T00:36:33.855" intervalms="23.180" />
<cycle-start id="4841" type="partial gc" contextid="0" timestamp="2019-06-16T00:36:33.855" intervalms="48.695" />
<gc-start id="4842" type="partial gc" contextid="4841" timestamp="2019-06-16T00:36:33.855">
  <mem-info id="4843" free="20971520" total="83886080" percent="25">
    <mem type="eden" free="1048552" total="28311552" percent="3" />
    <remembered-set count="79584" freebytes="3030144" totalbytes="3348480" percent="90" regionsoverflowed="0" regionsstable="0" regionsrebuilding="18"/>
  </mem-info>
</gc-start>
<allocation-stats totalBytes="27258000" >
  <allocated-bytes non-tlh="0" tlh="27258000" arrayletleaf="0"/>
  <largest-consumer threadName="main" threadId="0000000001627700" bytes="13628912" />
</allocation-stats>
<gc-op id="4844" type="copy forward" timems="1.918" contextid="4841" timestamp="2019-06-16T00:36:33.858">
  <memory-copied type="eden" objects="8" bytes="368" bytesdiscarded="0" />
  <memory-copied type="other" objects="0" bytes="0" bytesdiscarded="0" />
  <memory-cardclean objects="25" bytes="1088" />
  <regions eden="26" other="1" />
  <remembered-set-cleared processed="76685" cleared="13" durationms="0.661" />
  <stringconstants candidates="13269" cleared="0"  />
</gc-op>
<gc-op id="4845" type="classunload" timems="0.005" contextid="4841" timestamp="2019-06-16T00:36:33.858">
  <classunload-info classloadercandidates="53" classloadersunloaded="0" classesunloaded="0" anonymousclassesunloaded="0" quiescems="0.000" setupms="0.005" scanms="0.000" postms="0.000" />
</gc-op>
<gc-end id="4846" type="partial gc" contextid="4841" durationms="3.169" usertimems="8.000" systemtimems="0.000" timestamp="2019-06-16T00:36:33.858" activeThreads="1">
  <mem-info id="4847" free="48234496" total="83886080" percent="57">
    <mem type="eden" free="1048208" total="1048576" percent="99" />
    <remembered-set count="80000" freebytes="3028480" totalbytes="3348480" percent="90" regionsoverflowed="0" regionsstable="0" regionsrebuilding="18"/>
  </mem-info>
</gc-end>
<cycle-end id="4848" type="partial gc" contextid="4841" timestamp="2019-06-16T00:36:33.858" />
  <attribute name="elasticGC enabled" value="1" />
  <attribute name= "numThreadsSpecified" value="1" />
  <attribute name="heapSize specified" value="0" />
  <attribute name="Current GC Util" value="161" />
  <attribute name= "Current Time Running" value="23522" />
  <attribute name ="GC Interval" value="0" />
  <attribute name="ProportionalT" value="211.500000" />
  <attribute name="ProportionalI" value="211.500000" />
  <attribute name="ProportionalH" value="211.500000" />
  <attribute name="Current Error" value="141.000000" />
  <attribute name="IntegralT" value="0.000000" />
  <attribute name="IntegralI" value="0.000000" />
  <attribute name="IntegralH" value="0.000000" />
  <attribute name="DerivativeT" value="inf" />
  <attribute name="DerivativeI" value="inf" />
  <attribute name="DerivativeH" value="inf" />
  <attribute name="Loop Time for DT" value="0.000000" />
  <attribute name="Output H" value="8388608"/>
  <attribute name="Output I" value="200"/>
  <attribute name="Output T" value="1"/>
  <attribute name="Target GC Util Change" value ="20.000000" />
  <attribute name="Current GC Util Change" value="161.000000"/>
  <attribute name="GC Util currently" value="161" />
  <attribute name="CPU Util currently" value="12823204473290" />
<exclusive-end id="4849" timestamp="2019-06-16T00:36:33.859" durationms="4.242" />

<exclusive-start id="4850" timestamp="2019-06-16T00:36:33.877" intervalms="22.729">
  <response-info timems="0.079" idlems="0.079" threads="0" lastid="0000000001627700" lastname="main" />
</exclusive-start>
<allocation-taxation id="4851" taxation-threshold="13631488" timestamp="2019-06-16T00:36:33.877" intervalms="22.731" />
<gc-start id="4852" type="global mark phase" contextid="4690" timestamp="2019-06-16T00:36:33.878">
  <mem-info id="4853" free="34603008" total="83886080" percent="41">
    <remembered-set count="79584" freebytes="3030144" totalbytes="3348480" percent="90" regionsoverflowed="0" regionsstable="0" regionsrebuilding="18"/>
  </mem-info>
</gc-start>
<gc-end id="4854" type="global mark phase" contextid="4690" durationms="0.155" usertimems="0.000" systemtimems="0.000" timestamp="2019-06-16T00:36:33.878" activeThreads="1">
  <mem-info id="4855" free="34603008" total="83886080" percent="41">
    <remembered-set count="79584" freebytes="3030144" totalbytes="3348480" percent="90" regionsoverflowed="0" regionsstable="0" regionsrebuilding="18"/>
  </mem-info>
</gc-end>
<concurrent-start id="4856" type="GMP work packet processing" contextid="4690" timestamp="2019-06-16T00:36:33.878">
  <concurrent-mark-start scanTarget="1048576" />
</concurrent-start>
<concurrent-end id="4857" type="GMP work packet processing" contextid="4690" timestamp="2019-06-16T00:36:33.879">
  <concurrent-mark-end bytesScanned="1083692" reasonForTermination="Work target met" />
</concurrent-end>

<exclusive-end id="4858" timestamp="2019-06-16T00:36:33.879" durationms="1.931" />

<exclusive-start id="4859" timestamp="2019-06-16T00:36:33.883" intervalms="6.336">
  <response-info timems="0.072" idlems="0.072" threads="0" lastid="0000000001627700" lastname="main" />
</exclusive-start>
<allocation-taxation id="4860" taxation-threshold="13631488" timestamp="2019-06-16T00:36:33.884" intervalms="6.263" />
<cycle-start id="4861" type="partial gc" contextid="0" timestamp="2019-06-16T00:36:33.884" intervalms="29.029" />
<gc-start id="4862" type="partial gc" contextid="4861" timestamp="2019-06-16T00:36:33.884">
  <mem-info id="4863" free="20971520" total="83886080" percent="25">
    <mem type="eden" free="1048208" total="28311552" percent="3" />
    <remembered-set count="85728" freebytes="3005568" totalbytes="3348480" percent="89" regionsoverflowed="0" regionsstable="0" regionsrebuilding="18"/>
  </mem-info>
</gc-start>
<allocation-stats totalBytes="27236000" >
  <allocated-bytes non-tlh="0" tlh="27236000" arrayletleaf="0"/>
  <largest-consumer threadName="main" threadId="0000000001627700" bytes="13610856" />
</allocation-stats>
<gc-op id="4864" type="copy forward" timems="1.891" contextid="4861" timestamp="2019-06-16T00:36:33.887">
  <memory-copied type="eden" objects="24" bytes="1272" bytesdiscarded="0" />
  <memory-copied type="other" objects="0" bytes="0" bytesdiscarded="0" />
  <memory-cardclean objects="71" bytes="2576" />
  <regions eden="26" other="1" />
  <remembered-set-cleared processed="83255" cleared="52" durationms="0.697" />
  <stringconstants candidates="13269" cleared="0"  />
</gc-op>
<gc-op id="4865" type="classunload" timems="0.004" contextid="4861" timestamp="2019-06-16T00:36:33.887">
  <classunload-info classloadercandidates="53" classloadersunloaded="0" classesunloaded="0" anonymousclassesunloaded="0" quiescems="0.000" setupms="0.004" scanms="0.000" postms="0.000" />
</gc-op>
<heap-resize id="4866" type="expand" space="default" amount="5242880" count="1" timems="0.068" reason="excessive time being spent in gc" timestamp="2019-06-16T00:36:33.887" />
<gc-end id="4867" type="partial gc" contextid="4861" durationms="3.275" usertimems="4.000" systemtimems="0.000" timestamp="2019-06-16T00:36:33.887" activeThreads="1">
  <mem-info id="4868" free="53477376" total="89128960" percent="60">
    <mem type="eden" free="1047304" total="1048576" percent="99" />
    <remembered-set count="86048" freebytes="3213568" totalbytes="3557760" percent="90" regionsoverflowed="0" regionsstable="0" regionsrebuilding="18"/>
  </mem-info>
</gc-end>
<cycle-end id="4869" type="partial gc" contextid="4861" timestamp="2019-06-16T00:36:33.888" />
  <attribute name="elasticGC enabled" value="1" />
  <attribute name= "numThreadsSpecified" value="1" />
  <attribute name="heapSize specified" value="0" />
  <attribute name="Current GC Util" value="158" />
  <attribute name= "Current Time Running" value="23551" />
  <attribute name ="GC Interval" value="0" />
  <attribute name="ProportionalT" value="207.000000" />
  <attribute name="ProportionalI" value="207.000000" />
  <attribute name="ProportionalH" value="207.000000" />
  <attribute name="Current Error" value="138.000000" />
  <attribute name="IntegralT" value="0.000000" />
  <attribute name="IntegralI" value="0.000000" />
  <attribute name="IntegralH" value="0.000000" />
  <attribute name="DerivativeT" value="inf" />
  <attribute name="DerivativeI" value="inf" />
  <attribute name="DerivativeH" value="inf" />
  <attribute name="Loop Time for DT" value="0.000000" />
  <attribute name="Output H" value="8388608"/>
  <attribute name="Output I" value="200"/>
  <attribute name="Output T" value="1"/>
  <attribute name="Target GC Util Change" value ="20.000000" />
  <attribute name="Current GC Util Change" value="158.000000"/>
  <attribute name="GC Util currently" value="158" />
  <attribute name="CPU Util currently" value="12653858190847" />
<exclusive-end id="4870" timestamp="2019-06-16T00:36:33.888" durationms="4.371" />

<exclusive-start id="4871" timestamp="2019-06-16T00:36:33.892" intervalms="8.825">
  <response-info timems="0.076" idlems="0.076" threads="0" lastid="0000000001627700" lastname="main" />
</exclusive-start>
<allocation-taxation id="4872" taxation-threshold="13631488" timestamp="2019-06-16T00:36:33.892" intervalms="8.866" />
<gc-start id="4873" type="global mark phase" contextid="4690" timestamp="2019-06-16T00:36:33.893">
  <mem-info id="4874" free="39845888" total="89128960" percent="44">
    <remembered-set count="85696" freebytes="3214976" totalbytes="3557760" percent="90" regionsoverflowed="0" regionsstable="0" regionsrebuilding="18"/>
  </mem-info>
</gc-start>
<gc-end id="4875" type="global mark phase" contextid="4690" durationms="0.152" usertimems="0.000" systemtimems="0.000" timestamp="2019-06-16T00:36:33.893" activeThreads="1">
  <mem-info id="4876" free="39845888" total="89128960" percent="44">
    <remembered-set count="85696" freebytes="3214976" totalbytes="3557760" percent="90" regionsoverflowed="0" regionsstable="0" regionsrebuilding="18"/>
  </mem-info>
</gc-end>
<concurrent-start id="4877" type="GMP work packet processing" contextid="4690" timestamp="2019-06-16T00:36:33.893">
  <concurrent-mark-start scanTarget="1048576" />
</concurrent-start>
<exclusive-end id="4878" timestamp="2019-06-16T00:36:33.893" durationms="0.690" />

<concurrent-end id="4879" type="GMP work packet processing" contextid="4690" timestamp="2019-06-16T00:36:33.894">
  <concurrent-mark-end bytesScanned="1091716" reasonForTermination="Work target met" />
</concurrent-end>

<exclusive-start id="4880" timestamp="2019-06-16T00:36:33.899" intervalms="6.252">
  <response-info timems="0.077" idlems="0.077" threads="0" lastid="0000000001627700" lastname="main" />
</exclusive-start>
<allocation-taxation id="4881" taxation-threshold="13631488" timestamp="2019-06-16T00:36:33.899" intervalms="6.225" />
<cycle-start id="4882" type="partial gc" contextid="0" timestamp="2019-06-16T00:36:33.899" intervalms="15.071" />
<gc-start id="4883" type="partial gc" contextid="4882" timestamp="2019-06-16T00:36:33.899">
  <mem-info id="4884" free="26214400" total="89128960" percent="29">
    <mem type="eden" free="0" total="27262976" percent="0" />
    <remembered-set count="106240" freebytes="3132800" totalbytes="3557760" percent="88" regionsoverflowed="0" regionsstable="0" regionsrebuilding="18"/>
  </mem-info>
</gc-start>
<allocation-stats totalBytes="27224648" >
  <allocated-bytes non-tlh="0" tlh="27224648" arrayletleaf="0"/>
  <largest-consumer threadName="main" threadId="0000000001627700" bytes="13612680" />
</allocation-stats>
<gc-op id="4885" type="copy forward" timems="2.065" contextid="4882" timestamp="2019-06-16T00:36:33.902">
  <memory-copied type="eden" objects="2" bytes="40" bytesdiscarded="0" />
  <memory-copied type="other" objects="22" bytes="1232" bytesdiscarded="0" />
  <memory-cardclean objects="54" bytes="2280" />
  <regions eden="26" other="1" />
  <remembered-set-cleared processed="103367" cleared="41" durationms="0.857" />
  <stringconstants candidates="13269" cleared="0"  />
</gc-op>
<gc-op id="4886" type="classunload" timems="0.004" contextid="4882" timestamp="2019-06-16T00:36:33.902">
  <classunload-info classloadercandidates="53" classloadersunloaded="0" classesunloaded="0" anonymousclassesunloaded="0" quiescems="0.000" setupms="0.004" scanms="0.000" postms="0.000" />
</gc-op>
<heap-resize id="4887" type="expand" space="default" amount="3145728" count="1" timems="0.067" reason="excessive time being spent in gc" timestamp="2019-06-16T00:36:33.902" />
<gc-end id="4888" type="partial gc" contextid="4882" durationms="3.375" usertimems="4.000" systemtimems="4.000" timestamp="2019-06-16T00:36:33.903" activeThreads="1">
  <mem-info id="4889" free="55574528" total="92274688" percent="60">
    <mem type="eden" free="1048536" total="1048576" percent="99" />
    <remembered-set count="106592" freebytes="3256960" totalbytes="3683328" percent="88" regionsoverflowed="0" regionsstable="0" regionsrebuilding="18"/>
  </mem-info>
</gc-end>
<cycle-end id="4890" type="partial gc" contextid="4882" timestamp="2019-06-16T00:36:33.903" />
  <attribute name="elasticGC enabled" value="1" />
  <attribute name= "numThreadsSpecified" value="1" />
  <attribute name="heapSize specified" value="0" />
  <attribute name="Current GC Util" value="151" />
  <attribute name= "Current Time Running" value="23566" />
  <attribute name ="GC Interval" value="0" />
  <attribute name="ProportionalT" value="196.500000" />
  <attribute name="ProportionalI" value="196.500000" />
  <attribute name="ProportionalH" value="196.500000" />
  <attribute name="Current Error" value="131.000000" />
  <attribute name="IntegralT" value="0.000000" />
  <attribute name="IntegralI" value="0.000000" />
  <attribute name="IntegralH" value="0.000000" />
  <attribute name="DerivativeT" value="inf" />
  <attribute name="DerivativeI" value="inf" />
  <attribute name="DerivativeH" value="inf" />
  <attribute name="Loop Time for DT" value="0.000000" />
  <attribute name="Output H" value="8388608"/>
  <attribute name="Output I" value="200"/>
  <attribute name="Output T" value="1"/>
  <attribute name="Target GC Util Change" value ="20.000000" />
  <attribute name="Current GC Util Change" value="151.000000"/>
  <attribute name="GC Util currently" value="151" />
  <attribute name="CPU Util currently" value="13354045183301" />
<exclusive-end id="4891" timestamp="2019-06-16T00:36:33.903" durationms="4.261" />

<exclusive-start id="4892" timestamp="2019-06-16T00:36:33.908" intervalms="9.059">
  <response-info timems="0.114" idlems="0.114" threads="0" lastid="0000000001627700" lastname="main" />
</exclusive-start>
<allocation-taxation id="4893" taxation-threshold="14680064" timestamp="2019-06-16T00:36:33.908" intervalms="9.108" />
<gc-start id="4894" type="global mark phase" contextid="4690" timestamp="2019-06-16T00:36:33.908">
  <mem-info id="4895" free="40894464" total="92274688" percent="44">
    <remembered-set count="106272" freebytes="3258240" totalbytes="3683328" percent="88" regionsoverflowed="0" regionsstable="0" regionsrebuilding="18"/>
  </mem-info>
</gc-start>
<gc-end id="4896" type="global mark phase" contextid="4690" durationms="0.140" usertimems="0.000" systemtimems="0.000" timestamp="2019-06-16T00:36:33.908" activeThreads="1">
  <mem-info id="4897" free="40894464" total="92274688" percent="44">
    <remembered-set count="106272" freebytes="3258240" totalbytes="3683328" percent="88" regionsoverflowed="0" regionsstable="0" regionsrebuilding="18"/>
  </mem-info>
</gc-end>
<concurrent-start id="4898" type="GMP work packet processing" contextid="4690" timestamp="2019-06-16T00:36:33.908">
  <concurrent-mark-start scanTarget="1048576" />
</concurrent-start>
<exclusive-end id="4899" timestamp="2019-06-16T00:36:33.908" durationms="0.792" />

<concurrent-end id="4900" type="GMP work packet processing" contextid="4690" timestamp="2019-06-16T00:36:33.909">
  <concurrent-mark-end bytesScanned="1080672" reasonForTermination="Work target met" />
</concurrent-end>

<exclusive-start id="4901" timestamp="2019-06-16T00:36:33.914" intervalms="6.271">
  <response-info timems="0.033" idlems="0.033" threads="0" lastid="0000000001627700" lastname="main" />
</exclusive-start>
<allocation-taxation id="4902" taxation-threshold="14680064" timestamp="2019-06-16T00:36:33.914" intervalms="6.231" />
<cycle-start id="4903" type="partial gc" contextid="0" timestamp="2019-06-16T00:36:33.914" intervalms="15.347" />
<gc-start id="4904" type="partial gc" contextid="4903" timestamp="2019-06-16T00:36:33.915">
  <mem-info id="4905" free="26214400" total="92274688" percent="28">
    <mem type="eden" free="1048536" total="30408704" percent="3" />
    <remembered-set count="119264" freebytes="3206272" totalbytes="3683328" percent="87" regionsoverflowed="0" regionsstable="0" regionsrebuilding="18"/>
  </mem-info>
</gc-start>
<allocation-stats totalBytes="29319624" >
  <allocated-bytes non-tlh="0" tlh="29319624" arrayletleaf="0"/>
  <largest-consumer threadName="main" threadId="0000000001627700" bytes="14659800" />
</allocation-stats>
<gc-op id="4906" type="copy forward" timems="2.034" contextid="4903" timestamp="2019-06-16T00:36:33.917">
  <memory-copied type="eden" objects="2" bytes="40" bytesdiscarded="0" />
  <memory-copied type="other" objects="0" bytes="0" bytesdiscarded="0" />
  <memory-cardclean objects="9" bytes="208" />
  <regions eden="28" other="1" />
  <remembered-set-cleared processed="116497" cleared="5" durationms="0.870" />
  <stringconstants candidates="13269" cleared="0"  />
</gc-op>
<gc-op id="4907" type="classunload" timems="0.004" contextid="4903" timestamp="2019-06-16T00:36:33.917">
  <classunload-info classloadercandidates="53" classloadersunloaded="0" classesunloaded="0" anonymousclassesunloaded="0" quiescems="0.000" setupms="0.004" scanms="0.000" postms="0.000" />
</gc-op>
<gc-end id="4908" type="partial gc" contextid="4903" durationms="3.156" usertimems="4.000" systemtimems="0.000" timestamp="2019-06-16T00:36:33.918" activeThreads="1">
  <mem-info id="4909" free="55574528" total="92274688" percent="60">
    <mem type="eden" free="1048536" total="1048576" percent="99" />
    <remembered-set count="119712" freebytes="3204480" totalbytes="3683328" percent="86" regionsoverflowed="0" regionsstable="0" regionsrebuilding="18"/>
  </mem-info>
</gc-end>
<cycle-end id="4910" type="partial gc" contextid="4903" timestamp="2019-06-16T00:36:33.918" />
  <attribute name="elasticGC enabled" value="1" />
  <attribute name= "numThreadsSpecified" value="1" />
  <attribute name="heapSize specified" value="0" />
  <attribute name="Current GC Util" value="159" />
  <attribute name= "Current Time Running" value="23581" />
  <attribute name ="GC Interval" value="0" />
  <attribute name="ProportionalT" value="208.500000" />
  <attribute name="ProportionalI" value="208.500000" />
  <attribute name="ProportionalH" value="208.500000" />
  <attribute name="Current Error" value="139.000000" />
  <attribute name="IntegralT" value="0.000000" />
  <attribute name="IntegralI" value="0.000000" />
  <attribute name="IntegralH" value="0.000000" />
  <attribute name="DerivativeT" value="inf" />
  <attribute name="DerivativeI" value="inf" />
  <attribute name="DerivativeH" value="inf" />
  <attribute name="Loop Time for DT" value="0.000000" />
  <attribute name="Output H" value="8388608"/>
  <attribute name="Output I" value="200"/>
  <attribute name="Output T" value="1"/>
  <attribute name="Target GC Util Change" value ="20.000000" />
  <attribute name="Current GC Util Change" value="159.000000"/>
  <attribute name="GC Util currently" value="159" />
  <attribute name="CPU Util currently" value="13155459983042" />
<exclusive-end id="4911" timestamp="2019-06-16T00:36:33.918" durationms="4.173" />

<exclusive-start id="4912" timestamp="2019-06-16T00:36:33.923" intervalms="8.880">
  <response-info timems="0.079" idlems="0.079" threads="0" lastid="0000000001627700" lastname="main" />
</exclusive-start>
<allocation-taxation id="4913" taxation-threshold="14680064" timestamp="2019-06-16T00:36:33.923" intervalms="8.900" />
<gc-start id="4914" type="global mark phase" contextid="4690" timestamp="2019-06-16T00:36:33.923">
  <mem-info id="4915" free="40894464" total="92274688" percent="44">
    <remembered-set count="119264" freebytes="3206272" totalbytes="3683328" percent="87" regionsoverflowed="0" regionsstable="0" regionsrebuilding="18"/>
  </mem-info>
</gc-start>
<gc-end id="4916" type="global mark phase" contextid="4690" durationms="0.146" usertimems="0.000" systemtimems="0.000" timestamp="2019-06-16T00:36:33.923" activeThreads="1">
  <mem-info id="4917" free="40894464" total="92274688" percent="44">
    <remembered-set count="119264" freebytes="3206272" totalbytes="3683328" percent="87" regionsoverflowed="0" regionsstable="0" regionsrebuilding="18"/>
  </mem-info>
</gc-end>
<concurrent-start id="4918" type="GMP work packet processing" contextid="4690" timestamp="2019-06-16T00:36:33.923">
  <concurrent-mark-start scanTarget="1048576" />
</concurrent-start>
<exclusive-end id="4919" timestamp="2019-06-16T00:36:33.924" durationms="0.929" />

<concurrent-end id="4920" type="GMP work packet processing" contextid="4690" timestamp="2019-06-16T00:36:33.925">
  <concurrent-mark-end bytesScanned="1008460" reasonForTermination="Completed all work in GC phase" />
</concurrent-end>

<exclusive-start id="4921" timestamp="2019-06-16T00:36:33.929" intervalms="6.358">
  <response-info timems="0.046" idlems="0.046" threads="0" lastid="0000000001627700" lastname="main" />
</exclusive-start>
<allocation-taxation id="4922" taxation-threshold="14680064" timestamp="2019-06-16T00:36:33.929" intervalms="6.315" />
<cycle-start id="4923" type="partial gc" contextid="0" timestamp="2019-06-16T00:36:33.929" intervalms="15.221" />
<gc-start id="4924" type="partial gc" contextid="4923" timestamp="2019-06-16T00:36:33.930">
  <mem-info id="4925" free="26214400" total="92274688" percent="28">
    <mem type="eden" free="1048536" total="30408704" percent="3" />
    <remembered-set count="128128" freebytes="3170816" totalbytes="3683328" percent="86" regionsoverflowed="0" regionsstable="0" regionsrebuilding="18"/>
  </mem-info>
</gc-start>
<allocation-stats totalBytes="29319624" >
  <allocated-bytes non-tlh="0" tlh="29319624" arrayletleaf="0"/>
  <largest-consumer threadName="main" threadId="0000000001627700" bytes="14659800" />
</allocation-stats>
<gc-op id="4926" type="copy forward" timems="2.003" contextid="4923" timestamp="2019-06-16T00:36:33.933">
  <memory-copied type="eden" objects="2" bytes="40" bytesdiscarded="0" />
  <memory-copied type="other" objects="0" bytes="0" bytesdiscarded="0" />
  <memory-cardclean objects="9" bytes="208" />
  <regions eden="28" other="1" />
  <remembered-set-cleared processed="125387" cleared="5" durationms="0.900" />
  <stringconstants candidates="13269" cleared="0"  />
</gc-op>
<gc-op id="4927" type="classunload" timems="0.004" contextid="4923" timestamp="2019-06-16T00:36:33.933">
  <classunload-info classloadercandidates="53" classloadersunloaded="0" classesunloaded="0" anonymousclassesunloaded="0" quiescems="0.000" setupms="0.004" scanms="0.000" postms="0.000" />
</gc-op>
<gc-end id="4928" type="partial gc" contextid="4923" durationms="3.138" usertimems="4.000" systemtimems="0.000" timestamp="2019-06-16T00:36:33.933" activeThreads="1">
  <mem-info id="4929" free="55574528" total="92274688" percent="60">
    <mem type="eden" free="1048536" total="1048576" percent="99" />
    <remembered-set count="128576" freebytes="3169024" totalbytes="3683328" percent="86" regionsoverflowed="0" regionsstable="0" regionsrebuilding="18"/>
  </mem-info>
</gc-end>
<cycle-end id="4930" type="partial gc" contextid="4923" timestamp="2019-06-16T00:36:33.933" />
  <attribute name="elasticGC enabled" value="1" />
  <attribute name= "numThreadsSpecified" value="1" />
  <attribute name="heapSize specified" value="0" />
  <attribute name="Current GC Util" value="160" />
  <attribute name= "Current Time Running" value="23596" />
  <attribute name ="GC Interval" value="0" />
  <attribute name="ProportionalT" value="210.000000" />
  <attribute name="ProportionalI" value="210.000000" />
  <attribute name="ProportionalH" value="210.000000" />
  <attribute name="Current Error" value="140.000000" />
  <attribute name="IntegralT" value="0.000000" />
  <attribute name="IntegralI" value="0.000000" />
  <attribute name="IntegralH" value="0.000000" />
  <attribute name="DerivativeT" value="inf" />
  <attribute name="DerivativeI" value="inf" />
  <attribute name="DerivativeH" value="inf" />
  <attribute name="Loop Time for DT" value="0.000000" />
  <attribute name="Output H" value="8388608"/>
  <attribute name="Output I" value="200"/>
  <attribute name="Output T" value="1"/>
  <attribute name="Target GC Util Change" value ="20.000000" />
  <attribute name="Current GC Util Change" value="160.000000"/>
  <attribute name="GC Util currently" value="160" />
  <attribute name="CPU Util currently" value="13405635178145" />
<exclusive-end id="4931" timestamp="2019-06-16T00:36:33.933" durationms="4.111" />

<exclusive-start id="4932" timestamp="2019-06-16T00:36:33.938" intervalms="8.820">
  <response-info timems="0.079" idlems="0.079" threads="0" lastid="0000000001627700" lastname="main" />
</exclusive-start>
<allocation-taxation id="4933" taxation-threshold="14680064" timestamp="2019-06-16T00:36:33.938" intervalms="8.836" />
<gc-start id="4934" type="global mark phase" contextid="4690" timestamp="2019-06-16T00:36:33.938">
  <mem-info id="4935" free="40894464" total="92274688" percent="44">
    <remembered-set count="128128" freebytes="3170816" totalbytes="3683328" percent="86" regionsoverflowed="0" regionsstable="0" regionsrebuilding="18"/>
  </mem-info>
</gc-start>
<gc-op id="4936" type="mark increment" timems="2.556" contextid="4690" timestamp="2019-06-16T00:36:33.941">
  <trace-info objectcount="25" scancount="24" scanbytes="712" />
  <cardclean-info objects="61" bytes="10320" />
  <finalization candidates="80" enqueued="0" />
  <ownableSynchronizers candidates="21" cleared="0" />
  <references type="soft" candidates="1862" cleared="7" enqueued="7" dynamicThreshold="19" maxThreshold="32" />
  <references type="weak" candidates="5726" cleared="0" enqueued="0" />
  <references type="phantom" candidates="101" cleared="0" enqueued="0" />
  <stringconstants candidates="13269" cleared="0"  />
</gc-op>
<gc-op id="4937" type="classunload" timems="0.006" contextid="4690" timestamp="2019-06-16T00:36:33.941">
  <classunload-info classloadercandidates="53" classloadersunloaded="0" classesunloaded="0" anonymousclassesunloaded="0" quiescems="0.000" setupms="0.006" scanms="0.000" postms="0.000" />
</gc-op>
<gc-end id="4938" type="global mark phase" contextid="4690" durationms="2.938" usertimems="4.000" systemtimems="0.000" timestamp="2019-06-16T00:36:33.941" activeThreads="4">
  <mem-info id="4939" free="40894464" total="92274688" percent="44">
    <pending-finalizers system="0" default="0" reference="7" classloader="0" />
    <remembered-set count="130176" freebytes="3162624" totalbytes="3683328" percent="85" regionsoverflowed="0" regionsstable="0" regionsrebuilding="0"/>
  </mem-info>
</gc-end>
<cycle-end id="4940" type="global mark phase" contextid="4690" timestamp="2019-06-16T00:36:33.941" />
  <attribute name="elasticGC enabled" value="1" />
  <attribute name= "numThreadsSpecified" value="4" />
  <attribute name="heapSize specified" value="0" />
  <attribute name="Current GC Util" value="198" />
  <attribute name= "Current Time Running" value="23605" />
  <attribute name ="GC Interval" value="0" />
  <attribute name="ProportionalT" value="267.000000" />
  <attribute name="ProportionalI" value="267.000000" />
  <attribute name="ProportionalH" value="267.000000" />
  <attribute name="Current Error" value="178.000000" />
  <attribute name="IntegralT" value="0.000000" />
  <attribute name="IntegralI" value="0.000000" />
  <attribute name="IntegralH" value="0.000000" />
  <attribute name="DerivativeT" value="-inf" />
  <attribute name="DerivativeI" value="-inf" />
  <attribute name="DerivativeH" value="-inf" />
  <attribute name="Loop Time for DT" value="0.000000" />
  <attribute name="Output H" value="2091843584"/>
  <attribute name="Output I" value="200"/>
  <attribute name="Output T" value="4"/>
  <attribute name="Target GC Util Change" value ="20.000000" />
  <attribute name="Current GC Util Change" value="198.000000"/>
  <attribute name="GC Util currently" value="198" />
  <attribute name="CPU Util currently" value="9433416375296" />
<exclusive-end id="4941" timestamp="2019-06-16T00:36:33.941" durationms="3.571" />

<exclusive-start id="4942" timestamp="2019-06-16T00:36:33.946" intervalms="8.152">
  <response-info timems="0.067" idlems="0.067" threads="0" lastid="0000000001627700" lastname="main" />
</exclusive-start>
<allocation-taxation id="4943" taxation-threshold="14680064" timestamp="2019-06-16T00:36:33.946" intervalms="8.163" />
<cycle-start id="4944" type="partial gc" contextid="0" timestamp="2019-06-16T00:36:33.946" intervalms="17.003" />
<gc-start id="4945" type="partial gc" contextid="4944" timestamp="2019-06-16T00:36:33.947">
  <mem-info id="4946" free="26214400" total="92274688" percent="28">
    <mem type="eden" free="1048536" total="30408704" percent="3" />
    <remembered-set count="99744" freebytes="3284352" totalbytes="3683328" percent="89" regionsoverflowed="0" regionsstable="10" regionsrebuilding="0"/>
  </mem-info>
</gc-start>
<allocation-stats totalBytes="29319648" >
  <allocated-bytes non-tlh="0" tlh="29319648" arrayletleaf="0"/>
  <largest-consumer threadName="main" threadId="0000000001627700" bytes="14659824" />
</allocation-stats>
<gc-op id="4947" type="sweep" timems="1.118" contextid="4944" timestamp="2019-06-16T00:36:33.948" />
<gc-op id="4948" type="copy forward" timems="3.190" contextid="4944" timestamp="2019-06-16T00:36:33.952">
  <memory-copied type="eden" objects="2" bytes="40" bytesdiscarded="0" />
  <memory-copied type="other" objects="6" bytes="136" bytesdiscarded="648" />
  <memory-cardclean objects="61" bytes="2920" />
  <regions eden="14" other="2" />
  <remembered-set-cleared processed="97619" cleared="46" durationms="0.397" />
  <stringconstants candidates="13269" cleared="0"  />
</gc-op>
<gc-op id="4949" type="classunload" timems="0.003" contextid="4944" timestamp="2019-06-16T00:36:33.952">
  <classunload-info classloadercandidates="53" classloadersunloaded="0" classesunloaded="0" anonymousclassesunloaded="0" quiescems="0.000" setupms="0.003" scanms="0.000" postms="0.000" />
</gc-op>
<gc-end id="4950" type="partial gc" contextid="4944" durationms="5.707" usertimems="8.000" systemtimems="4.000" timestamp="2019-06-16T00:36:33.952" activeThreads="4">
  <mem-info id="4951" free="55574528" total="92274688" percent="60">
    <mem type="eden" free="1048536" total="1048576" percent="99" />
    <remembered-set count="100384" freebytes="3281792" totalbytes="3683328" percent="89" regionsoverflowed="0" regionsstable="10" regionsrebuilding="0"/>
  </mem-info>
</gc-end>
<cycle-end id="4952" type="partial gc" contextid="4944" timestamp="2019-06-16T00:36:33.952" />
  <attribute name="elasticGC enabled" value="1" />
  <attribute name= "numThreadsSpecified" value="4" />
  <attribute name="heapSize specified" value="0" />
  <attribute name="Current GC Util" value="158" />
  <attribute name= "Current Time Running" value="23615" />
  <attribute name ="GC Interval" value="0" />
  <attribute name="ProportionalT" value="207.000000" />
  <attribute name="ProportionalI" value="207.000000" />
  <attribute name="ProportionalH" value="207.000000" />
  <attribute name="Current Error" value="138.000000" />
  <attribute name="IntegralT" value="138.000000" />
  <attribute name="IntegralI" value="138.000000" />
  <attribute name="IntegralH" value="138.000000" />
  <attribute name="DerivativeT" value="7.000000" />
  <attribute name="DerivativeI" value="7.000000" />
  <attribute name="DerivativeH" value="7.000000" />
  <attribute name="Loop Time for DT" value="1.000000" />
  <attribute name="Output H" value="8388608"/>
  <attribute name="Output I" value="352"/>
  <attribute name="Output T" value="4"/>
  <attribute name="Target GC Util Change" value ="20.000000" />
  <attribute name="Current GC Util Change" value="158.000000"/>
  <attribute name="GC Util currently" value="158" />
  <attribute name="CPU Util currently" value="13703558541190" />
<exclusive-end id="4953" timestamp="2019-06-16T00:36:33.953" durationms="6.565" />

<exclusive-start id="4954" timestamp="2019-06-16T00:36:33.962" intervalms="15.629">
  <response-info timems="0.069" idlems="0.069" threads="0" lastid="0000000001627700" lastname="main" />
</exclusive-start>
<allocation-taxation id="4955" taxation-threshold="29360128" timestamp="2019-06-16T00:36:33.962" intervalms="15.638" />
<cycle-start id="4956" type="partial gc" contextid="0" timestamp="2019-06-16T00:36:33.962" intervalms="15.640" />
<gc-start id="4957" type="partial gc" contextid="4956" timestamp="2019-06-16T00:36:33.962">
  <mem-info id="4958" free="26214400" total="92274688" percent="28">
    <mem type="eden" free="1048536" total="30408704" percent="3" />
    <remembered-set count="2368" freebytes="3673856" totalbytes="3683328" percent="99" regionsoverflowed="0" regionsstable="18" regionsrebuilding="0"/>
  </mem-info>
</gc-start>
<allocation-stats totalBytes="29319624" >
  <allocated-bytes non-tlh="0" tlh="29319624" arrayletleaf="0"/>
  <largest-consumer threadName="main" threadId="0000000001627700" bytes="29319624" />
</allocation-stats>
<gc-op id="4959" type="copy forward" timems="1.101" contextid="4956" timestamp="2019-06-16T00:36:33.964">
  <memory-copied type="eden" objects="2" bytes="40" bytesdiscarded="0" />
  <memory-copied type="other" objects="24" bytes="544" bytesdiscarded="0" />
  <memory-cardclean objects="78" bytes="2272" />
  <regions eden="28" other="4" />
  <remembered-set-cleared processed="46" cleared="23" durationms="0.118" />
  <stringconstants candidates="13269" cleared="0"  />
</gc-op>
<gc-op id="4960" type="classunload" timems="0.004" contextid="4956" timestamp="2019-06-16T00:36:33.964">
  <classunload-info classloadercandidates="53" classloadersunloaded="0" classesunloaded="0" anonymousclassesunloaded="0" quiescems="0.000" setupms="0.004" scanms="0.000" postms="0.000" />
</gc-op>
<gc-end id="4961" type="partial gc" contextid="4956" durationms="2.279" usertimems="4.000" systemtimems="0.000" timestamp="2019-06-16T00:36:33.965" activeThreads="1">
  <mem-info id="4962" free="55574528" total="92274688" percent="60">
    <mem type="eden" free="1048536" total="1048576" percent="99" />
    <remembered-set count="2016" freebytes="3675264" totalbytes="3683328" percent="99" regionsoverflowed="0" regionsstable="18" regionsrebuilding="0"/>
  </mem-info>
</gc-end>
<cycle-end id="4963" type="partial gc" contextid="4956" timestamp="2019-06-16T00:36:33.965" />
  <attribute name="elasticGC enabled" value="1" />
  <attribute name= "numThreadsSpecified" value="1" />
  <attribute name="heapSize specified" value="0" />
  <attribute name="Current GC Util" value="156" />
  <attribute name= "Current Time Running" value="23629" />
  <attribute name ="GC Interval" value="0" />
  <attribute name="ProportionalT" value="204.000000" />
  <attribute name="ProportionalI" value="204.000000" />
  <attribute name="ProportionalH" value="204.000000" />
  <attribute name="Current Error" value="136.000000" />
  <attribute name="IntegralT" value="0.000000" />
  <attribute name="IntegralI" value="0.000000" />
  <attribute name="IntegralH" value="0.000000" />
  <attribute name="DerivativeT" value="inf" />
  <attribute name="DerivativeI" value="inf" />
  <attribute name="DerivativeH" value="inf" />
  <attribute name="Loop Time for DT" value="0.000000" />
  <attribute name="Output H" value="8388608"/>
  <attribute name="Output I" value="200"/>
  <attribute name="Output T" value="1"/>
  <attribute name="Target GC Util Change" value ="20.000000" />
  <attribute name="Current GC Util Change" value="156.000000"/>
  <attribute name="GC Util currently" value="156" />
  <attribute name="CPU Util currently" value="13529401646259" />
<exclusive-end id="4964" timestamp="2019-06-16T00:36:33.965" durationms="3.239" />

<exclusive-start id="4965" timestamp="2019-06-16T00:36:33.979" intervalms="17.742">
  <response-info timems="0.078" idlems="0.078" threads="0" lastid="0000000001627700" lastname="main" />
</exclusive-start>
<allocation-taxation id="4966" taxation-threshold="29360128" timestamp="2019-06-16T00:36:33.980" intervalms="17.724" />
<cycle-start id="4967" type="partial gc" contextid="0" timestamp="2019-06-16T00:36:33.980" intervalms="17.679" />
<gc-start id="4968" type="partial gc" contextid="4967" timestamp="2019-06-16T00:36:33.980">
  <mem-info id="4969" free="26214400" total="92274688" percent="28">
    <mem type="eden" free="1048536" total="30408704" percent="3" />
    <remembered-set count="1824" freebytes="3676032" totalbytes="3683328" percent="99" regionsoverflowed="0" regionsstable="18" regionsrebuilding="0"/>
  </mem-info>
</gc-start>
<allocation-stats totalBytes="29330024" >
  <allocated-bytes non-tlh="0" tlh="29330024" arrayletleaf="0"/>
  <largest-consumer threadName="main" threadId="0000000001627700" bytes="29330024" />
</allocation-stats>
<gc-op id="4970" type="copy forward" timems="3.042" contextid="4967" timestamp="2019-06-16T00:36:33.984">
  <memory-copied type="eden" objects="27" bytes="976" bytesdiscarded="0" />
  <memory-copied type="other" objects="18" bytes="408" bytesdiscarded="376" />
  <memory-cardclean objects="139" bytes="4784" />
  <regions eden="28" other="4" />
  <remembered-set-cleared processed="43" cleared="19" durationms="0.089" />
  <stringconstants candidates="13269" cleared="0"  />
</gc-op>
<gc-op id="4971" type="classunload" timems="0.004" contextid="4967" timestamp="2019-06-16T00:36:33.984">
  <classunload-info classloadercandidates="53" classloadersunloaded="0" classesunloaded="0" anonymousclassesunloaded="0" quiescems="0.000" setupms="0.003" scanms="0.000" postms="0.000" />
</gc-op>
<gc-end id="4972" type="partial gc" contextid="4967" durationms="4.208" usertimems="4.000" systemtimems="4.000" timestamp="2019-06-16T00:36:33.984" activeThreads="4">
  <mem-info id="4973" free="56623104" total="92274688" percent="61">
    <mem type="eden" free="1047600" total="1048576" percent="99" />
    <remembered-set count="832" freebytes="3680000" totalbytes="3683328" percent="99" regionsoverflowed="0" regionsstable="18" regionsrebuilding="0"/>
  </mem-info>
</gc-end>
<cycle-end id="4974" type="partial gc" contextid="4967" timestamp="2019-06-16T00:36:33.984" />
  <attribute name="elasticGC enabled" value="1" />
  <attribute name= "numThreadsSpecified" value="4" />
  <attribute name="heapSize specified" value="0" />
  <attribute name="Current GC Util" value="289" />
  <attribute name= "Current Time Running" value="23647" />
  <attribute name ="GC Interval" value="0" />
  <attribute name="ProportionalT" value="403.500000" />
  <attribute name="ProportionalI" value="403.500000" />
  <attribute name="ProportionalH" value="403.500000" />
  <attribute name="Current Error" value="269.000000" />
  <attribute name="IntegralT" value="269.000000" />
  <attribute name="IntegralI" value="269.000000" />
  <attribute name="IntegralH" value="269.000000" />
  <attribute name="DerivativeT" value="134.500000" />
  <attribute name="DerivativeI" value="134.500000" />
  <attribute name="DerivativeH" value="134.500000" />
  <attribute name="Loop Time for DT" value="1.000000" />
  <attribute name="Output H" value="8388608"/>
  <attribute name="Output I" value="808"/>
  <attribute name="Output T" value="4"/>
  <attribute name="Target GC Util Change" value ="20.000000" />
  <attribute name="Current GC Util Change" value="289.000000"/>
  <attribute name="GC Util currently" value="289" />
  <attribute name="CPU Util currently" value="13136423478197" />
<exclusive-end id="4975" timestamp="2019-06-16T00:36:33.985" durationms="5.191" />

<exclusive-start id="4976" timestamp="2019-06-16T00:36:34.014" intervalms="34.466">
  <response-info timems="0.086" idlems="0.086" threads="0" lastid="0000000001627700" lastname="main" />
</exclusive-start>
<allocation-taxation id="4977" taxation-threshold="29360128" timestamp="2019-06-16T00:36:34.014" intervalms="34.527" />
<cycle-start id="4978" type="partial gc" contextid="0" timestamp="2019-06-16T00:36:34.014" intervalms="34.635" />
<gc-start id="4979" type="partial gc" contextid="4978" timestamp="2019-06-16T00:36:34.015">
  <mem-info id="4980" free="27262976" total="92274688" percent="29">
    <mem type="eden" free="0" total="29360128" percent="0" />
    <remembered-set count="832" freebytes="3680000" totalbytes="3683328" percent="99" regionsoverflowed="0" regionsstable="18" regionsrebuilding="0"/>
  </mem-info>
</gc-start>
<allocation-stats totalBytes="29357880" >
  <allocated-bytes non-tlh="0" tlh="29357880" arrayletleaf="0"/>
  <largest-consumer threadName="main" threadId="0000000001627700" bytes="29357880" />
</allocation-stats>
<gc-op id="4981" type="copy forward" timems="1.115" contextid="4978" timestamp="2019-06-16T00:36:34.017">
  <memory-copied type="eden" objects="23" bytes="736" bytesdiscarded="0" />
  <memory-copied type="other" objects="27" bytes="832" bytesdiscarded="376" />
  <memory-cardclean objects="160" bytes="13048" />
  <regions eden="28" other="3" />
  <remembered-set-cleared processed="43" cleared="20" durationms="0.119" />
  <references type="weak" candidates="2" cleared="0" enqueued="0" />
  <stringconstants candidates="13269" cleared="0"  />
</gc-op>
<gc-op id="4982" type="classunload" timems="0.004" contextid="4978" timestamp="2019-06-16T00:36:34.017">
  <classunload-info classloadercandidates="53" classloadersunloaded="0" classesunloaded="0" anonymousclassesunloaded="0" quiescems="0.000" setupms="0.004" scanms="0.000" postms="0.000" />
</gc-op>
<gc-end id="4983" type="partial gc" contextid="4978" durationms="2.426" usertimems="0.000" systemtimems="0.000" timestamp="2019-06-16T00:36:34.017" activeThreads="1">
  <mem-info id="4984" free="56623104" total="92274688" percent="61">
    <mem type="eden" free="1047840" total="1048576" percent="99" />
    <remembered-set count="960" freebytes="3679488" totalbytes="3683328" percent="99" regionsoverflowed="0" regionsstable="18" regionsrebuilding="0"/>
  </mem-info>
</gc-end>
<cycle-end id="4985" type="partial gc" contextid="4978" timestamp="2019-06-16T00:36:34.017" />
  <attribute name="elasticGC enabled" value="1" />
  <attribute name= "numThreadsSpecified" value="1" />
  <attribute name="heapSize specified" value="0" />
  <attribute name="Current GC Util" value="153" />
  <attribute name= "Current Time Running" value="23681" />
  <attribute name ="GC Interval" value="0" />
  <attribute name="ProportionalT" value="199.500000" />
  <attribute name="ProportionalI" value="199.500000" />
  <attribute name="ProportionalH" value="199.500000" />
  <attribute name="Current Error" value="133.000000" />
  <attribute name="IntegralT" value="0.000000" />
  <attribute name="IntegralI" value="0.000000" />
  <attribute name="IntegralH" value="0.000000" />
  <attribute name="DerivativeT" value="inf" />
  <attribute name="DerivativeI" value="inf" />
  <attribute name="DerivativeH" value="inf" />
  <attribute name="Loop Time for DT" value="0.000000" />
  <attribute name="Output H" value="8388608"/>
  <attribute name="Output I" value="200"/>
  <attribute name="Output T" value="1"/>
  <attribute name="Target GC Util Change" value ="20.000000" />
  <attribute name="Current GC Util Change" value="153.000000"/>
  <attribute name="GC Util currently" value="153" />
  <attribute name="CPU Util currently" value="12617713506047" />
<exclusive-end id="4986" timestamp="2019-06-16T00:36:34.017" durationms="3.525" />

<exclusive-start id="4987" timestamp="2019-06-16T00:36:34.204" intervalms="189.760">
  <response-info timems="0.081" idlems="0.081" threads="0" lastid="0000000001627700" lastname="main" />
</exclusive-start>
<allocation-taxation id="4988" taxation-threshold="29360128" timestamp="2019-06-16T00:36:34.204" intervalms="189.762" />
<cycle-start id="4989" type="partial gc" contextid="0" timestamp="2019-06-16T00:36:34.204" intervalms="189.725" />
<gc-start id="4990" type="partial gc" contextid="4989" timestamp="2019-06-16T00:36:34.204">
  <mem-info id="4991" free="27262976" total="92274688" percent="29">
    <mem type="eden" free="0" total="29360128" percent="0" />
    <remembered-set count="800" freebytes="3680128" totalbytes="3683328" percent="99" regionsoverflowed="0" regionsstable="18" regionsrebuilding="0"/>
  </mem-info>
</gc-start>
<allocation-stats totalBytes="29324640" >
  <allocated-bytes non-tlh="0" tlh="29324640" arrayletleaf="0"/>
  <largest-consumer threadName="main" threadId="0000000001627700" bytes="29324640" />
</allocation-stats>
<gc-op id="4992" type="copy forward" timems="1.076" contextid="4989" timestamp="2019-06-16T00:36:34.206">
  <memory-copied type="eden" objects="67" bytes="2872" bytesdiscarded="0" />
  <memory-copied type="other" objects="18" bytes="416" bytesdiscarded="240" />
  <memory-cardclean objects="147" bytes="4088" />
  <regions eden="28" other="2" />
  <remembered-set-cleared processed="47" cleared="10" durationms="0.114" />
  <stringconstants candidates="13269" cleared="0"  />
</gc-op>
<gc-op id="4993" type="classunload" timems="0.003" contextid="4989" timestamp="2019-06-16T00:36:34.207">
  <classunload-info classloadercandidates="53" classloadersunloaded="0" classesunloaded="0" anonymousclassesunloaded="0" quiescems="0.000" setupms="0.003" scanms="0.000" postms="0.000" />
</gc-op>
<heap-resize id="4994" type="contract" space="default" amount="5242880" count="1" timems="0.077" reason="insufficient time being spent in gc" timestamp="2019-06-16T00:36:34.207" />
<gc-end id="4995" type="partial gc" contextid="4989" durationms="2.646" usertimems="4.000" systemtimems="0.000" timestamp="2019-06-16T00:36:34.207" activeThreads="1">
  <mem-info id="4996" free="51380224" total="87031808" percent="59">
    <mem type="eden" free="1045704" total="1048576" percent="99" />
    <remembered-set count="1184" freebytes="3678592" totalbytes="3683328" percent="99" regionsoverflowed="0" regionsstable="18" regionsrebuilding="0"/>
  </mem-info>
</gc-end>
<cycle-end id="4997" type="partial gc" contextid="4989" timestamp="2019-06-16T00:36:34.207" />
  <attribute name="elasticGC enabled" value="1" />
  <attribute name= "numThreadsSpecified" value="1" />
  <attribute name="heapSize specified" value="0" />
  <attribute name="Current GC Util" value="261" />
  <attribute name= "Current Time Running" value="23871" />
  <attribute name ="GC Interval" value="0" />
  <attribute name="ProportionalT" value="361.500000" />
  <attribute name="ProportionalI" value="361.500000" />
  <attribute name="ProportionalH" value="361.500000" />
  <attribute name="Current Error" value="241.000000" />
  <attribute name="IntegralT" value="0.000000" />
  <attribute name="IntegralI" value="0.000000" />
  <attribute name="IntegralH" value="0.000000" />
  <attribute name="DerivativeT" value="inf" />
  <attribute name="DerivativeI" value="inf" />
  <attribute name="DerivativeH" value="inf" />
  <attribute name="Loop Time for DT" value="0.000000" />
  <attribute name="Output H" value="8388608"/>
  <attribute name="Output I" value="200"/>
  <attribute name="Output T" value="1"/>
  <attribute name="Target GC Util Change" value ="20.000000" />
  <attribute name="Current GC Util Change" value="261.000000"/>
  <attribute name="GC Util currently" value="261" />
  <attribute name="CPU Util currently" value="10961648167959" />
<exclusive-end id="4998" timestamp="2019-06-16T00:36:34.207" durationms="3.756" />

<exclusive-start id="4999" timestamp="2019-06-16T00:36:34.217" intervalms="13.315">
  <response-info timems="0.069" idlems="0.069" threads="0" lastid="0000000001627700" lastname="main" />
</exclusive-start>
<allocation-taxation id="5000" taxation-threshold="28311552" timestamp="2019-06-16T00:36:34.217" intervalms="13.331" />
<cycle-start id="5001" type="partial gc" contextid="0" timestamp="2019-06-16T00:36:34.217" intervalms="13.345" />
<gc-start id="5002" type="partial gc" contextid="5001" timestamp="2019-06-16T00:36:34.218">
  <mem-info id="5003" free="23068672" total="87031808" percent="26">
    <mem type="eden" free="0" total="28311552" percent="0" />
    <remembered-set count="832" freebytes="3680000" totalbytes="3683328" percent="99" regionsoverflowed="0" regionsstable="18" regionsrebuilding="0"/>
  </mem-info>
</gc-start>
<allocation-stats totalBytes="28205408" >
  <allocated-bytes non-tlh="0" tlh="28205408" arrayletleaf="0"/>
  <largest-consumer threadName="main" threadId="0000000001627700" bytes="28205408" />
</allocation-stats>
<gc-op id="5004" type="copy forward" timems="3.047" contextid="5001" timestamp="2019-06-16T00:36:34.222">
  <memory-copied type="eden" objects="0" bytes="0" bytesdiscarded="0" />
  <memory-copied type="other" objects="79" bytes="3144" bytesdiscarded="1640" />
  <memory-cardclean objects="82" bytes="2616" />
  <regions eden="27" other="2" />
  <remembered-set-cleared processed="49" cleared="10" durationms="0.089" />
  <stringconstants candidates="13269" cleared="0"  />
</gc-op>
<gc-op id="5005" type="classunload" timems="0.003" contextid="5001" timestamp="2019-06-16T00:36:34.222">
  <classunload-info classloadercandidates="53" classloadersunloaded="0" classesunloaded="0" anonymousclassesunloaded="0" quiescems="0.000" setupms="0.003" scanms="0.000" postms="0.000" />
</gc-op>
<heap-resize id="5006" type="contract" space="default" amount="5242880" count="1" timems="0.119" reason="insufficient time being spent in gc" timestamp="2019-06-16T00:36:34.222" />
<gc-end id="5007" type="partial gc" contextid="5001" durationms="4.834" usertimems="8.000" systemtimems="0.000" timestamp="2019-06-16T00:36:34.223" activeThreads="4">
  <mem-info id="5008" free="47185920" total="81788928" percent="57">
    <remembered-set count="1984" freebytes="3466112" totalbytes="3474048" percent="99" regionsoverflowed="0" regionsstable="18" regionsrebuilding="0"/>
  </mem-info>
</gc-end>
<cycle-end id="5009" type="partial gc" contextid="5001" timestamp="2019-06-16T00:36:34.223" />
  <attribute name="elasticGC enabled" value="1" />
  <attribute name= "numThreadsSpecified" value="4" />
  <attribute name="heapSize specified" value="0" />
  <attribute name="Current GC Util" value="151" />
  <attribute name= "Current Time Running" value="23885" />
  <attribute name ="GC Interval" value="0" />
  <attribute name="ProportionalT" value="196.500000" />
  <attribute name="ProportionalI" value="196.500000" />
  <attribute name="ProportionalH" value="196.500000" />
  <attribute name="Current Error" value="131.000000" />
  <attribute name="IntegralT" value="131.000000" />
  <attribute name="IntegralI" value="131.000000" />
  <attribute name="IntegralH" value="131.000000" />
  <attribute name="DerivativeT" value="65.500000" />
  <attribute name="DerivativeI" value="65.500000" />
  <attribute name="DerivativeH" value="65.500000" />
  <attribute name="Loop Time for DT" value="1.000000" />
  <attribute name="Output H" value="8388608"/>
  <attribute name="Output I" value="400"/>
  <attribute name="Output T" value="4"/>
  <attribute name="Target GC Util Change" value ="20.000000" />
  <attribute name="Current GC Util Change" value="151.000000"/>
  <attribute name="GC Util currently" value="151" />
  <attribute name="CPU Util currently" value="6659281987971" />
<exclusive-end id="5010" timestamp="2019-06-16T00:36:34.223" durationms="5.910" />

<exclusive-start id="5011" timestamp="2019-06-16T00:36:34.232" intervalms="14.985">
  <response-info timems="0.079" idlems="0.079" threads="0" lastid="0000000001627700" lastname="main" />
</exclusive-start>
<allocation-taxation id="5012" taxation-threshold="27262976" timestamp="2019-06-16T00:36:34.232" intervalms="14.935" />
<cycle-start id="5013" type="partial gc" contextid="0" timestamp="2019-06-16T00:36:34.232" intervalms="14.879" />
<gc-start id="5014" type="partial gc" contextid="5013" timestamp="2019-06-16T00:36:34.233">
  <mem-info id="5015" free="19922944" total="81788928" percent="24">
    <mem type="eden" free="0" total="27262976" percent="0" />
    <remembered-set count="1504" freebytes="3468032" totalbytes="3474048" percent="99" regionsoverflowed="0" regionsstable="18" regionsrebuilding="0"/>
  </mem-info>
</gc-start>
<allocation-stats totalBytes="27164032" >
  <allocated-bytes non-tlh="0" tlh="27164032" arrayletleaf="0"/>
  <largest-consumer threadName="main" threadId="0000000001627700" bytes="27164032" />
</allocation-stats>
<gc-op id="5016" type="copy forward" timems="1.062" contextid="5013" timestamp="2019-06-16T00:36:34.235">
  <memory-copied type="eden" objects="1" bytes="24" bytesdiscarded="0" />
  <memory-copied type="other" objects="18" bytes="408" bytesdiscarded="376" />
  <memory-cardclean objects="51" bytes="1264" />
  <regions eden="26" other="1" />
  <remembered-set-cleared processed="51" cleared="8" durationms="0.118" />
  <stringconstants candidates="13269" cleared="0"  />
</gc-op>
<gc-op id="5017" type="classunload" timems="0.024" contextid="5013" timestamp="2019-06-16T00:36:34.235">
  <classunload-info classloadercandidates="53" classloadersunloaded="0" classesunloaded="0" anonymousclassesunloaded="0" quiescems="0.000" setupms="0.024" scanms="0.000" postms="0.000" />
</gc-op>
<gc-end id="5018" type="partial gc" contextid="5013" durationms="2.539" usertimems="4.000" systemtimems="0.000" timestamp="2019-06-16T00:36:34.235" activeThreads="1">
  <mem-info id="5019" free="47185920" total="81788928" percent="57">
    <mem type="eden" free="1048552" total="1048576" percent="99" />
    <remembered-set count="1024" freebytes="3260672" totalbytes="3264768" percent="99" regionsoverflowed="0" regionsstable="18" regionsrebuilding="0"/>
  </mem-info>
</gc-end>
<cycle-end id="5020" type="partial gc" contextid="5013" timestamp="2019-06-16T00:36:34.235" />
  <attribute name="elasticGC enabled" value="1" />
  <attribute name= "numThreadsSpecified" value="1" />
  <attribute name="heapSize specified" value="0" />
  <attribute name="Current GC Util" value="122" />
  <attribute name= "Current Time Running" value="23899" />
  <attribute name ="GC Interval" value="0" />
  <attribute name="ProportionalT" value="153.000000" />
  <attribute name="ProportionalI" value="153.000000" />
  <attribute name="ProportionalH" value="153.000000" />
  <attribute name="Current Error" value="102.000000" />
  <attribute name="IntegralT" value="0.000000" />
  <attribute name="IntegralI" value="0.000000" />
  <attribute name="IntegralH" value="0.000000" />
  <attribute name="DerivativeT" value="inf" />
  <attribute name="DerivativeI" value="inf" />
  <attribute name="DerivativeH" value="inf" />
  <attribute name="Loop Time for DT" value="0.000000" />
  <attribute name="Output H" value="8388608"/>
  <attribute name="Output I" value="200"/>
  <attribute name="Output T" value="1"/>
  <attribute name="Target GC Util Change" value ="20.000000" />
  <attribute name="Current GC Util Change" value="122.000000"/>
  <attribute name="GC Util currently" value="122" />
  <attribute name="CPU Util currently" value="7536419731473" />
<exclusive-end id="5021" timestamp="2019-06-16T00:36:34.236" durationms="3.563" />

<exclusive-start id="5022" timestamp="2019-06-16T00:36:34.240" intervalms="8.340">
  <response-info timems="0.069" idlems="0.069" threads="0" lastid="0000000001627700" lastname="main" />
</exclusive-start>
<allocation-taxation id="5023" taxation-threshold="13631488" timestamp="2019-06-16T00:36:34.241" intervalms="8.440" />
<cycle-start id="5024" type="global mark phase" contextid="0" timestamp="2019-06-16T00:36:34.241" intervalms="762.792" />
<gc-start id="5025" type="global mark phase" contextid="5024" timestamp="2019-06-16T00:36:34.241">
  <mem-info id="5026" free="33554432" total="81788928" percent="41">
    <remembered-set count="544" freebytes="3262592" totalbytes="3264768" percent="99" regionsoverflowed="0" regionsstable="18" regionsrebuilding="0"/>
  </mem-info>
</gc-start>
<gc-op id="5027" type="mark increment" timems="3.577" contextid="5024" timestamp="2019-06-16T00:36:34.245">
  <trace-info objectcount="36934" scancount="25413" scanbytes="897904" />
</gc-op>
<gc-end id="5028" type="global mark phase" contextid="5024" durationms="3.838" usertimems="8.000" systemtimems="0.000" timestamp="2019-06-16T00:36:34.245" activeThreads="4">
  <mem-info id="5029" free="33554432" total="81788928" percent="41">
    <remembered-set count="14880" freebytes="3205248" totalbytes="3264768" percent="98" regionsoverflowed="0" regionsstable="0" regionsrebuilding="18"/>
  </mem-info>
</gc-end>
<concurrent-start id="5030" type="GMP work packet processing" contextid="5024" timestamp="2019-06-16T00:36:34.245">
  <concurrent-mark-start scanTarget="1048576" />
</concurrent-start>
<exclusive-end id="5031" timestamp="2019-06-16T00:36:34.246" durationms="5.939" />

<concurrent-end id="5032" type="GMP work packet processing" contextid="5024" timestamp="2019-06-16T00:36:34.247">
  <concurrent-mark-end bytesScanned="1109280" reasonForTermination="Work target met" />
</concurrent-end>

<exclusive-start id="5033" timestamp="2019-06-16T00:36:34.251" intervalms="10.899">
  <response-info timems="0.059" idlems="0.059" threads="0" lastid="0000000001627700" lastname="main" />
</exclusive-start>
<allocation-taxation id="5034" taxation-threshold="13631488" timestamp="2019-06-16T00:36:34.251" intervalms="10.816" />
<cycle-start id="5035" type="partial gc" contextid="0" timestamp="2019-06-16T00:36:34.252" intervalms="19.285" />
<gc-start id="5036" type="partial gc" contextid="5035" timestamp="2019-06-16T00:36:34.252">
  <mem-info id="5037" free="19922944" total="81788928" percent="24">
    <mem type="eden" free="1048552" total="28311552" percent="3" />
    <remembered-set count="24736" freebytes="3165824" totalbytes="3264768" percent="96" regionsoverflowed="0" regionsstable="0" regionsrebuilding="18"/>
  </mem-info>
</gc-start>
<allocation-stats totalBytes="27171256" >
  <allocated-bytes non-tlh="0" tlh="27171256" arrayletleaf="0"/>
  <largest-consumer threadName="main" threadId="0000000001627700" bytes="13586872" />
</allocation-stats>
<gc-op id="5038" type="copy forward" timems="3.708" contextid="5035" timestamp="2019-06-16T00:36:34.256">
  <memory-copied type="eden" objects="1" bytes="24" bytesdiscarded="0" />
  <memory-copied type="other" objects="79" bytes="2120" bytesdiscarded="1200" />
  <memory-cardclean objects="111" bytes="11864" />
  <regions eden="26" other="3" />
  <remembered-set-cleared processed="22663" cleared="91" durationms="0.151" />
  <references type="weak" candidates="30" cleared="0" enqueued="0" />
  <stringconstants candidates="13269" cleared="0"  />
</gc-op>
<gc-op id="5039" type="classunload" timems="0.003" contextid="5035" timestamp="2019-06-16T00:36:34.257">
  <classunload-info classloadercandidates="53" classloadersunloaded="0" classesunloaded="0" anonymousclassesunloaded="0" quiescems="0.000" setupms="0.003" scanms="0.000" postms="0.000" />
</gc-op>
<gc-end id="5040" type="partial gc" contextid="5035" durationms="4.870" usertimems="4.000" systemtimems="4.000" timestamp="2019-06-16T00:36:34.257" activeThreads="4">
  <mem-info id="5041" free="49283072" total="81788928" percent="60">
    <mem type="eden" free="1048552" total="1048576" percent="99" />
    <remembered-set count="25248" freebytes="3163776" totalbytes="3264768" percent="96" regionsoverflowed="0" regionsstable="0" regionsrebuilding="18"/>
  </mem-info>
</gc-end>
<cycle-end id="5042" type="partial gc" contextid="5035" timestamp="2019-06-16T00:36:34.257" />
  <attribute name="elasticGC enabled" value="1" />
  <attribute name= "numThreadsSpecified" value="4" />
  <attribute name="heapSize specified" value="0" />
  <attribute name="Current GC Util" value="159" />
  <attribute name= "Current Time Running" value="23919" />
  <attribute name ="GC Interval" value="0" />
  <attribute name="ProportionalT" value="208.500000" />
  <attribute name="ProportionalI" value="208.500000" />
  <attribute name="ProportionalH" value="208.500000" />
  <attribute name="Current Error" value="139.000000" />
  <attribute name="IntegralT" value="139.000000" />
  <attribute name="IntegralI" value="139.000000" />
  <attribute name="IntegralH" value="139.000000" />
  <attribute name="DerivativeT" value="54.000000" />
  <attribute name="DerivativeI" value="54.000000" />
  <attribute name="DerivativeH" value="54.000000" />
  <attribute name="Loop Time for DT" value="1.000000" />
  <attribute name="Output H" value="8388608"/>
  <attribute name="Output I" value="408"/>
  <attribute name="Output T" value="4"/>
  <attribute name="Target GC Util Change" value ="20.000000" />
  <attribute name="Current GC Util Change" value="159.000000"/>
  <attribute name="GC Util currently" value="159" />
  <attribute name="CPU Util currently" value="13684731113783" />
<exclusive-end id="5043" timestamp="2019-06-16T00:36:34.257" durationms="5.858" />

<exclusive-start id="5044" timestamp="2019-06-16T00:36:34.262" intervalms="10.946">
  <response-info timems="0.069" idlems="0.069" threads="0" lastid="0000000001627700" lastname="main" />
</exclusive-start>
<allocation-taxation id="5045" taxation-threshold="13631488" timestamp="2019-06-16T00:36:34.262" intervalms="10.906" />
<gc-start id="5046" type="global mark phase" contextid="5024" timestamp="2019-06-16T00:36:34.263">
  <mem-info id="5047" free="35651584" total="81788928" percent="43">
    <remembered-set count="25248" freebytes="3163776" totalbytes="3264768" percent="96" regionsoverflowed="0" regionsstable="0" regionsrebuilding="18"/>
  </mem-info>
</gc-start>
<gc-end id="5048" type="global mark phase" contextid="5024" durationms="0.110" usertimems="0.000" systemtimems="0.000" timestamp="2019-06-16T00:36:34.263" activeThreads="4">
  <mem-info id="5049" free="35651584" total="81788928" percent="43">
    <remembered-set count="25248" freebytes="3163776" totalbytes="3264768" percent="96" regionsoverflowed="0" regionsstable="0" regionsrebuilding="18"/>
  </mem-info>
</gc-end>
<concurrent-start id="5050" type="GMP work packet processing" contextid="5024" timestamp="2019-06-16T00:36:34.263">
  <concurrent-mark-start scanTarget="1048576" />
</concurrent-start>
<exclusive-end id="5051" timestamp="2019-06-16T00:36:34.263" durationms="0.796" />

<concurrent-end id="5052" type="GMP work packet processing" contextid="5024" timestamp="2019-06-16T00:36:34.264">
  <concurrent-mark-end bytesScanned="1104248" reasonForTermination="Work target met" />
</concurrent-end>

<exclusive-start id="5053" timestamp="2019-06-16T00:36:34.269" intervalms="6.604">
  <response-info timems="0.053" idlems="0.053" threads="0" lastid="0000000001627700" lastname="main" />
</exclusive-start>
<allocation-taxation id="5054" taxation-threshold="13631488" timestamp="2019-06-16T00:36:34.269" intervalms="6.603" />
<cycle-start id="5055" type="partial gc" contextid="0" timestamp="2019-06-16T00:36:34.269" intervalms="17.497" />
<gc-start id="5056" type="partial gc" contextid="5055" timestamp="2019-06-16T00:36:34.269">
  <mem-info id="5057" free="22020096" total="81788928" percent="26">
    <mem type="eden" free="1048552" total="28311552" percent="3" />
    <remembered-set count="36704" freebytes="3117952" totalbytes="3264768" percent="95" regionsoverflowed="0" regionsstable="0" regionsrebuilding="18"/>
  </mem-info>
</gc-start>
<allocation-stats totalBytes="27171256" >
  <allocated-bytes non-tlh="0" tlh="27171256" arrayletleaf="0"/>
  <largest-consumer threadName="main" threadId="0000000001627700" bytes="13586872" />
</allocation-stats>
<gc-op id="5058" type="copy forward" timems="1.620" contextid="5055" timestamp="2019-06-16T00:36:34.272">
  <memory-copied type="eden" objects="1" bytes="24" bytesdiscarded="0" />
  <memory-copied type="other" objects="47" bytes="1168" bytesdiscarded="368" />
  <memory-cardclean objects="64" bytes="1632" />
  <regions eden="26" other="2" />
  <remembered-set-cleared processed="34076" cleared="84" durationms="0.337" />
  <references type="weak" candidates="30" cleared="0" enqueued="0" />
  <stringconstants candidates="13269" cleared="0"  />
</gc-op>
<gc-op id="5059" type="classunload" timems="0.004" contextid="5055" timestamp="2019-06-16T00:36:34.272">
  <classunload-info classloadercandidates="53" classloadersunloaded="0" classesunloaded="0" anonymousclassesunloaded="0" quiescems="0.000" setupms="0.004" scanms="0.000" postms="0.000" />
</gc-op>
<heap-resize id="5060" type="contract" space="default" amount="1048576" count="1" timems="0.125" reason="excess free space following gc" timestamp="2019-06-16T00:36:34.272" />
<gc-end id="5061" type="partial gc" contextid="5055" durationms="3.005" usertimems="0.000" systemtimems="0.000" timestamp="2019-06-16T00:36:34.272" activeThreads="1">
  <mem-info id="5062" free="49283072" total="80740352" percent="61">
    <mem type="eden" free="1048552" total="1048576" percent="99" />
    <remembered-set count="37120" freebytes="3116288" totalbytes="3264768" percent="95" regionsoverflowed="0" regionsstable="0" regionsrebuilding="18"/>
  </mem-info>
</gc-end>
<cycle-end id="5063" type="partial gc" contextid="5055" timestamp="2019-06-16T00:36:34.273" />
  <attribute name="elasticGC enabled" value="1" />
  <attribute name= "numThreadsSpecified" value="1" />
  <attribute name="heapSize specified" value="0" />
  <attribute name="Current GC Util" value="162" />
  <attribute name= "Current Time Running" value="23936" />
  <attribute name ="GC Interval" value="0" />
  <attribute name="ProportionalT" value="213.000000" />
  <attribute name="ProportionalI" value="213.000000" />
  <attribute name="ProportionalH" value="213.000000" />
  <attribute name="Current Error" value="142.000000" />
  <attribute name="IntegralT" value="0.000000" />
  <attribute name="IntegralI" value="0.000000" />
  <attribute name="IntegralH" value="0.000000" />
  <attribute name="DerivativeT" value="inf" />
  <attribute name="DerivativeI" value="inf" />
  <attribute name="DerivativeH" value="inf" />
  <attribute name="Loop Time for DT" value="0.000000" />
  <attribute name="Output H" value="8388608"/>
  <attribute name="Output I" value="200"/>
  <attribute name="Output T" value="1"/>
  <attribute name="Target GC Util Change" value ="20.000000" />
  <attribute name="Current GC Util Change" value="162.000000"/>
  <attribute name="GC Util currently" value="162" />
  <attribute name="CPU Util currently" value="13684162622840" />
<exclusive-end id="5064" timestamp="2019-06-16T00:36:34.273" durationms="3.977" />

<exclusive-start id="5065" timestamp="2019-06-16T00:36:34.278" intervalms="8.979">
  <response-info timems="0.055" idlems="0.055" threads="0" lastid="0000000001627700" lastname="main" />
</exclusive-start>
<allocation-taxation id="5066" taxation-threshold="13631488" timestamp="2019-06-16T00:36:34.278" intervalms="8.936" />
<gc-start id="5067" type="global mark phase" contextid="5024" timestamp="2019-06-16T00:36:34.278">
  <mem-info id="5068" free="35651584" total="80740352" percent="44">
    <remembered-set count="36704" freebytes="3117952" totalbytes="3264768" percent="95" regionsoverflowed="0" regionsstable="0" regionsrebuilding="18"/>
  </mem-info>
</gc-start>
<gc-end id="5069" type="global mark phase" contextid="5024" durationms="0.158" usertimems="0.000" systemtimems="0.000" timestamp="2019-06-16T00:36:34.278" activeThreads="1">
  <mem-info id="5070" free="35651584" total="80740352" percent="44">
    <remembered-set count="36704" freebytes="3117952" totalbytes="3264768" percent="95" regionsoverflowed="0" regionsstable="0" regionsrebuilding="18"/>
  </mem-info>
</gc-end>
<concurrent-start id="5071" type="GMP work packet processing" contextid="5024" timestamp="2019-06-16T00:36:34.278">
  <concurrent-mark-start scanTarget="1048576" />
</concurrent-start>
<exclusive-end id="5072" timestamp="2019-06-16T00:36:34.279" durationms="0.847" />

<concurrent-end id="5073" type="GMP work packet processing" contextid="5024" timestamp="2019-06-16T00:36:34.280">
  <concurrent-mark-end bytesScanned="1084940" reasonForTermination="Work target met" />
</concurrent-end>

<exclusive-start id="5074" timestamp="2019-06-16T00:36:34.284" intervalms="6.494">
  <response-info timems="0.040" idlems="0.040" threads="0" lastid="0000000001627700" lastname="main" />
</exclusive-start>
<allocation-taxation id="5075" taxation-threshold="13631488" timestamp="2019-06-16T00:36:34.284" intervalms="6.512" />
<cycle-start id="5076" type="partial gc" contextid="0" timestamp="2019-06-16T00:36:34.284" intervalms="15.375" />
<gc-start id="5077" type="partial gc" contextid="5076" timestamp="2019-06-16T00:36:34.285">
  <mem-info id="5078" free="22020096" total="80740352" percent="27">
    <mem type="eden" free="1048552" total="28311552" percent="3" />
    <remembered-set count="48064" freebytes="3072512" totalbytes="3264768" percent="94" regionsoverflowed="0" regionsstable="0" regionsrebuilding="18"/>
  </mem-info>
</gc-start>
<allocation-stats totalBytes="27171256" >
  <allocated-bytes non-tlh="0" tlh="27171256" arrayletleaf="0"/>
  <largest-consumer threadName="main" threadId="0000000001627700" bytes="13586872" />
</allocation-stats>
<gc-op id="5079" type="copy forward" timems="2.815" contextid="5076" timestamp="2019-06-16T00:36:34.289">
  <memory-copied type="eden" objects="1" bytes="24" bytesdiscarded="0" />
  <memory-copied type="other" objects="0" bytes="0" bytesdiscarded="0" />
  <memory-cardclean objects="19" bytes="440" />
  <regions eden="26" other="1" />
  <remembered-set-cleared processed="45802" cleared="5" durationms="0.223" />
  <stringconstants candidates="13269" cleared="0"  />
</gc-op>
<gc-op id="5080" type="classunload" timems="0.004" contextid="5076" timestamp="2019-06-16T00:36:34.289">
  <classunload-info classloadercandidates="53" classloadersunloaded="0" classesunloaded="0" anonymousclassesunloaded="0" quiescems="0.000" setupms="0.004" scanms="0.000" postms="0.000" />
</gc-op>
<gc-end id="5081" type="partial gc" contextid="5076" durationms="4.171" usertimems="4.000" systemtimems="4.000" timestamp="2019-06-16T00:36:34.289" activeThreads="4">
  <mem-info id="5082" free="49283072" total="80740352" percent="61">
    <mem type="eden" free="1048552" total="1048576" percent="99" />
    <remembered-set count="47872" freebytes="3031424" totalbytes="3222912" percent="94" regionsoverflowed="0" regionsstable="0" regionsrebuilding="18"/>
  </mem-info>
</gc-end>
<cycle-end id="5083" type="partial gc" contextid="5076" timestamp="2019-06-16T00:36:34.289" />
  <attribute name="elasticGC enabled" value="1" />
  <attribute name= "numThreadsSpecified" value="4" />
  <attribute name="heapSize specified" value="0" />
  <attribute name="Current GC Util" value="101" />
  <attribute name= "Current Time Running" value="23952" />
  <attribute name ="GC Interval" value="0" />
  <attribute name="ProportionalT" value="121.500000" />
  <attribute name="ProportionalI" value="121.500000" />
  <attribute name="ProportionalH" value="121.500000" />
  <attribute name="Current Error" value="81.000000" />
  <attribute name="IntegralT" value="81.000000" />
  <attribute name="IntegralI" value="81.000000" />
  <attribute name="IntegralH" value="81.000000" />
  <attribute name="DerivativeT" value="25.000000" />
  <attribute name="DerivativeI" value="25.000000" />
  <attribute name="DerivativeH" value="25.000000" />
  <attribute name="Loop Time for DT" value="1.000000" />
  <attribute name="Output H" value="8388608"/>
  <attribute name="Output I" value="232"/>
  <attribute name="Output T" value="4"/>
  <attribute name="Target GC Util Change" value ="20.000000" />
  <attribute name="Current GC Util Change" value="101.000000"/>
  <attribute name="GC Util currently" value="101" />
  <attribute name="CPU Util currently" value="8081121553104" />
<exclusive-end id="5084" timestamp="2019-06-16T00:36:34.289" durationms="4.974" />

<exclusive-start id="5085" timestamp="2019-06-16T00:36:34.294" intervalms="9.734">
  <response-info timems="0.070" idlems="0.070" threads="0" lastid="0000000001627700" lastname="main" />
</exclusive-start>
<allocation-taxation id="5086" taxation-threshold="13631488" timestamp="2019-06-16T00:36:34.294" intervalms="9.755" />
<gc-start id="5087" type="global mark phase" contextid="5024" timestamp="2019-06-16T00:36:34.294">
  <mem-info id="5088" free="35651584" total="80740352" percent="44">
    <remembered-set count="47872" freebytes="3031424" totalbytes="3222912" percent="94" regionsoverflowed="0" regionsstable="0" regionsrebuilding="18"/>
  </mem-info>
</gc-start>
<gc-end id="5089" type="global mark phase" contextid="5024" durationms="0.162" usertimems="0.000" systemtimems="0.000" timestamp="2019-06-16T00:36:34.295" activeThreads="4">
  <mem-info id="5090" free="35651584" total="80740352" percent="44">
    <remembered-set count="47872" freebytes="3031424" totalbytes="3222912" percent="94" regionsoverflowed="0" regionsstable="0" regionsrebuilding="18"/>
  </mem-info>
</gc-end>
<concurrent-start id="5091" type="GMP work packet processing" contextid="5024" timestamp="2019-06-16T00:36:34.295">
  <concurrent-mark-start scanTarget="1048576" />
</concurrent-start>
<exclusive-end id="5092" timestamp="2019-06-16T00:36:34.295" durationms="0.775" />

<concurrent-end id="5093" type="GMP work packet processing" contextid="5024" timestamp="2019-06-16T00:36:34.296">
  <concurrent-mark-end bytesScanned="1099500" reasonForTermination="Work target met" />
</concurrent-end>

<exclusive-start id="5094" timestamp="2019-06-16T00:36:34.300" intervalms="6.482">
  <response-info timems="0.058" idlems="0.058" threads="0" lastid="0000000001627700" lastname="main" />
</exclusive-start>
<allocation-taxation id="5095" taxation-threshold="13631488" timestamp="2019-06-16T00:36:34.301" intervalms="6.482" />
<cycle-start id="5096" type="partial gc" contextid="0" timestamp="2019-06-16T00:36:34.301" intervalms="16.289" />
<gc-start id="5097" type="partial gc" contextid="5096" timestamp="2019-06-16T00:36:34.301">
  <mem-info id="5098" free="22020096" total="80740352" percent="27">
    <mem type="eden" free="1048552" total="28311552" percent="3" />
    <remembered-set count="55744" freebytes="2999936" totalbytes="3222912" percent="93" regionsoverflowed="0" regionsstable="0" regionsrebuilding="18"/>
  </mem-info>
</gc-start>
<allocation-stats totalBytes="27171256" >
  <allocated-bytes non-tlh="0" tlh="27171256" arrayletleaf="0"/>
  <largest-consumer threadName="main" threadId="0000000001627700" bytes="13586872" />
</allocation-stats>
<gc-op id="5099" type="copy forward" timems="2.879" contextid="5096" timestamp="2019-06-16T00:36:34.305">
  <memory-copied type="eden" objects="1" bytes="24" bytesdiscarded="0" />
  <memory-copied type="other" objects="0" bytes="0" bytesdiscarded="0" />
  <memory-cardclean objects="19" bytes="440" />
  <regions eden="26" other="1" />
  <remembered-set-cleared processed="53681" cleared="5" durationms="0.247" />
  <stringconstants candidates="13269" cleared="0"  />
</gc-op>
<gc-op id="5100" type="classunload" timems="0.004" contextid="5096" timestamp="2019-06-16T00:36:34.305">
  <classunload-info classloadercandidates="53" classloadersunloaded="0" classesunloaded="0" anonymousclassesunloaded="0" quiescems="0.000" setupms="0.004" scanms="0.000" postms="0.000" />
</gc-op>
<gc-end id="5101" type="partial gc" contextid="5096" durationms="4.015" usertimems="8.000" systemtimems="0.000" timestamp="2019-06-16T00:36:34.305" activeThreads="4">
  <mem-info id="5102" free="49283072" total="80740352" percent="61">
    <mem type="eden" free="1048552" total="1048576" percent="99" />
    <remembered-set count="55744" freebytes="2999936" totalbytes="3222912" percent="93" regionsoverflowed="0" regionsstable="0" regionsrebuilding="18"/>
  </mem-info>
</gc-end>
<cycle-end id="5103" type="partial gc" contextid="5096" timestamp="2019-06-16T00:36:34.305" />
  <attribute name="elasticGC enabled" value="1" />
  <attribute name= "numThreadsSpecified" value="4" />
  <attribute name="heapSize specified" value="0" />
  <attribute name="Current GC Util" value="163" />
  <attribute name= "Current Time Running" value="23968" />
  <attribute name ="GC Interval" value="0" />
  <attribute name="ProportionalT" value="214.500000" />
  <attribute name="ProportionalI" value="214.500000" />
  <attribute name="ProportionalH" value="214.500000" />
  <attribute name="Current Error" value="143.000000" />
  <attribute name="IntegralT" value="143.000000" />
  <attribute name="IntegralI" value="143.000000" />
  <attribute name="IntegralH" value="143.000000" />
  <attribute name="DerivativeT" value="61.000000" />
  <attribute name="DerivativeI" value="61.000000" />
  <attribute name="DerivativeH" value="61.000000" />
  <attribute name="Loop Time for DT" value="1.000000" />
  <attribute name="Output H" value="8388608"/>
  <attribute name="Output I" value="424"/>
  <attribute name="Output T" value="4"/>
  <attribute name="Target GC Util Change" value ="20.000000" />
  <attribute name="Current GC Util Change" value="163.000000"/>
  <attribute name="GC Util currently" value="163" />
  <attribute name="CPU Util currently" value="13728769747383" />
<exclusive-end id="5104" timestamp="2019-06-16T00:36:34.305" durationms="4.823" />

<exclusive-start id="5105" timestamp="2019-06-16T00:36:34.310" intervalms="9.577">
  <response-info timems="0.071" idlems="0.071" threads="0" lastid="0000000001627700" lastname="main" />
</exclusive-start>
<allocation-taxation id="5106" taxation-threshold="13631488" timestamp="2019-06-16T00:36:34.310" intervalms="9.538" />
<gc-start id="5107" type="global mark phase" contextid="5024" timestamp="2019-06-16T00:36:34.310">
  <mem-info id="5108" free="35651584" total="80740352" percent="44">
    <remembered-set count="55744" freebytes="2999936" totalbytes="3222912" percent="93" regionsoverflowed="0" regionsstable="0" regionsrebuilding="18"/>
  </mem-info>
</gc-start>
<gc-end id="5109" type="global mark phase" contextid="5024" durationms="0.159" usertimems="0.000" systemtimems="0.000" timestamp="2019-06-16T00:36:34.310" activeThreads="4">
  <mem-info id="5110" free="35651584" total="80740352" percent="44">
    <remembered-set count="55744" freebytes="2999936" totalbytes="3222912" percent="93" regionsoverflowed="0" regionsstable="0" regionsrebuilding="18"/>
  </mem-info>
</gc-end>
<concurrent-start id="5111" type="GMP work packet processing" contextid="5024" timestamp="2019-06-16T00:36:34.311">
  <concurrent-mark-start scanTarget="1048576" />
</concurrent-start>
<exclusive-end id="5112" timestamp="2019-06-16T00:36:34.311" durationms="0.701" />

<concurrent-end id="5113" type="GMP work packet processing" contextid="5024" timestamp="2019-06-16T00:36:34.312">
  <concurrent-mark-end bytesScanned="1084136" reasonForTermination="Work target met" />
</concurrent-end>

<exclusive-start id="5114" timestamp="2019-06-16T00:36:34.316" intervalms="6.292">
  <response-info timems="0.057" idlems="0.057" threads="0" lastid="0000000001627700" lastname="main" />
</exclusive-start>
<allocation-taxation id="5115" taxation-threshold="13631488" timestamp="2019-06-16T00:36:34.317" intervalms="6.376" />
<cycle-start id="5116" type="partial gc" contextid="0" timestamp="2019-06-16T00:36:34.317" intervalms="15.947" />
<gc-start id="5117" type="partial gc" contextid="5116" timestamp="2019-06-16T00:36:34.317">
  <mem-info id="5118" free="22020096" total="80740352" percent="27">
    <mem type="eden" free="1048552" total="28311552" percent="3" />
    <remembered-set count="64448" freebytes="2965120" totalbytes="3222912" percent="92" regionsoverflowed="0" regionsstable="0" regionsrebuilding="18"/>
  </mem-info>
</gc-start>
<allocation-stats totalBytes="27171232" >
  <allocated-bytes non-tlh="0" tlh="27171232" arrayletleaf="0"/>
  <largest-consumer threadName="main" threadId="0000000001627700" bytes="13586848" />
</allocation-stats>
<gc-op id="5119" type="copy forward" timems="2.044" contextid="5116" timestamp="2019-06-16T00:36:34.320">
  <memory-copied type="eden" objects="1" bytes="24" bytesdiscarded="0" />
  <memory-copied type="other" objects="72" bytes="1632" bytesdiscarded="912" />
  <memory-cardclean objects="111" bytes="2856" />
  <regions eden="26" other="2" />
  <remembered-set-cleared processed="61837" cleared="84" durationms="0.267" />
  <stringconstants candidates="13269" cleared="0"  />
</gc-op>
<gc-op id="5120" type="classunload" timems="0.003" contextid="5116" timestamp="2019-06-16T00:36:34.320">
  <classunload-info classloadercandidates="53" classloadersunloaded="0" classesunloaded="0" anonymousclassesunloaded="0" quiescems="0.000" setupms="0.003" scanms="0.000" postms="0.000" />
</gc-op>
<heap-resize id="5121" type="contract" space="default" amount="2097152" count="1" timems="0.084" reason="excess free space following gc" timestamp="2019-06-16T00:36:34.320" />
<gc-end id="5122" type="partial gc" contextid="5116" durationms="3.374" usertimems="4.000" systemtimems="0.000" timestamp="2019-06-16T00:36:34.320" activeThreads="4">
  <mem-info id="5123" free="48234496" total="78643200" percent="61">
    <mem type="eden" free="1048552" total="1048576" percent="99" />
    <remembered-set count="63776" freebytes="2967808" totalbytes="3222912" percent="92" regionsoverflowed="0" regionsstable="0" regionsrebuilding="18"/>
  </mem-info>
</gc-end>
<cycle-end id="5124" type="partial gc" contextid="5116" timestamp="2019-06-16T00:36:34.320" />
  <attribute name="elasticGC enabled" value="1" />
  <attribute name= "numThreadsSpecified" value="4" />
  <attribute name="heapSize specified" value="0" />
  <attribute name="Current GC Util" value="157" />
  <attribute name= "Current Time Running" value="23984" />
  <attribute name ="GC Interval" value="0" />
  <attribute name="ProportionalT" value="205.500000" />
  <attribute name="ProportionalI" value="205.500000" />
  <attribute name="ProportionalH" value="205.500000" />
  <attribute name="Current Error" value="137.000000" />
  <attribute name="IntegralT" value="137.000000" />
  <attribute name="IntegralI" value="137.000000" />
  <attribute name="IntegralH" value="137.000000" />
  <attribute name="DerivativeT" value="60.000000" />
  <attribute name="DerivativeI" value="60.000000" />
  <attribute name="DerivativeH" value="60.000000" />
  <attribute name="Loop Time for DT" value="1.000000" />
  <attribute name="Output H" value="8388608"/>
  <attribute name="Output I" value="408"/>
  <attribute name="Output T" value="4"/>
  <attribute name="Target GC Util Change" value ="20.000000" />
  <attribute name="Current GC Util Change" value="157.000000"/>
  <attribute name="GC Util currently" value="157" />
  <attribute name="CPU Util currently" value="14182210018817" />
<exclusive-end id="5125" timestamp="2019-06-16T00:36:34.321" durationms="4.332" />

<exclusive-start id="5126" timestamp="2019-06-16T00:36:34.325" intervalms="8.736">
  <response-info timems="0.053" idlems="0.053" threads="0" lastid="0000000001627700" lastname="main" />
</exclusive-start>
<allocation-taxation id="5127" taxation-threshold="12582912" timestamp="2019-06-16T00:36:34.325" intervalms="8.747" />
<gc-start id="5128" type="global mark phase" contextid="5024" timestamp="2019-06-16T00:36:34.325">
  <mem-info id="5129" free="35651584" total="78643200" percent="45">
    <remembered-set count="63776" freebytes="2967808" totalbytes="3222912" percent="92" regionsoverflowed="0" regionsstable="0" regionsrebuilding="18"/>
  </mem-info>
</gc-start>
<gc-end id="5130" type="global mark phase" contextid="5024" durationms="0.161" usertimems="0.000" systemtimems="0.000" timestamp="2019-06-16T00:36:34.326" activeThreads="4">
  <mem-info id="5131" free="35651584" total="78643200" percent="45">
    <remembered-set count="63776" freebytes="2967808" totalbytes="3222912" percent="92" regionsoverflowed="0" regionsstable="0" regionsrebuilding="18"/>
  </mem-info>
</gc-end>
<concurrent-start id="5132" type="GMP work packet processing" contextid="5024" timestamp="2019-06-16T00:36:34.326">
  <concurrent-mark-start scanTarget="1048576" />
</concurrent-start>
<exclusive-end id="5133" timestamp="2019-06-16T00:36:34.326" durationms="0.947" />

<concurrent-end id="5134" type="GMP work packet processing" contextid="5024" timestamp="2019-06-16T00:36:34.327">
  <concurrent-mark-end bytesScanned="1091112" reasonForTermination="Work target met" />
</concurrent-end>

<exclusive-start id="5135" timestamp="2019-06-16T00:36:34.331" intervalms="6.136">
  <response-info timems="0.053" idlems="0.053" threads="0" lastid="0000000001627700" lastname="main" />
</exclusive-start>
<allocation-taxation id="5136" taxation-threshold="12582912" timestamp="2019-06-16T00:36:34.331" intervalms="6.044" />
<cycle-start id="5137" type="partial gc" contextid="0" timestamp="2019-06-16T00:36:34.332" intervalms="14.777" />
<gc-start id="5138" type="partial gc" contextid="5137" timestamp="2019-06-16T00:36:34.332">
  <mem-info id="5139" free="23068672" total="78643200" percent="29">
    <mem type="eden" free="1048552" total="26214400" percent="3" />
    <remembered-set count="73632" freebytes="2928384" totalbytes="3222912" percent="90" regionsoverflowed="0" regionsstable="0" regionsrebuilding="18"/>
  </mem-info>
</gc-start>
<allocation-stats totalBytes="25080968" >
  <allocated-bytes non-tlh="0" tlh="25080968" arrayletleaf="0"/>
  <largest-consumer threadName="main" threadId="0000000001627700" bytes="12541704" />
</allocation-stats>
<gc-op id="5140" type="copy forward" timems="2.099" contextid="5137" timestamp="2019-06-16T00:36:34.335">
  <memory-copied type="eden" objects="1" bytes="24" bytesdiscarded="0" />
  <memory-copied type="other" objects="0" bytes="0" bytesdiscarded="0" />
  <memory-cardclean objects="19" bytes="440" />
  <regions eden="24" other="1" />
  <remembered-set-cleared processed="71046" cleared="5" durationms="0.327" />
  <stringconstants candidates="13269" cleared="0"  />
</gc-op>
<gc-op id="5141" type="classunload" timems="0.004" contextid="5137" timestamp="2019-06-16T00:36:34.335">
  <classunload-info classloadercandidates="53" classloadersunloaded="0" classesunloaded="0" anonymousclassesunloaded="0" quiescems="0.000" setupms="0.004" scanms="0.000" postms="0.000" />
</gc-op>
<gc-end id="5142" type="partial gc" contextid="5137" durationms="3.430" usertimems="8.000" systemtimems="0.000" timestamp="2019-06-16T00:36:34.335" activeThreads="4">
  <mem-info id="5143" free="48234496" total="78643200" percent="61">
    <mem type="eden" free="1048552" total="1048576" percent="99" />
    <remembered-set count="73216" freebytes="2846336" totalbytes="3139200" percent="90" regionsoverflowed="0" regionsstable="0" regionsrebuilding="18"/>
  </mem-info>
</gc-end>
<cycle-end id="5144" type="partial gc" contextid="5137" timestamp="2019-06-16T00:36:34.335" />
  <attribute name="elasticGC enabled" value="1" />
  <attribute name= "numThreadsSpecified" value="4" />
  <attribute name="heapSize specified" value="0" />
  <attribute name="Current GC Util" value="104" />
  <attribute name= "Current Time Running" value="23999" />
  <attribute name ="GC Interval" value="0" />
  <attribute name="ProportionalT" value="126.000000" />
  <attribute name="ProportionalI" value="126.000000" />
  <attribute name="ProportionalH" value="126.000000" />
  <attribute name="Current Error" value="84.000000" />
  <attribute name="IntegralT" value="84.000000" />
  <attribute name="IntegralI" value="84.000000" />
  <attribute name="IntegralH" value="84.000000" />
  <attribute name="DerivativeT" value="33.000000" />
  <attribute name="DerivativeI" value="33.000000" />
  <attribute name="DerivativeH" value="33.000000" />
  <attribute name="Loop Time for DT" value="1.000000" />
  <attribute name="Output H" value="8388608"/>
  <attribute name="Output I" value="248"/>
  <attribute name="Output T" value="4"/>
  <attribute name="Target GC Util Change" value ="20.000000" />
  <attribute name="Current GC Util Change" value="104.000000"/>
  <attribute name="GC Util currently" value="104" />
  <attribute name="CPU Util currently" value="8324433045224" />
<exclusive-end id="5145" timestamp="2019-06-16T00:36:34.335" durationms="4.270" />

<exclusive-start id="5146" timestamp="2019-06-16T00:36:34.340" intervalms="8.728">
  <response-info timems="0.072" idlems="0.072" threads="0" lastid="0000000001627700" lastname="main" />
</exclusive-start>
<allocation-taxation id="5147" taxation-threshold="12582912" timestamp="2019-06-16T00:36:34.340" intervalms="8.757" />
<gc-start id="5148" type="global mark phase" contextid="5024" timestamp="2019-06-16T00:36:34.340">
  <mem-info id="5149" free="35651584" total="78643200" percent="45">
    <remembered-set count="73216" freebytes="2846336" totalbytes="3139200" percent="90" regionsoverflowed="0" regionsstable="0" regionsrebuilding="18"/>
  </mem-info>
</gc-start>
<gc-end id="5150" type="global mark phase" contextid="5024" durationms="0.161" usertimems="0.000" systemtimems="0.000" timestamp="2019-06-16T00:36:34.340" activeThreads="4">
  <mem-info id="5151" free="35651584" total="78643200" percent="45">
    <remembered-set count="73216" freebytes="2846336" totalbytes="3139200" percent="90" regionsoverflowed="0" regionsstable="0" regionsrebuilding="18"/>
  </mem-info>
</gc-end>
<concurrent-start id="5152" type="GMP work packet processing" contextid="5024" timestamp="2019-06-16T00:36:34.341">
  <concurrent-mark-start scanTarget="1048576" />
</concurrent-start>
<exclusive-end id="5153" timestamp="2019-06-16T00:36:34.341" durationms="0.785" />

<concurrent-end id="5154" type="GMP work packet processing" contextid="5024" timestamp="2019-06-16T00:36:34.342">
  <concurrent-mark-end bytesScanned="1102436" reasonForTermination="Work target met" />
</concurrent-end>

<exclusive-start id="5155" timestamp="2019-06-16T00:36:34.346" intervalms="5.989">
  <response-info timems="0.099" idlems="0.099" threads="0" lastid="0000000001627700" lastname="main" />
</exclusive-start>
<allocation-taxation id="5156" taxation-threshold="12582912" timestamp="2019-06-16T00:36:34.346" intervalms="5.991" />
<cycle-start id="5157" type="partial gc" contextid="0" timestamp="2019-06-16T00:36:34.346" intervalms="14.750" />
<gc-start id="5158" type="partial gc" contextid="5157" timestamp="2019-06-16T00:36:34.346">
  <mem-info id="5159" free="23068672" total="78643200" percent="29">
    <mem type="eden" free="1048552" total="26214400" percent="3" />
    <remembered-set count="80512" freebytes="2817152" totalbytes="3139200" percent="89" regionsoverflowed="0" regionsstable="0" regionsrebuilding="18"/>
  </mem-info>
</gc-start>
<allocation-stats totalBytes="25080968" >
  <allocated-bytes non-tlh="0" tlh="25080968" arrayletleaf="0"/>
  <largest-consumer threadName="main" threadId="0000000001627700" bytes="12541704" />
</allocation-stats>
<gc-op id="5160" type="copy forward" timems="1.684" contextid="5157" timestamp="2019-06-16T00:36:34.349">
  <memory-copied type="eden" objects="1" bytes="24" bytesdiscarded="0" />
  <memory-copied type="other" objects="0" bytes="0" bytesdiscarded="0" />
  <memory-cardclean objects="19" bytes="440" />
  <regions eden="24" other="1" />
  <remembered-set-cleared processed="77878" cleared="5" durationms="0.547" />
  <stringconstants candidates="13269" cleared="0"  />
</gc-op>
<gc-op id="5161" type="classunload" timems="0.003" contextid="5157" timestamp="2019-06-16T00:36:34.349">
  <classunload-info classloadercandidates="53" classloadersunloaded="0" classesunloaded="0" anonymousclassesunloaded="0" quiescems="0.000" setupms="0.003" scanms="0.000" postms="0.000" />
</gc-op>
<gc-end id="5162" type="partial gc" contextid="5157" durationms="2.731" usertimems="4.000" systemtimems="0.000" timestamp="2019-06-16T00:36:34.349" activeThreads="1">
  <mem-info id="5163" free="48234496" total="78643200" percent="61">
    <mem type="eden" free="1048552" total="1048576" percent="99" />
    <remembered-set count="80992" freebytes="2815232" totalbytes="3139200" percent="89" regionsoverflowed="0" regionsstable="0" regionsrebuilding="18"/>
  </mem-info>
</gc-end>
<cycle-end id="5164" type="partial gc" contextid="5157" timestamp="2019-06-16T00:36:34.349" />
  <attribute name="elasticGC enabled" value="1" />
  <attribute name= "numThreadsSpecified" value="1" />
  <attribute name="heapSize specified" value="0" />
  <attribute name="Current GC Util" value="163" />
  <attribute name= "Current Time Running" value="24013" />
  <attribute name ="GC Interval" value="0" />
  <attribute name="ProportionalT" value="214.500000" />
  <attribute name="ProportionalI" value="214.500000" />
  <attribute name="ProportionalH" value="214.500000" />
  <attribute name="Current Error" value="143.000000" />
  <attribute name="IntegralT" value="0.000000" />
  <attribute name="IntegralI" value="0.000000" />
  <attribute name="IntegralH" value="0.000000" />
  <attribute name="DerivativeT" value="inf" />
  <attribute name="DerivativeI" value="inf" />
  <attribute name="DerivativeH" value="inf" />
  <attribute name="Loop Time for DT" value="0.000000" />
  <attribute name="Output H" value="8388608"/>
  <attribute name="Output I" value="200"/>
  <attribute name="Output T" value="1"/>
  <attribute name="Target GC Util Change" value ="20.000000" />
  <attribute name="Current GC Util Change" value="163.000000"/>
  <attribute name="GC Util currently" value="163" />
  <attribute name="CPU Util currently" value="13796661771028" />
<exclusive-end id="5165" timestamp="2019-06-16T00:36:34.350" durationms="3.670" />

<exclusive-start id="5166" timestamp="2019-06-16T00:36:34.354" intervalms="8.094">
  <response-info timems="0.069" idlems="0.069" threads="0" lastid="0000000001627700" lastname="main" />
</exclusive-start>
<allocation-taxation id="5167" taxation-threshold="12582912" timestamp="2019-06-16T00:36:34.354" intervalms="8.100" />
<gc-start id="5168" type="global mark phase" contextid="5024" timestamp="2019-06-16T00:36:34.354">
  <mem-info id="5169" free="35651584" total="78643200" percent="45">
    <remembered-set count="80512" freebytes="2817152" totalbytes="3139200" percent="89" regionsoverflowed="0" regionsstable="0" regionsrebuilding="18"/>
  </mem-info>
</gc-start>
<gc-end id="5170" type="global mark phase" contextid="5024" durationms="0.158" usertimems="0.000" systemtimems="0.000" timestamp="2019-06-16T00:36:34.355" activeThreads="1">
  <mem-info id="5171" free="35651584" total="78643200" percent="45">
    <remembered-set count="80512" freebytes="2817152" totalbytes="3139200" percent="89" regionsoverflowed="0" regionsstable="0" regionsrebuilding="18"/>
  </mem-info>
</gc-end>
<concurrent-start id="5172" type="GMP work packet processing" contextid="5024" timestamp="2019-06-16T00:36:34.355">
  <concurrent-mark-start scanTarget="1048576" />
</concurrent-start>
<exclusive-end id="5173" timestamp="2019-06-16T00:36:34.355" durationms="0.748" />

<concurrent-end id="5174" type="GMP work packet processing" contextid="5024" timestamp="2019-06-16T00:36:34.356">
  <concurrent-mark-end bytesScanned="1084788" reasonForTermination="Work target met" />
</concurrent-end>

<exclusive-start id="5175" timestamp="2019-06-16T00:36:34.360" intervalms="6.113">
  <response-info timems="0.074" idlems="0.074" threads="0" lastid="0000000001627700" lastname="main" />
</exclusive-start>
<allocation-taxation id="5176" taxation-threshold="12582912" timestamp="2019-06-16T00:36:34.360" intervalms="6.055" />
<cycle-start id="5177" type="partial gc" contextid="0" timestamp="2019-06-16T00:36:34.360" intervalms="14.081" />
<gc-start id="5178" type="partial gc" contextid="5177" timestamp="2019-06-16T00:36:34.361">
  <mem-info id="5179" free="23068672" total="78643200" percent="29">
    <mem type="eden" free="1048552" total="26214400" percent="3" />
    <remembered-set count="90752" freebytes="2776192" totalbytes="3139200" percent="88" regionsoverflowed="0" regionsstable="0" regionsrebuilding="18"/>
  </mem-info>
</gc-start>
<allocation-stats totalBytes="25080968" >
  <allocated-bytes non-tlh="0" tlh="25080968" arrayletleaf="0"/>
  <largest-consumer threadName="main" threadId="0000000001627700" bytes="12541704" />
</allocation-stats>
<gc-op id="5180" type="copy forward" timems="1.673" contextid="5177" timestamp="2019-06-16T00:36:34.363">
  <memory-copied type="eden" objects="1" bytes="24" bytesdiscarded="0" />
  <memory-copied type="other" objects="0" bytes="0" bytesdiscarded="0" />
  <memory-cardclean objects="19" bytes="440" />
  <regions eden="24" other="1" />
  <remembered-set-cleared processed="88412" cleared="5" durationms="0.581" />
  <stringconstants candidates="13269" cleared="0"  />
</gc-op>
<gc-op id="5181" type="classunload" timems="0.004" contextid="5177" timestamp="2019-06-16T00:36:34.363">
  <classunload-info classloadercandidates="53" classloadersunloaded="0" classesunloaded="0" anonymousclassesunloaded="0" quiescems="0.000" setupms="0.004" scanms="0.000" postms="0.000" />
</gc-op>
<gc-end id="5182" type="partial gc" contextid="5177" durationms="2.706" usertimems="4.000" systemtimems="0.000" timestamp="2019-06-16T00:36:34.363" activeThreads="1">
  <mem-info id="5183" free="48234496" total="78643200" percent="61">
    <mem type="eden" free="1048552" total="1048576" percent="99" />
    <remembered-set count="91232" freebytes="2774272" totalbytes="3139200" percent="88" regionsoverflowed="0" regionsstable="0" regionsrebuilding="18"/>
  </mem-info>
</gc-end>
<cycle-end id="5184" type="partial gc" contextid="5177" timestamp="2019-06-16T00:36:34.363" />
  <attribute name="elasticGC enabled" value="1" />
  <attribute name= "numThreadsSpecified" value="1" />
  <attribute name="heapSize specified" value="0" />
  <attribute name="Current GC Util" value="164" />
  <attribute name= "Current Time Running" value="24027" />
  <attribute name ="GC Interval" value="0" />
  <attribute name="ProportionalT" value="216.000000" />
  <attribute name="ProportionalI" value="216.000000" />
  <attribute name="ProportionalH" value="216.000000" />
  <attribute name="Current Error" value="144.000000" />
  <attribute name="IntegralT" value="0.000000" />
  <attribute name="IntegralI" value="0.000000" />
  <attribute name="IntegralH" value="0.000000" />
  <attribute name="DerivativeT" value="inf" />
  <attribute name="DerivativeI" value="inf" />
  <attribute name="DerivativeH" value="inf" />
  <attribute name="Loop Time for DT" value="0.000000" />
  <attribute name="Output H" value="8388608"/>
  <attribute name="Output I" value="200"/>
  <attribute name="Output T" value="1"/>
  <attribute name="Target GC Util Change" value ="20.000000" />
  <attribute name="Current GC Util Change" value="164.000000"/>
  <attribute name="GC Util currently" value="164" />
  <attribute name="CPU Util currently" value="13756125233663" />
<exclusive-end id="5185" timestamp="2019-06-16T00:36:34.363" durationms="3.341" />

<exclusive-start id="5186" timestamp="2019-06-16T00:36:34.368" intervalms="7.770">
  <response-info timems="0.070" idlems="0.070" threads="0" lastid="0000000001627700" lastname="main" />
</exclusive-start>
<allocation-taxation id="5187" taxation-threshold="12582912" timestamp="2019-06-16T00:36:34.368" intervalms="7.826" />
<gc-start id="5188" type="global mark phase" contextid="5024" timestamp="2019-06-16T00:36:34.368">
  <mem-info id="5189" free="35651584" total="78643200" percent="45">
    <remembered-set count="90752" freebytes="2776192" totalbytes="3139200" percent="88" regionsoverflowed="0" regionsstable="0" regionsrebuilding="18"/>
  </mem-info>
</gc-start>
<gc-end id="5190" type="global mark phase" contextid="5024" durationms="0.149" usertimems="0.000" systemtimems="0.000" timestamp="2019-06-16T00:36:34.368" activeThreads="1">
  <mem-info id="5191" free="35651584" total="78643200" percent="45">
    <remembered-set count="90752" freebytes="2776192" totalbytes="3139200" percent="88" regionsoverflowed="0" regionsstable="0" regionsrebuilding="18"/>
  </mem-info>
</gc-end>
<concurrent-start id="5192" type="GMP work packet processing" contextid="5024" timestamp="2019-06-16T00:36:34.369">
  <concurrent-mark-start scanTarget="1048576" />
</concurrent-start>
<exclusive-end id="5193" timestamp="2019-06-16T00:36:34.369" durationms="0.957" />

<concurrent-end id="5194" type="GMP work packet processing" contextid="5024" timestamp="2019-06-16T00:36:34.370">
  <concurrent-mark-end bytesScanned="1091436" reasonForTermination="Work target met" />
</concurrent-end>

<exclusive-start id="5195" timestamp="2019-06-16T00:36:34.374" intervalms="6.273">
  <response-info timems="0.068" idlems="0.068" threads="0" lastid="0000000001627700" lastname="main" />
</exclusive-start>
<allocation-taxation id="5196" taxation-threshold="12582912" timestamp="2019-06-16T00:36:34.374" intervalms="6.272" />
<cycle-start id="5197" type="partial gc" contextid="0" timestamp="2019-06-16T00:36:34.375" intervalms="14.185" />
<gc-start id="5198" type="partial gc" contextid="5197" timestamp="2019-06-16T00:36:34.375">
  <mem-info id="5199" free="23068672" total="78643200" percent="29">
    <mem type="eden" free="1048552" total="26214400" percent="3" />
    <remembered-set count="104640" freebytes="2720640" totalbytes="3139200" percent="86" regionsoverflowed="0" regionsstable="0" regionsrebuilding="18"/>
  </mem-info>
</gc-start>
<allocation-stats totalBytes="25080968" >
  <allocated-bytes non-tlh="0" tlh="25080968" arrayletleaf="0"/>
  <largest-consumer threadName="main" threadId="0000000001627700" bytes="12541704" />
</allocation-stats>
<gc-op id="5200" type="copy forward" timems="1.782" contextid="5197" timestamp="2019-06-16T00:36:34.377">
  <memory-copied type="eden" objects="1" bytes="24" bytesdiscarded="0" />
  <memory-copied type="other" objects="0" bytes="0" bytesdiscarded="0" />
  <memory-cardclean objects="19" bytes="440" />
  <regions eden="24" other="1" />
  <remembered-set-cleared processed="102511" cleared="5" durationms="0.658" />
  <stringconstants candidates="13269" cleared="0"  />
</gc-op>
<gc-op id="5201" type="classunload" timems="0.004" contextid="5197" timestamp="2019-06-16T00:36:34.377">
  <classunload-info classloadercandidates="53" classloadersunloaded="0" classesunloaded="0" anonymousclassesunloaded="0" quiescems="0.000" setupms="0.004" scanms="0.000" postms="0.000" />
</gc-op>
<gc-end id="5202" type="partial gc" contextid="5197" durationms="2.925" usertimems="0.000" systemtimems="0.000" timestamp="2019-06-16T00:36:34.378" activeThreads="1">
  <mem-info id="5203" free="48234496" total="78643200" percent="61">
    <mem type="eden" free="1048552" total="1048576" percent="99" />
    <remembered-set count="105120" freebytes="2718720" totalbytes="3139200" percent="86" regionsoverflowed="0" regionsstable="0" regionsrebuilding="18"/>
  </mem-info>
</gc-end>
<cycle-end id="5204" type="partial gc" contextid="5197" timestamp="2019-06-16T00:36:34.378" />
  <attribute name="elasticGC enabled" value="1" />
  <attribute name= "numThreadsSpecified" value="1" />
  <attribute name="heapSize specified" value="0" />
  <attribute name="Current GC Util" value="150" />
  <attribute name= "Current Time Running" value="24041" />
  <attribute name ="GC Interval" value="0" />
  <attribute name="ProportionalT" value="195.000000" />
  <attribute name="ProportionalI" value="195.000000" />
  <attribute name="ProportionalH" value="195.000000" />
  <attribute name="Current Error" value="130.000000" />
  <attribute name="IntegralT" value="0.000000" />
  <attribute name="IntegralI" value="0.000000" />
  <attribute name="IntegralH" value="0.000000" />
  <attribute name="DerivativeT" value="inf" />
  <attribute name="DerivativeI" value="inf" />
  <attribute name="DerivativeH" value="inf" />
  <attribute name="Loop Time for DT" value="0.000000" />
  <attribute name="Output H" value="8388608"/>
  <attribute name="Output I" value="200"/>
  <attribute name="Output T" value="1"/>
  <attribute name="Target GC Util Change" value ="20.000000" />
  <attribute name="Current GC Util Change" value="150.000000"/>
  <attribute name="GC Util currently" value="150" />
  <attribute name="CPU Util currently" value="13504283948741" />
<exclusive-end id="5205" timestamp="2019-06-16T00:36:34.378" durationms="3.755" />

<exclusive-start id="5206" timestamp="2019-06-16T00:36:34.382" intervalms="8.232">
  <response-info timems="0.069" idlems="0.069" threads="0" lastid="0000000001627700" lastname="main" />
</exclusive-start>
<allocation-taxation id="5207" taxation-threshold="12582912" timestamp="2019-06-16T00:36:34.383" intervalms="8.247" />
<gc-start id="5208" type="global mark phase" contextid="5024" timestamp="2019-06-16T00:36:34.383">
  <mem-info id="5209" free="35651584" total="78643200" percent="45">
    <remembered-set count="104640" freebytes="2720640" totalbytes="3139200" percent="86" regionsoverflowed="0" regionsstable="0" regionsrebuilding="18"/>
  </mem-info>
</gc-start>
<gc-end id="5210" type="global mark phase" contextid="5024" durationms="0.154" usertimems="0.000" systemtimems="0.000" timestamp="2019-06-16T00:36:34.383" activeThreads="1">
  <mem-info id="5211" free="35651584" total="78643200" percent="45">
    <remembered-set count="104640" freebytes="2720640" totalbytes="3139200" percent="86" regionsoverflowed="0" regionsstable="0" regionsrebuilding="18"/>
  </mem-info>
</gc-end>
<concurrent-start id="5212" type="GMP work packet processing" contextid="5024" timestamp="2019-06-16T00:36:34.383">
  <concurrent-mark-start scanTarget="1048576" />
</concurrent-start>
<exclusive-end id="5213" timestamp="2019-06-16T00:36:34.384" durationms="1.565" />

<concurrent-end id="5214" type="GMP work packet processing" contextid="5024" timestamp="2019-06-16T00:36:34.384">
  <concurrent-mark-end bytesScanned="1108608" reasonForTermination="Work target met" />
</concurrent-end>

<exclusive-start id="5215" timestamp="2019-06-16T00:36:34.388" intervalms="6.113">
  <response-info timems="0.103" idlems="0.103" threads="0" lastid="0000000001627700" lastname="main" />
</exclusive-start>
<allocation-taxation id="5216" taxation-threshold="12582912" timestamp="2019-06-16T00:36:34.389" intervalms="6.106" />
<cycle-start id="5217" type="partial gc" contextid="0" timestamp="2019-06-16T00:36:34.389" intervalms="14.342" />
<gc-start id="5218" type="partial gc" contextid="5217" timestamp="2019-06-16T00:36:34.389">
  <mem-info id="5219" free="23068672" total="78643200" percent="29">
    <mem type="eden" free="1048552" total="26214400" percent="3" />
    <remembered-set count="115008" freebytes="2679168" totalbytes="3139200" percent="85" regionsoverflowed="0" regionsstable="0" regionsrebuilding="18"/>
  </mem-info>
</gc-start>
<allocation-stats totalBytes="25080968" >
  <allocated-bytes non-tlh="0" tlh="25080968" arrayletleaf="0"/>
  <largest-consumer threadName="main" threadId="0000000001627700" bytes="12541704" />
</allocation-stats>
<gc-op id="5220" type="copy forward" timems="3.160" contextid="5217" timestamp="2019-06-16T00:36:34.393">
  <memory-copied type="eden" objects="1" bytes="24" bytesdiscarded="0" />
  <memory-copied type="other" objects="0" bytes="0" bytesdiscarded="0" />
  <memory-cardclean objects="19" bytes="440" />
  <regions eden="24" other="1" />
  <remembered-set-cleared processed="112411" cleared="5" durationms="0.368" />
  <stringconstants candidates="13269" cleared="0"  />
</gc-op>
<gc-op id="5221" type="classunload" timems="0.004" contextid="5217" timestamp="2019-06-16T00:36:34.393">
  <classunload-info classloadercandidates="53" classloadersunloaded="0" classesunloaded="0" anonymousclassesunloaded="0" quiescems="0.000" setupms="0.004" scanms="0.000" postms="0.000" />
</gc-op>
<gc-end id="5222" type="partial gc" contextid="5217" durationms="4.221" usertimems="8.000" systemtimems="4.000" timestamp="2019-06-16T00:36:34.393" activeThreads="4">
  <mem-info id="5223" free="48234496" total="78643200" percent="61">
    <mem type="eden" free="1048552" total="1048576" percent="99" />
    <remembered-set count="114720" freebytes="2680320" totalbytes="3139200" percent="85" regionsoverflowed="0" regionsstable="0" regionsrebuilding="18"/>
  </mem-info>
</gc-end>
<cycle-end id="5224" type="partial gc" contextid="5217" timestamp="2019-06-16T00:36:34.393" />
  <attribute name="elasticGC enabled" value="1" />
  <attribute name= "numThreadsSpecified" value="4" />
  <attribute name="heapSize specified" value="0" />
  <attribute name="Current GC Util" value="163" />
  <attribute name= "Current Time Running" value="24056" />
  <attribute name ="GC Interval" value="0" />
  <attribute name="ProportionalT" value="214.500000" />
  <attribute name="ProportionalI" value="214.500000" />
  <attribute name="ProportionalH" value="214.500000" />
  <attribute name="Current Error" value="143.000000" />
  <attribute name="IntegralT" value="143.000000" />
  <attribute name="IntegralI" value="143.000000" />
  <attribute name="IntegralH" value="143.000000" />
  <attribute name="DerivativeT" value="59.500000" />
  <attribute name="DerivativeI" value="59.500000" />
  <attribute name="DerivativeH" value="59.500000" />
  <attribute name="Loop Time for DT" value="1.000000" />
  <attribute name="Output H" value="8388608"/>
  <attribute name="Output I" value="424"/>
  <attribute name="Output T" value="4"/>
  <attribute name="Target GC Util Change" value ="20.000000" />
  <attribute name="Current GC Util Change" value="163.000000"/>
  <attribute name="GC Util currently" value="163" />
  <attribute name="CPU Util currently" value="13740100047905" />
<exclusive-end id="5225" timestamp="2019-06-16T00:36:34.394" durationms="5.111" />

<exclusive-start id="5226" timestamp="2019-06-16T00:36:34.398" intervalms="9.556">
  <response-info timems="0.068" idlems="0.068" threads="0" lastid="0000000001627700" lastname="main" />
</exclusive-start>
<allocation-taxation id="5227" taxation-threshold="12582912" timestamp="2019-06-16T00:36:34.398" intervalms="9.547" />
<gc-start id="5228" type="global mark phase" contextid="5024" timestamp="2019-06-16T00:36:34.398">
  <mem-info id="5229" free="35651584" total="78643200" percent="45">
    <remembered-set count="114720" freebytes="2680320" totalbytes="3139200" percent="85" regionsoverflowed="0" regionsstable="0" regionsrebuilding="18"/>
  </mem-info>
</gc-start>
<gc-end id="5230" type="global mark phase" contextid="5024" durationms="0.058" usertimems="0.000" systemtimems="0.000" timestamp="2019-06-16T00:36:34.398" activeThreads="4">
  <mem-info id="5231" free="35651584" total="78643200" percent="45">
    <remembered-set count="114720" freebytes="2680320" totalbytes="3139200" percent="85" regionsoverflowed="0" regionsstable="0" regionsrebuilding="18"/>
  </mem-info>
</gc-end>
<concurrent-start id="5232" type="GMP work packet processing" contextid="5024" timestamp="2019-06-16T00:36:34.399">
  <concurrent-mark-start scanTarget="1048576" />
</concurrent-start>
<exclusive-end id="5233" timestamp="2019-06-16T00:36:34.399" durationms="0.706" />

<concurrent-end id="5234" type="GMP work packet processing" contextid="5024" timestamp="2019-06-16T00:36:34.400">
  <concurrent-mark-end bytesScanned="1096944" reasonForTermination="Work target met" />
</concurrent-end>

<exclusive-start id="5235" timestamp="2019-06-16T00:36:34.404" intervalms="5.939">
  <response-info timems="0.068" idlems="0.068" threads="0" lastid="0000000001627700" lastname="main" />
</exclusive-start>
<allocation-taxation id="5236" taxation-threshold="12582912" timestamp="2019-06-16T00:36:34.404" intervalms="5.888" />
<cycle-start id="5237" type="partial gc" contextid="0" timestamp="2019-06-16T00:36:34.404" intervalms="15.399" />
<gc-start id="5238" type="partial gc" contextid="5237" timestamp="2019-06-16T00:36:34.404">
  <mem-info id="5239" free="23068672" total="78643200" percent="29">
    <mem type="eden" free="1048552" total="26214400" percent="3" />
    <remembered-set count="121536" freebytes="2653056" totalbytes="3139200" percent="84" regionsoverflowed="0" regionsstable="0" regionsrebuilding="18"/>
  </mem-info>
</gc-start>
<allocation-stats totalBytes="25080968" >
  <allocated-bytes non-tlh="0" tlh="25080968" arrayletleaf="0"/>
  <largest-consumer threadName="main" threadId="0000000001627700" bytes="12541704" />
</allocation-stats>
<gc-op id="5240" type="copy forward" timems="1.816" contextid="5237" timestamp="2019-06-16T00:36:34.407">
  <memory-copied type="eden" objects="1" bytes="24" bytesdiscarded="0" />
  <memory-copied type="other" objects="0" bytes="0" bytesdiscarded="0" />
  <memory-cardclean objects="19" bytes="440" />
  <regions eden="24" other="1" />
  <remembered-set-cleared processed="119087" cleared="5" durationms="0.727" />
  <stringconstants candidates="13269" cleared="0"  />
</gc-op>
<gc-op id="5241" type="classunload" timems="0.004" contextid="5237" timestamp="2019-06-16T00:36:34.407">
  <classunload-info classloadercandidates="53" classloadersunloaded="0" classesunloaded="0" anonymousclassesunloaded="0" quiescems="0.000" setupms="0.004" scanms="0.000" postms="0.000" />
</gc-op>
<gc-end id="5242" type="partial gc" contextid="5237" durationms="2.912" usertimems="0.000" systemtimems="0.000" timestamp="2019-06-16T00:36:34.407" activeThreads="1">
  <mem-info id="5243" free="48234496" total="78643200" percent="61">
    <mem type="eden" free="1048552" total="1048576" percent="99" />
    <remembered-set count="121952" freebytes="2651392" totalbytes="3139200" percent="84" regionsoverflowed="0" regionsstable="0" regionsrebuilding="18"/>
  </mem-info>
</gc-end>
<cycle-end id="5244" type="partial gc" contextid="5237" timestamp="2019-06-16T00:36:34.408" />
  <attribute name="elasticGC enabled" value="1" />
  <attribute name= "numThreadsSpecified" value="1" />
  <attribute name="heapSize specified" value="0" />
  <attribute name="Current GC Util" value="163" />
  <attribute name= "Current Time Running" value="24071" />
  <attribute name ="GC Interval" value="0" />
  <attribute name="ProportionalT" value="214.500000" />
  <attribute name="ProportionalI" value="214.500000" />
  <attribute name="ProportionalH" value="214.500000" />
  <attribute name="Current Error" value="143.000000" />
  <attribute name="IntegralT" value="0.000000" />
  <attribute name="IntegralI" value="0.000000" />
  <attribute name="IntegralH" value="0.000000" />
  <attribute name="DerivativeT" value="inf" />
  <attribute name="DerivativeI" value="inf" />
  <attribute name="DerivativeH" value="inf" />
  <attribute name="Loop Time for DT" value="0.000000" />
  <attribute name="Output H" value="8388608"/>
  <attribute name="Output I" value="200"/>
  <attribute name="Output T" value="1"/>
  <attribute name="Target GC Util Change" value ="20.000000" />
  <attribute name="Current GC Util Change" value="163.000000"/>
  <attribute name="GC Util currently" value="163" />
  <attribute name="CPU Util currently" value="13729382818903" />
<exclusive-end id="5245" timestamp="2019-06-16T00:36:34.408" durationms="3.741" />

<exclusive-start id="5246" timestamp="2019-06-16T00:36:34.412" intervalms="8.117">
  <response-info timems="0.056" idlems="0.056" threads="0" lastid="0000000001627700" lastname="main" />
</exclusive-start>
<allocation-taxation id="5247" taxation-threshold="12582912" timestamp="2019-06-16T00:36:34.412" intervalms="8.215" />
<gc-start id="5248" type="global mark phase" contextid="5024" timestamp="2019-06-16T00:36:34.413">
  <mem-info id="5249" free="35651584" total="78643200" percent="45">
    <remembered-set count="121472" freebytes="2653312" totalbytes="3139200" percent="84" regionsoverflowed="0" regionsstable="0" regionsrebuilding="18"/>
  </mem-info>
</gc-start>
<gc-end id="5250" type="global mark phase" contextid="5024" durationms="0.159" usertimems="0.000" systemtimems="0.000" timestamp="2019-06-16T00:36:34.413" activeThreads="1">
  <mem-info id="5251" free="35651584" total="78643200" percent="45">
    <remembered-set count="121472" freebytes="2653312" totalbytes="3139200" percent="84" regionsoverflowed="0" regionsstable="0" regionsrebuilding="18"/>
  </mem-info>
</gc-end>
<concurrent-start id="5252" type="GMP work packet processing" contextid="5024" timestamp="2019-06-16T00:36:34.413">
  <concurrent-mark-start scanTarget="1048576" />
</concurrent-start>
<exclusive-end id="5253" timestamp="2019-06-16T00:36:34.413" durationms="0.944" />

<concurrent-end id="5254" type="GMP work packet processing" contextid="5024" timestamp="2019-06-16T00:36:34.414">
  <concurrent-mark-end bytesScanned="327420" reasonForTermination="Completed all work in GC phase" />
</concurrent-end>

<exclusive-start id="5255" timestamp="2019-06-16T00:36:34.418" intervalms="5.784">
  <response-info timems="0.069" idlems="0.069" threads="0" lastid="0000000001627700" lastname="main" />
</exclusive-start>
<allocation-taxation id="5256" taxation-threshold="12582912" timestamp="2019-06-16T00:36:34.418" intervalms="5.703" />
<cycle-start id="5257" type="partial gc" contextid="0" timestamp="2019-06-16T00:36:34.418" intervalms="13.946" />
<gc-start id="5258" type="partial gc" contextid="5257" timestamp="2019-06-16T00:36:34.418">
  <mem-info id="5259" free="23068672" total="78643200" percent="29">
    <mem type="eden" free="1048552" total="26214400" percent="3" />
    <remembered-set count="127200" freebytes="2630400" totalbytes="3139200" percent="83" regionsoverflowed="0" regionsstable="0" regionsrebuilding="18"/>
  </mem-info>
</gc-start>
<allocation-stats totalBytes="25080968" >
  <allocated-bytes non-tlh="0" tlh="25080968" arrayletleaf="0"/>
  <largest-consumer threadName="main" threadId="0000000001627700" bytes="12541704" />
</allocation-stats>
<gc-op id="5260" type="copy forward" timems="1.793" contextid="5257" timestamp="2019-06-16T00:36:34.421">
  <memory-copied type="eden" objects="1" bytes="24" bytesdiscarded="0" />
  <memory-copied type="other" objects="0" bytes="0" bytesdiscarded="0" />
  <memory-cardclean objects="19" bytes="440" />
  <regions eden="24" other="1" />
  <remembered-set-cleared processed="124287" cleared="5" durationms="0.767" />
  <stringconstants candidates="13269" cleared="0"  />
</gc-op>
<gc-op id="5261" type="classunload" timems="0.004" contextid="5257" timestamp="2019-06-16T00:36:34.421">
  <classunload-info classloadercandidates="53" classloadersunloaded="0" classesunloaded="0" anonymousclassesunloaded="0" quiescems="0.000" setupms="0.004" scanms="0.000" postms="0.000" />
</gc-op>
<gc-end id="5262" type="partial gc" contextid="5257" durationms="2.897" usertimems="4.000" systemtimems="0.000" timestamp="2019-06-16T00:36:34.421" activeThreads="1">
  <mem-info id="5263" free="48234496" total="78643200" percent="61">
    <mem type="eden" free="1048552" total="1048576" percent="99" />
    <remembered-set count="127680" freebytes="2628480" totalbytes="3139200" percent="83" regionsoverflowed="0" regionsstable="0" regionsrebuilding="18"/>
  </mem-info>
</gc-end>
<cycle-end id="5264" type="partial gc" contextid="5257" timestamp="2019-06-16T00:36:34.421" />
  <attribute name="elasticGC enabled" value="1" />
  <attribute name= "numThreadsSpecified" value="1" />
  <attribute name="heapSize specified" value="0" />
  <attribute name="Current GC Util" value="162" />
  <attribute name= "Current Time Running" value="24085" />
  <attribute name ="GC Interval" value="0" />
  <attribute name="ProportionalT" value="213.000000" />
  <attribute name="ProportionalI" value="213.000000" />
  <attribute name="ProportionalH" value="213.000000" />
  <attribute name="Current Error" value="142.000000" />
  <attribute name="IntegralT" value="0.000000" />
  <attribute name="IntegralI" value="0.000000" />
  <attribute name="IntegralH" value="0.000000" />
  <attribute name="DerivativeT" value="inf" />
  <attribute name="DerivativeI" value="inf" />
  <attribute name="DerivativeH" value="inf" />
  <attribute name="Loop Time for DT" value="0.000000" />
  <attribute name="Output H" value="8388608"/>
  <attribute name="Output I" value="200"/>
  <attribute name="Output T" value="1"/>
  <attribute name="Target GC Util Change" value ="20.000000" />
  <attribute name="Current GC Util Change" value="162.000000"/>
  <attribute name="GC Util currently" value="162" />
  <attribute name="CPU Util currently" value="13711177390377" />
<exclusive-end id="5265" timestamp="2019-06-16T00:36:34.422" durationms="3.789" />

<exclusive-start id="5266" timestamp="2019-06-16T00:36:34.426" intervalms="8.226">
  <response-info timems="0.087" idlems="0.087" threads="0" lastid="0000000001627700" lastname="main" />
</exclusive-start>
<allocation-taxation id="5267" taxation-threshold="12582912" timestamp="2019-06-16T00:36:34.426" intervalms="8.296" />
<gc-start id="5268" type="global mark phase" contextid="5024" timestamp="2019-06-16T00:36:34.427">
  <mem-info id="5269" free="35651584" total="78643200" percent="45">
    <remembered-set count="127200" freebytes="2630400" totalbytes="3139200" percent="83" regionsoverflowed="0" regionsstable="0" regionsrebuilding="18"/>
  </mem-info>
</gc-start>
<gc-op id="5270" type="mark increment" timems="2.620" contextid="5024" timestamp="2019-06-16T00:36:34.429">
  <trace-info objectcount="1" scancount="1" scanbytes="24" />
  <cardclean-info objects="210" bytes="13916" />
  <finalization candidates="80" enqueued="0" />
  <ownableSynchronizers candidates="21" cleared="0" />
  <references type="soft" candidates="1855" cleared="4" enqueued="4" dynamicThreshold="19" maxThreshold="32" />
  <references type="weak" candidates="5726" cleared="0" enqueued="0" />
  <references type="phantom" candidates="101" cleared="0" enqueued="0" />
  <stringconstants candidates="13269" cleared="0"  />
</gc-op>
<gc-op id="5271" type="classunload" timems="0.005" contextid="5024" timestamp="2019-06-16T00:36:34.429">
  <classunload-info classloadercandidates="53" classloadersunloaded="0" classesunloaded="0" anonymousclassesunloaded="0" quiescems="0.000" setupms="0.004" scanms="0.000" postms="0.000" />
</gc-op>
<gc-end id="5272" type="global mark phase" contextid="5024" durationms="2.966" usertimems="8.000" systemtimems="0.000" timestamp="2019-06-16T00:36:34.429" activeThreads="4">
  <mem-info id="5273" free="35651584" total="78643200" percent="45">
    <pending-finalizers system="0" default="0" reference="4" classloader="0" />
    <remembered-set count="127712" freebytes="2628352" totalbytes="3139200" percent="83" regionsoverflowed="0" regionsstable="0" regionsrebuilding="0"/>
  </mem-info>
</gc-end>
<cycle-end id="5274" type="global mark phase" contextid="5024" timestamp="2019-06-16T00:36:34.430" />
  <attribute name="elasticGC enabled" value="1" />
  <attribute name= "numThreadsSpecified" value="4" />
  <attribute name="heapSize specified" value="0" />
  <attribute name="Current GC Util" value="0" />
  <attribute name= "Current Time Running" value="24093" />
  <attribute name ="GC Interval" value="0" />
  <attribute name="ProportionalT" value="-30.000000" />
  <attribute name="ProportionalI" value="-30.000000" />
  <attribute name="ProportionalH" value="-30.000000" />
  <attribute name="Current Error" value="-20.000000" />
  <attribute name="IntegralT" value="0.000000" />
  <attribute name="IntegralI" value="0.000000" />
  <attribute name="IntegralH" value="0.000000" />
  <attribute name="DerivativeT" value="-inf" />
  <attribute name="DerivativeI" value="-inf" />
  <attribute name="DerivativeH" value="-inf" />
  <attribute name="Loop Time for DT" value="0.000000" />
  <attribute name="Output H" value="2091843584"/>
  <attribute name="Output I" value="200"/>
  <attribute name="Output T" value="4"/>
  <attribute name="Target GC Util Change" value ="20.000000" />
  <attribute name="Current GC Util Change" value="0.000000"/>
  <attribute name="GC Util currently" value="0" />
  <attribute name="CPU Util currently" value="20763165649583" />
<exclusive-end id="5275" timestamp="2019-06-16T00:36:34.430" durationms="3.655" />

<exclusive-start id="5276" timestamp="2019-06-16T00:36:34.434" intervalms="8.085">
  <response-info timems="0.067" idlems="0.067" threads="0" lastid="0000000001627700" lastname="main" />
</exclusive-start>
<allocation-taxation id="5277" taxation-threshold="12582912" timestamp="2019-06-16T00:36:34.434" intervalms="8.049" />
<cycle-start id="5278" type="partial gc" contextid="0" timestamp="2019-06-16T00:36:34.435" intervalms="16.363" />
<gc-start id="5279" type="partial gc" contextid="5278" timestamp="2019-06-16T00:36:34.435">
  <mem-info id="5280" free="23068672" total="78643200" percent="29">
    <mem type="eden" free="1048552" total="26214400" percent="3" />
    <remembered-set count="768" freebytes="3136128" totalbytes="3139200" percent="99" regionsoverflowed="0" regionsstable="18" regionsrebuilding="0"/>
  </mem-info>
</gc-start>
<allocation-stats totalBytes="25081368" >
  <allocated-bytes non-tlh="0" tlh="25081368" arrayletleaf="0"/>
  <largest-consumer threadName="main" threadId="0000000001627700" bytes="12538008" />
</allocation-stats>
<gc-op id="5281" type="sweep" timems="1.086" contextid="5278" timestamp="2019-06-16T00:36:34.436" />
<gc-op id="5282" type="copy forward" timems="2.757" contextid="5278" timestamp="2019-06-16T00:36:34.440">
  <memory-copied type="eden" objects="2" bytes="544" bytesdiscarded="248" />
  <memory-copied type="other" objects="0" bytes="0" bytesdiscarded="0" />
  <memory-cardclean objects="26" bytes="1232" />
  <regions eden="12" other="1" />
  <remembered-set-cleared processed="49" cleared="0" durationms="0.086" />
  <stringconstants candidates="13269" cleared="0"  />
</gc-op>
<gc-op id="5283" type="classunload" timems="0.004" contextid="5278" timestamp="2019-06-16T00:36:34.440">
  <classunload-info classloadercandidates="53" classloadersunloaded="0" classesunloaded="0" anonymousclassesunloaded="0" quiescems="0.000" setupms="0.004" scanms="0.000" postms="0.000" />
</gc-op>
<gc-end id="5284" type="partial gc" contextid="5278" durationms="5.281" usertimems="8.000" systemtimems="4.000" timestamp="2019-06-16T00:36:34.440" activeThreads="4">
  <mem-info id="5285" free="48234496" total="78643200" percent="61">
    <mem type="eden" free="1047784" total="1048576" percent="99" />
    <remembered-set count="1632" freebytes="3132672" totalbytes="3139200" percent="99" regionsoverflowed="0" regionsstable="18" regionsrebuilding="0"/>
  </mem-info>
</gc-end>
<cycle-end id="5286" type="partial gc" contextid="5278" timestamp="2019-06-16T00:36:34.440" />
  <attribute name="elasticGC enabled" value="1" />
  <attribute name= "numThreadsSpecified" value="4" />
  <attribute name="heapSize specified" value="0" />
  <attribute name="Current GC Util" value="167" />
  <attribute name= "Current Time Running" value="24103" />
  <attribute name ="GC Interval" value="0" />
  <attribute name="ProportionalT" value="220.500000" />
  <attribute name="ProportionalI" value="220.500000" />
  <attribute name="ProportionalH" value="220.500000" />
  <attribute name="Current Error" value="147.000000" />
  <attribute name="IntegralT" value="147.000000" />
  <attribute name="IntegralI" value="147.000000" />
  <attribute name="IntegralH" value="147.000000" />
  <attribute name="DerivativeT" value="7.000000" />
  <attribute name="DerivativeI" value="7.000000" />
  <attribute name="DerivativeH" value="7.000000" />
  <attribute name="Loop Time for DT" value="1.000000" />
  <attribute name="Output H" value="8388608"/>
  <attribute name="Output I" value="376"/>
  <attribute name="Output T" value="4"/>
  <attribute name="Target GC Util Change" value ="20.000000" />
  <attribute name="Current GC Util Change" value="167.000000"/>
  <attribute name="GC Util currently" value="167" />
  <attribute name="CPU Util currently" value="13975991778296" />
<exclusive-end id="5287" timestamp="2019-06-16T00:36:34.440" durationms="6.136" />

<exclusive-start id="5288" timestamp="2019-06-16T00:36:34.449" intervalms="15.135">
  <response-info timems="0.072" idlems="0.072" threads="0" lastid="0000000001627700" lastname="main" />
</exclusive-start>
<allocation-taxation id="5289" taxation-threshold="26214400" timestamp="2019-06-16T00:36:34.450" intervalms="15.180" />
<cycle-start id="5290" type="partial gc" contextid="0" timestamp="2019-06-16T00:36:34.450" intervalms="15.176" />
<gc-start id="5291" type="partial gc" contextid="5290" timestamp="2019-06-16T00:36:34.450">
  <mem-info id="5292" free="22020096" total="78643200" percent="28">
    <mem type="eden" free="0" total="26214400" percent="0" />
    <remembered-set count="1632" freebytes="3132672" totalbytes="3139200" percent="99" regionsoverflowed="0" regionsstable="18" regionsrebuilding="0"/>
  </mem-info>
</gc-start>
<allocation-stats totalBytes="26126112" >
  <allocated-bytes non-tlh="0" tlh="26126112" arrayletleaf="0"/>
  <largest-consumer threadName="main" threadId="0000000001627700" bytes="26126112" />
</allocation-stats>
<gc-op id="5293" type="copy forward" timems="2.667" contextid="5290" timestamp="2019-06-16T00:36:34.454">
  <memory-copied type="eden" objects="1" bytes="24" bytesdiscarded="0" />
  <memory-copied type="other" objects="13" bytes="800" bytesdiscarded="0" />
  <memory-cardclean objects="78" bytes="2112" />
  <regions eden="25" other="3" />
  <remembered-set-cleared processed="45" cleared="8" durationms="0.081" />
  <stringconstants candidates="13269" cleared="0"  />
</gc-op>
<gc-op id="5294" type="classunload" timems="0.004" contextid="5290" timestamp="2019-06-16T00:36:34.454">
  <classunload-info classloadercandidates="53" classloadersunloaded="0" classesunloaded="0" anonymousclassesunloaded="0" quiescems="0.000" setupms="0.004" scanms="0.000" postms="0.000" />
</gc-op>
<gc-end id="5295" type="partial gc" contextid="5290" durationms="3.833" usertimems="8.000" systemtimems="0.000" timestamp="2019-06-16T00:36:34.454" activeThreads="4">
  <mem-info id="5296" free="47185920" total="78643200" percent="60">
    <mem type="eden" free="1048552" total="1048576" percent="99" />
    <remembered-set count="1504" freebytes="3133184" totalbytes="3139200" percent="99" regionsoverflowed="0" regionsstable="18" regionsrebuilding="0"/>
  </mem-info>
</gc-end>
<cycle-end id="5297" type="partial gc" contextid="5290" timestamp="2019-06-16T00:36:34.454" />
  <attribute name="elasticGC enabled" value="1" />
  <attribute name= "numThreadsSpecified" value="4" />
  <attribute name="heapSize specified" value="0" />
  <attribute name="Current GC Util" value="195" />
  <attribute name= "Current Time Running" value="24117" />
  <attribute name ="GC Interval" value="0" />
  <attribute name="ProportionalT" value="262.500000" />
  <attribute name="ProportionalI" value="262.500000" />
  <attribute name="ProportionalH" value="262.500000" />
  <attribute name="Current Error" value="175.000000" />
  <attribute name="IntegralT" value="175.000000" />
  <attribute name="IntegralI" value="175.000000" />
  <attribute name="IntegralH" value="175.000000" />
  <attribute name="DerivativeT" value="69.000000" />
  <attribute name="DerivativeI" value="69.000000" />
  <attribute name="DerivativeH" value="69.000000" />
  <attribute name="Loop Time for DT" value="1.000000" />
  <attribute name="Output H" value="8388608"/>
  <attribute name="Output I" value="512"/>
  <attribute name="Output T" value="4"/>
  <attribute name="Target GC Util Change" value ="20.000000" />
  <attribute name="Current GC Util Change" value="195.000000"/>
  <attribute name="GC Util currently" value="195" />
  <attribute name="CPU Util currently" value="12968964489992" />
<exclusive-end id="5298" timestamp="2019-06-16T00:36:34.454" durationms="4.767" />

<exclusive-start id="5299" timestamp="2019-06-16T00:36:34.463" intervalms="13.785">
  <response-info timems="0.072" idlems="0.072" threads="0" lastid="0000000001627700" lastname="main" />
</exclusive-start>
<allocation-taxation id="5300" taxation-threshold="26214400" timestamp="2019-06-16T00:36:34.463" intervalms="13.732" />
<cycle-start id="5301" type="partial gc" contextid="0" timestamp="2019-06-16T00:36:34.463" intervalms="13.745" />
<gc-start id="5302" type="partial gc" contextid="5301" timestamp="2019-06-16T00:36:34.464">
  <mem-info id="5303" free="20971520" total="78643200" percent="26">
    <mem type="eden" free="1048552" total="27262976" percent="3" />
    <remembered-set count="1504" freebytes="3133184" totalbytes="3139200" percent="99" regionsoverflowed="0" regionsstable="18" regionsrebuilding="0"/>
  </mem-info>
</gc-start>
<allocation-stats totalBytes="26126112" >
  <allocated-bytes non-tlh="0" tlh="26126112" arrayletleaf="0"/>
  <largest-consumer threadName="main" threadId="0000000001627700" bytes="26126112" />
</allocation-stats>
<gc-op id="5304" type="copy forward" timems="1.048" contextid="5301" timestamp="2019-06-16T00:36:34.466">
  <memory-copied type="eden" objects="1" bytes="24" bytesdiscarded="0" />
  <memory-copied type="other" objects="19" bytes="632" bytesdiscarded="376" />
  <memory-cardclean objects="84" bytes="2480" />
  <regions eden="25" other="3" />
  <remembered-set-cleared processed="45" cleared="8" durationms="0.108" />
  <stringconstants candidates="13269" cleared="0"  />
</gc-op>
<gc-op id="5305" type="classunload" timems="0.003" contextid="5301" timestamp="2019-06-16T00:36:34.466">
  <classunload-info classloadercandidates="53" classloadersunloaded="0" classesunloaded="0" anonymousclassesunloaded="0" quiescems="0.000" setupms="0.003" scanms="0.000" postms="0.000" />
</gc-op>
<gc-end id="5306" type="partial gc" contextid="5301" durationms="2.159" usertimems="4.000" systemtimems="0.000" timestamp="2019-06-16T00:36:34.466" activeThreads="1">
  <mem-info id="5307" free="48234496" total="78643200" percent="61">
    <mem type="eden" free="1048552" total="1048576" percent="99" />
    <remembered-set count="1888" freebytes="3131648" totalbytes="3139200" percent="99" regionsoverflowed="0" regionsstable="18" regionsrebuilding="0"/>
  </mem-info>
</gc-end>
<cycle-end id="5308" type="partial gc" contextid="5301" timestamp="2019-06-16T00:36:34.466" />
  <attribute name="elasticGC enabled" value="1" />
  <attribute name= "numThreadsSpecified" value="1" />
  <attribute name="heapSize specified" value="0" />
  <attribute name="Current GC Util" value="203" />
  <attribute name= "Current Time Running" value="24130" />
  <attribute name ="GC Interval" value="0" />
  <attribute name="ProportionalT" value="274.500000" />
  <attribute name="ProportionalI" value="274.500000" />
  <attribute name="ProportionalH" value="274.500000" />
  <attribute name="Current Error" value="183.000000" />
  <attribute name="IntegralT" value="0.000000" />
  <attribute name="IntegralI" value="0.000000" />
  <attribute name="IntegralH" value="0.000000" />
  <attribute name="DerivativeT" value="inf" />
  <attribute name="DerivativeI" value="inf" />
  <attribute name="DerivativeH" value="inf" />
  <attribute name="Loop Time for DT" value="0.000000" />
  <attribute name="Output H" value="8388608"/>
  <attribute name="Output I" value="200"/>
  <attribute name="Output T" value="1"/>
  <attribute name="Target GC Util Change" value ="20.000000" />
  <attribute name="Current GC Util Change" value="203.000000"/>
  <attribute name="GC Util currently" value="203" />
  <attribute name="CPU Util currently" value="13206242633026" />
<exclusive-end id="5309" timestamp="2019-06-16T00:36:34.466" durationms="3.089" />

<exclusive-start id="5310" timestamp="2019-06-16T00:36:34.475" intervalms="12.015">
  <response-info timems="0.087" idlems="0.087" threads="0" lastid="0000000001627700" lastname="main" />
</exclusive-start>
<allocation-taxation id="5311" taxation-threshold="26214400" timestamp="2019-06-16T00:36:34.475" intervalms="12.013" />
<cycle-start id="5312" type="partial gc" contextid="0" timestamp="2019-06-16T00:36:34.475" intervalms="12.004" />
<gc-start id="5313" type="partial gc" contextid="5312" timestamp="2019-06-16T00:36:34.476">
  <mem-info id="5314" free="22020096" total="78643200" percent="28">
    <mem type="eden" free="1048552" total="27262976" percent="3" />
    <remembered-set count="1504" freebytes="3133184" totalbytes="3139200" percent="99" regionsoverflowed="0" regionsstable="18" regionsrebuilding="0"/>
  </mem-info>
</gc-start>
<allocation-stats totalBytes="26126112" >
  <allocated-bytes non-tlh="0" tlh="26126112" arrayletleaf="0"/>
  <largest-consumer threadName="main" threadId="0000000001627700" bytes="26126112" />
</allocation-stats>
<gc-op id="5315" type="copy forward" timems="1.059" contextid="5312" timestamp="2019-06-16T00:36:34.477">
  <memory-copied type="eden" objects="1" bytes="24" bytesdiscarded="0" />
  <memory-copied type="other" objects="75" bytes="3072" bytesdiscarded="376" />
  <memory-cardclean objects="75" bytes="10816" />
  <regions eden="25" other="3" />
  <remembered-set-cleared processed="41" cleared="7" durationms="0.106" />
  <references type="weak" candidates="2" cleared="0" enqueued="0" />
  <stringconstants candidates="13269" cleared="0"  />
</gc-op>
<gc-op id="5316" type="classunload" timems="0.003" contextid="5312" timestamp="2019-06-16T00:36:34.478">
  <classunload-info classloadercandidates="53" classloadersunloaded="0" classesunloaded="0" anonymousclassesunloaded="0" quiescems="0.000" setupms="0.003" scanms="0.000" postms="0.000" />
</gc-op>
<heap-resize id="5317" type="contract" space="default" amount="3145728" count="1" timems="0.131" reason="excess free space following gc" timestamp="2019-06-16T00:36:34.478" />
<gc-end id="5318" type="partial gc" contextid="5312" durationms="2.280" usertimems="4.000" systemtimems="0.000" timestamp="2019-06-16T00:36:34.478" activeThreads="1">
  <mem-info id="5319" free="46137344" total="75497472" percent="61">
    <mem type="eden" free="1048552" total="1048576" percent="99" />
    <remembered-set count="1856" freebytes="3131776" totalbytes="3139200" percent="99" regionsoverflowed="0" regionsstable="18" regionsrebuilding="0"/>
  </mem-info>
</gc-end>
<cycle-end id="5320" type="partial gc" contextid="5312" timestamp="2019-06-16T00:36:34.478" />
  <attribute name="elasticGC enabled" value="1" />
  <attribute name= "numThreadsSpecified" value="1" />
  <attribute name="heapSize specified" value="0" />
  <attribute name="Current GC Util" value="293" />
  <attribute name= "Current Time Running" value="24142" />
  <attribute name ="GC Interval" value="0" />
  <attribute name="ProportionalT" value="409.500000" />
  <attribute name="ProportionalI" value="409.500000" />
  <attribute name="ProportionalH" value="409.500000" />
  <attribute name="Current Error" value="273.000000" />
  <attribute name="IntegralT" value="0.000000" />
  <attribute name="IntegralI" value="0.000000" />
  <attribute name="IntegralH" value="0.000000" />
  <attribute name="DerivativeT" value="inf" />
  <attribute name="DerivativeI" value="inf" />
  <attribute name="DerivativeH" value="inf" />
  <attribute name="Loop Time for DT" value="0.000000" />
  <attribute name="Output H" value="8388608"/>
  <attribute name="Output I" value="200"/>
  <attribute name="Output T" value="1"/>
  <attribute name="Target GC Util Change" value ="20.000000" />
  <attribute name="Current GC Util Change" value="293.000000"/>
  <attribute name="GC Util currently" value="293" />
  <attribute name="CPU Util currently" value="13531386499959" />
<exclusive-end id="5321" timestamp="2019-06-16T00:36:34.478" durationms="3.173" />

<exclusive-start id="5322" timestamp="2019-06-16T00:36:34.487" intervalms="11.728">
  <response-info timems="0.054" idlems="0.054" threads="0" lastid="0000000001627700" lastname="main" />
</exclusive-start>
<allocation-taxation id="5323" taxation-threshold="25165824" timestamp="2019-06-16T00:36:34.487" intervalms="11.750" />
<cycle-start id="5324" type="partial gc" contextid="0" timestamp="2019-06-16T00:36:34.487" intervalms="11.716" />
<gc-start id="5325" type="partial gc" contextid="5324" timestamp="2019-06-16T00:36:34.487">
  <mem-info id="5326" free="20971520" total="75497472" percent="27">
    <mem type="eden" free="1048552" total="26214400" percent="3" />
    <remembered-set count="1440" freebytes="3133440" totalbytes="3139200" percent="99" regionsoverflowed="0" regionsstable="18" regionsrebuilding="0"/>
  </mem-info>
</gc-start>
<allocation-stats totalBytes="25080968" >
  <allocated-bytes non-tlh="0" tlh="25080968" arrayletleaf="0"/>
  <largest-consumer threadName="main" threadId="0000000001627700" bytes="25080968" />
</allocation-stats>
<gc-op id="5327" type="copy forward" timems="1.041" contextid="5324" timestamp="2019-06-16T00:36:34.490">
  <memory-copied type="eden" objects="1" bytes="24" bytesdiscarded="0" />
  <memory-copied type="other" objects="18" bytes="408" bytesdiscarded="312" />
  <memory-cardclean objects="75" bytes="2016" />
  <regions eden="24" other="2" />
  <remembered-set-cleared processed="42" cleared="9" durationms="0.105" />
  <stringconstants candidates="13269" cleared="0"  />
</gc-op>
<gc-op id="5328" type="classunload" timems="0.003" contextid="5324" timestamp="2019-06-16T00:36:34.490">
  <classunload-info classloadercandidates="53" classloadersunloaded="0" classesunloaded="0" anonymousclassesunloaded="0" quiescems="0.000" setupms="0.003" scanms="0.000" postms="0.000" />
</gc-op>
<heap-resize id="5329" type="contract" space="default" amount="2097152" count="1" timems="0.120" reason="excess free space following gc" timestamp="2019-06-16T00:36:34.490" />
<gc-end id="5330" type="partial gc" contextid="5324" durationms="2.629" usertimems="0.000" systemtimems="4.000" timestamp="2019-06-16T00:36:34.490" activeThreads="1">
  <mem-info id="5331" free="45088768" total="73400320" percent="61">
    <mem type="eden" free="1048552" total="1048576" percent="99" />
    <remembered-set count="896" freebytes="3010048" totalbytes="3013632" percent="99" regionsoverflowed="0" regionsstable="18" regionsrebuilding="0"/>
  </mem-info>
</gc-end>
<cycle-end id="5332" type="partial gc" contextid="5324" timestamp="2019-06-16T00:36:34.490" />
  <attribute name="elasticGC enabled" value="1" />
  <attribute name= "numThreadsSpecified" value="1" />
  <attribute name="heapSize specified" value="0" />
  <attribute name="Current GC Util" value="165" />
  <attribute name= "Current Time Running" value="24154" />
  <attribute name ="GC Interval" value="0" />
  <attribute name="ProportionalT" value="217.500000" />
  <attribute name="ProportionalI" value="217.500000" />
  <attribute name="ProportionalH" value="217.500000" />
  <attribute name="Current Error" value="145.000000" />
  <attribute name="IntegralT" value="0.000000" />
  <attribute name="IntegralI" value="0.000000" />
  <attribute name="IntegralH" value="0.000000" />
  <attribute name="DerivativeT" value="inf" />
  <attribute name="DerivativeI" value="inf" />
  <attribute name="DerivativeH" value="inf" />
  <attribute name="Loop Time for DT" value="0.000000" />
  <attribute name="Output H" value="8388608"/>
  <attribute name="Output I" value="200"/>
  <attribute name="Output T" value="1"/>
  <attribute name="Target GC Util Change" value ="20.000000" />
  <attribute name="Current GC Util Change" value="165.000000"/>
  <attribute name="GC Util currently" value="165" />
  <attribute name="CPU Util currently" value="7704698747023" />
<exclusive-end id="5333" timestamp="2019-06-16T00:36:34.490" durationms="3.519" />

<exclusive-start id="5334" timestamp="2019-06-16T00:36:34.495" intervalms="7.948">
  <response-info timems="0.053" idlems="0.053" threads="0" lastid="0000000001627700" lastname="main" />
</exclusive-start>
<allocation-taxation id="5335" taxation-threshold="12582912" timestamp="2019-06-16T00:36:34.495" intervalms="7.990" />
<cycle-start id="5336" type="global mark phase" contextid="0" timestamp="2019-06-16T00:36:34.495" intervalms="254.385" />
<gc-start id="5337" type="global mark phase" contextid="5336" timestamp="2019-06-16T00:36:34.495">
  <mem-info id="5338" free="32505856" total="73400320" percent="44">
    <remembered-set count="416" freebytes="3011968" totalbytes="3013632" percent="99" regionsoverflowed="0" regionsstable="18" regionsrebuilding="0"/>
  </mem-info>
</gc-start>
<gc-op id="5339" type="mark increment" timems="2.266" contextid="5336" timestamp="2019-06-16T00:36:34.498">
  <trace-info objectcount="16573" scancount="7805" scanbytes="325440" />
</gc-op>
<gc-end id="5340" type="global mark phase" contextid="5336" durationms="2.501" usertimems="4.000" systemtimems="0.000" timestamp="2019-06-16T00:36:34.498" activeThreads="4">
  <mem-info id="5341" free="32505856" total="73400320" percent="44">
    <remembered-set count="6048" freebytes="2989440" totalbytes="3013632" percent="99" regionsoverflowed="0" regionsstable="0" regionsrebuilding="18"/>
  </mem-info>
</gc-end>
<concurrent-start id="5342" type="GMP work packet processing" contextid="5336" timestamp="2019-06-16T00:36:34.498">
  <concurrent-mark-start scanTarget="1048576" />
</concurrent-start>
<exclusive-end id="5343" timestamp="2019-06-16T00:36:34.498" durationms="3.305" />

<concurrent-end id="5344" type="GMP work packet processing" contextid="5336" timestamp="2019-06-16T00:36:34.500">
  <concurrent-mark-end bytesScanned="1095752" reasonForTermination="Work target met" />
</concurrent-end>

<exclusive-start id="5345" timestamp="2019-06-16T00:36:34.504" intervalms="8.984">
  <response-info timems="0.026" idlems="0.026" threads="0" lastid="0000000001627700" lastname="main" />
</exclusive-start>
<allocation-taxation id="5346" taxation-threshold="12582912" timestamp="2019-06-16T00:36:34.504" intervalms="8.877" />
<cycle-start id="5347" type="partial gc" contextid="0" timestamp="2019-06-16T00:36:34.504" intervalms="16.827" />
<gc-start id="5348" type="partial gc" contextid="5347" timestamp="2019-06-16T00:36:34.504">
  <mem-info id="5349" free="19922944" total="73400320" percent="27">
    <mem type="eden" free="1048552" total="26214400" percent="3" />
    <remembered-set count="19424" freebytes="2935936" totalbytes="3013632" percent="97" regionsoverflowed="0" regionsstable="0" regionsrebuilding="18"/>
  </mem-info>
</gc-start>
<allocation-stats totalBytes="25080968" >
  <allocated-bytes non-tlh="0" tlh="25080968" arrayletleaf="0"/>
  <largest-consumer threadName="main" threadId="0000000001627700" bytes="12541704" />
</allocation-stats>
<gc-op id="5350" type="copy forward" timems="1.507" contextid="5347" timestamp="2019-06-16T00:36:34.507">
  <memory-copied type="eden" objects="1" bytes="24" bytesdiscarded="0" />
  <memory-copied type="other" objects="36" bytes="816" bytesdiscarded="104" />
  <memory-cardclean objects="100" bytes="3192" />
  <regions eden="24" other="2" />
  <remembered-set-cleared processed="17248" cleared="26" durationms="0.218" />
  <references type="weak" candidates="2" cleared="0" enqueued="0" />
  <stringconstants candidates="13269" cleared="0"  />
</gc-op>
<gc-op id="5351" type="classunload" timems="0.004" contextid="5347" timestamp="2019-06-16T00:36:34.507">
  <classunload-info classloadercandidates="53" classloadersunloaded="0" classesunloaded="0" anonymousclassesunloaded="0" quiescems="0.000" setupms="0.004" scanms="0.000" postms="0.000" />
</gc-op>
<heap-resize id="5352" type="contract" space="default" amount="3145728" count="1" timems="0.244" reason="excess free space following gc" timestamp="2019-06-16T00:36:34.507" />
<gc-end id="5353" type="partial gc" contextid="5347" durationms="3.165" usertimems="4.000" systemtimems="0.000" timestamp="2019-06-16T00:36:34.507" activeThreads="1">
  <mem-info id="5354" free="42991616" total="70254592" percent="61">
    <mem type="eden" free="1048552" total="1048576" percent="99" />
    <remembered-set count="18816" freebytes="2854656" totalbytes="2929920" percent="97" regionsoverflowed="0" regionsstable="0" regionsrebuilding="18"/>
  </mem-info>
</gc-end>
<cycle-end id="5355" type="partial gc" contextid="5347" timestamp="2019-06-16T00:36:34.507" />
  <attribute name="elasticGC enabled" value="1" />
  <attribute name= "numThreadsSpecified" value="1" />
  <attribute name="heapSize specified" value="0" />
  <attribute name="Current GC Util" value="101" />
  <attribute name= "Current Time Running" value="24171" />
  <attribute name ="GC Interval" value="0" />
  <attribute name="ProportionalT" value="121.500000" />
  <attribute name="ProportionalI" value="121.500000" />
  <attribute name="ProportionalH" value="121.500000" />
  <attribute name="Current Error" value="81.000000" />
  <attribute name="IntegralT" value="0.000000" />
  <attribute name="IntegralI" value="0.000000" />
  <attribute name="IntegralH" value="0.000000" />
  <attribute name="DerivativeT" value="inf" />
  <attribute name="DerivativeI" value="inf" />
  <attribute name="DerivativeH" value="inf" />
  <attribute name="Loop Time for DT" value="0.000000" />
  <attribute name="Output H" value="8388608"/>
  <attribute name="Output I" value="200"/>
  <attribute name="Output T" value="1"/>
  <attribute name="Target GC Util Change" value ="20.000000" />
  <attribute name="Current GC Util Change" value="101.000000"/>
  <attribute name="GC Util currently" value="101" />
  <attribute name="CPU Util currently" value="8291625388291" />
<exclusive-end id="5356" timestamp="2019-06-16T00:36:34.508" durationms="3.884" />

<exclusive-start id="5357" timestamp="2019-06-16T00:36:34.512" intervalms="7.947">
  <response-info timems="0.053" idlems="0.053" threads="0" lastid="0000000001627700" lastname="main" />
</exclusive-start>
<allocation-taxation id="5358" taxation-threshold="11534336" timestamp="2019-06-16T00:36:34.512" intervalms="7.986" />
<gc-start id="5359" type="global mark phase" contextid="5336" timestamp="2019-06-16T00:36:34.512">
  <mem-info id="5360" free="31457280" total="70254592" percent="44">
    <remembered-set count="18400" freebytes="2856320" totalbytes="2929920" percent="97" regionsoverflowed="0" regionsstable="0" regionsrebuilding="18"/>
  </mem-info>
</gc-start>
<gc-end id="5361" type="global mark phase" contextid="5336" durationms="0.159" usertimems="0.000" systemtimems="0.000" timestamp="2019-06-16T00:36:34.512" activeThreads="1">
  <mem-info id="5362" free="31457280" total="70254592" percent="44">
    <remembered-set count="18400" freebytes="2856320" totalbytes="2929920" percent="97" regionsoverflowed="0" regionsstable="0" regionsrebuilding="18"/>
  </mem-info>
</gc-end>
<concurrent-start id="5363" type="GMP work packet processing" contextid="5336" timestamp="2019-06-16T00:36:34.512">
  <concurrent-mark-start scanTarget="1048576" />
</concurrent-start>
<exclusive-end id="5364" timestamp="2019-06-16T00:36:34.512" durationms="0.770" />

<concurrent-end id="5365" type="GMP work packet processing" contextid="5336" timestamp="2019-06-16T00:36:34.514">
  <concurrent-mark-end bytesScanned="1122604" reasonForTermination="Work target met" />
</concurrent-end>

<exclusive-start id="5366" timestamp="2019-06-16T00:36:34.518" intervalms="5.861">
  <response-info timems="0.054" idlems="0.054" threads="0" lastid="0000000001627700" lastname="main" />
</exclusive-start>
<allocation-taxation id="5367" taxation-threshold="11534336" timestamp="2019-06-16T00:36:34.518" intervalms="5.880" />
<cycle-start id="5368" type="partial gc" contextid="0" timestamp="2019-06-16T00:36:34.518" intervalms="13.844" />
<gc-start id="5369" type="partial gc" contextid="5368" timestamp="2019-06-16T00:36:34.518">
  <mem-info id="5370" free="19922944" total="70254592" percent="28">
    <mem type="eden" free="1048552" total="24117248" percent="4" />
    <remembered-set count="28928" freebytes="2814208" totalbytes="2929920" percent="96" regionsoverflowed="0" regionsstable="0" regionsrebuilding="18"/>
  </mem-info>
</gc-start>
<allocation-stats totalBytes="22990680" >
  <allocated-bytes non-tlh="0" tlh="22990680" arrayletleaf="0"/>
  <largest-consumer threadName="main" threadId="0000000001627700" bytes="11496560" />
</allocation-stats>
<gc-op id="5371" type="copy forward" timems="3.306" contextid="5368" timestamp="2019-06-16T00:36:34.523">
  <memory-copied type="eden" objects="1" bytes="24" bytesdiscarded="0" />
  <memory-copied type="other" objects="78" bytes="1768" bytesdiscarded="208" />
  <memory-cardclean objects="14192" bytes="586416" />
  <regions eden="22" other="2" />
  <remembered-set-cleared processed="24317" cleared="10188" durationms="0.384" />
  <references type="weak" candidates="2" cleared="0" enqueued="0" />
  <stringconstants candidates="13269" cleared="0"  />
</gc-op>
<gc-op id="5372" type="classunload" timems="0.004" contextid="5368" timestamp="2019-06-16T00:36:34.523">
  <classunload-info classloadercandidates="53" classloadersunloaded="0" classesunloaded="0" anonymousclassesunloaded="0" quiescems="0.000" setupms="0.004" scanms="0.000" postms="0.000" />
</gc-op>
<heap-resize id="5373" type="contract" space="default" amount="2097152" count="1" timems="0.227" reason="excess free space following gc" timestamp="2019-06-16T00:36:34.523" />
<gc-end id="5374" type="partial gc" contextid="5368" durationms="5.033" usertimems="8.000" systemtimems="0.000" timestamp="2019-06-16T00:36:34.523" activeThreads="1">
  <mem-info id="5375" free="41943040" total="68157440" percent="61">
    <mem type="eden" free="1048552" total="1048576" percent="99" />
    <remembered-set count="20448" freebytes="2722560" totalbytes="2804352" percent="97" regionsoverflowed="0" regionsstable="0" regionsrebuilding="18"/>
  </mem-info>
</gc-end>
<cycle-end id="5376" type="partial gc" contextid="5368" timestamp="2019-06-16T00:36:34.523" />
  <attribute name="elasticGC enabled" value="1" />
  <attribute name= "numThreadsSpecified" value="1" />
  <attribute name="heapSize specified" value="0" />
  <attribute name="Current GC Util" value="108" />
  <attribute name= "Current Time Running" value="24185" />
  <attribute name ="GC Interval" value="0" />
  <attribute name="ProportionalT" value="132.000000" />
  <attribute name="ProportionalI" value="132.000000" />
  <attribute name="ProportionalH" value="132.000000" />
  <attribute name="Current Error" value="88.000000" />
  <attribute name="IntegralT" value="0.000000" />
  <attribute name="IntegralI" value="0.000000" />
  <attribute name="IntegralH" value="0.000000" />
  <attribute name="DerivativeT" value="inf" />
  <attribute name="DerivativeI" value="inf" />
  <attribute name="DerivativeH" value="inf" />
  <attribute name="Loop Time for DT" value="0.000000" />
  <attribute name="Output H" value="8388608"/>
  <attribute name="Output I" value="200"/>
  <attribute name="Output T" value="1"/>
  <attribute name="Target GC Util Change" value ="20.000000" />
  <attribute name="Current GC Util Change" value="108.000000"/>
  <attribute name="GC Util currently" value="108" />
  <attribute name="CPU Util currently" value="8102532403608" />
<exclusive-end id="5377" timestamp="2019-06-16T00:36:34.523" durationms="5.779" />

<exclusive-start id="5378" timestamp="2019-06-16T00:36:34.527" intervalms="9.866">
  <response-info timems="0.056" idlems="0.056" threads="0" lastid="0000000001627700" lastname="main" />
</exclusive-start>
<allocation-taxation id="5379" taxation-threshold="11534336" timestamp="2019-06-16T00:36:34.528" intervalms="9.875" />
<gc-start id="5380" type="global mark phase" contextid="5336" timestamp="2019-06-16T00:36:34.528">
  <mem-info id="5381" free="30408704" total="68157440" percent="44">
    <remembered-set count="20448" freebytes="2722560" totalbytes="2804352" percent="97" regionsoverflowed="0" regionsstable="0" regionsrebuilding="18"/>
  </mem-info>
</gc-start>
<gc-end id="5382" type="global mark phase" contextid="5336" durationms="0.161" usertimems="0.000" systemtimems="0.000" timestamp="2019-06-16T00:36:34.528" activeThreads="1">
  <mem-info id="5383" free="30408704" total="68157440" percent="44">
    <remembered-set count="20448" freebytes="2722560" totalbytes="2804352" percent="97" regionsoverflowed="0" regionsstable="0" regionsrebuilding="18"/>
  </mem-info>
</gc-end>
<concurrent-start id="5384" type="GMP work packet processing" contextid="5336" timestamp="2019-06-16T00:36:34.528">
  <concurrent-mark-start scanTarget="1048576" />
</concurrent-start>
<exclusive-end id="5385" timestamp="2019-06-16T00:36:34.529" durationms="1.813" />

<concurrent-end id="5386" type="GMP work packet processing" contextid="5336" timestamp="2019-06-16T00:36:34.530">
  <concurrent-mark-end bytesScanned="1089648" reasonForTermination="Work target met" />
</concurrent-end>

<exclusive-start id="5387" timestamp="2019-06-16T00:36:34.533" intervalms="5.936">
  <response-info timems="0.054" idlems="0.054" threads="0" lastid="0000000001627700" lastname="main" />
</exclusive-start>
<allocation-taxation id="5388" taxation-threshold="11534336" timestamp="2019-06-16T00:36:34.534" intervalms="5.932" />
<cycle-start id="5389" type="partial gc" contextid="0" timestamp="2019-06-16T00:36:34.534" intervalms="15.890" />
<gc-start id="5390" type="partial gc" contextid="5389" timestamp="2019-06-16T00:36:34.534">
  <mem-info id="5391" free="18874368" total="68157440" percent="27">
    <mem type="eden" free="1048552" total="24117248" percent="4" />
    <remembered-set count="31232" freebytes="2679424" totalbytes="2804352" percent="95" regionsoverflowed="0" regionsstable="0" regionsrebuilding="18"/>
  </mem-info>
</gc-start>
<allocation-stats totalBytes="22990680" >
  <allocated-bytes non-tlh="0" tlh="22990680" arrayletleaf="0"/>
  <largest-consumer threadName="main" threadId="0000000001627700" bytes="11496560" />
</allocation-stats>
<gc-op id="5392" type="copy forward" timems="4.421" contextid="5389" timestamp="2019-06-16T00:36:34.540">
  <memory-copied type="eden" objects="1" bytes="24" bytesdiscarded="0" />
  <memory-copied type="other" objects="0" bytes="0" bytesdiscarded="0" />
  <memory-cardclean objects="26652" bytes="1384968" />
  <regions eden="22" other="1" />
  <remembered-set-cleared processed="24030" cleared="8660" durationms="0.223" />
  <stringconstants candidates="13269" cleared="0"  />
</gc-op>
<gc-op id="5393" type="classunload" timems="0.004" contextid="5389" timestamp="2019-06-16T00:36:34.540">
  <classunload-info classloadercandidates="53" classloadersunloaded="0" classesunloaded="0" anonymousclassesunloaded="0" quiescems="0.000" setupms="0.004" scanms="0.000" postms="0.000" />
</gc-op>
<gc-end id="5394" type="partial gc" contextid="5389" durationms="5.807" usertimems="12.000" systemtimems="0.000" timestamp="2019-06-16T00:36:34.540" activeThreads="4">
  <mem-info id="5395" free="41943040" total="68157440" percent="61">
    <mem type="eden" free="1048552" total="1048576" percent="99" />
    <remembered-set count="24672" freebytes="2621952" totalbytes="2720640" percent="96" regionsoverflowed="0" regionsstable="0" regionsrebuilding="18"/>
  </mem-info>
</gc-end>
<cycle-end id="5396" type="partial gc" contextid="5389" timestamp="2019-06-16T00:36:34.540" />
  <attribute name="elasticGC enabled" value="1" />
  <attribute name= "numThreadsSpecified" value="4" />
  <attribute name="heapSize specified" value="0" />
  <attribute name="Current GC Util" value="110" />
  <attribute name= "Current Time Running" value="24201" />
  <attribute name ="GC Interval" value="0" />
  <attribute name="ProportionalT" value="135.000000" />
  <attribute name="ProportionalI" value="135.000000" />
  <attribute name="ProportionalH" value="135.000000" />
  <attribute name="Current Error" value="90.000000" />
  <attribute name="IntegralT" value="90.000000" />
  <attribute name="IntegralI" value="90.000000" />
  <attribute name="IntegralH" value="90.000000" />
  <attribute name="DerivativeT" value="28.000000" />
  <attribute name="DerivativeI" value="28.000000" />
  <attribute name="DerivativeH" value="28.000000" />
  <attribute name="Loop Time for DT" value="1.000000" />
  <attribute name="Output H" value="8388608"/>
  <attribute name="Output I" value="256"/>
  <attribute name="Output T" value="4"/>
  <attribute name="Target GC Util Change" value ="20.000000" />
  <attribute name="Current GC Util Change" value="110.000000"/>
  <attribute name="GC Util currently" value="110" />
  <attribute name="CPU Util currently" value="8162146015051" />
<exclusive-end id="5397" timestamp="2019-06-16T00:36:34.540" durationms="6.737" />

<exclusive-start id="5398" timestamp="2019-06-16T00:36:34.544" intervalms="10.817">
  <response-info timems="0.068" idlems="0.068" threads="0" lastid="0000000001627700" lastname="main" />
</exclusive-start>
<allocation-taxation id="5399" taxation-threshold="11534336" timestamp="2019-06-16T00:36:34.544" intervalms="10.859" />
<gc-start id="5400" type="global mark phase" contextid="5336" timestamp="2019-06-16T00:36:34.545">
  <mem-info id="5401" free="30408704" total="68157440" percent="44">
    <remembered-set count="24672" freebytes="2621952" totalbytes="2720640" percent="96" regionsoverflowed="0" regionsstable="0" regionsrebuilding="18"/>
  </mem-info>
</gc-start>
<gc-end id="5402" type="global mark phase" contextid="5336" durationms="0.166" usertimems="0.000" systemtimems="0.000" timestamp="2019-06-16T00:36:34.545" activeThreads="4">
  <mem-info id="5403" free="30408704" total="68157440" percent="44">
    <remembered-set count="24672" freebytes="2621952" totalbytes="2720640" percent="96" regionsoverflowed="0" regionsstable="0" regionsrebuilding="18"/>
  </mem-info>
</gc-end>
<concurrent-start id="5404" type="GMP work packet processing" contextid="5336" timestamp="2019-06-16T00:36:34.545">
  <concurrent-mark-start scanTarget="1048576" />
</concurrent-start>
<exclusive-end id="5405" timestamp="2019-06-16T00:36:34.545" durationms="0.718" />

<concurrent-end id="5406" type="GMP work packet processing" contextid="5336" timestamp="2019-06-16T00:36:34.546">
  <concurrent-mark-end bytesScanned="1085072" reasonForTermination="Work target met" />
</concurrent-end>

<exclusive-start id="5407" timestamp="2019-06-16T00:36:34.550" intervalms="5.722">
  <response-info timems="0.068" idlems="0.068" threads="0" lastid="0000000001627700" lastname="main" />
</exclusive-start>
<allocation-taxation id="5408" taxation-threshold="11534336" timestamp="2019-06-16T00:36:34.550" intervalms="5.661" />
<cycle-start id="5409" type="partial gc" contextid="0" timestamp="2019-06-16T00:36:34.550" intervalms="16.515" />
<gc-start id="5410" type="partial gc" contextid="5409" timestamp="2019-06-16T00:36:34.550">
  <mem-info id="5411" free="18874368" total="68157440" percent="27">
    <mem type="eden" free="1048552" total="24117248" percent="4" />
    <remembered-set count="35968" freebytes="2576768" totalbytes="2720640" percent="94" regionsoverflowed="0" regionsstable="0" regionsrebuilding="18"/>
  </mem-info>
</gc-start>
<allocation-stats totalBytes="22990680" >
  <allocated-bytes non-tlh="0" tlh="22990680" arrayletleaf="0"/>
  <largest-consumer threadName="main" threadId="0000000001627700" bytes="11496560" />
</allocation-stats>
<gc-op id="5412" type="copy forward" timems="1.477" contextid="5409" timestamp="2019-06-16T00:36:34.553">
  <memory-copied type="eden" objects="1" bytes="24" bytesdiscarded="0" />
  <memory-copied type="other" objects="0" bytes="0" bytesdiscarded="0" />
  <memory-cardclean objects="15" bytes="408" />
  <regions eden="22" other="1" />
  <remembered-set-cleared processed="34054" cleared="5" durationms="0.305" />
  <stringconstants candidates="13269" cleared="0"  />
</gc-op>
<gc-op id="5413" type="classunload" timems="0.004" contextid="5409" timestamp="2019-06-16T00:36:34.553">
  <classunload-info classloadercandidates="53" classloadersunloaded="0" classesunloaded="0" anonymousclassesunloaded="0" quiescems="0.000" setupms="0.004" scanms="0.000" postms="0.000" />
</gc-op>
<gc-end id="5414" type="partial gc" contextid="5409" durationms="2.594" usertimems="4.000" systemtimems="0.000" timestamp="2019-06-16T00:36:34.553" activeThreads="1">
  <mem-info id="5415" free="41943040" total="68157440" percent="61">
    <mem type="eden" free="1048552" total="1048576" percent="99" />
    <remembered-set count="36416" freebytes="2574976" totalbytes="2720640" percent="94" regionsoverflowed="0" regionsstable="0" regionsrebuilding="18"/>
  </mem-info>
</gc-end>
<cycle-end id="5416" type="partial gc" contextid="5409" timestamp="2019-06-16T00:36:34.553" />
  <attribute name="elasticGC enabled" value="1" />
  <attribute name= "numThreadsSpecified" value="1" />
  <attribute name="heapSize specified" value="0" />
  <attribute name="Current GC Util" value="156" />
  <attribute name= "Current Time Running" value="24217" />
  <attribute name ="GC Interval" value="0" />
  <attribute name="ProportionalT" value="204.000000" />
  <attribute name="ProportionalI" value="204.000000" />
  <attribute name="ProportionalH" value="204.000000" />
  <attribute name="Current Error" value="136.000000" />
  <attribute name="IntegralT" value="0.000000" />
  <attribute name="IntegralI" value="0.000000" />
  <attribute name="IntegralH" value="0.000000" />
  <attribute name="DerivativeT" value="inf" />
  <attribute name="DerivativeI" value="inf" />
  <attribute name="DerivativeH" value="inf" />
  <attribute name="Loop Time for DT" value="0.000000" />
  <attribute name="Output H" value="8388608"/>
  <attribute name="Output I" value="200"/>
  <attribute name="Output T" value="1"/>
  <attribute name="Target GC Util Change" value ="20.000000" />
  <attribute name="Current GC Util Change" value="156.000000"/>
  <attribute name="GC Util currently" value="156" />
  <attribute name="CPU Util currently" value="13742679580195" />
<exclusive-end id="5417" timestamp="2019-06-16T00:36:34.553" durationms="3.439" />

<exclusive-start id="5418" timestamp="2019-06-16T00:36:34.558" intervalms="7.585">
  <response-info timems="0.067" idlems="0.067" threads="0" lastid="0000000001627700" lastname="main" />
</exclusive-start>
<allocation-taxation id="5419" taxation-threshold="11534336" timestamp="2019-06-16T00:36:34.558" intervalms="7.609" />
<gc-start id="5420" type="global mark phase" contextid="5336" timestamp="2019-06-16T00:36:34.558">
  <mem-info id="5421" free="30408704" total="68157440" percent="44">
    <remembered-set count="35936" freebytes="2576896" totalbytes="2720640" percent="94" regionsoverflowed="0" regionsstable="0" regionsrebuilding="18"/>
  </mem-info>
</gc-start>
<gc-end id="5422" type="global mark phase" contextid="5336" durationms="0.160" usertimems="0.000" systemtimems="0.000" timestamp="2019-06-16T00:36:34.558" activeThreads="1">
  <mem-info id="5423" free="30408704" total="68157440" percent="44">
    <remembered-set count="35936" freebytes="2576896" totalbytes="2720640" percent="94" regionsoverflowed="0" regionsstable="0" regionsrebuilding="18"/>
  </mem-info>
</gc-end>
<concurrent-start id="5424" type="GMP work packet processing" contextid="5336" timestamp="2019-06-16T00:36:34.558">
  <concurrent-mark-start scanTarget="1048576" />
</concurrent-start>
<exclusive-end id="5425" timestamp="2019-06-16T00:36:34.558" durationms="0.896" />

<concurrent-end id="5426" type="GMP work packet processing" contextid="5336" timestamp="2019-06-16T00:36:34.560">
  <concurrent-mark-end bytesScanned="1090468" reasonForTermination="Work target met" />
</concurrent-end>

<exclusive-start id="5427" timestamp="2019-06-16T00:36:34.564" intervalms="6.520">
  <response-info timems="0.067" idlems="0.067" threads="0" lastid="0000000001627700" lastname="main" />
</exclusive-start>
<allocation-taxation id="5428" taxation-threshold="11534336" timestamp="2019-06-16T00:36:34.564" intervalms="6.485" />
<cycle-start id="5429" type="partial gc" contextid="0" timestamp="2019-06-16T00:36:34.564" intervalms="14.039" />
<gc-start id="5430" type="partial gc" contextid="5429" timestamp="2019-06-16T00:36:34.565">
  <mem-info id="5431" free="18874368" total="68157440" percent="27">
    <mem type="eden" free="1048552" total="24117248" percent="4" />
    <remembered-set count="46720" freebytes="2533760" totalbytes="2720640" percent="93" regionsoverflowed="0" regionsstable="0" regionsrebuilding="18"/>
  </mem-info>
</gc-start>
<allocation-stats totalBytes="22974464" >
  <allocated-bytes non-tlh="0" tlh="22974464" arrayletleaf="0"/>
  <largest-consumer threadName="main" threadId="0000000001627700" bytes="11480344" />
</allocation-stats>
<gc-op id="5432" type="copy forward" timems="1.564" contextid="5429" timestamp="2019-06-16T00:36:34.567">
  <memory-copied type="eden" objects="26" bytes="1904" bytesdiscarded="0" />
  <memory-copied type="other" objects="0" bytes="0" bytesdiscarded="0" />
  <memory-cardclean objects="79" bytes="2552" />
  <regions eden="22" other="1" />
  <remembered-set-cleared processed="44484" cleared="31" durationms="0.372" />
  <stringconstants candidates="13269" cleared="0"  />
</gc-op>
<gc-op id="5433" type="classunload" timems="0.004" contextid="5429" timestamp="2019-06-16T00:36:34.567">
  <classunload-info classloadercandidates="53" classloadersunloaded="0" classesunloaded="0" anonymousclassesunloaded="0" quiescems="0.000" setupms="0.004" scanms="0.000" postms="0.000" />
</gc-op>
<gc-end id="5434" type="partial gc" contextid="5429" durationms="2.746" usertimems="4.000" systemtimems="0.000" timestamp="2019-06-16T00:36:34.567" activeThreads="1">
  <mem-info id="5435" free="41943040" total="68157440" percent="61">
    <mem type="eden" free="1046672" total="1048576" percent="99" />
    <remembered-set count="47168" freebytes="2531968" totalbytes="2720640" percent="93" regionsoverflowed="0" regionsstable="0" regionsrebuilding="18"/>
  </mem-info>
</gc-end>
<cycle-end id="5436" type="partial gc" contextid="5429" timestamp="2019-06-16T00:36:34.567" />
  <attribute name="elasticGC enabled" value="1" />
  <attribute name= "numThreadsSpecified" value="1" />
  <attribute name="heapSize specified" value="0" />
  <attribute name="Current GC Util" value="219" />
  <attribute name= "Current Time Running" value="24231" />
  <attribute name ="GC Interval" value="0" />
  <attribute name="ProportionalT" value="298.500000" />
  <attribute name="ProportionalI" value="298.500000" />
  <attribute name="ProportionalH" value="298.500000" />
  <attribute name="Current Error" value="199.000000" />
  <attribute name="IntegralT" value="0.000000" />
  <attribute name="IntegralI" value="0.000000" />
  <attribute name="IntegralH" value="0.000000" />
  <attribute name="DerivativeT" value="inf" />
  <attribute name="DerivativeI" value="inf" />
  <attribute name="DerivativeH" value="inf" />
  <attribute name="Loop Time for DT" value="0.000000" />
  <attribute name="Output H" value="8388608"/>
  <attribute name="Output I" value="200"/>
  <attribute name="Output T" value="1"/>
  <attribute name="Target GC Util Change" value ="20.000000" />
  <attribute name="Current GC Util Change" value="219.000000"/>
  <attribute name="GC Util currently" value="219" />
  <attribute name="CPU Util currently" value="13659276640740" />
<exclusive-end id="5437" timestamp="2019-06-16T00:36:34.568" durationms="3.646" />

<exclusive-start id="5438" timestamp="2019-06-16T00:36:34.572" intervalms="7.793">
  <response-info timems="0.064" idlems="0.064" threads="0" lastid="0000000001627700" lastname="main" />
</exclusive-start>
<allocation-taxation id="5439" taxation-threshold="11534336" timestamp="2019-06-16T00:36:34.572" intervalms="7.881" />
<gc-start id="5440" type="global mark phase" contextid="5336" timestamp="2019-06-16T00:36:34.572">
  <mem-info id="5441" free="30408704" total="68157440" percent="44">
    <remembered-set count="46688" freebytes="2533888" totalbytes="2720640" percent="93" regionsoverflowed="0" regionsstable="0" regionsrebuilding="18"/>
  </mem-info>
</gc-start>
<gc-end id="5442" type="global mark phase" contextid="5336" durationms="0.148" usertimems="0.000" systemtimems="0.000" timestamp="2019-06-16T00:36:34.572" activeThreads="1">
  <mem-info id="5443" free="30408704" total="68157440" percent="44">
    <remembered-set count="46688" freebytes="2533888" totalbytes="2720640" percent="93" regionsoverflowed="0" regionsstable="0" regionsrebuilding="18"/>
  </mem-info>
</gc-end>
<concurrent-start id="5444" type="GMP work packet processing" contextid="5336" timestamp="2019-06-16T00:36:34.573">
  <concurrent-mark-start scanTarget="1048576" />
</concurrent-start>
<exclusive-end id="5445" timestamp="2019-06-16T00:36:34.573" durationms="0.865" />

<concurrent-end id="5446" type="GMP work packet processing" contextid="5336" timestamp="2019-06-16T00:36:34.574">
  <concurrent-mark-end bytesScanned="1086964" reasonForTermination="Work target met" />
</concurrent-end>

<exclusive-start id="5447" timestamp="2019-06-16T00:36:34.578" intervalms="5.811">
  <response-info timems="0.021" idlems="0.021" threads="0" lastid="0000000001627700" lastname="main" />
</exclusive-start>
<allocation-taxation id="5448" taxation-threshold="11534336" timestamp="2019-06-16T00:36:34.578" intervalms="5.746" />
<cycle-start id="5449" type="partial gc" contextid="0" timestamp="2019-06-16T00:36:34.578" intervalms="13.601" />
<gc-start id="5450" type="partial gc" contextid="5449" timestamp="2019-06-16T00:36:34.578">
  <mem-info id="5451" free="18874368" total="68157440" percent="27">
    <mem type="eden" free="0" total="23068672" percent="0" />
    <remembered-set count="59552" freebytes="2482432" totalbytes="2720640" percent="91" regionsoverflowed="0" regionsstable="0" regionsrebuilding="18"/>
  </mem-info>
</gc-start>
<allocation-stats totalBytes="22915200" >
  <allocated-bytes non-tlh="0" tlh="22915200" arrayletleaf="0"/>
  <largest-consumer threadName="main" threadId="0000000001627700" bytes="11457600" />
</allocation-stats>
<gc-op id="5452" type="copy forward" timems="1.601" contextid="5449" timestamp="2019-06-16T00:36:34.581">
  <memory-copied type="eden" objects="0" bytes="0" bytesdiscarded="0" />
  <memory-copied type="other" objects="26" bytes="1904" bytesdiscarded="0" />
  <memory-cardclean objects="62" bytes="2248" />
  <regions eden="22" other="1" />
  <remembered-set-cleared processed="57371" cleared="36" durationms="0.451" />
  <stringconstants candidates="13269" cleared="0"  />
</gc-op>
<gc-op id="5453" type="classunload" timems="0.003" contextid="5449" timestamp="2019-06-16T00:36:34.581">
  <classunload-info classloadercandidates="53" classloadersunloaded="0" classesunloaded="0" anonymousclassesunloaded="0" quiescems="0.000" setupms="0.003" scanms="0.000" postms="0.000" />
</gc-op>
<gc-end id="5454" type="partial gc" contextid="5449" durationms="2.830" usertimems="4.000" systemtimems="0.000" timestamp="2019-06-16T00:36:34.581" activeThreads="1">
  <mem-info id="5455" free="41943040" total="68157440" percent="61">
    <remembered-set count="60032" freebytes="2480512" totalbytes="2720640" percent="91" regionsoverflowed="0" regionsstable="0" regionsrebuilding="18"/>
  </mem-info>
</gc-end>
<cycle-end id="5456" type="partial gc" contextid="5449" timestamp="2019-06-16T00:36:34.581" />
  <attribute name="elasticGC enabled" value="1" />
  <attribute name= "numThreadsSpecified" value="1" />
  <attribute name="heapSize specified" value="0" />
  <attribute name="Current GC Util" value="166" />
  <attribute name= "Current Time Running" value="24245" />
  <attribute name ="GC Interval" value="0" />
  <attribute name="ProportionalT" value="219.000000" />
  <attribute name="ProportionalI" value="219.000000" />
  <attribute name="ProportionalH" value="219.000000" />
  <attribute name="Current Error" value="146.000000" />
  <attribute name="IntegralT" value="0.000000" />
  <attribute name="IntegralI" value="0.000000" />
  <attribute name="IntegralH" value="0.000000" />
  <attribute name="DerivativeT" value="inf" />
  <attribute name="DerivativeI" value="inf" />
  <attribute name="DerivativeH" value="inf" />
  <attribute name="Loop Time for DT" value="0.000000" />
  <attribute name="Output H" value="8388608"/>
  <attribute name="Output I" value="200"/>
  <attribute name="Output T" value="1"/>
  <attribute name="Target GC Util Change" value ="20.000000" />
  <attribute name="Current GC Util Change" value="166.000000"/>
  <attribute name="GC Util currently" value="166" />
  <attribute name="CPU Util currently" value="13481899513603" />
<exclusive-end id="5457" timestamp="2019-06-16T00:36:34.581" durationms="3.633" />

<exclusive-start id="5458" timestamp="2019-06-16T00:36:34.585" intervalms="7.753">
  <response-info timems="0.069" idlems="0.069" threads="0" lastid="0000000001627700" lastname="main" />
</exclusive-start>
<allocation-taxation id="5459" taxation-threshold="11534336" timestamp="2019-06-16T00:36:34.586" intervalms="7.797" />
<gc-start id="5460" type="global mark phase" contextid="5336" timestamp="2019-06-16T00:36:34.586">
  <mem-info id="5461" free="30408704" total="68157440" percent="44">
    <remembered-set count="59552" freebytes="2482432" totalbytes="2720640" percent="91" regionsoverflowed="0" regionsstable="0" regionsrebuilding="18"/>
  </mem-info>
</gc-start>
<gc-end id="5462" type="global mark phase" contextid="5336" durationms="0.161" usertimems="0.000" systemtimems="0.000" timestamp="2019-06-16T00:36:34.586" activeThreads="1">
  <mem-info id="5463" free="30408704" total="68157440" percent="44">
    <remembered-set count="59552" freebytes="2482432" totalbytes="2720640" percent="91" regionsoverflowed="0" regionsstable="0" regionsrebuilding="18"/>
  </mem-info>
</gc-end>
<concurrent-start id="5464" type="GMP work packet processing" contextid="5336" timestamp="2019-06-16T00:36:34.586">
  <concurrent-mark-start scanTarget="1048576" />
</concurrent-start>
<exclusive-end id="5465" timestamp="2019-06-16T00:36:34.586" durationms="0.837" />

<concurrent-end id="5466" type="GMP work packet processing" contextid="5336" timestamp="2019-06-16T00:36:34.587">
  <concurrent-mark-end bytesScanned="1089492" reasonForTermination="Work target met" />
</concurrent-end>

<exclusive-start id="5467" timestamp="2019-06-16T00:36:34.591" intervalms="5.827">
  <response-info timems="0.053" idlems="0.053" threads="0" lastid="0000000001627700" lastname="main" />
</exclusive-start>
<allocation-taxation id="5468" taxation-threshold="11534336" timestamp="2019-06-16T00:36:34.591" intervalms="5.786" />
<cycle-start id="5469" type="partial gc" contextid="0" timestamp="2019-06-16T00:36:34.592" intervalms="13.582" />
<gc-start id="5470" type="partial gc" contextid="5469" timestamp="2019-06-16T00:36:34.592">
  <mem-info id="5471" free="18874368" total="68157440" percent="27">
    <mem type="eden" free="0" total="23068672" percent="0" />
    <remembered-set count="68448" freebytes="2446848" totalbytes="2720640" percent="89" regionsoverflowed="0" regionsstable="0" regionsrebuilding="18"/>
  </mem-info>
</gc-start>
<allocation-stats totalBytes="22915200" >
  <allocated-bytes non-tlh="0" tlh="22915200" arrayletleaf="0"/>
  <largest-consumer threadName="main" threadId="0000000001627700" bytes="11457600" />
</allocation-stats>
<gc-op id="5472" type="copy forward" timems="1.576" contextid="5469" timestamp="2019-06-16T00:36:34.594">
  <memory-copied type="eden" objects="0" bytes="0" bytesdiscarded="0" />
  <memory-copied type="other" objects="0" bytes="0" bytesdiscarded="0" />
  <memory-cardclean objects="10" bytes="424" />
  <regions eden="22" other="0" />
  <remembered-set-cleared processed="66333" cleared="5" durationms="0.473" />
  <stringconstants candidates="13269" cleared="0"  />
</gc-op>
<gc-op id="5473" type="classunload" timems="0.003" contextid="5469" timestamp="2019-06-16T00:36:34.594">
  <classunload-info classloadercandidates="53" classloadersunloaded="0" classesunloaded="0" anonymousclassesunloaded="0" quiescems="0.000" setupms="0.003" scanms="0.000" postms="0.000" />
</gc-op>
<gc-end id="5474" type="partial gc" contextid="5469" durationms="2.799" usertimems="4.000" systemtimems="0.000" timestamp="2019-06-16T00:36:34.595" activeThreads="1">
  <mem-info id="5475" free="41943040" total="68157440" percent="61">
    <remembered-set count="68928" freebytes="2444928" totalbytes="2720640" percent="89" regionsoverflowed="0" regionsstable="0" regionsrebuilding="18"/>
  </mem-info>
</gc-end>
<cycle-end id="5476" type="partial gc" contextid="5469" timestamp="2019-06-16T00:36:34.595" />
  <attribute name="elasticGC enabled" value="1" />
  <attribute name= "numThreadsSpecified" value="1" />
  <attribute name="heapSize specified" value="0" />
  <attribute name="Current GC Util" value="163" />
  <attribute name= "Current Time Running" value="24258" />
  <attribute name ="GC Interval" value="0" />
  <attribute name="ProportionalT" value="214.500000" />
  <attribute name="ProportionalI" value="214.500000" />
  <attribute name="ProportionalH" value="214.500000" />
  <attribute name="Current Error" value="143.000000" />
  <attribute name="IntegralT" value="0.000000" />
  <attribute name="IntegralI" value="0.000000" />
  <attribute name="IntegralH" value="0.000000" />
  <attribute name="DerivativeT" value="inf" />
  <attribute name="DerivativeI" value="inf" />
  <attribute name="DerivativeH" value="inf" />
  <attribute name="Loop Time for DT" value="0.000000" />
  <attribute name="Output H" value="8388608"/>
  <attribute name="Output I" value="200"/>
  <attribute name="Output T" value="1"/>
  <attribute name="Target GC Util Change" value ="20.000000" />
  <attribute name="Current GC Util Change" value="163.000000"/>
  <attribute name="GC Util currently" value="163" />
  <attribute name="CPU Util currently" value="13806616241434" />
<exclusive-end id="5477" timestamp="2019-06-16T00:36:34.595" durationms="3.644" />

<exclusive-start id="5478" timestamp="2019-06-16T00:36:34.599" intervalms="7.748">
  <response-info timems="0.071" idlems="0.071" threads="0" lastid="0000000001627700" lastname="main" />
</exclusive-start>
<allocation-taxation id="5479" taxation-threshold="11534336" timestamp="2019-06-16T00:36:34.599" intervalms="7.757" />
<gc-start id="5480" type="global mark phase" contextid="5336" timestamp="2019-06-16T00:36:34.599">
  <mem-info id="5481" free="30408704" total="68157440" percent="44">
    <remembered-set count="68448" freebytes="2446848" totalbytes="2720640" percent="89" regionsoverflowed="0" regionsstable="0" regionsrebuilding="18"/>
  </mem-info>
</gc-start>
<gc-end id="5482" type="global mark phase" contextid="5336" durationms="0.155" usertimems="0.000" systemtimems="0.000" timestamp="2019-06-16T00:36:34.600" activeThreads="1">
  <mem-info id="5483" free="30408704" total="68157440" percent="44">
    <remembered-set count="68448" freebytes="2446848" totalbytes="2720640" percent="89" regionsoverflowed="0" regionsstable="0" regionsrebuilding="18"/>
  </mem-info>
</gc-end>
<concurrent-start id="5484" type="GMP work packet processing" contextid="5336" timestamp="2019-06-16T00:36:34.600">
  <concurrent-mark-start scanTarget="1048576" />
</concurrent-start>
<exclusive-end id="5485" timestamp="2019-06-16T00:36:34.601" durationms="1.637" />

<concurrent-end id="5486" type="GMP work packet processing" contextid="5336" timestamp="2019-06-16T00:36:34.601">
  <concurrent-mark-end bytesScanned="1085020" reasonForTermination="Work target met" />
</concurrent-end>

<exclusive-start id="5487" timestamp="2019-06-16T00:36:34.605" intervalms="5.746">
  <response-info timems="0.053" idlems="0.053" threads="0" lastid="0000000001627700" lastname="main" />
</exclusive-start>
<allocation-taxation id="5488" taxation-threshold="11534336" timestamp="2019-06-16T00:36:34.605" intervalms="5.740" />
<cycle-start id="5489" type="partial gc" contextid="0" timestamp="2019-06-16T00:36:34.605" intervalms="13.533" />
<gc-start id="5490" type="partial gc" contextid="5489" timestamp="2019-06-16T00:36:34.605">
  <mem-info id="5491" free="18874368" total="68157440" percent="27">
    <mem type="eden" free="0" total="23068672" percent="0" />
    <remembered-set count="75168" freebytes="2419968" totalbytes="2720640" percent="88" regionsoverflowed="0" regionsstable="0" regionsrebuilding="18"/>
  </mem-info>
</gc-start>
<allocation-stats totalBytes="22922064" >
  <allocated-bytes non-tlh="0" tlh="22922064" arrayletleaf="0"/>
  <largest-consumer threadName="main" threadId="0000000001627700" bytes="11462040" />
</allocation-stats>
<gc-op id="5492" type="copy forward" timems="1.639" contextid="5489" timestamp="2019-06-16T00:36:34.608">
  <memory-copied type="eden" objects="1" bytes="24" bytesdiscarded="0" />
  <memory-copied type="other" objects="0" bytes="0" bytesdiscarded="0" />
  <memory-cardclean objects="10" bytes="424" />
  <regions eden="22" other="0" />
  <remembered-set-cleared processed="72905" cleared="5" durationms="0.513" />
  <stringconstants candidates="13269" cleared="0"  />
</gc-op>
<gc-op id="5493" type="classunload" timems="0.004" contextid="5489" timestamp="2019-06-16T00:36:34.608">
  <classunload-info classloadercandidates="53" classloadersunloaded="0" classesunloaded="0" anonymousclassesunloaded="0" quiescems="0.000" setupms="0.004" scanms="0.000" postms="0.000" />
</gc-op>
<gc-end id="5494" type="partial gc" contextid="5489" durationms="2.861" usertimems="4.000" systemtimems="0.000" timestamp="2019-06-16T00:36:34.608" activeThreads="1">
  <mem-info id="5495" free="40894464" total="68157440" percent="60">
    <mem type="eden" free="1048552" total="1048576" percent="99" />
    <remembered-set count="75648" freebytes="2418048" totalbytes="2720640" percent="88" regionsoverflowed="0" regionsstable="0" regionsrebuilding="18"/>
  </mem-info>
</gc-end>
<cycle-end id="5496" type="partial gc" contextid="5489" timestamp="2019-06-16T00:36:34.608" />
  <attribute name="elasticGC enabled" value="1" />
  <attribute name= "numThreadsSpecified" value="1" />
  <attribute name="heapSize specified" value="0" />
  <attribute name="Current GC Util" value="165" />
  <attribute name= "Current Time Running" value="24272" />
  <attribute name ="GC Interval" value="0" />
  <attribute name="ProportionalT" value="217.500000" />
  <attribute name="ProportionalI" value="217.500000" />
  <attribute name="ProportionalH" value="217.500000" />
  <attribute name="Current Error" value="145.000000" />
  <attribute name="IntegralT" value="0.000000" />
  <attribute name="IntegralI" value="0.000000" />
  <attribute name="IntegralH" value="0.000000" />
  <attribute name="DerivativeT" value="inf" />
  <attribute name="DerivativeI" value="inf" />
  <attribute name="DerivativeH" value="inf" />
  <attribute name="Loop Time for DT" value="0.000000" />
  <attribute name="Output H" value="8388608"/>
  <attribute name="Output I" value="200"/>
  <attribute name="Output T" value="1"/>
  <attribute name="Target GC Util Change" value ="20.000000" />
  <attribute name="Current GC Util Change" value="165.000000"/>
  <attribute name="GC Util currently" value="165" />
  <attribute name="CPU Util currently" value="13757520484990" />
<exclusive-end id="5497" timestamp="2019-06-16T00:36:34.608" durationms="3.759" />

<exclusive-start id="5498" timestamp="2019-06-16T00:36:34.613" intervalms="7.877">
  <response-info timems="0.070" idlems="0.070" threads="0" lastid="0000000001627700" lastname="main" />
</exclusive-start>
<allocation-taxation id="5499" taxation-threshold="11534336" timestamp="2019-06-16T00:36:34.613" intervalms="7.924" />
<gc-start id="5500" type="global mark phase" contextid="5336" timestamp="2019-06-16T00:36:34.613">
  <mem-info id="5501" free="29360128" total="68157440" percent="43">
    <remembered-set count="75200" freebytes="2419840" totalbytes="2720640" percent="88" regionsoverflowed="0" regionsstable="0" regionsrebuilding="18"/>
  </mem-info>
</gc-start>
<gc-end id="5502" type="global mark phase" contextid="5336" durationms="0.162" usertimems="0.000" systemtimems="0.000" timestamp="2019-06-16T00:36:34.613" activeThreads="1">
  <mem-info id="5503" free="29360128" total="68157440" percent="43">
    <remembered-set count="75200" freebytes="2419840" totalbytes="2720640" percent="88" regionsoverflowed="0" regionsstable="0" regionsrebuilding="18"/>
  </mem-info>
</gc-end>
<concurrent-start id="5504" type="GMP work packet processing" contextid="5336" timestamp="2019-06-16T00:36:34.613">
  <concurrent-mark-start scanTarget="1048576" />
</concurrent-start>
<exclusive-end id="5505" timestamp="2019-06-16T00:36:34.613" durationms="0.765" />

<concurrent-end id="5506" type="GMP work packet processing" contextid="5336" timestamp="2019-06-16T00:36:34.614">
  <concurrent-mark-end bytesScanned="1081144" reasonForTermination="Work target met" />
</concurrent-end>

<exclusive-start id="5507" timestamp="2019-06-16T00:36:34.618" intervalms="5.617">
  <response-info timems="0.071" idlems="0.071" threads="0" lastid="0000000001627700" lastname="main" />
</exclusive-start>
<allocation-taxation id="5508" taxation-threshold="11534336" timestamp="2019-06-16T00:36:34.618" intervalms="5.565" />
<cycle-start id="5509" type="partial gc" contextid="0" timestamp="2019-06-16T00:36:34.619" intervalms="13.531" />
<gc-start id="5510" type="partial gc" contextid="5509" timestamp="2019-06-16T00:36:34.619">
  <mem-info id="5511" free="17825792" total="68157440" percent="26">
    <mem type="eden" free="1048552" total="24117248" percent="4" />
    <remembered-set count="81888" freebytes="2393088" totalbytes="2720640" percent="87" regionsoverflowed="0" regionsstable="0" regionsrebuilding="18"/>
  </mem-info>
</gc-start>
<allocation-stats totalBytes="22924056" >
  <allocated-bytes non-tlh="0" tlh="22924056" arrayletleaf="0"/>
  <largest-consumer threadName="main" threadId="0000000001627700" bytes="11462016" />
</allocation-stats>
<gc-op id="5512" type="copy forward" timems="1.651" contextid="5509" timestamp="2019-06-16T00:36:34.621">
  <memory-copied type="eden" objects="1" bytes="24" bytesdiscarded="0" />
  <memory-copied type="other" objects="0" bytes="0" bytesdiscarded="0" />
  <memory-cardclean objects="10" bytes="424" />
  <regions eden="22" other="1" />
  <remembered-set-cleared processed="79872" cleared="6" durationms="0.540" />
  <stringconstants candidates="13269" cleared="0"  />
</gc-op>
<gc-op id="5513" type="classunload" timems="0.004" contextid="5509" timestamp="2019-06-16T00:36:34.621">
  <classunload-info classloadercandidates="53" classloadersunloaded="0" classesunloaded="0" anonymousclassesunloaded="0" quiescems="0.000" setupms="0.003" scanms="0.000" postms="0.000" />
</gc-op>
<gc-end id="5514" type="partial gc" contextid="5509" durationms="2.812" usertimems="4.000" systemtimems="0.000" timestamp="2019-06-16T00:36:34.622" activeThreads="1">
  <mem-info id="5515" free="40894464" total="68157440" percent="60">
    <mem type="eden" free="1048552" total="1048576" percent="99" />
    <remembered-set count="82336" freebytes="2391296" totalbytes="2720640" percent="87" regionsoverflowed="0" regionsstable="0" regionsrebuilding="18"/>
  </mem-info>
</gc-end>
<cycle-end id="5516" type="partial gc" contextid="5509" timestamp="2019-06-16T00:36:34.622" />
  <attribute name="elasticGC enabled" value="1" />
  <attribute name= "numThreadsSpecified" value="1" />
  <attribute name="heapSize specified" value="0" />
  <attribute name="Current GC Util" value="160" />
  <attribute name= "Current Time Running" value="24285" />
  <attribute name ="GC Interval" value="0" />
  <attribute name="ProportionalT" value="210.000000" />
  <attribute name="ProportionalI" value="210.000000" />
  <attribute name="ProportionalH" value="210.000000" />
  <attribute name="Current Error" value="140.000000" />
  <attribute name="IntegralT" value="0.000000" />
  <attribute name="IntegralI" value="0.000000" />
  <attribute name="IntegralH" value="0.000000" />
  <attribute name="DerivativeT" value="inf" />
  <attribute name="DerivativeI" value="inf" />
  <attribute name="DerivativeH" value="inf" />
  <attribute name="Loop Time for DT" value="0.000000" />
  <attribute name="Output H" value="8388608"/>
  <attribute name="Output I" value="200"/>
  <attribute name="Output T" value="1"/>
  <attribute name="Target GC Util Change" value ="20.000000" />
  <attribute name="Current GC Util Change" value="160.000000"/>
  <attribute name="GC Util currently" value="160" />
  <attribute name="CPU Util currently" value="13258066802756" />
<exclusive-end id="5517" timestamp="2019-06-16T00:36:34.622" durationms="3.708" />

<exclusive-start id="5518" timestamp="2019-06-16T00:36:34.626" intervalms="7.805">
  <response-info timems="0.068" idlems="0.068" threads="0" lastid="0000000001627700" lastname="main" />
</exclusive-start>
<allocation-taxation id="5519" taxation-threshold="11534336" timestamp="2019-06-16T00:36:34.626" intervalms="7.802" />
<gc-start id="5520" type="global mark phase" contextid="5336" timestamp="2019-06-16T00:36:34.626">
  <mem-info id="5521" free="29360128" total="68157440" percent="43">
    <remembered-set count="81888" freebytes="2393088" totalbytes="2720640" percent="87" regionsoverflowed="0" regionsstable="0" regionsrebuilding="18"/>
  </mem-info>
</gc-start>
<gc-end id="5522" type="global mark phase" contextid="5336" durationms="0.159" usertimems="0.000" systemtimems="0.000" timestamp="2019-06-16T00:36:34.627" activeThreads="1">
  <mem-info id="5523" free="29360128" total="68157440" percent="43">
    <remembered-set count="81888" freebytes="2393088" totalbytes="2720640" percent="87" regionsoverflowed="0" regionsstable="0" regionsrebuilding="18"/>
  </mem-info>
</gc-end>
<concurrent-start id="5524" type="GMP work packet processing" contextid="5336" timestamp="2019-06-16T00:36:34.627">
  <concurrent-mark-start scanTarget="1048576" />
</concurrent-start>
<exclusive-end id="5525" timestamp="2019-06-16T00:36:34.627" durationms="0.728" />

<exclusive-start id="5526" timestamp="2019-06-16T00:36:34.632" intervalms="5.614">
  <response-info timems="0.088" idlems="0.088" threads="0" lastid="0000000001627700" lastname="main" />
</exclusive-start>
<concurrent-end id="5527" type="GMP work packet processing" contextid="5336" timestamp="2019-06-16T00:36:34.632">
  <concurrent-mark-end bytesScanned="1090500" reasonForTermination="Work target met" />
</concurrent-end>

<allocation-taxation id="5528" taxation-threshold="11534336" timestamp="2019-06-16T00:36:34.632" intervalms="5.639" />
<cycle-start id="5529" type="partial gc" contextid="0" timestamp="2019-06-16T00:36:34.632" intervalms="13.432" />
<gc-start id="5530" type="partial gc" contextid="5529" timestamp="2019-06-16T00:36:34.632">
  <mem-info id="5531" free="17825792" total="68157440" percent="26">
    <mem type="eden" free="1048552" total="24117248" percent="4" />
    <remembered-set count="97376" freebytes="2331136" totalbytes="2720640" percent="85" regionsoverflowed="0" regionsstable="0" regionsrebuilding="18"/>
  </mem-info>
</gc-start>
<allocation-stats totalBytes="22924080" >
  <allocated-bytes non-tlh="0" tlh="22924080" arrayletleaf="0"/>
  <largest-consumer threadName="main" threadId="0000000001627700" bytes="11462040" />
</allocation-stats>
<gc-op id="5532" type="copy forward" timems="3.653" contextid="5529" timestamp="2019-06-16T00:36:34.637">
  <memory-copied type="eden" objects="1" bytes="24" bytesdiscarded="0" />
  <memory-copied type="other" objects="0" bytes="0" bytesdiscarded="0" />
  <memory-cardclean objects="10" bytes="424" />
  <regions eden="22" other="1" />
  <remembered-set-cleared processed="95328" cleared="6" durationms="0.321" />
  <stringconstants candidates="13269" cleared="0"  />
</gc-op>
<gc-op id="5533" type="classunload" timems="0.004" contextid="5529" timestamp="2019-06-16T00:36:34.637">
  <classunload-info classloadercandidates="53" classloadersunloaded="0" classesunloaded="0" anonymousclassesunloaded="0" quiescems="0.000" setupms="0.004" scanms="0.000" postms="0.000" />
</gc-op>
<gc-end id="5534" type="partial gc" contextid="5529" durationms="4.639" usertimems="8.000" systemtimems="0.000" timestamp="2019-06-16T00:36:34.637" activeThreads="4">
  <mem-info id="5535" free="40894464" total="68157440" percent="60">
    <mem type="eden" free="1048552" total="1048576" percent="99" />
    <remembered-set count="97344" freebytes="2331264" totalbytes="2720640" percent="85" regionsoverflowed="0" regionsstable="0" regionsrebuilding="18"/>
  </mem-info>
</gc-end>
<cycle-end id="5536" type="partial gc" contextid="5529" timestamp="2019-06-16T00:36:34.637" />
  <attribute name="elasticGC enabled" value="1" />
  <attribute name= "numThreadsSpecified" value="4" />
  <attribute name="heapSize specified" value="0" />
  <attribute name="Current GC Util" value="166" />
  <attribute name= "Current Time Running" value="24299" />
  <attribute name ="GC Interval" value="0" />
  <attribute name="ProportionalT" value="219.000000" />
  <attribute name="ProportionalI" value="219.000000" />
  <attribute name="ProportionalH" value="219.000000" />
  <attribute name="Current Error" value="146.000000" />
  <attribute name="IntegralT" value="146.000000" />
  <attribute name="IntegralI" value="146.000000" />
  <attribute name="IntegralH" value="146.000000" />
  <attribute name="DerivativeT" value="53.500000" />
  <attribute name="DerivativeI" value="53.500000" />
  <attribute name="DerivativeH" value="53.500000" />
  <attribute name="Loop Time for DT" value="1.000000" />
  <attribute name="Output H" value="8388608"/>
  <attribute name="Output I" value="424"/>
  <attribute name="Output T" value="4"/>
  <attribute name="Target GC Util Change" value ="20.000000" />
  <attribute name="Current GC Util Change" value="166.000000"/>
  <attribute name="GC Util currently" value="166" />
  <attribute name="CPU Util currently" value="13711095851931" />
<exclusive-end id="5537" timestamp="2019-06-16T00:36:34.637" durationms="5.515" />

<exclusive-start id="5538" timestamp="2019-06-16T00:36:34.641" intervalms="9.618">
  <response-info timems="0.070" idlems="0.070" threads="0" lastid="0000000001627700" lastname="main" />
</exclusive-start>
<allocation-taxation id="5539" taxation-threshold="11534336" timestamp="2019-06-16T00:36:34.641" intervalms="9.635" />
<gc-start id="5540" type="global mark phase" contextid="5336" timestamp="2019-06-16T00:36:34.642">
  <mem-info id="5541" free="29360128" total="68157440" percent="43">
    <remembered-set count="97344" freebytes="2331264" totalbytes="2720640" percent="85" regionsoverflowed="0" regionsstable="0" regionsrebuilding="18"/>
  </mem-info>
</gc-start>
<gc-end id="5542" type="global mark phase" contextid="5336" durationms="0.156" usertimems="0.000" systemtimems="0.000" timestamp="2019-06-16T00:36:34.642" activeThreads="4">
  <mem-info id="5543" free="29360128" total="68157440" percent="43">
    <remembered-set count="97344" freebytes="2331264" totalbytes="2720640" percent="85" regionsoverflowed="0" regionsstable="0" regionsrebuilding="18"/>
  </mem-info>
</gc-end>
<concurrent-start id="5544" type="GMP work packet processing" contextid="5336" timestamp="2019-06-16T00:36:34.642">
  <concurrent-mark-start scanTarget="1048576" />
</concurrent-start>
<exclusive-end id="5545" timestamp="2019-06-16T00:36:34.642" durationms="0.821" />

<concurrent-end id="5546" type="GMP work packet processing" contextid="5336" timestamp="2019-06-16T00:36:34.643">
  <concurrent-mark-end bytesScanned="1099132" reasonForTermination="Work target met" />
</concurrent-end>

<exclusive-start id="5547" timestamp="2019-06-16T00:36:34.647" intervalms="5.771">
  <response-info timems="0.069" idlems="0.069" threads="0" lastid="0000000001627700" lastname="main" />
</exclusive-start>
<allocation-taxation id="5548" taxation-threshold="11534336" timestamp="2019-06-16T00:36:34.647" intervalms="5.735" />
<cycle-start id="5549" type="partial gc" contextid="0" timestamp="2019-06-16T00:36:34.647" intervalms="15.344" />
<gc-start id="5550" type="partial gc" contextid="5549" timestamp="2019-06-16T00:36:34.648">
  <mem-info id="5551" free="17825792" total="68157440" percent="26">
    <mem type="eden" free="1048552" total="24117248" percent="4" />
    <remembered-set count="106112" freebytes="2296192" totalbytes="2720640" percent="84" regionsoverflowed="0" regionsstable="0" regionsrebuilding="18"/>
  </mem-info>
</gc-start>
<allocation-stats totalBytes="22924080" >
  <allocated-bytes non-tlh="0" tlh="22924080" arrayletleaf="0"/>
  <largest-consumer threadName="main" threadId="0000000001627700" bytes="11462040" />
</allocation-stats>
<gc-op id="5552" type="copy forward" timems="1.779" contextid="5549" timestamp="2019-06-16T00:36:34.650">
  <memory-copied type="eden" objects="1" bytes="24" bytesdiscarded="0" />
  <memory-copied type="other" objects="0" bytes="0" bytesdiscarded="0" />
  <memory-cardclean objects="10" bytes="424" />
  <regions eden="22" other="1" />
  <remembered-set-cleared processed="103907" cleared="6" durationms="0.665" />
  <stringconstants candidates="13269" cleared="0"  />
</gc-op>
<gc-op id="5553" type="classunload" timems="0.003" contextid="5549" timestamp="2019-06-16T00:36:34.650">
  <classunload-info classloadercandidates="53" classloadersunloaded="0" classesunloaded="0" anonymousclassesunloaded="0" quiescems="0.000" setupms="0.003" scanms="0.000" postms="0.000" />
</gc-op>
<gc-end id="5554" type="partial gc" contextid="5549" durationms="2.966" usertimems="4.000" systemtimems="0.000" timestamp="2019-06-16T00:36:34.651" activeThreads="1">
  <mem-info id="5555" free="40894464" total="68157440" percent="60">
    <mem type="eden" free="1048552" total="1048576" percent="99" />
    <remembered-set count="106560" freebytes="2294400" totalbytes="2720640" percent="84" regionsoverflowed="0" regionsstable="0" regionsrebuilding="18"/>
  </mem-info>
</gc-end>
<cycle-end id="5556" type="partial gc" contextid="5549" timestamp="2019-06-16T00:36:34.651" />
  <attribute name="elasticGC enabled" value="1" />
  <attribute name= "numThreadsSpecified" value="1" />
  <attribute name="heapSize specified" value="0" />
  <attribute name="Current GC Util" value="164" />
  <attribute name= "Current Time Running" value="24314" />
  <attribute name ="GC Interval" value="0" />
  <attribute name="ProportionalT" value="216.000000" />
  <attribute name="ProportionalI" value="216.000000" />
  <attribute name="ProportionalH" value="216.000000" />
  <attribute name="Current Error" value="144.000000" />
  <attribute name="IntegralT" value="0.000000" />
  <attribute name="IntegralI" value="0.000000" />
  <attribute name="IntegralH" value="0.000000" />
  <attribute name="DerivativeT" value="inf" />
  <attribute name="DerivativeI" value="inf" />
  <attribute name="DerivativeH" value="inf" />
  <attribute name="Loop Time for DT" value="0.000000" />
  <attribute name="Output H" value="8388608"/>
  <attribute name="Output I" value="200"/>
  <attribute name="Output T" value="1"/>
  <attribute name="Target GC Util Change" value ="20.000000" />
  <attribute name="Current GC Util Change" value="164.000000"/>
  <attribute name="GC Util currently" value="164" />
  <attribute name="CPU Util currently" value="13683553563484" />
<exclusive-end id="5557" timestamp="2019-06-16T00:36:34.651" durationms="3.824" />

<exclusive-start id="5558" timestamp="2019-06-16T00:36:34.655" intervalms="7.931">
  <response-info timems="0.078" idlems="0.078" threads="0" lastid="0000000001627700" lastname="main" />
</exclusive-start>
<allocation-taxation id="5559" taxation-threshold="11534336" timestamp="2019-06-16T00:36:34.655" intervalms="7.972" />
<gc-start id="5560" type="global mark phase" contextid="5336" timestamp="2019-06-16T00:36:34.655">
  <mem-info id="5561" free="29360128" total="68157440" percent="43">
    <remembered-set count="106112" freebytes="2296192" totalbytes="2720640" percent="84" regionsoverflowed="0" regionsstable="0" regionsrebuilding="18"/>
  </mem-info>
</gc-start>
<gc-end id="5562" type="global mark phase" contextid="5336" durationms="0.140" usertimems="0.000" systemtimems="0.000" timestamp="2019-06-16T00:36:34.655" activeThreads="1">
  <mem-info id="5563" free="29360128" total="68157440" percent="43">
    <remembered-set count="106112" freebytes="2296192" totalbytes="2720640" percent="84" regionsoverflowed="0" regionsstable="0" regionsrebuilding="18"/>
  </mem-info>
</gc-end>
<concurrent-start id="5564" type="GMP work packet processing" contextid="5336" timestamp="2019-06-16T00:36:34.656">
  <concurrent-mark-start scanTarget="1048576" />
</concurrent-start>
<exclusive-end id="5565" timestamp="2019-06-16T00:36:34.656" durationms="0.841" />

<concurrent-end id="5566" type="GMP work packet processing" contextid="5336" timestamp="2019-06-16T00:36:34.657">
  <concurrent-mark-end bytesScanned="941428" reasonForTermination="Completed all work in GC phase" />
</concurrent-end>

<exclusive-start id="5567" timestamp="2019-06-16T00:36:34.661" intervalms="5.714">
  <response-info timems="0.066" idlems="0.066" threads="0" lastid="0000000001627700" lastname="main" />
</exclusive-start>
<allocation-taxation id="5568" taxation-threshold="11534336" timestamp="2019-06-16T00:36:34.661" intervalms="5.647" />
<cycle-start id="5569" type="partial gc" contextid="0" timestamp="2019-06-16T00:36:34.661" intervalms="13.606" />
<gc-start id="5570" type="partial gc" contextid="5569" timestamp="2019-06-16T00:36:34.661">
  <mem-info id="5571" free="17825792" total="68157440" percent="26">
    <mem type="eden" free="1048552" total="24117248" percent="4" />
    <remembered-set count="112800" freebytes="2269440" totalbytes="2720640" percent="83" regionsoverflowed="0" regionsstable="0" regionsrebuilding="18"/>
  </mem-info>
</gc-start>
<allocation-stats totalBytes="22924056" >
  <allocated-bytes non-tlh="0" tlh="22924056" arrayletleaf="0"/>
  <largest-consumer threadName="main" threadId="0000000001627700" bytes="11462040" />
</allocation-stats>
<gc-op id="5572" type="copy forward" timems="1.737" contextid="5569" timestamp="2019-06-16T00:36:34.664">
  <memory-copied type="eden" objects="1" bytes="24" bytesdiscarded="0" />
  <memory-copied type="other" objects="0" bytes="0" bytesdiscarded="0" />
  <memory-cardclean objects="10" bytes="424" />
  <regions eden="22" other="1" />
  <remembered-set-cleared processed="110286" cleared="6" durationms="0.707" />
  <stringconstants candidates="13269" cleared="0"  />
</gc-op>
<gc-op id="5573" type="classunload" timems="0.004" contextid="5569" timestamp="2019-06-16T00:36:34.664">
  <classunload-info classloadercandidates="53" classloadersunloaded="0" classesunloaded="0" anonymousclassesunloaded="0" quiescems="0.000" setupms="0.004" scanms="0.000" postms="0.000" />
</gc-op>
<gc-end id="5574" type="partial gc" contextid="5569" durationms="2.871" usertimems="4.000" systemtimems="0.000" timestamp="2019-06-16T00:36:34.664" activeThreads="1">
  <mem-info id="5575" free="40894464" total="68157440" percent="60">
    <mem type="eden" free="1048552" total="1048576" percent="99" />
    <remembered-set count="113248" freebytes="2267648" totalbytes="2720640" percent="83" regionsoverflowed="0" regionsstable="0" regionsrebuilding="18"/>
  </mem-info>
</gc-end>
<cycle-end id="5576" type="partial gc" contextid="5569" timestamp="2019-06-16T00:36:34.664" />
  <attribute name="elasticGC enabled" value="1" />
  <attribute name= "numThreadsSpecified" value="1" />
  <attribute name="heapSize specified" value="0" />
  <attribute name="Current GC Util" value="161" />
  <attribute name= "Current Time Running" value="24328" />
  <attribute name ="GC Interval" value="0" />
  <attribute name="ProportionalT" value="211.500000" />
  <attribute name="ProportionalI" value="211.500000" />
  <attribute name="ProportionalH" value="211.500000" />
  <attribute name="Current Error" value="141.000000" />
  <attribute name="IntegralT" value="0.000000" />
  <attribute name="IntegralI" value="0.000000" />
  <attribute name="IntegralH" value="0.000000" />
  <attribute name="DerivativeT" value="inf" />
  <attribute name="DerivativeI" value="inf" />
  <attribute name="DerivativeH" value="inf" />
  <attribute name="Loop Time for DT" value="0.000000" />
  <attribute name="Output H" value="8388608"/>
  <attribute name="Output I" value="200"/>
  <attribute name="Output T" value="1"/>
  <attribute name="Target GC Util Change" value ="20.000000" />
  <attribute name="Current GC Util Change" value="161.000000"/>
  <attribute name="GC Util currently" value="161" />
  <attribute name="CPU Util currently" value="13128532749622" />
<exclusive-end id="5577" timestamp="2019-06-16T00:36:34.664" durationms="3.713" />

<exclusive-start id="5578" timestamp="2019-06-16T00:36:34.669" intervalms="7.855">
  <response-info timems="0.068" idlems="0.068" threads="0" lastid="0000000001627700" lastname="main" />
</exclusive-start>
<allocation-taxation id="5579" taxation-threshold="11534336" timestamp="2019-06-16T00:36:34.669" intervalms="7.928" />
<gc-start id="5580" type="global mark phase" contextid="5336" timestamp="2019-06-16T00:36:34.669">
  <mem-info id="5581" free="29360128" total="68157440" percent="43">
    <remembered-set count="112800" freebytes="2269440" totalbytes="2720640" percent="83" regionsoverflowed="0" regionsstable="0" regionsrebuilding="18"/>
  </mem-info>
</gc-start>
<gc-op id="5582" type="mark increment" timems="4.387" contextid="5336" timestamp="2019-06-16T00:36:34.673">
  <trace-info objectcount="27" scancount="25" scanbytes="344800" />
  <cardclean-info objects="49677" bytes="1699432" />
  <finalization candidates="80" enqueued="0" />
  <ownableSynchronizers candidates="21" cleared="0" />
  <references type="soft" candidates="1851" cleared="2" enqueued="2" dynamicThreshold="19" maxThreshold="32" />
  <references type="weak" candidates="5726" cleared="0" enqueued="0" />
  <references type="phantom" candidates="101" cleared="0" enqueued="0" />
  <stringconstants candidates="13269" cleared="0"  />
</gc-op>
<gc-op id="5583" type="classunload" timems="0.004" contextid="5336" timestamp="2019-06-16T00:36:34.674">
  <classunload-info classloadercandidates="53" classloadersunloaded="0" classesunloaded="0" anonymousclassesunloaded="0" quiescems="0.000" setupms="0.004" scanms="0.000" postms="0.000" />
</gc-op>
<gc-end id="5584" type="global mark phase" contextid="5336" durationms="4.945" usertimems="8.000" systemtimems="0.000" timestamp="2019-06-16T00:36:34.674" activeThreads="4">
  <mem-info id="5585" free="29360128" total="68157440" percent="43">
    <pending-finalizers system="0" default="0" reference="2" classloader="0" />
    <remembered-set count="124576" freebytes="2222336" totalbytes="2720640" percent="81" regionsoverflowed="0" regionsstable="0" regionsrebuilding="0"/>
  </mem-info>
</gc-end>
<cycle-end id="5586" type="global mark phase" contextid="5336" timestamp="2019-06-16T00:36:34.674" />
  <attribute name="elasticGC enabled" value="1" />
  <attribute name= "numThreadsSpecified" value="4" />
  <attribute name="heapSize specified" value="0" />
  <attribute name="Current GC Util" value="175" />
  <attribute name= "Current Time Running" value="24338" />
  <attribute name ="GC Interval" value="0" />
  <attribute name="ProportionalT" value="232.500000" />
  <attribute name="ProportionalI" value="232.500000" />
  <attribute name="ProportionalH" value="232.500000" />
  <attribute name="Current Error" value="155.000000" />
  <attribute name="IntegralT" value="155.000000" />
  <attribute name="IntegralI" value="155.000000" />
  <attribute name="IntegralH" value="155.000000" />
  <attribute name="DerivativeT" value="-28.000000" />
  <attribute name="DerivativeI" value="-28.000000" />
  <attribute name="DerivativeH" value="-28.000000" />
  <attribute name="Loop Time for DT" value="1.000000" />
  <attribute name="Output H" value="8388608"/>
  <attribute name="Output I" value="360"/>
  <attribute name="Output T" value="4"/>
  <attribute name="Target GC Util Change" value ="20.000000" />
  <attribute name="Current GC Util Change" value="175.000000"/>
  <attribute name="GC Util currently" value="175" />
  <attribute name="CPU Util currently" value="9595904101148" />
<exclusive-end id="5587" timestamp="2019-06-16T00:36:34.674" durationms="5.655" />

<exclusive-start id="5588" timestamp="2019-06-16T00:36:34.678" intervalms="9.741">
  <response-info timems="0.070" idlems="0.070" threads="0" lastid="0000000001627700" lastname="main" />
</exclusive-start>
<allocation-taxation id="5589" taxation-threshold="11534336" timestamp="2019-06-16T00:36:34.678" intervalms="9.738" />
<cycle-start id="5590" type="partial gc" contextid="0" timestamp="2019-06-16T00:36:34.679" intervalms="17.691" />
<gc-start id="5591" type="partial gc" contextid="5590" timestamp="2019-06-16T00:36:34.679">
  <mem-info id="5592" free="17825792" total="68157440" percent="26">
    <mem type="eden" free="1048552" total="24117248" percent="4" />
    <remembered-set count="95008" freebytes="2340608" totalbytes="2720640" percent="86" regionsoverflowed="0" regionsstable="10" regionsrebuilding="0"/>
  </mem-info>
</gc-start>
<allocation-stats totalBytes="22924080" >
  <allocated-bytes non-tlh="0" tlh="22924080" arrayletleaf="0"/>
  <largest-consumer threadName="main" threadId="0000000001627700" bytes="11462040" />
</allocation-stats>
<gc-op id="5593" type="sweep" timems="1.078" contextid="5590" timestamp="2019-06-16T00:36:34.680" />
<gc-op id="5594" type="copy forward" timems="1.522" contextid="5590" timestamp="2019-06-16T00:36:34.683">
  <memory-copied type="eden" objects="1" bytes="24" bytesdiscarded="0" />
  <memory-copied type="other" objects="0" bytes="0" bytesdiscarded="0" />
  <memory-cardclean objects="24" bytes="1416" />
  <regions eden="11" other="1" />
  <remembered-set-cleared processed="92952" cleared="22" durationms="0.648" />
  <stringconstants candidates="13269" cleared="0"  />
</gc-op>
<gc-op id="5595" type="classunload" timems="0.004" contextid="5590" timestamp="2019-06-16T00:36:34.683">
  <classunload-info classloadercandidates="53" classloadersunloaded="0" classesunloaded="0" anonymousclassesunloaded="0" quiescems="0.000" setupms="0.004" scanms="0.000" postms="0.000" />
</gc-op>
<gc-end id="5596" type="partial gc" contextid="5590" durationms="4.183" usertimems="4.000" systemtimems="4.000" timestamp="2019-06-16T00:36:34.683" activeThreads="1">
  <mem-info id="5597" free="40894464" total="68157440" percent="60">
    <mem type="eden" free="1048552" total="1048576" percent="99" />
    <remembered-set count="95488" freebytes="2338688" totalbytes="2720640" percent="85" regionsoverflowed="0" regionsstable="10" regionsrebuilding="0"/>
  </mem-info>
</gc-end>
<cycle-end id="5598" type="partial gc" contextid="5590" timestamp="2019-06-16T00:36:34.683" />
  <attribute name="elasticGC enabled" value="1" />
  <attribute name= "numThreadsSpecified" value="1" />
  <attribute name="heapSize specified" value="0" />
  <attribute name="Current GC Util" value="162" />
  <attribute name= "Current Time Running" value="24347" />
  <attribute name ="GC Interval" value="0" />
  <attribute name="ProportionalT" value="213.000000" />
  <attribute name="ProportionalI" value="213.000000" />
  <attribute name="ProportionalH" value="213.000000" />
  <attribute name="Current Error" value="142.000000" />
  <attribute name="IntegralT" value="0.000000" />
  <attribute name="IntegralI" value="0.000000" />
  <attribute name="IntegralH" value="0.000000" />
  <attribute name="DerivativeT" value="inf" />
  <attribute name="DerivativeI" value="inf" />
  <attribute name="DerivativeH" value="inf" />
  <attribute name="Loop Time for DT" value="0.000000" />
  <attribute name="Output H" value="8388608"/>
  <attribute name="Output I" value="200"/>
  <attribute name="Output T" value="1"/>
  <attribute name="Target GC Util Change" value ="20.000000" />
  <attribute name="Current GC Util Change" value="162.000000"/>
  <attribute name="GC Util currently" value="162" />
  <attribute name="CPU Util currently" value="13245082171766" />
<exclusive-end id="5599" timestamp="2019-06-16T00:36:34.683" durationms="5.109" />

<exclusive-start id="5600" timestamp="2019-06-16T00:36:34.692" intervalms="13.459">
  <response-info timems="0.073" idlems="0.073" threads="0" lastid="0000000001627700" lastname="main" />
</exclusive-start>
<allocation-taxation id="5601" taxation-threshold="24117248" timestamp="2019-06-16T00:36:34.692" intervalms="13.453" />
<cycle-start id="5602" type="partial gc" contextid="0" timestamp="2019-06-16T00:36:34.692" intervalms="13.440" />
<gc-start id="5603" type="partial gc" contextid="5602" timestamp="2019-06-16T00:36:34.692">
  <mem-info id="5604" free="16777216" total="68157440" percent="24">
    <mem type="eden" free="1048552" total="25165824" percent="4" />
    <remembered-set count="95008" freebytes="2340608" totalbytes="2720640" percent="86" regionsoverflowed="0" regionsstable="10" regionsrebuilding="0"/>
  </mem-info>
</gc-start>
<allocation-stats totalBytes="23966064" >
  <allocated-bytes non-tlh="0" tlh="23966064" arrayletleaf="0"/>
  <largest-consumer threadName="main" threadId="0000000001627700" bytes="23966064" />
</allocation-stats>
<gc-op id="5605" type="copy forward" timems="4.434" contextid="5602" timestamp="2019-06-16T00:36:34.698">
  <memory-copied type="eden" objects="1" bytes="24" bytesdiscarded="0" />
  <memory-copied type="other" objects="32831" bytes="813424" bytesdiscarded="0" />
  <memory-cardclean objects="7201" bytes="333328" />
  <regions eden="23" other="8" />
  <remembered-set-cleared processed="92293" cleared="2587" durationms="0.640" />
  <references type="soft" candidates="10" cleared="0" enqueued="0" dynamicThreshold="19" maxThreshold="32" />
  <references type="weak" candidates="147" cleared="0" enqueued="0" />
  <stringconstants candidates="13269" cleared="0"  />
</gc-op>
<gc-op id="5606" type="classunload" timems="0.004" contextid="5602" timestamp="2019-06-16T00:36:34.698">
  <classunload-info classloadercandidates="53" classloadersunloaded="0" classesunloaded="0" anonymousclassesunloaded="0" quiescems="0.000" setupms="0.004" scanms="0.000" postms="0.000" />
</gc-op>
<heap-resize id="5607" type="contract" space="default" amount="4194304" count="1" timems="0.358" reason="excess free space following gc" timestamp="2019-06-16T00:36:34.698" />
<gc-end id="5608" type="partial gc" contextid="5602" durationms="6.094" usertimems="4.000" systemtimems="0.000" timestamp="2019-06-16T00:36:34.698" activeThreads="1">
  <mem-info id="5609" free="41943040" total="63963136" percent="65">
    <mem type="eden" free="1048552" total="1048576" percent="99" />
    <remembered-set count="93728" freebytes="2345728" totalbytes="2720640" percent="86" regionsoverflowed="0" regionsstable="10" regionsrebuilding="0"/>
  </mem-info>
</gc-end>
<cycle-end id="5610" type="partial gc" contextid="5602" timestamp="2019-06-16T00:36:34.699" />
  <attribute name="elasticGC enabled" value="1" />
  <attribute name= "numThreadsSpecified" value="1" />
  <attribute name="heapSize specified" value="0" />
  <attribute name="Current GC Util" value="283" />
  <attribute name= "Current Time Running" value="24359" />
  <attribute name ="GC Interval" value="0" />
  <attribute name="ProportionalT" value="394.500000" />
  <attribute name="ProportionalI" value="394.500000" />
  <attribute name="ProportionalH" value="394.500000" />
  <attribute name="Current Error" value="263.000000" />
  <attribute name="IntegralT" value="0.000000" />
  <attribute name="IntegralI" value="0.000000" />
  <attribute name="IntegralH" value="0.000000" />
  <attribute name="DerivativeT" value="inf" />
  <attribute name="DerivativeI" value="inf" />
  <attribute name="DerivativeH" value="inf" />
  <attribute name="Loop Time for DT" value="0.000000" />
  <attribute name="Output H" value="8388608"/>
  <attribute name="Output I" value="200"/>
  <attribute name="Output T" value="1"/>
  <attribute name="Target GC Util Change" value ="20.000000" />
  <attribute name="Current GC Util Change" value="283.000000"/>
  <attribute name="GC Util currently" value="283" />
  <attribute name="CPU Util currently" value="13408051645895" />
<exclusive-end id="5611" timestamp="2019-06-16T00:36:34.699" durationms="7.001" />

<exclusive-start id="5612" timestamp="2019-06-16T00:36:34.707" intervalms="14.948">
  <response-info timems="0.055" idlems="0.055" threads="0" lastid="0000000001627700" lastname="main" />
</exclusive-start>
<allocation-taxation id="5613" taxation-threshold="23068672" timestamp="2019-06-16T00:36:34.707" intervalms="14.889" />
<cycle-start id="5614" type="partial gc" contextid="0" timestamp="2019-06-16T00:36:34.707" intervalms="14.955" />
<gc-start id="5615" type="partial gc" contextid="5614" timestamp="2019-06-16T00:36:34.707">
  <mem-info id="5616" free="18874368" total="63963136" percent="29">
    <mem type="eden" free="1048552" total="24117248" percent="4" />
    <remembered-set count="93408" freebytes="2347008" totalbytes="2720640" percent="86" regionsoverflowed="0" regionsstable="10" regionsrebuilding="0"/>
  </mem-info>
</gc-start>
<allocation-stats totalBytes="22924080" >
  <allocated-bytes non-tlh="0" tlh="22924080" arrayletleaf="0"/>
  <largest-consumer threadName="main" threadId="0000000001627700" bytes="22924080" />
</allocation-stats>
<gc-op id="5617" type="copy forward" timems="7.905" contextid="5614" timestamp="2019-06-16T00:36:34.716">
  <memory-copied type="eden" objects="1" bytes="24" bytesdiscarded="0" />
  <memory-copied type="other" objects="25" bytes="1880" bytesdiscarded="0" />
  <memory-cardclean objects="112614" bytes="3975744" />
  <regions eden="22" other="2" />
  <remembered-set-cleared processed="59551" cleared="30853" durationms="0.674" />
  <stringconstants candidates="13269" cleared="0"  />
</gc-op>
<gc-op id="5618" type="classunload" timems="0.004" contextid="5614" timestamp="2019-06-16T00:36:34.716">
  <classunload-info classloadercandidates="53" classloadersunloaded="0" classesunloaded="0" anonymousclassesunloaded="0" quiescems="0.000" setupms="0.004" scanms="0.000" postms="0.000" />
</gc-op>
<heap-resize id="5619" type="contract" space="default" amount="4194304" count="1" timems="0.333" reason="excess free space following gc" timestamp="2019-06-16T00:36:34.717" />
<gc-end id="5620" type="partial gc" contextid="5614" durationms="9.829" usertimems="8.000" systemtimems="0.000" timestamp="2019-06-16T00:36:34.717" activeThreads="1">
  <mem-info id="5621" free="37748736" total="59768832" percent="63">
    <mem type="eden" free="1048552" total="1048576" percent="99" />
    <remembered-set count="45056" freebytes="2372992" totalbytes="2553216" percent="92" regionsoverflowed="0" regionsstable="10" regionsrebuilding="0"/>
  </mem-info>
</gc-end>
<cycle-end id="5622" type="partial gc" contextid="5614" timestamp="2019-06-16T00:36:34.717" />
  <attribute name="elasticGC enabled" value="1" />
  <attribute name= "numThreadsSpecified" value="1" />
  <attribute name="heapSize specified" value="0" />
  <attribute name="Current GC Util" value="184" />
  <attribute name= "Current Time Running" value="24374" />
  <attribute name ="GC Interval" value="0" />
  <attribute name="ProportionalT" value="246.000000" />
  <attribute name="ProportionalI" value="246.000000" />
  <attribute name="ProportionalH" value="246.000000" />
  <attribute name="Current Error" value="164.000000" />
  <attribute name="IntegralT" value="0.000000" />
  <attribute name="IntegralI" value="0.000000" />
  <attribute name="IntegralH" value="0.000000" />
  <attribute name="DerivativeT" value="inf" />
  <attribute name="DerivativeI" value="inf" />
  <attribute name="DerivativeH" value="inf" />
  <attribute name="Loop Time for DT" value="0.000000" />
  <attribute name="Output H" value="8388608"/>
  <attribute name="Output I" value="200"/>
  <attribute name="Output T" value="1"/>
  <attribute name="Target GC Util Change" value ="20.000000" />
  <attribute name="Current GC Util Change" value="184.000000"/>
  <attribute name="GC Util currently" value="184" />
  <attribute name="CPU Util currently" value="7047886644453" />
<exclusive-end id="5623" timestamp="2019-06-16T00:36:34.717" durationms="10.748" />

<exclusive-start id="5624" timestamp="2019-06-16T00:36:34.721" intervalms="14.505">
  <response-info timems="0.056" idlems="0.056" threads="0" lastid="0000000001627700" lastname="main" />
</exclusive-start>
<allocation-taxation id="5625" taxation-threshold="10485760" timestamp="2019-06-16T00:36:34.721" intervalms="14.545" />
<cycle-start id="5626" type="global mark phase" contextid="0" timestamp="2019-06-16T00:36:34.722" intervalms="226.299" />
<gc-start id="5627" type="global mark phase" contextid="5626" timestamp="2019-06-16T00:36:34.722">
  <mem-info id="5628" free="27262976" total="59768832" percent="45">
    <remembered-set count="44736" freebytes="2374272" totalbytes="2553216" percent="92" regionsoverflowed="0" regionsstable="10" regionsrebuilding="0"/>
  </mem-info>
</gc-start>
<gc-op id="5629" type="mark increment" timems="2.224" contextid="5626" timestamp="2019-06-16T00:36:34.724">
  <trace-info objectcount="22019" scancount="10902" scanbytes="381180" />
</gc-op>
<gc-end id="5630" type="global mark phase" contextid="5626" durationms="2.450" usertimems="4.000" systemtimems="0.000" timestamp="2019-06-16T00:36:34.724" activeThreads="4">
  <mem-info id="5631" free="27262976" total="59768832" percent="45">
    <remembered-set count="46784" freebytes="2366080" totalbytes="2553216" percent="92" regionsoverflowed="0" regionsstable="0" regionsrebuilding="10"/>
  </mem-info>
</gc-end>
<concurrent-start id="5632" type="GMP work packet processing" contextid="5626" timestamp="2019-06-16T00:36:34.724">
  <concurrent-mark-start scanTarget="1048576" />
</concurrent-start>
<exclusive-end id="5633" timestamp="2019-06-16T00:36:34.726" durationms="4.478" />

<concurrent-end id="5634" type="GMP work packet processing" contextid="5626" timestamp="2019-06-16T00:36:34.726">
  <concurrent-mark-end bytesScanned="1125596" reasonForTermination="Work target met" />
</concurrent-end>

<exclusive-start id="5635" timestamp="2019-06-16T00:36:34.729" intervalms="8.328">
  <response-info timems="0.025" idlems="0.025" threads="0" lastid="0000000001627700" lastname="main" />
</exclusive-start>
<allocation-taxation id="5636" taxation-threshold="10485760" timestamp="2019-06-16T00:36:34.730" intervalms="8.335" />
<cycle-start id="5637" type="partial gc" contextid="0" timestamp="2019-06-16T00:36:34.730" intervalms="22.842" />
<gc-start id="5638" type="partial gc" contextid="5637" timestamp="2019-06-16T00:36:34.730">
  <mem-info id="5639" free="16777216" total="59768832" percent="28">
    <mem type="eden" free="1048552" total="22020096" percent="4" />
    <remembered-set count="50688" freebytes="2350464" totalbytes="2553216" percent="92" regionsoverflowed="0" regionsstable="0" regionsrebuilding="10"/>
  </mem-info>
</gc-start>
<allocation-stats totalBytes="20840064" >
  <allocated-bytes non-tlh="0" tlh="20840064" arrayletleaf="0"/>
  <largest-consumer threadName="main" threadId="0000000001627700" bytes="10420032" />
</allocation-stats>
<gc-op id="5640" type="copy forward" timems="4.311" contextid="5637" timestamp="2019-06-16T00:36:34.735">
  <memory-copied type="eden" objects="1" bytes="24" bytesdiscarded="0" />
  <memory-copied type="other" objects="0" bytes="0" bytesdiscarded="0" />
  <memory-cardclean objects="33283" bytes="1230592" />
  <regions eden="20" other="1" />
  <remembered-set-cleared processed="41076" cleared="5932" durationms="0.286" />
  <stringconstants candidates="13269" cleared="0"  />
</gc-op>
<gc-op id="5641" type="classunload" timems="0.004" contextid="5637" timestamp="2019-06-16T00:36:34.736">
  <classunload-info classloadercandidates="53" classloadersunloaded="0" classesunloaded="0" anonymousclassesunloaded="0" quiescems="0.000" setupms="0.004" scanms="0.000" postms="0.000" />
</gc-op>
<heap-resize id="5642" type="contract" space="default" amount="3145728" count="1" timems="0.256" reason="excess free space following gc" timestamp="2019-06-16T00:36:34.736" />
<gc-end id="5643" type="partial gc" contextid="5637" durationms="5.986" usertimems="12.000" systemtimems="0.000" timestamp="2019-06-16T00:36:34.736" activeThreads="4">
  <mem-info id="5644" free="34603008" total="56623104" percent="61">
    <mem type="eden" free="1048552" total="1048576" percent="99" />
    <remembered-set count="44000" freebytes="2209792" totalbytes="2385792" percent="92" regionsoverflowed="0" regionsstable="0" regionsrebuilding="10"/>
  </mem-info>
</gc-end>
<cycle-end id="5645" type="partial gc" contextid="5637" timestamp="2019-06-16T00:36:34.736" />
  <attribute name="elasticGC enabled" value="1" />
  <attribute name= "numThreadsSpecified" value="4" />
  <attribute name="heapSize specified" value="0" />
  <attribute name="Current GC Util" value="117" />
  <attribute name= "Current Time Running" value="24397" />
  <attribute name ="GC Interval" value="0" />
  <attribute name="ProportionalT" value="145.500000" />
  <attribute name="ProportionalI" value="145.500000" />
  <attribute name="ProportionalH" value="145.500000" />
  <attribute name="Current Error" value="97.000000" />
  <attribute name="IntegralT" value="97.000000" />
  <attribute name="IntegralI" value="97.000000" />
  <attribute name="IntegralH" value="97.000000" />
  <attribute name="DerivativeT" value="25.500000" />
  <attribute name="DerivativeI" value="25.500000" />
  <attribute name="DerivativeH" value="25.500000" />
  <attribute name="Loop Time for DT" value="1.000000" />
  <attribute name="Output H" value="8388608"/>
  <attribute name="Output I" value="272"/>
  <attribute name="Output T" value="4"/>
  <attribute name="Target GC Util Change" value ="20.000000" />
  <attribute name="Current GC Util Change" value="117.000000"/>
  <attribute name="GC Util currently" value="117" />
  <attribute name="CPU Util currently" value="8610027958190" />
<exclusive-end id="5646" timestamp="2019-06-16T00:36:34.736" durationms="6.890" />

<exclusive-start id="5647" timestamp="2019-06-16T00:36:34.740" intervalms="10.595">
  <response-info timems="0.054" idlems="0.054" threads="0" lastid="0000000001627700" lastname="main" />
</exclusive-start>
<allocation-taxation id="5648" taxation-threshold="10485760" timestamp="2019-06-16T00:36:34.740" intervalms="10.616" />
<gc-start id="5649" type="global mark phase" contextid="5626" timestamp="2019-06-16T00:36:34.741">
  <mem-info id="5650" free="24117248" total="56623104" percent="42">
    <remembered-set count="44000" freebytes="2209792" totalbytes="2385792" percent="92" regionsoverflowed="0" regionsstable="0" regionsrebuilding="10"/>
  </mem-info>
</gc-start>
<gc-end id="5651" type="global mark phase" contextid="5626" durationms="0.146" usertimems="0.000" systemtimems="0.000" timestamp="2019-06-16T00:36:34.741" activeThreads="4">
  <mem-info id="5652" free="24117248" total="56623104" percent="42">
    <remembered-set count="44000" freebytes="2209792" totalbytes="2385792" percent="92" regionsoverflowed="0" regionsstable="0" regionsrebuilding="10"/>
  </mem-info>
</gc-end>
<concurrent-start id="5653" type="GMP work packet processing" contextid="5626" timestamp="2019-06-16T00:36:34.741">
  <concurrent-mark-start scanTarget="1048576" />
</concurrent-start>
<exclusive-end id="5654" timestamp="2019-06-16T00:36:34.741" durationms="0.959" />

<concurrent-end id="5655" type="GMP work packet processing" contextid="5626" timestamp="2019-06-16T00:36:34.742">
  <concurrent-mark-end bytesScanned="1089644" reasonForTermination="Work target met" />
</concurrent-end>

<exclusive-start id="5656" timestamp="2019-06-16T00:36:34.746" intervalms="5.658">
  <response-info timems="0.056" idlems="0.056" threads="0" lastid="0000000001627700" lastname="main" />
</exclusive-start>
<allocation-taxation id="5657" taxation-threshold="10485760" timestamp="2019-06-16T00:36:34.746" intervalms="5.588" />
<cycle-start id="5658" type="partial gc" contextid="0" timestamp="2019-06-16T00:36:34.746" intervalms="16.169" />
<gc-start id="5659" type="partial gc" contextid="5658" timestamp="2019-06-16T00:36:34.746">
  <mem-info id="5660" free="13631488" total="56623104" percent="24">
    <mem type="eden" free="1048552" total="22020096" percent="4" />
    <remembered-set count="47072" freebytes="2197504" totalbytes="2385792" percent="92" regionsoverflowed="0" regionsstable="0" regionsrebuilding="10"/>
  </mem-info>
</gc-start>
<allocation-stats totalBytes="20840064" >
  <allocated-bytes non-tlh="0" tlh="20840064" arrayletleaf="0"/>
  <largest-consumer threadName="main" threadId="0000000001627700" bytes="10420032" />
</allocation-stats>
<gc-op id="5661" type="copy forward" timems="6.909" contextid="5658" timestamp="2019-06-16T00:36:34.754">
  <memory-copied type="eden" objects="1" bytes="24" bytesdiscarded="0" />
  <memory-copied type="other" objects="0" bytes="0" bytesdiscarded="0" />
  <memory-cardclean objects="81007" bytes="3066944" />
  <regions eden="20" other="1" />
  <remembered-set-cleared processed="33799" cleared="10251" durationms="0.422" />
  <stringconstants candidates="13269" cleared="0"  />
</gc-op>
<gc-op id="5662" type="classunload" timems="0.004" contextid="5658" timestamp="2019-06-16T00:36:34.754">
  <classunload-info classloadercandidates="53" classloadersunloaded="0" classesunloaded="0" anonymousclassesunloaded="0" quiescems="0.000" setupms="0.004" scanms="0.000" postms="0.000" />
</gc-op>
<gc-end id="5663" type="partial gc" contextid="5658" durationms="8.260" usertimems="8.000" systemtimems="0.000" timestamp="2019-06-16T00:36:34.755" activeThreads="1">
  <mem-info id="5664" free="34603008" total="56623104" percent="61">
    <mem type="eden" free="1048552" total="1048576" percent="99" />
    <remembered-set count="41632" freebytes="2093696" totalbytes="2260224" percent="92" regionsoverflowed="0" regionsstable="0" regionsrebuilding="10"/>
  </mem-info>
</gc-end>
<cycle-end id="5665" type="partial gc" contextid="5658" timestamp="2019-06-16T00:36:34.755" />
  <attribute name="elasticGC enabled" value="1" />
  <attribute name= "numThreadsSpecified" value="1" />
  <attribute name="heapSize specified" value="0" />
  <attribute name="Current GC Util" value="116" />
  <attribute name= "Current Time Running" value="24413" />
  <attribute name ="GC Interval" value="0" />
  <attribute name="ProportionalT" value="144.000000" />
  <attribute name="ProportionalI" value="144.000000" />
  <attribute name="ProportionalH" value="144.000000" />
  <attribute name="Current Error" value="96.000000" />
  <attribute name="IntegralT" value="0.000000" />
  <attribute name="IntegralI" value="0.000000" />
  <attribute name="IntegralH" value="0.000000" />
  <attribute name="DerivativeT" value="inf" />
  <attribute name="DerivativeI" value="inf" />
  <attribute name="DerivativeH" value="inf" />
  <attribute name="Loop Time for DT" value="0.000000" />
  <attribute name="Output H" value="8388608"/>
  <attribute name="Output I" value="200"/>
  <attribute name="Output T" value="1"/>
  <attribute name="Target GC Util Change" value ="20.000000" />
  <attribute name="Current GC Util Change" value="116.000000"/>
  <attribute name="GC Util currently" value="116" />
  <attribute name="CPU Util currently" value="8317916762029" />
<exclusive-end id="5666" timestamp="2019-06-16T00:36:34.755" durationms="9.113" />

<exclusive-start id="5667" timestamp="2019-06-16T00:36:34.759" intervalms="12.851">
  <response-info timems="0.070" idlems="0.070" threads="0" lastid="0000000001627700" lastname="main" />
</exclusive-start>
<allocation-taxation id="5668" taxation-threshold="10485760" timestamp="2019-06-16T00:36:34.759" intervalms="12.787" />
<gc-start id="5669" type="global mark phase" contextid="5626" timestamp="2019-06-16T00:36:34.759">
  <mem-info id="5670" free="24117248" total="56623104" percent="42">
    <remembered-set count="41184" freebytes="2095488" totalbytes="2260224" percent="92" regionsoverflowed="0" regionsstable="0" regionsrebuilding="10"/>
  </mem-info>
</gc-start>
<gc-end id="5671" type="global mark phase" contextid="5626" durationms="0.129" usertimems="0.000" systemtimems="0.000" timestamp="2019-06-16T00:36:34.759" activeThreads="1">
  <mem-info id="5672" free="24117248" total="56623104" percent="42">
    <remembered-set count="41184" freebytes="2095488" totalbytes="2260224" percent="92" regionsoverflowed="0" regionsstable="0" regionsrebuilding="10"/>
  </mem-info>
</gc-end>
<concurrent-start id="5673" type="GMP work packet processing" contextid="5626" timestamp="2019-06-16T00:36:34.759">
  <concurrent-mark-start scanTarget="1612485" />
</concurrent-start>
<exclusive-end id="5674" timestamp="2019-06-16T00:36:34.760" durationms="1.709" />

<concurrent-end id="5675" type="GMP work packet processing" contextid="5626" timestamp="2019-06-16T00:36:34.760">
  <concurrent-mark-end bytesScanned="1658600" reasonForTermination="Work target met" />
</concurrent-end>

<exclusive-start id="5676" timestamp="2019-06-16T00:36:34.764" intervalms="5.373">
  <response-info timems="0.054" idlems="0.054" threads="0" lastid="0000000001627700" lastname="main" />
</exclusive-start>
<allocation-taxation id="5677" taxation-threshold="10485760" timestamp="2019-06-16T00:36:34.764" intervalms="5.505" />
<cycle-start id="5678" type="partial gc" contextid="0" timestamp="2019-06-16T00:36:34.764" intervalms="18.387" />
<gc-start id="5679" type="partial gc" contextid="5678" timestamp="2019-06-16T00:36:34.765">
  <mem-info id="5680" free="13631488" total="56623104" percent="24">
    <mem type="eden" free="1048552" total="22020096" percent="4" />
    <remembered-set count="44768" freebytes="2081152" totalbytes="2260224" percent="92" regionsoverflowed="0" regionsstable="0" regionsrebuilding="10"/>
  </mem-info>
</gc-start>
<allocation-stats totalBytes="20840064" >
  <allocated-bytes non-tlh="0" tlh="20840064" arrayletleaf="0"/>
  <largest-consumer threadName="main" threadId="0000000001627700" bytes="10420032" />
</allocation-stats>
<gc-op id="5681" type="copy forward" timems="1.576" contextid="5678" timestamp="2019-06-16T00:36:34.767">
  <memory-copied type="eden" objects="1" bytes="24" bytesdiscarded="0" />
  <memory-copied type="other" objects="0" bytes="0" bytesdiscarded="0" />
  <memory-cardclean objects="10" bytes="424" />
  <regions eden="20" other="1" />
  <remembered-set-cleared processed="42900" cleared="6" durationms="0.348" />
  <stringconstants candidates="13269" cleared="0"  />
</gc-op>
<gc-op id="5682" type="classunload" timems="0.004" contextid="5678" timestamp="2019-06-16T00:36:34.767">
  <classunload-info classloadercandidates="53" classloadersunloaded="0" classesunloaded="0" anonymousclassesunloaded="0" quiescems="0.000" setupms="0.004" scanms="0.000" postms="0.000" />
</gc-op>
<gc-end id="5683" type="partial gc" contextid="5678" durationms="2.777" usertimems="4.000" systemtimems="0.000" timestamp="2019-06-16T00:36:34.767" activeThreads="1">
  <mem-info id="5684" free="34603008" total="56623104" percent="61">
    <mem type="eden" free="1048552" total="1048576" percent="99" />
    <remembered-set count="45216" freebytes="2079360" totalbytes="2260224" percent="91" regionsoverflowed="0" regionsstable="0" regionsrebuilding="10"/>
  </mem-info>
</gc-end>
<cycle-end id="5685" type="partial gc" contextid="5678" timestamp="2019-06-16T00:36:34.768" />
  <attribute name="elasticGC enabled" value="1" />
  <attribute name= "numThreadsSpecified" value="1" />
  <attribute name="heapSize specified" value="0" />
  <attribute name="Current GC Util" value="163" />
  <attribute name= "Current Time Running" value="24431" />
  <attribute name ="GC Interval" value="0" />
  <attribute name="ProportionalT" value="214.500000" />
  <attribute name="ProportionalI" value="214.500000" />
  <attribute name="ProportionalH" value="214.500000" />
  <attribute name="Current Error" value="143.000000" />
  <attribute name="IntegralT" value="0.000000" />
  <attribute name="IntegralI" value="0.000000" />
  <attribute name="IntegralH" value="0.000000" />
  <attribute name="DerivativeT" value="inf" />
  <attribute name="DerivativeI" value="inf" />
  <attribute name="DerivativeH" value="inf" />
  <attribute name="Loop Time for DT" value="0.000000" />
  <attribute name="Output H" value="8388608"/>
  <attribute name="Output I" value="200"/>
  <attribute name="Output T" value="1"/>
  <attribute name="Target GC Util Change" value ="20.000000" />
  <attribute name="Current GC Util Change" value="163.000000"/>
  <attribute name="GC Util currently" value="163" />
  <attribute name="CPU Util currently" value="13675316490766" />
<exclusive-end id="5686" timestamp="2019-06-16T00:36:34.768" durationms="3.827" />

<exclusive-start id="5687" timestamp="2019-06-16T00:36:34.772" intervalms="7.529">
  <response-info timems="0.060" idlems="0.060" threads="0" lastid="0000000001627700" lastname="main" />
</exclusive-start>
<allocation-taxation id="5688" taxation-threshold="10485760" timestamp="2019-06-16T00:36:34.772" intervalms="7.518" />
<gc-start id="5689" type="global mark phase" contextid="5626" timestamp="2019-06-16T00:36:34.772">
  <mem-info id="5690" free="24117248" total="56623104" percent="42">
    <remembered-set count="44768" freebytes="2081152" totalbytes="2260224" percent="92" regionsoverflowed="0" regionsstable="0" regionsrebuilding="10"/>
  </mem-info>
</gc-start>
<gc-end id="5691" type="global mark phase" contextid="5626" durationms="0.146" usertimems="0.000" systemtimems="0.000" timestamp="2019-06-16T00:36:34.772" activeThreads="1">
  <mem-info id="5692" free="24117248" total="56623104" percent="42">
    <remembered-set count="44768" freebytes="2081152" totalbytes="2260224" percent="92" regionsoverflowed="0" regionsstable="0" regionsrebuilding="10"/>
  </mem-info>
</gc-end>
<concurrent-start id="5693" type="GMP work packet processing" contextid="5626" timestamp="2019-06-16T00:36:34.772">
  <concurrent-mark-start scanTarget="1151775" />
</concurrent-start>
<exclusive-end id="5694" timestamp="2019-06-16T00:36:34.772" durationms="0.691" />

<concurrent-end id="5695" type="GMP work packet processing" contextid="5626" timestamp="2019-06-16T00:36:34.773">
  <concurrent-mark-end bytesScanned="1198324" reasonForTermination="Work target met" />
</concurrent-end>

<exclusive-start id="5696" timestamp="2019-06-16T00:36:34.777" intervalms="5.342">
  <response-info timems="0.068" idlems="0.068" threads="0" lastid="0000000001627700" lastname="main" />
</exclusive-start>
<allocation-taxation id="5697" taxation-threshold="10485760" timestamp="2019-06-16T00:36:34.777" intervalms="5.284" />
<cycle-start id="5698" type="partial gc" contextid="0" timestamp="2019-06-16T00:36:34.777" intervalms="12.713" />
<gc-start id="5699" type="partial gc" contextid="5698" timestamp="2019-06-16T00:36:34.777">
  <mem-info id="5700" free="13631488" total="56623104" percent="24">
    <mem type="eden" free="1048552" total="22020096" percent="4" />
    <remembered-set count="47840" freebytes="2068864" totalbytes="2260224" percent="91" regionsoverflowed="0" regionsstable="0" regionsrebuilding="10"/>
  </mem-info>
</gc-start>
<allocation-stats totalBytes="20840064" >
  <allocated-bytes non-tlh="0" tlh="20840064" arrayletleaf="0"/>
  <largest-consumer threadName="main" threadId="0000000001627700" bytes="10420032" />
</allocation-stats>
<gc-op id="5701" type="copy forward" timems="1.529" contextid="5698" timestamp="2019-06-16T00:36:34.780">
  <memory-copied type="eden" objects="1" bytes="24" bytesdiscarded="0" />
  <memory-copied type="other" objects="0" bytes="0" bytesdiscarded="0" />
  <memory-cardclean objects="10" bytes="424" />
  <regions eden="20" other="1" />
  <remembered-set-cleared processed="45581" cleared="6" durationms="0.365" />
  <stringconstants candidates="13269" cleared="0"  />
</gc-op>
<gc-op id="5702" type="classunload" timems="0.004" contextid="5698" timestamp="2019-06-16T00:36:34.780">
  <classunload-info classloadercandidates="53" classloadersunloaded="0" classesunloaded="0" anonymousclassesunloaded="0" quiescems="0.000" setupms="0.004" scanms="0.000" postms="0.000" />
</gc-op>
<gc-end id="5703" type="partial gc" contextid="5698" durationms="2.670" usertimems="4.000" systemtimems="0.000" timestamp="2019-06-16T00:36:34.780" activeThreads="1">
  <mem-info id="5704" free="34603008" total="56623104" percent="61">
    <mem type="eden" free="1048552" total="1048576" percent="99" />
    <remembered-set count="48288" freebytes="2067072" totalbytes="2260224" percent="91" regionsoverflowed="0" regionsstable="0" regionsrebuilding="10"/>
  </mem-info>
</gc-end>
<cycle-end id="5705" type="partial gc" contextid="5698" timestamp="2019-06-16T00:36:34.780" />
  <attribute name="elasticGC enabled" value="1" />
  <attribute name= "numThreadsSpecified" value="1" />
  <attribute name="heapSize specified" value="0" />
  <attribute name="Current GC Util" value="154" />
  <attribute name= "Current Time Running" value="24444" />
  <attribute name ="GC Interval" value="0" />
  <attribute name="ProportionalT" value="201.000000" />
  <attribute name="ProportionalI" value="201.000000" />
  <attribute name="ProportionalH" value="201.000000" />
  <attribute name="Current Error" value="134.000000" />
  <attribute name="IntegralT" value="0.000000" />
  <attribute name="IntegralI" value="0.000000" />
  <attribute name="IntegralH" value="0.000000" />
  <attribute name="DerivativeT" value="inf" />
  <attribute name="DerivativeI" value="inf" />
  <attribute name="DerivativeH" value="inf" />
  <attribute name="Loop Time for DT" value="0.000000" />
  <attribute name="Output H" value="8388608"/>
  <attribute name="Output I" value="200"/>
  <attribute name="Output T" value="1"/>
  <attribute name="Target GC Util Change" value ="20.000000" />
  <attribute name="Current GC Util Change" value="154.000000"/>
  <attribute name="GC Util currently" value="154" />
  <attribute name="CPU Util currently" value="12733413831205" />
<exclusive-end id="5706" timestamp="2019-06-16T00:36:34.780" durationms="3.508" />

<exclusive-start id="5707" timestamp="2019-06-16T00:36:34.784" intervalms="7.232">
  <response-info timems="0.068" idlems="0.068" threads="0" lastid="0000000001627700" lastname="main" />
</exclusive-start>
<allocation-taxation id="5708" taxation-threshold="10485760" timestamp="2019-06-16T00:36:34.784" intervalms="7.268" />
<gc-start id="5709" type="global mark phase" contextid="5626" timestamp="2019-06-16T00:36:34.784">
  <mem-info id="5710" free="24117248" total="56623104" percent="42">
    <remembered-set count="47840" freebytes="2068864" totalbytes="2260224" percent="91" regionsoverflowed="0" regionsstable="0" regionsrebuilding="10"/>
  </mem-info>
</gc-start>
<gc-end id="5711" type="global mark phase" contextid="5626" durationms="0.145" usertimems="0.000" systemtimems="0.000" timestamp="2019-06-16T00:36:34.785" activeThreads="1">
  <mem-info id="5712" free="24117248" total="56623104" percent="42">
    <remembered-set count="47840" freebytes="2068864" totalbytes="2260224" percent="91" regionsoverflowed="0" regionsstable="0" regionsrebuilding="10"/>
  </mem-info>
</gc-end>
<concurrent-start id="5713" type="GMP work packet processing" contextid="5626" timestamp="2019-06-16T00:36:34.785">
  <concurrent-mark-start scanTarget="1048576" />
</concurrent-start>
<exclusive-end id="5714" timestamp="2019-06-16T00:36:34.785" durationms="0.631" />

<concurrent-end id="5715" type="GMP work packet processing" contextid="5626" timestamp="2019-06-16T00:36:34.786">
  <concurrent-mark-end bytesScanned="1093004" reasonForTermination="Work target met" />
</concurrent-end>

<exclusive-start id="5716" timestamp="2019-06-16T00:36:34.789" intervalms="5.243">
  <response-info timems="0.069" idlems="0.069" threads="0" lastid="0000000001627700" lastname="main" />
</exclusive-start>
<allocation-taxation id="5717" taxation-threshold="10485760" timestamp="2019-06-16T00:36:34.789" intervalms="5.213" />
<cycle-start id="5718" type="partial gc" contextid="0" timestamp="2019-06-16T00:36:34.790" intervalms="12.470" />
<gc-start id="5719" type="partial gc" contextid="5718" timestamp="2019-06-16T00:36:34.790">
  <mem-info id="5720" free="13631488" total="56623104" percent="24">
    <mem type="eden" free="1048552" total="22020096" percent="4" />
    <remembered-set count="49376" freebytes="2062720" totalbytes="2260224" percent="91" regionsoverflowed="0" regionsstable="0" regionsrebuilding="10"/>
  </mem-info>
</gc-start>
<allocation-stats totalBytes="20840064" >
  <allocated-bytes non-tlh="0" tlh="20840064" arrayletleaf="0"/>
  <largest-consumer threadName="main" threadId="0000000001627700" bytes="10420032" />
</allocation-stats>
<gc-op id="5721" type="copy forward" timems="3.058" contextid="5718" timestamp="2019-06-16T00:36:34.794">
  <memory-copied type="eden" objects="1" bytes="24" bytesdiscarded="0" />
  <memory-copied type="other" objects="0" bytes="0" bytesdiscarded="0" />
  <memory-cardclean objects="10" bytes="424" />
  <regions eden="20" other="1" />
  <remembered-set-cleared processed="47210" cleared="6" durationms="0.217" />
  <stringconstants candidates="13269" cleared="0"  />
</gc-op>
<gc-op id="5722" type="classunload" timems="0.004" contextid="5718" timestamp="2019-06-16T00:36:34.794">
  <classunload-info classloadercandidates="53" classloadersunloaded="0" classesunloaded="0" anonymousclassesunloaded="0" quiescems="0.000" setupms="0.004" scanms="0.000" postms="0.000" />
</gc-op>
<gc-end id="5723" type="partial gc" contextid="5718" durationms="4.176" usertimems="4.000" systemtimems="4.000" timestamp="2019-06-16T00:36:34.794" activeThreads="4">
  <mem-info id="5724" free="34603008" total="56623104" percent="61">
    <mem type="eden" free="1048552" total="1048576" percent="99" />
    <remembered-set count="48896" freebytes="2064640" totalbytes="2260224" percent="91" regionsoverflowed="0" regionsstable="0" regionsrebuilding="10"/>
  </mem-info>
</gc-end>
<cycle-end id="5725" type="partial gc" contextid="5718" timestamp="2019-06-16T00:36:34.794" />
  <attribute name="elasticGC enabled" value="1" />
  <attribute name= "numThreadsSpecified" value="4" />
  <attribute name="heapSize specified" value="0" />
  <attribute name="Current GC Util" value="159" />
  <attribute name= "Current Time Running" value="24457" />
  <attribute name ="GC Interval" value="0" />
  <attribute name="ProportionalT" value="208.500000" />
  <attribute name="ProportionalI" value="208.500000" />
  <attribute name="ProportionalH" value="208.500000" />
  <attribute name="Current Error" value="139.000000" />
  <attribute name="IntegralT" value="139.000000" />
  <attribute name="IntegralI" value="139.000000" />
  <attribute name="IntegralH" value="139.000000" />
  <attribute name="DerivativeT" value="51.000000" />
  <attribute name="DerivativeI" value="51.000000" />
  <attribute name="DerivativeH" value="51.000000" />
  <attribute name="Loop Time for DT" value="1.000000" />
  <attribute name="Output H" value="8388608"/>
  <attribute name="Output I" value="400"/>
  <attribute name="Output T" value="4"/>
  <attribute name="Target GC Util Change" value ="20.000000" />
  <attribute name="Current GC Util Change" value="159.000000"/>
  <attribute name="GC Util currently" value="159" />
  <attribute name="CPU Util currently" value="13269014952893" />
<exclusive-end id="5726" timestamp="2019-06-16T00:36:34.794" durationms="4.969" />

<exclusive-start id="5727" timestamp="2019-06-16T00:36:34.798" intervalms="8.698">
  <response-info timems="0.069" idlems="0.069" threads="0" lastid="0000000001627700" lastname="main" />
</exclusive-start>
<allocation-taxation id="5728" taxation-threshold="10485760" timestamp="2019-06-16T00:36:34.798" intervalms="8.727" />
<gc-start id="5729" type="global mark phase" contextid="5626" timestamp="2019-06-16T00:36:34.798">
  <mem-info id="5730" free="24117248" total="56623104" percent="42">
    <remembered-set count="48896" freebytes="2064640" totalbytes="2260224" percent="91" regionsoverflowed="0" regionsstable="0" regionsrebuilding="10"/>
  </mem-info>
</gc-start>
<gc-end id="5731" type="global mark phase" contextid="5626" durationms="0.132" usertimems="0.000" systemtimems="0.000" timestamp="2019-06-16T00:36:34.799" activeThreads="4">
  <mem-info id="5732" free="24117248" total="56623104" percent="42">
    <remembered-set count="48896" freebytes="2064640" totalbytes="2260224" percent="91" regionsoverflowed="0" regionsstable="0" regionsrebuilding="10"/>
  </mem-info>
</gc-end>
<concurrent-start id="5733" type="GMP work packet processing" contextid="5626" timestamp="2019-06-16T00:36:34.799">
  <concurrent-mark-start scanTarget="1048576" />
</concurrent-start>
<exclusive-end id="5734" timestamp="2019-06-16T00:36:34.800" durationms="1.567" />

<concurrent-end id="5735" type="GMP work packet processing" contextid="5626" timestamp="2019-06-16T00:36:34.800">
  <concurrent-mark-end bytesScanned="1098988" reasonForTermination="Work target met" />
</concurrent-end>

<exclusive-start id="5736" timestamp="2019-06-16T00:36:34.803" intervalms="5.360">
  <response-info timems="0.058" idlems="0.058" threads="0" lastid="0000000001627700" lastname="main" />
</exclusive-start>
<allocation-taxation id="5737" taxation-threshold="10485760" timestamp="2019-06-16T00:36:34.803" intervalms="5.297" />
<cycle-start id="5738" type="partial gc" contextid="0" timestamp="2019-06-16T00:36:34.804" intervalms="14.120" />
<gc-start id="5739" type="partial gc" contextid="5738" timestamp="2019-06-16T00:36:34.804">
  <mem-info id="5740" free="13631488" total="56623104" percent="24">
    <mem type="eden" free="1048552" total="22020096" percent="4" />
    <remembered-set count="51008" freebytes="2056192" totalbytes="2260224" percent="90" regionsoverflowed="0" regionsstable="0" regionsrebuilding="10"/>
  </mem-info>
</gc-start>
<allocation-stats totalBytes="20840064" >
  <allocated-bytes non-tlh="0" tlh="20840064" arrayletleaf="0"/>
  <largest-consumer threadName="main" threadId="0000000001627700" bytes="10420032" />
</allocation-stats>
<gc-op id="5741" type="copy forward" timems="3.224" contextid="5738" timestamp="2019-06-16T00:36:34.808">
  <memory-copied type="eden" objects="1" bytes="24" bytesdiscarded="0" />
  <memory-copied type="other" objects="0" bytes="0" bytesdiscarded="0" />
  <memory-cardclean objects="10" bytes="424" />
  <regions eden="20" other="1" />
  <remembered-set-cleared processed="48819" cleared="6" durationms="0.170" />
  <stringconstants candidates="13269" cleared="0"  />
</gc-op>
<gc-op id="5742" type="classunload" timems="0.004" contextid="5738" timestamp="2019-06-16T00:36:34.808">
  <classunload-info classloadercandidates="53" classloadersunloaded="0" classesunloaded="0" anonymousclassesunloaded="0" quiescems="0.000" setupms="0.003" scanms="0.000" postms="0.000" />
</gc-op>
<gc-end id="5743" type="partial gc" contextid="5738" durationms="4.375" usertimems="4.000" systemtimems="4.000" timestamp="2019-06-16T00:36:34.808" activeThreads="4">
  <mem-info id="5744" free="34603008" total="56623104" percent="61">
    <mem type="eden" free="1048552" total="1048576" percent="99" />
    <remembered-set count="50528" freebytes="2058112" totalbytes="2260224" percent="91" regionsoverflowed="0" regionsstable="0" regionsrebuilding="10"/>
  </mem-info>
</gc-end>
<cycle-end id="5745" type="partial gc" contextid="5738" timestamp="2019-06-16T00:36:34.808" />
  <attribute name="elasticGC enabled" value="1" />
  <attribute name= "numThreadsSpecified" value="4" />
  <attribute name="heapSize specified" value="0" />
  <attribute name="Current GC Util" value="153" />
  <attribute name= "Current Time Running" value="24471" />
  <attribute name ="GC Interval" value="0" />
  <attribute name="ProportionalT" value="199.500000" />
  <attribute name="ProportionalI" value="199.500000" />
  <attribute name="ProportionalH" value="199.500000" />
  <attribute name="Current Error" value="133.000000" />
  <attribute name="IntegralT" value="133.000000" />
  <attribute name="IntegralI" value="133.000000" />
  <attribute name="IntegralH" value="133.000000" />
  <attribute name="DerivativeT" value="52.500000" />
  <attribute name="DerivativeI" value="52.500000" />
  <attribute name="DerivativeH" value="52.500000" />
  <attribute name="Loop Time for DT" value="1.000000" />
  <attribute name="Output H" value="8388608"/>
  <attribute name="Output I" value="392"/>
  <attribute name="Output T" value="4"/>
  <attribute name="Target GC Util Change" value ="20.000000" />
  <attribute name="Current GC Util Change" value="153.000000"/>
  <attribute name="GC Util currently" value="153" />
  <attribute name="CPU Util currently" value="13284456972750" />
<exclusive-end id="5746" timestamp="2019-06-16T00:36:34.809" durationms="5.247" />

<exclusive-start id="5747" timestamp="2019-06-16T00:36:34.812" intervalms="8.983">
  <response-info timems="0.068" idlems="0.068" threads="0" lastid="0000000001627700" lastname="main" />
</exclusive-start>
<allocation-taxation id="5748" taxation-threshold="10485760" timestamp="2019-06-16T00:36:34.813" intervalms="9.081" />
<gc-start id="5749" type="global mark phase" contextid="5626" timestamp="2019-06-16T00:36:34.813">
  <mem-info id="5750" free="24117248" total="56623104" percent="42">
    <remembered-set count="50528" freebytes="2058112" totalbytes="2260224" percent="91" regionsoverflowed="0" regionsstable="0" regionsrebuilding="10"/>
  </mem-info>
</gc-start>
<gc-end id="5751" type="global mark phase" contextid="5626" durationms="0.140" usertimems="0.000" systemtimems="0.000" timestamp="2019-06-16T00:36:34.813" activeThreads="4">
  <mem-info id="5752" free="24117248" total="56623104" percent="42">
    <remembered-set count="50528" freebytes="2058112" totalbytes="2260224" percent="91" regionsoverflowed="0" regionsstable="0" regionsrebuilding="10"/>
  </mem-info>
</gc-end>
<concurrent-start id="5753" type="GMP work packet processing" contextid="5626" timestamp="2019-06-16T00:36:34.813">
  <concurrent-mark-start scanTarget="1048576" />
</concurrent-start>
<exclusive-end id="5754" timestamp="2019-06-16T00:36:34.813" durationms="0.921" />

<concurrent-end id="5755" type="GMP work packet processing" contextid="5626" timestamp="2019-06-16T00:36:34.814">
  <concurrent-mark-end bytesScanned="1097976" reasonForTermination="Work target met" />
</concurrent-end>

<exclusive-start id="5756" timestamp="2019-06-16T00:36:34.832" intervalms="19.995">
  <response-info timems="0.071" idlems="0.071" threads="0" lastid="0000000001627700" lastname="main" />
</exclusive-start>
<allocation-taxation id="5757" taxation-threshold="10485760" timestamp="2019-06-16T00:36:34.833" intervalms="19.929" />
<cycle-start id="5758" type="partial gc" contextid="0" timestamp="2019-06-16T00:36:34.833" intervalms="28.918" />
<gc-start id="5759" type="partial gc" contextid="5758" timestamp="2019-06-16T00:36:34.833">
  <mem-info id="5760" free="13631488" total="56623104" percent="24">
    <mem type="eden" free="1048552" total="22020096" percent="4" />
    <remembered-set count="52672" freebytes="2049536" totalbytes="2260224" percent="90" regionsoverflowed="0" regionsstable="0" regionsrebuilding="10"/>
  </mem-info>
</gc-start>
<allocation-stats totalBytes="20904192" >
  <allocated-bytes non-tlh="0" tlh="20904192" arrayletleaf="0"/>
  <largest-consumer threadName="main" threadId="0000000001627700" bytes="10484160" />
</allocation-stats>
<gc-op id="5761" type="copy forward" timems="2.969" contextid="5758" timestamp="2019-06-16T00:36:34.837">
  <memory-copied type="eden" objects="153" bytes="5024" bytesdiscarded="696" />
  <memory-copied type="other" objects="0" bytes="0" bytesdiscarded="0" />
  <memory-cardclean objects="67" bytes="2200" />
  <regions eden="20" other="1" />
  <remembered-set-cleared processed="50869" cleared="35" durationms="0.187" />
  <stringconstants candidates="13269" cleared="0"  />
</gc-op>
<gc-op id="5762" type="classunload" timems="0.004" contextid="5758" timestamp="2019-06-16T00:36:34.837">
  <classunload-info classloadercandidates="53" classloadersunloaded="0" classesunloaded="0" anonymousclassesunloaded="0" quiescems="0.000" setupms="0.004" scanms="0.000" postms="0.000" />
</gc-op>
<gc-end id="5763" type="partial gc" contextid="5758" durationms="3.998" usertimems="8.000" systemtimems="0.000" timestamp="2019-06-16T00:36:34.837" activeThreads="4">
  <mem-info id="5764" free="34603008" total="56623104" percent="61">
    <mem type="eden" free="1042856" total="1048576" percent="99" />
    <remembered-set count="53088" freebytes="2047872" totalbytes="2260224" percent="90" regionsoverflowed="0" regionsstable="0" regionsrebuilding="10"/>
  </mem-info>
</gc-end>
<cycle-end id="5765" type="partial gc" contextid="5758" timestamp="2019-06-16T00:36:34.837" />
  <attribute name="elasticGC enabled" value="1" />
  <attribute name= "numThreadsSpecified" value="4" />
  <attribute name="heapSize specified" value="0" />
  <attribute name="Current GC Util" value="149" />
  <attribute name= "Current Time Running" value="24500" />
  <attribute name ="GC Interval" value="0" />
  <attribute name="ProportionalT" value="193.500000" />
  <attribute name="ProportionalI" value="193.500000" />
  <attribute name="ProportionalH" value="193.500000" />
  <attribute name="Current Error" value="129.000000" />
  <attribute name="IntegralT" value="129.000000" />
  <attribute name="IntegralI" value="129.000000" />
  <attribute name="IntegralH" value="129.000000" />
  <attribute name="DerivativeT" value="64.500000" />
  <attribute name="DerivativeI" value="64.500000" />
  <attribute name="DerivativeH" value="64.500000" />
  <attribute name="Loop Time for DT" value="1.000000" />
  <attribute name="Output H" value="8388608"/>
  <attribute name="Output I" value="392"/>
  <attribute name="Output T" value="4"/>
  <attribute name="Target GC Util Change" value ="20.000000" />
  <attribute name="Current GC Util Change" value="149.000000"/>
  <attribute name="GC Util currently" value="149" />
  <attribute name="CPU Util currently" value="13714235445726" />
<exclusive-end id="5766" timestamp="2019-06-16T00:36:34.837" durationms="4.778" />

<exclusive-start id="5767" timestamp="2019-06-16T00:36:34.856" intervalms="23.952">
  <response-info timems="0.088" idlems="0.088" threads="0" lastid="0000000001627700" lastname="main" />
</exclusive-start>
<allocation-taxation id="5768" taxation-threshold="10485760" timestamp="2019-06-16T00:36:34.856" intervalms="23.975" />
<gc-start id="5769" type="global mark phase" contextid="5626" timestamp="2019-06-16T00:36:34.857">
  <mem-info id="5770" free="24117248" total="56623104" percent="42">
    <remembered-set count="53088" freebytes="2047872" totalbytes="2260224" percent="90" regionsoverflowed="0" regionsstable="0" regionsrebuilding="10"/>
  </mem-info>
</gc-start>
<gc-end id="5771" type="global mark phase" contextid="5626" durationms="0.142" usertimems="0.000" systemtimems="0.000" timestamp="2019-06-16T00:36:34.857" activeThreads="4">
  <mem-info id="5772" free="24117248" total="56623104" percent="42">
    <remembered-set count="53088" freebytes="2047872" totalbytes="2260224" percent="90" regionsoverflowed="0" regionsstable="0" regionsrebuilding="10"/>
  </mem-info>
</gc-end>
<concurrent-start id="5773" type="GMP work packet processing" contextid="5626" timestamp="2019-06-16T00:36:34.857">
  <concurrent-mark-start scanTarget="1048576" />
</concurrent-start>
<exclusive-end id="5774" timestamp="2019-06-16T00:36:34.857" durationms="0.839" />

<concurrent-end id="5775" type="GMP work packet processing" contextid="5626" timestamp="2019-06-16T00:36:34.858">
  <concurrent-mark-end bytesScanned="1095872" reasonForTermination="Work target met" />
</concurrent-end>

<exclusive-start id="5776" timestamp="2019-06-16T00:36:34.877" intervalms="20.668">
  <response-info timems="0.070" idlems="0.070" threads="0" lastid="0000000001627700" lastname="main" />
</exclusive-start>
<allocation-taxation id="5777" taxation-threshold="10485760" timestamp="2019-06-16T00:36:34.877" intervalms="20.640" />
<cycle-start id="5778" type="partial gc" contextid="0" timestamp="2019-06-16T00:36:34.877" intervalms="44.609" />
<gc-start id="5779" type="partial gc" contextid="5778" timestamp="2019-06-16T00:36:34.877">
  <mem-info id="5780" free="13631488" total="56623104" percent="24">
    <mem type="eden" free="0" total="20971520" percent="0" />
    <remembered-set count="55712" freebytes="2037376" totalbytes="2260224" percent="90" regionsoverflowed="0" regionsstable="0" regionsrebuilding="10"/>
  </mem-info>
</gc-start>
<allocation-stats totalBytes="20968432" >
  <allocated-bytes non-tlh="0" tlh="20968432" arrayletleaf="0"/>
  <largest-consumer threadName="main" threadId="0000000001627700" bytes="10484336" />
</allocation-stats>
<gc-op id="5781" type="copy forward" timems="1.615" contextid="5778" timestamp="2019-06-16T00:36:34.880">
  <memory-copied type="eden" objects="103" bytes="3336" bytesdiscarded="0" />
  <memory-copied type="other" objects="50" bytes="1688" bytesdiscarded="0" />
  <memory-cardclean objects="57" bytes="2040" />
  <regions eden="20" other="1" />
  <remembered-set-cleared processed="53866" cleared="64" durationms="0.437" />
  <stringconstants candidates="13269" cleared="0"  />
</gc-op>
<gc-op id="5782" type="classunload" timems="0.004" contextid="5778" timestamp="2019-06-16T00:36:34.880">
  <classunload-info classloadercandidates="53" classloadersunloaded="0" classesunloaded="0" anonymousclassesunloaded="0" quiescems="0.000" setupms="0.004" scanms="0.000" postms="0.000" />
</gc-op>
<gc-end id="5783" type="partial gc" contextid="5778" durationms="2.729" usertimems="0.000" systemtimems="0.000" timestamp="2019-06-16T00:36:34.880" activeThreads="1">
  <mem-info id="5784" free="33554432" total="56623104" percent="59">
    <mem type="eden" free="1045240" total="1048576" percent="99" />
    <remembered-set count="56128" freebytes="2035712" totalbytes="2260224" percent="90" regionsoverflowed="0" regionsstable="0" regionsrebuilding="10"/>
  </mem-info>
</gc-end>
<cycle-end id="5785" type="partial gc" contextid="5778" timestamp="2019-06-16T00:36:34.880" />
  <attribute name="elasticGC enabled" value="1" />
  <attribute name= "numThreadsSpecified" value="1" />
  <attribute name="heapSize specified" value="0" />
  <attribute name="Current GC Util" value="151" />
  <attribute name= "Current Time Running" value="24544" />
  <attribute name ="GC Interval" value="0" />
  <attribute name="ProportionalT" value="196.500000" />
  <attribute name="ProportionalI" value="196.500000" />
  <attribute name="ProportionalH" value="196.500000" />
  <attribute name="Current Error" value="131.000000" />
  <attribute name="IntegralT" value="0.000000" />
  <attribute name="IntegralI" value="0.000000" />
  <attribute name="IntegralH" value="0.000000" />
  <attribute name="DerivativeT" value="inf" />
  <attribute name="DerivativeI" value="inf" />
  <attribute name="DerivativeH" value="inf" />
  <attribute name="Loop Time for DT" value="0.000000" />
  <attribute name="Output H" value="8388608"/>
  <attribute name="Output I" value="200"/>
  <attribute name="Output T" value="1"/>
  <attribute name="Target GC Util Change" value ="20.000000" />
  <attribute name="Current GC Util Change" value="151.000000"/>
  <attribute name="GC Util currently" value="151" />
  <attribute name="CPU Util currently" value="13709465446278" />
<exclusive-end id="5786" timestamp="2019-06-16T00:36:34.881" durationms="3.570" />

<exclusive-start id="5787" timestamp="2019-06-16T00:36:34.900" intervalms="22.742">
  <response-info timems="0.086" idlems="0.086" threads="0" lastid="0000000001627700" lastname="main" />
</exclusive-start>
<allocation-taxation id="5788" taxation-threshold="10485760" timestamp="2019-06-16T00:36:34.900" intervalms="22.806" />
<gc-start id="5789" type="global mark phase" contextid="5626" timestamp="2019-06-16T00:36:34.900">
  <mem-info id="5790" free="23068672" total="56623104" percent="40">
    <remembered-set count="55744" freebytes="2037248" totalbytes="2260224" percent="90" regionsoverflowed="0" regionsstable="0" regionsrebuilding="10"/>
  </mem-info>
</gc-start>
<gc-end id="5791" type="global mark phase" contextid="5626" durationms="0.142" usertimems="0.000" systemtimems="0.000" timestamp="2019-06-16T00:36:34.900" activeThreads="1">
  <mem-info id="5792" free="23068672" total="56623104" percent="40">
    <remembered-set count="55744" freebytes="2037248" totalbytes="2260224" percent="90" regionsoverflowed="0" regionsstable="0" regionsrebuilding="10"/>
  </mem-info>
</gc-end>
<concurrent-start id="5793" type="GMP work packet processing" contextid="5626" timestamp="2019-06-16T00:36:34.900">
  <concurrent-mark-start scanTarget="1048576" />
</concurrent-start>
<exclusive-end id="5794" timestamp="2019-06-16T00:36:34.901" durationms="0.800" />

<concurrent-end id="5795" type="GMP work packet processing" contextid="5626" timestamp="2019-06-16T00:36:34.902">
  <concurrent-mark-end bytesScanned="1092892" reasonForTermination="Work target met" />
</concurrent-end>

<exclusive-start id="5796" timestamp="2019-06-16T00:36:34.922" intervalms="22.220">
  <response-info timems="0.099" idlems="0.099" threads="0" lastid="0000000001627700" lastname="main" />
</exclusive-start>
<allocation-taxation id="5797" taxation-threshold="10485760" timestamp="2019-06-16T00:36:34.922" intervalms="22.139" />
<cycle-start id="5798" type="partial gc" contextid="0" timestamp="2019-06-16T00:36:34.922" intervalms="44.985" />
<gc-start id="5799" type="partial gc" contextid="5798" timestamp="2019-06-16T00:36:34.922">
  <mem-info id="5800" free="12582912" total="56623104" percent="22">
    <mem type="eden" free="1045240" total="22020096" percent="4" />
    <remembered-set count="59392" freebytes="2022656" totalbytes="2260224" percent="89" regionsoverflowed="0" regionsstable="0" regionsrebuilding="10"/>
  </mem-info>
</gc-start>
<allocation-stats totalBytes="20968368" >
  <allocated-bytes non-tlh="0" tlh="20968368" arrayletleaf="0"/>
  <largest-consumer threadName="main" threadId="0000000001627700" bytes="10484128" />
</allocation-stats>
<gc-op id="5801" type="copy forward" timems="1.583" contextid="5798" timestamp="2019-06-16T00:36:34.925">
  <memory-copied type="eden" objects="336" bytes="11008" bytesdiscarded="0" />
  <memory-copied type="other" objects="0" bytes="0" bytesdiscarded="0" />
  <memory-cardclean objects="79" bytes="10944" />
  <regions eden="20" other="1" />
  <remembered-set-cleared processed="57047" cleared="65" durationms="0.442" />
  <references type="weak" candidates="37" cleared="0" enqueued="0" />
  <stringconstants candidates="13269" cleared="0"  />
</gc-op>
<gc-op id="5802" type="classunload" timems="0.004" contextid="5798" timestamp="2019-06-16T00:36:34.925">
  <classunload-info classloadercandidates="53" classloadersunloaded="0" classesunloaded="0" anonymousclassesunloaded="0" quiescems="0.000" setupms="0.004" scanms="0.000" postms="0.000" />
</gc-op>
<gc-end id="5803" type="partial gc" contextid="5798" durationms="2.613" usertimems="4.000" systemtimems="0.000" timestamp="2019-06-16T00:36:34.925" activeThreads="1">
  <mem-info id="5804" free="33554432" total="56623104" percent="59">
    <mem type="eden" free="1037520" total="1048576" percent="98" />
    <remembered-set count="59776" freebytes="2021120" totalbytes="2260224" percent="89" regionsoverflowed="0" regionsstable="0" regionsrebuilding="10"/>
  </mem-info>
</gc-end>
<cycle-end id="5805" type="partial gc" contextid="5798" timestamp="2019-06-16T00:36:34.925" />
  <attribute name="elasticGC enabled" value="1" />
  <attribute name= "numThreadsSpecified" value="1" />
  <attribute name="heapSize specified" value="0" />
  <attribute name="Current GC Util" value="168" />
  <attribute name= "Current Time Running" value="24589" />
  <attribute name ="GC Interval" value="0" />
  <attribute name="ProportionalT" value="222.000000" />
  <attribute name="ProportionalI" value="222.000000" />
  <attribute name="ProportionalH" value="222.000000" />
  <attribute name="Current Error" value="148.000000" />
  <attribute name="IntegralT" value="0.000000" />
  <attribute name="IntegralI" value="0.000000" />
  <attribute name="IntegralH" value="0.000000" />
  <attribute name="DerivativeT" value="inf" />
  <attribute name="DerivativeI" value="inf" />
  <attribute name="DerivativeH" value="inf" />
  <attribute name="Loop Time for DT" value="0.000000" />
  <attribute name="Output H" value="8388608"/>
  <attribute name="Output I" value="200"/>
  <attribute name="Output T" value="1"/>
  <attribute name="Target GC Util Change" value ="20.000000" />
  <attribute name="Current GC Util Change" value="168.000000"/>
  <attribute name="GC Util currently" value="168" />
  <attribute name="CPU Util currently" value="14525361120655" />
<exclusive-end id="5806" timestamp="2019-06-16T00:36:34.925" durationms="3.499" />

<exclusive-start id="5807" timestamp="2019-06-16T00:36:34.940" intervalms="18.468">
  <response-info timems="0.071" idlems="0.071" threads="0" lastid="0000000001627700" lastname="main" />
</exclusive-start>
<allocation-taxation id="5808" taxation-threshold="10485760" timestamp="2019-06-16T00:36:34.941" intervalms="18.547" />
<gc-start id="5809" type="global mark phase" contextid="5626" timestamp="2019-06-16T00:36:34.941">
  <mem-info id="5810" free="23068672" total="56623104" percent="40">
    <remembered-set count="59456" freebytes="2022400" totalbytes="2260224" percent="89" regionsoverflowed="0" regionsstable="0" regionsrebuilding="10"/>
  </mem-info>
</gc-start>
<gc-end id="5811" type="global mark phase" contextid="5626" durationms="0.130" usertimems="0.000" systemtimems="0.000" timestamp="2019-06-16T00:36:34.941" activeThreads="1">
  <mem-info id="5812" free="23068672" total="56623104" percent="40">
    <remembered-set count="59456" freebytes="2022400" totalbytes="2260224" percent="89" regionsoverflowed="0" regionsstable="0" regionsrebuilding="10"/>
  </mem-info>
</gc-end>
<concurrent-start id="5813" type="GMP work packet processing" contextid="5626" timestamp="2019-06-16T00:36:34.941">
  <concurrent-mark-start scanTarget="1048576" />
</concurrent-start>
<exclusive-end id="5814" timestamp="2019-06-16T00:36:34.941" durationms="0.877" />

<concurrent-end id="5815" type="GMP work packet processing" contextid="5626" timestamp="2019-06-16T00:36:34.942">
  <concurrent-mark-end bytesScanned="1091648" reasonForTermination="Work target met" />
</concurrent-end>

<exclusive-start id="5816" timestamp="2019-06-16T00:36:34.957" intervalms="16.472">
  <response-info timems="0.069" idlems="0.069" threads="0" lastid="0000000001627700" lastname="main" />
</exclusive-start>
<allocation-taxation id="5817" taxation-threshold="10485760" timestamp="2019-06-16T00:36:34.957" intervalms="16.455" />
<cycle-start id="5818" type="partial gc" contextid="0" timestamp="2019-06-16T00:36:34.957" intervalms="34.986" />
<gc-start id="5819" type="partial gc" contextid="5818" timestamp="2019-06-16T00:36:34.957">
  <mem-info id="5820" free="12582912" total="56623104" percent="22">
    <mem type="eden" free="0" total="20971520" percent="0" />
    <remembered-set count="61504" freebytes="2014208" totalbytes="2260224" percent="89" regionsoverflowed="0" regionsstable="0" regionsrebuilding="10"/>
  </mem-info>
</gc-start>
<allocation-stats totalBytes="20968808" >
  <allocated-bytes non-tlh="0" tlh="20968808" arrayletleaf="0"/>
  <largest-consumer threadName="main" threadId="0000000001627700" bytes="10484440" />
</allocation-stats>
<gc-op id="5821" type="copy forward" timems="1.612" contextid="5818" timestamp="2019-06-16T00:36:34.960">
  <memory-copied type="eden" objects="123" bytes="3816" bytesdiscarded="0" />
  <memory-copied type="other" objects="212" bytes="7216" bytesdiscarded="0" />
  <memory-cardclean objects="66" bytes="10720" />
  <regions eden="20" other="1" />
  <remembered-set-cleared processed="59631" cleared="131" durationms="0.455" />
  <references type="weak" candidates="37" cleared="0" enqueued="0" />
  <stringconstants candidates="13269" cleared="0"  />
</gc-op>
<gc-op id="5822" type="classunload" timems="0.004" contextid="5818" timestamp="2019-06-16T00:36:34.960">
  <classunload-info classloadercandidates="53" classloadersunloaded="0" classesunloaded="0" anonymousclassesunloaded="0" quiescems="0.000" setupms="0.004" scanms="0.000" postms="0.000" />
</gc-op>
<gc-end id="5823" type="partial gc" contextid="5818" durationms="2.729" usertimems="4.000" systemtimems="0.000" timestamp="2019-06-16T00:36:34.960" activeThreads="1">
  <mem-info id="5824" free="32505856" total="56623104" percent="57">
    <mem type="eden" free="1044760" total="1048576" percent="99" />
    <remembered-set count="61824" freebytes="2012928" totalbytes="2260224" percent="89" regionsoverflowed="0" regionsstable="0" regionsrebuilding="10"/>
  </mem-info>
</gc-end>
<cycle-end id="5825" type="partial gc" contextid="5818" timestamp="2019-06-16T00:36:34.960" />
  <attribute name="elasticGC enabled" value="1" />
  <attribute name= "numThreadsSpecified" value="1" />
  <attribute name="heapSize specified" value="0" />
  <attribute name="Current GC Util" value="159" />
  <attribute name= "Current Time Running" value="24624" />
  <attribute name ="GC Interval" value="0" />
  <attribute name="ProportionalT" value="208.500000" />
  <attribute name="ProportionalI" value="208.500000" />
  <attribute name="ProportionalH" value="208.500000" />
  <attribute name="Current Error" value="139.000000" />
  <attribute name="IntegralT" value="0.000000" />
  <attribute name="IntegralI" value="0.000000" />
  <attribute name="IntegralH" value="0.000000" />
  <attribute name="DerivativeT" value="inf" />
  <attribute name="DerivativeI" value="inf" />
  <attribute name="DerivativeH" value="inf" />
  <attribute name="Loop Time for DT" value="0.000000" />
  <attribute name="Output H" value="8388608"/>
  <attribute name="Output I" value="200"/>
  <attribute name="Output T" value="1"/>
  <attribute name="Target GC Util Change" value ="20.000000" />
  <attribute name="Current GC Util Change" value="159.000000"/>
  <attribute name="GC Util currently" value="159" />
  <attribute name="CPU Util currently" value="13233262034057" />
<exclusive-end id="5826" timestamp="2019-06-16T00:36:34.961" durationms="3.641" />

<exclusive-start id="5827" timestamp="2019-06-16T00:36:34.975" intervalms="18.613">
  <response-info timems="0.065" idlems="0.065" threads="0" lastid="0000000001627700" lastname="main" />
</exclusive-start>
<allocation-taxation id="5828" taxation-threshold="10485760" timestamp="2019-06-16T00:36:34.976" intervalms="18.634" />
<gc-start id="5829" type="global mark phase" contextid="5626" timestamp="2019-06-16T00:36:34.976">
  <mem-info id="5830" free="22020096" total="56623104" percent="38">
    <remembered-set count="61536" freebytes="2014080" totalbytes="2260224" percent="89" regionsoverflowed="0" regionsstable="0" regionsrebuilding="10"/>
  </mem-info>
</gc-start>
<gc-end id="5831" type="global mark phase" contextid="5626" durationms="0.140" usertimems="0.000" systemtimems="0.000" timestamp="2019-06-16T00:36:34.976" activeThreads="1">
  <mem-info id="5832" free="22020096" total="56623104" percent="38">
    <remembered-set count="61536" freebytes="2014080" totalbytes="2260224" percent="89" regionsoverflowed="0" regionsstable="0" regionsrebuilding="10"/>
  </mem-info>
</gc-end>
<concurrent-start id="5833" type="GMP work packet processing" contextid="5626" timestamp="2019-06-16T00:36:34.976">
  <concurrent-mark-start scanTarget="1048576" />
</concurrent-start>
<exclusive-end id="5834" timestamp="2019-06-16T00:36:34.976" durationms="0.817" />

<concurrent-end id="5835" type="GMP work packet processing" contextid="5626" timestamp="2019-06-16T00:36:34.977">
  <concurrent-mark-end bytesScanned="1091280" reasonForTermination="Work target met" />
</concurrent-end>

<exclusive-start id="5836" timestamp="2019-06-16T00:36:34.992" intervalms="16.464">
  <response-info timems="0.069" idlems="0.069" threads="0" lastid="0000000001627700" lastname="main" />
</exclusive-start>
<allocation-taxation id="5837" taxation-threshold="10485760" timestamp="2019-06-16T00:36:34.992" intervalms="16.401" />
<cycle-start id="5838" type="partial gc" contextid="0" timestamp="2019-06-16T00:36:34.992" intervalms="35.054" />
<gc-start id="5839" type="partial gc" contextid="5838" timestamp="2019-06-16T00:36:34.993">
  <mem-info id="5840" free="11534336" total="56623104" percent="20">
    <mem type="eden" free="1044760" total="22020096" percent="4" />
    <remembered-set count="62560" freebytes="2009984" totalbytes="2260224" percent="88" regionsoverflowed="0" regionsstable="0" regionsrebuilding="10"/>
  </mem-info>
</gc-start>
<allocation-stats totalBytes="20968984" >
  <allocated-bytes non-tlh="0" tlh="20968984" arrayletleaf="0"/>
  <largest-consumer threadName="main" threadId="0000000001627700" bytes="10484568" />
</allocation-stats>
<gc-op id="5841" type="copy forward" timems="1.577" contextid="5838" timestamp="2019-06-16T00:36:34.995">
  <memory-copied type="eden" objects="123" bytes="3816" bytesdiscarded="0" />
  <memory-copied type="other" objects="0" bytes="0" bytesdiscarded="0" />
  <memory-cardclean objects="21" bytes="1072" />
  <regions eden="20" other="1" />
  <remembered-set-cleared processed="60545" cleared="29" durationms="0.467" />
  <stringconstants candidates="13269" cleared="0"  />
</gc-op>
<gc-op id="5842" type="classunload" timems="0.004" contextid="5838" timestamp="2019-06-16T00:36:34.995">
  <classunload-info classloadercandidates="53" classloadersunloaded="0" classesunloaded="0" anonymousclassesunloaded="0" quiescems="0.000" setupms="0.004" scanms="0.000" postms="0.000" />
</gc-op>
<gc-end id="5843" type="partial gc" contextid="5838" durationms="2.548" usertimems="4.000" systemtimems="0.000" timestamp="2019-06-16T00:36:34.995" activeThreads="1">
  <mem-info id="5844" free="32505856" total="56623104" percent="57">
    <mem type="eden" free="1044760" total="1048576" percent="99" />
    <remembered-set count="63008" freebytes="2008192" totalbytes="2260224" percent="88" regionsoverflowed="0" regionsstable="0" regionsrebuilding="10"/>
  </mem-info>
</gc-end>
<cycle-end id="5845" type="partial gc" contextid="5838" timestamp="2019-06-16T00:36:34.995" />
  <attribute name="elasticGC enabled" value="1" />
  <attribute name= "numThreadsSpecified" value="1" />
  <attribute name="heapSize specified" value="0" />
  <attribute name="Current GC Util" value="164" />
  <attribute name= "Current Time Running" value="24659" />
  <attribute name ="GC Interval" value="0" />
  <attribute name="ProportionalT" value="216.000000" />
  <attribute name="ProportionalI" value="216.000000" />
  <attribute name="ProportionalH" value="216.000000" />
  <attribute name="Current Error" value="144.000000" />
  <attribute name="IntegralT" value="0.000000" />
  <attribute name="IntegralI" value="0.000000" />
  <attribute name="IntegralH" value="0.000000" />
  <attribute name="DerivativeT" value="inf" />
  <attribute name="DerivativeI" value="inf" />
  <attribute name="DerivativeH" value="inf" />
  <attribute name="Loop Time for DT" value="0.000000" />
  <attribute name="Output H" value="8388608"/>
  <attribute name="Output I" value="200"/>
  <attribute name="Output T" value="1"/>
  <attribute name="Target GC Util Change" value ="20.000000" />
  <attribute name="Current GC Util Change" value="164.000000"/>
  <attribute name="GC Util currently" value="164" />
  <attribute name="CPU Util currently" value="13676411484658" />
<exclusive-end id="5846" timestamp="2019-06-16T00:36:34.995" durationms="3.412" />

<exclusive-start id="5847" timestamp="2019-06-16T00:36:35.006" intervalms="13.858">
  <response-info timems="0.058" idlems="0.058" threads="0" lastid="0000000001627700" lastname="main" />
</exclusive-start>
<allocation-taxation id="5848" taxation-threshold="10485760" timestamp="2019-06-16T00:36:35.006" intervalms="13.927" />
<gc-start id="5849" type="global mark phase" contextid="5626" timestamp="2019-06-16T00:36:35.006">
  <mem-info id="5850" free="22020096" total="56623104" percent="38">
    <remembered-set count="62560" freebytes="2009984" totalbytes="2260224" percent="88" regionsoverflowed="0" regionsstable="0" regionsrebuilding="10"/>
  </mem-info>
</gc-start>
<gc-end id="5851" type="global mark phase" contextid="5626" durationms="0.140" usertimems="0.000" systemtimems="0.000" timestamp="2019-06-16T00:36:35.006" activeThreads="1">
  <mem-info id="5852" free="22020096" total="56623104" percent="38">
    <remembered-set count="62560" freebytes="2009984" totalbytes="2260224" percent="88" regionsoverflowed="0" regionsstable="0" regionsrebuilding="10"/>
  </mem-info>
</gc-end>
<concurrent-start id="5853" type="GMP work packet processing" contextid="5626" timestamp="2019-06-16T00:36:35.007">
  <concurrent-mark-start scanTarget="1048576" />
</concurrent-start>
<exclusive-end id="5854" timestamp="2019-06-16T00:36:35.007" durationms="0.874" />

<concurrent-end id="5855" type="GMP work packet processing" contextid="5626" timestamp="2019-06-16T00:36:35.007">
  <concurrent-mark-end bytesScanned="156296" reasonForTermination="Completed all work in GC phase" />
</concurrent-end>

<exclusive-start id="5856" timestamp="2019-06-16T00:36:35.010" intervalms="4.668">
  <response-info timems="0.054" idlems="0.054" threads="0" lastid="0000000001627700" lastname="main" />
</exclusive-start>
<allocation-taxation id="5857" taxation-threshold="10485760" timestamp="2019-06-16T00:36:35.011" intervalms="4.594" />
<cycle-start id="5858" type="partial gc" contextid="0" timestamp="2019-06-16T00:36:35.011" intervalms="18.399" />
<gc-start id="5859" type="partial gc" contextid="5858" timestamp="2019-06-16T00:36:35.011">
  <mem-info id="5860" free="11534336" total="56623104" percent="20">
    <mem type="eden" free="1044760" total="22020096" percent="4" />
    <remembered-set count="63136" freebytes="2007680" totalbytes="2260224" percent="88" regionsoverflowed="0" regionsstable="0" regionsrebuilding="10"/>
  </mem-info>
</gc-start>
<allocation-stats totalBytes="20958328" >
  <allocated-bytes non-tlh="0" tlh="20958328" arrayletleaf="0"/>
  <largest-consumer threadName="main" threadId="0000000001627700" bytes="10477992" />
</allocation-stats>
<gc-op id="5861" type="copy forward" timems="3.544" contextid="5858" timestamp="2019-06-16T00:36:35.015">
  <memory-copied type="eden" objects="135" bytes="4160" bytesdiscarded="1120" />
  <memory-copied type="other" objects="0" bytes="0" bytesdiscarded="0" />
  <memory-cardclean objects="64" bytes="2264" />
  <regions eden="20" other="1" />
  <remembered-set-cleared processed="60773" cleared="54" durationms="0.240" />
  <stringconstants candidates="13269" cleared="0"  />
</gc-op>
<gc-op id="5862" type="classunload" timems="0.004" contextid="5858" timestamp="2019-06-16T00:36:35.015">
  <classunload-info classloadercandidates="53" classloadersunloaded="0" classesunloaded="0" anonymousclassesunloaded="0" quiescems="0.000" setupms="0.003" scanms="0.000" postms="0.000" />
</gc-op>
<gc-end id="5863" type="partial gc" contextid="5858" durationms="4.601" usertimems="4.000" systemtimems="4.000" timestamp="2019-06-16T00:36:35.016" activeThreads="4">
  <mem-info id="5864" free="32505856" total="56623104" percent="57">
    <mem type="eden" free="1043296" total="1048576" percent="99" />
    <remembered-set count="63520" freebytes="2006144" totalbytes="2260224" percent="88" regionsoverflowed="0" regionsstable="0" regionsrebuilding="10"/>
  </mem-info>
</gc-end>
<cycle-end id="5865" type="partial gc" contextid="5858" timestamp="2019-06-16T00:36:35.016" />
  <attribute name="elasticGC enabled" value="1" />
  <attribute name= "numThreadsSpecified" value="4" />
  <attribute name="heapSize specified" value="0" />
  <attribute name="Current GC Util" value="154" />
  <attribute name= "Current Time Running" value="24678" />
  <attribute name ="GC Interval" value="0" />
  <attribute name="ProportionalT" value="201.000000" />
  <attribute name="ProportionalI" value="201.000000" />
  <attribute name="ProportionalH" value="201.000000" />
  <attribute name="Current Error" value="134.000000" />
  <attribute name="IntegralT" value="134.000000" />
  <attribute name="IntegralI" value="134.000000" />
  <attribute name="IntegralH" value="134.000000" />
  <attribute name="DerivativeT" value="64.500000" />
  <attribute name="DerivativeI" value="64.500000" />
  <attribute name="DerivativeH" value="64.500000" />
  <attribute name="Loop Time for DT" value="1.000000" />
  <attribute name="Output H" value="8388608"/>
  <attribute name="Output I" value="400"/>
  <attribute name="Output T" value="4"/>
  <attribute name="Target GC Util Change" value ="20.000000" />
  <attribute name="Current GC Util Change" value="154.000000"/>
  <attribute name="GC Util currently" value="154" />
  <attribute name="CPU Util currently" value="13202235122212" />
<exclusive-end id="5866" timestamp="2019-06-16T00:36:35.016" durationms="5.366" />

<exclusive-start id="5867" timestamp="2019-06-16T00:36:35.019" intervalms="8.951">
  <response-info timems="0.074" idlems="0.074" threads="0" lastid="0000000001627700" lastname="main" />
</exclusive-start>
<allocation-taxation id="5868" taxation-threshold="10485760" timestamp="2019-06-16T00:36:35.020" intervalms="9.023" />
<gc-start id="5869" type="global mark phase" contextid="5626" timestamp="2019-06-16T00:36:35.020">
  <mem-info id="5870" free="22020096" total="56623104" percent="38">
    <remembered-set count="59200" freebytes="2023424" totalbytes="2260224" percent="89" regionsoverflowed="0" regionsstable="1" regionsrebuilding="10"/>
  </mem-info>
</gc-start>
<gc-op id="5871" type="mark increment" timems="5.262" contextid="5626" timestamp="2019-06-16T00:36:35.025">
  <trace-info objectcount="419" scancount="418" scanbytes="242572" />
  <cardclean-info objects="127781" bytes="4047828" />
  <finalization candidates="80" enqueued="0" />
  <ownableSynchronizers candidates="21" cleared="0" />
  <references type="soft" candidates="1849" cleared="1" enqueued="1" dynamicThreshold="18" maxThreshold="32" />
  <references type="weak" candidates="5763" cleared="7" enqueued="3" />
  <references type="phantom" candidates="101" cleared="0" enqueued="0" />
  <stringconstants candidates="13269" cleared="0"  />
</gc-op>
<gc-op id="5872" type="classunload" timems="0.004" contextid="5626" timestamp="2019-06-16T00:36:35.025">
  <classunload-info classloadercandidates="53" classloadersunloaded="0" classesunloaded="0" anonymousclassesunloaded="0" quiescems="0.000" setupms="0.004" scanms="0.000" postms="0.000" />
</gc-op>
<gc-end id="5873" type="global mark phase" contextid="5626" durationms="5.816" usertimems="12.000" systemtimems="0.000" timestamp="2019-06-16T00:36:35.026" activeThreads="4">
  <mem-info id="5874" free="22020096" total="56623104" percent="38">
    <pending-finalizers system="0" default="0" reference="4" classloader="0" />
    <remembered-set count="63808" freebytes="2004992" totalbytes="2260224" percent="88" regionsoverflowed="0" regionsstable="1" regionsrebuilding="0"/>
  </mem-info>
</gc-end>
<cycle-end id="5875" type="global mark phase" contextid="5626" timestamp="2019-06-16T00:36:35.026" />
  <attribute name="elasticGC enabled" value="1" />
  <attribute name= "numThreadsSpecified" value="4" />
  <attribute name="heapSize specified" value="0" />
  <attribute name="Current GC Util" value="176" />
  <attribute name= "Current Time Running" value="24690" />
  <attribute name ="GC Interval" value="0" />
  <attribute name="ProportionalT" value="234.000000" />
  <attribute name="ProportionalI" value="234.000000" />
  <attribute name="ProportionalH" value="234.000000" />
  <attribute name="Current Error" value="156.000000" />
  <attribute name="IntegralT" value="156.000000" />
  <attribute name="IntegralI" value="156.000000" />
  <attribute name="IntegralH" value="156.000000" />
  <attribute name="DerivativeT" value="-37.000000" />
  <attribute name="DerivativeI" value="-37.000000" />
  <attribute name="DerivativeH" value="-37.000000" />
  <attribute name="Loop Time for DT" value="1.000000" />
  <attribute name="Output H" value="8388608"/>
  <attribute name="Output I" value="360"/>
  <attribute name="Output T" value="4"/>
  <attribute name="Target GC Util Change" value ="20.000000" />
  <attribute name="Current GC Util Change" value="176.000000"/>
  <attribute name="GC Util currently" value="176" />
  <attribute name="CPU Util currently" value="6732044278146" />
<exclusive-end id="5876" timestamp="2019-06-16T00:36:35.026" durationms="6.545" />

<exclusive-start id="5877" timestamp="2019-06-16T00:36:35.030" intervalms="10.150">
  <response-info timems="0.081" idlems="0.081" threads="0" lastid="0000000001627700" lastname="main" />
</exclusive-start>
<allocation-taxation id="5878" taxation-threshold="10485760" timestamp="2019-06-16T00:36:35.030" intervalms="10.150" />
<cycle-start id="5879" type="partial gc" contextid="0" timestamp="2019-06-16T00:36:35.030" intervalms="19.309" />
<gc-start id="5880" type="partial gc" contextid="5879" timestamp="2019-06-16T00:36:35.030">
  <mem-info id="5881" free="11534336" total="56623104" percent="20">
    <mem type="eden" free="0" total="20971520" percent="0" />
    <remembered-set count="30432" freebytes="2138496" totalbytes="2260224" percent="94" regionsoverflowed="0" regionsstable="11" regionsrebuilding="0"/>
  </mem-info>
</gc-start>
<allocation-stats totalBytes="20960512" >
  <allocated-bytes non-tlh="0" tlh="20960512" arrayletleaf="0"/>
  <largest-consumer threadName="main" threadId="0000000001627700" bytes="10480608" />
</allocation-stats>
<gc-op id="5882" type="sweep" timems="1.042" contextid="5879" timestamp="2019-06-16T00:36:35.032" />
<gc-op id="5883" type="copy forward" timems="1.090" contextid="5879" timestamp="2019-06-16T00:36:35.033">
  <memory-copied type="eden" objects="7" bytes="536" bytesdiscarded="0" />
  <memory-copied type="other" objects="17" bytes="552" bytesdiscarded="0" />
  <memory-cardclean objects="64" bytes="2496" />
  <regions eden="10" other="2" />
  <remembered-set-cleared processed="28966" cleared="45" durationms="0.271" />
  <stringconstants candidates="13269" cleared="0"  />
</gc-op>
<gc-op id="5884" type="classunload" timems="0.003" contextid="5879" timestamp="2019-06-16T00:36:35.033">
  <classunload-info classloadercandidates="53" classloadersunloaded="0" classesunloaded="0" anonymousclassesunloaded="0" quiescems="0.000" setupms="0.003" scanms="0.000" postms="0.000" />
</gc-op>
<heap-resize id="5885" type="expand" space="default" amount="6291456" count="1" timems="0.062" reason="excessive time being spent in gc" timestamp="2019-06-16T00:36:35.034" />
<gc-end id="5886" type="partial gc" contextid="5879" durationms="3.631" usertimems="0.000" systemtimems="4.000" timestamp="2019-06-16T00:36:35.034" activeThreads="1">
  <mem-info id="5887" free="37748736" total="62914560" percent="60">
    <mem type="eden" free="1048040" total="1048576" percent="99" />
    <remembered-set count="30656" freebytes="2388736" totalbytes="2511360" percent="95" regionsoverflowed="0" regionsstable="11" regionsrebuilding="0"/>
  </mem-info>
</gc-end>
<cycle-end id="5888" type="partial gc" contextid="5879" timestamp="2019-06-16T00:36:35.034" />
  <attribute name="elasticGC enabled" value="1" />
  <attribute name= "numThreadsSpecified" value="1" />
  <attribute name="heapSize specified" value="0" />
  <attribute name="Current GC Util" value="161" />
  <attribute name= "Current Time Running" value="24698" />
  <attribute name ="GC Interval" value="0" />
  <attribute name="ProportionalT" value="211.500000" />
  <attribute name="ProportionalI" value="211.500000" />
  <attribute name="ProportionalH" value="211.500000" />
  <attribute name="Current Error" value="141.000000" />
  <attribute name="IntegralT" value="0.000000" />
  <attribute name="IntegralI" value="0.000000" />
  <attribute name="IntegralH" value="0.000000" />
  <attribute name="DerivativeT" value="inf" />
  <attribute name="DerivativeI" value="inf" />
  <attribute name="DerivativeH" value="inf" />
  <attribute name="Loop Time for DT" value="0.000000" />
  <attribute name="Output H" value="8388608"/>
  <attribute name="Output I" value="200"/>
  <attribute name="Output T" value="1"/>
  <attribute name="Target GC Util Change" value ="20.000000" />
  <attribute name="Current GC Util Change" value="161.000000"/>
  <attribute name="GC Util currently" value="161" />
  <attribute name="CPU Util currently" value="13243941035533" />
<exclusive-end id="5889" timestamp="2019-06-16T00:36:35.034" durationms="4.594" />

<exclusive-start id="5890" timestamp="2019-06-16T00:36:35.038" intervalms="8.166">
  <response-info timems="0.070" idlems="0.070" threads="0" lastid="0000000001627700" lastname="main" />
</exclusive-start>
<allocation-taxation id="5891" taxation-threshold="10485760" timestamp="2019-06-16T00:36:35.038" intervalms="8.127" />
<cycle-start id="5892" type="global mark phase" contextid="0" timestamp="2019-06-16T00:36:35.038" intervalms="316.599" />
<gc-start id="5893" type="global mark phase" contextid="5892" timestamp="2019-06-16T00:36:35.038">
  <mem-info id="5894" free="27262976" total="62914560" percent="43">
    <remembered-set count="30272" freebytes="2390272" totalbytes="2511360" percent="95" regionsoverflowed="0" regionsstable="11" regionsrebuilding="0"/>
  </mem-info>
</gc-start>
<gc-op id="5895" type="mark increment" timems="1.044" contextid="5892" timestamp="2019-06-16T00:36:35.039">
  <trace-info objectcount="172" scancount="0" scanbytes="0" />
</gc-op>
<gc-end id="5896" type="global mark phase" contextid="5892" durationms="1.314" usertimems="0.000" systemtimems="4.000" timestamp="2019-06-16T00:36:35.040" activeThreads="4">
  <mem-info id="5897" free="27262976" total="62914560" percent="43">
    <remembered-set count="30272" freebytes="2390272" totalbytes="2511360" percent="95" regionsoverflowed="0" regionsstable="0" regionsrebuilding="11"/>
  </mem-info>
</gc-end>
<concurrent-start id="5898" type="GMP work packet processing" contextid="5892" timestamp="2019-06-16T00:36:35.040">
  <concurrent-mark-start scanTarget="1592764" />
</concurrent-start>
<exclusive-end id="5899" timestamp="2019-06-16T00:36:35.040" durationms="2.091" />

<concurrent-end id="5900" type="GMP work packet processing" contextid="5892" timestamp="2019-06-16T00:36:35.042">
  <concurrent-mark-end bytesScanned="1671732" reasonForTermination="Work target met" />
</concurrent-end>

<exclusive-start id="5901" timestamp="2019-06-16T00:36:35.046" intervalms="7.879">
  <response-info timems="0.070" idlems="0.070" threads="0" lastid="0000000001627700" lastname="main" />
</exclusive-start>
<allocation-taxation id="5902" taxation-threshold="10485760" timestamp="2019-06-16T00:36:35.046" intervalms="7.852" />
<cycle-start id="5903" type="partial gc" contextid="0" timestamp="2019-06-16T00:36:35.046" intervalms="15.973" />
<gc-start id="5904" type="partial gc" contextid="5903" timestamp="2019-06-16T00:36:35.046">
  <mem-info id="5905" free="16777216" total="62914560" percent="26">
    <mem type="eden" free="1048040" total="22020096" percent="4" />
    <remembered-set count="36672" freebytes="2364672" totalbytes="2511360" percent="94" regionsoverflowed="0" regionsstable="0" regionsrebuilding="11"/>
  </mem-info>
</gc-start>
<allocation-stats totalBytes="20960320" >
  <allocated-bytes non-tlh="0" tlh="20960320" arrayletleaf="0"/>
  <largest-consumer threadName="main" threadId="0000000001627700" bytes="10480552" />
</allocation-stats>
<gc-op id="5906" type="copy forward" timems="4.114" contextid="5903" timestamp="2019-06-16T00:36:35.051">
  <memory-copied type="eden" objects="8" bytes="192" bytesdiscarded="0" />
  <memory-copied type="other" objects="32811" bytes="812816" bytesdiscarded="0" />
  <memory-cardclean objects="7196" bytes="332160" />
  <regions eden="20" other="5" />
  <remembered-set-cleared processed="34921" cleared="1409" durationms="0.328" />
  <references type="soft" candidates="9" cleared="0" enqueued="0" dynamicThreshold="13" maxThreshold="32" />
  <references type="weak" candidates="147" cleared="0" enqueued="0" />
  <stringconstants candidates="13269" cleared="0"  />
</gc-op>
<gc-op id="5907" type="classunload" timems="0.004" contextid="5903" timestamp="2019-06-16T00:36:35.051">
  <classunload-info classloadercandidates="53" classloadersunloaded="0" classesunloaded="0" anonymousclassesunloaded="0" quiescems="0.000" setupms="0.004" scanms="0.000" postms="0.000" />
</gc-op>
<gc-end id="5908" type="partial gc" contextid="5903" durationms="5.224" usertimems="4.000" systemtimems="0.000" timestamp="2019-06-16T00:36:35.051" activeThreads="1">
  <mem-info id="5909" free="39845888" total="62914560" percent="63">
    <mem type="eden" free="1048384" total="1048576" percent="99" />
    <remembered-set count="37280" freebytes="2362240" totalbytes="2511360" percent="94" regionsoverflowed="0" regionsstable="0" regionsrebuilding="11"/>
  </mem-info>
</gc-end>
<cycle-end id="5910" type="partial gc" contextid="5903" timestamp="2019-06-16T00:36:35.052" />
  <attribute name="elasticGC enabled" value="1" />
  <attribute name= "numThreadsSpecified" value="1" />
  <attribute name="heapSize specified" value="0" />
  <attribute name="Current GC Util" value="167" />
  <attribute name= "Current Time Running" value="24713" />
  <attribute name ="GC Interval" value="0" />
  <attribute name="ProportionalT" value="220.500000" />
  <attribute name="ProportionalI" value="220.500000" />
  <attribute name="ProportionalH" value="220.500000" />
  <attribute name="Current Error" value="147.000000" />
  <attribute name="IntegralT" value="0.000000" />
  <attribute name="IntegralI" value="0.000000" />
  <attribute name="IntegralH" value="0.000000" />
  <attribute name="DerivativeT" value="inf" />
  <attribute name="DerivativeI" value="inf" />
  <attribute name="DerivativeH" value="inf" />
  <attribute name="Loop Time for DT" value="0.000000" />
  <attribute name="Output H" value="8388608"/>
  <attribute name="Output I" value="200"/>
  <attribute name="Output T" value="1"/>
  <attribute name="Target GC Util Change" value ="20.000000" />
  <attribute name="Current GC Util Change" value="167.000000"/>
  <attribute name="GC Util currently" value="167" />
  <attribute name="CPU Util currently" value="13764377774994" />
<exclusive-end id="5911" timestamp="2019-06-16T00:36:35.052" durationms="6.145" />

<exclusive-start id="5912" timestamp="2019-06-16T00:36:35.055" intervalms="9.729">
  <response-info timems="0.069" idlems="0.069" threads="0" lastid="0000000001627700" lastname="main" />
</exclusive-start>
<allocation-taxation id="5913" taxation-threshold="10485760" timestamp="2019-06-16T00:36:35.056" intervalms="9.768" />
<gc-start id="5914" type="global mark phase" contextid="5892" timestamp="2019-06-16T00:36:35.056">
  <mem-info id="5915" free="29360128" total="62914560" percent="46">
    <remembered-set count="37216" freebytes="2362496" totalbytes="2511360" percent="94" regionsoverflowed="0" regionsstable="0" regionsrebuilding="11"/>
  </mem-info>
</gc-start>
<gc-end id="5916" type="global mark phase" contextid="5892" durationms="0.146" usertimems="0.000" systemtimems="0.000" timestamp="2019-06-16T00:36:35.056" activeThreads="1">
  <mem-info id="5917" free="29360128" total="62914560" percent="46">
    <remembered-set count="37216" freebytes="2362496" totalbytes="2511360" percent="94" regionsoverflowed="0" regionsstable="0" regionsrebuilding="11"/>
  </mem-info>
</gc-end>
<concurrent-start id="5918" type="GMP work packet processing" contextid="5892" timestamp="2019-06-16T00:36:35.056">
  <concurrent-mark-start scanTarget="1048576" />
</concurrent-start>
<exclusive-end id="5919" timestamp="2019-06-16T00:36:35.056" durationms="0.619" />

<concurrent-end id="5920" type="GMP work packet processing" contextid="5892" timestamp="2019-06-16T00:36:35.057">
  <concurrent-mark-end bytesScanned="1100180" reasonForTermination="Work target met" />
</concurrent-end>

<exclusive-start id="5921" timestamp="2019-06-16T00:36:35.061" intervalms="5.181">
  <response-info timems="0.055" idlems="0.055" threads="0" lastid="0000000001627700" lastname="main" />
</exclusive-start>
<allocation-taxation id="5922" taxation-threshold="10485760" timestamp="2019-06-16T00:36:35.061" intervalms="5.142" />
<cycle-start id="5923" type="partial gc" contextid="0" timestamp="2019-06-16T00:36:35.061" intervalms="14.902" />
<gc-start id="5924" type="partial gc" contextid="5923" timestamp="2019-06-16T00:36:35.061">
  <mem-info id="5925" free="18874368" total="62914560" percent="30">
    <mem type="eden" free="1048384" total="22020096" percent="4" />
    <remembered-set count="41344" freebytes="2345984" totalbytes="2511360" percent="93" regionsoverflowed="0" regionsstable="0" regionsrebuilding="11"/>
  </mem-info>
</gc-start>
<allocation-stats totalBytes="20960192" >
  <allocated-bytes non-tlh="0" tlh="20960192" arrayletleaf="0"/>
  <largest-consumer threadName="main" threadId="0000000001627700" bytes="10480496" />
</allocation-stats>
<gc-op id="5926" type="copy forward" timems="2.717" contextid="5923" timestamp="2019-06-16T00:36:35.065">
  <memory-copied type="eden" objects="5" bytes="288" bytesdiscarded="0" />
  <memory-copied type="other" objects="49" bytes="1448" bytesdiscarded="928" />
  <memory-cardclean objects="48" bytes="10232" />
  <regions eden="20" other="2" />
  <remembered-set-cleared processed="39642" cleared="79" durationms="0.224" />
  <references type="weak" candidates="30" cleared="0" enqueued="0" />
  <stringconstants candidates="13269" cleared="0"  />
</gc-op>
<gc-op id="5927" type="classunload" timems="0.003" contextid="5923" timestamp="2019-06-16T00:36:35.065">
  <classunload-info classloadercandidates="53" classloadersunloaded="0" classesunloaded="0" anonymousclassesunloaded="0" quiescems="0.000" setupms="0.003" scanms="0.000" postms="0.000" />
</gc-op>
<heap-resize id="5928" type="contract" space="default" amount="3145728" count="1" timems="0.075" reason="excess free space following gc" timestamp="2019-06-16T00:36:35.065" />
<gc-end id="5929" type="partial gc" contextid="5923" durationms="4.009" usertimems="8.000" systemtimems="0.000" timestamp="2019-06-16T00:36:35.065" activeThreads="4">
  <mem-info id="5930" free="36700160" total="59768832" percent="61">
    <mem type="eden" free="1048288" total="1048576" percent="99" />
    <remembered-set count="42080" freebytes="2343040" totalbytes="2511360" percent="93" regionsoverflowed="0" regionsstable="0" regionsrebuilding="11"/>
  </mem-info>
</gc-end>
<cycle-end id="5931" type="partial gc" contextid="5923" timestamp="2019-06-16T00:36:35.065" />
  <attribute name="elasticGC enabled" value="1" />
  <attribute name= "numThreadsSpecified" value="4" />
  <attribute name="heapSize specified" value="0" />
  <attribute name="Current GC Util" value="159" />
  <attribute name= "Current Time Running" value="24728" />
  <attribute name ="GC Interval" value="0" />
  <attribute name="ProportionalT" value="208.500000" />
  <attribute name="ProportionalI" value="208.500000" />
  <attribute name="ProportionalH" value="208.500000" />
  <attribute name="Current Error" value="139.000000" />
  <attribute name="IntegralT" value="139.000000" />
  <attribute name="IntegralI" value="139.000000" />
  <attribute name="IntegralH" value="139.000000" />
  <attribute name="DerivativeT" value="47.500000" />
  <attribute name="DerivativeI" value="47.500000" />
  <attribute name="DerivativeH" value="47.500000" />
  <attribute name="Loop Time for DT" value="1.000000" />
  <attribute name="Output H" value="8388608"/>
  <attribute name="Output I" value="400"/>
  <attribute name="Output T" value="4"/>
  <attribute name="Target GC Util Change" value ="20.000000" />
  <attribute name="Current GC Util Change" value="159.000000"/>
  <attribute name="GC Util currently" value="159" />
  <attribute name="CPU Util currently" value="13052581687201" />
<exclusive-end id="5932" timestamp="2019-06-16T00:36:35.065" durationms="4.891" />

<exclusive-start id="5933" timestamp="2019-06-16T00:36:35.069" intervalms="8.488">
  <response-info timems="0.053" idlems="0.053" threads="0" lastid="0000000001627700" lastname="main" />
</exclusive-start>
<allocation-taxation id="5934" taxation-threshold="10485760" timestamp="2019-06-16T00:36:35.069" intervalms="8.543" />
<gc-start id="5935" type="global mark phase" contextid="5892" timestamp="2019-06-16T00:36:35.069">
  <mem-info id="5936" free="26214400" total="59768832" percent="43">
    <remembered-set count="42080" freebytes="2343040" totalbytes="2511360" percent="93" regionsoverflowed="0" regionsstable="0" regionsrebuilding="11"/>
  </mem-info>
</gc-start>
<gc-end id="5937" type="global mark phase" contextid="5892" durationms="0.139" usertimems="0.000" systemtimems="0.000" timestamp="2019-06-16T00:36:35.070" activeThreads="4">
  <mem-info id="5938" free="26214400" total="59768832" percent="43">
    <remembered-set count="42080" freebytes="2343040" totalbytes="2511360" percent="93" regionsoverflowed="0" regionsstable="0" regionsrebuilding="11"/>
  </mem-info>
</gc-end>
<concurrent-start id="5939" type="GMP work packet processing" contextid="5892" timestamp="2019-06-16T00:36:35.070">
  <concurrent-mark-start scanTarget="1592764" />
</concurrent-start>
<exclusive-end id="5940" timestamp="2019-06-16T00:36:35.070" durationms="0.775" />

<concurrent-end id="5941" type="GMP work packet processing" contextid="5892" timestamp="2019-06-16T00:36:35.071">
  <concurrent-mark-end bytesScanned="1632892" reasonForTermination="Work target met" />
</concurrent-end>

<exclusive-start id="5942" timestamp="2019-06-16T00:36:35.075" intervalms="5.510">
  <response-info timems="0.055" idlems="0.055" threads="0" lastid="0000000001627700" lastname="main" />
</exclusive-start>
<allocation-taxation id="5943" taxation-threshold="10485760" timestamp="2019-06-16T00:36:35.075" intervalms="5.453" />
<cycle-start id="5944" type="partial gc" contextid="0" timestamp="2019-06-16T00:36:35.075" intervalms="13.924" />
<gc-start id="5945" type="partial gc" contextid="5944" timestamp="2019-06-16T00:36:35.075">
  <mem-info id="5946" free="15728640" total="59768832" percent="26">
    <mem type="eden" free="1048288" total="22020096" percent="4" />
    <remembered-set count="46720" freebytes="2324480" totalbytes="2511360" percent="92" regionsoverflowed="0" regionsstable="0" regionsrebuilding="11"/>
  </mem-info>
</gc-start>
<allocation-stats totalBytes="20960400" >
  <allocated-bytes non-tlh="0" tlh="20960400" arrayletleaf="0"/>
  <largest-consumer threadName="main" threadId="0000000001627700" bytes="10480424" />
</allocation-stats>
<gc-op id="5947" type="copy forward" timems="5.211" contextid="5944" timestamp="2019-06-16T00:36:35.081">
  <memory-copied type="eden" objects="7" bytes="704" bytesdiscarded="0" />
  <memory-copied type="other" objects="0" bytes="0" bytesdiscarded="0" />
  <memory-cardclean objects="50848" bytes="2149784" />
  <regions eden="20" other="1" />
  <remembered-set-cleared processed="30095" cleared="7095" durationms="0.237" />
  <stringconstants candidates="13269" cleared="0"  />
</gc-op>
<gc-op id="5948" type="classunload" timems="0.004" contextid="5944" timestamp="2019-06-16T00:36:35.081">
  <classunload-info classloadercandidates="53" classloadersunloaded="0" classesunloaded="0" anonymousclassesunloaded="0" quiescems="0.000" setupms="0.003" scanms="0.000" postms="0.000" />
</gc-op>
<gc-end id="5949" type="partial gc" contextid="5944" durationms="6.449" usertimems="12.000" systemtimems="0.000" timestamp="2019-06-16T00:36:35.081" activeThreads="4">
  <mem-info id="5950" free="36700160" total="59768832" percent="61">
    <mem type="eden" free="1047872" total="1048576" percent="99" />
    <remembered-set count="38560" freebytes="2231552" totalbytes="2385792" percent="93" regionsoverflowed="0" regionsstable="0" regionsrebuilding="11"/>
  </mem-info>
</gc-end>
<cycle-end id="5951" type="partial gc" contextid="5944" timestamp="2019-06-16T00:36:35.082" />
  <attribute name="elasticGC enabled" value="1" />
  <attribute name= "numThreadsSpecified" value="4" />
  <attribute name="heapSize specified" value="0" />
  <attribute name="Current GC Util" value="122" />
  <attribute name= "Current Time Running" value="24742" />
  <attribute name ="GC Interval" value="0" />
  <attribute name="ProportionalT" value="153.000000" />
  <attribute name="ProportionalI" value="153.000000" />
  <attribute name="ProportionalH" value="153.000000" />
  <attribute name="Current Error" value="102.000000" />
  <attribute name="IntegralT" value="102.000000" />
  <attribute name="IntegralI" value="102.000000" />
  <attribute name="IntegralH" value="102.000000" />
  <attribute name="DerivativeT" value="26.500000" />
  <attribute name="DerivativeI" value="26.500000" />
  <attribute name="DerivativeH" value="26.500000" />
  <attribute name="Loop Time for DT" value="1.000000" />
  <attribute name="Output H" value="8388608"/>
  <attribute name="Output I" value="288"/>
  <attribute name="Output T" value="4"/>
  <attribute name="Target GC Util Change" value ="20.000000" />
  <attribute name="Current GC Util Change" value="122.000000"/>
  <attribute name="GC Util currently" value="122" />
  <attribute name="CPU Util currently" value="7979440901669" />
<exclusive-end id="5952" timestamp="2019-06-16T00:36:35.082" durationms="7.204" />

<exclusive-start id="5953" timestamp="2019-06-16T00:36:35.085" intervalms="10.800">
  <response-info timems="0.070" idlems="0.070" threads="0" lastid="0000000001627700" lastname="main" />
</exclusive-start>
<allocation-taxation id="5954" taxation-threshold="10485760" timestamp="2019-06-16T00:36:35.086" intervalms="10.870" />
<gc-start id="5955" type="global mark phase" contextid="5892" timestamp="2019-06-16T00:36:35.086">
  <mem-info id="5956" free="26214400" total="59768832" percent="43">
    <remembered-set count="38560" freebytes="2231552" totalbytes="2385792" percent="93" regionsoverflowed="0" regionsstable="0" regionsrebuilding="11"/>
  </mem-info>
</gc-start>
<gc-end id="5957" type="global mark phase" contextid="5892" durationms="0.133" usertimems="0.000" systemtimems="0.000" timestamp="2019-06-16T00:36:35.086" activeThreads="4">
  <mem-info id="5958" free="26214400" total="59768832" percent="43">
    <remembered-set count="38560" freebytes="2231552" totalbytes="2385792" percent="93" regionsoverflowed="0" regionsstable="0" regionsrebuilding="11"/>
  </mem-info>
</gc-end>
<concurrent-start id="5959" type="GMP work packet processing" contextid="5892" timestamp="2019-06-16T00:36:35.086">
  <concurrent-mark-start scanTarget="1592764" />
</concurrent-start>
<exclusive-end id="5960" timestamp="2019-06-16T00:36:35.086" durationms="0.923" />

<concurrent-end id="5961" type="GMP work packet processing" contextid="5892" timestamp="2019-06-16T00:36:35.087">
  <concurrent-mark-end bytesScanned="1623084" reasonForTermination="Work target met" />
</concurrent-end>

<exclusive-start id="5962" timestamp="2019-06-16T00:36:35.091" intervalms="5.365">
  <response-info timems="0.055" idlems="0.055" threads="0" lastid="0000000001627700" lastname="main" />
</exclusive-start>
<allocation-taxation id="5963" taxation-threshold="10485760" timestamp="2019-06-16T00:36:35.091" intervalms="5.346" />
<cycle-start id="5964" type="partial gc" contextid="0" timestamp="2019-06-16T00:36:35.091" intervalms="16.293" />
<gc-start id="5965" type="partial gc" contextid="5964" timestamp="2019-06-16T00:36:35.091">
  <mem-info id="5966" free="15728640" total="59768832" percent="26">
    <mem type="eden" free="1047872" total="22020096" percent="4" />
    <remembered-set count="42304" freebytes="2216576" totalbytes="2385792" percent="92" regionsoverflowed="0" regionsstable="0" regionsrebuilding="11"/>
  </mem-info>
</gc-start>
<allocation-stats totalBytes="20960120" >
  <allocated-bytes non-tlh="0" tlh="20960120" arrayletleaf="0"/>
  <largest-consumer threadName="main" threadId="0000000001627700" bytes="10480336" />
</allocation-stats>
<gc-op id="5967" type="copy forward" timems="1.410" contextid="5964" timestamp="2019-06-16T00:36:35.094">
  <memory-copied type="eden" objects="5" bytes="272" bytesdiscarded="0" />
  <memory-copied type="other" objects="0" bytes="0" bytesdiscarded="0" />
  <memory-cardclean objects="15" bytes="512" />
  <regions eden="20" other="1" />
  <remembered-set-cleared processed="40364" cleared="10" durationms="0.339" />
  <stringconstants candidates="13269" cleared="0"  />
</gc-op>
<gc-op id="5968" type="classunload" timems="0.004" contextid="5964" timestamp="2019-06-16T00:36:35.094">
  <classunload-info classloadercandidates="53" classloadersunloaded="0" classesunloaded="0" anonymousclassesunloaded="0" quiescems="0.000" setupms="0.003" scanms="0.000" postms="0.000" />
</gc-op>
<gc-end id="5969" type="partial gc" contextid="5964" durationms="2.569" usertimems="4.000" systemtimems="0.000" timestamp="2019-06-16T00:36:35.094" activeThreads="1">
  <mem-info id="5970" free="36700160" total="59768832" percent="61">
    <mem type="eden" free="1048304" total="1048576" percent="99" />
    <remembered-set count="42784" freebytes="2214656" totalbytes="2385792" percent="92" regionsoverflowed="0" regionsstable="0" regionsrebuilding="11"/>
  </mem-info>
</gc-end>
<cycle-end id="5971" type="partial gc" contextid="5964" timestamp="2019-06-16T00:36:35.094" />
  <attribute name="elasticGC enabled" value="1" />
  <attribute name= "numThreadsSpecified" value="1" />
  <attribute name="heapSize specified" value="0" />
  <attribute name="Current GC Util" value="160" />
  <attribute name= "Current Time Running" value="24758" />
  <attribute name ="GC Interval" value="0" />
  <attribute name="ProportionalT" value="210.000000" />
  <attribute name="ProportionalI" value="210.000000" />
  <attribute name="ProportionalH" value="210.000000" />
  <attribute name="Current Error" value="140.000000" />
  <attribute name="IntegralT" value="0.000000" />
  <attribute name="IntegralI" value="0.000000" />
  <attribute name="IntegralH" value="0.000000" />
  <attribute name="DerivativeT" value="inf" />
  <attribute name="DerivativeI" value="inf" />
  <attribute name="DerivativeH" value="inf" />
  <attribute name="Loop Time for DT" value="0.000000" />
  <attribute name="Output H" value="8388608"/>
  <attribute name="Output I" value="200"/>
  <attribute name="Output T" value="1"/>
  <attribute name="Target GC Util Change" value ="20.000000" />
  <attribute name="Current GC Util Change" value="160.000000"/>
  <attribute name="GC Util currently" value="160" />
  <attribute name="CPU Util currently" value="12415829243690" />
<exclusive-end id="5972" timestamp="2019-06-16T00:36:35.094" durationms="3.500" />

<exclusive-start id="5973" timestamp="2019-06-16T00:36:35.098" intervalms="7.082">
  <response-info timems="0.066" idlems="0.066" threads="0" lastid="0000000001627700" lastname="main" />
</exclusive-start>
<allocation-taxation id="5974" taxation-threshold="10485760" timestamp="2019-06-16T00:36:35.098" intervalms="7.097" />
<gc-start id="5975" type="global mark phase" contextid="5892" timestamp="2019-06-16T00:36:35.098">
  <mem-info id="5976" free="26214400" total="59768832" percent="43">
    <remembered-set count="42336" freebytes="2216448" totalbytes="2385792" percent="92" regionsoverflowed="0" regionsstable="0" regionsrebuilding="11"/>
  </mem-info>
</gc-start>
<gc-end id="5977" type="global mark phase" contextid="5892" durationms="0.146" usertimems="0.000" systemtimems="0.000" timestamp="2019-06-16T00:36:35.098" activeThreads="1">
  <mem-info id="5978" free="26214400" total="59768832" percent="43">
    <remembered-set count="42336" freebytes="2216448" totalbytes="2385792" percent="92" regionsoverflowed="0" regionsstable="0" regionsrebuilding="11"/>
  </mem-info>
</gc-end>
<concurrent-start id="5979" type="GMP work packet processing" contextid="5892" timestamp="2019-06-16T00:36:35.098">
  <concurrent-mark-start scanTarget="1048576" />
</concurrent-start>
<exclusive-end id="5980" timestamp="2019-06-16T00:36:35.099" durationms="0.797" />

<concurrent-end id="5981" type="GMP work packet processing" contextid="5892" timestamp="2019-06-16T00:36:35.100">
  <concurrent-mark-end bytesScanned="1081480" reasonForTermination="Work target met" />
</concurrent-end>

<exclusive-start id="5982" timestamp="2019-06-16T00:36:35.103" intervalms="5.088">
  <response-info timems="0.061" idlems="0.061" threads="0" lastid="0000000001627700" lastname="main" />
</exclusive-start>
<allocation-taxation id="5983" taxation-threshold="10485760" timestamp="2019-06-16T00:36:35.103" intervalms="5.015" />
<cycle-start id="5984" type="partial gc" contextid="0" timestamp="2019-06-16T00:36:35.103" intervalms="12.158" />
<gc-start id="5985" type="partial gc" contextid="5984" timestamp="2019-06-16T00:36:35.103">
  <mem-info id="5986" free="15728640" total="59768832" percent="26">
    <mem type="eden" free="1048304" total="22020096" percent="4" />
    <remembered-set count="44416" freebytes="2208128" totalbytes="2385792" percent="92" regionsoverflowed="0" regionsstable="0" regionsrebuilding="11"/>
  </mem-info>
</gc-start>
<allocation-stats totalBytes="20959792" >
  <allocated-bytes non-tlh="0" tlh="20959792" arrayletleaf="0"/>
  <largest-consumer threadName="main" threadId="0000000001627700" bytes="10480584" />
</allocation-stats>
<gc-op id="5987" type="copy forward" timems="1.460" contextid="5984" timestamp="2019-06-16T00:36:35.106">
  <memory-copied type="eden" objects="5" bytes="368" bytesdiscarded="0" />
  <memory-copied type="other" objects="0" bytes="0" bytesdiscarded="0" />
  <memory-cardclean objects="15" bytes="512" />
  <regions eden="20" other="1" />
  <remembered-set-cleared processed="42237" cleared="11" durationms="0.346" />
  <stringconstants candidates="13269" cleared="0"  />
</gc-op>
<gc-op id="5988" type="classunload" timems="0.004" contextid="5984" timestamp="2019-06-16T00:36:35.106">
  <classunload-info classloadercandidates="53" classloadersunloaded="0" classesunloaded="0" anonymousclassesunloaded="0" quiescems="0.000" setupms="0.004" scanms="0.000" postms="0.000" />
</gc-op>
<gc-end id="5989" type="partial gc" contextid="5984" durationms="2.730" usertimems="0.000" systemtimems="0.000" timestamp="2019-06-16T00:36:35.106" activeThreads="1">
  <mem-info id="5990" free="36700160" total="59768832" percent="61">
    <mem type="eden" free="1048208" total="1048576" percent="99" />
    <remembered-set count="44864" freebytes="2206336" totalbytes="2385792" percent="92" regionsoverflowed="0" regionsstable="0" regionsrebuilding="11"/>
  </mem-info>
</gc-end>
<cycle-end id="5991" type="partial gc" contextid="5984" timestamp="2019-06-16T00:36:35.106" />
  <attribute name="elasticGC enabled" value="1" />
  <attribute name= "numThreadsSpecified" value="1" />
  <attribute name="heapSize specified" value="0" />
  <attribute name="Current GC Util" value="156" />
  <attribute name= "Current Time Running" value="24770" />
  <attribute name ="GC Interval" value="0" />
  <attribute name="ProportionalT" value="204.000000" />
  <attribute name="ProportionalI" value="204.000000" />
  <attribute name="ProportionalH" value="204.000000" />
  <attribute name="Current Error" value="136.000000" />
  <attribute name="IntegralT" value="0.000000" />
  <attribute name="IntegralI" value="0.000000" />
  <attribute name="IntegralH" value="0.000000" />
  <attribute name="DerivativeT" value="inf" />
  <attribute name="DerivativeI" value="inf" />
  <attribute name="DerivativeH" value="inf" />
  <attribute name="Loop Time for DT" value="0.000000" />
  <attribute name="Output H" value="8388608"/>
  <attribute name="Output I" value="200"/>
  <attribute name="Output T" value="1"/>
  <attribute name="Target GC Util Change" value ="20.000000" />
  <attribute name="Current GC Util Change" value="156.000000"/>
  <attribute name="GC Util currently" value="156" />
  <attribute name="CPU Util currently" value="12948427244569" />
<exclusive-end id="5992" timestamp="2019-06-16T00:36:35.106" durationms="3.595" />

<exclusive-start id="5993" timestamp="2019-06-16T00:36:35.110" intervalms="7.173">
  <response-info timems="0.068" idlems="0.068" threads="0" lastid="0000000001627700" lastname="main" />
</exclusive-start>
<allocation-taxation id="5994" taxation-threshold="10485760" timestamp="2019-06-16T00:36:35.110" intervalms="7.187" />
<gc-start id="5995" type="global mark phase" contextid="5892" timestamp="2019-06-16T00:36:35.110">
  <mem-info id="5996" free="26214400" total="59768832" percent="43">
    <remembered-set count="44416" freebytes="2208128" totalbytes="2385792" percent="92" regionsoverflowed="0" regionsstable="0" regionsrebuilding="11"/>
  </mem-info>
</gc-start>
<gc-end id="5997" type="global mark phase" contextid="5892" durationms="0.138" usertimems="0.000" systemtimems="0.000" timestamp="2019-06-16T00:36:35.111" activeThreads="1">
  <mem-info id="5998" free="26214400" total="59768832" percent="43">
    <remembered-set count="44416" freebytes="2208128" totalbytes="2385792" percent="92" regionsoverflowed="0" regionsstable="0" regionsrebuilding="11"/>
  </mem-info>
</gc-end>
<concurrent-start id="5999" type="GMP work packet processing" contextid="5892" timestamp="2019-06-16T00:36:35.111">
  <concurrent-mark-start scanTarget="1048576" />
</concurrent-start>
<exclusive-end id="6000" timestamp="2019-06-16T00:36:35.111" durationms="0.718" />

<concurrent-end id="6001" type="GMP work packet processing" contextid="5892" timestamp="2019-06-16T00:36:35.112">
  <concurrent-mark-end bytesScanned="1092544" reasonForTermination="Work target met" />
</concurrent-end>

<exclusive-start id="6002" timestamp="2019-06-16T00:36:35.115" intervalms="4.951">
  <response-info timems="0.022" idlems="0.022" threads="0" lastid="0000000001627700" lastname="main" />
</exclusive-start>
<allocation-taxation id="6003" taxation-threshold="10485760" timestamp="2019-06-16T00:36:35.115" intervalms="4.919" />
<cycle-start id="6004" type="partial gc" contextid="0" timestamp="2019-06-16T00:36:35.115" intervalms="12.009" />
<gc-start id="6005" type="partial gc" contextid="6004" timestamp="2019-06-16T00:36:35.115">
  <mem-info id="6006" free="15728640" total="59768832" percent="26">
    <mem type="eden" free="1048208" total="22020096" percent="4" />
    <remembered-set count="45952" freebytes="2201984" totalbytes="2385792" percent="92" regionsoverflowed="0" regionsstable="0" regionsrebuilding="11"/>
  </mem-info>
</gc-start>
<allocation-stats totalBytes="20960328" >
  <allocated-bytes non-tlh="0" tlh="20960328" arrayletleaf="0"/>
  <largest-consumer threadName="main" threadId="0000000001627700" bytes="10480400" />
</allocation-stats>
<gc-op id="6007" type="copy forward" timems="1.433" contextid="6004" timestamp="2019-06-16T00:36:35.118">
  <memory-copied type="eden" objects="5" bytes="240" bytesdiscarded="0" />
  <memory-copied type="other" objects="0" bytes="0" bytesdiscarded="0" />
  <memory-cardclean objects="15" bytes="512" />
  <regions eden="20" other="1" />
  <remembered-set-cleared processed="43939" cleared="11" durationms="0.370" />
  <stringconstants candidates="13269" cleared="0"  />
</gc-op>
<gc-op id="6008" type="classunload" timems="0.004" contextid="6004" timestamp="2019-06-16T00:36:35.118">
  <classunload-info classloadercandidates="53" classloadersunloaded="0" classesunloaded="0" anonymousclassesunloaded="0" quiescems="0.000" setupms="0.003" scanms="0.000" postms="0.000" />
</gc-op>
<gc-end id="6009" type="partial gc" contextid="6004" durationms="2.579" usertimems="0.000" systemtimems="4.000" timestamp="2019-06-16T00:36:35.118" activeThreads="1">
  <mem-info id="6010" free="36700160" total="59768832" percent="61">
    <mem type="eden" free="1048336" total="1048576" percent="99" />
    <remembered-set count="46400" freebytes="2200192" totalbytes="2385792" percent="92" regionsoverflowed="0" regionsstable="0" regionsrebuilding="11"/>
  </mem-info>
</gc-end>
<cycle-end id="6011" type="partial gc" contextid="6004" timestamp="2019-06-16T00:36:35.118" />
  <attribute name="elasticGC enabled" value="1" />
  <attribute name= "numThreadsSpecified" value="1" />
  <attribute name="heapSize specified" value="0" />
  <attribute name="Current GC Util" value="158" />
  <attribute name= "Current Time Running" value="24782" />
  <attribute name ="GC Interval" value="0" />
  <attribute name="ProportionalT" value="207.000000" />
  <attribute name="ProportionalI" value="207.000000" />
  <attribute name="ProportionalH" value="207.000000" />
  <attribute name="Current Error" value="138.000000" />
  <attribute name="IntegralT" value="0.000000" />
  <attribute name="IntegralI" value="0.000000" />
  <attribute name="IntegralH" value="0.000000" />
  <attribute name="DerivativeT" value="inf" />
  <attribute name="DerivativeI" value="inf" />
  <attribute name="DerivativeH" value="inf" />
  <attribute name="Loop Time for DT" value="0.000000" />
  <attribute name="Output H" value="8388608"/>
  <attribute name="Output I" value="200"/>
  <attribute name="Output T" value="1"/>
  <attribute name="Target GC Util Change" value ="20.000000" />
  <attribute name="Current GC Util Change" value="158.000000"/>
  <attribute name="GC Util currently" value="158" />
  <attribute name="CPU Util currently" value="13000295854200" />
<exclusive-end id="6012" timestamp="2019-06-16T00:36:35.118" durationms="3.391" />

<exclusive-start id="6013" timestamp="2019-06-16T00:36:35.122" intervalms="6.970">
  <response-info timems="0.068" idlems="0.068" threads="0" lastid="0000000001627700" lastname="main" />
</exclusive-start>
<allocation-taxation id="6014" taxation-threshold="10485760" timestamp="2019-06-16T00:36:35.122" intervalms="7.061" />
<gc-start id="6015" type="global mark phase" contextid="5892" timestamp="2019-06-16T00:36:35.122">
  <mem-info id="6016" free="26214400" total="59768832" percent="43">
    <remembered-set count="45952" freebytes="2201984" totalbytes="2385792" percent="92" regionsoverflowed="0" regionsstable="0" regionsrebuilding="11"/>
  </mem-info>
</gc-start>
<gc-end id="6017" type="global mark phase" contextid="5892" durationms="0.141" usertimems="0.000" systemtimems="0.000" timestamp="2019-06-16T00:36:35.123" activeThreads="1">
  <mem-info id="6018" free="26214400" total="59768832" percent="43">
    <remembered-set count="45952" freebytes="2201984" totalbytes="2385792" percent="92" regionsoverflowed="0" regionsstable="0" regionsrebuilding="11"/>
  </mem-info>
</gc-end>
<concurrent-start id="6019" type="GMP work packet processing" contextid="5892" timestamp="2019-06-16T00:36:35.123">
  <concurrent-mark-start scanTarget="1048576" />
</concurrent-start>
<exclusive-end id="6020" timestamp="2019-06-16T00:36:35.123" durationms="0.738" />

<concurrent-end id="6021" type="GMP work packet processing" contextid="5892" timestamp="2019-06-16T00:36:35.124">
  <concurrent-mark-end bytesScanned="1093880" reasonForTermination="Work target met" />
</concurrent-end>

<exclusive-start id="6022" timestamp="2019-06-16T00:36:35.127" intervalms="5.249">
  <response-info timems="0.068" idlems="0.068" threads="0" lastid="0000000001627700" lastname="main" />
</exclusive-start>
<allocation-taxation id="6023" taxation-threshold="10485760" timestamp="2019-06-16T00:36:35.127" intervalms="5.183" />
<cycle-start id="6024" type="partial gc" contextid="0" timestamp="2019-06-16T00:36:35.127" intervalms="12.202" />
<gc-start id="6025" type="partial gc" contextid="6024" timestamp="2019-06-16T00:36:35.128">
  <mem-info id="6026" free="15728640" total="59768832" percent="26">
    <mem type="eden" free="1048336" total="22020096" percent="4" />
    <remembered-set count="52192" freebytes="2177024" totalbytes="2385792" percent="91" regionsoverflowed="0" regionsstable="0" regionsrebuilding="11"/>
  </mem-info>
</gc-start>
<allocation-stats totalBytes="20960968" >
  <allocated-bytes non-tlh="0" tlh="20960968" arrayletleaf="0"/>
  <largest-consumer threadName="main" threadId="0000000001627700" bytes="10480584" />
</allocation-stats>
<gc-op id="6027" type="copy forward" timems="1.496" contextid="6024" timestamp="2019-06-16T00:36:35.130">
  <memory-copied type="eden" objects="5" bytes="368" bytesdiscarded="0" />
  <memory-copied type="other" objects="0" bytes="0" bytesdiscarded="0" />
  <memory-cardclean objects="15" bytes="512" />
  <regions eden="20" other="1" />
  <remembered-set-cleared processed="50001" cleared="11" durationms="0.392" />
  <stringconstants candidates="13269" cleared="0"  />
</gc-op>
<gc-op id="6028" type="classunload" timems="0.004" contextid="6024" timestamp="2019-06-16T00:36:35.130">
  <classunload-info classloadercandidates="53" classloadersunloaded="0" classesunloaded="0" anonymousclassesunloaded="0" quiescems="0.000" setupms="0.004" scanms="0.000" postms="0.000" />
</gc-op>
<gc-end id="6029" type="partial gc" contextid="6024" durationms="2.537" usertimems="4.000" systemtimems="0.000" timestamp="2019-06-16T00:36:35.130" activeThreads="1">
  <mem-info id="6030" free="36700160" total="59768832" percent="61">
    <mem type="eden" free="1048208" total="1048576" percent="99" />
    <remembered-set count="52640" freebytes="2175232" totalbytes="2385792" percent="91" regionsoverflowed="0" regionsstable="0" regionsrebuilding="11"/>
  </mem-info>
</gc-end>
<cycle-end id="6031" type="partial gc" contextid="6024" timestamp="2019-06-16T00:36:35.130" />
  <attribute name="elasticGC enabled" value="1" />
  <attribute name= "numThreadsSpecified" value="1" />
  <attribute name="heapSize specified" value="0" />
  <attribute name="Current GC Util" value="158" />
  <attribute name= "Current Time Running" value="24794" />
  <attribute name ="GC Interval" value="0" />
  <attribute name="ProportionalT" value="207.000000" />
  <attribute name="ProportionalI" value="207.000000" />
  <attribute name="ProportionalH" value="207.000000" />
  <attribute name="Current Error" value="138.000000" />
  <attribute name="IntegralT" value="0.000000" />
  <attribute name="IntegralI" value="0.000000" />
  <attribute name="IntegralH" value="0.000000" />
  <attribute name="DerivativeT" value="inf" />
  <attribute name="DerivativeI" value="inf" />
  <attribute name="DerivativeH" value="inf" />
  <attribute name="Loop Time for DT" value="0.000000" />
  <attribute name="Output H" value="8388608"/>
  <attribute name="Output I" value="200"/>
  <attribute name="Output T" value="1"/>
  <attribute name="Target GC Util Change" value ="20.000000" />
  <attribute name="Current GC Util Change" value="158.000000"/>
  <attribute name="GC Util currently" value="158" />
  <attribute name="CPU Util currently" value="13154746957190" />
<exclusive-end id="6032" timestamp="2019-06-16T00:36:35.130" durationms="3.284" />

<exclusive-start id="6033" timestamp="2019-06-16T00:36:35.134" intervalms="6.848">
  <response-info timems="0.068" idlems="0.068" threads="0" lastid="0000000001627700" lastname="main" />
</exclusive-start>
<allocation-taxation id="6034" taxation-threshold="10485760" timestamp="2019-06-16T00:36:35.134" intervalms="6.924" />
<gc-start id="6035" type="global mark phase" contextid="5892" timestamp="2019-06-16T00:36:35.134">
  <mem-info id="6036" free="26214400" total="59768832" percent="43">
    <remembered-set count="52192" freebytes="2177024" totalbytes="2385792" percent="91" regionsoverflowed="0" regionsstable="0" regionsrebuilding="11"/>
  </mem-info>
</gc-start>
<gc-end id="6037" type="global mark phase" contextid="5892" durationms="0.125" usertimems="0.000" systemtimems="0.000" timestamp="2019-06-16T00:36:35.135" activeThreads="1">
  <mem-info id="6038" free="26214400" total="59768832" percent="43">
    <remembered-set count="52192" freebytes="2177024" totalbytes="2385792" percent="91" regionsoverflowed="0" regionsstable="0" regionsrebuilding="11"/>
  </mem-info>
</gc-end>
<concurrent-start id="6039" type="GMP work packet processing" contextid="5892" timestamp="2019-06-16T00:36:35.135">
  <concurrent-mark-start scanTarget="1048576" />
</concurrent-start>
<exclusive-end id="6040" timestamp="2019-06-16T00:36:35.135" durationms="0.696" />

<concurrent-end id="6041" type="GMP work packet processing" contextid="5892" timestamp="2019-06-16T00:36:35.136">
  <concurrent-mark-end bytesScanned="1104148" reasonForTermination="Work target met" />
</concurrent-end>

<exclusive-start id="6042" timestamp="2019-06-16T00:36:35.139" intervalms="5.135">
  <response-info timems="0.057" idlems="0.057" threads="0" lastid="0000000001627700" lastname="main" />
</exclusive-start>
<allocation-taxation id="6043" taxation-threshold="10485760" timestamp="2019-06-16T00:36:35.139" intervalms="5.023" />
<cycle-start id="6044" type="partial gc" contextid="0" timestamp="2019-06-16T00:36:35.139" intervalms="11.998" />
<gc-start id="6045" type="partial gc" contextid="6044" timestamp="2019-06-16T00:36:35.140">
  <mem-info id="6046" free="15728640" total="59768832" percent="26">
    <mem type="eden" free="1048208" total="22020096" percent="4" />
    <remembered-set count="56800" freebytes="2158592" totalbytes="2385792" percent="90" regionsoverflowed="0" regionsstable="0" regionsrebuilding="11"/>
  </mem-info>
</gc-start>
<allocation-stats totalBytes="20960328" >
  <allocated-bytes non-tlh="0" tlh="20960328" arrayletleaf="0"/>
  <largest-consumer threadName="main" threadId="0000000001627700" bytes="10480400" />
</allocation-stats>
<gc-op id="6047" type="copy forward" timems="1.525" contextid="6044" timestamp="2019-06-16T00:36:35.142">
  <memory-copied type="eden" objects="5" bytes="240" bytesdiscarded="0" />
  <memory-copied type="other" objects="0" bytes="0" bytesdiscarded="0" />
  <memory-cardclean objects="15" bytes="512" />
  <regions eden="20" other="1" />
  <remembered-set-cleared processed="54401" cleared="11" durationms="0.408" />
  <stringconstants candidates="13269" cleared="0"  />
</gc-op>
<gc-op id="6048" type="classunload" timems="0.004" contextid="6044" timestamp="2019-06-16T00:36:35.142">
  <classunload-info classloadercandidates="53" classloadersunloaded="0" classesunloaded="0" anonymousclassesunloaded="0" quiescems="0.000" setupms="0.003" scanms="0.000" postms="0.000" />
</gc-op>
<gc-end id="6049" type="partial gc" contextid="6044" durationms="2.722" usertimems="4.000" systemtimems="0.000" timestamp="2019-06-16T00:36:35.142" activeThreads="1">
  <mem-info id="6050" free="36700160" total="59768832" percent="61">
    <mem type="eden" free="1048336" total="1048576" percent="99" />
    <remembered-set count="57248" freebytes="2156800" totalbytes="2385792" percent="90" regionsoverflowed="0" regionsstable="0" regionsrebuilding="11"/>
  </mem-info>
</gc-end>
<cycle-end id="6051" type="partial gc" contextid="6044" timestamp="2019-06-16T00:36:35.143" />
  <attribute name="elasticGC enabled" value="1" />
  <attribute name= "numThreadsSpecified" value="1" />
  <attribute name="heapSize specified" value="0" />
  <attribute name="Current GC Util" value="211" />
  <attribute name= "Current Time Running" value="24806" />
  <attribute name ="GC Interval" value="0" />
  <attribute name="ProportionalT" value="286.500000" />
  <attribute name="ProportionalI" value="286.500000" />
  <attribute name="ProportionalH" value="286.500000" />
  <attribute name="Current Error" value="191.000000" />
  <attribute name="IntegralT" value="0.000000" />
  <attribute name="IntegralI" value="0.000000" />
  <attribute name="IntegralH" value="0.000000" />
  <attribute name="DerivativeT" value="inf" />
  <attribute name="DerivativeI" value="inf" />
  <attribute name="DerivativeH" value="inf" />
  <attribute name="Loop Time for DT" value="0.000000" />
  <attribute name="Output H" value="8388608"/>
  <attribute name="Output I" value="200"/>
  <attribute name="Output T" value="1"/>
  <attribute name="Target GC Util Change" value ="20.000000" />
  <attribute name="Current GC Util Change" value="211.000000"/>
  <attribute name="GC Util currently" value="211" />
  <attribute name="CPU Util currently" value="12974218455823" />
<exclusive-end id="6052" timestamp="2019-06-16T00:36:35.143" durationms="3.537" />

<exclusive-start id="6053" timestamp="2019-06-16T00:36:35.146" intervalms="7.113">
  <response-info timems="0.061" idlems="0.061" threads="0" lastid="0000000001627700" lastname="main" />
</exclusive-start>
<allocation-taxation id="6054" taxation-threshold="10485760" timestamp="2019-06-16T00:36:35.147" intervalms="7.220" />
<gc-start id="6055" type="global mark phase" contextid="5892" timestamp="2019-06-16T00:36:35.147">
  <mem-info id="6056" free="26214400" total="59768832" percent="43">
    <remembered-set count="56800" freebytes="2158592" totalbytes="2385792" percent="90" regionsoverflowed="0" regionsstable="0" regionsrebuilding="11"/>
  </mem-info>
</gc-start>
<gc-end id="6057" type="global mark phase" contextid="5892" durationms="0.144" usertimems="0.000" systemtimems="0.000" timestamp="2019-06-16T00:36:35.147" activeThreads="1">
  <mem-info id="6058" free="26214400" total="59768832" percent="43">
    <remembered-set count="56800" freebytes="2158592" totalbytes="2385792" percent="90" regionsoverflowed="0" regionsstable="0" regionsrebuilding="11"/>
  </mem-info>
</gc-end>
<concurrent-start id="6059" type="GMP work packet processing" contextid="5892" timestamp="2019-06-16T00:36:35.147">
  <concurrent-mark-start scanTarget="1048576" />
</concurrent-start>
<exclusive-end id="6060" timestamp="2019-06-16T00:36:35.147" durationms="0.835" />

<concurrent-end id="6061" type="GMP work packet processing" contextid="5892" timestamp="2019-06-16T00:36:35.148">
  <concurrent-mark-end bytesScanned="1097256" reasonForTermination="Work target met" />
</concurrent-end>

<exclusive-start id="6062" timestamp="2019-06-16T00:36:35.152" intervalms="5.836">
  <response-info timems="0.021" idlems="0.021" threads="0" lastid="0000000001627700" lastname="main" />
</exclusive-start>
<allocation-taxation id="6063" taxation-threshold="10485760" timestamp="2019-06-16T00:36:35.152" intervalms="5.771" />
<cycle-start id="6064" type="partial gc" contextid="0" timestamp="2019-06-16T00:36:35.152" intervalms="13.032" />
<gc-start id="6065" type="partial gc" contextid="6064" timestamp="2019-06-16T00:36:35.153">
  <mem-info id="6066" free="15728640" total="59768832" percent="26">
    <mem type="eden" free="1048336" total="22020096" percent="4" />
    <remembered-set count="61536" freebytes="2139648" totalbytes="2385792" percent="89" regionsoverflowed="0" regionsstable="0" regionsrebuilding="11"/>
  </mem-info>
</gc-start>
<allocation-stats totalBytes="20961080" >
  <allocated-bytes non-tlh="0" tlh="20961080" arrayletleaf="0"/>
  <largest-consumer threadName="main" threadId="0000000001627700" bytes="10480696" />
</allocation-stats>
<gc-op id="6067" type="copy forward" timems="1.528" contextid="6064" timestamp="2019-06-16T00:36:35.155">
  <memory-copied type="eden" objects="26" bytes="1264" bytesdiscarded="0" />
  <memory-copied type="other" objects="0" bytes="0" bytesdiscarded="0" />
  <memory-cardclean objects="69" bytes="2256" />
  <regions eden="20" other="1" />
  <remembered-set-cleared processed="59643" cleared="31" durationms="0.436" />
  <stringconstants candidates="13269" cleared="0"  />
</gc-op>
<gc-op id="6068" type="classunload" timems="0.004" contextid="6064" timestamp="2019-06-16T00:36:35.155">
  <classunload-info classloadercandidates="53" classloadersunloaded="0" classesunloaded="0" anonymousclassesunloaded="0" quiescems="0.000" setupms="0.004" scanms="0.000" postms="0.000" />
</gc-op>
<gc-end id="6069" type="partial gc" contextid="6064" durationms="2.685" usertimems="4.000" systemtimems="0.000" timestamp="2019-06-16T00:36:35.155" activeThreads="1">
  <mem-info id="6070" free="36700160" total="59768832" percent="61">
    <mem type="eden" free="1047312" total="1048576" percent="99" />
    <remembered-set count="61856" freebytes="2138368" totalbytes="2385792" percent="89" regionsoverflowed="0" regionsstable="0" regionsrebuilding="11"/>
  </mem-info>
</gc-end>
<cycle-end id="6071" type="partial gc" contextid="6064" timestamp="2019-06-16T00:36:35.156" />
  <attribute name="elasticGC enabled" value="1" />
  <attribute name= "numThreadsSpecified" value="1" />
  <attribute name="heapSize specified" value="0" />
  <attribute name="Current GC Util" value="155" />
  <attribute name= "Current Time Running" value="24819" />
  <attribute name ="GC Interval" value="0" />
  <attribute name="ProportionalT" value="202.500000" />
  <attribute name="ProportionalI" value="202.500000" />
  <attribute name="ProportionalH" value="202.500000" />
  <attribute name="Current Error" value="135.000000" />
  <attribute name="IntegralT" value="0.000000" />
  <attribute name="IntegralI" value="0.000000" />
  <attribute name="IntegralH" value="0.000000" />
  <attribute name="DerivativeT" value="inf" />
  <attribute name="DerivativeI" value="inf" />
  <attribute name="DerivativeH" value="inf" />
  <attribute name="Loop Time for DT" value="0.000000" />
  <attribute name="Output H" value="8388608"/>
  <attribute name="Output I" value="200"/>
  <attribute name="Output T" value="1"/>
  <attribute name="Target GC Util Change" value ="20.000000" />
  <attribute name="Current GC Util Change" value="155.000000"/>
  <attribute name="GC Util currently" value="155" />
  <attribute name="CPU Util currently" value="12990298723905" />
<exclusive-end id="6072" timestamp="2019-06-16T00:36:35.156" durationms="3.581" />

<exclusive-start id="6073" timestamp="2019-06-16T00:36:35.160" intervalms="7.361">
  <response-info timems="0.062" idlems="0.062" threads="0" lastid="0000000001627700" lastname="main" />
</exclusive-start>
<allocation-taxation id="6074" taxation-threshold="10485760" timestamp="2019-06-16T00:36:35.160" intervalms="7.430" />
<gc-start id="6075" type="global mark phase" contextid="5892" timestamp="2019-06-16T00:36:35.160">
  <mem-info id="6076" free="26214400" total="59768832" percent="43">
    <remembered-set count="61504" freebytes="2139776" totalbytes="2385792" percent="89" regionsoverflowed="0" regionsstable="0" regionsrebuilding="11"/>
  </mem-info>
</gc-start>
<gc-end id="6077" type="global mark phase" contextid="5892" durationms="0.145" usertimems="0.000" systemtimems="0.000" timestamp="2019-06-16T00:36:35.160" activeThreads="1">
  <mem-info id="6078" free="26214400" total="59768832" percent="43">
    <remembered-set count="61504" freebytes="2139776" totalbytes="2385792" percent="89" regionsoverflowed="0" regionsstable="0" regionsrebuilding="11"/>
  </mem-info>
</gc-end>
<concurrent-start id="6079" type="GMP work packet processing" contextid="5892" timestamp="2019-06-16T00:36:35.160">
  <concurrent-mark-start scanTarget="1048576" />
</concurrent-start>
<exclusive-end id="6080" timestamp="2019-06-16T00:36:35.160" durationms="0.831" />

<concurrent-end id="6081" type="GMP work packet processing" contextid="5892" timestamp="2019-06-16T00:36:35.161">
  <concurrent-mark-end bytesScanned="1100964" reasonForTermination="Work target met" />
</concurrent-end>

<exclusive-start id="6082" timestamp="2019-06-16T00:36:35.165" intervalms="5.449">
  <response-info timems="0.056" idlems="0.056" threads="0" lastid="0000000001627700" lastname="main" />
</exclusive-start>
<allocation-taxation id="6083" taxation-threshold="10485760" timestamp="2019-06-16T00:36:35.165" intervalms="5.378" />
<cycle-start id="6084" type="partial gc" contextid="0" timestamp="2019-06-16T00:36:35.165" intervalms="12.801" />
<gc-start id="6085" type="partial gc" contextid="6084" timestamp="2019-06-16T00:36:35.166">
  <mem-info id="6086" free="15728640" total="59768832" percent="26">
    <mem type="eden" free="1047312" total="22020096" percent="4" />
    <remembered-set count="65408" freebytes="2124160" totalbytes="2385792" percent="89" regionsoverflowed="0" regionsstable="0" regionsrebuilding="11"/>
  </mem-info>
</gc-start>
<allocation-stats totalBytes="20956856" >
  <allocated-bytes non-tlh="0" tlh="20956856" arrayletleaf="0"/>
  <largest-consumer threadName="main" threadId="0000000001627700" bytes="10477088" />
</allocation-stats>
<gc-op id="6087" type="copy forward" timems="1.536" contextid="6084" timestamp="2019-06-16T00:36:35.168">
  <memory-copied type="eden" objects="5" bytes="392" bytesdiscarded="0" />
  <memory-copied type="other" objects="22" bytes="952" bytesdiscarded="0" />
  <memory-cardclean objects="54" bytes="1984" />
  <regions eden="20" other="1" />
  <remembered-set-cleared processed="63388" cleared="42" durationms="0.458" />
  <stringconstants candidates="13269" cleared="0"  />
</gc-op>
<gc-op id="6088" type="classunload" timems="0.003" contextid="6084" timestamp="2019-06-16T00:36:35.168">
  <classunload-info classloadercandidates="53" classloadersunloaded="0" classesunloaded="0" anonymousclassesunloaded="0" quiescems="0.000" setupms="0.003" scanms="0.000" postms="0.000" />
</gc-op>
<heap-resize id="6089" type="expand" space="default" amount="1048576" count="1" timems="0.050" reason="excessive time being spent in gc" timestamp="2019-06-16T00:36:35.168" />
<gc-end id="6090" type="partial gc" contextid="6084" durationms="2.787" usertimems="4.000" systemtimems="0.000" timestamp="2019-06-16T00:36:35.168" activeThreads="1">
  <mem-info id="6091" free="36700160" total="60817408" percent="60">
    <mem type="eden" free="2095808" total="2097152" percent="99" />
    <remembered-set count="65792" freebytes="2164480" totalbytes="2427648" percent="89" regionsoverflowed="0" regionsstable="0" regionsrebuilding="11"/>
  </mem-info>
</gc-end>
<cycle-end id="6092" type="partial gc" contextid="6084" timestamp="2019-06-16T00:36:35.168" />
  <attribute name="elasticGC enabled" value="1" />
  <attribute name= "numThreadsSpecified" value="1" />
  <attribute name="heapSize specified" value="0" />
  <attribute name="Current GC Util" value="162" />
  <attribute name= "Current Time Running" value="24832" />
  <attribute name ="GC Interval" value="0" />
  <attribute name="ProportionalT" value="213.000000" />
  <attribute name="ProportionalI" value="213.000000" />
  <attribute name="ProportionalH" value="213.000000" />
  <attribute name="Current Error" value="142.000000" />
  <attribute name="IntegralT" value="0.000000" />
  <attribute name="IntegralI" value="0.000000" />
  <attribute name="IntegralH" value="0.000000" />
  <attribute name="DerivativeT" value="inf" />
  <attribute name="DerivativeI" value="inf" />
  <attribute name="DerivativeH" value="inf" />
  <attribute name="Loop Time for DT" value="0.000000" />
  <attribute name="Output H" value="8388608"/>
  <attribute name="Output I" value="200"/>
  <attribute name="Output T" value="1"/>
  <attribute name="Target GC Util Change" value ="20.000000" />
  <attribute name="Current GC Util Change" value="162.000000"/>
  <attribute name="GC Util currently" value="162" />
  <attribute name="CPU Util currently" value="13758136110475" />
<exclusive-end id="6093" timestamp="2019-06-16T00:36:35.169" durationms="3.661" />

<exclusive-start id="6094" timestamp="2019-06-16T00:36:35.172" intervalms="7.453">
  <response-info timems="0.070" idlems="0.070" threads="0" lastid="0000000001627700" lastname="main" />
</exclusive-start>
<allocation-taxation id="6095" taxation-threshold="10485760" timestamp="2019-06-16T00:36:35.173" intervalms="7.524" />
<gc-start id="6096" type="global mark phase" contextid="5892" timestamp="2019-06-16T00:36:35.173">
  <mem-info id="6097" free="26214400" total="60817408" percent="43">
    <remembered-set count="65440" freebytes="2165888" totalbytes="2427648" percent="89" regionsoverflowed="0" regionsstable="0" regionsrebuilding="11"/>
  </mem-info>
</gc-start>
<gc-end id="6098" type="global mark phase" contextid="5892" durationms="0.141" usertimems="0.000" systemtimems="0.000" timestamp="2019-06-16T00:36:35.173" activeThreads="1">
  <mem-info id="6099" free="26214400" total="60817408" percent="43">
    <remembered-set count="65440" freebytes="2165888" totalbytes="2427648" percent="89" regionsoverflowed="0" regionsstable="0" regionsrebuilding="11"/>
  </mem-info>
</gc-end>
<concurrent-start id="6100" type="GMP work packet processing" contextid="5892" timestamp="2019-06-16T00:36:35.173">
  <concurrent-mark-start scanTarget="1048576" />
</concurrent-start>
<exclusive-end id="6101" timestamp="2019-06-16T00:36:35.173" durationms="0.871" />

<concurrent-end id="6102" type="GMP work packet processing" contextid="5892" timestamp="2019-06-16T00:36:35.174">
  <concurrent-mark-end bytesScanned="673732" reasonForTermination="Completed all work in GC phase" />
</concurrent-end>

<exclusive-start id="6103" timestamp="2019-06-16T00:36:35.178" intervalms="5.095">
  <response-info timems="0.055" idlems="0.055" threads="0" lastid="0000000001627700" lastname="main" />
</exclusive-start>
<allocation-taxation id="6104" taxation-threshold="10485760" timestamp="2019-06-16T00:36:35.178" intervalms="5.018" />
<cycle-start id="6105" type="partial gc" contextid="0" timestamp="2019-06-16T00:36:35.178" intervalms="12.540" />
<gc-start id="6106" type="partial gc" contextid="6105" timestamp="2019-06-16T00:36:35.178">
  <mem-info id="6107" free="15728640" total="60817408" percent="25">
    <mem type="eden" free="1048184" total="22020096" percent="4" />
    <remembered-set count="68064" freebytes="2155392" totalbytes="2427648" percent="88" regionsoverflowed="0" regionsstable="0" regionsrebuilding="11"/>
  </mem-info>
</gc-start>
<allocation-stats totalBytes="20953560" >
  <allocated-bytes non-tlh="0" tlh="20953560" arrayletleaf="0"/>
  <largest-consumer threadName="main" threadId="0000000001627700" bytes="10476000" />
</allocation-stats>
<gc-op id="6108" type="copy forward" timems="2.932" contextid="6105" timestamp="2019-06-16T00:36:35.182">
  <memory-copied type="eden" objects="5" bytes="152" bytesdiscarded="0" />
  <memory-copied type="other" objects="0" bytes="0" bytesdiscarded="0" />
  <memory-cardclean objects="15" bytes="512" />
  <regions eden="20" other="1" />
  <remembered-set-cleared processed="66474" cleared="9" durationms="0.222" />
  <stringconstants candidates="13269" cleared="0"  />
</gc-op>
<gc-op id="6109" type="classunload" timems="0.004" contextid="6105" timestamp="2019-06-16T00:36:35.182">
  <classunload-info classloadercandidates="53" classloadersunloaded="0" classesunloaded="0" anonymousclassesunloaded="0" quiescems="0.000" setupms="0.004" scanms="0.000" postms="0.000" />
</gc-op>
<gc-end id="6110" type="partial gc" contextid="6105" durationms="4.076" usertimems="8.000" systemtimems="0.000" timestamp="2019-06-16T00:36:35.182" activeThreads="4">
  <mem-info id="6111" free="36700160" total="60817408" percent="60">
    <mem type="eden" free="1048424" total="1048576" percent="99" />
    <remembered-set count="68288" freebytes="2154496" totalbytes="2427648" percent="88" regionsoverflowed="0" regionsstable="0" regionsrebuilding="11"/>
  </mem-info>
</gc-end>
<cycle-end id="6112" type="partial gc" contextid="6105" timestamp="2019-06-16T00:36:35.182" />
  <attribute name="elasticGC enabled" value="1" />
  <attribute name= "numThreadsSpecified" value="4" />
  <attribute name="heapSize specified" value="0" />
  <attribute name="Current GC Util" value="155" />
  <attribute name= "Current Time Running" value="24845" />
  <attribute name ="GC Interval" value="0" />
  <attribute name="ProportionalT" value="202.500000" />
  <attribute name="ProportionalI" value="202.500000" />
  <attribute name="ProportionalH" value="202.500000" />
  <attribute name="Current Error" value="135.000000" />
  <attribute name="IntegralT" value="135.000000" />
  <attribute name="IntegralI" value="135.000000" />
  <attribute name="IntegralH" value="135.000000" />
  <attribute name="DerivativeT" value="59.000000" />
  <attribute name="DerivativeI" value="59.000000" />
  <attribute name="DerivativeH" value="59.000000" />
  <attribute name="Loop Time for DT" value="1.000000" />
  <attribute name="Output H" value="8388608"/>
  <attribute name="Output I" value="400"/>
  <attribute name="Output T" value="4"/>
  <attribute name="Target GC Util Change" value ="20.000000" />
  <attribute name="Current GC Util Change" value="155.000000"/>
  <attribute name="GC Util currently" value="155" />
  <attribute name="CPU Util currently" value="12315728057307" />
<exclusive-end id="6113" timestamp="2019-06-16T00:36:35.182" durationms="4.908" />

<exclusive-start id="6114" timestamp="2019-06-16T00:36:35.186" intervalms="8.773">
  <response-info timems="0.071" idlems="0.071" threads="0" lastid="0000000001627700" lastname="main" />
</exclusive-start>
<allocation-taxation id="6115" taxation-threshold="10485760" timestamp="2019-06-16T00:36:35.186" intervalms="8.845" />
<gc-start id="6116" type="global mark phase" contextid="5892" timestamp="2019-06-16T00:36:35.187">
  <mem-info id="6117" free="26214400" total="60817408" percent="43">
    <remembered-set count="68288" freebytes="2154496" totalbytes="2427648" percent="88" regionsoverflowed="0" regionsstable="0" regionsrebuilding="11"/>
  </mem-info>
</gc-start>
<gc-op id="6118" type="mark increment" timems="3.896" contextid="5892" timestamp="2019-06-16T00:36:35.191">
  <trace-info objectcount="368" scancount="366" scanbytes="355804" />
  <cardclean-info objects="93748" bytes="2684648" />
  <finalization candidates="80" enqueued="0" />
  <ownableSynchronizers candidates="21" cleared="0" />
  <references type="soft" candidates="1848" cleared="0" enqueued="0" dynamicThreshold="19" maxThreshold="32" />
  <references type="weak" candidates="5748" cleared="0" enqueued="0" />
  <references type="phantom" candidates="101" cleared="0" enqueued="0" />
  <stringconstants candidates="13269" cleared="0"  />
</gc-op>
<gc-op id="6119" type="classunload" timems="0.006" contextid="5892" timestamp="2019-06-16T00:36:35.191">
  <classunload-info classloadercandidates="53" classloadersunloaded="0" classesunloaded="0" anonymousclassesunloaded="0" quiescems="0.000" setupms="0.006" scanms="0.000" postms="0.000" />
</gc-op>
<gc-end id="6120" type="global mark phase" contextid="5892" durationms="4.293" usertimems="8.000" systemtimems="0.000" timestamp="2019-06-16T00:36:35.191" activeThreads="4">
  <mem-info id="6121" free="26214400" total="60817408" percent="43">
    <remembered-set count="75456" freebytes="2125824" totalbytes="2427648" percent="87" regionsoverflowed="0" regionsstable="0" regionsrebuilding="0"/>
  </mem-info>
</gc-end>
<cycle-end id="6122" type="global mark phase" contextid="5892" timestamp="2019-06-16T00:36:35.191" />
  <attribute name="elasticGC enabled" value="1" />
  <attribute name= "numThreadsSpecified" value="4" />
  <attribute name="heapSize specified" value="0" />
  <attribute name="Current GC Util" value="69" />
  <attribute name= "Current Time Running" value="24856" />
  <attribute name ="GC Interval" value="0" />
  <attribute name="ProportionalT" value="73.500000" />
  <attribute name="ProportionalI" value="73.500000" />
  <attribute name="ProportionalH" value="73.500000" />
  <attribute name="Current Error" value="49.000000" />
  <attribute name="IntegralT" value="49.000000" />
  <attribute name="IntegralI" value="49.000000" />
  <attribute name="IntegralH" value="49.000000" />
  <attribute name="DerivativeT" value="-86.000000" />
  <attribute name="DerivativeI" value="-86.000000" />
  <attribute name="DerivativeH" value="-86.000000" />
  <attribute name="Loop Time for DT" value="1.000000" />
  <attribute name="Output H" value="8388608"/>
  <attribute name="Output I" value="200"/>
  <attribute name="Output T" value="4"/>
  <attribute name="Target GC Util Change" value ="20.000000" />
  <attribute name="Current GC Util Change" value="69.000000"/>
  <attribute name="GC Util currently" value="69" />
  <attribute name="CPU Util currently" value="11095598869562" />
<exclusive-end id="6123" timestamp="2019-06-16T00:36:35.191" durationms="5.063" />

<exclusive-start id="6124" timestamp="2019-06-16T00:36:35.195" intervalms="8.943">
  <response-info timems="0.078" idlems="0.078" threads="0" lastid="0000000001627700" lastname="main" />
</exclusive-start>
<allocation-taxation id="6125" taxation-threshold="10485760" timestamp="2019-06-16T00:36:35.195" intervalms="8.915" />
<cycle-start id="6126" type="partial gc" contextid="0" timestamp="2019-06-16T00:36:35.196" intervalms="17.727" />
<gc-start id="6127" type="partial gc" contextid="6126" timestamp="2019-06-16T00:36:35.196">
  <mem-info id="6128" free="15728640" total="60817408" percent="25">
    <mem type="eden" free="1048424" total="22020096" percent="4" />
    <remembered-set count="72192" freebytes="2138880" totalbytes="2427648" percent="88" regionsoverflowed="0" regionsstable="3" regionsrebuilding="0"/>
  </mem-info>
</gc-start>
<allocation-stats totalBytes="20953432" >
  <allocated-bytes non-tlh="0" tlh="20953432" arrayletleaf="0"/>
  <largest-consumer threadName="main" threadId="0000000001627700" bytes="10476000" />
</allocation-stats>
<gc-op id="6129" type="sweep" timems="0.674" contextid="6126" timestamp="2019-06-16T00:36:35.197" />
<gc-op id="6130" type="copy forward" timems="1.282" contextid="6126" timestamp="2019-06-16T00:36:35.199">
  <memory-copied type="eden" objects="5" bytes="208" bytesdiscarded="0" />
  <memory-copied type="other" objects="0" bytes="0" bytesdiscarded="0" />
  <memory-cardclean objects="15" bytes="512" />
  <regions eden="10" other="1" />
  <remembered-set-cleared processed="70650" cleared="12" durationms="0.541" />
  <stringconstants candidates="13269" cleared="0"  />
</gc-op>
<gc-op id="6131" type="classunload" timems="0.003" contextid="6126" timestamp="2019-06-16T00:36:35.199">
  <classunload-info classloadercandidates="53" classloadersunloaded="0" classesunloaded="0" anonymousclassesunloaded="0" quiescems="0.000" setupms="0.003" scanms="0.000" postms="0.000" />
</gc-op>
<gc-end id="6132" type="partial gc" contextid="6126" durationms="3.425" usertimems="4.000" systemtimems="0.000" timestamp="2019-06-16T00:36:35.199" activeThreads="1">
  <mem-info id="6133" free="36700160" total="60817408" percent="60">
    <mem type="eden" free="1048368" total="1048576" percent="99" />
    <remembered-set count="72640" freebytes="2137088" totalbytes="2427648" percent="88" regionsoverflowed="0" regionsstable="3" regionsrebuilding="0"/>
  </mem-info>
</gc-end>
<cycle-end id="6134" type="partial gc" contextid="6126" timestamp="2019-06-16T00:36:35.200" />
  <attribute name="elasticGC enabled" value="1" />
  <attribute name= "numThreadsSpecified" value="1" />
  <attribute name="heapSize specified" value="0" />
  <attribute name="Current GC Util" value="66" />
  <attribute name= "Current Time Running" value="24863" />
  <attribute name ="GC Interval" value="0" />
  <attribute name="ProportionalT" value="69.000000" />
  <attribute name="ProportionalI" value="69.000000" />
  <attribute name="ProportionalH" value="69.000000" />
  <attribute name="Current Error" value="46.000000" />
  <attribute name="IntegralT" value="0.000000" />
  <attribute name="IntegralI" value="0.000000" />
  <attribute name="IntegralH" value="0.000000" />
  <attribute name="DerivativeT" value="inf" />
  <attribute name="DerivativeI" value="inf" />
  <attribute name="DerivativeH" value="inf" />
  <attribute name="Loop Time for DT" value="0.000000" />
  <attribute name="Output H" value="8388608"/>
  <attribute name="Output I" value="200"/>
  <attribute name="Output T" value="1"/>
  <attribute name="Target GC Util Change" value ="20.000000" />
  <attribute name="Current GC Util Change" value="66.000000"/>
  <attribute name="GC Util currently" value="66" />
  <attribute name="CPU Util currently" value="19504265048013" />
<exclusive-end id="6135" timestamp="2019-06-16T00:36:35.200" durationms="4.641" />

<exclusive-start id="6136" timestamp="2019-06-16T00:36:35.207" intervalms="12.221">
  <response-info timems="0.071" idlems="0.071" threads="0" lastid="0000000001627700" lastname="main" />
</exclusive-start>
<allocation-taxation id="6137" taxation-threshold="22020096" timestamp="2019-06-16T00:36:35.208" intervalms="12.248" />
<cycle-start id="6138" type="partial gc" contextid="0" timestamp="2019-06-16T00:36:35.208" intervalms="12.324" />
<gc-start id="6139" type="partial gc" contextid="6138" timestamp="2019-06-16T00:36:35.208">
  <mem-info id="6140" free="14680064" total="60817408" percent="24">
    <mem type="eden" free="1048368" total="23068672" percent="4" />
    <remembered-set count="72160" freebytes="2139008" totalbytes="2427648" percent="88" regionsoverflowed="0" regionsstable="3" regionsrebuilding="0"/>
  </mem-info>
</gc-start>
<allocation-stats totalBytes="21999984" >
  <allocated-bytes non-tlh="0" tlh="21999984" arrayletleaf="0"/>
  <largest-consumer threadName="main" threadId="0000000001627700" bytes="21999984" />
</allocation-stats>
<gc-op id="6141" type="copy forward" timems="2.318" contextid="6138" timestamp="2019-06-16T00:36:35.211">
  <memory-copied type="eden" objects="5" bytes="216" bytesdiscarded="0" />
  <memory-copied type="other" objects="6" bytes="144" bytesdiscarded="720" />
  <memory-cardclean objects="39" bytes="1128" />
  <regions eden="21" other="2" />
  <remembered-set-cleared processed="70644" cleared="19" durationms="0.231" />
  <stringconstants candidates="13269" cleared="0"  />
</gc-op>
<gc-op id="6142" type="classunload" timems="0.003" contextid="6138" timestamp="2019-06-16T00:36:35.211">
  <classunload-info classloadercandidates="53" classloadersunloaded="0" classesunloaded="0" anonymousclassesunloaded="0" quiescems="0.000" setupms="0.003" scanms="0.000" postms="0.000" />
</gc-op>
<gc-end id="6143" type="partial gc" contextid="6138" durationms="3.501" usertimems="4.000" systemtimems="0.000" timestamp="2019-06-16T00:36:35.212" activeThreads="4">
  <mem-info id="6144" free="36700160" total="60817408" percent="60">
    <mem type="eden" free="1048360" total="1048576" percent="99" />
    <remembered-set count="72736" freebytes="2136704" totalbytes="2427648" percent="88" regionsoverflowed="0" regionsstable="3" regionsrebuilding="0"/>
  </mem-info>
</gc-end>
<cycle-end id="6145" type="partial gc" contextid="6138" timestamp="2019-06-16T00:36:35.212" />
  <attribute name="elasticGC enabled" value="1" />
  <attribute name= "numThreadsSpecified" value="4" />
  <attribute name="heapSize specified" value="0" />
  <attribute name="Current GC Util" value="165" />
  <attribute name= "Current Time Running" value="24875" />
  <attribute name ="GC Interval" value="0" />
  <attribute name="ProportionalT" value="217.500000" />
  <attribute name="ProportionalI" value="217.500000" />
  <attribute name="ProportionalH" value="217.500000" />
  <attribute name="Current Error" value="145.000000" />
  <attribute name="IntegralT" value="145.000000" />
  <attribute name="IntegralI" value="145.000000" />
  <attribute name="IntegralH" value="145.000000" />
  <attribute name="DerivativeT" value="69.000000" />
  <attribute name="DerivativeI" value="69.000000" />
  <attribute name="DerivativeH" value="69.000000" />
  <attribute name="Loop Time for DT" value="1.000000" />
  <attribute name="Output H" value="8388608"/>
  <attribute name="Output I" value="432"/>
  <attribute name="Output T" value="4"/>
  <attribute name="Target GC Util Change" value ="20.000000" />
  <attribute name="Current GC Util Change" value="165.000000"/>
  <attribute name="GC Util currently" value="165" />
  <attribute name="CPU Util currently" value="13725827710638" />
<exclusive-end id="6146" timestamp="2019-06-16T00:36:35.212" durationms="4.638" />

<exclusive-start id="6147" timestamp="2019-06-16T00:36:35.230" intervalms="22.267">
  <response-info timems="0.066" idlems="0.066" threads="0" lastid="0000000001627700" lastname="main" />
</exclusive-start>
<allocation-taxation id="6148" taxation-threshold="22020096" timestamp="2019-06-16T00:36:35.230" intervalms="22.264" />
<cycle-start id="6149" type="partial gc" contextid="0" timestamp="2019-06-16T00:36:35.230" intervalms="22.266" />
<gc-start id="6150" type="partial gc" contextid="6149" timestamp="2019-06-16T00:36:35.230">
  <mem-info id="6151" free="14680064" total="60817408" percent="24">
    <mem type="eden" free="1048360" total="23068672" percent="4" />
    <remembered-set count="28288" freebytes="2314496" totalbytes="2427648" percent="95" regionsoverflowed="0" regionsstable="12" regionsrebuilding="0"/>
  </mem-info>
</gc-start>
<allocation-stats totalBytes="22010032" >
  <allocated-bytes non-tlh="0" tlh="22010032" arrayletleaf="0"/>
  <largest-consumer threadName="main" threadId="0000000001627700" bytes="22010032" />
</allocation-stats>
<gc-op id="6152" type="copy forward" timems="1.106" contextid="6149" timestamp="2019-06-16T00:36:35.232">
  <memory-copied type="eden" objects="36" bytes="1560" bytesdiscarded="0" />
  <memory-copied type="other" objects="6" bytes="144" bytesdiscarded="0" />
  <memory-cardclean objects="69" bytes="2256" />
  <regions eden="21" other="2" />
  <remembered-set-cleared processed="26803" cleared="28" durationms="0.273" />
  <stringconstants candidates="13269" cleared="0"  />
</gc-op>
<gc-op id="6153" type="classunload" timems="0.004" contextid="6149" timestamp="2019-06-16T00:36:35.232">
  <classunload-info classloadercandidates="53" classloadersunloaded="0" classesunloaded="0" anonymousclassesunloaded="0" quiescems="0.000" setupms="0.004" scanms="0.000" postms="0.000" />
</gc-op>
<gc-end id="6154" type="partial gc" contextid="6149" durationms="2.317" usertimems="0.000" systemtimems="0.000" timestamp="2019-06-16T00:36:35.233" activeThreads="1">
  <mem-info id="6155" free="36700160" total="60817408" percent="60">
    <mem type="eden" free="1047016" total="1048576" percent="99" />
    <remembered-set count="28640" freebytes="2313088" totalbytes="2427648" percent="95" regionsoverflowed="0" regionsstable="12" regionsrebuilding="0"/>
  </mem-info>
</gc-end>
<cycle-end id="6156" type="partial gc" contextid="6149" timestamp="2019-06-16T00:36:35.233" />
  <attribute name="elasticGC enabled" value="1" />
  <attribute name= "numThreadsSpecified" value="1" />
  <attribute name="heapSize specified" value="0" />
  <attribute name="Current GC Util" value="154" />
  <attribute name= "Current Time Running" value="24897" />
  <attribute name ="GC Interval" value="0" />
  <attribute name="ProportionalT" value="201.000000" />
  <attribute name="ProportionalI" value="201.000000" />
  <attribute name="ProportionalH" value="201.000000" />
  <attribute name="Current Error" value="134.000000" />
  <attribute name="IntegralT" value="0.000000" />
  <attribute name="IntegralI" value="0.000000" />
  <attribute name="IntegralH" value="0.000000" />
  <attribute name="DerivativeT" value="inf" />
  <attribute name="DerivativeI" value="inf" />
  <attribute name="DerivativeH" value="inf" />
  <attribute name="Loop Time for DT" value="0.000000" />
  <attribute name="Output H" value="8388608"/>
  <attribute name="Output I" value="200"/>
  <attribute name="Output T" value="1"/>
  <attribute name="Target GC Util Change" value ="20.000000" />
  <attribute name="Current GC Util Change" value="154.000000"/>
  <attribute name="GC Util currently" value="154" />
  <attribute name="CPU Util currently" value="13229010421629" />
<exclusive-end id="6157" timestamp="2019-06-16T00:36:35.233" durationms="3.475" />

<exclusive-start id="6158" timestamp="2019-06-16T00:36:35.256" intervalms="25.988">
  <response-info timems="0.071" idlems="0.071" threads="0" lastid="0000000001627700" lastname="main" />
</exclusive-start>
<allocation-taxation id="6159" taxation-threshold="22020096" timestamp="2019-06-16T00:36:35.256" intervalms="25.989" />
<cycle-start id="6160" type="partial gc" contextid="0" timestamp="2019-06-16T00:36:35.256" intervalms="25.988" />
<gc-start id="6161" type="partial gc" contextid="6160" timestamp="2019-06-16T00:36:35.256">
  <mem-info id="6162" free="14680064" total="60817408" percent="24">
    <mem type="eden" free="0" total="22020096" percent="0" />
    <remembered-set count="28288" freebytes="2314496" totalbytes="2427648" percent="95" regionsoverflowed="0" regionsstable="12" regionsrebuilding="0"/>
  </mem-info>
</gc-start>
<allocation-stats totalBytes="22015192" >
  <allocated-bytes non-tlh="0" tlh="22015192" arrayletleaf="0"/>
  <largest-consumer threadName="main" threadId="0000000001627700" bytes="22015192" />
</allocation-stats>
<gc-op id="6163" type="copy forward" timems="1.118" contextid="6160" timestamp="2019-06-16T00:36:35.258">
  <memory-copied type="eden" objects="19" bytes="880" bytesdiscarded="0" />
  <memory-copied type="other" objects="23" bytes="712" bytesdiscarded="0" />
  <memory-cardclean objects="40" bytes="1488" />
  <regions eden="21" other="2" />
  <remembered-set-cleared processed="26805" cleared="30" durationms="0.250" />
  <stringconstants candidates="13269" cleared="0"  />
</gc-op>
<gc-op id="6164" type="classunload" timems="0.003" contextid="6160" timestamp="2019-06-16T00:36:35.258">
  <classunload-info classloadercandidates="53" classloadersunloaded="0" classesunloaded="0" anonymousclassesunloaded="0" quiescems="0.000" setupms="0.003" scanms="0.000" postms="0.000" />
</gc-op>
<heap-resize id="6165" type="expand" space="default" amount="2097152" count="1" timems="0.060" reason="excessive time being spent in gc" timestamp="2019-06-16T00:36:35.259" />
<gc-end id="6166" type="partial gc" contextid="6160" durationms="2.434" usertimems="4.000" systemtimems="0.000" timestamp="2019-06-16T00:36:35.259" activeThreads="1">
  <mem-info id="6167" free="37748736" total="62914560" percent="60">
    <mem type="eden" free="1047696" total="1048576" percent="99" />
    <remembered-set count="28672" freebytes="2396672" totalbytes="2511360" percent="95" regionsoverflowed="0" regionsstable="12" regionsrebuilding="0"/>
  </mem-info>
</gc-end>
<cycle-end id="6168" type="partial gc" contextid="6160" timestamp="2019-06-16T00:36:35.259" />
  <attribute name="elasticGC enabled" value="1" />
  <attribute name= "numThreadsSpecified" value="1" />
  <attribute name="heapSize specified" value="0" />
  <attribute name="Current GC Util" value="274" />
  <attribute name= "Current Time Running" value="24923" />
  <attribute name ="GC Interval" value="0" />
  <attribute name="ProportionalT" value="381.000000" />
  <attribute name="ProportionalI" value="381.000000" />
  <attribute name="ProportionalH" value="381.000000" />
  <attribute name="Current Error" value="254.000000" />
  <attribute name="IntegralT" value="0.000000" />
  <attribute name="IntegralI" value="0.000000" />
  <attribute name="IntegralH" value="0.000000" />
  <attribute name="DerivativeT" value="inf" />
  <attribute name="DerivativeI" value="inf" />
  <attribute name="DerivativeH" value="inf" />
  <attribute name="Loop Time for DT" value="0.000000" />
  <attribute name="Output H" value="8388608"/>
  <attribute name="Output I" value="200"/>
  <attribute name="Output T" value="1"/>
  <attribute name="Target GC Util Change" value ="20.000000" />
  <attribute name="Current GC Util Change" value="274.000000"/>
  <attribute name="GC Util currently" value="274" />
  <attribute name="CPU Util currently" value="13817164618684" />
<exclusive-end id="6169" timestamp="2019-06-16T00:36:35.259" durationms="3.584" />

<exclusive-start id="6170" timestamp="2019-06-16T00:36:35.282" intervalms="26.182">
  <response-info timems="0.069" idlems="0.069" threads="0" lastid="0000000001627700" lastname="main" />
</exclusive-start>
<allocation-taxation id="6171" taxation-threshold="22020096" timestamp="2019-06-16T00:36:35.282" intervalms="26.126" />
<cycle-start id="6172" type="partial gc" contextid="0" timestamp="2019-06-16T00:36:35.282" intervalms="26.030" />
<gc-start id="6173" type="partial gc" contextid="6172" timestamp="2019-06-16T00:36:35.282">
  <mem-info id="6174" free="15728640" total="62914560" percent="25">
    <mem type="eden" free="1047696" total="23068672" percent="4" />
    <remembered-set count="28352" freebytes="2397952" totalbytes="2511360" percent="95" regionsoverflowed="0" regionsstable="12" regionsrebuilding="0"/>
  </mem-info>
</gc-start>
<allocation-stats totalBytes="22015224" >
  <allocated-bytes non-tlh="0" tlh="22015224" arrayletleaf="0"/>
  <largest-consumer threadName="main" threadId="0000000001627700" bytes="22015224" />
</allocation-stats>
<gc-op id="6175" type="copy forward" timems="1.123" contextid="6172" timestamp="2019-06-16T00:36:35.284">
  <memory-copied type="eden" objects="31" bytes="1504" bytesdiscarded="0" />
  <memory-copied type="other" objects="49" bytes="1448" bytesdiscarded="0" />
  <memory-cardclean objects="48" bytes="10248" />
  <regions eden="21" other="2" />
  <remembered-set-cleared processed="26802" cleared="33" durationms="0.277" />
  <references type="weak" candidates="30" cleared="0" enqueued="0" />
  <stringconstants candidates="13269" cleared="0"  />
</gc-op>
<gc-op id="6176" type="classunload" timems="0.003" contextid="6172" timestamp="2019-06-16T00:36:35.284">
  <classunload-info classloadercandidates="53" classloadersunloaded="0" classesunloaded="0" anonymousclassesunloaded="0" quiescems="0.000" setupms="0.003" scanms="0.000" postms="0.000" />
</gc-op>
<gc-end id="6177" type="partial gc" contextid="6172" durationms="2.266" usertimems="0.000" systemtimems="0.000" timestamp="2019-06-16T00:36:35.285" activeThreads="1">
  <mem-info id="6178" free="37748736" total="62914560" percent="60">
    <mem type="eden" free="1047072" total="1048576" percent="99" />
    <remembered-set count="28736" freebytes="2396416" totalbytes="2511360" percent="95" regionsoverflowed="0" regionsstable="12" regionsrebuilding="0"/>
  </mem-info>
</gc-end>
<cycle-end id="6179" type="partial gc" contextid="6172" timestamp="2019-06-16T00:36:35.285" />
  <attribute name="elasticGC enabled" value="1" />
  <attribute name= "numThreadsSpecified" value="1" />
  <attribute name="heapSize specified" value="0" />
  <attribute name="Current GC Util" value="307" />
  <attribute name= "Current Time Running" value="24949" />
  <attribute name ="GC Interval" value="0" />
  <attribute name="ProportionalT" value="430.500000" />
  <attribute name="ProportionalI" value="430.500000" />
  <attribute name="ProportionalH" value="430.500000" />
  <attribute name="Current Error" value="287.000000" />
  <attribute name="IntegralT" value="0.000000" />
  <attribute name="IntegralI" value="0.000000" />
  <attribute name="IntegralH" value="0.000000" />
  <attribute name="DerivativeT" value="inf" />
  <attribute name="DerivativeI" value="inf" />
  <attribute name="DerivativeH" value="inf" />
  <attribute name="Loop Time for DT" value="0.000000" />
  <attribute name="Output H" value="8388608"/>
  <attribute name="Output I" value="200"/>
  <attribute name="Output T" value="1"/>
  <attribute name="Target GC Util Change" value ="20.000000" />
  <attribute name="Current GC Util Change" value="307.000000"/>
  <attribute name="GC Util currently" value="307" />
  <attribute name="CPU Util currently" value="14617441801643" />
<exclusive-end id="6180" timestamp="2019-06-16T00:36:35.285" durationms="3.166" />

<exclusive-start id="6181" timestamp="2019-06-16T00:36:35.308" intervalms="25.800">
  <response-info timems="0.076" idlems="0.076" threads="0" lastid="0000000001627700" lastname="main" />
</exclusive-start>
<allocation-taxation id="6182" taxation-threshold="22020096" timestamp="2019-06-16T00:36:35.308" intervalms="25.799" />
<cycle-start id="6183" type="partial gc" contextid="0" timestamp="2019-06-16T00:36:35.308" intervalms="25.823" />
<gc-start id="6184" type="partial gc" contextid="6183" timestamp="2019-06-16T00:36:35.308">
  <mem-info id="6185" free="15728640" total="62914560" percent="25">
    <mem type="eden" free="1047072" total="23068672" percent="4" />
    <remembered-set count="28384" freebytes="2397824" totalbytes="2511360" percent="95" regionsoverflowed="0" regionsstable="12" regionsrebuilding="0"/>
  </mem-info>
</gc-start>
<allocation-stats totalBytes="22015488" >
  <allocated-bytes non-tlh="0" tlh="22015488" arrayletleaf="0"/>
  <largest-consumer threadName="main" threadId="0000000001627700" bytes="22015488" />
</allocation-stats>
<gc-op id="6186" type="copy forward" timems="1.118" contextid="6183" timestamp="2019-06-16T00:36:35.310">
  <memory-copied type="eden" objects="31" bytes="1504" bytesdiscarded="0" />
  <memory-copied type="other" objects="0" bytes="0" bytesdiscarded="0" />
  <memory-cardclean objects="15" bytes="528" />
  <regions eden="21" other="1" />
  <remembered-set-cleared processed="26808" cleared="7" durationms="0.252" />
  <stringconstants candidates="13269" cleared="0"  />
</gc-op>
<gc-op id="6187" type="classunload" timems="0.003" contextid="6183" timestamp="2019-06-16T00:36:35.310">
  <classunload-info classloadercandidates="53" classloadersunloaded="0" classesunloaded="0" anonymousclassesunloaded="0" quiescems="0.000" setupms="0.003" scanms="0.000" postms="0.000" />
</gc-op>
<gc-end id="6188" type="partial gc" contextid="6183" durationms="2.195" usertimems="4.000" systemtimems="0.000" timestamp="2019-06-16T00:36:35.310" activeThreads="1">
  <mem-info id="6189" free="37748736" total="62914560" percent="60">
    <mem type="eden" free="1047072" total="1048576" percent="99" />
    <remembered-set count="28864" freebytes="2395904" totalbytes="2511360" percent="95" regionsoverflowed="0" regionsstable="12" regionsrebuilding="0"/>
  </mem-info>
</gc-end>
<cycle-end id="6190" type="partial gc" contextid="6183" timestamp="2019-06-16T00:36:35.311" />
  <attribute name="elasticGC enabled" value="1" />
  <attribute name= "numThreadsSpecified" value="1" />
  <attribute name="heapSize specified" value="0" />
  <attribute name="Current GC Util" value="306" />
  <attribute name= "Current Time Running" value="24975" />
  <attribute name ="GC Interval" value="0" />
  <attribute name="ProportionalT" value="429.000000" />
  <attribute name="ProportionalI" value="429.000000" />
  <attribute name="ProportionalH" value="429.000000" />
  <attribute name="Current Error" value="286.000000" />
  <attribute name="IntegralT" value="0.000000" />
  <attribute name="IntegralI" value="0.000000" />
  <attribute name="IntegralH" value="0.000000" />
  <attribute name="DerivativeT" value="inf" />
  <attribute name="DerivativeI" value="inf" />
  <attribute name="DerivativeH" value="inf" />
  <attribute name="Loop Time for DT" value="0.000000" />
  <attribute name="Output H" value="8388608"/>
  <attribute name="Output I" value="200"/>
  <attribute name="Output T" value="1"/>
  <attribute name="Target GC Util Change" value ="20.000000" />
  <attribute name="Current GC Util Change" value="306.000000"/>
  <attribute name="GC Util currently" value="306" />
  <attribute name="CPU Util currently" value="13827853534750" />
<exclusive-end id="6191" timestamp="2019-06-16T00:36:35.311" durationms="3.129" />

<exclusive-start id="6192" timestamp="2019-06-16T00:36:35.481" intervalms="173.709">
  <response-info timems="0.087" idlems="0.087" threads="0" lastid="0000000001627700" lastname="main" />
</exclusive-start>
<allocation-taxation id="6193" taxation-threshold="22020096" timestamp="2019-06-16T00:36:35.482" intervalms="173.823" />
<cycle-start id="6194" type="partial gc" contextid="0" timestamp="2019-06-16T00:36:35.482" intervalms="173.906" />
<gc-start id="6195" type="partial gc" contextid="6194" timestamp="2019-06-16T00:36:35.482">
  <mem-info id="6196" free="15728640" total="62914560" percent="25">
    <mem type="eden" free="1047072" total="23068672" percent="4" />
    <remembered-set count="28384" freebytes="2397824" totalbytes="2511360" percent="95" regionsoverflowed="0" regionsstable="12" regionsrebuilding="0"/>
  </mem-info>
</gc-start>
<allocation-stats totalBytes="21085632" >
  <allocated-bytes non-tlh="0" tlh="21085632" arrayletleaf="0"/>
  <largest-consumer threadName="main" threadId="0000000001627700" bytes="21085632" />
</allocation-stats>
<gc-op id="6197" type="copy forward" timems="1.325" contextid="6194" timestamp="2019-06-16T00:36:35.485">
  <memory-copied type="eden" objects="97" bytes="39608" bytesdiscarded="0" />
  <memory-copied type="other" objects="0" bytes="0" bytesdiscarded="0" />
  <memory-cardclean objects="103" bytes="3080" />
  <regions eden="21" other="1" />
  <remembered-set-cleared processed="26808" cleared="30" durationms="0.280" />
  <stringconstants candidates="13269" cleared="0"  />
</gc-op>
<gc-op id="6198" type="classunload" timems="0.003" contextid="6194" timestamp="2019-06-16T00:36:35.485">
  <classunload-info classloadercandidates="53" classloadersunloaded="0" classesunloaded="0" anonymousclassesunloaded="0" quiescems="0.000" setupms="0.003" scanms="0.000" postms="0.000" />
</gc-op>
<heap-resize id="6199" type="contract" space="default" amount="3145728" count="1" timems="0.051" reason="insufficient time being spent in gc" timestamp="2019-06-16T00:36:35.485" />
<gc-end id="6200" type="partial gc" contextid="6194" durationms="3.001" usertimems="0.000" systemtimems="4.000" timestamp="2019-06-16T00:36:35.485" activeThreads="1">
  <mem-info id="6201" free="34603008" total="59768832" percent="57">
    <mem type="eden" free="1008968" total="1048576" percent="96" />
    <remembered-set count="28704" freebytes="2396544" totalbytes="2511360" percent="95" regionsoverflowed="0" regionsstable="12" regionsrebuilding="0"/>
  </mem-info>
</gc-end>
<cycle-end id="6202" type="partial gc" contextid="6194" timestamp="2019-06-16T00:36:35.486" />
  <attribute name="elasticGC enabled" value="1" />
  <attribute name= "numThreadsSpecified" value="1" />
  <attribute name="heapSize specified" value="0" />
  <attribute name="Current GC Util" value="228" />
  <attribute name= "Current Time Running" value="25149" />
  <attribute name ="GC Interval" value="0" />
  <attribute name="ProportionalT" value="312.000000" />
  <attribute name="ProportionalI" value="312.000000" />
  <attribute name="ProportionalH" value="312.000000" />
  <attribute name="Current Error" value="208.000000" />
  <attribute name="IntegralT" value="0.000000" />
  <attribute name="IntegralI" value="0.000000" />
  <attribute name="IntegralH" value="0.000000" />
  <attribute name="DerivativeT" value="inf" />
  <attribute name="DerivativeI" value="inf" />
  <attribute name="DerivativeH" value="inf" />
  <attribute name="Loop Time for DT" value="0.000000" />
  <attribute name="Output H" value="8388608"/>
  <attribute name="Output I" value="200"/>
  <attribute name="Output T" value="1"/>
  <attribute name="Target GC Util Change" value ="20.000000" />
  <attribute name="Current GC Util Change" value="228.000000"/>
  <attribute name="GC Util currently" value="228" />
  <attribute name="CPU Util currently" value="10309959107773" />
<exclusive-end id="6203" timestamp="2019-06-16T00:36:35.486" durationms="4.434" />

<exclusive-start id="6204" timestamp="2019-06-16T00:36:35.489" intervalms="7.602">
  <response-info timems="0.100" idlems="0.100" threads="0" lastid="0000000001627700" lastname="main" />
</exclusive-start>
<allocation-taxation id="6205" taxation-threshold="22020096" timestamp="2019-06-16T00:36:35.489" intervalms="7.605" />
<cycle-start id="6206" type="partial gc" contextid="0" timestamp="2019-06-16T00:36:35.489" intervalms="7.573" />
<gc-start id="6207" type="partial gc" contextid="6206" timestamp="2019-06-16T00:36:35.490">
  <mem-info id="6208" free="12582912" total="59768832" percent="21">
    <mem type="eden" free="0" total="22020096" percent="0" />
    <remembered-set count="28448" freebytes="2397568" totalbytes="2511360" percent="95" regionsoverflowed="0" regionsstable="12" regionsrebuilding="0"/>
  </mem-info>
</gc-start>
<allocation-stats totalBytes="20605824" >
  <allocated-bytes non-tlh="0" tlh="20605824" arrayletleaf="0"/>
  <largest-consumer threadName="main" threadId="0000000001627700" bytes="20605824" />
</allocation-stats>
<gc-op id="6209" type="copy forward" timems="3.106" contextid="6206" timestamp="2019-06-16T00:36:35.494">
  <memory-copied type="eden" objects="11" bytes="36152" bytesdiscarded="2824" />
  <memory-copied type="other" objects="86" bytes="3456" bytesdiscarded="256" />
  <memory-cardclean objects="82" bytes="10904" />
  <regions eden="21" other="1" />
  <remembered-set-cleared processed="26818" cleared="47" durationms="0.239" />
  <stringconstants candidates="13269" cleared="0"  />
</gc-op>
<gc-op id="6210" type="classunload" timems="0.004" contextid="6206" timestamp="2019-06-16T00:36:35.494">
  <classunload-info classloadercandidates="53" classloadersunloaded="0" classesunloaded="0" anonymousclassesunloaded="0" quiescems="0.000" setupms="0.004" scanms="0.000" postms="0.000" />
</gc-op>
<heap-resize id="6211" type="contract" space="default" amount="3145728" count="1" timems="0.118" reason="insufficient time being spent in gc" timestamp="2019-06-16T00:36:35.495" />
<gc-end id="6212" type="partial gc" contextid="6206" durationms="4.884" usertimems="8.000" systemtimems="0.000" timestamp="2019-06-16T00:36:35.495" activeThreads="4">
  <mem-info id="6213" free="30408704" total="56623104" percent="53">
    <mem type="eden" free="1009600" total="1048576" percent="96" />
    <remembered-set count="28672" freebytes="2271104" totalbytes="2385792" percent="95" regionsoverflowed="0" regionsstable="12" regionsrebuilding="0"/>
  </mem-info>
</gc-end>
<cycle-end id="6214" type="partial gc" contextid="6206" timestamp="2019-06-16T00:36:35.495" />
  <attribute name="elasticGC enabled" value="1" />
  <attribute name= "numThreadsSpecified" value="4" />
  <attribute name="heapSize specified" value="0" />
  <attribute name="Current GC Util" value="179" />
  <attribute name= "Current Time Running" value="25157" />
  <attribute name ="GC Interval" value="0" />
  <attribute name="ProportionalT" value="238.500000" />
  <attribute name="ProportionalI" value="238.500000" />
  <attribute name="ProportionalH" value="238.500000" />
  <attribute name="Current Error" value="159.000000" />
  <attribute name="IntegralT" value="159.000000" />
  <attribute name="IntegralI" value="159.000000" />
  <attribute name="IntegralH" value="159.000000" />
  <attribute name="DerivativeT" value="73.500000" />
  <attribute name="DerivativeI" value="73.500000" />
  <attribute name="DerivativeH" value="73.500000" />
  <attribute name="Loop Time for DT" value="1.000000" />
  <attribute name="Output H" value="8388608"/>
  <attribute name="Output I" value="472"/>
  <attribute name="Output T" value="4"/>
  <attribute name="Target GC Util Change" value ="20.000000" />
  <attribute name="Current GC Util Change" value="179.000000"/>
  <attribute name="GC Util currently" value="179" />
  <attribute name="CPU Util currently" value="7896005925250" />
<exclusive-end id="6215" timestamp="2019-06-16T00:36:35.495" durationms="6.178" />

<exclusive-start id="6216" timestamp="2019-06-16T00:36:35.498" intervalms="9.232">
  <response-info timems="0.077" idlems="0.077" threads="0" lastid="0000000001627700" lastname="main" />
</exclusive-start>
<allocation-taxation id="6217" taxation-threshold="20971520" timestamp="2019-06-16T00:36:35.498" intervalms="9.236" />
<cycle-start id="6218" type="partial gc" contextid="0" timestamp="2019-06-16T00:36:35.499" intervalms="9.189" />
<gc-start id="6219" type="partial gc" contextid="6218" timestamp="2019-06-16T00:36:35.499">
  <mem-info id="6220" free="9437184" total="56623104" percent="16">
    <mem type="eden" free="1009600" total="22020096" percent="4" />
    <remembered-set count="28672" freebytes="2271104" totalbytes="2385792" percent="95" regionsoverflowed="0" regionsstable="12" regionsrebuilding="0"/>
  </mem-info>
</gc-start>
<allocation-stats totalBytes="19625400" >
  <allocated-bytes non-tlh="0" tlh="19625400" arrayletleaf="0"/>
  <largest-consumer threadName="main" threadId="0000000001627700" bytes="19625400" />
</allocation-stats>
<gc-op id="6221" type="copy forward" timems="3.637" contextid="6218" timestamp="2019-06-16T00:36:35.504">
  <memory-copied type="eden" objects="11" bytes="33800" bytesdiscarded="0" />
  <memory-copied type="other" objects="0" bytes="0" bytesdiscarded="0" />
  <memory-cardclean objects="14962" bytes="759520" />
  <regions eden="20" other="1" />
  <remembered-set-cleared processed="24458" cleared="190" durationms="0.179" />
  <stringconstants candidates="13269" cleared="0"  />
</gc-op>
<gc-op id="6222" type="classunload" timems="0.005" contextid="6218" timestamp="2019-06-16T00:36:35.504">
  <classunload-info classloadercandidates="53" classloadersunloaded="0" classesunloaded="0" anonymousclassesunloaded="0" quiescems="0.000" setupms="0.005" scanms="0.000" postms="0.000" />
</gc-op>
<gc-end id="6223" type="partial gc" contextid="6218" durationms="4.991" usertimems="8.000" systemtimems="0.000" timestamp="2019-06-16T00:36:35.504" activeThreads="4">
  <mem-info id="6224" free="30408704" total="56623104" percent="53">
    <mem type="eden" free="1014776" total="1048576" percent="96" />
    <remembered-set count="28800" freebytes="2145024" totalbytes="2260224" percent="94" regionsoverflowed="0" regionsstable="12" regionsrebuilding="0"/>
  </mem-info>
</gc-end>
<cycle-end id="6225" type="partial gc" contextid="6218" timestamp="2019-06-16T00:36:35.504" />
  <attribute name="elasticGC enabled" value="1" />
  <attribute name= "numThreadsSpecified" value="4" />
  <attribute name="heapSize specified" value="0" />
  <attribute name="Current GC Util" value="111" />
  <attribute name= "Current Time Running" value="25166" />
  <attribute name ="GC Interval" value="0" />
  <attribute name="ProportionalT" value="136.500000" />
  <attribute name="ProportionalI" value="136.500000" />
  <attribute name="ProportionalH" value="136.500000" />
  <attribute name="Current Error" value="91.000000" />
  <attribute name="IntegralT" value="91.000000" />
  <attribute name="IntegralI" value="91.000000" />
  <attribute name="IntegralH" value="91.000000" />
  <attribute name="DerivativeT" value="7.500000" />
  <attribute name="DerivativeI" value="7.500000" />
  <attribute name="DerivativeH" value="7.500000" />
  <attribute name="Loop Time for DT" value="1.000000" />
  <attribute name="Output H" value="8388608"/>
  <attribute name="Output I" value="240"/>
  <attribute name="Output T" value="4"/>
  <attribute name="Target GC Util Change" value ="20.000000" />
  <attribute name="Current GC Util Change" value="111.000000"/>
  <attribute name="GC Util currently" value="111" />
  <attribute name="CPU Util currently" value="8128596291190" />
<exclusive-end id="6226" timestamp="2019-06-16T00:36:35.504" durationms="6.080" />

<exclusive-start id="6227" timestamp="2019-06-16T00:36:35.506" intervalms="7.662">
  <response-info timems="0.045" idlems="0.045" threads="0" lastid="0000000001627700" lastname="main" />
</exclusive-start>
<allocation-taxation id="6228" taxation-threshold="10485760" timestamp="2019-06-16T00:36:35.506" intervalms="7.573" />
<cycle-start id="6229" type="global mark phase" contextid="0" timestamp="2019-06-16T00:36:35.506" intervalms="468.153" />
<gc-start id="6230" type="global mark phase" contextid="6229" timestamp="2019-06-16T00:36:35.506">
  <mem-info id="6231" free="19922944" total="56623104" percent="35">
    <remembered-set count="28352" freebytes="2146816" totalbytes="2260224" percent="94" regionsoverflowed="0" regionsstable="12" regionsrebuilding="0"/>
  </mem-info>
</gc-start>
<gc-op id="6232" type="mark increment" timems="1.237" contextid="6229" timestamp="2019-06-16T00:36:35.508">
  <trace-info objectcount="178" scancount="0" scanbytes="0" />
</gc-op>
<gc-end id="6233" type="global mark phase" contextid="6229" durationms="1.500" usertimems="4.000" systemtimems="0.000" timestamp="2019-06-16T00:36:35.508" activeThreads="4">
  <mem-info id="6234" free="19922944" total="56623104" percent="35">
    <remembered-set count="28352" freebytes="2146816" totalbytes="2260224" percent="94" regionsoverflowed="0" regionsstable="0" regionsrebuilding="12"/>
  </mem-info>
</gc-end>
<concurrent-start id="6235" type="GMP work packet processing" contextid="6229" timestamp="2019-06-16T00:36:35.508">
  <concurrent-mark-start scanTarget="1574297" />
</concurrent-start>
<exclusive-end id="6236" timestamp="2019-06-16T00:36:35.508" durationms="2.386" />

<concurrent-end id="6237" type="GMP work packet processing" contextid="6229" timestamp="2019-06-16T00:36:35.511">
  <concurrent-mark-end bytesScanned="1635352" reasonForTermination="Work target met" />
</concurrent-end>

<exclusive-start id="6238" timestamp="2019-06-16T00:36:35.563" intervalms="57.116">
  <response-info timems="0.126" idlems="0.126" threads="0" lastid="0000000001627700" lastname="main" />
</exclusive-start>
<allocation-taxation id="6239" taxation-threshold="10485760" timestamp="2019-06-16T00:36:35.563" intervalms="57.078" />
<cycle-start id="6240" type="partial gc" contextid="0" timestamp="2019-06-16T00:36:35.563" intervalms="64.671" />
<gc-start id="6241" type="partial gc" contextid="6240" timestamp="2019-06-16T00:36:35.564">
  <mem-info id="6242" free="9437184" total="56623104" percent="16">
    <mem type="eden" free="1014776" total="22020096" percent="4" />
    <remembered-set count="40192" freebytes="2099456" totalbytes="2260224" percent="92" regionsoverflowed="0" regionsstable="0" regionsrebuilding="12"/>
  </mem-info>
</gc-start>
<allocation-stats totalBytes="20285136" >
  <allocated-bytes non-tlh="0" tlh="20285136" arrayletleaf="0"/>
  <largest-consumer threadName="main" threadId="0000000001627700" bytes="10485424" />
</allocation-stats>
<gc-op id="6243" type="copy forward" timems="1.583" contextid="6240" timestamp="2019-06-16T00:36:35.566">
  <memory-copied type="eden" objects="139" bytes="47320" bytesdiscarded="0" />
  <memory-copied type="other" objects="0" bytes="0" bytesdiscarded="0" />
  <memory-cardclean objects="72" bytes="2424" />
  <regions eden="20" other="1" />
  <remembered-set-cleared processed="38522" cleared="40" durationms="0.362" />
  <stringconstants candidates="13269" cleared="0"  />
</gc-op>
<gc-op id="6244" type="classunload" timems="0.004" contextid="6240" timestamp="2019-06-16T00:36:35.566">
  <classunload-info classloadercandidates="53" classloadersunloaded="0" classesunloaded="0" anonymousclassesunloaded="0" quiescems="0.000" setupms="0.004" scanms="0.000" postms="0.000" />
</gc-op>
<heap-resize id="6245" type="expand" space="default" amount="9437184" count="1" timems="0.075" reason="excessive time being spent in gc" timestamp="2019-06-16T00:36:35.566" />
<gc-end id="6246" type="partial gc" contextid="6240" durationms="2.938" usertimems="0.000" systemtimems="4.000" timestamp="2019-06-16T00:36:35.567" activeThreads="1">
  <mem-info id="6247" free="39845888" total="66060288" percent="60">
    <mem type="eden" free="1001256" total="1048576" percent="95" />
    <remembered-set count="40576" freebytes="2474624" totalbytes="2636928" percent="93" regionsoverflowed="0" regionsstable="0" regionsrebuilding="12"/>
  </mem-info>
</gc-end>
<cycle-end id="6248" type="partial gc" contextid="6240" timestamp="2019-06-16T00:36:35.567" />
  <attribute name="elasticGC enabled" value="1" />
  <attribute name= "numThreadsSpecified" value="1" />
  <attribute name="heapSize specified" value="0" />
  <attribute name="Current GC Util" value="162" />
  <attribute name= "Current Time Running" value="25230" />
  <attribute name ="GC Interval" value="0" />
  <attribute name="ProportionalT" value="213.000000" />
  <attribute name="ProportionalI" value="213.000000" />
  <attribute name="ProportionalH" value="213.000000" />
  <attribute name="Current Error" value="142.000000" />
  <attribute name="IntegralT" value="0.000000" />
  <attribute name="IntegralI" value="0.000000" />
  <attribute name="IntegralH" value="0.000000" />
  <attribute name="DerivativeT" value="inf" />
  <attribute name="DerivativeI" value="inf" />
  <attribute name="DerivativeH" value="inf" />
  <attribute name="Loop Time for DT" value="0.000000" />
  <attribute name="Output H" value="8388608"/>
  <attribute name="Output I" value="200"/>
  <attribute name="Output T" value="1"/>
  <attribute name="Target GC Util Change" value ="20.000000" />
  <attribute name="Current GC Util Change" value="162.000000"/>
  <attribute name="GC Util currently" value="162" />
  <attribute name="CPU Util currently" value="13897317827790" />
<exclusive-end id="6249" timestamp="2019-06-16T00:36:35.567" durationms="4.060" />

<exclusive-start id="6250" timestamp="2019-06-16T00:36:35.648" intervalms="85.054">
  <response-info timems="0.090" idlems="0.090" threads="0" lastid="0000000001627700" lastname="main" />
</exclusive-start>
<allocation-taxation id="6251" taxation-threshold="11534336" timestamp="2019-06-16T00:36:35.648" intervalms="85.112" />
<gc-start id="6252" type="global mark phase" contextid="6229" timestamp="2019-06-16T00:36:35.648">
  <mem-info id="6253" free="28311552" total="66060288" percent="42">
    <remembered-set count="40256" freebytes="2475904" totalbytes="2636928" percent="93" regionsoverflowed="0" regionsstable="0" regionsrebuilding="12"/>
  </mem-info>
</gc-start>
<gc-end id="6254" type="global mark phase" contextid="6229" durationms="0.171" usertimems="0.000" systemtimems="0.000" timestamp="2019-06-16T00:36:35.649" activeThreads="1">
  <mem-info id="6255" free="28311552" total="66060288" percent="42">
    <remembered-set count="40256" freebytes="2475904" totalbytes="2636928" percent="93" regionsoverflowed="0" regionsstable="0" regionsrebuilding="12"/>
  </mem-info>
</gc-end>
<concurrent-start id="6256" type="GMP work packet processing" contextid="6229" timestamp="2019-06-16T00:36:35.649">
  <concurrent-mark-start scanTarget="1180722" />
</concurrent-start>
<exclusive-end id="6257" timestamp="2019-06-16T00:36:35.649" durationms="0.941" />

<concurrent-end id="6258" type="GMP work packet processing" contextid="6229" timestamp="2019-06-16T00:36:35.650">
  <concurrent-mark-end bytesScanned="1258696" reasonForTermination="Work target met" />
</concurrent-end>

<exclusive-start id="6259" timestamp="2019-06-16T00:36:35.658" intervalms="9.498">
  <response-info timems="0.068" idlems="0.068" threads="0" lastid="0000000001627700" lastname="main" />
</exclusive-start>
<allocation-taxation id="6260" taxation-threshold="11534336" timestamp="2019-06-16T00:36:35.658" intervalms="9.450" />
<cycle-start id="6261" type="partial gc" contextid="0" timestamp="2019-06-16T00:36:35.658" intervalms="94.571" />
<gc-start id="6262" type="partial gc" contextid="6261" timestamp="2019-06-16T00:36:35.658">
  <mem-info id="6263" free="16777216" total="66060288" percent="25">
    <mem type="eden" free="0" total="23068672" percent="0" />
    <remembered-set count="43520" freebytes="2462848" totalbytes="2636928" percent="93" regionsoverflowed="0" regionsstable="0" regionsrebuilding="12"/>
  </mem-info>
</gc-start>
<allocation-stats totalBytes="23066016" >
  <allocated-bytes non-tlh="0" tlh="23066016" arrayletleaf="0"/>
  <largest-consumer threadName="main" threadId="0000000001627700" bytes="11533000" />
</allocation-stats>
<gc-op id="6264" type="copy forward" timems="1.649" contextid="6261" timestamp="2019-06-16T00:36:35.661">
  <memory-copied type="eden" objects="35" bytes="1072" bytesdiscarded="0" />
  <memory-copied type="other" objects="14" bytes="40128" bytesdiscarded="0" />
  <memory-cardclean objects="95" bytes="2992" />
  <regions eden="22" other="1" />
  <remembered-set-cleared processed="41800" cleared="65" durationms="0.397" />
  <stringconstants candidates="13269" cleared="0"  />
</gc-op>
<gc-op id="6265" type="classunload" timems="0.003" contextid="6261" timestamp="2019-06-16T00:36:35.661">
  <classunload-info classloadercandidates="53" classloadersunloaded="0" classesunloaded="0" anonymousclassesunloaded="0" quiescems="0.000" setupms="0.003" scanms="0.000" postms="0.000" />
</gc-op>
<gc-end id="6266" type="partial gc" contextid="6261" durationms="2.888" usertimems="4.000" systemtimems="0.000" timestamp="2019-06-16T00:36:35.661" activeThreads="1">
  <mem-info id="6267" free="38797312" total="66060288" percent="58">
    <mem type="eden" free="1047504" total="1048576" percent="99" />
    <remembered-set count="43840" freebytes="2461568" totalbytes="2636928" percent="93" regionsoverflowed="0" regionsstable="0" regionsrebuilding="12"/>
  </mem-info>
</gc-end>
<cycle-end id="6268" type="partial gc" contextid="6261" timestamp="2019-06-16T00:36:35.661" />
  <attribute name="elasticGC enabled" value="1" />
  <attribute name= "numThreadsSpecified" value="1" />
  <attribute name="heapSize specified" value="0" />
  <attribute name="Current GC Util" value="177" />
  <attribute name= "Current Time Running" value="25325" />
  <attribute name ="GC Interval" value="0" />
  <attribute name="ProportionalT" value="235.500000" />
  <attribute name="ProportionalI" value="235.500000" />
  <attribute name="ProportionalH" value="235.500000" />
  <attribute name="Current Error" value="157.000000" />
  <attribute name="IntegralT" value="0.000000" />
  <attribute name="IntegralI" value="0.000000" />
  <attribute name="IntegralH" value="0.000000" />
  <attribute name="DerivativeT" value="inf" />
  <attribute name="DerivativeI" value="inf" />
  <attribute name="DerivativeH" value="inf" />
  <attribute name="Loop Time for DT" value="0.000000" />
  <attribute name="Output H" value="8388608"/>
  <attribute name="Output I" value="200"/>
  <attribute name="Output T" value="1"/>
  <attribute name="Target GC Util Change" value ="20.000000" />
  <attribute name="Current GC Util Change" value="177.000000"/>
  <attribute name="GC Util currently" value="177" />
  <attribute name="CPU Util currently" value="12611330043909" />
<exclusive-end id="6269" timestamp="2019-06-16T00:36:35.661" durationms="3.903" />

<exclusive-start id="6270" timestamp="2019-06-16T00:36:35.669" intervalms="11.371">
  <response-info timems="0.086" idlems="0.086" threads="0" lastid="0000000001627700" lastname="main" />
</exclusive-start>
<allocation-taxation id="6271" taxation-threshold="11534336" timestamp="2019-06-16T00:36:35.669" intervalms="11.369" />
<gc-start id="6272" type="global mark phase" contextid="6229" timestamp="2019-06-16T00:36:35.669">
  <mem-info id="6273" free="27262976" total="66060288" percent="41">
    <remembered-set count="43520" freebytes="2462848" totalbytes="2636928" percent="93" regionsoverflowed="0" regionsstable="0" regionsrebuilding="12"/>
  </mem-info>
</gc-start>
<gc-end id="6274" type="global mark phase" contextid="6229" durationms="0.184" usertimems="0.000" systemtimems="0.000" timestamp="2019-06-16T00:36:35.669" activeThreads="1">
  <mem-info id="6275" free="27262976" total="66060288" percent="41">
    <remembered-set count="43520" freebytes="2462848" totalbytes="2636928" percent="93" regionsoverflowed="0" regionsstable="0" regionsrebuilding="12"/>
  </mem-info>
</gc-end>
<concurrent-start id="6276" type="GMP work packet processing" contextid="6229" timestamp="2019-06-16T00:36:35.670">
  <concurrent-mark-start scanTarget="1048576" />
</concurrent-start>
<exclusive-end id="6277" timestamp="2019-06-16T00:36:35.670" durationms="1.495" />

<concurrent-end id="6278" type="GMP work packet processing" contextid="6229" timestamp="2019-06-16T00:36:35.671">
  <concurrent-mark-end bytesScanned="1092972" reasonForTermination="Work target met" />
</concurrent-end>

<exclusive-start id="6279" timestamp="2019-06-16T00:36:35.678" intervalms="9.130">
  <response-info timems="0.079" idlems="0.079" threads="0" lastid="0000000001627700" lastname="main" />
</exclusive-start>
<allocation-taxation id="6280" taxation-threshold="11534336" timestamp="2019-06-16T00:36:35.678" intervalms="9.151" />
<cycle-start id="6281" type="partial gc" contextid="0" timestamp="2019-06-16T00:36:35.678" intervalms="20.535" />
<gc-start id="6282" type="partial gc" contextid="6281" timestamp="2019-06-16T00:36:35.679">
  <mem-info id="6283" free="15728640" total="66060288" percent="23">
    <mem type="eden" free="0" total="23068672" percent="0" />
    <remembered-set count="47168" freebytes="2448256" totalbytes="2636928" percent="92" regionsoverflowed="0" regionsstable="0" regionsrebuilding="12"/>
  </mem-info>
</gc-start>
<allocation-stats totalBytes="23065528" >
  <allocated-bytes non-tlh="0" tlh="23065528" arrayletleaf="0"/>
  <largest-consumer threadName="main" threadId="0000000001627700" bytes="11533008" />
</allocation-stats>
<gc-op id="6284" type="copy forward" timems="1.534" contextid="6281" timestamp="2019-06-16T00:36:35.681">
  <memory-copied type="eden" objects="3" bytes="128" bytesdiscarded="0" />
  <memory-copied type="other" objects="34" bytes="1048" bytesdiscarded="0" />
  <memory-cardclean objects="68" bytes="2192" />
  <regions eden="22" other="1" />
  <remembered-set-cleared processed="44972" cleared="36" durationms="0.385" />
  <stringconstants candidates="13269" cleared="0"  />
</gc-op>
<gc-op id="6285" type="classunload" timems="0.004" contextid="6281" timestamp="2019-06-16T00:36:35.681">
  <classunload-info classloadercandidates="53" classloadersunloaded="0" classesunloaded="0" anonymousclassesunloaded="0" quiescems="0.000" setupms="0.003" scanms="0.000" postms="0.000" />
</gc-op>
<heap-resize id="6286" type="expand" space="default" amount="5242880" count="1" timems="0.064" reason="excessive time being spent in gc" timestamp="2019-06-16T00:36:35.681" />
<gc-end id="6287" type="partial gc" contextid="6281" durationms="2.957" usertimems="0.000" systemtimems="0.000" timestamp="2019-06-16T00:36:35.682" activeThreads="1">
  <mem-info id="6288" free="42991616" total="71303168" percent="60">
    <mem type="eden" free="1048448" total="1048576" percent="99" />
    <remembered-set count="47552" freebytes="2656000" totalbytes="2846208" percent="93" regionsoverflowed="0" regionsstable="0" regionsrebuilding="12"/>
  </mem-info>
</gc-end>
<cycle-end id="6289" type="partial gc" contextid="6281" timestamp="2019-06-16T00:36:35.682" />
  <attribute name="elasticGC enabled" value="1" />
  <attribute name= "numThreadsSpecified" value="1" />
  <attribute name="heapSize specified" value="0" />
  <attribute name="Current GC Util" value="163" />
  <attribute name= "Current Time Running" value="25345" />
  <attribute name ="GC Interval" value="0" />
  <attribute name="ProportionalT" value="214.500000" />
  <attribute name="ProportionalI" value="214.500000" />
  <attribute name="ProportionalH" value="214.500000" />
  <attribute name="Current Error" value="143.000000" />
  <attribute name="IntegralT" value="0.000000" />
  <attribute name="IntegralI" value="0.000000" />
  <attribute name="IntegralH" value="0.000000" />
  <attribute name="DerivativeT" value="inf" />
  <attribute name="DerivativeI" value="inf" />
  <attribute name="DerivativeH" value="inf" />
  <attribute name="Loop Time for DT" value="0.000000" />
  <attribute name="Output H" value="8388608"/>
  <attribute name="Output I" value="200"/>
  <attribute name="Output T" value="1"/>
  <attribute name="Target GC Util Change" value ="20.000000" />
  <attribute name="Current GC Util Change" value="163.000000"/>
  <attribute name="GC Util currently" value="163" />
  <attribute name="CPU Util currently" value="13568650950203" />
<exclusive-end id="6290" timestamp="2019-06-16T00:36:35.682" durationms="4.002" />

<exclusive-start id="6291" timestamp="2019-06-16T00:36:35.691" intervalms="13.121">
  <response-info timems="0.085" idlems="0.085" threads="0" lastid="0000000001627700" lastname="main" />
</exclusive-start>
<allocation-taxation id="6292" taxation-threshold="11534336" timestamp="2019-06-16T00:36:35.691" intervalms="13.103" />
<gc-start id="6293" type="global mark phase" contextid="6229" timestamp="2019-06-16T00:36:35.691">
  <mem-info id="6294" free="31457280" total="71303168" percent="44">
    <remembered-set count="47200" freebytes="2657408" totalbytes="2846208" percent="93" regionsoverflowed="0" regionsstable="0" regionsrebuilding="12"/>
  </mem-info>
</gc-start>
<gc-end id="6295" type="global mark phase" contextid="6229" durationms="0.043" usertimems="0.000" systemtimems="0.000" timestamp="2019-06-16T00:36:35.692" activeThreads="1">
  <mem-info id="6296" free="31457280" total="71303168" percent="44">
    <remembered-set count="47200" freebytes="2657408" totalbytes="2846208" percent="93" regionsoverflowed="0" regionsstable="0" regionsrebuilding="12"/>
  </mem-info>
</gc-end>
<concurrent-start id="6297" type="GMP work packet processing" contextid="6229" timestamp="2019-06-16T00:36:35.692">
  <concurrent-mark-start scanTarget="1048576" />
</concurrent-start>
<exclusive-end id="6298" timestamp="2019-06-16T00:36:35.692" durationms="0.660" />

<concurrent-end id="6299" type="GMP work packet processing" contextid="6229" timestamp="2019-06-16T00:36:35.693">
  <concurrent-mark-end bytesScanned="1112220" reasonForTermination="Work target met" />
</concurrent-end>

<exclusive-start id="6300" timestamp="2019-06-16T00:36:35.704" intervalms="13.302">
  <response-info timems="0.078" idlems="0.078" threads="0" lastid="0000000001627700" lastname="main" />
</exclusive-start>
<allocation-taxation id="6301" taxation-threshold="11534336" timestamp="2019-06-16T00:36:35.705" intervalms="13.300" />
<cycle-start id="6302" type="partial gc" contextid="0" timestamp="2019-06-16T00:36:35.705" intervalms="26.372" />
<gc-start id="6303" type="partial gc" contextid="6302" timestamp="2019-06-16T00:36:35.705">
  <mem-info id="6304" free="19922944" total="71303168" percent="27">
    <mem type="eden" free="1048448" total="24117248" percent="4" />
    <remembered-set count="51328" freebytes="2640896" totalbytes="2846208" percent="92" regionsoverflowed="0" regionsstable="0" regionsrebuilding="12"/>
  </mem-info>
</gc-start>
<allocation-stats totalBytes="23064952" >
  <allocated-bytes non-tlh="0" tlh="23064952" arrayletleaf="0"/>
  <largest-consumer threadName="main" threadId="0000000001627700" bytes="11532248" />
</allocation-stats>
<gc-op id="6305" type="copy forward" timems="3.191" contextid="6302" timestamp="2019-06-16T00:36:35.709">
  <memory-copied type="eden" objects="44" bytes="1432" bytesdiscarded="624" />
  <memory-copied type="other" objects="0" bytes="0" bytesdiscarded="0" />
  <memory-cardclean objects="71" bytes="2312" />
  <regions eden="22" other="1" />
  <remembered-set-cleared processed="48911" cleared="33" durationms="0.244" />
  <stringconstants candidates="13269" cleared="0"  />
</gc-op>
<gc-op id="6306" type="classunload" timems="0.004" contextid="6302" timestamp="2019-06-16T00:36:35.709">
  <classunload-info classloadercandidates="53" classloadersunloaded="0" classesunloaded="0" anonymousclassesunloaded="0" quiescems="0.000" setupms="0.004" scanms="0.000" postms="0.000" />
</gc-op>
<gc-end id="6307" type="partial gc" contextid="6302" durationms="4.279" usertimems="8.000" systemtimems="0.000" timestamp="2019-06-16T00:36:35.709" activeThreads="4">
  <mem-info id="6308" free="42991616" total="71303168" percent="60">
    <mem type="eden" free="1046520" total="1048576" percent="99" />
    <remembered-set count="51872" freebytes="2638720" totalbytes="2846208" percent="92" regionsoverflowed="0" regionsstable="0" regionsrebuilding="12"/>
  </mem-info>
</gc-end>
<cycle-end id="6309" type="partial gc" contextid="6302" timestamp="2019-06-16T00:36:35.709" />
  <attribute name="elasticGC enabled" value="1" />
  <attribute name= "numThreadsSpecified" value="4" />
  <attribute name="heapSize specified" value="0" />
  <attribute name="Current GC Util" value="157" />
  <attribute name= "Current Time Running" value="25372" />
  <attribute name ="GC Interval" value="0" />
  <attribute name="ProportionalT" value="205.500000" />
  <attribute name="ProportionalI" value="205.500000" />
  <attribute name="ProportionalH" value="205.500000" />
  <attribute name="Current Error" value="137.000000" />
  <attribute name="IntegralT" value="137.000000" />
  <attribute name="IntegralI" value="137.000000" />
  <attribute name="IntegralH" value="137.000000" />
  <attribute name="DerivativeT" value="66.500000" />
  <attribute name="DerivativeI" value="66.500000" />
  <attribute name="DerivativeH" value="66.500000" />
  <attribute name="Loop Time for DT" value="1.000000" />
  <attribute name="Output H" value="8388608"/>
  <attribute name="Output I" value="416"/>
  <attribute name="Output T" value="4"/>
  <attribute name="Target GC Util Change" value ="20.000000" />
  <attribute name="Current GC Util Change" value="157.000000"/>
  <attribute name="GC Util currently" value="157" />
  <attribute name="CPU Util currently" value="13533927945701" />
<exclusive-end id="6310" timestamp="2019-06-16T00:36:35.710" durationms="5.094" />

<exclusive-start id="6311" timestamp="2019-06-16T00:36:35.721" intervalms="16.843">
  <response-info timems="0.070" idlems="0.070" threads="0" lastid="0000000001627700" lastname="main" />
</exclusive-start>
<allocation-taxation id="6312" taxation-threshold="11534336" timestamp="2019-06-16T00:36:35.721" intervalms="16.854" />
<gc-start id="6313" type="global mark phase" contextid="6229" timestamp="2019-06-16T00:36:35.722">
  <mem-info id="6314" free="31457280" total="71303168" percent="44">
    <remembered-set count="51872" freebytes="2638720" totalbytes="2846208" percent="92" regionsoverflowed="0" regionsstable="0" regionsrebuilding="12"/>
  </mem-info>
</gc-start>
<gc-end id="6315" type="global mark phase" contextid="6229" durationms="0.229" usertimems="0.000" systemtimems="0.000" timestamp="2019-06-16T00:36:35.722" activeThreads="4">
  <mem-info id="6316" free="31457280" total="71303168" percent="44">
    <remembered-set count="51872" freebytes="2638720" totalbytes="2846208" percent="92" regionsoverflowed="0" regionsstable="0" regionsrebuilding="12"/>
  </mem-info>
</gc-end>
<concurrent-start id="6317" type="GMP work packet processing" contextid="6229" timestamp="2019-06-16T00:36:35.722">
  <concurrent-mark-start scanTarget="1574297" />
</concurrent-start>
<exclusive-end id="6318" timestamp="2019-06-16T00:36:35.722" durationms="0.908" />

<concurrent-end id="6319" type="GMP work packet processing" contextid="6229" timestamp="2019-06-16T00:36:35.724">
  <concurrent-mark-end bytesScanned="1624452" reasonForTermination="Work target met" />
</concurrent-end>

<exclusive-start id="6320" timestamp="2019-06-16T00:36:35.735" intervalms="13.950">
  <response-info timems="0.081" idlems="0.081" threads="0" lastid="0000000001627700" lastname="main" />
</exclusive-start>
<allocation-taxation id="6321" taxation-threshold="11534336" timestamp="2019-06-16T00:36:35.735" intervalms="13.940" />
<cycle-start id="6322" type="partial gc" contextid="0" timestamp="2019-06-16T00:36:35.736" intervalms="30.780" />
<gc-start id="6323" type="partial gc" contextid="6322" timestamp="2019-06-16T00:36:35.736">
  <mem-info id="6324" free="19922944" total="71303168" percent="27">
    <mem type="eden" free="0" total="23068672" percent="0" />
    <remembered-set count="54432" freebytes="2628480" totalbytes="2846208" percent="92" regionsoverflowed="0" regionsstable="0" regionsrebuilding="12"/>
  </mem-info>
</gc-start>
<allocation-stats totalBytes="23063984" >
  <allocated-bytes non-tlh="0" tlh="23063984" arrayletleaf="0"/>
  <largest-consumer threadName="main" threadId="0000000001627700" bytes="11531872" />
</allocation-stats>
<gc-op id="6325" type="copy forward" timems="3.134" contextid="6322" timestamp="2019-06-16T00:36:35.740">
  <memory-copied type="eden" objects="36" bytes="1456" bytesdiscarded="672" />
  <memory-copied type="other" objects="7" bytes="168" bytesdiscarded="672" />
  <memory-cardclean objects="75" bytes="2416" />
  <regions eden="22" other="1" />
  <remembered-set-cleared processed="52093" cleared="57" durationms="0.202" />
  <stringconstants candidates="13269" cleared="0"  />
</gc-op>
<gc-op id="6326" type="classunload" timems="0.004" contextid="6322" timestamp="2019-06-16T00:36:35.740">
  <classunload-info classloadercandidates="53" classloadersunloaded="0" classesunloaded="0" anonymousclassesunloaded="0" quiescems="0.000" setupms="0.004" scanms="0.000" postms="0.000" />
</gc-op>
<heap-resize id="6327" type="expand" space="default" amount="2097152" count="1" timems="0.058" reason="excessive time being spent in gc" timestamp="2019-06-16T00:36:35.740" />
<gc-end id="6328" type="partial gc" contextid="6322" durationms="4.457" usertimems="4.000" systemtimems="4.000" timestamp="2019-06-16T00:36:35.740" activeThreads="4">
  <mem-info id="6329" free="44040192" total="73400320" percent="60">
    <mem type="eden" free="1046448" total="1048576" percent="99" />
    <remembered-set count="55040" freebytes="2709760" totalbytes="2929920" percent="92" regionsoverflowed="0" regionsstable="0" regionsrebuilding="12"/>
  </mem-info>
</gc-end>
<cycle-end id="6330" type="partial gc" contextid="6322" timestamp="2019-06-16T00:36:35.740" />
  <attribute name="elasticGC enabled" value="1" />
  <attribute name= "numThreadsSpecified" value="4" />
  <attribute name="heapSize specified" value="0" />
  <attribute name="Current GC Util" value="150" />
  <attribute name= "Current Time Running" value="25403" />
  <attribute name ="GC Interval" value="0" />
  <attribute name="ProportionalT" value="195.000000" />
  <attribute name="ProportionalI" value="195.000000" />
  <attribute name="ProportionalH" value="195.000000" />
  <attribute name="Current Error" value="130.000000" />
  <attribute name="IntegralT" value="130.000000" />
  <attribute name="IntegralI" value="130.000000" />
  <attribute name="IntegralH" value="130.000000" />
  <attribute name="DerivativeT" value="62.000000" />
  <attribute name="DerivativeI" value="62.000000" />
  <attribute name="DerivativeH" value="62.000000" />
  <attribute name="Loop Time for DT" value="1.000000" />
  <attribute name="Output H" value="8388608"/>
  <attribute name="Output I" value="392"/>
  <attribute name="Output T" value="4"/>
  <attribute name="Target GC Util Change" value ="20.000000" />
  <attribute name="Current GC Util Change" value="150.000000"/>
  <attribute name="GC Util currently" value="150" />
  <attribute name="CPU Util currently" value="12526649320037" />
<exclusive-end id="6331" timestamp="2019-06-16T00:36:35.741" durationms="5.421" />

<exclusive-start id="6332" timestamp="2019-06-16T00:36:35.751" intervalms="15.397">
  <response-info timems="0.079" idlems="0.079" threads="0" lastid="0000000001627700" lastname="main" />
</exclusive-start>
<allocation-taxation id="6333" taxation-threshold="12582912" timestamp="2019-06-16T00:36:35.751" intervalms="15.333" />
<gc-start id="6334" type="global mark phase" contextid="6229" timestamp="2019-06-16T00:36:35.751">
  <mem-info id="6335" free="31457280" total="73400320" percent="42">
    <remembered-set count="55040" freebytes="2709760" totalbytes="2929920" percent="92" regionsoverflowed="0" regionsstable="0" regionsrebuilding="12"/>
  </mem-info>
</gc-start>
<gc-end id="6336" type="global mark phase" contextid="6229" durationms="0.180" usertimems="0.000" systemtimems="0.000" timestamp="2019-06-16T00:36:35.751" activeThreads="4">
  <mem-info id="6337" free="31457280" total="73400320" percent="42">
    <remembered-set count="55040" freebytes="2709760" totalbytes="2929920" percent="92" regionsoverflowed="0" regionsstable="0" regionsrebuilding="12"/>
  </mem-info>
</gc-end>
<concurrent-start id="6338" type="GMP work packet processing" contextid="6229" timestamp="2019-06-16T00:36:35.751">
  <concurrent-mark-start scanTarget="1574297" />
</concurrent-start>
<concurrent-end id="6339" type="GMP work packet processing" contextid="6229" timestamp="2019-06-16T00:36:35.753">
  <concurrent-mark-end bytesScanned="1635888" reasonForTermination="Work target met" />
</concurrent-end>

<exclusive-end id="6340" timestamp="2019-06-16T00:36:35.753" durationms="2.008" />

<exclusive-start id="6341" timestamp="2019-06-16T00:36:35.763" intervalms="12.105">
  <response-info timems="0.055" idlems="0.055" threads="0" lastid="0000000001627700" lastname="main" />
</exclusive-start>
<allocation-taxation id="6342" taxation-threshold="12582912" timestamp="2019-06-16T00:36:35.763" intervalms="12.128" />
<cycle-start id="6343" type="partial gc" contextid="0" timestamp="2019-06-16T00:36:35.763" intervalms="27.457" />
<gc-start id="6344" type="partial gc" contextid="6343" timestamp="2019-06-16T00:36:35.763">
  <mem-info id="6345" free="18874368" total="73400320" percent="25">
    <mem type="eden" free="0" total="25165824" percent="0" />
    <remembered-set count="58144" freebytes="2697344" totalbytes="2929920" percent="92" regionsoverflowed="0" regionsstable="0" regionsrebuilding="12"/>
  </mem-info>
</gc-start>
<allocation-stats totalBytes="25155888" >
  <allocated-bytes non-tlh="0" tlh="25155888" arrayletleaf="0"/>
  <largest-consumer threadName="main" threadId="0000000001627700" bytes="12577896" />
</allocation-stats>
<gc-op id="6346" type="copy forward" timems="1.599" contextid="6343" timestamp="2019-06-16T00:36:35.766">
  <memory-copied type="eden" objects="7" bytes="312" bytesdiscarded="0" />
  <memory-copied type="other" objects="18" bytes="592" bytesdiscarded="0" />
  <memory-cardclean objects="54" bytes="1800" />
  <regions eden="24" other="1" />
  <remembered-set-cleared processed="55768" cleared="49" durationms="0.462" />
  <stringconstants candidates="13269" cleared="0"  />
</gc-op>
<gc-op id="6347" type="classunload" timems="0.003" contextid="6343" timestamp="2019-06-16T00:36:35.766">
  <classunload-info classloadercandidates="53" classloadersunloaded="0" classesunloaded="0" anonymousclassesunloaded="0" quiescems="0.000" setupms="0.003" scanms="0.000" postms="0.000" />
</gc-op>
<heap-resize id="6348" type="expand" space="default" amount="3145728" count="1" timems="0.060" reason="excessive time being spent in gc" timestamp="2019-06-16T00:36:35.766" />
<gc-end id="6349" type="partial gc" contextid="6343" durationms="2.851" usertimems="4.000" systemtimems="0.000" timestamp="2019-06-16T00:36:35.766" activeThreads="1">
  <mem-info id="6350" free="46137344" total="76546048" percent="60">
    <mem type="eden" free="1048264" total="1048576" percent="99" />
    <remembered-set count="58368" freebytes="2822016" totalbytes="3055488" percent="92" regionsoverflowed="0" regionsstable="0" regionsrebuilding="12"/>
  </mem-info>
</gc-end>
<cycle-end id="6351" type="partial gc" contextid="6343" timestamp="2019-06-16T00:36:35.766" />
  <attribute name="elasticGC enabled" value="1" />
  <attribute name= "numThreadsSpecified" value="1" />
  <attribute name="heapSize specified" value="0" />
  <attribute name="Current GC Util" value="159" />
  <attribute name= "Current Time Running" value="25430" />
  <attribute name ="GC Interval" value="0" />
  <attribute name="ProportionalT" value="208.500000" />
  <attribute name="ProportionalI" value="208.500000" />
  <attribute name="ProportionalH" value="208.500000" />
  <attribute name="Current Error" value="139.000000" />
  <attribute name="IntegralT" value="0.000000" />
  <attribute name="IntegralI" value="0.000000" />
  <attribute name="IntegralH" value="0.000000" />
  <attribute name="DerivativeT" value="inf" />
  <attribute name="DerivativeI" value="inf" />
  <attribute name="DerivativeH" value="inf" />
  <attribute name="Loop Time for DT" value="0.000000" />
  <attribute name="Output H" value="8388608"/>
  <attribute name="Output I" value="200"/>
  <attribute name="Output T" value="1"/>
  <attribute name="Target GC Util Change" value ="20.000000" />
  <attribute name="Current GC Util Change" value="159.000000"/>
  <attribute name="GC Util currently" value="159" />
  <attribute name="CPU Util currently" value="12411618913846" />
<exclusive-end id="6352" timestamp="2019-06-16T00:36:35.767" durationms="3.800" />

<exclusive-start id="6353" timestamp="2019-06-16T00:36:35.777" intervalms="13.856">
  <response-info timems="0.074" idlems="0.074" threads="0" lastid="0000000001627700" lastname="main" />
</exclusive-start>
<allocation-taxation id="6354" taxation-threshold="12582912" timestamp="2019-06-16T00:36:35.777" intervalms="13.858" />
<gc-start id="6355" type="global mark phase" contextid="6229" timestamp="2019-06-16T00:36:35.777">
  <mem-info id="6356" free="33554432" total="76546048" percent="43">
    <remembered-set count="58016" freebytes="2823424" totalbytes="3055488" percent="92" regionsoverflowed="0" regionsstable="0" regionsrebuilding="12"/>
  </mem-info>
</gc-start>
<gc-end id="6357" type="global mark phase" contextid="6229" durationms="0.141" usertimems="0.000" systemtimems="0.000" timestamp="2019-06-16T00:36:35.777" activeThreads="1">
  <mem-info id="6358" free="33554432" total="76546048" percent="43">
    <remembered-set count="58016" freebytes="2823424" totalbytes="3055488" percent="92" regionsoverflowed="0" regionsstable="0" regionsrebuilding="12"/>
  </mem-info>
</gc-end>
<concurrent-start id="6359" type="GMP work packet processing" contextid="6229" timestamp="2019-06-16T00:36:35.777">
  <concurrent-mark-start scanTarget="1048576" />
</concurrent-start>
<exclusive-end id="6360" timestamp="2019-06-16T00:36:35.777" durationms="0.745" />

<concurrent-end id="6361" type="GMP work packet processing" contextid="6229" timestamp="2019-06-16T00:36:35.778">
  <concurrent-mark-end bytesScanned="1108280" reasonForTermination="Work target met" />
</concurrent-end>

<exclusive-start id="6362" timestamp="2019-06-16T00:36:35.792" intervalms="15.241">
  <response-info timems="0.075" idlems="0.075" threads="0" lastid="0000000001627700" lastname="main" />
</exclusive-start>
<allocation-taxation id="6363" taxation-threshold="12582912" timestamp="2019-06-16T00:36:35.792" intervalms="15.270" />
<cycle-start id="6364" type="partial gc" contextid="0" timestamp="2019-06-16T00:36:35.792" intervalms="29.166" />
<gc-start id="6365" type="partial gc" contextid="6364" timestamp="2019-06-16T00:36:35.792">
  <mem-info id="6366" free="20971520" total="76546048" percent="27">
    <mem type="eden" free="1048264" total="26214400" percent="3" />
    <remembered-set count="64160" freebytes="2798848" totalbytes="3055488" percent="91" regionsoverflowed="0" regionsstable="0" regionsrebuilding="12"/>
  </mem-info>
</gc-start>
<allocation-stats totalBytes="25157176" >
  <allocated-bytes non-tlh="0" tlh="25157176" arrayletleaf="0"/>
  <largest-consumer threadName="main" threadId="0000000001627700" bytes="12578968" />
</allocation-stats>
<gc-op id="6367" type="copy forward" timems="1.604" contextid="6364" timestamp="2019-06-16T00:36:35.795">
  <memory-copied type="eden" objects="30" bytes="920" bytesdiscarded="0" />
  <memory-copied type="other" objects="0" bytes="0" bytesdiscarded="0" />
  <memory-cardclean objects="75" bytes="2392" />
  <regions eden="24" other="1" />
  <remembered-set-cleared processed="61202" cleared="41" durationms="0.489" />
  <stringconstants candidates="13269" cleared="0"  />
</gc-op>
<gc-op id="6368" type="classunload" timems="0.004" contextid="6364" timestamp="2019-06-16T00:36:35.795">
  <classunload-info classloadercandidates="53" classloadersunloaded="0" classesunloaded="0" anonymousclassesunloaded="0" quiescems="0.000" setupms="0.003" scanms="0.000" postms="0.000" />
</gc-op>
<gc-end id="6369" type="partial gc" contextid="6364" durationms="2.800" usertimems="0.000" systemtimems="0.000" timestamp="2019-06-16T00:36:35.795" activeThreads="1">
  <mem-info id="6370" free="46137344" total="76546048" percent="60">
    <mem type="eden" free="1047656" total="1048576" percent="99" />
    <remembered-set count="64544" freebytes="2797312" totalbytes="3055488" percent="91" regionsoverflowed="0" regionsstable="0" regionsrebuilding="12"/>
  </mem-info>
</gc-end>
<cycle-end id="6371" type="partial gc" contextid="6364" timestamp="2019-06-16T00:36:35.795" />
  <attribute name="elasticGC enabled" value="1" />
  <attribute name= "numThreadsSpecified" value="1" />
  <attribute name="heapSize specified" value="0" />
  <attribute name="Current GC Util" value="164" />
  <attribute name= "Current Time Running" value="25459" />
  <attribute name ="GC Interval" value="0" />
  <attribute name="ProportionalT" value="216.000000" />
  <attribute name="ProportionalI" value="216.000000" />
  <attribute name="ProportionalH" value="216.000000" />
  <attribute name="Current Error" value="144.000000" />
  <attribute name="IntegralT" value="0.000000" />
  <attribute name="IntegralI" value="0.000000" />
  <attribute name="IntegralH" value="0.000000" />
  <attribute name="DerivativeT" value="inf" />
  <attribute name="DerivativeI" value="inf" />
  <attribute name="DerivativeH" value="inf" />
  <attribute name="Loop Time for DT" value="0.000000" />
  <attribute name="Output H" value="8388608"/>
  <attribute name="Output I" value="200"/>
  <attribute name="Output T" value="1"/>
  <attribute name="Target GC Util Change" value ="20.000000" />
  <attribute name="Current GC Util Change" value="164.000000"/>
  <attribute name="GC Util currently" value="164" />
  <attribute name="CPU Util currently" value="13854356959372" />
<exclusive-end id="6372" timestamp="2019-06-16T00:36:35.796" durationms="3.785" />

<exclusive-start id="6373" timestamp="2019-06-16T00:36:35.811" intervalms="19.418">
  <response-info timems="0.081" idlems="0.081" threads="0" lastid="0000000001627700" lastname="main" />
</exclusive-start>
<allocation-taxation id="6374" taxation-threshold="12582912" timestamp="2019-06-16T00:36:35.811" intervalms="19.403" />
<gc-start id="6375" type="global mark phase" contextid="6229" timestamp="2019-06-16T00:36:35.812">
  <mem-info id="6376" free="33554432" total="76546048" percent="43">
    <remembered-set count="64160" freebytes="2798848" totalbytes="3055488" percent="91" regionsoverflowed="0" regionsstable="0" regionsrebuilding="12"/>
  </mem-info>
</gc-start>
<gc-end id="6377" type="global mark phase" contextid="6229" durationms="0.162" usertimems="0.000" systemtimems="0.000" timestamp="2019-06-16T00:36:35.812" activeThreads="1">
  <mem-info id="6378" free="33554432" total="76546048" percent="43">
    <remembered-set count="64160" freebytes="2798848" totalbytes="3055488" percent="91" regionsoverflowed="0" regionsstable="0" regionsrebuilding="12"/>
  </mem-info>
</gc-end>
<concurrent-start id="6379" type="GMP work packet processing" contextid="6229" timestamp="2019-06-16T00:36:35.812">
  <concurrent-mark-start scanTarget="1048576" />
</concurrent-start>
<exclusive-end id="6380" timestamp="2019-06-16T00:36:35.812" durationms="0.808" />

<concurrent-end id="6381" type="GMP work packet processing" contextid="6229" timestamp="2019-06-16T00:36:35.813">
  <concurrent-mark-end bytesScanned="1082908" reasonForTermination="Work target met" />
</concurrent-end>

<exclusive-start id="6382" timestamp="2019-06-16T00:36:35.829" intervalms="17.955">
  <response-info timems="0.075" idlems="0.075" threads="0" lastid="0000000001627700" lastname="main" />
</exclusive-start>
<allocation-taxation id="6383" taxation-threshold="12582912" timestamp="2019-06-16T00:36:35.829" intervalms="17.970" />
<cycle-start id="6384" type="partial gc" contextid="0" timestamp="2019-06-16T00:36:35.830" intervalms="37.381" />
<gc-start id="6385" type="partial gc" contextid="6384" timestamp="2019-06-16T00:36:35.830">
  <mem-info id="6386" free="20971520" total="76546048" percent="27">
    <mem type="eden" free="0" total="25165824" percent="0" />
    <remembered-set count="70848" freebytes="2772096" totalbytes="3055488" percent="90" regionsoverflowed="0" regionsstable="0" regionsrebuilding="12"/>
  </mem-info>
</gc-start>
<allocation-stats totalBytes="25164104" >
  <allocated-bytes non-tlh="0" tlh="25164104" arrayletleaf="0"/>
  <largest-consumer threadName="main" threadId="0000000001627700" bytes="12581816" />
</allocation-stats>
<gc-op id="6387" type="copy forward" timems="3.150" contextid="6384" timestamp="2019-06-16T00:36:35.834">
  <memory-copied type="eden" objects="29" bytes="896" bytesdiscarded="696" />
  <memory-copied type="other" objects="7" bytes="168" bytesdiscarded="1416" />
  <memory-cardclean objects="100" bytes="2872" />
  <regions eden="24" other="1" />
  <remembered-set-cleared processed="68294" cleared="58" durationms="0.207" />
  <stringconstants candidates="13269" cleared="0"  />
</gc-op>
<gc-op id="6388" type="classunload" timems="0.004" contextid="6384" timestamp="2019-06-16T00:36:35.834">
  <classunload-info classloadercandidates="53" classloadersunloaded="0" classesunloaded="0" anonymousclassesunloaded="0" quiescems="0.000" setupms="0.003" scanms="0.000" postms="0.000" />
</gc-op>
<gc-end id="6389" type="partial gc" contextid="6384" durationms="4.204" usertimems="4.000" systemtimems="4.000" timestamp="2019-06-16T00:36:35.834" activeThreads="4">
  <mem-info id="6390" free="45088768" total="76546048" percent="58">
    <mem type="eden" free="1046984" total="1048576" percent="99" />
    <remembered-set count="71936" freebytes="2767744" totalbytes="3055488" percent="90" regionsoverflowed="0" regionsstable="0" regionsrebuilding="12"/>
  </mem-info>
</gc-end>
<cycle-end id="6391" type="partial gc" contextid="6384" timestamp="2019-06-16T00:36:35.834" />
  <attribute name="elasticGC enabled" value="1" />
  <attribute name= "numThreadsSpecified" value="4" />
  <attribute name="heapSize specified" value="0" />
  <attribute name="Current GC Util" value="160" />
  <attribute name= "Current Time Running" value="25497" />
  <attribute name ="GC Interval" value="0" />
  <attribute name="ProportionalT" value="210.000000" />
  <attribute name="ProportionalI" value="210.000000" />
  <attribute name="ProportionalH" value="210.000000" />
  <attribute name="Current Error" value="140.000000" />
  <attribute name="IntegralT" value="140.000000" />
  <attribute name="IntegralI" value="140.000000" />
  <attribute name="IntegralH" value="140.000000" />
  <attribute name="DerivativeT" value="70.000000" />
  <attribute name="DerivativeI" value="70.000000" />
  <attribute name="DerivativeH" value="70.000000" />
  <attribute name="Loop Time for DT" value="1.000000" />
  <attribute name="Output H" value="8388608"/>
  <attribute name="Output I" value="424"/>
  <attribute name="Output T" value="4"/>
  <attribute name="Target GC Util Change" value ="20.000000" />
  <attribute name="Current GC Util Change" value="160.000000"/>
  <attribute name="GC Util currently" value="160" />
  <attribute name="CPU Util currently" value="13232464632784" />
<exclusive-end id="6392" timestamp="2019-06-16T00:36:35.834" durationms="5.049" />

<exclusive-start id="6393" timestamp="2019-06-16T00:36:35.850" intervalms="21.083">
  <response-info timems="0.076" idlems="0.076" threads="0" lastid="0000000001627700" lastname="main" />
</exclusive-start>
<allocation-taxation id="6394" taxation-threshold="12582912" timestamp="2019-06-16T00:36:35.850" intervalms="21.111" />
<gc-start id="6395" type="global mark phase" contextid="6229" timestamp="2019-06-16T00:36:35.851">
  <mem-info id="6396" free="32505856" total="76546048" percent="42">
    <remembered-set count="44896" freebytes="2875904" totalbytes="3055488" percent="94" regionsoverflowed="0" regionsstable="4" regionsrebuilding="12"/>
  </mem-info>
</gc-start>
<gc-end id="6397" type="global mark phase" contextid="6229" durationms="0.118" usertimems="0.000" systemtimems="0.000" timestamp="2019-06-16T00:36:35.851" activeThreads="4">
  <mem-info id="6398" free="32505856" total="76546048" percent="42">
    <remembered-set count="44896" freebytes="2875904" totalbytes="3055488" percent="94" regionsoverflowed="0" regionsstable="4" regionsrebuilding="12"/>
  </mem-info>
</gc-end>
<concurrent-start id="6399" type="GMP work packet processing" contextid="6229" timestamp="2019-06-16T00:36:35.851">
  <concurrent-mark-start scanTarget="1574297" />
</concurrent-start>
<exclusive-end id="6400" timestamp="2019-06-16T00:36:35.851" durationms="0.781" />

<concurrent-end id="6401" type="GMP work packet processing" contextid="6229" timestamp="2019-06-16T00:36:35.852">
  <concurrent-mark-end bytesScanned="1608284" reasonForTermination="Work target met" />
</concurrent-end>

<exclusive-start id="6402" timestamp="2019-06-16T00:36:35.868" intervalms="17.796">
  <response-info timems="0.073" idlems="0.073" threads="0" lastid="0000000001627700" lastname="main" />
</exclusive-start>
<allocation-taxation id="6403" taxation-threshold="12582912" timestamp="2019-06-16T00:36:35.868" intervalms="17.765" />
<cycle-start id="6404" type="partial gc" contextid="0" timestamp="2019-06-16T00:36:35.868" intervalms="38.864" />
<gc-start id="6405" type="partial gc" contextid="6404" timestamp="2019-06-16T00:36:35.869">
  <mem-info id="6406" free="19922944" total="76546048" percent="26">
    <mem type="eden" free="0" total="25165824" percent="0" />
    <remembered-set count="47968" freebytes="2863616" totalbytes="3055488" percent="93" regionsoverflowed="0" regionsstable="4" regionsrebuilding="12"/>
  </mem-info>
</gc-start>
<allocation-stats totalBytes="25164080" >
  <allocated-bytes non-tlh="0" tlh="25164080" arrayletleaf="0"/>
  <largest-consumer threadName="main" threadId="0000000001627700" bytes="12582152" />
</allocation-stats>
<gc-op id="6407" type="copy forward" timems="1.476" contextid="6404" timestamp="2019-06-16T00:36:35.871">
  <memory-copied type="eden" objects="6" bytes="152" bytesdiscarded="0" />
  <memory-copied type="other" objects="23" bytes="752" bytesdiscarded="0" />
  <memory-cardclean objects="62" bytes="1872" />
  <regions eden="24" other="1" />
  <remembered-set-cleared processed="45383" cleared="19" durationms="0.363" />
  <stringconstants candidates="13269" cleared="0"  />
</gc-op>
<gc-op id="6408" type="classunload" timems="0.003" contextid="6404" timestamp="2019-06-16T00:36:35.871">
  <classunload-info classloadercandidates="53" classloadersunloaded="0" classesunloaded="0" anonymousclassesunloaded="0" quiescems="0.000" setupms="0.003" scanms="0.000" postms="0.000" />
</gc-op>
<gc-end id="6409" type="partial gc" contextid="6404" durationms="2.714" usertimems="4.000" systemtimems="0.000" timestamp="2019-06-16T00:36:35.871" activeThreads="1">
  <mem-info id="6410" free="44040192" total="76546048" percent="57">
    <mem type="eden" free="1048424" total="1048576" percent="99" />
    <remembered-set count="48256" freebytes="2862464" totalbytes="3055488" percent="93" regionsoverflowed="0" regionsstable="4" regionsrebuilding="12"/>
  </mem-info>
</gc-end>
<cycle-end id="6411" type="partial gc" contextid="6404" timestamp="2019-06-16T00:36:35.872" />
  <attribute name="elasticGC enabled" value="1" />
  <attribute name= "numThreadsSpecified" value="1" />
  <attribute name="heapSize specified" value="0" />
  <attribute name="Current GC Util" value="160" />
  <attribute name= "Current Time Running" value="25535" />
  <attribute name ="GC Interval" value="0" />
  <attribute name="ProportionalT" value="210.000000" />
  <attribute name="ProportionalI" value="210.000000" />
  <attribute name="ProportionalH" value="210.000000" />
  <attribute name="Current Error" value="140.000000" />
  <attribute name="IntegralT" value="0.000000" />
  <attribute name="IntegralI" value="0.000000" />
  <attribute name="IntegralH" value="0.000000" />
  <attribute name="DerivativeT" value="inf" />
  <attribute name="DerivativeI" value="inf" />
  <attribute name="DerivativeH" value="inf" />
  <attribute name="Loop Time for DT" value="0.000000" />
  <attribute name="Output H" value="8388608"/>
  <attribute name="Output I" value="200"/>
  <attribute name="Output T" value="1"/>
  <attribute name="Target GC Util Change" value ="20.000000" />
  <attribute name="Current GC Util Change" value="160.000000"/>
  <attribute name="GC Util currently" value="160" />
  <attribute name="CPU Util currently" value="13192491171267" />
<exclusive-end id="6412" timestamp="2019-06-16T00:36:35.872" durationms="3.717" />

<exclusive-start id="6413" timestamp="2019-06-16T00:36:35.888" intervalms="19.431">
  <response-info timems="0.075" idlems="0.075" threads="0" lastid="0000000001627700" lastname="main" />
</exclusive-start>
<allocation-taxation id="6414" taxation-threshold="12582912" timestamp="2019-06-16T00:36:35.888" intervalms="19.438" />
<gc-start id="6415" type="global mark phase" contextid="6229" timestamp="2019-06-16T00:36:35.888">
  <mem-info id="6416" free="31457280" total="76546048" percent="41">
    <remembered-set count="47840" freebytes="2864128" totalbytes="3055488" percent="93" regionsoverflowed="0" regionsstable="4" regionsrebuilding="12"/>
  </mem-info>
</gc-start>
<gc-end id="6417" type="global mark phase" contextid="6229" durationms="0.213" usertimems="0.000" systemtimems="0.000" timestamp="2019-06-16T00:36:35.888" activeThreads="1">
  <mem-info id="6418" free="31457280" total="76546048" percent="41">
    <remembered-set count="47840" freebytes="2864128" totalbytes="3055488" percent="93" regionsoverflowed="0" regionsstable="4" regionsrebuilding="12"/>
  </mem-info>
</gc-end>
<concurrent-start id="6419" type="GMP work packet processing" contextid="6229" timestamp="2019-06-16T00:36:35.888">
  <concurrent-mark-start scanTarget="1048576" />
</concurrent-start>
<exclusive-end id="6420" timestamp="2019-06-16T00:36:35.888" durationms="0.905" />

<concurrent-end id="6421" type="GMP work packet processing" contextid="6229" timestamp="2019-06-16T00:36:35.889">
  <concurrent-mark-end bytesScanned="1090744" reasonForTermination="Work target met" />
</concurrent-end>

<exclusive-start id="6422" timestamp="2019-06-16T00:36:35.904" intervalms="16.577">
  <response-info timems="0.074" idlems="0.074" threads="0" lastid="0000000001627700" lastname="main" />
</exclusive-start>
<allocation-taxation id="6423" taxation-threshold="12582912" timestamp="2019-06-16T00:36:35.904" intervalms="16.539" />
<cycle-start id="6424" type="partial gc" contextid="0" timestamp="2019-06-16T00:36:35.904" intervalms="35.944" />
<gc-start id="6425" type="partial gc" contextid="6424" timestamp="2019-06-16T00:36:35.905">
  <mem-info id="6426" free="18874368" total="76546048" percent="24">
    <mem type="eden" free="1048424" total="26214400" percent="3" />
    <remembered-set count="53472" freebytes="2841600" totalbytes="3055488" percent="92" regionsoverflowed="0" regionsstable="4" regionsrebuilding="12"/>
  </mem-info>
</gc-start>
<allocation-stats totalBytes="25161416" >
  <allocated-bytes non-tlh="0" tlh="25161416" arrayletleaf="0"/>
  <largest-consumer threadName="main" threadId="0000000001627700" bytes="12581184" />
</allocation-stats>
<gc-op id="6427" type="copy forward" timems="1.467" contextid="6424" timestamp="2019-06-16T00:36:35.907">
  <memory-copied type="eden" objects="30" bytes="936" bytesdiscarded="0" />
  <memory-copied type="other" objects="0" bytes="0" bytesdiscarded="0" />
  <memory-cardclean objects="97" bytes="2832" />
  <regions eden="24" other="1" />
  <remembered-set-cleared processed="51214" cleared="26" durationms="0.421" />
  <stringconstants candidates="13269" cleared="0"  />
</gc-op>
<gc-op id="6428" type="classunload" timems="0.004" contextid="6424" timestamp="2019-06-16T00:36:35.907">
  <classunload-info classloadercandidates="53" classloadersunloaded="0" classesunloaded="0" anonymousclassesunloaded="0" quiescems="0.000" setupms="0.004" scanms="0.000" postms="0.000" />
</gc-op>
<gc-end id="6429" type="partial gc" contextid="6424" durationms="2.725" usertimems="0.000" systemtimems="0.000" timestamp="2019-06-16T00:36:35.907" activeThreads="1">
  <mem-info id="6430" free="44040192" total="76546048" percent="57">
    <mem type="eden" free="1047640" total="1048576" percent="99" />
    <remembered-set count="53888" freebytes="2839936" totalbytes="3055488" percent="92" regionsoverflowed="0" regionsstable="4" regionsrebuilding="12"/>
  </mem-info>
</gc-end>
<cycle-end id="6431" type="partial gc" contextid="6424" timestamp="2019-06-16T00:36:35.908" />
  <attribute name="elasticGC enabled" value="1" />
  <attribute name= "numThreadsSpecified" value="1" />
  <attribute name="heapSize specified" value="0" />
  <attribute name="Current GC Util" value="152" />
  <attribute name= "Current Time Running" value="25571" />
  <attribute name ="GC Interval" value="0" />
  <attribute name="ProportionalT" value="198.000000" />
  <attribute name="ProportionalI" value="198.000000" />
  <attribute name="ProportionalH" value="198.000000" />
  <attribute name="Current Error" value="132.000000" />
  <attribute name="IntegralT" value="0.000000" />
  <attribute name="IntegralI" value="0.000000" />
  <attribute name="IntegralH" value="0.000000" />
  <attribute name="DerivativeT" value="inf" />
  <attribute name="DerivativeI" value="inf" />
  <attribute name="DerivativeH" value="inf" />
  <attribute name="Loop Time for DT" value="0.000000" />
  <attribute name="Output H" value="8388608"/>
  <attribute name="Output I" value="200"/>
  <attribute name="Output T" value="1"/>
  <attribute name="Target GC Util Change" value ="20.000000" />
  <attribute name="Current GC Util Change" value="152.000000"/>
  <attribute name="GC Util currently" value="152" />
  <attribute name="CPU Util currently" value="13739240375924" />
<exclusive-end id="6432" timestamp="2019-06-16T00:36:35.908" durationms="3.656" />

<exclusive-start id="6433" timestamp="2019-06-16T00:36:35.923" intervalms="18.561">
  <response-info timems="0.072" idlems="0.072" threads="0" lastid="0000000001627700" lastname="main" />
</exclusive-start>
<allocation-taxation id="6434" taxation-threshold="12582912" timestamp="2019-06-16T00:36:35.923" intervalms="18.603" />
<gc-start id="6435" type="global mark phase" contextid="6229" timestamp="2019-06-16T00:36:35.923">
  <mem-info id="6436" free="31457280" total="76546048" percent="41">
    <remembered-set count="53504" freebytes="2841472" totalbytes="3055488" percent="92" regionsoverflowed="0" regionsstable="4" regionsrebuilding="12"/>
  </mem-info>
</gc-start>
<gc-end id="6437" type="global mark phase" contextid="6229" durationms="0.178" usertimems="0.000" systemtimems="0.000" timestamp="2019-06-16T00:36:35.923" activeThreads="1">
  <mem-info id="6438" free="31457280" total="76546048" percent="41">
    <remembered-set count="53504" freebytes="2841472" totalbytes="3055488" percent="92" regionsoverflowed="0" regionsstable="4" regionsrebuilding="12"/>
  </mem-info>
</gc-end>
<concurrent-start id="6439" type="GMP work packet processing" contextid="6229" timestamp="2019-06-16T00:36:35.923">
  <concurrent-mark-start scanTarget="1048576" />
</concurrent-start>
<exclusive-end id="6440" timestamp="2019-06-16T00:36:35.923" durationms="0.797" />

<concurrent-end id="6441" type="GMP work packet processing" contextid="6229" timestamp="2019-06-16T00:36:35.924">
  <concurrent-mark-end bytesScanned="79528" reasonForTermination="Completed all work in GC phase" />
</concurrent-end>

<exclusive-start id="6442" timestamp="2019-06-16T00:36:35.938" intervalms="15.788">
  <response-info timems="0.075" idlems="0.075" threads="0" lastid="0000000001627700" lastname="main" />
</exclusive-start>
<allocation-taxation id="6443" taxation-threshold="12582912" timestamp="2019-06-16T00:36:35.939" intervalms="15.748" />
<cycle-start id="6444" type="partial gc" contextid="0" timestamp="2019-06-16T00:36:35.939" intervalms="34.317" />
<gc-start id="6445" type="partial gc" contextid="6444" timestamp="2019-06-16T00:36:35.939">
  <mem-info id="6446" free="18874368" total="76546048" percent="24">
    <mem type="eden" free="0" total="25165824" percent="0" />
    <remembered-set count="54048" freebytes="2839296" totalbytes="3055488" percent="92" regionsoverflowed="0" regionsstable="4" regionsrebuilding="12"/>
  </mem-info>
</gc-start>
<allocation-stats totalBytes="25162368" >
  <allocated-bytes non-tlh="0" tlh="25162368" arrayletleaf="0"/>
  <largest-consumer threadName="main" threadId="0000000001627700" bytes="12581184" />
</allocation-stats>
<gc-op id="6447" type="copy forward" timems="3.621" contextid="6444" timestamp="2019-06-16T00:36:35.943">
  <memory-copied type="eden" objects="6" bytes="160" bytesdiscarded="0" />
  <memory-copied type="other" objects="24" bytes="776" bytesdiscarded="648" />
  <memory-cardclean objects="81" bytes="2488" />
  <regions eden="24" other="1" />
  <remembered-set-cleared processed="51401" cleared="30" durationms="0.243" />
  <stringconstants candidates="13269" cleared="0"  />
</gc-op>
<gc-op id="6448" type="classunload" timems="0.004" contextid="6444" timestamp="2019-06-16T00:36:35.944">
  <classunload-info classloadercandidates="53" classloadersunloaded="0" classesunloaded="0" anonymousclassesunloaded="0" quiescems="0.000" setupms="0.004" scanms="0.000" postms="0.000" />
</gc-op>
<gc-end id="6449" type="partial gc" contextid="6444" durationms="4.778" usertimems="12.000" systemtimems="0.000" timestamp="2019-06-16T00:36:35.944" activeThreads="4">
  <mem-info id="6450" free="42991616" total="76546048" percent="56">
    <mem type="eden" free="1048416" total="1048576" percent="99" />
    <remembered-set count="53920" freebytes="2839808" totalbytes="3055488" percent="92" regionsoverflowed="0" regionsstable="4" regionsrebuilding="12"/>
  </mem-info>
</gc-end>
<cycle-end id="6451" type="partial gc" contextid="6444" timestamp="2019-06-16T00:36:35.944" />
  <attribute name="elasticGC enabled" value="1" />
  <attribute name= "numThreadsSpecified" value="4" />
  <attribute name="heapSize specified" value="0" />
  <attribute name="Current GC Util" value="160" />
  <attribute name= "Current Time Running" value="25606" />
  <attribute name ="GC Interval" value="0" />
  <attribute name="ProportionalT" value="210.000000" />
  <attribute name="ProportionalI" value="210.000000" />
  <attribute name="ProportionalH" value="210.000000" />
  <attribute name="Current Error" value="140.000000" />
  <attribute name="IntegralT" value="140.000000" />
  <attribute name="IntegralI" value="140.000000" />
  <attribute name="IntegralH" value="140.000000" />
  <attribute name="DerivativeT" value="70.000000" />
  <attribute name="DerivativeI" value="70.000000" />
  <attribute name="DerivativeH" value="70.000000" />
  <attribute name="Loop Time for DT" value="1.000000" />
  <attribute name="Output H" value="8388608"/>
  <attribute name="Output I" value="424"/>
  <attribute name="Output T" value="4"/>
  <attribute name="Target GC Util Change" value ="20.000000" />
  <attribute name="Current GC Util Change" value="160.000000"/>
  <attribute name="GC Util currently" value="160" />
  <attribute name="CPU Util currently" value="12717787489981" />
<exclusive-end id="6452" timestamp="2019-06-16T00:36:35.944" durationms="5.623" />

<exclusive-start id="6453" timestamp="2019-06-16T00:36:35.952" intervalms="13.629">
  <response-info timems="0.068" idlems="0.068" threads="0" lastid="0000000001627700" lastname="main" />
</exclusive-start>
<allocation-taxation id="6454" taxation-threshold="12582912" timestamp="2019-06-16T00:36:35.952" intervalms="13.684" />
<gc-start id="6455" type="global mark phase" contextid="6229" timestamp="2019-06-16T00:36:35.952">
  <mem-info id="6456" free="30408704" total="76546048" percent="39">
    <remembered-set count="53920" freebytes="2839808" totalbytes="3055488" percent="92" regionsoverflowed="0" regionsstable="4" regionsrebuilding="12"/>
  </mem-info>
</gc-start>
<gc-op id="6457" type="mark increment" timems="1.775" contextid="6229" timestamp="2019-06-16T00:36:35.954">
  <trace-info objectcount="59" scancount="59" scanbytes="1628" />
  <cardclean-info objects="149" bytes="4104" />
  <finalization candidates="80" enqueued="0" />
  <ownableSynchronizers candidates="21" cleared="0" />
  <references type="soft" candidates="1848" cleared="2" enqueued="2" dynamicThreshold="17" maxThreshold="32" />
  <references type="weak" candidates="5748" cleared="0" enqueued="0" />
  <references type="phantom" candidates="101" cleared="0" enqueued="0" />
  <stringconstants candidates="13269" cleared="0"  />
</gc-op>
<gc-op id="6458" type="classunload" timems="0.003" contextid="6229" timestamp="2019-06-16T00:36:35.954">
  <classunload-info classloadercandidates="53" classloadersunloaded="0" classesunloaded="0" anonymousclassesunloaded="0" quiescems="0.000" setupms="0.003" scanms="0.000" postms="0.000" />
</gc-op>
<gc-end id="6459" type="global mark phase" contextid="6229" durationms="2.175" usertimems="0.000" systemtimems="0.000" timestamp="2019-06-16T00:36:35.955" activeThreads="1">
  <mem-info id="6460" free="30408704" total="76546048" percent="39">
    <pending-finalizers system="0" default="0" reference="2" classloader="0" />
    <remembered-set count="54432" freebytes="2837760" totalbytes="3055488" percent="92" regionsoverflowed="0" regionsstable="4" regionsrebuilding="0"/>
  </mem-info>
</gc-end>
<cycle-end id="6461" type="global mark phase" contextid="6229" timestamp="2019-06-16T00:36:35.955" />
  <attribute name="elasticGC enabled" value="1" />
  <attribute name= "numThreadsSpecified" value="1" />
  <attribute name="heapSize specified" value="0" />
  <attribute name="Current GC Util" value="221" />
  <attribute name= "Current Time Running" value="25619" />
  <attribute name ="GC Interval" value="0" />
  <attribute name="ProportionalT" value="301.500000" />
  <attribute name="ProportionalI" value="301.500000" />
  <attribute name="ProportionalH" value="301.500000" />
  <attribute name="Current Error" value="201.000000" />
  <attribute name="IntegralT" value="0.000000" />
  <attribute name="IntegralI" value="0.000000" />
  <attribute name="IntegralH" value="0.000000" />
  <attribute name="DerivativeT" value="inf" />
  <attribute name="DerivativeI" value="inf" />
  <attribute name="DerivativeH" value="inf" />
  <attribute name="Loop Time for DT" value="0.000000" />
  <attribute name="Output H" value="8388608"/>
  <attribute name="Output I" value="200"/>
  <attribute name="Output T" value="1"/>
  <attribute name="Target GC Util Change" value ="20.000000" />
  <attribute name="Current GC Util Change" value="221.000000"/>
  <attribute name="GC Util currently" value="221" />
  <attribute name="CPU Util currently" value="10688336695622" />
<exclusive-end id="6462" timestamp="2019-06-16T00:36:35.955" durationms="2.868" />

<exclusive-start id="6463" timestamp="2019-06-16T00:36:35.961" intervalms="8.524">
  <response-info timems="0.080" idlems="0.080" threads="0" lastid="0000000001627700" lastname="main" />
</exclusive-start>
<allocation-taxation id="6464" taxation-threshold="12582912" timestamp="2019-06-16T00:36:35.961" intervalms="8.479" />
<cycle-start id="6465" type="partial gc" contextid="0" timestamp="2019-06-16T00:36:35.961" intervalms="22.178" />
<gc-start id="6466" type="partial gc" contextid="6465" timestamp="2019-06-16T00:36:35.961">
  <mem-info id="6467" free="17825792" total="76546048" percent="23">
    <mem type="eden" free="1048416" total="26214400" percent="3" />
    <remembered-set count="2368" freebytes="3046016" totalbytes="3055488" percent="99" regionsoverflowed="0" regionsstable="16" regionsrebuilding="0"/>
  </mem-info>
</gc-start>
<allocation-stats totalBytes="25164840" >
  <allocated-bytes non-tlh="0" tlh="25164840" arrayletleaf="0"/>
  <largest-consumer threadName="main" threadId="0000000001627700" bytes="12582472" />
</allocation-stats>
<gc-op id="6468" type="sweep" timems="1.041" contextid="6465" timestamp="2019-06-16T00:36:35.963" />
<gc-op id="6469" type="copy forward" timems="2.554" contextid="6465" timestamp="2019-06-16T00:36:35.966">
  <memory-copied type="eden" objects="4" bytes="120" bytesdiscarded="0" />
  <memory-copied type="other" objects="17" bytes="560" bytesdiscarded="696" />
  <memory-cardclean objects="79" bytes="2696" />
  <regions eden="12" other="2" />
  <remembered-set-cleared processed="573" cleared="15" durationms="0.078" />
  <stringconstants candidates="13269" cleared="0"  />
</gc-op>
<gc-op id="6470" type="classunload" timems="0.004" contextid="6465" timestamp="2019-06-16T00:36:35.966">
  <classunload-info classloadercandidates="53" classloadersunloaded="0" classesunloaded="0" anonymousclassesunloaded="0" quiescems="0.000" setupms="0.004" scanms="0.000" postms="0.000" />
</gc-op>
<heap-resize id="6471" type="expand" space="default" amount="7340032" count="1" timems="0.060" reason="excessive time being spent in gc" timestamp="2019-06-16T00:36:35.966" />
<gc-end id="6472" type="partial gc" contextid="6465" durationms="5.009" usertimems="8.000" systemtimems="0.000" timestamp="2019-06-16T00:36:35.966" activeThreads="4">
  <mem-info id="6473" free="50331648" total="83886080" percent="60">
    <mem type="eden" free="1047200" total="1048576" percent="99" />
    <remembered-set count="2944" freebytes="3336704" totalbytes="3348480" percent="99" regionsoverflowed="0" regionsstable="16" regionsrebuilding="0"/>
  </mem-info>
</gc-end>
<cycle-end id="6474" type="partial gc" contextid="6465" timestamp="2019-06-16T00:36:35.966" />
  <attribute name="elasticGC enabled" value="1" />
  <attribute name= "numThreadsSpecified" value="4" />
  <attribute name="heapSize specified" value="0" />
  <attribute name="Current GC Util" value="173" />
  <attribute name= "Current Time Running" value="25629" />
  <attribute name ="GC Interval" value="0" />
  <attribute name="ProportionalT" value="229.500000" />
  <attribute name="ProportionalI" value="229.500000" />
  <attribute name="ProportionalH" value="229.500000" />
  <attribute name="Current Error" value="153.000000" />
  <attribute name="IntegralT" value="0.000000" />
  <attribute name="IntegralI" value="0.000000" />
  <attribute name="IntegralH" value="0.000000" />
  <attribute name="DerivativeT" value="-inf" />
  <attribute name="DerivativeI" value="-inf" />
  <attribute name="DerivativeH" value="-inf" />
  <attribute name="Loop Time for DT" value="0.000000" />
  <attribute name="Output H" value="2091843584"/>
  <attribute name="Output I" value="200"/>
  <attribute name="Output T" value="4"/>
  <attribute name="Target GC Util Change" value ="20.000000" />
  <attribute name="Current GC Util Change" value="173.000000"/>
  <attribute name="GC Util currently" value="173" />
  <attribute name="CPU Util currently" value="15045940045798" />
<exclusive-end id="6475" timestamp="2019-06-16T00:36:35.967" durationms="5.884" />

<exclusive-start id="6476" timestamp="2019-06-16T00:36:36.037" intervalms="76.044">
  <response-info timems="0.089" idlems="0.089" threads="0" lastid="0000000001627700" lastname="main" />
</exclusive-start>
<allocation-taxation id="6477" taxation-threshold="27262976" timestamp="2019-06-16T00:36:36.037" intervalms="76.044" />
<cycle-start id="6478" type="partial gc" contextid="0" timestamp="2019-06-16T00:36:36.037" intervalms="76.067" />
<gc-start id="6479" type="partial gc" contextid="6478" timestamp="2019-06-16T00:36:36.037">
  <mem-info id="6480" free="23068672" total="83886080" percent="27">
    <mem type="eden" free="0" total="27262976" percent="0" />
    <remembered-set count="2752" freebytes="3337472" totalbytes="3348480" percent="99" regionsoverflowed="0" regionsstable="17" regionsrebuilding="0"/>
  </mem-info>
</gc-start>
<allocation-stats totalBytes="27261376" >
  <allocated-bytes non-tlh="0" tlh="27261376" arrayletleaf="0"/>
  <largest-consumer threadName="main" threadId="0000000001627700" bytes="27261376" />
</allocation-stats>
<gc-op id="6481" type="copy forward" timems="1.083" contextid="6478" timestamp="2019-06-16T00:36:36.039">
  <memory-copied type="eden" objects="25" bytes="752" bytesdiscarded="0" />
  <memory-copied type="other" objects="18" bytes="432" bytesdiscarded="0" />
  <memory-cardclean objects="123" bytes="3384" />
  <regions eden="26" other="3" />
  <remembered-set-cleared processed="449" cleared="22" durationms="0.117" />
  <stringconstants candidates="13269" cleared="0"  />
</gc-op>
<gc-op id="6482" type="classunload" timems="0.004" contextid="6478" timestamp="2019-06-16T00:36:36.039">
  <classunload-info classloadercandidates="53" classloadersunloaded="0" classesunloaded="0" anonymousclassesunloaded="0" quiescems="0.000" setupms="0.004" scanms="0.000" postms="0.000" />
</gc-op>
<heap-resize id="6483" type="expand" space="default" amount="3145728" count="1" timems="0.059" reason="excessive time being spent in gc" timestamp="2019-06-16T00:36:36.040" />
<gc-end id="6484" type="partial gc" contextid="6478" durationms="2.542" usertimems="4.000" systemtimems="0.000" timestamp="2019-06-16T00:36:36.040" activeThreads="1">
  <mem-info id="6485" free="52428800" total="87031808" percent="60">
    <mem type="eden" free="1047824" total="1048576" percent="99" />
    <remembered-set count="2720" freebytes="3463168" totalbytes="3474048" percent="99" regionsoverflowed="0" regionsstable="17" regionsrebuilding="0"/>
  </mem-info>
</gc-end>
<cycle-end id="6486" type="partial gc" contextid="6478" timestamp="2019-06-16T00:36:36.040" />
  <attribute name="elasticGC enabled" value="1" />
  <attribute name= "numThreadsSpecified" value="1" />
  <attribute name="heapSize specified" value="0" />
  <attribute name="Current GC Util" value="156" />
  <attribute name= "Current Time Running" value="25704" />
  <attribute name ="GC Interval" value="0" />
  <attribute name="ProportionalT" value="204.000000" />
  <attribute name="ProportionalI" value="204.000000" />
  <attribute name="ProportionalH" value="204.000000" />
  <attribute name="Current Error" value="136.000000" />
  <attribute name="IntegralT" value="0.000000" />
  <attribute name="IntegralI" value="0.000000" />
  <attribute name="IntegralH" value="0.000000" />
  <attribute name="DerivativeT" value="inf" />
  <attribute name="DerivativeI" value="inf" />
  <attribute name="DerivativeH" value="inf" />
  <attribute name="Loop Time for DT" value="0.000000" />
  <attribute name="Output H" value="8388608"/>
  <attribute name="Output I" value="200"/>
  <attribute name="Output T" value="1"/>
  <attribute name="Target GC Util Change" value ="20.000000" />
  <attribute name="Current GC Util Change" value="156.000000"/>
  <attribute name="GC Util currently" value="156" />
  <attribute name="CPU Util currently" value="13153921474485" />
<exclusive-end id="6487" timestamp="2019-06-16T00:36:36.040" durationms="3.435" />

<exclusive-start id="6488" timestamp="2019-06-16T00:36:36.133" intervalms="96.290">
  <response-info timems="0.074" idlems="0.074" threads="0" lastid="0000000001627700" lastname="main" />
</exclusive-start>
<allocation-taxation id="6489" taxation-threshold="28311552" timestamp="2019-06-16T00:36:36.133" intervalms="96.314" />
<cycle-start id="6490" type="partial gc" contextid="0" timestamp="2019-06-16T00:36:36.133" intervalms="96.305" />
<gc-start id="6491" type="partial gc" contextid="6490" timestamp="2019-06-16T00:36:36.134">
  <mem-info id="6492" free="24117248" total="87031808" percent="27">
    <mem type="eden" free="0" total="28311552" percent="0" />
    <remembered-set count="2496" freebytes="3464064" totalbytes="3474048" percent="99" regionsoverflowed="0" regionsstable="17" regionsrebuilding="0"/>
  </mem-info>
</gc-start>
<allocation-stats totalBytes="28309224" >
  <allocated-bytes non-tlh="0" tlh="28309224" arrayletleaf="0"/>
  <largest-consumer threadName="main" threadId="0000000001627700" bytes="28309224" />
</allocation-stats>
<gc-op id="6493" type="copy forward" timems="1.121" contextid="6490" timestamp="2019-06-16T00:36:36.136">
  <memory-copied type="eden" objects="37" bytes="1040" bytesdiscarded="0" />
  <memory-copied type="other" objects="25" bytes="624" bytesdiscarded="368" />
  <memory-cardclean objects="140" bytes="3792" />
  <regions eden="27" other="3" />
  <remembered-set-cleared processed="450" cleared="32" durationms="0.128" />
  <stringconstants candidates="13269" cleared="0"  />
</gc-op>
<gc-op id="6494" type="classunload" timems="0.004" contextid="6490" timestamp="2019-06-16T00:36:36.136">
  <classunload-info classloadercandidates="53" classloadersunloaded="0" classesunloaded="0" anonymousclassesunloaded="0" quiescems="0.000" setupms="0.004" scanms="0.000" postms="0.000" />
</gc-op>
<gc-end id="6495" type="partial gc" contextid="6490" durationms="2.381" usertimems="0.000" systemtimems="4.000" timestamp="2019-06-16T00:36:36.136" activeThreads="1">
  <mem-info id="6496" free="52428800" total="87031808" percent="60">
    <mem type="eden" free="1047536" total="1048576" percent="99" />
    <remembered-set count="2528" freebytes="3463936" totalbytes="3474048" percent="99" regionsoverflowed="0" regionsstable="17" regionsrebuilding="0"/>
  </mem-info>
</gc-end>
<cycle-end id="6497" type="partial gc" contextid="6490" timestamp="2019-06-16T00:36:36.136" />
  <attribute name="elasticGC enabled" value="1" />
  <attribute name= "numThreadsSpecified" value="1" />
  <attribute name="heapSize specified" value="0" />
  <attribute name="Current GC Util" value="278" />
  <attribute name= "Current Time Running" value="25800" />
  <attribute name ="GC Interval" value="0" />
  <attribute name="ProportionalT" value="387.000000" />
  <attribute name="ProportionalI" value="387.000000" />
  <attribute name="ProportionalH" value="387.000000" />
  <attribute name="Current Error" value="258.000000" />
  <attribute name="IntegralT" value="0.000000" />
  <attribute name="IntegralI" value="0.000000" />
  <attribute name="IntegralH" value="0.000000" />
  <attribute name="DerivativeT" value="inf" />
  <attribute name="DerivativeI" value="inf" />
  <attribute name="DerivativeH" value="inf" />
  <attribute name="Loop Time for DT" value="0.000000" />
  <attribute name="Output H" value="8388608"/>
  <attribute name="Output I" value="200"/>
  <attribute name="Output T" value="1"/>
  <attribute name="Target GC Util Change" value ="20.000000" />
  <attribute name="Current GC Util Change" value="278.000000"/>
  <attribute name="GC Util currently" value="278" />
  <attribute name="CPU Util currently" value="13313065837633" />
<exclusive-end id="6498" timestamp="2019-06-16T00:36:36.136" durationms="3.455" />

<exclusive-start id="6499" timestamp="2019-06-16T00:36:36.149" intervalms="16.154">
  <response-info timems="0.080" idlems="0.080" threads="0" lastid="0000000001627700" lastname="main" />
</exclusive-start>
<allocation-taxation id="6500" taxation-threshold="28311552" timestamp="2019-06-16T00:36:36.149" intervalms="16.207" />
<cycle-start id="6501" type="partial gc" contextid="0" timestamp="2019-06-16T00:36:36.150" intervalms="16.252" />
<gc-start id="6502" type="partial gc" contextid="6501" timestamp="2019-06-16T00:36:36.150">
  <mem-info id="6503" free="24117248" total="87031808" percent="27">
    <mem type="eden" free="0" total="28311552" percent="0" />
    <remembered-set count="2400" freebytes="3464448" totalbytes="3474048" percent="99" regionsoverflowed="0" regionsstable="17" regionsrebuilding="0"/>
  </mem-info>
</gc-start>
<allocation-stats totalBytes="28309304" >
  <allocated-bytes non-tlh="0" tlh="28309304" arrayletleaf="0"/>
  <largest-consumer threadName="main" threadId="0000000001627700" bytes="28309304" />
</allocation-stats>
<gc-op id="6504" type="copy forward" timems="2.983" contextid="6501" timestamp="2019-06-16T00:36:36.154">
  <memory-copied type="eden" objects="6" bytes="144" bytesdiscarded="0" />
  <memory-copied type="other" objects="47" bytes="1280" bytesdiscarded="1112" />
  <memory-cardclean objects="96" bytes="2800" />
  <regions eden="27" other="3" />
  <remembered-set-cleared processed="453" cleared="22" durationms="0.083" />
  <stringconstants candidates="13269" cleared="0"  />
</gc-op>
<gc-op id="6505" type="classunload" timems="0.017" contextid="6501" timestamp="2019-06-16T00:36:36.154">
  <classunload-info classloadercandidates="53" classloadersunloaded="0" classesunloaded="0" anonymousclassesunloaded="0" quiescems="0.000" setupms="0.017" scanms="0.000" postms="0.000" />
</gc-op>
<gc-end id="6506" type="partial gc" contextid="6501" durationms="4.163" usertimems="8.000" systemtimems="0.000" timestamp="2019-06-16T00:36:36.154" activeThreads="4">
  <mem-info id="6507" free="52428800" total="87031808" percent="60">
    <mem type="eden" free="1048432" total="1048576" percent="99" />
    <remembered-set count="2336" freebytes="3464704" totalbytes="3474048" percent="99" regionsoverflowed="0" regionsstable="17" regionsrebuilding="0"/>
  </mem-info>
</gc-end>
<cycle-end id="6508" type="partial gc" contextid="6501" timestamp="2019-06-16T00:36:36.154" />
  <attribute name="elasticGC enabled" value="1" />
  <attribute name= "numThreadsSpecified" value="4" />
  <attribute name="heapSize specified" value="0" />
  <attribute name="Current GC Util" value="278" />
  <attribute name= "Current Time Running" value="25817" />
  <attribute name ="GC Interval" value="0" />
  <attribute name="ProportionalT" value="387.000000" />
  <attribute name="ProportionalI" value="387.000000" />
  <attribute name="ProportionalH" value="387.000000" />
  <attribute name="Current Error" value="258.000000" />
  <attribute name="IntegralT" value="258.000000" />
  <attribute name="IntegralI" value="258.000000" />
  <attribute name="IntegralH" value="258.000000" />
  <attribute name="DerivativeT" value="129.000000" />
  <attribute name="DerivativeI" value="129.000000" />
  <attribute name="DerivativeH" value="129.000000" />
  <attribute name="Loop Time for DT" value="1.000000" />
  <attribute name="Output H" value="8388608"/>
  <attribute name="Output I" value="776"/>
  <attribute name="Output T" value="4"/>
  <attribute name="Target GC Util Change" value ="20.000000" />
  <attribute name="Current GC Util Change" value="278.000000"/>
  <attribute name="GC Util currently" value="278" />
  <attribute name="CPU Util currently" value="13287825325463" />
<exclusive-end id="6509" timestamp="2019-06-16T00:36:36.154" durationms="5.158" />

<exclusive-start id="6510" timestamp="2019-06-16T00:36:36.181" intervalms="32.059">
  <response-info timems="0.082" idlems="0.082" threads="0" lastid="0000000001627700" lastname="main" />
</exclusive-start>
<allocation-taxation id="6511" taxation-threshold="28311552" timestamp="2019-06-16T00:36:36.181" intervalms="32.030" />
<cycle-start id="6512" type="partial gc" contextid="0" timestamp="2019-06-16T00:36:36.182" intervalms="32.035" />
<gc-start id="6513" type="partial gc" contextid="6512" timestamp="2019-06-16T00:36:36.182">
  <mem-info id="6514" free="24117248" total="87031808" percent="27">
    <mem type="eden" free="1048432" total="29360128" percent="3" />
    <remembered-set count="1824" freebytes="3466752" totalbytes="3474048" percent="99" regionsoverflowed="0" regionsstable="18" regionsrebuilding="0"/>
  </mem-info>
</gc-start>
<allocation-stats totalBytes="28309424" >
  <allocated-bytes non-tlh="0" tlh="28309424" arrayletleaf="0"/>
  <largest-consumer threadName="main" threadId="0000000001627700" bytes="28309424" />
</allocation-stats>
<gc-op id="6515" type="copy forward" timems="3.201" contextid="6512" timestamp="2019-06-16T00:36:36.186">
  <memory-copied type="eden" objects="29" bytes="864" bytesdiscarded="1368" />
  <memory-copied type="other" objects="6" bytes="144" bytesdiscarded="672" />
  <memory-cardclean objects="108" bytes="3296" />
  <regions eden="27" other="2" />
  <remembered-set-cleared processed="40" cleared="16" durationms="0.090" />
  <stringconstants candidates="13269" cleared="0"  />
</gc-op>
<gc-op id="6516" type="classunload" timems="0.004" contextid="6512" timestamp="2019-06-16T00:36:36.186">
  <classunload-info classloadercandidates="53" classloadersunloaded="0" classesunloaded="0" anonymousclassesunloaded="0" quiescems="0.000" setupms="0.003" scanms="0.000" postms="0.000" />
</gc-op>
<gc-end id="6517" type="partial gc" contextid="6512" durationms="4.428" usertimems="8.000" systemtimems="0.000" timestamp="2019-06-16T00:36:36.186" activeThreads="4">
  <mem-info id="6518" free="52428800" total="87031808" percent="60">
    <mem type="eden" free="1046344" total="1048576" percent="99" />
    <remembered-set count="1984" freebytes="3466112" totalbytes="3474048" percent="99" regionsoverflowed="0" regionsstable="18" regionsrebuilding="0"/>
  </mem-info>
</gc-end>
<cycle-end id="6519" type="partial gc" contextid="6512" timestamp="2019-06-16T00:36:36.186" />
  <attribute name="elasticGC enabled" value="1" />
  <attribute name= "numThreadsSpecified" value="4" />
  <attribute name="heapSize specified" value="0" />
  <attribute name="Current GC Util" value="164" />
  <attribute name= "Current Time Running" value="25849" />
  <attribute name ="GC Interval" value="0" />
  <attribute name="ProportionalT" value="216.000000" />
  <attribute name="ProportionalI" value="216.000000" />
  <attribute name="ProportionalH" value="216.000000" />
  <attribute name="Current Error" value="144.000000" />
  <attribute name="IntegralT" value="144.000000" />
  <attribute name="IntegralI" value="144.000000" />
  <attribute name="IntegralH" value="144.000000" />
  <attribute name="DerivativeT" value="69.500000" />
  <attribute name="DerivativeI" value="69.500000" />
  <attribute name="DerivativeH" value="69.500000" />
  <attribute name="Loop Time for DT" value="1.000000" />
  <attribute name="Output H" value="8388608"/>
  <attribute name="Output I" value="432"/>
  <attribute name="Output T" value="4"/>
  <attribute name="Target GC Util Change" value ="20.000000" />
  <attribute name="Current GC Util Change" value="164.000000"/>
  <attribute name="GC Util currently" value="164" />
  <attribute name="CPU Util currently" value="13529480977821" />
<exclusive-end id="6520" timestamp="2019-06-16T00:36:36.187" durationms="5.545" />

<exclusive-start id="6521" timestamp="2019-06-16T00:36:36.223" intervalms="42.319">
  <response-info timems="0.112" idlems="0.112" threads="0" lastid="0000000001627700" lastname="main" />
</exclusive-start>
<allocation-taxation id="6522" taxation-threshold="28311552" timestamp="2019-06-16T00:36:36.224" intervalms="42.319" />
<cycle-start id="6523" type="partial gc" contextid="0" timestamp="2019-06-16T00:36:36.224" intervalms="42.320" />
<gc-start id="6524" type="partial gc" contextid="6523" timestamp="2019-06-16T00:36:36.224">
  <mem-info id="6525" free="24117248" total="87031808" percent="27">
    <mem type="eden" free="0" total="28311552" percent="0" />
    <remembered-set count="1984" freebytes="3466112" totalbytes="3474048" percent="99" regionsoverflowed="0" regionsstable="18" regionsrebuilding="0"/>
  </mem-info>
</gc-start>
<allocation-stats totalBytes="28309680" >
  <allocated-bytes non-tlh="0" tlh="28309680" arrayletleaf="0"/>
  <largest-consumer threadName="main" threadId="0000000001627700" bytes="28309680" />
</allocation-stats>
<gc-op id="6526" type="copy forward" timems="2.448" contextid="6523" timestamp="2019-06-16T00:36:36.227">
  <memory-copied type="eden" objects="10" bytes="256" bytesdiscarded="0" />
  <memory-copied type="other" objects="41" bytes="1208" bytesdiscarded="1296" />
  <memory-cardclean objects="108" bytes="3416" />
  <regions eden="27" other="2" />
  <remembered-set-cleared processed="36" cleared="17" durationms="0.089" />
  <stringconstants candidates="13269" cleared="0"  />
</gc-op>
<gc-op id="6527" type="classunload" timems="0.003" contextid="6523" timestamp="2019-06-16T00:36:36.228">
  <classunload-info classloadercandidates="53" classloadersunloaded="0" classesunloaded="0" anonymousclassesunloaded="0" quiescems="0.000" setupms="0.003" scanms="0.000" postms="0.000" />
</gc-op>
<heap-resize id="6528" type="expand" space="default" amount="2097152" count="1" timems="0.051" reason="excessive time being spent in gc" timestamp="2019-06-16T00:36:36.228" />
<gc-end id="6529" type="partial gc" contextid="6523" durationms="3.684" usertimems="8.000" systemtimems="0.000" timestamp="2019-06-16T00:36:36.228" activeThreads="4">
  <mem-info id="6530" free="53477376" total="89128960" percent="60">
    <mem type="eden" free="1048320" total="1048576" percent="99" />
    <remembered-set count="1920" freebytes="3550080" totalbytes="3557760" percent="99" regionsoverflowed="0" regionsstable="18" regionsrebuilding="0"/>
  </mem-info>
</gc-end>
<cycle-end id="6531" type="partial gc" contextid="6523" timestamp="2019-06-16T00:36:36.228" />
  <attribute name="elasticGC enabled" value="1" />
  <attribute name= "numThreadsSpecified" value="4" />
  <attribute name="heapSize specified" value="0" />
  <attribute name="Current GC Util" value="210" />
  <attribute name= "Current Time Running" value="25891" />
  <attribute name ="GC Interval" value="0" />
  <attribute name="ProportionalT" value="285.000000" />
  <attribute name="ProportionalI" value="285.000000" />
  <attribute name="ProportionalH" value="285.000000" />
  <attribute name="Current Error" value="190.000000" />
  <attribute name="IntegralT" value="190.000000" />
  <attribute name="IntegralI" value="190.000000" />
  <attribute name="IntegralH" value="190.000000" />
  <attribute name="DerivativeT" value="95.000000" />
  <attribute name="DerivativeI" value="95.000000" />
  <attribute name="DerivativeH" value="95.000000" />
  <attribute name="Loop Time for DT" value="1.000000" />
  <attribute name="Output H" value="8388608"/>
  <attribute name="Output I" value="576"/>
  <attribute name="Output T" value="4"/>
  <attribute name="Target GC Util Change" value ="20.000000" />
  <attribute name="Current GC Util Change" value="210.000000"/>
  <attribute name="GC Util currently" value="210" />
  <attribute name="CPU Util currently" value="13850528875270" />
<exclusive-end id="6532" timestamp="2019-06-16T00:36:36.228" durationms="4.613" />

<exclusive-start id="6533" timestamp="2019-06-16T00:36:36.257" intervalms="33.688">
  <response-info timems="0.082" idlems="0.082" threads="0" lastid="0000000001627700" lastname="main" />
</exclusive-start>
<allocation-taxation id="6534" taxation-threshold="28311552" timestamp="2019-06-16T00:36:36.257" intervalms="33.718" />
<cycle-start id="6535" type="partial gc" contextid="0" timestamp="2019-06-16T00:36:36.258" intervalms="33.701" />
<gc-start id="6536" type="partial gc" contextid="6535" timestamp="2019-06-16T00:36:36.258">
  <mem-info id="6537" free="25165824" total="89128960" percent="28">
    <mem type="eden" free="1048320" total="29360128" percent="3" />
    <remembered-set count="1440" freebytes="3552000" totalbytes="3557760" percent="99" regionsoverflowed="0" regionsstable="18" regionsrebuilding="0"/>
  </mem-info>
</gc-start>
<allocation-stats totalBytes="28309560" >
  <allocated-bytes non-tlh="0" tlh="28309560" arrayletleaf="0"/>
  <largest-consumer threadName="main" threadId="0000000001627700" bytes="28309560" />
</allocation-stats>
<gc-op id="6538" type="copy forward" timems="2.716" contextid="6535" timestamp="2019-06-16T00:36:36.261">
  <memory-copied type="eden" objects="35" bytes="1080" bytesdiscarded="392" />
  <memory-copied type="other" objects="6" bytes="144" bytesdiscarded="648" />
  <memory-cardclean objects="119" bytes="3384" />
  <regions eden="27" other="2" />
  <remembered-set-cleared processed="43" cleared="13" durationms="0.089" />
  <stringconstants candidates="13269" cleared="0"  />
</gc-op>
<gc-op id="6539" type="classunload" timems="0.004" contextid="6535" timestamp="2019-06-16T00:36:36.262">
  <classunload-info classloadercandidates="53" classloadersunloaded="0" classesunloaded="0" anonymousclassesunloaded="0" quiescems="0.000" setupms="0.003" scanms="0.000" postms="0.000" />
</gc-op>
<gc-end id="6540" type="partial gc" contextid="6535" durationms="3.902" usertimems="8.000" systemtimems="0.000" timestamp="2019-06-16T00:36:36.262" activeThreads="4">
  <mem-info id="6541" free="53477376" total="89128960" percent="60">
    <mem type="eden" free="1047104" total="1048576" percent="99" />
    <remembered-set count="1696" freebytes="3550976" totalbytes="3557760" percent="99" regionsoverflowed="0" regionsstable="18" regionsrebuilding="0"/>
  </mem-info>
</gc-end>
<cycle-end id="6542" type="partial gc" contextid="6535" timestamp="2019-06-16T00:36:36.262" />
  <attribute name="elasticGC enabled" value="1" />
  <attribute name= "numThreadsSpecified" value="4" />
  <attribute name="heapSize specified" value="0" />
  <attribute name="Current GC Util" value="158" />
  <attribute name= "Current Time Running" value="25925" />
  <attribute name ="GC Interval" value="0" />
  <attribute name="ProportionalT" value="207.000000" />
  <attribute name="ProportionalI" value="207.000000" />
  <attribute name="ProportionalH" value="207.000000" />
  <attribute name="Current Error" value="138.000000" />
  <attribute name="IntegralT" value="138.000000" />
  <attribute name="IntegralI" value="138.000000" />
  <attribute name="IntegralH" value="138.000000" />
  <attribute name="DerivativeT" value="69.000000" />
  <attribute name="DerivativeI" value="69.000000" />
  <attribute name="DerivativeH" value="69.000000" />
  <attribute name="Loop Time for DT" value="1.000000" />
  <attribute name="Output H" value="8388608"/>
  <attribute name="Output I" value="416"/>
  <attribute name="Output T" value="4"/>
  <attribute name="Target GC Util Change" value ="20.000000" />
  <attribute name="Current GC Util Change" value="158.000000"/>
  <attribute name="GC Util currently" value="158" />
  <attribute name="CPU Util currently" value="13250219639525" />
<exclusive-end id="6543" timestamp="2019-06-16T00:36:36.262" durationms="4.906" />

<exclusive-start id="6544" timestamp="2019-06-16T00:36:36.290" intervalms="32.400">
  <response-info timems="0.081" idlems="0.081" threads="0" lastid="0000000001627700" lastname="main" />
</exclusive-start>
<allocation-taxation id="6545" taxation-threshold="28311552" timestamp="2019-06-16T00:36:36.290" intervalms="32.375" />
<cycle-start id="6546" type="partial gc" contextid="0" timestamp="2019-06-16T00:36:36.290" intervalms="32.380" />
<gc-start id="6547" type="partial gc" contextid="6546" timestamp="2019-06-16T00:36:36.290">
  <mem-info id="6548" free="25165824" total="89128960" percent="28">
    <mem type="eden" free="0" total="28311552" percent="0" />
    <remembered-set count="1696" freebytes="3550976" totalbytes="3557760" percent="99" regionsoverflowed="0" regionsstable="18" regionsrebuilding="0"/>
  </mem-info>
</gc-start>
<allocation-stats totalBytes="28309400" >
  <allocated-bytes non-tlh="0" tlh="28309400" arrayletleaf="0"/>
  <largest-consumer threadName="main" threadId="0000000001627700" bytes="28309400" />
</allocation-stats>
<gc-op id="6549" type="copy forward" timems="1.039" contextid="6546" timestamp="2019-06-16T00:36:36.292">
  <memory-copied type="eden" objects="13" bytes="312" bytesdiscarded="0" />
  <memory-copied type="other" objects="33" bytes="1000" bytesdiscarded="0" />
  <memory-cardclean objects="90" bytes="2904" />
  <regions eden="27" other="2" />
  <remembered-set-cleared processed="41" cleared="13" durationms="0.117" />
  <stringconstants candidates="13269" cleared="0"  />
</gc-op>
<gc-op id="6550" type="classunload" timems="0.003" contextid="6546" timestamp="2019-06-16T00:36:36.292">
  <classunload-info classloadercandidates="53" classloadersunloaded="0" classesunloaded="0" anonymousclassesunloaded="0" quiescems="0.000" setupms="0.003" scanms="0.000" postms="0.000" />
</gc-op>
<heap-resize id="6551" type="expand" space="default" amount="3145728" count="1" timems="0.059" reason="excessive time being spent in gc" timestamp="2019-06-16T00:36:36.293" />
<gc-end id="6552" type="partial gc" contextid="6546" durationms="2.573" usertimems="4.000" systemtimems="0.000" timestamp="2019-06-16T00:36:36.293" activeThreads="1">
  <mem-info id="6553" free="55574528" total="92274688" percent="60">
    <mem type="eden" free="1048264" total="1048576" percent="99" />
    <remembered-set count="1760" freebytes="3676288" totalbytes="3683328" percent="99" regionsoverflowed="0" regionsstable="18" regionsrebuilding="0"/>
  </mem-info>
</gc-end>
<cycle-end id="6554" type="partial gc" contextid="6546" timestamp="2019-06-16T00:36:36.293" />
  <attribute name="elasticGC enabled" value="1" />
  <attribute name= "numThreadsSpecified" value="1" />
  <attribute name="heapSize specified" value="0" />
  <attribute name="Current GC Util" value="157" />
  <attribute name= "Current Time Running" value="25957" />
  <attribute name ="GC Interval" value="0" />
  <attribute name="ProportionalT" value="205.500000" />
  <attribute name="ProportionalI" value="205.500000" />
  <attribute name="ProportionalH" value="205.500000" />
  <attribute name="Current Error" value="137.000000" />
  <attribute name="IntegralT" value="0.000000" />
  <attribute name="IntegralI" value="0.000000" />
  <attribute name="IntegralH" value="0.000000" />
  <attribute name="DerivativeT" value="inf" />
  <attribute name="DerivativeI" value="inf" />
  <attribute name="DerivativeH" value="inf" />
  <attribute name="Loop Time for DT" value="0.000000" />
  <attribute name="Output H" value="8388608"/>
  <attribute name="Output I" value="200"/>
  <attribute name="Output T" value="1"/>
  <attribute name="Target GC Util Change" value ="20.000000" />
  <attribute name="Current GC Util Change" value="157.000000"/>
  <attribute name="GC Util currently" value="157" />
  <attribute name="CPU Util currently" value="13922112804777" />
<exclusive-end id="6555" timestamp="2019-06-16T00:36:36.293" durationms="3.721" />

<exclusive-start id="6556" timestamp="2019-06-16T00:36:36.404" intervalms="113.969">
  <response-info timems="0.144" idlems="0.144" threads="0" lastid="0000000001627700" lastname="main" />
</exclusive-start>
<allocation-taxation id="6557" taxation-threshold="29360128" timestamp="2019-06-16T00:36:36.404" intervalms="114.015" />
<cycle-start id="6558" type="partial gc" contextid="0" timestamp="2019-06-16T00:36:36.404" intervalms="114.023" />
<gc-start id="6559" type="partial gc" contextid="6558" timestamp="2019-06-16T00:36:36.404">
  <mem-info id="6560" free="26214400" total="92274688" percent="28">
    <mem type="eden" free="1048264" total="30408704" percent="3" />
    <remembered-set count="1536" freebytes="3677184" totalbytes="3683328" percent="99" regionsoverflowed="0" regionsstable="18" regionsrebuilding="0"/>
  </mem-info>
</gc-start>
<allocation-stats totalBytes="29340448" >
  <allocated-bytes non-tlh="0" tlh="29340448" arrayletleaf="0"/>
  <largest-consumer threadName="main" threadId="0000000001627700" bytes="29340448" />
</allocation-stats>
<gc-op id="6561" type="copy forward" timems="1.136" contextid="6558" timestamp="2019-06-16T00:36:36.406">
  <memory-copied type="eden" objects="56" bytes="2480" bytesdiscarded="0" />
  <memory-copied type="other" objects="42" bytes="1008" bytesdiscarded="0" />
  <memory-cardclean objects="126" bytes="3768" />
  <regions eden="28" other="3" />
  <remembered-set-cleared processed="41" cleared="17" durationms="0.120" />
  <stringconstants candidates="13269" cleared="0"  />
</gc-op>
<gc-op id="6562" type="classunload" timems="0.003" contextid="6558" timestamp="2019-06-16T00:36:36.407">
  <classunload-info classloadercandidates="53" classloadersunloaded="0" classesunloaded="0" anonymousclassesunloaded="0" quiescems="0.000" setupms="0.003" scanms="0.000" postms="0.000" />
</gc-op>
<gc-end id="6563" type="partial gc" contextid="6558" durationms="2.424" usertimems="0.000" systemtimems="0.000" timestamp="2019-06-16T00:36:36.407" activeThreads="1">
  <mem-info id="6564" free="55574528" total="92274688" percent="60">
    <mem type="eden" free="1046096" total="1048576" percent="99" />
    <remembered-set count="1888" freebytes="3675776" totalbytes="3683328" percent="99" regionsoverflowed="0" regionsstable="18" regionsrebuilding="0"/>
  </mem-info>
</gc-end>
<cycle-end id="6565" type="partial gc" contextid="6558" timestamp="2019-06-16T00:36:36.407" />
  <attribute name="elasticGC enabled" value="1" />
  <attribute name= "numThreadsSpecified" value="1" />
  <attribute name="heapSize specified" value="0" />
  <attribute name="Current GC Util" value="276" />
  <attribute name= "Current Time Running" value="26071" />
  <attribute name ="GC Interval" value="0" />
  <attribute name="ProportionalT" value="384.000000" />
  <attribute name="ProportionalI" value="384.000000" />
  <attribute name="ProportionalH" value="384.000000" />
  <attribute name="Current Error" value="256.000000" />
  <attribute name="IntegralT" value="0.000000" />
  <attribute name="IntegralI" value="0.000000" />
  <attribute name="IntegralH" value="0.000000" />
  <attribute name="DerivativeT" value="inf" />
  <attribute name="DerivativeI" value="inf" />
  <attribute name="DerivativeH" value="inf" />
  <attribute name="Loop Time for DT" value="0.000000" />
  <attribute name="Output H" value="8388608"/>
  <attribute name="Output I" value="200"/>
  <attribute name="Output T" value="1"/>
  <attribute name="Target GC Util Change" value ="20.000000" />
  <attribute name="Current GC Util Change" value="276.000000"/>
  <attribute name="GC Util currently" value="276" />
  <attribute name="CPU Util currently" value="12235866755804" />
<exclusive-end id="6566" timestamp="2019-06-16T00:36:36.407" durationms="3.683" />

<exclusive-start id="6567" timestamp="2019-06-16T00:36:36.470" intervalms="66.304">
  <response-info timems="0.093" idlems="0.093" threads="0" lastid="0000000001627700" lastname="main" />
</exclusive-start>
<allocation-taxation id="6568" taxation-threshold="29360128" timestamp="2019-06-16T00:36:36.470" intervalms="66.264" />
<cycle-start id="6569" type="partial gc" contextid="0" timestamp="2019-06-16T00:36:36.470" intervalms="66.259" />
<gc-start id="6570" type="partial gc" contextid="6569" timestamp="2019-06-16T00:36:36.471">
  <mem-info id="6571" free="26214400" total="92274688" percent="28">
    <mem type="eden" free="0" total="29360128" percent="0" />
    <remembered-set count="1536" freebytes="3677184" totalbytes="3683328" percent="99" regionsoverflowed="0" regionsstable="18" regionsrebuilding="0"/>
  </mem-info>
</gc-start>
<allocation-stats totalBytes="29338736" >
  <allocated-bytes non-tlh="0" tlh="29338736" arrayletleaf="0"/>
  <largest-consumer threadName="main" threadId="0000000001627700" bytes="29338736" />
</allocation-stats>
<gc-op id="6572" type="copy forward" timems="1.035" contextid="6569" timestamp="2019-06-16T00:36:36.472">
  <memory-copied type="eden" objects="2" bytes="56" bytesdiscarded="0" />
  <memory-copied type="other" objects="53" bytes="2216" bytesdiscarded="0" />
  <memory-cardclean objects="63" bytes="2232" />
  <regions eden="28" other="1" />
  <remembered-set-cleared processed="45" cleared="3" durationms="0.112" />
  <stringconstants candidates="13269" cleared="0"  />
</gc-op>
<gc-op id="6573" type="classunload" timems="0.003" contextid="6569" timestamp="2019-06-16T00:36:36.473">
  <classunload-info classloadercandidates="53" classloadersunloaded="0" classesunloaded="0" anonymousclassesunloaded="0" quiescems="0.000" setupms="0.003" scanms="0.000" postms="0.000" />
</gc-op>
<gc-end id="6574" type="partial gc" contextid="6569" durationms="2.220" usertimems="4.000" systemtimems="0.000" timestamp="2019-06-16T00:36:36.473" activeThreads="1">
  <mem-info id="6575" free="54525952" total="92274688" percent="59">
    <mem type="eden" free="1048520" total="1048576" percent="99" />
    <remembered-set count="2016" freebytes="3675264" totalbytes="3683328" percent="99" regionsoverflowed="0" regionsstable="18" regionsrebuilding="0"/>
  </mem-info>
</gc-end>
<cycle-end id="6576" type="partial gc" contextid="6569" timestamp="2019-06-16T00:36:36.473" />
  <attribute name="elasticGC enabled" value="1" />
  <attribute name= "numThreadsSpecified" value="1" />
  <attribute name="heapSize specified" value="0" />
  <attribute name="Current GC Util" value="277" />
  <attribute name= "Current Time Running" value="26137" />
  <attribute name ="GC Interval" value="0" />
  <attribute name="ProportionalT" value="385.500000" />
  <attribute name="ProportionalI" value="385.500000" />
  <attribute name="ProportionalH" value="385.500000" />
  <attribute name="Current Error" value="257.000000" />
  <attribute name="IntegralT" value="0.000000" />
  <attribute name="IntegralI" value="0.000000" />
  <attribute name="IntegralH" value="0.000000" />
  <attribute name="DerivativeT" value="inf" />
  <attribute name="DerivativeI" value="inf" />
  <attribute name="DerivativeH" value="inf" />
  <attribute name="Loop Time for DT" value="0.000000" />
  <attribute name="Output H" value="8388608"/>
  <attribute name="Output I" value="200"/>
  <attribute name="Output T" value="1"/>
  <attribute name="Target GC Util Change" value ="20.000000" />
  <attribute name="Current GC Util Change" value="277.000000"/>
  <attribute name="GC Util currently" value="277" />
  <attribute name="CPU Util currently" value="13162518928318" />
<exclusive-end id="6577" timestamp="2019-06-16T00:36:36.473" durationms="3.328" />

<exclusive-start id="6578" timestamp="2019-06-16T00:36:36.534" intervalms="64.291">
  <response-info timems="0.094" idlems="0.094" threads="0" lastid="0000000001627700" lastname="main" />
</exclusive-start>
<allocation-taxation id="6579" taxation-threshold="29360128" timestamp="2019-06-16T00:36:36.534" intervalms="64.283" />
<cycle-start id="6580" type="partial gc" contextid="0" timestamp="2019-06-16T00:36:36.535" intervalms="64.288" />
<gc-start id="6581" type="partial gc" contextid="6580" timestamp="2019-06-16T00:36:36.535">
  <mem-info id="6582" free="25165824" total="92274688" percent="27">
    <mem type="eden" free="1048520" total="30408704" percent="3" />
    <remembered-set count="1568" freebytes="3677056" totalbytes="3683328" percent="99" regionsoverflowed="0" regionsstable="18" regionsrebuilding="0"/>
  </mem-info>
</gc-start>
<allocation-stats totalBytes="29340920" >
  <allocated-bytes non-tlh="0" tlh="29340920" arrayletleaf="0"/>
  <largest-consumer threadName="main" threadId="0000000001627700" bytes="29340920" />
</allocation-stats>
<gc-op id="6583" type="copy forward" timems="2.402" contextid="6580" timestamp="2019-06-16T00:36:36.538">
  <memory-copied type="eden" objects="26" bytes="784" bytesdiscarded="1392" />
  <memory-copied type="other" objects="0" bytes="0" bytesdiscarded="0" />
  <memory-cardclean objects="74" bytes="2376" />
  <regions eden="28" other="1" />
  <remembered-set-cleared processed="51" cleared="8" durationms="0.093" />
  <stringconstants candidates="13269" cleared="0"  />
</gc-op>
<gc-op id="6584" type="classunload" timems="0.004" contextid="6580" timestamp="2019-06-16T00:36:36.538">
  <classunload-info classloadercandidates="53" classloadersunloaded="0" classesunloaded="0" anonymousclassesunloaded="0" quiescems="0.000" setupms="0.003" scanms="0.000" postms="0.000" />
</gc-op>
<heap-resize id="6585" type="contract" space="default" amount="5242880" count="1" timems="0.062" reason="insufficient time being spent in gc" timestamp="2019-06-16T00:36:36.538" />
<gc-end id="6586" type="partial gc" contextid="6580" durationms="3.750" usertimems="8.000" systemtimems="0.000" timestamp="2019-06-16T00:36:36.539" activeThreads="4">
  <mem-info id="6587" free="49283072" total="87031808" percent="56">
    <mem type="eden" free="1046400" total="1048576" percent="99" />
    <remembered-set count="2400" freebytes="3673728" totalbytes="3683328" percent="99" regionsoverflowed="0" regionsstable="18" regionsrebuilding="0"/>
  </mem-info>
</gc-end>
<cycle-end id="6588" type="partial gc" contextid="6580" timestamp="2019-06-16T00:36:36.539" />
  <attribute name="elasticGC enabled" value="1" />
  <attribute name= "numThreadsSpecified" value="4" />
  <attribute name="heapSize specified" value="0" />
  <attribute name="Current GC Util" value="268" />
  <attribute name= "Current Time Running" value="26202" />
  <attribute name ="GC Interval" value="0" />
  <attribute name="ProportionalT" value="372.000000" />
  <attribute name="ProportionalI" value="372.000000" />
  <attribute name="ProportionalH" value="372.000000" />
  <attribute name="Current Error" value="248.000000" />
  <attribute name="IntegralT" value="248.000000" />
  <attribute name="IntegralI" value="248.000000" />
  <attribute name="IntegralH" value="248.000000" />
  <attribute name="DerivativeT" value="124.000000" />
  <attribute name="DerivativeI" value="124.000000" />
  <attribute name="DerivativeH" value="124.000000" />
  <attribute name="Loop Time for DT" value="1.000000" />
  <attribute name="Output H" value="8388608"/>
  <attribute name="Output I" value="744"/>
  <attribute name="Output T" value="4"/>
  <attribute name="Target GC Util Change" value ="20.000000" />
  <attribute name="Current GC Util Change" value="268.000000"/>
  <attribute name="GC Util currently" value="268" />
  <attribute name="CPU Util currently" value="13196983672207" />
<exclusive-end id="6589" timestamp="2019-06-16T00:36:36.539" durationms="4.695" />

<exclusive-start id="6590" timestamp="2019-06-16T00:36:36.577" intervalms="42.579">
  <response-info timems="0.075" idlems="0.075" threads="0" lastid="0000000001627700" lastname="main" />
</exclusive-start>
<allocation-taxation id="6591" taxation-threshold="28311552" timestamp="2019-06-16T00:36:36.577" intervalms="42.612" />
<cycle-start id="6592" type="partial gc" contextid="0" timestamp="2019-06-16T00:36:36.577" intervalms="42.605" />
<gc-start id="6593" type="partial gc" contextid="6592" timestamp="2019-06-16T00:36:36.577">
  <mem-info id="6594" free="20971520" total="87031808" percent="24">
    <mem type="eden" free="0" total="28311552" percent="0" />
    <remembered-set count="2400" freebytes="3673728" totalbytes="3683328" percent="99" regionsoverflowed="0" regionsstable="18" regionsrebuilding="0"/>
  </mem-info>
</gc-start>
<allocation-stats totalBytes="28305000" >
  <allocated-bytes non-tlh="0" tlh="28305000" arrayletleaf="0"/>
  <largest-consumer threadName="main" threadId="0000000001627700" bytes="28305000" />
</allocation-stats>
<gc-op id="6595" type="copy forward" timems="1.051" contextid="6592" timestamp="2019-06-16T00:36:36.580">
  <memory-copied type="eden" objects="22" bytes="1224" bytesdiscarded="0" />
  <memory-copied type="other" objects="7" bytes="168" bytesdiscarded="0" />
  <memory-cardclean objects="73" bytes="2360" />
  <regions eden="27" other="1" />
  <remembered-set-cleared processed="48" cleared="5" durationms="0.141" />
  <stringconstants candidates="13269" cleared="0"  />
</gc-op>
<gc-op id="6596" type="classunload" timems="0.003" contextid="6592" timestamp="2019-06-16T00:36:36.580">
  <classunload-info classloadercandidates="53" classloadersunloaded="0" classesunloaded="0" anonymousclassesunloaded="0" quiescems="0.000" setupms="0.003" scanms="0.000" postms="0.000" />
</gc-op>
<gc-end id="6597" type="partial gc" contextid="6592" durationms="2.590" usertimems="0.000" systemtimems="0.000" timestamp="2019-06-16T00:36:36.580" activeThreads="1">
  <mem-info id="6598" free="48234496" total="87031808" percent="55">
    <mem type="eden" free="1047352" total="1048576" percent="99" />
    <remembered-set count="1376" freebytes="3468544" totalbytes="3474048" percent="99" regionsoverflowed="0" regionsstable="18" regionsrebuilding="0"/>
  </mem-info>
</gc-end>
<cycle-end id="6599" type="partial gc" contextid="6592" timestamp="2019-06-16T00:36:36.580" />
  <attribute name="elasticGC enabled" value="1" />
  <attribute name= "numThreadsSpecified" value="1" />
  <attribute name="heapSize specified" value="0" />
  <attribute name="Current GC Util" value="94" />
  <attribute name= "Current Time Running" value="26244" />
  <attribute name ="GC Interval" value="0" />
  <attribute name="ProportionalT" value="111.000000" />
  <attribute name="ProportionalI" value="111.000000" />
  <attribute name="ProportionalH" value="111.000000" />
  <attribute name="Current Error" value="74.000000" />
  <attribute name="IntegralT" value="0.000000" />
  <attribute name="IntegralI" value="0.000000" />
  <attribute name="IntegralH" value="0.000000" />
  <attribute name="DerivativeT" value="inf" />
  <attribute name="DerivativeI" value="inf" />
  <attribute name="DerivativeH" value="inf" />
  <attribute name="Loop Time for DT" value="0.000000" />
  <attribute name="Output H" value="8388608"/>
  <attribute name="Output I" value="200"/>
  <attribute name="Output T" value="1"/>
  <attribute name="Target GC Util Change" value ="20.000000" />
  <attribute name="Current GC Util Change" value="94.000000"/>
  <attribute name="GC Util currently" value="94" />
  <attribute name="CPU Util currently" value="7774343163317" />
<exclusive-end id="6600" timestamp="2019-06-16T00:36:36.580" durationms="3.664" />

<exclusive-start id="6601" timestamp="2019-06-16T00:36:36.584" intervalms="7.769">
  <response-info timems="0.079" idlems="0.079" threads="0" lastid="0000000001627700" lastname="main" />
</exclusive-start>
<allocation-taxation id="6602" taxation-threshold="13631488" timestamp="2019-06-16T00:36:36.585" intervalms="7.734" />
<cycle-start id="6603" type="global mark phase" contextid="0" timestamp="2019-06-16T00:36:36.585" intervalms="1078.598" />
<gc-start id="6604" type="global mark phase" contextid="6603" timestamp="2019-06-16T00:36:36.585">
  <mem-info id="6605" free="34603008" total="87031808" percent="39">
    <remembered-set count="928" freebytes="3470336" totalbytes="3474048" percent="99" regionsoverflowed="0" regionsstable="18" regionsrebuilding="0"/>
  </mem-info>
</gc-start>
<gc-op id="6606" type="mark increment" timems="1.240" contextid="6603" timestamp="2019-06-16T00:36:36.586">
  <trace-info objectcount="171" scancount="0" scanbytes="0" />
</gc-op>
<gc-end id="6607" type="global mark phase" contextid="6603" durationms="1.443" usertimems="4.000" systemtimems="0.000" timestamp="2019-06-16T00:36:36.587" activeThreads="4">
  <mem-info id="6608" free="34603008" total="87031808" percent="39">
    <remembered-set count="928" freebytes="3470336" totalbytes="3474048" percent="99" regionsoverflowed="0" regionsstable="0" regionsrebuilding="18"/>
  </mem-info>
</gc-end>
<concurrent-start id="6609" type="GMP work packet processing" contextid="6603" timestamp="2019-06-16T00:36:36.587">
  <concurrent-mark-start scanTarget="1498253" />
</concurrent-start>
<exclusive-end id="6610" timestamp="2019-06-16T00:36:36.587" durationms="2.222" />

<concurrent-end id="6611" type="GMP work packet processing" contextid="6603" timestamp="2019-06-16T00:36:36.589">
  <concurrent-mark-end bytesScanned="1582188" reasonForTermination="Work target met" />
</concurrent-end>

<exclusive-start id="6612" timestamp="2019-06-16T00:36:36.592" intervalms="7.334">
  <response-info timems="0.074" idlems="0.074" threads="0" lastid="0000000001627700" lastname="main" />
</exclusive-start>
<allocation-taxation id="6613" taxation-threshold="13631488" timestamp="2019-06-16T00:36:36.592" intervalms="7.311" />
<cycle-start id="6614" type="partial gc" contextid="0" timestamp="2019-06-16T00:36:36.592" intervalms="15.039" />
<gc-start id="6615" type="partial gc" contextid="6614" timestamp="2019-06-16T00:36:36.592">
  <mem-info id="6616" free="20971520" total="87031808" percent="24">
    <mem type="eden" free="0" total="27262976" percent="0" />
    <remembered-set count="19840" freebytes="3394688" totalbytes="3474048" percent="97" regionsoverflowed="0" regionsstable="0" regionsrebuilding="18"/>
  </mem-info>
</gc-start>
<allocation-stats totalBytes="27214392" >
  <allocated-bytes non-tlh="0" tlh="27214392" arrayletleaf="0"/>
  <largest-consumer threadName="main" threadId="0000000001627700" bytes="13607384" />
</allocation-stats>
<gc-op id="6617" type="copy forward" timems="1.391" contextid="6614" timestamp="2019-06-16T00:36:36.595">
  <memory-copied type="eden" objects="2" bytes="40" bytesdiscarded="0" />
  <memory-copied type="other" objects="21" bytes="1208" bytesdiscarded="0" />
  <memory-cardclean objects="50" bytes="1720" />
  <regions eden="26" other="1" />
  <remembered-set-cleared processed="17464" cleared="72" durationms="0.220" />
  <stringconstants candidates="13269" cleared="0"  />
</gc-op>
<gc-op id="6618" type="classunload" timems="0.004" contextid="6614" timestamp="2019-06-16T00:36:36.595">
  <classunload-info classloadercandidates="53" classloadersunloaded="0" classesunloaded="0" anonymousclassesunloaded="0" quiescems="0.000" setupms="0.003" scanms="0.000" postms="0.000" />
</gc-op>
<heap-resize id="6619" type="expand" space="default" amount="12582912" count="1" timems="0.091" reason="excessive time being spent in gc" timestamp="2019-06-16T00:36:36.595" />
<gc-end id="6620" type="partial gc" contextid="6614" durationms="2.898" usertimems="4.000" systemtimems="0.000" timestamp="2019-06-16T00:36:36.595" activeThreads="1">
  <mem-info id="6621" free="59768832" total="99614720" percent="60">
    <mem type="eden" free="1048536" total="1048576" percent="99" />
    <remembered-set count="20288" freebytes="3895168" totalbytes="3976320" percent="97" regionsoverflowed="0" regionsstable="0" regionsrebuilding="18"/>
  </mem-info>
</gc-end>
<cycle-end id="6622" type="partial gc" contextid="6614" timestamp="2019-06-16T00:36:36.596" />
  <attribute name="elasticGC enabled" value="1" />
  <attribute name= "numThreadsSpecified" value="1" />
  <attribute name="heapSize specified" value="0" />
  <attribute name="Current GC Util" value="152" />
  <attribute name= "Current Time Running" value="26259" />
  <attribute name ="GC Interval" value="0" />
  <attribute name="ProportionalT" value="198.000000" />
  <attribute name="ProportionalI" value="198.000000" />
  <attribute name="ProportionalH" value="198.000000" />
  <attribute name="Current Error" value="132.000000" />
  <attribute name="IntegralT" value="0.000000" />
  <attribute name="IntegralI" value="0.000000" />
  <attribute name="IntegralH" value="0.000000" />
  <attribute name="DerivativeT" value="inf" />
  <attribute name="DerivativeI" value="inf" />
  <attribute name="DerivativeH" value="inf" />
  <attribute name="Loop Time for DT" value="0.000000" />
  <attribute name="Output H" value="8388608"/>
  <attribute name="Output I" value="200"/>
  <attribute name="Output T" value="1"/>
  <attribute name="Target GC Util Change" value ="20.000000" />
  <attribute name="Current GC Util Change" value="152.000000"/>
  <attribute name="GC Util currently" value="152" />
  <attribute name="CPU Util currently" value="13395977864849" />
<exclusive-end id="6623" timestamp="2019-06-16T00:36:36.596" durationms="3.973" />

<exclusive-start id="6624" timestamp="2019-06-16T00:36:36.601" intervalms="8.689">
  <response-info timems="0.079" idlems="0.079" threads="0" lastid="0000000001627700" lastname="main" />
</exclusive-start>
<allocation-taxation id="6625" taxation-threshold="15728640" timestamp="2019-06-16T00:36:36.601" intervalms="8.695" />
<gc-start id="6626" type="global mark phase" contextid="6603" timestamp="2019-06-16T00:36:36.601">
  <mem-info id="6627" free="44040192" total="99614720" percent="44">
    <remembered-set count="19872" freebytes="3896832" totalbytes="3976320" percent="98" regionsoverflowed="0" regionsstable="0" regionsrebuilding="18"/>
  </mem-info>
</gc-start>
<gc-end id="6628" type="global mark phase" contextid="6603" durationms="0.186" usertimems="0.000" systemtimems="0.000" timestamp="2019-06-16T00:36:36.601" activeThreads="1">
  <mem-info id="6629" free="44040192" total="99614720" percent="44">
    <remembered-set count="19872" freebytes="3896832" totalbytes="3976320" percent="98" regionsoverflowed="0" regionsstable="0" regionsrebuilding="18"/>
  </mem-info>
</gc-end>
<concurrent-start id="6630" type="GMP work packet processing" contextid="6603" timestamp="2019-06-16T00:36:36.601">
  <concurrent-mark-start scanTarget="1048576" />
</concurrent-start>
<exclusive-end id="6631" timestamp="2019-06-16T00:36:36.601" durationms="0.972" />

<concurrent-end id="6632" type="GMP work packet processing" contextid="6603" timestamp="2019-06-16T00:36:36.603">
  <concurrent-mark-end bytesScanned="1101012" reasonForTermination="Work target met" />
</concurrent-end>

<exclusive-start id="6633" timestamp="2019-06-16T00:36:36.607" intervalms="6.195">
  <response-info timems="0.076" idlems="0.076" threads="0" lastid="0000000001627700" lastname="main" />
</exclusive-start>
<allocation-taxation id="6634" taxation-threshold="15728640" timestamp="2019-06-16T00:36:36.607" intervalms="6.230" />
<cycle-start id="6635" type="partial gc" contextid="0" timestamp="2019-06-16T00:36:36.607" intervalms="14.928" />
<gc-start id="6636" type="partial gc" contextid="6635" timestamp="2019-06-16T00:36:36.607">
  <mem-info id="6637" free="28311552" total="99614720" percent="28">
    <mem type="eden" free="1048536" total="32505856" percent="3" />
    <remembered-set count="33248" freebytes="3843328" totalbytes="3976320" percent="96" regionsoverflowed="0" regionsstable="0" regionsrebuilding="18"/>
  </mem-info>
</gc-start>
<allocation-stats totalBytes="31401880" >
  <allocated-bytes non-tlh="0" tlh="31401880" arrayletleaf="0"/>
  <largest-consumer threadName="main" threadId="0000000001627700" bytes="15700608" />
</allocation-stats>
<gc-op id="6638" type="copy forward" timems="1.551" contextid="6635" timestamp="2019-06-16T00:36:36.610">
  <memory-copied type="eden" objects="2" bytes="40" bytesdiscarded="0" />
  <memory-copied type="other" objects="0" bytes="0" bytesdiscarded="0" />
  <memory-cardclean objects="11" bytes="416" />
  <regions eden="30" other="1" />
  <remembered-set-cleared processed="30131" cleared="7" durationms="0.284" />
  <stringconstants candidates="13269" cleared="0"  />
</gc-op>
<gc-op id="6639" type="classunload" timems="0.004" contextid="6635" timestamp="2019-06-16T00:36:36.610">
  <classunload-info classloadercandidates="53" classloadersunloaded="0" classesunloaded="0" anonymousclassesunloaded="0" quiescems="0.000" setupms="0.003" scanms="0.000" postms="0.000" />
</gc-op>
<gc-end id="6640" type="partial gc" contextid="6635" durationms="2.700" usertimems="4.000" systemtimems="0.000" timestamp="2019-06-16T00:36:36.610" activeThreads="1">
  <mem-info id="6641" free="59768832" total="99614720" percent="60">
    <mem type="eden" free="1048536" total="1048576" percent="99" />
    <remembered-set count="33728" freebytes="3841408" totalbytes="3976320" percent="96" regionsoverflowed="0" regionsstable="0" regionsrebuilding="18"/>
  </mem-info>
</gc-end>
<cycle-end id="6642" type="partial gc" contextid="6635" timestamp="2019-06-16T00:36:36.610" />
  <attribute name="elasticGC enabled" value="1" />
  <attribute name= "numThreadsSpecified" value="1" />
  <attribute name="heapSize specified" value="0" />
  <attribute name="Current GC Util" value="152" />
  <attribute name= "Current Time Running" value="26274" />
  <attribute name ="GC Interval" value="0" />
  <attribute name="ProportionalT" value="198.000000" />
  <attribute name="ProportionalI" value="198.000000" />
  <attribute name="ProportionalH" value="198.000000" />
  <attribute name="Current Error" value="132.000000" />
  <attribute name="IntegralT" value="0.000000" />
  <attribute name="IntegralI" value="0.000000" />
  <attribute name="IntegralH" value="0.000000" />
  <attribute name="DerivativeT" value="inf" />
  <attribute name="DerivativeI" value="inf" />
  <attribute name="DerivativeH" value="inf" />
  <attribute name="Loop Time for DT" value="0.000000" />
  <attribute name="Output H" value="8388608"/>
  <attribute name="Output I" value="200"/>
  <attribute name="Output T" value="1"/>
  <attribute name="Target GC Util Change" value ="20.000000" />
  <attribute name="Current GC Util Change" value="152.000000"/>
  <attribute name="GC Util currently" value="152" />
  <attribute name="CPU Util currently" value="13829885453636" />
<exclusive-end id="6643" timestamp="2019-06-16T00:36:36.610" durationms="3.716" />

<exclusive-start id="6644" timestamp="2019-06-16T00:36:36.615" intervalms="8.494">
  <response-info timems="0.078" idlems="0.078" threads="0" lastid="0000000001627700" lastname="main" />
</exclusive-start>
<allocation-taxation id="6645" taxation-threshold="15728640" timestamp="2019-06-16T00:36:36.615" intervalms="8.447" />
<gc-start id="6646" type="global mark phase" contextid="6603" timestamp="2019-06-16T00:36:36.616">
  <mem-info id="6647" free="44040192" total="99614720" percent="44">
    <remembered-set count="33248" freebytes="3843328" totalbytes="3976320" percent="96" regionsoverflowed="0" regionsstable="0" regionsrebuilding="18"/>
  </mem-info>
</gc-start>
<gc-end id="6648" type="global mark phase" contextid="6603" durationms="0.134" usertimems="0.000" systemtimems="0.000" timestamp="2019-06-16T00:36:36.616" activeThreads="1">
  <mem-info id="6649" free="44040192" total="99614720" percent="44">
    <remembered-set count="33248" freebytes="3843328" totalbytes="3976320" percent="96" regionsoverflowed="0" regionsstable="0" regionsrebuilding="18"/>
  </mem-info>
</gc-end>
<concurrent-start id="6650" type="GMP work packet processing" contextid="6603" timestamp="2019-06-16T00:36:36.616">
  <concurrent-mark-start scanTarget="1048576" />
</concurrent-start>
<exclusive-end id="6651" timestamp="2019-06-16T00:36:36.616" durationms="0.788" />

<concurrent-end id="6652" type="GMP work packet processing" contextid="6603" timestamp="2019-06-16T00:36:36.617">
  <concurrent-mark-end bytesScanned="1091008" reasonForTermination="Work target met" />
</concurrent-end>

<exclusive-start id="6653" timestamp="2019-06-16T00:36:36.621" intervalms="5.431">
  <response-info timems="0.078" idlems="0.078" threads="0" lastid="0000000001627700" lastname="main" />
</exclusive-start>
<allocation-taxation id="6654" taxation-threshold="15728640" timestamp="2019-06-16T00:36:36.621" intervalms="5.424" />
<cycle-start id="6655" type="partial gc" contextid="0" timestamp="2019-06-16T00:36:36.621" intervalms="13.864" />
<gc-start id="6656" type="partial gc" contextid="6655" timestamp="2019-06-16T00:36:36.621">
  <mem-info id="6657" free="28311552" total="99614720" percent="28">
    <mem type="eden" free="1048536" total="32505856" percent="3" />
    <remembered-set count="41504" freebytes="3810304" totalbytes="3976320" percent="95" regionsoverflowed="0" regionsstable="0" regionsrebuilding="18"/>
  </mem-info>
</gc-start>
<allocation-stats totalBytes="31401216" >
  <allocated-bytes non-tlh="0" tlh="31401216" arrayletleaf="0"/>
  <largest-consumer threadName="main" threadId="0000000001627700" bytes="15700608" />
</allocation-stats>
<gc-op id="6658" type="copy forward" timems="1.499" contextid="6655" timestamp="2019-06-16T00:36:36.624">
  <memory-copied type="eden" objects="2" bytes="40" bytesdiscarded="0" />
  <memory-copied type="other" objects="0" bytes="0" bytesdiscarded="0" />
  <memory-cardclean objects="11" bytes="416" />
  <regions eden="30" other="1" />
  <remembered-set-cleared processed="38674" cleared="7" durationms="0.326" />
  <stringconstants candidates="13269" cleared="0"  />
</gc-op>
<gc-op id="6659" type="classunload" timems="0.003" contextid="6655" timestamp="2019-06-16T00:36:36.624">
  <classunload-info classloadercandidates="53" classloadersunloaded="0" classesunloaded="0" anonymousclassesunloaded="0" quiescems="0.000" setupms="0.003" scanms="0.000" postms="0.000" />
</gc-op>
<gc-end id="6660" type="partial gc" contextid="6655" durationms="2.724" usertimems="0.000" systemtimems="4.000" timestamp="2019-06-16T00:36:36.624" activeThreads="1">
  <mem-info id="6661" free="59768832" total="99614720" percent="60">
    <mem type="eden" free="1048536" total="1048576" percent="99" />
    <remembered-set count="41984" freebytes="3808384" totalbytes="3976320" percent="95" regionsoverflowed="0" regionsstable="0" regionsrebuilding="18"/>
  </mem-info>
</gc-end>
<cycle-end id="6662" type="partial gc" contextid="6655" timestamp="2019-06-16T00:36:36.624" />
  <attribute name="elasticGC enabled" value="1" />
  <attribute name= "numThreadsSpecified" value="1" />
  <attribute name="heapSize specified" value="0" />
  <attribute name="Current GC Util" value="161" />
  <attribute name= "Current Time Running" value="26288" />
  <attribute name ="GC Interval" value="0" />
  <attribute name="ProportionalT" value="211.500000" />
  <attribute name="ProportionalI" value="211.500000" />
  <attribute name="ProportionalH" value="211.500000" />
  <attribute name="Current Error" value="141.000000" />
  <attribute name="IntegralT" value="0.000000" />
  <attribute name="IntegralI" value="0.000000" />
  <attribute name="IntegralH" value="0.000000" />
  <attribute name="DerivativeT" value="inf" />
  <attribute name="DerivativeI" value="inf" />
  <attribute name="DerivativeH" value="inf" />
  <attribute name="Loop Time for DT" value="0.000000" />
  <attribute name="Output H" value="8388608"/>
  <attribute name="Output I" value="200"/>
  <attribute name="Output T" value="1"/>
  <attribute name="Target GC Util Change" value ="20.000000" />
  <attribute name="Current GC Util Change" value="161.000000"/>
  <attribute name="GC Util currently" value="161" />
  <attribute name="CPU Util currently" value="13500291111639" />
<exclusive-end id="6663" timestamp="2019-06-16T00:36:36.624" durationms="3.742" />

<exclusive-start id="6664" timestamp="2019-06-16T00:36:36.629" intervalms="8.792">
  <response-info timems="0.076" idlems="0.076" threads="0" lastid="0000000001627700" lastname="main" />
</exclusive-start>
<allocation-taxation id="6665" taxation-threshold="15728640" timestamp="2019-06-16T00:36:36.630" intervalms="8.855" />
<gc-start id="6666" type="global mark phase" contextid="6603" timestamp="2019-06-16T00:36:36.630">
  <mem-info id="6667" free="44040192" total="99614720" percent="44">
    <remembered-set count="41504" freebytes="3810304" totalbytes="3976320" percent="95" regionsoverflowed="0" regionsstable="0" regionsrebuilding="18"/>
  </mem-info>
</gc-start>
<gc-end id="6668" type="global mark phase" contextid="6603" durationms="0.185" usertimems="0.000" systemtimems="0.000" timestamp="2019-06-16T00:36:36.630" activeThreads="1">
  <mem-info id="6669" free="44040192" total="99614720" percent="44">
    <remembered-set count="41504" freebytes="3810304" totalbytes="3976320" percent="95" regionsoverflowed="0" regionsstable="0" regionsrebuilding="18"/>
  </mem-info>
</gc-end>
<concurrent-start id="6670" type="GMP work packet processing" contextid="6603" timestamp="2019-06-16T00:36:36.630">
  <concurrent-mark-start scanTarget="1048576" />
</concurrent-start>
<exclusive-end id="6671" timestamp="2019-06-16T00:36:36.630" durationms="0.915" />

<concurrent-end id="6672" type="GMP work packet processing" contextid="6603" timestamp="2019-06-16T00:36:36.631">
  <concurrent-mark-end bytesScanned="1088588" reasonForTermination="Work target met" />
</concurrent-end>

<exclusive-start id="6673" timestamp="2019-06-16T00:36:36.635" intervalms="5.588">
  <response-info timems="0.057" idlems="0.057" threads="0" lastid="0000000001627700" lastname="main" />
</exclusive-start>
<allocation-taxation id="6674" taxation-threshold="15728640" timestamp="2019-06-16T00:36:36.635" intervalms="5.588" />
<cycle-start id="6675" type="partial gc" contextid="0" timestamp="2019-06-16T00:36:36.635" intervalms="14.414" />
<gc-start id="6676" type="partial gc" contextid="6675" timestamp="2019-06-16T00:36:36.636">
  <mem-info id="6677" free="28311552" total="99614720" percent="28">
    <mem type="eden" free="1048536" total="32505856" percent="3" />
    <remembered-set count="53312" freebytes="3763072" totalbytes="3976320" percent="94" regionsoverflowed="0" regionsstable="0" regionsrebuilding="18"/>
  </mem-info>
</gc-start>
<allocation-stats totalBytes="31401216" >
  <allocated-bytes non-tlh="0" tlh="31401216" arrayletleaf="0"/>
  <largest-consumer threadName="main" threadId="0000000001627700" bytes="15700608" />
</allocation-stats>
<gc-op id="6678" type="copy forward" timems="1.536" contextid="6675" timestamp="2019-06-16T00:36:36.638">
  <memory-copied type="eden" objects="2" bytes="40" bytesdiscarded="0" />
  <memory-copied type="other" objects="0" bytes="0" bytesdiscarded="0" />
  <memory-cardclean objects="11" bytes="416" />
  <regions eden="30" other="1" />
  <remembered-set-cleared processed="50514" cleared="7" durationms="0.389" />
  <stringconstants candidates="13269" cleared="0"  />
</gc-op>
<gc-op id="6679" type="classunload" timems="0.004" contextid="6675" timestamp="2019-06-16T00:36:36.638">
  <classunload-info classloadercandidates="53" classloadersunloaded="0" classesunloaded="0" anonymousclassesunloaded="0" quiescems="0.000" setupms="0.004" scanms="0.000" postms="0.000" />
</gc-op>
<gc-end id="6680" type="partial gc" contextid="6675" durationms="2.624" usertimems="0.000" systemtimems="4.000" timestamp="2019-06-16T00:36:36.638" activeThreads="1">
  <mem-info id="6681" free="59768832" total="99614720" percent="60">
    <mem type="eden" free="1048536" total="1048576" percent="99" />
    <remembered-set count="53792" freebytes="3761152" totalbytes="3976320" percent="94" regionsoverflowed="0" regionsstable="0" regionsrebuilding="18"/>
  </mem-info>
</gc-end>
<cycle-end id="6682" type="partial gc" contextid="6675" timestamp="2019-06-16T00:36:36.638" />
  <attribute name="elasticGC enabled" value="1" />
  <attribute name= "numThreadsSpecified" value="1" />
  <attribute name="heapSize specified" value="0" />
  <attribute name="Current GC Util" value="165" />
  <attribute name= "Current Time Running" value="26302" />
  <attribute name ="GC Interval" value="0" />
  <attribute name="ProportionalT" value="217.500000" />
  <attribute name="ProportionalI" value="217.500000" />
  <attribute name="ProportionalH" value="217.500000" />
  <attribute name="Current Error" value="145.000000" />
  <attribute name="IntegralT" value="0.000000" />
  <attribute name="IntegralI" value="0.000000" />
  <attribute name="IntegralH" value="0.000000" />
  <attribute name="DerivativeT" value="inf" />
  <attribute name="DerivativeI" value="inf" />
  <attribute name="DerivativeH" value="inf" />
  <attribute name="Loop Time for DT" value="0.000000" />
  <attribute name="Output H" value="8388608"/>
  <attribute name="Output I" value="200"/>
  <attribute name="Output T" value="1"/>
  <attribute name="Target GC Util Change" value ="20.000000" />
  <attribute name="Current GC Util Change" value="165.000000"/>
  <attribute name="GC Util currently" value="165" />
  <attribute name="CPU Util currently" value="13801203477739" />
<exclusive-end id="6683" timestamp="2019-06-16T00:36:36.639" durationms="3.558" />

<exclusive-start id="6684" timestamp="2019-06-16T00:36:36.643" intervalms="8.235">
  <response-info timems="0.075" idlems="0.075" threads="0" lastid="0000000001627700" lastname="main" />
</exclusive-start>
<allocation-taxation id="6685" taxation-threshold="15728640" timestamp="2019-06-16T00:36:36.643" intervalms="8.165" />
<gc-start id="6686" type="global mark phase" contextid="6603" timestamp="2019-06-16T00:36:36.644">
  <mem-info id="6687" free="44040192" total="99614720" percent="44">
    <remembered-set count="53312" freebytes="3763072" totalbytes="3976320" percent="94" regionsoverflowed="0" regionsstable="0" regionsrebuilding="18"/>
  </mem-info>
</gc-start>
<gc-end id="6688" type="global mark phase" contextid="6603" durationms="0.174" usertimems="0.000" systemtimems="0.000" timestamp="2019-06-16T00:36:36.644" activeThreads="1">
  <mem-info id="6689" free="44040192" total="99614720" percent="44">
    <remembered-set count="53312" freebytes="3763072" totalbytes="3976320" percent="94" regionsoverflowed="0" regionsstable="0" regionsrebuilding="18"/>
  </mem-info>
</gc-end>
<concurrent-start id="6690" type="GMP work packet processing" contextid="6603" timestamp="2019-06-16T00:36:36.644">
  <concurrent-mark-start scanTarget="1048576" />
</concurrent-start>
<exclusive-end id="6691" timestamp="2019-06-16T00:36:36.644" durationms="0.767" />

<concurrent-end id="6692" type="GMP work packet processing" contextid="6603" timestamp="2019-06-16T00:36:36.645">
  <concurrent-mark-end bytesScanned="1089720" reasonForTermination="Work target met" />
</concurrent-end>

<exclusive-start id="6693" timestamp="2019-06-16T00:36:36.649" intervalms="5.424">
  <response-info timems="0.077" idlems="0.077" threads="0" lastid="0000000001627700" lastname="main" />
</exclusive-start>
<allocation-taxation id="6694" taxation-threshold="15728640" timestamp="2019-06-16T00:36:36.649" intervalms="5.443" />
<cycle-start id="6695" type="partial gc" contextid="0" timestamp="2019-06-16T00:36:36.649" intervalms="13.630" />
<gc-start id="6696" type="partial gc" contextid="6695" timestamp="2019-06-16T00:36:36.649">
  <mem-info id="6697" free="28311552" total="99614720" percent="28">
    <mem type="eden" free="1048536" total="32505856" percent="3" />
    <remembered-set count="61600" freebytes="3729920" totalbytes="3976320" percent="93" regionsoverflowed="0" regionsstable="0" regionsrebuilding="18"/>
  </mem-info>
</gc-start>
<allocation-stats totalBytes="31401216" >
  <allocated-bytes non-tlh="0" tlh="31401216" arrayletleaf="0"/>
  <largest-consumer threadName="main" threadId="0000000001627700" bytes="15700608" />
</allocation-stats>
<gc-op id="6698" type="copy forward" timems="1.614" contextid="6695" timestamp="2019-06-16T00:36:36.652">
  <memory-copied type="eden" objects="2" bytes="40" bytesdiscarded="0" />
  <memory-copied type="other" objects="0" bytes="0" bytesdiscarded="0" />
  <memory-cardclean objects="11" bytes="416" />
  <regions eden="30" other="1" />
  <remembered-set-cleared processed="58821" cleared="7" durationms="0.438" />
  <stringconstants candidates="13269" cleared="0"  />
</gc-op>
<gc-op id="6699" type="classunload" timems="0.004" contextid="6695" timestamp="2019-06-16T00:36:36.652">
  <classunload-info classloadercandidates="53" classloadersunloaded="0" classesunloaded="0" anonymousclassesunloaded="0" quiescems="0.000" setupms="0.004" scanms="0.000" postms="0.000" />
</gc-op>
<gc-end id="6700" type="partial gc" contextid="6695" durationms="2.880" usertimems="4.000" systemtimems="0.000" timestamp="2019-06-16T00:36:36.652" activeThreads="1">
  <mem-info id="6701" free="59768832" total="99614720" percent="60">
    <mem type="eden" free="1048536" total="1048576" percent="99" />
    <remembered-set count="62080" freebytes="3728000" totalbytes="3976320" percent="93" regionsoverflowed="0" regionsstable="0" regionsrebuilding="18"/>
  </mem-info>
</gc-end>
<cycle-end id="6702" type="partial gc" contextid="6695" timestamp="2019-06-16T00:36:36.652" />
  <attribute name="elasticGC enabled" value="1" />
  <attribute name= "numThreadsSpecified" value="1" />
  <attribute name="heapSize specified" value="0" />
  <attribute name="Current GC Util" value="152" />
  <attribute name= "Current Time Running" value="26316" />
  <attribute name ="GC Interval" value="0" />
  <attribute name="ProportionalT" value="198.000000" />
  <attribute name="ProportionalI" value="198.000000" />
  <attribute name="ProportionalH" value="198.000000" />
  <attribute name="Current Error" value="132.000000" />
  <attribute name="IntegralT" value="0.000000" />
  <attribute name="IntegralI" value="0.000000" />
  <attribute name="IntegralH" value="0.000000" />
  <attribute name="DerivativeT" value="inf" />
  <attribute name="DerivativeI" value="inf" />
  <attribute name="DerivativeH" value="inf" />
  <attribute name="Loop Time for DT" value="0.000000" />
  <attribute name="Output H" value="8388608"/>
  <attribute name="Output I" value="200"/>
  <attribute name="Output T" value="1"/>
  <attribute name="Target GC Util Change" value ="20.000000" />
  <attribute name="Current GC Util Change" value="152.000000"/>
  <attribute name="GC Util currently" value="152" />
  <attribute name="CPU Util currently" value="13828558406963" />
<exclusive-end id="6703" timestamp="2019-06-16T00:36:36.653" durationms="3.863" />

<exclusive-start id="6704" timestamp="2019-06-16T00:36:36.657" intervalms="8.642">
  <response-info timems="0.076" idlems="0.076" threads="0" lastid="0000000001627700" lastname="main" />
</exclusive-start>
<allocation-taxation id="6705" taxation-threshold="15728640" timestamp="2019-06-16T00:36:36.657" intervalms="8.639" />
<gc-start id="6706" type="global mark phase" contextid="6603" timestamp="2019-06-16T00:36:36.658">
  <mem-info id="6707" free="44040192" total="99614720" percent="44">
    <remembered-set count="61600" freebytes="3729920" totalbytes="3976320" percent="93" regionsoverflowed="0" regionsstable="0" regionsrebuilding="18"/>
  </mem-info>
</gc-start>
<gc-end id="6708" type="global mark phase" contextid="6603" durationms="0.185" usertimems="0.000" systemtimems="0.000" timestamp="2019-06-16T00:36:36.658" activeThreads="1">
  <mem-info id="6709" free="44040192" total="99614720" percent="44">
    <remembered-set count="61600" freebytes="3729920" totalbytes="3976320" percent="93" regionsoverflowed="0" regionsstable="0" regionsrebuilding="18"/>
  </mem-info>
</gc-end>
<concurrent-start id="6710" type="GMP work packet processing" contextid="6603" timestamp="2019-06-16T00:36:36.658">
  <concurrent-mark-start scanTarget="1048576" />
</concurrent-start>
<exclusive-end id="6711" timestamp="2019-06-16T00:36:36.658" durationms="0.835" />

<concurrent-end id="6712" type="GMP work packet processing" contextid="6603" timestamp="2019-06-16T00:36:36.659">
  <concurrent-mark-end bytesScanned="1087660" reasonForTermination="Work target met" />
</concurrent-end>

<exclusive-start id="6713" timestamp="2019-06-16T00:36:36.663" intervalms="5.461">
  <response-info timems="0.067" idlems="0.067" threads="0" lastid="0000000001627700" lastname="main" />
</exclusive-start>
<allocation-taxation id="6714" taxation-threshold="15728640" timestamp="2019-06-16T00:36:36.663" intervalms="5.423" />
<cycle-start id="6715" type="partial gc" contextid="0" timestamp="2019-06-16T00:36:36.663" intervalms="14.051" />
<gc-start id="6716" type="partial gc" contextid="6715" timestamp="2019-06-16T00:36:36.663">
  <mem-info id="6717" free="28311552" total="99614720" percent="28">
    <mem type="eden" free="1048536" total="32505856" percent="3" />
    <remembered-set count="70336" freebytes="3694976" totalbytes="3976320" percent="92" regionsoverflowed="0" regionsstable="0" regionsrebuilding="18"/>
  </mem-info>
</gc-start>
<allocation-stats totalBytes="31401216" >
  <allocated-bytes non-tlh="0" tlh="31401216" arrayletleaf="0"/>
  <largest-consumer threadName="main" threadId="0000000001627700" bytes="15700608" />
</allocation-stats>
<gc-op id="6718" type="copy forward" timems="1.613" contextid="6715" timestamp="2019-06-16T00:36:36.666">
  <memory-copied type="eden" objects="2" bytes="40" bytesdiscarded="0" />
  <memory-copied type="other" objects="0" bytes="0" bytesdiscarded="0" />
  <memory-cardclean objects="11" bytes="416" />
  <regions eden="30" other="1" />
  <remembered-set-cleared processed="67342" cleared="7" durationms="0.473" />
  <stringconstants candidates="13269" cleared="0"  />
</gc-op>
<gc-op id="6719" type="classunload" timems="0.003" contextid="6715" timestamp="2019-06-16T00:36:36.666">
  <classunload-info classloadercandidates="53" classloadersunloaded="0" classesunloaded="0" anonymousclassesunloaded="0" quiescems="0.000" setupms="0.003" scanms="0.000" postms="0.000" />
</gc-op>
<gc-end id="6720" type="partial gc" contextid="6715" durationms="2.832" usertimems="4.000" systemtimems="0.000" timestamp="2019-06-16T00:36:36.666" activeThreads="1">
  <mem-info id="6721" free="59768832" total="99614720" percent="60">
    <mem type="eden" free="1048536" total="1048576" percent="99" />
    <remembered-set count="70816" freebytes="3693056" totalbytes="3976320" percent="92" regionsoverflowed="0" regionsstable="0" regionsrebuilding="18"/>
  </mem-info>
</gc-end>
<cycle-end id="6722" type="partial gc" contextid="6715" timestamp="2019-06-16T00:36:36.666" />
  <attribute name="elasticGC enabled" value="1" />
  <attribute name= "numThreadsSpecified" value="1" />
  <attribute name="heapSize specified" value="0" />
  <attribute name="Current GC Util" value="157" />
  <attribute name= "Current Time Running" value="26330" />
  <attribute name ="GC Interval" value="0" />
  <attribute name="ProportionalT" value="205.500000" />
  <attribute name="ProportionalI" value="205.500000" />
  <attribute name="ProportionalH" value="205.500000" />
  <attribute name="Current Error" value="137.000000" />
  <attribute name="IntegralT" value="0.000000" />
  <attribute name="IntegralI" value="0.000000" />
  <attribute name="IntegralH" value="0.000000" />
  <attribute name="DerivativeT" value="inf" />
  <attribute name="DerivativeI" value="inf" />
  <attribute name="DerivativeH" value="inf" />
  <attribute name="Loop Time for DT" value="0.000000" />
  <attribute name="Output H" value="8388608"/>
  <attribute name="Output I" value="200"/>
  <attribute name="Output T" value="1"/>
  <attribute name="Target GC Util Change" value ="20.000000" />
  <attribute name="Current GC Util Change" value="157.000000"/>
  <attribute name="GC Util currently" value="157" />
  <attribute name="CPU Util currently" value="13246147363322" />
<exclusive-end id="6723" timestamp="2019-06-16T00:36:36.667" durationms="3.811" />

<exclusive-start id="6724" timestamp="2019-06-16T00:36:36.680" intervalms="17.470">
  <response-info timems="0.073" idlems="0.073" threads="0" lastid="0000000001627700" lastname="main" />
</exclusive-start>
<allocation-taxation id="6725" taxation-threshold="15728640" timestamp="2019-06-16T00:36:36.680" intervalms="17.573" />
<gc-start id="6726" type="global mark phase" contextid="6603" timestamp="2019-06-16T00:36:36.681">
  <mem-info id="6727" free="44040192" total="99614720" percent="44">
    <remembered-set count="70336" freebytes="3694976" totalbytes="3976320" percent="92" regionsoverflowed="0" regionsstable="0" regionsrebuilding="18"/>
  </mem-info>
</gc-start>
<gc-end id="6728" type="global mark phase" contextid="6603" durationms="0.159" usertimems="0.000" systemtimems="0.000" timestamp="2019-06-16T00:36:36.681" activeThreads="1">
  <mem-info id="6729" free="44040192" total="99614720" percent="44">
    <remembered-set count="70336" freebytes="3694976" totalbytes="3976320" percent="92" regionsoverflowed="0" regionsstable="0" regionsrebuilding="18"/>
  </mem-info>
</gc-end>
<concurrent-start id="6730" type="GMP work packet processing" contextid="6603" timestamp="2019-06-16T00:36:36.681">
  <concurrent-mark-start scanTarget="1048576" />
</concurrent-start>
<exclusive-end id="6731" timestamp="2019-06-16T00:36:36.681" durationms="0.948" />

<concurrent-end id="6732" type="GMP work packet processing" contextid="6603" timestamp="2019-06-16T00:36:36.682">
  <concurrent-mark-end bytesScanned="1082672" reasonForTermination="Work target met" />
</concurrent-end>

<exclusive-start id="6733" timestamp="2019-06-16T00:36:36.706" intervalms="26.013">
  <response-info timems="0.009" idlems="0.009" threads="0" lastid="0000000001627700" lastname="main" />
</exclusive-start>
<allocation-taxation id="6734" taxation-threshold="15728640" timestamp="2019-06-16T00:36:36.706" intervalms="25.944" />
<cycle-start id="6735" type="partial gc" contextid="0" timestamp="2019-06-16T00:36:36.707" intervalms="43.532" />
<gc-start id="6736" type="partial gc" contextid="6735" timestamp="2019-06-16T00:36:36.707">
  <mem-info id="6737" free="28311552" total="99614720" percent="28">
    <mem type="eden" free="1048536" total="32505856" percent="3" />
    <remembered-set count="78048" freebytes="3664128" totalbytes="3976320" percent="92" regionsoverflowed="0" regionsstable="0" regionsrebuilding="18"/>
  </mem-info>
</gc-start>
<allocation-stats totalBytes="31419656" >
  <allocated-bytes non-tlh="0" tlh="31419656" arrayletleaf="0"/>
  <largest-consumer threadName="main" threadId="0000000001627700" bytes="15712560" />
</allocation-stats>
<gc-op id="6738" type="copy forward" timems="2.886" contextid="6735" timestamp="2019-06-16T00:36:36.711">
  <memory-copied type="eden" objects="39" bytes="1560" bytesdiscarded="1320" />
  <memory-copied type="other" objects="0" bytes="0" bytesdiscarded="0" />
  <memory-cardclean objects="95" bytes="2904" />
  <regions eden="30" other="1" />
  <remembered-set-cleared processed="75237" cleared="49" durationms="0.285" />
  <stringconstants candidates="13269" cleared="0"  />
</gc-op>
<gc-op id="6739" type="classunload" timems="0.003" contextid="6735" timestamp="2019-06-16T00:36:36.711">
  <classunload-info classloadercandidates="53" classloadersunloaded="0" classesunloaded="0" anonymousclassesunloaded="0" quiescems="0.000" setupms="0.003" scanms="0.000" postms="0.000" />
</gc-op>
<gc-end id="6740" type="partial gc" contextid="6735" durationms="3.920" usertimems="4.000" systemtimems="0.000" timestamp="2019-06-16T00:36:36.711" activeThreads="4">
  <mem-info id="6741" free="59768832" total="99614720" percent="60">
    <mem type="eden" free="1045696" total="1048576" percent="99" />
    <remembered-set count="78720" freebytes="3661440" totalbytes="3976320" percent="92" regionsoverflowed="0" regionsstable="0" regionsrebuilding="18"/>
  </mem-info>
</gc-end>
<cycle-end id="6742" type="partial gc" contextid="6735" timestamp="2019-06-16T00:36:36.711" />
  <attribute name="elasticGC enabled" value="1" />
  <attribute name= "numThreadsSpecified" value="4" />
  <attribute name="heapSize specified" value="0" />
  <attribute name="Current GC Util" value="157" />
  <attribute name= "Current Time Running" value="26374" />
  <attribute name ="GC Interval" value="0" />
  <attribute name="ProportionalT" value="205.500000" />
  <attribute name="ProportionalI" value="205.500000" />
  <attribute name="ProportionalH" value="205.500000" />
  <attribute name="Current Error" value="137.000000" />
  <attribute name="IntegralT" value="137.000000" />
  <attribute name="IntegralI" value="137.000000" />
  <attribute name="IntegralH" value="137.000000" />
  <attribute name="DerivativeT" value="68.500000" />
  <attribute name="DerivativeI" value="68.500000" />
  <attribute name="DerivativeH" value="68.500000" />
  <attribute name="Loop Time for DT" value="1.000000" />
  <attribute name="Output H" value="8388608"/>
  <attribute name="Output I" value="416"/>
  <attribute name="Output T" value="4"/>
  <attribute name="Target GC Util Change" value ="20.000000" />
  <attribute name="Current GC Util Change" value="157.000000"/>
  <attribute name="GC Util currently" value="157" />
  <attribute name="CPU Util currently" value="12947881908038" />
<exclusive-end id="6743" timestamp="2019-06-16T00:36:36.711" durationms="4.892" />

<exclusive-start id="6744" timestamp="2019-06-16T00:36:36.736" intervalms="29.812">
  <response-info timems="0.078" idlems="0.078" threads="0" lastid="0000000001627700" lastname="main" />
</exclusive-start>
<allocation-taxation id="6745" taxation-threshold="15728640" timestamp="2019-06-16T00:36:36.736" intervalms="29.821" />
<gc-start id="6746" type="global mark phase" contextid="6603" timestamp="2019-06-16T00:36:36.736">
  <mem-info id="6747" free="44040192" total="99614720" percent="44">
    <remembered-set count="78720" freebytes="3661440" totalbytes="3976320" percent="92" regionsoverflowed="0" regionsstable="0" regionsrebuilding="18"/>
  </mem-info>
</gc-start>
<gc-end id="6748" type="global mark phase" contextid="6603" durationms="0.188" usertimems="0.000" systemtimems="0.000" timestamp="2019-06-16T00:36:36.737" activeThreads="4">
  <mem-info id="6749" free="44040192" total="99614720" percent="44">
    <remembered-set count="78720" freebytes="3661440" totalbytes="3976320" percent="92" regionsoverflowed="0" regionsstable="0" regionsrebuilding="18"/>
  </mem-info>
</gc-end>
<concurrent-start id="6750" type="GMP work packet processing" contextid="6603" timestamp="2019-06-16T00:36:36.737">
  <concurrent-mark-start scanTarget="1498253" />
</concurrent-start>
<exclusive-end id="6751" timestamp="2019-06-16T00:36:36.737" durationms="0.872" />

<concurrent-end id="6752" type="GMP work packet processing" contextid="6603" timestamp="2019-06-16T00:36:36.738">
  <concurrent-mark-end bytesScanned="1541728" reasonForTermination="Work target met" />
</concurrent-end>

<exclusive-start id="6753" timestamp="2019-06-16T00:36:36.762" intervalms="25.488">
  <response-info timems="0.140" idlems="0.140" threads="0" lastid="0000000001627700" lastname="main" />
</exclusive-start>
<allocation-taxation id="6754" taxation-threshold="15728640" timestamp="2019-06-16T00:36:36.762" intervalms="25.480" />
<cycle-start id="6755" type="partial gc" contextid="0" timestamp="2019-06-16T00:36:36.762" intervalms="55.298" />
<gc-start id="6756" type="partial gc" contextid="6755" timestamp="2019-06-16T00:36:36.762">
  <mem-info id="6757" free="28311552" total="99614720" percent="28">
    <mem type="eden" free="0" total="31457280" percent="0" />
    <remembered-set count="97216" freebytes="3587456" totalbytes="3976320" percent="90" regionsoverflowed="0" regionsstable="0" regionsrebuilding="18"/>
  </mem-info>
</gc-start>
<allocation-stats totalBytes="31424656" >
  <allocated-bytes non-tlh="0" tlh="31424656" arrayletleaf="0"/>
  <largest-consumer threadName="main" threadId="0000000001627700" bytes="15712952" />
</allocation-stats>
<gc-op id="6758" type="copy forward" timems="1.815" contextid="6755" timestamp="2019-06-16T00:36:36.765">
  <memory-copied type="eden" objects="29" bytes="2096" bytesdiscarded="0" />
  <memory-copied type="other" objects="13" bytes="312" bytesdiscarded="0" />
  <memory-cardclean objects="87" bytes="2776" />
  <regions eden="30" other="1" />
  <remembered-set-cleared processed="94279" cleared="53" durationms="0.650" />
  <stringconstants candidates="13269" cleared="0"  />
</gc-op>
<gc-op id="6759" type="classunload" timems="0.004" contextid="6755" timestamp="2019-06-16T00:36:36.765">
  <classunload-info classloadercandidates="53" classloadersunloaded="0" classesunloaded="0" anonymousclassesunloaded="0" quiescems="0.000" setupms="0.004" scanms="0.000" postms="0.000" />
</gc-op>
<gc-end id="6760" type="partial gc" contextid="6755" durationms="3.121" usertimems="4.000" systemtimems="0.000" timestamp="2019-06-16T00:36:36.765" activeThreads="1">
  <mem-info id="6761" free="58720256" total="99614720" percent="58">
    <mem type="eden" free="1046480" total="1048576" percent="99" />
    <remembered-set count="97344" freebytes="3586944" totalbytes="3976320" percent="90" regionsoverflowed="0" regionsstable="0" regionsrebuilding="18"/>
  </mem-info>
</gc-end>
<cycle-end id="6762" type="partial gc" contextid="6755" timestamp="2019-06-16T00:36:36.765" />
  <attribute name="elasticGC enabled" value="1" />
  <attribute name= "numThreadsSpecified" value="1" />
  <attribute name="heapSize specified" value="0" />
  <attribute name="Current GC Util" value="169" />
  <attribute name= "Current Time Running" value="26429" />
  <attribute name ="GC Interval" value="0" />
  <attribute name="ProportionalT" value="223.500000" />
  <attribute name="ProportionalI" value="223.500000" />
  <attribute name="ProportionalH" value="223.500000" />
  <attribute name="Current Error" value="149.000000" />
  <attribute name="IntegralT" value="0.000000" />
  <attribute name="IntegralI" value="0.000000" />
  <attribute name="IntegralH" value="0.000000" />
  <attribute name="DerivativeT" value="inf" />
  <attribute name="DerivativeI" value="inf" />
  <attribute name="DerivativeH" value="inf" />
  <attribute name="Loop Time for DT" value="0.000000" />
  <attribute name="Output H" value="8388608"/>
  <attribute name="Output I" value="200"/>
  <attribute name="Output T" value="1"/>
  <attribute name="Target GC Util Change" value ="20.000000" />
  <attribute name="Current GC Util Change" value="169.000000"/>
  <attribute name="GC Util currently" value="169" />
  <attribute name="CPU Util currently" value="11328362980663" />
<exclusive-end id="6763" timestamp="2019-06-16T00:36:36.766" durationms="4.135" />

<exclusive-start id="6764" timestamp="2019-06-16T00:36:36.772" intervalms="10.339">
  <response-info timems="0.080" idlems="0.080" threads="0" lastid="0000000001627700" lastname="main" />
</exclusive-start>
<allocation-taxation id="6765" taxation-threshold="15728640" timestamp="2019-06-16T00:36:36.772" intervalms="10.430" />
<gc-start id="6766" type="global mark phase" contextid="6603" timestamp="2019-06-16T00:36:36.772">
  <mem-info id="6767" free="42991616" total="99614720" percent="43">
    <remembered-set count="96928" freebytes="3588608" totalbytes="3976320" percent="90" regionsoverflowed="0" regionsstable="0" regionsrebuilding="18"/>
  </mem-info>
</gc-start>
<gc-end id="6768" type="global mark phase" contextid="6603" durationms="0.227" usertimems="0.000" systemtimems="0.000" timestamp="2019-06-16T00:36:36.773" activeThreads="1">
  <mem-info id="6769" free="42991616" total="99614720" percent="43">
    <remembered-set count="96928" freebytes="3588608" totalbytes="3976320" percent="90" regionsoverflowed="0" regionsstable="0" regionsrebuilding="18"/>
  </mem-info>
</gc-end>
<concurrent-start id="6770" type="GMP work packet processing" contextid="6603" timestamp="2019-06-16T00:36:36.773">
  <concurrent-mark-start scanTarget="1048576" />
</concurrent-start>
<exclusive-end id="6771" timestamp="2019-06-16T00:36:36.773" durationms="1.045" />

<concurrent-end id="6772" type="GMP work packet processing" contextid="6603" timestamp="2019-06-16T00:36:36.774">
  <concurrent-mark-end bytesScanned="1085008" reasonForTermination="Work target met" />
</concurrent-end>

<exclusive-start id="6773" timestamp="2019-06-16T00:36:36.779" intervalms="7.216">
  <response-info timems="0.079" idlems="0.079" threads="0" lastid="0000000001627700" lastname="main" />
</exclusive-start>
<allocation-taxation id="6774" taxation-threshold="15728640" timestamp="2019-06-16T00:36:36.779" intervalms="7.142" />
<cycle-start id="6775" type="partial gc" contextid="0" timestamp="2019-06-16T00:36:36.779" intervalms="17.593" />
<gc-start id="6776" type="partial gc" contextid="6775" timestamp="2019-06-16T00:36:36.780">
  <mem-info id="6777" free="27262976" total="99614720" percent="27">
    <mem type="eden" free="1046480" total="32505856" percent="3" />
    <remembered-set count="107392" freebytes="3546752" totalbytes="3976320" percent="89" regionsoverflowed="0" regionsstable="0" regionsrebuilding="18"/>
  </mem-info>
</gc-start>
<allocation-stats totalBytes="31433056" >
  <allocated-bytes non-tlh="0" tlh="31433056" arrayletleaf="0"/>
  <largest-consumer threadName="main" threadId="0000000001627700" bytes="15717184" />
</allocation-stats>
<gc-op id="6778" type="copy forward" timems="1.802" contextid="6775" timestamp="2019-06-16T00:36:36.782">
  <memory-copied type="eden" objects="5" bytes="336" bytesdiscarded="0" />
  <memory-copied type="other" objects="24" bytes="1200" bytesdiscarded="0" />
  <memory-cardclean objects="50" bytes="1744" />
  <regions eden="30" other="1" />
  <remembered-set-cleared processed="104680" cleared="40" durationms="0.693" />
  <stringconstants candidates="13269" cleared="0"  />
</gc-op>
<gc-op id="6779" type="classunload" timems="0.003" contextid="6775" timestamp="2019-06-16T00:36:36.783">
  <classunload-info classloadercandidates="53" classloadersunloaded="0" classesunloaded="0" anonymousclassesunloaded="0" quiescems="0.000" setupms="0.003" scanms="0.000" postms="0.000" />
</gc-op>
<gc-end id="6780" type="partial gc" contextid="6775" durationms="3.086" usertimems="4.000" systemtimems="0.000" timestamp="2019-06-16T00:36:36.783" activeThreads="1">
  <mem-info id="6781" free="57671680" total="99614720" percent="57">
    <mem type="eden" free="2095616" total="2097152" percent="99" />
    <remembered-set count="107840" freebytes="3544960" totalbytes="3976320" percent="89" regionsoverflowed="0" regionsstable="0" regionsrebuilding="18"/>
  </mem-info>
</gc-end>
<cycle-end id="6782" type="partial gc" contextid="6775" timestamp="2019-06-16T00:36:36.783" />
  <attribute name="elasticGC enabled" value="1" />
  <attribute name= "numThreadsSpecified" value="1" />
  <attribute name="heapSize specified" value="0" />
  <attribute name="Current GC Util" value="158" />
  <attribute name= "Current Time Running" value="26446" />
  <attribute name ="GC Interval" value="0" />
  <attribute name="ProportionalT" value="207.000000" />
  <attribute name="ProportionalI" value="207.000000" />
  <attribute name="ProportionalH" value="207.000000" />
  <attribute name="Current Error" value="138.000000" />
  <attribute name="IntegralT" value="0.000000" />
  <attribute name="IntegralI" value="0.000000" />
  <attribute name="IntegralH" value="0.000000" />
  <attribute name="DerivativeT" value="inf" />
  <attribute name="DerivativeI" value="inf" />
  <attribute name="DerivativeH" value="inf" />
  <attribute name="Loop Time for DT" value="0.000000" />
  <attribute name="Output H" value="8388608"/>
  <attribute name="Output I" value="200"/>
  <attribute name="Output T" value="1"/>
  <attribute name="Target GC Util Change" value ="20.000000" />
  <attribute name="Current GC Util Change" value="158.000000"/>
  <attribute name="GC Util currently" value="158" />
  <attribute name="CPU Util currently" value="13454484284607" />
<exclusive-end id="6783" timestamp="2019-06-16T00:36:36.783" durationms="4.176" />

<exclusive-start id="6784" timestamp="2019-06-16T00:36:36.789" intervalms="10.321">
  <response-info timems="0.080" idlems="0.080" threads="0" lastid="0000000001627700" lastname="main" />
</exclusive-start>
<allocation-taxation id="6785" taxation-threshold="15728640" timestamp="2019-06-16T00:36:36.790" intervalms="10.318" />
<gc-start id="6786" type="global mark phase" contextid="6603" timestamp="2019-06-16T00:36:36.790">
  <mem-info id="6787" free="41943040" total="99614720" percent="42">
    <remembered-set count="107424" freebytes="3546624" totalbytes="3976320" percent="89" regionsoverflowed="0" regionsstable="0" regionsrebuilding="18"/>
  </mem-info>
</gc-start>
<gc-end id="6788" type="global mark phase" contextid="6603" durationms="0.152" usertimems="0.000" systemtimems="0.000" timestamp="2019-06-16T00:36:36.790" activeThreads="1">
  <mem-info id="6789" free="41943040" total="99614720" percent="42">
    <remembered-set count="107424" freebytes="3546624" totalbytes="3976320" percent="89" regionsoverflowed="0" regionsstable="0" regionsrebuilding="18"/>
  </mem-info>
</gc-end>
<concurrent-start id="6790" type="GMP work packet processing" contextid="6603" timestamp="2019-06-16T00:36:36.790">
  <concurrent-mark-start scanTarget="1048576" />
</concurrent-start>
<exclusive-end id="6791" timestamp="2019-06-16T00:36:36.790" durationms="0.895" />

<concurrent-end id="6792" type="GMP work packet processing" contextid="6603" timestamp="2019-06-16T00:36:36.791">
  <concurrent-mark-end bytesScanned="1097616" reasonForTermination="Work target met" />
</concurrent-end>

<exclusive-start id="6793" timestamp="2019-06-16T00:36:36.797" intervalms="7.090">
  <response-info timems="0.063" idlems="0.063" threads="0" lastid="0000000001627700" lastname="main" />
</exclusive-start>
<allocation-taxation id="6794" taxation-threshold="15728640" timestamp="2019-06-16T00:36:36.797" intervalms="7.083" />
<cycle-start id="6795" type="partial gc" contextid="0" timestamp="2019-06-16T00:36:36.797" intervalms="17.383" />
<gc-start id="6796" type="partial gc" contextid="6795" timestamp="2019-06-16T00:36:36.797">
  <mem-info id="6797" free="26214400" total="99614720" percent="26">
    <mem type="eden" free="1048240" total="32505856" percent="3" />
    <remembered-set count="119808" freebytes="3497088" totalbytes="3976320" percent="87" regionsoverflowed="0" regionsstable="0" regionsrebuilding="18"/>
  </mem-info>
</gc-start>
<allocation-stats totalBytes="31434480" >
  <allocated-bytes non-tlh="0" tlh="31434480" arrayletleaf="0"/>
  <largest-consumer threadName="main" threadId="0000000001627700" bytes="15717232" />
</allocation-stats>
<gc-op id="6798" type="copy forward" timems="3.891" contextid="6795" timestamp="2019-06-16T00:36:36.802">
  <memory-copied type="eden" objects="4" bytes="288" bytesdiscarded="0" />
  <memory-copied type="other" objects="0" bytes="0" bytesdiscarded="0" />
  <memory-cardclean objects="8" bytes="288" />
  <regions eden="30" other="1" />
  <remembered-set-cleared processed="116770" cleared="9" durationms="0.394" />
  <stringconstants candidates="13269" cleared="0"  />
</gc-op>
<gc-op id="6799" type="classunload" timems="0.016" contextid="6795" timestamp="2019-06-16T00:36:36.802">
  <classunload-info classloadercandidates="53" classloadersunloaded="0" classesunloaded="0" anonymousclassesunloaded="0" quiescems="0.000" setupms="0.016" scanms="0.000" postms="0.000" />
</gc-op>
<heap-resize id="6800" type="expand" space="default" amount="5242880" count="1" timems="0.066" reason="excessive time being spent in gc" timestamp="2019-06-16T00:36:36.802" />
<gc-end id="6801" type="partial gc" contextid="6795" durationms="5.224" usertimems="8.000" systemtimems="0.000" timestamp="2019-06-16T00:36:36.802" activeThreads="4">
  <mem-info id="6802" free="62914560" total="104857600" percent="60">
    <mem type="eden" free="1048288" total="1048576" percent="99" />
    <remembered-set count="119456" freebytes="3707776" totalbytes="4185600" percent="88" regionsoverflowed="0" regionsstable="0" regionsrebuilding="18"/>
  </mem-info>
</gc-end>
<cycle-end id="6803" type="partial gc" contextid="6795" timestamp="2019-06-16T00:36:36.803" />
  <attribute name="elasticGC enabled" value="1" />
  <attribute name= "numThreadsSpecified" value="4" />
  <attribute name="heapSize specified" value="0" />
  <attribute name="Current GC Util" value="156" />
  <attribute name= "Current Time Running" value="26464" />
  <attribute name ="GC Interval" value="0" />
  <attribute name="ProportionalT" value="204.000000" />
  <attribute name="ProportionalI" value="204.000000" />
  <attribute name="ProportionalH" value="204.000000" />
  <attribute name="Current Error" value="136.000000" />
  <attribute name="IntegralT" value="136.000000" />
  <attribute name="IntegralI" value="136.000000" />
  <attribute name="IntegralH" value="136.000000" />
  <attribute name="DerivativeT" value="55.000000" />
  <attribute name="DerivativeI" value="55.000000" />
  <attribute name="DerivativeH" value="55.000000" />
  <attribute name="Loop Time for DT" value="1.000000" />
  <attribute name="Output H" value="8388608"/>
  <attribute name="Output I" value="400"/>
  <attribute name="Output T" value="4"/>
  <attribute name="Target GC Util Change" value ="20.000000" />
  <attribute name="Current GC Util Change" value="156.000000"/>
  <attribute name="GC Util currently" value="156" />
  <attribute name="CPU Util currently" value="13519565251872" />
<exclusive-end id="6804" timestamp="2019-06-16T00:36:36.803" durationms="6.240" />

<exclusive-start id="6805" timestamp="2019-06-16T00:36:36.814" intervalms="17.539">
  <response-info timems="0.081" idlems="0.081" threads="0" lastid="0000000001627700" lastname="main" />
</exclusive-start>
<allocation-taxation id="6806" taxation-threshold="15728640" timestamp="2019-06-16T00:36:36.814" intervalms="17.550" />
<gc-start id="6807" type="global mark phase" contextid="6603" timestamp="2019-06-16T00:36:36.814">
  <mem-info id="6808" free="47185920" total="104857600" percent="45">
    <remembered-set count="119456" freebytes="3707776" totalbytes="4185600" percent="88" regionsoverflowed="0" regionsstable="0" regionsrebuilding="18"/>
  </mem-info>
</gc-start>
<gc-end id="6809" type="global mark phase" contextid="6603" durationms="0.153" usertimems="0.000" systemtimems="0.000" timestamp="2019-06-16T00:36:36.815" activeThreads="4">
  <mem-info id="6810" free="47185920" total="104857600" percent="45">
    <remembered-set count="119456" freebytes="3707776" totalbytes="4185600" percent="88" regionsoverflowed="0" regionsstable="0" regionsrebuilding="18"/>
  </mem-info>
</gc-end>
<concurrent-start id="6811" type="GMP work packet processing" contextid="6603" timestamp="2019-06-16T00:36:36.815">
  <concurrent-mark-start scanTarget="1498253" />
</concurrent-start>
<exclusive-end id="6812" timestamp="2019-06-16T00:36:36.815" durationms="0.727" />

<concurrent-end id="6813" type="GMP work packet processing" contextid="6603" timestamp="2019-06-16T00:36:36.816">
  <concurrent-mark-end bytesScanned="1425576" reasonForTermination="Completed all work in GC phase" />
</concurrent-end>

<exclusive-start id="6814" timestamp="2019-06-16T00:36:36.836" intervalms="22.132">
  <response-info timems="0.077" idlems="0.077" threads="0" lastid="0000000001627700" lastname="main" />
</exclusive-start>
<allocation-taxation id="6815" taxation-threshold="15728640" timestamp="2019-06-16T00:36:36.836" intervalms="22.119" />
<cycle-start id="6816" type="partial gc" contextid="0" timestamp="2019-06-16T00:36:36.837" intervalms="39.648" />
<gc-start id="6817" type="partial gc" contextid="6816" timestamp="2019-06-16T00:36:36.837">
  <mem-info id="6818" free="31457280" total="104857600" percent="30">
    <mem type="eden" free="1048288" total="32505856" percent="3" />
    <remembered-set count="127648" freebytes="3675008" totalbytes="4185600" percent="87" regionsoverflowed="0" regionsstable="0" regionsrebuilding="18"/>
  </mem-info>
</gc-start>
<allocation-stats totalBytes="31414672" >
  <allocated-bytes non-tlh="0" tlh="31414672" arrayletleaf="0"/>
  <largest-consumer threadName="main" threadId="0000000001627700" bytes="15702056" />
</allocation-stats>
<gc-op id="6819" type="copy forward" timems="1.949" contextid="6816" timestamp="2019-06-16T00:36:36.840">
  <memory-copied type="eden" objects="37" bytes="4248" bytesdiscarded="0" />
  <memory-copied type="other" objects="0" bytes="0" bytesdiscarded="0" />
  <memory-cardclean objects="71" bytes="2272" />
  <regions eden="30" other="1" />
  <remembered-set-cleared processed="124668" cleared="35" durationms="0.832" />
  <stringconstants candidates="13269" cleared="0"  />
</gc-op>
<gc-op id="6820" type="classunload" timems="0.004" contextid="6816" timestamp="2019-06-16T00:36:36.840">
  <classunload-info classloadercandidates="53" classloadersunloaded="0" classesunloaded="0" anonymousclassesunloaded="0" quiescems="0.000" setupms="0.003" scanms="0.000" postms="0.000" />
</gc-op>
<gc-end id="6821" type="partial gc" contextid="6816" durationms="3.130" usertimems="4.000" systemtimems="0.000" timestamp="2019-06-16T00:36:36.840" activeThreads="1">
  <mem-info id="6822" free="62914560" total="104857600" percent="60">
    <mem type="eden" free="1044328" total="1048576" percent="99" />
    <remembered-set count="128064" freebytes="3673344" totalbytes="4185600" percent="87" regionsoverflowed="0" regionsstable="0" regionsrebuilding="18"/>
  </mem-info>
</gc-end>
<cycle-end id="6823" type="partial gc" contextid="6816" timestamp="2019-06-16T00:36:36.840" />
  <attribute name="elasticGC enabled" value="1" />
  <attribute name= "numThreadsSpecified" value="1" />
  <attribute name="heapSize specified" value="0" />
  <attribute name="Current GC Util" value="211" />
  <attribute name= "Current Time Running" value="26503" />
  <attribute name ="GC Interval" value="0" />
  <attribute name="ProportionalT" value="286.500000" />
  <attribute name="ProportionalI" value="286.500000" />
  <attribute name="ProportionalH" value="286.500000" />
  <attribute name="Current Error" value="191.000000" />
  <attribute name="IntegralT" value="0.000000" />
  <attribute name="IntegralI" value="0.000000" />
  <attribute name="IntegralH" value="0.000000" />
  <attribute name="DerivativeT" value="inf" />
  <attribute name="DerivativeI" value="inf" />
  <attribute name="DerivativeH" value="inf" />
  <attribute name="Loop Time for DT" value="0.000000" />
  <attribute name="Output H" value="8388608"/>
  <attribute name="Output I" value="200"/>
  <attribute name="Output T" value="1"/>
  <attribute name="Target GC Util Change" value ="20.000000" />
  <attribute name="Current GC Util Change" value="211.000000"/>
  <attribute name="GC Util currently" value="211" />
  <attribute name="CPU Util currently" value="13904860223856" />
<exclusive-end id="6824" timestamp="2019-06-16T00:36:36.840" durationms="4.153" />

<exclusive-start id="6825" timestamp="2019-06-16T00:36:36.862" intervalms="25.807">
  <response-info timems="0.072" idlems="0.072" threads="0" lastid="0000000001627700" lastname="main" />
</exclusive-start>
<allocation-taxation id="6826" taxation-threshold="15728640" timestamp="2019-06-16T00:36:36.862" intervalms="25.813" />
<gc-start id="6827" type="global mark phase" contextid="6603" timestamp="2019-06-16T00:36:36.862">
  <mem-info id="6828" free="47185920" total="104857600" percent="45">
    <remembered-set count="127616" freebytes="3675136" totalbytes="4185600" percent="87" regionsoverflowed="0" regionsstable="0" regionsrebuilding="18"/>
  </mem-info>
</gc-start>
<gc-op id="6829" type="mark increment" timems="2.602" contextid="6603" timestamp="2019-06-16T00:36:36.865">
  <trace-info objectcount="54" scancount="49" scanbytes="1304" />
  <cardclean-info objects="95" bytes="2892" />
  <finalization candidates="80" enqueued="0" />
  <ownableSynchronizers candidates="21" cleared="0" />
  <references type="soft" candidates="1846" cleared="0" enqueued="0" dynamicThreshold="19" maxThreshold="32" />
  <references type="weak" candidates="5748" cleared="0" enqueued="0" />
  <references type="phantom" candidates="101" cleared="0" enqueued="0" />
  <stringconstants candidates="13269" cleared="0"  />
</gc-op>
<gc-op id="6830" type="classunload" timems="0.006" contextid="6603" timestamp="2019-06-16T00:36:36.865">
  <classunload-info classloadercandidates="53" classloadersunloaded="0" classesunloaded="0" anonymousclassesunloaded="0" quiescems="0.000" setupms="0.006" scanms="0.000" postms="0.000" />
</gc-op>
<gc-end id="6831" type="global mark phase" contextid="6603" durationms="2.944" usertimems="8.000" systemtimems="0.000" timestamp="2019-06-16T00:36:36.865" activeThreads="4">
  <mem-info id="6832" free="47185920" total="104857600" percent="45">
    <remembered-set count="128640" freebytes="3671040" totalbytes="4185600" percent="87" regionsoverflowed="0" regionsstable="0" regionsrebuilding="0"/>
  </mem-info>
</gc-end>
<cycle-end id="6833" type="global mark phase" contextid="6603" timestamp="2019-06-16T00:36:36.865" />
  <attribute name="elasticGC enabled" value="1" />
  <attribute name= "numThreadsSpecified" value="4" />
  <attribute name="heapSize specified" value="0" />
  <attribute name="Current GC Util" value="205" />
  <attribute name= "Current Time Running" value="26529" />
  <attribute name ="GC Interval" value="0" />
  <attribute name="ProportionalT" value="277.500000" />
  <attribute name="ProportionalI" value="277.500000" />
  <attribute name="ProportionalH" value="277.500000" />
  <attribute name="Current Error" value="185.000000" />
  <attribute name="IntegralT" value="0.000000" />
  <attribute name="IntegralI" value="0.000000" />
  <attribute name="IntegralH" value="0.000000" />
  <attribute name="DerivativeT" value="-inf" />
  <attribute name="DerivativeI" value="-inf" />
  <attribute name="DerivativeH" value="-inf" />
  <attribute name="Loop Time for DT" value="0.000000" />
  <attribute name="Output H" value="2091843584"/>
  <attribute name="Output I" value="200"/>
  <attribute name="Output T" value="4"/>
  <attribute name="Target GC Util Change" value ="20.000000" />
  <attribute name="Current GC Util Change" value="205.000000"/>
  <attribute name="GC Util currently" value="205" />
  <attribute name="CPU Util currently" value="10570133766964" />
<exclusive-end id="6834" timestamp="2019-06-16T00:36:36.866" durationms="3.551" />

<exclusive-start id="6835" timestamp="2019-06-16T00:36:36.887" intervalms="25.249">
  <response-info timems="0.082" idlems="0.082" threads="0" lastid="0000000001627700" lastname="main" />
</exclusive-start>
<allocation-taxation id="6836" taxation-threshold="15728640" timestamp="2019-06-16T00:36:36.887" intervalms="25.302" />
<cycle-start id="6837" type="partial gc" contextid="0" timestamp="2019-06-16T00:36:36.888" intervalms="51.135" />
<gc-start id="6838" type="partial gc" contextid="6837" timestamp="2019-06-16T00:36:36.888">
  <mem-info id="6839" free="31457280" total="104857600" percent="30">
    <mem type="eden" free="0" total="31457280" percent="0" />
    <remembered-set count="76704" freebytes="3878784" totalbytes="4185600" percent="92" regionsoverflowed="0" regionsstable="12" regionsrebuilding="0"/>
  </mem-info>
</gc-start>
<allocation-stats totalBytes="31404936" >
  <allocated-bytes non-tlh="0" tlh="31404936" arrayletleaf="0"/>
  <largest-consumer threadName="main" threadId="0000000001627700" bytes="15702584" />
</allocation-stats>
<gc-op id="6840" type="sweep" timems="0.990" contextid="6837" timestamp="2019-06-16T00:36:36.889" />
<gc-op id="6841" type="copy forward" timems="3.304" contextid="6837" timestamp="2019-06-16T00:36:36.893">
  <memory-copied type="eden" objects="2" bytes="1048" bytesdiscarded="0" />
  <memory-copied type="other" objects="88" bytes="5712" bytesdiscarded="131256" />
  <memory-cardclean objects="114" bytes="12208" />
  <regions eden="15" other="4" />
  <remembered-set-cleared processed="75003" cleared="142" durationms="0.411" />
  <references type="weak" candidates="30" cleared="0" enqueued="0" />
  <stringconstants candidates="13269" cleared="0"  />
</gc-op>
<gc-op id="6842" type="classunload" timems="0.005" contextid="6837" timestamp="2019-06-16T00:36:36.893">
  <classunload-info classloadercandidates="53" classloadersunloaded="0" classesunloaded="0" anonymousclassesunloaded="0" quiescems="0.000" setupms="0.004" scanms="0.000" postms="0.000" />
</gc-op>
<gc-end id="6843" type="partial gc" contextid="6837" durationms="5.587" usertimems="8.000" systemtimems="0.000" timestamp="2019-06-16T00:36:36.893" activeThreads="4">
  <mem-info id="6844" free="61865984" total="104857600" percent="59">
    <mem type="eden" free="1047528" total="1048576" percent="99" />
    <remembered-set count="77984" freebytes="3873664" totalbytes="4185600" percent="92" regionsoverflowed="0" regionsstable="12" regionsrebuilding="0"/>
  </mem-info>
</gc-end>
<cycle-end id="6845" type="partial gc" contextid="6837" timestamp="2019-06-16T00:36:36.894" />
  <attribute name="elasticGC enabled" value="1" />
  <attribute name= "numThreadsSpecified" value="4" />
  <attribute name="heapSize specified" value="0" />
  <attribute name="Current GC Util" value="170" />
  <attribute name= "Current Time Running" value="26556" />
  <attribute name ="GC Interval" value="0" />
  <attribute name="ProportionalT" value="225.000000" />
  <attribute name="ProportionalI" value="225.000000" />
  <attribute name="ProportionalH" value="225.000000" />
  <attribute name="Current Error" value="150.000000" />
  <attribute name="IntegralT" value="150.000000" />
  <attribute name="IntegralI" value="150.000000" />
  <attribute name="IntegralH" value="150.000000" />
  <attribute name="DerivativeT" value="6.000000" />
  <attribute name="DerivativeI" value="6.000000" />
  <attribute name="DerivativeH" value="6.000000" />
  <attribute name="Loop Time for DT" value="1.000000" />
  <attribute name="Output H" value="8388608"/>
  <attribute name="Output I" value="384"/>
  <attribute name="Output T" value="4"/>
  <attribute name="Target GC Util Change" value ="20.000000" />
  <attribute name="Current GC Util Change" value="170.000000"/>
