<?xml version="1.0" ?>

<verbosegc xmlns="http://www.ibm.com/j9/verbosegc" version="08cc62e_CMPRSS">

<initialized id="1" timestamp="2019-08-02T21:30:09.635">
  <attribute name="gcPolicy" value="-Xgcpolicy:gencon" />
  <attribute name="elasticGC enabled" value="1" />
  <attribute name= "numThreadsSpecified" value="0" />
  <attribute name="heapSize specified" value="0" />
  <attribute name= "numCores" value="0" />
  <attribute name ="GC Interval" value="0" />
  <attribute name="GC Util Range Max" value="0" />
  <attribute name="Current GC Util" value="0" />
  <attribute name= "Current Time Running" value="0" />
  <attribute name="maxHeapSize" value="0x7cba0000" />
  <attribute name="initialHeapSize" value="0x800000" />
  <attribute name="compressedRefs" value="true" />
  <attribute name="compressedRefsDisplacement" value="0x0" />
  <attribute name="compressedRefsShift" value="0x0" />
  <attribute name="pageSize" value="0x1000" />
  <attribute name="pageType" value="not used" />
  <attribute name="requestedPageSize" value="0x1000" />
  <attribute name="requestedPageType" value="not used" />
  <attribute name="gcthreads" value="8" />
  <attribute name="gcthreads Concurrent Mark" value="1" />
  <attribute name="packetListSplit" value="8" />
  <attribute name="cacheListSplit" value="8" />
  <attribute name="splitFreeListSplitAmount" value="1" />
  <attribute name="numaNodes" value="0" />
  <system>
    <attribute name="physicalMemory" value="8370401280" />
    <attribute name="numCPUs" value="8" />
    <attribute name="architecture" value="amd64" />
    <attribute name="os" value="Linux" />
    <attribute name="osVersion" value="4.4.0-154-generic" />
  </system>
  <vmargs>
    <vmarg name="-Xoptionsfile=/vagrant/jdk/lib/options.default" />
    <vmarg name="-Xlockword:mode=default,noLockword=java/lang/String,noLockword=java/util/MapEntry,noLockword=java/util/HashMap$Entry,noLockword..." />
    <vmarg name="-Xjcl:jclse29" />
    <vmarg name="-Dcom.ibm.oti.vm.bootstrap.library.path=/vagrant/jdk/lib/compressedrefs:/vagrant/jdk/lib" />
    <vmarg name="-Dsun.boot.library.path=/vagrant/jdk/lib/compressedrefs:/vagrant/jdk/lib" />
    <vmarg name="-Djava.library.path=/vagrant/jdk/lib/compressedrefs:/vagrant/jdk/lib:/usr/lib64:/usr/lib" />
    <vmarg name="-Djava.home=/vagrant/jdk" />
    <vmarg name="-Duser.dir=/vagrant" />
    <vmarg name="-Xgcelastic" />
    <vmarg name="-Xcheck:gc:::elasticGC" />
    <vmarg name="-verbose:gc" />
    <vmarg name="-Xloggc:jdkD-small-GEN-8core-verbose3pmd.txt" />
    <vmarg name="-Djava.class.path=dacapo-9.12-MR1-bach.jar" />
    <vmarg name="-Dsun.java.command=dacapo-9.12-MR1-bach.jar pmd --size=small" />
    <vmarg name="-Dsun.java.launcher=SUN_STANDARD" />
    <vmarg name="-Dsun.java.launcher.pid=24676" />
  </vmargs>
</initialized>

<exclusive-start id="2" timestamp="2019-08-02T21:30:09.825" intervalms="190.246">
  <response-info timems="0.025" idlems="0.025" threads="0" lastid="000000000224FA00" lastname="main" />
</exclusive-start>
<af-start id="3" threadId="0000000002250388" totalBytesRequested="7184" timestamp="2019-08-02T21:30:09.826" intervalms="190.549" type="nursery" />
<cycle-start id="4" type="scavenge" contextid="0" timestamp="2019-08-02T21:30:09.826" intervalms="190.837" />
<gc-start id="5" type="scavenge" contextid="4" timestamp="2019-08-02T21:30:09.826">
  <mem-info id="6" free="6062624" total="8388608" percent="72">
    <mem type="nursery" free="0" total="2097152" percent="0">
      <mem type="allocate" free="0" total="1048576" percent="0" />
      <mem type="survivor" free="0" total="1048576" percent="0" />
    </mem>
    <mem type="tenure" free="6062624" total="6291456" percent="96">
      <mem type="soa" free="5748256" total="5977088" percent="96" />
      <mem type="loa" free="314368" total="314368" percent="100" />
    </mem>
    <remembered-set count="3161" />
  </mem-info>
</gc-start>
<allocation-stats totalBytes="1272328" >
  <allocated-bytes non-tlh="344784" tlh="927544" />
  <largest-consumer threadName="main" threadId="000000000224FA00" bytes="1179384" />
</allocation-stats>
<gc-op id="7" type="scavenge" timems="4.785" contextid="4" timestamp="2019-08-02T21:30:09.831">
  <scavenger-info tenureage="2" tenuremask="fffc" tiltratio="50" />
  <memory-copied type="nursery" objects="10594" bytes="471048" bytesdiscarded="138352" />
  <finalization candidates="11" enqueued="0" />
  <references type="soft" candidates="62" cleared="0" enqueued="0" dynamicThreshold="32" maxThreshold="32" />
  <references type="weak" candidates="307" cleared="176" enqueued="140" />
  <references type="phantom" candidates="22" cleared="5" enqueued="5" />
</gc-op>
<gc-end id="8" type="scavenge" contextid="4" durationms="5.236" usertimems="4.000" systemtimems="0.000" timestamp="2019-08-02T21:30:09.832" activeThreads="8">
  <mem-info id="9" free="6499680" total="8388608" percent="77">
    <mem type="nursery" free="437056" total="2097152" percent="20">
      <mem type="allocate" free="437056" total="1048576" percent="41" />
      <mem type="survivor" free="0" total="1048576" percent="0" />
    </mem>
    <mem type="tenure" free="6062624" total="6291456" percent="96">
      <mem type="soa" free="5748256" total="5977088" percent="96" />
      <mem type="loa" free="314368" total="314368" percent="100" />
    </mem>
    <pending-finalizers system="0" default="0" reference="145" classloader="0" />
    <remembered-set count="3161" />
  </mem-info>
</gc-end>
<cycle-end id="10" type="scavenge" contextid="4" timestamp="2019-08-02T21:30:09.832" />
  <attribute name="elasticGC enabled" value="1" />
  <attribute name= "numThreadsSpecified" value="0" />
  <attribute name="heapSize specified" value="0" />
  <attribute name= "numCores" value="8" />
  <attribute name ="GC Interval" value="0" />
  <attribute name ="Control flow" value="1" />
  <attribute name="GC Util Range Max" value="10" />
  <attribute name="Current GC Util" value="0" />
  <attribute name= "Current Time Running" value="0" />
<allocation-satisfied id="11" threadId="000000000224FA00" bytesRequested="7184" />
<af-end id="12" timestamp="2019-08-02T21:30:09.832" threadId="0000000002250388" success="true" from="nursery"/>
<exclusive-end id="13" timestamp="2019-08-02T21:30:09.832" durationms="6.685" />

<exclusive-start id="14" timestamp="2019-08-02T21:30:09.854" intervalms="28.253">
  <response-info timems="0.032" idlems="0.032" threads="0" lastid="000000000224FA00" lastname="main" />
</exclusive-start>
<af-start id="15" threadId="0000000002250388" totalBytesRequested="15200" timestamp="2019-08-02T21:30:09.854" intervalms="28.058" type="nursery" />
<cycle-start id="16" type="scavenge" contextid="0" timestamp="2019-08-02T21:30:09.854" intervalms="27.839" />
<gc-start id="17" type="scavenge" contextid="16" timestamp="2019-08-02T21:30:09.854">
  <mem-info id="18" free="6054888" total="8388608" percent="72">
    <mem type="nursery" free="0" total="2097152" percent="0">
      <mem type="allocate" free="0" total="1048576" percent="0" />
      <mem type="survivor" free="0" total="1048576" percent="0" />
    </mem>
    <mem type="tenure" free="6054888" total="6291456" percent="96">
      <mem type="soa" free="5740520" total="5977088" percent="96" />
      <mem type="loa" free="314368" total="314368" percent="100" />
    </mem>
    <remembered-set count="3262" />
  </mem-info>
</gc-start>
<allocation-stats totalBytes="434272" >
  <allocated-bytes non-tlh="14920" tlh="419352" />
  <largest-consumer threadName="main" threadId="000000000224FA00" bytes="422296" />
</allocation-stats>
<gc-op id="19" type="scavenge" timems="0.895" contextid="16" timestamp="2019-08-02T21:30:09.855">
  <scavenger-info tenureage="5" tenuremask="7fe0" tiltratio="50" />
  <memory-copied type="nursery" objects="10917" bytes="487696" bytesdiscarded="68768" />
  <finalization candidates="11" enqueued="0" />
  <references type="soft" candidates="62" cleared="0" enqueued="0" dynamicThreshold="32" maxThreshold="32" />
  <references type="weak" candidates="241" cleared="96" enqueued="93" />
  <references type="phantom" candidates="37" cleared="12" enqueued="12" />
</gc-op>
<gc-end id="20" type="scavenge" contextid="16" durationms="1.092" usertimems="4.000" systemtimems="0.000" timestamp="2019-08-02T21:30:09.855" activeThreads="8">
  <mem-info id="21" free="6545504" total="8388608" percent="78">
    <mem type="nursery" free="490616" total="2097152" percent="23">
      <mem type="allocate" free="490616" total="1048576" percent="46" />
      <mem type="survivor" free="0" total="1048576" percent="0" />
    </mem>
    <mem type="tenure" free="6054888" total="6291456" percent="96">
      <mem type="soa" free="5740520" total="5977088" percent="96" />
      <mem type="loa" free="314368" total="314368" percent="100" />
    </mem>
    <pending-finalizers system="0" default="0" reference="105" classloader="0" />
    <remembered-set count="3262" />
  </mem-info>
</gc-end>
<cycle-end id="22" type="scavenge" contextid="16" timestamp="2019-08-02T21:30:09.855" />
  <attribute name="elasticGC enabled" value="1" />
  <attribute name= "numThreadsSpecified" value="0" />
  <attribute name="heapSize specified" value="0" />
  <attribute name= "numCores" value="8" />
  <attribute name ="GC Interval" value="0" />
  <attribute name ="Control flow" value="1" />
  <attribute name="GC Util Range Max" value="24" />
  <attribute name="Current GC Util" value="24" />
  <attribute name= "Current Time Running" value="27" />
<allocation-satisfied id="23" threadId="000000000224FA00" bytesRequested="15200" />
<af-end id="24" timestamp="2019-08-02T21:30:09.855" threadId="0000000002250388" success="true" from="nursery"/>
<exclusive-end id="25" timestamp="2019-08-02T21:30:09.855" durationms="1.600" />

<exclusive-start id="26" timestamp="2019-08-02T21:30:09.866" intervalms="12.795">
  <response-info timems="0.060" idlems="0.060" threads="0" lastid="000000000224FA00" lastname="main" />
</exclusive-start>
<af-start id="27" threadId="0000000002250388" totalBytesRequested="15368" timestamp="2019-08-02T21:30:09.867" intervalms="12.822" type="nursery" />
<cycle-start id="28" type="scavenge" contextid="0" timestamp="2019-08-02T21:30:09.867" intervalms="12.883" />
<gc-start id="29" type="scavenge" contextid="28" timestamp="2019-08-02T21:30:09.867">
  <mem-info id="30" free="6052200" total="8388608" percent="72">
    <mem type="nursery" free="0" total="2097152" percent="0">
      <mem type="allocate" free="0" total="1048576" percent="0" />
      <mem type="survivor" free="0" total="1048576" percent="0" />
    </mem>
    <mem type="tenure" free="6052200" total="6291456" percent="96">
      <mem type="soa" free="5737832" total="5977088" percent="95" />
      <mem type="loa" free="314368" total="314368" percent="100" />
    </mem>
    <remembered-set count="3295" />
  </mem-info>
</gc-start>
<allocation-stats totalBytes="466872" >
  <allocated-bytes non-tlh="17888" tlh="448984" />
  <largest-consumer threadName="main" threadId="000000000224FA00" bytes="458680" />
</allocation-stats>
<gc-op id="31" type="scavenge" timems="0.969" contextid="28" timestamp="2019-08-02T21:30:09.868">
  <scavenger-info tenureage="4" tenuremask="7ff0" tiltratio="50" />
  <memory-copied type="nursery" objects="10967" bytes="570520" bytesdiscarded="23576" />
  <finalization candidates="11" enqueued="0" />
  <references type="soft" candidates="62" cleared="0" enqueued="0" dynamicThreshold="32" maxThreshold="32" />
  <references type="weak" candidates="225" cleared="77" enqueued="77" />
  <references type="phantom" candidates="40" cleared="11" enqueued="11" />
</gc-op>
<gc-end id="32" type="scavenge" contextid="28" durationms="1.220" usertimems="0.000" systemtimems="0.000" timestamp="2019-08-02T21:30:09.868" activeThreads="8">
  <mem-info id="33" free="6505184" total="8388608" percent="77">
    <mem type="nursery" free="452984" total="2097152" percent="21">
      <mem type="allocate" free="452984" total="1048576" percent="43" />
      <mem type="survivor" free="0" total="1048576" percent="0" />
    </mem>
    <mem type="tenure" free="6052200" total="6291456" percent="96">
      <mem type="soa" free="5737832" total="5977088" percent="95" />
      <mem type="loa" free="314368" total="314368" percent="100" />
    </mem>
    <pending-finalizers system="0" default="0" reference="88" classloader="0" />
    <remembered-set count="1025" />
  </mem-info>
</gc-end>
<cycle-end id="34" type="scavenge" contextid="28" timestamp="2019-08-02T21:30:09.868" />
  <attribute name="elasticGC enabled" value="1" />
  <attribute name= "numThreadsSpecified" value="0" />
  <attribute name="heapSize specified" value="0" />
  <attribute name= "numCores" value="8" />
  <attribute name ="GC Interval" value="0" />
  <attribute name ="Control flow" value="1" />
  <attribute name="GC Util Range Max" value="24" />
  <attribute name="Current GC Util" value="13" />
  <attribute name= "Current Time Running" value="40" />
<allocation-satisfied id="35" threadId="000000000224FA00" bytesRequested="15368" />
<af-end id="36" timestamp="2019-08-02T21:30:09.868" threadId="0000000002250388" success="true" from="nursery"/>
<exclusive-end id="37" timestamp="2019-08-02T21:30:09.868" durationms="1.949" />

<exclusive-start id="38" timestamp="2019-08-02T21:30:09.940" intervalms="73.580">
  <response-info timems="0.033" idlems="0.033" threads="0" lastid="000000000224FA00" lastname="main" />
</exclusive-start>
<af-start id="39" threadId="0000000002250388" totalBytesRequested="2056" timestamp="2019-08-02T21:30:09.940" intervalms="73.576" type="nursery" />
<cycle-start id="40" type="scavenge" contextid="0" timestamp="2019-08-02T21:30:09.940" intervalms="73.553" />
<gc-start id="41" type="scavenge" contextid="40" timestamp="2019-08-02T21:30:09.940">
  <mem-info id="42" free="6048488" total="8388608" percent="72">
    <mem type="nursery" free="0" total="2097152" percent="0">
      <mem type="allocate" free="0" total="1048576" percent="0" />
      <mem type="survivor" free="0" total="1048576" percent="0" />
    </mem>
    <mem type="tenure" free="6048488" total="6291456" percent="96">
      <mem type="soa" free="5734120" total="5977088" percent="95" />
      <mem type="loa" free="314368" total="314368" percent="100" />
    </mem>
    <remembered-set count="1091" />
  </mem-info>
</gc-start>
<allocation-stats totalBytes="453520" >
  <allocated-bytes non-tlh="62128" tlh="391392" />
  <largest-consumer threadName="main" threadId="000000000224FA00" bytes="453520" />
</allocation-stats>
<gc-op id="43" type="scavenge" timems="1.424" contextid="40" timestamp="2019-08-02T21:30:09.942">
  <scavenger-info tenureage="3" tenuremask="fff8" tiltratio="50" />
  <memory-copied type="nursery" objects="837" bytes="168872" bytesdiscarded="93000" />
  <memory-copied type="tenure" objects="10315" bytes="461976" bytesdiscarded="344" />
  <finalization candidates="13" enqueued="0" />
  <references type="soft" candidates="1" cleared="0" enqueued="0" dynamicThreshold="32" maxThreshold="32" />
  <references type="weak" candidates="63" cleared="47" enqueued="47" />
  <references type="phantom" candidates="24" cleared="11" enqueued="11" />
</gc-op>
<gc-end id="44" type="scavenge" contextid="40" durationms="1.618" usertimems="0.000" systemtimems="0.000" timestamp="2019-08-02T21:30:09.942" activeThreads="1">
  <mem-info id="45" free="6323488" total="8388608" percent="75">
    <mem type="nursery" free="786632" total="2097152" percent="37">
      <mem type="allocate" free="786632" total="1048576" percent="75" />
      <mem type="survivor" free="0" total="1048576" percent="0" />
    </mem>
    <mem type="tenure" free="5536856" total="6291456" percent="88">
      <mem type="soa" free="5222488" total="5977088" percent="87" />
      <mem type="loa" free="314368" total="314368" percent="100" />
    </mem>
    <pending-finalizers system="0" default="0" reference="58" classloader="0" />
    <remembered-set count="214" />
  </mem-info>
</gc-end>
<cycle-end id="46" type="scavenge" contextid="40" timestamp="2019-08-02T21:30:09.942" />
  <attribute name="elasticGC enabled" value="1" />
  <attribute name= "numThreadsSpecified" value="1" />
  <attribute name="heapSize specified" value="0" />
  <attribute name= "numCores" value="8" />
  <attribute name ="GC Interval" value="0" />
  <attribute name ="Control flow" value="1" />
  <attribute name="GC Util Range Max" value="24" />
  <attribute name="Current GC Util" value="2" />
  <attribute name= "Current Time Running" value="113" />
<allocation-satisfied id="47" threadId="000000000224FA00" bytesRequested="2056" />
<af-end id="48" timestamp="2019-08-02T21:30:09.942" threadId="0000000002250388" success="true" from="nursery"/>
<exclusive-end id="49" timestamp="2019-08-02T21:30:09.942" durationms="2.173" />

<exclusive-start id="50" timestamp="2019-08-02T21:30:10.099" intervalms="159.053">
  <response-info timems="0.030" idlems="0.030" threads="0" lastid="000000000224FA00" lastname="main" />
</exclusive-start>
<af-start id="51" threadId="0000000002250388" totalBytesRequested="2056" timestamp="2019-08-02T21:30:10.099" intervalms="159.014" type="nursery" />
<cycle-start id="52" type="scavenge" contextid="0" timestamp="2019-08-02T21:30:10.099" intervalms="158.971" />
<gc-start id="53" type="scavenge" contextid="52" timestamp="2019-08-02T21:30:10.099">
  <mem-info id="54" free="5535936" total="8388608" percent="65">
    <mem type="nursery" free="0" total="2097152" percent="0">
      <mem type="allocate" free="0" total="1048576" percent="0" />
      <mem type="survivor" free="0" total="1048576" percent="0" />
    </mem>
    <mem type="tenure" free="5535936" total="6291456" percent="87">
      <mem type="soa" free="5221568" total="5977088" percent="87" />
      <mem type="loa" free="314368" total="314368" percent="100" />
    </mem>
    <remembered-set count="230" />
  </mem-info>
</gc-start>
<allocation-stats totalBytes="784864" >
  <allocated-bytes non-tlh="2976" tlh="781888" />
  <largest-consumer threadName="main" threadId="000000000224FA00" bytes="784864" />
</allocation-stats>
<gc-op id="55" type="scavenge" timems="0.425" contextid="52" timestamp="2019-08-02T21:30:10.100">
  <scavenger-info tenureage="3" tenuremask="7ff8" tiltratio="50" />
  <memory-copied type="nursery" objects="480" bytes="103896" bytesdiscarded="15600" />
  <memory-copied type="tenure" objects="306" bytes="15296" bytesdiscarded="0" />
  <finalization candidates="3" enqueued="1" />
  <references type="soft" candidates="1" cleared="0" enqueued="0" dynamicThreshold="32" maxThreshold="32" />
  <references type="weak" candidates="6" cleared="4" enqueued="4" />
  <references type="phantom" candidates="8" cleared="2" enqueued="2" />
</gc-op>
<gc-end id="56" type="scavenge" contextid="52" durationms="0.598" usertimems="0.000" systemtimems="0.000" timestamp="2019-08-02T21:30:10.100" activeThreads="2">
  <mem-info id="57" free="6441128" total="8388608" percent="76">
    <mem type="nursery" free="929000" total="2097152" percent="44">
      <mem type="allocate" free="929000" total="1048576" percent="88" />
      <mem type="survivor" free="0" total="1048576" percent="0" />
    </mem>
    <mem type="tenure" free="5512128" total="6291456" percent="87">
      <mem type="soa" free="5197760" total="5977088" percent="86" />
      <mem type="loa" free="314368" total="314368" percent="100" />
    </mem>
    <pending-finalizers system="1" default="0" reference="6" classloader="0" />
    <remembered-set count="178" />
  </mem-info>
</gc-end>
<cycle-end id="58" type="scavenge" contextid="52" timestamp="2019-08-02T21:30:10.100" />
  <attribute name="elasticGC enabled" value="1" />
  <attribute name= "numThreadsSpecified" value="2" />
  <attribute name="heapSize specified" value="0" />
  <attribute name= "numCores" value="8" />
  <attribute name ="GC Interval" value="0" />
  <attribute name ="Control flow" value="1" />
  <attribute name="GC Util Range Max" value="24" />
  <attribute name="Current GC Util" value="1" />
  <attribute name= "Current Time Running" value="272" />
<allocation-satisfied id="59" threadId="000000000224FA00" bytesRequested="2056" />
<af-end id="60" timestamp="2019-08-02T21:30:10.100" threadId="0000000002250388" success="true" from="nursery"/>
<exclusive-end id="61" timestamp="2019-08-02T21:30:10.100" durationms="1.035" />

<exclusive-start id="62" timestamp="2019-08-02T21:30:10.223" intervalms="123.724">
  <response-info timems="0.038" idlems="0.038" threads="0" lastid="000000000224FA00" lastname="main" />
</exclusive-start>
<af-start id="63" threadId="0000000002250388" totalBytesRequested="2056" timestamp="2019-08-02T21:30:10.223" intervalms="123.735" type="nursery" />
<cycle-start id="64" type="scavenge" contextid="0" timestamp="2019-08-02T21:30:10.223" intervalms="123.744" />
<gc-start id="65" type="scavenge" contextid="64" timestamp="2019-08-02T21:30:10.223">
  <mem-info id="66" free="5512128" total="8388608" percent="65">
    <mem type="nursery" free="0" total="2097152" percent="0">
      <mem type="allocate" free="0" total="1048576" percent="0" />
      <mem type="survivor" free="0" total="1048576" percent="0" />
    </mem>
    <mem type="tenure" free="5512128" total="6291456" percent="87">
      <mem type="soa" free="5197760" total="5977088" percent="86" />
      <mem type="loa" free="314368" total="314368" percent="100" />
    </mem>
    <remembered-set count="180" />
  </mem-info>
</gc-start>
<allocation-stats totalBytes="921248" >
  <allocated-bytes non-tlh="2056" tlh="919192" />
  <largest-consumer threadName="main" threadId="000000000224FA00" bytes="921248" />
</allocation-stats>
<gc-op id="67" type="scavenge" timems="0.251" contextid="64" timestamp="2019-08-02T21:30:10.223">
  <scavenger-info tenureage="4" tenuremask="fff0" tiltratio="50" />
  <memory-copied type="nursery" objects="458" bytes="86688" bytesdiscarded="1832" />
  <finalization candidates="2" enqueued="0" />
  <references type="soft" candidates="1" cleared="0" enqueued="0" dynamicThreshold="32" maxThreshold="32" />
  <references type="weak" candidates="2" cleared="0" enqueued="0" />
  <references type="phantom" candidates="6" cleared="0" enqueued="0" />
</gc-op>
<gc-end id="68" type="scavenge" contextid="64" durationms="0.457" usertimems="0.000" systemtimems="0.000" timestamp="2019-08-02T21:30:10.223" activeThreads="3">
  <mem-info id="69" free="6537640" total="8388608" percent="77">
    <mem type="nursery" free="1025512" total="2097152" percent="48">
      <mem type="allocate" free="1025512" total="1114112" percent="92" />
      <mem type="survivor" free="0" total="983040" percent="0" />
    </mem>
    <mem type="tenure" free="5512128" total="6291456" percent="87">
      <mem type="soa" free="5197760" total="5977088" percent="86" />
      <mem type="loa" free="314368" total="314368" percent="100" />
    </mem>
    <remembered-set count="115" />
  </mem-info>
</gc-end>
<cycle-end id="70" type="scavenge" contextid="64" timestamp="2019-08-02T21:30:10.224" />
  <attribute name="elasticGC enabled" value="1" />
  <attribute name= "numThreadsSpecified" value="3" />
  <attribute name="heapSize specified" value="0" />
  <attribute name= "numCores" value="8" />
  <attribute name ="GC Interval" value="0" />
  <attribute name ="Control flow" value="1" />
  <attribute name="GC Util Range Max" value="24" />
  <attribute name="Current GC Util" value="0" />
  <attribute name= "Current Time Running" value="396" />
<allocation-satisfied id="71" threadId="000000000224FA00" bytesRequested="2056" />
<af-end id="72" timestamp="2019-08-02T21:30:10.224" threadId="0000000002250388" success="true" from="nursery"/>
<exclusive-end id="73" timestamp="2019-08-02T21:30:10.224" durationms="0.971" />

<exclusive-start id="74" timestamp="2019-08-02T21:30:10.379" intervalms="156.023">
  <response-info timems="0.033" idlems="0.033" threads="0" lastid="000000000224FA00" lastname="main" />
</exclusive-start>
<af-start id="75" threadId="0000000002250388" totalBytesRequested="2056" timestamp="2019-08-02T21:30:10.379" intervalms="156.021" type="nursery" />
<cycle-start id="76" type="scavenge" contextid="0" timestamp="2019-08-02T21:30:10.379" intervalms="156.014" />
<gc-start id="77" type="scavenge" contextid="76" timestamp="2019-08-02T21:30:10.379">
  <mem-info id="78" free="5512128" total="8388608" percent="65">
    <mem type="nursery" free="0" total="2097152" percent="0">
      <mem type="allocate" free="0" total="1114112" percent="0" />
      <mem type="survivor" free="0" total="983040" percent="0" />
    </mem>
    <mem type="tenure" free="5512128" total="6291456" percent="87">
      <mem type="soa" free="5197760" total="5977088" percent="86" />
      <mem type="loa" free="314368" total="314368" percent="100" />
    </mem>
    <remembered-set count="115" />
  </mem-info>
</gc-start>
<allocation-stats totalBytes="1009032" >
  <allocated-bytes non-tlh="2056" tlh="1006976" />
  <largest-consumer threadName="main" threadId="000000000224FA00" bytes="1009032" />
</allocation-stats>
<gc-op id="79" type="scavenge" timems="0.275" contextid="76" timestamp="2019-08-02T21:30:10.379">
  <scavenger-info tenureage="4" tenuremask="fff0" tiltratio="53" />
  <memory-copied type="nursery" objects="426" bytes="84760" bytesdiscarded="3760" />
  <memory-copied type="tenure" objects="32" bytes="1888" bytesdiscarded="0" />
  <finalization candidates="2" enqueued="0" />
  <references type="soft" candidates="1" cleared="0" enqueued="0" dynamicThreshold="32" maxThreshold="32" />
  <references type="weak" candidates="1" cleared="0" enqueued="0" />
  <references type="phantom" candidates="5" cleared="0" enqueued="0" />
</gc-op>
<gc-end id="80" type="scavenge" contextid="76" durationms="0.467" usertimems="0.000" systemtimems="0.000" timestamp="2019-08-02T21:30:10.379" activeThreads="4">
  <mem-info id="81" free="6710440" total="8388608" percent="79">
    <mem type="nursery" free="1222120" total="2097152" percent="58">
      <mem type="allocate" free="1222120" total="1310720" percent="93" />
      <mem type="survivor" free="0" total="786432" percent="0" />
    </mem>
    <mem type="tenure" free="5488320" total="6291456" percent="87">
      <mem type="soa" free="5173952" total="5977088" percent="86" />
      <mem type="loa" free="314368" total="314368" percent="100" />
    </mem>
    <remembered-set count="90" />
  </mem-info>
</gc-end>
<cycle-end id="82" type="scavenge" contextid="76" timestamp="2019-08-02T21:30:10.380" />
  <attribute name="elasticGC enabled" value="1" />
  <attribute name= "numThreadsSpecified" value="4" />
  <attribute name="heapSize specified" value="0" />
  <attribute name= "numCores" value="8" />
  <attribute name ="GC Interval" value="0" />
  <attribute name ="Control flow" value="1" />
  <attribute name="GC Util Range Max" value="24" />
  <attribute name="Current GC Util" value="0" />
  <attribute name= "Current Time Running" value="552" />
<allocation-satisfied id="83" threadId="000000000224FA00" bytesRequested="2056" />
<af-end id="84" timestamp="2019-08-02T21:30:10.380" threadId="0000000002250388" success="true" from="nursery"/>
<exclusive-end id="85" timestamp="2019-08-02T21:30:10.380" durationms="0.919" />

<exclusive-start id="86" timestamp="2019-08-02T21:30:10.481" intervalms="102.581">
  <response-info timems="0.070" idlems="0.070" threads="0" lastid="000000000224FA00" lastname="main" />
</exclusive-start>
<af-start id="87" threadId="0000000002250388" totalBytesRequested="408" timestamp="2019-08-02T21:30:10.481" intervalms="102.587" type="nursery" />
<cycle-start id="88" type="scavenge" contextid="0" timestamp="2019-08-02T21:30:10.482" intervalms="102.622" />
<gc-start id="89" type="scavenge" contextid="88" timestamp="2019-08-02T21:30:10.482">
  <mem-info id="90" free="5486872" total="8388608" percent="65">
    <mem type="nursery" free="0" total="2097152" percent="0">
      <mem type="allocate" free="0" total="1310720" percent="0" />
      <mem type="survivor" free="0" total="786432" percent="0" />
    </mem>
    <mem type="tenure" free="5486872" total="6291456" percent="87">
      <mem type="soa" free="5172504" total="5977088" percent="86" />
      <mem type="loa" free="314368" total="314368" percent="100" />
    </mem>
    <remembered-set count="113" />
  </mem-info>
</gc-start>
<allocation-stats totalBytes="1222912" >
  <allocated-bytes non-tlh="171640" tlh="1051272" />
  <largest-consumer threadName="main" threadId="000000000224FA00" bytes="1222912" />
</allocation-stats>
<gc-op id="91" type="scavenge" timems="0.396" contextid="88" timestamp="2019-08-02T21:30:10.482">
  <scavenger-info tenureage="3" tenuremask="ffd8" tiltratio="62" />
  <memory-copied type="nursery" objects="472" bytes="322120" bytesdiscarded="43984" />
  <memory-copied type="tenure" objects="370" bytes="63336" bytesdiscarded="0" />
  <finalization candidates="2" enqueued="0" />
  <references type="soft" candidates="1" cleared="0" enqueued="0" dynamicThreshold="32" maxThreshold="32" />
  <references type="weak" candidates="18" cleared="17" enqueued="17" />
  <references type="phantom" candidates="25" cleared="0" enqueued="0" />
</gc-op>
<gc-end id="92" type="scavenge" contextid="88" durationms="0.604" usertimems="0.000" systemtimems="0.000" timestamp="2019-08-02T21:30:10.482" activeThreads="5">
  <mem-info id="93" free="6406888" total="8388608" percent="76">
    <mem type="nursery" free="944608" total="2097152" percent="45">
      <mem type="allocate" free="944608" total="1310720" percent="72" />
      <mem type="survivor" free="0" total="786432" percent="0" />
    </mem>
    <mem type="tenure" free="5462280" total="6291456" percent="86">
      <mem type="soa" free="5147912" total="5977088" percent="86" />
      <mem type="loa" free="314368" total="314368" percent="100" />
    </mem>
    <pending-finalizers system="0" default="0" reference="17" classloader="0" />
    <remembered-set count="101" />
  </mem-info>
</gc-end>
<cycle-end id="94" type="scavenge" contextid="88" timestamp="2019-08-02T21:30:10.482" />
  <attribute name="elasticGC enabled" value="1" />
  <attribute name= "numThreadsSpecified" value="5" />
  <attribute name="heapSize specified" value="0" />
  <attribute name= "numCores" value="8" />
  <attribute name ="GC Interval" value="0" />
  <attribute name ="Control flow" value="1" />
  <attribute name="GC Util Range Max" value="24" />
  <attribute name="Current GC Util" value="0" />
  <attribute name= "Current Time Running" value="655" />
<allocation-satisfied id="95" threadId="000000000224FA00" bytesRequested="408" />
<af-end id="96" timestamp="2019-08-02T21:30:10.482" threadId="0000000002250388" success="true" from="nursery"/>
<exclusive-end id="97" timestamp="2019-08-02T21:30:10.482" durationms="1.128" />

<exclusive-start id="98" timestamp="2019-08-02T21:30:10.509" intervalms="27.523">
  <response-info timems="0.039" idlems="0.039" threads="0" lastid="000000000224FA00" lastname="main" />
</exclusive-start>
<sys-start reason="explicit" id="99" timestamp="2019-08-02T21:30:10.509" intervalms="873.866" />
<cycle-start id="100" type="global" contextid="0" timestamp="2019-08-02T21:30:10.509" intervalms="874.168" />
<gc-start id="101" type="global" contextid="100" timestamp="2019-08-02T21:30:10.509">
  <mem-info id="102" free="6023480" total="8388608" percent="71">
    <mem type="nursery" free="575560" total="2097152" percent="27">
      <mem type="allocate" free="575560" total="1310720" percent="43" />
      <mem type="survivor" free="0" total="786432" percent="0" />
    </mem>
    <mem type="tenure" free="5447920" total="6291456" percent="86">
      <mem type="soa" free="5133552" total="5977088" percent="85" />
      <mem type="loa" free="314368" total="314368" percent="100" />
    </mem>
    <remembered-set count="347" />
  </mem-info>
</gc-start>
<allocation-stats totalBytes="371616" >
  <allocated-bytes non-tlh="14768" tlh="356848" />
  <largest-consumer threadName="main" threadId="000000000224FA00" bytes="371616" />
</allocation-stats>
<gc-op id="103" type="mark" timems="1.678" contextid="100" timestamp="2019-08-02T21:30:10.511">
  <trace-info objectcount="19100" scancount="15793" scanbytes="515596" />
  <finalization candidates="45" enqueued="0" />
  <ownableSynchronizers candidates="4" cleared="3" />
  <references type="soft" candidates="66" cleared="0" enqueued="0" dynamicThreshold="32" maxThreshold="32" />
  <references type="weak" candidates="615" cleared="247" enqueued="169" />
  <references type="phantom" candidates="55" cleared="3" enqueued="3" />
  <stringconstants candidates="2485" cleared="0"  />
</gc-op>
<gc-op id="104" type="classunload" timems="0.152" contextid="100" timestamp="2019-08-02T21:30:10.512">
  <classunload-info classloadercandidates="6" classloadersunloaded="0" classesunloaded="0" anonymousclassesunloaded="0" quiescems="0.000" setupms="0.152" scanms="0.000" postms="0.000" />
</gc-op>
<gc-op id="105" type="sweep" timems="0.620" contextid="100" timestamp="2019-08-02T21:30:10.512" />
<gc-end id="106" type="global" contextid="100" durationms="3.856" usertimems="4.000" systemtimems="0.000" timestamp="2019-08-02T21:30:10.513" activeThreads="4">
  <mem-info id="107" free="6346624" total="8388608" percent="75">
    <mem type="nursery" free="856256" total="2097152" percent="40">
      <mem type="allocate" free="856256" total="1310720" percent="65" />
      <mem type="survivor" free="0" total="786432" percent="0" />
    </mem>
    <mem type="tenure" free="5490368" total="6291456" percent="87" micro-fragmented="0" macro-fragmented="0">
      <mem type="soa" free="5176000" total="5977088" percent="86" />
      <mem type="loa" free="314368" total="314368" percent="100" />
    </mem>
    <pending-finalizers system="0" default="0" reference="172" classloader="0" />
    <remembered-set count="336" />
  </mem-info>
</gc-end>
<cycle-end id="108" type="global" contextid="100" timestamp="2019-08-02T21:30:10.513" />
  <attribute name="elasticGC enabled" value="1" />
  <attribute name= "numThreadsSpecified" value="4" />
  <attribute name="heapSize specified" value="0" />
  <attribute name= "numCores" value="8" />
  <attribute name ="GC Interval" value="0" />
  <attribute name ="Control flow" value="1" />
  <attribute name="GC Util Range Max" value="24" />
  <attribute name="Current GC Util" value="40" />
  <attribute name= "Current Time Running" value="685" />
<sys-end id="109" timestamp="2019-08-02T21:30:10.513" />
<exclusive-end id="110" timestamp="2019-08-02T21:30:10.513" durationms="4.542" />

<exclusive-start id="111" timestamp="2019-08-02T21:30:10.547" intervalms="37.787">
  <response-info timems="0.032" idlems="0.032" threads="0" lastid="000000000224FA00" lastname="main" />
</exclusive-start>
<af-start id="112" threadId="0000000002250388" totalBytesRequested="3080" timestamp="2019-08-02T21:30:10.569" intervalms="87.533" type="nursery" />
<cycle-start id="113" type="scavenge" contextid="0" timestamp="2019-08-02T21:30:10.569" intervalms="87.533" />
<gc-start id="114" type="scavenge" contextid="113" timestamp="2019-08-02T21:30:10.569">
  <mem-info id="115" free="5470232" total="8388608" percent="65">
    <mem type="nursery" free="0" total="2097152" percent="0">
      <mem type="allocate" free="0" total="1310720" percent="0" />
      <mem type="survivor" free="0" total="786432" percent="0" />
    </mem>
    <mem type="tenure" free="5470232" total="6291456" percent="86">
      <mem type="soa" free="5155864" total="5977088" percent="86" />
      <mem type="loa" free="314368" total="314368" percent="100" />
    </mem>
    <remembered-set count="604" />
  </mem-info>
</gc-start>
<allocation-stats totalBytes="839832" >
  <allocated-bytes non-tlh="130256" tlh="709576" />
  <largest-consumer threadName="main" threadId="000000000224FA00" bytes="835488" />
</allocation-stats>
<gc-op id="116" type="scavenge" timems="0.740" contextid="113" timestamp="2019-08-02T21:30:10.570">
  <scavenger-info tenureage="3" tenuremask="ffc8" tiltratio="62" />
  <memory-copied type="nursery" objects="3138" bytes="478440" bytesdiscarded="139144" />
  <finalization candidates="32" enqueued="0" />
  <ownableSynchronizers candidates="1" cleared="0" />
  <references type="soft" candidates="5" cleared="0" enqueued="0" dynamicThreshold="27" maxThreshold="32" />
  <references type="weak" candidates="286" cleared="43" enqueued="43" />
  <references type="phantom" candidates="32" cleared="2" enqueued="2" />
</gc-op>
<gc-end id="117" type="scavenge" contextid="113" durationms="1.113" usertimems="0.000" systemtimems="0.000" timestamp="2019-08-02T21:30:10.570" activeThreads="5">
  <mem-info id="118" free="6228696" total="8388608" percent="74">
    <mem type="nursery" free="758464" total="2097152" percent="36">
      <mem type="allocate" free="758464" total="1376256" percent="55" />
      <mem type="survivor" free="0" total="720896" percent="0" />
    </mem>
    <mem type="tenure" free="5470232" total="6291456" percent="86">
      <mem type="soa" free="5155864" total="5977088" percent="86" />
      <mem type="loa" free="314368" total="314368" percent="100" />
    </mem>
    <pending-finalizers system="0" default="0" reference="45" classloader="0" />
    <remembered-set count="600" />
  </mem-info>
</gc-end>
<cycle-end id="119" type="scavenge" contextid="113" timestamp="2019-08-02T21:30:10.570" />
  <attribute name="elasticGC enabled" value="1" />
  <attribute name= "numThreadsSpecified" value="5" />
  <attribute name="heapSize specified" value="0" />
  <attribute name= "numCores" value="8" />
  <attribute name ="GC Interval" value="0" />
  <attribute name ="Control flow" value="1" />
  <attribute name="GC Util Range Max" value="24" />
  <attribute name="Current GC Util" value="4" />
  <attribute name= "Current Time Running" value="742" />
<allocation-satisfied id="120" threadId="000000000224FA00" bytesRequested="3080" />
<af-end id="121" timestamp="2019-08-02T21:30:10.571" threadId="0000000002250388" success="true" from="nursery"/>
<exclusive-end id="122" timestamp="2019-08-02T21:30:10.571" durationms="23.937" />

<exclusive-start id="123" timestamp="2019-08-02T21:30:10.588" intervalms="41.101">
  <response-info timems="0.058" idlems="0.058" threads="0" lastid="000000000224FA00" lastname="main" />
</exclusive-start>
<af-start id="124" threadId="0000000002250388" totalBytesRequested="1952" timestamp="2019-08-02T21:30:10.588" intervalms="18.865" type="nursery" />
<cycle-start id="125" type="scavenge" contextid="0" timestamp="2019-08-02T21:30:10.588" intervalms="18.838" />
<gc-start id="126" type="scavenge" contextid="125" timestamp="2019-08-02T21:30:10.588">
  <mem-info id="127" free="5459488" total="8388608" percent="65">
    <mem type="nursery" free="0" total="2097152" percent="0">
      <mem type="allocate" free="0" total="1376256" percent="0" />
      <mem type="survivor" free="0" total="720896" percent="0" />
    </mem>
    <mem type="tenure" free="5459488" total="6291456" percent="86">
      <mem type="soa" free="5145120" total="5977088" percent="86" />
      <mem type="loa" free="314368" total="314368" percent="100" />
    </mem>
    <remembered-set count="711" />
  </mem-info>
</gc-start>
<allocation-stats totalBytes="747392" >
  <allocated-bytes non-tlh="54456" tlh="692936" />
  <largest-consumer threadName="main" threadId="000000000224FA00" bytes="739200" />
</allocation-stats>
<gc-op id="128" type="scavenge" timems="0.544" contextid="125" timestamp="2019-08-02T21:30:10.589">
  <scavenger-info tenureage="3" tenuremask="fff8" tiltratio="65" />
  <memory-copied type="nursery" objects="3089" bytes="428056" bytesdiscarded="58696" />
  <finalization candidates="32" enqueued="0" />
  <ownableSynchronizers candidates="1" cleared="0" />
  <references type="soft" candidates="5" cleared="0" enqueued="0" dynamicThreshold="27" maxThreshold="32" />
  <references type="weak" candidates="244" cleared="2" enqueued="2" />
  <references type="phantom" candidates="29" cleared="0" enqueued="0" />
</gc-op>
<gc-end id="129" type="scavenge" contextid="125" durationms="0.751" usertimems="0.000" systemtimems="0.000" timestamp="2019-08-02T21:30:10.589" activeThreads="5">
  <mem-info id="130" free="6348808" total="8388608" percent="75">
    <mem type="nursery" free="889320" total="2097152" percent="42">
      <mem type="allocate" free="889320" total="1376256" percent="64" />
      <mem type="survivor" free="0" total="720896" percent="0" />
    </mem>
    <mem type="tenure" free="5459488" total="6291456" percent="86">
      <mem type="soa" free="5145120" total="5977088" percent="86" />
      <mem type="loa" free="314368" total="314368" percent="100" />
    </mem>
    <pending-finalizers system="0" default="0" reference="2" classloader="0" />
    <remembered-set count="693" />
  </mem-info>
</gc-end>
<cycle-end id="131" type="scavenge" contextid="125" timestamp="2019-08-02T21:30:10.589" />
  <attribute name="elasticGC enabled" value="1" />
  <attribute name= "numThreadsSpecified" value="5" />
  <attribute name="heapSize specified" value="0" />
  <attribute name= "numCores" value="8" />
  <attribute name ="GC Interval" value="0" />
  <attribute name ="Control flow" value="1" />
  <attribute name="GC Util Range Max" value="24" />
  <attribute name="Current GC Util" value="6" />
  <attribute name= "Current Time Running" value="761" />
<allocation-satisfied id="132" threadId="000000000224FA00" bytesRequested="1952" />
<af-end id="133" timestamp="2019-08-02T21:30:10.589" threadId="0000000002250388" success="true" from="nursery"/>
<exclusive-end id="134" timestamp="2019-08-02T21:30:10.589" durationms="1.244" />

<exclusive-start id="135" timestamp="2019-08-02T21:30:10.608" intervalms="20.733">
  <response-info timems="0.039" idlems="0.039" threads="0" lastid="000000000224FA00" lastname="main" />
</exclusive-start>
<af-start id="136" threadId="0000000002250388" totalBytesRequested="152" timestamp="2019-08-02T21:30:10.609" intervalms="20.737" type="nursery" />
<cycle-start id="137" type="scavenge" contextid="0" timestamp="2019-08-02T21:30:10.609" intervalms="20.732" />
<gc-start id="138" type="scavenge" contextid="137" timestamp="2019-08-02T21:30:10.609">
  <mem-info id="139" free="5441376" total="8388608" percent="64">
    <mem type="nursery" free="0" total="2097152" percent="0">
      <mem type="allocate" free="0" total="1376256" percent="0" />
      <mem type="survivor" free="0" total="720896" percent="0" />
    </mem>
    <mem type="tenure" free="5441376" total="6291456" percent="86">
      <mem type="soa" free="5127008" total="5977088" percent="85" />
      <mem type="loa" free="314368" total="314368" percent="100" />
    </mem>
    <remembered-set count="847" />
  </mem-info>
</gc-start>
<allocation-stats totalBytes="905024" >
  <allocated-bytes non-tlh="18576" tlh="886448" />
  <largest-consumer threadName="main" threadId="000000000224FA00" bytes="905024" />
</allocation-stats>
<gc-op id="140" type="scavenge" timems="0.627" contextid="137" timestamp="2019-08-02T21:30:10.609">
  <scavenger-info tenureage="3" tenuremask="fff8" tiltratio="65" />
  <memory-copied type="nursery" objects="2804" bytes="112744" bytesdiscarded="84448" />
  <memory-copied type="tenure" objects="379" bytes="317848" bytesdiscarded="552" />
  <finalization candidates="32" enqueued="0" />
  <ownableSynchronizers candidates="1" cleared="0" />
  <references type="soft" candidates="4" cleared="0" enqueued="0" dynamicThreshold="27" maxThreshold="32" />
  <references type="weak" candidates="244" cleared="2" enqueued="2" />
  <references type="phantom" candidates="5" cleared="0" enqueued="0" />
</gc-op>
<gc-end id="141" type="scavenge" contextid="137" durationms="0.852" usertimems="0.000" systemtimems="4.000" timestamp="2019-08-02T21:30:10.610" activeThreads="5">
  <mem-info id="142" free="6331784" total="8388608" percent="75">
    <mem type="nursery" free="1244416" total="2097152" percent="59">
      <mem type="allocate" free="1244416" total="1441792" percent="86" />
      <mem type="survivor" free="0" total="655360" percent="0" />
    </mem>
    <mem type="tenure" free="5087368" total="6291456" percent="80">
      <mem type="soa" free="4773000" total="5977088" percent="79" />
      <mem type="loa" free="314368" total="314368" percent="100" />
    </mem>
    <pending-finalizers system="0" default="0" reference="2" classloader="0" />
    <remembered-set count="526" />
  </mem-info>
</gc-end>
<cycle-end id="143" type="scavenge" contextid="137" timestamp="2019-08-02T21:30:10.610" />
  <attribute name="elasticGC enabled" value="1" />
  <attribute name= "numThreadsSpecified" value="5" />
  <attribute name="heapSize specified" value="0" />
  <attribute name= "numCores" value="8" />
  <attribute name ="GC Interval" value="0" />
  <attribute name ="Control flow" value="1" />
  <attribute name="GC Util Range Max" value="24" />
  <attribute name="Current GC Util" value="5" />
  <attribute name= "Current Time Running" value="782" />
<allocation-satisfied id="144" threadId="000000000224FA00" bytesRequested="152" />
<af-end id="145" timestamp="2019-08-02T21:30:10.610" threadId="0000000002250388" success="true" from="nursery"/>
<exclusive-end id="146" timestamp="2019-08-02T21:30:10.610" durationms="1.341" />

<exclusive-start id="147" timestamp="2019-08-02T21:30:10.649" intervalms="40.544">
  <response-info timems="0.038" idlems="0.038" threads="0" lastid="000000000224FA00" lastname="main" />
</exclusive-start>
<af-start id="148" threadId="0000000002250388" totalBytesRequested="104" timestamp="2019-08-02T21:30:10.649" intervalms="40.539" type="nursery" />
<cycle-start id="149" type="scavenge" contextid="0" timestamp="2019-08-02T21:30:10.649" intervalms="40.545" />
<gc-start id="150" type="scavenge" contextid="149" timestamp="2019-08-02T21:30:10.649">
  <mem-info id="151" free="5063256" total="8388608" percent="60">
    <mem type="nursery" free="0" total="2097152" percent="0">
      <mem type="allocate" free="0" total="1441792" percent="0" />
      <mem type="survivor" free="0" total="655360" percent="0" />
    </mem>
    <mem type="tenure" free="5063256" total="6291456" percent="80">
      <mem type="soa" free="4748888" total="5977088" percent="79" />
      <mem type="loa" free="314368" total="314368" percent="100" />
    </mem>
    <remembered-set count="789" />
  </mem-info>
</gc-start>
<allocation-stats totalBytes="1267784" >
  <allocated-bytes non-tlh="24264" tlh="1243520" />
  <largest-consumer threadName="main" threadId="000000000224FA00" bytes="1267784" />
</allocation-stats>
<gc-op id="152" type="scavenge" timems="0.575" contextid="149" timestamp="2019-08-02T21:30:10.650">
  <scavenger-info tenureage="3" tenuremask="ffe8" tiltratio="68" />
  <memory-copied type="nursery" objects="757" bytes="101304" bytesdiscarded="59368" />
  <memory-copied type="tenure" objects="2561" bytes="104112" bytesdiscarded="16" />
  <finalization candidates="32" enqueued="0" />
  <ownableSynchronizers candidates="1" cleared="0" />
  <references type="weak" candidates="13" cleared="13" enqueued="13" />
</gc-op>
<gc-end id="153" type="scavenge" contextid="149" durationms="0.790" usertimems="4.000" systemtimems="0.000" timestamp="2019-08-02T21:30:10.650" activeThreads="6">
  <mem-info id="154" free="6290768" total="8388608" percent="74">
    <mem type="nursery" free="1346552" total="2097152" percent="64">
      <mem type="allocate" free="1346552" total="1507328" percent="89" />
      <mem type="survivor" free="0" total="589824" percent="0" />
    </mem>
    <mem type="tenure" free="4944216" total="6291456" percent="78">
      <mem type="soa" free="4629848" total="5977088" percent="77" />
      <mem type="loa" free="314368" total="314368" percent="100" />
    </mem>
    <pending-finalizers system="0" default="0" reference="13" classloader="0" />
    <remembered-set count="551" />
  </mem-info>
</gc-end>
<cycle-end id="155" type="scavenge" contextid="149" timestamp="2019-08-02T21:30:10.650" />
  <attribute name="elasticGC enabled" value="1" />
  <attribute name= "numThreadsSpecified" value="6" />
  <attribute name="heapSize specified" value="0" />
  <attribute name= "numCores" value="8" />
  <attribute name ="GC Interval" value="0" />
  <attribute name ="Control flow" value="1" />
  <attribute name="GC Util Range Max" value="24" />
  <attribute name="Current GC Util" value="3" />
  <attribute name= "Current Time Running" value="822" />
<allocation-satisfied id="156" threadId="000000000224FA00" bytesRequested="104" />
<af-end id="157" timestamp="2019-08-02T21:30:10.650" threadId="0000000002250388" success="true" from="nursery"/>
<exclusive-end id="158" timestamp="2019-08-02T21:30:10.650" durationms="1.281" />

<exclusive-start id="159" timestamp="2019-08-02T21:30:10.707" intervalms="58.183">
  <response-info timems="0.093" idlems="0.093" threads="0" lastid="000000000224FA00" lastname="main" />
</exclusive-start>
<af-start id="160" threadId="0000000002250388" totalBytesRequested="968" timestamp="2019-08-02T21:30:10.707" intervalms="58.220" type="nursery" />
<cycle-start id="161" type="scavenge" contextid="0" timestamp="2019-08-02T21:30:10.707" intervalms="58.249" />
<gc-start id="162" type="scavenge" contextid="161" timestamp="2019-08-02T21:30:10.708">
  <mem-info id="163" free="4913536" total="8388608" percent="58">
    <mem type="nursery" free="0" total="2097152" percent="0">
      <mem type="allocate" free="0" total="1507328" percent="0" />
      <mem type="survivor" free="0" total="589824" percent="0" />
    </mem>
    <mem type="tenure" free="4913536" total="6291456" percent="78">
      <mem type="soa" free="4599168" total="5977088" percent="76" />
      <mem type="loa" free="314368" total="314368" percent="100" />
    </mem>
    <remembered-set count="917" />
  </mem-info>
</gc-start>
<allocation-stats totalBytes="1375096" >
  <allocated-bytes non-tlh="30784" tlh="1344312" />
  <largest-consumer threadName="main" threadId="000000000224FA00" bytes="1375096" />
</allocation-stats>
<gc-op id="164" type="scavenge" timems="0.431" contextid="161" timestamp="2019-08-02T21:30:10.708">
  <scavenger-info tenureage="3" tenuremask="ffe8" tiltratio="71" />
  <memory-copied type="nursery" objects="3060" bytes="247624" bytesdiscarded="85192" />
  <memory-copied type="tenure" objects="98" bytes="3408" bytesdiscarded="0" />
  <references type="weak" candidates="3" cleared="2" enqueued="2" />
  <references type="phantom" candidates="1" cleared="0" enqueued="0" />
</gc-op>
<gc-end id="165" type="scavenge" contextid="161" durationms="0.634" usertimems="0.000" systemtimems="0.000" timestamp="2019-08-02T21:30:10.708" activeThreads="7">
  <mem-info id="166" free="6153496" total="8388608" percent="73">
    <mem type="nursery" free="1239960" total="2097152" percent="59">
      <mem type="allocate" free="1239960" total="1572864" percent="78" />
      <mem type="survivor" free="0" total="524288" percent="0" />
    </mem>
    <mem type="tenure" free="4913536" total="6291456" percent="78">
      <mem type="soa" free="4599168" total="5977088" percent="76" />
      <mem type="loa" free="314368" total="314368" percent="100" />
    </mem>
    <pending-finalizers system="0" default="0" reference="2" classloader="0" />
    <remembered-set count="762" />
  </mem-info>
</gc-end>
<cycle-end id="167" type="scavenge" contextid="161" timestamp="2019-08-02T21:30:10.708" />
  <attribute name="elasticGC enabled" value="1" />
  <attribute name= "numThreadsSpecified" value="7" />
  <attribute name="heapSize specified" value="0" />
  <attribute name= "numCores" value="8" />
  <attribute name ="GC Interval" value="0" />
  <attribute name ="Control flow" value="1" />
  <attribute name="GC Util Range Max" value="24" />
  <attribute name="Current GC Util" value="2" />
  <attribute name= "Current Time Running" value="881" />
<allocation-satisfied id="168" threadId="000000000224FA00" bytesRequested="968" />
<af-end id="169" timestamp="2019-08-02T21:30:10.708" threadId="0000000002250388" success="true" from="nursery"/>
<exclusive-end id="170" timestamp="2019-08-02T21:30:10.708" durationms="1.228" />

<exclusive-start id="171" timestamp="2019-08-02T21:30:10.767" intervalms="59.783">
  <response-info timems="0.079" idlems="0.079" threads="0" lastid="000000000224FA00" lastname="main" />
</exclusive-start>
<af-start id="172" threadId="0000000002250388" totalBytesRequested="16" timestamp="2019-08-02T21:30:10.767" intervalms="59.763" type="nursery" />
<cycle-start id="173" type="scavenge" contextid="0" timestamp="2019-08-02T21:30:10.767" intervalms="59.769" />
<gc-start id="174" type="scavenge" contextid="173" timestamp="2019-08-02T21:30:10.767">
  <mem-info id="175" free="4887248" total="8388608" percent="58">
    <mem type="nursery" free="0" total="2097152" percent="0">
      <mem type="allocate" free="0" total="1572864" percent="0" />
      <mem type="survivor" free="0" total="524288" percent="0" />
    </mem>
    <mem type="tenure" free="4887248" total="6291456" percent="77">
      <mem type="soa" free="4572880" total="5977088" percent="76" />
      <mem type="loa" free="314368" total="314368" percent="100" />
    </mem>
    <remembered-set count="1118" />
  </mem-info>
</gc-start>
<allocation-stats totalBytes="1264176" >
  <allocated-bytes non-tlh="27256" tlh="1236920" />
  <largest-consumer threadName="main" threadId="000000000224FA00" bytes="1264176" />
</allocation-stats>
<gc-op id="176" type="scavenge" timems="0.674" contextid="173" timestamp="2019-08-02T21:30:10.768">
  <scavenger-info tenureage="5" tenuremask="ffe0" tiltratio="75" />
  <memory-copied type="nursery" objects="3790" bytes="313600" bytesdiscarded="133896" />
  <finalization candidates="5" enqueued="0" />
  <references type="soft" candidates="1" cleared="0" enqueued="0" dynamicThreshold="27" maxThreshold="32" />
  <references type="weak" candidates="105" cleared="35" enqueued="24" />
  <references type="phantom" candidates="3" cleared="1" enqueued="1" />
</gc-op>
<gc-end id="177" type="scavenge" contextid="173" durationms="0.996" usertimems="0.000" systemtimems="4.000" timestamp="2019-08-02T21:30:10.768" activeThreads="8">
  <mem-info id="178" free="6078048" total="8388608" percent="72">
    <mem type="nursery" free="1190800" total="2097152" percent="56">
      <mem type="allocate" free="1190800" total="1638400" percent="72" />
      <mem type="survivor" free="0" total="458752" percent="0" />
    </mem>
    <mem type="tenure" free="4887248" total="6291456" percent="77">
      <mem type="soa" free="4572880" total="5977088" percent="76" />
      <mem type="loa" free="314368" total="314368" percent="100" />
    </mem>
    <pending-finalizers system="0" default="0" reference="25" classloader="0" />
    <remembered-set count="900" />
  </mem-info>
</gc-end>
<cycle-end id="179" type="scavenge" contextid="173" timestamp="2019-08-02T21:30:10.768" />
  <attribute name="elasticGC enabled" value="1" />
  <attribute name= "numThreadsSpecified" value="8" />
  <attribute name="heapSize specified" value="0" />
  <attribute name= "numCores" value="8" />
  <attribute name ="GC Interval" value="0" />
  <attribute name ="Control flow" value="1" />
  <attribute name="GC Util Range Max" value="24" />
  <attribute name="Current GC Util" value="1" />
  <attribute name= "Current Time Running" value="940" />
<allocation-satisfied id="180" threadId="000000000224FA00" bytesRequested="16" />
<af-end id="181" timestamp="2019-08-02T21:30:10.769" threadId="0000000002250388" success="true" from="nursery"/>
<exclusive-end id="182" timestamp="2019-08-02T21:30:10.769" durationms="1.596" />

<exclusive-start id="183" timestamp="2019-08-02T21:30:10.816" intervalms="49.465">
  <response-info timems="0.061" idlems="0.061" threads="0" lastid="000000000256EE00" lastname="PmdThread 1" />
</exclusive-start>
<af-start id="184" threadId="000000000256F788" totalBytesRequested="1280" timestamp="2019-08-02T21:30:10.817" intervalms="49.489" type="nursery" />
<cycle-start id="185" type="scavenge" contextid="0" timestamp="2019-08-02T21:30:10.817" intervalms="49.483" />
<gc-start id="186" type="scavenge" contextid="185" timestamp="2019-08-02T21:30:10.817">
  <mem-info id="187" free="4881952" total="8388608" percent="58">
    <mem type="nursery" free="0" total="2097152" percent="0">
      <mem type="allocate" free="0" total="1638400" percent="0" />
      <mem type="survivor" free="0" total="458752" percent="0" />
    </mem>
    <mem type="tenure" free="4881952" total="6291456" percent="77">
      <mem type="soa" free="4567584" total="5977088" percent="76" />
      <mem type="loa" free="314368" total="314368" percent="100" />
    </mem>
    <remembered-set count="996" />
  </mem-info>
</gc-start>
<allocation-stats totalBytes="1190776" >
  <allocated-bytes non-tlh="5312" tlh="1185464" />
  <largest-consumer threadName="PmdThread 1" threadId="000000000256EE00" bytes="632464" />
</allocation-stats>
<gc-op id="188" type="scavenge" timems="2.149" contextid="185" timestamp="2019-08-02T21:30:10.819">
  <scavenger-info tenureage="3" tenuremask="fff8" tiltratio="78" />
  <memory-copied type="nursery" objects="4038" bytes="296136" bytesdiscarded="72696" />
  <memory-copied type="tenure" objects="196" bytes="71080" bytesdiscarded="0" />
  <finalization candidates="6" enqueued="0" />
  <ownableSynchronizers candidates="4" cleared="0" />
  <references type="soft" candidates="1" cleared="0" enqueued="0" dynamicThreshold="27" maxThreshold="32" />
  <references type="weak" candidates="409" cleared="189" enqueued="127" />
  <references type="phantom" candidates="2" cleared="0" enqueued="0" />
</gc-op>
<gc-end id="189" type="scavenge" contextid="185" durationms="2.562" usertimems="0.000" systemtimems="4.000" timestamp="2019-08-02T21:30:10.819" activeThreads="8">
  <mem-info id="190" free="6062128" total="8388608" percent="72">
    <mem type="nursery" free="1269528" total="2097152" percent="60">
      <mem type="allocate" free="1269528" total="1638400" percent="77" />
      <mem type="survivor" free="0" total="458752" percent="0" />
    </mem>
    <mem type="tenure" free="4792600" total="6291456" percent="76">
      <mem type="soa" free="4478232" total="5977088" percent="74" />
      <mem type="loa" free="314368" total="314368" percent="100" />
    </mem>
    <pending-finalizers system="0" default="0" reference="127" classloader="0" />
    <remembered-set count="643" />
  </mem-info>
</gc-end>
<cycle-end id="191" type="scavenge" contextid="185" timestamp="2019-08-02T21:30:10.819" />
  <attribute name="elasticGC enabled" value="1" />
  <attribute name= "numThreadsSpecified" value="8" />
  <attribute name="heapSize specified" value="0" />
  <attribute name= "numCores" value="8" />
  <attribute name ="GC Interval" value="0" />
  <attribute name ="Control flow" value="1" />
  <attribute name="GC Util Range Max" value="24" />
  <attribute name="Current GC Util" value="2" />
  <attribute name= "Current Time Running" value="990" />
<allocation-satisfied id="192" threadId="000000000256EE00" bytesRequested="1280" />
<af-end id="193" timestamp="2019-08-02T21:30:10.820" threadId="000000000256F788" success="true" from="nursery"/>
<exclusive-end id="194" timestamp="2019-08-02T21:30:10.820" durationms="3.129" />

<exclusive-start id="195" timestamp="2019-08-02T21:30:10.847" intervalms="30.817">
  <response-info timems="0.025" idlems="0.025" threads="0" lastid="000000000256EE00" lastname="PmdThread 1" />
</exclusive-start>
<af-start id="196" threadId="000000000256F788" totalBytesRequested="72" timestamp="2019-08-02T21:30:10.860" intervalms="43.052" type="nursery" />
<cycle-start id="197" type="scavenge" contextid="0" timestamp="2019-08-02T21:30:10.860" intervalms="43.059" />
<gc-start id="198" type="scavenge" contextid="197" timestamp="2019-08-02T21:30:10.860">
  <mem-info id="199" free="4778880" total="8388608" percent="56">
    <mem type="nursery" free="0" total="2097152" percent="0">
      <mem type="allocate" free="0" total="1638400" percent="0" />
      <mem type="survivor" free="0" total="458752" percent="0" />
    </mem>
    <mem type="tenure" free="4778880" total="6291456" percent="75">
      <mem type="soa" free="4464512" total="5977088" percent="74" />
      <mem type="loa" free="314368" total="314368" percent="100" />
    </mem>
    <remembered-set count="839" />
  </mem-info>
</gc-start>
<allocation-stats totalBytes="1281104" >
  <allocated-bytes non-tlh="388728" tlh="892376" />
  <largest-consumer threadName="PmdThread 1" threadId="000000000256EE00" bytes="1281104" />
</allocation-stats>
<gc-op id="200" type="scavenge" timems="2.442" contextid="197" timestamp="2019-08-02T21:30:10.862">
  <scavenger-info tenureage="3" tenuremask="ffc8" tiltratio="78" />
  <memory-copied type="nursery" objects="4630" bytes="357208" bytesdiscarded="90504" />
  <memory-copied type="tenure" objects="442" bytes="25808" bytesdiscarded="0" />
  <finalization candidates="6" enqueued="0" />
  <ownableSynchronizers candidates="4" cleared="0" />
  <references type="soft" candidates="1" cleared="0" enqueued="0" dynamicThreshold="27" maxThreshold="32" />
  <references type="weak" candidates="222" cleared="1" enqueued="1" />
  <references type="phantom" candidates="1" cleared="0" enqueued="0" />
</gc-op>
<gc-end id="201" type="scavenge" contextid="197" durationms="2.889" usertimems="4.000" systemtimems="0.000" timestamp="2019-08-02T21:30:10.863" activeThreads="8">
  <mem-info id="202" free="5786704" total="8388608" percent="68">
    <mem type="nursery" free="1125088" total="2097152" percent="53">
      <mem type="allocate" free="1125088" total="1572864" percent="71" />
      <mem type="survivor" free="0" total="524288" percent="0" />
    </mem>
    <mem type="tenure" free="4661616" total="6291456" percent="74">
      <mem type="soa" free="4347248" total="5977088" percent="72" />
      <mem type="loa" free="314368" total="314368" percent="100" />
    </mem>
    <pending-finalizers system="0" default="0" reference="1" classloader="0" />
    <remembered-set count="481" />
  </mem-info>
</gc-end>
<cycle-end id="203" type="scavenge" contextid="197" timestamp="2019-08-02T21:30:10.863" />
  <attribute name="elasticGC enabled" value="1" />
  <attribute name= "numThreadsSpecified" value="8" />
  <attribute name="heapSize specified" value="0" />
  <attribute name= "numCores" value="8" />
  <attribute name ="GC Interval" value="0" />
  <attribute name ="Control flow" value="1" />
  <attribute name="GC Util Range Max" value="24" />
  <attribute name="Current GC Util" value="9" />
  <attribute name= "Current Time Running" value="1033" />
<allocation-satisfied id="204" threadId="000000000256EE00" bytesRequested="72" />
<af-end id="205" timestamp="2019-08-02T21:30:10.863" threadId="000000000256F788" success="true" from="nursery"/>
<exclusive-end id="206" timestamp="2019-08-02T21:30:10.863" durationms="15.719" />

<exclusive-start id="207" timestamp="2019-08-02T21:30:10.904" intervalms="56.488">
  <response-info timems="0.064" idlems="0.064" threads="0" lastid="000000000256EE00" lastname="PmdThread 1" />
</exclusive-start>
<af-start id="208" threadId="000000000256F788" totalBytesRequested="3680" timestamp="2019-08-02T21:30:10.904" intervalms="44.249" type="nursery" />
<cycle-start id="209" type="scavenge" contextid="0" timestamp="2019-08-02T21:30:10.904" intervalms="44.246" />
<gc-start id="210" type="scavenge" contextid="209" timestamp="2019-08-02T21:30:10.904">
  <mem-info id="211" free="4592408" total="8388608" percent="54">
    <mem type="nursery" free="0" total="2097152" percent="0">
      <mem type="allocate" free="0" total="1572864" percent="0" />
      <mem type="survivor" free="0" total="524288" percent="0" />
    </mem>
    <mem type="tenure" free="4592408" total="6291456" percent="72">
      <mem type="soa" free="4278040" total="5977088" percent="71" />
      <mem type="loa" free="314368" total="314368" percent="100" />
    </mem>
    <remembered-set count="1582" />
  </mem-info>
</gc-start>
<allocation-stats totalBytes="1190672" >
  <allocated-bytes non-tlh="69280" tlh="1121392" />
  <largest-consumer threadName="PmdThread 1" threadId="000000000256EE00" bytes="1190672" />
</allocation-stats>
<gc-op id="212" type="scavenge" timems="2.118" contextid="209" timestamp="2019-08-02T21:30:10.906">
  <scavenger-info tenureage="3" tenuremask="7fc8" tiltratio="75" />
  <memory-copied type="nursery" objects="6873" bytes="379576" bytesdiscarded="38144" />
  <memory-copied type="tenure" objects="1418" bytes="86760" bytesdiscarded="112" />
  <finalization candidates="7" enqueued="0" />
  <ownableSynchronizers candidates="4" cleared="0" />
  <references type="soft" candidates="28" cleared="0" enqueued="0" dynamicThreshold="27" maxThreshold="32" />
  <references type="weak" candidates="256" cleared="42" enqueued="33" />
  <references type="phantom" candidates="8" cleared="3" enqueued="3" />
</gc-op>
<gc-end id="213" type="scavenge" contextid="209" durationms="2.497" usertimems="4.000" systemtimems="0.000" timestamp="2019-08-02T21:30:10.907" activeThreads="8">
  <mem-info id="214" free="5656064" total="8388608" percent="67">
    <mem type="nursery" free="1220328" total="2097152" percent="58">
      <mem type="allocate" free="1220328" total="1638400" percent="74" />
      <mem type="survivor" free="0" total="458752" percent="0" />
    </mem>
    <mem type="tenure" free="4435736" total="6291456" percent="70">
      <mem type="soa" free="4121368" total="5977088" percent="68" />
      <mem type="loa" free="314368" total="314368" percent="100" />
    </mem>
    <pending-finalizers system="0" default="0" reference="36" classloader="0" />
    <remembered-set count="1446" />
  </mem-info>
</gc-end>
<cycle-end id="215" type="scavenge" contextid="209" timestamp="2019-08-02T21:30:10.907" />
  <attribute name="elasticGC enabled" value="1" />
  <attribute name= "numThreadsSpecified" value="8" />
  <attribute name="heapSize specified" value="0" />
  <attribute name= "numCores" value="8" />
  <attribute name ="GC Interval" value="0" />
  <attribute name ="Control flow" value="1" />
  <attribute name="GC Util Range Max" value="24" />
  <attribute name="Current GC Util" value="10" />
  <attribute name= "Current Time Running" value="1077" />
<allocation-satisfied id="216" threadId="000000000256EE00" bytesRequested="3680" />
<af-end id="217" timestamp="2019-08-02T21:30:10.907" threadId="000000000256F788" success="true" from="nursery"/>
<exclusive-end id="218" timestamp="2019-08-02T21:30:10.907" durationms="3.086" />

<exclusive-start id="219" timestamp="2019-08-02T21:30:10.946" intervalms="42.708">
  <response-info timems="0.068" idlems="0.068" threads="0" lastid="000000000256EE00" lastname="PmdThread 1" />
</exclusive-start>
<af-start id="220" threadId="000000000256F788" totalBytesRequested="16" timestamp="2019-08-02T21:30:10.947" intervalms="42.761" type="nursery" />
<cycle-start id="221" type="scavenge" contextid="0" timestamp="2019-08-02T21:30:10.947" intervalms="42.781" />
<gc-start id="222" type="scavenge" contextid="221" timestamp="2019-08-02T21:30:10.947">
  <mem-info id="223" free="4416304" total="8388608" percent="52">
    <mem type="nursery" free="0" total="2097152" percent="0">
      <mem type="allocate" free="0" total="1638400" percent="0" />
      <mem type="survivor" free="0" total="458752" percent="0" />
    </mem>
    <mem type="tenure" free="4416304" total="6291456" percent="70">
      <mem type="soa" free="4101936" total="5977088" percent="68" />
      <mem type="loa" free="314368" total="314368" percent="100" />
    </mem>
    <remembered-set count="1685" />
  </mem-info>
</gc-start>
<allocation-stats totalBytes="1237744" >
  <allocated-bytes non-tlh="23112" tlh="1214632" />
  <largest-consumer threadName="PmdThread 1" threadId="000000000256EE00" bytes="1225912" />
</allocation-stats>
<gc-op id="224" type="scavenge" timems="2.090" contextid="221" timestamp="2019-08-02T21:30:10.949">
  <scavenger-info tenureage="3" tenuremask="7fc8" tiltratio="78" />
  <memory-copied type="nursery" objects="7733" bytes="291520" bytesdiscarded="10456" />
  <memory-copied type="tenure" objects="2038" bytes="169008" bytesdiscarded="312" />
  <finalization candidates="2" enqueued="0" />
  <ownableSynchronizers candidates="4" cleared="0" />
  <references type="soft" candidates="28" cleared="0" enqueued="0" dynamicThreshold="27" maxThreshold="32" />
  <references type="weak" candidates="65" cleared="1" enqueued="1" />
  <references type="phantom" candidates="4" cleared="0" enqueued="0" />
</gc-op>
<gc-end id="225" type="scavenge" contextid="221" durationms="2.510" usertimems="4.000" systemtimems="4.000" timestamp="2019-08-02T21:30:10.949" activeThreads="8">
  <mem-info id="226" free="5542448" total="8388608" percent="66">
    <mem type="nursery" free="1335808" total="2097152" percent="63">
      <mem type="allocate" free="1335808" total="1638400" percent="81" />
      <mem type="survivor" free="0" total="458752" percent="0" />
    </mem>
    <mem type="tenure" free="4206640" total="6291456" percent="66">
      <mem type="soa" free="3892272" total="5977088" percent="65" />
      <mem type="loa" free="314368" total="314368" percent="100" />
    </mem>
    <pending-finalizers system="0" default="0" reference="1" classloader="0" />
    <remembered-set count="1484" />
  </mem-info>
</gc-end>
<cycle-end id="227" type="scavenge" contextid="221" timestamp="2019-08-02T21:30:10.950" />
  <attribute name="elasticGC enabled" value="1" />
  <attribute name= "numThreadsSpecified" value="8" />
  <attribute name="heapSize specified" value="0" />
  <attribute name= "numCores" value="8" />
  <attribute name ="GC Interval" value="0" />
  <attribute name ="Control flow" value="1" />
  <attribute name="GC Util Range Max" value="24" />
  <attribute name="Current GC Util" value="8" />
  <attribute name= "Current Time Running" value="1120" />
<allocation-satisfied id="228" threadId="000000000256EE00" bytesRequested="16" />
<af-end id="229" timestamp="2019-08-02T21:30:10.950" threadId="000000000256F788" success="true" from="nursery"/>
<exclusive-end id="230" timestamp="2019-08-02T21:30:10.950" durationms="3.372" />

<exclusive-start id="231" timestamp="2019-08-02T21:30:11.009" intervalms="62.500">
  <response-info timems="0.031" idlems="0.031" threads="0" lastid="000000000224FA00" lastname="main" />
</exclusive-start>
<af-start id="232" threadId="0000000002250388" totalBytesRequested="112" timestamp="2019-08-02T21:30:11.009" intervalms="62.401" type="nursery" />
<cycle-start id="233" type="scavenge" contextid="0" timestamp="2019-08-02T21:30:11.009" intervalms="62.337" />
<gc-start id="234" type="scavenge" contextid="233" timestamp="2019-08-02T21:30:11.009">
  <mem-info id="235" free="4152872" total="8388608" percent="49">
    <mem type="nursery" free="0" total="2097152" percent="0">
      <mem type="allocate" free="0" total="1638400" percent="0" />
      <mem type="survivor" free="0" total="458752" percent="0" />
    </mem>
    <mem type="tenure" free="4152872" total="6291456" percent="66">
      <mem type="soa" free="3838504" total="5977088" percent="64" />
      <mem type="loa" free="314368" total="314368" percent="100" />
    </mem>
    <remembered-set count="2286" />
  </mem-info>
</gc-start>
<allocation-stats totalBytes="1387816" >
  <allocated-bytes non-tlh="53784" tlh="1334032" />
  <largest-consumer threadName="main" threadId="000000000224FA00" bytes="302040" />
</allocation-stats>
<gc-op id="236" type="scavenge" timems="1.135" contextid="233" timestamp="2019-08-02T21:30:11.010">
  <scavenger-info tenureage="3" tenuremask="7fc8" tiltratio="78" />
  <memory-copied type="nursery" objects="12426" bytes="370112" bytesdiscarded="40672" />
  <memory-copied type="tenure" objects="1110" bytes="99600" bytesdiscarded="536" />
  <finalization candidates="7" enqueued="0" />
  <references type="soft" candidates="133" cleared="0" enqueued="0" dynamicThreshold="27" maxThreshold="32" />
  <references type="weak" candidates="108" cleared="23" enqueued="21" />
  <references type="phantom" candidates="8" cleared="2" enqueued="2" />
</gc-op>
<gc-end id="237" type="scavenge" contextid="233" durationms="1.331" usertimems="0.000" systemtimems="0.000" timestamp="2019-08-02T21:30:11.011" activeThreads="8">
  <mem-info id="238" free="5139984" total="8388608" percent="61">
    <mem type="nursery" free="1161216" total="2097152" percent="55">
      <mem type="allocate" free="1161216" total="1572864" percent="73" />
      <mem type="survivor" free="0" total="524288" percent="0" />
    </mem>
    <mem type="tenure" free="3978768" total="6291456" percent="63">
      <mem type="soa" free="3664400" total="5977088" percent="61" />
      <mem type="loa" free="314368" total="314368" percent="100" />
    </mem>
    <pending-finalizers system="0" default="0" reference="23" classloader="0" />
    <remembered-set count="1297" />
  </mem-info>
</gc-end>
<cycle-end id="239" type="scavenge" contextid="233" timestamp="2019-08-02T21:30:11.011" />
  <attribute name="elasticGC enabled" value="1" />
  <attribute name= "numThreadsSpecified" value="8" />
  <attribute name="heapSize specified" value="0" />
  <attribute name= "numCores" value="8" />
  <attribute name ="GC Interval" value="0" />
  <attribute name ="Control flow" value="1" />
  <attribute name="GC Util Range Max" value="24" />
  <attribute name="Current GC Util" value="6" />
  <attribute name= "Current Time Running" value="1182" />
<allocation-satisfied id="240" threadId="000000000224FA00" bytesRequested="112" />
<af-end id="241" timestamp="2019-08-02T21:30:11.011" threadId="0000000002250388" success="true" from="nursery"/>
<exclusive-end id="242" timestamp="2019-08-02T21:30:11.011" durationms="1.765" />

</verbosegc>

