<?xml version="1.0" ?>

<verbosegc xmlns="http://www.ibm.com/j9/verbosegc" version="6fe7bac_CMPRSS">

<initialized id="1" timestamp="2019-09-21T19:37:23.164">
  <attribute name="gcPolicy" value="-Xgcpolicy:optthruput" />
  <attribute name="elasticGC enabled" value="1" />
  <attribute name= "numThreadsSpecified" value="0" />
  <attribute name="heapSize specified" value="0" />
  <attribute name="Current GC Util" value="0" />
  <attribute name= "Current Time Running" value="0" />
  <attribute name ="GC Interval" value="0" />
  <attribute name="Target GC Util Change" value ="0.000000" />
  <attribute name="Current GC Util Change" value="0.000000"/>
  <attribute name="Current Error" value="0.000000" />
  <attribute name="Output H" value="0"/>
  <attribute name="Output I" value="0"/>
  <attribute name="Output T" value="0"/>
  <attribute name= "Current Time Running" value="0" />
  <attribute name="GC Util currently" value="0" />
  <attribute name="CPU Util currently" value="0" />
  <attribute name="maxHeapSize" value="0x7cba0000" />
  <attribute name="initialHeapSize" value="0x800000" />
  <attribute name="compressedRefs" value="true" />
  <attribute name="compressedRefsDisplacement" value="0x0" />
  <attribute name="compressedRefsShift" value="0x0" />
  <attribute name="pageSize" value="0x1000" />
  <attribute name="pageType" value="not used" />
  <attribute name="requestedPageSize" value="0x1000" />
  <attribute name="requestedPageType" value="not used" />
  <attribute name="gcthreads" value="8" />
  <attribute name="packetListSplit" value="8" />
  <attribute name="cacheListSplit" value="8" />
  <attribute name="splitFreeListSplitAmount" value="1" />
  <attribute name="numaNodes" value="0" />
  <system>
    <attribute name="physicalMemory" value="8370393088" />
    <attribute name="numCPUs" value="8" />
    <attribute name="architecture" value="amd64" />
    <attribute name="os" value="Linux" />
    <attribute name="osVersion" value="4.4.0-157-generic" />
  </system>
  <vmargs>
    <vmarg name="-Xoptionsfile=/vagrant/jdk/lib/options.default" />
    <vmarg name="-Xlockword:mode=default,noLockword=java/lang/String,noLockword=java/util/MapEntry,noLockword=java/util/HashMap$Entry,noLockword..." />
    <vmarg name="-Xjcl:jclse29" />
    <vmarg name="-Dcom.ibm.oti.vm.bootstrap.library.path=/vagrant/jdk/lib/compressedrefs:/vagrant/jdk/lib" />
    <vmarg name="-Dsun.boot.library.path=/vagrant/jdk/lib/compressedrefs:/vagrant/jdk/lib" />
    <vmarg name="-Djava.library.path=/vagrant/jdk/lib/compressedrefs:/vagrant/jdk/lib:/usr/lib64:/usr/lib" />
    <vmarg name="-Djava.home=/vagrant/jdk" />
    <vmarg name="-Duser.dir=/vagrant" />
    <vmarg name="-Xgcpolicy:optthruput" />
    <vmarg name="-Xgcelastic" />
    <vmarg name="-Xcheck:gc:::elasticGC" />
    <vmarg name="-verbose:gc" />
    <vmarg name="-Xloggc:large-OPTTHRUPUT-JDK1-1-3-8core-verbose10pmd.txt" />
    <vmarg name="-Djava.class.path=dacapo-9.12-MR1-bach.jar" />
    <vmarg name="-Dsun.java.command=dacapo-9.12-MR1-bach.jar pmd --size=large" />
    <vmarg name="-Dsun.java.launcher=SUN_STANDARD" />
    <vmarg name="-Dsun.java.launcher.pid=10932" />
  </vmargs>
</initialized>

<exclusive-start id="2" timestamp="2019-09-21T19:37:24.008" intervalms="843.593">
  <response-info timems="0.035" idlems="0.035" threads="0" lastid="0000000001B97A00" lastname="main" />
</exclusive-start>
<af-start id="3" threadId="0000000001B98388" totalBytesRequested="5056" timestamp="2019-09-21T19:37:24.009" intervalms="844.238" />
<cycle-start id="4" type="global" contextid="0" timestamp="2019-09-21T19:37:24.009" intervalms="844.614" />
<gc-start id="5" type="global" contextid="4" timestamp="2019-09-21T19:37:24.009">
  <mem-info id="6" free="418816" total="8388608" percent="4">
    <mem type="tenure" free="418816" total="8388608" percent="4">
      <mem type="soa" free="0" total="7969792" percent="0" />
      <mem type="loa" free="418816" total="418816" percent="100" />
    </mem>
  </mem-info>
</gc-start>
<allocation-stats totalBytes="7939192" >
  <allocated-bytes non-tlh="460328" tlh="7478864" />
  <largest-consumer threadName="main" threadId="0000000001B97A00" bytes="7850344" />
</allocation-stats>
<gc-op id="7" type="mark" timems="2.811" contextid="4" timestamp="2019-09-21T19:37:24.012">
  <trace-info objectcount="21676" scancount="17720" scanbytes="559504" />
  <finalization candidates="46" enqueued="1" />
  <ownableSynchronizers candidates="4" cleared="3" />
  <references type="soft" candidates="66" cleared="0" enqueued="0" dynamicThreshold="32" maxThreshold="32" />
  <references type="weak" candidates="911" cleared="529" enqueued="452" />
  <references type="phantom" candidates="125" cleared="44" enqueued="44" />
  <stringconstants candidates="2485" cleared="0"  />
</gc-op>
<gc-op id="8" type="classunload" timems="0.132" contextid="4" timestamp="2019-09-21T19:37:24.013">
  <classunload-info classloadercandidates="6" classloadersunloaded="0" classesunloaded="0" anonymousclassesunloaded="0" quiescems="0.000" setupms="0.132" scanms="0.000" postms="0.000" />
</gc-op>
<gc-op id="9" type="sweep" timems="0.723" contextid="4" timestamp="2019-09-21T19:37:24.013" />
<mem-info id="10" free="6475112" total="8388608" percent="77">
  <mem type="tenure" free="6475112" total="8388608" percent="77" micro-fragmented="451328" macro-fragmented="0">
    <mem type="soa" free="6056296" total="7969792" percent="75" />
    <mem type="loa" free="418816" total="418816" percent="100" />
  </mem>
  <pending-finalizers system="1" default="0" reference="496" classloader="0" />
</mem-info>
<gc-op id="11" type="compact" timems="4.627" contextid="4" timestamp="2019-09-21T19:37:24.018">
  <compact-info movecount="21675" movebytes="1398840" reason="compact to aid heap contraction" />
</gc-op>
<heap-resize id="12" type="expand" space="tenure" amount="65536" count="1" timems="0.161" reason="satisfy allocation request" timestamp="2019-09-21T19:37:24.019" />
<gc-end id="13" type="global" contextid="4" durationms="10.389" usertimems="4.000" systemtimems="8.000" timestamp="2019-09-21T19:37:24.019" activeThreads="8">
  <mem-info id="14" free="6989680" total="8454144" percent="82">
    <mem type="tenure" free="6989680" total="8454144" percent="82">
      <mem type="soa" free="6567792" total="8032256" percent="81" />
      <mem type="loa" free="421888" total="421888" percent="100" />
    </mem>
    <pending-finalizers system="1" default="0" reference="496" classloader="0" />
  </mem-info>
</gc-end>
<cycle-end id="15" type="global" contextid="4" timestamp="2019-09-21T19:37:24.020" />
  <attribute name="elasticGC enabled" value="1" />
  <attribute name= "numThreadsSpecified" value="8" />
  <attribute name="heapSize specified" value="8388608" />
  <attribute name="Current GC Util" value="30" />
  <attribute name= "Current Time Running" value="741" />
  <attribute name ="GC Interval" value="0" />
  <attribute name="Target GC Util Change" value ="40.000000" />
  <attribute name="Current GC Util Change" value="30.000000"/>
  <attribute name="Current Error" value="22.000000" />
  <attribute name="Output H" value="8426464"/>
  <attribute name="Output I" value="2016"/>
  <attribute name="Output T" value="8"/>
  <attribute name= "Current Time Running" value="741" />
  <attribute name="GC Util currently" value="30" />
  <attribute name="CPU Util currently" value="477938508207" />
<allocation-satisfied id="16" threadId="0000000001B97A00" bytesRequested="5056" />
<af-end id="17" timestamp="2019-09-21T19:37:24.020" threadId="0000000001B98388" success="true" />
<exclusive-end id="18" timestamp="2019-09-21T19:37:24.020" durationms="11.982" />

<exclusive-start id="19" timestamp="2019-09-21T19:37:24.021" intervalms="12.658">
  <response-info timems="0.039" idlems="0.039" threads="0" lastid="0000000001B97A00" lastname="main" />
</exclusive-start>
<af-start id="20" threadId="0000000001B98388" totalBytesRequested="14744" timestamp="2019-09-21T19:37:24.021" intervalms="12.080" />
<cycle-start id="21" type="global" contextid="0" timestamp="2019-09-21T19:37:24.021" intervalms="11.765" />
<gc-start id="22" type="global" contextid="21" timestamp="2019-09-21T19:37:24.021">
  <mem-info id="23" free="421888" total="8454144" percent="4">
    <mem type="tenure" free="421888" total="8454144" percent="4">
      <mem type="soa" free="0" total="8032256" percent="0" />
      <mem type="loa" free="421888" total="421888" percent="100" />
    </mem>
  </mem-info>
</gc-start>
<allocation-stats totalBytes="6130328" >
  <allocated-bytes non-tlh="88" tlh="6130240" />
  <largest-consumer threadName="main" threadId="0000000001B97A00" bytes="6118352" />
</allocation-stats>
<gc-op id="24" type="mark" timems="0.937" contextid="21" timestamp="2019-09-21T19:37:24.022">
  <trace-info objectcount="20877" scancount="17032" scanbytes="547232" />
  <finalization candidates="45" enqueued="0" />
  <ownableSynchronizers candidates="1" cleared="0" />
  <references type="soft" candidates="66" cleared="0" enqueued="0" dynamicThreshold="26" maxThreshold="32" />
  <references type="weak" candidates="382" cleared="0" enqueued="0" />
  <references type="phantom" candidates="81" cleared="0" enqueued="0" />
  <stringconstants candidates="2485" cleared="0"  />
</gc-op>
<gc-op id="25" type="sweep" timems="0.257" contextid="21" timestamp="2019-09-21T19:37:24.022" />
<mem-info id="26" free="7026944" total="8454144" percent="83">
  <mem type="tenure" free="7026944" total="8454144" percent="83" micro-fragmented="8464" macro-fragmented="0">
    <mem type="soa" free="6605056" total="8032256" percent="82" />
    <mem type="loa" free="421888" total="421888" percent="100" />
  </mem>
</mem-info>
<gc-op id="27" type="compact" timems="2.435" contextid="21" timestamp="2019-09-21T19:37:24.025">
  <compact-info movecount="9778" movebytes="927320" reason="compact to aid heap contraction" />
</gc-op>
<heap-resize id="28" type="expand" space="tenure" amount="65536" count="1" timems="0.022" reason="satisfy allocation request" timestamp="2019-09-21T19:37:24.025" />
<gc-end id="29" type="global" contextid="21" durationms="4.487" usertimems="0.000" systemtimems="4.000" timestamp="2019-09-21T19:37:24.025" activeThreads="8">
  <mem-info id="30" free="7051144" total="8519680" percent="82">
    <mem type="tenure" free="7051144" total="8519680" percent="82">
      <mem type="soa" free="6625160" total="8093696" percent="81" />
      <mem type="loa" free="425984" total="425984" percent="100" />
    </mem>
  </mem-info>
</gc-end>
<cycle-end id="31" type="global" contextid="21" timestamp="2019-09-21T19:37:24.025" />
  <attribute name="elasticGC enabled" value="1" />
  <attribute name= "numThreadsSpecified" value="8" />
  <attribute name="heapSize specified" value="8454144" />
  <attribute name="Current GC Util" value="37" />
  <attribute name= "Current Time Running" value="748" />
  <attribute name ="GC Interval" value="0" />
  <attribute name="Target GC Util Change" value ="40.000000" />
  <attribute name="Current GC Util Change" value="37.000000"/>
  <attribute name="Current Error" value="-26.000000" />
  <attribute name="Output H" value="8491976"/>
  <attribute name="Output I" value="1992"/>
  <attribute name="Output T" value="8"/>
  <attribute name= "Current Time Running" value="748" />
  <attribute name="GC Util currently" value="37" />
  <attribute name="CPU Util currently" value="886872928939" />
<allocation-satisfied id="32" threadId="0000000001B97A00" bytesRequested="14744" />
<af-end id="33" timestamp="2019-09-21T19:37:24.025" threadId="0000000001B98388" success="true" />
<exclusive-end id="34" timestamp="2019-09-21T19:37:24.026" durationms="5.040" />

<exclusive-start id="35" timestamp="2019-09-21T19:37:24.026" intervalms="5.638">
  <response-info timems="0.048" idlems="0.048" threads="0" lastid="0000000001B97A00" lastname="main" />
</exclusive-start>
<af-start id="36" threadId="0000000001B98388" totalBytesRequested="19824" timestamp="2019-09-21T19:37:24.026" intervalms="5.643" />
<cycle-start id="37" type="global" contextid="0" timestamp="2019-09-21T19:37:24.026" intervalms="5.643" />
<gc-start id="38" type="global" contextid="37" timestamp="2019-09-21T19:37:24.026">
  <mem-info id="39" free="425984" total="8519680" percent="5">
    <mem type="tenure" free="425984" total="8519680" percent="5">
      <mem type="soa" free="0" total="8093696" percent="0" />
      <mem type="loa" free="425984" total="425984" percent="100" />
    </mem>
  </mem-info>
</gc-start>
<allocation-stats totalBytes="5949600" >
  <allocated-bytes non-tlh="0" tlh="5949600" />
  <largest-consumer threadName="main" threadId="0000000001B97A00" bytes="5945504" />
</allocation-stats>
<gc-op id="40" type="mark" timems="0.926" contextid="37" timestamp="2019-09-21T19:37:24.027">
  <trace-info objectcount="20777" scancount="16938" scanbytes="544656" />
  <finalization candidates="45" enqueued="0" />
  <ownableSynchronizers candidates="1" cleared="0" />
  <references type="soft" candidates="66" cleared="0" enqueued="0" dynamicThreshold="26" maxThreshold="32" />
  <references type="weak" candidates="382" cleared="0" enqueued="0" />
  <references type="phantom" candidates="80" cleared="0" enqueued="0" />
  <stringconstants candidates="2485" cleared="0"  />
</gc-op>
<gc-op id="41" type="sweep" timems="0.179" contextid="37" timestamp="2019-09-21T19:37:24.028" />
<mem-info id="42" free="7210128" total="8519680" percent="84">
  <mem type="tenure" free="7210128" total="8519680" percent="84" micro-fragmented="3641" macro-fragmented="0">
    <mem type="soa" free="6784144" total="8093696" percent="83" />
    <mem type="loa" free="425984" total="425984" percent="100" />
  </mem>
</mem-info>
<gc-op id="43" type="compact" timems="2.554" contextid="37" timestamp="2019-09-21T19:37:24.030">
  <compact-info movecount="8712" movebytes="789088" reason="compact to aid heap contraction" />
</gc-op>
<heap-resize id="44" type="expand" space="tenure" amount="65536" count="1" timems="0.024" reason="satisfy allocation request" timestamp="2019-09-21T19:37:24.031" />
<gc-end id="45" type="global" contextid="37" durationms="4.582" usertimems="4.000" systemtimems="4.000" timestamp="2019-09-21T19:37:24.031" activeThreads="8">
  <mem-info id="46" free="7212680" total="8585216" percent="84">
    <mem type="tenure" free="7212680" total="8585216" percent="84">
      <mem type="soa" free="6783624" total="8156160" percent="83" />
      <mem type="loa" free="429056" total="429056" percent="100" />
    </mem>
  </mem-info>
</gc-end>
<cycle-end id="47" type="global" contextid="37" timestamp="2019-09-21T19:37:24.031" />
  <attribute name="elasticGC enabled" value="1" />
  <attribute name= "numThreadsSpecified" value="8" />
  <attribute name="heapSize specified" value="8519680" />
  <attribute name="Current GC Util" value="34" />
  <attribute name= "Current Time Running" value="753" />
  <attribute name ="GC Interval" value="0" />
  <attribute name="Target GC Util Change" value ="40.000000" />
  <attribute name="Current GC Util Change" value="34.000000"/>
  <attribute name="Current Error" value="6.000000" />
  <attribute name="Output H" value="8557528"/>
  <attribute name="Output I" value="2008"/>
  <attribute name="Output T" value="8"/>
  <attribute name= "Current Time Running" value="753" />
  <attribute name="GC Util currently" value="34" />
  <attribute name="CPU Util currently" value="838511235438" />
<allocation-satisfied id="48" threadId="0000000001B97A00" bytesRequested="19824" />
<af-end id="49" timestamp="2019-09-21T19:37:24.031" threadId="0000000001B98388" success="true" />
<exclusive-end id="50" timestamp="2019-09-21T19:37:24.032" durationms="5.440" />

<exclusive-start id="51" timestamp="2019-09-21T19:37:24.032" intervalms="6.170">
  <response-info timems="0.029" idlems="0.029" threads="0" lastid="0000000001B97A00" lastname="main" />
</exclusive-start>
<af-start id="52" threadId="0000000001B98388" totalBytesRequested="46768" timestamp="2019-09-21T19:37:24.032" intervalms="6.165" />
<cycle-start id="53" type="global" contextid="0" timestamp="2019-09-21T19:37:24.032" intervalms="6.164" />
<gc-start id="54" type="global" contextid="53" timestamp="2019-09-21T19:37:24.033">
  <mem-info id="55" free="429056" total="8585216" percent="4">
    <mem type="tenure" free="429056" total="8585216" percent="4">
      <mem type="soa" free="0" total="8156160" percent="0" />
      <mem type="loa" free="429056" total="429056" percent="100" />
    </mem>
  </mem-info>
</gc-start>
<allocation-stats totalBytes="5547712" >
  <allocated-bytes non-tlh="39640" tlh="5508072" />
  <largest-consumer threadName="main" threadId="0000000001B97A00" bytes="5547712" />
</allocation-stats>
<gc-op id="56" type="mark" timems="0.893" contextid="53" timestamp="2019-09-21T19:37:24.034">
  <trace-info objectcount="20775" scancount="16937" scanbytes="544640" />
  <finalization candidates="45" enqueued="0" />
  <ownableSynchronizers candidates="1" cleared="0" />
  <references type="soft" candidates="66" cleared="0" enqueued="0" dynamicThreshold="26" maxThreshold="32" />
  <references type="weak" candidates="382" cleared="0" enqueued="0" />
  <references type="phantom" candidates="80" cleared="0" enqueued="0" />
  <stringconstants candidates="2485" cleared="0"  />
</gc-op>
<gc-op id="57" type="sweep" timems="0.171" contextid="53" timestamp="2019-09-21T19:37:24.034" />
<mem-info id="58" free="7274672" total="8585216" percent="84">
  <mem type="tenure" free="7274672" total="8585216" percent="84" micro-fragmented="0" macro-fragmented="0">
    <mem type="soa" free="6845616" total="8156160" percent="83" />
    <mem type="loa" free="429056" total="429056" percent="100" />
  </mem>
</mem-info>
<gc-op id="59" type="compact" timems="1.191" contextid="53" timestamp="2019-09-21T19:37:24.035">
  <compact-info movecount="2" movebytes="23408" reason="compact to aid heap contraction" />
</gc-op>
<heap-resize id="60" type="expand" space="tenure" amount="65536" count="1" timems="0.010" reason="satisfy allocation request" timestamp="2019-09-21T19:37:24.036" />
<gc-end id="61" type="global" contextid="53" durationms="3.148" usertimems="4.000" systemtimems="0.000" timestamp="2019-09-21T19:37:24.036" activeThreads="8">
  <mem-info id="62" free="7274712" total="8650752" percent="84">
    <mem type="tenure" free="7274712" total="8650752" percent="84">
      <mem type="soa" free="6842584" total="8218624" percent="83" />
      <mem type="loa" free="432128" total="432128" percent="100" />
    </mem>
  </mem-info>
</gc-end>
<cycle-end id="63" type="global" contextid="53" timestamp="2019-09-21T19:37:24.036" />
  <attribute name="elasticGC enabled" value="1" />
  <attribute name= "numThreadsSpecified" value="8" />
  <attribute name="heapSize specified" value="8585216" />
  <attribute name="Current GC Util" value="41" />
  <attribute name= "Current Time Running" value="758" />
  <attribute name ="GC Interval" value="0" />
  <attribute name="Target GC Util Change" value ="40.000000" />
  <attribute name="Current GC Util Change" value="41.000000"/>
  <attribute name="Current Error" value="-148.000000" />
  <attribute name="Output H" value="8622976"/>
  <attribute name="Output I" value="1920"/>
  <attribute name="Output T" value="8"/>
  <attribute name= "Current Time Running" value="758" />
  <attribute name="GC Util currently" value="41" />
  <attribute name="CPU Util currently" value="1721824308891" />
<allocation-satisfied id="64" threadId="0000000001B97A00" bytesRequested="46768" />
<af-end id="65" timestamp="2019-09-21T19:37:24.036" threadId="0000000001B98388" success="true" />
<exclusive-end id="66" timestamp="2019-09-21T19:37:24.036" durationms="3.890" />

<exclusive-start id="67" timestamp="2019-09-21T19:37:24.037" intervalms="4.476">
  <response-info timems="0.026" idlems="0.026" threads="0" lastid="0000000001B97A00" lastname="main" />
</exclusive-start>
<af-start id="68" threadId="0000000001B98388" totalBytesRequested="26616" timestamp="2019-09-21T19:37:24.037" intervalms="4.483" />
<cycle-start id="69" type="global" contextid="0" timestamp="2019-09-21T19:37:24.037" intervalms="4.554" />
<gc-start id="70" type="global" contextid="69" timestamp="2019-09-21T19:37:24.037">
  <mem-info id="71" free="432128" total="8650752" percent="4">
    <mem type="tenure" free="432128" total="8650752" percent="4">
      <mem type="soa" free="0" total="8218624" percent="0" />
      <mem type="loa" free="432128" total="432128" percent="100" />
    </mem>
  </mem-info>
</gc-start>
<allocation-stats totalBytes="5481072" >
  <allocated-bytes non-tlh="140944" tlh="5340128" />
  <largest-consumer threadName="main" threadId="0000000001B97A00" bytes="5481072" />
</allocation-stats>
<gc-op id="72" type="mark" timems="0.904" contextid="69" timestamp="2019-09-21T19:37:24.038">
  <trace-info objectcount="20777" scancount="16938" scanbytes="544656" />
  <finalization candidates="45" enqueued="0" />
  <ownableSynchronizers candidates="1" cleared="0" />
  <references type="soft" candidates="66" cleared="0" enqueued="0" dynamicThreshold="26" maxThreshold="32" />
  <references type="weak" candidates="382" cleared="0" enqueued="0" />
  <references type="phantom" candidates="80" cleared="0" enqueued="0" />
  <stringconstants candidates="2485" cleared="0"  />
</gc-op>
<gc-op id="73" type="sweep" timems="0.216" contextid="69" timestamp="2019-09-21T19:37:24.038" />
<mem-info id="74" free="7336960" total="8650752" percent="84">
  <mem type="tenure" free="7336960" total="8650752" percent="84" micro-fragmented="0" macro-fragmented="0">
    <mem type="soa" free="6904832" total="8218624" percent="84" />
    <mem type="loa" free="432128" total="432128" percent="100" />
  </mem>
</mem-info>
<gc-op id="75" type="compact" timems="1.074" contextid="69" timestamp="2019-09-21T19:37:24.040">
  <compact-info movecount="4" movebytes="26696" reason="compact to aid heap contraction" />
</gc-op>
<heap-resize id="76" type="expand" space="tenure" amount="65536" count="1" timems="0.011" reason="satisfy allocation request" timestamp="2019-09-21T19:37:24.040" />
<gc-end id="77" type="global" contextid="69" durationms="2.995" usertimems="4.000" systemtimems="0.000" timestamp="2019-09-21T19:37:24.040" activeThreads="8">
  <mem-info id="78" free="7336960" total="8716288" percent="84">
    <mem type="tenure" free="7336960" total="8716288" percent="84">
      <mem type="soa" free="6901760" total="8281088" percent="83" />
      <mem type="loa" free="435200" total="435200" percent="100" />
    </mem>
  </mem-info>
</gc-end>
<cycle-end id="79" type="global" contextid="69" timestamp="2019-09-21T19:37:24.040" />
  <attribute name="elasticGC enabled" value="1" />
  <attribute name= "numThreadsSpecified" value="8" />
  <attribute name="heapSize specified" value="8650752" />
  <attribute name="Current GC Util" value="42" />
  <attribute name= "Current Time Running" value="762" />
  <attribute name ="GC Interval" value="0" />
  <attribute name="Target GC Util Change" value ="40.000000" />
  <attribute name="Current GC Util Change" value="42.000000"/>
  <attribute name="Current Error" value="-31.000000" />
  <attribute name="Output H" value="8688576"/>
  <attribute name="Output I" value="1984"/>
  <attribute name="Output T" value="8"/>
  <attribute name= "Current Time Running" value="762" />
  <attribute name="GC Util currently" value="42" />
  <attribute name="CPU Util currently" value="1877829362326" />
<allocation-satisfied id="80" threadId="0000000001B97A00" bytesRequested="26616" />
<af-end id="81" timestamp="2019-09-21T19:37:24.040" threadId="0000000001B98388" success="true" />
<exclusive-end id="82" timestamp="2019-09-21T19:37:24.041" durationms="3.763" />

<exclusive-start id="83" timestamp="2019-09-21T19:37:24.041" intervalms="4.409">
  <response-info timems="0.051" idlems="0.051" threads="0" lastid="0000000001B97A00" lastname="main" />
</exclusive-start>
<af-start id="84" threadId="0000000001B98388" totalBytesRequested="30056" timestamp="2019-09-21T19:37:24.041" intervalms="4.399" />
<cycle-start id="85" type="global" contextid="0" timestamp="2019-09-21T19:37:24.041" intervalms="4.351" />
<gc-start id="86" type="global" contextid="85" timestamp="2019-09-21T19:37:24.041">
  <mem-info id="87" free="435200" total="8716288" percent="4">
    <mem type="tenure" free="435200" total="8716288" percent="4">
      <mem type="soa" free="0" total="8281088" percent="0" />
      <mem type="loa" free="435200" total="435200" percent="100" />
    </mem>
  </mem-info>
</gc-start>
<allocation-stats totalBytes="6132328" >
  <allocated-bytes non-tlh="214472" tlh="5917856" />
  <largest-consumer threadName="main" threadId="0000000001B97A00" bytes="6132328" />
</allocation-stats>
<gc-op id="88" type="mark" timems="1.947" contextid="85" timestamp="2019-09-21T19:37:24.043">
  <trace-info objectcount="20777" scancount="16937" scanbytes="544656" />
  <finalization candidates="45" enqueued="0" />
  <ownableSynchronizers candidates="1" cleared="0" />
  <references type="soft" candidates="66" cleared="0" enqueued="0" dynamicThreshold="26" maxThreshold="32" />
  <references type="weak" candidates="382" cleared="0" enqueued="0" />
  <references type="phantom" candidates="80" cleared="0" enqueued="0" />
  <stringconstants candidates="2485" cleared="0"  />
</gc-op>
<gc-op id="89" type="sweep" timems="0.178" contextid="85" timestamp="2019-09-21T19:37:24.044" />
<mem-info id="90" free="7399056" total="8716288" percent="84">
  <mem type="tenure" free="7399056" total="8716288" percent="84" micro-fragmented="0" macro-fragmented="0">
    <mem type="soa" free="6963856" total="8281088" percent="84" />
    <mem type="loa" free="435200" total="435200" percent="100" />
  </mem>
</mem-info>
<gc-op id="91" type="compact" timems="1.165" contextid="85" timestamp="2019-09-21T19:37:24.045">
  <compact-info movecount="4" movebytes="30136" reason="compact to aid heap contraction" />
</gc-op>
<heap-resize id="92" type="expand" space="tenure" amount="65536" count="1" timems="0.011" reason="satisfy allocation request" timestamp="2019-09-21T19:37:24.045" />
<gc-end id="93" type="global" contextid="85" durationms="3.954" usertimems="4.000" systemtimems="0.000" timestamp="2019-09-21T19:37:24.045" activeThreads="8">
  <mem-info id="94" free="7399056" total="8781824" percent="84">
    <mem type="tenure" free="7399056" total="8781824" percent="84">
      <mem type="soa" free="6960784" total="8343552" percent="83" />
      <mem type="loa" free="438272" total="438272" percent="100" />
    </mem>
  </mem-info>
</gc-end>
<cycle-end id="95" type="global" contextid="85" timestamp="2019-09-21T19:37:24.046" />
  <attribute name="elasticGC enabled" value="1" />
  <attribute name= "numThreadsSpecified" value="8" />
  <attribute name="heapSize specified" value="8716288" />
  <attribute name="Current GC Util" value="46" />
  <attribute name= "Current Time Running" value="768" />
  <attribute name ="GC Interval" value="0" />
  <attribute name="Target GC Util Change" value ="40.000000" />
  <attribute name="Current GC Util Change" value="46.000000"/>
  <attribute name="Current Error" value="-6.000000" />
  <attribute name="Output H" value="8754128"/>
  <attribute name="Output I" value="2000"/>
  <attribute name="Output T" value="8"/>
  <attribute name= "Current Time Running" value="768" />
  <attribute name="GC Util currently" value="46" />
  <attribute name="CPU Util currently" value="1841734998002" />
<allocation-satisfied id="96" threadId="0000000001B97A00" bytesRequested="30056" />
<af-end id="97" timestamp="2019-09-21T19:37:24.046" threadId="0000000001B98388" success="true" />
<exclusive-end id="98" timestamp="2019-09-21T19:37:24.046" durationms="4.578" />

<exclusive-start id="99" timestamp="2019-09-21T19:37:24.047" intervalms="5.307">
  <response-info timems="0.044" idlems="0.044" threads="0" lastid="0000000001B97A00" lastname="main" />
</exclusive-start>
<af-start id="100" threadId="0000000001B98388" totalBytesRequested="33328" timestamp="2019-09-21T19:37:24.047" intervalms="5.363" />
<cycle-start id="101" type="global" contextid="0" timestamp="2019-09-21T19:37:24.047" intervalms="5.391" />
<gc-start id="102" type="global" contextid="101" timestamp="2019-09-21T19:37:24.047">
  <mem-info id="103" free="371632" total="8781824" percent="4">
    <mem type="tenure" free="371632" total="8781824" percent="4">
      <mem type="soa" free="0" total="8343552" percent="0" />
      <mem type="loa" free="371632" total="438272" percent="84" />
    </mem>
  </mem-info>
</gc-start>
<allocation-stats totalBytes="6562800" >
  <allocated-bytes non-tlh="694080" tlh="5868720" />
  <largest-consumer threadName="main" threadId="0000000001B97A00" bytes="6562800" />
</allocation-stats>
<gc-op id="104" type="mark" timems="4.304" contextid="101" timestamp="2019-09-21T19:37:24.051">
  <trace-info objectcount="20775" scancount="16936" scanbytes="544632" />
  <finalization candidates="45" enqueued="0" />
  <ownableSynchronizers candidates="1" cleared="0" />
  <references type="soft" candidates="66" cleared="0" enqueued="0" dynamicThreshold="26" maxThreshold="32" />
  <references type="weak" candidates="382" cleared="0" enqueued="0" />
  <references type="phantom" candidates="80" cleared="0" enqueued="0" />
  <stringconstants candidates="2485" cleared="0"  />
</gc-op>
<gc-op id="105" type="sweep" timems="0.225" contextid="101" timestamp="2019-09-21T19:37:24.052" />
<mem-info id="106" free="7428072" total="8781824" percent="84">
  <mem type="tenure" free="7428072" total="8781824" percent="84" micro-fragmented="0" macro-fragmented="0">
    <mem type="soa" free="7056440" total="8343552" percent="84" />
    <mem type="loa" free="371632" total="438272" percent="84" />
  </mem>
</mem-info>
<gc-op id="107" type="compact" timems="1.217" contextid="101" timestamp="2019-09-21T19:37:24.053">
  <compact-info movecount="2" movebytes="66656" reason="compact to aid heap contraction" />
</gc-op>
<heap-resize id="108" type="expand" space="tenure" amount="65536" count="1" timems="0.010" reason="satisfy allocation request" timestamp="2019-09-21T19:37:24.053" />
<gc-end id="109" type="global" contextid="101" durationms="6.724" usertimems="8.000" systemtimems="0.000" timestamp="2019-09-21T19:37:24.054" activeThreads="8">
  <mem-info id="110" free="7428072" total="8847360" percent="83">
    <mem type="tenure" free="7428072" total="8847360" percent="83">
      <mem type="soa" free="6985704" total="8404992" percent="83" />
      <mem type="loa" free="442368" total="442368" percent="100" />
    </mem>
  </mem-info>
</gc-end>
<cycle-end id="111" type="global" contextid="101" timestamp="2019-09-21T19:37:24.054" />
  <attribute name="elasticGC enabled" value="1" />
  <attribute name= "numThreadsSpecified" value="8" />
  <attribute name="heapSize specified" value="8781824" />
  <attribute name="Current GC Util" value="45" />
  <attribute name= "Current Time Running" value="776" />
  <attribute name ="GC Interval" value="0" />
  <attribute name="Target GC Util Change" value ="40.000000" />
  <attribute name="Current GC Util Change" value="45.000000"/>
  <attribute name="Current Error" value="-119.000000" />
  <attribute name="Output H" value="8819600"/>
  <attribute name="Output I" value="1936"/>
  <attribute name="Output T" value="8"/>
  <attribute name= "Current Time Running" value="776" />
  <attribute name="GC Util currently" value="45" />
  <attribute name="CPU Util currently" value="1673525012220" />
<allocation-satisfied id="112" threadId="0000000001B97A00" bytesRequested="33328" />
<af-end id="113" timestamp="2019-09-21T19:37:24.054" threadId="0000000001B98388" success="true" />
<exclusive-end id="114" timestamp="2019-09-21T19:37:24.054" durationms="7.447" />

<exclusive-start id="115" timestamp="2019-09-21T19:37:24.055" intervalms="8.026">
  <response-info timems="0.062" idlems="0.062" threads="0" lastid="0000000001B97A00" lastname="main" />
</exclusive-start>
<af-start id="116" threadId="0000000001B98388" totalBytesRequested="36096" timestamp="2019-09-21T19:37:24.055" intervalms="7.979" />
<cycle-start id="117" type="global" contextid="0" timestamp="2019-09-21T19:37:24.055" intervalms="7.966" />
<gc-start id="118" type="global" contextid="117" timestamp="2019-09-21T19:37:24.055">
  <mem-info id="119" free="442368" total="8847360" percent="5">
    <mem type="tenure" free="442368" total="8847360" percent="5">
      <mem type="soa" free="0" total="8404992" percent="0" />
      <mem type="loa" free="442368" total="442368" percent="100" />
    </mem>
  </mem-info>
</gc-start>
<allocation-stats totalBytes="6008424" >
  <allocated-bytes non-tlh="1592312" tlh="4416112" />
  <largest-consumer threadName="main" threadId="0000000001B97A00" bytes="6008424" />
</allocation-stats>
<gc-op id="120" type="mark" timems="1.647" contextid="117" timestamp="2019-09-21T19:37:24.057">
  <trace-info objectcount="20777" scancount="16938" scanbytes="544656" />
  <finalization candidates="45" enqueued="0" />
  <ownableSynchronizers candidates="1" cleared="0" />
  <references type="soft" candidates="66" cleared="0" enqueued="0" dynamicThreshold="26" maxThreshold="32" />
  <references type="weak" candidates="382" cleared="0" enqueued="0" />
  <references type="phantom" candidates="80" cleared="0" enqueued="0" />
  <stringconstants candidates="2485" cleared="0"  />
</gc-op>
<gc-op id="121" type="sweep" timems="0.177" contextid="117" timestamp="2019-09-21T19:37:24.057" />
<mem-info id="122" free="7524088" total="8847360" percent="85">
  <mem type="tenure" free="7524088" total="8847360" percent="85" micro-fragmented="0" macro-fragmented="0">
    <mem type="soa" free="7081720" total="8404992" percent="84" />
    <mem type="loa" free="442368" total="442368" percent="100" />
  </mem>
</mem-info>
<gc-op id="123" type="compact" timems="1.152" contextid="117" timestamp="2019-09-21T19:37:24.058">
  <compact-info movecount="4" movebytes="36176" reason="compact to aid heap contraction" />
</gc-op>
<heap-resize id="124" type="expand" space="tenure" amount="65536" count="1" timems="0.011" reason="satisfy allocation request" timestamp="2019-09-21T19:37:24.058" />
<gc-end id="125" type="global" contextid="117" durationms="3.704" usertimems="8.000" systemtimems="0.000" timestamp="2019-09-21T19:37:24.058" activeThreads="8">
  <mem-info id="126" free="7524088" total="8912896" percent="84">
    <mem type="tenure" free="7524088" total="8912896" percent="84">
      <mem type="soa" free="7078648" total="8467456" percent="83" />
      <mem type="loa" free="445440" total="445440" percent="100" />
    </mem>
  </mem-info>
</gc-end>
<cycle-end id="127" type="global" contextid="117" timestamp="2019-09-21T19:37:24.059" />
  <attribute name="elasticGC enabled" value="1" />
  <attribute name= "numThreadsSpecified" value="8" />
  <attribute name="heapSize specified" value="8847360" />
  <attribute name="Current GC Util" value="51" />
  <attribute name= "Current Time Running" value="781" />
  <attribute name ="GC Interval" value="0" />
  <attribute name="Target GC Util Change" value ="40.000000" />
  <attribute name="Current GC Util Change" value="51.000000"/>
  <attribute name="Current Error" value="-65.000000" />
  <attribute name="Output H" value="8885168"/>
  <attribute name="Output I" value="1968"/>
  <attribute name="Output T" value="8"/>
  <attribute name= "Current Time Running" value="781" />
  <attribute name="GC Util currently" value="51" />
  <attribute name="CPU Util currently" value="1785126859316" />
<allocation-satisfied id="128" threadId="0000000001B97A00" bytesRequested="36096" />
<af-end id="129" timestamp="2019-09-21T19:37:24.059" threadId="0000000001B98388" success="true" />
<exclusive-end id="130" timestamp="2019-09-21T19:37:24.059" durationms="4.445" />

<exclusive-start id="131" timestamp="2019-09-21T19:37:24.060" intervalms="5.101">
  <response-info timems="0.047" idlems="0.047" threads="0" lastid="0000000001B97A00" lastname="main" />
</exclusive-start>
<af-start id="132" threadId="0000000001B98388" totalBytesRequested="38680" timestamp="2019-09-21T19:37:24.060" intervalms="5.142" />
<cycle-start id="133" type="global" contextid="0" timestamp="2019-09-21T19:37:24.060" intervalms="5.198" />
<gc-start id="134" type="global" contextid="133" timestamp="2019-09-21T19:37:24.060">
  <mem-info id="135" free="368088" total="8912896" percent="4">
    <mem type="tenure" free="368088" total="8912896" percent="4">
      <mem type="soa" free="0" total="8467456" percent="0" />
      <mem type="loa" free="368088" total="445440" percent="82" />
    </mem>
  </mem-info>
</gc-start>
<allocation-stats totalBytes="6428584" >
  <allocated-bytes non-tlh="1861488" tlh="4567096" />
  <largest-consumer threadName="main" threadId="0000000001B97A00" bytes="6428584" />
</allocation-stats>
<gc-op id="136" type="mark" timems="0.713" contextid="133" timestamp="2019-09-21T19:37:24.061">
  <trace-info objectcount="20777" scancount="16937" scanbytes="544656" />
  <finalization candidates="45" enqueued="0" />
  <ownableSynchronizers candidates="1" cleared="0" />
  <references type="soft" candidates="66" cleared="0" enqueued="0" dynamicThreshold="27" maxThreshold="32" />
  <references type="weak" candidates="382" cleared="0" enqueued="0" />
  <references type="phantom" candidates="80" cleared="0" enqueued="0" />
  <stringconstants candidates="2485" cleared="0"  />
</gc-op>
<gc-op id="137" type="sweep" timems="0.205" contextid="133" timestamp="2019-09-21T19:37:24.061" />
<mem-info id="138" free="7587040" total="8912896" percent="85">
  <mem type="tenure" free="7587040" total="8912896" percent="85" micro-fragmented="0" macro-fragmented="0">
    <mem type="soa" free="7141600" total="8467456" percent="84" />
    <mem type="loa" free="445440" total="445440" percent="100" />
  </mem>
</mem-info>
<gc-op id="139" type="compact" timems="1.230" contextid="133" timestamp="2019-09-21T19:37:24.063">
  <compact-info movecount="4" movebytes="38760" reason="compact to aid heap contraction" />
</gc-op>
<heap-resize id="140" type="expand" space="tenure" amount="65536" count="1" timems="0.009" reason="satisfy allocation request" timestamp="2019-09-21T19:37:24.063" />
<gc-end id="141" type="global" contextid="133" durationms="2.978" usertimems="4.000" systemtimems="0.000" timestamp="2019-09-21T19:37:24.063" activeThreads="8">
  <mem-info id="142" free="7587040" total="8978432" percent="84">
    <mem type="tenure" free="7587040" total="8978432" percent="84">
      <mem type="soa" free="7138528" total="8529920" percent="83" />
      <mem type="loa" free="448512" total="448512" percent="100" />
    </mem>
  </mem-info>
</gc-end>
<cycle-end id="143" type="global" contextid="133" timestamp="2019-09-21T19:37:24.063" />
  <attribute name="elasticGC enabled" value="1" />
  <attribute name= "numThreadsSpecified" value="8" />
  <attribute name="heapSize specified" value="8912896" />
  <attribute name="Current GC Util" value="49" />
  <attribute name= "Current Time Running" value="785" />
  <attribute name ="GC Interval" value="0" />
  <attribute name="Target GC Util Change" value ="40.000000" />
  <attribute name="Current GC Util Change" value="49.000000"/>
  <attribute name="Current Error" value="-9.000000" />
  <attribute name="Output H" value="8950736"/>
  <attribute name="Output I" value="2000"/>
  <attribute name="Output T" value="8"/>
  <attribute name= "Current Time Running" value="785" />
  <attribute name="GC Util currently" value="49" />
  <attribute name="CPU Util currently" value="1681427931850" />
<allocation-satisfied id="144" threadId="0000000001B97A00" bytesRequested="38680" />
<af-end id="145" timestamp="2019-09-21T19:37:24.063" threadId="0000000001B98388" success="true" />
<exclusive-end id="146" timestamp="2019-09-21T19:37:24.063" durationms="3.829" />

<exclusive-start id="147" timestamp="2019-09-21T19:37:24.064" intervalms="4.461">
  <response-info timems="0.027" idlems="0.027" threads="0" lastid="0000000001B97A00" lastname="main" />
</exclusive-start>
<af-start id="148" threadId="0000000001B98388" totalBytesRequested="41192" timestamp="2019-09-21T19:37:24.064" intervalms="4.475" />
<cycle-start id="149" type="global" contextid="0" timestamp="2019-09-21T19:37:24.064" intervalms="4.449" />
<gc-start id="150" type="global" contextid="149" timestamp="2019-09-21T19:37:24.064">
  <mem-info id="151" free="448512" total="8978432" percent="4">
    <mem type="tenure" free="448512" total="8978432" percent="4">
      <mem type="soa" free="0" total="8529920" percent="0" />
      <mem type="loa" free="448512" total="448512" percent="100" />
    </mem>
  </mem-info>
</gc-start>
<allocation-stats totalBytes="6724200" >
  <allocated-bytes non-tlh="1953600" tlh="4770600" />
  <largest-consumer threadName="main" threadId="0000000001B97A00" bytes="6724200" />
</allocation-stats>
<gc-op id="152" type="mark" timems="0.769" contextid="149" timestamp="2019-09-21T19:37:24.065">
  <trace-info objectcount="20777" scancount="16937" scanbytes="544656" />
  <finalization candidates="45" enqueued="0" />
  <ownableSynchronizers candidates="1" cleared="0" />
  <references type="soft" candidates="66" cleared="0" enqueued="0" dynamicThreshold="27" maxThreshold="32" />
  <references type="weak" candidates="382" cleared="0" enqueued="0" />
  <references type="phantom" candidates="80" cleared="0" enqueued="0" />
  <stringconstants candidates="2485" cleared="0"  />
</gc-op>
<gc-op id="153" type="sweep" timems="0.212" contextid="149" timestamp="2019-09-21T19:37:24.066" />
<mem-info id="154" free="7650064" total="8978432" percent="85">
  <mem type="tenure" free="7650064" total="8978432" percent="85" micro-fragmented="0" macro-fragmented="0">
    <mem type="soa" free="7201552" total="8529920" percent="84" />
    <mem type="loa" free="448512" total="448512" percent="100" />
  </mem>
</mem-info>
<gc-op id="155" type="compact" timems="1.259" contextid="149" timestamp="2019-09-21T19:37:24.067">
  <compact-info movecount="4" movebytes="41272" reason="compact to aid heap contraction" />
</gc-op>
<heap-resize id="156" type="expand" space="tenure" amount="65536" count="1" timems="0.009" reason="satisfy allocation request" timestamp="2019-09-21T19:37:24.067" />
<gc-end id="157" type="global" contextid="149" durationms="2.950" usertimems="4.000" systemtimems="0.000" timestamp="2019-09-21T19:37:24.067" activeThreads="8">
  <mem-info id="158" free="7650064" total="9043968" percent="84">
    <mem type="tenure" free="7650064" total="9043968" percent="84">
      <mem type="soa" free="7198480" total="8592384" percent="83" />
      <mem type="loa" free="451584" total="451584" percent="100" />
    </mem>
  </mem-info>
</gc-end>
<cycle-end id="159" type="global" contextid="149" timestamp="2019-09-21T19:37:24.068" />
  <attribute name="elasticGC enabled" value="1" />
  <attribute name= "numThreadsSpecified" value="8" />
  <attribute name="heapSize specified" value="8978432" />
  <attribute name="Current GC Util" value="49" />
  <attribute name= "Current Time Running" value="790" />
  <attribute name ="GC Interval" value="0" />
  <attribute name="Target GC Util Change" value ="40.000000" />
  <attribute name="Current GC Util Change" value="49.000000"/>
  <attribute name="Current Error" value="-168.000000" />
  <attribute name="Output H" value="9016176"/>
  <attribute name="Output I" value="1904"/>
  <attribute name="Output T" value="8"/>
  <attribute name= "Current Time Running" value="790" />
  <attribute name="GC Util currently" value="49" />
  <attribute name="CPU Util currently" value="1689706676388" />
<allocation-satisfied id="160" threadId="0000000001B97A00" bytesRequested="41192" />
<af-end id="161" timestamp="2019-09-21T19:37:24.068" threadId="0000000001B98388" success="true" />
<exclusive-end id="162" timestamp="2019-09-21T19:37:24.068" durationms="3.759" />

<exclusive-start id="163" timestamp="2019-09-21T19:37:24.068" intervalms="4.343">
  <response-info timems="0.040" idlems="0.040" threads="0" lastid="0000000001B97A00" lastname="main" />
</exclusive-start>
<af-start id="164" threadId="0000000001B98388" totalBytesRequested="44056" timestamp="2019-09-21T19:37:24.069" intervalms="4.290" />
<cycle-start id="165" type="global" contextid="0" timestamp="2019-09-21T19:37:24.069" intervalms="4.227" />
<gc-start id="166" type="global" contextid="165" timestamp="2019-09-21T19:37:24.069">
  <mem-info id="167" free="451584" total="9043968" percent="4">
    <mem type="tenure" free="451584" total="9043968" percent="4">
      <mem type="soa" free="0" total="8592384" percent="0" />
      <mem type="loa" free="451584" total="451584" percent="100" />
    </mem>
  </mem-info>
</gc-start>
<allocation-stats totalBytes="6821480" >
  <allocated-bytes non-tlh="2295520" tlh="4525960" />
  <largest-consumer threadName="main" threadId="0000000001B97A00" bytes="6821480" />
</allocation-stats>
<gc-op id="168" type="mark" timems="0.877" contextid="165" timestamp="2019-09-21T19:37:24.070">
  <trace-info objectcount="20777" scancount="16938" scanbytes="544656" />
  <finalization candidates="45" enqueued="0" />
  <ownableSynchronizers candidates="1" cleared="0" />
  <references type="soft" candidates="66" cleared="0" enqueued="0" dynamicThreshold="27" maxThreshold="32" />
  <references type="weak" candidates="382" cleared="0" enqueued="0" />
  <references type="phantom" candidates="80" cleared="0" enqueued="0" />
  <stringconstants candidates="2485" cleared="0"  />
</gc-op>
<gc-op id="169" type="sweep" timems="0.180" contextid="165" timestamp="2019-09-21T19:37:24.070" />
<mem-info id="170" free="7712736" total="9043968" percent="85">
  <mem type="tenure" free="7712736" total="9043968" percent="85" micro-fragmented="0" macro-fragmented="0">
    <mem type="soa" free="7261152" total="8592384" percent="84" />
    <mem type="loa" free="451584" total="451584" percent="100" />
  </mem>
</mem-info>
<gc-op id="171" type="compact" timems="1.238" contextid="165" timestamp="2019-09-21T19:37:24.071">
  <compact-info movecount="4" movebytes="44136" reason="compact to aid heap contraction" />
</gc-op>
<heap-resize id="172" type="expand" space="tenure" amount="65536" count="1" timems="0.011" reason="satisfy allocation request" timestamp="2019-09-21T19:37:24.072" />
<gc-end id="173" type="global" contextid="165" durationms="3.148" usertimems="0.000" systemtimems="4.000" timestamp="2019-09-21T19:37:24.072" activeThreads="8">
  <mem-info id="174" free="7712736" total="9109504" percent="84">
    <mem type="tenure" free="7712736" total="9109504" percent="84">
      <mem type="soa" free="7258080" total="8654848" percent="83" />
      <mem type="loa" free="454656" total="454656" percent="100" />
    </mem>
  </mem-info>
</gc-end>
<cycle-end id="175" type="global" contextid="165" timestamp="2019-09-21T19:37:24.072" />
  <attribute name="elasticGC enabled" value="1" />
  <attribute name= "numThreadsSpecified" value="8" />
  <attribute name="heapSize specified" value="9043968" />
  <attribute name="Current GC Util" value="46" />
  <attribute name= "Current Time Running" value="794" />
  <attribute name ="GC Interval" value="0" />
  <attribute name="Target GC Util Change" value ="40.000000" />
  <attribute name="Current GC Util Change" value="46.000000"/>
  <attribute name="Current Error" value="-76.000000" />
  <attribute name="Output H" value="9081768"/>
  <attribute name="Output I" value="1960"/>
  <attribute name="Output T" value="8"/>
  <attribute name= "Current Time Running" value="794" />
  <attribute name="GC Util currently" value="46" />
  <attribute name="CPU Util currently" value="1645711799918" />
<allocation-satisfied id="176" threadId="0000000001B97A00" bytesRequested="44056" />
<af-end id="177" timestamp="2019-09-21T19:37:24.072" threadId="0000000001B98388" success="true" />
<exclusive-end id="178" timestamp="2019-09-21T19:37:24.072" durationms="3.890" />

<exclusive-start id="179" timestamp="2019-09-21T19:37:24.073" intervalms="4.514">
  <response-info timems="0.028" idlems="0.028" threads="0" lastid="0000000001B97A00" lastname="main" />
</exclusive-start>
<af-start id="180" threadId="0000000001B98388" totalBytesRequested="46608" timestamp="2019-09-21T19:37:24.073" intervalms="4.508" />
<cycle-start id="181" type="global" contextid="0" timestamp="2019-09-21T19:37:24.073" intervalms="4.595" />
<gc-start id="182" type="global" contextid="181" timestamp="2019-09-21T19:37:24.073">
  <mem-info id="183" free="268760" total="9109504" percent="2">
    <mem type="tenure" free="268760" total="9109504" percent="2">
      <mem type="soa" free="0" total="8654848" percent="0" />
      <mem type="loa" free="268760" total="454656" percent="59" />
    </mem>
  </mem-info>
</gc-start>
<allocation-stats totalBytes="6299240" >
  <allocated-bytes non-tlh="3302648" tlh="2996592" />
  <largest-consumer threadName="main" threadId="0000000001B97A00" bytes="6299240" />
</allocation-stats>
<gc-op id="184" type="mark" timems="0.784" contextid="181" timestamp="2019-09-21T19:37:24.074">
  <trace-info objectcount="20774" scancount="16935" scanbytes="544616" />
  <finalization candidates="45" enqueued="0" />
  <ownableSynchronizers candidates="1" cleared="0" />
  <references type="soft" candidates="66" cleared="0" enqueued="0" dynamicThreshold="27" maxThreshold="32" />
  <references type="weak" candidates="382" cleared="0" enqueued="0" />
  <references type="phantom" candidates="80" cleared="0" enqueued="0" />
  <stringconstants candidates="2485" cleared="0"  />
</gc-op>
<gc-op id="185" type="sweep" timems="0.193" contextid="181" timestamp="2019-09-21T19:37:24.074" />
<mem-info id="186" free="7729456" total="9109504" percent="84">
  <mem type="tenure" free="7729456" total="9109504" percent="84" micro-fragmented="0" macro-fragmented="0">
    <mem type="soa" free="7367752" total="8654848" percent="85" />
    <mem type="loa" free="361704" total="454656" percent="79" />
  </mem>
</mem-info>
<gc-op id="187" type="compact" timems="1.187" contextid="181" timestamp="2019-09-21T19:37:24.076">
  <compact-info movecount="1" movebytes="92952" reason="compact to aid heap contraction" />
</gc-op>
<heap-resize id="188" type="expand" space="tenure" amount="65536" count="1" timems="0.008" reason="satisfy allocation request" timestamp="2019-09-21T19:37:24.076" />
<gc-end id="189" type="global" contextid="181" durationms="2.874" usertimems="4.000" systemtimems="0.000" timestamp="2019-09-21T19:37:24.076" activeThreads="1">
  <mem-info id="190" free="7729456" total="9175040" percent="84">
    <mem type="tenure" free="7729456" total="9175040" percent="84">
      <mem type="soa" free="7270704" total="8716288" percent="83" />
      <mem type="loa" free="458752" total="458752" percent="100" />
    </mem>
  </mem-info>
</gc-end>
<cycle-end id="191" type="global" contextid="181" timestamp="2019-09-21T19:37:24.076" />
  <attribute name="elasticGC enabled" value="1" />
  <attribute name= "numThreadsSpecified" value="1" />
  <attribute name="heapSize specified" value="9109504" />
  <attribute name="Current GC Util" value="51" />
  <attribute name= "Current Time Running" value="799" />
  <attribute name ="GC Interval" value="0" />
  <attribute name="Target GC Util Change" value ="40.000000" />
  <attribute name="Current GC Util Change" value="51.000000"/>
  <attribute name="Current Error" value="-11.000000" />
  <attribute name="Output H" value="9147344"/>
  <attribute name="Output I" value="2000"/>
  <attribute name="Output T" value="1"/>
  <attribute name= "Current Time Running" value="799" />
  <attribute name="GC Util currently" value="51" />
  <attribute name="CPU Util currently" value="1783002490247" />
<allocation-satisfied id="192" threadId="0000000001B97A00" bytesRequested="46608" />
<af-end id="193" timestamp="2019-09-21T19:37:24.077" threadId="0000000001B98388" success="true" />
<exclusive-end id="194" timestamp="2019-09-21T19:37:24.077" durationms="3.629" />

<exclusive-start id="195" timestamp="2019-09-21T19:37:24.077" intervalms="4.185">
  <response-info timems="0.026" idlems="0.026" threads="0" lastid="0000000001B97A00" lastname="main" />
</exclusive-start>
<af-start id="196" threadId="0000000001B98388" totalBytesRequested="49024" timestamp="2019-09-21T19:37:24.077" intervalms="4.185" />
<cycle-start id="197" type="global" contextid="0" timestamp="2019-09-21T19:37:24.077" intervalms="4.100" />
<gc-start id="198" type="global" contextid="197" timestamp="2019-09-21T19:37:24.077">
  <mem-info id="199" free="263176" total="9175040" percent="2">
    <mem type="tenure" free="263176" total="9175040" percent="2">
      <mem type="soa" free="0" total="8716288" percent="0" />
      <mem type="loa" free="263176" total="458752" percent="57" />
    </mem>
  </mem-info>
</gc-start>
<allocation-stats totalBytes="6496808" >
  <allocated-bytes non-tlh="3433520" tlh="3063288" />
  <largest-consumer threadName="main" threadId="0000000001B97A00" bytes="6496808" />
</allocation-stats>
<gc-op id="200" type="mark" timems="0.811" contextid="197" timestamp="2019-09-21T19:37:24.078">
  <trace-info objectcount="20774" scancount="16935" scanbytes="544616" />
  <finalization candidates="45" enqueued="0" />
  <ownableSynchronizers candidates="1" cleared="0" />
  <references type="soft" candidates="66" cleared="0" enqueued="0" dynamicThreshold="26" maxThreshold="32" />
  <references type="weak" candidates="382" cleared="0" enqueued="0" />
  <references type="phantom" candidates="80" cleared="0" enqueued="0" />
  <stringconstants candidates="2485" cleared="0"  />
</gc-op>
<gc-op id="201" type="sweep" timems="0.178" contextid="197" timestamp="2019-09-21T19:37:24.079" />
<mem-info id="202" free="7790152" total="9175040" percent="84">
  <mem type="tenure" free="7790152" total="9175040" percent="84" micro-fragmented="0" macro-fragmented="0">
    <mem type="soa" free="7429192" total="8716288" percent="85" />
    <mem type="loa" free="360960" total="458752" percent="78" />
  </mem>
</mem-info>
<gc-op id="203" type="compact" timems="1.115" contextid="197" timestamp="2019-09-21T19:37:24.080">
  <compact-info movecount="1" movebytes="97792" reason="compact to aid heap contraction" />
</gc-op>
<heap-resize id="204" type="expand" space="tenure" amount="65536" count="1" timems="0.008" reason="satisfy allocation request" timestamp="2019-09-21T19:37:24.080" />
<gc-end id="205" type="global" contextid="197" durationms="2.857" usertimems="4.000" systemtimems="0.000" timestamp="2019-09-21T19:37:24.080" activeThreads="8">
  <mem-info id="206" free="7790152" total="9240576" percent="84">
    <mem type="tenure" free="7790152" total="9240576" percent="84">
      <mem type="soa" free="7328328" total="8778752" percent="83" />
      <mem type="loa" free="461824" total="461824" percent="100" />
    </mem>
  </mem-info>
</gc-end>
<cycle-end id="207" type="global" contextid="197" timestamp="2019-09-21T19:37:24.080" />
  <attribute name="elasticGC enabled" value="1" />
  <attribute name= "numThreadsSpecified" value="8" />
  <attribute name="heapSize specified" value="9175040" />
  <attribute name="Current GC Util" value="50" />
  <attribute name= "Current Time Running" value="803" />
  <attribute name ="GC Interval" value="0" />
  <attribute name="Target GC Util Change" value ="40.000000" />
  <attribute name="Current GC Util Change" value="50.000000"/>
  <attribute name="Current Error" value="-181.000000" />
  <attribute name="Output H" value="9212776"/>
  <attribute name="Output I" value="1896"/>
  <attribute name="Output T" value="8"/>
  <attribute name= "Current Time Running" value="803" />
  <attribute name="GC Util currently" value="50" />
  <attribute name="CPU Util currently" value="1880029489308" />
<allocation-satisfied id="208" threadId="0000000001B97A00" bytesRequested="49024" />
<af-end id="209" timestamp="2019-09-21T19:37:24.081" threadId="0000000001B98388" success="true" />
<exclusive-end id="210" timestamp="2019-09-21T19:37:24.081" durationms="3.600" />

<exclusive-start id="211" timestamp="2019-09-21T19:37:24.081" intervalms="4.192">
  <response-info timems="0.053" idlems="0.053" threads="0" lastid="0000000001B97A00" lastname="main" />
</exclusive-start>
<af-start id="212" threadId="0000000001B98388" totalBytesRequested="51344" timestamp="2019-09-21T19:37:24.082" intervalms="4.274" />
<cycle-start id="213" type="global" contextid="0" timestamp="2019-09-21T19:37:24.082" intervalms="4.274" />
<gc-start id="214" type="global" contextid="213" timestamp="2019-09-21T19:37:24.082">
  <mem-info id="215" free="359144" total="9240576" percent="3">
    <mem type="tenure" free="359144" total="9240576" percent="3">
      <mem type="soa" free="0" total="8778752" percent="0" />
      <mem type="loa" free="359144" total="461824" percent="77" />
    </mem>
  </mem-info>
</gc-start>
<allocation-stats totalBytes="6618576" >
  <allocated-bytes non-tlh="3553216" tlh="3065360" />
  <largest-consumer threadName="main" threadId="0000000001B97A00" bytes="6618576" />
</allocation-stats>
<gc-op id="216" type="mark" timems="0.791" contextid="213" timestamp="2019-09-21T19:37:24.083">
  <trace-info objectcount="20774" scancount="16935" scanbytes="544616" />
  <finalization candidates="45" enqueued="0" />
  <ownableSynchronizers candidates="1" cleared="0" />
  <references type="soft" candidates="66" cleared="0" enqueued="0" dynamicThreshold="26" maxThreshold="32" />
  <references type="weak" candidates="382" cleared="0" enqueued="0" />
  <references type="phantom" candidates="80" cleared="0" enqueued="0" />
  <stringconstants candidates="2485" cleared="0"  />
</gc-op>
<gc-op id="217" type="sweep" timems="0.176" contextid="213" timestamp="2019-09-21T19:37:24.083" />
<mem-info id="218" free="7850800" total="9240576" percent="84">
  <mem type="tenure" free="7850800" total="9240576" percent="84" micro-fragmented="0" macro-fragmented="0">
    <mem type="soa" free="7491656" total="8778752" percent="85" />
    <mem type="loa" free="359144" total="461824" percent="77" />
  </mem>
</mem-info>
<gc-op id="219" type="compact" timems="1.110" contextid="213" timestamp="2019-09-21T19:37:24.084">
  <compact-info movecount="1" movebytes="102680" reason="compact to aid heap contraction" />
</gc-op>
<heap-resize id="220" type="expand" space="tenure" amount="65536" count="1" timems="0.008" reason="satisfy allocation request" timestamp="2019-09-21T19:37:24.084" />
<gc-end id="221" type="global" contextid="213" durationms="2.725" usertimems="4.000" systemtimems="0.000" timestamp="2019-09-21T19:37:24.084" activeThreads="8">
  <mem-info id="222" free="7850800" total="9306112" percent="84">
    <mem type="tenure" free="7850800" total="9306112" percent="84">
      <mem type="soa" free="7385904" total="8841216" percent="83" />
      <mem type="loa" free="464896" total="464896" percent="100" />
    </mem>
  </mem-info>
</gc-end>
<cycle-end id="223" type="global" contextid="213" timestamp="2019-09-21T19:37:24.085" />
  <attribute name="elasticGC enabled" value="1" />
  <attribute name= "numThreadsSpecified" value="8" />
  <attribute name="heapSize specified" value="9240576" />
  <attribute name="Current GC Util" value="54" />
  <attribute name= "Current Time Running" value="807" />
  <attribute name ="GC Interval" value="0" />
  <attribute name="Target GC Util Change" value ="40.000000" />
  <attribute name="Current GC Util Change" value="54.000000"/>
  <attribute name="Current Error" value="-106.000000" />
  <attribute name="Output H" value="9278360"/>
  <attribute name="Output I" value="1944"/>
  <attribute name="Output T" value="8"/>
  <attribute name= "Current Time Running" value="807" />
  <attribute name="GC Util currently" value="54" />
  <attribute name="CPU Util currently" value="1981039668494" />
<allocation-satisfied id="224" threadId="0000000001B97A00" bytesRequested="51344" />
<af-end id="225" timestamp="2019-09-21T19:37:24.085" threadId="0000000001B98388" success="true" />
<exclusive-end id="226" timestamp="2019-09-21T19:37:24.085" durationms="3.473" />

<exclusive-start id="227" timestamp="2019-09-21T19:37:24.086" intervalms="4.140">
  <response-info timems="0.027" idlems="0.027" threads="0" lastid="0000000001B97A00" lastname="main" />
</exclusive-start>
<af-start id="228" threadId="0000000001B98388" totalBytesRequested="54016" timestamp="2019-09-21T19:37:24.086" intervalms="4.059" />
<cycle-start id="229" type="global" contextid="0" timestamp="2019-09-21T19:37:24.086" intervalms="4.056" />
<gc-start id="230" type="global" contextid="229" timestamp="2019-09-21T19:37:24.086">
  <mem-info id="231" free="249472" total="9306112" percent="2">
    <mem type="tenure" free="249472" total="9306112" percent="2">
      <mem type="soa" free="0" total="8841216" percent="0" />
      <mem type="loa" free="249472" total="464896" percent="53" />
    </mem>
  </mem-info>
</gc-start>
<allocation-stats totalBytes="6949416" >
  <allocated-bytes non-tlh="3782144" tlh="3167272" />
  <largest-consumer threadName="main" threadId="0000000001B97A00" bytes="6949416" />
</allocation-stats>
<gc-op id="232" type="mark" timems="0.747" contextid="229" timestamp="2019-09-21T19:37:24.087">
  <trace-info objectcount="20774" scancount="16935" scanbytes="544616" />
  <finalization candidates="45" enqueued="0" />
  <ownableSynchronizers candidates="1" cleared="0" />
  <references type="soft" candidates="66" cleared="0" enqueued="0" dynamicThreshold="26" maxThreshold="32" />
  <references type="weak" candidates="382" cleared="0" enqueued="0" />
  <references type="phantom" candidates="80" cleared="0" enqueued="0" />
  <stringconstants candidates="2485" cleared="0"  />
</gc-op>
<gc-op id="233" type="sweep" timems="0.198" contextid="229" timestamp="2019-09-21T19:37:24.087" />
<mem-info id="234" free="7911304" total="9306112" percent="85">
  <mem type="tenure" free="7911304" total="9306112" percent="85" micro-fragmented="0" macro-fragmented="0">
    <mem type="soa" free="7554120" total="8841216" percent="85" />
    <mem type="loa" free="357184" total="464896" percent="76" />
  </mem>
</mem-info>
<gc-op id="235" type="compact" timems="1.223" contextid="229" timestamp="2019-09-21T19:37:24.088">
  <compact-info movecount="1" movebytes="107712" reason="compact to aid heap contraction" />
</gc-op>
<heap-resize id="236" type="expand" space="tenure" amount="65536" count="1" timems="0.008" reason="satisfy allocation request" timestamp="2019-09-21T19:37:24.088" />
<gc-end id="237" type="global" contextid="229" durationms="2.878" usertimems="0.000" systemtimems="4.000" timestamp="2019-09-21T19:37:24.089" activeThreads="1">
  <mem-info id="238" free="7911304" total="9371648" percent="84">
    <mem type="tenure" free="7911304" total="9371648" percent="84">
      <mem type="soa" free="7443336" total="8903680" percent="83" />
      <mem type="loa" free="467968" total="467968" percent="100" />
    </mem>
  </mem-info>
</gc-end>
<cycle-end id="239" type="global" contextid="229" timestamp="2019-09-21T19:37:24.089" />
  <attribute name="elasticGC enabled" value="1" />
  <attribute name= "numThreadsSpecified" value="1" />
  <attribute name="heapSize specified" value="9306112" />
  <attribute name="Current GC Util" value="50" />
  <attribute name= "Current Time Running" value="811" />
  <attribute name ="GC Interval" value="0" />
  <attribute name="Target GC Util Change" value ="40.000000" />
  <attribute name="Current GC Util Change" value="50.000000"/>
  <attribute name="Current Error" value="-10.000000" />
  <attribute name="Output H" value="9343952"/>
  <attribute name="Output I" value="2000"/>
  <attribute name="Output T" value="1"/>
  <attribute name= "Current Time Running" value="811" />
  <attribute name="GC Util currently" value="50" />
  <attribute name="CPU Util currently" value="1742626215488" />
<allocation-satisfied id="240" threadId="0000000001B97A00" bytesRequested="54016" />
<af-end id="241" timestamp="2019-09-21T19:37:24.089" threadId="0000000001B98388" success="true" />
<exclusive-end id="242" timestamp="2019-09-21T19:37:24.089" durationms="3.655" />

<exclusive-start id="243" timestamp="2019-09-21T19:37:24.090" intervalms="4.255">
  <response-info timems="0.035" idlems="0.035" threads="0" lastid="0000000001B97A00" lastname="main" />
</exclusive-start>
<af-start id="244" threadId="0000000001B98388" totalBytesRequested="56440" timestamp="2019-09-21T19:37:24.090" intervalms="4.297" />
<cycle-start id="245" type="global" contextid="0" timestamp="2019-09-21T19:37:24.090" intervalms="4.355" />
<gc-start id="246" type="global" contextid="245" timestamp="2019-09-21T19:37:24.090">
  <mem-info id="247" free="355352" total="9371648" percent="3">
    <mem type="tenure" free="355352" total="9371648" percent="3">
      <mem type="soa" free="0" total="8903680" percent="0" />
      <mem type="loa" free="355352" total="467968" percent="75" />
    </mem>
  </mem-info>
</gc-start>
<allocation-stats totalBytes="7065560" >
  <allocated-bytes non-tlh="3910120" tlh="3155440" />
  <largest-consumer threadName="main" threadId="0000000001B97A00" bytes="7065560" />
</allocation-stats>
<gc-op id="248" type="mark" timems="0.768" contextid="245" timestamp="2019-09-21T19:37:24.091">
  <trace-info objectcount="20774" scancount="16935" scanbytes="544616" />
  <finalization candidates="45" enqueued="0" />
  <ownableSynchronizers candidates="1" cleared="0" />
  <references type="soft" candidates="66" cleared="0" enqueued="0" dynamicThreshold="27" maxThreshold="32" />
  <references type="weak" candidates="382" cleared="0" enqueued="0" />
  <references type="phantom" candidates="80" cleared="0" enqueued="0" />
  <stringconstants candidates="2485" cleared="0"  />
</gc-op>
<gc-op id="249" type="sweep" timems="0.189" contextid="245" timestamp="2019-09-21T19:37:24.091" />
<mem-info id="250" free="7971936" total="9371648" percent="85">
  <mem type="tenure" free="7971936" total="9371648" percent="85" micro-fragmented="0" macro-fragmented="0">
    <mem type="soa" free="7616584" total="8903680" percent="85" />
    <mem type="loa" free="355352" total="467968" percent="75" />
  </mem>
</mem-info>
<gc-op id="251" type="compact" timems="1.272" contextid="245" timestamp="2019-09-21T19:37:24.093">
  <compact-info movecount="1" movebytes="112616" reason="compact to aid heap contraction" />
</gc-op>
<heap-resize id="252" type="expand" space="tenure" amount="65536" count="1" timems="0.008" reason="satisfy allocation request" timestamp="2019-09-21T19:37:24.093" />
<gc-end id="253" type="global" contextid="245" durationms="3.130" usertimems="4.000" systemtimems="0.000" timestamp="2019-09-21T19:37:24.093" activeThreads="8">
  <mem-info id="254" free="7971936" total="9437184" percent="84">
    <mem type="tenure" free="7971936" total="9437184" percent="84">
      <mem type="soa" free="7500896" total="8966144" percent="83" />
      <mem type="loa" free="471040" total="471040" percent="100" />
    </mem>
  </mem-info>
</gc-end>
<cycle-end id="255" type="global" contextid="245" timestamp="2019-09-21T19:37:24.093" />
  <attribute name="elasticGC enabled" value="1" />
  <attribute name= "numThreadsSpecified" value="8" />
  <attribute name="heapSize specified" value="9371648" />
  <attribute name="Current GC Util" value="46" />
  <attribute name= "Current Time Running" value="816" />
  <attribute name ="GC Interval" value="0" />
  <attribute name="Target GC Util Change" value ="40.000000" />
  <attribute name="Current GC Util Change" value="46.000000"/>
  <attribute name="Current Error" value="-171.000000" />
  <attribute name="Output H" value="9409392"/>
  <attribute name="Output I" value="1904"/>
  <attribute name="Output T" value="8"/>
  <attribute name= "Current Time Running" value="816" />
  <attribute name="GC Util currently" value="46" />
  <attribute name="CPU Util currently" value="1608725809587" />
<allocation-satisfied id="256" threadId="0000000001B97A00" bytesRequested="56440" />
<af-end id="257" timestamp="2019-09-21T19:37:24.093" threadId="0000000001B98388" success="true" />
<exclusive-end id="258" timestamp="2019-09-21T19:37:24.094" durationms="3.816" />

<exclusive-start id="259" timestamp="2019-09-21T19:37:24.094" intervalms="4.485">
  <response-info timems="0.048" idlems="0.048" threads="0" lastid="0000000001B97A00" lastname="main" />
</exclusive-start>
<af-start id="260" threadId="0000000001B98388" totalBytesRequested="58376" timestamp="2019-09-21T19:37:24.094" intervalms="4.454" />
<cycle-start id="261" type="global" contextid="0" timestamp="2019-09-21T19:37:24.094" intervalms="4.400" />
<gc-start id="262" type="global" contextid="261" timestamp="2019-09-21T19:37:24.094">
  <mem-info id="263" free="471040" total="9437184" percent="4">
    <mem type="tenure" free="471040" total="9437184" percent="4">
      <mem type="soa" free="0" total="8966144" percent="0" />
      <mem type="loa" free="471040" total="471040" percent="100" />
    </mem>
  </mem-info>
</gc-start>
<allocation-stats totalBytes="7122192" >
  <allocated-bytes non-tlh="3955448" tlh="3166744" />
  <largest-consumer threadName="main" threadId="0000000001B97A00" bytes="7122192" />
</allocation-stats>
<gc-op id="264" type="mark" timems="0.761" contextid="261" timestamp="2019-09-21T19:37:24.095">
  <trace-info objectcount="20774" scancount="16936" scanbytes="544616" />
  <finalization candidates="45" enqueued="0" />
  <ownableSynchronizers candidates="1" cleared="0" />
  <references type="soft" candidates="66" cleared="0" enqueued="0" dynamicThreshold="27" maxThreshold="32" />
  <references type="weak" candidates="382" cleared="0" enqueued="0" />
  <references type="phantom" candidates="80" cleared="0" enqueued="0" />
  <stringconstants candidates="2485" cleared="0"  />
</gc-op>
<gc-op id="265" type="sweep" timems="0.179" contextid="261" timestamp="2019-09-21T19:37:24.096" />
<mem-info id="266" free="8033352" total="9437184" percent="85">
  <mem type="tenure" free="8033352" total="9437184" percent="85" micro-fragmented="0" macro-fragmented="0">
    <mem type="soa" free="7562312" total="8966144" percent="84" />
    <mem type="loa" free="471040" total="471040" percent="100" />
  </mem>
</mem-info>
<gc-op id="267" type="compact" timems="1.189" contextid="261" timestamp="2019-09-21T19:37:24.097">
  <compact-info movecount="1" movebytes="116736" reason="compact to aid heap contraction" />
</gc-op>
<heap-resize id="268" type="expand" space="tenure" amount="65536" count="1" timems="0.009" reason="satisfy allocation request" timestamp="2019-09-21T19:37:24.097" />
<gc-end id="269" type="global" contextid="261" durationms="2.780" usertimems="4.000" systemtimems="0.000" timestamp="2019-09-21T19:37:24.097" activeThreads="8">
  <mem-info id="270" free="8033352" total="9502720" percent="84">
    <mem type="tenure" free="8033352" total="9502720" percent="84">
      <mem type="soa" free="7558216" total="9027584" percent="83" />
      <mem type="loa" free="475136" total="475136" percent="100" />
    </mem>
  </mem-info>
</gc-end>
<cycle-end id="271" type="global" contextid="261" timestamp="2019-09-21T19:37:24.097" />
  <attribute name="elasticGC enabled" value="1" />
  <attribute name= "numThreadsSpecified" value="8" />
  <attribute name="heapSize specified" value="9437184" />
  <attribute name="Current GC Util" value="54" />
  <attribute name= "Current Time Running" value="820" />
  <attribute name ="GC Interval" value="0" />
  <attribute name="Target GC Util Change" value ="40.000000" />
  <attribute name="Current GC Util Change" value="54.000000"/>
  <attribute name="Current Error" value="-102.000000" />
  <attribute name="Output H" value="9474968"/>
  <attribute name="Output I" value="1944"/>
  <attribute name="Output T" value="8"/>
  <attribute name= "Current Time Running" value="820" />
  <attribute name="GC Util currently" value="54" />
  <attribute name="CPU Util currently" value="1848178553126" />
<allocation-satisfied id="272" threadId="0000000001B97A00" bytesRequested="58376" />
<af-end id="273" timestamp="2019-09-21T19:37:24.098" threadId="0000000001B98388" success="true" />
<exclusive-end id="274" timestamp="2019-09-21T19:37:24.098" durationms="3.507" />

<exclusive-start id="275" timestamp="2019-09-21T19:37:24.098" intervalms="4.197">
  <response-info timems="0.035" idlems="0.035" threads="0" lastid="0000000001B97A00" lastname="main" />
</exclusive-start>
<af-start id="276" threadId="0000000001B98388" totalBytesRequested="60400" timestamp="2019-09-21T19:37:24.099" intervalms="4.236" />
<cycle-start id="277" type="global" contextid="0" timestamp="2019-09-21T19:37:24.099" intervalms="4.276" />
<gc-start id="278" type="global" contextid="277" timestamp="2019-09-21T19:37:24.099">
  <mem-info id="279" free="354632" total="9502720" percent="3">
    <mem type="tenure" free="354632" total="9502720" percent="3">
      <mem type="soa" free="0" total="9027584" percent="0" />
      <mem type="loa" free="354632" total="475136" percent="74" />
    </mem>
  </mem-info>
</gc-start>
<allocation-stats totalBytes="7413792" >
  <allocated-bytes non-tlh="4143256" tlh="3270536" />
  <largest-consumer threadName="main" threadId="0000000001B97A00" bytes="7413792" />
</allocation-stats>
<gc-op id="280" type="mark" timems="0.780" contextid="277" timestamp="2019-09-21T19:37:24.100">
  <trace-info objectcount="20777" scancount="16937" scanbytes="544656" />
  <finalization candidates="45" enqueued="0" />
  <ownableSynchronizers candidates="1" cleared="0" />
  <references type="soft" candidates="66" cleared="0" enqueued="0" dynamicThreshold="27" maxThreshold="32" />
  <references type="weak" candidates="382" cleared="0" enqueued="0" />
  <references type="phantom" candidates="80" cleared="0" enqueued="0" />
  <stringconstants candidates="2485" cleared="0"  />
</gc-op>
<gc-op id="281" type="sweep" timems="0.203" contextid="277" timestamp="2019-09-21T19:37:24.100" />
<mem-info id="282" free="8155144" total="9502720" percent="85">
  <mem type="tenure" free="8155144" total="9502720" percent="85" micro-fragmented="0" macro-fragmented="0">
    <mem type="soa" free="7680008" total="9027584" percent="85" />
    <mem type="loa" free="475136" total="475136" percent="100" />
  </mem>
</mem-info>
<gc-op id="283" type="compact" timems="2.014" contextid="277" timestamp="2019-09-21T19:37:24.102">
  <compact-info movecount="4" movebytes="60480" reason="compact to aid heap contraction" />
</gc-op>
<heap-resize id="284" type="expand" space="tenure" amount="65536" count="1" timems="0.008" reason="satisfy allocation request" timestamp="2019-09-21T19:37:24.102" />
<gc-end id="285" type="global" contextid="277" durationms="3.740" usertimems="0.000" systemtimems="4.000" timestamp="2019-09-21T19:37:24.102" activeThreads="8">
  <mem-info id="286" free="8155144" total="9568256" percent="85">
    <mem type="tenure" free="8155144" total="9568256" percent="85">
      <mem type="soa" free="7676936" total="9090048" percent="84" />
      <mem type="loa" free="478208" total="478208" percent="100" />
    </mem>
  </mem-info>
</gc-end>
<cycle-end id="287" type="global" contextid="277" timestamp="2019-09-21T19:37:24.103" />
  <attribute name="elasticGC enabled" value="1" />
  <attribute name= "numThreadsSpecified" value="8" />
  <attribute name="heapSize specified" value="9502720" />
  <attribute name="Current GC Util" value="88" />
  <attribute name= "Current Time Running" value="825" />
  <attribute name ="GC Interval" value="0" />
  <attribute name="Target GC Util Change" value ="40.000000" />
  <attribute name="Current GC Util Change" value="88.000000"/>
  <attribute name="Current Error" value="-48.000000" />
  <attribute name="Output H" value="9540536"/>
  <attribute name="Output I" value="1976"/>
  <attribute name="Output T" value="8"/>
  <attribute name= "Current Time Running" value="825" />
  <attribute name="GC Util currently" value="88" />
  <attribute name="CPU Util currently" value="1064729432801" />
<allocation-satisfied id="288" threadId="0000000001B97A00" bytesRequested="60400" />
<af-end id="289" timestamp="2019-09-21T19:37:24.103" threadId="0000000001B98388" success="true" />
<exclusive-end id="290" timestamp="2019-09-21T19:37:24.103" durationms="4.552" />

<exclusive-start id="291" timestamp="2019-09-21T19:37:24.104" intervalms="5.253">
  <response-info timems="0.029" idlems="0.029" threads="0" lastid="0000000001B97A00" lastname="main" />
</exclusive-start>
<af-start id="292" threadId="0000000001B98388" totalBytesRequested="62440" timestamp="2019-09-21T19:37:24.104" intervalms="5.248" />
<cycle-start id="293" type="global" contextid="0" timestamp="2019-09-21T19:37:24.104" intervalms="5.250" />
<gc-start id="294" type="global" contextid="293" timestamp="2019-09-21T19:37:24.104">
  <mem-info id="295" free="353336" total="9568256" percent="3">
    <mem type="tenure" free="353336" total="9568256" percent="3">
      <mem type="soa" free="0" total="9090048" percent="0" />
      <mem type="loa" free="353336" total="478208" percent="73" />
    </mem>
  </mem-info>
</gc-start>
<allocation-stats totalBytes="7617272" >
  <allocated-bytes non-tlh="4290688" tlh="3326584" />
  <largest-consumer threadName="main" threadId="0000000001B97A00" bytes="7617272" />
</allocation-stats>
<gc-op id="296" type="mark" timems="1.617" contextid="293" timestamp="2019-09-21T19:37:24.106">
  <trace-info objectcount="20777" scancount="16937" scanbytes="544656" />
  <finalization candidates="45" enqueued="0" />
  <ownableSynchronizers candidates="1" cleared="0" />
  <references type="soft" candidates="66" cleared="0" enqueued="0" dynamicThreshold="27" maxThreshold="32" />
  <references type="weak" candidates="382" cleared="0" enqueued="0" />
  <references type="phantom" candidates="80" cleared="0" enqueued="0" />
  <stringconstants candidates="2485" cleared="0"  />
</gc-op>
<gc-op id="297" type="sweep" timems="0.199" contextid="293" timestamp="2019-09-21T19:37:24.106" />
<mem-info id="298" free="8218640" total="9568256" percent="85">
  <mem type="tenure" free="8218640" total="9568256" percent="85" micro-fragmented="0" macro-fragmented="0">
    <mem type="soa" free="7740432" total="9090048" percent="85" />
    <mem type="loa" free="478208" total="478208" percent="100" />
  </mem>
</mem-info>
<gc-op id="299" type="compact" timems="1.860" contextid="293" timestamp="2019-09-21T19:37:24.108">
  <compact-info movecount="4" movebytes="62520" reason="compact to aid heap contraction" />
</gc-op>
<heap-resize id="300" type="expand" space="tenure" amount="65536" count="1" timems="0.008" reason="satisfy allocation request" timestamp="2019-09-21T19:37:24.108" />
<gc-end id="301" type="global" contextid="293" durationms="4.422" usertimems="0.000" systemtimems="4.000" timestamp="2019-09-21T19:37:24.108" activeThreads="8">
  <mem-info id="302" free="8218640" total="9633792" percent="85">
    <mem type="tenure" free="8218640" total="9633792" percent="85">
      <mem type="soa" free="7737360" total="9152512" percent="84" />
      <mem type="loa" free="481280" total="481280" percent="100" />
    </mem>
  </mem-info>
</gc-end>
<cycle-end id="303" type="global" contextid="293" timestamp="2019-09-21T19:37:24.109" />
  <attribute name="elasticGC enabled" value="1" />
  <attribute name= "numThreadsSpecified" value="8" />
  <attribute name="heapSize specified" value="9568256" />
  <attribute name="Current GC Util" value="78" />
  <attribute name= "Current Time Running" value="831" />
  <attribute name ="GC Interval" value="0" />
  <attribute name="Target GC Util Change" value ="40.000000" />
  <attribute name="Current GC Util Change" value="78.000000"/>
  <attribute name="Current Error" value="-242.000000" />
  <attribute name="Output H" value="9605960"/>
  <attribute name="Output I" value="1864"/>
  <attribute name="Output T" value="8"/>
  <attribute name= "Current Time Running" value="831" />
  <attribute name="GC Util currently" value="78" />
  <attribute name="CPU Util currently" value="1157762688730" />
<allocation-satisfied id="304" threadId="0000000001B97A00" bytesRequested="62440" />
<af-end id="305" timestamp="2019-09-21T19:37:24.109" threadId="0000000001B98388" success="true" />
<exclusive-end id="306" timestamp="2019-09-21T19:37:24.109" durationms="5.202" />

<exclusive-start id="307" timestamp="2019-09-21T19:37:24.110" intervalms="5.940">
  <response-info timems="0.061" idlems="0.061" threads="0" lastid="0000000001B97A00" lastname="main" />
</exclusive-start>
<af-start id="308" threadId="0000000001B98388" totalBytesRequested="64536" timestamp="2019-09-21T19:37:24.110" intervalms="5.998" />
<cycle-start id="309" type="global" contextid="0" timestamp="2019-09-21T19:37:24.110" intervalms="6.082" />
<gc-start id="310" type="global" contextid="309" timestamp="2019-09-21T19:37:24.110">
  <mem-info id="311" free="352416" total="9633792" percent="3">
    <mem type="tenure" free="352416" total="9633792" percent="3">
      <mem type="soa" free="0" total="9152512" percent="0" />
      <mem type="loa" free="352416" total="481280" percent="73" />
    </mem>
  </mem-info>
</gc-start>
<allocation-stats totalBytes="7808440" >
  <allocated-bytes non-tlh="4498072" tlh="3310368" />
  <largest-consumer threadName="main" threadId="0000000001B97A00" bytes="7808440" />
</allocation-stats>
<gc-op id="312" type="mark" timems="0.888" contextid="309" timestamp="2019-09-21T19:37:24.111">
  <trace-info objectcount="20774" scancount="16931" scanbytes="544616" />
  <finalization candidates="45" enqueued="0" />
  <ownableSynchronizers candidates="1" cleared="0" />
  <references type="soft" candidates="66" cleared="0" enqueued="0" dynamicThreshold="27" maxThreshold="32" />
  <references type="weak" candidates="382" cleared="0" enqueued="0" />
  <references type="phantom" candidates="80" cleared="0" enqueued="0" />
  <stringconstants candidates="2485" cleared="0"  />
</gc-op>
<gc-op id="313" type="sweep" timems="0.179" contextid="309" timestamp="2019-09-21T19:37:24.111" />
<mem-info id="314" free="8217832" total="9633792" percent="85">
  <mem type="tenure" free="8217832" total="9633792" percent="85" micro-fragmented="0" macro-fragmented="0">
    <mem type="soa" free="7865416" total="9152512" percent="85" />
    <mem type="loa" free="352416" total="481280" percent="73" />
  </mem>
</mem-info>
<gc-op id="315" type="compact" timems="1.139" contextid="309" timestamp="2019-09-21T19:37:24.113">
  <compact-info movecount="1" movebytes="128864" reason="compact to aid heap contraction" />
</gc-op>
<heap-resize id="316" type="expand" space="tenure" amount="65536" count="1" timems="0.009" reason="satisfy allocation request" timestamp="2019-09-21T19:37:24.113" />
<gc-end id="317" type="global" contextid="309" durationms="3.067" usertimems="4.000" systemtimems="0.000" timestamp="2019-09-21T19:37:24.113" activeThreads="8">
  <mem-info id="318" free="8217832" total="9699328" percent="84">
    <mem type="tenure" free="8217832" total="9699328" percent="84">
      <mem type="soa" free="7733480" total="9214976" percent="83" />
      <mem type="loa" free="484352" total="484352" percent="100" />
    </mem>
  </mem-info>
</gc-end>
<cycle-end id="319" type="global" contextid="309" timestamp="2019-09-21T19:37:24.113" />
  <attribute name="elasticGC enabled" value="1" />
  <attribute name= "numThreadsSpecified" value="8" />
  <attribute name="heapSize specified" value="9633792" />
  <attribute name="Current GC Util" value="54" />
  <attribute name= "Current Time Running" value="835" />
  <attribute name ="GC Interval" value="0" />
  <attribute name="Target GC Util Change" value ="40.000000" />
  <attribute name="Current GC Util Change" value="54.000000"/>
  <attribute name="Current Error" value="-82.000000" />
  <attribute name="Output H" value="9671592"/>
  <attribute name="Output I" value="1960"/>
  <attribute name="Output T" value="8"/>
  <attribute name= "Current Time Running" value="835" />
  <attribute name="GC Util currently" value="54" />
  <attribute name="CPU Util currently" value="1876664785023" />
<allocation-satisfied id="320" threadId="0000000001B97A00" bytesRequested="64536" />
<af-end id="321" timestamp="2019-09-21T19:37:24.113" threadId="0000000001B98388" success="true" />
<exclusive-end id="322" timestamp="2019-09-21T19:37:24.113" durationms="3.850" />

<exclusive-start id="323" timestamp="2019-09-21T19:37:24.114" intervalms="4.684">
  <response-info timems="0.037" idlems="0.037" threads="0" lastid="0000000001B97A00" lastname="main" />
</exclusive-start>
<af-start id="324" threadId="0000000001B98388" totalBytesRequested="133176" timestamp="2019-09-21T19:37:24.114" intervalms="4.636" />
<cycle-start id="325" type="global" contextid="0" timestamp="2019-09-21T19:37:24.115" intervalms="4.550" />
<gc-start id="326" type="global" contextid="325" timestamp="2019-09-21T19:37:24.115">
  <mem-info id="327" free="3000" total="9699328" percent="0">
    <mem type="tenure" free="3000" total="9699328" percent="0">
      <mem type="soa" free="3000" total="9214976" percent="0" />
      <mem type="loa" free="0" total="484352" percent="0" />
    </mem>
  </mem-info>
</gc-start>
<allocation-stats totalBytes="8254432" >
  <allocated-bytes non-tlh="6754576" tlh="1499856" />
  <largest-consumer threadName="main" threadId="0000000001B97A00" bytes="8254432" />
</allocation-stats>
<heap-resize id="328" type="loa expand" space="tenure" amount="97280" count="1" timems="0.000" reason="expand on failed allocate" timestamp="2019-09-21T19:37:24.115" />
<gc-op id="329" type="mark" timems="1.366" contextid="325" timestamp="2019-09-21T19:37:24.116">
  <trace-info objectcount="20775" scancount="16936" scanbytes="544640" />
  <finalization candidates="45" enqueued="0" />
  <ownableSynchronizers candidates="1" cleared="0" />
  <references type="soft" candidates="66" cleared="0" enqueued="0" dynamicThreshold="27" maxThreshold="32" />
  <references type="weak" candidates="382" cleared="0" enqueued="0" />
  <references type="phantom" candidates="80" cleared="0" enqueued="0" />
  <stringconstants candidates="2485" cleared="0"  />
</gc-op>
<gc-op id="330" type="sweep" timems="0.177" contextid="325" timestamp="2019-09-21T19:37:24.116" />
<mem-info id="331" free="8327152" total="9699328" percent="85">
  <mem type="tenure" free="8327152" total="9699328" percent="85" micro-fragmented="0" macro-fragmented="0">
    <mem type="soa" free="7830576" total="9117696" percent="85" />
    <mem type="loa" free="496576" total="581632" percent="85" />
  </mem>
</mem-info>
<gc-op id="332" type="compact" timems="1.183" contextid="325" timestamp="2019-09-21T19:37:24.118">
  <compact-info movecount="2" movebytes="66616" reason="compact to aid heap contraction" />
</gc-op>
<heap-resize id="333" type="expand" space="tenure" amount="65536" count="1" timems="0.009" reason="satisfy allocation request" timestamp="2019-09-21T19:37:24.118" />
<gc-end id="334" type="global" contextid="325" durationms="3.535" usertimems="4.000" systemtimems="0.000" timestamp="2019-09-21T19:37:24.118" activeThreads="8">
  <mem-info id="335" free="8277976" total="9764864" percent="84">
    <mem type="tenure" free="8277976" total="9764864" percent="84">
      <mem type="soa" free="7692248" total="9179136" percent="83" />
      <mem type="loa" free="585728" total="585728" percent="100" />
    </mem>
  </mem-info>
</gc-end>
<cycle-end id="336" type="global" contextid="325" timestamp="2019-09-21T19:37:24.118" />
  <attribute name="elasticGC enabled" value="1" />
  <attribute name= "numThreadsSpecified" value="8" />
  <attribute name="heapSize specified" value="9699328" />
  <attribute name="Current GC Util" value="49" />
  <attribute name= "Current Time Running" value="840" />
  <attribute name ="GC Interval" value="0" />
  <attribute name="Target GC Util Change" value ="40.000000" />
  <attribute name="Current GC Util Change" value="49.000000"/>
  <attribute name="Current Error" value="-9.000000" />
  <attribute name="Output H" value="9737168"/>
  <attribute name="Output I" value="2000"/>
  <attribute name="Output T" value="8"/>
  <attribute name= "Current Time Running" value="840" />
  <attribute name="GC Util currently" value="49" />
  <attribute name="CPU Util currently" value="1745858798395" />
<allocation-satisfied id="337" threadId="0000000001B97A00" bytesRequested="133176" />
<af-end id="338" timestamp="2019-09-21T19:37:24.119" threadId="0000000001B98388" success="true" />
<exclusive-end id="339" timestamp="2019-09-21T19:37:24.119" durationms="4.372" />

<exclusive-start id="340" timestamp="2019-09-21T19:37:24.119" intervalms="5.105">
  <response-info timems="0.034" idlems="0.034" threads="0" lastid="0000000001B97A00" lastname="main" />
</exclusive-start>
<af-start id="341" threadId="0000000001B98388" totalBytesRequested="68608" timestamp="2019-09-21T19:37:24.120" intervalms="5.096" />
<cycle-start id="342" type="global" contextid="0" timestamp="2019-09-21T19:37:24.120" intervalms="5.099" />
<gc-start id="343" type="global" contextid="342" timestamp="2019-09-21T19:37:24.120">
  <mem-info id="344" free="61104" total="9764864" percent="0">
    <mem type="tenure" free="61104" total="9764864" percent="0">
      <mem type="soa" free="61104" total="9179136" percent="0" />
      <mem type="loa" free="0" total="585728" percent="0" />
    </mem>
  </mem-info>
</gc-start>
<allocation-stats totalBytes="8312336" >
  <allocated-bytes non-tlh="8242704" tlh="69632" />
  <largest-consumer threadName="main" threadId="0000000001B97A00" bytes="8312336" />
</allocation-stats>
<heap-resize id="345" type="loa expand" space="tenure" amount="97280" count="1" timems="0.000" reason="expand on failed allocate" timestamp="2019-09-21T19:37:24.120" />
<gc-op id="346" type="mark" timems="2.093" contextid="342" timestamp="2019-09-21T19:37:24.122">
  <trace-info objectcount="20777" scancount="16937" scanbytes="544656" />
  <finalization candidates="45" enqueued="0" />
  <ownableSynchronizers candidates="1" cleared="0" />
  <references type="soft" candidates="66" cleared="0" enqueued="0" dynamicThreshold="27" maxThreshold="32" />
  <references type="weak" candidates="382" cleared="0" enqueued="0" />
  <references type="phantom" candidates="80" cleared="0" enqueued="0" />
  <stringconstants candidates="2485" cleared="0"  />
</gc-op>
<gc-op id="347" type="sweep" timems="0.530" contextid="342" timestamp="2019-09-21T19:37:24.123" />
<mem-info id="348" free="8371368" total="9764864" percent="85">
  <mem type="tenure" free="8371368" total="9764864" percent="85" micro-fragmented="0" macro-fragmented="0">
    <mem type="soa" free="7794680" total="9081856" percent="85" />
    <mem type="loa" free="576688" total="683008" percent="84" />
  </mem>
</mem-info>
<gc-op id="349" type="compact" timems="1.585" contextid="342" timestamp="2019-09-21T19:37:24.124">
  <compact-info movecount="4" movebytes="68688" reason="compact to aid heap contraction" />
</gc-op>
<heap-resize id="350" type="expand" space="tenure" amount="65536" count="1" timems="0.009" reason="satisfy allocation request" timestamp="2019-09-21T19:37:24.125" />
<gc-end id="351" type="global" contextid="342" durationms="5.180" usertimems="0.000" systemtimems="8.000" timestamp="2019-09-21T19:37:24.125" activeThreads="8">
  <mem-info id="352" free="8406008" total="9830400" percent="85">
    <mem type="tenure" free="8406008" total="9830400" percent="85">
      <mem type="soa" free="7717880" total="9142272" percent="84" />
      <mem type="loa" free="688128" total="688128" percent="100" />
    </mem>
  </mem-info>
</gc-end>
<cycle-end id="353" type="global" contextid="342" timestamp="2019-09-21T19:37:24.125" />
  <attribute name="elasticGC enabled" value="1" />
  <attribute name= "numThreadsSpecified" value="8" />
  <attribute name="heapSize specified" value="9764864" />
  <attribute name="Current GC Util" value="79" />
  <attribute name= "Current Time Running" value="847" />
  <attribute name ="GC Interval" value="0" />
  <attribute name="Target GC Util Change" value ="40.000000" />
  <attribute name="Current GC Util Change" value="79.000000"/>
  <attribute name="Current Error" value="-279.000000" />
  <attribute name="Output H" value="9802544"/>
  <attribute name="Output I" value="1840"/>
  <attribute name="Output T" value="8"/>
  <attribute name= "Current Time Running" value="847" />
  <attribute name="GC Util currently" value="79" />
  <attribute name="CPU Util currently" value="1329617727840" />
<allocation-satisfied id="354" threadId="0000000001B97A00" bytesRequested="68608" />
<af-end id="355" timestamp="2019-09-21T19:37:24.125" threadId="0000000001B98388" success="true" />
<exclusive-end id="356" timestamp="2019-09-21T19:37:24.125" durationms="5.908" />

<exclusive-start id="357" timestamp="2019-09-21T19:37:24.126" intervalms="6.644">
  <response-info timems="0.060" idlems="0.060" threads="0" lastid="0000000001B97A00" lastname="main" />
</exclusive-start>
<af-start id="358" threadId="0000000001B98388" totalBytesRequested="70424" timestamp="2019-09-21T19:37:24.126" intervalms="6.654" />
<cycle-start id="359" type="global" contextid="0" timestamp="2019-09-21T19:37:24.126" intervalms="6.708" />
<gc-start id="360" type="global" contextid="359" timestamp="2019-09-21T19:37:24.126">
  <mem-info id="361" free="17056" total="9830400" percent="0">
    <mem type="tenure" free="17056" total="9830400" percent="0">
      <mem type="soa" free="17056" total="9142272" percent="0" />
      <mem type="loa" free="0" total="688128" percent="0" />
    </mem>
  </mem-info>
</gc-start>
<allocation-stats totalBytes="8402312" >
  <allocated-bytes non-tlh="8201624" tlh="200688" />
  <largest-consumer threadName="main" threadId="0000000001B97A00" bytes="8402312" />
</allocation-stats>
<heap-resize id="362" type="loa expand" space="tenure" amount="98304" count="1" timems="0.000" reason="expand on failed allocate" timestamp="2019-09-21T19:37:24.127" />
<gc-op id="363" type="mark" timems="1.911" contextid="359" timestamp="2019-09-21T19:37:24.129">
  <trace-info objectcount="20777" scancount="16937" scanbytes="544656" />
  <finalization candidates="45" enqueued="0" />
  <ownableSynchronizers candidates="1" cleared="0" />
  <references type="soft" candidates="66" cleared="0" enqueued="0" dynamicThreshold="27" maxThreshold="32" />
  <references type="weak" candidates="382" cleared="0" enqueued="0" />
  <references type="phantom" candidates="80" cleared="0" enqueued="0" />
  <stringconstants candidates="2485" cleared="0"  />
</gc-op>
<gc-op id="364" type="sweep" timems="0.220" contextid="359" timestamp="2019-09-21T19:37:24.129" />
<mem-info id="365" free="8417568" total="9830400" percent="85">
  <mem type="tenure" free="8417568" total="9830400" percent="85" micro-fragmented="0" macro-fragmented="0">
    <mem type="soa" free="7756792" total="9043968" percent="85" />
    <mem type="loa" free="660776" total="786432" percent="84" />
  </mem>
</mem-info>
<gc-op id="366" type="compact" timems="1.603" contextid="359" timestamp="2019-09-21T19:37:24.131">
  <compact-info movecount="4" movebytes="70504" reason="compact to aid heap contraction" />
</gc-op>
<heap-resize id="367" type="expand" space="tenure" amount="65536" count="1" timems="0.009" reason="satisfy allocation request" timestamp="2019-09-21T19:37:24.131" />
<gc-end id="368" type="global" contextid="359" durationms="4.782" usertimems="8.000" systemtimems="0.000" timestamp="2019-09-21T19:37:24.131" activeThreads="8">
  <mem-info id="369" free="8467912" total="9895936" percent="85">
    <mem type="tenure" free="8467912" total="9895936" percent="85">
      <mem type="soa" free="7676360" total="9104384" percent="84" />
      <mem type="loa" free="791552" total="791552" percent="100" />
    </mem>
  </mem-info>
</gc-end>
<cycle-end id="370" type="global" contextid="359" timestamp="2019-09-21T19:37:24.131" />
  <attribute name="elasticGC enabled" value="1" />
  <attribute name= "numThreadsSpecified" value="8" />
  <attribute name="heapSize specified" value="9830400" />
  <attribute name="Current GC Util" value="69" />
  <attribute name= "Current Time Running" value="854" />
  <attribute name ="GC Interval" value="0" />
  <attribute name="Target GC Util Change" value ="40.000000" />
  <attribute name="Current GC Util Change" value="69.000000"/>
  <attribute name="Current Error" value="-137.000000" />
  <attribute name="Output H" value="9868168"/>
  <attribute name="Output I" value="1928"/>
  <attribute name="Output T" value="8"/>
  <attribute name= "Current Time Running" value="854" />
  <attribute name="GC Util currently" value="69" />
  <attribute name="CPU Util currently" value="1300434320386" />
<allocation-satisfied id="371" threadId="0000000001B97A00" bytesRequested="70424" />
<af-end id="372" timestamp="2019-09-21T19:37:24.132" threadId="0000000001B98388" success="true" />
<exclusive-end id="373" timestamp="2019-09-21T19:37:24.132" durationms="5.767" />

<exclusive-start id="374" timestamp="2019-09-21T19:37:24.133" intervalms="6.519">
  <response-info timems="0.031" idlems="0.031" threads="0" lastid="0000000001B97A00" lastname="main" />
</exclusive-start>
<af-start id="375" threadId="0000000001B98388" totalBytesRequested="144968" timestamp="2019-09-21T19:37:24.133" intervalms="6.471" />
<cycle-start id="376" type="global" contextid="0" timestamp="2019-09-21T19:37:24.133" intervalms="6.375" />
<gc-start id="377" type="global" contextid="376" timestamp="2019-09-21T19:37:24.133">
  <mem-info id="378" free="110688" total="9895936" percent="1">
    <mem type="tenure" free="110688" total="9895936" percent="1">
      <mem type="soa" free="43336" total="9104384" percent="0" />
      <mem type="loa" free="67352" total="791552" percent="8" />
    </mem>
  </mem-info>
</gc-start>
<allocation-stats totalBytes="8427648" >
  <allocated-bytes non-tlh="8358016" tlh="69632" />
  <largest-consumer threadName="main" threadId="0000000001B97A00" bytes="8427648" />
</allocation-stats>
<heap-resize id="379" type="loa expand" space="tenure" amount="98304" count="1" timems="0.000" reason="expand on failed allocate" timestamp="2019-09-21T19:37:24.133" />
<gc-op id="380" type="mark" timems="1.647" contextid="376" timestamp="2019-09-21T19:37:24.135">
  <trace-info objectcount="20775" scancount="16936" scanbytes="544640" />
  <finalization candidates="45" enqueued="0" />
  <ownableSynchronizers candidates="1" cleared="0" />
  <references type="soft" candidates="66" cleared="0" enqueued="0" dynamicThreshold="27" maxThreshold="32" />
  <references type="weak" candidates="382" cleared="0" enqueued="0" />
  <references type="phantom" candidates="80" cleared="0" enqueued="0" />
  <stringconstants candidates="2485" cleared="0"  />
</gc-op>
<gc-op id="381" type="sweep" timems="0.528" contextid="376" timestamp="2019-09-21T19:37:24.135" />
<mem-info id="382" free="8536328" total="9895936" percent="86">
  <mem type="tenure" free="8536328" total="9895936" percent="86" micro-fragmented="0" macro-fragmented="0">
    <mem type="soa" free="7718960" total="9006080" percent="85" />
    <mem type="loa" free="817368" total="889856" percent="91" />
  </mem>
</mem-info>
<gc-op id="383" type="compact" timems="1.902" contextid="376" timestamp="2019-09-21T19:37:24.137">
  <compact-info movecount="2" movebytes="72512" reason="compact to aid heap contraction" />
</gc-op>
<heap-resize id="384" type="expand" space="tenure" amount="65536" count="1" timems="0.009" reason="satisfy allocation request" timestamp="2019-09-21T19:37:24.138" />
<gc-end id="385" type="global" contextid="376" durationms="4.914" usertimems="8.000" systemtimems="0.000" timestamp="2019-09-21T19:37:24.138" activeThreads="8">
  <mem-info id="386" free="8456896" total="9961472" percent="84">
    <mem type="tenure" free="8456896" total="9961472" percent="84">
      <mem type="soa" free="7560896" total="9065472" percent="83" />
      <mem type="loa" free="896000" total="896000" percent="100" />
    </mem>
  </mem-info>
</gc-end>
<cycle-end id="387" type="global" contextid="376" timestamp="2019-09-21T19:37:24.138" />
  <attribute name="elasticGC enabled" value="1" />
  <attribute name= "numThreadsSpecified" value="8" />
  <attribute name="heapSize specified" value="9895936" />
  <attribute name="Current GC Util" value="83" />
  <attribute name= "Current Time Running" value="860" />
  <attribute name ="GC Interval" value="0" />
  <attribute name="Target GC Util Change" value ="40.000000" />
  <attribute name="Current GC Util Change" value="83.000000"/>
  <attribute name="Current Error" value="-43.000000" />
  <attribute name="Output H" value="9933752"/>
  <attribute name="Output I" value="1976"/>
  <attribute name="Output T" value="8"/>
  <attribute name= "Current Time Running" value="860" />
  <attribute name="GC Util currently" value="83" />
  <attribute name="CPU Util currently" value="1134974716158" />
<allocation-satisfied id="388" threadId="0000000001B97A00" bytesRequested="144968" />
<af-end id="389" timestamp="2019-09-21T19:37:24.138" threadId="0000000001B98388" success="true" />
<exclusive-end id="390" timestamp="2019-09-21T19:37:24.138" durationms="5.670" />

<exclusive-start id="391" timestamp="2019-09-21T19:37:24.139" intervalms="6.142">
  <response-info timems="0.023" idlems="0.023" threads="0" lastid="0000000001B97A00" lastname="main" />
</exclusive-start>
<sys-start reason="explicit" id="392" timestamp="2019-09-21T19:37:24.139" intervalms="974.499" />
<cycle-start id="393" type="global" contextid="0" timestamp="2019-09-21T19:37:24.139" intervalms="6.215" />
<gc-start id="394" type="global" contextid="393" timestamp="2019-09-21T19:37:24.139">
  <mem-info id="395" free="4811488" total="9961472" percent="48">
    <mem type="tenure" free="4811488" total="9961472" percent="48">
      <mem type="soa" free="3915488" total="9065472" percent="43" />
      <mem type="loa" free="896000" total="896000" percent="100" />
    </mem>
  </mem-info>
</gc-start>
<allocation-stats totalBytes="3790376" >
  <allocated-bytes non-tlh="3720744" tlh="69632" />
  <largest-consumer threadName="main" threadId="0000000001B97A00" bytes="3790376" />
</allocation-stats>
<gc-op id="396" type="mark" timems="2.877" contextid="393" timestamp="2019-09-21T19:37:24.142">
  <trace-info objectcount="19096" scancount="15809" scanbytes="518756" />
  <finalization candidates="45" enqueued="0" />
  <ownableSynchronizers candidates="1" cleared="0" />
  <references type="soft" candidates="66" cleared="0" enqueued="0" dynamicThreshold="27" maxThreshold="32" />
  <references type="weak" candidates="382" cleared="0" enqueued="0" />
  <references type="phantom" candidates="80" cleared="0" enqueued="0" />
  <stringconstants candidates="2485" cleared="0"  />
</gc-op>
<gc-op id="397" type="classunload" timems="0.002" contextid="393" timestamp="2019-09-21T19:37:24.142">
  <classunload-info classloadercandidates="6" classloadersunloaded="0" classesunloaded="0" anonymousclassesunloaded="0" quiescems="0.000" setupms="0.002" scanms="0.000" postms="0.000" />
</gc-op>
<gc-op id="398" type="sweep" timems="0.168" contextid="393" timestamp="2019-09-21T19:37:24.142" />
<mem-info id="399" free="8700896" total="9961472" percent="87">
  <mem type="tenure" free="8700896" total="9961472" percent="87" micro-fragmented="0" macro-fragmented="0">
    <mem type="soa" free="7804896" total="9065472" percent="86" />
    <mem type="loa" free="896000" total="896000" percent="100" />
  </mem>
</mem-info>
<gc-op id="400" type="compact" timems="1.175" contextid="393" timestamp="2019-09-21T19:37:24.144">
  <compact-info movecount="96" movebytes="83680" reason="compact to aid heap contraction" />
</gc-op>
<heap-resize id="401" type="expand" space="tenure" amount="65536" count="1" timems="0.008" reason="satisfy allocation request" timestamp="2019-09-21T19:37:24.144" />
<gc-end id="402" type="global" contextid="393" durationms="5.106" usertimems="4.000" systemtimems="4.000" timestamp="2019-09-21T19:37:24.144" activeThreads="8">
  <mem-info id="403" free="8769520" total="10027008" percent="87">
    <mem type="tenure" free="8769520" total="10027008" percent="87">
      <mem type="soa" free="7867376" total="9124864" percent="86" />
      <mem type="loa" free="902144" total="902144" percent="100" />
    </mem>
  </mem-info>
</gc-end>
<cycle-end id="404" type="global" contextid="393" timestamp="2019-09-21T19:37:24.144" />
  <attribute name="elasticGC enabled" value="1" />
  <attribute name= "numThreadsSpecified" value="8" />
  <attribute name="heapSize specified" value="9961472" />
  <attribute name="Current GC Util" value="47" />
  <attribute name= "Current Time Running" value="866" />
  <attribute name ="GC Interval" value="0" />
  <attribute name="Target GC Util Change" value ="40.000000" />
  <attribute name="Current GC Util Change" value="47.000000"/>
  <attribute name="Current Error" value="-247.000000" />
  <attribute name="Output H" value="9999176"/>
  <attribute name="Output I" value="1864"/>
  <attribute name="Output T" value="8"/>
  <attribute name= "Current Time Running" value="866" />
  <attribute name="GC Util currently" value="47" />
  <attribute name="CPU Util currently" value="1760992063251" />
<sys-end id="405" timestamp="2019-09-21T19:37:24.144" />
<exclusive-end id="406" timestamp="2019-09-21T19:37:24.144" durationms="5.761" />

<exclusive-start id="407" timestamp="2019-09-21T19:37:25.441" intervalms="1302.520">
  <response-info timems="0.033" idlems="0.033" threads="0" lastid="0000000001B97A00" lastname="main" />
</exclusive-start>
<af-start id="408" threadId="0000000001B98388" totalBytesRequested="192" timestamp="2019-09-21T19:37:25.441" intervalms="1308.705" />
<cycle-start id="409" type="global" contextid="0" timestamp="2019-09-21T19:37:25.441" intervalms="1302.523" />
<gc-start id="410" type="global" contextid="409" timestamp="2019-09-21T19:37:25.442">
  <mem-info id="411" free="902144" total="10027008" percent="8">
    <mem type="tenure" free="902144" total="10027008" percent="8">
      <mem type="soa" free="0" total="9124864" percent="0" />
      <mem type="loa" free="902144" total="902144" percent="100" />
    </mem>
  </mem-info>
</gc-start>
<allocation-stats totalBytes="7858432" >
  <allocated-bytes non-tlh="190272" tlh="7668160" />
  <largest-consumer threadName="main" threadId="0000000001B97A00" bytes="7858432" />
</allocation-stats>
<gc-op id="412" type="mark" timems="2.088" contextid="409" timestamp="2019-09-21T19:37:25.444">
  <trace-info objectcount="27252" scancount="21718" scanbytes="685792" />
  <finalization candidates="50" enqueued="0" />
  <ownableSynchronizers candidates="1" cleared="0" />
  <references type="soft" candidates="69" cleared="0" enqueued="0" dynamicThreshold="27" maxThreshold="32" />
  <references type="weak" candidates="550" cleared="85" enqueued="80" />
  <references type="phantom" candidates="88" cleared="5" enqueued="5" />
  <stringconstants candidates="3396" cleared="4"  />
</gc-op>
<gc-op id="413" type="sweep" timems="0.823" contextid="409" timestamp="2019-09-21T19:37:25.445" />
<mem-info id="414" free="7714384" total="10027008" percent="76">
  <mem type="tenure" free="7714384" total="10027008" percent="76" micro-fragmented="377268" macro-fragmented="0">
    <mem type="soa" free="6812240" total="9124864" percent="74" />
    <mem type="loa" free="902144" total="902144" percent="100" />
  </mem>
  <pending-finalizers system="0" default="0" reference="85" classloader="0" />
</mem-info>
<gc-op id="415" type="compact" timems="6.098" contextid="409" timestamp="2019-09-21T19:37:25.451">
  <compact-info movecount="25414" movebytes="1627144" reason="compact to aid heap contraction" />
</gc-op>
<heap-resize id="416" type="expand" space="tenure" amount="65536" count="1" timems="0.035" reason="satisfy allocation request" timestamp="2019-09-21T19:37:25.451" />
<gc-end id="417" type="global" contextid="409" durationms="9.923" usertimems="16.000" systemtimems="0.000" timestamp="2019-09-21T19:37:25.451" activeThreads="8">
  <mem-info id="418" free="8284528" total="10092544" percent="82">
    <mem type="tenure" free="8284528" total="10092544" percent="82">
      <mem type="soa" free="7376240" total="9184256" percent="80" />
      <mem type="loa" free="908288" total="908288" percent="100" />
    </mem>
    <pending-finalizers system="0" default="0" reference="85" classloader="0" />
  </mem-info>
</gc-end>
<cycle-end id="419" type="global" contextid="409" timestamp="2019-09-21T19:37:25.452" />
  <attribute name="elasticGC enabled" value="1" />
  <attribute name= "numThreadsSpecified" value="8" />
  <attribute name="heapSize specified" value="10027008" />
  <attribute name="Current GC Util" value="66" />
  <attribute name= "Current Time Running" value="2174" />
  <attribute name ="GC Interval" value="0" />
  <attribute name="Target GC Util Change" value ="40.000000" />
  <attribute name="Current GC Util Change" value="66.000000"/>
  <attribute name="Current Error" value="-267.000000" />
  <attribute name="Output H" value="10064696"/>
  <attribute name="Output I" value="1848"/>
  <attribute name="Output T" value="8"/>
  <attribute name= "Current Time Running" value="2174" />
  <attribute name="GC Util currently" value="66" />
  <attribute name="CPU Util currently" value="368824174931" />
<allocation-satisfied id="420" threadId="0000000001B97A00" bytesRequested="192" />
<af-end id="421" timestamp="2019-09-21T19:37:25.452" threadId="0000000001B98388" success="true" />
<exclusive-end id="422" timestamp="2019-09-21T19:37:25.452" durationms="10.778" />

<exclusive-start id="423" timestamp="2019-09-21T19:37:25.979" intervalms="537.270">
  <response-info timems="0.529" idlems="0.207" threads="2" lastid="0000000001EB3E00" lastname="PmdThread 5" />
</exclusive-start>
<af-start id="424" threadId="0000000001EB5E88" totalBytesRequested="16" timestamp="2019-09-21T19:37:25.979" intervalms="537.278" />
<cycle-start id="425" type="global" contextid="0" timestamp="2019-09-21T19:37:25.979" intervalms="537.265" />
<gc-start id="426" type="global" contextid="425" timestamp="2019-09-21T19:37:25.979">
  <mem-info id="427" free="908288" total="10092544" percent="8">
    <mem type="tenure" free="908288" total="10092544" percent="8">
      <mem type="soa" free="0" total="9184256" percent="0" />
      <mem type="loa" free="908288" total="908288" percent="100" />
    </mem>
  </mem-info>
</gc-start>
<allocation-stats totalBytes="7424136" >
  <allocated-bytes non-tlh="365760" tlh="7058376" />
  <largest-consumer threadName="PmdThread 5" threadId="0000000001EB3E00" bytes="1571072" />
</allocation-stats>
<gc-op id="428" type="mark" timems="1.550" contextid="425" timestamp="2019-09-21T19:37:25.980">
  <trace-info objectcount="49594" scancount="37629" scanbytes="1237836" />
  <finalization candidates="52" enqueued="0" />
  <ownableSynchronizers candidates="12" cleared="0" />
  <references type="soft" candidates="72" cleared="13" enqueued="13" dynamicThreshold="26" maxThreshold="32" />
  <references type="weak" candidates="827" cleared="214" enqueued="142" />
  <references type="phantom" candidates="92" cleared="3" enqueued="3" />
  <stringconstants candidates="3617" cleared="0"  />
</gc-op>
<gc-op id="429" type="sweep" timems="1.491" contextid="425" timestamp="2019-09-21T19:37:25.982" />
<mem-info id="430" free="6045984" total="10092544" percent="59">
  <mem type="tenure" free="6045984" total="10092544" percent="59" micro-fragmented="511337" macro-fragmented="0">
    <mem type="soa" free="5137696" total="9184256" percent="55" />
    <mem type="loa" free="908288" total="908288" percent="100" />
  </mem>
  <pending-finalizers system="0" default="0" reference="158" classloader="0" />
</mem-info>
<gc-op id="431" type="compact" timems="12.032" contextid="425" timestamp="2019-09-21T19:37:25.994">
  <compact-info movecount="48855" movebytes="3342800" reason="compact to aid heap contraction" />
</gc-op>
<heap-resize id="432" type="expand" space="tenure" amount="65536" count="1" timems="0.012" reason="satisfy allocation request" timestamp="2019-09-21T19:37:25.995" />
<gc-end id="433" type="global" contextid="425" durationms="16.257" usertimems="24.000" systemtimems="8.000" timestamp="2019-09-21T19:37:25.995" activeThreads="8">
  <mem-info id="434" free="6794592" total="10158080" percent="66">
    <mem type="tenure" free="6794592" total="10158080" percent="66">
      <mem type="soa" free="5881184" total="9244672" percent="63" />
      <mem type="loa" free="913408" total="913408" percent="100" />
    </mem>
    <pending-finalizers system="0" default="0" reference="158" classloader="0" />
  </mem-info>
</gc-end>
<cycle-end id="435" type="global" contextid="425" timestamp="2019-09-21T19:37:25.995" />
  <attribute name="elasticGC enabled" value="1" />
  <attribute name= "numThreadsSpecified" value="8" />
  <attribute name="heapSize specified" value="10092544" />
  <attribute name="Current GC Util" value="58" />
  <attribute name= "Current Time Running" value="2717" />
  <attribute name ="GC Interval" value="0" />
  <attribute name="Target GC Util Change" value ="40.000000" />
  <attribute name="Current GC Util Change" value="58.000000"/>
  <attribute name="Current Error" value="-18.000000" />
  <attribute name="Output H" value="10130376"/>
  <attribute name="Output I" value="1992"/>
  <attribute name="Output T" value="8"/>
  <attribute name= "Current Time Running" value="2717" />
  <attribute name="GC Util currently" value="58" />
  <attribute name="CPU Util currently" value="189004113913" />
<allocation-satisfied id="436" threadId="0000000001EB5500" bytesRequested="16" />
<af-end id="437" timestamp="2019-09-21T19:37:25.996" threadId="0000000001EB5E88" success="true" />
<exclusive-end id="438" timestamp="2019-09-21T19:37:25.996" durationms="17.158" />

<exclusive-start id="439" timestamp="2019-09-21T19:37:26.101" intervalms="122.954">
  <response-info timems="0.710" idlems="0.164" threads="6" lastid="0000000001B9F200" lastname="JIT Compilation Thread-1" />
</exclusive-start>
<af-start id="440" threadId="0000000001EBF388" totalBytesRequested="88" timestamp="2019-09-21T19:37:26.102" intervalms="122.941" />
<cycle-start id="441" type="global" contextid="0" timestamp="2019-09-21T19:37:26.102" intervalms="122.941" />
<gc-start id="442" type="global" contextid="441" timestamp="2019-09-21T19:37:26.102">
  <mem-info id="443" free="913408" total="10158080" percent="8">
    <mem type="tenure" free="913408" total="10158080" percent="8">
      <mem type="soa" free="0" total="9244672" percent="0" />
      <mem type="loa" free="913408" total="913408" percent="100" />
    </mem>
  </mem-info>
</gc-start>
<allocation-stats totalBytes="5876624" >
  <allocated-bytes non-tlh="66248" tlh="5810376" />
  <largest-consumer threadName="PmdThread 2" threadId="0000000001EB6E00" bytes="1190496" />
</allocation-stats>
<gc-op id="444" type="mark" timems="2.370" contextid="441" timestamp="2019-09-21T19:37:26.104">
  <trace-info objectcount="68399" scancount="56141" scanbytes="1863316" />
  <finalization candidates="57" enqueued="0" />
  <ownableSynchronizers candidates="12" cleared="0" />
  <references type="soft" candidates="90" cleared="0" enqueued="0" dynamicThreshold="21" maxThreshold="32" />
  <references type="weak" candidates="759" cleared="45" enqueued="39" />
  <references type="phantom" candidates="94" cleared="3" enqueued="3" />
  <stringconstants candidates="4492" cleared="4"  />
</gc-op>
<gc-op id="445" type="classunload" timems="0.002" contextid="441" timestamp="2019-09-21T19:37:26.104">
  <classunload-info classloadercandidates="6" classloadersunloaded="0" classesunloaded="0" anonymousclassesunloaded="0" quiescems="0.000" setupms="0.001" scanms="0.000" postms="0.001" />
</gc-op>
<gc-op id="446" type="sweep" timems="0.346" contextid="441" timestamp="2019-09-21T19:37:26.105" />
<mem-info id="447" free="4827312" total="10158080" percent="47">
  <mem type="tenure" free="4827312" total="10158080" percent="47" micro-fragmented="949242" macro-fragmented="0">
    <mem type="soa" free="3913904" total="9244672" percent="42" />
    <mem type="loa" free="913408" total="913408" percent="100" />
  </mem>
  <pending-finalizers system="0" default="0" reference="42" classloader="0" />
</mem-info>
<gc-op id="448" type="compact" timems="12.289" contextid="441" timestamp="2019-09-21T19:37:26.117">
  <compact-info movecount="67726" movebytes="4062952" reason="compact to aid heap contraction" />
</gc-op>
<heap-resize id="449" type="expand" space="tenure" amount="65536" count="1" timems="0.011" reason="satisfy allocation request" timestamp="2019-09-21T19:37:26.117" />
<gc-end id="450" type="global" contextid="441" durationms="15.683" usertimems="20.000" systemtimems="4.000" timestamp="2019-09-21T19:37:26.117" activeThreads="8">
  <mem-info id="451" free="6142056" total="10223616" percent="60">
    <mem type="tenure" free="6142056" total="10223616" percent="60">
      <mem type="soa" free="5222504" total="9304064" percent="56" />
      <mem type="loa" free="919552" total="919552" percent="100" />
    </mem>
    <pending-finalizers system="0" default="0" reference="42" classloader="0" />
  </mem-info>
</gc-end>
<cycle-end id="452" type="global" contextid="441" timestamp="2019-09-21T19:37:26.117" />
  <attribute name="elasticGC enabled" value="1" />
  <attribute name= "numThreadsSpecified" value="8" />
  <attribute name="heapSize specified" value="10158080" />
  <attribute name="Current GC Util" value="24" />
  <attribute name= "Current Time Running" value="2840" />
  <attribute name ="GC Interval" value="0" />
  <attribute name="Target GC Util Change" value ="40.000000" />
  <attribute name="Current GC Util Change" value="24.000000"/>
  <attribute name="Current Error" value="-105.000000" />
  <attribute name="Output H" value="10195864"/>
  <attribute name="Output I" value="1944"/>
  <attribute name="Output T" value="8"/>
  <attribute name= "Current Time Running" value="2840" />
  <attribute name="GC Util currently" value="24" />
  <attribute name="CPU Util currently" value="185922379880" />
<allocation-satisfied id="453" threadId="0000000001EBEA00" bytesRequested="88" />
<af-end id="454" timestamp="2019-09-21T19:37:26.118" threadId="0000000001EBF388" success="true" />
<exclusive-end id="455" timestamp="2019-09-21T19:37:26.118" durationms="16.206" />

<exclusive-start id="456" timestamp="2019-09-21T19:37:26.216" intervalms="114.434">
  <response-info timems="0.135" idlems="0.135" threads="0" lastid="0000000001EBEA00" lastname="PmdThread 3" />
</exclusive-start>
<af-start id="457" threadId="0000000001EBF388" totalBytesRequested="24" timestamp="2019-09-21T19:37:26.216" intervalms="114.428" />
<cycle-start id="458" type="global" contextid="0" timestamp="2019-09-21T19:37:26.216" intervalms="114.410" />
<gc-start id="459" type="global" contextid="458" timestamp="2019-09-21T19:37:26.216">
  <mem-info id="460" free="919552" total="10223616" percent="8">
    <mem type="tenure" free="919552" total="10223616" percent="8">
      <mem type="soa" free="0" total="9304064" percent="0" />
      <mem type="loa" free="919552" total="919552" percent="100" />
    </mem>
  </mem-info>
</gc-start>
<allocation-stats totalBytes="5207776" >
  <allocated-bytes non-tlh="21000" tlh="5186776" />
  <largest-consumer threadName="PmdThread 6" threadId="0000000001EB4900" bytes="1076664" />
</allocation-stats>
<gc-op id="461" type="mark" timems="1.958" contextid="458" timestamp="2019-09-21T19:37:26.218">
  <trace-info objectcount="84450" scancount="71416" scanbytes="2282532" />
  <finalization candidates="57" enqueued="0" />
  <ownableSynchronizers candidates="12" cleared="0" />
  <references type="soft" candidates="93" cleared="0" enqueued="0" dynamicThreshold="19" maxThreshold="32" />
  <references type="weak" candidates="784" cleared="59" enqueued="59" />
  <references type="phantom" candidates="93" cleared="3" enqueued="3" />
  <stringconstants candidates="4622" cleared="0"  />
</gc-op>
<gc-op id="462" type="sweep" timems="0.333" contextid="458" timestamp="2019-09-21T19:37:26.219" />
<mem-info id="463" free="4585800" total="10223616" percent="44">
  <mem type="tenure" free="4585800" total="10223616" percent="44" micro-fragmented="832194" macro-fragmented="0">
    <mem type="soa" free="3666248" total="9304064" percent="39" />
    <mem type="loa" free="919552" total="919552" percent="100" />
  </mem>
  <pending-finalizers system="0" default="0" reference="62" classloader="0" />
</mem-info>
<gc-op id="464" type="compact" timems="16.187" contextid="458" timestamp="2019-09-21T19:37:26.235">
  <compact-info movecount="83763" movebytes="4581440" reason="compact to aid heap contraction" />
</gc-op>
<heap-resize id="465" type="expand" space="tenure" amount="65536" count="1" timems="0.026" reason="satisfy allocation request" timestamp="2019-09-21T19:37:26.235" />
<gc-end id="466" type="global" contextid="458" durationms="19.285" usertimems="16.000" systemtimems="12.000" timestamp="2019-09-21T19:37:26.235" activeThreads="8">
  <mem-info id="467" free="5651728" total="10289152" percent="54">
    <mem type="tenure" free="5651728" total="10289152" percent="54">
      <mem type="soa" free="4726032" total="9363456" percent="50" />
      <mem type="loa" free="925696" total="925696" percent="100" />
    </mem>
    <pending-finalizers system="0" default="0" reference="62" classloader="0" />
  </mem-info>
</gc-end>
<cycle-end id="468" type="global" contextid="458" timestamp="2019-09-21T19:37:26.236" />
  <attribute name="elasticGC enabled" value="1" />
  <attribute name= "numThreadsSpecified" value="8" />
  <attribute name="heapSize specified" value="10223616" />
  <attribute name="Current GC Util" value="19" />
  <attribute name= "Current Time Running" value="2958" />
  <attribute name ="GC Interval" value="0" />
  <attribute name="Target GC Util Change" value ="40.000000" />
  <attribute name="Current GC Util Change" value="19.000000"/>
  <attribute name="Current Error" value="-155.000000" />
  <attribute name="Output H" value="10261368"/>
  <attribute name="Output I" value="1912"/>
  <attribute name="Output T" value="8"/>
  <attribute name= "Current Time Running" value="2958" />
  <attribute name="GC Util currently" value="19" />
  <attribute name="CPU Util currently" value="141095868615" />
<allocation-satisfied id="469" threadId="0000000001EBEA00" bytesRequested="24" />
<af-end id="470" timestamp="2019-09-21T19:37:26.236" threadId="0000000001EBF388" success="true" />
<exclusive-end id="471" timestamp="2019-09-21T19:37:26.236" durationms="19.994" />

<exclusive-start id="472" timestamp="2019-09-21T19:37:26.264" intervalms="48.297">
  <response-info timems="0.095" idlems="0.050" threads="1" lastid="0000000001EB6E00" lastname="PmdThread 2" />
</exclusive-start>
<af-start id="473" threadId="0000000001EC2F88" totalBytesRequested="24" timestamp="2019-09-21T19:37:26.264" intervalms="48.307" />
<cycle-start id="474" type="global" contextid="0" timestamp="2019-09-21T19:37:26.264" intervalms="48.326" />
<gc-start id="475" type="global" contextid="474" timestamp="2019-09-21T19:37:26.265">
  <mem-info id="476" free="925696" total="10289152" percent="8">
    <mem type="tenure" free="925696" total="10289152" percent="8">
      <mem type="soa" free="0" total="9363456" percent="0" />
      <mem type="loa" free="925696" total="925696" percent="100" />
    </mem>
  </mem-info>
</gc-start>
<allocation-stats totalBytes="4758336" >
  <allocated-bytes non-tlh="56616" tlh="4701720" />
  <largest-consumer threadName="PmdThread 5" threadId="0000000001EB3E00" bytes="871624" />
</allocation-stats>
<gc-op id="477" type="mark" timems="3.744" contextid="474" timestamp="2019-09-21T19:37:26.268">
  <trace-info objectcount="106591" scancount="91268" scanbytes="2700864" />
  <finalization candidates="57" enqueued="0" />
  <ownableSynchronizers candidates="12" cleared="0" />
  <references type="soft" candidates="93" cleared="0" enqueued="0" dynamicThreshold="17" maxThreshold="32" />
  <references type="weak" candidates="744" cleared="18" enqueued="18" />
  <references type="phantom" candidates="90" cleared="1" enqueued="1" />
  <stringconstants candidates="4626" cleared="0"  />
</gc-op>
<gc-op id="478" type="sweep" timems="1.160" contextid="474" timestamp="2019-09-21T19:37:26.270" />
<mem-info id="479" free="3705352" total="10289152" percent="36">
  <mem type="tenure" free="3705352" total="10289152" percent="36" micro-fragmented="1430821" macro-fragmented="0">
    <mem type="soa" free="2779656" total="9363456" percent="29" />
    <mem type="loa" free="925696" total="925696" percent="100" />
  </mem>
  <pending-finalizers system="0" default="0" reference="19" classloader="0" />
</mem-info>
<gc-op id="480" type="compact" timems="17.894" contextid="474" timestamp="2019-09-21T19:37:26.288">
  <compact-info movecount="81196" movebytes="3460576" reason="compact to aid heap contraction" />
</gc-op>
<heap-resize id="481" type="expand" space="tenure" amount="65536" count="1" timems="0.012" reason="satisfy allocation request" timestamp="2019-09-21T19:37:26.289" />
<gc-end id="482" type="global" contextid="474" durationms="24.339" usertimems="44.000" systemtimems="0.000" timestamp="2019-09-21T19:37:26.289" activeThreads="8">
  <mem-info id="483" free="5220224" total="10354688" percent="50">
    <mem type="tenure" free="5220224" total="10354688" percent="50">
      <mem type="soa" free="4288384" total="9422848" percent="45" />
      <mem type="loa" free="931840" total="931840" percent="100" />
    </mem>
    <pending-finalizers system="0" default="0" reference="19" classloader="0" />
  </mem-info>
</gc-end>
<cycle-end id="484" type="global" contextid="474" timestamp="2019-09-21T19:37:26.289" />
  <attribute name="elasticGC enabled" value="1" />
  <attribute name= "numThreadsSpecified" value="8" />
  <attribute name="heapSize specified" value="10289152" />
  <attribute name="Current GC Util" value="37" />
  <attribute name= "Current Time Running" value="3011" />
  <attribute name ="GC Interval" value="0" />
  <attribute name="Target GC Util Change" value ="40.000000" />
  <attribute name="Current GC Util Change" value="37.000000"/>
  <attribute name="Current Error" value="3.000000" />
  <attribute name="Output H" value="10327000"/>
  <attribute name="Output I" value="2008"/>
  <attribute name="Output T" value="8"/>
  <attribute name= "Current Time Running" value="3011" />
  <attribute name="GC Util currently" value="37" />
  <attribute name="CPU Util currently" value="127843314765" />
<allocation-satisfied id="485" threadId="0000000001EC2600" bytesRequested="24" />
<af-end id="486" timestamp="2019-09-21T19:37:26.289" threadId="0000000001EC2F88" success="true" />
<exclusive-end id="487" timestamp="2019-09-21T19:37:26.289" durationms="25.173" />

<exclusive-start id="488" timestamp="2019-09-21T19:37:26.329" intervalms="64.529">
  <response-info timems="0.142" idlems="0.074" threads="2" lastid="0000000001EBEA00" lastname="PmdThread 3" />
</exclusive-start>
<af-start id="489" threadId="0000000001EB7788" totalBytesRequested="56" timestamp="2019-09-21T19:37:26.329" intervalms="64.498" />
<cycle-start id="490" type="global" contextid="0" timestamp="2019-09-21T19:37:26.329" intervalms="64.515" />
<gc-start id="491" type="global" contextid="490" timestamp="2019-09-21T19:37:26.329">
  <mem-info id="492" free="931840" total="10354688" percent="8">
    <mem type="tenure" free="931840" total="10354688" percent="8">
      <mem type="soa" free="0" total="9422848" percent="0" />
      <mem type="loa" free="931840" total="931840" percent="100" />
    </mem>
  </mem-info>
</gc-start>
<allocation-stats totalBytes="4320304" >
  <allocated-bytes non-tlh="20424" tlh="4299880" />
  <largest-consumer threadName="PmdThread 2" threadId="0000000001EB6E00" bytes="744152" />
</allocation-stats>
<gc-op id="493" type="mark" timems="2.738" contextid="490" timestamp="2019-09-21T19:37:26.332">
  <trace-info objectcount="117991" scancount="101580" scanbytes="3004464" />
  <finalization candidates="57" enqueued="0" />
  <ownableSynchronizers candidates="12" cleared="0" />
  <references type="soft" candidates="214" cleared="0" enqueued="0" dynamicThreshold="16" maxThreshold="32" />
  <references type="weak" candidates="799" cleared="73" enqueued="73" />
  <references type="phantom" candidates="92" cleared="2" enqueued="2" />
  <stringconstants candidates="4895" cleared="0"  />
</gc-op>
<gc-op id="494" type="sweep" timems="0.326" contextid="490" timestamp="2019-09-21T19:37:26.332" />
<mem-info id="495" free="4205784" total="10354688" percent="40">
  <mem type="tenure" free="4205784" total="10354688" percent="40" micro-fragmented="556731" macro-fragmented="0">
    <mem type="soa" free="3273944" total="9422848" percent="34" />
    <mem type="loa" free="931840" total="931840" percent="100" />
  </mem>
  <pending-finalizers system="0" default="0" reference="75" classloader="0" />
</mem-info>
<gc-op id="496" type="compact" timems="20.955" contextid="490" timestamp="2019-09-21T19:37:26.353">
  <compact-info movecount="106727" movebytes="5016416" reason="compact to aid heap contraction" />
</gc-op>
<heap-resize id="497" type="expand" space="tenure" amount="65536" count="1" timems="0.025" reason="satisfy allocation request" timestamp="2019-09-21T19:37:26.354" />
<gc-end id="498" type="global" contextid="490" durationms="24.719" usertimems="32.000" systemtimems="0.000" timestamp="2019-09-21T19:37:26.354" activeThreads="8">
  <mem-info id="499" free="4869760" total="10420224" percent="46">
    <mem type="tenure" free="4869760" total="10420224" percent="46">
      <mem type="soa" free="3932800" total="9483264" percent="41" />
      <mem type="loa" free="936960" total="936960" percent="100" />
    </mem>
    <pending-finalizers system="0" default="0" reference="75" classloader="0" />
  </mem-info>
</gc-end>
<cycle-end id="500" type="global" contextid="490" timestamp="2019-09-21T19:37:26.354" />
  <attribute name="elasticGC enabled" value="1" />
  <attribute name= "numThreadsSpecified" value="8" />
  <attribute name="heapSize specified" value="10354688" />
  <attribute name="Current GC Util" value="12" />
  <attribute name= "Current Time Running" value="3076" />
  <attribute name ="GC Interval" value="0" />
  <attribute name="Target GC Util Change" value ="40.000000" />
  <attribute name="Current GC Util Change" value="12.000000"/>
  <attribute name="Current Error" value="-185.000000" />
  <attribute name="Output H" value="10392424"/>
  <attribute name="Output I" value="1896"/>
  <attribute name="Output T" value="8"/>
  <attribute name= "Current Time Running" value="3076" />
  <attribute name="GC Util currently" value="12" />
  <attribute name="CPU Util currently" value="109263508883" />
<allocation-satisfied id="501" threadId="0000000001EB6E00" bytesRequested="56" />
<af-end id="502" timestamp="2019-09-21T19:37:26.354" threadId="0000000001EB7788" success="true" />
<exclusive-end id="503" timestamp="2019-09-21T19:37:26.354" durationms="25.609" />

<exclusive-start id="504" timestamp="2019-09-21T19:37:26.372" intervalms="43.213">
  <response-info timems="0.092" idlems="0.092" threads="0" lastid="0000000001EB3E00" lastname="PmdThread 5" />
</exclusive-start>
<af-start id="505" threadId="0000000001EB4788" totalBytesRequested="24" timestamp="2019-09-21T19:37:26.372" intervalms="43.294" />
<cycle-start id="506" type="global" contextid="0" timestamp="2019-09-21T19:37:26.372" intervalms="43.292" />
<gc-start id="507" type="global" contextid="506" timestamp="2019-09-21T19:37:26.372">
  <mem-info id="508" free="936960" total="10420224" percent="8">
    <mem type="tenure" free="936960" total="10420224" percent="8">
      <mem type="soa" free="0" total="9483264" percent="0" />
      <mem type="loa" free="936960" total="936960" percent="100" />
    </mem>
  </mem-info>
</gc-start>
<allocation-stats totalBytes="3931600" >
  <allocated-bytes non-tlh="208" tlh="3931392" />
  <largest-consumer threadName="PmdThread 2" threadId="0000000001EB6E00" bytes="2381016" />
</allocation-stats>
<gc-op id="509" type="mark" timems="3.228" contextid="506" timestamp="2019-09-21T19:37:26.376">
  <trace-info objectcount="118715" scancount="102572" scanbytes="3033172" />
  <finalization candidates="57" enqueued="0" />
  <ownableSynchronizers candidates="12" cleared="0" />
  <references type="soft" candidates="216" cleared="0" enqueued="0" dynamicThreshold="14" maxThreshold="32" />
  <references type="weak" candidates="956" cleared="229" enqueued="229" />
  <references type="phantom" candidates="94" cleared="0" enqueued="0" />
  <stringconstants candidates="4896" cleared="0"  />
</gc-op>
<gc-op id="510" type="sweep" timems="0.641" contextid="506" timestamp="2019-09-21T19:37:26.376" />
<mem-info id="511" free="4597680" total="10420224" percent="44">
  <mem type="tenure" free="4597680" total="10420224" percent="44" micro-fragmented="15419" macro-fragmented="0">
    <mem type="soa" free="3660720" total="9483264" percent="38" />
    <mem type="loa" free="936960" total="936960" percent="100" />
  </mem>
  <pending-finalizers system="0" default="0" reference="229" classloader="0" />
</mem-info>
<gc-op id="512" type="compact" timems="22.019" contextid="506" timestamp="2019-09-21T19:37:26.399">
  <compact-info movecount="100089" movebytes="4634712" reason="compact to aid heap contraction" />
</gc-op>
<heap-resize id="513" type="expand" space="tenure" amount="65536" count="1" timems="0.011" reason="satisfy allocation request" timestamp="2019-09-21T19:37:26.399" />
<gc-end id="514" type="global" contextid="506" durationms="26.924" usertimems="36.000" systemtimems="0.000" timestamp="2019-09-21T19:37:26.399" activeThreads="8">
  <mem-info id="515" free="4654032" total="10485760" percent="44">
    <mem type="tenure" free="4654032" total="10485760" percent="44">
      <mem type="soa" free="3710928" total="9542656" percent="38" />
      <mem type="loa" free="943104" total="943104" percent="100" />
    </mem>
    <pending-finalizers system="0" default="0" reference="229" classloader="0" />
  </mem-info>
</gc-end>
<cycle-end id="516" type="global" contextid="506" timestamp="2019-09-21T19:37:26.400" />
  <attribute name="elasticGC enabled" value="1" />
  <attribute name= "numThreadsSpecified" value="8" />
  <attribute name="heapSize specified" value="10420224" />
  <attribute name="Current GC Util" value="22" />
  <attribute name= "Current Time Running" value="3121" />
  <attribute name ="GC Interval" value="0" />
  <attribute name="Target GC Util Change" value ="40.000000" />
  <attribute name="Current GC Util Change" value="22.000000"/>
  <attribute name="Current Error" value="-241.000000" />
  <attribute name="Output H" value="10457928"/>
  <attribute name="Output I" value="1864"/>
  <attribute name="Output T" value="8"/>
  <attribute name= "Current Time Running" value="3121" />
  <attribute name="GC Util currently" value="22" />
  <attribute name="CPU Util currently" value="103927548179" />
<allocation-satisfied id="517" threadId="0000000001EB3E00" bytesRequested="24" />
<af-end id="518" timestamp="2019-09-21T19:37:26.400" threadId="0000000001EB4788" success="true" />
<exclusive-end id="519" timestamp="2019-09-21T19:37:26.400" durationms="28.101" />

<exclusive-start id="520" timestamp="2019-09-21T19:37:26.416" intervalms="44.357">
  <response-info timems="0.093" idlems="0.093" threads="0" lastid="0000000001EBEA00" lastname="PmdThread 3" />
</exclusive-start>
<af-start id="521" threadId="0000000001EBF388" totalBytesRequested="24" timestamp="2019-09-21T19:37:26.416" intervalms="44.341" />
<cycle-start id="522" type="global" contextid="0" timestamp="2019-09-21T19:37:26.417" intervalms="44.338" />
<gc-start id="523" type="global" contextid="522" timestamp="2019-09-21T19:37:26.417">
  <mem-info id="524" free="943104" total="10485760" percent="8">
    <mem type="tenure" free="943104" total="10485760" percent="8">
      <mem type="soa" free="0" total="9542656" percent="0" />
      <mem type="loa" free="943104" total="943104" percent="100" />
    </mem>
  </mem-info>
</gc-start>
<allocation-stats totalBytes="3732776" >
  <allocated-bytes non-tlh="352" tlh="3732424" />
  <largest-consumer threadName="PmdThread 2" threadId="0000000001EB6E00" bytes="1170320" />
</allocation-stats>
<gc-op id="525" type="mark" timems="4.944" contextid="522" timestamp="2019-09-21T19:37:26.422">
  <trace-info objectcount="129122" scancount="112111" scanbytes="3383216" />
  <finalization candidates="57" enqueued="0" />
  <ownableSynchronizers candidates="12" cleared="0" />
  <references type="soft" candidates="216" cleared="0" enqueued="0" dynamicThreshold="14" maxThreshold="32" />
  <references type="weak" candidates="877" cleared="151" enqueued="151" />
  <references type="phantom" candidates="93" cleared="3" enqueued="3" />
  <stringconstants candidates="4898" cleared="0"  />
</gc-op>
<gc-op id="526" type="sweep" timems="1.886" contextid="522" timestamp="2019-09-21T19:37:26.424" />
<mem-info id="527" free="3773856" total="10485760" percent="35">
  <mem type="tenure" free="3773856" total="10485760" percent="35" micro-fragmented="371982" macro-fragmented="0">
    <mem type="soa" free="2830752" total="9542656" percent="29" />
    <mem type="loa" free="943104" total="943104" percent="100" />
  </mem>
  <pending-finalizers system="0" default="0" reference="154" classloader="0" />
</mem-info>
<gc-op id="528" type="compact" timems="27.679" contextid="522" timestamp="2019-09-21T19:37:26.452">
  <compact-info movecount="114766" movebytes="5476696" reason="compact to aid heap contraction" />
</gc-op>
<heap-resize id="529" type="expand" space="tenure" amount="65536" count="1" timems="0.013" reason="satisfy allocation request" timestamp="2019-09-21T19:37:26.453" />
<gc-end id="530" type="global" contextid="522" durationms="36.161" usertimems="44.000" systemtimems="0.000" timestamp="2019-09-21T19:37:26.453" activeThreads="8">
  <mem-info id="531" free="4397888" total="10551296" percent="41">
    <mem type="tenure" free="4397888" total="10551296" percent="41">
      <mem type="soa" free="3448640" total="9602048" percent="35" />
      <mem type="loa" free="949248" total="949248" percent="100" />
    </mem>
    <pending-finalizers system="0" default="0" reference="154" classloader="0" />
  </mem-info>
</gc-end>
<cycle-end id="532" type="global" contextid="522" timestamp="2019-09-21T19:37:26.453" />
  <attribute name="elasticGC enabled" value="1" />
  <attribute name= "numThreadsSpecified" value="8" />
  <attribute name="heapSize specified" value="10485760" />
  <attribute name="Current GC Util" value="28" />
  <attribute name= "Current Time Running" value="3174" />
  <attribute name ="GC Interval" value="0" />
  <attribute name="Target GC Util Change" value ="40.000000" />
  <attribute name="Current GC Util Change" value="28.000000"/>
  <attribute name="Current Error" value="12.000000" />
  <attribute name="Output H" value="10523608"/>
  <attribute name="Output I" value="2008"/>
  <attribute name="Output T" value="8"/>
  <attribute name= "Current Time Running" value="3174" />
  <attribute name="GC Util currently" value="28" />
  <attribute name="CPU Util currently" value="82609572801" />
<allocation-satisfied id="533" threadId="0000000001EBEA00" bytesRequested="24" />
<af-end id="534" timestamp="2019-09-21T19:37:26.453" threadId="0000000001EBF388" success="true" />
<exclusive-end id="535" timestamp="2019-09-21T19:37:26.453" durationms="37.108" />

<exclusive-start id="536" timestamp="2019-09-21T19:37:26.464" intervalms="47.340">
  <response-info timems="0.066" idlems="0.066" threads="0" lastid="0000000001EB3200" lastname="PmdThread 1" />
</exclusive-start>
<af-start id="537" threadId="0000000001EB3B88" totalBytesRequested="16" timestamp="2019-09-21T19:37:26.464" intervalms="47.308" />
<cycle-start id="538" type="global" contextid="0" timestamp="2019-09-21T19:37:26.464" intervalms="47.265" />
<gc-start id="539" type="global" contextid="538" timestamp="2019-09-21T19:37:26.464">
  <mem-info id="540" free="949248" total="10551296" percent="8">
    <mem type="tenure" free="949248" total="10551296" percent="8">
      <mem type="soa" free="0" total="9602048" percent="0" />
      <mem type="loa" free="949248" total="949248" percent="100" />
    </mem>
  </mem-info>
</gc-start>
<allocation-stats totalBytes="3477864" >
  <allocated-bytes non-tlh="456" tlh="3477408" />
  <largest-consumer threadName="PmdThread 2" threadId="0000000001EB6E00" bytes="1284768" />
</allocation-stats>
<gc-op id="541" type="mark" timems="3.346" contextid="538" timestamp="2019-09-21T19:37:26.467">
  <trace-info objectcount="142861" scancount="124473" scanbytes="3783600" />
  <finalization candidates="57" enqueued="0" />
  <ownableSynchronizers candidates="12" cleared="0" />
  <references type="soft" candidates="216" cleared="0" enqueued="0" dynamicThreshold="13" maxThreshold="32" />
  <references type="weak" candidates="847" cleared="119" enqueued="119" />
  <references type="phantom" candidates="92" cleared="2" enqueued="2" />
  <stringconstants candidates="4901" cleared="0"  />
</gc-op>
<gc-op id="542" type="sweep" timems="1.536" contextid="538" timestamp="2019-09-21T19:37:26.469" />
<mem-info id="543" free="3084584" total="10551296" percent="29">
  <mem type="tenure" free="3084584" total="10551296" percent="29" micro-fragmented="488191" macro-fragmented="0">
    <mem type="soa" free="2135336" total="9602048" percent="22" />
    <mem type="loa" free="949248" total="949248" percent="100" />
  </mem>
  <pending-finalizers system="0" default="0" reference="121" classloader="0" />
</mem-info>
<gc-op id="544" type="compact" timems="27.321" contextid="538" timestamp="2019-09-21T19:37:26.497">
  <compact-info movecount="118775" movebytes="5247672" reason="compact to aid heap contraction" />
</gc-op>
<heap-resize id="545" type="expand" space="tenure" amount="65536" count="1" timems="0.011" reason="satisfy allocation request" timestamp="2019-09-21T19:37:26.497" />
<gc-end id="546" type="global" contextid="538" durationms="33.505" usertimems="44.000" systemtimems="0.000" timestamp="2019-09-21T19:37:26.497" activeThreads="8">
  <mem-info id="547" free="3747592" total="10616832" percent="35">
    <mem type="tenure" free="3747592" total="10616832" percent="35">
      <mem type="soa" free="2792200" total="9661440" percent="28" />
      <mem type="loa" free="955392" total="955392" percent="100" />
    </mem>
    <pending-finalizers system="0" default="0" reference="121" classloader="0" />
  </mem-info>
</gc-end>
<cycle-end id="548" type="global" contextid="538" timestamp="2019-09-21T19:37:26.497" />
  <attribute name="elasticGC enabled" value="1" />
  <attribute name= "numThreadsSpecified" value="8" />
  <attribute name="heapSize specified" value="10551296" />
  <attribute name="Current GC Util" value="26" />
  <attribute name= "Current Time Running" value="3219" />
  <attribute name ="GC Interval" value="0" />
  <attribute name="Target GC Util Change" value ="40.000000" />
  <attribute name="Current GC Util Change" value="26.000000"/>
  <attribute name="Current Error" value="-427.000000" />
  <attribute name="Output H" value="10588896"/>
  <attribute name="Output I" value="1760"/>
  <attribute name="Output T" value="8"/>
  <attribute name= "Current Time Running" value="3219" />
  <attribute name="GC Util currently" value="26" />
  <attribute name="CPU Util currently" value="83849263397" />
<allocation-satisfied id="549" threadId="0000000001EB3200" bytesRequested="16" />
<af-end id="550" timestamp="2019-09-21T19:37:26.498" threadId="0000000001EB3B88" success="true" />
<exclusive-end id="551" timestamp="2019-09-21T19:37:26.498" durationms="34.084" />

<exclusive-start id="552" timestamp="2019-09-21T19:37:26.507" intervalms="43.367">
  <response-info timems="0.071" idlems="0.038" threads="1" lastid="0000000001EB4900" lastname="PmdThread 6" />
</exclusive-start>
<af-start id="553" threadId="0000000001EC2F88" totalBytesRequested="16" timestamp="2019-09-21T19:37:26.507" intervalms="43.345" />
<cycle-start id="554" type="global" contextid="0" timestamp="2019-09-21T19:37:26.507" intervalms="43.337" />
<gc-start id="555" type="global" contextid="554" timestamp="2019-09-21T19:37:26.507">
  <mem-info id="556" free="955392" total="10616832" percent="8">
    <mem type="tenure" free="955392" total="10616832" percent="8">
      <mem type="soa" free="0" total="9661440" percent="0" />
      <mem type="loa" free="955392" total="955392" percent="100" />
    </mem>
  </mem-info>
</gc-start>
<allocation-stats totalBytes="2826632" >
  <allocated-bytes non-tlh="48" tlh="2826584" />
  <largest-consumer threadName="PmdThread 1" threadId="0000000001EB3200" bytes="1105752" />
</allocation-stats>
<gc-op id="557" type="mark" timems="2.554" contextid="554" timestamp="2019-09-21T19:37:26.510">
  <trace-info objectcount="148160" scancount="129716" scanbytes="3932360" />
  <finalization candidates="57" enqueued="0" />
  <ownableSynchronizers candidates="12" cleared="0" />
  <references type="soft" candidates="216" cleared="0" enqueued="0" dynamicThreshold="11" maxThreshold="32" />
  <references type="weak" candidates="748" cleared="21" enqueued="21" />
  <references type="phantom" candidates="93" cleared="3" enqueued="3" />
  <stringconstants candidates="4902" cleared="0"  />
</gc-op>
<gc-op id="558" type="sweep" timems="0.354" contextid="554" timestamp="2019-09-21T19:37:26.510" />
<mem-info id="559" free="3316664" total="10616832" percent="31">
  <mem type="tenure" free="3316664" total="10616832" percent="31" micro-fragmented="399258" macro-fragmented="0">
    <mem type="soa" free="2361272" total="9661440" percent="24" />
    <mem type="loa" free="955392" total="955392" percent="100" />
  </mem>
  <pending-finalizers system="0" default="0" reference="24" classloader="0" />
</mem-info>
<gc-op id="560" type="compact" timems="25.711" contextid="554" timestamp="2019-09-21T19:37:26.536">
  <compact-info movecount="121304" movebytes="5099656" reason="compact to aid heap contraction" />
</gc-op>
<heap-resize id="561" type="expand" space="tenure" amount="65536" count="1" timems="0.011" reason="satisfy allocation request" timestamp="2019-09-21T19:37:26.537" />
<gc-end id="562" type="global" contextid="554" durationms="29.554" usertimems="40.000" systemtimems="0.000" timestamp="2019-09-21T19:37:26.537" activeThreads="8">
  <mem-info id="563" free="3826376" total="10682368" percent="35">
    <mem type="tenure" free="3826376" total="10682368" percent="35">
      <mem type="soa" free="2865864" total="9721856" percent="29" />
      <mem type="loa" free="960512" total="960512" percent="100" />
    </mem>
    <pending-finalizers system="0" default="0" reference="24" classloader="0" />
  </mem-info>
</gc-end>
<cycle-end id="564" type="global" contextid="554" timestamp="2019-09-21T19:37:26.537" />
  <attribute name="elasticGC enabled" value="1" />
  <attribute name= "numThreadsSpecified" value="8" />
  <attribute name="heapSize specified" value="10616832" />
  <attribute name="Current GC Util" value="8" />
  <attribute name= "Current Time Running" value="3259" />
  <attribute name ="GC Interval" value="0" />
  <attribute name="Target GC Util Change" value ="40.000000" />
  <attribute name="Current GC Util Change" value="8.000000"/>
  <attribute name="Current Error" value="-167.000000" />
  <attribute name="Output H" value="10654576"/>
  <attribute name="Output I" value="1904"/>
  <attribute name="Output T" value="8"/>
  <attribute name= "Current Time Running" value="3259" />
  <attribute name="GC Util currently" value="8" />
  <attribute name="CPU Util currently" value="89080787644" />
<allocation-satisfied id="565" threadId="0000000001EC2600" bytesRequested="16" />
<af-end id="566" timestamp="2019-09-21T19:37:26.537" threadId="0000000001EC2F88" success="true" />
<exclusive-end id="567" timestamp="2019-09-21T19:37:26.537" durationms="30.274" />

<exclusive-start id="568" timestamp="2019-09-21T19:37:26.552" intervalms="44.536">
  <response-info timems="0.180" idlems="0.180" threads="0" lastid="0000000001EB3E00" lastname="PmdThread 5" />
</exclusive-start>
<af-start id="569" threadId="0000000001EB4788" totalBytesRequested="40" timestamp="2019-09-21T19:37:26.552" intervalms="44.560" />
<cycle-start id="570" type="global" contextid="0" timestamp="2019-09-21T19:37:26.552" intervalms="44.609" />
<gc-start id="571" type="global" contextid="570" timestamp="2019-09-21T19:37:26.552">
  <mem-info id="572" free="960512" total="10682368" percent="8">
    <mem type="tenure" free="960512" total="10682368" percent="8">
      <mem type="soa" free="0" total="9721856" percent="0" />
      <mem type="loa" free="960512" total="960512" percent="100" />
    </mem>
  </mem-info>
</gc-start>
<allocation-stats totalBytes="2885136" >
  <allocated-bytes non-tlh="33016" tlh="2852120" />
  <largest-consumer threadName="PmdThread 5" threadId="0000000001EB3E00" bytes="968600" />
</allocation-stats>
<gc-op id="573" type="mark" timems="2.736" contextid="570" timestamp="2019-09-21T19:37:26.555">
  <trace-info objectcount="159630" scancount="140401" scanbytes="4315432" />
  <finalization candidates="57" enqueued="0" />
  <ownableSynchronizers candidates="12" cleared="0" />
  <references type="soft" candidates="216" cleared="0" enqueued="0" dynamicThreshold="11" maxThreshold="32" />
  <references type="weak" candidates="745" cleared="16" enqueued="15" />
  <references type="phantom" candidates="94" cleared="3" enqueued="3" />
  <stringconstants candidates="4903" cleared="0"  />
</gc-op>
<gc-op id="574" type="sweep" timems="0.372" contextid="570" timestamp="2019-09-21T19:37:26.555" />
<mem-info id="575" free="2610392" total="10682368" percent="24">
  <mem type="tenure" free="2610392" total="10682368" percent="24" micro-fragmented="444970" macro-fragmented="0">
    <mem type="soa" free="1649880" total="9721856" percent="16" />
    <mem type="loa" free="960512" total="960512" percent="100" />
  </mem>
  <pending-finalizers system="0" default="0" reference="18" classloader="0" />
</mem-info>
<gc-op id="576" type="compact" timems="28.102" contextid="570" timestamp="2019-09-21T19:37:26.584">
  <compact-info movecount="134296" movebytes="5791848" reason="compact to aid heap contraction" />
</gc-op>
<heap-resize id="577" type="expand" space="tenure" amount="65536" count="1" timems="0.012" reason="satisfy allocation request" timestamp="2019-09-21T19:37:26.584" />
<gc-end id="578" type="global" contextid="570" durationms="32.160" usertimems="40.000" systemtimems="0.000" timestamp="2019-09-21T19:37:26.584" activeThreads="8">
  <mem-info id="579" free="3274208" total="10747904" percent="30">
    <mem type="tenure" free="3274208" total="10747904" percent="30">
      <mem type="soa" free="2307552" total="9781248" percent="23" />
      <mem type="loa" free="966656" total="966656" percent="100" />
    </mem>
    <pending-finalizers system="0" default="0" reference="18" classloader="0" />
  </mem-info>
</gc-end>
<cycle-end id="580" type="global" contextid="570" timestamp="2019-09-21T19:37:26.584" />
  <attribute name="elasticGC enabled" value="1" />
  <attribute name= "numThreadsSpecified" value="8" />
  <attribute name="heapSize specified" value="10682368" />
  <attribute name="Current GC Util" value="7" />
  <attribute name= "Current Time Running" value="3306" />
  <attribute name ="GC Interval" value="0" />
  <attribute name="Target GC Util Change" value ="40.000000" />
  <attribute name="Current GC Util Change" value="7.000000"/>
  <attribute name="Current Error" value="33.000000" />
  <attribute name="Output H" value="10720232"/>
  <attribute name="Output I" value="2024"/>
  <attribute name="Output T" value="8"/>
  <attribute name= "Current Time Running" value="3306" />
  <attribute name="GC Util currently" value="7" />
  <attribute name="CPU Util currently" value="81598221076" />
<allocation-satisfied id="581" threadId="0000000001EB3E00" bytesRequested="40" />
<af-end id="582" timestamp="2019-09-21T19:37:26.584" threadId="0000000001EB4788" success="true" />
<exclusive-end id="583" timestamp="2019-09-21T19:37:26.585" durationms="33.001" />

<exclusive-start id="584" timestamp="2019-09-21T19:37:26.594" intervalms="42.008">
  <response-info timems="0.999" idlems="0.999" threads="0" lastid="0000000001EBEA00" lastname="PmdThread 3" />
</exclusive-start>
<af-start id="585" threadId="0000000001EBF388" totalBytesRequested="96" timestamp="2019-09-21T19:37:26.594" intervalms="41.991" />
<cycle-start id="586" type="global" contextid="0" timestamp="2019-09-21T19:37:26.594" intervalms="41.971" />
<gc-start id="587" type="global" contextid="586" timestamp="2019-09-21T19:37:26.594">
  <mem-info id="588" free="966656" total="10747904" percent="8">
    <mem type="tenure" free="966656" total="10747904" percent="8">
      <mem type="soa" free="0" total="9781248" percent="0" />
      <mem type="loa" free="966656" total="966656" percent="100" />
    </mem>
  </mem-info>
</gc-start>
<allocation-stats totalBytes="2355880" >
  <allocated-bytes non-tlh="40840" tlh="2315040" />
  <largest-consumer threadName="PmdThread 2" threadId="0000000001EB6E00" bytes="540552" />
</allocation-stats>
<gc-op id="589" type="mark" timems="3.703" contextid="586" timestamp="2019-09-21T19:37:26.598">
  <trace-info objectcount="166403" scancount="146566" scanbytes="4532236" />
  <finalization candidates="57" enqueued="0" />
  <ownableSynchronizers candidates="12" cleared="0" />
  <references type="soft" candidates="216" cleared="18" enqueued="14" dynamicThreshold="9" maxThreshold="32" />
  <references type="weak" candidates="732" cleared="4" enqueued="4" />
  <references type="phantom" candidates="95" cleared="4" enqueued="4" />
  <stringconstants candidates="4903" cleared="1"  />
</gc-op>
<gc-op id="590" type="sweep" timems="1.105" contextid="586" timestamp="2019-09-21T19:37:26.599" />
<mem-info id="591" free="2517400" total="10747904" percent="23">
  <mem type="tenure" free="2517400" total="10747904" percent="23" micro-fragmented="298850" macro-fragmented="0">
    <mem type="soa" free="1550744" total="9781248" percent="15" />
    <mem type="loa" free="966656" total="966656" percent="100" />
  </mem>
  <pending-finalizers system="0" default="0" reference="22" classloader="0" />
</mem-info>
<gc-op id="592" type="compact" timems="35.519" contextid="586" timestamp="2019-09-21T19:37:26.635">
  <compact-info movecount="160470" movebytes="7497208" reason="compact to aid heap contraction" />
</gc-op>
<heap-resize id="593" type="expand" space="tenure" amount="65536" count="1" timems="0.016" reason="satisfy allocation request" timestamp="2019-09-21T19:37:26.635" />
<gc-end id="594" type="global" contextid="586" durationms="41.640" usertimems="48.000" systemtimems="8.000" timestamp="2019-09-21T19:37:26.635" activeThreads="8">
  <mem-info id="595" free="3015808" total="10813440" percent="27">
    <mem type="tenure" free="3015808" total="10813440" percent="27">
      <mem type="soa" free="2043008" total="9840640" percent="20" />
      <mem type="loa" free="972800" total="972800" percent="100" />
    </mem>
    <pending-finalizers system="0" default="0" reference="22" classloader="0" />
  </mem-info>
</gc-end>
<cycle-end id="596" type="global" contextid="586" timestamp="2019-09-21T19:37:26.636" />
  <attribute name="elasticGC enabled" value="1" />
  <attribute name= "numThreadsSpecified" value="8" />
  <attribute name="heapSize specified" value="10747904" />
  <attribute name="Current GC Util" value="19" />
  <attribute name= "Current Time Running" value="3357" />
  <attribute name ="GC Interval" value="0" />
  <attribute name="Target GC Util Change" value ="40.000000" />
  <attribute name="Current GC Util Change" value="19.000000"/>
  <attribute name="Current Error" value="-527.000000" />
  <attribute name="Output H" value="10785440"/>
  <attribute name="Output I" value="1696"/>
  <attribute name="Output T" value="8"/>
  <attribute name= "Current Time Running" value="3357" />
  <attribute name="GC Util currently" value="19" />
  <attribute name="CPU Util currently" value="64613339563" />
<allocation-satisfied id="597" threadId="0000000001EBEA00" bytesRequested="96" />
<af-end id="598" timestamp="2019-09-21T19:37:26.636" threadId="0000000001EBF388" success="true" />
<exclusive-end id="599" timestamp="2019-09-21T19:37:26.636" durationms="42.595" />

<exclusive-start id="600" timestamp="2019-09-21T19:37:26.645" intervalms="51.207">
  <response-info timems="0.084" idlems="0.044" threads="1" lastid="0000000001EB6000" lastname="PmdThread 8" />
</exclusive-start>
<af-start id="601" threadId="0000000001EB5288" totalBytesRequested="24" timestamp="2019-09-21T19:37:26.645" intervalms="51.192" />
<cycle-start id="602" type="global" contextid="0" timestamp="2019-09-21T19:37:26.645" intervalms="51.166" />
<gc-start id="603" type="global" contextid="602" timestamp="2019-09-21T19:37:26.645">
  <mem-info id="604" free="972800" total="10813440" percent="8">
    <mem type="tenure" free="972800" total="10813440" percent="8">
      <mem type="soa" free="0" total="9840640" percent="0" />
      <mem type="loa" free="972800" total="972800" percent="100" />
    </mem>
  </mem-info>
</gc-start>
<allocation-stats totalBytes="2058864" >
  <allocated-bytes non-tlh="51592" tlh="2007272" />
  <largest-consumer threadName="PmdThread 2" threadId="0000000001EB6E00" bytes="545480" />
</allocation-stats>
<gc-op id="605" type="mark" timems="3.275" contextid="602" timestamp="2019-09-21T19:37:26.648">
  <trace-info objectcount="170637" scancount="150777" scanbytes="4678060" />
  <finalization candidates="57" enqueued="0" />
  <ownableSynchronizers candidates="12" cleared="0" />
  <references type="soft" candidates="198" cleared="1" enqueued="0" dynamicThreshold="8" maxThreshold="32" />
  <references type="weak" candidates="763" cleared="35" enqueued="35" />
  <references type="phantom" candidates="98" cleared="6" enqueued="6" />
  <stringconstants candidates="4928" cleared="0"  />
</gc-op>
<gc-op id="606" type="sweep" timems="0.342" contextid="602" timestamp="2019-09-21T19:37:26.649" />
<mem-info id="607" free="2645760" total="10813440" percent="24">
  <mem type="tenure" free="2645760" total="10813440" percent="24" micro-fragmented="221176" macro-fragmented="0">
    <mem type="soa" free="1672960" total="9840640" percent="17" />
    <mem type="loa" free="972800" total="972800" percent="100" />
  </mem>
  <pending-finalizers system="0" default="0" reference="41" classloader="0" />
</mem-info>
<gc-op id="608" type="compact" timems="34.006" contextid="602" timestamp="2019-09-21T19:37:26.683">
  <compact-info movecount="155456" movebytes="7237848" reason="compact to aid heap contraction" />
</gc-op>
<heap-resize id="609" type="expand" space="tenure" amount="65536" count="1" timems="0.015" reason="satisfy allocation request" timestamp="2019-09-21T19:37:26.683" />
<gc-end id="610" type="global" contextid="602" durationms="38.453" usertimems="48.000" systemtimems="4.000" timestamp="2019-09-21T19:37:26.683" activeThreads="8">
  <mem-info id="611" free="2938200" total="10878976" percent="27">
    <mem type="tenure" free="2938200" total="10878976" percent="27">
      <mem type="soa" free="1959256" total="9900032" percent="19" />
      <mem type="loa" free="978944" total="978944" percent="100" />
    </mem>
    <pending-finalizers system="0" default="0" reference="41" classloader="0" />
  </mem-info>
</gc-end>
<cycle-end id="612" type="global" contextid="602" timestamp="2019-09-21T19:37:26.684" />
  <attribute name="elasticGC enabled" value="1" />
  <attribute name= "numThreadsSpecified" value="8" />
  <attribute name="heapSize specified" value="10813440" />
  <attribute name="Current GC Util" value="13" />
  <attribute name= "Current Time Running" value="3406" />
  <attribute name ="GC Interval" value="0" />
  <attribute name="Target GC Util Change" value ="40.000000" />
  <attribute name="Current GC Util Change" value="13.000000"/>
  <attribute name="Current Error" value="-165.000000" />
  <attribute name="Output H" value="10851192"/>
  <attribute name="Output I" value="1912"/>
  <attribute name="Output T" value="8"/>
  <attribute name= "Current Time Running" value="3406" />
  <attribute name="GC Util currently" value="13" />
  <attribute name="CPU Util currently" value="67424750720" />
<allocation-satisfied id="613" threadId="0000000001EB4900" bytesRequested="24" />
<af-end id="614" timestamp="2019-09-21T19:37:26.684" threadId="0000000001EB5288" success="true" />
<exclusive-end id="615" timestamp="2019-09-21T19:37:26.684" durationms="39.226" />

<exclusive-start id="616" timestamp="2019-09-21T19:37:26.690" intervalms="45.577">
  <response-info timems="0.073" idlems="0.039" threads="1" lastid="0000000001EB3E00" lastname="PmdThread 5" />
</exclusive-start>
<af-start id="617" threadId="0000000001EC2F88" totalBytesRequested="16" timestamp="2019-09-21T19:37:26.690" intervalms="45.577" />
<cycle-start id="618" type="global" contextid="0" timestamp="2019-09-21T19:37:26.691" intervalms="45.601" />
<gc-start id="619" type="global" contextid="618" timestamp="2019-09-21T19:37:26.691">
  <mem-info id="620" free="978944" total="10878976" percent="8">
    <mem type="tenure" free="978944" total="10878976" percent="8">
      <mem type="soa" free="0" total="9900032" percent="0" />
      <mem type="loa" free="978944" total="978944" percent="100" />
    </mem>
  </mem-info>
</gc-start>
<allocation-stats totalBytes="1988944" >
  <allocated-bytes non-tlh="0" tlh="1988944" />
  <largest-consumer threadName="PmdThread 8" threadId="0000000001EB6000" bytes="690976" />
</allocation-stats>
<gc-op id="621" type="mark" timems="3.999" contextid="618" timestamp="2019-09-21T19:37:26.695">
  <trace-info objectcount="172262" scancount="152325" scanbytes="4724780" />
  <finalization candidates="57" enqueued="0" />
  <ownableSynchronizers candidates="12" cleared="0" />
  <references type="soft" candidates="197" cleared="90" enqueued="89" dynamicThreshold="8" maxThreshold="32" />
  <references type="weak" candidates="779" cleared="51" enqueued="51" />
  <references type="phantom" candidates="95" cleared="3" enqueued="3" />
  <stringconstants candidates="4928" cleared="0"  />
</gc-op>
<gc-op id="622" type="sweep" timems="1.125" contextid="618" timestamp="2019-09-21T19:37:26.696" />
<mem-info id="623" free="2810896" total="10878976" percent="25">
  <mem type="tenure" free="2810896" total="10878976" percent="25" micro-fragmented="82444" macro-fragmented="0">
    <mem type="soa" free="1831952" total="9900032" percent="18" />
    <mem type="loa" free="978944" total="978944" percent="100" />
  </mem>
  <pending-finalizers system="0" default="0" reference="143" classloader="0" />
</mem-info>
<gc-op id="624" type="compact" timems="34.732" contextid="618" timestamp="2019-09-21T19:37:26.731">
  <compact-info movecount="148586" movebytes="6377288" reason="compact to aid heap contraction" />
</gc-op>
<heap-resize id="625" type="expand" space="tenure" amount="65536" count="1" timems="0.016" reason="satisfy allocation request" timestamp="2019-09-21T19:37:26.731" />
<heap-resize id="626" type="loa contract" space="tenure" amount="83968" count="1" timems="0.000" reason="contract to meet minimum soa" timestamp="2019-09-21T19:37:26.731" />
<gc-end id="627" type="global" contextid="618" durationms="40.881" usertimems="44.000" systemtimems="8.000" timestamp="2019-09-21T19:37:26.731" activeThreads="8">
  <mem-info id="628" free="2974712" total="10944512" percent="27">
    <mem type="tenure" free="2974712" total="10944512" percent="27">
      <mem type="soa" free="2074616" total="10044416" percent="20" />
      <mem type="loa" free="900096" total="900096" percent="100" />
    </mem>
    <pending-finalizers system="0" default="0" reference="143" classloader="0" />
  </mem-info>
</gc-end>
<cycle-end id="629" type="global" contextid="618" timestamp="2019-09-21T19:37:26.732" />
  <attribute name="elasticGC enabled" value="1" />
  <attribute name= "numThreadsSpecified" value="8" />
  <attribute name="heapSize specified" value="10878976" />
  <attribute name="Current GC Util" value="97" />
  <attribute name= "Current Time Running" value="3454" />
  <attribute name ="GC Interval" value="0" />
  <attribute name="Target GC Util Change" value ="40.000000" />
  <attribute name="Current GC Util Change" value="97.000000"/>
  <attribute name="Current Error" value="-57.000000" />
  <attribute name="Output H" value="10916784"/>
  <attribute name="Output I" value="1968"/>
  <attribute name="Output T" value="8"/>
  <attribute name= "Current Time Running" value="3454" />
  <attribute name="GC Util currently" value="97" />
  <attribute name="CPU Util currently" value="66045273756" />
<allocation-satisfied id="630" threadId="0000000001EC2600" bytesRequested="16" />
<af-end id="631" timestamp="2019-09-21T19:37:26.732" threadId="0000000001EC2F88" success="true" />
<exclusive-end id="632" timestamp="2019-09-21T19:37:26.732" durationms="41.653" />

<exclusive-start id="633" timestamp="2019-09-21T19:37:26.738" intervalms="47.710">
  <response-info timems="0.057" idlems="0.057" threads="0" lastid="0000000001EB5500" lastname="PmdThread 7" />
</exclusive-start>
<af-start id="634" threadId="0000000001EB5E88" totalBytesRequested="24" timestamp="2019-09-21T19:37:26.738" intervalms="47.701" />
<cycle-start id="635" type="global" contextid="0" timestamp="2019-09-21T19:37:26.738" intervalms="47.711" />
<gc-start id="636" type="global" contextid="635" timestamp="2019-09-21T19:37:26.738">
  <mem-info id="637" free="900096" total="10944512" percent="8">
    <mem type="tenure" free="900096" total="10944512" percent="8">
      <mem type="soa" free="0" total="10044416" percent="0" />
      <mem type="loa" free="900096" total="900096" percent="100" />
    </mem>
  </mem-info>
</gc-start>
<allocation-stats totalBytes="2097736" >
  <allocated-bytes non-tlh="200" tlh="2097536" />
  <largest-consumer threadName="PmdThread 5" threadId="0000000001EB3E00" bytes="593760" />
</allocation-stats>
<heap-resize id="638" type="loa contract" space="tenure" amount="109568" count="1" timems="0.000" reason="contract underutilized loa" timestamp="2019-09-21T19:37:26.738" />
<gc-op id="639" type="mark" timems="3.303" contextid="635" timestamp="2019-09-21T19:37:26.742">
  <trace-info objectcount="173701" scancount="153774" scanbytes="4780152" />
  <finalization candidates="57" enqueued="0" />
  <ownableSynchronizers candidates="12" cleared="0" />
  <references type="soft" candidates="107" cleared="2" enqueued="2" dynamicThreshold="8" maxThreshold="32" />
  <references type="weak" candidates="761" cleared="33" enqueued="33" />
  <references type="phantom" candidates="92" cleared="1" enqueued="1" />
  <stringconstants candidates="4929" cleared="50"  />
</gc-op>
<gc-op id="640" type="sweep" timems="0.760" contextid="635" timestamp="2019-09-21T19:37:26.743" />
<mem-info id="641" free="2682424" total="10944512" percent="24">
  <mem type="tenure" free="2682424" total="10944512" percent="24" micro-fragmented="165566" macro-fragmented="0">
    <mem type="soa" free="1891896" total="10153984" percent="18" />
    <mem type="loa" free="790528" total="790528" percent="100" />
  </mem>
  <pending-finalizers system="0" default="0" reference="36" classloader="0" />
</mem-info>
<gc-op id="642" type="compact" timems="32.856" contextid="635" timestamp="2019-09-21T19:37:26.776">
  <compact-info movecount="131618" movebytes="5748384" reason="compact to aid heap contraction" />
</gc-op>
<heap-resize id="643" type="expand" space="tenure" amount="65536" count="1" timems="0.015" reason="satisfy allocation request" timestamp="2019-09-21T19:37:26.777" />
<heap-resize id="644" type="loa contract" space="tenure" amount="685056" count="1" timems="0.000" reason="contract to meet minimum soa" timestamp="2019-09-21T19:37:26.777" />
<gc-end id="645" type="global" contextid="635" durationms="38.914" usertimems="44.000" systemtimems="4.000" timestamp="2019-09-21T19:37:26.777" activeThreads="8">
  <mem-info id="646" free="3028784" total="11010048" percent="27">
    <mem type="tenure" free="3028784" total="11010048" percent="27">
      <mem type="soa" free="2919216" total="10900480" percent="26" />
      <mem type="loa" free="109568" total="109568" percent="100" />
    </mem>
    <pending-finalizers system="0" default="0" reference="36" classloader="0" />
  </mem-info>
</gc-end>
<cycle-end id="647" type="global" contextid="635" timestamp="2019-09-21T19:37:26.777" />
  <attribute name="elasticGC enabled" value="1" />
  <attribute name= "numThreadsSpecified" value="8" />
  <attribute name="heapSize specified" value="10944512" />
  <attribute name="Current GC Util" value="96" />
  <attribute name= "Current Time Running" value="3498" />
  <attribute name ="GC Interval" value="0" />
  <attribute name="Target GC Util Change" value ="40.000000" />
  <attribute name="Current GC Util Change" value="96.000000"/>
  <attribute name="Current Error" value="-417.000000" />
  <attribute name="Output H" value="10982112"/>
  <attribute name="Output I" value="1760"/>
  <attribute name="Output T" value="8"/>
  <attribute name= "Current Time Running" value="3498" />
  <attribute name="GC Util currently" value="96" />
  <attribute name="CPU Util currently" value="69718798258" />
<allocation-satisfied id="648" threadId="0000000001EB5500" bytesRequested="24" />
<af-end id="649" timestamp="2019-09-21T19:37:26.778" threadId="0000000001EB5E88" success="true" />
<exclusive-end id="650" timestamp="2019-09-21T19:37:26.778" durationms="39.594" />

<exclusive-start id="651" timestamp="2019-09-21T19:37:26.788" intervalms="49.494">
  <response-info timems="0.055" idlems="0.055" threads="0" lastid="0000000001B97A00" lastname="main" />
</exclusive-start>
<af-start id="652" threadId="0000000001B98388" totalBytesRequested="208" timestamp="2019-09-21T19:37:26.788" intervalms="49.496" />
<cycle-start id="653" type="global" contextid="0" timestamp="2019-09-21T19:37:26.788" intervalms="49.475" />
<gc-start id="654" type="global" contextid="653" timestamp="2019-09-21T19:37:26.788">
  <mem-info id="655" free="109568" total="11010048" percent="0">
    <mem type="tenure" free="109568" total="11010048" percent="0">
      <mem type="soa" free="0" total="10900480" percent="0" />
      <mem type="loa" free="109568" total="109568" percent="100" />
    </mem>
  </mem-info>
</gc-start>
<allocation-stats totalBytes="2932248" >
  <allocated-bytes non-tlh="376" tlh="2931872" />
  <largest-consumer threadName="PmdThread 5" threadId="0000000001EB3E00" bytes="716552" />
</allocation-stats>
<gc-op id="656" type="mark" timems="2.731" contextid="653" timestamp="2019-09-21T19:37:26.791">
  <trace-info objectcount="162174" scancount="143237" scanbytes="4401960" />
  <finalization candidates="57" enqueued="0" />
  <ownableSynchronizers candidates="12" cleared="0" />
  <references type="soft" candidates="106" cleared="0" enqueued="0" dynamicThreshold="8" maxThreshold="32" />
  <references type="weak" candidates="790" cleared="59" enqueued="57" />
  <references type="phantom" candidates="93" cleared="1" enqueued="1" />
  <stringconstants candidates="4881" cleared="0"  />
</gc-op>
<gc-op id="657" type="sweep" timems="0.368" contextid="653" timestamp="2019-09-21T19:37:26.791" />
<mem-info id="658" free="3140424" total="11010048" percent="28">
  <mem type="tenure" free="3140424" total="11010048" percent="28" micro-fragmented="155374" macro-fragmented="0">
    <mem type="soa" free="3030856" total="10900480" percent="27" />
    <mem type="loa" free="109568" total="109568" percent="100" />
  </mem>
  <pending-finalizers system="0" default="0" reference="58" classloader="0" />
</mem-info>
<gc-op id="659" type="compact" timems="32.685" contextid="653" timestamp="2019-09-21T19:37:26.824">
  <compact-info movecount="146247" movebytes="6923640" reason="compact to aid heap contraction" />
</gc-op>
<heap-resize id="660" type="expand" space="tenure" amount="65536" count="1" timems="0.017" reason="satisfy allocation request" timestamp="2019-09-21T19:37:26.825" />
<gc-end id="661" type="global" contextid="653" durationms="37.198" usertimems="48.000" systemtimems="0.000" timestamp="2019-09-21T19:37:26.825" activeThreads="8">
  <mem-info id="662" free="3442744" total="11075584" percent="31">
    <mem type="tenure" free="3442744" total="11075584" percent="31">
      <mem type="soa" free="3332152" total="10964992" percent="30" />
      <mem type="loa" free="110592" total="110592" percent="100" />
    </mem>
    <pending-finalizers system="0" default="0" reference="58" classloader="0" />
  </mem-info>
</gc-end>
<cycle-end id="663" type="global" contextid="653" timestamp="2019-09-21T19:37:26.825" />
  <attribute name="elasticGC enabled" value="1" />
  <attribute name= "numThreadsSpecified" value="8" />
  <attribute name="heapSize specified" value="11010048" />
  <attribute name="Current GC Util" value="99" />
  <attribute name= "Current Time Running" value="3547" />
  <attribute name ="GC Interval" value="0" />
  <attribute name="Target GC Util Change" value ="40.000000" />
  <attribute name="Current GC Util Change" value="99.000000"/>
  <attribute name="Current Error" value="-348.000000" />
  <attribute name="Output H" value="11047688"/>
  <attribute name="Output I" value="1800"/>
  <attribute name="Output T" value="8"/>
  <attribute name= "Current Time Running" value="3547" />
  <attribute name="GC Util currently" value="99" />
  <attribute name="CPU Util currently" value="70064550689" />
<allocation-satisfied id="664" threadId="0000000001B97A00" bytesRequested="208" />
<af-end id="665" timestamp="2019-09-21T19:37:26.825" threadId="0000000001B98388" success="true" />
<exclusive-end id="666" timestamp="2019-09-21T19:37:26.825" durationms="37.896" />

<exclusive-start id="667" timestamp="2019-09-21T19:37:26.841" intervalms="53.566">
  <response-info timems="0.078" idlems="0.041" threads="1" lastid="0000000001EC2600" lastname="PmdThread 4" />
</exclusive-start>
<af-start id="668" threadId="0000000001EB5288" totalBytesRequested="48" timestamp="2019-09-21T19:37:26.841" intervalms="53.580" />
<cycle-start id="669" type="global" contextid="0" timestamp="2019-09-21T19:37:26.841" intervalms="53.591" />
<gc-start id="670" type="global" contextid="669" timestamp="2019-09-21T19:37:26.841">
  <mem-info id="671" free="110592" total="11075584" percent="0">
    <mem type="tenure" free="110592" total="11075584" percent="0">
      <mem type="soa" free="0" total="10964992" percent="0" />
      <mem type="loa" free="110592" total="110592" percent="100" />
    </mem>
  </mem-info>
</gc-start>
<allocation-stats totalBytes="3337720" >
  <allocated-bytes non-tlh="592" tlh="3337128" />
  <largest-consumer threadName="PmdThread 1" threadId="0000000001EB3200" bytes="999976" />
</allocation-stats>
<gc-op id="672" type="mark" timems="2.961" contextid="669" timestamp="2019-09-21T19:37:26.844">
  <trace-info objectcount="162928" scancount="143985" scanbytes="4426020" />
  <finalization candidates="57" enqueued="0" />
  <ownableSynchronizers candidates="12" cleared="0" />
  <references type="soft" candidates="106" cleared="0" enqueued="0" dynamicThreshold="9" maxThreshold="32" />
  <references type="weak" candidates="828" cleared="98" enqueued="98" />
  <references type="phantom" candidates="100" cleared="7" enqueued="7" />
  <stringconstants candidates="4890" cleared="0"  />
</gc-op>
<gc-op id="673" type="sweep" timems="0.359" contextid="669" timestamp="2019-09-21T19:37:26.845" />
<mem-info id="674" free="3261384" total="11075584" percent="29">
  <mem type="tenure" free="3261384" total="11075584" percent="29" micro-fragmented="109262" macro-fragmented="0">
    <mem type="soa" free="3150792" total="10964992" percent="28" />
    <mem type="loa" free="110592" total="110592" percent="100" />
  </mem>
  <pending-finalizers system="0" default="0" reference="105" classloader="0" />
</mem-info>
<gc-op id="675" type="compact" timems="30.305" contextid="669" timestamp="2019-09-21T19:37:26.875">
  <compact-info movecount="141471" movebytes="6281240" reason="compact to aid heap contraction" />
</gc-op>
<heap-resize id="676" type="expand" space="tenure" amount="65536" count="1" timems="0.016" reason="satisfy allocation request" timestamp="2019-09-21T19:37:26.876" />
<gc-end id="677" type="global" contextid="669" durationms="34.389" usertimems="44.000" systemtimems="0.000" timestamp="2019-09-21T19:37:26.876" activeThreads="8">
  <mem-info id="678" free="3449632" total="11141120" percent="30">
    <mem type="tenure" free="3449632" total="11141120" percent="30">
      <mem type="soa" free="3339040" total="11030528" percent="30" />
      <mem type="loa" free="110592" total="110592" percent="100" />
    </mem>
    <pending-finalizers system="0" default="0" reference="105" classloader="0" />
  </mem-info>
</gc-end>
<cycle-end id="679" type="global" contextid="669" timestamp="2019-09-21T19:37:26.876" />
  <attribute name="elasticGC enabled" value="1" />
  <attribute name= "numThreadsSpecified" value="8" />
  <attribute name="heapSize specified" value="11075584" />
  <attribute name="Current GC Util" value="95" />
  <attribute name= "Current Time Running" value="3598" />
  <attribute name ="GC Interval" value="0" />
  <attribute name="Target GC Util Change" value ="40.000000" />
  <attribute name="Current GC Util Change" value="95.000000"/>
  <attribute name="Current Error" value="-55.000000" />
  <attribute name="Output H" value="11113400"/>
  <attribute name="Output I" value="1976"/>
  <attribute name="Output T" value="8"/>
  <attribute name= "Current Time Running" value="3598" />
  <attribute name="GC Util currently" value="95" />
  <attribute name="CPU Util currently" value="75634145780" />
<allocation-satisfied id="680" threadId="0000000001EB4900" bytesRequested="48" />
<af-end id="681" timestamp="2019-09-21T19:37:26.876" threadId="0000000001EB5288" success="true" />
<exclusive-end id="682" timestamp="2019-09-21T19:37:26.876" durationms="35.143" />

<exclusive-start id="683" timestamp="2019-09-21T19:37:26.893" intervalms="51.443">
  <response-info timems="0.060" idlems="0.060" threads="0" lastid="0000000001EB6000" lastname="PmdThread 8" />
</exclusive-start>
<af-start id="684" threadId="0000000001EB6988" totalBytesRequested="16" timestamp="2019-09-21T19:37:26.893" intervalms="51.430" />
<cycle-start id="685" type="global" contextid="0" timestamp="2019-09-21T19:37:26.893" intervalms="51.430" />
<gc-start id="686" type="global" contextid="685" timestamp="2019-09-21T19:37:26.893">
  <mem-info id="687" free="110592" total="11141120" percent="0">
    <mem type="tenure" free="110592" total="11141120" percent="0">
      <mem type="soa" free="0" total="11030528" percent="0" />
      <mem type="loa" free="110592" total="110592" percent="100" />
    </mem>
  </mem-info>
</gc-start>
<allocation-stats totalBytes="3329712" >
  <allocated-bytes non-tlh="2056" tlh="3327656" />
  <largest-consumer threadName="PmdThread 4" threadId="0000000001EC2600" bytes="884472" />
</allocation-stats>
<gc-op id="688" type="mark" timems="2.327" contextid="685" timestamp="2019-09-21T19:37:26.895">
  <trace-info objectcount="139558" scancount="121930" scanbytes="3661632" />
  <finalization candidates="57" enqueued="0" />
  <ownableSynchronizers candidates="12" cleared="0" />
  <references type="soft" candidates="147" cleared="0" enqueued="0" dynamicThreshold="9" maxThreshold="32" />
  <references type="weak" candidates="797" cleared="67" enqueued="67" />
  <references type="phantom" candidates="101" cleared="5" enqueued="5" />
  <stringconstants candidates="4922" cleared="0"  />
</gc-op>
<gc-op id="689" type="sweep" timems="0.352" contextid="685" timestamp="2019-09-21T19:37:26.896" />
<mem-info id="690" free="4284848" total="11141120" percent="38">
  <mem type="tenure" free="4284848" total="11141120" percent="38" micro-fragmented="130709" macro-fragmented="0">
    <mem type="soa" free="4174256" total="11030528" percent="37" />
    <mem type="loa" free="110592" total="110592" percent="100" />
  </mem>
  <pending-finalizers system="0" default="0" reference="72" classloader="0" />
</mem-info>
<gc-op id="691" type="compact" timems="24.297" contextid="685" timestamp="2019-09-21T19:37:26.920">
  <compact-info movecount="114858" movebytes="5087552" reason="compact to aid heap contraction" />
</gc-op>
<heap-resize id="692" type="expand" space="tenure" amount="65536" count="1" timems="0.016" reason="satisfy allocation request" timestamp="2019-09-21T19:37:26.920" />
<gc-end id="693" type="global" contextid="685" durationms="27.768" usertimems="32.000" systemtimems="4.000" timestamp="2019-09-21T19:37:26.921" activeThreads="8">
  <mem-info id="694" free="4466920" total="11206656" percent="39">
    <mem type="tenure" free="4466920" total="11206656" percent="39">
      <mem type="soa" free="4355304" total="11095040" percent="39" />
      <mem type="loa" free="111616" total="111616" percent="100" />
    </mem>
    <pending-finalizers system="0" default="0" reference="72" classloader="0" />
  </mem-info>
</gc-end>
<cycle-end id="695" type="global" contextid="685" timestamp="2019-09-21T19:37:26.921" />
  <attribute name="elasticGC enabled" value="1" />
  <attribute name= "numThreadsSpecified" value="8" />
  <attribute name="heapSize specified" value="11141120" />
  <attribute name="Current GC Util" value="9" />
  <attribute name= "Current Time Running" value="3643" />
  <attribute name ="GC Interval" value="0" />
  <attribute name="Target GC Util Change" value ="40.000000" />
  <attribute name="Current GC Util Change" value="9.000000"/>
  <attribute name="Current Error" value="-300.000000" />
  <attribute name="Output H" value="11178792"/>
  <attribute name="Output I" value="1832"/>
  <attribute name="Output T" value="8"/>
  <attribute name= "Current Time Running" value="3643" />
  <attribute name="GC Util currently" value="9" />
  <attribute name="CPU Util currently" value="94343234713" />
<allocation-satisfied id="696" threadId="0000000001EB6000" bytesRequested="16" />
<af-end id="697" timestamp="2019-09-21T19:37:26.921" threadId="0000000001EB6988" success="true" />
<exclusive-end id="698" timestamp="2019-09-21T19:37:26.921" durationms="28.398" />

<exclusive-start id="699" timestamp="2019-09-21T19:37:26.943" intervalms="50.565">
  <response-info timems="0.460" idlems="0.290" threads="2" lastid="0000000001BAA600" lastname="JIT Compilation Thread-4" />
</exclusive-start>
<af-start id="700" threadId="0000000001EB4788" totalBytesRequested="24" timestamp="2019-09-21T19:37:26.943" intervalms="50.612" />
<cycle-start id="701" type="global" contextid="0" timestamp="2019-09-21T19:37:26.943" intervalms="50.606" />
<gc-start id="702" type="global" contextid="701" timestamp="2019-09-21T19:37:26.943">
  <mem-info id="703" free="111616" total="11206656" percent="0">
    <mem type="tenure" free="111616" total="11206656" percent="0">
      <mem type="soa" free="0" total="11095040" percent="0" />
      <mem type="loa" free="111616" total="111616" percent="100" />
    </mem>
  </mem-info>
</gc-start>
<allocation-stats totalBytes="4394576" >
  <allocated-bytes non-tlh="656" tlh="4393920" />
  <largest-consumer threadName="PmdThread 1" threadId="0000000001EB3200" bytes="1679144" />
</allocation-stats>
<gc-op id="704" type="mark" timems="1.871" contextid="701" timestamp="2019-09-21T19:37:26.945">
  <trace-info objectcount="126831" scancount="109256" scanbytes="3220468" />
  <finalization candidates="57" enqueued="0" />
  <ownableSynchronizers candidates="12" cleared="0" />
  <references type="soft" candidates="147" cleared="0" enqueued="0" dynamicThreshold="12" maxThreshold="32" />
  <references type="weak" candidates="846" cleared="38" enqueued="38" />
  <references type="phantom" candidates="102" cleared="8" enqueued="8" />
  <stringconstants candidates="4927" cleared="0"  />
</gc-op>
<gc-op id="705" type="sweep" timems="0.425" contextid="701" timestamp="2019-09-21T19:37:26.946" />
<mem-info id="706" free="4485800" total="11206656" percent="40">
  <mem type="tenure" free="4485800" total="11206656" percent="40" micro-fragmented="401453" macro-fragmented="0">
    <mem type="soa" free="4374184" total="11095040" percent="39" />
    <mem type="loa" free="111616" total="111616" percent="100" />
  </mem>
  <pending-finalizers system="0" default="0" reference="46" classloader="0" />
</mem-info>
<gc-op id="707" type="compact" timems="20.436" contextid="701" timestamp="2019-09-21T19:37:26.967">
  <compact-info movecount="102131" movebytes="4538432" reason="compact to aid heap contraction" />
</gc-op>
<heap-resize id="708" type="expand" space="tenure" amount="65536" count="1" timems="0.015" reason="satisfy allocation request" timestamp="2019-09-21T19:37:26.967" />
<gc-end id="709" type="global" contextid="701" durationms="23.906" usertimems="28.000" systemtimems="4.000" timestamp="2019-09-21T19:37:26.967" activeThreads="8">
  <mem-info id="710" free="5085672" total="11272192" percent="45">
    <mem type="tenure" free="5085672" total="11272192" percent="45">
      <mem type="soa" free="4973032" total="11159552" percent="44" />
      <mem type="loa" free="112640" total="112640" percent="100" />
    </mem>
    <pending-finalizers system="0" default="0" reference="46" classloader="0" />
  </mem-info>
</gc-end>
<cycle-end id="711" type="global" contextid="701" timestamp="2019-09-21T19:37:26.967" />
  <attribute name="elasticGC enabled" value="1" />
  <attribute name= "numThreadsSpecified" value="8" />
  <attribute name="heapSize specified" value="11206656" />
  <attribute name="Current GC Util" value="10" />
  <attribute name= "Current Time Running" value="3690" />
  <attribute name ="GC Interval" value="0" />
  <attribute name="Target GC Util Change" value ="40.000000" />
  <attribute name="Current GC Util Change" value="10.000000"/>
  <attribute name="Current Error" value="-210.000000" />
  <attribute name="Output H" value="11244376"/>
  <attribute name="Output I" value="1880"/>
  <attribute name="Output T" value="8"/>
  <attribute name= "Current Time Running" value="3690" />
  <attribute name="GC Util currently" value="10" />
  <attribute name="CPU Util currently" value="111907882140" />
<allocation-satisfied id="712" threadId="0000000001EB3E00" bytesRequested="24" />
<af-end id="713" timestamp="2019-09-21T19:37:26.968" threadId="0000000001EB4788" success="true" />
<exclusive-end id="714" timestamp="2019-09-21T19:37:26.968" durationms="24.797" />

<exclusive-start id="715" timestamp="2019-09-21T19:37:27.012" intervalms="68.545">
  <response-info timems="0.094" idlems="0.050" threads="1" lastid="0000000001EC2600" lastname="PmdThread 4" />
</exclusive-start>
<af-start id="716" threadId="0000000001EB4788" totalBytesRequested="16392" timestamp="2019-09-21T19:37:27.012" intervalms="68.521" />
<cycle-start id="717" type="global" contextid="0" timestamp="2019-09-21T19:37:27.012" intervalms="68.615" />
<gc-start id="718" type="global" contextid="717" timestamp="2019-09-21T19:37:27.012">
  <mem-info id="719" free="112640" total="11272192" percent="0">
    <mem type="tenure" free="112640" total="11272192" percent="0">
      <mem type="soa" free="0" total="11159552" percent="0" />
      <mem type="loa" free="112640" total="112640" percent="100" />
    </mem>
  </mem-info>
</gc-start>
<allocation-stats totalBytes="4966376" >
  <allocated-bytes non-tlh="4192" tlh="4962184" />
  <largest-consumer threadName="PmdThread 7" threadId="0000000001EB5500" bytes="1249344" />
</allocation-stats>
<gc-op id="720" type="mark" timems="2.749" contextid="717" timestamp="2019-09-21T19:37:27.015">
  <trace-info objectcount="135550" scancount="117038" scanbytes="3476824" />
  <finalization candidates="58" enqueued="0" />
  <ownableSynchronizers candidates="12" cleared="0" />
  <references type="soft" candidates="147" cleared="0" enqueued="0" dynamicThreshold="14" maxThreshold="32" />
  <references type="weak" candidates="1200" cleared="310" enqueued="238" />
  <references type="phantom" candidates="138" cleared="26" enqueued="26" />
  <stringconstants candidates="5002" cleared="0"  />
</gc-op>
<gc-op id="721" type="sweep" timems="1.018" contextid="717" timestamp="2019-09-21T19:37:27.016" />
<mem-info id="722" free="4142504" total="11272192" percent="36">
  <mem type="tenure" free="4142504" total="11272192" percent="36" micro-fragmented="242307" macro-fragmented="0">
    <mem type="soa" free="4029864" total="11159552" percent="36" />
    <mem type="loa" free="112640" total="112640" percent="100" />
  </mem>
  <pending-finalizers system="0" default="0" reference="264" classloader="0" />
</mem-info>
<gc-op id="723" type="compact" timems="30.383" contextid="717" timestamp="2019-09-21T19:37:27.047">
  <compact-info movecount="134257" movebytes="6726424" reason="compact to aid heap contraction" />
</gc-op>
<heap-resize id="724" type="expand" space="tenure" amount="65536" count="1" timems="0.017" reason="satisfy allocation request" timestamp="2019-09-21T19:37:27.047" />
<gc-end id="725" type="global" contextid="717" durationms="35.365" usertimems="56.000" systemtimems="0.000" timestamp="2019-09-21T19:37:27.047" activeThreads="8">
  <mem-info id="726" free="4518408" total="11337728" percent="39">
    <mem type="tenure" free="4518408" total="11337728" percent="39">
      <mem type="soa" free="4405768" total="11225088" percent="39" />
      <mem type="loa" free="112640" total="112640" percent="100" />
    </mem>
    <pending-finalizers system="0" default="0" reference="264" classloader="0" />
  </mem-info>
</gc-end>
<cycle-end id="727" type="global" contextid="717" timestamp="2019-09-21T19:37:27.048" />
  <attribute name="elasticGC enabled" value="1" />
  <attribute name= "numThreadsSpecified" value="8" />
  <attribute name="heapSize specified" value="11272192" />
  <attribute name="Current GC Util" value="21" />
  <attribute name= "Current Time Running" value="3769" />
  <attribute name ="GC Interval" value="0" />
  <attribute name="Target GC Util Change" value ="40.000000" />
  <attribute name="Current GC Util Change" value="21.000000"/>
  <attribute name="Current Error" value="19.000000" />
  <attribute name="Output H" value="11310048"/>
  <attribute name="Output I" value="2016"/>
  <attribute name="Output T" value="8"/>
  <attribute name= "Current Time Running" value="3769" />
  <attribute name="GC Util currently" value="21" />
  <attribute name="CPU Util currently" value="75415257746" />
<allocation-satisfied id="728" threadId="0000000001EB3E00" bytesRequested="16392" />
<af-end id="729" timestamp="2019-09-21T19:37:27.048" threadId="0000000001EB4788" success="true" />
<exclusive-end id="730" timestamp="2019-09-21T19:37:27.048" durationms="36.223" />

<exclusive-start id="731" timestamp="2019-09-21T19:37:27.085" intervalms="73.677">
  <response-info timems="0.105" idlems="0.105" threads="0" lastid="0000000001EB6000" lastname="PmdThread 8" />
</exclusive-start>
<af-start id="732" threadId="0000000001EB6988" totalBytesRequested="472" timestamp="2019-09-21T19:37:27.085" intervalms="73.681" />
<cycle-start id="733" type="global" contextid="0" timestamp="2019-09-21T19:37:27.086" intervalms="73.634" />
<gc-start id="734" type="global" contextid="733" timestamp="2019-09-21T19:37:27.086">
  <mem-info id="735" free="112640" total="11337728" percent="0">
    <mem type="tenure" free="112640" total="11337728" percent="0">
      <mem type="soa" free="0" total="11225088" percent="0" />
      <mem type="loa" free="112640" total="112640" percent="100" />
    </mem>
  </mem-info>
</gc-start>
<allocation-stats totalBytes="4426744" >
  <allocated-bytes non-tlh="408" tlh="4426336" />
  <largest-consumer threadName="PmdThread 6" threadId="0000000001EB4900" bytes="1011480" />
</allocation-stats>
<gc-op id="736" type="mark" timems="2.057" contextid="733" timestamp="2019-09-21T19:37:27.088">
  <trace-info objectcount="136498" scancount="118097" scanbytes="3514620" />
  <finalization candidates="58" enqueued="0" />
  <ownableSynchronizers candidates="12" cleared="0" />
  <references type="soft" candidates="147" cleared="0" enqueued="0" dynamicThreshold="12" maxThreshold="32" />
  <references type="weak" candidates="1020" cleared="130" enqueued="130" />
  <references type="phantom" candidates="122" cleared="10" enqueued="10" />
  <stringconstants candidates="5005" cleared="0"  />
</gc-op>
<gc-op id="737" type="sweep" timems="0.327" contextid="733" timestamp="2019-09-21T19:37:27.088" />
<mem-info id="738" free="4304696" total="11337728" percent="37">
  <mem type="tenure" free="4304696" total="11337728" percent="37" micro-fragmented="208016" macro-fragmented="0">
    <mem type="soa" free="4192056" total="11225088" percent="37" />
    <mem type="loa" free="112640" total="112640" percent="100" />
  </mem>
  <pending-finalizers system="0" default="0" reference="140" classloader="0" />
</mem-info>
<gc-op id="739" type="compact" timems="24.654" contextid="733" timestamp="2019-09-21T19:37:27.113">
  <compact-info movecount="120057" movebytes="6010816" reason="compact to aid heap contraction" />
</gc-op>
<heap-resize id="740" type="expand" space="tenure" amount="65536" count="1" timems="0.016" reason="satisfy allocation request" timestamp="2019-09-21T19:37:27.113" />
<gc-end id="741" type="global" contextid="733" durationms="27.917" usertimems="40.000" systemtimems="0.000" timestamp="2019-09-21T19:37:27.114" activeThreads="8">
  <mem-info id="742" free="4581272" total="11403264" percent="40">
    <mem type="tenure" free="4581272" total="11403264" percent="40">
      <mem type="soa" free="4467608" total="11289600" percent="39" />
      <mem type="loa" free="113664" total="113664" percent="100" />
    </mem>
    <pending-finalizers system="0" default="0" reference="140" classloader="0" />
  </mem-info>
</gc-end>
<cycle-end id="743" type="global" contextid="733" timestamp="2019-09-21T19:37:27.114" />
  <attribute name="elasticGC enabled" value="1" />
  <attribute name= "numThreadsSpecified" value="8" />
  <attribute name="heapSize specified" value="11337728" />
  <attribute name="Current GC Util" value="10" />
  <attribute name= "Current Time Running" value="3836" />
  <attribute name ="GC Interval" value="0" />
  <attribute name="Target GC Util Change" value ="40.000000" />
  <attribute name="Current GC Util Change" value="10.000000"/>
  <attribute name="Current Error" value="-249.000000" />
  <attribute name="Output H" value="11375432"/>
  <attribute name="Output I" value="1864"/>
  <attribute name="Output T" value="8"/>
  <attribute name= "Current Time Running" value="3836" />
  <attribute name="GC Util currently" value="10" />
  <attribute name="CPU Util currently" value="92910809309" />
<allocation-satisfied id="744" threadId="0000000001EB6000" bytesRequested="472" />
<af-end id="745" timestamp="2019-09-21T19:37:27.114" threadId="0000000001EB6988" success="true" />
<exclusive-end id="746" timestamp="2019-09-21T19:37:27.114" durationms="28.612" />

<exclusive-start id="747" timestamp="2019-09-21T19:37:27.151" intervalms="65.632">
  <response-info timems="0.112" idlems="0.058" threads="1" lastid="0000000001EC2600" lastname="PmdThread 4" />
</exclusive-start>
<af-start id="748" threadId="0000000001EBF388" totalBytesRequested="80" timestamp="2019-09-21T19:37:27.151" intervalms="65.647" />
<cycle-start id="749" type="global" contextid="0" timestamp="2019-09-21T19:37:27.151" intervalms="65.613" />
<gc-start id="750" type="global" contextid="749" timestamp="2019-09-21T19:37:27.151">
  <mem-info id="751" free="113664" total="11403264" percent="0">
    <mem type="tenure" free="113664" total="11403264" percent="0">
      <mem type="soa" free="0" total="11289600" percent="0" />
      <mem type="loa" free="113664" total="113664" percent="100" />
    </mem>
  </mem-info>
</gc-start>
<allocation-stats totalBytes="4502904" >
  <allocated-bytes non-tlh="536" tlh="4502368" />
  <largest-consumer threadName="PmdThread 8" threadId="0000000001EB6000" bytes="1475808" />
</allocation-stats>
<gc-op id="752" type="mark" timems="2.203" contextid="749" timestamp="2019-09-21T19:37:27.154">
  <trace-info objectcount="138537" scancount="119977" scanbytes="3578236" />
  <finalization candidates="58" enqueued="0" />
  <ownableSynchronizers candidates="12" cleared="0" />
  <references type="soft" candidates="161" cleared="0" enqueued="0" dynamicThreshold="12" maxThreshold="32" />
  <references type="weak" candidates="1049" cleared="159" enqueued="159" />
  <references type="phantom" candidates="125" cleared="12" enqueued="12" />
  <stringconstants candidates="5015" cleared="0"  />
</gc-op>
<gc-op id="753" type="sweep" timems="0.330" contextid="749" timestamp="2019-09-21T19:37:27.154" />
<mem-info id="754" free="4241480" total="11403264" percent="37">
  <mem type="tenure" free="4241480" total="11403264" percent="37" micro-fragmented="117718" macro-fragmented="0">
    <mem type="soa" free="4127816" total="11289600" percent="36" />
    <mem type="loa" free="113664" total="113664" percent="100" />
  </mem>
  <pending-finalizers system="0" default="0" reference="171" classloader="0" />
</mem-info>
<gc-op id="755" type="compact" timems="23.240" contextid="749" timestamp="2019-09-21T19:37:27.178">
  <compact-info movecount="112448" movebytes="5270944" reason="compact to aid heap contraction" />
</gc-op>
<heap-resize id="756" type="expand" space="tenure" amount="65536" count="1" timems="0.017" reason="satisfy allocation request" timestamp="2019-09-21T19:37:27.178" />
<gc-end id="757" type="global" contextid="749" durationms="26.761" usertimems="36.000" systemtimems="8.000" timestamp="2019-09-21T19:37:27.178" activeThreads="8">
  <mem-info id="758" free="4453728" total="11468800" percent="38">
    <mem type="tenure" free="4453728" total="11468800" percent="38">
      <mem type="soa" free="4339040" total="11354112" percent="38" />
      <mem type="loa" free="114688" total="114688" percent="100" />
    </mem>
    <pending-finalizers system="0" default="0" reference="171" classloader="0" />
  </mem-info>
</gc-end>
<cycle-end id="759" type="global" contextid="749" timestamp="2019-09-21T19:37:27.178" />
  <attribute name="elasticGC enabled" value="1" />
  <attribute name= "numThreadsSpecified" value="8" />
  <attribute name="heapSize specified" value="11403264" />
  <attribute name="Current GC Util" value="9" />
  <attribute name= "Current Time Running" value="3900" />
  <attribute name ="GC Interval" value="0" />
  <attribute name="Target GC Util Change" value ="40.000000" />
  <attribute name="Current GC Util Change" value="9.000000"/>
  <attribute name="Current Error" value="-193.000000" />
  <attribute name="Output H" value="11441000"/>
  <attribute name="Output I" value="1896"/>
  <attribute name="Output T" value="8"/>
  <attribute name= "Current Time Running" value="3900" />
  <attribute name="GC Util currently" value="9" />
  <attribute name="CPU Util currently" value="98843308703" />
<allocation-satisfied id="760" threadId="0000000001EBEA00" bytesRequested="80" />
<af-end id="761" timestamp="2019-09-21T19:37:27.178" threadId="0000000001EBF388" success="true" />
<exclusive-end id="762" timestamp="2019-09-21T19:37:27.178" durationms="27.359" />

<exclusive-start id="763" timestamp="2019-09-21T19:37:27.209" intervalms="57.664">
  <response-info timems="0.102" idlems="0.054" threads="1" lastid="0000000001EB3E00" lastname="PmdThread 5" />
</exclusive-start>
<af-start id="764" threadId="0000000001EB3B88" totalBytesRequested="16" timestamp="2019-09-21T19:37:27.209" intervalms="57.707" />
<cycle-start id="765" type="global" contextid="0" timestamp="2019-09-21T19:37:27.209" intervalms="57.711" />
<gc-start id="766" type="global" contextid="765" timestamp="2019-09-21T19:37:27.209">
  <mem-info id="767" free="114688" total="11468800" percent="1">
    <mem type="tenure" free="114688" total="11468800" percent="1">
      <mem type="soa" free="0" total="11354112" percent="0" />
      <mem type="loa" free="114688" total="114688" percent="100" />
    </mem>
  </mem-info>
</gc-start>
<allocation-stats totalBytes="4360544" >
  <allocated-bytes non-tlh="0" tlh="4360544" />
  <largest-consumer threadName="PmdThread 8" threadId="0000000001EB6000" bytes="1118080" />
</allocation-stats>
<gc-op id="768" type="mark" timems="2.106" contextid="765" timestamp="2019-09-21T19:37:27.211">
  <trace-info objectcount="139261" scancount="120734" scanbytes="3605020" />
  <finalization candidates="58" enqueued="0" />
  <ownableSynchronizers candidates="12" cleared="0" />
  <references type="soft" candidates="161" cleared="0" enqueued="0" dynamicThreshold="12" maxThreshold="32" />
  <references type="weak" candidates="977" cleared="87" enqueued="87" />
  <references type="phantom" candidates="120" cleared="9" enqueued="9" />
  <stringconstants candidates="5015" cleared="0"  />
</gc-op>
<gc-op id="769" type="sweep" timems="0.311" contextid="765" timestamp="2019-09-21T19:37:27.212" />
<mem-info id="770" free="4302432" total="11468800" percent="37">
  <mem type="tenure" free="4302432" total="11468800" percent="37" micro-fragmented="229111" macro-fragmented="0">
    <mem type="soa" free="4187744" total="11354112" percent="36" />
    <mem type="loa" free="114688" total="114688" percent="100" />
  </mem>
  <pending-finalizers system="0" default="0" reference="96" classloader="0" />
</mem-info>
<gc-op id="771" type="compact" timems="23.453" contextid="765" timestamp="2019-09-21T19:37:27.235">
  <compact-info movecount="114565" movebytes="5261248" reason="compact to aid heap contraction" />
</gc-op>
<heap-resize id="772" type="expand" space="tenure" amount="65536" count="1" timems="0.015" reason="satisfy allocation request" timestamp="2019-09-21T19:37:27.236" />
<gc-end id="773" type="global" contextid="765" durationms="26.802" usertimems="36.000" systemtimems="0.000" timestamp="2019-09-21T19:37:27.236" activeThreads="8">
  <mem-info id="774" free="4620768" total="11534336" percent="40">
    <mem type="tenure" free="4620768" total="11534336" percent="40">
      <mem type="soa" free="4506080" total="11419648" percent="39" />
      <mem type="loa" free="114688" total="114688" percent="100" />
    </mem>
    <pending-finalizers system="0" default="0" reference="96" classloader="0" />
  </mem-info>
</gc-end>
<cycle-end id="775" type="global" contextid="765" timestamp="2019-09-21T19:37:27.236" />
  <attribute name="elasticGC enabled" value="1" />
  <attribute name= "numThreadsSpecified" value="8" />
  <attribute name="heapSize specified" value="11468800" />
  <attribute name="Current GC Util" value="8" />
  <attribute name= "Current Time Running" value="3958" />
  <attribute name ="GC Interval" value="0" />
  <attribute name="Target GC Util Change" value ="40.000000" />
  <attribute name="Current GC Util Change" value="8.000000"/>
  <attribute name="Current Error" value="32.000000" />
  <attribute name="Output H" value="11506664"/>
  <attribute name="Output I" value="2024"/>
  <attribute name="Output T" value="8"/>
  <attribute name= "Current Time Running" value="3958" />
  <attribute name="GC Util currently" value="8" />
  <attribute name="CPU Util currently" value="97688989583" />
<allocation-satisfied id="776" threadId="0000000001EB3200" bytesRequested="16" />
<af-end id="777" timestamp="2019-09-21T19:37:27.236" threadId="0000000001EB3B88" success="true" />
<exclusive-end id="778" timestamp="2019-09-21T19:37:27.236" durationms="27.614" />

<exclusive-start id="779" timestamp="2019-09-21T19:37:27.259" intervalms="49.926">
  <response-info timems="0.300" idlems="0.163" threads="1" lastid="0000000001EB6000" lastname="PmdThread 8" />
</exclusive-start>
<af-start id="780" threadId="0000000001EC2F88" totalBytesRequested="40" timestamp="2019-09-21T19:37:27.259" intervalms="49.881" />
<cycle-start id="781" type="global" contextid="0" timestamp="2019-09-21T19:37:27.259" intervalms="49.888" />
<gc-start id="782" type="global" contextid="781" timestamp="2019-09-21T19:37:27.259">
  <mem-info id="783" free="114688" total="11534336" percent="0">
    <mem type="tenure" free="114688" total="11534336" percent="0">
      <mem type="soa" free="0" total="11419648" percent="0" />
      <mem type="loa" free="114688" total="114688" percent="100" />
    </mem>
  </mem-info>
</gc-start>
<allocation-stats totalBytes="4544704" >
  <allocated-bytes non-tlh="32784" tlh="4511920" />
  <largest-consumer threadName="PmdThread 6" threadId="0000000001EB4900" bytes="1052424" />
</allocation-stats>
<gc-op id="784" type="mark" timems="4.736" contextid="781" timestamp="2019-09-21T19:37:27.264">
  <trace-info objectcount="134690" scancount="116672" scanbytes="3462980" />
  <finalization candidates="58" enqueued="0" />
  <ownableSynchronizers candidates="12" cleared="0" />
  <references type="soft" candidates="161" cleared="0" enqueued="0" dynamicThreshold="12" maxThreshold="32" />
  <references type="weak" candidates="1001" cleared="111" enqueued="111" />
  <references type="phantom" candidates="127" cleared="15" enqueued="15" />
  <stringconstants candidates="5015" cleared="0"  />
</gc-op>
<gc-op id="785" type="sweep" timems="1.971" contextid="781" timestamp="2019-09-21T19:37:27.266" />
<mem-info id="786" free="4557736" total="11534336" percent="39">
  <mem type="tenure" free="4557736" total="11534336" percent="39" micro-fragmented="268841" macro-fragmented="0">
    <mem type="soa" free="4443048" total="11419648" percent="38" />
    <mem type="loa" free="114688" total="114688" percent="100" />
  </mem>
  <pending-finalizers system="0" default="0" reference="126" classloader="0" />
</mem-info>
<gc-op id="787" type="compact" timems="25.548" contextid="781" timestamp="2019-09-21T19:37:27.292">
  <compact-info movecount="102072" movebytes="4460872" reason="compact to aid heap contraction" />
</gc-op>
<heap-resize id="788" type="expand" space="tenure" amount="65536" count="1" timems="0.018" reason="satisfy allocation request" timestamp="2019-09-21T19:37:27.293" />
<gc-end id="789" type="global" contextid="781" durationms="33.884" usertimems="60.000" systemtimems="0.000" timestamp="2019-09-21T19:37:27.293" activeThreads="8">
  <mem-info id="790" free="4881528" total="11599872" percent="42">
    <mem type="tenure" free="4881528" total="11599872" percent="42">
      <mem type="soa" free="4765816" total="11484160" percent="41" />
      <mem type="loa" free="115712" total="115712" percent="100" />
    </mem>
    <pending-finalizers system="0" default="0" reference="126" classloader="0" />
  </mem-info>
</gc-end>
<cycle-end id="791" type="global" contextid="781" timestamp="2019-09-21T19:37:27.293" />
  <attribute name="elasticGC enabled" value="1" />
  <attribute name= "numThreadsSpecified" value="8" />
  <attribute name="heapSize specified" value="11534336" />
  <attribute name="Current GC Util" value="28" />
  <attribute name= "Current Time Running" value="4015" />
  <attribute name ="GC Interval" value="0" />
  <attribute name="Target GC Util Change" value ="40.000000" />
  <attribute name="Current GC Util Change" value="28.000000"/>
  <attribute name="Current Error" value="-278.000000" />
  <attribute name="Output H" value="11572016"/>
  <attribute name="Output I" value="1840"/>
  <attribute name="Output T" value="8"/>
  <attribute name= "Current Time Running" value="4015" />
  <attribute name="GC Util currently" value="28" />
  <attribute name="CPU Util currently" value="89489888302" />
<allocation-satisfied id="792" threadId="0000000001EC2600" bytesRequested="40" />
<af-end id="793" timestamp="2019-09-21T19:37:27.293" threadId="0000000001EC2F88" success="true" />
<exclusive-end id="794" timestamp="2019-09-21T19:37:27.293" durationms="34.691" />

<exclusive-start id="795" timestamp="2019-09-21T19:37:27.331" intervalms="72.245">
  <response-info timems="0.151" idlems="0.094" threads="2" lastid="0000000001BA2E00" lastname="JIT Compilation Thread-2" />
</exclusive-start>
<af-start id="796" threadId="0000000001EBF388" totalBytesRequested="8200" timestamp="2019-09-21T19:37:27.331" intervalms="72.534" />
<cycle-start id="797" type="global" contextid="0" timestamp="2019-09-21T19:37:27.331" intervalms="72.540" />
<gc-start id="798" type="global" contextid="797" timestamp="2019-09-21T19:37:27.331">
  <mem-info id="799" free="115712" total="11599872" percent="0">
    <mem type="tenure" free="115712" total="11599872" percent="0">
      <mem type="soa" free="0" total="11484160" percent="0" />
      <mem type="loa" free="115712" total="115712" percent="100" />
    </mem>
  </mem-info>
</gc-start>
<allocation-stats totalBytes="4796688" >
  <allocated-bytes non-tlh="0" tlh="4796688" />
  <largest-consumer threadName="PmdThread 7" threadId="0000000001EB5500" bytes="1006824" />
</allocation-stats>
<gc-op id="800" type="mark" timems="3.900" contextid="797" timestamp="2019-09-21T19:37:27.335">
  <trace-info objectcount="124727" scancount="107516" scanbytes="3142572" />
  <finalization candidates="58" enqueued="0" />
  <ownableSynchronizers candidates="12" cleared="0" />
  <references type="soft" candidates="161" cleared="0" enqueued="0" dynamicThreshold="13" maxThreshold="32" />
  <references type="weak" candidates="984" cleared="93" enqueued="93" />
  <references type="phantom" candidates="130" cleared="16" enqueued="16" />
  <stringconstants candidates="5015" cleared="0"  />
</gc-op>
<gc-op id="801" type="sweep" timems="0.382" contextid="797" timestamp="2019-09-21T19:37:27.336" />
<mem-info id="802" free="5023512" total="11599872" percent="43">
  <mem type="tenure" free="5023512" total="11599872" percent="43" micro-fragmented="166497" macro-fragmented="0">
    <mem type="soa" free="4907800" total="11484160" percent="42" />
    <mem type="loa" free="115712" total="115712" percent="100" />
  </mem>
  <pending-finalizers system="0" default="0" reference="109" classloader="0" />
</mem-info>
<gc-op id="803" type="compact" timems="20.038" contextid="797" timestamp="2019-09-21T19:37:27.356">
  <compact-info movecount="92097" movebytes="4097328" reason="compact to aid heap contraction" />
</gc-op>
<heap-resize id="804" type="expand" space="tenure" amount="65536" count="1" timems="0.016" reason="satisfy allocation request" timestamp="2019-09-21T19:37:27.357" />
<gc-end id="805" type="global" contextid="797" durationms="25.392" usertimems="32.000" systemtimems="0.000" timestamp="2019-09-21T19:37:27.357" activeThreads="8">
  <mem-info id="806" free="5347128" total="11665408" percent="45">
    <mem type="tenure" free="5347128" total="11665408" percent="45">
      <mem type="soa" free="5231416" total="11549696" percent="45" />
      <mem type="loa" free="115712" total="115712" percent="100" />
    </mem>
    <pending-finalizers system="0" default="0" reference="109" classloader="0" />
  </mem-info>
</gc-end>
<cycle-end id="807" type="global" contextid="797" timestamp="2019-09-21T19:37:27.357" />
  <attribute name="elasticGC enabled" value="1" />
  <attribute name= "numThreadsSpecified" value="8" />
  <attribute name="heapSize specified" value="11599872" />
  <attribute name="Current GC Util" value="16" />
  <attribute name= "Current Time Running" value="4079" />
  <attribute name ="GC Interval" value="0" />
  <attribute name="Target GC Util Change" value ="40.000000" />
  <attribute name="Current GC Util Change" value="16.000000"/>
  <attribute name="Current Error" value="-101.000000" />
  <attribute name="Output H" value="11637656"/>
  <attribute name="Output I" value="1944"/>
  <attribute name="Output T" value="8"/>
  <attribute name= "Current Time Running" value="4079" />
  <attribute name="GC Util currently" value="16" />
  <attribute name="CPU Util currently" value="114031581991" />
<allocation-satisfied id="808" threadId="0000000001EBEA00" bytesRequested="8200" />
<af-end id="809" timestamp="2019-09-21T19:37:27.357" threadId="0000000001EBF388" success="true" />
<exclusive-end id="810" timestamp="2019-09-21T19:37:27.357" durationms="26.306" />

<exclusive-start id="811" timestamp="2019-09-21T19:37:27.383" intervalms="51.781">
  <response-info timems="0.436" idlems="0.255" threads="2" lastid="0000000001B9B600" lastname="JIT Compilation Thread-0" />
</exclusive-start>
<af-start id="812" threadId="0000000001EB7788" totalBytesRequested="8200" timestamp="2019-09-21T19:37:27.383" intervalms="51.471" />
<cycle-start id="813" type="global" contextid="0" timestamp="2019-09-21T19:37:27.383" intervalms="51.443" />
<gc-start id="814" type="global" contextid="813" timestamp="2019-09-21T19:37:27.383">
  <mem-info id="815" free="115712" total="11665408" percent="0">
    <mem type="tenure" free="115712" total="11665408" percent="0">
      <mem type="soa" free="0" total="11549696" percent="0" />
      <mem type="loa" free="115712" total="115712" percent="100" />
    </mem>
  </mem-info>
</gc-start>
<allocation-stats totalBytes="5209328" >
  <allocated-bytes non-tlh="8200" tlh="5201128" />
  <largest-consumer threadName="PmdThread 2" threadId="0000000001EB6E00" bytes="880040" />
</allocation-stats>
<gc-op id="816" type="mark" timems="2.344" contextid="813" timestamp="2019-09-21T19:37:27.385">
  <trace-info objectcount="126588" scancount="108888" scanbytes="3184504" />
  <finalization candidates="58" enqueued="0" />
  <ownableSynchronizers candidates="12" cleared="0" />
  <references type="soft" candidates="161" cleared="0" enqueued="0" dynamicThreshold="14" maxThreshold="32" />
  <references type="weak" candidates="986" cleared="96" enqueued="96" />
  <references type="phantom" candidates="135" cleared="22" enqueued="22" />
  <stringconstants candidates="5015" cleared="0"  />
</gc-op>
<gc-op id="817" type="sweep" timems="0.757" contextid="813" timestamp="2019-09-21T19:37:27.386" />
<mem-info id="818" free="4948112" total="11665408" percent="42">
  <mem type="tenure" free="4948112" total="11665408" percent="42" micro-fragmented="119402" macro-fragmented="0">
    <mem type="soa" free="4832400" total="11549696" percent="41" />
    <mem type="loa" free="115712" total="115712" percent="100" />
  </mem>
  <pending-finalizers system="0" default="0" reference="118" classloader="0" />
</mem-info>
<gc-op id="819" type="compact" timems="20.016" contextid="813" timestamp="2019-09-21T19:37:27.406">
  <compact-info movecount="93652" movebytes="4243848" reason="compact to aid heap contraction" />
</gc-op>
<heap-resize id="820" type="expand" space="tenure" amount="65536" count="1" timems="0.016" reason="satisfy allocation request" timestamp="2019-09-21T19:37:27.407" />
<gc-end id="821" type="global" contextid="813" durationms="24.077" usertimems="40.000" systemtimems="4.000" timestamp="2019-09-21T19:37:27.407" activeThreads="8">
  <mem-info id="822" free="5199224" total="11730944" percent="44">
    <mem type="tenure" free="5199224" total="11730944" percent="44">
      <mem type="soa" free="5082488" total="11614208" percent="43" />
      <mem type="loa" free="116736" total="116736" percent="100" />
    </mem>
    <pending-finalizers system="0" default="0" reference="118" classloader="0" />
  </mem-info>
</gc-end>
<cycle-end id="823" type="global" contextid="813" timestamp="2019-09-21T19:37:27.407" />
  <attribute name="elasticGC enabled" value="1" />
  <attribute name= "numThreadsSpecified" value="8" />
  <attribute name="heapSize specified" value="11665408" />
  <attribute name="Current GC Util" value="10" />
  <attribute name= "Current Time Running" value="4129" />
  <attribute name ="GC Interval" value="0" />
  <attribute name="Target GC Util Change" value ="40.000000" />
  <attribute name="Current GC Util Change" value="10.000000"/>
  <attribute name="Current Error" value="30.000000" />
  <attribute name="Output H" value="11703272"/>
  <attribute name="Output I" value="2024"/>
  <attribute name="Output T" value="8"/>
  <attribute name= "Current Time Running" value="4129" />
  <attribute name="GC Util currently" value="10" />
  <attribute name="CPU Util currently" value="114185662190" />
<allocation-satisfied id="824" threadId="0000000001EB6E00" bytesRequested="8200" />
<af-end id="825" timestamp="2019-09-21T19:37:27.407" threadId="0000000001EB7788" success="true" />
<exclusive-end id="826" timestamp="2019-09-21T19:37:27.407" durationms="24.729" />

<exclusive-start id="827" timestamp="2019-09-21T19:37:27.463" intervalms="80.564">
  <response-info timems="0.432" idlems="0.250" threads="3" lastid="0000000001BA2E00" lastname="JIT Compilation Thread-2" />
</exclusive-start>
<af-start id="828" threadId="0000000001EB3B88" totalBytesRequested="32" timestamp="2019-09-21T19:37:27.463" intervalms="80.602" />
<cycle-start id="829" type="global" contextid="0" timestamp="2019-09-21T19:37:27.463" intervalms="80.623" />
<gc-start id="830" type="global" contextid="829" timestamp="2019-09-21T19:37:27.463">
  <mem-info id="831" free="116736" total="11730944" percent="0">
    <mem type="tenure" free="116736" total="11730944" percent="0">
      <mem type="soa" free="0" total="11614208" percent="0" />
      <mem type="loa" free="116736" total="116736" percent="100" />
    </mem>
  </mem-info>
</gc-start>
<allocation-stats totalBytes="5118696" >
  <allocated-bytes non-tlh="0" tlh="5118696" />
  <largest-consumer threadName="PmdThread 6" threadId="0000000001EB4900" bytes="1306384" />
</allocation-stats>
<gc-op id="832" type="mark" timems="2.042" contextid="829" timestamp="2019-09-21T19:37:27.466">
  <trace-info objectcount="134343" scancount="116384" scanbytes="3467628" />
  <finalization candidates="58" enqueued="0" />
  <ownableSynchronizers candidates="12" cleared="0" />
  <references type="soft" candidates="161" cleared="0" enqueued="0" dynamicThreshold="14" maxThreshold="32" />
  <references type="weak" candidates="993" cleared="103" enqueued="103" />
  <references type="phantom" candidates="129" cleared="15" enqueued="15" />
  <stringconstants candidates="5015" cleared="0"  />
</gc-op>
<gc-op id="833" type="sweep" timems="0.357" contextid="829" timestamp="2019-09-21T19:37:27.466" />
<mem-info id="834" free="4226648" total="11730944" percent="36">
  <mem type="tenure" free="4226648" total="11730944" percent="36" micro-fragmented="536203" macro-fragmented="0">
    <mem type="soa" free="4109912" total="11614208" percent="35" />
    <mem type="loa" free="116736" total="116736" percent="100" />
  </mem>
  <pending-finalizers system="0" default="0" reference="118" classloader="0" />
</mem-info>
<gc-op id="835" type="compact" timems="21.741" contextid="829" timestamp="2019-09-21T19:37:27.488">
  <compact-info movecount="112304" movebytes="5343800" reason="compact to aid heap contraction" />
</gc-op>
<heap-resize id="836" type="expand" space="tenure" amount="65536" count="1" timems="0.016" reason="satisfy allocation request" timestamp="2019-09-21T19:37:27.488" />
<gc-end id="837" type="global" contextid="829" durationms="25.119" usertimems="32.000" systemtimems="4.000" timestamp="2019-09-21T19:37:27.489" activeThreads="8">
  <mem-info id="838" free="4995088" total="11796480" percent="42">
    <mem type="tenure" free="4995088" total="11796480" percent="42">
      <mem type="soa" free="4877328" total="11678720" percent="41" />
      <mem type="loa" free="117760" total="117760" percent="100" />
    </mem>
    <pending-finalizers system="0" default="0" reference="118" classloader="0" />
  </mem-info>
</gc-end>
<cycle-end id="839" type="global" contextid="829" timestamp="2019-09-21T19:37:27.489" />
  <attribute name="elasticGC enabled" value="1" />
  <attribute name= "numThreadsSpecified" value="8" />
  <attribute name="heapSize specified" value="11730944" />
  <attribute name="Current GC Util" value="10" />
  <attribute name= "Current Time Running" value="4211" />
  <attribute name ="GC Interval" value="0" />
  <attribute name="Target GC Util Change" value ="40.000000" />
  <attribute name="Current GC Util Change" value="10.000000"/>
  <attribute name="Current Error" value="-184.000000" />
  <attribute name="Output H" value="11768680"/>
  <attribute name="Output I" value="1896"/>
  <attribute name="Output T" value="8"/>
  <attribute name= "Current Time Running" value="4211" />
  <attribute name="GC Util currently" value="10" />
  <attribute name="CPU Util currently" value="105492140874" />
<allocation-satisfied id="840" threadId="0000000001EB3200" bytesRequested="32" />
<af-end id="841" timestamp="2019-09-21T19:37:27.489" threadId="0000000001EB3B88" success="true" />
<exclusive-end id="842" timestamp="2019-09-21T19:37:27.489" durationms="25.778" />

<exclusive-start id="843" timestamp="2019-09-21T19:37:27.502" intervalms="39.293">
  <response-info timems="0.292" idlems="0.259" threads="1" lastid="0000000001EB4900" lastname="PmdThread 6" />
</exclusive-start>
<af-start id="844" threadId="0000000001EB6988" totalBytesRequested="16392" timestamp="2019-09-21T19:37:27.503" intervalms="39.276" />
<cycle-start id="845" type="global" contextid="0" timestamp="2019-09-21T19:37:27.503" intervalms="39.269" />
<gc-start id="846" type="global" contextid="845" timestamp="2019-09-21T19:37:27.503">
  <mem-info id="847" free="117760" total="11796480" percent="0">
    <mem type="tenure" free="117760" total="11796480" percent="0">
      <mem type="soa" free="0" total="11678720" percent="0" />
      <mem type="loa" free="117760" total="117760" percent="100" />
    </mem>
    <pending-finalizers system="0" default="0" reference="118" classloader="0" />
  </mem-info>
</gc-start>
<allocation-stats totalBytes="4909616" >
  <allocated-bytes non-tlh="0" tlh="4909616" />
  <largest-consumer threadName="PmdThread 7" threadId="0000000001EB5500" bytes="2022992" />
</allocation-stats>
<gc-op id="848" type="mark" timems="2.698" contextid="845" timestamp="2019-09-21T19:37:27.506">
  <trace-info objectcount="162002" scancount="142322" scanbytes="4404836" />
  <finalization candidates="58" enqueued="0" />
  <ownableSynchronizers candidates="12" cleared="0" />
  <references type="soft" candidates="161" cleared="0" enqueued="0" dynamicThreshold="13" maxThreshold="32" />
  <references type="weak" candidates="905" cleared="14" enqueued="14" />
  <references type="phantom" candidates="117" cleared="2" enqueued="2" />
  <stringconstants candidates="5015" cleared="0"  />
</gc-op>
<gc-op id="849" type="sweep" timems="0.401" contextid="845" timestamp="2019-09-21T19:37:27.506" />
<mem-info id="850" free="2605784" total="11796480" percent="22">
  <mem type="tenure" free="2605784" total="11796480" percent="22" micro-fragmented="1038737" macro-fragmented="0">
    <mem type="soa" free="2488024" total="11678720" percent="21" />
    <mem type="loa" free="117760" total="117760" percent="100" />
  </mem>
  <pending-finalizers system="0" default="0" reference="134" classloader="0" />
</mem-info>
<gc-op id="851" type="compact" timems="25.088" contextid="845" timestamp="2019-09-21T19:37:27.531">
  <compact-info movecount="129010" movebytes="5519440" reason="compact to aid heap contraction" />
</gc-op>
<heap-resize id="852" type="expand" space="tenure" amount="65536" count="1" timems="0.019" reason="satisfy allocation request" timestamp="2019-09-21T19:37:27.532" />
<gc-end id="853" type="global" contextid="845" durationms="29.202" usertimems="32.000" systemtimems="4.000" timestamp="2019-09-21T19:37:27.532" activeThreads="8">
  <mem-info id="854" free="4089736" total="11862016" percent="34">
    <mem type="tenure" free="4089736" total="11862016" percent="34">
      <mem type="soa" free="3971976" total="11744256" percent="33" />
      <mem type="loa" free="117760" total="117760" percent="100" />
    </mem>
    <pending-finalizers system="0" default="0" reference="134" classloader="0" />
  </mem-info>
</gc-end>
<cycle-end id="855" type="global" contextid="845" timestamp="2019-09-21T19:37:27.532" />
  <attribute name="elasticGC enabled" value="1" />
  <attribute name= "numThreadsSpecified" value="8" />
  <attribute name="heapSize specified" value="11796480" />
  <attribute name="Current GC Util" value="93" />
  <attribute name= "Current Time Running" value="4254" />
  <attribute name ="GC Interval" value="0" />
  <attribute name="Target GC Util Change" value ="40.000000" />
  <attribute name="Current GC Util Change" value="93.000000"/>
  <attribute name="Current Error" value="-373.000000" />
  <attribute name="Output H" value="11834112"/>
  <attribute name="Output I" value="1792"/>
  <attribute name="Output T" value="8"/>
  <attribute name= "Current Time Running" value="4254" />
  <attribute name="GC Util currently" value="93" />
  <attribute name="CPU Util currently" value="91253543581" />
<allocation-satisfied id="856" threadId="0000000001EB6000" bytesRequested="16392" />
<af-end id="857" timestamp="2019-09-21T19:37:27.532" threadId="0000000001EB6988" success="true" />
<exclusive-end id="858" timestamp="2019-09-21T19:37:27.532" durationms="29.994" />

<exclusive-start id="859" timestamp="2019-09-21T19:37:27.539" intervalms="36.449">
  <response-info timems="0.085" idlems="0.085" threads="0" lastid="0000000001EB6000" lastname="PmdThread 8" />
</exclusive-start>
<af-start id="860" threadId="0000000001EB6988" totalBytesRequested="64" timestamp="2019-09-21T19:37:27.539" intervalms="36.481" />
<cycle-start id="861" type="global" contextid="0" timestamp="2019-09-21T19:37:27.539" intervalms="36.489" />
<gc-start id="862" type="global" contextid="861" timestamp="2019-09-21T19:37:27.539">
  <mem-info id="863" free="117760" total="11862016" percent="0">
    <mem type="tenure" free="117760" total="11862016" percent="0">
      <mem type="soa" free="0" total="11744256" percent="0" />
      <mem type="loa" free="117760" total="117760" percent="100" />
    </mem>
  </mem-info>
</gc-start>
<allocation-stats totalBytes="3986944" >
  <allocated-bytes non-tlh="32784" tlh="3954160" />
  <largest-consumer threadName="PmdThread 6" threadId="0000000001EB4900" bytes="1408728" />
</allocation-stats>
<gc-op id="864" type="mark" timems="3.523" contextid="861" timestamp="2019-09-21T19:37:27.543">
  <trace-info objectcount="177911" scancount="157346" scanbytes="4961960" />
  <finalization candidates="58" enqueued="0" />
  <ownableSynchronizers candidates="12" cleared="0" />
  <references type="soft" candidates="161" cleared="4" enqueued="4" dynamicThreshold="11" maxThreshold="32" />
  <references type="weak" candidates="1031" cleared="140" enqueued="140" />
  <references type="phantom" candidates="117" cleared="2" enqueued="2" />
  <stringconstants candidates="5015" cleared="0"  />
</gc-op>
<gc-op id="865" type="sweep" timems="0.598" contextid="861" timestamp="2019-09-21T19:37:27.544" />
<mem-info id="866" free="2457664" total="11862016" percent="20">
  <mem type="tenure" free="2457664" total="11862016" percent="20" micro-fragmented="493925" macro-fragmented="0">
    <mem type="soa" free="2339904" total="11744256" percent="19" />
    <mem type="loa" free="117760" total="117760" percent="100" />
  </mem>
  <pending-finalizers system="0" default="0" reference="146" classloader="0" />
</mem-info>
<gc-op id="867" type="compact" timems="28.780" contextid="861" timestamp="2019-09-21T19:37:27.573">
  <compact-info movecount="139161" movebytes="5900056" reason="compact to aid heap contraction" />
</gc-op>
<heap-resize id="868" type="expand" space="tenure" amount="65536" count="1" timems="0.023" reason="satisfy allocation request" timestamp="2019-09-21T19:37:27.573" />
<gc-end id="869" type="global" contextid="861" durationms="33.792" usertimems="48.000" systemtimems="0.000" timestamp="2019-09-21T19:37:27.573" activeThreads="8">
  <mem-info id="870" free="3529416" total="11927552" percent="29">
    <mem type="tenure" free="3529416" total="11927552" percent="29">
      <mem type="soa" free="3410632" total="11808768" percent="28" />
      <mem type="loa" free="118784" total="118784" percent="100" />
    </mem>
    <pending-finalizers system="0" default="0" reference="146" classloader="0" />
  </mem-info>
</gc-end>
<cycle-end id="871" type="global" contextid="861" timestamp="2019-09-21T19:37:27.573" />
  <attribute name="elasticGC enabled" value="1" />
  <attribute name= "numThreadsSpecified" value="8" />
  <attribute name="heapSize specified" value="11862016" />
  <attribute name="Current GC Util" value="11" />
  <attribute name= "Current Time Running" value="4295" />
  <attribute name ="GC Interval" value="0" />
  <attribute name="Target GC Util Change" value ="40.000000" />
  <attribute name="Current GC Util Change" value="11.000000"/>
  <attribute name="Current Error" value="29.000000" />
  <attribute name="Output H" value="11899872"/>
  <attribute name="Output I" value="2016"/>
  <attribute name="Output T" value="8"/>
  <attribute name= "Current Time Running" value="4295" />
  <attribute name="GC Util currently" value="11" />
  <attribute name="CPU Util currently" value="79692184557" />
<allocation-satisfied id="872" threadId="0000000001EB6000" bytesRequested="64" />
<af-end id="873" timestamp="2019-09-21T19:37:27.573" threadId="0000000001EB6988" success="true" />
<exclusive-end id="874" timestamp="2019-09-21T19:37:27.573" durationms="34.563" />

<exclusive-start id="875" timestamp="2019-09-21T19:37:27.580" intervalms="41.228">
  <response-info timems="0.102" idlems="0.102" threads="0" lastid="0000000001EB4900" lastname="PmdThread 6" />
</exclusive-start>
<af-start id="876" threadId="0000000001EB5288" totalBytesRequested="56" timestamp="2019-09-21T19:37:27.580" intervalms="41.236" />
<cycle-start id="877" type="global" contextid="0" timestamp="2019-09-21T19:37:27.581" intervalms="41.456" />
<gc-start id="878" type="global" contextid="877" timestamp="2019-09-21T19:37:27.581">
  <mem-info id="879" free="118784" total="11927552" percent="0">
    <mem type="tenure" free="118784" total="11927552" percent="0">
      <mem type="soa" free="0" total="11808768" percent="0" />
      <mem type="loa" free="118784" total="118784" percent="100" />
    </mem>
  </mem-info>
</gc-start>
<allocation-stats totalBytes="3458856" >
  <allocated-bytes non-tlh="0" tlh="3458856" />
  <largest-consumer threadName="PmdThread 8" threadId="0000000001EB6000" bytes="1392400" />
</allocation-stats>
<gc-op id="880" type="mark" timems="2.903" contextid="877" timestamp="2019-09-21T19:37:27.584">
  <trace-info objectcount="194607" scancount="172810" scanbytes="5534052" />
  <finalization candidates="58" enqueued="0" />
  <ownableSynchronizers candidates="12" cleared="0" />
  <references type="soft" candidates="157" cleared="1" enqueued="0" dynamicThreshold="9" maxThreshold="32" />
  <references type="weak" candidates="975" cleared="84" enqueued="84" />
  <references type="phantom" candidates="115" cleared="0" enqueued="0" />
  <stringconstants candidates="5015" cleared="1"  />
</gc-op>
<gc-op id="881" type="sweep" timems="0.449" contextid="877" timestamp="2019-09-21T19:37:27.585" />
<mem-info id="882" free="2013320" total="11927552" percent="16">
  <mem type="tenure" free="2013320" total="11927552" percent="16" micro-fragmented="747415" macro-fragmented="0">
    <mem type="soa" free="1894536" total="11808768" percent="16" />
    <mem type="loa" free="118784" total="118784" percent="100" />
  </mem>
  <pending-finalizers system="0" default="0" reference="84" classloader="0" />
</mem-info>
<gc-op id="883" type="compact" timems="35.114" contextid="877" timestamp="2019-09-21T19:37:27.620">
  <compact-info movecount="178012" movebytes="8040008" reason="compact to aid heap contraction" />
</gc-op>
<heap-resize id="884" type="expand" space="tenure" amount="65536" count="1" timems="0.016" reason="satisfy allocation request" timestamp="2019-09-21T19:37:27.621" />
<gc-end id="885" type="global" contextid="877" durationms="39.673" usertimems="60.000" systemtimems="4.000" timestamp="2019-09-21T19:37:27.621" activeThreads="8">
  <mem-info id="886" free="3032744" total="11993088" percent="25">
    <mem type="tenure" free="3032744" total="11993088" percent="25">
      <mem type="soa" free="2912936" total="11873280" percent="24" />
      <mem type="loa" free="119808" total="119808" percent="100" />
    </mem>
    <pending-finalizers system="0" default="0" reference="84" classloader="0" />
  </mem-info>
</gc-end>
<cycle-end id="887" type="global" contextid="877" timestamp="2019-09-21T19:37:27.621" />
  <attribute name="elasticGC enabled" value="1" />
  <attribute name= "numThreadsSpecified" value="8" />
  <attribute name="heapSize specified" value="11927552" />
  <attribute name="Current GC Util" value="8" />
  <attribute name= "Current Time Running" value="4343" />
  <attribute name ="GC Interval" value="0" />
  <attribute name="Target GC Util Change" value ="40.000000" />
  <attribute name="Current GC Util Change" value="8.000000"/>
  <attribute name="Current Error" value="-618.000000" />
  <attribute name="Output H" value="11965040"/>
  <attribute name="Output I" value="1648"/>
  <attribute name="Output T" value="8"/>
  <attribute name= "Current Time Running" value="4343" />
  <attribute name="GC Util currently" value="8" />
  <attribute name="CPU Util currently" value="65388038198" />
<allocation-satisfied id="888" threadId="0000000001EB4900" bytesRequested="56" />
<af-end id="889" timestamp="2019-09-21T19:37:27.621" threadId="0000000001EB5288" success="true" />
<exclusive-end id="890" timestamp="2019-09-21T19:37:27.621" durationms="41.010" />

<exclusive-start id="891" timestamp="2019-09-21T19:37:27.631" intervalms="50.533">
  <response-info timems="0.095" idlems="0.095" threads="0" lastid="0000000001EBEA00" lastname="PmdThread 3" />
</exclusive-start>
<af-start id="892" threadId="0000000001EBF388" totalBytesRequested="56" timestamp="2019-09-21T19:37:27.631" intervalms="50.531" />
<cycle-start id="893" type="global" contextid="0" timestamp="2019-09-21T19:37:27.631" intervalms="50.287" />
<gc-start id="894" type="global" contextid="893" timestamp="2019-09-21T19:37:27.631">
  <mem-info id="895" free="119808" total="11993088" percent="0">
    <mem type="tenure" free="119808" total="11993088" percent="0">
      <mem type="soa" free="0" total="11873280" percent="0" />
      <mem type="loa" free="119808" total="119808" percent="100" />
    </mem>
  </mem-info>
</gc-start>
<allocation-stats totalBytes="2964848" >
  <allocated-bytes non-tlh="43208" tlh="2921640" />
  <largest-consumer threadName="PmdThread 7" threadId="0000000001EB5500" bytes="1176800" />
</allocation-stats>
<gc-op id="896" type="mark" timems="3.067" contextid="893" timestamp="2019-09-21T19:37:27.634">
  <trace-info objectcount="205271" scancount="182711" scanbytes="5897984" />
  <finalization candidates="58" enqueued="0" />
  <ownableSynchronizers candidates="12" cleared="0" />
  <references type="soft" candidates="156" cleared="47" enqueued="47" dynamicThreshold="8" maxThreshold="32" />
  <references type="weak" candidates="925" cleared="35" enqueued="35" />
  <references type="phantom" candidates="118" cleared="3" enqueued="3" />
  <stringconstants candidates="5014" cleared="0"  />
</gc-op>
<gc-op id="897" type="sweep" timems="0.461" contextid="893" timestamp="2019-09-21T19:37:27.635" />
<mem-info id="898" free="2033680" total="11993088" percent="16">
  <mem type="tenure" free="2033680" total="11993088" percent="16" micro-fragmented="396550" macro-fragmented="0">
    <mem type="soa" free="1913872" total="11873280" percent="16" />
    <mem type="loa" free="119808" total="119808" percent="100" />
  </mem>
  <pending-finalizers system="0" default="0" reference="85" classloader="0" />
</mem-info>
<gc-op id="899" type="compact" timems="35.235" contextid="893" timestamp="2019-09-21T19:37:27.670">
  <compact-info movecount="166002" movebytes="6905040" reason="compact to aid heap contraction" />
</gc-op>
<heap-resize id="900" type="expand" space="tenure" amount="65536" count="1" timems="0.020" reason="satisfy allocation request" timestamp="2019-09-21T19:37:27.671" />
<gc-end id="901" type="global" contextid="893" durationms="39.811" usertimems="48.000" systemtimems="4.000" timestamp="2019-09-21T19:37:27.671" activeThreads="8">
  <mem-info id="902" free="2662608" total="12058624" percent="22">
    <mem type="tenure" free="2662608" total="12058624" percent="22">
      <mem type="soa" free="2542800" total="11938816" percent="21" />
      <mem type="loa" free="119808" total="119808" percent="100" />
    </mem>
    <pending-finalizers system="0" default="0" reference="85" classloader="0" />
  </mem-info>
</gc-end>
<cycle-end id="903" type="global" contextid="893" timestamp="2019-09-21T19:37:27.671" />
  <attribute name="elasticGC enabled" value="1" />
  <attribute name= "numThreadsSpecified" value="8" />
  <attribute name="heapSize specified" value="11993088" />
  <attribute name="Current GC Util" value="93" />
  <attribute name= "Current Time Running" value="4393" />
  <attribute name ="GC Interval" value="0" />
  <attribute name="Target GC Util Change" value ="40.000000" />
  <attribute name="Current GC Util Change" value="93.000000"/>
  <attribute name="Current Error" value="-401.000000" />
  <attribute name="Output H" value="12030704"/>
  <attribute name="Output I" value="1776"/>
  <attribute name="Output T" value="8"/>
  <attribute name= "Current Time Running" value="4393" />
  <attribute name="GC Util currently" value="93" />
  <attribute name="CPU Util currently" value="65035576346" />
<allocation-satisfied id="904" threadId="0000000001EBEA00" bytesRequested="56" />
<af-end id="905" timestamp="2019-09-21T19:37:27.671" threadId="0000000001EBF388" success="true" />
<exclusive-end id="906" timestamp="2019-09-21T19:37:27.671" durationms="40.614" />

<exclusive-start id="907" timestamp="2019-09-21T19:37:27.680" intervalms="49.161">
  <response-info timems="0.096" idlems="0.096" threads="0" lastid="0000000001EC2600" lastname="PmdThread 4" />
</exclusive-start>
<af-start id="908" threadId="0000000001EC2F88" totalBytesRequested="16" timestamp="2019-09-21T19:37:27.680" intervalms="49.110" />
<cycle-start id="909" type="global" contextid="0" timestamp="2019-09-21T19:37:27.680" intervalms="49.112" />
<gc-start id="910" type="global" contextid="909" timestamp="2019-09-21T19:37:27.680">
  <mem-info id="911" free="119808" total="12058624" percent="0">
    <mem type="tenure" free="119808" total="12058624" percent="0">
      <mem type="soa" free="0" total="11938816" percent="0" />
      <mem type="loa" free="119808" total="119808" percent="100" />
    </mem>
  </mem-info>
</gc-start>
<allocation-stats totalBytes="2558672" >
  <allocated-bytes non-tlh="106568" tlh="2452104" />
  <largest-consumer threadName="PmdThread 5" threadId="0000000001EB3E00" bytes="621128" />
</allocation-stats>
<gc-op id="912" type="mark" timems="4.283" contextid="909" timestamp="2019-09-21T19:37:27.684">
  <trace-info objectcount="207932" scancount="184767" scanbytes="5975664" />
  <finalization candidates="58" enqueued="0" />
  <ownableSynchronizers candidates="12" cleared="0" />
  <references type="soft" candidates="109" cleared="0" enqueued="0" dynamicThreshold="7" maxThreshold="32" />
  <references type="weak" candidates="907" cleared="17" enqueued="17" />
  <references type="phantom" candidates="118" cleared="3" enqueued="3" />
  <stringconstants candidates="5014" cleared="35"  />
</gc-op>
<gc-op id="913" type="sweep" timems="1.504" contextid="909" timestamp="2019-09-21T19:37:27.686" />
<mem-info id="914" free="2023352" total="12058624" percent="16">
  <mem type="tenure" free="2023352" total="12058624" percent="16" micro-fragmented="333651" macro-fragmented="0">
    <mem type="soa" free="1903544" total="11938816" percent="15" />
    <mem type="loa" free="119808" total="119808" percent="100" />
  </mem>
  <pending-finalizers system="0" default="0" reference="20" classloader="0" />
</mem-info>
<gc-op id="915" type="compact" timems="38.125" contextid="909" timestamp="2019-09-21T19:37:27.724">
  <compact-info movecount="174986" movebytes="7350728" reason="compact to aid heap contraction" />
</gc-op>
<heap-resize id="916" type="expand" space="tenure" amount="65536" count="1" timems="0.018" reason="satisfy allocation request" timestamp="2019-09-21T19:37:27.725" />
<gc-end id="917" type="global" contextid="909" durationms="45.095" usertimems="76.000" systemtimems="0.000" timestamp="2019-09-21T19:37:27.725" activeThreads="8">
  <mem-info id="918" free="2497936" total="12124160" percent="20">
    <mem type="tenure" free="2497936" total="12124160" percent="20">
      <mem type="soa" free="2377104" total="12003328" percent="19" />
      <mem type="loa" free="120832" total="120832" percent="100" />
    </mem>
    <pending-finalizers system="0" default="0" reference="20" classloader="0" />
  </mem-info>
</gc-end>
<cycle-end id="919" type="global" contextid="909" timestamp="2019-09-21T19:37:27.726" />
  <attribute name="elasticGC enabled" value="1" />
  <attribute name= "numThreadsSpecified" value="8" />
  <attribute name="heapSize specified" value="12058624" />
  <attribute name="Current GC Util" value="99" />
  <attribute name= "Current Time Running" value="4447" />
  <attribute name ="GC Interval" value="0" />
  <attribute name="Target GC Util Change" value ="40.000000" />
  <attribute name="Current GC Util Change" value="99.000000"/>
  <attribute name="Current Error" value="-59.000000" />
  <attribute name="Output H" value="12096432"/>
  <attribute name="Output I" value="1968"/>
  <attribute name="Output T" value="8"/>
  <attribute name= "Current Time Running" value="4447" />
  <attribute name="GC Util currently" value="99" />
  <attribute name="CPU Util currently" value="60098989527" />
<allocation-satisfied id="920" threadId="0000000001EC2600" bytesRequested="16" />
<af-end id="921" timestamp="2019-09-21T19:37:27.726" threadId="0000000001EC2F88" success="true" />
<exclusive-end id="922" timestamp="2019-09-21T19:37:27.726" durationms="46.155" />

<exclusive-start id="923" timestamp="2019-09-21T19:37:27.745" intervalms="65.621">
  <response-info timems="0.314" idlems="0.145" threads="7" lastid="0000000001EB3200" lastname="PmdThread 1" />
</exclusive-start>
<af-start id="924" threadId="0000000001EBF388" totalBytesRequested="64" timestamp="2019-09-21T19:37:27.746" intervalms="65.615" />
<cycle-start id="925" type="global" contextid="0" timestamp="2019-09-21T19:37:27.746" intervalms="65.611" />
<gc-start id="926" type="global" contextid="925" timestamp="2019-09-21T19:37:27.746">
  <mem-info id="927" free="120832" total="12124160" percent="0">
    <mem type="tenure" free="120832" total="12124160" percent="0">
      <mem type="soa" free="0" total="12003328" percent="0" />
      <mem type="loa" free="120832" total="120832" percent="100" />
    </mem>
  </mem-info>
</gc-start>
<allocation-stats totalBytes="2417104" >
  <allocated-bytes non-tlh="0" tlh="2417104" />
  <largest-consumer threadName="PmdThread 8" threadId="0000000001EB6000" bytes="716592" />
</allocation-stats>
<gc-op id="928" type="mark" timems="3.147" contextid="925" timestamp="2019-09-21T19:37:27.749">
  <trace-info objectcount="216410" scancount="192470" scanbytes="6262804" />
  <finalization candidates="58" enqueued="0" />
  <ownableSynchronizers candidates="12" cleared="0" />
  <references type="soft" candidates="109" cleared="2" enqueued="0" dynamicThreshold="6" maxThreshold="32" />
  <references type="weak" candidates="913" cleared="23" enqueued="23" />
  <references type="phantom" candidates="118" cleared="3" enqueued="3" />
  <stringconstants candidates="4979" cleared="0"  />
</gc-op>
<gc-op id="929" type="sweep" timems="0.371" contextid="925" timestamp="2019-09-21T19:37:27.749" />
<mem-info id="930" free="1662992" total="12124160" percent="13">
  <mem type="tenure" free="1662992" total="12124160" percent="13" micro-fragmented="400345" macro-fragmented="0">
    <mem type="soa" free="1542160" total="12003328" percent="12" />
    <mem type="loa" free="120832" total="120832" percent="100" />
  </mem>
  <pending-finalizers system="0" default="0" reference="26" classloader="0" />
</mem-info>
<gc-op id="931" type="compact" timems="37.404" contextid="925" timestamp="2019-09-21T19:37:27.787">
  <compact-info movecount="182857" movebytes="7611024" reason="compact to aid heap contraction" />
</gc-op>
<heap-resize id="932" type="expand" space="tenure" amount="65536" count="1" timems="0.020" reason="satisfy allocation request" timestamp="2019-09-21T19:37:27.787" />
<gc-end id="933" type="global" contextid="925" durationms="41.858" usertimems="48.000" systemtimems="8.000" timestamp="2019-09-21T19:37:27.788" activeThreads="8">
  <mem-info id="934" free="2260456" total="12189696" percent="18">
    <mem type="tenure" free="2260456" total="12189696" percent="18">
      <mem type="soa" free="2138600" total="12067840" percent="17" />
      <mem type="loa" free="121856" total="121856" percent="100" />
    </mem>
    <pending-finalizers system="0" default="0" reference="26" classloader="0" />
  </mem-info>
</gc-end>
<cycle-end id="935" type="global" contextid="925" timestamp="2019-09-21T19:37:27.788" />
  <attribute name="elasticGC enabled" value="1" />
  <attribute name= "numThreadsSpecified" value="8" />
  <attribute name="heapSize specified" value="12124160" />
  <attribute name="Current GC Util" value="6" />
  <attribute name= "Current Time Running" value="4510" />
  <attribute name ="GC Interval" value="0" />
  <attribute name="Target GC Util Change" value ="40.000000" />
  <attribute name="Current GC Util Change" value="6.000000"/>
  <attribute name="Current Error" value="-304.000000" />
  <attribute name="Output H" value="12161832"/>
  <attribute name="Output I" value="1832"/>
  <attribute name="Output T" value="8"/>
  <attribute name= "Current Time Running" value="4510" />
  <attribute name="GC Util currently" value="6" />
  <attribute name="CPU Util currently" value="61361736579" />
<allocation-satisfied id="936" threadId="0000000001EBEA00" bytesRequested="64" />
<af-end id="937" timestamp="2019-09-21T19:37:27.788" threadId="0000000001EBF388" success="true" />
<exclusive-end id="938" timestamp="2019-09-21T19:37:27.788" durationms="42.642" />

<exclusive-start id="939" timestamp="2019-09-21T19:37:27.793" intervalms="47.574">
  <response-info timems="0.313" idlems="0.313" threads="0" lastid="0000000001EBEA00" lastname="PmdThread 3" />
</exclusive-start>
<af-start id="940" threadId="0000000001EBF388" totalBytesRequested="56" timestamp="2019-09-21T19:37:27.793" intervalms="47.548" />
<cycle-start id="941" type="global" contextid="0" timestamp="2019-09-21T19:37:27.793" intervalms="47.553" />
<gc-start id="942" type="global" contextid="941" timestamp="2019-09-21T19:37:27.793">
  <mem-info id="943" free="121856" total="12189696" percent="0">
    <mem type="tenure" free="121856" total="12189696" percent="0">
      <mem type="soa" free="0" total="12067840" percent="0" />
      <mem type="loa" free="121856" total="121856" percent="100" />
    </mem>
  </mem-info>
</gc-start>
<allocation-stats totalBytes="2161280" >
  <allocated-bytes non-tlh="0" tlh="2161280" />
  <largest-consumer threadName="PmdThread 8" threadId="0000000001EB6000" bytes="593696" />
</allocation-stats>
<gc-op id="944" type="mark" timems="3.278" contextid="941" timestamp="2019-09-21T19:37:27.797">
  <trace-info objectcount="228379" scancount="203533" scanbytes="6658276" />
  <finalization candidates="58" enqueued="0" />
  <ownableSynchronizers candidates="12" cleared="0" />
  <references type="soft" candidates="107" cleared="1" enqueued="0" dynamicThreshold="5" maxThreshold="32" />
  <references type="weak" candidates="898" cleared="7" enqueued="7" />
  <references type="phantom" candidates="116" cleared="1" enqueued="1" />
  <stringconstants candidates="4979" cleared="0"  />
</gc-op>
<gc-op id="945" type="sweep" timems="0.340" contextid="941" timestamp="2019-09-21T19:37:27.797" />
<mem-info id="946" free="1312536" total="12189696" percent="10">
  <mem type="tenure" free="1312536" total="12189696" percent="10" micro-fragmented="411783" macro-fragmented="0">
    <mem type="soa" free="1190680" total="12067840" percent="9" />
    <mem type="loa" free="121856" total="121856" percent="100" />
  </mem>
  <pending-finalizers system="0" default="0" reference="8" classloader="0" />
</mem-info>
<gc-op id="947" type="compact" timems="41.646" contextid="941" timestamp="2019-09-21T19:37:27.839">
  <compact-info movecount="205134" movebytes="8793576" reason="compact to aid heap contraction" />
</gc-op>
<heap-resize id="948" type="expand" space="tenure" amount="65536" count="1" timems="0.015" reason="satisfy allocation request" timestamp="2019-09-21T19:37:27.839" />
<gc-end id="949" type="global" contextid="941" durationms="46.130" usertimems="68.000" systemtimems="0.000" timestamp="2019-09-21T19:37:27.839" activeThreads="8">
  <mem-info id="950" free="1886560" total="12255232" percent="15">
    <mem type="tenure" free="1886560" total="12255232" percent="15">
      <mem type="soa" free="1764704" total="12133376" percent="14" />
      <mem type="loa" free="121856" total="121856" percent="100" />
    </mem>
    <pending-finalizers system="0" default="0" reference="8" classloader="0" />
  </mem-info>
</gc-end>
<cycle-end id="951" type="global" contextid="941" timestamp="2019-09-21T19:37:27.839" />
  <attribute name="elasticGC enabled" value="1" />
  <attribute name= "numThreadsSpecified" value="8" />
  <attribute name="heapSize specified" value="12189696" />
  <attribute name="Current GC Util" value="6" />
  <attribute name= "Current Time Running" value="4562" />
  <attribute name ="GC Interval" value="0" />
  <attribute name="Target GC Util Change" value ="40.000000" />
  <attribute name="Current GC Util Change" value="6.000000"/>
  <attribute name="Current Error" value="-255.000000" />
  <attribute name="Output H" value="12227392"/>
  <attribute name="Output I" value="1856"/>
  <attribute name="Output T" value="8"/>
  <attribute name= "Current Time Running" value="4562" />
  <attribute name="GC Util currently" value="6" />
  <attribute name="CPU Util currently" value="55042703527" />
<allocation-satisfied id="952" threadId="0000000001EBEA00" bytesRequested="56" />
<af-end id="953" timestamp="2019-09-21T19:37:27.840" threadId="0000000001EBF388" success="true" />
<exclusive-end id="954" timestamp="2019-09-21T19:37:27.840" durationms="46.844" />

<exclusive-start id="955" timestamp="2019-09-21T19:37:27.844" intervalms="51.052">
  <response-info timems="0.094" idlems="0.052" threads="2" lastid="0000000001EC2600" lastname="PmdThread 4" />
</exclusive-start>
<af-start id="956" threadId="0000000001EBF388" totalBytesRequested="56" timestamp="2019-09-21T19:37:27.844" intervalms="51.123" />
<cycle-start id="957" type="global" contextid="0" timestamp="2019-09-21T19:37:27.844" intervalms="51.159" />
<gc-start id="958" type="global" contextid="957" timestamp="2019-09-21T19:37:27.844">
  <mem-info id="959" free="121856" total="12255232" percent="0">
    <mem type="tenure" free="121856" total="12255232" percent="0">
      <mem type="soa" free="0" total="12133376" percent="0" />
      <mem type="loa" free="121856" total="121856" percent="100" />
    </mem>
  </mem-info>
</gc-start>
<allocation-stats totalBytes="1790528" >
  <allocated-bytes non-tlh="16392" tlh="1774136" />
  <largest-consumer threadName="PmdThread 6" threadId="0000000001EB4900" bytes="478944" />
</allocation-stats>
<gc-op id="960" type="mark" timems="3.423" contextid="957" timestamp="2019-09-21T19:37:27.848">
  <trace-info objectcount="235345" scancount="210163" scanbytes="6892772" />
  <finalization candidates="58" enqueued="0" />
  <ownableSynchronizers candidates="12" cleared="0" />
  <references type="soft" candidates="106" cleared="0" enqueued="0" dynamicThreshold="4" maxThreshold="32" />
  <references type="weak" candidates="932" cleared="41" enqueued="41" />
  <references type="phantom" candidates="116" cleared="1" enqueued="1" />
  <stringconstants candidates="4979" cleared="0"  />
</gc-op>
<gc-op id="961" type="sweep" timems="0.474" contextid="957" timestamp="2019-09-21T19:37:27.849" />
<mem-info id="962" free="1101320" total="12255232" percent="8">
  <mem type="tenure" free="1101320" total="12255232" percent="8" micro-fragmented="391770" macro-fragmented="0">
    <mem type="soa" free="979464" total="12133376" percent="8" />
    <mem type="loa" free="121856" total="121856" percent="100" />
  </mem>
  <pending-finalizers system="0" default="0" reference="42" classloader="0" />
</mem-info>
<gc-op id="963" type="compact" timems="42.073" contextid="957" timestamp="2019-09-21T19:37:27.891">
  <compact-info movecount="197003" movebytes="8241160" reason="compact to aid heap contraction" />
</gc-op>
<heap-resize id="964" type="expand" space="tenure" amount="65536" count="1" timems="0.017" reason="satisfy allocation request" timestamp="2019-09-21T19:37:27.891" />
<gc-end id="965" type="global" contextid="957" durationms="46.939" usertimems="68.000" systemtimems="0.000" timestamp="2019-09-21T19:37:27.891" activeThreads="8">
  <mem-info id="966" free="1622440" total="12320768" percent="13">
    <mem type="tenure" free="1622440" total="12320768" percent="13">
      <mem type="soa" free="1499560" total="12197888" percent="12" />
      <mem type="loa" free="122880" total="122880" percent="100" />
    </mem>
    <pending-finalizers system="0" default="0" reference="42" classloader="0" />
  </mem-info>
</gc-end>
<cycle-end id="967" type="global" contextid="957" timestamp="2019-09-21T19:37:27.892" />
  <attribute name="elasticGC enabled" value="1" />
  <attribute name= "numThreadsSpecified" value="8" />
  <attribute name="heapSize specified" value="12255232" />
  <attribute name="Current GC Util" value="4" />
  <attribute name= "Current Time Running" value="4614" />
  <attribute name ="GC Interval" value="0" />
  <attribute name="Target GC Util Change" value ="40.000000" />
  <attribute name="Current GC Util Change" value="4.000000"/>
  <attribute name="Current Error" value="36.000000" />
  <attribute name="Output H" value="12293096"/>
  <attribute name="Output I" value="2024"/>
  <attribute name="Output T" value="8"/>
  <attribute name= "Current Time Running" value="4614" />
  <attribute name="GC Util currently" value="4" />
  <attribute name="CPU Util currently" value="54576062121" />
<allocation-satisfied id="968" threadId="0000000001EBEA00" bytesRequested="56" />
<af-end id="969" timestamp="2019-09-21T19:37:27.892" threadId="0000000001EBF388" success="true" />
<exclusive-end id="970" timestamp="2019-09-21T19:37:27.892" durationms="47.852" />

<exclusive-start id="971" timestamp="2019-09-21T19:37:27.896" intervalms="52.307">
  <response-info timems="0.057" idlems="0.057" threads="0" lastid="0000000001EC2600" lastname="PmdThread 4" />
</exclusive-start>
<af-start id="972" threadId="0000000001EC2F88" totalBytesRequested="24" timestamp="2019-09-21T19:37:27.897" intervalms="52.320" />
<cycle-start id="973" type="global" contextid="0" timestamp="2019-09-21T19:37:27.897" intervalms="52.280" />
<gc-start id="974" type="global" contextid="973" timestamp="2019-09-21T19:37:27.897">
  <mem-info id="975" free="122880" total="12320768" percent="0">
    <mem type="tenure" free="122880" total="12320768" percent="0">
      <mem type="soa" free="0" total="12197888" percent="0" />
      <mem type="loa" free="122880" total="122880" percent="100" />
    </mem>
  </mem-info>
</gc-start>
<allocation-stats totalBytes="1522112" >
  <allocated-bytes non-tlh="32784" tlh="1489328" />
  <largest-consumer threadName="PmdThread 8" threadId="0000000001EB6000" bytes="515056" />
</allocation-stats>
<gc-op id="976" type="mark" timems="4.232" contextid="973" timestamp="2019-09-21T19:37:27.901">
  <trace-info objectcount="240655" scancount="215196" scanbytes="7071940" />
  <finalization candidates="58" enqueued="0" />
  <ownableSynchronizers candidates="12" cleared="0" />
  <references type="soft" candidates="106" cleared="1" enqueued="0" dynamicThreshold="4" maxThreshold="32" />
  <references type="weak" candidates="932" cleared="42" enqueued="42" />
  <references type="phantom" candidates="117" cleared="4" enqueued="4" />
  <stringconstants candidates="4979" cleared="0"  />
</gc-op>
<gc-op id="977" type="sweep" timems="0.935" contextid="973" timestamp="2019-09-21T19:37:27.902" />
<mem-info id="978" free="1162872" total="12320768" percent="9">
  <mem type="tenure" free="1162872" total="12320768" percent="9" micro-fragmented="160719" macro-fragmented="0">
    <mem type="soa" free="1039992" total="12197888" percent="8" />
    <mem type="loa" free="122880" total="122880" percent="100" />
  </mem>
  <pending-finalizers system="0" default="0" reference="46" classloader="0" />
</mem-info>
<gc-op id="979" type="compact" timems="45.161" contextid="973" timestamp="2019-09-21T19:37:27.948">
  <compact-info movecount="217344" movebytes="9368480" reason="compact to aid heap contraction" />
</gc-op>
<heap-resize id="980" type="expand" space="tenure" amount="65536" count="1" timems="0.018" reason="satisfy allocation request" timestamp="2019-09-21T19:37:27.948" />
<gc-end id="981" type="global" contextid="973" durationms="51.874" usertimems="64.000" systemtimems="4.000" timestamp="2019-09-21T19:37:27.949" activeThreads="8">
  <mem-info id="982" free="1442824" total="12386304" percent="11">
    <mem type="tenure" free="1442824" total="12386304" percent="11">
      <mem type="soa" free="1319944" total="12263424" percent="10" />
      <mem type="loa" free="122880" total="122880" percent="100" />
    </mem>
    <pending-finalizers system="0" default="0" reference="46" classloader="0" />
  </mem-info>
</gc-end>
<cycle-end id="983" type="global" contextid="973" timestamp="2019-09-21T19:37:27.949" />
  <attribute name="elasticGC enabled" value="1" />
  <attribute name= "numThreadsSpecified" value="8" />
  <attribute name="heapSize specified" value="12320768" />
  <attribute name="Current GC Util" value="96" />
  <attribute name= "Current Time Running" value="4670" />
  <attribute name ="GC Interval" value="0" />
  <attribute name="Target GC Util Change" value ="40.000000" />
  <attribute name="Current GC Util Change" value="96.000000"/>
  <attribute name="Current Error" value="-1158.000000" />
  <attribute name="Output H" value="12357944"/>
  <attribute name="Output I" value="1336"/>
  <attribute name="Output T" value="8"/>
  <attribute name= "Current Time Running" value="4670" />
  <attribute name="GC Util currently" value="96" />
  <attribute name="CPU Util currently" value="50880696246" />
<allocation-satisfied id="984" threadId="0000000001EC2600" bytesRequested="24" />
<af-end id="985" timestamp="2019-09-21T19:37:27.949" threadId="0000000001EC2F88" success="true" />
<exclusive-end id="986" timestamp="2019-09-21T19:37:27.949" durationms="52.724" />

<exclusive-start id="987" timestamp="2019-09-21T19:37:27.952" intervalms="55.722">
  <response-info timems="0.062" idlems="0.062" threads="0" lastid="0000000001EB3E00" lastname="PmdThread 5" />
</exclusive-start>
<af-start id="988" threadId="0000000001EB4788" totalBytesRequested="16392" timestamp="2019-09-21T19:37:27.952" intervalms="55.701" />
<cycle-start id="989" type="global" contextid="0" timestamp="2019-09-21T19:37:27.952" intervalms="55.736" />
<gc-start id="990" type="global" contextid="989" timestamp="2019-09-21T19:37:27.952">
  <mem-info id="991" free="122880" total="12386304" percent="0">
    <mem type="tenure" free="122880" total="12386304" percent="0">
      <mem type="soa" free="0" total="12263424" percent="0" />
      <mem type="loa" free="122880" total="122880" percent="100" />
    </mem>
  </mem-info>
</gc-start>
<allocation-stats totalBytes="1332256" >
  <allocated-bytes non-tlh="0" tlh="1332256" />
  <largest-consumer threadName="PmdThread 4" threadId="0000000001EC2600" bytes="469808" />
</allocation-stats>
<gc-op id="992" type="mark" timems="3.355" contextid="989" timestamp="2019-09-21T19:37:27.956">
  <trace-info objectcount="216800" scancount="193271" scanbytes="6302344" />
  <finalization candidates="58" enqueued="0" />
  <ownableSynchronizers candidates="12" cleared="0" />
  <references type="soft" candidates="106" cleared="1" enqueued="0" dynamicThreshold="3" maxThreshold="32" />
  <references type="weak" candidates="951" cleared="61" enqueued="61" />
  <references type="phantom" candidates="115" cleared="1" enqueued="1" />
  <stringconstants candidates="4979" cleared="0"  />
</gc-op>
<gc-op id="993" type="sweep" timems="0.342" contextid="989" timestamp="2019-09-21T19:37:27.956" />
<mem-info id="994" free="2483536" total="12386304" percent="20">
  <mem type="tenure" free="2483536" total="12386304" percent="20" micro-fragmented="154903" macro-fragmented="0">
    <mem type="soa" free="2360656" total="12263424" percent="19" />
    <mem type="loa" free="122880" total="122880" percent="100" />
  </mem>
  <pending-finalizers system="0" default="0" reference="62" classloader="0" />
</mem-info>
<gc-op id="995" type="compact" timems="38.345" contextid="989" timestamp="2019-09-21T19:37:27.995">
  <compact-info movecount="184082" movebytes="7539832" reason="compact to aid heap contraction" />
</gc-op>
<heap-resize id="996" type="expand" space="tenure" amount="65536" count="1" timems="0.017" reason="satisfy allocation request" timestamp="2019-09-21T19:37:27.995" />
<gc-end id="997" type="global" contextid="989" durationms="43.008" usertimems="56.000" systemtimems="0.000" timestamp="2019-09-21T19:37:27.995" activeThreads="8">
  <mem-info id="998" free="2674176" total="12451840" percent="21">
    <mem type="tenure" free="2674176" total="12451840" percent="21">
      <mem type="soa" free="2550272" total="12327936" percent="20" />
      <mem type="loa" free="123904" total="123904" percent="100" />
    </mem>
    <pending-finalizers system="0" default="0" reference="62" classloader="0" />
  </mem-info>
</gc-end>
<cycle-end id="999" type="global" contextid="989" timestamp="2019-09-21T19:37:27.996" />
  <attribute name="elasticGC enabled" value="1" />
  <attribute name= "numThreadsSpecified" value="8" />
  <attribute name="heapSize specified" value="12386304" />
  <attribute name="Current GC Util" value="7" />
  <attribute name= "Current Time Running" value="4718" />
  <attribute name ="GC Interval" value="0" />
  <attribute name="Target GC Util Change" value ="40.000000" />
  <attribute name="Current GC Util Change" value="7.000000"/>
  <attribute name="Current Error" value="-241.000000" />
  <attribute name="Output H" value="12424008"/>
  <attribute name="Output I" value="1864"/>
  <attribute name="Output T" value="8"/>
  <attribute name= "Current Time Running" value="4718" />
  <attribute name="GC Util currently" value="7" />
  <attribute name="CPU Util currently" value="59860290405" />
<allocation-satisfied id="1000" threadId="0000000001EB3E00" bytesRequested="16392" />
<af-end id="1001" timestamp="2019-09-21T19:37:27.996" threadId="0000000001EB4788" success="true" />
<exclusive-end id="1002" timestamp="2019-09-21T19:37:27.996" durationms="43.845" />

<exclusive-start id="1003" timestamp="2019-09-21T19:37:28.008" intervalms="56.238">
  <response-info timems="0.705" idlems="0.483" threads="3" lastid="0000000001EB4900" lastname="PmdThread 6" />
</exclusive-start>
<af-start id="1004" threadId="0000000001EC2F88" totalBytesRequested="88" timestamp="2019-09-21T19:37:28.008" intervalms="56.214" />
<cycle-start id="1005" type="global" contextid="0" timestamp="2019-09-21T19:37:28.009" intervalms="56.200" />
<gc-start id="1006" type="global" contextid="1005" timestamp="2019-09-21T19:37:28.009">
  <mem-info id="1007" free="123904" total="12451840" percent="0">
    <mem type="tenure" free="123904" total="12451840" percent="0">
      <mem type="soa" free="0" total="12327936" percent="0" />
      <mem type="loa" free="123904" total="123904" percent="100" />
    </mem>
  </mem-info>
</gc-start>
<allocation-stats totalBytes="2564640" >
  <allocated-bytes non-tlh="16392" tlh="2548248" />
  <largest-consumer threadName="PmdThread 2" threadId="0000000001EB6E00" bytes="1087840" />
</allocation-stats>
<gc-op id="1008" type="mark" timems="4.924" contextid="1005" timestamp="2019-09-21T19:37:28.014">
  <trace-info objectcount="221810" scancount="197944" scanbytes="6470404" />
  <finalization candidates="58" enqueued="0" />
  <ownableSynchronizers candidates="12" cleared="0" />
  <references type="soft" candidates="106" cleared="0" enqueued="0" dynamicThreshold="6" maxThreshold="32" />
  <references type="weak" candidates="920" cleared="28" enqueued="28" />
  <references type="phantom" candidates="116" cleared="2" enqueued="2" />
  <stringconstants candidates="4979" cleared="0"  />
</gc-op>
<gc-op id="1009" type="sweep" timems="0.787" contextid="1005" timestamp="2019-09-21T19:37:28.015" />
<mem-info id="1010" free="2128808" total="12451840" percent="17">
  <mem type="tenure" free="2128808" total="12451840" percent="17" micro-fragmented="260156" macro-fragmented="0">
    <mem type="soa" free="2004904" total="12327936" percent="16" />
    <mem type="loa" free="123904" total="123904" percent="100" />
  </mem>
  <pending-finalizers system="0" default="0" reference="30" classloader="0" />
</mem-info>
<gc-op id="1011" type="compact" timems="43.501" contextid="1005" timestamp="2019-09-21T19:37:28.058">
  <compact-info movecount="205215" movebytes="9101704" reason="compact to aid heap contraction" />
</gc-op>
<heap-resize id="1012" type="expand" space="tenure" amount="65536" count="1" timems="0.019" reason="satisfy allocation request" timestamp="2019-09-21T19:37:28.059" />
<gc-end id="1013" type="global" contextid="1005" durationms="50.263" usertimems="64.000" systemtimems="4.000" timestamp="2019-09-21T19:37:28.059" activeThreads="8">
  <mem-info id="1014" free="2548496" total="12517376" percent="20">
    <mem type="tenure" free="2548496" total="12517376" percent="20">
      <mem type="soa" free="2423568" total="12392448" percent="19" />
      <mem type="loa" free="124928" total="124928" percent="100" />
    </mem>
    <pending-finalizers system="0" default="0" reference="30" classloader="0" />
  </mem-info>
</gc-end>
<cycle-end id="1015" type="global" contextid="1005" timestamp="2019-09-21T19:37:28.059" />
  <attribute name="elasticGC enabled" value="1" />
  <attribute name= "numThreadsSpecified" value="8" />
  <attribute name="heapSize specified" value="12451840" />
  <attribute name="Current GC Util" value="21" />
  <attribute name= "Current Time Running" value="4781" />
  <attribute name ="GC Interval" value="0" />
  <attribute name="Target GC Util Change" value ="40.000000" />
  <attribute name="Current GC Util Change" value="21.000000"/>
  <attribute name="Current Error" value="19.000000" />
  <attribute name="Output H" value="12489696"/>
  <attribute name="Output I" value="2016"/>
  <attribute name="Output T" value="8"/>
  <attribute name= "Current Time Running" value="4781" />
  <attribute name="GC Util currently" value="21" />
  <attribute name="CPU Util currently" value="52747204468" />
<allocation-satisfied id="1016" threadId="0000000001EC2600" bytesRequested="88" />
<af-end id="1017" timestamp="2019-09-21T19:37:28.059" threadId="0000000001EC2F88" success="true" />
<exclusive-end id="1018" timestamp="2019-09-21T19:37:28.059" durationms="51.171" />

<exclusive-start id="1019" timestamp="2019-09-21T19:37:28.073" intervalms="64.960">
  <response-info timems="0.234" idlems="0.124" threads="2" lastid="0000000001B9F200" lastname="JIT Compilation Thread-1" />
</exclusive-start>
<af-start id="1020" threadId="0000000001EB6988" totalBytesRequested="56" timestamp="2019-09-21T19:37:28.073" intervalms="64.966" />
<cycle-start id="1021" type="global" contextid="0" timestamp="2019-09-21T19:37:28.073" intervalms="64.956" />
<gc-start id="1022" type="global" contextid="1021" timestamp="2019-09-21T19:37:28.074">
  <mem-info id="1023" free="124928" total="12517376" percent="0">
    <mem type="tenure" free="124928" total="12517376" percent="0">
      <mem type="soa" free="0" total="12392448" percent="0" />
      <mem type="loa" free="124928" total="124928" percent="100" />
    </mem>
  </mem-info>
</gc-start>
<allocation-stats totalBytes="2421536" >
  <allocated-bytes non-tlh="18688" tlh="2402848" />
  <largest-consumer threadName="PmdThread 3" threadId="0000000001EBEA00" bytes="1100728" />
</allocation-stats>
<gc-op id="1024" type="mark" timems="4.839" contextid="1021" timestamp="2019-09-21T19:37:28.079">
  <trace-info objectcount="222138" scancount="198612" scanbytes="6489548" />
  <finalization candidates="58" enqueued="0" />
  <ownableSynchronizers candidates="12" cleared="0" />
  <references type="soft" candidates="107" cleared="0" enqueued="0" dynamicThreshold="6" maxThreshold="32" />
  <references type="weak" candidates="954" cleared="62" enqueued="62" />
  <references type="phantom" candidates="119" cleared="4" enqueued="4" />
  <stringconstants candidates="4998" cleared="0"  />
</gc-op>
<gc-op id="1025" type="sweep" timems="0.906" contextid="1021" timestamp="2019-09-21T19:37:28.080" />
<mem-info id="1026" free="2258640" total="12517376" percent="18">
  <mem type="tenure" free="2258640" total="12517376" percent="18" micro-fragmented="235229" macro-fragmented="0">
    <mem type="soa" free="2133712" total="12392448" percent="17" />
    <mem type="loa" free="124928" total="124928" percent="100" />
  </mem>
  <pending-finalizers system="0" default="0" reference="66" classloader="0" />
</mem-info>
<gc-op id="1027" type="compact" timems="40.082" contextid="1021" timestamp="2019-09-21T19:37:28.120">
  <compact-info movecount="189827" movebytes="7769760" reason="compact to aid heap contraction" />
</gc-op>
<heap-resize id="1028" type="expand" space="tenure" amount="65536" count="1" timems="0.018" reason="satisfy allocation request" timestamp="2019-09-21T19:37:28.120" />
<gc-end id="1029" type="global" contextid="1021" durationms="46.955" usertimems="64.000" systemtimems="4.000" timestamp="2019-09-21T19:37:28.120" activeThreads="8">
  <mem-info id="1030" free="2608456" total="12582912" percent="20">
    <mem type="tenure" free="2608456" total="12582912" percent="20">
      <mem type="soa" free="2483528" total="12457984" percent="19" />
      <mem type="loa" free="124928" total="124928" percent="100" />
    </mem>
    <pending-finalizers system="0" default="0" reference="66" classloader="0" />
  </mem-info>
</gc-end>
<cycle-end id="1031" type="global" contextid="1021" timestamp="2019-09-21T19:37:28.121" />
  <attribute name="elasticGC enabled" value="1" />
  <attribute name= "numThreadsSpecified" value="8" />
  <attribute name="heapSize specified" value="12517376" />
  <attribute name="Current GC Util" value="105" />
  <attribute name= "Current Time Running" value="4843" />
  <attribute name ="GC Interval" value="0" />
  <attribute name="Target GC Util Change" value ="40.000000" />
  <attribute name="Current GC Util Change" value="105.000000"/>
  <attribute name="Current Error" value="-650.000000" />
  <attribute name="Output H" value="12554848"/>
  <attribute name="Output I" value="1632"/>
  <attribute name="Output T" value="8"/>
  <attribute name= "Current Time Running" value="4843" />
  <attribute name="GC Util currently" value="105" />
  <attribute name="CPU Util currently" value="57214052792" />
<allocation-satisfied id="1032" threadId="0000000001EB6000" bytesRequested="56" />
<af-end id="1033" timestamp="2019-09-21T19:37:28.121" threadId="0000000001EB6988" success="true" />
<exclusive-end id="1034" timestamp="2019-09-21T19:37:28.121" durationms="47.776" />

<exclusive-start id="1035" timestamp="2019-09-21T19:37:28.125" intervalms="51.836">
  <response-info timems="0.300" idlems="0.173" threads="2" lastid="0000000001EBEA00" lastname="PmdThread 3" />
</exclusive-start>
<af-start id="1036" threadId="0000000001EB5288" totalBytesRequested="40" timestamp="2019-09-21T19:37:28.125" intervalms="51.807" />
<cycle-start id="1037" type="global" contextid="0" timestamp="2019-09-21T19:37:28.125" intervalms="51.779" />
<gc-start id="1038" type="global" contextid="1037" timestamp="2019-09-21T19:37:28.125">
  <mem-info id="1039" free="124928" total="12582912" percent="0">
    <mem type="tenure" free="124928" total="12582912" percent="0">
      <mem type="soa" free="0" total="12457984" percent="0" />
      <mem type="loa" free="124928" total="124928" percent="100" />
    </mem>
  </mem-info>
</gc-start>
<allocation-stats totalBytes="2479824" >
  <allocated-bytes non-tlh="65576" tlh="2414248" />
  <largest-consumer threadName="PmdThread 1" threadId="0000000001EB3200" bytes="663344" />
</allocation-stats>
<gc-op id="1040" type="mark" timems="5.203" contextid="1037" timestamp="2019-09-21T19:37:28.131">
  <trace-info objectcount="228348" scancount="204429" scanbytes="6700524" />
  <finalization candidates="58" enqueued="0" />
  <ownableSynchronizers candidates="12" cleared="0" />
  <references type="soft" candidates="107" cleared="0" enqueued="0" dynamicThreshold="6" maxThreshold="32" />
  <references type="weak" candidates="938" cleared="46" enqueued="46" />
  <references type="phantom" candidates="116" cleared="0" enqueued="0" />
  <stringconstants candidates="4998" cleared="0"  />
</gc-op>
<gc-op id="1041" type="sweep" timems="1.761" contextid="1037" timestamp="2019-09-21T19:37:28.132" />
<mem-info id="1042" free="1990808" total="12582912" percent="15">
  <mem type="tenure" free="1990808" total="12582912" percent="15" micro-fragmented="260298" macro-fragmented="0">
    <mem type="soa" free="1865880" total="12457984" percent="14" />
    <mem type="loa" free="124928" total="124928" percent="100" />
  </mem>
  <pending-finalizers system="0" default="0" reference="46" classloader="0" />
</mem-info>
<gc-op id="1043" type="compact" timems="44.936" contextid="1037" timestamp="2019-09-21T19:37:28.178">
  <compact-info movecount="204965" movebytes="8606008" reason="compact to aid heap contraction" />
</gc-op>
<heap-resize id="1044" type="expand" space="tenure" amount="65536" count="1" timems="0.019" reason="satisfy allocation request" timestamp="2019-09-21T19:37:28.178" />
<gc-end id="1045" type="global" contextid="1037" durationms="53.250" usertimems="56.000" systemtimems="16.000" timestamp="2019-09-21T19:37:28.179" activeThreads="8">
  <mem-info id="1046" free="2466992" total="12648448" percent="19">
    <mem type="tenure" free="2466992" total="12648448" percent="19">
      <mem type="soa" free="2341040" total="12522496" percent="18" />
      <mem type="loa" free="125952" total="125952" percent="100" />
    </mem>
    <pending-finalizers system="0" default="0" reference="46" classloader="0" />
  </mem-info>
</gc-end>
<cycle-end id="1047" type="global" contextid="1037" timestamp="2019-09-21T19:37:28.179" />
  <attribute name="elasticGC enabled" value="1" />
  <attribute name= "numThreadsSpecified" value="8" />
  <attribute name="heapSize specified" value="12582912" />
  <attribute name="Current GC Util" value="19" />
  <attribute name= "Current Time Running" value="4900" />
  <attribute name ="GC Interval" value="0" />
  <attribute name="Target GC Util Change" value ="40.000000" />
  <attribute name="Current GC Util Change" value="19.000000"/>
  <attribute name="Current Error" value="-399.000000" />
  <attribute name="Output H" value="12620528"/>
  <attribute name="Output I" value="1776"/>
  <attribute name="Output T" value="8"/>
  <attribute name= "Current Time Running" value="4900" />
  <attribute name="GC Util currently" value="19" />
  <attribute name="CPU Util currently" value="51050112916" />
<allocation-satisfied id="1048" threadId="0000000001EB4900" bytesRequested="40" />
<af-end id="1049" timestamp="2019-09-21T19:37:28.179" threadId="0000000001EB5288" success="true" />
<exclusive-end id="1050" timestamp="2019-09-21T19:37:28.179" durationms="54.058" />

<exclusive-start id="1051" timestamp="2019-09-21T19:37:28.186" intervalms="61.320">
  <response-info timems="0.073" idlems="0.040" threads="1" lastid="0000000001BA2E00" lastname="JIT Compilation Thread-2" />
</exclusive-start>
<af-start id="1052" threadId="0000000001EB7788" totalBytesRequested="8200" timestamp="2019-09-21T19:37:28.187" intervalms="61.318" />
<cycle-start id="1053" type="global" contextid="0" timestamp="2019-09-21T19:37:28.187" intervalms="61.342" />
<gc-start id="1054" type="global" contextid="1053" timestamp="2019-09-21T19:37:28.187">
  <mem-info id="1055" free="125952" total="12648448" percent="0">
    <mem type="tenure" free="125952" total="12648448" percent="0">
      <mem type="soa" free="0" total="12522496" percent="0" />
      <mem type="loa" free="125952" total="125952" percent="100" />
    </mem>
  </mem-info>
</gc-start>
<allocation-stats totalBytes="2362088" >
  <allocated-bytes non-tlh="16576" tlh="2345512" />
  <largest-consumer threadName="PmdThread 8" threadId="0000000001EB6000" bytes="1400536" />
</allocation-stats>
<gc-op id="1056" type="mark" timems="4.595" contextid="1053" timestamp="2019-09-21T19:37:28.191">
  <trace-info objectcount="234030" scancount="209323" scanbytes="6886532" />
  <finalization candidates="58" enqueued="0" />
  <ownableSynchronizers candidates="12" cleared="0" />
  <references type="soft" candidates="107" cleared="0" enqueued="0" dynamicThreshold="6" maxThreshold="32" />
  <references type="weak" candidates="900" cleared="8" enqueued="8" />
  <references type="phantom" candidates="118" cleared="2" enqueued="2" />
  <stringconstants candidates="4999" cleared="0"  />
</gc-op>
<gc-op id="1057" type="sweep" timems="0.640" contextid="1053" timestamp="2019-09-21T19:37:28.192" />
<mem-info id="1058" free="1453072" total="12648448" percent="11">
  <mem type="tenure" free="1453072" total="12648448" percent="11" micro-fragmented="588699" macro-fragmented="0">
    <mem type="soa" free="1327120" total="12522496" percent="10" />
    <mem type="loa" free="125952" total="125952" percent="100" />
  </mem>
  <pending-finalizers system="0" default="0" reference="10" classloader="0" />
</mem-info>
<gc-op id="1059" type="compact" timems="40.700" contextid="1053" timestamp="2019-09-21T19:37:28.233">
  <compact-info movecount="195640" movebytes="8010824" reason="compact to aid heap contraction" />
</gc-op>
<heap-resize id="1060" type="expand" space="tenure" amount="65536" count="1" timems="0.018" reason="satisfy allocation request" timestamp="2019-09-21T19:37:28.234" />
<gc-end id="1061" type="global" contextid="1053" durationms="46.921" usertimems="64.000" systemtimems="8.000" timestamp="2019-09-21T19:37:28.234" activeThreads="8">
  <mem-info id="1062" free="2248304" total="12713984" percent="17">
    <mem type="tenure" free="2248304" total="12713984" percent="17">
      <mem type="soa" free="2121328" total="12587008" percent="16" />
      <mem type="loa" free="126976" total="126976" percent="100" />
    </mem>
    <pending-finalizers system="0" default="0" reference="10" classloader="0" />
  </mem-info>
</gc-end>
<cycle-end id="1063" type="global" contextid="1053" timestamp="2019-09-21T19:37:28.234" />
  <attribute name="elasticGC enabled" value="1" />
  <attribute name= "numThreadsSpecified" value="8" />
  <attribute name="heapSize specified" value="12648448" />
  <attribute name="Current GC Util" value="7" />
  <attribute name= "Current Time Running" value="4956" />
  <attribute name ="GC Interval" value="0" />
  <attribute name="Target GC Util Change" value ="40.000000" />
  <attribute name="Current GC Util Change" value="7.000000"/>
  <attribute name="Current Error" value="33.000000" />
  <attribute name="Output H" value="12686312"/>
  <attribute name="Output I" value="2024"/>
  <attribute name="Output T" value="8"/>
  <attribute name= "Current Time Running" value="4956" />
  <attribute name="GC Util currently" value="7" />
  <attribute name="CPU Util currently" value="56362456339" />
<allocation-satisfied id="1064" threadId="0000000001EB6E00" bytesRequested="8200" />
<af-end id="1065" timestamp="2019-09-21T19:37:28.234" threadId="0000000001EB7788" success="true" />
<exclusive-end id="1066" timestamp="2019-09-21T19:37:28.234" durationms="47.641" />

<exclusive-start id="1067" timestamp="2019-09-21T19:37:28.242" intervalms="55.411">
  <response-info timems="0.350" idlems="0.142" threads="2" lastid="0000000001EB6E00" lastname="PmdThread 2" />
</exclusive-start>
<af-start id="1068" threadId="0000000001EB5E88" totalBytesRequested="88" timestamp="2019-09-21T19:37:28.242" intervalms="55.446" />
<cycle-start id="1069" type="global" contextid="0" timestamp="2019-09-21T19:37:28.242" intervalms="55.459" />
<gc-start id="1070" type="global" contextid="1069" timestamp="2019-09-21T19:37:28.242">
  <mem-info id="1071" free="126976" total="12713984" percent="0">
    <mem type="tenure" free="126976" total="12713984" percent="0">
      <mem type="soa" free="0" total="12587008" percent="0" />
      <mem type="loa" free="126976" total="126976" percent="100" />
    </mem>
  </mem-info>
</gc-start>
<allocation-stats totalBytes="2105448" >
  <allocated-bytes non-tlh="17960" tlh="2087488" />
  <largest-consumer threadName="PmdThread 7" threadId="0000000001EB5500" bytes="552008" />
</allocation-stats>
<gc-op id="1072" type="mark" timems="4.113" contextid="1069" timestamp="2019-09-21T19:37:28.246">
  <trace-info objectcount="241847" scancount="216427" scanbytes="7137644" />
  <finalization candidates="58" enqueued="0" />
  <ownableSynchronizers candidates="12" cleared="0" />
  <references type="soft" candidates="108" cleared="0" enqueued="0" dynamicThreshold="5" maxThreshold="32" />
  <references type="weak" candidates="921" cleared="29" enqueued="29" />
  <references type="phantom" candidates="120" cleared="5" enqueued="5" />
  <stringconstants candidates="5008" cleared="0"  />
</gc-op>
<gc-op id="1073" type="sweep" timems="0.447" contextid="1069" timestamp="2019-09-21T19:37:28.247" />
<mem-info id="1074" free="1578328" total="12713984" percent="12">
  <mem type="tenure" free="1578328" total="12713984" percent="12" micro-fragmented="297679" macro-fragmented="0">
    <mem type="soa" free="1451352" total="12587008" percent="11" />
    <mem type="loa" free="126976" total="126976" percent="100" />
  </mem>
  <pending-finalizers system="0" default="0" reference="34" classloader="0" />
</mem-info>
<gc-op id="1075" type="compact" timems="44.626" contextid="1069" timestamp="2019-09-21T19:37:28.292">
  <compact-info movecount="217198" movebytes="9169696" reason="compact to aid heap contraction" />
</gc-op>
<heap-resize id="1076" type="expand" space="tenure" amount="65536" count="1" timems="0.019" reason="satisfy allocation request" timestamp="2019-09-21T19:37:28.292" />
<gc-end id="1077" type="global" contextid="1069" durationms="50.222" usertimems="60.000" systemtimems="4.000" timestamp="2019-09-21T19:37:28.292" activeThreads="8">
  <mem-info id="1078" free="1999992" total="12779520" percent="15">
    <mem type="tenure" free="1999992" total="12779520" percent="15">
      <mem type="soa" free="1873016" total="12652544" percent="14" />
      <mem type="loa" free="126976" total="126976" percent="100" />
    </mem>
    <pending-finalizers system="0" default="0" reference="34" classloader="0" />
  </mem-info>
</gc-end>
<cycle-end id="1079" type="global" contextid="1069" timestamp="2019-09-21T19:37:28.293" />
  <attribute name="elasticGC enabled" value="1" />
  <attribute name= "numThreadsSpecified" value="8" />
  <attribute name="heapSize specified" value="12713984" />
  <attribute name="Current GC Util" value="94" />
  <attribute name= "Current Time Running" value="5015" />
  <attribute name ="GC Interval" value="0" />
  <attribute name="Target GC Util Change" value ="40.000000" />
  <attribute name="Current GC Util Change" value="94.000000"/>
  <attribute name="Current Error" value="-762.000000" />
  <attribute name="Output H" value="12751392"/>
  <attribute name="Output I" value="1568"/>
  <attribute name="Output T" value="8"/>
  <attribute name= "Current Time Running" value="5015" />
  <attribute name="GC Util currently" value="94" />
  <attribute name="CPU Util currently" value="51402833015" />
<allocation-satisfied id="1080" threadId="0000000001EB5500" bytesRequested="88" />
<af-end id="1081" timestamp="2019-09-21T19:37:28.293" threadId="0000000001EB5E88" success="true" />
<exclusive-end id="1082" timestamp="2019-09-21T19:37:28.293" durationms="51.058" />

<exclusive-start id="1083" timestamp="2019-09-21T19:37:28.302" intervalms="59.899">
  <response-info timems="0.163" idlems="0.085" threads="2" lastid="0000000001EB5500" lastname="PmdThread 7" />
</exclusive-start>
<af-start id="1084" threadId="0000000001EBF388" totalBytesRequested="32" timestamp="2019-09-21T19:37:28.302" intervalms="59.865" />
<cycle-start id="1085" type="global" contextid="0" timestamp="2019-09-21T19:37:28.302" intervalms="59.828" />
<gc-start id="1086" type="global" contextid="1085" timestamp="2019-09-21T19:37:28.302">
  <mem-info id="1087" free="126976" total="12779520" percent="0">
    <mem type="tenure" free="126976" total="12779520" percent="0">
      <mem type="soa" free="0" total="12652544" percent="0" />
      <mem type="loa" free="126976" total="126976" percent="100" />
    </mem>
  </mem-info>
</gc-start>
<allocation-stats totalBytes="1870872" >
  <allocated-bytes non-tlh="384" tlh="1870488" />
  <largest-consumer threadName="PmdThread 8" threadId="0000000001EB6000" bytes="810824" />
</allocation-stats>
<gc-op id="1088" type="mark" timems="4.553" contextid="1085" timestamp="2019-09-21T19:37:28.307">
  <trace-info objectcount="252492" scancount="226392" scanbytes="7491624" />
  <finalization candidates="58" enqueued="0" />
  <ownableSynchronizers candidates="12" cleared="0" />
  <references type="soft" candidates="108" cleared="0" enqueued="0" dynamicThreshold="5" maxThreshold="32" />
  <references type="weak" candidates="958" cleared="66" enqueued="66" />
  <references type="phantom" candidates="114" cleared="0" enqueued="0" />
  <stringconstants candidates="5010" cleared="0"  />
</gc-op>
<gc-op id="1089" type="sweep" timems="0.588" contextid="1085" timestamp="2019-09-21T19:37:28.307" />
<mem-info id="1090" free="1089376" total="12779520" percent="8">
  <mem type="tenure" free="1089376" total="12779520" percent="8" micro-fragmented="356495" macro-fragmented="0">
    <mem type="soa" free="962400" total="12652544" percent="7" />
    <mem type="loa" free="126976" total="126976" percent="100" />
  </mem>
  <pending-finalizers system="0" default="0" reference="66" classloader="0" />
</mem-info>
<gc-op id="1091" type="compact" timems="39.253" contextid="1085" timestamp="2019-09-21T19:37:28.347">
  <compact-info movecount="173713" movebytes="7633280" reason="compact to aid heap contraction" />
</gc-op>
<heap-resize id="1092" type="expand" space="tenure" amount="65536" count="1" timems="0.018" reason="satisfy allocation request" timestamp="2019-09-21T19:37:28.348" />
<gc-end id="1093" type="global" contextid="1085" durationms="46.104" usertimems="60.000" systemtimems="0.000" timestamp="2019-09-21T19:37:28.348" activeThreads="8">
  <mem-info id="1094" free="1668840" total="12845056" percent="12">
    <mem type="tenure" free="1668840" total="12845056" percent="12">
      <mem type="soa" free="1540840" total="12717056" percent="12" />
      <mem type="loa" free="128000" total="128000" percent="100" />
    </mem>
    <pending-finalizers system="0" default="0" reference="66" classloader="0" />
  </mem-info>
</gc-end>
<cycle-end id="1095" type="global" contextid="1085" timestamp="2019-09-21T19:37:28.348" />
  <attribute name="elasticGC enabled" value="1" />
  <attribute name= "numThreadsSpecified" value="8" />
  <attribute name="heapSize specified" value="12779520" />
  <attribute name="Current GC Util" value="93" />
  <attribute name= "Current Time Running" value="5070" />
  <attribute name ="GC Interval" value="0" />
  <attribute name="Target GC Util Change" value ="40.000000" />
  <attribute name="Current GC Util Change" value="93.000000"/>
  <attribute name="Current Error" value="-261.000000" />
  <attribute name="Output H" value="12817216"/>
  <attribute name="Output I" value="1856"/>
  <attribute name="Output T" value="8"/>
  <attribute name= "Current Time Running" value="5070" />
  <attribute name="GC Util currently" value="93" />
  <attribute name="CPU Util currently" value="58375564850" />
<allocation-satisfied id="1096" threadId="0000000001EBEA00" bytesRequested="32" />
<af-end id="1097" timestamp="2019-09-21T19:37:28.349" threadId="0000000001EBF388" success="true" />
<exclusive-end id="1098" timestamp="2019-09-21T19:37:28.349" durationms="46.953" />

<exclusive-start id="1099" timestamp="2019-09-21T19:37:28.360" intervalms="57.816">
  <response-info timems="0.534" idlems="0.341" threads="2" lastid="0000000001EB6E00" lastname="PmdThread 2" />
</exclusive-start>
<af-start id="1100" threadId="0000000001EB5288" totalBytesRequested="40" timestamp="2019-09-21T19:37:28.360" intervalms="57.836" />
<cycle-start id="1101" type="global" contextid="0" timestamp="2019-09-21T19:37:28.360" intervalms="57.873" />
<gc-start id="1102" type="global" contextid="1101" timestamp="2019-09-21T19:37:28.360">
  <mem-info id="1103" free="128000" total="12845056" percent="0">
    <mem type="tenure" free="128000" total="12845056" percent="0">
      <mem type="soa" free="0" total="12717056" percent="0" />
      <mem type="loa" free="128000" total="128000" percent="100" />
    </mem>
  </mem-info>
</gc-start>
<allocation-stats totalBytes="1564888" >
  <allocated-bytes non-tlh="41344" tlh="1523544" />
  <largest-consumer threadName="PmdThread 6" threadId="0000000001EB4900" bytes="1286184" />
</allocation-stats>
<gc-op id="1104" type="mark" timems="5.113" contextid="1101" timestamp="2019-09-21T19:37:28.365">
  <trace-info objectcount="263038" scancount="236180" scanbytes="7845876" />
  <finalization candidates="58" enqueued="0" />
  <ownableSynchronizers candidates="12" cleared="0" />
  <references type="soft" candidates="108" cleared="2" enqueued="0" dynamicThreshold="4" maxThreshold="32" />
  <references type="weak" candidates="896" cleared="3" enqueued="3" />
  <references type="phantom" candidates="115" cleared="1" enqueued="1" />
  <stringconstants candidates="5012" cleared="0"  />
</gc-op>
<gc-op id="1105" type="sweep" timems="0.423" contextid="1101" timestamp="2019-09-21T19:37:28.366" />
<mem-info id="1106" free="760064" total="12845056" percent="5">
  <mem type="tenure" free="760064" total="12845056" percent="5" micro-fragmented="256324" macro-fragmented="0">
    <mem type="soa" free="632064" total="12717056" percent="4" />
    <mem type="loa" free="128000" total="128000" percent="100" />
  </mem>
  <pending-finalizers system="0" default="0" reference="4" classloader="0" />
</mem-info>
<gc-op id="1107" type="compact" timems="45.845" contextid="1101" timestamp="2019-09-21T19:37:28.412">
  <compact-info movecount="224151" movebytes="9131712" reason="compact to aid heap contraction" />
</gc-op>
<heap-resize id="1108" type="expand" space="tenure" amount="65536" count="1" timems="0.020" reason="satisfy allocation request" timestamp="2019-09-21T19:37:28.412" />
<gc-end id="1109" type="global" contextid="1101" durationms="52.654" usertimems="64.000" systemtimems="0.000" timestamp="2019-09-21T19:37:28.413" activeThreads="8">
  <mem-info id="1110" free="1271704" total="12910592" percent="9">
    <mem type="tenure" free="1271704" total="12910592" percent="9">
      <mem type="soa" free="1142680" total="12781568" percent="8" />
      <mem type="loa" free="129024" total="129024" percent="100" />
    </mem>
    <pending-finalizers system="0" default="0" reference="4" classloader="0" />
  </mem-info>
</gc-end>
<cycle-end id="1111" type="global" contextid="1101" timestamp="2019-09-21T19:37:28.413" />
  <attribute name="elasticGC enabled" value="1" />
  <attribute name= "numThreadsSpecified" value="8" />
  <attribute name="heapSize specified" value="12845056" />
  <attribute name="Current GC Util" value="4" />
  <attribute name= "Current Time Running" value="5135" />
  <attribute name ="GC Interval" value="0" />
  <attribute name="Target GC Util Change" value ="40.000000" />
  <attribute name="Current GC Util Change" value="4.000000"/>
  <attribute name="Current Error" value="36.000000" />
  <attribute name="Output H" value="12882920"/>
  <attribute name="Output I" value="2024"/>
  <attribute name="Output T" value="8"/>
  <attribute name= "Current Time Running" value="5135" />
  <attribute name="GC Util currently" value="4" />
  <attribute name="CPU Util currently" value="50069844884" />
<allocation-satisfied id="1112" threadId="0000000001EB4900" bytesRequested="40" />
<af-end id="1113" timestamp="2019-09-21T19:37:28.413" threadId="0000000001EB5288" success="true" />
<exclusive-end id="1114" timestamp="2019-09-21T19:37:28.413" durationms="53.565" />

<exclusive-start id="1115" timestamp="2019-09-21T19:37:28.419" intervalms="59.292">
  <response-info timems="0.089" idlems="0.089" threads="0" lastid="0000000001EB3200" lastname="PmdThread 1" />
</exclusive-start>
<af-start id="1116" threadId="0000000001EB3B88" totalBytesRequested="24" timestamp="2019-09-21T19:37:28.419" intervalms="59.284" />
<cycle-start id="1117" type="global" contextid="0" timestamp="2019-09-21T19:37:28.419" intervalms="59.265" />
<gc-start id="1118" type="global" contextid="1117" timestamp="2019-09-21T19:37:28.419">
  <mem-info id="1119" free="129024" total="12910592" percent="0">
    <mem type="tenure" free="129024" total="12910592" percent="0">
      <mem type="soa" free="0" total="12781568" percent="0" />
      <mem type="loa" free="129024" total="129024" percent="100" />
    </mem>
  </mem-info>
</gc-start>
<allocation-stats totalBytes="1198200" >
  <allocated-bytes non-tlh="17952" tlh="1180248" />
  <largest-consumer threadName="PmdThread 2" threadId="0000000001EB6E00" bytes="606464" />
</allocation-stats>
<gc-op id="1120" type="mark" timems="5.780" contextid="1117" timestamp="2019-09-21T19:37:28.425">
  <trace-info objectcount="265382" scancount="238266" scanbytes="7914752" />
  <finalization candidates="58" enqueued="0" />
  <ownableSynchronizers candidates="12" cleared="0" />
  <references type="soft" candidates="106" cleared="2" enqueued="0" dynamicThreshold="3" maxThreshold="32" />
  <references type="weak" candidates="961" cleared="69" enqueued="69" />
  <references type="phantom" candidates="116" cleared="3" enqueued="3" />
  <stringconstants candidates="5021" cleared="0"  />
</gc-op>
<gc-op id="1121" type="sweep" timems="0.568" contextid="1117" timestamp="2019-09-21T19:37:28.426" />
<mem-info id="1122" free="1103224" total="12910592" percent="8">
  <mem type="tenure" free="1103224" total="12910592" percent="8" micro-fragmented="107754" macro-fragmented="0">
    <mem type="soa" free="974200" total="12781568" percent="7" />
    <mem type="loa" free="129024" total="129024" percent="100" />
  </mem>
  <pending-finalizers system="0" default="0" reference="72" classloader="0" />
</mem-info>
<gc-op id="1123" type="compact" timems="48.202" contextid="1117" timestamp="2019-09-21T19:37:28.474">
  <compact-info movecount="226961" movebytes="9283632" reason="compact to aid heap contraction" />
</gc-op>
<heap-resize id="1124" type="expand" space="tenure" amount="65536" count="1" timems="0.019" reason="satisfy allocation request" timestamp="2019-09-21T19:37:28.474" />
<gc-end id="1125" type="global" contextid="1117" durationms="55.545" usertimems="72.000" systemtimems="0.000" timestamp="2019-09-21T19:37:28.475" activeThreads="8">
  <mem-info id="1126" free="1220120" total="12976128" percent="9">
    <mem type="tenure" free="1220120" total="12976128" percent="9">
      <mem type="soa" free="1091096" total="12847104" percent="8" />
      <mem type="loa" free="129024" total="129024" percent="100" />
    </mem>
    <pending-finalizers system="0" default="0" reference="72" classloader="0" />
  </mem-info>
</gc-end>
<cycle-end id="1127" type="global" contextid="1117" timestamp="2019-09-21T19:37:28.475" />
  <attribute name="elasticGC enabled" value="1" />
  <attribute name= "numThreadsSpecified" value="8" />
  <attribute name="heapSize specified" value="12910592" />
  <attribute name="Current GC Util" value="5" />
  <attribute name= "Current Time Running" value="5197" />
  <attribute name ="GC Interval" value="0" />
  <attribute name="Target GC Util Change" value ="40.000000" />
  <attribute name="Current GC Util Change" value="5.000000"/>
  <attribute name="Current Error" value="-790.000000" />
  <attribute name="Output H" value="12947976"/>
  <attribute name="Output I" value="1544"/>
  <attribute name="Output T" value="8"/>
  <attribute name= "Current Time Running" value="5197" />
  <attribute name="GC Util currently" value="5" />
  <attribute name="CPU Util currently" value="47630344330" />
<allocation-satisfied id="1128" threadId="0000000001EB3200" bytesRequested="24" />
<af-end id="1129" timestamp="2019-09-21T19:37:28.475" threadId="0000000001EB3B88" success="true" />
<exclusive-end id="1130" timestamp="2019-09-21T19:37:28.475" durationms="56.401" />

<exclusive-start id="1131" timestamp="2019-09-21T19:37:28.478" intervalms="59.125">
  <response-info timems="0.113" idlems="0.113" threads="0" lastid="0000000001EB3E00" lastname="PmdThread 5" />
</exclusive-start>
<af-start id="1132" threadId="0000000001EB4788" totalBytesRequested="40" timestamp="2019-09-21T19:37:28.478" intervalms="59.199" />
<cycle-start id="1133" type="global" contextid="0" timestamp="2019-09-21T19:37:28.478" intervalms="59.243" />
<gc-start id="1134" type="global" contextid="1133" timestamp="2019-09-21T19:37:28.478">
  <mem-info id="1135" free="129024" total="12976128" percent="0">
    <mem type="tenure" free="129024" total="12976128" percent="0">
      <mem type="soa" free="0" total="12847104" percent="0" />
      <mem type="loa" free="129024" total="129024" percent="100" />
    </mem>
  </mem-info>
</gc-start>
<allocation-stats totalBytes="1126528" >
  <allocated-bytes non-tlh="176" tlh="1126352" />
  <largest-consumer threadName="PmdThread 1" threadId="0000000001EB3200" bytes="479200" />
</allocation-stats>
<gc-op id="1136" type="mark" timems="6.805" contextid="1133" timestamp="2019-09-21T19:37:28.485">
  <trace-info objectcount="261219" scancount="234765" scanbytes="7791640" />
  <finalization candidates="58" enqueued="0" />
  <ownableSynchronizers candidates="12" cleared="0" />
  <references type="soft" candidates="104" cleared="0" enqueued="0" dynamicThreshold="3" maxThreshold="32" />
  <references type="weak" candidates="925" cleared="33" enqueued="33" />
  <references type="phantom" candidates="113" cleared="0" enqueued="0" />
  <stringconstants candidates="5022" cleared="0"  />
</gc-op>
<gc-op id="1137" type="sweep" timems="1.024" contextid="1133" timestamp="2019-09-21T19:37:28.487" />
<mem-info id="1138" free="1643400" total="12976128" percent="12">
  <mem type="tenure" free="1643400" total="12976128" percent="12" micro-fragmented="56673" macro-fragmented="0">
    <mem type="soa" free="1514376" total="12847104" percent="11" />
    <mem type="loa" free="129024" total="129024" percent="100" />
  </mem>
  <pending-finalizers system="0" default="0" reference="33" classloader="0" />
</mem-info>
<gc-op id="1139" type="compact" timems="48.105" contextid="1133" timestamp="2019-09-21T19:37:28.535">
  <compact-info movecount="222785" movebytes="8835360" reason="compact to aid heap contraction" />
</gc-op>
<heap-resize id="1140" type="expand" space="tenure" amount="65536" count="1" timems="0.018" reason="satisfy allocation request" timestamp="2019-09-21T19:37:28.535" />
<gc-end id="1141" type="global" contextid="1133" durationms="57.221" usertimems="76.000" systemtimems="4.000" timestamp="2019-09-21T19:37:28.536" activeThreads="8">
  <mem-info id="1142" free="1757992" total="13041664" percent="13">
    <mem type="tenure" free="1757992" total="13041664" percent="13">
      <mem type="soa" free="1627944" total="12911616" percent="12" />
      <mem type="loa" free="130048" total="130048" percent="100" />
    </mem>
    <pending-finalizers system="0" default="0" reference="33" classloader="0" />
  </mem-info>
</gc-end>
<cycle-end id="1143" type="global" contextid="1133" timestamp="2019-09-21T19:37:28.536" />
  <attribute name="elasticGC enabled" value="1" />
  <attribute name= "numThreadsSpecified" value="8" />
  <attribute name="heapSize specified" value="12976128" />
  <attribute name="Current GC Util" value="9" />
  <attribute name= "Current Time Running" value="5258" />
  <attribute name ="GC Interval" value="0" />
  <attribute name="Target GC Util Change" value ="40.000000" />
  <attribute name="Current GC Util Change" value="9.000000"/>
  <attribute name="Current Error" value="-158.000000" />
  <attribute name="Output H" value="13013880"/>
  <attribute name="Output I" value="1912"/>
  <attribute name="Output T" value="8"/>
  <attribute name= "Current Time Running" value="5258" />
  <attribute name="GC Util currently" value="9" />
  <attribute name="CPU Util currently" value="47743516580" />
<allocation-satisfied id="1144" threadId="0000000001EB3E00" bytesRequested="40" />
<af-end id="1145" timestamp="2019-09-21T19:37:28.536" threadId="0000000001EB4788" success="true" />
<exclusive-end id="1146" timestamp="2019-09-21T19:37:28.536" durationms="58.156" />

<exclusive-start id="1147" timestamp="2019-09-21T19:37:28.540" intervalms="62.248">
  <response-info timems="0.276" idlems="0.142" threads="1" lastid="0000000001EB3E00" lastname="PmdThread 5" />
</exclusive-start>
<af-start id="1148" threadId="0000000001EB5288" totalBytesRequested="16" timestamp="2019-09-21T19:37:28.540" intervalms="62.146" />
<cycle-start id="1149" type="global" contextid="0" timestamp="2019-09-21T19:37:28.540" intervalms="62.078" />
<gc-start id="1150" type="global" contextid="1149" timestamp="2019-09-21T19:37:28.540">
  <mem-info id="1151" free="130048" total="13041664" percent="0">
    <mem type="tenure" free="130048" total="13041664" percent="0">
      <mem type="soa" free="0" total="12911616" percent="0" />
      <mem type="loa" free="130048" total="130048" percent="100" />
    </mem>
  </mem-info>
</gc-start>
<allocation-stats totalBytes="1639664" >
  <allocated-bytes non-tlh="0" tlh="1639664" />
  <largest-consumer threadName="PmdThread 6" threadId="0000000001EB4900" bytes="943520" />
</allocation-stats>
<gc-op id="1152" type="mark" timems="4.300" contextid="1149" timestamp="2019-09-21T19:37:28.545">
  <trace-info objectcount="267610" scancount="241501" scanbytes="8038152" />
  <finalization candidates="58" enqueued="0" />
  <ownableSynchronizers candidates="12" cleared="0" />
  <references type="soft" candidates="104" cleared="0" enqueued="0" dynamicThreshold="4" maxThreshold="32" />
  <references type="weak" candidates="892" cleared="0" enqueued="0" />
  <references type="phantom" candidates="113" cleared="0" enqueued="0" />
  <stringconstants candidates="5022" cleared="0"  />
</gc-op>
<gc-op id="1153" type="sweep" timems="1.029" contextid="1149" timestamp="2019-09-21T19:37:28.546" />
<mem-info id="1154" free="993344" total="13041664" percent="7">
  <mem type="tenure" free="993344" total="13041664" percent="7" micro-fragmented="328935" macro-fragmented="0">
    <mem type="soa" free="863296" total="12911616" percent="6" />
    <mem type="loa" free="130048" total="130048" percent="100" />
  </mem>
</mem-info>
<gc-op id="1155" type="compact" timems="43.562" contextid="1149" timestamp="2019-09-21T19:37:28.590">
  <compact-info movecount="185842" movebytes="7923176" reason="compact to aid heap contraction" />
</gc-op>
<heap-resize id="1156" type="expand" space="tenure" amount="65536" count="1" timems="0.017" reason="satisfy allocation request" timestamp="2019-09-21T19:37:28.590" />
<gc-end id="1157" type="global" contextid="1149" durationms="49.942" usertimems="64.000" systemtimems="0.000" timestamp="2019-09-21T19:37:28.590" activeThreads="8">
  <mem-info id="1158" free="1538088" total="13107200" percent="11">
    <mem type="tenure" free="1538088" total="13107200" percent="11">
      <mem type="soa" free="1407016" total="12976128" percent="10" />
      <mem type="loa" free="131072" total="131072" percent="100" />
    </mem>
  </mem-info>
</gc-end>
<cycle-end id="1159" type="global" contextid="1149" timestamp="2019-09-21T19:37:28.591" />
  <attribute name="elasticGC enabled" value="1" />
  <attribute name= "numThreadsSpecified" value="8" />
  <attribute name="heapSize specified" value="13041664" />
  <attribute name="Current GC Util" value="14" />
  <attribute name= "Current Time Running" value="5312" />
  <attribute name ="GC Interval" value="0" />
  <attribute name="Target GC Util Change" value ="40.000000" />
  <attribute name="Current GC Util Change" value="14.000000"/>
  <attribute name="Current Error" value="26.000000" />
  <attribute name="Output H" value="13079520"/>
  <attribute name="Output I" value="2016"/>
  <attribute name="Output T" value="8"/>
  <attribute name= "Current Time Running" value="5312" />
  <attribute name="GC Util currently" value="14" />
  <attribute name="CPU Util currently" value="52783060334" />
<allocation-satisfied id="1160" threadId="0000000001EB4900" bytesRequested="16" />
<af-end id="1161" timestamp="2019-09-21T19:37:28.591" threadId="0000000001EB5288" success="true" />
<exclusive-end id="1162" timestamp="2019-09-21T19:37:28.591" durationms="50.896" />

<exclusive-start id="1163" timestamp="2019-09-21T19:37:28.595" intervalms="54.734">
  <response-info timems="0.066" idlems="0.065" threads="1" lastid="0000000001EB4900" lastname="PmdThread 6" />
</exclusive-start>
<af-start id="1164" threadId="0000000001EB3B88" totalBytesRequested="40" timestamp="2019-09-21T19:37:28.595" intervalms="54.741" />
<cycle-start id="1165" type="global" contextid="0" timestamp="2019-09-21T19:37:28.595" intervalms="54.772" />
<gc-start id="1166" type="global" contextid="1165" timestamp="2019-09-21T19:37:28.595">
  <mem-info id="1167" free="131072" total="13107200" percent="1">
    <mem type="tenure" free="131072" total="13107200" percent="1">
      <mem type="soa" free="0" total="12976128" percent="0" />
      <mem type="loa" free="131072" total="131072" percent="100" />
    </mem>
  </mem-info>
</gc-start>
<allocation-stats totalBytes="1443984" >
  <allocated-bytes non-tlh="106552" tlh="1337432" />
  <largest-consumer threadName="PmdThread 6" threadId="0000000001EB4900" bytes="722704" />
</allocation-stats>
<gc-op id="1168" type="mark" timems="4.350" contextid="1165" timestamp="2019-09-21T19:37:28.600">
  <trace-info objectcount="276493" scancount="249518" scanbytes="8333744" />
  <finalization candidates="58" enqueued="0" />
  <ownableSynchronizers candidates="12" cleared="0" />
  <references type="soft" candidates="104" cleared="5" enqueued="0" dynamicThreshold="3" maxThreshold="32" />
  <references type="weak" candidates="892" cleared="0" enqueued="0" />
  <references type="phantom" candidates="114" cleared="0" enqueued="0" />
  <stringconstants candidates="5022" cleared="0"  />
</gc-op>
<gc-op id="1169" type="sweep" timems="0.385" contextid="1165" timestamp="2019-09-21T19:37:28.600" />
<mem-info id="1170" free="602200" total="13107200" percent="4">
  <mem type="tenure" free="602200" total="13107200" percent="4" micro-fragmented="331520" macro-fragmented="0">
    <mem type="soa" free="471128" total="12976128" percent="3" />
    <mem type="loa" free="131072" total="131072" percent="100" />
  </mem>
</mem-info>
<gc-op id="1171" type="compact" timems="53.571" contextid="1165" timestamp="2019-09-21T19:37:28.654">
  <compact-info movecount="262219" movebytes="11381944" reason="compact to aid heap contraction" />
</gc-op>
<heap-resize id="1172" type="expand" space="tenure" amount="65536" count="1" timems="0.019" reason="satisfy allocation request" timestamp="2019-09-21T19:37:28.654" />
<gc-end id="1173" type="global" contextid="1165" durationms="59.301" usertimems="68.000" systemtimems="8.000" timestamp="2019-09-21T19:37:28.655" activeThreads="8">
  <mem-info id="1174" free="1116648" total="13172736" percent="8">
    <mem type="tenure" free="1116648" total="13172736" percent="8">
      <mem type="soa" free="985576" total="13041664" percent="7" />
      <mem type="loa" free="131072" total="131072" percent="100" />
    </mem>
  </mem-info>
</gc-end>
<cycle-end id="1175" type="global" contextid="1165" timestamp="2019-09-21T19:37:28.655" />
  <attribute name="elasticGC enabled" value="1" />
  <attribute name= "numThreadsSpecified" value="8" />
  <attribute name="heapSize specified" value="13107200" />
  <attribute name="Current GC Util" value="91" />
  <attribute name= "Current Time Running" value="5377" />
  <attribute name ="GC Interval" value="0" />
  <attribute name="Target GC Util Change" value ="40.000000" />
  <attribute name="Current GC Util Change" value="91.000000"/>
  <attribute name="Current Error" value="-1034.000000" />
  <attribute name="Output H" value="13144448"/>
  <attribute name="Output I" value="1408"/>
  <attribute name="Output T" value="8"/>
  <attribute name= "Current Time Running" value="5377" />
  <attribute name="GC Util currently" value="91" />
  <attribute name="CPU Util currently" value="42893811722" />
<allocation-satisfied id="1176" threadId="0000000001EB3200" bytesRequested="40" />
<af-end id="1177" timestamp="2019-09-21T19:37:28.655" threadId="0000000001EB3B88" success="true" />
<exclusive-end id="1178" timestamp="2019-09-21T19:37:28.655" durationms="60.032" />

<exclusive-start id="1179" timestamp="2019-09-21T19:37:28.656" intervalms="61.430">
  <response-info timems="0.060" idlems="0.060" threads="0" lastid="0000000001EB3200" lastname="PmdThread 1" />
</exclusive-start>
<af-start id="1180" threadId="0000000001EB3B88" totalBytesRequested="56" timestamp="2019-09-21T19:37:28.656" intervalms="61.434" />
<cycle-start id="1181" type="global" contextid="0" timestamp="2019-09-21T19:37:28.657" intervalms="61.437" />
<gc-start id="1182" type="global" contextid="1181" timestamp="2019-09-21T19:37:28.657">
  <mem-info id="1183" free="131072" total="13172736" percent="0">
    <mem type="tenure" free="131072" total="13172736" percent="0">
      <mem type="soa" free="0" total="13041664" percent="0" />
      <mem type="loa" free="131072" total="131072" percent="100" />
    </mem>
  </mem-info>
</gc-start>
<allocation-stats totalBytes="1021080" >
  <allocated-bytes non-tlh="0" tlh="1021080" />
  <largest-consumer threadName="PmdThread 3" threadId="0000000001EBEA00" bytes="371512" />
</allocation-stats>
<gc-op id="1184" type="mark" timems="5.497" contextid="1181" timestamp="2019-09-21T19:37:28.662">
  <trace-info objectcount="280704" scancount="253578" scanbytes="8486040" />
  <finalization candidates="58" enqueued="0" />
  <ownableSynchronizers candidates="12" cleared="0" />
  <references type="soft" candidates="99" cleared="1" enqueued="0" dynamicThreshold="2" maxThreshold="32" />
  <references type="weak" candidates="932" cleared="40" enqueued="40" />
  <references type="phantom" candidates="114" cleared="0" enqueued="0" />
  <stringconstants candidates="5022" cleared="0"  />
</gc-op>
<gc-op id="1185" type="sweep" timems="0.647" contextid="1181" timestamp="2019-09-21T19:37:28.663" />
<mem-info id="1186" free="754168" total="13172736" percent="5">
  <mem type="tenure" free="754168" total="13172736" percent="5" micro-fragmented="171797" macro-fragmented="0">
    <mem type="soa" free="623096" total="13041664" percent="4" />
    <mem type="loa" free="131072" total="131072" percent="100" />
  </mem>
  <pending-finalizers system="0" default="0" reference="40" classloader="0" />
</mem-info>
<gc-op id="1187" type="compact" timems="43.696" contextid="1181" timestamp="2019-09-21T19:37:28.707">
  <compact-info movecount="195953" movebytes="8504440" reason="compact to aid heap contraction" />
</gc-op>
<heap-resize id="1188" type="expand" space="tenure" amount="65536" count="1" timems="0.018" reason="satisfy allocation request" timestamp="2019-09-21T19:37:28.707" />
<gc-end id="1189" type="global" contextid="1181" durationms="50.702" usertimems="60.000" systemtimems="4.000" timestamp="2019-09-21T19:37:28.707" activeThreads="8">
  <mem-info id="1190" free="1020576" total="13238272" percent="7">
    <mem type="tenure" free="1020576" total="13238272" percent="7">
      <mem type="soa" free="888480" total="13106176" percent="6" />
      <mem type="loa" free="132096" total="132096" percent="100" />
    </mem>
    <pending-finalizers system="0" default="0" reference="40" classloader="0" />
  </mem-info>
</gc-end>
<cycle-end id="1191" type="global" contextid="1181" timestamp="2019-09-21T19:37:28.707" />
  <attribute name="elasticGC enabled" value="1" />
  <attribute name= "numThreadsSpecified" value="8" />
  <attribute name="heapSize specified" value="13172736" />
  <attribute name="Current GC Util" value="4" />
  <attribute name= "Current Time Running" value="5430" />
  <attribute name ="GC Interval" value="0" />
  <attribute name="Target GC Util Change" value ="40.000000" />
  <attribute name="Current GC Util Change" value="4.000000"/>
  <attribute name="Current Error" value="-195.000000" />
  <attribute name="Output H" value="13210464"/>
  <attribute name="Output I" value="1888"/>
  <attribute name="Output T" value="8"/>
  <attribute name= "Current Time Running" value="5430" />
  <attribute name="GC Util currently" value="4" />
  <attribute name="CPU Util currently" value="52603099496" />
<allocation-satisfied id="1192" threadId="0000000001EB3200" bytesRequested="56" />
<af-end id="1193" timestamp="2019-09-21T19:37:28.708" threadId="0000000001EB3B88" success="true" />
<exclusive-end id="1194" timestamp="2019-09-21T19:37:28.708" durationms="51.366" />

<exclusive-start id="1195" timestamp="2019-09-21T19:37:28.710" intervalms="53.405">
  <response-info timems="0.240" idlems="0.213" threads="1" lastid="0000000001EB4900" lastname="PmdThread 6" />
</exclusive-start>
<af-start id="1196" threadId="0000000001EB7788" totalBytesRequested="272" timestamp="2019-09-21T19:37:28.710" intervalms="53.416" />
<cycle-start id="1197" type="global" contextid="0" timestamp="2019-09-21T19:37:28.710" intervalms="53.417" />
<gc-start id="1198" type="global" contextid="1197" timestamp="2019-09-21T19:37:28.710">
  <mem-info id="1199" free="132096" total="13238272" percent="0">
    <mem type="tenure" free="132096" total="13238272" percent="0">
      <mem type="soa" free="0" total="13106176" percent="0" />
      <mem type="loa" free="132096" total="132096" percent="100" />
    </mem>
  </mem-info>
</gc-start>
<allocation-stats totalBytes="920344" >
  <allocated-bytes non-tlh="384" tlh="919960" />
  <largest-consumer threadName="PmdThread 1" threadId="0000000001EB3200" bytes="442184" />
</allocation-stats>
<gc-op id="1200" type="mark" timems="3.662" contextid="1197" timestamp="2019-09-21T19:37:28.714">
  <trace-info objectcount="284037" scancount="256882" scanbytes="8606200" />
  <finalization candidates="58" enqueued="0" />
  <ownableSynchronizers candidates="12" cleared="0" />
  <references type="soft" candidates="103" cleared="0" enqueued="0" dynamicThreshold="2" maxThreshold="32" />
  <references type="weak" candidates="906" cleared="12" enqueued="12" />
  <references type="phantom" candidates="116" cleared="2" enqueued="2" />
  <stringconstants candidates="5024" cleared="0"  />
</gc-op>
<gc-op id="1201" type="sweep" timems="0.449" contextid="1197" timestamp="2019-09-21T19:37:28.714" />
<mem-info id="1202" free="692480" total="13238272" percent="5">
  <mem type="tenure" free="692480" total="13238272" percent="5" micro-fragmented="98858" macro-fragmented="0">
    <mem type="soa" free="560384" total="13106176" percent="4" />
    <mem type="loa" free="132096" total="132096" percent="100" />
  </mem>
  <pending-finalizers system="0" default="0" reference="14" classloader="0" />
</mem-info>
<gc-op id="1203" type="compact" timems="55.070" contextid="1197" timestamp="2019-09-21T19:37:28.770">
  <compact-info movecount="269763" movebytes="11678112" reason="compact to aid heap contraction" />
</gc-op>
<heap-resize id="1204" type="expand" space="tenure" amount="65536" count="1" timems="0.019" reason="satisfy allocation request" timestamp="2019-09-21T19:37:28.770" />
<gc-end id="1205" type="global" contextid="1197" durationms="60.066" usertimems="64.000" systemtimems="8.000" timestamp="2019-09-21T19:37:28.770" activeThreads="8">
  <mem-info id="1206" free="972032" total="13303808" percent="7">
    <mem type="tenure" free="972032" total="13303808" percent="7">
      <mem type="soa" free="839936" total="13171712" percent="6" />
      <mem type="loa" free="132096" total="132096" percent="100" />
    </mem>
    <pending-finalizers system="0" default="0" reference="14" classloader="0" />
  </mem-info>
</gc-end>
<cycle-end id="1207" type="global" contextid="1197" timestamp="2019-09-21T19:37:28.770" />
  <attribute name="elasticGC enabled" value="1" />
  <attribute name= "numThreadsSpecified" value="8" />
  <attribute name="heapSize specified" value="13238272" />
  <attribute name="Current GC Util" value="6" />
  <attribute name= "Current Time Running" value="5492" />
  <attribute name ="GC Interval" value="0" />
  <attribute name="Target GC Util Change" value ="40.000000" />
  <attribute name="Current GC Util Change" value="6.000000"/>
  <attribute name="Current Error" value="34.000000" />
  <attribute name="Output H" value="13276136"/>
  <attribute name="Output I" value="2024"/>
  <attribute name="Output T" value="8"/>
  <attribute name= "Current Time Running" value="5492" />
  <attribute name="GC Util currently" value="6" />
  <attribute name="CPU Util currently" value="41746067209" />
<allocation-satisfied id="1208" threadId="0000000001EB6E00" bytesRequested="272" />
<af-end id="1209" timestamp="2019-09-21T19:37:28.770" threadId="0000000001EB7788" success="true" />
<exclusive-end id="1210" timestamp="2019-09-21T19:37:28.771" durationms="60.735" />

<exclusive-start id="1211" timestamp="2019-09-21T19:37:28.773" intervalms="62.833">
  <response-info timems="0.241" idlems="0.241" threads="0" lastid="0000000001EB6000" lastname="PmdThread 8" />
</exclusive-start>
<af-start id="1212" threadId="0000000001EB6988" totalBytesRequested="72" timestamp="2019-09-21T19:37:28.773" intervalms="62.825" />
<cycle-start id="1213" type="global" contextid="0" timestamp="2019-09-21T19:37:28.773" intervalms="62.820" />
<gc-start id="1214" type="global" contextid="1213" timestamp="2019-09-21T19:37:28.773">
  <mem-info id="1215" free="132096" total="13303808" percent="0">
    <mem type="tenure" free="132096" total="13303808" percent="0">
      <mem type="soa" free="0" total="13171712" percent="0" />
      <mem type="loa" free="132096" total="132096" percent="100" />
    </mem>
    <pending-finalizers system="0" default="0" reference="14" classloader="0" />
  </mem-info>
</gc-start>
<allocation-stats totalBytes="855968" >
  <allocated-bytes non-tlh="0" tlh="855968" />
  <largest-consumer threadName="PmdThread 6" threadId="0000000001EB4900" bytes="450448" />
</allocation-stats>
<gc-op id="1216" type="mark" timems="5.092" contextid="1213" timestamp="2019-09-21T19:37:28.778">
  <trace-info objectcount="288083" scancount="260843" scanbytes="8748540" />
  <finalization candidates="58" enqueued="0" />
  <ownableSynchronizers candidates="12" cleared="0" />
  <references type="soft" candidates="104" cleared="0" enqueued="0" dynamicThreshold="2" maxThreshold="32" />
  <references type="weak" candidates="895" cleared="1" enqueued="1" />
  <references type="phantom" candidates="115" cleared="1" enqueued="1" />
  <stringconstants candidates="5024" cleared="0"  />
</gc-op>
<gc-op id="1217" type="sweep" timems="0.475" contextid="1213" timestamp="2019-09-21T19:37:28.779" />
<mem-info id="1218" free="614456" total="13303808" percent="4">
  <mem type="tenure" free="614456" total="13303808" percent="4" micro-fragmented="143188" macro-fragmented="0">
    <mem type="soa" free="482360" total="13171712" percent="3" />
    <mem type="loa" free="132096" total="132096" percent="100" />
  </mem>
  <pending-finalizers system="0" default="0" reference="16" classloader="0" />
</mem-info>
<gc-op id="1219" type="compact" timems="53.328" contextid="1213" timestamp="2019-09-21T19:37:28.832">
  <compact-info movecount="254199" movebytes="10160768" reason="compact to aid heap contraction" />
</gc-op>
<heap-resize id="1220" type="expand" space="tenure" amount="65536" count="1" timems="0.020" reason="satisfy allocation request" timestamp="2019-09-21T19:37:28.833" />
<gc-end id="1221" type="global" contextid="1213" durationms="59.971" usertimems="52.000" systemtimems="16.000" timestamp="2019-09-21T19:37:28.833" activeThreads="8">
  <mem-info id="1222" free="869184" total="13369344" percent="6">
    <mem type="tenure" free="869184" total="13369344" percent="6">
      <mem type="soa" free="736064" total="13236224" percent="5" />
      <mem type="loa" free="133120" total="133120" percent="100" />
    </mem>
    <pending-finalizers system="0" default="0" reference="16" classloader="0" />
  </mem-info>
</gc-end>
<cycle-end id="1223" type="global" contextid="1213" timestamp="2019-09-21T19:37:28.833" />
  <attribute name="elasticGC enabled" value="1" />
  <attribute name= "numThreadsSpecified" value="8" />
  <attribute name="heapSize specified" value="13303808" />
  <attribute name="Current GC Util" value="92" />
  <attribute name= "Current Time Running" value="5555" />
  <attribute name ="GC Interval" value="0" />
  <attribute name="Target GC Util Change" value ="40.000000" />
  <attribute name="Current GC Util Change" value="92.000000"/>
  <attribute name="Current Error" value="-1850.000000" />
  <attribute name="Output H" value="13340584"/>
  <attribute name="Output I" value="936"/>
  <attribute name="Output T" value="8"/>
  <attribute name= "Current Time Running" value="5555" />
  <attribute name="GC Util currently" value="92" />
  <attribute name="CPU Util currently" value="43109003007" />
<allocation-satisfied id="1224" threadId="0000000001EB6000" bytesRequested="72" />
<af-end id="1225" timestamp="2019-09-21T19:37:28.833" threadId="0000000001EB6988" success="true" />
<exclusive-end id="1226" timestamp="2019-09-21T19:37:28.833" durationms="60.695" />

<exclusive-start id="1227" timestamp="2019-09-21T19:37:28.842" intervalms="69.538">
  <response-info timems="0.166" idlems="0.166" threads="0" lastid="0000000001EB3200" lastname="PmdThread 1" />
</exclusive-start>
<af-start id="1228" threadId="0000000001EB3B88" totalBytesRequested="16" timestamp="2019-09-21T19:37:28.842" intervalms="69.568" />
<cycle-start id="1229" type="global" contextid="0" timestamp="2019-09-21T19:37:28.842" intervalms="69.581" />
<gc-start id="1230" type="global" contextid="1229" timestamp="2019-09-21T19:37:28.842">
  <mem-info id="1231" free="133120" total="13369344" percent="0">
    <mem type="tenure" free="133120" total="13369344" percent="0">
      <mem type="soa" free="0" total="13236224" percent="0" />
      <mem type="loa" free="133120" total="133120" percent="100" />
    </mem>
  </mem-info>
</gc-start>
<allocation-stats totalBytes="768376" >
  <allocated-bytes non-tlh="0" tlh="768376" />
  <largest-consumer threadName="PmdThread 6" threadId="0000000001EB4900" bytes="315256" />
</allocation-stats>
<gc-op id="1232" type="mark" timems="4.455" contextid="1229" timestamp="2019-09-21T19:37:28.847">
  <trace-info objectcount="293376" scancount="265794" scanbytes="8928672" />
  <finalization candidates="58" enqueued="0" />
  <ownableSynchronizers candidates="12" cleared="0" />
  <references type="soft" candidates="104" cleared="5" enqueued="0" dynamicThreshold="2" maxThreshold="32" />
  <references type="weak" candidates="896" cleared="2" enqueued="2" />
  <references type="phantom" candidates="114" cleared="0" enqueued="0" />
  <stringconstants candidates="5024" cleared="0"  />
</gc-op>
<gc-op id="1233" type="sweep" timems="0.680" contextid="1229" timestamp="2019-09-21T19:37:28.848" />
<mem-info id="1234" free="435120" total="13369344" percent="3">
  <mem type="tenure" free="435120" total="13369344" percent="3" micro-fragmented="235861" macro-fragmented="0">
    <mem type="soa" free="302000" total="13236224" percent="2" />
    <mem type="loa" free="133120" total="133120" percent="100" />
  </mem>
  <pending-finalizers system="0" default="0" reference="2" classloader="0" />
</mem-info>
<gc-op id="1235" type="compact" timems="24.331" contextid="1229" timestamp="2019-09-21T19:37:28.872">
  <compact-info movecount="71683" movebytes="3005712" reason="compact to aid heap contraction" />
</gc-op>
<heap-resize id="1236" type="expand" space="tenure" amount="65536" count="1" timems="0.019" reason="satisfy allocation request" timestamp="2019-09-21T19:37:28.873" />
<gc-end id="1237" type="global" contextid="1229" durationms="30.321" usertimems="40.000" systemtimems="4.000" timestamp="2019-09-21T19:37:28.873" activeThreads="8">
  <mem-info id="1238" free="740984" total="13434880" percent="5">
    <mem type="tenure" free="740984" total="13434880" percent="5">
      <mem type="soa" free="606840" total="13300736" percent="4" />
      <mem type="loa" free="134144" total="134144" percent="100" />
    </mem>
    <pending-finalizers system="0" default="0" reference="2" classloader="0" />
  </mem-info>
</gc-end>
<cycle-end id="1239" type="global" contextid="1229" timestamp="2019-09-21T19:37:28.873" />
  <attribute name="elasticGC enabled" value="1" />
  <attribute name= "numThreadsSpecified" value="8" />
  <attribute name="heapSize specified" value="13369344" />
  <attribute name="Current GC Util" value="10" />
  <attribute name= "Current Time Running" value="5595" />
  <attribute name ="GC Interval" value="0" />
  <attribute name="Target GC Util Change" value ="40.000000" />
  <attribute name="Current GC Util Change" value="10.000000"/>
  <attribute name="Current Error" value="-220.000000" />
  <attribute name="Output H" value="13407064"/>
  <attribute name="Output I" value="1880"/>
  <attribute name="Output T" value="8"/>
  <attribute name= "Current Time Running" value="5595" />
  <attribute name="GC Util currently" value="10" />
  <attribute name="CPU Util currently" value="94231278949" />
<allocation-satisfied id="1240" threadId="0000000001EB3200" bytesRequested="16" />
<af-end id="1241" timestamp="2019-09-21T19:37:28.873" threadId="0000000001EB3B88" success="true" />
<exclusive-end id="1242" timestamp="2019-09-21T19:37:28.873" durationms="31.047" />

<exclusive-start id="1243" timestamp="2019-09-21T19:37:28.875" intervalms="32.359">
  <response-info timems="0.056" idlems="0.056" threads="0" lastid="0000000001EB3200" lastname="PmdThread 1" />
</exclusive-start>
<af-start id="1244" threadId="0000000001EB3B88" totalBytesRequested="64" timestamp="2019-09-21T19:37:28.875" intervalms="32.320" />
<cycle-start id="1245" type="global" contextid="0" timestamp="2019-09-21T19:37:28.875" intervalms="32.307" />
<gc-start id="1246" type="global" contextid="1245" timestamp="2019-09-21T19:37:28.875">
  <mem-info id="1247" free="134144" total="13434880" percent="0">
    <mem type="tenure" free="134144" total="13434880" percent="0">
      <mem type="soa" free="0" total="13300736" percent="0" />
      <mem type="loa" free="134144" total="134144" percent="100" />
    </mem>
  </mem-info>
</gc-start>
<allocation-stats totalBytes="635176" >
  <allocated-bytes non-tlh="0" tlh="635176" />
  <largest-consumer threadName="PmdThread 1" threadId="0000000001EB3200" bytes="377232" />
</allocation-stats>
<gc-op id="1248" type="mark" timems="8.163" contextid="1245" timestamp="2019-09-21T19:37:28.883">
  <trace-info objectcount="298105" scancount="270130" scanbytes="9087624" />
  <finalization candidates="58" enqueued="0" />
  <ownableSynchronizers candidates="12" cleared="0" />
  <references type="soft" candidates="99" cleared="1" enqueued="0" dynamicThreshold="1" maxThreshold="32" />
  <references type="weak" candidates="894" cleared="0" enqueued="0" />
  <references type="phantom" candidates="114" cleared="0" enqueued="0" />
  <stringconstants candidates="5024" cleared="0"  />
</gc-op>
<gc-op id="1249" type="sweep" timems="0.631" contextid="1245" timestamp="2019-09-21T19:37:28.884" />
<mem-info id="1250" free="369168" total="13434880" percent="2">
  <mem type="tenure" free="369168" total="13434880" percent="2" micro-fragmented="154702" macro-fragmented="0">
    <mem type="soa" free="235024" total="13300736" percent="1" />
    <mem type="loa" free="134144" total="134144" percent="100" />
  </mem>
</mem-info>
<gc-op id="1251" type="compact" timems="16.756" contextid="1245" timestamp="2019-09-21T19:37:28.901">
  <compact-info movecount="29620" movebytes="1103640" reason="compact to aid heap contraction" />
</gc-op>
<heap-resize id="1252" type="expand" space="tenure" amount="65536" count="1" timems="0.016" reason="satisfy allocation request" timestamp="2019-09-21T19:37:28.901" />
<gc-end id="1253" type="global" contextid="1245" durationms="26.397" usertimems="36.000" systemtimems="0.000" timestamp="2019-09-21T19:37:28.901" activeThreads="8">
  <mem-info id="1254" free="626528" total="13500416" percent="4">
    <mem type="tenure" free="626528" total="13500416" percent="4">
      <mem type="soa" free="492384" total="13366272" percent="3" />
      <mem type="loa" free="134144" total="134144" percent="100" />
    </mem>
  </mem-info>
</gc-end>
<cycle-end id="1255" type="global" contextid="1245" timestamp="2019-09-21T19:37:28.901" />
  <attribute name="elasticGC enabled" value="1" />
  <attribute name= "numThreadsSpecified" value="8" />
  <attribute name="heapSize specified" value="13434880" />
  <attribute name="Current GC Util" value="8" />
  <attribute name= "Current Time Running" value="5623" />
  <attribute name ="GC Interval" value="0" />
  <attribute name="Target GC Util Change" value ="40.000000" />
  <attribute name="Current GC Util Change" value="8.000000"/>
  <attribute name="Current Error" value="32.000000" />
  <attribute name="Output H" value="13472744"/>
  <attribute name="Output I" value="2024"/>
  <attribute name="Output T" value="8"/>
  <attribute name= "Current Time Running" value="5623" />
  <attribute name="GC Util currently" value="8" />
  <attribute name="CPU Util currently" value="136587717379" />
<allocation-satisfied id="1256" threadId="0000000001EB3200" bytesRequested="64" />
<af-end id="1257" timestamp="2019-09-21T19:37:28.901" threadId="0000000001EB3B88" success="true" />
<exclusive-end id="1258" timestamp="2019-09-21T19:37:28.902" durationms="27.038" />

<exclusive-start id="1259" timestamp="2019-09-21T19:37:28.903" intervalms="28.479">
  <response-info timems="0.145" idlems="0.083" threads="1" lastid="0000000001EB6000" lastname="PmdThread 8" />
</exclusive-start>
<af-start id="1260" threadId="0000000001EB5288" totalBytesRequested="56" timestamp="2019-09-21T19:37:28.903" intervalms="28.486" />
<cycle-start id="1261" type="global" contextid="0" timestamp="2019-09-21T19:37:28.903" intervalms="28.494" />
<gc-start id="1262" type="global" contextid="1261" timestamp="2019-09-21T19:37:28.903">
  <mem-info id="1263" free="134144" total="13500416" percent="0">
    <mem type="tenure" free="134144" total="13500416" percent="0">
      <mem type="soa" free="0" total="13366272" percent="0" />
      <mem type="loa" free="134144" total="134144" percent="100" />
    </mem>
  </mem-info>
</gc-start>
<allocation-stats totalBytes="524904" >
  <allocated-bytes non-tlh="0" tlh="524904" />
  <largest-consumer threadName="PmdThread 1" threadId="0000000001EB3200" bytes="257880" />
</allocation-stats>
<gc-op id="1264" type="mark" timems="5.186" contextid="1261" timestamp="2019-09-21T19:37:28.909">
  <trace-info objectcount="300941" scancount="272907" scanbytes="9191680" />
  <finalization candidates="58" enqueued="0" />
  <ownableSynchronizers candidates="12" cleared="0" />
  <references type="soft" candidates="98" cleared="0" enqueued="0" dynamicThreshold="1" maxThreshold="32" />
  <references type="weak" candidates="894" cleared="0" enqueued="0" />
  <references type="phantom" candidates="113" cleared="0" enqueued="0" />
  <stringconstants candidates="5024" cleared="0"  />
</gc-op>
<gc-op id="1265" type="sweep" timems="0.581" contextid="1261" timestamp="2019-09-21T19:37:28.909" />
<mem-info id="1266" free="356432" total="13500416" percent="2">
  <mem type="tenure" free="356432" total="13500416" percent="2" micro-fragmented="143292" macro-fragmented="0">
    <mem type="soa" free="222288" total="13366272" percent="1" />
    <mem type="loa" free="134144" total="134144" percent="100" />
  </mem>
</mem-info>
<gc-op id="1267" type="compact" timems="47.956" contextid="1261" timestamp="2019-09-21T19:37:28.957">
  <compact-info movecount="216182" movebytes="9265984" reason="compact to aid heap contraction" />
</gc-op>
<heap-resize id="1268" type="expand" space="tenure" amount="65536" count="1" timems="0.019" reason="satisfy allocation request" timestamp="2019-09-21T19:37:28.958" />
<gc-end id="1269" type="global" contextid="1261" durationms="54.519" usertimems="68.000" systemtimems="0.000" timestamp="2019-09-21T19:37:28.958" activeThreads="8">
  <mem-info id="1270" free="590480" total="13565952" percent="4">
    <mem type="tenure" free="590480" total="13565952" percent="4">
      <mem type="soa" free="455312" total="13430784" percent="3" />
      <mem type="loa" free="135168" total="135168" percent="100" />
    </mem>
  </mem-info>
</gc-end>
<cycle-end id="1271" type="global" contextid="1261" timestamp="2019-09-21T19:37:28.958" />
  <attribute name="elasticGC enabled" value="1" />
  <attribute name= "numThreadsSpecified" value="8" />
  <attribute name="heapSize specified" value="13500416" />
  <attribute name="Current GC Util" value="4" />
  <attribute name= "Current Time Running" value="5680" />
  <attribute name ="GC Interval" value="0" />
  <attribute name="Target GC Util Change" value ="40.000000" />
  <attribute name="Current GC Util Change" value="4.000000"/>
  <attribute name="Current Error" value="-852.000000" />
  <attribute name="Output H" value="13537768"/>
  <attribute name="Output I" value="1512"/>
  <attribute name="Output T" value="8"/>
  <attribute name= "Current Time Running" value="5680" />
  <attribute name="GC Util currently" value="4" />
  <attribute name="CPU Util currently" value="47929798388" />
<allocation-satisfied id="1272" threadId="0000000001EB4900" bytesRequested="56" />
<af-end id="1273" timestamp="2019-09-21T19:37:28.958" threadId="0000000001EB5288" success="true" />
<exclusive-end id="1274" timestamp="2019-09-21T19:37:28.958" durationms="55.140" />

<exclusive-start id="1275" timestamp="2019-09-21T19:37:28.967" intervalms="63.962">
  <response-info timems="0.339" idlems="0.179" threads="1" lastid="0000000001B9B600" lastname="JIT Compilation Thread-0" />
</exclusive-start>
<af-start id="1276" threadId="0000000001EB7788" totalBytesRequested="24" timestamp="2019-09-21T19:37:28.967" intervalms="63.985" />
<cycle-start id="1277" type="global" contextid="0" timestamp="2019-09-21T19:37:28.967" intervalms="63.986" />
<gc-start id="1278" type="global" contextid="1277" timestamp="2019-09-21T19:37:28.967">
  <mem-info id="1279" free="135168" total="13565952" percent="0">
    <mem type="tenure" free="135168" total="13565952" percent="0">
      <mem type="soa" free="0" total="13430784" percent="0" />
      <mem type="loa" free="135168" total="135168" percent="100" />
    </mem>
  </mem-info>
</gc-start>
<allocation-stats totalBytes="483840" >
  <allocated-bytes non-tlh="0" tlh="483840" />
  <largest-consumer threadName="PmdThread 8" threadId="0000000001EB6000" bytes="417664" />
</allocation-stats>
<gc-op id="1280" type="mark" timems="6.050" contextid="1277" timestamp="2019-09-21T19:37:28.973">
  <trace-info objectcount="301281" scancount="273343" scanbytes="9204320" />
  <finalization candidates="58" enqueued="0" />
  <ownableSynchronizers candidates="12" cleared="0" />
  <references type="soft" candidates="98" cleared="0" enqueued="0" dynamicThreshold="1" maxThreshold="32" />
  <references type="weak" candidates="896" cleared="2" enqueued="2" />
  <references type="phantom" candidates="113" cleared="0" enqueued="0" />
  <stringconstants candidates="5024" cleared="0"  />
</gc-op>
<gc-op id="1281" type="sweep" timems="0.588" contextid="1277" timestamp="2019-09-21T19:37:28.974" />
<mem-info id="1282" free="573344" total="13565952" percent="4">
  <mem type="tenure" free="573344" total="13565952" percent="4" micro-fragmented="46097" macro-fragmented="0">
    <mem type="soa" free="438176" total="13430784" percent="3" />
    <mem type="loa" free="135168" total="135168" percent="100" />
  </mem>
  <pending-finalizers system="0" default="0" reference="2" classloader="0" />
</mem-info>
<gc-op id="1283" type="compact" timems="48.020" contextid="1277" timestamp="2019-09-21T19:37:29.022">
  <compact-info movecount="216480" movebytes="9274240" reason="compact to aid heap contraction" />
</gc-op>
<heap-resize id="1284" type="expand" space="tenure" amount="65536" count="1" timems="0.016" reason="satisfy allocation request" timestamp="2019-09-21T19:37:29.023" />
<gc-end id="1285" type="global" contextid="1277" durationms="55.577" usertimems="60.000" systemtimems="8.000" timestamp="2019-09-21T19:37:29.023" activeThreads="8">
  <mem-info id="1286" free="670848" total="13631488" percent="4">
    <mem type="tenure" free="670848" total="13631488" percent="4">
      <mem type="soa" free="534656" total="13495296" percent="3" />
      <mem type="loa" free="136192" total="136192" percent="100" />
    </mem>
    <pending-finalizers system="0" default="0" reference="2" classloader="0" />
  </mem-info>
</gc-end>
<cycle-end id="1287" type="global" contextid="1277" timestamp="2019-09-21T19:37:29.023" />
  <attribute name="elasticGC enabled" value="1" />
  <attribute name= "numThreadsSpecified" value="8" />
  <attribute name="heapSize specified" value="13565952" />
  <attribute name="Current GC Util" value="3" />
  <attribute name= "Current Time Running" value="5745" />
  <attribute name ="GC Interval" value="0" />
  <attribute name="Target GC Util Change" value ="40.000000" />
  <attribute name="Current GC Util Change" value="3.000000"/>
  <attribute name="Current Error" value="-132.000000" />
  <attribute name="Output H" value="13603720"/>
  <attribute name="Output I" value="1928"/>
  <attribute name="Output T" value="8"/>
  <attribute name= "Current Time Running" value="5745" />
  <attribute name="GC Util currently" value="3" />
  <attribute name="CPU Util currently" value="47869564345" />
<allocation-satisfied id="1288" threadId="0000000001EB6E00" bytesRequested="24" />
<af-end id="1289" timestamp="2019-09-21T19:37:29.023" threadId="0000000001EB7788" success="true" />
<exclusive-end id="1290" timestamp="2019-09-21T19:37:29.023" durationms="56.276" />

<exclusive-start id="1291" timestamp="2019-09-21T19:37:29.025" intervalms="58.122">
  <response-info timems="0.144" idlems="0.081" threads="1" lastid="0000000001EB6000" lastname="PmdThread 8" />
</exclusive-start>
<af-start id="1292" threadId="0000000001EB3B88" totalBytesRequested="24" timestamp="2019-09-21T19:37:29.025" intervalms="58.117" />
<cycle-start id="1293" type="global" contextid="0" timestamp="2019-09-21T19:37:29.025" intervalms="58.161" />
<gc-start id="1294" type="global" contextid="1293" timestamp="2019-09-21T19:37:29.025">
  <mem-info id="1295" free="136192" total="13631488" percent="0">
    <mem type="tenure" free="136192" total="13631488" percent="0">
      <mem type="soa" free="0" total="13495296" percent="0" />
      <mem type="loa" free="136192" total="136192" percent="100" />
    </mem>
  </mem-info>
</gc-start>
<allocation-stats totalBytes="537640" >
  <allocated-bytes non-tlh="0" tlh="537640" />
  <largest-consumer threadName="PmdThread 1" threadId="0000000001EB3200" bytes="149472" />
</allocation-stats>
<gc-op id="1296" type="mark" timems="5.525" contextid="1293" timestamp="2019-09-21T19:37:29.031">
  <trace-info objectcount="290428" scancount="263283" scanbytes="8834024" />
  <finalization candidates="58" enqueued="0" />
  <ownableSynchronizers candidates="12" cleared="0" />
  <references type="soft" candidates="100" cleared="0" enqueued="0" dynamicThreshold="1" maxThreshold="32" />
  <references type="weak" candidates="922" cleared="28" enqueued="28" />
  <references type="phantom" candidates="113" cleared="0" enqueued="0" />
  <stringconstants candidates="5024" cleared="0"  />
</gc-op>
<gc-op id="1297" type="sweep" timems="0.368" contextid="1293" timestamp="2019-09-21T19:37:29.032" />
<mem-info id="1298" free="1215592" total="13631488" percent="8">
  <mem type="tenure" free="1215592" total="13631488" percent="8" micro-fragmented="20757" macro-fragmented="0">
    <mem type="soa" free="1079400" total="13495296" percent="7" />
    <mem type="loa" free="136192" total="136192" percent="100" />
  </mem>
  <pending-finalizers system="0" default="0" reference="28" classloader="0" />
</mem-info>
<gc-op id="1299" type="compact" timems="53.717" contextid="1293" timestamp="2019-09-21T19:37:29.085">
  <compact-info movecount="252066" movebytes="9937928" reason="compact to aid heap contraction" />
</gc-op>
<heap-resize id="1300" type="expand" space="tenure" amount="65536" count="1" timems="0.030" reason="satisfy allocation request" timestamp="2019-09-21T19:37:29.086" />
<gc-end id="1301" type="global" contextid="1293" durationms="60.502" usertimems="64.000" systemtimems="8.000" timestamp="2019-09-21T19:37:29.086" activeThreads="8">
  <mem-info id="1302" free="1305464" total="13697024" percent="9">
    <mem type="tenure" free="1305464" total="13697024" percent="9">
      <mem type="soa" free="1169272" total="13560832" percent="8" />
      <mem type="loa" free="136192" total="136192" percent="100" />
    </mem>
    <pending-finalizers system="0" default="0" reference="28" classloader="0" />
  </mem-info>
</gc-end>
<cycle-end id="1303" type="global" contextid="1293" timestamp="2019-09-21T19:37:29.086" />
  <attribute name="elasticGC enabled" value="1" />
  <attribute name= "numThreadsSpecified" value="8" />
  <attribute name="heapSize specified" value="13631488" />
  <attribute name="Current GC Util" value="91" />
  <attribute name= "Current Time Running" value="5808" />
  <attribute name ="GC Interval" value="0" />
  <attribute name="Target GC Util Change" value ="40.000000" />
  <attribute name="Current GC Util Change" value="91.000000"/>
  <attribute name="Current Error" value="-51.000000" />
  <attribute name="Output H" value="13669304"/>
  <attribute name="Output I" value="1976"/>
  <attribute name="Output T" value="8"/>
  <attribute name= "Current Time Running" value="5808" />
  <attribute name="GC Util currently" value="91" />
  <attribute name="CPU Util currently" value="42795873974" />
<allocation-satisfied id="1304" threadId="0000000001EB3200" bytesRequested="24" />
<af-end id="1305" timestamp="2019-09-21T19:37:29.086" threadId="0000000001EB3B88" success="true" />
<exclusive-end id="1306" timestamp="2019-09-21T19:37:29.086" durationms="61.234" />

<exclusive-start id="1307" timestamp="2019-09-21T19:37:29.088" intervalms="63.050">
  <response-info timems="0.086" idlems="0.066" threads="1" lastid="0000000001EB3E00" lastname="PmdThread 5" />
</exclusive-start>
<af-start id="1308" threadId="0000000001EB3B88" totalBytesRequested="72" timestamp="2019-09-21T19:37:29.088" intervalms="63.026" />
<cycle-start id="1309" type="global" contextid="0" timestamp="2019-09-21T19:37:29.088" intervalms="62.968" />
<gc-start id="1310" type="global" contextid="1309" timestamp="2019-09-21T19:37:29.088">
  <mem-info id="1311" free="136192" total="13697024" percent="0">
    <mem type="tenure" free="136192" total="13697024" percent="0">
      <mem type="soa" free="0" total="13560832" percent="0" />
      <mem type="loa" free="136192" total="136192" percent="100" />
    </mem>
  </mem-info>
</gc-start>
<allocation-stats totalBytes="1185112" >
  <allocated-bytes non-tlh="210856" tlh="974256" />
  <largest-consumer threadName="PmdThread 1" threadId="0000000001EB3200" bytes="605888" />
</allocation-stats>
<gc-op id="1312" type="mark" timems="8.381" contextid="1309" timestamp="2019-09-21T19:37:29.097">
  <trace-info objectcount="293772" scancount="266221" scanbytes="8929300" />
  <finalization candidates="58" enqueued="0" />
  <ownableSynchronizers candidates="12" cleared="0" />
  <references type="soft" candidates="102" cleared="0" enqueued="0" dynamicThreshold="3" maxThreshold="32" />
  <references type="weak" candidates="895" cleared="1" enqueued="1" />
  <references type="phantom" candidates="114" cleared="1" enqueued="1" />
  <stringconstants candidates="5024" cleared="0"  />
</gc-op>
<gc-op id="1313" type="sweep" timems="1.123" contextid="1309" timestamp="2019-09-21T19:37:29.098" />
<mem-info id="1314" free="821784" total="13697024" percent="5">
  <mem type="tenure" free="821784" total="13697024" percent="5" micro-fragmented="91709" macro-fragmented="0">
    <mem type="soa" free="685592" total="13560832" percent="5" />
    <mem type="loa" free="136192" total="136192" percent="100" />
  </mem>
  <pending-finalizers system="0" default="0" reference="2" classloader="0" />
</mem-info>
<gc-op id="1315" type="compact" timems="54.859" contextid="1309" timestamp="2019-09-21T19:37:29.153">
  <compact-info movecount="260279" movebytes="10383800" reason="compact to aid heap contraction" />
</gc-op>
<heap-resize id="1316" type="expand" space="tenure" amount="65536" count="1" timems="0.017" reason="satisfy allocation request" timestamp="2019-09-21T19:37:29.154" />
<gc-end id="1317" type="global" contextid="1309" durationms="65.403" usertimems="72.000" systemtimems="4.000" timestamp="2019-09-21T19:37:29.154" activeThreads="8">
  <mem-info id="1318" free="1046320" total="13762560" percent="7">
    <mem type="tenure" free="1046320" total="13762560" percent="7">
      <mem type="soa" free="909104" total="13625344" percent="6" />
      <mem type="loa" free="137216" total="137216" percent="100" />
    </mem>
    <pending-finalizers system="0" default="0" reference="2" classloader="0" />
  </mem-info>
</gc-end>
<cycle-end id="1319" type="global" contextid="1309" timestamp="2019-09-21T19:37:29.154" />
  <attribute name="elasticGC enabled" value="1" />
  <attribute name= "numThreadsSpecified" value="8" />
  <attribute name="heapSize specified" value="13697024" />
  <attribute name="Current GC Util" value="5" />
  <attribute name= "Current Time Running" value="5876" />
  <attribute name ="GC Interval" value="0" />
  <attribute name="Target GC Util Change" value ="40.000000" />
  <attribute name="Current GC Util Change" value="5.000000"/>
  <attribute name="Current Error" value="-505.000000" />
  <attribute name="Output H" value="13734576"/>
  <attribute name="Output I" value="1712"/>
  <attribute name="Output T" value="8"/>
  <attribute name= "Current Time Running" value="5876" />
  <attribute name="GC Util currently" value="5" />
  <attribute name="CPU Util currently" value="41898501567" />
<allocation-satisfied id="1320" threadId="0000000001EB3200" bytesRequested="72" />
<af-end id="1321" timestamp="2019-09-21T19:37:29.154" threadId="0000000001EB3B88" success="true" />
<exclusive-end id="1322" timestamp="2019-09-21T19:37:29.154" durationms="66.263" />

<exclusive-start id="1323" timestamp="2019-09-21T19:37:29.159" intervalms="71.340">
  <response-info timems="0.111" idlems="0.105" threads="1" lastid="0000000001EB5500" lastname="PmdThread 7" />
</exclusive-start>
<af-start id="1324" threadId="0000000001EC2F88" totalBytesRequested="520" timestamp="2019-09-21T19:37:29.160" intervalms="71.350" />
<cycle-start id="1325" type="global" contextid="0" timestamp="2019-09-21T19:37:29.160" intervalms="71.353" />
<gc-start id="1326" type="global" contextid="1325" timestamp="2019-09-21T19:37:29.160">
  <mem-info id="1327" free="137216" total="13762560" percent="0">
    <mem type="tenure" free="137216" total="13762560" percent="0">
      <mem type="soa" free="0" total="13625344" percent="0" />
      <mem type="loa" free="137216" total="137216" percent="100" />
    </mem>
  </mem-info>
</gc-start>
<allocation-stats totalBytes="947864" >
  <allocated-bytes non-tlh="376" tlh="947488" />
  <largest-consumer threadName="PmdThread 8" threadId="0000000001EB6000" bytes="319288" />
</allocation-stats>
<gc-op id="1328" type="mark" timems="9.137" contextid="1325" timestamp="2019-09-21T19:37:29.169">
  <trace-info objectcount="294733" scancount="267134" scanbytes="8965052" />
  <finalization candidates="58" enqueued="0" />
  <ownableSynchronizers candidates="12" cleared="0" />
  <references type="soft" candidates="105" cleared="0" enqueued="0" dynamicThreshold="2" maxThreshold="32" />
  <references type="weak" candidates="939" cleared="42" enqueued="42" />
  <references type="phantom" candidates="116" cleared="2" enqueued="2" />
  <stringconstants candidates="5026" cleared="0"  />
</gc-op>
<gc-op id="1329" type="sweep" timems="0.703" contextid="1325" timestamp="2019-09-21T19:37:29.170" />
<mem-info id="1330" free="1003144" total="13762560" percent="7">
  <mem type="tenure" free="1003144" total="13762560" percent="7" micro-fragmented="47042" macro-fragmented="0">
    <mem type="soa" free="865928" total="13625344" percent="6" />
    <mem type="loa" free="137216" total="137216" percent="100" />
  </mem>
  <pending-finalizers system="0" default="0" reference="44" classloader="0" />
</mem-info>
<gc-op id="1331" type="compact" timems="48.202" contextid="1325" timestamp="2019-09-21T19:37:29.218">
  <compact-info movecount="209893" movebytes="8999608" reason="compact to aid heap contraction" />
</gc-op>
<heap-resize id="1332" type="expand" space="tenure" amount="65536" count="1" timems="0.019" reason="satisfy allocation request" timestamp="2019-09-21T19:37:29.219" />
<gc-end id="1333" type="global" contextid="1325" durationms="59.216" usertimems="64.000" systemtimems="4.000" timestamp="2019-09-21T19:37:29.219" activeThreads="8">
  <mem-info id="1334" free="1128288" total="13828096" percent="8">
    <mem type="tenure" free="1128288" total="13828096" percent="8">
      <mem type="soa" free="990048" total="13689856" percent="7" />
      <mem type="loa" free="138240" total="138240" percent="100" />
    </mem>
    <pending-finalizers system="0" default="0" reference="44" classloader="0" />
  </mem-info>
</gc-end>
<cycle-end id="1335" type="global" contextid="1325" timestamp="2019-09-21T19:37:29.219" />
  <attribute name="elasticGC enabled" value="1" />
  <attribute name= "numThreadsSpecified" value="8" />
  <attribute name="heapSize specified" value="13762560" />
  <attribute name="Current GC Util" value="9" />
  <attribute name= "Current Time Running" value="5941" />
  <attribute name ="GC Interval" value="0" />
  <attribute name="Target GC Util Change" value ="40.000000" />
  <attribute name="Current GC Util Change" value="9.000000"/>
  <attribute name="Current Error" value="-112.000000" />
  <attribute name="Output H" value="13800336"/>
  <attribute name="Output I" value="1936"/>
  <attribute name="Output T" value="8"/>
  <attribute name= "Current Time Running" value="5941" />
  <attribute name="GC Util currently" value="9" />
  <attribute name="CPU Util currently" value="47659819406" />
<allocation-satisfied id="1336" threadId="0000000001EC2600" bytesRequested="520" />
<af-end id="1337" timestamp="2019-09-21T19:37:29.219" threadId="0000000001EC2F88" success="true" />
<exclusive-end id="1338" timestamp="2019-09-21T19:37:29.219" durationms="59.964" />

<exclusive-start id="1339" timestamp="2019-09-21T19:37:29.221" intervalms="61.722">
  <response-info timems="0.113" idlems="0.072" threads="3" lastid="0000000001EB6000" lastname="PmdThread 8" />
</exclusive-start>
<af-start id="1340" threadId="0000000001EB4788" totalBytesRequested="568" timestamp="2019-09-21T19:37:29.221" intervalms="61.715" />
<cycle-start id="1341" type="global" contextid="0" timestamp="2019-09-21T19:37:29.221" intervalms="61.718" />
<gc-start id="1342" type="global" contextid="1341" timestamp="2019-09-21T19:37:29.221">
  <mem-info id="1343" free="138240" total="13828096" percent="0">
    <mem type="tenure" free="138240" total="13828096" percent="0">
      <mem type="soa" free="0" total="13689856" percent="0" />
      <mem type="loa" free="138240" total="138240" percent="100" />
    </mem>
  </mem-info>
</gc-start>
<allocation-stats totalBytes="974024" >
  <allocated-bytes non-tlh="39728" tlh="934296" />
  <largest-consumer threadName="PmdThread 6" threadId="0000000001EB4900" bytes="347984" />
</allocation-stats>
<gc-op id="1344" type="mark" timems="3.840" contextid="1341" timestamp="2019-09-21T19:37:29.225">
  <trace-info objectcount="294778" scancount="267330" scanbytes="8964232" />
  <finalization candidates="58" enqueued="0" />
  <ownableSynchronizers candidates="12" cleared="0" />
  <references type="soft" candidates="106" cleared="1" enqueued="0" dynamicThreshold="2" maxThreshold="32" />
  <references type="weak" candidates="912" cleared="15" enqueued="15" />
  <references type="phantom" candidates="116" cleared="1" enqueued="1" />
  <stringconstants candidates="5028" cleared="0"  />
</gc-op>
<gc-op id="1345" type="sweep" timems="0.385" contextid="1341" timestamp="2019-09-21T19:37:29.226" />
<mem-info id="1346" free="1042672" total="13828096" percent="7">
  <mem type="tenure" free="1042672" total="13828096" percent="7" micro-fragmented="90926" macro-fragmented="0">
    <mem type="soa" free="904432" total="13689856" percent="6" />
    <mem type="loa" free="138240" total="138240" percent="100" />
  </mem>
  <pending-finalizers system="0" default="0" reference="16" classloader="0" />
</mem-info>
<gc-op id="1347" type="compact" timems="52.247" contextid="1341" timestamp="2019-09-21T19:37:29.278">
  <compact-info movecount="247574" movebytes="9953184" reason="compact to aid heap contraction" />
</gc-op>
<heap-resize id="1348" type="expand" space="tenure" amount="65536" count="1" timems="0.019" reason="satisfy allocation request" timestamp="2019-09-21T19:37:29.279" />
<gc-end id="1349" type="global" contextid="1341" durationms="57.270" usertimems="68.000" systemtimems="4.000" timestamp="2019-09-21T19:37:29.279" activeThreads="8">
  <mem-info id="1350" free="1250480" total="13893632" percent="9">
    <mem type="tenure" free="1250480" total="13893632" percent="9">
      <mem type="soa" free="1112240" total="13755392" percent="8" />
      <mem type="loa" free="138240" total="138240" percent="100" />
    </mem>
    <pending-finalizers system="0" default="0" reference="16" classloader="0" />
  </mem-info>
</gc-end>
<cycle-end id="1351" type="global" contextid="1341" timestamp="2019-09-21T19:37:29.279" />
  <attribute name="elasticGC enabled" value="1" />
  <attribute name= "numThreadsSpecified" value="8" />
  <attribute name="heapSize specified" value="13828096" />
  <attribute name="Current GC Util" value="3" />
  <attribute name= "Current Time Running" value="6001" />
  <attribute name ="GC Interval" value="0" />
  <attribute name="Target GC Util Change" value ="40.000000" />
  <attribute name="Current GC Util Change" value="3.000000"/>
  <attribute name="Current Error" value="37.000000" />
  <attribute name="Output H" value="13865960"/>
  <attribute name="Output I" value="2024"/>
  <attribute name="Output T" value="8"/>
  <attribute name= "Current Time Running" value="6001" />
  <attribute name="GC Util currently" value="3" />
  <attribute name="CPU Util currently" value="44002124370" />
<allocation-satisfied id="1352" threadId="0000000001EB3E00" bytesRequested="568" />
<af-end id="1353" timestamp="2019-09-21T19:37:29.279" threadId="0000000001EB4788" success="true" />
<exclusive-end id="1354" timestamp="2019-09-21T19:37:29.279" durationms="57.920" />

<exclusive-start id="1355" timestamp="2019-09-21T19:37:29.292" intervalms="70.853">
  <response-info timems="0.870" idlems="0.400" threads="4" lastid="0000000001BA2E00" lastname="JIT Compilation Thread-2" />
</exclusive-start>
<af-start id="1356" threadId="0000000001EB5288" totalBytesRequested="56" timestamp="2019-09-21T19:37:29.292" intervalms="70.886" />
<cycle-start id="1357" type="global" contextid="0" timestamp="2019-09-21T19:37:29.292" intervalms="70.905" />
<gc-start id="1358" type="global" contextid="1357" timestamp="2019-09-21T19:37:29.292">
  <mem-info id="1359" free="138240" total="13893632" percent="0">
    <mem type="tenure" free="138240" total="13893632" percent="0">
      <mem type="soa" free="0" total="13755392" percent="0" />
      <mem type="loa" free="138240" total="138240" percent="100" />
    </mem>
  </mem-info>
</gc-start>
<allocation-stats totalBytes="1123040" >
  <allocated-bytes non-tlh="96152" tlh="1026888" />
  <largest-consumer threadName="PmdThread 1" threadId="0000000001EB3200" bytes="526048" />
</allocation-stats>
<gc-op id="1360" type="mark" timems="5.086" contextid="1357" timestamp="2019-09-21T19:37:29.298">
  <trace-info objectcount="293237" scancount="265538" scanbytes="8887544" />
  <finalization candidates="58" enqueued="0" />
  <ownableSynchronizers candidates="12" cleared="0" />
  <references type="soft" candidates="106" cleared="2" enqueued="0" dynamicThreshold="2" maxThreshold="32" />
  <references type="weak" candidates="933" cleared="37" enqueued="37" />
  <references type="phantom" candidates="116" cleared="3" enqueued="3" />
  <stringconstants candidates="5028" cleared="0"  />
</gc-op>
<gc-op id="1361" type="sweep" timems="0.437" contextid="1357" timestamp="2019-09-21T19:37:29.298" />
<mem-info id="1362" free="1272768" total="13893632" percent="9">
  <mem type="tenure" free="1272768" total="13893632" percent="9" micro-fragmented="66235" macro-fragmented="0">
    <mem type="soa" free="1134528" total="13755392" percent="8" />
    <mem type="loa" free="138240" total="138240" percent="100" />
  </mem>
  <pending-finalizers system="0" default="0" reference="40" classloader="0" />
</mem-info>
<gc-op id="1363" type="compact" timems="53.556" contextid="1357" timestamp="2019-09-21T19:37:29.352">
  <compact-info movecount="251193" movebytes="9972848" reason="compact to aid heap contraction" />
</gc-op>
<heap-resize id="1364" type="expand" space="tenure" amount="65536" count="1" timems="0.019" reason="satisfy allocation request" timestamp="2019-09-21T19:37:29.352" />
<gc-end id="1365" type="global" contextid="1357" durationms="60.208" usertimems="72.000" systemtimems="0.000" timestamp="2019-09-21T19:37:29.353" activeThreads="8">
  <mem-info id="1366" free="1419576" total="13959168" percent="10">
    <mem type="tenure" free="1419576" total="13959168" percent="10">
      <mem type="soa" free="1280312" total="13819904" percent="9" />
      <mem type="loa" free="139264" total="139264" percent="100" />
    </mem>
    <pending-finalizers system="0" default="0" reference="40" classloader="0" />
  </mem-info>
</gc-end>
<cycle-end id="1367" type="global" contextid="1357" timestamp="2019-09-21T19:37:29.353" />
  <attribute name="elasticGC enabled" value="1" />
  <attribute name= "numThreadsSpecified" value="8" />
  <attribute name="heapSize specified" value="13893632" />
  <attribute name="Current GC Util" value="4" />
  <attribute name= "Current Time Running" value="6075" />
  <attribute name ="GC Interval" value="0" />
  <attribute name="Target GC Util Change" value ="40.000000" />
  <attribute name="Current GC Util Change" value="4.000000"/>
  <attribute name="Current Error" value="-505.000000" />
  <attribute name="Output H" value="13931184"/>
  <attribute name="Output I" value="1712"/>
  <attribute name="Output T" value="8"/>
  <attribute name= "Current Time Running" value="6075" />
  <attribute name="GC Util currently" value="4" />
  <attribute name="CPU Util currently" value="42872447508" />
<allocation-satisfied id="1368" threadId="0000000001EB4900" bytesRequested="56" />
<af-end id="1369" timestamp="2019-09-21T19:37:29.353" threadId="0000000001EB5288" success="true" />
<exclusive-end id="1370" timestamp="2019-09-21T19:37:29.353" durationms="61.027" />

<exclusive-start id="1371" timestamp="2019-09-21T19:37:29.366" intervalms="74.180">
  <response-info timems="0.093" idlems="0.093" threads="0" lastid="0000000001EB3200" lastname="PmdThread 1" />
</exclusive-start>
<af-start id="1372" threadId="0000000001EB3B88" totalBytesRequested="16" timestamp="2019-09-21T19:37:29.366" intervalms="74.192" />
<cycle-start id="1373" type="global" contextid="0" timestamp="2019-09-21T19:37:29.367" intervalms="74.431" />
<gc-start id="1374" type="global" contextid="1373" timestamp="2019-09-21T19:37:29.367">
  <mem-info id="1375" free="139264" total="13959168" percent="0">
    <mem type="tenure" free="139264" total="13959168" percent="0">
      <mem type="soa" free="0" total="13819904" percent="0" />
      <mem type="loa" free="139264" total="139264" percent="100" />
    </mem>
  </mem-info>
</gc-start>
<allocation-stats totalBytes="1296232" >
  <allocated-bytes non-tlh="0" tlh="1296232" />
  <largest-consumer threadName="PmdThread 3" threadId="0000000001EBEA00" bytes="583912" />
</allocation-stats>
<gc-op id="1376" type="mark" timems="7.242" contextid="1373" timestamp="2019-09-21T19:37:29.374">
  <trace-info objectcount="296128" scancount="268311" scanbytes="8993064" />
  <finalization candidates="58" enqueued="0" />
  <ownableSynchronizers candidates="12" cleared="0" />
  <references type="soft" candidates="104" cleared="0" enqueued="0" dynamicThreshold="3" maxThreshold="32" />
  <references type="weak" candidates="899" cleared="3" enqueued="3" />
  <references type="phantom" candidates="116" cleared="3" enqueued="3" />
  <stringconstants candidates="5028" cleared="0"  />
</gc-op>
<gc-op id="1377" type="sweep" timems="1.515" contextid="1373" timestamp="2019-09-21T19:37:29.376" />
<mem-info id="1378" free="1115096" total="13959168" percent="7">
  <mem type="tenure" free="1115096" total="13959168" percent="7" micro-fragmented="140736" macro-fragmented="0">
    <mem type="soa" free="975832" total="13819904" percent="7" />
    <mem type="loa" free="139264" total="139264" percent="100" />
  </mem>
  <pending-finalizers system="0" default="0" reference="6" classloader="0" />
</mem-info>
<gc-op id="1379" type="compact" timems="48.542" contextid="1373" timestamp="2019-09-21T19:37:29.425">
  <compact-info movecount="78991" movebytes="3605872" reason="compact to aid heap contraction" />
</gc-op>
<heap-resize id="1380" type="expand" space="tenure" amount="65536" count="1" timems="0.018" reason="satisfy allocation request" timestamp="2019-09-21T19:37:29.425" />
<gc-end id="1381" type="global" contextid="1373" durationms="58.627" usertimems="76.000" systemtimems="0.000" timestamp="2019-09-21T19:37:29.425" activeThreads="8">
  <mem-info id="1382" free="1349424" total="14024704" percent="9">
    <mem type="tenure" free="1349424" total="14024704" percent="9">
      <mem type="soa" free="1210160" total="13885440" percent="8" />
      <mem type="loa" free="139264" total="139264" percent="100" />
    </mem>
    <pending-finalizers system="0" default="0" reference="6" classloader="0" />
  </mem-info>
</gc-end>
<cycle-end id="1383" type="global" contextid="1373" timestamp="2019-09-21T19:37:29.426" />
  <attribute name="elasticGC enabled" value="1" />
  <attribute name= "numThreadsSpecified" value="8" />
  <attribute name="heapSize specified" value="13959168" />
  <attribute name="Current GC Util" value="13" />
  <attribute name= "Current Time Running" value="6147" />
  <attribute name ="GC Interval" value="0" />
  <attribute name="Target GC Util Change" value ="40.000000" />
  <attribute name="Current GC Util Change" value="13.000000"/>
  <attribute name="Current Error" value="-200.000000" />
  <attribute name="Output H" value="13996896"/>
  <attribute name="Output I" value="1888"/>
  <attribute name="Output T" value="8"/>
  <attribute name= "Current Time Running" value="6147" />
  <attribute name="GC Util currently" value="13" />
  <attribute name="CPU Util currently" value="47348711888" />
<allocation-satisfied id="1384" threadId="0000000001EB3200" bytesRequested="16" />
<af-end id="1385" timestamp="2019-09-21T19:37:29.426" threadId="0000000001EB3B88" success="true" />
<exclusive-end id="1386" timestamp="2019-09-21T19:37:29.426" durationms="59.643" />

<exclusive-start id="1387" timestamp="2019-09-21T19:37:29.427" intervalms="60.880">
  <response-info timems="0.078" idlems="0.078" threads="0" lastid="0000000001EB3E00" lastname="PmdThread 5" />
</exclusive-start>
<af-start id="1388" threadId="0000000001EB4788" totalBytesRequested="464" timestamp="2019-09-21T19:37:29.427" intervalms="60.843" />
<cycle-start id="1389" type="global" contextid="0" timestamp="2019-09-21T19:37:29.427" intervalms="60.632" />
<gc-start id="1390" type="global" contextid="1389" timestamp="2019-09-21T19:37:29.427">
  <mem-info id="1391" free="139264" total="14024704" percent="0">
    <mem type="tenure" free="139264" total="14024704" percent="0">
      <mem type="soa" free="0" total="13885440" percent="0" />
      <mem type="loa" free="139264" total="139264" percent="100" />
    </mem>
    <pending-finalizers system="0" default="0" reference="6" classloader="0" />
  </mem-info>
</gc-start>
<allocation-stats totalBytes="1232104" >
  <allocated-bytes non-tlh="192" tlh="1231912" />
  <largest-consumer threadName="PmdThread 3" threadId="0000000001EBEA00" bytes="705992" />
</allocation-stats>
<gc-op id="1392" type="mark" timems="4.856" contextid="1389" timestamp="2019-09-21T19:37:29.432">
  <trace-info objectcount="298016" scancount="270125" scanbytes="9059268" />
  <finalization candidates="58" enqueued="0" />
  <ownableSynchronizers candidates="12" cleared="0" />
  <references type="soft" candidates="104" cleared="0" enqueued="0" dynamicThreshold="3" maxThreshold="32" />
  <references type="weak" candidates="919" cleared="22" enqueued="22" />
  <references type="phantom" candidates="114" cleared="0" enqueued="0" />
  <stringconstants candidates="5029" cleared="0"  />
</gc-op>
<gc-op id="1393" type="sweep" timems="1.112" contextid="1389" timestamp="2019-09-21T19:37:29.434" />
<mem-info id="1394" free="1194784" total="14024704" percent="8">
  <mem type="tenure" free="1194784" total="14024704" percent="8" micro-fragmented="87296" macro-fragmented="0">
    <mem type="soa" free="1055520" total="13885440" percent="7" />
    <mem type="loa" free="139264" total="139264" percent="100" />
  </mem>
  <pending-finalizers system="0" default="0" reference="28" classloader="0" />
</mem-info>
<gc-op id="1395" type="compact" timems="47.960" contextid="1389" timestamp="2019-09-21T19:37:29.482">
  <compact-info movecount="159001" movebytes="6841088" reason="compact to aid heap contraction" />
</gc-op>
<heap-resize id="1396" type="expand" space="tenure" amount="65536" count="1" timems="0.019" reason="satisfy allocation request" timestamp="2019-09-21T19:37:29.482" />
<gc-end id="1397" type="global" contextid="1389" durationms="54.871" usertimems="64.000" systemtimems="8.000" timestamp="2019-09-21T19:37:29.482" activeThreads="8">
  <mem-info id="1398" free="1349104" total="14090240" percent="9">
    <mem type="tenure" free="1349104" total="14090240" percent="9">
      <mem type="soa" free="1208816" total="13949952" percent="8" />
      <mem type="loa" free="140288" total="140288" percent="100" />
    </mem>
    <pending-finalizers system="0" default="0" reference="28" classloader="0" />
  </mem-info>
</gc-end>
<cycle-end id="1399" type="global" contextid="1389" timestamp="2019-09-21T19:37:29.482" />
  <attribute name="elasticGC enabled" value="1" />
  <attribute name= "numThreadsSpecified" value="8" />
  <attribute name="heapSize specified" value="14024704" />
  <attribute name="Current GC Util" value="95" />
  <attribute name= "Current Time Running" value="6205" />
  <attribute name ="GC Interval" value="0" />
  <attribute name="Target GC Util Change" value ="40.000000" />
  <attribute name="Current GC Util Change" value="95.000000"/>
  <attribute name="Current Error" value="-55.000000" />
  <attribute name="Output H" value="14062520"/>
  <attribute name="Output I" value="1976"/>
  <attribute name="Output T" value="8"/>
  <attribute name= "Current Time Running" value="6205" />
  <attribute name="GC Util currently" value="95" />
  <attribute name="CPU Util currently" value="47873996860" />
<allocation-satisfied id="1400" threadId="0000000001EB3E00" bytesRequested="464" />
<af-end id="1401" timestamp="2019-09-21T19:37:29.483" threadId="0000000001EB4788" success="true" />
<exclusive-end id="1402" timestamp="2019-09-21T19:37:29.483" durationms="55.567" />

<exclusive-start id="1403" timestamp="2019-09-21T19:37:29.486" intervalms="58.461">
  <response-info timems="0.168" idlems="0.168" threads="0" lastid="0000000001EB4900" lastname="PmdThread 6" />
</exclusive-start>
<af-start id="1404" threadId="0000000001EB5288" totalBytesRequested="40" timestamp="2019-09-21T19:37:29.486" intervalms="58.439" />
<cycle-start id="1405" type="global" contextid="0" timestamp="2019-09-21T19:37:29.486" intervalms="58.404" />
<gc-start id="1406" type="global" contextid="1405" timestamp="2019-09-21T19:37:29.486">
  <mem-info id="1407" free="140288" total="14090240" percent="0">
    <mem type="tenure" free="140288" total="14090240" percent="0">
      <mem type="soa" free="0" total="13949952" percent="0" />
      <mem type="loa" free="140288" total="140288" percent="100" />
    </mem>
  </mem-info>
</gc-start>
<allocation-stats totalBytes="1227784" >
  <allocated-bytes non-tlh="184" tlh="1227600" />
  <largest-consumer threadName="PmdThread 3" threadId="0000000001EBEA00" bytes="331752" />
</allocation-stats>
<gc-op id="1408" type="mark" timems="5.343" contextid="1405" timestamp="2019-09-21T19:37:29.491">
  <trace-info objectcount="300523" scancount="272437" scanbytes="9143920" />
  <finalization candidates="58" enqueued="0" />
  <ownableSynchronizers candidates="12" cleared="0" />
  <references type="soft" candidates="106" cleared="1" enqueued="0" dynamicThreshold="3" maxThreshold="32" />
  <references type="weak" candidates="940" cleared="44" enqueued="44" />
  <references type="phantom" candidates="121" cleared="8" enqueued="8" />
  <stringconstants candidates="5030" cleared="0"  />
</gc-op>
<gc-op id="1409" type="sweep" timems="0.995" contextid="1405" timestamp="2019-09-21T19:37:29.492" />
<mem-info id="1410" free="1223848" total="14090240" percent="8">
  <mem type="tenure" free="1223848" total="14090240" percent="8" micro-fragmented="112241" macro-fragmented="0">
    <mem type="soa" free="1083560" total="13949952" percent="7" />
    <mem type="loa" free="140288" total="140288" percent="100" />
  </mem>
  <pending-finalizers system="0" default="0" reference="52" classloader="0" />
</mem-info>
<gc-op id="1411" type="compact" timems="55.558" contextid="1405" timestamp="2019-09-21T19:37:29.548">
  <compact-info movecount="185067" movebytes="7337800" reason="compact to aid heap contraction" />
</gc-op>
<heap-resize id="1412" type="expand" space="tenure" amount="65536" count="1" timems="0.018" reason="satisfy allocation request" timestamp="2019-09-21T19:37:29.549" />
<gc-end id="1413" type="global" contextid="1405" durationms="63.071" usertimems="76.000" systemtimems="12.000" timestamp="2019-09-21T19:37:29.549" activeThreads="8">
  <mem-info id="1414" free="1389552" total="14155776" percent="9">
    <mem type="tenure" free="1389552" total="14155776" percent="9">
      <mem type="soa" free="1248240" total="14014464" percent="8" />
      <mem type="loa" free="141312" total="141312" percent="100" />
    </mem>
    <pending-finalizers system="0" default="0" reference="52" classloader="0" />
  </mem-info>
</gc-end>
<cycle-end id="1415" type="global" contextid="1405" timestamp="2019-09-21T19:37:29.549" />
  <attribute name="elasticGC enabled" value="1" />
  <attribute name= "numThreadsSpecified" value="8" />
  <attribute name="heapSize specified" value="14090240" />
  <attribute name="Current GC Util" value="10" />
  <attribute name= "Current Time Running" value="6271" />
  <attribute name ="GC Interval" value="0" />
  <attribute name="Target GC Util Change" value ="40.000000" />
  <attribute name="Current GC Util Change" value="10.000000"/>
  <attribute name="Current Error" value="-563.000000" />
  <attribute name="Output H" value="14127760"/>
  <attribute name="Output I" value="1680"/>
  <attribute name="Output T" value="8"/>
  <attribute name= "Current Time Running" value="6271" />
  <attribute name="GC Util currently" value="10" />
  <attribute name="CPU Util currently" value="41355170442" />
<allocation-satisfied id="1416" threadId="0000000001EB4900" bytesRequested="40" />
<af-end id="1417" timestamp="2019-09-21T19:37:29.549" threadId="0000000001EB5288" success="true" />
<exclusive-end id="1418" timestamp="2019-09-21T19:37:29.549" durationms="63.759" />

<exclusive-start id="1419" timestamp="2019-09-21T19:37:29.555" intervalms="69.205">
  <response-info timems="1.217" idlems="0.257" threads="5" lastid="0000000001EB5500" lastname="PmdThread 7" />
</exclusive-start>
<af-start id="1420" threadId="0000000001EB7788" totalBytesRequested="40" timestamp="2019-09-21T19:37:29.555" intervalms="69.251" />
<cycle-start id="1421" type="global" contextid="0" timestamp="2019-09-21T19:37:29.555" intervalms="69.251" />
<gc-start id="1422" type="global" contextid="1421" timestamp="2019-09-21T19:37:29.555">
  <mem-info id="1423" free="141312" total="14155776" percent="0">
    <mem type="tenure" free="141312" total="14155776" percent="0">
      <mem type="soa" free="0" total="14014464" percent="0" />
      <mem type="loa" free="141312" total="141312" percent="100" />
    </mem>
  </mem-info>
</gc-start>
<allocation-stats totalBytes="1280448" >
  <allocated-bytes non-tlh="166824" tlh="1113624" />
  <largest-consumer threadName="PmdThread 6" threadId="0000000001EB4900" bytes="475104" />
</allocation-stats>
<gc-op id="1424" type="mark" timems="7.142" contextid="1421" timestamp="2019-09-21T19:37:29.562">
  <trace-info objectcount="305255" scancount="276723" scanbytes="9301060" />
  <finalization candidates="58" enqueued="0" />
  <ownableSynchronizers candidates="12" cleared="0" />
  <references type="soft" candidates="106" cleared="0" enqueued="0" dynamicThreshold="3" maxThreshold="32" />
  <references type="weak" candidates="919" cleared="22" enqueued="22" />
  <references type="phantom" candidates="120" cleared="6" enqueued="6" />
  <stringconstants candidates="5035" cleared="0"  />
</gc-op>
<gc-op id="1425" type="sweep" timems="0.412" contextid="1421" timestamp="2019-09-21T19:37:29.563" />
<mem-info id="1426" free="960088" total="14155776" percent="6">
  <mem type="tenure" free="960088" total="14155776" percent="6" micro-fragmented="213144" macro-fragmented="0">
    <mem type="soa" free="818776" total="14014464" percent="5" />
    <mem type="loa" free="141312" total="141312" percent="100" />
  </mem>
  <pending-finalizers system="0" default="0" reference="28" classloader="0" />
</mem-info>
<gc-op id="1427" type="compact" timems="55.429" contextid="1421" timestamp="2019-09-21T19:37:29.619">
  <compact-info movecount="233810" movebytes="9249944" reason="compact to aid heap contraction" />
</gc-op>
<heap-resize id="1428" type="expand" space="tenure" amount="65536" count="1" timems="0.019" reason="satisfy allocation request" timestamp="2019-09-21T19:37:29.619" />
<gc-end id="1429" type="global" contextid="1421" durationms="64.448" usertimems="84.000" systemtimems="0.000" timestamp="2019-09-21T19:37:29.620" activeThreads="8">
  <mem-info id="1430" free="1223440" total="14221312" percent="8">
    <mem type="tenure" free="1223440" total="14221312" percent="8">
      <mem type="soa" free="1082128" total="14080000" percent="7" />
      <mem type="loa" free="141312" total="141312" percent="100" />
    </mem>
    <pending-finalizers system="0" default="0" reference="28" classloader="0" />
  </mem-info>
</gc-end>
<cycle-end id="1431" type="global" contextid="1421" timestamp="2019-09-21T19:37:29.620" />
  <attribute name="elasticGC enabled" value="1" />
  <attribute name= "numThreadsSpecified" value="8" />
  <attribute name="heapSize specified" value="14155776" />
  <attribute name="Current GC Util" value="92" />
  <attribute name= "Current Time Running" value="6341" />
  <attribute name ="GC Interval" value="0" />
  <attribute name="Target GC Util Change" value ="40.000000" />
  <attribute name="Current GC Util Change" value="92.000000"/>
  <attribute name="Current Error" value="-257.000000" />
  <attribute name="Output H" value="14193472"/>
  <attribute name="Output I" value="1856"/>
  <attribute name="Output T" value="8"/>
  <attribute name= "Current Time Running" value="6341" />
  <attribute name="GC Util currently" value="92" />
  <attribute name="CPU Util currently" value="41435027703" />
<allocation-satisfied id="1432" threadId="0000000001EB6E00" bytesRequested="40" />
<af-end id="1433" timestamp="2019-09-21T19:37:29.620" threadId="0000000001EB7788" success="true" />
<exclusive-end id="1434" timestamp="2019-09-21T19:37:29.620" durationms="65.373" />

<exclusive-start id="1435" timestamp="2019-09-21T19:37:29.625" intervalms="69.937">
  <response-info timems="0.149" idlems="0.088" threads="2" lastid="0000000001BAE100" lastname="JIT Compilation Thread-5" />
</exclusive-start>
<af-start id="1436" threadId="0000000001EC2F88" totalBytesRequested="48" timestamp="2019-09-21T19:37:29.625" intervalms="69.915" />
<cycle-start id="1437" type="global" contextid="0" timestamp="2019-09-21T19:37:29.625" intervalms="69.895" />
<gc-start id="1438" type="global" contextid="1437" timestamp="2019-09-21T19:37:29.625">
  <mem-info id="1439" free="141312" total="14221312" percent="0">
    <mem type="tenure" free="141312" total="14221312" percent="0">
      <mem type="soa" free="0" total="14080000" percent="0" />
      <mem type="loa" free="141312" total="141312" percent="100" />
    </mem>
  </mem-info>
</gc-start>
<allocation-stats totalBytes="1105360" >
  <allocated-bytes non-tlh="16672" tlh="1088688" />
  <largest-consumer threadName="PmdThread 7" threadId="0000000001EB5500" bytes="392888" />
</allocation-stats>
<gc-op id="1440" type="mark" timems="3.846" contextid="1437" timestamp="2019-09-21T19:37:29.629">
  <trace-info objectcount="307788" scancount="279120" scanbytes="9386144" />
  <finalization candidates="58" enqueued="0" />
  <ownableSynchronizers candidates="12" cleared="0" />
  <references type="soft" candidates="106" cleared="1" enqueued="0" dynamicThreshold="2" maxThreshold="32" />
  <references type="weak" candidates="959" cleared="63" enqueued="63" />
  <references type="phantom" candidates="119" cleared="5" enqueued="5" />
  <stringconstants candidates="5035" cleared="0"  />
</gc-op>
<gc-op id="1441" type="sweep" timems="0.389" contextid="1437" timestamp="2019-09-21T19:37:29.630" />
<mem-info id="1442" free="942808" total="14221312" percent="6">
  <mem type="tenure" free="942808" total="14221312" percent="6" micro-fragmented="81412" macro-fragmented="0">
    <mem type="soa" free="801496" total="14080000" percent="5" />
    <mem type="loa" free="141312" total="141312" percent="100" />
  </mem>
  <pending-finalizers system="0" default="0" reference="68" classloader="0" />
</mem-info>
<gc-op id="1443" type="compact" timems="55.467" contextid="1437" timestamp="2019-09-21T19:37:29.685">
  <compact-info movecount="217160" movebytes="8660032" reason="compact to aid heap contraction" />
</gc-op>
<heap-resize id="1444" type="expand" space="tenure" amount="65536" count="1" timems="0.019" reason="satisfy allocation request" timestamp="2019-09-21T19:37:29.686" />
<gc-end id="1445" type="global" contextid="1437" durationms="60.808" usertimems="72.000" systemtimems="4.000" timestamp="2019-09-21T19:37:29.686" activeThreads="8">
  <mem-info id="1446" free="1162376" total="14286848" percent="8">
    <mem type="tenure" free="1162376" total="14286848" percent="8">
      <mem type="soa" free="1020040" total="14144512" percent="7" />
      <mem type="loa" free="142336" total="142336" percent="100" />
    </mem>
    <pending-finalizers system="0" default="0" reference="68" classloader="0" />
  </mem-info>
</gc-end>
<cycle-end id="1447" type="global" contextid="1437" timestamp="2019-09-21T19:37:29.686" />
  <attribute name="elasticGC enabled" value="1" />
  <attribute name= "numThreadsSpecified" value="8" />
  <attribute name="heapSize specified" value="14221312" />
  <attribute name="Current GC Util" value="5" />
  <attribute name= "Current Time Running" value="6408" />
  <attribute name ="GC Interval" value="0" />
  <attribute name="Target GC Util Change" value ="40.000000" />
  <attribute name="Current GC Util Change" value="5.000000"/>
  <attribute name="Current Error" value="35.000000" />
  <attribute name="Output H" value="14259176"/>
  <attribute name="Output I" value="2024"/>
  <attribute name="Output T" value="8"/>
  <attribute name= "Current Time Running" value="6408" />
  <attribute name="GC Util currently" value="5" />
  <attribute name="CPU Util currently" value="41376665737" />
<allocation-satisfied id="1448" threadId="0000000001EC2600" bytesRequested="48" />
<af-end id="1449" timestamp="2019-09-21T19:37:29.686" threadId="0000000001EC2F88" success="true" />
<exclusive-end id="1450" timestamp="2019-09-21T19:37:29.686" durationms="61.562" />

<exclusive-start id="1451" timestamp="2019-09-21T19:37:29.704" intervalms="79.002">
  <response-info timems="15.497" idlems="15.497" threads="0" lastid="0000000001EB6000" lastname="PmdThread 8" />
</exclusive-start>
<af-start id="1452" threadId="0000000001EB6988" totalBytesRequested="32" timestamp="2019-09-21T19:37:29.704" intervalms="79.107" />
<cycle-start id="1453" type="global" contextid="0" timestamp="2019-09-21T19:37:29.704" intervalms="79.163" />
<gc-start id="1454" type="global" contextid="1453" timestamp="2019-09-21T19:37:29.704">
  <mem-info id="1455" free="142336" total="14286848" percent="0">
    <mem type="tenure" free="142336" total="14286848" percent="0">
      <mem type="soa" free="0" total="14144512" percent="0" />
      <mem type="loa" free="142336" total="142336" percent="100" />
    </mem>
  </mem-info>
</gc-start>
<allocation-stats totalBytes="1018800" >
  <allocated-bytes non-tlh="48" tlh="1018752" />
  <largest-consumer threadName="PmdThread 5" threadId="0000000001EB3E00" bytes="396920" />
</allocation-stats>
<gc-op id="1456" type="mark" timems="4.830" contextid="1453" timestamp="2019-09-21T19:37:29.709">
  <trace-info objectcount="309764" scancount="281020" scanbytes="9456196" />
  <finalization candidates="58" enqueued="0" />
  <ownableSynchronizers candidates="12" cleared="0" />
  <references type="soft" candidates="105" cleared="2" enqueued="0" dynamicThreshold="2" maxThreshold="32" />
  <references type="weak" candidates="939" cleared="43" enqueued="43" />
  <references type="phantom" candidates="113" cleared="0" enqueued="0" />
  <stringconstants candidates="5036" cleared="0"  />
</gc-op>
<gc-op id="1457" type="sweep" timems="0.453" contextid="1453" timestamp="2019-09-21T19:37:29.710" />
<mem-info id="1458" free="993448" total="14286848" percent="6">
  <mem type="tenure" free="993448" total="14286848" percent="6" micro-fragmented="147902" macro-fragmented="0">
    <mem type="soa" free="851112" total="14144512" percent="6" />
    <mem type="loa" free="142336" total="142336" percent="100" />
  </mem>
  <pending-finalizers system="0" default="0" reference="43" classloader="0" />
</mem-info>
<gc-op id="1459" type="compact" timems="57.044" contextid="1453" timestamp="2019-09-21T19:37:29.767">
  <compact-info movecount="229456" movebytes="9031408" reason="compact to aid heap contraction" />
</gc-op>
<heap-resize id="1460" type="expand" space="tenure" amount="65536" count="1" timems="0.019" reason="satisfy allocation request" timestamp="2019-09-21T19:37:29.768" />
<gc-end id="1461" type="global" contextid="1453" durationms="63.582" usertimems="72.000" systemtimems="8.000" timestamp="2019-09-21T19:37:29.768" activeThreads="8">
  <mem-info id="1462" free="1142176" total="14352384" percent="7">
    <mem type="tenure" free="1142176" total="14352384" percent="7">
      <mem type="soa" free="998816" total="14209024" percent="7" />
      <mem type="loa" free="143360" total="143360" percent="100" />
    </mem>
    <pending-finalizers system="0" default="0" reference="43" classloader="0" />
  </mem-info>
</gc-end>
<cycle-end id="1463" type="global" contextid="1453" timestamp="2019-09-21T19:37:29.768" />
  <attribute name="elasticGC enabled" value="1" />
  <attribute name= "numThreadsSpecified" value="8" />
  <attribute name="heapSize specified" value="14286848" />
  <attribute name="Current GC Util" value="92" />
  <attribute name= "Current Time Running" value="6490" />
  <attribute name ="GC Interval" value="0" />
  <attribute name="Target GC Util Change" value ="40.000000" />
  <attribute name="Current GC Util Change" value="92.000000"/>
  <attribute name="Current Error" value="-632.000000" />
  <attribute name="Output H" value="14324328"/>
  <attribute name="Output I" value="1640"/>
  <attribute name="Output T" value="8"/>
  <attribute name= "Current Time Running" value="6490" />
  <attribute name="GC Util currently" value="92" />
  <attribute name="CPU Util currently" value="40254527268" />
<allocation-satisfied id="1464" threadId="0000000001EB6000" bytesRequested="32" />
<af-end id="1465" timestamp="2019-09-21T19:37:29.768" threadId="0000000001EB6988" success="true" />
<exclusive-end id="1466" timestamp="2019-09-21T19:37:29.768" durationms="64.676" />

<exclusive-start id="1467" timestamp="2019-09-21T19:37:29.772" intervalms="68.031">
  <response-info timems="0.263" idlems="0.200" threads="2" lastid="0000000001EC2600" lastname="PmdThread 4" />
</exclusive-start>
<af-start id="1468" threadId="0000000001EB4788" totalBytesRequested="40" timestamp="2019-09-21T19:37:29.772" intervalms="67.925" />
<cycle-start id="1469" type="global" contextid="0" timestamp="2019-09-21T19:37:29.772" intervalms="67.880" />
<gc-start id="1470" type="global" contextid="1469" timestamp="2019-09-21T19:37:29.772">
  <mem-info id="1471" free="143360" total="14352384" percent="0">
    <mem type="tenure" free="143360" total="14352384" percent="0">
      <mem type="soa" free="0" total="14209024" percent="0" />
      <mem type="loa" free="143360" total="143360" percent="100" />
    </mem>
  </mem-info>
</gc-start>
<allocation-stats totalBytes="1008344" >
  <allocated-bytes non-tlh="40984" tlh="967360" />
  <largest-consumer threadName="PmdThread 7" threadId="0000000001EB5500" bytes="326992" />
</allocation-stats>
<gc-op id="1472" type="mark" timems="3.738" contextid="1469" timestamp="2019-09-21T19:37:29.776">
  <trace-info objectcount="296349" scancount="268039" scanbytes="9004356" />
  <finalization candidates="58" enqueued="0" />
  <ownableSynchronizers candidates="12" cleared="0" />
  <references type="soft" candidates="104" cleared="2" enqueued="0" dynamicThreshold="2" maxThreshold="32" />
  <references type="weak" candidates="904" cleared="7" enqueued="7" />
  <references type="phantom" candidates="117" cleared="0" enqueued="0" />
  <stringconstants candidates="5036" cleared="0"  />
</gc-op>
<gc-op id="1473" type="sweep" timems="0.802" contextid="1469" timestamp="2019-09-21T19:37:29.777" />
<mem-info id="1474" free="1475896" total="14352384" percent="10">
  <mem type="tenure" free="1475896" total="14352384" percent="10" micro-fragmented="126580" macro-fragmented="0">
    <mem type="soa" free="1332536" total="14209024" percent="9" />
    <mem type="loa" free="143360" total="143360" percent="100" />
  </mem>
  <pending-finalizers system="0" default="0" reference="7" classloader="0" />
</mem-info>
<gc-op id="1475" type="compact" timems="54.188" contextid="1469" timestamp="2019-09-21T19:37:29.831">
  <compact-info movecount="258010" movebytes="10306880" reason="compact to aid heap contraction" />
</gc-op>
<heap-resize id="1476" type="expand" space="tenure" amount="65536" count="1" timems="0.020" reason="satisfy allocation request" timestamp="2019-09-21T19:37:29.832" />
<gc-end id="1477" type="global" contextid="1469" durationms="59.916" usertimems="92.000" systemtimems="0.000" timestamp="2019-09-21T19:37:29.832" activeThreads="8">
  <mem-info id="1478" free="1646080" total="14417920" percent="11">
    <mem type="tenure" free="1646080" total="14417920" percent="11">
      <mem type="soa" free="1502720" total="14274560" percent="10" />
      <mem type="loa" free="143360" total="143360" percent="100" />
    </mem>
    <pending-finalizers system="0" default="0" reference="7" classloader="0" />
  </mem-info>
</gc-end>
<cycle-end id="1479" type="global" contextid="1469" timestamp="2019-09-21T19:37:29.832" />
  <attribute name="elasticGC enabled" value="1" />
  <attribute name= "numThreadsSpecified" value="8" />
  <attribute name="heapSize specified" value="14352384" />
  <attribute name="Current GC Util" value="4" />
  <attribute name= "Current Time Running" value="6554" />
  <attribute name ="GC Interval" value="0" />
  <attribute name="Target GC Util Change" value ="40.000000" />
  <attribute name="Current GC Util Change" value="4.000000"/>
  <attribute name="Current Error" value="-355.000000" />
  <attribute name="Output H" value="14390024"/>
  <attribute name="Output I" value="1800"/>
  <attribute name="Output T" value="8"/>
  <attribute name= "Current Time Running" value="6554" />
  <attribute name="GC Util currently" value="4" />
  <attribute name="CPU Util currently" value="42382125215" />
<allocation-satisfied id="1480" threadId="0000000001EB3E00" bytesRequested="40" />
<af-end id="1481" timestamp="2019-09-21T19:37:29.832" threadId="0000000001EB4788" success="true" />
<exclusive-end id="1482" timestamp="2019-09-21T19:37:29.833" durationms="60.861" />

<exclusive-start id="1483" timestamp="2019-09-21T19:37:29.839" intervalms="66.921">
  <response-info timems="0.726" idlems="0.493" threads="5" lastid="0000000001B9F200" lastname="JIT Compilation Thread-1" />
</exclusive-start>
<af-start id="1484" threadId="0000000001EB4788" totalBytesRequested="56" timestamp="2019-09-21T19:37:29.839" intervalms="66.937" />
<cycle-start id="1485" type="global" contextid="0" timestamp="2019-09-21T19:37:29.839" intervalms="66.924" />
<gc-start id="1486" type="global" contextid="1485" timestamp="2019-09-21T19:37:29.839">
  <mem-info id="1487" free="143360" total="14417920" percent="0">
    <mem type="tenure" free="143360" total="14417920" percent="0">
      <mem type="soa" free="0" total="14274560" percent="0" />
      <mem type="loa" free="143360" total="143360" percent="100" />
    </mem>
  </mem-info>
</gc-start>
<allocation-stats totalBytes="1534832" >
  <allocated-bytes non-tlh="432" tlh="1534400" />
  <largest-consumer threadName="PmdThread 3" threadId="0000000001EBEA00" bytes="819088" />
</allocation-stats>
<gc-op id="1488" type="mark" timems="4.506" contextid="1485" timestamp="2019-09-21T19:37:29.844">
  <trace-info objectcount="305658" scancount="276557" scanbytes="9300528" />
  <finalization candidates="58" enqueued="0" />
  <ownableSynchronizers candidates="12" cleared="0" />
  <references type="soft" candidates="104" cleared="0" enqueued="0" dynamicThreshold="3" maxThreshold="32" />
  <references type="weak" candidates="908" cleared="11" enqueued="11" />
  <references type="phantom" candidates="119" cleared="4" enqueued="4" />
  <stringconstants candidates="5038" cleared="0"  />
</gc-op>
<gc-op id="1489" type="sweep" timems="0.425" contextid="1485" timestamp="2019-09-21T19:37:29.844" />
<mem-info id="1490" free="920616" total="14417920" percent="6">
  <mem type="tenure" free="920616" total="14417920" percent="6" micro-fragmented="340165" macro-fragmented="0">
    <mem type="soa" free="777256" total="14274560" percent="5" />
    <mem type="loa" free="143360" total="143360" percent="100" />
  </mem>
  <pending-finalizers system="0" default="0" reference="15" classloader="0" />
</mem-info>
<gc-op id="1491" type="compact" timems="62.324" contextid="1485" timestamp="2019-09-21T19:37:29.907">
  <compact-info movecount="303888" movebytes="12936704" reason="compact to aid heap contraction" />
</gc-op>
<heap-resize id="1492" type="expand" space="tenure" amount="65536" count="1" timems="0.017" reason="satisfy allocation request" timestamp="2019-09-21T19:37:29.907" />
<gc-end id="1493" type="global" contextid="1485" durationms="68.380" usertimems="88.000" systemtimems="4.000" timestamp="2019-09-21T19:37:29.907" activeThreads="8">
  <mem-info id="1494" free="1409200" total="14483456" percent="9">
    <mem type="tenure" free="1409200" total="14483456" percent="9">
      <mem type="soa" free="1264816" total="14339072" percent="8" />
      <mem type="loa" free="144384" total="144384" percent="100" />
    </mem>
    <pending-finalizers system="0" default="0" reference="15" classloader="0" />
  </mem-info>
</gc-end>
<cycle-end id="1495" type="global" contextid="1485" timestamp="2019-09-21T19:37:29.907" />
  <attribute name="elasticGC enabled" value="1" />
  <attribute name= "numThreadsSpecified" value="8" />
  <attribute name="heapSize specified" value="14417920" />
  <attribute name="Current GC Util" value="7" />
  <attribute name= "Current Time Running" value="6630" />
  <attribute name ="GC Interval" value="0" />
  <attribute name="Target GC Util Change" value ="40.000000" />
  <attribute name="Current GC Util Change" value="7.000000"/>
  <attribute name="Current Error" value="33.000000" />
  <attribute name="Output H" value="14455784"/>
  <attribute name="Output I" value="2024"/>
  <attribute name="Output T" value="8"/>
  <attribute name= "Current Time Running" value="6630" />
  <attribute name="GC Util currently" value="7" />
  <attribute name="CPU Util currently" value="36870848703" />
<allocation-satisfied id="1496" threadId="0000000001EB3E00" bytesRequested="56" />
<af-end id="1497" timestamp="2019-09-21T19:37:29.908" threadId="0000000001EB4788" success="true" />
<exclusive-end id="1498" timestamp="2019-09-21T19:37:29.908" durationms="69.162" />

<exclusive-start id="1499" timestamp="2019-09-21T19:37:29.914" intervalms="75.217">
  <response-info timems="1.168" idlems="0.594" threads="1" lastid="0000000001BA2E00" lastname="JIT Compilation Thread-2" />
</exclusive-start>
<af-start id="1500" threadId="0000000001EB5288" totalBytesRequested="16" timestamp="2019-09-21T19:37:29.914" intervalms="75.210" />
<cycle-start id="1501" type="global" contextid="0" timestamp="2019-09-21T19:37:29.914" intervalms="75.220" />
<gc-start id="1502" type="global" contextid="1501" timestamp="2019-09-21T19:37:29.914">
  <mem-info id="1503" free="144384" total="14483456" percent="0">
    <mem type="tenure" free="144384" total="14483456" percent="0">
      <mem type="soa" free="0" total="14339072" percent="0" />
      <mem type="loa" free="144384" total="144384" percent="100" />
    </mem>
  </mem-info>
</gc-start>
<allocation-stats totalBytes="1288856" >
  <allocated-bytes non-tlh="80" tlh="1288776" />
  <largest-consumer threadName="PmdThread 6" threadId="0000000001EB4900" bytes="494568" />
</allocation-stats>
<gc-op id="1504" type="mark" timems="4.961" contextid="1501" timestamp="2019-09-21T19:37:29.919">
  <trace-info objectcount="310830" scancount="281417" scanbytes="9476156" />
  <finalization candidates="58" enqueued="0" />
  <ownableSynchronizers candidates="12" cleared="0" />
  <references type="soft" candidates="106" cleared="0" enqueued="0" dynamicThreshold="3" maxThreshold="32" />
  <references type="weak" candidates="905" cleared="8" enqueued="8" />
  <references type="phantom" candidates="122" cleared="8" enqueued="8" />
  <stringconstants candidates="5039" cleared="0"  />
</gc-op>
<gc-op id="1505" type="sweep" timems="0.674" contextid="1501" timestamp="2019-09-21T19:37:29.920" />
<mem-info id="1506" free="985968" total="14483456" percent="6">
  <mem type="tenure" free="985968" total="14483456" percent="6" micro-fragmented="164140" macro-fragmented="0">
    <mem type="soa" free="841584" total="14339072" percent="5" />
    <mem type="loa" free="144384" total="144384" percent="100" />
  </mem>
  <pending-finalizers system="0" default="0" reference="16" classloader="0" />
</mem-info>
<gc-op id="1507" type="compact" timems="50.966" contextid="1501" timestamp="2019-09-21T19:37:29.971">
  <compact-info movecount="225014" movebytes="9519968" reason="compact to aid heap contraction" />
</gc-op>
<heap-resize id="1508" type="expand" space="tenure" amount="65536" count="1" timems="0.019" reason="satisfy allocation request" timestamp="2019-09-21T19:37:29.972" />
<gc-end id="1509" type="global" contextid="1501" durationms="57.873" usertimems="68.000" systemtimems="4.000" timestamp="2019-09-21T19:37:29.972" activeThreads="8">
  <mem-info id="1510" free="1266616" total="14548992" percent="8">
    <mem type="tenure" free="1266616" total="14548992" percent="8">
      <mem type="soa" free="1121208" total="14403584" percent="7" />
      <mem type="loa" free="145408" total="145408" percent="100" />
    </mem>
    <pending-finalizers system="0" default="0" reference="16" classloader="0" />
  </mem-info>
</gc-end>
<cycle-end id="1511" type="global" contextid="1501" timestamp="2019-09-21T19:37:29.972" />
  <attribute name="elasticGC enabled" value="1" />
  <attribute name= "numThreadsSpecified" value="8" />
  <attribute name="heapSize specified" value="14483456" />
  <attribute name="Current GC Util" value="90" />
  <attribute name= "Current Time Running" value="6694" />
  <attribute name ="GC Interval" value="0" />
  <attribute name="Target GC Util Change" value ="40.000000" />
  <attribute name="Current GC Util Change" value="90.000000"/>
  <attribute name="Current Error" value="-1184.000000" />
  <attribute name="Output H" value="14520616"/>
  <attribute name="Output I" value="1320"/>
  <attribute name="Output T" value="8"/>
  <attribute name= "Current Time Running" value="6694" />
  <attribute name="GC Util currently" value="90" />
  <attribute name="CPU Util currently" value="45044775549" />
<allocation-satisfied id="1512" threadId="0000000001EB4900" bytesRequested="16" />
<af-end id="1513" timestamp="2019-09-21T19:37:29.972" threadId="0000000001EB5288" success="true" />
<exclusive-end id="1514" timestamp="2019-09-21T19:37:29.973" durationms="58.732" />

<exclusive-start id="1515" timestamp="2019-09-21T19:37:29.977" intervalms="62.976">
  <response-info timems="0.081" idlems="0.045" threads="1" lastid="0000000001B9F200" lastname="JIT Compilation Thread-1" />
</exclusive-start>
<af-start id="1516" threadId="0000000001EB5288" totalBytesRequested="16" timestamp="2019-09-21T19:37:29.977" intervalms="62.981" />
<cycle-start id="1517" type="global" contextid="0" timestamp="2019-09-21T19:37:29.977" intervalms="63.010" />
<gc-start id="1518" type="global" contextid="1517" timestamp="2019-09-21T19:37:29.977">
  <mem-info id="1519" free="145408" total="14548992" percent="0">
    <mem type="tenure" free="145408" total="14548992" percent="0">
      <mem type="soa" free="0" total="14403584" percent="0" />
      <mem type="loa" free="145408" total="145408" percent="100" />
    </mem>
  </mem-info>
</gc-start>
<allocation-stats totalBytes="1157688" >
  <allocated-bytes non-tlh="0" tlh="1157688" />
  <largest-consumer threadName="PmdThread 6" threadId="0000000001EB4900" bytes="695032" />
</allocation-stats>
<gc-op id="1520" type="mark" timems="4.633" contextid="1517" timestamp="2019-09-21T19:37:29.982">
  <trace-info objectcount="315103" scancount="285868" scanbytes="9648972" />
  <finalization candidates="58" enqueued="0" />
  <ownableSynchronizers candidates="12" cleared="0" />
  <references type="soft" candidates="106" cleared="2" enqueued="0" dynamicThreshold="2" maxThreshold="32" />
  <references type="weak" candidates="903" cleared="7" enqueued="7" />
  <references type="phantom" candidates="120" cleared="7" enqueued="7" />
  <stringconstants candidates="5039" cleared="0"  />
</gc-op>
<gc-op id="1521" type="sweep" timems="0.397" contextid="1517" timestamp="2019-09-21T19:37:29.982" />
<mem-info id="1522" free="870296" total="14548992" percent="5">
  <mem type="tenure" free="870296" total="14548992" percent="5" micro-fragmented="233240" macro-fragmented="0">
    <mem type="soa" free="724888" total="14403584" percent="5" />
    <mem type="loa" free="145408" total="145408" percent="100" />
  </mem>
  <pending-finalizers system="0" default="0" reference="14" classloader="0" />
</mem-info>
<gc-op id="1523" type="compact" timems="52.189" contextid="1517" timestamp="2019-09-21T19:37:30.035">
  <compact-info movecount="229275" movebytes="9674120" reason="compact to aid heap contraction" />
</gc-op>
<heap-resize id="1524" type="expand" space="tenure" amount="65536" count="1" timems="0.019" reason="satisfy allocation request" timestamp="2019-09-21T19:37:30.036" />
<gc-end id="1525" type="global" contextid="1517" durationms="58.893" usertimems="76.000" systemtimems="0.000" timestamp="2019-09-21T19:37:30.036" activeThreads="8">
  <mem-info id="1526" free="1169320" total="14614528" percent="8">
    <mem type="tenure" free="1169320" total="14614528" percent="8">
      <mem type="soa" free="1023912" total="14469120" percent="7" />
      <mem type="loa" free="145408" total="145408" percent="100" />
    </mem>
    <pending-finalizers system="0" default="0" reference="14" classloader="0" />
  </mem-info>
</gc-end>
<cycle-end id="1527" type="global" contextid="1517" timestamp="2019-09-21T19:37:30.036" />
  <attribute name="elasticGC enabled" value="1" />
  <attribute name= "numThreadsSpecified" value="8" />
  <attribute name="heapSize specified" value="14548992" />
  <attribute name="Current GC Util" value="91" />
  <attribute name= "Current Time Running" value="6758" />
  <attribute name ="GC Interval" value="0" />
  <attribute name="Target GC Util Change" value ="40.000000" />
  <attribute name="Current GC Util Change" value="91.000000"/>
  <attribute name="Current Error" value="-353.000000" />
  <attribute name="Output H" value="14586632"/>
  <attribute name="Output I" value="1800"/>
  <attribute name="Output T" value="8"/>
  <attribute name= "Current Time Running" value="6758" />
  <attribute name="GC Util currently" value="91" />
  <attribute name="CPU Util currently" value="43969596068" />
<allocation-satisfied id="1528" threadId="0000000001EB4900" bytesRequested="16" />
<af-end id="1529" timestamp="2019-09-21T19:37:30.037" threadId="0000000001EB5288" success="true" />
<exclusive-end id="1530" timestamp="2019-09-21T19:37:30.037" durationms="59.761" />

<exclusive-start id="1531" timestamp="2019-09-21T19:37:30.049" intervalms="72.477">
  <response-info timems="0.242" idlems="0.084" threads="5" lastid="0000000001BAA600" lastname="JIT Compilation Thread-4" />
</exclusive-start>
<af-start id="1532" threadId="0000000001EB5288" totalBytesRequested="16" timestamp="2019-09-21T19:37:30.049" intervalms="72.457" />
<cycle-start id="1533" type="global" contextid="0" timestamp="2019-09-21T19:37:30.050" intervalms="72.420" />
<gc-start id="1534" type="global" contextid="1533" timestamp="2019-09-21T19:37:30.050">
  <mem-info id="1535" free="145408" total="14614528" percent="0">
    <mem type="tenure" free="145408" total="14614528" percent="0">
      <mem type="soa" free="0" total="14469120" percent="0" />
      <mem type="loa" free="145408" total="145408" percent="100" />
    </mem>
  </mem-info>
</gc-start>
<allocation-stats totalBytes="1068024" >
  <allocated-bytes non-tlh="744" tlh="1067280" />
  <largest-consumer threadName="PmdThread 6" threadId="0000000001EB4900" bytes="908280" />
</allocation-stats>
<gc-op id="1536" type="mark" timems="7.839" contextid="1533" timestamp="2019-09-21T19:37:30.057">
  <trace-info objectcount="321714" scancount="292171" scanbytes="9883140" />
  <finalization candidates="58" enqueued="0" />
  <ownableSynchronizers candidates="12" cleared="0" />
  <references type="soft" candidates="104" cleared="1" enqueued="0" dynamicThreshold="2" maxThreshold="32" />
  <references type="weak" candidates="920" cleared="23" enqueued="23" />
  <references type="phantom" candidates="113" cleared="0" enqueued="0" />
  <stringconstants candidates="5041" cleared="0"  />
</gc-op>
<gc-op id="1537" type="sweep" timems="0.835" contextid="1533" timestamp="2019-09-21T19:37:30.058" />
<mem-info id="1538" free="655640" total="14614528" percent="4">
  <mem type="tenure" free="655640" total="14614528" percent="4" micro-fragmented="195792" macro-fragmented="0">
    <mem type="soa" free="510232" total="14469120" percent="3" />
    <mem type="loa" free="145408" total="145408" percent="100" />
  </mem>
  <pending-finalizers system="0" default="0" reference="23" classloader="0" />
</mem-info>
<gc-op id="1539" type="compact" timems="52.161" contextid="1533" timestamp="2019-09-21T19:37:30.111">
  <compact-info movecount="235630" movebytes="9912104" reason="compact to aid heap contraction" />
</gc-op>
<heap-resize id="1540" type="expand" space="tenure" amount="65536" count="1" timems="0.018" reason="satisfy allocation request" timestamp="2019-09-21T19:37:30.112" />
<gc-end id="1541" type="global" contextid="1533" durationms="62.531" usertimems="76.000" systemtimems="0.000" timestamp="2019-09-21T19:37:30.112" activeThreads="8">
  <mem-info id="1542" free="978560" total="14680064" percent="6">
    <mem type="tenure" free="978560" total="14680064" percent="6">
      <mem type="soa" free="832128" total="14533632" percent="5" />
      <mem type="loa" free="146432" total="146432" percent="100" />
    </mem>
    <pending-finalizers system="0" default="0" reference="23" classloader="0" />
  </mem-info>
</gc-end>
<cycle-end id="1543" type="global" contextid="1533" timestamp="2019-09-21T19:37:30.112" />
  <attribute name="elasticGC enabled" value="1" />
  <attribute name= "numThreadsSpecified" value="8" />
  <attribute name="heapSize specified" value="14614528" />
  <attribute name="Current GC Util" value="91" />
  <attribute name= "Current Time Running" value="6834" />
  <attribute name ="GC Interval" value="0" />
  <attribute name="Target GC Util Change" value ="40.000000" />
  <attribute name="Current GC Util Change" value="91.000000"/>
  <attribute name="Current Error" value="-51.000000" />
  <attribute name="Output H" value="14652344"/>
  <attribute name="Output I" value="1976"/>
  <attribute name="Output T" value="8"/>
  <attribute name= "Current Time Running" value="6834" />
  <attribute name="GC Util currently" value="91" />
  <attribute name="CPU Util currently" value="44060197885" />
<allocation-satisfied id="1544" threadId="0000000001EB4900" bytesRequested="16" />
<af-end id="1545" timestamp="2019-09-21T19:37:30.113" threadId="0000000001EB5288" success="true" />
<exclusive-end id="1546" timestamp="2019-09-21T19:37:30.113" durationms="63.428" />

<exclusive-start id="1547" timestamp="2019-09-21T19:37:30.115" intervalms="65.585">
  <response-info timems="0.105" idlems="0.052" threads="2" lastid="0000000001BB1D00" lastname="JIT Compilation Thread-6" />
</exclusive-start>
<af-start id="1548" threadId="0000000001EB5288" totalBytesRequested="40" timestamp="2019-09-21T19:37:30.115" intervalms="65.576" />
<cycle-start id="1549" type="global" contextid="0" timestamp="2019-09-21T19:37:30.115" intervalms="65.575" />
<gc-start id="1550" type="global" contextid="1549" timestamp="2019-09-21T19:37:30.115">
  <mem-info id="1551" free="146432" total="14680064" percent="0">
    <mem type="tenure" free="146432" total="14680064" percent="0">
      <mem type="soa" free="0" total="14533632" percent="0" />
      <mem type="loa" free="146432" total="146432" percent="100" />
    </mem>
  </mem-info>
</gc-start>
<allocation-stats totalBytes="885224" >
  <allocated-bytes non-tlh="176" tlh="885048" />
  <largest-consumer threadName="PmdThread 6" threadId="0000000001EB4900" bytes="786760" />
</allocation-stats>
<gc-op id="1552" type="mark" timems="6.085" contextid="1549" timestamp="2019-09-21T19:37:30.121">
  <trace-info objectcount="326494" scancount="296748" scanbytes="10056388" />
  <finalization candidates="58" enqueued="0" />
  <ownableSynchronizers candidates="12" cleared="0" />
  <references type="soft" candidates="103" cleared="5" enqueued="0" dynamicThreshold="2" maxThreshold="32" />
  <references type="weak" candidates="897" cleared="1" enqueued="1" />
  <references type="phantom" candidates="113" cleared="0" enqueued="0" />
  <stringconstants candidates="5041" cleared="0"  />
</gc-op>
<gc-op id="1553" type="sweep" timems="1.575" contextid="1549" timestamp="2019-09-21T19:37:30.123" />
<mem-info id="1554" free="639584" total="14680064" percent="4">
  <mem type="tenure" free="639584" total="14680064" percent="4" micro-fragmented="245445" macro-fragmented="0">
    <mem type="soa" free="493152" total="14533632" percent="3" />
    <mem type="loa" free="146432" total="146432" percent="100" />
  </mem>
  <pending-finalizers system="0" default="0" reference="1" classloader="0" />
</mem-info>
<gc-op id="1555" type="compact" timems="60.739" contextid="1549" timestamp="2019-09-21T19:37:30.184">
  <compact-info movecount="279332" movebytes="11095792" reason="compact to aid heap contraction" />
</gc-op>
<heap-resize id="1556" type="expand" space="tenure" amount="65536" count="1" timems="0.020" reason="satisfy allocation request" timestamp="2019-09-21T19:37:30.185" />
<gc-end id="1557" type="global" contextid="1549" durationms="69.964" usertimems="68.000" systemtimems="20.000" timestamp="2019-09-21T19:37:30.185" activeThreads="8">
  <mem-info id="1558" free="924840" total="14745600" percent="6">
    <mem type="tenure" free="924840" total="14745600" percent="6">
      <mem type="soa" free="777384" total="14598144" percent="5" />
      <mem type="loa" free="147456" total="147456" percent="100" />
    </mem>
    <pending-finalizers system="0" default="0" reference="1" classloader="0" />
  </mem-info>
</gc-end>
<cycle-end id="1559" type="global" contextid="1549" timestamp="2019-09-21T19:37:30.185" />
  <attribute name="elasticGC enabled" value="1" />
  <attribute name= "numThreadsSpecified" value="8" />
  <attribute name="heapSize specified" value="14680064" />
  <attribute name="Current GC Util" value="10" />
  <attribute name= "Current Time Running" value="6907" />
  <attribute name ="GC Interval" value="0" />
  <attribute name="Target GC Util Change" value ="40.000000" />
  <attribute name="Current GC Util Change" value="10.000000"/>
  <attribute name="Current Error" value="-517.000000" />
  <attribute name="Output H" value="14717608"/>
  <attribute name="Output I" value="1704"/>
  <attribute name="Output T" value="8"/>
  <attribute name= "Current Time Running" value="6907" />
  <attribute name="GC Util currently" value="10" />
  <attribute name="CPU Util currently" value="37816172300" />
<allocation-satisfied id="1560" threadId="0000000001EB4900" bytesRequested="40" />
<af-end id="1561" timestamp="2019-09-21T19:37:30.186" threadId="0000000001EB5288" success="true" />
<exclusive-end id="1562" timestamp="2019-09-21T19:37:30.186" durationms="70.807" />

<exclusive-start id="1563" timestamp="2019-09-21T19:37:30.189" intervalms="73.661">
  <response-info timems="0.091" idlems="0.091" threads="0" lastid="0000000001EB4900" lastname="PmdThread 6" />
</exclusive-start>
<af-start id="1564" threadId="0000000001EB5288" totalBytesRequested="40" timestamp="2019-09-21T19:37:30.189" intervalms="73.656" />
<cycle-start id="1565" type="global" contextid="0" timestamp="2019-09-21T19:37:30.189" intervalms="73.647" />
<gc-start id="1566" type="global" contextid="1565" timestamp="2019-09-21T19:37:30.189">
  <mem-info id="1567" free="147456" total="14745600" percent="1">
    <mem type="tenure" free="147456" total="14745600" percent="1">
      <mem type="soa" free="0" total="14598144" percent="0" />
      <mem type="loa" free="147456" total="147456" percent="100" />
    </mem>
  </mem-info>
</gc-start>
<allocation-stats totalBytes="826224" >
  <allocated-bytes non-tlh="0" tlh="826224" />
  <largest-consumer threadName="PmdThread 6" threadId="0000000001EB4900" bytes="818032" />
</allocation-stats>
<gc-op id="1568" type="mark" timems="6.850" contextid="1565" timestamp="2019-09-21T19:37:30.196">
  <trace-info objectcount="332283" scancount="302281" scanbytes="10263120" />
  <finalization candidates="58" enqueued="0" />
  <ownableSynchronizers candidates="12" cleared="0" />
  <references type="soft" candidates="98" cleared="0" enqueued="0" dynamicThreshold="2" maxThreshold="32" />
  <references type="weak" candidates="896" cleared="0" enqueued="0" />
  <references type="phantom" candidates="113" cleared="0" enqueued="0" />
  <stringconstants candidates="5041" cleared="0"  />
</gc-op>
<gc-op id="1569" type="sweep" timems="1.325" contextid="1565" timestamp="2019-09-21T19:37:30.197" />
<mem-info id="1570" free="490776" total="14745600" percent="3">
  <mem type="tenure" free="490776" total="14745600" percent="3" micro-fragmented="203871" macro-fragmented="0">
    <mem type="soa" free="343320" total="14598144" percent="2" />
    <mem type="loa" free="147456" total="147456" percent="100" />
  </mem>
</mem-info>
<gc-op id="1571" type="compact" timems="55.709" contextid="1565" timestamp="2019-09-21T19:37:30.253">
  <compact-info movecount="243972" movebytes="10113528" reason="compact to aid heap contraction" />
</gc-op>
<heap-resize id="1572" type="expand" space="tenure" amount="65536" count="1" timems="0.018" reason="satisfy allocation request" timestamp="2019-09-21T19:37:30.254" />
<gc-end id="1573" type="global" contextid="1565" durationms="65.035" usertimems="84.000" systemtimems="0.000" timestamp="2019-09-21T19:37:30.254" activeThreads="8">
  <mem-info id="1574" free="767256" total="14811136" percent="5">
    <mem type="tenure" free="767256" total="14811136" percent="5">
      <mem type="soa" free="619800" total="14663680" percent="4" />
      <mem type="loa" free="147456" total="147456" percent="100" />
    </mem>
  </mem-info>
</gc-end>
<cycle-end id="1575" type="global" contextid="1565" timestamp="2019-09-21T19:37:30.254" />
  <attribute name="elasticGC enabled" value="1" />
  <attribute name= "numThreadsSpecified" value="8" />
  <attribute name="heapSize specified" value="14745600" />
  <attribute name="Current GC Util" value="11" />
  <attribute name= "Current Time Running" value="6976" />
  <attribute name ="GC Interval" value="0" />
  <attribute name="Target GC Util Change" value ="40.000000" />
  <attribute name="Current GC Util Change" value="11.000000"/>
  <attribute name="Current Error" value="-286.000000" />
  <attribute name="Output H" value="14783280"/>
  <attribute name="Output I" value="1840"/>
  <attribute name="Output T" value="8"/>
  <attribute name= "Current Time Running" value="6976" />
  <attribute name="GC Util currently" value="11" />
  <attribute name="CPU Util currently" value="41199135110" />
<allocation-satisfied id="1576" threadId="0000000001EB4900" bytesRequested="40" />
<af-end id="1577" timestamp="2019-09-21T19:37:30.254" threadId="0000000001EB5288" success="true" />
<exclusive-end id="1578" timestamp="2019-09-21T19:37:30.254" durationms="65.827" />

<exclusive-start id="1579" timestamp="2019-09-21T19:37:30.257" intervalms="68.177">
  <response-info timems="0.054" idlems="0.054" threads="0" lastid="0000000001EB4900" lastname="PmdThread 6" />
</exclusive-start>
<af-start id="1580" threadId="0000000001EB5288" totalBytesRequested="16" timestamp="2019-09-21T19:37:30.257" intervalms="68.193" />
<cycle-start id="1581" type="global" contextid="0" timestamp="2019-09-21T19:37:30.257" intervalms="68.211" />
<gc-start id="1582" type="global" contextid="1581" timestamp="2019-09-21T19:37:30.257">
  <mem-info id="1583" free="147456" total="14811136" percent="0">
    <mem type="tenure" free="147456" total="14811136" percent="0">
      <mem type="soa" free="0" total="14663680" percent="0" />
      <mem type="loa" free="147456" total="147456" percent="100" />
    </mem>
  </mem-info>
</gc-start>
<allocation-stats totalBytes="668744" >
  <allocated-bytes non-tlh="0" tlh="668744" />
  <largest-consumer threadName="PmdThread 6" threadId="0000000001EB4900" bytes="660552" />
</allocation-stats>
<gc-op id="1584" type="mark" timems="5.602" contextid="1581" timestamp="2019-09-21T19:37:30.263">
  <trace-info objectcount="337012" scancount="306763" scanbytes="10429552" />
  <finalization candidates="58" enqueued="0" />
  <ownableSynchronizers candidates="12" cleared="0" />
  <references type="soft" candidates="98" cleared="0" enqueued="0" dynamicThreshold="1" maxThreshold="32" />
  <references type="weak" candidates="896" cleared="0" enqueued="0" />
  <references type="phantom" candidates="113" cleared="0" enqueued="0" />
  <stringconstants candidates="5041" cleared="0"  />
</gc-op>
<gc-op id="1585" type="sweep" timems="0.600" contextid="1581" timestamp="2019-09-21T19:37:30.263" />
<mem-info id="1586" free="422504" total="14811136" percent="2">
  <mem type="tenure" free="422504" total="14811136" percent="2" micro-fragmented="143993" macro-fragmented="0">
    <mem type="soa" free="275048" total="14663680" percent="1" />
    <mem type="loa" free="147456" total="147456" percent="100" />
  </mem>
</mem-info>
<gc-op id="1587" type="compact" timems="55.079" contextid="1581" timestamp="2019-09-21T19:37:30.319">
  <compact-info movecount="248677" movebytes="10292304" reason="compact to aid heap contraction" />
</gc-op>
<heap-resize id="1588" type="expand" space="tenure" amount="65536" count="1" timems="0.017" reason="satisfy allocation request" timestamp="2019-09-21T19:37:30.319" />
<gc-end id="1589" type="global" contextid="1581" durationms="62.373" usertimems="80.000" systemtimems="0.000" timestamp="2019-09-21T19:37:30.319" activeThreads="8">
  <mem-info id="1590" free="657128" total="14876672" percent="4">
    <mem type="tenure" free="657128" total="14876672" percent="4">
      <mem type="soa" free="508648" total="14728192" percent="3" />
      <mem type="loa" free="148480" total="148480" percent="100" />
    </mem>
  </mem-info>
</gc-end>
<cycle-end id="1591" type="global" contextid="1581" timestamp="2019-09-21T19:37:30.320" />
  <attribute name="elasticGC enabled" value="1" />
  <attribute name= "numThreadsSpecified" value="8" />
  <attribute name="heapSize specified" value="14811136" />
  <attribute name="Current GC Util" value="6" />
  <attribute name= "Current Time Running" value="7042" />
  <attribute name ="GC Interval" value="0" />
  <attribute name="Target GC Util Change" value ="40.000000" />
  <attribute name="Current GC Util Change" value="6.000000"/>
  <attribute name="Current Error" value="34.000000" />
  <attribute name="Output H" value="14849000"/>
  <attribute name="Output I" value="2024"/>
  <attribute name="Output T" value="8"/>
  <attribute name= "Current Time Running" value="7042" />
  <attribute name="GC Util currently" value="6" />
  <attribute name="CPU Util currently" value="41767312315" />
<allocation-satisfied id="1592" threadId="0000000001EB4900" bytesRequested="16" />
<af-end id="1593" timestamp="2019-09-21T19:37:30.320" threadId="0000000001EB5288" success="true" />
<exclusive-end id="1594" timestamp="2019-09-21T19:37:30.320" durationms="63.087" />

<exclusive-start id="1595" timestamp="2019-09-21T19:37:30.323" intervalms="66.680">
  <response-info timems="0.067" idlems="0.039" threads="1" lastid="0000000001EB3200" lastname="PmdThread 1" />
</exclusive-start>
<af-start id="1596" threadId="0000000001EB5288" totalBytesRequested="56" timestamp="2019-09-21T19:37:30.324" intervalms="66.678" />
<cycle-start id="1597" type="global" contextid="0" timestamp="2019-09-21T19:37:30.324" intervalms="66.690" />
<gc-start id="1598" type="global" contextid="1597" timestamp="2019-09-21T19:37:30.324">
  <mem-info id="1599" free="148480" total="14876672" percent="0">
    <mem type="tenure" free="148480" total="14876672" percent="0">
      <mem type="soa" free="0" total="14728192" percent="0" />
      <mem type="loa" free="148480" total="148480" percent="100" />
    </mem>
  </mem-info>
</gc-start>
<allocation-stats totalBytes="549944" >
  <allocated-bytes non-tlh="57384" tlh="492560" />
  <largest-consumer threadName="PmdThread 6" threadId="0000000001EB4900" bytes="414168" />
</allocation-stats>
<gc-op id="1600" type="mark" timems="7.493" contextid="1597" timestamp="2019-09-21T19:37:30.331">
  <trace-info objectcount="340310" scancount="309859" scanbytes="10544188" />
  <finalization candidates="58" enqueued="0" />
  <ownableSynchronizers candidates="12" cleared="0" />
  <references type="soft" candidates="101" cleared="0" enqueued="0" dynamicThreshold="1" maxThreshold="32" />
  <references type="weak" candidates="903" cleared="6" enqueued="6" />
  <references type="phantom" candidates="114" cleared="0" enqueued="0" />
  <stringconstants candidates="5041" cleared="0"  />
</gc-op>
<gc-op id="1601" type="sweep" timems="2.742" contextid="1597" timestamp="2019-09-21T19:37:30.334" />
<mem-info id="1602" free="360736" total="14876672" percent="2">
  <mem type="tenure" free="360736" total="14876672" percent="2" micro-fragmented="118770" macro-fragmented="0">
    <mem type="soa" free="212256" total="14728192" percent="1" />
    <mem type="loa" free="148480" total="148480" percent="100" />
  </mem>
  <pending-finalizers system="0" default="0" reference="6" classloader="0" />
</mem-info>
<gc-op id="1603" type="compact" timems="58.745" contextid="1597" timestamp="2019-09-21T19:37:30.393">
  <compact-info movecount="251951" movebytes="10483112" reason="compact to aid heap contraction" />
</gc-op>
<heap-resize id="1604" type="expand" space="tenure" amount="65536" count="1" timems="0.018" reason="satisfy allocation request" timestamp="2019-09-21T19:37:30.394" />
<gc-end id="1605" type="global" contextid="1597" durationms="70.785" usertimems="84.000" systemtimems="8.000" timestamp="2019-09-21T19:37:30.395" activeThreads="8">
  <mem-info id="1606" free="534968" total="14942208" percent="3">
    <mem type="tenure" free="534968" total="14942208" percent="3">
      <mem type="soa" free="386488" total="14793728" percent="2" />
      <mem type="loa" free="148480" total="148480" percent="100" />
    </mem>
    <pending-finalizers system="0" default="0" reference="6" classloader="0" />
  </mem-info>
</gc-end>
<cycle-end id="1607" type="global" contextid="1597" timestamp="2019-09-21T19:37:30.395" />
  <attribute name="elasticGC enabled" value="1" />
  <attribute name= "numThreadsSpecified" value="8" />
  <attribute name="heapSize specified" value="14876672" />
  <attribute name="Current GC Util" value="11" />
  <attribute name= "Current Time Running" value="7116" />
  <attribute name ="GC Interval" value="0" />
  <attribute name="Target GC Util Change" value ="40.000000" />
  <attribute name="Current GC Util Change" value="11.000000"/>
  <attribute name="Current Error" value="-1362.000000" />
  <attribute name="Output H" value="14913728"/>
  <attribute name="Output I" value="1216"/>
  <attribute name="Output T" value="8"/>
  <attribute name= "Current Time Running" value="7116" />
  <attribute name="GC Util currently" value="11" />
  <attribute name="CPU Util currently" value="39119890389" />
<allocation-satisfied id="1608" threadId="0000000001EB4900" bytesRequested="56" />
<af-end id="1609" timestamp="2019-09-21T19:37:30.395" threadId="0000000001EB5288" success="true" />
<exclusive-end id="1610" timestamp="2019-09-21T19:37:30.395" durationms="71.641" />

<exclusive-start id="1611" timestamp="2019-09-21T19:37:30.404" intervalms="80.581">
  <response-info timems="0.060" idlems="0.060" threads="0" lastid="0000000001EB3200" lastname="PmdThread 1" />
</exclusive-start>
<af-start id="1612" threadId="0000000001EB3B88" totalBytesRequested="40" timestamp="2019-09-21T19:37:30.404" intervalms="80.617" />
<cycle-start id="1613" type="global" contextid="0" timestamp="2019-09-21T19:37:30.404" intervalms="80.655" />
<gc-start id="1614" type="global" contextid="1613" timestamp="2019-09-21T19:37:30.404">
  <mem-info id="1615" free="148480" total="14942208" percent="0">
    <mem type="tenure" free="148480" total="14942208" percent="0">
      <mem type="soa" free="0" total="14793728" percent="0" />
      <mem type="loa" free="148480" total="148480" percent="100" />
    </mem>
  </mem-info>
</gc-start>
<allocation-stats totalBytes="424416" >
  <allocated-bytes non-tlh="4912" tlh="419504" />
  <largest-consumer threadName="PmdThread 7" threadId="0000000001EB5500" bytes="114072" />
</allocation-stats>
<gc-op id="1616" type="mark" timems="6.456" contextid="1613" timestamp="2019-09-21T19:37:30.411">
  <trace-info objectcount="340644" scancount="310209" scanbytes="10556784" />
  <finalization candidates="58" enqueued="0" />
  <ownableSynchronizers candidates="12" cleared="0" />
  <references type="soft" candidates="102" cleared="1" enqueued="0" dynamicThreshold="1" maxThreshold="32" />
  <references type="weak" candidates="949" cleared="53" enqueued="53" />
  <references type="phantom" candidates="114" cleared="1" enqueued="1" />
  <stringconstants candidates="5063" cleared="0"  />
</gc-op>
<gc-op id="1617" type="sweep" timems="0.959" contextid="1613" timestamp="2019-09-21T19:37:30.412" />
<mem-info id="1618" free="545752" total="14942208" percent="3">
  <mem type="tenure" free="545752" total="14942208" percent="3" micro-fragmented="9728" macro-fragmented="0">
    <mem type="soa" free="397272" total="14793728" percent="2" />
    <mem type="loa" free="148480" total="148480" percent="100" />
  </mem>
  <pending-finalizers system="0" default="0" reference="54" classloader="0" />
</mem-info>
<gc-op id="1619" type="compact" timems="56.678" contextid="1613" timestamp="2019-09-21T19:37:30.469">
  <compact-info movecount="252273" movebytes="10490344" reason="compact to aid heap contraction" />
</gc-op>
<heap-resize id="1620" type="expand" space="tenure" amount="65536" count="1" timems="0.020" reason="satisfy allocation request" timestamp="2019-09-21T19:37:30.469" />
<gc-end id="1621" type="global" contextid="1613" durationms="65.186" usertimems="76.000" systemtimems="8.000" timestamp="2019-09-21T19:37:30.470" activeThreads="8">
  <mem-info id="1622" free="621440" total="15007744" percent="4">
    <mem type="tenure" free="621440" total="15007744" percent="4">
      <mem type="soa" free="471936" total="14858240" percent="3" />
      <mem type="loa" free="149504" total="149504" percent="100" />
    </mem>
    <pending-finalizers system="0" default="0" reference="54" classloader="0" />
  </mem-info>
</gc-end>
<cycle-end id="1623" type="global" contextid="1613" timestamp="2019-09-21T19:37:30.470" />
  <attribute name="elasticGC enabled" value="1" />
  <attribute name= "numThreadsSpecified" value="8" />
  <attribute name="heapSize specified" value="14942208" />
  <attribute name="Current GC Util" value="93" />
  <attribute name= "Current Time Running" value="7192" />
  <attribute name ="GC Interval" value="0" />
  <attribute name="Target GC Util Change" value ="40.000000" />
  <attribute name="Current GC Util Change" value="93.000000"/>
  <attribute name="Current Error" value="-336.000000" />
  <attribute name="Output H" value="14979856"/>
  <attribute name="Output I" value="1808"/>
  <attribute name="Output T" value="8"/>
  <attribute name= "Current Time Running" value="7192" />
  <attribute name="GC Util currently" value="93" />
  <attribute name="CPU Util currently" value="40528185262" />
<allocation-satisfied id="1624" threadId="0000000001EB3200" bytesRequested="40" />
<af-end id="1625" timestamp="2019-09-21T19:37:30.470" threadId="0000000001EB3B88" success="true" />
<exclusive-end id="1626" timestamp="2019-09-21T19:37:30.470" durationms="66.134" />

<exclusive-start id="1627" timestamp="2019-09-21T19:37:30.472" intervalms="68.088">
  <response-info timems="0.264" idlems="0.228" threads="1" lastid="0000000001EB3E00" lastname="PmdThread 5" />
</exclusive-start>
<af-start id="1628" threadId="0000000001EBF388" totalBytesRequested="48" timestamp="2019-09-21T19:37:30.472" intervalms="68.067" />
<cycle-start id="1629" type="global" contextid="0" timestamp="2019-09-21T19:37:30.472" intervalms="68.035" />
<gc-start id="1630" type="global" contextid="1629" timestamp="2019-09-21T19:37:30.472">
  <mem-info id="1631" free="149504" total="15007744" percent="0">
    <mem type="tenure" free="149504" total="15007744" percent="0">
      <mem type="soa" free="0" total="14858240" percent="0" />
      <mem type="loa" free="149504" total="149504" percent="100" />
    </mem>
  </mem-info>
</gc-start>
<allocation-stats totalBytes="483088" >
  <allocated-bytes non-tlh="0" tlh="483088" />
  <largest-consumer threadName="PmdThread 2" threadId="0000000001EB6E00" bytes="220776" />
</allocation-stats>
<gc-op id="1632" type="mark" timems="10.135" contextid="1629" timestamp="2019-09-21T19:37:30.483">
  <trace-info objectcount="339944" scancount="309651" scanbytes="10538468" />
  <finalization candidates="58" enqueued="0" />
  <ownableSynchronizers candidates="12" cleared="0" />
  <references type="soft" candidates="101" cleared="1" enqueued="0" dynamicThreshold="1" maxThreshold="32" />
  <references type="weak" candidates="914" cleared="18" enqueued="18" />
  <references type="phantom" candidates="113" cleared="0" enqueued="0" />
  <stringconstants candidates="5063" cleared="0"  />
</gc-op>
<gc-op id="1633" type="sweep" timems="0.557" contextid="1629" timestamp="2019-09-21T19:37:30.484" />
<mem-info id="1634" free="707592" total="15007744" percent="4">
  <mem type="tenure" free="707592" total="15007744" percent="4" micro-fragmented="7950" macro-fragmented="0">
    <mem type="soa" free="558088" total="14858240" percent="3" />
    <mem type="loa" free="149504" total="149504" percent="100" />
  </mem>
  <pending-finalizers system="0" default="0" reference="18" classloader="0" />
</mem-info>
<gc-op id="1635" type="compact" timems="62.432" contextid="1629" timestamp="2019-09-21T19:37:30.546">
  <compact-info movecount="299550" movebytes="11798728" reason="compact to aid heap contraction" />
</gc-op>
<heap-resize id="1636" type="expand" space="tenure" amount="65536" count="1" timems="0.019" reason="satisfy allocation request" timestamp="2019-09-21T19:37:30.547" />
<gc-end id="1637" type="global" contextid="1629" durationms="74.555" usertimems="80.000" systemtimems="8.000" timestamp="2019-09-21T19:37:30.547" activeThreads="8">
  <mem-info id="1638" free="763616" total="15073280" percent="5">
    <mem type="tenure" free="763616" total="15073280" percent="5">
      <mem type="soa" free="613088" total="14922752" percent="4" />
      <mem type="loa" free="150528" total="150528" percent="100" />
    </mem>
    <pending-finalizers system="0" default="0" reference="18" classloader="0" />
  </mem-info>
</gc-end>
<cycle-end id="1639" type="global" contextid="1629" timestamp="2019-09-21T19:37:30.547" />
  <attribute name="elasticGC enabled" value="1" />
  <attribute name= "numThreadsSpecified" value="8" />
  <attribute name="heapSize specified" value="15007744" />
  <attribute name="Current GC Util" value="4" />
  <attribute name= "Current Time Running" value="7269" />
  <attribute name ="GC Interval" value="0" />
  <attribute name="Target GC Util Change" value ="40.000000" />
  <attribute name="Current GC Util Change" value="4.000000"/>
  <attribute name="Current Error" value="36.000000" />
  <attribute name="Output H" value="15045608"/>
  <attribute name="Output I" value="2024"/>
  <attribute name="Output T" value="8"/>
  <attribute name= "Current Time Running" value="7269" />
  <attribute name="GC Util currently" value="4" />
  <attribute name="CPU Util currently" value="36822016025" />
<allocation-satisfied id="1640" threadId="0000000001EBEA00" bytesRequested="48" />
<af-end id="1641" timestamp="2019-09-21T19:37:30.547" threadId="0000000001EBF388" success="true" />
<exclusive-end id="1642" timestamp="2019-09-21T19:37:30.547" durationms="75.317" />

<exclusive-start id="1643" timestamp="2019-09-21T19:37:30.552" intervalms="79.689">
  <response-info timems="0.517" idlems="0.309" threads="3" lastid="0000000001B9F200" lastname="JIT Compilation Thread-1" />
</exclusive-start>
<af-start id="1644" threadId="0000000001EB7788" totalBytesRequested="16392" timestamp="2019-09-21T19:37:30.552" intervalms="79.667" />
<cycle-start id="1645" type="global" contextid="0" timestamp="2019-09-21T19:37:30.552" intervalms="79.645" />
<gc-start id="1646" type="global" contextid="1645" timestamp="2019-09-21T19:37:30.552">
  <mem-info id="1647" free="150528" total="15073280" percent="0">
    <mem type="tenure" free="150528" total="15073280" percent="0">
      <mem type="soa" free="0" total="14922752" percent="0" />
      <mem type="loa" free="150528" total="150528" percent="100" />
    </mem>
  </mem-info>
</gc-start>
<allocation-stats totalBytes="623256" >
  <allocated-bytes non-tlh="0" tlh="623256" />
  <largest-consumer threadName="PmdThread 6" threadId="0000000001EB4900" bytes="257896" />
</allocation-stats>
<gc-op id="1648" type="mark" timems="4.536" contextid="1645" timestamp="2019-09-21T19:37:30.557">
  <trace-info objectcount="341720" scancount="311367" scanbytes="10601252" />
  <finalization candidates="58" enqueued="0" />
  <ownableSynchronizers candidates="12" cleared="0" />
  <references type="soft" candidates="103" cleared="1" enqueued="0" dynamicThreshold="1" maxThreshold="32" />
  <references type="weak" candidates="913" cleared="17" enqueued="17" />
  <references type="phantom" candidates="116" cleared="2" enqueued="2" />
  <stringconstants candidates="5063" cleared="0"  />
</gc-op>
<gc-op id="1649" type="sweep" timems="0.428" contextid="1645" timestamp="2019-09-21T19:37:30.557" />
<mem-info id="1650" free="597496" total="15073280" percent="3">
  <mem type="tenure" free="597496" total="15073280" percent="3" micro-fragmented="83439" macro-fragmented="0">
    <mem type="soa" free="446968" total="14922752" percent="2" />
    <mem type="loa" free="150528" total="150528" percent="100" />
  </mem>
  <pending-finalizers system="0" default="0" reference="19" classloader="0" />
</mem-info>
<gc-op id="1651" type="compact" timems="63.776" contextid="1645" timestamp="2019-09-21T19:37:30.621">
  <compact-info movecount="302945" movebytes="11946416" reason="compact to aid heap contraction" />
</gc-op>
<heap-resize id="1652" type="expand" space="tenure" amount="65536" count="1" timems="0.019" reason="satisfy allocation request" timestamp="2019-09-21T19:37:30.622" />
<gc-end id="1653" type="global" contextid="1645" durationms="69.688" usertimems="80.000" systemtimems="0.000" timestamp="2019-09-21T19:37:30.622" activeThreads="8">
  <mem-info id="1654" free="730872" total="15138816" percent="4">
    <mem type="tenure" free="730872" total="15138816" percent="4">
      <mem type="soa" free="580344" total="14988288" percent="3" />
      <mem type="loa" free="150528" total="150528" percent="100" />
    </mem>
    <pending-finalizers system="0" default="0" reference="19" classloader="0" />
  </mem-info>
</gc-end>
<cycle-end id="1655" type="global" contextid="1645" timestamp="2019-09-21T19:37:30.622" />
  <attribute name="elasticGC enabled" value="1" />
  <attribute name= "numThreadsSpecified" value="8" />
  <attribute name="heapSize specified" value="15073280" />
  <attribute name="Current GC Util" value="2" />
  <attribute name= "Current Time Running" value="7344" />
  <attribute name ="GC Interval" value="0" />
  <attribute name="Target GC Util Change" value ="40.000000" />
  <attribute name="Current GC Util Change" value="2.000000"/>
  <attribute name="Current Error" value="-1287.000000" />
  <attribute name="Output H" value="15110384"/>
  <attribute name="Output I" value="1264"/>
  <attribute name="Output T" value="8"/>
  <attribute name= "Current Time Running" value="7344" />
  <attribute name="GC Util currently" value="2" />
  <attribute name="CPU Util currently" value="36043905297" />
<allocation-satisfied id="1656" threadId="0000000001EB6E00" bytesRequested="16392" />
<af-end id="1657" timestamp="2019-09-21T19:37:30.622" threadId="0000000001EB7788" success="true" />
<exclusive-end id="1658" timestamp="2019-09-21T19:37:30.622" durationms="70.192" />

<exclusive-start id="1659" timestamp="2019-09-21T19:37:30.634" intervalms="81.714">
  <response-info timems="10.312" idlems="4.104" threads="2" lastid="0000000001B9F200" lastname="JIT Compilation Thread-1" />
</exclusive-start>
<af-start id="1660" threadId="0000000001EB5288" totalBytesRequested="16" timestamp="2019-09-21T19:37:30.634" intervalms="81.792" />
<cycle-start id="1661" type="global" contextid="0" timestamp="2019-09-21T19:37:30.634" intervalms="81.794" />
<gc-start id="1662" type="global" contextid="1661" timestamp="2019-09-21T19:37:30.634">
  <mem-info id="1663" free="150528" total="15138816" percent="0">
    <mem type="tenure" free="150528" total="15138816" percent="0">
      <mem type="soa" free="0" total="14988288" percent="0" />
      <mem type="loa" free="150528" total="150528" percent="100" />
    </mem>
  </mem-info>
</gc-start>
<allocation-stats totalBytes="588536" >
  <allocated-bytes non-tlh="16576" tlh="571960" />
  <largest-consumer threadName="PmdThread 6" threadId="0000000001EB4900" bytes="498016" />
</allocation-stats>
<gc-op id="1664" type="mark" timems="6.542" contextid="1661" timestamp="2019-09-21T19:37:30.641">
  <trace-info objectcount="343684" scancount="313334" scanbytes="10679168" />
  <finalization candidates="58" enqueued="0" />
  <ownableSynchronizers candidates="12" cleared="0" />
  <references type="soft" candidates="103" cleared="4" enqueued="0" dynamicThreshold="1" maxThreshold="32" />
  <references type="weak" candidates="907" cleared="11" enqueued="11" />
  <references type="phantom" candidates="116" cleared="1" enqueued="1" />
  <stringconstants candidates="5064" cleared="0"  />
</gc-op>
<gc-op id="1665" type="sweep" timems="0.816" contextid="1661" timestamp="2019-09-21T19:37:30.641" />
<mem-info id="1666" free="534192" total="15138816" percent="3">
  <mem type="tenure" free="534192" total="15138816" percent="3" micro-fragmented="175742" macro-fragmented="0">
    <mem type="soa" free="383664" total="14988288" percent="2" />
    <mem type="loa" free="150528" total="150528" percent="100" />
  </mem>
  <pending-finalizers system="0" default="0" reference="12" classloader="0" />
</mem-info>
<gc-op id="1667" type="compact" timems="60.893" contextid="1661" timestamp="2019-09-21T19:37:30.703">
  <compact-info movecount="274712" movebytes="11216224" reason="compact to aid heap contraction" />
</gc-op>
<heap-resize id="1668" type="expand" space="tenure" amount="65536" count="1" timems="0.018" reason="satisfy allocation request" timestamp="2019-09-21T19:37:30.703" />
<gc-end id="1669" type="global" contextid="1661" durationms="69.325" usertimems="84.000" systemtimems="0.000" timestamp="2019-09-21T19:37:30.703" activeThreads="8">
  <mem-info id="1670" free="742472" total="15204352" percent="4">
    <mem type="tenure" free="742472" total="15204352" percent="4">
      <mem type="soa" free="590920" total="15052800" percent="3" />
      <mem type="loa" free="151552" total="151552" percent="100" />
    </mem>
    <pending-finalizers system="0" default="0" reference="12" classloader="0" />
  </mem-info>
</gc-end>
<cycle-end id="1671" type="global" contextid="1661" timestamp="2019-09-21T19:37:30.703" />
  <attribute name="elasticGC enabled" value="1" />
  <attribute name= "numThreadsSpecified" value="8" />
  <attribute name="heapSize specified" value="15138816" />
  <attribute name="Current GC Util" value="7" />
  <attribute name= "Current Time Running" value="7425" />
  <attribute name ="GC Interval" value="0" />
  <attribute name="Target GC Util Change" value ="40.000000" />
  <attribute name="Current GC Util Change" value="7.000000"/>
  <attribute name="Current Error" value="-235.000000" />
  <attribute name="Output H" value="15176528"/>
  <attribute name="Output I" value="1872"/>
  <attribute name="Output T" value="8"/>
  <attribute name= "Current Time Running" value="7425" />
  <attribute name="GC Util currently" value="7" />
  <attribute name="CPU Util currently" value="37743897710" />
<allocation-satisfied id="1672" threadId="0000000001EB4900" bytesRequested="16" />
<af-end id="1673" timestamp="2019-09-21T19:37:30.704" threadId="0000000001EB5288" success="true" />
<exclusive-end id="1674" timestamp="2019-09-21T19:37:30.704" durationms="70.126" />

<exclusive-start id="1675" timestamp="2019-09-21T19:37:30.725" intervalms="91.919">
  <response-info timems="20.305" idlems="20.305" threads="0" lastid="0000000001EB6000" lastname="PmdThread 8" />
</exclusive-start>
<af-start id="1676" threadId="0000000001EB6988" totalBytesRequested="16" timestamp="2019-09-21T19:37:30.726" intervalms="91.935" />
<cycle-start id="1677" type="global" contextid="0" timestamp="2019-09-21T19:37:30.726" intervalms="91.988" />
<gc-start id="1678" type="global" contextid="1677" timestamp="2019-09-21T19:37:30.726">
  <mem-info id="1679" free="151552" total="15204352" percent="0">
    <mem type="tenure" free="151552" total="15204352" percent="0">
      <mem type="soa" free="0" total="15052800" percent="0" />
      <mem type="loa" free="151552" total="151552" percent="100" />
    </mem>
    <pending-finalizers system="0" default="0" reference="11" classloader="0" />
  </mem-info>
</gc-start>
<allocation-stats totalBytes="614296" >
  <allocated-bytes non-tlh="0" tlh="614296" />
  <largest-consumer threadName="PmdThread 7" threadId="0000000001EB5500" bytes="303552" />
</allocation-stats>
<gc-op id="1680" type="mark" timems="6.271" contextid="1677" timestamp="2019-09-21T19:37:30.732">
  <trace-info objectcount="342191" scancount="311983" scanbytes="10631596" />
  <finalization candidates="58" enqueued="0" />
  <ownableSynchronizers candidates="12" cleared="0" />
  <references type="soft" candidates="99" cleared="1" enqueued="0" dynamicThreshold="1" maxThreshold="32" />
  <references type="weak" candidates="928" cleared="32" enqueued="32" />
  <references type="phantom" candidates="116" cleared="0" enqueued="0" />
  <stringconstants candidates="5064" cleared="0"  />
</gc-op>
<gc-op id="1681" type="sweep" timems="0.382" contextid="1677" timestamp="2019-09-21T19:37:30.733" />
<mem-info id="1682" free="862560" total="15204352" percent="5">
  <mem type="tenure" free="862560" total="15204352" percent="5" micro-fragmented="20227" macro-fragmented="0">
    <mem type="soa" free="711008" total="15052800" percent="4" />
    <mem type="loa" free="151552" total="151552" percent="100" />
  </mem>
  <pending-finalizers system="0" default="0" reference="43" classloader="0" />
</mem-info>
<gc-op id="1683" type="compact" timems="67.701" contextid="1677" timestamp="2019-09-21T19:37:30.801">
  <compact-info movecount="326756" movebytes="13656048" reason="compact to aid heap contraction" />
</gc-op>
<heap-resize id="1684" type="expand" space="tenure" amount="65536" count="1" timems="0.020" reason="satisfy allocation request" timestamp="2019-09-21T19:37:30.801" />
<gc-end id="1685" type="global" contextid="1677" durationms="75.261" usertimems="88.000" systemtimems="4.000" timestamp="2019-09-21T19:37:30.801" activeThreads="8">
  <mem-info id="1686" free="933344" total="15269888" percent="6">
    <mem type="tenure" free="933344" total="15269888" percent="6">
      <mem type="soa" free="780768" total="15117312" percent="5" />
      <mem type="loa" free="152576" total="152576" percent="100" />
    </mem>
    <pending-finalizers system="0" default="0" reference="43" classloader="0" />
  </mem-info>
</gc-end>
<cycle-end id="1687" type="global" contextid="1677" timestamp="2019-09-21T19:37:30.801" />
  <attribute name="elasticGC enabled" value="1" />
  <attribute name= "numThreadsSpecified" value="8" />
  <attribute name="heapSize specified" value="15204352" />
  <attribute name="Current GC Util" value="3" />
  <attribute name= "Current Time Running" value="7523" />
  <attribute name ="GC Interval" value="0" />
  <attribute name="Target GC Util Change" value ="40.000000" />
  <attribute name="Current GC Util Change" value="3.000000"/>
  <attribute name="Current Error" value="37.000000" />
  <attribute name="Output H" value="15242216"/>
  <attribute name="Output I" value="2024"/>
  <attribute name="Output T" value="8"/>
  <attribute name= "Current Time Running" value="7523" />
  <attribute name="GC Util currently" value="3" />
  <attribute name="CPU Util currently" value="33986750029" />
<allocation-satisfied id="1688" threadId="0000000001EB6000" bytesRequested="16" />
<af-end id="1689" timestamp="2019-09-21T19:37:30.801" threadId="0000000001EB6988" success="true" />
<exclusive-end id="1690" timestamp="2019-09-21T19:37:30.801" durationms="75.982" />

<exclusive-start id="1691" timestamp="2019-09-21T19:37:30.810" intervalms="84.232">
  <response-info timems="2.544" idlems="1.276" threads="1" lastid="0000000001EB3E00" lastname="PmdThread 5" />
</exclusive-start>
<af-start id="1692" threadId="0000000001EC2F88" totalBytesRequested="96" timestamp="2019-09-21T19:37:30.810" intervalms="84.142" />
<cycle-start id="1693" type="global" contextid="0" timestamp="2019-09-21T19:37:30.810" intervalms="84.088" />
<gc-start id="1694" type="global" contextid="1693" timestamp="2019-09-21T19:37:30.810">
  <mem-info id="1695" free="152576" total="15269888" percent="0">
    <mem type="tenure" free="152576" total="15269888" percent="0">
      <mem type="soa" free="0" total="15117312" percent="0" />
      <mem type="loa" free="152576" total="152576" percent="100" />
    </mem>
  </mem-info>
</gc-start>
<allocation-stats totalBytes="779584" >
  <allocated-bytes non-tlh="82040" tlh="697544" />
  <largest-consumer threadName="PmdThread 6" threadId="0000000001EB4900" bytes="309400" />
</allocation-stats>
<gc-op id="1696" type="mark" timems="7.745" contextid="1693" timestamp="2019-09-21T19:37:30.818">
  <trace-info objectcount="345267" scancount="314815" scanbytes="10734588" />
  <finalization candidates="58" enqueued="0" />
  <ownableSynchronizers candidates="12" cleared="0" />
  <references type="soft" candidates="101" cleared="0" enqueued="0" dynamicThreshold="1" maxThreshold="32" />
  <references type="weak" candidates="907" cleared="11" enqueued="11" />
  <references type="phantom" candidates="115" cleared="0" enqueued="0" />
  <stringconstants candidates="5065" cleared="0"  />
</gc-op>
<gc-op id="1697" type="sweep" timems="0.765" contextid="1693" timestamp="2019-09-21T19:37:30.819" />
<mem-info id="1698" free="614808" total="15269888" percent="4">
  <mem type="tenure" free="614808" total="15269888" percent="4" micro-fragmented="85798" macro-fragmented="0">
    <mem type="soa" free="462232" total="15117312" percent="3" />
    <mem type="loa" free="152576" total="152576" percent="100" />
  </mem>
  <pending-finalizers system="0" default="0" reference="11" classloader="0" />
</mem-info>
<gc-op id="1699" type="compact" timems="55.929" contextid="1693" timestamp="2019-09-21T19:37:30.875">
  <compact-info movecount="256504" movebytes="10638144" reason="compact to aid heap contraction" />
</gc-op>
<heap-resize id="1700" type="expand" space="tenure" amount="65536" count="1" timems="0.018" reason="satisfy allocation request" timestamp="2019-09-21T19:37:30.876" />
<gc-end id="1701" type="global" contextid="1693" durationms="66.132" usertimems="76.000" systemtimems="12.000" timestamp="2019-09-21T19:37:30.876" activeThreads="8">
  <mem-info id="1702" free="780576" total="15335424" percent="5">
    <mem type="tenure" free="780576" total="15335424" percent="5">
      <mem type="soa" free="628000" total="15182848" percent="4" />
      <mem type="loa" free="152576" total="152576" percent="100" />
    </mem>
    <pending-finalizers system="0" default="0" reference="11" classloader="0" />
  </mem-info>
</gc-end>
<cycle-end id="1703" type="global" contextid="1693" timestamp="2019-09-21T19:37:30.876" />
  <attribute name="elasticGC enabled" value="1" />
  <attribute name= "numThreadsSpecified" value="8" />
  <attribute name="heapSize specified" value="15269888" />
  <attribute name="Current GC Util" value="93" />
  <attribute name= "Current Time Running" value="7598" />
  <attribute name ="GC Interval" value="0" />
  <attribute name="Target GC Util Change" value ="40.000000" />
  <attribute name="Current GC Util Change" value="93.000000"/>
  <attribute name="Current Error" value="-990.000000" />
  <attribute name="Output H" value="15307160"/>
  <attribute name="Output I" value="1432"/>
  <attribute name="Output T" value="8"/>
  <attribute name= "Current Time Running" value="7598" />
  <attribute name="GC Util currently" value="93" />
  <attribute name="CPU Util currently" value="41052779421" />
<allocation-satisfied id="1704" threadId="0000000001EC2600" bytesRequested="96" />
<af-end id="1705" timestamp="2019-09-21T19:37:30.877" threadId="0000000001EC2F88" success="true" />
<exclusive-end id="1706" timestamp="2019-09-21T19:37:30.877" durationms="67.253" />

<exclusive-start id="1707" timestamp="2019-09-21T19:37:30.887" intervalms="76.929">
  <response-info timems="7.532" idlems="7.532" threads="0" lastid="0000000001EB4900" lastname="PmdThread 6" />
</exclusive-start>
<af-start id="1708" threadId="0000000001EB5288" totalBytesRequested="64" timestamp="2019-09-21T19:37:30.887" intervalms="77.047" />
<cycle-start id="1709" type="global" contextid="0" timestamp="2019-09-21T19:37:30.887" intervalms="77.132" />
<gc-start id="1710" type="global" contextid="1709" timestamp="2019-09-21T19:37:30.887">
  <mem-info id="1711" free="152576" total="15335424" percent="0">
    <mem type="tenure" free="152576" total="15335424" percent="0">
      <mem type="soa" free="0" total="15182848" percent="0" />
      <mem type="loa" free="152576" total="152576" percent="100" />
    </mem>
  </mem-info>
</gc-start>
<allocation-stats totalBytes="648304" >
  <allocated-bytes non-tlh="32784" tlh="615520" />
  <largest-consumer threadName="PmdThread 6" threadId="0000000001EB4900" bytes="574592" />
</allocation-stats>
<gc-op id="1712" type="mark" timems="12.225" contextid="1709" timestamp="2019-09-21T19:37:30.900">
  <trace-info objectcount="349775" scancount="319006" scanbytes="10888584" />
  <finalization candidates="58" enqueued="0" />
  <ownableSynchronizers candidates="12" cleared="0" />
  <references type="soft" candidates="101" cleared="3" enqueued="0" dynamicThreshold="1" maxThreshold="32" />
  <references type="weak" candidates="896" cleared="0" enqueued="0" />
  <references type="phantom" candidates="115" cleared="0" enqueued="0" />
  <stringconstants candidates="5065" cleared="0"  />
</gc-op>
<gc-op id="1713" type="sweep" timems="0.863" contextid="1709" timestamp="2019-09-21T19:37:30.901" />
<mem-info id="1714" free="401488" total="15335424" percent="2">
  <mem type="tenure" free="401488" total="15335424" percent="2" micro-fragmented="168908" macro-fragmented="0">
    <mem type="soa" free="248912" total="15182848" percent="1" />
    <mem type="loa" free="152576" total="152576" percent="100" />
  </mem>
</mem-info>
<gc-op id="1715" type="compact" timems="57.175" contextid="1709" timestamp="2019-09-21T19:37:30.958">
  <compact-info movecount="260976" movebytes="10846728" reason="compact to aid heap contraction" />
</gc-op>
<heap-resize id="1716" type="expand" space="tenure" amount="65536" count="1" timems="0.018" reason="satisfy allocation request" timestamp="2019-09-21T19:37:30.959" />
<gc-end id="1717" type="global" contextid="1709" durationms="72.430" usertimems="96.000" systemtimems="8.000" timestamp="2019-09-21T19:37:30.960" activeThreads="8">
  <mem-info id="1718" free="615568" total="15400960" percent="3">
    <mem type="tenure" free="615568" total="15400960" percent="3">
      <mem type="soa" free="461968" total="15247360" percent="3" />
      <mem type="loa" free="153600" total="153600" percent="100" />
    </mem>
  </mem-info>
</gc-end>
<cycle-end id="1719" type="global" contextid="1709" timestamp="2019-09-21T19:37:30.960" />
  <attribute name="elasticGC enabled" value="1" />
  <attribute name= "numThreadsSpecified" value="8" />
  <attribute name="heapSize specified" value="15335424" />
  <attribute name="Current GC Util" value="92" />
  <attribute name= "Current Time Running" value="7681" />
  <attribute name ="GC Interval" value="0" />
  <attribute name="Target GC Util Change" value ="40.000000" />
  <attribute name="Current GC Util Change" value="92.000000"/>
  <attribute name="Current Error" value="-201.000000" />
  <attribute name="Output H" value="15373152"/>
  <attribute name="Output I" value="1888"/>
  <attribute name="Output T" value="8"/>
  <attribute name= "Current Time Running" value="7681" />
  <attribute name="GC Util currently" value="92" />
  <attribute name="CPU Util currently" value="40150118528" />
<allocation-satisfied id="1720" threadId="0000000001EB4900" bytesRequested="64" />
<af-end id="1721" timestamp="2019-09-21T19:37:30.960" threadId="0000000001EB5288" success="true" />
<exclusive-end id="1722" timestamp="2019-09-21T19:37:30.961" durationms="74.067" />

<exclusive-start id="1723" timestamp="2019-09-21T19:37:30.964" intervalms="77.119">
  <response-info timems="2.173" idlems="1.226" threads="1" lastid="0000000001EB4900" lastname="PmdThread 6" />
</exclusive-start>
<af-start id="1724" threadId="0000000001EB7788" totalBytesRequested="40" timestamp="2019-09-21T19:37:30.964" intervalms="77.004" />
<cycle-start id="1725" type="global" contextid="0" timestamp="2019-09-21T19:37:30.964" intervalms="76.927" />
<gc-start id="1726" type="global" contextid="1725" timestamp="2019-09-21T19:37:30.964">
  <mem-info id="1727" free="153600" total="15400960" percent="0">
    <mem type="tenure" free="153600" total="15400960" percent="0">
      <mem type="soa" free="0" total="15247360" percent="0" />
      <mem type="loa" free="153600" total="153600" percent="100" />
    </mem>
  </mem-info>
</gc-start>
<allocation-stats totalBytes="497368" >
  <allocated-bytes non-tlh="176" tlh="497192" />
  <largest-consumer threadName="PmdThread 1" threadId="0000000001EB3200" bytes="178816" />
</allocation-stats>
<gc-op id="1728" type="mark" timems="10.406" contextid="1725" timestamp="2019-09-21T19:37:30.975">
  <trace-info objectcount="349667" scancount="318970" scanbytes="10886652" />
  <finalization candidates="58" enqueued="0" />
  <ownableSynchronizers candidates="12" cleared="0" />
  <references type="soft" candidates="103" cleared="0" enqueued="0" dynamicThreshold="1" maxThreshold="32" />
  <references type="weak" candidates="935" cleared="37" enqueued="37" />
  <references type="phantom" candidates="117" cleared="1" enqueued="1" />
  <stringconstants candidates="5065" cleared="0"  />
</gc-op>
<gc-op id="1729" type="sweep" timems="1.062" contextid="1725" timestamp="2019-09-21T19:37:30.976" />
<mem-info id="1730" free="696440" total="15400960" percent="4">
  <mem type="tenure" free="696440" total="15400960" percent="4" micro-fragmented="769" macro-fragmented="0">
    <mem type="soa" free="542840" total="15247360" percent="3" />
    <mem type="loa" free="153600" total="153600" percent="100" />
  </mem>
  <pending-finalizers system="0" default="0" reference="38" classloader="0" />
</mem-info>
<gc-op id="1731" type="compact" timems="64.805" contextid="1725" timestamp="2019-09-21T19:37:31.041">
  <compact-info movecount="304516" movebytes="12065240" reason="compact to aid heap contraction" />
</gc-op>
<heap-resize id="1732" type="expand" space="tenure" amount="65536" count="1" timems="0.015" reason="satisfy allocation request" timestamp="2019-09-21T19:37:31.041" />
<gc-end id="1733" type="global" contextid="1725" durationms="77.612" usertimems="92.000" systemtimems="0.000" timestamp="2019-09-21T19:37:31.042" activeThreads="8">
  <mem-info id="1734" free="770568" total="15466496" percent="4">
    <mem type="tenure" free="770568" total="15466496" percent="4">
      <mem type="soa" free="615944" total="15311872" percent="4" />
      <mem type="loa" free="154624" total="154624" percent="100" />
    </mem>
    <pending-finalizers system="0" default="0" reference="38" classloader="0" />
  </mem-info>
</gc-end>
<cycle-end id="1735" type="global" contextid="1725" timestamp="2019-09-21T19:37:31.042" />
  <attribute name="elasticGC enabled" value="1" />
  <attribute name= "numThreadsSpecified" value="8" />
  <attribute name="heapSize specified" value="15400960" />
  <attribute name="Current GC Util" value="91" />
  <attribute name= "Current Time Running" value="7764" />
  <attribute name ="GC Interval" value="0" />
  <attribute name="Target GC Util Change" value ="40.000000" />
  <attribute name="Current GC Util Change" value="91.000000"/>
  <attribute name="Current Error" value="-51.000000" />
  <attribute name="Output H" value="15438776"/>
  <attribute name="Output I" value="1976"/>
  <attribute name="Output T" value="8"/>
  <attribute name= "Current Time Running" value="7764" />
  <attribute name="GC Util currently" value="91" />
  <attribute name="CPU Util currently" value="35457517813" />
<allocation-satisfied id="1736" threadId="0000000001EB6E00" bytesRequested="40" />
<af-end id="1737" timestamp="2019-09-21T19:37:31.042" threadId="0000000001EB7788" success="true" />
<exclusive-end id="1738" timestamp="2019-09-21T19:37:31.042" durationms="78.635" />

<exclusive-start id="1739" timestamp="2019-09-21T19:37:31.043" intervalms="79.559">
  <response-info timems="0.075" idlems="0.041" threads="1" lastid="0000000001EB3E00" lastname="PmdThread 5" />
</exclusive-start>
<af-start id="1740" threadId="0000000001EBF388" totalBytesRequested="16" timestamp="2019-09-21T19:37:31.043" intervalms="79.546" />
<cycle-start id="1741" type="global" contextid="0" timestamp="2019-09-21T19:37:31.043" intervalms="79.513" />
<gc-start id="1742" type="global" contextid="1741" timestamp="2019-09-21T19:37:31.043">
  <mem-info id="1743" free="154624" total="15466496" percent="0">
    <mem type="tenure" free="154624" total="15466496" percent="0">
      <mem type="soa" free="0" total="15311872" percent="0" />
      <mem type="loa" free="154624" total="154624" percent="100" />
    </mem>
  </mem-info>
</gc-start>
<allocation-stats totalBytes="611224" >
  <allocated-bytes non-tlh="32784" tlh="578440" />
  <largest-consumer threadName="PmdThread 6" threadId="0000000001EB4900" bytes="243064" />
</allocation-stats>
<gc-op id="1744" type="mark" timems="15.342" contextid="1741" timestamp="2019-09-21T19:37:31.059">
  <trace-info objectcount="351460" scancount="320659" scanbytes="10950032" />
  <finalization candidates="58" enqueued="0" />
  <ownableSynchronizers candidates="12" cleared="0" />
  <references type="soft" candidates="103" cleared="5" enqueued="0" dynamicThreshold="1" maxThreshold="32" />
  <references type="weak" candidates="921" cleared="25" enqueued="25" />
  <references type="phantom" candidates="116" cleared="1" enqueued="1" />
  <stringconstants candidates="5065" cleared="0"  />
</gc-op>
<gc-op id="1745" type="sweep" timems="0.450" contextid="1741" timestamp="2019-09-21T19:37:31.059" />
<mem-info id="1746" free="568152" total="15466496" percent="3">
  <mem type="tenure" free="568152" total="15466496" percent="3" micro-fragmented="61221" macro-fragmented="0">
    <mem type="soa" free="413528" total="15311872" percent="2" />
    <mem type="loa" free="154624" total="154624" percent="100" />
  </mem>
  <pending-finalizers system="0" default="0" reference="26" classloader="0" />
</mem-info>
<gc-op id="1747" type="compact" timems="64.880" contextid="1741" timestamp="2019-09-21T19:37:31.125">
  <compact-info movecount="275620" movebytes="11053264" reason="compact to aid heap contraction" />
</gc-op>
<heap-resize id="1748" type="expand" space="tenure" amount="65536" count="1" timems="0.019" reason="satisfy allocation request" timestamp="2019-09-21T19:37:31.125" />
<gc-end id="1749" type="global" contextid="1741" durationms="81.675" usertimems="84.000" systemtimems="4.000" timestamp="2019-09-21T19:37:31.125" activeThreads="8">
  <mem-info id="1750" free="700736" total="15532032" percent="4">
    <mem type="tenure" free="700736" total="15532032" percent="4">
      <mem type="soa" free="546112" total="15377408" percent="3" />
      <mem type="loa" free="154624" total="154624" percent="100" />
    </mem>
    <pending-finalizers system="0" default="0" reference="26" classloader="0" />
  </mem-info>
</gc-end>
<cycle-end id="1751" type="global" contextid="1741" timestamp="2019-09-21T19:37:31.125" />
  <attribute name="elasticGC enabled" value="1" />
  <attribute name= "numThreadsSpecified" value="8" />
  <attribute name="heapSize specified" value="15466496" />
  <attribute name="Current GC Util" value="4" />
  <attribute name= "Current Time Running" value="7847" />
  <attribute name ="GC Interval" value="0" />
  <attribute name="Target GC Util Change" value ="40.000000" />
  <attribute name="Current GC Util Change" value="4.000000"/>
  <attribute name="Current Error" value="-502.000000" />
  <attribute name="Output H" value="15504048"/>
  <attribute name="Output I" value="1712"/>
  <attribute name="Output T" value="8"/>
  <attribute name= "Current Time Running" value="7847" />
  <attribute name="GC Util currently" value="4" />
  <attribute name="CPU Util currently" value="35430997058" />
<allocation-satisfied id="1752" threadId="0000000001EBEA00" bytesRequested="16" />
<af-end id="1753" timestamp="2019-09-21T19:37:31.125" threadId="0000000001EBF388" success="true" />
<exclusive-end id="1754" timestamp="2019-09-21T19:37:31.126" durationms="82.256" />

<exclusive-start id="1755" timestamp="2019-09-21T19:37:31.126" intervalms="83.098">
  <response-info timems="0.048" idlems="0.048" threads="0" lastid="0000000001EB4900" lastname="PmdThread 6" />
</exclusive-start>
<af-start id="1756" threadId="0000000001EB5288" totalBytesRequested="56" timestamp="2019-09-21T19:37:31.126" intervalms="83.089" />
<cycle-start id="1757" type="global" contextid="0" timestamp="2019-09-21T19:37:31.127" intervalms="83.092" />
<gc-start id="1758" type="global" contextid="1757" timestamp="2019-09-21T19:37:31.127">
  <mem-info id="1759" free="154624" total="15532032" percent="0">
    <mem type="tenure" free="154624" total="15532032" percent="0">
      <mem type="soa" free="0" total="15377408" percent="0" />
      <mem type="loa" free="154624" total="154624" percent="100" />
    </mem>
  </mem-info>
</gc-start>
<allocation-stats totalBytes="565528" >
  <allocated-bytes non-tlh="0" tlh="565528" />
  <largest-consumer threadName="PmdThread 6" threadId="0000000001EB4900" bytes="286696" />
</allocation-stats>
<gc-op id="1760" type="mark" timems="8.159" contextid="1757" timestamp="2019-09-21T19:37:31.135">
  <trace-info objectcount="353729" scancount="322798" scanbytes="11028708" />
  <finalization candidates="58" enqueued="0" />
  <ownableSynchronizers candidates="12" cleared="0" />
  <references type="soft" candidates="98" cleared="0" enqueued="0" dynamicThreshold="1" maxThreshold="32" />
  <references type="weak" candidates="919" cleared="22" enqueued="22" />
  <references type="phantom" candidates="115" cleared="0" enqueued="0" />
  <stringconstants candidates="5065" cleared="0"  />
</gc-op>
<gc-op id="1761" type="sweep" timems="0.785" contextid="1757" timestamp="2019-09-21T19:37:31.136" />
<mem-info id="1762" free="535248" total="15532032" percent="3">
  <mem type="tenure" free="535248" total="15532032" percent="3" micro-fragmented="64343" macro-fragmented="0">
    <mem type="soa" free="380624" total="15377408" percent="2" />
    <mem type="loa" free="154624" total="154624" percent="100" />
  </mem>
  <pending-finalizers system="0" default="0" reference="22" classloader="0" />
</mem-info>
<gc-op id="1763" type="compact" timems="58.795" contextid="1757" timestamp="2019-09-21T19:37:31.195">
  <compact-info movecount="220108" movebytes="9215256" reason="compact to aid heap contraction" />
</gc-op>
<heap-resize id="1764" type="expand" space="tenure" amount="65536" count="1" timems="0.017" reason="satisfy allocation request" timestamp="2019-09-21T19:37:31.195" />
<gc-end id="1765" type="global" contextid="1757" durationms="68.718" usertimems="76.000" systemtimems="8.000" timestamp="2019-09-21T19:37:31.195" activeThreads="8">
  <mem-info id="1766" free="671704" total="15597568" percent="4">
    <mem type="tenure" free="671704" total="15597568" percent="4">
      <mem type="soa" free="516056" total="15441920" percent="3" />
      <mem type="loa" free="155648" total="155648" percent="100" />
    </mem>
    <pending-finalizers system="0" default="0" reference="22" classloader="0" />
  </mem-info>
</gc-end>
<cycle-end id="1767" type="global" contextid="1757" timestamp="2019-09-21T19:37:31.195" />
  <attribute name="elasticGC enabled" value="1" />
  <attribute name= "numThreadsSpecified" value="8" />
  <attribute name="heapSize specified" value="15532032" />
  <attribute name="Current GC Util" value="92" />
  <attribute name= "Current Time Running" value="7918" />
  <attribute name ="GC Interval" value="0" />
  <attribute name="Target GC Util Change" value ="40.000000" />
  <attribute name="Current GC Util Change" value="92.000000"/>
  <attribute name="Current Error" value="-282.000000" />
  <attribute name="Output H" value="15569712"/>
  <attribute name="Output I" value="1840"/>
  <attribute name="Output T" value="8"/>
  <attribute name= "Current Time Running" value="7918" />
  <attribute name="GC Util currently" value="92" />
  <attribute name="CPU Util currently" value="39087159174" />
<allocation-satisfied id="1768" threadId="0000000001EB4900" bytesRequested="56" />
<af-end id="1769" timestamp="2019-09-21T19:37:31.196" threadId="0000000001EB5288" success="true" />
<exclusive-end id="1770" timestamp="2019-09-21T19:37:31.196" durationms="69.433" />

<exclusive-start id="1771" timestamp="2019-09-21T19:37:31.197" intervalms="70.604">
  <response-info timems="0.278" idlems="0.170" threads="2" lastid="0000000001BAE100" lastname="JIT Compilation Thread-5" />
</exclusive-start>
<af-start id="1772" threadId="0000000001EB5288" totalBytesRequested="40" timestamp="2019-09-21T19:37:31.197" intervalms="70.668" />
<cycle-start id="1773" type="global" contextid="0" timestamp="2019-09-21T19:37:31.197" intervalms="70.695" />
<gc-start id="1774" type="global" contextid="1773" timestamp="2019-09-21T19:37:31.197">
  <mem-info id="1775" free="155648" total="15597568" percent="0">
    <mem type="tenure" free="155648" total="15597568" percent="0">
      <mem type="soa" free="0" total="15441920" percent="0" />
      <mem type="loa" free="155648" total="155648" percent="100" />
    </mem>
  </mem-info>
</gc-start>
<allocation-stats totalBytes="544496" >
  <allocated-bytes non-tlh="184" tlh="544312" />
  <largest-consumer threadName="PmdThread 3" threadId="0000000001EBEA00" bytes="331680" />
</allocation-stats>
<gc-op id="1776" type="mark" timems="9.381" contextid="1773" timestamp="2019-09-21T19:37:31.207">
  <trace-info objectcount="353180" scancount="322394" scanbytes="11017172" />
  <finalization candidates="58" enqueued="0" />
  <ownableSynchronizers candidates="12" cleared="0" />
  <references type="soft" candidates="102" cleared="0" enqueued="0" dynamicThreshold="1" maxThreshold="32" />
  <references type="weak" candidates="897" cleared="1" enqueued="1" />
  <references type="phantom" candidates="114" cleared="1" enqueued="1" />
  <stringconstants candidates="5066" cleared="0"  />
</gc-op>
<gc-op id="1777" type="sweep" timems="1.205" contextid="1773" timestamp="2019-09-21T19:37:31.208" />
<mem-info id="1778" free="726008" total="15597568" percent="4">
  <mem type="tenure" free="726008" total="15597568" percent="4" micro-fragmented="54029" macro-fragmented="0">
    <mem type="soa" free="570360" total="15441920" percent="3" />
    <mem type="loa" free="155648" total="155648" percent="100" />
  </mem>
  <pending-finalizers system="0" default="0" reference="2" classloader="0" />
</mem-info>
<gc-op id="1779" type="compact" timems="58.645" contextid="1773" timestamp="2019-09-21T19:37:31.267">
  <compact-info movecount="267352" movebytes="11080952" reason="compact to aid heap contraction" />
</gc-op>
<heap-resize id="1780" type="expand" space="tenure" amount="65536" count="1" timems="0.018" reason="satisfy allocation request" timestamp="2019-09-21T19:37:31.267" />
<gc-end id="1781" type="global" contextid="1773" durationms="70.307" usertimems="92.000" systemtimems="4.000" timestamp="2019-09-21T19:37:31.268" activeThreads="8">
  <mem-info id="1782" free="832064" total="15663104" percent="5">
    <mem type="tenure" free="832064" total="15663104" percent="5">
      <mem type="soa" free="676416" total="15507456" percent="4" />
      <mem type="loa" free="155648" total="155648" percent="100" />
    </mem>
    <pending-finalizers system="0" default="0" reference="2" classloader="0" />
  </mem-info>
</gc-end>
<cycle-end id="1783" type="global" contextid="1773" timestamp="2019-09-21T19:37:31.268" />
  <attribute name="elasticGC enabled" value="1" />
  <attribute name= "numThreadsSpecified" value="8" />
  <attribute name="heapSize specified" value="15597568" />
  <attribute name="Current GC Util" value="4" />
  <attribute name= "Current Time Running" value="7990" />
  <attribute name ="GC Interval" value="0" />
  <attribute name="Target GC Util Change" value ="40.000000" />
  <attribute name="Current GC Util Change" value="4.000000"/>
  <attribute name="Current Error" value="36.000000" />
  <attribute name="Output H" value="15635432"/>
  <attribute name="Output I" value="2024"/>
  <attribute name="Output T" value="8"/>
  <attribute name= "Current Time Running" value="7990" />
  <attribute name="GC Util currently" value="4" />
  <attribute name="CPU Util currently" value="39173449563" />
<allocation-satisfied id="1784" threadId="0000000001EB4900" bytesRequested="40" />
<af-end id="1785" timestamp="2019-09-21T19:37:31.268" threadId="0000000001EB5288" success="true" />
<exclusive-end id="1786" timestamp="2019-09-21T19:37:31.268" durationms="71.157" />

<exclusive-start id="1787" timestamp="2019-09-21T19:37:31.270" intervalms="73.103">
  <response-info timems="0.158" idlems="0.082" threads="1" lastid="0000000001EB3200" lastname="PmdThread 1" />
</exclusive-start>
<af-start id="1788" threadId="0000000001EB4788" totalBytesRequested="24" timestamp="2019-09-21T19:37:31.270" intervalms="73.075" />
<cycle-start id="1789" type="global" contextid="0" timestamp="2019-09-21T19:37:31.270" intervalms="73.109" />
<gc-start id="1790" type="global" contextid="1789" timestamp="2019-09-21T19:37:31.270">
  <mem-info id="1791" free="155648" total="15663104" percent="0">
    <mem type="tenure" free="155648" total="15663104" percent="0">
      <mem type="soa" free="0" total="15507456" percent="0" />
      <mem type="loa" free="155648" total="155648" percent="100" />
    </mem>
  </mem-info>
</gc-start>
<allocation-stats totalBytes="695360" >
  <allocated-bytes non-tlh="192" tlh="695168" />
  <largest-consumer threadName="PmdThread 6" threadId="0000000001EB4900" bytes="291072" />
</allocation-stats>
<gc-op id="1792" type="mark" timems="7.210" contextid="1789" timestamp="2019-09-21T19:37:31.278">
  <trace-info objectcount="350424" scancount="320043" scanbytes="10951576" />
  <finalization candidates="58" enqueued="0" />
  <ownableSynchronizers candidates="12" cleared="0" />
  <references type="soft" candidates="104" cleared="0" enqueued="0" dynamicThreshold="1" maxThreshold="32" />
  <references type="weak" candidates="940" cleared="44" enqueued="44" />
  <references type="phantom" candidates="115" cleared="2" enqueued="2" />
  <stringconstants candidates="5067" cleared="0"  />
</gc-op>
<gc-op id="1793" type="sweep" timems="0.509" contextid="1789" timestamp="2019-09-21T19:37:31.278" />
<mem-info id="1794" free="1057696" total="15663104" percent="6">
  <mem type="tenure" free="1057696" total="15663104" percent="6" micro-fragmented="33538" macro-fragmented="0">
    <mem type="soa" free="902048" total="15507456" percent="5" />
    <mem type="loa" free="155648" total="155648" percent="100" />
  </mem>
  <pending-finalizers system="0" default="0" reference="46" classloader="0" />
</mem-info>
<gc-op id="1795" type="compact" timems="63.355" contextid="1789" timestamp="2019-09-21T19:37:31.342">
  <compact-info movecount="305521" movebytes="11928392" reason="compact to aid heap contraction" />
</gc-op>
<heap-resize id="1796" type="expand" space="tenure" amount="65536" count="1" timems="0.020" reason="satisfy allocation request" timestamp="2019-09-21T19:37:31.342" />
<gc-end id="1797" type="global" contextid="1789" durationms="72.301" usertimems="72.000" systemtimems="16.000" timestamp="2019-09-21T19:37:31.343" activeThreads="8">
  <mem-info id="1798" free="1159240" total="15728640" percent="7">
    <mem type="tenure" free="1159240" total="15728640" percent="7">
      <mem type="soa" free="1002568" total="15571968" percent="6" />
      <mem type="loa" free="156672" total="156672" percent="100" />
    </mem>
    <pending-finalizers system="0" default="0" reference="46" classloader="0" />
  </mem-info>
</gc-end>
<cycle-end id="1799" type="global" contextid="1789" timestamp="2019-09-21T19:37:31.343" />
  <attribute name="elasticGC enabled" value="1" />
  <attribute name= "numThreadsSpecified" value="8" />
  <attribute name="heapSize specified" value="15663104" />
  <attribute name="Current GC Util" value="3" />
  <attribute name= "Current Time Running" value="8065" />
  <attribute name ="GC Interval" value="0" />
  <attribute name="Target GC Util Change" value ="40.000000" />
  <attribute name="Current GC Util Change" value="3.000000"/>
  <attribute name="Current Error" value="-2001.000000" />
  <attribute name="Output H" value="15699792"/>
  <attribute name="Output I" value="848"/>
  <attribute name="Output T" value="8"/>
  <attribute name= "Current Time Running" value="8065" />
  <attribute name="GC Util currently" value="3" />
  <attribute name="CPU Util currently" value="36238045791" />
<allocation-satisfied id="1800" threadId="0000000001EB3E00" bytesRequested="24" />
<af-end id="1801" timestamp="2019-09-21T19:37:31.343" threadId="0000000001EB4788" success="true" />
<exclusive-end id="1802" timestamp="2019-09-21T19:37:31.343" durationms="73.382" />

<exclusive-start id="1803" timestamp="2019-09-21T19:37:31.345" intervalms="75.064">
  <response-info timems="0.147" idlems="0.079" threads="4" lastid="0000000001BAE100" lastname="JIT Compilation Thread-5" />
</exclusive-start>
<af-start id="1804" threadId="0000000001EB6988" totalBytesRequested="24" timestamp="2019-09-21T19:37:31.345" intervalms="75.105" />
<cycle-start id="1805" type="global" contextid="0" timestamp="2019-09-21T19:37:31.345" intervalms="75.047" />
<gc-start id="1806" type="global" contextid="1805" timestamp="2019-09-21T19:37:31.345">
  <mem-info id="1807" free="156672" total="15728640" percent="0">
    <mem type="tenure" free="156672" total="15728640" percent="0">
      <mem type="soa" free="0" total="15571968" percent="0" />
      <mem type="loa" free="156672" total="156672" percent="100" />
    </mem>
  </mem-info>
</gc-start>
<allocation-stats totalBytes="1021968" >
  <allocated-bytes non-tlh="56312" tlh="965656" />
  <largest-consumer threadName="PmdThread 5" threadId="0000000001EB3E00" bytes="331696" />
</allocation-stats>
<gc-op id="1808" type="mark" timems="7.032" contextid="1805" timestamp="2019-09-21T19:37:31.353">
  <trace-info objectcount="347529" scancount="317370" scanbytes="10870824" />
  <finalization candidates="58" enqueued="0" />
  <ownableSynchronizers candidates="12" cleared="0" />
  <references type="soft" candidates="104" cleared="0" enqueued="0" dynamicThreshold="2" maxThreshold="32" />
  <references type="weak" candidates="930" cleared="33" enqueued="33" />
  <references type="phantom" candidates="113" cleared="0" enqueued="0" />
  <stringconstants candidates="5067" cleared="0"  />
</gc-op>
<gc-op id="1809" type="sweep" timems="0.827" contextid="1805" timestamp="2019-09-21T19:37:31.354" />
<mem-info id="1810" free="1236264" total="15728640" percent="7">
  <mem type="tenure" free="1236264" total="15728640" percent="7" micro-fragmented="35375" macro-fragmented="0">
    <mem type="soa" free="1079592" total="15571968" percent="6" />
    <mem type="loa" free="156672" total="156672" percent="100" />
  </mem>
  <pending-finalizers system="0" default="0" reference="33" classloader="0" />
</mem-info>
<gc-op id="1811" type="compact" timems="66.201" contextid="1805" timestamp="2019-09-21T19:37:31.420">
  <compact-info movecount="303163" movebytes="11846992" reason="compact to aid heap contraction" />
</gc-op>
<heap-resize id="1812" type="expand" space="tenure" amount="65536" count="1" timems="0.018" reason="satisfy allocation request" timestamp="2019-09-21T19:37:31.420" />
<gc-end id="1813" type="global" contextid="1805" durationms="75.070" usertimems="84.000" systemtimems="8.000" timestamp="2019-09-21T19:37:31.421" activeThreads="8">
  <mem-info id="1814" free="1314984" total="15794176" percent="8">
    <mem type="tenure" free="1314984" total="15794176" percent="8">
      <mem type="soa" free="1157288" total="15636480" percent="7" />
      <mem type="loa" free="157696" total="157696" percent="100" />
    </mem>
    <pending-finalizers system="0" default="0" reference="33" classloader="0" />
  </mem-info>
</gc-end>
<cycle-end id="1815" type="global" contextid="1805" timestamp="2019-09-21T19:37:31.421" />
  <attribute name="elasticGC enabled" value="1" />
  <attribute name= "numThreadsSpecified" value="8" />
  <attribute name="heapSize specified" value="15728640" />
  <attribute name="Current GC Util" value="5" />
  <attribute name= "Current Time Running" value="8143" />
  <attribute name ="GC Interval" value="0" />
  <attribute name="Target GC Util Change" value ="40.000000" />
  <attribute name="Current GC Util Change" value="5.000000"/>
  <attribute name="Current Error" value="-141.000000" />
  <attribute name="Output H" value="15766400"/>
  <attribute name="Output I" value="1920"/>
  <attribute name="Output T" value="8"/>
  <attribute name= "Current Time Running" value="8143" />
  <attribute name="GC Util currently" value="5" />
  <attribute name="CPU Util currently" value="34695764115" />
<allocation-satisfied id="1816" threadId="0000000001EB6000" bytesRequested="24" />
<af-end id="1817" timestamp="2019-09-21T19:37:31.421" threadId="0000000001EB6988" success="true" />
<exclusive-end id="1818" timestamp="2019-09-21T19:37:31.421" durationms="75.839" />

<exclusive-start id="1819" timestamp="2019-09-21T19:37:31.426" intervalms="80.476">
  <response-info timems="0.483" idlems="0.103" threads="7" lastid="0000000001BB1D00" lastname="JIT Compilation Thread-6" />
</exclusive-start>
<af-start id="1820" threadId="0000000001EC2F88" totalBytesRequested="8200" timestamp="2019-09-21T19:37:31.426" intervalms="80.411" />
<cycle-start id="1821" type="global" contextid="0" timestamp="2019-09-21T19:37:31.426" intervalms="80.404" />
<gc-start id="1822" type="global" contextid="1821" timestamp="2019-09-21T19:37:31.426">
  <mem-info id="1823" free="157696" total="15794176" percent="0">
    <mem type="tenure" free="157696" total="15794176" percent="0">
      <mem type="soa" free="0" total="15636480" percent="0" />
      <mem type="loa" free="157696" total="157696" percent="100" />
    </mem>
  </mem-info>
</gc-start>
<allocation-stats totalBytes="1181144" >
  <allocated-bytes non-tlh="528" tlh="1180616" />
  <largest-consumer threadName="PmdThread 2" threadId="0000000001EB6E00" bytes="519952" />
</allocation-stats>
<gc-op id="1824" type="mark" timems="10.881" contextid="1821" timestamp="2019-09-21T19:37:31.437">
  <trace-info objectcount="348144" scancount="317932" scanbytes="10894052" />
  <finalization candidates="58" enqueued="0" />
  <ownableSynchronizers candidates="12" cleared="0" />
  <references type="soft" candidates="104" cleared="2" enqueued="0" dynamicThreshold="2" maxThreshold="32" />
  <references type="weak" candidates="947" cleared="49" enqueued="49" />
  <references type="phantom" candidates="116" cleared="0" enqueued="0" />
  <stringconstants candidates="5067" cleared="0"  />
</gc-op>
<gc-op id="1825" type="sweep" timems="1.756" contextid="1821" timestamp="2019-09-21T19:37:31.439" />
<mem-info id="1826" free="1181504" total="15794176" percent="7">
  <mem type="tenure" free="1181504" total="15794176" percent="7" micro-fragmented="77751" macro-fragmented="0">
    <mem type="soa" free="1023808" total="15636480" percent="6" />
    <mem type="loa" free="157696" total="157696" percent="100" />
  </mem>
  <pending-finalizers system="0" default="0" reference="49" classloader="0" />
</mem-info>
<gc-op id="1827" type="compact" timems="69.749" contextid="1821" timestamp="2019-09-21T19:37:31.509">
  <compact-info movecount="267971" movebytes="10505352" reason="compact to aid heap contraction" />
</gc-op>
<heap-resize id="1828" type="expand" space="tenure" amount="65536" count="1" timems="0.017" reason="satisfy allocation request" timestamp="2019-09-21T19:37:31.509" />
<gc-end id="1829" type="global" contextid="1821" durationms="83.406" usertimems="80.000" systemtimems="16.000" timestamp="2019-09-21T19:37:31.509" activeThreads="8">
  <mem-info id="1830" free="1362024" total="15859712" percent="8">
    <mem type="tenure" free="1362024" total="15859712" percent="8">
      <mem type="soa" free="1204328" total="15702016" percent="7" />
      <mem type="loa" free="157696" total="157696" percent="100" />
    </mem>
    <pending-finalizers system="0" default="0" reference="49" classloader="0" />
  </mem-info>
</gc-end>
<cycle-end id="1831" type="global" contextid="1821" timestamp="2019-09-21T19:37:31.509" />
  <attribute name="elasticGC enabled" value="1" />
  <attribute name= "numThreadsSpecified" value="8" />
  <attribute name="heapSize specified" value="15794176" />
  <attribute name="Current GC Util" value="91" />
  <attribute name= "Current Time Running" value="8231" />
  <attribute name ="GC Interval" value="0" />
  <attribute name="Target GC Util Change" value ="40.000000" />
  <attribute name="Current GC Util Change" value="91.000000"/>
  <attribute name="Current Error" value="-51.000000" />
  <attribute name="Output H" value="15831992"/>
  <attribute name="Output I" value="1976"/>
  <attribute name="Output T" value="8"/>
  <attribute name= "Current Time Running" value="8231" />
  <attribute name="GC Util currently" value="91" />
  <attribute name="CPU Util currently" value="32943988311" />
<allocation-satisfied id="1832" threadId="0000000001EC2600" bytesRequested="8200" />
<af-end id="1833" timestamp="2019-09-21T19:37:31.510" threadId="0000000001EC2F88" success="true" />
<exclusive-end id="1834" timestamp="2019-09-21T19:37:31.510" durationms="84.073" />

<exclusive-start id="1835" timestamp="2019-09-21T19:37:31.513" intervalms="87.086">
  <response-info timems="0.565" idlems="0.227" threads="3" lastid="0000000001B9B600" lastname="JIT Compilation Thread-0" />
</exclusive-start>
<af-start id="1836" threadId="0000000001EB5288" totalBytesRequested="64" timestamp="2019-09-21T19:37:31.513" intervalms="87.085" />
<cycle-start id="1837" type="global" contextid="0" timestamp="2019-09-21T19:37:31.513" intervalms="87.125" />
<gc-start id="1838" type="global" contextid="1837" timestamp="2019-09-21T19:37:31.513">
  <mem-info id="1839" free="157696" total="15859712" percent="0">
    <mem type="tenure" free="157696" total="15859712" percent="0">
      <mem type="soa" free="0" total="15702016" percent="0" />
      <mem type="loa" free="157696" total="157696" percent="100" />
    </mem>
  </mem-info>
</gc-start>
<allocation-stats totalBytes="1184496" >
  <allocated-bytes non-tlh="57560" tlh="1126936" />
  <largest-consumer threadName="PmdThread 6" threadId="0000000001EB4900" bytes="614128" />
</allocation-stats>
<gc-op id="1840" type="mark" timems="7.169" contextid="1837" timestamp="2019-09-21T19:37:31.520">
  <trace-info objectcount="352780" scancount="322202" scanbytes="11047200" />
  <finalization candidates="58" enqueued="0" />
  <ownableSynchronizers candidates="12" cleared="0" />
  <references type="soft" candidates="103" cleared="0" enqueued="0" dynamicThreshold="2" maxThreshold="32" />
  <references type="weak" candidates="909" cleared="12" enqueued="12" />
  <references type="phantom" candidates="119" cleared="3" enqueued="3" />
  <stringconstants candidates="5067" cleared="0"  />
</gc-op>
<gc-op id="1841" type="sweep" timems="1.231" contextid="1837" timestamp="2019-09-21T19:37:31.522" />
<mem-info id="1842" free="1026768" total="15859712" percent="6">
  <mem type="tenure" free="1026768" total="15859712" percent="6" micro-fragmented="54145" macro-fragmented="0">
    <mem type="soa" free="869072" total="15702016" percent="5" />
    <mem type="loa" free="157696" total="157696" percent="100" />
  </mem>
  <pending-finalizers system="0" default="0" reference="15" classloader="0" />
</mem-info>
<gc-op id="1843" type="compact" timems="61.661" contextid="1837" timestamp="2019-09-21T19:37:31.583">
  <compact-info movecount="283853" movebytes="11521992" reason="compact to aid heap contraction" />
</gc-op>
<heap-resize id="1844" type="expand" space="tenure" amount="65536" count="1" timems="0.020" reason="satisfy allocation request" timestamp="2019-09-21T19:37:31.584" />
<gc-end id="1845" type="global" contextid="1837" durationms="71.056" usertimems="88.000" systemtimems="0.000" timestamp="2019-09-21T19:37:31.584" activeThreads="8">
  <mem-info id="1846" free="1159256" total="15925248" percent="7">
    <mem type="tenure" free="1159256" total="15925248" percent="7">
      <mem type="soa" free="1000536" total="15766528" percent="6" />
      <mem type="loa" free="158720" total="158720" percent="100" />
    </mem>
    <pending-finalizers system="0" default="0" reference="15" classloader="0" />
  </mem-info>
</gc-end>
<cycle-end id="1847" type="global" contextid="1837" timestamp="2019-09-21T19:37:31.584" />
  <attribute name="elasticGC enabled" value="1" />
  <attribute name= "numThreadsSpecified" value="8" />
  <attribute name="heapSize specified" value="15859712" />
  <attribute name="Current GC Util" value="6" />
  <attribute name= "Current Time Running" value="8306" />
  <attribute name ="GC Interval" value="0" />
  <attribute name="Target GC Util Change" value ="40.000000" />
  <attribute name="Current GC Util Change" value="6.000000"/>
  <attribute name="Current Error" value="-498.000000" />
  <attribute name="Output H" value="15897272"/>
  <attribute name="Output I" value="1720"/>
  <attribute name="Output T" value="8"/>
  <attribute name= "Current Time Running" value="8306" />
  <attribute name="GC Util currently" value="6" />
  <attribute name="CPU Util currently" value="37247553945" />
<allocation-satisfied id="1848" threadId="0000000001EB4900" bytesRequested="64" />
<af-end id="1849" timestamp="2019-09-21T19:37:31.585" threadId="0000000001EB5288" success="true" />
<exclusive-end id="1850" timestamp="2019-09-21T19:37:31.585" durationms="71.979" />

<exclusive-start id="1851" timestamp="2019-09-21T19:37:31.588" intervalms="75.561">
  <response-info timems="1.314" idlems="0.434" threads="4" lastid="0000000001BAE100" lastname="JIT Compilation Thread-5" />
</exclusive-start>
<af-start id="1852" threadId="0000000001EB7788" totalBytesRequested="56" timestamp="2019-09-21T19:37:31.588" intervalms="75.573" />
<cycle-start id="1853" type="global" contextid="0" timestamp="2019-09-21T19:37:31.588" intervalms="75.551" />
<gc-start id="1854" type="global" contextid="1853" timestamp="2019-09-21T19:37:31.588">
  <mem-info id="1855" free="158720" total="15925248" percent="0">
    <mem type="tenure" free="158720" total="15925248" percent="0">
      <mem type="soa" free="0" total="15766528" percent="0" />
      <mem type="loa" free="158720" total="158720" percent="100" />
    </mem>
  </mem-info>
</gc-start>
<allocation-stats totalBytes="1037040" >
  <allocated-bytes non-tlh="0" tlh="1037040" />
  <largest-consumer threadName="PmdThread 8" threadId="0000000001EB6000" bytes="602048" />
</allocation-stats>
<gc-op id="1856" type="mark" timems="10.692" contextid="1853" timestamp="2019-09-21T19:37:31.599">
  <trace-info objectcount="353480" scancount="322752" scanbytes="11066996" />
  <finalization candidates="58" enqueued="0" />
  <ownableSynchronizers candidates="12" cleared="0" />
  <references type="soft" candidates="103" cleared="0" enqueued="0" dynamicThreshold="2" maxThreshold="32" />
  <references type="weak" candidates="914" cleared="17" enqueued="17" />
  <references type="phantom" candidates="117" cleared="3" enqueued="3" />
  <stringconstants candidates="5067" cleared="0"  />
</gc-op>
<gc-op id="1857" type="sweep" timems="1.761" contextid="1853" timestamp="2019-09-21T19:37:31.601" />
<mem-info id="1858" free="1139120" total="15925248" percent="7">
  <mem type="tenure" free="1139120" total="15925248" percent="7" micro-fragmented="59925" macro-fragmented="0">
    <mem type="soa" free="980400" total="15766528" percent="6" />
    <mem type="loa" free="158720" total="158720" percent="100" />
  </mem>
  <pending-finalizers system="0" default="0" reference="20" classloader="0" />
</mem-info>
<gc-op id="1859" type="compact" timems="62.051" contextid="1853" timestamp="2019-09-21T19:37:31.664">
  <compact-info movecount="265926" movebytes="10954592" reason="compact to aid heap contraction" />
</gc-op>
<heap-resize id="1860" type="expand" space="tenure" amount="65536" count="1" timems="0.019" reason="satisfy allocation request" timestamp="2019-09-21T19:37:31.664" />
<gc-end id="1861" type="global" contextid="1853" durationms="75.830" usertimems="72.000" systemtimems="16.000" timestamp="2019-09-21T19:37:31.664" activeThreads="8">
  <mem-info id="1862" free="1223160" total="15990784" percent="7">
    <mem type="tenure" free="1223160" total="15990784" percent="7">
      <mem type="soa" free="1063416" total="15831040" percent="6" />
      <mem type="loa" free="159744" total="159744" percent="100" />
    </mem>
    <pending-finalizers system="0" default="0" reference="20" classloader="0" />
  </mem-info>
</gc-end>
<cycle-end id="1863" type="global" contextid="1853" timestamp="2019-09-21T19:37:31.665" />
  <attribute name="elasticGC enabled" value="1" />
  <attribute name= "numThreadsSpecified" value="8" />
  <attribute name="heapSize specified" value="15925248" />
  <attribute name="Current GC Util" value="90" />
  <attribute name= "Current Time Running" value="8387" />
  <attribute name ="GC Interval" value="0" />
  <attribute name="Target GC Util Change" value ="40.000000" />
  <attribute name="Current GC Util Change" value="90.000000"/>
  <attribute name="Current Error" value="-227.000000" />
  <attribute name="Output H" value="15962960"/>
  <attribute name="Output I" value="1872"/>
  <attribute name="Output T" value="8"/>
  <attribute name= "Current Time Running" value="8387" />
  <attribute name="GC Util currently" value="90" />
  <attribute name="CPU Util currently" value="37006212668" />
<allocation-satisfied id="1864" threadId="0000000001EB6E00" bytesRequested="56" />
<af-end id="1865" timestamp="2019-09-21T19:37:31.665" threadId="0000000001EB7788" success="true" />
<exclusive-end id="1866" timestamp="2019-09-21T19:37:31.665" durationms="76.755" />

<exclusive-start id="1867" timestamp="2019-09-21T19:37:31.667" intervalms="78.906">
  <response-info timems="0.212" idlems="0.212" threads="0" lastid="0000000001EB4900" lastname="PmdThread 6" />
</exclusive-start>
<af-start id="1868" threadId="0000000001EB5288" totalBytesRequested="40" timestamp="2019-09-21T19:37:31.667" intervalms="78.924" />
<cycle-start id="1869" type="global" contextid="0" timestamp="2019-09-21T19:37:31.667" intervalms="78.962" />
<gc-start id="1870" type="global" contextid="1869" timestamp="2019-09-21T19:37:31.667">
  <mem-info id="1871" free="159744" total="15990784" percent="0">
    <mem type="tenure" free="159744" total="15990784" percent="0">
      <mem type="soa" free="0" total="15831040" percent="0" />
      <mem type="loa" free="159744" total="159744" percent="100" />
    </mem>
  </mem-info>
</gc-start>
<allocation-stats totalBytes="1079968" >
  <allocated-bytes non-tlh="57720" tlh="1022248" />
  <largest-consumer threadName="PmdThread 8" threadId="0000000001EB6000" bytes="456776" />
</allocation-stats>
<gc-op id="1872" type="mark" timems="9.481" contextid="1869" timestamp="2019-09-21T19:37:31.677">
  <trace-info objectcount="355272" scancount="324447" scanbytes="11129772" />
  <finalization candidates="58" enqueued="0" />
  <ownableSynchronizers candidates="12" cleared="0" />
  <references type="soft" candidates="103" cleared="0" enqueued="0" dynamicThreshold="2" maxThreshold="32" />
  <references type="weak" candidates="909" cleared="13" enqueued="13" />
  <references type="phantom" candidates="115" cleared="0" enqueued="0" />
  <stringconstants candidates="5068" cleared="0"  />
</gc-op>
<gc-op id="1873" type="sweep" timems="1.146" contextid="1869" timestamp="2019-09-21T19:37:31.678" />
<mem-info id="1874" free="1063232" total="15990784" percent="6">
  <mem type="tenure" free="1063232" total="15990784" percent="6" micro-fragmented="90887" macro-fragmented="0">
    <mem type="soa" free="903488" total="15831040" percent="5" />
    <mem type="loa" free="159744" total="159744" percent="100" />
  </mem>
  <pending-finalizers system="0" default="0" reference="13" classloader="0" />
</mem-info>
<gc-op id="1875" type="compact" timems="62.543" contextid="1869" timestamp="2019-09-21T19:37:31.741">
  <compact-info movecount="286354" movebytes="11607376" reason="compact to aid heap contraction" />
</gc-op>
<heap-resize id="1876" type="expand" space="tenure" amount="65536" count="1" timems="0.017" reason="satisfy allocation request" timestamp="2019-09-21T19:37:31.742" />
<gc-end id="1877" type="global" contextid="1869" durationms="74.254" usertimems="84.000" systemtimems="4.000" timestamp="2019-09-21T19:37:31.742" activeThreads="8">
  <mem-info id="1878" free="1221632" total="16056320" percent="7">
    <mem type="tenure" free="1221632" total="16056320" percent="7">
      <mem type="soa" free="1061888" total="15896576" percent="6" />
      <mem type="loa" free="159744" total="159744" percent="100" />
    </mem>
    <pending-finalizers system="0" default="0" reference="13" classloader="0" />
  </mem-info>
</gc-end>
<cycle-end id="1879" type="global" contextid="1869" timestamp="2019-09-21T19:37:31.742" />
  <attribute name="elasticGC enabled" value="1" />
  <attribute name= "numThreadsSpecified" value="8" />
  <attribute name="heapSize specified" value="15990784" />
  <attribute name="Current GC Util" value="93" />
  <attribute name= "Current Time Running" value="8464" />
  <attribute name ="GC Interval" value="0" />
  <attribute name="Target GC Util Change" value ="40.000000" />
  <attribute name="Current GC Util Change" value="93.000000"/>
  <attribute name="Current Error" value="-53.000000" />
  <attribute name="Output H" value="16028600"/>
  <attribute name="Output I" value="1976"/>
  <attribute name="Output T" value="8"/>
  <attribute name= "Current Time Running" value="8464" />
  <attribute name="GC Util currently" value="93" />
  <attribute name="CPU Util currently" value="36749330833" />
<allocation-satisfied id="1880" threadId="0000000001EB4900" bytesRequested="40" />
<af-end id="1881" timestamp="2019-09-21T19:37:31.742" threadId="0000000001EB5288" success="true" />
<exclusive-end id="1882" timestamp="2019-09-21T19:37:31.742" durationms="75.128" />

<exclusive-start id="1883" timestamp="2019-09-21T19:37:31.743" intervalms="76.320">
  <response-info timems="0.085" idlems="0.082" threads="1" lastid="0000000001EB6000" lastname="PmdThread 8" />
</exclusive-start>
<af-start id="1884" threadId="0000000001EB3B88" totalBytesRequested="88" timestamp="2019-09-21T19:37:31.744" intervalms="76.285" />
<cycle-start id="1885" type="global" contextid="0" timestamp="2019-09-21T19:37:31.744" intervalms="76.300" />
<gc-start id="1886" type="global" contextid="1885" timestamp="2019-09-21T19:37:31.744">
  <mem-info id="1887" free="159744" total="16056320" percent="0">
    <mem type="tenure" free="159744" total="16056320" percent="0">
      <mem type="soa" free="0" total="15896576" percent="0" />
      <mem type="loa" free="159744" total="159744" percent="100" />
    </mem>
  </mem-info>
</gc-start>
<allocation-stats totalBytes="1082008" >
  <allocated-bytes non-tlh="32872" tlh="1049136" />
  <largest-consumer threadName="PmdThread 8" threadId="0000000001EB6000" bytes="552840" />
</allocation-stats>
<gc-op id="1888" type="mark" timems="16.668" contextid="1885" timestamp="2019-09-21T19:37:31.761">
  <trace-info objectcount="358177" scancount="327115" scanbytes="11225592" />
  <finalization candidates="58" enqueued="0" />
  <ownableSynchronizers candidates="12" cleared="0" />
  <references type="soft" candidates="103" cleared="5" enqueued="0" dynamicThreshold="2" maxThreshold="32" />
  <references type="weak" candidates="901" cleared="4" enqueued="4" />
  <references type="phantom" candidates="113" cleared="0" enqueued="0" />
  <stringconstants candidates="5068" cleared="0"  />
</gc-op>
<gc-op id="1889" type="sweep" timems="0.561" contextid="1885" timestamp="2019-09-21T19:37:31.762" />
<mem-info id="1890" free="913608" total="16056320" percent="5">
  <mem type="tenure" free="913608" total="16056320" percent="5" micro-fragmented="159097" macro-fragmented="0">
    <mem type="soa" free="753864" total="15896576" percent="4" />
    <mem type="loa" free="159744" total="159744" percent="100" />
  </mem>
  <pending-finalizers system="0" default="0" reference="4" classloader="0" />
</mem-info>
<gc-op id="1891" type="compact" timems="19.963" contextid="1885" timestamp="2019-09-21T19:37:31.782">
  <compact-info movecount="21580" movebytes="1116712" reason="compact to aid heap contraction" />
</gc-op>
<heap-resize id="1892" type="expand" space="tenure" amount="65536" count="1" timems="0.019" reason="satisfy allocation request" timestamp="2019-09-21T19:37:31.782" />
<gc-end id="1893" type="global" contextid="1885" durationms="38.344" usertimems="40.000" systemtimems="0.000" timestamp="2019-09-21T19:37:31.782" activeThreads="8">
  <mem-info id="1894" free="1160336" total="16121856" percent="7">
    <mem type="tenure" free="1160336" total="16121856" percent="7">
      <mem type="soa" free="999568" total="15961088" percent="6" />
      <mem type="loa" free="160768" total="160768" percent="100" />
    </mem>
    <pending-finalizers system="0" default="0" reference="4" classloader="0" />
  </mem-info>
</gc-end>
<cycle-end id="1895" type="global" contextid="1885" timestamp="2019-09-21T19:37:31.782" />
  <attribute name="elasticGC enabled" value="1" />
  <attribute name= "numThreadsSpecified" value="8" />
  <attribute name="heapSize specified" value="16056320" />
  <attribute name="Current GC Util" value="22" />
  <attribute name= "Current Time Running" value="8504" />
  <attribute name ="GC Interval" value="0" />
  <attribute name="Target GC Util Change" value ="40.000000" />
  <attribute name="Current GC Util Change" value="22.000000"/>
  <attribute name="Current Error" value="-535.000000" />
  <attribute name="Output H" value="16093856"/>
  <attribute name="Output I" value="1696"/>
  <attribute name="Output T" value="8"/>
  <attribute name= "Current Time Running" value="8504" />
  <attribute name="GC Util currently" value="22" />
  <attribute name="CPU Util currently" value="114615696445" />
<allocation-satisfied id="1896" threadId="0000000001EB3200" bytesRequested="88" />
<af-end id="1897" timestamp="2019-09-21T19:37:31.783" threadId="0000000001EB3B88" success="true" />
<exclusive-end id="1898" timestamp="2019-09-21T19:37:31.783" durationms="39.202" />

<exclusive-start id="1899" timestamp="2019-09-21T19:37:31.784" intervalms="40.851">
  <response-info timems="0.369" idlems="0.195" threads="1" lastid="0000000001EB3200" lastname="PmdThread 1" />
</exclusive-start>
<af-start id="1900" threadId="0000000001EB5288" totalBytesRequested="56" timestamp="2019-09-21T19:37:31.784" intervalms="40.861" />
<cycle-start id="1901" type="global" contextid="0" timestamp="2019-09-21T19:37:31.785" intervalms="40.814" />
<gc-start id="1902" type="global" contextid="1901" timestamp="2019-09-21T19:37:31.785">
  <mem-info id="1903" free="160768" total="16121856" percent="0">
    <mem type="tenure" free="160768" total="16121856" percent="0">
      <mem type="soa" free="0" total="15961088" percent="0" />
      <mem type="loa" free="160768" total="160768" percent="100" />
    </mem>
  </mem-info>
</gc-start>
<allocation-stats totalBytes="995880" >
  <allocated-bytes non-tlh="57472" tlh="938408" />
  <largest-consumer threadName="PmdThread 8" threadId="0000000001EB6000" bytes="516032" />
</allocation-stats>
<gc-op id="1904" type="mark" timems="10.021" contextid="1901" timestamp="2019-09-21T19:37:31.795">
  <trace-info objectcount="360486" scancount="329224" scanbytes="11297468" />
  <finalization candidates="58" enqueued="0" />
  <ownableSynchronizers candidates="12" cleared="0" />
  <references type="soft" candidates="98" cleared="0" enqueued="0" dynamicThreshold="2" maxThreshold="32" />
  <references type="weak" candidates="897" cleared="0" enqueued="0" />
  <references type="phantom" candidates="114" cleared="0" enqueued="0" />
  <stringconstants candidates="5068" cleared="0"  />
</gc-op>
<gc-op id="1905" type="sweep" timems="0.929" contextid="1901" timestamp="2019-09-21T19:37:31.796" />
<mem-info id="1906" free="896760" total="16121856" percent="5">
  <mem type="tenure" free="896760" total="16121856" percent="5" micro-fragmented="112469" macro-fragmented="0">
    <mem type="soa" free="735992" total="15961088" percent="4" />
    <mem type="loa" free="160768" total="160768" percent="100" />
  </mem>
</mem-info>
<gc-op id="1907" type="compact" timems="63.019" contextid="1901" timestamp="2019-09-21T19:37:31.859">
  <compact-info movecount="43346" movebytes="2286480" reason="compact to aid heap contraction" />
</gc-op>
<heap-resize id="1908" type="expand" space="tenure" amount="65536" count="1" timems="0.017" reason="satisfy allocation request" timestamp="2019-09-21T19:37:31.859" />
<gc-end id="1909" type="global" contextid="1901" durationms="74.948" usertimems="80.000" systemtimems="4.000" timestamp="2019-09-21T19:37:31.859" activeThreads="8">
  <mem-info id="1910" free="1055576" total="16187392" percent="6">
    <mem type="tenure" free="1055576" total="16187392" percent="6">
      <mem type="soa" free="893784" total="16025600" percent="5" />
      <mem type="loa" free="161792" total="161792" percent="100" />
    </mem>
  </mem-info>
</gc-end>
<cycle-end id="1911" type="global" contextid="1901" timestamp="2019-09-21T19:37:31.860" />
  <attribute name="elasticGC enabled" value="1" />
  <attribute name= "numThreadsSpecified" value="8" />
  <attribute name="heapSize specified" value="16121856" />
  <attribute name="Current GC Util" value="8" />
  <attribute name= "Current Time Running" value="8582" />
  <attribute name ="GC Interval" value="0" />
  <attribute name="Target GC Util Change" value ="40.000000" />
  <attribute name="Current GC Util Change" value="8.000000"/>
  <attribute name="Current Error" value="-134.000000" />
  <attribute name="Output H" value="16159624"/>
  <attribute name="Output I" value="1928"/>
  <attribute name="Output T" value="8"/>
  <attribute name= "Current Time Running" value="8582" />
  <attribute name="GC Util currently" value="8" />
  <attribute name="CPU Util currently" value="36479177493" />
<allocation-satisfied id="1912" threadId="0000000001EB4900" bytesRequested="56" />
<af-end id="1913" timestamp="2019-09-21T19:37:31.860" threadId="0000000001EB5288" success="true" />
<exclusive-end id="1914" timestamp="2019-09-21T19:37:31.860" durationms="75.614" />

<exclusive-start id="1915" timestamp="2019-09-21T19:37:31.862" intervalms="77.265">
  <response-info timems="0.239" idlems="0.205" threads="1" lastid="0000000001EB3E00" lastname="PmdThread 5" />
</exclusive-start>
<af-start id="1916" threadId="0000000001EB6988" totalBytesRequested="16" timestamp="2019-09-21T19:37:31.862" intervalms="77.257" />
<cycle-start id="1917" type="global" contextid="0" timestamp="2019-09-21T19:37:31.862" intervalms="77.233" />
<gc-start id="1918" type="global" contextid="1917" timestamp="2019-09-21T19:37:31.862">
  <mem-info id="1919" free="161792" total="16187392" percent="0">
    <mem type="tenure" free="161792" total="16187392" percent="0">
      <mem type="soa" free="0" total="16025600" percent="0" />
      <mem type="loa" free="161792" total="161792" percent="100" />
    </mem>
  </mem-info>
</gc-start>
<allocation-stats totalBytes="918080" >
  <allocated-bytes non-tlh="0" tlh="918080" />
  <largest-consumer threadName="PmdThread 8" threadId="0000000001EB6000" bytes="529088" />
</allocation-stats>
<gc-op id="1920" type="mark" timems="9.412" contextid="1917" timestamp="2019-09-21T19:37:31.871">
  <trace-info objectcount="362785" scancount="331396" scanbytes="11380252" />
  <finalization candidates="58" enqueued="0" />
  <ownableSynchronizers candidates="12" cleared="0" />
  <references type="soft" candidates="98" cleared="0" enqueued="0" dynamicThreshold="2" maxThreshold="32" />
  <references type="weak" candidates="897" cleared="0" enqueued="0" />
  <references type="phantom" candidates="113" cleared="0" enqueued="0" />
  <stringconstants candidates="5068" cleared="0"  />
</gc-op>
<gc-op id="1921" type="sweep" timems="2.049" contextid="1917" timestamp="2019-09-21T19:37:31.873" />
<mem-info id="1922" free="864408" total="16187392" percent="5">
  <mem type="tenure" free="864408" total="16187392" percent="5" micro-fragmented="112220" macro-fragmented="0">
    <mem type="soa" free="702616" total="16025600" percent="4" />
    <mem type="loa" free="161792" total="161792" percent="100" />
  </mem>
</mem-info>
<gc-op id="1923" type="compact" timems="62.698" contextid="1917" timestamp="2019-09-21T19:37:31.936">
  <compact-info movecount="36710" movebytes="1841896" reason="compact to aid heap contraction" />
</gc-op>
<heap-resize id="1924" type="expand" space="tenure" amount="65536" count="1" timems="0.017" reason="satisfy allocation request" timestamp="2019-09-21T19:37:31.937" />
<gc-end id="1925" type="global" contextid="1917" durationms="75.395" usertimems="84.000" systemtimems="8.000" timestamp="2019-09-21T19:37:31.937" activeThreads="8">
  <mem-info id="1926" free="1023328" total="16252928" percent="6">
    <mem type="tenure" free="1023328" total="16252928" percent="6">
      <mem type="soa" free="861536" total="16091136" percent="5" />
      <mem type="loa" free="161792" total="161792" percent="100" />
    </mem>
  </mem-info>
</gc-end>
<cycle-end id="1927" type="global" contextid="1917" timestamp="2019-09-21T19:37:31.937" />
  <attribute name="elasticGC enabled" value="1" />
  <attribute name= "numThreadsSpecified" value="8" />
  <attribute name="heapSize specified" value="16187392" />
  <attribute name="Current GC Util" value="13" />
  <attribute name= "Current Time Running" value="8659" />
  <attribute name ="GC Interval" value="0" />
  <attribute name="Target GC Util Change" value ="40.000000" />
  <attribute name="Current GC Util Change" value="13.000000"/>
  <attribute name="Current Error" value="27.000000" />
  <attribute name="Output H" value="16225248"/>
  <attribute name="Output I" value="2016"/>
  <attribute name="Output T" value="8"/>
  <attribute name= "Current Time Running" value="8659" />
  <attribute name="GC Util currently" value="13" />
  <attribute name="CPU Util currently" value="36655624214" />
<allocation-satisfied id="1928" threadId="0000000001EB6000" bytesRequested="16" />
<af-end id="1929" timestamp="2019-09-21T19:37:31.938" threadId="0000000001EB6988" success="true" />
<exclusive-end id="1930" timestamp="2019-09-21T19:37:31.938" durationms="76.000" />

<exclusive-start id="1931" timestamp="2019-09-21T19:37:31.947" intervalms="85.876">
  <response-info timems="0.052" idlems="0.052" threads="0" lastid="0000000001EB6000" lastname="PmdThread 8" />
</exclusive-start>
<af-start id="1932" threadId="0000000001EB6988" totalBytesRequested="24" timestamp="2019-09-21T19:37:31.948" intervalms="85.904" />
<cycle-start id="1933" type="global" contextid="0" timestamp="2019-09-21T19:37:31.948" intervalms="85.938" />
<gc-start id="1934" type="global" contextid="1933" timestamp="2019-09-21T19:37:31.948">
  <mem-info id="1935" free="161792" total="16252928" percent="0">
    <mem type="tenure" free="161792" total="16252928" percent="0">
      <mem type="soa" free="0" total="16091136" percent="0" />
      <mem type="loa" free="161792" total="161792" percent="100" />
    </mem>
  </mem-info>
</gc-start>
<allocation-stats totalBytes="902296" >
  <allocated-bytes non-tlh="0" tlh="902296" />
  <largest-consumer threadName="PmdThread 8" threadId="0000000001EB6000" bytes="890088" />
</allocation-stats>
<gc-op id="1936" type="mark" timems="8.836" contextid="1933" timestamp="2019-09-21T19:37:31.957">
  <trace-info objectcount="362850" scancount="331453" scanbytes="11382120" />
  <finalization candidates="58" enqueued="0" />
  <ownableSynchronizers candidates="12" cleared="0" />
  <references type="soft" candidates="98" cleared="0" enqueued="0" dynamicThreshold="2" maxThreshold="32" />
  <references type="weak" candidates="897" cleared="0" enqueued="0" />
  <references type="phantom" candidates="113" cleared="0" enqueued="0" />
  <stringconstants candidates="5068" cleared="0"  />
</gc-op>
<gc-op id="1937" type="sweep" timems="1.088" contextid="1933" timestamp="2019-09-21T19:37:31.958" />
<mem-info id="1938" free="1057704" total="16252928" percent="6">
  <mem type="tenure" free="1057704" total="16252928" percent="6" micro-fragmented="0" macro-fragmented="0">
    <mem type="soa" free="895912" total="16091136" percent="5" />
    <mem type="loa" free="161792" total="161792" percent="100" />
  </mem>
</mem-info>
<gc-op id="1939" type="compact" timems="61.277" contextid="1933" timestamp="2019-09-21T19:37:32.019">
  <compact-info movecount="34108" movebytes="1580048" reason="compact to aid heap contraction" />
</gc-op>
<heap-resize id="1940" type="expand" space="tenure" amount="65536" count="1" timems="0.020" reason="satisfy allocation request" timestamp="2019-09-21T19:37:32.020" />
<gc-end id="1941" type="global" contextid="1933" durationms="72.454" usertimems="112.000" systemtimems="4.000" timestamp="2019-09-21T19:37:32.020" activeThreads="8">
  <mem-info id="1942" free="1076584" total="16318464" percent="6">
    <mem type="tenure" free="1076584" total="16318464" percent="6">
      <mem type="soa" free="913768" total="16155648" percent="5" />
      <mem type="loa" free="162816" total="162816" percent="100" />
    </mem>
  </mem-info>
</gc-end>
<cycle-end id="1943" type="global" contextid="1933" timestamp="2019-09-21T19:37:32.020" />
  <attribute name="elasticGC enabled" value="1" />
  <attribute name= "numThreadsSpecified" value="8" />
  <attribute name="heapSize specified" value="16252928" />
  <attribute name="Current GC Util" value="99" />
  <attribute name= "Current Time Running" value="8742" />
  <attribute name ="GC Interval" value="0" />
  <attribute name="Target GC Util Change" value ="40.000000" />
  <attribute name="Current GC Util Change" value="99.000000"/>
  <attribute name="Current Error" value="-967.000000" />
  <attribute name="Output H" value="16290216"/>
  <attribute name="Output I" value="1448"/>
  <attribute name="Output T" value="8"/>
  <attribute name= "Current Time Running" value="8742" />
  <attribute name="GC Util currently" value="99" />
  <attribute name="CPU Util currently" value="37467920503" />
<allocation-satisfied id="1944" threadId="0000000001EB6000" bytesRequested="24" />
<af-end id="1945" timestamp="2019-09-21T19:37:32.021" threadId="0000000001EB6988" success="true" />
<exclusive-end id="1946" timestamp="2019-09-21T19:37:32.021" durationms="73.178" />

<exclusive-start id="1947" timestamp="2019-09-21T19:37:32.022" intervalms="74.344">
  <response-info timems="0.043" idlems="0.043" threads="0" lastid="0000000001EB6000" lastname="PmdThread 8" />
</exclusive-start>
<af-start id="1948" threadId="0000000001EB6988" totalBytesRequested="16" timestamp="2019-09-21T19:37:32.022" intervalms="74.307" />
<cycle-start id="1949" type="global" contextid="0" timestamp="2019-09-21T19:37:32.022" intervalms="74.306" />
<gc-start id="1950" type="global" contextid="1949" timestamp="2019-09-21T19:37:32.022">
  <mem-info id="1951" free="162816" total="16318464" percent="0">
    <mem type="tenure" free="162816" total="16318464" percent="0">
      <mem type="soa" free="0" total="16155648" percent="0" />
      <mem type="loa" free="162816" total="162816" percent="100" />
    </mem>
  </mem-info>
</gc-start>
<allocation-stats totalBytes="962712" >
  <allocated-bytes non-tlh="0" tlh="962712" />
  <largest-consumer threadName="PmdThread 8" threadId="0000000001EB6000" bytes="794800" />
</allocation-stats>
<gc-op id="1952" type="mark" timems="5.904" contextid="1949" timestamp="2019-09-21T19:37:32.028">
  <trace-info objectcount="364280" scancount="332757" scanbytes="11431736" />
  <finalization candidates="58" enqueued="0" />
  <ownableSynchronizers candidates="12" cleared="0" />
  <references type="soft" candidates="98" cleared="0" enqueued="0" dynamicThreshold="2" maxThreshold="32" />
  <references type="weak" candidates="897" cleared="0" enqueued="0" />
  <references type="phantom" candidates="112" cleared="0" enqueued="0" />
  <stringconstants candidates="5068" cleared="0"  />
</gc-op>
<gc-op id="1953" type="sweep" timems="1.198" contextid="1949" timestamp="2019-09-21T19:37:32.029" />
<mem-info id="1954" free="1037464" total="16318464" percent="6">
  <mem type="tenure" free="1037464" total="16318464" percent="6" micro-fragmented="40258" macro-fragmented="0">
    <mem type="soa" free="874648" total="16155648" percent="5" />
    <mem type="loa" free="162816" total="162816" percent="100" />
  </mem>
</mem-info>
<gc-op id="1955" type="compact" timems="58.868" contextid="1949" timestamp="2019-09-21T19:37:32.088">
  <compact-info movecount="72652" movebytes="3146760" reason="compact to aid heap contraction" />
</gc-op>
<heap-resize id="1956" type="expand" space="tenure" amount="65536" count="1" timems="0.017" reason="satisfy allocation request" timestamp="2019-09-21T19:37:32.089" />
<gc-end id="1957" type="global" contextid="1949" durationms="66.922" usertimems="72.000" systemtimems="16.000" timestamp="2019-09-21T19:37:32.089" activeThreads="8">
  <mem-info id="1958" free="1087320" total="16384000" percent="6">
    <mem type="tenure" free="1087320" total="16384000" percent="6">
      <mem type="soa" free="923480" total="16220160" percent="5" />
      <mem type="loa" free="163840" total="163840" percent="100" />
    </mem>
  </mem-info>
</gc-end>
<cycle-end id="1959" type="global" contextid="1949" timestamp="2019-09-21T19:37:32.089" />
  <attribute name="elasticGC enabled" value="1" />
  <attribute name= "numThreadsSpecified" value="8" />
  <attribute name="heapSize specified" value="16318464" />
  <attribute name="Current GC Util" value="4" />
  <attribute name= "Current Time Running" value="8811" />
  <attribute name ="GC Interval" value="0" />
  <attribute name="Target GC Util Change" value ="40.000000" />
  <attribute name="Current GC Util Change" value="4.000000"/>
  <attribute name="Current Error" value="-395.000000" />
  <attribute name="Output H" value="16356080"/>
  <attribute name="Output I" value="1776"/>
  <attribute name="Output T" value="8"/>
  <attribute name= "Current Time Running" value="8811" />
  <attribute name="GC Util currently" value="4" />
  <attribute name="CPU Util currently" value="39033667300" />
<allocation-satisfied id="1960" threadId="0000000001EB6000" bytesRequested="16" />
<af-end id="1961" timestamp="2019-09-21T19:37:32.089" threadId="0000000001EB6988" success="true" />
<exclusive-end id="1962" timestamp="2019-09-21T19:37:32.090" durationms="67.756" />

<exclusive-start id="1963" timestamp="2019-09-21T19:37:32.094" intervalms="72.159">
  <response-info timems="3.330" idlems="1.673" threads="1" lastid="0000000001EB3200" lastname="PmdThread 1" />
</exclusive-start>
<af-start id="1964" threadId="0000000001EB7788" totalBytesRequested="24" timestamp="2019-09-21T19:37:32.094" intervalms="72.187" />
<cycle-start id="1965" type="global" contextid="0" timestamp="2019-09-21T19:37:32.094" intervalms="72.176" />
<gc-start id="1966" type="global" contextid="1965" timestamp="2019-09-21T19:37:32.094">
  <mem-info id="1967" free="163840" total="16384000" percent="1">
    <mem type="tenure" free="163840" total="16384000" percent="1">
      <mem type="soa" free="0" total="16220160" percent="0" />
      <mem type="loa" free="163840" total="163840" percent="100" />
    </mem>
  </mem-info>
</gc-start>
<allocation-stats totalBytes="970960" >
  <allocated-bytes non-tlh="256" tlh="970704" />
  <largest-consumer threadName="PmdThread 8" threadId="0000000001EB6000" bytes="755160" />
</allocation-stats>
<gc-op id="1968" type="mark" timems="5.733" contextid="1965" timestamp="2019-09-21T19:37:32.100">
  <trace-info objectcount="364362" scancount="332847" scanbytes="11434704" />
  <finalization candidates="58" enqueued="0" />
  <ownableSynchronizers candidates="12" cleared="0" />
  <references type="soft" candidates="98" cleared="0" enqueued="0" dynamicThreshold="2" maxThreshold="32" />
  <references type="weak" candidates="925" cleared="29" enqueued="29" />
  <references type="phantom" candidates="112" cleared="0" enqueued="0" />
  <stringconstants candidates="5069" cleared="0"  />
</gc-op>
<gc-op id="1969" type="sweep" timems="0.971" contextid="1965" timestamp="2019-09-21T19:37:32.101" />
<mem-info id="1970" free="1130464" total="16384000" percent="6">
  <mem type="tenure" free="1130464" total="16384000" percent="6" micro-fragmented="1794" macro-fragmented="0">
    <mem type="soa" free="966624" total="16220160" percent="5" />
    <mem type="loa" free="163840" total="163840" percent="100" />
  </mem>
  <pending-finalizers system="0" default="0" reference="29" classloader="0" />
</mem-info>
<gc-op id="1971" type="compact" timems="59.156" contextid="1965" timestamp="2019-09-21T19:37:32.161">
  <compact-info movecount="82866" movebytes="3699048" reason="compact to aid heap contraction" />
</gc-op>
<heap-resize id="1972" type="expand" space="tenure" amount="65536" count="1" timems="0.019" reason="satisfy allocation request" timestamp="2019-09-21T19:37:32.161" />
<gc-end id="1973" type="global" contextid="1965" durationms="67.071" usertimems="84.000" systemtimems="0.000" timestamp="2019-09-21T19:37:32.161" activeThreads="8">
  <mem-info id="1974" free="1178392" total="16449536" percent="7">
    <mem type="tenure" free="1178392" total="16449536" percent="7">
      <mem type="soa" free="1014552" total="16285696" percent="6" />
      <mem type="loa" free="163840" total="163840" percent="100" />
    </mem>
    <pending-finalizers system="0" default="0" reference="29" classloader="0" />
  </mem-info>
</gc-end>
<cycle-end id="1975" type="global" contextid="1965" timestamp="2019-09-21T19:37:32.161" />
  <attribute name="elasticGC enabled" value="1" />
  <attribute name= "numThreadsSpecified" value="8" />
  <attribute name="heapSize specified" value="16384000" />
  <attribute name="Current GC Util" value="5" />
  <attribute name= "Current Time Running" value="8884" />
  <attribute name ="GC Interval" value="0" />
  <attribute name="Target GC Util Change" value ="40.000000" />
  <attribute name="Current GC Util Change" value="5.000000"/>
  <attribute name="Current Error" value="35.000000" />
  <attribute name="Output H" value="16421864"/>
  <attribute name="Output I" value="2024"/>
  <attribute name="Output T" value="8"/>
  <attribute name= "Current Time Running" value="8884" />
  <attribute name="GC Util currently" value="5" />
  <attribute name="CPU Util currently" value="38840580756" />
<allocation-satisfied id="1976" threadId="0000000001EB6E00" bytesRequested="24" />
<af-end id="1977" timestamp="2019-09-21T19:37:32.162" threadId="0000000001EB7788" success="true" />
<exclusive-end id="1978" timestamp="2019-09-21T19:37:32.162" durationms="67.878" />

<exclusive-start id="1979" timestamp="2019-09-21T19:37:32.165" intervalms="71.055">
  <response-info timems="0.057" idlems="0.057" threads="0" lastid="0000000001EB4900" lastname="PmdThread 6" />
</exclusive-start>
<af-start id="1980" threadId="0000000001EB5288" totalBytesRequested="24" timestamp="2019-09-21T19:37:32.165" intervalms="71.054" />
<cycle-start id="1981" type="global" contextid="0" timestamp="2019-09-21T19:37:32.165" intervalms="71.040" />
<gc-start id="1982" type="global" contextid="1981" timestamp="2019-09-21T19:37:32.165">
  <mem-info id="1983" free="163840" total="16449536" percent="0">
    <mem type="tenure" free="163840" total="16449536" percent="0">
      <mem type="soa" free="0" total="16285696" percent="0" />
      <mem type="loa" free="163840" total="163840" percent="100" />
    </mem>
  </mem-info>
</gc-start>
<allocation-stats totalBytes="1034416" >
  <allocated-bytes non-tlh="0" tlh="1034416" />
  <largest-consumer threadName="PmdThread 8" threadId="0000000001EB6000" bytes="589720" />
</allocation-stats>
<gc-op id="1984" type="mark" timems="14.961" contextid="1981" timestamp="2019-09-21T19:37:32.180">
  <trace-info objectcount="365780" scancount="334527" scanbytes="11469680" />
  <finalization candidates="58" enqueued="0" />
  <ownableSynchronizers candidates="12" cleared="0" />
  <references type="soft" candidates="98" cleared="0" enqueued="0" dynamicThreshold="2" maxThreshold="32" />
  <references type="weak" candidates="904" cleared="8" enqueued="8" />
  <references type="phantom" candidates="112" cleared="0" enqueued="0" />
  <stringconstants candidates="5069" cleared="0"  />
</gc-op>
<gc-op id="1985" type="sweep" timems="1.155" contextid="1981" timestamp="2019-09-21T19:37:32.182" />
<mem-info id="1986" free="1286392" total="16449536" percent="7">
  <mem type="tenure" free="1286392" total="16449536" percent="7" micro-fragmented="0" macro-fragmented="0">
    <mem type="soa" free="1122552" total="16285696" percent="6" />
    <mem type="loa" free="163840" total="163840" percent="100" />
  </mem>
  <pending-finalizers system="0" default="0" reference="8" classloader="0" />
</mem-info>
<gc-op id="1987" type="compact" timems="62.007" contextid="1981" timestamp="2019-09-21T19:37:32.244">
  <compact-info movecount="277978" movebytes="11376224" reason="compact to aid heap contraction" />
</gc-op>
<heap-resize id="1988" type="expand" space="tenure" amount="65536" count="1" timems="0.021" reason="satisfy allocation request" timestamp="2019-09-21T19:37:32.245" />
<gc-end id="1989" type="global" contextid="1981" durationms="79.494" usertimems="100.000" systemtimems="4.000" timestamp="2019-09-21T19:37:32.245" activeThreads="8">
  <mem-info id="1990" free="1317616" total="16515072" percent="7">
    <mem type="tenure" free="1317616" total="16515072" percent="7">
      <mem type="soa" free="1152752" total="16350208" percent="7" />
      <mem type="loa" free="164864" total="164864" percent="100" />
    </mem>
    <pending-finalizers system="0" default="0" reference="8" classloader="0" />
  </mem-info>
</gc-end>
<cycle-end id="1991" type="global" contextid="1981" timestamp="2019-09-21T19:37:32.245" />
  <attribute name="elasticGC enabled" value="1" />
  <attribute name= "numThreadsSpecified" value="8" />
  <attribute name="heapSize specified" value="16449536" />
  <attribute name="Current GC Util" value="9" />
  <attribute name= "Current Time Running" value="8967" />
  <attribute name ="GC Interval" value="0" />
  <attribute name="Target GC Util Change" value ="40.000000" />
  <attribute name="Current GC Util Change" value="9.000000"/>
  <attribute name="Current Error" value="-1519.000000" />
  <attribute name="Output H" value="16486504"/>
  <attribute name="Output I" value="1128"/>
  <attribute name="Output T" value="8"/>
  <attribute name= "Current Time Running" value="8967" />
  <attribute name="GC Util currently" value="9" />
  <attribute name="CPU Util currently" value="37052983678" />
<allocation-satisfied id="1992" threadId="0000000001EB4900" bytesRequested="24" />
<af-end id="1993" timestamp="2019-09-21T19:37:32.245" threadId="0000000001EB5288" success="true" />
<exclusive-end id="1994" timestamp="2019-09-21T19:37:32.245" durationms="80.340" />

<exclusive-start id="1995" timestamp="2019-09-21T19:37:32.250" intervalms="85.326">
  <response-info timems="0.088" idlems="0.052" threads="1" lastid="0000000001B9F200" lastname="JIT Compilation Thread-1" />
</exclusive-start>
<af-start id="1996" threadId="0000000001EB3B88" totalBytesRequested="360" timestamp="2019-09-21T19:37:32.250" intervalms="85.330" />
<cycle-start id="1997" type="global" contextid="0" timestamp="2019-09-21T19:37:32.251" intervalms="85.334" />
<gc-start id="1998" type="global" contextid="1997" timestamp="2019-09-21T19:37:32.251">
  <mem-info id="1999" free="164864" total="16515072" percent="0">
    <mem type="tenure" free="164864" total="16515072" percent="0">
      <mem type="soa" free="0" total="16350208" percent="0" />
      <mem type="loa" free="164864" total="164864" percent="100" />
    </mem>
  </mem-info>
</gc-start>
<allocation-stats totalBytes="1170704" >
  <allocated-bytes non-tlh="16840" tlh="1153864" />
  <largest-consumer threadName="PmdThread 1" threadId="0000000001EB3200" bytes="269008" />
</allocation-stats>
<gc-op id="2000" type="mark" timems="10.179" contextid="1997" timestamp="2019-09-21T19:37:32.261">
  <trace-info objectcount="364401" scancount="333295" scanbytes="11410232" />
  <finalization candidates="58" enqueued="0" />
  <ownableSynchronizers candidates="12" cleared="0" />
  <references type="soft" candidates="106" cleared="0" enqueued="0" dynamicThreshold="2" maxThreshold="32" />
  <references type="weak" candidates="950" cleared="54" enqueued="54" />
  <references type="phantom" candidates="117" cleared="5" enqueued="5" />
  <stringconstants candidates="5070" cleared="0"  />
</gc-op>
<gc-op id="2001" type="sweep" timems="0.403" contextid="1997" timestamp="2019-09-21T19:37:32.262" />
<mem-info id="2002" free="1352256" total="16515072" percent="8">
  <mem type="tenure" free="1352256" total="16515072" percent="8" micro-fragmented="33282" macro-fragmented="0">
    <mem type="soa" free="1187392" total="16350208" percent="7" />
    <mem type="loa" free="164864" total="164864" percent="100" />
  </mem>
  <pending-finalizers system="0" default="0" reference="59" classloader="0" />
</mem-info>
<gc-op id="2003" type="compact" timems="63.119" contextid="1997" timestamp="2019-09-21T19:37:32.325">
  <compact-info movecount="295456" movebytes="11907968" reason="compact to aid heap contraction" />
</gc-op>
<heap-resize id="2004" type="expand" space="tenure" amount="65536" count="1" timems="0.023" reason="satisfy allocation request" timestamp="2019-09-21T19:37:32.325" />
<gc-end id="2005" type="global" contextid="1997" durationms="74.884" usertimems="92.000" systemtimems="0.000" timestamp="2019-09-21T19:37:32.325" activeThreads="8">
  <mem-info id="2006" free="1440328" total="16580608" percent="8">
    <mem type="tenure" free="1440328" total="16580608" percent="8">
      <mem type="soa" free="1275464" total="16415744" percent="7" />
      <mem type="loa" free="164864" total="164864" percent="100" />
    </mem>
    <pending-finalizers system="0" default="0" reference="59" classloader="0" />
  </mem-info>
</gc-end>
<cycle-end id="2007" type="global" contextid="1997" timestamp="2019-09-21T19:37:32.326" />
  <attribute name="elasticGC enabled" value="1" />
  <attribute name= "numThreadsSpecified" value="8" />
  <attribute name="heapSize specified" value="16515072" />
  <attribute name="Current GC Util" value="5" />
  <attribute name= "Current Time Running" value="9048" />
  <attribute name ="GC Interval" value="0" />
  <attribute name="Target GC Util Change" value ="40.000000" />
  <attribute name="Current GC Util Change" value="5.000000"/>
  <attribute name="Current Error" value="-116.000000" />
  <attribute name="Output H" value="16552848"/>
  <attribute name="Output I" value="1936"/>
  <attribute name="Output T" value="8"/>
  <attribute name= "Current Time Running" value="9048" />
  <attribute name="GC Util currently" value="5" />
  <attribute name="CPU Util currently" value="36411843819" />
<allocation-satisfied id="2008" threadId="0000000001EB3200" bytesRequested="360" />
<af-end id="2009" timestamp="2019-09-21T19:37:32.326" threadId="0000000001EB3B88" success="true" />
<exclusive-end id="2010" timestamp="2019-09-21T19:37:32.326" durationms="75.636" />

<exclusive-start id="2011" timestamp="2019-09-21T19:37:32.331" intervalms="80.158">
  <response-info timems="1.164" idlems="0.592" threads="1" lastid="0000000001EBEA00" lastname="PmdThread 3" />
</exclusive-start>
<af-start id="2012" threadId="0000000001EB5288" totalBytesRequested="40" timestamp="2019-09-21T19:37:32.331" intervalms="80.150" />
<cycle-start id="2013" type="global" contextid="0" timestamp="2019-09-21T19:37:32.331" intervalms="80.172" />
<gc-start id="2014" type="global" contextid="2013" timestamp="2019-09-21T19:37:32.331">
  <mem-info id="2015" free="164864" total="16580608" percent="0">
    <mem type="tenure" free="164864" total="16580608" percent="0">
      <mem type="soa" free="0" total="16415744" percent="0" />
      <mem type="loa" free="164864" total="164864" percent="100" />
    </mem>
  </mem-info>
</gc-start>
<allocation-stats totalBytes="1299456" >
  <allocated-bytes non-tlh="49176" tlh="1250280" />
  <largest-consumer threadName="PmdThread 3" threadId="0000000001EBEA00" bytes="695992" />
</allocation-stats>
<gc-op id="2016" type="mark" timems="9.227" contextid="2013" timestamp="2019-09-21T19:37:32.340">
  <trace-info objectcount="376324" scancount="344567" scanbytes="11778228" />
  <finalization candidates="58" enqueued="0" />
  <ownableSynchronizers candidates="12" cleared="0" />
  <references type="soft" candidates="106" cleared="0" enqueued="0" dynamicThreshold="2" maxThreshold="32" />
  <references type="weak" candidates="903" cleared="6" enqueued="6" />
  <references type="phantom" candidates="114" cleared="1" enqueued="1" />
  <stringconstants candidates="5070" cleared="0"  />
</gc-op>
<gc-op id="2017" type="sweep" timems="1.263" contextid="2013" timestamp="2019-09-21T19:37:32.342" />
<mem-info id="2018" free="665648" total="16580608" percent="4">
  <mem type="tenure" free="665648" total="16580608" percent="4" micro-fragmented="182583" macro-fragmented="0">
    <mem type="soa" free="500784" total="16415744" percent="3" />
    <mem type="loa" free="164864" total="164864" percent="100" />
  </mem>
  <pending-finalizers system="0" default="0" reference="7" classloader="0" />
</mem-info>
<gc-op id="2019" type="compact" timems="65.243" contextid="2013" timestamp="2019-09-21T19:37:32.407">
  <compact-info movecount="288391" movebytes="11833832" reason="compact to aid heap contraction" />
</gc-op>
<heap-resize id="2020" type="expand" space="tenure" amount="65536" count="1" timems="0.018" reason="satisfy allocation request" timestamp="2019-09-21T19:37:32.408" />
<gc-end id="2021" type="global" contextid="2013" durationms="77.550" usertimems="96.000" systemtimems="4.000" timestamp="2019-09-21T19:37:32.408" activeThreads="8">
  <mem-info id="2022" free="982024" total="16646144" percent="5">
    <mem type="tenure" free="982024" total="16646144" percent="5">
      <mem type="soa" free="816136" total="16480256" percent="4" />
      <mem type="loa" free="165888" total="165888" percent="100" />
    </mem>
    <pending-finalizers system="0" default="0" reference="7" classloader="0" />
  </mem-info>
</gc-end>
<cycle-end id="2023" type="global" contextid="2013" timestamp="2019-09-21T19:37:32.408" />
  <attribute name="elasticGC enabled" value="1" />
  <attribute name= "numThreadsSpecified" value="8" />
  <attribute name="heapSize specified" value="16580608" />
  <attribute name="Current GC Util" value="96" />
  <attribute name= "Current Time Running" value="9130" />
  <attribute name ="GC Interval" value="0" />
  <attribute name="Target GC Util Change" value ="40.000000" />
  <attribute name="Current GC Util Change" value="96.000000"/>
  <attribute name="Current Error" value="-56.000000" />
  <attribute name="Output H" value="16618416"/>
  <attribute name="Output I" value="1968"/>
  <attribute name="Output T" value="8"/>
  <attribute name= "Current Time Running" value="9130" />
  <attribute name="GC Util currently" value="96" />
  <attribute name="CPU Util currently" value="35242263852" />
<allocation-satisfied id="2024" threadId="0000000001EB4900" bytesRequested="40" />
<af-end id="2025" timestamp="2019-09-21T19:37:32.409" threadId="0000000001EB5288" success="true" />
<exclusive-end id="2026" timestamp="2019-09-21T19:37:32.409" durationms="78.341" />

<exclusive-start id="2027" timestamp="2019-09-21T19:37:32.413" intervalms="82.919">
  <response-info timems="0.406" idlems="0.149" threads="7" lastid="0000000001BAA600" lastname="JIT Compilation Thread-4" />
</exclusive-start>
<af-start id="2028" threadId="0000000001EB5288" totalBytesRequested="72" timestamp="2019-09-21T19:37:32.414" intervalms="82.887" />
<cycle-start id="2029" type="global" contextid="0" timestamp="2019-09-21T19:37:32.414" intervalms="82.858" />
<gc-start id="2030" type="global" contextid="2029" timestamp="2019-09-21T19:37:32.414">
  <mem-info id="2031" free="165888" total="16646144" percent="0">
    <mem type="tenure" free="165888" total="16646144" percent="0">
      <mem type="soa" free="0" total="16480256" percent="0" />
      <mem type="loa" free="165888" total="165888" percent="100" />
    </mem>
  </mem-info>
</gc-start>
<allocation-stats totalBytes="840088" >
  <allocated-bytes non-tlh="88" tlh="840000" />
  <largest-consumer threadName="PmdThread 6" threadId="0000000001EB4900" bytes="316160" />
</allocation-stats>
<gc-op id="2032" type="mark" timems="5.602" contextid="2029" timestamp="2019-09-21T19:37:32.419">
  <trace-info objectcount="380167" scancount="348452" scanbytes="11887596" />
  <finalization candidates="58" enqueued="0" />
  <ownableSynchronizers candidates="12" cleared="0" />
  <references type="soft" candidates="107" cleared="6" enqueued="0" dynamicThreshold="1" maxThreshold="32" />
  <references type="weak" candidates="898" cleared="2" enqueued="2" />
  <references type="phantom" candidates="113" cleared="1" enqueued="1" />
  <stringconstants candidates="5070" cleared="0"  />
</gc-op>
<gc-op id="2033" type="sweep" timems="0.590" contextid="2029" timestamp="2019-09-21T19:37:32.420" />
<mem-info id="2034" free="853504" total="16646144" percent="5">
  <mem type="tenure" free="853504" total="16646144" percent="5" micro-fragmented="44813" macro-fragmented="0">
    <mem type="soa" free="687616" total="16480256" percent="4" />
    <mem type="loa" free="165888" total="165888" percent="100" />
  </mem>
  <pending-finalizers system="0" default="0" reference="3" classloader="0" />
</mem-info>
<gc-op id="2035" type="compact" timems="63.512" contextid="2029" timestamp="2019-09-21T19:37:32.484">
  <compact-info movecount="292182" movebytes="11926296" reason="compact to aid heap contraction" />
</gc-op>
<heap-resize id="2036" type="expand" space="tenure" amount="65536" count="1" timems="0.019" reason="satisfy allocation request" timestamp="2019-09-21T19:37:32.484" />
<gc-end id="2037" type="global" contextid="2029" durationms="70.652" usertimems="88.000" systemtimems="0.000" timestamp="2019-09-21T19:37:32.484" activeThreads="8">
  <mem-info id="2038" free="945168" total="16711680" percent="5">
    <mem type="tenure" free="945168" total="16711680" percent="5">
      <mem type="soa" free="778256" total="16544768" percent="4" />
      <mem type="loa" free="166912" total="166912" percent="100" />
    </mem>
    <pending-finalizers system="0" default="0" reference="3" classloader="0" />
  </mem-info>
</gc-end>
<cycle-end id="2039" type="global" contextid="2029" timestamp="2019-09-21T19:37:32.484" />
  <attribute name="elasticGC enabled" value="1" />
  <attribute name= "numThreadsSpecified" value="8" />
  <attribute name="heapSize specified" value="16646144" />
  <attribute name="Current GC Util" value="2" />
  <attribute name= "Current Time Running" value="9207" />
  <attribute name ="GC Interval" value="0" />
  <attribute name="Target GC Util Change" value ="40.000000" />
  <attribute name="Current GC Util Change" value="2.000000"/>
  <attribute name="Current Error" value="-433.000000" />
  <attribute name="Output H" value="16683736"/>
  <attribute name="Output I" value="1752"/>
  <attribute name="Output T" value="8"/>
  <attribute name= "Current Time Running" value="9207" />
  <attribute name="GC Util currently" value="2" />
  <attribute name="CPU Util currently" value="36191339524" />
<allocation-satisfied id="2040" threadId="0000000001EB4900" bytesRequested="72" />
<af-end id="2041" timestamp="2019-09-21T19:37:32.485" threadId="0000000001EB5288" success="true" />
<exclusive-end id="2042" timestamp="2019-09-21T19:37:32.485" durationms="71.583" />

<exclusive-start id="2043" timestamp="2019-09-21T19:37:32.487" intervalms="73.912">
  <response-info timems="0.076" idlems="0.076" threads="0" lastid="0000000001EB3200" lastname="PmdThread 1" />
</exclusive-start>
<af-start id="2044" threadId="0000000001EB3B88" totalBytesRequested="24" timestamp="2019-09-21T19:37:32.488" intervalms="74.353" />
<cycle-start id="2045" type="global" contextid="0" timestamp="2019-09-21T19:37:32.488" intervalms="74.373" />
<gc-start id="2046" type="global" contextid="2045" timestamp="2019-09-21T19:37:32.488">
  <mem-info id="2047" free="166912" total="16711680" percent="0">
    <mem type="tenure" free="166912" total="16711680" percent="0">
      <mem type="soa" free="0" total="16544768" percent="0" />
      <mem type="loa" free="166912" total="166912" percent="100" />
    </mem>
  </mem-info>
</gc-start>
<allocation-stats totalBytes="810280" >
  <allocated-bytes non-tlh="88" tlh="810192" />
  <largest-consumer threadName="PmdThread 6" threadId="0000000001EB4900" bytes="335632" />
</allocation-stats>
<gc-op id="2048" type="mark" timems="8.275" contextid="2045" timestamp="2019-09-21T19:37:32.496">
  <trace-info objectcount="374977" scancount="343905" scanbytes="11729708" />
  <finalization candidates="58" enqueued="0" />
  <ownableSynchronizers candidates="12" cleared="0" />
  <references type="soft" candidates="101" cleared="3" enqueued="0" dynamicThreshold="1" maxThreshold="32" />
  <references type="weak" candidates="904" cleared="8" enqueued="8" />
  <references type="phantom" candidates="112" cleared="0" enqueued="0" />
  <stringconstants candidates="5070" cleared="0"  />
</gc-op>
<gc-op id="2049" type="sweep" timems="0.874" contextid="2045" timestamp="2019-09-21T19:37:32.497" />
<mem-info id="2050" free="1419264" total="16711680" percent="8">
  <mem type="tenure" free="1419264" total="16711680" percent="8" micro-fragmented="1793" macro-fragmented="0">
    <mem type="soa" free="1252352" total="16544768" percent="7" />
    <mem type="loa" free="166912" total="166912" percent="100" />
  </mem>
  <pending-finalizers system="0" default="0" reference="8" classloader="0" />
</mem-info>
<gc-op id="2051" type="compact" timems="66.063" contextid="2045" timestamp="2019-09-21T19:37:32.564">
  <compact-info movecount="306043" movebytes="12047464" reason="compact to aid heap contraction" />
</gc-op>
<heap-resize id="2052" type="expand" space="tenure" amount="65536" count="1" timems="0.019" reason="satisfy allocation request" timestamp="2019-09-21T19:37:32.564" />
<gc-end id="2053" type="global" contextid="2045" durationms="76.248" usertimems="88.000" systemtimems="8.000" timestamp="2019-09-21T19:37:32.564" activeThreads="8">
  <mem-info id="2054" free="1514280" total="16777216" percent="9">
    <mem type="tenure" free="1514280" total="16777216" percent="9">
      <mem type="soa" free="1347368" total="16610304" percent="8" />
      <mem type="loa" free="166912" total="166912" percent="100" />
    </mem>
    <pending-finalizers system="0" default="0" reference="8" classloader="0" />
  </mem-info>
</gc-end>
<cycle-end id="2055" type="global" contextid="2045" timestamp="2019-09-21T19:37:32.564" />
  <attribute name="elasticGC enabled" value="1" />
  <attribute name= "numThreadsSpecified" value="8" />
  <attribute name="heapSize specified" value="16711680" />
  <attribute name="Current GC Util" value="4" />
  <attribute name= "Current Time Running" value="9286" />
  <attribute name ="GC Interval" value="0" />
  <attribute name="Target GC Util Change" value ="40.000000" />
  <attribute name="Current GC Util Change" value="4.000000"/>
  <attribute name="Current Error" value="-252.000000" />
  <attribute name="Output H" value="16749376"/>
  <attribute name="Output I" value="1856"/>
  <attribute name="Output T" value="8"/>
  <attribute name= "Current Time Running" value="9286" />
  <attribute name="GC Util currently" value="4" />
  <attribute name="CPU Util currently" value="34759579543" />
<allocation-satisfied id="2056" threadId="0000000001EB3200" bytesRequested="24" />
<af-end id="2057" timestamp="2019-09-21T19:37:32.565" threadId="0000000001EB3B88" success="true" />
<exclusive-end id="2058" timestamp="2019-09-21T19:37:32.565" durationms="77.456" />

<exclusive-start id="2059" timestamp="2019-09-21T19:37:32.567" intervalms="79.500">
  <response-info timems="0.248" idlems="0.207" threads="1" lastid="0000000001EB3200" lastname="PmdThread 1" />
</exclusive-start>
<af-start id="2060" threadId="0000000001EC2F88" totalBytesRequested="184" timestamp="2019-09-21T19:37:32.567" intervalms="79.109" />
<cycle-start id="2061" type="global" contextid="0" timestamp="2019-09-21T19:37:32.567" intervalms="79.119" />
<gc-start id="2062" type="global" contextid="2061" timestamp="2019-09-21T19:37:32.567">
  <mem-info id="2063" free="166912" total="16777216" percent="0">
    <mem type="tenure" free="166912" total="16777216" percent="0">
      <mem type="soa" free="0" total="16610304" percent="0" />
      <mem type="loa" free="166912" total="166912" percent="100" />
    </mem>
    <pending-finalizers system="0" default="0" reference="8" classloader="0" />
  </mem-info>
</gc-start>
<allocation-stats totalBytes="1343296" >
  <allocated-bytes non-tlh="81960" tlh="1261336" />
  <largest-consumer threadName="PmdThread 5" threadId="0000000001EB3E00" bytes="638544" />
</allocation-stats>
<gc-op id="2064" type="mark" timems="10.836" contextid="2061" timestamp="2019-09-21T19:37:32.578">
  <trace-info objectcount="382741" scancount="350852" scanbytes="11979888" />
  <finalization candidates="58" enqueued="0" />
  <ownableSynchronizers candidates="12" cleared="0" />
  <references type="soft" candidates="98" cleared="0" enqueued="0" dynamicThreshold="2" maxThreshold="32" />
  <references type="weak" candidates="896" cleared="0" enqueued="0" />
  <references type="phantom" candidates="115" cleared="0" enqueued="0" />
  <stringconstants candidates="5070" cleared="0"  />
</gc-op>
<gc-op id="2065" type="sweep" timems="1.548" contextid="2061" timestamp="2019-09-21T19:37:32.580" />
<mem-info id="2066" free="634696" total="16777216" percent="3">
  <mem type="tenure" free="634696" total="16777216" percent="3" micro-fragmented="350823" macro-fragmented="0">
    <mem type="soa" free="467784" total="16610304" percent="2" />
    <mem type="loa" free="166912" total="166912" percent="100" />
  </mem>
  <pending-finalizers system="0" default="0" reference="8" classloader="0" />
</mem-info>
<gc-op id="2067" type="compact" timems="64.541" contextid="2061" timestamp="2019-09-21T19:37:32.645">
  <compact-info movecount="294762" movebytes="11935624" reason="compact to aid heap contraction" />
</gc-op>
<heap-resize id="2068" type="expand" space="tenure" amount="65536" count="1" timems="0.020" reason="satisfy allocation request" timestamp="2019-09-21T19:37:32.645" />
<gc-end id="2069" type="global" contextid="2061" durationms="78.318" usertimems="88.000" systemtimems="8.000" timestamp="2019-09-21T19:37:32.645" activeThreads="8">
  <mem-info id="2070" free="1063040" total="16842752" percent="6">
    <mem type="tenure" free="1063040" total="16842752" percent="6">
      <mem type="soa" free="895104" total="16674816" percent="5" />
      <mem type="loa" free="167936" total="167936" percent="100" />
    </mem>
    <pending-finalizers system="0" default="0" reference="8" classloader="0" />
  </mem-info>
</gc-end>
<cycle-end id="2071" type="global" contextid="2061" timestamp="2019-09-21T19:37:32.646" />
  <attribute name="elasticGC enabled" value="1" />
  <attribute name= "numThreadsSpecified" value="8" />
  <attribute name="heapSize specified" value="16777216" />
  <attribute name="Current GC Util" value="92" />
  <attribute name= "Current Time Running" value="9367" />
  <attribute name ="GC Interval" value="0" />
  <attribute name="Target GC Util Change" value ="40.000000" />
  <attribute name="Current GC Util Change" value="92.000000"/>
  <attribute name="Current Error" value="-52.000000" />
  <attribute name="Output H" value="16815032"/>
  <attribute name="Output I" value="1976"/>
  <attribute name="Output T" value="8"/>
  <attribute name= "Current Time Running" value="9367" />
  <attribute name="GC Util currently" value="92" />
  <attribute name="CPU Util currently" value="35589784025" />
<allocation-satisfied id="2072" threadId="0000000001EC2600" bytesRequested="184" />
<af-end id="2073" timestamp="2019-09-21T19:37:32.646" threadId="0000000001EC2F88" success="true" />
<exclusive-end id="2074" timestamp="2019-09-21T19:37:32.646" durationms="79.155" />

<exclusive-start id="2075" timestamp="2019-09-21T19:37:32.647" intervalms="80.140">
  <response-info timems="0.038" idlems="0.038" threads="0" lastid="0000000001EB3E00" lastname="PmdThread 5" />
</exclusive-start>
<af-start id="2076" threadId="0000000001EB4788" totalBytesRequested="40" timestamp="2019-09-21T19:37:32.647" intervalms="80.146" />
<cycle-start id="2077" type="global" contextid="0" timestamp="2019-09-21T19:37:32.647" intervalms="80.168" />
<gc-start id="2078" type="global" contextid="2077" timestamp="2019-09-21T19:37:32.647">
  <mem-info id="2079" free="167936" total="16842752" percent="0">
    <mem type="tenure" free="167936" total="16842752" percent="0">
      <mem type="soa" free="0" total="16674816" percent="0" />
      <mem type="loa" free="167936" total="167936" percent="100" />
    </mem>
  </mem-info>
</gc-start>
<allocation-stats totalBytes="931608" >
  <allocated-bytes non-tlh="0" tlh="931608" />
  <largest-consumer threadName="PmdThread 7" threadId="0000000001EB5500" bytes="485312" />
</allocation-stats>
<gc-op id="2080" type="mark" timems="5.929" contextid="2077" timestamp="2019-09-21T19:37:32.653">
  <trace-info objectcount="387336" scancount="355179" scanbytes="12136612" />
  <finalization candidates="58" enqueued="0" />
  <ownableSynchronizers candidates="12" cleared="0" />
  <references type="soft" candidates="98" cleared="0" enqueued="0" dynamicThreshold="2" maxThreshold="32" />
  <references type="weak" candidates="896" cleared="0" enqueued="0" />
  <references type="phantom" candidates="114" cleared="0" enqueued="0" />
  <stringconstants candidates="5070" cleared="0"  />
</gc-op>
<gc-op id="2081" type="sweep" timems="0.780" contextid="2077" timestamp="2019-09-21T19:37:32.654" />
<mem-info id="2082" free="620184" total="16842752" percent="3">
  <mem type="tenure" free="620184" total="16842752" percent="3" micro-fragmented="167447" macro-fragmented="0">
    <mem type="soa" free="452248" total="16674816" percent="2" />
    <mem type="loa" free="167936" total="167936" percent="100" />
  </mem>
</mem-info>
<gc-op id="2083" type="compact" timems="63.687" contextid="2077" timestamp="2019-09-21T19:37:32.718">
  <compact-info movecount="285058" movebytes="11384224" reason="compact to aid heap contraction" />
</gc-op>
<heap-resize id="2084" type="expand" space="tenure" amount="65536" count="1" timems="0.020" reason="satisfy allocation request" timestamp="2019-09-21T19:37:32.719" />
<gc-end id="2085" type="global" contextid="2077" durationms="71.567" usertimems="76.000" systemtimems="16.000" timestamp="2019-09-21T19:37:32.719" activeThreads="8">
  <mem-info id="2086" free="975008" total="16908288" percent="5">
    <mem type="tenure" free="975008" total="16908288" percent="5">
      <mem type="soa" free="806048" total="16739328" percent="4" />
      <mem type="loa" free="168960" total="168960" percent="100" />
    </mem>
  </mem-info>
</gc-end>
<cycle-end id="2087" type="global" contextid="2077" timestamp="2019-09-21T19:37:32.719" />
  <attribute name="elasticGC enabled" value="1" />
  <attribute name= "numThreadsSpecified" value="8" />
  <attribute name="heapSize specified" value="16842752" />
  <attribute name="Current GC Util" value="3" />
  <attribute name= "Current Time Running" value="9441" />
  <attribute name ="GC Interval" value="0" />
  <attribute name="Target GC Util Change" value ="40.000000" />
  <attribute name="Current GC Util Change" value="3.000000"/>
  <attribute name="Current Error" value="-655.000000" />
  <attribute name="Output H" value="16880216"/>
  <attribute name="Output I" value="1624"/>
  <attribute name="Output T" value="8"/>
  <attribute name= "Current Time Running" value="9441" />
  <attribute name="GC Util currently" value="3" />
  <attribute name="CPU Util currently" value="36105716092" />
<allocation-satisfied id="2088" threadId="0000000001EB3E00" bytesRequested="40" />
<af-end id="2089" timestamp="2019-09-21T19:37:32.719" threadId="0000000001EB4788" success="true" />
<exclusive-end id="2090" timestamp="2019-09-21T19:37:32.719" durationms="72.416" />

<exclusive-start id="2091" timestamp="2019-09-21T19:37:32.721" intervalms="73.729">
  <response-info timems="0.094" idlems="0.050" threads="1" lastid="0000000001BAA600" lastname="JIT Compilation Thread-4" />
</exclusive-start>
<af-start id="2092" threadId="0000000001EB5288" totalBytesRequested="24" timestamp="2019-09-21T19:37:32.721" intervalms="73.701" />
<cycle-start id="2093" type="global" contextid="0" timestamp="2019-09-21T19:37:32.721" intervalms="73.708" />
<gc-start id="2094" type="global" contextid="2093" timestamp="2019-09-21T19:37:32.721">
  <mem-info id="2095" free="168960" total="16908288" percent="0">
    <mem type="tenure" free="168960" total="16908288" percent="0">
      <mem type="soa" free="0" total="16739328" percent="0" />
      <mem type="loa" free="168960" total="168960" percent="100" />
    </mem>
  </mem-info>
</gc-start>
<allocation-stats totalBytes="834376" >
  <allocated-bytes non-tlh="0" tlh="834376" />
  <largest-consumer threadName="PmdThread 7" threadId="0000000001EB5500" bytes="409432" />
</allocation-stats>
<gc-op id="2096" type="mark" timems="5.954" contextid="2093" timestamp="2019-09-21T19:37:32.727">
  <trace-info objectcount="392508" scancount="359923" scanbytes="12310924" />
  <finalization candidates="58" enqueued="0" />
  <ownableSynchronizers candidates="12" cleared="0" />
  <references type="soft" candidates="98" cleared="0" enqueued="0" dynamicThreshold="1" maxThreshold="32" />
  <references type="weak" candidates="896" cleared="0" enqueued="0" />
  <references type="phantom" candidates="113" cleared="0" enqueued="0" />
  <stringconstants candidates="5070" cleared="0"  />
</gc-op>
<gc-op id="2097" type="sweep" timems="0.935" contextid="2093" timestamp="2019-09-21T19:37:32.728" />
<mem-info id="2098" free="515920" total="16908288" percent="3">
  <mem type="tenure" free="515920" total="16908288" percent="3" micro-fragmented="185731" macro-fragmented="0">
    <mem type="soa" free="346960" total="16739328" percent="2" />
    <mem type="loa" free="168960" total="168960" percent="100" />
  </mem>
</mem-info>
<gc-op id="2099" type="compact" timems="66.994" contextid="2093" timestamp="2019-09-21T19:37:32.795">
  <compact-info movecount="304517" movebytes="12281816" reason="compact to aid heap contraction" />
</gc-op>
<heap-resize id="2100" type="expand" space="tenure" amount="65536" count="1" timems="0.019" reason="satisfy allocation request" timestamp="2019-09-21T19:37:32.796" />
<gc-end id="2101" type="global" contextid="2093" durationms="74.803" usertimems="92.000" systemtimems="4.000" timestamp="2019-09-21T19:37:32.796" activeThreads="8">
  <mem-info id="2102" free="863808" total="16973824" percent="5">
    <mem type="tenure" free="863808" total="16973824" percent="5">
      <mem type="soa" free="694848" total="16804864" percent="4" />
      <mem type="loa" free="168960" total="168960" percent="100" />
    </mem>
  </mem-info>
</gc-end>
<cycle-end id="2103" type="global" contextid="2093" timestamp="2019-09-21T19:37:32.796" />
  <attribute name="elasticGC enabled" value="1" />
  <attribute name= "numThreadsSpecified" value="8" />
  <attribute name="heapSize specified" value="16908288" />
  <attribute name="Current GC Util" value="4" />
  <attribute name= "Current Time Running" value="9518" />
  <attribute name ="GC Interval" value="0" />
  <attribute name="Target GC Util Change" value ="40.000000" />
  <attribute name="Current GC Util Change" value="4.000000"/>
  <attribute name="Current Error" value="-321.000000" />
  <attribute name="Output H" value="16945944"/>
  <attribute name="Output I" value="1816"/>
  <attribute name="Output T" value="8"/>
  <attribute name= "Current Time Running" value="9518" />
  <attribute name="GC Util currently" value="4" />
  <attribute name="CPU Util currently" value="34323074032" />
<allocation-satisfied id="2104" threadId="0000000001EB4900" bytesRequested="24" />
<af-end id="2105" timestamp="2019-09-21T19:37:32.796" threadId="0000000001EB5288" success="true" />
<exclusive-end id="2106" timestamp="2019-09-21T19:37:32.796" durationms="75.642" />

<exclusive-start id="2107" timestamp="2019-09-21T19:37:32.797" intervalms="76.474">
  <response-info timems="0.040" idlems="0.040" threads="0" lastid="0000000001EB3E00" lastname="PmdThread 5" />
</exclusive-start>
<af-start id="2108" threadId="0000000001EB4788" totalBytesRequested="72" timestamp="2019-09-21T19:37:32.797" intervalms="76.472" />
<cycle-start id="2109" type="global" contextid="0" timestamp="2019-09-21T19:37:32.797" intervalms="76.491" />
<gc-start id="2110" type="global" contextid="2109" timestamp="2019-09-21T19:37:32.797">
  <mem-info id="2111" free="168960" total="16973824" percent="0">
    <mem type="tenure" free="168960" total="16973824" percent="0">
      <mem type="soa" free="0" total="16804864" percent="0" />
      <mem type="loa" free="168960" total="168960" percent="100" />
    </mem>
  </mem-info>
</gc-start>
<allocation-stats totalBytes="715040" >
  <allocated-bytes non-tlh="0" tlh="715040" />
  <largest-consumer threadName="PmdThread 7" threadId="0000000001EB5500" bytes="552752" />
</allocation-stats>
<gc-op id="2112" type="mark" timems="5.878" contextid="2109" timestamp="2019-09-21T19:37:32.804">
  <trace-info objectcount="396488" scancount="363682" scanbytes="12443792" />
  <finalization candidates="58" enqueued="0" />
  <ownableSynchronizers candidates="12" cleared="0" />
  <references type="soft" candidates="98" cleared="0" enqueued="0" dynamicThreshold="1" maxThreshold="32" />
  <references type="weak" candidates="896" cleared="0" enqueued="0" />
  <references type="phantom" candidates="113" cleared="0" enqueued="0" />
  <stringconstants candidates="5070" cleared="0"  />
</gc-op>
<gc-op id="2113" type="sweep" timems="0.458" contextid="2109" timestamp="2019-09-21T19:37:32.804" />
<mem-info id="2114" free="499192" total="16973824" percent="2">
  <mem type="tenure" free="499192" total="16973824" percent="2" micro-fragmented="176705" macro-fragmented="0">
    <mem type="soa" free="330232" total="16804864" percent="1" />
    <mem type="loa" free="168960" total="168960" percent="100" />
  </mem>
</mem-info>
<gc-op id="2115" type="compact" timems="64.693" contextid="2109" timestamp="2019-09-21T19:37:32.869">
  <compact-info movecount="291882" movebytes="11624120" reason="compact to aid heap contraction" />
</gc-op>
<heap-resize id="2116" type="expand" space="tenure" amount="65536" count="1" timems="0.018" reason="satisfy allocation request" timestamp="2019-09-21T19:37:32.870" />
<gc-end id="2117" type="global" contextid="2109" durationms="72.281" usertimems="84.000" systemtimems="0.000" timestamp="2019-09-21T19:37:32.870" activeThreads="8">
  <mem-info id="2118" free="782440" total="17039360" percent="4">
    <mem type="tenure" free="782440" total="17039360" percent="4">
      <mem type="soa" free="612456" total="16869376" percent="3" />
      <mem type="loa" free="169984" total="169984" percent="100" />
    </mem>
  </mem-info>
</gc-end>
<cycle-end id="2119" type="global" contextid="2109" timestamp="2019-09-21T19:37:32.870" />
  <attribute name="elasticGC enabled" value="1" />
  <attribute name= "numThreadsSpecified" value="8" />
  <attribute name="heapSize specified" value="16973824" />
  <attribute name="Current GC Util" value="2" />
  <attribute name= "Current Time Running" value="9592" />
  <attribute name ="GC Interval" value="0" />
  <attribute name="Target GC Util Change" value ="40.000000" />
  <attribute name="Current GC Util Change" value="2.000000"/>
  <attribute name="Current Error" value="38.000000" />
  <attribute name="Output H" value="17011688"/>
  <attribute name="Output I" value="2024"/>
  <attribute name="Output T" value="8"/>
  <attribute name= "Current Time Running" value="9592" />
  <attribute name="GC Util currently" value="2" />
  <attribute name="CPU Util currently" value="35528882073" />
<allocation-satisfied id="2120" threadId="0000000001EB3E00" bytesRequested="72" />
<af-end id="2121" timestamp="2019-09-21T19:37:32.870" threadId="0000000001EB4788" success="true" />
<exclusive-end id="2122" timestamp="2019-09-21T19:37:32.870" durationms="73.166" />

<exclusive-start id="2123" timestamp="2019-09-21T19:37:32.871" intervalms="74.184">
  <response-info timems="0.118" idlems="0.118" threads="0" lastid="0000000001EB3E00" lastname="PmdThread 5" />
</exclusive-start>
<af-start id="2124" threadId="0000000001EB4788" totalBytesRequested="24" timestamp="2019-09-21T19:37:32.872" intervalms="74.259" />
<cycle-start id="2125" type="global" contextid="0" timestamp="2019-09-21T19:37:32.872" intervalms="74.235" />
<gc-start id="2126" type="global" contextid="2125" timestamp="2019-09-21T19:37:32.872">
  <mem-info id="2127" free="169984" total="17039360" percent="0">
    <mem type="tenure" free="169984" total="17039360" percent="0">
      <mem type="soa" free="0" total="16869376" percent="0" />
      <mem type="loa" free="169984" total="169984" percent="100" />
    </mem>
  </mem-info>
</gc-start>
<allocation-stats totalBytes="636792" >
  <allocated-bytes non-tlh="0" tlh="636792" />
  <largest-consumer threadName="PmdThread 5" threadId="0000000001EB3E00" bytes="513968" />
</allocation-stats>
<gc-op id="2128" type="mark" timems="5.130" contextid="2125" timestamp="2019-09-21T19:37:32.877">
  <trace-info objectcount="396757" scancount="364319" scanbytes="12463080" />
  <finalization candidates="58" enqueued="0" />
  <ownableSynchronizers candidates="12" cleared="0" />
  <references type="soft" candidates="98" cleared="0" enqueued="0" dynamicThreshold="1" maxThreshold="32" />
  <references type="weak" candidates="896" cleared="0" enqueued="0" />
  <references type="phantom" candidates="113" cleared="0" enqueued="0" />
  <stringconstants candidates="5070" cleared="0"  />
</gc-op>
<gc-op id="2129" type="sweep" timems="0.465" contextid="2125" timestamp="2019-09-21T19:37:32.878" />
<mem-info id="2130" free="707992" total="17039360" percent="4">
  <mem type="tenure" free="707992" total="17039360" percent="4" micro-fragmented="52246" macro-fragmented="0">
    <mem type="soa" free="538008" total="16869376" percent="3" />
    <mem type="loa" free="169984" total="169984" percent="100" />
  </mem>
</mem-info>
<gc-op id="2131" type="compact" timems="64.340" contextid="2125" timestamp="2019-09-21T19:37:32.942">
  <compact-info movecount="291202" movebytes="11598424" reason="compact to aid heap contraction" />
</gc-op>
<heap-resize id="2132" type="expand" space="tenure" amount="65536" count="1" timems="0.019" reason="satisfy allocation request" timestamp="2019-09-21T19:37:32.943" />
<gc-end id="2133" type="global" contextid="2125" durationms="70.986" usertimems="80.000" systemtimems="4.000" timestamp="2019-09-21T19:37:32.943" activeThreads="8">
  <mem-info id="2134" free="825472" total="17104896" percent="4">
    <mem type="tenure" free="825472" total="17104896" percent="4">
      <mem type="soa" free="654464" total="16933888" percent="3" />
      <mem type="loa" free="171008" total="171008" percent="100" />
    </mem>
  </mem-info>
</gc-end>
<cycle-end id="2135" type="global" contextid="2125" timestamp="2019-09-21T19:37:32.943" />
  <attribute name="elasticGC enabled" value="1" />
  <attribute name= "numThreadsSpecified" value="8" />
  <attribute name="heapSize specified" value="17039360" />
  <attribute name="Current GC Util" value="2" />
  <attribute name= "Current Time Running" value="9665" />
  <attribute name ="GC Interval" value="0" />
  <attribute name="Target GC Util Change" value ="40.000000" />
  <attribute name="Current GC Util Change" value="2.000000"/>
  <attribute name="Current Error" value="-2931.000000" />
  <attribute name="Output H" value="17075512"/>
  <attribute name="Output I" value="312"/>
  <attribute name="Output T" value="8"/>
  <attribute name= "Current Time Running" value="9665" />
  <attribute name="GC Util currently" value="2" />
  <attribute name="CPU Util currently" value="35709722562" />
<allocation-satisfied id="2136" threadId="0000000001EB3E00" bytesRequested="24" />
<af-end id="2137" timestamp="2019-09-21T19:37:32.943" threadId="0000000001EB4788" success="true" />
<exclusive-end id="2138" timestamp="2019-09-21T19:37:32.943" durationms="71.909" />

<exclusive-start id="2139" timestamp="2019-09-21T19:37:32.945" intervalms="73.162">
  <response-info timems="0.164" idlems="0.164" threads="0" lastid="0000000001EB4900" lastname="PmdThread 6" />
</exclusive-start>
<af-start id="2140" threadId="0000000001EB5288" totalBytesRequested="72" timestamp="2019-09-21T19:37:32.945" intervalms="73.130" />
<cycle-start id="2141" type="global" contextid="0" timestamp="2019-09-21T19:37:32.945" intervalms="73.086" />
<gc-start id="2142" type="global" contextid="2141" timestamp="2019-09-21T19:37:32.945">
  <mem-info id="2143" free="171008" total="17104896" percent="0">
    <mem type="tenure" free="171008" total="17104896" percent="0">
      <mem type="soa" free="0" total="16933888" percent="0" />
      <mem type="loa" free="171008" total="171008" percent="100" />
    </mem>
  </mem-info>
</gc-start>
<allocation-stats totalBytes="691072" >
  <allocated-bytes non-tlh="0" tlh="691072" />
  <largest-consumer threadName="PmdThread 7" threadId="0000000001EB5500" bytes="515960" />
</allocation-stats>
<gc-op id="2144" type="mark" timems="5.883" contextid="2141" timestamp="2019-09-21T19:37:32.951">
  <trace-info objectcount="399900" scancount="367217" scanbytes="12570768" />
  <finalization candidates="58" enqueued="0" />
  <ownableSynchronizers candidates="12" cleared="0" />
  <references type="soft" candidates="98" cleared="0" enqueued="0" dynamicThreshold="1" maxThreshold="32" />
  <references type="weak" candidates="901" cleared="5" enqueued="5" />
  <references type="phantom" candidates="113" cleared="0" enqueued="0" />
  <stringconstants candidates="5070" cleared="0"  />
</gc-op>
<gc-op id="2145" type="sweep" timems="0.547" contextid="2141" timestamp="2019-09-21T19:37:32.951" />
<mem-info id="2146" free="545520" total="17104896" percent="3">
  <mem type="tenure" free="545520" total="17104896" percent="3" micro-fragmented="80242" macro-fragmented="0">
    <mem type="soa" free="374512" total="16933888" percent="2" />
    <mem type="loa" free="171008" total="171008" percent="100" />
  </mem>
  <pending-finalizers system="0" default="0" reference="5" classloader="0" />
</mem-info>
<gc-op id="2147" type="compact" timems="68.007" contextid="2141" timestamp="2019-09-21T19:37:33.020">
  <compact-info movecount="311786" movebytes="12548880" reason="compact to aid heap contraction" />
</gc-op>
<heap-resize id="2148" type="expand" space="tenure" amount="65536" count="1" timems="0.018" reason="satisfy allocation request" timestamp="2019-09-21T19:37:33.020" />
<gc-end id="2149" type="global" contextid="2141" durationms="75.426" usertimems="96.000" systemtimems="0.000" timestamp="2019-09-21T19:37:33.020" activeThreads="8">
  <mem-info id="2150" free="789600" total="17170432" percent="4">
    <mem type="tenure" free="789600" total="17170432" percent="4">
      <mem type="soa" free="618592" total="16999424" percent="3" />
      <mem type="loa" free="171008" total="171008" percent="100" />
    </mem>
    <pending-finalizers system="0" default="0" reference="5" classloader="0" />
  </mem-info>
</gc-end>
<cycle-end id="2151" type="global" contextid="2141" timestamp="2019-09-21T19:37:33.020" />
  <attribute name="elasticGC enabled" value="1" />
  <attribute name= "numThreadsSpecified" value="8" />
  <attribute name="heapSize specified" value="17104896" />
  <attribute name="Current GC Util" value="2" />
  <attribute name= "Current Time Running" value="9743" />
  <attribute name ="GC Interval" value="0" />
  <attribute name="Target GC Util Change" value ="40.000000" />
  <attribute name="Current GC Util Change" value="2.000000"/>
  <attribute name="Current Error" value="-199.000000" />
  <attribute name="Output H" value="17142624"/>
  <attribute name="Output I" value="1888"/>
  <attribute name="Output T" value="8"/>
  <attribute name= "Current Time Running" value="9743" />
  <attribute name="GC Util currently" value="2" />
  <attribute name="CPU Util currently" value="33801895572" />
<allocation-satisfied id="2152" threadId="0000000001EB4900" bytesRequested="72" />
<af-end id="2153" timestamp="2019-09-21T19:37:33.021" threadId="0000000001EB5288" success="true" />
<exclusive-end id="2154" timestamp="2019-09-21T19:37:33.021" durationms="76.209" />

<exclusive-start id="2155" timestamp="2019-09-21T19:37:33.034" intervalms="89.667">
  <response-info timems="12.487" idlems="6.247" threads="1" lastid="0000000001BAE100" lastname="JIT Compilation Thread-5" />
</exclusive-start>
<af-start id="2156" threadId="0000000001EB5E88" totalBytesRequested="56" timestamp="2019-09-21T19:37:33.034" intervalms="89.688" />
<cycle-start id="2157" type="global" contextid="0" timestamp="2019-09-21T19:37:33.035" intervalms="89.771" />
<gc-start id="2158" type="global" contextid="2157" timestamp="2019-09-21T19:37:33.035">
  <mem-info id="2159" free="171008" total="17170432" percent="0">
    <mem type="tenure" free="171008" total="17170432" percent="0">
      <mem type="soa" free="0" total="16999424" percent="0" />
      <mem type="loa" free="171008" total="171008" percent="100" />
    </mem>
  </mem-info>
</gc-start>
<allocation-stats totalBytes="638848" >
  <allocated-bytes non-tlh="0" tlh="638848" />
  <largest-consumer threadName="PmdThread 7" threadId="0000000001EB5500" bytes="614320" />
</allocation-stats>
<gc-op id="2160" type="mark" timems="6.509" contextid="2157" timestamp="2019-09-21T19:37:33.041">
  <trace-info objectcount="404076" scancount="371042" scanbytes="12711944" />
  <finalization candidates="58" enqueued="0" />
  <ownableSynchronizers candidates="12" cleared="0" />
  <references type="soft" candidates="98" cleared="0" enqueued="0" dynamicThreshold="1" maxThreshold="32" />
  <references type="weak" candidates="896" cleared="0" enqueued="0" />
  <references type="phantom" candidates="113" cleared="0" enqueued="0" />
  <stringconstants candidates="5070" cleared="0"  />
</gc-op>
<gc-op id="2161" type="sweep" timems="0.442" contextid="2157" timestamp="2019-09-21T19:37:33.042" />
<mem-info id="2162" free="388232" total="17170432" percent="2">
  <mem type="tenure" free="388232" total="17170432" percent="2" micro-fragmented="129818" macro-fragmented="0">
    <mem type="soa" free="217224" total="16999424" percent="1" />
    <mem type="loa" free="171008" total="171008" percent="100" />
  </mem>
</mem-info>
<gc-op id="2163" type="compact" timems="68.141" contextid="2157" timestamp="2019-09-21T19:37:33.110">
  <compact-info movecount="315950" movebytes="12704816" reason="compact to aid heap contraction" />
</gc-op>
<heap-resize id="2164" type="expand" space="tenure" amount="65536" count="1" timems="0.020" reason="satisfy allocation request" timestamp="2019-09-21T19:37:33.111" />
<gc-end id="2165" type="global" contextid="2157" durationms="76.131" usertimems="92.000" systemtimems="0.000" timestamp="2019-09-21T19:37:33.111" activeThreads="8">
  <mem-info id="2166" free="678232" total="17235968" percent="3">
    <mem type="tenure" free="678232" total="17235968" percent="3">
      <mem type="soa" free="506200" total="17063936" percent="2" />
      <mem type="loa" free="172032" total="172032" percent="100" />
    </mem>
  </mem-info>
</gc-end>
<cycle-end id="2167" type="global" contextid="2157" timestamp="2019-09-21T19:37:33.111" />
  <attribute name="elasticGC enabled" value="1" />
  <attribute name= "numThreadsSpecified" value="8" />
  <attribute name="heapSize specified" value="17170432" />
  <attribute name="Current GC Util" value="2" />
  <attribute name= "Current Time Running" value="9833" />
  <attribute name ="GC Interval" value="0" />
  <attribute name="Target GC Util Change" value ="40.000000" />
  <attribute name="Current GC Util Change" value="2.000000"/>
  <attribute name="Current Error" value="38.000000" />
  <attribute name="Output H" value="17208296"/>
  <attribute name="Output I" value="2024"/>
  <attribute name="Output T" value="8"/>
  <attribute name= "Current Time Running" value="9833" />
  <attribute name="GC Util currently" value="2" />
  <attribute name="CPU Util currently" value="33736097773" />
<allocation-satisfied id="2168" threadId="0000000001EB5500" bytesRequested="56" />
<af-end id="2169" timestamp="2019-09-21T19:37:33.111" threadId="0000000001EB5E88" success="true" />
<exclusive-end id="2170" timestamp="2019-09-21T19:37:33.112" durationms="77.420" />

<exclusive-start id="2171" timestamp="2019-09-21T19:37:33.119" intervalms="84.462">
  <response-info timems="0.190" idlems="0.070" threads="3" lastid="0000000001BAE100" lastname="JIT Compilation Thread-5" />
</exclusive-start>
<af-start id="2172" threadId="0000000001EB5288" totalBytesRequested="72" timestamp="2019-09-21T19:37:33.119" intervalms="84.466" />
<cycle-start id="2173" type="global" contextid="0" timestamp="2019-09-21T19:37:33.119" intervalms="84.457" />
<gc-start id="2174" type="global" contextid="2173" timestamp="2019-09-21T19:37:33.119">
  <mem-info id="2175" free="172032" total="17235968" percent="0">
    <mem type="tenure" free="172032" total="17235968" percent="0">
      <mem type="soa" free="0" total="17063936" percent="0" />
      <mem type="loa" free="172032" total="172032" percent="100" />
    </mem>
  </mem-info>
</gc-start>
<allocation-stats totalBytes="546848" >
  <allocated-bytes non-tlh="0" tlh="546848" />
  <largest-consumer threadName="PmdThread 7" threadId="0000000001EB5500" bytes="420064" />
</allocation-stats>
<gc-op id="2176" type="mark" timems="9.501" contextid="2173" timestamp="2019-09-21T19:37:33.129">
  <trace-info objectcount="406273" scancount="373219" scanbytes="12799884" />
  <finalization candidates="58" enqueued="0" />
  <ownableSynchronizers candidates="12" cleared="0" />
  <references type="soft" candidates="98" cleared="0" enqueued="0" dynamicThreshold="1" maxThreshold="32" />
  <references type="weak" candidates="902" cleared="5" enqueued="5" />
  <references type="phantom" candidates="113" cleared="0" enqueued="0" />
  <stringconstants candidates="5070" cleared="0"  />
</gc-op>
<gc-op id="2177" type="sweep" timems="1.356" contextid="2173" timestamp="2019-09-21T19:37:33.131" />
<mem-info id="2178" free="449304" total="17235968" percent="2">
  <mem type="tenure" free="449304" total="17235968" percent="2" micro-fragmented="115833" macro-fragmented="0">
    <mem type="soa" free="277272" total="17063936" percent="1" />
    <mem type="loa" free="172032" total="172032" percent="100" />
  </mem>
  <pending-finalizers system="0" default="0" reference="5" classloader="0" />
</mem-info>
<gc-op id="2179" type="compact" timems="82.215" contextid="2173" timestamp="2019-09-21T19:37:33.213">
  <compact-info movecount="387556" movebytes="15343064" reason="compact to aid heap contraction" />
</gc-op>
<heap-resize id="2180" type="expand" space="tenure" amount="65536" count="1" timems="0.018" reason="satisfy allocation request" timestamp="2019-09-21T19:37:33.214" />
<gc-end id="2181" type="global" contextid="2173" durationms="94.827" usertimems="108.000" systemtimems="4.000" timestamp="2019-09-21T19:37:33.214" activeThreads="8">
  <mem-info id="2182" free="697984" total="17301504" percent="4">
    <mem type="tenure" free="697984" total="17301504" percent="4">
      <mem type="soa" free="525952" total="17129472" percent="3" />
      <mem type="loa" free="172032" total="172032" percent="100" />
    </mem>
    <pending-finalizers system="0" default="0" reference="5" classloader="0" />
  </mem-info>
</gc-end>
<cycle-end id="2183" type="global" contextid="2173" timestamp="2019-09-21T19:37:33.214" />
  <attribute name="elasticGC enabled" value="1" />
  <attribute name= "numThreadsSpecified" value="8" />
  <attribute name="heapSize specified" value="17235968" />
  <attribute name="Current GC Util" value="7" />
  <attribute name= "Current Time Running" value="9936" />
  <attribute name ="GC Interval" value="0" />
  <attribute name="Target GC Util Change" value ="40.000000" />
  <attribute name="Current GC Util Change" value="7.000000"/>
  <attribute name="Current Error" value="-919.000000" />
  <attribute name="Output H" value="17273280"/>
  <attribute name="Output I" value="1472"/>
  <attribute name="Output T" value="8"/>
  <attribute name= "Current Time Running" value="9936" />
  <attribute name="GC Util currently" value="7" />
  <attribute name="CPU Util currently" value="27954808338" />
<allocation-satisfied id="2184" threadId="0000000001EB4900" bytesRequested="72" />
<af-end id="2185" timestamp="2019-09-21T19:37:33.214" threadId="0000000001EB5288" success="true" />
<exclusive-end id="2186" timestamp="2019-09-21T19:37:33.214" durationms="95.776" />

<exclusive-start id="2187" timestamp="2019-09-21T19:37:33.229" intervalms="110.340">
  <response-info timems="13.563" idlems="13.563" threads="0" lastid="0000000001EB5500" lastname="PmdThread 7" />
</exclusive-start>
<af-start id="2188" threadId="0000000001EB5E88" totalBytesRequested="56" timestamp="2019-09-21T19:37:33.229" intervalms="110.423" />
<cycle-start id="2189" type="global" contextid="0" timestamp="2019-09-21T19:37:33.229" intervalms="110.421" />
<gc-start id="2190" type="global" contextid="2189" timestamp="2019-09-21T19:37:33.230">
  <mem-info id="2191" free="172032" total="17301504" percent="0">
    <mem type="tenure" free="172032" total="17301504" percent="0">
      <mem type="soa" free="0" total="17129472" percent="0" />
      <mem type="loa" free="172032" total="172032" percent="100" />
    </mem>
  </mem-info>
</gc-start>
<allocation-stats totalBytes="542128" >
  <allocated-bytes non-tlh="0" tlh="542128" />
  <largest-consumer threadName="PmdThread 7" threadId="0000000001EB5500" bytes="525744" />
</allocation-stats>
<gc-op id="2192" type="mark" timems="10.893" contextid="2189" timestamp="2019-09-21T19:37:33.241">
  <trace-info objectcount="409979" scancount="376594" scanbytes="12924060" />
  <finalization candidates="58" enqueued="0" />
  <ownableSynchronizers candidates="12" cleared="0" />
  <references type="soft" candidates="98" cleared="0" enqueued="0" dynamicThreshold="1" maxThreshold="32" />
  <references type="weak" candidates="897" cleared="0" enqueued="0" />
  <references type="phantom" candidates="113" cleared="0" enqueued="0" />
  <stringconstants candidates="5070" cleared="0"  />
</gc-op>
<gc-op id="2193" type="sweep" timems="1.857" contextid="2189" timestamp="2019-09-21T19:37:33.243" />
<mem-info id="2194" free="378176" total="17301504" percent="2">
  <mem type="tenure" free="378176" total="17301504" percent="2" micro-fragmented="134804" macro-fragmented="0">
    <mem type="soa" free="206144" total="17129472" percent="1" />
    <mem type="loa" free="172032" total="172032" percent="100" />
  </mem>
</mem-info>
<gc-op id="2195" type="compact" timems="66.810" contextid="2189" timestamp="2019-09-21T19:37:33.310">
  <compact-info movecount="299651" movebytes="11850768" reason="compact to aid heap contraction" />
</gc-op>
<heap-resize id="2196" type="expand" space="tenure" amount="65536" count="1" timems="0.018" reason="satisfy allocation request" timestamp="2019-09-21T19:37:33.310" />
<gc-end id="2197" type="global" contextid="2189" durationms="81.048" usertimems="88.000" systemtimems="4.000" timestamp="2019-09-21T19:37:33.311" activeThreads="8">
  <mem-info id="2198" free="602680" total="17367040" percent="3">
    <mem type="tenure" free="602680" total="17367040" percent="3">
      <mem type="soa" free="429624" total="17193984" percent="2" />
      <mem type="loa" free="173056" total="173056" percent="100" />
    </mem>
  </mem-info>
</gc-end>
<cycle-end id="2199" type="global" contextid="2189" timestamp="2019-09-21T19:37:33.311" />
  <attribute name="elasticGC enabled" value="1" />
  <attribute name= "numThreadsSpecified" value="8" />
  <attribute name="heapSize specified" value="17301504" />
  <attribute name="Current GC Util" value="4" />
  <attribute name= "Current Time Running" value="10033" />
  <attribute name ="GC Interval" value="0" />
  <attribute name="Target GC Util Change" value ="40.000000" />
  <attribute name="Current GC Util Change" value="4.000000"/>
  <attribute name="Current Error" value="-157.000000" />
  <attribute name="Output H" value="17339256"/>
  <attribute name="Output I" value="1912"/>
  <attribute name="Output T" value="8"/>
  <attribute name= "Current Time Running" value="10033" />
  <attribute name="GC Util currently" value="4" />
  <attribute name="CPU Util currently" value="34406078045" />
<allocation-satisfied id="2200" threadId="0000000001EB5500" bytesRequested="56" />
<af-end id="2201" timestamp="2019-09-21T19:37:33.311" threadId="0000000001EB5E88" success="true" />
<exclusive-end id="2202" timestamp="2019-09-21T19:37:33.311" durationms="82.227" />

<exclusive-start id="2203" timestamp="2019-09-21T19:37:33.311" intervalms="82.436">
  <response-info timems="0.040" idlems="0.040" threads="0" lastid="0000000001EB3200" lastname="PmdThread 1" />
</exclusive-start>
<event id="2204" timestamp="2019-09-21T19:37:33.312">
  <warning details="exclusive access acquired to satisfy allocation" />
</event>
<exclusive-end id="2205" timestamp="2019-09-21T19:37:33.312" durationms="0.265" />

<exclusive-start id="2206" timestamp="2019-09-21T19:37:33.312" intervalms="0.986">
  <response-info timems="0.037" idlems="0.034" threads="2" lastid="0000000001EBEA00" lastname="PmdThread 3" />
</exclusive-start>
<af-start id="2207" threadId="0000000001EB3B88" totalBytesRequested="72" timestamp="2019-09-21T19:37:33.313" intervalms="83.256" />
<cycle-start id="2208" type="global" contextid="0" timestamp="2019-09-21T19:37:33.313" intervalms="83.226" />
<gc-start id="2209" type="global" contextid="2208" timestamp="2019-09-21T19:37:33.313">
  <mem-info id="2210" free="173056" total="17367040" percent="0">
    <mem type="tenure" free="173056" total="17367040" percent="0">
      <mem type="soa" free="0" total="17193984" percent="0" />
      <mem type="loa" free="173056" total="173056" percent="100" />
    </mem>
  </mem-info>
</gc-start>
<allocation-stats totalBytes="470320" >
  <allocated-bytes non-tlh="440" tlh="469880" />
  <largest-consumer threadName="PmdThread 7" threadId="0000000001EB5500" bytes="375848" />
</allocation-stats>
<gc-op id="2211" type="mark" timems="8.871" contextid="2208" timestamp="2019-09-21T19:37:33.322">
  <trace-info objectcount="412251" scancount="378657" scanbytes="12997052" />
  <finalization candidates="58" enqueued="0" />
  <ownableSynchronizers candidates="12" cleared="0" />
  <references type="soft" candidates="98" cleared="0" enqueued="0" dynamicThreshold="1" maxThreshold="32" />
  <references type="weak" candidates="899" cleared="3" enqueued="3" />
  <references type="phantom" candidates="113" cleared="0" enqueued="0" />
  <stringconstants candidates="5070" cleared="0"  />
</gc-op>
<gc-op id="2212" type="sweep" timems="1.394" contextid="2208" timestamp="2019-09-21T19:37:33.323" />
<mem-info id="2213" free="458584" total="17367040" percent="2">
  <mem type="tenure" free="458584" total="17367040" percent="2" micro-fragmented="65961" macro-fragmented="0">
    <mem type="soa" free="285528" total="17193984" percent="1" />
    <mem type="loa" free="173056" total="173056" percent="100" />
  </mem>
  <pending-finalizers system="0" default="0" reference="3" classloader="0" />
</mem-info>
<gc-op id="2214" type="compact" timems="68.931" contextid="2208" timestamp="2019-09-21T19:37:33.393">
  <compact-info movecount="301173" movebytes="11902128" reason="compact to aid heap contraction" />
</gc-op>
<heap-resize id="2215" type="expand" space="tenure" amount="65536" count="1" timems="0.019" reason="satisfy allocation request" timestamp="2019-09-21T19:37:33.393" />
<gc-end id="2216" type="global" contextid="2208" durationms="80.563" usertimems="96.000" systemtimems="0.000" timestamp="2019-09-21T19:37:33.393" activeThreads="8">
  <mem-info id="2217" free="625072" total="17432576" percent="3">
    <mem type="tenure" free="625072" total="17432576" percent="3">
      <mem type="soa" free="450992" total="17258496" percent="2" />
      <mem type="loa" free="174080" total="174080" percent="100" />
    </mem>
    <pending-finalizers system="0" default="0" reference="3" classloader="0" />
  </mem-info>
</gc-end>
<cycle-end id="2218" type="global" contextid="2208" timestamp="2019-09-21T19:37:33.393" />
  <attribute name="elasticGC enabled" value="1" />
  <attribute name= "numThreadsSpecified" value="8" />
  <attribute name="heapSize specified" value="17367040" />
  <attribute name="Current GC Util" value="7" />
  <attribute name= "Current Time Running" value="10116" />
  <attribute name ="GC Interval" value="0" />
  <attribute name="Target GC Util Change" value ="40.000000" />
  <attribute name="Current GC Util Change" value="7.000000"/>
  <attribute name="Current Error" value="33.000000" />
  <attribute name="Output H" value="17404904"/>
  <attribute name="Output I" value="2024"/>
  <attribute name="Output T" value="8"/>
  <attribute name= "Current Time Running" value="10116" />
  <attribute name="GC Util currently" value="7" />
  <attribute name="CPU Util currently" value="33332776513" />
<allocation-satisfied id="2219" threadId="0000000001EB3200" bytesRequested="72" />
<af-end id="2220" timestamp="2019-09-21T19:37:33.394" threadId="0000000001EB3B88" success="true" />
<exclusive-end id="2221" timestamp="2019-09-21T19:37:33.394" durationms="81.426" />

<exclusive-start id="2222" timestamp="2019-09-21T19:37:33.395" intervalms="82.134">
  <response-info timems="0.050" idlems="0.050" threads="0" lastid="0000000001EB5500" lastname="PmdThread 7" />
</exclusive-start>
<af-start id="2223" threadId="0000000001EB5E88" totalBytesRequested="72" timestamp="2019-09-21T19:37:33.395" intervalms="82.183" />
<cycle-start id="2224" type="global" contextid="0" timestamp="2019-09-21T19:37:33.395" intervalms="82.162" />
<gc-start id="2225" type="global" contextid="2224" timestamp="2019-09-21T19:37:33.395">
  <mem-info id="2226" free="174080" total="17432576" percent="0">
    <mem type="tenure" free="174080" total="17432576" percent="0">
      <mem type="soa" free="0" total="17258496" percent="0" />
      <mem type="loa" free="174080" total="174080" percent="100" />
    </mem>
  </mem-info>
</gc-start>
<allocation-stats totalBytes="454840" >
  <allocated-bytes non-tlh="8200" tlh="446640" />
  <largest-consumer threadName="PmdThread 7" threadId="0000000001EB5500" bytes="352528" />
</allocation-stats>
<gc-op id="2227" type="mark" timems="15.615" contextid="2224" timestamp="2019-09-21T19:37:33.411">
  <trace-info objectcount="414006" scancount="380312" scanbytes="13059636" />
  <finalization candidates="58" enqueued="0" />
  <ownableSynchronizers candidates="12" cleared="0" />
  <references type="soft" candidates="103" cleared="0" enqueued="0" dynamicThreshold="1" maxThreshold="32" />
  <references type="weak" candidates="898" cleared="1" enqueued="1" />
  <references type="phantom" candidates="115" cleared="1" enqueued="1" />
  <stringconstants candidates="5070" cleared="0"  />
</gc-op>
<gc-op id="2228" type="sweep" timems="1.068" contextid="2224" timestamp="2019-09-21T19:37:33.412" />
<mem-info id="2229" free="453104" total="17432576" percent="2">
  <mem type="tenure" free="453104" total="17432576" percent="2" micro-fragmented="92036" macro-fragmented="0">
    <mem type="soa" free="279024" total="17258496" percent="1" />
    <mem type="loa" free="174080" total="174080" percent="100" />
  </mem>
  <pending-finalizers system="0" default="0" reference="2" classloader="0" />
</mem-info>
<gc-op id="2230" type="compact" timems="68.233" contextid="2224" timestamp="2019-09-21T19:37:33.480">
  <compact-info movecount="301722" movebytes="11929656" reason="compact to aid heap contraction" />
</gc-op>
<heap-resize id="2231" type="expand" space="tenure" amount="65536" count="1" timems="0.019" reason="satisfy allocation request" timestamp="2019-09-21T19:37:33.481" />
<gc-end id="2232" type="global" contextid="2224" durationms="86.122" usertimems="92.000" systemtimems="4.000" timestamp="2019-09-21T19:37:33.481" activeThreads="8">
  <mem-info id="2233" free="584520" total="17498112" percent="3">
    <mem type="tenure" free="584520" total="17498112" percent="3">
      <mem type="soa" free="410440" total="17324032" percent="2" />
      <mem type="loa" free="174080" total="174080" percent="100" />
    </mem>
    <pending-finalizers system="0" default="0" reference="2" classloader="0" />
  </mem-info>
</gc-end>
<cycle-end id="2234" type="global" contextid="2224" timestamp="2019-09-21T19:37:33.481" />
  <attribute name="elasticGC enabled" value="1" />
  <attribute name= "numThreadsSpecified" value="8" />
  <attribute name="heapSize specified" value="17432576" />
  <attribute name="Current GC Util" value="7" />
  <attribute name= "Current Time Running" value="10203" />
  <attribute name ="GC Interval" value="0" />
  <attribute name="Target GC Util Change" value ="40.000000" />
  <attribute name="Current GC Util Change" value="7.000000"/>
  <attribute name="Current Error" value="-3600.000000" />
  <attribute name="Output H" value="17468344"/>
  <attribute name="Output I" value="200"/>
  <attribute name="Output T" value="8"/>
  <attribute name= "Current Time Running" value="10203" />
  <attribute name="GC Util currently" value="7" />
  <attribute name="CPU Util currently" value="33677552468" />
<allocation-satisfied id="2235" threadId="0000000001EB5500" bytesRequested="72" />
<af-end id="2236" timestamp="2019-09-21T19:37:33.481" threadId="0000000001EB5E88" success="true" />
<exclusive-end id="2237" timestamp="2019-09-21T19:37:33.482" durationms="87.022" />

<exclusive-start id="2238" timestamp="2019-09-21T19:37:33.483" intervalms="88.123">
  <response-info timems="0.069" idlems="0.069" threads="0" lastid="0000000001EB4900" lastname="PmdThread 6" />
</exclusive-start>
<af-start id="2239" threadId="0000000001EB5288" totalBytesRequested="40" timestamp="2019-09-21T19:37:33.483" intervalms="88.118" />
<cycle-start id="2240" type="global" contextid="0" timestamp="2019-09-21T19:37:33.483" intervalms="88.141" />
<gc-start id="2241" type="global" contextid="2240" timestamp="2019-09-21T19:37:33.483">
  <mem-info id="2242" free="174080" total="17498112" percent="0">
    <mem type="tenure" free="174080" total="17498112" percent="0">
      <mem type="soa" free="0" total="17324032" percent="0" />
      <mem type="loa" free="174080" total="174080" percent="100" />
    </mem>
  </mem-info>
</gc-start>
<allocation-stats totalBytes="440416" >
  <allocated-bytes non-tlh="7040" tlh="433376" />
  <largest-consumer threadName="PmdThread 7" threadId="0000000001EB5500" bytes="171992" />
</allocation-stats>
<gc-op id="2243" type="mark" timems="10.067" contextid="2240" timestamp="2019-09-21T19:37:33.493">
  <trace-info objectcount="414865" scancount="381133" scanbytes="13090208" />
  <finalization candidates="58" enqueued="0" />
  <ownableSynchronizers candidates="12" cleared="0" />
  <references type="soft" candidates="105" cleared="2" enqueued="0" dynamicThreshold="1" maxThreshold="32" />
  <references type="weak" candidates="899" cleared="3" enqueued="3" />
  <references type="phantom" candidates="114" cleared="1" enqueued="1" />
  <stringconstants candidates="5071" cleared="0"  />
</gc-op>
<gc-op id="2244" type="sweep" timems="1.758" contextid="2240" timestamp="2019-09-21T19:37:33.495" />
<mem-info id="2245" free="520680" total="17498112" percent="2">
  <mem type="tenure" free="520680" total="17498112" percent="2" micro-fragmented="56681" macro-fragmented="0">
    <mem type="soa" free="346600" total="17324032" percent="2" />
    <mem type="loa" free="174080" total="174080" percent="100" />
  </mem>
  <pending-finalizers system="0" default="0" reference="4" classloader="0" />
</mem-info>
<gc-op id="2246" type="compact" timems="68.010" contextid="2240" timestamp="2019-09-21T19:37:33.563">
  <compact-info movecount="302145" movebytes="11947184" reason="compact to aid heap contraction" />
</gc-op>
<heap-resize id="2247" type="expand" space="tenure" amount="65536" count="1" timems="0.019" reason="satisfy allocation request" timestamp="2019-09-21T19:37:33.564" />
<gc-end id="2248" type="global" contextid="2240" durationms="80.968" usertimems="100.000" systemtimems="8.000" timestamp="2019-09-21T19:37:33.564" activeThreads="8">
  <mem-info id="2249" free="632312" total="17563648" percent="3">
    <mem type="tenure" free="632312" total="17563648" percent="3">
      <mem type="soa" free="457208" total="17388544" percent="2" />
      <mem type="loa" free="175104" total="175104" percent="100" />
    </mem>
    <pending-finalizers system="0" default="0" reference="4" classloader="0" />
  </mem-info>
</gc-end>
<cycle-end id="2250" type="global" contextid="2240" timestamp="2019-09-21T19:37:33.564" />
  <attribute name="elasticGC enabled" value="1" />
  <attribute name= "numThreadsSpecified" value="8" />
  <attribute name="heapSize specified" value="17498112" />
  <attribute name="Current GC Util" value="5" />
  <attribute name= "Current Time Running" value="10286" />
  <attribute name ="GC Interval" value="0" />
  <attribute name="Target GC Util Change" value ="40.000000" />
  <attribute name="Current GC Util Change" value="5.000000"/>
  <attribute name="Current Error" value="-170.000000" />
  <attribute name="Output H" value="17535856"/>
  <attribute name="Output I" value="1904"/>
  <attribute name="Output T" value="8"/>
  <attribute name= "Current Time Running" value="10286" />
  <attribute name="GC Util currently" value="5" />
  <attribute name="CPU Util currently" value="33795939000" />
<allocation-satisfied id="2251" threadId="0000000001EB4900" bytesRequested="40" />
<af-end id="2252" timestamp="2019-09-21T19:37:33.564" threadId="0000000001EB5288" success="true" />
<exclusive-end id="2253" timestamp="2019-09-21T19:37:33.564" durationms="81.763" />

<exclusive-start id="2254" timestamp="2019-09-21T19:37:33.566" intervalms="83.399">
  <response-info timems="0.706" idlems="0.706" threads="0" lastid="0000000001EB5500" lastname="PmdThread 7" />
</exclusive-start>
<af-start id="2255" threadId="0000000001EB5E88" totalBytesRequested="40" timestamp="2019-09-21T19:37:33.566" intervalms="83.419" />
<cycle-start id="2256" type="global" contextid="0" timestamp="2019-09-21T19:37:33.566" intervalms="83.436" />
<gc-start id="2257" type="global" contextid="2256" timestamp="2019-09-21T19:37:33.566">
  <mem-info id="2258" free="175104" total="17563648" percent="0">
    <mem type="tenure" free="175104" total="17563648" percent="0">
      <mem type="soa" free="0" total="17388544" percent="0" />
      <mem type="loa" free="175104" total="175104" percent="100" />
    </mem>
    <pending-finalizers system="0" default="0" reference="4" classloader="0" />
  </mem-info>
</gc-start>
<allocation-stats totalBytes="477520" >
  <allocated-bytes non-tlh="0" tlh="477520" />
  <largest-consumer threadName="PmdThread 7" threadId="0000000001EB5500" bytes="457040" />
</allocation-stats>
<gc-op id="2259" type="mark" timems="12.714" contextid="2256" timestamp="2019-09-21T19:37:33.579">
  <trace-info objectcount="417618" scancount="383630" scanbytes="13181568" />
  <finalization candidates="58" enqueued="0" />
  <ownableSynchronizers candidates="12" cleared="0" />
  <references type="soft" candidates="103" cleared="5" enqueued="0" dynamicThreshold="1" maxThreshold="32" />
  <references type="weak" candidates="896" cleared="0" enqueued="0" />
  <references type="phantom" candidates="113" cleared="0" enqueued="0" />
  <stringconstants candidates="5071" cleared="0"  />
</gc-op>
<gc-op id="2260" type="sweep" timems="0.769" contextid="2256" timestamp="2019-09-21T19:37:33.580" />
<mem-info id="2261" free="413376" total="17563648" percent="2">
  <mem type="tenure" free="413376" total="17563648" percent="2" micro-fragmented="160711" macro-fragmented="0">
    <mem type="soa" free="238272" total="17388544" percent="1" />
    <mem type="loa" free="175104" total="175104" percent="100" />
  </mem>
  <pending-finalizers system="0" default="0" reference="4" classloader="0" />
</mem-info>
<gc-op id="2262" type="compact" timems="20.022" contextid="2256" timestamp="2019-09-21T19:37:33.601">
  <compact-info movecount="5944" movebytes="223256" reason="compact to aid heap contraction" />
</gc-op>
<heap-resize id="2263" type="expand" space="tenure" amount="65536" count="1" timems="0.017" reason="satisfy allocation request" timestamp="2019-09-21T19:37:33.601" />
<gc-end id="2264" type="global" contextid="2256" durationms="34.859" usertimems="44.000" systemtimems="4.000" timestamp="2019-09-21T19:37:33.601" activeThreads="8">
  <mem-info id="2265" free="581520" total="17629184" percent="3">
    <mem type="tenure" free="581520" total="17629184" percent="3">
      <mem type="soa" free="405392" total="17453056" percent="2" />
      <mem type="loa" free="176128" total="176128" percent="100" />
    </mem>
    <pending-finalizers system="0" default="0" reference="4" classloader="0" />
  </mem-info>
</gc-end>
<cycle-end id="2266" type="global" contextid="2256" timestamp="2019-09-21T19:37:33.601" />
  <attribute name="elasticGC enabled" value="1" />
  <attribute name= "numThreadsSpecified" value="8" />
  <attribute name="heapSize specified" value="17563648" />
  <attribute name="Current GC Util" value="23" />
  <attribute name= "Current Time Running" value="10323" />
  <attribute name ="GC Interval" value="0" />
  <attribute name="Target GC Util Change" value ="40.000000" />
  <attribute name="Current GC Util Change" value="23.000000"/>
  <attribute name="Current Error" value="17.000000" />
  <attribute name="Output H" value="17601504"/>
  <attribute name="Output I" value="2016"/>
  <attribute name="Output T" value="8"/>
  <attribute name= "Current Time Running" value="10323" />
  <attribute name="GC Util currently" value="23" />
  <attribute name="CPU Util currently" value="113897741039" />
<allocation-satisfied id="2267" threadId="0000000001EB5500" bytesRequested="40" />
<af-end id="2268" timestamp="2019-09-21T19:37:33.602" threadId="0000000001EB5E88" success="true" />
<exclusive-end id="2269" timestamp="2019-09-21T19:37:33.602" durationms="36.004" />

<exclusive-start id="2270" timestamp="2019-09-21T19:37:33.603" intervalms="37.110">
  <response-info timems="0.206" idlems="0.186" threads="1" lastid="0000000001EB5500" lastname="PmdThread 7" />
</exclusive-start>
<af-start id="2271" threadId="0000000001EB4788" totalBytesRequested="56" timestamp="2019-09-21T19:37:33.603" intervalms="37.058" />
<cycle-start id="2272" type="global" contextid="0" timestamp="2019-09-21T19:37:33.603" intervalms="37.064" />
<gc-start id="2273" type="global" contextid="2272" timestamp="2019-09-21T19:37:33.604">
  <mem-info id="2274" free="176128" total="17629184" percent="0">
    <mem type="tenure" free="176128" total="17629184" percent="0">
      <mem type="soa" free="0" total="17453056" percent="0" />
      <mem type="loa" free="176128" total="176128" percent="100" />
    </mem>
  </mem-info>
</gc-start>
<allocation-stats totalBytes="440896" >
  <allocated-bytes non-tlh="23992" tlh="416904" />
  <largest-consumer threadName="PmdThread 4" threadId="0000000001EC2600" bytes="179672" />
</allocation-stats>
<gc-op id="2275" type="mark" timems="8.034" contextid="2272" timestamp="2019-09-21T19:37:33.612">
  <trace-info objectcount="417634" scancount="383687" scanbytes="13183640" />
  <finalization candidates="58" enqueued="0" />
  <ownableSynchronizers candidates="12" cleared="0" />
  <references type="soft" candidates="98" cleared="0" enqueued="0" dynamicThreshold="1" maxThreshold="32" />
  <references type="weak" candidates="914" cleared="18" enqueued="18" />
  <references type="phantom" candidates="115" cleared="2" enqueued="2" />
  <stringconstants candidates="5071" cleared="0"  />
</gc-op>
<gc-op id="2276" type="sweep" timems="0.442" contextid="2272" timestamp="2019-09-21T19:37:33.612" />
<mem-info id="2277" free="577328" total="17629184" percent="3">
  <mem type="tenure" free="577328" total="17629184" percent="3" micro-fragmented="8896" macro-fragmented="0">
    <mem type="soa" free="401200" total="17453056" percent="2" />
    <mem type="loa" free="176128" total="176128" percent="100" />
  </mem>
  <pending-finalizers system="0" default="0" reference="20" classloader="0" />
</mem-info>
<gc-op id="2278" type="compact" timems="69.814" contextid="2272" timestamp="2019-09-21T19:37:33.682">
  <compact-info movecount="302626" movebytes="11977640" reason="compact to aid heap contraction" />
</gc-op>
<heap-resize id="2279" type="expand" space="tenure" amount="65536" count="1" timems="0.019" reason="satisfy allocation request" timestamp="2019-09-21T19:37:33.683" />
<gc-end id="2280" type="global" contextid="2272" durationms="79.633" usertimems="96.000" systemtimems="0.000" timestamp="2019-09-21T19:37:33.683" activeThreads="8">
  <mem-info id="2281" free="646808" total="17694720" percent="3">
    <mem type="tenure" free="646808" total="17694720" percent="3">
      <mem type="soa" free="470680" total="17518592" percent="2" />
      <mem type="loa" free="176128" total="176128" percent="100" />
    </mem>
    <pending-finalizers system="0" default="0" reference="20" classloader="0" />
  </mem-info>
</gc-end>
<cycle-end id="2282" type="global" contextid="2272" timestamp="2019-09-21T19:37:33.683" />
  <attribute name="elasticGC enabled" value="1" />
  <attribute name= "numThreadsSpecified" value="8" />
  <attribute name="heapSize specified" value="17629184" />
  <attribute name="Current GC Util" value="7" />
  <attribute name= "Current Time Running" value="10405" />
  <attribute name ="GC Interval" value="0" />
  <attribute name="Target GC Util Change" value ="40.000000" />
  <attribute name="Current GC Util Change" value="7.000000"/>
  <attribute name="Current Error" value="-808.000000" />
  <attribute name="Output H" value="17666560"/>
  <attribute name="Output I" value="1536"/>
  <attribute name="Output T" value="8"/>
  <attribute name= "Current Time Running" value="10405" />
  <attribute name="GC Util currently" value="7" />
  <attribute name="CPU Util currently" value="32904876901" />
<allocation-satisfied id="2283" threadId="0000000001EB3E00" bytesRequested="56" />
<af-end id="2284" timestamp="2019-09-21T19:37:33.684" threadId="0000000001EB4788" success="true" />
<exclusive-end id="2285" timestamp="2019-09-21T19:37:33.684" durationms="80.495" />

<exclusive-start id="2286" timestamp="2019-09-21T19:37:33.685" intervalms="81.510">
  <response-info timems="0.136" idlems="0.136" threads="0" lastid="0000000001EB5500" lastname="PmdThread 7" />
</exclusive-start>
<af-start id="2287" threadId="0000000001EB5E88" totalBytesRequested="56" timestamp="2019-09-21T19:37:33.685" intervalms="81.566" />
<cycle-start id="2288" type="global" contextid="0" timestamp="2019-09-21T19:37:33.685" intervalms="81.539" />
<gc-start id="2289" type="global" contextid="2288" timestamp="2019-09-21T19:37:33.685">
  <mem-info id="2290" free="176128" total="17694720" percent="0">
    <mem type="tenure" free="176128" total="17694720" percent="0">
      <mem type="soa" free="0" total="17518592" percent="0" />
      <mem type="loa" free="176128" total="176128" percent="100" />
    </mem>
    <pending-finalizers system="0" default="0" reference="20" classloader="0" />
  </mem-info>
</gc-start>
<allocation-stats totalBytes="490840" >
  <allocated-bytes non-tlh="0" tlh="490840" />
  <largest-consumer threadName="PmdThread 7" threadId="0000000001EB5500" bytes="335288" />
</allocation-stats>
<gc-op id="2291" type="mark" timems="10.234" contextid="2288" timestamp="2019-09-21T19:37:33.695">
  <trace-info objectcount="420234" scancount="386013" scanbytes="13265252" />
  <finalization candidates="58" enqueued="0" />
  <ownableSynchronizers candidates="12" cleared="0" />
  <references type="soft" candidates="98" cleared="0" enqueued="0" dynamicThreshold="1" maxThreshold="32" />
  <references type="weak" candidates="896" cleared="0" enqueued="0" />
  <references type="phantom" candidates="113" cleared="0" enqueued="0" />
  <stringconstants candidates="5071" cleared="0"  />
</gc-op>
<gc-op id="2292" type="sweep" timems="0.927" contextid="2288" timestamp="2019-09-21T19:37:33.696" />
<mem-info id="2293" free="449512" total="17694720" percent="2">
  <mem type="tenure" free="449512" total="17694720" percent="2" micro-fragmented="57883" macro-fragmented="0">
    <mem type="soa" free="273384" total="17518592" percent="1" />
    <mem type="loa" free="176128" total="176128" percent="100" />
  </mem>
  <pending-finalizers system="0" default="0" reference="20" classloader="0" />
</mem-info>
<gc-op id="2294" type="compact" timems="67.900" contextid="2288" timestamp="2019-09-21T19:37:33.765">
  <compact-info movecount="304570" movebytes="12042352" reason="compact to aid heap contraction" />
</gc-op>
<heap-resize id="2295" type="expand" space="tenure" amount="65536" count="1" timems="0.018" reason="satisfy allocation request" timestamp="2019-09-21T19:37:33.765" />
<gc-end id="2296" type="global" contextid="2288" durationms="80.323" usertimems="88.000" systemtimems="4.000" timestamp="2019-09-21T19:37:33.765" activeThreads="8">
  <mem-info id="2297" free="610608" total="17760256" percent="3">
    <mem type="tenure" free="610608" total="17760256" percent="3">
      <mem type="soa" free="433456" total="17583104" percent="2" />
      <mem type="loa" free="177152" total="177152" percent="100" />
    </mem>
    <pending-finalizers system="0" default="0" reference="20" classloader="0" />
  </mem-info>
</gc-end>
<cycle-end id="2298" type="global" contextid="2288" timestamp="2019-09-21T19:37:33.766" />
  <attribute name="elasticGC enabled" value="1" />
  <attribute name= "numThreadsSpecified" value="8" />
  <attribute name="heapSize specified" value="17694720" />
  <attribute name="Current GC Util" value="5" />
  <attribute name= "Current Time Running" value="10488" />
  <attribute name ="GC Interval" value="0" />
  <attribute name="Target GC Util Change" value ="40.000000" />
  <attribute name="Current GC Util Change" value="5.000000"/>
  <attribute name="Current Error" value="-188.000000" />
  <attribute name="Output H" value="17732456"/>
  <attribute name="Output I" value="1896"/>
  <attribute name="Output T" value="8"/>
  <attribute name= "Current Time Running" value="10488" />
  <attribute name="GC Util currently" value="5" />
  <attribute name="CPU Util currently" value="33840163327" />
<allocation-satisfied id="2299" threadId="0000000001EB5500" bytesRequested="56" />
<af-end id="2300" timestamp="2019-09-21T19:37:33.766" threadId="0000000001EB5E88" success="true" />
<exclusive-end id="2301" timestamp="2019-09-21T19:37:33.766" durationms="81.105" />

<exclusive-start id="2302" timestamp="2019-09-21T19:37:33.767" intervalms="81.923">
  <response-info timems="0.238" idlems="0.126" threads="1" lastid="0000000001EB3200" lastname="PmdThread 1" />
</exclusive-start>
<af-start id="2303" threadId="0000000001EB7788" totalBytesRequested="40" timestamp="2019-09-21T19:37:33.767" intervalms="81.867" />
<cycle-start id="2304" type="global" contextid="0" timestamp="2019-09-21T19:37:33.767" intervalms="81.838" />
<gc-start id="2305" type="global" contextid="2304" timestamp="2019-09-21T19:37:33.767">
  <mem-info id="2306" free="177152" total="17760256" percent="0">
    <mem type="tenure" free="177152" total="17760256" percent="0">
      <mem type="soa" free="0" total="17583104" percent="0" />
      <mem type="loa" free="177152" total="177152" percent="100" />
    </mem>
  </mem-info>
</gc-start>
<allocation-stats totalBytes="465760" >
  <allocated-bytes non-tlh="0" tlh="465760" />
  <largest-consumer threadName="PmdThread 7" threadId="0000000001EB5500" bytes="203992" />
</allocation-stats>
<gc-op id="2307" type="mark" timems="9.826" contextid="2304" timestamp="2019-09-21T19:37:33.777">
  <trace-info objectcount="420975" scancount="386805" scanbytes="13295536" />
  <finalization candidates="58" enqueued="0" />
  <ownableSynchronizers candidates="12" cleared="0" />
  <references type="soft" candidates="98" cleared="0" enqueued="0" dynamicThreshold="1" maxThreshold="32" />
  <references type="weak" candidates="906" cleared="9" enqueued="9" />
  <references type="phantom" candidates="113" cleared="0" enqueued="0" />
  <stringconstants candidates="5071" cleared="0"  />
</gc-op>
<gc-op id="2308" type="sweep" timems="1.121" contextid="2304" timestamp="2019-09-21T19:37:33.778" />
<mem-info id="2309" free="531064" total="17760256" percent="2">
  <mem type="tenure" free="531064" total="17760256" percent="2" micro-fragmented="24812" macro-fragmented="0">
    <mem type="soa" free="353912" total="17583104" percent="2" />
    <mem type="loa" free="177152" total="177152" percent="100" />
  </mem>
  <pending-finalizers system="0" default="0" reference="9" classloader="0" />
</mem-info>
<gc-op id="2310" type="compact" timems="68.291" contextid="2304" timestamp="2019-09-21T19:37:33.847">
  <compact-info movecount="302356" movebytes="11950472" reason="compact to aid heap contraction" />
</gc-op>
<heap-resize id="2311" type="expand" space="tenure" amount="65536" count="1" timems="0.019" reason="satisfy allocation request" timestamp="2019-09-21T19:37:33.847" />
<gc-end id="2312" type="global" contextid="2304" durationms="80.826" usertimems="92.000" systemtimems="0.000" timestamp="2019-09-21T19:37:33.848" activeThreads="8">
  <mem-info id="2313" free="667408" total="17825792" percent="3">
    <mem type="tenure" free="667408" total="17825792" percent="3">
      <mem type="soa" free="489232" total="17647616" percent="2" />
      <mem type="loa" free="178176" total="178176" percent="100" />
    </mem>
    <pending-finalizers system="0" default="0" reference="9" classloader="0" />
  </mem-info>
</gc-end>
<cycle-end id="2314" type="global" contextid="2304" timestamp="2019-09-21T19:37:33.848" />
  <attribute name="elasticGC enabled" value="1" />
  <attribute name= "numThreadsSpecified" value="8" />
  <attribute name="heapSize specified" value="17760256" />
  <attribute name="Current GC Util" value="7" />
  <attribute name= "Current Time Running" value="10570" />
  <attribute name ="GC Interval" value="0" />
  <attribute name="Target GC Util Change" value ="40.000000" />
  <attribute name="Current GC Util Change" value="7.000000"/>
  <attribute name="Current Error" value="33.000000" />
  <attribute name="Output H" value="17798120"/>
  <attribute name="Output I" value="2024"/>
  <attribute name="Output T" value="8"/>
  <attribute name= "Current Time Running" value="10570" />
  <attribute name="GC Util currently" value="7" />
  <attribute name="CPU Util currently" value="33649199741" />
<allocation-satisfied id="2315" threadId="0000000001EB6E00" bytesRequested="40" />
<af-end id="2316" timestamp="2019-09-21T19:37:33.848" threadId="0000000001EB7788" success="true" />
<exclusive-end id="2317" timestamp="2019-09-21T19:37:33.848" durationms="81.552" />

<exclusive-start id="2318" timestamp="2019-09-21T19:37:33.850" intervalms="83.537">
  <response-info timems="0.208" idlems="0.208" threads="0" lastid="0000000001EB5500" lastname="PmdThread 7" />
</exclusive-start>
<af-start id="2319" threadId="0000000001EB5E88" totalBytesRequested="16" timestamp="2019-09-21T19:37:33.850" intervalms="83.593" />
<cycle-start id="2320" type="global" contextid="0" timestamp="2019-09-21T19:37:33.850" intervalms="83.629" />
<gc-start id="2321" type="global" contextid="2320" timestamp="2019-09-21T19:37:33.850">
  <mem-info id="2322" free="178176" total="17825792" percent="0">
    <mem type="tenure" free="178176" total="17825792" percent="0">
      <mem type="soa" free="0" total="17647616" percent="0" />
      <mem type="loa" free="178176" total="178176" percent="100" />
    </mem>
    <pending-finalizers system="0" default="0" reference="9" classloader="0" />
  </mem-info>
</gc-start>
<allocation-stats totalBytes="509352" >
  <allocated-bytes non-tlh="0" tlh="509352" />
  <largest-consumer threadName="PmdThread 7" threadId="0000000001EB5500" bytes="286568" />
</allocation-stats>
<gc-op id="2323" type="mark" timems="7.171" contextid="2320" timestamp="2019-09-21T19:37:33.858">
  <trace-info objectcount="423119" scancount="388819" scanbytes="13370012" />
  <finalization candidates="58" enqueued="0" />
  <ownableSynchronizers candidates="12" cleared="0" />
  <references type="soft" candidates="98" cleared="0" enqueued="0" dynamicThreshold="1" maxThreshold="32" />
  <references type="weak" candidates="897" cleared="0" enqueued="0" />
  <references type="phantom" candidates="113" cleared="0" enqueued="0" />
  <stringconstants candidates="5071" cleared="0"  />
</gc-op>
<gc-op id="2324" type="sweep" timems="0.504" contextid="2320" timestamp="2019-09-21T19:37:33.858" />
<mem-info id="2325" free="517304" total="17825792" percent="2">
  <mem type="tenure" free="517304" total="17825792" percent="2" micro-fragmented="20001" macro-fragmented="0">
    <mem type="soa" free="339128" total="17647616" percent="1" />
    <mem type="loa" free="178176" total="178176" percent="100" />
  </mem>
  <pending-finalizers system="0" default="0" reference="9" classloader="0" />
</mem-info>
<gc-op id="2326" type="compact" timems="67.062" contextid="2320" timestamp="2019-09-21T19:37:33.926">
  <compact-info movecount="303193" movebytes="11982248" reason="compact to aid heap contraction" />
</gc-op>
<heap-resize id="2327" type="expand" space="tenure" amount="65536" count="1" timems="0.019" reason="satisfy allocation request" timestamp="2019-09-21T19:37:33.926" />
<gc-end id="2328" type="global" contextid="2320" durationms="76.143" usertimems="88.000" systemtimems="4.000" timestamp="2019-09-21T19:37:33.927" activeThreads="8">
  <mem-info id="2329" free="643328" total="17891328" percent="3">
    <mem type="tenure" free="643328" total="17891328" percent="3">
      <mem type="soa" free="465152" total="17713152" percent="2" />
      <mem type="loa" free="178176" total="178176" percent="100" />
    </mem>
    <pending-finalizers system="0" default="0" reference="9" classloader="0" />
  </mem-info>
</gc-end>
<cycle-end id="2330" type="global" contextid="2320" timestamp="2019-09-21T19:37:33.927" />
  <attribute name="elasticGC enabled" value="1" />
  <attribute name= "numThreadsSpecified" value="8" />
  <attribute name="heapSize specified" value="17825792" />
  <attribute name="Current GC Util" value="92" />
  <attribute name= "Current Time Running" value="10649" />
  <attribute name ="GC Interval" value="0" />
  <attribute name="Target GC Util Change" value ="40.000000" />
  <attribute name="Current GC Util Change" value="92.000000"/>
  <attribute name="Current Error" value="-2369.000000" />
  <attribute name="Output H" value="17862272"/>
  <attribute name="Output I" value="640"/>
  <attribute name="Output T" value="8"/>
  <attribute name= "Current Time Running" value="10649" />
  <attribute name="GC Util currently" value="92" />
  <attribute name="CPU Util currently" value="34281486265" />
<allocation-satisfied id="2331" threadId="0000000001EB5500" bytesRequested="16" />
<af-end id="2332" timestamp="2019-09-21T19:37:33.927" threadId="0000000001EB5E88" success="true" />
<exclusive-end id="2333" timestamp="2019-09-21T19:37:33.927" durationms="77.189" />

<exclusive-start id="2334" timestamp="2019-09-21T19:37:33.928" intervalms="78.265">
  <response-info timems="0.043" idlems="0.043" threads="0" lastid="0000000001EB4900" lastname="PmdThread 6" />
</exclusive-start>
<af-start id="2335" threadId="0000000001EB5288" totalBytesRequested="16" timestamp="2019-09-21T19:37:33.929" intervalms="78.296" />
<cycle-start id="2336" type="global" contextid="0" timestamp="2019-09-21T19:37:33.929" intervalms="78.336" />
<gc-start id="2337" type="global" contextid="2336" timestamp="2019-09-21T19:37:33.929">
  <mem-info id="2338" free="178176" total="17891328" percent="0">
    <mem type="tenure" free="178176" total="17891328" percent="0">
      <mem type="soa" free="0" total="17713152" percent="0" />
      <mem type="loa" free="178176" total="178176" percent="100" />
    </mem>
  </mem-info>
</gc-start>
<allocation-stats totalBytes="493472" >
  <allocated-bytes non-tlh="264" tlh="493208" />
  <largest-consumer threadName="PmdThread 7" threadId="0000000001EB5500" bytes="337704" />
</allocation-stats>
<gc-op id="2339" type="mark" timems="14.723" contextid="2336" timestamp="2019-09-21T19:37:33.944">
  <trace-info objectcount="425419" scancount="391006" scanbytes="13449452" />
  <finalization candidates="58" enqueued="0" />
  <ownableSynchronizers candidates="12" cleared="0" />
  <references type="soft" candidates="98" cleared="0" enqueued="0" dynamicThreshold="1" maxThreshold="32" />
  <references type="weak" candidates="899" cleared="3" enqueued="3" />
  <references type="phantom" candidates="113" cleared="0" enqueued="0" />
  <stringconstants candidates="5071" cleared="0"  />
</gc-op>
<gc-op id="2340" type="sweep" timems="0.749" contextid="2336" timestamp="2019-09-21T19:37:33.945" />
<mem-info id="2341" free="432728" total="17891328" percent="2">
  <mem type="tenure" free="432728" total="17891328" percent="2" micro-fragmented="163468" macro-fragmented="0">
    <mem type="soa" free="254552" total="17713152" percent="1" />
    <mem type="loa" free="178176" total="178176" percent="100" />
  </mem>
  <pending-finalizers system="0" default="0" reference="3" classloader="0" />
</mem-info>
<gc-op id="2342" type="compact" timems="68.812" contextid="2336" timestamp="2019-09-21T19:37:34.014">
  <compact-info movecount="304057" movebytes="12012688" reason="compact to aid heap contraction" />
</gc-op>
<heap-resize id="2343" type="expand" space="tenure" amount="65536" count="1" timems="0.019" reason="satisfy allocation request" timestamp="2019-09-21T19:37:34.014" />
<gc-end id="2344" type="global" contextid="2336" durationms="85.812" usertimems="96.000" systemtimems="4.000" timestamp="2019-09-21T19:37:34.015" activeThreads="8">
  <mem-info id="2345" free="631768" total="17956864" percent="3">
    <mem type="tenure" free="631768" total="17956864" percent="3">
      <mem type="soa" free="452568" total="17777664" percent="2" />
      <mem type="loa" free="179200" total="179200" percent="100" />
    </mem>
    <pending-finalizers system="0" default="0" reference="3" classloader="0" />
  </mem-info>
</gc-end>
<cycle-end id="2346" type="global" contextid="2336" timestamp="2019-09-21T19:37:34.015" />
  <attribute name="elasticGC enabled" value="1" />
  <attribute name= "numThreadsSpecified" value="8" />
  <attribute name="heapSize specified" value="17891328" />
  <attribute name="Current GC Util" value="6" />
  <attribute name= "Current Time Running" value="10737" />
  <attribute name ="GC Interval" value="0" />
  <attribute name="Target GC Util Change" value ="40.000000" />
  <attribute name="Current GC Util Change" value="6.000000"/>
  <attribute name="Current Error" value="-128.000000" />
  <attribute name="Output H" value="17929096"/>
  <attribute name="Output I" value="1928"/>
  <attribute name="Output T" value="8"/>
  <attribute name= "Current Time Running" value="10737" />
  <attribute name="GC Util currently" value="6" />
  <attribute name="CPU Util currently" value="33411412673" />
<allocation-satisfied id="2347" threadId="0000000001EB4900" bytesRequested="16" />
<af-end id="2348" timestamp="2019-09-21T19:37:34.015" threadId="0000000001EB5288" success="true" />
<exclusive-end id="2349" timestamp="2019-09-21T19:37:34.015" durationms="86.836" />

<exclusive-start id="2350" timestamp="2019-09-21T19:37:34.017" intervalms="88.145">
  <response-info timems="0.147" idlems="0.147" threads="0" lastid="0000000001EB3E00" lastname="PmdThread 5" />
</exclusive-start>
<af-start id="2351" threadId="0000000001EB4788" totalBytesRequested="40" timestamp="2019-09-21T19:37:34.017" intervalms="88.095" />
<cycle-start id="2352" type="global" contextid="0" timestamp="2019-09-21T19:37:34.017" intervalms="88.025" />
<gc-start id="2353" type="global" contextid="2352" timestamp="2019-09-21T19:37:34.017">
  <mem-info id="2354" free="179200" total="17956864" percent="0">
    <mem type="tenure" free="179200" total="17956864" percent="0">
      <mem type="soa" free="0" total="17777664" percent="0" />
      <mem type="loa" free="179200" total="179200" percent="100" />
    </mem>
  </mem-info>
</gc-start>
<allocation-stats totalBytes="471536" >
  <allocated-bytes non-tlh="264" tlh="471272" />
  <largest-consumer threadName="PmdThread 7" threadId="0000000001EB5500" bytes="235080" />
</allocation-stats>
<gc-op id="2355" type="mark" timems="9.608" contextid="2352" timestamp="2019-09-21T19:37:34.027">
  <trace-info objectcount="427653" scancount="393076" scanbytes="13525584" />
  <finalization candidates="58" enqueued="0" />
  <ownableSynchronizers candidates="12" cleared="0" />
  <references type="soft" candidates="98" cleared="0" enqueued="0" dynamicThreshold="1" maxThreshold="32" />
  <references type="weak" candidates="927" cleared="31" enqueued="31" />
  <references type="phantom" candidates="113" cleared="0" enqueued="0" />
  <stringconstants candidates="5071" cleared="0"  />
</gc-op>
<gc-op id="2356" type="sweep" timems="0.880" contextid="2352" timestamp="2019-09-21T19:37:34.028" />
<mem-info id="2357" free="473776" total="17956864" percent="2">
  <mem type="tenure" free="473776" total="17956864" percent="2" micro-fragmented="91015" macro-fragmented="0">
    <mem type="soa" free="294576" total="17777664" percent="1" />
    <mem type="loa" free="179200" total="179200" percent="100" />
  </mem>
  <pending-finalizers system="0" default="0" reference="31" classloader="0" />
</mem-info>
<gc-op id="2358" type="compact" timems="83.624" contextid="2352" timestamp="2019-09-21T19:37:34.112">
  <compact-info movecount="402782" movebytes="15729016" reason="compact to aid heap contraction" />
</gc-op>
<heap-resize id="2359" type="expand" space="tenure" amount="65536" count="1" timems="0.018" reason="satisfy allocation request" timestamp="2019-09-21T19:37:34.112" />
<gc-end id="2360" type="global" contextid="2352" durationms="95.302" usertimems="112.000" systemtimems="8.000" timestamp="2019-09-21T19:37:34.112" activeThreads="8">
  <mem-info id="2361" free="626840" total="18022400" percent="3">
    <mem type="tenure" free="626840" total="18022400" percent="3">
      <mem type="soa" free="446616" total="17842176" percent="2" />
      <mem type="loa" free="180224" total="180224" percent="100" />
    </mem>
    <pending-finalizers system="0" default="0" reference="31" classloader="0" />
  </mem-info>
</gc-end>
<cycle-end id="2362" type="global" contextid="2352" timestamp="2019-09-21T19:37:34.112" />
  <attribute name="elasticGC enabled" value="1" />
  <attribute name= "numThreadsSpecified" value="8" />
  <attribute name="heapSize specified" value="17956864" />
  <attribute name="Current GC Util" value="7" />
  <attribute name= "Current Time Running" value="10834" />
  <attribute name ="GC Interval" value="0" />
  <attribute name="Target GC Util Change" value ="40.000000" />
  <attribute name="Current GC Util Change" value="7.000000"/>
  <attribute name="Current Error" value="33.000000" />
  <attribute name="Output H" value="17994728"/>
  <attribute name="Output I" value="2024"/>
  <attribute name="Output T" value="8"/>
  <attribute name= "Current Time Running" value="10834" />
  <attribute name="GC Util currently" value="7" />
  <attribute name="CPU Util currently" value="27509287963" />
<allocation-satisfied id="2363" threadId="0000000001EB3E00" bytesRequested="40" />
<af-end id="2364" timestamp="2019-09-21T19:37:34.113" threadId="0000000001EB4788" success="true" />
<exclusive-end id="2365" timestamp="2019-09-21T19:37:34.113" durationms="96.196" />

<exclusive-start id="2366" timestamp="2019-09-21T19:37:34.114" intervalms="97.510">
  <response-info timems="0.069" idlems="0.063" threads="1" lastid="0000000001EB3200" lastname="PmdThread 1" />
</exclusive-start>
<af-start id="2367" threadId="0000000001EC2F88" totalBytesRequested="24" timestamp="2019-09-21T19:37:34.114" intervalms="97.479" />
<cycle-start id="2368" type="global" contextid="0" timestamp="2019-09-21T19:37:34.114" intervalms="97.504" />
<gc-start id="2369" type="global" contextid="2368" timestamp="2019-09-21T19:37:34.114">
  <mem-info id="2370" free="180224" total="18022400" percent="1">
    <mem type="tenure" free="180224" total="18022400" percent="1">
      <mem type="soa" free="0" total="17842176" percent="0" />
      <mem type="loa" free="180224" total="180224" percent="100" />
    </mem>
  </mem-info>
</gc-start>
<allocation-stats totalBytes="461632" >
  <allocated-bytes non-tlh="0" tlh="461632" />
  <largest-consumer threadName="PmdThread 1" threadId="0000000001EB3200" bytes="199672" />
</allocation-stats>
<gc-op id="2371" type="mark" timems="9.413" contextid="2368" timestamp="2019-09-21T19:37:34.124">
  <trace-info objectcount="425160" scancount="390685" scanbytes="13442176" />
  <finalization candidates="58" enqueued="0" />
  <ownableSynchronizers candidates="12" cleared="0" />
  <references type="soft" candidates="98" cleared="0" enqueued="0" dynamicThreshold="1" maxThreshold="32" />
  <references type="weak" candidates="925" cleared="28" enqueued="28" />
  <references type="phantom" candidates="113" cleared="0" enqueued="0" />
  <stringconstants candidates="5071" cleared="0"  />
</gc-op>
<gc-op id="2372" type="sweep" timems="1.625" contextid="2368" timestamp="2019-09-21T19:37:34.126" />
<mem-info id="2373" free="785752" total="18022400" percent="4">
  <mem type="tenure" free="785752" total="18022400" percent="4" micro-fragmented="10815" macro-fragmented="0">
    <mem type="soa" free="605528" total="17842176" percent="3" />
    <mem type="loa" free="180224" total="180224" percent="100" />
  </mem>
  <pending-finalizers system="0" default="0" reference="28" classloader="0" />
</mem-info>
<gc-op id="2374" type="compact" timems="87.699" contextid="2368" timestamp="2019-09-21T19:37:34.214">
  <compact-info movecount="406192" movebytes="15976624" reason="compact to aid heap contraction" />
</gc-op>
<heap-resize id="2375" type="expand" space="tenure" amount="65536" count="1" timems="0.020" reason="satisfy allocation request" timestamp="2019-09-21T19:37:34.214" />
<gc-end id="2376" type="global" contextid="2368" durationms="100.062" usertimems="104.000" systemtimems="20.000" timestamp="2019-09-21T19:37:34.214" activeThreads="8">
  <mem-info id="2377" free="846920" total="18087936" percent="4">
    <mem type="tenure" free="846920" total="18087936" percent="4">
      <mem type="soa" free="666696" total="17907712" percent="3" />
      <mem type="loa" free="180224" total="180224" percent="100" />
    </mem>
    <pending-finalizers system="0" default="0" reference="28" classloader="0" />
  </mem-info>
</gc-end>
<cycle-end id="2378" type="global" contextid="2368" timestamp="2019-09-21T19:37:34.215" />
  <attribute name="elasticGC enabled" value="1" />
  <attribute name= "numThreadsSpecified" value="8" />
  <attribute name="heapSize specified" value="18022400" />
  <attribute name="Current GC Util" value="12" />
  <attribute name= "Current Time Running" value="10936" />
  <attribute name ="GC Interval" value="0" />
  <attribute name="Target GC Util Change" value ="40.000000" />
  <attribute name="Current GC Util Change" value="12.000000"/>
  <attribute name="Current Error" value="-3451.000000" />
  <attribute name="Output H" value="18058248"/>
  <attribute name="Output I" value="200"/>
  <attribute name="Output T" value="8"/>
  <attribute name= "Current Time Running" value="10936" />
  <attribute name="GC Util currently" value="12" />
  <attribute name="CPU Util currently" value="26239852078" />
<allocation-satisfied id="2379" threadId="0000000001EC2600" bytesRequested="24" />
<af-end id="2380" timestamp="2019-09-21T19:37:34.215" threadId="0000000001EC2F88" success="true" />
<exclusive-end id="2381" timestamp="2019-09-21T19:37:34.215" durationms="101.104" />

<exclusive-start id="2382" timestamp="2019-09-21T19:37:34.216" intervalms="102.078">
  <response-info timems="0.163" idlems="0.061" threads="3" lastid="0000000001BB1D00" lastname="JIT Compilation Thread-6" />
</exclusive-start>
<af-start id="2383" threadId="0000000001EC2F88" totalBytesRequested="24" timestamp="2019-09-21T19:37:34.216" intervalms="102.068" />
<cycle-start id="2384" type="global" contextid="0" timestamp="2019-09-21T19:37:34.216" intervalms="102.075" />
<gc-start id="2385" type="global" contextid="2384" timestamp="2019-09-21T19:37:34.216">
  <mem-info id="2386" free="180224" total="18087936" percent="0">
    <mem type="tenure" free="180224" total="18087936" percent="0">
      <mem type="soa" free="0" total="17907712" percent="0" />
      <mem type="loa" free="180224" total="180224" percent="100" />
    </mem>
  </mem-info>
</gc-start>
<allocation-stats totalBytes="678296" >
  <allocated-bytes non-tlh="49272" tlh="629024" />
  <largest-consumer threadName="PmdThread 7" threadId="0000000001EB5500" bytes="224136" />
</allocation-stats>
<gc-op id="2387" type="mark" timems="14.944" contextid="2384" timestamp="2019-09-21T19:37:34.232">
  <trace-info objectcount="427100" scancount="392481" scanbytes="13509928" />
  <finalization candidates="58" enqueued="0" />
  <ownableSynchronizers candidates="12" cleared="0" />
  <references type="soft" candidates="98" cleared="0" enqueued="0" dynamicThreshold="1" maxThreshold="32" />
  <references type="weak" candidates="909" cleared="12" enqueued="12" />
  <references type="phantom" candidates="114" cleared="0" enqueued="0" />
  <stringconstants candidates="5071" cleared="0"  />
</gc-op>
<gc-op id="2388" type="sweep" timems="1.069" contextid="2384" timestamp="2019-09-21T19:37:34.233" />
<mem-info id="2389" free="581584" total="18087936" percent="3">
  <mem type="tenure" free="581584" total="18087936" percent="3" micro-fragmented="110532" macro-fragmented="0">
    <mem type="soa" free="401360" total="17907712" percent="2" />
    <mem type="loa" free="180224" total="180224" percent="100" />
  </mem>
  <pending-finalizers system="0" default="0" reference="12" classloader="0" />
</mem-info>
<gc-op id="2390" type="compact" timems="77.778" contextid="2384" timestamp="2019-09-21T19:37:34.311">
  <compact-info movecount="313561" movebytes="12528256" reason="compact to aid heap contraction" />
</gc-op>
<heap-resize id="2391" type="expand" space="tenure" amount="65536" count="1" timems="0.021" reason="satisfy allocation request" timestamp="2019-09-21T19:37:34.311" />
<gc-end id="2392" type="global" contextid="2384" durationms="95.115" usertimems="112.000" systemtimems="0.000" timestamp="2019-09-21T19:37:34.312" activeThreads="8">
  <mem-info id="2393" free="757088" total="18153472" percent="4">
    <mem type="tenure" free="757088" total="18153472" percent="4">
      <mem type="soa" free="575840" total="17972224" percent="3" />
      <mem type="loa" free="181248" total="181248" percent="100" />
    </mem>
    <pending-finalizers system="0" default="0" reference="12" classloader="0" />
  </mem-info>
</gc-end>
<cycle-end id="2394" type="global" contextid="2384" timestamp="2019-09-21T19:37:34.312" />
  <attribute name="elasticGC enabled" value="1" />
  <attribute name= "numThreadsSpecified" value="8" />
  <attribute name="heapSize specified" value="18087936" />
  <attribute name="Current GC Util" value="7" />
  <attribute name= "Current Time Running" value="11034" />
  <attribute name ="GC Interval" value="0" />
  <attribute name="Target GC Util Change" value ="40.000000" />
  <attribute name="Current GC Util Change" value="7.000000"/>
  <attribute name="Current Error" value="-203.000000" />
  <attribute name="Output H" value="18125664"/>
  <attribute name="Output I" value="1888"/>
  <attribute name="Output T" value="8"/>
  <attribute name= "Current Time Running" value="11034" />
  <attribute name="GC Util currently" value="7" />
  <attribute name="CPU Util currently" value="29547850961" />
<allocation-satisfied id="2395" threadId="0000000001EC2600" bytesRequested="24" />
<af-end id="2396" timestamp="2019-09-21T19:37:34.312" threadId="0000000001EC2F88" success="true" />
<exclusive-end id="2397" timestamp="2019-09-21T19:37:34.312" durationms="96.077" />

<exclusive-start id="2398" timestamp="2019-09-21T19:37:34.313" intervalms="97.238">
  <response-info timems="0.063" idlems="0.063" threads="0" lastid="0000000001EB4900" lastname="PmdThread 6" />
</exclusive-start>
<af-start id="2399" threadId="0000000001EB5288" totalBytesRequested="24" timestamp="2019-09-21T19:37:34.313" intervalms="97.243" />
<cycle-start id="2400" type="global" contextid="0" timestamp="2019-09-21T19:37:34.314" intervalms="97.209" />
<gc-start id="2401" type="global" contextid="2400" timestamp="2019-09-21T19:37:34.314">
  <mem-info id="2402" free="181248" total="18153472" percent="0">
    <mem type="tenure" free="181248" total="18153472" percent="0">
      <mem type="soa" free="0" total="17972224" percent="0" />
      <mem type="loa" free="181248" total="181248" percent="100" />
    </mem>
  </mem-info>
</gc-start>
<allocation-stats totalBytes="599344" >
  <allocated-bytes non-tlh="88" tlh="599256" />
  <largest-consumer threadName="PmdThread 1" threadId="0000000001EB3200" bytes="277832" />
</allocation-stats>
<gc-op id="2403" type="mark" timems="16.113" contextid="2400" timestamp="2019-09-21T19:37:34.330">
  <trace-info objectcount="426672" scancount="392094" scanbytes="13497088" />
  <finalization candidates="58" enqueued="0" />
  <ownableSynchronizers candidates="12" cleared="0" />
  <references type="soft" candidates="98" cleared="0" enqueued="0" dynamicThreshold="1" maxThreshold="32" />
  <references type="weak" candidates="932" cleared="36" enqueued="36" />
  <references type="phantom" candidates="113" cleared="0" enqueued="0" />
  <stringconstants candidates="5071" cleared="0"  />
</gc-op>
<gc-op id="2404" type="sweep" timems="0.454" contextid="2400" timestamp="2019-09-21T19:37:34.331" />
<mem-info id="2405" free="795928" total="18153472" percent="4">
  <mem type="tenure" free="795928" total="18153472" percent="4" micro-fragmented="25852" macro-fragmented="0">
    <mem type="soa" free="614680" total="17972224" percent="3" />
    <mem type="loa" free="181248" total="181248" percent="100" />
  </mem>
  <pending-finalizers system="0" default="0" reference="36" classloader="0" />
</mem-info>
<gc-op id="2406" type="compact" timems="67.068" contextid="2400" timestamp="2019-09-21T19:37:34.398">
  <compact-info movecount="301354" movebytes="11849608" reason="compact to aid heap contraction" />
</gc-op>
<heap-resize id="2407" type="expand" space="tenure" amount="65536" count="1" timems="0.018" reason="satisfy allocation request" timestamp="2019-09-21T19:37:34.398" />
<gc-end id="2408" type="global" contextid="2400" durationms="84.577" usertimems="88.000" systemtimems="4.000" timestamp="2019-09-21T19:37:34.398" activeThreads="8">
  <mem-info id="2409" free="909608" total="18219008" percent="4">
    <mem type="tenure" free="909608" total="18219008" percent="4">
      <mem type="soa" free="728360" total="18037760" percent="4" />
      <mem type="loa" free="181248" total="181248" percent="100" />
    </mem>
    <pending-finalizers system="0" default="0" reference="36" classloader="0" />
  </mem-info>
</gc-end>
<cycle-end id="2410" type="global" contextid="2400" timestamp="2019-09-21T19:37:34.398" />
  <attribute name="elasticGC enabled" value="1" />
  <attribute name= "numThreadsSpecified" value="8" />
  <attribute name="heapSize specified" value="18153472" />
  <attribute name="Current GC Util" value="3" />
  <attribute name= "Current Time Running" value="11121" />
  <attribute name ="GC Interval" value="0" />
  <attribute name="Target GC Util Change" value ="40.000000" />
  <attribute name="Current GC Util Change" value="3.000000"/>
  <attribute name="Current Error" value="37.000000" />
  <attribute name="Output H" value="18191336"/>
  <attribute name="Output I" value="2024"/>
  <attribute name="Output T" value="8"/>
  <attribute name= "Current Time Running" value="11121" />
  <attribute name="GC Util currently" value="3" />
  <attribute name="CPU Util currently" value="34284815664" />
<allocation-satisfied id="2411" threadId="0000000001EB4900" bytesRequested="24" />
<af-end id="2412" timestamp="2019-09-21T19:37:34.399" threadId="0000000001EB5288" success="true" />
<exclusive-end id="2413" timestamp="2019-09-21T19:37:34.399" durationms="85.414" />

<exclusive-start id="2414" timestamp="2019-09-21T19:37:34.400" intervalms="86.529">
  <response-info timems="0.058" idlems="0.058" threads="0" lastid="0000000001EB3E00" lastname="PmdThread 5" />
</exclusive-start>
<af-start id="2415" threadId="0000000001EB4788" totalBytesRequested="56" timestamp="2019-09-21T19:37:34.400" intervalms="86.602" />
<cycle-start id="2416" type="global" contextid="0" timestamp="2019-09-21T19:37:34.400" intervalms="86.603" />
<gc-start id="2417" type="global" contextid="2416" timestamp="2019-09-21T19:37:34.400">
  <mem-info id="2418" free="181248" total="18219008" percent="0">
    <mem type="tenure" free="181248" total="18219008" percent="0">
      <mem type="soa" free="0" total="18037760" percent="0" />
      <mem type="loa" free="181248" total="181248" percent="100" />
    </mem>
  </mem-info>
</gc-start>
<allocation-stats totalBytes="740232" >
  <allocated-bytes non-tlh="57384" tlh="682848" />
  <largest-consumer threadName="PmdThread 1" threadId="0000000001EB3200" bytes="184024" />
</allocation-stats>
<gc-op id="2419" type="mark" timems="10.880" contextid="2416" timestamp="2019-09-21T19:37:34.411">
  <trace-info objectcount="427354" scancount="392807" scanbytes="13521872" />
  <finalization candidates="58" enqueued="0" />
  <ownableSynchronizers candidates="12" cleared="0" />
  <references type="soft" candidates="102" cleared="0" enqueued="0" dynamicThreshold="1" maxThreshold="32" />
  <references type="weak" candidates="922" cleared="25" enqueued="25" />
  <references type="phantom" candidates="114" cleared="1" enqueued="1" />
  <stringconstants candidates="5071" cleared="0"  />
</gc-op>
<gc-op id="2420" type="sweep" timems="1.597" contextid="2416" timestamp="2019-09-21T19:37:34.413" />
<mem-info id="2421" free="753344" total="18219008" percent="4">
  <mem type="tenure" free="753344" total="18219008" percent="4" micro-fragmented="49254" macro-fragmented="0">
    <mem type="soa" free="572096" total="18037760" percent="3" />
    <mem type="loa" free="181248" total="181248" percent="100" />
  </mem>
  <pending-finalizers system="0" default="0" reference="26" classloader="0" />
</mem-info>
<gc-op id="2422" type="compact" timems="85.627" contextid="2416" timestamp="2019-09-21T19:37:34.499">
  <compact-info movecount="408378" movebytes="16128720" reason="compact to aid heap contraction" />
</gc-op>
<heap-resize id="2423" type="expand" space="tenure" amount="65536" count="1" timems="0.018" reason="satisfy allocation request" timestamp="2019-09-21T19:37:34.500" />
<gc-end id="2424" type="global" contextid="2416" durationms="99.558" usertimems="96.000" systemtimems="16.000" timestamp="2019-09-21T19:37:34.500" activeThreads="8">
  <mem-info id="2425" free="882832" total="18284544" percent="4">
    <mem type="tenure" free="882832" total="18284544" percent="4">
      <mem type="soa" free="700560" total="18102272" percent="3" />
      <mem type="loa" free="182272" total="182272" percent="100" />
    </mem>
    <pending-finalizers system="0" default="0" reference="26" classloader="0" />
  </mem-info>
</gc-end>
<cycle-end id="2426" type="global" contextid="2416" timestamp="2019-09-21T19:37:34.500" />
  <attribute name="elasticGC enabled" value="1" />
  <attribute name= "numThreadsSpecified" value="8" />
  <attribute name="heapSize specified" value="18219008" />
  <attribute name="Current GC Util" value="7" />
  <attribute name= "Current Time Running" value="11222" />
  <attribute name ="GC Interval" value="0" />
  <attribute name="Target GC Util Change" value ="40.000000" />
  <attribute name="Current GC Util Change" value="7.000000"/>
  <attribute name="Current Error" value="-2828.000000" />
  <attribute name="Output H" value="18255216"/>
  <attribute name="Output I" value="368"/>
  <attribute name="Output T" value="8"/>
  <attribute name= "Current Time Running" value="11222" />
  <attribute name="GC Util currently" value="7" />
  <attribute name="CPU Util currently" value="26859643313" />
<allocation-satisfied id="2427" threadId="0000000001EB3E00" bytesRequested="56" />
<af-end id="2428" timestamp="2019-09-21T19:37:34.500" threadId="0000000001EB4788" success="true" />
<exclusive-end id="2429" timestamp="2019-09-21T19:37:34.500" durationms="100.526" />

<exclusive-start id="2430" timestamp="2019-09-21T19:37:34.502" intervalms="101.862">
  <response-info timems="0.128" idlems="0.070" threads="1" lastid="0000000001EB3200" lastname="PmdThread 1" />
</exclusive-start>
<af-start id="2431" threadId="0000000001EBF388" totalBytesRequested="16" timestamp="2019-09-21T19:37:34.502" intervalms="101.823" />
<cycle-start id="2432" type="global" contextid="0" timestamp="2019-09-21T19:37:34.502" intervalms="101.825" />
<gc-start id="2433" type="global" contextid="2432" timestamp="2019-09-21T19:37:34.502">
  <mem-info id="2434" free="182272" total="18284544" percent="0">
    <mem type="tenure" free="182272" total="18284544" percent="0">
      <mem type="soa" free="0" total="18102272" percent="0" />
      <mem type="loa" free="182272" total="182272" percent="100" />
    </mem>
  </mem-info>
</gc-start>
<allocation-stats totalBytes="720216" >
  <allocated-bytes non-tlh="40984" tlh="679232" />
  <largest-consumer threadName="PmdThread 4" threadId="0000000001EC2600" bytes="298936" />
</allocation-stats>
<gc-op id="2435" type="mark" timems="8.928" contextid="2432" timestamp="2019-09-21T19:37:34.511">
  <trace-info objectcount="429416" scancount="394671" scanbytes="13588548" />
  <finalization candidates="58" enqueued="0" />
  <ownableSynchronizers candidates="12" cleared="0" />
  <references type="soft" candidates="102" cleared="4" enqueued="0" dynamicThreshold="1" maxThreshold="32" />
  <references type="weak" candidates="927" cleared="30" enqueued="30" />
  <references type="phantom" candidates="114" cleared="0" enqueued="0" />
  <stringconstants candidates="5071" cleared="0"  />
</gc-op>
<gc-op id="2436" type="sweep" timems="0.915" contextid="2432" timestamp="2019-09-21T19:37:34.512" />
<mem-info id="2437" free="643416" total="18284544" percent="3">
  <mem type="tenure" free="643416" total="18284544" percent="3" micro-fragmented="93583" macro-fragmented="0">
    <mem type="soa" free="461144" total="18102272" percent="2" />
    <mem type="loa" free="182272" total="182272" percent="100" />
  </mem>
  <pending-finalizers system="0" default="0" reference="30" classloader="0" />
</mem-info>
<gc-op id="2438" type="compact" timems="73.776" contextid="2432" timestamp="2019-09-21T19:37:34.586">
  <compact-info movecount="356767" movebytes="14225160" reason="compact to aid heap contraction" />
</gc-op>
<heap-resize id="2439" type="expand" space="tenure" amount="65536" count="1" timems="0.020" reason="satisfy allocation request" timestamp="2019-09-21T19:37:34.587" />
<gc-end id="2440" type="global" contextid="2432" durationms="84.703" usertimems="100.000" systemtimems="0.000" timestamp="2019-09-21T19:37:34.587" activeThreads="8">
  <mem-info id="2441" free="819584" total="18350080" percent="4">
    <mem type="tenure" free="819584" total="18350080" percent="4">
      <mem type="soa" free="636288" total="18166784" percent="3" />
      <mem type="loa" free="183296" total="183296" percent="100" />
    </mem>
    <pending-finalizers system="0" default="0" reference="30" classloader="0" />
  </mem-info>
</gc-end>
<cycle-end id="2442" type="global" contextid="2432" timestamp="2019-09-21T19:37:34.587" />
  <attribute name="elasticGC enabled" value="1" />
  <attribute name= "numThreadsSpecified" value="8" />
  <attribute name="heapSize specified" value="18284544" />
  <attribute name="Current GC Util" value="2" />
  <attribute name= "Current Time Running" value="11309" />
  <attribute name ="GC Interval" value="0" />
  <attribute name="Target GC Util Change" value ="40.000000" />
  <attribute name="Current GC Util Change" value="2.000000"/>
  <attribute name="Current Error" value="-129.000000" />
  <attribute name="Output H" value="18322312"/>
  <attribute name="Output I" value="1928"/>
  <attribute name="Output T" value="8"/>
  <attribute name= "Current Time Running" value="11309" />
  <attribute name="GC Util currently" value="2" />
  <attribute name="CPU Util currently" value="31184009967" />
<allocation-satisfied id="2443" threadId="0000000001EBEA00" bytesRequested="16" />
<af-end id="2444" timestamp="2019-09-21T19:37:34.587" threadId="0000000001EBF388" success="true" />
<exclusive-end id="2445" timestamp="2019-09-21T19:37:34.587" durationms="85.667" />

<exclusive-start id="2446" timestamp="2019-09-21T19:37:34.590" intervalms="88.573">
  <response-info timems="2.173" idlems="2.173" threads="0" lastid="0000000001EB3E00" lastname="PmdThread 5" />
</exclusive-start>
<af-start id="2447" threadId="0000000001EB4788" totalBytesRequested="24" timestamp="2019-09-21T19:37:34.590" intervalms="88.539" />
<cycle-start id="2448" type="global" contextid="0" timestamp="2019-09-21T19:37:34.591" intervalms="88.526" />
<gc-start id="2449" type="global" contextid="2448" timestamp="2019-09-21T19:37:34.591">
  <mem-info id="2450" free="183296" total="18350080" percent="0">
    <mem type="tenure" free="183296" total="18350080" percent="0">
      <mem type="soa" free="0" total="18166784" percent="0" />
      <mem type="loa" free="183296" total="183296" percent="100" />
    </mem>
  </mem-info>
</gc-start>
<allocation-stats totalBytes="644216" >
  <allocated-bytes non-tlh="0" tlh="644216" />
  <largest-consumer threadName="PmdThread 5" threadId="0000000001EB3E00" bytes="263512" />
</allocation-stats>
<gc-op id="2451" type="mark" timems="10.254" contextid="2448" timestamp="2019-09-21T19:37:34.601">
  <trace-info objectcount="378141" scancount="345972" scanbytes="11808068" />
  <finalization candidates="58" enqueued="0" />
  <ownableSynchronizers candidates="12" cleared="0" />
  <references type="soft" candidates="98" cleared="0" enqueued="0" dynamicThreshold="1" maxThreshold="32" />
  <references type="weak" candidates="897" cleared="0" enqueued="0" />
  <references type="phantom" candidates="113" cleared="0" enqueued="0" />
  <stringconstants candidates="5071" cleared="0"  />
</gc-op>
<gc-op id="2452" type="sweep" timems="0.447" contextid="2448" timestamp="2019-09-21T19:37:34.602" />
<mem-info id="2453" free="2759448" total="18350080" percent="15">
  <mem type="tenure" free="2759448" total="18350080" percent="15" micro-fragmented="32143" macro-fragmented="0">
    <mem type="soa" free="2576152" total="18166784" percent="14" />
    <mem type="loa" free="183296" total="183296" percent="100" />
  </mem>
</mem-info>
<gc-op id="2454" type="compact" timems="66.313" contextid="2448" timestamp="2019-09-21T19:37:34.668">
  <compact-info movecount="316286" movebytes="12504216" reason="compact to aid heap contraction" />
</gc-op>
<heap-resize id="2455" type="expand" space="tenure" amount="65536" count="1" timems="0.017" reason="satisfy allocation request" timestamp="2019-09-21T19:37:34.669" />
<gc-end id="2456" type="global" contextid="2448" durationms="78.148" usertimems="88.000" systemtimems="8.000" timestamp="2019-09-21T19:37:34.669" activeThreads="8">
  <mem-info id="2457" free="2870864" total="18415616" percent="15">
    <mem type="tenure" free="2870864" total="18415616" percent="15">
      <mem type="soa" free="2687568" total="18232320" percent="14" />
      <mem type="loa" free="183296" total="183296" percent="100" />
    </mem>
  </mem-info>
</gc-end>
<cycle-end id="2458" type="global" contextid="2448" timestamp="2019-09-21T19:37:34.669" />
  <attribute name="elasticGC enabled" value="1" />
  <attribute name= "numThreadsSpecified" value="8" />
  <attribute name="heapSize specified" value="18350080" />
  <attribute name="Current GC Util" value="4" />
  <attribute name= "Current Time Running" value="11391" />
  <attribute name ="GC Interval" value="0" />
  <attribute name="Target GC Util Change" value ="40.000000" />
  <attribute name="Current GC Util Change" value="4.000000"/>
  <attribute name="Current Error" value="36.000000" />
  <attribute name="Output H" value="18387944"/>
  <attribute name="Output I" value="2024"/>
  <attribute name="Output T" value="8"/>
  <attribute name= "Current Time Running" value="11391" />
  <attribute name="GC Util currently" value="4" />
  <attribute name="CPU Util currently" value="34659206383" />
<allocation-satisfied id="2459" threadId="0000000001EB3E00" bytesRequested="24" />
<af-end id="2460" timestamp="2019-09-21T19:37:34.669" threadId="0000000001EB4788" success="true" />
<exclusive-end id="2461" timestamp="2019-09-21T19:37:34.669" durationms="78.914" />

<exclusive-start id="2462" timestamp="2019-09-21T19:37:34.670" intervalms="79.190">
  <response-info timems="0.057" idlems="0.057" threads="0" lastid="0000000001EB3200" lastname="PmdThread 1" />
</exclusive-start>
<event id="2463" timestamp="2019-09-21T19:37:34.670">
  <warning details="exclusive access acquired to satisfy allocation" />
</event>
<exclusive-end id="2464" timestamp="2019-09-21T19:37:34.670" durationms="0.318" />

<exclusive-start id="2465" timestamp="2019-09-21T19:37:34.673" intervalms="3.491">
  <response-info timems="0.062" idlems="0.062" threads="0" lastid="0000000001EB4900" lastname="PmdThread 6" />
</exclusive-start>
<af-start id="2466" threadId="0000000001EB5288" totalBytesRequested="16" timestamp="2019-09-21T19:37:34.673" intervalms="82.701" />
<cycle-start id="2467" type="global" contextid="0" timestamp="2019-09-21T19:37:34.673" intervalms="82.719" />
<gc-start id="2468" type="global" contextid="2467" timestamp="2019-09-21T19:37:34.673">
  <mem-info id="2469" free="183296" total="18415616" percent="0">
    <mem type="tenure" free="183296" total="18415616" percent="0">
      <mem type="soa" free="0" total="18232320" percent="0" />
      <mem type="loa" free="183296" total="183296" percent="100" />
    </mem>
  </mem-info>
</gc-start>
<allocation-stats totalBytes="2713888" >
  <allocated-bytes non-tlh="352" tlh="2713536" />
  <largest-consumer threadName="PmdThread 7" threadId="0000000001EB5500" bytes="855776" />
</allocation-stats>
<gc-op id="2470" type="mark" timems="9.604" contextid="2467" timestamp="2019-09-21T19:37:34.683">
  <trace-info objectcount="379387" scancount="348112" scanbytes="11867196" />
  <finalization candidates="58" enqueued="0" />
  <ownableSynchronizers candidates="12" cleared="0" />
  <references type="soft" candidates="98" cleared="0" enqueued="0" dynamicThreshold="4" maxThreshold="32" />
  <references type="weak" candidates="984" cleared="88" enqueued="88" />
  <references type="phantom" candidates="114" cleared="0" enqueued="0" />
  <stringconstants candidates="5071" cleared="0"  />
</gc-op>
<gc-op id="2471" type="sweep" timems="3.617" contextid="2467" timestamp="2019-09-21T19:37:34.687" />
<mem-info id="2472" free="2642544" total="18415616" percent="14">
  <mem type="tenure" free="2642544" total="18415616" percent="14" micro-fragmented="127505" macro-fragmented="0">
    <mem type="soa" free="2459248" total="18232320" percent="13" />
    <mem type="loa" free="183296" total="183296" percent="100" />
  </mem>
  <pending-finalizers system="0" default="0" reference="88" classloader="0" />
</mem-info>
<gc-op id="2473" type="compact" timems="80.506" contextid="2467" timestamp="2019-09-21T19:37:34.768">
  <compact-info movecount="360411" movebytes="14305552" reason="compact to aid heap contraction" />
</gc-op>
<heap-resize id="2474" type="expand" space="tenure" amount="65536" count="1" timems="0.020" reason="satisfy allocation request" timestamp="2019-09-21T19:37:34.769" />
<gc-end id="2475" type="global" contextid="2467" durationms="95.639" usertimems="104.000" systemtimems="8.000" timestamp="2019-09-21T19:37:34.769" activeThreads="8">
  <mem-info id="2476" free="2894416" total="18481152" percent="15">
    <mem type="tenure" free="2894416" total="18481152" percent="15">
      <mem type="soa" free="2710096" total="18296832" percent="14" />
      <mem type="loa" free="184320" total="184320" percent="100" />
    </mem>
    <pending-finalizers system="0" default="0" reference="88" classloader="0" />
  </mem-info>
</gc-end>
<cycle-end id="2477" type="global" contextid="2467" timestamp="2019-09-21T19:37:34.769" />
  <attribute name="elasticGC enabled" value="1" />
  <attribute name= "numThreadsSpecified" value="8" />
  <attribute name="heapSize specified" value="18415616" />
  <attribute name="Current GC Util" value="14" />
  <attribute name= "Current Time Running" value="11491" />
  <attribute name ="GC Interval" value="0" />
  <attribute name="Target GC Util Change" value ="40.000000" />
  <attribute name="Current GC Util Change" value="14.000000"/>
  <attribute name="Current Error" value="-1442.000000" />
  <attribute name="Output H" value="18452624"/>
  <attribute name="Output I" value="1168"/>
  <attribute name="Output T" value="8"/>
  <attribute name= "Current Time Running" value="11491" />
  <attribute name="GC Util currently" value="14" />
  <attribute name="CPU Util currently" value="28549955150" />
<allocation-satisfied id="2478" threadId="0000000001EB4900" bytesRequested="16" />
<af-end id="2479" timestamp="2019-09-21T19:37:34.770" threadId="0000000001EB5288" success="true" />
<exclusive-end id="2480" timestamp="2019-09-21T19:37:34.770" durationms="96.720" />

<exclusive-start id="2481" timestamp="2019-09-21T19:37:34.773" intervalms="99.848">
  <response-info timems="0.604" idlems="0.242" threads="2" lastid="0000000001BB1D00" lastname="JIT Compilation Thread-6" />
</exclusive-start>
<af-start id="2482" threadId="0000000001EB3B88" totalBytesRequested="48" timestamp="2019-09-21T19:37:34.773" intervalms="99.904" />
<cycle-start id="2483" type="global" contextid="0" timestamp="2019-09-21T19:37:34.773" intervalms="99.938" />
<gc-start id="2484" type="global" contextid="2483" timestamp="2019-09-21T19:37:34.773">
  <mem-info id="2485" free="184320" total="18481152" percent="0">
    <mem type="tenure" free="184320" total="18481152" percent="0">
      <mem type="soa" free="0" total="18296832" percent="0" />
      <mem type="loa" free="184320" total="184320" percent="100" />
    </mem>
  </mem-info>
</gc-start>
<allocation-stats totalBytes="2738048" >
  <allocated-bytes non-tlh="41744" tlh="2696304" />
  <largest-consumer threadName="PmdThread 1" threadId="0000000001EB3200" bytes="1003344" />
</allocation-stats>
<gc-op id="2486" type="mark" timems="4.972" contextid="2483" timestamp="2019-09-21T19:37:34.778">
  <trace-info objectcount="383269" scancount="352173" scanbytes="12004140" />
  <finalization candidates="58" enqueued="0" />
  <ownableSynchronizers candidates="12" cleared="0" />
  <references type="soft" candidates="103" cleared="0" enqueued="0" dynamicThreshold="5" maxThreshold="32" />
  <references type="weak" candidates="916" cleared="17" enqueued="17" />
  <references type="phantom" candidates="116" cleared="1" enqueued="1" />
  <stringconstants candidates="5076" cleared="0"  />
</gc-op>
<gc-op id="2487" type="sweep" timems="0.501" contextid="2483" timestamp="2019-09-21T19:37:34.779" />
<mem-info id="2488" free="2382008" total="18481152" percent="12">
  <mem type="tenure" free="2382008" total="18481152" percent="12" micro-fragmented="232179" macro-fragmented="0">
    <mem type="soa" free="2197688" total="18296832" percent="12" />
    <mem type="loa" free="184320" total="184320" percent="100" />
  </mem>
  <pending-finalizers system="0" default="0" reference="18" classloader="0" />
</mem-info>
<gc-op id="2489" type="compact" timems="74.846" contextid="2483" timestamp="2019-09-21T19:37:34.854">
  <compact-info movecount="346729" movebytes="13732368" reason="compact to aid heap contraction" />
</gc-op>
<heap-resize id="2490" type="expand" space="tenure" amount="65536" count="1" timems="0.018" reason="satisfy allocation request" timestamp="2019-09-21T19:37:34.855" />
<gc-end id="2491" type="global" contextid="2483" durationms="81.814" usertimems="100.000" systemtimems="0.000" timestamp="2019-09-21T19:37:34.855" activeThreads="8">
  <mem-info id="2492" free="2720424" total="18546688" percent="14">
    <mem type="tenure" free="2720424" total="18546688" percent="14">
      <mem type="soa" free="2535080" total="18361344" percent="13" />
      <mem type="loa" free="185344" total="185344" percent="100" />
    </mem>
    <pending-finalizers system="0" default="0" reference="18" classloader="0" />
  </mem-info>
</gc-end>
<cycle-end id="2493" type="global" contextid="2483" timestamp="2019-09-21T19:37:34.855" />
  <attribute name="elasticGC enabled" value="1" />
  <attribute name= "numThreadsSpecified" value="8" />
  <attribute name="heapSize specified" value="18481152" />
  <attribute name="Current GC Util" value="5" />
  <attribute name= "Current Time Running" value="11577" />
  <attribute name ="GC Interval" value="0" />
  <attribute name="Target GC Util Change" value ="40.000000" />
  <attribute name="Current GC Util Change" value="5.000000"/>
  <attribute name="Current Error" value="-324.000000" />
  <attribute name="Output H" value="18518808"/>
  <attribute name="Output I" value="1816"/>
  <attribute name="Output T" value="8"/>
  <attribute name= "Current Time Running" value="11577" />
  <attribute name="GC Util currently" value="5" />
  <attribute name="CPU Util currently" value="30698971256" />
<allocation-satisfied id="2494" threadId="0000000001EB3200" bytesRequested="48" />
<af-end id="2495" timestamp="2019-09-21T19:37:34.856" threadId="0000000001EB3B88" success="true" />
<exclusive-end id="2496" timestamp="2019-09-21T19:37:34.856" durationms="82.726" />

<exclusive-start id="2497" timestamp="2019-09-21T19:37:34.859" intervalms="86.536">
  <response-info timems="0.059" idlems="0.040" threads="2" lastid="0000000001B9F200" lastname="JIT Compilation Thread-1" />
</exclusive-start>
<af-start id="2498" threadId="0000000001EB3B88" totalBytesRequested="24" timestamp="2019-09-21T19:37:34.860" intervalms="86.462" />
<cycle-start id="2499" type="global" contextid="0" timestamp="2019-09-21T19:37:34.860" intervalms="86.423" />
<gc-start id="2500" type="global" contextid="2499" timestamp="2019-09-21T19:37:34.860">
  <mem-info id="2501" free="185344" total="18546688" percent="0">
    <mem type="tenure" free="185344" total="18546688" percent="0">
      <mem type="soa" free="0" total="18361344" percent="0" />
      <mem type="loa" free="185344" total="185344" percent="100" />
    </mem>
  </mem-info>
</gc-start>
<allocation-stats totalBytes="2583080" >
  <allocated-bytes non-tlh="1648" tlh="2581432" />
  <largest-consumer threadName="PmdThread 1" threadId="0000000001EB3200" bytes="587760" />
</allocation-stats>
<gc-op id="2502" type="mark" timems="5.001" contextid="2499" timestamp="2019-09-21T19:37:34.865">
  <trace-info objectcount="386403" scancount="355149" scanbytes="12103808" />
  <finalization candidates="58" enqueued="0" />
  <ownableSynchronizers candidates="12" cleared="0" />
  <references type="soft" candidates="106" cleared="0" enqueued="0" dynamicThreshold="4" maxThreshold="32" />
  <references type="weak" candidates="932" cleared="34" enqueued="34" />
  <references type="phantom" candidates="116" cleared="4" enqueued="4" />
  <stringconstants candidates="5085" cleared="0"  />
</gc-op>
<gc-op id="2503" type="sweep" timems="1.042" contextid="2499" timestamp="2019-09-21T19:37:34.866" />
<mem-info id="2504" free="2451336" total="18546688" percent="13">
  <mem type="tenure" free="2451336" total="18546688" percent="13" micro-fragmented="74887" macro-fragmented="0">
    <mem type="soa" free="2265992" total="18361344" percent="12" />
    <mem type="loa" free="185344" total="185344" percent="100" />
  </mem>
  <pending-finalizers system="0" default="0" reference="38" classloader="0" />
</mem-info>
<gc-op id="2505" type="compact" timems="75.131" contextid="2499" timestamp="2019-09-21T19:37:34.941">
  <compact-info movecount="357509" movebytes="14352944" reason="compact to aid heap contraction" />
</gc-op>
<heap-resize id="2506" type="expand" space="tenure" amount="65536" count="1" timems="0.017" reason="satisfy allocation request" timestamp="2019-09-21T19:37:34.942" />
<gc-end id="2507" type="global" contextid="2499" durationms="82.130" usertimems="88.000" systemtimems="16.000" timestamp="2019-09-21T19:37:34.942" activeThreads="8">
  <mem-info id="2508" free="2640800" total="18612224" percent="14">
    <mem type="tenure" free="2640800" total="18612224" percent="14">
      <mem type="soa" free="2455456" total="18426880" percent="13" />
      <mem type="loa" free="185344" total="185344" percent="100" />
    </mem>
    <pending-finalizers system="0" default="0" reference="38" classloader="0" />
  </mem-info>
</gc-end>
<cycle-end id="2509" type="global" contextid="2499" timestamp="2019-09-21T19:37:34.942" />
  <attribute name="elasticGC enabled" value="1" />
  <attribute name= "numThreadsSpecified" value="8" />
  <attribute name="heapSize specified" value="18546688" />
  <attribute name="Current GC Util" value="5" />
  <attribute name= "Current Time Running" value="11664" />
  <attribute name ="GC Interval" value="0" />
  <attribute name="Target GC Util Change" value ="40.000000" />
  <attribute name="Current GC Util Change" value="5.000000"/>
  <attribute name="Current Error" value="35.000000" />
  <attribute name="Output H" value="18584552"/>
  <attribute name="Output I" value="2024"/>
  <attribute name="Output T" value="8"/>
  <attribute name= "Current Time Running" value="11664" />
  <attribute name="GC Util currently" value="5" />
  <attribute name="CPU Util currently" value="30615980697" />
<allocation-satisfied id="2510" threadId="0000000001EB3200" bytesRequested="24" />
<af-end id="2511" timestamp="2019-09-21T19:37:34.942" threadId="0000000001EB3B88" success="true" />
<exclusive-end id="2512" timestamp="2019-09-21T19:37:34.942" durationms="83.021" />

<exclusive-start id="2513" timestamp="2019-09-21T19:37:34.948" intervalms="88.794">
  <response-info timems="0.056" idlems="0.056" threads="0" lastid="0000000001EB4900" lastname="PmdThread 6" />
</exclusive-start>
<af-start id="2514" threadId="0000000001EB5288" totalBytesRequested="16" timestamp="2019-09-21T19:37:34.948" intervalms="88.858" />
<cycle-start id="2515" type="global" contextid="0" timestamp="2019-09-21T19:37:34.949" intervalms="88.915" />
<gc-start id="2516" type="global" contextid="2515" timestamp="2019-09-21T19:37:34.949">
  <mem-info id="2517" free="185344" total="18612224" percent="0">
    <mem type="tenure" free="185344" total="18612224" percent="0">
      <mem type="soa" free="0" total="18426880" percent="0" />
      <mem type="loa" free="185344" total="185344" percent="100" />
    </mem>
  </mem-info>
</gc-start>
<allocation-stats totalBytes="2499152" >
  <allocated-bytes non-tlh="168" tlh="2498984" />
  <largest-consumer threadName="PmdThread 4" threadId="0000000001EC2600" bytes="744728" />
</allocation-stats>
<gc-op id="2518" type="mark" timems="7.009" contextid="2515" timestamp="2019-09-21T19:37:34.956">
  <trace-info objectcount="382388" scancount="351814" scanbytes="11976504" />
  <finalization candidates="58" enqueued="0" />
  <ownableSynchronizers candidates="12" cleared="0" />
  <references type="soft" candidates="107" cleared="0" enqueued="0" dynamicThreshold="4" maxThreshold="32" />
  <references type="weak" candidates="934" cleared="35" enqueued="35" />
  <references type="phantom" candidates="113" cleared="0" enqueued="0" />
  <stringconstants candidates="5086" cleared="0"  />
</gc-op>
<gc-op id="2519" type="sweep" timems="0.970" contextid="2515" timestamp="2019-09-21T19:37:34.957" />
<mem-info id="2520" free="2880584" total="18612224" percent="15">
  <mem type="tenure" free="2880584" total="18612224" percent="15" micro-fragmented="102383" macro-fragmented="0">
    <mem type="soa" free="2695240" total="18426880" percent="14" />
    <mem type="loa" free="185344" total="185344" percent="100" />
  </mem>
  <pending-finalizers system="0" default="0" reference="35" classloader="0" />
</mem-info>
<gc-op id="2521" type="compact" timems="73.572" contextid="2515" timestamp="2019-09-21T19:37:35.031">
  <compact-info movecount="343613" movebytes="13173864" reason="compact to aid heap contraction" />
</gc-op>
<heap-resize id="2522" type="expand" space="tenure" amount="65536" count="1" timems="0.020" reason="satisfy allocation request" timestamp="2019-09-21T19:37:35.031" />
<gc-end id="2523" type="global" contextid="2515" durationms="82.846" usertimems="104.000" systemtimems="0.000" timestamp="2019-09-21T19:37:35.031" activeThreads="8">
  <mem-info id="2524" free="3032088" total="18677760" percent="16">
    <mem type="tenure" free="3032088" total="18677760" percent="16">
      <mem type="soa" free="2845720" total="18491392" percent="15" />
      <mem type="loa" free="186368" total="186368" percent="100" />
    </mem>
    <pending-finalizers system="0" default="0" reference="35" classloader="0" />
  </mem-info>
</gc-end>
<cycle-end id="2525" type="global" contextid="2515" timestamp="2019-09-21T19:37:35.032" />
  <attribute name="elasticGC enabled" value="1" />
  <attribute name= "numThreadsSpecified" value="8" />
  <attribute name="heapSize specified" value="18612224" />
  <attribute name="Current GC Util" value="6" />
  <attribute name= "Current Time Running" value="11754" />
  <attribute name ="GC Interval" value="0" />
  <attribute name="Target GC Util Change" value ="40.000000" />
  <attribute name="Current GC Util Change" value="6.000000"/>
  <attribute name="Current Error" value="-1285.000000" />
  <attribute name="Output H" value="18649328"/>
  <attribute name="Output I" value="1264"/>
  <attribute name="Output T" value="8"/>
  <attribute name= "Current Time Running" value="11754" />
  <attribute name="GC Util currently" value="6" />
  <attribute name="CPU Util currently" value="31249160833" />
<allocation-satisfied id="2526" threadId="0000000001EB4900" bytesRequested="16" />
<af-end id="2527" timestamp="2019-09-21T19:37:35.032" threadId="0000000001EB5288" success="true" />
<exclusive-end id="2528" timestamp="2019-09-21T19:37:35.032" durationms="83.804" />

<exclusive-start id="2529" timestamp="2019-09-21T19:37:35.040" intervalms="91.720">
  <response-info timems="0.079" idlems="0.042" threads="1" lastid="0000000001EBEA00" lastname="PmdThread 3" />
</exclusive-start>
<af-start id="2530" threadId="0000000001EB5E88" totalBytesRequested="6816" timestamp="2019-09-21T19:37:35.040" intervalms="91.652" />
<cycle-start id="2531" type="global" contextid="0" timestamp="2019-09-21T19:37:35.040" intervalms="91.579" />
<gc-start id="2532" type="global" contextid="2531" timestamp="2019-09-21T19:37:35.040">
  <mem-info id="2533" free="186368" total="18677760" percent="0">
    <mem type="tenure" free="186368" total="18677760" percent="0">
      <mem type="soa" free="0" total="18491392" percent="0" />
      <mem type="loa" free="186368" total="186368" percent="100" />
    </mem>
  </mem-info>
</gc-start>
<allocation-stats totalBytes="2879200" >
  <allocated-bytes non-tlh="33184" tlh="2846016" />
  <largest-consumer threadName="PmdThread 3" threadId="0000000001EBEA00" bytes="736992" />
</allocation-stats>
<gc-op id="2534" type="mark" timems="7.048" contextid="2531" timestamp="2019-09-21T19:37:35.047">
  <trace-info objectcount="379574" scancount="349466" scanbytes="11893040" />
  <finalization candidates="58" enqueued="0" />
  <ownableSynchronizers candidates="12" cleared="0" />
  <references type="soft" candidates="107" cleared="0" enqueued="0" dynamicThreshold="5" maxThreshold="32" />
  <references type="weak" candidates="928" cleared="30" enqueued="30" />
  <references type="phantom" candidates="114" cleared="2" enqueued="2" />
  <stringconstants candidates="5088" cleared="0"  />
</gc-op>
<gc-op id="2535" type="sweep" timems="0.765" contextid="2531" timestamp="2019-09-21T19:37:35.048" />
<mem-info id="2536" free="2885288" total="18677760" percent="15">
  <mem type="tenure" free="2885288" total="18677760" percent="15" micro-fragmented="263844" macro-fragmented="0">
    <mem type="soa" free="2698920" total="18491392" percent="14" />
    <mem type="loa" free="186368" total="186368" percent="100" />
  </mem>
  <pending-finalizers system="0" default="0" reference="32" classloader="0" />
</mem-info>
<gc-op id="2537" type="compact" timems="74.558" contextid="2531" timestamp="2019-09-21T19:37:35.123">
  <compact-info movecount="354630" movebytes="13786856" reason="compact to aid heap contraction" />
</gc-op>
<heap-resize id="2538" type="expand" space="tenure" amount="65536" count="1" timems="0.018" reason="satisfy allocation request" timestamp="2019-09-21T19:37:35.123" />
<gc-end id="2539" type="global" contextid="2531" durationms="83.397" usertimems="92.000" systemtimems="4.000" timestamp="2019-09-21T19:37:35.124" activeThreads="8">
  <mem-info id="2540" free="3268936" total="18743296" percent="17">
    <mem type="tenure" free="3268936" total="18743296" percent="17">
      <mem type="soa" free="3081544" total="18555904" percent="16" />
      <mem type="loa" free="187392" total="187392" percent="100" />
    </mem>
    <pending-finalizers system="0" default="0" reference="32" classloader="0" />
  </mem-info>
</gc-end>
<cycle-end id="2541" type="global" contextid="2531" timestamp="2019-09-21T19:37:35.124" />
  <attribute name="elasticGC enabled" value="1" />
  <attribute name= "numThreadsSpecified" value="8" />
  <attribute name="heapSize specified" value="18677760" />
  <attribute name="Current GC Util" value="6" />
  <attribute name= "Current Time Running" value="11846" />
  <attribute name ="GC Interval" value="0" />
  <attribute name="Target GC Util Change" value ="40.000000" />
  <attribute name="Current GC Util Change" value="6.000000"/>
  <attribute name="Current Error" value="-178.000000" />
  <attribute name="Output H" value="18715504"/>
  <attribute name="Output I" value="1904"/>
  <attribute name="Output T" value="8"/>
  <attribute name= "Current Time Running" value="11846" />
  <attribute name="GC Util currently" value="6" />
  <attribute name="CPU Util currently" value="30828974611" />
<allocation-satisfied id="2542" threadId="0000000001EB5500" bytesRequested="6816" />
<af-end id="2543" timestamp="2019-09-21T19:37:35.124" threadId="0000000001EB5E88" success="true" />
<exclusive-end id="2544" timestamp="2019-09-21T19:37:35.124" durationms="84.102" />

<exclusive-start id="2545" timestamp="2019-09-21T19:37:35.132" intervalms="92.323">
  <response-info timems="0.380" idlems="0.200" threads="1" lastid="0000000001EB3200" lastname="PmdThread 1" />
</exclusive-start>
<af-start id="2546" threadId="0000000001EB5E88" totalBytesRequested="40" timestamp="2019-09-21T19:37:35.132" intervalms="92.358" />
<cycle-start id="2547" type="global" contextid="0" timestamp="2019-09-21T19:37:35.132" intervalms="92.382" />
<gc-start id="2548" type="global" contextid="2547" timestamp="2019-09-21T19:37:35.133">
  <mem-info id="2549" free="187392" total="18743296" percent="0">
    <mem type="tenure" free="187392" total="18743296" percent="0">
      <mem type="soa" free="0" total="18555904" percent="0" />
      <mem type="loa" free="187392" total="187392" percent="100" />
    </mem>
  </mem-info>
</gc-start>
<allocation-stats totalBytes="3113064" >
  <allocated-bytes non-tlh="80" tlh="3112984" />
  <largest-consumer threadName="PmdThread 7" threadId="0000000001EB5500" bytes="1299328" />
</allocation-stats>
<gc-op id="2550" type="mark" timems="11.238" contextid="2547" timestamp="2019-09-21T19:37:35.144">
  <trace-info objectcount="373443" scancount="344154" scanbytes="11707176" />
  <finalization candidates="58" enqueued="0" />
  <ownableSynchronizers candidates="12" cleared="0" />
  <references type="soft" candidates="108" cleared="0" enqueued="0" dynamicThreshold="5" maxThreshold="32" />
  <references type="weak" candidates="909" cleared="11" enqueued="11" />
  <references type="phantom" candidates="114" cleared="2" enqueued="2" />
  <stringconstants candidates="5089" cleared="0"  />
</gc-op>
<gc-op id="2551" type="sweep" timems="0.551" contextid="2547" timestamp="2019-09-21T19:37:35.145" />
<mem-info id="2552" free="3540920" total="18743296" percent="18">
  <mem type="tenure" free="3540920" total="18743296" percent="18" micro-fragmented="37385" macro-fragmented="0">
    <mem type="soa" free="3353528" total="18555904" percent="18" />
    <mem type="loa" free="187392" total="187392" percent="100" />
  </mem>
  <pending-finalizers system="0" default="0" reference="13" classloader="0" />
</mem-info>
<gc-op id="2553" type="compact" timems="72.331" contextid="2547" timestamp="2019-09-21T19:37:35.217">
  <compact-info movecount="334363" movebytes="12669800" reason="compact to aid heap contraction" />
</gc-op>
<heap-resize id="2554" type="expand" space="tenure" amount="65536" count="1" timems="0.018" reason="satisfy allocation request" timestamp="2019-09-21T19:37:35.218" />
<gc-end id="2555" type="global" contextid="2547" durationms="85.141" usertimems="100.000" systemtimems="4.000" timestamp="2019-09-21T19:37:35.218" activeThreads="8">
  <mem-info id="2556" free="3642800" total="18808832" percent="19">
    <mem type="tenure" free="3642800" total="18808832" percent="19">
      <mem type="soa" free="3455408" total="18621440" percent="18" />
      <mem type="loa" free="187392" total="187392" percent="100" />
    </mem>
    <pending-finalizers system="0" default="0" reference="13" classloader="0" />
  </mem-info>
</gc-end>
<cycle-end id="2557" type="global" contextid="2547" timestamp="2019-09-21T19:37:35.218" />
  <attribute name="elasticGC enabled" value="1" />
  <attribute name= "numThreadsSpecified" value="8" />
  <attribute name="heapSize specified" value="18743296" />
  <attribute name="Current GC Util" value="4" />
  <attribute name= "Current Time Running" value="11940" />
  <attribute name ="GC Interval" value="0" />
  <attribute name="Target GC Util Change" value ="40.000000" />
  <attribute name="Current GC Util Change" value="4.000000"/>
  <attribute name="Current Error" value="36.000000" />
  <attribute name="Output H" value="18781160"/>
  <attribute name="Output I" value="2024"/>
  <attribute name="Output T" value="8"/>
  <attribute name= "Current Time Running" value="11940" />
  <attribute name="GC Util currently" value="4" />
  <attribute name="CPU Util currently" value="31818811405" />
<allocation-satisfied id="2558" threadId="0000000001EB5500" bytesRequested="40" />
<af-end id="2559" timestamp="2019-09-21T19:37:35.218" threadId="0000000001EB5E88" success="true" />
<exclusive-end id="2560" timestamp="2019-09-21T19:37:35.218" durationms="85.728" />

<exclusive-start id="2561" timestamp="2019-09-21T19:37:35.224" intervalms="92.134">
  <response-info timems="1.303" idlems="0.661" threads="1" lastid="0000000001EB3200" lastname="PmdThread 1" />
</exclusive-start>
<af-start id="2562" threadId="0000000001EB5E88" totalBytesRequested="40" timestamp="2019-09-21T19:37:35.224" intervalms="92.102" />
<cycle-start id="2563" type="global" contextid="0" timestamp="2019-09-21T19:37:35.225" intervalms="92.073" />
<gc-start id="2564" type="global" contextid="2563" timestamp="2019-09-21T19:37:35.225">
  <mem-info id="2565" free="187392" total="18808832" percent="0">
    <mem type="tenure" free="187392" total="18808832" percent="0">
      <mem type="soa" free="0" total="18621440" percent="0" />
      <mem type="loa" free="187392" total="187392" percent="100" />
    </mem>
  </mem-info>
</gc-start>
<allocation-stats totalBytes="3512472" >
  <allocated-bytes non-tlh="0" tlh="3512472" />
  <largest-consumer threadName="PmdThread 7" threadId="0000000001EB5500" bytes="3000568" />
</allocation-stats>
<gc-op id="2566" type="mark" timems="7.501" contextid="2563" timestamp="2019-09-21T19:37:35.232">
  <trace-info objectcount="372669" scancount="343501" scanbytes="11686536" />
  <finalization candidates="58" enqueued="0" />
  <ownableSynchronizers candidates="12" cleared="0" />
  <references type="soft" candidates="108" cleared="0" enqueued="0" dynamicThreshold="6" maxThreshold="32" />
  <references type="weak" candidates="898" cleared="0" enqueued="0" />
  <references type="phantom" candidates="112" cleared="0" enqueued="0" />
  <stringconstants candidates="5089" cleared="0"  />
</gc-op>
<gc-op id="2567" type="sweep" timems="0.680" contextid="2563" timestamp="2019-09-21T19:37:35.233" />
<mem-info id="2568" free="3640312" total="18808832" percent="19">
  <mem type="tenure" free="3640312" total="18808832" percent="19" micro-fragmented="39217" macro-fragmented="0">
    <mem type="soa" free="3452920" total="18621440" percent="18" />
    <mem type="loa" free="187392" total="187392" percent="100" />
  </mem>
</mem-info>
<gc-op id="2569" type="compact" timems="75.458" contextid="2563" timestamp="2019-09-21T19:37:35.309">
  <compact-info movecount="348974" movebytes="13536120" reason="compact to aid heap contraction" />
</gc-op>
<heap-resize id="2570" type="expand" space="tenure" amount="65536" count="1" timems="0.017" reason="satisfy allocation request" timestamp="2019-09-21T19:37:35.309" />
<gc-end id="2571" type="global" contextid="2563" durationms="84.831" usertimems="104.000" systemtimems="0.000" timestamp="2019-09-21T19:37:35.309" activeThreads="8">
  <mem-info id="2572" free="3709912" total="18874368" percent="19">
    <mem type="tenure" free="3709912" total="18874368" percent="19">
      <mem type="soa" free="3521496" total="18685952" percent="18" />
      <mem type="loa" free="188416" total="188416" percent="100" />
    </mem>
  </mem-info>
</gc-end>
<cycle-end id="2573" type="global" contextid="2563" timestamp="2019-09-21T19:37:35.310" />
  <attribute name="elasticGC enabled" value="1" />
  <attribute name= "numThreadsSpecified" value="8" />
  <attribute name="heapSize specified" value="18808832" />
  <attribute name="Current GC Util" value="7" />
  <attribute name= "Current Time Running" value="12032" />
  <attribute name ="GC Interval" value="0" />
  <attribute name="Target GC Util Change" value ="40.000000" />
  <attribute name="Current GC Util Change" value="7.000000"/>
  <attribute name="Current Error" value="-1217.000000" />
  <attribute name="Output H" value="18845976"/>
  <attribute name="Output I" value="1304"/>
  <attribute name="Output T" value="8"/>
  <attribute name= "Current Time Running" value="12032" />
  <attribute name="GC Util currently" value="7" />
  <attribute name="CPU Util currently" value="30466686806" />
<allocation-satisfied id="2574" threadId="0000000001EB5500" bytesRequested="40" />
<af-end id="2575" timestamp="2019-09-21T19:37:35.310" threadId="0000000001EB5E88" success="true" />
<exclusive-end id="2576" timestamp="2019-09-21T19:37:35.310" durationms="85.464" />

<exclusive-start id="2577" timestamp="2019-09-21T19:37:35.323" intervalms="98.184">
  <response-info timems="0.084" idlems="0.084" threads="0" lastid="0000000001EB4900" lastname="PmdThread 6" />
</exclusive-start>
<af-start id="2578" threadId="0000000001EB5288" totalBytesRequested="40" timestamp="2019-09-21T19:37:35.323" intervalms="98.309" />
<cycle-start id="2579" type="global" contextid="0" timestamp="2019-09-21T19:37:35.323" intervalms="98.407" />
<gc-start id="2580" type="global" contextid="2579" timestamp="2019-09-21T19:37:35.323">
  <mem-info id="2581" free="188416" total="18874368" percent="0">
    <mem type="tenure" free="188416" total="18874368" percent="0">
      <mem type="soa" free="0" total="18685952" percent="0" />
      <mem type="loa" free="188416" total="188416" percent="100" />
    </mem>
  </mem-info>
</gc-start>
<allocation-stats totalBytes="3586440" >
  <allocated-bytes non-tlh="168" tlh="3586272" />
  <largest-consumer threadName="PmdThread 6" threadId="0000000001EB4900" bytes="2709816" />
</allocation-stats>
<gc-op id="2582" type="mark" timems="8.082" contextid="2579" timestamp="2019-09-21T19:37:35.332">
  <trace-info objectcount="373228" scancount="345268" scanbytes="11726744" />
  <finalization candidates="58" enqueued="0" />
  <ownableSynchronizers candidates="12" cleared="0" />
  <references type="soft" candidates="108" cleared="1" enqueued="0" dynamicThreshold="6" maxThreshold="32" />
  <references type="weak" candidates="898" cleared="0" enqueued="0" />
  <references type="phantom" candidates="112" cleared="0" enqueued="0" />
  <stringconstants candidates="5092" cleared="0"  />
</gc-op>
<gc-op id="2583" type="sweep" timems="0.612" contextid="2579" timestamp="2019-09-21T19:37:35.332" />
<mem-info id="2584" free="3301816" total="18874368" percent="17">
  <mem type="tenure" free="3301816" total="18874368" percent="17" micro-fragmented="213149" macro-fragmented="0">
    <mem type="soa" free="3113400" total="18685952" percent="16" />
    <mem type="loa" free="188416" total="188416" percent="100" />
  </mem>
</mem-info>
<gc-op id="2585" type="compact" timems="79.587" contextid="2579" timestamp="2019-09-21T19:37:35.412">
  <compact-info movecount="372475" movebytes="15027496" reason="compact to aid heap contraction" />
</gc-op>
<heap-resize id="2586" type="expand" space="tenure" amount="65536" count="1" timems="0.020" reason="satisfy allocation request" timestamp="2019-09-21T19:37:35.413" />
<gc-end id="2587" type="global" contextid="2579" durationms="89.748" usertimems="104.000" systemtimems="0.000" timestamp="2019-09-21T19:37:35.413" activeThreads="8">
  <mem-info id="2588" free="3825824" total="18939904" percent="20">
    <mem type="tenure" free="3825824" total="18939904" percent="20">
      <mem type="soa" free="3637408" total="18751488" percent="19" />
      <mem type="loa" free="188416" total="188416" percent="100" />
    </mem>
  </mem-info>
</gc-end>
<cycle-end id="2589" type="global" contextid="2579" timestamp="2019-09-21T19:37:35.413" />
  <attribute name="elasticGC enabled" value="1" />
  <attribute name= "numThreadsSpecified" value="8" />
  <attribute name="heapSize specified" value="18874368" />
  <attribute name="Current GC Util" value="6" />
  <attribute name= "Current Time Running" value="12135" />
  <attribute name ="GC Interval" value="0" />
  <attribute name="Target GC Util Change" value ="40.000000" />
  <attribute name="Current GC Util Change" value="6.000000"/>
  <attribute name="Current Error" value="-202.000000" />
  <attribute name="Output H" value="18912096"/>
  <attribute name="Output I" value="1888"/>
  <attribute name="Output T" value="8"/>
  <attribute name= "Current Time Running" value="12135" />
  <attribute name="GC Util currently" value="6" />
  <attribute name="CPU Util currently" value="28889817419" />
<allocation-satisfied id="2590" threadId="0000000001EB4900" bytesRequested="40" />
<af-end id="2591" timestamp="2019-09-21T19:37:35.413" threadId="0000000001EB5288" success="true" />
<exclusive-end id="2592" timestamp="2019-09-21T19:37:35.414" durationms="90.940" />

<exclusive-start id="2593" timestamp="2019-09-21T19:37:35.429" intervalms="106.388">
  <response-info timems="0.054" idlems="0.054" threads="0" lastid="0000000001EB4900" lastname="PmdThread 6" />
</exclusive-start>
<af-start id="2594" threadId="0000000001EB5288" totalBytesRequested="32" timestamp="2019-09-21T19:37:35.429" intervalms="106.298" />
<cycle-start id="2595" type="global" contextid="0" timestamp="2019-09-21T19:37:35.429" intervalms="106.220" />
<gc-start id="2596" type="global" contextid="2595" timestamp="2019-09-21T19:37:35.429">
  <mem-info id="2597" free="188416" total="18939904" percent="0">
    <mem type="tenure" free="188416" total="18939904" percent="0">
      <mem type="soa" free="0" total="18751488" percent="0" />
      <mem type="loa" free="188416" total="188416" percent="100" />
    </mem>
  </mem-info>
</gc-start>
<allocation-stats totalBytes="3701800" >
  <allocated-bytes non-tlh="443200" tlh="3258600" />
  <largest-consumer threadName="PmdThread 6" threadId="0000000001EB4900" bytes="3701800" />
</allocation-stats>
<gc-op id="2598" type="mark" timems="7.631" contextid="2595" timestamp="2019-09-21T19:37:35.437">
  <trace-info objectcount="376302" scancount="349341" scanbytes="11852144" />
  <finalization candidates="58" enqueued="0" />
  <ownableSynchronizers candidates="12" cleared="0" />
  <references type="soft" candidates="108" cleared="3" enqueued="0" dynamicThreshold="6" maxThreshold="32" />
  <references type="weak" candidates="899" cleared="1" enqueued="1" />
  <references type="phantom" candidates="113" cleared="1" enqueued="1" />
  <stringconstants candidates="5092" cleared="0"  />
</gc-op>
<gc-op id="2599" type="sweep" timems="0.942" contextid="2595" timestamp="2019-09-21T19:37:35.438" />
<mem-info id="2600" free="2908032" total="18939904" percent="15">
  <mem type="tenure" free="2908032" total="18939904" percent="15" micro-fragmented="361033" macro-fragmented="11016">
    <mem type="soa" free="2719616" total="18751488" percent="14" />
    <mem type="loa" free="188416" total="188416" percent="100" />
  </mem>
  <pending-finalizers system="0" default="0" reference="2" classloader="0" />
</mem-info>
<gc-op id="2601" type="compact" timems="74.549" contextid="2595" timestamp="2019-09-21T19:37:35.513">
  <compact-info movecount="338418" movebytes="12924944" reason="compact to aid heap contraction" />
</gc-op>
<heap-resize id="2602" type="expand" space="tenure" amount="65536" count="1" timems="0.017" reason="satisfy allocation request" timestamp="2019-09-21T19:37:35.514" />
<gc-end id="2603" type="global" contextid="2595" durationms="84.462" usertimems="100.000" systemtimems="0.000" timestamp="2019-09-21T19:37:35.514" activeThreads="8">
  <mem-info id="2604" free="3611104" total="19005440" percent="19">
    <mem type="tenure" free="3611104" total="19005440" percent="19">
      <mem type="soa" free="3421664" total="18816000" percent="18" />
      <mem type="loa" free="189440" total="189440" percent="100" />
    </mem>
    <pending-finalizers system="0" default="0" reference="2" classloader="0" />
  </mem-info>
</gc-end>
<cycle-end id="2605" type="global" contextid="2595" timestamp="2019-09-21T19:37:35.514" />
  <attribute name="elasticGC enabled" value="1" />
  <attribute name= "numThreadsSpecified" value="8" />
  <attribute name="heapSize specified" value="18939904" />
  <attribute name="Current GC Util" value="4" />
  <attribute name= "Current Time Running" value="12236" />
  <attribute name ="GC Interval" value="0" />
  <attribute name="Target GC Util Change" value ="40.000000" />
  <attribute name="Current GC Util Change" value="4.000000"/>
  <attribute name="Current Error" value="36.000000" />
  <attribute name="Output H" value="18977768"/>
  <attribute name="Output I" value="2024"/>
  <attribute name="Output T" value="8"/>
  <attribute name= "Current Time Running" value="12236" />
  <attribute name="GC Util currently" value="4" />
  <attribute name="CPU Util currently" value="30818162280" />
<allocation-satisfied id="2606" threadId="0000000001EB4900" bytesRequested="32" />
<af-end id="2607" timestamp="2019-09-21T19:37:35.514" threadId="0000000001EB5288" success="true" />
<exclusive-end id="2608" timestamp="2019-09-21T19:37:35.514" durationms="85.361" />

<exclusive-start id="2609" timestamp="2019-09-21T19:37:35.524" intervalms="94.523">
  <response-info timems="0.085" idlems="0.085" threads="0" lastid="0000000001EB4900" lastname="PmdThread 6" />
</exclusive-start>
<af-start id="2610" threadId="0000000001EB5288" totalBytesRequested="32" timestamp="2019-09-21T19:37:35.524" intervalms="94.583" />
<cycle-start id="2611" type="global" contextid="0" timestamp="2019-09-21T19:37:35.524" intervalms="94.616" />
<gc-start id="2612" type="global" contextid="2611" timestamp="2019-09-21T19:37:35.524">
  <mem-info id="2613" free="189440" total="19005440" percent="0">
    <mem type="tenure" free="189440" total="19005440" percent="0">
      <mem type="soa" free="0" total="18816000" percent="0" />
      <mem type="loa" free="189440" total="189440" percent="100" />
    </mem>
  </mem-info>
</gc-start>
<allocation-stats totalBytes="3485032" >
  <allocated-bytes non-tlh="0" tlh="3485032" />
  <largest-consumer threadName="PmdThread 6" threadId="0000000001EB4900" bytes="3485032" />
</allocation-stats>
<gc-op id="2614" type="mark" timems="7.575" contextid="2611" timestamp="2019-09-21T19:37:35.532">
  <trace-info objectcount="375561" scancount="349103" scanbytes="11837476" />
  <finalization candidates="58" enqueued="0" />
  <ownableSynchronizers candidates="12" cleared="0" />
  <references type="soft" candidates="105" cleared="0" enqueued="0" dynamicThreshold="6" maxThreshold="32" />
  <references type="weak" candidates="1072" cleared="174" enqueued="174" />
  <references type="phantom" candidates="116" cleared="4" enqueued="4" />
  <stringconstants candidates="5092" cleared="0"  />
</gc-op>
<gc-op id="2615" type="sweep" timems="0.653" contextid="2611" timestamp="2019-09-21T19:37:35.533" />
<mem-info id="2616" free="3876792" total="19005440" percent="20">
  <mem type="tenure" free="3876792" total="19005440" percent="20" micro-fragmented="2821" macro-fragmented="1250136">
    <mem type="soa" free="3687352" total="18816000" percent="19" />
    <mem type="loa" free="189440" total="189440" percent="100" />
  </mem>
  <pending-finalizers system="0" default="0" reference="178" classloader="0" />
</mem-info>
<gc-op id="2617" type="compact" timems="66.691" contextid="2611" timestamp="2019-09-21T19:37:35.600">
  <compact-info movecount="286923" movebytes="11115400" reason="compact to aid heap contraction" />
</gc-op>
<heap-resize id="2618" type="expand" space="tenure" amount="65536" count="1" timems="0.016" reason="satisfy allocation request" timestamp="2019-09-21T19:37:35.600" />
<gc-end id="2619" type="global" contextid="2611" durationms="76.270" usertimems="108.000" systemtimems="0.000" timestamp="2019-09-21T19:37:35.600" activeThreads="8">
  <mem-info id="2620" free="3883960" total="19070976" percent="20">
    <mem type="tenure" free="3883960" total="19070976" percent="20">
      <mem type="soa" free="3693496" total="18880512" percent="19" />
      <mem type="loa" free="190464" total="190464" percent="100" />
    </mem>
    <pending-finalizers system="0" default="0" reference="178" classloader="0" />
  </mem-info>
</gc-end>
<cycle-end id="2621" type="global" contextid="2611" timestamp="2019-09-21T19:37:35.600" />
  <attribute name="elasticGC enabled" value="1" />
  <attribute name= "numThreadsSpecified" value="8" />
  <attribute name="heapSize specified" value="19005440" />
  <attribute name="Current GC Util" value="4" />
  <attribute name= "Current Time Running" value="12322" />
  <attribute name ="GC Interval" value="0" />
  <attribute name="Target GC Util Change" value ="40.000000" />
  <attribute name="Current GC Util Change" value="4.000000"/>
  <attribute name="Current Error" value="-789.000000" />
  <attribute name="Output H" value="19042832"/>
  <attribute name="Output I" value="1552"/>
  <attribute name="Output T" value="8"/>
  <attribute name= "Current Time Running" value="12322" />
  <attribute name="GC Util currently" value="4" />
  <attribute name="CPU Util currently" value="34451425250" />
<allocation-satisfied id="2622" threadId="0000000001EB4900" bytesRequested="32" />
<af-end id="2623" timestamp="2019-09-21T19:37:35.601" threadId="0000000001EB5288" success="true" />
<exclusive-end id="2624" timestamp="2019-09-21T19:37:35.601" durationms="77.310" />

<exclusive-start id="2625" timestamp="2019-09-21T19:37:35.611" intervalms="87.868">
  <response-info timems="0.158" idlems="0.090" threads="1" lastid="0000000001BAA600" lastname="JIT Compilation Thread-4" />
</exclusive-start>
<af-start id="2626" threadId="0000000001EB7788" totalBytesRequested="16392" timestamp="2019-09-21T19:37:35.612" intervalms="87.833" />
<cycle-start id="2627" type="global" contextid="0" timestamp="2019-09-21T19:37:35.612" intervalms="87.814" />
<gc-start id="2628" type="global" contextid="2627" timestamp="2019-09-21T19:37:35.612">
  <mem-info id="2629" free="205720" total="19070976" percent="1">
    <mem type="tenure" free="205720" total="19070976" percent="1">
      <mem type="soa" free="15256" total="18880512" percent="0" />
      <mem type="loa" free="190464" total="190464" percent="100" />
    </mem>
  </mem-info>
</gc-start>
<allocation-stats totalBytes="3739960" >
  <allocated-bytes non-tlh="40992" tlh="3698968" />
  <largest-consumer threadName="PmdThread 6" threadId="0000000001EB4900" bytes="3633648" />
</allocation-stats>
<gc-op id="2630" type="mark" timems="7.495" contextid="2627" timestamp="2019-09-21T19:37:35.619">
  <trace-info objectcount="375609" scancount="349311" scanbytes="11843608" />
  <finalization candidates="58" enqueued="0" />
  <ownableSynchronizers candidates="12" cleared="0" />
  <references type="soft" candidates="105" cleared="2" enqueued="0" dynamicThreshold="6" maxThreshold="32" />
  <references type="weak" candidates="1161" cleared="261" enqueued="261" />
  <references type="phantom" candidates="113" cleared="0" enqueued="0" />
  <stringconstants candidates="5092" cleared="0"  />
</gc-op>
<gc-op id="2631" type="sweep" timems="0.739" contextid="2627" timestamp="2019-09-21T19:37:35.620" />
<mem-info id="2632" free="3891696" total="19070976" percent="20">
  <mem type="tenure" free="3891696" total="19070976" percent="20" micro-fragmented="6668" macro-fragmented="0">
    <mem type="soa" free="3701232" total="18880512" percent="19" />
    <mem type="loa" free="190464" total="190464" percent="100" />
  </mem>
  <pending-finalizers system="0" default="0" reference="261" classloader="0" />
</mem-info>
<gc-op id="2633" type="compact" timems="77.421" contextid="2627" timestamp="2019-09-21T19:37:35.698">
  <compact-info movecount="359722" movebytes="14463552" reason="compact to aid heap contraction" />
</gc-op>
<heap-resize id="2634" type="expand" space="tenure" amount="65536" count="1" timems="0.019" reason="satisfy allocation request" timestamp="2019-09-21T19:37:35.698" />
<gc-end id="2635" type="global" contextid="2627" durationms="87.025" usertimems="96.000" systemtimems="8.000" timestamp="2019-09-21T19:37:35.699" activeThreads="8">
  <mem-info id="2636" free="3958560" total="19136512" percent="20">
    <mem type="tenure" free="3958560" total="19136512" percent="20">
      <mem type="soa" free="3768096" total="18946048" percent="19" />
      <mem type="loa" free="190464" total="190464" percent="100" />
    </mem>
    <pending-finalizers system="0" default="0" reference="261" classloader="0" />
  </mem-info>
</gc-end>
<cycle-end id="2637" type="global" contextid="2627" timestamp="2019-09-21T19:37:35.699" />
  <attribute name="elasticGC enabled" value="1" />
  <attribute name= "numThreadsSpecified" value="8" />
  <attribute name="heapSize specified" value="19070976" />
  <attribute name="Current GC Util" value="7" />
  <attribute name= "Current Time Running" value="12421" />
  <attribute name ="GC Interval" value="0" />
  <attribute name="Target GC Util Change" value ="40.000000" />
  <attribute name="Current GC Util Change" value="7.000000"/>
  <attribute name="Current Error" value="-162.000000" />
  <attribute name="Output H" value="19108728"/>
  <attribute name="Output I" value="1912"/>
  <attribute name="Output T" value="8"/>
  <attribute name= "Current Time Running" value="12421" />
  <attribute name="GC Util currently" value="7" />
  <attribute name="CPU Util currently" value="29675239544" />
<allocation-satisfied id="2638" threadId="0000000001EB6E00" bytesRequested="16392" />
<af-end id="2639" timestamp="2019-09-21T19:37:35.700" threadId="0000000001EB7788" success="true" />
<exclusive-end id="2640" timestamp="2019-09-21T19:37:35.700" durationms="88.313" />

<exclusive-start id="2641" timestamp="2019-09-21T19:37:35.706" intervalms="94.477">
  <response-info timems="0.061" idlems="0.061" threads="0" lastid="0000000001EB4900" lastname="PmdThread 6" />
</exclusive-start>
<af-start id="2642" threadId="0000000001EB5288" totalBytesRequested="664" timestamp="2019-09-21T19:37:35.706" intervalms="94.468" />
<cycle-start id="2643" type="global" contextid="0" timestamp="2019-09-21T19:37:35.706" intervalms="94.446" />
<gc-start id="2644" type="global" contextid="2643" timestamp="2019-09-21T19:37:35.706">
  <mem-info id="2645" free="190464" total="19136512" percent="0">
    <mem type="tenure" free="190464" total="19136512" percent="0">
      <mem type="soa" free="0" total="18946048" percent="0" />
      <mem type="loa" free="190464" total="190464" percent="100" />
    </mem>
  </mem-info>
</gc-start>
<allocation-stats totalBytes="3781184" >
  <allocated-bytes non-tlh="254960" tlh="3526224" />
  <largest-consumer threadName="PmdThread 5" threadId="0000000001EB3E00" bytes="966904" />
</allocation-stats>
<gc-op id="2646" type="mark" timems="10.339" contextid="2643" timestamp="2019-09-21T19:37:35.717">
  <trace-info objectcount="384134" scancount="357258" scanbytes="12126764" />
  <finalization candidates="58" enqueued="0" />
  <ownableSynchronizers candidates="12" cleared="0" />
  <references type="soft" candidates="108" cleared="0" enqueued="0" dynamicThreshold="6" maxThreshold="32" />
  <references type="weak" candidates="1101" cleared="203" enqueued="203" />
  <references type="phantom" candidates="119" cleared="6" enqueued="6" />
  <stringconstants candidates="5098" cleared="0"  />
</gc-op>
<gc-op id="2647" type="sweep" timems="1.259" contextid="2643" timestamp="2019-09-21T19:37:35.718" />
<mem-info id="2648" free="2721616" total="19136512" percent="14">
  <mem type="tenure" free="2721616" total="19136512" percent="14" micro-fragmented="454863" macro-fragmented="0">
    <mem type="soa" free="2531152" total="18946048" percent="13" />
    <mem type="loa" free="190464" total="190464" percent="100" />
  </mem>
  <pending-finalizers system="0" default="0" reference="209" classloader="0" />
</mem-info>
<gc-op id="2649" type="compact" timems="78.020" contextid="2643" timestamp="2019-09-21T19:37:35.796">
  <compact-info movecount="365164" movebytes="14555192" reason="compact to aid heap contraction" />
</gc-op>
<heap-resize id="2650" type="expand" space="tenure" amount="65536" count="1" timems="0.020" reason="satisfy allocation request" timestamp="2019-09-21T19:37:35.797" />
<gc-end id="2651" type="global" contextid="2643" durationms="90.820" usertimems="100.000" systemtimems="4.000" timestamp="2019-09-21T19:37:35.797" activeThreads="8">
  <mem-info id="2652" free="3342088" total="19202048" percent="17">
    <mem type="tenure" free="3342088" total="19202048" percent="17">
      <mem type="soa" free="3150600" total="19010560" percent="16" />
      <mem type="loa" free="191488" total="191488" percent="100" />
    </mem>
    <pending-finalizers system="0" default="0" reference="209" classloader="0" />
  </mem-info>
</gc-end>
<cycle-end id="2653" type="global" contextid="2643" timestamp="2019-09-21T19:37:35.797" />
  <attribute name="elasticGC enabled" value="1" />
  <attribute name= "numThreadsSpecified" value="8" />
  <attribute name="heapSize specified" value="19136512" />
  <attribute name="Current GC Util" value="5" />
  <attribute name= "Current Time Running" value="12519" />
  <attribute name ="GC Interval" value="0" />
  <attribute name="Target GC Util Change" value ="40.000000" />
  <attribute name="Current GC Util Change" value="5.000000"/>
  <attribute name="Current Error" value="35.000000" />
  <attribute name="Output H" value="19174376"/>
  <attribute name="Output I" value="2024"/>
  <attribute name="Output T" value="8"/>
  <attribute name= "Current Time Running" value="12519" />
  <attribute name="GC Util currently" value="5" />
  <attribute name="CPU Util currently" value="29468042471" />
<allocation-satisfied id="2654" threadId="0000000001EB4900" bytesRequested="664" />
<af-end id="2655" timestamp="2019-09-21T19:37:35.797" threadId="0000000001EB5288" success="true" />
<exclusive-end id="2656" timestamp="2019-09-21T19:37:35.798" durationms="91.755" />

<exclusive-start id="2657" timestamp="2019-09-21T19:37:35.803" intervalms="97.145">
  <response-info timems="0.071" idlems="0.071" threads="0" lastid="0000000001EB4900" lastname="PmdThread 6" />
</exclusive-start>
<af-start id="2658" threadId="0000000001EB5288" totalBytesRequested="40" timestamp="2019-09-21T19:37:35.803" intervalms="97.288" />
<cycle-start id="2659" type="global" contextid="0" timestamp="2019-09-21T19:37:35.803" intervalms="97.345" />
<gc-start id="2660" type="global" contextid="2659" timestamp="2019-09-21T19:37:35.803">
  <mem-info id="2661" free="191488" total="19202048" percent="0">
    <mem type="tenure" free="191488" total="19202048" percent="0">
      <mem type="soa" free="0" total="19010560" percent="0" />
      <mem type="loa" free="191488" total="191488" percent="100" />
    </mem>
  </mem-info>
</gc-start>
<allocation-stats totalBytes="3196928" >
  <allocated-bytes non-tlh="72" tlh="3196856" />
  <largest-consumer threadName="PmdThread 6" threadId="0000000001EB4900" bytes="1158736" />
</allocation-stats>
<gc-op id="2662" type="mark" timems="8.487" contextid="2659" timestamp="2019-09-21T19:37:35.812">
  <trace-info objectcount="345983" scancount="321547" scanbytes="10860584" />
  <finalization candidates="58" enqueued="0" />
  <ownableSynchronizers candidates="12" cleared="0" />
  <references type="soft" candidates="109" cleared="0" enqueued="0" dynamicThreshold="5" maxThreshold="32" />
  <references type="weak" candidates="1105" cleared="206" enqueued="206" />
  <references type="phantom" candidates="115" cleared="1" enqueued="1" />
  <stringconstants candidates="5099" cleared="0"  />
</gc-op>
<gc-op id="2663" type="sweep" timems="0.592" contextid="2659" timestamp="2019-09-21T19:37:35.813" />
<mem-info id="2664" free="5052128" total="19202048" percent="26">
  <mem type="tenure" free="5052128" total="19202048" percent="26" micro-fragmented="24782" macro-fragmented="0">
    <mem type="soa" free="4860640" total="19010560" percent="25" />
    <mem type="loa" free="191488" total="191488" percent="100" />
  </mem>
  <pending-finalizers system="0" default="0" reference="207" classloader="0" />
</mem-info>
<gc-op id="2665" type="compact" timems="67.956" contextid="2659" timestamp="2019-09-21T19:37:35.881">
  <compact-info movecount="327009" movebytes="12837952" reason="compact to aid heap contraction" />
</gc-op>
<heap-resize id="2666" type="expand" space="tenure" amount="65536" count="1" timems="0.018" reason="satisfy allocation request" timestamp="2019-09-21T19:37:35.882" />
<gc-end id="2667" type="global" contextid="2659" durationms="78.318" usertimems="88.000" systemtimems="4.000" timestamp="2019-09-21T19:37:35.882" activeThreads="8">
  <mem-info id="2668" free="5116488" total="19267584" percent="26">
    <mem type="tenure" free="5116488" total="19267584" percent="26">
      <mem type="soa" free="4923976" total="19075072" percent="25" />
      <mem type="loa" free="192512" total="192512" percent="100" />
    </mem>
    <pending-finalizers system="0" default="0" reference="207" classloader="0" />
  </mem-info>
</gc-end>
<cycle-end id="2669" type="global" contextid="2659" timestamp="2019-09-21T19:37:35.882" />
  <attribute name="elasticGC enabled" value="1" />
  <attribute name= "numThreadsSpecified" value="8" />
  <attribute name="heapSize specified" value="19202048" />
  <attribute name="Current GC Util" value="3" />
  <attribute name= "Current Time Running" value="12604" />
  <attribute name ="GC Interval" value="0" />
  <attribute name="Target GC Util Change" value ="40.000000" />
  <attribute name="Current GC Util Change" value="3.000000"/>
  <attribute name="Current Error" value="-1197.000000" />
  <attribute name="Output H" value="19239200"/>
  <attribute name="Output I" value="1312"/>
  <attribute name="Output T" value="8"/>
  <attribute name= "Current Time Running" value="12604" />
  <attribute name="GC Util currently" value="3" />
  <attribute name="CPU Util currently" value="33817205749" />
<allocation-satisfied id="2670" threadId="0000000001EB4900" bytesRequested="40" />
<af-end id="2671" timestamp="2019-09-21T19:37:35.882" threadId="0000000001EB5288" success="true" />
<exclusive-end id="2672" timestamp="2019-09-21T19:37:35.882" durationms="79.324" />

<exclusive-start id="2673" timestamp="2019-09-21T19:37:35.888" intervalms="85.058">
  <response-info timems="0.053" idlems="0.029" threads="1" lastid="0000000001EB3E00" lastname="PmdThread 5" />
</exclusive-start>
<af-start id="2674" threadId="0000000001EB7788" totalBytesRequested="40" timestamp="2019-09-21T19:37:35.888" intervalms="84.880" />
<cycle-start id="2675" type="global" contextid="0" timestamp="2019-09-21T19:37:35.888" intervalms="84.860" />
<gc-start id="2676" type="global" contextid="2675" timestamp="2019-09-21T19:37:35.888">
  <mem-info id="2677" free="192512" total="19267584" percent="0">
    <mem type="tenure" free="192512" total="19267584" percent="0">
      <mem type="soa" free="0" total="19075072" percent="0" />
      <mem type="loa" free="192512" total="192512" percent="100" />
    </mem>
  </mem-info>
</gc-start>
<allocation-stats totalBytes="4981400" >
  <allocated-bytes non-tlh="408" tlh="4980992" />
  <largest-consumer threadName="PmdThread 6" threadId="0000000001EB4900" bytes="899728" />
</allocation-stats>
<gc-op id="2678" type="mark" timems="8.078" contextid="2675" timestamp="2019-09-21T19:37:35.897">
  <trace-info objectcount="362044" scancount="335957" scanbytes="11369784" />
  <finalization candidates="58" enqueued="0" />
  <ownableSynchronizers candidates="12" cleared="0" />
  <references type="soft" candidates="109" cleared="0" enqueued="0" dynamicThreshold="8" maxThreshold="32" />
  <references type="weak" candidates="1145" cleared="247" enqueued="247" />
  <references type="phantom" candidates="121" cleared="8" enqueued="8" />
  <stringconstants candidates="5101" cleared="0"  />
</gc-op>
<gc-op id="2679" type="sweep" timems="1.895" contextid="2675" timestamp="2019-09-21T19:37:35.899" />
<mem-info id="2680" free="3416160" total="19267584" percent="17">
  <mem type="tenure" free="3416160" total="19267584" percent="17" micro-fragmented="573182" macro-fragmented="0">
    <mem type="soa" free="3223648" total="19075072" percent="16" />
    <mem type="loa" free="192512" total="192512" percent="100" />
  </mem>
  <pending-finalizers system="0" default="0" reference="255" classloader="0" />
</mem-info>
<gc-op id="2681" type="compact" timems="74.831" contextid="2675" timestamp="2019-09-21T19:37:35.974">
  <compact-info movecount="343074" movebytes="13724472" reason="compact to aid heap contraction" />
</gc-op>
<heap-resize id="2682" type="expand" space="tenure" amount="65536" count="1" timems="0.020" reason="satisfy allocation request" timestamp="2019-09-21T19:37:35.975" />
<gc-end id="2683" type="global" contextid="2675" durationms="86.985" usertimems="88.000" systemtimems="16.000" timestamp="2019-09-21T19:37:35.975" activeThreads="8">
  <mem-info id="2684" free="4307976" total="19333120" percent="22">
    <mem type="tenure" free="4307976" total="19333120" percent="22">
      <mem type="soa" free="4115464" total="19140608" percent="21" />
      <mem type="loa" free="192512" total="192512" percent="100" />
    </mem>
    <pending-finalizers system="0" default="0" reference="255" classloader="0" />
  </mem-info>
</gc-end>
<cycle-end id="2685" type="global" contextid="2675" timestamp="2019-09-21T19:37:35.976" />
  <attribute name="elasticGC enabled" value="1" />
  <attribute name= "numThreadsSpecified" value="8" />
  <attribute name="heapSize specified" value="19267584" />
  <attribute name="Current GC Util" value="95" />
  <attribute name= "Current Time Running" value="12697" />
  <attribute name ="GC Interval" value="0" />
  <attribute name="Target GC Util Change" value ="40.000000" />
  <attribute name="Current GC Util Change" value="95.000000"/>
  <attribute name="Current Error" value="-338.000000" />
  <attribute name="Output H" value="19305232"/>
  <attribute name="Output I" value="1808"/>
  <attribute name="Output T" value="8"/>
  <attribute name= "Current Time Running" value="12697" />
  <attribute name="GC Util currently" value="95" />
  <attribute name="CPU Util currently" value="30714748501" />
<allocation-satisfied id="2686" threadId="0000000001EB6E00" bytesRequested="40" />
<af-end id="2687" timestamp="2019-09-21T19:37:35.976" threadId="0000000001EB7788" success="true" />
<exclusive-end id="2688" timestamp="2019-09-21T19:37:35.976" durationms="87.885" />

<exclusive-start id="2689" timestamp="2019-09-21T19:37:35.981" intervalms="93.299">
  <response-info timems="0.196" idlems="0.120" threads="2" lastid="0000000001B9F200" lastname="JIT Compilation Thread-1" />
</exclusive-start>
<af-start id="2690" threadId="0000000001EBF388" totalBytesRequested="88" timestamp="2019-09-21T19:37:35.981" intervalms="93.292" />
<cycle-start id="2691" type="global" contextid="0" timestamp="2019-09-21T19:37:35.982" intervalms="93.349" />
<gc-start id="2692" type="global" contextid="2691" timestamp="2019-09-21T19:37:35.982">
  <mem-info id="2693" free="192512" total="19333120" percent="0">
    <mem type="tenure" free="192512" total="19333120" percent="0">
      <mem type="soa" free="0" total="19140608" percent="0" />
      <mem type="loa" free="192512" total="192512" percent="100" />
    </mem>
  </mem-info>
</gc-start>
<allocation-stats totalBytes="4152704" >
  <allocated-bytes non-tlh="480" tlh="4152224" />
  <largest-consumer threadName="PmdThread 5" threadId="0000000001EB3E00" bytes="1280224" />
</allocation-stats>
<gc-op id="2694" type="mark" timems="11.930" contextid="2691" timestamp="2019-09-21T19:37:35.994">
  <trace-info objectcount="368937" scancount="342165" scanbytes="11595656" />
  <finalization candidates="58" enqueued="0" />
  <ownableSynchronizers candidates="12" cleared="0" />
  <references type="soft" candidates="109" cleared="0" enqueued="0" dynamicThreshold="7" maxThreshold="32" />
  <references type="weak" candidates="1107" cleared="209" enqueued="209" />
  <references type="phantom" candidates="117" cleared="2" enqueued="2" />
  <stringconstants candidates="5104" cleared="0"  />
</gc-op>
<gc-op id="2695" type="sweep" timems="0.563" contextid="2691" timestamp="2019-09-21T19:37:35.995" />
<mem-info id="2696" free="3406856" total="19333120" percent="17">
  <mem type="tenure" free="3406856" total="19333120" percent="17" micro-fragmented="429015" macro-fragmented="0">
    <mem type="soa" free="3214344" total="19140608" percent="16" />
    <mem type="loa" free="192512" total="192512" percent="100" />
  </mem>
  <pending-finalizers system="0" default="0" reference="211" classloader="0" />
</mem-info>
<gc-op id="2697" type="compact" timems="73.894" contextid="2691" timestamp="2019-09-21T19:37:36.069">
  <compact-info movecount="349971" movebytes="14137512" reason="compact to aid heap contraction" />
</gc-op>
<heap-resize id="2698" type="expand" space="tenure" amount="65536" count="1" timems="0.018" reason="satisfy allocation request" timestamp="2019-09-21T19:37:36.069" />
<gc-end id="2699" type="global" contextid="2691" durationms="87.719" usertimems="96.000" systemtimems="4.000" timestamp="2019-09-21T19:37:36.069" activeThreads="8">
  <mem-info id="2700" free="4009744" total="19398656" percent="20">
    <mem type="tenure" free="4009744" total="19398656" percent="20">
      <mem type="soa" free="3816208" total="19205120" percent="19" />
      <mem type="loa" free="193536" total="193536" percent="100" />
    </mem>
    <pending-finalizers system="0" default="0" reference="211" classloader="0" />
  </mem-info>
</gc-end>
<cycle-end id="2701" type="global" contextid="2691" timestamp="2019-09-21T19:37:36.070" />
  <attribute name="elasticGC enabled" value="1" />
  <attribute name= "numThreadsSpecified" value="8" />
  <attribute name="heapSize specified" value="19333120" />
  <attribute name="Current GC Util" value="4" />
  <attribute name= "Current Time Running" value="12792" />
  <attribute name ="GC Interval" value="0" />
  <attribute name="Target GC Util Change" value ="40.000000" />
  <attribute name="Current GC Util Change" value="4.000000"/>
  <attribute name="Current Error" value="36.000000" />
  <attribute name="Output H" value="19370984"/>
  <attribute name="Output I" value="2024"/>
  <attribute name="Output T" value="8"/>
  <attribute name= "Current Time Running" value="12792" />
  <attribute name="GC Util currently" value="4" />
  <attribute name="CPU Util currently" value="31115133858" />
<allocation-satisfied id="2702" threadId="0000000001EBEA00" bytesRequested="88" />
<af-end id="2703" timestamp="2019-09-21T19:37:36.070" threadId="0000000001EBF388" success="true" />
<exclusive-end id="2704" timestamp="2019-09-21T19:37:36.070" durationms="88.505" />

<exclusive-start id="2705" timestamp="2019-09-21T19:37:36.080" intervalms="98.787">
  <response-info timems="0.048" idlems="0.048" threads="0" lastid="0000000001EB3200" lastname="PmdThread 1" />
</exclusive-start>
<af-start id="2706" threadId="0000000001EB3B88" totalBytesRequested="760" timestamp="2019-09-21T19:37:36.080" intervalms="98.802" />
<cycle-start id="2707" type="global" contextid="0" timestamp="2019-09-21T19:37:36.080" intervalms="98.715" />
<gc-start id="2708" type="global" contextid="2707" timestamp="2019-09-21T19:37:36.080">
  <mem-info id="2709" free="193536" total="19398656" percent="0">
    <mem type="tenure" free="193536" total="19398656" percent="0">
      <mem type="soa" free="0" total="19205120" percent="0" />
      <mem type="loa" free="193536" total="193536" percent="100" />
    </mem>
  </mem-info>
</gc-start>
<allocation-stats totalBytes="3814016" >
  <allocated-bytes non-tlh="2888" tlh="3811128" />
  <largest-consumer threadName="PmdThread 4" threadId="0000000001EC2600" bytes="986920" />
</allocation-stats>
<gc-op id="2710" type="mark" timems="7.540" contextid="2707" timestamp="2019-09-21T19:37:36.088">
  <trace-info objectcount="376435" scancount="349332" scanbytes="11830196" />
  <finalization candidates="58" enqueued="0" />
  <ownableSynchronizers candidates="12" cleared="0" />
  <references type="soft" candidates="109" cleared="1" enqueued="0" dynamicThreshold="6" maxThreshold="32" />
  <references type="weak" candidates="954" cleared="56" enqueued="56" />
  <references type="phantom" candidates="120" cleared="8" enqueued="8" />
  <stringconstants candidates="5119" cleared="0"  />
</gc-op>
<gc-op id="2711" type="sweep" timems="1.182" contextid="2707" timestamp="2019-09-21T19:37:36.089" />
<mem-info id="2712" free="3159328" total="19398656" percent="16">
  <mem type="tenure" free="3159328" total="19398656" percent="16" micro-fragmented="281217" macro-fragmented="0">
    <mem type="soa" free="2965792" total="19205120" percent="15" />
    <mem type="loa" free="193536" total="193536" percent="100" />
  </mem>
  <pending-finalizers system="0" default="0" reference="64" classloader="0" />
</mem-info>
<gc-op id="2713" type="compact" timems="76.659" contextid="2707" timestamp="2019-09-21T19:37:36.166">
  <compact-info movecount="357469" movebytes="14420152" reason="compact to aid heap contraction" />
</gc-op>
<heap-resize id="2714" type="expand" space="tenure" amount="65536" count="1" timems="0.021" reason="satisfy allocation request" timestamp="2019-09-21T19:37:36.167" />
<gc-end id="2715" type="global" contextid="2707" durationms="86.776" usertimems="92.000" systemtimems="16.000" timestamp="2019-09-21T19:37:36.167" activeThreads="8">
  <mem-info id="2716" free="3755864" total="19464192" percent="19">
    <mem type="tenure" free="3755864" total="19464192" percent="19">
      <mem type="soa" free="3561304" total="19269632" percent="18" />
      <mem type="loa" free="194560" total="194560" percent="100" />
    </mem>
    <pending-finalizers system="0" default="0" reference="64" classloader="0" />
  </mem-info>
</gc-end>
<cycle-end id="2717" type="global" contextid="2707" timestamp="2019-09-21T19:37:36.167" />
  <attribute name="elasticGC enabled" value="1" />
  <attribute name= "numThreadsSpecified" value="8" />
  <attribute name="heapSize specified" value="19398656" />
  <attribute name="Current GC Util" value="95" />
  <attribute name= "Current Time Running" value="12889" />
  <attribute name ="GC Interval" value="0" />
  <attribute name="Target GC Util Change" value ="40.000000" />
  <attribute name="Current GC Util Change" value="95.000000"/>
  <attribute name="Current Error" value="-907.000000" />
  <attribute name="Output H" value="19435976"/>
  <attribute name="Output I" value="1480"/>
  <attribute name="Output T" value="8"/>
  <attribute name= "Current Time Running" value="12889" />
  <attribute name="GC Util currently" value="95" />
  <attribute name="CPU Util currently" value="30016809719" />
<allocation-satisfied id="2718" threadId="0000000001EB3200" bytesRequested="760" />
<af-end id="2719" timestamp="2019-09-21T19:37:36.168" threadId="0000000001EB3B88" success="true" />
<exclusive-end id="2720" timestamp="2019-09-21T19:37:36.168" durationms="87.438" />

<exclusive-start id="2721" timestamp="2019-09-21T19:37:36.175" intervalms="95.077">
  <response-info timems="0.050" idlems="0.050" threads="0" lastid="0000000001EB5500" lastname="PmdThread 7" />
</exclusive-start>
<af-start id="2722" threadId="0000000001EB5E88" totalBytesRequested="72" timestamp="2019-09-21T19:37:36.175" intervalms="95.068" />
<cycle-start id="2723" type="global" contextid="0" timestamp="2019-09-21T19:37:36.175" intervalms="95.062" />
<gc-start id="2724" type="global" contextid="2723" timestamp="2019-09-21T19:37:36.175">
  <mem-info id="2725" free="194560" total="19464192" percent="0">
    <mem type="tenure" free="194560" total="19464192" percent="0">
      <mem type="soa" free="0" total="19269632" percent="0" />
      <mem type="loa" free="194560" total="194560" percent="100" />
    </mem>
  </mem-info>
</gc-start>
<allocation-stats totalBytes="3591672" >
  <allocated-bytes non-tlh="352" tlh="3591320" />
  <largest-consumer threadName="PmdThread 8" threadId="0000000001EB6000" bytes="1080072" />
</allocation-stats>
<gc-op id="2726" type="mark" timems="8.786" contextid="2723" timestamp="2019-09-21T19:37:36.184">
  <trace-info objectcount="374612" scancount="347673" scanbytes="11770732" />
  <finalization candidates="58" enqueued="0" />
  <ownableSynchronizers candidates="12" cleared="0" />
  <references type="soft" candidates="109" cleared="0" enqueued="0" dynamicThreshold="6" maxThreshold="32" />
  <references type="weak" candidates="1092" cleared="194" enqueued="194" />
  <references type="phantom" candidates="119" cleared="6" enqueued="6" />
  <stringconstants candidates="5121" cleared="0"  />
</gc-op>
<gc-op id="2727" type="sweep" timems="0.935" contextid="2723" timestamp="2019-09-21T19:37:36.186" />
<mem-info id="2728" free="3727584" total="19464192" percent="19">
  <mem type="tenure" free="3727584" total="19464192" percent="19" micro-fragmented="27543" macro-fragmented="0">
    <mem type="soa" free="3533024" total="19269632" percent="18" />
    <mem type="loa" free="194560" total="194560" percent="100" />
  </mem>
  <pending-finalizers system="0" default="0" reference="200" classloader="0" />
</mem-info>
<gc-op id="2729" type="compact" timems="76.272" contextid="2723" timestamp="2019-09-21T19:37:36.262">
  <compact-info movecount="355638" movebytes="14400640" reason="compact to aid heap contraction" />
</gc-op>
<heap-resize id="2730" type="expand" space="tenure" amount="65536" count="1" timems="0.029" reason="satisfy allocation request" timestamp="2019-09-21T19:37:36.262" />
<gc-end id="2731" type="global" contextid="2723" durationms="87.157" usertimems="88.000" systemtimems="16.000" timestamp="2019-09-21T19:37:36.263" activeThreads="8">
  <mem-info id="2732" free="3848736" total="19529728" percent="19">
    <mem type="tenure" free="3848736" total="19529728" percent="19">
      <mem type="soa" free="3654176" total="19335168" percent="18" />
      <mem type="loa" free="194560" total="194560" percent="100" />
    </mem>
    <pending-finalizers system="0" default="0" reference="200" classloader="0" />
  </mem-info>
</gc-end>
<cycle-end id="2733" type="global" contextid="2723" timestamp="2019-09-21T19:37:36.263" />
  <attribute name="elasticGC enabled" value="1" />
  <attribute name= "numThreadsSpecified" value="8" />
  <attribute name="heapSize specified" value="19464192" />
  <attribute name="Current GC Util" value="6" />
  <attribute name= "Current Time Running" value="12985" />
  <attribute name ="GC Interval" value="0" />
  <attribute name="Target GC Util Change" value ="40.000000" />
  <attribute name="Current GC Util Change" value="6.000000"/>
  <attribute name="Current Error" value="-202.000000" />
  <attribute name="Output H" value="19501920"/>
  <attribute name="Output I" value="1888"/>
  <attribute name="Output T" value="8"/>
  <attribute name= "Current Time Running" value="12985" />
  <attribute name="GC Util currently" value="6" />
  <attribute name="CPU Util currently" value="30147873693" />
<allocation-satisfied id="2734" threadId="0000000001EB5500" bytesRequested="72" />
<af-end id="2735" timestamp="2019-09-21T19:37:36.263" threadId="0000000001EB5E88" success="true" />
<exclusive-end id="2736" timestamp="2019-09-21T19:37:36.263" durationms="87.823" />

<exclusive-start id="2737" timestamp="2019-09-21T19:37:36.268" intervalms="92.567">
  <response-info timems="0.042" idlems="0.042" threads="0" lastid="0000000001EB3200" lastname="PmdThread 1" />
</exclusive-start>
<af-start id="2738" threadId="0000000001EB3B88" totalBytesRequested="64" timestamp="2019-09-21T19:37:36.268" intervalms="92.616" />
<cycle-start id="2739" type="global" contextid="0" timestamp="2019-09-21T19:37:36.268" intervalms="92.682" />
<gc-start id="2740" type="global" contextid="2739" timestamp="2019-09-21T19:37:36.268">
  <mem-info id="2741" free="194560" total="19529728" percent="0">
    <mem type="tenure" free="194560" total="19529728" percent="0">
      <mem type="soa" free="0" total="19335168" percent="0" />
      <mem type="loa" free="194560" total="194560" percent="100" />
    </mem>
  </mem-info>
</gc-start>
<allocation-stats totalBytes="3680840" >
  <allocated-bytes non-tlh="184" tlh="3680656" />
  <largest-consumer threadName="PmdThread 1" threadId="0000000001EB3200" bytes="1167016" />
</allocation-stats>
<gc-op id="2742" type="mark" timems="7.570" contextid="2739" timestamp="2019-09-21T19:37:36.276">
  <trace-info objectcount="384981" scancount="356993" scanbytes="12107904" />
  <finalization candidates="58" enqueued="0" />
  <ownableSynchronizers candidates="12" cleared="0" />
  <references type="soft" candidates="109" cleared="0" enqueued="0" dynamicThreshold="6" maxThreshold="32" />
  <references type="weak" candidates="957" cleared="58" enqueued="58" />
  <references type="phantom" candidates="115" cleared="0" enqueued="0" />
  <stringconstants candidates="5122" cleared="0"  />
</gc-op>
<gc-op id="2743" type="sweep" timems="0.970" contextid="2739" timestamp="2019-09-21T19:37:36.277" />
<mem-info id="2744" free="2873848" total="19529728" percent="14">
  <mem type="tenure" free="2873848" total="19529728" percent="14" micro-fragmented="463513" macro-fragmented="0">
    <mem type="soa" free="2679288" total="19335168" percent="13" />
    <mem type="loa" free="194560" total="194560" percent="100" />
  </mem>
  <pending-finalizers system="0" default="0" reference="58" classloader="0" />
</mem-info>
<gc-op id="2745" type="compact" timems="78.654" contextid="2739" timestamp="2019-09-21T19:37:36.356">
  <compact-info movecount="366011" movebytes="14845152" reason="compact to aid heap contraction" />
</gc-op>
<heap-resize id="2746" type="expand" space="tenure" amount="65536" count="1" timems="0.021" reason="satisfy allocation request" timestamp="2019-09-21T19:37:36.357" />
<gc-end id="2747" type="global" contextid="2739" durationms="88.631" usertimems="96.000" systemtimems="12.000" timestamp="2019-09-21T19:37:36.357" activeThreads="8">
  <mem-info id="2748" free="3445352" total="19595264" percent="17">
    <mem type="tenure" free="3445352" total="19595264" percent="17">
      <mem type="soa" free="3249768" total="19399680" percent="16" />
      <mem type="loa" free="195584" total="195584" percent="100" />
    </mem>
    <pending-finalizers system="0" default="0" reference="58" classloader="0" />
  </mem-info>
</gc-end>
<cycle-end id="2749" type="global" contextid="2739" timestamp="2019-09-21T19:37:36.357" />
  <attribute name="elasticGC enabled" value="1" />
  <attribute name= "numThreadsSpecified" value="8" />
  <attribute name="heapSize specified" value="19529728" />
  <attribute name="Current GC Util" value="95" />
  <attribute name= "Current Time Running" value="13079" />
  <attribute name ="GC Interval" value="0" />
  <attribute name="Target GC Util Change" value ="40.000000" />
  <attribute name="Current GC Util Change" value="95.000000"/>
  <attribute name="Current Error" value="-55.000000" />
  <attribute name="Output H" value="19567544"/>
  <attribute name="Output I" value="1976"/>
  <attribute name="Output T" value="8"/>
  <attribute name= "Current Time Running" value="13079" />
  <attribute name="GC Util currently" value="95" />
  <attribute name="CPU Util currently" value="29230452141" />
<allocation-satisfied id="2750" threadId="0000000001EB3200" bytesRequested="64" />
<af-end id="2751" timestamp="2019-09-21T19:37:36.357" threadId="0000000001EB3B88" success="true" />
<exclusive-end id="2752" timestamp="2019-09-21T19:37:36.357" durationms="89.599" />

<exclusive-start id="2753" timestamp="2019-09-21T19:37:36.364" intervalms="95.729">
  <response-info timems="0.284" idlems="0.284" threads="0" lastid="0000000001EB4900" lastname="PmdThread 6" />
</exclusive-start>
<af-start id="2754" threadId="0000000001EB5288" totalBytesRequested="736" timestamp="2019-09-21T19:37:36.364" intervalms="95.955" />
<cycle-start id="2755" type="global" contextid="0" timestamp="2019-09-21T19:37:36.364" intervalms="95.891" />
<gc-start id="2756" type="global" contextid="2755" timestamp="2019-09-21T19:37:36.364">
  <mem-info id="2757" free="195584" total="19595264" percent="0">
    <mem type="tenure" free="195584" total="19595264" percent="0">
      <mem type="soa" free="0" total="19399680" percent="0" />
      <mem type="loa" free="195584" total="195584" percent="100" />
    </mem>
    <pending-finalizers system="0" default="0" reference="58" classloader="0" />
  </mem-info>
</gc-start>
<allocation-stats totalBytes="3298664" >
  <allocated-bytes non-tlh="0" tlh="3298664" />
  <largest-consumer threadName="PmdThread 6" threadId="0000000001EB4900" bytes="1288488" />
</allocation-stats>
<gc-op id="2758" type="mark" timems="6.753" contextid="2755" timestamp="2019-09-21T19:37:36.371">
  <trace-info objectcount="383659" scancount="356072" scanbytes="12074896" />
  <finalization candidates="58" enqueued="0" />
  <ownableSynchronizers candidates="12" cleared="0" />
  <references type="soft" candidates="109" cleared="0" enqueued="0" dynamicThreshold="5" maxThreshold="32" />
  <references type="weak" candidates="1102" cleared="203" enqueued="203" />
  <references type="phantom" candidates="114" cleared="0" enqueued="0" />
  <stringconstants candidates="5122" cleared="0"  />
</gc-op>
<gc-op id="2759" type="sweep" timems="0.993" contextid="2755" timestamp="2019-09-21T19:37:36.372" />
<mem-info id="2760" free="3592304" total="19595264" percent="18">
  <mem type="tenure" free="3592304" total="19595264" percent="18" micro-fragmented="37391" macro-fragmented="0">
    <mem type="soa" free="3396720" total="19399680" percent="17" />
    <mem type="loa" free="195584" total="195584" percent="100" />
  </mem>
  <pending-finalizers system="0" default="0" reference="261" classloader="0" />
</mem-info>
<gc-op id="2761" type="compact" timems="77.947" contextid="2755" timestamp="2019-09-21T19:37:36.450">
  <compact-info movecount="364641" movebytes="14677224" reason="compact to aid heap contraction" />
</gc-op>
<heap-resize id="2762" type="expand" space="tenure" amount="65536" count="1" timems="0.020" reason="satisfy allocation request" timestamp="2019-09-21T19:37:36.451" />
<gc-end id="2763" type="global" contextid="2755" durationms="86.960" usertimems="104.000" systemtimems="0.000" timestamp="2019-09-21T19:37:36.451" activeThreads="8">
  <mem-info id="2764" free="3672408" total="19660800" percent="18">
    <mem type="tenure" free="3672408" total="19660800" percent="18">
      <mem type="soa" free="3475800" total="19464192" percent="17" />
      <mem type="loa" free="196608" total="196608" percent="100" />
    </mem>
    <pending-finalizers system="0" default="0" reference="261" classloader="0" />
  </mem-info>
</gc-end>
<cycle-end id="2765" type="global" contextid="2755" timestamp="2019-09-21T19:37:36.451" />
  <attribute name="elasticGC enabled" value="1" />
  <attribute name= "numThreadsSpecified" value="8" />
  <attribute name="heapSize specified" value="19595264" />
  <attribute name="Current GC Util" value="7" />
  <attribute name= "Current Time Running" value="13173" />
  <attribute name ="GC Interval" value="0" />
  <attribute name="Target GC Util Change" value ="40.000000" />
  <attribute name="Current GC Util Change" value="7.000000"/>
  <attribute name="Current Error" value="-339.000000" />
  <attribute name="Output H" value="19632912"/>
  <attribute name="Output I" value="1808"/>
  <attribute name="Output T" value="8"/>
  <attribute name= "Current Time Running" value="13173" />
  <attribute name="GC Util currently" value="7" />
  <attribute name="CPU Util currently" value="29502427769" />
<allocation-satisfied id="2766" threadId="0000000001EB4900" bytesRequested="736" />
<af-end id="2767" timestamp="2019-09-21T19:37:36.451" threadId="0000000001EB5288" success="true" />
<exclusive-end id="2768" timestamp="2019-09-21T19:37:36.452" durationms="88.082" />

<exclusive-start id="2769" timestamp="2019-09-21T19:37:36.456" intervalms="92.534">
  <response-info timems="0.105" idlems="0.055" threads="1" lastid="0000000001EB4900" lastname="PmdThread 6" />
</exclusive-start>
<af-start id="2770" threadId="0000000001EBF388" totalBytesRequested="72" timestamp="2019-09-21T19:37:36.456" intervalms="92.284" />
<cycle-start id="2771" type="global" contextid="0" timestamp="2019-09-21T19:37:36.456" intervalms="92.310" />
<gc-start id="2772" type="global" contextid="2771" timestamp="2019-09-21T19:37:36.456">
  <mem-info id="2773" free="196608" total="19660800" percent="1">
    <mem type="tenure" free="196608" total="19660800" percent="1">
      <mem type="soa" free="0" total="19464192" percent="0" />
      <mem type="loa" free="196608" total="196608" percent="100" />
    </mem>
  </mem-info>
</gc-start>
<allocation-stats totalBytes="3529000" >
  <allocated-bytes non-tlh="264" tlh="3528736" />
  <largest-consumer threadName="PmdThread 2" threadId="0000000001EB6E00" bytes="1362672" />
</allocation-stats>
<gc-op id="2774" type="mark" timems="6.443" contextid="2771" timestamp="2019-09-21T19:37:36.463">
  <trace-info objectcount="330790" scancount="306250" scanbytes="10272448" />
  <finalization candidates="58" enqueued="0" />
  <ownableSynchronizers candidates="12" cleared="0" />
  <references type="soft" candidates="109" cleared="0" enqueued="0" dynamicThreshold="5" maxThreshold="32" />
  <references type="weak" candidates="985" cleared="87" enqueued="87" />
  <references type="phantom" candidates="116" cleared="3" enqueued="3" />
  <stringconstants candidates="5124" cleared="0"  />
</gc-op>
<gc-op id="2775" type="sweep" timems="0.426" contextid="2771" timestamp="2019-09-21T19:37:36.464" />
<mem-info id="2776" free="5970248" total="19660800" percent="30">
  <mem type="tenure" free="5970248" total="19660800" percent="30" micro-fragmented="60907" macro-fragmented="0">
    <mem type="soa" free="5773640" total="19464192" percent="29" />
    <mem type="loa" free="196608" total="196608" percent="100" />
  </mem>
  <pending-finalizers system="0" default="0" reference="90" classloader="0" />
</mem-info>
<gc-op id="2777" type="compact" timems="66.398" contextid="2771" timestamp="2019-09-21T19:37:36.530">
  <compact-info movecount="311820" movebytes="12412096" reason="compact to aid heap contraction" />
</gc-op>
<heap-resize id="2778" type="expand" space="tenure" amount="65536" count="1" timems="0.019" reason="satisfy allocation request" timestamp="2019-09-21T19:37:36.531" />
<gc-end id="2779" type="global" contextid="2771" durationms="74.401" usertimems="88.000" systemtimems="0.000" timestamp="2019-09-21T19:37:36.531" activeThreads="8">
  <mem-info id="2780" free="6042248" total="19726336" percent="30">
    <mem type="tenure" free="6042248" total="19726336" percent="30">
      <mem type="soa" free="5845640" total="19529728" percent="29" />
      <mem type="loa" free="196608" total="196608" percent="100" />
    </mem>
    <pending-finalizers system="0" default="0" reference="90" classloader="0" />
  </mem-info>
</gc-end>
<cycle-end id="2781" type="global" contextid="2771" timestamp="2019-09-21T19:37:36.531" />
  <attribute name="elasticGC enabled" value="1" />
  <attribute name= "numThreadsSpecified" value="8" />
  <attribute name="heapSize specified" value="19660800" />
  <attribute name="Current GC Util" value="93" />
  <attribute name= "Current Time Running" value="13253" />
  <attribute name ="GC Interval" value="0" />
  <attribute name="Target GC Util Change" value ="40.000000" />
  <attribute name="Current GC Util Change" value="93.000000"/>
  <attribute name="Current Error" value="-184.000000" />
  <attribute name="Output H" value="19698536"/>
  <attribute name="Output I" value="1896"/>
  <attribute name="Output T" value="8"/>
  <attribute name= "Current Time Running" value="13253" />
  <attribute name="GC Util currently" value="93" />
  <attribute name="CPU Util currently" value="34655940379" />
<allocation-satisfied id="2782" threadId="0000000001EBEA00" bytesRequested="72" />
<af-end id="2783" timestamp="2019-09-21T19:37:36.531" threadId="0000000001EBF388" success="true" />
<exclusive-end id="2784" timestamp="2019-09-21T19:37:36.531" durationms="75.057" />

<exclusive-start id="2785" timestamp="2019-09-21T19:37:36.544" intervalms="87.464">
  <response-info timems="0.066" idlems="0.038" threads="1" lastid="0000000001EBEA00" lastname="PmdThread 3" />
</exclusive-start>
<af-start id="2786" threadId="0000000001EB4788" totalBytesRequested="16" timestamp="2019-09-21T19:37:36.544" intervalms="87.452" />
<cycle-start id="2787" type="global" contextid="0" timestamp="2019-09-21T19:37:36.544" intervalms="87.434" />
<gc-start id="2788" type="global" contextid="2787" timestamp="2019-09-21T19:37:36.544">
  <mem-info id="2789" free="196608" total="19726336" percent="0">
    <mem type="tenure" free="196608" total="19726336" percent="0">
      <mem type="soa" free="0" total="19529728" percent="0" />
      <mem type="loa" free="196608" total="196608" percent="100" />
    </mem>
  </mem-info>
</gc-start>
<allocation-stats totalBytes="5852344" >
  <allocated-bytes non-tlh="33664" tlh="5818680" />
  <largest-consumer threadName="PmdThread 2" threadId="0000000001EB6E00" bytes="1822472" />
</allocation-stats>
<gc-op id="2790" type="mark" timems="6.841" contextid="2787" timestamp="2019-09-21T19:37:36.551">
  <trace-info objectcount="333281" scancount="308109" scanbytes="10327264" />
  <finalization candidates="58" enqueued="0" />
  <ownableSynchronizers candidates="12" cleared="0" />
  <references type="soft" candidates="109" cleared="0" enqueued="0" dynamicThreshold="9" maxThreshold="32" />
  <references type="weak" candidates="1023" cleared="125" enqueued="125" />
  <references type="phantom" candidates="120" cleared="7" enqueued="7" />
  <stringconstants candidates="5127" cleared="0"  />
</gc-op>
<gc-op id="2791" type="sweep" timems="1.564" contextid="2787" timestamp="2019-09-21T19:37:36.553" />
<mem-info id="2792" free="4930480" total="19726336" percent="24">
  <mem type="tenure" free="4930480" total="19726336" percent="24" micro-fragmented="440493" macro-fragmented="0">
    <mem type="soa" free="4733872" total="19529728" percent="24" />
    <mem type="loa" free="196608" total="196608" percent="100" />
  </mem>
  <pending-finalizers system="0" default="0" reference="132" classloader="0" />
</mem-info>
<gc-op id="2793" type="compact" timems="66.630" contextid="2787" timestamp="2019-09-21T19:37:36.620">
  <compact-info movecount="314315" movebytes="12854920" reason="compact to aid heap contraction" />
</gc-op>
<heap-resize id="2794" type="expand" space="tenure" amount="65536" count="1" timems="0.019" reason="satisfy allocation request" timestamp="2019-09-21T19:37:36.620" />
<gc-end id="2795" type="global" contextid="2787" durationms="76.259" usertimems="88.000" systemtimems="4.000" timestamp="2019-09-21T19:37:36.620" activeThreads="8">
  <mem-info id="2796" free="5685624" total="19791872" percent="28">
    <mem type="tenure" free="5685624" total="19791872" percent="28">
      <mem type="soa" free="5487992" total="19594240" percent="28" />
      <mem type="loa" free="197632" total="197632" percent="100" />
    </mem>
    <pending-finalizers system="0" default="0" reference="132" classloader="0" />
  </mem-info>
</gc-end>
<cycle-end id="2797" type="global" contextid="2787" timestamp="2019-09-21T19:37:36.620" />
  <attribute name="elasticGC enabled" value="1" />
  <attribute name= "numThreadsSpecified" value="8" />
  <attribute name="heapSize specified" value="19726336" />
  <attribute name="Current GC Util" value="6" />
  <attribute name= "Current Time Running" value="13342" />
  <attribute name ="GC Interval" value="0" />
  <attribute name="Target GC Util Change" value ="40.000000" />
  <attribute name="Current GC Util Change" value="6.000000"/>
  <attribute name="Current Error" value="34.000000" />
  <attribute name="Output H" value="19764200"/>
  <attribute name="Output I" value="2024"/>
  <attribute name="Output T" value="8"/>
  <attribute name= "Current Time Running" value="13342" />
  <attribute name="GC Util currently" value="6" />
  <attribute name="CPU Util currently" value="34524895775" />
<allocation-satisfied id="2798" threadId="0000000001EB3E00" bytesRequested="16" />
<af-end id="2799" timestamp="2019-09-21T19:37:36.620" threadId="0000000001EB4788" success="true" />
<exclusive-end id="2800" timestamp="2019-09-21T19:37:36.620" durationms="76.896" />

<exclusive-start id="2801" timestamp="2019-09-21T19:37:36.630" intervalms="86.734">
  <response-info timems="0.067" idlems="0.067" threads="0" lastid="0000000001EB6000" lastname="PmdThread 8" />
</exclusive-start>
<af-start id="2802" threadId="0000000001EB6988" totalBytesRequested="24" timestamp="2019-09-21T19:37:36.630" intervalms="86.738" />
<cycle-start id="2803" type="global" contextid="0" timestamp="2019-09-21T19:37:36.630" intervalms="86.725" />
<gc-start id="2804" type="global" contextid="2803" timestamp="2019-09-21T19:37:36.631">
  <mem-info id="2805" free="197632" total="19791872" percent="0">
    <mem type="tenure" free="197632" total="19791872" percent="0">
      <mem type="soa" free="0" total="19594240" percent="0" />
      <mem type="loa" free="197632" total="197632" percent="100" />
    </mem>
  </mem-info>
</gc-start>
<allocation-stats totalBytes="5482784" >
  <allocated-bytes non-tlh="264" tlh="5482520" />
  <largest-consumer threadName="PmdThread 2" threadId="0000000001EB6E00" bytes="1392416" />
</allocation-stats>
<gc-op id="2806" type="mark" timems="5.718" contextid="2803" timestamp="2019-09-21T19:37:36.636">
  <trace-info objectcount="333026" scancount="308141" scanbytes="10324320" />
  <finalization candidates="58" enqueued="0" />
  <ownableSynchronizers candidates="12" cleared="0" />
  <references type="soft" candidates="109" cleared="0" enqueued="0" dynamicThreshold="9" maxThreshold="32" />
  <references type="weak" candidates="1111" cleared="212" enqueued="211" />
  <references type="phantom" candidates="124" cleared="11" enqueued="11" />
  <stringconstants candidates="5129" cleared="0"  />
</gc-op>
<gc-op id="2807" type="sweep" timems="0.396" contextid="2803" timestamp="2019-09-21T19:37:36.637" />
<mem-info id="2808" free="5439520" total="19791872" percent="27">
  <mem type="tenure" free="5439520" total="19791872" percent="27" micro-fragmented="313438" macro-fragmented="0">
    <mem type="soa" free="5241888" total="19594240" percent="26" />
    <mem type="loa" free="197632" total="197632" percent="100" />
  </mem>
  <pending-finalizers system="0" default="0" reference="222" classloader="0" />
</mem-info>
<gc-op id="2809" type="compact" timems="65.660" contextid="2803" timestamp="2019-09-21T19:37:36.703">
  <compact-info movecount="314048" movebytes="12721032" reason="compact to aid heap contraction" />
</gc-op>
<heap-resize id="2810" type="expand" space="tenure" amount="65536" count="1" timems="0.019" reason="satisfy allocation request" timestamp="2019-09-21T19:37:36.703" />
<gc-end id="2811" type="global" contextid="2803" durationms="72.856" usertimems="88.000" systemtimems="0.000" timestamp="2019-09-21T19:37:36.703" activeThreads="8">
  <mem-info id="2812" free="5823048" total="19857408" percent="29">
    <mem type="tenure" free="5823048" total="19857408" percent="29">
      <mem type="soa" free="5625416" total="19659776" percent="28" />
      <mem type="loa" free="197632" total="197632" percent="100" />
    </mem>
    <pending-finalizers system="0" default="0" reference="222" classloader="0" />
  </mem-info>
</gc-end>
<cycle-end id="2813" type="global" contextid="2803" timestamp="2019-09-21T19:37:36.704" />
  <attribute name="elasticGC enabled" value="1" />
  <attribute name= "numThreadsSpecified" value="8" />
  <attribute name="heapSize specified" value="19791872" />
  <attribute name="Current GC Util" value="3" />
  <attribute name= "Current Time Running" value="13426" />
  <attribute name ="GC Interval" value="0" />
  <attribute name="Target GC Util Change" value ="40.000000" />
  <attribute name="Current GC Util Change" value="3.000000"/>
  <attribute name="Current Error" value="-722.000000" />
  <attribute name="Output H" value="19829296"/>
  <attribute name="Output I" value="1584"/>
  <attribute name="Output T" value="8"/>
  <attribute name= "Current Time Running" value="13426" />
  <attribute name="GC Util currently" value="3" />
  <attribute name="CPU Util currently" value="35007512456" />
<allocation-satisfied id="2814" threadId="0000000001EB6000" bytesRequested="24" />
<af-end id="2815" timestamp="2019-09-21T19:37:36.704" threadId="0000000001EB6988" success="true" />
<exclusive-end id="2816" timestamp="2019-09-21T19:37:36.704" durationms="73.771" />

<exclusive-start id="2817" timestamp="2019-09-21T19:37:36.720" intervalms="90.037">
  <response-info timems="0.130" idlems="0.130" threads="0" lastid="0000000001EB3E00" lastname="PmdThread 5" />
</exclusive-start>
<af-start id="2818" threadId="0000000001EB4788" totalBytesRequested="27888" timestamp="2019-09-21T19:37:36.720" intervalms="90.035" />
<cycle-start id="2819" type="global" contextid="0" timestamp="2019-09-21T19:37:36.721" intervalms="90.065" />
<gc-start id="2820" type="global" contextid="2819" timestamp="2019-09-21T19:37:36.721">
  <mem-info id="2821" free="197632" total="19857408" percent="0">
    <mem type="tenure" free="197632" total="19857408" percent="0">
      <mem type="soa" free="0" total="19659776" percent="0" />
      <mem type="loa" free="197632" total="197632" percent="100" />
    </mem>
  </mem-info>
</gc-start>
<allocation-stats totalBytes="5657096" >
  <allocated-bytes non-tlh="33808" tlh="5623288" />
  <largest-consumer threadName="PmdThread 3" threadId="0000000001EBEA00" bytes="1678968" />
</allocation-stats>
<gc-op id="2822" type="mark" timems="6.617" contextid="2819" timestamp="2019-09-21T19:37:36.727">
  <trace-info objectcount="328103" scancount="303895" scanbytes="10174756" />
  <finalization candidates="58" enqueued="0" />
  <ownableSynchronizers candidates="12" cleared="0" />
  <references type="soft" candidates="109" cleared="0" enqueued="0" dynamicThreshold="9" maxThreshold="32" />
  <references type="weak" candidates="1036" cleared="136" enqueued="136" />
  <references type="phantom" candidates="125" cleared="11" enqueued="11" />
  <stringconstants candidates="5135" cleared="0"  />
</gc-op>
<gc-op id="2823" type="sweep" timems="2.163" contextid="2819" timestamp="2019-09-21T19:37:36.730" />
<mem-info id="2824" free="5760688" total="19857408" percent="29">
  <mem type="tenure" free="5760688" total="19857408" percent="29" micro-fragmented="315732" macro-fragmented="0">
    <mem type="soa" free="5563056" total="19659776" percent="28" />
    <mem type="loa" free="197632" total="197632" percent="100" />
  </mem>
  <pending-finalizers system="0" default="0" reference="147" classloader="0" />
</mem-info>
<gc-op id="2825" type="compact" timems="68.713" contextid="2819" timestamp="2019-09-21T19:37:36.799">
  <compact-info movecount="309137" movebytes="12490144" reason="compact to aid heap contraction" />
</gc-op>
<heap-resize id="2826" type="expand" space="tenure" amount="65536" count="1" timems="0.020" reason="satisfy allocation request" timestamp="2019-09-21T19:37:36.800" />
<gc-end id="2827" type="global" contextid="2819" durationms="79.231" usertimems="76.000" systemtimems="16.000" timestamp="2019-09-21T19:37:36.800" activeThreads="8">
  <mem-info id="2828" free="6152816" total="19922944" percent="30">
    <mem type="tenure" free="6152816" total="19922944" percent="30">
      <mem type="soa" free="5954160" total="19724288" percent="30" />
      <mem type="loa" free="198656" total="198656" percent="100" />
    </mem>
    <pending-finalizers system="0" default="0" reference="147" classloader="0" />
  </mem-info>
</gc-end>
<cycle-end id="2829" type="global" contextid="2819" timestamp="2019-09-21T19:37:36.800" />
  <attribute name="elasticGC enabled" value="1" />
  <attribute name= "numThreadsSpecified" value="8" />
  <attribute name="heapSize specified" value="19857408" />
  <attribute name="Current GC Util" value="12" />
  <attribute name= "Current Time Running" value="13521" />
  <attribute name ="GC Interval" value="0" />
  <attribute name="Target GC Util Change" value ="40.000000" />
  <attribute name="Current GC Util Change" value="12.000000"/>
  <attribute name="Current Error" value="-269.000000" />
  <attribute name="Output H" value="19895096"/>
  <attribute name="Output I" value="1848"/>
  <attribute name="Output T" value="8"/>
  <attribute name= "Current Time Running" value="13521" />
  <attribute name="GC Util currently" value="12" />
  <attribute name="CPU Util currently" value="33433504881" />
<allocation-satisfied id="2830" threadId="0000000001EB3E00" bytesRequested="27888" />
<af-end id="2831" timestamp="2019-09-21T19:37:36.800" threadId="0000000001EB4788" success="true" />
<exclusive-end id="2832" timestamp="2019-09-21T19:37:36.800" durationms="80.130" />

<exclusive-start id="2833" timestamp="2019-09-21T19:37:36.821" intervalms="100.373">
  <response-info timems="0.071" idlems="0.071" threads="0" lastid="0000000001EBEA00" lastname="PmdThread 3" />
</exclusive-start>
<af-start id="2834" threadId="0000000001EBF388" totalBytesRequested="16392" timestamp="2019-09-21T19:37:36.821" intervalms="100.358" />
<cycle-start id="2835" type="global" contextid="0" timestamp="2019-09-21T19:37:36.821" intervalms="100.339" />
<gc-start id="2836" type="global" contextid="2835" timestamp="2019-09-21T19:37:36.821">
  <mem-info id="2837" free="198656" total="19922944" percent="0">
    <mem type="tenure" free="198656" total="19922944" percent="0">
      <mem type="soa" free="0" total="19724288" percent="0" />
      <mem type="loa" free="198656" total="198656" percent="100" />
    </mem>
  </mem-info>
</gc-start>
<allocation-stats totalBytes="5954312" >
  <allocated-bytes non-tlh="31552" tlh="5922760" />
  <largest-consumer threadName="PmdThread 2" threadId="0000000001EB6E00" bytes="1772912" />
</allocation-stats>
<gc-op id="2838" type="mark" timems="5.192" contextid="2835" timestamp="2019-09-21T19:37:36.826">
  <trace-info objectcount="321880" scancount="297696" scanbytes="9950488" />
  <finalization candidates="58" enqueued="0" />
  <ownableSynchronizers candidates="12" cleared="0" />
  <references type="soft" candidates="109" cleared="0" enqueued="0" dynamicThreshold="9" maxThreshold="32" />
  <references type="weak" candidates="1064" cleared="165" enqueued="165" />
  <references type="phantom" candidates="130" cleared="16" enqueued="16" />
  <stringconstants candidates="5153" cleared="0"  />
</gc-op>
<gc-op id="2839" type="sweep" timems="0.465" contextid="2835" timestamp="2019-09-21T19:37:36.827" />
<mem-info id="2840" free="6019120" total="19922944" percent="30">
  <mem type="tenure" free="6019120" total="19922944" percent="30" micro-fragmented="147535" macro-fragmented="0">
    <mem type="soa" free="5820464" total="19724288" percent="29" />
    <mem type="loa" free="198656" total="198656" percent="100" />
  </mem>
  <pending-finalizers system="0" default="0" reference="181" classloader="0" />
</mem-info>
<gc-op id="2841" type="compact" timems="65.302" contextid="2835" timestamp="2019-09-21T19:37:36.893">
  <compact-info movecount="302914" movebytes="12442296" reason="compact to aid heap contraction" />
</gc-op>
<heap-resize id="2842" type="expand" space="tenure" amount="65536" count="1" timems="0.019" reason="satisfy allocation request" timestamp="2019-09-21T19:37:36.893" />
<gc-end id="2843" type="global" contextid="2835" durationms="72.510" usertimems="80.000" systemtimems="12.000" timestamp="2019-09-21T19:37:36.893" activeThreads="8">
  <mem-info id="2844" free="6229336" total="19988480" percent="31">
    <mem type="tenure" free="6229336" total="19988480" percent="31">
      <mem type="soa" free="6029656" total="19788800" percent="30" />
      <mem type="loa" free="199680" total="199680" percent="100" />
    </mem>
    <pending-finalizers system="0" default="0" reference="181" classloader="0" />
  </mem-info>
</gc-end>
<cycle-end id="2845" type="global" contextid="2835" timestamp="2019-09-21T19:37:36.894" />
  <attribute name="elasticGC enabled" value="1" />
  <attribute name= "numThreadsSpecified" value="8" />
  <attribute name="heapSize specified" value="19922944" />
  <attribute name="Current GC Util" value="7" />
  <attribute name= "Current Time Running" value="13615" />
  <attribute name ="GC Interval" value="0" />
  <attribute name="Target GC Util Change" value ="40.000000" />
  <attribute name="Current GC Util Change" value="7.000000"/>
  <attribute name="Current Error" value="33.000000" />
  <attribute name="Output H" value="19960808"/>
  <attribute name="Output I" value="2024"/>
  <attribute name="Output T" value="8"/>
  <attribute name= "Current Time Running" value="13615" />
  <attribute name="GC Util currently" value="7" />
  <attribute name="CPU Util currently" value="35228128775" />
<allocation-satisfied id="2846" threadId="0000000001EBEA00" bytesRequested="16392" />
<af-end id="2847" timestamp="2019-09-21T19:37:36.894" threadId="0000000001EBF388" success="true" />
<exclusive-end id="2848" timestamp="2019-09-21T19:37:36.894" durationms="73.077" />

<exclusive-start id="2849" timestamp="2019-09-21T19:37:36.903" intervalms="82.714">
  <response-info timems="0.104" idlems="0.065" threads="4" lastid="0000000001EBEA00" lastname="PmdThread 3" />
</exclusive-start>
<af-start id="2850" threadId="0000000001EB4788" totalBytesRequested="56" timestamp="2019-09-21T19:37:36.903" intervalms="82.715" />
<cycle-start id="2851" type="global" contextid="0" timestamp="2019-09-21T19:37:36.904" intervalms="82.711" />
<gc-start id="2852" type="global" contextid="2851" timestamp="2019-09-21T19:37:36.904">
  <mem-info id="2853" free="199680" total="19988480" percent="0">
    <mem type="tenure" free="199680" total="19988480" percent="0">
      <mem type="soa" free="0" total="19788800" percent="0" />
      <mem type="loa" free="199680" total="199680" percent="100" />
    </mem>
  </mem-info>
</gc-start>
<allocation-stats totalBytes="6093560" >
  <allocated-bytes non-tlh="1200" tlh="6092360" />
  <largest-consumer threadName="PmdThread 5" threadId="0000000001EB3E00" bytes="2530984" />
</allocation-stats>
<gc-op id="2854" type="mark" timems="4.921" contextid="2851" timestamp="2019-09-21T19:37:36.909">
  <trace-info objectcount="347603" scancount="321676" scanbytes="10830768" />
  <finalization candidates="58" enqueued="0" />
  <ownableSynchronizers candidates="12" cleared="0" />
  <references type="soft" candidates="109" cleared="0" enqueued="0" dynamicThreshold="9" maxThreshold="32" />
  <references type="weak" candidates="969" cleared="68" enqueued="68" />
  <references type="phantom" candidates="124" cleared="9" enqueued="9" />
  <stringconstants candidates="5159" cleared="0"  />
</gc-op>
<gc-op id="2855" type="sweep" timems="0.824" contextid="2851" timestamp="2019-09-21T19:37:36.910" />
<mem-info id="2856" free="3732552" total="19988480" percent="18">
  <mem type="tenure" free="3732552" total="19988480" percent="18" micro-fragmented="950560" macro-fragmented="0">
    <mem type="soa" free="3532872" total="19788800" percent="17" />
    <mem type="loa" free="199680" total="199680" percent="100" />
  </mem>
  <pending-finalizers system="0" default="0" reference="77" classloader="0" />
</mem-info>
<gc-op id="2857" type="compact" timems="66.515" contextid="2851" timestamp="2019-09-21T19:37:36.976">
  <compact-info movecount="328637" movebytes="13526136" reason="compact to aid heap contraction" />
</gc-op>
<heap-resize id="2858" type="expand" space="tenure" amount="65536" count="1" timems="0.033" reason="satisfy allocation request" timestamp="2019-09-21T19:37:36.977" />
<gc-end id="2859" type="global" contextid="2851" durationms="73.296" usertimems="80.000" systemtimems="16.000" timestamp="2019-09-21T19:37:36.977" activeThreads="8">
  <mem-info id="2860" free="5211032" total="20054016" percent="25">
    <mem type="tenure" free="5211032" total="20054016" percent="25">
      <mem type="soa" free="5011352" total="19854336" percent="25" />
      <mem type="loa" free="199680" total="199680" percent="100" />
    </mem>
    <pending-finalizers system="0" default="0" reference="77" classloader="0" />
  </mem-info>
</gc-end>
<cycle-end id="2861" type="global" contextid="2851" timestamp="2019-09-21T19:37:36.977" />
  <attribute name="elasticGC enabled" value="1" />
  <attribute name= "numThreadsSpecified" value="8" />
  <attribute name="heapSize specified" value="19988480" />
  <attribute name="Current GC Util" value="5" />
  <attribute name= "Current Time Running" value="13699" />
  <attribute name ="GC Interval" value="0" />
  <attribute name="Target GC Util Change" value ="40.000000" />
  <attribute name="Current GC Util Change" value="5.000000"/>
  <attribute name="Current Error" value="-872.000000" />
  <attribute name="Output H" value="20025824"/>
  <attribute name="Output I" value="1504"/>
  <attribute name="Output T" value="8"/>
  <attribute name= "Current Time Running" value="13699" />
  <attribute name="GC Util currently" value="5" />
  <attribute name="CPU Util currently" value="34545282170" />
<allocation-satisfied id="2862" threadId="0000000001EB3E00" bytesRequested="56" />
<af-end id="2863" timestamp="2019-09-21T19:37:36.977" threadId="0000000001EB4788" success="true" />
<exclusive-end id="2864" timestamp="2019-09-21T19:37:36.977" durationms="74.049" />

<exclusive-start id="2865" timestamp="2019-09-21T19:37:36.984" intervalms="80.364">
  <response-info timems="0.111" idlems="0.111" threads="0" lastid="0000000001EB3E00" lastname="PmdThread 5" />
</exclusive-start>
<af-start id="2866" threadId="0000000001EB4788" totalBytesRequested="32" timestamp="2019-09-21T19:37:36.984" intervalms="80.406" />
<cycle-start id="2867" type="global" contextid="0" timestamp="2019-09-21T19:37:36.984" intervalms="80.437" />
<gc-start id="2868" type="global" contextid="2867" timestamp="2019-09-21T19:37:36.984">
  <mem-info id="2869" free="199680" total="20054016" percent="0">
    <mem type="tenure" free="199680" total="20054016" percent="0">
      <mem type="soa" free="0" total="19854336" percent="0" />
      <mem type="loa" free="199680" total="199680" percent="100" />
    </mem>
  </mem-info>
</gc-start>
<allocation-stats totalBytes="5062528" >
  <allocated-bytes non-tlh="216" tlh="5062312" />
  <largest-consumer threadName="PmdThread 5" threadId="0000000001EB3E00" bytes="2671856" />
</allocation-stats>
<gc-op id="2870" type="mark" timems="5.822" contextid="2867" timestamp="2019-09-21T19:37:36.990">
  <trace-info objectcount="364962" scancount="338322" scanbytes="11410276" />
  <finalization candidates="58" enqueued="0" />
  <ownableSynchronizers candidates="12" cleared="0" />
  <references type="soft" candidates="109" cleared="0" enqueued="0" dynamicThreshold="8" maxThreshold="32" />
  <references type="weak" candidates="1086" cleared="186" enqueued="186" />
  <references type="phantom" candidates="115" cleared="1" enqueued="1" />
  <stringconstants candidates="5160" cleared="0"  />
</gc-op>
<gc-op id="2871" type="sweep" timems="0.535" contextid="2867" timestamp="2019-09-21T19:37:36.991" />
<mem-info id="2872" free="3834240" total="20054016" percent="19">
  <mem type="tenure" free="3834240" total="20054016" percent="19" micro-fragmented="579882" macro-fragmented="0">
    <mem type="soa" free="3634560" total="19854336" percent="18" />
    <mem type="loa" free="199680" total="199680" percent="100" />
  </mem>
  <pending-finalizers system="0" default="0" reference="187" classloader="0" />
</mem-info>
<gc-op id="2873" type="compact" timems="70.629" contextid="2867" timestamp="2019-09-21T19:37:37.062">
  <compact-info movecount="345980" movebytes="14112856" reason="compact to aid heap contraction" />
</gc-op>
<heap-resize id="2874" type="expand" space="tenure" amount="65536" count="1" timems="0.031" reason="satisfy allocation request" timestamp="2019-09-21T19:37:37.062" />
<gc-end id="2875" type="global" contextid="2867" durationms="78.219" usertimems="104.000" systemtimems="0.000" timestamp="2019-09-21T19:37:37.062" activeThreads="8">
  <mem-info id="2876" free="4689088" total="20119552" percent="23">
    <mem type="tenure" free="4689088" total="20119552" percent="23">
      <mem type="soa" free="4488384" total="19918848" percent="22" />
      <mem type="loa" free="200704" total="200704" percent="100" />
    </mem>
    <pending-finalizers system="0" default="0" reference="187" classloader="0" />
  </mem-info>
</gc-end>
<cycle-end id="2877" type="global" contextid="2867" timestamp="2019-09-21T19:37:37.062" />
  <attribute name="elasticGC enabled" value="1" />
  <attribute name= "numThreadsSpecified" value="8" />
  <attribute name="heapSize specified" value="20054016" />
  <attribute name="Current GC Util" value="4" />
  <attribute name= "Current Time Running" value="13785" />
  <attribute name ="GC Interval" value="0" />
  <attribute name="Target GC Util Change" value ="40.000000" />
  <attribute name="Current GC Util Change" value="4.000000"/>
  <attribute name="Current Error" value="-277.000000" />
  <attribute name="Output H" value="20091704"/>
  <attribute name="Output I" value="1848"/>
  <attribute name="Output T" value="8"/>
  <attribute name= "Current Time Running" value="13785" />
  <attribute name="GC Util currently" value="4" />
  <attribute name="CPU Util currently" value="32561388457" />
<allocation-satisfied id="2878" threadId="0000000001EB3E00" bytesRequested="32" />
<af-end id="2879" timestamp="2019-09-21T19:37:37.063" threadId="0000000001EB4788" success="true" />
<exclusive-end id="2880" timestamp="2019-09-21T19:37:37.063" durationms="79.047" />

<exclusive-start id="2881" timestamp="2019-09-21T19:37:37.067" intervalms="83.713">
  <response-info timems="0.122" idlems="0.122" threads="0" lastid="0000000001EB6000" lastname="PmdThread 8" />
</exclusive-start>
<af-start id="2882" threadId="0000000001EB6988" totalBytesRequested="80" timestamp="2019-09-21T19:37:37.068" intervalms="83.694" />
<cycle-start id="2883" type="global" contextid="0" timestamp="2019-09-21T19:37:37.068" intervalms="83.721" />
<gc-start id="2884" type="global" contextid="2883" timestamp="2019-09-21T19:37:37.068">
  <mem-info id="2885" free="200704" total="20119552" percent="0">
    <mem type="tenure" free="200704" total="20119552" percent="0">
      <mem type="soa" free="0" total="19918848" percent="0" />
      <mem type="loa" free="200704" total="200704" percent="100" />
    </mem>
  </mem-info>
</gc-start>
<allocation-stats totalBytes="4550992" >
  <allocated-bytes non-tlh="40984" tlh="4510008" />
  <largest-consumer threadName="PmdThread 5" threadId="0000000001EB3E00" bytes="2076184" />
</allocation-stats>
<gc-op id="2886" type="mark" timems="5.624" contextid="2883" timestamp="2019-09-21T19:37:37.074">
  <trace-info objectcount="357366" scancount="331898" scanbytes="11178968" />
  <finalization candidates="58" enqueued="0" />
  <ownableSynchronizers candidates="12" cleared="0" />
  <references type="soft" candidates="109" cleared="0" enqueued="0" dynamicThreshold="7" maxThreshold="32" />
  <references type="weak" candidates="997" cleared="97" enqueued="97" />
  <references type="phantom" candidates="124" cleared="10" enqueued="10" />
  <stringconstants candidates="5160" cleared="0"  />
</gc-op>
<gc-op id="2887" type="sweep" timems="0.521" contextid="2883" timestamp="2019-09-21T19:37:37.074" />
<mem-info id="2888" free="4869464" total="20119552" percent="24">
  <mem type="tenure" free="4869464" total="20119552" percent="24" micro-fragmented="273833" macro-fragmented="8200">
    <mem type="soa" free="4668760" total="19918848" percent="23" />
    <mem type="loa" free="200704" total="200704" percent="100" />
  </mem>
  <pending-finalizers system="0" default="0" reference="107" classloader="0" />
</mem-info>
<gc-op id="2889" type="compact" timems="71.883" contextid="2883" timestamp="2019-09-21T19:37:37.147">
  <compact-info movecount="338396" movebytes="13586624" reason="compact to aid heap contraction" />
</gc-op>
<heap-resize id="2890" type="expand" space="tenure" amount="65536" count="1" timems="0.016" reason="satisfy allocation request" timestamp="2019-09-21T19:37:37.148" />
<gc-end id="2891" type="global" contextid="2883" durationms="80.045" usertimems="96.000" systemtimems="4.000" timestamp="2019-09-21T19:37:37.148" activeThreads="8">
  <mem-info id="2892" free="5306000" total="20185088" percent="26">
    <mem type="tenure" free="5306000" total="20185088" percent="26">
      <mem type="soa" free="5104272" total="19983360" percent="25" />
      <mem type="loa" free="201728" total="201728" percent="100" />
    </mem>
    <pending-finalizers system="0" default="0" reference="107" classloader="0" />
  </mem-info>
</gc-end>
<cycle-end id="2893" type="global" contextid="2883" timestamp="2019-09-21T19:37:37.148" />
  <attribute name="elasticGC enabled" value="1" />
  <attribute name= "numThreadsSpecified" value="8" />
  <attribute name="heapSize specified" value="20119552" />
  <attribute name="Current GC Util" value="7" />
  <attribute name= "Current Time Running" value="13869" />
  <attribute name ="GC Interval" value="0" />
  <attribute name="Target GC Util Change" value ="40.000000" />
  <attribute name="Current GC Util Change" value="7.000000"/>
  <attribute name="Current Error" value="33.000000" />
  <attribute name="Output H" value="20157416"/>
  <attribute name="Output I" value="2024"/>
  <attribute name="Output T" value="8"/>
  <attribute name= "Current Time Running" value="13869" />
  <attribute name="GC Util currently" value="7" />
  <attribute name="CPU Util currently" value="31971990724" />
<allocation-satisfied id="2894" threadId="0000000001EB6000" bytesRequested="80" />
<af-end id="2895" timestamp="2019-09-21T19:37:37.148" threadId="0000000001EB6988" success="true" />
<exclusive-end id="2896" timestamp="2019-09-21T19:37:37.148" durationms="80.913" />

<exclusive-start id="2897" timestamp="2019-09-21T19:37:37.155" intervalms="88.024">
  <response-info timems="0.884" idlems="0.452" threads="1" lastid="0000000001EC2600" lastname="PmdThread 4" />
</exclusive-start>
<af-start id="2898" threadId="0000000001EB6988" totalBytesRequested="520" timestamp="2019-09-21T19:37:37.156" intervalms="88.020" />
<cycle-start id="2899" type="global" contextid="0" timestamp="2019-09-21T19:37:37.156" intervalms="87.993" />
<gc-start id="2900" type="global" contextid="2899" timestamp="2019-09-21T19:37:37.156">
  <mem-info id="2901" free="201728" total="20185088" percent="0">
    <mem type="tenure" free="201728" total="20185088" percent="0">
      <mem type="soa" free="0" total="19983360" percent="0" />
      <mem type="loa" free="201728" total="201728" percent="100" />
    </mem>
  </mem-info>
</gc-start>
<allocation-stats totalBytes="5130776" >
  <allocated-bytes non-tlh="33712" tlh="5097064" />
  <largest-consumer threadName="PmdThread 5" threadId="0000000001EB3E00" bytes="1211248" />
</allocation-stats>
<gc-op id="2902" type="mark" timems="7.202" contextid="2899" timestamp="2019-09-21T19:37:37.163">
  <trace-info objectcount="366228" scancount="339577" scanbytes="11454016" />
  <finalization candidates="58" enqueued="0" />
  <ownableSynchronizers candidates="12" cleared="0" />
  <references type="soft" candidates="109" cleared="0" enqueued="0" dynamicThreshold="8" maxThreshold="32" />
  <references type="weak" candidates="1054" cleared="155" enqueued="155" />
  <references type="phantom" candidates="117" cleared="3" enqueued="3" />
  <stringconstants candidates="5165" cleared="0"  />
</gc-op>
<gc-op id="2903" type="sweep" timems="1.578" contextid="2899" timestamp="2019-09-21T19:37:37.165" />
<mem-info id="2904" free="4032936" total="20185088" percent="19">
  <mem type="tenure" free="4032936" total="20185088" percent="19" micro-fragmented="621316" macro-fragmented="15780">
    <mem type="soa" free="3831208" total="19983360" percent="19" />
    <mem type="loa" free="201728" total="201728" percent="100" />
  </mem>
  <pending-finalizers system="0" default="0" reference="158" classloader="0" />
</mem-info>
<gc-op id="2905" type="compact" timems="75.207" contextid="2899" timestamp="2019-09-21T19:37:37.241">
  <compact-info movecount="347262" movebytes="14059984" reason="compact to aid heap contraction" />
</gc-op>
<heap-resize id="2906" type="expand" space="tenure" amount="65536" count="1" timems="0.019" reason="satisfy allocation request" timestamp="2019-09-21T19:37:37.241" />
<gc-end id="2907" type="global" contextid="2899" durationms="85.766" usertimems="104.000" systemtimems="4.000" timestamp="2019-09-21T19:37:37.242" activeThreads="8">
  <mem-info id="2908" free="4898368" total="20250624" percent="24">
    <mem type="tenure" free="4898368" total="20250624" percent="24">
      <mem type="soa" free="4696640" total="20048896" percent="23" />
      <mem type="loa" free="201728" total="201728" percent="100" />
    </mem>
    <pending-finalizers system="0" default="0" reference="158" classloader="0" />
  </mem-info>
</gc-end>
<cycle-end id="2909" type="global" contextid="2899" timestamp="2019-09-21T19:37:37.242" />
  <attribute name="elasticGC enabled" value="1" />
  <attribute name= "numThreadsSpecified" value="8" />
  <attribute name="heapSize specified" value="20185088" />
  <attribute name="Current GC Util" value="13" />
  <attribute name= "Current Time Running" value="13963" />
  <attribute name ="GC Interval" value="0" />
  <attribute name="Target GC Util Change" value ="40.000000" />
  <attribute name="Current GC Util Change" value="13.000000"/>
  <attribute name="Current Error" value="-1024.000000" />
  <attribute name="Output H" value="20222344"/>
  <attribute name="Output I" value="1416"/>
  <attribute name="Output T" value="8"/>
  <attribute name= "Current Time Running" value="13963" />
  <attribute name="GC Util currently" value="13" />
  <attribute name="CPU Util currently" value="30567327855" />
<allocation-satisfied id="2910" threadId="0000000001EB6000" bytesRequested="520" />
<af-end id="2911" timestamp="2019-09-21T19:37:37.242" threadId="0000000001EB6988" success="true" />
<exclusive-end id="2912" timestamp="2019-09-21T19:37:37.242" durationms="86.616" />

<exclusive-start id="2913" timestamp="2019-09-21T19:37:37.250" intervalms="94.665">
  <response-info timems="0.084" idlems="0.077" threads="1" lastid="0000000001EB3E00" lastname="PmdThread 5" />
</exclusive-start>
<af-start id="2914" threadId="0000000001EB6988" totalBytesRequested="80" timestamp="2019-09-21T19:37:37.250" intervalms="94.642" />
<cycle-start id="2915" type="global" contextid="0" timestamp="2019-09-21T19:37:37.250" intervalms="94.610" />
<gc-start id="2916" type="global" contextid="2915" timestamp="2019-09-21T19:37:37.250">
  <mem-info id="2917" free="201728" total="20250624" percent="0">
    <mem type="tenure" free="201728" total="20250624" percent="0">
      <mem type="soa" free="0" total="20048896" percent="0" />
      <mem type="loa" free="201728" total="201728" percent="100" />
    </mem>
  </mem-info>
</gc-start>
<allocation-stats totalBytes="4731744" >
  <allocated-bytes non-tlh="1224" tlh="4730520" />
  <largest-consumer threadName="PmdThread 7" threadId="0000000001EB5500" bytes="1392408" />
</allocation-stats>
<gc-op id="2918" type="mark" timems="5.791" contextid="2915" timestamp="2019-09-21T19:37:37.256">
  <trace-info objectcount="369967" scancount="343069" scanbytes="11590800" />
  <finalization candidates="58" enqueued="0" />
  <ownableSynchronizers candidates="12" cleared="0" />
  <references type="soft" candidates="109" cleared="0" enqueued="0" dynamicThreshold="7" maxThreshold="32" />
  <references type="weak" candidates="1065" cleared="166" enqueued="166" />
  <references type="phantom" candidates="122" cleared="8" enqueued="8" />
  <stringconstants candidates="5171" cleared="0"  />
</gc-op>
<gc-op id="2919" type="sweep" timems="0.430" contextid="2915" timestamp="2019-09-21T19:37:37.257" />
<mem-info id="2920" free="4245288" total="20250624" percent="20">
  <mem type="tenure" free="4245288" total="20250624" percent="20" micro-fragmented="322831" macro-fragmented="0">
    <mem type="soa" free="4043560" total="20048896" percent="20" />
    <mem type="loa" free="201728" total="201728" percent="100" />
  </mem>
  <pending-finalizers system="0" default="0" reference="174" classloader="0" />
</mem-info>
<gc-op id="2921" type="compact" timems="73.252" contextid="2915" timestamp="2019-09-21T19:37:37.330">
  <compact-info movecount="350989" movebytes="14158640" reason="compact to aid heap contraction" />
</gc-op>
<heap-resize id="2922" type="expand" space="tenure" amount="65536" count="1" timems="0.021" reason="satisfy allocation request" timestamp="2019-09-21T19:37:37.331" />
<gc-end id="2923" type="global" contextid="2915" durationms="80.531" usertimems="92.000" systemtimems="8.000" timestamp="2019-09-21T19:37:37.331" activeThreads="8">
  <mem-info id="2924" free="4864680" total="20316160" percent="23">
    <mem type="tenure" free="4864680" total="20316160" percent="23">
      <mem type="soa" free="4661928" total="20113408" percent="23" />
      <mem type="loa" free="202752" total="202752" percent="100" />
    </mem>
    <pending-finalizers system="0" default="0" reference="174" classloader="0" />
  </mem-info>
</gc-end>
<cycle-end id="2925" type="global" contextid="2915" timestamp="2019-09-21T19:37:37.331" />
  <attribute name="elasticGC enabled" value="1" />
  <attribute name= "numThreadsSpecified" value="8" />
  <attribute name="heapSize specified" value="20250624" />
  <attribute name="Current GC Util" value="4" />
  <attribute name= "Current Time Running" value="14053" />
  <attribute name ="GC Interval" value="0" />
  <attribute name="Target GC Util Change" value ="40.000000" />
  <attribute name="Current GC Util Change" value="4.000000"/>
  <attribute name="Current Error" value="-278.000000" />
  <attribute name="Output H" value="20288304"/>
  <attribute name="Output I" value="1840"/>
  <attribute name="Output T" value="8"/>
  <attribute name= "Current Time Running" value="14053" />
  <attribute name="GC Util currently" value="4" />
  <attribute name="CPU Util currently" value="31420195322" />
<allocation-satisfied id="2926" threadId="0000000001EB6000" bytesRequested="80" />
<af-end id="2927" timestamp="2019-09-21T19:37:37.331" threadId="0000000001EB6988" success="true" />
<exclusive-end id="2928" timestamp="2019-09-21T19:37:37.332" durationms="81.547" />

<exclusive-start id="2929" timestamp="2019-09-21T19:37:37.338" intervalms="87.851">
  <response-info timems="0.071" idlems="0.037" threads="1" lastid="0000000001EB5500" lastname="PmdThread 7" />
</exclusive-start>
<af-start id="2930" threadId="0000000001EB5288" totalBytesRequested="152" timestamp="2019-09-21T19:37:37.338" intervalms="87.837" />
<cycle-start id="2931" type="global" contextid="0" timestamp="2019-09-21T19:37:37.338" intervalms="87.825" />
<gc-start id="2932" type="global" contextid="2931" timestamp="2019-09-21T19:37:37.338">
  <mem-info id="2933" free="202752" total="20316160" percent="0">
    <mem type="tenure" free="202752" total="20316160" percent="0">
      <mem type="soa" free="0" total="20113408" percent="0" />
      <mem type="loa" free="202752" total="202752" percent="100" />
    </mem>
  </mem-info>
</gc-start>
<allocation-stats totalBytes="4698504" >
  <allocated-bytes non-tlh="576" tlh="4697928" />
  <largest-consumer threadName="PmdThread 5" threadId="0000000001EB3E00" bytes="1226016" />
</allocation-stats>
<gc-op id="2934" type="mark" timems="6.835" contextid="2931" timestamp="2019-09-21T19:37:37.345">
  <trace-info objectcount="371866" scancount="345325" scanbytes="11676216" />
  <finalization candidates="58" enqueued="0" />
  <ownableSynchronizers candidates="12" cleared="0" />
  <references type="soft" candidates="109" cleared="0" enqueued="0" dynamicThreshold="7" maxThreshold="32" />
  <references type="weak" candidates="1106" cleared="207" enqueued="207" />
  <references type="phantom" candidates="120" cleared="7" enqueued="7" />
  <stringconstants candidates="5174" cleared="0"  />
</gc-op>
<gc-op id="2935" type="sweep" timems="1.075" contextid="2931" timestamp="2019-09-21T19:37:37.346" />
<mem-info id="2936" free="4397856" total="20316160" percent="21">
  <mem type="tenure" free="4397856" total="20316160" percent="21" micro-fragmented="335016" macro-fragmented="4388">
    <mem type="soa" free="4195104" total="20113408" percent="20" />
    <mem type="loa" free="202752" total="202752" percent="100" />
  </mem>
  <pending-finalizers system="0" default="0" reference="214" classloader="0" />
</mem-info>
<gc-op id="2937" type="compact" timems="76.143" contextid="2931" timestamp="2019-09-21T19:37:37.423">
  <compact-info movecount="352892" movebytes="14219056" reason="compact to aid heap contraction" />
</gc-op>
<heap-resize id="2938" type="expand" space="tenure" amount="65536" count="1" timems="0.020" reason="satisfy allocation request" timestamp="2019-09-21T19:37:37.424" />
<gc-end id="2939" type="global" contextid="2931" durationms="85.487" usertimems="96.000" systemtimems="8.000" timestamp="2019-09-21T19:37:37.424" activeThreads="8">
  <mem-info id="2940" free="4886376" total="20381696" percent="23">
    <mem type="tenure" free="4886376" total="20381696" percent="23">
      <mem type="soa" free="4682600" total="20177920" percent="23" />
      <mem type="loa" free="203776" total="203776" percent="100" />
    </mem>
    <pending-finalizers system="0" default="0" reference="214" classloader="0" />
  </mem-info>
</gc-end>
<cycle-end id="2941" type="global" contextid="2931" timestamp="2019-09-21T19:37:37.424" />
  <attribute name="elasticGC enabled" value="1" />
  <attribute name= "numThreadsSpecified" value="8" />
  <attribute name="heapSize specified" value="20316160" />
  <attribute name="Current GC Util" value="6" />
  <attribute name= "Current Time Running" value="14146" />
  <attribute name ="GC Interval" value="0" />
  <attribute name="Target GC Util Change" value ="40.000000" />
  <attribute name="Current GC Util Change" value="6.000000"/>
  <attribute name="Current Error" value="34.000000" />
  <attribute name="Output H" value="20354024"/>
  <attribute name="Output I" value="2024"/>
  <attribute name="Output T" value="8"/>
  <attribute name= "Current Time Running" value="14146" />
  <attribute name="GC Util currently" value="6" />
  <attribute name="CPU Util currently" value="30222297512" />
<allocation-satisfied id="2942" threadId="0000000001EB4900" bytesRequested="152" />
<af-end id="2943" timestamp="2019-09-21T19:37:37.424" threadId="0000000001EB5288" success="true" />
<exclusive-end id="2944" timestamp="2019-09-21T19:37:37.424" durationms="86.027" />

<exclusive-start id="2945" timestamp="2019-09-21T19:37:37.432" intervalms="94.199">
  <response-info timems="0.051" idlems="0.027" threads="1" lastid="0000000001EB5500" lastname="PmdThread 7" />
</exclusive-start>
<af-start id="2946" threadId="0000000001EC2F88" totalBytesRequested="208" timestamp="2019-09-21T19:37:37.432" intervalms="94.213" />
<cycle-start id="2947" type="global" contextid="0" timestamp="2019-09-21T19:37:37.432" intervalms="94.226" />
<gc-start id="2948" type="global" contextid="2947" timestamp="2019-09-21T19:37:37.432">
  <mem-info id="2949" free="203776" total="20381696" percent="0">
    <mem type="tenure" free="203776" total="20381696" percent="0">
      <mem type="soa" free="0" total="20177920" percent="0" />
      <mem type="loa" free="203776" total="203776" percent="100" />
    </mem>
  </mem-info>
</gc-start>
<allocation-stats totalBytes="4702512" >
  <allocated-bytes non-tlh="632" tlh="4701880" />
  <largest-consumer threadName="PmdThread 1" threadId="0000000001EB3200" bytes="1277576" />
</allocation-stats>
<gc-op id="2950" type="mark" timems="5.263" contextid="2947" timestamp="2019-09-21T19:37:37.438">
  <trace-info objectcount="375769" scancount="349107" scanbytes="11823596" />
  <finalization candidates="58" enqueued="0" />
  <ownableSynchronizers candidates="12" cleared="0" />
  <references type="soft" candidates="109" cleared="1" enqueued="0" dynamicThreshold="7" maxThreshold="32" />
  <references type="weak" candidates="1059" cleared="160" enqueued="160" />
  <references type="phantom" candidates="118" cleared="4" enqueued="4" />
  <stringconstants candidates="5177" cleared="0"  />
</gc-op>
<gc-op id="2951" type="sweep" timems="0.452" contextid="2947" timestamp="2019-09-21T19:37:37.438" />
<mem-info id="2952" free="4153560" total="20381696" percent="20">
  <mem type="tenure" free="4153560" total="20381696" percent="20" micro-fragmented="451665" macro-fragmented="0">
    <mem type="soa" free="3949784" total="20177920" percent="19" />
    <mem type="loa" free="203776" total="203776" percent="100" />
  </mem>
  <pending-finalizers system="0" default="0" reference="164" classloader="0" />
</mem-info>
<gc-op id="2953" type="compact" timems="74.701" contextid="2947" timestamp="2019-09-21T19:37:37.513">
  <compact-info movecount="356795" movebytes="14323472" reason="compact to aid heap contraction" />
</gc-op>
<heap-resize id="2954" type="expand" space="tenure" amount="65536" count="1" timems="0.020" reason="satisfy allocation request" timestamp="2019-09-21T19:37:37.514" />
<gc-end id="2955" type="global" contextid="2947" durationms="81.449" usertimems="100.000" systemtimems="4.000" timestamp="2019-09-21T19:37:37.514" activeThreads="8">
  <mem-info id="2956" free="4839304" total="20447232" percent="23">
    <mem type="tenure" free="4839304" total="20447232" percent="23">
      <mem type="soa" free="4635528" total="20243456" percent="22" />
      <mem type="loa" free="203776" total="203776" percent="100" />
    </mem>
    <pending-finalizers system="0" default="0" reference="164" classloader="0" />
  </mem-info>
</gc-end>
<cycle-end id="2957" type="global" contextid="2947" timestamp="2019-09-21T19:37:37.514" />
  <attribute name="elasticGC enabled" value="1" />
  <attribute name= "numThreadsSpecified" value="8" />
  <attribute name="heapSize specified" value="20381696" />
  <attribute name="Current GC Util" value="3" />
  <attribute name= "Current Time Running" value="14236" />
  <attribute name ="GC Interval" value="0" />
  <attribute name="Target GC Util Change" value ="40.000000" />
  <attribute name="Current GC Util Change" value="3.000000"/>
  <attribute name="Current Error" value="-1052.000000" />
  <attribute name="Output H" value="20418936"/>
  <attribute name="Output I" value="1400"/>
  <attribute name="Output T" value="8"/>
  <attribute name= "Current Time Running" value="14236" />
  <attribute name="GC Util currently" value="3" />
  <attribute name="CPU Util currently" value="30781803873" />
<allocation-satisfied id="2958" threadId="0000000001EC2600" bytesRequested="208" />
<af-end id="2959" timestamp="2019-09-21T19:37:37.514" threadId="0000000001EC2F88" success="true" />
<exclusive-end id="2960" timestamp="2019-09-21T19:37:37.514" durationms="82.151" />

<exclusive-start id="2961" timestamp="2019-09-21T19:37:37.519" intervalms="86.976">
  <response-info timems="0.033" idlems="0.033" threads="0" lastid="0000000001EB3E00" lastname="PmdThread 5" />
</exclusive-start>
<af-start id="2962" threadId="0000000001EB4788" totalBytesRequested="64" timestamp="2019-09-21T19:37:37.519" intervalms="87.009" />
<cycle-start id="2963" type="global" contextid="0" timestamp="2019-09-21T19:37:37.519" intervalms="87.084" />
<gc-start id="2964" type="global" contextid="2963" timestamp="2019-09-21T19:37:37.520">
  <mem-info id="2965" free="203776" total="20447232" percent="0">
    <mem type="tenure" free="203776" total="20447232" percent="0">
      <mem type="soa" free="0" total="20243456" percent="0" />
      <mem type="loa" free="203776" total="203776" percent="100" />
    </mem>
  </mem-info>
</gc-start>
<allocation-stats totalBytes="4665536" >
  <allocated-bytes non-tlh="408" tlh="4665128" />
  <largest-consumer threadName="PmdThread 7" threadId="0000000001EB5500" bytes="2602992" />
</allocation-stats>
<gc-op id="2966" type="mark" timems="7.223" contextid="2963" timestamp="2019-09-21T19:37:37.527">
  <trace-info objectcount="391527" scancount="363746" scanbytes="12369464" />
  <finalization candidates="58" enqueued="0" />
  <ownableSynchronizers candidates="12" cleared="0" />
  <references type="soft" candidates="108" cleared="0" enqueued="0" dynamicThreshold="7" maxThreshold="32" />
  <references type="weak" candidates="1040" cleared="141" enqueued="141" />
  <references type="phantom" candidates="116" cleared="2" enqueued="2" />
  <stringconstants candidates="5179" cleared="0"  />
</gc-op>
<gc-op id="2967" type="sweep" timems="0.986" contextid="2963" timestamp="2019-09-21T19:37:37.528" />
<mem-info id="2968" free="3237424" total="20447232" percent="15">
  <mem type="tenure" free="3237424" total="20447232" percent="15" micro-fragmented="773928" macro-fragmented="0">
    <mem type="soa" free="3033648" total="20243456" percent="14" />
    <mem type="loa" free="203776" total="203776" percent="100" />
  </mem>
  <pending-finalizers system="0" default="0" reference="143" classloader="0" />
</mem-info>
<gc-op id="2969" type="compact" timems="77.347" contextid="2963" timestamp="2019-09-21T19:37:37.606">
  <compact-info movecount="372553" movebytes="14856176" reason="compact to aid heap contraction" />
</gc-op>
<heap-resize id="2970" type="expand" space="tenure" amount="65536" count="1" timems="0.020" reason="satisfy allocation request" timestamp="2019-09-21T19:37:37.606" />
<gc-end id="2971" type="global" contextid="2963" durationms="87.008" usertimems="96.000" systemtimems="4.000" timestamp="2019-09-21T19:37:37.607" activeThreads="8">
  <mem-info id="2972" free="4363944" total="20512768" percent="21">
    <mem type="tenure" free="4363944" total="20512768" percent="21">
      <mem type="soa" free="4159144" total="20307968" percent="20" />
      <mem type="loa" free="204800" total="204800" percent="100" />
    </mem>
    <pending-finalizers system="0" default="0" reference="143" classloader="0" />
  </mem-info>
</gc-end>
<cycle-end id="2973" type="global" contextid="2963" timestamp="2019-09-21T19:37:37.607" />
  <attribute name="elasticGC enabled" value="1" />
  <attribute name= "numThreadsSpecified" value="8" />
  <attribute name="heapSize specified" value="20447232" />
  <attribute name="Current GC Util" value="3" />
  <attribute name= "Current Time Running" value="14329" />
  <attribute name ="GC Interval" value="0" />
  <attribute name="Target GC Util Change" value ="40.000000" />
  <attribute name="Current GC Util Change" value="3.000000"/>
  <attribute name="Current Error" value="-246.000000" />
  <attribute name="Output H" value="20484936"/>
  <attribute name="Output I" value="1864"/>
  <attribute name="Output T" value="8"/>
  <attribute name= "Current Time Running" value="14329" />
  <attribute name="GC Util currently" value="3" />
  <attribute name="CPU Util currently" value="29732898070" />
<allocation-satisfied id="2974" threadId="0000000001EB3E00" bytesRequested="64" />
<af-end id="2975" timestamp="2019-09-21T19:37:37.607" threadId="0000000001EB4788" success="true" />
<exclusive-end id="2976" timestamp="2019-09-21T19:37:37.607" durationms="88.141" />

<exclusive-start id="2977" timestamp="2019-09-21T19:37:37.612" intervalms="92.360">
  <response-info timems="0.207" idlems="0.186" threads="1" lastid="0000000001EB6000" lastname="PmdThread 8" />
</exclusive-start>
<af-start id="2978" threadId="0000000001EBF388" totalBytesRequested="16392" timestamp="2019-09-21T19:37:37.612" intervalms="92.323" />
<cycle-start id="2979" type="global" contextid="0" timestamp="2019-09-21T19:37:37.612" intervalms="92.250" />
<gc-start id="2980" type="global" contextid="2979" timestamp="2019-09-21T19:37:37.612">
  <mem-info id="2981" free="204800" total="20512768" percent="0">
    <mem type="tenure" free="204800" total="20512768" percent="0">
      <mem type="soa" free="0" total="20307968" percent="0" />
      <mem type="loa" free="204800" total="204800" percent="100" />
    </mem>
  </mem-info>
</gc-start>
<allocation-stats totalBytes="4186240" >
  <allocated-bytes non-tlh="16848" tlh="4169392" />
  <largest-consumer threadName="PmdThread 7" threadId="0000000001EB5500" bytes="2457184" />
</allocation-stats>
<gc-op id="2982" type="mark" timems="5.860" contextid="2979" timestamp="2019-09-21T19:37:37.618">
  <trace-info objectcount="409479" scancount="380177" scanbytes="12969120" />
  <finalization candidates="58" enqueued="0" />
  <ownableSynchronizers candidates="12" cleared="0" />
  <references type="soft" candidates="108" cleared="1" enqueued="0" dynamicThreshold="6" maxThreshold="32" />
  <references type="weak" candidates="1057" cleared="156" enqueued="156" />
  <references type="phantom" candidates="117" cleared="2" enqueued="2" />
  <stringconstants candidates="5182" cleared="0"  />
</gc-op>
<gc-op id="2983" type="sweep" timems="0.454" contextid="2979" timestamp="2019-09-21T19:37:37.619" />
<mem-info id="2984" free="2615032" total="20512768" percent="12">
  <mem type="tenure" free="2615032" total="20512768" percent="12" micro-fragmented="566500" macro-fragmented="2940">
    <mem type="soa" free="2410232" total="20307968" percent="11" />
    <mem type="loa" free="204800" total="204800" percent="100" />
  </mem>
  <pending-finalizers system="0" default="0" reference="158" classloader="0" />
</mem-info>
<gc-op id="2985" type="compact" timems="81.444" contextid="2979" timestamp="2019-09-21T19:37:37.700">
  <compact-info movecount="390497" movebytes="15711336" reason="compact to aid heap contraction" />
</gc-op>
<heap-resize id="2986" type="expand" space="tenure" amount="65536" count="1" timems="0.018" reason="satisfy allocation request" timestamp="2019-09-21T19:37:37.701" />
<gc-end id="2987" type="global" contextid="2979" durationms="89.033" usertimems="104.000" systemtimems="8.000" timestamp="2019-09-21T19:37:37.701" activeThreads="8">
  <mem-info id="2988" free="3582128" total="20578304" percent="17">
    <mem type="tenure" free="3582128" total="20578304" percent="17">
      <mem type="soa" free="3377328" total="20373504" percent="16" />
      <mem type="loa" free="204800" total="204800" percent="100" />
    </mem>
    <pending-finalizers system="0" default="0" reference="158" classloader="0" />
  </mem-info>
</gc-end>
<cycle-end id="2989" type="global" contextid="2979" timestamp="2019-09-21T19:37:37.701" />
  <attribute name="elasticGC enabled" value="1" />
  <attribute name= "numThreadsSpecified" value="8" />
  <attribute name="heapSize specified" value="20512768" />
  <attribute name="Current GC Util" value="4" />
  <attribute name= "Current Time Running" value="14423" />
  <attribute name ="GC Interval" value="0" />
  <attribute name="Target GC Util Change" value ="40.000000" />
  <attribute name="Current GC Util Change" value="4.000000"/>
  <attribute name="Current Error" value="36.000000" />
  <attribute name="Output H" value="20550632"/>
  <attribute name="Output I" value="2024"/>
  <attribute name="Output T" value="8"/>
  <attribute name= "Current Time Running" value="14423" />
  <attribute name="GC Util currently" value="4" />
  <attribute name="CPU Util currently" value="28245235615" />
<allocation-satisfied id="2990" threadId="0000000001EBEA00" bytesRequested="16392" />
<af-end id="2991" timestamp="2019-09-21T19:37:37.701" threadId="0000000001EBF388" success="true" />
<exclusive-end id="2992" timestamp="2019-09-21T19:37:37.701" durationms="89.808" />

<exclusive-start id="2993" timestamp="2019-09-21T19:37:37.705" intervalms="93.251">
  <response-info timems="0.051" idlems="0.051" threads="0" lastid="0000000001EB3200" lastname="PmdThread 1" />
</exclusive-start>
<af-start id="2994" threadId="0000000001EB3B88" totalBytesRequested="64" timestamp="2019-09-21T19:37:37.705" intervalms="93.246" />
<cycle-start id="2995" type="global" contextid="0" timestamp="2019-09-21T19:37:37.705" intervalms="93.239" />
<gc-start id="2996" type="global" contextid="2995" timestamp="2019-09-21T19:37:37.705">
  <mem-info id="2997" free="204800" total="20578304" percent="0">
    <mem type="tenure" free="204800" total="20578304" percent="0">
      <mem type="soa" free="0" total="20373504" percent="0" />
      <mem type="loa" free="204800" total="204800" percent="100" />
    </mem>
  </mem-info>
</gc-start>
<allocation-stats totalBytes="3407640" >
  <allocated-bytes non-tlh="0" tlh="3407640" />
  <largest-consumer threadName="PmdThread 7" threadId="0000000001EB5500" bytes="1289952" />
</allocation-stats>
<gc-op id="2998" type="mark" timems="6.799" contextid="2995" timestamp="2019-09-21T19:37:37.712">
  <trace-info objectcount="416710" scancount="386698" scanbytes="13223152" />
  <finalization candidates="58" enqueued="0" />
  <ownableSynchronizers candidates="12" cleared="0" />
  <references type="soft" candidates="107" cleared="0" enqueued="0" dynamicThreshold="5" maxThreshold="32" />
  <references type="weak" candidates="1060" cleared="161" enqueued="161" />
  <references type="phantom" candidates="117" cleared="2" enqueued="2" />
  <stringconstants candidates="5182" cleared="0"  />
</gc-op>
<gc-op id="2999" type="sweep" timems="1.044" contextid="2995" timestamp="2019-09-21T19:37:37.713" />
<mem-info id="3000" free="2700928" total="20578304" percent="13">
  <mem type="tenure" free="2700928" total="20578304" percent="13" micro-fragmented="464757" macro-fragmented="0">
    <mem type="soa" free="2496128" total="20373504" percent="12" />
    <mem type="loa" free="204800" total="204800" percent="100" />
  </mem>
  <pending-finalizers system="0" default="0" reference="163" classloader="0" />
</mem-info>
<gc-op id="3001" type="compact" timems="83.464" contextid="2995" timestamp="2019-09-21T19:37:37.797">
  <compact-info movecount="397736" movebytes="15973384" reason="compact to aid heap contraction" />
</gc-op>
<heap-resize id="3002" type="expand" space="tenure" amount="65536" count="1" timems="0.018" reason="satisfy allocation request" timestamp="2019-09-21T19:37:37.798" />
<gc-end id="3003" type="global" contextid="2995" durationms="92.904" usertimems="116.000" systemtimems="0.000" timestamp="2019-09-21T19:37:37.798" activeThreads="8">
  <mem-info id="3004" free="3381904" total="20643840" percent="16">
    <mem type="tenure" free="3381904" total="20643840" percent="16">
      <mem type="soa" free="3176080" total="20438016" percent="15" />
      <mem type="loa" free="205824" total="205824" percent="100" />
    </mem>
    <pending-finalizers system="0" default="0" reference="163" classloader="0" />
  </mem-info>
</gc-end>
<cycle-end id="3005" type="global" contextid="2995" timestamp="2019-09-21T19:37:37.798" />
  <attribute name="elasticGC enabled" value="1" />
  <attribute name= "numThreadsSpecified" value="8" />
  <attribute name="heapSize specified" value="20578304" />
  <attribute name="Current GC Util" value="8" />
  <attribute name= "Current Time Running" value="14520" />
  <attribute name ="GC Interval" value="0" />
  <attribute name="Target GC Util Change" value ="40.000000" />
  <attribute name="Current GC Util Change" value="8.000000"/>
  <attribute name="Current Error" value="-2162.000000" />
  <attribute name="Output H" value="20614896"/>
  <attribute name="Output I" value="752"/>
  <attribute name="Output T" value="8"/>
  <attribute name= "Current Time Running" value="14520" />
  <attribute name="GC Util currently" value="8" />
  <attribute name="CPU Util currently" value="27549477395" />
<allocation-satisfied id="3006" threadId="0000000001EB3200" bytesRequested="64" />
<af-end id="3007" timestamp="2019-09-21T19:37:37.798" threadId="0000000001EB3B88" success="true" />
<exclusive-end id="3008" timestamp="2019-09-21T19:37:37.798" durationms="93.594" />

<exclusive-start id="3009" timestamp="2019-09-21T19:37:37.802" intervalms="96.890">
  <response-info timems="0.038" idlems="0.038" threads="0" lastid="0000000001EB5500" lastname="PmdThread 7" />
</exclusive-start>
<af-start id="3010" threadId="0000000001EB5E88" totalBytesRequested="16" timestamp="2019-09-21T19:37:37.802" intervalms="96.941" />
<cycle-start id="3011" type="global" contextid="0" timestamp="2019-09-21T19:37:37.802" intervalms="96.953" />
<gc-start id="3012" type="global" contextid="3011" timestamp="2019-09-21T19:37:37.802">
  <mem-info id="3013" free="205824" total="20643840" percent="0">
    <mem type="tenure" free="205824" total="20643840" percent="0">
      <mem type="soa" free="0" total="20438016" percent="0" />
      <mem type="loa" free="205824" total="205824" percent="100" />
    </mem>
  </mem-info>
</gc-start>
<allocation-stats totalBytes="3210048" >
  <allocated-bytes non-tlh="208" tlh="3209840" />
  <largest-consumer threadName="PmdThread 7" threadId="0000000001EB5500" bytes="1118008" />
</allocation-stats>
<gc-op id="3014" type="mark" timems="5.470" contextid="3011" timestamp="2019-09-21T19:37:37.808">
  <trace-info objectcount="427115" scancount="397109" scanbytes="13551976" />
  <finalization candidates="58" enqueued="0" />
  <ownableSynchronizers candidates="12" cleared="0" />
  <references type="soft" candidates="107" cleared="1" enqueued="0" dynamicThreshold="5" maxThreshold="32" />
  <references type="weak" candidates="972" cleared="73" enqueued="73" />
  <references type="phantom" candidates="112" cleared="0" enqueued="0" />
  <stringconstants candidates="5183" cleared="0"  />
</gc-op>
<gc-op id="3015" type="sweep" timems="0.739" contextid="3011" timestamp="2019-09-21T19:37:37.808" />
<mem-info id="3016" free="2659560" total="20643840" percent="12">
  <mem type="tenure" free="2659560" total="20643840" percent="12" micro-fragmented="266037" macro-fragmented="16084">
    <mem type="soa" free="2453736" total="20438016" percent="12" />
    <mem type="loa" free="205824" total="205824" percent="100" />
  </mem>
  <pending-finalizers system="0" default="0" reference="73" classloader="0" />
</mem-info>
<gc-op id="3017" type="compact" timems="85.348" contextid="3011" timestamp="2019-09-21T19:37:37.894">
  <compact-info movecount="408133" movebytes="16275456" reason="compact to aid heap contraction" />
</gc-op>
<heap-resize id="3018" type="expand" space="tenure" amount="65536" count="1" timems="0.019" reason="satisfy allocation request" timestamp="2019-09-21T19:37:37.894" />
<gc-end id="3019" type="global" contextid="3011" durationms="92.637" usertimems="116.000" systemtimems="0.000" timestamp="2019-09-21T19:37:37.895" activeThreads="8">
  <mem-info id="3020" free="3124512" total="20709376" percent="15">
    <mem type="tenure" free="3124512" total="20709376" percent="15">
      <mem type="soa" free="2917664" total="20502528" percent="14" />
      <mem type="loa" free="206848" total="206848" percent="100" />
    </mem>
    <pending-finalizers system="0" default="0" reference="73" classloader="0" />
  </mem-info>
</gc-end>
<cycle-end id="3021" type="global" contextid="3011" timestamp="2019-09-21T19:37:37.895" />
  <attribute name="elasticGC enabled" value="1" />
  <attribute name= "numThreadsSpecified" value="8" />
  <attribute name="heapSize specified" value="20643840" />
  <attribute name="Current GC Util" value="4" />
  <attribute name= "Current Time Running" value="14617" />
  <attribute name ="GC Interval" value="0" />
  <attribute name="Target GC Util Change" value ="40.000000" />
  <attribute name="Current GC Util Change" value="4.000000"/>
  <attribute name="Current Error" value="-414.000000" />
  <attribute name="Output H" value="20681448"/>
  <attribute name="Output I" value="1768"/>
  <attribute name="Output T" value="8"/>
  <attribute name= "Current Time Running" value="14617" />
  <attribute name="GC Util currently" value="4" />
  <attribute name="CPU Util currently" value="26943393149" />
<allocation-satisfied id="3022" threadId="0000000001EB5500" bytesRequested="16" />
<af-end id="3023" timestamp="2019-09-21T19:37:37.895" threadId="0000000001EB5E88" success="true" />
<exclusive-end id="3024" timestamp="2019-09-21T19:37:37.895" durationms="93.439" />

<exclusive-start id="3025" timestamp="2019-09-21T19:37:37.898" intervalms="95.893">
  <response-info timems="0.090" idlems="0.090" threads="0" lastid="0000000001EB3E00" lastname="PmdThread 5" />
</exclusive-start>
<af-start id="3026" threadId="0000000001EB4788" totalBytesRequested="128" timestamp="2019-09-21T19:37:37.898" intervalms="95.851" />
<cycle-start id="3027" type="global" contextid="0" timestamp="2019-09-21T19:37:37.898" intervalms="95.892" />
<gc-start id="3028" type="global" contextid="3027" timestamp="2019-09-21T19:37:37.898">
  <mem-info id="3029" free="206848" total="20709376" percent="0">
    <mem type="tenure" free="206848" total="20709376" percent="0">
      <mem type="soa" free="0" total="20502528" percent="0" />
      <mem type="loa" free="206848" total="206848" percent="100" />
    </mem>
  </mem-info>
</gc-start>
<allocation-stats totalBytes="2971992" >
  <allocated-bytes non-tlh="0" tlh="2971992" />
  <largest-consumer threadName="PmdThread 7" threadId="0000000001EB5500" bytes="1408744" />
</allocation-stats>
<gc-op id="3030" type="mark" timems="5.252" contextid="3027" timestamp="2019-09-21T19:37:37.903">
  <trace-info objectcount="427479" scancount="398374" scanbytes="13592316" />
  <finalization candidates="58" enqueued="0" />
  <ownableSynchronizers candidates="12" cleared="0" />
  <references type="soft" candidates="106" cleared="1" enqueued="0" dynamicThreshold="4" maxThreshold="32" />
  <references type="weak" candidates="1057" cleared="157" enqueued="157" />
  <references type="phantom" candidates="113" cleared="0" enqueued="0" />
  <stringconstants candidates="5183" cleared="0"  />
</gc-op>
<gc-op id="3031" type="sweep" timems="0.419" contextid="3027" timestamp="2019-09-21T19:37:37.904" />
<mem-info id="3032" free="2974704" total="20709376" percent="14">
  <mem type="tenure" free="2974704" total="20709376" percent="14" micro-fragmented="136477" macro-fragmented="0">
    <mem type="soa" free="2767856" total="20502528" percent="13" />
    <mem type="loa" free="206848" total="206848" percent="100" />
  </mem>
  <pending-finalizers system="0" default="0" reference="157" classloader="0" />
</mem-info>
<gc-op id="3033" type="compact" timems="83.112" contextid="3027" timestamp="2019-09-21T19:37:37.987">
  <compact-info movecount="380392" movebytes="14857776" reason="compact to aid heap contraction" />
</gc-op>
<heap-resize id="3034" type="expand" space="tenure" amount="65536" count="1" timems="0.019" reason="satisfy allocation request" timestamp="2019-09-21T19:37:37.988" />
<gc-end id="3035" type="global" contextid="3027" durationms="90.053" usertimems="108.000" systemtimems="4.000" timestamp="2019-09-21T19:37:37.988" activeThreads="8">
  <mem-info id="3036" free="3238808" total="20774912" percent="15">
    <mem type="tenure" free="3238808" total="20774912" percent="15">
      <mem type="soa" free="3031960" total="20568064" percent="14" />
      <mem type="loa" free="206848" total="206848" percent="100" />
    </mem>
    <pending-finalizers system="0" default="0" reference="157" classloader="0" />
  </mem-info>
</gc-end>
<cycle-end id="3037" type="global" contextid="3027" timestamp="2019-09-21T19:37:37.988" />
  <attribute name="elasticGC enabled" value="1" />
  <attribute name= "numThreadsSpecified" value="8" />
  <attribute name="heapSize specified" value="20709376" />
  <attribute name="Current GC Util" value="2" />
  <attribute name= "Current Time Running" value="14710" />
  <attribute name ="GC Interval" value="0" />
  <attribute name="Target GC Util Change" value ="40.000000" />
  <attribute name="Current GC Util Change" value="2.000000"/>
  <attribute name="Current Error" value="38.000000" />
  <attribute name="Output H" value="20747240"/>
  <attribute name="Output I" value="2024"/>
  <attribute name="Output T" value="8"/>
  <attribute name= "Current Time Running" value="14710" />
  <attribute name="GC Util currently" value="2" />
  <attribute name="CPU Util currently" value="27672037638" />
<allocation-satisfied id="3038" threadId="0000000001EB3E00" bytesRequested="128" />
<af-end id="3039" timestamp="2019-09-21T19:37:37.988" threadId="0000000001EB4788" success="true" />
<exclusive-end id="3040" timestamp="2019-09-21T19:37:37.989" durationms="90.944" />

<exclusive-start id="3041" timestamp="2019-09-21T19:37:37.992" intervalms="94.699">
  <response-info timems="0.126" idlems="0.126" threads="0" lastid="0000000001EB3E00" lastname="PmdThread 5" />
</exclusive-start>
<af-start id="3042" threadId="0000000001EB4788" totalBytesRequested="24" timestamp="2019-09-21T19:37:37.992" intervalms="94.784" />
<cycle-start id="3043" type="global" contextid="0" timestamp="2019-09-21T19:37:37.993" intervalms="94.801" />
<gc-start id="3044" type="global" contextid="3043" timestamp="2019-09-21T19:37:37.993">
  <mem-info id="3045" free="206848" total="20774912" percent="0">
    <mem type="tenure" free="206848" total="20774912" percent="0">
      <mem type="soa" free="0" total="20568064" percent="0" />
      <mem type="loa" free="206848" total="206848" percent="100" />
    </mem>
  </mem-info>
</gc-start>
<allocation-stats totalBytes="3067792" >
  <allocated-bytes non-tlh="0" tlh="3067792" />
  <largest-consumer threadName="PmdThread 6" threadId="0000000001EB4900" bytes="1589496" />
</allocation-stats>
<gc-op id="3046" type="mark" timems="5.587" contextid="3043" timestamp="2019-09-21T19:37:37.999">
  <trace-info objectcount="428122" scancount="399719" scanbytes="13633136" />
  <finalization candidates="58" enqueued="0" />
  <ownableSynchronizers candidates="12" cleared="0" />
  <references type="soft" candidates="105" cleared="1" enqueued="0" dynamicThreshold="4" maxThreshold="32" />
  <references type="weak" candidates="1044" cleared="144" enqueued="144" />
  <references type="phantom" candidates="113" cleared="0" enqueued="0" />
  <stringconstants candidates="5183" cleared="0"  />
</gc-op>
<gc-op id="3047" type="sweep" timems="0.485" contextid="3043" timestamp="2019-09-21T19:37:37.999" />
<mem-info id="3048" free="3067464" total="20774912" percent="14">
  <mem type="tenure" free="3067464" total="20774912" percent="14" micro-fragmented="100688" macro-fragmented="0">
    <mem type="soa" free="2860616" total="20568064" percent="13" />
    <mem type="loa" free="206848" total="206848" percent="100" />
  </mem>
  <pending-finalizers system="0" default="0" reference="144" classloader="0" />
</mem-info>
<gc-op id="3049" type="compact" timems="81.872" contextid="3043" timestamp="2019-09-21T19:37:38.081">
  <compact-info movecount="374556" movebytes="14725000" reason="compact to aid heap contraction" />
</gc-op>
<heap-resize id="3050" type="expand" space="tenure" amount="65536" count="1" timems="0.019" reason="satisfy allocation request" timestamp="2019-09-21T19:37:38.082" />
<gc-end id="3051" type="global" contextid="3043" durationms="89.133" usertimems="104.000" systemtimems="4.000" timestamp="2019-09-21T19:37:38.082" activeThreads="8">
  <mem-info id="3052" free="3287536" total="20840448" percent="15">
    <mem type="tenure" free="3287536" total="20840448" percent="15">
      <mem type="soa" free="3079664" total="20632576" percent="14" />
      <mem type="loa" free="207872" total="207872" percent="100" />
    </mem>
    <pending-finalizers system="0" default="0" reference="144" classloader="0" />
  </mem-info>
</gc-end>
<cycle-end id="3053" type="global" contextid="3043" timestamp="2019-09-21T19:37:38.082" />
  <attribute name="elasticGC enabled" value="1" />
  <attribute name= "numThreadsSpecified" value="8" />
  <attribute name="heapSize specified" value="20774912" />
  <attribute name="Current GC Util" value="2" />
  <attribute name= "Current Time Running" value="14804" />
  <attribute name ="GC Interval" value="0" />
  <attribute name="Target GC Util Change" value ="40.000000" />
  <attribute name="Current GC Util Change" value="2.000000"/>
  <attribute name="Current Error" value="-1821.000000" />
  <attribute name="Output H" value="20811704"/>
  <attribute name="Output I" value="952"/>
  <attribute name="Output T" value="8"/>
  <attribute name= "Current Time Running" value="14804" />
  <attribute name="GC Util currently" value="2" />
  <attribute name="CPU Util currently" value="28088958427" />
<allocation-satisfied id="3054" threadId="0000000001EB3E00" bytesRequested="24" />
<af-end id="3055" timestamp="2019-09-21T19:37:38.082" threadId="0000000001EB4788" success="true" />
<exclusive-end id="3056" timestamp="2019-09-21T19:37:38.082" durationms="90.037" />

<exclusive-start id="3057" timestamp="2019-09-21T19:37:38.088" intervalms="95.942">
  <response-info timems="0.083" idlems="0.083" threads="0" lastid="0000000001EB3E00" lastname="PmdThread 5" />
</exclusive-start>
<af-start id="3058" threadId="0000000001EB4788" totalBytesRequested="72" timestamp="2019-09-21T19:37:38.088" intervalms="95.929" />
<cycle-start id="3059" type="global" contextid="0" timestamp="2019-09-21T19:37:38.089" intervalms="95.940" />
<gc-start id="3060" type="global" contextid="3059" timestamp="2019-09-21T19:37:38.089">
  <mem-info id="3061" free="207872" total="20840448" percent="0">
    <mem type="tenure" free="207872" total="20840448" percent="0">
      <mem type="soa" free="0" total="20632576" percent="0" />
      <mem type="loa" free="207872" total="207872" percent="100" />
    </mem>
  </mem-info>
</gc-start>
<allocation-stats totalBytes="3107656" >
  <allocated-bytes non-tlh="0" tlh="3107656" />
  <largest-consumer threadName="PmdThread 6" threadId="0000000001EB4900" bytes="2563176" />
</allocation-stats>
<gc-op id="3062" type="mark" timems="5.380" contextid="3059" timestamp="2019-09-21T19:37:38.094">
  <trace-info objectcount="428591" scancount="400192" scanbytes="13645640" />
  <finalization candidates="58" enqueued="0" />
  <ownableSynchronizers candidates="12" cleared="0" />
  <references type="soft" candidates="104" cleared="0" enqueued="0" dynamicThreshold="5" maxThreshold="32" />
  <references type="weak" candidates="1150" cleared="251" enqueued="251" />
  <references type="phantom" candidates="113" cleared="1" enqueued="1" />
  <stringconstants candidates="5183" cleared="0"  />
</gc-op>
<gc-op id="3063" type="sweep" timems="0.515" contextid="3059" timestamp="2019-09-21T19:37:38.095" />
<mem-info id="3064" free="3268784" total="20840448" percent="15">
  <mem type="tenure" free="3268784" total="20840448" percent="15" micro-fragmented="5383" macro-fragmented="0">
    <mem type="soa" free="3060912" total="20632576" percent="14" />
    <mem type="loa" free="207872" total="207872" percent="100" />
  </mem>
  <pending-finalizers system="0" default="0" reference="252" classloader="0" />
</mem-info>
<gc-op id="3065" type="compact" timems="81.089" contextid="3059" timestamp="2019-09-21T19:37:38.176">
  <compact-info movecount="368844" movebytes="14587800" reason="compact to aid heap contraction" />
</gc-op>
<heap-resize id="3066" type="expand" space="tenure" amount="65536" count="1" timems="0.019" reason="satisfy allocation request" timestamp="2019-09-21T19:37:38.177" />
<gc-end id="3067" type="global" contextid="3059" durationms="88.384" usertimems="108.000" systemtimems="4.000" timestamp="2019-09-21T19:37:38.177" activeThreads="8">
  <mem-info id="3068" free="3336816" total="20905984" percent="15">
    <mem type="tenure" free="3336816" total="20905984" percent="15">
      <mem type="soa" free="3127920" total="20697088" percent="15" />
      <mem type="loa" free="208896" total="208896" percent="100" />
    </mem>
    <pending-finalizers system="0" default="0" reference="252" classloader="0" />
  </mem-info>
</gc-end>
<cycle-end id="3069" type="global" contextid="3059" timestamp="2019-09-21T19:37:38.177" />
  <attribute name="elasticGC enabled" value="1" />
  <attribute name= "numThreadsSpecified" value="8" />
  <attribute name="heapSize specified" value="20840448" />
  <attribute name="Current GC Util" value="2" />
  <attribute name= "Current Time Running" value="14899" />
  <attribute name ="GC Interval" value="0" />
  <attribute name="Target GC Util Change" value ="40.000000" />
  <attribute name="Current GC Util Change" value="2.000000"/>
  <attribute name="Current Error" value="-281.000000" />
  <attribute name="Output H" value="20878128"/>
  <attribute name="Output I" value="1840"/>
  <attribute name="Output T" value="8"/>
  <attribute name= "Current Time Running" value="14899" />
  <attribute name="GC Util currently" value="2" />
  <attribute name="CPU Util currently" value="28362359969" />
<allocation-satisfied id="3070" threadId="0000000001EB3E00" bytesRequested="72" />
<af-end id="3071" timestamp="2019-09-21T19:37:38.178" threadId="0000000001EB4788" success="true" />
<exclusive-end id="3072" timestamp="2019-09-21T19:37:38.178" durationms="89.475" />

<exclusive-start id="3073" timestamp="2019-09-21T19:37:38.180" intervalms="91.833">
  <response-info timems="0.047" idlems="0.047" threads="0" lastid="0000000001EB3E00" lastname="PmdThread 5" />
</exclusive-start>
<af-start id="3074" threadId="0000000001EB4788" totalBytesRequested="24" timestamp="2019-09-21T19:37:38.180" intervalms="91.782" />
<cycle-start id="3075" type="global" contextid="0" timestamp="2019-09-21T19:37:38.180" intervalms="91.736" />
<gc-start id="3076" type="global" contextid="3075" timestamp="2019-09-21T19:37:38.180">
  <mem-info id="3077" free="208896" total="20905984" percent="0">
    <mem type="tenure" free="208896" total="20905984" percent="0">
      <mem type="soa" free="0" total="20697088" percent="0" />
      <mem type="loa" free="208896" total="208896" percent="100" />
    </mem>
  </mem-info>
</gc-start>
<allocation-stats totalBytes="3162488" >
  <allocated-bytes non-tlh="172840" tlh="2989648" />
  <largest-consumer threadName="PmdThread 5" threadId="0000000001EB3E00" bytes="2014888" />
</allocation-stats>
<gc-op id="3078" type="mark" timems="5.675" contextid="3075" timestamp="2019-09-21T19:37:38.186">
  <trace-info objectcount="428941" scancount="400300" scanbytes="13657164" />
  <finalization candidates="58" enqueued="0" />
  <ownableSynchronizers candidates="12" cleared="0" />
  <references type="soft" candidates="108" cleared="0" enqueued="0" dynamicThreshold="5" maxThreshold="32" />
  <references type="weak" candidates="932" cleared="32" enqueued="32" />
  <references type="phantom" candidates="118" cleared="5" enqueued="5" />
  <stringconstants candidates="5183" cleared="0"  />
</gc-op>
<gc-op id="3079" type="sweep" timems="0.515" contextid="3075" timestamp="2019-09-21T19:37:38.187" />
<mem-info id="3080" free="3190248" total="20905984" percent="15">
  <mem type="tenure" free="3190248" total="20905984" percent="15" micro-fragmented="20348" macro-fragmented="0">
    <mem type="soa" free="2981352" total="20697088" percent="14" />
    <mem type="loa" free="208896" total="208896" percent="100" />
  </mem>
  <pending-finalizers system="0" default="0" reference="37" classloader="0" />
</mem-info>
<gc-op id="3081" type="compact" timems="65.754" contextid="3075" timestamp="2019-09-21T19:37:38.253">
  <compact-info movecount="161587" movebytes="6271488" reason="compact to aid heap contraction" />
</gc-op>
<heap-resize id="3082" type="expand" space="tenure" amount="65536" count="1" timems="0.017" reason="satisfy allocation request" timestamp="2019-09-21T19:37:38.253" />
<gc-end id="3083" type="global" contextid="3075" durationms="73.129" usertimems="92.000" systemtimems="8.000" timestamp="2019-09-21T19:37:38.253" activeThreads="8">
  <mem-info id="3084" free="3239368" total="20971520" percent="15">
    <mem type="tenure" free="3239368" total="20971520" percent="15">
      <mem type="soa" free="3030472" total="20762624" percent="14" />
      <mem type="loa" free="208896" total="208896" percent="100" />
    </mem>
    <pending-finalizers system="0" default="0" reference="37" classloader="0" />
  </mem-info>
</gc-end>
<cycle-end id="3085" type="global" contextid="3075" timestamp="2019-09-21T19:37:38.254" />
  <attribute name="elasticGC enabled" value="1" />
  <attribute name= "numThreadsSpecified" value="8" />
  <attribute name="heapSize specified" value="20905984" />
  <attribute name="Current GC Util" value="3" />
  <attribute name= "Current Time Running" value="14976" />
  <attribute name ="GC Interval" value="0" />
  <attribute name="Target GC Util Change" value ="40.000000" />
  <attribute name="Current GC Util Change" value="3.000000"/>
  <attribute name="Current Error" value="37.000000" />
  <attribute name="Output H" value="20943848"/>
  <attribute name="Output I" value="2024"/>
  <attribute name="Output T" value="8"/>
  <attribute name= "Current Time Running" value="14976" />
  <attribute name="GC Util currently" value="3" />
  <attribute name="CPU Util currently" value="34956282213" />
<allocation-satisfied id="3086" threadId="0000000001EB3E00" bytesRequested="24" />
<af-end id="3087" timestamp="2019-09-21T19:37:38.254" threadId="0000000001EB4788" success="true" />
<exclusive-end id="3088" timestamp="2019-09-21T19:37:38.254" durationms="73.963" />

<exclusive-start id="3089" timestamp="2019-09-21T19:37:38.257" intervalms="76.724">
  <response-info timems="0.102" idlems="0.053" threads="1" lastid="0000000001EB6E00" lastname="PmdThread 2" />
</exclusive-start>
<af-start id="3090" threadId="0000000001EC2F88" totalBytesRequested="624" timestamp="2019-09-21T19:37:38.257" intervalms="76.707" />
<cycle-start id="3091" type="global" contextid="0" timestamp="2019-09-21T19:37:38.257" intervalms="76.663" />
<gc-start id="3092" type="global" contextid="3091" timestamp="2019-09-21T19:37:38.257">
  <mem-info id="3093" free="208896" total="20971520" percent="0">
    <mem type="tenure" free="208896" total="20971520" percent="0">
      <mem type="soa" free="0" total="20762624" percent="0" />
      <mem type="loa" free="208896" total="208896" percent="100" />
    </mem>
  </mem-info>
</gc-start>
<allocation-stats totalBytes="3094392" >
  <allocated-bytes non-tlh="0" tlh="3094392" />
  <largest-consumer threadName="PmdThread 5" threadId="0000000001EB3E00" bytes="1539976" />
</allocation-stats>
<gc-op id="3094" type="mark" timems="8.023" contextid="3091" timestamp="2019-09-21T19:37:38.265">
  <trace-info objectcount="417578" scancount="390157" scanbytes="13296884" />
  <finalization candidates="58" enqueued="0" />
  <ownableSynchronizers candidates="12" cleared="0" />
  <references type="soft" candidates="108" cleared="1" enqueued="0" dynamicThreshold="4" maxThreshold="32" />
  <references type="weak" candidates="975" cleared="76" enqueued="76" />
  <references type="phantom" candidates="117" cleared="5" enqueued="5" />
  <stringconstants candidates="5183" cleared="0"  />
</gc-op>
<gc-op id="3095" type="sweep" timems="1.095" contextid="3091" timestamp="2019-09-21T19:37:38.266" />
<mem-info id="3096" free="4010176" total="20971520" percent="19">
  <mem type="tenure" free="4010176" total="20971520" percent="19" micro-fragmented="22933" macro-fragmented="0">
    <mem type="soa" free="3801280" total="20762624" percent="18" />
    <mem type="loa" free="208896" total="208896" percent="100" />
  </mem>
  <pending-finalizers system="0" default="0" reference="81" classloader="0" />
</mem-info>
<gc-op id="3097" type="compact" timems="86.404" contextid="3091" timestamp="2019-09-21T19:37:38.353">
  <compact-info movecount="398600" movebytes="15709288" reason="compact to aid heap contraction" />
</gc-op>
<heap-resize id="3098" type="expand" space="tenure" amount="65536" count="1" timems="0.020" reason="satisfy allocation request" timestamp="2019-09-21T19:37:38.353" />
<gc-end id="3099" type="global" contextid="3091" durationms="96.554" usertimems="112.000" systemtimems="8.000" timestamp="2019-09-21T19:37:38.354" activeThreads="8">
  <mem-info id="3100" free="4055408" total="21037056" percent="19">
    <mem type="tenure" free="4055408" total="21037056" percent="19">
      <mem type="soa" free="3845488" total="20827136" percent="18" />
      <mem type="loa" free="209920" total="209920" percent="100" />
    </mem>
    <pending-finalizers system="0" default="0" reference="81" classloader="0" />
  </mem-info>
</gc-end>
<cycle-end id="3101" type="global" contextid="3091" timestamp="2019-09-21T19:37:38.354" />
  <attribute name="elasticGC enabled" value="1" />
  <attribute name= "numThreadsSpecified" value="8" />
  <attribute name="heapSize specified" value="20971520" />
  <attribute name="Current GC Util" value="4" />
  <attribute name= "Current Time Running" value="15076" />
  <attribute name ="GC Interval" value="0" />
  <attribute name="Target GC Util Change" value ="40.000000" />
  <attribute name="Current GC Util Change" value="4.000000"/>
  <attribute name="Current Error" value="-1956.000000" />
  <attribute name="Output H" value="21008232"/>
  <attribute name="Output I" value="872"/>
  <attribute name="Output T" value="8"/>
  <attribute name= "Current Time Running" value="15076" />
  <attribute name="GC Util currently" value="4" />
  <attribute name="CPU Util currently" value="26636553130" />
<allocation-satisfied id="3102" threadId="0000000001EC2600" bytesRequested="624" />
<af-end id="3103" timestamp="2019-09-21T19:37:38.354" threadId="0000000001EC2F88" success="true" />
<exclusive-end id="3104" timestamp="2019-09-21T19:37:38.354" durationms="97.160" />

<exclusive-start id="3105" timestamp="2019-09-21T19:37:38.360" intervalms="103.662">
  <response-info timems="0.054" idlems="0.054" threads="0" lastid="0000000001EB6E00" lastname="PmdThread 2" />
</exclusive-start>
<af-start id="3106" threadId="0000000001EB7788" totalBytesRequested="24" timestamp="2019-09-21T19:37:38.361" intervalms="103.665" />
<cycle-start id="3107" type="global" contextid="0" timestamp="2019-09-21T19:37:38.361" intervalms="103.682" />
<gc-start id="3108" type="global" contextid="3107" timestamp="2019-09-21T19:37:38.361">
  <mem-info id="3109" free="209920" total="21037056" percent="0">
    <mem type="tenure" free="209920" total="21037056" percent="0">
      <mem type="soa" free="0" total="20827136" percent="0" />
      <mem type="loa" free="209920" total="209920" percent="100" />
    </mem>
  </mem-info>
</gc-start>
<allocation-stats totalBytes="3862232" >
  <allocated-bytes non-tlh="16600" tlh="3845632" />
  <largest-consumer threadName="PmdThread 3" threadId="0000000001EBEA00" bytes="1277896" />
</allocation-stats>
<gc-op id="3110" type="mark" timems="5.998" contextid="3107" timestamp="2019-09-21T19:37:38.367">
  <trace-info objectcount="417309" scancount="389982" scanbytes="13297928" />
  <finalization candidates="58" enqueued="0" />
  <ownableSynchronizers candidates="12" cleared="0" />
  <references type="soft" candidates="108" cleared="0" enqueued="0" dynamicThreshold="6" maxThreshold="32" />
  <references type="weak" candidates="998" cleared="98" enqueued="96" />
  <references type="phantom" candidates="118" cleared="4" enqueued="4" />
  <stringconstants candidates="5184" cleared="0"  />
</gc-op>
<gc-op id="3111" type="sweep" timems="0.493" contextid="3107" timestamp="2019-09-21T19:37:38.367" />
<mem-info id="3112" free="3731896" total="21037056" percent="17">
  <mem type="tenure" free="3731896" total="21037056" percent="17" micro-fragmented="170994" macro-fragmented="0">
    <mem type="soa" free="3521976" total="20827136" percent="16" />
    <mem type="loa" free="209920" total="209920" percent="100" />
  </mem>
  <pending-finalizers system="0" default="0" reference="100" classloader="0" />
</mem-info>
<gc-op id="3113" type="compact" timems="85.544" contextid="3107" timestamp="2019-09-21T19:37:38.453">
  <compact-info movecount="398335" movebytes="15788712" reason="compact to aid heap contraction" />
</gc-op>
<heap-resize id="3114" type="expand" space="tenure" amount="65536" count="1" timems="0.019" reason="satisfy allocation request" timestamp="2019-09-21T19:37:38.454" />
<gc-end id="3115" type="global" contextid="3107" durationms="93.282" usertimems="108.000" systemtimems="4.000" timestamp="2019-09-21T19:37:38.454" activeThreads="8">
  <mem-info id="3116" free="4037616" total="21102592" percent="19">
    <mem type="tenure" free="4037616" total="21102592" percent="19">
      <mem type="soa" free="3826672" total="20891648" percent="18" />
      <mem type="loa" free="210944" total="210944" percent="100" />
    </mem>
    <pending-finalizers system="0" default="0" reference="100" classloader="0" />
  </mem-info>
</gc-end>
<cycle-end id="3117" type="global" contextid="3107" timestamp="2019-09-21T19:37:38.454" />
  <attribute name="elasticGC enabled" value="1" />
  <attribute name= "numThreadsSpecified" value="8" />
  <attribute name="heapSize specified" value="21037056" />
  <attribute name="Current GC Util" value="3" />
  <attribute name= "Current Time Running" value="15176" />
  <attribute name ="GC Interval" value="0" />
  <attribute name="Target GC Util Change" value ="40.000000" />
  <attribute name="Current GC Util Change" value="3.000000"/>
  <attribute name="Current Error" value="-260.000000" />
  <attribute name="Output H" value="21074752"/>
  <attribute name="Output I" value="1856"/>
  <attribute name="Output T" value="8"/>
  <attribute name= "Current Time Running" value="15176" />
  <attribute name="GC Util currently" value="3" />
  <attribute name="CPU Util currently" value="26871244082" />
<allocation-satisfied id="3118" threadId="0000000001EB6E00" bytesRequested="24" />
<af-end id="3119" timestamp="2019-09-21T19:37:38.454" threadId="0000000001EB7788" success="true" />
<exclusive-end id="3120" timestamp="2019-09-21T19:37:38.454" durationms="94.031" />

<exclusive-start id="3121" timestamp="2019-09-21T19:37:38.462" intervalms="101.763">
  <response-info timems="0.086" idlems="0.086" threads="0" lastid="0000000001EB5500" lastname="PmdThread 7" />
</exclusive-start>
<af-start id="3122" threadId="0000000001EB5E88" totalBytesRequested="64" timestamp="2019-09-21T19:37:38.462" intervalms="101.771" />
<cycle-start id="3123" type="global" contextid="0" timestamp="2019-09-21T19:37:38.462" intervalms="101.841" />
<gc-start id="3124" type="global" contextid="3123" timestamp="2019-09-21T19:37:38.463">
  <mem-info id="3125" free="210944" total="21102592" percent="0">
    <mem type="tenure" free="210944" total="21102592" percent="0">
      <mem type="soa" free="0" total="20891648" percent="0" />
      <mem type="loa" free="210944" total="210944" percent="100" />
    </mem>
  </mem-info>
</gc-start>
<allocation-stats totalBytes="3848016" >
  <allocated-bytes non-tlh="1808" tlh="3846208" />
  <largest-consumer threadName="PmdThread 2" threadId="0000000001EB6E00" bytes="892424" />
</allocation-stats>
<gc-op id="3126" type="mark" timems="5.489" contextid="3123" timestamp="2019-09-21T19:37:38.468">
  <trace-info objectcount="423184" scancount="395120" scanbytes="13467092" />
  <finalization candidates="58" enqueued="0" />
  <ownableSynchronizers candidates="12" cleared="0" />
  <references type="soft" candidates="110" cleared="0" enqueued="0" dynamicThreshold="6" maxThreshold="32" />
  <references type="weak" candidates="1073" cleared="171" enqueued="171" />
  <references type="phantom" candidates="125" cleared="13" enqueued="13" />
  <stringconstants candidates="5194" cleared="0"  />
</gc-op>
<gc-op id="3127" type="sweep" timems="0.721" contextid="3123" timestamp="2019-09-21T19:37:38.469" />
<mem-info id="3128" free="3431344" total="21102592" percent="16">
  <mem type="tenure" free="3431344" total="21102592" percent="16" micro-fragmented="217823" macro-fragmented="18870">
    <mem type="soa" free="3220400" total="20891648" percent="15" />
    <mem type="loa" free="210944" total="210944" percent="100" />
  </mem>
  <pending-finalizers system="0" default="0" reference="184" classloader="0" />
</mem-info>
<gc-op id="3129" type="compact" timems="86.051" contextid="3123" timestamp="2019-09-21T19:37:38.555">
  <compact-info movecount="404218" movebytes="16051696" reason="compact to aid heap contraction" />
</gc-op>
<heap-resize id="3130" type="expand" space="tenure" amount="65536" count="1" timems="0.018" reason="satisfy allocation request" timestamp="2019-09-21T19:37:38.556" />
<gc-end id="3131" type="global" contextid="3123" durationms="93.548" usertimems="112.000" systemtimems="0.000" timestamp="2019-09-21T19:37:38.556" activeThreads="8">
  <mem-info id="3132" free="3840544" total="21168128" percent="18">
    <mem type="tenure" free="3840544" total="21168128" percent="18">
      <mem type="soa" free="3629600" total="20957184" percent="17" />
      <mem type="loa" free="210944" total="210944" percent="100" />
    </mem>
    <pending-finalizers system="0" default="0" reference="184" classloader="0" />
  </mem-info>
</gc-end>
<cycle-end id="3133" type="global" contextid="3123" timestamp="2019-09-21T19:37:38.556" />
  <attribute name="elasticGC enabled" value="1" />
  <attribute name= "numThreadsSpecified" value="8" />
  <attribute name="heapSize specified" value="21102592" />
  <attribute name="Current GC Util" value="3" />
  <attribute name= "Current Time Running" value="15278" />
  <attribute name ="GC Interval" value="0" />
  <attribute name="Target GC Util Change" value ="40.000000" />
  <attribute name="Current GC Util Change" value="3.000000"/>
  <attribute name="Current Error" value="37.000000" />
  <attribute name="Output H" value="21140456"/>
  <attribute name="Output I" value="2024"/>
  <attribute name="Output T" value="8"/>
  <attribute name= "Current Time Running" value="15278" />
  <attribute name="GC Util currently" value="3" />
  <attribute name="CPU Util currently" value="26719735446" />
<allocation-satisfied id="3134" threadId="0000000001EB5500" bytesRequested="64" />
<af-end id="3135" timestamp="2019-09-21T19:37:38.557" threadId="0000000001EB5E88" success="true" />
<exclusive-end id="3136" timestamp="2019-09-21T19:37:38.557" durationms="94.465" />

<exclusive-start id="3137" timestamp="2019-09-21T19:37:38.563" intervalms="100.320">
  <response-info timems="0.064" idlems="0.036" threads="1" lastid="0000000001EBEA00" lastname="PmdThread 3" />
</exclusive-start>
<af-start id="3138" threadId="0000000001EB6988" totalBytesRequested="24" timestamp="2019-09-21T19:37:38.563" intervalms="100.292" />
<cycle-start id="3139" type="global" contextid="0" timestamp="2019-09-21T19:37:38.563" intervalms="100.239" />
<gc-start id="3140" type="global" contextid="3139" timestamp="2019-09-21T19:37:38.563">
  <mem-info id="3141" free="210944" total="21168128" percent="0">
    <mem type="tenure" free="210944" total="21168128" percent="0">
      <mem type="soa" free="0" total="20957184" percent="0" />
      <mem type="loa" free="210944" total="210944" percent="100" />
    </mem>
  </mem-info>
</gc-start>
<allocation-stats totalBytes="3644768" >
  <allocated-bytes non-tlh="1040" tlh="3643728" />
  <largest-consumer threadName="PmdThread 2" threadId="0000000001EB6E00" bytes="1392152" />
</allocation-stats>
<gc-op id="3142" type="mark" timems="9.518" contextid="3139" timestamp="2019-09-21T19:37:38.572">
  <trace-info objectcount="396031" scancount="368520" scanbytes="12510664" />
  <finalization candidates="58" enqueued="0" />
  <ownableSynchronizers candidates="12" cleared="0" />
  <references type="soft" candidates="110" cleared="0" enqueued="0" dynamicThreshold="5" maxThreshold="32" />
  <references type="weak" candidates="1046" cleared="145" enqueued="145" />
  <references type="phantom" candidates="117" cleared="3" enqueued="3" />
  <stringconstants candidates="5199" cleared="0"  />
</gc-op>
<gc-op id="3143" type="sweep" timems="0.928" contextid="3139" timestamp="2019-09-21T19:37:38.574" />
<mem-info id="3144" free="4351272" total="21168128" percent="20">
  <mem type="tenure" free="4351272" total="21168128" percent="20" micro-fragmented="244701" macro-fragmented="0">
    <mem type="soa" free="4140328" total="20957184" percent="19" />
    <mem type="loa" free="210944" total="210944" percent="100" />
  </mem>
  <pending-finalizers system="0" default="0" reference="148" classloader="0" />
</mem-info>
<gc-op id="3145" type="compact" timems="80.201" contextid="3139" timestamp="2019-09-21T19:37:38.654">
  <compact-info movecount="377049" movebytes="15134512" reason="compact to aid heap contraction" />
</gc-op>
<heap-resize id="3146" type="expand" space="tenure" amount="65536" count="1" timems="0.023" reason="satisfy allocation request" timestamp="2019-09-21T19:37:38.654" />
<gc-end id="3147" type="global" contextid="3139" durationms="91.761" usertimems="88.000" systemtimems="16.000" timestamp="2019-09-21T19:37:38.655" activeThreads="8">
  <mem-info id="3148" free="4818400" total="21233664" percent="22">
    <mem type="tenure" free="4818400" total="21233664" percent="22">
      <mem type="soa" free="4606432" total="21021696" percent="21" />
      <mem type="loa" free="211968" total="211968" percent="100" />
    </mem>
    <pending-finalizers system="0" default="0" reference="148" classloader="0" />
  </mem-info>
</gc-end>
<cycle-end id="3149" type="global" contextid="3139" timestamp="2019-09-21T19:37:38.655" />
  <attribute name="elasticGC enabled" value="1" />
  <attribute name= "numThreadsSpecified" value="8" />
  <attribute name="heapSize specified" value="21168128" />
  <attribute name="Current GC Util" value="3" />
  <attribute name= "Current Time Running" value="15377" />
  <attribute name ="GC Interval" value="0" />
  <attribute name="Target GC Util Change" value ="40.000000" />
  <attribute name="Current GC Util Change" value="3.000000"/>
  <attribute name="Current Error" value="-1340.000000" />
  <attribute name="Output H" value="21205200"/>
  <attribute name="Output I" value="1232"/>
  <attribute name="Output T" value="8"/>
  <attribute name= "Current Time Running" value="15377" />
  <attribute name="GC Util currently" value="3" />
  <attribute name="CPU Util currently" value="28685987851" />
<allocation-satisfied id="3150" threadId="0000000001EB6000" bytesRequested="24" />
<af-end id="3151" timestamp="2019-09-21T19:37:38.655" threadId="0000000001EB6988" success="true" />
<exclusive-end id="3152" timestamp="2019-09-21T19:37:38.655" durationms="92.592" />

<exclusive-start id="3153" timestamp="2019-09-21T19:37:38.663" intervalms="100.066">
  <response-info timems="0.314" idlems="0.293" threads="2" lastid="0000000001EB5500" lastname="PmdThread 7" />
</exclusive-start>
<af-start id="3154" threadId="0000000001EC2F88" totalBytesRequested="24" timestamp="2019-09-21T19:37:38.663" intervalms="100.169" />
<cycle-start id="3155" type="global" contextid="0" timestamp="2019-09-21T19:37:38.663" intervalms="100.226" />
<gc-start id="3156" type="global" contextid="3155" timestamp="2019-09-21T19:37:38.663">
  <mem-info id="3157" free="211968" total="21233664" percent="0">
    <mem type="tenure" free="211968" total="21233664" percent="0">
      <mem type="soa" free="0" total="21021696" percent="0" />
      <mem type="loa" free="211968" total="211968" percent="100" />
    </mem>
  </mem-info>
</gc-start>
<allocation-stats totalBytes="4631152" >
  <allocated-bytes non-tlh="1640" tlh="4629512" />
  <largest-consumer threadName="PmdThread 5" threadId="0000000001EB3E00" bytes="1360032" />
</allocation-stats>
<gc-op id="3158" type="mark" timems="7.842" contextid="3155" timestamp="2019-09-21T19:37:38.671">
  <trace-info objectcount="394779" scancount="367536" scanbytes="12478220" />
  <finalization candidates="58" enqueued="0" />
  <ownableSynchronizers candidates="12" cleared="0" />
  <references type="soft" candidates="110" cleared="0" enqueued="0" dynamicThreshold="7" maxThreshold="32" />
  <references type="weak" candidates="1054" cleared="154" enqueued="154" />
  <references type="phantom" candidates="120" cleared="8" enqueued="8" />
  <stringconstants candidates="5207" cleared="0"  />
</gc-op>
<gc-op id="3159" type="sweep" timems="0.723" contextid="3155" timestamp="2019-09-21T19:37:38.672" />
<mem-info id="3160" free="4536704" total="21233664" percent="21">
  <mem type="tenure" free="4536704" total="21233664" percent="21" micro-fragmented="313422" macro-fragmented="0">
    <mem type="soa" free="4324736" total="21021696" percent="20" />
    <mem type="loa" free="211968" total="211968" percent="100" />
  </mem>
  <pending-finalizers system="0" default="0" reference="162" classloader="0" />
</mem-info>
<gc-op id="3161" type="compact" timems="79.469" contextid="3155" timestamp="2019-09-21T19:37:38.752">
  <compact-info movecount="375809" movebytes="15037984" reason="compact to aid heap contraction" />
</gc-op>
<heap-resize id="3162" type="expand" space="tenure" amount="65536" count="1" timems="0.020" reason="satisfy allocation request" timestamp="2019-09-21T19:37:38.752" />
<gc-end id="3163" type="global" contextid="3155" durationms="89.577" usertimems="104.000" systemtimems="4.000" timestamp="2019-09-21T19:37:38.753" activeThreads="8">
  <mem-info id="3164" free="4976936" total="21299200" percent="23">
    <mem type="tenure" free="4976936" total="21299200" percent="23">
      <mem type="soa" free="4763944" total="21086208" percent="22" />
      <mem type="loa" free="212992" total="212992" percent="100" />
    </mem>
    <pending-finalizers system="0" default="0" reference="162" classloader="0" />
  </mem-info>
</gc-end>
<cycle-end id="3165" type="global" contextid="3155" timestamp="2019-09-21T19:37:38.753" />
  <attribute name="elasticGC enabled" value="1" />
  <attribute name= "numThreadsSpecified" value="8" />
  <attribute name="heapSize specified" value="21233664" />
  <attribute name="Current GC Util" value="3" />
  <attribute name= "Current Time Running" value="15475" />
  <attribute name ="GC Interval" value="0" />
  <attribute name="Target GC Util Change" value ="40.000000" />
  <attribute name="Current GC Util Change" value="3.000000"/>
  <attribute name="Current Error" value="-174.000000" />
  <attribute name="Output H" value="21271408"/>
  <attribute name="Output I" value="1904"/>
  <attribute name="Output T" value="8"/>
  <attribute name= "Current Time Running" value="15475" />
  <attribute name="GC Util currently" value="3" />
  <attribute name="CPU Util currently" value="28915939159" />
<allocation-satisfied id="3166" threadId="0000000001EC2600" bytesRequested="24" />
<af-end id="3167" timestamp="2019-09-21T19:37:38.753" threadId="0000000001EC2F88" success="true" />
<exclusive-end id="3168" timestamp="2019-09-21T19:37:38.753" durationms="90.706" />

<exclusive-start id="3169" timestamp="2019-09-21T19:37:38.757" intervalms="94.741">
  <response-info timems="0.231" idlems="0.231" threads="0" lastid="0000000001EB5500" lastname="PmdThread 7" />
</exclusive-start>
<af-start id="3170" threadId="0000000001EB5E88" totalBytesRequested="16" timestamp="2019-09-21T19:37:38.757" intervalms="94.702" />
<cycle-start id="3171" type="global" contextid="0" timestamp="2019-09-21T19:37:38.758" intervalms="94.636" />
<gc-start id="3172" type="global" contextid="3171" timestamp="2019-09-21T19:37:38.758">
  <mem-info id="3173" free="212992" total="21299200" percent="1">
    <mem type="tenure" free="212992" total="21299200" percent="1">
      <mem type="soa" free="0" total="21086208" percent="0" />
      <mem type="loa" free="212992" total="212992" percent="100" />
    </mem>
    <pending-finalizers system="0" default="0" reference="162" classloader="0" />
  </mem-info>
</gc-start>
<allocation-stats totalBytes="4789664" >
  <allocated-bytes non-tlh="224" tlh="4789440" />
  <largest-consumer threadName="PmdThread 7" threadId="0000000001EB5500" bytes="2518808" />
</allocation-stats>
<gc-op id="3174" type="mark" timems="6.964" contextid="3171" timestamp="2019-09-21T19:37:38.765">
  <trace-info objectcount="388776" scancount="362187" scanbytes="12288900" />
  <finalization candidates="58" enqueued="0" />
  <ownableSynchronizers candidates="12" cleared="0" />
  <references type="soft" candidates="110" cleared="0" enqueued="0" dynamicThreshold="7" maxThreshold="32" />
  <references type="weak" candidates="1134" cleared="234" enqueued="234" />
  <references type="phantom" candidates="112" cleared="0" enqueued="0" />
  <stringconstants candidates="5208" cleared="0"  />
</gc-op>
<gc-op id="3175" type="sweep" timems="0.721" contextid="3171" timestamp="2019-09-21T19:37:38.766" />
<mem-info id="3176" free="5317440" total="21299200" percent="24">
  <mem type="tenure" free="5317440" total="21299200" percent="24" micro-fragmented="24321" macro-fragmented="0">
    <mem type="soa" free="5104448" total="21086208" percent="24" />
    <mem type="loa" free="212992" total="212992" percent="100" />
  </mem>
  <pending-finalizers system="0" default="0" reference="396" classloader="0" />
</mem-info>
<gc-op id="3177" type="compact" timems="82.418" contextid="3171" timestamp="2019-09-21T19:37:38.848">
  <compact-info movecount="369802" movebytes="14711048" reason="compact to aid heap contraction" />
</gc-op>
<heap-resize id="3178" type="expand" space="tenure" amount="65536" count="1" timems="0.019" reason="satisfy allocation request" timestamp="2019-09-21T19:37:38.849" />
<gc-end id="3179" type="global" contextid="3171" durationms="91.260" usertimems="108.000" systemtimems="0.000" timestamp="2019-09-21T19:37:38.849" activeThreads="8">
  <mem-info id="3180" free="5336456" total="21364736" percent="24">
    <mem type="tenure" free="5336456" total="21364736" percent="24">
      <mem type="soa" free="5123464" total="21151744" percent="24" />
      <mem type="loa" free="212992" total="212992" percent="100" />
    </mem>
    <pending-finalizers system="0" default="0" reference="396" classloader="0" />
  </mem-info>
</gc-end>
<cycle-end id="3181" type="global" contextid="3171" timestamp="2019-09-21T19:37:38.849" />
  <attribute name="elasticGC enabled" value="1" />
  <attribute name= "numThreadsSpecified" value="8" />
  <attribute name="heapSize specified" value="21299200" />
  <attribute name="Current GC Util" value="5" />
  <attribute name= "Current Time Running" value="15571" />
  <attribute name ="GC Interval" value="0" />
  <attribute name="Target GC Util Change" value ="40.000000" />
  <attribute name="Current GC Util Change" value="5.000000"/>
  <attribute name="Current Error" value="35.000000" />
  <attribute name="Output H" value="21337064"/>
  <attribute name="Output I" value="2024"/>
  <attribute name="Output T" value="8"/>
  <attribute name= "Current Time Running" value="15571" />
  <attribute name="GC Util currently" value="5" />
  <attribute name="CPU Util currently" value="27895761541" />
<allocation-satisfied id="3182" threadId="0000000001EB5500" bytesRequested="16" />
<af-end id="3183" timestamp="2019-09-21T19:37:38.849" threadId="0000000001EB5E88" success="true" />
<exclusive-end id="3184" timestamp="2019-09-21T19:37:38.849" durationms="92.167" />

<exclusive-start id="3185" timestamp="2019-09-21T19:37:38.853" intervalms="95.434">
  <response-info timems="0.050" idlems="0.050" threads="0" lastid="0000000001EC2600" lastname="PmdThread 4" />
</exclusive-start>
<af-start id="3186" threadId="0000000001EC2F88" totalBytesRequested="8200" timestamp="2019-09-21T19:37:38.853" intervalms="95.406" />
<cycle-start id="3187" type="global" contextid="0" timestamp="2019-09-21T19:37:38.853" intervalms="95.423" />
<gc-start id="3188" type="global" contextid="3187" timestamp="2019-09-21T19:37:38.853">
  <mem-info id="3189" free="212992" total="21364736" percent="0">
    <mem type="tenure" free="212992" total="21364736" percent="0">
      <mem type="soa" free="0" total="21151744" percent="0" />
      <mem type="loa" free="212992" total="212992" percent="100" />
    </mem>
  </mem-info>
</gc-start>
<allocation-stats totalBytes="5182504" >
  <allocated-bytes non-tlh="16600" tlh="5165904" />
  <largest-consumer threadName="PmdThread 7" threadId="0000000001EB5500" bytes="2326344" />
</allocation-stats>
<gc-op id="3190" type="mark" timems="9.545" contextid="3187" timestamp="2019-09-21T19:37:38.863">
  <trace-info objectcount="393159" scancount="365914" scanbytes="12425552" />
  <finalization candidates="58" enqueued="0" />
  <ownableSynchronizers candidates="12" cleared="0" />
  <references type="soft" candidates="110" cleared="1" enqueued="0" dynamicThreshold="7" maxThreshold="32" />
  <references type="weak" candidates="972" cleared="71" enqueued="70" />
  <references type="phantom" candidates="118" cleared="3" enqueued="3" />
  <stringconstants candidates="5209" cleared="0"  />
</gc-op>
<gc-op id="3191" type="sweep" timems="0.555" contextid="3187" timestamp="2019-09-21T19:37:38.864" />
<mem-info id="3192" free="4828016" total="21364736" percent="22">
  <mem type="tenure" free="4828016" total="21364736" percent="22" micro-fragmented="238596" macro-fragmented="0">
    <mem type="soa" free="4615024" total="21151744" percent="21" />
    <mem type="loa" free="212992" total="212992" percent="100" />
  </mem>
  <pending-finalizers system="0" default="0" reference="73" classloader="0" />
</mem-info>
<gc-op id="3193" type="compact" timems="80.103" contextid="3187" timestamp="2019-09-21T19:37:38.944">
  <compact-info movecount="355351" movebytes="14244320" reason="compact to aid heap contraction" />
</gc-op>
<heap-resize id="3194" type="expand" space="tenure" amount="65536" count="1" timems="0.019" reason="satisfy allocation request" timestamp="2019-09-21T19:37:38.944" />
<gc-end id="3195" type="global" contextid="3187" durationms="91.436" usertimems="108.000" systemtimems="0.000" timestamp="2019-09-21T19:37:38.945" activeThreads="8">
  <mem-info id="3196" free="5192776" total="21430272" percent="24">
    <mem type="tenure" free="5192776" total="21430272" percent="24">
      <mem type="soa" free="4978760" total="21216256" percent="23" />
      <mem type="loa" free="214016" total="214016" percent="100" />
    </mem>
    <pending-finalizers system="0" default="0" reference="73" classloader="0" />
  </mem-info>
</gc-end>
<cycle-end id="3197" type="global" contextid="3187" timestamp="2019-09-21T19:37:38.945" />
  <attribute name="elasticGC enabled" value="1" />
  <attribute name= "numThreadsSpecified" value="8" />
  <attribute name="heapSize specified" value="21364736" />
  <attribute name="Current GC Util" value="3" />
  <attribute name= "Current Time Running" value="15667" />
  <attribute name ="GC Interval" value="0" />
  <attribute name="Target GC Util Change" value ="40.000000" />
  <attribute name="Current GC Util Change" value="3.000000"/>
  <attribute name="Current Error" value="-1876.000000" />
  <attribute name="Output H" value="21401496"/>
  <attribute name="Output I" value="920"/>
  <attribute name="Output T" value="8"/>
  <attribute name= "Current Time Running" value="15667" />
  <attribute name="GC Util currently" value="3" />
  <attribute name="CPU Util currently" value="28710315178" />
<allocation-satisfied id="3198" threadId="0000000001EC2600" bytesRequested="8200" />
<af-end id="3199" timestamp="2019-09-21T19:37:38.945" threadId="0000000001EC2F88" success="true" />
<exclusive-end id="3200" timestamp="2019-09-21T19:37:38.945" durationms="92.439" />

<exclusive-start id="3201" timestamp="2019-09-21T19:37:38.948" intervalms="95.582">
  <response-info timems="0.062" idlems="0.033" threads="1" lastid="0000000001EB4900" lastname="PmdThread 6" />
</exclusive-start>
<af-start id="3202" threadId="0000000001EB3B88" totalBytesRequested="56" timestamp="2019-09-21T19:37:38.948" intervalms="95.542" />
<cycle-start id="3203" type="global" contextid="0" timestamp="2019-09-21T19:37:38.949" intervalms="95.600" />
<gc-start id="3204" type="global" contextid="3203" timestamp="2019-09-21T19:37:38.949">
  <mem-info id="3205" free="214016" total="21430272" percent="0">
    <mem type="tenure" free="214016" total="21430272" percent="0">
      <mem type="soa" free="0" total="21216256" percent="0" />
      <mem type="loa" free="214016" total="214016" percent="100" />
    </mem>
  </mem-info>
</gc-start>
<allocation-stats totalBytes="5009944" >
  <allocated-bytes non-tlh="192" tlh="5009752" />
  <largest-consumer threadName="PmdThread 7" threadId="0000000001EB5500" bytes="1802048" />
</allocation-stats>
<gc-op id="3206" type="mark" timems="8.696" contextid="3203" timestamp="2019-09-21T19:37:38.957">
  <trace-info objectcount="405008" scancount="376826" scanbytes="12834324" />
  <finalization candidates="58" enqueued="0" />
  <ownableSynchronizers candidates="12" cleared="0" />
  <references type="soft" candidates="109" cleared="0" enqueued="0" dynamicThreshold="7" maxThreshold="32" />
  <references type="weak" candidates="961" cleared="61" enqueued="61" />
  <references type="phantom" candidates="116" cleared="1" enqueued="1" />
  <stringconstants candidates="5210" cleared="0"  />
</gc-op>
<gc-op id="3207" type="sweep" timems="0.938" contextid="3203" timestamp="2019-09-21T19:37:38.959" />
<mem-info id="3208" free="3994256" total="21430272" percent="18">
  <mem type="tenure" free="3994256" total="21430272" percent="18" micro-fragmented="581995" macro-fragmented="0">
    <mem type="soa" free="3780240" total="21216256" percent="17" />
    <mem type="loa" free="214016" total="214016" percent="100" />
  </mem>
  <pending-finalizers system="0" default="0" reference="62" classloader="0" />
</mem-info>
<gc-op id="3209" type="compact" timems="83.031" contextid="3203" timestamp="2019-09-21T19:37:39.042">
  <compact-info movecount="306864" movebytes="12232400" reason="compact to aid heap contraction" />
</gc-op>
<heap-resize id="3210" type="expand" space="tenure" amount="65536" count="1" timems="0.019" reason="satisfy allocation request" timestamp="2019-09-21T19:37:39.043" />
<gc-end id="3211" type="global" contextid="3203" durationms="94.383" usertimems="104.000" systemtimems="8.000" timestamp="2019-09-21T19:37:39.043" activeThreads="8">
  <mem-info id="3212" free="4771200" total="21495808" percent="22">
    <mem type="tenure" free="4771200" total="21495808" percent="22">
      <mem type="soa" free="4557184" total="21281792" percent="21" />
      <mem type="loa" free="214016" total="214016" percent="100" />
    </mem>
    <pending-finalizers system="0" default="0" reference="62" classloader="0" />
  </mem-info>
</gc-end>
<cycle-end id="3213" type="global" contextid="3203" timestamp="2019-09-21T19:37:39.043" />
  <attribute name="elasticGC enabled" value="1" />
  <attribute name= "numThreadsSpecified" value="8" />
  <attribute name="heapSize specified" value="21430272" />
  <attribute name="Current GC Util" value="6" />
  <attribute name= "Current Time Running" value="15765" />
  <attribute name ="GC Interval" value="0" />
  <attribute name="Target GC Util Change" value ="40.000000" />
  <attribute name="Current GC Util Change" value="6.000000"/>
  <attribute name="Current Error" value="-159.000000" />
  <attribute name="Output H" value="21468024"/>
  <attribute name="Output I" value="1912"/>
  <attribute name="Output T" value="8"/>
  <attribute name= "Current Time Running" value="15765" />
  <attribute name="GC Util currently" value="6" />
  <attribute name="CPU Util currently" value="27683851202" />
<allocation-satisfied id="3214" threadId="0000000001EB3200" bytesRequested="56" />
<af-end id="3215" timestamp="2019-09-21T19:37:39.044" threadId="0000000001EB3B88" success="true" />
<exclusive-end id="3216" timestamp="2019-09-21T19:37:39.044" durationms="95.326" />

<exclusive-start id="3217" timestamp="2019-09-21T19:37:39.049" intervalms="100.236">
  <response-info timems="0.094" idlems="0.094" threads="0" lastid="0000000001EB6E00" lastname="PmdThread 2" />
</exclusive-start>
<af-start id="3218" threadId="0000000001EB7788" totalBytesRequested="88" timestamp="2019-09-21T19:37:39.049" intervalms="100.281" />
<cycle-start id="3219" type="global" contextid="0" timestamp="2019-09-21T19:37:39.049" intervalms="100.238" />
<gc-start id="3220" type="global" contextid="3219" timestamp="2019-09-21T19:37:39.049">
  <mem-info id="3221" free="214016" total="21495808" percent="0">
    <mem type="tenure" free="214016" total="21495808" percent="0">
      <mem type="soa" free="0" total="21281792" percent="0" />
      <mem type="loa" free="214016" total="214016" percent="100" />
    </mem>
  </mem-info>
</gc-start>
<allocation-stats totalBytes="4583904" >
  <allocated-bytes non-tlh="41512" tlh="4542392" />
  <largest-consumer threadName="PmdThread 7" threadId="0000000001EB5500" bytes="1290096" />
</allocation-stats>
<gc-op id="3222" type="mark" timems="13.897" contextid="3219" timestamp="2019-09-21T19:37:39.063">
  <trace-info objectcount="406675" scancount="378370" scanbytes="12864532" />
  <finalization candidates="58" enqueued="0" />
  <ownableSynchronizers candidates="12" cleared="0" />
  <references type="soft" candidates="109" cleared="0" enqueued="0" dynamicThreshold="7" maxThreshold="32" />
  <references type="weak" candidates="948" cleared="48" enqueued="48" />
  <references type="phantom" candidates="116" cleared="3" enqueued="3" />
  <stringconstants candidates="5213" cleared="0"  />
</gc-op>
<gc-op id="3223" type="sweep" timems="0.499" contextid="3219" timestamp="2019-09-21T19:37:39.064" />
<mem-info id="3224" free="4191592" total="21495808" percent="19">
  <mem type="tenure" free="4191592" total="21495808" percent="19" micro-fragmented="249372" macro-fragmented="10920">
    <mem type="soa" free="3977576" total="21281792" percent="18" />
    <mem type="loa" free="214016" total="214016" percent="100" />
  </mem>
  <pending-finalizers system="0" default="0" reference="51" classloader="0" />
</mem-info>
<gc-op id="3225" type="compact" timems="85.062" contextid="3219" timestamp="2019-09-21T19:37:39.149">
  <compact-info movecount="387705" movebytes="15543912" reason="compact to aid heap contraction" />
</gc-op>
<heap-resize id="3226" type="expand" space="tenure" amount="65536" count="1" timems="0.021" reason="satisfy allocation request" timestamp="2019-09-21T19:37:39.149" />
<gc-end id="3227" type="global" contextid="3219" durationms="100.736" usertimems="108.000" systemtimems="8.000" timestamp="2019-09-21T19:37:39.150" activeThreads="8">
  <mem-info id="3228" free="4765832" total="21561344" percent="22">
    <mem type="tenure" free="4765832" total="21561344" percent="22">
      <mem type="soa" free="4550792" total="21346304" percent="21" />
      <mem type="loa" free="215040" total="215040" percent="100" />
    </mem>
    <pending-finalizers system="0" default="0" reference="51" classloader="0" />
  </mem-info>
</gc-end>
<cycle-end id="3229" type="global" contextid="3219" timestamp="2019-09-21T19:37:39.150" />
  <attribute name="elasticGC enabled" value="1" />
  <attribute name= "numThreadsSpecified" value="8" />
  <attribute name="heapSize specified" value="21495808" />
  <attribute name="Current GC Util" value="5" />
  <attribute name= "Current Time Running" value="15872" />
  <attribute name ="GC Interval" value="0" />
  <attribute name="Target GC Util Change" value ="40.000000" />
  <attribute name="Current GC Util Change" value="5.000000"/>
  <attribute name="Current Error" value="35.000000" />
  <attribute name="Output H" value="21533672"/>
  <attribute name="Output I" value="2024"/>
  <attribute name="Output T" value="8"/>
  <attribute name= "Current Time Running" value="15872" />
  <attribute name="GC Util currently" value="5" />
  <attribute name="CPU Util currently" value="27033472597" />
<allocation-satisfied id="3230" threadId="0000000001EB6E00" bytesRequested="88" />
<af-end id="3231" timestamp="2019-09-21T19:37:39.150" threadId="0000000001EB7788" success="true" />
<exclusive-end id="3232" timestamp="2019-09-21T19:37:39.150" durationms="101.536" />

<exclusive-start id="3233" timestamp="2019-09-21T19:37:39.157" intervalms="107.950">
  <response-info timems="0.066" idlems="0.066" threads="0" lastid="0000000001EB3E00" lastname="PmdThread 5" />
</exclusive-start>
<af-start id="3234" threadId="0000000001EB4788" totalBytesRequested="64" timestamp="2019-09-21T19:37:39.157" intervalms="107.922" />
<cycle-start id="3235" type="global" contextid="0" timestamp="2019-09-21T19:37:39.157" intervalms="107.876" />
<gc-start id="3236" type="global" contextid="3235" timestamp="2019-09-21T19:37:39.157">
  <mem-info id="3237" free="215040" total="21561344" percent="0">
    <mem type="tenure" free="215040" total="21561344" percent="0">
      <mem type="soa" free="0" total="21346304" percent="0" />
      <mem type="loa" free="215040" total="215040" percent="100" />
    </mem>
  </mem-info>
</gc-start>
<allocation-stats totalBytes="4539872" >
  <allocated-bytes non-tlh="1120" tlh="4538752" />
  <largest-consumer threadName="PmdThread 6" threadId="0000000001EB4900" bytes="1663544" />
</allocation-stats>
<gc-op id="3238" type="mark" timems="10.983" contextid="3235" timestamp="2019-09-21T19:37:39.168">
  <trace-info objectcount="398919" scancount="371510" scanbytes="12623584" />
  <finalization candidates="58" enqueued="0" />
  <ownableSynchronizers candidates="12" cleared="0" />
  <references type="soft" candidates="109" cleared="1" enqueued="0" dynamicThreshold="7" maxThreshold="32" />
  <references type="weak" candidates="1129" cleared="229" enqueued="228" />
  <references type="phantom" candidates="126" cleared="12" enqueued="12" />
  <stringconstants candidates="5219" cleared="1"  />
</gc-op>
<gc-op id="3239" type="sweep" timems="0.967" contextid="3235" timestamp="2019-09-21T19:37:39.169" />
<mem-info id="3240" free="4942168" total="21561344" percent="22">
  <mem type="tenure" free="4942168" total="21561344" percent="22" micro-fragmented="153667" macro-fragmented="0">
    <mem type="soa" free="4727128" total="21346304" percent="22" />
    <mem type="loa" free="215040" total="215040" percent="100" />
  </mem>
  <pending-finalizers system="0" default="0" reference="240" classloader="0" />
</mem-info>
<gc-op id="3241" type="compact" timems="82.765" contextid="3235" timestamp="2019-09-21T19:37:39.252">
  <compact-info movecount="379901" movebytes="15216976" reason="compact to aid heap contraction" />
</gc-op>
<heap-resize id="3242" type="expand" space="tenure" amount="65536" count="1" timems="0.019" reason="satisfy allocation request" timestamp="2019-09-21T19:37:39.252" />
<gc-end id="3243" type="global" contextid="3235" durationms="95.811" usertimems="108.000" systemtimems="4.000" timestamp="2019-09-21T19:37:39.253" activeThreads="8">
  <mem-info id="3244" free="5110816" total="21626880" percent="23">
    <mem type="tenure" free="5110816" total="21626880" percent="23">
      <mem type="soa" free="4894752" total="21410816" percent="22" />
      <mem type="loa" free="216064" total="216064" percent="100" />
    </mem>
    <pending-finalizers system="0" default="0" reference="240" classloader="0" />
  </mem-info>
</gc-end>
<cycle-end id="3245" type="global" contextid="3235" timestamp="2019-09-21T19:37:39.253" />
  <attribute name="elasticGC enabled" value="1" />
  <attribute name= "numThreadsSpecified" value="8" />
  <attribute name="heapSize specified" value="21561344" />
  <attribute name="Current GC Util" value="94" />
  <attribute name= "Current Time Running" value="15975" />
  <attribute name ="GC Interval" value="0" />
  <attribute name="Target GC Util Change" value ="40.000000" />
  <attribute name="Current GC Util Change" value="94.000000"/>
  <attribute name="Current Error" value="-1391.000000" />
  <attribute name="Output H" value="21598384"/>
  <attribute name="Output I" value="1200"/>
  <attribute name="Output T" value="8"/>
  <attribute name= "Current Time Running" value="15975" />
  <attribute name="GC Util currently" value="94" />
  <attribute name="CPU Util currently" value="27781304210" />
<allocation-satisfied id="3246" threadId="0000000001EB3E00" bytesRequested="64" />
<af-end id="3247" timestamp="2019-09-21T19:37:39.253" threadId="0000000001EB4788" success="true" />
<exclusive-end id="3248" timestamp="2019-09-21T19:37:39.253" durationms="96.816" />

<exclusive-start id="3249" timestamp="2019-09-21T19:37:39.261" intervalms="104.974">
  <response-info timems="0.050" idlems="0.050" threads="0" lastid="0000000001EB3E00" lastname="PmdThread 5" />
</exclusive-start>
<af-start id="3250" threadId="0000000001EB4788" totalBytesRequested="208" timestamp="2019-09-21T19:37:39.262" intervalms="104.974" />
<cycle-start id="3251" type="global" contextid="0" timestamp="2019-09-21T19:37:39.262" intervalms="104.969" />
<gc-start id="3252" type="global" contextid="3251" timestamp="2019-09-21T19:37:39.262">
  <mem-info id="3253" free="216064" total="21626880" percent="0">
    <mem type="tenure" free="216064" total="21626880" percent="0">
      <mem type="soa" free="0" total="21410816" percent="0" />
      <mem type="loa" free="216064" total="216064" percent="100" />
    </mem>
  </mem-info>
</gc-start>
<allocation-stats totalBytes="4937200" >
  <allocated-bytes non-tlh="1272" tlh="4935928" />
  <largest-consumer threadName="PmdThread 5" threadId="0000000001EB3E00" bytes="1581136" />
</allocation-stats>
<gc-op id="3254" type="mark" timems="9.963" contextid="3251" timestamp="2019-09-21T19:37:39.272">
  <trace-info objectcount="404148" scancount="376454" scanbytes="12801204" />
  <finalization candidates="58" enqueued="0" />
  <ownableSynchronizers candidates="12" cleared="0" />
  <references type="soft" candidates="108" cleared="0" enqueued="0" dynamicThreshold="7" maxThreshold="32" />
  <references type="weak" candidates="989" cleared="89" enqueued="89" />
  <references type="phantom" candidates="120" cleared="7" enqueued="7" />
  <stringconstants candidates="5224" cleared="0"  />
</gc-op>
<gc-op id="3255" type="sweep" timems="1.934" contextid="3251" timestamp="2019-09-21T19:37:39.274" />
<mem-info id="3256" free="4359432" total="21626880" percent="20">
  <mem type="tenure" free="4359432" total="21626880" percent="20" micro-fragmented="327639" macro-fragmented="0">
    <mem type="soa" free="4143368" total="21410816" percent="19" />
    <mem type="loa" free="216064" total="216064" percent="100" />
  </mem>
  <pending-finalizers system="0" default="0" reference="96" classloader="0" />
</mem-info>
<gc-op id="3257" type="compact" timems="83.618" contextid="3251" timestamp="2019-09-21T19:37:39.358">
  <compact-info movecount="385022" movebytes="15450872" reason="compact to aid heap contraction" />
</gc-op>
<heap-resize id="3258" type="expand" space="tenure" amount="65536" count="1" timems="0.019" reason="satisfy allocation request" timestamp="2019-09-21T19:37:39.358" />
<gc-end id="3259" type="global" contextid="3251" durationms="96.661" usertimems="104.000" systemtimems="16.000" timestamp="2019-09-21T19:37:39.358" activeThreads="8">
  <mem-info id="3260" free="4916336" total="21692416" percent="22">
    <mem type="tenure" free="4916336" total="21692416" percent="22">
      <mem type="soa" free="4700272" total="21476352" percent="21" />
      <mem type="loa" free="216064" total="216064" percent="100" />
    </mem>
    <pending-finalizers system="0" default="0" reference="96" classloader="0" />
  </mem-info>
</gc-end>
<cycle-end id="3261" type="global" contextid="3251" timestamp="2019-09-21T19:37:39.359" />
  <attribute name="elasticGC enabled" value="1" />
  <attribute name= "numThreadsSpecified" value="8" />
  <attribute name="heapSize specified" value="21626880" />
  <attribute name="Current GC Util" value="9" />
  <attribute name= "Current Time Running" value="16081" />
  <attribute name ="GC Interval" value="0" />
  <attribute name="Target GC Util Change" value ="40.000000" />
  <attribute name="Current GC Util Change" value="9.000000"/>
  <attribute name="Current Error" value="-222.000000" />
  <attribute name="Output H" value="21664592"/>
  <attribute name="Output I" value="1872"/>
  <attribute name="Output T" value="8"/>
  <attribute name= "Current Time Running" value="16081" />
  <attribute name="GC Util currently" value="9" />
  <attribute name="CPU Util currently" value="27505979965" />
<allocation-satisfied id="3262" threadId="0000000001EB3E00" bytesRequested="208" />
<af-end id="3263" timestamp="2019-09-21T19:37:39.359" threadId="0000000001EB4788" success="true" />
<exclusive-end id="3264" timestamp="2019-09-21T19:37:39.359" durationms="97.476" />

<exclusive-start id="3265" timestamp="2019-09-21T19:37:39.366" intervalms="104.866">
  <response-info timems="0.193" idlems="0.193" threads="0" lastid="0000000001EB4900" lastname="PmdThread 6" />
</exclusive-start>
<af-start id="3266" threadId="0000000001EB5288" totalBytesRequested="120" timestamp="2019-09-21T19:37:39.366" intervalms="104.859" />
<cycle-start id="3267" type="global" contextid="0" timestamp="2019-09-21T19:37:39.367" intervalms="104.853" />
<gc-start id="3268" type="global" contextid="3267" timestamp="2019-09-21T19:37:39.367">
  <mem-info id="3269" free="216064" total="21692416" percent="0">
    <mem type="tenure" free="216064" total="21692416" percent="0">
      <mem type="soa" free="0" total="21476352" percent="0" />
      <mem type="loa" free="216064" total="216064" percent="100" />
    </mem>
  </mem-info>
</gc-start>
<allocation-stats totalBytes="4762336" >
  <allocated-bytes non-tlh="1064" tlh="4761272" />
  <largest-consumer threadName="PmdThread 2" threadId="0000000001EB6E00" bytes="1253712" />
</allocation-stats>
<gc-op id="3270" type="mark" timems="11.652" contextid="3267" timestamp="2019-09-21T19:37:39.378">
  <trace-info objectcount="390645" scancount="364078" scanbytes="12362004" />
  <finalization candidates="58" enqueued="0" />
  <ownableSynchronizers candidates="12" cleared="0" />
  <references type="soft" candidates="109" cleared="1" enqueued="0" dynamicThreshold="7" maxThreshold="32" />
  <references type="weak" candidates="1091" cleared="191" enqueued="190" />
  <references type="phantom" candidates="119" cleared="7" enqueued="7" />
  <stringconstants candidates="5229" cleared="0"  />
</gc-op>
<gc-op id="3271" type="sweep" timems="0.462" contextid="3267" timestamp="2019-09-21T19:37:39.379" />
<mem-info id="3272" free="5282264" total="21692416" percent="24">
  <mem type="tenure" free="5282264" total="21692416" percent="24" micro-fragmented="149042" macro-fragmented="25500">
    <mem type="soa" free="5066200" total="21476352" percent="23" />
    <mem type="loa" free="216064" total="216064" percent="100" />
  </mem>
  <pending-finalizers system="0" default="0" reference="197" classloader="0" />
</mem-info>
<gc-op id="3273" type="compact" timems="81.912" contextid="3267" timestamp="2019-09-21T19:37:39.461">
  <compact-info movecount="371679" movebytes="14875720" reason="compact to aid heap contraction" />
</gc-op>
<heap-resize id="3274" type="expand" space="tenure" amount="65536" count="1" timems="0.020" reason="satisfy allocation request" timestamp="2019-09-21T19:37:39.462" />
<gc-end id="3275" type="global" contextid="3267" durationms="95.554" usertimems="112.000" systemtimems="4.000" timestamp="2019-09-21T19:37:39.462" activeThreads="8">
  <mem-info id="3276" free="5581768" total="21757952" percent="25">
    <mem type="tenure" free="5581768" total="21757952" percent="25">
      <mem type="soa" free="5364680" total="21540864" percent="24" />
      <mem type="loa" free="217088" total="217088" percent="100" />
    </mem>
    <pending-finalizers system="0" default="0" reference="197" classloader="0" />
  </mem-info>
</gc-end>
<cycle-end id="3277" type="global" contextid="3267" timestamp="2019-09-21T19:37:39.462" />
  <attribute name="elasticGC enabled" value="1" />
  <attribute name= "numThreadsSpecified" value="8" />
  <attribute name="heapSize specified" value="21692416" />
  <attribute name="Current GC Util" value="6" />
  <attribute name= "Current Time Running" value="16184" />
  <attribute name ="GC Interval" value="0" />
  <attribute name="Target GC Util Change" value ="40.000000" />
  <attribute name="Current GC Util Change" value="6.000000"/>
  <attribute name="Current Error" value="34.000000" />
  <attribute name="Output H" value="21730280"/>
  <attribute name="Output I" value="2024"/>
  <attribute name="Output T" value="8"/>
  <attribute name= "Current Time Running" value="16184" />
  <attribute name="GC Util currently" value="6" />
  <attribute name="CPU Util currently" value="28094204977" />
<allocation-satisfied id="3278" threadId="0000000001EB4900" bytesRequested="120" />
<af-end id="3279" timestamp="2019-09-21T19:37:39.462" threadId="0000000001EB5288" success="true" />
<exclusive-end id="3280" timestamp="2019-09-21T19:37:39.462" durationms="96.095" />

<exclusive-start id="3281" timestamp="2019-09-21T19:37:39.472" intervalms="105.223">
  <response-info timems="0.101" idlems="0.044" threads="2" lastid="0000000001EB6000" lastname="PmdThread 8" />
</exclusive-start>
<af-start id="3282" threadId="0000000001EBF388" totalBytesRequested="1424" timestamp="2019-09-21T19:37:39.472" intervalms="105.210" />
<cycle-start id="3283" type="global" contextid="0" timestamp="2019-09-21T19:37:39.472" intervalms="105.257" />
<gc-start id="3284" type="global" contextid="3283" timestamp="2019-09-21T19:37:39.472">
  <mem-info id="3285" free="217088" total="21757952" percent="0">
    <mem type="tenure" free="217088" total="21757952" percent="0">
      <mem type="soa" free="0" total="21540864" percent="0" />
      <mem type="loa" free="217088" total="217088" percent="100" />
    </mem>
  </mem-info>
</gc-start>
<allocation-stats totalBytes="5409600" >
  <allocated-bytes non-tlh="34016" tlh="5375584" />
  <largest-consumer threadName="PmdThread 2" threadId="0000000001EB6E00" bytes="1269208" />
</allocation-stats>
<gc-op id="3286" type="mark" timems="5.798" contextid="3283" timestamp="2019-09-21T19:37:39.478">
  <trace-info objectcount="386865" scancount="360361" scanbytes="12233376" />
  <finalization candidates="58" enqueued="0" />
  <ownableSynchronizers candidates="12" cleared="0" />
  <references type="soft" candidates="109" cleared="0" enqueued="0" dynamicThreshold="8" maxThreshold="32" />
  <references type="weak" candidates="1055" cleared="155" enqueued="154" />
  <references type="phantom" candidates="121" cleared="8" enqueued="8" />
  <stringconstants candidates="5235" cleared="0"  />
</gc-op>
<gc-op id="3287" type="sweep" timems="0.515" contextid="3283" timestamp="2019-09-21T19:37:39.479" />
<mem-info id="3288" free="5252928" total="21757952" percent="24">
  <mem type="tenure" free="5252928" total="21757952" percent="24" micro-fragmented="336507" macro-fragmented="0">
    <mem type="soa" free="5035840" total="21540864" percent="23" />
    <mem type="loa" free="217088" total="217088" percent="100" />
  </mem>
  <pending-finalizers system="0" default="0" reference="162" classloader="0" />
</mem-info>
<gc-op id="3289" type="compact" timems="77.968" contextid="3283" timestamp="2019-09-21T19:37:39.557">
  <compact-info movecount="367755" movebytes="14748232" reason="compact to aid heap contraction" />
</gc-op>
<heap-resize id="3290" type="expand" space="tenure" amount="65536" count="1" timems="0.022" reason="satisfy allocation request" timestamp="2019-09-21T19:37:39.557" />
<gc-end id="3291" type="global" contextid="3283" durationms="85.514" usertimems="88.000" systemtimems="20.000" timestamp="2019-09-21T19:37:39.557" activeThreads="8">
  <mem-info id="3292" free="5775448" total="21823488" percent="26">
    <mem type="tenure" free="5775448" total="21823488" percent="26">
      <mem type="soa" free="5557336" total="21605376" percent="25" />
      <mem type="loa" free="218112" total="218112" percent="100" />
    </mem>
    <pending-finalizers system="0" default="0" reference="162" classloader="0" />
  </mem-info>
</gc-end>
<cycle-end id="3293" type="global" contextid="3283" timestamp="2019-09-21T19:37:39.558" />
  <attribute name="elasticGC enabled" value="1" />
  <attribute name= "numThreadsSpecified" value="8" />
  <attribute name="heapSize specified" value="21757952" />
  <attribute name="Current GC Util" value="4" />
  <attribute name= "Current Time Running" value="16280" />
  <attribute name ="GC Interval" value="0" />
  <attribute name="Target GC Util Change" value ="40.000000" />
  <attribute name="Current GC Util Change" value="4.000000"/>
  <attribute name="Current Error" value="-969.000000" />
  <attribute name="Output H" value="21795240"/>
  <attribute name="Output I" value="1448"/>
  <attribute name="Output T" value="8"/>
  <attribute name= "Current Time Running" value="16280" />
  <attribute name="GC Util currently" value="4" />
  <attribute name="CPU Util currently" value="29475672058" />
<allocation-satisfied id="3294" threadId="0000000001EBEA00" bytesRequested="1424" />
<af-end id="3295" timestamp="2019-09-21T19:37:39.558" threadId="0000000001EBF388" success="true" />
<exclusive-end id="3296" timestamp="2019-09-21T19:37:39.558" durationms="86.417" />

<exclusive-start id="3297" timestamp="2019-09-21T19:37:39.567" intervalms="95.830">
  <response-info timems="0.065" idlems="0.036" threads="1" lastid="0000000001B9B600" lastname="JIT Compilation Thread-0" />
</exclusive-start>
<af-start id="3298" threadId="0000000001EB7788" totalBytesRequested="72" timestamp="2019-09-21T19:37:39.567" intervalms="95.840" />
<cycle-start id="3299" type="global" contextid="0" timestamp="2019-09-21T19:37:39.568" intervalms="95.799" />
<gc-start id="3300" type="global" contextid="3299" timestamp="2019-09-21T19:37:39.568">
  <mem-info id="3301" free="218112" total="21823488" percent="0">
    <mem type="tenure" free="218112" total="21823488" percent="0">
      <mem type="soa" free="0" total="21605376" percent="0" />
      <mem type="loa" free="218112" total="218112" percent="100" />
    </mem>
  </mem-info>
</gc-start>
<allocation-stats totalBytes="5588280" >
  <allocated-bytes non-tlh="16760" tlh="5571520" />
  <largest-consumer threadName="PmdThread 4" threadId="0000000001EC2600" bytes="1228456" />
</allocation-stats>
<gc-op id="3302" type="mark" timems="6.855" contextid="3299" timestamp="2019-09-21T19:37:39.575">
  <trace-info objectcount="399017" scancount="371668" scanbytes="12630784" />
  <finalization candidates="58" enqueued="0" />
  <ownableSynchronizers candidates="12" cleared="0" />
  <references type="soft" candidates="109" cleared="0" enqueued="0" dynamicThreshold="8" maxThreshold="32" />
  <references type="weak" candidates="1042" cleared="142" enqueued="142" />
  <references type="phantom" candidates="118" cleared="5" enqueued="5" />
  <stringconstants candidates="5237" cleared="0"  />
</gc-op>
<gc-op id="3303" type="sweep" timems="0.786" contextid="3299" timestamp="2019-09-21T19:37:39.575" />
<mem-info id="3304" free="4461408" total="21823488" percent="20">
  <mem type="tenure" free="4461408" total="21823488" percent="20" micro-fragmented="546597" macro-fragmented="25958">
    <mem type="soa" free="4243296" total="21605376" percent="19" />
    <mem type="loa" free="218112" total="218112" percent="100" />
  </mem>
  <pending-finalizers system="0" default="0" reference="147" classloader="0" />
</mem-info>
<gc-op id="3305" type="compact" timems="80.996" contextid="3299" timestamp="2019-09-21T19:37:39.657">
  <compact-info movecount="379759" movebytes="15232648" reason="compact to aid heap contraction" />
</gc-op>
<heap-resize id="3306" type="expand" space="tenure" amount="65536" count="1" timems="0.019" reason="satisfy allocation request" timestamp="2019-09-21T19:37:39.657" />
<gc-end id="3307" type="global" contextid="3299" durationms="89.727" usertimems="116.000" systemtimems="0.000" timestamp="2019-09-21T19:37:39.657" activeThreads="8">
  <mem-info id="3308" free="5340200" total="21889024" percent="24">
    <mem type="tenure" free="5340200" total="21889024" percent="24">
      <mem type="soa" free="5122088" total="21670912" percent="23" />
      <mem type="loa" free="218112" total="218112" percent="100" />
    </mem>
    <pending-finalizers system="0" default="0" reference="147" classloader="0" />
  </mem-info>
</gc-end>
<cycle-end id="3309" type="global" contextid="3299" timestamp="2019-09-21T19:37:39.658" />
  <attribute name="elasticGC enabled" value="1" />
  <attribute name= "numThreadsSpecified" value="8" />
  <attribute name="heapSize specified" value="21823488" />
  <attribute name="Current GC Util" value="9" />
  <attribute name= "Current Time Running" value="16379" />
  <attribute name ="GC Interval" value="0" />
  <attribute name="Target GC Util Change" value ="40.000000" />
  <attribute name="Current GC Util Change" value="9.000000"/>
  <attribute name="Current Error" value="-414.000000" />
  <attribute name="Output H" value="21861096"/>
  <attribute name="Output I" value="1768"/>
  <attribute name="Output T" value="8"/>
  <attribute name= "Current Time Running" value="16379" />
  <attribute name="GC Util currently" value="9" />
  <attribute name="CPU Util currently" value="28412790167" />
<allocation-satisfied id="3310" threadId="0000000001EB6E00" bytesRequested="72" />
<af-end id="3311" timestamp="2019-09-21T19:37:39.658" threadId="0000000001EB7788" success="true" />
<exclusive-end id="3312" timestamp="2019-09-21T19:37:39.658" durationms="90.569" />

<exclusive-start id="3313" timestamp="2019-09-21T19:37:39.664" intervalms="96.243">
  <response-info timems="0.082" idlems="0.048" threads="1" lastid="0000000001EB6E00" lastname="PmdThread 2" />
</exclusive-start>
<af-start id="3314" threadId="0000000001EB6988" totalBytesRequested="16" timestamp="2019-09-21T19:37:39.664" intervalms="96.328" />
<cycle-start id="3315" type="global" contextid="0" timestamp="2019-09-21T19:37:39.664" intervalms="96.331" />
<gc-start id="3316" type="global" contextid="3315" timestamp="2019-09-21T19:37:39.664">
  <mem-info id="3317" free="218112" total="21889024" percent="0">
    <mem type="tenure" free="218112" total="21889024" percent="0">
      <mem type="soa" free="0" total="21670912" percent="0" />
      <mem type="loa" free="218112" total="218112" percent="100" />
    </mem>
  </mem-info>
</gc-start>
<allocation-stats totalBytes="5167328" >
  <allocated-bytes non-tlh="0" tlh="5167328" />
  <largest-consumer threadName="PmdThread 6" threadId="0000000001EB4900" bytes="1103568" />
</allocation-stats>
<gc-op id="3318" type="mark" timems="6.281" contextid="3315" timestamp="2019-09-21T19:37:39.670">
  <trace-info objectcount="397945" scancount="370767" scanbytes="12597692" />
  <finalization candidates="58" enqueued="0" />
  <ownableSynchronizers candidates="12" cleared="0" />
  <references type="soft" candidates="109" cleared="0" enqueued="0" dynamicThreshold="7" maxThreshold="32" />
  <references type="weak" candidates="1153" cleared="253" enqueued="253" />
  <references type="phantom" candidates="116" cleared="4" enqueued="4" />
  <stringconstants candidates="5237" cleared="0"  />
</gc-op>
<gc-op id="3319" type="sweep" timems="0.508" contextid="3315" timestamp="2019-09-21T19:37:39.671" />
<mem-info id="3320" free="5035112" total="21889024" percent="23">
  <mem type="tenure" free="5035112" total="21889024" percent="23" micro-fragmented="325399" macro-fragmented="0">
    <mem type="soa" free="4817000" total="21670912" percent="22" />
    <mem type="loa" free="218112" total="218112" percent="100" />
  </mem>
  <pending-finalizers system="0" default="0" reference="257" classloader="0" />
</mem-info>
<gc-op id="3321" type="compact" timems="80.970" contextid="3315" timestamp="2019-09-21T19:37:39.752">
  <compact-info movecount="378979" movebytes="15140320" reason="compact to aid heap contraction" />
</gc-op>
<heap-resize id="3322" type="expand" space="tenure" amount="65536" count="1" timems="0.019" reason="satisfy allocation request" timestamp="2019-09-21T19:37:39.753" />
<gc-end id="3323" type="global" contextid="3315" durationms="88.930" usertimems="100.000" systemtimems="16.000" timestamp="2019-09-21T19:37:39.753" activeThreads="8">
  <mem-info id="3324" free="5562912" total="21954560" percent="25">
    <mem type="tenure" free="5562912" total="21954560" percent="25">
      <mem type="soa" free="5343776" total="21735424" percent="24" />
      <mem type="loa" free="219136" total="219136" percent="100" />
    </mem>
    <pending-finalizers system="0" default="0" reference="257" classloader="0" />
  </mem-info>
</gc-end>
<cycle-end id="3325" type="global" contextid="3315" timestamp="2019-09-21T19:37:39.753" />
  <attribute name="elasticGC enabled" value="1" />
  <attribute name= "numThreadsSpecified" value="8" />
  <attribute name="heapSize specified" value="21889024" />
  <attribute name="Current GC Util" value="4" />
  <attribute name= "Current Time Running" value="16475" />
  <attribute name ="GC Interval" value="0" />
  <attribute name="Target GC Util Change" value ="40.000000" />
  <attribute name="Current GC Util Change" value="4.000000"/>
  <attribute name="Current Error" value="36.000000" />
  <attribute name="Output H" value="21926888"/>
  <attribute name="Output I" value="2024"/>
  <attribute name="Output T" value="8"/>
  <attribute name= "Current Time Running" value="16475" />
  <attribute name="GC Util currently" value="4" />
  <attribute name="CPU Util currently" value="28400375959" />
<allocation-satisfied id="3326" threadId="0000000001EB6000" bytesRequested="16" />
<af-end id="3327" timestamp="2019-09-21T19:37:39.753" threadId="0000000001EB6988" success="true" />
<exclusive-end id="3328" timestamp="2019-09-21T19:37:39.753" durationms="89.794" />

<exclusive-start id="3329" timestamp="2019-09-21T19:37:39.763" intervalms="99.187">
  <response-info timems="0.152" idlems="0.081" threads="1" lastid="0000000001B9B600" lastname="JIT Compilation Thread-0" />
</exclusive-start>
<af-start id="3330" threadId="0000000001EB7788" totalBytesRequested="16" timestamp="2019-09-21T19:37:39.763" intervalms="99.215" />
<cycle-start id="3331" type="global" contextid="0" timestamp="2019-09-21T19:37:39.763" intervalms="99.348" />
<gc-start id="3332" type="global" contextid="3331" timestamp="2019-09-21T19:37:39.763">
  <mem-info id="3333" free="219136" total="21954560" percent="0">
    <mem type="tenure" free="219136" total="21954560" percent="0">
      <mem type="soa" free="0" total="21735424" percent="0" />
      <mem type="loa" free="219136" total="219136" percent="100" />
    </mem>
  </mem-info>
</gc-start>
<allocation-stats totalBytes="5340888" >
  <allocated-bytes non-tlh="1376" tlh="5339512" />
  <largest-consumer threadName="PmdThread 4" threadId="0000000001EC2600" bytes="1351080" />
</allocation-stats>
<gc-op id="3334" type="mark" timems="7.003" contextid="3331" timestamp="2019-09-21T19:37:39.771">
  <trace-info objectcount="388835" scancount="362505" scanbytes="12311392" />
  <finalization candidates="58" enqueued="0" />
  <ownableSynchronizers candidates="12" cleared="0" />
  <references type="soft" candidates="109" cleared="0" enqueued="0" dynamicThreshold="8" maxThreshold="32" />
  <references type="weak" candidates="986" cleared="86" enqueued="85" />
  <references type="phantom" candidates="120" cleared="6" enqueued="6" />
  <stringconstants candidates="5244" cleared="0"  />
</gc-op>
<gc-op id="3335" type="sweep" timems="0.682" contextid="3331" timestamp="2019-09-21T19:37:39.772" />
<mem-info id="3336" free="5301648" total="21954560" percent="24">
  <mem type="tenure" free="5301648" total="21954560" percent="24" micro-fragmented="403546" macro-fragmented="0">
    <mem type="soa" free="5082512" total="21735424" percent="23" />
    <mem type="loa" free="219136" total="219136" percent="100" />
  </mem>
  <pending-finalizers system="0" default="0" reference="91" classloader="0" />
</mem-info>
<gc-op id="3337" type="compact" timems="80.294" contextid="3331" timestamp="2019-09-21T19:37:39.852">
  <compact-info movecount="369869" movebytes="14836152" reason="compact to aid heap contraction" />
</gc-op>
<heap-resize id="3338" type="expand" space="tenure" amount="65536" count="1" timems="0.020" reason="satisfy allocation request" timestamp="2019-09-21T19:37:39.853" />
<gc-end id="3339" type="global" contextid="3331" durationms="89.534" usertimems="96.000" systemtimems="8.000" timestamp="2019-09-21T19:37:39.853" activeThreads="8">
  <mem-info id="3340" free="5891672" total="22020096" percent="26">
    <mem type="tenure" free="5891672" total="22020096" percent="26">
      <mem type="soa" free="5671512" total="21799936" percent="26" />
      <mem type="loa" free="220160" total="220160" percent="100" />
    </mem>
    <pending-finalizers system="0" default="0" reference="91" classloader="0" />
  </mem-info>
</gc-end>
<cycle-end id="3341" type="global" contextid="3331" timestamp="2019-09-21T19:37:39.853" />
  <attribute name="elasticGC enabled" value="1" />
  <attribute name= "numThreadsSpecified" value="8" />
  <attribute name="heapSize specified" value="21954560" />
  <attribute name="Current GC Util" value="6" />
  <attribute name= "Current Time Running" value="16575" />
  <attribute name ="GC Interval" value="0" />
  <attribute name="Target GC Util Change" value ="40.000000" />
  <attribute name="Current GC Util Change" value="6.000000"/>
  <attribute name="Current Error" value="-902.000000" />
  <attribute name="Output H" value="21991880"/>
  <attribute name="Output I" value="1480"/>
  <attribute name="Output T" value="8"/>
  <attribute name= "Current Time Running" value="16575" />
  <attribute name="GC Util currently" value="6" />
  <attribute name="CPU Util currently" value="28620788652" />
<allocation-satisfied id="3342" threadId="0000000001EB6E00" bytesRequested="16" />
<af-end id="3343" timestamp="2019-09-21T19:37:39.853" threadId="0000000001EB7788" success="true" />
<exclusive-end id="3344" timestamp="2019-09-21T19:37:39.854" durationms="90.777" />

<exclusive-start id="3345" timestamp="2019-09-21T19:37:39.866" intervalms="103.244">
  <response-info timems="0.042" idlems="0.042" threads="0" lastid="0000000001EB4900" lastname="PmdThread 6" />
</exclusive-start>
<af-start id="3346" threadId="0000000001EB5288" totalBytesRequested="696" timestamp="2019-09-21T19:37:39.866" intervalms="103.141" />
<cycle-start id="3347" type="global" contextid="0" timestamp="2019-09-21T19:37:39.866" intervalms="103.009" />
<gc-start id="3348" type="global" contextid="3347" timestamp="2019-09-21T19:37:39.866">
  <mem-info id="3349" free="220160" total="22020096" percent="0">
    <mem type="tenure" free="220160" total="22020096" percent="0">
      <mem type="soa" free="0" total="21799936" percent="0" />
      <mem type="loa" free="220160" total="220160" percent="100" />
    </mem>
  </mem-info>
</gc-start>
<allocation-stats totalBytes="5688312" >
  <allocated-bytes non-tlh="2272" tlh="5686040" />
  <largest-consumer threadName="PmdThread 1" threadId="0000000001EB3200" bytes="1744416" />
</allocation-stats>
<gc-op id="3350" type="mark" timems="12.208" contextid="3347" timestamp="2019-09-21T19:37:39.879">
  <trace-info objectcount="385004" scancount="359006" scanbytes="12184164" />
  <finalization candidates="58" enqueued="0" />
  <ownableSynchronizers candidates="12" cleared="0" />
  <references type="soft" candidates="109" cleared="0" enqueued="0" dynamicThreshold="8" maxThreshold="32" />
  <references type="weak" candidates="1065" cleared="165" enqueued="163" />
  <references type="phantom" candidates="126" cleared="11" enqueued="11" />
  <stringconstants candidates="5255" cleared="0"  />
</gc-op>
<gc-op id="3351" type="sweep" timems="1.094" contextid="3347" timestamp="2019-09-21T19:37:39.880" />
<mem-info id="3352" free="5613224" total="22020096" percent="25">
  <mem type="tenure" free="5613224" total="22020096" percent="25" micro-fragmented="287913" macro-fragmented="0">
    <mem type="soa" free="5393064" total="21799936" percent="24" />
    <mem type="loa" free="220160" total="220160" percent="100" />
  </mem>
  <pending-finalizers system="0" default="0" reference="174" classloader="0" />
</mem-info>
<gc-op id="3353" type="compact" timems="78.898" contextid="3347" timestamp="2019-09-21T19:37:39.959">
  <compact-info movecount="366038" movebytes="14771608" reason="compact to aid heap contraction" />
</gc-op>
<heap-resize id="3354" type="expand" space="tenure" amount="65536" count="1" timems="0.021" reason="satisfy allocation request" timestamp="2019-09-21T19:37:39.960" />
<gc-end id="3355" type="global" contextid="3347" durationms="93.483" usertimems="100.000" systemtimems="4.000" timestamp="2019-09-21T19:37:39.960" activeThreads="8">
  <mem-info id="3356" free="6021752" total="22085632" percent="27">
    <mem type="tenure" free="6021752" total="22085632" percent="27">
      <mem type="soa" free="5801592" total="21865472" percent="26" />
      <mem type="loa" free="220160" total="220160" percent="100" />
    </mem>
    <pending-finalizers system="0" default="0" reference="174" classloader="0" />
  </mem-info>
</gc-end>
<cycle-end id="3357" type="global" contextid="3347" timestamp="2019-09-21T19:37:39.960" />
  <attribute name="elasticGC enabled" value="1" />
  <attribute name= "numThreadsSpecified" value="8" />
  <attribute name="heapSize specified" value="22020096" />
  <attribute name="Current GC Util" value="5" />
  <attribute name= "Current Time Running" value="16682" />
  <attribute name ="GC Interval" value="0" />
  <attribute name="Target GC Util Change" value ="40.000000" />
  <attribute name="Current GC Util Change" value="5.000000"/>
  <attribute name="Current Error" value="-76.000000" />
  <attribute name="Output H" value="22057896"/>
  <attribute name="Output I" value="1960"/>
  <attribute name="Output T" value="8"/>
  <attribute name= "Current Time Running" value="16682" />
  <attribute name="GC Util currently" value="5" />
  <attribute name="CPU Util currently" value="29145590637" />
<allocation-satisfied id="3358" threadId="0000000001EB4900" bytesRequested="696" />
<af-end id="3359" timestamp="2019-09-21T19:37:39.960" threadId="0000000001EB5288" success="true" />
<exclusive-end id="3360" timestamp="2019-09-21T19:37:39.960" durationms="94.295" />

<exclusive-start id="3361" timestamp="2019-09-21T19:37:39.969" intervalms="102.624">
  <response-info timems="0.048" idlems="0.048" threads="0" lastid="0000000001EB4900" lastname="PmdThread 6" />
</exclusive-start>
<af-start id="3362" threadId="0000000001EB5288" totalBytesRequested="24" timestamp="2019-09-21T19:37:39.969" intervalms="102.623" />
<cycle-start id="3363" type="global" contextid="0" timestamp="2019-09-21T19:37:39.969" intervalms="102.625" />
<gc-start id="3364" type="global" contextid="3363" timestamp="2019-09-21T19:37:39.969">
  <mem-info id="3365" free="220160" total="22085632" percent="0">
    <mem type="tenure" free="220160" total="22085632" percent="0">
      <mem type="soa" free="0" total="21865472" percent="0" />
      <mem type="loa" free="220160" total="220160" percent="100" />
    </mem>
  </mem-info>
</gc-start>
<allocation-stats totalBytes="5837848" >
  <allocated-bytes non-tlh="1080" tlh="5836768" />
  <largest-consumer threadName="PmdThread 1" threadId="0000000001EB3200" bytes="1801448" />
</allocation-stats>
<gc-op id="3366" type="mark" timems="10.591" contextid="3363" timestamp="2019-09-21T19:37:39.980">
  <trace-info objectcount="390538" scancount="364264" scanbytes="12369644" />
  <finalization candidates="58" enqueued="0" />
  <ownableSynchronizers candidates="12" cleared="0" />
  <references type="soft" candidates="109" cleared="0" enqueued="0" dynamicThreshold="8" maxThreshold="32" />
  <references type="weak" candidates="1020" cleared="120" enqueued="120" />
  <references type="phantom" candidates="121" cleared="6" enqueued="6" />
  <stringconstants candidates="5260" cleared="0"  />
</gc-op>
<gc-op id="3367" type="sweep" timems="0.424" contextid="3363" timestamp="2019-09-21T19:37:39.980" />
<mem-info id="3368" free="5207280" total="22085632" percent="23">
  <mem type="tenure" free="5207280" total="22085632" percent="23" micro-fragmented="479298" macro-fragmented="27070">
    <mem type="soa" free="4987120" total="21865472" percent="22" />
    <mem type="loa" free="220160" total="220160" percent="100" />
  </mem>
  <pending-finalizers system="0" default="0" reference="126" classloader="0" />
</mem-info>
<gc-op id="3369" type="compact" timems="79.036" contextid="3363" timestamp="2019-09-21T19:37:40.060">
  <compact-info movecount="371572" movebytes="14807440" reason="compact to aid heap contraction" />
</gc-op>
<heap-resize id="3370" type="expand" space="tenure" amount="65536" count="1" timems="0.017" reason="satisfy allocation request" timestamp="2019-09-21T19:37:40.060" />
<gc-end id="3371" type="global" contextid="3363" durationms="91.344" usertimems="104.000" systemtimems="4.000" timestamp="2019-09-21T19:37:40.060" activeThreads="8">
  <mem-info id="3372" free="6059648" total="22151168" percent="27">
    <mem type="tenure" free="6059648" total="22151168" percent="27">
      <mem type="soa" free="5838464" total="21929984" percent="26" />
      <mem type="loa" free="221184" total="221184" percent="100" />
    </mem>
    <pending-finalizers system="0" default="0" reference="126" classloader="0" />
  </mem-info>
</gc-end>
<cycle-end id="3373" type="global" contextid="3363" timestamp="2019-09-21T19:37:40.060" />
  <attribute name="elasticGC enabled" value="1" />
  <attribute name= "numThreadsSpecified" value="8" />
  <attribute name="heapSize specified" value="22085632" />
  <attribute name="Current GC Util" value="5" />
  <attribute name= "Current Time Running" value="16782" />
  <attribute name ="GC Interval" value="0" />
  <attribute name="Target GC Util Change" value ="40.000000" />
  <attribute name="Current GC Util Change" value="5.000000"/>
  <attribute name="Current Error" value="35.000000" />
  <attribute name="Output H" value="22123496"/>
  <attribute name="Output I" value="2024"/>
  <attribute name="Output T" value="8"/>
  <attribute name= "Current Time Running" value="16782" />
  <attribute name="GC Util currently" value="5" />
  <attribute name="CPU Util currently" value="29092236283" />
<allocation-satisfied id="3374" threadId="0000000001EB4900" bytesRequested="24" />
<af-end id="3375" timestamp="2019-09-21T19:37:40.061" threadId="0000000001EB5288" success="true" />
<exclusive-end id="3376" timestamp="2019-09-21T19:37:40.061" durationms="92.214" />

<exclusive-start id="3377" timestamp="2019-09-21T19:37:40.070" intervalms="101.168">
  <response-info timems="0.063" idlems="0.034" threads="1" lastid="0000000001EB6E00" lastname="PmdThread 2" />
</exclusive-start>
<af-start id="3378" threadId="0000000001EBF388" totalBytesRequested="24" timestamp="2019-09-21T19:37:40.070" intervalms="101.183" />
<cycle-start id="3379" type="global" contextid="0" timestamp="2019-09-21T19:37:40.070" intervalms="101.179" />
<gc-start id="3380" type="global" contextid="3379" timestamp="2019-09-21T19:37:40.070">
  <mem-info id="3381" free="221184" total="22151168" percent="0">
    <mem type="tenure" free="221184" total="22151168" percent="0">
      <mem type="soa" free="0" total="21929984" percent="0" />
      <mem type="loa" free="221184" total="221184" percent="100" />
    </mem>
  </mem-info>
</gc-start>
<allocation-stats totalBytes="5864552" >
  <allocated-bytes non-tlh="17752" tlh="5846800" />
  <largest-consumer threadName="PmdThread 6" threadId="0000000001EB4900" bytes="1546304" />
</allocation-stats>
<gc-op id="3382" type="mark" timems="8.606" contextid="3379" timestamp="2019-09-21T19:37:40.079">
  <trace-info objectcount="390409" scancount="363799" scanbytes="12343568" />
  <finalization candidates="58" enqueued="0" />
  <ownableSynchronizers candidates="12" cleared="0" />
  <references type="soft" candidates="109" cleared="0" enqueued="0" dynamicThreshold="8" maxThreshold="32" />
  <references type="weak" candidates="1160" cleared="260" enqueued="259" />
  <references type="phantom" candidates="122" cleared="8" enqueued="8" />
  <stringconstants candidates="5266" cleared="0"  />
</gc-op>
<gc-op id="3383" type="sweep" timems="0.918" contextid="3379" timestamp="2019-09-21T19:37:40.080" />
<mem-info id="3384" free="5560280" total="22151168" percent="25">
  <mem type="tenure" free="5560280" total="22151168" percent="25" micro-fragmented="204339" macro-fragmented="0">
    <mem type="soa" free="5339096" total="21929984" percent="24" />
    <mem type="loa" free="221184" total="221184" percent="100" />
  </mem>
  <pending-finalizers system="0" default="0" reference="267" classloader="0" />
</mem-info>
<gc-op id="3385" type="compact" timems="80.162" contextid="3379" timestamp="2019-09-21T19:37:40.160">
  <compact-info movecount="371435" movebytes="14940408" reason="compact to aid heap contraction" />
</gc-op>
<heap-resize id="3386" type="expand" space="tenure" amount="65536" count="1" timems="0.019" reason="satisfy allocation request" timestamp="2019-09-21T19:37:40.161" />
<gc-end id="3387" type="global" contextid="3379" durationms="90.929" usertimems="100.000" systemtimems="12.000" timestamp="2019-09-21T19:37:40.161" activeThreads="8">
  <mem-info id="3388" free="5995888" total="22216704" percent="26">
    <mem type="tenure" free="5995888" total="22216704" percent="26">
      <mem type="soa" free="5774704" total="21995520" percent="26" />
      <mem type="loa" free="221184" total="221184" percent="100" />
    </mem>
    <pending-finalizers system="0" default="0" reference="267" classloader="0" />
  </mem-info>
</gc-end>
<cycle-end id="3389" type="global" contextid="3379" timestamp="2019-09-21T19:37:40.161" />
  <attribute name="elasticGC enabled" value="1" />
  <attribute name= "numThreadsSpecified" value="8" />
  <attribute name="heapSize specified" value="22151168" />
  <attribute name="Current GC Util" value="7" />
  <attribute name= "Current Time Running" value="16883" />
  <attribute name ="GC Interval" value="0" />
  <attribute name="Target GC Util Change" value ="40.000000" />
  <attribute name="Current GC Util Change" value="7.000000"/>
  <attribute name="Current Error" value="-887.000000" />
  <attribute name="Output H" value="22188496"/>
  <attribute name="Output I" value="1488"/>
  <attribute name="Output T" value="8"/>
  <attribute name= "Current Time Running" value="16883" />
  <attribute name="GC Util currently" value="7" />
  <attribute name="CPU Util currently" value="28670358435" />
<allocation-satisfied id="3390" threadId="0000000001EBEA00" bytesRequested="24" />
<af-end id="3391" timestamp="2019-09-21T19:37:40.162" threadId="0000000001EBF388" success="true" />
<exclusive-end id="3392" timestamp="2019-09-21T19:37:40.162" durationms="91.850" />

<exclusive-start id="3393" timestamp="2019-09-21T19:37:40.172" intervalms="101.692">
  <response-info timems="0.799" idlems="0.799" threads="0" lastid="0000000001EB4900" lastname="PmdThread 6" />
</exclusive-start>
<af-start id="3394" threadId="0000000001EB5288" totalBytesRequested="56" timestamp="2019-09-21T19:37:40.172" intervalms="101.674" />
<cycle-start id="3395" type="global" contextid="0" timestamp="2019-09-21T19:37:40.172" intervalms="101.720" />
<gc-start id="3396" type="global" contextid="3395" timestamp="2019-09-21T19:37:40.172">
  <mem-info id="3397" free="221184" total="22216704" percent="0">
    <mem type="tenure" free="221184" total="22216704" percent="0">
      <mem type="soa" free="0" total="21995520" percent="0" />
      <mem type="loa" free="221184" total="221184" percent="100" />
    </mem>
  </mem-info>
</gc-start>
<allocation-stats totalBytes="5794928" >
  <allocated-bytes non-tlh="1704" tlh="5793224" />
  <largest-consumer threadName="PmdThread 5" threadId="0000000001EB3E00" bytes="1489144" />
</allocation-stats>
<gc-op id="3398" type="mark" timems="8.248" contextid="3395" timestamp="2019-09-21T19:37:40.180">
  <trace-info objectcount="323069" scancount="299411" scanbytes="10011416" />
  <finalization candidates="58" enqueued="0" />
  <ownableSynchronizers candidates="12" cleared="0" />
  <references type="soft" candidates="109" cleared="0" enqueued="0" dynamicThreshold="8" maxThreshold="32" />
  <references type="weak" candidates="1189" cleared="287" enqueued="287" />
  <references type="phantom" candidates="120" cleared="7" enqueued="7" />
  <stringconstants candidates="5275" cleared="0"  />
</gc-op>
<gc-op id="3399" type="sweep" timems="0.403" contextid="3395" timestamp="2019-09-21T19:37:40.181" />
<mem-info id="3400" free="8287744" total="22216704" percent="37">
  <mem type="tenure" free="8287744" total="22216704" percent="37" micro-fragmented="437754" macro-fragmented="10920">
    <mem type="soa" free="8066560" total="21995520" percent="36" />
    <mem type="loa" free="221184" total="221184" percent="100" />
  </mem>
  <pending-finalizers system="0" default="0" reference="294" classloader="0" />
</mem-info>
<gc-op id="3401" type="compact" timems="64.072" contextid="3395" timestamp="2019-09-21T19:37:40.245">
  <compact-info movecount="304099" movebytes="12190320" reason="compact to aid heap contraction" />
</gc-op>
<heap-resize id="3402" type="expand" space="tenure" amount="65536" count="1" timems="0.018" reason="satisfy allocation request" timestamp="2019-09-21T19:37:40.246" />
<gc-end id="3403" type="global" contextid="3395" durationms="73.922" usertimems="96.000" systemtimems="0.000" timestamp="2019-09-21T19:37:40.246" activeThreads="8">
  <mem-info id="3404" free="8778952" total="22282240" percent="39">
    <mem type="tenure" free="8778952" total="22282240" percent="39">
      <mem type="soa" free="8556744" total="22060032" percent="38" />
      <mem type="loa" free="222208" total="222208" percent="100" />
    </mem>
    <pending-finalizers system="0" default="0" reference="294" classloader="0" />
  </mem-info>
</gc-end>
<cycle-end id="3405" type="global" contextid="3395" timestamp="2019-09-21T19:37:40.246" />
  <attribute name="elasticGC enabled" value="1" />
  <attribute name= "numThreadsSpecified" value="8" />
  <attribute name="heapSize specified" value="22216704" />
  <attribute name="Current GC Util" value="5" />
  <attribute name= "Current Time Running" value="16968" />
  <attribute name ="GC Interval" value="0" />
  <attribute name="Target GC Util Change" value ="40.000000" />
  <attribute name="Current GC Util Change" value="5.000000"/>
  <attribute name="Current Error" value="-138.000000" />
  <attribute name="Output H" value="22254472"/>
  <attribute name="Output I" value="1928"/>
  <attribute name="Output T" value="8"/>
  <attribute name= "Current Time Running" value="16968" />
  <attribute name="GC Util currently" value="5" />
  <attribute name="CPU Util currently" value="35872795035" />
<allocation-satisfied id="3406" threadId="0000000001EB4900" bytesRequested="56" />
<af-end id="3407" timestamp="2019-09-21T19:37:40.246" threadId="0000000001EB5288" success="true" />
<exclusive-end id="3408" timestamp="2019-09-21T19:37:40.246" durationms="74.802" />

<exclusive-start id="3409" timestamp="2019-09-21T19:37:40.261" intervalms="89.165">
  <response-info timems="0.146" idlems="0.146" threads="0" lastid="0000000001EBEA00" lastname="PmdThread 3" />
</exclusive-start>
<af-start id="3410" threadId="0000000001EBF388" totalBytesRequested="56" timestamp="2019-09-21T19:37:40.261" intervalms="89.161" />
<cycle-start id="3411" type="global" contextid="0" timestamp="2019-09-21T19:37:40.261" intervalms="89.111" />
<gc-start id="3412" type="global" contextid="3411" timestamp="2019-09-21T19:37:40.261">
  <mem-info id="3413" free="222208" total="22282240" percent="0">
    <mem type="tenure" free="222208" total="22282240" percent="0">
      <mem type="soa" free="0" total="22060032" percent="0" />
      <mem type="loa" free="222208" total="222208" percent="100" />
    </mem>
  </mem-info>
</gc-start>
<allocation-stats totalBytes="8596872" >
  <allocated-bytes non-tlh="35176" tlh="8561696" />
  <largest-consumer threadName="PmdThread 6" threadId="0000000001EB4900" bytes="1860208" />
</allocation-stats>
<gc-op id="3414" type="mark" timems="10.138" contextid="3411" timestamp="2019-09-21T19:37:40.271">
  <trace-info objectcount="316209" scancount="293021" scanbytes="9790864" />
  <finalization candidates="58" enqueued="0" />
  <ownableSynchronizers candidates="12" cleared="0" />
  <references type="soft" candidates="109" cleared="0" enqueued="0" dynamicThreshold="12" maxThreshold="32" />
  <references type="weak" candidates="1184" cleared="284" enqueued="284" />
  <references type="phantom" candidates="126" cleared="10" enqueued="10" />
  <stringconstants candidates="5287" cleared="0"  />
</gc-op>
<gc-op id="3415" type="sweep" timems="0.449" contextid="3411" timestamp="2019-09-21T19:37:40.272" />
<mem-info id="3416" free="8419608" total="22282240" percent="37">
  <mem type="tenure" free="8419608" total="22282240" percent="37" micro-fragmented="325427" macro-fragmented="67617">
    <mem type="soa" free="8197400" total="22060032" percent="37" />
    <mem type="loa" free="222208" total="222208" percent="100" />
  </mem>
  <pending-finalizers system="0" default="0" reference="294" classloader="0" />
</mem-info>
<gc-op id="3417" type="compact" timems="62.081" contextid="3411" timestamp="2019-09-21T19:37:40.334">
  <compact-info movecount="297243" movebytes="12078528" reason="compact to aid heap contraction" />
</gc-op>
<heap-resize id="3418" type="expand" space="tenure" amount="65536" count="1" timems="0.019" reason="satisfy allocation request" timestamp="2019-09-21T19:37:40.335" />
<gc-end id="3419" type="global" contextid="3411" durationms="73.885" usertimems="80.000" systemtimems="8.000" timestamp="2019-09-21T19:37:40.335" activeThreads="8">
  <mem-info id="3420" free="8976976" total="22347776" percent="40">
    <mem type="tenure" free="8976976" total="22347776" percent="40">
      <mem type="soa" free="8753744" total="22124544" percent="39" />
      <mem type="loa" free="223232" total="223232" percent="100" />
    </mem>
    <pending-finalizers system="0" default="0" reference="294" classloader="0" />
  </mem-info>
</gc-end>
<cycle-end id="3421" type="global" contextid="3411" timestamp="2019-09-21T19:37:40.335" />
  <attribute name="elasticGC enabled" value="1" />
  <attribute name= "numThreadsSpecified" value="8" />
  <attribute name="heapSize specified" value="22282240" />
  <attribute name="Current GC Util" value="4" />
  <attribute name= "Current Time Running" value="17057" />
  <attribute name ="GC Interval" value="0" />
  <attribute name="Target GC Util Change" value ="40.000000" />
  <attribute name="Current GC Util Change" value="4.000000"/>
  <attribute name="Current Error" value="36.000000" />
  <attribute name="Output H" value="22320104"/>
  <attribute name="Output I" value="2024"/>
  <attribute name="Output T" value="8"/>
  <attribute name= "Current Time Running" value="17057" />
  <attribute name="GC Util currently" value="4" />
  <attribute name="CPU Util currently" value="37013657479" />
<allocation-satisfied id="3422" threadId="0000000001EBEA00" bytesRequested="56" />
<af-end id="3423" timestamp="2019-09-21T19:37:40.335" threadId="0000000001EBF388" success="true" />
<exclusive-end id="3424" timestamp="2019-09-21T19:37:40.335" durationms="74.716" />

<exclusive-start id="3425" timestamp="2019-09-21T19:37:40.358" intervalms="97.271">
  <response-info timems="0.100" idlems="0.100" threads="0" lastid="0000000001EB3E00" lastname="PmdThread 5" />
</exclusive-start>
<af-start id="3426" threadId="0000000001EB4788" totalBytesRequested="8200" timestamp="2019-09-21T19:37:40.358" intervalms="97.272" />
<cycle-start id="3427" type="global" contextid="0" timestamp="2019-09-21T19:37:40.358" intervalms="97.272" />
<gc-start id="3428" type="global" contextid="3427" timestamp="2019-09-21T19:37:40.358">
  <mem-info id="3429" free="223232" total="22347776" percent="0">
    <mem type="tenure" free="223232" total="22347776" percent="0">
      <mem type="soa" free="0" total="22124544" percent="0" />
      <mem type="loa" free="223232" total="223232" percent="100" />
    </mem>
  </mem-info>
</gc-start>
<allocation-stats totalBytes="8781712" >
  <allocated-bytes non-tlh="2624" tlh="8779088" />
  <largest-consumer threadName="PmdThread 6" threadId="0000000001EB4900" bytes="2063248" />
</allocation-stats>
<gc-op id="3430" type="mark" timems="8.222" contextid="3427" timestamp="2019-09-21T19:37:40.367">
  <trace-info objectcount="327226" scancount="302863" scanbytes="10139956" />
  <finalization candidates="58" enqueued="0" />
  <ownableSynchronizers candidates="12" cleared="0" />
  <references type="soft" candidates="109" cleared="0" enqueued="0" dynamicThreshold="12" maxThreshold="32" />
  <references type="weak" candidates="1013" cleared="112" enqueued="110" />
  <references type="phantom" candidates="126" cleared="12" enqueued="12" />
  <stringconstants candidates="5299" cleared="0"  />
</gc-op>
<gc-op id="3431" type="sweep" timems="1.333" contextid="3427" timestamp="2019-09-21T19:37:40.368" />
<mem-info id="3432" free="7446480" total="22347776" percent="33">
  <mem type="tenure" free="7446480" total="22347776" percent="33" micro-fragmented="690345" macro-fragmented="56347">
    <mem type="soa" free="7223248" total="22124544" percent="32" />
    <mem type="loa" free="223232" total="223232" percent="100" />
  </mem>
  <pending-finalizers system="0" default="0" reference="122" classloader="0" />
</mem-info>
<gc-op id="3433" type="compact" timems="66.772" contextid="3427" timestamp="2019-09-21T19:37:40.435">
  <compact-info movecount="308260" movebytes="12696984" reason="compact to aid heap contraction" />
</gc-op>
<heap-resize id="3434" type="expand" space="tenure" amount="65536" count="1" timems="0.019" reason="satisfy allocation request" timestamp="2019-09-21T19:37:40.436" />
<gc-end id="3435" type="global" contextid="3427" durationms="77.651" usertimems="104.000" systemtimems="4.000" timestamp="2019-09-21T19:37:40.436" activeThreads="8">
  <mem-info id="3436" free="8399480" total="22413312" percent="37">
    <mem type="tenure" free="8399480" total="22413312" percent="37">
      <mem type="soa" free="8176248" total="22190080" percent="36" />
      <mem type="loa" free="223232" total="223232" percent="100" />
    </mem>
    <pending-finalizers system="0" default="0" reference="122" classloader="0" />
  </mem-info>
</gc-end>
<cycle-end id="3437" type="global" contextid="3427" timestamp="2019-09-21T19:37:40.436" />
  <attribute name="elasticGC enabled" value="1" />
  <attribute name= "numThreadsSpecified" value="8" />
  <attribute name="heapSize specified" value="22347776" />
  <attribute name="Current GC Util" value="15" />
  <attribute name= "Current Time Running" value="17158" />
  <attribute name ="GC Interval" value="0" />
  <attribute name="Target GC Util Change" value ="40.000000" />
  <attribute name="Current GC Util Change" value="15.000000"/>
  <attribute name="Current Error" value="-502.000000" />
  <attribute name="Output H" value="22385328"/>
  <attribute name="Output I" value="1712"/>
  <attribute name="Output T" value="8"/>
  <attribute name= "Current Time Running" value="17158" />
  <attribute name="GC Util currently" value="15" />
  <attribute name="CPU Util currently" value="34426952046" />
<allocation-satisfied id="3438" threadId="0000000001EB3E00" bytesRequested="8200" />
<af-end id="3439" timestamp="2019-09-21T19:37:40.436" threadId="0000000001EB4788" success="true" />
<exclusive-end id="3440" timestamp="2019-09-21T19:37:40.436" durationms="78.434" />

<exclusive-start id="3441" timestamp="2019-09-21T19:37:40.452" intervalms="94.193">
  <response-info timems="0.058" idlems="0.058" threads="0" lastid="0000000001EB4900" lastname="PmdThread 6" />
</exclusive-start>
<af-start id="3442" threadId="0000000001EB5288" totalBytesRequested="24" timestamp="2019-09-21T19:37:40.453" intervalms="94.657" />
<cycle-start id="3443" type="global" contextid="0" timestamp="2019-09-21T19:37:40.453" intervalms="94.740" />
<gc-start id="3444" type="global" contextid="3443" timestamp="2019-09-21T19:37:40.453">
  <mem-info id="3445" free="223232" total="22413312" percent="0">
    <mem type="tenure" free="223232" total="22413312" percent="0">
      <mem type="soa" free="0" total="22190080" percent="0" />
      <mem type="loa" free="223232" total="223232" percent="100" />
    </mem>
  </mem-info>
</gc-start>
<allocation-stats totalBytes="8227464" >
  <allocated-bytes non-tlh="2216" tlh="8225248" />
  <largest-consumer threadName="PmdThread 6" threadId="0000000001EB4900" bytes="1515472" />
</allocation-stats>
<gc-op id="3446" type="mark" timems="4.713" contextid="3443" timestamp="2019-09-21T19:37:40.458">
  <trace-info objectcount="314382" scancount="291425" scanbytes="9735440" />
  <finalization candidates="58" enqueued="0" />
  <ownableSynchronizers candidates="12" cleared="0" />
  <references type="soft" candidates="109" cleared="0" enqueued="0" dynamicThreshold="11" maxThreshold="32" />
  <references type="weak" candidates="1163" cleared="261" enqueued="259" />
  <references type="phantom" candidates="124" cleared="9" enqueued="9" />
  <stringconstants candidates="5310" cleared="0"  />
</gc-op>
<gc-op id="3447" type="sweep" timems="0.553" contextid="3443" timestamp="2019-09-21T19:37:40.459" />
<mem-info id="3448" free="8821632" total="22413312" percent="39">
  <mem type="tenure" free="8821632" total="22413312" percent="39" micro-fragmented="227388" macro-fragmented="0">
    <mem type="soa" free="8598400" total="22190080" percent="38" />
    <mem type="loa" free="223232" total="223232" percent="100" />
  </mem>
  <pending-finalizers system="0" default="0" reference="268" classloader="0" />
</mem-info>
<gc-op id="3449" type="compact" timems="62.345" contextid="3443" timestamp="2019-09-21T19:37:40.521">
  <compact-info movecount="295416" movebytes="11959288" reason="compact to aid heap contraction" />
</gc-op>
<heap-resize id="3450" type="expand" space="tenure" amount="65536" count="1" timems="0.019" reason="satisfy allocation request" timestamp="2019-09-21T19:37:40.521" />
<gc-end id="3451" type="global" contextid="3443" durationms="68.637" usertimems="84.000" systemtimems="4.000" timestamp="2019-09-21T19:37:40.522" activeThreads="8">
  <mem-info id="3452" free="9202712" total="22478848" percent="40">
    <mem type="tenure" free="9202712" total="22478848" percent="40">
      <mem type="soa" free="8978456" total="22254592" percent="40" />
      <mem type="loa" free="224256" total="224256" percent="100" />
    </mem>
    <pending-finalizers system="0" default="0" reference="268" classloader="0" />
  </mem-info>
</gc-end>
<cycle-end id="3453" type="global" contextid="3443" timestamp="2019-09-21T19:37:40.522" />
  <attribute name="elasticGC enabled" value="1" />
  <attribute name= "numThreadsSpecified" value="8" />
  <attribute name="heapSize specified" value="22413312" />
  <attribute name="Current GC Util" value="5" />
  <attribute name= "Current Time Running" value="17244" />
  <attribute name ="GC Interval" value="0" />
  <attribute name="Target GC Util Change" value ="40.000000" />
  <attribute name="Current GC Util Change" value="5.000000"/>
  <attribute name="Current Error" value="-279.000000" />
  <attribute name="Output H" value="22450992"/>
  <attribute name="Output I" value="1840"/>
  <attribute name="Output T" value="8"/>
  <attribute name= "Current Time Running" value="17244" />
  <attribute name="GC Util currently" value="5" />
  <attribute name="CPU Util currently" value="36859370378" />
<allocation-satisfied id="3454" threadId="0000000001EB4900" bytesRequested="24" />
<af-end id="3455" timestamp="2019-09-21T19:37:40.522" threadId="0000000001EB5288" success="true" />
<exclusive-end id="3456" timestamp="2019-09-21T19:37:40.522" durationms="70.046" />

<exclusive-start id="3457" timestamp="2019-09-21T19:37:40.542" intervalms="90.194">
  <response-info timems="0.083" idlems="0.083" threads="0" lastid="0000000001EB5500" lastname="PmdThread 7" />
</exclusive-start>
<af-start id="3458" threadId="0000000001EB5E88" totalBytesRequested="120" timestamp="2019-09-21T19:37:40.542" intervalms="89.734" />
<cycle-start id="3459" type="global" contextid="0" timestamp="2019-09-21T19:37:40.543" intervalms="89.656" />
<gc-start id="3460" type="global" contextid="3459" timestamp="2019-09-21T19:37:40.543">
  <mem-info id="3461" free="224256" total="22478848" percent="0">
    <mem type="tenure" free="224256" total="22478848" percent="0">
      <mem type="soa" free="0" total="22254592" percent="0" />
      <mem type="loa" free="224256" total="224256" percent="100" />
    </mem>
  </mem-info>
</gc-start>
<allocation-stats totalBytes="9034728" >
  <allocated-bytes non-tlh="1088" tlh="9033640" />
  <largest-consumer threadName="PmdThread 7" threadId="0000000001EB5500" bytes="1825544" />
</allocation-stats>
<gc-op id="3462" type="mark" timems="5.256" contextid="3459" timestamp="2019-09-21T19:37:40.548">
  <trace-info objectcount="313224" scancount="290177" scanbytes="9680012" />
  <finalization candidates="58" enqueued="0" />
  <ownableSynchronizers candidates="12" cleared="0" />
  <references type="soft" candidates="109" cleared="0" enqueued="0" dynamicThreshold="13" maxThreshold="32" />
  <references type="weak" candidates="1164" cleared="262" enqueued="262" />
  <references type="phantom" candidates="142" cleared="28" enqueued="28" />
  <stringconstants candidates="5316" cleared="0"  />
</gc-op>
<gc-op id="3463" type="sweep" timems="0.614" contextid="3459" timestamp="2019-09-21T19:37:40.549" />
<mem-info id="3464" free="8466744" total="22478848" percent="37">
  <mem type="tenure" free="8466744" total="22478848" percent="37" micro-fragmented="543267" macro-fragmented="0">
    <mem type="soa" free="8242488" total="22254592" percent="37" />
    <mem type="loa" free="224256" total="224256" percent="100" />
  </mem>
  <pending-finalizers system="0" default="0" reference="290" classloader="0" />
</mem-info>
<gc-op id="3465" type="compact" timems="61.674" contextid="3459" timestamp="2019-09-21T19:37:40.611">
  <compact-info movecount="294258" movebytes="11962680" reason="compact to aid heap contraction" />
</gc-op>
<heap-resize id="3466" type="expand" space="tenure" amount="65536" count="1" timems="0.020" reason="satisfy allocation request" timestamp="2019-09-21T19:37:40.611" />
<gc-end id="3467" type="global" contextid="3459" durationms="68.634" usertimems="84.000" systemtimems="4.000" timestamp="2019-09-21T19:37:40.611" activeThreads="8">
  <mem-info id="3468" free="9264856" total="22544384" percent="41">
    <mem type="tenure" free="9264856" total="22544384" percent="41">
      <mem type="soa" free="9039576" total="22319104" percent="40" />
      <mem type="loa" free="225280" total="225280" percent="100" />
    </mem>
    <pending-finalizers system="0" default="0" reference="290" classloader="0" />
  </mem-info>
</gc-end>
<cycle-end id="3469" type="global" contextid="3459" timestamp="2019-09-21T19:37:40.611" />
  <attribute name="elasticGC enabled" value="1" />
  <attribute name= "numThreadsSpecified" value="8" />
  <attribute name="heapSize specified" value="22478848" />
  <attribute name="Current GC Util" value="4" />
  <attribute name= "Current Time Running" value="17334" />
  <attribute name ="GC Interval" value="0" />
  <attribute name="Target GC Util Change" value ="40.000000" />
  <attribute name="Current GC Util Change" value="4.000000"/>
  <attribute name="Current Error" value="36.000000" />
  <attribute name="Output H" value="22516712"/>
  <attribute name="Output I" value="2024"/>
  <attribute name="Output T" value="8"/>
  <attribute name= "Current Time Running" value="17334" />
  <attribute name="GC Util currently" value="4" />
  <attribute name="CPU Util currently" value="37289874009" />
<allocation-satisfied id="3470" threadId="0000000001EB5500" bytesRequested="120" />
<af-end id="3471" timestamp="2019-09-21T19:37:40.612" threadId="0000000001EB5E88" success="true" />
<exclusive-end id="3472" timestamp="2019-09-21T19:37:40.612" durationms="69.216" />

<exclusive-start id="3473" timestamp="2019-09-21T19:37:40.625" intervalms="82.705">
  <response-info timems="0.080" idlems="0.038" threads="2" lastid="0000000001EB3E00" lastname="PmdThread 5" />
</exclusive-start>
<af-start id="3474" threadId="0000000001EBF388" totalBytesRequested="24" timestamp="2019-09-21T19:37:40.625" intervalms="82.706" />
<cycle-start id="3475" type="global" contextid="0" timestamp="2019-09-21T19:37:40.625" intervalms="82.711" />
<gc-start id="3476" type="global" contextid="3475" timestamp="2019-09-21T19:37:40.625">
  <mem-info id="3477" free="225280" total="22544384" percent="0">
    <mem type="tenure" free="225280" total="22544384" percent="0">
      <mem type="soa" free="0" total="22319104" percent="0" />
      <mem type="loa" free="225280" total="225280" percent="100" />
    </mem>
  </mem-info>
</gc-start>
<allocation-stats totalBytes="9100344" >
  <allocated-bytes non-tlh="232" tlh="9100112" />
  <largest-consumer threadName="PmdThread 6" threadId="0000000001EB4900" bytes="2045440" />
</allocation-stats>
<gc-op id="3478" type="mark" timems="9.447" contextid="3475" timestamp="2019-09-21T19:37:40.635">
  <trace-info objectcount="317046" scancount="294372" scanbytes="9836936" />
  <finalization candidates="58" enqueued="0" />
  <ownableSynchronizers candidates="12" cleared="0" />
  <references type="soft" candidates="109" cleared="0" enqueued="0" dynamicThreshold="13" maxThreshold="32" />
  <references type="weak" candidates="1206" cleared="304" enqueued="304" />
  <references type="phantom" candidates="124" cleared="10" enqueued="10" />
  <stringconstants candidates="5317" cleared="0"  />
</gc-op>
<gc-op id="3479" type="sweep" timems="3.091" contextid="3475" timestamp="2019-09-21T19:37:40.638" />
<mem-info id="3480" free="8403752" total="22544384" percent="37">
  <mem type="tenure" free="8403752" total="22544384" percent="37" micro-fragmented="605351" macro-fragmented="53564">
    <mem type="soa" free="8178472" total="22319104" percent="36" />
    <mem type="loa" free="225280" total="225280" percent="100" />
  </mem>
  <pending-finalizers system="0" default="0" reference="314" classloader="0" />
</mem-info>
<gc-op id="3481" type="compact" timems="67.687" contextid="3475" timestamp="2019-09-21T19:37:40.706">
  <compact-info movecount="298080" movebytes="11975408" reason="compact to aid heap contraction" />
</gc-op>
<heap-resize id="3482" type="expand" space="tenure" amount="65536" count="1" timems="0.020" reason="satisfy allocation request" timestamp="2019-09-21T19:37:40.707" />
<gc-end id="3483" type="global" contextid="3475" durationms="81.444" usertimems="100.000" systemtimems="0.000" timestamp="2019-09-21T19:37:40.707" activeThreads="8">
  <mem-info id="3484" free="9325856" total="22609920" percent="41">
    <mem type="tenure" free="9325856" total="22609920" percent="41">
      <mem type="soa" free="9100576" total="22384640" percent="40" />
      <mem type="loa" free="225280" total="225280" percent="100" />
    </mem>
    <pending-finalizers system="0" default="0" reference="314" classloader="0" />
  </mem-info>
</gc-end>
<cycle-end id="3485" type="global" contextid="3475" timestamp="2019-09-21T19:37:40.707" />
  <attribute name="elasticGC enabled" value="1" />
  <attribute name= "numThreadsSpecified" value="8" />
  <attribute name="heapSize specified" value="22544384" />
  <attribute name="Current GC Util" value="16" />
  <attribute name= "Current Time Running" value="17429" />
  <attribute name ="GC Interval" value="0" />
  <attribute name="Target GC Util Change" value ="40.000000" />
  <attribute name="Current GC Util Change" value="16.000000"/>
  <attribute name="Current Error" value="-511.000000" />
  <attribute name="Output H" value="22581936"/>
  <attribute name="Output I" value="1712"/>
  <attribute name="Output T" value="8"/>
  <attribute name= "Current Time Running" value="17429" />
  <attribute name="GC Util currently" value="16" />
  <attribute name="CPU Util currently" value="33982962289" />
<allocation-satisfied id="3486" threadId="0000000001EBEA00" bytesRequested="24" />
<af-end id="3487" timestamp="2019-09-21T19:37:40.707" threadId="0000000001EBF388" success="true" />
<exclusive-end id="3488" timestamp="2019-09-21T19:37:40.707" durationms="82.064" />

<exclusive-start id="3489" timestamp="2019-09-21T19:37:40.717" intervalms="91.982">
  <response-info timems="0.065" idlems="0.027" threads="2" lastid="0000000001EB4900" lastname="PmdThread 6" />
</exclusive-start>
<af-start id="3490" threadId="0000000001EB7788" totalBytesRequested="24" timestamp="2019-09-21T19:37:40.717" intervalms="91.997" />
<cycle-start id="3491" type="global" contextid="0" timestamp="2019-09-21T19:37:40.717" intervalms="92.018" />
<gc-start id="3492" type="global" contextid="3491" timestamp="2019-09-21T19:37:40.717">
  <mem-info id="3493" free="225280" total="22609920" percent="0">
    <mem type="tenure" free="225280" total="22609920" percent="0">
      <mem type="soa" free="0" total="22384640" percent="0" />
      <mem type="loa" free="225280" total="225280" percent="100" />
    </mem>
  </mem-info>
</gc-start>
<allocation-stats totalBytes="9154256" >
  <allocated-bytes non-tlh="16912" tlh="9137344" />
  <largest-consumer threadName="PmdThread 8" threadId="0000000001EB6000" bytes="3083472" />
</allocation-stats>
<gc-op id="3494" type="mark" timems="6.938" contextid="3491" timestamp="2019-09-21T19:37:40.724">
  <trace-info objectcount="328853" scancount="305200" scanbytes="10218488" />
  <finalization candidates="58" enqueued="0" />
  <ownableSynchronizers candidates="12" cleared="0" />
  <references type="soft" candidates="109" cleared="0" enqueued="0" dynamicThreshold="13" maxThreshold="32" />
  <references type="weak" candidates="1034" cleared="130" enqueued="130" />
  <references type="phantom" candidates="132" cleared="16" enqueued="16" />
  <stringconstants candidates="5320" cleared="0"  />
</gc-op>
<gc-op id="3495" type="sweep" timems="3.862" contextid="3491" timestamp="2019-09-21T19:37:40.729" />
<mem-info id="3496" free="7461472" total="22609920" percent="33">
  <mem type="tenure" free="7461472" total="22609920" percent="33" micro-fragmented="1028101" macro-fragmented="27880">
    <mem type="soa" free="7236192" total="22384640" percent="32" />
    <mem type="loa" free="225280" total="225280" percent="100" />
  </mem>
  <pending-finalizers system="0" default="0" reference="146" classloader="0" />
</mem-info>
<gc-op id="3497" type="compact" timems="71.291" contextid="3491" timestamp="2019-09-21T19:37:40.800">
  <compact-info movecount="309887" movebytes="12557752" reason="compact to aid heap contraction" />
</gc-op>
<heap-resize id="3498" type="expand" space="tenure" amount="65536" count="1" timems="0.020" reason="satisfy allocation request" timestamp="2019-09-21T19:37:40.801" />
<gc-end id="3499" type="global" contextid="3491" durationms="84.090" usertimems="92.000" systemtimems="24.000" timestamp="2019-09-21T19:37:40.801" activeThreads="8">
  <mem-info id="3500" free="8800856" total="22675456" percent="38">
    <mem type="tenure" free="8800856" total="22675456" percent="38">
      <mem type="soa" free="8574552" total="22449152" percent="38" />
      <mem type="loa" free="226304" total="226304" percent="100" />
    </mem>
    <pending-finalizers system="0" default="0" reference="146" classloader="0" />
  </mem-info>
</gc-end>
<cycle-end id="3501" type="global" contextid="3491" timestamp="2019-09-21T19:37:40.802" />
  <attribute name="elasticGC enabled" value="1" />
  <attribute name= "numThreadsSpecified" value="8" />
  <attribute name="heapSize specified" value="22609920" />
  <attribute name="Current GC Util" value="16" />
  <attribute name= "Current Time Running" value="17523" />
  <attribute name ="GC Interval" value="0" />
  <attribute name="Target GC Util Change" value ="40.000000" />
  <attribute name="Current GC Util Change" value="16.000000"/>
  <attribute name="Current Error" value="-304.000000" />
  <attribute name="Output H" value="22647592"/>
  <attribute name="Output I" value="1832"/>
  <attribute name="Output T" value="8"/>
  <attribute name= "Current Time Running" value="17523" />
  <attribute name="GC Util currently" value="16" />
  <attribute name="CPU Util currently" value="32229394508" />
<allocation-satisfied id="3502" threadId="0000000001EB6E00" bytesRequested="24" />
<af-end id="3503" timestamp="2019-09-21T19:37:40.802" threadId="0000000001EB7788" success="true" />
<exclusive-end id="3504" timestamp="2019-09-21T19:37:40.802" durationms="84.950" />

<exclusive-start id="3505" timestamp="2019-09-21T19:37:40.813" intervalms="96.001">
  <response-info timems="0.040" idlems="0.040" threads="0" lastid="0000000001EB6E00" lastname="PmdThread 2" />
</exclusive-start>
<af-start id="3506" threadId="0000000001EB7788" totalBytesRequested="576" timestamp="2019-09-21T19:37:40.813" intervalms="96.019" />
<cycle-start id="3507" type="global" contextid="0" timestamp="2019-09-21T19:37:40.813" intervalms="96.033" />
<gc-start id="3508" type="global" contextid="3507" timestamp="2019-09-21T19:37:40.813">
  <mem-info id="3509" free="226304" total="22675456" percent="0">
    <mem type="tenure" free="226304" total="22675456" percent="0">
      <mem type="soa" free="0" total="22449152" percent="0" />
      <mem type="loa" free="226304" total="226304" percent="100" />
    </mem>
  </mem-info>
</gc-start>
<allocation-stats totalBytes="8636624" >
  <allocated-bytes non-tlh="2800" tlh="8633824" />
  <largest-consumer threadName="PmdThread 5" threadId="0000000001EB3E00" bytes="2075024" />
</allocation-stats>
<gc-op id="3510" type="mark" timems="6.023" contextid="3507" timestamp="2019-09-21T19:37:40.820">
  <trace-info objectcount="343942" scancount="319450" scanbytes="10728352" />
  <finalization candidates="58" enqueued="0" />
  <ownableSynchronizers candidates="12" cleared="0" />
  <references type="soft" candidates="150" cleared="0" enqueued="0" dynamicThreshold="12" maxThreshold="32" />
  <references type="weak" candidates="1145" cleared="243" enqueued="243" />
  <references type="phantom" candidates="126" cleared="11" enqueued="11" />
  <stringconstants candidates="5357" cleared="0"  />
</gc-op>
<gc-op id="3511" type="sweep" timems="0.738" contextid="3507" timestamp="2019-09-21T19:37:40.820" />
<mem-info id="3512" free="7275008" total="22675456" percent="32">
  <mem type="tenure" free="7275008" total="22675456" percent="32" micro-fragmented="791398" macro-fragmented="0">
    <mem type="soa" free="7048704" total="22449152" percent="31" />
    <mem type="loa" free="226304" total="226304" percent="100" />
  </mem>
  <pending-finalizers system="0" default="0" reference="254" classloader="0" />
</mem-info>
<gc-op id="3513" type="compact" timems="69.057" contextid="3507" timestamp="2019-09-21T19:37:40.890">
  <compact-info movecount="324972" movebytes="12998144" reason="compact to aid heap contraction" />
</gc-op>
<heap-resize id="3514" type="expand" space="tenure" amount="65536" count="1" timems="0.018" reason="satisfy allocation request" timestamp="2019-09-21T19:37:40.890" />
<gc-end id="3515" type="global" contextid="3507" durationms="76.908" usertimems="76.000" systemtimems="24.000" timestamp="2019-09-21T19:37:40.890" activeThreads="8">
  <mem-info id="3516" free="8425784" total="22740992" percent="37">
    <mem type="tenure" free="8425784" total="22740992" percent="37">
      <mem type="soa" free="8198456" total="22513664" percent="36" />
      <mem type="loa" free="227328" total="227328" percent="100" />
    </mem>
    <pending-finalizers system="0" default="0" reference="254" classloader="0" />
  </mem-info>
</gc-end>
<cycle-end id="3517" type="global" contextid="3507" timestamp="2019-09-21T19:37:40.890" />
  <attribute name="elasticGC enabled" value="1" />
  <attribute name= "numThreadsSpecified" value="8" />
  <attribute name="heapSize specified" value="22675456" />
  <attribute name="Current GC Util" value="10" />
  <attribute name= "Current Time Running" value="17612" />
  <attribute name ="GC Interval" value="0" />
  <attribute name="Target GC Util Change" value ="40.000000" />
  <attribute name="Current GC Util Change" value="10.000000"/>
  <attribute name="Current Error" value="30.000000" />
  <attribute name="Output H" value="22713320"/>
  <attribute name="Output I" value="2024"/>
  <attribute name="Output T" value="8"/>
  <attribute name= "Current Time Running" value="17612" />
  <attribute name="GC Util currently" value="10" />
  <attribute name="CPU Util currently" value="33311664991" />
<allocation-satisfied id="3518" threadId="0000000001EB6E00" bytesRequested="576" />
<af-end id="3519" timestamp="2019-09-21T19:37:40.891" threadId="0000000001EB7788" success="true" />
<exclusive-end id="3520" timestamp="2019-09-21T19:37:40.891" durationms="77.491" />

<exclusive-start id="3521" timestamp="2019-09-21T19:37:40.901" intervalms="87.810">
  <response-info timems="0.060" idlems="0.060" threads="0" lastid="0000000001EB4900" lastname="PmdThread 6" />
</exclusive-start>
<af-start id="3522" threadId="0000000001EB5288" totalBytesRequested="48" timestamp="2019-09-21T19:37:40.901" intervalms="87.802" />
<cycle-start id="3523" type="global" contextid="0" timestamp="2019-09-21T19:37:40.901" intervalms="87.772" />
<gc-start id="3524" type="global" contextid="3523" timestamp="2019-09-21T19:37:40.901">
  <mem-info id="3525" free="227328" total="22740992" percent="0">
    <mem type="tenure" free="227328" total="22740992" percent="0">
      <mem type="soa" free="0" total="22513664" percent="0" />
      <mem type="loa" free="227328" total="227328" percent="100" />
    </mem>
  </mem-info>
</gc-start>
<allocation-stats totalBytes="8244152" >
  <allocated-bytes non-tlh="480" tlh="8243672" />
  <largest-consumer threadName="PmdThread 8" threadId="0000000001EB6000" bytes="2440088" />
</allocation-stats>
<gc-op id="3526" type="mark" timems="6.939" contextid="3523" timestamp="2019-09-21T19:37:40.908">
  <trace-info objectcount="340071" scancount="315997" scanbytes="10590812" />
  <finalization candidates="58" enqueued="0" />
  <ownableSynchronizers candidates="12" cleared="0" />
  <references type="soft" candidates="150" cleared="0" enqueued="0" dynamicThreshold="11" maxThreshold="32" />
  <references type="weak" candidates="1201" cleared="299" enqueued="298" />
  <references type="phantom" candidates="126" cleared="11" enqueued="11" />
  <stringconstants candidates="5361" cleared="0"  />
</gc-op>
<gc-op id="3527" type="sweep" timems="1.906" contextid="3523" timestamp="2019-09-21T19:37:40.910" />
<mem-info id="3528" free="8206768" total="22740992" percent="36">
  <mem type="tenure" free="8206768" total="22740992" percent="36" micro-fragmented="297116" macro-fragmented="0">
    <mem type="soa" free="7979440" total="22513664" percent="35" />
    <mem type="loa" free="227328" total="227328" percent="100" />
  </mem>
  <pending-finalizers system="0" default="0" reference="309" classloader="0" />
</mem-info>
<gc-op id="3529" type="compact" timems="72.352" contextid="3523" timestamp="2019-09-21T19:37:40.983">
  <compact-info movecount="321105" movebytes="12938984" reason="compact to aid heap contraction" />
</gc-op>
<heap-resize id="3530" type="expand" space="tenure" amount="65536" count="1" timems="0.019" reason="satisfy allocation request" timestamp="2019-09-21T19:37:40.984" />
<gc-end id="3531" type="global" contextid="3523" durationms="82.965" usertimems="100.000" systemtimems="4.000" timestamp="2019-09-21T19:37:40.984" activeThreads="8">
  <mem-info id="3532" free="8558888" total="22806528" percent="37">
    <mem type="tenure" free="8558888" total="22806528" percent="37">
      <mem type="soa" free="8331560" total="22579200" percent="36" />
      <mem type="loa" free="227328" total="227328" percent="100" />
    </mem>
    <pending-finalizers system="0" default="0" reference="309" classloader="0" />
  </mem-info>
</gc-end>
<cycle-end id="3533" type="global" contextid="3523" timestamp="2019-09-21T19:37:40.984" />
  <attribute name="elasticGC enabled" value="1" />
  <attribute name= "numThreadsSpecified" value="8" />
  <attribute name="heapSize specified" value="22740992" />
  <attribute name="Current GC Util" value="13" />
  <attribute name= "Current Time Running" value="17706" />
  <attribute name ="GC Interval" value="0" />
  <attribute name="Target GC Util Change" value ="40.000000" />
  <attribute name="Current GC Util Change" value="13.000000"/>
  <attribute name="Current Error" value="-861.000000" />
  <attribute name="Output H" value="22778336"/>
  <attribute name="Output I" value="1504"/>
  <attribute name="Output T" value="8"/>
  <attribute name= "Current Time Running" value="17706" />
  <attribute name="GC Util currently" value="13" />
  <attribute name="CPU Util currently" value="31757779027" />
<allocation-satisfied id="3534" threadId="0000000001EB4900" bytesRequested="48" />
<af-end id="3535" timestamp="2019-09-21T19:37:40.985" threadId="0000000001EB5288" success="true" />
<exclusive-end id="3536" timestamp="2019-09-21T19:37:40.985" durationms="83.813" />

<exclusive-start id="3537" timestamp="2019-09-21T19:37:40.995" intervalms="94.065">
  <response-info timems="0.053" idlems="0.053" threads="1" lastid="0000000001EB4900" lastname="PmdThread 6" />
</exclusive-start>
<af-start id="3538" threadId="0000000001EB7788" totalBytesRequested="16" timestamp="2019-09-21T19:37:40.995" intervalms="94.090" />
<cycle-start id="3539" type="global" contextid="0" timestamp="2019-09-21T19:37:40.995" intervalms="94.089" />
<gc-start id="3540" type="global" contextid="3539" timestamp="2019-09-21T19:37:40.995">
  <mem-info id="3541" free="227328" total="22806528" percent="0">
    <mem type="tenure" free="227328" total="22806528" percent="0">
      <mem type="soa" free="0" total="22579200" percent="0" />
      <mem type="loa" free="227328" total="227328" percent="100" />
    </mem>
  </mem-info>
</gc-start>
<allocation-stats totalBytes="8386112" >
  <allocated-bytes non-tlh="968" tlh="8385144" />
  <largest-consumer threadName="PmdThread 3" threadId="0000000001EBEA00" bytes="1932992" />
</allocation-stats>
<gc-op id="3542" type="mark" timems="5.609" contextid="3539" timestamp="2019-09-21T19:37:41.001">
  <trace-info objectcount="328172" scancount="305105" scanbytes="10284336" />
  <finalization candidates="58" enqueued="0" />
  <ownableSynchronizers candidates="12" cleared="0" />
  <references type="soft" candidates="150" cleared="0" enqueued="0" dynamicThreshold="12" maxThreshold="32" />
  <references type="weak" candidates="1049" cleared="147" enqueued="147" />
  <references type="phantom" candidates="125" cleared="9" enqueued="9" />
  <stringconstants candidates="5366" cleared="0"  />
</gc-op>
<gc-op id="3543" type="sweep" timems="0.627" contextid="3539" timestamp="2019-09-21T19:37:41.002" />
<mem-info id="3544" free="8322520" total="22806528" percent="36">
  <mem type="tenure" free="8322520" total="22806528" percent="36" micro-fragmented="665663" macro-fragmented="0">
    <mem type="soa" free="8095192" total="22579200" percent="35" />
    <mem type="loa" free="227328" total="227328" percent="100" />
  </mem>
  <pending-finalizers system="0" default="0" reference="156" classloader="0" />
</mem-info>
<gc-op id="3545" type="compact" timems="68.506" contextid="3539" timestamp="2019-09-21T19:37:41.071">
  <compact-info movecount="309202" movebytes="12354648" reason="compact to aid heap contraction" />
</gc-op>
<heap-resize id="3546" type="expand" space="tenure" amount="65536" count="1" timems="0.021" reason="satisfy allocation request" timestamp="2019-09-21T19:37:41.071" />
<gc-end id="3547" type="global" contextid="3539" durationms="76.374" usertimems="92.000" systemtimems="8.000" timestamp="2019-09-21T19:37:41.072" activeThreads="8">
  <mem-info id="3548" free="9220832" total="22872064" percent="40">
    <mem type="tenure" free="9220832" total="22872064" percent="40">
      <mem type="soa" free="8992480" total="22643712" percent="39" />
      <mem type="loa" free="228352" total="228352" percent="100" />
    </mem>
    <pending-finalizers system="0" default="0" reference="156" classloader="0" />
  </mem-info>
</gc-end>
<cycle-end id="3549" type="global" contextid="3539" timestamp="2019-09-21T19:37:41.072" />
  <attribute name="elasticGC enabled" value="1" />
  <attribute name= "numThreadsSpecified" value="8" />
  <attribute name="heapSize specified" value="22806528" />
  <attribute name="Current GC Util" value="7" />
  <attribute name= "Current Time Running" value="17794" />
  <attribute name ="GC Interval" value="0" />
  <attribute name="Target GC Util Change" value ="40.000000" />
  <attribute name="Current GC Util Change" value="7.000000"/>
  <attribute name="Current Error" value="-377.000000" />
  <attribute name="Output H" value="22844152"/>
  <attribute name="Output I" value="1784"/>
  <attribute name="Output T" value="8"/>
  <attribute name= "Current Time Running" value="17794" />
  <attribute name="GC Util currently" value="7" />
  <attribute name="CPU Util currently" value="33555699019" />
<allocation-satisfied id="3550" threadId="0000000001EB6E00" bytesRequested="16" />
<af-end id="3551" timestamp="2019-09-21T19:37:41.072" threadId="0000000001EB7788" success="true" />
<exclusive-end id="3552" timestamp="2019-09-21T19:37:41.072" durationms="77.408" />

<exclusive-start id="3553" timestamp="2019-09-21T19:37:41.079" intervalms="83.846">
  <response-info timems="0.045" idlems="0.045" threads="0" lastid="0000000001EB5500" lastname="PmdThread 7" />
</exclusive-start>
<af-start id="3554" threadId="0000000001EB5E88" totalBytesRequested="72" timestamp="2019-09-21T19:37:41.079" intervalms="83.875" />
<cycle-start id="3555" type="global" contextid="0" timestamp="2019-09-21T19:37:41.079" intervalms="83.902" />
<gc-start id="3556" type="global" contextid="3555" timestamp="2019-09-21T19:37:41.079">
  <mem-info id="3557" free="228352" total="22872064" percent="0">
    <mem type="tenure" free="228352" total="22872064" percent="0">
      <mem type="soa" free="0" total="22643712" percent="0" />
      <mem type="loa" free="228352" total="228352" percent="100" />
    </mem>
  </mem-info>
</gc-start>
<allocation-stats totalBytes="9030896" >
  <allocated-bytes non-tlh="672" tlh="9030224" />
  <largest-consumer threadName="PmdThread 6" threadId="0000000001EB4900" bytes="3546792" />
</allocation-stats>
<gc-op id="3558" type="mark" timems="4.125" contextid="3555" timestamp="2019-09-21T19:37:41.083">
  <trace-info objectcount="343766" scancount="319158" scanbytes="10796572" />
  <finalization candidates="58" enqueued="0" />
  <ownableSynchronizers candidates="12" cleared="0" />
  <references type="soft" candidates="150" cleared="0" enqueued="0" dynamicThreshold="12" maxThreshold="32" />
  <references type="weak" candidates="955" cleared="51" enqueued="51" />
  <references type="phantom" candidates="121" cleared="4" enqueued="4" />
  <stringconstants candidates="5370" cleared="0"  />
</gc-op>
<gc-op id="3559" type="sweep" timems="0.439" contextid="3555" timestamp="2019-09-21T19:37:41.084" />
<mem-info id="3560" free="7163448" total="22872064" percent="31">
  <mem type="tenure" free="7163448" total="22872064" percent="31" micro-fragmented="814839" macro-fragmented="6319">
    <mem type="soa" free="6935096" total="22643712" percent="30" />
    <mem type="loa" free="228352" total="228352" percent="100" />
  </mem>
  <pending-finalizers system="0" default="0" reference="55" classloader="0" />
</mem-info>
<gc-op id="3561" type="compact" timems="68.853" contextid="3555" timestamp="2019-09-21T19:37:41.153">
  <compact-info movecount="183726" movebytes="7659752" reason="compact to aid heap contraction" />
</gc-op>
<heap-resize id="3562" type="expand" space="tenure" amount="65536" count="1" timems="0.019" reason="satisfy allocation request" timestamp="2019-09-21T19:37:41.154" />
<gc-end id="3563" type="global" contextid="3555" durationms="74.517" usertimems="80.000" systemtimems="12.000" timestamp="2019-09-21T19:37:41.154" activeThreads="8">
  <mem-info id="3564" free="8520848" total="22937600" percent="37">
    <mem type="tenure" free="8520848" total="22937600" percent="37">
      <mem type="soa" free="8291472" total="22708224" percent="36" />
      <mem type="loa" free="229376" total="229376" percent="100" />
    </mem>
    <pending-finalizers system="0" default="0" reference="55" classloader="0" />
  </mem-info>
</gc-end>
<cycle-end id="3565" type="global" contextid="3555" timestamp="2019-09-21T19:37:41.154" />
  <attribute name="elasticGC enabled" value="1" />
  <attribute name= "numThreadsSpecified" value="8" />
  <attribute name="heapSize specified" value="22872064" />
  <attribute name="Current GC Util" value="4" />
  <attribute name= "Current Time Running" value="17876" />
  <attribute name ="GC Interval" value="0" />
  <attribute name="Target GC Util Change" value ="40.000000" />
  <attribute name="Current GC Util Change" value="4.000000"/>
  <attribute name="Current Error" value="36.000000" />
  <attribute name="Output H" value="22909928"/>
  <attribute name="Output I" value="2024"/>
  <attribute name="Output T" value="8"/>
  <attribute name= "Current Time Running" value="17876" />
  <attribute name="GC Util currently" value="4" />
  <attribute name="CPU Util currently" value="33411543908" />
<allocation-satisfied id="3566" threadId="0000000001EB5500" bytesRequested="72" />
<af-end id="3567" timestamp="2019-09-21T19:37:41.154" threadId="0000000001EB5E88" success="true" />
<exclusive-end id="3568" timestamp="2019-09-21T19:37:41.154" durationms="75.351" />

<exclusive-start id="3569" timestamp="2019-09-21T19:37:41.179" intervalms="100.176">
  <response-info timems="0.064" idlems="0.038" threads="1" lastid="0000000001B9B600" lastname="JIT Compilation Thread-0" />
</exclusive-start>
<af-start id="3570" threadId="0000000001EB6988" totalBytesRequested="888" timestamp="2019-09-21T19:37:41.179" intervalms="100.101" />
<cycle-start id="3571" type="global" contextid="0" timestamp="2019-09-21T19:37:41.179" intervalms="100.070" />
<gc-start id="3572" type="global" contextid="3571" timestamp="2019-09-21T19:37:41.179">
  <mem-info id="3573" free="229376" total="22937600" percent="1">
    <mem type="tenure" free="229376" total="22937600" percent="1">
      <mem type="soa" free="0" total="22708224" percent="0" />
      <mem type="loa" free="229376" total="229376" percent="100" />
    </mem>
  </mem-info>
</gc-start>
<allocation-stats totalBytes="8345000" >
  <allocated-bytes non-tlh="22008" tlh="8322992" />
  <largest-consumer threadName="PmdThread 5" threadId="0000000001EB3E00" bytes="2546976" />
</allocation-stats>
<gc-op id="3574" type="mark" timems="6.396" contextid="3571" timestamp="2019-09-21T19:37:41.186">
  <trace-info objectcount="356058" scancount="330056" scanbytes="11142988" />
  <finalization candidates="58" enqueued="0" />
  <ownableSynchronizers candidates="12" cleared="0" />
  <references type="soft" candidates="150" cleared="0" enqueued="0" dynamicThreshold="11" maxThreshold="32" />
  <references type="weak" candidates="1069" cleared="167" enqueued="167" />
  <references type="phantom" candidates="147" cleared="30" enqueued="30" />
  <stringconstants candidates="5403" cleared="0"  />
</gc-op>
<gc-op id="3575" type="sweep" timems="2.391" contextid="3571" timestamp="2019-09-21T19:37:41.188" />
<mem-info id="3576" free="6987880" total="22937600" percent="30">
  <mem type="tenure" free="6987880" total="22937600" percent="30" micro-fragmented="541032" macro-fragmented="23164">
    <mem type="soa" free="6758504" total="22708224" percent="29" />
    <mem type="loa" free="229376" total="229376" percent="100" />
  </mem>
  <pending-finalizers system="0" default="0" reference="197" classloader="0" />
</mem-info>
<gc-op id="3577" type="compact" timems="78.180" contextid="3571" timestamp="2019-09-21T19:37:41.267">
  <compact-info movecount="208514" movebytes="8903216" reason="compact to aid heap contraction" />
</gc-op>
<heap-resize id="3578" type="expand" space="tenure" amount="65536" count="1" timems="0.020" reason="satisfy allocation request" timestamp="2019-09-21T19:37:41.268" />
<gc-end id="3579" type="global" contextid="3571" durationms="88.939" usertimems="100.000" systemtimems="4.000" timestamp="2019-09-21T19:37:41.268" activeThreads="8">
  <mem-info id="3580" free="7836872" total="23003136" percent="34">
    <mem type="tenure" free="7836872" total="23003136" percent="34">
      <mem type="soa" free="7607496" total="22773760" percent="33" />
      <mem type="loa" free="229376" total="229376" percent="100" />
    </mem>
    <pending-finalizers system="0" default="0" reference="197" classloader="0" />
  </mem-info>
</gc-end>
<cycle-end id="3581" type="global" contextid="3571" timestamp="2019-09-21T19:37:41.268" />
  <attribute name="elasticGC enabled" value="1" />
  <attribute name= "numThreadsSpecified" value="8" />
  <attribute name="heapSize specified" value="22937600" />
  <attribute name="Current GC Util" value="10" />
  <attribute name= "Current Time Running" value="17990" />
  <attribute name ="GC Interval" value="0" />
  <attribute name="Target GC Util Change" value ="40.000000" />
  <attribute name="Current GC Util Change" value="10.000000"/>
  <attribute name="Current Error" value="-494.000000" />
  <attribute name="Output H" value="22975160"/>
  <attribute name="Output I" value="1720"/>
  <attribute name="Output T" value="8"/>
  <attribute name= "Current Time Running" value="17990" />
  <attribute name="GC Util currently" value="10" />
  <attribute name="CPU Util currently" value="29391875518" />
<allocation-satisfied id="3582" threadId="0000000001EB6000" bytesRequested="888" />
<af-end id="3583" timestamp="2019-09-21T19:37:41.269" threadId="0000000001EB6988" success="true" />
<exclusive-end id="3584" timestamp="2019-09-21T19:37:41.269" durationms="89.831" />

<exclusive-start id="3585" timestamp="2019-09-21T19:37:41.294" intervalms="114.973">
  <response-info timems="0.065" idlems="0.065" threads="0" lastid="0000000001EB4900" lastname="PmdThread 6" />
</exclusive-start>
<af-start id="3586" threadId="0000000001EB5288" totalBytesRequested="48" timestamp="2019-09-21T19:37:41.294" intervalms="114.980" />
<cycle-start id="3587" type="global" contextid="0" timestamp="2019-09-21T19:37:41.294" intervalms="114.978" />
<gc-start id="3588" type="global" contextid="3587" timestamp="2019-09-21T19:37:41.294">
  <mem-info id="3589" free="229376" total="23003136" percent="0">
    <mem type="tenure" free="229376" total="23003136" percent="0">
      <mem type="soa" free="0" total="22773760" percent="0" />
      <mem type="loa" free="229376" total="229376" percent="100" />
    </mem>
  </mem-info>
</gc-start>
<allocation-stats totalBytes="7658120" >
  <allocated-bytes non-tlh="8080" tlh="7650040" />
  <largest-consumer threadName="PmdThread 2" threadId="0000000001EB6E00" bytes="1954312" />
</allocation-stats>
<gc-op id="3590" type="mark" timems="5.451" contextid="3587" timestamp="2019-09-21T19:37:41.300">
  <trace-info objectcount="351990" scancount="325985" scanbytes="10995208" />
  <finalization candidates="58" enqueued="0" />
  <ownableSynchronizers candidates="12" cleared="0" />
  <references type="soft" candidates="151" cleared="0" enqueued="0" dynamicThreshold="10" maxThreshold="32" />
  <references type="weak" candidates="1213" cleared="311" enqueued="311" />
  <references type="phantom" candidates="133" cleared="16" enqueued="16" />
  <stringconstants candidates="5451" cleared="0"  />
</gc-op>
<gc-op id="3591" type="sweep" timems="1.003" contextid="3587" timestamp="2019-09-21T19:37:41.301" />
<mem-info id="3592" free="7806920" total="23003136" percent="33">
  <mem type="tenure" free="7806920" total="23003136" percent="33" micro-fragmented="342907" macro-fragmented="8908">
    <mem type="soa" free="7577544" total="22773760" percent="33" />
    <mem type="loa" free="229376" total="229376" percent="100" />
  </mem>
  <pending-finalizers system="0" default="0" reference="327" classloader="0" />
</mem-info>
<gc-op id="3593" type="compact" timems="72.435" contextid="3587" timestamp="2019-09-21T19:37:41.374">
  <compact-info movecount="197568" movebytes="8176944" reason="compact to aid heap contraction" />
</gc-op>
<heap-resize id="3594" type="expand" space="tenure" amount="65536" count="1" timems="0.018" reason="satisfy allocation request" timestamp="2019-09-21T19:37:41.374" />
<gc-end id="3595" type="global" contextid="3587" durationms="80.318" usertimems="92.000" systemtimems="8.000" timestamp="2019-09-21T19:37:41.375" activeThreads="8">
  <mem-info id="3596" free="8347896" total="23068672" percent="36">
    <mem type="tenure" free="8347896" total="23068672" percent="36">
      <mem type="soa" free="8117496" total="22838272" percent="35" />
      <mem type="loa" free="230400" total="230400" percent="100" />
    </mem>
    <pending-finalizers system="0" default="0" reference="327" classloader="0" />
  </mem-info>
</gc-end>
<cycle-end id="3597" type="global" contextid="3587" timestamp="2019-09-21T19:37:41.375" />
  <attribute name="elasticGC enabled" value="1" />
  <attribute name= "numThreadsSpecified" value="8" />
  <attribute name="heapSize specified" value="23003136" />
  <attribute name="Current GC Util" value="8" />
  <attribute name= "Current Time Running" value="18097" />
  <attribute name ="GC Interval" value="0" />
  <attribute name="Target GC Util Change" value ="40.000000" />
  <attribute name="Current GC Util Change" value="8.000000"/>
  <attribute name="Current Error" value="-365.000000" />
  <attribute name="Output H" value="23040768"/>
  <attribute name="Output I" value="1792"/>
  <attribute name="Output T" value="8"/>
  <attribute name= "Current Time Running" value="18097" />
  <attribute name="GC Util currently" value="8" />
  <attribute name="CPU Util currently" value="31734682239" />
<allocation-satisfied id="3598" threadId="0000000001EB4900" bytesRequested="48" />
<af-end id="3599" timestamp="2019-09-21T19:37:41.375" threadId="0000000001EB5288" success="true" />
<exclusive-end id="3600" timestamp="2019-09-21T19:37:41.375" durationms="81.145" />

<exclusive-start id="3601" timestamp="2019-09-21T19:37:41.389" intervalms="94.599">
  <response-info timems="0.058" idlems="0.058" threads="0" lastid="0000000001EB3E00" lastname="PmdThread 5" />
</exclusive-start>
<af-start id="3602" threadId="0000000001EB4788" totalBytesRequested="168" timestamp="2019-09-21T19:37:41.389" intervalms="94.602" />
<cycle-start id="3603" type="global" contextid="0" timestamp="2019-09-21T19:37:41.389" intervalms="94.611" />
<gc-start id="3604" type="global" contextid="3603" timestamp="2019-09-21T19:37:41.389">
  <mem-info id="3605" free="230400" total="23068672" percent="0">
    <mem type="tenure" free="230400" total="23068672" percent="0">
      <mem type="soa" free="0" total="22838272" percent="0" />
      <mem type="loa" free="230400" total="230400" percent="100" />
    </mem>
  </mem-info>
</gc-start>
<allocation-stats totalBytes="8164072" >
  <allocated-bytes non-tlh="1144" tlh="8162928" />
  <largest-consumer threadName="PmdThread 3" threadId="0000000001EBEA00" bytes="1528832" />
</allocation-stats>
<gc-op id="3606" type="mark" timems="4.910" contextid="3603" timestamp="2019-09-21T19:37:41.394">
  <trace-info objectcount="342064" scancount="316749" scanbytes="10665676" />
  <finalization candidates="58" enqueued="0" />
  <ownableSynchronizers candidates="12" cleared="1" />
  <references type="soft" candidates="150" cleared="0" enqueued="0" dynamicThreshold="11" maxThreshold="32" />
  <references type="weak" candidates="1213" cleared="317" enqueued="317" />
  <references type="phantom" candidates="124" cleared="7" enqueued="7" />
  <stringconstants candidates="5457" cleared="0"  />
</gc-op>
<gc-op id="3607" type="sweep" timems="0.669" contextid="3603" timestamp="2019-09-21T19:37:41.395" />
<mem-info id="3608" free="8425456" total="23068672" percent="36">
  <mem type="tenure" free="8425456" total="23068672" percent="36" micro-fragmented="271354" macro-fragmented="0">
    <mem type="soa" free="8195056" total="22838272" percent="35" />
    <mem type="loa" free="230400" total="230400" percent="100" />
  </mem>
  <pending-finalizers system="0" default="0" reference="324" classloader="0" />
</mem-info>
<gc-op id="3609" type="compact" timems="71.318" contextid="3603" timestamp="2019-09-21T19:37:41.466">
  <compact-info movecount="211281" movebytes="8634824" reason="compact to aid heap contraction" />
</gc-op>
<heap-resize id="3610" type="expand" space="tenure" amount="65536" count="1" timems="0.020" reason="satisfy allocation request" timestamp="2019-09-21T19:37:41.467" />
<gc-end id="3611" type="global" contextid="3603" durationms="77.803" usertimems="96.000" systemtimems="0.000" timestamp="2019-09-21T19:37:41.467" activeThreads="8">
  <mem-info id="3612" free="8869432" total="23134208" percent="38">
    <mem type="tenure" free="8869432" total="23134208" percent="38">
      <mem type="soa" free="8639032" total="22903808" percent="37" />
      <mem type="loa" free="230400" total="230400" percent="100" />
    </mem>
    <pending-finalizers system="0" default="0" reference="324" classloader="0" />
  </mem-info>
</gc-end>
<cycle-end id="3613" type="global" contextid="3603" timestamp="2019-09-21T19:37:41.467" />
  <attribute name="elasticGC enabled" value="1" />
  <attribute name= "numThreadsSpecified" value="8" />
  <attribute name="heapSize specified" value="23068672" />
  <attribute name="Current GC Util" value="5" />
  <attribute name= "Current Time Running" value="18189" />
  <attribute name ="GC Interval" value="0" />
  <attribute name="Target GC Util Change" value ="40.000000" />
  <attribute name="Current GC Util Change" value="5.000000"/>
  <attribute name="Current Error" value="35.000000" />
  <attribute name="Output H" value="23106536"/>
  <attribute name="Output I" value="2024"/>
  <attribute name="Output T" value="8"/>
  <attribute name= "Current Time Running" value="18189" />
  <attribute name="GC Util currently" value="5" />
  <attribute name="CPU Util currently" value="32258030185" />
<allocation-satisfied id="3614" threadId="0000000001EB3E00" bytesRequested="168" />
<af-end id="3615" timestamp="2019-09-21T19:37:41.467" threadId="0000000001EB4788" success="true" />
<exclusive-end id="3616" timestamp="2019-09-21T19:37:41.467" durationms="78.344" />

<exclusive-start id="3617" timestamp="2019-09-21T19:37:41.478" intervalms="89.723">
  <response-info timems="0.030" idlems="0.030" threads="0" lastid="0000000001EB4900" lastname="PmdThread 6" />
</exclusive-start>
<af-start id="3618" threadId="0000000001EB5288" totalBytesRequested="72" timestamp="2019-09-21T19:37:41.478" intervalms="89.770" />
<cycle-start id="3619" type="global" contextid="0" timestamp="2019-09-21T19:37:41.479" intervalms="89.801" />
<gc-start id="3620" type="global" contextid="3619" timestamp="2019-09-21T19:37:41.479">
  <mem-info id="3621" free="230400" total="23134208" percent="0">
    <mem type="tenure" free="230400" total="23134208" percent="0">
      <mem type="soa" free="0" total="22903808" percent="0" />
      <mem type="loa" free="230400" total="230400" percent="100" />
    </mem>
  </mem-info>
</gc-start>
<allocation-stats totalBytes="8690528" >
  <allocated-bytes non-tlh="176" tlh="8690352" />
  <largest-consumer threadName="PmdThread 6" threadId="0000000001EB4900" bytes="4615968" />
</allocation-stats>
<gc-op id="3622" type="mark" timems="5.441" contextid="3619" timestamp="2019-09-21T19:37:41.484">
  <trace-info objectcount="328849" scancount="304950" scanbytes="10256428" />
  <finalization candidates="58" enqueued="0" />
  <ownableSynchronizers candidates="11" cleared="6" />
  <references type="soft" candidates="144" cleared="0" enqueued="0" dynamicThreshold="12" maxThreshold="32" />
  <references type="weak" candidates="979" cleared="124" enqueued="124" />
  <references type="phantom" candidates="119" cleared="4" enqueued="4" />
  <stringconstants candidates="5457" cleared="0"  />
</gc-op>
<gc-op id="3623" type="sweep" timems="0.816" contextid="3619" timestamp="2019-09-21T19:37:41.485" />
<mem-info id="3624" free="9594272" total="23134208" percent="41">
  <mem type="tenure" free="9594272" total="23134208" percent="41" micro-fragmented="32531" macro-fragmented="0">
    <mem type="soa" free="9363872" total="22903808" percent="40" />
    <mem type="loa" free="230400" total="230400" percent="100" />
  </mem>
  <pending-finalizers system="0" default="0" reference="128" classloader="0" />
</mem-info>
<gc-op id="3625" type="compact" timems="69.005" contextid="3619" timestamp="2019-09-21T19:37:41.555">
  <compact-info movecount="230178" movebytes="9152232" reason="compact to aid heap contraction" />
</gc-op>
<heap-resize id="3626" type="expand" space="tenure" amount="65536" count="1" timems="0.017" reason="satisfy allocation request" timestamp="2019-09-21T19:37:41.555" />
<gc-end id="3627" type="global" contextid="3619" durationms="76.721" usertimems="92.000" systemtimems="4.000" timestamp="2019-09-21T19:37:41.555" activeThreads="8">
  <mem-info id="3628" free="9631064" total="23199744" percent="41">
    <mem type="tenure" free="9631064" total="23199744" percent="41">
      <mem type="soa" free="9399640" total="22968320" percent="40" />
      <mem type="loa" free="231424" total="231424" percent="100" />
    </mem>
    <pending-finalizers system="0" default="0" reference="128" classloader="0" />
  </mem-info>
</gc-end>
<cycle-end id="3629" type="global" contextid="3619" timestamp="2019-09-21T19:37:41.556" />
  <attribute name="elasticGC enabled" value="1" />
  <attribute name= "numThreadsSpecified" value="8" />
  <attribute name="heapSize specified" value="23134208" />
  <attribute name="Current GC Util" value="8" />
  <attribute name= "Current Time Running" value="18277" />
  <attribute name ="GC Interval" value="0" />
  <attribute name="Target GC Util Change" value ="40.000000" />
  <attribute name="Current GC Util Change" value="8.000000"/>
  <attribute name="Current Error" value="-866.000000" />
  <attribute name="Output H" value="23171552"/>
  <attribute name="Output I" value="1504"/>
  <attribute name="Output T" value="8"/>
  <attribute name= "Current Time Running" value="18277" />
  <attribute name="GC Util currently" value="8" />
  <attribute name="CPU Util currently" value="33303760911" />
<allocation-satisfied id="3630" threadId="0000000001EB4900" bytesRequested="72" />
<af-end id="3631" timestamp="2019-09-21T19:37:41.556" threadId="0000000001EB5288" success="true" />
<exclusive-end id="3632" timestamp="2019-09-21T19:37:41.556" durationms="77.671" />

<exclusive-start id="3633" timestamp="2019-09-21T19:37:41.565" intervalms="86.267">
  <response-info timems="0.076" idlems="0.076" threads="0" lastid="0000000001EB4900" lastname="PmdThread 6" />
</exclusive-start>
<af-start id="3634" threadId="0000000001EB5288" totalBytesRequested="32" timestamp="2019-09-21T19:37:41.565" intervalms="86.306" />
<cycle-start id="3635" type="global" contextid="0" timestamp="2019-09-21T19:37:41.565" intervalms="86.344" />
<gc-start id="3636" type="global" contextid="3635" timestamp="2019-09-21T19:37:41.565">
  <mem-info id="3637" free="231424" total="23199744" percent="0">
    <mem type="tenure" free="231424" total="23199744" percent="0">
      <mem type="soa" free="0" total="22968320" percent="0" />
      <mem type="loa" free="231424" total="231424" percent="100" />
    </mem>
  </mem-info>
</gc-start>
<allocation-stats totalBytes="9464528" >
  <allocated-bytes non-tlh="0" tlh="9464528" />
  <largest-consumer threadName="PmdThread 6" threadId="0000000001EB4900" bytes="9464528" />
</allocation-stats>
<gc-op id="3638" type="mark" timems="4.103" contextid="3635" timestamp="2019-09-21T19:37:41.569">
  <trace-info objectcount="328552" scancount="304648" scanbytes="10248972" />
  <finalization candidates="58" enqueued="0" />
  <ownableSynchronizers candidates="5" cleared="0" />
  <references type="soft" candidates="144" cleared="0" enqueued="0" dynamicThreshold="13" maxThreshold="32" />
  <references type="weak" candidates="855" cleared="0" enqueued="0" />
  <references type="phantom" candidates="115" cleared="0" enqueued="0" />
  <stringconstants candidates="5457" cleared="0"  />
</gc-op>
<gc-op id="3639" type="sweep" timems="0.401" contextid="3635" timestamp="2019-09-21T19:37:41.570" />
<mem-info id="3640" free="9707728" total="23199744" percent="41">
  <mem type="tenure" free="9707728" total="23199744" percent="41" micro-fragmented="0" macro-fragmented="5375357">
    <mem type="soa" free="9476304" total="22968320" percent="41" />
    <mem type="loa" free="231424" total="231424" percent="100" />
  </mem>
</mem-info>
<gc-op id="3641" type="compact" timems="64.681" contextid="3635" timestamp="2019-09-21T19:37:41.635">
  <compact-info movecount="55737" movebytes="1758560" reason="compact to aid heap contraction" />
</gc-op>
<heap-resize id="3642" type="expand" space="tenure" amount="65536" count="1" timems="0.016" reason="satisfy allocation request" timestamp="2019-09-21T19:37:41.635" />
<gc-end id="3643" type="global" contextid="3635" durationms="70.255" usertimems="88.000" systemtimems="4.000" timestamp="2019-09-21T19:37:41.635" activeThreads="8">
  <mem-info id="3644" free="9709312" total="23265280" percent="41">
    <mem type="tenure" free="9709312" total="23265280" percent="41">
      <mem type="soa" free="9476864" total="23032832" percent="41" />
      <mem type="loa" free="232448" total="232448" percent="100" />
    </mem>
  </mem-info>
</gc-end>
<cycle-end id="3645" type="global" contextid="3635" timestamp="2019-09-21T19:37:41.635" />
  <attribute name="elasticGC enabled" value="1" />
  <attribute name= "numThreadsSpecified" value="8" />
  <attribute name="heapSize specified" value="23199744" />
  <attribute name="Current GC Util" value="3" />
  <attribute name= "Current Time Running" value="18357" />
  <attribute name ="GC Interval" value="0" />
  <attribute name="Target GC Util Change" value ="40.000000" />
  <attribute name="Current GC Util Change" value="3.000000"/>
  <attribute name="Current Error" value="-268.000000" />
  <attribute name="Output H" value="23237432"/>
  <attribute name="Output I" value="1848"/>
  <attribute name="Output T" value="8"/>
  <attribute name= "Current Time Running" value="18357" />
  <attribute name="GC Util currently" value="3" />
  <attribute name="CPU Util currently" value="35560731205" />
<allocation-satisfied id="3646" threadId="0000000001EB4900" bytesRequested="32" />
<af-end id="3647" timestamp="2019-09-21T19:37:41.636" threadId="0000000001EB5288" success="true" />
<exclusive-end id="3648" timestamp="2019-09-21T19:37:41.636" durationms="71.189" />

</verbosegc>

