<?xml version="1.0" ?>

<verbosegc xmlns="http://www.ibm.com/j9/verbosegc" version="25b0271_CMPRSS">

<initialized id="1" timestamp="2019-07-02T20:42:18.796">
  <attribute name="gcPolicy" value="-Xgcpolicy:gencon" />
  <attribute name="GC Util" value="0" />
  <attribute name="CPU Util" value="0" />
  <attribute name="Time Running"value="0"/>
  <attribute name="Number of cores"value="0"/>
  <attribute name="maxHeapSize" value="0x7cbc0000" />
  <attribute name="initialHeapSize" value="0x800000" />
  <attribute name="compressedRefs" value="true" />
  <attribute name="compressedRefsDisplacement" value="0x0" />
  <attribute name="compressedRefsShift" value="0x0" />
  <attribute name="pageSize" value="0x1000" />
  <attribute name="pageType" value="not used" />
  <attribute name="requestedPageSize" value="0x1000" />
  <attribute name="requestedPageType" value="not used" />
  <attribute name="gcthreads" value="4" />
  <attribute name="gcthreads Concurrent Mark" value="1" />
  <attribute name="packetListSplit" value="4" />
  <attribute name="cacheListSplit" value="4" />
  <attribute name="splitFreeListSplitAmount" value="1" />
  <attribute name="numaNodes" value="0" />
  <system>
    <attribute name="physicalMemory" value="8370962432" />
    <attribute name="numCPUs" value="4" />
    <attribute name="architecture" value="amd64" />
    <attribute name="os" value="Linux" />
    <attribute name="osVersion" value="4.4.0-148-generic" />
  </system>
  <vmargs>
    <vmarg name="-Xoptionsfile=/vagrant/jdk/lib/options.default" />
    <vmarg name="-Xlockword:mode=default,noLockword=java/lang/String,noLockword=java/util/MapEntry,noLockword=java/util/HashMap$Entry,noLockword..." />
    <vmarg name="-Xjcl:jclse11_29" />
    <vmarg name="-Dcom.ibm.oti.vm.bootstrap.library.path=/vagrant/jdk/lib/compressedrefs:/vagrant/jdk/lib" />
    <vmarg name="-Dsun.boot.library.path=/vagrant/jdk/lib/compressedrefs:/vagrant/jdk/lib" />
    <vmarg name="-Djava.library.path=/vagrant/jdk/lib/compressedrefs:/vagrant/jdk/lib:/usr/lib64:/usr/lib" />
    <vmarg name="-Djava.home=/vagrant/jdk" />
    <vmarg name="-Duser.dir=/vagrant" />
    <vmarg name="-verbose:gc" />
    <vmarg name="-Xloggc:large-jdkF-verbose8jython.txt" />
    <vmarg name="-Djava.class.path=dacapo-9.12-MR1-bach.jar" />
    <vmarg name="-Dsun.java.command=dacapo-9.12-MR1-bach.jar jython --size=large" />
    <vmarg name="-Dsun.java.launcher=SUN_STANDARD" />
    <vmarg name="-Dsun.java.launcher.pid=22005" />
  </vmargs>
</initialized>

<exclusive-start id="2" timestamp="2019-07-02T20:42:18.921" intervalms="124.376">
  <response-info timems="0.036" idlems="0.036" threads="0" lastid="00000000022F5700" lastname="main" />
</exclusive-start>
<af-start id="3" threadId="00000000022F6088" totalBytesRequested="15368" timestamp="2019-07-02T20:42:18.921" intervalms="124.666" type="nursery" />
<cycle-start id="4" type="scavenge" contextid="0" timestamp="2019-07-02T20:42:18.921" intervalms="125.061" />
  <attribute name="GC Util" value="0" />
  <attribute name="CPU Util" value="120" />
  <attribute name="Time Running"value="0"/>
  <attribute name="Number of cores"value="4"/>
<gc-start id="5" type="scavenge" contextid="4" timestamp="2019-07-02T20:42:18.922">
  <mem-info id="6" free="6065704" total="8388608" percent="72">
    <mem type="nursery" free="0" total="2097152" percent="0">
      <mem type="allocate" free="0" total="1048576" percent="0" />
      <mem type="survivor" free="0" total="1048576" percent="0" />
    </mem>
    <mem type="tenure" free="6065704" total="6291456" percent="96">
      <mem type="soa" free="5751336" total="5977088" percent="96" />
      <mem type="loa" free="314368" total="314368" percent="100" />
    </mem>
    <remembered-set count="3122" />
  </mem-info>
</gc-start>
<allocation-stats totalBytes="1244096" >
  <allocated-bytes non-tlh="300120" tlh="943976" />
  <largest-consumer threadName="main" threadId="00000000022F5700" bytes="1168408" />
</allocation-stats>
<gc-op id="7" type="scavenge" timems="1.749" contextid="4" timestamp="2019-07-02T20:42:18.924">
  <scavenger-info tenureage="2" tenuremask="fffc" tiltratio="50" />
  <memory-copied type="nursery" objects="10438" bytes="487440" bytesdiscarded="113904" />
  <finalization candidates="16" enqueued="0" />
  <references type="soft" candidates="62" cleared="0" enqueued="0" dynamicThreshold="32" maxThreshold="32" />
  <references type="weak" candidates="307" cleared="155" enqueued="117" />
  <references type="phantom" candidates="19" cleared="3" enqueued="3" />
</gc-op>
<gc-end id="8" type="scavenge" contextid="4" durationms="2.241" usertimems="4.000" systemtimems="0.000" timestamp="2019-07-02T20:42:18.924" activeThreads="4">
  <mem-info id="9" free="6510848" total="8388608" percent="77">
    <mem type="nursery" free="445144" total="2097152" percent="21">
      <mem type="allocate" free="445144" total="1048576" percent="42" />
      <mem type="survivor" free="0" total="1048576" percent="0" />
    </mem>
    <mem type="tenure" free="6065704" total="6291456" percent="96">
      <mem type="soa" free="5751336" total="5977088" percent="96" />
      <mem type="loa" free="314368" total="314368" percent="100" />
    </mem>
    <pending-finalizers system="0" default="0" reference="120" classloader="0" />
    <remembered-set count="3122" />
  </mem-info>
</gc-end>
<cycle-end id="10" type="scavenge" contextid="4" timestamp="2019-07-02T20:42:18.924">
  <attribute name="GC Util" value="0" />
  <attribute name="CPU Util" value="133" />
  <attribute name="Time Running"value="22"/>
  <attribute name="Number of cores"value="4"/>
</cycle-end>
<allocation-satisfied id="11" threadId="00000000022F5700" bytesRequested="15368" />
<af-end id="12" timestamp="2019-07-02T20:42:18.924" threadId="00000000022F6088" success="true" from="nursery"/>
<exclusive-end id="13" timestamp="2019-07-02T20:42:18.924" durationms="3.499" />

<exclusive-start id="14" timestamp="2019-07-02T20:42:18.943" intervalms="21.933">
  <response-info timems="0.022" idlems="0.022" threads="0" lastid="00000000022F5700" lastname="main" />
</exclusive-start>
<af-start id="15" threadId="00000000022F6088" totalBytesRequested="16" timestamp="2019-07-02T20:42:18.943" intervalms="21.771" type="nursery" />
<cycle-start id="16" type="scavenge" contextid="0" timestamp="2019-07-02T20:42:18.943" intervalms="21.503" />
  <attribute name="GC Util" value="0" />
  <attribute name="CPU Util" value="133" />
  <attribute name="Time Running"value="22"/>
  <attribute name="Number of cores"value="4"/>
<gc-start id="17" type="scavenge" contextid="16" timestamp="2019-07-02T20:42:18.943">
  <mem-info id="18" free="6055824" total="8388608" percent="72">
    <mem type="nursery" free="0" total="2097152" percent="0">
      <mem type="allocate" free="0" total="1048576" percent="0" />
      <mem type="survivor" free="0" total="1048576" percent="0" />
    </mem>
    <mem type="tenure" free="6055824" total="6291456" percent="96">
      <mem type="soa" free="5741456" total="5977088" percent="96" />
      <mem type="loa" free="314368" total="314368" percent="100" />
    </mem>
    <remembered-set count="3259" />
  </mem-info>
</gc-start>
<allocation-stats totalBytes="452880" >
  <allocated-bytes non-tlh="25248" tlh="427632" />
  <largest-consumer threadName="main" threadId="00000000022F5700" bytes="440904" />
</allocation-stats>
<gc-op id="19" type="scavenge" timems="0.870" contextid="16" timestamp="2019-07-02T20:42:18.944">
  <scavenger-info tenureage="9" tenuremask="7e00" tiltratio="50" />
  <memory-copied type="nursery" objects="10923" bytes="485984" bytesdiscarded="228600" />
  <finalization candidates="16" enqueued="0" />
  <references type="soft" candidates="62" cleared="0" enqueued="0" dynamicThreshold="32" maxThreshold="32" />
  <references type="weak" candidates="281" cleared="117" enqueued="114" />
  <references type="phantom" candidates="41" cleared="14" enqueued="14" />
</gc-op>
<gc-end id="20" type="scavenge" contextid="16" durationms="1.280" usertimems="0.000" systemtimems="0.000" timestamp="2019-07-02T20:42:18.944" activeThreads="4">
  <mem-info id="21" free="6388352" total="8388608" percent="76">
    <mem type="nursery" free="332528" total="2097152" percent="15">
      <mem type="allocate" free="332528" total="1048576" percent="31" />
      <mem type="survivor" free="0" total="1048576" percent="0" />
    </mem>
    <mem type="tenure" free="6055824" total="6291456" percent="96">
      <mem type="soa" free="5741456" total="5977088" percent="96" />
      <mem type="loa" free="314368" total="314368" percent="100" />
    </mem>
    <pending-finalizers system="0" default="0" reference="128" classloader="0" />
    <remembered-set count="3259" />
  </mem-info>
</gc-end>
<cycle-end id="22" type="scavenge" contextid="16" timestamp="2019-07-02T20:42:18.944">
  <attribute name="GC Util" value="15" />
  <attribute name="CPU Util" value="170" />
  <attribute name="Time Running"value="44"/>
  <attribute name="Number of cores"value="4"/>
</cycle-end>
<allocation-satisfied id="23" threadId="00000000022F5700" bytesRequested="16" />
<af-end id="24" timestamp="2019-07-02T20:42:18.945" threadId="00000000022F6088" success="true" from="nursery"/>
<exclusive-end id="25" timestamp="2019-07-02T20:42:18.945" durationms="1.936" />

<exclusive-start id="26" timestamp="2019-07-02T20:42:18.960" intervalms="17.445">
  <response-info timems="0.087" idlems="0.087" threads="0" lastid="00000000022F5700" lastname="main" />
</exclusive-start>
<af-start id="27" threadId="00000000022F6088" totalBytesRequested="7176" timestamp="2019-07-02T20:42:18.960" intervalms="17.391" type="nursery" />
<cycle-start id="28" type="scavenge" contextid="0" timestamp="2019-07-02T20:42:18.960" intervalms="17.321" />
  <attribute name="GC Util" value="15" />
  <attribute name="CPU Util" value="170" />
  <attribute name="Time Running"value="44"/>
  <attribute name="Number of cores"value="4"/>
<gc-start id="29" type="scavenge" contextid="28" timestamp="2019-07-02T20:42:18.960">
  <mem-info id="30" free="6054192" total="8388608" percent="72">
    <mem type="nursery" free="0" total="2097152" percent="0">
      <mem type="allocate" free="0" total="1048576" percent="0" />
      <mem type="survivor" free="0" total="1048576" percent="0" />
    </mem>
    <mem type="tenure" free="6054192" total="6291456" percent="96">
      <mem type="soa" free="5739824" total="5977088" percent="96" />
      <mem type="loa" free="314368" total="314368" percent="100" />
    </mem>
    <remembered-set count="3279" />
  </mem-info>
</gc-start>
<allocation-stats totalBytes="316600" >
  <allocated-bytes non-tlh="1648" tlh="314952" />
  <largest-consumer threadName="main" threadId="00000000022F5700" bytes="308408" />
</allocation-stats>
<gc-op id="31" type="scavenge" timems="0.855" contextid="28" timestamp="2019-07-02T20:42:18.961">
  <scavenger-info tenureage="8" tenuremask="7f00" tiltratio="50" />
  <memory-copied type="nursery" objects="10850" bytes="504744" bytesdiscarded="74392" />
  <finalization candidates="16" enqueued="0" />
  <references type="soft" candidates="62" cleared="0" enqueued="0" dynamicThreshold="32" maxThreshold="32" />
  <references type="weak" candidates="233" cleared="65" enqueued="65" />
  <references type="phantom" candidates="38" cleared="8" enqueued="8" />
</gc-op>
<gc-end id="32" type="scavenge" contextid="28" durationms="1.041" usertimems="4.000" systemtimems="0.000" timestamp="2019-07-02T20:42:18.961" activeThreads="4">
  <mem-info id="33" free="6522160" total="8388608" percent="77">
    <mem type="nursery" free="467968" total="2097152" percent="22">
      <mem type="allocate" free="467968" total="1048576" percent="44" />
      <mem type="survivor" free="0" total="1048576" percent="0" />
    </mem>
    <mem type="tenure" free="6054192" total="6291456" percent="96">
      <mem type="soa" free="5739824" total="5977088" percent="96" />
      <mem type="loa" free="314368" total="314368" percent="100" />
    </mem>
    <pending-finalizers system="0" default="0" reference="73" classloader="0" />
    <remembered-set count="1052" />
  </mem-info>
</gc-end>
<cycle-end id="34" type="scavenge" contextid="28" timestamp="2019-07-02T20:42:18.961">
  <attribute name="GC Util" value="9" />
  <attribute name="CPU Util" value="87" />
  <attribute name="Time Running"value="61"/>
  <attribute name="Number of cores"value="4"/>
</cycle-end>
<allocation-satisfied id="35" threadId="00000000022F5700" bytesRequested="7176" />
<af-end id="36" timestamp="2019-07-02T20:42:18.962" threadId="00000000022F6088" success="true" from="nursery"/>
<exclusive-end id="37" timestamp="2019-07-02T20:42:18.962" durationms="1.591" />

<exclusive-start id="38" timestamp="2019-07-02T20:42:19.114" intervalms="153.524">
  <response-info timems="0.028" idlems="0.028" threads="0" lastid="00000000022F5700" lastname="main" />
</exclusive-start>
<af-start id="39" threadId="00000000022F6088" totalBytesRequested="8200" timestamp="2019-07-02T20:42:19.114" intervalms="153.603" type="nursery" />
<cycle-start id="40" type="scavenge" contextid="0" timestamp="2019-07-02T20:42:19.114" intervalms="153.686" />
  <attribute name="GC Util" value="9" />
  <attribute name="CPU Util" value="87" />
  <attribute name="Time Running"value="61"/>
  <attribute name="Number of cores"value="4"/>
<gc-start id="41" type="scavenge" contextid="40" timestamp="2019-07-02T20:42:19.114">
  <mem-info id="42" free="6049328" total="8388608" percent="72">
    <mem type="nursery" free="0" total="2097152" percent="0">
      <mem type="allocate" free="0" total="1048576" percent="0" />
      <mem type="survivor" free="0" total="1048576" percent="0" />
    </mem>
    <mem type="tenure" free="6049328" total="6291456" percent="96">
      <mem type="soa" free="5734960" total="5977088" percent="95" />
      <mem type="loa" free="314368" total="314368" percent="100" />
    </mem>
    <remembered-set count="1132" />
  </mem-info>
</gc-start>
<allocation-stats totalBytes="461088" >
  <allocated-bytes non-tlh="12040" tlh="449048" />
  <largest-consumer threadName="main" threadId="00000000022F5700" bytes="461088" />
</allocation-stats>
<gc-op id="43" type="scavenge" timems="1.051" contextid="40" timestamp="2019-07-02T20:42:19.115">
  <scavenger-info tenureage="3" tenuremask="fff8" tiltratio="50" />
  <memory-copied type="nursery" objects="778" bytes="91408" bytesdiscarded="26040" />
  <memory-copied type="tenure" objects="10227" bytes="457416" bytesdiscarded="120" />
  <finalization candidates="18" enqueued="0" />
  <references type="soft" candidates="1" cleared="0" enqueued="0" dynamicThreshold="32" maxThreshold="32" />
  <references type="weak" candidates="75" cleared="60" enqueued="60" />
  <references type="phantom" candidates="25" cleared="11" enqueued="11" />
</gc-op>
<gc-end id="44" type="scavenge" contextid="40" durationms="1.429" usertimems="4.000" systemtimems="0.000" timestamp="2019-07-02T20:42:19.116" activeThreads="4">
  <mem-info id="45" free="6353048" total="8388608" percent="75">
    <mem type="nursery" free="931072" total="2097152" percent="44">
      <mem type="allocate" free="931072" total="1048576" percent="88" />
      <mem type="survivor" free="0" total="1048576" percent="0" />
    </mem>
    <mem type="tenure" free="5421976" total="6291456" percent="86">
      <mem type="soa" free="5107608" total="5977088" percent="85" />
      <mem type="loa" free="314368" total="314368" percent="100" />
    </mem>
    <pending-finalizers system="0" default="0" reference="71" classloader="0" />
    <remembered-set count="211" />
  </mem-info>
</gc-end>
<cycle-end id="46" type="scavenge" contextid="40" timestamp="2019-07-02T20:42:19.116">
  <attribute name="GC Util" value="1" />
  <attribute name="CPU Util" value="119" />
  <attribute name="Time Running"value="215"/>
  <attribute name="Number of cores"value="4"/>
</cycle-end>
<allocation-satisfied id="47" threadId="00000000022F5700" bytesRequested="8200" />
<af-end id="48" timestamp="2019-07-02T20:42:19.116" threadId="00000000022F6088" success="true" from="nursery"/>
<exclusive-end id="49" timestamp="2019-07-02T20:42:19.116" durationms="2.133" />

<exclusive-start id="50" timestamp="2019-07-02T20:42:19.441" intervalms="327.781">
  <response-info timems="0.031" idlems="0.031" threads="0" lastid="00000000022F5700" lastname="main" />
</exclusive-start>
<af-start id="51" threadId="00000000022F6088" totalBytesRequested="2056" timestamp="2019-07-02T20:42:19.442" intervalms="327.719" type="nursery" />
<cycle-start id="52" type="scavenge" contextid="0" timestamp="2019-07-02T20:42:19.442" intervalms="327.644" />
  <attribute name="GC Util" value="1" />
  <attribute name="CPU Util" value="119" />
  <attribute name="Time Running"value="215"/>
  <attribute name="Number of cores"value="4"/>
<gc-start id="53" type="scavenge" contextid="52" timestamp="2019-07-02T20:42:19.442">
  <mem-info id="54" free="5421056" total="8388608" percent="64">
    <mem type="nursery" free="0" total="2097152" percent="0">
      <mem type="allocate" free="0" total="1048576" percent="0" />
      <mem type="survivor" free="0" total="1048576" percent="0" />
    </mem>
    <mem type="tenure" free="5421056" total="6291456" percent="86">
      <mem type="soa" free="5106688" total="5977088" percent="85" />
      <mem type="loa" free="314368" total="314368" percent="100" />
    </mem>
    <remembered-set count="232" />
  </mem-info>
</gc-start>
<allocation-stats totalBytes="923888" >
  <allocated-bytes non-tlh="52168" tlh="871720" />
  <largest-consumer threadName="main" threadId="00000000022F5700" bytes="923888" />
</allocation-stats>
<gc-op id="55" type="scavenge" timems="0.452" contextid="52" timestamp="2019-07-02T20:42:19.442">
  <scavenger-info tenureage="3" tenuremask="ffe8" tiltratio="50" />
  <memory-copied type="nursery" objects="459" bytes="210648" bytesdiscarded="62680" />
  <memory-copied type="tenure" objects="328" bytes="17248" bytesdiscarded="0" />
  <finalization candidates="3" enqueued="1" />
  <references type="soft" candidates="1" cleared="0" enqueued="0" dynamicThreshold="32" maxThreshold="32" />
  <references type="weak" candidates="12" cleared="10" enqueued="10" />
  <references type="phantom" candidates="13" cleared="8" enqueued="8" />
</gc-op>
<gc-end id="56" type="scavenge" contextid="52" durationms="0.622" usertimems="0.000" systemtimems="0.000" timestamp="2019-07-02T20:42:19.442" activeThreads="4">
  <mem-info id="57" free="6196224" total="8388608" percent="73">
    <mem type="nursery" free="775168" total="2097152" percent="36">
      <mem type="allocate" free="775168" total="1048576" percent="73" />
      <mem type="survivor" free="0" total="1048576" percent="0" />
    </mem>
    <mem type="tenure" free="5421056" total="6291456" percent="86">
      <mem type="soa" free="5106688" total="5977088" percent="85" />
      <mem type="loa" free="314368" total="314368" percent="100" />
    </mem>
    <pending-finalizers system="1" default="0" reference="18" classloader="0" />
    <remembered-set count="193" />
  </mem-info>
</gc-end>
<cycle-end id="58" type="scavenge" contextid="52" timestamp="2019-07-02T20:42:19.442">
  <attribute name="GC Util" value="0" />
  <attribute name="CPU Util" value="107" />
  <attribute name="Time Running"value="542"/>
  <attribute name="Number of cores"value="4"/>
</cycle-end>
<allocation-satisfied id="59" threadId="00000000022F5700" bytesRequested="2056" />
<af-end id="60" timestamp="2019-07-02T20:42:19.442" threadId="00000000022F6088" success="true" from="nursery"/>
<exclusive-end id="61" timestamp="2019-07-02T20:42:19.443" durationms="1.048" />

<exclusive-start id="62" timestamp="2019-07-02T20:42:19.679" intervalms="237.314">
  <response-info timems="0.034" idlems="0.034" threads="0" lastid="00000000022F5700" lastname="main" />
</exclusive-start>
<af-start id="63" threadId="00000000022F6088" totalBytesRequested="2056" timestamp="2019-07-02T20:42:19.679" intervalms="237.316" type="nursery" />
<cycle-start id="64" type="scavenge" contextid="0" timestamp="2019-07-02T20:42:19.679" intervalms="237.316" />
  <attribute name="GC Util" value="0" />
  <attribute name="CPU Util" value="107" />
  <attribute name="Time Running"value="542"/>
  <attribute name="Number of cores"value="4"/>
<gc-start id="65" type="scavenge" contextid="64" timestamp="2019-07-02T20:42:19.679">
  <mem-info id="66" free="5421056" total="8388608" percent="64">
    <mem type="nursery" free="0" total="2097152" percent="0">
      <mem type="allocate" free="0" total="1048576" percent="0" />
      <mem type="survivor" free="0" total="1048576" percent="0" />
    </mem>
    <mem type="tenure" free="5421056" total="6291456" percent="86">
      <mem type="soa" free="5106688" total="5977088" percent="85" />
      <mem type="loa" free="314368" total="314368" percent="100" />
    </mem>
    <remembered-set count="195" />
  </mem-info>
</gc-start>
<allocation-stats totalBytes="771656" >
  <allocated-bytes non-tlh="2056" tlh="769600" />
  <largest-consumer threadName="main" threadId="00000000022F5700" bytes="771656" />
</allocation-stats>
<gc-op id="67" type="scavenge" timems="0.297" contextid="64" timestamp="2019-07-02T20:42:19.679">
  <scavenger-info tenureage="5" tenuremask="ffe0" tiltratio="50" />
  <memory-copied type="nursery" objects="419" bytes="84640" bytesdiscarded="49176" />
  <finalization candidates="2" enqueued="0" />
  <references type="soft" candidates="1" cleared="0" enqueued="0" dynamicThreshold="32" maxThreshold="32" />
  <references type="weak" candidates="2" cleared="0" enqueued="0" />
  <references type="phantom" candidates="5" cleared="0" enqueued="0" />
</gc-op>
<gc-end id="68" type="scavenge" contextid="64" durationms="0.514" usertimems="4.000" systemtimems="0.000" timestamp="2019-07-02T20:42:19.680" activeThreads="4">
  <mem-info id="69" free="6401272" total="8388608" percent="76">
    <mem type="nursery" free="980216" total="2097152" percent="46">
      <mem type="allocate" free="980216" total="1114112" percent="87" />
      <mem type="survivor" free="0" total="983040" percent="0" />
    </mem>
    <mem type="tenure" free="5421056" total="6291456" percent="86">
      <mem type="soa" free="5106688" total="5977088" percent="85" />
      <mem type="loa" free="314368" total="314368" percent="100" />
    </mem>
    <remembered-set count="112" />
  </mem-info>
</gc-end>
<cycle-end id="70" type="scavenge" contextid="64" timestamp="2019-07-02T20:42:19.680">
  <attribute name="GC Util" value="0" />
  <attribute name="CPU Util" value="97" />
  <attribute name="Time Running"value="779"/>
  <attribute name="Number of cores"value="4"/>
</cycle-end>
<allocation-satisfied id="71" threadId="00000000022F5700" bytesRequested="2056" />
<af-end id="72" timestamp="2019-07-02T20:42:19.680" threadId="00000000022F6088" success="true" from="nursery"/>
<exclusive-end id="73" timestamp="2019-07-02T20:42:19.680" durationms="0.945" />

<exclusive-start id="74" timestamp="2019-07-02T20:42:19.844" intervalms="164.928">
  <response-info timems="0.026" idlems="0.026" threads="0" lastid="00000000022F5700" lastname="main" />
</exclusive-start>
<af-start id="75" threadId="00000000022F6088" totalBytesRequested="2056" timestamp="2019-07-02T20:42:19.844" intervalms="164.917" type="nursery" />
<cycle-start id="76" type="scavenge" contextid="0" timestamp="2019-07-02T20:42:19.844" intervalms="164.911" />
  <attribute name="GC Util" value="0" />
  <attribute name="CPU Util" value="97" />
  <attribute name="Time Running"value="779"/>
  <attribute name="Number of cores"value="4"/>
<gc-start id="77" type="scavenge" contextid="76" timestamp="2019-07-02T20:42:19.844">
  <mem-info id="78" free="5421056" total="8388608" percent="64">
    <mem type="nursery" free="0" total="2097152" percent="0">
      <mem type="allocate" free="0" total="1114112" percent="0" />
      <mem type="survivor" free="0" total="983040" percent="0" />
    </mem>
    <mem type="tenure" free="5421056" total="6291456" percent="86">
      <mem type="soa" free="5106688" total="5977088" percent="85" />
      <mem type="loa" free="314368" total="314368" percent="100" />
    </mem>
    <remembered-set count="112" />
  </mem-info>
</gc-start>
<allocation-stats totalBytes="973328" >
  <allocated-bytes non-tlh="2056" tlh="971272" />
  <largest-consumer threadName="main" threadId="00000000022F5700" bytes="973328" />
</allocation-stats>
<gc-op id="79" type="scavenge" timems="0.315" contextid="76" timestamp="2019-07-02T20:42:19.844">
  <scavenger-info tenureage="3" tenuremask="fff8" tiltratio="53" />
  <memory-copied type="nursery" objects="168" bytes="25896" bytesdiscarded="52408" />
  <memory-copied type="tenure" objects="251" bytes="58736" bytesdiscarded="88" />
  <finalization candidates="2" enqueued="0" />
  <references type="weak" candidates="1" cleared="0" enqueued="0" />
  <references type="phantom" candidates="3" cleared="0" enqueued="0" />
</gc-op>
<gc-end id="80" type="scavenge" contextid="76" durationms="0.488" usertimems="0.000" systemtimems="0.000" timestamp="2019-07-02T20:42:19.844" activeThreads="4">
  <mem-info id="81" free="6558704" total="8388608" percent="78">
    <mem type="nursery" free="1232384" total="2097152" percent="58">
      <mem type="allocate" free="1232384" total="1310720" percent="94" />
      <mem type="survivor" free="0" total="786432" percent="0" />
    </mem>
    <mem type="tenure" free="5326320" total="6291456" percent="84">
      <mem type="soa" free="5011952" total="5977088" percent="83" />
      <mem type="loa" free="314368" total="314368" percent="100" />
    </mem>
    <remembered-set count="81" />
  </mem-info>
</gc-end>
<cycle-end id="82" type="scavenge" contextid="76" timestamp="2019-07-02T20:42:19.844">
  <attribute name="GC Util" value="0" />
  <attribute name="CPU Util" value="97" />
  <attribute name="Time Running"value="944"/>
  <attribute name="Number of cores"value="4"/>
</cycle-end>
<allocation-satisfied id="83" threadId="00000000022F5700" bytesRequested="2056" />
<af-end id="84" timestamp="2019-07-02T20:42:19.845" threadId="00000000022F6088" success="true" from="nursery"/>
<exclusive-end id="85" timestamp="2019-07-02T20:42:19.845" durationms="0.897" />

<exclusive-start id="86" timestamp="2019-07-02T20:42:20.053" intervalms="208.938">
  <response-info timems="0.028" idlems="0.028" threads="0" lastid="00000000022F5700" lastname="main" />
</exclusive-start>
<af-start id="87" threadId="00000000022F6088" totalBytesRequested="2056" timestamp="2019-07-02T20:42:20.053" intervalms="208.940" type="nursery" />
<cycle-start id="88" type="scavenge" contextid="0" timestamp="2019-07-02T20:42:20.053" intervalms="208.942" />
  <attribute name="GC Util" value="0" />
  <attribute name="CPU Util" value="97" />
  <attribute name="Time Running"value="944"/>
  <attribute name="Number of cores"value="4"/>
<gc-start id="89" type="scavenge" contextid="88" timestamp="2019-07-02T20:42:20.053">
  <mem-info id="90" free="5326320" total="8388608" percent="63">
    <mem type="nursery" free="0" total="2097152" percent="0">
      <mem type="allocate" free="0" total="1310720" percent="0" />
      <mem type="survivor" free="0" total="786432" percent="0" />
    </mem>
    <mem type="tenure" free="5326320" total="6291456" percent="84">
      <mem type="soa" free="5011952" total="5977088" percent="83" />
      <mem type="loa" free="314368" total="314368" percent="100" />
    </mem>
    <remembered-set count="81" />
  </mem-info>
</gc-start>
<allocation-stats totalBytes="1218568" >
  <allocated-bytes non-tlh="2056" tlh="1216512" />
  <largest-consumer threadName="main" threadId="00000000022F5700" bytes="1218568" />
</allocation-stats>
<gc-op id="91" type="scavenge" timems="0.271" contextid="88" timestamp="2019-07-02T20:42:20.053">
  <scavenger-info tenureage="3" tenuremask="ffc8" tiltratio="62" />
  <memory-copied type="nursery" objects="14" bytes="2544" bytesdiscarded="75776" />
  <memory-copied type="tenure" objects="156" bytes="25400" bytesdiscarded="0" />
  <references type="phantom" candidates="1" cleared="0" enqueued="0" />
</gc-op>
<gc-end id="92" type="scavenge" contextid="88" durationms="0.441" usertimems="0.000" systemtimems="0.000" timestamp="2019-07-02T20:42:20.053" activeThreads="4">
  <mem-info id="93" free="6611688" total="8388608" percent="78">
    <mem type="nursery" free="1363456" total="2097152" percent="65">
      <mem type="allocate" free="1363456" total="1441792" percent="94" />
      <mem type="survivor" free="0" total="655360" percent="0" />
    </mem>
    <mem type="tenure" free="5248232" total="6291456" percent="83">
      <mem type="soa" free="4933864" total="5977088" percent="82" />
      <mem type="loa" free="314368" total="314368" percent="100" />
    </mem>
    <remembered-set count="62" />
  </mem-info>
</gc-end>
<cycle-end id="94" type="scavenge" contextid="88" timestamp="2019-07-02T20:42:20.053">
  <attribute name="GC Util" value="0" />
  <attribute name="CPU Util" value="52" />
  <attribute name="Time Running"value="1153"/>
  <attribute name="Number of cores"value="4"/>
</cycle-end>
<allocation-satisfied id="95" threadId="00000000022F5700" bytesRequested="2056" />
<af-end id="96" timestamp="2019-07-02T20:42:20.053" threadId="00000000022F6088" success="true" from="nursery"/>
<exclusive-end id="97" timestamp="2019-07-02T20:42:20.053" durationms="0.859" />

<exclusive-start id="98" timestamp="2019-07-02T20:42:20.313" intervalms="260.248">
  <response-info timems="0.025" idlems="0.025" threads="0" lastid="00000000022F5700" lastname="main" />
</exclusive-start>
<af-start id="99" threadId="00000000022F6088" totalBytesRequested="2056" timestamp="2019-07-02T20:42:20.313" intervalms="260.238" type="nursery" />
<cycle-start id="100" type="scavenge" contextid="0" timestamp="2019-07-02T20:42:20.313" intervalms="260.245" />
  <attribute name="GC Util" value="0" />
  <attribute name="CPU Util" value="52" />
  <attribute name="Time Running"value="1153"/>
  <attribute name="Number of cores"value="4"/>
<gc-start id="101" type="scavenge" contextid="100" timestamp="2019-07-02T20:42:20.313">
  <mem-info id="102" free="5248232" total="8388608" percent="62">
    <mem type="nursery" free="0" total="2097152" percent="0">
      <mem type="allocate" free="0" total="1441792" percent="0" />
      <mem type="survivor" free="0" total="655360" percent="0" />
    </mem>
    <mem type="tenure" free="5248232" total="6291456" percent="83">
      <mem type="soa" free="4933864" total="5977088" percent="82" />
      <mem type="loa" free="314368" total="314368" percent="100" />
    </mem>
    <remembered-set count="62" />
  </mem-info>
</gc-start>
<allocation-stats totalBytes="1352800" >
  <allocated-bytes non-tlh="2056" tlh="1350744" />
  <largest-consumer threadName="main" threadId="00000000022F5700" bytes="1352800" />
</allocation-stats>
<gc-op id="103" type="scavenge" timems="0.210" contextid="100" timestamp="2019-07-02T20:42:20.313">
  <scavenger-info tenureage="3" tenuremask="ffe8" tiltratio="68" />
  <memory-copied type="nursery" objects="13" bytes="584" bytesdiscarded="77736" />
  <references type="phantom" candidates="1" cleared="0" enqueued="0" />
</gc-op>
<gc-end id="104" type="scavenge" contextid="100" durationms="0.385" usertimems="0.000" systemtimems="0.000" timestamp="2019-07-02T20:42:20.313" activeThreads="4">
  <mem-info id="105" free="6742760" total="8388608" percent="80">
    <mem type="nursery" free="1494528" total="2097152" percent="71">
      <mem type="allocate" free="1494528" total="1572864" percent="95" />
      <mem type="survivor" free="0" total="524288" percent="0" />
    </mem>
    <mem type="tenure" free="5248232" total="6291456" percent="83">
      <mem type="soa" free="4933864" total="5977088" percent="82" />
      <mem type="loa" free="314368" total="314368" percent="100" />
    </mem>
    <remembered-set count="62" />
  </mem-info>
</gc-end>
<cycle-end id="106" type="scavenge" contextid="100" timestamp="2019-07-02T20:42:20.314">
  <attribute name="GC Util" value="0" />
  <attribute name="CPU Util" value="18" />
  <attribute name="Time Running"value="1413"/>
  <attribute name="Number of cores"value="4"/>
</cycle-end>
<allocation-satisfied id="107" threadId="00000000022F5700" bytesRequested="2056" />
<af-end id="108" timestamp="2019-07-02T20:42:20.314" threadId="00000000022F6088" success="true" from="nursery"/>
<exclusive-end id="109" timestamp="2019-07-02T20:42:20.314" durationms="0.805" />

<exclusive-start id="110" timestamp="2019-07-02T20:42:20.572" intervalms="259.327">
  <response-info timems="0.025" idlems="0.025" threads="0" lastid="00000000022F5700" lastname="main" />
</exclusive-start>
<af-start id="111" threadId="00000000022F6088" totalBytesRequested="2056" timestamp="2019-07-02T20:42:20.572" intervalms="259.326" type="nursery" />
<cycle-start id="112" type="scavenge" contextid="0" timestamp="2019-07-02T20:42:20.572" intervalms="259.319" />
  <attribute name="GC Util" value="0" />
  <attribute name="CPU Util" value="18" />
  <attribute name="Time Running"value="1413"/>
  <attribute name="Number of cores"value="4"/>
<gc-start id="113" type="scavenge" contextid="112" timestamp="2019-07-02T20:42:20.572">
  <mem-info id="114" free="5248232" total="8388608" percent="62">
    <mem type="nursery" free="0" total="2097152" percent="0">
      <mem type="allocate" free="0" total="1572864" percent="0" />
      <mem type="survivor" free="0" total="524288" percent="0" />
    </mem>
    <mem type="tenure" free="5248232" total="6291456" percent="83">
      <mem type="soa" free="4933864" total="5977088" percent="82" />
      <mem type="loa" free="314368" total="314368" percent="100" />
    </mem>
    <remembered-set count="62" />
  </mem-info>
</gc-start>
<allocation-stats totalBytes="1480040" >
  <allocated-bytes non-tlh="2056" tlh="1477984" />
  <largest-consumer threadName="main" threadId="00000000022F5700" bytes="1480040" />
</allocation-stats>
<gc-op id="115" type="scavenge" timems="0.191" contextid="112" timestamp="2019-07-02T20:42:20.573">
  <scavenger-info tenureage="3" tenuremask="fff8" tiltratio="75" />
  <memory-copied type="nursery" objects="13" bytes="520" bytesdiscarded="38632" />
  <references type="phantom" candidates="1" cleared="0" enqueued="0" />
</gc-op>
<gc-end id="116" type="scavenge" contextid="112" durationms="0.359" usertimems="0.000" systemtimems="0.000" timestamp="2019-07-02T20:42:20.573" activeThreads="4">
  <mem-info id="117" free="6847464" total="8388608" percent="81">
    <mem type="nursery" free="1599232" total="2097152" percent="76">
      <mem type="allocate" free="1599232" total="1638400" percent="97" />
      <mem type="survivor" free="0" total="458752" percent="0" />
    </mem>
    <mem type="tenure" free="5248232" total="6291456" percent="83">
      <mem type="soa" free="4933864" total="5977088" percent="82" />
      <mem type="loa" free="314368" total="314368" percent="100" />
    </mem>
    <remembered-set count="62" />
  </mem-info>
</gc-end>
<cycle-end id="118" type="scavenge" contextid="112" timestamp="2019-07-02T20:42:20.573">
  <attribute name="GC Util" value="0" />
  <attribute name="CPU Util" value="26" />
  <attribute name="Time Running"value="1673"/>
  <attribute name="Number of cores"value="4"/>
</cycle-end>
<allocation-satisfied id="119" threadId="00000000022F5700" bytesRequested="2056" />
<af-end id="120" timestamp="2019-07-02T20:42:20.573" threadId="00000000022F6088" success="true" from="nursery"/>
<exclusive-end id="121" timestamp="2019-07-02T20:42:20.573" durationms="0.767" />

<exclusive-start id="122" timestamp="2019-07-02T20:42:20.769" intervalms="196.792">
  <response-info timems="0.032" idlems="0.032" threads="0" lastid="00000000022F5700" lastname="main" />
</exclusive-start>
<af-start id="123" threadId="00000000022F6088" totalBytesRequested="2056" timestamp="2019-07-02T20:42:20.769" intervalms="196.791" type="nursery" />
<cycle-start id="124" type="scavenge" contextid="0" timestamp="2019-07-02T20:42:20.769" intervalms="196.789" />
  <attribute name="GC Util" value="0" />
  <attribute name="CPU Util" value="26" />
  <attribute name="Time Running"value="1673"/>
  <attribute name="Number of cores"value="4"/>
<gc-start id="125" type="scavenge" contextid="124" timestamp="2019-07-02T20:42:20.769">
  <mem-info id="126" free="5248232" total="8388608" percent="62">
    <mem type="nursery" free="0" total="2097152" percent="0">
      <mem type="allocate" free="0" total="1638400" percent="0" />
      <mem type="survivor" free="0" total="458752" percent="0" />
    </mem>
    <mem type="tenure" free="5248232" total="6291456" percent="83">
      <mem type="soa" free="4933864" total="5977088" percent="82" />
      <mem type="loa" free="314368" total="314368" percent="100" />
    </mem>
    <remembered-set count="62" />
  </mem-info>
</gc-start>
<allocation-stats totalBytes="1582776" >
  <allocated-bytes non-tlh="2056" tlh="1580720" />
  <largest-consumer threadName="main" threadId="00000000022F5700" bytes="1582776" />
</allocation-stats>
<gc-op id="127" type="scavenge" timems="0.183" contextid="124" timestamp="2019-07-02T20:42:20.769">
  <scavenger-info tenureage="3" tenuremask="fff8" tiltratio="78" />
  <memory-copied type="nursery" objects="13" bytes="496" bytesdiscarded="38656" />
  <references type="phantom" candidates="1" cleared="0" enqueued="0" />
</gc-op>
<gc-end id="128" type="scavenge" contextid="124" durationms="0.358" usertimems="0.000" systemtimems="0.000" timestamp="2019-07-02T20:42:20.770" activeThreads="4">
  <mem-info id="129" free="6978536" total="8388608" percent="83">
    <mem type="nursery" free="1730304" total="2097152" percent="82">
      <mem type="allocate" free="1730304" total="1769472" percent="97" />
      <mem type="survivor" free="0" total="327680" percent="0" />
    </mem>
    <mem type="tenure" free="5248232" total="6291456" percent="83">
      <mem type="soa" free="4933864" total="5977088" percent="82" />
      <mem type="loa" free="314368" total="314368" percent="100" />
    </mem>
    <remembered-set count="62" />
  </mem-info>
</gc-end>
<cycle-end id="130" type="scavenge" contextid="124" timestamp="2019-07-02T20:42:20.770">
  <attribute name="GC Util" value="0" />
  <attribute name="CPU Util" value="19" />
  <attribute name="Time Running"value="1869"/>
  <attribute name="Number of cores"value="4"/>
</cycle-end>
<allocation-satisfied id="131" threadId="00000000022F5700" bytesRequested="2056" />
<af-end id="132" timestamp="2019-07-02T20:42:20.770" threadId="00000000022F6088" success="true" from="nursery"/>
<exclusive-end id="133" timestamp="2019-07-02T20:42:20.770" durationms="0.765" />

<exclusive-start id="134" timestamp="2019-07-02T20:42:20.958" intervalms="189.101">
  <response-info timems="0.010" idlems="0.010" threads="0" lastid="00000000022F5700" lastname="main" />
</exclusive-start>
<af-start id="135" threadId="00000000022F6088" totalBytesRequested="31752" timestamp="2019-07-02T20:42:20.958" intervalms="189.125" type="nursery" />
<cycle-start id="136" type="scavenge" contextid="0" timestamp="2019-07-02T20:42:20.958" intervalms="189.129" />
  <attribute name="GC Util" value="0" />
  <attribute name="CPU Util" value="19" />
  <attribute name="Time Running"value="1869"/>
  <attribute name="Number of cores"value="4"/>
<gc-start id="137" type="scavenge" contextid="136" timestamp="2019-07-02T20:42:20.958">
  <mem-info id="138" free="5247288" total="8388608" percent="62">
    <mem type="nursery" free="0" total="2097152" percent="0">
      <mem type="allocate" free="0" total="1769472" percent="0" />
      <mem type="survivor" free="0" total="327680" percent="0" />
    </mem>
    <mem type="tenure" free="5247288" total="6291456" percent="83">
      <mem type="soa" free="4932920" total="5977088" percent="82" />
      <mem type="loa" free="314368" total="314368" percent="100" />
    </mem>
    <remembered-set count="98" />
  </mem-info>
</gc-start>
<allocation-stats totalBytes="1702656" >
  <allocated-bytes non-tlh="472376" tlh="1230280" />
  <largest-consumer threadName="main" threadId="00000000022F5700" bytes="1702656" />
</allocation-stats>
<gc-op id="139" type="scavenge" timems="0.385" contextid="136" timestamp="2019-07-02T20:42:20.959">
  <scavenger-info tenureage="3" tenuremask="fff8" tiltratio="84" />
  <memory-copied type="nursery" objects="464" bytes="264184" bytesdiscarded="58592" />
  <memory-copied type="tenure" objects="3" bytes="441040" bytesdiscarded="0" />
  <copy-failed type="nursery" objects="3" bytes="441040" />
  <references type="soft" candidates="1" cleared="0" enqueued="0" dynamicThreshold="32" maxThreshold="32" />
  <references type="weak" candidates="5" cleared="4" enqueued="4" />
  <references type="phantom" candidates="30" cleared="1" enqueued="1" />
</gc-op>
<gc-end id="140" type="scavenge" contextid="136" durationms="0.563" usertimems="0.000" systemtimems="0.000" timestamp="2019-07-02T20:42:20.959" activeThreads="4">
  <mem-info id="141" free="5572264" total="8388608" percent="66">
    <mem type="nursery" free="725792" total="2097152" percent="34">
      <mem type="allocate" free="725792" total="1048576" percent="69" />
      <mem type="survivor" free="0" total="1048576" percent="0" />
    </mem>
    <mem type="tenure" free="4846472" total="6291456" percent="77">
      <mem type="soa" free="4532104" total="5977088" percent="75" />
      <mem type="loa" free="314368" total="314368" percent="100" />
    </mem>
    <pending-finalizers system="0" default="0" reference="5" classloader="0" />
    <remembered-set count="95" />
  </mem-info>
</gc-end>
<cycle-end id="142" type="scavenge" contextid="136" timestamp="2019-07-02T20:42:20.959">
  <attribute name="GC Util" value="0" />
  <attribute name="CPU Util" value="14" />
  <attribute name="Time Running"value="2059"/>
  <attribute name="Number of cores"value="4"/>
</cycle-end>
<allocation-satisfied id="143" threadId="00000000022F5700" bytesRequested="31752" />
<af-end id="144" timestamp="2019-07-02T20:42:20.959" threadId="00000000022F6088" success="true" from="nursery"/>
<exclusive-end id="145" timestamp="2019-07-02T20:42:20.959" durationms="1.004" />

<exclusive-start id="146" timestamp="2019-07-02T20:42:20.966" intervalms="7.593">
  <response-info timems="0.017" idlems="0.017" threads="0" lastid="00000000022F5700" lastname="main" />
</exclusive-start>
<af-start id="147" threadId="00000000022F6088" totalBytesRequested="3080" timestamp="2019-07-02T20:42:20.966" intervalms="7.633" type="nursery" />
<cycle-start id="148" type="scavenge" contextid="0" timestamp="2019-07-02T20:42:20.966" intervalms="7.692" />
  <attribute name="GC Util" value="0" />
  <attribute name="CPU Util" value="14" />
  <attribute name="Time Running"value="2059"/>
  <attribute name="Number of cores"value="4"/>
<gc-start id="149" type="scavenge" contextid="148" timestamp="2019-07-02T20:42:20.966">
  <mem-info id="150" free="4844904" total="8388608" percent="57">
    <mem type="nursery" free="0" total="2097152" percent="0">
      <mem type="allocate" free="0" total="1048576" percent="0" />
      <mem type="survivor" free="0" total="1048576" percent="0" />
    </mem>
    <mem type="tenure" free="4844904" total="6291456" percent="77">
      <mem type="soa" free="4530536" total="5977088" percent="75" />
      <mem type="loa" free="314368" total="314368" percent="100" />
    </mem>
    <remembered-set count="115" />
  </mem-info>
</gc-start>
<allocation-stats totalBytes="642056" >
  <allocated-bytes non-tlh="229472" tlh="412584" />
  <largest-consumer threadName="main" threadId="00000000022F5700" bytes="637960" />
</allocation-stats>
<gc-op id="151" type="scavenge" timems="0.261" contextid="148" timestamp="2019-07-02T20:42:20.966">
  <scavenger-info tenureage="3" tenuremask="fff8" tiltratio="50" />
  <memory-copied type="nursery" objects="492" bytes="190032" bytesdiscarded="54232" />
  <references type="soft" candidates="1" cleared="0" enqueued="0" dynamicThreshold="32" maxThreshold="32" />
  <references type="weak" candidates="8" cleared="7" enqueued="7" />
  <references type="phantom" candidates="29" cleared="0" enqueued="0" />
</gc-op>
<gc-end id="152" type="scavenge" contextid="148" durationms="0.473" usertimems="0.000" systemtimems="0.000" timestamp="2019-07-02T20:42:20.967" activeThreads="4">
  <mem-info id="153" free="5649208" total="8388608" percent="67">
    <mem type="nursery" free="804304" total="2097152" percent="38">
      <mem type="allocate" free="804304" total="1048576" percent="76" />
      <mem type="survivor" free="0" total="1048576" percent="0" />
    </mem>
    <mem type="tenure" free="4844904" total="6291456" percent="77">
      <mem type="soa" free="4530536" total="5977088" percent="75" />
      <mem type="loa" free="314368" total="314368" percent="100" />
    </mem>
    <pending-finalizers system="0" default="0" reference="7" classloader="0" />
    <remembered-set count="113" />
  </mem-info>
</gc-end>
<cycle-end id="154" type="scavenge" contextid="148" timestamp="2019-07-02T20:42:20.967">
  <attribute name="GC Util" value="9" />
  <attribute name="CPU Util" value="89" />
  <attribute name="Time Running"value="2066"/>
  <attribute name="Number of cores"value="4"/>
</cycle-end>
<allocation-satisfied id="155" threadId="00000000022F5700" bytesRequested="3080" />
<af-end id="156" timestamp="2019-07-02T20:42:20.967" threadId="00000000022F6088" success="true" from="nursery"/>
<exclusive-end id="157" timestamp="2019-07-02T20:42:20.967" durationms="1.108" />

<exclusive-start id="158" timestamp="2019-07-02T20:42:20.977" intervalms="11.727">
  <response-info timems="0.018" idlems="0.018" threads="0" lastid="00000000022F5700" lastname="main" />
</exclusive-start>
<af-start id="159" threadId="00000000022F6088" totalBytesRequested="4776" timestamp="2019-07-02T20:42:20.978" intervalms="11.720" type="nursery" />
<cycle-start id="160" type="scavenge" contextid="0" timestamp="2019-07-02T20:42:20.978" intervalms="11.715" />
  <attribute name="GC Util" value="9" />
  <attribute name="CPU Util" value="89" />
  <attribute name="Time Running"value="2066"/>
  <attribute name="Number of cores"value="4"/>
<gc-start id="161" type="scavenge" contextid="160" timestamp="2019-07-02T20:42:20.978">
  <mem-info id="162" free="4837504" total="8388608" percent="57">
    <mem type="nursery" free="0" total="2097152" percent="0">
      <mem type="allocate" free="0" total="1048576" percent="0" />
      <mem type="survivor" free="0" total="1048576" percent="0" />
    </mem>
    <mem type="tenure" free="4837504" total="6291456" percent="76">
      <mem type="soa" free="4523136" total="5977088" percent="75" />
      <mem type="loa" free="314368" total="314368" percent="100" />
    </mem>
    <remembered-set count="169" />
  </mem-info>
</gc-start>
<allocation-stats totalBytes="762272" >
  <allocated-bytes non-tlh="138520" tlh="623752" />
  <largest-consumer threadName="main" threadId="00000000022F5700" bytes="762272" />
</allocation-stats>
<gc-op id="163" type="scavenge" timems="0.254" contextid="160" timestamp="2019-07-02T20:42:20.978">
  <scavenger-info tenureage="3" tenuremask="fff8" tiltratio="50" />
  <memory-copied type="nursery" objects="550" bytes="197544" bytesdiscarded="49800" />
  <references type="soft" candidates="3" cleared="0" enqueued="0" dynamicThreshold="32" maxThreshold="32" />
  <references type="weak" candidates="11" cleared="10" enqueued="10" />
  <references type="phantom" candidates="29" cleared="0" enqueued="0" />
</gc-op>
<gc-end id="164" type="scavenge" contextid="160" durationms="0.572" usertimems="0.000" systemtimems="0.000" timestamp="2019-07-02T20:42:20.978" activeThreads="4">
  <mem-info id="165" free="5638728" total="8388608" percent="67">
    <mem type="nursery" free="801224" total="2097152" percent="38">
      <mem type="allocate" free="801224" total="1048576" percent="76" />
      <mem type="survivor" free="0" total="1048576" percent="0" />
    </mem>
    <mem type="tenure" free="4837504" total="6291456" percent="76">
      <mem type="soa" free="4523136" total="5977088" percent="75" />
      <mem type="loa" free="314368" total="314368" percent="100" />
    </mem>
    <pending-finalizers system="0" default="0" reference="10" classloader="0" />
    <remembered-set count="148" />
  </mem-info>
</gc-end>
<cycle-end id="166" type="scavenge" contextid="160" timestamp="2019-07-02T20:42:20.978">
  <attribute name="GC Util" value="4" />
  <attribute name="CPU Util" value="54" />
  <attribute name="Time Running"value="2078"/>
  <attribute name="Number of cores"value="4"/>
</cycle-end>
<allocation-satisfied id="167" threadId="00000000022F5700" bytesRequested="4776" />
<af-end id="168" timestamp="2019-07-02T20:42:20.979" threadId="00000000022F6088" success="true" from="nursery"/>
<exclusive-end id="169" timestamp="2019-07-02T20:42:20.979" durationms="1.194" />

<exclusive-start id="170" timestamp="2019-07-02T20:42:20.994" intervalms="16.985">
  <response-info timems="0.009" idlems="0.009" threads="0" lastid="00000000022F5700" lastname="main" />
</exclusive-start>
<af-start id="171" threadId="00000000022F6088" totalBytesRequested="3080" timestamp="2019-07-02T20:42:20.994" intervalms="16.943" type="nursery" />
<cycle-start id="172" type="scavenge" contextid="0" timestamp="2019-07-02T20:42:20.995" intervalms="16.892" />
  <attribute name="GC Util" value="4" />
  <attribute name="CPU Util" value="54" />
  <attribute name="Time Running"value="2078"/>
  <attribute name="Number of cores"value="4"/>
<gc-start id="173" type="scavenge" contextid="172" timestamp="2019-07-02T20:42:20.995">
  <mem-info id="174" free="4824656" total="8388608" percent="57">
    <mem type="nursery" free="0" total="2097152" percent="0">
      <mem type="allocate" free="0" total="1048576" percent="0" />
      <mem type="survivor" free="0" total="1048576" percent="0" />
    </mem>
    <mem type="tenure" free="4824656" total="6291456" percent="76">
      <mem type="soa" free="4510288" total="5977088" percent="75" />
      <mem type="loa" free="314368" total="314368" percent="100" />
    </mem>
    <remembered-set count="293" />
  </mem-info>
</gc-start>
<allocation-stats totalBytes="803152" >
  <allocated-bytes non-tlh="17624" tlh="785528" />
  <largest-consumer threadName="main" threadId="00000000022F5700" bytes="803152" />
</allocation-stats>
<gc-op id="175" type="scavenge" timems="0.325" contextid="172" timestamp="2019-07-02T20:42:20.995">
  <scavenger-info tenureage="3" tenuremask="fff8" tiltratio="50" />
  <memory-copied type="nursery" objects="272" bytes="17752" bytesdiscarded="61608" />
  <memory-copied type="tenure" objects="428" bytes="182640" bytesdiscarded="488" />
  <references type="soft" candidates="3" cleared="0" enqueued="0" dynamicThreshold="32" maxThreshold="32" />
  <references type="weak" candidates="16" cleared="15" enqueued="15" />
  <references type="phantom" candidates="3" cleared="1" enqueued="1" />
</gc-op>
<gc-end id="176" type="scavenge" contextid="172" durationms="0.503" usertimems="0.000" systemtimems="0.000" timestamp="2019-07-02T20:42:20.995" activeThreads="4">
  <mem-info id="177" free="5709736" total="8388608" percent="68">
    <mem type="nursery" free="1034744" total="2097152" percent="49">
      <mem type="allocate" free="1034744" total="1114112" percent="92" />
      <mem type="survivor" free="0" total="983040" percent="0" />
    </mem>
    <mem type="tenure" free="4674992" total="6291456" percent="74">
      <mem type="soa" free="4360624" total="5977088" percent="72" />
      <mem type="loa" free="314368" total="314368" percent="100" />
    </mem>
    <pending-finalizers system="0" default="0" reference="16" classloader="0" />
    <remembered-set count="281" />
  </mem-info>
</gc-end>
<cycle-end id="178" type="scavenge" contextid="172" timestamp="2019-07-02T20:42:20.995">
  <attribute name="GC Util" value="3" />
  <attribute name="CPU Util" value="1101614563639" />
  <attribute name="Time Running"value="2095"/>
  <attribute name="Number of cores"value="4"/>
</cycle-end>
<allocation-satisfied id="179" threadId="00000000022F5700" bytesRequested="3080" />
<af-end id="180" timestamp="2019-07-02T20:42:20.995" threadId="00000000022F6088" success="true" from="nursery"/>
<exclusive-end id="181" timestamp="2019-07-02T20:42:20.995" durationms="0.929" />

<exclusive-start id="182" timestamp="2019-07-02T20:42:21.016" intervalms="21.279">
  <response-info timems="0.097" idlems="0.097" threads="0" lastid="00000000022F5700" lastname="main" />
</exclusive-start>
<af-start id="183" threadId="00000000022F6088" totalBytesRequested="49816" timestamp="2019-07-02T20:42:21.016" intervalms="21.332" type="nursery" />
<cycle-start id="184" type="scavenge" contextid="0" timestamp="2019-07-02T20:42:21.016" intervalms="21.398" />
  <attribute name="GC Util" value="3" />
  <attribute name="CPU Util" value="1101614563639" />
  <attribute name="Time Running"value="2095"/>
  <attribute name="Number of cores"value="4"/>
<gc-start id="185" type="scavenge" contextid="184" timestamp="2019-07-02T20:42:21.016">
  <mem-info id="186" free="4646600" total="8388608" percent="55">
    <mem type="nursery" free="0" total="2097152" percent="0">
      <mem type="allocate" free="0" total="1114112" percent="0" />
      <mem type="survivor" free="0" total="983040" percent="0" />
    </mem>
    <mem type="tenure" free="4646600" total="6291456" percent="73">
      <mem type="soa" free="4332232" total="5977088" percent="72" />
      <mem type="loa" free="314368" total="314368" percent="100" />
    </mem>
    <remembered-set count="695" />
  </mem-info>
</gc-start>
<allocation-stats totalBytes="1019784" >
  <allocated-bytes non-tlh="31472" tlh="988312" />
  <largest-consumer threadName="main" threadId="00000000022F5700" bytes="1018768" />
</allocation-stats>
<gc-op id="187" type="scavenge" timems="0.526" contextid="184" timestamp="2019-07-02T20:42:21.017">
  <scavenger-info tenureage="3" tenuremask="ffe8" tiltratio="53" />
  <memory-copied type="nursery" objects="2776" bytes="109208" bytesdiscarded="47288" />
  <memory-copied type="tenure" objects="16" bytes="816" bytesdiscarded="0" />
  <finalization candidates="39" enqueued="1" />
  <ownableSynchronizers candidates="17" cleared="0" />
  <references type="soft" candidates="8" cleared="0" enqueued="0" dynamicThreshold="32" maxThreshold="32" />
  <references type="weak" candidates="709" cleared="353" enqueued="251" />
  <references type="phantom" candidates="6" cleared="1" enqueued="1" />
</gc-op>
<gc-end id="188" type="scavenge" contextid="184" durationms="0.814" usertimems="0.000" systemtimems="4.000" timestamp="2019-07-02T20:42:21.017" activeThreads="4">
  <mem-info id="189" free="5735112" total="8388608" percent="68">
    <mem type="nursery" free="1088512" total="2097152" percent="51">
      <mem type="allocate" free="1088512" total="1245184" percent="87" />
      <mem type="survivor" free="0" total="851968" percent="0" />
    </mem>
    <mem type="tenure" free="4646600" total="6291456" percent="73">
      <mem type="soa" free="4332232" total="5977088" percent="72" />
      <mem type="loa" free="314368" total="314368" percent="100" />
    </mem>
    <pending-finalizers system="1" default="0" reference="252" classloader="0" />
    <remembered-set count="644" />
  </mem-info>
</gc-end>
<cycle-end id="190" type="scavenge" contextid="184" timestamp="2019-07-02T20:42:21.017">
  <attribute name="GC Util" value="2" />
  <attribute name="CPU Util" value="24" />
  <attribute name="Time Running"value="2116"/>
  <attribute name="Number of cores"value="4"/>
</cycle-end>
<allocation-satisfied id="191" threadId="00000000022F5700" bytesRequested="49816" />
<af-end id="192" timestamp="2019-07-02T20:42:21.017" threadId="00000000022F6088" success="true" from="nursery"/>
<exclusive-end id="193" timestamp="2019-07-02T20:42:21.017" durationms="1.473" />

<exclusive-start id="194" timestamp="2019-07-02T20:42:21.043" intervalms="26.885">
  <response-info timems="0.012" idlems="0.012" threads="0" lastid="00000000022F5700" lastname="main" />
</exclusive-start>
<af-start id="195" threadId="00000000022F6088" totalBytesRequested="1176" timestamp="2019-07-02T20:42:21.043" intervalms="26.845" type="nursery" />
<cycle-start id="196" type="scavenge" contextid="0" timestamp="2019-07-02T20:42:21.043" intervalms="26.777" />
  <attribute name="GC Util" value="2" />
  <attribute name="CPU Util" value="24" />
  <attribute name="Time Running"value="2116"/>
  <attribute name="Number of cores"value="4"/>
<gc-start id="197" type="scavenge" contextid="196" timestamp="2019-07-02T20:42:21.043">
  <mem-info id="198" free="4623376" total="8388608" percent="55">
    <mem type="nursery" free="0" total="2097152" percent="0">
      <mem type="allocate" free="0" total="1245184" percent="0" />
      <mem type="survivor" free="0" total="851968" percent="0" />
    </mem>
    <mem type="tenure" free="4623376" total="6291456" percent="73">
      <mem type="soa" free="4309008" total="5977088" percent="72" />
      <mem type="loa" free="314368" total="314368" percent="100" />
    </mem>
    <remembered-set count="932" />
  </mem-info>
</gc-start>
<allocation-stats totalBytes="1109496" >
  <allocated-bytes non-tlh="122856" tlh="986640" />
  <largest-consumer threadName="main" threadId="00000000022F5700" bytes="1097664" />
</allocation-stats>
<gc-op id="199" type="scavenge" timems="0.576" contextid="196" timestamp="2019-07-02T20:42:21.043">
  <scavenger-info tenureage="3" tenuremask="ffe8" tiltratio="59" />
  <memory-copied type="nursery" objects="2971" bytes="126936" bytesdiscarded="29544" />
  <memory-copied type="tenure" objects="47" bytes="3656" bytesdiscarded="0" />
  <finalization candidates="38" enqueued="0" />
  <ownableSynchronizers candidates="17" cleared="0" />
  <references type="soft" candidates="6" cleared="0" enqueued="0" dynamicThreshold="32" maxThreshold="32" />
  <references type="weak" candidates="506" cleared="19" enqueued="17" />
  <references type="phantom" candidates="6" cleared="0" enqueued="0" />
</gc-op>
<gc-end id="200" type="scavenge" contextid="196" durationms="0.767" usertimems="0.000" systemtimems="0.000" timestamp="2019-07-02T20:42:21.044" activeThreads="4">
  <mem-info id="201" free="5842960" total="8388608" percent="69">
    <mem type="nursery" free="1219584" total="2097152" percent="58">
      <mem type="allocate" free="1219584" total="1376256" percent="88" />
      <mem type="survivor" free="0" total="720896" percent="0" />
    </mem>
    <mem type="tenure" free="4623376" total="6291456" percent="73">
      <mem type="soa" free="4309008" total="5977088" percent="72" />
      <mem type="loa" free="314368" total="314368" percent="100" />
    </mem>
    <pending-finalizers system="0" default="0" reference="17" classloader="0" />
    <remembered-set count="822" />
  </mem-info>
</gc-end>
<cycle-end id="202" type="scavenge" contextid="196" timestamp="2019-07-02T20:42:21.044">
  <attribute name="GC Util" value="3" />
  <attribute name="CPU Util" value="203" />
  <attribute name="Time Running"value="2143"/>
  <attribute name="Number of cores"value="4"/>
</cycle-end>
<allocation-satisfied id="203" threadId="00000000022F5700" bytesRequested="1176" />
<af-end id="204" timestamp="2019-07-02T20:42:21.044" threadId="00000000022F6088" success="true" from="nursery"/>
<exclusive-end id="205" timestamp="2019-07-02T20:42:21.044" durationms="1.216" />

<exclusive-start id="206" timestamp="2019-07-02T20:42:21.084" intervalms="41.330">
  <response-info timems="0.022" idlems="0.022" threads="0" lastid="00000000022F5700" lastname="main" />
</exclusive-start>
<af-start id="207" threadId="00000000022F6088" totalBytesRequested="40" timestamp="2019-07-02T20:42:21.084" intervalms="41.322" type="nursery" />
<cycle-start id="208" type="scavenge" contextid="0" timestamp="2019-07-02T20:42:21.084" intervalms="41.327" />
  <attribute name="GC Util" value="3" />
  <attribute name="CPU Util" value="203" />
  <attribute name="Time Running"value="2143"/>
  <attribute name="Number of cores"value="4"/>
<gc-start id="209" type="scavenge" contextid="208" timestamp="2019-07-02T20:42:21.084">
  <mem-info id="210" free="4564296" total="8388608" percent="54">
    <mem type="nursery" free="0" total="2097152" percent="0">
      <mem type="allocate" free="0" total="1376256" percent="0" />
      <mem type="survivor" free="0" total="720896" percent="0" />
    </mem>
    <mem type="tenure" free="4564296" total="6291456" percent="72">
      <mem type="soa" free="4249928" total="5977088" percent="71" />
      <mem type="loa" free="314368" total="314368" percent="100" />
    </mem>
    <remembered-set count="1381" />
  </mem-info>
</gc-start>
<allocation-stats totalBytes="1275416" >
  <allocated-bytes non-tlh="60256" tlh="1215160" />
  <largest-consumer threadName="main" threadId="00000000022F5700" bytes="1267224" />
</allocation-stats>
<gc-op id="211" type="scavenge" timems="0.641" contextid="208" timestamp="2019-07-02T20:42:21.085">
  <scavenger-info tenureage="3" tenuremask="ffe8" tiltratio="65" />
  <memory-copied type="nursery" objects="6465" bytes="232576" bytesdiscarded="63608" />
  <memory-copied type="tenure" objects="110" bytes="2904" bytesdiscarded="0" />
  <finalization candidates="45" enqueued="0" />
  <ownableSynchronizers candidates="17" cleared="0" />
  <references type="soft" candidates="7" cleared="0" enqueued="0" dynamicThreshold="32" maxThreshold="32" />
  <references type="weak" candidates="853" cleared="37" enqueued="26" />
  <references type="phantom" candidates="5" cleared="0" enqueued="0" />
</gc-op>
<gc-end id="212" type="scavenge" contextid="208" durationms="0.838" usertimems="4.000" systemtimems="0.000" timestamp="2019-07-02T20:42:21.085" activeThreads="4">
  <mem-info id="213" free="5709640" total="8388608" percent="68">
    <mem type="nursery" free="1145344" total="2097152" percent="54">
      <mem type="allocate" free="1145344" total="1441792" percent="79" />
      <mem type="survivor" free="0" total="655360" percent="0" />
    </mem>
    <mem type="tenure" free="4564296" total="6291456" percent="72">
      <mem type="soa" free="4249928" total="5977088" percent="71" />
      <mem type="loa" free="314368" total="314368" percent="100" />
    </mem>
    <pending-finalizers system="0" default="0" reference="26" classloader="0" />
    <remembered-set count="1128" />
  </mem-info>
</gc-end>
<cycle-end id="214" type="scavenge" contextid="208" timestamp="2019-07-02T20:42:21.085">
  <attribute name="GC Util" value="2" />
  <attribute name="CPU Util" value="446477224118" />
  <attribute name="Time Running"value="2184"/>
  <attribute name="Number of cores"value="4"/>
</cycle-end>
<allocation-satisfied id="215" threadId="00000000022F5700" bytesRequested="40" />
<af-end id="216" timestamp="2019-07-02T20:42:21.085" threadId="00000000022F6088" success="true" from="nursery"/>
<exclusive-end id="217" timestamp="2019-07-02T20:42:21.085" durationms="1.280" />

<exclusive-start id="218" timestamp="2019-07-02T20:42:21.114" intervalms="30.531">
  <response-info timems="0.011" idlems="0.011" threads="0" lastid="00000000022F5700" lastname="main" />
</exclusive-start>
<af-start id="219" threadId="00000000022F6088" totalBytesRequested="32" timestamp="2019-07-02T20:42:21.115" intervalms="30.525" type="nursery" />
<cycle-start id="220" type="scavenge" contextid="0" timestamp="2019-07-02T20:42:21.115" intervalms="30.521" />
  <attribute name="GC Util" value="2" />
  <attribute name="CPU Util" value="446477224118" />
  <attribute name="Time Running"value="2184"/>
  <attribute name="Number of cores"value="4"/>
<gc-start id="221" type="scavenge" contextid="220" timestamp="2019-07-02T20:42:21.115">
  <mem-info id="222" free="4475928" total="8388608" percent="53">
    <mem type="nursery" free="0" total="2097152" percent="0">
      <mem type="allocate" free="0" total="1441792" percent="0" />
      <mem type="survivor" free="0" total="655360" percent="0" />
    </mem>
    <mem type="tenure" free="4475928" total="6291456" percent="71">
      <mem type="soa" free="4161560" total="5977088" percent="69" />
      <mem type="loa" free="314368" total="314368" percent="100" />
    </mem>
    <remembered-set count="2403" />
  </mem-info>
</gc-start>
<allocation-stats totalBytes="1232944" >
  <allocated-bytes non-tlh="88408" tlh="1144536" />
  <largest-consumer threadName="main" threadId="00000000022F5700" bytes="1224752" />
</allocation-stats>
<gc-op id="223" type="scavenge" timems="0.892" contextid="220" timestamp="2019-07-02T20:42:21.116">
  <scavenger-info tenureage="3" tenuremask="ffe8" tiltratio="68" />
  <memory-copied type="nursery" objects="8204" bytes="258584" bytesdiscarded="68400" />
  <memory-copied type="tenure" objects="2358" bytes="94336" bytesdiscarded="80" />
  <finalization candidates="45" enqueued="0" />
  <ownableSynchronizers candidates="17" cleared="0" />
  <references type="soft" candidates="40" cleared="0" enqueued="0" dynamicThreshold="32" maxThreshold="32" />
  <references type="weak" candidates="608" cleared="46" enqueued="40" />
  <references type="phantom" candidates="7" cleared="3" enqueued="3" />
</gc-op>
<gc-end id="224" type="scavenge" contextid="220" durationms="1.081" usertimems="0.000" systemtimems="0.000" timestamp="2019-07-02T20:42:21.116" activeThreads="4">
  <mem-info id="225" free="5415704" total="8388608" percent="64">
    <mem type="nursery" free="1180160" total="2097152" percent="56">
      <mem type="allocate" free="1180160" total="1507328" percent="78" />
      <mem type="survivor" free="0" total="589824" percent="0" />
    </mem>
    <mem type="tenure" free="4235544" total="6291456" percent="67">
      <mem type="soa" free="3921176" total="5977088" percent="65" />
      <mem type="loa" free="314368" total="314368" percent="100" />
    </mem>
    <pending-finalizers system="0" default="0" reference="43" classloader="0" />
    <remembered-set count="1996" />
  </mem-info>
</gc-end>
<cycle-end id="226" type="scavenge" contextid="220" timestamp="2019-07-02T20:42:21.116">
  <attribute name="GC Util" value="3" />
  <attribute name="CPU Util" value="105" />
  <attribute name="Time Running"value="2215"/>
  <attribute name="Number of cores"value="4"/>
</cycle-end>
<allocation-satisfied id="227" threadId="00000000022F5700" bytesRequested="32" />
<af-end id="228" timestamp="2019-07-02T20:42:21.116" threadId="00000000022F6088" success="true" from="nursery"/>
<exclusive-end id="229" timestamp="2019-07-02T20:42:21.116" durationms="1.535" />

<exclusive-start id="230" timestamp="2019-07-02T20:42:21.139" intervalms="24.165">
  <response-info timems="0.024" idlems="0.024" threads="0" lastid="00000000022F5700" lastname="main" />
</exclusive-start>
<af-start id="231" threadId="00000000022F6088" totalBytesRequested="40" timestamp="2019-07-02T20:42:21.139" intervalms="24.166" type="nursery" />
<cycle-start id="232" type="scavenge" contextid="0" timestamp="2019-07-02T20:42:21.139" intervalms="24.217" />
  <attribute name="GC Util" value="3" />
  <attribute name="CPU Util" value="105" />
  <attribute name="Time Running"value="2215"/>
  <attribute name="Number of cores"value="4"/>
<gc-start id="233" type="scavenge" contextid="232" timestamp="2019-07-02T20:42:21.139">
  <mem-info id="234" free="4212112" total="8388608" percent="50">
    <mem type="nursery" free="0" total="2097152" percent="0">
      <mem type="allocate" free="0" total="1507328" percent="0" />
      <mem type="survivor" free="0" total="589824" percent="0" />
    </mem>
    <mem type="tenure" free="4212112" total="6291456" percent="66">
      <mem type="soa" free="3897744" total="5977088" percent="65" />
      <mem type="loa" free="314368" total="314368" percent="100" />
    </mem>
    <remembered-set count="2343" />
  </mem-info>
</gc-start>
<allocation-stats totalBytes="1202480" >
  <allocated-bytes non-tlh="23464" tlh="1179016" />
  <largest-consumer threadName="main" threadId="00000000022F5700" bytes="1194288" />
</allocation-stats>
<gc-op id="235" type="scavenge" timems="0.861" contextid="232" timestamp="2019-07-02T20:42:21.140">
  <scavenger-info tenureage="3" tenuremask="ffe8" tiltratio="71" />
  <memory-copied type="nursery" objects="10390" bytes="333072" bytesdiscarded="72160" />
  <memory-copied type="tenure" objects="296" bytes="21032" bytesdiscarded="0" />
  <finalization candidates="7" enqueued="0" />
  <references type="soft" candidates="324" cleared="0" enqueued="0" dynamicThreshold="32" maxThreshold="32" />
  <references type="weak" candidates="558" cleared="16" enqueued="16" />
  <references type="phantom" candidates="4" cleared="0" enqueued="0" />
</gc-op>
<gc-end id="236" type="scavenge" contextid="232" durationms="1.045" usertimems="4.000" systemtimems="0.000" timestamp="2019-07-02T20:42:21.140" activeThreads="4">
  <mem-info id="237" free="5379472" total="8388608" percent="64">
    <mem type="nursery" free="1167360" total="2097152" percent="55">
      <mem type="allocate" free="1167360" total="1572864" percent="74" />
      <mem type="survivor" free="0" total="524288" percent="0" />
    </mem>
    <mem type="tenure" free="4212112" total="6291456" percent="66">
      <mem type="soa" free="3897744" total="5977088" percent="65" />
      <mem type="loa" free="314368" total="314368" percent="100" />
    </mem>
    <pending-finalizers system="0" default="0" reference="16" classloader="0" />
    <remembered-set count="1852" />
  </mem-info>
</gc-end>
<cycle-end id="238" type="scavenge" contextid="232" timestamp="2019-07-02T20:42:21.140">
  <attribute name="GC Util" value="6" />
  <attribute name="CPU Util" value="125" />
  <attribute name="Time Running"value="2239"/>
  <attribute name="Number of cores"value="4"/>
</cycle-end>
<allocation-satisfied id="239" threadId="00000000022F5700" bytesRequested="40" />
<af-end id="240" timestamp="2019-07-02T20:42:21.140" threadId="00000000022F6088" success="true" from="nursery"/>
<exclusive-end id="241" timestamp="2019-07-02T20:42:21.140" durationms="1.548" />

<exclusive-start id="242" timestamp="2019-07-02T20:42:23.799" intervalms="2659.964">
  <response-info timems="0.017" idlems="0.017" threads="0" lastid="00000000022F5700" lastname="main" />
</exclusive-start>
<af-start id="243" threadId="00000000022F6088" totalBytesRequested="192" timestamp="2019-07-02T20:42:23.799" intervalms="2659.958" type="nursery" />
<cycle-start id="244" type="scavenge" contextid="0" timestamp="2019-07-02T20:42:23.799" intervalms="2659.912" />
  <attribute name="GC Util" value="6" />
  <attribute name="CPU Util" value="125" />
  <attribute name="Time Running"value="2239"/>
  <attribute name="Number of cores"value="4"/>
<gc-start id="245" type="scavenge" contextid="244" timestamp="2019-07-02T20:42:23.799">
  <mem-info id="246" free="4191304" total="8388608" percent="49">
    <mem type="nursery" free="0" total="2097152" percent="0">
      <mem type="allocate" free="0" total="1572864" percent="0" />
      <mem type="survivor" free="0" total="524288" percent="0" />
    </mem>
    <mem type="tenure" free="4191304" total="6291456" percent="66">
      <mem type="soa" free="3876936" total="5977088" percent="64" />
      <mem type="loa" free="314368" total="314368" percent="100" />
    </mem>
    <remembered-set count="2149" />
  </mem-info>
</gc-start>
<allocation-stats totalBytes="1186232" >
  <allocated-bytes non-tlh="20848" tlh="1165384" />
  <largest-consumer threadName="main" threadId="00000000022F5700" bytes="1186232" />
</allocation-stats>
<gc-op id="247" type="scavenge" timems="1.097" contextid="244" timestamp="2019-07-02T20:42:23.800">
  <scavenger-info tenureage="3" tenuremask="ffe8" tiltratio="75" />
  <memory-copied type="nursery" objects="8370" bytes="283328" bytesdiscarded="68904" />
  <memory-copied type="tenure" objects="3664" bytes="111632" bytesdiscarded="8" />
  <finalization candidates="7" enqueued="0" />
  <references type="soft" candidates="427" cleared="0" enqueued="0" dynamicThreshold="32" maxThreshold="32" />
  <references type="weak" candidates="323" cleared="11" enqueued="11" />
  <references type="phantom" candidates="5" cleared="2" enqueued="2" />
</gc-op>
<gc-end id="248" type="scavenge" contextid="244" durationms="1.271" usertimems="4.000" systemtimems="0.000" timestamp="2019-07-02T20:42:23.800" activeThreads="4">
  <mem-info id="249" free="5407304" total="8388608" percent="64">
    <mem type="nursery" free="1285888" total="2097152" percent="61">
      <mem type="allocate" free="1285888" total="1638400" percent="78" />
      <mem type="survivor" free="0" total="458752" percent="0" />
    </mem>
    <mem type="tenure" free="4121416" total="6291456" percent="65">
      <mem type="soa" free="3807048" total="5977088" percent="63" />
      <mem type="loa" free="314368" total="314368" percent="100" />
    </mem>
    <pending-finalizers system="0" default="0" reference="13" classloader="0" />
    <remembered-set count="845" />
  </mem-info>
</gc-end>
<cycle-end id="250" type="scavenge" contextid="244" timestamp="2019-07-02T20:42:23.800">
  <attribute name="GC Util" value="0" />
  <attribute name="CPU Util" value="3" />
  <attribute name="Time Running"value="4899"/>
  <attribute name="Number of cores"value="4"/>
</cycle-end>
<allocation-satisfied id="251" threadId="00000000022F5700" bytesRequested="192" />
<af-end id="252" timestamp="2019-07-02T20:42:23.800" threadId="00000000022F6088" success="true" from="nursery"/>
<exclusive-end id="253" timestamp="2019-07-02T20:42:23.800" durationms="1.768" />

<exclusive-start id="254" timestamp="2019-07-02T20:42:23.827" intervalms="28.862">
  <response-info timems="0.027" idlems="0.027" threads="0" lastid="00000000022F5700" lastname="main" />
</exclusive-start>
<af-start id="255" threadId="00000000022F6088" totalBytesRequested="520" timestamp="2019-07-02T20:42:23.828" intervalms="28.868" type="nursery" />
<cycle-start id="256" type="scavenge" contextid="0" timestamp="2019-07-02T20:42:23.828" intervalms="28.863" />
  <attribute name="GC Util" value="0" />
  <attribute name="CPU Util" value="3" />
  <attribute name="Time Running"value="4899"/>
  <attribute name="Number of cores"value="4"/>
<gc-start id="257" type="scavenge" contextid="256" timestamp="2019-07-02T20:42:23.828">
  <mem-info id="258" free="4087440" total="8388608" percent="48">
    <mem type="nursery" free="0" total="2097152" percent="0">
      <mem type="allocate" free="0" total="1638400" percent="0" />
      <mem type="survivor" free="0" total="458752" percent="0" />
    </mem>
    <mem type="tenure" free="4087440" total="6291456" percent="64">
      <mem type="soa" free="3773072" total="5977088" percent="63" />
      <mem type="loa" free="314368" total="314368" percent="100" />
    </mem>
    <remembered-set count="1180" />
  </mem-info>
</gc-start>
<allocation-stats totalBytes="1318216" >
  <allocated-bytes non-tlh="34168" tlh="1284048" />
  <largest-consumer threadName="main" threadId="00000000022F5700" bytes="1318216" />
</allocation-stats>
<gc-op id="259" type="scavenge" timems="0.848" contextid="256" timestamp="2019-07-02T20:42:23.829">
  <scavenger-info tenureage="3" tenuremask="ffe8" tiltratio="78" />
  <memory-copied type="nursery" objects="5606" bytes="210056" bytesdiscarded="24672" />
  <memory-copied type="tenure" objects="4109" bytes="120648" bytesdiscarded="0" />
  <references type="soft" candidates="472" cleared="0" enqueued="0" dynamicThreshold="32" maxThreshold="32" />
  <references type="weak" candidates="358" cleared="2" enqueued="2" />
</gc-op>
<gc-end id="260" type="scavenge" contextid="256" durationms="1.030" usertimems="4.000" systemtimems="0.000" timestamp="2019-07-02T20:42:23.829" activeThreads="4">
  <mem-info id="261" free="5447560" total="8388608" percent="64">
    <mem type="nursery" free="1403392" total="2097152" percent="66">
      <mem type="allocate" free="1403392" total="1638400" percent="85" />
      <mem type="survivor" free="0" total="458752" percent="0" />
    </mem>
    <mem type="tenure" free="4044168" total="6291456" percent="64">
      <mem type="soa" free="3729800" total="5977088" percent="62" />
      <mem type="loa" free="314368" total="314368" percent="100" />
    </mem>
    <pending-finalizers system="0" default="0" reference="2" classloader="0" />
    <remembered-set count="742" />
  </mem-info>
</gc-end>
<cycle-end id="262" type="scavenge" contextid="256" timestamp="2019-07-02T20:42:23.829">
  <attribute name="GC Util" value="5" />
  <attribute name="CPU Util" value="24" />
  <attribute name="Time Running"value="4928"/>
  <attribute name="Number of cores"value="4"/>
</cycle-end>
<allocation-satisfied id="263" threadId="00000000022F5700" bytesRequested="520" />
<af-end id="264" timestamp="2019-07-02T20:42:23.829" threadId="00000000022F6088" success="true" from="nursery"/>
<exclusive-end id="265" timestamp="2019-07-02T20:42:23.829" durationms="1.471" />

<exclusive-start id="266" timestamp="2019-07-02T20:42:23.853" intervalms="25.282">
  <response-info timems="0.018" idlems="0.018" threads="0" lastid="00000000022F5700" lastname="main" />
</exclusive-start>
<af-start id="267" threadId="00000000022F6088" totalBytesRequested="1032" timestamp="2019-07-02T20:42:23.853" intervalms="25.275" type="nursery" />
<cycle-start id="268" type="scavenge" contextid="0" timestamp="2019-07-02T20:42:23.853" intervalms="25.271" />
  <attribute name="GC Util" value="5" />
  <attribute name="CPU Util" value="24" />
  <attribute name="Time Running"value="4928"/>
  <attribute name="Number of cores"value="4"/>
<gc-start id="269" type="scavenge" contextid="268" timestamp="2019-07-02T20:42:23.853">
  <mem-info id="270" free="4023056" total="8388608" percent="47">
    <mem type="nursery" free="0" total="2097152" percent="0">
      <mem type="allocate" free="0" total="1638400" percent="0" />
      <mem type="survivor" free="0" total="458752" percent="0" />
    </mem>
    <mem type="tenure" free="4023056" total="6291456" percent="63">
      <mem type="soa" free="3708688" total="5977088" percent="62" />
      <mem type="loa" free="314368" total="314368" percent="100" />
    </mem>
    <remembered-set count="1033" />
  </mem-info>
</gc-start>
<allocation-stats totalBytes="1416120" >
  <allocated-bytes non-tlh="21632" tlh="1394488" />
  <largest-consumer threadName="main" threadId="00000000022F5700" bytes="1416120" />
</allocation-stats>
<gc-op id="271" type="scavenge" timems="0.687" contextid="268" timestamp="2019-07-02T20:42:23.854">
  <scavenger-info tenureage="3" tenuremask="ffe8" tiltratio="78" />
  <memory-copied type="nursery" objects="4381" bytes="181192" bytesdiscarded="53576" />
  <memory-copied type="tenure" objects="2520" bytes="97424" bytesdiscarded="816" />
  <finalization candidates="3" enqueued="0" />
  <references type="soft" candidates="233" cleared="0" enqueued="0" dynamicThreshold="32" maxThreshold="32" />
  <references type="weak" candidates="337" cleared="23" enqueued="23" />
  <references type="phantom" candidates="3" cleared="1" enqueued="1" />
</gc-op>
<gc-end id="272" type="scavenge" contextid="268" durationms="0.875" usertimems="0.000" systemtimems="0.000" timestamp="2019-07-02T20:42:23.854" activeThreads="4">
  <mem-info id="273" free="5411592" total="8388608" percent="64">
    <mem type="nursery" free="1468928" total="2097152" percent="70">
      <mem type="allocate" free="1468928" total="1703936" percent="86" />
      <mem type="survivor" free="0" total="393216" percent="0" />
    </mem>
    <mem type="tenure" free="3942664" total="6291456" percent="62">
      <mem type="soa" free="3628296" total="5977088" percent="60" />
      <mem type="loa" free="314368" total="314368" percent="100" />
    </mem>
    <pending-finalizers system="0" default="0" reference="24" classloader="0" />
    <remembered-set count="704" />
  </mem-info>
</gc-end>
<cycle-end id="274" type="scavenge" contextid="268" timestamp="2019-07-02T20:42:23.854">
  <attribute name="GC Util" value="5" />
  <attribute name="CPU Util" value="62" />
  <attribute name="Time Running"value="4953"/>
  <attribute name="Number of cores"value="4"/>
</cycle-end>
<allocation-satisfied id="275" threadId="00000000022F5700" bytesRequested="1032" />
<af-end id="276" timestamp="2019-07-02T20:42:23.854" threadId="00000000022F6088" success="true" from="nursery"/>
<exclusive-end id="277" timestamp="2019-07-02T20:42:23.854" durationms="1.299" />

<exclusive-start id="278" timestamp="2019-07-02T20:42:23.896" intervalms="43.112">
  <response-info timems="0.016" idlems="0.016" threads="0" lastid="00000000022F5700" lastname="main" />
</exclusive-start>
<af-start id="279" threadId="00000000022F6088" totalBytesRequested="23280" timestamp="2019-07-02T20:42:23.896" intervalms="43.112" type="nursery" />
<cycle-start id="280" type="scavenge" contextid="0" timestamp="2019-07-02T20:42:23.896" intervalms="43.109" />
  <attribute name="GC Util" value="5" />
  <attribute name="CPU Util" value="62" />
  <attribute name="Time Running"value="4953"/>
  <attribute name="Number of cores"value="4"/>
<gc-start id="281" type="scavenge" contextid="280" timestamp="2019-07-02T20:42:23.896">
  <mem-info id="282" free="3895936" total="8388608" percent="46">
    <mem type="nursery" free="0" total="2097152" percent="0">
      <mem type="allocate" free="0" total="1703936" percent="0" />
      <mem type="survivor" free="0" total="393216" percent="0" />
    </mem>
    <mem type="tenure" free="3895936" total="6291456" percent="61">
      <mem type="soa" free="3581568" total="5977088" percent="59" />
      <mem type="loa" free="314368" total="314368" percent="100" />
    </mem>
    <remembered-set count="1159" />
  </mem-info>
</gc-start>
<allocation-stats totalBytes="1505320" >
  <allocated-bytes non-tlh="47760" tlh="1457560" />
  <largest-consumer threadName="main" threadId="00000000022F5700" bytes="1501224" />
</allocation-stats>
<gc-op id="283" type="scavenge" timems="0.706" contextid="280" timestamp="2019-07-02T20:42:23.897">
  <scavenger-info tenureage="3" tenuremask="ffe8" tiltratio="81" />
  <memory-copied type="nursery" objects="3752" bytes="155784" bytesdiscarded="39816" />
  <memory-copied type="tenure" objects="1639" bytes="61192" bytesdiscarded="8" />
  <finalization candidates="3" enqueued="0" />
  <references type="soft" candidates="128" cleared="0" enqueued="0" dynamicThreshold="32" maxThreshold="32" />
  <references type="weak" candidates="661" cleared="2" enqueued="2" />
  <references type="phantom" candidates="1" cleared="0" enqueued="0" />
</gc-op>
<gc-end id="284" type="scavenge" contextid="280" durationms="0.890" usertimems="4.000" systemtimems="0.000" timestamp="2019-07-02T20:42:23.897" activeThreads="4">
  <mem-info id="285" free="5325696" total="8388608" percent="63">
    <mem type="nursery" free="1508096" total="2097152" percent="71">
      <mem type="allocate" free="1508096" total="1703936" percent="88" />
      <mem type="survivor" free="0" total="393216" percent="0" />
    </mem>
    <mem type="tenure" free="3817600" total="6291456" percent="60">
      <mem type="soa" free="3503232" total="5977088" percent="58" />
      <mem type="loa" free="314368" total="314368" percent="100" />
    </mem>
    <pending-finalizers system="0" default="0" reference="2" classloader="0" />
    <remembered-set count="845" />
  </mem-info>
</gc-end>
<cycle-end id="286" type="scavenge" contextid="280" timestamp="2019-07-02T20:42:23.897">
  <attribute name="GC Util" value="3" />
  <attribute name="CPU Util" value="79" />
  <attribute name="Time Running"value="4996"/>
  <attribute name="Number of cores"value="4"/>
</cycle-end>
<allocation-satisfied id="287" threadId="00000000022F5700" bytesRequested="23280" />
<af-end id="288" timestamp="2019-07-02T20:42:23.897" threadId="00000000022F6088" success="true" from="nursery"/>
<exclusive-end id="289" timestamp="2019-07-02T20:42:23.897" durationms="1.350" />

<exclusive-start id="290" timestamp="2019-07-02T20:42:23.930" intervalms="34.457">
  <response-info timems="0.012" idlems="0.012" threads="0" lastid="00000000022F5700" lastname="main" />
</exclusive-start>
<af-start id="291" threadId="00000000022F6088" totalBytesRequested="15368" timestamp="2019-07-02T20:42:23.930" intervalms="34.453" type="nursery" />
<cycle-start id="292" type="scavenge" contextid="0" timestamp="2019-07-02T20:42:23.930" intervalms="34.455" />
  <attribute name="GC Util" value="3" />
  <attribute name="CPU Util" value="79" />
  <attribute name="Time Running"value="4996"/>
  <attribute name="Number of cores"value="4"/>
<gc-start id="293" type="scavenge" contextid="292" timestamp="2019-07-02T20:42:23.930">
  <mem-info id="294" free="3769760" total="8388608" percent="44">
    <mem type="nursery" free="0" total="2097152" percent="0">
      <mem type="allocate" free="0" total="1703936" percent="0" />
      <mem type="survivor" free="0" total="393216" percent="0" />
    </mem>
    <mem type="tenure" free="3769760" total="6291456" percent="59">
      <mem type="soa" free="3455392" total="5977088" percent="57" />
      <mem type="loa" free="314368" total="314368" percent="100" />
    </mem>
    <remembered-set count="1295" />
  </mem-info>
</gc-start>
<allocation-stats totalBytes="1532400" >
  <allocated-bytes non-tlh="71120" tlh="1461280" />
  <largest-consumer threadName="main" threadId="00000000022F5700" bytes="1532400" />
</allocation-stats>
<gc-op id="295" type="scavenge" timems="0.729" contextid="292" timestamp="2019-07-02T20:42:23.931">
  <scavenger-info tenureage="3" tenuremask="ffe8" tiltratio="81" />
  <memory-copied type="nursery" objects="3649" bytes="183088" bytesdiscarded="51592" />
  <memory-copied type="tenure" objects="1376" bytes="48368" bytesdiscarded="16" />
  <finalization candidates="3" enqueued="0" />
  <ownableSynchronizers candidates="1" cleared="0" />
  <references type="soft" candidates="81" cleared="0" enqueued="0" dynamicThreshold="32" maxThreshold="32" />
  <references type="weak" candidates="774" cleared="1" enqueued="1" />
  <references type="phantom" candidates="2" cleared="0" enqueued="0" />
</gc-op>
<gc-end id="296" type="scavenge" contextid="292" durationms="0.920" usertimems="4.000" systemtimems="0.000" timestamp="2019-07-02T20:42:23.931" activeThreads="4">
  <mem-info id="297" free="5234336" total="8388608" percent="62">
    <mem type="nursery" free="1534464" total="2097152" percent="73">
      <mem type="allocate" free="1534464" total="1769472" percent="86" />
      <mem type="survivor" free="0" total="327680" percent="0" />
    </mem>
    <mem type="tenure" free="3699872" total="6291456" percent="58">
      <mem type="soa" free="3385504" total="5977088" percent="56" />
      <mem type="loa" free="314368" total="314368" percent="100" />
    </mem>
    <pending-finalizers system="0" default="0" reference="1" classloader="0" />
    <remembered-set count="1065" />
  </mem-info>
</gc-end>
<cycle-end id="298" type="scavenge" contextid="292" timestamp="2019-07-02T20:42:23.931">
  <attribute name="GC Util" value="3" />
  <attribute name="CPU Util" value="535160680025" />
  <attribute name="Time Running"value="5031"/>
  <attribute name="Number of cores"value="4"/>
</cycle-end>
<allocation-satisfied id="299" threadId="00000000022F5700" bytesRequested="15368" />
<af-end id="300" timestamp="2019-07-02T20:42:23.932" threadId="00000000022F6088" success="true" from="nursery"/>
<exclusive-end id="301" timestamp="2019-07-02T20:42:23.932" durationms="1.341" />

<exclusive-start id="302" timestamp="2019-07-02T20:42:23.965" intervalms="35.060">
  <response-info timems="0.023" idlems="0.023" threads="0" lastid="00000000022F5700" lastname="main" />
</exclusive-start>
<af-start id="303" threadId="00000000022F6088" totalBytesRequested="5000" timestamp="2019-07-02T20:42:23.965" intervalms="35.119" type="nursery" />
<cycle-start id="304" type="scavenge" contextid="0" timestamp="2019-07-02T20:42:23.966" intervalms="35.187" />
  <attribute name="GC Util" value="3" />
  <attribute name="CPU Util" value="535160680025" />
  <attribute name="Time Running"value="5031"/>
  <attribute name="Number of cores"value="4"/>
<gc-start id="305" type="scavenge" contextid="304" timestamp="2019-07-02T20:42:23.966">
  <mem-info id="306" free="3649576" total="8388608" percent="43">
    <mem type="nursery" free="0" total="2097152" percent="0">
      <mem type="allocate" free="0" total="1769472" percent="0" />
      <mem type="survivor" free="0" total="327680" percent="0" />
    </mem>
    <mem type="tenure" free="3649576" total="6291456" percent="58">
      <mem type="soa" free="3335208" total="5977088" percent="55" />
      <mem type="loa" free="314368" total="314368" percent="100" />
    </mem>
    <remembered-set count="1899" />
  </mem-info>
</gc-start>
<allocation-stats totalBytes="1571416" >
  <allocated-bytes non-tlh="65664" tlh="1505752" />
  <largest-consumer threadName="main" threadId="00000000022F5700" bytes="1510288" />
</allocation-stats>
<gc-op id="307" type="scavenge" timems="1.020" contextid="304" timestamp="2019-07-02T20:42:23.967">
  <scavenger-info tenureage="3" tenuremask="ffe8" tiltratio="84" />
  <memory-copied type="nursery" objects="7833" bytes="326200" bytesdiscarded="312" />
  <memory-copied type="tenure" objects="1804" bytes="80968" bytesdiscarded="64" />
  <copy-failed type="nursery" objects="584" bytes="17784" />
  <finalization candidates="13" enqueued="0" />
  <ownableSynchronizers candidates="4" cleared="0" />
  <references type="soft" candidates="221" cleared="0" enqueued="0" dynamicThreshold="32" maxThreshold="32" />
  <references type="weak" candidates="1918" cleared="408" enqueued="274" />
  <references type="phantom" candidates="2" cleared="1" enqueued="1" />
</gc-op>
<gc-end id="308" type="scavenge" contextid="304" durationms="1.300" usertimems="4.000" systemtimems="0.000" timestamp="2019-07-02T20:42:23.967" activeThreads="4">
  <mem-info id="309" free="4790056" total="8388608" percent="57">
    <mem type="nursery" free="1179648" total="2097152" percent="56">
      <mem type="allocate" free="1179648" total="1507328" percent="78" />
      <mem type="survivor" free="0" total="589824" percent="0" />
    </mem>
    <mem type="tenure" free="3610408" total="6291456" percent="57">
      <mem type="soa" free="3296040" total="5977088" percent="55" />
      <mem type="loa" free="314368" total="314368" percent="100" />
    </mem>
    <pending-finalizers system="0" default="0" reference="275" classloader="0" />
    <remembered-set count="1589" />
  </mem-info>
</gc-end>
<cycle-end id="310" type="scavenge" contextid="304" timestamp="2019-07-02T20:42:23.967">
  <attribute name="GC Util" value="3" />
  <attribute name="CPU Util" value="62" />
  <attribute name="Time Running"value="5066"/>
  <attribute name="Number of cores"value="4"/>
</cycle-end>
<allocation-satisfied id="311" threadId="00000000022F5700" bytesRequested="5000" />
<af-end id="312" timestamp="2019-07-02T20:42:23.967" threadId="00000000022F6088" success="true" from="nursery"/>
<exclusive-end id="313" timestamp="2019-07-02T20:42:23.967" durationms="2.055" />

<exclusive-start id="314" timestamp="2019-07-02T20:42:23.991" intervalms="25.910">
  <response-info timems="0.022" idlems="0.022" threads="0" lastid="00000000022F5700" lastname="main" />
</exclusive-start>
<af-start id="315" threadId="00000000022F6088" totalBytesRequested="18504" timestamp="2019-07-02T20:42:23.991" intervalms="25.881" type="nursery" />
<cycle-start id="316" type="scavenge" contextid="0" timestamp="2019-07-02T20:42:23.991" intervalms="25.876" />
  <attribute name="GC Util" value="3" />
  <attribute name="CPU Util" value="62" />
  <attribute name="Time Running"value="5066"/>
  <attribute name="Number of cores"value="4"/>
<gc-start id="317" type="scavenge" contextid="316" timestamp="2019-07-02T20:42:23.992">
  <mem-info id="318" free="3594272" total="8388608" percent="42">
    <mem type="nursery" free="0" total="2097152" percent="0">
      <mem type="allocate" free="0" total="1507328" percent="0" />
      <mem type="survivor" free="0" total="589824" percent="0" />
    </mem>
    <mem type="tenure" free="3594272" total="6291456" percent="57">
      <mem type="soa" free="3279904" total="5977088" percent="54" />
      <mem type="loa" free="314368" total="314368" percent="100" />
    </mem>
    <remembered-set count="1887" />
  </mem-info>
</gc-start>
<allocation-stats totalBytes="1193472" >
  <allocated-bytes non-tlh="283288" tlh="910184" />
  <largest-consumer threadName="main" threadId="00000000022F5700" bytes="1181640" />
</allocation-stats>
<gc-op id="319" type="scavenge" timems="1.137" contextid="316" timestamp="2019-07-02T20:42:23.993">
  <scavenger-info tenureage="5" tenuremask="ffe0" tiltratio="71" />
  <memory-copied type="nursery" objects="6894" bytes="588200" bytesdiscarded="864" />
  <memory-copied type="tenure" objects="2689" bytes="119368" bytesdiscarded="8" />
  <copy-failed type="nursery" objects="2689" bytes="119456" />
  <finalization candidates="14" enqueued="0" />
  <ownableSynchronizers candidates="4" cleared="0" />
  <references type="soft" candidates="156" cleared="0" enqueued="0" dynamicThreshold="32" maxThreshold="32" />
  <references type="weak" candidates="1019" cleared="28" enqueued="19" />
  <references type="phantom" candidates="6" cleared="2" enqueued="2" />
</gc-op>
<gc-end id="320" type="scavenge" contextid="316" durationms="1.468" usertimems="4.000" systemtimems="0.000" timestamp="2019-07-02T20:42:23.993" activeThreads="4">
  <mem-info id="321" free="3974688" total="8388608" percent="47">
    <mem type="nursery" free="458752" total="2097152" percent="21">
      <mem type="allocate" free="458752" total="1048576" percent="43" />
      <mem type="survivor" free="0" total="1048576" percent="0" />
    </mem>
    <mem type="tenure" free="3515936" total="6291456" percent="55">
      <mem type="soa" free="3201568" total="5977088" percent="53" />
      <mem type="loa" free="314368" total="314368" percent="100" />
    </mem>
    <pending-finalizers system="0" default="0" reference="21" classloader="0" />
    <remembered-set count="2173" />
  </mem-info>
</gc-end>
<cycle-end id="322" type="scavenge" contextid="316" timestamp="2019-07-02T20:42:23.993">
  <attribute name="GC Util" value="6" />
  <attribute name="CPU Util" value="78" />
  <attribute name="Time Running"value="5092"/>
  <attribute name="Number of cores"value="4"/>
</cycle-end>
<allocation-satisfied id="323" threadId="00000000022F5700" bytesRequested="18504" />
<af-end id="324" timestamp="2019-07-02T20:42:23.993" threadId="00000000022F6088" success="true" from="nursery"/>
<exclusive-end id="325" timestamp="2019-07-02T20:42:23.994" durationms="2.310" />

<exclusive-start id="326" timestamp="2019-07-02T20:42:24.004" intervalms="13.221">
  <response-info timems="0.022" idlems="0.022" threads="0" lastid="00000000022F5700" lastname="main" />
</exclusive-start>
<af-start id="327" threadId="00000000022F6088" totalBytesRequested="200008" timestamp="2019-07-02T20:42:24.005" intervalms="13.246" type="nursery" />
<cycle-start id="328" type="scavenge" contextid="0" timestamp="2019-07-02T20:42:24.005" intervalms="13.249" />
  <attribute name="GC Util" value="6" />
  <attribute name="CPU Util" value="78" />
  <attribute name="Time Running"value="5092"/>
  <attribute name="Number of cores"value="4"/>
<gc-start id="329" type="scavenge" contextid="328" timestamp="2019-07-02T20:42:24.005">
  <mem-info id="330" free="3510952" total="8388608" percent="41">
    <mem type="nursery" free="0" total="2097152" percent="0">
      <mem type="allocate" free="0" total="1048576" percent="0" />
      <mem type="survivor" free="0" total="1048576" percent="0" />
    </mem>
    <mem type="tenure" free="3510952" total="6291456" percent="55">
      <mem type="soa" free="3196584" total="5977088" percent="53" />
      <mem type="loa" free="314368" total="314368" percent="100" />
    </mem>
    <remembered-set count="2262" />
  </mem-info>
</gc-start>
<allocation-stats totalBytes="450960" >
  <allocated-bytes non-tlh="23488" tlh="427472" />
  <largest-consumer threadName="main" threadId="00000000022F5700" bytes="442768" />
</allocation-stats>
<gc-op id="331" type="scavenge" timems="0.774" contextid="328" timestamp="2019-07-02T20:42:24.006">
  <scavenger-info tenureage="3" tenuremask="fff8" tiltratio="50" />
  <memory-copied type="nursery" objects="5640" bytes="536064" bytesdiscarded="82832" />
  <memory-copied type="tenure" objects="1186" bytes="45120" bytesdiscarded="0" />
  <finalization candidates="13" enqueued="0" />
  <ownableSynchronizers candidates="3" cleared="0" />
  <references type="soft" candidates="129" cleared="0" enqueued="0" dynamicThreshold="32" maxThreshold="32" />
  <references type="weak" candidates="834" cleared="11" enqueued="8" />
  <references type="phantom" candidates="7" cleared="1" enqueued="1" />
</gc-op>
<heap-resize id="332" type="expand" space="nursery" amount="131072" count="1" timems="0.207" reason="excessive time being spent scavenging" timestamp="2019-07-02T20:42:24.006" />
<gc-end id="333" type="scavenge" contextid="328" durationms="1.305" usertimems="0.000" systemtimems="0.000" timestamp="2019-07-02T20:42:24.006" activeThreads="4">
  <mem-info id="334" free="3935632" total="8519680" percent="46">
    <mem type="nursery" free="494568" total="2228224" percent="22">
      <mem type="allocate" free="494568" total="1114112" percent="44" />
      <mem type="survivor" free="0" total="1114112" percent="0" />
    </mem>
    <mem type="tenure" free="3441064" total="6291456" percent="54">
      <mem type="soa" free="3126696" total="5977088" percent="52" />
      <mem type="loa" free="314368" total="314368" percent="100" />
    </mem>
    <pending-finalizers system="0" default="0" reference="9" classloader="0" />
    <remembered-set count="1314" />
  </mem-info>
</gc-end>
<cycle-end id="335" type="scavenge" contextid="328" timestamp="2019-07-02T20:42:24.006">
  <attribute name="GC Util" value="14" />
  <attribute name="CPU Util" value="1407976006033" />
  <attribute name="Time Running"value="5105"/>
  <attribute name="Number of cores"value="4"/>
</cycle-end>
<allocation-satisfied id="336" threadId="00000000022F5700" bytesRequested="200008" />
<af-end id="337" timestamp="2019-07-02T20:42:24.006" threadId="00000000022F6088" success="true" from="nursery"/>
<exclusive-end id="338" timestamp="2019-07-02T20:42:24.007" durationms="2.042" />

<exclusive-start id="339" timestamp="2019-07-02T20:42:24.011" intervalms="6.911">
  <response-info timems="0.021" idlems="0.021" threads="0" lastid="00000000022F5700" lastname="main" />
</exclusive-start>
<af-start id="340" threadId="00000000022F6088" totalBytesRequested="3080" timestamp="2019-07-02T20:42:24.012" intervalms="6.908" type="nursery" />
<cycle-start id="341" type="scavenge" contextid="0" timestamp="2019-07-02T20:42:24.012" intervalms="6.903" />
  <attribute name="GC Util" value="14" />
  <attribute name="CPU Util" value="1407976006033" />
  <attribute name="Time Running"value="5105"/>
  <attribute name="Number of cores"value="4"/>
<gc-start id="342" type="scavenge" contextid="341" timestamp="2019-07-02T20:42:24.012">
  <mem-info id="343" free="3439832" total="8519680" percent="40">
    <mem type="nursery" free="0" total="2228224" percent="0">
      <mem type="allocate" free="0" total="1114112" percent="0" />
      <mem type="survivor" free="0" total="1114112" percent="0" />
    </mem>
    <mem type="tenure" free="3439832" total="6291456" percent="54">
      <mem type="soa" free="3125464" total="5977088" percent="52" />
      <mem type="loa" free="314368" total="314368" percent="100" />
    </mem>
    <remembered-set count="1336" />
  </mem-info>
</gc-start>
<allocation-stats totalBytes="470752" >
  <allocated-bytes non-tlh="234016" tlh="236736" />
  <largest-consumer threadName="main" threadId="00000000022F5700" bytes="462560" />
</allocation-stats>
<gc-op id="344" type="scavenge" timems="0.827" contextid="341" timestamp="2019-07-02T20:42:24.013">
  <scavenger-info tenureage="3" tenuremask="7008" tiltratio="50" />
  <memory-copied type="nursery" objects="1361" bytes="606232" bytesdiscarded="69848" />
  <memory-copied type="tenure" objects="4291" bytes="176728" bytesdiscarded="72" />
  <finalization candidates="13" enqueued="0" />
  <ownableSynchronizers candidates="2" cleared="0" />
  <references type="soft" candidates="96" cleared="0" enqueued="0" dynamicThreshold="32" maxThreshold="32" />
  <references type="weak" candidates="84" cleared="0" enqueued="0" />
  <references type="phantom" candidates="6" cleared="0" enqueued="0" />
</gc-op>
<gc-end id="345" type="scavenge" contextid="341" durationms="1.000" usertimems="0.000" systemtimems="0.000" timestamp="2019-07-02T20:42:24.013" activeThreads="4">
  <mem-info id="346" free="3786856" total="8519680" percent="44">
    <mem type="nursery" free="503448" total="2228224" percent="22">
      <mem type="allocate" free="503448" total="1179648" percent="42" />
      <mem type="survivor" free="0" total="1048576" percent="0" />
    </mem>
    <mem type="tenure" free="3283408" total="6291456" percent="52">
      <mem type="soa" free="2969040" total="5977088" percent="49" />
      <mem type="loa" free="314368" total="314368" percent="100" />
    </mem>
    <remembered-set count="359" />
  </mem-info>
</gc-end>
<cycle-end id="347" type="scavenge" contextid="341" timestamp="2019-07-02T20:42:24.013">
  <attribute name="GC Util" value="22" />
  <attribute name="CPU Util" value="2681148500275" />
  <attribute name="Time Running"value="5112"/>
  <attribute name="Number of cores"value="4"/>
</cycle-end>
<allocation-satisfied id="348" threadId="00000000022F5700" bytesRequested="3080" />
<af-end id="349" timestamp="2019-07-02T20:42:24.013" threadId="00000000022F6088" success="true" from="nursery"/>
<exclusive-end id="350" timestamp="2019-07-02T20:42:24.013" durationms="1.573" />

<exclusive-start id="351" timestamp="2019-07-02T20:42:24.020" intervalms="8.390">
  <response-info timems="0.009" idlems="0.009" threads="0" lastid="00000000022F5700" lastname="main" />
</exclusive-start>
<af-start id="352" threadId="00000000022F6088" totalBytesRequested="131080" timestamp="2019-07-02T20:42:24.020" intervalms="8.378" type="nursery" />
<cycle-start id="353" type="scavenge" contextid="0" timestamp="2019-07-02T20:42:24.020" intervalms="8.340" />
  <attribute name="GC Util" value="22" />
  <attribute name="CPU Util" value="2681148500275" />
  <attribute name="Time Running"value="5112"/>
  <attribute name="Number of cores"value="4"/>
<gc-start id="354" type="scavenge" contextid="353" timestamp="2019-07-02T20:42:24.020">
  <mem-info id="355" free="3345464" total="8519680" percent="39">
    <mem type="nursery" free="68648" total="2228224" percent="3">
      <mem type="allocate" free="68648" total="1179648" percent="5" />
      <mem type="survivor" free="0" total="1048576" percent="0" />
    </mem>
    <mem type="tenure" free="3276816" total="6291456" percent="52">
      <mem type="soa" free="2962448" total="5977088" percent="49" />
      <mem type="loa" free="314368" total="314368" percent="100" />
    </mem>
    <remembered-set count="430" />
  </mem-info>
</gc-start>
<allocation-stats totalBytes="437904" >
  <allocated-bytes non-tlh="268344" tlh="169560" />
  <largest-consumer threadName="main" threadId="00000000022F5700" bytes="437904" />
</allocation-stats>
<gc-op id="356" type="scavenge" timems="0.507" contextid="353" timestamp="2019-07-02T20:42:24.021">
  <scavenger-info tenureage="3" tenuremask="7808" tiltratio="52" />
  <memory-copied type="nursery" objects="323" bytes="413440" bytesdiscarded="28720" />
  <memory-copied type="tenure" objects="1089" bytes="311048" bytesdiscarded="32" />
  <finalization candidates="4" enqueued="0" />
  <references type="soft" candidates="9" cleared="0" enqueued="0" dynamicThreshold="32" maxThreshold="32" />
  <references type="weak" candidates="5" cleared="0" enqueued="0" />
  <references type="phantom" candidates="2" cleared="0" enqueued="0" />
</gc-op>
<gc-end id="357" type="scavenge" contextid="353" durationms="0.712" usertimems="0.000" systemtimems="0.000" timestamp="2019-07-02T20:42:24.021" activeThreads="4">
  <mem-info id="358" free="3778464" total="8519680" percent="44">
    <mem type="nursery" free="802968" total="2228224" percent="36">
      <mem type="allocate" free="802968" total="1245184" percent="64" />
      <mem type="survivor" free="0" total="983040" percent="0" />
    </mem>
    <mem type="tenure" free="2975496" total="6291456" percent="47">
      <mem type="soa" free="2661128" total="5977088" percent="44" />
      <mem type="loa" free="314368" total="314368" percent="100" />
    </mem>
    <remembered-set count="213" />
  </mem-info>
</gc-end>
<cycle-end id="359" type="scavenge" contextid="353" timestamp="2019-07-02T20:42:24.021">
  <attribute name="GC Util" value="15" />
  <attribute name="CPU Util" value="2206451735638" />
  <attribute name="Time Running"value="5120"/>
  <attribute name="Number of cores"value="4"/>
</cycle-end>
<allocation-satisfied id="360" threadId="00000000022F5700" bytesRequested="131080" />
<af-end id="361" timestamp="2019-07-02T20:42:24.021" threadId="00000000022F6088" success="true" from="nursery"/>
<exclusive-end id="362" timestamp="2019-07-02T20:42:24.021" durationms="1.254" />

<exclusive-start id="363" timestamp="2019-07-02T20:42:24.029" intervalms="8.969">
  <response-info timems="0.044" idlems="0.044" threads="0" lastid="00000000022F5700" lastname="main" />
</exclusive-start>
<af-start id="364" threadId="00000000022F6088" totalBytesRequested="261128" timestamp="2019-07-02T20:42:24.029" intervalms="8.913" type="nursery" />
<cycle-start id="365" type="scavenge" contextid="0" timestamp="2019-07-02T20:42:24.029" intervalms="8.918" />
  <attribute name="GC Util" value="15" />
  <attribute name="CPU Util" value="2206451735638" />
  <attribute name="Time Running"value="5120"/>
  <attribute name="Number of cores"value="4"/>
<gc-start id="366" type="scavenge" contextid="365" timestamp="2019-07-02T20:42:24.029">
  <mem-info id="367" free="3228800" total="8519680" percent="37">
    <mem type="nursery" free="260224" total="2228224" percent="11">
      <mem type="allocate" free="260224" total="1245184" percent="20" />
      <mem type="survivor" free="0" total="983040" percent="0" />
    </mem>
    <mem type="tenure" free="2968576" total="6291456" percent="47">
      <mem type="soa" free="2654208" total="5977088" percent="44" />
      <mem type="loa" free="314368" total="314368" percent="100" />
    </mem>
    <remembered-set count="368" />
  </mem-info>
</gc-start>
<allocation-stats totalBytes="540272" >
  <allocated-bytes non-tlh="332576" tlh="207696" />
  <largest-consumer threadName="main" threadId="00000000022F5700" bytes="540272" />
</allocation-stats>
<gc-op id="368" type="scavenge" timems="0.313" contextid="365" timestamp="2019-07-02T20:42:24.029">
  <scavenger-info tenureage="10" tenuremask="7c00" tiltratio="55" />
  <memory-copied type="nursery" objects="624" bytes="706288" bytesdiscarded="75280" />
  <references type="soft" candidates="9" cleared="0" enqueued="0" dynamicThreshold="32" maxThreshold="32" />
  <references type="weak" candidates="7" cleared="1" enqueued="1" />
  <references type="phantom" candidates="3" cleared="0" enqueued="0" />
</gc-op>
<gc-end id="369" type="scavenge" contextid="365" durationms="0.535" usertimems="0.000" systemtimems="0.000" timestamp="2019-07-02T20:42:24.030" activeThreads="4">
  <mem-info id="370" free="3301064" total="8519680" percent="38">
    <mem type="nursery" free="332488" total="2228224" percent="14">
      <mem type="allocate" free="332488" total="1114112" percent="29" />
      <mem type="survivor" free="0" total="1114112" percent="0" />
    </mem>
    <mem type="tenure" free="2968576" total="6291456" percent="47">
      <mem type="soa" free="2654208" total="5977088" percent="44" />
      <mem type="loa" free="314368" total="314368" percent="100" />
    </mem>
    <pending-finalizers system="0" default="0" reference="1" classloader="0" />
    <remembered-set count="355" />
  </mem-info>
</gc-end>
<cycle-end id="371" type="scavenge" contextid="365" timestamp="2019-07-02T20:42:24.030">
  <attribute name="GC Util" value="9" />
  <attribute name="CPU Util" value="2074233336574" />
  <attribute name="Time Running"value="5129"/>
  <attribute name="Number of cores"value="4"/>
</cycle-end>
<allocation-satisfied id="372" threadId="00000000022F5700" bytesRequested="261128" />
<af-end id="373" timestamp="2019-07-02T20:42:24.030" threadId="00000000022F6088" success="true" from="tenure-soa"/>
<exclusive-end id="374" timestamp="2019-07-02T20:42:24.030" durationms="1.238" />

<exclusive-start id="375" timestamp="2019-07-02T20:42:24.031" intervalms="2.260">
  <response-info timems="0.061" idlems="0.061" threads="0" lastid="00000000022F5700" lastname="main" />
</exclusive-start>
<af-start id="376" threadId="00000000022F6088" totalBytesRequested="262168" timestamp="2019-07-02T20:42:24.031" intervalms="2.289" type="nursery" />
<cycle-start id="377" type="scavenge" contextid="0" timestamp="2019-07-02T20:42:24.031" intervalms="2.281" />
  <attribute name="GC Util" value="9" />
  <attribute name="CPU Util" value="2074233336574" />
  <attribute name="Time Running"value="5129"/>
  <attribute name="Number of cores"value="4"/>
<gc-start id="378" type="scavenge" contextid="377" timestamp="2019-07-02T20:42:24.031">
  <mem-info id="379" free="3039936" total="8519680" percent="35">
    <mem type="nursery" free="332488" total="2228224" percent="14">
      <mem type="allocate" free="332488" total="1114112" percent="29" />
      <mem type="survivor" free="0" total="1114112" percent="0" />
    </mem>
    <mem type="tenure" free="2707448" total="6291456" percent="43">
      <mem type="soa" free="2393080" total="5977088" percent="40" />
      <mem type="loa" free="314368" total="314368" percent="100" />
    </mem>
    <remembered-set count="355" />
  </mem-info>
</gc-start>
<allocation-stats totalBytes="261128" >
  <allocated-bytes non-tlh="261128" tlh="0" />
  <largest-consumer threadName="main" threadId="00000000022F5700" bytes="261128" />
</allocation-stats>
<gc-op id="380" type="scavenge" timems="0.329" contextid="377" timestamp="2019-07-02T20:42:24.032">
  <scavenger-info tenureage="2" tenuremask="7e0c" tiltratio="50" />
  <memory-copied type="nursery" objects="531" bytes="183120" bytesdiscarded="26240" />
  <memory-copied type="tenure" objects="90" bytes="393056" bytesdiscarded="0" />
  <references type="soft" candidates="9" cleared="0" enqueued="0" dynamicThreshold="32" maxThreshold="32" />
  <references type="weak" candidates="6" cleared="0" enqueued="0" />
  <references type="phantom" candidates="3" cleared="0" enqueued="0" />
</gc-op>
<gc-end id="381" type="scavenge" contextid="377" durationms="0.524" usertimems="0.000" systemtimems="0.000" timestamp="2019-07-02T20:42:24.032" activeThreads="4">
  <mem-info id="382" free="3297424" total="8519680" percent="38">
    <mem type="nursery" free="970232" total="2228224" percent="43">
      <mem type="allocate" free="970232" total="1179648" percent="82" />
      <mem type="survivor" free="0" total="1048576" percent="0" />
    </mem>
    <mem type="tenure" free="2327192" total="6291456" percent="36">
      <mem type="soa" free="2012824" total="5977088" percent="33" />
      <mem type="loa" free="314368" total="314368" percent="100" />
    </mem>
    <remembered-set count="300" />
  </mem-info>
</gc-end>
<cycle-end id="383" type="scavenge" contextid="377" timestamp="2019-07-02T20:42:24.032">
  <attribute name="GC Util" value="26" />
  <attribute name="CPU Util" value="8323422757921" />
  <attribute name="Time Running"value="5131"/>
  <attribute name="Number of cores"value="4"/>
</cycle-end>
<allocation-satisfied id="384" threadId="00000000022F5700" bytesRequested="262168" />
<af-end id="385" timestamp="2019-07-02T20:42:24.032" threadId="00000000022F6088" success="true" from="nursery"/>
<exclusive-end id="386" timestamp="2019-07-02T20:42:24.032" durationms="1.017" />

<exclusive-start id="387" timestamp="2019-07-02T20:42:24.052" intervalms="21.287">
  <response-info timems="0.008" idlems="0.008" threads="0" lastid="00000000022F5700" lastname="main" />
</exclusive-start>
<af-start id="388" threadId="00000000022F6088" totalBytesRequested="3080" timestamp="2019-07-02T20:42:24.052" intervalms="21.328" type="nursery" />
<cycle-start id="389" type="scavenge" contextid="0" timestamp="2019-07-02T20:42:24.053" intervalms="21.373" />
  <attribute name="GC Util" value="26" />
  <attribute name="CPU Util" value="8323422757921" />
  <attribute name="Time Running"value="5131"/>
  <attribute name="Number of cores"value="4"/>
<gc-start id="390" type="scavenge" contextid="389" timestamp="2019-07-02T20:42:24.053">
  <mem-info id="391" free="2321904" total="8519680" percent="27">
    <mem type="nursery" free="0" total="2228224" percent="0">
      <mem type="allocate" free="0" total="1179648" percent="0" />
      <mem type="survivor" free="0" total="1048576" percent="0" />
    </mem>
    <mem type="tenure" free="2321904" total="6291456" percent="36">
      <mem type="soa" free="2007536" total="5977088" percent="33" />
      <mem type="loa" free="314368" total="314368" percent="100" />
    </mem>
    <remembered-set count="366" />
  </mem-info>
</gc-start>
<allocation-stats totalBytes="941904" >
  <allocated-bytes non-tlh="278272" tlh="663632" />
  <largest-consumer threadName="main" threadId="00000000022F5700" bytes="941904" />
</allocation-stats>
<gc-op id="392" type="scavenge" timems="0.260" contextid="389" timestamp="2019-07-02T20:42:24.053">
  <scavenger-info tenureage="9" tenuremask="7e00" tiltratio="52" />
  <memory-copied type="nursery" objects="574" bytes="184024" bytesdiscarded="56056" />
  <references type="soft" candidates="9" cleared="0" enqueued="0" dynamicThreshold="32" maxThreshold="32" />
  <references type="weak" candidates="6" cleared="0" enqueued="0" />
  <references type="phantom" candidates="3" cleared="0" enqueued="0" />
</gc-op>
<gc-end id="393" type="scavenge" contextid="389" durationms="0.429" usertimems="4.000" systemtimems="0.000" timestamp="2019-07-02T20:42:24.053" activeThreads="4">
  <mem-info id="394" free="3458024" total="8519680" percent="40">
    <mem type="nursery" free="1136120" total="2228224" percent="50">
      <mem type="allocate" free="1136120" total="1376256" percent="82" />
      <mem type="survivor" free="0" total="851968" percent="0" />
    </mem>
    <mem type="tenure" free="2321904" total="6291456" percent="36">
      <mem type="soa" free="2007536" total="5977088" percent="33" />
      <mem type="loa" free="314368" total="314368" percent="100" />
    </mem>
    <remembered-set count="218" />
  </mem-info>
</gc-end>
<cycle-end id="395" type="scavenge" contextid="389" timestamp="2019-07-02T20:42:24.053">
  <attribute name="GC Util" value="3" />
  <attribute name="CPU Util" value="859711598203" />
  <attribute name="Time Running"value="5153"/>
  <attribute name="Number of cores"value="4"/>
</cycle-end>
<allocation-satisfied id="396" threadId="00000000022F5700" bytesRequested="3080" />
<af-end id="397" timestamp="2019-07-02T20:42:24.053" threadId="00000000022F6088" success="true" from="nursery"/>
<exclusive-end id="398" timestamp="2019-07-02T20:42:24.053" durationms="1.084" />

<exclusive-start id="399" timestamp="2019-07-02T20:42:24.097" intervalms="44.397">
  <response-info timems="0.010" idlems="0.010" threads="0" lastid="00000000022F5700" lastname="main" />
</exclusive-start>
<af-start id="400" threadId="00000000022F6088" totalBytesRequested="6864" timestamp="2019-07-02T20:42:24.097" intervalms="44.435" type="nursery" />
<cycle-start id="401" type="scavenge" contextid="0" timestamp="2019-07-02T20:42:24.097" intervalms="44.466" />
  <attribute name="GC Util" value="3" />
  <attribute name="CPU Util" value="859711598203" />
  <attribute name="Time Running"value="5153"/>
  <attribute name="Number of cores"value="4"/>
<gc-start id="402" type="scavenge" contextid="401" timestamp="2019-07-02T20:42:24.097">
  <mem-info id="403" free="2303496" total="8519680" percent="27">
    <mem type="nursery" free="0" total="2228224" percent="0">
      <mem type="allocate" free="0" total="1376256" percent="0" />
      <mem type="survivor" free="0" total="851968" percent="0" />
    </mem>
    <mem type="tenure" free="2303496" total="6291456" percent="36">
      <mem type="soa" free="1989128" total="5977088" percent="33" />
      <mem type="loa" free="314368" total="314368" percent="100" />
    </mem>
    <remembered-set count="551" />
  </mem-info>
</gc-start>
<allocation-stats totalBytes="1143592" >
  <allocated-bytes non-tlh="21488" tlh="1122104" />
  <largest-consumer threadName="main" threadId="00000000022F5700" bytes="1143592" />
</allocation-stats>
<gc-op id="404" type="scavenge" timems="0.673" contextid="401" timestamp="2019-07-02T20:42:24.098">
  <scavenger-info tenureage="6" tenuremask="7e40" tiltratio="61" />
  <memory-copied type="nursery" objects="5999" bytes="416216" bytesdiscarded="101736" />
  <memory-copied type="tenure" objects="223" bytes="19776" bytesdiscarded="448" />
  <references type="weak" candidates="7" cleared="2" enqueued="2" />
  <references type="phantom" candidates="1" cleared="0" enqueued="0" />
</gc-op>
<gc-end id="405" type="scavenge" contextid="401" durationms="0.898" usertimems="0.000" systemtimems="0.000" timestamp="2019-07-02T20:42:24.098" activeThreads="4">
  <mem-info id="406" free="3091880" total="8519680" percent="36">
    <mem type="nursery" free="858272" total="2228224" percent="38">
      <mem type="allocate" free="858272" total="1376256" percent="62" />
      <mem type="survivor" free="0" total="851968" percent="0" />
    </mem>
    <mem type="tenure" free="2233608" total="6291456" percent="35">
      <mem type="soa" free="1919240" total="5977088" percent="32" />
      <mem type="loa" free="314368" total="314368" percent="100" />
    </mem>
    <pending-finalizers system="0" default="0" reference="2" classloader="0" />
    <remembered-set count="483" />
  </mem-info>
</gc-end>
<cycle-end id="407" type="scavenge" contextid="401" timestamp="2019-07-02T20:42:24.098">
  <attribute name="GC Util" value="1" />
  <attribute name="CPU Util" value="6" />
  <attribute name="Time Running"value="5197"/>
  <attribute name="Number of cores"value="4"/>
</cycle-end>
<allocation-satisfied id="408" threadId="00000000022F5700" bytesRequested="6864" />
<af-end id="409" timestamp="2019-07-02T20:42:24.098" threadId="00000000022F6088" success="true" from="nursery"/>
<exclusive-end id="410" timestamp="2019-07-02T20:42:24.098" durationms="1.660" />

<exclusive-start id="411" timestamp="2019-07-02T20:42:24.119" intervalms="22.437">
  <response-info timems="0.046" idlems="0.046" threads="0" lastid="00000000022F5700" lastname="main" />
</exclusive-start>
<af-start id="412" threadId="00000000022F6088" totalBytesRequested="7776" timestamp="2019-07-02T20:42:24.119" intervalms="22.343" type="nursery" />
<cycle-start id="413" type="scavenge" contextid="0" timestamp="2019-07-02T20:42:24.119" intervalms="22.245" />
  <attribute name="GC Util" value="1" />
  <attribute name="CPU Util" value="6" />
  <attribute name="Time Running"value="5197"/>
  <attribute name="Number of cores"value="4"/>
<gc-start id="414" type="scavenge" contextid="413" timestamp="2019-07-02T20:42:24.119">
  <mem-info id="415" free="2212768" total="8519680" percent="25">
    <mem type="nursery" free="0" total="2228224" percent="0">
      <mem type="allocate" free="0" total="1376256" percent="0" />
      <mem type="survivor" free="0" total="851968" percent="0" />
    </mem>
    <mem type="tenure" free="2212768" total="6291456" percent="35">
      <mem type="soa" free="1898400" total="5977088" percent="31" />
      <mem type="loa" free="314368" total="314368" percent="100" />
    </mem>
    <remembered-set count="784" />
  </mem-info>
</gc-start>
<allocation-stats totalBytes="871312" >
  <allocated-bytes non-tlh="27704" tlh="843608" />
  <largest-consumer threadName="main" threadId="00000000022F5700" bytes="871312" />
</allocation-stats>
<gc-op id="416" type="scavenge" timems="0.538" contextid="413" timestamp="2019-07-02T20:42:24.120">
  <scavenger-info tenureage="8" tenuremask="7f00" tiltratio="61" />
  <memory-copied type="nursery" objects="6225" bytes="433816" bytesdiscarded="76032" />
  <references type="soft" candidates="54" cleared="0" enqueued="0" dynamicThreshold="32" maxThreshold="32" />
  <references type="weak" candidates="105" cleared="0" enqueued="0" />
  <references type="phantom" candidates="1" cleared="0" enqueued="0" />
</gc-op>
<gc-end id="417" type="scavenge" contextid="413" durationms="0.708" usertimems="0.000" systemtimems="0.000" timestamp="2019-07-02T20:42:24.120" activeThreads="4">
  <mem-info id="418" free="3144592" total="8519680" percent="36">
    <mem type="nursery" free="931824" total="2228224" percent="41">
      <mem type="allocate" free="931824" total="1441792" percent="64" />
      <mem type="survivor" free="0" total="786432" percent="0" />
    </mem>
    <mem type="tenure" free="2212768" total="6291456" percent="35">
      <mem type="soa" free="1898400" total="5977088" percent="31" />
      <mem type="loa" free="314368" total="314368" percent="100" />
    </mem>
    <remembered-set count="727" />
  </mem-info>
</gc-end>
<cycle-end id="419" type="scavenge" contextid="413" timestamp="2019-07-02T20:42:24.120">
  <attribute name="GC Util" value="5" />
  <attribute name="CPU Util" value="831318097121" />
  <attribute name="Time Running"value="5220"/>
  <attribute name="Number of cores"value="4"/>
</cycle-end>
<allocation-satisfied id="420" threadId="00000000022F5700" bytesRequested="7776" />
<af-end id="421" timestamp="2019-07-02T20:42:24.120" threadId="00000000022F6088" success="true" from="nursery"/>
<exclusive-end id="422" timestamp="2019-07-02T20:42:24.120" durationms="1.113" />

<exclusive-start id="423" timestamp="2019-07-02T20:42:24.140" intervalms="21.205">
  <response-info timems="0.020" idlems="0.020" threads="0" lastid="00000000022F5700" lastname="main" />
</exclusive-start>
<af-start id="424" threadId="00000000022F6088" totalBytesRequested="15368" timestamp="2019-07-02T20:42:24.140" intervalms="21.199" type="nursery" />
<cycle-start id="425" type="scavenge" contextid="0" timestamp="2019-07-02T20:42:24.140" intervalms="21.202" />
  <attribute name="GC Util" value="5" />
  <attribute name="CPU Util" value="831318097121" />
  <attribute name="Time Running"value="5220"/>
  <attribute name="Number of cores"value="4"/>
<gc-start id="426" type="scavenge" contextid="425" timestamp="2019-07-02T20:42:24.141">
  <mem-info id="427" free="2196200" total="8519680" percent="25">
    <mem type="nursery" free="0" total="2228224" percent="0">
      <mem type="allocate" free="0" total="1441792" percent="0" />
      <mem type="survivor" free="0" total="786432" percent="0" />
    </mem>
    <mem type="tenure" free="2196200" total="6291456" percent="34">
      <mem type="soa" free="1881832" total="5977088" percent="31" />
      <mem type="loa" free="314368" total="314368" percent="100" />
    </mem>
    <remembered-set count="934" />
  </mem-info>
</gc-start>
<allocation-stats totalBytes="933696" >
  <allocated-bytes non-tlh="24344" tlh="909352" />
  <largest-consumer threadName="main" threadId="00000000022F5700" bytes="933696" />
</allocation-stats>
<gc-op id="428" type="scavenge" timems="0.638" contextid="425" timestamp="2019-07-02T20:42:24.141">
  <scavenger-info tenureage="5" tenuremask="7fa0" tiltratio="64" />
  <memory-copied type="nursery" objects="6289" bytes="311968" bytesdiscarded="136632" />
  <memory-copied type="tenure" objects="280" bytes="149280" bytesdiscarded="40" />
  <references type="soft" candidates="54" cleared="0" enqueued="0" dynamicThreshold="32" maxThreshold="32" />
  <references type="weak" candidates="201" cleared="0" enqueued="0" />
  <references type="phantom" candidates="1" cleared="0" enqueued="0" />
</gc-op>
<gc-end id="429" type="scavenge" contextid="425" durationms="0.831" usertimems="4.000" systemtimems="0.000" timestamp="2019-07-02T20:42:24.141" activeThreads="4">
  <mem-info id="430" free="2992344" total="8519680" percent="35">
    <mem type="nursery" free="1058552" total="2228224" percent="47">
      <mem type="allocate" free="1058552" total="1507328" percent="70" />
      <mem type="survivor" free="0" total="720896" percent="0" />
    </mem>
    <mem type="tenure" free="1933792" total="6291456" percent="30">
      <mem type="soa" free="1619424" total="5977088" percent="27" />
      <mem type="loa" free="314368" total="314368" percent="100" />
    </mem>
    <remembered-set count="609" />
  </mem-info>
</gc-end>
<cycle-end id="431" type="scavenge" contextid="425" timestamp="2019-07-02T20:42:24.141">
  <attribute name="GC Util" value="5" />
  <attribute name="CPU Util" value="869027657847" />
  <attribute name="Time Running"value="5241"/>
  <attribute name="Number of cores"value="4"/>
</cycle-end>
<allocation-satisfied id="432" threadId="00000000022F5700" bytesRequested="15368" />
<af-end id="433" timestamp="2019-07-02T20:42:24.142" threadId="00000000022F6088" success="true" from="nursery"/>
<exclusive-end id="434" timestamp="2019-07-02T20:42:24.142" durationms="1.249" />

<exclusive-start id="435" timestamp="2019-07-02T20:42:24.163" intervalms="22.717">
  <response-info timems="0.010" idlems="0.010" threads="0" lastid="00000000022F5700" lastname="main" />
</exclusive-start>
<af-start id="436" threadId="00000000022F6088" totalBytesRequested="23280" timestamp="2019-07-02T20:42:24.163" intervalms="22.717" type="nursery" />
<cycle-start id="437" type="scavenge" contextid="0" timestamp="2019-07-02T20:42:24.163" intervalms="22.714" />
  <attribute name="GC Util" value="5" />
  <attribute name="CPU Util" value="869027657847" />
  <attribute name="Time Running"value="5241"/>
  <attribute name="Number of cores"value="4"/>
<gc-start id="438" type="scavenge" contextid="437" timestamp="2019-07-02T20:42:24.163">
  <mem-info id="439" free="1915128" total="8519680" percent="22">
    <mem type="nursery" free="0" total="2228224" percent="0">
      <mem type="allocate" free="0" total="1507328" percent="0" />
      <mem type="survivor" free="0" total="720896" percent="0" />
    </mem>
    <mem type="tenure" free="1915128" total="6291456" percent="30">
      <mem type="soa" free="1600760" total="5977088" percent="26" />
      <mem type="loa" free="314368" total="314368" percent="100" />
    </mem>
    <remembered-set count="841" />
  </mem-info>
</gc-start>
<allocation-stats totalBytes="1064192" >
  <allocated-bytes non-tlh="34032" tlh="1030160" />
  <largest-consumer threadName="main" threadId="00000000022F5700" bytes="1064192" />
</allocation-stats>
<gc-op id="440" type="scavenge" timems="0.745" contextid="437" timestamp="2019-07-02T20:42:24.164">
  <scavenger-info tenureage="3" tenuremask="7f88" tiltratio="67" />
  <memory-copied type="nursery" objects="2016" bytes="118816" bytesdiscarded="114416" />
  <memory-copied type="tenure" objects="4998" bytes="226824" bytesdiscarded="16" />
  <references type="soft" candidates="54" cleared="0" enqueued="0" dynamicThreshold="32" maxThreshold="32" />
  <references type="weak" candidates="383" cleared="0" enqueued="0" />
  <references type="phantom" candidates="1" cleared="0" enqueued="0" />
</gc-op>
<gc-end id="441" type="scavenge" contextid="437" durationms="0.932" usertimems="0.000" systemtimems="0.000" timestamp="2019-07-02T20:42:24.164" activeThreads="4">
  <mem-info id="442" free="2998936" total="8519680" percent="35">
    <mem type="nursery" free="1339384" total="2228224" percent="60">
      <mem type="allocate" free="1339384" total="1572864" percent="85" />
      <mem type="survivor" free="0" total="655360" percent="0" />
    </mem>
    <mem type="tenure" free="1659552" total="6291456" percent="26">
      <mem type="soa" free="1345184" total="5977088" percent="22" />
      <mem type="loa" free="314368" total="314368" percent="100" />
    </mem>
    <remembered-set count="605" />
  </mem-info>
</gc-end>
<cycle-end id="443" type="scavenge" contextid="437" timestamp="2019-07-02T20:42:24.164">
  <attribute name="GC Util" value="5" />
  <attribute name="CPU Util" value="812766845324" />
  <attribute name="Time Running"value="5264"/>
  <attribute name="Number of cores"value="4"/>
</cycle-end>
<allocation-satisfied id="444" threadId="00000000022F5700" bytesRequested="23280" />
<af-end id="445" timestamp="2019-07-02T20:42:24.164" threadId="00000000022F6088" success="true" from="nursery"/>
<exclusive-end id="446" timestamp="2019-07-02T20:42:24.164" durationms="1.345" />

<exclusive-start id="447" timestamp="2019-07-02T20:42:24.189" intervalms="26.387">
  <response-info timems="0.022" idlems="0.022" threads="0" lastid="00000000022F5700" lastname="main" />
</exclusive-start>
<af-start id="448" threadId="00000000022F6088" totalBytesRequested="40" timestamp="2019-07-02T20:42:24.190" intervalms="26.489" type="nursery" />
<cycle-start id="449" type="scavenge" contextid="0" timestamp="2019-07-02T20:42:24.190" intervalms="26.576" />
  <attribute name="GC Util" value="5" />
  <attribute name="CPU Util" value="812766845324" />
  <attribute name="Time Running"value="5264"/>
  <attribute name="Number of cores"value="4"/>
<gc-start id="450" type="scavenge" contextid="449" timestamp="2019-07-02T20:42:24.190">
  <mem-info id="451" free="1643440" total="8519680" percent="19">
    <mem type="nursery" free="0" total="2228224" percent="0">
      <mem type="allocate" free="0" total="1572864" percent="0" />
      <mem type="survivor" free="0" total="655360" percent="0" />
    </mem>
    <mem type="tenure" free="1643440" total="6291456" percent="26">
      <mem type="soa" free="1329072" total="5977088" percent="22" />
      <mem type="loa" free="314368" total="314368" percent="100" />
    </mem>
    <remembered-set count="866" />
  </mem-info>
</gc-start>
<allocation-stats totalBytes="1353816" >
  <allocated-bytes non-tlh="39392" tlh="1314424" />
  <largest-consumer threadName="main" threadId="00000000022F5700" bytes="1353816" />
</allocation-stats>
<gc-op id="452" type="scavenge" timems="0.537" contextid="449" timestamp="2019-07-02T20:42:24.191">
  <scavenger-info tenureage="3" tenuremask="7f08" tiltratio="70" />
  <memory-copied type="nursery" objects="2366" bytes="83400" bytesdiscarded="33856" />
  <memory-copied type="tenure" objects="875" bytes="40232" bytesdiscarded="0" />
  <references type="weak" candidates="454" cleared="0" enqueued="0" />
</gc-op>
<gc-end id="453" type="scavenge" contextid="449" durationms="0.969" usertimems="0.000" systemtimems="0.000" timestamp="2019-07-02T20:42:24.191" activeThreads="4">
  <mem-info id="454" free="3190704" total="8519680" percent="37">
    <mem type="nursery" free="1586432" total="2228224" percent="71">
      <mem type="allocate" free="1586432" total="1703936" percent="93" />
      <mem type="survivor" free="0" total="524288" percent="0" />
    </mem>
    <mem type="tenure" free="1604272" total="6291456" percent="25">
      <mem type="soa" free="1289904" total="5977088" percent="21" />
      <mem type="loa" free="314368" total="314368" percent="100" />
    </mem>
    <remembered-set count="653" />
  </mem-info>
</gc-end>
<cycle-end id="455" type="scavenge" contextid="449" timestamp="2019-07-02T20:42:24.191">
  <attribute name="GC Util" value="5" />
  <attribute name="CPU Util" value="687151521321" />
  <attribute name="Time Running"value="5290"/>
  <attribute name="Number of cores"value="4"/>
</cycle-end>
<allocation-satisfied id="456" threadId="00000000022F5700" bytesRequested="40" />
<af-end id="457" timestamp="2019-07-02T20:42:24.191" threadId="00000000022F6088" success="true" from="nursery"/>
<exclusive-end id="458" timestamp="2019-07-02T20:42:24.191" durationms="1.777" />

<exclusive-start id="459" timestamp="2019-07-02T20:42:24.225" intervalms="35.308">
  <response-info timems="0.010" idlems="0.010" threads="0" lastid="00000000022F5700" lastname="main" />
</exclusive-start>
<af-start id="460" threadId="00000000022F6088" totalBytesRequested="48" timestamp="2019-07-02T20:42:24.225" intervalms="35.217" type="nursery" />
<cycle-start id="461" type="scavenge" contextid="0" timestamp="2019-07-02T20:42:24.225" intervalms="35.132" />
  <attribute name="GC Util" value="5" />
  <attribute name="CPU Util" value="687151521321" />
  <attribute name="Time Running"value="5290"/>
  <attribute name="Number of cores"value="4"/>
<gc-start id="462" type="scavenge" contextid="461" timestamp="2019-07-02T20:42:24.225">
  <mem-info id="463" free="1580056" total="8519680" percent="18">
    <mem type="nursery" free="0" total="2228224" percent="0">
      <mem type="allocate" free="0" total="1703936" percent="0" />
      <mem type="survivor" free="0" total="524288" percent="0" />
    </mem>
    <mem type="tenure" free="1580056" total="6291456" percent="25">
      <mem type="soa" free="1265688" total="5977088" percent="21" />
      <mem type="loa" free="314368" total="314368" percent="100" />
    </mem>
    <remembered-set count="1003" />
  </mem-info>
</gc-start>
<allocation-stats totalBytes="1609176" >
  <allocated-bytes non-tlh="24256" tlh="1584920" />
  <largest-consumer threadName="main" threadId="00000000022F5700" bytes="1609176" />
</allocation-stats>
<gc-op id="464" type="scavenge" timems="0.549" contextid="461" timestamp="2019-07-02T20:42:24.226">
  <scavenger-info tenureage="9" tenuremask="7e00" tiltratio="76" />
  <memory-copied type="nursery" objects="3628" bytes="126280" bytesdiscarded="69208" />
  <references type="weak" candidates="644" cleared="0" enqueued="0" />
</gc-op>
<gc-end id="465" type="scavenge" contextid="461" durationms="0.724" usertimems="0.000" systemtimems="0.000" timestamp="2019-07-02T20:42:24.226" activeThreads="4">
  <mem-info id="466" free="3153688" total="8519680" percent="37">
    <mem type="nursery" free="1573632" total="2228224" percent="70">
      <mem type="allocate" free="1573632" total="1769472" percent="88" />
      <mem type="survivor" free="0" total="458752" percent="0" />
    </mem>
    <mem type="tenure" free="1580056" total="6291456" percent="25">
      <mem type="soa" free="1265688" total="5977088" percent="21" />
      <mem type="loa" free="314368" total="314368" percent="100" />
    </mem>
    <remembered-set count="790" />
  </mem-info>
</gc-end>
<cycle-end id="467" type="scavenge" contextid="461" timestamp="2019-07-02T20:42:24.226">
  <attribute name="GC Util" value="2" />
  <attribute name="CPU Util" value="529027213414" />
  <attribute name="Time Running"value="5325"/>
  <attribute name="Number of cores"value="4"/>
</cycle-end>
<allocation-satisfied id="468" threadId="00000000022F5700" bytesRequested="48" />
<af-end id="469" timestamp="2019-07-02T20:42:24.226" threadId="00000000022F6088" success="true" from="nursery"/>
<exclusive-end id="470" timestamp="2019-07-02T20:42:24.226" durationms="1.144" />

<exclusive-start id="471" timestamp="2019-07-02T20:42:24.244" intervalms="19.396">
  <response-info timems="0.100" idlems="0.100" threads="0" lastid="00000000022F5700" lastname="main" />
</exclusive-start>
<af-start id="472" threadId="00000000022F6088" totalBytesRequested="24" timestamp="2019-07-02T20:42:24.244" intervalms="19.490" type="nursery" />
<cycle-start id="473" type="scavenge" contextid="0" timestamp="2019-07-02T20:42:24.244" intervalms="19.584" />
  <attribute name="GC Util" value="2" />
  <attribute name="CPU Util" value="529027213414" />
  <attribute name="Time Running"value="5325"/>
  <attribute name="Number of cores"value="4"/>
<gc-start id="474" type="scavenge" contextid="473" timestamp="2019-07-02T20:42:24.245">
  <mem-info id="475" free="1574088" total="8519680" percent="18">
    <mem type="nursery" free="0" total="2228224" percent="0">
      <mem type="allocate" free="0" total="1769472" percent="0" />
      <mem type="survivor" free="0" total="458752" percent="0" />
    </mem>
    <mem type="tenure" free="1574088" total="6291456" percent="25">
      <mem type="soa" free="1259720" total="5977088" percent="21" />
      <mem type="loa" free="314368" total="314368" percent="100" />
    </mem>
    <remembered-set count="1044" />
  </mem-info>
</gc-start>
<allocation-stats totalBytes="1578840" >
  <allocated-bytes non-tlh="6016" tlh="1572824" />
  <largest-consumer threadName="main" threadId="00000000022F5700" bytes="1578840" />
</allocation-stats>
<gc-op id="476" type="scavenge" timems="0.681" contextid="473" timestamp="2019-07-02T20:42:24.246">
  <scavenger-info tenureage="10" tenuremask="7c00" tiltratio="79" />
  <memory-copied type="nursery" objects="5765" bytes="202944" bytesdiscarded="31760" />
  <references type="weak" candidates="686" cleared="0" enqueued="0" />
</gc-op>
<gc-end id="477" type="scavenge" contextid="473" durationms="1.101" usertimems="0.000" systemtimems="0.000" timestamp="2019-07-02T20:42:24.246" activeThreads="4">
  <mem-info id="478" free="3108552" total="8519680" percent="36">
    <mem type="nursery" free="1534464" total="2228224" percent="68">
      <mem type="allocate" free="1534464" total="1769472" percent="86" />
      <mem type="survivor" free="0" total="458752" percent="0" />
    </mem>
    <mem type="tenure" free="1574088" total="6291456" percent="25">
      <mem type="soa" free="1259720" total="5977088" percent="21" />
      <mem type="loa" free="314368" total="314368" percent="100" />
    </mem>
    <remembered-set count="865" />
  </mem-info>
</gc-end>
<cycle-end id="479" type="scavenge" contextid="473" timestamp="2019-07-02T20:42:24.246">
  <attribute name="GC Util" value="4" />
  <attribute name="CPU Util" value="929466958711" />
  <attribute name="Time Running"value="5345"/>
  <attribute name="Number of cores"value="4"/>
</cycle-end>
<allocation-satisfied id="480" threadId="00000000022F5700" bytesRequested="24" />
<af-end id="481" timestamp="2019-07-02T20:42:24.246" threadId="00000000022F6088" success="true" from="nursery"/>
<exclusive-end id="482" timestamp="2019-07-02T20:42:24.246" durationms="2.066" />

<exclusive-start id="483" timestamp="2019-07-02T20:42:24.265" intervalms="21.174">
  <response-info timems="0.010" idlems="0.010" threads="0" lastid="00000000022F5700" lastname="main" />
</exclusive-start>
<af-start id="484" threadId="00000000022F6088" totalBytesRequested="32" timestamp="2019-07-02T20:42:24.265" intervalms="21.072" type="nursery" />
<cycle-start id="485" type="scavenge" contextid="0" timestamp="2019-07-02T20:42:24.265" intervalms="20.977" />
  <attribute name="GC Util" value="4" />
  <attribute name="CPU Util" value="929466958711" />
  <attribute name="Time Running"value="5345"/>
  <attribute name="Number of cores"value="4"/>
<gc-start id="486" type="scavenge" contextid="485" timestamp="2019-07-02T20:42:24.266">
  <mem-info id="487" free="1565896" total="8519680" percent="18">
    <mem type="nursery" free="0" total="2228224" percent="0">
      <mem type="allocate" free="0" total="1769472" percent="0" />
      <mem type="survivor" free="0" total="458752" percent="0" />
    </mem>
    <mem type="tenure" free="1565896" total="6291456" percent="24">
      <mem type="soa" free="1251528" total="5977088" percent="20" />
      <mem type="loa" free="314368" total="314368" percent="100" />
    </mem>
    <remembered-set count="1115" />
  </mem-info>
</gc-start>
<allocation-stats totalBytes="1542400" >
  <allocated-bytes non-tlh="8216" tlh="1534184" />
  <largest-consumer threadName="main" threadId="00000000022F5700" bytes="1542400" />
</allocation-stats>
<gc-op id="488" type="scavenge" timems="0.819" contextid="485" timestamp="2019-07-02T20:42:24.266">
  <scavenger-info tenureage="3" tenuremask="7c38" tiltratio="79" />
  <memory-copied type="nursery" objects="5348" bytes="189584" bytesdiscarded="45280" />
  <memory-copied type="tenure" objects="2211" bytes="78488" bytesdiscarded="56" />
  <references type="weak" candidates="294" cleared="0" enqueued="0" />
</gc-op>
<gc-end id="489" type="scavenge" contextid="485" durationms="1.001" usertimems="4.000" systemtimems="0.000" timestamp="2019-07-02T20:42:24.267" activeThreads="4">
  <mem-info id="490" free="3087560" total="8519680" percent="36">
    <mem type="nursery" free="1600000" total="2228224" percent="71">
      <mem type="allocate" free="1600000" total="1835008" percent="87" />
      <mem type="survivor" free="0" total="393216" percent="0" />
    </mem>
    <mem type="tenure" free="1487560" total="6291456" percent="23">
      <mem type="soa" free="1173192" total="5977088" percent="19" />
      <mem type="loa" free="314368" total="314368" percent="100" />
    </mem>
    <remembered-set count="688" />
  </mem-info>
</gc-end>
<cycle-end id="491" type="scavenge" contextid="485" timestamp="2019-07-02T20:42:24.267">
  <attribute name="GC Util" value="5" />
  <attribute name="CPU Util" value="890812291950" />
  <attribute name="Time Running"value="5366"/>
  <attribute name="Number of cores"value="4"/>
</cycle-end>
<allocation-satisfied id="492" threadId="00000000022F5700" bytesRequested="32" />
<af-end id="493" timestamp="2019-07-02T20:42:24.267" threadId="00000000022F6088" success="true" from="nursery"/>
<exclusive-end id="494" timestamp="2019-07-02T20:42:24.267" durationms="1.405" />

<exclusive-start id="495" timestamp="2019-07-02T20:42:24.288" intervalms="22.630">
  <response-info timems="0.019" idlems="0.019" threads="0" lastid="00000000022F5700" lastname="main" />
</exclusive-start>
<af-start id="496" threadId="00000000022F6088" totalBytesRequested="32" timestamp="2019-07-02T20:42:24.288" intervalms="22.632" type="nursery" />
<cycle-start id="497" type="scavenge" contextid="0" timestamp="2019-07-02T20:42:24.288" intervalms="22.635" />
  <attribute name="GC Util" value="5" />
  <attribute name="CPU Util" value="890812291950" />
  <attribute name="Time Running"value="5366"/>
  <attribute name="Number of cores"value="4"/>
<gc-start id="498" type="scavenge" contextid="497" timestamp="2019-07-02T20:42:24.288">
  <mem-info id="499" free="1476712" total="8519680" percent="17">
    <mem type="nursery" free="0" total="2228224" percent="0">
      <mem type="allocate" free="0" total="1835008" percent="0" />
      <mem type="survivor" free="0" total="393216" percent="0" />
    </mem>
    <mem type="tenure" free="1476712" total="6291456" percent="23">
      <mem type="soa" free="1162344" total="5977088" percent="19" />
      <mem type="loa" free="314368" total="314368" percent="100" />
    </mem>
    <remembered-set count="978" />
  </mem-info>
</gc-start>
<allocation-stats totalBytes="1610648" >
  <allocated-bytes non-tlh="10880" tlh="1599768" />
  <largest-consumer threadName="main" threadId="00000000022F5700" bytes="1610648" />
</allocation-stats>
<gc-op id="500" type="scavenge" timems="0.719" contextid="497" timestamp="2019-07-02T20:42:24.289">
  <scavenger-info tenureage="3" tenuremask="7c08" tiltratio="82" />
  <memory-copied type="nursery" objects="5928" bytes="212312" bytesdiscarded="61760" />
  <memory-copied type="tenure" objects="1300" bytes="44496" bytesdiscarded="0" />
  <references type="weak" candidates="186" cleared="0" enqueued="0" />
</gc-op>
<gc-end id="501" type="scavenge" contextid="497" durationms="0.907" usertimems="0.000" systemtimems="0.000" timestamp="2019-07-02T20:42:24.289" activeThreads="4">
  <mem-info id="502" free="2998376" total="8519680" percent="35">
    <mem type="nursery" free="1560832" total="2228224" percent="70">
      <mem type="allocate" free="1560832" total="1835008" percent="85" />
      <mem type="survivor" free="0" total="393216" percent="0" />
    </mem>
    <mem type="tenure" free="1437544" total="6291456" percent="22">
      <mem type="soa" free="1123176" total="5977088" percent="18" />
      <mem type="loa" free="314368" total="314368" percent="100" />
    </mem>
    <remembered-set count="801" />
  </mem-info>
</gc-end>
<cycle-end id="503" type="scavenge" contextid="497" timestamp="2019-07-02T20:42:24.289">
  <attribute name="GC Util" value="5" />
  <attribute name="CPU Util" value="814637376721" />
  <attribute name="Time Running"value="5388"/>
  <attribute name="Number of cores"value="4"/>
</cycle-end>
<allocation-satisfied id="504" threadId="00000000022F5700" bytesRequested="32" />
<af-end id="505" timestamp="2019-07-02T20:42:24.289" threadId="00000000022F6088" success="true" from="nursery"/>
<exclusive-end id="506" timestamp="2019-07-02T20:42:24.289" durationms="1.349" />

<exclusive-start id="507" timestamp="2019-07-02T20:42:24.306" intervalms="18.366">
  <response-info timems="0.022" idlems="0.022" threads="0" lastid="00000000022F5700" lastname="main" />
</exclusive-start>
<af-start id="508" threadId="00000000022F6088" totalBytesRequested="88" timestamp="2019-07-02T20:42:24.306" intervalms="18.368" type="nursery" />
<cycle-start id="509" type="scavenge" contextid="0" timestamp="2019-07-02T20:42:24.306" intervalms="18.362" />
  <attribute name="GC Util" value="5" />
  <attribute name="CPU Util" value="814637376721" />
  <attribute name="Time Running"value="5388"/>
  <attribute name="Number of cores"value="4"/>
<gc-start id="510" type="scavenge" contextid="509" timestamp="2019-07-02T20:42:24.307">
  <mem-info id="511" free="1431280" total="8519680" percent="16">
    <mem type="nursery" free="0" total="2228224" percent="0">
      <mem type="allocate" free="0" total="1835008" percent="0" />
      <mem type="survivor" free="0" total="393216" percent="0" />
    </mem>
    <mem type="tenure" free="1431280" total="6291456" percent="22">
      <mem type="soa" free="1116912" total="5977088" percent="18" />
      <mem type="loa" free="314368" total="314368" percent="100" />
    </mem>
    <remembered-set count="1071" />
  </mem-info>
</gc-start>
<allocation-stats totalBytes="1566448" >
  <allocated-bytes non-tlh="6296" tlh="1560152" />
  <largest-consumer threadName="main" threadId="00000000022F5700" bytes="1566448" />
</allocation-stats>
<gc-op id="512" type="scavenge" timems="0.713" contextid="509" timestamp="2019-07-02T20:42:24.307">
  <scavenger-info tenureage="3" tenuremask="7c08" tiltratio="82" />
  <memory-copied type="nursery" objects="5912" bytes="218424" bytesdiscarded="55640" />
  <memory-copied type="tenure" objects="2039" bytes="73016" bytesdiscarded="24" />
  <references type="weak" candidates="182" cleared="0" enqueued="0" />
</gc-op>
<gc-end id="513" type="scavenge" contextid="509" durationms="0.884" usertimems="0.000" systemtimems="0.000" timestamp="2019-07-02T20:42:24.307" activeThreads="4">
  <mem-info id="514" free="2952944" total="8519680" percent="34">
    <mem type="nursery" free="1560832" total="2228224" percent="70">
      <mem type="allocate" free="1560832" total="1835008" percent="85" />
      <mem type="survivor" free="0" total="393216" percent="0" />
    </mem>
    <mem type="tenure" free="1392112" total="6291456" percent="22">
      <mem type="soa" free="1077744" total="5977088" percent="18" />
      <mem type="loa" free="314368" total="314368" percent="100" />
    </mem>
    <remembered-set count="797" />
  </mem-info>
</gc-end>
<cycle-end id="515" type="scavenge" contextid="509" timestamp="2019-07-02T20:42:24.307">
  <attribute name="GC Util" value="6" />
  <attribute name="CPU Util" value="1005424367293" />
  <attribute name="Time Running"value="5407"/>
  <attribute name="Number of cores"value="4"/>
</cycle-end>
<allocation-satisfied id="516" threadId="00000000022F5700" bytesRequested="88" />
<af-end id="517" timestamp="2019-07-02T20:42:24.308" threadId="00000000022F6088" success="true" from="nursery"/>
<exclusive-end id="518" timestamp="2019-07-02T20:42:24.308" durationms="1.304" />

<exclusive-start id="519" timestamp="2019-07-02T20:42:24.329" intervalms="22.813">
  <response-info timems="0.011" idlems="0.011" threads="0" lastid="00000000022F5700" lastname="main" />
</exclusive-start>
<af-start id="520" threadId="00000000022F6088" totalBytesRequested="40" timestamp="2019-07-02T20:42:24.329" intervalms="22.885" type="nursery" />
<cycle-start id="521" type="scavenge" contextid="0" timestamp="2019-07-02T20:42:24.329" intervalms="22.987" />
  <attribute name="GC Util" value="6" />
  <attribute name="CPU Util" value="1005424367293" />
  <attribute name="Time Running"value="5407"/>
  <attribute name="Number of cores"value="4"/>
<gc-start id="522" type="scavenge" contextid="521" timestamp="2019-07-02T20:42:24.330">
  <mem-info id="523" free="1379576" total="8519680" percent="16">
    <mem type="nursery" free="0" total="2228224" percent="0">
      <mem type="allocate" free="0" total="1835008" percent="0" />
      <mem type="survivor" free="0" total="393216" percent="0" />
    </mem>
    <mem type="tenure" free="1379576" total="6291456" percent="21">
      <mem type="soa" free="1065208" total="5977088" percent="17" />
      <mem type="loa" free="314368" total="314368" percent="100" />
    </mem>
    <remembered-set count="1007" />
  </mem-info>
</gc-start>
<allocation-stats totalBytes="1571416" >
  <allocated-bytes non-tlh="126496" tlh="1444920" />
  <largest-consumer threadName="main" threadId="00000000022F5700" bytes="1571416" />
</allocation-stats>
<gc-op id="524" type="scavenge" timems="0.730" contextid="521" timestamp="2019-07-02T20:42:24.331">
  <scavenger-info tenureage="3" tenuremask="7c08" tiltratio="82" />
  <memory-copied type="nursery" objects="6427" bytes="257112" bytesdiscarded="8536" />
  <memory-copied type="tenure" objects="1835" bytes="66744" bytesdiscarded="24" />
  <references type="soft" candidates="2" cleared="0" enqueued="0" dynamicThreshold="32" maxThreshold="32" />
  <references type="weak" candidates="139" cleared="5" enqueued="5" />
</gc-op>
<gc-end id="525" type="scavenge" contextid="521" durationms="1.178" usertimems="0.000" systemtimems="0.000" timestamp="2019-07-02T20:42:24.331" activeThreads="4">
  <mem-info id="526" free="2944504" total="8519680" percent="34">
    <mem type="nursery" free="1634816" total="2228224" percent="73">
      <mem type="allocate" free="1634816" total="1900544" percent="86" />
      <mem type="survivor" free="0" total="327680" percent="0" />
    </mem>
    <mem type="tenure" free="1309688" total="6291456" percent="20">
      <mem type="soa" free="995320" total="5977088" percent="16" />
      <mem type="loa" free="314368" total="314368" percent="100" />
    </mem>
    <pending-finalizers system="0" default="0" reference="5" classloader="0" />
    <remembered-set count="724" />
  </mem-info>
</gc-end>
<cycle-end id="527" type="scavenge" contextid="521" timestamp="2019-07-02T20:42:24.331">
  <attribute name="GC Util" value="4" />
  <attribute name="CPU Util" value="792231925359" />
  <attribute name="Time Running"value="5430"/>
  <attribute name="Number of cores"value="4"/>
</cycle-end>
<allocation-satisfied id="528" threadId="00000000022F5700" bytesRequested="40" />
<af-end id="529" timestamp="2019-07-02T20:42:24.331" threadId="00000000022F6088" success="true" from="nursery"/>
<exclusive-end id="530" timestamp="2019-07-02T20:42:24.331" durationms="1.950" />

<exclusive-start id="531" timestamp="2019-07-02T20:42:24.345" intervalms="15.745">
  <response-info timems="0.047" idlems="0.033" threads="1" lastid="00000000022F9300" lastname="JIT Compilation Thread-0" />
</exclusive-start>
<af-start id="532" threadId="00000000022F6088" totalBytesRequested="240" timestamp="2019-07-02T20:42:24.345" intervalms="15.756" type="nursery" />
<cycle-start id="533" type="scavenge" contextid="0" timestamp="2019-07-02T20:42:24.345" intervalms="15.699" />
  <attribute name="GC Util" value="4" />
  <attribute name="CPU Util" value="792231925359" />
  <attribute name="Time Running"value="5430"/>
  <attribute name="Number of cores"value="4"/>
<gc-start id="534" type="scavenge" contextid="533" timestamp="2019-07-02T20:42:24.345">
  <mem-info id="535" free="1308240" total="8519680" percent="15">
    <mem type="nursery" free="0" total="2228224" percent="0">
      <mem type="allocate" free="0" total="1900544" percent="0" />
      <mem type="survivor" free="0" total="327680" percent="0" />
    </mem>
    <mem type="tenure" free="1308240" total="6291456" percent="20">
      <mem type="soa" free="993872" total="5977088" percent="16" />
      <mem type="loa" free="314368" total="314368" percent="100" />
    </mem>
    <remembered-set count="779" />
  </mem-info>
</gc-start>
<allocation-stats totalBytes="1635560" >
  <allocated-bytes non-tlh="1488" tlh="1634072" />
  <largest-consumer threadName="main" threadId="00000000022F5700" bytes="1635560" />
</allocation-stats>
<gc-op id="536" type="scavenge" timems="0.655" contextid="533" timestamp="2019-07-02T20:42:24.346">
  <scavenger-info tenureage="10" tenuremask="7c00" tiltratio="85" />
  <memory-copied type="nursery" objects="6874" bytes="327560" bytesdiscarded="48" />
  <memory-copied type="tenure" objects="2236" bytes="89424" bytesdiscarded="24" />
  <copy-failed type="nursery" objects="2236" bytes="89424" />
  <references type="soft" candidates="2" cleared="0" enqueued="0" dynamicThreshold="32" maxThreshold="32" />
  <references type="weak" candidates="134" cleared="0" enqueued="0" />
</gc-op>
<heap-resize id="537" type="expand" space="nursery" amount="131072" count="1" timems="0.011" reason="excessive time being spent scavenging" timestamp="2019-07-02T20:42:24.346" />
<gc-end id="538" type="scavenge" contextid="533" durationms="1.145" usertimems="0.000" systemtimems="0.000" timestamp="2019-07-02T20:42:24.346" activeThreads="4">
  <mem-info id="539" free="2549072" total="8650752" percent="29">
    <mem type="nursery" free="1310720" total="2359296" percent="55">
      <mem type="allocate" free="1310720" total="1638400" percent="80" />
      <mem type="survivor" free="0" total="720896" percent="0" />
    </mem>
    <mem type="tenure" free="1238352" total="6291456" percent="19">
      <mem type="soa" free="923984" total="5977088" percent="15" />
      <mem type="loa" free="314368" total="314368" percent="100" />
    </mem>
    <remembered-set count="1379" />
  </mem-info>
</gc-end>
<cycle-end id="540" type="scavenge" contextid="533" timestamp="2019-07-02T20:42:24.347">
  <attribute name="GC Util" value="8" />
  <attribute name="CPU Util" value="1187531593092" />
  <attribute name="Time Running"value="5446"/>
  <attribute name="Number of cores"value="4"/>
</cycle-end>
<allocation-satisfied id="541" threadId="00000000022F5700" bytesRequested="240" />
<af-end id="542" timestamp="2019-07-02T20:42:24.347" threadId="00000000022F6088" success="true" from="nursery"/>
<exclusive-end id="543" timestamp="2019-07-02T20:42:24.347" durationms="1.869" />

<exclusive-start id="544" timestamp="2019-07-02T20:42:24.364" intervalms="18.652">
  <response-info timems="0.056" idlems="0.056" threads="0" lastid="00000000022F5700" lastname="main" />
</exclusive-start>
<af-start id="545" threadId="00000000022F6088" totalBytesRequested="48" timestamp="2019-07-02T20:42:24.364" intervalms="18.656" type="nursery" />
<cycle-start id="546" type="scavenge" contextid="0" timestamp="2019-07-02T20:42:24.364" intervalms="18.687" />
  <attribute name="GC Util" value="8" />
  <attribute name="CPU Util" value="1187531593092" />
  <attribute name="Time Running"value="5446"/>
  <attribute name="Number of cores"value="4"/>
<gc-start id="547" type="scavenge" contextid="546" timestamp="2019-07-02T20:42:24.364">
  <mem-info id="548" free="1222656" total="8650752" percent="14">
    <mem type="nursery" free="0" total="2359296" percent="0">
      <mem type="allocate" free="0" total="1638400" percent="0" />
      <mem type="survivor" free="0" total="720896" percent="0" />
    </mem>
    <mem type="tenure" free="1222656" total="6291456" percent="19">
      <mem type="soa" free="908288" total="5977088" percent="15" />
      <mem type="loa" free="314368" total="314368" percent="100" />
    </mem>
    <remembered-set count="1632" />
  </mem-info>
</gc-start>
<allocation-stats totalBytes="1325488" >
  <allocated-bytes non-tlh="215944" tlh="1109544" />
  <largest-consumer threadName="main" threadId="00000000022F5700" bytes="1325488" />
</allocation-stats>
<gc-op id="549" type="scavenge" timems="0.916" contextid="546" timestamp="2019-07-02T20:42:24.365">
  <scavenger-info tenureage="10" tenuremask="7c00" tiltratio="69" />
  <memory-copied type="nursery" objects="7912" bytes="720632" bytesdiscarded="112" />
  <memory-copied type="tenure" objects="1313" bytes="49304" bytesdiscarded="0" />
  <copy-failed type="nursery" objects="1313" bytes="49304" />
  <references type="soft" candidates="73" cleared="0" enqueued="0" dynamicThreshold="32" maxThreshold="32" />
  <references type="weak" candidates="142" cleared="0" enqueued="0" />
  <references type="phantom" candidates="1" cleared="0" enqueued="0" />
</gc-op>
<gc-end id="550" type="scavenge" contextid="546" durationms="1.160" usertimems="0.000" systemtimems="0.000" timestamp="2019-07-02T20:42:24.365" activeThreads="4">
  <mem-info id="551" free="1681408" total="8650752" percent="19">
    <mem type="nursery" free="458752" total="2359296" percent="19">
      <mem type="allocate" free="458752" total="1179648" percent="38" />
      <mem type="survivor" free="0" total="1179648" percent="0" />
    </mem>
    <mem type="tenure" free="1222656" total="6291456" percent="19">
      <mem type="soa" free="908288" total="5977088" percent="15" />
      <mem type="loa" free="314368" total="314368" percent="100" />
    </mem>
    <remembered-set count="1711" />
  </mem-info>
</gc-end>
<cycle-end id="552" type="scavenge" contextid="546" timestamp="2019-07-02T20:42:24.365">
  <attribute name="GC Util" value="7" />
  <attribute name="CPU Util" value="986617610097" />
  <attribute name="Time Running"value="5464"/>
  <attribute name="Number of cores"value="4"/>
</cycle-end>
<allocation-satisfied id="553" threadId="00000000022F5700" bytesRequested="48" />
<af-end id="554" timestamp="2019-07-02T20:42:24.365" threadId="00000000022F6088" success="true" from="nursery"/>
<exclusive-end id="555" timestamp="2019-07-02T20:42:24.365" durationms="1.905" />

<exclusive-start id="556" timestamp="2019-07-02T20:42:24.379" intervalms="15.084">
  <response-info timems="0.062" idlems="0.062" threads="0" lastid="00000000022F5700" lastname="main" />
</exclusive-start>
<af-start id="557" threadId="00000000022F6088" totalBytesRequested="22776" timestamp="2019-07-02T20:42:24.379" intervalms="15.080" type="nursery" />
<cycle-start id="558" type="scavenge" contextid="0" timestamp="2019-07-02T20:42:24.379" intervalms="15.101" />
  <attribute name="GC Util" value="7" />
  <attribute name="CPU Util" value="986617610097" />
  <attribute name="Time Running"value="5464"/>
  <attribute name="Number of cores"value="4"/>
<gc-start id="559" type="scavenge" contextid="558" timestamp="2019-07-02T20:42:24.379">
  <mem-info id="560" free="1222616" total="8650752" percent="14">
    <mem type="nursery" free="0" total="2359296" percent="0">
      <mem type="allocate" free="0" total="1179648" percent="0" />
      <mem type="survivor" free="0" total="1179648" percent="0" />
    </mem>
    <mem type="tenure" free="1222616" total="6291456" percent="19">
      <mem type="soa" free="908248" total="5977088" percent="15" />
      <mem type="loa" free="314368" total="314368" percent="100" />
    </mem>
    <remembered-set count="1712" />
  </mem-info>
</gc-start>
<allocation-stats totalBytes="443384" >
  <allocated-bytes non-tlh="88" tlh="443296" />
  <largest-consumer threadName="main" threadId="00000000022F5700" bytes="443384" />
</allocation-stats>
<gc-op id="561" type="scavenge" timems="0.918" contextid="558" timestamp="2019-07-02T20:42:24.380">
  <scavenger-info tenureage="2" tenuremask="fe34" tiltratio="50" />
  <memory-copied type="nursery" objects="7730" bytes="723048" bytesdiscarded="150064" />
  <memory-copied type="tenure" objects="4559" bytes="225344" bytesdiscarded="472" />
  <references type="soft" candidates="73" cleared="0" enqueued="0" dynamicThreshold="32" maxThreshold="32" />
  <references type="weak" candidates="22" cleared="0" enqueued="0" />
  <references type="phantom" candidates="1" cleared="0" enqueued="0" />
</gc-op>
<heap-resize id="562" type="expand" space="nursery" amount="131072" count="1" timems="0.013" reason="excessive time being spent scavenging" timestamp="2019-07-02T20:42:24.380" />
<gc-end id="563" type="scavenge" contextid="558" durationms="1.447" usertimems="0.000" systemtimems="0.000" timestamp="2019-07-02T20:42:24.381" activeThreads="4">
  <mem-info id="564" free="1291992" total="8781824" percent="14">
    <mem type="nursery" free="371976" total="2490368" percent="14">
      <mem type="allocate" free="371976" total="1245184" percent="29" />
      <mem type="survivor" free="0" total="1245184" percent="0" />
    </mem>
    <mem type="tenure" free="920016" total="6291456" percent="14">
      <mem type="soa" free="605648" total="5977088" percent="10" />
      <mem type="loa" free="314368" total="314368" percent="100" />
    </mem>
    <remembered-set count="1067" />
  </mem-info>
</gc-end>
<cycle-end id="565" type="scavenge" contextid="558" timestamp="2019-07-02T20:42:24.381">
  <attribute name="GC Util" value="9" />
  <attribute name="CPU Util" value="1212531843316" />
  <attribute name="Time Running"value="5480"/>
  <attribute name="Number of cores"value="4"/>
</cycle-end>
<allocation-satisfied id="566" threadId="00000000022F5700" bytesRequested="22776" />
<af-end id="567" timestamp="2019-07-02T20:42:24.381" threadId="00000000022F6088" success="true" from="nursery"/>
<exclusive-end id="568" timestamp="2019-07-02T20:42:24.381" durationms="2.160" />

<exclusive-start id="569" timestamp="2019-07-02T20:42:24.385" intervalms="5.950">
  <response-info timems="0.020" idlems="0.020" threads="0" lastid="00000000022F5700" lastname="main" />
</exclusive-start>
<af-start id="570" threadId="00000000022F6088" totalBytesRequested="1032" timestamp="2019-07-02T20:42:24.385" intervalms="5.931" type="nursery" />
<cycle-start id="571" type="scavenge" contextid="0" timestamp="2019-07-02T20:42:24.385" intervalms="5.909" />
  <attribute name="GC Util" value="9" />
  <attribute name="CPU Util" value="1212531843316" />
  <attribute name="Time Running"value="5480"/>
  <attribute name="Number of cores"value="4"/>
<gc-start id="572" type="scavenge" contextid="571" timestamp="2019-07-02T20:42:24.385">
  <mem-info id="573" free="918920" total="8781824" percent="10">
    <mem type="nursery" free="0" total="2490368" percent="0">
      <mem type="allocate" free="0" total="1245184" percent="0" />
      <mem type="survivor" free="0" total="1245184" percent="0" />
    </mem>
    <mem type="tenure" free="918920" total="6291456" percent="14">
      <mem type="soa" free="604552" total="5977088" percent="10" />
      <mem type="loa" free="314368" total="314368" percent="100" />
    </mem>
    <remembered-set count="1082" />
  </mem-info>
</gc-start>
<allocation-stats totalBytes="372344" >
  <allocated-bytes non-tlh="23872" tlh="348472" />
  <largest-consumer threadName="main" threadId="00000000022F5700" bytes="372344" />
</allocation-stats>
<gc-op id="574" type="scavenge" timems="0.928" contextid="571" timestamp="2019-07-02T20:42:24.386">
  <scavenger-info tenureage="2" tenuremask="7f14" tiltratio="50" />
  <memory-copied type="nursery" objects="4924" bytes="263976" bytesdiscarded="122568" />
  <memory-copied type="tenure" objects="3349" bytes="491176" bytesdiscarded="32" />
  <references type="weak" candidates="1" cleared="0" enqueued="0" />
  <references type="phantom" candidates="1" cleared="0" enqueued="0" />
</gc-op>
<heap-resize id="575" type="expand" space="nursery" amount="262144" count="1" timems="0.012" reason="excessive time being spent scavenging" timestamp="2019-07-02T20:42:24.386" />
<gc-end id="576" type="scavenge" contextid="571" durationms="1.354" usertimems="0.000" systemtimems="0.000" timestamp="2019-07-02T20:42:24.386" activeThreads="4">
  <mem-info id="577" free="1607760" total="9043968" percent="17">
    <mem type="nursery" free="1120784" total="2752512" percent="40">
      <mem type="allocate" free="1120784" total="1507328" percent="74" />
      <mem type="survivor" free="0" total="1245184" percent="0" />
    </mem>
    <mem type="tenure" free="486976" total="6291456" percent="7">
      <mem type="soa" free="172608" total="5977088" percent="2" />
      <mem type="loa" free="314368" total="314368" percent="100" />
    </mem>
    <remembered-set count="147" />
  </mem-info>
</gc-end>
<cycle-end id="578" type="scavenge" contextid="571" timestamp="2019-07-02T20:42:24.386">
  <attribute name="GC Util" value="30" />
  <attribute name="CPU Util" value="3180835620965" />
  <attribute name="Time Running"value="5485"/>
  <attribute name="Number of cores"value="4"/>
</cycle-end>
<allocation-satisfied id="579" threadId="00000000022F5700" bytesRequested="1032" />
<af-end id="580" timestamp="2019-07-02T20:42:24.387" threadId="00000000022F6088" success="true" from="nursery"/>
<exclusive-end id="581" timestamp="2019-07-02T20:42:24.387" durationms="2.117" />

<concurrent-kickoff id="582" timestamp="2019-07-02T20:42:24.397">
  <kickoff reason="threshold reached" targetBytes="1867303" thresholdFreeBytes="258182"  remainingFree="219664" tenureFreeBytes="482808" nurseryFreeBytes="219664" />
</concurrent-kickoff>
<exclusive-start id="583" timestamp="2019-07-02T20:42:24.397" intervalms="12.825">
  <response-info timems="0.056" idlems="0.056" threads="0" lastid="00000000022F5700" lastname="main" />
</exclusive-start>
<cycle-start id="584" type="global" contextid="0" timestamp="2019-07-02T20:42:24.398" intervalms="5601.210" />
  <attribute name="GC Util" value="30" />
  <attribute name="CPU Util" value="3180835620965" />
  <attribute name="Time Running"value="5485"/>
  <attribute name="Number of cores"value="4"/>
<exclusive-end id="585" timestamp="2019-07-02T20:42:24.398" durationms="0.287" />

<exclusive-start id="586" timestamp="2019-07-02T20:42:24.401" intervalms="4.010">
  <response-info timems="0.020" idlems="0.020" threads="0" lastid="00000000022F5700" lastname="main" />
</exclusive-start>
<af-start id="587" threadId="00000000022F6088" totalBytesRequested="24" timestamp="2019-07-02T20:42:24.402" intervalms="16.860" type="nursery" />
<cycle-start id="588" type="scavenge" contextid="0" timestamp="2019-07-02T20:42:24.402" intervalms="16.863" />
  <attribute name="GC Util" value="30" />
  <attribute name="CPU Util" value="3180835620965" />
  <attribute name="Time Running"value="5485"/>
  <attribute name="Number of cores"value="4"/>
<gc-start id="589" type="scavenge" contextid="588" timestamp="2019-07-02T20:42:24.402">
  <mem-info id="590" free="482808" total="9043968" percent="5">
    <mem type="nursery" free="0" total="2752512" percent="0">
      <mem type="allocate" free="0" total="1507328" percent="0" />
      <mem type="survivor" free="0" total="1245184" percent="0" />
    </mem>
    <mem type="tenure" free="482808" total="6291456" percent="7">
      <mem type="soa" free="168440" total="5977088" percent="2" />
      <mem type="loa" free="314368" total="314368" percent="100" />
    </mem>
    <remembered-set count="294" />
  </mem-info>
</gc-start>
<allocation-stats totalBytes="1123664" >
  <allocated-bytes non-tlh="28512" tlh="1095152" />
  <largest-consumer threadName="main" threadId="00000000022F5700" bytes="1123664" />
</allocation-stats>
<gc-op id="591" type="scavenge" timems="0.742" contextid="588" timestamp="2019-07-02T20:42:24.403">
  <scavenger-info tenureage="8" tenuremask="7f00" tiltratio="54" />
  <memory-copied type="nursery" objects="6586" bytes="319136" bytesdiscarded="153656" />
  <references type="weak" candidates="38" cleared="0" enqueued="0" />
</gc-op>
<gc-end id="592" type="scavenge" contextid="588" durationms="1.147" usertimems="4.000" systemtimems="0.000" timestamp="2019-07-02T20:42:24.403" activeThreads="4">
  <mem-info id="593" free="1779456" total="9043968" percent="19">
    <mem type="nursery" free="1296648" total="2752512" percent="47">
      <mem type="allocate" free="1296648" total="1769472" percent="73" />
      <mem type="survivor" free="0" total="983040" percent="0" />
    </mem>
    <mem type="tenure" free="482808" total="6291456" percent="7">
      <mem type="soa" free="168440" total="5977088" percent="2" />
      <mem type="loa" free="314368" total="314368" percent="100" />
    </mem>
    <remembered-set count="275" />
  </mem-info>
</gc-end>
<cycle-end id="594" type="scavenge" contextid="588" timestamp="2019-07-02T20:42:24.403">
  <attribute name="GC Util" value="10" />
  <attribute name="CPU Util" value="1086674050819" />
  <attribute name="Time Running"value="5502"/>
  <attribute name="Number of cores"value="4"/>
</cycle-end>
<allocation-satisfied id="595" threadId="00000000022F5700" bytesRequested="24" />
<af-end id="596" timestamp="2019-07-02T20:42:24.403" threadId="00000000022F6088" success="true" from="nursery"/>
<exclusive-end id="597" timestamp="2019-07-02T20:42:24.403" durationms="1.888" />

<exclusive-start id="598" timestamp="2019-07-02T20:42:24.405" intervalms="3.216">
  <response-info timems="0.032" idlems="0.032" threads="0" lastid="00000000022F5700" lastname="main" />
</exclusive-start>
<concurrent-collection-start id="599" timestamp="2019-07-02T20:42:24.405" intervalms="5608.263" >
  <concurrent-trace-info reason="card cleaning threshold reached" tracedByMutators="234192" tracedByHelpers="1516520" cardsCleaned="13" workStackOverflowCount="0" />
</concurrent-collection-start>
<gc-start id="600" type="global" contextid="584" timestamp="2019-07-02T20:42:24.405">
  <mem-info id="601" free="1595112" total="9043968" percent="17">
    <mem type="nursery" free="1112304" total="2752512" percent="40">
      <mem type="allocate" free="1112304" total="1769472" percent="62" />
      <mem type="survivor" free="0" total="983040" percent="0" />
    </mem>
    <mem type="tenure" free="482808" total="6291456" percent="7">
      <mem type="soa" free="168440" total="5977088" percent="2" />
      <mem type="loa" free="314368" total="314368" percent="100" />
    </mem>
    <remembered-set count="276" />
  </mem-info>
</gc-start>
<allocation-stats totalBytes="184328" >
  <allocated-bytes non-tlh="24" tlh="184304" />
  <largest-consumer threadName="main" threadId="00000000022F5700" bytes="184328" />
</allocation-stats>
<gc-op id="602" type="rs-scan" timems="0.250" contextid="584" timestamp="2019-07-02T20:42:24.405">
  <scan objectsFound="136" bytesTraced="13724" workStackOverflowCount="0" />
</gc-op>
<gc-op id="603" type="card-cleaning" timems="0.295" contextid="584" timestamp="2019-07-02T20:42:24.405">
  <card-cleaning cardsCleaned="2" bytesTraced="259508" workStackOverflowCount="0" />
</gc-op>
<gc-op id="604" type="mark" timems="1.849" contextid="584" timestamp="2019-07-02T20:42:24.408">
  <trace-info objectcount="2236" scancount="2138" scanbytes="79932" />
  <finalization candidates="80" enqueued="0" />
  <ownableSynchronizers candidates="21" cleared="0" />
  <references type="soft" candidates="1095" cleared="0" enqueued="0" dynamicThreshold="32" maxThreshold="32" />
  <references type="weak" candidates="3793" cleared="76" enqueued="38" />
  <references type="phantom" candidates="73" cleared="0" enqueued="0" />
  <stringconstants candidates="7802" cleared="0"  />
</gc-op>
<gc-op id="605" type="classunload" timems="0.130" contextid="584" timestamp="2019-07-02T20:42:24.408">
  <classunload-info classloadercandidates="12" classloadersunloaded="0" classesunloaded="0" anonymousclassesunloaded="0" quiescems="0.000" setupms="0.130" scanms="0.000" postms="0.000" />
</gc-op>
<gc-op id="606" type="sweep" timems="0.607" contextid="584" timestamp="2019-07-02T20:42:24.409" />
<gc-end id="607" type="global" contextid="584" durationms="3.905" usertimems="0.000" systemtimems="0.000" timestamp="2019-07-02T20:42:24.409" activeThreads="4">
  <mem-info id="608" free="3487584" total="9043968" percent="38">
    <mem type="nursery" free="1436392" total="2752512" percent="52">
      <mem type="allocate" free="1436392" total="1769472" percent="81" />
      <mem type="survivor" free="0" total="983040" percent="0" />
    </mem>
    <mem type="tenure" free="2051192" total="6291456" percent="32" micro-fragmented="68527" macro-fragmented="0">
      <mem type="soa" free="1736824" total="5977088" percent="29" />
      <mem type="loa" free="314368" total="314368" percent="100" />
    </mem>
    <pending-finalizers system="0" default="0" reference="38" classloader="0" />
    <remembered-set count="275" />
  </mem-info>
</gc-end>
<cycle-end id="609" type="global" contextid="584" timestamp="2019-07-02T20:42:24.409">
  <attribute name="GC Util" value="68" />
  <attribute name="CPU Util" value="8135206775583" />
  <attribute name="Time Running"value="5508"/>
  <attribute name="Number of cores"value="4"/>
</cycle-end>
<concurrent-collection-end id="610" timestamp="2019-07-02T20:42:24.409" />
<exclusive-end id="611" timestamp="2019-07-02T20:42:24.409" durationms="4.267" />

<exclusive-start id="612" timestamp="2019-07-02T20:42:24.420" intervalms="15.120">
  <response-info timems="0.022" idlems="0.022" threads="0" lastid="00000000022F5700" lastname="main" />
</exclusive-start>
<af-start id="613" threadId="00000000022F6088" totalBytesRequested="24" timestamp="2019-07-02T20:42:24.420" intervalms="18.250" type="nursery" />
<cycle-start id="614" type="scavenge" contextid="0" timestamp="2019-07-02T20:42:24.420" intervalms="18.202" />
  <attribute name="GC Util" value="68" />
  <attribute name="CPU Util" value="8135206775583" />
  <attribute name="Time Running"value="5508"/>
  <attribute name="Number of cores"value="4"/>
<gc-start id="615" type="scavenge" contextid="614" timestamp="2019-07-02T20:42:24.420">
  <mem-info id="616" free="2047200" total="9043968" percent="22">
    <mem type="nursery" free="0" total="2752512" percent="0">
      <mem type="allocate" free="0" total="1769472" percent="0" />
      <mem type="survivor" free="0" total="983040" percent="0" />
    </mem>
    <mem type="tenure" free="2047200" total="6291456" percent="32">
      <mem type="soa" free="1732832" total="5977088" percent="28" />
      <mem type="loa" free="314368" total="314368" percent="100" />
    </mem>
    <remembered-set count="360" />
  </mem-info>
</gc-start>
<allocation-stats totalBytes="1438048" >
  <allocated-bytes non-tlh="2528" tlh="1435520" />
  <largest-consumer threadName="main" threadId="00000000022F5700" bytes="1433952" />
</allocation-stats>
<gc-op id="617" type="scavenge" timems="0.815" contextid="614" timestamp="2019-07-02T20:42:24.421">
  <scavenger-info tenureage="3" tenuremask="7f08" tiltratio="64" />
  <memory-copied type="nursery" objects="4294" bytes="192600" bytesdiscarded="122888" />
  <memory-copied type="tenure" objects="4378" bytes="216584" bytesdiscarded="312" />
  <ownableSynchronizers candidates="42" cleared="42" />
  <references type="weak" candidates="56" cleared="0" enqueued="0" />
</gc-op>
<gc-end id="618" type="scavenge" contextid="614" durationms="0.996" usertimems="0.000" systemtimems="0.000" timestamp="2019-07-02T20:42:24.421" activeThreads="4">
  <mem-info id="619" free="3306824" total="9043968" percent="36">
    <mem type="nursery" free="1585024" total="2752512" percent="57">
      <mem type="allocate" free="1585024" total="1900544" percent="83" />
      <mem type="survivor" free="0" total="851968" percent="0" />
    </mem>
    <mem type="tenure" free="1721800" total="6291456" percent="27">
      <mem type="soa" free="1407432" total="5977088" percent="23" />
      <mem type="loa" free="314368" total="314368" percent="100" />
    </mem>
    <remembered-set count="598" />
  </mem-info>
</gc-end>
<cycle-end id="620" type="scavenge" contextid="614" timestamp="2019-07-02T20:42:24.421">
  <attribute name="GC Util" value="12" />
  <attribute name="CPU Util" value="1521036604052" />
  <attribute name="Time Running"value="5520"/>
  <attribute name="Number of cores"value="4"/>
</cycle-end>
<allocation-satisfied id="621" threadId="00000000022F5700" bytesRequested="24" />
<af-end id="622" timestamp="2019-07-02T20:42:24.421" threadId="00000000022F6088" success="true" from="nursery"/>
<exclusive-end id="623" timestamp="2019-07-02T20:42:24.421" durationms="1.524" />

<exclusive-start id="624" timestamp="2019-07-02T20:42:24.431" intervalms="11.770">
  <response-info timems="0.025" idlems="0.025" threads="0" lastid="00000000022F5700" lastname="main" />
</exclusive-start>
<af-start id="625" threadId="00000000022F6088" totalBytesRequested="24" timestamp="2019-07-02T20:42:24.432" intervalms="11.853" type="nursery" />
<cycle-start id="626" type="scavenge" contextid="0" timestamp="2019-07-02T20:42:24.432" intervalms="11.918" />
  <attribute name="GC Util" value="12" />
  <attribute name="CPU Util" value="1521036604052" />
  <attribute name="Time Running"value="5520"/>
  <attribute name="Number of cores"value="4"/>
<gc-start id="627" type="scavenge" contextid="626" timestamp="2019-07-02T20:42:24.432">
  <mem-info id="628" free="1719568" total="9043968" percent="19">
    <mem type="nursery" free="0" total="2752512" percent="0">
      <mem type="allocate" free="0" total="1900544" percent="0" />
      <mem type="survivor" free="0" total="851968" percent="0" />
    </mem>
    <mem type="tenure" free="1719568" total="6291456" percent="27">
      <mem type="soa" free="1405200" total="5977088" percent="23" />
      <mem type="loa" free="314368" total="314368" percent="100" />
    </mem>
    <remembered-set count="783" />
  </mem-info>
</gc-start>
<allocation-stats totalBytes="1587008" >
  <allocated-bytes non-tlh="2256" tlh="1584752" />
  <largest-consumer threadName="main" threadId="00000000022F5700" bytes="1587008" />
</allocation-stats>
<gc-op id="629" type="scavenge" timems="0.862" contextid="626" timestamp="2019-07-02T20:42:24.433">
  <scavenger-info tenureage="3" tenuremask="7f08" tiltratio="69" />
  <memory-copied type="nursery" objects="5639" bytes="218160" bytesdiscarded="16808" />
  <memory-copied type="tenure" objects="380" bytes="40216" bytesdiscarded="0" />
  <references type="weak" candidates="76" cleared="0" enqueued="0" />
</gc-op>
<heap-resize id="630" type="expand" space="nursery" amount="131072" count="1" timems="0.013" reason="excessive time being spent scavenging" timestamp="2019-07-02T20:42:24.433" />
<gc-end id="631" type="scavenge" contextid="626" durationms="1.489" usertimems="4.000" systemtimems="0.000" timestamp="2019-07-02T20:42:24.433" activeThreads="4">
  <mem-info id="632" free="3542544" total="9175040" percent="38">
    <mem type="nursery" free="1862144" total="2883584" percent="64">
      <mem type="allocate" free="1862144" total="2097152" percent="88" />
      <mem type="survivor" free="0" total="786432" percent="0" />
    </mem>
    <mem type="tenure" free="1680400" total="6291456" percent="26">
      <mem type="soa" free="1366032" total="5977088" percent="22" />
      <mem type="loa" free="314368" total="314368" percent="100" />
    </mem>
    <remembered-set count="704" />
  </mem-info>
</gc-end>
<cycle-end id="633" type="scavenge" contextid="626" timestamp="2019-07-02T20:42:24.434">
  <attribute name="GC Util" value="13" />
  <attribute name="CPU Util" value="1515466198888" />
  <attribute name="Time Running"value="5532"/>
  <attribute name="Number of cores"value="4"/>
</cycle-end>
<allocation-satisfied id="634" threadId="00000000022F5700" bytesRequested="24" />
<af-end id="635" timestamp="2019-07-02T20:42:24.434" threadId="00000000022F6088" success="true" from="nursery"/>
<exclusive-end id="636" timestamp="2019-07-02T20:42:24.434" durationms="2.521" />

<exclusive-start id="637" timestamp="2019-07-02T20:42:24.443" intervalms="11.370">
  <response-info timems="0.065" idlems="0.065" threads="0" lastid="00000000022F5700" lastname="main" />
</exclusive-start>
<af-start id="638" threadId="00000000022F6088" totalBytesRequested="40" timestamp="2019-07-02T20:42:24.443" intervalms="11.321" type="nursery" />
<cycle-start id="639" type="scavenge" contextid="0" timestamp="2019-07-02T20:42:24.443" intervalms="11.324" />
  <attribute name="GC Util" value="13" />
  <attribute name="CPU Util" value="1515466198888" />
  <attribute name="Time Running"value="5532"/>
  <attribute name="Number of cores"value="4"/>
<gc-start id="640" type="scavenge" contextid="639" timestamp="2019-07-02T20:42:24.443">
  <mem-info id="641" free="1680400" total="9175040" percent="18">
    <mem type="nursery" free="0" total="2883584" percent="0">
      <mem type="allocate" free="0" total="2097152" percent="0" />
      <mem type="survivor" free="0" total="786432" percent="0" />
    </mem>
    <mem type="tenure" free="1680400" total="6291456" percent="26">
      <mem type="soa" free="1366032" total="5977088" percent="22" />
      <mem type="loa" free="314368" total="314368" percent="100" />
    </mem>
    <remembered-set count="999" />
  </mem-info>
</gc-start>
<allocation-stats totalBytes="1861896" >
  <allocated-bytes non-tlh="24" tlh="1861872" />
  <largest-consumer threadName="main" threadId="00000000022F5700" bytes="1861896" />
</allocation-stats>
<gc-op id="642" type="scavenge" timems="0.712" contextid="639" timestamp="2019-07-02T20:42:24.444">
  <scavenger-info tenureage="3" tenuremask="7f08" tiltratio="72" />
  <memory-copied type="nursery" objects="7122" bytes="280696" bytesdiscarded="130040" />
  <memory-copied type="tenure" objects="1764" bytes="60336" bytesdiscarded="8" />
  <references type="weak" candidates="38" cleared="0" enqueued="0" />
</gc-op>
<heap-resize id="643" type="expand" space="nursery" amount="131072" count="1" timems="0.014" reason="excessive time being spent scavenging" timestamp="2019-07-02T20:42:24.444" />
<gc-end id="644" type="scavenge" contextid="639" durationms="1.247" usertimems="0.000" systemtimems="0.000" timestamp="2019-07-02T20:42:24.445" activeThreads="4">
  <mem-info id="645" free="3445904" total="9306112" percent="37">
    <mem type="nursery" free="1883008" total="3014656" percent="62">
      <mem type="allocate" free="1883008" total="2293760" percent="82" />
      <mem type="survivor" free="0" total="720896" percent="0" />
    </mem>
    <mem type="tenure" free="1562896" total="6291456" percent="24">
      <mem type="soa" free="1248528" total="5977088" percent="20" />
      <mem type="loa" free="314368" total="314368" percent="100" />
    </mem>
    <remembered-set count="757" />
  </mem-info>
</gc-end>
<cycle-end id="646" type="scavenge" contextid="639" timestamp="2019-07-02T20:42:24.445">
  <attribute name="GC Util" value="11" />
  <attribute name="CPU Util" value="1633210261923" />
  <attribute name="Time Running"value="5544"/>
  <attribute name="Number of cores"value="4"/>
</cycle-end>
<allocation-satisfied id="647" threadId="00000000022F5700" bytesRequested="40" />
<af-end id="648" timestamp="2019-07-02T20:42:24.445" threadId="00000000022F6088" success="true" from="nursery"/>
<exclusive-end id="649" timestamp="2019-07-02T20:42:24.445" durationms="2.134" />

<exclusive-start id="650" timestamp="2019-07-02T20:42:24.456" intervalms="12.982">
  <response-info timems="0.063" idlems="0.063" threads="0" lastid="00000000022F5700" lastname="main" />
</exclusive-start>
<af-start id="651" threadId="00000000022F6088" totalBytesRequested="32" timestamp="2019-07-02T20:42:24.456" intervalms="12.984" type="nursery" />
<cycle-start id="652" type="scavenge" contextid="0" timestamp="2019-07-02T20:42:24.456" intervalms="12.928" />
  <attribute name="GC Util" value="11" />
  <attribute name="CPU Util" value="1633210261923" />
  <attribute name="Time Running"value="5544"/>
  <attribute name="Number of cores"value="4"/>
<gc-start id="653" type="scavenge" contextid="652" timestamp="2019-07-02T20:42:24.456">
  <mem-info id="654" free="1561016" total="9306112" percent="16">
    <mem type="nursery" free="0" total="3014656" percent="0">
      <mem type="allocate" free="0" total="2293760" percent="0" />
      <mem type="survivor" free="0" total="720896" percent="0" />
    </mem>
    <mem type="tenure" free="1561016" total="6291456" percent="24">
      <mem type="soa" free="1246648" total="5977088" percent="20" />
      <mem type="loa" free="314368" total="314368" percent="100" />
    </mem>
    <remembered-set count="1051" />
  </mem-info>
</gc-start>
<allocation-stats totalBytes="1884696" >
  <allocated-bytes non-tlh="1920" tlh="1882776" />
  <largest-consumer threadName="main" threadId="00000000022F5700" bytes="1884696" />
</allocation-stats>
<gc-op id="655" type="scavenge" timems="0.879" contextid="652" timestamp="2019-07-02T20:42:24.457">
  <scavenger-info tenureage="3" tenuremask="7f08" tiltratio="76" />
  <memory-copied type="nursery" objects="7819" bytes="300872" bytesdiscarded="51616" />
  <memory-copied type="tenure" objects="1930" bytes="84952" bytesdiscarded="16" />
  <references type="weak" candidates="36" cleared="0" enqueued="0" />
</gc-op>
<gc-end id="656" type="scavenge" contextid="652" durationms="1.277" usertimems="0.000" systemtimems="0.000" timestamp="2019-07-02T20:42:24.457" activeThreads="4">
  <mem-info id="657" free="3555000" total="9306112" percent="38">
    <mem type="nursery" free="2072320" total="3014656" percent="68">
      <mem type="allocate" free="2072320" total="2424832" percent="85" />
      <mem type="survivor" free="0" total="589824" percent="0" />
    </mem>
    <mem type="tenure" free="1482680" total="6291456" percent="23">
      <mem type="soa" free="1168312" total="5977088" percent="19" />
      <mem type="loa" free="314368" total="314368" percent="100" />
    </mem>
    <remembered-set count="838" />
  </mem-info>
</gc-end>
<cycle-end id="658" type="scavenge" contextid="652" timestamp="2019-07-02T20:42:24.458">
  <attribute name="GC Util" value="10" />
  <attribute name="CPU Util" value="1436587907962" />
  <attribute name="Time Running"value="5557"/>
  <attribute name="Number of cores"value="4"/>
</cycle-end>
<allocation-satisfied id="659" threadId="00000000022F5700" bytesRequested="32" />
<af-end id="660" timestamp="2019-07-02T20:42:24.458" threadId="00000000022F6088" success="true" from="nursery"/>
<exclusive-end id="661" timestamp="2019-07-02T20:42:24.458" durationms="1.947" />

<exclusive-start id="662" timestamp="2019-07-02T20:42:24.472" intervalms="16.602">
  <response-info timems="0.075" idlems="0.075" threads="0" lastid="00000000022F5700" lastname="main" />
</exclusive-start>
<af-start id="663" threadId="00000000022F6088" totalBytesRequested="104" timestamp="2019-07-02T20:42:24.473" intervalms="16.607" type="nursery" />
<cycle-start id="664" type="scavenge" contextid="0" timestamp="2019-07-02T20:42:24.473" intervalms="16.609" />
  <attribute name="GC Util" value="10" />
  <attribute name="CPU Util" value="1436587907962" />
  <attribute name="Time Running"value="5557"/>
  <attribute name="Number of cores"value="4"/>
<gc-start id="665" type="scavenge" contextid="664" timestamp="2019-07-02T20:42:24.473">
  <mem-info id="666" free="1482392" total="9306112" percent="15">
    <mem type="nursery" free="0" total="3014656" percent="0">
      <mem type="allocate" free="0" total="2424832" percent="0" />
      <mem type="survivor" free="0" total="589824" percent="0" />
    </mem>
    <mem type="tenure" free="1482392" total="6291456" percent="23">
      <mem type="soa" free="1168024" total="5977088" percent="19" />
      <mem type="loa" free="314368" total="314368" percent="100" />
    </mem>
    <remembered-set count="984" />
  </mem-info>
</gc-start>
<allocation-stats totalBytes="2072184" >
  <allocated-bytes non-tlh="320" tlh="2071864" />
  <largest-consumer threadName="main" threadId="00000000022F5700" bytes="2072184" />
</allocation-stats>
<gc-op id="667" type="scavenge" timems="0.809" contextid="664" timestamp="2019-07-02T20:42:24.474">
  <scavenger-info tenureage="3" tenuremask="7f08" tiltratio="80" />
  <memory-copied type="nursery" objects="12894" bytes="546904" bytesdiscarded="42912" />
  <memory-copied type="tenure" objects="1634" bytes="63952" bytesdiscarded="24" />
  <references type="weak" candidates="16" cleared="0" enqueued="0" />
</gc-op>
<heap-resize id="668" type="expand" space="nursery" amount="131072" count="1" timems="0.013" reason="excessive time being spent scavenging" timestamp="2019-07-02T20:42:24.474" />
<gc-end id="669" type="scavenge" contextid="664" durationms="1.190" usertimems="4.000" systemtimems="0.000" timestamp="2019-07-02T20:42:24.474" activeThreads="4">
  <mem-info id="670" free="3051112" total="9437184" percent="32">
    <mem type="nursery" free="1638400" total="3145728" percent="52">
      <mem type="allocate" free="1638400" total="2228224" percent="73" />
      <mem type="survivor" free="0" total="917504" percent="0" />
    </mem>
    <mem type="tenure" free="1412712" total="6291456" percent="22">
      <mem type="soa" free="1098344" total="5977088" percent="18" />
      <mem type="loa" free="314368" total="314368" percent="100" />
    </mem>
    <remembered-set count="865" />
  </mem-info>
</gc-end>
<cycle-end id="671" type="scavenge" contextid="664" timestamp="2019-07-02T20:42:24.474">
  <attribute name="GC Util" value="7" />
  <attribute name="CPU Util" value="1118424673873" />
  <attribute name="Time Running"value="5573"/>
  <attribute name="Number of cores"value="4"/>
</cycle-end>
<allocation-satisfied id="672" threadId="00000000022F5700" bytesRequested="104" />
<af-end id="673" timestamp="2019-07-02T20:42:24.474" threadId="00000000022F6088" success="true" from="nursery"/>
<exclusive-end id="674" timestamp="2019-07-02T20:42:24.474" durationms="1.975" />

<exclusive-start id="675" timestamp="2019-07-02T20:42:24.522" intervalms="49.155">
  <response-info timems="0.021" idlems="0.021" threads="0" lastid="00000000022F5700" lastname="main" />
</exclusive-start>
<af-start id="676" threadId="00000000022F6088" totalBytesRequested="56" timestamp="2019-07-02T20:42:24.522" intervalms="49.204" type="nursery" />
<cycle-start id="677" type="scavenge" contextid="0" timestamp="2019-07-02T20:42:24.522" intervalms="49.264" />
  <attribute name="GC Util" value="7" />
  <attribute name="CPU Util" value="1118424673873" />
  <attribute name="Time Running"value="5573"/>
  <attribute name="Number of cores"value="4"/>
<gc-start id="678" type="scavenge" contextid="677" timestamp="2019-07-02T20:42:24.522">
  <mem-info id="679" free="1384560" total="9437184" percent="14">
    <mem type="nursery" free="0" total="3145728" percent="0">
      <mem type="allocate" free="0" total="2228224" percent="0" />
      <mem type="survivor" free="0" total="917504" percent="0" />
    </mem>
    <mem type="tenure" free="1384560" total="6291456" percent="22">
      <mem type="soa" free="1070192" total="5977088" percent="17" />
      <mem type="loa" free="314368" total="314368" percent="100" />
    </mem>
    <remembered-set count="1026" />
  </mem-info>
</gc-start>
<allocation-stats totalBytes="1665136" >
  <allocated-bytes non-tlh="27768" tlh="1637368" />
  <largest-consumer threadName="main" threadId="00000000022F5700" bytes="1665136" />
</allocation-stats>
<gc-op id="680" type="scavenge" timems="0.781" contextid="677" timestamp="2019-07-02T20:42:24.523">
  <scavenger-info tenureage="8" tenuremask="7f00" tiltratio="70" />
  <memory-copied type="nursery" objects="7942" bytes="350992" bytesdiscarded="79760" />
  <references type="soft" candidates="11" cleared="0" enqueued="0" dynamicThreshold="10" maxThreshold="32" />
  <references type="weak" candidates="22" cleared="0" enqueued="0" />
</gc-op>
<gc-end id="681" type="scavenge" contextid="677" durationms="1.103" usertimems="0.000" systemtimems="0.000" timestamp="2019-07-02T20:42:24.523" activeThreads="4">
  <mem-info id="682" free="3313048" total="9437184" percent="35">
    <mem type="nursery" free="1928488" total="3145728" percent="61">
      <mem type="allocate" free="1928488" total="2359296" percent="81" />
      <mem type="survivor" free="0" total="786432" percent="0" />
    </mem>
    <mem type="tenure" free="1384560" total="6291456" percent="22">
      <mem type="soa" free="1070192" total="5977088" percent="17" />
      <mem type="loa" free="314368" total="314368" percent="100" />
    </mem>
    <remembered-set count="993" />
  </mem-info>
</gc-end>
<cycle-end id="683" type="scavenge" contextid="677" timestamp="2019-07-02T20:42:24.523">
  <attribute name="GC Util" value="3" />
  <attribute name="CPU Util" value="372966794210" />
  <attribute name="Time Running"value="5623"/>
  <attribute name="Number of cores"value="4"/>
</cycle-end>
<allocation-satisfied id="684" threadId="00000000022F5700" bytesRequested="56" />
<af-end id="685" timestamp="2019-07-02T20:42:24.523" threadId="00000000022F6088" success="true" from="nursery"/>
<exclusive-end id="686" timestamp="2019-07-02T20:42:24.523" durationms="1.865" />

<exclusive-start id="687" timestamp="2019-07-02T20:42:24.559" intervalms="37.320">
  <response-info timems="0.103" idlems="0.103" threads="0" lastid="00000000022F5700" lastname="main" />
</exclusive-start>
<af-start id="688" threadId="00000000022F6088" totalBytesRequested="48" timestamp="2019-07-02T20:42:24.559" intervalms="37.330" type="nursery" />
<cycle-start id="689" type="scavenge" contextid="0" timestamp="2019-07-02T20:42:24.559" intervalms="37.269" />
  <attribute name="GC Util" value="3" />
  <attribute name="CPU Util" value="372966794210" />
  <attribute name="Time Running"value="5623"/>
  <attribute name="Number of cores"value="4"/>
<gc-start id="690" type="scavenge" contextid="689" timestamp="2019-07-02T20:42:24.559">
  <mem-info id="691" free="1354688" total="9437184" percent="14">
    <mem type="nursery" free="0" total="3145728" percent="0">
      <mem type="allocate" free="0" total="2359296" percent="0" />
      <mem type="survivor" free="0" total="786432" percent="0" />
    </mem>
    <mem type="tenure" free="1354688" total="6291456" percent="21">
      <mem type="soa" free="1040320" total="5977088" percent="17" />
      <mem type="loa" free="314368" total="314368" percent="100" />
    </mem>
    <remembered-set count="1479" />
  </mem-info>
</gc-start>
<allocation-stats totalBytes="1956096" >
  <allocated-bytes non-tlh="229936" tlh="1726160" />
  <largest-consumer threadName="main" threadId="00000000022F5700" bytes="1956096" />
</allocation-stats>
<gc-op id="692" type="scavenge" timems="1.063" contextid="689" timestamp="2019-07-02T20:42:24.561">
  <scavenger-info tenureage="4" tenuremask="7f10" tiltratio="75" />
  <memory-copied type="nursery" objects="10119" bytes="766424" bytesdiscarded="19800" />
  <memory-copied type="tenure" objects="5483" bytes="217560" bytesdiscarded="168" />
  <copy-failed type="nursery" objects="2307" bytes="95200" />
  <references type="soft" candidates="223" cleared="0" enqueued="0" dynamicThreshold="10" maxThreshold="32" />
  <references type="weak" candidates="412" cleared="18" enqueued="12" />
  <references type="phantom" candidates="1" cleared="0" enqueued="0" />
</gc-op>
<gc-end id="693" type="scavenge" contextid="689" durationms="1.359" usertimems="0.000" systemtimems="0.000" timestamp="2019-07-02T20:42:24.561" activeThreads="4">
  <mem-info id="694" free="2045656" total="9437184" percent="21">
    <mem type="nursery" free="851968" total="3145728" percent="27">
      <mem type="allocate" free="851968" total="1638400" percent="52" />
      <mem type="survivor" free="0" total="1507328" percent="0" />
    </mem>
    <mem type="tenure" free="1193688" total="6291456" percent="18">
      <mem type="soa" free="879320" total="5977088" percent="14" />
      <mem type="loa" free="314368" total="314368" percent="100" />
    </mem>
    <pending-finalizers system="0" default="0" reference="12" classloader="0" />
    <remembered-set count="1754" />
  </mem-info>
</gc-end>
<cycle-end id="695" type="scavenge" contextid="689" timestamp="2019-07-02T20:42:24.561">
  <attribute name="GC Util" value="3" />
  <attribute name="CPU Util" value="2" />
  <attribute name="Time Running"value="5660"/>
  <attribute name="Number of cores"value="4"/>
</cycle-end>
<allocation-satisfied id="696" threadId="00000000022F5700" bytesRequested="48" />
<af-end id="697" timestamp="2019-07-02T20:42:24.561" threadId="00000000022F6088" success="true" from="nursery"/>
<exclusive-end id="698" timestamp="2019-07-02T20:42:24.561" durationms="2.155" />

<exclusive-start id="699" timestamp="2019-07-02T20:42:24.563" intervalms="4.456">
  <response-info timems="0.024" idlems="0.024" threads="0" lastid="00000000022F5700" lastname="main" />
</exclusive-start>
<af-start id="700" threadId="00000000022F6088" totalBytesRequested="48" timestamp="2019-07-02T20:42:24.563" intervalms="4.357" type="nursery" />
<cycle-start id="701" type="scavenge" contextid="0" timestamp="2019-07-02T20:42:24.564" intervalms="4.313" />
  <attribute name="GC Util" value="3" />
  <attribute name="CPU Util" value="2" />
  <attribute name="Time Running"value="5660"/>
  <attribute name="Number of cores"value="4"/>
<gc-start id="702" type="scavenge" contextid="701" timestamp="2019-07-02T20:42:24.564">
  <mem-info id="703" free="1193688" total="9437184" percent="12">
    <mem type="nursery" free="0" total="3145728" percent="0">
      <mem type="allocate" free="0" total="1638400" percent="0" />
      <mem type="survivor" free="0" total="1507328" percent="0" />
    </mem>
    <mem type="tenure" free="1193688" total="6291456" percent="18">
      <mem type="soa" free="879320" total="5977088" percent="14" />
      <mem type="loa" free="314368" total="314368" percent="100" />
    </mem>
    <remembered-set count="1756" />
  </mem-info>
</gc-start>
<allocation-stats totalBytes="851824" >
  <allocated-bytes non-tlh="48" tlh="851776" />
  <largest-consumer threadName="main" threadId="00000000022F5700" bytes="847728" />
</allocation-stats>
<gc-op id="704" type="scavenge" timems="0.874" contextid="701" timestamp="2019-07-02T20:42:24.565">
  <scavenger-info tenureage="2" tenuremask="7f94" tiltratio="52" />
  <memory-copied type="nursery" objects="9155" bytes="687952" bytesdiscarded="150432" />
  <memory-copied type="tenure" objects="2161" bytes="124808" bytesdiscarded="8" />
  <references type="soft" candidates="213" cleared="0" enqueued="0" dynamicThreshold="10" maxThreshold="32" />
  <references type="weak" candidates="372" cleared="0" enqueued="0" />
  <references type="phantom" candidates="1" cleared="0" enqueued="0" />
</gc-op>
<heap-resize id="705" type="expand" space="nursery" amount="524288" count="1" timems="0.013" reason="excessive time being spent scavenging" timestamp="2019-07-02T20:42:24.565" />
<gc-end id="706" type="scavenge" contextid="701" durationms="1.109" usertimems="0.000" systemtimems="0.000" timestamp="2019-07-02T20:42:24.565" activeThreads="4">
  <mem-info id="707" free="2244368" total="9961472" percent="22">
    <mem type="nursery" free="1193136" total="3670016" percent="32">
      <mem type="allocate" free="1193136" total="2031616" percent="58" />
      <mem type="survivor" free="0" total="1638400" percent="0" />
    </mem>
    <mem type="tenure" free="1051232" total="6291456" percent="16">
      <mem type="soa" free="736864" total="5977088" percent="12" />
      <mem type="loa" free="314368" total="314368" percent="100" />
    </mem>
    <remembered-set count="978" />
  </mem-info>
</gc-end>
<cycle-end id="708" type="scavenge" contextid="701" timestamp="2019-07-02T20:42:24.565">
  <attribute name="GC Util" value="50" />
  <attribute name="CPU Util" value="4430057002101" />
  <attribute name="Time Running"value="5664"/>
  <attribute name="Number of cores"value="4"/>
</cycle-end>
<allocation-satisfied id="709" threadId="00000000022F5700" bytesRequested="48" />
<af-end id="710" timestamp="2019-07-02T20:42:24.565" threadId="00000000022F6088" success="true" from="nursery"/>
<exclusive-end id="711" timestamp="2019-07-02T20:42:24.565" durationms="1.510" />

<exclusive-start id="712" timestamp="2019-07-02T20:42:24.569" intervalms="5.224">
  <response-info timems="0.059" idlems="0.059" threads="0" lastid="00000000022F5700" lastname="main" />
</exclusive-start>
<af-start id="713" threadId="00000000022F6088" totalBytesRequested="32" timestamp="2019-07-02T20:42:24.569" intervalms="5.220" type="nursery" />
<cycle-start id="714" type="scavenge" contextid="0" timestamp="2019-07-02T20:42:24.569" intervalms="5.220" />
  <attribute name="GC Util" value="50" />
  <attribute name="CPU Util" value="4430057002101" />
  <attribute name="Time Running"value="5664"/>
  <attribute name="Number of cores"value="4"/>
<gc-start id="715" type="scavenge" contextid="714" timestamp="2019-07-02T20:42:24.569">
  <mem-info id="716" free="1051232" total="9961472" percent="10">
    <mem type="nursery" free="0" total="3670016" percent="0">
      <mem type="allocate" free="0" total="2031616" percent="0" />
      <mem type="survivor" free="0" total="1638400" percent="0" />
    </mem>
    <mem type="tenure" free="1051232" total="6291456" percent="16">
      <mem type="soa" free="736864" total="5977088" percent="12" />
      <mem type="loa" free="314368" total="314368" percent="100" />
    </mem>
    <remembered-set count="978" />
  </mem-info>
</gc-start>
<allocation-stats totalBytes="1192896" >
  <allocated-bytes non-tlh="48" tlh="1192848" />
  <largest-consumer threadName="main" threadId="00000000022F5700" bytes="1192896" />
</allocation-stats>
<gc-op id="717" type="scavenge" timems="0.858" contextid="714" timestamp="2019-07-02T20:42:24.570">
  <scavenger-info tenureage="4" tenuremask="7fd0" tiltratio="55" />
  <memory-copied type="nursery" objects="11455" bytes="775352" bytesdiscarded="72512" />
  <memory-copied type="tenure" objects="282" bytes="7896" bytesdiscarded="0" />
  <references type="soft" candidates="213" cleared="0" enqueued="0" dynamicThreshold="10" maxThreshold="32" />
  <references type="weak" candidates="372" cleared="0" enqueued="0" />
  <references type="phantom" candidates="1" cleared="0" enqueued="0" />
</gc-op>
<heap-resize id="718" type="expand" space="nursery" amount="393216" count="1" timems="0.011" reason="excessive time being spent scavenging" timestamp="2019-07-02T20:42:24.570" />
<gc-end id="719" type="scavenge" contextid="714" durationms="1.176" usertimems="0.000" systemtimems="0.000" timestamp="2019-07-02T20:42:24.570" activeThreads="4">
  <mem-info id="720" free="2759176" total="10354688" percent="26">
    <mem type="nursery" free="1707944" total="4063232" percent="42">
      <mem type="allocate" free="1707944" total="2555904" percent="66" />
      <mem type="survivor" free="0" total="1507328" percent="0" />
    </mem>
    <mem type="tenure" free="1051232" total="6291456" percent="16">
      <mem type="soa" free="736864" total="5977088" percent="12" />
      <mem type="loa" free="314368" total="314368" percent="100" />
    </mem>
    <remembered-set count="187" />
  </mem-info>
</gc-end>
<cycle-end id="721" type="scavenge" contextid="714" timestamp="2019-07-02T20:42:24.570">
  <attribute name="GC Util" value="32" />
  <attribute name="CPU Util" value="3530545579428" />
  <attribute name="Time Running"value="5669"/>
  <attribute name="Number of cores"value="4"/>
</cycle-end>
<allocation-satisfied id="722" threadId="00000000022F5700" bytesRequested="32" />
<af-end id="723" timestamp="2019-07-02T20:42:24.570" threadId="00000000022F6088" success="true" from="nursery"/>
<exclusive-end id="724" timestamp="2019-07-02T20:42:24.570" durationms="1.809" />

<exclusive-start id="725" timestamp="2019-07-02T20:42:24.579" intervalms="10.619">
  <response-info timems="0.057" idlems="0.057" threads="0" lastid="00000000022F5700" lastname="main" />
</exclusive-start>
<af-start id="726" threadId="00000000022F6088" totalBytesRequested="32" timestamp="2019-07-02T20:42:24.579" intervalms="10.668" type="nursery" />
<cycle-start id="727" type="scavenge" contextid="0" timestamp="2019-07-02T20:42:24.579" intervalms="10.751" />
  <attribute name="GC Util" value="32" />
  <attribute name="CPU Util" value="3530545579428" />
  <attribute name="Time Running"value="5669"/>
  <attribute name="Number of cores"value="4"/>
<gc-start id="728" type="scavenge" contextid="727" timestamp="2019-07-02T20:42:24.580">
  <mem-info id="729" free="1048888" total="10354688" percent="10">
    <mem type="nursery" free="0" total="4063232" percent="0">
      <mem type="allocate" free="0" total="2555904" percent="0" />
      <mem type="survivor" free="0" total="1507328" percent="0" />
    </mem>
    <mem type="tenure" free="1048888" total="6291456" percent="16">
      <mem type="soa" free="734520" total="5977088" percent="12" />
      <mem type="loa" free="314368" total="314368" percent="100" />
    </mem>
    <remembered-set count="225" />
  </mem-info>
</gc-start>
<allocation-stats totalBytes="1710056" >
  <allocated-bytes non-tlh="2376" tlh="1707680" />
  <largest-consumer threadName="main" threadId="00000000022F5700" bytes="1710056" />
</allocation-stats>
<gc-op id="730" type="scavenge" timems="1.050" contextid="727" timestamp="2019-07-02T20:42:24.581">
  <scavenger-info tenureage="2" tenuremask="7fec" tiltratio="62" />
  <memory-copied type="nursery" objects="5077" bytes="189016" bytesdiscarded="59800" />
  <memory-copied type="tenure" objects="8862" bytes="679464" bytesdiscarded="1800" />
  <references type="weak" candidates="18" cleared="0" enqueued="0" />
</gc-op>
<heap-resize id="731" type="expand" space="nursery" amount="262144" count="1" timems="0.012" reason="excessive time being spent scavenging" timestamp="2019-07-02T20:42:24.581" />
<gc-end id="732" type="scavenge" contextid="727" durationms="1.472" usertimems="0.000" systemtimems="0.000" timestamp="2019-07-02T20:42:24.581" activeThreads="4">
  <mem-info id="733" free="3080880" total="10616832" percent="29">
    <mem type="nursery" free="2700288" total="4325376" percent="62">
      <mem type="allocate" free="2700288" total="2949120" percent="91" />
      <mem type="survivor" free="0" total="1376256" percent="0" />
    </mem>
    <mem type="tenure" free="380592" total="6291456" percent="6">
      <mem type="soa" free="266232" total="5977088" percent="4" />
      <mem type="loa" free="114360" total="314368" percent="36" />
    </mem>
    <remembered-set count="572" />
  </mem-info>
</gc-end>
<cycle-end id="734" type="scavenge" contextid="727" timestamp="2019-07-02T20:42:24.581">
  <attribute name="GC Util" value="16" />
  <attribute name="CPU Util" value="1682535678308" />
  <attribute name="Time Running"value="5680"/>
  <attribute name="Number of cores"value="4"/>
</cycle-end>
<allocation-satisfied id="735" threadId="00000000022F5700" bytesRequested="32" />
<af-end id="736" timestamp="2019-07-02T20:42:24.581" threadId="00000000022F6088" success="true" from="nursery"/>
<exclusive-end id="737" timestamp="2019-07-02T20:42:24.581" durationms="2.081" />

<concurrent-kickoff id="738" timestamp="2019-07-02T20:42:24.589">
  <kickoff reason="threshold reached" targetBytes="1833873" thresholdFreeBytes="254370"  remainingFree="209920" tenureFreeBytes="380384" nurseryFreeBytes="209920" />
</concurrent-kickoff>
<exclusive-start id="739" timestamp="2019-07-02T20:42:24.589" intervalms="10.283">
  <response-info timems="0.066" idlems="0.066" threads="0" lastid="00000000022F5700" lastname="main" />
</exclusive-start>
<cycle-start id="740" type="global" contextid="0" timestamp="2019-07-02T20:42:24.590" intervalms="191.978" />
  <attribute name="GC Util" value="16" />
  <attribute name="CPU Util" value="1682535678308" />
  <attribute name="Time Running"value="5680"/>
  <attribute name="Number of cores"value="4"/>
<exclusive-end id="741" timestamp="2019-07-02T20:42:24.590" durationms="0.175" />

<exclusive-start id="742" timestamp="2019-07-02T20:42:24.592" intervalms="2.061">
  <response-info timems="0.021" idlems="0.021" threads="0" lastid="00000000022F5700" lastname="main" />
</exclusive-start>
<af-start id="743" threadId="00000000022F6088" totalBytesRequested="176" timestamp="2019-07-02T20:42:24.592" intervalms="12.329" type="nursery" />
<cycle-start id="744" type="scavenge" contextid="0" timestamp="2019-07-02T20:42:24.592" intervalms="12.290" />
  <attribute name="GC Util" value="16" />
  <attribute name="CPU Util" value="1682535678308" />
  <attribute name="Time Running"value="5680"/>
  <attribute name="Number of cores"value="4"/>
<gc-start id="745" type="scavenge" contextid="744" timestamp="2019-07-02T20:42:24.592">
  <mem-info id="746" free="380384" total="10616832" percent="3">
    <mem type="nursery" free="0" total="4325376" percent="0">
      <mem type="allocate" free="0" total="2949120" percent="0" />
      <mem type="survivor" free="0" total="1376256" percent="0" />
    </mem>
    <mem type="tenure" free="380384" total="6291456" percent="6">
      <mem type="soa" free="266024" total="5977088" percent="4" />
      <mem type="loa" free="114360" total="314368" percent="36" />
    </mem>
    <remembered-set count="885" />
  </mem-info>
</gc-start>
<allocation-stats totalBytes="2699688" >
  <allocated-bytes non-tlh="240" tlh="2699448" />
  <largest-consumer threadName="main" threadId="00000000022F5700" bytes="2699688" />
</allocation-stats>
<gc-op id="747" type="scavenge" timems="0.688" contextid="744" timestamp="2019-07-02T20:42:24.593">
  <scavenger-info tenureage="6" tenuremask="7fc0" tiltratio="68" />
  <memory-copied type="nursery" objects="11188" bytes="458168" bytesdiscarded="162368" />
  <references type="weak" candidates="18" cleared="0" enqueued="0" />
</gc-op>
<gc-end id="748" type="scavenge" contextid="744" durationms="0.988" usertimems="4.000" systemtimems="0.000" timestamp="2019-07-02T20:42:24.593" activeThreads="4">
  <mem-info id="749" free="2971104" total="10616832" percent="27">
    <mem type="nursery" free="2590720" total="4325376" percent="59">
      <mem type="allocate" free="2590720" total="3211264" percent="80" />
      <mem type="survivor" free="0" total="1114112" percent="0" />
    </mem>
    <mem type="tenure" free="380384" total="6291456" percent="6">
      <mem type="soa" free="266024" total="5977088" percent="4" />
      <mem type="loa" free="114360" total="314368" percent="36" />
    </mem>
    <remembered-set count="877" />
  </mem-info>
</gc-end>
<cycle-end id="750" type="scavenge" contextid="744" timestamp="2019-07-02T20:42:24.593">
  <attribute name="GC Util" value="15" />
  <attribute name="CPU Util" value="1498263215940" />
  <attribute name="Time Running"value="5692"/>
  <attribute name="Number of cores"value="4"/>
</cycle-end>
<allocation-satisfied id="751" threadId="00000000022F5700" bytesRequested="176" />
<af-end id="752" timestamp="2019-07-02T20:42:24.595" threadId="00000000022F6088" success="true" from="nursery"/>
<exclusive-end id="753" timestamp="2019-07-02T20:42:24.595" durationms="3.334" />

<exclusive-start id="754" timestamp="2019-07-02T20:42:24.610" intervalms="18.315">
  <response-info timems="0.070" idlems="0.070" threads="0" lastid="00000000022F5700" lastname="main" />
</exclusive-start>
<af-start id="755" threadId="00000000022F6088" totalBytesRequested="40" timestamp="2019-07-02T20:42:24.610" intervalms="18.329" type="nursery" />
<cycle-start id="756" type="scavenge" contextid="0" timestamp="2019-07-02T20:42:24.610" intervalms="18.334" />
  <attribute name="GC Util" value="15" />
  <attribute name="CPU Util" value="1498263215940" />
  <attribute name="Time Running"value="5692"/>
  <attribute name="Number of cores"value="4"/>
<gc-start id="757" type="scavenge" contextid="756" timestamp="2019-07-02T20:42:24.610">
  <mem-info id="758" free="369888" total="10616832" percent="3">
    <mem type="nursery" free="0" total="4325376" percent="0">
      <mem type="allocate" free="0" total="3211264" percent="0" />
      <mem type="survivor" free="0" total="1114112" percent="0" />
    </mem>
    <mem type="tenure" free="369888" total="6291456" percent="5">
      <mem type="soa" free="255528" total="5977088" percent="4" />
      <mem type="loa" free="114360" total="314368" percent="36" />
    </mem>
    <remembered-set count="981" />
  </mem-info>
</gc-start>
<allocation-stats totalBytes="2600880" >
  <allocated-bytes non-tlh="210680" tlh="2390200" />
  <largest-consumer threadName="main" threadId="00000000022F5700" bytes="2600880" />
</allocation-stats>
<gc-op id="759" type="scavenge" timems="0.792" contextid="756" timestamp="2019-07-02T20:42:24.611">
  <scavenger-info tenureage="6" tenuremask="7fc0" tiltratio="74" />
  <memory-copied type="nursery" objects="10059" bytes="653696" bytesdiscarded="85904" />
  <references type="soft" candidates="1" cleared="0" enqueued="0" dynamicThreshold="10" maxThreshold="32" />
  <references type="weak" candidates="18" cleared="0" enqueued="0" />
  <references type="phantom" candidates="1" cleared="0" enqueued="0" />
</gc-op>
<gc-end id="760" type="scavenge" contextid="756" durationms="1.245" usertimems="0.000" systemtimems="0.000" timestamp="2019-07-02T20:42:24.612" activeThreads="4">
  <mem-info id="761" free="2972560" total="10616832" percent="27">
    <mem type="nursery" free="2602672" total="4325376" percent="60">
      <mem type="allocate" free="2602672" total="3342336" percent="77" />
      <mem type="survivor" free="0" total="983040" percent="0" />
    </mem>
    <mem type="tenure" free="369888" total="6291456" percent="5">
      <mem type="soa" free="255528" total="5977088" percent="4" />
      <mem type="loa" free="114360" total="314368" percent="36" />
    </mem>
    <remembered-set count="950" />
  </mem-info>
</gc-end>
<cycle-end id="762" type="scavenge" contextid="756" timestamp="2019-07-02T20:42:24.612">
  <attribute name="GC Util" value="7" />
  <attribute name="CPU Util" value="1001664798402" />
  <attribute name="Time Running"value="5711"/>
  <attribute name="Number of cores"value="4"/>
</cycle-end>
<concurrent-collection-start id="763" timestamp="2019-07-02T20:42:24.612" intervalms="207.152" >
  <concurrent-trace-info reason="card cleaning threshold reached" tracedByMutators="570372" tracedByHelpers="1365956" cardsCleaned="39" workStackOverflowCount="0" />
</concurrent-collection-start>
<gc-start id="764" type="global" contextid="740" timestamp="2019-07-02T20:42:24.612">
  <mem-info id="765" free="2972520" total="10616832" percent="27">
    <mem type="nursery" free="2602632" total="4325376" percent="60">
      <mem type="allocate" free="2602632" total="3342336" percent="77" />
      <mem type="survivor" free="0" total="983040" percent="0" />
    </mem>
    <mem type="tenure" free="369888" total="6291456" percent="5">
      <mem type="soa" free="255528" total="5977088" percent="4" />
      <mem type="loa" free="114360" total="314368" percent="36" />
    </mem>
    <remembered-set count="950" />
  </mem-info>
</gc-start>
<allocation-stats totalBytes="40" >
  <allocated-bytes non-tlh="40" tlh="0" />
  <largest-consumer threadName="main" threadId="00000000022F5700" bytes="40" />
</allocation-stats>
<gc-op id="766" type="rs-scan" timems="0.161" contextid="740" timestamp="2019-07-02T20:42:24.612">
  <scan objectsFound="184" bytesTraced="10908" workStackOverflowCount="0" />
</gc-op>
<gc-op id="767" type="card-cleaning" timems="0.078" contextid="740" timestamp="2019-07-02T20:42:24.612">
  <card-cleaning cardsCleaned="5" bytesTraced="5816" workStackOverflowCount="0" />
</gc-op>
<gc-op id="768" type="mark" timems="2.105" contextid="740" timestamp="2019-07-02T20:42:24.614">
  <trace-info objectcount="2579" scancount="2421" scanbytes="97336" />
  <finalization candidates="80" enqueued="0" />
  <ownableSynchronizers candidates="21" cleared="0" />
  <references type="soft" candidates="1320" cleared="0" enqueued="0" dynamicThreshold="10" maxThreshold="32" />
  <references type="weak" candidates="4151" cleared="2" enqueued="1" />
  <references type="phantom" candidates="73" cleared="0" enqueued="0" />
  <stringconstants candidates="8390" cleared="0"  />
</gc-op>
<gc-op id="769" type="classunload" timems="0.003" contextid="740" timestamp="2019-07-02T20:42:24.615">
  <classunload-info classloadercandidates="15" classloadersunloaded="0" classesunloaded="0" anonymousclassesunloaded="0" quiescems="0.000" setupms="0.002" scanms="0.001" postms="0.000" />
</gc-op>
<gc-op id="770" type="sweep" timems="0.281" contextid="740" timestamp="2019-07-02T20:42:24.615" />
<gc-end id="771" type="global" contextid="740" durationms="3.238" usertimems="4.000" systemtimems="0.000" timestamp="2019-07-02T20:42:24.615" activeThreads="4">
  <mem-info id="772" free="5110816" total="10616832" percent="48">
    <mem type="nursery" free="2980368" total="4325376" percent="68">
      <mem type="allocate" free="2980368" total="3342336" percent="89" />
      <mem type="survivor" free="0" total="983040" percent="0" />
    </mem>
    <mem type="tenure" free="2130448" total="6291456" percent="33" micro-fragmented="110678" macro-fragmented="0">
      <mem type="soa" free="1816080" total="5977088" percent="30" />
      <mem type="loa" free="314368" total="314368" percent="100" />
    </mem>
    <pending-finalizers system="0" default="0" reference="1" classloader="0" />
    <remembered-set count="204" />
  </mem-info>
</gc-end>
<cycle-end id="773" type="global" contextid="740" timestamp="2019-07-02T20:42:24.615">
  <attribute name="GC Util" value="73" />
  <attribute name="CPU Util" value="7810783945469" />
  <attribute name="Time Running"value="5715"/>
  <attribute name="Number of cores"value="4"/>
</cycle-end>
<concurrent-collection-end id="774" timestamp="2019-07-02T20:42:24.615" />
<allocation-satisfied id="775" threadId="00000000022F5700" bytesRequested="40" />
<af-end id="776" timestamp="2019-07-02T20:42:24.616" threadId="00000000022F6088" success="true" from="nursery"/>
<exclusive-end id="777" timestamp="2019-07-02T20:42:24.616" durationms="5.915" />

<exclusive-start id="778" timestamp="2019-07-02T20:42:24.659" intervalms="49.425">
  <response-info timems="0.018" idlems="0.018" threads="0" lastid="00000000022F5700" lastname="main" />
</exclusive-start>
<sys-start reason="explicit" id="779" timestamp="2019-07-02T20:42:24.659" intervalms="5862.988" />
<cycle-start id="780" type="global" contextid="0" timestamp="2019-07-02T20:42:24.659" intervalms="69.853" />
  <attribute name="GC Util" value="73" />
  <attribute name="CPU Util" value="7810783945469" />
  <attribute name="Time Running"value="5715"/>
  <attribute name="Number of cores"value="4"/>
<gc-start id="781" type="global" contextid="780" timestamp="2019-07-02T20:42:24.660">
  <mem-info id="782" free="2998760" total="10616832" percent="28">
    <mem type="nursery" free="892104" total="4325376" percent="20">
      <mem type="allocate" free="892104" total="3342336" percent="26" />
      <mem type="survivor" free="0" total="983040" percent="0" />
    </mem>
    <mem type="tenure" free="2106656" total="6291456" percent="33">
      <mem type="soa" free="1792288" total="5977088" percent="29" />
      <mem type="loa" free="314368" total="314368" percent="100" />
    </mem>
    <remembered-set count="719" />
  </mem-info>
</gc-start>
<allocation-stats totalBytes="2109536" >
  <allocated-bytes non-tlh="223040" tlh="1886496" />
  <largest-consumer threadName="main" threadId="00000000022F5700" bytes="2109536" />
</allocation-stats>
<gc-op id="783" type="mark" timems="3.262" contextid="780" timestamp="2019-07-02T20:42:24.663">
  <trace-info objectcount="74387" scancount="62150" scanbytes="2116600" />
  <finalization candidates="80" enqueued="0" />
  <ownableSynchronizers candidates="21" cleared="0" />
  <references type="soft" candidates="1640" cleared="0" enqueued="0" dynamicThreshold="10" maxThreshold="32" />
  <references type="weak" candidates="4435" cleared="48" enqueued="38" />
  <references type="phantom" candidates="74" cleared="2" enqueued="2" />
  <stringconstants candidates="8662" cleared="15"  />
</gc-op>
<gc-op id="784" type="classunload" timems="0.604" contextid="780" timestamp="2019-07-02T20:42:24.664">
  <classunload-info classloadercandidates="17" classloadersunloaded="1" classesunloaded="1" anonymousclassesunloaded="0" quiescems="0.000" setupms="0.596" scanms="0.006" postms="0.002" />
</gc-op>
<gc-op id="785" type="sweep" timems="0.284" contextid="780" timestamp="2019-07-02T20:42:24.664" />
<mem-info id="786" free="5166768" total="10616832" percent="48">
  <mem type="nursery" free="3046992" total="4325376" percent="70">
    <mem type="allocate" free="3046992" total="3342336" percent="91" />
    <mem type="survivor" free="0" total="983040" percent="0" />
  </mem>
  <mem type="tenure" free="2119776" total="6291456" percent="33" micro-fragmented="99377" macro-fragmented="0">
    <mem type="soa" free="1805408" total="5977088" percent="30" />
    <mem type="loa" free="314368" total="314368" percent="100" />
  </mem>
  <pending-finalizers system="0" default="0" reference="40" classloader="0" />
  <remembered-set count="681" />
</mem-info>
<gc-op id="787" type="compact" timems="19.914" contextid="780" timestamp="2019-07-02T20:42:24.684">
  <compact-info movecount="71181" movebytes="4122040" reason="compact on aggressive collection" />
</gc-op>
<gc-end id="788" type="global" contextid="780" durationms="25.138" usertimems="28.000" systemtimems="0.000" timestamp="2019-07-02T20:42:24.685" activeThreads="4">
  <mem-info id="789" free="5366656" total="10616832" percent="50">
    <mem type="nursery" free="3156872" total="4325376" percent="72">
      <mem type="allocate" free="3156872" total="3342336" percent="94" />
      <mem type="survivor" free="0" total="983040" percent="0" />
    </mem>
    <mem type="tenure" free="2209784" total="6291456" percent="35">
      <mem type="soa" free="1895416" total="5977088" percent="31" />
      <mem type="loa" free="314368" total="314368" percent="100" />
    </mem>
    <pending-finalizers system="0" default="0" reference="40" classloader="0" />
    <remembered-set count="681" />
  </mem-info>
</gc-end>
<cycle-end id="790" type="global" contextid="780" timestamp="2019-07-02T20:42:24.685">
  <attribute name="GC Util" value="14" />
  <attribute name="CPU Util" value="25592929922623" />
  <attribute name="Time Running"value="5765"/>
  <attribute name="Number of cores"value="4"/>
</cycle-end>
<sys-end id="791" timestamp="2019-07-02T20:42:24.685" />
<exclusive-end id="792" timestamp="2019-07-02T20:42:24.685" durationms="25.854" />

<exclusive-start id="793" timestamp="2019-07-02T20:42:24.717" intervalms="57.370">
  <response-info timems="0.058" idlems="0.058" threads="0" lastid="00000000022F5700" lastname="main" />
</exclusive-start>
<af-start id="794" threadId="00000000022F6088" totalBytesRequested="32" timestamp="2019-07-02T20:42:24.717" intervalms="106.847" type="nursery" />
<cycle-start id="795" type="scavenge" contextid="0" timestamp="2019-07-02T20:42:24.717" intervalms="106.866" />
  <attribute name="GC Util" value="14" />
  <attribute name="CPU Util" value="25592929922623" />
  <attribute name="Time Running"value="5765"/>
  <attribute name="Number of cores"value="4"/>
<gc-start id="796" type="scavenge" contextid="795" timestamp="2019-07-02T20:42:24.717">
  <mem-info id="797" free="2207648" total="10616832" percent="20">
    <mem type="nursery" free="0" total="4325376" percent="0">
      <mem type="allocate" free="0" total="3342336" percent="0" />
      <mem type="survivor" free="0" total="983040" percent="0" />
    </mem>
    <mem type="tenure" free="2207648" total="6291456" percent="35">
      <mem type="soa" free="1893280" total="5977088" percent="31" />
      <mem type="loa" free="314368" total="314368" percent="100" />
    </mem>
    <remembered-set count="740" />
  </mem-info>
</gc-start>
<allocation-stats totalBytes="3158280" >
  <allocated-bytes non-tlh="529840" tlh="2628440" />
  <largest-consumer threadName="main" threadId="00000000022F5700" bytes="3150032" />
</allocation-stats>
<gc-op id="798" type="scavenge" timems="0.911" contextid="795" timestamp="2019-07-02T20:42:24.718">
  <scavenger-info tenureage="3" tenuremask="7fd8" tiltratio="77" />
  <memory-copied type="nursery" objects="9584" bytes="982736" bytesdiscarded="40" />
  <memory-copied type="tenure" objects="5035" bytes="250712" bytesdiscarded="48" />
  <copy-failed type="nursery" objects="5239" bytes="261552" />
  <ownableSynchronizers candidates="42" cleared="42" />
  <references type="soft" candidates="314" cleared="0" enqueued="0" dynamicThreshold="11" maxThreshold="32" />
  <references type="weak" candidates="254" cleared="10" enqueued="10" />
  <references type="phantom" candidates="6" cleared="2" enqueued="2" />
</gc-op>
<gc-end id="799" type="scavenge" contextid="795" durationms="1.195" usertimems="4.000" systemtimems="0.000" timestamp="2019-07-02T20:42:24.718" activeThreads="4">
  <mem-info id="800" free="2951832" total="10616832" percent="27">
    <mem type="nursery" free="1310720" total="4325376" percent="30">
      <mem type="allocate" free="1310720" total="2293760" percent="57" />
      <mem type="survivor" free="0" total="2031616" percent="0" />
    </mem>
    <mem type="tenure" free="1641112" total="6291456" percent="26">
      <mem type="soa" free="1326744" total="5977088" percent="22" />
      <mem type="loa" free="314368" total="314368" percent="100" />
    </mem>
    <pending-finalizers system="0" default="0" reference="12" classloader="0" />
    <remembered-set count="3942" />
  </mem-info>
</gc-end>
<cycle-end id="801" type="scavenge" contextid="795" timestamp="2019-07-02T20:42:24.719">
  <attribute name="GC Util" value="45" />
  <attribute name="CPU Util" value="349317946982" />
  <attribute name="Time Running"value="5817"/>
  <attribute name="Number of cores"value="4"/>
</cycle-end>
<allocation-satisfied id="802" threadId="00000000022F5700" bytesRequested="32" />
<af-end id="803" timestamp="2019-07-02T20:42:24.719" threadId="00000000022F6088" success="true" from="nursery"/>
<exclusive-end id="804" timestamp="2019-07-02T20:42:24.719" durationms="2.169" />

<exclusive-start id="805" timestamp="2019-07-02T20:42:24.722" intervalms="5.353">
  <response-info timems="0.055" idlems="0.055" threads="0" lastid="00000000022F5700" lastname="main" />
</exclusive-start>
<af-start id="806" threadId="00000000022F6088" totalBytesRequested="48" timestamp="2019-07-02T20:42:24.722" intervalms="5.295" type="nursery" />
<cycle-start id="807" type="scavenge" contextid="0" timestamp="2019-07-02T20:42:24.722" intervalms="5.317" />
  <attribute name="GC Util" value="45" />
  <attribute name="CPU Util" value="349317946982" />
  <attribute name="Time Running"value="5817"/>
  <attribute name="Number of cores"value="4"/>
<gc-start id="808" type="scavenge" contextid="807" timestamp="2019-07-02T20:42:24.722">
  <mem-info id="809" free="1641112" total="10616832" percent="15">
    <mem type="nursery" free="0" total="4325376" percent="0">
      <mem type="allocate" free="0" total="2293760" percent="0" />
      <mem type="survivor" free="0" total="2031616" percent="0" />
    </mem>
    <mem type="tenure" free="1641112" total="6291456" percent="26">
      <mem type="soa" free="1326744" total="5977088" percent="22" />
      <mem type="loa" free="314368" total="314368" percent="100" />
    </mem>
    <remembered-set count="3945" />
  </mem-info>
</gc-start>
<allocation-stats totalBytes="1310504" >
  <allocated-bytes non-tlh="32" tlh="1310472" />
  <largest-consumer threadName="main" threadId="00000000022F5700" bytes="1310504" />
</allocation-stats>
<gc-op id="810" type="scavenge" timems="0.674" contextid="807" timestamp="2019-07-02T20:42:24.723">
  <scavenger-info tenureage="5" tenuremask="ffe0" tiltratio="53" />
  <memory-copied type="nursery" objects="11619" bytes="1058032" bytesdiscarded="89952" />
  <references type="soft" candidates="314" cleared="0" enqueued="0" dynamicThreshold="11" maxThreshold="32" />
  <references type="weak" candidates="244" cleared="0" enqueued="0" />
  <references type="phantom" candidates="4" cleared="0" enqueued="0" />
</gc-op>
<heap-resize id="811" type="expand" space="nursery" amount="524288" count="1" timems="0.014" reason="excessive time being spent scavenging" timestamp="2019-07-02T20:42:24.723" />
<gc-end id="812" type="scavenge" contextid="807" durationms="1.204" usertimems="0.000" systemtimems="0.000" timestamp="2019-07-02T20:42:24.724" activeThreads="4">
  <mem-info id="813" free="3179840" total="11141120" percent="28">
    <mem type="nursery" free="1538728" total="4849664" percent="31">
      <mem type="allocate" free="1538728" total="2686976" percent="57" />
      <mem type="survivor" free="0" total="2162688" percent="0" />
    </mem>
    <mem type="tenure" free="1641112" total="6291456" percent="26">
      <mem type="soa" free="1326744" total="5977088" percent="22" />
      <mem type="loa" free="314368" total="314368" percent="100" />
    </mem>
    <remembered-set count="3834" />
  </mem-info>
</gc-end>
<cycle-end id="814" type="scavenge" contextid="807" timestamp="2019-07-02T20:42:24.724">
  <attribute name="GC Util" value="48" />
  <attribute name="CPU Util" value="3439915067083" />
  <attribute name="Time Running"value="5823"/>
  <attribute name="Number of cores"value="4"/>
</cycle-end>
<allocation-satisfied id="815" threadId="00000000022F5700" bytesRequested="48" />
<af-end id="816" timestamp="2019-07-02T20:42:24.724" threadId="00000000022F6088" success="true" from="nursery"/>
<exclusive-end id="817" timestamp="2019-07-02T20:42:24.724" durationms="1.880" />

<exclusive-start id="818" timestamp="2019-07-02T20:42:24.728" intervalms="5.688">
  <response-info timems="0.080" idlems="0.080" threads="0" lastid="00000000022F5700" lastname="main" />
</exclusive-start>
<af-start id="819" threadId="00000000022F6088" totalBytesRequested="32" timestamp="2019-07-02T20:42:24.728" intervalms="5.700" type="nursery" />
<cycle-start id="820" type="scavenge" contextid="0" timestamp="2019-07-02T20:42:24.728" intervalms="5.673" />
  <attribute name="GC Util" value="48" />
  <attribute name="CPU Util" value="3439915067083" />
  <attribute name="Time Running"value="5823"/>
  <attribute name="Number of cores"value="4"/>
<gc-start id="821" type="scavenge" contextid="820" timestamp="2019-07-02T20:42:24.728">
  <mem-info id="822" free="1641112" total="11141120" percent="14">
    <mem type="nursery" free="0" total="4849664" percent="0">
      <mem type="allocate" free="0" total="2686976" percent="0" />
      <mem type="survivor" free="0" total="2162688" percent="0" />
    </mem>
    <mem type="tenure" free="1641112" total="6291456" percent="26">
      <mem type="soa" free="1326744" total="5977088" percent="22" />
      <mem type="loa" free="314368" total="314368" percent="100" />
    </mem>
    <remembered-set count="3834" />
  </mem-info>
</gc-start>
<allocation-stats totalBytes="1538584" >
  <allocated-bytes non-tlh="48" tlh="1538536" />
  <largest-consumer threadName="main" threadId="00000000022F5700" bytes="1538584" />
</allocation-stats>
<gc-op id="823" type="scavenge" timems="0.909" contextid="820" timestamp="2019-07-02T20:42:24.729">
  <scavenger-info tenureage="2" tenuremask="fffc" tiltratio="55" />
  <memory-copied type="nursery" objects="4639" bytes="173600" bytesdiscarded="136672" />
  <memory-copied type="tenure" objects="9388" bytes="976608" bytesdiscarded="24" />
</gc-op>
<heap-resize id="824" type="expand" space="nursery" amount="393216" count="1" timems="0.012" reason="excessive time being spent scavenging" timestamp="2019-07-02T20:42:24.730" />
<gc-end id="825" type="scavenge" contextid="820" durationms="1.517" usertimems="4.000" systemtimems="0.000" timestamp="2019-07-02T20:42:24.730" activeThreads="4">
  <mem-info id="826" free="3804488" total="11534336" percent="32">
    <mem type="nursery" free="2966528" total="5242880" percent="56">
      <mem type="allocate" free="2966528" total="3276800" percent="90" />
      <mem type="survivor" free="0" total="1966080" percent="0" />
    </mem>
    <mem type="tenure" free="837960" total="6291456" percent="13">
      <mem type="soa" free="523592" total="5977088" percent="8" />
      <mem type="loa" free="314368" total="314368" percent="100" />
    </mem>
    <remembered-set count="524" />
  </mem-info>
</gc-end>
<cycle-end id="827" type="scavenge" contextid="820" timestamp="2019-07-02T20:42:24.730">
  <attribute name="GC Util" value="28" />
  <attribute name="CPU Util" value="3169773489271" />
  <attribute name="Time Running"value="5829"/>
  <attribute name="Number of cores"value="4"/>
</cycle-end>
<allocation-satisfied id="828" threadId="00000000022F5700" bytesRequested="32" />
<af-end id="829" timestamp="2019-07-02T20:42:24.730" threadId="00000000022F6088" success="true" from="nursery"/>
<exclusive-end id="830" timestamp="2019-07-02T20:42:24.730" durationms="2.169" />

<concurrent-kickoff id="831" timestamp="2019-07-02T20:42:24.736">
  <kickoff reason="threshold reached" targetBytes="1847537" thresholdFreeBytes="256751"  remainingFree="177152" tenureFreeBytes="837960" nurseryFreeBytes="177152" />
</concurrent-kickoff>
<exclusive-start id="832" timestamp="2019-07-02T20:42:24.736" intervalms="8.673">
  <response-info timems="0.076" idlems="0.076" threads="0" lastid="00000000022F5700" lastname="main" />
</exclusive-start>
<cycle-start id="833" type="global" contextid="0" timestamp="2019-07-02T20:42:24.736" intervalms="77.051" />
  <attribute name="GC Util" value="28" />
  <attribute name="CPU Util" value="3169773489271" />
  <attribute name="Time Running"value="5829"/>
  <attribute name="Number of cores"value="4"/>
<exclusive-end id="834" timestamp="2019-07-02T20:42:24.737" durationms="0.258" />

<exclusive-start id="835" timestamp="2019-07-02T20:42:24.738" intervalms="1.216">
  <response-info timems="0.023" idlems="0.023" threads="0" lastid="00000000022F5700" lastname="main" />
</exclusive-start>
<af-start id="836" threadId="00000000022F6088" totalBytesRequested="32" timestamp="2019-07-02T20:42:24.738" intervalms="9.866" type="nursery" />
<cycle-start id="837" type="scavenge" contextid="0" timestamp="2019-07-02T20:42:24.738" intervalms="9.844" />
  <attribute name="GC Util" value="28" />
  <attribute name="CPU Util" value="3169773489271" />
  <attribute name="Time Running"value="5829"/>
  <attribute name="Number of cores"value="4"/>
<gc-start id="838" type="scavenge" contextid="837" timestamp="2019-07-02T20:42:24.738">
  <mem-info id="839" free="837960" total="11534336" percent="7">
    <mem type="nursery" free="0" total="5242880" percent="0">
      <mem type="allocate" free="0" total="3276800" percent="0" />
      <mem type="survivor" free="0" total="1966080" percent="0" />
    </mem>
    <mem type="tenure" free="837960" total="6291456" percent="13">
      <mem type="soa" free="523592" total="5977088" percent="8" />
      <mem type="loa" free="314368" total="314368" percent="100" />
    </mem>
    <remembered-set count="964" />
  </mem-info>
</gc-start>
<allocation-stats totalBytes="2966200" >
  <allocated-bytes non-tlh="32" tlh="2966168" />
  <largest-consumer threadName="main" threadId="00000000022F5700" bytes="2966200" />
</allocation-stats>
<gc-op id="840" type="scavenge" timems="0.654" contextid="837" timestamp="2019-07-02T20:42:24.739">
  <scavenger-info tenureage="5" tenuremask="ffe0" tiltratio="62" />
  <memory-copied type="nursery" objects="9257" bytes="343768" bytesdiscarded="47912" />
</gc-op>
<heap-resize id="841" type="expand" space="nursery" amount="262144" count="1" timems="0.011" reason="excessive time being spent scavenging" timestamp="2019-07-02T20:42:24.739" />
<gc-end id="842" type="scavenge" contextid="837" durationms="1.138" usertimems="4.000" systemtimems="0.000" timestamp="2019-07-02T20:42:24.739" activeThreads="4">
  <mem-info id="843" free="4312904" total="11796480" percent="36">
    <mem type="nursery" free="3474944" total="5505024" percent="63">
      <mem type="allocate" free="3474944" total="3866624" percent="89" />
      <mem type="survivor" free="0" total="1638400" percent="0" />
    </mem>
    <mem type="tenure" free="837960" total="6291456" percent="13">
      <mem type="soa" free="523592" total="5977088" percent="8" />
      <mem type="loa" free="314368" total="314368" percent="100" />
    </mem>
    <remembered-set count="963" />
  </mem-info>
</gc-end>
<cycle-end id="844" type="scavenge" contextid="837" timestamp="2019-07-02T20:42:24.739">
  <attribute name="GC Util" value="21" />
  <attribute name="CPU Util" value="1902514656892" />
  <attribute name="Time Running"value="5838"/>
  <attribute name="Number of cores"value="4"/>
</cycle-end>
<allocation-satisfied id="845" threadId="00000000022F5700" bytesRequested="32" />
<af-end id="846" timestamp="2019-07-02T20:42:24.739" threadId="00000000022F6088" success="true" from="nursery"/>
<exclusive-end id="847" timestamp="2019-07-02T20:42:24.739" durationms="1.813" />

<exclusive-start id="848" timestamp="2019-07-02T20:42:24.750" intervalms="12.032">
  <response-info timems="0.081" idlems="0.081" threads="0" lastid="00000000022F5700" lastname="main" />
</exclusive-start>
<af-start id="849" threadId="00000000022F6088" totalBytesRequested="32" timestamp="2019-07-02T20:42:24.750" intervalms="12.094" type="nursery" />
<cycle-start id="850" type="scavenge" contextid="0" timestamp="2019-07-02T20:42:24.750" intervalms="12.141" />
  <attribute name="GC Util" value="21" />
  <attribute name="CPU Util" value="1902514656892" />
  <attribute name="Time Running"value="5838"/>
  <attribute name="Number of cores"value="4"/>
<gc-start id="851" type="scavenge" contextid="850" timestamp="2019-07-02T20:42:24.750">
  <mem-info id="852" free="837960" total="11796480" percent="7">
    <mem type="nursery" free="0" total="5505024" percent="0">
      <mem type="allocate" free="0" total="3866624" percent="0" />
      <mem type="survivor" free="0" total="1638400" percent="0" />
    </mem>
    <mem type="tenure" free="837960" total="6291456" percent="13">
      <mem type="soa" free="523592" total="5977088" percent="8" />
      <mem type="loa" free="314368" total="314368" percent="100" />
    </mem>
    <remembered-set count="1415" />
  </mem-info>
</gc-start>
<allocation-stats totalBytes="3474600" >
  <allocated-bytes non-tlh="32" tlh="3474568" />
  <largest-consumer threadName="main" threadId="00000000022F5700" bytes="3474600" />
</allocation-stats>
<gc-op id="853" type="scavenge" timems="0.930" contextid="850" timestamp="2019-07-02T20:42:24.751">
  <scavenger-info tenureage="3" tenuremask="fff8" tiltratio="70" />
  <memory-copied type="nursery" objects="11790" bytes="437048" bytesdiscarded="32968" />
  <memory-copied type="tenure" objects="1960" bytes="72696" bytesdiscarded="0" />
</gc-op>
<gc-end id="854" type="scavenge" contextid="850" durationms="1.380" usertimems="0.000" systemtimems="0.000" timestamp="2019-07-02T20:42:24.752" activeThreads="4">
  <mem-info id="855" free="4523080" total="11796480" percent="38">
    <mem type="nursery" free="3724288" total="5505024" percent="67">
      <mem type="allocate" free="3724288" total="4194304" percent="88" />
      <mem type="survivor" free="0" total="1310720" percent="0" />
    </mem>
    <mem type="tenure" free="798792" total="6291456" percent="12">
      <mem type="soa" free="484424" total="5977088" percent="8" />
      <mem type="loa" free="314368" total="314368" percent="100" />
    </mem>
    <remembered-set count="1246" />
  </mem-info>
</gc-end>
<cycle-end id="856" type="scavenge" contextid="850" timestamp="2019-07-02T20:42:24.752">
  <attribute name="GC Util" value="9" />
  <attribute name="CPU Util" value="1503078845781" />
  <attribute name="Time Running"value="5851"/>
  <attribute name="Number of cores"value="4"/>
</cycle-end>
<allocation-satisfied id="857" threadId="00000000022F5700" bytesRequested="32" />
<af-end id="858" timestamp="2019-07-02T20:42:24.752" threadId="00000000022F6088" success="true" from="nursery"/>
<exclusive-end id="859" timestamp="2019-07-02T20:42:24.752" durationms="2.289" />

<exclusive-start id="860" timestamp="2019-07-02T20:42:24.786" intervalms="36.415">
  <response-info timems="0.026" idlems="0.026" threads="0" lastid="00000000022F5700" lastname="main" />
</exclusive-start>
<concurrent-collection-start id="861" timestamp="2019-07-02T20:42:24.786" intervalms="174.319" >
  <concurrent-trace-info reason="card cleaning threshold reached" tracedByMutators="588360" tracedByHelpers="2135032" cardsCleaned="544" workStackOverflowCount="0" />
</concurrent-collection-start>
<gc-start id="862" type="global" contextid="833" timestamp="2019-07-02T20:42:24.786">
  <mem-info id="863" free="791584" total="11796480" percent="6">
    <mem type="nursery" free="87008" total="5505024" percent="1">
      <mem type="allocate" free="87008" total="4194304" percent="2" />
      <mem type="survivor" free="0" total="1310720" percent="0" />
    </mem>
    <mem type="tenure" free="704576" total="6291456" percent="11">
      <mem type="soa" free="390208" total="5977088" percent="6" />
      <mem type="loa" free="314368" total="314368" percent="100" />
    </mem>
    <remembered-set count="2827" />
  </mem-info>
</gc-start>
<allocation-stats totalBytes="3721688" >
  <allocated-bytes non-tlh="94248" tlh="3627440" />
  <largest-consumer threadName="main" threadId="00000000022F5700" bytes="3721688" />
</allocation-stats>
<gc-op id="864" type="rs-scan" timems="0.794" contextid="833" timestamp="2019-07-02T20:42:24.787">
  <scan objectsFound="1507" bytesTraced="543604" workStackOverflowCount="0" />
</gc-op>
<gc-op id="865" type="card-cleaning" timems="0.227" contextid="833" timestamp="2019-07-02T20:42:24.787">
  <card-cleaning cardsCleaned="2" bytesTraced="49336" workStackOverflowCount="0" />
</gc-op>
<gc-op id="866" type="mark" timems="1.025" contextid="833" timestamp="2019-07-02T20:42:24.789">
  <trace-info objectcount="5832" scancount="4074" scanbytes="94224" />
  <finalization candidates="80" enqueued="0" />
  <ownableSynchronizers candidates="21" cleared="0" />
  <references type="soft" candidates="1682" cleared="0" enqueued="0" dynamicThreshold="11" maxThreshold="32" />
  <references type="weak" candidates="4495" cleared="35" enqueued="23" />
  <references type="phantom" candidates="76" cleared="3" enqueued="3" />
  <stringconstants candidates="10028" cleared="0"  />
</gc-op>
<gc-op id="867" type="sweep" timems="0.316" contextid="833" timestamp="2019-07-02T20:42:24.789" />
<heap-resize id="868" type="expand" space="tenure" amount="1179648" count="1" timems="0.014" reason="insufficient free space following gc" timestamp="2019-07-02T20:42:24.789" />
<gc-end id="869" type="global" contextid="833" durationms="3.059" usertimems="4.000" systemtimems="0.000" timestamp="2019-07-02T20:42:24.789" activeThreads="4">
  <mem-info id="870" free="5707968" total="12976128" percent="43">
    <mem type="nursery" free="3436680" total="5505024" percent="62">
      <mem type="allocate" free="3436680" total="4194304" percent="81" />
      <mem type="survivor" free="0" total="1310720" percent="0" />
    </mem>
    <mem type="tenure" free="2271288" total="7471104" percent="30" micro-fragmented="10502" macro-fragmented="0">
      <mem type="soa" free="1898552" total="7098368" percent="26" />
      <mem type="loa" free="372736" total="372736" percent="100" />
    </mem>
    <pending-finalizers system="0" default="0" reference="26" classloader="0" />
    <remembered-set count="2820" />
  </mem-info>
</gc-end>
<cycle-end id="871" type="global" contextid="833" timestamp="2019-07-02T20:42:24.789">
  <attribute name="GC Util" value="132" />
  <attribute name="CPU Util" value="16079251194828" />
  <attribute name="Time Running"value="5889"/>
  <attribute name="Number of cores"value="4"/>
</cycle-end>
<concurrent-collection-end id="872" timestamp="2019-07-02T20:42:24.790" />
<exclusive-end id="873" timestamp="2019-07-02T20:42:24.790" durationms="3.678" />

<exclusive-start id="874" timestamp="2019-07-02T20:42:24.815" intervalms="28.877">
  <response-info timems="0.073" idlems="0.073" threads="0" lastid="00000000022F5700" lastname="main" />
</exclusive-start>
<af-start id="875" threadId="00000000022F6088" totalBytesRequested="32" timestamp="2019-07-02T20:42:24.815" intervalms="65.297" type="nursery" />
<cycle-start id="876" type="scavenge" contextid="0" timestamp="2019-07-02T20:42:24.815" intervalms="65.316" />
  <attribute name="GC Util" value="132" />
  <attribute name="CPU Util" value="16079251194828" />
  <attribute name="Time Running"value="5889"/>
  <attribute name="Number of cores"value="4"/>
<gc-start id="877" type="scavenge" contextid="876" timestamp="2019-07-02T20:42:24.815">
  <mem-info id="878" free="2222288" total="12976128" percent="17">
    <mem type="nursery" free="0" total="5505024" percent="0">
      <mem type="allocate" free="0" total="4194304" percent="0" />
      <mem type="survivor" free="0" total="1310720" percent="0" />
    </mem>
    <mem type="tenure" free="2222288" total="7471104" percent="29">
      <mem type="soa" free="1849552" total="7098368" percent="26" />
      <mem type="loa" free="372736" total="372736" percent="100" />
    </mem>
    <remembered-set count="3713" />
  </mem-info>
</gc-start>
<allocation-stats totalBytes="3476040" >
  <allocated-bytes non-tlh="474416" tlh="3001624" />
  <largest-consumer threadName="main" threadId="00000000022F5700" bytes="3466808" />
</allocation-stats>
<gc-op id="879" type="scavenge" timems="1.102" contextid="876" timestamp="2019-07-02T20:42:24.817">
  <scavenger-info tenureage="5" tenuremask="ffe0" tiltratio="76" />
  <memory-copied type="nursery" objects="21467" bytes="1224160" bytesdiscarded="86416" />
  <memory-copied type="tenure" objects="3468" bytes="107016" bytesdiscarded="24" />
  <copy-failed type="nursery" objects="3468" bytes="107016" />
  <ownableSynchronizers candidates="42" cleared="42" />
  <references type="soft" candidates="57" cleared="0" enqueued="0" dynamicThreshold="9" maxThreshold="32" />
  <references type="weak" candidates="123" cleared="0" enqueued="0" />
  <references type="phantom" candidates="1" cleared="0" enqueued="0" />
</gc-op>
<gc-end id="880" type="scavenge" contextid="876" durationms="1.557" usertimems="4.000" systemtimems="0.000" timestamp="2019-07-02T20:42:24.817" activeThreads="4">
  <mem-info id="881" free="3723024" total="12976128" percent="28">
    <mem type="nursery" free="1769472" total="5505024" percent="32">
      <mem type="allocate" free="1769472" total="3080192" percent="57" />
      <mem type="survivor" free="0" total="2424832" percent="0" />
    </mem>
    <mem type="tenure" free="1953552" total="7471104" percent="26">
      <mem type="soa" free="1580816" total="7098368" percent="22" />
      <mem type="loa" free="372736" total="372736" percent="100" />
    </mem>
    <remembered-set count="4298" />
  </mem-info>
</gc-end>
<cycle-end id="882" type="scavenge" contextid="876" timestamp="2019-07-02T20:42:24.817">
  <attribute name="GC Util" value="8" />
  <attribute name="CPU Util" value="682496172658" />
  <attribute name="Time Running"value="5916"/>
  <attribute name="Number of cores"value="4"/>
</cycle-end>
<allocation-satisfied id="883" threadId="00000000022F5700" bytesRequested="32" />
<af-end id="884" timestamp="2019-07-02T20:42:24.817" threadId="00000000022F6088" success="true" from="nursery"/>
<exclusive-end id="885" timestamp="2019-07-02T20:42:24.817" durationms="2.372" />

<exclusive-start id="886" timestamp="2019-07-02T20:42:24.822" intervalms="6.890">
  <response-info timems="0.078" idlems="0.078" threads="0" lastid="00000000022F5700" lastname="main" />
</exclusive-start>
<af-start id="887" threadId="00000000022F6088" totalBytesRequested="40" timestamp="2019-07-02T20:42:24.822" intervalms="6.876" type="nursery" />
<cycle-start id="888" type="scavenge" contextid="0" timestamp="2019-07-02T20:42:24.822" intervalms="6.877" />
  <attribute name="GC Util" value="8" />
  <attribute name="CPU Util" value="682496172658" />
  <attribute name="Time Running"value="5916"/>
  <attribute name="Number of cores"value="4"/>
<gc-start id="889" type="scavenge" contextid="888" timestamp="2019-07-02T20:42:24.822">
  <mem-info id="890" free="1953552" total="12976128" percent="15">
    <mem type="nursery" free="0" total="5505024" percent="0">
      <mem type="allocate" free="0" total="3080192" percent="0" />
      <mem type="survivor" free="0" total="2424832" percent="0" />
    </mem>
    <mem type="tenure" free="1953552" total="7471104" percent="26">
      <mem type="soa" free="1580816" total="7098368" percent="22" />
      <mem type="loa" free="372736" total="372736" percent="100" />
    </mem>
    <remembered-set count="4298" />
  </mem-info>
</gc-start>
<allocation-stats totalBytes="1769232" >
  <allocated-bytes non-tlh="32" tlh="1769200" />
  <largest-consumer threadName="main" threadId="00000000022F5700" bytes="1769232" />
</allocation-stats>
<gc-op id="891" type="scavenge" timems="1.109" contextid="888" timestamp="2019-07-02T20:42:24.824">
  <scavenger-info tenureage="5" tenuremask="ffe0" tiltratio="55" />
  <memory-copied type="nursery" objects="24972" bytes="1369088" bytesdiscarded="214760" />
  <references type="soft" candidates="57" cleared="0" enqueued="0" dynamicThreshold="9" maxThreshold="32" />
  <references type="weak" candidates="123" cleared="0" enqueued="0" />
  <references type="phantom" candidates="1" cleared="0" enqueued="0" />
</gc-op>
<heap-resize id="892" type="expand" space="nursery" amount="524288" count="1" timems="0.015" reason="excessive time being spent scavenging" timestamp="2019-07-02T20:42:24.824" />
<gc-end id="893" type="scavenge" contextid="888" durationms="1.636" usertimems="4.000" systemtimems="0.000" timestamp="2019-07-02T20:42:24.824" activeThreads="4">
  <mem-info id="894" free="4301760" total="13500416" percent="31">
    <mem type="nursery" free="2348208" total="6029312" percent="38">
      <mem type="allocate" free="2348208" total="3932160" percent="59" />
      <mem type="survivor" free="0" total="2097152" percent="0" />
    </mem>
    <mem type="tenure" free="1953552" total="7471104" percent="26">
      <mem type="soa" free="1580816" total="7098368" percent="22" />
      <mem type="loa" free="372736" total="372736" percent="100" />
    </mem>
    <remembered-set count="4291" />
  </mem-info>
</gc-end>
<cycle-end id="895" type="scavenge" contextid="888" timestamp="2019-07-02T20:42:24.824">
  <attribute name="GC Util" value="42" />
  <attribute name="CPU Util" value="2698902378610" />
  <attribute name="Time Running"value="5923"/>
  <attribute name="Number of cores"value="4"/>
</cycle-end>
<allocation-satisfied id="896" threadId="00000000022F5700" bytesRequested="40" />
<af-end id="897" timestamp="2019-07-02T20:42:24.824" threadId="00000000022F6088" success="true" from="nursery"/>
<exclusive-end id="898" timestamp="2019-07-02T20:42:24.824" durationms="2.402" />

<exclusive-start id="899" timestamp="2019-07-02T20:42:24.841" intervalms="18.723">
  <response-info timems="0.025" idlems="0.025" threads="0" lastid="00000000022F5700" lastname="main" />
</exclusive-start>
<af-start id="900" threadId="00000000022F6088" totalBytesRequested="576" timestamp="2019-07-02T20:42:24.841" intervalms="18.634" type="nursery" />
<cycle-start id="901" type="scavenge" contextid="0" timestamp="2019-07-02T20:42:24.841" intervalms="18.530" />
  <attribute name="GC Util" value="42" />
  <attribute name="CPU Util" value="2698902378610" />
  <attribute name="Time Running"value="5923"/>
  <attribute name="Number of cores"value="4"/>
<gc-start id="902" type="scavenge" contextid="901" timestamp="2019-07-02T20:42:24.841">
  <mem-info id="903" free="1933936" total="13500416" percent="14">
    <mem type="nursery" free="0" total="6029312" percent="0">
      <mem type="allocate" free="0" total="3932160" percent="0" />
      <mem type="survivor" free="0" total="2097152" percent="0" />
    </mem>
    <mem type="tenure" free="1933936" total="7471104" percent="25">
      <mem type="soa" free="1561200" total="7098368" percent="21" />
      <mem type="loa" free="372736" total="372736" percent="100" />
    </mem>
    <remembered-set count="4408" />
  </mem-info>
</gc-start>
<allocation-stats totalBytes="2366888" >
  <allocated-bytes non-tlh="19656" tlh="2347232" />
  <largest-consumer threadName="main" threadId="00000000022F5700" bytes="2366888" />
</allocation-stats>
<gc-op id="904" type="scavenge" timems="1.131" contextid="901" timestamp="2019-07-02T20:42:24.842">
  <scavenger-info tenureage="2" tenuremask="fffc" tiltratio="65" />
  <memory-copied type="nursery" objects="1096" bytes="93984" bytesdiscarded="173880" />
  <memory-copied type="tenure" objects="15494" bytes="641512" bytesdiscarded="672" />
  <references type="soft" candidates="32" cleared="0" enqueued="0" dynamicThreshold="9" maxThreshold="32" />
  <references type="weak" candidates="8" cleared="2" enqueued="2" />
</gc-op>
<gc-end id="905" type="scavenge" contextid="901" durationms="1.313" usertimems="0.000" systemtimems="0.000" timestamp="2019-07-02T20:42:24.842" activeThreads="4">
  <mem-info id="906" free="5404880" total="13500416" percent="40">
    <mem type="nursery" free="4057488" total="6029312" percent="67">
      <mem type="allocate" free="4057488" total="4325376" percent="93" />
      <mem type="survivor" free="0" total="1703936" percent="0" />
    </mem>
    <mem type="tenure" free="1347392" total="7471104" percent="18">
      <mem type="soa" free="974656" total="7098368" percent="13" />
      <mem type="loa" free="372736" total="372736" percent="100" />
    </mem>
    <pending-finalizers system="0" default="0" reference="2" classloader="0" />
    <remembered-set count="191" />
  </mem-info>
</gc-end>
<cycle-end id="907" type="scavenge" contextid="901" timestamp="2019-07-02T20:42:24.842">
  <attribute name="GC Util" value="15" />
  <attribute name="CPU Util" value="1008280072447" />
  <attribute name="Time Running"value="5941"/>
  <attribute name="Number of cores"value="4"/>
</cycle-end>
<allocation-satisfied id="908" threadId="00000000022F5700" bytesRequested="576" />
<af-end id="909" timestamp="2019-07-02T20:42:24.842" threadId="00000000022F6088" success="true" from="nursery"/>
<exclusive-end id="910" timestamp="2019-07-02T20:42:24.842" durationms="1.940" />

<exclusive-start id="911" timestamp="2019-07-02T20:42:24.856" intervalms="15.625">
  <response-info timems="0.108" idlems="0.108" threads="0" lastid="00000000022F5700" lastname="main" />
</exclusive-start>
<af-start id="912" threadId="00000000022F6088" totalBytesRequested="32" timestamp="2019-07-02T20:42:24.856" intervalms="15.732" type="nursery" />
<cycle-start id="913" type="scavenge" contextid="0" timestamp="2019-07-02T20:42:24.856" intervalms="15.824" />
  <attribute name="GC Util" value="15" />
  <attribute name="CPU Util" value="1008280072447" />
  <attribute name="Time Running"value="5941"/>
  <attribute name="Number of cores"value="4"/>
<gc-start id="914" type="scavenge" contextid="913" timestamp="2019-07-02T20:42:24.857">
  <mem-info id="915" free="1347360" total="13500416" percent="9">
    <mem type="nursery" free="0" total="6029312" percent="0">
      <mem type="allocate" free="0" total="4325376" percent="0" />
      <mem type="survivor" free="0" total="1703936" percent="0" />
    </mem>
    <mem type="tenure" free="1347360" total="7471104" percent="18">
      <mem type="soa" free="974624" total="7098368" percent="13" />
      <mem type="loa" free="372736" total="372736" percent="100" />
    </mem>
    <remembered-set count="197" />
  </mem-info>
</gc-start>
<allocation-stats totalBytes="4057136" >
  <allocated-bytes non-tlh="200616" tlh="3856520" />
  <largest-consumer threadName="main" threadId="00000000022F5700" bytes="4053040" />
</allocation-stats>
<gc-op id="916" type="scavenge" timems="0.902" contextid="913" timestamp="2019-07-02T20:42:24.858">
  <scavenger-info tenureage="5" tenuremask="ffe0" tiltratio="71" />
  <memory-copied type="nursery" objects="7595" bytes="600328" bytesdiscarded="130328" />
  <references type="soft" candidates="32" cleared="0" enqueued="0" dynamicThreshold="9" maxThreshold="32" />
  <references type="weak" candidates="4" cleared="0" enqueued="0" />
  <references type="phantom" candidates="1" cleared="0" enqueued="0" />
</gc-op>
<heap-resize id="917" type="expand" space="nursery" amount="262144" count="1" timems="0.015" reason="excessive time being spent scavenging" timestamp="2019-07-02T20:42:24.858" />
<gc-end id="918" type="scavenge" contextid="913" durationms="1.458" usertimems="0.000" systemtimems="0.000" timestamp="2019-07-02T20:42:24.858" activeThreads="4">
  <mem-info id="919" free="5204168" total="13762560" percent="37">
    <mem type="nursery" free="3856808" total="6291456" percent="61">
      <mem type="allocate" free="3856808" total="4587520" percent="84" />
      <mem type="survivor" free="0" total="1703936" percent="0" />
    </mem>
    <mem type="tenure" free="1347360" total="7471104" percent="18">
      <mem type="soa" free="974624" total="7098368" percent="13" />
      <mem type="loa" free="372736" total="372736" percent="100" />
    </mem>
    <remembered-set count="192" />
  </mem-info>
</gc-end>
<cycle-end id="920" type="scavenge" contextid="913" timestamp="2019-07-02T20:42:24.858">
  <attribute name="GC Util" value="14" />
  <attribute name="CPU Util" value="1147017660689" />
  <attribute name="Time Running"value="5957"/>
  <attribute name="Number of cores"value="4"/>
</cycle-end>
<allocation-satisfied id="921" threadId="00000000022F5700" bytesRequested="32" />
<af-end id="922" timestamp="2019-07-02T20:42:24.858" threadId="00000000022F6088" success="true" from="nursery"/>
<exclusive-end id="923" timestamp="2019-07-02T20:42:24.858" durationms="2.308" />

<exclusive-start id="924" timestamp="2019-07-02T20:42:24.885" intervalms="28.632">
  <response-info timems="0.011" idlems="0.011" threads="0" lastid="00000000022F5700" lastname="main" />
</exclusive-start>
<af-start id="925" threadId="00000000022F6088" totalBytesRequested="32" timestamp="2019-07-02T20:42:24.885" intervalms="28.597" type="nursery" />
<cycle-start id="926" type="scavenge" contextid="0" timestamp="2019-07-02T20:42:24.885" intervalms="28.592" />
  <attribute name="GC Util" value="14" />
  <attribute name="CPU Util" value="1147017660689" />
  <attribute name="Time Running"value="5957"/>
  <attribute name="Number of cores"value="4"/>
<gc-start id="927" type="scavenge" contextid="926" timestamp="2019-07-02T20:42:24.885">
  <mem-info id="928" free="1329624" total="13762560" percent="9">
    <mem type="nursery" free="0" total="6291456" percent="0">
      <mem type="allocate" free="0" total="4587520" percent="0" />
      <mem type="survivor" free="0" total="1703936" percent="0" />
    </mem>
    <mem type="tenure" free="1329624" total="7471104" percent="17">
      <mem type="soa" free="956888" total="7098368" percent="13" />
      <mem type="loa" free="372736" total="372736" percent="100" />
    </mem>
    <remembered-set count="294" />
  </mem-info>
</gc-start>
<allocation-stats totalBytes="3873384" >
  <allocated-bytes non-tlh="217776" tlh="3655608" />
  <largest-consumer threadName="main" threadId="00000000022F5700" bytes="3873384" />
</allocation-stats>
<gc-op id="929" type="scavenge" timems="0.669" contextid="926" timestamp="2019-07-02T20:42:24.886">
  <scavenger-info tenureage="3" tenuremask="fff8" tiltratio="72" />
  <memory-copied type="nursery" objects="7567" bytes="683736" bytesdiscarded="79376" />
  <references type="soft" candidates="33" cleared="0" enqueued="0" dynamicThreshold="9" maxThreshold="32" />
  <references type="weak" candidates="24" cleared="0" enqueued="0" />
  <references type="phantom" candidates="1" cleared="0" enqueued="0" />
</gc-op>
<gc-end id="930" type="scavenge" contextid="926" durationms="1.090" usertimems="0.000" systemtimems="0.000" timestamp="2019-07-02T20:42:24.886" activeThreads="4">
  <mem-info id="931" free="5416080" total="13762560" percent="39">
    <mem type="nursery" free="4086456" total="6291456" percent="64">
      <mem type="allocate" free="4086456" total="4849664" percent="84" />
      <mem type="survivor" free="0" total="1441792" percent="0" />
    </mem>
    <mem type="tenure" free="1329624" total="7471104" percent="17">
      <mem type="soa" free="956888" total="7098368" percent="13" />
      <mem type="loa" free="372736" total="372736" percent="100" />
    </mem>
    <remembered-set count="173" />
  </mem-info>
</gc-end>
<cycle-end id="932" type="scavenge" contextid="926" timestamp="2019-07-02T20:42:24.886">
  <attribute name="GC Util" value="5" />
  <attribute name="CPU Util" value="646918551845" />
  <attribute name="Time Running"value="5986"/>
  <attribute name="Number of cores"value="4"/>
</cycle-end>
<allocation-satisfied id="933" threadId="00000000022F5700" bytesRequested="32" />
<af-end id="934" timestamp="2019-07-02T20:42:24.887" threadId="00000000022F6088" success="true" from="nursery"/>
<exclusive-end id="935" timestamp="2019-07-02T20:42:24.887" durationms="1.781" />

<exclusive-start id="936" timestamp="2019-07-02T20:42:24.893" intervalms="7.905">
  <response-info timems="0.059" idlems="0.059" threads="0" lastid="00000000022F5700" lastname="main" />
</exclusive-start>
<af-start id="937" threadId="00000000022F6088" totalBytesRequested="32" timestamp="2019-07-02T20:42:24.893" intervalms="7.828" type="nursery" />
<cycle-start id="938" type="scavenge" contextid="0" timestamp="2019-07-02T20:42:24.893" intervalms="7.809" />
  <attribute name="GC Util" value="5" />
  <attribute name="CPU Util" value="646918551845" />
  <attribute name="Time Running"value="5986"/>
  <attribute name="Number of cores"value="4"/>
<gc-start id="939" type="scavenge" contextid="938" timestamp="2019-07-02T20:42:24.893">
  <mem-info id="940" free="1329624" total="13762560" percent="9">
    <mem type="nursery" free="0" total="6291456" percent="0">
      <mem type="allocate" free="0" total="4849664" percent="0" />
      <mem type="survivor" free="0" total="1441792" percent="0" />
    </mem>
    <mem type="tenure" free="1329624" total="7471104" percent="17">
      <mem type="soa" free="956888" total="7098368" percent="13" />
      <mem type="loa" free="372736" total="372736" percent="100" />
    </mem>
    <remembered-set count="173" />
  </mem-info>
</gc-start>
<allocation-stats totalBytes="4086040" >
  <allocated-bytes non-tlh="32" tlh="4086008" />
  <largest-consumer threadName="main" threadId="00000000022F5700" bytes="4086040" />
</allocation-stats>
<gc-op id="941" type="scavenge" timems="0.921" contextid="938" timestamp="2019-07-02T20:42:24.894">
  <scavenger-info tenureage="3" tenuremask="fff8" tiltratio="77" />
  <memory-copied type="nursery" objects="10216" bytes="781912" bytesdiscarded="185016" />
  <memory-copied type="tenure" objects="540" bytes="20128" bytesdiscarded="0" />
  <references type="soft" candidates="1" cleared="0" enqueued="0" dynamicThreshold="9" maxThreshold="32" />
  <references type="weak" candidates="20" cleared="0" enqueued="0" />
  <references type="phantom" candidates="1" cleared="0" enqueued="0" />
</gc-op>
<heap-resize id="942" type="expand" space="nursery" amount="524288" count="1" timems="0.015" reason="excessive time being spent scavenging" timestamp="2019-07-02T20:42:24.894" />
<gc-end id="943" type="scavenge" contextid="938" durationms="1.230" usertimems="0.000" systemtimems="0.000" timestamp="2019-07-02T20:42:24.894" activeThreads="4">
  <mem-info id="944" free="5671048" total="14286848" percent="39">
    <mem type="nursery" free="4341424" total="6815744" percent="63">
      <mem type="allocate" free="4341424" total="5308416" percent="81" />
      <mem type="survivor" free="0" total="1507328" percent="0" />
    </mem>
    <mem type="tenure" free="1329624" total="7471104" percent="17">
      <mem type="soa" free="956888" total="7098368" percent="13" />
      <mem type="loa" free="372736" total="372736" percent="100" />
    </mem>
    <remembered-set count="168" />
  </mem-info>
</gc-end>
<cycle-end id="945" type="scavenge" contextid="938" timestamp="2019-07-02T20:42:24.894">
  <attribute name="GC Util" value="17" />
  <attribute name="CPU Util" value="2420993953425" />
  <attribute name="Time Running"value="5993"/>
  <attribute name="Number of cores"value="4"/>
</cycle-end>
<allocation-satisfied id="946" threadId="00000000022F5700" bytesRequested="32" />
<af-end id="947" timestamp="2019-07-02T20:42:24.894" threadId="00000000022F6088" success="true" from="nursery"/>
<exclusive-end id="948" timestamp="2019-07-02T20:42:24.894" durationms="1.789" />

<exclusive-start id="949" timestamp="2019-07-02T20:42:24.901" intervalms="8.665">
  <response-info timems="0.078" idlems="0.078" threads="0" lastid="00000000022F5700" lastname="main" />
</exclusive-start>
<af-start id="950" threadId="00000000022F6088" totalBytesRequested="32" timestamp="2019-07-02T20:42:24.901" intervalms="8.722" type="nursery" />
<cycle-start id="951" type="scavenge" contextid="0" timestamp="2019-07-02T20:42:24.902" intervalms="8.747" />
  <attribute name="GC Util" value="17" />
  <attribute name="CPU Util" value="2420993953425" />
  <attribute name="Time Running"value="5993"/>
  <attribute name="Number of cores"value="4"/>
<gc-start id="952" type="scavenge" contextid="951" timestamp="2019-07-02T20:42:24.902">
  <mem-info id="953" free="1329624" total="14286848" percent="9">
    <mem type="nursery" free="0" total="6815744" percent="0">
      <mem type="allocate" free="0" total="5308416" percent="0" />
      <mem type="survivor" free="0" total="1507328" percent="0" />
    </mem>
    <mem type="tenure" free="1329624" total="7471104" percent="17">
      <mem type="soa" free="956888" total="7098368" percent="13" />
      <mem type="loa" free="372736" total="372736" percent="100" />
    </mem>
    <remembered-set count="168" />
  </mem-info>
</gc-start>
<allocation-stats totalBytes="4340976" >
  <allocated-bytes non-tlh="32" tlh="4340944" />
  <largest-consumer threadName="main" threadId="00000000022F5700" bytes="4340976" />
</allocation-stats>
<gc-op id="954" type="scavenge" timems="1.130" contextid="951" timestamp="2019-07-02T20:42:24.903">
  <scavenger-info tenureage="2" tenuremask="7fe4" tiltratio="77" />
  <memory-copied type="nursery" objects="6803" bytes="254112" bytesdiscarded="11616" />
  <memory-copied type="tenure" objects="6956" bytes="661304" bytesdiscarded="136" />
</gc-op>
<heap-resize id="955" type="expand" space="nursery" amount="393216" count="1" timems="0.011" reason="excessive time being spent scavenging" timestamp="2019-07-02T20:42:24.903" />
<gc-end id="956" type="scavenge" contextid="951" durationms="1.628" usertimems="4.000" systemtimems="0.000" timestamp="2019-07-02T20:42:24.903" activeThreads="4">
  <mem-info id="957" free="6078336" total="14680064" percent="41">
    <mem type="nursery" free="5566976" total="7208960" percent="77">
      <mem type="allocate" free="5566976" total="5832704" percent="95" />
      <mem type="survivor" free="0" total="1376256" percent="0" />
    </mem>
    <mem type="tenure" free="511360" total="7471104" percent="6">
      <mem type="soa" free="138624" total="7098368" percent="1" />
      <mem type="loa" free="372736" total="372736" percent="100" />
    </mem>
    <remembered-set count="728" />
  </mem-info>
</gc-end>
<cycle-end id="958" type="scavenge" contextid="951" timestamp="2019-07-02T20:42:24.904">
  <attribute name="GC Util" value="18" />
  <attribute name="CPU Util" value="2061515766619" />
  <attribute name="Time Running"value="6002"/>
  <attribute name="Number of cores"value="4"/>
</cycle-end>
<allocation-satisfied id="959" threadId="00000000022F5700" bytesRequested="32" />
<af-end id="960" timestamp="2019-07-02T20:42:24.904" threadId="00000000022F6088" success="true" from="nursery"/>
<exclusive-end id="961" timestamp="2019-07-02T20:42:24.904" durationms="2.450" />

<concurrent-kickoff id="962" timestamp="2019-07-02T20:42:24.913">
  <kickoff reason="threshold reached" targetBytes="2396133" thresholdFreeBytes="333081"  remainingFree="324096" tenureFreeBytes="511360" nurseryFreeBytes="324096" />
</concurrent-kickoff>
<exclusive-start id="963" timestamp="2019-07-02T20:42:24.913" intervalms="12.112">
  <response-info timems="0.066" idlems="0.066" threads="0" lastid="00000000022F5700" lastname="main" />
</exclusive-start>
<cycle-start id="964" type="global" contextid="0" timestamp="2019-07-02T20:42:24.914" intervalms="177.128" />
  <attribute name="GC Util" value="18" />
  <attribute name="CPU Util" value="2061515766619" />
  <attribute name="Time Running"value="6002"/>
  <attribute name="Number of cores"value="4"/>
<exclusive-end id="965" timestamp="2019-07-02T20:42:24.914" durationms="0.289" />

<exclusive-start id="966" timestamp="2019-07-02T20:42:24.919" intervalms="5.371">
  <response-info timems="0.066" idlems="0.066" threads="0" lastid="00000000022F5700" lastname="main" />
</exclusive-start>
<af-start id="967" threadId="00000000022F6088" totalBytesRequested="56" timestamp="2019-07-02T20:42:24.919" intervalms="17.538" type="nursery" />
<cycle-start id="968" type="scavenge" contextid="0" timestamp="2019-07-02T20:42:24.919" intervalms="17.541" />
  <attribute name="GC Util" value="18" />
  <attribute name="CPU Util" value="2061515766619" />
  <attribute name="Time Running"value="6002"/>
  <attribute name="Number of cores"value="4"/>
<gc-start id="969" type="scavenge" contextid="968" timestamp="2019-07-02T20:42:24.919">
  <mem-info id="970" free="511192" total="14680064" percent="3">
    <mem type="nursery" free="0" total="7208960" percent="0">
      <mem type="allocate" free="0" total="5832704" percent="0" />
      <mem type="survivor" free="0" total="1376256" percent="0" />
    </mem>
    <mem type="tenure" free="511192" total="7471104" percent="6">
      <mem type="soa" free="138456" total="7098368" percent="1" />
      <mem type="loa" free="372736" total="372736" percent="100" />
    </mem>
    <remembered-set count="1316" />
  </mem-info>
</gc-start>
<allocation-stats totalBytes="5566424" >
  <allocated-bytes non-tlh="200" tlh="5566224" />
  <largest-consumer threadName="main" threadId="00000000022F5700" bytes="5566424" />
</allocation-stats>
<gc-op id="971" type="scavenge" timems="1.046" contextid="968" timestamp="2019-07-02T20:42:24.921">
  <scavenger-info tenureage="6" tenuremask="7fc0" tiltratio="80" />
  <memory-copied type="nursery" objects="13967" bytes="548072" bytesdiscarded="70168" />
</gc-op>
<gc-end id="972" type="scavenge" contextid="968" durationms="1.367" usertimems="0.000" systemtimems="0.000" timestamp="2019-07-02T20:42:24.921" activeThreads="4">
  <mem-info id="973" free="5922264" total="14680064" percent="40">
    <mem type="nursery" free="5411072" total="7208960" percent="75">
      <mem type="allocate" free="5411072" total="6029312" percent="89" />
      <mem type="survivor" free="0" total="1179648" percent="0" />
    </mem>
    <mem type="tenure" free="511192" total="7471104" percent="6">
      <mem type="soa" free="138456" total="7098368" percent="1" />
      <mem type="loa" free="372736" total="372736" percent="100" />
    </mem>
    <remembered-set count="1313" />
  </mem-info>
</gc-end>
<cycle-end id="974" type="scavenge" contextid="968" timestamp="2019-07-02T20:42:24.921">
  <attribute name="GC Util" value="10" />
  <attribute name="CPU Util" value="1051156183155" />
  <attribute name="Time Running"value="6020"/>
  <attribute name="Number of cores"value="4"/>
</cycle-end>
<concurrent-collection-start id="975" timestamp="2019-07-02T20:42:24.921" intervalms="134.828" >
  <concurrent-trace-info reason="card cleaning threshold reached" tracedByMutators="447432" tracedByHelpers="1924488" cardsCleaned="11" workStackOverflowCount="0" />
</concurrent-collection-start>
<gc-start id="976" type="global" contextid="964" timestamp="2019-07-02T20:42:24.921">
  <mem-info id="977" free="5922208" total="14680064" percent="40">
    <mem type="nursery" free="5411016" total="7208960" percent="75">
      <mem type="allocate" free="5411016" total="6029312" percent="89" />
      <mem type="survivor" free="0" total="1179648" percent="0" />
    </mem>
    <mem type="tenure" free="511192" total="7471104" percent="6">
      <mem type="soa" free="138456" total="7098368" percent="1" />
      <mem type="loa" free="372736" total="372736" percent="100" />
    </mem>
    <remembered-set count="1313" />
  </mem-info>
</gc-start>
<allocation-stats totalBytes="56" >
  <allocated-bytes non-tlh="56" tlh="0" />
  <largest-consumer threadName="main" threadId="00000000022F5700" bytes="56" />
</allocation-stats>
<gc-op id="978" type="rs-scan" timems="0.209" contextid="964" timestamp="2019-07-02T20:42:24.921">
  <scan objectsFound="65" bytesTraced="4476" workStackOverflowCount="0" />
</gc-op>
<gc-op id="979" type="card-cleaning" timems="0.092" contextid="964" timestamp="2019-07-02T20:42:24.921">
  <card-cleaning cardsCleaned="0" bytesTraced="0" workStackOverflowCount="0" />
</gc-op>
<gc-op id="980" type="mark" timems="2.234" contextid="964" timestamp="2019-07-02T20:42:24.924">
  <trace-info objectcount="15804" scancount="14930" scanbytes="585064" />
  <finalization candidates="80" enqueued="0" />
  <ownableSynchronizers candidates="21" cleared="0" />
  <references type="soft" candidates="1732" cleared="0" enqueued="0" dynamicThreshold="9" maxThreshold="32" />
  <references type="weak" candidates="4500" cleared="0" enqueued="0" />
  <references type="phantom" candidates="72" cleared="0" enqueued="0" />
  <stringconstants candidates="11052" cleared="0"  />
</gc-op>
<gc-op id="981" type="classunload" timems="0.003" contextid="964" timestamp="2019-07-02T20:42:24.924">
  <classunload-info classloadercandidates="19" classloadersunloaded="0" classesunloaded="0" anonymousclassesunloaded="0" quiescems="0.000" setupms="0.002" scanms="0.001" postms="0.000" />
</gc-op>
<gc-op id="982" type="sweep" timems="0.415" contextid="964" timestamp="2019-07-02T20:42:24.924" />
<gc-end id="983" type="global" contextid="964" durationms="3.525" usertimems="4.000" systemtimems="0.000" timestamp="2019-07-02T20:42:24.925" activeThreads="4">
  <mem-info id="984" free="7958544" total="14680064" percent="54">
    <mem type="nursery" free="5480944" total="7208960" percent="76">
      <mem type="allocate" free="5480944" total="6029312" percent="90" />
      <mem type="survivor" free="0" total="1179648" percent="0" />
    </mem>
    <mem type="tenure" free="2477600" total="7471104" percent="33" micro-fragmented="55850" macro-fragmented="0">
      <mem type="soa" free="2104864" total="7098368" percent="29" />
      <mem type="loa" free="372736" total="372736" percent="100" />
    </mem>
    <remembered-set count="416" />
  </mem-info>
</gc-end>
<cycle-end id="985" type="global" contextid="964" timestamp="2019-07-02T20:42:24.925">
  <attribute name="GC Util" value="73" />
  <attribute name="CPU Util" value="7523448778280" />
  <attribute name="Time Running"value="6024"/>
  <attribute name="Number of cores"value="4"/>
</cycle-end>
<concurrent-collection-end id="986" timestamp="2019-07-02T20:42:24.925" />
<allocation-satisfied id="987" threadId="00000000022F5700" bytesRequested="56" />
<af-end id="988" timestamp="2019-07-02T20:42:24.925" threadId="00000000022F6088" success="true" from="nursery"/>
<exclusive-end id="989" timestamp="2019-07-02T20:42:24.925" durationms="6.225" />

<exclusive-start id="990" timestamp="2019-07-02T20:42:24.947" intervalms="27.672">
  <response-info timems="0.011" idlems="0.011" threads="0" lastid="00000000022F5700" lastname="main" />
</exclusive-start>
<af-start id="991" threadId="00000000022F6088" totalBytesRequested="32" timestamp="2019-07-02T20:42:24.947" intervalms="27.666" type="nursery" />
<cycle-start id="992" type="scavenge" contextid="0" timestamp="2019-07-02T20:42:24.947" intervalms="27.666" />
  <attribute name="GC Util" value="73" />
  <attribute name="CPU Util" value="7523448778280" />
  <attribute name="Time Running"value="6024"/>
  <attribute name="Number of cores"value="4"/>
<gc-start id="993" type="scavenge" contextid="992" timestamp="2019-07-02T20:42:24.947">
  <mem-info id="994" free="2473792" total="14680064" percent="16">
    <mem type="nursery" free="0" total="7208960" percent="0">
      <mem type="allocate" free="0" total="6029312" percent="0" />
      <mem type="survivor" free="0" total="1179648" percent="0" />
    </mem>
    <mem type="tenure" free="2473792" total="7471104" percent="33">
      <mem type="soa" free="2101056" total="7098368" percent="29" />
      <mem type="loa" free="372736" total="372736" percent="100" />
    </mem>
    <remembered-set count="500" />
  </mem-info>
</gc-start>
<allocation-stats totalBytes="5483496" >
  <allocated-bytes non-tlh="203816" tlh="5279680" />
  <largest-consumer threadName="main" threadId="00000000022F5700" bytes="5483496" />
</allocation-stats>
<gc-op id="995" type="scavenge" timems="1.224" contextid="992" timestamp="2019-07-02T20:42:24.949">
  <scavenger-info tenureage="7" tenuremask="7f80" tiltratio="83" />
  <memory-copied type="nursery" objects="16934" bytes="941272" bytesdiscarded="106848" />
  <ownableSynchronizers candidates="42" cleared="42" />
  <references type="soft" candidates="10" cleared="0" enqueued="0" dynamicThreshold="10" maxThreshold="32" />
  <references type="weak" candidates="2" cleared="0" enqueued="0" />
  <references type="phantom" candidates="1" cleared="0" enqueued="0" />
</gc-op>
<gc-end id="996" type="scavenge" contextid="992" durationms="1.617" usertimems="4.000" systemtimems="0.000" timestamp="2019-07-02T20:42:24.949" activeThreads="4">
  <mem-info id="997" free="7192768" total="14680064" percent="48">
    <mem type="nursery" free="4718976" total="7208960" percent="65">
      <mem type="allocate" free="4718976" total="5767168" percent="81" />
      <mem type="survivor" free="0" total="1441792" percent="0" />
    </mem>
    <mem type="tenure" free="2473792" total="7471104" percent="33">
      <mem type="soa" free="2101056" total="7098368" percent="29" />
      <mem type="loa" free="372736" total="372736" percent="100" />
    </mem>
    <remembered-set count="494" />
  </mem-info>
</gc-end>
<cycle-end id="998" type="scavenge" contextid="992" timestamp="2019-07-02T20:42:24.949">
  <attribute name="GC Util" value="9" />
  <attribute name="CPU Util" value="790575129475" />
  <attribute name="Time Running"value="6047"/>
  <attribute name="Number of cores"value="4"/>
</cycle-end>
<allocation-satisfied id="999" threadId="00000000022F5700" bytesRequested="32" />
<af-end id="1000" timestamp="2019-07-02T20:42:24.949" threadId="00000000022F6088" success="true" from="nursery"/>
<exclusive-end id="1001" timestamp="2019-07-02T20:42:24.949" durationms="2.423" />

<exclusive-start id="1002" timestamp="2019-07-02T20:42:24.980" intervalms="33.715">
  <response-info timems="0.073" idlems="0.073" threads="0" lastid="00000000022F5700" lastname="main" />
</exclusive-start>
<af-start id="1003" threadId="00000000022F6088" totalBytesRequested="40" timestamp="2019-07-02T20:42:24.980" intervalms="33.706" type="nursery" />
<cycle-start id="1004" type="scavenge" contextid="0" timestamp="2019-07-02T20:42:24.981" intervalms="33.697" />
  <attribute name="GC Util" value="9" />
  <attribute name="CPU Util" value="790575129475" />
  <attribute name="Time Running"value="6047"/>
  <attribute name="Number of cores"value="4"/>
<gc-start id="1005" type="scavenge" contextid="1004" timestamp="2019-07-02T20:42:24.981">
  <mem-info id="1006" free="2460000" total="14680064" percent="16">
    <mem type="nursery" free="0" total="7208960" percent="0">
      <mem type="allocate" free="0" total="5767168" percent="0" />
      <mem type="survivor" free="0" total="1441792" percent="0" />
    </mem>
    <mem type="tenure" free="2460000" total="7471104" percent="32">
      <mem type="soa" free="2087264" total="7098368" percent="29" />
      <mem type="loa" free="372736" total="372736" percent="100" />
    </mem>
    <remembered-set count="718" />
  </mem-info>
</gc-start>
<allocation-stats totalBytes="4730408" >
  <allocated-bytes non-tlh="213152" tlh="4517256" />
  <largest-consumer threadName="main" threadId="00000000022F5700" bytes="4730408" />
</allocation-stats>
<gc-op id="1007" type="scavenge" timems="1.206" contextid="1004" timestamp="2019-07-02T20:42:24.982">
  <scavenger-info tenureage="3" tenuremask="7f98" tiltratio="80" />
  <memory-copied type="nursery" objects="16743" bytes="1101352" bytesdiscarded="156392" />
  <memory-copied type="tenure" objects="6317" bytes="244080" bytesdiscarded="208" />
  <references type="soft" candidates="11" cleared="0" enqueued="0" dynamicThreshold="10" maxThreshold="32" />
  <references type="weak" candidates="213" cleared="0" enqueued="0" />
  <references type="phantom" candidates="1" cleared="0" enqueued="0" />
</gc-op>
<gc-end id="1008" type="scavenge" contextid="1004" durationms="1.633" usertimems="0.000" systemtimems="0.000" timestamp="2019-07-02T20:42:24.982" activeThreads="4">
  <mem-info id="1009" free="6723488" total="14680064" percent="45">
    <mem type="nursery" free="4574832" total="7208960" percent="63">
      <mem type="allocate" free="4574832" total="5832704" percent="78" />
      <mem type="survivor" free="0" total="1376256" percent="0" />
    </mem>
    <mem type="tenure" free="2148656" total="7471104" percent="28">
      <mem type="soa" free="1775920" total="7098368" percent="25" />
      <mem type="loa" free="372736" total="372736" percent="100" />
    </mem>
    <remembered-set count="561" />
  </mem-info>
</gc-end>
<cycle-end id="1010" type="scavenge" contextid="1004" timestamp="2019-07-02T20:42:24.982">
  <attribute name="GC Util" value="5" />
  <attribute name="CPU Util" value="547951372838" />
  <attribute name="Time Running"value="6081"/>
  <attribute name="Number of cores"value="4"/>
</cycle-end>
<allocation-satisfied id="1011" threadId="00000000022F5700" bytesRequested="40" />
<af-end id="1012" timestamp="2019-07-02T20:42:24.983" threadId="00000000022F6088" success="true" from="nursery"/>
<exclusive-end id="1013" timestamp="2019-07-02T20:42:24.983" durationms="2.535" />

<exclusive-start id="1014" timestamp="2019-07-02T20:42:24.991" intervalms="10.975">
  <response-info timems="0.074" idlems="0.074" threads="0" lastid="00000000022F5700" lastname="main" />
</exclusive-start>
<af-start id="1015" threadId="00000000022F6088" totalBytesRequested="32" timestamp="2019-07-02T20:42:24.991" intervalms="10.972" type="nursery" />
<cycle-start id="1016" type="scavenge" contextid="0" timestamp="2019-07-02T20:42:24.992" intervalms="10.978" />
  <attribute name="GC Util" value="5" />
  <attribute name="CPU Util" value="547951372838" />
  <attribute name="Time Running"value="6081"/>
  <attribute name="Number of cores"value="4"/>
<gc-start id="1017" type="scavenge" contextid="1016" timestamp="2019-07-02T20:42:24.992">
  <mem-info id="1018" free="2148656" total="14680064" percent="14">
    <mem type="nursery" free="0" total="7208960" percent="0">
      <mem type="allocate" free="0" total="5832704" percent="0" />
      <mem type="survivor" free="0" total="1376256" percent="0" />
    </mem>
    <mem type="tenure" free="2148656" total="7471104" percent="28">
      <mem type="soa" free="1775920" total="7098368" percent="25" />
      <mem type="loa" free="372736" total="372736" percent="100" />
    </mem>
    <remembered-set count="561" />
  </mem-info>
</gc-start>
<allocation-stats totalBytes="4574336" >
  <allocated-bytes non-tlh="40" tlh="4574296" />
  <largest-consumer threadName="main" threadId="00000000022F5700" bytes="4574336" />
</allocation-stats>
<gc-op id="1019" type="scavenge" timems="1.101" contextid="1016" timestamp="2019-07-02T20:42:24.993">
  <scavenger-info tenureage="3" tenuremask="7f88" tiltratio="80" />
  <memory-copied type="nursery" objects="18618" bytes="1160384" bytesdiscarded="151344" />
  <memory-copied type="tenure" objects="5728" bytes="216152" bytesdiscarded="112" />
  <references type="soft" candidates="11" cleared="0" enqueued="0" dynamicThreshold="10" maxThreshold="32" />
  <references type="weak" candidates="213" cleared="0" enqueued="0" />
  <references type="phantom" candidates="1" cleared="0" enqueued="0" />
</gc-op>
<heap-resize id="1020" type="expand" space="nursery" amount="393216" count="1" timems="0.016" reason="excessive time being spent scavenging" timestamp="2019-07-02T20:42:24.993" />
<gc-end id="1021" type="scavenge" contextid="1016" durationms="1.710" usertimems="0.000" systemtimems="0.000" timestamp="2019-07-02T20:42:24.993" activeThreads="4">
  <mem-info id="1022" free="6729000" total="15073280" percent="44">
    <mem type="nursery" free="4783016" total="7602176" percent="62">
      <mem type="allocate" free="4783016" total="6094848" percent="78" />
      <mem type="survivor" free="0" total="1507328" percent="0" />
    </mem>
    <mem type="tenure" free="1945984" total="7471104" percent="26">
      <mem type="soa" free="1573248" total="7098368" percent="22" />
      <mem type="loa" free="372736" total="372736" percent="100" />
    </mem>
    <remembered-set count="383" />
  </mem-info>
</gc-end>
<cycle-end id="1023" type="scavenge" contextid="1016" timestamp="2019-07-02T20:42:24.994">
  <attribute name="GC Util" value="21" />
  <attribute name="CPU Util" value="1675099403216" />
  <attribute name="Time Running"value="6092"/>
  <attribute name="Number of cores"value="4"/>
</cycle-end>
<allocation-satisfied id="1024" threadId="00000000022F5700" bytesRequested="32" />
<af-end id="1025" timestamp="2019-07-02T20:42:24.994" threadId="00000000022F6088" success="true" from="nursery"/>
<exclusive-end id="1026" timestamp="2019-07-02T20:42:24.994" durationms="2.478" />

<exclusive-start id="1027" timestamp="2019-07-02T20:42:25.002" intervalms="10.725">
  <response-info timems="0.078" idlems="0.078" threads="0" lastid="00000000022F5700" lastname="main" />
</exclusive-start>
<af-start id="1028" threadId="00000000022F6088" totalBytesRequested="32" timestamp="2019-07-02T20:42:25.002" intervalms="10.726" type="nursery" />
<cycle-start id="1029" type="scavenge" contextid="0" timestamp="2019-07-02T20:42:25.002" intervalms="10.725" />
  <attribute name="GC Util" value="21" />
  <attribute name="CPU Util" value="1675099403216" />
  <attribute name="Time Running"value="6092"/>
  <attribute name="Number of cores"value="4"/>
<gc-start id="1030" type="scavenge" contextid="1029" timestamp="2019-07-02T20:42:25.002">
  <mem-info id="1031" free="1945984" total="15073280" percent="12">
    <mem type="nursery" free="0" total="7602176" percent="0">
      <mem type="allocate" free="0" total="6094848" percent="0" />
      <mem type="survivor" free="0" total="1507328" percent="0" />
    </mem>
    <mem type="tenure" free="1945984" total="7471104" percent="26">
      <mem type="soa" free="1573248" total="7098368" percent="22" />
      <mem type="loa" free="372736" total="372736" percent="100" />
    </mem>
    <remembered-set count="383" />
  </mem-info>
</gc-start>
<allocation-stats totalBytes="4782560" >
  <allocated-bytes non-tlh="32" tlh="4782528" />
  <largest-consumer threadName="main" threadId="00000000022F5700" bytes="4782560" />
</allocation-stats>
<gc-op id="1032" type="scavenge" timems="1.472" contextid="1029" timestamp="2019-07-02T20:42:25.004">
  <scavenger-info tenureage="2" tenuremask="7f84" tiltratio="80" />
  <memory-copied type="nursery" objects="14403" bytes="551936" bytesdiscarded="163816" />
  <memory-copied type="tenure" objects="10553" bytes="840248" bytesdiscarded="312" />
  <references type="soft" candidates="10" cleared="0" enqueued="0" dynamicThreshold="10" maxThreshold="32" />
  <references type="weak" candidates="2" cleared="0" enqueued="0" />
</gc-op>
<heap-resize id="1033" type="expand" space="nursery" amount="393216" count="1" timems="0.012" reason="excessive time being spent scavenging" timestamp="2019-07-02T20:42:25.004" />
<gc-end id="1034" type="scavenge" contextid="1029" durationms="2.116" usertimems="4.000" systemtimems="0.000" timestamp="2019-07-02T20:42:25.005" activeThreads="4">
  <mem-info id="1035" free="6739208" total="15466496" percent="43">
    <mem type="nursery" free="5772288" total="7995392" percent="72">
      <mem type="allocate" free="5772288" total="6488064" percent="88" />
      <mem type="survivor" free="0" total="1507328" percent="0" />
    </mem>
    <mem type="tenure" free="966920" total="7471104" percent="12">
      <mem type="soa" free="594184" total="7098368" percent="8" />
      <mem type="loa" free="372736" total="372736" percent="100" />
    </mem>
    <remembered-set count="1523" />
  </mem-info>
</gc-end>
<cycle-end id="1036" type="scavenge" contextid="1029" timestamp="2019-07-02T20:42:25.005">
  <attribute name="GC Util" value="22" />
  <attribute name="CPU Util" value="1720664080760" />
  <attribute name="Time Running"value="6103"/>
  <attribute name="Number of cores"value="4"/>
</cycle-end>
<allocation-satisfied id="1037" threadId="00000000022F5700" bytesRequested="32" />
<af-end id="1038" timestamp="2019-07-02T20:42:25.005" threadId="00000000022F6088" success="true" from="nursery"/>
<exclusive-end id="1039" timestamp="2019-07-02T20:42:25.005" durationms="2.963" />

<concurrent-kickoff id="1040" timestamp="2019-07-02T20:42:25.016">
  <kickoff reason="threshold reached" targetBytes="2381286" thresholdFreeBytes="331423"  remainingFree="230400" tenureFreeBytes="966920" nurseryFreeBytes="230400" />
</concurrent-kickoff>
<exclusive-start id="1041" timestamp="2019-07-02T20:42:25.016" intervalms="14.328">
  <response-info timems="0.119" idlems="0.119" threads="0" lastid="00000000022F5700" lastname="main" />
</exclusive-start>
<cycle-start id="1042" type="global" contextid="0" timestamp="2019-07-02T20:42:25.016" intervalms="102.786" />
  <attribute name="GC Util" value="22" />
  <attribute name="CPU Util" value="1720664080760" />
  <attribute name="Time Running"value="6103"/>
  <attribute name="Number of cores"value="4"/>
<exclusive-end id="1043" timestamp="2019-07-02T20:42:25.017" durationms="0.286" />

<exclusive-start id="1044" timestamp="2019-07-02T20:42:25.018" intervalms="1.768">
  <response-info timems="0.022" idlems="0.022" threads="0" lastid="00000000022F5700" lastname="main" />
</exclusive-start>
<af-start id="1045" threadId="00000000022F6088" totalBytesRequested="16" timestamp="2019-07-02T20:42:25.018" intervalms="16.045" type="nursery" />
<cycle-start id="1046" type="scavenge" contextid="0" timestamp="2019-07-02T20:42:25.018" intervalms="15.991" />
  <attribute name="GC Util" value="22" />
  <attribute name="CPU Util" value="1720664080760" />
  <attribute name="Time Running"value="6103"/>
  <attribute name="Number of cores"value="4"/>
<gc-start id="1047" type="scavenge" contextid="1046" timestamp="2019-07-02T20:42:25.018">
  <mem-info id="1048" free="966920" total="15466496" percent="6">
    <mem type="nursery" free="0" total="7995392" percent="0">
      <mem type="allocate" free="0" total="6488064" percent="0" />
      <mem type="survivor" free="0" total="1507328" percent="0" />
    </mem>
    <mem type="tenure" free="966920" total="7471104" percent="12">
      <mem type="soa" free="594184" total="7098368" percent="8" />
      <mem type="loa" free="372736" total="372736" percent="100" />
    </mem>
    <remembered-set count="2194" />
  </mem-info>
</gc-start>
<allocation-stats totalBytes="5771672" >
  <allocated-bytes non-tlh="32" tlh="5771640" />
  <largest-consumer threadName="main" threadId="00000000022F5700" bytes="5771672" />
</allocation-stats>
<gc-op id="1049" type="scavenge" timems="1.322" contextid="1046" timestamp="2019-07-02T20:42:25.020">
  <scavenger-info tenureage="8" tenuremask="7f00" tiltratio="81" />
  <memory-copied type="nursery" objects="23175" bytes="918432" bytesdiscarded="158280" />
  <references type="soft" candidates="10" cleared="0" enqueued="0" dynamicThreshold="10" maxThreshold="32" />
  <references type="weak" candidates="2" cleared="0" enqueued="0" />
</gc-op>
<gc-end id="1050" type="scavenge" contextid="1046" durationms="1.704" usertimems="4.000" systemtimems="0.000" timestamp="2019-07-02T20:42:25.020" activeThreads="4">
  <mem-info id="1051" free="6509320" total="15466496" percent="42">
    <mem type="nursery" free="5542400" total="7995392" percent="69">
      <mem type="allocate" free="5542400" total="6619136" percent="83" />
      <mem type="survivor" free="0" total="1376256" percent="0" />
    </mem>
    <mem type="tenure" free="966920" total="7471104" percent="12">
      <mem type="soa" free="594184" total="7098368" percent="8" />
      <mem type="loa" free="372736" total="372736" percent="100" />
    </mem>
    <remembered-set count="2191" />
  </mem-info>
</gc-end>
<cycle-end id="1052" type="scavenge" contextid="1046" timestamp="2019-07-02T20:42:25.020">
  <attribute name="GC Util" value="16" />
  <attribute name="CPU Util" value="1158278251111" />
  <attribute name="Time Running"value="6119"/>
  <attribute name="Number of cores"value="4"/>
</cycle-end>
<allocation-satisfied id="1053" threadId="00000000022F5700" bytesRequested="16" />
<af-end id="1054" timestamp="2019-07-02T20:42:25.022" threadId="00000000022F6088" success="true" from="nursery"/>
<exclusive-end id="1055" timestamp="2019-07-02T20:42:25.022" durationms="4.355" />

<exclusive-start id="1056" timestamp="2019-07-02T20:42:25.069" intervalms="51.408">
  <response-info timems="0.059" idlems="0.059" threads="0" lastid="00000000022F5700" lastname="main" />
</exclusive-start>
<af-start id="1057" threadId="00000000022F6088" totalBytesRequested="16" timestamp="2019-07-02T20:42:25.070" intervalms="51.479" type="nursery" />
<cycle-start id="1058" type="scavenge" contextid="0" timestamp="2019-07-02T20:42:25.070" intervalms="51.536" />
  <attribute name="GC Util" value="16" />
  <attribute name="CPU Util" value="1158278251111" />
  <attribute name="Time Running"value="6119"/>
  <attribute name="Number of cores"value="4"/>
<gc-start id="1059" type="scavenge" contextid="1058" timestamp="2019-07-02T20:42:25.070">
  <mem-info id="1060" free="942400" total="15466496" percent="6">
    <mem type="nursery" free="0" total="7995392" percent="0">
      <mem type="allocate" free="0" total="6619136" percent="0" />
      <mem type="survivor" free="0" total="1376256" percent="0" />
    </mem>
    <mem type="tenure" free="942400" total="7471104" percent="12">
      <mem type="soa" free="569664" total="7098368" percent="8" />
      <mem type="loa" free="372736" total="372736" percent="100" />
    </mem>
    <remembered-set count="2530" />
  </mem-info>
</gc-start>
<allocation-stats totalBytes="5564632" >
  <allocated-bytes non-tlh="224544" tlh="5340088" />
  <largest-consumer threadName="main" threadId="00000000022F5700" bytes="5564632" />
</allocation-stats>
<gc-op id="1061" type="scavenge" timems="1.630" contextid="1058" timestamp="2019-07-02T20:42:25.072">
  <scavenger-info tenureage="5" tenuremask="7f20" tiltratio="82" />
  <memory-copied type="nursery" objects="25176" bytes="1252192" bytesdiscarded="123968" />
  <memory-copied type="tenure" objects="276" bytes="39232" bytesdiscarded="0" />
  <references type="soft" candidates="24" cleared="0" enqueued="0" dynamicThreshold="10" maxThreshold="32" />
  <references type="weak" candidates="182" cleared="2" enqueued="2" />
  <references type="phantom" candidates="1" cleared="0" enqueued="0" />
</gc-op>
<gc-end id="1062" type="scavenge" contextid="1058" durationms="2.101" usertimems="0.000" systemtimems="0.000" timestamp="2019-07-02T20:42:25.072" activeThreads="4">
  <mem-info id="1063" free="5923136" total="15466496" percent="38">
    <mem type="nursery" free="4980736" total="7995392" percent="62">
      <mem type="allocate" free="4980736" total="6356992" percent="78" />
      <mem type="survivor" free="0" total="1638400" percent="0" />
    </mem>
    <mem type="tenure" free="942400" total="7471104" percent="12">
      <mem type="soa" free="569664" total="7098368" percent="8" />
      <mem type="loa" free="372736" total="372736" percent="100" />
    </mem>
    <pending-finalizers system="0" default="0" reference="2" classloader="0" />
    <remembered-set count="2406" />
  </mem-info>
</gc-end>
<cycle-end id="1064" type="scavenge" contextid="1058" timestamp="2019-07-02T20:42:25.072">
  <attribute name="GC Util" value="4" />
  <attribute name="CPU Util" value="357327463077" />
  <attribute name="Time Running"value="6170"/>
  <attribute name="Number of cores"value="4"/>
</cycle-end>
<allocation-satisfied id="1065" threadId="00000000022F5700" bytesRequested="16" />
<af-end id="1066" timestamp="2019-07-02T20:42:25.072" threadId="00000000022F6088" success="true" from="nursery"/>
<exclusive-end id="1067" timestamp="2019-07-02T20:42:25.072" durationms="3.004" />

<exclusive-start id="1068" timestamp="2019-07-02T20:42:25.130" intervalms="60.872">
  <response-info timems="0.024" idlems="0.024" threads="0" lastid="00000000022F5700" lastname="main" />
</exclusive-start>
<af-start id="1069" threadId="00000000022F6088" totalBytesRequested="80" timestamp="2019-07-02T20:42:25.130" intervalms="60.776" type="nursery" />
<cycle-start id="1070" type="scavenge" contextid="0" timestamp="2019-07-02T20:42:25.130" intervalms="60.682" />
  <attribute name="GC Util" value="4" />
  <attribute name="CPU Util" value="357327463077" />
  <attribute name="Time Running"value="6170"/>
  <attribute name="Number of cores"value="4"/>
<gc-start id="1071" type="scavenge" contextid="1070" timestamp="2019-07-02T20:42:25.131">
  <mem-info id="1072" free="927000" total="15466496" percent="5">
    <mem type="nursery" free="0" total="7995392" percent="0">
      <mem type="allocate" free="0" total="6356992" percent="0" />
      <mem type="survivor" free="0" total="1638400" percent="0" />
    </mem>
    <mem type="tenure" free="927000" total="7471104" percent="12">
      <mem type="soa" free="554264" total="7098368" percent="7" />
      <mem type="loa" free="372736" total="372736" percent="100" />
    </mem>
    <remembered-set count="2617" />
  </mem-info>
</gc-start>
<allocation-stats totalBytes="4993496" >
  <allocated-bytes non-tlh="213952" tlh="4779544" />
  <largest-consumer threadName="main" threadId="00000000022F5700" bytes="4989400" />
</allocation-stats>
<gc-op id="1073" type="scavenge" timems="1.466" contextid="1070" timestamp="2019-07-02T20:42:25.132">
  <scavenger-info tenureage="4" tenuremask="7f10" tiltratio="79" />
  <memory-copied type="nursery" objects="14832" bytes="599992" bytesdiscarded="147888" />
  <memory-copied type="tenure" objects="7266" bytes="269088" bytesdiscarded="320" />
  <finalization candidates="1" enqueued="1" />
  <references type="soft" candidates="26" cleared="0" enqueued="0" dynamicThreshold="10" maxThreshold="32" />
  <references type="weak" candidates="317" cleared="13" enqueued="13" />
</gc-op>
<gc-end id="1074" type="scavenge" contextid="1070" durationms="1.649" usertimems="4.000" systemtimems="0.000" timestamp="2019-07-02T20:42:25.132" activeThreads="4">
  <mem-info id="1075" free="6297024" total="15466496" percent="40">
    <mem type="nursery" free="5608904" total="7995392" percent="70">
      <mem type="allocate" free="5608904" total="6356992" percent="88" />
      <mem type="survivor" free="0" total="1638400" percent="0" />
    </mem>
    <mem type="tenure" free="688120" total="7471104" percent="9">
      <mem type="soa" free="315384" total="7098368" percent="4" />
      <mem type="loa" free="372736" total="372736" percent="100" />
    </mem>
    <pending-finalizers system="0" default="1" reference="13" classloader="0" />
    <remembered-set count="2042" />
  </mem-info>
</gc-end>
<cycle-end id="1076" type="scavenge" contextid="1070" timestamp="2019-07-02T20:42:25.132">
  <attribute name="GC Util" value="4" />
  <attribute name="CPU Util" value="305388530370" />
  <attribute name="Time Running"value="6231"/>
  <attribute name="Number of cores"value="4"/>
</cycle-end>
<allocation-satisfied id="1077" threadId="00000000022F5700" bytesRequested="80" />
<af-end id="1078" timestamp="2019-07-02T20:42:25.132" threadId="00000000022F6088" success="true" from="nursery"/>
<exclusive-end id="1079" timestamp="2019-07-02T20:42:25.132" durationms="2.153" />

<exclusive-start id="1080" timestamp="2019-07-02T20:42:25.148" intervalms="18.039">
  <response-info timems="0.077" idlems="0.077" threads="0" lastid="00000000022F5700" lastname="main" />
</exclusive-start>
<af-start id="1081" threadId="00000000022F6088" totalBytesRequested="32" timestamp="2019-07-02T20:42:25.149" intervalms="18.132" type="nursery" />
<cycle-start id="1082" type="scavenge" contextid="0" timestamp="2019-07-02T20:42:25.149" intervalms="18.221" />
  <attribute name="GC Util" value="4" />
  <attribute name="CPU Util" value="305388530370" />
  <attribute name="Time Running"value="6231"/>
  <attribute name="Number of cores"value="4"/>
<gc-start id="1083" type="scavenge" contextid="1082" timestamp="2019-07-02T20:42:25.149">
  <mem-info id="1084" free="688000" total="15466496" percent="4">
    <mem type="nursery" free="0" total="7995392" percent="0">
      <mem type="allocate" free="0" total="6356992" percent="0" />
      <mem type="survivor" free="0" total="1638400" percent="0" />
    </mem>
    <mem type="tenure" free="688000" total="7471104" percent="9">
      <mem type="soa" free="315264" total="7098368" percent="4" />
      <mem type="loa" free="372736" total="372736" percent="100" />
    </mem>
    <remembered-set count="2049" />
  </mem-info>
</gc-start>
<allocation-stats totalBytes="5608424" >
  <allocated-bytes non-tlh="265752" tlh="5342672" />
  <largest-consumer threadName="main" threadId="00000000022F5700" bytes="5600112" />
</allocation-stats>
<gc-op id="1085" type="scavenge" timems="1.381" contextid="1082" timestamp="2019-07-02T20:42:25.150">
  <scavenger-info tenureage="3" tenuremask="7e18" tiltratio="79" />
  <memory-copied type="nursery" objects="13404" bytes="919560" bytesdiscarded="159440" />
  <memory-copied type="tenure" objects="12247" bytes="458528" bytesdiscarded="360" />
  <references type="soft" candidates="26" cleared="0" enqueued="0" dynamicThreshold="10" maxThreshold="32" />
  <references type="weak" candidates="309" cleared="2" enqueued="2" />
  <references type="phantom" candidates="1" cleared="0" enqueued="0" />
  <heap-resize type="expand" space="tenure" amount="131072" count="2" timems="0.043" reason="continue current collection" />
</gc-op>
<gc-end id="1086" type="scavenge" contextid="1082" durationms="1.835" usertimems="4.000" systemtimems="0.000" timestamp="2019-07-02T20:42:25.151" activeThreads="4">
  <mem-info id="1087" free="5723240" total="15597568" percent="36">
    <mem type="nursery" free="5343336" total="7995392" percent="66">
      <mem type="allocate" free="5343336" total="6422528" percent="83" />
      <mem type="survivor" free="0" total="1572864" percent="0" />
    </mem>
    <mem type="tenure" free="379904" total="7602176" percent="4">
      <mem type="soa" free="0" total="7222272" percent="0" />
      <mem type="loa" free="379904" total="379904" percent="100" />
    </mem>
    <pending-finalizers system="0" default="0" reference="2" classloader="0" />
    <remembered-set count="434" />
  </mem-info>
</gc-end>
<cycle-end id="1088" type="scavenge" contextid="1082" timestamp="2019-07-02T20:42:25.151">
  <attribute name="GC Util" value="12" />
  <attribute name="CPU Util" value="998307829844" />
  <attribute name="Time Running"value="6249"/>
  <attribute name="Number of cores"value="4"/>
</cycle-end>
<allocation-satisfied id="1089" threadId="00000000022F5700" bytesRequested="32" />
<af-end id="1090" timestamp="2019-07-02T20:42:25.151" threadId="00000000022F6088" success="true" from="nursery"/>
<exclusive-end id="1091" timestamp="2019-07-02T20:42:25.151" durationms="2.804" />

<exclusive-start id="1092" timestamp="2019-07-02T20:42:25.151" intervalms="2.930">
  <response-info timems="0.069" idlems="0.069" threads="0" lastid="00000000022F5700" lastname="main" />
</exclusive-start>
<concurrent-collection-start id="1093" timestamp="2019-07-02T20:42:25.151" intervalms="230.373" >
  <concurrent-trace-info reason="card cleaning threshold reached" tracedByMutators="932192" tracedByHelpers="1550700" cardsCleaned="195" workStackOverflowCount="0" />
</concurrent-collection-start>
<gc-start id="1094" type="global" contextid="1042" timestamp="2019-07-02T20:42:25.151">
  <mem-info id="1095" free="5657672" total="15597568" percent="36">
    <mem type="nursery" free="5277768" total="7995392" percent="66">
      <mem type="allocate" free="5277768" total="6422528" percent="82" />
      <mem type="survivor" free="0" total="1572864" percent="0" />
    </mem>
    <mem type="tenure" free="379904" total="7602176" percent="4">
      <mem type="soa" free="0" total="7222272" percent="0" />
      <mem type="loa" free="379904" total="379904" percent="100" />
    </mem>
    <pending-finalizers system="0" default="0" reference="2" classloader="0" />
    <remembered-set count="434" />
  </mem-info>
</gc-start>
<allocation-stats totalBytes="65568" >
  <allocated-bytes non-tlh="32" tlh="65536" />
  <largest-consumer threadName="main" threadId="00000000022F5700" bytes="65568" />
</allocation-stats>
<gc-op id="1096" type="rs-scan" timems="0.187" contextid="1042" timestamp="2019-07-02T20:42:25.152">
  <scan objectsFound="220" bytesTraced="22208" workStackOverflowCount="0" />
</gc-op>
<gc-op id="1097" type="card-cleaning" timems="0.166" contextid="1042" timestamp="2019-07-02T20:42:25.152">
  <card-cleaning cardsCleaned="21" bytesTraced="99240" workStackOverflowCount="0" />
</gc-op>
<gc-op id="1098" type="mark" timems="2.372" contextid="1042" timestamp="2019-07-02T20:42:25.154">
  <trace-info objectcount="11502" scancount="10350" scanbytes="444508" />
  <finalization candidates="80" enqueued="0" />
  <ownableSynchronizers candidates="21" cleared="0" />
  <references type="soft" candidates="1769" cleared="0" enqueued="0" dynamicThreshold="10" maxThreshold="32" />
  <references type="weak" candidates="4998" cleared="0" enqueued="0" />
  <references type="phantom" candidates="73" cleared="0" enqueued="0" />
  <stringconstants candidates="11653" cleared="0"  />
</gc-op>
<gc-op id="1099" type="classunload" timems="0.004" contextid="1042" timestamp="2019-07-02T20:42:25.154">
  <classunload-info classloadercandidates="26" classloadersunloaded="0" classesunloaded="0" anonymousclassesunloaded="0" quiescems="0.000" setupms="0.003" scanms="0.001" postms="0.000" />
</gc-op>
<gc-op id="1100" type="sweep" timems="0.325" contextid="1042" timestamp="2019-07-02T20:42:25.155" />
<gc-end id="1101" type="global" contextid="1042" durationms="3.677" usertimems="4.000" systemtimems="0.000" timestamp="2019-07-02T20:42:25.155" activeThreads="4">
  <mem-info id="1102" free="8189712" total="15597568" percent="52">
    <mem type="nursery" free="5503776" total="7995392" percent="68">
      <mem type="allocate" free="5503776" total="6422528" percent="85" />
      <mem type="survivor" free="0" total="1572864" percent="0" />
    </mem>
    <mem type="tenure" free="2685936" total="7602176" percent="35" micro-fragmented="4108" macro-fragmented="0">
      <mem type="soa" free="2306032" total="7222272" percent="31" />
      <mem type="loa" free="379904" total="379904" percent="100" />
    </mem>
    <pending-finalizers system="0" default="0" reference="2" classloader="0" />
    <remembered-set count="325" />
  </mem-info>
</gc-end>
<cycle-end id="1103" type="global" contextid="1042" timestamp="2019-07-02T20:42:25.155">
  <attribute name="GC Util" value="61" />
  <attribute name="CPU Util" value="6978991252992" />
  <attribute name="Time Running"value="6255"/>
  <attribute name="Number of cores"value="4"/>
</cycle-end>
<concurrent-collection-end id="1104" timestamp="2019-07-02T20:42:25.155" />
<exclusive-end id="1105" timestamp="2019-07-02T20:42:25.156" durationms="4.240" />

<exclusive-start id="1106" timestamp="2019-07-02T20:42:25.180" intervalms="28.636">
  <response-info timems="0.022" idlems="0.022" threads="0" lastid="00000000022F5700" lastname="main" />
</exclusive-start>
<af-start id="1107" threadId="00000000022F6088" totalBytesRequested="200008" timestamp="2019-07-02T20:42:25.180" intervalms="31.469" type="nursery" />
<cycle-start id="1108" type="scavenge" contextid="0" timestamp="2019-07-02T20:42:25.180" intervalms="31.381" />
  <attribute name="GC Util" value="61" />
  <attribute name="CPU Util" value="6978991252992" />
  <attribute name="Time Running"value="6255"/>
  <attribute name="Number of cores"value="4"/>
<gc-start id="1109" type="scavenge" contextid="1108" timestamp="2019-07-02T20:42:25.180">
  <mem-info id="1110" free="2808328" total="15597568" percent="18">
    <mem type="nursery" free="133856" total="7995392" percent="1">
      <mem type="allocate" free="133856" total="6422528" percent="2" />
      <mem type="survivor" free="0" total="1572864" percent="0" />
    </mem>
    <mem type="tenure" free="2674472" total="7602176" percent="35">
      <mem type="soa" free="2294568" total="7222272" percent="31" />
      <mem type="loa" free="379904" total="379904" percent="100" />
    </mem>
    <remembered-set count="434" />
  </mem-info>
</gc-start>
<allocation-stats totalBytes="5380240" >
  <allocated-bytes non-tlh="211472" tlh="5168768" />
  <largest-consumer threadName="main" threadId="00000000022F5700" bytes="5380240" />
</allocation-stats>
<gc-op id="1111" type="scavenge" timems="0.514" contextid="1108" timestamp="2019-07-02T20:42:25.181">
  <scavenger-info tenureage="9" tenuremask="7e00" tiltratio="80" />
  <memory-copied type="nursery" objects="4913" bytes="550936" bytesdiscarded="116488" />
  <ownableSynchronizers candidates="42" cleared="42" />
  <references type="soft" candidates="50" cleared="0" enqueued="0" dynamicThreshold="11" maxThreshold="32" />
  <references type="weak" candidates="311" cleared="0" enqueued="0" />
  <references type="phantom" candidates="2" cleared="0" enqueued="0" />
</gc-op>
<gc-end id="1112" type="scavenge" contextid="1108" durationms="0.690" usertimems="0.000" systemtimems="0.000" timestamp="2019-07-02T20:42:25.181" activeThreads="4">
  <mem-info id="1113" free="8560400" total="15597568" percent="54">
    <mem type="nursery" free="5885928" total="7995392" percent="73">
      <mem type="allocate" free="5885928" total="6553600" percent="89" />
      <mem type="survivor" free="0" total="1441792" percent="0" />
    </mem>
    <mem type="tenure" free="2674472" total="7602176" percent="35">
      <mem type="soa" free="2294568" total="7222272" percent="31" />
      <mem type="loa" free="379904" total="379904" percent="100" />
    </mem>
    <remembered-set count="268" />
  </mem-info>
</gc-end>
<cycle-end id="1114" type="scavenge" contextid="1108" timestamp="2019-07-02T20:42:25.181">
  <attribute name="GC Util" value="9" />
  <attribute name="CPU Util" value="720007527683" />
  <attribute name="Time Running"value="6280"/>
  <attribute name="Number of cores"value="4"/>
</cycle-end>
<allocation-satisfied id="1115" threadId="00000000022F5700" bytesRequested="200008" />
<af-end id="1116" timestamp="2019-07-02T20:42:25.181" threadId="00000000022F6088" success="true" from="nursery"/>
<exclusive-end id="1117" timestamp="2019-07-02T20:42:25.181" durationms="1.187" />

<exclusive-start id="1118" timestamp="2019-07-02T20:42:25.213" intervalms="33.055">
  <response-info timems="0.104" idlems="0.104" threads="0" lastid="00000000022F5700" lastname="main" />
</exclusive-start>
<af-start id="1119" threadId="00000000022F6088" totalBytesRequested="24" timestamp="2019-07-02T20:42:25.213" intervalms="33.134" type="nursery" />
<cycle-start id="1120" type="scavenge" contextid="0" timestamp="2019-07-02T20:42:25.213" intervalms="33.141" />
  <attribute name="GC Util" value="9" />
  <attribute name="CPU Util" value="720007527683" />
  <attribute name="Time Running"value="6280"/>
  <attribute name="Number of cores"value="4"/>
<gc-start id="1121" type="scavenge" contextid="1120" timestamp="2019-07-02T20:42:25.213">
  <mem-info id="1122" free="2669408" total="15597568" percent="17">
    <mem type="nursery" free="0" total="7995392" percent="0">
      <mem type="allocate" free="0" total="6553600" percent="0" />
      <mem type="survivor" free="0" total="1441792" percent="0" />
    </mem>
    <mem type="tenure" free="2669408" total="7602176" percent="35">
      <mem type="soa" free="2289504" total="7222272" percent="31" />
      <mem type="loa" free="379904" total="379904" percent="100" />
    </mem>
    <remembered-set count="300" />
  </mem-info>
</gc-start>
<allocation-stats totalBytes="5889544" >
  <allocated-bytes non-tlh="732792" tlh="5156752" />
  <largest-consumer threadName="main" threadId="00000000022F5700" bytes="5889544" />
</allocation-stats>
<gc-op id="1123" type="scavenge" timems="0.770" contextid="1120" timestamp="2019-07-02T20:42:25.214">
  <scavenger-info tenureage="10" tenuremask="7c00" tiltratio="81" />
  <memory-copied type="nursery" objects="12813" bytes="1315120" bytesdiscarded="116376" />
  <references type="soft" candidates="51" cleared="0" enqueued="0" dynamicThreshold="11" maxThreshold="32" />
  <references type="weak" candidates="313" cleared="2" enqueued="2" />
  <references type="phantom" candidates="2" cleared="0" enqueued="0" />
</gc-op>
<gc-end id="1124" type="scavenge" contextid="1120" durationms="1.181" usertimems="0.000" systemtimems="0.000" timestamp="2019-07-02T20:42:25.215" activeThreads="4">
  <mem-info id="1125" free="7135880" total="15597568" percent="45">
    <mem type="nursery" free="4466472" total="7995392" percent="55">
      <mem type="allocate" free="4466472" total="5898240" percent="75" />
      <mem type="survivor" free="0" total="2097152" percent="0" />
    </mem>
    <mem type="tenure" free="2669408" total="7602176" percent="35">
      <mem type="soa" free="2289504" total="7222272" percent="31" />
      <mem type="loa" free="379904" total="379904" percent="100" />
    </mem>
    <pending-finalizers system="0" default="0" reference="2" classloader="0" />
    <remembered-set count="295" />
  </mem-info>
</gc-end>
<cycle-end id="1126" type="scavenge" contextid="1120" timestamp="2019-07-02T20:42:25.215">
  <attribute name="GC Util" value="3" />
  <attribute name="CPU Util" value="551867682590" />
  <attribute name="Time Running"value="6314"/>
  <attribute name="Number of cores"value="4"/>
</cycle-end>
<allocation-satisfied id="1127" threadId="00000000022F5700" bytesRequested="24" />
<af-end id="1128" timestamp="2019-07-02T20:42:25.215" threadId="00000000022F6088" success="true" from="nursery"/>
<exclusive-end id="1129" timestamp="2019-07-02T20:42:25.215" durationms="1.929" />

<exclusive-start id="1130" timestamp="2019-07-02T20:42:25.223" intervalms="10.310">
  <response-info timems="0.076" idlems="0.076" threads="0" lastid="00000000022F5700" lastname="main" />
</exclusive-start>
<af-start id="1131" threadId="00000000022F6088" totalBytesRequested="48" timestamp="2019-07-02T20:42:25.223" intervalms="10.320" type="nursery" />
<cycle-start id="1132" type="scavenge" contextid="0" timestamp="2019-07-02T20:42:25.224" intervalms="10.403" />
  <attribute name="GC Util" value="3" />
  <attribute name="CPU Util" value="551867682590" />
  <attribute name="Time Running"value="6314"/>
  <attribute name="Number of cores"value="4"/>
<gc-start id="1133" type="scavenge" contextid="1132" timestamp="2019-07-02T20:42:25.224">
  <mem-info id="1134" free="2669408" total="15597568" percent="17">
    <mem type="nursery" free="0" total="7995392" percent="0">
      <mem type="allocate" free="0" total="5898240" percent="0" />
      <mem type="survivor" free="0" total="2097152" percent="0" />
    </mem>
    <mem type="tenure" free="2669408" total="7602176" percent="35">
      <mem type="soa" free="2289504" total="7222272" percent="31" />
      <mem type="loa" free="379904" total="379904" percent="100" />
    </mem>
    <remembered-set count="295" />
  </mem-info>
</gc-start>
<allocation-stats totalBytes="4465928" >
  <allocated-bytes non-tlh="24" tlh="4465904" />
  <largest-consumer threadName="main" threadId="00000000022F5700" bytes="4465928" />
</allocation-stats>
<gc-op id="1135" type="scavenge" timems="1.096" contextid="1132" timestamp="2019-07-02T20:42:25.225">
  <scavenger-info tenureage="10" tenuremask="7c00" tiltratio="73" />
  <memory-copied type="nursery" objects="20636" bytes="1626648" bytesdiscarded="221888" />
  <references type="soft" candidates="51" cleared="0" enqueued="0" dynamicThreshold="11" maxThreshold="32" />
  <references type="weak" candidates="311" cleared="0" enqueued="0" />
  <references type="phantom" candidates="2" cleared="0" enqueued="0" />
</gc-op>
<heap-resize id="1136" type="expand" space="nursery" amount="524288" count="1" timems="0.016" reason="excessive time being spent scavenging" timestamp="2019-07-02T20:42:25.225" />
<gc-end id="1137" type="scavenge" contextid="1132" durationms="1.657" usertimems="0.000" systemtimems="0.000" timestamp="2019-07-02T20:42:25.225" activeThreads="4">
  <mem-info id="1138" free="7046520" total="16121856" percent="43">
    <mem type="nursery" free="4377112" total="8519680" percent="51">
      <mem type="allocate" free="4377112" total="6225920" percent="70" />
      <mem type="survivor" free="0" total="2293760" percent="0" />
    </mem>
    <mem type="tenure" free="2669408" total="7602176" percent="35">
      <mem type="soa" free="2289504" total="7222272" percent="31" />
      <mem type="loa" free="379904" total="379904" percent="100" />
    </mem>
    <remembered-set count="191" />
  </mem-info>
</gc-end>
<cycle-end id="1139" type="scavenge" contextid="1132" timestamp="2019-07-02T20:42:25.226">
  <attribute name="GC Util" value="16" />
  <attribute name="CPU Util" value="1775690430643" />
  <attribute name="Time Running"value="6324"/>
  <attribute name="Number of cores"value="4"/>
</cycle-end>
<allocation-satisfied id="1140" threadId="00000000022F5700" bytesRequested="48" />
<af-end id="1141" timestamp="2019-07-02T20:42:25.226" threadId="00000000022F6088" success="true" from="nursery"/>
<exclusive-end id="1142" timestamp="2019-07-02T20:42:25.226" durationms="2.490" />

<exclusive-start id="1143" timestamp="2019-07-02T20:42:25.236" intervalms="12.823">
  <response-info timems="0.077" idlems="0.077" threads="0" lastid="00000000022F5700" lastname="main" />
</exclusive-start>
<af-start id="1144" threadId="00000000022F6088" totalBytesRequested="160" timestamp="2019-07-02T20:42:25.236" intervalms="12.817" type="nursery" />
<cycle-start id="1145" type="scavenge" contextid="0" timestamp="2019-07-02T20:42:25.236" intervalms="12.816" />
  <attribute name="GC Util" value="16" />
  <attribute name="CPU Util" value="1775690430643" />
  <attribute name="Time Running"value="6324"/>
  <attribute name="Number of cores"value="4"/>
<gc-start id="1146" type="scavenge" contextid="1145" timestamp="2019-07-02T20:42:25.237">
  <mem-info id="1147" free="2669408" total="16121856" percent="16">
    <mem type="nursery" free="0" total="8519680" percent="0">
      <mem type="allocate" free="0" total="6225920" percent="0" />
      <mem type="survivor" free="0" total="2293760" percent="0" />
    </mem>
    <mem type="tenure" free="2669408" total="7602176" percent="35">
      <mem type="soa" free="2289504" total="7222272" percent="31" />
      <mem type="loa" free="379904" total="379904" percent="100" />
    </mem>
    <remembered-set count="191" />
  </mem-info>
</gc-start>
<allocation-stats totalBytes="4376560" >
  <allocated-bytes non-tlh="48" tlh="4376512" />
  <largest-consumer threadName="main" threadId="00000000022F5700" bytes="4376560" />
</allocation-stats>
<gc-op id="1148" type="scavenge" timems="1.325" contextid="1145" timestamp="2019-07-02T20:42:25.238">
  <scavenger-info tenureage="2" tenuremask="7c4c" tiltratio="73" />
  <memory-copied type="nursery" objects="19522" bytes="839064" bytesdiscarded="226032" />
  <memory-copied type="tenure" objects="7503" bytes="767936" bytesdiscarded="1024" />
  <references type="soft" candidates="2" cleared="0" enqueued="0" dynamicThreshold="11" maxThreshold="32" />
  <references type="weak" candidates="129" cleared="0" enqueued="0" />
</gc-op>
<gc-end id="1149" type="scavenge" contextid="1145" durationms="1.761" usertimems="0.000" systemtimems="0.000" timestamp="2019-07-02T20:42:25.238" activeThreads="4">
  <mem-info id="1150" free="7184192" total="16121856" percent="44">
    <mem type="nursery" free="5422848" total="8519680" percent="63">
      <mem type="allocate" free="5422848" total="6488064" percent="83" />
      <mem type="survivor" free="0" total="2031616" percent="0" />
    </mem>
    <mem type="tenure" free="1761344" total="7602176" percent="23">
      <mem type="soa" free="1381440" total="7222272" percent="19" />
      <mem type="loa" free="379904" total="379904" percent="100" />
    </mem>
    <remembered-set count="754" />
  </mem-info>
</gc-end>
<cycle-end id="1151" type="scavenge" contextid="1145" timestamp="2019-07-02T20:42:25.238">
  <attribute name="GC Util" value="18" />
  <attribute name="CPU Util" value="1441789984183" />
  <attribute name="Time Running"value="6337"/>
  <attribute name="Number of cores"value="4"/>
</cycle-end>
<allocation-satisfied id="1152" threadId="00000000022F5700" bytesRequested="160" />
<af-end id="1153" timestamp="2019-07-02T20:42:25.239" threadId="00000000022F6088" success="true" from="nursery"/>
<exclusive-end id="1154" timestamp="2019-07-02T20:42:25.239" durationms="2.618" />

<exclusive-start id="1155" timestamp="2019-07-02T20:42:25.270" intervalms="34.241">
  <response-info timems="0.072" idlems="0.072" threads="0" lastid="00000000022F5700" lastname="main" />
</exclusive-start>
<af-start id="1156" threadId="00000000022F6088" totalBytesRequested="48" timestamp="2019-07-02T20:42:25.271" intervalms="34.252" type="nursery" />
<cycle-start id="1157" type="scavenge" contextid="0" timestamp="2019-07-02T20:42:25.271" intervalms="34.252" />
  <attribute name="GC Util" value="18" />
  <attribute name="CPU Util" value="1441789984183" />
  <attribute name="Time Running"value="6337"/>
  <attribute name="Number of cores"value="4"/>
<gc-start id="1158" type="scavenge" contextid="1157" timestamp="2019-07-02T20:42:25.271">
  <mem-info id="1159" free="1722720" total="16121856" percent="10">
    <mem type="nursery" free="0" total="8519680" percent="0">
      <mem type="allocate" free="0" total="6488064" percent="0" />
      <mem type="survivor" free="0" total="2031616" percent="0" />
    </mem>
    <mem type="tenure" free="1722720" total="7602176" percent="22">
      <mem type="soa" free="1342816" total="7222272" percent="18" />
      <mem type="loa" free="379904" total="379904" percent="100" />
    </mem>
    <remembered-set count="976" />
  </mem-info>
</gc-start>
<allocation-stats totalBytes="5459608" >
  <allocated-bytes non-tlh="238792" tlh="5220816" />
  <largest-consumer threadName="main" threadId="00000000022F5700" bytes="5459608" />
</allocation-stats>
<gc-op id="1160" type="scavenge" timems="1.292" contextid="1157" timestamp="2019-07-02T20:42:25.272">
  <scavenger-info tenureage="6" tenuremask="7c40" tiltratio="76" />
  <memory-copied type="nursery" objects="19303" bytes="1121512" bytesdiscarded="33488" />
  <memory-copied type="tenure" objects="793" bytes="27960" bytesdiscarded="0" />
  <references type="soft" candidates="90" cleared="0" enqueued="0" dynamicThreshold="11" maxThreshold="32" />
  <references type="weak" candidates="203" cleared="9" enqueued="9" />
  <references type="phantom" candidates="1" cleared="0" enqueued="0" />
</gc-op>
<gc-end id="1161" type="scavenge" contextid="1157" durationms="1.713" usertimems="0.000" systemtimems="0.000" timestamp="2019-07-02T20:42:25.273" activeThreads="4">
  <mem-info id="1162" free="7121160" total="16121856" percent="44">
    <mem type="nursery" free="5398440" total="8519680" percent="63">
      <mem type="allocate" free="5398440" total="6553600" percent="82" />
      <mem type="survivor" free="0" total="1966080" percent="0" />
    </mem>
    <mem type="tenure" free="1722720" total="7602176" percent="22">
      <mem type="soa" free="1342816" total="7222272" percent="18" />
      <mem type="loa" free="379904" total="379904" percent="100" />
    </mem>
    <pending-finalizers system="0" default="0" reference="9" classloader="0" />
    <remembered-set count="909" />
  </mem-info>
</gc-end>
<cycle-end id="1163" type="scavenge" contextid="1157" timestamp="2019-07-02T20:42:25.273">
  <attribute name="GC Util" value="8" />
  <attribute name="CPU Util" value="537991030791" />
  <attribute name="Time Running"value="6371"/>
  <attribute name="Number of cores"value="4"/>
</cycle-end>
<allocation-satisfied id="1164" threadId="00000000022F5700" bytesRequested="48" />
<af-end id="1165" timestamp="2019-07-02T20:42:25.273" threadId="00000000022F6088" success="true" from="nursery"/>
<exclusive-end id="1166" timestamp="2019-07-02T20:42:25.273" durationms="2.579" />

<exclusive-start id="1167" timestamp="2019-07-02T20:42:25.292" intervalms="22.136">
  <response-info timems="0.021" idlems="0.021" threads="0" lastid="00000000022F5700" lastname="main" />
</exclusive-start>
<af-start id="1168" threadId="00000000022F6088" totalBytesRequested="32" timestamp="2019-07-02T20:42:25.293" intervalms="22.051" type="nursery" />
<cycle-start id="1169" type="scavenge" contextid="0" timestamp="2019-07-02T20:42:25.293" intervalms="21.962" />
  <attribute name="GC Util" value="8" />
  <attribute name="CPU Util" value="537991030791" />
  <attribute name="Time Running"value="6371"/>
  <attribute name="Number of cores"value="4"/>
<gc-start id="1170" type="scavenge" contextid="1169" timestamp="2019-07-02T20:42:25.293">
  <mem-info id="1171" free="1708360" total="16121856" percent="10">
    <mem type="nursery" free="0" total="8519680" percent="0">
      <mem type="allocate" free="0" total="6553600" percent="0" />
      <mem type="survivor" free="0" total="1966080" percent="0" />
    </mem>
    <mem type="tenure" free="1708360" total="7602176" percent="22">
      <mem type="soa" free="1328456" total="7222272" percent="18" />
      <mem type="loa" free="379904" total="379904" percent="100" />
    </mem>
    <remembered-set count="1309" />
  </mem-info>
</gc-start>
<allocation-stats totalBytes="5412120" >
  <allocated-bytes non-tlh="214416" tlh="5197704" />
  <largest-consumer threadName="main" threadId="00000000022F5700" bytes="5412120" />
</allocation-stats>
<gc-op id="1172" type="scavenge" timems="1.331" contextid="1169" timestamp="2019-07-02T20:42:25.294">
  <scavenger-info tenureage="3" tenuremask="7c08" tiltratio="76" />
  <memory-copied type="nursery" objects="9990" bytes="437048" bytesdiscarded="152096" />
  <memory-copied type="tenure" objects="7444" bytes="303016" bytesdiscarded="152" />
  <references type="soft" candidates="92" cleared="0" enqueued="0" dynamicThreshold="11" maxThreshold="32" />
  <references type="weak" candidates="250" cleared="0" enqueued="0" />
</gc-op>
<gc-end id="1173" type="scavenge" contextid="1169" durationms="1.554" usertimems="0.000" systemtimems="4.000" timestamp="2019-07-02T20:42:25.294" activeThreads="4">
  <mem-info id="1174" free="7541432" total="16121856" percent="46">
    <mem type="nursery" free="6095352" total="8519680" percent="71">
      <mem type="allocate" free="6095352" total="6684672" percent="91" />
      <mem type="survivor" free="0" total="1835008" percent="0" />
    </mem>
    <mem type="tenure" free="1446080" total="7602176" percent="19">
      <mem type="soa" free="1066176" total="7222272" percent="14" />
      <mem type="loa" free="379904" total="379904" percent="100" />
    </mem>
    <remembered-set count="1212" />
  </mem-info>
</gc-end>
<cycle-end id="1175" type="scavenge" contextid="1169" timestamp="2019-07-02T20:42:25.294">
  <attribute name="GC Util" value="10" />
  <attribute name="CPU Util" value="851031526515" />
  <attribute name="Time Running"value="6393"/>
  <attribute name="Number of cores"value="4"/>
</cycle-end>
<allocation-satisfied id="1176" threadId="00000000022F5700" bytesRequested="32" />
<af-end id="1177" timestamp="2019-07-02T20:42:25.295" threadId="00000000022F6088" success="true" from="nursery"/>
<exclusive-end id="1178" timestamp="2019-07-02T20:42:25.295" durationms="2.308" />

<exclusive-start id="1179" timestamp="2019-07-02T20:42:25.317" intervalms="24.403">
  <response-info timems="0.019" idlems="0.019" threads="0" lastid="00000000022F5700" lastname="main" />
</exclusive-start>
<af-start id="1180" threadId="00000000022F6088" totalBytesRequested="40" timestamp="2019-07-02T20:42:25.317" intervalms="24.391" type="nursery" />
<cycle-start id="1181" type="scavenge" contextid="0" timestamp="2019-07-02T20:42:25.317" intervalms="24.391" />
  <attribute name="GC Util" value="10" />
  <attribute name="CPU Util" value="851031526515" />
  <attribute name="Time Running"value="6393"/>
  <attribute name="Number of cores"value="4"/>
<gc-start id="1182" type="scavenge" contextid="1181" timestamp="2019-07-02T20:42:25.317">
  <mem-info id="1183" free="1438056" total="16121856" percent="8">
    <mem type="nursery" free="0" total="8519680" percent="0">
      <mem type="allocate" free="0" total="6684672" percent="0" />
      <mem type="survivor" free="0" total="1835008" percent="0" />
    </mem>
    <mem type="tenure" free="1438056" total="7602176" percent="18">
      <mem type="soa" free="1058152" total="7222272" percent="14" />
      <mem type="loa" free="379904" total="379904" percent="100" />
    </mem>
    <remembered-set count="1553" />
  </mem-info>
</gc-start>
<allocation-stats totalBytes="6101976" >
  <allocated-bytes non-tlh="408072" tlh="5693904" />
  <largest-consumer threadName="main" threadId="00000000022F5700" bytes="6101976" />
</allocation-stats>
<gc-op id="1184" type="scavenge" timems="0.827" contextid="1181" timestamp="2019-07-02T20:42:25.318">
  <scavenger-info tenureage="11" tenuremask="7800" tiltratio="78" />
  <memory-copied type="nursery" objects="15590" bytes="913312" bytesdiscarded="193816" />
  <references type="soft" candidates="94" cleared="0" enqueued="0" dynamicThreshold="11" maxThreshold="32" />
  <references type="weak" candidates="252" cleared="1" enqueued="1" />
  <references type="phantom" candidates="1" cleared="0" enqueued="0" />
</gc-op>
<gc-end id="1185" type="scavenge" contextid="1181" durationms="1.020" usertimems="0.000" systemtimems="0.000" timestamp="2019-07-02T20:42:25.318" activeThreads="4">
  <mem-info id="1186" free="7080880" total="16121856" percent="43">
    <mem type="nursery" free="5642824" total="8519680" percent="66">
      <mem type="allocate" free="5642824" total="6750208" percent="83" />
      <mem type="survivor" free="0" total="1769472" percent="0" />
    </mem>
    <mem type="tenure" free="1438056" total="7602176" percent="18">
      <mem type="soa" free="1058152" total="7222272" percent="14" />
      <mem type="loa" free="379904" total="379904" percent="100" />
    </mem>
    <pending-finalizers system="0" default="0" reference="1" classloader="0" />
    <remembered-set count="1315" />
  </mem-info>
</gc-end>
<cycle-end id="1187" type="scavenge" contextid="1181" timestamp="2019-07-02T20:42:25.318">
  <attribute name="GC Util" value="8" />
  <attribute name="CPU Util" value="756229750211" />
  <attribute name="Time Running"value="6417"/>
  <attribute name="Number of cores"value="4"/>
</cycle-end>
<allocation-satisfied id="1188" threadId="00000000022F5700" bytesRequested="40" />
<af-end id="1189" timestamp="2019-07-02T20:42:25.318" threadId="00000000022F6088" success="true" from="nursery"/>
<exclusive-end id="1190" timestamp="2019-07-02T20:42:25.318" durationms="1.508" />

<exclusive-start id="1191" timestamp="2019-07-02T20:42:25.341" intervalms="23.899">
  <response-info timems="0.012" idlems="0.012" threads="0" lastid="00000000022F5700" lastname="main" />
</exclusive-start>
<af-start id="1192" threadId="00000000022F6088" totalBytesRequested="32" timestamp="2019-07-02T20:42:25.341" intervalms="23.942" type="nursery" />
<cycle-start id="1193" type="scavenge" contextid="0" timestamp="2019-07-02T20:42:25.341" intervalms="24.018" />
  <attribute name="GC Util" value="8" />
  <attribute name="CPU Util" value="756229750211" />
  <attribute name="Time Running"value="6417"/>
  <attribute name="Number of cores"value="4"/>
<gc-start id="1194" type="scavenge" contextid="1193" timestamp="2019-07-02T20:42:25.341">
  <mem-info id="1195" free="1430664" total="16121856" percent="8">
    <mem type="nursery" free="0" total="8519680" percent="0">
      <mem type="allocate" free="0" total="6750208" percent="0" />
      <mem type="survivor" free="0" total="1769472" percent="0" />
    </mem>
    <mem type="tenure" free="1430664" total="7602176" percent="18">
      <mem type="soa" free="1050760" total="7222272" percent="14" />
      <mem type="loa" free="379904" total="379904" percent="100" />
    </mem>
    <remembered-set count="1383" />
  </mem-info>
</gc-start>
<allocation-stats totalBytes="5647272" >
  <allocated-bytes non-tlh="205656" tlh="5441616" />
  <largest-consumer threadName="main" threadId="00000000022F5700" bytes="5647272" />
</allocation-stats>
<gc-op id="1196" type="scavenge" timems="0.912" contextid="1193" timestamp="2019-07-02T20:42:25.342">
  <scavenger-info tenureage="4" tenuremask="7810" tiltratio="79" />
  <memory-copied type="nursery" objects="15494" bytes="955240" bytesdiscarded="158560" />
  <memory-copied type="tenure" objects="4976" bytes="202000" bytesdiscarded="200" />
  <references type="soft" candidates="95" cleared="0" enqueued="0" dynamicThreshold="11" maxThreshold="32" />
  <references type="weak" candidates="273" cleared="0" enqueued="0" />
  <references type="phantom" candidates="1" cleared="0" enqueued="0" />
</gc-op>
<gc-end id="1197" type="scavenge" contextid="1193" durationms="1.206" usertimems="4.000" systemtimems="0.000" timestamp="2019-07-02T20:42:25.342" activeThreads="4">
  <mem-info id="1198" free="6985840" total="16121856" percent="43">
    <mem type="nursery" free="5767192" total="8519680" percent="67">
      <mem type="allocate" free="5767192" total="6881280" percent="83" />
      <mem type="survivor" free="0" total="1638400" percent="0" />
    </mem>
    <mem type="tenure" free="1218648" total="7602176" percent="16">
      <mem type="soa" free="838744" total="7222272" percent="11" />
      <mem type="loa" free="379904" total="379904" percent="100" />
    </mem>
    <remembered-set count="780" />
  </mem-info>
</gc-end>
<cycle-end id="1199" type="scavenge" contextid="1193" timestamp="2019-07-02T20:42:25.342">
  <attribute name="GC Util" value="8" />
  <attribute name="CPU Util" value="765246136696" />
  <attribute name="Time Running"value="6442"/>
  <attribute name="Number of cores"value="4"/>
</cycle-end>
<allocation-satisfied id="1200" threadId="00000000022F5700" bytesRequested="32" />
<af-end id="1201" timestamp="2019-07-02T20:42:25.343" threadId="00000000022F6088" success="true" from="nursery"/>
<exclusive-end id="1202" timestamp="2019-07-02T20:42:25.343" durationms="1.978" />

<exclusive-start id="1203" timestamp="2019-07-02T20:42:25.360" intervalms="19.697">
  <response-info timems="0.068" idlems="0.068" threads="0" lastid="00000000022F5700" lastname="main" />
</exclusive-start>
<af-start id="1204" threadId="00000000022F6088" totalBytesRequested="11472" timestamp="2019-07-02T20:42:25.361" intervalms="19.738" type="nursery" />
<cycle-start id="1205" type="scavenge" contextid="0" timestamp="2019-07-02T20:42:25.361" intervalms="19.720" />
  <attribute name="GC Util" value="8" />
  <attribute name="CPU Util" value="765246136696" />
  <attribute name="Time Running"value="6442"/>
  <attribute name="Number of cores"value="4"/>
<gc-start id="1206" type="scavenge" contextid="1205" timestamp="2019-07-02T20:42:25.361">
  <mem-info id="1207" free="1205792" total="16121856" percent="7">
    <mem type="nursery" free="0" total="8519680" percent="0">
      <mem type="allocate" free="0" total="6881280" percent="0" />
      <mem type="survivor" free="0" total="1638400" percent="0" />
    </mem>
    <mem type="tenure" free="1205792" total="7602176" percent="15">
      <mem type="soa" free="825888" total="7222272" percent="11" />
      <mem type="loa" free="379904" total="379904" percent="100" />
    </mem>
    <remembered-set count="846" />
  </mem-info>
</gc-start>
<allocation-stats totalBytes="5773720" >
  <allocated-bytes non-tlh="211056" tlh="5562664" />
  <largest-consumer threadName="main" threadId="00000000022F5700" bytes="5773720" />
</allocation-stats>
<gc-op id="1208" type="scavenge" timems="0.653" contextid="1205" timestamp="2019-07-02T20:42:25.362">
  <scavenger-info tenureage="4" tenuremask="7810" tiltratio="80" />
  <memory-copied type="nursery" objects="6320" bytes="257776" bytesdiscarded="178240" />
  <memory-copied type="tenure" objects="2303" bytes="139176" bytesdiscarded="72" />
  <references type="soft" candidates="6" cleared="0" enqueued="0" dynamicThreshold="11" maxThreshold="32" />
  <references type="weak" candidates="84" cleared="0" enqueued="0" />
</gc-op>
<gc-end id="1209" type="scavenge" contextid="1205" durationms="0.953" usertimems="0.000" systemtimems="0.000" timestamp="2019-07-02T20:42:25.362" activeThreads="4">
  <mem-info id="1210" free="7584280" total="16121856" percent="47">
    <mem type="nursery" free="6576128" total="8519680" percent="77">
      <mem type="allocate" free="6576128" total="7012352" percent="93" />
      <mem type="survivor" free="0" total="1507328" percent="0" />
    </mem>
    <mem type="tenure" free="1008152" total="7602176" percent="13">
      <mem type="soa" free="628248" total="7222272" percent="8" />
      <mem type="loa" free="379904" total="379904" percent="100" />
    </mem>
    <remembered-set count="692" />
  </mem-info>
</gc-end>
<cycle-end id="1211" type="scavenge" contextid="1205" timestamp="2019-07-02T20:42:25.362">
  <attribute name="GC Util" value="12" />
  <attribute name="CPU Util" value="934278827835" />
  <attribute name="Time Running"value="6461"/>
  <attribute name="Number of cores"value="4"/>
</cycle-end>
<allocation-satisfied id="1212" threadId="00000000022F5700" bytesRequested="11472" />
<af-end id="1213" timestamp="2019-07-02T20:42:25.362" threadId="00000000022F6088" success="true" from="nursery"/>
<exclusive-end id="1214" timestamp="2019-07-02T20:42:25.362" durationms="1.872" />

<exclusive-start id="1215" timestamp="2019-07-02T20:42:25.386" intervalms="25.778">
  <response-info timems="0.059" idlems="0.059" threads="0" lastid="00000000022F5700" lastname="main" />
</exclusive-start>
<af-start id="1216" threadId="00000000022F6088" totalBytesRequested="24" timestamp="2019-07-02T20:42:25.386" intervalms="25.783" type="nursery" />
<cycle-start id="1217" type="scavenge" contextid="0" timestamp="2019-07-02T20:42:25.387" intervalms="25.815" />
  <attribute name="GC Util" value="12" />
  <attribute name="CPU Util" value="934278827835" />
  <attribute name="Time Running"value="6461"/>
  <attribute name="Number of cores"value="4"/>
<gc-start id="1218" type="scavenge" contextid="1217" timestamp="2019-07-02T20:42:25.387">
  <mem-info id="1219" free="1001880" total="16121856" percent="6">
    <mem type="nursery" free="0" total="8519680" percent="0">
      <mem type="allocate" free="0" total="7012352" percent="0" />
      <mem type="survivor" free="0" total="1507328" percent="0" />
    </mem>
    <mem type="tenure" free="1001880" total="7602176" percent="13">
      <mem type="soa" free="621976" total="7222272" percent="8" />
      <mem type="loa" free="379904" total="379904" percent="100" />
    </mem>
    <remembered-set count="799" />
  </mem-info>
</gc-start>
<allocation-stats totalBytes="6580912" >
  <allocated-bytes non-tlh="417760" tlh="6163152" />
  <largest-consumer threadName="main" threadId="00000000022F5700" bytes="6580912" />
</allocation-stats>
<gc-op id="1220" type="scavenge" timems="0.909" contextid="1217" timestamp="2019-07-02T20:42:25.388">
  <scavenger-info tenureage="4" tenuremask="7010" tiltratio="82" />
  <memory-copied type="nursery" objects="16756" bytes="1022696" bytesdiscarded="21032" />
  <memory-copied type="tenure" objects="2594" bytes="92672" bytesdiscarded="48" />
  <references type="soft" candidates="39" cleared="0" enqueued="0" dynamicThreshold="11" maxThreshold="32" />
  <references type="weak" candidates="97" cleared="2" enqueued="2" />
  <references type="phantom" candidates="1" cleared="0" enqueued="0" />
</gc-op>
<gc-end id="1221" type="scavenge" contextid="1217" durationms="1.263" usertimems="4.000" systemtimems="0.000" timestamp="2019-07-02T20:42:25.388" activeThreads="4">
  <mem-info id="1222" free="6406480" total="16121856" percent="39">
    <mem type="nursery" free="5575096" total="8519680" percent="65">
      <mem type="allocate" free="5575096" total="6619136" percent="84" />
      <mem type="survivor" free="0" total="1900544" percent="0" />
    </mem>
    <mem type="tenure" free="831384" total="7602176" percent="10">
      <mem type="soa" free="451480" total="7222272" percent="6" />
      <mem type="loa" free="379904" total="379904" percent="100" />
    </mem>
    <pending-finalizers system="0" default="0" reference="2" classloader="0" />
    <remembered-set count="616" />
  </mem-info>
</gc-end>
<cycle-end id="1223" type="scavenge" contextid="1217" timestamp="2019-07-02T20:42:25.388">
  <attribute name="GC Util" value="5" />
  <attribute name="CPU Util" value="711247374744" />
  <attribute name="Time Running"value="6487"/>
  <attribute name="Number of cores"value="4"/>
</cycle-end>
<allocation-satisfied id="1224" threadId="00000000022F5700" bytesRequested="24" />
<af-end id="1225" timestamp="2019-07-02T20:42:25.388" threadId="00000000022F6088" success="true" from="nursery"/>
<exclusive-end id="1226" timestamp="2019-07-02T20:42:25.388" durationms="2.141" />

<exclusive-start id="1227" timestamp="2019-07-02T20:42:25.396" intervalms="9.428">
  <response-info timems="0.071" idlems="0.071" threads="0" lastid="00000000022F5700" lastname="main" />
</exclusive-start>
<af-start id="1228" threadId="00000000022F6088" totalBytesRequested="32" timestamp="2019-07-02T20:42:25.396" intervalms="9.373" type="nursery" />
<cycle-start id="1229" type="scavenge" contextid="0" timestamp="2019-07-02T20:42:25.396" intervalms="9.377" />
  <attribute name="GC Util" value="5" />
  <attribute name="CPU Util" value="711247374744" />
  <attribute name="Time Running"value="6487"/>
  <attribute name="Number of cores"value="4"/>
<gc-start id="1230" type="scavenge" contextid="1229" timestamp="2019-07-02T20:42:25.396">
  <mem-info id="1231" free="831384" total="16121856" percent="5">
    <mem type="nursery" free="0" total="8519680" percent="0">
      <mem type="allocate" free="0" total="6619136" percent="0" />
      <mem type="survivor" free="0" total="1900544" percent="0" />
    </mem>
    <mem type="tenure" free="831384" total="7602176" percent="10">
      <mem type="soa" free="451480" total="7222272" percent="6" />
      <mem type="loa" free="379904" total="379904" percent="100" />
    </mem>
    <remembered-set count="619" />
  </mem-info>
</gc-start>
<allocation-stats totalBytes="5574424" >
  <allocated-bytes non-tlh="24" tlh="5574400" />
  <largest-consumer threadName="main" threadId="00000000022F5700" bytes="5570328" />
</allocation-stats>
<gc-op id="1232" type="scavenge" timems="0.976" contextid="1229" timestamp="2019-07-02T20:42:25.397">
  <scavenger-info tenureage="4" tenuremask="7010" tiltratio="77" />
  <memory-copied type="nursery" objects="18876" bytes="1083984" bytesdiscarded="236104" />
  <memory-copied type="tenure" objects="3209" bytes="135784" bytesdiscarded="48" />
  <references type="soft" candidates="37" cleared="0" enqueued="0" dynamicThreshold="11" maxThreshold="32" />
  <references type="weak" candidates="92" cleared="0" enqueued="0" />
  <references type="phantom" candidates="1" cleared="0" enqueued="0" />
</gc-op>
<heap-resize id="1233" type="expand" space="nursery" amount="655360" count="1" timems="0.014" reason="excessive time being spent scavenging" timestamp="2019-07-02T20:42:25.398" />
<gc-end id="1234" type="scavenge" contextid="1229" durationms="1.547" usertimems="4.000" systemtimems="0.000" timestamp="2019-07-02T20:42:25.398" activeThreads="4">
  <mem-info id="1235" free="7057744" total="16777216" percent="42">
    <mem type="nursery" free="6347440" total="9175040" percent="69">
      <mem type="allocate" free="6347440" total="7667712" percent="82" />
      <mem type="survivor" free="0" total="1507328" percent="0" />
    </mem>
    <mem type="tenure" free="710304" total="7602176" percent="9">
      <mem type="soa" free="330400" total="7222272" percent="4" />
      <mem type="loa" free="379904" total="379904" percent="100" />
    </mem>
    <remembered-set count="238" />
  </mem-info>
</gc-end>
<cycle-end id="1236" type="scavenge" contextid="1229" timestamp="2019-07-02T20:42:25.398">
  <attribute name="GC Util" value="27" />
  <attribute name="CPU Util" value="1964098884942" />
  <attribute name="Time Running"value="6497"/>
  <attribute name="Number of cores"value="4"/>
</cycle-end>
<allocation-satisfied id="1237" threadId="00000000022F5700" bytesRequested="32" />
<af-end id="1238" timestamp="2019-07-02T20:42:25.398" threadId="00000000022F6088" success="true" from="nursery"/>
<exclusive-end id="1239" timestamp="2019-07-02T20:42:25.398" durationms="2.375" />

<exclusive-start id="1240" timestamp="2019-07-02T20:42:25.407" intervalms="11.678">
  <response-info timems="0.076" idlems="0.076" threads="0" lastid="00000000022F5700" lastname="main" />
</exclusive-start>
<af-start id="1241" threadId="00000000022F6088" totalBytesRequested="120" timestamp="2019-07-02T20:42:25.408" intervalms="11.730" type="nursery" />
<cycle-start id="1242" type="scavenge" contextid="0" timestamp="2019-07-02T20:42:25.408" intervalms="11.729" />
  <attribute name="GC Util" value="27" />
  <attribute name="CPU Util" value="1964098884942" />
  <attribute name="Time Running"value="6497"/>
  <attribute name="Number of cores"value="4"/>
<gc-start id="1243" type="scavenge" contextid="1242" timestamp="2019-07-02T20:42:25.408">
  <mem-info id="1244" free="710304" total="16777216" percent="4">
    <mem type="nursery" free="0" total="9175040" percent="0">
      <mem type="allocate" free="0" total="7667712" percent="0" />
      <mem type="survivor" free="0" total="1507328" percent="0" />
    </mem>
    <mem type="tenure" free="710304" total="7602176" percent="9">
      <mem type="soa" free="330400" total="7222272" percent="4" />
      <mem type="loa" free="379904" total="379904" percent="100" />
    </mem>
    <remembered-set count="238" />
  </mem-info>
</gc-start>
<allocation-stats totalBytes="6346760" >
  <allocated-bytes non-tlh="32" tlh="6346728" />
  <largest-consumer threadName="main" threadId="00000000022F5700" bytes="6346760" />
</allocation-stats>
<gc-op id="1245" type="scavenge" timems="1.028" contextid="1242" timestamp="2019-07-02T20:42:25.409">
  <scavenger-info tenureage="2" tenuremask="7004" tiltratio="83" />
  <memory-copied type="nursery" objects="11536" bytes="458376" bytesdiscarded="68680" />
  <memory-copied type="tenure" objects="5423" bytes="246040" bytesdiscarded="144" />
  <references type="soft" candidates="2" cleared="0" enqueued="0" dynamicThreshold="11" maxThreshold="32" />
  <references type="weak" candidates="24" cleared="0" enqueued="0" />
</gc-op>
<heap-resize id="1246" type="expand" space="nursery" amount="393216" count="1" timems="0.012" reason="excessive time being spent scavenging" timestamp="2019-07-02T20:42:25.409" />
<gc-end id="1247" type="scavenge" contextid="1242" durationms="1.545" usertimems="0.000" systemtimems="0.000" timestamp="2019-07-02T20:42:25.409" activeThreads="4">
  <mem-info id="1248" free="8124112" total="17170432" percent="47">
    <mem type="nursery" free="7599352" total="9568256" percent="79">
      <mem type="allocate" free="7599352" total="8126464" percent="93" />
      <mem type="survivor" free="0" total="1441792" percent="0" />
    </mem>
    <mem type="tenure" free="524760" total="7602176" percent="6">
      <mem type="soa" free="144856" total="7222272" percent="2" />
      <mem type="loa" free="379904" total="379904" percent="100" />
    </mem>
    <remembered-set count="590" />
  </mem-info>
</gc-end>
<cycle-end id="1249" type="scavenge" contextid="1242" timestamp="2019-07-02T20:42:25.410">
  <attribute name="GC Util" value="22" />
  <attribute name="CPU Util" value="1578424768620" />
  <attribute name="Time Running"value="6508"/>
  <attribute name="Number of cores"value="4"/>
</cycle-end>
<allocation-satisfied id="1250" threadId="00000000022F5700" bytesRequested="120" />
<af-end id="1251" timestamp="2019-07-02T20:42:25.410" threadId="00000000022F6088" success="true" from="nursery"/>
<exclusive-end id="1252" timestamp="2019-07-02T20:42:25.410" durationms="2.511" />

<concurrent-kickoff id="1253" timestamp="2019-07-02T20:42:25.429">
  <kickoff reason="threshold reached" targetBytes="2440390" thresholdFreeBytes="340100"  remainingFree="243632" tenureFreeBytes="523984" nurseryFreeBytes="243632" />
</concurrent-kickoff>
<exclusive-start id="1254" timestamp="2019-07-02T20:42:25.430" intervalms="22.366">
  <response-info timems="0.068" idlems="0.068" threads="0" lastid="00000000022F5700" lastname="main" />
</exclusive-start>
<cycle-start id="1255" type="global" contextid="0" timestamp="2019-07-02T20:42:25.430" intervalms="413.460" />
  <attribute name="GC Util" value="22" />
  <attribute name="CPU Util" value="1578424768620" />
  <attribute name="Time Running"value="6508"/>
  <attribute name="Number of cores"value="4"/>
<exclusive-end id="1256" timestamp="2019-07-02T20:42:25.430" durationms="0.285" />

<exclusive-start id="1257" timestamp="2019-07-02T20:42:25.431" intervalms="1.186">
  <response-info timems="0.015" idlems="0.015" threads="0" lastid="00000000022F5700" lastname="main" />
</exclusive-start>
<af-start id="1258" threadId="00000000022F6088" totalBytesRequested="48" timestamp="2019-07-02T20:42:25.431" intervalms="23.544" type="nursery" />
<cycle-start id="1259" type="scavenge" contextid="0" timestamp="2019-07-02T20:42:25.431" intervalms="23.547" />
  <attribute name="GC Util" value="22" />
  <attribute name="CPU Util" value="1578424768620" />
  <attribute name="Time Running"value="6508"/>
  <attribute name="Number of cores"value="4"/>
<gc-start id="1260" type="scavenge" contextid="1259" timestamp="2019-07-02T20:42:25.431">
  <mem-info id="1261" free="523984" total="17170432" percent="3">
    <mem type="nursery" free="0" total="9568256" percent="0">
      <mem type="allocate" free="0" total="8126464" percent="0" />
      <mem type="survivor" free="0" total="1441792" percent="0" />
    </mem>
    <mem type="tenure" free="523984" total="7602176" percent="6">
      <mem type="soa" free="144080" total="7222272" percent="1" />
      <mem type="loa" free="379904" total="379904" percent="100" />
    </mem>
    <remembered-set count="606" />
  </mem-info>
</gc-start>
<allocation-stats totalBytes="7597568" >
  <allocated-bytes non-tlh="200904" tlh="7396664" />
  <largest-consumer threadName="main" threadId="00000000022F5700" bytes="7597568" />
</allocation-stats>
<gc-op id="1262" type="scavenge" timems="1.295" contextid="1259" timestamp="2019-07-02T20:42:25.433">
  <scavenger-info tenureage="13" tenuremask="6000" tiltratio="84" />
  <memory-copied type="nursery" objects="23168" bytes="1319968" bytesdiscarded="121712" />
  <memory-copied type="tenure" objects="1610" bytes="63912" bytesdiscarded="48" />
  <copy-failed type="nursery" objects="1610" bytes="63912" />
  <references type="soft" candidates="3" cleared="0" enqueued="0" dynamicThreshold="11" maxThreshold="32" />
  <references type="weak" candidates="24" cleared="0" enqueued="0" />
  <references type="phantom" candidates="1" cleared="0" enqueued="0" />
</gc-op>
<gc-end id="1263" type="scavenge" contextid="1259" durationms="1.515" usertimems="4.000" systemtimems="0.000" timestamp="2019-07-02T20:42:25.433" activeThreads="4">
  <mem-info id="1264" free="6055376" total="17170432" percent="35">
    <mem type="nursery" free="5570560" total="9568256" percent="58">
      <mem type="allocate" free="5570560" total="7012352" percent="79" />
      <mem type="survivor" free="0" total="2555904" percent="0" />
    </mem>
    <mem type="tenure" free="484816" total="7602176" percent="6">
      <mem type="soa" free="104912" total="7222272" percent="1" />
      <mem type="loa" free="379904" total="379904" percent="100" />
    </mem>
    <remembered-set count="1411" />
  </mem-info>
</gc-end>
<cycle-end id="1265" type="scavenge" contextid="1259" timestamp="2019-07-02T20:42:25.433">
  <attribute name="GC Util" value="8" />
  <attribute name="CPU Util" value="785707065552" />
  <attribute name="Time Running"value="6532"/>
  <attribute name="Number of cores"value="4"/>
</cycle-end>
<allocation-satisfied id="1266" threadId="00000000022F5700" bytesRequested="48" />
<af-end id="1267" timestamp="2019-07-02T20:42:25.433" threadId="00000000022F6088" success="true" from="nursery"/>
<exclusive-end id="1268" timestamp="2019-07-02T20:42:25.433" durationms="2.275" />

<exclusive-start id="1269" timestamp="2019-07-02T20:42:25.445" intervalms="14.147">
  <response-info timems="0.075" idlems="0.075" threads="0" lastid="00000000022F5700" lastname="main" />
</exclusive-start>
<af-start id="1270" threadId="00000000022F6088" totalBytesRequested="32" timestamp="2019-07-02T20:42:25.445" intervalms="14.160" type="nursery" />
<cycle-start id="1271" type="scavenge" contextid="0" timestamp="2019-07-02T20:42:25.445" intervalms="14.158" />
  <attribute name="GC Util" value="8" />
  <attribute name="CPU Util" value="785707065552" />
  <attribute name="Time Running"value="6532"/>
  <attribute name="Number of cores"value="4"/>
<gc-start id="1272" type="scavenge" contextid="1271" timestamp="2019-07-02T20:42:25.446">
  <mem-info id="1273" free="484816" total="17170432" percent="2">
    <mem type="nursery" free="0" total="9568256" percent="0">
      <mem type="allocate" free="0" total="7012352" percent="0" />
      <mem type="survivor" free="0" total="2555904" percent="0" />
    </mem>
    <mem type="tenure" free="484816" total="7602176" percent="6">
      <mem type="soa" free="104912" total="7222272" percent="1" />
      <mem type="loa" free="379904" total="379904" percent="100" />
    </mem>
    <remembered-set count="1411" />
  </mem-info>
</gc-start>
<allocation-stats totalBytes="5570016" >
  <allocated-bytes non-tlh="48" tlh="5569968" />
  <largest-consumer threadName="main" threadId="00000000022F5700" bytes="5570016" />
</allocation-stats>
<gc-op id="1274" type="scavenge" timems="1.348" contextid="1271" timestamp="2019-07-02T20:42:25.447">
  <scavenger-info tenureage="3" tenuremask="6008" tiltratio="73" />
  <memory-copied type="nursery" objects="26360" bytes="1425896" bytesdiscarded="139000" />
  <memory-copied type="tenure" objects="4863" bytes="191280" bytesdiscarded="496" />
  <references type="soft" candidates="3" cleared="0" enqueued="0" dynamicThreshold="11" maxThreshold="32" />
  <references type="weak" candidates="24" cleared="0" enqueued="0" />
  <references type="phantom" candidates="1" cleared="0" enqueued="0" />
  <heap-resize type="expand" space="tenure" amount="196608" count="3" timems="0.035" reason="continue current collection" />
</gc-op>
<gc-end id="1275" type="scavenge" contextid="1271" durationms="1.787" usertimems="4.000" systemtimems="0.000" timestamp="2019-07-02T20:42:25.447" activeThreads="4">
  <mem-info id="1276" free="6646192" total="17367040" percent="38">
    <mem type="nursery" free="6233776" total="9568256" percent="65">
      <mem type="allocate" free="6233776" total="7798784" percent="79" />
      <mem type="survivor" free="0" total="1769472" percent="0" />
    </mem>
    <mem type="tenure" free="412416" total="7798784" percent="5">
      <mem type="soa" free="23296" total="7409664" percent="0" />
      <mem type="loa" free="389120" total="389120" percent="100" />
    </mem>
    <remembered-set count="1231" />
  </mem-info>
</gc-end>
<cycle-end id="1277" type="scavenge" contextid="1271" timestamp="2019-07-02T20:42:25.447">
  <attribute name="GC Util" value="21" />
  <attribute name="CPU Util" value="1292633265524" />
  <attribute name="Time Running"value="6546"/>
  <attribute name="Number of cores"value="4"/>
</cycle-end>
<allocation-satisfied id="1278" threadId="00000000022F5700" bytesRequested="32" />
<af-end id="1279" timestamp="2019-07-02T20:42:25.448" threadId="00000000022F6088" success="true" from="nursery"/>
<exclusive-end id="1280" timestamp="2019-07-02T20:42:25.448" durationms="2.554" />

<exclusive-start id="1281" timestamp="2019-07-02T20:42:25.448" intervalms="2.637">
  <response-info timems="0.028" idlems="0.028" threads="0" lastid="00000000022F5700" lastname="main" />
</exclusive-start>
<concurrent-collection-start id="1282" timestamp="2019-07-02T20:42:25.448" intervalms="296.425" >
  <concurrent-trace-info reason="card cleaning threshold reached" tracedByMutators="624256" tracedByHelpers="2071812" cardsCleaned="0" workStackOverflowCount="0" />
</concurrent-collection-start>
<gc-start id="1283" type="global" contextid="1255" timestamp="2019-07-02T20:42:25.448">
  <mem-info id="1284" free="6580624" total="17367040" percent="37">
    <mem type="nursery" free="6168208" total="9568256" percent="64">
      <mem type="allocate" free="6168208" total="7798784" percent="79" />
      <mem type="survivor" free="0" total="1769472" percent="0" />
    </mem>
    <mem type="tenure" free="412416" total="7798784" percent="5">
      <mem type="soa" free="23296" total="7409664" percent="0" />
      <mem type="loa" free="389120" total="389120" percent="100" />
    </mem>
    <remembered-set count="1231" />
  </mem-info>
</gc-start>
<allocation-stats totalBytes="65568" >
  <allocated-bytes non-tlh="32" tlh="65536" />
  <largest-consumer threadName="main" threadId="00000000022F5700" bytes="65568" />
</allocation-stats>
<gc-op id="1285" type="rs-scan" timems="0.176" contextid="1255" timestamp="2019-07-02T20:42:25.448">
  <scan objectsFound="104" bytesTraced="15684" workStackOverflowCount="0" />
</gc-op>
<gc-op id="1286" type="card-cleaning" timems="0.111" contextid="1255" timestamp="2019-07-02T20:42:25.448">
  <card-cleaning cardsCleaned="0" bytesTraced="26536" workStackOverflowCount="0" />
</gc-op>
<gc-op id="1287" type="mark" timems="2.461" contextid="1255" timestamp="2019-07-02T20:42:25.451">
  <trace-info objectcount="22542" scancount="20218" scanbytes="852368" />
  <finalization candidates="80" enqueued="0" />
  <ownableSynchronizers candidates="21" cleared="0" />
  <references type="soft" candidates="1924" cleared="0" enqueued="0" dynamicThreshold="11" maxThreshold="32" />
  <references type="weak" candidates="5203" cleared="0" enqueued="0" />
  <references type="phantom" candidates="73" cleared="0" enqueued="0" />
  <stringconstants candidates="12474" cleared="9"  />
</gc-op>
<gc-op id="1288" type="classunload" timems="0.366" contextid="1255" timestamp="2019-07-02T20:42:25.451">
  <classunload-info classloadercandidates="39" classloadersunloaded="2" classesunloaded="2" anonymousclassesunloaded="0" quiescems="0.000" setupms="0.353" scanms="0.010" postms="0.003" />
</gc-op>
<gc-op id="1289" type="sweep" timems="0.306" contextid="1255" timestamp="2019-07-02T20:42:25.452" />
<gc-end id="1290" type="global" contextid="1255" durationms="4.035" usertimems="4.000" systemtimems="0.000" timestamp="2019-07-02T20:42:25.452" activeThreads="4">
  <mem-info id="1291" free="9039704" total="17367040" percent="52">
    <mem type="nursery" free="6608288" total="9568256" percent="69">
      <mem type="allocate" free="6608288" total="7798784" percent="84" />
      <mem type="survivor" free="0" total="1769472" percent="0" />
    </mem>
    <mem type="tenure" free="2431416" total="7798784" percent="31" micro-fragmented="37437" macro-fragmented="0">
      <mem type="soa" free="2042296" total="7409664" percent="27" />
      <mem type="loa" free="389120" total="389120" percent="100" />
    </mem>
    <remembered-set count="953" />
  </mem-info>
</gc-end>
<cycle-end id="1292" type="global" contextid="1255" timestamp="2019-07-02T20:42:25.452">
  <attribute name="GC Util" value="88" />
  <attribute name="CPU Util" value="5972266971948" />
  <attribute name="Time Running"value="6552"/>
  <attribute name="Number of cores"value="4"/>
</cycle-end>
<concurrent-collection-end id="1293" timestamp="2019-07-02T20:42:25.452" />
<exclusive-end id="1294" timestamp="2019-07-02T20:42:25.452" durationms="4.563" />

<exclusive-start id="1295" timestamp="2019-07-02T20:42:25.470" intervalms="22.768">
  <response-info timems="0.055" idlems="0.055" threads="0" lastid="00000000022F5700" lastname="main" />
</exclusive-start>
<af-start id="1296" threadId="00000000022F6088" totalBytesRequested="32" timestamp="2019-07-02T20:42:25.471" intervalms="25.405" type="nursery" />
<cycle-start id="1297" type="scavenge" contextid="0" timestamp="2019-07-02T20:42:25.471" intervalms="25.392" />
  <attribute name="GC Util" value="88" />
  <attribute name="CPU Util" value="5972266971948" />
  <attribute name="Time Running"value="6552"/>
  <attribute name="Number of cores"value="4"/>
<gc-start id="1298" type="scavenge" contextid="1297" timestamp="2019-07-02T20:42:25.471">
  <mem-info id="1299" free="2431024" total="17367040" percent="13">
    <mem type="nursery" free="0" total="9568256" percent="0">
      <mem type="allocate" free="0" total="7798784" percent="0" />
      <mem type="survivor" free="0" total="1769472" percent="0" />
    </mem>
    <mem type="tenure" free="2431024" total="7798784" percent="31">
      <mem type="soa" free="2041904" total="7409664" percent="27" />
      <mem type="loa" free="389120" total="389120" percent="100" />
    </mem>
    <remembered-set count="962" />
  </mem-info>
</gc-start>
<allocation-stats totalBytes="6607784" >
  <allocated-bytes non-tlh="200400" tlh="6407384" />
  <largest-consumer threadName="main" threadId="00000000022F5700" bytes="6607784" />
</allocation-stats>
<gc-op id="1300" type="scavenge" timems="0.606" contextid="1297" timestamp="2019-07-02T20:42:25.472">
  <scavenger-info tenureage="2" tenuremask="600c" tiltratio="81" />
  <memory-copied type="nursery" objects="6818" bytes="556600" bytesdiscarded="146336" />
  <memory-copied type="tenure" objects="3755" bytes="205896" bytesdiscarded="544" />
  <ownableSynchronizers candidates="42" cleared="42" />
  <references type="soft" candidates="3" cleared="0" enqueued="0" dynamicThreshold="9" maxThreshold="32" />
  <references type="weak" candidates="40" cleared="0" enqueued="0" />
  <references type="phantom" candidates="1" cleared="0" enqueued="0" />
</gc-op>
<gc-end id="1301" type="scavenge" contextid="1297" durationms="1.045" usertimems="0.000" systemtimems="0.000" timestamp="2019-07-02T20:42:25.472" activeThreads="4">
  <mem-info id="1302" free="9310344" total="17367040" percent="53">
    <mem type="nursery" free="7095736" total="9568256" percent="74">
      <mem type="allocate" free="7095736" total="7798784" percent="90" />
      <mem type="survivor" free="0" total="1769472" percent="0" />
    </mem>
    <mem type="tenure" free="2214608" total="7798784" percent="28">
      <mem type="soa" free="1825488" total="7409664" percent="24" />
      <mem type="loa" free="389120" total="389120" percent="100" />
    </mem>
    <remembered-set count="225" />
  </mem-info>
</gc-end>
<cycle-end id="1303" type="scavenge" contextid="1297" timestamp="2019-07-02T20:42:25.472">
  <attribute name="GC Util" value="10" />
  <attribute name="CPU Util" value="929477354798" />
  <attribute name="Time Running"value="6571"/>
  <attribute name="Number of cores"value="4"/>
</cycle-end>
<allocation-satisfied id="1304" threadId="00000000022F5700" bytesRequested="32" />
<af-end id="1305" timestamp="2019-07-02T20:42:25.472" threadId="00000000022F6088" success="true" from="nursery"/>
<exclusive-end id="1306" timestamp="2019-07-02T20:42:25.472" durationms="1.849" />

<exclusive-start id="1307" timestamp="2019-07-02T20:42:25.480" intervalms="9.331">
  <response-info timems="0.076" idlems="0.076" threads="0" lastid="00000000022F5700" lastname="main" />
</exclusive-start>
<af-start id="1308" threadId="00000000022F6088" totalBytesRequested="24" timestamp="2019-07-02T20:42:25.480" intervalms="9.283" type="nursery" />
<cycle-start id="1309" type="scavenge" contextid="0" timestamp="2019-07-02T20:42:25.480" intervalms="9.237" />
  <attribute name="GC Util" value="10" />
  <attribute name="CPU Util" value="929477354798" />
  <attribute name="Time Running"value="6571"/>
  <attribute name="Number of cores"value="4"/>
<gc-start id="1310" type="scavenge" contextid="1309" timestamp="2019-07-02T20:42:25.480">
  <mem-info id="1311" free="2214608" total="17367040" percent="12">
    <mem type="nursery" free="0" total="9568256" percent="0">
      <mem type="allocate" free="0" total="7798784" percent="0" />
      <mem type="survivor" free="0" total="1769472" percent="0" />
    </mem>
    <mem type="tenure" free="2214608" total="7798784" percent="28">
      <mem type="soa" free="1825488" total="7409664" percent="24" />
      <mem type="loa" free="389120" total="389120" percent="100" />
    </mem>
    <remembered-set count="225" />
  </mem-info>
</gc-start>
<allocation-stats totalBytes="7095096" >
  <allocated-bytes non-tlh="32" tlh="7095064" />
  <largest-consumer threadName="main" threadId="00000000022F5700" bytes="7095096" />
</allocation-stats>
<gc-op id="1312" type="scavenge" timems="0.764" contextid="1309" timestamp="2019-07-02T20:42:25.481">
  <scavenger-info tenureage="14" tenuremask="4000" tiltratio="81" />
  <memory-copied type="nursery" objects="11870" bytes="740200" bytesdiscarded="128976" />
  <references type="soft" candidates="3" cleared="0" enqueued="0" dynamicThreshold="9" maxThreshold="32" />
  <references type="weak" candidates="40" cleared="0" enqueued="0" />
  <references type="phantom" candidates="1" cleared="0" enqueued="0" />
</gc-op>
<heap-resize id="1313" type="expand" space="nursery" amount="655360" count="1" timems="0.020" reason="excessive time being spent scavenging" timestamp="2019-07-02T20:42:25.481" />
<gc-end id="1314" type="scavenge" contextid="1309" durationms="1.161" usertimems="0.000" systemtimems="0.000" timestamp="2019-07-02T20:42:25.481" activeThreads="4">
  <mem-info id="1315" free="9799464" total="18022400" percent="54">
    <mem type="nursery" free="7584856" total="10223616" percent="74">
      <mem type="allocate" free="7584856" total="8454144" percent="89" />
      <mem type="survivor" free="0" total="1769472" percent="0" />
    </mem>
    <mem type="tenure" free="2214608" total="7798784" percent="28">
      <mem type="soa" free="1825488" total="7409664" percent="24" />
      <mem type="loa" free="389120" total="389120" percent="100" />
    </mem>
    <remembered-set count="222" />
  </mem-info>
</gc-end>
<cycle-end id="1316" type="scavenge" contextid="1309" timestamp="2019-07-02T20:42:25.481">
  <attribute name="GC Util" value="18" />
  <attribute name="CPU Util" value="2037742566473" />
  <attribute name="Time Running"value="6580"/>
  <attribute name="Number of cores"value="4"/>
</cycle-end>
<allocation-satisfied id="1317" threadId="00000000022F5700" bytesRequested="24" />
<af-end id="1318" timestamp="2019-07-02T20:42:25.482" threadId="00000000022F6088" success="true" from="nursery"/>
<exclusive-end id="1319" timestamp="2019-07-02T20:42:25.482" durationms="1.860" />

<exclusive-start id="1320" timestamp="2019-07-02T20:42:25.499" intervalms="19.127">
  <response-info timems="0.057" idlems="0.057" threads="0" lastid="00000000022F5700" lastname="main" />
</exclusive-start>
<af-start id="1321" threadId="00000000022F6088" totalBytesRequested="32" timestamp="2019-07-02T20:42:25.499" intervalms="19.172" type="nursery" />
<cycle-start id="1322" type="scavenge" contextid="0" timestamp="2019-07-02T20:42:25.499" intervalms="19.226" />
  <attribute name="GC Util" value="18" />
  <attribute name="CPU Util" value="2037742566473" />
  <attribute name="Time Running"value="6580"/>
  <attribute name="Number of cores"value="4"/>
<gc-start id="1323" type="scavenge" contextid="1322" timestamp="2019-07-02T20:42:25.499">
  <mem-info id="1324" free="2212576" total="18022400" percent="12">
    <mem type="nursery" free="0" total="10223616" percent="0">
      <mem type="allocate" free="0" total="8454144" percent="0" />
      <mem type="survivor" free="0" total="1769472" percent="0" />
    </mem>
    <mem type="tenure" free="2212576" total="7798784" percent="28">
      <mem type="soa" free="1823456" total="7409664" percent="24" />
      <mem type="loa" free="389120" total="389120" percent="100" />
    </mem>
    <remembered-set count="238" />
  </mem-info>
</gc-start>
<allocation-stats totalBytes="7585456" >
  <allocated-bytes non-tlh="202064" tlh="7383392" />
  <largest-consumer threadName="main" threadId="00000000022F5700" bytes="7585456" />
</allocation-stats>
<gc-op id="1325" type="scavenge" timems="0.695" contextid="1322" timestamp="2019-07-02T20:42:25.500">
  <scavenger-info tenureage="8" tenuremask="4100" tiltratio="82" />
  <memory-copied type="nursery" objects="8675" bytes="666600" bytesdiscarded="153840" />
  <memory-copied type="tenure" objects="227" bytes="7408" bytesdiscarded="16" />
  <references type="soft" candidates="3" cleared="0" enqueued="0" dynamicThreshold="9" maxThreshold="32" />
  <references type="weak" candidates="48" cleared="0" enqueued="0" />
  <references type="phantom" candidates="1" cleared="0" enqueued="0" />
</gc-op>
<gc-end id="1326" type="scavenge" contextid="1322" durationms="1.114" usertimems="4.000" systemtimems="0.000" timestamp="2019-07-02T20:42:25.501" activeThreads="4">
  <mem-info id="1327" free="10137096" total="18022400" percent="56">
    <mem type="nursery" free="7961272" total="10223616" percent="77">
      <mem type="allocate" free="7961272" total="8781824" percent="90" />
      <mem type="survivor" free="0" total="1441792" percent="0" />
    </mem>
    <mem type="tenure" free="2175824" total="7798784" percent="27">
      <mem type="soa" free="1786704" total="7409664" percent="24" />
      <mem type="loa" free="389120" total="389120" percent="100" />
    </mem>
    <remembered-set count="220" />
  </mem-info>
</gc-end>
<cycle-end id="1328" type="scavenge" contextid="1322" timestamp="2019-07-02T20:42:25.501">
  <attribute name="GC Util" value="7" />
  <attribute name="CPU Util" value="949399161252" />
  <attribute name="Time Running"value="6600"/>
  <attribute name="Number of cores"value="4"/>
</cycle-end>
<allocation-satisfied id="1329" threadId="00000000022F5700" bytesRequested="32" />
<af-end id="1330" timestamp="2019-07-02T20:42:25.501" threadId="00000000022F6088" success="true" from="nursery"/>
<exclusive-end id="1331" timestamp="2019-07-02T20:42:25.501" durationms="1.933" />

<exclusive-start id="1332" timestamp="2019-07-02T20:42:25.513" intervalms="14.364">
  <response-info timems="0.081" idlems="0.081" threads="0" lastid="00000000022F5700" lastname="main" />
</exclusive-start>
<af-start id="1333" threadId="00000000022F6088" totalBytesRequested="26888" timestamp="2019-07-02T20:42:25.513" intervalms="14.362" type="nursery" />
<cycle-start id="1334" type="scavenge" contextid="0" timestamp="2019-07-02T20:42:25.514" intervalms="14.364" />
  <attribute name="GC Util" value="7" />
  <attribute name="CPU Util" value="949399161252" />
  <attribute name="Time Running"value="6600"/>
  <attribute name="Number of cores"value="4"/>
<gc-start id="1335" type="scavenge" contextid="1334" timestamp="2019-07-02T20:42:25.514">
  <mem-info id="1336" free="2175824" total="18022400" percent="12">
    <mem type="nursery" free="0" total="10223616" percent="0">
      <mem type="allocate" free="0" total="8781824" percent="0" />
      <mem type="survivor" free="0" total="1441792" percent="0" />
    </mem>
    <mem type="tenure" free="2175824" total="7798784" percent="27">
      <mem type="soa" free="1786704" total="7409664" percent="24" />
      <mem type="loa" free="389120" total="389120" percent="100" />
    </mem>
    <remembered-set count="220" />
  </mem-info>
</gc-start>
<allocation-stats totalBytes="7951584" >
  <allocated-bytes non-tlh="32" tlh="7951552" />
  <largest-consumer threadName="main" threadId="00000000022F5700" bytes="7951584" />
</allocation-stats>
<gc-op id="1337" type="scavenge" timems="0.303" contextid="1334" timestamp="2019-07-02T20:42:25.514">
  <scavenger-info tenureage="14" tenuremask="4000" tiltratio="85" />
  <memory-copied type="nursery" objects="1440" bytes="73656" bytesdiscarded="144376" />
  <references type="soft" candidates="3" cleared="0" enqueued="0" dynamicThreshold="9" maxThreshold="32" />
  <references type="weak" candidates="48" cleared="0" enqueued="0" />
</gc-op>
<gc-end id="1338" type="scavenge" contextid="1334" durationms="0.606" usertimems="4.000" systemtimems="0.000" timestamp="2019-07-02T20:42:25.514" activeThreads="4">
  <mem-info id="1339" free="10870608" total="18022400" percent="60">
    <mem type="nursery" free="8694784" total="10223616" percent="85">
      <mem type="allocate" free="8694784" total="8912896" percent="97" />
      <mem type="survivor" free="0" total="1310720" percent="0" />
    </mem>
    <mem type="tenure" free="2175824" total="7798784" percent="27">
      <mem type="soa" free="1786704" total="7409664" percent="24" />
      <mem type="loa" free="389120" total="389120" percent="100" />
    </mem>
    <remembered-set count="217" />
  </mem-info>
</gc-end>
<cycle-end id="1340" type="scavenge" contextid="1334" timestamp="2019-07-02T20:42:25.514">
  <attribute name="GC Util" value="11" />
  <attribute name="CPU Util" value="1291481484633" />
  <attribute name="Time Running"value="6614"/>
  <attribute name="Number of cores"value="4"/>
</cycle-end>
<allocation-satisfied id="1341" threadId="00000000022F5700" bytesRequested="26888" />
<af-end id="1342" timestamp="2019-07-02T20:42:25.515" threadId="00000000022F6088" success="true" from="nursery"/>
<exclusive-end id="1343" timestamp="2019-07-02T20:42:25.515" durationms="1.390" />

<exclusive-start id="1344" timestamp="2019-07-02T20:42:25.530" intervalms="16.579">
  <response-info timems="0.090" idlems="0.090" threads="0" lastid="00000000022F5700" lastname="main" />
</exclusive-start>
<af-start id="1345" threadId="00000000022F6088" totalBytesRequested="24" timestamp="2019-07-02T20:42:25.530" intervalms="16.605" type="nursery" />
<cycle-start id="1346" type="scavenge" contextid="0" timestamp="2019-07-02T20:42:25.530" intervalms="16.603" />
  <attribute name="GC Util" value="11" />
  <attribute name="CPU Util" value="1291481484633" />
  <attribute name="Time Running"value="6614"/>
  <attribute name="Number of cores"value="4"/>
<gc-start id="1347" type="scavenge" contextid="1346" timestamp="2019-07-02T20:42:25.530">
  <mem-info id="1348" free="2175376" total="18022400" percent="12">
    <mem type="nursery" free="0" total="10223616" percent="0">
      <mem type="allocate" free="0" total="8912896" percent="0" />
      <mem type="survivor" free="0" total="1310720" percent="0" />
    </mem>
    <mem type="tenure" free="2175376" total="7798784" percent="27">
      <mem type="soa" free="1786256" total="7409664" percent="24" />
      <mem type="loa" free="389120" total="389120" percent="100" />
    </mem>
    <remembered-set count="228" />
  </mem-info>
</gc-start>
<allocation-stats totalBytes="8694408" >
  <allocated-bytes non-tlh="227344" tlh="8467064" />
  <largest-consumer threadName="main" threadId="00000000022F5700" bytes="8694408" />
</allocation-stats>
<gc-op id="1349" type="scavenge" timems="1.055" contextid="1346" timestamp="2019-07-02T20:42:25.532">
  <scavenger-info tenureage="14" tenuremask="4000" tiltratio="87" />
  <memory-copied type="nursery" objects="17036" bytes="969456" bytesdiscarded="138960" />
  <references type="soft" candidates="4" cleared="0" enqueued="0" dynamicThreshold="9" maxThreshold="32" />
  <references type="weak" candidates="54" cleared="0" enqueued="0" />
  <references type="phantom" candidates="1" cleared="0" enqueued="0" />
</gc-op>
<gc-end id="1350" type="scavenge" contextid="1346" durationms="1.471" usertimems="0.000" systemtimems="0.000" timestamp="2019-07-02T20:42:25.532" activeThreads="4">
  <mem-info id="1351" free="9389896" total="18022400" percent="52">
    <mem type="nursery" free="7214520" total="10223616" percent="70">
      <mem type="allocate" free="7214520" total="8323072" percent="86" />
      <mem type="survivor" free="0" total="1900544" percent="0" />
    </mem>
    <mem type="tenure" free="2175376" total="7798784" percent="27">
      <mem type="soa" free="1786256" total="7409664" percent="24" />
      <mem type="loa" free="389120" total="389120" percent="100" />
    </mem>
    <remembered-set count="215" />
  </mem-info>
</gc-end>
<cycle-end id="1352" type="scavenge" contextid="1346" timestamp="2019-07-02T20:42:25.532">
  <attribute name="GC Util" value="3" />
  <attribute name="CPU Util" value="1107896053835" />
  <attribute name="Time Running"value="6631"/>
  <attribute name="Number of cores"value="4"/>
</cycle-end>
<allocation-satisfied id="1353" threadId="00000000022F5700" bytesRequested="24" />
<af-end id="1354" timestamp="2019-07-02T20:42:25.532" threadId="00000000022F6088" success="true" from="nursery"/>
<exclusive-end id="1355" timestamp="2019-07-02T20:42:25.532" durationms="2.279" />

<exclusive-start id="1356" timestamp="2019-07-02T20:42:25.540" intervalms="10.062">
  <response-info timems="0.067" idlems="0.067" threads="0" lastid="00000000022F5700" lastname="main" />
</exclusive-start>
<af-start id="1357" threadId="00000000022F6088" totalBytesRequested="32" timestamp="2019-07-02T20:42:25.540" intervalms="10.033" type="nursery" />
<cycle-start id="1358" type="scavenge" contextid="0" timestamp="2019-07-02T20:42:25.540" intervalms="10.029" />
  <attribute name="GC Util" value="3" />
  <attribute name="CPU Util" value="1107896053835" />
  <attribute name="Time Running"value="6631"/>
  <attribute name="Number of cores"value="4"/>
<gc-start id="1359" type="scavenge" contextid="1358" timestamp="2019-07-02T20:42:25.540">
  <mem-info id="1360" free="2175376" total="18022400" percent="12">
    <mem type="nursery" free="0" total="10223616" percent="0">
      <mem type="allocate" free="0" total="8323072" percent="0" />
      <mem type="survivor" free="0" total="1900544" percent="0" />
    </mem>
    <mem type="tenure" free="2175376" total="7798784" percent="27">
      <mem type="soa" free="1786256" total="7409664" percent="24" />
      <mem type="loa" free="389120" total="389120" percent="100" />
    </mem>
    <remembered-set count="215" />
  </mem-info>
</gc-start>
<allocation-stats totalBytes="7213752" >
  <allocated-bytes non-tlh="24" tlh="7213728" />
  <largest-consumer threadName="main" threadId="00000000022F5700" bytes="7213752" />
</allocation-stats>
<gc-op id="1361" type="scavenge" timems="1.099" contextid="1358" timestamp="2019-07-02T20:42:25.542">
  <scavenger-info tenureage="14" tenuremask="4000" tiltratio="81" />
  <memory-copied type="nursery" objects="24766" bytes="1246456" bytesdiscarded="110792" />
  <references type="soft" candidates="4" cleared="0" enqueued="0" dynamicThreshold="9" maxThreshold="32" />
  <references type="weak" candidates="54" cleared="0" enqueued="0" />
  <references type="phantom" candidates="1" cleared="0" enqueued="0" />
</gc-op>
<heap-resize id="1362" type="expand" space="nursery" amount="655360" count="1" timems="0.018" reason="excessive time being spent scavenging" timestamp="2019-07-02T20:42:25.542" />
<gc-end id="1363" type="scavenge" contextid="1358" durationms="1.599" usertimems="0.000" systemtimems="0.000" timestamp="2019-07-02T20:42:25.542" activeThreads="4">
  <mem-info id="1364" free="9861960" total="18677760" percent="52">
    <mem type="nursery" free="7686584" total="10878976" percent="70">
      <mem type="allocate" free="7686584" total="9043968" percent="84" />
      <mem type="survivor" free="0" total="1835008" percent="0" />
    </mem>
    <mem type="tenure" free="2175376" total="7798784" percent="27">
      <mem type="soa" free="1786256" total="7409664" percent="24" />
      <mem type="loa" free="389120" total="389120" percent="100" />
    </mem>
    <remembered-set count="214" />
  </mem-info>
</gc-end>
<cycle-end id="1365" type="scavenge" contextid="1358" timestamp="2019-07-02T20:42:25.542">
  <attribute name="GC Util" value="25" />
  <attribute name="CPU Util" value="1842171262920" />
  <attribute name="Time Running"value="6641"/>
  <attribute name="Number of cores"value="4"/>
</cycle-end>
<allocation-satisfied id="1366" threadId="00000000022F5700" bytesRequested="32" />
<af-end id="1367" timestamp="2019-07-02T20:42:25.542" threadId="00000000022F6088" success="true" from="nursery"/>
<exclusive-end id="1368" timestamp="2019-07-02T20:42:25.542" durationms="2.434" />

<exclusive-start id="1369" timestamp="2019-07-02T20:42:25.560" intervalms="20.283">
  <response-info timems="0.026" idlems="0.026" threads="0" lastid="00000000022F5700" lastname="main" />
</exclusive-start>
<af-start id="1370" threadId="00000000022F6088" totalBytesRequested="32" timestamp="2019-07-02T20:42:25.560" intervalms="20.198" type="nursery" />
<cycle-start id="1371" type="scavenge" contextid="0" timestamp="2019-07-02T20:42:25.560" intervalms="20.111" />
  <attribute name="GC Util" value="25" />
  <attribute name="CPU Util" value="1842171262920" />
  <attribute name="Time Running"value="6641"/>
  <attribute name="Number of cores"value="4"/>
<gc-start id="1372" type="scavenge" contextid="1371" timestamp="2019-07-02T20:42:25.560">
  <mem-info id="1373" free="2174032" total="18677760" percent="11">
    <mem type="nursery" free="0" total="10878976" percent="0">
      <mem type="allocate" free="0" total="9043968" percent="0" />
      <mem type="survivor" free="0" total="1835008" percent="0" />
    </mem>
    <mem type="tenure" free="2174032" total="7798784" percent="27">
      <mem type="soa" free="1784912" total="7409664" percent="24" />
      <mem type="loa" free="389120" total="389120" percent="100" />
    </mem>
    <remembered-set count="241" />
  </mem-info>
</gc-start>
<allocation-stats totalBytes="7687144" >
  <allocated-bytes non-tlh="401392" tlh="7285752" />
  <largest-consumer threadName="main" threadId="00000000022F5700" bytes="7687144" />
</allocation-stats>
<gc-op id="1374" type="scavenge" timems="0.482" contextid="1371" timestamp="2019-07-02T20:42:25.561">
  <scavenger-info tenureage="2" tenuremask="6004" tiltratio="83" />
  <memory-copied type="nursery" objects="3492" bytes="368440" bytesdiscarded="97168" />
  <memory-copied type="tenure" objects="411" bytes="13648" bytesdiscarded="0" />
  <references type="soft" candidates="4" cleared="0" enqueued="0" dynamicThreshold="9" maxThreshold="32" />
  <references type="weak" candidates="36" cleared="0" enqueued="0" />
  <references type="phantom" candidates="1" cleared="0" enqueued="0" />
</gc-op>
<gc-end id="1375" type="scavenge" contextid="1371" durationms="0.653" usertimems="0.000" systemtimems="0.000" timestamp="2019-07-02T20:42:25.561" activeThreads="4">
  <mem-info id="1376" free="10948872" total="18677760" percent="58">
    <mem type="nursery" free="8774840" total="10878976" percent="80">
      <mem type="allocate" free="8774840" total="9240576" percent="94" />
      <mem type="survivor" free="0" total="1638400" percent="0" />
    </mem>
    <mem type="tenure" free="2174032" total="7798784" percent="27">
      <mem type="soa" free="1784912" total="7409664" percent="24" />
      <mem type="loa" free="389120" total="389120" percent="100" />
    </mem>
    <remembered-set count="209" />
  </mem-info>
</gc-end>
<cycle-end id="1377" type="scavenge" contextid="1371" timestamp="2019-07-02T20:42:25.561">
  <attribute name="GC Util" value="13" />
  <attribute name="CPU Util" value="928853434745" />
  <attribute name="Time Running"value="6661"/>
  <attribute name="Number of cores"value="4"/>
</cycle-end>
<allocation-satisfied id="1378" threadId="00000000022F5700" bytesRequested="32" />
<af-end id="1379" timestamp="2019-07-02T20:42:25.561" threadId="00000000022F6088" success="true" from="nursery"/>
<exclusive-end id="1380" timestamp="2019-07-02T20:42:25.561" durationms="1.094" />

<exclusive-start id="1381" timestamp="2019-07-02T20:42:25.575" intervalms="14.868">
  <response-info timems="0.073" idlems="0.073" threads="0" lastid="00000000022F5700" lastname="main" />
</exclusive-start>
<af-start id="1382" threadId="00000000022F6088" totalBytesRequested="32" timestamp="2019-07-02T20:42:25.575" intervalms="14.970" type="nursery" />
<cycle-start id="1383" type="scavenge" contextid="0" timestamp="2019-07-02T20:42:25.575" intervalms="15.069" />
  <attribute name="GC Util" value="13" />
  <attribute name="CPU Util" value="928853434745" />
  <attribute name="Time Running"value="6661"/>
  <attribute name="Number of cores"value="4"/>
<gc-start id="1384" type="scavenge" contextid="1383" timestamp="2019-07-02T20:42:25.576">
  <mem-info id="1385" free="2173664" total="18677760" percent="11">
    <mem type="nursery" free="0" total="10878976" percent="0">
      <mem type="allocate" free="0" total="9240576" percent="0" />
      <mem type="survivor" free="0" total="1638400" percent="0" />
    </mem>
    <mem type="tenure" free="2173664" total="7798784" percent="27">
      <mem type="soa" free="1784544" total="7409664" percent="24" />
      <mem type="loa" free="389120" total="389120" percent="100" />
    </mem>
    <remembered-set count="216" />
  </mem-info>
</gc-start>
<allocation-stats totalBytes="8773016" >
  <allocated-bytes non-tlh="200408" tlh="8572608" />
  <largest-consumer threadName="main" threadId="00000000022F5700" bytes="8773016" />
</allocation-stats>
<gc-op id="1386" type="scavenge" timems="0.790" contextid="1383" timestamp="2019-07-02T20:42:25.577">
  <scavenger-info tenureage="7" tenuremask="4080" tiltratio="84" />
  <memory-copied type="nursery" objects="8982" bytes="614344" bytesdiscarded="165520" />
  <memory-copied type="tenure" objects="884" bytes="27584" bytesdiscarded="0" />
  <references type="soft" candidates="4" cleared="0" enqueued="0" dynamicThreshold="9" maxThreshold="32" />
  <references type="weak" candidates="25" cleared="0" enqueued="0" />
  <references type="phantom" candidates="1" cleared="0" enqueued="0" />
</gc-op>
<gc-end id="1387" type="scavenge" contextid="1383" durationms="1.254" usertimems="4.000" systemtimems="0.000" timestamp="2019-07-02T20:42:25.577" activeThreads="4">
  <mem-info id="1388" free="10727384" total="18677760" percent="57">
    <mem type="nursery" free="8591640" total="10878976" percent="78">
      <mem type="allocate" free="8591640" total="9371648" percent="91" />
      <mem type="survivor" free="0" total="1507328" percent="0" />
    </mem>
    <mem type="tenure" free="2135744" total="7798784" percent="27">
      <mem type="soa" free="1746624" total="7409664" percent="23" />
      <mem type="loa" free="389120" total="389120" percent="100" />
    </mem>
    <remembered-set count="131" />
  </mem-info>
</gc-end>
<cycle-end id="1389" type="scavenge" contextid="1383" timestamp="2019-07-02T20:42:25.577">
  <attribute name="GC Util" value="6" />
  <attribute name="CPU Util" value="1201630653266" />
  <attribute name="Time Running"value="6676"/>
  <attribute name="Number of cores"value="4"/>
</cycle-end>
<allocation-satisfied id="1390" threadId="00000000022F5700" bytesRequested="32" />
<af-end id="1391" timestamp="2019-07-02T20:42:25.577" threadId="00000000022F6088" success="true" from="nursery"/>
<exclusive-end id="1392" timestamp="2019-07-02T20:42:25.577" durationms="2.034" />

<exclusive-start id="1393" timestamp="2019-07-02T20:42:25.593" intervalms="18.091">
  <response-info timems="0.071" idlems="0.071" threads="0" lastid="00000000022F5700" lastname="main" />
</exclusive-start>
<af-start id="1394" threadId="00000000022F6088" totalBytesRequested="24" timestamp="2019-07-02T20:42:25.593" intervalms="18.059" type="nursery" />
<cycle-start id="1395" type="scavenge" contextid="0" timestamp="2019-07-02T20:42:25.593" intervalms="18.041" />
  <attribute name="GC Util" value="6" />
  <attribute name="CPU Util" value="1201630653266" />
  <attribute name="Time Running"value="6676"/>
  <attribute name="Number of cores"value="4"/>
<gc-start id="1396" type="scavenge" contextid="1395" timestamp="2019-07-02T20:42:25.594">
  <mem-info id="1397" free="2135304" total="18677760" percent="11">
    <mem type="nursery" free="0" total="10878976" percent="0">
      <mem type="allocate" free="0" total="9371648" percent="0" />
      <mem type="survivor" free="0" total="1507328" percent="0" />
    </mem>
    <mem type="tenure" free="2135304" total="7798784" percent="27">
      <mem type="soa" free="1746184" total="7409664" percent="23" />
      <mem type="loa" free="389120" total="389120" percent="100" />
    </mem>
    <remembered-set count="140" />
  </mem-info>
</gc-start>
<allocation-stats totalBytes="8591160" >
  <allocated-bytes non-tlh="200480" tlh="8390680" />
  <largest-consumer threadName="main" threadId="00000000022F5700" bytes="8591160" />
</allocation-stats>
<gc-op id="1398" type="scavenge" timems="0.815" contextid="1395" timestamp="2019-07-02T20:42:25.595">
  <scavenger-info tenureage="14" tenuremask="4000" tiltratio="86" />
  <memory-copied type="nursery" objects="9803" bytes="685976" bytesdiscarded="211048" />
  <references type="soft" candidates="5" cleared="0" enqueued="0" dynamicThreshold="9" maxThreshold="32" />
  <references type="weak" candidates="31" cleared="0" enqueued="0" />
  <references type="phantom" candidates="1" cleared="0" enqueued="0" />
</gc-op>
<gc-end id="1399" type="scavenge" contextid="1395" durationms="1.208" usertimems="4.000" systemtimems="0.000" timestamp="2019-07-02T20:42:25.595" activeThreads="4">
  <mem-info id="1400" free="10740840" total="18677760" percent="57">
    <mem type="nursery" free="8605536" total="10878976" percent="79">
      <mem type="allocate" free="8605536" total="9502720" percent="90" />
      <mem type="survivor" free="0" total="1376256" percent="0" />
    </mem>
    <mem type="tenure" free="2135304" total="7798784" percent="27">
      <mem type="soa" free="1746184" total="7409664" percent="23" />
      <mem type="loa" free="389120" total="389120" percent="100" />
    </mem>
    <remembered-set count="116" />
  </mem-info>
</gc-end>
<cycle-end id="1401" type="scavenge" contextid="1395" timestamp="2019-07-02T20:42:25.595">
  <attribute name="GC Util" value="7" />
  <attribute name="CPU Util" value="1024065401909" />
  <attribute name="Time Running"value="6694"/>
  <attribute name="Number of cores"value="4"/>
</cycle-end>
<allocation-satisfied id="1402" threadId="00000000022F5700" bytesRequested="24" />
<af-end id="1403" timestamp="2019-07-02T20:42:25.595" threadId="00000000022F6088" success="true" from="nursery"/>
<exclusive-end id="1404" timestamp="2019-07-02T20:42:25.595" durationms="1.959" />

<exclusive-start id="1405" timestamp="2019-07-02T20:42:25.609" intervalms="16.118">
  <response-info timems="0.020" idlems="0.020" threads="0" lastid="00000000022F5700" lastname="main" />
</exclusive-start>
<af-start id="1406" threadId="00000000022F6088" totalBytesRequested="200008" timestamp="2019-07-02T20:42:25.609" intervalms="16.036" type="nursery" />
<cycle-start id="1407" type="scavenge" contextid="0" timestamp="2019-07-02T20:42:25.609" intervalms="15.953" />
  <attribute name="GC Util" value="7" />
  <attribute name="CPU Util" value="1024065401909" />
  <attribute name="Time Running"value="6694"/>
  <attribute name="Number of cores"value="4"/>
<gc-start id="1408" type="scavenge" contextid="1407" timestamp="2019-07-02T20:42:25.609">
  <mem-info id="1409" free="2134928" total="18677760" percent="11">
    <mem type="nursery" free="0" total="10878976" percent="0">
      <mem type="allocate" free="0" total="9502720" percent="0" />
      <mem type="survivor" free="0" total="1376256" percent="0" />
    </mem>
    <mem type="tenure" free="2134928" total="7798784" percent="27">
      <mem type="soa" free="1745808" total="7409664" percent="23" />
      <mem type="loa" free="389120" total="389120" percent="100" />
    </mem>
    <remembered-set count="123" />
  </mem-info>
</gc-start>
<allocation-stats totalBytes="8604760" >
  <allocated-bytes non-tlh="400" tlh="8604360" />
  <largest-consumer threadName="main" threadId="00000000022F5700" bytes="8604760" />
</allocation-stats>
<gc-op id="1410" type="scavenge" timems="0.290" contextid="1407" timestamp="2019-07-02T20:42:25.610">
  <scavenger-info tenureage="14" tenuremask="4000" tiltratio="87" />
  <memory-copied type="nursery" objects="1187" bytes="78960" bytesdiscarded="138976" />
  <references type="soft" candidates="6" cleared="0" enqueued="0" dynamicThreshold="9" maxThreshold="32" />
  <references type="weak" candidates="35" cleared="0" enqueued="0" />
  <references type="phantom" candidates="1" cleared="0" enqueued="0" />
</gc-op>
<gc-end id="1411" type="scavenge" contextid="1407" durationms="0.467" usertimems="0.000" systemtimems="0.000" timestamp="2019-07-02T20:42:25.610" activeThreads="4">
  <mem-info id="1412" free="11550608" total="18677760" percent="61">
    <mem type="nursery" free="9415680" total="10878976" percent="86">
      <mem type="allocate" free="9415680" total="9633792" percent="97" />
      <mem type="survivor" free="0" total="1245184" percent="0" />
    </mem>
    <mem type="tenure" free="2134928" total="7798784" percent="27">
      <mem type="soa" free="1745808" total="7409664" percent="23" />
      <mem type="loa" free="389120" total="389120" percent="100" />
    </mem>
    <remembered-set count="118" />
  </mem-info>
</gc-end>
<cycle-end id="1413" type="scavenge" contextid="1407" timestamp="2019-07-02T20:42:25.610">
  <attribute name="GC Util" value="12" />
  <attribute name="CPU Util" value="1176002087763" />
  <attribute name="Time Running"value="6710"/>
  <attribute name="Number of cores"value="4"/>
</cycle-end>
<allocation-satisfied id="1414" threadId="00000000022F5700" bytesRequested="200008" />
<af-end id="1415" timestamp="2019-07-02T20:42:25.610" threadId="00000000022F6088" success="true" from="nursery"/>
<exclusive-end id="1416" timestamp="2019-07-02T20:42:25.610" durationms="0.888" />

<exclusive-start id="1417" timestamp="2019-07-02T20:42:25.623" intervalms="13.664">
  <response-info timems="0.061" idlems="0.061" threads="0" lastid="00000000022F5700" lastname="main" />
</exclusive-start>
<af-start id="1418" threadId="00000000022F6088" totalBytesRequested="32" timestamp="2019-07-02T20:42:25.623" intervalms="13.767" type="nursery" />
<cycle-start id="1419" type="scavenge" contextid="0" timestamp="2019-07-02T20:42:25.623" intervalms="13.862" />
  <attribute name="GC Util" value="12" />
  <attribute name="CPU Util" value="1176002087763" />
  <attribute name="Time Running"value="6710"/>
  <attribute name="Number of cores"value="4"/>
<gc-start id="1420" type="scavenge" contextid="1419" timestamp="2019-07-02T20:42:25.623">
  <mem-info id="1421" free="2134928" total="18677760" percent="11">
    <mem type="nursery" free="0" total="10878976" percent="0">
      <mem type="allocate" free="0" total="9633792" percent="0" />
      <mem type="survivor" free="0" total="1245184" percent="0" />
    </mem>
    <mem type="tenure" free="2134928" total="7798784" percent="27">
      <mem type="soa" free="1745808" total="7409664" percent="23" />
      <mem type="loa" free="389120" total="389120" percent="100" />
    </mem>
    <remembered-set count="118" />
  </mem-info>
</gc-start>
<allocation-stats totalBytes="9414848" >
  <allocated-bytes non-tlh="200008" tlh="9214840" />
  <largest-consumer threadName="main" threadId="00000000022F5700" bytes="9414848" />
</allocation-stats>
<gc-op id="1422" type="scavenge" timems="0.792" contextid="1419" timestamp="2019-07-02T20:42:25.625">
  <scavenger-info tenureage="8" tenuremask="4100" tiltratio="88" />
  <memory-copied type="nursery" objects="11625" bytes="751688" bytesdiscarded="172736" />
  <memory-copied type="tenure" objects="294" bytes="10880" bytesdiscarded="0" />
  <references type="soft" candidates="5" cleared="0" enqueued="0" dynamicThreshold="9" maxThreshold="32" />
  <references type="weak" candidates="27" cleared="0" enqueued="0" />
  <references type="phantom" candidates="1" cleared="0" enqueued="0" />
</gc-op>
<heap-resize id="1423" type="expand" space="nursery" amount="524288" count="1" timems="0.013" reason="excessive time being spent scavenging" timestamp="2019-07-02T20:42:25.625" />
<gc-end id="1424" type="scavenge" contextid="1419" durationms="1.270" usertimems="0.000" systemtimems="0.000" timestamp="2019-07-02T20:42:25.625" activeThreads="4">
  <mem-info id="1425" free="10975208" total="19202048" percent="57">
    <mem type="nursery" free="8840280" total="11403264" percent="77">
      <mem type="allocate" free="8840280" total="9764864" percent="90" />
      <mem type="survivor" free="0" total="1638400" percent="0" />
    </mem>
    <mem type="tenure" free="2134928" total="7798784" percent="27">
      <mem type="soa" free="1745808" total="7409664" percent="23" />
      <mem type="loa" free="389120" total="389120" percent="100" />
    </mem>
    <remembered-set count="100" />
  </mem-info>
</gc-end>
<cycle-end id="1426" type="scavenge" contextid="1419" timestamp="2019-07-02T20:42:25.625">
  <attribute name="GC Util" value="4" />
  <attribute name="CPU Util" value="1304439763919" />
  <attribute name="Time Running"value="6724"/>
  <attribute name="Number of cores"value="4"/>
</cycle-end>
<allocation-satisfied id="1427" threadId="00000000022F5700" bytesRequested="32" />
<af-end id="1428" timestamp="2019-07-02T20:42:25.625" threadId="00000000022F6088" success="true" from="nursery"/>
<exclusive-end id="1429" timestamp="2019-07-02T20:42:25.625" durationms="1.981" />

<exclusive-start id="1430" timestamp="2019-07-02T20:42:25.636" intervalms="12.653">
  <response-info timems="0.059" idlems="0.059" threads="0" lastid="00000000022F5700" lastname="main" />
</exclusive-start>
<af-start id="1431" threadId="00000000022F6088" totalBytesRequested="16" timestamp="2019-07-02T20:42:25.636" intervalms="12.609" type="nursery" />
<cycle-start id="1432" type="scavenge" contextid="0" timestamp="2019-07-02T20:42:25.636" intervalms="12.608" />
  <attribute name="GC Util" value="4" />
  <attribute name="CPU Util" value="1304439763919" />
  <attribute name="Time Running"value="6724"/>
  <attribute name="Number of cores"value="4"/>
<gc-start id="1433" type="scavenge" contextid="1432" timestamp="2019-07-02T20:42:25.636">
  <mem-info id="1434" free="2134928" total="19202048" percent="11">
    <mem type="nursery" free="0" total="11403264" percent="0">
      <mem type="allocate" free="0" total="9764864" percent="0" />
      <mem type="survivor" free="0" total="1638400" percent="0" />
    </mem>
    <mem type="tenure" free="2134928" total="7798784" percent="27">
      <mem type="soa" free="1745808" total="7409664" percent="23" />
      <mem type="loa" free="389120" total="389120" percent="100" />
    </mem>
    <remembered-set count="100" />
  </mem-info>
</gc-start>
<allocation-stats totalBytes="8839464" >
  <allocated-bytes non-tlh="32" tlh="8839432" />
  <largest-consumer threadName="main" threadId="00000000022F5700" bytes="8839464" />
</allocation-stats>
<gc-op id="1435" type="scavenge" timems="1.263" contextid="1432" timestamp="2019-07-02T20:42:25.638">
  <scavenger-info tenureage="14" tenuremask="4000" tiltratio="85" />
  <memory-copied type="nursery" objects="13848" bytes="562048" bytesdiscarded="41224" />
  <references type="soft" candidates="5" cleared="0" enqueued="0" dynamicThreshold="9" maxThreshold="32" />
  <references type="weak" candidates="27" cleared="0" enqueued="0" />
</gc-op>
<gc-end id="1436" type="scavenge" contextid="1432" durationms="1.738" usertimems="4.000" systemtimems="0.000" timestamp="2019-07-02T20:42:25.638" activeThreads="4">
  <mem-info id="1437" free="11558536" total="19202048" percent="60">
    <mem type="nursery" free="9423608" total="11403264" percent="82">
      <mem type="allocate" free="9423608" total="10027008" percent="93" />
      <mem type="survivor" free="0" total="1376256" percent="0" />
    </mem>
    <mem type="tenure" free="2134928" total="7798784" percent="27">
      <mem type="soa" free="1745808" total="7409664" percent="23" />
      <mem type="loa" free="389120" total="389120" percent="100" />
    </mem>
    <remembered-set count="94" />
  </mem-info>
</gc-end>
<cycle-end id="1438" type="scavenge" contextid="1432" timestamp="2019-07-02T20:42:25.638">
  <attribute name="GC Util" value="11" />
  <attribute name="CPU Util" value="1461900588540" />
  <attribute name="Time Running"value="6737"/>
  <attribute name="Number of cores"value="4"/>
</cycle-end>
<allocation-satisfied id="1439" threadId="00000000022F5700" bytesRequested="16" />
<af-end id="1440" timestamp="2019-07-02T20:42:25.638" threadId="00000000022F6088" success="true" from="nursery"/>
<exclusive-end id="1441" timestamp="2019-07-02T20:42:25.638" durationms="2.581" />

<exclusive-start id="1442" timestamp="2019-07-02T20:42:25.672" intervalms="36.262">
  <response-info timems="0.055" idlems="0.055" threads="0" lastid="00000000022F5700" lastname="main" />
</exclusive-start>
<af-start id="1443" threadId="00000000022F6088" totalBytesRequested="32" timestamp="2019-07-02T20:42:25.672" intervalms="36.303" type="nursery" />
<cycle-start id="1444" type="scavenge" contextid="0" timestamp="2019-07-02T20:42:25.672" intervalms="36.281" />
  <attribute name="GC Util" value="11" />
  <attribute name="CPU Util" value="1461900588540" />
  <attribute name="Time Running"value="6737"/>
  <attribute name="Number of cores"value="4"/>
<gc-start id="1445" type="scavenge" contextid="1444" timestamp="2019-07-02T20:42:25.672">
  <mem-info id="1446" free="2132480" total="19202048" percent="11">
    <mem type="nursery" free="0" total="11403264" percent="0">
      <mem type="allocate" free="0" total="10027008" percent="0" />
      <mem type="survivor" free="0" total="1376256" percent="0" />
    </mem>
    <mem type="tenure" free="2132480" total="7798784" percent="27">
      <mem type="soa" free="1743360" total="7409664" percent="23" />
      <mem type="loa" free="389120" total="389120" percent="100" />
    </mem>
    <remembered-set count="140" />
  </mem-info>
</gc-start>
<allocation-stats totalBytes="9424504" >
  <allocated-bytes non-tlh="1002504" tlh="8422000" />
  <largest-consumer threadName="main" threadId="00000000022F5700" bytes="9424504" />
</allocation-stats>
<gc-op id="1447" type="scavenge" timems="0.753" contextid="1444" timestamp="2019-07-02T20:42:25.673">
  <scavenger-info tenureage="14" tenuremask="4000" tiltratio="87" />
  <memory-copied type="nursery" objects="8283" bytes="630704" bytesdiscarded="220288" />
  <references type="soft" candidates="10" cleared="0" enqueued="0" dynamicThreshold="9" maxThreshold="32" />
  <references type="weak" candidates="49" cleared="0" enqueued="0" />
  <references type="phantom" candidates="1" cleared="0" enqueued="0" />
</gc-op>
<gc-end id="1448" type="scavenge" contextid="1444" durationms="1.186" usertimems="0.000" systemtimems="0.000" timestamp="2019-07-02T20:42:25.674" activeThreads="4">
  <mem-info id="1449" free="11439288" total="19202048" percent="59">
    <mem type="nursery" free="9306808" total="11403264" percent="81">
      <mem type="allocate" free="9306808" total="10158080" percent="91" />
      <mem type="survivor" free="0" total="1245184" percent="0" />
    </mem>
    <mem type="tenure" free="2132480" total="7798784" percent="27">
      <mem type="soa" free="1743360" total="7409664" percent="23" />
      <mem type="loa" free="389120" total="389120" percent="100" />
    </mem>
    <remembered-set count="139" />
  </mem-info>
</gc-end>
<cycle-end id="1450" type="scavenge" contextid="1444" timestamp="2019-07-02T20:42:25.674">
  <attribute name="GC Util" value="4" />
  <attribute name="CPU Util" value="508610182459" />
  <attribute name="Time Running"value="6773"/>
  <attribute name="Number of cores"value="4"/>
</cycle-end>
<allocation-satisfied id="1451" threadId="00000000022F5700" bytesRequested="32" />
<af-end id="1452" timestamp="2019-07-02T20:42:25.674" threadId="00000000022F6088" success="true" from="nursery"/>
<exclusive-end id="1453" timestamp="2019-07-02T20:42:25.674" durationms="1.939" />

<exclusive-start id="1454" timestamp="2019-07-02T20:42:25.684" intervalms="11.914">
  <response-info timems="0.055" idlems="0.055" threads="0" lastid="00000000022F5700" lastname="main" />
</exclusive-start>
<af-start id="1455" threadId="00000000022F6088" totalBytesRequested="32" timestamp="2019-07-02T20:42:25.684" intervalms="11.913" type="nursery" />
<cycle-start id="1456" type="scavenge" contextid="0" timestamp="2019-07-02T20:42:25.684" intervalms="11.929" />
  <attribute name="GC Util" value="4" />
  <attribute name="CPU Util" value="508610182459" />
  <attribute name="Time Running"value="6773"/>
  <attribute name="Number of cores"value="4"/>
<gc-start id="1457" type="scavenge" contextid="1456" timestamp="2019-07-02T20:42:25.684">
  <mem-info id="1458" free="2132480" total="19202048" percent="11">
    <mem type="nursery" free="0" total="11403264" percent="0">
      <mem type="allocate" free="0" total="10158080" percent="0" />
      <mem type="survivor" free="0" total="1245184" percent="0" />
    </mem>
    <mem type="tenure" free="2132480" total="7798784" percent="27">
      <mem type="soa" free="1743360" total="7409664" percent="23" />
      <mem type="loa" free="389120" total="389120" percent="100" />
    </mem>
    <remembered-set count="139" />
  </mem-info>
</gc-start>
<allocation-stats totalBytes="9305904" >
  <allocated-bytes non-tlh="32" tlh="9305872" />
  <largest-consumer threadName="main" threadId="00000000022F5700" bytes="9305904" />
</allocation-stats>
<gc-op id="1459" type="scavenge" timems="1.066" contextid="1456" timestamp="2019-07-02T20:42:25.686">
  <scavenger-info tenureage="7" tenuremask="4080" tiltratio="89" />
  <memory-copied type="nursery" objects="16674" bytes="938864" bytesdiscarded="110584" />
  <memory-copied type="tenure" objects="399" bytes="14424" bytesdiscarded="64" />
  <references type="soft" candidates="8" cleared="0" enqueued="0" dynamicThreshold="9" maxThreshold="32" />
  <references type="weak" candidates="37" cleared="0" enqueued="0" />
  <references type="phantom" candidates="1" cleared="0" enqueued="0" />
</gc-op>
<heap-resize id="1460" type="expand" space="nursery" amount="655360" count="1" timems="0.015" reason="excessive time being spent scavenging" timestamp="2019-07-02T20:42:25.686" />
<gc-end id="1461" type="scavenge" contextid="1456" durationms="1.588" usertimems="0.000" systemtimems="0.000" timestamp="2019-07-02T20:42:25.686" activeThreads="4">
  <mem-info id="1462" free="11617256" total="19857408" percent="58">
    <mem type="nursery" free="9501616" total="12058624" percent="78">
      <mem type="allocate" free="9501616" total="10551296" percent="90" />
      <mem type="survivor" free="0" total="1507328" percent="0" />
    </mem>
    <mem type="tenure" free="2115640" total="7798784" percent="27">
      <mem type="soa" free="1726520" total="7409664" percent="23" />
      <mem type="loa" free="389120" total="389120" percent="100" />
    </mem>
    <remembered-set count="135" />
  </mem-info>
</gc-end>
<cycle-end id="1463" type="scavenge" contextid="1456" timestamp="2019-07-02T20:42:25.686">
  <attribute name="GC Util" value="13" />
  <attribute name="CPU Util" value="1552188534838" />
  <attribute name="Time Running"value="6785"/>
  <attribute name="Number of cores"value="4"/>
</cycle-end>
<allocation-satisfied id="1464" threadId="00000000022F5700" bytesRequested="32" />
<af-end id="1465" timestamp="2019-07-02T20:42:25.686" threadId="00000000022F6088" success="true" from="nursery"/>
<exclusive-end id="1466" timestamp="2019-07-02T20:42:25.686" durationms="2.352" />

<exclusive-start id="1467" timestamp="2019-07-02T20:42:25.705" intervalms="21.397">
  <response-info timems="0.028" idlems="0.028" threads="0" lastid="00000000022F5700" lastname="main" />
</exclusive-start>
<af-start id="1468" threadId="00000000022F6088" totalBytesRequested="40" timestamp="2019-07-02T20:42:25.705" intervalms="21.404" type="nursery" />
<cycle-start id="1469" type="scavenge" contextid="0" timestamp="2019-07-02T20:42:25.705" intervalms="21.405" />
  <attribute name="GC Util" value="13" />
  <attribute name="CPU Util" value="1552188534838" />
  <attribute name="Time Running"value="6785"/>
  <attribute name="Number of cores"value="4"/>
<gc-start id="1470" type="scavenge" contextid="1469" timestamp="2019-07-02T20:42:25.706">
  <mem-info id="1471" free="2114464" total="19857408" percent="10">
    <mem type="nursery" free="0" total="12058624" percent="0">
      <mem type="allocate" free="0" total="10551296" percent="0" />
      <mem type="survivor" free="0" total="1507328" percent="0" />
    </mem>
    <mem type="tenure" free="2114464" total="7798784" percent="27">
      <mem type="soa" free="1725344" total="7409664" percent="23" />
      <mem type="loa" free="389120" total="389120" percent="100" />
    </mem>
    <remembered-set count="163" />
  </mem-info>
</gc-start>
<allocation-stats totalBytes="9501568" >
  <allocated-bytes non-tlh="266760" tlh="9234808" />
  <largest-consumer threadName="main" threadId="00000000022F5700" bytes="9501568" />
</allocation-stats>
<gc-op id="1472" type="scavenge" timems="0.991" contextid="1469" timestamp="2019-07-02T20:42:25.707">
  <scavenger-info tenureage="14" tenuremask="4000" tiltratio="87" />
  <memory-copied type="nursery" objects="11706" bytes="825024" bytesdiscarded="118936" />
  <references type="soft" candidates="9" cleared="0" enqueued="0" dynamicThreshold="9" maxThreshold="32" />
  <references type="weak" candidates="53" cleared="0" enqueued="0" />
  <references type="phantom" candidates="1" cleared="0" enqueued="0" />
</gc-op>
<gc-end id="1473" type="scavenge" contextid="1469" durationms="1.390" usertimems="4.000" systemtimems="0.000" timestamp="2019-07-02T20:42:25.707" activeThreads="4">
  <mem-info id="1474" free="11918152" total="19857408" percent="60">
    <mem type="nursery" free="9803688" total="12058624" percent="81">
      <mem type="allocate" free="9803688" total="10747904" percent="91" />
      <mem type="survivor" free="0" total="1310720" percent="0" />
    </mem>
    <mem type="tenure" free="2114464" total="7798784" percent="27">
      <mem type="soa" free="1725344" total="7409664" percent="23" />
      <mem type="loa" free="389120" total="389120" percent="100" />
    </mem>
    <remembered-set count="127" />
  </mem-info>
</gc-end>
<cycle-end id="1475" type="scavenge" contextid="1469" timestamp="2019-07-02T20:42:25.707">
  <attribute name="GC Util" value="10" />
  <attribute name="CPU Util" value="860952856767" />
  <attribute name="Time Running"value="6806"/>
  <attribute name="Number of cores"value="4"/>
</cycle-end>
<allocation-satisfied id="1476" threadId="00000000022F5700" bytesRequested="40" />
<af-end id="1477" timestamp="2019-07-02T20:42:25.707" threadId="00000000022F6088" success="true" from="nursery"/>
<exclusive-end id="1478" timestamp="2019-07-02T20:42:25.707" durationms="2.151" />

<exclusive-start id="1479" timestamp="2019-07-02T20:42:25.718" intervalms="13.247">
  <response-info timems="0.059" idlems="0.059" threads="0" lastid="00000000022F5700" lastname="main" />
</exclusive-start>
<af-start id="1480" threadId="00000000022F6088" totalBytesRequested="32" timestamp="2019-07-02T20:42:25.719" intervalms="13.201" type="nursery" />
<cycle-start id="1481" type="scavenge" contextid="0" timestamp="2019-07-02T20:42:25.719" intervalms="13.208" />
  <attribute name="GC Util" value="10" />
  <attribute name="CPU Util" value="860952856767" />
  <attribute name="Time Running"value="6806"/>
  <attribute name="Number of cores"value="4"/>
<gc-start id="1482" type="scavenge" contextid="1481" timestamp="2019-07-02T20:42:25.719">
  <mem-info id="1483" free="2114464" total="19857408" percent="10">
    <mem type="nursery" free="0" total="12058624" percent="0">
      <mem type="allocate" free="0" total="10747904" percent="0" />
      <mem type="survivor" free="0" total="1310720" percent="0" />
    </mem>
    <mem type="tenure" free="2114464" total="7798784" percent="27">
      <mem type="soa" free="1725344" total="7409664" percent="23" />
      <mem type="loa" free="389120" total="389120" percent="100" />
    </mem>
    <remembered-set count="127" />
  </mem-info>
</gc-start>
<allocation-stats totalBytes="9802856" >
  <allocated-bytes non-tlh="40" tlh="9802816" />
  <largest-consumer threadName="main" threadId="00000000022F5700" bytes="9802856" />
</allocation-stats>
<gc-op id="1484" type="scavenge" timems="1.318" contextid="1481" timestamp="2019-07-02T20:42:25.720">
  <scavenger-info tenureage="14" tenuremask="4000" tiltratio="89" />
  <memory-copied type="nursery" objects="20071" bytes="1128240" bytesdiscarded="182224" />
  <references type="soft" candidates="9" cleared="0" enqueued="0" dynamicThreshold="9" maxThreshold="32" />
  <references type="weak" candidates="53" cleared="0" enqueued="0" />
  <references type="phantom" candidates="1" cleared="0" enqueued="0" />
</gc-op>
<heap-resize id="1485" type="expand" space="nursery" amount="524288" count="1" timems="0.015" reason="excessive time being spent scavenging" timestamp="2019-07-02T20:42:25.721" />
<gc-end id="1486" type="scavenge" contextid="1481" durationms="1.839" usertimems="4.000" systemtimems="0.000" timestamp="2019-07-02T20:42:25.721" activeThreads="4">
  <mem-info id="1487" free="11813792" total="20381696" percent="57">
    <mem type="nursery" free="9699328" total="12582912" percent="77">
      <mem type="allocate" free="9699328" total="11010048" percent="88" />
      <mem type="survivor" free="0" total="1572864" percent="0" />
    </mem>
    <mem type="tenure" free="2114464" total="7798784" percent="27">
      <mem type="soa" free="1725344" total="7409664" percent="23" />
      <mem type="loa" free="389120" total="389120" percent="100" />
    </mem>
    <remembered-set count="126" />
  </mem-info>
</gc-end>
<cycle-end id="1488" type="scavenge" contextid="1481" timestamp="2019-07-02T20:42:25.721">
  <attribute name="GC Util" value="13" />
  <attribute name="CPU Util" value="1398335819525" />
  <attribute name="Time Running"value="6819"/>
  <attribute name="Number of cores"value="4"/>
</cycle-end>
<allocation-satisfied id="1489" threadId="00000000022F5700" bytesRequested="32" />
<af-end id="1490" timestamp="2019-07-02T20:42:25.721" threadId="00000000022F6088" success="true" from="nursery"/>
<exclusive-end id="1491" timestamp="2019-07-02T20:42:25.721" durationms="2.549" />

<exclusive-start id="1492" timestamp="2019-07-02T20:42:25.739" intervalms="20.776">
  <response-info timems="0.026" idlems="0.026" threads="0" lastid="00000000022F5700" lastname="main" />
</exclusive-start>
<af-start id="1493" threadId="00000000022F6088" totalBytesRequested="32" timestamp="2019-07-02T20:42:25.739" intervalms="20.783" type="nursery" />
<cycle-start id="1494" type="scavenge" contextid="0" timestamp="2019-07-02T20:42:25.739" intervalms="20.775" />
  <attribute name="GC Util" value="13" />
  <attribute name="CPU Util" value="1398335819525" />
  <attribute name="Time Running"value="6819"/>
  <attribute name="Number of cores"value="4"/>
<gc-start id="1495" type="scavenge" contextid="1494" timestamp="2019-07-02T20:42:25.740">
  <mem-info id="1496" free="2113840" total="20381696" percent="10">
    <mem type="nursery" free="0" total="12582912" percent="0">
      <mem type="allocate" free="0" total="11010048" percent="0" />
      <mem type="survivor" free="0" total="1572864" percent="0" />
    </mem>
    <mem type="tenure" free="2113840" total="7798784" percent="27">
      <mem type="soa" free="1724720" total="7409664" percent="23" />
      <mem type="loa" free="389120" total="389120" percent="100" />
    </mem>
    <remembered-set count="138" />
  </mem-info>
</gc-start>
<allocation-stats totalBytes="9698368" >
  <allocated-bytes non-tlh="200664" tlh="9497704" />
  <largest-consumer threadName="main" threadId="00000000022F5700" bytes="9698368" />
</allocation-stats>
<gc-op id="1497" type="scavenge" timems="0.810" contextid="1494" timestamp="2019-07-02T20:42:25.741">
  <scavenger-info tenureage="2" tenuremask="4204" tiltratio="87" />
  <memory-copied type="nursery" objects="9587" bytes="679808" bytesdiscarded="114424" />
  <memory-copied type="tenure" objects="494" bytes="17672" bytesdiscarded="40" />
  <references type="soft" candidates="8" cleared="0" enqueued="0" dynamicThreshold="9" maxThreshold="32" />
  <references type="weak" candidates="40" cleared="0" enqueued="0" />
  <references type="phantom" candidates="1" cleared="0" enqueued="0" />
</gc-op>
<gc-end id="1498" type="scavenge" contextid="1494" durationms="1.188" usertimems="0.000" systemtimems="0.000" timestamp="2019-07-02T20:42:25.741" activeThreads="4">
  <mem-info id="1499" free="12447808" total="20381696" percent="61">
    <mem type="nursery" free="10346664" total="12582912" percent="82">
      <mem type="allocate" free="10346664" total="11141120" percent="92" />
      <mem type="survivor" free="0" total="1441792" percent="0" />
    </mem>
    <mem type="tenure" free="2101144" total="7798784" percent="26">
      <mem type="soa" free="1712024" total="7409664" percent="23" />
      <mem type="loa" free="389120" total="389120" percent="100" />
    </mem>
    <remembered-set count="131" />
  </mem-info>
</gc-end>
<cycle-end id="1500" type="scavenge" contextid="1494" timestamp="2019-07-02T20:42:25.741">
  <attribute name="GC Util" value="14" />
  <attribute name="CPU Util" value="886328681842" />
  <attribute name="Time Running"value="6840"/>
  <attribute name="Number of cores"value="4"/>
</cycle-end>
<allocation-satisfied id="1501" threadId="00000000022F5700" bytesRequested="32" />
<af-end id="1502" timestamp="2019-07-02T20:42:25.741" threadId="00000000022F6088" success="true" from="nursery"/>
<exclusive-end id="1503" timestamp="2019-07-02T20:42:25.741" durationms="1.874" />

<exclusive-start id="1504" timestamp="2019-07-02T20:42:25.754" intervalms="14.470">
  <response-info timems="0.057" idlems="0.057" threads="0" lastid="00000000022F5700" lastname="main" />
</exclusive-start>
<af-start id="1505" threadId="00000000022F6088" totalBytesRequested="128" timestamp="2019-07-02T20:42:25.754" intervalms="14.508" type="nursery" />
<cycle-start id="1506" type="scavenge" contextid="0" timestamp="2019-07-02T20:42:25.754" intervalms="14.517" />
  <attribute name="GC Util" value="14" />
  <attribute name="CPU Util" value="886328681842" />
  <attribute name="Time Running"value="6840"/>
  <attribute name="Number of cores"value="4"/>
<gc-start id="1507" type="scavenge" contextid="1506" timestamp="2019-07-02T20:42:25.754">
  <mem-info id="1508" free="2101088" total="20381696" percent="10">
    <mem type="nursery" free="0" total="12582912" percent="0">
      <mem type="allocate" free="0" total="11141120" percent="0" />
      <mem type="survivor" free="0" total="1441792" percent="0" />
    </mem>
    <mem type="tenure" free="2101088" total="7798784" percent="26">
      <mem type="soa" free="1711968" total="7409664" percent="23" />
      <mem type="loa" free="389120" total="389120" percent="100" />
    </mem>
    <remembered-set count="132" />
  </mem-info>
</gc-start>
<allocation-stats totalBytes="10345264" >
  <allocated-bytes non-tlh="88" tlh="10345176" />
  <largest-consumer threadName="main" threadId="00000000022F5700" bytes="10345264" />
</allocation-stats>
<gc-op id="1509" type="scavenge" timems="0.967" contextid="1506" timestamp="2019-07-02T20:42:25.755">
  <scavenger-info tenureage="9" tenuremask="4200" tiltratio="88" />
  <memory-copied type="nursery" objects="15718" bytes="677664" bytesdiscarded="65344" />
  <memory-copied type="tenure" objects="161" bytes="5656" bytesdiscarded="8" />
  <references type="soft" candidates="7" cleared="0" enqueued="0" dynamicThreshold="9" maxThreshold="32" />
  <references type="weak" candidates="34" cleared="0" enqueued="0" />
</gc-op>
<gc-end id="1510" type="scavenge" contextid="1506" durationms="1.419" usertimems="0.000" systemtimems="0.000" timestamp="2019-07-02T20:42:25.756" activeThreads="4">
  <mem-info id="1511" free="12620896" total="20381696" percent="61">
    <mem type="nursery" free="10529016" total="12582912" percent="83">
      <mem type="allocate" free="10529016" total="11272192" percent="93" />
      <mem type="survivor" free="0" total="1310720" percent="0" />
    </mem>
    <mem type="tenure" free="2091880" total="7798784" percent="26">
      <mem type="soa" free="1702760" total="7409664" percent="22" />
      <mem type="loa" free="389120" total="389120" percent="100" />
    </mem>
    <remembered-set count="127" />
  </mem-info>
</gc-end>
<cycle-end id="1512" type="scavenge" contextid="1506" timestamp="2019-07-02T20:42:25.756">
  <attribute name="GC Util" value="9" />
  <attribute name="CPU Util" value="1270633026159" />
  <attribute name="Time Running"value="6855"/>
  <attribute name="Number of cores"value="4"/>
</cycle-end>
<allocation-satisfied id="1513" threadId="00000000022F5700" bytesRequested="128" />
<af-end id="1514" timestamp="2019-07-02T20:42:25.756" threadId="00000000022F6088" success="true" from="nursery"/>
<exclusive-end id="1515" timestamp="2019-07-02T20:42:25.756" durationms="2.217" />

<exclusive-start id="1516" timestamp="2019-07-02T20:42:25.821" intervalms="67.106">
  <response-info timems="0.023" idlems="0.023" threads="0" lastid="00000000022F5700" lastname="main" />
</exclusive-start>
<af-start id="1517" threadId="00000000022F6088" totalBytesRequested="6760" timestamp="2019-07-02T20:42:25.821" intervalms="67.050" type="nursery" />
<cycle-start id="1518" type="scavenge" contextid="0" timestamp="2019-07-02T20:42:25.821" intervalms="66.957" />
  <attribute name="GC Util" value="9" />
  <attribute name="CPU Util" value="1270633026159" />
  <attribute name="Time Running"value="6855"/>
  <attribute name="Number of cores"value="4"/>
<gc-start id="1519" type="scavenge" contextid="1518" timestamp="2019-07-02T20:42:25.821">
  <mem-info id="1520" free="2057560" total="20381696" percent="10">
    <mem type="nursery" free="0" total="12582912" percent="0">
      <mem type="allocate" free="0" total="11272192" percent="0" />
      <mem type="survivor" free="0" total="1310720" percent="0" />
    </mem>
    <mem type="tenure" free="2057560" total="7798784" percent="26">
      <mem type="soa" free="1668440" total="7409664" percent="22" />
      <mem type="loa" free="389120" total="389120" percent="100" />
    </mem>
    <remembered-set count="679" />
  </mem-info>
</gc-start>
<allocation-stats totalBytes="10546480" >
  <allocated-bytes non-tlh="633064" tlh="9913416" />
  <largest-consumer threadName="main" threadId="00000000022F5700" bytes="10546480" />
</allocation-stats>
<gc-op id="1521" type="scavenge" timems="0.895" contextid="1518" timestamp="2019-07-02T20:42:25.822">
  <scavenger-info tenureage="14" tenuremask="4000" tiltratio="89" />
  <memory-copied type="nursery" objects="8315" bytes="647136" bytesdiscarded="143088" />
  <references type="soft" candidates="641" cleared="0" enqueued="0" dynamicThreshold="9" maxThreshold="32" />
  <references type="weak" candidates="135" cleared="19" enqueued="19" />
  <references type="phantom" candidates="1" cleared="0" enqueued="0" />
</gc-op>
<gc-end id="1522" type="scavenge" contextid="1518" durationms="1.160" usertimems="4.000" systemtimems="0.000" timestamp="2019-07-02T20:42:25.822" activeThreads="4">
  <mem-info id="1523" free="12539136" total="20381696" percent="61">
    <mem type="nursery" free="10481576" total="12582912" percent="83">
      <mem type="allocate" free="10481576" total="11272192" percent="92" />
      <mem type="survivor" free="0" total="1310720" percent="0" />
    </mem>
    <mem type="tenure" free="2057560" total="7798784" percent="26">
      <mem type="soa" free="1668440" total="7409664" percent="22" />
      <mem type="loa" free="389120" total="389120" percent="100" />
    </mem>
    <pending-finalizers system="0" default="0" reference="19" classloader="0" />
    <remembered-set count="664" />
  </mem-info>
</gc-end>
<cycle-end id="1524" type="scavenge" contextid="1518" timestamp="2019-07-02T20:42:25.822">
  <attribute name="GC Util" value="2" />
  <attribute name="CPU Util" value="276494137253" />
  <attribute name="Time Running"value="6921"/>
  <attribute name="Number of cores"value="4"/>
</cycle-end>
<allocation-satisfied id="1525" threadId="00000000022F5700" bytesRequested="6760" />
<af-end id="1526" timestamp="2019-07-02T20:42:25.823" threadId="00000000022F6088" success="true" from="nursery"/>
<exclusive-end id="1527" timestamp="2019-07-02T20:42:25.823" durationms="1.966" />

<exclusive-start id="1528" timestamp="2019-07-02T20:42:25.852" intervalms="30.828">
  <response-info timems="0.022" idlems="0.022" threads="0" lastid="00000000022F5700" lastname="main" />
</exclusive-start>
<af-start id="1529" threadId="00000000022F6088" totalBytesRequested="32" timestamp="2019-07-02T20:42:25.852" intervalms="30.822" type="nursery" />
<cycle-start id="1530" type="scavenge" contextid="0" timestamp="2019-07-02T20:42:25.852" intervalms="30.888" />
  <attribute name="GC Util" value="2" />
  <attribute name="CPU Util" value="276494137253" />
  <attribute name="Time Running"value="6921"/>
  <attribute name="Number of cores"value="4"/>
<gc-start id="1531" type="scavenge" contextid="1530" timestamp="2019-07-02T20:42:25.852">
  <mem-info id="1532" free="2037760" total="20381696" percent="9">
    <mem type="nursery" free="0" total="12582912" percent="0">
      <mem type="allocate" free="0" total="11272192" percent="0" />
      <mem type="survivor" free="0" total="1310720" percent="0" />
    </mem>
    <mem type="tenure" free="2037760" total="7798784" percent="26">
      <mem type="soa" free="1648640" total="7409664" percent="22" />
      <mem type="loa" free="389120" total="389120" percent="100" />
    </mem>
    <remembered-set count="835" />
  </mem-info>
</gc-start>
<allocation-stats totalBytes="10498408" >
  <allocated-bytes non-tlh="226288" tlh="10272120" />
  <largest-consumer threadName="main" threadId="00000000022F5700" bytes="10498408" />
</allocation-stats>
<gc-op id="1533" type="scavenge" timems="0.847" contextid="1530" timestamp="2019-07-02T20:42:25.853">
  <scavenger-info tenureage="14" tenuremask="4000" tiltratio="89" />
  <memory-copied type="nursery" objects="11422" bytes="736512" bytesdiscarded="102496" />
  <references type="soft" candidates="785" cleared="0" enqueued="0" dynamicThreshold="9" maxThreshold="32" />
  <references type="weak" candidates="151" cleared="1" enqueued="1" />
  <references type="phantom" candidates="1" cleared="0" enqueued="0" />
</gc-op>
<gc-end id="1534" type="scavenge" contextid="1530" durationms="1.030" usertimems="0.000" systemtimems="0.000" timestamp="2019-07-02T20:42:25.853" activeThreads="4">
  <mem-info id="1535" free="12470448" total="20381696" percent="61">
    <mem type="nursery" free="10432688" total="12582912" percent="82">
      <mem type="allocate" free="10432688" total="11272192" percent="92" />
      <mem type="survivor" free="0" total="1310720" percent="0" />
    </mem>
    <mem type="tenure" free="2037760" total="7798784" percent="26">
      <mem type="soa" free="1648640" total="7409664" percent="22" />
      <mem type="loa" free="389120" total="389120" percent="100" />
    </mem>
    <pending-finalizers system="0" default="0" reference="1" classloader="0" />
    <remembered-set count="823" />
  </mem-info>
</gc-end>
<cycle-end id="1536" type="scavenge" contextid="1530" timestamp="2019-07-02T20:42:25.853">
  <attribute name="GC Util" value="4" />
  <attribute name="CPU Util" value="596118543015" />
  <attribute name="Time Running"value="6952"/>
  <attribute name="Number of cores"value="4"/>
</cycle-end>
<allocation-satisfied id="1537" threadId="00000000022F5700" bytesRequested="32" />
<af-end id="1538" timestamp="2019-07-02T20:42:25.853" threadId="00000000022F6088" success="true" from="nursery"/>
<exclusive-end id="1539" timestamp="2019-07-02T20:42:25.853" durationms="1.705" />

<exclusive-start id="1540" timestamp="2019-07-02T20:42:25.906" intervalms="54.510">
  <response-info timems="0.061" idlems="0.061" threads="0" lastid="00000000022F5700" lastname="main" />
</exclusive-start>
<af-start id="1541" threadId="00000000022F6088" totalBytesRequested="56" timestamp="2019-07-02T20:42:25.906" intervalms="54.609" type="nursery" />
<cycle-start id="1542" type="scavenge" contextid="0" timestamp="2019-07-02T20:42:25.906" intervalms="54.641" />
  <attribute name="GC Util" value="4" />
  <attribute name="CPU Util" value="596118543015" />
  <attribute name="Time Running"value="6952"/>
  <attribute name="Number of cores"value="4"/>
<gc-start id="1543" type="scavenge" contextid="1542" timestamp="2019-07-02T20:42:25.907">
  <mem-info id="1544" free="2022808" total="20381696" percent="9">
    <mem type="nursery" free="0" total="12582912" percent="0">
      <mem type="allocate" free="0" total="11272192" percent="0" />
      <mem type="survivor" free="0" total="1310720" percent="0" />
    </mem>
    <mem type="tenure" free="2022808" total="7798784" percent="25">
      <mem type="soa" free="1633688" total="7409664" percent="22" />
      <mem type="loa" free="389120" total="389120" percent="100" />
    </mem>
    <remembered-set count="921" />
  </mem-info>
</gc-start>
<allocation-stats totalBytes="10444968" >
  <allocated-bytes non-tlh="2914120" tlh="7530848" />
  <largest-consumer threadName="main" threadId="00000000022F5700" bytes="10444968" />
</allocation-stats>
<gc-op id="1545" type="scavenge" timems="1.969" contextid="1542" timestamp="2019-07-02T20:42:25.909">
  <scavenger-info tenureage="8" tenuremask="4900" tiltratio="89" />
  <memory-copied type="nursery" objects="11547" bytes="415992" bytesdiscarded="84184" />
  <memory-copied type="tenure" objects="807" bytes="1960544" bytesdiscarded="8" />
  <copy-failed type="nursery" objects="1" bytes="1932752" />
  <finalization candidates="3" enqueued="2" />
  <references type="soft" candidates="780" cleared="0" enqueued="0" dynamicThreshold="9" maxThreshold="32" />
  <references type="weak" candidates="162" cleared="3" enqueued="3" />
  <references type="phantom" candidates="2" cleared="0" enqueued="0" />
  <heap-resize type="expand" space="tenure" amount="1966080" count="1" timems="0.020" reason="continue current collection" />
</gc-op>
<gc-end id="1546" type="scavenge" contextid="1542" durationms="2.409" usertimems="4.000" systemtimems="0.000" timestamp="2019-07-02T20:42:25.909" activeThreads="4">
  <mem-info id="1547" free="9795712" total="22347776" percent="43">
    <mem type="nursery" free="7757048" total="12582912" percent="61">
      <mem type="allocate" free="7757048" total="8257536" percent="93" />
      <mem type="survivor" free="0" total="4325376" percent="0" />
    </mem>
    <mem type="tenure" free="2038664" total="9764864" percent="20">
      <mem type="soa" free="1551240" total="9277440" percent="16" />
      <mem type="loa" free="487424" total="487424" percent="100" />
    </mem>
    <pending-finalizers system="0" default="2" reference="3" classloader="0" />
    <remembered-set count="371" />
  </mem-info>
</gc-end>
<cycle-end id="1548" type="scavenge" contextid="1542" timestamp="2019-07-02T20:42:25.909">
  <attribute name="GC Util" value="2" />
  <attribute name="CPU Util" value="336378881677" />
  <attribute name="Time Running"value="7007"/>
  <attribute name="Number of cores"value="4"/>
</cycle-end>
<allocation-satisfied id="1549" threadId="00000000022F5700" bytesRequested="56" />
<af-end id="1550" timestamp="2019-07-02T20:42:25.909" threadId="00000000022F6088" success="true" from="nursery"/>
<exclusive-end id="1551" timestamp="2019-07-02T20:42:25.909" durationms="3.345" />

<exclusive-start id="1552" timestamp="2019-07-02T20:42:25.974" intervalms="67.722">
  <response-info timems="0.083" idlems="0.083" threads="0" lastid="00000000022F5700" lastname="main" />
</exclusive-start>
<af-start id="1553" threadId="00000000022F6088" totalBytesRequested="32" timestamp="2019-07-02T20:42:25.974" intervalms="67.725" type="nursery" />
<cycle-start id="1554" type="scavenge" contextid="0" timestamp="2019-07-02T20:42:25.974" intervalms="67.757" />
  <attribute name="GC Util" value="2" />
  <attribute name="CPU Util" value="336378881677" />
  <attribute name="Time Running"value="7007"/>
  <attribute name="Number of cores"value="4"/>
<gc-start id="1555" type="scavenge" contextid="1554" timestamp="2019-07-02T20:42:25.974">
  <mem-info id="1556" free="2038600" total="22347776" percent="9">
    <mem type="nursery" free="0" total="12582912" percent="0">
      <mem type="allocate" free="0" total="8257536" percent="0" />
      <mem type="survivor" free="0" total="4325376" percent="0" />
    </mem>
    <mem type="tenure" free="2038600" total="9764864" percent="20">
      <mem type="soa" free="1551176" total="9277440" percent="16" />
      <mem type="loa" free="487424" total="487424" percent="100" />
    </mem>
    <remembered-set count="373" />
  </mem-info>
</gc-start>
<allocation-stats totalBytes="7744816" >
  <allocated-bytes non-tlh="120" tlh="7744696" />
  <largest-consumer threadName="main" threadId="00000000022F5700" bytes="7740720" />
</allocation-stats>
<gc-op id="1557" type="scavenge" timems="1.527" contextid="1554" timestamp="2019-07-02T20:42:25.976">
  <scavenger-info tenureage="3" tenuremask="4008" tiltratio="65" />
  <memory-copied type="nursery" objects="19334" bytes="530256" bytesdiscarded="90120" />
  <memory-copied type="tenure" objects="5837" bytes="225496" bytesdiscarded="272" />
  <finalization candidates="1" enqueued="0" />
  <references type="soft" candidates="146" cleared="0" enqueued="0" dynamicThreshold="9" maxThreshold="32" />
  <references type="weak" candidates="81" cleared="0" enqueued="0" />
  <references type="phantom" candidates="2" cleared="0" enqueued="0" />
</gc-op>
<gc-end id="1558" type="scavenge" contextid="1554" durationms="1.896" usertimems="4.000" systemtimems="0.000" timestamp="2019-07-02T20:42:25.976" activeThreads="4">
  <mem-info id="1559" free="9802608" total="22347776" percent="43">
    <mem type="nursery" free="8030208" total="12582912" percent="63">
      <mem type="allocate" free="8030208" total="8650752" percent="92" />
      <mem type="survivor" free="0" total="3932160" percent="0" />
    </mem>
    <mem type="tenure" free="1772400" total="9764864" percent="18">
      <mem type="soa" free="1284976" total="9277440" percent="13" />
      <mem type="loa" free="487424" total="487424" percent="100" />
    </mem>
    <remembered-set count="239" />
  </mem-info>
</gc-end>
<cycle-end id="1560" type="scavenge" contextid="1554" timestamp="2019-07-02T20:42:25.976">
  <attribute name="GC Util" value="6" />
  <attribute name="CPU Util" value="272344335112" />
  <attribute name="Time Running"value="7075"/>
  <attribute name="Number of cores"value="4"/>
</cycle-end>
<allocation-satisfied id="1561" threadId="00000000022F5700" bytesRequested="32" />
<af-end id="1562" timestamp="2019-07-02T20:42:25.977" threadId="00000000022F6088" success="true" from="nursery"/>
<exclusive-end id="1563" timestamp="2019-07-02T20:42:25.977" durationms="2.879" />

<exclusive-start id="1564" timestamp="2019-07-02T20:42:26.018" intervalms="44.379">
  <response-info timems="0.111" idlems="0.111" threads="0" lastid="00000000022F5700" lastname="main" />
</exclusive-start>
<af-start id="1565" threadId="00000000022F6088" totalBytesRequested="80" timestamp="2019-07-02T20:42:26.018" intervalms="44.373" type="nursery" />
<cycle-start id="1566" type="scavenge" contextid="0" timestamp="2019-07-02T20:42:26.019" intervalms="44.339" />
  <attribute name="GC Util" value="6" />
  <attribute name="CPU Util" value="272344335112" />
  <attribute name="Time Running"value="7075"/>
  <attribute name="Number of cores"value="4"/>
<gc-start id="1567" type="scavenge" contextid="1566" timestamp="2019-07-02T20:42:26.019">
  <mem-info id="1568" free="1772400" total="22347776" percent="7">
    <mem type="nursery" free="0" total="12582912" percent="0">
      <mem type="allocate" free="0" total="8650752" percent="0" />
      <mem type="survivor" free="0" total="3932160" percent="0" />
    </mem>
    <mem type="tenure" free="1772400" total="9764864" percent="18">
      <mem type="soa" free="1284976" total="9277440" percent="13" />
      <mem type="loa" free="487424" total="487424" percent="100" />
    </mem>
    <remembered-set count="239" />
  </mem-info>
</gc-start>
<allocation-stats totalBytes="8019136" >
  <allocated-bytes non-tlh="32" tlh="8019104" />
  <largest-consumer threadName="main" threadId="00000000022F5700" bytes="8019136" />
</allocation-stats>
<gc-op id="1569" type="scavenge" timems="1.475" contextid="1566" timestamp="2019-07-02T20:42:26.021">
  <scavenger-info tenureage="14" tenuremask="4000" tiltratio="68" />
  <memory-copied type="nursery" objects="34280" bytes="910552" bytesdiscarded="107912" />
  <finalization candidates="1" enqueued="0" />
  <references type="soft" candidates="146" cleared="0" enqueued="0" dynamicThreshold="9" maxThreshold="32" />
  <references type="weak" candidates="81" cleared="0" enqueued="0" />
  <references type="phantom" candidates="2" cleared="0" enqueued="0" />
</gc-op>
<gc-end id="1570" type="scavenge" contextid="1566" durationms="1.893" usertimems="4.000" systemtimems="0.000" timestamp="2019-07-02T20:42:26.021" activeThreads="4">
  <mem-info id="1571" free="9863272" total="22347776" percent="44">
    <mem type="nursery" free="8090872" total="12582912" percent="64">
      <mem type="allocate" free="8090872" total="9109504" percent="88" />
      <mem type="survivor" free="0" total="3473408" percent="0" />
    </mem>
    <mem type="tenure" free="1772400" total="9764864" percent="18">
      <mem type="soa" free="1284976" total="9277440" percent="13" />
      <mem type="loa" free="487424" total="487424" percent="100" />
    </mem>
    <remembered-set count="165" />
  </mem-info>
</gc-end>
<cycle-end id="1572" type="scavenge" contextid="1566" timestamp="2019-07-02T20:42:26.021">
  <attribute name="GC Util" value="8" />
  <attribute name="CPU Util" value="415466534739" />
  <attribute name="Time Running"value="7119"/>
  <attribute name="Number of cores"value="4"/>
</cycle-end>
<allocation-satisfied id="1573" threadId="00000000022F5700" bytesRequested="80" />
<af-end id="1574" timestamp="2019-07-02T20:42:26.021" threadId="00000000022F6088" success="true" from="nursery"/>
<exclusive-end id="1575" timestamp="2019-07-02T20:42:26.021" durationms="2.773" />

<exclusive-start id="1576" timestamp="2019-07-02T20:42:26.054" intervalms="35.422">
  <response-info timems="0.071" idlems="0.071" threads="0" lastid="00000000022F5700" lastname="main" />
</exclusive-start>
<af-start id="1577" threadId="00000000022F6088" totalBytesRequested="736" timestamp="2019-07-02T20:42:26.054" intervalms="35.325" type="nursery" />
<cycle-start id="1578" type="scavenge" contextid="0" timestamp="2019-07-02T20:42:26.054" intervalms="35.237" />
  <attribute name="GC Util" value="8" />
  <attribute name="CPU Util" value="415466534739" />
  <attribute name="Time Running"value="7119"/>
  <attribute name="Number of cores"value="4"/>
<gc-start id="1579" type="scavenge" contextid="1578" timestamp="2019-07-02T20:42:26.054">
  <mem-info id="1580" free="1772400" total="22347776" percent="7">
    <mem type="nursery" free="0" total="12582912" percent="0">
      <mem type="allocate" free="0" total="9109504" percent="0" />
      <mem type="survivor" free="0" total="3473408" percent="0" />
    </mem>
    <mem type="tenure" free="1772400" total="9764864" percent="18">
      <mem type="soa" free="1284976" total="9277440" percent="13" />
      <mem type="loa" free="487424" total="487424" percent="100" />
    </mem>
    <remembered-set count="165" />
  </mem-info>
</gc-start>
<allocation-stats totalBytes="8080040" >
  <allocated-bytes non-tlh="80" tlh="8079960" />
  <largest-consumer threadName="main" threadId="00000000022F5700" bytes="8080040" />
</allocation-stats>
<gc-op id="1581" type="scavenge" timems="1.478" contextid="1578" timestamp="2019-07-02T20:42:26.056">
  <scavenger-info tenureage="14" tenuremask="4000" tiltratio="72" />
  <memory-copied type="nursery" objects="50292" bytes="1314024" bytesdiscarded="194424" />
  <finalization candidates="1" enqueued="0" />
  <references type="soft" candidates="146" cleared="0" enqueued="0" dynamicThreshold="9" maxThreshold="32" />
  <references type="weak" candidates="81" cleared="0" enqueued="0" />
  <references type="phantom" candidates="2" cleared="0" enqueued="0" />
</gc-op>
<gc-end id="1582" type="scavenge" contextid="1578" durationms="1.764" usertimems="4.000" systemtimems="0.000" timestamp="2019-07-02T20:42:26.056" activeThreads="4">
  <mem-info id="1583" free="9700968" total="22347776" percent="43">
    <mem type="nursery" free="7928568" total="12582912" percent="63">
      <mem type="allocate" free="7928568" total="9437184" percent="84" />
      <mem type="survivor" free="0" total="3145728" percent="0" />
    </mem>
    <mem type="tenure" free="1772400" total="9764864" percent="18">
      <mem type="soa" free="1284976" total="9277440" percent="13" />
      <mem type="loa" free="487424" total="487424" percent="100" />
    </mem>
    <remembered-set count="164" />
  </mem-info>
</gc-end>
<cycle-end id="1584" type="scavenge" contextid="1578" timestamp="2019-07-02T20:42:26.056">
  <attribute name="GC Util" value="11" />
  <attribute name="CPU Util" value="527091364902" />
  <attribute name="Time Running"value="7154"/>
  <attribute name="Number of cores"value="4"/>
</cycle-end>
<allocation-satisfied id="1585" threadId="00000000022F5700" bytesRequested="736" />
<af-end id="1586" timestamp="2019-07-02T20:42:26.056" threadId="00000000022F6088" success="true" from="nursery"/>
<exclusive-end id="1587" timestamp="2019-07-02T20:42:26.056" durationms="2.400" />

<exclusive-start id="1588" timestamp="2019-07-02T20:42:26.086" intervalms="32.857">
  <response-info timems="0.079" idlems="0.079" threads="0" lastid="00000000022F5700" lastname="main" />
</exclusive-start>
<af-start id="1589" threadId="00000000022F6088" totalBytesRequested="760" timestamp="2019-07-02T20:42:26.087" intervalms="32.952" type="nursery" />
<cycle-start id="1590" type="scavenge" contextid="0" timestamp="2019-07-02T20:42:26.087" intervalms="33.043" />
  <attribute name="GC Util" value="11" />
  <attribute name="CPU Util" value="527091364902" />
  <attribute name="Time Running"value="7154"/>
  <attribute name="Number of cores"value="4"/>
<gc-start id="1591" type="scavenge" contextid="1590" timestamp="2019-07-02T20:42:26.087">
  <mem-info id="1592" free="1772400" total="22347776" percent="7">
    <mem type="nursery" free="0" total="12582912" percent="0">
      <mem type="allocate" free="0" total="9437184" percent="0" />
      <mem type="survivor" free="0" total="3145728" percent="0" />
    </mem>
    <mem type="tenure" free="1772400" total="9764864" percent="18">
      <mem type="soa" free="1284976" total="9277440" percent="13" />
      <mem type="loa" free="487424" total="487424" percent="100" />
    </mem>
    <remembered-set count="164" />
  </mem-info>
</gc-start>
<allocation-stats totalBytes="7917384" >
  <allocated-bytes non-tlh="736" tlh="7916648" />
  <largest-consumer threadName="main" threadId="00000000022F5700" bytes="7917384" />
</allocation-stats>
<gc-op id="1593" type="scavenge" timems="1.777" contextid="1590" timestamp="2019-07-02T20:42:26.089">
  <scavenger-info tenureage="3" tenuremask="4038" tiltratio="75" />
  <memory-copied type="nursery" objects="47894" bytes="1203288" bytesdiscarded="126864" />
  <memory-copied type="tenure" objects="18818" bytes="507480" bytesdiscarded="368" />
  <finalization candidates="1" enqueued="0" />
  <references type="soft" candidates="1" cleared="0" enqueued="0" dynamicThreshold="9" maxThreshold="32" />
  <references type="weak" candidates="8" cleared="0" enqueued="0" />
</gc-op>
<heap-resize id="1594" type="expand" space="nursery" amount="524288" count="1" timems="0.016" reason="excessive time being spent scavenging" timestamp="2019-07-02T20:42:26.089" />
<gc-end id="1595" type="scavenge" contextid="1590" durationms="2.386" usertimems="4.000" systemtimems="0.000" timestamp="2019-07-02T20:42:26.089" activeThreads="4">
  <mem-info id="1596" free="10027160" total="22872064" percent="43">
    <mem type="nursery" free="8827904" total="13107200" percent="67">
      <mem type="allocate" free="8827904" total="10158080" percent="86" />
      <mem type="survivor" free="0" total="2949120" percent="0" />
    </mem>
    <mem type="tenure" free="1199256" total="9764864" percent="12">
      <mem type="soa" free="711832" total="9277440" percent="7" />
      <mem type="loa" free="487424" total="487424" percent="100" />
    </mem>
    <remembered-set count="253" />
  </mem-info>
</gc-end>
<cycle-end id="1597" type="scavenge" contextid="1590" timestamp="2019-07-02T20:42:26.090">
  <attribute name="GC Util" value="11" />
  <attribute name="CPU Util" value="554291016383" />
  <attribute name="Time Running"value="7188"/>
  <attribute name="Number of cores"value="4"/>
</cycle-end>
<allocation-satisfied id="1598" threadId="00000000022F5700" bytesRequested="760" />
<af-end id="1599" timestamp="2019-07-02T20:42:26.090" threadId="00000000022F6088" success="true" from="nursery"/>
<exclusive-end id="1600" timestamp="2019-07-02T20:42:26.090" durationms="3.377" />

<exclusive-start id="1601" timestamp="2019-07-02T20:42:26.121" intervalms="34.017">
  <response-info timems="0.082" idlems="0.082" threads="0" lastid="00000000022F5700" lastname="main" />
</exclusive-start>
<af-start id="1602" threadId="00000000022F6088" totalBytesRequested="80" timestamp="2019-07-02T20:42:26.121" intervalms="33.989" type="nursery" />
<cycle-start id="1603" type="scavenge" contextid="0" timestamp="2019-07-02T20:42:26.121" intervalms="33.944" />
  <attribute name="GC Util" value="11" />
  <attribute name="CPU Util" value="554291016383" />
  <attribute name="Time Running"value="7188"/>
  <attribute name="Number of cores"value="4"/>
<gc-start id="1604" type="scavenge" contextid="1603" timestamp="2019-07-02T20:42:26.121">
  <mem-info id="1605" free="1199256" total="22872064" percent="5">
    <mem type="nursery" free="0" total="13107200" percent="0">
      <mem type="allocate" free="0" total="10158080" percent="0" />
      <mem type="survivor" free="0" total="2949120" percent="0" />
    </mem>
    <mem type="tenure" free="1199256" total="9764864" percent="12">
      <mem type="soa" free="711832" total="9277440" percent="7" />
      <mem type="loa" free="487424" total="487424" percent="100" />
    </mem>
    <remembered-set count="351" />
  </mem-info>
</gc-start>
<allocation-stats totalBytes="8818232" >
  <allocated-bytes non-tlh="760" tlh="8817472" />
  <largest-consumer threadName="main" threadId="00000000022F5700" bytes="8818232" />
</allocation-stats>
<gc-op id="1606" type="scavenge" timems="1.906" contextid="1603" timestamp="2019-07-02T20:42:26.123">
  <scavenger-info tenureage="2" tenuremask="420c" tiltratio="77" />
  <memory-copied type="nursery" objects="34223" bytes="895720" bytesdiscarded="112416" />
  <memory-copied type="tenure" objects="31116" bytes="765112" bytesdiscarded="392" />
  <heap-resize type="expand" space="tenure" amount="65536" count="1" timems="0.017" reason="continue current collection" />
</gc-op>
<gc-end id="1607" type="scavenge" contextid="1603" durationms="2.321" usertimems="8.000" systemtimems="0.000" timestamp="2019-07-02T20:42:26.123" activeThreads="4">
  <mem-info id="1608" free="10100216" total="22937600" percent="44">
    <mem type="nursery" free="9608696" total="13107200" percent="73">
      <mem type="allocate" free="9608696" total="10616832" percent="90" />
      <mem type="survivor" free="0" total="2490368" percent="0" />
    </mem>
    <mem type="tenure" free="491520" total="9830400" percent="5">
      <mem type="soa" free="0" total="9338880" percent="0" />
      <mem type="loa" free="491520" total="491520" percent="100" />
    </mem>
    <remembered-set count="398" />
  </mem-info>
</gc-end>
<cycle-end id="1609" type="scavenge" contextid="1603" timestamp="2019-07-02T20:42:26.123">
  <attribute name="GC Util" value="15" />
  <attribute name="CPU Util" value="544922622623" />
  <attribute name="Time Running"value="7221"/>
  <attribute name="Number of cores"value="4"/>
</cycle-end>
<allocation-satisfied id="1610" threadId="00000000022F5700" bytesRequested="80" />
<af-end id="1611" timestamp="2019-07-02T20:42:26.124" threadId="00000000022F6088" success="true" from="nursery"/>
<exclusive-end id="1612" timestamp="2019-07-02T20:42:26.124" durationms="3.184" />

<concurrent-kickoff id="1613" timestamp="2019-07-02T20:42:26.147">
  <kickoff reason="threshold reached" targetBytes="3197181" thresholdFreeBytes="445802"  remainingFree="335272" tenureFreeBytes="491520" nurseryFreeBytes="335272" />
</concurrent-kickoff>
<exclusive-start id="1614" timestamp="2019-07-02T20:42:26.148" intervalms="27.007">
  <response-info timems="0.068" idlems="0.068" threads="0" lastid="00000000022F5700" lastname="main" />
</exclusive-start>
<cycle-start id="1615" type="global" contextid="0" timestamp="2019-07-02T20:42:26.148" intervalms="717.802" />
  <attribute name="GC Util" value="15" />
  <attribute name="CPU Util" value="544922622623" />
  <attribute name="Time Running"value="7221"/>
  <attribute name="Number of cores"value="4"/>
<exclusive-end id="1616" timestamp="2019-07-02T20:42:26.148" durationms="0.294" />

<exclusive-start id="1617" timestamp="2019-07-02T20:42:26.151" intervalms="3.752">
  <response-info timems="0.055" idlems="0.055" threads="0" lastid="00000000022F5700" lastname="main" />
</exclusive-start>
<af-start id="1618" threadId="00000000022F6088" totalBytesRequested="16" timestamp="2019-07-02T20:42:26.151" intervalms="30.775" type="nursery" />
<cycle-start id="1619" type="scavenge" contextid="0" timestamp="2019-07-02T20:42:26.152" intervalms="30.823" />
  <attribute name="GC Util" value="15" />
  <attribute name="CPU Util" value="544922622623" />
  <attribute name="Time Running"value="7221"/>
  <attribute name="Number of cores"value="4"/>
<gc-start id="1620" type="scavenge" contextid="1619" timestamp="2019-07-02T20:42:26.152">
  <mem-info id="1621" free="491520" total="22937600" percent="2">
    <mem type="nursery" free="0" total="13107200" percent="0">
      <mem type="allocate" free="0" total="10616832" percent="0" />
      <mem type="survivor" free="0" total="2490368" percent="0" />
    </mem>
    <mem type="tenure" free="491520" total="9830400" percent="5">
      <mem type="soa" free="0" total="9338880" percent="0" />
      <mem type="loa" free="491520" total="491520" percent="100" />
    </mem>
    <remembered-set count="502" />
  </mem-info>
</gc-start>
<allocation-stats totalBytes="9597472" >
  <allocated-bytes non-tlh="80" tlh="9597392" />
  <largest-consumer threadName="main" threadId="00000000022F5700" bytes="9597472" />
</allocation-stats>
<gc-op id="1622" type="scavenge" timems="1.715" contextid="1619" timestamp="2019-07-02T20:42:26.154">
  <scavenger-info tenureage="2" tenuremask="4004" tiltratio="81" />
  <memory-copied type="nursery" objects="36318" bytes="950488" bytesdiscarded="99888" />
  <memory-copied type="tenure" objects="16358" bytes="394384" bytesdiscarded="40" />
  <heap-resize type="expand" space="tenure" amount="458752" count="7" timems="0.072" reason="continue current collection" />
</gc-op>
<heap-resize id="1623" type="expand" space="nursery" amount="524288" count="1" timems="0.011" reason="excessive time being spent scavenging" timestamp="2019-07-02T20:42:26.154" />
<gc-end id="1624" type="scavenge" contextid="1619" durationms="2.162" usertimems="8.000" systemtimems="0.000" timestamp="2019-07-02T20:42:26.154" activeThreads="4">
  <mem-info id="1625" free="10735864" total="23920640" percent="44">
    <mem type="nursery" free="10221816" total="13631488" percent="74">
      <mem type="allocate" free="10221816" total="11272192" percent="90" />
      <mem type="survivor" free="0" total="2359296" percent="0" />
    </mem>
    <mem type="tenure" free="514048" total="10289152" percent="4">
      <mem type="soa" free="0" total="9775104" percent="0" />
      <mem type="loa" free="514048" total="514048" percent="100" />
    </mem>
    <remembered-set count="475" />
  </mem-info>
</gc-end>
<cycle-end id="1626" type="scavenge" contextid="1619" timestamp="2019-07-02T20:42:26.154">
  <attribute name="GC Util" value="17" />
  <attribute name="CPU Util" value="600148148959" />
  <attribute name="Time Running"value="7252"/>
  <attribute name="Number of cores"value="4"/>
</cycle-end>
<allocation-satisfied id="1627" threadId="00000000022F5700" bytesRequested="16" />
<af-end id="1628" timestamp="2019-07-02T20:42:26.154" threadId="00000000022F6088" success="true" from="nursery"/>
<exclusive-end id="1629" timestamp="2019-07-02T20:42:26.154" durationms="3.111" />

<exclusive-start id="1630" timestamp="2019-07-02T20:42:26.157" intervalms="5.332">
  <response-info timems="0.070" idlems="0.070" threads="0" lastid="00000000022F5700" lastname="main" />
</exclusive-start>
<concurrent-collection-start id="1631" timestamp="2019-07-02T20:42:26.157" intervalms="708.946" >
  <concurrent-trace-info reason="card cleaning threshold reached" tracedByMutators="762896" tracedByHelpers="2335704" cardsCleaned="13" workStackOverflowCount="0" />
</concurrent-collection-start>
<gc-start id="1632" type="global" contextid="1615" timestamp="2019-07-02T20:42:26.157">
  <mem-info id="1633" free="10449128" total="23920640" percent="43">
    <mem type="nursery" free="9935080" total="13631488" percent="72">
      <mem type="allocate" free="9935080" total="11272192" percent="88" />
      <mem type="survivor" free="0" total="2359296" percent="0" />
    </mem>
    <mem type="tenure" free="514048" total="10289152" percent="4">
      <mem type="soa" free="0" total="9775104" percent="0" />
      <mem type="loa" free="514048" total="514048" percent="100" />
    </mem>
    <remembered-set count="480" />
  </mem-info>
</gc-start>
<allocation-stats totalBytes="286696" >
  <allocated-bytes non-tlh="16" tlh="286680" />
  <largest-consumer threadName="main" threadId="00000000022F5700" bytes="286696" />
</allocation-stats>
<gc-op id="1634" type="rs-scan" timems="0.200" contextid="1615" timestamp="2019-07-02T20:42:26.157">
  <scan objectsFound="67" bytesTraced="4668" workStackOverflowCount="0" />
</gc-op>
<gc-op id="1635" type="card-cleaning" timems="1.183" contextid="1615" timestamp="2019-07-02T20:42:26.158">
  <card-cleaning cardsCleaned="5" bytesTraced="2091952" workStackOverflowCount="0" />
</gc-op>
<gc-op id="1636" type="mark" timems="2.034" contextid="1615" timestamp="2019-07-02T20:42:26.161">
  <trace-info objectcount="2180" scancount="1952" scanbytes="54448" />
  <finalization candidates="81" enqueued="0" />
  <ownableSynchronizers candidates="21" cleared="0" />
  <references type="soft" candidates="2716" cleared="0" enqueued="0" dynamicThreshold="9" maxThreshold="32" />
  <references type="weak" candidates="5377" cleared="1" enqueued="1" />
  <references type="phantom" candidates="74" cleared="0" enqueued="0" />
  <stringconstants candidates="13307" cleared="16"  />
</gc-op>
<gc-op id="1637" type="classunload" timems="0.344" contextid="1615" timestamp="2019-07-02T20:42:26.161">
  <classunload-info classloadercandidates="57" classloadersunloaded="2" classesunloaded="2" anonymousclassesunloaded="0" quiescems="0.000" setupms="0.332" scanms="0.009" postms="0.003" />
</gc-op>
<gc-op id="1638" type="sweep" timems="0.403" contextid="1615" timestamp="2019-07-02T20:42:26.162" />
<heap-resize id="1639" type="expand" space="tenure" amount="3080192" count="1" timems="0.014" reason="insufficient free space following gc" timestamp="2019-07-02T20:42:26.162" />
<gc-end id="1640" type="global" contextid="1615" durationms="5.078" usertimems="4.000" systemtimems="0.000" timestamp="2019-07-02T20:42:26.162" activeThreads="4">
  <mem-info id="1641" free="14343528" total="27000832" percent="53">
    <mem type="nursery" free="10302280" total="13631488" percent="75">
      <mem type="allocate" free="10302280" total="11272192" percent="91" />
      <mem type="survivor" free="0" total="2359296" percent="0" />
    </mem>
    <mem type="tenure" free="4041248" total="13369344" percent="30" micro-fragmented="50450" macro-fragmented="0">
      <mem type="soa" free="3373600" total="12701696" percent="26" />
      <mem type="loa" free="667648" total="667648" percent="100" />
    </mem>
    <pending-finalizers system="0" default="0" reference="1" classloader="0" />
    <remembered-set count="386" />
  </mem-info>
</gc-end>
<cycle-end id="1642" type="global" contextid="1615" timestamp="2019-07-02T20:42:26.162">
  <attribute name="GC Util" value="82" />
  <attribute name="CPU Util" value="6936629025385" />
  <attribute name="Time Running"value="7261"/>
  <attribute name="Number of cores"value="4"/>
</cycle-end>
<concurrent-collection-end id="1643" timestamp="2019-07-02T20:42:26.162" />
<exclusive-end id="1644" timestamp="2019-07-02T20:42:26.162" durationms="5.676" />

<exclusive-start id="1645" timestamp="2019-07-02T20:42:26.188" intervalms="31.886">
  <response-info timems="0.075" idlems="0.075" threads="0" lastid="00000000022F5700" lastname="main" />
</exclusive-start>
<af-start id="1646" threadId="00000000022F6088" totalBytesRequested="56" timestamp="2019-07-02T20:42:26.189" intervalms="37.229" type="nursery" />
<cycle-start id="1647" type="scavenge" contextid="0" timestamp="2019-07-02T20:42:26.189" intervalms="37.214" />
  <attribute name="GC Util" value="82" />
  <attribute name="CPU Util" value="6936629025385" />
  <attribute name="Time Running"value="7261"/>
  <attribute name="Number of cores"value="4"/>
<gc-start id="1648" type="scavenge" contextid="1647" timestamp="2019-07-02T20:42:26.189">
  <mem-info id="1649" free="4041248" total="27000832" percent="14">
    <mem type="nursery" free="0" total="13631488" percent="0">
      <mem type="allocate" free="0" total="11272192" percent="0" />
      <mem type="survivor" free="0" total="2359296" percent="0" />
    </mem>
    <mem type="tenure" free="4041248" total="13369344" percent="30">
      <mem type="soa" free="3373600" total="12701696" percent="26" />
      <mem type="loa" free="667648" total="667648" percent="100" />
    </mem>
    <remembered-set count="526" />
  </mem-info>
</gc-start>
<allocation-stats totalBytes="10283992" >
  <allocated-bytes non-tlh="0" tlh="10283992" />
  <largest-consumer threadName="main" threadId="00000000022F5700" bytes="10282960" />
</allocation-stats>
<gc-op id="1650" type="scavenge" timems="1.778" contextid="1647" timestamp="2019-07-02T20:42:26.191">
  <scavenger-info tenureage="2" tenuremask="4004" tiltratio="82" />
  <memory-copied type="nursery" objects="39060" bytes="954456" bytesdiscarded="76968" />
  <memory-copied type="tenure" objects="17785" bytes="498424" bytesdiscarded="248" />
  <ownableSynchronizers candidates="42" cleared="42" />
</gc-op>
<gc-end id="1651" type="scavenge" contextid="1647" durationms="2.077" usertimems="8.000" systemtimems="0.000" timestamp="2019-07-02T20:42:26.191" activeThreads="4">
  <mem-info id="1652" free="14011056" total="27000832" percent="51">
    <mem type="nursery" free="10633984" total="13631488" percent="78">
      <mem type="allocate" free="10633984" total="11665408" percent="91" />
      <mem type="survivor" free="0" total="1966080" percent="0" />
    </mem>
    <mem type="tenure" free="3377072" total="13369344" percent="25">
      <mem type="soa" free="2709424" total="12701696" percent="21" />
      <mem type="loa" free="667648" total="667648" percent="100" />
    </mem>
    <remembered-set count="571" />
  </mem-info>
</gc-end>
<cycle-end id="1653" type="scavenge" contextid="1647" timestamp="2019-07-02T20:42:26.191">
  <attribute name="GC Util" value="10" />
  <attribute name="CPU Util" value="660978526589" />
  <attribute name="Time Running"value="7289"/>
  <attribute name="Number of cores"value="4"/>
</cycle-end>
<allocation-satisfied id="1654" threadId="00000000022F5700" bytesRequested="56" />
<af-end id="1655" timestamp="2019-07-02T20:42:26.191" threadId="00000000022F6088" success="true" from="nursery"/>
<exclusive-end id="1656" timestamp="2019-07-02T20:42:26.192" durationms="3.132" />

<exclusive-start id="1657" timestamp="2019-07-02T20:42:26.219" intervalms="30.219">
  <response-info timems="0.081" idlems="0.081" threads="0" lastid="00000000022F5700" lastname="main" />
</exclusive-start>
<af-start id="1658" threadId="00000000022F6088" totalBytesRequested="752" timestamp="2019-07-02T20:42:26.219" intervalms="30.200" type="nursery" />
<cycle-start id="1659" type="scavenge" contextid="0" timestamp="2019-07-02T20:42:26.219" intervalms="30.191" />
  <attribute name="GC Util" value="10" />
  <attribute name="CPU Util" value="660978526589" />
  <attribute name="Time Running"value="7289"/>
  <attribute name="Number of cores"value="4"/>
<gc-start id="1660" type="scavenge" contextid="1659" timestamp="2019-07-02T20:42:26.219">
  <mem-info id="1661" free="3377072" total="27000832" percent="12">
    <mem type="nursery" free="0" total="13631488" percent="0">
      <mem type="allocate" free="0" total="11665408" percent="0" />
      <mem type="survivor" free="0" total="1966080" percent="0" />
    </mem>
    <mem type="tenure" free="3377072" total="13369344" percent="25">
      <mem type="soa" free="2709424" total="12701696" percent="21" />
      <mem type="loa" free="667648" total="667648" percent="100" />
    </mem>
    <remembered-set count="802" />
  </mem-info>
</gc-start>
<allocation-stats totalBytes="10624024" >
  <allocated-bytes non-tlh="56" tlh="10623968" />
  <largest-consumer threadName="main" threadId="00000000022F5700" bytes="10624024" />
</allocation-stats>
<gc-op id="1662" type="scavenge" timems="1.678" contextid="1659" timestamp="2019-07-02T20:42:26.221">
  <scavenger-info tenureage="2" tenuremask="4004" tiltratio="85" />
  <memory-copied type="nursery" objects="41584" bytes="1040264" bytesdiscarded="114040" />
  <memory-copied type="tenure" objects="18487" bytes="450856" bytesdiscarded="16" />
</gc-op>
<heap-resize id="1663" type="expand" space="nursery" amount="524288" count="1" timems="0.013" reason="excessive time being spent scavenging" timestamp="2019-07-02T20:42:26.221" />
<gc-end id="1664" type="scavenge" contextid="1659" durationms="2.229" usertimems="4.000" systemtimems="0.000" timestamp="2019-07-02T20:42:26.221" activeThreads="4">
  <mem-info id="1665" free="13948592" total="27525120" percent="50">
    <mem type="nursery" free="11035392" total="14155776" percent="77">
      <mem type="allocate" free="11035392" total="12189696" percent="90" />
      <mem type="survivor" free="0" total="1966080" percent="0" />
    </mem>
    <mem type="tenure" free="2913200" total="13369344" percent="21">
      <mem type="soa" free="2245552" total="12701696" percent="17" />
      <mem type="loa" free="667648" total="667648" percent="100" />
    </mem>
    <remembered-set count="698" />
  </mem-info>
</gc-end>
<cycle-end id="1666" type="scavenge" contextid="1659" timestamp="2019-07-02T20:42:26.222">
  <attribute name="GC Util" value="15" />
  <attribute name="CPU Util" value="606549172990" />
  <attribute name="Time Running"value="7320"/>
  <attribute name="Number of cores"value="4"/>
</cycle-end>
<allocation-satisfied id="1667" threadId="00000000022F5700" bytesRequested="752" />
<af-end id="1668" timestamp="2019-07-02T20:42:26.222" threadId="00000000022F6088" success="true" from="nursery"/>
<exclusive-end id="1669" timestamp="2019-07-02T20:42:26.222" durationms="3.022" />

<exclusive-start id="1670" timestamp="2019-07-02T20:42:26.250" intervalms="31.172">
  <response-info timems="0.073" idlems="0.073" threads="0" lastid="00000000022F5700" lastname="main" />
</exclusive-start>
<af-start id="1671" threadId="00000000022F6088" totalBytesRequested="56" timestamp="2019-07-02T20:42:26.250" intervalms="31.156" type="nursery" />
<cycle-start id="1672" type="scavenge" contextid="0" timestamp="2019-07-02T20:42:26.250" intervalms="31.151" />
  <attribute name="GC Util" value="15" />
  <attribute name="CPU Util" value="606549172990" />
  <attribute name="Time Running"value="7320"/>
  <attribute name="Number of cores"value="4"/>
<gc-start id="1673" type="scavenge" contextid="1672" timestamp="2019-07-02T20:42:26.250">
  <mem-info id="1674" free="2913200" total="27525120" percent="10">
    <mem type="nursery" free="0" total="14155776" percent="0">
      <mem type="allocate" free="0" total="12189696" percent="0" />
      <mem type="survivor" free="0" total="1966080" percent="0" />
    </mem>
    <mem type="tenure" free="2913200" total="13369344" percent="21">
      <mem type="soa" free="2245552" total="12701696" percent="17" />
      <mem type="loa" free="667648" total="667648" percent="100" />
    </mem>
    <remembered-set count="1162" />
  </mem-info>
</gc-start>
<allocation-stats totalBytes="11023224" >
  <allocated-bytes non-tlh="131840" tlh="10891384" />
  <largest-consumer threadName="main" threadId="00000000022F5700" bytes="11023224" />
</allocation-stats>
<gc-op id="1675" type="scavenge" timems="1.741" contextid="1672" timestamp="2019-07-02T20:42:26.252">
  <scavenger-info tenureage="2" tenuremask="4004" tiltratio="86" />
  <memory-copied type="nursery" objects="44465" bytes="1236056" bytesdiscarded="27064" />
  <memory-copied type="tenure" objects="20460" bytes="499864" bytesdiscarded="40" />
</gc-op>
<gc-end id="1676" type="scavenge" contextid="1672" durationms="2.218" usertimems="4.000" systemtimems="0.000" timestamp="2019-07-02T20:42:26.253" activeThreads="4">
  <mem-info id="1677" free="13664416" total="27525120" percent="49">
    <mem type="nursery" free="11254256" total="14155776" percent="79">
      <mem type="allocate" free="11254256" total="12517376" percent="89" />
      <mem type="survivor" free="0" total="1638400" percent="0" />
    </mem>
    <mem type="tenure" free="2410160" total="13369344" percent="18">
      <mem type="soa" free="1742512" total="12701696" percent="13" />
      <mem type="loa" free="667648" total="667648" percent="100" />
    </mem>
    <remembered-set count="953" />
  </mem-info>
</gc-end>
<cycle-end id="1678" type="scavenge" contextid="1672" timestamp="2019-07-02T20:42:26.253">
  <attribute name="GC Util" value="15" />
  <attribute name="CPU Util" value="591374135360" />
  <attribute name="Time Running"value="7351"/>
  <attribute name="Number of cores"value="4"/>
</cycle-end>
<allocation-satisfied id="1679" threadId="00000000022F5700" bytesRequested="56" />
<af-end id="1680" timestamp="2019-07-02T20:42:26.253" threadId="00000000022F6088" success="true" from="nursery"/>
<exclusive-end id="1681" timestamp="2019-07-02T20:42:26.253" durationms="3.086" />

<exclusive-start id="1682" timestamp="2019-07-02T20:42:26.279" intervalms="29.377">
  <response-info timems="0.080" idlems="0.080" threads="0" lastid="00000000022F5700" lastname="main" />
</exclusive-start>
<af-start id="1683" threadId="00000000022F6088" totalBytesRequested="40" timestamp="2019-07-02T20:42:26.279" intervalms="29.349" type="nursery" />
<cycle-start id="1684" type="scavenge" contextid="0" timestamp="2019-07-02T20:42:26.280" intervalms="29.369" />
  <attribute name="GC Util" value="15" />
  <attribute name="CPU Util" value="591374135360" />
  <attribute name="Time Running"value="7351"/>
  <attribute name="Number of cores"value="4"/>
<gc-start id="1685" type="scavenge" contextid="1684" timestamp="2019-07-02T20:42:26.280">
  <mem-info id="1686" free="2410160" total="27525120" percent="8">
    <mem type="nursery" free="0" total="14155776" percent="0">
      <mem type="allocate" free="0" total="12517376" percent="0" />
      <mem type="survivor" free="0" total="1638400" percent="0" />
    </mem>
    <mem type="tenure" free="2410160" total="13369344" percent="18">
      <mem type="soa" free="1742512" total="12701696" percent="13" />
      <mem type="loa" free="667648" total="667648" percent="100" />
    </mem>
    <remembered-set count="1127" />
  </mem-info>
</gc-start>
<allocation-stats totalBytes="11241568" >
  <allocated-bytes non-tlh="56" tlh="11241512" />
  <largest-consumer threadName="main" threadId="00000000022F5700" bytes="11241568" />
</allocation-stats>
<gc-op id="1687" type="scavenge" timems="2.046" contextid="1684" timestamp="2019-07-02T20:42:26.282">
  <scavenger-info tenureage="2" tenuremask="4004" tiltratio="88" />
  <memory-copied type="nursery" objects="47030" bytes="1276792" bytesdiscarded="98456" />
  <memory-copied type="tenure" objects="21008" bytes="536680" bytesdiscarded="136" />
</gc-op>
<heap-resize id="1688" type="expand" space="nursery" amount="655360" count="1" timems="0.015" reason="excessive time being spent scavenging" timestamp="2019-07-02T20:42:26.282" />
<gc-end id="1689" type="scavenge" contextid="1684" durationms="2.667" usertimems="8.000" systemtimems="0.000" timestamp="2019-07-02T20:42:26.282" activeThreads="4">
  <mem-info id="1690" free="13616544" total="28180480" percent="48">
    <mem type="nursery" free="11863024" total="14811136" percent="80">
      <mem type="allocate" free="11863024" total="13238272" percent="89" />
      <mem type="survivor" free="0" total="1572864" percent="0" />
    </mem>
    <mem type="tenure" free="1753520" total="13369344" percent="13">
      <mem type="soa" free="1085872" total="12701696" percent="8" />
      <mem type="loa" free="667648" total="667648" percent="100" />
    </mem>
    <remembered-set count="876" />
  </mem-info>
</gc-end>
<cycle-end id="1691" type="scavenge" contextid="1684" timestamp="2019-07-02T20:42:26.283">
  <attribute name="GC Util" value="16" />
  <attribute name="CPU Util" value="628537349291" />
  <attribute name="Time Running"value="7380"/>
  <attribute name="Number of cores"value="4"/>
</cycle-end>
<allocation-satisfied id="1692" threadId="00000000022F5700" bytesRequested="40" />
<af-end id="1693" timestamp="2019-07-02T20:42:26.283" threadId="00000000022F6088" success="true" from="nursery"/>
<exclusive-end id="1694" timestamp="2019-07-02T20:42:26.283" durationms="3.564" />

<exclusive-start id="1695" timestamp="2019-07-02T20:42:26.308" intervalms="28.995">
  <response-info timems="0.074" idlems="0.074" threads="0" lastid="00000000022F5700" lastname="main" />
</exclusive-start>
<af-start id="1696" threadId="00000000022F6088" totalBytesRequested="744" timestamp="2019-07-02T20:42:26.308" intervalms="28.983" type="nursery" />
<cycle-start id="1697" type="scavenge" contextid="0" timestamp="2019-07-02T20:42:26.309" intervalms="28.982" />
  <attribute name="GC Util" value="16" />
  <attribute name="CPU Util" value="628537349291" />
  <attribute name="Time Running"value="7380"/>
  <attribute name="Number of cores"value="4"/>
<gc-start id="1698" type="scavenge" contextid="1697" timestamp="2019-07-02T20:42:26.309">
  <mem-info id="1699" free="1753520" total="28180480" percent="6">
    <mem type="nursery" free="0" total="14811136" percent="0">
      <mem type="allocate" free="0" total="13238272" percent="0" />
      <mem type="survivor" free="0" total="1572864" percent="0" />
    </mem>
    <mem type="tenure" free="1753520" total="13369344" percent="13">
      <mem type="soa" free="1085872" total="12701696" percent="8" />
      <mem type="loa" free="667648" total="667648" percent="100" />
    </mem>
    <remembered-set count="1060" />
  </mem-info>
</gc-start>
<allocation-stats totalBytes="11850784" >
  <allocated-bytes non-tlh="40" tlh="11850744" />
  <largest-consumer threadName="main" threadId="00000000022F5700" bytes="11850784" />
</allocation-stats>
<gc-op id="1700" type="scavenge" timems="1.940" contextid="1697" timestamp="2019-07-02T20:42:26.311">
  <scavenger-info tenureage="2" tenuremask="4004" tiltratio="89" />
  <memory-copied type="nursery" objects="46705" bytes="1150880" bytesdiscarded="129376" />
  <memory-copied type="tenure" objects="23404" bytes="697232" bytesdiscarded="56" />
</gc-op>
<gc-end id="1701" type="scavenge" contextid="1697" durationms="2.349" usertimems="8.000" systemtimems="0.000" timestamp="2019-07-02T20:42:26.311" activeThreads="4">
  <mem-info id="1702" free="13208488" total="28180480" percent="46">
    <mem type="nursery" free="12023552" total="14811136" percent="81">
      <mem type="allocate" free="12023552" total="13303808" percent="90" />
      <mem type="survivor" free="0" total="1507328" percent="0" />
    </mem>
    <mem type="tenure" free="1184936" total="13369344" percent="8">
      <mem type="soa" free="517288" total="12701696" percent="4" />
      <mem type="loa" free="667648" total="667648" percent="100" />
    </mem>
    <remembered-set count="656" />
  </mem-info>
</gc-end>
<cycle-end id="1703" type="scavenge" contextid="1697" timestamp="2019-07-02T20:42:26.311">
  <attribute name="GC Util" value="19" />
  <attribute name="CPU Util" value="638255535500" />
  <attribute name="Time Running"value="7409"/>
  <attribute name="Number of cores"value="4"/>
</cycle-end>
<allocation-satisfied id="1704" threadId="00000000022F5700" bytesRequested="744" />
<af-end id="1705" timestamp="2019-07-02T20:42:26.311" threadId="00000000022F6088" success="true" from="nursery"/>
<exclusive-end id="1706" timestamp="2019-07-02T20:42:26.311" durationms="3.204" />

<concurrent-kickoff id="1707" timestamp="2019-07-02T20:42:26.336">
  <kickoff reason="threshold reached" targetBytes="4333763" thresholdFreeBytes="603619"  remainingFree="521240" tenureFreeBytes="1184936" nurseryFreeBytes="521240" />
</concurrent-kickoff>
<exclusive-start id="1708" timestamp="2019-07-02T20:42:26.336" intervalms="27.708">
  <response-info timems="0.063" idlems="0.063" threads="0" lastid="00000000022F5700" lastname="main" />
</exclusive-start>
<cycle-start id="1709" type="global" contextid="0" timestamp="2019-07-02T20:42:26.336" intervalms="188.441" />
  <attribute name="GC Util" value="19" />
  <attribute name="CPU Util" value="638255535500" />
  <attribute name="Time Running"value="7409"/>
  <attribute name="Number of cores"value="4"/>
<exclusive-end id="1710" timestamp="2019-07-02T20:42:26.336" durationms="0.294" />

<exclusive-start id="1711" timestamp="2019-07-02T20:42:26.345" intervalms="8.693">
  <response-info timems="0.057" idlems="0.057" threads="0" lastid="00000000022F5700" lastname="main" />
</exclusive-start>
<af-start id="1712" threadId="00000000022F6088" totalBytesRequested="672" timestamp="2019-07-02T20:42:26.345" intervalms="36.468" type="nursery" />
<cycle-start id="1713" type="scavenge" contextid="0" timestamp="2019-07-02T20:42:26.345" intervalms="36.456" />
  <attribute name="GC Util" value="19" />
  <attribute name="CPU Util" value="638255535500" />
  <attribute name="Time Running"value="7409"/>
  <attribute name="Number of cores"value="4"/>
<gc-start id="1714" type="scavenge" contextid="1713" timestamp="2019-07-02T20:42:26.345">
  <mem-info id="1715" free="1184936" total="28180480" percent="4">
    <mem type="nursery" free="0" total="14811136" percent="0">
      <mem type="allocate" free="0" total="13303808" percent="0" />
      <mem type="survivor" free="0" total="1507328" percent="0" />
    </mem>
    <mem type="tenure" free="1184936" total="13369344" percent="8">
      <mem type="soa" free="517288" total="12701696" percent="4" />
      <mem type="loa" free="667648" total="667648" percent="100" />
    </mem>
    <remembered-set count="951" />
  </mem-info>
</gc-start>
<allocation-stats totalBytes="12006680" >
  <allocated-bytes non-tlh="744" tlh="12005936" />
  <largest-consumer threadName="main" threadId="00000000022F5700" bytes="12006680" />
</allocation-stats>
<gc-op id="1716" type="scavenge" timems="2.125" contextid="1713" timestamp="2019-07-02T20:42:26.348">
  <scavenger-info tenureage="2" tenuremask="4004" tiltratio="89" />
  <memory-copied type="nursery" objects="46904" bytes="1152416" bytesdiscarded="69472" />
  <memory-copied type="tenure" objects="23576" bytes="578288" bytesdiscarded="48" />
</gc-op>
<gc-end id="1717" type="scavenge" contextid="1713" durationms="2.594" usertimems="4.000" systemtimems="0.000" timestamp="2019-07-02T20:42:26.348" activeThreads="4">
  <mem-info id="1718" free="12749568" total="28180480" percent="45">
    <mem type="nursery" free="12081920" total="14811136" percent="81">
      <mem type="allocate" free="12081920" total="13303808" percent="90" />
      <mem type="survivor" free="0" total="1507328" percent="0" />
    </mem>
    <mem type="tenure" free="667648" total="13369344" percent="4">
      <mem type="soa" free="0" total="12701696" percent="0" />
      <mem type="loa" free="667648" total="667648" percent="100" />
    </mem>
    <remembered-set count="772" />
  </mem-info>
</gc-end>
<cycle-end id="1719" type="scavenge" contextid="1713" timestamp="2019-07-02T20:42:26.348">
  <attribute name="GC Util" value="15" />
  <attribute name="CPU Util" value="505330078983" />
  <attribute name="Time Running"value="7446"/>
  <attribute name="Number of cores"value="4"/>
</cycle-end>
<allocation-satisfied id="1720" threadId="00000000022F5700" bytesRequested="672" />
<af-end id="1721" timestamp="2019-07-02T20:42:26.348" threadId="00000000022F6088" success="true" from="nursery"/>
<exclusive-end id="1722" timestamp="2019-07-02T20:42:26.348" durationms="3.673" />

<exclusive-start id="1723" timestamp="2019-07-02T20:42:26.351" intervalms="6.352">
  <response-info timems="0.063" idlems="0.063" threads="0" lastid="00000000022F5700" lastname="main" />
</exclusive-start>
<concurrent-collection-start id="1724" timestamp="2019-07-02T20:42:26.351" intervalms="194.443" >
  <concurrent-trace-info reason="card cleaning threshold reached" tracedByMutators="4225384" tracedByHelpers="3166036" cardsCleaned="243" workStackOverflowCount="0" />
</concurrent-collection-start>
<gc-start id="1725" type="global" contextid="1709" timestamp="2019-07-02T20:42:26.351">
  <mem-info id="1726" free="12540000" total="28180480" percent="44">
    <mem type="nursery" free="11872352" total="14811136" percent="80">
      <mem type="allocate" free="11872352" total="13303808" percent="89" />
      <mem type="survivor" free="0" total="1507328" percent="0" />
    </mem>
    <mem type="tenure" free="667648" total="13369344" percent="4">
      <mem type="soa" free="0" total="12701696" percent="0" />
      <mem type="loa" free="667648" total="667648" percent="100" />
    </mem>
    <remembered-set count="777" />
  </mem-info>
</gc-start>
<allocation-stats totalBytes="209096" >
  <allocated-bytes non-tlh="672" tlh="208424" />
  <largest-consumer threadName="main" threadId="00000000022F5700" bytes="209096" />
</allocation-stats>
<gc-op id="1727" type="rs-scan" timems="0.320" contextid="1709" timestamp="2019-07-02T20:42:26.352">
  <scan objectsFound="744" bytesTraced="107396" workStackOverflowCount="0" />
</gc-op>
<gc-op id="1728" type="card-cleaning" timems="0.594" contextid="1709" timestamp="2019-07-02T20:42:26.353">
  <card-cleaning cardsCleaned="7" bytesTraced="987356" workStackOverflowCount="0" />
</gc-op>
<gc-op id="1729" type="mark" timems="1.045" contextid="1709" timestamp="2019-07-02T20:42:26.354">
  <trace-info objectcount="50" scancount="49" scanbytes="856" />
  <finalization candidates="81" enqueued="0" />
  <ownableSynchronizers candidates="21" cleared="0" />
  <references type="soft" candidates="2716" cleared="0" enqueued="0" dynamicThreshold="9" maxThreshold="32" />
  <references type="weak" candidates="5375" cleared="0" enqueued="0" />
  <references type="phantom" candidates="74" cleared="0" enqueued="0" />
  <stringconstants candidates="13291" cleared="0"  />
</gc-op>
<gc-op id="1730" type="sweep" timems="0.405" contextid="1709" timestamp="2019-07-02T20:42:26.354" />
<heap-resize id="1731" type="expand" space="tenure" amount="4521984" count="1" timems="0.016" reason="insufficient free space following gc" timestamp="2019-07-02T20:42:26.354" />
<gc-end id="1732" type="global" contextid="1709" durationms="3.289" usertimems="4.000" systemtimems="0.000" timestamp="2019-07-02T20:42:26.355" activeThreads="4">
  <mem-info id="1733" free="17504576" total="32702464" percent="53">
    <mem type="nursery" free="12135808" total="14811136" percent="81">
      <mem type="allocate" free="12135808" total="13303808" percent="91" />
      <mem type="survivor" free="0" total="1507328" percent="0" />
    </mem>
    <mem type="tenure" free="5368768" total="17891328" percent="30" micro-fragmented="94764" macro-fragmented="0">
      <mem type="soa" free="4474816" total="16997376" percent="26" />
      <mem type="loa" free="893952" total="893952" percent="100" />
    </mem>
    <remembered-set count="777" />
  </mem-info>
</gc-end>
<cycle-end id="1734" type="global" contextid="1709" timestamp="2019-07-02T20:42:26.355">
  <attribute name="GC Util" value="141" />
  <attribute name="CPU Util" value="15619583762932" />
  <attribute name="Time Running"value="7454"/>
  <attribute name="Number of cores"value="4"/>
</cycle-end>
<concurrent-collection-end id="1735" timestamp="2019-07-02T20:42:26.355" />
<exclusive-end id="1736" timestamp="2019-07-02T20:42:26.355" durationms="4.007" />

<exclusive-start id="1737" timestamp="2019-07-02T20:42:26.381" intervalms="29.854">
  <response-info timems="0.058" idlems="0.058" threads="0" lastid="00000000022F5700" lastname="main" />
</exclusive-start>
<af-start id="1738" threadId="00000000022F6088" totalBytesRequested="736" timestamp="2019-07-02T20:42:26.381" intervalms="36.165" type="nursery" />
<cycle-start id="1739" type="scavenge" contextid="0" timestamp="2019-07-02T20:42:26.381" intervalms="36.125" />
  <attribute name="GC Util" value="141" />
  <attribute name="CPU Util" value="15619583762932" />
  <attribute name="Time Running"value="7454"/>
  <attribute name="Number of cores"value="4"/>
<gc-start id="1740" type="scavenge" contextid="1739" timestamp="2019-07-02T20:42:26.381">
  <mem-info id="1741" free="5368768" total="32702464" percent="16">
    <mem type="nursery" free="0" total="14811136" percent="0">
      <mem type="allocate" free="0" total="13303808" percent="0" />
      <mem type="survivor" free="0" total="1507328" percent="0" />
    </mem>
    <mem type="tenure" free="5368768" total="17891328" percent="30">
      <mem type="soa" free="4474816" total="16997376" percent="26" />
      <mem type="loa" free="893952" total="893952" percent="100" />
    </mem>
    <remembered-set count="1407" />
  </mem-info>
</gc-start>
<allocation-stats totalBytes="12117384" >
  <allocated-bytes non-tlh="0" tlh="12117384" />
  <largest-consumer threadName="main" threadId="00000000022F5700" bytes="12117384" />
</allocation-stats>
<gc-op id="1742" type="scavenge" timems="2.078" contextid="1739" timestamp="2019-07-02T20:42:26.384">
  <scavenger-info tenureage="2" tenuremask="4004" tiltratio="89" />
  <memory-copied type="nursery" objects="48195" bytes="1180904" bytesdiscarded="107800" />
  <memory-copied type="tenure" objects="23073" bytes="570336" bytesdiscarded="64" />
  <ownableSynchronizers candidates="42" cleared="42" />
</gc-op>
<heap-resize id="1743" type="expand" space="nursery" amount="655360" count="1" timems="0.012" reason="excessive time being spent scavenging" timestamp="2019-07-02T20:42:26.384" />
<gc-end id="1744" type="scavenge" contextid="1739" durationms="2.694" usertimems="8.000" systemtimems="0.000" timestamp="2019-07-02T20:42:26.384" activeThreads="4">
  <mem-info id="1745" free="17297576" total="33357824" percent="51">
    <mem type="nursery" free="12604928" total="15466496" percent="81">
      <mem type="allocate" free="12604928" total="13893632" percent="90" />
      <mem type="survivor" free="0" total="1572864" percent="0" />
    </mem>
    <mem type="tenure" free="4692648" total="17891328" percent="26">
      <mem type="soa" free="3798696" total="16997376" percent="22" />
      <mem type="loa" free="893952" total="893952" percent="100" />
    </mem>
    <remembered-set count="1176" />
  </mem-info>
</gc-end>
<cycle-end id="1746" type="scavenge" contextid="1739" timestamp="2019-07-02T20:42:26.384">
  <attribute name="GC Util" value="8" />
  <attribute name="CPU Util" value="668173687050" />
  <attribute name="Time Running"value="7482"/>
  <attribute name="Number of cores"value="4"/>
</cycle-end>
<allocation-satisfied id="1747" threadId="00000000022F5700" bytesRequested="736" />
<af-end id="1748" timestamp="2019-07-02T20:42:26.384" threadId="00000000022F6088" success="true" from="nursery"/>
<exclusive-end id="1749" timestamp="2019-07-02T20:42:26.384" durationms="3.308" />

<exclusive-start id="1750" timestamp="2019-07-02T20:42:26.411" intervalms="30.603">
  <response-info timems="0.073" idlems="0.073" threads="0" lastid="00000000022F5700" lastname="main" />
</exclusive-start>
<af-start id="1751" threadId="00000000022F6088" totalBytesRequested="80" timestamp="2019-07-02T20:42:26.412" intervalms="30.621" type="nursery" />
<cycle-start id="1752" type="scavenge" contextid="0" timestamp="2019-07-02T20:42:26.412" intervalms="30.660" />
  <attribute name="GC Util" value="8" />
  <attribute name="CPU Util" value="668173687050" />
  <attribute name="Time Running"value="7482"/>
  <attribute name="Number of cores"value="4"/>
<gc-start id="1753" type="scavenge" contextid="1752" timestamp="2019-07-02T20:42:26.412">
  <mem-info id="1754" free="4692648" total="33357824" percent="14">
    <mem type="nursery" free="0" total="15466496" percent="0">
      <mem type="allocate" free="0" total="13893632" percent="0" />
      <mem type="survivor" free="0" total="1572864" percent="0" />
    </mem>
    <mem type="tenure" free="4692648" total="17891328" percent="26">
      <mem type="soa" free="3798696" total="16997376" percent="22" />
      <mem type="loa" free="893952" total="893952" percent="100" />
    </mem>
    <remembered-set count="2383" />
  </mem-info>
</gc-start>
<allocation-stats totalBytes="12592112" >
  <allocated-bytes non-tlh="736" tlh="12591376" />
  <largest-consumer threadName="main" threadId="00000000022F5700" bytes="12592112" />
</allocation-stats>
<gc-op id="1755" type="scavenge" timems="2.077" contextid="1752" timestamp="2019-07-02T20:42:26.414">
  <scavenger-info tenureage="2" tenuremask="4004" tiltratio="89" />
  <memory-copied type="nursery" objects="48536" bytes="1175376" bytesdiscarded="48816" />
  <memory-copied type="tenure" objects="23758" bytes="579264" bytesdiscarded="48" />
</gc-op>
<gc-end id="1756" type="scavenge" contextid="1752" durationms="2.553" usertimems="4.000" systemtimems="0.000" timestamp="2019-07-02T20:42:26.414" activeThreads="4">
  <mem-info id="1757" free="16596392" total="33357824" percent="49">
    <mem type="nursery" free="12669440" total="15466496" percent="81">
      <mem type="allocate" free="12669440" total="13893632" percent="91" />
      <mem type="survivor" free="0" total="1572864" percent="0" />
    </mem>
    <mem type="tenure" free="3926952" total="17891328" percent="21">
      <mem type="soa" free="3033000" total="16997376" percent="17" />
      <mem type="loa" free="893952" total="893952" percent="100" />
    </mem>
    <remembered-set count="2085" />
  </mem-info>
</gc-end>
<cycle-end id="1758" type="scavenge" contextid="1752" timestamp="2019-07-02T20:42:26.415">
  <attribute name="GC Util" value="17" />
  <attribute name="CPU Util" value="599979966038" />
  <attribute name="Time Running"value="7512"/>
  <attribute name="Number of cores"value="4"/>
</cycle-end>
<allocation-satisfied id="1759" threadId="00000000022F5700" bytesRequested="80" />
<af-end id="1760" timestamp="2019-07-02T20:42:26.415" threadId="00000000022F6088" success="true" from="nursery"/>
<exclusive-end id="1761" timestamp="2019-07-02T20:42:26.415" durationms="3.553" />

<exclusive-start id="1762" timestamp="2019-07-02T20:42:26.443" intervalms="31.437">
  <response-info timems="0.058" idlems="0.058" threads="0" lastid="00000000022F5700" lastname="main" />
</exclusive-start>
<af-start id="1763" threadId="00000000022F6088" totalBytesRequested="56" timestamp="2019-07-02T20:42:26.443" intervalms="31.442" type="nursery" />
<cycle-start id="1764" type="scavenge" contextid="0" timestamp="2019-07-02T20:42:26.443" intervalms="31.457" />
  <attribute name="GC Util" value="17" />
  <attribute name="CPU Util" value="599979966038" />
  <attribute name="Time Running"value="7512"/>
  <attribute name="Number of cores"value="4"/>
<gc-start id="1765" type="scavenge" contextid="1764" timestamp="2019-07-02T20:42:26.443">
  <mem-info id="1766" free="3926952" total="33357824" percent="11">
    <mem type="nursery" free="0" total="15466496" percent="0">
      <mem type="allocate" free="0" total="13893632" percent="0" />
      <mem type="survivor" free="0" total="1572864" percent="0" />
    </mem>
    <mem type="tenure" free="3926952" total="17891328" percent="21">
      <mem type="soa" free="3033000" total="16997376" percent="17" />
      <mem type="loa" free="893952" total="893952" percent="100" />
    </mem>
    <remembered-set count="2406" />
  </mem-info>
</gc-start>
<allocation-stats totalBytes="12655264" >
  <allocated-bytes non-tlh="262240" tlh="12393024" />
  <largest-consumer threadName="main" threadId="00000000022F5700" bytes="12655264" />
</allocation-stats>
<gc-op id="1767" type="scavenge" timems="2.434" contextid="1764" timestamp="2019-07-02T20:42:26.446">
  <scavenger-info tenureage="2" tenuremask="4004" tiltratio="89" />
  <memory-copied type="nursery" objects="50974" bytes="1521528" bytesdiscarded="34712" />
  <memory-copied type="tenure" objects="24365" bytes="599848" bytesdiscarded="72" />
</gc-op>
<heap-resize id="1768" type="expand" space="nursery" amount="655360" count="1" timems="0.016" reason="excessive time being spent scavenging" timestamp="2019-07-02T20:42:26.446" />
<gc-end id="1769" type="scavenge" contextid="1764" durationms="2.966" usertimems="8.000" systemtimems="0.000" timestamp="2019-07-02T20:42:26.446" activeThreads="4">
  <mem-info id="1770" free="15927192" total="34013184" percent="46">
    <mem type="nursery" free="12534000" total="16121856" percent="77">
      <mem type="allocate" free="12534000" total="14090240" percent="88" />
      <mem type="survivor" free="0" total="2031616" percent="0" />
    </mem>
    <mem type="tenure" free="3393192" total="17891328" percent="18">
      <mem type="soa" free="2499240" total="16997376" percent="14" />
      <mem type="loa" free="893952" total="893952" percent="100" />
    </mem>
    <remembered-set count="1758" />
  </mem-info>
</gc-end>
<cycle-end id="1771" type="scavenge" contextid="1764" timestamp="2019-07-02T20:42:26.446">
  <attribute name="GC Util" value="18" />
  <attribute name="CPU Util" value="588503838799" />
  <attribute name="Time Running"value="7544"/>
  <attribute name="Number of cores"value="4"/>
</cycle-end>
<allocation-satisfied id="1772" threadId="00000000022F5700" bytesRequested="56" />
<af-end id="1773" timestamp="2019-07-02T20:42:26.447" threadId="00000000022F6088" success="true" from="nursery"/>
<exclusive-end id="1774" timestamp="2019-07-02T20:42:26.447" durationms="3.771" />

<exclusive-start id="1775" timestamp="2019-07-02T20:42:26.473" intervalms="30.588">
  <response-info timems="0.079" idlems="0.079" threads="0" lastid="00000000022F5700" lastname="main" />
</exclusive-start>
<af-start id="1776" threadId="00000000022F6088" totalBytesRequested="752" timestamp="2019-07-02T20:42:26.474" intervalms="30.566" type="nursery" />
<cycle-start id="1777" type="scavenge" contextid="0" timestamp="2019-07-02T20:42:26.474" intervalms="30.569" />
  <attribute name="GC Util" value="18" />
  <attribute name="CPU Util" value="588503838799" />
  <attribute name="Time Running"value="7544"/>
  <attribute name="Number of cores"value="4"/>
<gc-start id="1778" type="scavenge" contextid="1777" timestamp="2019-07-02T20:42:26.474">
  <mem-info id="1779" free="3393192" total="34013184" percent="9">
    <mem type="nursery" free="0" total="16121856" percent="0">
      <mem type="allocate" free="0" total="14090240" percent="0" />
      <mem type="survivor" free="0" total="2031616" percent="0" />
    </mem>
    <mem type="tenure" free="3393192" total="17891328" percent="18">
      <mem type="soa" free="2499240" total="16997376" percent="14" />
      <mem type="loa" free="893952" total="893952" percent="100" />
    </mem>
    <remembered-set count="2433" />
  </mem-info>
</gc-start>
<allocation-stats totalBytes="12519528" >
  <allocated-bytes non-tlh="56" tlh="12519472" />
  <largest-consumer threadName="main" threadId="00000000022F5700" bytes="12519528" />
</allocation-stats>
<gc-op id="1780" type="scavenge" timems="2.430" contextid="1777" timestamp="2019-07-02T20:42:26.477">
  <scavenger-info tenureage="2" tenuremask="4004" tiltratio="87" />
  <memory-copied type="nursery" objects="52678" bytes="1594640" bytesdiscarded="48384" />
  <memory-copied type="tenure" objects="24088" bytes="573432" bytesdiscarded="56" />
</gc-op>
<gc-end id="1781" type="scavenge" contextid="1777" durationms="2.837" usertimems="4.000" systemtimems="0.000" timestamp="2019-07-02T20:42:26.477" activeThreads="4">
  <mem-info id="1782" free="15411096" total="34013184" percent="45">
    <mem type="nursery" free="12643824" total="16121856" percent="78">
      <mem type="allocate" free="12643824" total="14286848" percent="88" />
      <mem type="survivor" free="0" total="1835008" percent="0" />
    </mem>
    <mem type="tenure" free="2767272" total="17891328" percent="15">
      <mem type="soa" free="1873320" total="16997376" percent="11" />
      <mem type="loa" free="893952" total="893952" percent="100" />
    </mem>
    <remembered-set count="1215" />
  </mem-info>
</gc-end>
<cycle-end id="1783" type="scavenge" contextid="1777" timestamp="2019-07-02T20:42:26.477">
  <attribute name="GC Util" value="20" />
  <attribute name="CPU Util" value="602284863001" />
  <attribute name="Time Running"value="7574"/>
  <attribute name="Number of cores"value="4"/>
</cycle-end>
<allocation-satisfied id="1784" threadId="00000000022F5700" bytesRequested="752" />
<af-end id="1785" timestamp="2019-07-02T20:42:26.477" threadId="00000000022F6088" success="true" from="nursery"/>
<exclusive-end id="1786" timestamp="2019-07-02T20:42:26.477" durationms="3.618" />

<exclusive-start id="1787" timestamp="2019-07-02T20:42:26.504" intervalms="30.567">
  <response-info timems="0.066" idlems="0.066" threads="0" lastid="00000000022F5700" lastname="main" />
</exclusive-start>
<af-start id="1788" threadId="00000000022F6088" totalBytesRequested="32" timestamp="2019-07-02T20:42:26.504" intervalms="30.584" type="nursery" />
<cycle-start id="1789" type="scavenge" contextid="0" timestamp="2019-07-02T20:42:26.504" intervalms="30.589" />
  <attribute name="GC Util" value="20" />
  <attribute name="CPU Util" value="602284863001" />
  <attribute name="Time Running"value="7574"/>
  <attribute name="Number of cores"value="4"/>
<gc-start id="1790" type="scavenge" contextid="1789" timestamp="2019-07-02T20:42:26.505">
  <mem-info id="1791" free="2767272" total="34013184" percent="8">
    <mem type="nursery" free="0" total="16121856" percent="0">
      <mem type="allocate" free="0" total="14286848" percent="0" />
      <mem type="survivor" free="0" total="1835008" percent="0" />
    </mem>
    <mem type="tenure" free="2767272" total="17891328" percent="15">
      <mem type="soa" free="1873320" total="16997376" percent="11" />
      <mem type="loa" free="893952" total="893952" percent="100" />
    </mem>
    <remembered-set count="1661" />
  </mem-info>
</gc-start>
<allocation-stats totalBytes="12631376" >
  <allocated-bytes non-tlh="752" tlh="12630624" />
  <largest-consumer threadName="main" threadId="00000000022F5700" bytes="12631376" />
</allocation-stats>
<gc-op id="1792" type="scavenge" timems="2.359" contextid="1789" timestamp="2019-07-02T20:42:26.507">
  <scavenger-info tenureage="2" tenuremask="4004" tiltratio="88" />
  <memory-copied type="nursery" objects="50502" bytes="1261576" bytesdiscarded="63224" />
  <memory-copied type="tenure" objects="26814" bytes="945248" bytesdiscarded="168" />
</gc-op>
<heap-resize id="1793" type="expand" space="nursery" amount="655360" count="1" timems="0.017" reason="excessive time being spent scavenging" timestamp="2019-07-02T20:42:26.507" />
<gc-end id="1794" type="scavenge" contextid="1789" durationms="3.001" usertimems="4.000" systemtimems="0.000" timestamp="2019-07-02T20:42:26.508" activeThreads="4">
  <mem-info id="1795" free="15323288" total="34668544" percent="44">
    <mem type="nursery" free="13486336" total="16777216" percent="80">
      <mem type="allocate" free="13486336" total="14811136" percent="91" />
      <mem type="survivor" free="0" total="1966080" percent="0" />
    </mem>
    <mem type="tenure" free="1836952" total="17891328" percent="10">
      <mem type="soa" free="943000" total="16997376" percent="5" />
      <mem type="loa" free="893952" total="893952" percent="100" />
    </mem>
    <remembered-set count="1403" />
  </mem-info>
</gc-end>
<cycle-end id="1796" type="scavenge" contextid="1789" timestamp="2019-07-02T20:42:26.508">
  <attribute name="GC Util" value="21" />
  <attribute name="CPU Util" value="601925255684" />
  <attribute name="Time Running"value="7605"/>
  <attribute name="Number of cores"value="4"/>
</cycle-end>
<allocation-satisfied id="1797" threadId="00000000022F5700" bytesRequested="32" />
<af-end id="1798" timestamp="2019-07-02T20:42:26.508" threadId="00000000022F6088" success="true" from="nursery"/>
<exclusive-end id="1799" timestamp="2019-07-02T20:42:26.508" durationms="3.982" />

<concurrent-kickoff id="1800" timestamp="2019-07-02T20:42:26.535">
  <kickoff reason="threshold reached" targetBytes="6534485" thresholdFreeBytes="903816"  remainingFree="887040" tenureFreeBytes="1836952" nurseryFreeBytes="887040" />
</concurrent-kickoff>
<exclusive-start id="1801" timestamp="2019-07-02T20:42:26.535" intervalms="30.831">
  <response-info timems="0.072" idlems="0.072" threads="0" lastid="00000000022F5700" lastname="main" />
</exclusive-start>
<cycle-start id="1802" type="global" contextid="0" timestamp="2019-07-02T20:42:26.535" intervalms="198.928" />
  <attribute name="GC Util" value="21" />
  <attribute name="CPU Util" value="601925255684" />
  <attribute name="Time Running"value="7605"/>
  <attribute name="Number of cores"value="4"/>
<exclusive-end id="1803" timestamp="2019-07-02T20:42:26.535" durationms="0.296" />

<exclusive-start id="1804" timestamp="2019-07-02T20:42:26.548" intervalms="13.479">
  <response-info timems="0.072" idlems="0.072" threads="0" lastid="00000000022F5700" lastname="main" />
</exclusive-start>
<af-start id="1805" threadId="00000000022F6088" totalBytesRequested="672" timestamp="2019-07-02T20:42:26.549" intervalms="44.344" type="nursery" />
<cycle-start id="1806" type="scavenge" contextid="0" timestamp="2019-07-02T20:42:26.549" intervalms="44.330" />
  <attribute name="GC Util" value="21" />
  <attribute name="CPU Util" value="601925255684" />
  <attribute name="Time Running"value="7605"/>
  <attribute name="Number of cores"value="4"/>
<gc-start id="1807" type="scavenge" contextid="1806" timestamp="2019-07-02T20:42:26.549">
  <mem-info id="1808" free="1836952" total="34668544" percent="5">
    <mem type="nursery" free="0" total="16777216" percent="0">
      <mem type="allocate" free="0" total="14811136" percent="0" />
      <mem type="survivor" free="0" total="1966080" percent="0" />
    </mem>
    <mem type="tenure" free="1836952" total="17891328" percent="10">
      <mem type="soa" free="943000" total="16997376" percent="5" />
      <mem type="loa" free="893952" total="893952" percent="100" />
    </mem>
    <remembered-set count="1721" />
  </mem-info>
</gc-start>
<allocation-stats totalBytes="13469968" >
  <allocated-bytes non-tlh="32" tlh="13469936" />
  <largest-consumer threadName="main" threadId="00000000022F5700" bytes="13469968" />
</allocation-stats>
<gc-op id="1809" type="scavenge" timems="2.174" contextid="1806" timestamp="2019-07-02T20:42:26.551">
  <scavenger-info tenureage="1" tenuremask="4006" tiltratio="88" />
  <memory-copied type="nursery" objects="27548" bytes="703504" bytesdiscarded="118256" />
  <memory-copied type="tenure" objects="50452" bytes="1260248" bytesdiscarded="184" />
  <heap-resize type="expand" space="tenure" amount="196608" count="3" timems="0.043" reason="continue current collection" />
</gc-op>
<gc-end id="1810" type="scavenge" contextid="1806" durationms="2.484" usertimems="4.000" systemtimems="0.000" timestamp="2019-07-02T20:42:26.551" activeThreads="4">
  <mem-info id="1811" free="15113472" total="34865152" percent="43">
    <mem type="nursery" free="14185984" total="16777216" percent="84">
      <mem type="allocate" free="14185984" total="15007744" percent="94" />
      <mem type="survivor" free="0" total="1769472" percent="0" />
    </mem>
    <mem type="tenure" free="927488" total="18087936" percent="5">
      <mem type="soa" free="23296" total="17183744" percent="0" />
      <mem type="loa" free="904192" total="904192" percent="100" />
    </mem>
    <remembered-set count="468" />
  </mem-info>
</gc-end>
<cycle-end id="1812" type="scavenge" contextid="1806" timestamp="2019-07-02T20:42:26.551">
  <attribute name="GC Util" value="14" />
  <attribute name="CPU Util" value="417394678592" />
  <attribute name="Time Running"value="7649"/>
  <attribute name="Number of cores"value="4"/>
</cycle-end>
<allocation-satisfied id="1813" threadId="00000000022F5700" bytesRequested="672" />
<af-end id="1814" timestamp="2019-07-02T20:42:26.552" threadId="00000000022F6088" success="true" from="nursery"/>
<exclusive-end id="1815" timestamp="2019-07-02T20:42:26.552" durationms="3.397" />

<exclusive-start id="1816" timestamp="2019-07-02T20:42:26.554" intervalms="5.806">
  <response-info timems="0.070" idlems="0.070" threads="0" lastid="00000000022F5700" lastname="main" />
</exclusive-start>
<concurrent-collection-start id="1817" timestamp="2019-07-02T20:42:26.554" intervalms="203.182" >
  <concurrent-trace-info reason="card cleaning threshold reached" tracedByMutators="6337432" tracedByHelpers="5087516" cardsCleaned="915" workStackOverflowCount="0" />
</concurrent-collection-start>
<gc-start id="1818" type="global" contextid="1802" timestamp="2019-07-02T20:42:26.554">
  <mem-info id="1819" free="14903904" total="34865152" percent="42">
    <mem type="nursery" free="13976416" total="16777216" percent="83">
      <mem type="allocate" free="13976416" total="15007744" percent="93" />
      <mem type="survivor" free="0" total="1769472" percent="0" />
    </mem>
    <mem type="tenure" free="927488" total="18087936" percent="5">
      <mem type="soa" free="23296" total="17183744" percent="0" />
      <mem type="loa" free="904192" total="904192" percent="100" />
    </mem>
    <remembered-set count="472" />
  </mem-info>
</gc-start>
<allocation-stats totalBytes="209488" >
  <allocated-bytes non-tlh="672" tlh="208816" />
  <largest-consumer threadName="main" threadId="00000000022F5700" bytes="209488" />
</allocation-stats>
<gc-op id="1820" type="rs-scan" timems="0.274" contextid="1802" timestamp="2019-07-02T20:42:26.555">
  <scan objectsFound="438" bytesTraced="55480" workStackOverflowCount="0" />
</gc-op>
<gc-op id="1821" type="card-cleaning" timems="0.438" contextid="1802" timestamp="2019-07-02T20:42:26.555">
  <card-cleaning cardsCleaned="8" bytesTraced="769716" workStackOverflowCount="0" />
</gc-op>
<gc-op id="1822" type="mark" timems="1.033" contextid="1802" timestamp="2019-07-02T20:42:26.557">
  <trace-info objectcount="43" scancount="43" scanbytes="712" />
  <finalization candidates="81" enqueued="0" />
  <ownableSynchronizers candidates="21" cleared="0" />
  <references type="soft" candidates="2716" cleared="216" enqueued="208" dynamicThreshold="9" maxThreshold="32" />
  <references type="weak" candidates="5375" cleared="0" enqueued="0" />
  <references type="phantom" candidates="74" cleared="0" enqueued="0" />
  <stringconstants candidates="13291" cleared="0"  />
</gc-op>
<gc-op id="1823" type="sweep" timems="0.491" contextid="1802" timestamp="2019-07-02T20:42:26.557" />
<heap-resize id="1824" type="expand" space="tenure" amount="6094848" count="1" timems="0.014" reason="insufficient free space following gc" timestamp="2019-07-02T20:42:26.557" />
<gc-end id="1825" type="global" contextid="1802" durationms="3.018" usertimems="4.000" systemtimems="0.000" timestamp="2019-07-02T20:42:26.558" activeThreads="4">
  <mem-info id="1826" free="21588176" total="40960000" percent="52">
    <mem type="nursery" free="14290120" total="16777216" percent="85">
      <mem type="allocate" free="14290120" total="15007744" percent="95" />
      <mem type="survivor" free="0" total="1769472" percent="0" />
    </mem>
    <mem type="tenure" free="7298056" total="24182784" percent="30" micro-fragmented="96803" macro-fragmented="0">
      <mem type="soa" free="6089736" total="22974464" percent="26" />
      <mem type="loa" free="1208320" total="1208320" percent="100" />
    </mem>
    <pending-finalizers system="0" default="0" reference="208" classloader="0" />
    <remembered-set count="471" />
  </mem-info>
</gc-end>
<cycle-end id="1827" type="global" contextid="1802" timestamp="2019-07-02T20:42:26.558">
  <attribute name="GC Util" value="141" />
  <attribute name="CPU Util" value="15620694797788" />
  <attribute name="Time Running"value="7657"/>
  <attribute name="Number of cores"value="4"/>
</cycle-end>
<concurrent-collection-end id="1828" timestamp="2019-07-02T20:42:26.558" />
<exclusive-end id="1829" timestamp="2019-07-02T20:42:26.558" durationms="3.777" />

<exclusive-start id="1830" timestamp="2019-07-02T20:42:26.596" intervalms="42.226">
  <response-info timems="0.079" idlems="0.079" threads="0" lastid="00000000022F5700" lastname="main" />
</exclusive-start>
<af-start id="1831" threadId="00000000022F6088" totalBytesRequested="24" timestamp="2019-07-02T20:42:26.597" intervalms="48.010" type="nursery" />
<cycle-start id="1832" type="scavenge" contextid="0" timestamp="2019-07-02T20:42:26.597" intervalms="47.997" />
  <attribute name="GC Util" value="141" />
  <attribute name="CPU Util" value="15620694797788" />
  <attribute name="Time Running"value="7657"/>
  <attribute name="Number of cores"value="4"/>
<gc-start id="1833" type="scavenge" contextid="1832" timestamp="2019-07-02T20:42:26.597">
  <mem-info id="1834" free="7298056" total="40960000" percent="17">
    <mem type="nursery" free="0" total="16777216" percent="0">
      <mem type="allocate" free="0" total="15007744" percent="0" />
      <mem type="survivor" free="0" total="1769472" percent="0" />
    </mem>
    <mem type="tenure" free="7298056" total="24182784" percent="30">
      <mem type="soa" free="6089736" total="22974464" percent="26" />
      <mem type="loa" free="1208320" total="1208320" percent="100" />
    </mem>
    <remembered-set count="1654" />
  </mem-info>
</gc-start>
<allocation-stats totalBytes="14277888" >
  <allocated-bytes non-tlh="1809512" tlh="12468376" />
  <largest-consumer threadName="main" threadId="00000000022F5700" bytes="14277888" />
</allocation-stats>
<gc-op id="1835" type="scavenge" timems="2.167" contextid="1832" timestamp="2019-07-02T20:42:26.599">
  <scavenger-info tenureage="1" tenuremask="4002" tiltratio="89" />
  <memory-copied type="nursery" objects="19690" bytes="1693024" bytesdiscarded="76448" />
  <memory-copied type="tenure" objects="33748" bytes="856608" bytesdiscarded="288" />
  <copy-failed type="nursery" objects="6273" bytes="155896" />
  <finalization candidates="1" enqueued="1" />
  <ownableSynchronizers candidates="42" cleared="42" />
  <references type="weak" candidates="4" cleared="0" enqueued="0" />
</gc-op>
<gc-end id="1836" type="scavenge" contextid="1832" durationms="2.417" usertimems="8.000" systemtimems="0.000" timestamp="2019-07-02T20:42:26.599" activeThreads="4">
  <mem-info id="1837" free="18062120" total="40960000" percent="44">
    <mem type="nursery" free="11730944" total="16777216" percent="69">
      <mem type="allocate" free="11730944" total="13500416" percent="86" />
      <mem type="survivor" free="0" total="3276800" percent="0" />
    </mem>
    <mem type="tenure" free="6331176" total="24182784" percent="26">
      <mem type="soa" free="5122856" total="22974464" percent="22" />
      <mem type="loa" free="1208320" total="1208320" percent="100" />
    </mem>
    <pending-finalizers system="0" default="1" reference="0" classloader="0" />
    <remembered-set count="1769" />
  </mem-info>
</gc-end>
<cycle-end id="1838" type="scavenge" contextid="1832" timestamp="2019-07-02T20:42:26.599">
  <attribute name="GC Util" value="5" />
  <attribute name="CPU Util" value="458457512556" />
  <attribute name="Time Running"value="7697"/>
  <attribute name="Number of cores"value="4"/>
</cycle-end>
<allocation-satisfied id="1839" threadId="00000000022F5700" bytesRequested="24" />
<af-end id="1840" timestamp="2019-07-02T20:42:26.600" threadId="00000000022F6088" success="true" from="nursery"/>
<exclusive-end id="1841" timestamp="2019-07-02T20:42:26.600" durationms="3.422" />

<exclusive-start id="1842" timestamp="2019-07-02T20:42:26.637" intervalms="40.104">
  <response-info timems="0.078" idlems="0.078" threads="0" lastid="00000000022F5700" lastname="main" />
</exclusive-start>
<af-start id="1843" threadId="00000000022F6088" totalBytesRequested="24" timestamp="2019-07-02T20:42:26.637" intervalms="40.115" type="nursery" />
<cycle-start id="1844" type="scavenge" contextid="0" timestamp="2019-07-02T20:42:26.637" intervalms="40.135" />
  <attribute name="GC Util" value="5" />
  <attribute name="CPU Util" value="458457512556" />
  <attribute name="Time Running"value="7697"/>
  <attribute name="Number of cores"value="4"/>
<gc-start id="1845" type="scavenge" contextid="1844" timestamp="2019-07-02T20:42:26.637">
  <mem-info id="1846" free="6331176" total="40960000" percent="15">
    <mem type="nursery" free="0" total="16777216" percent="0">
      <mem type="allocate" free="0" total="13500416" percent="0" />
      <mem type="survivor" free="0" total="3276800" percent="0" />
    </mem>
    <mem type="tenure" free="6331176" total="24182784" percent="26">
      <mem type="soa" free="5122856" total="22974464" percent="22" />
      <mem type="loa" free="1208320" total="1208320" percent="100" />
    </mem>
    <remembered-set count="1769" />
  </mem-info>
</gc-start>
<allocation-stats totalBytes="11729648" >
  <allocated-bytes non-tlh="24" tlh="11729624" />
  <largest-consumer threadName="main" threadId="00000000022F5700" bytes="11729648" />
</allocation-stats>
<gc-op id="1847" type="scavenge" timems="1.925" contextid="1844" timestamp="2019-07-02T20:42:26.639">
  <scavenger-info tenureage="1" tenuremask="4002" tiltratio="80" />
  <memory-copied type="nursery" objects="29244" bytes="721032" bytesdiscarded="57216" />
  <memory-copied type="tenure" objects="19411" bytes="1669952" bytesdiscarded="48" />
</gc-op>
<gc-end id="1848" type="scavenge" contextid="1844" durationms="2.301" usertimems="4.000" systemtimems="0.000" timestamp="2019-07-02T20:42:26.639" activeThreads="4">
  <mem-info id="1849" free="17413344" total="40960000" percent="42">
    <mem type="nursery" free="12984312" total="16777216" percent="77">
      <mem type="allocate" free="12984312" total="13762560" percent="94" />
      <mem type="survivor" free="0" total="3014656" percent="0" />
    </mem>
    <mem type="tenure" free="4429032" total="24182784" percent="18">
      <mem type="soa" free="3220712" total="22974464" percent="14" />
      <mem type="loa" free="1208320" total="1208320" percent="100" />
    </mem>
    <remembered-set count="297" />
  </mem-info>
</gc-end>
<cycle-end id="1850" type="scavenge" contextid="1844" timestamp="2019-07-02T20:42:26.639">
  <attribute name="GC Util" value="13" />
  <attribute name="CPU Util" value="457512084400" />
  <attribute name="Time Running"value="7737"/>
  <attribute name="Number of cores"value="4"/>
</cycle-end>
<allocation-satisfied id="1851" threadId="00000000022F5700" bytesRequested="24" />
<af-end id="1852" timestamp="2019-07-02T20:42:26.640" threadId="00000000022F6088" success="true" from="nursery"/>
<exclusive-end id="1853" timestamp="2019-07-02T20:42:26.640" durationms="3.318" />

<exclusive-start id="1854" timestamp="2019-07-02T20:42:26.675" intervalms="38.212">
  <response-info timems="0.081" idlems="0.081" threads="0" lastid="00000000022F5700" lastname="main" />
</exclusive-start>
<af-start id="1855" threadId="00000000022F6088" totalBytesRequested="16" timestamp="2019-07-02T20:42:26.675" intervalms="38.193" type="nursery" />
<cycle-start id="1856" type="scavenge" contextid="0" timestamp="2019-07-02T20:42:26.675" intervalms="38.198" />
  <attribute name="GC Util" value="13" />
  <attribute name="CPU Util" value="457512084400" />
  <attribute name="Time Running"value="7737"/>
  <attribute name="Number of cores"value="4"/>
<gc-start id="1857" type="scavenge" contextid="1856" timestamp="2019-07-02T20:42:26.675">
  <mem-info id="1858" free="4429032" total="40960000" percent="10">
    <mem type="nursery" free="0" total="16777216" percent="0">
      <mem type="allocate" free="0" total="13762560" percent="0" />
      <mem type="survivor" free="0" total="3014656" percent="0" />
    </mem>
    <mem type="tenure" free="4429032" total="24182784" percent="18">
      <mem type="soa" free="3220712" total="22974464" percent="14" />
      <mem type="loa" free="1208320" total="1208320" percent="100" />
    </mem>
    <remembered-set count="709" />
  </mem-info>
</gc-start>
<allocation-stats totalBytes="12983032" >
  <allocated-bytes non-tlh="131104" tlh="12851928" />
  <largest-consumer threadName="main" threadId="00000000022F5700" bytes="12983032" />
</allocation-stats>
<gc-op id="1859" type="scavenge" timems="2.154" contextid="1856" timestamp="2019-07-02T20:42:26.678">
  <scavenger-info tenureage="14" tenuremask="4000" tiltratio="82" />
  <memory-copied type="nursery" objects="61280" bytes="1504352" bytesdiscarded="138920" />
</gc-op>
<gc-end id="1860" type="scavenge" contextid="1856" durationms="2.622" usertimems="4.000" systemtimems="0.000" timestamp="2019-07-02T20:42:26.678" activeThreads="4">
  <mem-info id="1861" free="16679392" total="40960000" percent="40">
    <mem type="nursery" free="12250360" total="16777216" percent="73">
      <mem type="allocate" free="12250360" total="13893632" percent="88" />
      <mem type="survivor" free="0" total="2883584" percent="0" />
    </mem>
    <mem type="tenure" free="4429032" total="24182784" percent="18">
      <mem type="soa" free="3220712" total="22974464" percent="14" />
      <mem type="loa" free="1208320" total="1208320" percent="100" />
    </mem>
    <remembered-set count="501" />
  </mem-info>
</gc-end>
<cycle-end id="1862" type="scavenge" contextid="1856" timestamp="2019-07-02T20:42:26.678">
  <attribute name="GC Util" value="13" />
  <attribute name="CPU Util" value="483510965847" />
  <attribute name="Time Running"value="7776"/>
  <attribute name="Number of cores"value="4"/>
</cycle-end>
<allocation-satisfied id="1863" threadId="00000000022F5700" bytesRequested="16" />
<af-end id="1864" timestamp="2019-07-02T20:42:26.678" threadId="00000000022F6088" success="true" from="nursery"/>
<exclusive-end id="1865" timestamp="2019-07-02T20:42:26.678" durationms="3.731" />

<exclusive-start id="1866" timestamp="2019-07-02T20:42:26.742" intervalms="67.258">
  <response-info timems="0.074" idlems="0.074" threads="0" lastid="00000000022F5700" lastname="main" />
</exclusive-start>
<af-start id="1867" threadId="00000000022F6088" totalBytesRequested="16" timestamp="2019-07-02T20:42:26.742" intervalms="67.270" type="nursery" />
<cycle-start id="1868" type="scavenge" contextid="0" timestamp="2019-07-02T20:42:26.742" intervalms="67.268" />
  <attribute name="GC Util" value="13" />
  <attribute name="CPU Util" value="483510965847" />
  <attribute name="Time Running"value="7776"/>
  <attribute name="Number of cores"value="4"/>
<gc-start id="1869" type="scavenge" contextid="1868" timestamp="2019-07-02T20:42:26.743">
  <mem-info id="1870" free="4410456" total="40960000" percent="10">
    <mem type="nursery" free="0" total="16777216" percent="0">
      <mem type="allocate" free="0" total="13893632" percent="0" />
      <mem type="survivor" free="0" total="2883584" percent="0" />
    </mem>
    <mem type="tenure" free="4410456" total="24182784" percent="18">
      <mem type="soa" free="3202136" total="22974464" percent="13" />
      <mem type="loa" free="1208320" total="1208320" percent="100" />
    </mem>
    <remembered-set count="1174" />
  </mem-info>
</gc-start>
<allocation-stats totalBytes="12267832" >
  <allocated-bytes non-tlh="18592" tlh="12249240" />
  <largest-consumer threadName="main" threadId="00000000022F5700" bytes="12267832" />
</allocation-stats>
<gc-op id="1871" type="scavenge" timems="2.465" contextid="1868" timestamp="2019-07-02T20:42:26.745">
  <scavenger-info tenureage="14" tenuremask="4000" tiltratio="82" />
  <memory-copied type="nursery" objects="82781" bytes="2047840" bytesdiscarded="44440" />
  <references type="soft" candidates="2139" cleared="0" enqueued="0" dynamicThreshold="9" maxThreshold="32" />
  <references type="weak" candidates="78" cleared="6" enqueued="4" />
</gc-op>
<gc-end id="1872" type="scavenge" contextid="1868" durationms="2.954" usertimems="4.000" systemtimems="0.000" timestamp="2019-07-02T20:42:26.745" activeThreads="4">
  <mem-info id="1873" free="16277320" total="40960000" percent="39">
    <mem type="nursery" free="11866864" total="16777216" percent="70">
      <mem type="allocate" free="11866864" total="13959168" percent="85" />
      <mem type="survivor" free="0" total="2818048" percent="0" />
    </mem>
    <mem type="tenure" free="4410456" total="24182784" percent="18">
      <mem type="soa" free="3202136" total="22974464" percent="13" />
      <mem type="loa" free="1208320" total="1208320" percent="100" />
    </mem>
    <pending-finalizers system="0" default="0" reference="4" classloader="0" />
    <remembered-set count="1170" />
  </mem-info>
</gc-end>
<cycle-end id="1874" type="scavenge" contextid="1868" timestamp="2019-07-02T20:42:26.746">
  <attribute name="GC Util" value="7" />
  <attribute name="CPU Util" value="273773854311" />
  <attribute name="Time Running"value="7843"/>
  <attribute name="Number of cores"value="4"/>
</cycle-end>
<allocation-satisfied id="1875" threadId="00000000022F5700" bytesRequested="16" />
<af-end id="1876" timestamp="2019-07-02T20:42:26.746" threadId="00000000022F6088" success="true" from="nursery"/>
<exclusive-end id="1877" timestamp="2019-07-02T20:42:26.746" durationms="3.767" />

<exclusive-start id="1878" timestamp="2019-07-02T20:42:26.796" intervalms="53.579">
  <response-info timems="0.078" idlems="0.078" threads="0" lastid="00000000022F5700" lastname="main" />
</exclusive-start>
<af-start id="1879" threadId="00000000022F6088" totalBytesRequested="32" timestamp="2019-07-02T20:42:26.796" intervalms="53.562" type="nursery" />
<cycle-start id="1880" type="scavenge" contextid="0" timestamp="2019-07-02T20:42:26.796" intervalms="53.537" />
  <attribute name="GC Util" value="7" />
  <attribute name="CPU Util" value="273773854311" />
  <attribute name="Time Running"value="7843"/>
  <attribute name="Number of cores"value="4"/>
<gc-start id="1881" type="scavenge" contextid="1880" timestamp="2019-07-02T20:42:26.796">
  <mem-info id="1882" free="4410456" total="40960000" percent="10">
    <mem type="nursery" free="0" total="16777216" percent="0">
      <mem type="allocate" free="0" total="13959168" percent="0" />
      <mem type="survivor" free="0" total="2818048" percent="0" />
    </mem>
    <mem type="tenure" free="4410456" total="24182784" percent="18">
      <mem type="soa" free="3202136" total="22974464" percent="13" />
      <mem type="loa" free="1208320" total="1208320" percent="100" />
    </mem>
    <remembered-set count="1171" />
  </mem-info>
</gc-start>
<allocation-stats totalBytes="11866320" >
  <allocated-bytes non-tlh="16" tlh="11866304" />
  <largest-consumer threadName="main" threadId="00000000022F5700" bytes="11862224" />
</allocation-stats>
<gc-op id="1883" type="scavenge" timems="2.227" contextid="1880" timestamp="2019-07-02T20:42:26.799">
  <scavenger-info tenureage="2" tenuremask="400c" tiltratio="83" />
  <memory-copied type="nursery" objects="21527" bytes="544776" bytesdiscarded="198624" />
  <memory-copied type="tenure" objects="61245" bytes="1503344" bytesdiscarded="136" />
  <references type="soft" candidates="2139" cleared="0" enqueued="0" dynamicThreshold="9" maxThreshold="32" />
  <references type="weak" candidates="72" cleared="0" enqueued="0" />
</gc-op>
<gc-end id="1884" type="scavenge" contextid="1880" durationms="2.638" usertimems="8.000" systemtimems="0.000" timestamp="2019-07-02T20:42:26.799" activeThreads="4">
  <mem-info id="1885" free="16336464" total="40960000" percent="39">
    <mem type="nursery" free="13281280" total="16777216" percent="79">
      <mem type="allocate" free="13281280" total="14024704" percent="94" />
      <mem type="survivor" free="0" total="2752512" percent="0" />
    </mem>
    <mem type="tenure" free="3055184" total="24182784" percent="12">
      <mem type="soa" free="1846864" total="22974464" percent="8" />
      <mem type="loa" free="1208320" total="1208320" percent="100" />
    </mem>
    <remembered-set count="1258" />
  </mem-info>
</gc-end>
<cycle-end id="1886" type="scavenge" contextid="1880" timestamp="2019-07-02T20:42:26.799">
  <attribute name="GC Util" value="11" />
  <attribute name="CPU Util" value="344919024541" />
  <attribute name="Time Running"value="7896"/>
  <attribute name="Number of cores"value="4"/>
</cycle-end>
<allocation-satisfied id="1887" threadId="00000000022F5700" bytesRequested="32" />
<af-end id="1888" timestamp="2019-07-02T20:42:26.799" threadId="00000000022F6088" success="true" from="nursery"/>
<exclusive-end id="1889" timestamp="2019-07-02T20:42:26.799" durationms="3.619" />

<exclusive-start id="1890" timestamp="2019-07-02T20:42:26.873" intervalms="77.302">
  <response-info timems="0.081" idlems="0.081" threads="0" lastid="00000000022F5700" lastname="main" />
</exclusive-start>
<af-start id="1891" threadId="00000000022F6088" totalBytesRequested="32" timestamp="2019-07-02T20:42:26.873" intervalms="77.328" type="nursery" />
<cycle-start id="1892" type="scavenge" contextid="0" timestamp="2019-07-02T20:42:26.873" intervalms="77.367" />
  <attribute name="GC Util" value="11" />
  <attribute name="CPU Util" value="344919024541" />
  <attribute name="Time Running"value="7896"/>
  <attribute name="Number of cores"value="4"/>
<gc-start id="1893" type="scavenge" contextid="1892" timestamp="2019-07-02T20:42:26.873">
  <mem-info id="1894" free="3055184" total="40960000" percent="7">
    <mem type="nursery" free="0" total="16777216" percent="0">
      <mem type="allocate" free="0" total="14024704" percent="0" />
      <mem type="survivor" free="0" total="2752512" percent="0" />
    </mem>
    <mem type="tenure" free="3055184" total="24182784" percent="12">
      <mem type="soa" free="1846864" total="22974464" percent="8" />
      <mem type="loa" free="1208320" total="1208320" percent="100" />
    </mem>
    <remembered-set count="1258" />
  </mem-info>
</gc-start>
<allocation-stats totalBytes="13280128" >
  <allocated-bytes non-tlh="32" tlh="13280096" />
  <largest-consumer threadName="main" threadId="00000000022F5700" bytes="13280128" />
</allocation-stats>
<gc-op id="1895" type="scavenge" timems="0.912" contextid="1892" timestamp="2019-07-02T20:42:26.875">
  <scavenger-info tenureage="2" tenuremask="4004" tiltratio="83" />
  <memory-copied type="nursery" objects="27" bytes="1336" bytesdiscarded="146888" />
  <memory-copied type="tenure" objects="21514" bytes="543824" bytesdiscarded="48" />
  <references type="weak" candidates="2" cleared="0" enqueued="0" />
</gc-op>
<gc-end id="1896" type="scavenge" contextid="1892" durationms="1.332" usertimems="4.000" systemtimems="0.000" timestamp="2019-07-02T20:42:26.875" activeThreads="4">
  <mem-info id="1897" free="16895824" total="40960000" percent="41">
    <mem type="nursery" free="14335232" total="16777216" percent="85">
      <mem type="allocate" free="14335232" total="14483456" percent="98" />
      <mem type="survivor" free="0" total="2293760" percent="0" />
    </mem>
    <mem type="tenure" free="2560592" total="24182784" percent="10">
      <mem type="soa" free="1352272" total="22974464" percent="5" />
      <mem type="loa" free="1208320" total="1208320" percent="100" />
    </mem>
    <remembered-set count="92" />
  </mem-info>
</gc-end>
<cycle-end id="1898" type="scavenge" contextid="1892" timestamp="2019-07-02T20:42:26.875">
  <attribute name="GC Util" value="7" />
  <attribute name="CPU Util" value="238365054387" />
  <attribute name="Time Running"value="7974"/>
  <attribute name="Number of cores"value="4"/>
</cycle-end>
<allocation-satisfied id="1899" threadId="00000000022F5700" bytesRequested="32" />
<af-end id="1900" timestamp="2019-07-02T20:42:26.875" threadId="00000000022F6088" success="true" from="nursery"/>
<exclusive-end id="1901" timestamp="2019-07-02T20:42:26.875" durationms="2.228" />

<concurrent-kickoff id="1902" timestamp="2019-07-02T20:42:26.941">
  <kickoff reason="threshold reached" targetBytes="10007151" thresholdFreeBytes="1359682"  remainingFree="1293568" tenureFreeBytes="2560592" nurseryFreeBytes="1293568" />
</concurrent-kickoff>
<exclusive-start id="1903" timestamp="2019-07-02T20:42:26.941" intervalms="68.254">
  <response-info timems="0.069" idlems="0.069" threads="0" lastid="00000000022F5700" lastname="main" />
</exclusive-start>
<cycle-start id="1904" type="global" contextid="0" timestamp="2019-07-02T20:42:26.941" intervalms="406.221" />
  <attribute name="GC Util" value="7" />
  <attribute name="CPU Util" value="238365054387" />
  <attribute name="Time Running"value="7974"/>
  <attribute name="Number of cores"value="4"/>
<exclusive-end id="1905" timestamp="2019-07-02T20:42:26.941" durationms="0.311" />

<exclusive-start id="1906" timestamp="2019-07-02T20:42:26.959" intervalms="18.328">
  <response-info timems="0.088" idlems="0.088" threads="0" lastid="00000000022F5700" lastname="main" />
</exclusive-start>
<af-start id="1907" threadId="00000000022F6088" totalBytesRequested="32" timestamp="2019-07-02T20:42:26.960" intervalms="86.663" type="nursery" />
<cycle-start id="1908" type="scavenge" contextid="0" timestamp="2019-07-02T20:42:26.960" intervalms="86.672" />
  <attribute name="GC Util" value="7" />
  <attribute name="CPU Util" value="238365054387" />
  <attribute name="Time Running"value="7974"/>
  <attribute name="Number of cores"value="4"/>
<gc-start id="1909" type="scavenge" contextid="1908" timestamp="2019-07-02T20:42:26.960">
  <mem-info id="1910" free="2560592" total="40960000" percent="6">
    <mem type="nursery" free="0" total="16777216" percent="0">
      <mem type="allocate" free="0" total="14483456" percent="0" />
      <mem type="survivor" free="0" total="2293760" percent="0" />
    </mem>
    <mem type="tenure" free="2560592" total="24182784" percent="10">
      <mem type="soa" free="1352272" total="22974464" percent="5" />
      <mem type="loa" free="1208320" total="1208320" percent="100" />
    </mem>
    <remembered-set count="92" />
  </mem-info>
</gc-start>
<allocation-stats totalBytes="14333064" >
  <allocated-bytes non-tlh="32" tlh="14333032" />
  <largest-consumer threadName="main" threadId="00000000022F5700" bytes="14333064" />
</allocation-stats>
<gc-op id="1911" type="scavenge" timems="0.249" contextid="1908" timestamp="2019-07-02T20:42:26.961">
  <scavenger-info tenureage="14" tenuremask="4000" tiltratio="86" />
  <memory-copied type="nursery" objects="27" bytes="1336" bytesdiscarded="77000" />
  <references type="weak" candidates="2" cleared="0" enqueued="0" />
</gc-op>
<gc-end id="1912" type="scavenge" contextid="1908" durationms="0.816" usertimems="0.000" systemtimems="0.000" timestamp="2019-07-02T20:42:26.961" activeThreads="4">
  <mem-info id="1913" free="17424464" total="40960000" percent="42">
    <mem type="nursery" free="14863872" total="16777216" percent="88">
      <mem type="allocate" free="14863872" total="14942208" percent="99" />
      <mem type="survivor" free="0" total="1835008" percent="0" />
    </mem>
    <mem type="tenure" free="2560592" total="24182784" percent="10">
      <mem type="soa" free="1352272" total="22974464" percent="5" />
      <mem type="loa" free="1208320" total="1208320" percent="100" />
    </mem>
    <remembered-set count="92" />
  </mem-info>
</gc-end>
<cycle-end id="1914" type="scavenge" contextid="1908" timestamp="2019-07-02T20:42:26.961">
  <attribute name="GC Util" value="2" />
  <attribute name="CPU Util" value="212588684388" />
  <attribute name="Time Running"value="8061"/>
  <attribute name="Number of cores"value="4"/>
</cycle-end>
<allocation-satisfied id="1915" threadId="00000000022F5700" bytesRequested="32" />
<af-end id="1916" timestamp="2019-07-02T20:42:26.961" threadId="00000000022F6088" success="true" from="nursery"/>
<exclusive-end id="1917" timestamp="2019-07-02T20:42:26.961" durationms="2.008" />

<exclusive-start id="1918" timestamp="2019-07-02T20:42:26.962" intervalms="2.223">
  <response-info timems="0.059" idlems="0.059" threads="0" lastid="00000000022F5700" lastname="main" />
</exclusive-start>
<concurrent-collection-start id="1919" timestamp="2019-07-02T20:42:26.962" intervalms="407.501" >
  <concurrent-trace-info reason="card cleaning threshold reached" tracedByMutators="5037856" tracedByHelpers="8534780" cardsCleaned="0" workStackOverflowCount="0" />
</concurrent-collection-start>
<gc-start id="1920" type="global" contextid="1904" timestamp="2019-07-02T20:42:26.962">
  <mem-info id="1921" free="17358896" total="40960000" percent="42">
    <mem type="nursery" free="14798304" total="16777216" percent="88">
      <mem type="allocate" free="14798304" total="14942208" percent="99" />
      <mem type="survivor" free="0" total="1835008" percent="0" />
    </mem>
    <mem type="tenure" free="2560592" total="24182784" percent="10">
      <mem type="soa" free="1352272" total="22974464" percent="5" />
      <mem type="loa" free="1208320" total="1208320" percent="100" />
    </mem>
    <remembered-set count="92" />
  </mem-info>
</gc-start>
<allocation-stats totalBytes="65568" >
  <allocated-bytes non-tlh="32" tlh="65536" />
  <largest-consumer threadName="main" threadId="00000000022F5700" bytes="65568" />
</allocation-stats>
<gc-op id="1922" type="rs-scan" timems="0.162" contextid="1904" timestamp="2019-07-02T20:42:26.962">
  <scan objectsFound="73" bytesTraced="6940" workStackOverflowCount="0" />
</gc-op>
<gc-op id="1923" type="card-cleaning" timems="0.256" contextid="1904" timestamp="2019-07-02T20:42:26.963">
  <card-cleaning cardsCleaned="0" bytesTraced="7360" workStackOverflowCount="0" />
</gc-op>
<gc-op id="1924" type="mark" timems="1.576" contextid="1904" timestamp="2019-07-02T20:42:26.964">
  <trace-info objectcount="195" scancount="184" scanbytes="5648" />
  <finalization candidates="81" enqueued="1" />
  <ownableSynchronizers candidates="21" cleared="0" />
  <references type="soft" candidates="4639" cleared="102" enqueued="101" dynamicThreshold="9" maxThreshold="32" />
  <references type="weak" candidates="5425" cleared="2" enqueued="1" />
  <references type="phantom" candidates="74" cleared="0" enqueued="0" />
  <stringconstants candidates="13750" cleared="27"  />
</gc-op>
<gc-op id="1925" type="sweep" timems="0.673" contextid="1904" timestamp="2019-07-02T20:42:26.965" />
<heap-resize id="1926" type="expand" space="tenure" amount="2031616" count="1" timems="0.020" reason="insufficient free space following gc" timestamp="2019-07-02T20:42:26.965" />
<gc-end id="1927" type="global" contextid="1904" durationms="3.455" usertimems="8.000" systemtimems="0.000" timestamp="2019-07-02T20:42:26.965" activeThreads="4">
  <mem-info id="1928" free="22841568" total="42991616" percent="53">
    <mem type="nursery" free="14940840" total="16777216" percent="89">
      <mem type="allocate" free="14940840" total="14942208" percent="99" />
      <mem type="survivor" free="0" total="1835008" percent="0" />
    </mem>
    <mem type="tenure" free="7900728" total="26214400" percent="30" micro-fragmented="254776" macro-fragmented="0">
      <mem type="soa" free="6590008" total="24903680" percent="26" />
      <mem type="loa" free="1310720" total="1310720" percent="100" />
    </mem>
    <pending-finalizers system="0" default="1" reference="102" classloader="0" />
    <remembered-set count="92" />
  </mem-info>
</gc-end>
<cycle-end id="1929" type="global" contextid="1904" timestamp="2019-07-02T20:42:26.966">
  <attribute name="GC Util" value="151" />
  <attribute name="CPU Util" value="11013080137951" />
  <attribute name="Time Running"value="8065"/>
  <attribute name="Number of cores"value="4"/>
</cycle-end>
<concurrent-collection-end id="1930" timestamp="2019-07-02T20:42:26.966" />
<exclusive-end id="1931" timestamp="2019-07-02T20:42:26.966" durationms="4.266" />

<exclusive-start id="1932" timestamp="2019-07-02T20:42:28.005" intervalms="1043.371">
  <response-info timems="0.062" idlems="0.062" threads="0" lastid="00000000022F5700" lastname="main" />
</exclusive-start>
<af-start id="1933" threadId="00000000022F6088" totalBytesRequested="1168" timestamp="2019-07-02T20:42:28.005" intervalms="1045.518" type="nursery" />
<cycle-start id="1934" type="scavenge" contextid="0" timestamp="2019-07-02T20:42:28.005" intervalms="1045.533" />
  <attribute name="GC Util" value="151" />
  <attribute name="CPU Util" value="11013080137951" />
  <attribute name="Time Running"value="8065"/>
  <attribute name="Number of cores"value="4"/>
<gc-start id="1935" type="scavenge" contextid="1934" timestamp="2019-07-02T20:42:28.006">
  <mem-info id="1936" free="7900664" total="42991616" percent="18">
    <mem type="nursery" free="0" total="16777216" percent="0">
      <mem type="allocate" free="0" total="14942208" percent="0" />
      <mem type="survivor" free="0" total="1835008" percent="0" />
    </mem>
    <mem type="tenure" free="7900664" total="26214400" percent="30">
      <mem type="soa" free="6589944" total="24903680" percent="26" />
      <mem type="loa" free="1310720" total="1310720" percent="100" />
    </mem>
    <remembered-set count="252" />
  </mem-info>
</gc-start>
<allocation-stats totalBytes="14926080" >
  <allocated-bytes non-tlh="64" tlh="14926016" />
  <largest-consumer threadName="main" threadId="00000000022F5700" bytes="14926080" />
</allocation-stats>
<gc-op id="1937" type="scavenge" timems="0.505" contextid="1934" timestamp="2019-07-02T20:42:28.006">
  <scavenger-info tenureage="14" tenuremask="4000" tiltratio="89" />
  <memory-copied type="nursery" objects="90" bytes="3888" bytesdiscarded="144336" />
  <ownableSynchronizers candidates="42" cleared="42" />
  <references type="weak" candidates="2" cleared="0" enqueued="0" />
</gc-op>
<gc-end id="1938" type="scavenge" contextid="1934" durationms="0.944" usertimems="4.000" systemtimems="0.000" timestamp="2019-07-02T20:42:28.007" activeThreads="4">
  <mem-info id="1939" free="22825720" total="42991616" percent="53">
    <mem type="nursery" free="14925056" total="16777216" percent="88">
      <mem type="allocate" free="14925056" total="15073280" percent="99" />
      <mem type="survivor" free="0" total="1703936" percent="0" />
    </mem>
    <mem type="tenure" free="7900664" total="26214400" percent="30">
      <mem type="soa" free="6589944" total="24903680" percent="26" />
      <mem type="loa" free="1310720" total="1310720" percent="100" />
    </mem>
    <remembered-set count="212" />
  </mem-info>
</gc-end>
<cycle-end id="1940" type="scavenge" contextid="1934" timestamp="2019-07-02T20:42:28.007">
  <attribute name="GC Util" value="0" />
  <attribute name="CPU Util" value="64" />
  <attribute name="Time Running"value="9106"/>
  <attribute name="Number of cores"value="4"/>
</cycle-end>
<allocation-satisfied id="1941" threadId="00000000022F5700" bytesRequested="1168" />
<af-end id="1942" timestamp="2019-07-02T20:42:28.007" threadId="00000000022F6088" success="true" from="nursery"/>
<exclusive-end id="1943" timestamp="2019-07-02T20:42:28.007" durationms="2.077" />

<exclusive-start id="1944" timestamp="2019-07-02T20:42:28.012" intervalms="6.737">
  <response-info timems="0.090" idlems="0.090" threads="0" lastid="00000000022F5700" lastname="main" />
</exclusive-start>
<af-start id="1945" threadId="00000000022F6088" totalBytesRequested="1168" timestamp="2019-07-02T20:42:28.012" intervalms="6.741" type="nursery" />
<cycle-start id="1946" type="scavenge" contextid="0" timestamp="2019-07-02T20:42:28.012" intervalms="6.651" />
  <attribute name="GC Util" value="0" />
  <attribute name="CPU Util" value="64" />
  <attribute name="Time Running"value="9106"/>
  <attribute name="Number of cores"value="4"/>
<gc-start id="1947" type="scavenge" contextid="1946" timestamp="2019-07-02T20:42:28.012">
  <mem-info id="1948" free="7900664" total="42991616" percent="18">
    <mem type="nursery" free="0" total="16777216" percent="0">
      <mem type="allocate" free="0" total="15073280" percent="0" />
      <mem type="survivor" free="0" total="1703936" percent="0" />
    </mem>
    <mem type="tenure" free="7900664" total="26214400" percent="30">
      <mem type="soa" free="6589944" total="24903680" percent="26" />
      <mem type="loa" free="1310720" total="1310720" percent="100" />
    </mem>
    <remembered-set count="212" />
  </mem-info>
</gc-start>
<allocation-stats totalBytes="14866512" >
  <allocated-bytes non-tlh="1168" tlh="14865344" />
  <largest-consumer threadName="main" threadId="00000000022F5700" bytes="14866512" />
</allocation-stats>
<gc-op id="1949" type="scavenge" timems="0.654" contextid="1946" timestamp="2019-07-02T20:42:28.013">
  <scavenger-info tenureage="14" tenuremask="4000" tiltratio="89" />
  <memory-copied type="nursery" objects="89" bytes="3856" bytesdiscarded="74480" />
  <references type="weak" candidates="2" cleared="0" enqueued="0" />
</gc-op>
<gc-end id="1950" type="scavenge" contextid="1946" durationms="0.840" usertimems="0.000" systemtimems="0.000" timestamp="2019-07-02T20:42:28.013" activeThreads="4">
  <mem-info id="1951" free="22895608" total="42991616" percent="53">
    <mem type="nursery" free="14994944" total="16777216" percent="89">
      <mem type="allocate" free="14994944" total="15073280" percent="99" />
      <mem type="survivor" free="0" total="1703936" percent="0" />
    </mem>
    <mem type="tenure" free="7900664" total="26214400" percent="30">
      <mem type="soa" free="6589944" total="24903680" percent="26" />
      <mem type="loa" free="1310720" total="1310720" percent="100" />
    </mem>
    <remembered-set count="211" />
  </mem-info>
</gc-end>
<cycle-end id="1952" type="scavenge" contextid="1946" timestamp="2019-07-02T20:42:28.013">
  <attribute name="GC Util" value="22" />
  <attribute name="CPU Util" value="2887133388354" />
  <attribute name="Time Running"value="9112"/>
  <attribute name="Number of cores"value="4"/>
</cycle-end>
<allocation-satisfied id="1953" threadId="00000000022F5700" bytesRequested="1168" />
<af-end id="1954" timestamp="2019-07-02T20:42:28.013" threadId="00000000022F6088" success="true" from="nursery"/>
<exclusive-end id="1955" timestamp="2019-07-02T20:42:28.014" durationms="1.862" />

<exclusive-start id="1956" timestamp="2019-07-02T20:42:28.017" intervalms="5.240">
  <response-info timems="0.071" idlems="0.071" threads="0" lastid="00000000022F5700" lastname="main" />
</exclusive-start>
<af-start id="1957" threadId="00000000022F6088" totalBytesRequested="1168" timestamp="2019-07-02T20:42:28.017" intervalms="5.183" type="nursery" />
<cycle-start id="1958" type="scavenge" contextid="0" timestamp="2019-07-02T20:42:28.017" intervalms="5.224" />
  <attribute name="GC Util" value="22" />
  <attribute name="CPU Util" value="2887133388354" />
  <attribute name="Time Running"value="9112"/>
  <attribute name="Number of cores"value="4"/>
<gc-start id="1959" type="scavenge" contextid="1958" timestamp="2019-07-02T20:42:28.017">
  <mem-info id="1960" free="7900664" total="42991616" percent="18">
    <mem type="nursery" free="0" total="16777216" percent="0">
      <mem type="allocate" free="0" total="15073280" percent="0" />
      <mem type="survivor" free="0" total="1703936" percent="0" />
    </mem>
    <mem type="tenure" free="7900664" total="26214400" percent="30">
      <mem type="soa" free="6589944" total="24903680" percent="26" />
      <mem type="loa" free="1310720" total="1310720" percent="100" />
    </mem>
    <remembered-set count="211" />
  </mem-info>
</gc-start>
<allocation-stats totalBytes="14936768" >
  <allocated-bytes non-tlh="1168" tlh="14935600" />
  <largest-consumer threadName="main" threadId="00000000022F5700" bytes="14936768" />
</allocation-stats>
<gc-op id="1961" type="scavenge" timems="0.783" contextid="1958" timestamp="2019-07-02T20:42:28.018">
  <scavenger-info tenureage="14" tenuremask="4000" tiltratio="89" />
  <memory-copied type="nursery" objects="89" bytes="3856" bytesdiscarded="74480" />
  <references type="weak" candidates="2" cleared="0" enqueued="0" />
</gc-op>
<heap-resize id="1962" type="expand" space="nursery" amount="1835008" count="1" timems="0.017" reason="excessive time being spent scavenging" timestamp="2019-07-02T20:42:28.018" />
<gc-end id="1963" type="scavenge" contextid="1958" durationms="1.089" usertimems="4.000" systemtimems="0.000" timestamp="2019-07-02T20:42:28.018" activeThreads="4">
  <mem-info id="1964" free="24534008" total="44826624" percent="54">
    <mem type="nursery" free="16633344" total="18612224" percent="89">
      <mem type="allocate" free="16633344" total="16711680" percent="99" />
      <mem type="survivor" free="0" total="1900544" percent="0" />
    </mem>
    <mem type="tenure" free="7900664" total="26214400" percent="30">
      <mem type="soa" free="6589944" total="24903680" percent="26" />
      <mem type="loa" free="1310720" total="1310720" percent="100" />
    </mem>
    <remembered-set count="108" />
  </mem-info>
</gc-end>
<cycle-end id="1965" type="scavenge" contextid="1958" timestamp="2019-07-02T20:42:28.019">
  <attribute name="GC Util" value="32" />
  <attribute name="CPU Util" value="3493852392535" />
  <attribute name="Time Running"value="9118"/>
  <attribute name="Number of cores"value="4"/>
</cycle-end>
<allocation-satisfied id="1966" threadId="00000000022F5700" bytesRequested="1168" />
<af-end id="1967" timestamp="2019-07-02T20:42:28.019" threadId="00000000022F6088" success="true" from="nursery"/>
<exclusive-end id="1968" timestamp="2019-07-02T20:42:28.019" durationms="1.877" />

<exclusive-start id="1969" timestamp="2019-07-02T20:42:28.023" intervalms="5.709">
  <response-info timems="0.050" idlems="0.050" threads="0" lastid="00000000022F5700" lastname="main" />
</exclusive-start>
<af-start id="1970" threadId="00000000022F6088" totalBytesRequested="1168" timestamp="2019-07-02T20:42:28.023" intervalms="5.718" type="nursery" />
<cycle-start id="1971" type="scavenge" contextid="0" timestamp="2019-07-02T20:42:28.023" intervalms="5.690" />
  <attribute name="GC Util" value="32" />
  <attribute name="CPU Util" value="3493852392535" />
  <attribute name="Time Running"value="9118"/>
  <attribute name="Number of cores"value="4"/>
<gc-start id="1972" type="scavenge" contextid="1971" timestamp="2019-07-02T20:42:28.023">
  <mem-info id="1973" free="7900664" total="44826624" percent="17">
    <mem type="nursery" free="0" total="18612224" percent="0">
      <mem type="allocate" free="0" total="16711680" percent="0" />
      <mem type="survivor" free="0" total="1900544" percent="0" />
    </mem>
    <mem type="tenure" free="7900664" total="26214400" percent="30">
      <mem type="soa" free="6589944" total="24903680" percent="26" />
      <mem type="loa" free="1310720" total="1310720" percent="100" />
    </mem>
    <remembered-set count="108" />
  </mem-info>
</gc-start>
<allocation-stats totalBytes="16567936" >
  <allocated-bytes non-tlh="1168" tlh="16566768" />
  <largest-consumer threadName="main" threadId="00000000022F5700" bytes="16567936" />
</allocation-stats>
<gc-op id="1974" type="scavenge" timems="0.496" contextid="1971" timestamp="2019-07-02T20:42:28.024">
  <scavenger-info tenureage="14" tenuremask="4000" tiltratio="89" />
  <memory-copied type="nursery" objects="89" bytes="3856" bytesdiscarded="74480" />
  <references type="weak" candidates="2" cleared="0" enqueued="0" />
</gc-op>
<gc-end id="1975" type="scavenge" contextid="1971" durationms="0.871" usertimems="0.000" systemtimems="0.000" timestamp="2019-07-02T20:42:28.024" activeThreads="4">
  <mem-info id="1976" free="24534008" total="44826624" percent="54">
    <mem type="nursery" free="16633344" total="18612224" percent="89">
      <mem type="allocate" free="16633344" total="16711680" percent="99" />
      <mem type="survivor" free="0" total="1900544" percent="0" />
    </mem>
    <mem type="tenure" free="7900664" total="26214400" percent="30">
      <mem type="soa" free="6589944" total="24903680" percent="26" />
      <mem type="loa" free="1310720" total="1310720" percent="100" />
    </mem>
    <remembered-set count="108" />
  </mem-info>
</gc-end>
<cycle-end id="1977" type="scavenge" contextid="1971" timestamp="2019-07-02T20:42:28.024">
  <attribute name="GC Util" value="27" />
  <attribute name="CPU Util" value="3200004724367" />
  <attribute name="Time Running"value="9124"/>
  <attribute name="Number of cores"value="4"/>
</cycle-end>
<allocation-satisfied id="1978" threadId="00000000022F5700" bytesRequested="1168" />
<af-end id="1979" timestamp="2019-07-02T20:42:28.024" threadId="00000000022F6088" success="true" from="nursery"/>
<exclusive-end id="1980" timestamp="2019-07-02T20:42:28.024" durationms="1.597" />

<exclusive-start id="1981" timestamp="2019-07-02T20:42:28.028" intervalms="5.708">
  <response-info timems="0.051" idlems="0.051" threads="0" lastid="00000000022F5700" lastname="main" />
</exclusive-start>
<af-start id="1982" threadId="00000000022F6088" totalBytesRequested="1168" timestamp="2019-07-02T20:42:28.029" intervalms="5.662" type="nursery" />
<cycle-start id="1983" type="scavenge" contextid="0" timestamp="2019-07-02T20:42:28.029" intervalms="5.687" />
  <attribute name="GC Util" value="27" />
  <attribute name="CPU Util" value="3200004724367" />
  <attribute name="Time Running"value="9124"/>
  <attribute name="Number of cores"value="4"/>
<gc-start id="1984" type="scavenge" contextid="1983" timestamp="2019-07-02T20:42:28.029">
  <mem-info id="1985" free="7900664" total="44826624" percent="17">
    <mem type="nursery" free="0" total="18612224" percent="0">
      <mem type="allocate" free="0" total="16711680" percent="0" />
      <mem type="survivor" free="0" total="1900544" percent="0" />
    </mem>
    <mem type="tenure" free="7900664" total="26214400" percent="30">
      <mem type="soa" free="6589944" total="24903680" percent="26" />
      <mem type="loa" free="1310720" total="1310720" percent="100" />
    </mem>
    <remembered-set count="108" />
  </mem-info>
</gc-start>
<allocation-stats totalBytes="16573464" >
  <allocated-bytes non-tlh="1168" tlh="16572296" />
  <largest-consumer threadName="main" threadId="00000000022F5700" bytes="16573464" />
</allocation-stats>
<gc-op id="1986" type="scavenge" timems="0.471" contextid="1983" timestamp="2019-07-02T20:42:28.029">
  <scavenger-info tenureage="14" tenuremask="4000" tiltratio="89" />
  <memory-copied type="nursery" objects="90" bytes="3880" bytesdiscarded="74456" />
  <references type="weak" candidates="2" cleared="0" enqueued="0" />
</gc-op>
<gc-end id="1987" type="scavenge" contextid="1983" durationms="0.920" usertimems="0.000" systemtimems="0.000" timestamp="2019-07-02T20:42:28.030" activeThreads="4">
  <mem-info id="1988" free="24534008" total="44826624" percent="54">
    <mem type="nursery" free="16633344" total="18612224" percent="89">
      <mem type="allocate" free="16633344" total="16711680" percent="99" />
      <mem type="survivor" free="0" total="1900544" percent="0" />
    </mem>
    <mem type="tenure" free="7900664" total="26214400" percent="30">
      <mem type="soa" free="6589944" total="24903680" percent="26" />
      <mem type="loa" free="1310720" total="1310720" percent="100" />
    </mem>
    <remembered-set count="108" />
  </mem-info>
</gc-end>
<cycle-end id="1989" type="scavenge" contextid="1983" timestamp="2019-07-02T20:42:28.030">
  <attribute name="GC Util" value="19" />
  <attribute name="CPU Util" value="3237790940969" />
  <attribute name="Time Running"value="9129"/>
  <attribute name="Number of cores"value="4"/>
</cycle-end>
<allocation-satisfied id="1990" threadId="00000000022F5700" bytesRequested="1168" />
<af-end id="1991" timestamp="2019-07-02T20:42:28.030" threadId="00000000022F6088" success="true" from="nursery"/>
<exclusive-end id="1992" timestamp="2019-07-02T20:42:28.030" durationms="1.836" />

<exclusive-start id="1993" timestamp="2019-07-02T20:42:28.034" intervalms="5.570">
  <response-info timems="0.051" idlems="0.051" threads="0" lastid="00000000022F5700" lastname="main" />
</exclusive-start>
<af-start id="1994" threadId="00000000022F6088" totalBytesRequested="1168" timestamp="2019-07-02T20:42:28.034" intervalms="5.638" type="nursery" />
<cycle-start id="1995" type="scavenge" contextid="0" timestamp="2019-07-02T20:42:28.034" intervalms="5.602" />
  <attribute name="GC Util" value="19" />
  <attribute name="CPU Util" value="3237790940969" />
  <attribute name="Time Running"value="9129"/>
  <attribute name="Number of cores"value="4"/>
<gc-start id="1996" type="scavenge" contextid="1995" timestamp="2019-07-02T20:42:28.034">
  <mem-info id="1997" free="7900664" total="44826624" percent="17">
    <mem type="nursery" free="0" total="18612224" percent="0">
      <mem type="allocate" free="0" total="16711680" percent="0" />
      <mem type="survivor" free="0" total="1900544" percent="0" />
    </mem>
    <mem type="tenure" free="7900664" total="26214400" percent="30">
      <mem type="soa" free="6589944" total="24903680" percent="26" />
      <mem type="loa" free="1310720" total="1310720" percent="100" />
    </mem>
    <remembered-set count="108" />
  </mem-info>
</gc-start>
<allocation-stats totalBytes="16575624" >
  <allocated-bytes non-tlh="1168" tlh="16574456" />
  <largest-consumer threadName="main" threadId="00000000022F5700" bytes="16575624" />
</allocation-stats>
<gc-op id="1998" type="scavenge" timems="0.387" contextid="1995" timestamp="2019-07-02T20:42:28.035">
  <scavenger-info tenureage="2" tenuremask="fffc" tiltratio="89" />
  <memory-copied type="nursery" objects="1" bytes="24" bytesdiscarded="69864" />
  <memory-copied type="tenure" objects="89" bytes="3856" bytesdiscarded="336" />
</gc-op>
<gc-end id="1999" type="scavenge" contextid="1995" durationms="0.657" usertimems="0.000" systemtimems="0.000" timestamp="2019-07-02T20:42:28.035" activeThreads="4">
  <mem-info id="2000" free="24536472" total="44826624" percent="54">
    <mem type="nursery" free="16641792" total="18612224" percent="89">
      <mem type="allocate" free="16641792" total="16711680" percent="99" />
      <mem type="survivor" free="0" total="1900544" percent="0" />
    </mem>
    <mem type="tenure" free="7894680" total="26214400" percent="30">
      <mem type="soa" free="6583960" total="24903680" percent="26" />
      <mem type="loa" free="1310720" total="1310720" percent="100" />
    </mem>
    <remembered-set count="96" />
  </mem-info>
</gc-end>
<cycle-end id="2001" type="scavenge" contextid="1995" timestamp="2019-07-02T20:42:28.035">
  <attribute name="GC Util" value="20" />
  <attribute name="CPU Util" value="3328839485318" />
  <attribute name="Time Running"value="9135"/>
  <attribute name="Number of cores"value="4"/>
</cycle-end>
<allocation-satisfied id="2002" threadId="00000000022F5700" bytesRequested="1168" />
<af-end id="2003" timestamp="2019-07-02T20:42:28.035" threadId="00000000022F6088" success="true" from="nursery"/>
<exclusive-end id="2004" timestamp="2019-07-02T20:42:28.035" durationms="1.447" />

<exclusive-start id="2005" timestamp="2019-07-02T20:42:28.039" intervalms="5.059">
  <response-info timems="0.073" idlems="0.073" threads="0" lastid="00000000022F5700" lastname="main" />
</exclusive-start>
<af-start id="2006" threadId="00000000022F6088" totalBytesRequested="1168" timestamp="2019-07-02T20:42:28.039" intervalms="5.060" type="nursery" />
<cycle-start id="2007" type="scavenge" contextid="0" timestamp="2019-07-02T20:42:28.039" intervalms="5.140" />
  <attribute name="GC Util" value="20" />
  <attribute name="CPU Util" value="3328839485318" />
  <attribute name="Time Running"value="9135"/>
  <attribute name="Number of cores"value="4"/>
<gc-start id="2008" type="scavenge" contextid="2007" timestamp="2019-07-02T20:42:28.040">
  <mem-info id="2009" free="7894680" total="44826624" percent="17">
    <mem type="nursery" free="0" total="18612224" percent="0">
      <mem type="allocate" free="0" total="16711680" percent="0" />
      <mem type="survivor" free="0" total="1900544" percent="0" />
    </mem>
    <mem type="tenure" free="7894680" total="26214400" percent="30">
      <mem type="soa" free="6583960" total="24903680" percent="26" />
      <mem type="loa" free="1310720" total="1310720" percent="100" />
    </mem>
    <remembered-set count="96" />
  </mem-info>
</gc-start>
<allocation-stats totalBytes="16584248" >
  <allocated-bytes non-tlh="1168" tlh="16583080" />
  <largest-consumer threadName="main" threadId="00000000022F5700" bytes="16584248" />
</allocation-stats>
<gc-op id="2010" type="scavenge" timems="0.214" contextid="2007" timestamp="2019-07-02T20:42:28.040">
  <scavenger-info tenureage="3" tenuremask="fcb8" tiltratio="89" />
  <memory-copied type="nursery" objects="1" bytes="24" bytesdiscarded="39144" />
</gc-op>
<gc-end id="2011" type="scavenge" contextid="2007" durationms="0.795" usertimems="0.000" systemtimems="0.000" timestamp="2019-07-02T20:42:28.040" activeThreads="4">
  <mem-info id="2012" free="24567192" total="44826624" percent="54">
    <mem type="nursery" free="16672512" total="18612224" percent="89">
      <mem type="allocate" free="16672512" total="16711680" percent="99" />
      <mem type="survivor" free="0" total="1900544" percent="0" />
    </mem>
    <mem type="tenure" free="7894680" total="26214400" percent="30">
      <mem type="soa" free="6583960" total="24903680" percent="26" />
      <mem type="loa" free="1310720" total="1310720" percent="100" />
    </mem>
    <remembered-set count="96" />
  </mem-info>
</gc-end>
<cycle-end id="2013" type="scavenge" contextid="2007" timestamp="2019-07-02T20:42:28.041">
  <attribute name="GC Util" value="14" />
  <attribute name="CPU Util" value="3366127827002" />
  <attribute name="Time Running"value="9140"/>
  <attribute name="Number of cores"value="4"/>
</cycle-end>
<allocation-satisfied id="2014" threadId="00000000022F5700" bytesRequested="1168" />
<af-end id="2015" timestamp="2019-07-02T20:42:28.041" threadId="00000000022F6088" success="true" from="nursery"/>
<exclusive-end id="2016" timestamp="2019-07-02T20:42:28.041" durationms="1.751" />

<exclusive-start id="2017" timestamp="2019-07-02T20:42:28.044" intervalms="5.339">
  <response-info timems="0.023" idlems="0.023" threads="0" lastid="00000000022F5700" lastname="main" />
</exclusive-start>
<af-start id="2018" threadId="00000000022F6088" totalBytesRequested="1168" timestamp="2019-07-02T20:42:28.045" intervalms="5.350" type="nursery" />
<cycle-start id="2019" type="scavenge" contextid="0" timestamp="2019-07-02T20:42:28.045" intervalms="5.339" />
  <attribute name="GC Util" value="14" />
  <attribute name="CPU Util" value="3366127827002" />
  <attribute name="Time Running"value="9140"/>
  <attribute name="Number of cores"value="4"/>
<gc-start id="2020" type="scavenge" contextid="2019" timestamp="2019-07-02T20:42:28.045">
  <mem-info id="2021" free="7894680" total="44826624" percent="17">
    <mem type="nursery" free="0" total="18612224" percent="0">
      <mem type="allocate" free="0" total="16711680" percent="0" />
      <mem type="survivor" free="0" total="1900544" percent="0" />
    </mem>
    <mem type="tenure" free="7894680" total="26214400" percent="30">
      <mem type="soa" free="6583960" total="24903680" percent="26" />
      <mem type="loa" free="1310720" total="1310720" percent="100" />
    </mem>
    <remembered-set count="96" />
  </mem-info>
</gc-start>
<allocation-stats totalBytes="16613840" >
  <allocated-bytes non-tlh="1168" tlh="16612672" />
  <largest-consumer threadName="main" threadId="00000000022F5700" bytes="16613840" />
</allocation-stats>
<gc-op id="2022" type="scavenge" timems="0.256" contextid="2019" timestamp="2019-07-02T20:42:28.045">
  <scavenger-info tenureage="3" tenuremask="fff8" tiltratio="89" />
  <memory-copied type="nursery" objects="1" bytes="24" bytesdiscarded="39144" />
</gc-op>
<gc-end id="2023" type="scavenge" contextid="2019" durationms="0.582" usertimems="0.000" systemtimems="0.000" timestamp="2019-07-02T20:42:28.046" activeThreads="4">
  <mem-info id="2024" free="24567192" total="44826624" percent="54">
    <mem type="nursery" free="16672512" total="18612224" percent="89">
      <mem type="allocate" free="16672512" total="16711680" percent="99" />
      <mem type="survivor" free="0" total="1900544" percent="0" />
    </mem>
    <mem type="tenure" free="7894680" total="26214400" percent="30">
      <mem type="soa" free="6583960" total="24903680" percent="26" />
      <mem type="loa" free="1310720" total="1310720" percent="100" />
    </mem>
    <remembered-set count="96" />
  </mem-info>
</gc-end>
<cycle-end id="2025" type="scavenge" contextid="2019" timestamp="2019-07-02T20:42:28.046">
  <attribute name="GC Util" value="12" />
  <attribute name="CPU Util" value="3650461896346" />
  <attribute name="Time Running"value="9145"/>
  <attribute name="Number of cores"value="4"/>
</cycle-end>
<allocation-satisfied id="2026" threadId="00000000022F5700" bytesRequested="1168" />
<af-end id="2027" timestamp="2019-07-02T20:42:28.046" threadId="00000000022F6088" success="true" from="nursery"/>
<exclusive-end id="2028" timestamp="2019-07-02T20:42:28.046" durationms="1.482" />

<exclusive-start id="2029" timestamp="2019-07-02T20:42:28.050" intervalms="5.187">
  <response-info timems="0.071" idlems="0.071" threads="0" lastid="00000000022F5700" lastname="main" />
</exclusive-start>
<af-start id="2030" threadId="00000000022F6088" totalBytesRequested="1168" timestamp="2019-07-02T20:42:28.050" intervalms="5.167" type="nursery" />
<cycle-start id="2031" type="scavenge" contextid="0" timestamp="2019-07-02T20:42:28.050" intervalms="5.170" />
  <attribute name="GC Util" value="12" />
  <attribute name="CPU Util" value="3650461896346" />
  <attribute name="Time Running"value="9145"/>
  <attribute name="Number of cores"value="4"/>
<gc-start id="2032" type="scavenge" contextid="2031" timestamp="2019-07-02T20:42:28.050">
  <mem-info id="2033" free="7894680" total="44826624" percent="17">
    <mem type="nursery" free="0" total="18612224" percent="0">
      <mem type="allocate" free="0" total="16711680" percent="0" />
      <mem type="survivor" free="0" total="1900544" percent="0" />
    </mem>
    <mem type="tenure" free="7894680" total="26214400" percent="30">
      <mem type="soa" free="6583960" total="24903680" percent="26" />
      <mem type="loa" free="1310720" total="1310720" percent="100" />
    </mem>
    <remembered-set count="96" />
  </mem-info>
</gc-start>
<allocation-stats totalBytes="16615048" >
  <allocated-bytes non-tlh="1168" tlh="16613880" />
  <largest-consumer threadName="main" threadId="00000000022F5700" bytes="16615048" />
</allocation-stats>
<gc-op id="2034" type="scavenge" timems="0.214" contextid="2031" timestamp="2019-07-02T20:42:28.051">
  <scavenger-info tenureage="3" tenuremask="fff8" tiltratio="89" />
  <memory-copied type="nursery" objects="1" bytes="24" bytesdiscarded="39144" />
</gc-op>
<gc-end id="2035" type="scavenge" contextid="2031" durationms="0.682" usertimems="0.000" systemtimems="0.000" timestamp="2019-07-02T20:42:28.051" activeThreads="4">
  <mem-info id="2036" free="24567192" total="44826624" percent="54">
    <mem type="nursery" free="16672512" total="18612224" percent="89">
      <mem type="allocate" free="16672512" total="16711680" percent="99" />
      <mem type="survivor" free="0" total="1900544" percent="0" />
    </mem>
    <mem type="tenure" free="7894680" total="26214400" percent="30">
      <mem type="soa" free="6583960" total="24903680" percent="26" />
      <mem type="loa" free="1310720" total="1310720" percent="100" />
    </mem>
    <remembered-set count="96" />
  </mem-info>
</gc-end>
<cycle-end id="2037" type="scavenge" contextid="2031" timestamp="2019-07-02T20:42:28.051">
  <attribute name="GC Util" value="12" />
  <attribute name="CPU Util" value="3492195512399" />
  <attribute name="Time Running"value="9151"/>
  <attribute name="Number of cores"value="4"/>
</cycle-end>
<allocation-satisfied id="2038" threadId="00000000022F5700" bytesRequested="1168" />
<af-end id="2039" timestamp="2019-07-02T20:42:28.051" threadId="00000000022F6088" success="true" from="nursery"/>
<exclusive-end id="2040" timestamp="2019-07-02T20:42:28.051" durationms="1.659" />

<exclusive-start id="2041" timestamp="2019-07-02T20:42:28.055" intervalms="5.337">
  <response-info timems="0.070" idlems="0.070" threads="0" lastid="00000000022F5700" lastname="main" />
</exclusive-start>
<af-start id="2042" threadId="00000000022F6088" totalBytesRequested="1168" timestamp="2019-07-02T20:42:28.055" intervalms="5.296" type="nursery" />
<cycle-start id="2043" type="scavenge" contextid="0" timestamp="2019-07-02T20:42:28.055" intervalms="5.271" />
  <attribute name="GC Util" value="12" />
  <attribute name="CPU Util" value="3492195512399" />
  <attribute name="Time Running"value="9151"/>
  <attribute name="Number of cores"value="4"/>
<gc-start id="2044" type="scavenge" contextid="2043" timestamp="2019-07-02T20:42:28.055">
  <mem-info id="2045" free="7894680" total="44826624" percent="17">
    <mem type="nursery" free="0" total="18612224" percent="0">
      <mem type="allocate" free="0" total="16711680" percent="0" />
      <mem type="survivor" free="0" total="1900544" percent="0" />
    </mem>
    <mem type="tenure" free="7894680" total="26214400" percent="30">
      <mem type="soa" free="6583960" total="24903680" percent="26" />
      <mem type="loa" free="1310720" total="1310720" percent="100" />
    </mem>
    <remembered-set count="96" />
  </mem-info>
</gc-start>
<allocation-stats totalBytes="16613840" >
  <allocated-bytes non-tlh="1168" tlh="16612672" />
  <largest-consumer threadName="main" threadId="00000000022F5700" bytes="16613840" />
</allocation-stats>
<gc-op id="2046" type="scavenge" timems="0.182" contextid="2043" timestamp="2019-07-02T20:42:28.056">
  <scavenger-info tenureage="3" tenuremask="fff8" tiltratio="89" />
  <memory-copied type="nursery" objects="1" bytes="24" bytesdiscarded="39144" />
</gc-op>
<gc-end id="2047" type="scavenge" contextid="2043" durationms="0.555" usertimems="0.000" systemtimems="0.000" timestamp="2019-07-02T20:42:28.056" activeThreads="4">
  <mem-info id="2048" free="24567192" total="44826624" percent="54">
    <mem type="nursery" free="16672512" total="18612224" percent="89">
      <mem type="allocate" free="16672512" total="16711680" percent="99" />
      <mem type="survivor" free="0" total="1900544" percent="0" />
    </mem>
    <mem type="tenure" free="7894680" total="26214400" percent="30">
      <mem type="soa" free="6583960" total="24903680" percent="26" />
      <mem type="loa" free="1310720" total="1310720" percent="100" />
    </mem>
    <remembered-set count="96" />
  </mem-info>
</gc-end>
<cycle-end id="2049" type="scavenge" contextid="2043" timestamp="2019-07-02T20:42:28.056">
  <attribute name="GC Util" value="11" />
  <attribute name="CPU Util" value="3564312027916" />
  <attribute name="Time Running"value="9156"/>
  <attribute name="Number of cores"value="4"/>
</cycle-end>
<allocation-satisfied id="2050" threadId="00000000022F5700" bytesRequested="1168" />
<af-end id="2051" timestamp="2019-07-02T20:42:28.056" threadId="00000000022F6088" success="true" from="nursery"/>
<exclusive-end id="2052" timestamp="2019-07-02T20:42:28.056" durationms="1.335" />

<exclusive-start id="2053" timestamp="2019-07-02T20:42:28.060" intervalms="4.967">
  <response-info timems="0.057" idlems="0.057" threads="0" lastid="00000000022F5700" lastname="main" />
</exclusive-start>
<af-start id="2054" threadId="00000000022F6088" totalBytesRequested="1168" timestamp="2019-07-02T20:42:28.060" intervalms="4.958" type="nursery" />
<cycle-start id="2055" type="scavenge" contextid="0" timestamp="2019-07-02T20:42:28.060" intervalms="4.955" />
  <attribute name="GC Util" value="11" />
  <attribute name="CPU Util" value="3564312027916" />
  <attribute name="Time Running"value="9156"/>
  <attribute name="Number of cores"value="4"/>
<gc-start id="2056" type="scavenge" contextid="2055" timestamp="2019-07-02T20:42:28.060">
  <mem-info id="2057" free="7894680" total="44826624" percent="17">
    <mem type="nursery" free="0" total="18612224" percent="0">
      <mem type="allocate" free="0" total="16711680" percent="0" />
      <mem type="survivor" free="0" total="1900544" percent="0" />
    </mem>
    <mem type="tenure" free="7894680" total="26214400" percent="30">
      <mem type="soa" free="6583960" total="24903680" percent="26" />
      <mem type="loa" free="1310720" total="1310720" percent="100" />
    </mem>
    <remembered-set count="96" />
  </mem-info>
</gc-start>
<allocation-stats totalBytes="16615072" >
  <allocated-bytes non-tlh="1168" tlh="16613904" />
  <largest-consumer threadName="main" threadId="00000000022F5700" bytes="16615072" />
</allocation-stats>
<gc-op id="2058" type="scavenge" timems="0.184" contextid="2055" timestamp="2019-07-02T20:42:28.061">
  <scavenger-info tenureage="3" tenuremask="fff8" tiltratio="89" />
  <memory-copied type="nursery" objects="1" bytes="24" bytesdiscarded="39144" />
</gc-op>
<gc-end id="2059" type="scavenge" contextid="2055" durationms="0.553" usertimems="0.000" systemtimems="0.000" timestamp="2019-07-02T20:42:28.061" activeThreads="4">
  <mem-info id="2060" free="24567192" total="44826624" percent="54">
    <mem type="nursery" free="16672512" total="18612224" percent="89">
      <mem type="allocate" free="16672512" total="16711680" percent="99" />
      <mem type="survivor" free="0" total="1900544" percent="0" />
    </mem>
    <mem type="tenure" free="7894680" total="26214400" percent="30">
      <mem type="soa" free="6583960" total="24903680" percent="26" />
      <mem type="loa" free="1310720" total="1310720" percent="100" />
    </mem>
    <remembered-set count="96" />
  </mem-info>
</gc-end>
<cycle-end id="2061" type="scavenge" contextid="2055" timestamp="2019-07-02T20:42:28.061">
  <attribute name="GC Util" value="9" />
  <attribute name="CPU Util" value="3731267356903" />
  <attribute name="Time Running"value="9161"/>
  <attribute name="Number of cores"value="4"/>
</cycle-end>
<allocation-satisfied id="2062" threadId="00000000022F5700" bytesRequested="1168" />
<af-end id="2063" timestamp="2019-07-02T20:42:28.061" threadId="00000000022F6088" success="true" from="nursery"/>
<exclusive-end id="2064" timestamp="2019-07-02T20:42:28.061" durationms="1.222" />

<exclusive-start id="2065" timestamp="2019-07-02T20:42:28.065" intervalms="4.808">
  <response-info timems="0.032" idlems="0.032" threads="0" lastid="00000000022F5700" lastname="main" />
</exclusive-start>
<af-start id="2066" threadId="00000000022F6088" totalBytesRequested="1168" timestamp="2019-07-02T20:42:28.065" intervalms="4.809" type="nursery" />
<cycle-start id="2067" type="scavenge" contextid="0" timestamp="2019-07-02T20:42:28.065" intervalms="4.757" />
  <attribute name="GC Util" value="9" />
  <attribute name="CPU Util" value="3731267356903" />
  <attribute name="Time Running"value="9161"/>
  <attribute name="Number of cores"value="4"/>
<gc-start id="2068" type="scavenge" contextid="2067" timestamp="2019-07-02T20:42:28.065">
  <mem-info id="2069" free="7894680" total="44826624" percent="17">
    <mem type="nursery" free="0" total="18612224" percent="0">
      <mem type="allocate" free="0" total="16711680" percent="0" />
      <mem type="survivor" free="0" total="1900544" percent="0" />
    </mem>
    <mem type="tenure" free="7894680" total="26214400" percent="30">
      <mem type="soa" free="6583960" total="24903680" percent="26" />
      <mem type="loa" free="1310720" total="1310720" percent="100" />
    </mem>
    <remembered-set count="96" />
  </mem-info>
</gc-start>
<allocation-stats totalBytes="16613816" >
  <allocated-bytes non-tlh="1168" tlh="16612648" />
  <largest-consumer threadName="main" threadId="00000000022F5700" bytes="16613816" />
</allocation-stats>
<gc-op id="2070" type="scavenge" timems="0.221" contextid="2067" timestamp="2019-07-02T20:42:28.065">
  <scavenger-info tenureage="3" tenuremask="fff8" tiltratio="89" />
  <memory-copied type="nursery" objects="1" bytes="24" bytesdiscarded="39144" />
</gc-op>
<gc-end id="2071" type="scavenge" contextid="2067" durationms="0.441" usertimems="0.000" systemtimems="0.000" timestamp="2019-07-02T20:42:28.065" activeThreads="4">
  <mem-info id="2072" free="24567192" total="44826624" percent="54">
    <mem type="nursery" free="16672512" total="18612224" percent="89">
      <mem type="allocate" free="16672512" total="16711680" percent="99" />
      <mem type="survivor" free="0" total="1900544" percent="0" />
    </mem>
    <mem type="tenure" free="7894680" total="26214400" percent="30">
      <mem type="soa" free="6583960" total="24903680" percent="26" />
      <mem type="loa" free="1310720" total="1310720" percent="100" />
    </mem>
    <remembered-set count="96" />
  </mem-info>
</gc-end>
<cycle-end id="2073" type="scavenge" contextid="2067" timestamp="2019-07-02T20:42:28.066">
  <attribute name="GC Util" value="9" />
  <attribute name="CPU Util" value="4006344396958" />
  <attribute name="Time Running"value="9165"/>
  <attribute name="Number of cores"value="4"/>
</cycle-end>
<allocation-satisfied id="2074" threadId="00000000022F5700" bytesRequested="1168" />
<af-end id="2075" timestamp="2019-07-02T20:42:28.066" threadId="00000000022F6088" success="true" from="nursery"/>
<exclusive-end id="2076" timestamp="2019-07-02T20:42:28.066" durationms="1.128" />

<exclusive-start id="2077" timestamp="2019-07-02T20:42:28.069" intervalms="4.775">
  <response-info timems="0.022" idlems="0.022" threads="0" lastid="00000000022F5700" lastname="main" />
</exclusive-start>
<af-start id="2078" threadId="00000000022F6088" totalBytesRequested="1168" timestamp="2019-07-02T20:42:28.070" intervalms="4.795" type="nursery" />
<cycle-start id="2079" type="scavenge" contextid="0" timestamp="2019-07-02T20:42:28.070" intervalms="4.827" />
  <attribute name="GC Util" value="9" />
  <attribute name="CPU Util" value="4006344396958" />
  <attribute name="Time Running"value="9165"/>
  <attribute name="Number of cores"value="4"/>
<gc-start id="2080" type="scavenge" contextid="2079" timestamp="2019-07-02T20:42:28.070">
  <mem-info id="2081" free="7894680" total="44826624" percent="17">
    <mem type="nursery" free="0" total="18612224" percent="0">
      <mem type="allocate" free="0" total="16711680" percent="0" />
      <mem type="survivor" free="0" total="1900544" percent="0" />
    </mem>
    <mem type="tenure" free="7894680" total="26214400" percent="30">
      <mem type="soa" free="6583960" total="24903680" percent="26" />
      <mem type="loa" free="1310720" total="1310720" percent="100" />
    </mem>
    <remembered-set count="96" />
  </mem-info>
</gc-start>
<allocation-stats totalBytes="16615072" >
  <allocated-bytes non-tlh="1168" tlh="16613904" />
  <largest-consumer threadName="main" threadId="00000000022F5700" bytes="16615072" />
</allocation-stats>
<gc-op id="2082" type="scavenge" timems="0.193" contextid="2079" timestamp="2019-07-02T20:42:28.070">
  <scavenger-info tenureage="3" tenuremask="fff8" tiltratio="89" />
  <memory-copied type="nursery" objects="1" bytes="24" bytesdiscarded="39144" />
</gc-op>
<gc-end id="2083" type="scavenge" contextid="2079" durationms="0.437" usertimems="0.000" systemtimems="0.000" timestamp="2019-07-02T20:42:28.070" activeThreads="4">
  <mem-info id="2084" free="24567192" total="44826624" percent="54">
    <mem type="nursery" free="16672512" total="18612224" percent="89">
      <mem type="allocate" free="16672512" total="16711680" percent="99" />
      <mem type="survivor" free="0" total="1900544" percent="0" />
    </mem>
    <mem type="tenure" free="7894680" total="26214400" percent="30">
      <mem type="soa" free="6583960" total="24903680" percent="26" />
      <mem type="loa" free="1310720" total="1310720" percent="100" />
    </mem>
    <remembered-set count="96" />
  </mem-info>
</gc-end>
<cycle-end id="2085" type="scavenge" contextid="2079" timestamp="2019-07-02T20:42:28.070">
  <attribute name="GC Util" value="9" />
  <attribute name="CPU Util" value="3768279182446" />
  <attribute name="Time Running"value="9170"/>
  <attribute name="Number of cores"value="4"/>
</cycle-end>
<allocation-satisfied id="2086" threadId="00000000022F5700" bytesRequested="1168" />
<af-end id="2087" timestamp="2019-07-02T20:42:28.071" threadId="00000000022F6088" success="true" from="nursery"/>
<exclusive-end id="2088" timestamp="2019-07-02T20:42:28.071" durationms="1.242" />

<exclusive-start id="2089" timestamp="2019-07-02T20:42:28.074" intervalms="4.820">
  <response-info timems="0.055" idlems="0.055" threads="0" lastid="00000000022F5700" lastname="main" />
</exclusive-start>
<af-start id="2090" threadId="00000000022F6088" totalBytesRequested="1168" timestamp="2019-07-02T20:42:28.074" intervalms="4.747" type="nursery" />
<cycle-start id="2091" type="scavenge" contextid="0" timestamp="2019-07-02T20:42:28.074" intervalms="4.753" />
  <attribute name="GC Util" value="9" />
  <attribute name="CPU Util" value="3768279182446" />
  <attribute name="Time Running"value="9170"/>
  <attribute name="Number of cores"value="4"/>
<gc-start id="2092" type="scavenge" contextid="2091" timestamp="2019-07-02T20:42:28.075">
  <mem-info id="2093" free="7894680" total="44826624" percent="17">
    <mem type="nursery" free="0" total="18612224" percent="0">
      <mem type="allocate" free="0" total="16711680" percent="0" />
      <mem type="survivor" free="0" total="1900544" percent="0" />
    </mem>
    <mem type="tenure" free="7894680" total="26214400" percent="30">
      <mem type="soa" free="6583960" total="24903680" percent="26" />
      <mem type="loa" free="1310720" total="1310720" percent="100" />
    </mem>
    <remembered-set count="96" />
  </mem-info>
</gc-start>
<allocation-stats totalBytes="16613816" >
  <allocated-bytes non-tlh="1168" tlh="16612648" />
  <largest-consumer threadName="main" threadId="00000000022F5700" bytes="16613816" />
</allocation-stats>
<gc-op id="2094" type="scavenge" timems="0.188" contextid="2091" timestamp="2019-07-02T20:42:28.075">
  <scavenger-info tenureage="3" tenuremask="fff8" tiltratio="89" />
  <memory-copied type="nursery" objects="1" bytes="24" bytesdiscarded="39144" />
</gc-op>
<gc-end id="2095" type="scavenge" contextid="2091" durationms="0.502" usertimems="0.000" systemtimems="0.000" timestamp="2019-07-02T20:42:28.075" activeThreads="4">
  <mem-info id="2096" free="24567192" total="44826624" percent="54">
    <mem type="nursery" free="16672512" total="18612224" percent="89">
      <mem type="allocate" free="16672512" total="16711680" percent="99" />
      <mem type="survivor" free="0" total="1900544" percent="0" />
    </mem>
    <mem type="tenure" free="7894680" total="26214400" percent="30">
      <mem type="soa" free="6583960" total="24903680" percent="26" />
      <mem type="loa" free="1310720" total="1310720" percent="100" />
    </mem>
    <remembered-set count="96" />
  </mem-info>
</gc-end>
<cycle-end id="2097" type="scavenge" contextid="2091" timestamp="2019-07-02T20:42:28.075">
  <attribute name="GC Util" value="8" />
  <attribute name="CPU Util" value="3883776074245" />
  <attribute name="Time Running"value="9175"/>
  <attribute name="Number of cores"value="4"/>
</cycle-end>
<allocation-satisfied id="2098" threadId="00000000022F5700" bytesRequested="1168" />
<af-end id="2099" timestamp="2019-07-02T20:42:28.075" threadId="00000000022F6088" success="true" from="nursery"/>
<exclusive-end id="2100" timestamp="2019-07-02T20:42:28.075" durationms="1.130" />

<exclusive-start id="2101" timestamp="2019-07-02T20:42:28.079" intervalms="4.775">
  <response-info timems="0.069" idlems="0.069" threads="0" lastid="00000000022F5700" lastname="main" />
</exclusive-start>
<af-start id="2102" threadId="00000000022F6088" totalBytesRequested="1168" timestamp="2019-07-02T20:42:28.079" intervalms="4.772" type="nursery" />
<cycle-start id="2103" type="scavenge" contextid="0" timestamp="2019-07-02T20:42:28.079" intervalms="4.783" />
  <attribute name="GC Util" value="8" />
  <attribute name="CPU Util" value="3883776074245" />
  <attribute name="Time Running"value="9175"/>
  <attribute name="Number of cores"value="4"/>
<gc-start id="2104" type="scavenge" contextid="2103" timestamp="2019-07-02T20:42:28.079">
  <mem-info id="2105" free="7894680" total="44826624" percent="17">
    <mem type="nursery" free="0" total="18612224" percent="0">
      <mem type="allocate" free="0" total="16711680" percent="0" />
      <mem type="survivor" free="0" total="1900544" percent="0" />
    </mem>
    <mem type="tenure" free="7894680" total="26214400" percent="30">
      <mem type="soa" free="6583960" total="24903680" percent="26" />
      <mem type="loa" free="1310720" total="1310720" percent="100" />
    </mem>
    <remembered-set count="96" />
  </mem-info>
</gc-start>
<allocation-stats totalBytes="16615072" >
  <allocated-bytes non-tlh="1168" tlh="16613904" />
  <largest-consumer threadName="main" threadId="00000000022F5700" bytes="16615072" />
</allocation-stats>
<gc-op id="2106" type="scavenge" timems="0.190" contextid="2103" timestamp="2019-07-02T20:42:28.080">
  <scavenger-info tenureage="3" tenuremask="fff8" tiltratio="89" />
  <memory-copied type="nursery" objects="1" bytes="24" bytesdiscarded="39144" />
</gc-op>
<gc-end id="2107" type="scavenge" contextid="2103" durationms="0.549" usertimems="0.000" systemtimems="0.000" timestamp="2019-07-02T20:42:28.080" activeThreads="4">
  <mem-info id="2108" free="24567192" total="44826624" percent="54">
    <mem type="nursery" free="16672512" total="18612224" percent="89">
      <mem type="allocate" free="16672512" total="16711680" percent="99" />
      <mem type="survivor" free="0" total="1900544" percent="0" />
    </mem>
    <mem type="tenure" free="7894680" total="26214400" percent="30">
      <mem type="soa" free="6583960" total="24903680" percent="26" />
      <mem type="loa" free="1310720" total="1310720" percent="100" />
    </mem>
    <remembered-set count="96" />
  </mem-info>
</gc-end>
<cycle-end id="2109" type="scavenge" contextid="2103" timestamp="2019-07-02T20:42:28.080">
  <attribute name="GC Util" value="9" />
  <attribute name="CPU Util" value="3796908387043" />
  <attribute name="Time Running"value="9180"/>
  <attribute name="Number of cores"value="4"/>
</cycle-end>
<allocation-satisfied id="2110" threadId="00000000022F5700" bytesRequested="1168" />
<af-end id="2111" timestamp="2019-07-02T20:42:28.080" threadId="00000000022F6088" success="true" from="nursery"/>
<exclusive-end id="2112" timestamp="2019-07-02T20:42:28.080" durationms="1.290" />

<exclusive-start id="2113" timestamp="2019-07-02T20:42:28.084" intervalms="4.829">
  <response-info timems="0.023" idlems="0.023" threads="0" lastid="00000000022F5700" lastname="main" />
</exclusive-start>
<af-start id="2114" threadId="00000000022F6088" totalBytesRequested="1168" timestamp="2019-07-02T20:42:28.084" intervalms="4.833" type="nursery" />
<cycle-start id="2115" type="scavenge" contextid="0" timestamp="2019-07-02T20:42:28.084" intervalms="4.829" />
  <attribute name="GC Util" value="9" />
  <attribute name="CPU Util" value="3796908387043" />
  <attribute name="Time Running"value="9180"/>
  <attribute name="Number of cores"value="4"/>
<gc-start id="2116" type="scavenge" contextid="2115" timestamp="2019-07-02T20:42:28.084">
  <mem-info id="2117" free="7894680" total="44826624" percent="17">
    <mem type="nursery" free="0" total="18612224" percent="0">
      <mem type="allocate" free="0" total="16711680" percent="0" />
      <mem type="survivor" free="0" total="1900544" percent="0" />
    </mem>
    <mem type="tenure" free="7894680" total="26214400" percent="30">
      <mem type="soa" free="6583960" total="24903680" percent="26" />
      <mem type="loa" free="1310720" total="1310720" percent="100" />
    </mem>
    <remembered-set count="96" />
  </mem-info>
</gc-start>
<allocation-stats totalBytes="16613840" >
  <allocated-bytes non-tlh="1168" tlh="16612672" />
  <largest-consumer threadName="main" threadId="00000000022F5700" bytes="16613840" />
</allocation-stats>
<gc-op id="2118" type="scavenge" timems="0.197" contextid="2115" timestamp="2019-07-02T20:42:28.085">
  <scavenger-info tenureage="3" tenuremask="fff8" tiltratio="89" />
  <memory-copied type="nursery" objects="1" bytes="24" bytesdiscarded="39144" />
</gc-op>
<gc-end id="2119" type="scavenge" contextid="2115" durationms="0.529" usertimems="0.000" systemtimems="0.000" timestamp="2019-07-02T20:42:28.085" activeThreads="4">
  <mem-info id="2120" free="24567192" total="44826624" percent="54">
    <mem type="nursery" free="16672512" total="18612224" percent="89">
      <mem type="allocate" free="16672512" total="16711680" percent="99" />
      <mem type="survivor" free="0" total="1900544" percent="0" />
    </mem>
    <mem type="tenure" free="7894680" total="26214400" percent="30">
      <mem type="soa" free="6583960" total="24903680" percent="26" />
      <mem type="loa" free="1310720" total="1310720" percent="100" />
    </mem>
    <remembered-set count="96" />
  </mem-info>
</gc-end>
<cycle-end id="2121" type="scavenge" contextid="2115" timestamp="2019-07-02T20:42:28.085">
  <attribute name="GC Util" value="8" />
  <attribute name="CPU Util" value="3805936045547" />
  <attribute name="Time Running"value="9185"/>
  <attribute name="Number of cores"value="4"/>
</cycle-end>
<allocation-satisfied id="2122" threadId="00000000022F5700" bytesRequested="1168" />
<af-end id="2123" timestamp="2019-07-02T20:42:28.085" threadId="00000000022F6088" success="true" from="nursery"/>
<exclusive-end id="2124" timestamp="2019-07-02T20:42:28.085" durationms="1.153" />

<exclusive-start id="2125" timestamp="2019-07-02T20:42:28.089" intervalms="4.736">
  <response-info timems="0.023" idlems="0.023" threads="0" lastid="00000000022F5700" lastname="main" />
</exclusive-start>
<af-start id="2126" threadId="00000000022F6088" totalBytesRequested="1168" timestamp="2019-07-02T20:42:28.089" intervalms="4.784" type="nursery" />
<cycle-start id="2127" type="scavenge" contextid="0" timestamp="2019-07-02T20:42:28.089" intervalms="4.782" />
  <attribute name="GC Util" value="8" />
  <attribute name="CPU Util" value="3805936045547" />
  <attribute name="Time Running"value="9185"/>
  <attribute name="Number of cores"value="4"/>
<gc-start id="2128" type="scavenge" contextid="2127" timestamp="2019-07-02T20:42:28.089">
  <mem-info id="2129" free="7894680" total="44826624" percent="17">
    <mem type="nursery" free="0" total="18612224" percent="0">
      <mem type="allocate" free="0" total="16711680" percent="0" />
      <mem type="survivor" free="0" total="1900544" percent="0" />
    </mem>
    <mem type="tenure" free="7894680" total="26214400" percent="30">
      <mem type="soa" free="6583960" total="24903680" percent="26" />
      <mem type="loa" free="1310720" total="1310720" percent="100" />
    </mem>
    <remembered-set count="96" />
  </mem-info>
</gc-start>
<allocation-stats totalBytes="16615048" >
  <allocated-bytes non-tlh="1168" tlh="16613880" />
  <largest-consumer threadName="main" threadId="00000000022F5700" bytes="16615048" />
</allocation-stats>
<gc-op id="2130" type="scavenge" timems="0.203" contextid="2127" timestamp="2019-07-02T20:42:28.089">
  <scavenger-info tenureage="8" tenuremask="ff00" tiltratio="89" />
  <memory-copied type="nursery" objects="1" bytes="24" bytesdiscarded="39144" />
</gc-op>
<gc-end id="2131" type="scavenge" contextid="2127" durationms="0.543" usertimems="0.000" systemtimems="0.000" timestamp="2019-07-02T20:42:28.090" activeThreads="4">
  <mem-info id="2132" free="24567192" total="44826624" percent="54">
    <mem type="nursery" free="16672512" total="18612224" percent="89">
      <mem type="allocate" free="16672512" total="16711680" percent="99" />
      <mem type="survivor" free="0" total="1900544" percent="0" />
    </mem>
    <mem type="tenure" free="7894680" total="26214400" percent="30">
      <mem type="soa" free="6583960" total="24903680" percent="26" />
      <mem type="loa" free="1310720" total="1310720" percent="100" />
    </mem>
    <remembered-set count="96" />
  </mem-info>
</gc-end>
<cycle-end id="2133" type="scavenge" contextid="2127" timestamp="2019-07-02T20:42:28.090">
  <attribute name="GC Util" value="9" />
  <attribute name="CPU Util" value="3913830467128" />
  <attribute name="Time Running"value="9189"/>
  <attribute name="Number of cores"value="4"/>
</cycle-end>
<allocation-satisfied id="2134" threadId="00000000022F5700" bytesRequested="1168" />
<af-end id="2135" timestamp="2019-07-02T20:42:28.090" threadId="00000000022F6088" success="true" from="nursery"/>
<exclusive-end id="2136" timestamp="2019-07-02T20:42:28.090" durationms="1.346" />

<exclusive-start id="2137" timestamp="2019-07-02T20:42:28.094" intervalms="4.975">
  <response-info timems="0.054" idlems="0.054" threads="0" lastid="00000000022F5700" lastname="main" />
</exclusive-start>
<af-start id="2138" threadId="00000000022F6088" totalBytesRequested="1168" timestamp="2019-07-02T20:42:28.094" intervalms="5.007" type="nursery" />
<cycle-start id="2139" type="scavenge" contextid="0" timestamp="2019-07-02T20:42:28.094" intervalms="5.005" />
  <attribute name="GC Util" value="9" />
  <attribute name="CPU Util" value="3913830467128" />
  <attribute name="Time Running"value="9189"/>
  <attribute name="Number of cores"value="4"/>
<gc-start id="2140" type="scavenge" contextid="2139" timestamp="2019-07-02T20:42:28.094">
  <mem-info id="2141" free="7894680" total="44826624" percent="17">
    <mem type="nursery" free="0" total="18612224" percent="0">
      <mem type="allocate" free="0" total="16711680" percent="0" />
      <mem type="survivor" free="0" total="1900544" percent="0" />
    </mem>
    <mem type="tenure" free="7894680" total="26214400" percent="30">
      <mem type="soa" free="6583960" total="24903680" percent="26" />
      <mem type="loa" free="1310720" total="1310720" percent="100" />
    </mem>
    <remembered-set count="96" />
  </mem-info>
</gc-start>
<allocation-stats totalBytes="16613840" >
  <allocated-bytes non-tlh="1168" tlh="16612672" />
  <largest-consumer threadName="main" threadId="00000000022F5700" bytes="16613840" />
</allocation-stats>
<gc-op id="2142" type="scavenge" timems="0.188" contextid="2139" timestamp="2019-07-02T20:42:28.094">
  <scavenger-info tenureage="8" tenuremask="ff00" tiltratio="89" />
  <memory-copied type="nursery" objects="1" bytes="24" bytesdiscarded="39144" />
</gc-op>
<gc-end id="2143" type="scavenge" contextid="2139" durationms="0.398" usertimems="0.000" systemtimems="0.000" timestamp="2019-07-02T20:42:28.094" activeThreads="4">
  <mem-info id="2144" free="24567192" total="44826624" percent="54">
    <mem type="nursery" free="16672512" total="18612224" percent="89">
      <mem type="allocate" free="16672512" total="16711680" percent="99" />
      <mem type="survivor" free="0" total="1900544" percent="0" />
    </mem>
    <mem type="tenure" free="7894680" total="26214400" percent="30">
      <mem type="soa" free="6583960" total="24903680" percent="26" />
      <mem type="loa" free="1310720" total="1310720" percent="100" />
    </mem>
    <remembered-set count="96" />
  </mem-info>
</gc-end>
<cycle-end id="2145" type="scavenge" contextid="2139" timestamp="2019-07-02T20:42:28.094">
  <attribute name="GC Util" value="9" />
  <attribute name="CPU Util" value="3774051350732" />
  <attribute name="Time Running"value="9194"/>
  <attribute name="Number of cores"value="4"/>
</cycle-end>
<allocation-satisfied id="2146" threadId="00000000022F5700" bytesRequested="1168" />
<af-end id="2147" timestamp="2019-07-02T20:42:28.095" threadId="00000000022F6088" success="true" from="nursery"/>
<exclusive-end id="2148" timestamp="2019-07-02T20:42:28.095" durationms="1.169" />

<exclusive-start id="2149" timestamp="2019-07-02T20:42:28.098" intervalms="4.812">
  <response-info timems="0.069" idlems="0.069" threads="0" lastid="00000000022F5700" lastname="main" />
</exclusive-start>
<af-start id="2150" threadId="00000000022F6088" totalBytesRequested="1168" timestamp="2019-07-02T20:42:28.099" intervalms="4.782" type="nursery" />
<cycle-start id="2151" type="scavenge" contextid="0" timestamp="2019-07-02T20:42:28.099" intervalms="4.792" />
  <attribute name="GC Util" value="9" />
  <attribute name="CPU Util" value="3774051350732" />
  <attribute name="Time Running"value="9194"/>
  <attribute name="Number of cores"value="4"/>
<gc-start id="2152" type="scavenge" contextid="2151" timestamp="2019-07-02T20:42:28.099">
  <mem-info id="2153" free="7894680" total="44826624" percent="17">
    <mem type="nursery" free="0" total="18612224" percent="0">
      <mem type="allocate" free="0" total="16711680" percent="0" />
      <mem type="survivor" free="0" total="1900544" percent="0" />
    </mem>
    <mem type="tenure" free="7894680" total="26214400" percent="30">
      <mem type="soa" free="6583960" total="24903680" percent="26" />
      <mem type="loa" free="1310720" total="1310720" percent="100" />
    </mem>
    <remembered-set count="96" />
  </mem-info>
</gc-start>
<allocation-stats totalBytes="16615072" >
  <allocated-bytes non-tlh="1168" tlh="16613904" />
  <largest-consumer threadName="main" threadId="00000000022F5700" bytes="16615072" />
</allocation-stats>
<gc-op id="2154" type="scavenge" timems="0.177" contextid="2151" timestamp="2019-07-02T20:42:28.099">
  <scavenger-info tenureage="8" tenuremask="ff00" tiltratio="89" />
  <memory-copied type="nursery" objects="1" bytes="24" bytesdiscarded="39144" />
</gc-op>
<gc-end id="2155" type="scavenge" contextid="2151" durationms="0.583" usertimems="0.000" systemtimems="0.000" timestamp="2019-07-02T20:42:28.099" activeThreads="4">
  <mem-info id="2156" free="24567192" total="44826624" percent="54">
    <mem type="nursery" free="16672512" total="18612224" percent="89">
      <mem type="allocate" free="16672512" total="16711680" percent="99" />
      <mem type="survivor" free="0" total="1900544" percent="0" />
    </mem>
    <mem type="tenure" free="7894680" total="26214400" percent="30">
      <mem type="soa" free="6583960" total="24903680" percent="26" />
      <mem type="loa" free="1310720" total="1310720" percent="100" />
    </mem>
    <remembered-set count="96" />
  </mem-info>
</gc-end>
<cycle-end id="2157" type="scavenge" contextid="2151" timestamp="2019-07-02T20:42:28.100">
  <attribute name="GC Util" value="8" />
  <attribute name="CPU Util" value="3694217785679" />
  <attribute name="Time Running"value="9199"/>
  <attribute name="Number of cores"value="4"/>
</cycle-end>
<allocation-satisfied id="2158" threadId="00000000022F5700" bytesRequested="1168" />
<af-end id="2159" timestamp="2019-07-02T20:42:28.100" threadId="00000000022F6088" success="true" from="nursery"/>
<exclusive-end id="2160" timestamp="2019-07-02T20:42:28.100" durationms="1.341" />

<exclusive-start id="2161" timestamp="2019-07-02T20:42:28.103" intervalms="4.935">
  <response-info timems="0.022" idlems="0.022" threads="0" lastid="00000000022F5700" lastname="main" />
</exclusive-start>
<af-start id="2162" threadId="00000000022F6088" totalBytesRequested="1168" timestamp="2019-07-02T20:42:28.103" intervalms="4.886" type="nursery" />
<cycle-start id="2163" type="scavenge" contextid="0" timestamp="2019-07-02T20:42:28.104" intervalms="4.878" />
  <attribute name="GC Util" value="8" />
  <attribute name="CPU Util" value="3694217785679" />
  <attribute name="Time Running"value="9199"/>
  <attribute name="Number of cores"value="4"/>
<gc-start id="2164" type="scavenge" contextid="2163" timestamp="2019-07-02T20:42:28.104">
  <mem-info id="2165" free="7894680" total="44826624" percent="17">
    <mem type="nursery" free="0" total="18612224" percent="0">
      <mem type="allocate" free="0" total="16711680" percent="0" />
      <mem type="survivor" free="0" total="1900544" percent="0" />
    </mem>
    <mem type="tenure" free="7894680" total="26214400" percent="30">
      <mem type="soa" free="6583960" total="24903680" percent="26" />
      <mem type="loa" free="1310720" total="1310720" percent="100" />
    </mem>
    <remembered-set count="96" />
  </mem-info>
</gc-start>
<allocation-stats totalBytes="16613816" >
  <allocated-bytes non-tlh="1168" tlh="16612648" />
  <largest-consumer threadName="main" threadId="00000000022F5700" bytes="16613816" />
</allocation-stats>
<gc-op id="2166" type="scavenge" timems="0.193" contextid="2163" timestamp="2019-07-02T20:42:28.104">
  <scavenger-info tenureage="8" tenuremask="ff00" tiltratio="89" />
  <memory-copied type="nursery" objects="1" bytes="24" bytesdiscarded="39144" />
</gc-op>
<gc-end id="2167" type="scavenge" contextid="2163" durationms="0.567" usertimems="0.000" systemtimems="0.000" timestamp="2019-07-02T20:42:28.104" activeThreads="4">
  <mem-info id="2168" free="24567192" total="44826624" percent="54">
    <mem type="nursery" free="16672512" total="18612224" percent="89">
      <mem type="allocate" free="16672512" total="16711680" percent="99" />
      <mem type="survivor" free="0" total="1900544" percent="0" />
    </mem>
    <mem type="tenure" free="7894680" total="26214400" percent="30">
      <mem type="soa" free="6583960" total="24903680" percent="26" />
      <mem type="loa" free="1310720" total="1310720" percent="100" />
    </mem>
    <remembered-set count="96" />
  </mem-info>
</gc-end>
<cycle-end id="2169" type="scavenge" contextid="2163" timestamp="2019-07-02T20:42:28.104">
  <attribute name="GC Util" value="8" />
  <attribute name="CPU Util" value="3833482377342" />
  <attribute name="Time Running"value="9204"/>
  <attribute name="Number of cores"value="4"/>
</cycle-end>
<allocation-satisfied id="2170" threadId="00000000022F5700" bytesRequested="1168" />
<af-end id="2171" timestamp="2019-07-02T20:42:28.105" threadId="00000000022F6088" success="true" from="nursery"/>
<exclusive-end id="2172" timestamp="2019-07-02T20:42:28.105" durationms="1.223" />

<exclusive-start id="2173" timestamp="2019-07-02T20:42:28.108" intervalms="4.905">
  <response-info timems="0.056" idlems="0.056" threads="0" lastid="00000000022F5700" lastname="main" />
</exclusive-start>
<af-start id="2174" threadId="00000000022F6088" totalBytesRequested="1168" timestamp="2019-07-02T20:42:28.108" intervalms="4.944" type="nursery" />
<cycle-start id="2175" type="scavenge" contextid="0" timestamp="2019-07-02T20:42:28.108" intervalms="4.940" />
  <attribute name="GC Util" value="8" />
  <attribute name="CPU Util" value="3833482377342" />
  <attribute name="Time Running"value="9204"/>
  <attribute name="Number of cores"value="4"/>
<gc-start id="2176" type="scavenge" contextid="2175" timestamp="2019-07-02T20:42:28.109">
  <mem-info id="2177" free="7894680" total="44826624" percent="17">
    <mem type="nursery" free="0" total="18612224" percent="0">
      <mem type="allocate" free="0" total="16711680" percent="0" />
      <mem type="survivor" free="0" total="1900544" percent="0" />
    </mem>
    <mem type="tenure" free="7894680" total="26214400" percent="30">
      <mem type="soa" free="6583960" total="24903680" percent="26" />
      <mem type="loa" free="1310720" total="1310720" percent="100" />
    </mem>
    <remembered-set count="96" />
  </mem-info>
</gc-start>
<allocation-stats totalBytes="16615072" >
  <allocated-bytes non-tlh="1168" tlh="16613904" />
  <largest-consumer threadName="main" threadId="00000000022F5700" bytes="16615072" />
</allocation-stats>
<gc-op id="2178" type="scavenge" timems="0.184" contextid="2175" timestamp="2019-07-02T20:42:28.109">
  <scavenger-info tenureage="8" tenuremask="ff00" tiltratio="89" />
  <memory-copied type="nursery" objects="1" bytes="24" bytesdiscarded="39144" />
</gc-op>
<gc-end id="2179" type="scavenge" contextid="2175" durationms="0.471" usertimems="0.000" systemtimems="0.000" timestamp="2019-07-02T20:42:28.109" activeThreads="4">
  <mem-info id="2180" free="24567192" total="44826624" percent="54">
    <mem type="nursery" free="16672512" total="18612224" percent="89">
      <mem type="allocate" free="16672512" total="16711680" percent="99" />
      <mem type="survivor" free="0" total="1900544" percent="0" />
    </mem>
    <mem type="tenure" free="7894680" total="26214400" percent="30">
      <mem type="soa" free="6583960" total="24903680" percent="26" />
      <mem type="loa" free="1310720" total="1310720" percent="100" />
    </mem>
    <remembered-set count="96" />
  </mem-info>
</gc-end>
<cycle-end id="2181" type="scavenge" contextid="2175" timestamp="2019-07-02T20:42:28.109">
  <attribute name="GC Util" value="8" />
  <attribute name="CPU Util" value="3784363579894" />
  <attribute name="Time Running"value="9209"/>
  <attribute name="Number of cores"value="4"/>
</cycle-end>
<allocation-satisfied id="2182" threadId="00000000022F5700" bytesRequested="1168" />
<af-end id="2183" timestamp="2019-07-02T20:42:28.109" threadId="00000000022F6088" success="true" from="nursery"/>
<exclusive-end id="2184" timestamp="2019-07-02T20:42:28.109" durationms="1.125" />

<exclusive-start id="2185" timestamp="2019-07-02T20:42:28.113" intervalms="4.658">
  <response-info timems="0.021" idlems="0.021" threads="0" lastid="00000000022F5700" lastname="main" />
</exclusive-start>
<af-start id="2186" threadId="00000000022F6088" totalBytesRequested="1168" timestamp="2019-07-02T20:42:28.113" intervalms="4.615" type="nursery" />
<cycle-start id="2187" type="scavenge" contextid="0" timestamp="2019-07-02T20:42:28.113" intervalms="4.586" />
  <attribute name="GC Util" value="8" />
  <attribute name="CPU Util" value="3784363579894" />
  <attribute name="Time Running"value="9209"/>
  <attribute name="Number of cores"value="4"/>
<gc-start id="2188" type="scavenge" contextid="2187" timestamp="2019-07-02T20:42:28.113">
  <mem-info id="2189" free="7894680" total="44826624" percent="17">
    <mem type="nursery" free="0" total="18612224" percent="0">
      <mem type="allocate" free="0" total="16711680" percent="0" />
      <mem type="survivor" free="0" total="1900544" percent="0" />
    </mem>
    <mem type="tenure" free="7894680" total="26214400" percent="30">
      <mem type="soa" free="6583960" total="24903680" percent="26" />
      <mem type="loa" free="1310720" total="1310720" percent="100" />
    </mem>
    <remembered-set count="96" />
  </mem-info>
</gc-start>
<allocation-stats totalBytes="16613816" >
  <allocated-bytes non-tlh="1168" tlh="16612648" />
  <largest-consumer threadName="main" threadId="00000000022F5700" bytes="16613816" />
</allocation-stats>
<gc-op id="2190" type="scavenge" timems="0.189" contextid="2187" timestamp="2019-07-02T20:42:28.114">
  <scavenger-info tenureage="8" tenuremask="ff00" tiltratio="89" />
  <memory-copied type="nursery" objects="1" bytes="24" bytesdiscarded="39144" />
</gc-op>
<gc-end id="2191" type="scavenge" contextid="2187" durationms="0.488" usertimems="0.000" systemtimems="0.000" timestamp="2019-07-02T20:42:28.114" activeThreads="4">
  <mem-info id="2192" free="24567192" total="44826624" percent="54">
    <mem type="nursery" free="16672512" total="18612224" percent="89">
      <mem type="allocate" free="16672512" total="16711680" percent="99" />
      <mem type="survivor" free="0" total="1900544" percent="0" />
    </mem>
    <mem type="tenure" free="7894680" total="26214400" percent="30">
      <mem type="soa" free="6583960" total="24903680" percent="26" />
      <mem type="loa" free="1310720" total="1310720" percent="100" />
    </mem>
    <remembered-set count="96" />
  </mem-info>
</gc-end>
<cycle-end id="2193" type="scavenge" contextid="2187" timestamp="2019-07-02T20:42:28.114">
  <attribute name="GC Util" value="10" />
  <attribute name="CPU Util" value="4007894672200" />
  <attribute name="Time Running"value="9214"/>
  <attribute name="Number of cores"value="4"/>
</cycle-end>
<allocation-satisfied id="2194" threadId="00000000022F5700" bytesRequested="1168" />
<af-end id="2195" timestamp="2019-07-02T20:42:28.114" threadId="00000000022F6088" success="true" from="nursery"/>
<exclusive-end id="2196" timestamp="2019-07-02T20:42:28.114" durationms="1.217" />

<exclusive-start id="2197" timestamp="2019-07-02T20:42:28.118" intervalms="4.858">
  <response-info timems="0.069" idlems="0.069" threads="0" lastid="00000000022F5700" lastname="main" />
</exclusive-start>
<af-start id="2198" threadId="00000000022F6088" totalBytesRequested="1168" timestamp="2019-07-02T20:42:28.118" intervalms="4.912" type="nursery" />
<cycle-start id="2199" type="scavenge" contextid="0" timestamp="2019-07-02T20:42:28.118" intervalms="4.957" />
  <attribute name="GC Util" value="10" />
  <attribute name="CPU Util" value="4007894672200" />
  <attribute name="Time Running"value="9214"/>
  <attribute name="Number of cores"value="4"/>
<gc-start id="2200" type="scavenge" contextid="2199" timestamp="2019-07-02T20:42:28.118">
  <mem-info id="2201" free="7894680" total="44826624" percent="17">
    <mem type="nursery" free="0" total="18612224" percent="0">
      <mem type="allocate" free="0" total="16711680" percent="0" />
      <mem type="survivor" free="0" total="1900544" percent="0" />
    </mem>
    <mem type="tenure" free="7894680" total="26214400" percent="30">
      <mem type="soa" free="6583960" total="24903680" percent="26" />
      <mem type="loa" free="1310720" total="1310720" percent="100" />
    </mem>
    <remembered-set count="96" />
  </mem-info>
</gc-start>
<allocation-stats totalBytes="16615072" >
  <allocated-bytes non-tlh="1168" tlh="16613904" />
  <largest-consumer threadName="main" threadId="00000000022F5700" bytes="16615072" />
</allocation-stats>
<gc-op id="2202" type="scavenge" timems="0.184" contextid="2199" timestamp="2019-07-02T20:42:28.118">
  <scavenger-info tenureage="8" tenuremask="ff00" tiltratio="89" />
  <memory-copied type="nursery" objects="1" bytes="24" bytesdiscarded="39144" />
</gc-op>
<gc-end id="2203" type="scavenge" contextid="2199" durationms="0.410" usertimems="0.000" systemtimems="0.000" timestamp="2019-07-02T20:42:28.119" activeThreads="4">
  <mem-info id="2204" free="24567192" total="44826624" percent="54">
    <mem type="nursery" free="16672512" total="18612224" percent="89">
      <mem type="allocate" free="16672512" total="16711680" percent="99" />
      <mem type="survivor" free="0" total="1900544" percent="0" />
    </mem>
    <mem type="tenure" free="7894680" total="26214400" percent="30">
      <mem type="soa" free="6583960" total="24903680" percent="26" />
      <mem type="loa" free="1310720" total="1310720" percent="100" />
    </mem>
    <remembered-set count="96" />
  </mem-info>
</gc-end>
<cycle-end id="2205" type="scavenge" contextid="2199" timestamp="2019-07-02T20:42:28.119">
  <attribute name="GC Util" value="9" />
  <attribute name="CPU Util" value="3745038274959" />
  <attribute name="Time Running"value="9218"/>
  <attribute name="Number of cores"value="4"/>
</cycle-end>
<allocation-satisfied id="2206" threadId="00000000022F5700" bytesRequested="1168" />
<af-end id="2207" timestamp="2019-07-02T20:42:28.119" threadId="00000000022F6088" success="true" from="nursery"/>
<exclusive-end id="2208" timestamp="2019-07-02T20:42:28.119" durationms="1.116" />

<exclusive-start id="2209" timestamp="2019-07-02T20:42:28.122" intervalms="4.694">
  <response-info timems="0.057" idlems="0.057" threads="0" lastid="00000000022F5700" lastname="main" />
</exclusive-start>
<af-start id="2210" threadId="00000000022F6088" totalBytesRequested="1168" timestamp="2019-07-02T20:42:28.123" intervalms="4.738" type="nursery" />
<cycle-start id="2211" type="scavenge" contextid="0" timestamp="2019-07-02T20:42:28.123" intervalms="4.734" />
  <attribute name="GC Util" value="9" />
  <attribute name="CPU Util" value="3745038274959" />
  <attribute name="Time Running"value="9218"/>
  <attribute name="Number of cores"value="4"/>
<gc-start id="2212" type="scavenge" contextid="2211" timestamp="2019-07-02T20:42:28.123">
  <mem-info id="2213" free="7894680" total="44826624" percent="17">
    <mem type="nursery" free="0" total="18612224" percent="0">
      <mem type="allocate" free="0" total="16711680" percent="0" />
      <mem type="survivor" free="0" total="1900544" percent="0" />
    </mem>
    <mem type="tenure" free="7894680" total="26214400" percent="30">
      <mem type="soa" free="6583960" total="24903680" percent="26" />
      <mem type="loa" free="1310720" total="1310720" percent="100" />
    </mem>
    <remembered-set count="96" />
  </mem-info>
</gc-start>
<allocation-stats totalBytes="16613840" >
  <allocated-bytes non-tlh="1168" tlh="16612672" />
  <largest-consumer threadName="main" threadId="00000000022F5700" bytes="16613840" />
</allocation-stats>
<gc-op id="2214" type="scavenge" timems="0.199" contextid="2211" timestamp="2019-07-02T20:42:28.123">
  <scavenger-info tenureage="8" tenuremask="ff00" tiltratio="89" />
  <memory-copied type="nursery" objects="1" bytes="24" bytesdiscarded="39144" />
</gc-op>
<gc-end id="2215" type="scavenge" contextid="2211" durationms="0.559" usertimems="0.000" systemtimems="0.000" timestamp="2019-07-02T20:42:28.123" activeThreads="4">
  <mem-info id="2216" free="24567192" total="44826624" percent="54">
    <mem type="nursery" free="16672512" total="18612224" percent="89">
      <mem type="allocate" free="16672512" total="16711680" percent="99" />
      <mem type="survivor" free="0" total="1900544" percent="0" />
    </mem>
    <mem type="tenure" free="7894680" total="26214400" percent="30">
      <mem type="soa" free="6583960" total="24903680" percent="26" />
      <mem type="loa" free="1310720" total="1310720" percent="100" />
    </mem>
    <remembered-set count="96" />
  </mem-info>
</gc-end>
<cycle-end id="2217" type="scavenge" contextid="2211" timestamp="2019-07-02T20:42:28.124">
  <attribute name="GC Util" value="8" />
  <attribute name="CPU Util" value="3800392474301" />
  <attribute name="Time Running"value="9223"/>
  <attribute name="Number of cores"value="4"/>
</cycle-end>
<allocation-satisfied id="2218" threadId="00000000022F5700" bytesRequested="1168" />
<af-end id="2219" timestamp="2019-07-02T20:42:28.124" threadId="00000000022F6088" success="true" from="nursery"/>
<exclusive-end id="2220" timestamp="2019-07-02T20:42:28.124" durationms="1.414" />

<exclusive-start id="2221" timestamp="2019-07-02T20:42:28.128" intervalms="5.083">
  <response-info timems="0.071" idlems="0.071" threads="0" lastid="00000000022F5700" lastname="main" />
</exclusive-start>
<af-start id="2222" threadId="00000000022F6088" totalBytesRequested="1168" timestamp="2019-07-02T20:42:28.128" intervalms="4.983" type="nursery" />
<cycle-start id="2223" type="scavenge" contextid="0" timestamp="2019-07-02T20:42:28.128" intervalms="4.981" />
  <attribute name="GC Util" value="8" />
  <attribute name="CPU Util" value="3800392474301" />
  <attribute name="Time Running"value="9223"/>
  <attribute name="Number of cores"value="4"/>
<gc-start id="2224" type="scavenge" contextid="2223" timestamp="2019-07-02T20:42:28.128">
  <mem-info id="2225" free="7894680" total="44826624" percent="17">
    <mem type="nursery" free="0" total="18612224" percent="0">
      <mem type="allocate" free="0" total="16711680" percent="0" />
      <mem type="survivor" free="0" total="1900544" percent="0" />
    </mem>
    <mem type="tenure" free="7894680" total="26214400" percent="30">
      <mem type="soa" free="6583960" total="24903680" percent="26" />
      <mem type="loa" free="1310720" total="1310720" percent="100" />
    </mem>
    <remembered-set count="96" />
  </mem-info>
</gc-start>
<allocation-stats totalBytes="16615048" >
  <allocated-bytes non-tlh="1168" tlh="16613880" />
  <largest-consumer threadName="main" threadId="00000000022F5700" bytes="16615048" />
</allocation-stats>
<gc-op id="2226" type="scavenge" timems="0.196" contextid="2223" timestamp="2019-07-02T20:42:28.128">
  <scavenger-info tenureage="8" tenuremask="ff00" tiltratio="89" />
  <memory-copied type="nursery" objects="1" bytes="24" bytesdiscarded="39144" />
</gc-op>
<gc-end id="2227" type="scavenge" contextid="2223" durationms="0.604" usertimems="0.000" systemtimems="0.000" timestamp="2019-07-02T20:42:28.128" activeThreads="4">
  <mem-info id="2228" free="24567192" total="44826624" percent="54">
    <mem type="nursery" free="16672512" total="18612224" percent="89">
      <mem type="allocate" free="16672512" total="16711680" percent="99" />
      <mem type="survivor" free="0" total="1900544" percent="0" />
    </mem>
    <mem type="tenure" free="7894680" total="26214400" percent="30">
      <mem type="soa" free="6583960" total="24903680" percent="26" />
      <mem type="loa" free="1310720" total="1310720" percent="100" />
    </mem>
    <remembered-set count="96" />
  </mem-info>
</gc-end>
<cycle-end id="2229" type="scavenge" contextid="2223" timestamp="2019-07-02T20:42:28.129">
  <attribute name="GC Util" value="8" />
  <attribute name="CPU Util" value="3689383486790" />
  <attribute name="Time Running"value="9228"/>
  <attribute name="Number of cores"value="4"/>
</cycle-end>
<allocation-satisfied id="2230" threadId="00000000022F5700" bytesRequested="1168" />
<af-end id="2231" timestamp="2019-07-02T20:42:28.129" threadId="00000000022F6088" success="true" from="nursery"/>
<exclusive-end id="2232" timestamp="2019-07-02T20:42:28.129" durationms="1.304" />

<exclusive-start id="2233" timestamp="2019-07-02T20:42:28.132" intervalms="4.879">
  <response-info timems="0.021" idlems="0.021" threads="0" lastid="00000000022F5700" lastname="main" />
</exclusive-start>
<af-start id="2234" threadId="00000000022F6088" totalBytesRequested="1168" timestamp="2019-07-02T20:42:28.133" intervalms="4.921" type="nursery" />
<cycle-start id="2235" type="scavenge" contextid="0" timestamp="2019-07-02T20:42:28.133" intervalms="4.907" />
  <attribute name="GC Util" value="8" />
  <attribute name="CPU Util" value="3689383486790" />
  <attribute name="Time Running"value="9228"/>
  <attribute name="Number of cores"value="4"/>
<gc-start id="2236" type="scavenge" contextid="2235" timestamp="2019-07-02T20:42:28.133">
  <mem-info id="2237" free="7894680" total="44826624" percent="17">
    <mem type="nursery" free="0" total="18612224" percent="0">
      <mem type="allocate" free="0" total="16711680" percent="0" />
      <mem type="survivor" free="0" total="1900544" percent="0" />
    </mem>
    <mem type="tenure" free="7894680" total="26214400" percent="30">
      <mem type="soa" free="6583960" total="24903680" percent="26" />
      <mem type="loa" free="1310720" total="1310720" percent="100" />
    </mem>
    <remembered-set count="96" />
  </mem-info>
</gc-start>
<allocation-stats totalBytes="16613840" >
  <allocated-bytes non-tlh="1168" tlh="16612672" />
  <largest-consumer threadName="main" threadId="00000000022F5700" bytes="16613840" />
</allocation-stats>
<gc-op id="2238" type="scavenge" timems="0.211" contextid="2235" timestamp="2019-07-02T20:42:28.133">
  <scavenger-info tenureage="8" tenuremask="ff00" tiltratio="89" />
  <memory-copied type="nursery" objects="1" bytes="24" bytesdiscarded="39144" />
</gc-op>
<gc-end id="2239" type="scavenge" contextid="2235" durationms="0.380" usertimems="0.000" systemtimems="0.000" timestamp="2019-07-02T20:42:28.133" activeThreads="4">
  <mem-info id="2240" free="24567192" total="44826624" percent="54">
    <mem type="nursery" free="16672512" total="18612224" percent="89">
      <mem type="allocate" free="16672512" total="16711680" percent="99" />
      <mem type="survivor" free="0" total="1900544" percent="0" />
    </mem>
    <mem type="tenure" free="7894680" total="26214400" percent="30">
      <mem type="soa" free="6583960" total="24903680" percent="26" />
      <mem type="loa" free="1310720" total="1310720" percent="100" />
    </mem>
    <remembered-set count="96" />
  </mem-info>
</gc-end>
<cycle-end id="2241" type="scavenge" contextid="2235" timestamp="2019-07-02T20:42:28.133">
  <attribute name="GC Util" value="9" />
  <attribute name="CPU Util" value="3883090971069" />
  <attribute name="Time Running"value="9233"/>
  <attribute name="Number of cores"value="4"/>
</cycle-end>
<allocation-satisfied id="2242" threadId="00000000022F5700" bytesRequested="1168" />
<af-end id="2243" timestamp="2019-07-02T20:42:28.133" threadId="00000000022F6088" success="true" from="nursery"/>
<exclusive-end id="2244" timestamp="2019-07-02T20:42:28.133" durationms="1.074" />

<exclusive-start id="2245" timestamp="2019-07-02T20:42:28.137" intervalms="4.663">
  <response-info timems="0.023" idlems="0.023" threads="0" lastid="00000000022F5700" lastname="main" />
</exclusive-start>
<af-start id="2246" threadId="00000000022F6088" totalBytesRequested="1168" timestamp="2019-07-02T20:42:28.137" intervalms="4.620" type="nursery" />
<cycle-start id="2247" type="scavenge" contextid="0" timestamp="2019-07-02T20:42:28.137" intervalms="4.544" />
  <attribute name="GC Util" value="9" />
  <attribute name="CPU Util" value="3883090971069" />
  <attribute name="Time Running"value="9233"/>
  <attribute name="Number of cores"value="4"/>
<gc-start id="2248" type="scavenge" contextid="2247" timestamp="2019-07-02T20:42:28.137">
  <mem-info id="2249" free="7894680" total="44826624" percent="17">
    <mem type="nursery" free="0" total="18612224" percent="0">
      <mem type="allocate" free="0" total="16711680" percent="0" />
      <mem type="survivor" free="0" total="1900544" percent="0" />
    </mem>
    <mem type="tenure" free="7894680" total="26214400" percent="30">
      <mem type="soa" free="6583960" total="24903680" percent="26" />
      <mem type="loa" free="1310720" total="1310720" percent="100" />
    </mem>
    <remembered-set count="96" />
  </mem-info>
</gc-start>
<allocation-stats totalBytes="16615048" >
  <allocated-bytes non-tlh="1168" tlh="16613880" />
  <largest-consumer threadName="main" threadId="00000000022F5700" bytes="16615048" />
</allocation-stats>
<gc-op id="2250" type="scavenge" timems="0.153" contextid="2247" timestamp="2019-07-02T20:42:28.138">
  <scavenger-info tenureage="8" tenuremask="ff00" tiltratio="89" />
  <memory-copied type="nursery" objects="1" bytes="24" bytesdiscarded="39144" />
</gc-op>
<gc-end id="2251" type="scavenge" contextid="2247" durationms="0.365" usertimems="0.000" systemtimems="0.000" timestamp="2019-07-02T20:42:28.138" activeThreads="4">
  <mem-info id="2252" free="24567192" total="44826624" percent="54">
    <mem type="nursery" free="16672512" total="18612224" percent="89">
      <mem type="allocate" free="16672512" total="16711680" percent="99" />
      <mem type="survivor" free="0" total="1900544" percent="0" />
    </mem>
    <mem type="tenure" free="7894680" total="26214400" percent="30">
      <mem type="soa" free="6583960" total="24903680" percent="26" />
      <mem type="loa" free="1310720" total="1310720" percent="100" />
    </mem>
    <remembered-set count="96" />
  </mem-info>
</gc-end>
<cycle-end id="2253" type="scavenge" contextid="2247" timestamp="2019-07-02T20:42:28.138">
  <attribute name="GC Util" value="9" />
  <attribute name="CPU Util" value="4023784004596" />
  <attribute name="Time Running"value="9238"/>
  <attribute name="Number of cores"value="4"/>
</cycle-end>
<allocation-satisfied id="2254" threadId="00000000022F5700" bytesRequested="1168" />
<af-end id="2255" timestamp="2019-07-02T20:42:28.138" threadId="00000000022F6088" success="true" from="nursery"/>
<exclusive-end id="2256" timestamp="2019-07-02T20:42:28.138" durationms="1.018" />

<exclusive-start id="2257" timestamp="2019-07-02T20:42:28.142" intervalms="4.648">
  <response-info timems="0.054" idlems="0.054" threads="0" lastid="00000000022F5700" lastname="main" />
</exclusive-start>
<af-start id="2258" threadId="00000000022F6088" totalBytesRequested="1168" timestamp="2019-07-02T20:42:28.142" intervalms="4.697" type="nursery" />
<cycle-start id="2259" type="scavenge" contextid="0" timestamp="2019-07-02T20:42:28.142" intervalms="4.781" />
  <attribute name="GC Util" value="9" />
  <attribute name="CPU Util" value="4023784004596" />
  <attribute name="Time Running"value="9238"/>
  <attribute name="Number of cores"value="4"/>
<gc-start id="2260" type="scavenge" contextid="2259" timestamp="2019-07-02T20:42:28.142">
  <mem-info id="2261" free="7894680" total="44826624" percent="17">
    <mem type="nursery" free="0" total="18612224" percent="0">
      <mem type="allocate" free="0" total="16711680" percent="0" />
      <mem type="survivor" free="0" total="1900544" percent="0" />
    </mem>
    <mem type="tenure" free="7894680" total="26214400" percent="30">
      <mem type="soa" free="6583960" total="24903680" percent="26" />
      <mem type="loa" free="1310720" total="1310720" percent="100" />
    </mem>
    <remembered-set count="96" />
  </mem-info>
</gc-start>
<allocation-stats totalBytes="16613840" >
  <allocated-bytes non-tlh="1168" tlh="16612672" />
  <largest-consumer threadName="main" threadId="00000000022F5700" bytes="16613840" />
</allocation-stats>
<gc-op id="2262" type="scavenge" timems="0.187" contextid="2259" timestamp="2019-07-02T20:42:28.142">
  <scavenger-info tenureage="8" tenuremask="ff00" tiltratio="89" />
  <memory-copied type="nursery" objects="1" bytes="24" bytesdiscarded="39144" />
</gc-op>
<gc-end id="2263" type="scavenge" contextid="2259" durationms="0.575" usertimems="0.000" systemtimems="0.000" timestamp="2019-07-02T20:42:28.143" activeThreads="4">
  <mem-info id="2264" free="24567192" total="44826624" percent="54">
    <mem type="nursery" free="16672512" total="18612224" percent="89">
      <mem type="allocate" free="16672512" total="16711680" percent="99" />
      <mem type="survivor" free="0" total="1900544" percent="0" />
    </mem>
    <mem type="tenure" free="7894680" total="26214400" percent="30">
      <mem type="soa" free="6583960" total="24903680" percent="26" />
      <mem type="loa" free="1310720" total="1310720" percent="100" />
    </mem>
    <remembered-set count="96" />
  </mem-info>
</gc-end>
<cycle-end id="2265" type="scavenge" contextid="2259" timestamp="2019-07-02T20:42:28.143">
  <attribute name="GC Util" value="8" />
  <attribute name="CPU Util" value="3814385113662" />
  <attribute name="Time Running"value="9242"/>
  <attribute name="Number of cores"value="4"/>
</cycle-end>
<allocation-satisfied id="2266" threadId="00000000022F5700" bytesRequested="1168" />
<af-end id="2267" timestamp="2019-07-02T20:42:28.143" threadId="00000000022F6088" success="true" from="nursery"/>
<exclusive-end id="2268" timestamp="2019-07-02T20:42:28.143" durationms="1.269" />

<exclusive-start id="2269" timestamp="2019-07-02T20:42:28.147" intervalms="4.867">
  <response-info timems="0.025" idlems="0.025" threads="0" lastid="00000000022F5700" lastname="main" />
</exclusive-start>
<af-start id="2270" threadId="00000000022F6088" totalBytesRequested="1168" timestamp="2019-07-02T20:42:28.147" intervalms="4.864" type="nursery" />
<cycle-start id="2271" type="scavenge" contextid="0" timestamp="2019-07-02T20:42:28.147" intervalms="4.880" />
  <attribute name="GC Util" value="8" />
  <attribute name="CPU Util" value="3814385113662" />
  <attribute name="Time Running"value="9242"/>
  <attribute name="Number of cores"value="4"/>
<gc-start id="2272" type="scavenge" contextid="2271" timestamp="2019-07-02T20:42:28.147">
  <mem-info id="2273" free="7894680" total="44826624" percent="17">
    <mem type="nursery" free="0" total="18612224" percent="0">
      <mem type="allocate" free="0" total="16711680" percent="0" />
      <mem type="survivor" free="0" total="1900544" percent="0" />
    </mem>
    <mem type="tenure" free="7894680" total="26214400" percent="30">
      <mem type="soa" free="6583960" total="24903680" percent="26" />
      <mem type="loa" free="1310720" total="1310720" percent="100" />
    </mem>
    <remembered-set count="96" />
  </mem-info>
</gc-start>
<allocation-stats totalBytes="16615072" >
  <allocated-bytes non-tlh="1168" tlh="16613904" />
  <largest-consumer threadName="main" threadId="00000000022F5700" bytes="16615072" />
</allocation-stats>
<gc-op id="2274" type="scavenge" timems="0.215" contextid="2271" timestamp="2019-07-02T20:42:28.147">
  <scavenger-info tenureage="8" tenuremask="ff00" tiltratio="89" />
  <memory-copied type="nursery" objects="1" bytes="24" bytesdiscarded="39144" />
</gc-op>
<gc-end id="2275" type="scavenge" contextid="2271" durationms="0.629" usertimems="0.000" systemtimems="0.000" timestamp="2019-07-02T20:42:28.148" activeThreads="4">
  <mem-info id="2276" free="24567192" total="44826624" percent="54">
    <mem type="nursery" free="16672512" total="18612224" percent="89">
      <mem type="allocate" free="16672512" total="16711680" percent="99" />
      <mem type="survivor" free="0" total="1900544" percent="0" />
    </mem>
    <mem type="tenure" free="7894680" total="26214400" percent="30">
      <mem type="soa" free="6583960" total="24903680" percent="26" />
      <mem type="loa" free="1310720" total="1310720" percent="100" />
    </mem>
    <remembered-set count="96" />
  </mem-info>
</gc-end>
<cycle-end id="2277" type="scavenge" contextid="2271" timestamp="2019-07-02T20:42:28.148">
  <attribute name="GC Util" value="8" />
  <attribute name="CPU Util" value="3743051109428" />
  <attribute name="Time Running"value="9247"/>
  <attribute name="Number of cores"value="4"/>
</cycle-end>
<allocation-satisfied id="2278" threadId="00000000022F5700" bytesRequested="1168" />
<af-end id="2279" timestamp="2019-07-02T20:42:28.148" threadId="00000000022F6088" success="true" from="nursery"/>
<exclusive-end id="2280" timestamp="2019-07-02T20:42:28.148" durationms="1.411" />

<exclusive-start id="2281" timestamp="2019-07-02T20:42:28.152" intervalms="5.017">
  <response-info timems="0.072" idlems="0.072" threads="0" lastid="00000000022F5700" lastname="main" />
</exclusive-start>
<af-start id="2282" threadId="00000000022F6088" totalBytesRequested="1168" timestamp="2019-07-02T20:42:28.152" intervalms="4.977" type="nursery" />
<cycle-start id="2283" type="scavenge" contextid="0" timestamp="2019-07-02T20:42:28.152" intervalms="4.965" />
  <attribute name="GC Util" value="8" />
  <attribute name="CPU Util" value="3743051109428" />
  <attribute name="Time Running"value="9247"/>
  <attribute name="Number of cores"value="4"/>
<gc-start id="2284" type="scavenge" contextid="2283" timestamp="2019-07-02T20:42:28.152">
  <mem-info id="2285" free="7894680" total="44826624" percent="17">
    <mem type="nursery" free="0" total="18612224" percent="0">
      <mem type="allocate" free="0" total="16711680" percent="0" />
      <mem type="survivor" free="0" total="1900544" percent="0" />
    </mem>
    <mem type="tenure" free="7894680" total="26214400" percent="30">
      <mem type="soa" free="6583960" total="24903680" percent="26" />
      <mem type="loa" free="1310720" total="1310720" percent="100" />
    </mem>
    <remembered-set count="96" />
  </mem-info>
</gc-start>
<allocation-stats totalBytes="16613816" >
  <allocated-bytes non-tlh="1168" tlh="16612648" />
  <largest-consumer threadName="main" threadId="00000000022F5700" bytes="16613816" />
</allocation-stats>
<gc-op id="2286" type="scavenge" timems="0.195" contextid="2283" timestamp="2019-07-02T20:42:28.152">
  <scavenger-info tenureage="8" tenuremask="ff00" tiltratio="89" />
  <memory-copied type="nursery" objects="1" bytes="24" bytesdiscarded="39144" />
</gc-op>
<gc-end id="2287" type="scavenge" contextid="2283" durationms="0.606" usertimems="0.000" systemtimems="0.000" timestamp="2019-07-02T20:42:28.153" activeThreads="4">
  <mem-info id="2288" free="24567192" total="44826624" percent="54">
    <mem type="nursery" free="16672512" total="18612224" percent="89">
      <mem type="allocate" free="16672512" total="16711680" percent="99" />
      <mem type="survivor" free="0" total="1900544" percent="0" />
    </mem>
    <mem type="tenure" free="7894680" total="26214400" percent="30">
      <mem type="soa" free="6583960" total="24903680" percent="26" />
      <mem type="loa" free="1310720" total="1310720" percent="100" />
    </mem>
    <remembered-set count="96" />
  </mem-info>
</gc-end>
<cycle-end id="2289" type="scavenge" contextid="2283" timestamp="2019-07-02T20:42:28.153">
  <attribute name="GC Util" value="8" />
  <attribute name="CPU Util" value="3699311793063" />
  <attribute name="Time Running"value="9252"/>
  <attribute name="Number of cores"value="4"/>
</cycle-end>
<allocation-satisfied id="2290" threadId="00000000022F5700" bytesRequested="1168" />
<af-end id="2291" timestamp="2019-07-02T20:42:28.153" threadId="00000000022F6088" success="true" from="nursery"/>
<exclusive-end id="2292" timestamp="2019-07-02T20:42:28.153" durationms="1.349" />

<exclusive-start id="2293" timestamp="2019-07-02T20:42:28.157" intervalms="4.961">
  <response-info timems="0.060" idlems="0.060" threads="0" lastid="00000000022F5700" lastname="main" />
</exclusive-start>
<af-start id="2294" threadId="00000000022F6088" totalBytesRequested="1168" timestamp="2019-07-02T20:42:28.157" intervalms="4.957" type="nursery" />
<cycle-start id="2295" type="scavenge" contextid="0" timestamp="2019-07-02T20:42:28.157" intervalms="4.903" />
  <attribute name="GC Util" value="8" />
  <attribute name="CPU Util" value="3699311793063" />
  <attribute name="Time Running"value="9252"/>
  <attribute name="Number of cores"value="4"/>
<gc-start id="2296" type="scavenge" contextid="2295" timestamp="2019-07-02T20:42:28.157">
  <mem-info id="2297" free="7894680" total="44826624" percent="17">
    <mem type="nursery" free="0" total="18612224" percent="0">
      <mem type="allocate" free="0" total="16711680" percent="0" />
      <mem type="survivor" free="0" total="1900544" percent="0" />
    </mem>
    <mem type="tenure" free="7894680" total="26214400" percent="30">
      <mem type="soa" free="6583960" total="24903680" percent="26" />
      <mem type="loa" free="1310720" total="1310720" percent="100" />
    </mem>
    <remembered-set count="96" />
  </mem-info>
</gc-start>
<allocation-stats totalBytes="16615072" >
  <allocated-bytes non-tlh="1168" tlh="16613904" />
  <largest-consumer threadName="main" threadId="00000000022F5700" bytes="16615072" />
</allocation-stats>
<gc-op id="2298" type="scavenge" timems="0.204" contextid="2295" timestamp="2019-07-02T20:42:28.157">
  <scavenger-info tenureage="8" tenuremask="ff00" tiltratio="89" />
  <memory-copied type="nursery" objects="1" bytes="24" bytesdiscarded="39144" />
</gc-op>
<gc-end id="2299" type="scavenge" contextid="2295" durationms="0.376" usertimems="0.000" systemtimems="0.000" timestamp="2019-07-02T20:42:28.157" activeThreads="4">
  <mem-info id="2300" free="24567192" total="44826624" percent="54">
    <mem type="nursery" free="16672512" total="18612224" percent="89">
      <mem type="allocate" free="16672512" total="16711680" percent="99" />
      <mem type="survivor" free="0" total="1900544" percent="0" />
    </mem>
    <mem type="tenure" free="7894680" total="26214400" percent="30">
      <mem type="soa" free="6583960" total="24903680" percent="26" />
      <mem type="loa" free="1310720" total="1310720" percent="100" />
    </mem>
    <remembered-set count="96" />
  </mem-info>
</gc-end>
<cycle-end id="2301" type="scavenge" contextid="2295" timestamp="2019-07-02T20:42:28.157">
  <attribute name="GC Util" value="9" />
  <attribute name="CPU Util" value="3931241224255" />
  <attribute name="Time Running"value="9257"/>
  <attribute name="Number of cores"value="4"/>
</cycle-end>
<allocation-satisfied id="2302" threadId="00000000022F5700" bytesRequested="1168" />
<af-end id="2303" timestamp="2019-07-02T20:42:28.157" threadId="00000000022F6088" success="true" from="nursery"/>
<exclusive-end id="2304" timestamp="2019-07-02T20:42:28.158" durationms="0.930" />

<exclusive-start id="2305" timestamp="2019-07-02T20:42:28.161" intervalms="4.490">
  <response-info timems="0.023" idlems="0.023" threads="0" lastid="00000000022F5700" lastname="main" />
</exclusive-start>
<af-start id="2306" threadId="00000000022F6088" totalBytesRequested="1168" timestamp="2019-07-02T20:42:28.161" intervalms="4.490" type="nursery" />
<cycle-start id="2307" type="scavenge" contextid="0" timestamp="2019-07-02T20:42:28.161" intervalms="4.456" />
  <attribute name="GC Util" value="9" />
  <attribute name="CPU Util" value="3931241224255" />
  <attribute name="Time Running"value="9257"/>
  <attribute name="Number of cores"value="4"/>
<gc-start id="2308" type="scavenge" contextid="2307" timestamp="2019-07-02T20:42:28.161">
  <mem-info id="2309" free="7894680" total="44826624" percent="17">
    <mem type="nursery" free="0" total="18612224" percent="0">
      <mem type="allocate" free="0" total="16711680" percent="0" />
      <mem type="survivor" free="0" total="1900544" percent="0" />
    </mem>
    <mem type="tenure" free="7894680" total="26214400" percent="30">
      <mem type="soa" free="6583960" total="24903680" percent="26" />
      <mem type="loa" free="1310720" total="1310720" percent="100" />
    </mem>
    <remembered-set count="96" />
  </mem-info>
</gc-start>
<allocation-stats totalBytes="16613816" >
  <allocated-bytes non-tlh="1168" tlh="16612648" />
  <largest-consumer threadName="main" threadId="00000000022F5700" bytes="16613816" />
</allocation-stats>
<gc-op id="2310" type="scavenge" timems="0.153" contextid="2307" timestamp="2019-07-02T20:42:28.162">
  <scavenger-info tenureage="8" tenuremask="ff00" tiltratio="89" />
  <memory-copied type="nursery" objects="1" bytes="24" bytesdiscarded="39144" />
</gc-op>
<gc-end id="2311" type="scavenge" contextid="2307" durationms="0.317" usertimems="0.000" systemtimems="0.000" timestamp="2019-07-02T20:42:28.162" activeThreads="4">
  <mem-info id="2312" free="24567192" total="44826624" percent="54">
    <mem type="nursery" free="16672512" total="18612224" percent="89">
      <mem type="allocate" free="16672512" total="16711680" percent="99" />
      <mem type="survivor" free="0" total="1900544" percent="0" />
    </mem>
    <mem type="tenure" free="7894680" total="26214400" percent="30">
      <mem type="soa" free="6583960" total="24903680" percent="26" />
      <mem type="loa" free="1310720" total="1310720" percent="100" />
    </mem>
    <remembered-set count="96" />
  </mem-info>
</gc-end>
<cycle-end id="2313" type="scavenge" contextid="2307" timestamp="2019-07-02T20:42:28.162">
  <attribute name="GC Util" value="9" />
  <attribute name="CPU Util" value="4128469317177" />
  <attribute name="Time Running"value="9262"/>
  <attribute name="Number of cores"value="4"/>
</cycle-end>
<allocation-satisfied id="2314" threadId="00000000022F5700" bytesRequested="1168" />
<af-end id="2315" timestamp="2019-07-02T20:42:28.162" threadId="00000000022F6088" success="true" from="nursery"/>
<exclusive-end id="2316" timestamp="2019-07-02T20:42:28.162" durationms="0.879" />

<exclusive-start id="2317" timestamp="2019-07-02T20:42:28.166" intervalms="4.502">
  <response-info timems="0.057" idlems="0.057" threads="0" lastid="00000000022F5700" lastname="main" />
</exclusive-start>
<af-start id="2318" threadId="00000000022F6088" totalBytesRequested="1168" timestamp="2019-07-02T20:42:28.166" intervalms="4.558" type="nursery" />
<cycle-start id="2319" type="scavenge" contextid="0" timestamp="2019-07-02T20:42:28.166" intervalms="4.653" />
  <attribute name="GC Util" value="9" />
  <attribute name="CPU Util" value="4128469317177" />
  <attribute name="Time Running"value="9262"/>
  <attribute name="Number of cores"value="4"/>
<gc-start id="2320" type="scavenge" contextid="2319" timestamp="2019-07-02T20:42:28.166">
  <mem-info id="2321" free="7894680" total="44826624" percent="17">
    <mem type="nursery" free="0" total="18612224" percent="0">
      <mem type="allocate" free="0" total="16711680" percent="0" />
      <mem type="survivor" free="0" total="1900544" percent="0" />
    </mem>
    <mem type="tenure" free="7894680" total="26214400" percent="30">
      <mem type="soa" free="6583960" total="24903680" percent="26" />
      <mem type="loa" free="1310720" total="1310720" percent="100" />
    </mem>
    <remembered-set count="96" />
  </mem-info>
</gc-start>
<allocation-stats totalBytes="16615072" >
  <allocated-bytes non-tlh="1168" tlh="16613904" />
  <largest-consumer threadName="main" threadId="00000000022F5700" bytes="16615072" />
</allocation-stats>
<gc-op id="2322" type="scavenge" timems="0.192" contextid="2319" timestamp="2019-07-02T20:42:28.166">
  <scavenger-info tenureage="8" tenuremask="ff00" tiltratio="89" />
  <memory-copied type="nursery" objects="1" bytes="24" bytesdiscarded="39144" />
</gc-op>
<gc-end id="2323" type="scavenge" contextid="2319" durationms="0.592" usertimems="4.000" systemtimems="0.000" timestamp="2019-07-02T20:42:28.167" activeThreads="4">
  <mem-info id="2324" free="24567192" total="44826624" percent="54">
    <mem type="nursery" free="16672512" total="18612224" percent="89">
      <mem type="allocate" free="16672512" total="16711680" percent="99" />
      <mem type="survivor" free="0" total="1900544" percent="0" />
    </mem>
    <mem type="tenure" free="7894680" total="26214400" percent="30">
      <mem type="soa" free="6583960" total="24903680" percent="26" />
      <mem type="loa" free="1310720" total="1310720" percent="100" />
    </mem>
    <remembered-set count="96" />
  </mem-info>
</gc-end>
<cycle-end id="2325" type="scavenge" contextid="2319" timestamp="2019-07-02T20:42:28.167">
  <attribute name="GC Util" value="8" />
  <attribute name="CPU Util" value="3818399245827" />
  <attribute name="Time Running"value="9266"/>
  <attribute name="Number of cores"value="4"/>
</cycle-end>
<allocation-satisfied id="2326" threadId="00000000022F5700" bytesRequested="1168" />
<af-end id="2327" timestamp="2019-07-02T20:42:28.167" threadId="00000000022F6088" success="true" from="nursery"/>
<exclusive-end id="2328" timestamp="2019-07-02T20:42:28.167" durationms="1.352" />

<exclusive-start id="2329" timestamp="2019-07-02T20:42:28.171" intervalms="4.940">
  <response-info timems="0.059" idlems="0.059" threads="0" lastid="00000000022F5700" lastname="main" />
</exclusive-start>
<af-start id="2330" threadId="00000000022F6088" totalBytesRequested="1168" timestamp="2019-07-02T20:42:28.171" intervalms="4.980" type="nursery" />
<cycle-start id="2331" type="scavenge" contextid="0" timestamp="2019-07-02T20:42:28.171" intervalms="4.978" />
  <attribute name="GC Util" value="8" />
  <attribute name="CPU Util" value="3818399245827" />
  <attribute name="Time Running"value="9266"/>
  <attribute name="Number of cores"value="4"/>
<gc-start id="2332" type="scavenge" contextid="2331" timestamp="2019-07-02T20:42:28.171">
  <mem-info id="2333" free="7894680" total="44826624" percent="17">
    <mem type="nursery" free="0" total="18612224" percent="0">
      <mem type="allocate" free="0" total="16711680" percent="0" />
      <mem type="survivor" free="0" total="1900544" percent="0" />
    </mem>
    <mem type="tenure" free="7894680" total="26214400" percent="30">
      <mem type="soa" free="6583960" total="24903680" percent="26" />
      <mem type="loa" free="1310720" total="1310720" percent="100" />
    </mem>
    <remembered-set count="96" />
  </mem-info>
</gc-start>
<allocation-stats totalBytes="16613840" >
  <allocated-bytes non-tlh="1168" tlh="16612672" />
  <largest-consumer threadName="main" threadId="00000000022F5700" bytes="16613840" />
</allocation-stats>
<gc-op id="2334" type="scavenge" timems="0.192" contextid="2331" timestamp="2019-07-02T20:42:28.171">
  <scavenger-info tenureage="8" tenuremask="ff00" tiltratio="89" />
  <memory-copied type="nursery" objects="1" bytes="24" bytesdiscarded="39144" />
</gc-op>
<gc-end id="2335" type="scavenge" contextid="2331" durationms="0.491" usertimems="4.000" systemtimems="0.000" timestamp="2019-07-02T20:42:28.171" activeThreads="4">
  <mem-info id="2336" free="24567192" total="44826624" percent="54">
    <mem type="nursery" free="16672512" total="18612224" percent="89">
      <mem type="allocate" free="16672512" total="16711680" percent="99" />
      <mem type="survivor" free="0" total="1900544" percent="0" />
    </mem>
    <mem type="tenure" free="7894680" total="26214400" percent="30">
      <mem type="soa" free="6583960" total="24903680" percent="26" />
      <mem type="loa" free="1310720" total="1310720" percent="100" />
    </mem>
    <remembered-set count="96" />
  </mem-info>
</gc-end>
<cycle-end id="2337" type="scavenge" contextid="2331" timestamp="2019-07-02T20:42:28.172">
  <attribute name="GC Util" value="8" />
  <attribute name="CPU Util" value="3703602491055" />
  <attribute name="Time Running"value="9271"/>
  <attribute name="Number of cores"value="4"/>
</cycle-end>
<allocation-satisfied id="2338" threadId="00000000022F5700" bytesRequested="1168" />
<af-end id="2339" timestamp="2019-07-02T20:42:28.172" threadId="00000000022F6088" success="true" from="nursery"/>
<exclusive-end id="2340" timestamp="2019-07-02T20:42:28.172" durationms="1.381" />

<exclusive-start id="2341" timestamp="2019-07-02T20:42:28.176" intervalms="5.004">
  <response-info timems="0.053" idlems="0.053" threads="0" lastid="00000000022F5700" lastname="main" />
</exclusive-start>
<af-start id="2342" threadId="00000000022F6088" totalBytesRequested="1168" timestamp="2019-07-02T20:42:28.176" intervalms="4.964" type="nursery" />
<cycle-start id="2343" type="scavenge" contextid="0" timestamp="2019-07-02T20:42:28.176" intervalms="4.964" />
  <attribute name="GC Util" value="8" />
  <attribute name="CPU Util" value="3703602491055" />
  <attribute name="Time Running"value="9271"/>
  <attribute name="Number of cores"value="4"/>
<gc-start id="2344" type="scavenge" contextid="2343" timestamp="2019-07-02T20:42:28.176">
  <mem-info id="2345" free="7894680" total="44826624" percent="17">
    <mem type="nursery" free="0" total="18612224" percent="0">
      <mem type="allocate" free="0" total="16711680" percent="0" />
      <mem type="survivor" free="0" total="1900544" percent="0" />
    </mem>
    <mem type="tenure" free="7894680" total="26214400" percent="30">
      <mem type="soa" free="6583960" total="24903680" percent="26" />
      <mem type="loa" free="1310720" total="1310720" percent="100" />
    </mem>
    <remembered-set count="96" />
  </mem-info>
</gc-start>
<allocation-stats totalBytes="16615048" >
  <allocated-bytes non-tlh="1168" tlh="16613880" />
  <largest-consumer threadName="main" threadId="00000000022F5700" bytes="16615048" />
</allocation-stats>
<gc-op id="2346" type="scavenge" timems="0.192" contextid="2343" timestamp="2019-07-02T20:42:28.176">
  <scavenger-info tenureage="8" tenuremask="ff00" tiltratio="89" />
  <memory-copied type="nursery" objects="1" bytes="24" bytesdiscarded="39144" />
</gc-op>
<gc-end id="2347" type="scavenge" contextid="2343" durationms="0.583" usertimems="4.000" systemtimems="0.000" timestamp="2019-07-02T20:42:28.176" activeThreads="4">
  <mem-info id="2348" free="24567192" total="44826624" percent="54">
    <mem type="nursery" free="16672512" total="18612224" percent="89">
      <mem type="allocate" free="16672512" total="16711680" percent="99" />
      <mem type="survivor" free="0" total="1900544" percent="0" />
    </mem>
    <mem type="tenure" free="7894680" total="26214400" percent="30">
      <mem type="soa" free="6583960" total="24903680" percent="26" />
      <mem type="loa" free="1310720" total="1310720" percent="100" />
    </mem>
    <remembered-set count="96" />
  </mem-info>
</gc-end>
<cycle-end id="2349" type="scavenge" contextid="2343" timestamp="2019-07-02T20:42:28.177">
  <attribute name="GC Util" value="8" />
  <attribute name="CPU Util" value="3722525442452" />
  <attribute name="Time Running"value="9276"/>
  <attribute name="Number of cores"value="4"/>
</cycle-end>
<allocation-satisfied id="2350" threadId="00000000022F5700" bytesRequested="1168" />
<af-end id="2351" timestamp="2019-07-02T20:42:28.177" threadId="00000000022F6088" success="true" from="nursery"/>
<exclusive-end id="2352" timestamp="2019-07-02T20:42:28.177" durationms="1.335" />

<exclusive-start id="2353" timestamp="2019-07-02T20:42:28.180" intervalms="4.955">
  <response-info timems="0.056" idlems="0.056" threads="0" lastid="00000000022F5700" lastname="main" />
</exclusive-start>
<af-start id="2354" threadId="00000000022F6088" totalBytesRequested="1168" timestamp="2019-07-02T20:42:28.181" intervalms="4.905" type="nursery" />
<cycle-start id="2355" type="scavenge" contextid="0" timestamp="2019-07-02T20:42:28.181" intervalms="4.888" />
  <attribute name="GC Util" value="8" />
  <attribute name="CPU Util" value="3722525442452" />
  <attribute name="Time Running"value="9276"/>
  <attribute name="Number of cores"value="4"/>
<gc-start id="2356" type="scavenge" contextid="2355" timestamp="2019-07-02T20:42:28.181">
  <mem-info id="2357" free="7894680" total="44826624" percent="17">
    <mem type="nursery" free="0" total="18612224" percent="0">
      <mem type="allocate" free="0" total="16711680" percent="0" />
      <mem type="survivor" free="0" total="1900544" percent="0" />
    </mem>
    <mem type="tenure" free="7894680" total="26214400" percent="30">
      <mem type="soa" free="6583960" total="24903680" percent="26" />
      <mem type="loa" free="1310720" total="1310720" percent="100" />
    </mem>
    <remembered-set count="96" />
  </mem-info>
</gc-start>
<allocation-stats totalBytes="16613840" >
  <allocated-bytes non-tlh="1168" tlh="16612672" />
  <largest-consumer threadName="main" threadId="00000000022F5700" bytes="16613840" />
</allocation-stats>
<gc-op id="2358" type="scavenge" timems="0.191" contextid="2355" timestamp="2019-07-02T20:42:28.181">
  <scavenger-info tenureage="8" tenuremask="ff00" tiltratio="89" />
  <memory-copied type="nursery" objects="1" bytes="24" bytesdiscarded="39144" />
</gc-op>
<gc-end id="2359" type="scavenge" contextid="2355" durationms="0.391" usertimems="0.000" systemtimems="0.000" timestamp="2019-07-02T20:42:28.181" activeThreads="4">
  <mem-info id="2360" free="24567192" total="44826624" percent="54">
    <mem type="nursery" free="16672512" total="18612224" percent="89">
      <mem type="allocate" free="16672512" total="16711680" percent="99" />
      <mem type="survivor" free="0" total="1900544" percent="0" />
    </mem>
    <mem type="tenure" free="7894680" total="26214400" percent="30">
      <mem type="soa" free="6583960" total="24903680" percent="26" />
      <mem type="loa" free="1310720" total="1310720" percent="100" />
    </mem>
    <remembered-set count="96" />
  </mem-info>
</gc-end>
<cycle-end id="2361" type="scavenge" contextid="2355" timestamp="2019-07-02T20:42:28.181">
  <attribute name="GC Util" value="8" />
  <attribute name="CPU Util" value="3878074527769" />
  <attribute name="Time Running"value="9281"/>
  <attribute name="Number of cores"value="4"/>
</cycle-end>
<allocation-satisfied id="2362" threadId="00000000022F5700" bytesRequested="1168" />
<af-end id="2363" timestamp="2019-07-02T20:42:28.181" threadId="00000000022F6088" success="true" from="nursery"/>
<exclusive-end id="2364" timestamp="2019-07-02T20:42:28.182" durationms="1.149" />

<exclusive-start id="2365" timestamp="2019-07-02T20:42:28.185" intervalms="4.773">
  <response-info timems="0.022" idlems="0.022" threads="0" lastid="00000000022F5700" lastname="main" />
</exclusive-start>
<af-start id="2366" threadId="00000000022F6088" totalBytesRequested="1168" timestamp="2019-07-02T20:42:28.185" intervalms="4.808" type="nursery" />
<cycle-start id="2367" type="scavenge" contextid="0" timestamp="2019-07-02T20:42:28.185" intervalms="4.729" />
  <attribute name="GC Util" value="8" />
  <attribute name="CPU Util" value="3878074527769" />
  <attribute name="Time Running"value="9281"/>
  <attribute name="Number of cores"value="4"/>
<gc-start id="2368" type="scavenge" contextid="2367" timestamp="2019-07-02T20:42:28.185">
  <mem-info id="2369" free="7894680" total="44826624" percent="17">
    <mem type="nursery" free="0" total="18612224" percent="0">
      <mem type="allocate" free="0" total="16711680" percent="0" />
      <mem type="survivor" free="0" total="1900544" percent="0" />
    </mem>
    <mem type="tenure" free="7894680" total="26214400" percent="30">
      <mem type="soa" free="6583960" total="24903680" percent="26" />
      <mem type="loa" free="1310720" total="1310720" percent="100" />
    </mem>
    <remembered-set count="96" />
  </mem-info>
</gc-start>
<allocation-stats totalBytes="16615072" >
  <allocated-bytes non-tlh="1168" tlh="16613904" />
  <largest-consumer threadName="main" threadId="00000000022F5700" bytes="16615072" />
</allocation-stats>
<gc-op id="2370" type="scavenge" timems="0.168" contextid="2367" timestamp="2019-07-02T20:42:28.186">
  <scavenger-info tenureage="8" tenuremask="ff00" tiltratio="89" />
  <memory-copied type="nursery" objects="1" bytes="24" bytesdiscarded="39144" />
</gc-op>
<gc-end id="2371" type="scavenge" contextid="2367" durationms="0.347" usertimems="0.000" systemtimems="0.000" timestamp="2019-07-02T20:42:28.186" activeThreads="4">
  <mem-info id="2372" free="24567192" total="44826624" percent="54">
    <mem type="nursery" free="16672512" total="18612224" percent="89">
      <mem type="allocate" free="16672512" total="16711680" percent="99" />
      <mem type="survivor" free="0" total="1900544" percent="0" />
    </mem>
    <mem type="tenure" free="7894680" total="26214400" percent="30">
      <mem type="soa" free="6583960" total="24903680" percent="26" />
      <mem type="loa" free="1310720" total="1310720" percent="100" />
    </mem>
    <remembered-set count="96" />
  </mem-info>
</gc-end>
<cycle-end id="2373" type="scavenge" contextid="2367" timestamp="2019-07-02T20:42:28.186">
  <attribute name="GC Util" value="9" />
  <attribute name="CPU Util" value="3935135815674" />
  <attribute name="Time Running"value="9286"/>
  <attribute name="Number of cores"value="4"/>
</cycle-end>
<allocation-satisfied id="2374" threadId="00000000022F5700" bytesRequested="1168" />
<af-end id="2375" timestamp="2019-07-02T20:42:28.186" threadId="00000000022F6088" success="true" from="nursery"/>
<exclusive-end id="2376" timestamp="2019-07-02T20:42:28.186" durationms="0.798" />

<exclusive-start id="2377" timestamp="2019-07-02T20:42:28.190" intervalms="4.341">
  <response-info timems="0.020" idlems="0.020" threads="0" lastid="00000000022F5700" lastname="main" />
</exclusive-start>
<af-start id="2378" threadId="00000000022F6088" totalBytesRequested="1168" timestamp="2019-07-02T20:42:28.190" intervalms="4.304" type="nursery" />
<cycle-start id="2379" type="scavenge" contextid="0" timestamp="2019-07-02T20:42:28.190" intervalms="4.343" />
  <attribute name="GC Util" value="9" />
  <attribute name="CPU Util" value="3935135815674" />
  <attribute name="Time Running"value="9286"/>
  <attribute name="Number of cores"value="4"/>
<gc-start id="2380" type="scavenge" contextid="2379" timestamp="2019-07-02T20:42:28.190">
  <mem-info id="2381" free="7894680" total="44826624" percent="17">
    <mem type="nursery" free="0" total="18612224" percent="0">
      <mem type="allocate" free="0" total="16711680" percent="0" />
      <mem type="survivor" free="0" total="1900544" percent="0" />
    </mem>
    <mem type="tenure" free="7894680" total="26214400" percent="30">
      <mem type="soa" free="6583960" total="24903680" percent="26" />
      <mem type="loa" free="1310720" total="1310720" percent="100" />
    </mem>
    <remembered-set count="96" />
  </mem-info>
</gc-start>
<allocation-stats totalBytes="16613816" >
  <allocated-bytes non-tlh="1168" tlh="16612648" />
  <largest-consumer threadName="main" threadId="00000000022F5700" bytes="16613816" />
</allocation-stats>
<gc-op id="2382" type="scavenge" timems="0.150" contextid="2379" timestamp="2019-07-02T20:42:28.190">
  <scavenger-info tenureage="8" tenuremask="ff00" tiltratio="89" />
  <memory-copied type="nursery" objects="1" bytes="24" bytesdiscarded="39144" />
</gc-op>
<gc-end id="2383" type="scavenge" contextid="2379" durationms="0.323" usertimems="0.000" systemtimems="0.000" timestamp="2019-07-02T20:42:28.190" activeThreads="4">
  <mem-info id="2384" free="24567192" total="44826624" percent="54">
    <mem type="nursery" free="16672512" total="18612224" percent="89">
      <mem type="allocate" free="16672512" total="16711680" percent="99" />
      <mem type="survivor" free="0" total="1900544" percent="0" />
    </mem>
    <mem type="tenure" free="7894680" total="26214400" percent="30">
      <mem type="soa" free="6583960" total="24903680" percent="26" />
      <mem type="loa" free="1310720" total="1310720" percent="100" />
    </mem>
    <remembered-set count="96" />
  </mem-info>
</gc-end>
<cycle-end id="2385" type="scavenge" contextid="2379" timestamp="2019-07-02T20:42:28.190">
  <attribute name="GC Util" value="9" />
  <attribute name="CPU Util" value="4250812240252" />
  <attribute name="Time Running"value="9290"/>
  <attribute name="Number of cores"value="4"/>
</cycle-end>
<allocation-satisfied id="2386" threadId="00000000022F5700" bytesRequested="1168" />
<af-end id="2387" timestamp="2019-07-02T20:42:28.190" threadId="00000000022F6088" success="true" from="nursery"/>
<exclusive-end id="2388" timestamp="2019-07-02T20:42:28.190" durationms="0.858" />

<exclusive-start id="2389" timestamp="2019-07-02T20:42:28.196" intervalms="6.522">
  <response-info timems="0.065" idlems="0.065" threads="0" lastid="00000000022F5700" lastname="main" />
</exclusive-start>
<af-start id="2390" threadId="00000000022F6088" totalBytesRequested="1168" timestamp="2019-07-02T20:42:28.196" intervalms="6.576" type="nursery" />
<cycle-start id="2391" type="scavenge" contextid="0" timestamp="2019-07-02T20:42:28.196" intervalms="6.578" />
  <attribute name="GC Util" value="9" />
  <attribute name="CPU Util" value="4250812240252" />
  <attribute name="Time Running"value="9290"/>
  <attribute name="Number of cores"value="4"/>
<gc-start id="2392" type="scavenge" contextid="2391" timestamp="2019-07-02T20:42:28.196">
  <mem-info id="2393" free="7894680" total="44826624" percent="17">
    <mem type="nursery" free="0" total="18612224" percent="0">
      <mem type="allocate" free="0" total="16711680" percent="0" />
      <mem type="survivor" free="0" total="1900544" percent="0" />
    </mem>
    <mem type="tenure" free="7894680" total="26214400" percent="30">
      <mem type="soa" free="6583960" total="24903680" percent="26" />
      <mem type="loa" free="1310720" total="1310720" percent="100" />
    </mem>
    <remembered-set count="101" />
  </mem-info>
</gc-start>
<allocation-stats totalBytes="16563368" >
  <allocated-bytes non-tlh="1168" tlh="16562200" />
  <largest-consumer threadName="main" threadId="00000000022F5700" bytes="16563368" />
</allocation-stats>
<gc-op id="2394" type="scavenge" timems="0.182" contextid="2391" timestamp="2019-07-02T20:42:28.197">
  <scavenger-info tenureage="8" tenuremask="ff00" tiltratio="89" />
  <memory-copied type="nursery" objects="27" bytes="1920" bytesdiscarded="37248" />
</gc-op>
<gc-end id="2395" type="scavenge" contextid="2391" durationms="0.357" usertimems="0.000" systemtimems="0.000" timestamp="2019-07-02T20:42:28.197" activeThreads="4">
  <mem-info id="2396" free="24567192" total="44826624" percent="54">
    <mem type="nursery" free="16672512" total="18612224" percent="89">
      <mem type="allocate" free="16672512" total="16711680" percent="99" />
      <mem type="survivor" free="0" total="1900544" percent="0" />
    </mem>
    <mem type="tenure" free="7894680" total="26214400" percent="30">
      <mem type="soa" free="6583960" total="24903680" percent="26" />
      <mem type="loa" free="1310720" total="1310720" percent="100" />
    </mem>
    <remembered-set count="101" />
  </mem-info>
</gc-end>
<cycle-end id="2397" type="scavenge" contextid="2391" timestamp="2019-07-02T20:42:28.197">
  <attribute name="GC Util" value="6" />
  <attribute name="CPU Util" value="2798092112662" />
  <attribute name="Time Running"value="9297"/>
  <attribute name="Number of cores"value="4"/>
</cycle-end>
<allocation-satisfied id="2398" threadId="00000000022F5700" bytesRequested="1168" />
<af-end id="2399" timestamp="2019-07-02T20:42:28.197" threadId="00000000022F6088" success="true" from="nursery"/>
<exclusive-end id="2400" timestamp="2019-07-02T20:42:28.197" durationms="0.959" />

<exclusive-start id="2401" timestamp="2019-07-02T20:42:28.201" intervalms="4.508">
  <response-info timems="0.021" idlems="0.021" threads="0" lastid="00000000022F5700" lastname="main" />
</exclusive-start>
<af-start id="2402" threadId="00000000022F6088" totalBytesRequested="1168" timestamp="2019-07-02T20:42:28.201" intervalms="4.490" type="nursery" />
<cycle-start id="2403" type="scavenge" contextid="0" timestamp="2019-07-02T20:42:28.201" intervalms="4.525" />
  <attribute name="GC Util" value="6" />
  <attribute name="CPU Util" value="2798092112662" />
  <attribute name="Time Running"value="9297"/>
  <attribute name="Number of cores"value="4"/>
<gc-start id="2404" type="scavenge" contextid="2403" timestamp="2019-07-02T20:42:28.201">
  <mem-info id="2405" free="7894680" total="44826624" percent="17">
    <mem type="nursery" free="0" total="18612224" percent="0">
      <mem type="allocate" free="0" total="16711680" percent="0" />
      <mem type="survivor" free="0" total="1900544" percent="0" />
    </mem>
    <mem type="tenure" free="7894680" total="26214400" percent="30">
      <mem type="soa" free="6583960" total="24903680" percent="26" />
      <mem type="loa" free="1310720" total="1310720" percent="100" />
    </mem>
    <remembered-set count="101" />
  </mem-info>
</gc-start>
<allocation-stats totalBytes="16562680" >
  <allocated-bytes non-tlh="1168" tlh="16561512" />
  <largest-consumer threadName="main" threadId="00000000022F5700" bytes="16562680" />
</allocation-stats>
<gc-op id="2406" type="scavenge" timems="0.180" contextid="2403" timestamp="2019-07-02T20:42:28.201">
  <scavenger-info tenureage="3" tenuremask="fff8" tiltratio="89" />
  <memory-copied type="nursery" objects="27" bytes="1920" bytesdiscarded="37248" />
</gc-op>
<gc-end id="2407" type="scavenge" contextid="2403" durationms="0.425" usertimems="0.000" systemtimems="0.000" timestamp="2019-07-02T20:42:28.201" activeThreads="4">
  <mem-info id="2408" free="24567192" total="44826624" percent="54">
    <mem type="nursery" free="16672512" total="18612224" percent="89">
      <mem type="allocate" free="16672512" total="16711680" percent="99" />
      <mem type="survivor" free="0" total="1900544" percent="0" />
    </mem>
    <mem type="tenure" free="7894680" total="26214400" percent="30">
      <mem type="soa" free="6583960" total="24903680" percent="26" />
      <mem type="loa" free="1310720" total="1310720" percent="100" />
    </mem>
    <remembered-set count="91" />
  </mem-info>
</gc-end>
<cycle-end id="2409" type="scavenge" contextid="2403" timestamp="2019-07-02T20:42:28.201">
  <attribute name="GC Util" value="10" />
  <attribute name="CPU Util" value="4064220293904" />
  <attribute name="Time Running"value="9301"/>
  <attribute name="Number of cores"value="4"/>
</cycle-end>
<allocation-satisfied id="2410" threadId="00000000022F5700" bytesRequested="1168" />
<af-end id="2411" timestamp="2019-07-02T20:42:28.202" threadId="00000000022F6088" success="true" from="nursery"/>
<exclusive-end id="2412" timestamp="2019-07-02T20:42:28.202" durationms="1.008" />

<exclusive-start id="2413" timestamp="2019-07-02T20:42:28.205" intervalms="4.542">
  <response-info timems="0.023" idlems="0.023" threads="0" lastid="00000000022F5700" lastname="main" />
</exclusive-start>
<af-start id="2414" threadId="00000000022F6088" totalBytesRequested="1168" timestamp="2019-07-02T20:42:28.205" intervalms="4.513" type="nursery" />
<cycle-start id="2415" type="scavenge" contextid="0" timestamp="2019-07-02T20:42:28.205" intervalms="4.435" />
  <attribute name="GC Util" value="10" />
  <attribute name="CPU Util" value="4064220293904" />
  <attribute name="Time Running"value="9301"/>
  <attribute name="Number of cores"value="4"/>
<gc-start id="2416" type="scavenge" contextid="2415" timestamp="2019-07-02T20:42:28.205">
  <mem-info id="2417" free="7894680" total="44826624" percent="17">
    <mem type="nursery" free="0" total="18612224" percent="0">
      <mem type="allocate" free="0" total="16711680" percent="0" />
      <mem type="survivor" free="0" total="1900544" percent="0" />
    </mem>
    <mem type="tenure" free="7894680" total="26214400" percent="30">
      <mem type="soa" free="6583960" total="24903680" percent="26" />
      <mem type="loa" free="1310720" total="1310720" percent="100" />
    </mem>
    <remembered-set count="91" />
  </mem-info>
</gc-start>
<allocation-stats totalBytes="16562680" >
  <allocated-bytes non-tlh="1168" tlh="16561512" />
  <largest-consumer threadName="main" threadId="00000000022F5700" bytes="16562680" />
</allocation-stats>
<gc-op id="2418" type="scavenge" timems="0.205" contextid="2415" timestamp="2019-07-02T20:42:28.206">
  <scavenger-info tenureage="2" tenuremask="fffc" tiltratio="89" />
  <memory-copied type="tenure" objects="27" bytes="1920" bytesdiscarded="608" />
</gc-op>
<gc-end id="2419" type="scavenge" contextid="2415" durationms="0.390" usertimems="0.000" systemtimems="0.000" timestamp="2019-07-02T20:42:28.206" activeThreads="4">
  <mem-info id="2420" free="24566408" total="44826624" percent="54">
    <mem type="nursery" free="16711680" total="18612224" percent="89">
      <mem type="allocate" free="16711680" total="16711680" percent="100" />
      <mem type="survivor" free="0" total="1900544" percent="0" />
    </mem>
    <mem type="tenure" free="7854728" total="26214400" percent="29">
      <mem type="soa" free="6544008" total="24903680" percent="26" />
      <mem type="loa" free="1310720" total="1310720" percent="100" />
    </mem>
    <remembered-set count="95" />
  </mem-info>
</gc-end>
<cycle-end id="2421" type="scavenge" contextid="2415" timestamp="2019-07-02T20:42:28.206">
  <attribute name="GC Util" value="10" />
  <attribute name="CPU Util" value="4182287421750" />
  <attribute name="Time Running"value="9306"/>
  <attribute name="Number of cores"value="4"/>
</cycle-end>
<allocation-satisfied id="2422" threadId="00000000022F5700" bytesRequested="1168" />
<af-end id="2423" timestamp="2019-07-02T20:42:28.206" threadId="00000000022F6088" success="true" from="nursery"/>
<exclusive-end id="2424" timestamp="2019-07-02T20:42:28.206" durationms="0.809" />

<exclusive-start id="2425" timestamp="2019-07-02T20:42:28.210" intervalms="4.362">
  <response-info timems="0.021" idlems="0.021" threads="0" lastid="00000000022F5700" lastname="main" />
</exclusive-start>
<af-start id="2426" threadId="00000000022F6088" totalBytesRequested="1168" timestamp="2019-07-02T20:42:28.210" intervalms="4.357" type="nursery" />
<cycle-start id="2427" type="scavenge" contextid="0" timestamp="2019-07-02T20:42:28.210" intervalms="4.400" />
  <attribute name="GC Util" value="10" />
  <attribute name="CPU Util" value="4182287421750" />
  <attribute name="Time Running"value="9306"/>
  <attribute name="Number of cores"value="4"/>
<gc-start id="2428" type="scavenge" contextid="2427" timestamp="2019-07-02T20:42:28.210">
  <mem-info id="2429" free="7854728" total="44826624" percent="17">
    <mem type="nursery" free="0" total="18612224" percent="0">
      <mem type="allocate" free="0" total="16711680" percent="0" />
      <mem type="survivor" free="0" total="1900544" percent="0" />
    </mem>
    <mem type="tenure" free="7854728" total="26214400" percent="29">
      <mem type="soa" free="6544008" total="24903680" percent="26" />
      <mem type="loa" free="1310720" total="1310720" percent="100" />
    </mem>
    <remembered-set count="96" />
  </mem-info>
</gc-start>
<allocation-stats totalBytes="16604576" >
  <allocated-bytes non-tlh="1168" tlh="16603408" />
  <largest-consumer threadName="main" threadId="00000000022F5700" bytes="16604576" />
</allocation-stats>
<gc-op id="2430" type="scavenge" timems="0.166" contextid="2427" timestamp="2019-07-02T20:42:28.210">
  <scavenger-info tenureage="2" tenuremask="fff4" tiltratio="89" />
  <memory-copied type="nursery" objects="1" bytes="24" bytesdiscarded="39144" />
</gc-op>
<gc-end id="2431" type="scavenge" contextid="2427" durationms="0.339" usertimems="0.000" systemtimems="0.000" timestamp="2019-07-02T20:42:28.210" activeThreads="4">
  <mem-info id="2432" free="24527240" total="44826624" percent="54">
    <mem type="nursery" free="16672512" total="18612224" percent="89">
      <mem type="allocate" free="16672512" total="16711680" percent="99" />
      <mem type="survivor" free="0" total="1900544" percent="0" />
    </mem>
    <mem type="tenure" free="7854728" total="26214400" percent="29">
      <mem type="soa" free="6544008" total="24903680" percent="26" />
      <mem type="loa" free="1310720" total="1310720" percent="100" />
    </mem>
    <remembered-set count="96" />
  </mem-info>
</gc-end>
<cycle-end id="2433" type="scavenge" contextid="2427" timestamp="2019-07-02T20:42:28.210">
  <attribute name="GC Util" value="10" />
  <attribute name="CPU Util" value="4197112066559" />
  <attribute name="Time Running"value="9310"/>
  <attribute name="Number of cores"value="4"/>
</cycle-end>
<allocation-satisfied id="2434" threadId="00000000022F5700" bytesRequested="1168" />
<af-end id="2435" timestamp="2019-07-02T20:42:28.210" threadId="00000000022F6088" success="true" from="nursery"/>
<exclusive-end id="2436" timestamp="2019-07-02T20:42:28.210" durationms="0.876" />

<exclusive-start id="2437" timestamp="2019-07-02T20:42:28.214" intervalms="4.649">
  <response-info timems="0.055" idlems="0.055" threads="0" lastid="00000000022F5700" lastname="main" />
</exclusive-start>
<af-start id="2438" threadId="00000000022F6088" totalBytesRequested="1168" timestamp="2019-07-02T20:42:28.214" intervalms="4.647" type="nursery" />
<cycle-start id="2439" type="scavenge" contextid="0" timestamp="2019-07-02T20:42:28.214" intervalms="4.681" />
  <attribute name="GC Util" value="10" />
  <attribute name="CPU Util" value="4197112066559" />
  <attribute name="Time Running"value="9310"/>
  <attribute name="Number of cores"value="4"/>
<gc-start id="2440" type="scavenge" contextid="2439" timestamp="2019-07-02T20:42:28.214">
  <mem-info id="2441" free="7854728" total="44826624" percent="17">
    <mem type="nursery" free="0" total="18612224" percent="0">
      <mem type="allocate" free="0" total="16711680" percent="0" />
      <mem type="survivor" free="0" total="1900544" percent="0" />
    </mem>
    <mem type="tenure" free="7854728" total="26214400" percent="29">
      <mem type="soa" free="6544008" total="24903680" percent="26" />
      <mem type="loa" free="1310720" total="1310720" percent="100" />
    </mem>
    <remembered-set count="96" />
  </mem-info>
</gc-start>
<allocation-stats totalBytes="16567848" >
  <allocated-bytes non-tlh="1168" tlh="16566680" />
  <largest-consumer threadName="main" threadId="00000000022F5700" bytes="16567848" />
</allocation-stats>
<gc-op id="2442" type="scavenge" timems="0.181" contextid="2439" timestamp="2019-07-02T20:42:28.215">
  <scavenger-info tenureage="2" tenuremask="fffc" tiltratio="89" />
  <memory-copied type="nursery" objects="1" bytes="24" bytesdiscarded="39144" />
</gc-op>
<gc-end id="2443" type="scavenge" contextid="2439" durationms="0.352" usertimems="0.000" systemtimems="0.000" timestamp="2019-07-02T20:42:28.215" activeThreads="4">
  <mem-info id="2444" free="24527240" total="44826624" percent="54">
    <mem type="nursery" free="16672512" total="18612224" percent="89">
      <mem type="allocate" free="16672512" total="16711680" percent="99" />
      <mem type="survivor" free="0" total="1900544" percent="0" />
    </mem>
    <mem type="tenure" free="7854728" total="26214400" percent="29">
      <mem type="soa" free="6544008" total="24903680" percent="26" />
      <mem type="loa" free="1310720" total="1310720" percent="100" />
    </mem>
    <remembered-set count="96" />
  </mem-info>
</gc-end>
<cycle-end id="2445" type="scavenge" contextid="2439" timestamp="2019-07-02T20:42:28.215">
  <attribute name="GC Util" value="8" />
  <attribute name="CPU Util" value="3941713884726" />
  <attribute name="Time Running"value="9315"/>
  <attribute name="Number of cores"value="4"/>
</cycle-end>
<allocation-satisfied id="2446" threadId="00000000022F5700" bytesRequested="1168" />
<af-end id="2447" timestamp="2019-07-02T20:42:28.215" threadId="00000000022F6088" success="true" from="nursery"/>
<exclusive-end id="2448" timestamp="2019-07-02T20:42:28.215" durationms="0.917" />

<exclusive-start id="2449" timestamp="2019-07-02T20:42:28.219" intervalms="4.454">
  <response-info timems="0.025" idlems="0.025" threads="0" lastid="00000000022F5700" lastname="main" />
</exclusive-start>
<af-start id="2450" threadId="00000000022F6088" totalBytesRequested="1168" timestamp="2019-07-02T20:42:28.219" intervalms="4.461" type="nursery" />
<cycle-start id="2451" type="scavenge" contextid="0" timestamp="2019-07-02T20:42:28.219" intervalms="4.470" />
  <attribute name="GC Util" value="8" />
  <attribute name="CPU Util" value="3941713884726" />
  <attribute name="Time Running"value="9315"/>
  <attribute name="Number of cores"value="4"/>
<gc-start id="2452" type="scavenge" contextid="2451" timestamp="2019-07-02T20:42:28.219">
  <mem-info id="2453" free="7854728" total="44826624" percent="17">
    <mem type="nursery" free="0" total="18612224" percent="0">
      <mem type="allocate" free="0" total="16711680" percent="0" />
      <mem type="survivor" free="0" total="1900544" percent="0" />
    </mem>
    <mem type="tenure" free="7854728" total="26214400" percent="29">
      <mem type="soa" free="6544008" total="24903680" percent="26" />
      <mem type="loa" free="1310720" total="1310720" percent="100" />
    </mem>
    <remembered-set count="96" />
  </mem-info>
</gc-start>
<allocation-stats totalBytes="16567848" >
  <allocated-bytes non-tlh="1168" tlh="16566680" />
  <largest-consumer threadName="main" threadId="00000000022F5700" bytes="16567848" />
</allocation-stats>
<gc-op id="2454" type="scavenge" timems="0.208" contextid="2451" timestamp="2019-07-02T20:42:28.219">
  <scavenger-info tenureage="3" tenuremask="fff8" tiltratio="89" />
  <memory-copied type="nursery" objects="1" bytes="24" bytesdiscarded="39144" />
</gc-op>
<gc-end id="2455" type="scavenge" contextid="2451" durationms="0.473" usertimems="0.000" systemtimems="0.000" timestamp="2019-07-02T20:42:28.219" activeThreads="4">
  <mem-info id="2456" free="24527240" total="44826624" percent="54">
    <mem type="nursery" free="16672512" total="18612224" percent="89">
      <mem type="allocate" free="16672512" total="16711680" percent="99" />
      <mem type="survivor" free="0" total="1900544" percent="0" />
    </mem>
    <mem type="tenure" free="7854728" total="26214400" percent="29">
      <mem type="soa" free="6544008" total="24903680" percent="26" />
      <mem type="loa" free="1310720" total="1310720" percent="100" />
    </mem>
    <remembered-set count="96" />
  </mem-info>
</gc-end>
<cycle-end id="2457" type="scavenge" contextid="2451" timestamp="2019-07-02T20:42:28.220">
  <attribute name="GC Util" value="9" />
  <attribute name="CPU Util" value="4067267059816" />
  <attribute name="Time Running"value="9319"/>
  <attribute name="Number of cores"value="4"/>
</cycle-end>
<allocation-satisfied id="2458" threadId="00000000022F5700" bytesRequested="1168" />
<af-end id="2459" timestamp="2019-07-02T20:42:28.220" threadId="00000000022F6088" success="true" from="nursery"/>
<exclusive-end id="2460" timestamp="2019-07-02T20:42:28.220" durationms="1.084" />

<exclusive-start id="2461" timestamp="2019-07-02T20:42:28.223" intervalms="4.712">
  <response-info timems="0.070" idlems="0.070" threads="0" lastid="00000000022F5700" lastname="main" />
</exclusive-start>
<af-start id="2462" threadId="00000000022F6088" totalBytesRequested="1168" timestamp="2019-07-02T20:42:28.223" intervalms="4.710" type="nursery" />
<cycle-start id="2463" type="scavenge" contextid="0" timestamp="2019-07-02T20:42:28.224" intervalms="4.675" />
  <attribute name="GC Util" value="9" />
  <attribute name="CPU Util" value="4067267059816" />
  <attribute name="Time Running"value="9319"/>
  <attribute name="Number of cores"value="4"/>
<gc-start id="2464" type="scavenge" contextid="2463" timestamp="2019-07-02T20:42:28.224">
  <mem-info id="2465" free="7854728" total="44826624" percent="17">
    <mem type="nursery" free="0" total="18612224" percent="0">
      <mem type="allocate" free="0" total="16711680" percent="0" />
      <mem type="survivor" free="0" total="1900544" percent="0" />
    </mem>
    <mem type="tenure" free="7854728" total="26214400" percent="29">
      <mem type="soa" free="6544008" total="24903680" percent="26" />
      <mem type="loa" free="1310720" total="1310720" percent="100" />
    </mem>
    <remembered-set count="96" />
  </mem-info>
</gc-start>
<allocation-stats totalBytes="16569088" >
  <allocated-bytes non-tlh="1168" tlh="16567920" />
  <largest-consumer threadName="main" threadId="00000000022F5700" bytes="16569088" />
</allocation-stats>
<gc-op id="2466" type="scavenge" timems="0.183" contextid="2463" timestamp="2019-07-02T20:42:28.224">
  <scavenger-info tenureage="3" tenuremask="fff8" tiltratio="89" />
  <memory-copied type="nursery" objects="1" bytes="24" bytesdiscarded="39144" />
</gc-op>
<gc-end id="2467" type="scavenge" contextid="2463" durationms="0.483" usertimems="0.000" systemtimems="0.000" timestamp="2019-07-02T20:42:28.224" activeThreads="4">
  <mem-info id="2468" free="24527240" total="44826624" percent="54">
    <mem type="nursery" free="16672512" total="18612224" percent="89">
      <mem type="allocate" free="16672512" total="16711680" percent="99" />
      <mem type="survivor" free="0" total="1900544" percent="0" />
    </mem>
    <mem type="tenure" free="7854728" total="26214400" percent="29">
      <mem type="soa" free="6544008" total="24903680" percent="26" />
      <mem type="loa" free="1310720" total="1310720" percent="100" />
    </mem>
    <remembered-set count="96" />
  </mem-info>
</gc-end>
<cycle-end id="2469" type="scavenge" contextid="2463" timestamp="2019-07-02T20:42:28.224">
  <attribute name="GC Util" value="9" />
  <attribute name="CPU Util" value="3887391172410" />
  <attribute name="Time Running"value="9324"/>
  <attribute name="Number of cores"value="4"/>
</cycle-end>
<allocation-satisfied id="2470" threadId="00000000022F5700" bytesRequested="1168" />
<af-end id="2471" timestamp="2019-07-02T20:42:28.224" threadId="00000000022F6088" success="true" from="nursery"/>
<exclusive-end id="2472" timestamp="2019-07-02T20:42:28.224" durationms="1.105" />

<exclusive-start id="2473" timestamp="2019-07-02T20:42:28.228" intervalms="4.709">
  <response-info timems="0.028" idlems="0.028" threads="0" lastid="00000000022F5700" lastname="main" />
</exclusive-start>
<af-start id="2474" threadId="00000000022F6088" totalBytesRequested="1168" timestamp="2019-07-02T20:42:28.228" intervalms="4.746" type="nursery" />
<cycle-start id="2475" type="scavenge" contextid="0" timestamp="2019-07-02T20:42:28.228" intervalms="4.736" />
  <attribute name="GC Util" value="9" />
  <attribute name="CPU Util" value="3887391172410" />
  <attribute name="Time Running"value="9324"/>
  <attribute name="Number of cores"value="4"/>
<gc-start id="2476" type="scavenge" contextid="2475" timestamp="2019-07-02T20:42:28.228">
  <mem-info id="2477" free="7854728" total="44826624" percent="17">
    <mem type="nursery" free="0" total="18612224" percent="0">
      <mem type="allocate" free="0" total="16711680" percent="0" />
      <mem type="survivor" free="0" total="1900544" percent="0" />
    </mem>
    <mem type="tenure" free="7854728" total="26214400" percent="29">
      <mem type="soa" free="6544008" total="24903680" percent="26" />
      <mem type="loa" free="1310720" total="1310720" percent="100" />
    </mem>
    <remembered-set count="96" />
  </mem-info>
</gc-start>
<allocation-stats totalBytes="16569088" >
  <allocated-bytes non-tlh="1168" tlh="16567920" />
  <largest-consumer threadName="main" threadId="00000000022F5700" bytes="16569088" />
</allocation-stats>
<gc-op id="2478" type="scavenge" timems="0.170" contextid="2475" timestamp="2019-07-02T20:42:28.229">
  <scavenger-info tenureage="3" tenuremask="fff8" tiltratio="89" />
  <memory-copied type="nursery" objects="1" bytes="24" bytesdiscarded="39144" />
</gc-op>
<gc-end id="2479" type="scavenge" contextid="2475" durationms="0.344" usertimems="0.000" systemtimems="0.000" timestamp="2019-07-02T20:42:28.229" activeThreads="4">
  <mem-info id="2480" free="24527240" total="44826624" percent="54">
    <mem type="nursery" free="16672512" total="18612224" percent="89">
      <mem type="allocate" free="16672512" total="16711680" percent="99" />
      <mem type="survivor" free="0" total="1900544" percent="0" />
    </mem>
    <mem type="tenure" free="7854728" total="26214400" percent="29">
      <mem type="soa" free="6544008" total="24903680" percent="26" />
      <mem type="loa" free="1310720" total="1310720" percent="100" />
    </mem>
    <remembered-set count="96" />
  </mem-info>
</gc-end>
<cycle-end id="2481" type="scavenge" contextid="2475" timestamp="2019-07-02T20:42:28.229">
  <attribute name="GC Util" value="9" />
  <attribute name="CPU Util" value="4001164345222" />
  <attribute name="Time Running"value="9329"/>
  <attribute name="Number of cores"value="4"/>
</cycle-end>
<allocation-satisfied id="2482" threadId="00000000022F5700" bytesRequested="1168" />
<af-end id="2483" timestamp="2019-07-02T20:42:28.229" threadId="00000000022F6088" success="true" from="nursery"/>
<exclusive-end id="2484" timestamp="2019-07-02T20:42:28.229" durationms="0.922" />

<exclusive-start id="2485" timestamp="2019-07-02T20:42:28.232" intervalms="4.455">
  <response-info timems="0.032" idlems="0.032" threads="0" lastid="00000000022F5700" lastname="main" />
</exclusive-start>
<af-start id="2486" threadId="00000000022F6088" totalBytesRequested="1168" timestamp="2019-07-02T20:42:28.233" intervalms="4.450" type="nursery" />
<cycle-start id="2487" type="scavenge" contextid="0" timestamp="2019-07-02T20:42:28.233" intervalms="4.484" />
  <attribute name="GC Util" value="9" />
  <attribute name="CPU Util" value="4001164345222" />
  <attribute name="Time Running"value="9329"/>
  <attribute name="Number of cores"value="4"/>
<gc-start id="2488" type="scavenge" contextid="2487" timestamp="2019-07-02T20:42:28.233">
  <mem-info id="2489" free="7854728" total="44826624" percent="17">
    <mem type="nursery" free="0" total="18612224" percent="0">
      <mem type="allocate" free="0" total="16711680" percent="0" />
      <mem type="survivor" free="0" total="1900544" percent="0" />
    </mem>
    <mem type="tenure" free="7854728" total="26214400" percent="29">
      <mem type="soa" free="6544008" total="24903680" percent="26" />
      <mem type="loa" free="1310720" total="1310720" percent="100" />
    </mem>
    <remembered-set count="96" />
  </mem-info>
</gc-start>
<allocation-stats totalBytes="16569088" >
  <allocated-bytes non-tlh="1168" tlh="16567920" />
  <largest-consumer threadName="main" threadId="00000000022F5700" bytes="16569088" />
</allocation-stats>
<gc-op id="2490" type="scavenge" timems="0.203" contextid="2487" timestamp="2019-07-02T20:42:28.233">
  <scavenger-info tenureage="3" tenuremask="fff8" tiltratio="89" />
  <memory-copied type="nursery" objects="1" bytes="24" bytesdiscarded="39144" />
</gc-op>
<gc-end id="2491" type="scavenge" contextid="2487" durationms="0.382" usertimems="0.000" systemtimems="0.000" timestamp="2019-07-02T20:42:28.233" activeThreads="4">
  <mem-info id="2492" free="24527240" total="44826624" percent="54">
    <mem type="nursery" free="16672512" total="18612224" percent="89">
      <mem type="allocate" free="16672512" total="16711680" percent="99" />
      <mem type="survivor" free="0" total="1900544" percent="0" />
    </mem>
    <mem type="tenure" free="7854728" total="26214400" percent="29">
      <mem type="soa" free="6544008" total="24903680" percent="26" />
      <mem type="loa" free="1310720" total="1310720" percent="100" />
    </mem>
    <remembered-set count="96" />
  </mem-info>
</gc-end>
<cycle-end id="2493" type="scavenge" contextid="2487" timestamp="2019-07-02T20:42:28.233">
  <attribute name="GC Util" value="9" />
  <attribute name="CPU Util" value="4117711905494" />
  <attribute name="Time Running"value="9333"/>
  <attribute name="Number of cores"value="4"/>
</cycle-end>
<allocation-satisfied id="2494" threadId="00000000022F5700" bytesRequested="1168" />
<af-end id="2495" timestamp="2019-07-02T20:42:28.233" threadId="00000000022F6088" success="true" from="nursery"/>
<exclusive-end id="2496" timestamp="2019-07-02T20:42:28.233" durationms="0.991" />

<exclusive-start id="2497" timestamp="2019-07-02T20:42:28.237" intervalms="4.518">
  <response-info timems="0.022" idlems="0.022" threads="0" lastid="00000000022F5700" lastname="main" />
</exclusive-start>
<af-start id="2498" threadId="00000000022F6088" totalBytesRequested="1168" timestamp="2019-07-02T20:42:28.237" intervalms="4.481" type="nursery" />
<cycle-start id="2499" type="scavenge" contextid="0" timestamp="2019-07-02T20:42:28.237" intervalms="4.454" />
  <attribute name="GC Util" value="9" />
  <attribute name="CPU Util" value="4117711905494" />
  <attribute name="Time Running"value="9333"/>
  <attribute name="Number of cores"value="4"/>
<gc-start id="2500" type="scavenge" contextid="2499" timestamp="2019-07-02T20:42:28.237">
  <mem-info id="2501" free="7854728" total="44826624" percent="17">
    <mem type="nursery" free="0" total="18612224" percent="0">
      <mem type="allocate" free="0" total="16711680" percent="0" />
      <mem type="survivor" free="0" total="1900544" percent="0" />
    </mem>
    <mem type="tenure" free="7854728" total="26214400" percent="29">
      <mem type="soa" free="6544008" total="24903680" percent="26" />
      <mem type="loa" free="1310720" total="1310720" percent="100" />
    </mem>
    <remembered-set count="96" />
  </mem-info>
</gc-start>
<allocation-stats totalBytes="16569088" >
  <allocated-bytes non-tlh="1168" tlh="16567920" />
  <largest-consumer threadName="main" threadId="00000000022F5700" bytes="16569088" />
</allocation-stats>
<gc-op id="2502" type="scavenge" timems="0.152" contextid="2499" timestamp="2019-07-02T20:42:28.238">
  <scavenger-info tenureage="3" tenuremask="fff8" tiltratio="89" />
  <memory-copied type="nursery" objects="1" bytes="24" bytesdiscarded="39144" />
</gc-op>
<gc-end id="2503" type="scavenge" contextid="2499" durationms="0.325" usertimems="0.000" systemtimems="0.000" timestamp="2019-07-02T20:42:28.238" activeThreads="4">
  <mem-info id="2504" free="24527240" total="44826624" percent="54">
    <mem type="nursery" free="16672512" total="18612224" percent="89">
      <mem type="allocate" free="16672512" total="16711680" percent="99" />
      <mem type="survivor" free="0" total="1900544" percent="0" />
    </mem>
    <mem type="tenure" free="7854728" total="26214400" percent="29">
      <mem type="soa" free="6544008" total="24903680" percent="26" />
      <mem type="loa" free="1310720" total="1310720" percent="100" />
    </mem>
    <remembered-set count="96" />
  </mem-info>
</gc-end>
<cycle-end id="2505" type="scavenge" contextid="2499" timestamp="2019-07-02T20:42:28.238">
  <attribute name="GC Util" value="10" />
  <attribute name="CPU Util" value="4133801039194" />
  <attribute name="Time Running"value="9338"/>
  <attribute name="Number of cores"value="4"/>
</cycle-end>
<allocation-satisfied id="2506" threadId="00000000022F5700" bytesRequested="1168" />
<af-end id="2507" timestamp="2019-07-02T20:42:28.238" threadId="00000000022F6088" success="true" from="nursery"/>
<exclusive-end id="2508" timestamp="2019-07-02T20:42:28.238" durationms="0.877" />

<exclusive-start id="2509" timestamp="2019-07-02T20:42:28.241" intervalms="4.371">
  <response-info timems="0.021" idlems="0.021" threads="0" lastid="00000000022F5700" lastname="main" />
</exclusive-start>
<af-start id="2510" threadId="00000000022F6088" totalBytesRequested="1168" timestamp="2019-07-02T20:42:28.241" intervalms="4.413" type="nursery" />
<cycle-start id="2511" type="scavenge" contextid="0" timestamp="2019-07-02T20:42:28.242" intervalms="4.453" />
  <attribute name="GC Util" value="10" />
  <attribute name="CPU Util" value="4133801039194" />
  <attribute name="Time Running"value="9338"/>
  <attribute name="Number of cores"value="4"/>
<gc-start id="2512" type="scavenge" contextid="2511" timestamp="2019-07-02T20:42:28.242">
  <mem-info id="2513" free="7854728" total="44826624" percent="17">
    <mem type="nursery" free="0" total="18612224" percent="0">
      <mem type="allocate" free="0" total="16711680" percent="0" />
      <mem type="survivor" free="0" total="1900544" percent="0" />
    </mem>
    <mem type="tenure" free="7854728" total="26214400" percent="29">
      <mem type="soa" free="6544008" total="24903680" percent="26" />
      <mem type="loa" free="1310720" total="1310720" percent="100" />
    </mem>
    <remembered-set count="96" />
  </mem-info>
</gc-start>
<allocation-stats totalBytes="16567848" >
  <allocated-bytes non-tlh="1168" tlh="16566680" />
  <largest-consumer threadName="main" threadId="00000000022F5700" bytes="16567848" />
</allocation-stats>
<gc-op id="2514" type="scavenge" timems="0.204" contextid="2511" timestamp="2019-07-02T20:42:28.242">
  <scavenger-info tenureage="3" tenuremask="fff8" tiltratio="89" />
  <memory-copied type="nursery" objects="1" bytes="24" bytesdiscarded="39144" />
</gc-op>
<gc-end id="2515" type="scavenge" contextid="2511" durationms="0.476" usertimems="0.000" systemtimems="0.000" timestamp="2019-07-02T20:42:28.242" activeThreads="4">
  <mem-info id="2516" free="24527240" total="44826624" percent="54">
    <mem type="nursery" free="16672512" total="18612224" percent="89">
      <mem type="allocate" free="16672512" total="16711680" percent="99" />
      <mem type="survivor" free="0" total="1900544" percent="0" />
    </mem>
    <mem type="tenure" free="7854728" total="26214400" percent="29">
      <mem type="soa" free="6544008" total="24903680" percent="26" />
      <mem type="loa" free="1310720" total="1310720" percent="100" />
    </mem>
    <remembered-set count="96" />
  </mem-info>
</gc-end>
<cycle-end id="2517" type="scavenge" contextid="2511" timestamp="2019-07-02T20:42:28.242">
  <attribute name="GC Util" value="9" />
  <attribute name="CPU Util" value="4100055462065" />
  <attribute name="Time Running"value="9342"/>
  <attribute name="Number of cores"value="4"/>
</cycle-end>
<allocation-satisfied id="2518" threadId="00000000022F5700" bytesRequested="1168" />
<af-end id="2519" timestamp="2019-07-02T20:42:28.242" threadId="00000000022F6088" success="true" from="nursery"/>
<exclusive-end id="2520" timestamp="2019-07-02T20:42:28.243" durationms="1.126" />

<exclusive-start id="2521" timestamp="2019-07-02T20:42:28.246" intervalms="4.736">
  <response-info timems="0.057" idlems="0.057" threads="0" lastid="00000000022F5700" lastname="main" />
</exclusive-start>
<af-start id="2522" threadId="00000000022F6088" totalBytesRequested="1168" timestamp="2019-07-02T20:42:28.246" intervalms="4.695" type="nursery" />
<cycle-start id="2523" type="scavenge" contextid="0" timestamp="2019-07-02T20:42:28.246" intervalms="4.686" />
  <attribute name="GC Util" value="9" />
  <attribute name="CPU Util" value="4100055462065" />
  <attribute name="Time Running"value="9342"/>
  <attribute name="Number of cores"value="4"/>
<gc-start id="2524" type="scavenge" contextid="2523" timestamp="2019-07-02T20:42:28.246">
  <mem-info id="2525" free="7854728" total="44826624" percent="17">
    <mem type="nursery" free="0" total="18612224" percent="0">
      <mem type="allocate" free="0" total="16711680" percent="0" />
      <mem type="survivor" free="0" total="1900544" percent="0" />
    </mem>
    <mem type="tenure" free="7854728" total="26214400" percent="29">
      <mem type="soa" free="6544008" total="24903680" percent="26" />
      <mem type="loa" free="1310720" total="1310720" percent="100" />
    </mem>
    <remembered-set count="96" />
  </mem-info>
</gc-start>
<allocation-stats totalBytes="16567872" >
  <allocated-bytes non-tlh="1168" tlh="16566704" />
  <largest-consumer threadName="main" threadId="00000000022F5700" bytes="16567872" />
</allocation-stats>
<gc-op id="2526" type="scavenge" timems="0.183" contextid="2523" timestamp="2019-07-02T20:42:28.247">
  <scavenger-info tenureage="3" tenuremask="fff8" tiltratio="89" />
  <memory-copied type="nursery" objects="1" bytes="24" bytesdiscarded="39144" />
</gc-op>
<gc-end id="2527" type="scavenge" contextid="2523" durationms="0.355" usertimems="0.000" systemtimems="0.000" timestamp="2019-07-02T20:42:28.247" activeThreads="4">
  <mem-info id="2528" free="24527240" total="44826624" percent="54">
    <mem type="nursery" free="16672512" total="18612224" percent="89">
      <mem type="allocate" free="16672512" total="16711680" percent="99" />
      <mem type="survivor" free="0" total="1900544" percent="0" />
    </mem>
    <mem type="tenure" free="7854728" total="26214400" percent="29">
      <mem type="soa" free="6544008" total="24903680" percent="26" />
      <mem type="loa" free="1310720" total="1310720" percent="100" />
    </mem>
    <remembered-set count="96" />
  </mem-info>
</gc-end>
<cycle-end id="2529" type="scavenge" contextid="2523" timestamp="2019-07-02T20:42:28.247">
  <attribute name="GC Util" value="9" />
  <attribute name="CPU Util" value="3987060199421" />
  <attribute name="Time Running"value="9347"/>
  <attribute name="Number of cores"value="4"/>
</cycle-end>
<allocation-satisfied id="2530" threadId="00000000022F5700" bytesRequested="1168" />
<af-end id="2531" timestamp="2019-07-02T20:42:28.247" threadId="00000000022F6088" success="true" from="nursery"/>
<exclusive-end id="2532" timestamp="2019-07-02T20:42:28.247" durationms="0.926" />

<exclusive-start id="2533" timestamp="2019-07-02T20:42:28.251" intervalms="4.442">
  <response-info timems="0.021" idlems="0.021" threads="0" lastid="00000000022F5700" lastname="main" />
</exclusive-start>
<af-start id="2534" threadId="00000000022F6088" totalBytesRequested="1168" timestamp="2019-07-02T20:42:28.251" intervalms="4.440" type="nursery" />
<cycle-start id="2535" type="scavenge" contextid="0" timestamp="2019-07-02T20:42:28.251" intervalms="4.443" />
  <attribute name="GC Util" value="9" />
  <attribute name="CPU Util" value="3987060199421" />
  <attribute name="Time Running"value="9347"/>
  <attribute name="Number of cores"value="4"/>
<gc-start id="2536" type="scavenge" contextid="2535" timestamp="2019-07-02T20:42:28.251">
  <mem-info id="2537" free="7854728" total="44826624" percent="17">
    <mem type="nursery" free="0" total="18612224" percent="0">
      <mem type="allocate" free="0" total="16711680" percent="0" />
      <mem type="survivor" free="0" total="1900544" percent="0" />
    </mem>
    <mem type="tenure" free="7854728" total="26214400" percent="29">
      <mem type="soa" free="6544008" total="24903680" percent="26" />
      <mem type="loa" free="1310720" total="1310720" percent="100" />
    </mem>
    <remembered-set count="96" />
  </mem-info>
</gc-start>
<allocation-stats totalBytes="16567848" >
  <allocated-bytes non-tlh="1168" tlh="16566680" />
  <largest-consumer threadName="main" threadId="00000000022F5700" bytes="16567848" />
</allocation-stats>
<gc-op id="2538" type="scavenge" timems="0.183" contextid="2535" timestamp="2019-07-02T20:42:28.251">
  <scavenger-info tenureage="3" tenuremask="fff8" tiltratio="89" />
  <memory-copied type="nursery" objects="1" bytes="24" bytesdiscarded="39144" />
</gc-op>
<gc-end id="2539" type="scavenge" contextid="2535" durationms="0.352" usertimems="0.000" systemtimems="0.000" timestamp="2019-07-02T20:42:28.251" activeThreads="4">
  <mem-info id="2540" free="24527240" total="44826624" percent="54">
    <mem type="nursery" free="16672512" total="18612224" percent="89">
      <mem type="allocate" free="16672512" total="16711680" percent="99" />
      <mem type="survivor" free="0" total="1900544" percent="0" />
    </mem>
    <mem type="tenure" free="7854728" total="26214400" percent="29">
      <mem type="soa" free="6544008" total="24903680" percent="26" />
      <mem type="loa" free="1310720" total="1310720" percent="100" />
    </mem>
    <remembered-set count="96" />
  </mem-info>
</gc-end>
<cycle-end id="2541" type="scavenge" contextid="2535" timestamp="2019-07-02T20:42:28.251">
  <attribute name="GC Util" value="9" />
  <attribute name="CPU Util" value="4155465735750" />
  <attribute name="Time Running"value="9351"/>
  <attribute name="Number of cores"value="4"/>
</cycle-end>
<allocation-satisfied id="2542" threadId="00000000022F5700" bytesRequested="1168" />
<af-end id="2543" timestamp="2019-07-02T20:42:28.251" threadId="00000000022F6088" success="true" from="nursery"/>
<exclusive-end id="2544" timestamp="2019-07-02T20:42:28.251" durationms="0.925" />

<exclusive-start id="2545" timestamp="2019-07-02T20:42:28.255" intervalms="4.462">
  <response-info timems="0.022" idlems="0.022" threads="0" lastid="00000000022F5700" lastname="main" />
</exclusive-start>
<af-start id="2546" threadId="00000000022F6088" totalBytesRequested="1168" timestamp="2019-07-02T20:42:28.255" intervalms="4.463" type="nursery" />
<cycle-start id="2547" type="scavenge" contextid="0" timestamp="2019-07-02T20:42:28.255" intervalms="4.456" />
  <attribute name="GC Util" value="9" />
  <attribute name="CPU Util" value="4155465735750" />
  <attribute name="Time Running"value="9351"/>
  <attribute name="Number of cores"value="4"/>
<gc-start id="2548" type="scavenge" contextid="2547" timestamp="2019-07-02T20:42:28.255">
  <mem-info id="2549" free="7854728" total="44826624" percent="17">
    <mem type="nursery" free="0" total="18612224" percent="0">
      <mem type="allocate" free="0" total="16711680" percent="0" />
      <mem type="survivor" free="0" total="1900544" percent="0" />
    </mem>
    <mem type="tenure" free="7854728" total="26214400" percent="29">
      <mem type="soa" free="6544008" total="24903680" percent="26" />
      <mem type="loa" free="1310720" total="1310720" percent="100" />
    </mem>
    <remembered-set count="96" />
  </mem-info>
</gc-start>
<allocation-stats totalBytes="16567848" >
  <allocated-bytes non-tlh="1168" tlh="16566680" />
  <largest-consumer threadName="main" threadId="00000000022F5700" bytes="16567848" />
</allocation-stats>
<gc-op id="2550" type="scavenge" timems="0.184" contextid="2547" timestamp="2019-07-02T20:42:28.256">
  <scavenger-info tenureage="3" tenuremask="fff8" tiltratio="89" />
  <memory-copied type="nursery" objects="1" bytes="24" bytesdiscarded="39144" />
</gc-op>
<gc-end id="2551" type="scavenge" contextid="2547" durationms="0.357" usertimems="0.000" systemtimems="0.000" timestamp="2019-07-02T20:42:28.256" activeThreads="4">
  <mem-info id="2552" free="24527240" total="44826624" percent="54">
    <mem type="nursery" free="16672512" total="18612224" percent="89">
      <mem type="allocate" free="16672512" total="16711680" percent="99" />
      <mem type="survivor" free="0" total="1900544" percent="0" />
    </mem>
    <mem type="tenure" free="7854728" total="26214400" percent="29">
      <mem type="soa" free="6544008" total="24903680" percent="26" />
      <mem type="loa" free="1310720" total="1310720" percent="100" />
    </mem>
    <remembered-set count="96" />
  </mem-info>
</gc-end>
<cycle-end id="2553" type="scavenge" contextid="2547" timestamp="2019-07-02T20:42:28.256">
  <attribute name="GC Util" value="9" />
  <attribute name="CPU Util" value="4122508159145" />
  <attribute name="Time Running"value="9356"/>
  <attribute name="Number of cores"value="4"/>
</cycle-end>
<allocation-satisfied id="2554" threadId="00000000022F5700" bytesRequested="1168" />
<af-end id="2555" timestamp="2019-07-02T20:42:28.256" threadId="00000000022F6088" success="true" from="nursery"/>
<exclusive-end id="2556" timestamp="2019-07-02T20:42:28.256" durationms="0.937" />

<exclusive-start id="2557" timestamp="2019-07-02T20:42:28.259" intervalms="4.404">
  <response-info timems="0.030" idlems="0.030" threads="0" lastid="00000000022F5700" lastname="main" />
</exclusive-start>
<af-start id="2558" threadId="00000000022F6088" totalBytesRequested="1168" timestamp="2019-07-02T20:42:28.260" intervalms="4.419" type="nursery" />
<cycle-start id="2559" type="scavenge" contextid="0" timestamp="2019-07-02T20:42:28.260" intervalms="4.391" />
  <attribute name="GC Util" value="9" />
  <attribute name="CPU Util" value="4122508159145" />
  <attribute name="Time Running"value="9356"/>
  <attribute name="Number of cores"value="4"/>
<gc-start id="2560" type="scavenge" contextid="2559" timestamp="2019-07-02T20:42:28.260">
  <mem-info id="2561" free="7854728" total="44826624" percent="17">
    <mem type="nursery" free="0" total="18612224" percent="0">
      <mem type="allocate" free="0" total="16711680" percent="0" />
      <mem type="survivor" free="0" total="1900544" percent="0" />
    </mem>
    <mem type="tenure" free="7854728" total="26214400" percent="29">
      <mem type="soa" free="6544008" total="24903680" percent="26" />
      <mem type="loa" free="1310720" total="1310720" percent="100" />
    </mem>
    <remembered-set count="96" />
  </mem-info>
</gc-start>
<allocation-stats totalBytes="16569088" >
  <allocated-bytes non-tlh="1168" tlh="16567920" />
  <largest-consumer threadName="main" threadId="00000000022F5700" bytes="16569088" />
</allocation-stats>
<gc-op id="2562" type="scavenge" timems="0.184" contextid="2559" timestamp="2019-07-02T20:42:28.260">
  <scavenger-info tenureage="3" tenuremask="fff8" tiltratio="89" />
  <memory-copied type="nursery" objects="1" bytes="24" bytesdiscarded="39144" />
</gc-op>
<gc-end id="2563" type="scavenge" contextid="2559" durationms="0.381" usertimems="0.000" systemtimems="0.000" timestamp="2019-07-02T20:42:28.260" activeThreads="4">
  <mem-info id="2564" free="24527240" total="44826624" percent="54">
    <mem type="nursery" free="16672512" total="18612224" percent="89">
      <mem type="allocate" free="16672512" total="16711680" percent="99" />
      <mem type="survivor" free="0" total="1900544" percent="0" />
    </mem>
    <mem type="tenure" free="7854728" total="26214400" percent="29">
      <mem type="soa" free="6544008" total="24903680" percent="26" />
      <mem type="loa" free="1310720" total="1310720" percent="100" />
    </mem>
    <remembered-set count="96" />
  </mem-info>
</gc-end>
<cycle-end id="2565" type="scavenge" contextid="2559" timestamp="2019-07-02T20:42:28.260">
  <attribute name="GC Util" value="9" />
  <attribute name="CPU Util" value="4197249584229" />
  <attribute name="Time Running"value="9360"/>
  <attribute name="Number of cores"value="4"/>
</cycle-end>
<allocation-satisfied id="2566" threadId="00000000022F5700" bytesRequested="1168" />
<af-end id="2567" timestamp="2019-07-02T20:42:28.260" threadId="00000000022F6088" success="true" from="nursery"/>
<exclusive-end id="2568" timestamp="2019-07-02T20:42:28.260" durationms="0.936" />

<exclusive-start id="2569" timestamp="2019-07-02T20:42:28.262" intervalms="2.756">
  <response-info timems="0.022" idlems="0.022" threads="0" lastid="00000000022F5700" lastname="main" />
</exclusive-start>
<af-start id="2570" threadId="00000000022F6088" totalBytesRequested="1168" timestamp="2019-07-02T20:42:28.262" intervalms="2.780" type="nursery" />
<cycle-start id="2571" type="scavenge" contextid="0" timestamp="2019-07-02T20:42:28.262" intervalms="2.814" />
  <attribute name="GC Util" value="9" />
  <attribute name="CPU Util" value="4197249584229" />
  <attribute name="Time Running"value="9360"/>
  <attribute name="Number of cores"value="4"/>
<gc-start id="2572" type="scavenge" contextid="2571" timestamp="2019-07-02T20:42:28.263">
  <mem-info id="2573" free="7854728" total="44826624" percent="17">
    <mem type="nursery" free="0" total="18612224" percent="0">
      <mem type="allocate" free="0" total="16711680" percent="0" />
      <mem type="survivor" free="0" total="1900544" percent="0" />
    </mem>
    <mem type="tenure" free="7854728" total="26214400" percent="29">
      <mem type="soa" free="6544008" total="24903680" percent="26" />
      <mem type="loa" free="1310720" total="1310720" percent="100" />
    </mem>
    <remembered-set count="96" />
  </mem-info>
</gc-start>
<allocation-stats totalBytes="16569088" >
  <allocated-bytes non-tlh="1168" tlh="16567920" />
  <largest-consumer threadName="main" threadId="00000000022F5700" bytes="16569088" />
</allocation-stats>
<gc-op id="2574" type="scavenge" timems="0.189" contextid="2571" timestamp="2019-07-02T20:42:28.263">
  <scavenger-info tenureage="3" tenuremask="fff8" tiltratio="89" />
  <memory-copied type="nursery" objects="1" bytes="24" bytesdiscarded="39144" />
</gc-op>
<gc-end id="2575" type="scavenge" contextid="2571" durationms="0.362" usertimems="0.000" systemtimems="0.000" timestamp="2019-07-02T20:42:28.263" activeThreads="4">
  <mem-info id="2576" free="24527240" total="44826624" percent="54">
    <mem type="nursery" free="16672512" total="18612224" percent="89">
      <mem type="allocate" free="16672512" total="16711680" percent="99" />
      <mem type="survivor" free="0" total="1900544" percent="0" />
    </mem>
    <mem type="tenure" free="7854728" total="26214400" percent="29">
      <mem type="soa" free="6544008" total="24903680" percent="26" />
      <mem type="loa" free="1310720" total="1310720" percent="100" />
    </mem>
    <remembered-set count="96" />
  </mem-info>
</gc-end>
<cycle-end id="2577" type="scavenge" contextid="2571" timestamp="2019-07-02T20:42:28.263">
  <attribute name="GC Util" value="16" />
  <attribute name="CPU Util" value="6577678455087" />
  <attribute name="Time Running"value="9363"/>
  <attribute name="Number of cores"value="4"/>
</cycle-end>
<allocation-satisfied id="2578" threadId="00000000022F5700" bytesRequested="1168" />
<af-end id="2579" timestamp="2019-07-02T20:42:28.263" threadId="00000000022F6088" success="true" from="nursery"/>
<exclusive-end id="2580" timestamp="2019-07-02T20:42:28.263" durationms="0.980" />

<exclusive-start id="2581" timestamp="2019-07-02T20:42:28.265" intervalms="2.761">
  <response-info timems="0.022" idlems="0.022" threads="0" lastid="00000000022F5700" lastname="main" />
</exclusive-start>
<af-start id="2582" threadId="00000000022F6088" totalBytesRequested="1168" timestamp="2019-07-02T20:42:28.265" intervalms="2.721" type="nursery" />
<cycle-start id="2583" type="scavenge" contextid="0" timestamp="2019-07-02T20:42:28.265" intervalms="2.635" />
  <attribute name="GC Util" value="16" />
  <attribute name="CPU Util" value="6577678455087" />
  <attribute name="Time Running"value="9363"/>
  <attribute name="Number of cores"value="4"/>
<gc-start id="2584" type="scavenge" contextid="2583" timestamp="2019-07-02T20:42:28.265">
  <mem-info id="2585" free="7854728" total="44826624" percent="17">
    <mem type="nursery" free="0" total="18612224" percent="0">
      <mem type="allocate" free="0" total="16711680" percent="0" />
      <mem type="survivor" free="0" total="1900544" percent="0" />
    </mem>
    <mem type="tenure" free="7854728" total="26214400" percent="29">
      <mem type="soa" free="6544008" total="24903680" percent="26" />
      <mem type="loa" free="1310720" total="1310720" percent="100" />
    </mem>
    <remembered-set count="96" />
  </mem-info>
</gc-start>
<allocation-stats totalBytes="16569088" >
  <allocated-bytes non-tlh="1168" tlh="16567920" />
  <largest-consumer threadName="main" threadId="00000000022F5700" bytes="16569088" />
</allocation-stats>
<gc-op id="2586" type="scavenge" timems="0.170" contextid="2583" timestamp="2019-07-02T20:42:28.265">
  <scavenger-info tenureage="8" tenuremask="ff00" tiltratio="89" />
  <memory-copied type="nursery" objects="1" bytes="24" bytesdiscarded="39144" />
</gc-op>
<gc-end id="2587" type="scavenge" contextid="2583" durationms="0.350" usertimems="0.000" systemtimems="0.000" timestamp="2019-07-02T20:42:28.265" activeThreads="4">
  <mem-info id="2588" free="24527240" total="44826624" percent="54">
    <mem type="nursery" free="16672512" total="18612224" percent="89">
      <mem type="allocate" free="16672512" total="16711680" percent="99" />
      <mem type="survivor" free="0" total="1900544" percent="0" />
    </mem>
    <mem type="tenure" free="7854728" total="26214400" percent="29">
      <mem type="soa" free="6544008" total="24903680" percent="26" />
      <mem type="loa" free="1310720" total="1310720" percent="100" />
    </mem>
    <remembered-set count="96" />
  </mem-info>
</gc-end>
<cycle-end id="2589" type="scavenge" contextid="2583" timestamp="2019-07-02T20:42:28.266">
  <attribute name="GC Util" value="16" />
  <attribute name="CPU Util" value="7001172013904" />
  <attribute name="Time Running"value="9365"/>
  <attribute name="Number of cores"value="4"/>
</cycle-end>
<allocation-satisfied id="2590" threadId="00000000022F5700" bytesRequested="1168" />
<af-end id="2591" timestamp="2019-07-02T20:42:28.266" threadId="00000000022F6088" success="true" from="nursery"/>
<exclusive-end id="2592" timestamp="2019-07-02T20:42:28.266" durationms="0.874" />

<exclusive-start id="2593" timestamp="2019-07-02T20:42:28.268" intervalms="2.654">
  <response-info timems="0.024" idlems="0.024" threads="0" lastid="00000000022F5700" lastname="main" />
</exclusive-start>
<af-start id="2594" threadId="00000000022F6088" totalBytesRequested="1168" timestamp="2019-07-02T20:42:28.268" intervalms="2.659" type="nursery" />
<cycle-start id="2595" type="scavenge" contextid="0" timestamp="2019-07-02T20:42:28.268" intervalms="2.668" />
  <attribute name="GC Util" value="16" />
  <attribute name="CPU Util" value="7001172013904" />
  <attribute name="Time Running"value="9365"/>
  <attribute name="Number of cores"value="4"/>
<gc-start id="2596" type="scavenge" contextid="2595" timestamp="2019-07-02T20:42:28.268">
  <mem-info id="2597" free="7854728" total="44826624" percent="17">
    <mem type="nursery" free="0" total="18612224" percent="0">
      <mem type="allocate" free="0" total="16711680" percent="0" />
      <mem type="survivor" free="0" total="1900544" percent="0" />
    </mem>
    <mem type="tenure" free="7854728" total="26214400" percent="29">
      <mem type="soa" free="6544008" total="24903680" percent="26" />
      <mem type="loa" free="1310720" total="1310720" percent="100" />
    </mem>
    <remembered-set count="96" />
  </mem-info>
</gc-start>
<allocation-stats totalBytes="16569088" >
  <allocated-bytes non-tlh="1168" tlh="16567920" />
  <largest-consumer threadName="main" threadId="00000000022F5700" bytes="16569088" />
</allocation-stats>
<gc-op id="2598" type="scavenge" timems="0.172" contextid="2595" timestamp="2019-07-02T20:42:28.268">
  <scavenger-info tenureage="8" tenuremask="ff00" tiltratio="89" />
  <memory-copied type="nursery" objects="1" bytes="24" bytesdiscarded="39144" />
</gc-op>
<gc-end id="2599" type="scavenge" contextid="2595" durationms="0.342" usertimems="4.000" systemtimems="0.000" timestamp="2019-07-02T20:42:28.268" activeThreads="4">
  <mem-info id="2600" free="24527240" total="44826624" percent="54">
    <mem type="nursery" free="16672512" total="18612224" percent="89">
      <mem type="allocate" free="16672512" total="16711680" percent="99" />
      <mem type="survivor" free="0" total="1900544" percent="0" />
    </mem>
    <mem type="tenure" free="7854728" total="26214400" percent="29">
      <mem type="soa" free="6544008" total="24903680" percent="26" />
      <mem type="loa" free="1310720" total="1310720" percent="100" />
    </mem>
    <remembered-set count="96" />
  </mem-info>
</gc-end>
<cycle-end id="2601" type="scavenge" contextid="2595" timestamp="2019-07-02T20:42:28.268">
  <attribute name="GC Util" value="16" />
  <attribute name="CPU Util" value="6915085393537" />
  <attribute name="Time Running"value="9368"/>
  <attribute name="Number of cores"value="4"/>
</cycle-end>
<allocation-satisfied id="2602" threadId="00000000022F5700" bytesRequested="1168" />
<af-end id="2603" timestamp="2019-07-02T20:42:28.268" threadId="00000000022F6088" success="true" from="nursery"/>
<exclusive-end id="2604" timestamp="2019-07-02T20:42:28.268" durationms="0.768" />

<exclusive-start id="2605" timestamp="2019-07-02T20:42:28.270" intervalms="2.559">
  <response-info timems="0.021" idlems="0.021" threads="0" lastid="00000000022F5700" lastname="main" />
</exclusive-start>
<af-start id="2606" threadId="00000000022F6088" totalBytesRequested="1168" timestamp="2019-07-02T20:42:28.270" intervalms="2.557" type="nursery" />
<cycle-start id="2607" type="scavenge" contextid="0" timestamp="2019-07-02T20:42:28.270" intervalms="2.594" />
  <attribute name="GC Util" value="16" />
  <attribute name="CPU Util" value="6915085393537" />
  <attribute name="Time Running"value="9368"/>
  <attribute name="Number of cores"value="4"/>
<gc-start id="2608" type="scavenge" contextid="2607" timestamp="2019-07-02T20:42:28.270">
  <mem-info id="2609" free="7854728" total="44826624" percent="17">
    <mem type="nursery" free="0" total="18612224" percent="0">
      <mem type="allocate" free="0" total="16711680" percent="0" />
      <mem type="survivor" free="0" total="1900544" percent="0" />
    </mem>
    <mem type="tenure" free="7854728" total="26214400" percent="29">
      <mem type="soa" free="6544008" total="24903680" percent="26" />
      <mem type="loa" free="1310720" total="1310720" percent="100" />
    </mem>
    <remembered-set count="96" />
  </mem-info>
</gc-start>
<allocation-stats totalBytes="16567848" >
  <allocated-bytes non-tlh="1168" tlh="16566680" />
  <largest-consumer threadName="main" threadId="00000000022F5700" bytes="16567848" />
</allocation-stats>
<gc-op id="2610" type="scavenge" timems="0.151" contextid="2607" timestamp="2019-07-02T20:42:28.271">
  <scavenger-info tenureage="8" tenuremask="ff00" tiltratio="89" />
  <memory-copied type="nursery" objects="1" bytes="24" bytesdiscarded="39144" />
</gc-op>
<gc-end id="2611" type="scavenge" contextid="2607" durationms="0.331" usertimems="0.000" systemtimems="0.000" timestamp="2019-07-02T20:42:28.271" activeThreads="4">
  <mem-info id="2612" free="24527240" total="44826624" percent="54">
    <mem type="nursery" free="16672512" total="18612224" percent="89">
      <mem type="allocate" free="16672512" total="16711680" percent="99" />
      <mem type="survivor" free="0" total="1900544" percent="0" />
    </mem>
    <mem type="tenure" free="7854728" total="26214400" percent="29">
      <mem type="soa" free="6544008" total="24903680" percent="26" />
      <mem type="loa" free="1310720" total="1310720" percent="100" />
    </mem>
    <remembered-set count="96" />
  </mem-info>
</gc-end>
<cycle-end id="2613" type="scavenge" contextid="2607" timestamp="2019-07-02T20:42:28.271">
  <attribute name="GC Util" value="16" />
  <attribute name="CPU Util" value="7114180981045" />
  <attribute name="Time Running"value="9371"/>
  <attribute name="Number of cores"value="4"/>
</cycle-end>
<allocation-satisfied id="2614" threadId="00000000022F5700" bytesRequested="1168" />
<af-end id="2615" timestamp="2019-07-02T20:42:28.271" threadId="00000000022F6088" success="true" from="nursery"/>
<exclusive-end id="2616" timestamp="2019-07-02T20:42:28.271" durationms="0.860" />

<exclusive-start id="2617" timestamp="2019-07-02T20:42:28.273" intervalms="2.618">
  <response-info timems="0.021" idlems="0.021" threads="0" lastid="00000000022F5700" lastname="main" />
</exclusive-start>
<af-start id="2618" threadId="00000000022F6088" totalBytesRequested="1168" timestamp="2019-07-02T20:42:28.273" intervalms="2.615" type="nursery" />
<cycle-start id="2619" type="scavenge" contextid="0" timestamp="2019-07-02T20:42:28.273" intervalms="2.574" />
  <attribute name="GC Util" value="16" />
  <attribute name="CPU Util" value="7114180981045" />
  <attribute name="Time Running"value="9371"/>
  <attribute name="Number of cores"value="4"/>
<gc-start id="2620" type="scavenge" contextid="2619" timestamp="2019-07-02T20:42:28.273">
  <mem-info id="2621" free="7854728" total="44826624" percent="17">
    <mem type="nursery" free="0" total="18612224" percent="0">
      <mem type="allocate" free="0" total="16711680" percent="0" />
      <mem type="survivor" free="0" total="1900544" percent="0" />
    </mem>
    <mem type="tenure" free="7854728" total="26214400" percent="29">
      <mem type="soa" free="6544008" total="24903680" percent="26" />
      <mem type="loa" free="1310720" total="1310720" percent="100" />
    </mem>
    <remembered-set count="96" />
  </mem-info>
</gc-start>
<allocation-stats totalBytes="16567872" >
  <allocated-bytes non-tlh="1168" tlh="16566704" />
  <largest-consumer threadName="main" threadId="00000000022F5700" bytes="16567872" />
</allocation-stats>
<gc-op id="2622" type="scavenge" timems="0.170" contextid="2619" timestamp="2019-07-02T20:42:28.273">
  <scavenger-info tenureage="8" tenuremask="ff00" tiltratio="89" />
  <memory-copied type="nursery" objects="1" bytes="24" bytesdiscarded="39144" />
</gc-op>
<gc-end id="2623" type="scavenge" contextid="2619" durationms="0.345" usertimems="0.000" systemtimems="0.000" timestamp="2019-07-02T20:42:28.273" activeThreads="4">
  <mem-info id="2624" free="24527240" total="44826624" percent="54">
    <mem type="nursery" free="16672512" total="18612224" percent="89">
      <mem type="allocate" free="16672512" total="16711680" percent="99" />
      <mem type="survivor" free="0" total="1900544" percent="0" />
    </mem>
    <mem type="tenure" free="7854728" total="26214400" percent="29">
      <mem type="soa" free="6544008" total="24903680" percent="26" />
      <mem type="loa" free="1310720" total="1310720" percent="100" />
    </mem>
    <remembered-set count="96" />
  </mem-info>
</gc-end>
<cycle-end id="2625" type="scavenge" contextid="2619" timestamp="2019-07-02T20:42:28.273">
  <attribute name="GC Util" value="16" />
  <attribute name="CPU Util" value="7184167596093" />
  <attribute name="Time Running"value="9373"/>
  <attribute name="Number of cores"value="4"/>
</cycle-end>
<allocation-satisfied id="2626" threadId="00000000022F5700" bytesRequested="1168" />
<af-end id="2627" timestamp="2019-07-02T20:42:28.273" threadId="00000000022F6088" success="true" from="nursery"/>
<exclusive-end id="2628" timestamp="2019-07-02T20:42:28.274" durationms="0.765" />

<exclusive-start id="2629" timestamp="2019-07-02T20:42:28.275" intervalms="2.511">
  <response-info timems="0.021" idlems="0.021" threads="0" lastid="00000000022F5700" lastname="main" />
</exclusive-start>
<af-start id="2630" threadId="00000000022F6088" totalBytesRequested="1168" timestamp="2019-07-02T20:42:28.275" intervalms="2.512" type="nursery" />
<cycle-start id="2631" type="scavenge" contextid="0" timestamp="2019-07-02T20:42:28.275" intervalms="2.515" />
  <attribute name="GC Util" value="16" />
  <attribute name="CPU Util" value="7184167596093" />
  <attribute name="Time Running"value="9373"/>
  <attribute name="Number of cores"value="4"/>
<gc-start id="2632" type="scavenge" contextid="2631" timestamp="2019-07-02T20:42:28.275">
  <mem-info id="2633" free="7854728" total="44826624" percent="17">
    <mem type="nursery" free="0" total="18612224" percent="0">
      <mem type="allocate" free="0" total="16711680" percent="0" />
      <mem type="survivor" free="0" total="1900544" percent="0" />
    </mem>
    <mem type="tenure" free="7854728" total="26214400" percent="29">
      <mem type="soa" free="6544008" total="24903680" percent="26" />
      <mem type="loa" free="1310720" total="1310720" percent="100" />
    </mem>
    <remembered-set count="96" />
  </mem-info>
</gc-start>
<allocation-stats totalBytes="16567848" >
  <allocated-bytes non-tlh="1168" tlh="16566680" />
  <largest-consumer threadName="main" threadId="00000000022F5700" bytes="16567848" />
</allocation-stats>
<gc-op id="2634" type="scavenge" timems="0.155" contextid="2631" timestamp="2019-07-02T20:42:28.276">
  <scavenger-info tenureage="8" tenuremask="ff00" tiltratio="89" />
  <memory-copied type="nursery" objects="1" bytes="24" bytesdiscarded="39144" />
</gc-op>
<gc-end id="2635" type="scavenge" contextid="2631" durationms="0.327" usertimems="0.000" systemtimems="0.000" timestamp="2019-07-02T20:42:28.276" activeThreads="4">
  <mem-info id="2636" free="24527240" total="44826624" percent="54">
    <mem type="nursery" free="16672512" total="18612224" percent="89">
      <mem type="allocate" free="16672512" total="16711680" percent="99" />
      <mem type="survivor" free="0" total="1900544" percent="0" />
    </mem>
    <mem type="tenure" free="7854728" total="26214400" percent="29">
      <mem type="soa" free="6544008" total="24903680" percent="26" />
      <mem type="loa" free="1310720" total="1310720" percent="100" />
    </mem>
    <remembered-set count="96" />
  </mem-info>
</gc-end>
<cycle-end id="2637" type="scavenge" contextid="2631" timestamp="2019-07-02T20:42:28.276">
  <attribute name="GC Util" value="17" />
  <attribute name="CPU Util" value="7347801576506" />
  <attribute name="Time Running"value="9376"/>
  <attribute name="Number of cores"value="4"/>
</cycle-end>
<allocation-satisfied id="2638" threadId="00000000022F5700" bytesRequested="1168" />
<af-end id="2639" timestamp="2019-07-02T20:42:28.276" threadId="00000000022F6088" success="true" from="nursery"/>
<exclusive-end id="2640" timestamp="2019-07-02T20:42:28.276" durationms="0.735" />

<exclusive-start id="2641" timestamp="2019-07-02T20:42:28.278" intervalms="2.560">
  <response-info timems="0.035" idlems="0.035" threads="0" lastid="00000000022F5700" lastname="main" />
</exclusive-start>
<af-start id="2642" threadId="00000000022F6088" totalBytesRequested="1168" timestamp="2019-07-02T20:42:28.278" intervalms="2.574" type="nursery" />
<cycle-start id="2643" type="scavenge" contextid="0" timestamp="2019-07-02T20:42:28.278" intervalms="2.621" />
  <attribute name="GC Util" value="17" />
  <attribute name="CPU Util" value="7347801576506" />
  <attribute name="Time Running"value="9376"/>
  <attribute name="Number of cores"value="4"/>
<gc-start id="2644" type="scavenge" contextid="2643" timestamp="2019-07-02T20:42:28.278">
  <mem-info id="2645" free="7854728" total="44826624" percent="17">
    <mem type="nursery" free="0" total="18612224" percent="0">
      <mem type="allocate" free="0" total="16711680" percent="0" />
      <mem type="survivor" free="0" total="1900544" percent="0" />
    </mem>
    <mem type="tenure" free="7854728" total="26214400" percent="29">
      <mem type="soa" free="6544008" total="24903680" percent="26" />
      <mem type="loa" free="1310720" total="1310720" percent="100" />
    </mem>
    <remembered-set count="96" />
  </mem-info>
</gc-start>
<allocation-stats totalBytes="16567848" >
  <allocated-bytes non-tlh="1168" tlh="16566680" />
  <largest-consumer threadName="main" threadId="00000000022F5700" bytes="16567848" />
</allocation-stats>
<gc-op id="2646" type="scavenge" timems="0.199" contextid="2643" timestamp="2019-07-02T20:42:28.278">
  <scavenger-info tenureage="8" tenuremask="ff00" tiltratio="89" />
  <memory-copied type="nursery" objects="1" bytes="24" bytesdiscarded="39144" />
</gc-op>
<gc-end id="2647" type="scavenge" contextid="2643" durationms="0.393" usertimems="0.000" systemtimems="0.000" timestamp="2019-07-02T20:42:28.279" activeThreads="4">
  <mem-info id="2648" free="24527240" total="44826624" percent="54">
    <mem type="nursery" free="16672512" total="18612224" percent="89">
      <mem type="allocate" free="16672512" total="16711680" percent="99" />
      <mem type="survivor" free="0" total="1900544" percent="0" />
    </mem>
    <mem type="tenure" free="7854728" total="26214400" percent="29">
      <mem type="soa" free="6544008" total="24903680" percent="26" />
      <mem type="loa" free="1310720" total="1310720" percent="100" />
    </mem>
    <remembered-set count="96" />
  </mem-info>
</gc-end>
<cycle-end id="2649" type="scavenge" contextid="2643" timestamp="2019-07-02T20:42:28.279">
  <attribute name="GC Util" value="15" />
  <attribute name="CPU Util" value="6953761586520" />
  <attribute name="Time Running"value="9378"/>
  <attribute name="Number of cores"value="4"/>
</cycle-end>
<allocation-satisfied id="2650" threadId="00000000022F5700" bytesRequested="1168" />
<af-end id="2651" timestamp="2019-07-02T20:42:28.279" threadId="00000000022F6088" success="true" from="nursery"/>
<exclusive-end id="2652" timestamp="2019-07-02T20:42:28.279" durationms="0.991" />

<exclusive-start id="2653" timestamp="2019-07-02T20:42:28.302" intervalms="24.084">
  <response-info timems="0.075" idlems="0.075" threads="0" lastid="00000000022F5700" lastname="main" />
</exclusive-start>
<af-start id="2654" threadId="00000000022F6088" totalBytesRequested="24" timestamp="2019-07-02T20:42:28.302" intervalms="24.185" type="nursery" />
<cycle-start id="2655" type="scavenge" contextid="0" timestamp="2019-07-02T20:42:28.302" intervalms="24.225" />
  <attribute name="GC Util" value="15" />
  <attribute name="CPU Util" value="6953761586520" />
  <attribute name="Time Running"value="9378"/>
  <attribute name="Number of cores"value="4"/>
<gc-start id="2656" type="scavenge" contextid="2655" timestamp="2019-07-02T20:42:28.302">
  <mem-info id="2657" free="7854728" total="44826624" percent="17">
    <mem type="nursery" free="0" total="18612224" percent="0">
      <mem type="allocate" free="0" total="16711680" percent="0" />
      <mem type="survivor" free="0" total="1900544" percent="0" />
    </mem>
    <mem type="tenure" free="7854728" total="26214400" percent="29">
      <mem type="soa" free="6544008" total="24903680" percent="26" />
      <mem type="loa" free="1310720" total="1310720" percent="100" />
    </mem>
    <remembered-set count="101" />
  </mem-info>
</gc-start>
<allocation-stats totalBytes="16665784" >
  <allocated-bytes non-tlh="1168" tlh="16664616" />
  <largest-consumer threadName="main" threadId="00000000022F5700" bytes="16665784" />
</allocation-stats>
<gc-op id="2658" type="scavenge" timems="0.223" contextid="2655" timestamp="2019-07-02T20:42:28.303">
  <scavenger-info tenureage="8" tenuremask="ff00" tiltratio="89" />
  <memory-copied type="nursery" objects="157" bytes="5208" bytesdiscarded="33960" />
</gc-op>
<gc-end id="2659" type="scavenge" contextid="2655" durationms="0.614" usertimems="0.000" systemtimems="0.000" timestamp="2019-07-02T20:42:28.303" activeThreads="4">
  <mem-info id="2660" free="24527240" total="44826624" percent="54">
    <mem type="nursery" free="16672512" total="18612224" percent="89">
      <mem type="allocate" free="16672512" total="16711680" percent="99" />
      <mem type="survivor" free="0" total="1900544" percent="0" />
    </mem>
    <mem type="tenure" free="7854728" total="26214400" percent="29">
      <mem type="soa" free="6544008" total="24903680" percent="26" />
      <mem type="loa" free="1310720" total="1310720" percent="100" />
    </mem>
    <remembered-set count="101" />
  </mem-info>
</gc-end>
<cycle-end id="2661" type="scavenge" contextid="2655" timestamp="2019-07-02T20:42:28.303">
  <attribute name="GC Util" value="1" />
  <attribute name="CPU Util" value="753842076877" />
  <attribute name="Time Running"value="9403"/>
  <attribute name="Number of cores"value="4"/>
</cycle-end>
<allocation-satisfied id="2662" threadId="00000000022F5700" bytesRequested="24" />
<af-end id="2663" timestamp="2019-07-02T20:42:28.303" threadId="00000000022F6088" success="true" from="nursery"/>
<exclusive-end id="2664" timestamp="2019-07-02T20:42:28.303" durationms="1.406" />

<exclusive-start id="2665" timestamp="2019-07-02T20:42:28.332" intervalms="30.470">
  <response-info timems="0.075" idlems="0.075" threads="0" lastid="00000000022F5700" lastname="main" />
</exclusive-start>
<af-start id="2666" threadId="00000000022F6088" totalBytesRequested="80" timestamp="2019-07-02T20:42:28.333" intervalms="30.450" type="nursery" />
<cycle-start id="2667" type="scavenge" contextid="0" timestamp="2019-07-02T20:42:28.333" intervalms="30.439" />
  <attribute name="GC Util" value="1" />
  <attribute name="CPU Util" value="753842076877" />
  <attribute name="Time Running"value="9403"/>
  <attribute name="Number of cores"value="4"/>
<gc-start id="2668" type="scavenge" contextid="2667" timestamp="2019-07-02T20:42:28.333">
  <mem-info id="2669" free="7854728" total="44826624" percent="17">
    <mem type="nursery" free="0" total="18612224" percent="0">
      <mem type="allocate" free="0" total="16711680" percent="0" />
      <mem type="survivor" free="0" total="1900544" percent="0" />
    </mem>
    <mem type="tenure" free="7854728" total="26214400" percent="29">
      <mem type="soa" free="6544008" total="24903680" percent="26" />
      <mem type="loa" free="1310720" total="1310720" percent="100" />
    </mem>
    <remembered-set count="101" />
  </mem-info>
</gc-start>
<allocation-stats totalBytes="16669928" >
  <allocated-bytes non-tlh="24" tlh="16669904" />
  <largest-consumer threadName="main" threadId="00000000022F5700" bytes="16669928" />
</allocation-stats>
<gc-op id="2670" type="scavenge" timems="0.198" contextid="2667" timestamp="2019-07-02T20:42:28.333">
  <scavenger-info tenureage="3" tenuremask="fff8" tiltratio="89" />
  <memory-copied type="nursery" objects="156" bytes="5128" bytesdiscarded="73208" />
</gc-op>
<gc-end id="2671" type="scavenge" contextid="2667" durationms="0.561" usertimems="0.000" systemtimems="0.000" timestamp="2019-07-02T20:42:28.333" activeThreads="4">
  <mem-info id="2672" free="24488072" total="44826624" percent="54">
    <mem type="nursery" free="16633344" total="18612224" percent="89">
      <mem type="allocate" free="16633344" total="16711680" percent="99" />
      <mem type="survivor" free="0" total="1900544" percent="0" />
    </mem>
    <mem type="tenure" free="7854728" total="26214400" percent="29">
      <mem type="soa" free="6544008" total="24903680" percent="26" />
      <mem type="loa" free="1310720" total="1310720" percent="100" />
    </mem>
    <remembered-set count="91" />
  </mem-info>
</gc-end>
<cycle-end id="2673" type="scavenge" contextid="2667" timestamp="2019-07-02T20:42:28.334">
  <attribute name="GC Util" value="1" />
  <attribute name="CPU Util" value="607006154361" />
  <attribute name="Time Running"value="9433"/>
  <attribute name="Number of cores"value="4"/>
</cycle-end>
<allocation-satisfied id="2674" threadId="00000000022F5700" bytesRequested="80" />
<af-end id="2675" timestamp="2019-07-02T20:42:28.334" threadId="00000000022F6088" success="true" from="nursery"/>
<exclusive-end id="2676" timestamp="2019-07-02T20:42:28.334" durationms="1.298" />

<exclusive-start id="2677" timestamp="2019-07-02T20:42:28.363" intervalms="30.284">
  <response-info timems="0.070" idlems="0.070" threads="0" lastid="00000000022F5700" lastname="main" />
</exclusive-start>
<af-start id="2678" threadId="00000000022F6088" totalBytesRequested="40" timestamp="2019-07-02T20:42:28.363" intervalms="30.264" type="nursery" />
<cycle-start id="2679" type="scavenge" contextid="0" timestamp="2019-07-02T20:42:28.363" intervalms="30.264" />
  <attribute name="GC Util" value="1" />
  <attribute name="CPU Util" value="607006154361" />
  <attribute name="Time Running"value="9433"/>
  <attribute name="Number of cores"value="4"/>
<gc-start id="2680" type="scavenge" contextid="2679" timestamp="2019-07-02T20:42:28.363">
  <mem-info id="2681" free="7854728" total="44826624" percent="17">
    <mem type="nursery" free="0" total="18612224" percent="0">
      <mem type="allocate" free="0" total="16711680" percent="0" />
      <mem type="survivor" free="0" total="1900544" percent="0" />
    </mem>
    <mem type="tenure" free="7854728" total="26214400" percent="29">
      <mem type="soa" free="6544008" total="24903680" percent="26" />
      <mem type="loa" free="1310720" total="1310720" percent="100" />
    </mem>
    <remembered-set count="91" />
  </mem-info>
</gc-start>
<allocation-stats totalBytes="16630832" >
  <allocated-bytes non-tlh="80" tlh="16630752" />
  <largest-consumer threadName="main" threadId="00000000022F5700" bytes="16630832" />
</allocation-stats>
<gc-op id="2682" type="scavenge" timems="0.172" contextid="2679" timestamp="2019-07-02T20:42:28.364">
  <scavenger-info tenureage="3" tenuremask="fff8" tiltratio="89" />
  <memory-copied type="nursery" objects="158" bytes="5232" bytesdiscarded="33936" />
</gc-op>
<gc-end id="2683" type="scavenge" contextid="2679" durationms="0.573" usertimems="0.000" systemtimems="0.000" timestamp="2019-07-02T20:42:28.364" activeThreads="4">
  <mem-info id="2684" free="24527240" total="44826624" percent="54">
    <mem type="nursery" free="16672512" total="18612224" percent="89">
      <mem type="allocate" free="16672512" total="16711680" percent="99" />
      <mem type="survivor" free="0" total="1900544" percent="0" />
    </mem>
    <mem type="tenure" free="7854728" total="26214400" percent="29">
      <mem type="soa" free="6544008" total="24903680" percent="26" />
      <mem type="loa" free="1310720" total="1310720" percent="100" />
    </mem>
    <remembered-set count="91" />
  </mem-info>
</gc-end>
<cycle-end id="2685" type="scavenge" contextid="2679" timestamp="2019-07-02T20:42:28.364">
  <attribute name="GC Util" value="1" />
  <attribute name="CPU Util" value="609666987525" />
  <attribute name="Time Running"value="9464"/>
  <attribute name="Number of cores"value="4"/>
</cycle-end>
<allocation-satisfied id="2686" threadId="00000000022F5700" bytesRequested="40" />
<af-end id="2687" timestamp="2019-07-02T20:42:28.364" threadId="00000000022F6088" success="true" from="nursery"/>
<exclusive-end id="2688" timestamp="2019-07-02T20:42:28.364" durationms="1.295" />

<exclusive-start id="2689" timestamp="2019-07-02T20:42:28.402" intervalms="39.571">
  <response-info timems="0.069" idlems="0.069" threads="0" lastid="00000000022F5700" lastname="main" />
</exclusive-start>
<af-start id="2690" threadId="00000000022F6088" totalBytesRequested="24" timestamp="2019-07-02T20:42:28.402" intervalms="39.604" type="nursery" />
<cycle-start id="2691" type="scavenge" contextid="0" timestamp="2019-07-02T20:42:28.403" intervalms="39.610" />
  <attribute name="GC Util" value="1" />
  <attribute name="CPU Util" value="609666987525" />
  <attribute name="Time Running"value="9464"/>
  <attribute name="Number of cores"value="4"/>
<gc-start id="2692" type="scavenge" contextid="2691" timestamp="2019-07-02T20:42:28.403">
  <mem-info id="2693" free="7854728" total="44826624" percent="17">
    <mem type="nursery" free="0" total="18612224" percent="0">
      <mem type="allocate" free="0" total="16711680" percent="0" />
      <mem type="survivor" free="0" total="1900544" percent="0" />
    </mem>
    <mem type="tenure" free="7854728" total="26214400" percent="29">
      <mem type="soa" free="6544008" total="24903680" percent="26" />
      <mem type="loa" free="1310720" total="1310720" percent="100" />
    </mem>
    <remembered-set count="96" />
  </mem-info>
</gc-start>
<allocation-stats totalBytes="16670152" >
  <allocated-bytes non-tlh="40" tlh="16670112" />
  <largest-consumer threadName="main" threadId="00000000022F5700" bytes="16670152" />
</allocation-stats>
<gc-op id="2694" type="scavenge" timems="0.233" contextid="2691" timestamp="2019-07-02T20:42:28.403">
  <scavenger-info tenureage="3" tenuremask="fff8" tiltratio="89" />
  <memory-copied type="nursery" objects="228" bytes="7432" bytesdiscarded="101576" />
  <memory-copied type="tenure" objects="8" bytes="184" bytesdiscarded="0" />
  <references type="weak" candidates="37" cleared="0" enqueued="0" />
</gc-op>
<gc-end id="2695" type="scavenge" contextid="2691" durationms="0.642" usertimems="0.000" systemtimems="0.000" timestamp="2019-07-02T20:42:28.403" activeThreads="4">
  <mem-info id="2696" free="24418184" total="44826624" percent="54">
    <mem type="nursery" free="16602624" total="18612224" percent="89">
      <mem type="allocate" free="16602624" total="16711680" percent="99" />
      <mem type="survivor" free="0" total="1900544" percent="0" />
    </mem>
    <mem type="tenure" free="7815560" total="26214400" percent="29">
      <mem type="soa" free="6504840" total="24903680" percent="26" />
      <mem type="loa" free="1310720" total="1310720" percent="100" />
    </mem>
    <remembered-set count="92" />
  </mem-info>
</gc-end>
<cycle-end id="2697" type="scavenge" contextid="2691" timestamp="2019-07-02T20:42:28.404">
  <attribute name="GC Util" value="1" />
  <attribute name="CPU Util" value="465193618913" />
  <attribute name="Time Running"value="9503"/>
  <attribute name="Number of cores"value="4"/>
</cycle-end>
<allocation-satisfied id="2698" threadId="00000000022F5700" bytesRequested="24" />
<af-end id="2699" timestamp="2019-07-02T20:42:28.404" threadId="00000000022F6088" success="true" from="nursery"/>
<exclusive-end id="2700" timestamp="2019-07-02T20:42:28.404" durationms="1.446" />

<exclusive-start id="2701" timestamp="2019-07-02T20:42:28.429" intervalms="26.248">
  <response-info timems="0.068" idlems="0.068" threads="0" lastid="00000000022F5700" lastname="main" />
</exclusive-start>
<af-start id="2702" threadId="00000000022F6088" totalBytesRequested="24" timestamp="2019-07-02T20:42:28.429" intervalms="26.255" type="nursery" />
<cycle-start id="2703" type="scavenge" contextid="0" timestamp="2019-07-02T20:42:28.429" intervalms="26.248" />
  <attribute name="GC Util" value="1" />
  <attribute name="CPU Util" value="465193618913" />
  <attribute name="Time Running"value="9503"/>
  <attribute name="Number of cores"value="4"/>
<gc-start id="2704" type="scavenge" contextid="2703" timestamp="2019-07-02T20:42:28.429">
  <mem-info id="2705" free="7815560" total="44826624" percent="17">
    <mem type="nursery" free="0" total="18612224" percent="0">
      <mem type="allocate" free="0" total="16711680" percent="0" />
      <mem type="survivor" free="0" total="1900544" percent="0" />
    </mem>
    <mem type="tenure" free="7815560" total="26214400" percent="29">
      <mem type="soa" free="6504840" total="24903680" percent="26" />
      <mem type="loa" free="1310720" total="1310720" percent="100" />
    </mem>
    <remembered-set count="92" />
  </mem-info>
</gc-start>
<allocation-stats totalBytes="16600808" >
  <allocated-bytes non-tlh="24" tlh="16600784" />
  <largest-consumer threadName="main" threadId="00000000022F5700" bytes="16600808" />
</allocation-stats>
<gc-op id="2706" type="scavenge" timems="0.232" contextid="2703" timestamp="2019-07-02T20:42:28.429">
  <scavenger-info tenureage="3" tenuremask="ffe8" tiltratio="89" />
  <memory-copied type="nursery" objects="236" bytes="7768" bytesdiscarded="101288" />
  <references type="weak" candidates="37" cleared="0" enqueued="0" />
</gc-op>
<gc-end id="2707" type="scavenge" contextid="2703" durationms="0.582" usertimems="0.000" systemtimems="0.000" timestamp="2019-07-02T20:42:28.430" activeThreads="4">
  <mem-info id="2708" free="24418184" total="44826624" percent="54">
    <mem type="nursery" free="16602624" total="18612224" percent="89">
      <mem type="allocate" free="16602624" total="16711680" percent="99" />
      <mem type="survivor" free="0" total="1900544" percent="0" />
    </mem>
    <mem type="tenure" free="7815560" total="26214400" percent="29">
      <mem type="soa" free="6504840" total="24903680" percent="26" />
      <mem type="loa" free="1310720" total="1310720" percent="100" />
    </mem>
    <remembered-set count="92" />
  </mem-info>
</gc-end>
<cycle-end id="2709" type="scavenge" contextid="2703" timestamp="2019-07-02T20:42:28.430">
  <attribute name="GC Util" value="2" />
  <attribute name="CPU Util" value="703754958262" />
  <attribute name="Time Running"value="9529"/>
  <attribute name="Number of cores"value="4"/>
</cycle-end>
<allocation-satisfied id="2710" threadId="00000000022F5700" bytesRequested="24" />
<af-end id="2711" timestamp="2019-07-02T20:42:28.430" threadId="00000000022F6088" success="true" from="nursery"/>
<exclusive-end id="2712" timestamp="2019-07-02T20:42:28.430" durationms="1.455" />

<exclusive-start id="2713" timestamp="2019-07-02T20:42:28.455" intervalms="26.254">
  <response-info timems="0.069" idlems="0.069" threads="0" lastid="00000000022F5700" lastname="main" />
</exclusive-start>
<af-start id="2714" threadId="00000000022F6088" totalBytesRequested="80" timestamp="2019-07-02T20:42:28.455" intervalms="26.214" type="nursery" />
<cycle-start id="2715" type="scavenge" contextid="0" timestamp="2019-07-02T20:42:28.455" intervalms="26.214" />
  <attribute name="GC Util" value="2" />
  <attribute name="CPU Util" value="703754958262" />
  <attribute name="Time Running"value="9529"/>
  <attribute name="Number of cores"value="4"/>
<gc-start id="2716" type="scavenge" contextid="2715" timestamp="2019-07-02T20:42:28.455">
  <mem-info id="2717" free="7815560" total="44826624" percent="17">
    <mem type="nursery" free="0" total="18612224" percent="0">
      <mem type="allocate" free="0" total="16711680" percent="0" />
      <mem type="survivor" free="0" total="1900544" percent="0" />
    </mem>
    <mem type="tenure" free="7815560" total="26214400" percent="29">
      <mem type="soa" free="6504840" total="24903680" percent="26" />
      <mem type="loa" free="1310720" total="1310720" percent="100" />
    </mem>
    <remembered-set count="92" />
  </mem-info>
</gc-start>
<allocation-stats totalBytes="16600440" >
  <allocated-bytes non-tlh="24" tlh="16600416" />
  <largest-consumer threadName="main" threadId="00000000022F5700" bytes="16600440" />
</allocation-stats>
<gc-op id="2718" type="scavenge" timems="0.207" contextid="2715" timestamp="2019-07-02T20:42:28.456">
  <scavenger-info tenureage="3" tenuremask="fff8" tiltratio="89" />
  <memory-copied type="nursery" objects="235" bytes="7688" bytesdiscarded="101368" />
  <references type="weak" candidates="37" cleared="0" enqueued="0" />
</gc-op>
<gc-end id="2719" type="scavenge" contextid="2715" durationms="0.594" usertimems="0.000" systemtimems="0.000" timestamp="2019-07-02T20:42:28.456" activeThreads="4">
  <mem-info id="2720" free="24418184" total="44826624" percent="54">
    <mem type="nursery" free="16602624" total="18612224" percent="89">
      <mem type="allocate" free="16602624" total="16711680" percent="99" />
      <mem type="survivor" free="0" total="1900544" percent="0" />
    </mem>
    <mem type="tenure" free="7815560" total="26214400" percent="29">
      <mem type="soa" free="6504840" total="24903680" percent="26" />
      <mem type="loa" free="1310720" total="1310720" percent="100" />
    </mem>
    <remembered-set count="92" />
  </mem-info>
</gc-end>
<cycle-end id="2721" type="scavenge" contextid="2715" timestamp="2019-07-02T20:42:28.456">
  <attribute name="GC Util" value="2" />
  <attribute name="CPU Util" value="703909398963" />
  <attribute name="Time Running"value="9556"/>
  <attribute name="Number of cores"value="4"/>
</cycle-end>
<allocation-satisfied id="2722" threadId="00000000022F5700" bytesRequested="80" />
<af-end id="2723" timestamp="2019-07-02T20:42:28.456" threadId="00000000022F6088" success="true" from="nursery"/>
<exclusive-end id="2724" timestamp="2019-07-02T20:42:28.456" durationms="1.331" />

<exclusive-start id="2725" timestamp="2019-07-02T20:42:28.475" intervalms="19.775">
  <response-info timems="0.070" idlems="0.070" threads="0" lastid="00000000022F5700" lastname="main" />
</exclusive-start>
<af-start id="2726" threadId="00000000022F6088" totalBytesRequested="296" timestamp="2019-07-02T20:42:28.475" intervalms="19.776" type="nursery" />
<cycle-start id="2727" type="scavenge" contextid="0" timestamp="2019-07-02T20:42:28.475" intervalms="19.774" />
  <attribute name="GC Util" value="2" />
  <attribute name="CPU Util" value="703909398963" />
  <attribute name="Time Running"value="9556"/>
  <attribute name="Number of cores"value="4"/>
<gc-start id="2728" type="scavenge" contextid="2727" timestamp="2019-07-02T20:42:28.475">
  <mem-info id="2729" free="7815560" total="44826624" percent="17">
    <mem type="nursery" free="0" total="18612224" percent="0">
      <mem type="allocate" free="0" total="16711680" percent="0" />
      <mem type="survivor" free="0" total="1900544" percent="0" />
    </mem>
    <mem type="tenure" free="7815560" total="26214400" percent="29">
      <mem type="soa" free="6504840" total="24903680" percent="26" />
      <mem type="loa" free="1310720" total="1310720" percent="100" />
    </mem>
    <remembered-set count="94" />
  </mem-info>
</gc-start>
<allocation-stats totalBytes="16593000" >
  <allocated-bytes non-tlh="80" tlh="16592920" />
  <largest-consumer threadName="main" threadId="00000000022F5700" bytes="16593000" />
</allocation-stats>
<gc-op id="2730" type="scavenge" timems="0.198" contextid="2727" timestamp="2019-07-02T20:42:28.475">
  <scavenger-info tenureage="3" tenuremask="fff8" tiltratio="89" />
  <memory-copied type="nursery" objects="22" bytes="920" bytesdiscarded="38248" />
  <memory-copied type="tenure" objects="103" bytes="3520" bytesdiscarded="0" />
</gc-op>
<gc-end id="2731" type="scavenge" contextid="2727" durationms="0.582" usertimems="0.000" systemtimems="0.000" timestamp="2019-07-02T20:42:28.476" activeThreads="4">
  <mem-info id="2732" free="24488072" total="44826624" percent="54">
    <mem type="nursery" free="16672512" total="18612224" percent="89">
      <mem type="allocate" free="16672512" total="16711680" percent="99" />
      <mem type="survivor" free="0" total="1900544" percent="0" />
    </mem>
    <mem type="tenure" free="7815560" total="26214400" percent="29">
      <mem type="soa" free="6504840" total="24903680" percent="26" />
      <mem type="loa" free="1310720" total="1310720" percent="100" />
    </mem>
    <remembered-set count="89" />
  </mem-info>
</gc-end>
<cycle-end id="2733" type="scavenge" contextid="2727" timestamp="2019-07-02T20:42:28.476">
  <attribute name="GC Util" value="2" />
  <attribute name="CPU Util" value="932451173170" />
  <attribute name="Time Running"value="9575"/>
  <attribute name="Number of cores"value="4"/>
</cycle-end>
<allocation-satisfied id="2734" threadId="00000000022F5700" bytesRequested="296" />
<af-end id="2735" timestamp="2019-07-02T20:42:28.476" threadId="00000000022F6088" success="true" from="nursery"/>
<exclusive-end id="2736" timestamp="2019-07-02T20:42:28.476" durationms="1.311" />

<exclusive-start id="2737" timestamp="2019-07-02T20:42:28.489" intervalms="14.722">
  <response-info timems="0.054" idlems="0.054" threads="0" lastid="00000000022F5700" lastname="main" />
</exclusive-start>
<af-start id="2738" threadId="00000000022F6088" totalBytesRequested="216" timestamp="2019-07-02T20:42:28.489" intervalms="14.723" type="nursery" />
<cycle-start id="2739" type="scavenge" contextid="0" timestamp="2019-07-02T20:42:28.490" intervalms="14.724" />
  <attribute name="GC Util" value="2" />
  <attribute name="CPU Util" value="932451173170" />
  <attribute name="Time Running"value="9575"/>
  <attribute name="Number of cores"value="4"/>
<gc-start id="2740" type="scavenge" contextid="2739" timestamp="2019-07-02T20:42:28.490">
  <mem-info id="2741" free="7815560" total="44826624" percent="17">
    <mem type="nursery" free="0" total="18612224" percent="0">
      <mem type="allocate" free="0" total="16711680" percent="0" />
      <mem type="survivor" free="0" total="1900544" percent="0" />
    </mem>
    <mem type="tenure" free="7815560" total="26214400" percent="29">
      <mem type="soa" free="6504840" total="24903680" percent="26" />
      <mem type="loa" free="1310720" total="1310720" percent="100" />
    </mem>
    <remembered-set count="89" />
  </mem-info>
</gc-start>
<allocation-stats totalBytes="16662872" >
  <allocated-bytes non-tlh="296" tlh="16662576" />
  <largest-consumer threadName="main" threadId="00000000022F5700" bytes="16662872" />
</allocation-stats>
<gc-op id="2742" type="scavenge" timems="0.181" contextid="2739" timestamp="2019-07-02T20:42:28.490">
  <scavenger-info tenureage="3" tenuremask="ffe8" tiltratio="89" />
  <memory-copied type="nursery" objects="23" bytes="872" bytesdiscarded="38296" />
</gc-op>
<gc-end id="2743" type="scavenge" contextid="2739" durationms="0.614" usertimems="0.000" systemtimems="0.000" timestamp="2019-07-02T20:42:28.490" activeThreads="4">
  <mem-info id="2744" free="24488072" total="44826624" percent="54">
    <mem type="nursery" free="16672512" total="18612224" percent="89">
      <mem type="allocate" free="16672512" total="16711680" percent="99" />
      <mem type="survivor" free="0" total="1900544" percent="0" />
    </mem>
    <mem type="tenure" free="7815560" total="26214400" percent="29">
      <mem type="soa" free="6504840" total="24903680" percent="26" />
      <mem type="loa" free="1310720" total="1310720" percent="100" />
    </mem>
    <remembered-set count="89" />
  </mem-info>
</gc-end>
<cycle-end id="2745" type="scavenge" contextid="2739" timestamp="2019-07-02T20:42:28.490">
  <attribute name="GC Util" value="3" />
  <attribute name="CPU Util" value="1249787958102" />
  <attribute name="Time Running"value="9590"/>
  <attribute name="Number of cores"value="4"/>
</cycle-end>
<allocation-satisfied id="2746" threadId="00000000022F5700" bytesRequested="216" />
<af-end id="2747" timestamp="2019-07-02T20:42:28.491" threadId="00000000022F6088" success="true" from="nursery"/>
<exclusive-end id="2748" timestamp="2019-07-02T20:42:28.491" durationms="1.420" />

<exclusive-start id="2749" timestamp="2019-07-02T20:42:28.504" intervalms="14.714">
  <response-info timems="0.057" idlems="0.057" threads="0" lastid="00000000022F5700" lastname="main" />
</exclusive-start>
<af-start id="2750" threadId="00000000022F6088" totalBytesRequested="16" timestamp="2019-07-02T20:42:28.504" intervalms="14.723" type="nursery" />
<cycle-start id="2751" type="scavenge" contextid="0" timestamp="2019-07-02T20:42:28.504" intervalms="14.724" />
  <attribute name="GC Util" value="3" />
  <attribute name="CPU Util" value="1249787958102" />
  <attribute name="Time Running"value="9590"/>
  <attribute name="Number of cores"value="4"/>
<gc-start id="2752" type="scavenge" contextid="2751" timestamp="2019-07-02T20:42:28.504">
  <mem-info id="2753" free="7815560" total="44826624" percent="17">
    <mem type="nursery" free="0" total="18612224" percent="0">
      <mem type="allocate" free="0" total="16711680" percent="0" />
      <mem type="survivor" free="0" total="1900544" percent="0" />
    </mem>
    <mem type="tenure" free="7815560" total="26214400" percent="29">
      <mem type="soa" free="6504840" total="24903680" percent="26" />
      <mem type="loa" free="1310720" total="1310720" percent="100" />
    </mem>
    <remembered-set count="89" />
  </mem-info>
</gc-start>
<allocation-stats totalBytes="16663720" >
  <allocated-bytes non-tlh="216" tlh="16663504" />
  <largest-consumer threadName="main" threadId="00000000022F5700" bytes="16663720" />
</allocation-stats>
<gc-op id="2754" type="scavenge" timems="0.193" contextid="2751" timestamp="2019-07-02T20:42:28.505">
  <scavenger-info tenureage="3" tenuremask="fff8" tiltratio="89" />
  <memory-copied type="nursery" objects="26" bytes="752" bytesdiscarded="77584" />
</gc-op>
<gc-end id="2755" type="scavenge" contextid="2751" durationms="0.541" usertimems="0.000" systemtimems="0.000" timestamp="2019-07-02T20:42:28.505" activeThreads="4">
  <mem-info id="2756" free="24448904" total="44826624" percent="54">
    <mem type="nursery" free="16633344" total="18612224" percent="89">
      <mem type="allocate" free="16633344" total="16711680" percent="99" />
      <mem type="survivor" free="0" total="1900544" percent="0" />
    </mem>
    <mem type="tenure" free="7815560" total="26214400" percent="29">
      <mem type="soa" free="6504840" total="24903680" percent="26" />
      <mem type="loa" free="1310720" total="1310720" percent="100" />
    </mem>
    <remembered-set count="89" />
  </mem-info>
</gc-end>
<cycle-end id="2757" type="scavenge" contextid="2751" timestamp="2019-07-02T20:42:28.505">
  <attribute name="GC Util" value="2" />
  <attribute name="CPU Util" value="1258644578727" />
  <attribute name="Time Running"value="9605"/>
  <attribute name="Number of cores"value="4"/>
</cycle-end>
<allocation-satisfied id="2758" threadId="00000000022F5700" bytesRequested="16" />
<af-end id="2759" timestamp="2019-07-02T20:42:28.505" threadId="00000000022F6088" success="true" from="nursery"/>
<exclusive-end id="2760" timestamp="2019-07-02T20:42:28.505" durationms="1.297" />

<exclusive-start id="2761" timestamp="2019-07-02T20:42:28.518" intervalms="14.505">
  <response-info timems="0.067" idlems="0.067" threads="0" lastid="00000000022F5700" lastname="main" />
</exclusive-start>
<af-start id="2762" threadId="00000000022F6088" totalBytesRequested="16" timestamp="2019-07-02T20:42:28.519" intervalms="14.543" type="nursery" />
<cycle-start id="2763" type="scavenge" contextid="0" timestamp="2019-07-02T20:42:28.519" intervalms="14.543" />
  <attribute name="GC Util" value="2" />
  <attribute name="CPU Util" value="1258644578727" />
  <attribute name="Time Running"value="9605"/>
  <attribute name="Number of cores"value="4"/>
<gc-start id="2764" type="scavenge" contextid="2763" timestamp="2019-07-02T20:42:28.519">
  <mem-info id="2765" free="7815560" total="44826624" percent="17">
    <mem type="nursery" free="0" total="18612224" percent="0">
      <mem type="allocate" free="0" total="16711680" percent="0" />
      <mem type="survivor" free="0" total="1900544" percent="0" />
    </mem>
    <mem type="tenure" free="7815560" total="26214400" percent="29">
      <mem type="soa" free="6504840" total="24903680" percent="26" />
      <mem type="loa" free="1310720" total="1310720" percent="100" />
    </mem>
    <remembered-set count="89" />
  </mem-info>
</gc-start>
<allocation-stats totalBytes="16624344" >
  <allocated-bytes non-tlh="16" tlh="16624328" />
  <largest-consumer threadName="main" threadId="00000000022F5700" bytes="16624344" />
</allocation-stats>
<gc-op id="2766" type="scavenge" timems="0.213" contextid="2763" timestamp="2019-07-02T20:42:28.519">
  <scavenger-info tenureage="3" tenuremask="fff8" tiltratio="89" />
  <memory-copied type="nursery" objects="8" bytes="752" bytesdiscarded="77584" />
  <memory-copied type="tenure" objects="18" bytes="568" bytesdiscarded="536" />
</gc-op>
<gc-end id="2767" type="scavenge" contextid="2763" durationms="0.524" usertimems="0.000" systemtimems="0.000" timestamp="2019-07-02T20:42:28.519" activeThreads="4">
  <mem-info id="2768" free="24448904" total="44826624" percent="54">
    <mem type="nursery" free="16633344" total="18612224" percent="89">
      <mem type="allocate" free="16633344" total="16711680" percent="99" />
      <mem type="survivor" free="0" total="1900544" percent="0" />
    </mem>
    <mem type="tenure" free="7815560" total="26214400" percent="29">
      <mem type="soa" free="6504840" total="24903680" percent="26" />
      <mem type="loa" free="1310720" total="1310720" percent="100" />
    </mem>
    <remembered-set count="91" />
  </mem-info>
</gc-end>
<cycle-end id="2769" type="scavenge" contextid="2763" timestamp="2019-07-02T20:42:28.520">
  <attribute name="GC Util" value="3" />
  <attribute name="CPU Util" value="1268338393275" />
  <attribute name="Time Running"value="9619"/>
  <attribute name="Number of cores"value="4"/>
</cycle-end>
<allocation-satisfied id="2770" threadId="00000000022F5700" bytesRequested="16" />
<af-end id="2771" timestamp="2019-07-02T20:42:28.520" threadId="00000000022F6088" success="true" from="nursery"/>
<exclusive-end id="2772" timestamp="2019-07-02T20:42:28.520" durationms="1.341" />

<exclusive-start id="2773" timestamp="2019-07-02T20:42:28.533" intervalms="14.066">
  <response-info timems="0.064" idlems="0.064" threads="0" lastid="00000000022F5700" lastname="main" />
</exclusive-start>
<af-start id="2774" threadId="00000000022F6088" totalBytesRequested="312" timestamp="2019-07-02T20:42:28.533" intervalms="14.007" type="nursery" />
<cycle-start id="2775" type="scavenge" contextid="0" timestamp="2019-07-02T20:42:28.533" intervalms="14.001" />
  <attribute name="GC Util" value="3" />
  <attribute name="CPU Util" value="1268338393275" />
  <attribute name="Time Running"value="9619"/>
  <attribute name="Number of cores"value="4"/>
<gc-start id="2776" type="scavenge" contextid="2775" timestamp="2019-07-02T20:42:28.533">
  <mem-info id="2777" free="7815560" total="44826624" percent="17">
    <mem type="nursery" free="0" total="18612224" percent="0">
      <mem type="allocate" free="0" total="16711680" percent="0" />
      <mem type="survivor" free="0" total="1900544" percent="0" />
    </mem>
    <mem type="tenure" free="7815560" total="26214400" percent="29">
      <mem type="soa" free="6504840" total="24903680" percent="26" />
      <mem type="loa" free="1310720" total="1310720" percent="100" />
    </mem>
    <remembered-set count="91" />
  </mem-info>
</gc-start>
<allocation-stats totalBytes="16624184" >
  <allocated-bytes non-tlh="16" tlh="16624168" />
  <largest-consumer threadName="main" threadId="00000000022F5700" bytes="16624184" />
</allocation-stats>
<gc-op id="2778" type="scavenge" timems="0.224" contextid="2775" timestamp="2019-07-02T20:42:28.533">
  <scavenger-info tenureage="3" tenuremask="ffe8" tiltratio="89" />
  <memory-copied type="nursery" objects="5" bytes="392" bytesdiscarded="38776" />
</gc-op>
<gc-end id="2779" type="scavenge" contextid="2775" durationms="0.632" usertimems="0.000" systemtimems="0.000" timestamp="2019-07-02T20:42:28.534" activeThreads="4">
  <mem-info id="2780" free="24488072" total="44826624" percent="54">
    <mem type="nursery" free="16672512" total="18612224" percent="89">
      <mem type="allocate" free="16672512" total="16711680" percent="99" />
      <mem type="survivor" free="0" total="1900544" percent="0" />
    </mem>
    <mem type="tenure" free="7815560" total="26214400" percent="29">
      <mem type="soa" free="6504840" total="24903680" percent="26" />
      <mem type="loa" free="1310720" total="1310720" percent="100" />
    </mem>
    <remembered-set count="91" />
  </mem-info>
</gc-end>
<cycle-end id="2781" type="scavenge" contextid="2775" timestamp="2019-07-02T20:42:28.534">
  <attribute name="GC Util" value="3" />
  <attribute name="CPU Util" value="1317789297438" />
  <attribute name="Time Running"value="9633"/>
  <attribute name="Number of cores"value="4"/>
</cycle-end>
<allocation-satisfied id="2782" threadId="00000000022F5700" bytesRequested="312" />
<af-end id="2783" timestamp="2019-07-02T20:42:28.534" threadId="00000000022F6088" success="true" from="nursery"/>
<exclusive-end id="2784" timestamp="2019-07-02T20:42:28.534" durationms="1.639" />

<exclusive-start id="2785" timestamp="2019-07-02T20:42:28.547" intervalms="14.338">
  <response-info timems="0.066" idlems="0.066" threads="0" lastid="00000000022F5700" lastname="main" />
</exclusive-start>
<af-start id="2786" threadId="00000000022F6088" totalBytesRequested="16" timestamp="2019-07-02T20:42:28.547" intervalms="14.383" type="nursery" />
<cycle-start id="2787" type="scavenge" contextid="0" timestamp="2019-07-02T20:42:28.547" intervalms="14.409" />
  <attribute name="GC Util" value="3" />
  <attribute name="CPU Util" value="1317789297438" />
  <attribute name="Time Running"value="9633"/>
  <attribute name="Number of cores"value="4"/>
<gc-start id="2788" type="scavenge" contextid="2787" timestamp="2019-07-02T20:42:28.547">
  <mem-info id="2789" free="7815560" total="44826624" percent="17">
    <mem type="nursery" free="0" total="18612224" percent="0">
      <mem type="allocate" free="0" total="16711680" percent="0" />
      <mem type="survivor" free="0" total="1900544" percent="0" />
    </mem>
    <mem type="tenure" free="7815560" total="26214400" percent="29">
      <mem type="soa" free="6504840" total="24903680" percent="26" />
      <mem type="loa" free="1310720" total="1310720" percent="100" />
    </mem>
    <remembered-set count="91" />
  </mem-info>
</gc-start>
<allocation-stats totalBytes="16663272" >
  <allocated-bytes non-tlh="312" tlh="16662960" />
  <largest-consumer threadName="main" threadId="00000000022F5700" bytes="16663272" />
</allocation-stats>
<gc-op id="2790" type="scavenge" timems="0.199" contextid="2787" timestamp="2019-07-02T20:42:28.548">
  <scavenger-info tenureage="3" tenuremask="fff8" tiltratio="89" />
  <memory-copied type="nursery" objects="6" bytes="448" bytesdiscarded="77888" />
</gc-op>
<gc-end id="2791" type="scavenge" contextid="2787" durationms="0.631" usertimems="0.000" systemtimems="0.000" timestamp="2019-07-02T20:42:28.548" activeThreads="4">
  <mem-info id="2792" free="24448904" total="44826624" percent="54">
    <mem type="nursery" free="16633344" total="18612224" percent="89">
      <mem type="allocate" free="16633344" total="16711680" percent="99" />
      <mem type="survivor" free="0" total="1900544" percent="0" />
    </mem>
    <mem type="tenure" free="7815560" total="26214400" percent="29">
      <mem type="soa" free="6504840" total="24903680" percent="26" />
      <mem type="loa" free="1310720" total="1310720" percent="100" />
    </mem>
    <remembered-set count="91" />
  </mem-info>
</gc-end>
<cycle-end id="2793" type="scavenge" contextid="2787" timestamp="2019-07-02T20:42:28.548">
  <attribute name="GC Util" value="3" />
  <attribute name="CPU Util" value="1267956542367" />
  <attribute name="Time Running"value="9648"/>
  <attribute name="Number of cores"value="4"/>
</cycle-end>
<allocation-satisfied id="2794" threadId="00000000022F5700" bytesRequested="16" />
<af-end id="2795" timestamp="2019-07-02T20:42:28.548" threadId="00000000022F6088" success="true" from="nursery"/>
<exclusive-end id="2796" timestamp="2019-07-02T20:42:28.548" durationms="1.539" />

<exclusive-start id="2797" timestamp="2019-07-02T20:42:28.561" intervalms="14.186">
  <response-info timems="0.068" idlems="0.068" threads="0" lastid="00000000022F5700" lastname="main" />
</exclusive-start>
<af-start id="2798" threadId="00000000022F6088" totalBytesRequested="176" timestamp="2019-07-02T20:42:28.561" intervalms="14.161" type="nursery" />
<cycle-start id="2799" type="scavenge" contextid="0" timestamp="2019-07-02T20:42:28.561" intervalms="14.162" />
  <attribute name="GC Util" value="3" />
  <attribute name="CPU Util" value="1267956542367" />
  <attribute name="Time Running"value="9648"/>
  <attribute name="Number of cores"value="4"/>
<gc-start id="2800" type="scavenge" contextid="2799" timestamp="2019-07-02T20:42:28.562">
  <mem-info id="2801" free="7815560" total="44826624" percent="17">
    <mem type="nursery" free="0" total="18612224" percent="0">
      <mem type="allocate" free="0" total="16711680" percent="0" />
      <mem type="survivor" free="0" total="1900544" percent="0" />
    </mem>
    <mem type="tenure" free="7815560" total="26214400" percent="29">
      <mem type="soa" free="6504840" total="24903680" percent="26" />
      <mem type="loa" free="1310720" total="1310720" percent="100" />
    </mem>
    <remembered-set count="91" />
  </mem-info>
</gc-start>
<allocation-stats totalBytes="16624120" >
  <allocated-bytes non-tlh="16" tlh="16624104" />
  <largest-consumer threadName="main" threadId="00000000022F5700" bytes="16624120" />
</allocation-stats>
<gc-op id="2802" type="scavenge" timems="0.182" contextid="2799" timestamp="2019-07-02T20:42:28.562">
  <scavenger-info tenureage="3" tenuremask="fff8" tiltratio="89" />
  <memory-copied type="nursery" objects="5" bytes="256" bytesdiscarded="78080" />
</gc-op>
<gc-end id="2803" type="scavenge" contextid="2799" durationms="0.583" usertimems="0.000" systemtimems="0.000" timestamp="2019-07-02T20:42:28.562" activeThreads="4">
  <mem-info id="2804" free="24448904" total="44826624" percent="54">
    <mem type="nursery" free="16633344" total="18612224" percent="89">
      <mem type="allocate" free="16633344" total="16711680" percent="99" />
      <mem type="survivor" free="0" total="1900544" percent="0" />
    </mem>
    <mem type="tenure" free="7815560" total="26214400" percent="29">
      <mem type="soa" free="6504840" total="24903680" percent="26" />
      <mem type="loa" free="1310720" total="1310720" percent="100" />
    </mem>
    <remembered-set count="91" />
  </mem-info>
</gc-end>
<cycle-end id="2805" type="scavenge" contextid="2799" timestamp="2019-07-02T20:42:28.562">
  <attribute name="GC Util" value="3" />
  <attribute name="CPU Util" value="1309840751471" />
  <attribute name="Time Running"value="9662"/>
  <attribute name="Number of cores"value="4"/>
</cycle-end>
<allocation-satisfied id="2806" threadId="00000000022F5700" bytesRequested="176" />
<af-end id="2807" timestamp="2019-07-02T20:42:28.562" threadId="00000000022F6088" success="true" from="nursery"/>
<exclusive-end id="2808" timestamp="2019-07-02T20:42:28.562" durationms="1.380" />

<exclusive-start id="2809" timestamp="2019-07-02T20:42:28.575" intervalms="14.098">
  <response-info timems="0.070" idlems="0.070" threads="0" lastid="00000000022F5700" lastname="main" />
</exclusive-start>
<af-start id="2810" threadId="00000000022F6088" totalBytesRequested="152" timestamp="2019-07-02T20:42:28.575" intervalms="14.102" type="nursery" />
<cycle-start id="2811" type="scavenge" contextid="0" timestamp="2019-07-02T20:42:28.575" intervalms="14.101" />
  <attribute name="GC Util" value="3" />
  <attribute name="CPU Util" value="1309840751471" />
  <attribute name="Time Running"value="9662"/>
  <attribute name="Number of cores"value="4"/>
<gc-start id="2812" type="scavenge" contextid="2811" timestamp="2019-07-02T20:42:28.576">
  <mem-info id="2813" free="7815560" total="44826624" percent="17">
    <mem type="nursery" free="0" total="18612224" percent="0">
      <mem type="allocate" free="0" total="16711680" percent="0" />
      <mem type="survivor" free="0" total="1900544" percent="0" />
    </mem>
    <mem type="tenure" free="7815560" total="26214400" percent="29">
      <mem type="soa" free="6504840" total="24903680" percent="26" />
      <mem type="loa" free="1310720" total="1310720" percent="100" />
    </mem>
    <remembered-set count="91" />
  </mem-info>
</gc-start>
<allocation-stats totalBytes="16623640" >
  <allocated-bytes non-tlh="176" tlh="16623464" />
  <largest-consumer threadName="main" threadId="00000000022F5700" bytes="16623640" />
</allocation-stats>
<gc-op id="2814" type="scavenge" timems="0.181" contextid="2811" timestamp="2019-07-02T20:42:28.576">
  <scavenger-info tenureage="3" tenuremask="fff8" tiltratio="89" />
  <memory-copied type="nursery" objects="5" bytes="232" bytesdiscarded="38936" />
</gc-op>
<gc-end id="2815" type="scavenge" contextid="2811" durationms="0.605" usertimems="0.000" systemtimems="0.000" timestamp="2019-07-02T20:42:28.576" activeThreads="4">
  <mem-info id="2816" free="24488072" total="44826624" percent="54">
    <mem type="nursery" free="16672512" total="18612224" percent="89">
      <mem type="allocate" free="16672512" total="16711680" percent="99" />
      <mem type="survivor" free="0" total="1900544" percent="0" />
    </mem>
    <mem type="tenure" free="7815560" total="26214400" percent="29">
      <mem type="soa" free="6504840" total="24903680" percent="26" />
      <mem type="loa" free="1310720" total="1310720" percent="100" />
    </mem>
    <remembered-set count="91" />
  </mem-info>
</gc-end>
<cycle-end id="2817" type="scavenge" contextid="2811" timestamp="2019-07-02T20:42:28.576">
  <attribute name="GC Util" value="2" />
  <attribute name="CPU Util" value="1310391307277" />
  <attribute name="Time Running"value="9676"/>
  <attribute name="Number of cores"value="4"/>
</cycle-end>
<allocation-satisfied id="2818" threadId="00000000022F5700" bytesRequested="152" />
<af-end id="2819" timestamp="2019-07-02T20:42:28.577" threadId="00000000022F6088" success="true" from="nursery"/>
<exclusive-end id="2820" timestamp="2019-07-02T20:42:28.577" durationms="1.384" />

<exclusive-start id="2821" timestamp="2019-07-02T20:42:28.589" intervalms="14.050">
  <response-info timems="0.059" idlems="0.059" threads="0" lastid="00000000022F5700" lastname="main" />
</exclusive-start>
<af-start id="2822" threadId="00000000022F6088" totalBytesRequested="272" timestamp="2019-07-02T20:42:28.589" intervalms="14.052" type="nursery" />
<cycle-start id="2823" type="scavenge" contextid="0" timestamp="2019-07-02T20:42:28.590" intervalms="14.049" />
  <attribute name="GC Util" value="2" />
  <attribute name="CPU Util" value="1310391307277" />
  <attribute name="Time Running"value="9676"/>
  <attribute name="Number of cores"value="4"/>
<gc-start id="2824" type="scavenge" contextid="2823" timestamp="2019-07-02T20:42:28.590">
  <mem-info id="2825" free="7815560" total="44826624" percent="17">
    <mem type="nursery" free="0" total="18612224" percent="0">
      <mem type="allocate" free="0" total="16711680" percent="0" />
      <mem type="survivor" free="0" total="1900544" percent="0" />
    </mem>
    <mem type="tenure" free="7815560" total="26214400" percent="29">
      <mem type="soa" free="6504840" total="24903680" percent="26" />
      <mem type="loa" free="1310720" total="1310720" percent="100" />
    </mem>
    <remembered-set count="91" />
  </mem-info>
</gc-start>
<allocation-stats totalBytes="16663768" >
  <allocated-bytes non-tlh="152" tlh="16663616" />
  <largest-consumer threadName="main" threadId="00000000022F5700" bytes="16663768" />
</allocation-stats>
<gc-op id="2826" type="scavenge" timems="0.175" contextid="2823" timestamp="2019-07-02T20:42:28.590">
  <scavenger-info tenureage="3" tenuremask="fff8" tiltratio="89" />
  <memory-copied type="nursery" objects="5" bytes="352" bytesdiscarded="38816" />
</gc-op>
<gc-end id="2827" type="scavenge" contextid="2823" durationms="0.588" usertimems="0.000" systemtimems="0.000" timestamp="2019-07-02T20:42:28.590" activeThreads="4">
  <mem-info id="2828" free="24488072" total="44826624" percent="54">
    <mem type="nursery" free="16672512" total="18612224" percent="89">
      <mem type="allocate" free="16672512" total="16711680" percent="99" />
      <mem type="survivor" free="0" total="1900544" percent="0" />
    </mem>
    <mem type="tenure" free="7815560" total="26214400" percent="29">
      <mem type="soa" free="6504840" total="24903680" percent="26" />
      <mem type="loa" free="1310720" total="1310720" percent="100" />
    </mem>
    <remembered-set count="91" />
  </mem-info>
</gc-end>
<cycle-end id="2829" type="scavenge" contextid="2823" timestamp="2019-07-02T20:42:28.590">
  <attribute name="GC Util" value="2" />
  <attribute name="CPU Util" value="1310766922105" />
  <attribute name="Time Running"value="9690"/>
  <attribute name="Number of cores"value="4"/>
</cycle-end>
<allocation-satisfied id="2830" threadId="00000000022F5700" bytesRequested="272" />
<af-end id="2831" timestamp="2019-07-02T20:42:28.591" threadId="00000000022F6088" success="true" from="nursery"/>
<exclusive-end id="2832" timestamp="2019-07-02T20:42:28.591" durationms="1.385" />

<exclusive-start id="2833" timestamp="2019-07-02T20:42:28.603" intervalms="14.085">
  <response-info timems="0.067" idlems="0.067" threads="0" lastid="00000000022F5700" lastname="main" />
</exclusive-start>
<af-start id="2834" threadId="00000000022F6088" totalBytesRequested="32" timestamp="2019-07-02T20:42:28.603" intervalms="14.084" type="nursery" />
<cycle-start id="2835" type="scavenge" contextid="0" timestamp="2019-07-02T20:42:28.604" intervalms="14.086" />
  <attribute name="GC Util" value="2" />
  <attribute name="CPU Util" value="1310766922105" />
  <attribute name="Time Running"value="9690"/>
  <attribute name="Number of cores"value="4"/>
<gc-start id="2836" type="scavenge" contextid="2835" timestamp="2019-07-02T20:42:28.604">
  <mem-info id="2837" free="7815560" total="44826624" percent="17">
    <mem type="nursery" free="0" total="18612224" percent="0">
      <mem type="allocate" free="0" total="16711680" percent="0" />
      <mem type="survivor" free="0" total="1900544" percent="0" />
    </mem>
    <mem type="tenure" free="7815560" total="26214400" percent="29">
      <mem type="soa" free="6504840" total="24903680" percent="26" />
      <mem type="loa" free="1310720" total="1310720" percent="100" />
    </mem>
    <remembered-set count="91" />
  </mem-info>
</gc-start>
<allocation-stats totalBytes="16662832" >
  <allocated-bytes non-tlh="272" tlh="16662560" />
  <largest-consumer threadName="main" threadId="00000000022F5700" bytes="16662832" />
</allocation-stats>
<gc-op id="2838" type="scavenge" timems="0.179" contextid="2835" timestamp="2019-07-02T20:42:28.604">
  <scavenger-info tenureage="3" tenuremask="fff8" tiltratio="89" />
  <memory-copied type="nursery" objects="7" bytes="320" bytesdiscarded="38848" />
</gc-op>
<gc-end id="2839" type="scavenge" contextid="2835" durationms="0.596" usertimems="0.000" systemtimems="0.000" timestamp="2019-07-02T20:42:28.604" activeThreads="4">
  <mem-info id="2840" free="24488072" total="44826624" percent="54">
    <mem type="nursery" free="16672512" total="18612224" percent="89">
      <mem type="allocate" free="16672512" total="16711680" percent="99" />
      <mem type="survivor" free="0" total="1900544" percent="0" />
    </mem>
    <mem type="tenure" free="7815560" total="26214400" percent="29">
      <mem type="soa" free="6504840" total="24903680" percent="26" />
      <mem type="loa" free="1310720" total="1310720" percent="100" />
    </mem>
    <remembered-set count="91" />
  </mem-info>
</gc-end>
<cycle-end id="2841" type="scavenge" contextid="2835" timestamp="2019-07-02T20:42:28.605">
  <attribute name="GC Util" value="2" />
  <attribute name="CPU Util" value="1308724406402" />
  <attribute name="Time Running"value="9704"/>
  <attribute name="Number of cores"value="4"/>
</cycle-end>
<allocation-satisfied id="2842" threadId="00000000022F5700" bytesRequested="32" />
<af-end id="2843" timestamp="2019-07-02T20:42:28.605" threadId="00000000022F6088" success="true" from="nursery"/>
<exclusive-end id="2844" timestamp="2019-07-02T20:42:28.605" durationms="1.424" />

<exclusive-start id="2845" timestamp="2019-07-02T20:42:28.617" intervalms="14.117">
  <response-info timems="0.067" idlems="0.067" threads="0" lastid="00000000022F5700" lastname="main" />
</exclusive-start>
<af-start id="2846" threadId="00000000022F6088" totalBytesRequested="240" timestamp="2019-07-02T20:42:28.618" intervalms="14.121" type="nursery" />
<cycle-start id="2847" type="scavenge" contextid="0" timestamp="2019-07-02T20:42:28.618" intervalms="14.119" />
  <attribute name="GC Util" value="2" />
  <attribute name="CPU Util" value="1308724406402" />
  <attribute name="Time Running"value="9704"/>
  <attribute name="Number of cores"value="4"/>
<gc-start id="2848" type="scavenge" contextid="2847" timestamp="2019-07-02T20:42:28.618">
  <mem-info id="2849" free="7815560" total="44826624" percent="17">
    <mem type="nursery" free="0" total="18612224" percent="0">
      <mem type="allocate" free="0" total="16711680" percent="0" />
      <mem type="survivor" free="0" total="1900544" percent="0" />
    </mem>
    <mem type="tenure" free="7815560" total="26214400" percent="29">
      <mem type="soa" free="6504840" total="24903680" percent="26" />
      <mem type="loa" free="1310720" total="1310720" percent="100" />
    </mem>
    <remembered-set count="91" />
  </mem-info>
</gc-start>
<allocation-stats totalBytes="16663096" >
  <allocated-bytes non-tlh="32" tlh="16663064" />
  <largest-consumer threadName="main" threadId="00000000022F5700" bytes="16663096" />
</allocation-stats>
<gc-op id="2850" type="scavenge" timems="0.180" contextid="2847" timestamp="2019-07-02T20:42:28.618">
  <scavenger-info tenureage="3" tenuremask="fff8" tiltratio="89" />
  <memory-copied type="nursery" objects="5" bytes="320" bytesdiscarded="38848" />
</gc-op>
<gc-end id="2851" type="scavenge" contextid="2847" durationms="0.608" usertimems="0.000" systemtimems="0.000" timestamp="2019-07-02T20:42:28.618" activeThreads="4">
  <mem-info id="2852" free="24488072" total="44826624" percent="54">
    <mem type="nursery" free="16672512" total="18612224" percent="89">
      <mem type="allocate" free="16672512" total="16711680" percent="99" />
      <mem type="survivor" free="0" total="1900544" percent="0" />
    </mem>
    <mem type="tenure" free="7815560" total="26214400" percent="29">
      <mem type="soa" free="6504840" total="24903680" percent="26" />
      <mem type="loa" free="1310720" total="1310720" percent="100" />
    </mem>
    <remembered-set count="91" />
  </mem-info>
</gc-end>
<cycle-end id="2853" type="scavenge" contextid="2847" timestamp="2019-07-02T20:42:28.619">
  <attribute name="GC Util" value="2" />
  <attribute name="CPU Util" value="1305312770399" />
  <attribute name="Time Running"value="9718"/>
  <attribute name="Number of cores"value="4"/>
</cycle-end>
<allocation-satisfied id="2854" threadId="00000000022F5700" bytesRequested="240" />
<af-end id="2855" timestamp="2019-07-02T20:42:28.619" threadId="00000000022F6088" success="true" from="nursery"/>
<exclusive-end id="2856" timestamp="2019-07-02T20:42:28.619" durationms="1.441" />

<exclusive-start id="2857" timestamp="2019-07-02T20:42:28.632" intervalms="14.112">
  <response-info timems="0.069" idlems="0.069" threads="0" lastid="00000000022F5700" lastname="main" />
</exclusive-start>
<af-start id="2858" threadId="00000000022F6088" totalBytesRequested="32" timestamp="2019-07-02T20:42:28.632" intervalms="14.104" type="nursery" />
<cycle-start id="2859" type="scavenge" contextid="0" timestamp="2019-07-02T20:42:28.632" intervalms="14.105" />
  <attribute name="GC Util" value="2" />
  <attribute name="CPU Util" value="1305312770399" />
  <attribute name="Time Running"value="9718"/>
  <attribute name="Number of cores"value="4"/>
<gc-start id="2860" type="scavenge" contextid="2859" timestamp="2019-07-02T20:42:28.632">
  <mem-info id="2861" free="7815560" total="44826624" percent="17">
    <mem type="nursery" free="0" total="18612224" percent="0">
      <mem type="allocate" free="0" total="16711680" percent="0" />
      <mem type="survivor" free="0" total="1900544" percent="0" />
    </mem>
    <mem type="tenure" free="7815560" total="26214400" percent="29">
      <mem type="soa" free="6504840" total="24903680" percent="26" />
      <mem type="loa" free="1310720" total="1310720" percent="100" />
    </mem>
    <remembered-set count="91" />
  </mem-info>
</gc-start>
<allocation-stats totalBytes="16663368" >
  <allocated-bytes non-tlh="240" tlh="16663128" />
  <largest-consumer threadName="main" threadId="00000000022F5700" bytes="16663368" />
</allocation-stats>
<gc-op id="2862" type="scavenge" timems="0.180" contextid="2859" timestamp="2019-07-02T20:42:28.632">
  <scavenger-info tenureage="3" tenuremask="fff8" tiltratio="89" />
  <memory-copied type="nursery" objects="7" bytes="208" bytesdiscarded="38960" />
</gc-op>
<gc-end id="2863" type="scavenge" contextid="2859" durationms="0.604" usertimems="0.000" systemtimems="0.000" timestamp="2019-07-02T20:42:28.633" activeThreads="4">
  <mem-info id="2864" free="24488072" total="44826624" percent="54">
    <mem type="nursery" free="16672512" total="18612224" percent="89">
      <mem type="allocate" free="16672512" total="16711680" percent="99" />
      <mem type="survivor" free="0" total="1900544" percent="0" />
    </mem>
    <mem type="tenure" free="7815560" total="26214400" percent="29">
      <mem type="soa" free="6504840" total="24903680" percent="26" />
      <mem type="loa" free="1310720" total="1310720" percent="100" />
    </mem>
    <remembered-set count="91" />
  </mem-info>
</gc-end>
<cycle-end id="2865" type="scavenge" contextid="2859" timestamp="2019-07-02T20:42:28.633">
  <attribute name="GC Util" value="2" />
  <attribute name="CPU Util" value="1308666099967" />
  <attribute name="Time Running"value="9732"/>
  <attribute name="Number of cores"value="4"/>
</cycle-end>
<allocation-satisfied id="2866" threadId="00000000022F5700" bytesRequested="32" />
<af-end id="2867" timestamp="2019-07-02T20:42:28.633" threadId="00000000022F6088" success="true" from="nursery"/>
<exclusive-end id="2868" timestamp="2019-07-02T20:42:28.633" durationms="1.427" />

<exclusive-start id="2869" timestamp="2019-07-02T20:42:28.646" intervalms="14.159">
  <response-info timems="0.068" idlems="0.068" threads="0" lastid="00000000022F5700" lastname="main" />
</exclusive-start>
<af-start id="2870" threadId="00000000022F6088" totalBytesRequested="224" timestamp="2019-07-02T20:42:28.646" intervalms="14.165" type="nursery" />
<cycle-start id="2871" type="scavenge" contextid="0" timestamp="2019-07-02T20:42:28.646" intervalms="14.165" />
  <attribute name="GC Util" value="2" />
  <attribute name="CPU Util" value="1308666099967" />
  <attribute name="Time Running"value="9732"/>
  <attribute name="Number of cores"value="4"/>
<gc-start id="2872" type="scavenge" contextid="2871" timestamp="2019-07-02T20:42:28.646">
  <mem-info id="2873" free="7815560" total="44826624" percent="17">
    <mem type="nursery" free="0" total="18612224" percent="0">
      <mem type="allocate" free="0" total="16711680" percent="0" />
      <mem type="survivor" free="0" total="1900544" percent="0" />
    </mem>
    <mem type="tenure" free="7815560" total="26214400" percent="29">
      <mem type="soa" free="6504840" total="24903680" percent="26" />
      <mem type="loa" free="1310720" total="1310720" percent="100" />
    </mem>
    <remembered-set count="91" />
  </mem-info>
</gc-start>
<allocation-stats totalBytes="16663872" >
  <allocated-bytes non-tlh="32" tlh="16663840" />
  <largest-consumer threadName="main" threadId="00000000022F5700" bytes="16663872" />
</allocation-stats>
<gc-op id="2874" type="scavenge" timems="0.184" contextid="2871" timestamp="2019-07-02T20:42:28.647">
  <scavenger-info tenureage="3" tenuremask="fff8" tiltratio="89" />
  <memory-copied type="nursery" objects="5" bytes="304" bytesdiscarded="38864" />
</gc-op>
<gc-end id="2875" type="scavenge" contextid="2871" durationms="0.612" usertimems="4.000" systemtimems="0.000" timestamp="2019-07-02T20:42:28.647" activeThreads="4">
  <mem-info id="2876" free="24488072" total="44826624" percent="54">
    <mem type="nursery" free="16672512" total="18612224" percent="89">
      <mem type="allocate" free="16672512" total="16711680" percent="99" />
      <mem type="survivor" free="0" total="1900544" percent="0" />
    </mem>
    <mem type="tenure" free="7815560" total="26214400" percent="29">
      <mem type="soa" free="6504840" total="24903680" percent="26" />
      <mem type="loa" free="1310720" total="1310720" percent="100" />
    </mem>
    <remembered-set count="91" />
  </mem-info>
</gc-end>
<cycle-end id="2877" type="scavenge" contextid="2871" timestamp="2019-07-02T20:42:28.647">
  <attribute name="GC Util" value="2" />
  <attribute name="CPU Util" value="1301905827683" />
  <attribute name="Time Running"value="9747"/>
  <attribute name="Number of cores"value="4"/>
</cycle-end>
<allocation-satisfied id="2878" threadId="00000000022F5700" bytesRequested="224" />
<af-end id="2879" timestamp="2019-07-02T20:42:28.647" threadId="00000000022F6088" success="true" from="nursery"/>
<exclusive-end id="2880" timestamp="2019-07-02T20:42:28.647" durationms="1.450" />

<exclusive-start id="2881" timestamp="2019-07-02T20:42:28.660" intervalms="14.229">
  <response-info timems="0.068" idlems="0.068" threads="0" lastid="00000000022F5700" lastname="main" />
</exclusive-start>
<af-start id="2882" threadId="00000000022F6088" totalBytesRequested="256" timestamp="2019-07-02T20:42:28.660" intervalms="14.237" type="nursery" />
<cycle-start id="2883" type="scavenge" contextid="0" timestamp="2019-07-02T20:42:28.660" intervalms="14.234" />
  <attribute name="GC Util" value="2" />
  <attribute name="CPU Util" value="1301905827683" />
  <attribute name="Time Running"value="9747"/>
  <attribute name="Number of cores"value="4"/>
<gc-start id="2884" type="scavenge" contextid="2883" timestamp="2019-07-02T20:42:28.660">
  <mem-info id="2885" free="7815560" total="44826624" percent="17">
    <mem type="nursery" free="0" total="18612224" percent="0">
      <mem type="allocate" free="0" total="16711680" percent="0" />
      <mem type="survivor" free="0" total="1900544" percent="0" />
    </mem>
    <mem type="tenure" free="7815560" total="26214400" percent="29">
      <mem type="soa" free="6504840" total="24903680" percent="26" />
      <mem type="loa" free="1310720" total="1310720" percent="100" />
    </mem>
    <remembered-set count="96" />
  </mem-info>
</gc-start>
<allocation-stats totalBytes="16663896" >
  <allocated-bytes non-tlh="224" tlh="16663672" />
  <largest-consumer threadName="main" threadId="00000000022F5700" bytes="16663896" />
</allocation-stats>
<gc-op id="2886" type="scavenge" timems="0.183" contextid="2883" timestamp="2019-07-02T20:42:28.661">
  <scavenger-info tenureage="3" tenuremask="fff8" tiltratio="89" />
  <memory-copied type="nursery" objects="27" bytes="1288" bytesdiscarded="77048" />
</gc-op>
<gc-end id="2887" type="scavenge" contextid="2883" durationms="0.547" usertimems="0.000" systemtimems="0.000" timestamp="2019-07-02T20:42:28.661" activeThreads="4">
  <mem-info id="2888" free="24448904" total="44826624" percent="54">
    <mem type="nursery" free="16633344" total="18612224" percent="89">
      <mem type="allocate" free="16633344" total="16711680" percent="99" />
      <mem type="survivor" free="0" total="1900544" percent="0" />
    </mem>
    <mem type="tenure" free="7815560" total="26214400" percent="29">
      <mem type="soa" free="6504840" total="24903680" percent="26" />
      <mem type="loa" free="1310720" total="1310720" percent="100" />
    </mem>
    <remembered-set count="96" />
  </mem-info>
</gc-end>
<cycle-end id="2889" type="scavenge" contextid="2883" timestamp="2019-07-02T20:42:28.661">
  <attribute name="GC Util" value="2" />
  <attribute name="CPU Util" value="1298668009504" />
  <attribute name="Time Running"value="9761"/>
  <attribute name="Number of cores"value="4"/>
</cycle-end>
<allocation-satisfied id="2890" threadId="00000000022F5700" bytesRequested="256" />
<af-end id="2891" timestamp="2019-07-02T20:42:28.661" threadId="00000000022F6088" success="true" from="nursery"/>
<exclusive-end id="2892" timestamp="2019-07-02T20:42:28.661" durationms="1.289" />

<exclusive-start id="2893" timestamp="2019-07-02T20:42:28.675" intervalms="14.654">
  <response-info timems="0.054" idlems="0.054" threads="0" lastid="00000000022F5700" lastname="main" />
</exclusive-start>
<af-start id="2894" threadId="00000000022F6088" totalBytesRequested="208" timestamp="2019-07-02T20:42:28.675" intervalms="14.601" type="nursery" />
<cycle-start id="2895" type="scavenge" contextid="0" timestamp="2019-07-02T20:42:28.675" intervalms="14.604" />
  <attribute name="GC Util" value="2" />
  <attribute name="CPU Util" value="1298668009504" />
  <attribute name="Time Running"value="9761"/>
  <attribute name="Number of cores"value="4"/>
<gc-start id="2896" type="scavenge" contextid="2895" timestamp="2019-07-02T20:42:28.675">
  <mem-info id="2897" free="7815560" total="44826624" percent="17">
    <mem type="nursery" free="0" total="18612224" percent="0">
      <mem type="allocate" free="0" total="16711680" percent="0" />
      <mem type="survivor" free="0" total="1900544" percent="0" />
    </mem>
    <mem type="tenure" free="7815560" total="26214400" percent="29">
      <mem type="soa" free="6504840" total="24903680" percent="26" />
      <mem type="loa" free="1310720" total="1310720" percent="100" />
    </mem>
    <remembered-set count="96" />
  </mem-info>
</gc-start>
<allocation-stats totalBytes="16622136" >
  <allocated-bytes non-tlh="256" tlh="16621880" />
  <largest-consumer threadName="main" threadId="00000000022F5700" bytes="16622136" />
</allocation-stats>
<gc-op id="2898" type="scavenge" timems="0.181" contextid="2895" timestamp="2019-07-02T20:42:28.675">
  <scavenger-info tenureage="3" tenuremask="fff8" tiltratio="89" />
  <memory-copied type="nursery" objects="28" bytes="1264" bytesdiscarded="37904" />
</gc-op>
<gc-end id="2899" type="scavenge" contextid="2895" durationms="0.618" usertimems="0.000" systemtimems="0.000" timestamp="2019-07-02T20:42:28.676" activeThreads="4">
  <mem-info id="2900" free="24488072" total="44826624" percent="54">
    <mem type="nursery" free="16672512" total="18612224" percent="89">
      <mem type="allocate" free="16672512" total="16711680" percent="99" />
      <mem type="survivor" free="0" total="1900544" percent="0" />
    </mem>
    <mem type="tenure" free="7815560" total="26214400" percent="29">
      <mem type="soa" free="6504840" total="24903680" percent="26" />
      <mem type="loa" free="1310720" total="1310720" percent="100" />
    </mem>
    <remembered-set count="91" />
  </mem-info>
</gc-end>
<cycle-end id="2901" type="scavenge" contextid="2895" timestamp="2019-07-02T20:42:28.676">
  <attribute name="GC Util" value="2" />
  <attribute name="CPU Util" value="1259653261233" />
  <attribute name="Time Running"value="9775"/>
  <attribute name="Number of cores"value="4"/>
</cycle-end>
<allocation-satisfied id="2902" threadId="00000000022F5700" bytesRequested="208" />
<af-end id="2903" timestamp="2019-07-02T20:42:28.676" threadId="00000000022F6088" success="true" from="nursery"/>
<exclusive-end id="2904" timestamp="2019-07-02T20:42:28.676" durationms="1.404" />

<exclusive-start id="2905" timestamp="2019-07-02T20:42:28.689" intervalms="14.801">
  <response-info timems="0.067" idlems="0.067" threads="0" lastid="00000000022F5700" lastname="main" />
</exclusive-start>
<af-start id="2906" threadId="00000000022F6088" totalBytesRequested="256" timestamp="2019-07-02T20:42:28.690" intervalms="14.842" type="nursery" />
<cycle-start id="2907" type="scavenge" contextid="0" timestamp="2019-07-02T20:42:28.690" intervalms="14.842" />
  <attribute name="GC Util" value="2" />
  <attribute name="CPU Util" value="1259653261233" />
  <attribute name="Time Running"value="9775"/>
  <attribute name="Number of cores"value="4"/>
<gc-start id="2908" type="scavenge" contextid="2907" timestamp="2019-07-02T20:42:28.690">
  <mem-info id="2909" free="7815560" total="44826624" percent="17">
    <mem type="nursery" free="0" total="18612224" percent="0">
      <mem type="allocate" free="0" total="16711680" percent="0" />
      <mem type="survivor" free="0" total="1900544" percent="0" />
    </mem>
    <mem type="tenure" free="7815560" total="26214400" percent="29">
      <mem type="soa" free="6504840" total="24903680" percent="26" />
      <mem type="loa" free="1310720" total="1310720" percent="100" />
    </mem>
    <remembered-set count="91" />
  </mem-info>
</gc-start>
<allocation-stats totalBytes="16659240" >
  <allocated-bytes non-tlh="208" tlh="16659032" />
  <largest-consumer threadName="main" threadId="00000000022F5700" bytes="16659240" />
</allocation-stats>
<gc-op id="2910" type="scavenge" timems="0.174" contextid="2907" timestamp="2019-07-02T20:42:28.690">
  <scavenger-info tenureage="11" tenuremask="f800" tiltratio="89" />
  <memory-copied type="nursery" objects="28" bytes="1312" bytesdiscarded="37856" />
</gc-op>
<gc-end id="2911" type="scavenge" contextid="2907" durationms="0.588" usertimems="0.000" systemtimems="0.000" timestamp="2019-07-02T20:42:28.690" activeThreads="4">
  <mem-info id="2912" free="24488072" total="44826624" percent="54">
    <mem type="nursery" free="16672512" total="18612224" percent="89">
      <mem type="allocate" free="16672512" total="16711680" percent="99" />
      <mem type="survivor" free="0" total="1900544" percent="0" />
    </mem>
    <mem type="tenure" free="7815560" total="26214400" percent="29">
      <mem type="soa" free="6504840" total="24903680" percent="26" />
      <mem type="loa" free="1310720" total="1310720" percent="100" />
    </mem>
    <remembered-set count="91" />
  </mem-info>
</gc-end>
<cycle-end id="2913" type="scavenge" contextid="2907" timestamp="2019-07-02T20:42:28.691">
  <attribute name="GC Util" value="2" />
  <attribute name="CPU Util" value="1244799029169" />
  <attribute name="Time Running"value="9790"/>
  <attribute name="Number of cores"value="4"/>
</cycle-end>
<allocation-satisfied id="2914" threadId="00000000022F5700" bytesRequested="256" />
<af-end id="2915" timestamp="2019-07-02T20:42:28.691" threadId="00000000022F6088" success="true" from="nursery"/>
<exclusive-end id="2916" timestamp="2019-07-02T20:42:28.691" durationms="1.417" />

<exclusive-start id="2917" timestamp="2019-07-02T20:42:28.704" intervalms="14.757">
  <response-info timems="0.073" idlems="0.073" threads="0" lastid="00000000022F5700" lastname="main" />
</exclusive-start>
<af-start id="2918" threadId="00000000022F6088" totalBytesRequested="264" timestamp="2019-07-02T20:42:28.704" intervalms="14.767" type="nursery" />
<cycle-start id="2919" type="scavenge" contextid="0" timestamp="2019-07-02T20:42:28.704" intervalms="14.770" />
  <attribute name="GC Util" value="2" />
  <attribute name="CPU Util" value="1244799029169" />
  <attribute name="Time Running"value="9790"/>
  <attribute name="Number of cores"value="4"/>
<gc-start id="2920" type="scavenge" contextid="2919" timestamp="2019-07-02T20:42:28.705">
  <mem-info id="2921" free="7815560" total="44826624" percent="17">
    <mem type="nursery" free="0" total="18612224" percent="0">
      <mem type="allocate" free="0" total="16711680" percent="0" />
      <mem type="survivor" free="0" total="1900544" percent="0" />
    </mem>
    <mem type="tenure" free="7815560" total="26214400" percent="29">
      <mem type="soa" free="6504840" total="24903680" percent="26" />
      <mem type="loa" free="1310720" total="1310720" percent="100" />
    </mem>
    <remembered-set count="91" />
  </mem-info>
</gc-start>
<allocation-stats totalBytes="16657504" >
  <allocated-bytes non-tlh="256" tlh="16657248" />
  <largest-consumer threadName="main" threadId="00000000022F5700" bytes="16657504" />
</allocation-stats>
<gc-op id="2922" type="scavenge" timems="0.226" contextid="2919" timestamp="2019-07-02T20:42:28.705">
  <scavenger-info tenureage="3" tenuremask="f808" tiltratio="89" />
  <memory-copied type="nursery" objects="5" bytes="360" bytesdiscarded="38808" />
  <memory-copied type="tenure" objects="23" bytes="968" bytesdiscarded="0" />
</gc-op>
<gc-end id="2923" type="scavenge" contextid="2919" durationms="0.633" usertimems="0.000" systemtimems="0.000" timestamp="2019-07-02T20:42:28.705" activeThreads="4">
  <mem-info id="2924" free="24488072" total="44826624" percent="54">
    <mem type="nursery" free="16672512" total="18612224" percent="89">
      <mem type="allocate" free="16672512" total="16711680" percent="99" />
      <mem type="survivor" free="0" total="1900544" percent="0" />
    </mem>
    <mem type="tenure" free="7815560" total="26214400" percent="29">
      <mem type="soa" free="6504840" total="24903680" percent="26" />
      <mem type="loa" free="1310720" total="1310720" percent="100" />
    </mem>
    <remembered-set count="91" />
  </mem-info>
</gc-end>
<cycle-end id="2925" type="scavenge" contextid="2919" timestamp="2019-07-02T20:42:28.705">
  <attribute name="GC Util" value="2" />
  <attribute name="CPU Util" value="1247694842584" />
  <attribute name="Time Running"value="9805"/>
  <attribute name="Number of cores"value="4"/>
</cycle-end>
<allocation-satisfied id="2926" threadId="00000000022F5700" bytesRequested="264" />
<af-end id="2927" timestamp="2019-07-02T20:42:28.706" threadId="00000000022F6088" success="true" from="nursery"/>
<exclusive-end id="2928" timestamp="2019-07-02T20:42:28.706" durationms="1.638" />

<exclusive-start id="2929" timestamp="2019-07-02T20:42:28.719" intervalms="14.769">
  <response-info timems="0.055" idlems="0.055" threads="0" lastid="00000000022F5700" lastname="main" />
</exclusive-start>
<af-start id="2930" threadId="00000000022F6088" totalBytesRequested="40" timestamp="2019-07-02T20:42:28.719" intervalms="14.789" type="nursery" />
<cycle-start id="2931" type="scavenge" contextid="0" timestamp="2019-07-02T20:42:28.719" intervalms="14.840" />
  <attribute name="GC Util" value="2" />
  <attribute name="CPU Util" value="1247694842584" />
  <attribute name="Time Running"value="9805"/>
  <attribute name="Number of cores"value="4"/>
<gc-start id="2932" type="scavenge" contextid="2931" timestamp="2019-07-02T20:42:28.719">
  <mem-info id="2933" free="7815560" total="44826624" percent="17">
    <mem type="nursery" free="0" total="18612224" percent="0">
      <mem type="allocate" free="0" total="16711680" percent="0" />
      <mem type="survivor" free="0" total="1900544" percent="0" />
    </mem>
    <mem type="tenure" free="7815560" total="26214400" percent="29">
      <mem type="soa" free="6504840" total="24903680" percent="26" />
      <mem type="loa" free="1310720" total="1310720" percent="100" />
    </mem>
    <remembered-set count="91" />
  </mem-info>
</gc-start>
<allocation-stats totalBytes="16656784" >
  <allocated-bytes non-tlh="264" tlh="16656520" />
  <largest-consumer threadName="main" threadId="00000000022F5700" bytes="16656784" />
</allocation-stats>
<gc-op id="2934" type="scavenge" timems="0.188" contextid="2931" timestamp="2019-07-02T20:42:28.720">
  <scavenger-info tenureage="11" tenuremask="f800" tiltratio="89" />
  <memory-copied type="nursery" objects="7" bytes="632" bytesdiscarded="38536" />
</gc-op>
<gc-end id="2935" type="scavenge" contextid="2931" durationms="0.608" usertimems="4.000" systemtimems="0.000" timestamp="2019-07-02T20:42:28.720" activeThreads="4">
  <mem-info id="2936" free="24488072" total="44826624" percent="54">
    <mem type="nursery" free="16672512" total="18612224" percent="89">
      <mem type="allocate" free="16672512" total="16711680" percent="99" />
      <mem type="survivor" free="0" total="1900544" percent="0" />
    </mem>
    <mem type="tenure" free="7815560" total="26214400" percent="29">
      <mem type="soa" free="6504840" total="24903680" percent="26" />
      <mem type="loa" free="1310720" total="1310720" percent="100" />
    </mem>
    <remembered-set count="91" />
  </mem-info>
</gc-end>
<cycle-end id="2937" type="scavenge" contextid="2931" timestamp="2019-07-02T20:42:28.720">
  <attribute name="GC Util" value="3" />
  <attribute name="CPU Util" value="1242784951651" />
  <attribute name="Time Running"value="9820"/>
  <attribute name="Number of cores"value="4"/>
</cycle-end>
<allocation-satisfied id="2938" threadId="00000000022F5700" bytesRequested="40" />
<af-end id="2939" timestamp="2019-07-02T20:42:28.720" threadId="00000000022F6088" success="true" from="nursery"/>
<exclusive-end id="2940" timestamp="2019-07-02T20:42:28.720" durationms="1.530" />

<exclusive-start id="2941" timestamp="2019-07-02T20:42:28.734" intervalms="14.633">
  <response-info timems="0.068" idlems="0.068" threads="0" lastid="00000000022F5700" lastname="main" />
</exclusive-start>
<af-start id="2942" threadId="00000000022F6088" totalBytesRequested="264" timestamp="2019-07-02T20:42:28.734" intervalms="14.604" type="nursery" />
<cycle-start id="2943" type="scavenge" contextid="0" timestamp="2019-07-02T20:42:28.734" intervalms="14.550" />
  <attribute name="GC Util" value="3" />
  <attribute name="CPU Util" value="1242784951651" />
  <attribute name="Time Running"value="9820"/>
  <attribute name="Number of cores"value="4"/>
<gc-start id="2944" type="scavenge" contextid="2943" timestamp="2019-07-02T20:42:28.734">
  <mem-info id="2945" free="7815560" total="44826624" percent="17">
    <mem type="nursery" free="0" total="18612224" percent="0">
      <mem type="allocate" free="0" total="16711680" percent="0" />
      <mem type="survivor" free="0" total="1900544" percent="0" />
    </mem>
    <mem type="tenure" free="7815560" total="26214400" percent="29">
      <mem type="soa" free="6504840" total="24903680" percent="26" />
      <mem type="loa" free="1310720" total="1310720" percent="100" />
    </mem>
    <remembered-set count="91" />
  </mem-info>
</gc-start>
<allocation-stats totalBytes="16656896" >
  <allocated-bytes non-tlh="40" tlh="16656856" />
  <largest-consumer threadName="main" threadId="00000000022F5700" bytes="16656896" />
</allocation-stats>
<gc-op id="2946" type="scavenge" timems="0.178" contextid="2943" timestamp="2019-07-02T20:42:28.734">
  <scavenger-info tenureage="11" tenuremask="f800" tiltratio="89" />
  <memory-copied type="nursery" objects="5" bytes="360" bytesdiscarded="38808" />
</gc-op>
<gc-end id="2947" type="scavenge" contextid="2943" durationms="0.616" usertimems="0.000" systemtimems="0.000" timestamp="2019-07-02T20:42:28.735" activeThreads="4">
  <mem-info id="2948" free="24488072" total="44826624" percent="54">
    <mem type="nursery" free="16672512" total="18612224" percent="89">
      <mem type="allocate" free="16672512" total="16711680" percent="99" />
      <mem type="survivor" free="0" total="1900544" percent="0" />
    </mem>
    <mem type="tenure" free="7815560" total="26214400" percent="29">
      <mem type="soa" free="6504840" total="24903680" percent="26" />
      <mem type="loa" free="1310720" total="1310720" percent="100" />
    </mem>
    <remembered-set count="91" />
  </mem-info>
</gc-end>
<cycle-end id="2949" type="scavenge" contextid="2943" timestamp="2019-07-02T20:42:28.735">
  <attribute name="GC Util" value="2" />
  <attribute name="CPU Util" value="1267164891047" />
  <attribute name="Time Running"value="9834"/>
  <attribute name="Number of cores"value="4"/>
</cycle-end>
<allocation-satisfied id="2950" threadId="00000000022F5700" bytesRequested="264" />
<af-end id="2951" timestamp="2019-07-02T20:42:28.735" threadId="00000000022F6088" success="true" from="nursery"/>
<exclusive-end id="2952" timestamp="2019-07-02T20:42:28.735" durationms="1.448" />

<exclusive-start id="2953" timestamp="2019-07-02T20:42:28.754" intervalms="20.681">
  <response-info timems="0.077" idlems="0.077" threads="0" lastid="00000000022F5700" lastname="main" />
</exclusive-start>
<af-start id="2954" threadId="00000000022F6088" totalBytesRequested="24" timestamp="2019-07-02T20:42:28.754" intervalms="20.697" type="nursery" />
<cycle-start id="2955" type="scavenge" contextid="0" timestamp="2019-07-02T20:42:28.755" intervalms="20.703" />
  <attribute name="GC Util" value="2" />
  <attribute name="CPU Util" value="1267164891047" />
  <attribute name="Time Running"value="9834"/>
  <attribute name="Number of cores"value="4"/>
<gc-start id="2956" type="scavenge" contextid="2955" timestamp="2019-07-02T20:42:28.755">
  <mem-info id="2957" free="7815560" total="44826624" percent="17">
    <mem type="nursery" free="0" total="18612224" percent="0">
      <mem type="allocate" free="0" total="16711680" percent="0" />
      <mem type="survivor" free="0" total="1900544" percent="0" />
    </mem>
    <mem type="tenure" free="7815560" total="26214400" percent="29">
      <mem type="soa" free="6504840" total="24903680" percent="26" />
      <mem type="loa" free="1310720" total="1310720" percent="100" />
    </mem>
    <remembered-set count="96" />
  </mem-info>
</gc-start>
<allocation-stats totalBytes="16661616" >
  <allocated-bytes non-tlh="264" tlh="16661352" />
  <largest-consumer threadName="main" threadId="00000000022F5700" bytes="16661616" />
</allocation-stats>
<gc-op id="2958" type="scavenge" timems="0.192" contextid="2955" timestamp="2019-07-02T20:42:28.755">
  <scavenger-info tenureage="11" tenuremask="f800" tiltratio="89" />
  <memory-copied type="nursery" objects="38" bytes="1672" bytesdiscarded="37496" />
</gc-op>
<gc-end id="2959" type="scavenge" contextid="2955" durationms="0.634" usertimems="4.000" systemtimems="0.000" timestamp="2019-07-02T20:42:28.755" activeThreads="4">
  <mem-info id="2960" free="24488072" total="44826624" percent="54">
    <mem type="nursery" free="16672512" total="18612224" percent="89">
      <mem type="allocate" free="16672512" total="16711680" percent="99" />
      <mem type="survivor" free="0" total="1900544" percent="0" />
    </mem>
    <mem type="tenure" free="7815560" total="26214400" percent="29">
      <mem type="soa" free="6504840" total="24903680" percent="26" />
      <mem type="loa" free="1310720" total="1310720" percent="100" />
    </mem>
    <remembered-set count="96" />
  </mem-info>
</gc-end>
<cycle-end id="2961" type="scavenge" contextid="2955" timestamp="2019-07-02T20:42:28.755">
  <attribute name="GC Util" value="1" />
  <attribute name="CPU Util" value="890619094025" />
  <attribute name="Time Running"value="9855"/>
  <attribute name="Number of cores"value="4"/>
</cycle-end>
<allocation-satisfied id="2962" threadId="00000000022F5700" bytesRequested="24" />
<af-end id="2963" timestamp="2019-07-02T20:42:28.756" threadId="00000000022F6088" success="true" from="nursery"/>
<exclusive-end id="2964" timestamp="2019-07-02T20:42:28.756" durationms="1.457" />

<exclusive-start id="2965" timestamp="2019-07-02T20:42:28.780" intervalms="25.437">
  <response-info timems="0.068" idlems="0.068" threads="0" lastid="00000000022F5700" lastname="main" />
</exclusive-start>
<af-start id="2966" threadId="00000000022F6088" totalBytesRequested="64" timestamp="2019-07-02T20:42:28.780" intervalms="25.426" type="nursery" />
<cycle-start id="2967" type="scavenge" contextid="0" timestamp="2019-07-02T20:42:28.780" intervalms="25.410" />
  <attribute name="GC Util" value="1" />
  <attribute name="CPU Util" value="890619094025" />
  <attribute name="Time Running"value="9855"/>
  <attribute name="Number of cores"value="4"/>
<gc-start id="2968" type="scavenge" contextid="2967" timestamp="2019-07-02T20:42:28.780">
  <mem-info id="2969" free="7815560" total="44826624" percent="17">
    <mem type="nursery" free="0" total="18612224" percent="0">
      <mem type="allocate" free="0" total="16711680" percent="0" />
      <mem type="survivor" free="0" total="1900544" percent="0" />
    </mem>
    <mem type="tenure" free="7815560" total="26214400" percent="29">
      <mem type="soa" free="6504840" total="24903680" percent="26" />
      <mem type="loa" free="1310720" total="1310720" percent="100" />
    </mem>
    <remembered-set count="96" />
  </mem-info>
</gc-start>
<allocation-stats totalBytes="16668728" >
  <allocated-bytes non-tlh="24" tlh="16668704" />
  <largest-consumer threadName="main" threadId="00000000022F5700" bytes="16668728" />
</allocation-stats>
<gc-op id="2970" type="scavenge" timems="0.177" contextid="2967" timestamp="2019-07-02T20:42:28.781">
  <scavenger-info tenureage="10" tenuremask="fc00" tiltratio="89" />
  <memory-copied type="nursery" objects="51" bytes="2312" bytesdiscarded="36856" />
</gc-op>
<gc-end id="2971" type="scavenge" contextid="2967" durationms="0.606" usertimems="0.000" systemtimems="0.000" timestamp="2019-07-02T20:42:28.781" activeThreads="4">
  <mem-info id="2972" free="24488072" total="44826624" percent="54">
    <mem type="nursery" free="16672512" total="18612224" percent="89">
      <mem type="allocate" free="16672512" total="16711680" percent="99" />
      <mem type="survivor" free="0" total="1900544" percent="0" />
    </mem>
    <mem type="tenure" free="7815560" total="26214400" percent="29">
      <mem type="soa" free="6504840" total="24903680" percent="26" />
      <mem type="loa" free="1310720" total="1310720" percent="100" />
    </mem>
    <remembered-set count="91" />
  </mem-info>
</gc-end>
<cycle-end id="2973" type="scavenge" contextid="2967" timestamp="2019-07-02T20:42:28.781">
  <attribute name="GC Util" value="1" />
  <attribute name="CPU Util" value="726217085277" />
  <attribute name="Time Running"value="9881"/>
  <attribute name="Number of cores"value="4"/>
</cycle-end>
<allocation-satisfied id="2974" threadId="00000000022F5700" bytesRequested="64" />
<af-end id="2975" timestamp="2019-07-02T20:42:28.781" threadId="00000000022F6088" success="true" from="nursery"/>
<exclusive-end id="2976" timestamp="2019-07-02T20:42:28.781" durationms="1.381" />

<exclusive-start id="2977" timestamp="2019-07-02T20:42:28.805" intervalms="25.321">
  <response-info timems="0.078" idlems="0.078" threads="0" lastid="00000000022F5700" lastname="main" />
</exclusive-start>
<af-start id="2978" threadId="00000000022F6088" totalBytesRequested="24" timestamp="2019-07-02T20:42:28.805" intervalms="25.272" type="nursery" />
<cycle-start id="2979" type="scavenge" contextid="0" timestamp="2019-07-02T20:42:28.805" intervalms="25.244" />
  <attribute name="GC Util" value="1" />
  <attribute name="CPU Util" value="726217085277" />
  <attribute name="Time Running"value="9881"/>
  <attribute name="Number of cores"value="4"/>
<gc-start id="2980" type="scavenge" contextid="2979" timestamp="2019-07-02T20:42:28.805">
  <mem-info id="2981" free="7815560" total="44826624" percent="17">
    <mem type="nursery" free="0" total="18612224" percent="0">
      <mem type="allocate" free="0" total="16711680" percent="0" />
      <mem type="survivor" free="0" total="1900544" percent="0" />
    </mem>
    <mem type="tenure" free="7815560" total="26214400" percent="29">
      <mem type="soa" free="6504840" total="24903680" percent="26" />
      <mem type="loa" free="1310720" total="1310720" percent="100" />
    </mem>
    <remembered-set count="91" />
  </mem-info>
</gc-start>
<allocation-stats totalBytes="16668888" >
  <allocated-bytes non-tlh="64" tlh="16668824" />
  <largest-consumer threadName="main" threadId="00000000022F5700" bytes="16668888" />
</allocation-stats>
<gc-op id="2982" type="scavenge" timems="0.196" contextid="2979" timestamp="2019-07-02T20:42:28.806">
  <scavenger-info tenureage="10" tenuremask="fc00" tiltratio="89" />
  <memory-copied type="nursery" objects="42" bytes="1920" bytesdiscarded="76416" />
</gc-op>
<gc-end id="2983" type="scavenge" contextid="2979" durationms="0.436" usertimems="4.000" systemtimems="0.000" timestamp="2019-07-02T20:42:28.806" activeThreads="4">
  <mem-info id="2984" free="24448904" total="44826624" percent="54">
    <mem type="nursery" free="16633344" total="18612224" percent="89">
      <mem type="allocate" free="16633344" total="16711680" percent="99" />
      <mem type="survivor" free="0" total="1900544" percent="0" />
    </mem>
    <mem type="tenure" free="7815560" total="26214400" percent="29">
      <mem type="soa" free="6504840" total="24903680" percent="26" />
      <mem type="loa" free="1310720" total="1310720" percent="100" />
    </mem>
    <remembered-set count="91" />
  </mem-info>
</gc-end>
<cycle-end id="2985" type="scavenge" contextid="2979" timestamp="2019-07-02T20:42:28.806">
  <attribute name="GC Util" value="1" />
  <attribute name="CPU Util" value="736491314721" />
  <attribute name="Time Running"value="9906"/>
  <attribute name="Number of cores"value="4"/>
</cycle-end>
<allocation-satisfied id="2986" threadId="00000000022F5700" bytesRequested="24" />
<af-end id="2987" timestamp="2019-07-02T20:42:28.806" threadId="00000000022F6088" success="true" from="nursery"/>
<exclusive-end id="2988" timestamp="2019-07-02T20:42:28.806" durationms="0.949" />

<exclusive-start id="2989" timestamp="2019-07-02T20:42:28.830" intervalms="24.734">
  <response-info timems="0.076" idlems="0.076" threads="0" lastid="00000000022F5700" lastname="main" />
</exclusive-start>
<af-start id="2990" threadId="00000000022F6088" totalBytesRequested="24" timestamp="2019-07-02T20:42:28.830" intervalms="24.808" type="nursery" />
<cycle-start id="2991" type="scavenge" contextid="0" timestamp="2019-07-02T20:42:28.830" intervalms="24.854" />
  <attribute name="GC Util" value="1" />
  <attribute name="CPU Util" value="736491314721" />
  <attribute name="Time Running"value="9906"/>
  <attribute name="Number of cores"value="4"/>
<gc-start id="2992" type="scavenge" contextid="2991" timestamp="2019-07-02T20:42:28.830">
  <mem-info id="2993" free="7815560" total="44826624" percent="17">
    <mem type="nursery" free="0" total="18612224" percent="0">
      <mem type="allocate" free="0" total="16711680" percent="0" />
      <mem type="survivor" free="0" total="1900544" percent="0" />
    </mem>
    <mem type="tenure" free="7815560" total="26214400" percent="29">
      <mem type="soa" free="6504840" total="24903680" percent="26" />
      <mem type="loa" free="1310720" total="1310720" percent="100" />
    </mem>
    <remembered-set count="91" />
  </mem-info>
</gc-start>
<allocation-stats totalBytes="16629392" >
  <allocated-bytes non-tlh="24" tlh="16629368" />
  <largest-consumer threadName="main" threadId="00000000022F5700" bytes="16629392" />
</allocation-stats>
<gc-op id="2994" type="scavenge" timems="0.248" contextid="2991" timestamp="2019-07-02T20:42:28.831">
  <scavenger-info tenureage="3" tenuremask="f808" tiltratio="89" />
  <memory-copied type="nursery" objects="33" bytes="1600" bytesdiscarded="37568" />
  <memory-copied type="tenure" objects="23" bytes="992" bytesdiscarded="0" />
</gc-op>
<gc-end id="2995" type="scavenge" contextid="2991" durationms="0.703" usertimems="4.000" systemtimems="0.000" timestamp="2019-07-02T20:42:28.831" activeThreads="4">
  <mem-info id="2996" free="24488072" total="44826624" percent="54">
    <mem type="nursery" free="16672512" total="18612224" percent="89">
      <mem type="allocate" free="16672512" total="16711680" percent="99" />
      <mem type="survivor" free="0" total="1900544" percent="0" />
    </mem>
    <mem type="tenure" free="7815560" total="26214400" percent="29">
      <mem type="soa" free="6504840" total="24903680" percent="26" />
      <mem type="loa" free="1310720" total="1310720" percent="100" />
    </mem>
    <remembered-set count="91" />
  </mem-info>
</gc-end>
<cycle-end id="2997" type="scavenge" contextid="2991" timestamp="2019-07-02T20:42:28.831">
  <attribute name="GC Util" value="1" />
  <attribute name="CPU Util" value="735678528114" />
  <attribute name="Time Running"value="9931"/>
  <attribute name="Number of cores"value="4"/>
</cycle-end>
<allocation-satisfied id="2998" threadId="00000000022F5700" bytesRequested="24" />
<af-end id="2999" timestamp="2019-07-02T20:42:28.831" threadId="00000000022F6088" success="true" from="nursery"/>
<exclusive-end id="3000" timestamp="2019-07-02T20:42:28.831" durationms="1.541" />

<exclusive-start id="3001" timestamp="2019-07-02T20:42:28.855" intervalms="25.289">
  <response-info timems="0.056" idlems="0.056" threads="0" lastid="00000000022F5700" lastname="main" />
</exclusive-start>
<af-start id="3002" threadId="00000000022F6088" totalBytesRequested="24" timestamp="2019-07-02T20:42:28.855" intervalms="25.232" type="nursery" />
<cycle-start id="3003" type="scavenge" contextid="0" timestamp="2019-07-02T20:42:28.855" intervalms="25.177" />
  <attribute name="GC Util" value="1" />
  <attribute name="CPU Util" value="735678528114" />
  <attribute name="Time Running"value="9931"/>
  <attribute name="Number of cores"value="4"/>
<gc-start id="3004" type="scavenge" contextid="3003" timestamp="2019-07-02T20:42:28.855">
  <mem-info id="3005" free="7815560" total="44826624" percent="17">
    <mem type="nursery" free="0" total="18612224" percent="0">
      <mem type="allocate" free="0" total="16711680" percent="0" />
      <mem type="survivor" free="0" total="1900544" percent="0" />
    </mem>
    <mem type="tenure" free="7815560" total="26214400" percent="29">
      <mem type="soa" free="6504840" total="24903680" percent="26" />
      <mem type="loa" free="1310720" total="1310720" percent="100" />
    </mem>
    <remembered-set count="91" />
  </mem-info>
</gc-start>
<allocation-stats totalBytes="16669048" >
  <allocated-bytes non-tlh="24" tlh="16669024" />
  <largest-consumer threadName="main" threadId="00000000022F5700" bytes="16669048" />
</allocation-stats>
<gc-op id="3006" type="scavenge" timems="0.215" contextid="3003" timestamp="2019-07-02T20:42:28.856">
  <scavenger-info tenureage="11" tenuremask="f800" tiltratio="89" />
  <memory-copied type="nursery" objects="20" bytes="952" bytesdiscarded="77384" />
</gc-op>
<gc-end id="3007" type="scavenge" contextid="3003" durationms="0.514" usertimems="0.000" systemtimems="0.000" timestamp="2019-07-02T20:42:28.856" activeThreads="4">
  <mem-info id="3008" free="24448904" total="44826624" percent="54">
    <mem type="nursery" free="16633344" total="18612224" percent="89">
      <mem type="allocate" free="16633344" total="16711680" percent="99" />
      <mem type="survivor" free="0" total="1900544" percent="0" />
    </mem>
    <mem type="tenure" free="7815560" total="26214400" percent="29">
      <mem type="soa" free="6504840" total="24903680" percent="26" />
      <mem type="loa" free="1310720" total="1310720" percent="100" />
    </mem>
    <remembered-set count="91" />
  </mem-info>
</gc-end>
<cycle-end id="3009" type="scavenge" contextid="3003" timestamp="2019-07-02T20:42:28.856">
  <attribute name="GC Util" value="2" />
  <attribute name="CPU Util" value="737790493071" />
  <attribute name="Time Running"value="9956"/>
  <attribute name="Number of cores"value="4"/>
</cycle-end>
<allocation-satisfied id="3010" threadId="00000000022F5700" bytesRequested="24" />
<af-end id="3011" timestamp="2019-07-02T20:42:28.856" threadId="00000000022F6088" success="true" from="nursery"/>
<exclusive-end id="3012" timestamp="2019-07-02T20:42:28.856" durationms="1.149" />

<exclusive-start id="3013" timestamp="2019-07-02T20:42:29.666" intervalms="811.306">
  <response-info timems="0.077" idlems="0.077" threads="0" lastid="00000000022F5700" lastname="main" />
</exclusive-start>
<af-start id="3014" threadId="00000000022F6088" totalBytesRequested="8832" timestamp="2019-07-02T20:42:29.667" intervalms="811.460" type="nursery" />
<cycle-start id="3015" type="scavenge" contextid="0" timestamp="2019-07-02T20:42:29.667" intervalms="812.055" />
  <attribute name="GC Util" value="2" />
  <attribute name="CPU Util" value="737790493071" />
  <attribute name="Time Running"value="9956"/>
  <attribute name="Number of cores"value="4"/>
<gc-start id="3016" type="scavenge" contextid="3015" timestamp="2019-07-02T20:42:29.668">
  <mem-info id="3017" free="7815560" total="44826624" percent="17">
    <mem type="nursery" free="0" total="18612224" percent="0">
      <mem type="allocate" free="0" total="16711680" percent="0" />
      <mem type="survivor" free="0" total="1900544" percent="0" />
    </mem>
    <mem type="tenure" free="7815560" total="26214400" percent="29">
      <mem type="soa" free="6504840" total="24903680" percent="26" />
      <mem type="loa" free="1310720" total="1310720" percent="100" />
    </mem>
    <remembered-set count="106" />
  </mem-info>
</gc-start>
<allocation-stats totalBytes="16378912" >
  <allocated-bytes non-tlh="24" tlh="16378888" />
  <largest-consumer threadName="main" threadId="00000000022F5700" bytes="16378912" />
</allocation-stats>
<gc-op id="3018" type="scavenge" timems="0.285" contextid="3015" timestamp="2019-07-02T20:42:29.668">
  <scavenger-info tenureage="12" tenuremask="f000" tiltratio="89" />
  <memory-copied type="nursery" objects="105" bytes="25960" bytesdiscarded="13208" />
</gc-op>
<gc-end id="3019" type="scavenge" contextid="3015" durationms="0.906" usertimems="0.000" systemtimems="0.000" timestamp="2019-07-02T20:42:29.668" activeThreads="4">
  <mem-info id="3020" free="24488072" total="44826624" percent="54">
    <mem type="nursery" free="16672512" total="18612224" percent="89">
      <mem type="allocate" free="16672512" total="16711680" percent="99" />
      <mem type="survivor" free="0" total="1900544" percent="0" />
    </mem>
    <mem type="tenure" free="7815560" total="26214400" percent="29">
      <mem type="soa" free="6504840" total="24903680" percent="26" />
      <mem type="loa" free="1310720" total="1310720" percent="100" />
    </mem>
    <remembered-set count="106" />
  </mem-info>
</gc-end>
<cycle-end id="3021" type="scavenge" contextid="3015" timestamp="2019-07-02T20:42:29.669">
  <attribute name="GC Util" value="0" />
  <attribute name="CPU Util" value="44" />
  <attribute name="Time Running"value="10768"/>
  <attribute name="Number of cores"value="4"/>
</cycle-end>
<allocation-satisfied id="3022" threadId="00000000022F5700" bytesRequested="8832" />
<af-end id="3023" timestamp="2019-07-02T20:42:29.669" threadId="00000000022F6088" success="true" from="nursery"/>
<exclusive-end id="3024" timestamp="2019-07-02T20:42:29.669" durationms="2.599" />

<exclusive-start id="3025" timestamp="2019-07-02T20:42:29.673" intervalms="6.796">
  <response-info timems="0.040" idlems="0.040" threads="0" lastid="00000000022F5700" lastname="main" />
</exclusive-start>
<af-start id="3026" threadId="00000000022F6088" totalBytesRequested="14120" timestamp="2019-07-02T20:42:29.673" intervalms="6.737" type="nursery" />
<cycle-start id="3027" type="scavenge" contextid="0" timestamp="2019-07-02T20:42:29.673" intervalms="6.181" />
  <attribute name="GC Util" value="0" />
  <attribute name="CPU Util" value="44" />
  <attribute name="Time Running"value="10768"/>
  <attribute name="Number of cores"value="4"/>
<gc-start id="3028" type="scavenge" contextid="3027" timestamp="2019-07-02T20:42:29.674">
  <mem-info id="3029" free="7815560" total="44826624" percent="17">
    <mem type="nursery" free="0" total="18612224" percent="0">
      <mem type="allocate" free="0" total="16711680" percent="0" />
      <mem type="survivor" free="0" total="1900544" percent="0" />
    </mem>
    <mem type="tenure" free="7815560" total="26214400" percent="29">
      <mem type="soa" free="6504840" total="24903680" percent="26" />
      <mem type="loa" free="1310720" total="1310720" percent="100" />
    </mem>
    <remembered-set count="106" />
  </mem-info>
</gc-start>
<allocation-stats totalBytes="15702136" >
  <allocated-bytes non-tlh="8832" tlh="15693304" />
  <largest-consumer threadName="main" threadId="00000000022F5700" bytes="15702136" />
</allocation-stats>
<gc-op id="3030" type="scavenge" timems="0.268" contextid="3027" timestamp="2019-07-02T20:42:29.674">
  <scavenger-info tenureage="3" tenuremask="fff8" tiltratio="89" />
  <memory-copied type="nursery" objects="105" bytes="24104" bytesdiscarded="74464" />
</gc-op>
<gc-end id="3031" type="scavenge" contextid="3027" durationms="0.765" usertimems="0.000" systemtimems="0.000" timestamp="2019-07-02T20:42:29.674" activeThreads="4">
  <mem-info id="3032" free="24428672" total="44826624" percent="54">
    <mem type="nursery" free="16613112" total="18612224" percent="89">
      <mem type="allocate" free="16613112" total="16711680" percent="99" />
      <mem type="survivor" free="0" total="1900544" percent="0" />
    </mem>
    <mem type="tenure" free="7815560" total="26214400" percent="29">
      <mem type="soa" free="6504840" total="24903680" percent="26" />
      <mem type="loa" free="1310720" total="1310720" percent="100" />
    </mem>
    <remembered-set count="101" />
  </mem-info>
</gc-end>
<cycle-end id="3033" type="scavenge" contextid="3027" timestamp="2019-07-02T20:42:29.675">
  <attribute name="GC Util" value="12" />
  <attribute name="CPU Util" value="3014170906355" />
  <attribute name="Time Running"value="10774"/>
  <attribute name="Number of cores"value="4"/>
</cycle-end>
<allocation-satisfied id="3034" threadId="00000000022F5700" bytesRequested="14120" />
<af-end id="3035" timestamp="2019-07-02T20:42:29.675" threadId="00000000022F6088" success="true" from="nursery"/>
<exclusive-end id="3036" timestamp="2019-07-02T20:42:29.675" durationms="1.942" />

<exclusive-start id="3037" timestamp="2019-07-02T20:42:29.678" intervalms="5.186">
  <response-info timems="0.035" idlems="0.035" threads="0" lastid="00000000022F5700" lastname="main" />
</exclusive-start>
<af-start id="3038" threadId="00000000022F6088" totalBytesRequested="15688" timestamp="2019-07-02T20:42:29.678" intervalms="5.159" type="nursery" />
<cycle-start id="3039" type="scavenge" contextid="0" timestamp="2019-07-02T20:42:29.679" intervalms="5.140" />
  <attribute name="GC Util" value="12" />
  <attribute name="CPU Util" value="3014170906355" />
  <attribute name="Time Running"value="10774"/>
  <attribute name="Number of cores"value="4"/>
<gc-start id="3040" type="scavenge" contextid="3039" timestamp="2019-07-02T20:42:29.679">
  <mem-info id="3041" free="7815560" total="44826624" percent="17">
    <mem type="nursery" free="0" total="18612224" percent="0">
      <mem type="allocate" free="0" total="16711680" percent="0" />
      <mem type="survivor" free="0" total="1900544" percent="0" />
    </mem>
    <mem type="tenure" free="7815560" total="26214400" percent="29">
      <mem type="soa" free="6504840" total="24903680" percent="26" />
      <mem type="loa" free="1310720" total="1310720" percent="100" />
    </mem>
    <remembered-set count="101" />
  </mem-info>
</gc-start>
<allocation-stats totalBytes="15545712" >
  <allocated-bytes non-tlh="14120" tlh="15531592" />
  <largest-consumer threadName="main" threadId="00000000022F5700" bytes="15545712" />
</allocation-stats>
<gc-op id="3042" type="scavenge" timems="0.256" contextid="3039" timestamp="2019-07-02T20:42:29.679">
  <scavenger-info tenureage="3" tenuremask="fff8" tiltratio="89" />
  <memory-copied type="nursery" objects="105" bytes="24104" bytesdiscarded="15064" />
</gc-op>
<gc-end id="3043" type="scavenge" contextid="3039" durationms="0.542" usertimems="4.000" systemtimems="0.000" timestamp="2019-07-02T20:42:29.679" activeThreads="4">
  <mem-info id="3044" free="24488072" total="44826624" percent="54">
    <mem type="nursery" free="16672512" total="18612224" percent="89">
      <mem type="allocate" free="16672512" total="16711680" percent="99" />
      <mem type="survivor" free="0" total="1900544" percent="0" />
    </mem>
    <mem type="tenure" free="7815560" total="26214400" percent="29">
      <mem type="soa" free="6504840" total="24903680" percent="26" />
      <mem type="loa" free="1310720" total="1310720" percent="100" />
    </mem>
    <remembered-set count="101" />
  </mem-info>
</gc-end>
<cycle-end id="3045" type="scavenge" contextid="3039" timestamp="2019-07-02T20:42:29.679">
  <attribute name="GC Util" value="14" />
  <attribute name="CPU Util" value="3760610878065" />
  <attribute name="Time Running"value="10779"/>
  <attribute name="Number of cores"value="4"/>
</cycle-end>
<allocation-satisfied id="3046" threadId="00000000022F5700" bytesRequested="15688" />
<af-end id="3047" timestamp="2019-07-02T20:42:29.680" threadId="00000000022F6088" success="true" from="nursery"/>
<exclusive-end id="3048" timestamp="2019-07-02T20:42:29.680" durationms="1.535" />

<exclusive-start id="3049" timestamp="2019-07-02T20:42:29.683" intervalms="4.329">
  <response-info timems="0.094" idlems="0.094" threads="0" lastid="00000000022F5700" lastname="main" />
</exclusive-start>
<af-start id="3050" threadId="00000000022F6088" totalBytesRequested="19608" timestamp="2019-07-02T20:42:29.683" intervalms="4.394" type="nursery" />
<cycle-start id="3051" type="scavenge" contextid="0" timestamp="2019-07-02T20:42:29.683" intervalms="4.462" />
  <attribute name="GC Util" value="14" />
  <attribute name="CPU Util" value="3760610878065" />
  <attribute name="Time Running"value="10779"/>
  <attribute name="Number of cores"value="4"/>
<gc-start id="3052" type="scavenge" contextid="3051" timestamp="2019-07-02T20:42:29.683">
  <mem-info id="3053" free="7815560" total="44826624" percent="17">
    <mem type="nursery" free="0" total="18612224" percent="0">
      <mem type="allocate" free="0" total="16711680" percent="0" />
      <mem type="survivor" free="0" total="1900544" percent="0" />
    </mem>
    <mem type="tenure" free="7815560" total="26214400" percent="29">
      <mem type="soa" free="6504840" total="24903680" percent="26" />
      <mem type="loa" free="1310720" total="1310720" percent="100" />
    </mem>
    <remembered-set count="101" />
  </mem-info>
</gc-start>
<allocation-stats totalBytes="15723888" >
  <allocated-bytes non-tlh="15688" tlh="15708200" />
  <largest-consumer threadName="main" threadId="00000000022F5700" bytes="15723888" />
</allocation-stats>
<gc-op id="3054" type="scavenge" timems="0.321" contextid="3051" timestamp="2019-07-02T20:42:29.684">
  <scavenger-info tenureage="3" tenuremask="fff8" tiltratio="89" />
  <memory-copied type="nursery" objects="13" bytes="20552" bytesdiscarded="108736" />
  <memory-copied type="tenure" objects="92" bytes="3552" bytesdiscarded="0" />
</gc-op>
<gc-end id="3055" type="scavenge" contextid="3051" durationms="0.741" usertimems="0.000" systemtimems="0.000" timestamp="2019-07-02T20:42:29.684" activeThreads="4">
  <mem-info id="3056" free="24328064" total="44826624" percent="54">
    <mem type="nursery" free="16582392" total="18612224" percent="89">
      <mem type="allocate" free="16582392" total="16711680" percent="99" />
      <mem type="survivor" free="0" total="1900544" percent="0" />
    </mem>
    <mem type="tenure" free="7745672" total="26214400" percent="29">
      <mem type="soa" free="6434952" total="24903680" percent="25" />
      <mem type="loa" free="1310720" total="1310720" percent="100" />
    </mem>
    <remembered-set count="91" />
  </mem-info>
</gc-end>
<cycle-end id="3057" type="scavenge" contextid="3051" timestamp="2019-07-02T20:42:29.684">
  <attribute name="GC Util" value="15" />
  <attribute name="CPU Util" value="4004305014271" />
  <attribute name="Time Running"value="10784"/>
  <attribute name="Number of cores"value="4"/>
</cycle-end>
<allocation-satisfied id="3058" threadId="00000000022F5700" bytesRequested="19608" />
<af-end id="3059" timestamp="2019-07-02T20:42:29.684" threadId="00000000022F6088" success="true" from="nursery"/>
<exclusive-end id="3060" timestamp="2019-07-02T20:42:29.684" durationms="1.747" />

<exclusive-start id="3061" timestamp="2019-07-02T20:42:29.687" intervalms="4.452">
  <response-info timems="0.038" idlems="0.038" threads="0" lastid="00000000022F5700" lastname="main" />
</exclusive-start>
<af-start id="3062" threadId="00000000022F6088" totalBytesRequested="6280" timestamp="2019-07-02T20:42:29.687" intervalms="4.413" type="nursery" />
<cycle-start id="3063" type="scavenge" contextid="0" timestamp="2019-07-02T20:42:29.687" intervalms="4.387" />
  <attribute name="GC Util" value="15" />
  <attribute name="CPU Util" value="4004305014271" />
  <attribute name="Time Running"value="10784"/>
  <attribute name="Number of cores"value="4"/>
<gc-start id="3064" type="scavenge" contextid="3063" timestamp="2019-07-02T20:42:29.688">
  <mem-info id="3065" free="7745672" total="44826624" percent="17">
    <mem type="nursery" free="0" total="18612224" percent="0">
      <mem type="allocate" free="0" total="16711680" percent="0" />
      <mem type="survivor" free="0" total="1900544" percent="0" />
    </mem>
    <mem type="tenure" free="7745672" total="26214400" percent="29">
      <mem type="soa" free="6434952" total="24903680" percent="25" />
      <mem type="loa" free="1310720" total="1310720" percent="100" />
    </mem>
    <remembered-set count="91" />
  </mem-info>
</gc-start>
<allocation-stats totalBytes="15609200" >
  <allocated-bytes non-tlh="19608" tlh="15589592" />
  <largest-consumer threadName="main" threadId="00000000022F5700" bytes="15609200" />
</allocation-stats>
<gc-op id="3066" type="scavenge" timems="0.264" contextid="3063" timestamp="2019-07-02T20:42:29.688">
  <scavenger-info tenureage="3" tenuremask="ffe8" tiltratio="89" />
  <memory-copied type="nursery" objects="13" bytes="15568" bytesdiscarded="71768" />
</gc-op>
<gc-end id="3067" type="scavenge" contextid="3063" durationms="0.615" usertimems="0.000" systemtimems="0.000" timestamp="2019-07-02T20:42:29.688" activeThreads="4">
  <mem-info id="3068" free="24370016" total="44826624" percent="54">
    <mem type="nursery" free="16624344" total="18612224" percent="89">
      <mem type="allocate" free="16624344" total="16711680" percent="99" />
      <mem type="survivor" free="0" total="1900544" percent="0" />
    </mem>
    <mem type="tenure" free="7745672" total="26214400" percent="29">
      <mem type="soa" free="6434952" total="24903680" percent="25" />
      <mem type="loa" free="1310720" total="1310720" percent="100" />
    </mem>
    <remembered-set count="91" />
  </mem-info>
</gc-end>
<cycle-end id="3069" type="scavenge" contextid="3063" timestamp="2019-07-02T20:42:29.688">
  <attribute name="GC Util" value="17" />
  <attribute name="CPU Util" value="4270895259096" />
  <attribute name="Time Running"value="10788"/>
  <attribute name="Number of cores"value="4"/>
</cycle-end>
<allocation-satisfied id="3070" threadId="00000000022F5700" bytesRequested="6280" />
<af-end id="3071" timestamp="2019-07-02T20:42:29.689" threadId="00000000022F6088" success="true" from="nursery"/>
<exclusive-end id="3072" timestamp="2019-07-02T20:42:29.689" durationms="1.651" />

<exclusive-start id="3073" timestamp="2019-07-02T20:42:30.138" intervalms="451.272">
  <response-info timems="0.074" idlems="0.074" threads="0" lastid="00000000022F5700" lastname="main" />
</exclusive-start>
<af-start id="3074" threadId="00000000022F6088" totalBytesRequested="80" timestamp="2019-07-02T20:42:30.139" intervalms="451.322" type="nursery" />
<cycle-start id="3075" type="scavenge" contextid="0" timestamp="2019-07-02T20:42:30.139" intervalms="451.348" />
  <attribute name="GC Util" value="17" />
  <attribute name="CPU Util" value="4270895259096" />
  <attribute name="Time Running"value="10788"/>
  <attribute name="Number of cores"value="4"/>
<gc-start id="3076" type="scavenge" contextid="3075" timestamp="2019-07-02T20:42:30.139">
  <mem-info id="3077" free="7745672" total="44826624" percent="17">
    <mem type="nursery" free="0" total="18612224" percent="0">
      <mem type="allocate" free="0" total="16711680" percent="0" />
      <mem type="survivor" free="0" total="1900544" percent="0" />
    </mem>
    <mem type="tenure" free="7745672" total="26214400" percent="29">
      <mem type="soa" free="6434952" total="24903680" percent="25" />
      <mem type="loa" free="1310720" total="1310720" percent="100" />
    </mem>
    <remembered-set count="104" />
  </mem-info>
</gc-start>
<allocation-stats totalBytes="16623328" >
  <allocated-bytes non-tlh="6280" tlh="16617048" />
  <largest-consumer threadName="main" threadId="00000000022F5700" bytes="16623328" />
</allocation-stats>
<gc-op id="3078" type="scavenge" timems="0.270" contextid="3075" timestamp="2019-07-02T20:42:30.140">
  <scavenger-info tenureage="3" tenuremask="fff8" tiltratio="89" />
  <memory-copied type="nursery" objects="58" bytes="41504" bytesdiscarded="56440" />
</gc-op>
<gc-end id="3079" type="scavenge" contextid="3075" durationms="0.885" usertimems="0.000" systemtimems="0.000" timestamp="2019-07-02T20:42:30.140" activeThreads="4">
  <mem-info id="3080" free="24359408" total="44826624" percent="54">
    <mem type="nursery" free="16613736" total="18612224" percent="89">
      <mem type="allocate" free="16613736" total="16711680" percent="99" />
      <mem type="survivor" free="0" total="1900544" percent="0" />
    </mem>
    <mem type="tenure" free="7745672" total="26214400" percent="29">
      <mem type="soa" free="6434952" total="24903680" percent="25" />
      <mem type="loa" free="1310720" total="1310720" percent="100" />
    </mem>
    <remembered-set count="104" />
  </mem-info>
</gc-end>
<cycle-end id="3081" type="scavenge" contextid="3075" timestamp="2019-07-02T20:42:30.140">
  <attribute name="GC Util" value="0" />
  <attribute name="CPU Util" value="2" />
  <attribute name="Time Running"value="11240"/>
  <attribute name="Number of cores"value="4"/>
</cycle-end>
<allocation-satisfied id="3082" threadId="00000000022F5700" bytesRequested="80" />
<af-end id="3083" timestamp="2019-07-02T20:42:30.140" threadId="00000000022F6088" success="true" from="nursery"/>
<exclusive-end id="3084" timestamp="2019-07-02T20:42:30.140" durationms="1.950" />

<exclusive-start id="3085" timestamp="2019-07-02T20:42:30.173" intervalms="34.424">
  <response-info timems="0.078" idlems="0.078" threads="0" lastid="00000000022F5700" lastname="main" />
</exclusive-start>
<af-start id="3086" threadId="00000000022F6088" totalBytesRequested="32" timestamp="2019-07-02T20:42:30.173" intervalms="34.325" type="nursery" />
<cycle-start id="3087" type="scavenge" contextid="0" timestamp="2019-07-02T20:42:30.173" intervalms="34.272" />
  <attribute name="GC Util" value="0" />
  <attribute name="CPU Util" value="2" />
  <attribute name="Time Running"value="11240"/>
  <attribute name="Number of cores"value="4"/>
<gc-start id="3088" type="scavenge" contextid="3087" timestamp="2019-07-02T20:42:30.173">
  <mem-info id="3089" free="7745672" total="44826624" percent="17">
    <mem type="nursery" free="0" total="18612224" percent="0">
      <mem type="allocate" free="0" total="16711680" percent="0" />
      <mem type="survivor" free="0" total="1900544" percent="0" />
    </mem>
    <mem type="tenure" free="7745672" total="26214400" percent="29">
      <mem type="soa" free="6434952" total="24903680" percent="25" />
      <mem type="loa" free="1310720" total="1310720" percent="100" />
    </mem>
    <remembered-set count="104" />
  </mem-info>
</gc-start>
<allocation-stats totalBytes="16611240" >
  <allocated-bytes non-tlh="80" tlh="16611160" />
  <largest-consumer threadName="main" threadId="00000000022F5700" bytes="16611240" />
</allocation-stats>
<gc-op id="3090" type="scavenge" timems="0.265" contextid="3087" timestamp="2019-07-02T20:42:30.174">
  <scavenger-info tenureage="3" tenuremask="fff8" tiltratio="89" />
  <memory-copied type="nursery" objects="61" bytes="41640" bytesdiscarded="56304" />
</gc-op>
<gc-end id="3091" type="scavenge" contextid="3087" durationms="0.575" usertimems="0.000" systemtimems="0.000" timestamp="2019-07-02T20:42:30.174" activeThreads="4">
  <mem-info id="3092" free="24359408" total="44826624" percent="54">
    <mem type="nursery" free="16613736" total="18612224" percent="89">
      <mem type="allocate" free="16613736" total="16711680" percent="99" />
      <mem type="survivor" free="0" total="1900544" percent="0" />
    </mem>
    <mem type="tenure" free="7745672" total="26214400" percent="29">
      <mem type="soa" free="6434952" total="24903680" percent="25" />
      <mem type="loa" free="1310720" total="1310720" percent="100" />
    </mem>
    <remembered-set count="99" />
  </mem-info>
</gc-end>
<cycle-end id="3093" type="scavenge" contextid="3087" timestamp="2019-07-02T20:42:30.174">
  <attribute name="GC Util" value="2" />
  <attribute name="CPU Util" value="542467116972" />
  <attribute name="Time Running"value="11274"/>
  <attribute name="Number of cores"value="4"/>
</cycle-end>
<allocation-satisfied id="3094" threadId="00000000022F5700" bytesRequested="32" />
<af-end id="3095" timestamp="2019-07-02T20:42:30.174" threadId="00000000022F6088" success="true" from="nursery"/>
<exclusive-end id="3096" timestamp="2019-07-02T20:42:30.174" durationms="1.486" />

<exclusive-start id="3097" timestamp="2019-07-02T20:42:30.207" intervalms="34.063">
  <response-info timems="0.081" idlems="0.081" threads="0" lastid="00000000022F5700" lastname="main" />
</exclusive-start>
<af-start id="3098" threadId="00000000022F6088" totalBytesRequested="80" timestamp="2019-07-02T20:42:30.207" intervalms="34.050" type="nursery" />
<cycle-start id="3099" type="scavenge" contextid="0" timestamp="2019-07-02T20:42:30.207" intervalms="34.077" />
  <attribute name="GC Util" value="2" />
  <attribute name="CPU Util" value="542467116972" />
  <attribute name="Time Running"value="11274"/>
  <attribute name="Number of cores"value="4"/>
<gc-start id="3100" type="scavenge" contextid="3099" timestamp="2019-07-02T20:42:30.207">
  <mem-info id="3101" free="7745672" total="44826624" percent="17">
    <mem type="nursery" free="0" total="18612224" percent="0">
      <mem type="allocate" free="0" total="16711680" percent="0" />
      <mem type="survivor" free="0" total="1900544" percent="0" />
    </mem>
    <mem type="tenure" free="7745672" total="26214400" percent="29">
      <mem type="soa" free="6434952" total="24903680" percent="25" />
      <mem type="loa" free="1310720" total="1310720" percent="100" />
    </mem>
    <remembered-set count="99" />
  </mem-info>
</gc-start>
<allocation-stats totalBytes="16611544" >
  <allocated-bytes non-tlh="32" tlh="16611512" />
  <largest-consumer threadName="main" threadId="00000000022F5700" bytes="16611544" />
</allocation-stats>
<gc-op id="3102" type="scavenge" timems="0.260" contextid="3099" timestamp="2019-07-02T20:42:30.208">
  <scavenger-info tenureage="2" tenuremask="fffc" tiltratio="89" />
  <memory-copied type="nursery" objects="1" bytes="24" bytesdiscarded="39144" />
  <memory-copied type="tenure" objects="58" bytes="41504" bytesdiscarded="0" />
</gc-op>
<gc-end id="3103" type="scavenge" contextid="3099" durationms="0.767" usertimems="0.000" systemtimems="0.000" timestamp="2019-07-02T20:42:30.208" activeThreads="4">
  <mem-info id="3104" free="24398576" total="44826624" percent="54">
    <mem type="nursery" free="16672512" total="18612224" percent="89">
      <mem type="allocate" free="16672512" total="16711680" percent="99" />
      <mem type="survivor" free="0" total="1900544" percent="0" />
    </mem>
    <mem type="tenure" free="7726064" total="26214400" percent="29">
      <mem type="soa" free="6415344" total="24903680" percent="25" />
      <mem type="loa" free="1310720" total="1310720" percent="100" />
    </mem>
    <remembered-set count="92" />
  </mem-info>
</gc-end>
<cycle-end id="3105" type="scavenge" contextid="3099" timestamp="2019-07-02T20:42:30.208">
  <attribute name="GC Util" value="1" />
  <attribute name="CPU Util" value="538416839697" />
  <attribute name="Time Running"value="11308"/>
  <attribute name="Number of cores"value="4"/>
</cycle-end>
<allocation-satisfied id="3106" threadId="00000000022F5700" bytesRequested="80" />
<af-end id="3107" timestamp="2019-07-02T20:42:30.208" threadId="00000000022F6088" success="true" from="nursery"/>
<exclusive-end id="3108" timestamp="2019-07-02T20:42:30.208" durationms="1.628" />

<exclusive-start id="3109" timestamp="2019-07-02T20:42:30.247" intervalms="39.889">
  <response-info timems="0.079" idlems="0.079" threads="0" lastid="00000000022F5700" lastname="main" />
</exclusive-start>
<af-start id="3110" threadId="00000000022F6088" totalBytesRequested="80" timestamp="2019-07-02T20:42:30.247" intervalms="39.943" type="nursery" />
<cycle-start id="3111" type="scavenge" contextid="0" timestamp="2019-07-02T20:42:30.247" intervalms="39.960" />
  <attribute name="GC Util" value="1" />
  <attribute name="CPU Util" value="538416839697" />
  <attribute name="Time Running"value="11308"/>
  <attribute name="Number of cores"value="4"/>
<gc-start id="3112" type="scavenge" contextid="3111" timestamp="2019-07-02T20:42:30.247">
  <mem-info id="3113" free="7726032" total="44826624" percent="17">
    <mem type="nursery" free="0" total="18612224" percent="0">
      <mem type="allocate" free="0" total="16711680" percent="0" />
      <mem type="survivor" free="0" total="1900544" percent="0" />
    </mem>
    <mem type="tenure" free="7726032" total="26214400" percent="29">
      <mem type="soa" free="6415312" total="24903680" percent="25" />
      <mem type="loa" free="1310720" total="1310720" percent="100" />
    </mem>
    <remembered-set count="98" />
  </mem-info>
</gc-start>
<allocation-stats totalBytes="16670240" >
  <allocated-bytes non-tlh="112" tlh="16670128" />
  <largest-consumer threadName="main" threadId="00000000022F5700" bytes="16670240" />
</allocation-stats>
<gc-op id="3114" type="scavenge" timems="0.211" contextid="3111" timestamp="2019-07-02T20:42:30.248">
  <scavenger-info tenureage="4" tenuremask="fff0" tiltratio="89" />
  <memory-copied type="nursery" objects="45" bytes="1456" bytesdiscarded="37712" />
</gc-op>
<gc-end id="3115" type="scavenge" contextid="3111" durationms="0.681" usertimems="0.000" systemtimems="0.000" timestamp="2019-07-02T20:42:30.248" activeThreads="4">
  <mem-info id="3116" free="24398544" total="44826624" percent="54">
    <mem type="nursery" free="16672512" total="18612224" percent="89">
      <mem type="allocate" free="16672512" total="16711680" percent="99" />
      <mem type="survivor" free="0" total="1900544" percent="0" />
    </mem>
    <mem type="tenure" free="7726032" total="26214400" percent="29">
      <mem type="soa" free="6415312" total="24903680" percent="25" />
      <mem type="loa" free="1310720" total="1310720" percent="100" />
    </mem>
    <remembered-set count="98" />
  </mem-info>
</gc-end>
<cycle-end id="3117" type="scavenge" contextid="3111" timestamp="2019-07-02T20:42:30.248">
  <attribute name="GC Util" value="1" />
  <attribute name="CPU Util" value="461940098542" />
  <attribute name="Time Running"value="11348"/>
  <attribute name="Number of cores"value="4"/>
</cycle-end>
<allocation-satisfied id="3118" threadId="00000000022F5700" bytesRequested="80" />
<af-end id="3119" timestamp="2019-07-02T20:42:30.248" threadId="00000000022F6088" success="true" from="nursery"/>
<exclusive-end id="3120" timestamp="2019-07-02T20:42:30.248" durationms="1.573" />

<exclusive-start id="3121" timestamp="2019-07-02T20:42:30.299" intervalms="51.887">
  <response-info timems="0.064" idlems="0.064" threads="0" lastid="00000000022F5700" lastname="main" />
</exclusive-start>
<af-start id="3122" threadId="00000000022F6088" totalBytesRequested="80" timestamp="2019-07-02T20:42:30.299" intervalms="51.842" type="nursery" />
<cycle-start id="3123" type="scavenge" contextid="0" timestamp="2019-07-02T20:42:30.299" intervalms="51.812" />
  <attribute name="GC Util" value="1" />
  <attribute name="CPU Util" value="461940098542" />
  <attribute name="Time Running"value="11348"/>
  <attribute name="Number of cores"value="4"/>
<gc-start id="3124" type="scavenge" contextid="3123" timestamp="2019-07-02T20:42:30.299">
  <mem-info id="3125" free="7726032" total="44826624" percent="17">
    <mem type="nursery" free="0" total="18612224" percent="0">
      <mem type="allocate" free="0" total="16711680" percent="0" />
      <mem type="survivor" free="0" total="1900544" percent="0" />
    </mem>
    <mem type="tenure" free="7726032" total="26214400" percent="29">
      <mem type="soa" free="6415312" total="24903680" percent="25" />
      <mem type="loa" free="1310720" total="1310720" percent="100" />
    </mem>
    <remembered-set count="98" />
  </mem-info>
</gc-start>
<allocation-stats totalBytes="16669320" >
  <allocated-bytes non-tlh="80" tlh="16669240" />
  <largest-consumer threadName="main" threadId="00000000022F5700" bytes="16669320" />
</allocation-stats>
<gc-op id="3126" type="scavenge" timems="0.200" contextid="3123" timestamp="2019-07-02T20:42:30.300">
  <scavenger-info tenureage="3" tenuremask="fff8" tiltratio="89" />
  <memory-copied type="nursery" objects="46" bytes="1480" bytesdiscarded="37688" />
</gc-op>
<gc-end id="3127" type="scavenge" contextid="3123" durationms="0.639" usertimems="0.000" systemtimems="0.000" timestamp="2019-07-02T20:42:30.300" activeThreads="4">
  <mem-info id="3128" free="24398544" total="44826624" percent="54">
    <mem type="nursery" free="16672512" total="18612224" percent="89">
      <mem type="allocate" free="16672512" total="16711680" percent="99" />
      <mem type="survivor" free="0" total="1900544" percent="0" />
    </mem>
    <mem type="tenure" free="7726032" total="26214400" percent="29">
      <mem type="soa" free="6415312" total="24903680" percent="25" />
      <mem type="loa" free="1310720" total="1310720" percent="100" />
    </mem>
    <remembered-set count="92" />
  </mem-info>
</gc-end>
<cycle-end id="3129" type="scavenge" contextid="3123" timestamp="2019-07-02T20:42:30.300">
  <attribute name="GC Util" value="0" />
  <attribute name="CPU Util" value="356148370673" />
  <attribute name="Time Running"value="11400"/>
  <attribute name="Number of cores"value="4"/>
</cycle-end>
<allocation-satisfied id="3130" threadId="00000000022F5700" bytesRequested="80" />
<af-end id="3131" timestamp="2019-07-02T20:42:30.300" threadId="00000000022F6088" success="true" from="nursery"/>
<exclusive-end id="3132" timestamp="2019-07-02T20:42:30.300" durationms="1.473" />

<exclusive-start id="3133" timestamp="2019-07-02T20:42:30.349" intervalms="50.402">
  <response-info timems="0.085" idlems="0.085" threads="0" lastid="00000000022F5700" lastname="main" />
</exclusive-start>
<af-start id="3134" threadId="00000000022F6088" totalBytesRequested="80" timestamp="2019-07-02T20:42:30.349" intervalms="50.428" type="nursery" />
<cycle-start id="3135" type="scavenge" contextid="0" timestamp="2019-07-02T20:42:30.349" intervalms="50.434" />
  <attribute name="GC Util" value="0" />
  <attribute name="CPU Util" value="356148370673" />
  <attribute name="Time Running"value="11400"/>
  <attribute name="Number of cores"value="4"/>
<gc-start id="3136" type="scavenge" contextid="3135" timestamp="2019-07-02T20:42:30.350">
  <mem-info id="3137" free="7726032" total="44826624" percent="17">
    <mem type="nursery" free="0" total="18612224" percent="0">
      <mem type="allocate" free="0" total="16711680" percent="0" />
      <mem type="survivor" free="0" total="1900544" percent="0" />
    </mem>
    <mem type="tenure" free="7726032" total="26214400" percent="29">
      <mem type="soa" free="6415312" total="24903680" percent="25" />
      <mem type="loa" free="1310720" total="1310720" percent="100" />
    </mem>
    <remembered-set count="95" />
  </mem-info>
</gc-start>
<allocation-stats totalBytes="16669136" >
  <allocated-bytes non-tlh="80" tlh="16669056" />
  <largest-consumer threadName="main" threadId="00000000022F5700" bytes="16669136" />
</allocation-stats>
<gc-op id="3138" type="scavenge" timems="0.207" contextid="3135" timestamp="2019-07-02T20:42:30.350">
  <scavenger-info tenureage="3" tenuremask="fff8" tiltratio="89" />
  <memory-copied type="nursery" objects="45" bytes="1656" bytesdiscarded="37512" />
</gc-op>
<gc-end id="3139" type="scavenge" contextid="3135" durationms="0.651" usertimems="0.000" systemtimems="0.000" timestamp="2019-07-02T20:42:30.350" activeThreads="4">
  <mem-info id="3140" free="24398544" total="44826624" percent="54">
    <mem type="nursery" free="16672512" total="18612224" percent="89">
      <mem type="allocate" free="16672512" total="16711680" percent="99" />
      <mem type="survivor" free="0" total="1900544" percent="0" />
    </mem>
    <mem type="tenure" free="7726032" total="26214400" percent="29">
      <mem type="soa" free="6415312" total="24903680" percent="25" />
      <mem type="loa" free="1310720" total="1310720" percent="100" />
    </mem>
    <remembered-set count="94" />
  </mem-info>
</gc-end>
<cycle-end id="3141" type="scavenge" contextid="3135" timestamp="2019-07-02T20:42:30.350">
  <attribute name="GC Util" value="0" />
  <attribute name="CPU Util" value="365530077691" />
  <attribute name="Time Running"value="11450"/>
  <attribute name="Number of cores"value="4"/>
</cycle-end>
<allocation-satisfied id="3142" threadId="00000000022F5700" bytesRequested="80" />
<af-end id="3143" timestamp="2019-07-02T20:42:30.350" threadId="00000000022F6088" success="true" from="nursery"/>
<exclusive-end id="3144" timestamp="2019-07-02T20:42:30.351" durationms="1.528" />

<exclusive-start id="3145" timestamp="2019-07-02T20:42:30.375" intervalms="25.912">
  <response-info timems="0.067" idlems="0.067" threads="0" lastid="00000000022F5700" lastname="main" />
</exclusive-start>
<af-start id="3146" threadId="00000000022F6088" totalBytesRequested="80" timestamp="2019-07-02T20:42:30.375" intervalms="25.899" type="nursery" />
<cycle-start id="3147" type="scavenge" contextid="0" timestamp="2019-07-02T20:42:30.375" intervalms="25.909" />
  <attribute name="GC Util" value="0" />
  <attribute name="CPU Util" value="365530077691" />
  <attribute name="Time Running"value="11450"/>
  <attribute name="Number of cores"value="4"/>
<gc-start id="3148" type="scavenge" contextid="3147" timestamp="2019-07-02T20:42:30.375">
  <mem-info id="3149" free="7726032" total="44826624" percent="17">
    <mem type="nursery" free="0" total="18612224" percent="0">
      <mem type="allocate" free="0" total="16711680" percent="0" />
      <mem type="survivor" free="0" total="1900544" percent="0" />
    </mem>
    <mem type="tenure" free="7726032" total="26214400" percent="29">
      <mem type="soa" free="6415312" total="24903680" percent="25" />
      <mem type="loa" free="1310720" total="1310720" percent="100" />
    </mem>
    <remembered-set count="94" />
  </mem-info>
</gc-start>
<allocation-stats totalBytes="16665960" >
  <allocated-bytes non-tlh="80" tlh="16665880" />
  <largest-consumer threadName="main" threadId="00000000022F5700" bytes="16665960" />
</allocation-stats>
<gc-op id="3150" type="scavenge" timems="0.191" contextid="3147" timestamp="2019-07-02T20:42:30.376">
  <scavenger-info tenureage="4" tenuremask="fff0" tiltratio="89" />
  <memory-copied type="nursery" objects="44" bytes="1584" bytesdiscarded="37584" />
</gc-op>
<gc-end id="3151" type="scavenge" contextid="3147" durationms="0.653" usertimems="0.000" systemtimems="0.000" timestamp="2019-07-02T20:42:30.376" activeThreads="4">
  <mem-info id="3152" free="24398544" total="44826624" percent="54">
    <mem type="nursery" free="16672512" total="18612224" percent="89">
      <mem type="allocate" free="16672512" total="16711680" percent="99" />
      <mem type="survivor" free="0" total="1900544" percent="0" />
    </mem>
    <mem type="tenure" free="7726032" total="26214400" percent="29">
      <mem type="soa" free="6415312" total="24903680" percent="25" />
      <mem type="loa" free="1310720" total="1310720" percent="100" />
    </mem>
    <remembered-set count="94" />
  </mem-info>
</gc-end>
<cycle-end id="3153" type="scavenge" contextid="3147" timestamp="2019-07-02T20:42:30.376">
  <attribute name="GC Util" value="1" />
  <attribute name="CPU Util" value="712156936259" />
  <attribute name="Time Running"value="11476"/>
  <attribute name="Number of cores"value="4"/>
</cycle-end>
<allocation-satisfied id="3154" threadId="00000000022F5700" bytesRequested="80" />
<af-end id="3155" timestamp="2019-07-02T20:42:30.376" threadId="00000000022F6088" success="true" from="nursery"/>
<exclusive-end id="3156" timestamp="2019-07-02T20:42:30.376" durationms="1.545" />

<exclusive-start id="3157" timestamp="2019-07-02T20:42:30.401" intervalms="25.771">
  <response-info timems="0.083" idlems="0.083" threads="0" lastid="00000000022F5700" lastname="main" />
</exclusive-start>
<af-start id="3158" threadId="00000000022F6088" totalBytesRequested="80" timestamp="2019-07-02T20:42:30.401" intervalms="25.795" type="nursery" />
<cycle-start id="3159" type="scavenge" contextid="0" timestamp="2019-07-02T20:42:30.401" intervalms="25.752" />
  <attribute name="GC Util" value="1" />
  <attribute name="CPU Util" value="712156936259" />
  <attribute name="Time Running"value="11476"/>
  <attribute name="Number of cores"value="4"/>
<gc-start id="3160" type="scavenge" contextid="3159" timestamp="2019-07-02T20:42:30.401">
  <mem-info id="3161" free="7726032" total="44826624" percent="17">
    <mem type="nursery" free="0" total="18612224" percent="0">
      <mem type="allocate" free="0" total="16711680" percent="0" />
      <mem type="survivor" free="0" total="1900544" percent="0" />
    </mem>
    <mem type="tenure" free="7726032" total="26214400" percent="29">
      <mem type="soa" free="6415312" total="24903680" percent="25" />
      <mem type="loa" free="1310720" total="1310720" percent="100" />
    </mem>
    <remembered-set count="94" />
  </mem-info>
</gc-start>
<allocation-stats totalBytes="16666152" >
  <allocated-bytes non-tlh="80" tlh="16666072" />
  <largest-consumer threadName="main" threadId="00000000022F5700" bytes="16666152" />
</allocation-stats>
<gc-op id="3162" type="scavenge" timems="0.233" contextid="3159" timestamp="2019-07-02T20:42:30.402">
  <scavenger-info tenureage="3" tenuremask="fff8" tiltratio="89" />
  <memory-copied type="nursery" objects="20" bytes="632" bytesdiscarded="38536" />
  <memory-copied type="tenure" objects="8" bytes="184" bytesdiscarded="0" />
</gc-op>
<gc-end id="3163" type="scavenge" contextid="3159" durationms="0.708" usertimems="0.000" systemtimems="0.000" timestamp="2019-07-02T20:42:30.402" activeThreads="4">
  <mem-info id="3164" free="24398544" total="44826624" percent="54">
    <mem type="nursery" free="16672512" total="18612224" percent="89">
      <mem type="allocate" free="16672512" total="16711680" percent="99" />
      <mem type="survivor" free="0" total="1900544" percent="0" />
    </mem>
    <mem type="tenure" free="7726032" total="26214400" percent="29">
      <mem type="soa" free="6415312" total="24903680" percent="25" />
      <mem type="loa" free="1310720" total="1310720" percent="100" />
    </mem>
    <remembered-set count="90" />
  </mem-info>
</gc-end>
<cycle-end id="3165" type="scavenge" contextid="3159" timestamp="2019-07-02T20:42:30.402">
  <attribute name="GC Util" value="1" />
  <attribute name="CPU Util" value="715394526309" />
  <attribute name="Time Running"value="11502"/>
  <attribute name="Number of cores"value="4"/>
</cycle-end>
<allocation-satisfied id="3166" threadId="00000000022F5700" bytesRequested="80" />
<af-end id="3167" timestamp="2019-07-02T20:42:30.402" threadId="00000000022F6088" success="true" from="nursery"/>
<exclusive-end id="3168" timestamp="2019-07-02T20:42:30.402" durationms="1.781" />

<exclusive-start id="3169" timestamp="2019-07-02T20:42:30.441" intervalms="40.634">
  <response-info timems="0.083" idlems="0.083" threads="0" lastid="00000000022F5700" lastname="main" />
</exclusive-start>
<af-start id="3170" threadId="00000000022F6088" totalBytesRequested="24" timestamp="2019-07-02T20:42:30.442" intervalms="40.671" type="nursery" />
<cycle-start id="3171" type="scavenge" contextid="0" timestamp="2019-07-02T20:42:30.442" intervalms="40.715" />
  <attribute name="GC Util" value="1" />
  <attribute name="CPU Util" value="715394526309" />
  <attribute name="Time Running"value="11502"/>
  <attribute name="Number of cores"value="4"/>
<gc-start id="3172" type="scavenge" contextid="3171" timestamp="2019-07-02T20:42:30.442">
  <mem-info id="3173" free="7726032" total="44826624" percent="17">
    <mem type="nursery" free="0" total="18612224" percent="0">
      <mem type="allocate" free="0" total="16711680" percent="0" />
      <mem type="survivor" free="0" total="1900544" percent="0" />
    </mem>
    <mem type="tenure" free="7726032" total="26214400" percent="29">
      <mem type="soa" free="6415312" total="24903680" percent="25" />
      <mem type="loa" free="1310720" total="1310720" percent="100" />
    </mem>
    <remembered-set count="93" />
  </mem-info>
</gc-start>
<allocation-stats totalBytes="16667168" >
  <allocated-bytes non-tlh="80" tlh="16667088" />
  <largest-consumer threadName="main" threadId="00000000022F5700" bytes="16667168" />
</allocation-stats>
<gc-op id="3174" type="scavenge" timems="0.187" contextid="3171" timestamp="2019-07-02T20:42:30.442">
  <scavenger-info tenureage="3" tenuremask="ffd8" tiltratio="89" />
  <memory-copied type="nursery" objects="29" bytes="896" bytesdiscarded="38272" />
  <memory-copied type="tenure" objects="8" bytes="208" bytesdiscarded="0" />
</gc-op>
<gc-end id="3175" type="scavenge" contextid="3171" durationms="0.546" usertimems="0.000" systemtimems="0.000" timestamp="2019-07-02T20:42:30.442" activeThreads="4">
  <mem-info id="3176" free="24398544" total="44826624" percent="54">
    <mem type="nursery" free="16672512" total="18612224" percent="89">
      <mem type="allocate" free="16672512" total="16711680" percent="99" />
      <mem type="survivor" free="0" total="1900544" percent="0" />
    </mem>
    <mem type="tenure" free="7726032" total="26214400" percent="29">
      <mem type="soa" free="6415312" total="24903680" percent="25" />
      <mem type="loa" free="1310720" total="1310720" percent="100" />
    </mem>
    <remembered-set count="89" />
  </mem-info>
</gc-end>
<cycle-end id="3177" type="scavenge" contextid="3171" timestamp="2019-07-02T20:42:30.443">
  <attribute name="GC Util" value="1" />
  <attribute name="CPU Util" value="454729494789" />
  <attribute name="Time Running"value="11542"/>
  <attribute name="Number of cores"value="4"/>
</cycle-end>
<allocation-satisfied id="3178" threadId="00000000022F5700" bytesRequested="24" />
<af-end id="3179" timestamp="2019-07-02T20:42:30.443" threadId="00000000022F6088" success="true" from="nursery"/>
<exclusive-end id="3180" timestamp="2019-07-02T20:42:30.443" durationms="1.720" />

<exclusive-start id="3181" timestamp="2019-07-02T20:42:30.476" intervalms="34.715">
  <response-info timems="0.070" idlems="0.070" threads="0" lastid="00000000022F5700" lastname="main" />
</exclusive-start>
<af-start id="3182" threadId="00000000022F6088" totalBytesRequested="16" timestamp="2019-07-02T20:42:30.476" intervalms="34.627" type="nursery" />
<cycle-start id="3183" type="scavenge" contextid="0" timestamp="2019-07-02T20:42:30.476" intervalms="34.606" />
  <attribute name="GC Util" value="1" />
  <attribute name="CPU Util" value="454729494789" />
  <attribute name="Time Running"value="11542"/>
  <attribute name="Number of cores"value="4"/>
<gc-start id="3184" type="scavenge" contextid="3183" timestamp="2019-07-02T20:42:30.476">
  <mem-info id="3185" free="7726032" total="44826624" percent="17">
    <mem type="nursery" free="0" total="18612224" percent="0">
      <mem type="allocate" free="0" total="16711680" percent="0" />
      <mem type="survivor" free="0" total="1900544" percent="0" />
    </mem>
    <mem type="tenure" free="7726032" total="26214400" percent="29">
      <mem type="soa" free="6415312" total="24903680" percent="25" />
      <mem type="loa" free="1310720" total="1310720" percent="100" />
    </mem>
    <remembered-set count="90" />
  </mem-info>
</gc-start>
<allocation-stats totalBytes="16671856" >
  <allocated-bytes non-tlh="24" tlh="16671832" />
  <largest-consumer threadName="main" threadId="00000000022F5700" bytes="16671856" />
</allocation-stats>
<gc-op id="3186" type="scavenge" timems="0.195" contextid="3183" timestamp="2019-07-02T20:42:30.477">
  <scavenger-info tenureage="3" tenuremask="ffe8" tiltratio="89" />
  <memory-copied type="nursery" objects="32" bytes="984" bytesdiscarded="38184" />
</gc-op>
<gc-end id="3187" type="scavenge" contextid="3183" durationms="0.646" usertimems="0.000" systemtimems="0.000" timestamp="2019-07-02T20:42:30.477" activeThreads="4">
  <mem-info id="3188" free="24398544" total="44826624" percent="54">
    <mem type="nursery" free="16672512" total="18612224" percent="89">
      <mem type="allocate" free="16672512" total="16711680" percent="99" />
      <mem type="survivor" free="0" total="1900544" percent="0" />
    </mem>
    <mem type="tenure" free="7726032" total="26214400" percent="29">
      <mem type="soa" free="6415312" total="24903680" percent="25" />
      <mem type="loa" free="1310720" total="1310720" percent="100" />
    </mem>
    <remembered-set count="89" />
  </mem-info>
</gc-end>
<cycle-end id="3189" type="scavenge" contextid="3183" timestamp="2019-07-02T20:42:30.477">
  <attribute name="GC Util" value="1" />
  <attribute name="CPU Util" value="531877330498" />
  <attribute name="Time Running"value="11577"/>
  <attribute name="Number of cores"value="4"/>
</cycle-end>
<allocation-satisfied id="3190" threadId="00000000022F5700" bytesRequested="16" />
<af-end id="3191" timestamp="2019-07-02T20:42:30.477" threadId="00000000022F6088" success="true" from="nursery"/>
<exclusive-end id="3192" timestamp="2019-07-02T20:42:30.478" durationms="1.491" />

<exclusive-start id="3193" timestamp="2019-07-02T20:42:30.511" intervalms="34.852">
  <response-info timems="0.068" idlems="0.068" threads="0" lastid="00000000022F5700" lastname="main" />
</exclusive-start>
<af-start id="3194" threadId="00000000022F6088" totalBytesRequested="40" timestamp="2019-07-02T20:42:30.511" intervalms="34.858" type="nursery" />
<cycle-start id="3195" type="scavenge" contextid="0" timestamp="2019-07-02T20:42:30.511" intervalms="34.862" />
  <attribute name="GC Util" value="1" />
  <attribute name="CPU Util" value="531877330498" />
  <attribute name="Time Running"value="11577"/>
  <attribute name="Number of cores"value="4"/>
<gc-start id="3196" type="scavenge" contextid="3195" timestamp="2019-07-02T20:42:30.511">
  <mem-info id="3197" free="7726032" total="44826624" percent="17">
    <mem type="nursery" free="0" total="18612224" percent="0">
      <mem type="allocate" free="0" total="16711680" percent="0" />
      <mem type="survivor" free="0" total="1900544" percent="0" />
    </mem>
    <mem type="tenure" free="7726032" total="26214400" percent="29">
      <mem type="soa" free="6415312" total="24903680" percent="25" />
      <mem type="loa" free="1310720" total="1310720" percent="100" />
    </mem>
    <remembered-set count="92" />
  </mem-info>
</gc-start>
<allocation-stats totalBytes="16670328" >
  <allocated-bytes non-tlh="16" tlh="16670312" />
  <largest-consumer threadName="main" threadId="00000000022F5700" bytes="16670328" />
</allocation-stats>
<gc-op id="3198" type="scavenge" timems="0.171" contextid="3195" timestamp="2019-07-02T20:42:30.512">
  <scavenger-info tenureage="3" tenuremask="fff8" tiltratio="89" />
  <memory-copied type="nursery" objects="38" bytes="1104" bytesdiscarded="38064" />
</gc-op>
<gc-end id="3199" type="scavenge" contextid="3195" durationms="0.599" usertimems="0.000" systemtimems="0.000" timestamp="2019-07-02T20:42:30.512" activeThreads="4">
  <mem-info id="3200" free="24398544" total="44826624" percent="54">
    <mem type="nursery" free="16672512" total="18612224" percent="89">
      <mem type="allocate" free="16672512" total="16711680" percent="99" />
      <mem type="survivor" free="0" total="1900544" percent="0" />
    </mem>
    <mem type="tenure" free="7726032" total="26214400" percent="29">
      <mem type="soa" free="6415312" total="24903680" percent="25" />
      <mem type="loa" free="1310720" total="1310720" percent="100" />
    </mem>
    <remembered-set count="91" />
  </mem-info>
</gc-end>
<cycle-end id="3201" type="scavenge" contextid="3195" timestamp="2019-07-02T20:42:30.512">
  <attribute name="GC Util" value="1" />
  <attribute name="CPU Util" value="528840013371" />
  <attribute name="Time Running"value="11612"/>
  <attribute name="Number of cores"value="4"/>
</cycle-end>
<allocation-satisfied id="3202" threadId="00000000022F5700" bytesRequested="40" />
<af-end id="3203" timestamp="2019-07-02T20:42:30.512" threadId="00000000022F6088" success="true" from="nursery"/>
<exclusive-end id="3204" timestamp="2019-07-02T20:42:30.512" durationms="1.474" />

<exclusive-start id="3205" timestamp="2019-07-02T20:42:30.546" intervalms="34.656">
  <response-info timems="0.070" idlems="0.070" threads="0" lastid="00000000022F5700" lastname="main" />
</exclusive-start>
<af-start id="3206" threadId="00000000022F6088" totalBytesRequested="32" timestamp="2019-07-02T20:42:30.546" intervalms="34.658" type="nursery" />
<cycle-start id="3207" type="scavenge" contextid="0" timestamp="2019-07-02T20:42:30.546" intervalms="34.658" />
  <attribute name="GC Util" value="1" />
  <attribute name="CPU Util" value="528840013371" />
  <attribute name="Time Running"value="11612"/>
  <attribute name="Number of cores"value="4"/>
<gc-start id="3208" type="scavenge" contextid="3207" timestamp="2019-07-02T20:42:30.546">
  <mem-info id="3209" free="7726032" total="44826624" percent="17">
    <mem type="nursery" free="0" total="18612224" percent="0">
      <mem type="allocate" free="0" total="16711680" percent="0" />
      <mem type="survivor" free="0" total="1900544" percent="0" />
    </mem>
    <mem type="tenure" free="7726032" total="26214400" percent="29">
      <mem type="soa" free="6415312" total="24903680" percent="25" />
      <mem type="loa" free="1310720" total="1310720" percent="100" />
    </mem>
    <remembered-set count="92" />
  </mem-info>
</gc-start>
<allocation-stats totalBytes="16671368" >
  <allocated-bytes non-tlh="40" tlh="16671328" />
  <largest-consumer threadName="main" threadId="00000000022F5700" bytes="16671368" />
</allocation-stats>
<gc-op id="3210" type="scavenge" timems="0.186" contextid="3207" timestamp="2019-07-02T20:42:30.547">
  <scavenger-info tenureage="4" tenuremask="fff0" tiltratio="89" />
  <memory-copied type="nursery" objects="33" bytes="976" bytesdiscarded="77360" />
</gc-op>
<gc-end id="3211" type="scavenge" contextid="3207" durationms="0.629" usertimems="0.000" systemtimems="0.000" timestamp="2019-07-02T20:42:30.547" activeThreads="4">
  <mem-info id="3212" free="24359376" total="44826624" percent="54">
    <mem type="nursery" free="16633344" total="18612224" percent="89">
      <mem type="allocate" free="16633344" total="16711680" percent="99" />
      <mem type="survivor" free="0" total="1900544" percent="0" />
    </mem>
    <mem type="tenure" free="7726032" total="26214400" percent="29">
      <mem type="soa" free="6415312" total="24903680" percent="25" />
      <mem type="loa" free="1310720" total="1310720" percent="100" />
    </mem>
    <remembered-set count="91" />
  </mem-info>
</gc-end>
<cycle-end id="3213" type="scavenge" contextid="3207" timestamp="2019-07-02T20:42:30.547">
  <attribute name="GC Util" value="1" />
  <attribute name="CPU Util" value="532396274594" />
  <attribute name="Time Running"value="11647"/>
  <attribute name="Number of cores"value="4"/>
</cycle-end>
<allocation-satisfied id="3214" threadId="00000000022F5700" bytesRequested="32" />
<af-end id="3215" timestamp="2019-07-02T20:42:30.547" threadId="00000000022F6088" success="true" from="nursery"/>
<exclusive-end id="3216" timestamp="2019-07-02T20:42:30.547" durationms="1.480" />

<exclusive-start id="3217" timestamp="2019-07-02T20:42:30.574" intervalms="28.265">
  <response-info timems="0.078" idlems="0.078" threads="0" lastid="00000000022F5700" lastname="main" />
</exclusive-start>
<af-start id="3218" threadId="00000000022F6088" totalBytesRequested="48" timestamp="2019-07-02T20:42:30.574" intervalms="28.300" type="nursery" />
<cycle-start id="3219" type="scavenge" contextid="0" timestamp="2019-07-02T20:42:30.574" intervalms="28.310" />
  <attribute name="GC Util" value="1" />
  <attribute name="CPU Util" value="532396274594" />
  <attribute name="Time Running"value="11647"/>
  <attribute name="Number of cores"value="4"/>
<gc-start id="3220" type="scavenge" contextid="3219" timestamp="2019-07-02T20:42:30.574">
  <mem-info id="3221" free="7726032" total="44826624" percent="17">
    <mem type="nursery" free="0" total="18612224" percent="0">
      <mem type="allocate" free="0" total="16711680" percent="0" />
      <mem type="survivor" free="0" total="1900544" percent="0" />
    </mem>
    <mem type="tenure" free="7726032" total="26214400" percent="29">
      <mem type="soa" free="6415312" total="24903680" percent="25" />
      <mem type="loa" free="1310720" total="1310720" percent="100" />
    </mem>
    <remembered-set count="94" />
  </mem-info>
</gc-start>
<allocation-stats totalBytes="16630128" >
  <allocated-bytes non-tlh="32" tlh="16630096" />
  <largest-consumer threadName="main" threadId="00000000022F5700" bytes="16630128" />
</allocation-stats>
<gc-op id="3222" type="scavenge" timems="0.191" contextid="3219" timestamp="2019-07-02T20:42:30.575">
  <scavenger-info tenureage="3" tenuremask="fff8" tiltratio="89" />
  <memory-copied type="nursery" objects="43" bytes="1272" bytesdiscarded="37896" />
  <memory-copied type="tenure" objects="7" bytes="160" bytesdiscarded="0" />
</gc-op>
<gc-end id="3223" type="scavenge" contextid="3219" durationms="0.751" usertimems="0.000" systemtimems="0.000" timestamp="2019-07-02T20:42:30.575" activeThreads="4">
  <mem-info id="3224" free="24398544" total="44826624" percent="54">
    <mem type="nursery" free="16672512" total="18612224" percent="89">
      <mem type="allocate" free="16672512" total="16711680" percent="99" />
      <mem type="survivor" free="0" total="1900544" percent="0" />
    </mem>
    <mem type="tenure" free="7726032" total="26214400" percent="29">
      <mem type="soa" free="6415312" total="24903680" percent="25" />
      <mem type="loa" free="1310720" total="1310720" percent="100" />
    </mem>
    <remembered-set count="91" />
  </mem-info>
</gc-end>
<cycle-end id="3225" type="scavenge" contextid="3219" timestamp="2019-07-02T20:42:30.575">
  <attribute name="GC Util" value="1" />
  <attribute name="CPU Util" value="649183207342" />
  <attribute name="Time Running"value="11675"/>
  <attribute name="Number of cores"value="4"/>
</cycle-end>
<allocation-satisfied id="3226" threadId="00000000022F5700" bytesRequested="48" />
<af-end id="3227" timestamp="2019-07-02T20:42:30.575" threadId="00000000022F6088" success="true" from="nursery"/>
<exclusive-end id="3228" timestamp="2019-07-02T20:42:30.575" durationms="1.641" />

<exclusive-start id="3229" timestamp="2019-07-02T20:42:30.600" intervalms="26.135">
  <response-info timems="0.064" idlems="0.064" threads="0" lastid="00000000022F5700" lastname="main" />
</exclusive-start>
<af-start id="3230" threadId="00000000022F6088" totalBytesRequested="48" timestamp="2019-07-02T20:42:30.600" intervalms="26.118" type="nursery" />
<cycle-start id="3231" type="scavenge" contextid="0" timestamp="2019-07-02T20:42:30.600" intervalms="26.131" />
  <attribute name="GC Util" value="1" />
  <attribute name="CPU Util" value="649183207342" />
  <attribute name="Time Running"value="11675"/>
  <attribute name="Number of cores"value="4"/>
<gc-start id="3232" type="scavenge" contextid="3231" timestamp="2019-07-02T20:42:30.600">
  <mem-info id="3233" free="7726032" total="44826624" percent="17">
    <mem type="nursery" free="0" total="18612224" percent="0">
      <mem type="allocate" free="0" total="16711680" percent="0" />
      <mem type="survivor" free="0" total="1900544" percent="0" />
    </mem>
    <mem type="tenure" free="7726032" total="26214400" percent="29">
      <mem type="soa" free="6415312" total="24903680" percent="25" />
      <mem type="loa" free="1310720" total="1310720" percent="100" />
    </mem>
    <remembered-set count="92" />
  </mem-info>
</gc-start>
<allocation-stats totalBytes="16670720" >
  <allocated-bytes non-tlh="48" tlh="16670672" />
  <largest-consumer threadName="main" threadId="00000000022F5700" bytes="16670720" />
</allocation-stats>
<gc-op id="3234" type="scavenge" timems="0.192" contextid="3231" timestamp="2019-07-02T20:42:30.601">
  <scavenger-info tenureage="4" tenuremask="ffd0" tiltratio="89" />
  <memory-copied type="nursery" objects="43" bytes="1272" bytesdiscarded="37896" />
</gc-op>
<gc-end id="3235" type="scavenge" contextid="3231" durationms="0.701" usertimems="0.000" systemtimems="0.000" timestamp="2019-07-02T20:42:30.601" activeThreads="4">
  <mem-info id="3236" free="24398544" total="44826624" percent="54">
    <mem type="nursery" free="16672512" total="18612224" percent="89">
      <mem type="allocate" free="16672512" total="16711680" percent="99" />
      <mem type="survivor" free="0" total="1900544" percent="0" />
    </mem>
    <mem type="tenure" free="7726032" total="26214400" percent="29">
      <mem type="soa" free="6415312" total="24903680" percent="25" />
      <mem type="loa" free="1310720" total="1310720" percent="100" />
    </mem>
    <remembered-set count="91" />
  </mem-info>
</gc-end>
<cycle-end id="3237" type="scavenge" contextid="3231" timestamp="2019-07-02T20:42:30.601">
  <attribute name="GC Util" value="2" />
  <attribute name="CPU Util" value="706932310834" />
  <attribute name="Time Running"value="11701"/>
  <attribute name="Number of cores"value="4"/>
</cycle-end>
<allocation-satisfied id="3238" threadId="00000000022F5700" bytesRequested="48" />
<af-end id="3239" timestamp="2019-07-02T20:42:30.602" threadId="00000000022F6088" success="true" from="nursery"/>
<exclusive-end id="3240" timestamp="2019-07-02T20:42:30.602" durationms="1.625" />

<exclusive-start id="3241" timestamp="2019-07-02T20:42:30.626" intervalms="25.720">
  <response-info timems="0.085" idlems="0.085" threads="0" lastid="00000000022F5700" lastname="main" />
</exclusive-start>
<af-start id="3242" threadId="00000000022F6088" totalBytesRequested="48" timestamp="2019-07-02T20:42:30.626" intervalms="25.753" type="nursery" />
<cycle-start id="3243" type="scavenge" contextid="0" timestamp="2019-07-02T20:42:30.626" intervalms="25.751" />
  <attribute name="GC Util" value="2" />
  <attribute name="CPU Util" value="706932310834" />
  <attribute name="Time Running"value="11701"/>
  <attribute name="Number of cores"value="4"/>
<gc-start id="3244" type="scavenge" contextid="3243" timestamp="2019-07-02T20:42:30.626">
  <mem-info id="3245" free="7726032" total="44826624" percent="17">
    <mem type="nursery" free="0" total="18612224" percent="0">
      <mem type="allocate" free="0" total="16711680" percent="0" />
      <mem type="survivor" free="0" total="1900544" percent="0" />
    </mem>
    <mem type="tenure" free="7726032" total="26214400" percent="29">
      <mem type="soa" free="6415312" total="24903680" percent="25" />
      <mem type="loa" free="1310720" total="1310720" percent="100" />
    </mem>
    <remembered-set count="92" />
  </mem-info>
</gc-start>
<allocation-stats totalBytes="16670720" >
  <allocated-bytes non-tlh="48" tlh="16670672" />
  <largest-consumer threadName="main" threadId="00000000022F5700" bytes="16670720" />
</allocation-stats>
<gc-op id="3246" type="scavenge" timems="0.228" contextid="3243" timestamp="2019-07-02T20:42:30.627">
  <scavenger-info tenureage="3" tenuremask="fff8" tiltratio="89" />
  <memory-copied type="nursery" objects="36" bytes="1112" bytesdiscarded="38056" />
  <memory-copied type="tenure" objects="7" bytes="160" bytesdiscarded="0" />
</gc-op>
<gc-end id="3247" type="scavenge" contextid="3243" durationms="0.794" usertimems="4.000" systemtimems="0.000" timestamp="2019-07-02T20:42:30.627" activeThreads="4">
  <mem-info id="3248" free="24398544" total="44826624" percent="54">
    <mem type="nursery" free="16672512" total="18612224" percent="89">
      <mem type="allocate" free="16672512" total="16711680" percent="99" />
      <mem type="survivor" free="0" total="1900544" percent="0" />
    </mem>
    <mem type="tenure" free="7726032" total="26214400" percent="29">
      <mem type="soa" free="6415312" total="24903680" percent="25" />
      <mem type="loa" free="1310720" total="1310720" percent="100" />
    </mem>
    <remembered-set count="89" />
  </mem-info>
</gc-end>
<cycle-end id="3249" type="scavenge" contextid="3243" timestamp="2019-07-02T20:42:30.627">
  <attribute name="GC Util" value="1" />
  <attribute name="CPU Util" value="716226902676" />
  <attribute name="Time Running"value="11727"/>
  <attribute name="Number of cores"value="4"/>
</cycle-end>
<allocation-satisfied id="3250" threadId="00000000022F5700" bytesRequested="48" />
<af-end id="3251" timestamp="2019-07-02T20:42:30.627" threadId="00000000022F6088" success="true" from="nursery"/>
<exclusive-end id="3252" timestamp="2019-07-02T20:42:30.628" durationms="1.933" />

<exclusive-start id="3253" timestamp="2019-07-02T20:42:30.711" intervalms="85.460">
  <response-info timems="0.101" idlems="0.101" threads="0" lastid="00000000022F5700" lastname="main" />
</exclusive-start>
<af-start id="3254" threadId="00000000022F6088" totalBytesRequested="32" timestamp="2019-07-02T20:42:30.711" intervalms="85.466" type="nursery" />
<cycle-start id="3255" type="scavenge" contextid="0" timestamp="2019-07-02T20:42:30.711" intervalms="85.444" />
  <attribute name="GC Util" value="1" />
  <attribute name="CPU Util" value="716226902676" />
  <attribute name="Time Running"value="11727"/>
  <attribute name="Number of cores"value="4"/>
<gc-start id="3256" type="scavenge" contextid="3255" timestamp="2019-07-02T20:42:30.712">
  <mem-info id="3257" free="7726032" total="44826624" percent="17">
    <mem type="nursery" free="0" total="18612224" percent="0">
      <mem type="allocate" free="0" total="16711680" percent="0" />
      <mem type="survivor" free="0" total="1900544" percent="0" />
    </mem>
    <mem type="tenure" free="7726032" total="26214400" percent="29">
      <mem type="soa" free="6415312" total="24903680" percent="25" />
      <mem type="loa" free="1310720" total="1310720" percent="100" />
    </mem>
    <remembered-set count="92" />
  </mem-info>
</gc-start>
<allocation-stats totalBytes="16671672" >
  <allocated-bytes non-tlh="48" tlh="16671624" />
  <largest-consumer threadName="main" threadId="00000000022F5700" bytes="16671672" />
</allocation-stats>
<gc-op id="3258" type="scavenge" timems="0.238" contextid="3255" timestamp="2019-07-02T20:42:30.712">
  <scavenger-info tenureage="3" tenuremask="ffd8" tiltratio="89" />
  <memory-copied type="nursery" objects="22" bytes="696" bytesdiscarded="38472" />
  <memory-copied type="tenure" objects="7" bytes="160" bytesdiscarded="0" />
</gc-op>
<gc-end id="3259" type="scavenge" contextid="3255" durationms="0.711" usertimems="0.000" systemtimems="0.000" timestamp="2019-07-02T20:42:30.712" activeThreads="4">
  <mem-info id="3260" free="24398544" total="44826624" percent="54">
    <mem type="nursery" free="16672512" total="18612224" percent="89">
      <mem type="allocate" free="16672512" total="16711680" percent="99" />
      <mem type="survivor" free="0" total="1900544" percent="0" />
    </mem>
    <mem type="tenure" free="7726032" total="26214400" percent="29">
      <mem type="soa" free="6415312" total="24903680" percent="25" />
      <mem type="loa" free="1310720" total="1310720" percent="100" />
    </mem>
    <remembered-set count="89" />
  </mem-info>
</gc-end>
<cycle-end id="3261" type="scavenge" contextid="3255" timestamp="2019-07-02T20:42:30.713">
  <attribute name="GC Util" value="0" />
  <attribute name="CPU Util" value="215965344460" />
  <attribute name="Time Running"value="11812"/>
  <attribute name="Number of cores"value="4"/>
</cycle-end>
<allocation-satisfied id="3262" threadId="00000000022F5700" bytesRequested="32" />
<af-end id="3263" timestamp="2019-07-02T20:42:30.713" threadId="00000000022F6088" success="true" from="nursery"/>
<exclusive-end id="3264" timestamp="2019-07-02T20:42:30.713" durationms="1.644" />

<exclusive-start id="3265" timestamp="2019-07-02T20:42:30.807" intervalms="95.961">
  <response-info timems="0.092" idlems="0.092" threads="0" lastid="00000000022F5700" lastname="main" />
</exclusive-start>
<af-start id="3266" threadId="00000000022F6088" totalBytesRequested="32" timestamp="2019-07-02T20:42:30.807" intervalms="95.937" type="nursery" />
<cycle-start id="3267" type="scavenge" contextid="0" timestamp="2019-07-02T20:42:30.807" intervalms="95.957" />
  <attribute name="GC Util" value="0" />
  <attribute name="CPU Util" value="215965344460" />
  <attribute name="Time Running"value="11812"/>
  <attribute name="Number of cores"value="4"/>
<gc-start id="3268" type="scavenge" contextid="3267" timestamp="2019-07-02T20:42:30.808">
  <mem-info id="3269" free="7726032" total="44826624" percent="17">
    <mem type="nursery" free="0" total="18612224" percent="0">
      <mem type="allocate" free="0" total="16711680" percent="0" />
      <mem type="survivor" free="0" total="1900544" percent="0" />
    </mem>
    <mem type="tenure" free="7726032" total="26214400" percent="29">
      <mem type="soa" free="6415312" total="24903680" percent="25" />
      <mem type="loa" free="1310720" total="1310720" percent="100" />
    </mem>
    <remembered-set count="89" />
  </mem-info>
</gc-start>
<allocation-stats totalBytes="16671784" >
  <allocated-bytes non-tlh="32" tlh="16671752" />
  <largest-consumer threadName="main" threadId="00000000022F5700" bytes="16671784" />
</allocation-stats>
<gc-op id="3270" type="scavenge" timems="0.221" contextid="3267" timestamp="2019-07-02T20:42:30.808">
  <scavenger-info tenureage="10" tenuremask="f400" tiltratio="89" />
  <memory-copied type="nursery" objects="22" bytes="696" bytesdiscarded="77640" />
</gc-op>
<gc-end id="3271" type="scavenge" contextid="3267" durationms="0.730" usertimems="0.000" systemtimems="0.000" timestamp="2019-07-02T20:42:30.808" activeThreads="4">
  <mem-info id="3272" free="24359376" total="44826624" percent="54">
    <mem type="nursery" free="16633344" total="18612224" percent="89">
      <mem type="allocate" free="16633344" total="16711680" percent="99" />
      <mem type="survivor" free="0" total="1900544" percent="0" />
    </mem>
    <mem type="tenure" free="7726032" total="26214400" percent="29">
      <mem type="soa" free="6415312" total="24903680" percent="25" />
      <mem type="loa" free="1310720" total="1310720" percent="100" />
    </mem>
    <remembered-set count="89" />
  </mem-info>
</gc-end>
<cycle-end id="3273" type="scavenge" contextid="3267" timestamp="2019-07-02T20:42:30.808">
  <attribute name="GC Util" value="0" />
  <attribute name="CPU Util" value="192179019431" />
  <attribute name="Time Running"value="11908"/>
  <attribute name="Number of cores"value="4"/>
</cycle-end>
<allocation-satisfied id="3274" threadId="00000000022F5700" bytesRequested="32" />
<af-end id="3275" timestamp="2019-07-02T20:42:30.809" threadId="00000000022F6088" success="true" from="nursery"/>
<exclusive-end id="3276" timestamp="2019-07-02T20:42:30.809" durationms="1.623" />

<exclusive-start id="3277" timestamp="2019-07-02T20:42:31.051" intervalms="244.409">
  <response-info timems="0.088" idlems="0.088" threads="0" lastid="00000000022F5700" lastname="main" />
</exclusive-start>
<af-start id="3278" threadId="00000000022F6088" totalBytesRequested="24" timestamp="2019-07-02T20:42:31.052" intervalms="244.487" type="nursery" />
<cycle-start id="3279" type="scavenge" contextid="0" timestamp="2019-07-02T20:42:31.052" intervalms="244.512" />
  <attribute name="GC Util" value="0" />
  <attribute name="CPU Util" value="192179019431" />
  <attribute name="Time Running"value="11908"/>
  <attribute name="Number of cores"value="4"/>
<gc-start id="3280" type="scavenge" contextid="3279" timestamp="2019-07-02T20:42:31.052">
  <mem-info id="3281" free="7726032" total="44826624" percent="17">
    <mem type="nursery" free="0" total="18612224" percent="0">
      <mem type="allocate" free="0" total="16711680" percent="0" />
      <mem type="survivor" free="0" total="1900544" percent="0" />
    </mem>
    <mem type="tenure" free="7726032" total="26214400" percent="29">
      <mem type="soa" free="6415312" total="24903680" percent="25" />
      <mem type="loa" free="1310720" total="1310720" percent="100" />
    </mem>
    <remembered-set count="93" />
  </mem-info>
</gc-start>
<allocation-stats totalBytes="16632280" >
  <allocated-bytes non-tlh="32" tlh="16632248" />
  <largest-consumer threadName="main" threadId="00000000022F5700" bytes="16632280" />
</allocation-stats>
<gc-op id="3282" type="scavenge" timems="0.243" contextid="3279" timestamp="2019-07-02T20:42:31.053">
  <scavenger-info tenureage="10" tenuremask="fc00" tiltratio="89" />
  <memory-copied type="nursery" objects="34" bytes="944" bytesdiscarded="77392" />
</gc-op>
<gc-end id="3283" type="scavenge" contextid="3279" durationms="0.792" usertimems="0.000" systemtimems="0.000" timestamp="2019-07-02T20:42:31.053" activeThreads="4">
  <mem-info id="3284" free="24359376" total="44826624" percent="54">
    <mem type="nursery" free="16633344" total="18612224" percent="89">
      <mem type="allocate" free="16633344" total="16711680" percent="99" />
      <mem type="survivor" free="0" total="1900544" percent="0" />
    </mem>
    <mem type="tenure" free="7726032" total="26214400" percent="29">
      <mem type="soa" free="6415312" total="24903680" percent="25" />
      <mem type="loa" free="1310720" total="1310720" percent="100" />
    </mem>
    <remembered-set count="93" />
  </mem-info>
</gc-end>
<cycle-end id="3285" type="scavenge" contextid="3279" timestamp="2019-07-02T20:42:31.053">
  <attribute name="GC Util" value="0" />
  <attribute name="CPU Util" value="75427880180" />
  <attribute name="Time Running"value="12153"/>
  <attribute name="Number of cores"value="4"/>
</cycle-end>
<allocation-satisfied id="3286" threadId="00000000022F5700" bytesRequested="24" />
<af-end id="3287" timestamp="2019-07-02T20:42:31.053" threadId="00000000022F6088" success="true" from="nursery"/>
<exclusive-end id="3288" timestamp="2019-07-02T20:42:31.053" durationms="1.878" />

<exclusive-start id="3289" timestamp="2019-07-02T20:42:31.202" intervalms="150.643">
  <response-info timems="0.069" idlems="0.069" threads="0" lastid="00000000022F5700" lastname="main" />
</exclusive-start>
<af-start id="3290" threadId="00000000022F6088" totalBytesRequested="24" timestamp="2019-07-02T20:42:31.202" intervalms="150.565" type="nursery" />
<cycle-start id="3291" type="scavenge" contextid="0" timestamp="2019-07-02T20:42:31.202" intervalms="150.538" />
  <attribute name="GC Util" value="0" />
  <attribute name="CPU Util" value="75427880180" />
  <attribute name="Time Running"value="12153"/>
  <attribute name="Number of cores"value="4"/>
<gc-start id="3292" type="scavenge" contextid="3291" timestamp="2019-07-02T20:42:31.203">
  <mem-info id="3293" free="7726032" total="44826624" percent="17">
    <mem type="nursery" free="0" total="18612224" percent="0">
      <mem type="allocate" free="0" total="16711680" percent="0" />
      <mem type="survivor" free="0" total="1900544" percent="0" />
    </mem>
    <mem type="tenure" free="7726032" total="26214400" percent="29">
      <mem type="soa" free="6415312" total="24903680" percent="25" />
      <mem type="loa" free="1310720" total="1310720" percent="100" />
    </mem>
    <remembered-set count="93" />
  </mem-info>
</gc-start>
<allocation-stats totalBytes="16632288" >
  <allocated-bytes non-tlh="24" tlh="16632264" />
  <largest-consumer threadName="main" threadId="00000000022F5700" bytes="16632288" />
</allocation-stats>
<gc-op id="3294" type="scavenge" timems="0.197" contextid="3291" timestamp="2019-07-02T20:42:31.203">
  <scavenger-info tenureage="11" tenuremask="f800" tiltratio="89" />
  <memory-copied type="nursery" objects="34" bytes="944" bytesdiscarded="38224" />
</gc-op>
<gc-end id="3295" type="scavenge" contextid="3291" durationms="0.678" usertimems="4.000" systemtimems="0.000" timestamp="2019-07-02T20:42:31.203" activeThreads="4">
  <mem-info id="3296" free="24398544" total="44826624" percent="54">
    <mem type="nursery" free="16672512" total="18612224" percent="89">
      <mem type="allocate" free="16672512" total="16711680" percent="99" />
      <mem type="survivor" free="0" total="1900544" percent="0" />
    </mem>
    <mem type="tenure" free="7726032" total="26214400" percent="29">
      <mem type="soa" free="6415312" total="24903680" percent="25" />
      <mem type="loa" free="1310720" total="1310720" percent="100" />
    </mem>
    <remembered-set count="93" />
  </mem-info>
</gc-end>
<cycle-end id="3297" type="scavenge" contextid="3291" timestamp="2019-07-02T20:42:31.204">
  <attribute name="GC Util" value="0" />
  <attribute name="CPU Util" value="122598426479" />
  <attribute name="Time Running"value="12303"/>
  <attribute name="Number of cores"value="4"/>
</cycle-end>
<allocation-satisfied id="3298" threadId="00000000022F5700" bytesRequested="24" />
<af-end id="3299" timestamp="2019-07-02T20:42:31.204" threadId="00000000022F6088" success="true" from="nursery"/>
<exclusive-end id="3300" timestamp="2019-07-02T20:42:31.204" durationms="1.598" />

<exclusive-start id="3301" timestamp="2019-07-02T20:42:31.962" intervalms="760.078">
  <response-info timems="0.081" idlems="0.081" threads="0" lastid="00000000022F5700" lastname="main" />
</exclusive-start>
<af-start id="3302" threadId="00000000022F6088" totalBytesRequested="32" timestamp="2019-07-02T20:42:31.962" intervalms="760.149" type="nursery" />
<cycle-start id="3303" type="scavenge" contextid="0" timestamp="2019-07-02T20:42:31.963" intervalms="760.169" />
  <attribute name="GC Util" value="0" />
  <attribute name="CPU Util" value="122598426479" />
  <attribute name="Time Running"value="12303"/>
  <attribute name="Number of cores"value="4"/>
<gc-start id="3304" type="scavenge" contextid="3303" timestamp="2019-07-02T20:42:31.963">
  <mem-info id="3305" free="7726032" total="44826624" percent="17">
    <mem type="nursery" free="0" total="18612224" percent="0">
      <mem type="allocate" free="0" total="16711680" percent="0" />
      <mem type="survivor" free="0" total="1900544" percent="0" />
    </mem>
    <mem type="tenure" free="7726032" total="26214400" percent="29">
      <mem type="soa" free="6415312" total="24903680" percent="25" />
      <mem type="loa" free="1310720" total="1310720" percent="100" />
    </mem>
    <remembered-set count="102" />
  </mem-info>
</gc-start>
<allocation-stats totalBytes="16671424" >
  <allocated-bytes non-tlh="24" tlh="16671400" />
  <largest-consumer threadName="main" threadId="00000000022F5700" bytes="16671424" />
</allocation-stats>
<gc-op id="3306" type="scavenge" timems="0.259" contextid="3303" timestamp="2019-07-02T20:42:31.964">
  <scavenger-info tenureage="4" tenuremask="f410" tiltratio="89" />
  <memory-copied type="nursery" objects="60" bytes="1552" bytesdiscarded="107504" />
  <memory-copied type="tenure" objects="7" bytes="160" bytesdiscarded="0" />
  <references type="weak" candidates="2" cleared="0" enqueued="0" />
</gc-op>
<gc-end id="3307" type="scavenge" contextid="3303" durationms="0.904" usertimems="0.000" systemtimems="0.000" timestamp="2019-07-02T20:42:31.964" activeThreads="4">
  <mem-info id="3308" free="24328656" total="44826624" percent="54">
    <mem type="nursery" free="16602624" total="18612224" percent="89">
      <mem type="allocate" free="16602624" total="16711680" percent="99" />
      <mem type="survivor" free="0" total="1900544" percent="0" />
    </mem>
    <mem type="tenure" free="7726032" total="26214400" percent="29">
      <mem type="soa" free="6415312" total="24903680" percent="25" />
      <mem type="loa" free="1310720" total="1310720" percent="100" />
    </mem>
    <remembered-set count="100" />
  </mem-info>
</gc-end>
<cycle-end id="3309" type="scavenge" contextid="3303" timestamp="2019-07-02T20:42:31.964">
  <attribute name="GC Util" value="0" />
  <attribute name="CPU Util" value="39" />
  <attribute name="Time Running"value="13064"/>
  <attribute name="Number of cores"value="4"/>
</cycle-end>
<allocation-satisfied id="3310" threadId="00000000022F5700" bytesRequested="32" />
<af-end id="3311" timestamp="2019-07-02T20:42:31.964" threadId="00000000022F6088" success="true" from="nursery"/>
<exclusive-end id="3312" timestamp="2019-07-02T20:42:31.964" durationms="2.149" />

<exclusive-start id="3313" timestamp="2019-07-02T20:42:32.011" intervalms="48.938">
  <response-info timems="0.075" idlems="0.075" threads="0" lastid="00000000022F5700" lastname="main" />
</exclusive-start>
<af-start id="3314" threadId="00000000022F6088" totalBytesRequested="32" timestamp="2019-07-02T20:42:32.011" intervalms="48.918" type="nursery" />
<cycle-start id="3315" type="scavenge" contextid="0" timestamp="2019-07-02T20:42:32.012" intervalms="48.912" />
  <attribute name="GC Util" value="0" />
  <attribute name="CPU Util" value="39" />
  <attribute name="Time Running"value="13064"/>
  <attribute name="Number of cores"value="4"/>
<gc-start id="3316" type="scavenge" contextid="3315" timestamp="2019-07-02T20:42:32.012">
  <mem-info id="3317" free="7726032" total="44826624" percent="17">
    <mem type="nursery" free="0" total="18612224" percent="0">
      <mem type="allocate" free="0" total="16711680" percent="0" />
      <mem type="survivor" free="0" total="1900544" percent="0" />
    </mem>
    <mem type="tenure" free="7726032" total="26214400" percent="29">
      <mem type="soa" free="6415312" total="24903680" percent="25" />
      <mem type="loa" free="1310720" total="1310720" percent="100" />
    </mem>
    <remembered-set count="100" />
  </mem-info>
</gc-start>
<allocation-stats totalBytes="16601504" >
  <allocated-bytes non-tlh="32" tlh="16601472" />
  <largest-consumer threadName="main" threadId="00000000022F5700" bytes="16601504" />
</allocation-stats>
<gc-op id="3318" type="scavenge" timems="0.259" contextid="3315" timestamp="2019-07-02T20:42:32.012">
  <scavenger-info tenureage="11" tenuremask="e800" tiltratio="89" />
  <memory-copied type="nursery" objects="60" bytes="1552" bytesdiscarded="107504" />
  <references type="weak" candidates="2" cleared="0" enqueued="0" />
</gc-op>
<gc-end id="3319" type="scavenge" contextid="3315" durationms="0.826" usertimems="0.000" systemtimems="0.000" timestamp="2019-07-02T20:42:32.013" activeThreads="4">
  <mem-info id="3320" free="24328656" total="44826624" percent="54">
    <mem type="nursery" free="16602624" total="18612224" percent="89">
      <mem type="allocate" free="16602624" total="16711680" percent="99" />
      <mem type="survivor" free="0" total="1900544" percent="0" />
    </mem>
    <mem type="tenure" free="7726032" total="26214400" percent="29">
      <mem type="soa" free="6415312" total="24903680" percent="25" />
      <mem type="loa" free="1310720" total="1310720" percent="100" />
    </mem>
    <remembered-set count="100" />
  </mem-info>
</gc-end>
<cycle-end id="3321" type="scavenge" contextid="3315" timestamp="2019-07-02T20:42:32.013">
  <attribute name="GC Util" value="1" />
  <attribute name="CPU Util" value="377251526400" />
  <attribute name="Time Running"value="13112"/>
  <attribute name="Number of cores"value="4"/>
</cycle-end>
<allocation-satisfied id="3322" threadId="00000000022F5700" bytesRequested="32" />
<af-end id="3323" timestamp="2019-07-02T20:42:32.013" threadId="00000000022F6088" success="true" from="nursery"/>
<exclusive-end id="3324" timestamp="2019-07-02T20:42:32.013" durationms="1.881" />

<exclusive-start id="3325" timestamp="2019-07-02T20:42:32.060" intervalms="48.404">
  <response-info timems="0.070" idlems="0.070" threads="0" lastid="00000000022F5700" lastname="main" />
</exclusive-start>
<af-start id="3326" threadId="00000000022F6088" totalBytesRequested="24" timestamp="2019-07-02T20:42:32.060" intervalms="48.340" type="nursery" />
<cycle-start id="3327" type="scavenge" contextid="0" timestamp="2019-07-02T20:42:32.060" intervalms="48.307" />
  <attribute name="GC Util" value="1" />
  <attribute name="CPU Util" value="377251526400" />
  <attribute name="Time Running"value="13112"/>
  <attribute name="Number of cores"value="4"/>
<gc-start id="3328" type="scavenge" contextid="3327" timestamp="2019-07-02T20:42:32.060">
  <mem-info id="3329" free="7726032" total="44826624" percent="17">
    <mem type="nursery" free="0" total="18612224" percent="0">
      <mem type="allocate" free="0" total="16711680" percent="0" />
      <mem type="survivor" free="0" total="1900544" percent="0" />
    </mem>
    <mem type="tenure" free="7726032" total="26214400" percent="29">
      <mem type="soa" free="6415312" total="24903680" percent="25" />
      <mem type="loa" free="1310720" total="1310720" percent="100" />
    </mem>
    <remembered-set count="100" />
  </mem-info>
</gc-start>
<allocation-stats totalBytes="16601320" >
  <allocated-bytes non-tlh="32" tlh="16601288" />
  <largest-consumer threadName="main" threadId="00000000022F5700" bytes="16601320" />
</allocation-stats>
<gc-op id="3330" type="scavenge" timems="0.209" contextid="3327" timestamp="2019-07-02T20:42:32.061">
  <scavenger-info tenureage="4" tenuremask="f410" tiltratio="89" />
  <memory-copied type="nursery" objects="43" bytes="1168" bytesdiscarded="38000" />
  <memory-copied type="tenure" objects="14" bytes="320" bytesdiscarded="0" />
  <references type="weak" candidates="2" cleared="0" enqueued="0" />
</gc-op>
<gc-end id="3331" type="scavenge" contextid="3327" durationms="0.698" usertimems="0.000" systemtimems="0.000" timestamp="2019-07-02T20:42:32.061" activeThreads="4">
  <mem-info id="3332" free="24398544" total="44826624" percent="54">
    <mem type="nursery" free="16672512" total="18612224" percent="89">
      <mem type="allocate" free="16672512" total="16711680" percent="99" />
      <mem type="survivor" free="0" total="1900544" percent="0" />
    </mem>
    <mem type="tenure" free="7726032" total="26214400" percent="29">
      <mem type="soa" free="6415312" total="24903680" percent="25" />
      <mem type="loa" free="1310720" total="1310720" percent="100" />
    </mem>
    <remembered-set count="96" />
  </mem-info>
</gc-end>
<cycle-end id="3333" type="scavenge" contextid="3327" timestamp="2019-07-02T20:42:32.061">
  <attribute name="GC Util" value="1" />
  <attribute name="CPU Util" value="382790439971" />
  <attribute name="Time Running"value="13161"/>
  <attribute name="Number of cores"value="4"/>
</cycle-end>
<allocation-satisfied id="3334" threadId="00000000022F5700" bytesRequested="24" />
<af-end id="3335" timestamp="2019-07-02T20:42:32.061" threadId="00000000022F6088" success="true" from="nursery"/>
<exclusive-end id="3336" timestamp="2019-07-02T20:42:32.061" durationms="1.606" />

<exclusive-start id="3337" timestamp="2019-07-02T20:42:32.114" intervalms="54.061">
  <response-info timems="0.070" idlems="0.070" threads="0" lastid="00000000022F5700" lastname="main" />
</exclusive-start>
<af-start id="3338" threadId="00000000022F6088" totalBytesRequested="32" timestamp="2019-07-02T20:42:32.114" intervalms="54.061" type="nursery" />
<cycle-start id="3339" type="scavenge" contextid="0" timestamp="2019-07-02T20:42:32.114" intervalms="54.081" />
  <attribute name="GC Util" value="1" />
  <attribute name="CPU Util" value="382790439971" />
  <attribute name="Time Running"value="13161"/>
  <attribute name="Number of cores"value="4"/>
<gc-start id="3340" type="scavenge" contextid="3339" timestamp="2019-07-02T20:42:32.114">
  <mem-info id="3341" free="7726032" total="44826624" percent="17">
    <mem type="nursery" free="0" total="18612224" percent="0">
      <mem type="allocate" free="0" total="16711680" percent="0" />
      <mem type="survivor" free="0" total="1900544" percent="0" />
    </mem>
    <mem type="tenure" free="7726032" total="26214400" percent="29">
      <mem type="soa" free="6415312" total="24903680" percent="25" />
      <mem type="loa" free="1310720" total="1310720" percent="100" />
    </mem>
    <remembered-set count="98" />
  </mem-info>
</gc-start>
<allocation-stats totalBytes="16671152" >
  <allocated-bytes non-tlh="24" tlh="16671128" />
  <largest-consumer threadName="main" threadId="00000000022F5700" bytes="16671152" />
</allocation-stats>
<gc-op id="3342" type="scavenge" timems="0.196" contextid="3339" timestamp="2019-07-02T20:42:32.115">
  <scavenger-info tenureage="3" tenuremask="fa08" tiltratio="89" />
  <memory-copied type="nursery" objects="28" bytes="840" bytesdiscarded="108216" />
  <memory-copied type="tenure" objects="30" bytes="704" bytesdiscarded="0" />
</gc-op>
<gc-end id="3343" type="scavenge" contextid="3339" durationms="0.706" usertimems="0.000" systemtimems="0.000" timestamp="2019-07-02T20:42:32.115" activeThreads="4">
  <mem-info id="3344" free="24328656" total="44826624" percent="54">
    <mem type="nursery" free="16602624" total="18612224" percent="89">
      <mem type="allocate" free="16602624" total="16711680" percent="99" />
      <mem type="survivor" free="0" total="1900544" percent="0" />
    </mem>
    <mem type="tenure" free="7726032" total="26214400" percent="29">
      <mem type="soa" free="6415312" total="24903680" percent="25" />
      <mem type="loa" free="1310720" total="1310720" percent="100" />
    </mem>
    <remembered-set count="89" />
  </mem-info>
</gc-end>
<cycle-end id="3345" type="scavenge" contextid="3339" timestamp="2019-07-02T20:42:32.115">
  <attribute name="GC Util" value="0" />
  <attribute name="CPU Util" value="340768289244" />
  <attribute name="Time Running"value="13215"/>
  <attribute name="Number of cores"value="4"/>
</cycle-end>
<allocation-satisfied id="3346" threadId="00000000022F5700" bytesRequested="32" />
<af-end id="3347" timestamp="2019-07-02T20:42:32.115" threadId="00000000022F6088" success="true" from="nursery"/>
<exclusive-end id="3348" timestamp="2019-07-02T20:42:32.115" durationms="1.711" />

<exclusive-start id="3349" timestamp="2019-07-02T20:42:32.171" intervalms="57.283">
  <response-info timems="0.081" idlems="0.081" threads="0" lastid="00000000022F5700" lastname="main" />
</exclusive-start>
<af-start id="3350" threadId="00000000022F6088" totalBytesRequested="24" timestamp="2019-07-02T20:42:32.171" intervalms="57.281" type="nursery" />
<cycle-start id="3351" type="scavenge" contextid="0" timestamp="2019-07-02T20:42:32.171" intervalms="57.224" />
  <attribute name="GC Util" value="0" />
  <attribute name="CPU Util" value="340768289244" />
  <attribute name="Time Running"value="13215"/>
  <attribute name="Number of cores"value="4"/>
<gc-start id="3352" type="scavenge" contextid="3351" timestamp="2019-07-02T20:42:32.171">
  <mem-info id="3353" free="7726032" total="44826624" percent="17">
    <mem type="nursery" free="0" total="18612224" percent="0">
      <mem type="allocate" free="0" total="16711680" percent="0" />
      <mem type="survivor" free="0" total="1900544" percent="0" />
    </mem>
    <mem type="tenure" free="7726032" total="26214400" percent="29">
      <mem type="soa" free="6415312" total="24903680" percent="25" />
      <mem type="loa" free="1310720" total="1310720" percent="100" />
    </mem>
    <remembered-set count="89" />
  </mem-info>
</gc-start>
<allocation-stats totalBytes="16601552" >
  <allocated-bytes non-tlh="32" tlh="16601520" />
  <largest-consumer threadName="main" threadId="00000000022F5700" bytes="16601552" />
</allocation-stats>
<gc-op id="3354" type="scavenge" timems="0.219" contextid="3351" timestamp="2019-07-02T20:42:32.172">
  <scavenger-info tenureage="10" tenuremask="f400" tiltratio="89" />
  <memory-copied type="nursery" objects="28" bytes="832" bytesdiscarded="77504" />
</gc-op>
<gc-end id="3355" type="scavenge" contextid="3351" durationms="0.663" usertimems="0.000" systemtimems="0.000" timestamp="2019-07-02T20:42:32.172" activeThreads="4">
  <mem-info id="3356" free="24359376" total="44826624" percent="54">
    <mem type="nursery" free="16633344" total="18612224" percent="89">
      <mem type="allocate" free="16633344" total="16711680" percent="99" />
      <mem type="survivor" free="0" total="1900544" percent="0" />
    </mem>
    <mem type="tenure" free="7726032" total="26214400" percent="29">
      <mem type="soa" free="6415312" total="24903680" percent="25" />
      <mem type="loa" free="1310720" total="1310720" percent="100" />
    </mem>
    <remembered-set count="89" />
  </mem-info>
</gc-end>
<cycle-end id="3357" type="scavenge" contextid="3351" timestamp="2019-07-02T20:42:32.172">
  <attribute name="GC Util" value="0" />
  <attribute name="CPU Util" value="322911295967" />
  <attribute name="Time Running"value="13272"/>
  <attribute name="Number of cores"value="4"/>
</cycle-end>
<allocation-satisfied id="3358" threadId="00000000022F5700" bytesRequested="24" />
<af-end id="3359" timestamp="2019-07-02T20:42:32.172" threadId="00000000022F6088" success="true" from="nursery"/>
<exclusive-end id="3360" timestamp="2019-07-02T20:42:32.172" durationms="1.485" />

<exclusive-start id="3361" timestamp="2019-07-02T20:42:32.228" intervalms="57.247">
  <response-info timems="0.067" idlems="0.067" threads="0" lastid="00000000022F5700" lastname="main" />
</exclusive-start>
<af-start id="3362" threadId="00000000022F6088" totalBytesRequested="24" timestamp="2019-07-02T20:42:32.228" intervalms="57.243" type="nursery" />
<cycle-start id="3363" type="scavenge" contextid="0" timestamp="2019-07-02T20:42:32.228" intervalms="57.269" />
  <attribute name="GC Util" value="0" />
  <attribute name="CPU Util" value="322911295967" />
  <attribute name="Time Running"value="13272"/>
  <attribute name="Number of cores"value="4"/>
<gc-start id="3364" type="scavenge" contextid="3363" timestamp="2019-07-02T20:42:32.229">
  <mem-info id="3365" free="7726032" total="44826624" percent="17">
    <mem type="nursery" free="0" total="18612224" percent="0">
      <mem type="allocate" free="0" total="16711680" percent="0" />
      <mem type="survivor" free="0" total="1900544" percent="0" />
    </mem>
    <mem type="tenure" free="7726032" total="26214400" percent="29">
      <mem type="soa" free="6415312" total="24903680" percent="25" />
      <mem type="loa" free="1310720" total="1310720" percent="100" />
    </mem>
    <remembered-set count="89" />
  </mem-info>
</gc-start>
<allocation-stats totalBytes="16632256" >
  <allocated-bytes non-tlh="24" tlh="16632232" />
  <largest-consumer threadName="main" threadId="00000000022F5700" bytes="16632256" />
</allocation-stats>
<gc-op id="3366" type="scavenge" timems="0.227" contextid="3363" timestamp="2019-07-02T20:42:32.229">
  <scavenger-info tenureage="10" tenuremask="fc00" tiltratio="89" />
  <memory-copied type="nursery" objects="28" bytes="840" bytesdiscarded="77496" />
</gc-op>
<gc-end id="3367" type="scavenge" contextid="3363" durationms="0.721" usertimems="0.000" systemtimems="0.000" timestamp="2019-07-02T20:42:32.229" activeThreads="4">
  <mem-info id="3368" free="24359376" total="44826624" percent="54">
    <mem type="nursery" free="16633344" total="18612224" percent="89">
      <mem type="allocate" free="16633344" total="16711680" percent="99" />
      <mem type="survivor" free="0" total="1900544" percent="0" />
    </mem>
    <mem type="tenure" free="7726032" total="26214400" percent="29">
      <mem type="soa" free="6415312" total="24903680" percent="25" />
      <mem type="loa" free="1310720" total="1310720" percent="100" />
    </mem>
    <remembered-set count="89" />
  </mem-info>
</gc-end>
<cycle-end id="3369" type="scavenge" contextid="3363" timestamp="2019-07-02T20:42:32.230">
  <attribute name="GC Util" value="0" />
  <attribute name="CPU Util" value="321932273027" />
  <attribute name="Time Running"value="13329"/>
  <attribute name="Number of cores"value="4"/>
</cycle-end>
<allocation-satisfied id="3370" threadId="00000000022F5700" bytesRequested="24" />
<af-end id="3371" timestamp="2019-07-02T20:42:32.230" threadId="00000000022F6088" success="true" from="nursery"/>
<exclusive-end id="3372" timestamp="2019-07-02T20:42:32.230" durationms="1.552" />

<exclusive-start id="3373" timestamp="2019-07-02T20:42:32.293" intervalms="65.038">
  <response-info timems="0.088" idlems="0.088" threads="0" lastid="00000000022F5700" lastname="main" />
</exclusive-start>
<af-start id="3374" threadId="00000000022F6088" totalBytesRequested="32" timestamp="2019-07-02T20:42:32.293" intervalms="65.024" type="nursery" />
<cycle-start id="3375" type="scavenge" contextid="0" timestamp="2019-07-02T20:42:32.293" intervalms="64.949" />
  <attribute name="GC Util" value="0" />
  <attribute name="CPU Util" value="321932273027" />
  <attribute name="Time Running"value="13329"/>
  <attribute name="Number of cores"value="4"/>
<gc-start id="3376" type="scavenge" contextid="3375" timestamp="2019-07-02T20:42:32.293">
  <mem-info id="3377" free="7726032" total="44826624" percent="17">
    <mem type="nursery" free="0" total="18612224" percent="0">
      <mem type="allocate" free="0" total="16711680" percent="0" />
      <mem type="survivor" free="0" total="1900544" percent="0" />
    </mem>
    <mem type="tenure" free="7726032" total="26214400" percent="29">
      <mem type="soa" free="6415312" total="24903680" percent="25" />
      <mem type="loa" free="1310720" total="1310720" percent="100" />
    </mem>
    <remembered-set count="91" />
  </mem-info>
</gc-start>
<allocation-stats totalBytes="16632208" >
  <allocated-bytes non-tlh="24" tlh="16632184" />
  <largest-consumer threadName="main" threadId="00000000022F5700" bytes="16632208" />
</allocation-stats>
<gc-op id="3378" type="scavenge" timems="0.205" contextid="3375" timestamp="2019-07-02T20:42:32.294">
  <scavenger-info tenureage="3" tenuremask="f808" tiltratio="89" />
  <memory-copied type="nursery" objects="26" bytes="816" bytesdiscarded="38352" />
  <memory-copied type="tenure" objects="7" bytes="160" bytesdiscarded="0" />
</gc-op>
<gc-end id="3379" type="scavenge" contextid="3375" durationms="0.429" usertimems="0.000" systemtimems="0.000" timestamp="2019-07-02T20:42:32.294" activeThreads="4">
  <mem-info id="3380" free="24398544" total="44826624" percent="54">
    <mem type="nursery" free="16672512" total="18612224" percent="89">
      <mem type="allocate" free="16672512" total="16711680" percent="99" />
      <mem type="survivor" free="0" total="1900544" percent="0" />
    </mem>
    <mem type="tenure" free="7726032" total="26214400" percent="29">
      <mem type="soa" free="6415312" total="24903680" percent="25" />
      <mem type="loa" free="1310720" total="1310720" percent="100" />
    </mem>
    <remembered-set count="89" />
  </mem-info>
</gc-end>
<cycle-end id="3381" type="scavenge" contextid="3375" timestamp="2019-07-02T20:42:32.294">
  <attribute name="GC Util" value="0" />
  <attribute name="CPU Util" value="285391130718" />
  <attribute name="Time Running"value="13394"/>
  <attribute name="Number of cores"value="4"/>
</cycle-end>
<allocation-satisfied id="3382" threadId="00000000022F5700" bytesRequested="32" />
<af-end id="3383" timestamp="2019-07-02T20:42:32.294" threadId="00000000022F6088" success="true" from="nursery"/>
<exclusive-end id="3384" timestamp="2019-07-02T20:42:32.294" durationms="1.053" />

<exclusive-start id="3385" timestamp="2019-07-02T20:42:32.354" intervalms="60.485">
  <response-info timems="0.070" idlems="0.070" threads="0" lastid="00000000022F5700" lastname="main" />
</exclusive-start>
<af-start id="3386" threadId="00000000022F6088" totalBytesRequested="32" timestamp="2019-07-02T20:42:32.354" intervalms="60.532" type="nursery" />
<cycle-start id="3387" type="scavenge" contextid="0" timestamp="2019-07-02T20:42:32.354" intervalms="60.610" />
  <attribute name="GC Util" value="0" />
  <attribute name="CPU Util" value="285391130718" />
  <attribute name="Time Running"value="13394"/>
  <attribute name="Number of cores"value="4"/>
<gc-start id="3388" type="scavenge" contextid="3387" timestamp="2019-07-02T20:42:32.354">
  <mem-info id="3389" free="7726032" total="44826624" percent="17">
    <mem type="nursery" free="0" total="18612224" percent="0">
      <mem type="allocate" free="0" total="16711680" percent="0" />
      <mem type="survivor" free="0" total="1900544" percent="0" />
    </mem>
    <mem type="tenure" free="7726032" total="26214400" percent="29">
      <mem type="soa" free="6415312" total="24903680" percent="25" />
      <mem type="loa" free="1310720" total="1310720" percent="100" />
    </mem>
    <remembered-set count="89" />
  </mem-info>
</gc-start>
<allocation-stats totalBytes="16671248" >
  <allocated-bytes non-tlh="32" tlh="16671216" />
  <largest-consumer threadName="main" threadId="00000000022F5700" bytes="16671248" />
</allocation-stats>
<gc-op id="3390" type="scavenge" timems="0.253" contextid="3387" timestamp="2019-07-02T20:42:32.355">
  <scavenger-info tenureage="10" tenuremask="f400" tiltratio="89" />
  <memory-copied type="nursery" objects="26" bytes="816" bytesdiscarded="38352" />
</gc-op>
<gc-end id="3391" type="scavenge" contextid="3387" durationms="0.789" usertimems="4.000" systemtimems="0.000" timestamp="2019-07-02T20:42:32.355" activeThreads="4">
  <mem-info id="3392" free="24398544" total="44826624" percent="54">
    <mem type="nursery" free="16672512" total="18612224" percent="89">
      <mem type="allocate" free="16672512" total="16711680" percent="99" />
      <mem type="survivor" free="0" total="1900544" percent="0" />
    </mem>
    <mem type="tenure" free="7726032" total="26214400" percent="29">
      <mem type="soa" free="6415312" total="24903680" percent="25" />
      <mem type="loa" free="1310720" total="1310720" percent="100" />
    </mem>
    <remembered-set count="89" />
  </mem-info>
</gc-end>
<cycle-end id="3393" type="scavenge" contextid="3387" timestamp="2019-07-02T20:42:32.355">
  <attribute name="GC Util" value="0" />
  <attribute name="CPU Util" value="302311194929" />
  <attribute name="Time Running"value="13455"/>
  <attribute name="Number of cores"value="4"/>
</cycle-end>
<allocation-satisfied id="3394" threadId="00000000022F5700" bytesRequested="32" />
<af-end id="3395" timestamp="2019-07-02T20:42:32.355" threadId="00000000022F6088" success="true" from="nursery"/>
<exclusive-end id="3396" timestamp="2019-07-02T20:42:32.355" durationms="1.734" />

<exclusive-start id="3397" timestamp="2019-07-02T20:42:32.415" intervalms="61.602">
  <response-info timems="0.067" idlems="0.067" threads="0" lastid="00000000022F5700" lastname="main" />
</exclusive-start>
<af-start id="3398" threadId="00000000022F6088" totalBytesRequested="32" timestamp="2019-07-02T20:42:32.415" intervalms="61.576" type="nursery" />
<cycle-start id="3399" type="scavenge" contextid="0" timestamp="2019-07-02T20:42:32.416" intervalms="61.584" />
  <attribute name="GC Util" value="0" />
  <attribute name="CPU Util" value="302311194929" />
  <attribute name="Time Running"value="13455"/>
  <attribute name="Number of cores"value="4"/>
<gc-start id="3400" type="scavenge" contextid="3399" timestamp="2019-07-02T20:42:32.416">
  <mem-info id="3401" free="7726032" total="44826624" percent="17">
    <mem type="nursery" free="0" total="18612224" percent="0">
      <mem type="allocate" free="0" total="16711680" percent="0" />
      <mem type="survivor" free="0" total="1900544" percent="0" />
    </mem>
    <mem type="tenure" free="7726032" total="26214400" percent="29">
      <mem type="soa" free="6415312" total="24903680" percent="25" />
      <mem type="loa" free="1310720" total="1310720" percent="100" />
    </mem>
    <remembered-set count="89" />
  </mem-info>
</gc-start>
<allocation-stats totalBytes="16671200" >
  <allocated-bytes non-tlh="32" tlh="16671168" />
  <largest-consumer threadName="main" threadId="00000000022F5700" bytes="16671200" />
</allocation-stats>
<gc-op id="3402" type="scavenge" timems="0.212" contextid="3399" timestamp="2019-07-02T20:42:32.416">
  <scavenger-info tenureage="11" tenuremask="e800" tiltratio="89" />
  <memory-copied type="nursery" objects="29" bytes="896" bytesdiscarded="77440" />
</gc-op>
<gc-end id="3403" type="scavenge" contextid="3399" durationms="0.747" usertimems="0.000" systemtimems="0.000" timestamp="2019-07-02T20:42:32.417" activeThreads="4">
  <mem-info id="3404" free="24359376" total="44826624" percent="54">
    <mem type="nursery" free="16633344" total="18612224" percent="89">
      <mem type="allocate" free="16633344" total="16711680" percent="99" />
      <mem type="survivor" free="0" total="1900544" percent="0" />
    </mem>
    <mem type="tenure" free="7726032" total="26214400" percent="29">
      <mem type="soa" free="6415312" total="24903680" percent="25" />
      <mem type="loa" free="1310720" total="1310720" percent="100" />
    </mem>
    <remembered-set count="89" />
  </mem-info>
</gc-end>
<cycle-end id="3405" type="scavenge" contextid="3399" timestamp="2019-07-02T20:42:32.417">
  <attribute name="GC Util" value="1" />
  <attribute name="CPU Util" value="299667358185" />
  <attribute name="Time Running"value="13516"/>
  <attribute name="Number of cores"value="4"/>
</cycle-end>
<allocation-satisfied id="3406" threadId="00000000022F5700" bytesRequested="32" />
<af-end id="3407" timestamp="2019-07-02T20:42:32.417" threadId="00000000022F6088" success="true" from="nursery"/>
<exclusive-end id="3408" timestamp="2019-07-02T20:42:32.417" durationms="1.753" />

<exclusive-start id="3409" timestamp="2019-07-02T20:42:32.814" intervalms="398.534">
  <response-info timems="0.076" idlems="0.076" threads="0" lastid="00000000022F5700" lastname="main" />
</exclusive-start>
<af-start id="3410" threadId="00000000022F6088" totalBytesRequested="520" timestamp="2019-07-02T20:42:32.814" intervalms="398.587" type="nursery" />
<cycle-start id="3411" type="scavenge" contextid="0" timestamp="2019-07-02T20:42:32.814" intervalms="398.635" />
  <attribute name="GC Util" value="1" />
  <attribute name="CPU Util" value="299667358185" />
  <attribute name="Time Running"value="13516"/>
  <attribute name="Number of cores"value="4"/>
<gc-start id="3412" type="scavenge" contextid="3411" timestamp="2019-07-02T20:42:32.814">
  <mem-info id="3413" free="7725672" total="44826624" percent="17">
    <mem type="nursery" free="0" total="18612224" percent="0">
      <mem type="allocate" free="0" total="16711680" percent="0" />
      <mem type="survivor" free="0" total="1900544" percent="0" />
    </mem>
    <mem type="tenure" free="7725672" total="26214400" percent="29">
      <mem type="soa" free="6414952" total="24903680" percent="25" />
      <mem type="loa" free="1310720" total="1310720" percent="100" />
    </mem>
    <remembered-set count="102" />
  </mem-info>
</gc-start>
<allocation-stats totalBytes="16631488" >
  <allocated-bytes non-tlh="392" tlh="16631096" />
  <largest-consumer threadName="main" threadId="00000000022F5700" bytes="16631488" />
</allocation-stats>
<gc-op id="3414" type="scavenge" timems="0.341" contextid="3411" timestamp="2019-07-02T20:42:32.815">
  <scavenger-info tenureage="3" tenuremask="f408" tiltratio="89" />
  <memory-copied type="nursery" objects="53" bytes="2200" bytesdiscarded="106856" />
  <memory-copied type="tenure" objects="7" bytes="160" bytesdiscarded="0" />
  <references type="weak" candidates="4" cleared="0" enqueued="0" />
</gc-op>
<gc-end id="3415" type="scavenge" contextid="3411" durationms="0.959" usertimems="0.000" systemtimems="0.000" timestamp="2019-07-02T20:42:32.815" activeThreads="4">
  <mem-info id="3416" free="24328296" total="44826624" percent="54">
    <mem type="nursery" free="16602624" total="18612224" percent="89">
      <mem type="allocate" free="16602624" total="16711680" percent="99" />
      <mem type="survivor" free="0" total="1900544" percent="0" />
    </mem>
    <mem type="tenure" free="7725672" total="26214400" percent="29">
      <mem type="soa" free="6414952" total="24903680" percent="25" />
      <mem type="loa" free="1310720" total="1310720" percent="100" />
    </mem>
    <remembered-set count="100" />
  </mem-info>
</gc-end>
<cycle-end id="3417" type="scavenge" contextid="3411" timestamp="2019-07-02T20:42:32.816">
  <attribute name="GC Util" value="0" />
  <attribute name="CPU Util" value="46269499431" />
  <attribute name="Time Running"value="13915"/>
  <attribute name="Number of cores"value="4"/>
</cycle-end>
<allocation-satisfied id="3418" threadId="00000000022F5700" bytesRequested="520" />
<af-end id="3419" timestamp="2019-07-02T20:42:32.816" threadId="00000000022F6088" success="true" from="nursery"/>
<exclusive-end id="3420" timestamp="2019-07-02T20:42:32.816" durationms="2.085" />

<exclusive-start id="3421" timestamp="2019-07-02T20:42:32.858" intervalms="44.687">
  <response-info timems="0.072" idlems="0.072" threads="0" lastid="00000000022F5700" lastname="main" />
</exclusive-start>
<af-start id="3422" threadId="00000000022F6088" totalBytesRequested="32" timestamp="2019-07-02T20:42:32.859" intervalms="44.643" type="nursery" />
<cycle-start id="3423" type="scavenge" contextid="0" timestamp="2019-07-02T20:42:32.859" intervalms="44.616" />
  <attribute name="GC Util" value="0" />
  <attribute name="CPU Util" value="46269499431" />
  <attribute name="Time Running"value="13915"/>
  <attribute name="Number of cores"value="4"/>
<gc-start id="3424" type="scavenge" contextid="3423" timestamp="2019-07-02T20:42:32.859">
  <mem-info id="3425" free="7725672" total="44826624" percent="17">
    <mem type="nursery" free="0" total="18612224" percent="0">
      <mem type="allocate" free="0" total="16711680" percent="0" />
      <mem type="survivor" free="0" total="1900544" percent="0" />
    </mem>
    <mem type="tenure" free="7725672" total="26214400" percent="29">
      <mem type="soa" free="6414952" total="24903680" percent="25" />
      <mem type="loa" free="1310720" total="1310720" percent="100" />
    </mem>
    <remembered-set count="100" />
  </mem-info>
</gc-start>
<allocation-stats totalBytes="16590840" >
  <allocated-bytes non-tlh="520" tlh="16590320" />
  <largest-consumer threadName="main" threadId="00000000022F5700" bytes="16590840" />
</allocation-stats>
<gc-op id="3426" type="scavenge" timems="0.234" contextid="3423" timestamp="2019-07-02T20:42:32.860">
  <scavenger-info tenureage="3" tenuremask="ffe8" tiltratio="89" />
  <memory-copied type="nursery" objects="56" bytes="2352" bytesdiscarded="137424" />
  <references type="weak" candidates="4" cleared="0" enqueued="0" />
</gc-op>
<gc-end id="3427" type="scavenge" contextid="3423" durationms="0.803" usertimems="0.000" systemtimems="0.000" timestamp="2019-07-02T20:42:32.860" activeThreads="4">
  <mem-info id="3428" free="24297576" total="44826624" percent="54">
    <mem type="nursery" free="16571904" total="18612224" percent="89">
      <mem type="allocate" free="16571904" total="16711680" percent="99" />
      <mem type="survivor" free="0" total="1900544" percent="0" />
    </mem>
    <mem type="tenure" free="7725672" total="26214400" percent="29">
      <mem type="soa" free="6414952" total="24903680" percent="25" />
      <mem type="loa" free="1310720" total="1310720" percent="100" />
    </mem>
    <remembered-set count="100" />
  </mem-info>
</gc-end>
<cycle-end id="3429" type="scavenge" contextid="3423" timestamp="2019-07-02T20:42:32.860">
  <attribute name="GC Util" value="1" />
  <attribute name="CPU Util" value="413830164789" />
  <attribute name="Time Running"value="13960"/>
  <attribute name="Number of cores"value="4"/>
</cycle-end>
<allocation-satisfied id="3430" threadId="00000000022F5700" bytesRequested="32" />
<af-end id="3431" timestamp="2019-07-02T20:42:32.860" threadId="00000000022F6088" success="true" from="nursery"/>
<exclusive-end id="3432" timestamp="2019-07-02T20:42:32.860" durationms="1.666" />

<exclusive-start id="3433" timestamp="2019-07-02T20:42:32.894" intervalms="35.591">
  <response-info timems="0.091" idlems="0.091" threads="0" lastid="00000000022F5700" lastname="main" />
</exclusive-start>
<af-start id="3434" threadId="00000000022F6088" totalBytesRequested="528" timestamp="2019-07-02T20:42:32.894" intervalms="35.599" type="nursery" />
<cycle-start id="3435" type="scavenge" contextid="0" timestamp="2019-07-02T20:42:32.894" intervalms="35.597" />
  <attribute name="GC Util" value="1" />
  <attribute name="CPU Util" value="413830164789" />
  <attribute name="Time Running"value="13960"/>
  <attribute name="Number of cores"value="4"/>
<gc-start id="3436" type="scavenge" contextid="3435" timestamp="2019-07-02T20:42:32.895">
  <mem-info id="3437" free="7725672" total="44826624" percent="17">
    <mem type="nursery" free="0" total="18612224" percent="0">
      <mem type="allocate" free="0" total="16711680" percent="0" />
      <mem type="survivor" free="0" total="1900544" percent="0" />
    </mem>
    <mem type="tenure" free="7725672" total="26214400" percent="29">
      <mem type="soa" free="6414952" total="24903680" percent="25" />
      <mem type="loa" free="1310720" total="1310720" percent="100" />
    </mem>
    <remembered-set count="100" />
  </mem-info>
</gc-start>
<allocation-stats totalBytes="16562184" >
  <allocated-bytes non-tlh="32" tlh="16562152" />
  <largest-consumer threadName="main" threadId="00000000022F5700" bytes="16562184" />
</allocation-stats>
<gc-op id="3438" type="scavenge" timems="0.278" contextid="3435" timestamp="2019-07-02T20:42:32.895">
  <scavenger-info tenureage="3" tenuremask="fff8" tiltratio="89" />
  <memory-copied type="nursery" objects="57" bytes="3792" bytesdiscarded="135984" />
  <references type="weak" candidates="4" cleared="0" enqueued="0" />
</gc-op>
<gc-end id="3439" type="scavenge" contextid="3435" durationms="0.821" usertimems="0.000" systemtimems="0.000" timestamp="2019-07-02T20:42:32.895" activeThreads="4">
  <mem-info id="3440" free="24297576" total="44826624" percent="54">
    <mem type="nursery" free="16571904" total="18612224" percent="89">
      <mem type="allocate" free="16571904" total="16711680" percent="99" />
      <mem type="survivor" free="0" total="1900544" percent="0" />
    </mem>
    <mem type="tenure" free="7725672" total="26214400" percent="29">
      <mem type="soa" free="6414952" total="24903680" percent="25" />
      <mem type="loa" free="1310720" total="1310720" percent="100" />
    </mem>
    <remembered-set count="94" />
  </mem-info>
</gc-end>
<cycle-end id="3441" type="scavenge" contextid="3435" timestamp="2019-07-02T20:42:32.896">
  <attribute name="GC Util" value="1" />
  <attribute name="CPU Util" value="517873510409" />
  <attribute name="Time Running"value="13995"/>
  <attribute name="Number of cores"value="4"/>
</cycle-end>
<allocation-satisfied id="3442" threadId="00000000022F5700" bytesRequested="528" />
<af-end id="3443" timestamp="2019-07-02T20:42:32.896" threadId="00000000022F6088" success="true" from="nursery"/>
<exclusive-end id="3444" timestamp="2019-07-02T20:42:32.896" durationms="1.774" />

<exclusive-start id="3445" timestamp="2019-07-02T20:42:32.922" intervalms="27.850">
  <response-info timems="0.080" idlems="0.080" threads="0" lastid="00000000022F5700" lastname="main" />
</exclusive-start>
<af-start id="3446" threadId="00000000022F6088" totalBytesRequested="16" timestamp="2019-07-02T20:42:32.922" intervalms="27.847" type="nursery" />
<cycle-start id="3447" type="scavenge" contextid="0" timestamp="2019-07-02T20:42:32.922" intervalms="27.849" />
  <attribute name="GC Util" value="1" />
  <attribute name="CPU Util" value="517873510409" />
  <attribute name="Time Running"value="13995"/>
  <attribute name="Number of cores"value="4"/>
<gc-start id="3448" type="scavenge" contextid="3447" timestamp="2019-07-02T20:42:32.922">
  <mem-info id="3449" free="7725672" total="44826624" percent="17">
    <mem type="nursery" free="0" total="18612224" percent="0">
      <mem type="allocate" free="0" total="16711680" percent="0" />
      <mem type="survivor" free="0" total="1900544" percent="0" />
    </mem>
    <mem type="tenure" free="7725672" total="26214400" percent="29">
      <mem type="soa" free="6414952" total="24903680" percent="25" />
      <mem type="loa" free="1310720" total="1310720" percent="100" />
    </mem>
    <remembered-set count="94" />
  </mem-info>
</gc-start>
<allocation-stats totalBytes="16562856" >
  <allocated-bytes non-tlh="528" tlh="16562328" />
  <largest-consumer threadName="main" threadId="00000000022F5700" bytes="16562856" />
</allocation-stats>
<gc-op id="3450" type="scavenge" timems="0.246" contextid="3447" timestamp="2019-07-02T20:42:32.923">
  <scavenger-info tenureage="3" tenuremask="fff8" tiltratio="89" />
  <memory-copied type="nursery" objects="3" bytes="264" bytesdiscarded="69624" />
  <memory-copied type="tenure" objects="52" bytes="2168" bytesdiscarded="0" />
</gc-op>
<gc-end id="3451" type="scavenge" contextid="3447" durationms="0.788" usertimems="0.000" systemtimems="0.000" timestamp="2019-07-02T20:42:32.923" activeThreads="4">
  <mem-info id="3452" free="24367464" total="44826624" percent="54">
    <mem type="nursery" free="16641792" total="18612224" percent="89">
      <mem type="allocate" free="16641792" total="16711680" percent="99" />
      <mem type="survivor" free="0" total="1900544" percent="0" />
    </mem>
    <mem type="tenure" free="7725672" total="26214400" percent="29">
      <mem type="soa" free="6414952" total="24903680" percent="25" />
      <mem type="loa" free="1310720" total="1310720" percent="100" />
    </mem>
    <remembered-set count="92" />
  </mem-info>
</gc-end>
<cycle-end id="3453" type="scavenge" contextid="3447" timestamp="2019-07-02T20:42:32.923">
  <attribute name="GC Util" value="2" />
  <attribute name="CPU Util" value="663885964130" />
  <attribute name="Time Running"value="14023"/>
  <attribute name="Number of cores"value="4"/>
</cycle-end>
<allocation-satisfied id="3454" threadId="00000000022F5700" bytesRequested="16" />
<af-end id="3455" timestamp="2019-07-02T20:42:32.924" threadId="00000000022F6088" success="true" from="nursery"/>
<exclusive-end id="3456" timestamp="2019-07-02T20:42:32.924" durationms="1.822" />

<exclusive-start id="3457" timestamp="2019-07-02T20:42:32.950" intervalms="27.819">
  <response-info timems="0.057" idlems="0.057" threads="0" lastid="00000000022F5700" lastname="main" />
</exclusive-start>
<af-start id="3458" threadId="00000000022F6088" totalBytesRequested="520" timestamp="2019-07-02T20:42:32.950" intervalms="27.794" type="nursery" />
<cycle-start id="3459" type="scavenge" contextid="0" timestamp="2019-07-02T20:42:32.950" intervalms="27.796" />
  <attribute name="GC Util" value="2" />
  <attribute name="CPU Util" value="663885964130" />
  <attribute name="Time Running"value="14023"/>
  <attribute name="Number of cores"value="4"/>
<gc-start id="3460" type="scavenge" contextid="3459" timestamp="2019-07-02T20:42:32.950">
  <mem-info id="3461" free="7725672" total="44826624" percent="17">
    <mem type="nursery" free="0" total="18612224" percent="0">
      <mem type="allocate" free="0" total="16711680" percent="0" />
      <mem type="survivor" free="0" total="1900544" percent="0" />
    </mem>
    <mem type="tenure" free="7725672" total="26214400" percent="29">
      <mem type="soa" free="6414952" total="24903680" percent="25" />
      <mem type="loa" free="1310720" total="1310720" percent="100" />
    </mem>
    <remembered-set count="92" />
  </mem-info>
</gc-start>
<allocation-stats totalBytes="16632944" >
  <allocated-bytes non-tlh="16" tlh="16632928" />
  <largest-consumer threadName="main" threadId="00000000022F5700" bytes="16632944" />
</allocation-stats>
<gc-op id="3462" type="scavenge" timems="0.189" contextid="3459" timestamp="2019-07-02T20:42:32.951">
  <scavenger-info tenureage="3" tenuremask="ffe8" tiltratio="89" />
  <memory-copied type="nursery" objects="3" bytes="576" bytesdiscarded="38592" />
</gc-op>
<gc-end id="3463" type="scavenge" contextid="3459" durationms="0.665" usertimems="0.000" systemtimems="0.000" timestamp="2019-07-02T20:42:32.951" activeThreads="4">
  <mem-info id="3464" free="24398184" total="44826624" percent="54">
    <mem type="nursery" free="16672512" total="18612224" percent="89">
      <mem type="allocate" free="16672512" total="16711680" percent="99" />
      <mem type="survivor" free="0" total="1900544" percent="0" />
    </mem>
    <mem type="tenure" free="7725672" total="26214400" percent="29">
      <mem type="soa" free="6414952" total="24903680" percent="25" />
      <mem type="loa" free="1310720" total="1310720" percent="100" />
    </mem>
    <remembered-set count="92" />
  </mem-info>
</gc-end>
<cycle-end id="3465" type="scavenge" contextid="3459" timestamp="2019-07-02T20:42:32.951">
  <attribute name="GC Util" value="1" />
  <attribute name="CPU Util" value="664466995873" />
  <attribute name="Time Running"value="14051"/>
  <attribute name="Number of cores"value="4"/>
</cycle-end>
<allocation-satisfied id="3466" threadId="00000000022F5700" bytesRequested="520" />
<af-end id="3467" timestamp="2019-07-02T20:42:32.951" threadId="00000000022F6088" success="true" from="nursery"/>
<exclusive-end id="3468" timestamp="2019-07-02T20:42:32.951" durationms="1.570" />

<exclusive-start id="3469" timestamp="2019-07-02T20:42:32.978" intervalms="27.785">
  <response-info timems="0.071" idlems="0.071" threads="0" lastid="00000000022F5700" lastname="main" />
</exclusive-start>
<af-start id="3470" threadId="00000000022F6088" totalBytesRequested="32" timestamp="2019-07-02T20:42:32.978" intervalms="27.772" type="nursery" />
<cycle-start id="3471" type="scavenge" contextid="0" timestamp="2019-07-02T20:42:32.978" intervalms="27.749" />
  <attribute name="GC Util" value="1" />
  <attribute name="CPU Util" value="664466995873" />
  <attribute name="Time Running"value="14051"/>
  <attribute name="Number of cores"value="4"/>
<gc-start id="3472" type="scavenge" contextid="3471" timestamp="2019-07-02T20:42:32.978">
  <mem-info id="3473" free="7725672" total="44826624" percent="17">
    <mem type="nursery" free="0" total="18612224" percent="0">
      <mem type="allocate" free="0" total="16711680" percent="0" />
      <mem type="survivor" free="0" total="1900544" percent="0" />
    </mem>
    <mem type="tenure" free="7725672" total="26214400" percent="29">
      <mem type="soa" free="6414952" total="24903680" percent="25" />
      <mem type="loa" free="1310720" total="1310720" percent="100" />
    </mem>
    <remembered-set count="92" />
  </mem-info>
</gc-start>
<allocation-stats totalBytes="16663328" >
  <allocated-bytes non-tlh="520" tlh="16662808" />
  <largest-consumer threadName="main" threadId="00000000022F5700" bytes="16663328" />
</allocation-stats>
<gc-op id="3474" type="scavenge" timems="0.180" contextid="3471" timestamp="2019-07-02T20:42:32.978">
  <scavenger-info tenureage="3" tenuremask="fff8" tiltratio="89" />
  <memory-copied type="nursery" objects="1" bytes="24" bytesdiscarded="39144" />
</gc-op>
<gc-end id="3475" type="scavenge" contextid="3471" durationms="0.613" usertimems="4.000" systemtimems="0.000" timestamp="2019-07-02T20:42:32.979" activeThreads="4">
  <mem-info id="3476" free="24398184" total="44826624" percent="54">
    <mem type="nursery" free="16672512" total="18612224" percent="89">
      <mem type="allocate" free="16672512" total="16711680" percent="99" />
      <mem type="survivor" free="0" total="1900544" percent="0" />
    </mem>
    <mem type="tenure" free="7725672" total="26214400" percent="29">
      <mem type="soa" free="6414952" total="24903680" percent="25" />
      <mem type="loa" free="1310720" total="1310720" percent="100" />
    </mem>
    <remembered-set count="91" />
  </mem-info>
</gc-end>
<cycle-end id="3477" type="scavenge" contextid="3471" timestamp="2019-07-02T20:42:32.979">
  <attribute name="GC Util" value="1" />
  <attribute name="CPU Util" value="666276053942" />
  <attribute name="Time Running"value="14078"/>
  <attribute name="Number of cores"value="4"/>
</cycle-end>
<allocation-satisfied id="3478" threadId="00000000022F5700" bytesRequested="32" />
<af-end id="3479" timestamp="2019-07-02T20:42:32.979" threadId="00000000022F6088" success="true" from="nursery"/>
<exclusive-end id="3480" timestamp="2019-07-02T20:42:32.979" durationms="1.455" />

<exclusive-start id="3481" timestamp="2019-07-02T20:42:33.102" intervalms="124.870">
  <response-info timems="0.079" idlems="0.079" threads="0" lastid="00000000022F5700" lastname="main" />
</exclusive-start>
<af-start id="3482" threadId="00000000022F6088" totalBytesRequested="32" timestamp="2019-07-02T20:42:33.103" intervalms="124.947" type="nursery" />
<cycle-start id="3483" type="scavenge" contextid="0" timestamp="2019-07-02T20:42:33.103" intervalms="124.978" />
  <attribute name="GC Util" value="1" />
  <attribute name="CPU Util" value="666276053942" />
  <attribute name="Time Running"value="14078"/>
  <attribute name="Number of cores"value="4"/>
<gc-start id="3484" type="scavenge" contextid="3483" timestamp="2019-07-02T20:42:33.103">
  <mem-info id="3485" free="7725672" total="44826624" percent="17">
    <mem type="nursery" free="0" total="18612224" percent="0">
      <mem type="allocate" free="0" total="16711680" percent="0" />
      <mem type="survivor" free="0" total="1900544" percent="0" />
    </mem>
    <mem type="tenure" free="7725672" total="26214400" percent="29">
      <mem type="soa" free="6414952" total="24903680" percent="25" />
      <mem type="loa" free="1310720" total="1310720" percent="100" />
    </mem>
    <remembered-set count="97" />
  </mem-info>
</gc-start>
<allocation-stats totalBytes="16667640" >
  <allocated-bytes non-tlh="32" tlh="16667608" />
  <largest-consumer threadName="main" threadId="00000000022F5700" bytes="16667640" />
</allocation-stats>
<gc-op id="3486" type="scavenge" timems="0.255" contextid="3483" timestamp="2019-07-02T20:42:33.104">
  <scavenger-info tenureage="3" tenuremask="fff8" tiltratio="89" />
  <memory-copied type="nursery" objects="41" bytes="1248" bytesdiscarded="107808" />
  <references type="weak" candidates="14" cleared="0" enqueued="0" />
</gc-op>
<gc-end id="3487" type="scavenge" contextid="3483" durationms="0.772" usertimems="0.000" systemtimems="0.000" timestamp="2019-07-02T20:42:33.104" activeThreads="4">
  <mem-info id="3488" free="24328296" total="44826624" percent="54">
    <mem type="nursery" free="16602624" total="18612224" percent="89">
      <mem type="allocate" free="16602624" total="16711680" percent="99" />
      <mem type="survivor" free="0" total="1900544" percent="0" />
    </mem>
    <mem type="tenure" free="7725672" total="26214400" percent="29">
      <mem type="soa" free="6414952" total="24903680" percent="25" />
      <mem type="loa" free="1310720" total="1310720" percent="100" />
    </mem>
    <remembered-set count="97" />
  </mem-info>
</gc-end>
<cycle-end id="3489" type="scavenge" contextid="3483" timestamp="2019-07-02T20:42:33.104">
  <attribute name="GC Util" value="0" />
  <attribute name="CPU Util" value="147504917680" />
  <attribute name="Time Running"value="14204"/>
  <attribute name="Number of cores"value="4"/>
</cycle-end>
<allocation-satisfied id="3490" threadId="00000000022F5700" bytesRequested="32" />
<af-end id="3491" timestamp="2019-07-02T20:42:33.104" threadId="00000000022F6088" success="true" from="nursery"/>
<exclusive-end id="3492" timestamp="2019-07-02T20:42:33.104" durationms="1.726" />

<exclusive-start id="3493" timestamp="2019-07-02T20:42:33.183" intervalms="80.422">
  <response-info timems="0.076" idlems="0.076" threads="0" lastid="00000000022F5700" lastname="main" />
</exclusive-start>
<af-start id="3494" threadId="00000000022F6088" totalBytesRequested="544" timestamp="2019-07-02T20:42:33.183" intervalms="80.353" type="nursery" />
<cycle-start id="3495" type="scavenge" contextid="0" timestamp="2019-07-02T20:42:33.183" intervalms="80.338" />
  <attribute name="GC Util" value="0" />
  <attribute name="CPU Util" value="147504917680" />
  <attribute name="Time Running"value="14204"/>
  <attribute name="Number of cores"value="4"/>
<gc-start id="3496" type="scavenge" contextid="3495" timestamp="2019-07-02T20:42:33.183">
  <mem-info id="3497" free="7725672" total="44826624" percent="17">
    <mem type="nursery" free="0" total="18612224" percent="0">
      <mem type="allocate" free="0" total="16711680" percent="0" />
      <mem type="survivor" free="0" total="1900544" percent="0" />
    </mem>
    <mem type="tenure" free="7725672" total="26214400" percent="29">
      <mem type="soa" free="6414952" total="24903680" percent="25" />
      <mem type="loa" free="1310720" total="1310720" percent="100" />
    </mem>
    <remembered-set count="99" />
  </mem-info>
</gc-start>
<allocation-stats totalBytes="16598696" >
  <allocated-bytes non-tlh="32" tlh="16598664" />
  <largest-consumer threadName="main" threadId="00000000022F5700" bytes="16598696" />
</allocation-stats>
<gc-op id="3498" type="scavenge" timems="0.203" contextid="3495" timestamp="2019-07-02T20:42:33.184">
  <scavenger-info tenureage="3" tenuremask="fff8" tiltratio="89" />
  <memory-copied type="nursery" objects="47" bytes="1928" bytesdiscarded="76408" />
  <references type="weak" candidates="14" cleared="0" enqueued="0" />
</gc-op>
<gc-end id="3499" type="scavenge" contextid="3495" durationms="0.678" usertimems="0.000" systemtimems="0.000" timestamp="2019-07-02T20:42:33.184" activeThreads="4">
  <mem-info id="3500" free="24359016" total="44826624" percent="54">
    <mem type="nursery" free="16633344" total="18612224" percent="89">
      <mem type="allocate" free="16633344" total="16711680" percent="99" />
      <mem type="survivor" free="0" total="1900544" percent="0" />
    </mem>
    <mem type="tenure" free="7725672" total="26214400" percent="29">
      <mem type="soa" free="6414952" total="24903680" percent="25" />
      <mem type="loa" free="1310720" total="1310720" percent="100" />
    </mem>
    <remembered-set count="94" />
  </mem-info>
</gc-end>
<cycle-end id="3501" type="scavenge" contextid="3495" timestamp="2019-07-02T20:42:33.184">
  <attribute name="GC Util" value="0" />
  <attribute name="CPU Util" value="229952164818" />
  <attribute name="Time Running"value="14284"/>
  <attribute name="Number of cores"value="4"/>
</cycle-end>
<allocation-satisfied id="3502" threadId="00000000022F5700" bytesRequested="544" />
<af-end id="3503" timestamp="2019-07-02T20:42:33.184" threadId="00000000022F6088" success="true" from="nursery"/>
<exclusive-end id="3504" timestamp="2019-07-02T20:42:33.184" durationms="1.621" />

<exclusive-start id="3505" timestamp="2019-07-02T20:42:33.194" intervalms="10.859">
  <response-info timems="0.074" idlems="0.074" threads="0" lastid="00000000022F5700" lastname="main" />
</exclusive-start>
<af-start id="3506" threadId="00000000022F6088" totalBytesRequested="488" timestamp="2019-07-02T20:42:33.194" intervalms="10.875" type="nursery" />
<cycle-start id="3507" type="scavenge" contextid="0" timestamp="2019-07-02T20:42:33.194" intervalms="10.880" />
  <attribute name="GC Util" value="0" />
  <attribute name="CPU Util" value="229952164818" />
  <attribute name="Time Running"value="14284"/>
  <attribute name="Number of cores"value="4"/>
<gc-start id="3508" type="scavenge" contextid="3507" timestamp="2019-07-02T20:42:33.194">
  <mem-info id="3509" free="7725672" total="44826624" percent="17">
    <mem type="nursery" free="0" total="18612224" percent="0">
      <mem type="allocate" free="0" total="16711680" percent="0" />
      <mem type="survivor" free="0" total="1900544" percent="0" />
    </mem>
    <mem type="tenure" free="7725672" total="26214400" percent="29">
      <mem type="soa" free="6414952" total="24903680" percent="25" />
      <mem type="loa" free="1310720" total="1310720" percent="100" />
    </mem>
    <remembered-set count="94" />
  </mem-info>
</gc-start>
<allocation-stats totalBytes="16608808" >
  <allocated-bytes non-tlh="544" tlh="16608264" />
  <largest-consumer threadName="main" threadId="00000000022F5700" bytes="16608808" />
</allocation-stats>
<gc-op id="3510" type="scavenge" timems="0.224" contextid="3507" timestamp="2019-07-02T20:42:33.195">
  <scavenger-info tenureage="9" tenuremask="fe00" tiltratio="89" />
  <memory-copied type="nursery" objects="48" bytes="1952" bytesdiscarded="107104" />
  <references type="weak" candidates="14" cleared="0" enqueued="0" />
</gc-op>
<gc-end id="3511" type="scavenge" contextid="3507" durationms="0.668" usertimems="0.000" systemtimems="0.000" timestamp="2019-07-02T20:42:33.195" activeThreads="4">
  <mem-info id="3512" free="24328296" total="44826624" percent="54">
    <mem type="nursery" free="16602624" total="18612224" percent="89">
      <mem type="allocate" free="16602624" total="16711680" percent="99" />
      <mem type="survivor" free="0" total="1900544" percent="0" />
    </mem>
    <mem type="tenure" free="7725672" total="26214400" percent="29">
      <mem type="soa" free="6414952" total="24903680" percent="25" />
      <mem type="loa" free="1310720" total="1310720" percent="100" />
    </mem>
    <remembered-set count="94" />
  </mem-info>
</gc-end>
<cycle-end id="3513" type="scavenge" contextid="3507" timestamp="2019-07-02T20:42:33.195">
  <attribute name="GC Util" value="5" />
  <attribute name="CPU Util" value="1681332604104" />
  <attribute name="Time Running"value="14295"/>
  <attribute name="Number of cores"value="4"/>
</cycle-end>
<allocation-satisfied id="3514" threadId="00000000022F5700" bytesRequested="488" />
<af-end id="3515" timestamp="2019-07-02T20:42:33.195" threadId="00000000022F6088" success="true" from="nursery"/>
<exclusive-end id="3516" timestamp="2019-07-02T20:42:33.195" durationms="1.686" />

<exclusive-start id="3517" timestamp="2019-07-02T20:42:33.205" intervalms="10.925">
  <response-info timems="0.075" idlems="0.075" threads="0" lastid="00000000022F5700" lastname="main" />
</exclusive-start>
<af-start id="3518" threadId="00000000022F6088" totalBytesRequested="24" timestamp="2019-07-02T20:42:33.205" intervalms="10.928" type="nursery" />
<cycle-start id="3519" type="scavenge" contextid="0" timestamp="2019-07-02T20:42:33.205" intervalms="10.916" />
  <attribute name="GC Util" value="5" />
  <attribute name="CPU Util" value="1681332604104" />
  <attribute name="Time Running"value="14295"/>
  <attribute name="Number of cores"value="4"/>
<gc-start id="3520" type="scavenge" contextid="3519" timestamp="2019-07-02T20:42:33.205">
  <mem-info id="3521" free="7725672" total="44826624" percent="17">
    <mem type="nursery" free="0" total="18612224" percent="0">
      <mem type="allocate" free="0" total="16711680" percent="0" />
      <mem type="survivor" free="0" total="1900544" percent="0" />
    </mem>
    <mem type="tenure" free="7725672" total="26214400" percent="29">
      <mem type="soa" free="6414952" total="24903680" percent="25" />
      <mem type="loa" free="1310720" total="1310720" percent="100" />
    </mem>
    <remembered-set count="94" />
  </mem-info>
</gc-start>
<allocation-stats totalBytes="16573424" >
  <allocated-bytes non-tlh="488" tlh="16572936" />
  <largest-consumer threadName="main" threadId="00000000022F5700" bytes="16573424" />
</allocation-stats>
<gc-op id="3522" type="scavenge" timems="0.216" contextid="3519" timestamp="2019-07-02T20:42:33.205">
  <scavenger-info tenureage="3" tenuremask="fc08" tiltratio="89" />
  <memory-copied type="nursery" objects="24" bytes="1280" bytesdiscarded="37888" />
  <memory-copied type="tenure" objects="22" bytes="632" bytesdiscarded="0" />
</gc-op>
<gc-end id="3523" type="scavenge" contextid="3519" durationms="0.517" usertimems="0.000" systemtimems="0.000" timestamp="2019-07-02T20:42:33.206" activeThreads="4">
  <mem-info id="3524" free="24398184" total="44826624" percent="54">
    <mem type="nursery" free="16672512" total="18612224" percent="89">
      <mem type="allocate" free="16672512" total="16711680" percent="99" />
      <mem type="survivor" free="0" total="1900544" percent="0" />
    </mem>
    <mem type="tenure" free="7725672" total="26214400" percent="29">
      <mem type="soa" free="6414952" total="24903680" percent="25" />
      <mem type="loa" free="1310720" total="1310720" percent="100" />
    </mem>
    <remembered-set count="89" />
  </mem-info>
</gc-end>
<cycle-end id="3525" type="scavenge" contextid="3519" timestamp="2019-07-02T20:42:33.206">
  <attribute name="GC Util" value="5" />
  <attribute name="CPU Util" value="1735098426090" />
  <attribute name="Time Running"value="14305"/>
  <attribute name="Number of cores"value="4"/>
</cycle-end>
<allocation-satisfied id="3526" threadId="00000000022F5700" bytesRequested="24" />
<af-end id="3527" timestamp="2019-07-02T20:42:33.206" threadId="00000000022F6088" success="true" from="nursery"/>
<exclusive-end id="3528" timestamp="2019-07-02T20:42:33.206" durationms="1.438" />

<exclusive-start id="3529" timestamp="2019-07-02T20:42:33.215" intervalms="10.807">
  <response-info timems="0.072" idlems="0.072" threads="0" lastid="00000000022F5700" lastname="main" />
</exclusive-start>
<af-start id="3530" threadId="00000000022F6088" totalBytesRequested="32" timestamp="2019-07-02T20:42:33.216" intervalms="10.860" type="nursery" />
<cycle-start id="3531" type="scavenge" contextid="0" timestamp="2019-07-02T20:42:33.216" intervalms="10.875" />
  <attribute name="GC Util" value="5" />
  <attribute name="CPU Util" value="1735098426090" />
  <attribute name="Time Running"value="14305"/>
  <attribute name="Number of cores"value="4"/>
<gc-start id="3532" type="scavenge" contextid="3531" timestamp="2019-07-02T20:42:33.216">
  <mem-info id="3533" free="7725672" total="44826624" percent="17">
    <mem type="nursery" free="0" total="18612224" percent="0">
      <mem type="allocate" free="0" total="16711680" percent="0" />
      <mem type="survivor" free="0" total="1900544" percent="0" />
    </mem>
    <mem type="tenure" free="7725672" total="26214400" percent="29">
      <mem type="soa" free="6414952" total="24903680" percent="25" />
      <mem type="loa" free="1310720" total="1310720" percent="100" />
    </mem>
    <remembered-set count="89" />
  </mem-info>
</gc-start>
<allocation-stats totalBytes="16643392" >
  <allocated-bytes non-tlh="24" tlh="16643368" />
  <largest-consumer threadName="main" threadId="00000000022F5700" bytes="16643392" />
</allocation-stats>
<gc-op id="3534" type="scavenge" timems="0.250" contextid="3531" timestamp="2019-07-02T20:42:33.217">
  <scavenger-info tenureage="3" tenuremask="ffe8" tiltratio="89" />
  <memory-copied type="nursery" objects="1" bytes="24" bytesdiscarded="39144" />
  <memory-copied type="tenure" objects="22" bytes="1224" bytesdiscarded="0" />
</gc-op>
<gc-end id="3535" type="scavenge" contextid="3531" durationms="0.736" usertimems="4.000" systemtimems="0.000" timestamp="2019-07-02T20:42:33.217" activeThreads="4">
  <mem-info id="3536" free="24398184" total="44826624" percent="54">
    <mem type="nursery" free="16672512" total="18612224" percent="89">
      <mem type="allocate" free="16672512" total="16711680" percent="99" />
      <mem type="survivor" free="0" total="1900544" percent="0" />
    </mem>
    <mem type="tenure" free="7725672" total="26214400" percent="29">
      <mem type="soa" free="6414952" total="24903680" percent="25" />
      <mem type="loa" free="1310720" total="1310720" percent="100" />
    </mem>
    <remembered-set count="93" />
  </mem-info>
</gc-end>
<cycle-end id="3537" type="scavenge" contextid="3531" timestamp="2019-07-02T20:42:33.217">
  <attribute name="GC Util" value="4" />
  <attribute name="CPU Util" value="1648591727120" />
  <attribute name="Time Running"value="14317"/>
  <attribute name="Number of cores"value="4"/>
</cycle-end>
<allocation-satisfied id="3538" threadId="00000000022F5700" bytesRequested="32" />
<af-end id="3539" timestamp="2019-07-02T20:42:33.217" threadId="00000000022F6088" success="true" from="nursery"/>
<exclusive-end id="3540" timestamp="2019-07-02T20:42:33.217" durationms="1.656" />

<exclusive-start id="3541" timestamp="2019-07-02T20:42:33.226" intervalms="10.708">
  <response-info timems="0.074" idlems="0.074" threads="0" lastid="00000000022F5700" lastname="main" />
</exclusive-start>
<af-start id="3542" threadId="00000000022F6088" totalBytesRequested="584" timestamp="2019-07-02T20:42:33.226" intervalms="10.648" type="nursery" />
<cycle-start id="3543" type="scavenge" contextid="0" timestamp="2019-07-02T20:42:33.226" intervalms="10.651" />
  <attribute name="GC Util" value="4" />
  <attribute name="CPU Util" value="1648591727120" />
  <attribute name="Time Running"value="14317"/>
  <attribute name="Number of cores"value="4"/>
<gc-start id="3544" type="scavenge" contextid="3543" timestamp="2019-07-02T20:42:33.227">
  <mem-info id="3545" free="7725672" total="44826624" percent="17">
    <mem type="nursery" free="0" total="18612224" percent="0">
      <mem type="allocate" free="0" total="16711680" percent="0" />
      <mem type="survivor" free="0" total="1900544" percent="0" />
    </mem>
    <mem type="tenure" free="7725672" total="26214400" percent="29">
      <mem type="soa" free="6414952" total="24903680" percent="25" />
      <mem type="loa" free="1310720" total="1310720" percent="100" />
    </mem>
    <remembered-set count="93" />
  </mem-info>
</gc-start>
<allocation-stats totalBytes="16643976" >
  <allocated-bytes non-tlh="32" tlh="16643944" />
  <largest-consumer threadName="main" threadId="00000000022F5700" bytes="16643976" />
</allocation-stats>
<gc-op id="3546" type="scavenge" timems="0.196" contextid="3543" timestamp="2019-07-02T20:42:33.227">
  <scavenger-info tenureage="3" tenuremask="ffe8" tiltratio="89" />
  <memory-copied type="nursery" objects="4" bytes="96" bytesdiscarded="39072" />
</gc-op>
<gc-end id="3547" type="scavenge" contextid="3543" durationms="0.656" usertimems="0.000" systemtimems="0.000" timestamp="2019-07-02T20:42:33.227" activeThreads="4">
  <mem-info id="3548" free="24398184" total="44826624" percent="54">
    <mem type="nursery" free="16672512" total="18612224" percent="89">
      <mem type="allocate" free="16672512" total="16711680" percent="99" />
      <mem type="survivor" free="0" total="1900544" percent="0" />
    </mem>
    <mem type="tenure" free="7725672" total="26214400" percent="29">
      <mem type="soa" free="6414952" total="24903680" percent="25" />
      <mem type="loa" free="1310720" total="1310720" percent="100" />
    </mem>
    <remembered-set count="93" />
  </mem-info>
</gc-end>
<cycle-end id="3549" type="scavenge" contextid="3543" timestamp="2019-07-02T20:42:33.227">
  <attribute name="GC Util" value="5" />
  <attribute name="CPU Util" value="1737014095407" />
  <attribute name="Time Running"value="14327"/>
  <attribute name="Number of cores"value="4"/>
</cycle-end>
<allocation-satisfied id="3550" threadId="00000000022F5700" bytesRequested="584" />
<af-end id="3551" timestamp="2019-07-02T20:42:33.228" threadId="00000000022F6088" success="true" from="nursery"/>
<exclusive-end id="3552" timestamp="2019-07-02T20:42:33.228" durationms="1.572" />

<exclusive-start id="3553" timestamp="2019-07-02T20:42:33.237" intervalms="10.629">
  <response-info timems="0.076" idlems="0.076" threads="0" lastid="00000000022F5700" lastname="main" />
</exclusive-start>
<af-start id="3554" threadId="00000000022F6088" totalBytesRequested="32" timestamp="2019-07-02T20:42:33.237" intervalms="10.614" type="nursery" />
<cycle-start id="3555" type="scavenge" contextid="0" timestamp="2019-07-02T20:42:33.237" intervalms="10.599" />
  <attribute name="GC Util" value="5" />
  <attribute name="CPU Util" value="1737014095407" />
  <attribute name="Time Running"value="14327"/>
  <attribute name="Number of cores"value="4"/>
<gc-start id="3556" type="scavenge" contextid="3555" timestamp="2019-07-02T20:42:33.237">
  <mem-info id="3557" free="7725672" total="44826624" percent="17">
    <mem type="nursery" free="0" total="18612224" percent="0">
      <mem type="allocate" free="0" total="16711680" percent="0" />
      <mem type="survivor" free="0" total="1900544" percent="0" />
    </mem>
    <mem type="tenure" free="7725672" total="26214400" percent="29">
      <mem type="soa" free="6414952" total="24903680" percent="25" />
      <mem type="loa" free="1310720" total="1310720" percent="100" />
    </mem>
    <remembered-set count="93" />
  </mem-info>
</gc-start>
<allocation-stats totalBytes="16643352" >
  <allocated-bytes non-tlh="584" tlh="16642768" />
  <largest-consumer threadName="main" threadId="00000000022F5700" bytes="16643352" />
</allocation-stats>
<gc-op id="3558" type="scavenge" timems="0.178" contextid="3555" timestamp="2019-07-02T20:42:33.238">
  <scavenger-info tenureage="3" tenuremask="fff8" tiltratio="89" />
  <memory-copied type="nursery" objects="1" bytes="24" bytesdiscarded="39144" />
</gc-op>
<gc-end id="3559" type="scavenge" contextid="3555" durationms="0.724" usertimems="0.000" systemtimems="0.000" timestamp="2019-07-02T20:42:33.238" activeThreads="4">
  <mem-info id="3560" free="24398184" total="44826624" percent="54">
    <mem type="nursery" free="16672512" total="18612224" percent="89">
      <mem type="allocate" free="16672512" total="16711680" percent="99" />
      <mem type="survivor" free="0" total="1900544" percent="0" />
    </mem>
    <mem type="tenure" free="7725672" total="26214400" percent="29">
      <mem type="soa" free="6414952" total="24903680" percent="25" />
      <mem type="loa" free="1310720" total="1310720" percent="100" />
    </mem>
    <remembered-set count="93" />
  </mem-info>
</gc-end>
<cycle-end id="3561" type="scavenge" contextid="3555" timestamp="2019-07-02T20:42:33.238">
  <attribute name="GC Util" value="5" />
  <attribute name="CPU Util" value="1749433991724" />
  <attribute name="Time Running"value="14338"/>
  <attribute name="Number of cores"value="4"/>
</cycle-end>
<allocation-satisfied id="3562" threadId="00000000022F5700" bytesRequested="32" />
<af-end id="3563" timestamp="2019-07-02T20:42:33.238" threadId="00000000022F6088" success="true" from="nursery"/>
<exclusive-end id="3564" timestamp="2019-07-02T20:42:33.238" durationms="1.584" />

<exclusive-start id="3565" timestamp="2019-07-02T20:42:33.247" intervalms="10.665">
  <response-info timems="0.048" idlems="0.048" threads="0" lastid="00000000022F5700" lastname="main" />
</exclusive-start>
<af-start id="3566" threadId="00000000022F6088" totalBytesRequested="584" timestamp="2019-07-02T20:42:33.248" intervalms="10.695" type="nursery" />
<cycle-start id="3567" type="scavenge" contextid="0" timestamp="2019-07-02T20:42:33.248" intervalms="10.719" />
  <attribute name="GC Util" value="5" />
  <attribute name="CPU Util" value="1749433991724" />
  <attribute name="Time Running"value="14338"/>
  <attribute name="Number of cores"value="4"/>
<gc-start id="3568" type="scavenge" contextid="3567" timestamp="2019-07-02T20:42:33.248">
  <mem-info id="3569" free="7725672" total="44826624" percent="17">
    <mem type="nursery" free="0" total="18612224" percent="0">
      <mem type="allocate" free="0" total="16711680" percent="0" />
      <mem type="survivor" free="0" total="1900544" percent="0" />
    </mem>
    <mem type="tenure" free="7725672" total="26214400" percent="29">
      <mem type="soa" free="6414952" total="24903680" percent="25" />
      <mem type="loa" free="1310720" total="1310720" percent="100" />
    </mem>
    <remembered-set count="93" />
  </mem-info>
</gc-start>
<allocation-stats totalBytes="16643976" >
  <allocated-bytes non-tlh="32" tlh="16643944" />
  <largest-consumer threadName="main" threadId="00000000022F5700" bytes="16643976" />
</allocation-stats>
<gc-op id="3570" type="scavenge" timems="0.184" contextid="3567" timestamp="2019-07-02T20:42:33.248">
  <scavenger-info tenureage="3" tenuremask="fff8" tiltratio="89" />
  <memory-copied type="nursery" objects="4" bytes="96" bytesdiscarded="39072" />
</gc-op>
<gc-end id="3571" type="scavenge" contextid="3567" durationms="0.644" usertimems="0.000" systemtimems="0.000" timestamp="2019-07-02T20:42:33.249" activeThreads="4">
  <mem-info id="3572" free="24398184" total="44826624" percent="54">
    <mem type="nursery" free="16672512" total="18612224" percent="89">
      <mem type="allocate" free="16672512" total="16711680" percent="99" />
      <mem type="survivor" free="0" total="1900544" percent="0" />
    </mem>
    <mem type="tenure" free="7725672" total="26214400" percent="29">
      <mem type="soa" free="6414952" total="24903680" percent="25" />
      <mem type="loa" free="1310720" total="1310720" percent="100" />
    </mem>
    <remembered-set count="93" />
  </mem-info>
</gc-end>
<cycle-end id="3573" type="scavenge" contextid="3567" timestamp="2019-07-02T20:42:33.249">
  <attribute name="GC Util" value="4" />
  <attribute name="CPU Util" value="1712007516373" />
  <attribute name="Time Running"value="14348"/>
  <attribute name="Number of cores"value="4"/>
</cycle-end>
<allocation-satisfied id="3574" threadId="00000000022F5700" bytesRequested="584" />
<af-end id="3575" timestamp="2019-07-02T20:42:33.249" threadId="00000000022F6088" success="true" from="nursery"/>
<exclusive-end id="3576" timestamp="2019-07-02T20:42:33.249" durationms="1.579" />

<exclusive-start id="3577" timestamp="2019-07-02T20:42:33.258" intervalms="10.833">
  <response-info timems="0.073" idlems="0.073" threads="0" lastid="00000000022F5700" lastname="main" />
</exclusive-start>
<af-start id="3578" threadId="00000000022F6088" totalBytesRequested="32" timestamp="2019-07-02T20:42:33.258" intervalms="10.763" type="nursery" />
<cycle-start id="3579" type="scavenge" contextid="0" timestamp="2019-07-02T20:42:33.259" intervalms="10.734" />
  <attribute name="GC Util" value="4" />
  <attribute name="CPU Util" value="1712007516373" />
  <attribute name="Time Running"value="14348"/>
  <attribute name="Number of cores"value="4"/>
<gc-start id="3580" type="scavenge" contextid="3579" timestamp="2019-07-02T20:42:33.259">
  <mem-info id="3581" free="7725672" total="44826624" percent="17">
    <mem type="nursery" free="0" total="18612224" percent="0">
      <mem type="allocate" free="0" total="16711680" percent="0" />
      <mem type="survivor" free="0" total="1900544" percent="0" />
    </mem>
    <mem type="tenure" free="7725672" total="26214400" percent="29">
      <mem type="soa" free="6414952" total="24903680" percent="25" />
      <mem type="loa" free="1310720" total="1310720" percent="100" />
    </mem>
    <remembered-set count="93" />
  </mem-info>
</gc-start>
<allocation-stats totalBytes="16643352" >
  <allocated-bytes non-tlh="584" tlh="16642768" />
  <largest-consumer threadName="main" threadId="00000000022F5700" bytes="16643352" />
</allocation-stats>
<gc-op id="3582" type="scavenge" timems="0.211" contextid="3579" timestamp="2019-07-02T20:42:33.259">
  <scavenger-info tenureage="3" tenuremask="fff8" tiltratio="89" />
  <memory-copied type="nursery" objects="1" bytes="24" bytesdiscarded="39144" />
</gc-op>
<gc-end id="3583" type="scavenge" contextid="3579" durationms="0.654" usertimems="0.000" systemtimems="0.000" timestamp="2019-07-02T20:42:33.259" activeThreads="4">
  <mem-info id="3584" free="24398184" total="44826624" percent="54">
    <mem type="nursery" free="16672512" total="18612224" percent="89">
      <mem type="allocate" free="16672512" total="16711680" percent="99" />
      <mem type="survivor" free="0" total="1900544" percent="0" />
    </mem>
    <mem type="tenure" free="7725672" total="26214400" percent="29">
      <mem type="soa" free="6414952" total="24903680" percent="25" />
      <mem type="loa" free="1310720" total="1310720" percent="100" />
    </mem>
    <remembered-set count="93" />
  </mem-info>
</gc-end>
<cycle-end id="3585" type="scavenge" contextid="3579" timestamp="2019-07-02T20:42:33.260">
  <attribute name="GC Util" value="4" />
  <attribute name="CPU Util" value="1725632668565" />
  <attribute name="Time Running"value="14359"/>
  <attribute name="Number of cores"value="4"/>
</cycle-end>
<allocation-satisfied id="3586" threadId="00000000022F5700" bytesRequested="32" />
<af-end id="3587" timestamp="2019-07-02T20:42:33.260" threadId="00000000022F6088" success="true" from="nursery"/>
<exclusive-end id="3588" timestamp="2019-07-02T20:42:33.260" durationms="1.497" />

<exclusive-start id="3589" timestamp="2019-07-02T20:42:33.269" intervalms="10.686">
  <response-info timems="0.068" idlems="0.068" threads="0" lastid="00000000022F5700" lastname="main" />
</exclusive-start>
<af-start id="3590" threadId="00000000022F6088" totalBytesRequested="584" timestamp="2019-07-02T20:42:33.269" intervalms="10.703" type="nursery" />
<cycle-start id="3591" type="scavenge" contextid="0" timestamp="2019-07-02T20:42:33.269" intervalms="10.642" />
  <attribute name="GC Util" value="4" />
  <attribute name="CPU Util" value="1725632668565" />
  <attribute name="Time Running"value="14359"/>
  <attribute name="Number of cores"value="4"/>
<gc-start id="3592" type="scavenge" contextid="3591" timestamp="2019-07-02T20:42:33.269">
  <mem-info id="3593" free="7725672" total="44826624" percent="17">
    <mem type="nursery" free="0" total="18612224" percent="0">
      <mem type="allocate" free="0" total="16711680" percent="0" />
      <mem type="survivor" free="0" total="1900544" percent="0" />
    </mem>
    <mem type="tenure" free="7725672" total="26214400" percent="29">
      <mem type="soa" free="6414952" total="24903680" percent="25" />
      <mem type="loa" free="1310720" total="1310720" percent="100" />
    </mem>
    <remembered-set count="93" />
  </mem-info>
</gc-start>
<allocation-stats totalBytes="16643976" >
  <allocated-bytes non-tlh="32" tlh="16643944" />
  <largest-consumer threadName="main" threadId="00000000022F5700" bytes="16643976" />
</allocation-stats>
<gc-op id="3594" type="scavenge" timems="0.187" contextid="3591" timestamp="2019-07-02T20:42:33.270">
  <scavenger-info tenureage="3" tenuremask="fff8" tiltratio="89" />
  <memory-copied type="nursery" objects="4" bytes="96" bytesdiscarded="39072" />
</gc-op>
<gc-end id="3595" type="scavenge" contextid="3591" durationms="0.623" usertimems="0.000" systemtimems="0.000" timestamp="2019-07-02T20:42:33.270" activeThreads="4">
  <mem-info id="3596" free="24398184" total="44826624" percent="54">
    <mem type="nursery" free="16672512" total="18612224" percent="89">
      <mem type="allocate" free="16672512" total="16711680" percent="99" />
      <mem type="survivor" free="0" total="1900544" percent="0" />
    </mem>
    <mem type="tenure" free="7725672" total="26214400" percent="29">
      <mem type="soa" free="6414952" total="24903680" percent="25" />
      <mem type="loa" free="1310720" total="1310720" percent="100" />
    </mem>
    <remembered-set count="93" />
  </mem-info>
</gc-end>
<cycle-end id="3597" type="scavenge" contextid="3591" timestamp="2019-07-02T20:42:33.270">
  <attribute name="GC Util" value="4" />
  <attribute name="CPU Util" value="1734016900505" />
  <attribute name="Time Running"value="14370"/>
  <attribute name="Number of cores"value="4"/>
</cycle-end>
<allocation-satisfied id="3598" threadId="00000000022F5700" bytesRequested="584" />
<af-end id="3599" timestamp="2019-07-02T20:42:33.270" threadId="00000000022F6088" success="true" from="nursery"/>
<exclusive-end id="3600" timestamp="2019-07-02T20:42:33.270" durationms="1.437" />

<exclusive-start id="3601" timestamp="2019-07-02T20:42:33.280" intervalms="10.713">
  <response-info timems="0.068" idlems="0.068" threads="0" lastid="00000000022F5700" lastname="main" />
</exclusive-start>
<af-start id="3602" threadId="00000000022F6088" totalBytesRequested="32" timestamp="2019-07-02T20:42:33.280" intervalms="10.727" type="nursery" />
<cycle-start id="3603" type="scavenge" contextid="0" timestamp="2019-07-02T20:42:33.280" intervalms="10.778" />
  <attribute name="GC Util" value="4" />
  <attribute name="CPU Util" value="1734016900505" />
  <attribute name="Time Running"value="14370"/>
  <attribute name="Number of cores"value="4"/>
<gc-start id="3604" type="scavenge" contextid="3603" timestamp="2019-07-02T20:42:33.280">
  <mem-info id="3605" free="7725672" total="44826624" percent="17">
    <mem type="nursery" free="0" total="18612224" percent="0">
      <mem type="allocate" free="0" total="16711680" percent="0" />
      <mem type="survivor" free="0" total="1900544" percent="0" />
    </mem>
    <mem type="tenure" free="7725672" total="26214400" percent="29">
      <mem type="soa" free="6414952" total="24903680" percent="25" />
      <mem type="loa" free="1310720" total="1310720" percent="100" />
    </mem>
    <remembered-set count="93" />
  </mem-info>
</gc-start>
<allocation-stats totalBytes="16643352" >
  <allocated-bytes non-tlh="584" tlh="16642768" />
  <largest-consumer threadName="main" threadId="00000000022F5700" bytes="16643352" />
</allocation-stats>
<gc-op id="3606" type="scavenge" timems="0.191" contextid="3603" timestamp="2019-07-02T20:42:33.281">
  <scavenger-info tenureage="3" tenuremask="fff8" tiltratio="89" />
  <memory-copied type="nursery" objects="1" bytes="24" bytesdiscarded="39144" />
</gc-op>
<gc-end id="3607" type="scavenge" contextid="3603" durationms="0.651" usertimems="0.000" systemtimems="0.000" timestamp="2019-07-02T20:42:33.281" activeThreads="4">
  <mem-info id="3608" free="24398184" total="44826624" percent="54">
    <mem type="nursery" free="16672512" total="18612224" percent="89">
      <mem type="allocate" free="16672512" total="16711680" percent="99" />
      <mem type="survivor" free="0" total="1900544" percent="0" />
    </mem>
    <mem type="tenure" free="7725672" total="26214400" percent="29">
      <mem type="soa" free="6414952" total="24903680" percent="25" />
      <mem type="loa" free="1310720" total="1310720" percent="100" />
    </mem>
    <remembered-set count="93" />
  </mem-info>
</gc-end>
<cycle-end id="3609" type="scavenge" contextid="3603" timestamp="2019-07-02T20:42:33.281">
  <attribute name="GC Util" value="3" />
  <attribute name="CPU Util" value="1712751118051" />
  <attribute name="Time Running"value="14381"/>
  <attribute name="Number of cores"value="4"/>
</cycle-end>
<allocation-satisfied id="3610" threadId="00000000022F5700" bytesRequested="32" />
<af-end id="3611" timestamp="2019-07-02T20:42:33.281" threadId="00000000022F6088" success="true" from="nursery"/>
<exclusive-end id="3612" timestamp="2019-07-02T20:42:33.281" durationms="1.435" />

<exclusive-start id="3613" timestamp="2019-07-02T20:42:33.290" intervalms="10.694">
  <response-info timems="0.070" idlems="0.070" threads="0" lastid="00000000022F5700" lastname="main" />
</exclusive-start>
<af-start id="3614" threadId="00000000022F6088" totalBytesRequested="584" timestamp="2019-07-02T20:42:33.291" intervalms="10.695" type="nursery" />
<cycle-start id="3615" type="scavenge" contextid="0" timestamp="2019-07-02T20:42:33.291" intervalms="10.695" />
  <attribute name="GC Util" value="3" />
  <attribute name="CPU Util" value="1712751118051" />
  <attribute name="Time Running"value="14381"/>
  <attribute name="Number of cores"value="4"/>
<gc-start id="3616" type="scavenge" contextid="3615" timestamp="2019-07-02T20:42:33.291">
  <mem-info id="3617" free="7725672" total="44826624" percent="17">
    <mem type="nursery" free="0" total="18612224" percent="0">
      <mem type="allocate" free="0" total="16711680" percent="0" />
      <mem type="survivor" free="0" total="1900544" percent="0" />
    </mem>
    <mem type="tenure" free="7725672" total="26214400" percent="29">
      <mem type="soa" free="6414952" total="24903680" percent="25" />
      <mem type="loa" free="1310720" total="1310720" percent="100" />
    </mem>
    <remembered-set count="93" />
  </mem-info>
</gc-start>
<allocation-stats totalBytes="16643976" >
  <allocated-bytes non-tlh="32" tlh="16643944" />
  <largest-consumer threadName="main" threadId="00000000022F5700" bytes="16643976" />
</allocation-stats>
<gc-op id="3618" type="scavenge" timems="0.186" contextid="3615" timestamp="2019-07-02T20:42:33.291">
  <scavenger-info tenureage="3" tenuremask="fff8" tiltratio="89" />
  <memory-copied type="nursery" objects="4" bytes="96" bytesdiscarded="39072" />
</gc-op>
<gc-end id="3619" type="scavenge" contextid="3615" durationms="0.614" usertimems="0.000" systemtimems="0.000" timestamp="2019-07-02T20:42:33.291" activeThreads="4">
  <mem-info id="3620" free="24398184" total="44826624" percent="54">
    <mem type="nursery" free="16672512" total="18612224" percent="89">
      <mem type="allocate" free="16672512" total="16711680" percent="99" />
      <mem type="survivor" free="0" total="1900544" percent="0" />
    </mem>
    <mem type="tenure" free="7725672" total="26214400" percent="29">
      <mem type="soa" free="6414952" total="24903680" percent="25" />
      <mem type="loa" free="1310720" total="1310720" percent="100" />
    </mem>
    <remembered-set count="93" />
  </mem-info>
</gc-end>
<cycle-end id="3621" type="scavenge" contextid="3615" timestamp="2019-07-02T20:42:33.292">
  <attribute name="GC Util" value="3" />
  <attribute name="CPU Util" value="1725462540952" />
  <attribute name="Time Running"value="14391"/>
  <attribute name="Number of cores"value="4"/>
</cycle-end>
<allocation-satisfied id="3622" threadId="00000000022F5700" bytesRequested="584" />
<af-end id="3623" timestamp="2019-07-02T20:42:33.292" threadId="00000000022F6088" success="true" from="nursery"/>
<exclusive-end id="3624" timestamp="2019-07-02T20:42:33.292" durationms="1.444" />

<exclusive-start id="3625" timestamp="2019-07-02T20:42:33.301" intervalms="10.679">
  <response-info timems="0.070" idlems="0.070" threads="0" lastid="00000000022F5700" lastname="main" />
</exclusive-start>
<af-start id="3626" threadId="00000000022F6088" totalBytesRequested="32" timestamp="2019-07-02T20:42:33.301" intervalms="10.682" type="nursery" />
<cycle-start id="3627" type="scavenge" contextid="0" timestamp="2019-07-02T20:42:33.301" intervalms="10.687" />
  <attribute name="GC Util" value="3" />
  <attribute name="CPU Util" value="1725462540952" />
  <attribute name="Time Running"value="14391"/>
  <attribute name="Number of cores"value="4"/>
<gc-start id="3628" type="scavenge" contextid="3627" timestamp="2019-07-02T20:42:33.301">
  <mem-info id="3629" free="7725672" total="44826624" percent="17">
    <mem type="nursery" free="0" total="18612224" percent="0">
      <mem type="allocate" free="0" total="16711680" percent="0" />
      <mem type="survivor" free="0" total="1900544" percent="0" />
    </mem>
    <mem type="tenure" free="7725672" total="26214400" percent="29">
      <mem type="soa" free="6414952" total="24903680" percent="25" />
      <mem type="loa" free="1310720" total="1310720" percent="100" />
    </mem>
    <remembered-set count="93" />
  </mem-info>
</gc-start>
<allocation-stats totalBytes="16643352" >
  <allocated-bytes non-tlh="584" tlh="16642768" />
  <largest-consumer threadName="main" threadId="00000000022F5700" bytes="16643352" />
</allocation-stats>
<gc-op id="3630" type="scavenge" timems="0.191" contextid="3627" timestamp="2019-07-02T20:42:33.302">
  <scavenger-info tenureage="3" tenuremask="fff8" tiltratio="89" />
  <memory-copied type="nursery" objects="1" bytes="24" bytesdiscarded="39144" />
</gc-op>
<gc-end id="3631" type="scavenge" contextid="3627" durationms="0.629" usertimems="0.000" systemtimems="0.000" timestamp="2019-07-02T20:42:33.302" activeThreads="4">
  <mem-info id="3632" free="24398184" total="44826624" percent="54">
    <mem type="nursery" free="16672512" total="18612224" percent="89">
      <mem type="allocate" free="16672512" total="16711680" percent="99" />
      <mem type="survivor" free="0" total="1900544" percent="0" />
    </mem>
    <mem type="tenure" free="7725672" total="26214400" percent="29">
      <mem type="soa" free="6414952" total="24903680" percent="25" />
      <mem type="loa" free="1310720" total="1310720" percent="100" />
    </mem>
    <remembered-set count="93" />
  </mem-info>
</gc-end>
<cycle-end id="3633" type="scavenge" contextid="3627" timestamp="2019-07-02T20:42:33.302">
  <attribute name="GC Util" value="3" />
  <attribute name="CPU Util" value="1725667376117" />
  <attribute name="Time Running"value="14402"/>
  <attribute name="Number of cores"value="4"/>
</cycle-end>
<allocation-satisfied id="3634" threadId="00000000022F5700" bytesRequested="32" />
<af-end id="3635" timestamp="2019-07-02T20:42:33.302" threadId="00000000022F6088" success="true" from="nursery"/>
<exclusive-end id="3636" timestamp="2019-07-02T20:42:33.302" durationms="1.472" />

<exclusive-start id="3637" timestamp="2019-07-02T20:42:33.389" intervalms="88.033">
  <response-info timems="0.087" idlems="0.087" threads="0" lastid="00000000022F5700" lastname="main" />
</exclusive-start>
<af-start id="3638" threadId="00000000022F6088" totalBytesRequested="480" timestamp="2019-07-02T20:42:33.389" intervalms="88.023" type="nursery" />
<cycle-start id="3639" type="scavenge" contextid="0" timestamp="2019-07-02T20:42:33.389" intervalms="88.034" />
  <attribute name="GC Util" value="3" />
  <attribute name="CPU Util" value="1725667376117" />
  <attribute name="Time Running"value="14402"/>
  <attribute name="Number of cores"value="4"/>
<gc-start id="3640" type="scavenge" contextid="3639" timestamp="2019-07-02T20:42:33.389">
  <mem-info id="3641" free="7725672" total="44826624" percent="17">
    <mem type="nursery" free="0" total="18612224" percent="0">
      <mem type="allocate" free="0" total="16711680" percent="0" />
      <mem type="survivor" free="0" total="1900544" percent="0" />
    </mem>
    <mem type="tenure" free="7725672" total="26214400" percent="29">
      <mem type="soa" free="6414952" total="24903680" percent="25" />
      <mem type="loa" free="1310720" total="1310720" percent="100" />
    </mem>
    <remembered-set count="100" />
  </mem-info>
</gc-start>
<allocation-stats totalBytes="16645160" >
  <allocated-bytes non-tlh="32" tlh="16645128" />
  <largest-consumer threadName="main" threadId="00000000022F5700" bytes="16645160" />
</allocation-stats>
<gc-op id="3642" type="scavenge" timems="0.213" contextid="3639" timestamp="2019-07-02T20:42:33.390">
  <scavenger-info tenureage="3" tenuremask="fff8" tiltratio="89" />
  <memory-copied type="nursery" objects="40" bytes="1592" bytesdiscarded="76744" />
</gc-op>
<gc-end id="3643" type="scavenge" contextid="3639" durationms="0.688" usertimems="4.000" systemtimems="0.000" timestamp="2019-07-02T20:42:33.390" activeThreads="4">
  <mem-info id="3644" free="24359016" total="44826624" percent="54">
    <mem type="nursery" free="16633344" total="18612224" percent="89">
      <mem type="allocate" free="16633344" total="16711680" percent="99" />
      <mem type="survivor" free="0" total="1900544" percent="0" />
    </mem>
    <mem type="tenure" free="7725672" total="26214400" percent="29">
      <mem type="soa" free="6414952" total="24903680" percent="25" />
      <mem type="loa" free="1310720" total="1310720" percent="100" />
    </mem>
    <remembered-set count="100" />
  </mem-info>
</gc-end>
<cycle-end id="3645" type="scavenge" contextid="3639" timestamp="2019-07-02T20:42:33.390">
  <attribute name="GC Util" value="0" />
  <attribute name="CPU Util" value="209547225832" />
  <attribute name="Time Running"value="14490"/>
  <attribute name="Number of cores"value="4"/>
</cycle-end>
<allocation-satisfied id="3646" threadId="00000000022F5700" bytesRequested="480" />
<af-end id="3647" timestamp="2019-07-02T20:42:33.390" threadId="00000000022F6088" success="true" from="nursery"/>
<exclusive-end id="3648" timestamp="2019-07-02T20:42:33.391" durationms="1.462" />

<exclusive-start id="3649" timestamp="2019-07-02T20:42:33.425" intervalms="35.854">
  <response-info timems="0.076" idlems="0.076" threads="0" lastid="00000000022F5700" lastname="main" />
</exclusive-start>
<af-start id="3650" threadId="00000000022F6088" totalBytesRequested="464" timestamp="2019-07-02T20:42:33.425" intervalms="35.858" type="nursery" />
<cycle-start id="3651" type="scavenge" contextid="0" timestamp="2019-07-02T20:42:33.425" intervalms="35.791" />
  <attribute name="GC Util" value="0" />
  <attribute name="CPU Util" value="209547225832" />
  <attribute name="Time Running"value="14490"/>
  <attribute name="Number of cores"value="4"/>
<gc-start id="3652" type="scavenge" contextid="3651" timestamp="2019-07-02T20:42:33.425">
  <mem-info id="3653" free="7725672" total="44826624" percent="17">
    <mem type="nursery" free="0" total="18612224" percent="0">
      <mem type="allocate" free="0" total="16711680" percent="0" />
      <mem type="survivor" free="0" total="1900544" percent="0" />
    </mem>
    <mem type="tenure" free="7725672" total="26214400" percent="29">
      <mem type="soa" free="6414952" total="24903680" percent="25" />
      <mem type="loa" free="1310720" total="1310720" percent="100" />
    </mem>
    <remembered-set count="100" />
  </mem-info>
</gc-start>
<allocation-stats totalBytes="16624752" >
  <allocated-bytes non-tlh="480" tlh="16624272" />
  <largest-consumer threadName="main" threadId="00000000022F5700" bytes="16624752" />
</allocation-stats>
<gc-op id="3654" type="scavenge" timems="0.225" contextid="3651" timestamp="2019-07-02T20:42:33.426">
  <scavenger-info tenureage="3" tenuremask="fff8" tiltratio="89" />
  <memory-copied type="nursery" objects="41" bytes="1608" bytesdiscarded="37560" />
</gc-op>
<gc-end id="3655" type="scavenge" contextid="3651" durationms="0.652" usertimems="0.000" systemtimems="0.000" timestamp="2019-07-02T20:42:33.426" activeThreads="4">
  <mem-info id="3656" free="24398184" total="44826624" percent="54">
    <mem type="nursery" free="16672512" total="18612224" percent="89">
      <mem type="allocate" free="16672512" total="16711680" percent="99" />
      <mem type="survivor" free="0" total="1900544" percent="0" />
    </mem>
    <mem type="tenure" free="7725672" total="26214400" percent="29">
      <mem type="soa" free="6414952" total="24903680" percent="25" />
      <mem type="loa" free="1310720" total="1310720" percent="100" />
    </mem>
    <remembered-set count="93" />
  </mem-info>
</gc-end>
<cycle-end id="3657" type="scavenge" contextid="3651" timestamp="2019-07-02T20:42:33.426">
  <attribute name="GC Util" value="1" />
  <attribute name="CPU Util" value="514562600657" />
  <attribute name="Time Running"value="14526"/>
  <attribute name="Number of cores"value="4"/>
</cycle-end>
<allocation-satisfied id="3658" threadId="00000000022F5700" bytesRequested="464" />
<af-end id="3659" timestamp="2019-07-02T20:42:33.426" threadId="00000000022F6088" success="true" from="nursery"/>
<exclusive-end id="3660" timestamp="2019-07-02T20:42:33.427" durationms="1.597" />

<exclusive-start id="3661" timestamp="2019-07-02T20:42:33.460" intervalms="34.841">
  <response-info timems="0.074" idlems="0.074" threads="0" lastid="00000000022F5700" lastname="main" />
</exclusive-start>
<af-start id="3662" threadId="00000000022F6088" totalBytesRequested="56" timestamp="2019-07-02T20:42:33.460" intervalms="34.846" type="nursery" />
<cycle-start id="3663" type="scavenge" contextid="0" timestamp="2019-07-02T20:42:33.460" intervalms="34.900" />
  <attribute name="GC Util" value="1" />
  <attribute name="CPU Util" value="514562600657" />
  <attribute name="Time Running"value="14526"/>
  <attribute name="Number of cores"value="4"/>
<gc-start id="3664" type="scavenge" contextid="3663" timestamp="2019-07-02T20:42:33.460">
  <mem-info id="3665" free="7725672" total="44826624" percent="17">
    <mem type="nursery" free="0" total="18612224" percent="0">
      <mem type="allocate" free="0" total="16711680" percent="0" />
      <mem type="survivor" free="0" total="1900544" percent="0" />
    </mem>
    <mem type="tenure" free="7725672" total="26214400" percent="29">
      <mem type="soa" free="6414952" total="24903680" percent="25" />
      <mem type="loa" free="1310720" total="1310720" percent="100" />
    </mem>
    <remembered-set count="93" />
  </mem-info>
</gc-start>
<allocation-stats totalBytes="16668056" >
  <allocated-bytes non-tlh="464" tlh="16667592" />
  <largest-consumer threadName="main" threadId="00000000022F5700" bytes="16668056" />
</allocation-stats>
<gc-op id="3666" type="scavenge" timems="0.183" contextid="3663" timestamp="2019-07-02T20:42:33.461">
  <scavenger-info tenureage="3" tenuremask="fff8" tiltratio="89" />
  <memory-copied type="nursery" objects="32" bytes="1376" bytesdiscarded="37792" />
</gc-op>
<gc-end id="3667" type="scavenge" contextid="3663" durationms="0.615" usertimems="0.000" systemtimems="0.000" timestamp="2019-07-02T20:42:33.461" activeThreads="4">
  <mem-info id="3668" free="24398184" total="44826624" percent="54">
    <mem type="nursery" free="16672512" total="18612224" percent="89">
      <mem type="allocate" free="16672512" total="16711680" percent="99" />
      <mem type="survivor" free="0" total="1900544" percent="0" />
    </mem>
    <mem type="tenure" free="7725672" total="26214400" percent="29">
      <mem type="soa" free="6414952" total="24903680" percent="25" />
      <mem type="loa" free="1310720" total="1310720" percent="100" />
    </mem>
    <remembered-set count="93" />
  </mem-info>
</gc-end>
<cycle-end id="3669" type="scavenge" contextid="3663" timestamp="2019-07-02T20:42:33.461">
  <attribute name="GC Util" value="1" />
  <attribute name="CPU Util" value="529623405744" />
  <attribute name="Time Running"value="14561"/>
  <attribute name="Number of cores"value="4"/>
</cycle-end>
<allocation-satisfied id="3670" threadId="00000000022F5700" bytesRequested="56" />
<af-end id="3671" timestamp="2019-07-02T20:42:33.461" threadId="00000000022F6088" success="true" from="nursery"/>
<exclusive-end id="3672" timestamp="2019-07-02T20:42:33.461" durationms="1.394" />

<exclusive-start id="3673" timestamp="2019-07-02T20:42:33.494" intervalms="34.612">
  <response-info timems="0.067" idlems="0.067" threads="0" lastid="00000000022F5700" lastname="main" />
</exclusive-start>
<af-start id="3674" threadId="00000000022F6088" totalBytesRequested="56" timestamp="2019-07-02T20:42:33.495" intervalms="34.609" type="nursery" />
<cycle-start id="3675" type="scavenge" contextid="0" timestamp="2019-07-02T20:42:33.495" intervalms="34.607" />
  <attribute name="GC Util" value="1" />
  <attribute name="CPU Util" value="529623405744" />
  <attribute name="Time Running"value="14561"/>
  <attribute name="Number of cores"value="4"/>
<gc-start id="3676" type="scavenge" contextid="3675" timestamp="2019-07-02T20:42:33.495">
  <mem-info id="3677" free="7725672" total="44826624" percent="17">
    <mem type="nursery" free="0" total="18612224" percent="0">
      <mem type="allocate" free="0" total="16711680" percent="0" />
      <mem type="survivor" free="0" total="1900544" percent="0" />
    </mem>
    <mem type="tenure" free="7725672" total="26214400" percent="29">
      <mem type="soa" free="6414952" total="24903680" percent="25" />
      <mem type="loa" free="1310720" total="1310720" percent="100" />
    </mem>
    <remembered-set count="93" />
  </mem-info>
</gc-start>
<allocation-stats totalBytes="16667728" >
  <allocated-bytes non-tlh="56" tlh="16667672" />
  <largest-consumer threadName="main" threadId="00000000022F5700" bytes="16667728" />
</allocation-stats>
<gc-op id="3678" type="scavenge" timems="0.187" contextid="3675" timestamp="2019-07-02T20:42:33.495">
  <scavenger-info tenureage="3" tenuremask="fff8" tiltratio="89" />
  <memory-copied type="nursery" objects="9" bytes="688" bytesdiscarded="38480" />
  <memory-copied type="tenure" objects="26" bytes="752" bytesdiscarded="0" />
</gc-op>
<gc-end id="3679" type="scavenge" contextid="3675" durationms="0.624" usertimems="0.000" systemtimems="0.000" timestamp="2019-07-02T20:42:33.495" activeThreads="4">
  <mem-info id="3680" free="24398184" total="44826624" percent="54">
    <mem type="nursery" free="16672512" total="18612224" percent="89">
      <mem type="allocate" free="16672512" total="16711680" percent="99" />
      <mem type="survivor" free="0" total="1900544" percent="0" />
    </mem>
    <mem type="tenure" free="7725672" total="26214400" percent="29">
      <mem type="soa" free="6414952" total="24903680" percent="25" />
      <mem type="loa" free="1310720" total="1310720" percent="100" />
    </mem>
    <remembered-set count="92" />
  </mem-info>
</gc-end>
<cycle-end id="3681" type="scavenge" contextid="3675" timestamp="2019-07-02T20:42:33.496">
  <attribute name="GC Util" value="1" />
  <attribute name="CPU Util" value="532758611943" />
  <attribute name="Time Running"value="14595"/>
  <attribute name="Number of cores"value="4"/>
</cycle-end>
<allocation-satisfied id="3682" threadId="00000000022F5700" bytesRequested="56" />
<af-end id="3683" timestamp="2019-07-02T20:42:33.496" threadId="00000000022F6088" success="true" from="nursery"/>
<exclusive-end id="3684" timestamp="2019-07-02T20:42:33.496" durationms="1.453" />

<exclusive-start id="3685" timestamp="2019-07-02T20:42:33.513" intervalms="18.280">
  <response-info timems="0.068" idlems="0.068" threads="0" lastid="00000000022F5700" lastname="main" />
</exclusive-start>
<af-start id="3686" threadId="00000000022F6088" totalBytesRequested="16" timestamp="2019-07-02T20:42:33.513" intervalms="18.273" type="nursery" />
<cycle-start id="3687" type="scavenge" contextid="0" timestamp="2019-07-02T20:42:33.513" intervalms="18.273" />
  <attribute name="GC Util" value="1" />
  <attribute name="CPU Util" value="532758611943" />
  <attribute name="Time Running"value="14595"/>
  <attribute name="Number of cores"value="4"/>
<gc-start id="3688" type="scavenge" contextid="3687" timestamp="2019-07-02T20:42:33.513">
  <mem-info id="3689" free="7725672" total="44826624" percent="17">
    <mem type="nursery" free="0" total="18612224" percent="0">
      <mem type="allocate" free="0" total="16711680" percent="0" />
      <mem type="survivor" free="0" total="1900544" percent="0" />
    </mem>
    <mem type="tenure" free="7725672" total="26214400" percent="29">
      <mem type="soa" free="6414952" total="24903680" percent="25" />
      <mem type="loa" free="1310720" total="1310720" percent="100" />
    </mem>
    <remembered-set count="96" />
  </mem-info>
</gc-start>
<allocation-stats totalBytes="16660184" >
  <allocated-bytes non-tlh="56" tlh="16660128" />
  <largest-consumer threadName="main" threadId="00000000022F5700" bytes="16660184" />
</allocation-stats>
<gc-op id="3690" type="scavenge" timems="0.170" contextid="3687" timestamp="2019-07-02T20:42:33.514">
  <scavenger-info tenureage="3" tenuremask="ffe8" tiltratio="89" />
  <memory-copied type="nursery" objects="34" bytes="1848" bytesdiscarded="37320" />
</gc-op>
<gc-end id="3691" type="scavenge" contextid="3687" durationms="0.556" usertimems="0.000" systemtimems="0.000" timestamp="2019-07-02T20:42:33.514" activeThreads="4">
  <mem-info id="3692" free="24398184" total="44826624" percent="54">
    <mem type="nursery" free="16672512" total="18612224" percent="89">
      <mem type="allocate" free="16672512" total="16711680" percent="99" />
      <mem type="survivor" free="0" total="1900544" percent="0" />
    </mem>
    <mem type="tenure" free="7725672" total="26214400" percent="29">
      <mem type="soa" free="6414952" total="24903680" percent="25" />
      <mem type="loa" free="1310720" total="1310720" percent="100" />
    </mem>
    <remembered-set count="96" />
  </mem-info>
</gc-end>
<cycle-end id="3693" type="scavenge" contextid="3687" timestamp="2019-07-02T20:42:33.514">
  <attribute name="GC Util" value="2" />
  <attribute name="CPU Util" value="1012686954222" />
  <attribute name="Time Running"value="14614"/>
  <attribute name="Number of cores"value="4"/>
</cycle-end>
<allocation-satisfied id="3694" threadId="00000000022F5700" bytesRequested="16" />
<af-end id="3695" timestamp="2019-07-02T20:42:33.514" threadId="00000000022F6088" success="true" from="nursery"/>
<exclusive-end id="3696" timestamp="2019-07-02T20:42:33.514" durationms="1.438" />

<exclusive-start id="3697" timestamp="2019-07-02T20:42:33.527" intervalms="14.637">
  <response-info timems="0.066" idlems="0.066" threads="0" lastid="00000000022F5700" lastname="main" />
</exclusive-start>
<af-start id="3698" threadId="00000000022F6088" totalBytesRequested="408" timestamp="2019-07-02T20:42:33.527" intervalms="14.647" type="nursery" />
<cycle-start id="3699" type="scavenge" contextid="0" timestamp="2019-07-02T20:42:33.528" intervalms="14.647" />
  <attribute name="GC Util" value="2" />
  <attribute name="CPU Util" value="1012686954222" />
  <attribute name="Time Running"value="14614"/>
  <attribute name="Number of cores"value="4"/>
<gc-start id="3700" type="scavenge" contextid="3699" timestamp="2019-07-02T20:42:33.528">
  <mem-info id="3701" free="7725672" total="44826624" percent="17">
    <mem type="nursery" free="0" total="18612224" percent="0">
      <mem type="allocate" free="0" total="16711680" percent="0" />
      <mem type="survivor" free="0" total="1900544" percent="0" />
    </mem>
    <mem type="tenure" free="7725672" total="26214400" percent="29">
      <mem type="soa" free="6414952" total="24903680" percent="25" />
      <mem type="loa" free="1310720" total="1310720" percent="100" />
    </mem>
    <remembered-set count="96" />
  </mem-info>
</gc-start>
<allocation-stats totalBytes="16659008" >
  <allocated-bytes non-tlh="16" tlh="16658992" />
  <largest-consumer threadName="main" threadId="00000000022F5700" bytes="16659008" />
</allocation-stats>
<gc-op id="3702" type="scavenge" timems="0.188" contextid="3699" timestamp="2019-07-02T20:42:33.528">
  <scavenger-info tenureage="3" tenuremask="fff8" tiltratio="89" />
  <memory-copied type="nursery" objects="32" bytes="1408" bytesdiscarded="37760" />
</gc-op>
<gc-end id="3703" type="scavenge" contextid="3699" durationms="0.605" usertimems="0.000" systemtimems="0.000" timestamp="2019-07-02T20:42:33.528" activeThreads="4">
  <mem-info id="3704" free="24398184" total="44826624" percent="54">
    <mem type="nursery" free="16672512" total="18612224" percent="89">
      <mem type="allocate" free="16672512" total="16711680" percent="99" />
      <mem type="survivor" free="0" total="1900544" percent="0" />
    </mem>
    <mem type="tenure" free="7725672" total="26214400" percent="29">
      <mem type="soa" free="6414952" total="24903680" percent="25" />
      <mem type="loa" free="1310720" total="1310720" percent="100" />
    </mem>
    <remembered-set count="91" />
  </mem-info>
</gc-end>
<cycle-end id="3705" type="scavenge" contextid="3699" timestamp="2019-07-02T20:42:33.529">
  <attribute name="GC Util" value="2" />
  <attribute name="CPU Util" value="1256824948354" />
  <attribute name="Time Running"value="14628"/>
  <attribute name="Number of cores"value="4"/>
</cycle-end>
<allocation-satisfied id="3706" threadId="00000000022F5700" bytesRequested="408" />
<af-end id="3707" timestamp="2019-07-02T20:42:33.529" threadId="00000000022F6088" success="true" from="nursery"/>
<exclusive-end id="3708" timestamp="2019-07-02T20:42:33.529" durationms="1.443" />

<exclusive-start id="3709" timestamp="2019-07-02T20:42:33.542" intervalms="14.607">
  <response-info timems="0.053" idlems="0.053" threads="0" lastid="00000000022F5700" lastname="main" />
</exclusive-start>
<af-start id="3710" threadId="00000000022F6088" totalBytesRequested="408" timestamp="2019-07-02T20:42:33.542" intervalms="14.598" type="nursery" />
<cycle-start id="3711" type="scavenge" contextid="0" timestamp="2019-07-02T20:42:33.542" intervalms="14.590" />
  <attribute name="GC Util" value="2" />
  <attribute name="CPU Util" value="1256824948354" />
  <attribute name="Time Running"value="14628"/>
  <attribute name="Number of cores"value="4"/>
<gc-start id="3712" type="scavenge" contextid="3711" timestamp="2019-07-02T20:42:33.542">
  <mem-info id="3713" free="7725672" total="44826624" percent="17">
    <mem type="nursery" free="0" total="18612224" percent="0">
      <mem type="allocate" free="0" total="16711680" percent="0" />
      <mem type="survivor" free="0" total="1900544" percent="0" />
    </mem>
    <mem type="tenure" free="7725672" total="26214400" percent="29">
      <mem type="soa" free="6414952" total="24903680" percent="25" />
      <mem type="loa" free="1310720" total="1310720" percent="100" />
    </mem>
    <remembered-set count="91" />
  </mem-info>
</gc-start>
<allocation-stats totalBytes="16659448" >
  <allocated-bytes non-tlh="408" tlh="16659040" />
  <largest-consumer threadName="main" threadId="00000000022F5700" bytes="16659448" />
</allocation-stats>
<gc-op id="3714" type="scavenge" timems="0.188" contextid="3711" timestamp="2019-07-02T20:42:33.543">
  <scavenger-info tenureage="3" tenuremask="fff8" tiltratio="89" />
  <memory-copied type="nursery" objects="32" bytes="1408" bytesdiscarded="37760" />
</gc-op>
<gc-end id="3715" type="scavenge" contextid="3711" durationms="0.615" usertimems="0.000" systemtimems="0.000" timestamp="2019-07-02T20:42:33.543" activeThreads="4">
  <mem-info id="3716" free="24398184" total="44826624" percent="54">
    <mem type="nursery" free="16672512" total="18612224" percent="89">
      <mem type="allocate" free="16672512" total="16711680" percent="99" />
      <mem type="survivor" free="0" total="1900544" percent="0" />
    </mem>
    <mem type="tenure" free="7725672" total="26214400" percent="29">
      <mem type="soa" free="6414952" total="24903680" percent="25" />
      <mem type="loa" free="1310720" total="1310720" percent="100" />
    </mem>
    <remembered-set count="91" />
  </mem-info>
</gc-end>
<cycle-end id="3717" type="scavenge" contextid="3711" timestamp="2019-07-02T20:42:33.543">
  <attribute name="GC Util" value="2" />
  <attribute name="CPU Util" value="1263799791712" />
  <attribute name="Time Running"value="14643"/>
  <attribute name="Number of cores"value="4"/>
</cycle-end>
<allocation-satisfied id="3718" threadId="00000000022F5700" bytesRequested="408" />
<af-end id="3719" timestamp="2019-07-02T20:42:33.543" threadId="00000000022F6088" success="true" from="nursery"/>
<exclusive-end id="3720" timestamp="2019-07-02T20:42:33.543" durationms="1.420" />

<exclusive-start id="3721" timestamp="2019-07-02T20:42:33.557" intervalms="14.671">
  <response-info timems="0.070" idlems="0.070" threads="0" lastid="00000000022F5700" lastname="main" />
</exclusive-start>
<af-start id="3722" threadId="00000000022F6088" totalBytesRequested="408" timestamp="2019-07-02T20:42:33.557" intervalms="14.637" type="nursery" />
<cycle-start id="3723" type="scavenge" contextid="0" timestamp="2019-07-02T20:42:33.557" intervalms="14.594" />
  <attribute name="GC Util" value="2" />
  <attribute name="CPU Util" value="1263799791712" />
  <attribute name="Time Running"value="14643"/>
  <attribute name="Number of cores"value="4"/>
<gc-start id="3724" type="scavenge" contextid="3723" timestamp="2019-07-02T20:42:33.557">
  <mem-info id="3725" free="7725672" total="44826624" percent="17">
    <mem type="nursery" free="0" total="18612224" percent="0">
      <mem type="allocate" free="0" total="16711680" percent="0" />
      <mem type="survivor" free="0" total="1900544" percent="0" />
    </mem>
    <mem type="tenure" free="7725672" total="26214400" percent="29">
      <mem type="soa" free="6414952" total="24903680" percent="25" />
      <mem type="loa" free="1310720" total="1310720" percent="100" />
    </mem>
    <remembered-set count="91" />
  </mem-info>
</gc-start>
<allocation-stats totalBytes="16659448" >
  <allocated-bytes non-tlh="408" tlh="16659040" />
  <largest-consumer threadName="main" threadId="00000000022F5700" bytes="16659448" />
</allocation-stats>
<gc-op id="3726" type="scavenge" timems="0.227" contextid="3723" timestamp="2019-07-02T20:42:33.557">
  <scavenger-info tenureage="3" tenuremask="fff8" tiltratio="89" />
  <memory-copied type="nursery" objects="6" bytes="168" bytesdiscarded="39000" />
  <memory-copied type="tenure" objects="26" bytes="1240" bytesdiscarded="0" />
</gc-op>
<gc-end id="3727" type="scavenge" contextid="3723" durationms="0.554" usertimems="0.000" systemtimems="0.000" timestamp="2019-07-02T20:42:33.557" activeThreads="4">
  <mem-info id="3728" free="24398184" total="44826624" percent="54">
    <mem type="nursery" free="16672512" total="18612224" percent="89">
      <mem type="allocate" free="16672512" total="16711680" percent="99" />
      <mem type="survivor" free="0" total="1900544" percent="0" />
    </mem>
    <mem type="tenure" free="7725672" total="26214400" percent="29">
      <mem type="soa" free="6414952" total="24903680" percent="25" />
      <mem type="loa" free="1310720" total="1310720" percent="100" />
    </mem>
    <remembered-set count="93" />
  </mem-info>
</gc-end>
<cycle-end id="3729" type="scavenge" contextid="3723" timestamp="2019-07-02T20:42:33.558">
  <attribute name="GC Util" value="2" />
  <attribute name="CPU Util" value="1277030333248" />
  <attribute name="Time Running"value="14657"/>
  <attribute name="Number of cores"value="4"/>
</cycle-end>
<allocation-satisfied id="3730" threadId="00000000022F5700" bytesRequested="408" />
<af-end id="3731" timestamp="2019-07-02T20:42:33.558" threadId="00000000022F6088" success="true" from="nursery"/>
<exclusive-end id="3732" timestamp="2019-07-02T20:42:33.558" durationms="1.280" />

<exclusive-start id="3733" timestamp="2019-07-02T20:42:33.588" intervalms="31.622">
  <response-info timems="0.102" idlems="0.102" threads="0" lastid="00000000022F5700" lastname="main" />
</exclusive-start>
<af-start id="3734" threadId="00000000022F6088" totalBytesRequested="2008" timestamp="2019-07-02T20:42:33.588" intervalms="31.664" type="nursery" />
<cycle-start id="3735" type="scavenge" contextid="0" timestamp="2019-07-02T20:42:33.588" intervalms="31.668" />
  <attribute name="GC Util" value="2" />
  <attribute name="CPU Util" value="1277030333248" />
  <attribute name="Time Running"value="14657"/>
  <attribute name="Number of cores"value="4"/>
<gc-start id="3736" type="scavenge" contextid="3735" timestamp="2019-07-02T20:42:33.589">
  <mem-info id="3737" free="7698656" total="44826624" percent="17">
    <mem type="nursery" free="0" total="18612224" percent="0">
      <mem type="allocate" free="0" total="16711680" percent="0" />
      <mem type="survivor" free="0" total="1900544" percent="0" />
    </mem>
    <mem type="tenure" free="7698656" total="26214400" percent="29">
      <mem type="soa" free="6387936" total="24903680" percent="25" />
      <mem type="loa" free="1310720" total="1310720" percent="100" />
    </mem>
    <remembered-set count="206" />
  </mem-info>
</gc-start>
<allocation-stats totalBytes="16683136" >
  <allocated-bytes non-tlh="27424" tlh="16655712" />
  <largest-consumer threadName="main" threadId="00000000022F5700" bytes="16683136" />
</allocation-stats>
<gc-op id="3738" type="scavenge" timems="0.383" contextid="3735" timestamp="2019-07-02T20:42:33.589">
  <scavenger-info tenureage="3" tenuremask="ffe8" tiltratio="89" />
  <memory-copied type="nursery" objects="1220" bytes="76616" bytesdiscarded="40880" />
  <references type="soft" candidates="9" cleared="0" enqueued="0" dynamicThreshold="9" maxThreshold="32" />
  <references type="weak" candidates="64" cleared="18" enqueued="11" />
</gc-op>
<gc-end id="3739" type="scavenge" contextid="3735" durationms="0.663" usertimems="0.000" systemtimems="0.000" timestamp="2019-07-02T20:42:33.589" activeThreads="4">
  <mem-info id="3740" free="24292832" total="44826624" percent="54">
    <mem type="nursery" free="16594176" total="18612224" percent="89">
      <mem type="allocate" free="16594176" total="16711680" percent="99" />
      <mem type="survivor" free="0" total="1900544" percent="0" />
    </mem>
    <mem type="tenure" free="7698656" total="26214400" percent="29">
      <mem type="soa" free="6387936" total="24903680" percent="25" />
      <mem type="loa" free="1310720" total="1310720" percent="100" />
    </mem>
    <pending-finalizers system="0" default="0" reference="11" classloader="0" />
    <remembered-set count="206" />
  </mem-info>
</gc-end>
<cycle-end id="3741" type="scavenge" contextid="3735" timestamp="2019-07-02T20:42:33.589">
  <attribute name="GC Util" value="1" />
  <attribute name="CPU Util" value="582388188841" />
  <attribute name="Time Running"value="14689"/>
  <attribute name="Number of cores"value="4"/>
</cycle-end>
<allocation-satisfied id="3742" threadId="00000000022F5700" bytesRequested="2008" />
<af-end id="3743" timestamp="2019-07-02T20:42:33.590" threadId="00000000022F6088" success="true" from="nursery"/>
<exclusive-end id="3744" timestamp="2019-07-02T20:42:33.590" durationms="1.476" />

<exclusive-start id="3745" timestamp="2019-07-02T20:42:33.620" intervalms="32.303">
  <response-info timems="0.102" idlems="0.102" threads="0" lastid="00000000022F5700" lastname="main" />
</exclusive-start>
<af-start id="3746" threadId="00000000022F6088" totalBytesRequested="2016" timestamp="2019-07-02T20:42:33.621" intervalms="32.350" type="nursery" />
<cycle-start id="3747" type="scavenge" contextid="0" timestamp="2019-07-02T20:42:33.621" intervalms="32.416" />
  <attribute name="GC Util" value="1" />
  <attribute name="CPU Util" value="582388188841" />
  <attribute name="Time Running"value="14689"/>
  <attribute name="Number of cores"value="4"/>
<gc-start id="3748" type="scavenge" contextid="3747" timestamp="2019-07-02T20:42:33.621">
  <mem-info id="3749" free="7698656" total="44826624" percent="17">
    <mem type="nursery" free="0" total="18612224" percent="0">
      <mem type="allocate" free="0" total="16711680" percent="0" />
      <mem type="survivor" free="0" total="1900544" percent="0" />
    </mem>
    <mem type="tenure" free="7698656" total="26214400" percent="29">
      <mem type="soa" free="6387936" total="24903680" percent="25" />
      <mem type="loa" free="1310720" total="1310720" percent="100" />
    </mem>
    <remembered-set count="208" />
  </mem-info>
</gc-start>
<allocation-stats totalBytes="16571024" >
  <allocated-bytes non-tlh="2008" tlh="16569016" />
  <largest-consumer threadName="main" threadId="00000000022F5700" bytes="16566928" />
</allocation-stats>
<gc-op id="3750" type="scavenge" timems="0.383" contextid="3747" timestamp="2019-07-02T20:42:33.622">
  <scavenger-info tenureage="3" tenuremask="fff8" tiltratio="89" />
  <memory-copied type="nursery" objects="1215" bytes="80840" bytesdiscarded="75824" />
  <references type="soft" candidates="9" cleared="0" enqueued="0" dynamicThreshold="9" maxThreshold="32" />
  <references type="weak" candidates="46" cleared="0" enqueued="0" />
</gc-op>
<gc-end id="3751" type="scavenge" contextid="3747" durationms="0.827" usertimems="0.000" systemtimems="0.000" timestamp="2019-07-02T20:42:33.622" activeThreads="4">
  <mem-info id="3752" free="24253664" total="44826624" percent="54">
    <mem type="nursery" free="16555008" total="18612224" percent="88">
      <mem type="allocate" free="16555008" total="16711680" percent="99" />
      <mem type="survivor" free="0" total="1900544" percent="0" />
    </mem>
    <mem type="tenure" free="7698656" total="26214400" percent="29">
      <mem type="soa" free="6387936" total="24903680" percent="25" />
      <mem type="loa" free="1310720" total="1310720" percent="100" />
    </mem>
    <remembered-set count="200" />
  </mem-info>
</gc-end>
<cycle-end id="3753" type="scavenge" contextid="3747" timestamp="2019-07-02T20:42:33.622">
  <attribute name="GC Util" value="2" />
  <attribute name="CPU Util" value="566617489664" />
  <attribute name="Time Running"value="14721"/>
  <attribute name="Number of cores"value="4"/>
</cycle-end>
<allocation-satisfied id="3754" threadId="00000000022F5700" bytesRequested="2016" />
<af-end id="3755" timestamp="2019-07-02T20:42:33.622" threadId="00000000022F6088" success="true" from="nursery"/>
<exclusive-end id="3756" timestamp="2019-07-02T20:42:33.622" durationms="1.832" />

<exclusive-start id="3757" timestamp="2019-07-02T20:42:33.651" intervalms="30.176">
  <response-info timems="0.079" idlems="0.079" threads="0" lastid="00000000022F5700" lastname="main" />
</exclusive-start>
<af-start id="3758" threadId="00000000022F6088" totalBytesRequested="1016" timestamp="2019-07-02T20:42:33.651" intervalms="30.168" type="nursery" />
<cycle-start id="3759" type="scavenge" contextid="0" timestamp="2019-07-02T20:42:33.651" intervalms="30.157" />
  <attribute name="GC Util" value="2" />
  <attribute name="CPU Util" value="566617489664" />
  <attribute name="Time Running"value="14721"/>
  <attribute name="Number of cores"value="4"/>
<gc-start id="3760" type="scavenge" contextid="3759" timestamp="2019-07-02T20:42:33.651">
  <mem-info id="3761" free="7698656" total="44826624" percent="17">
    <mem type="nursery" free="0" total="18612224" percent="0">
      <mem type="allocate" free="0" total="16711680" percent="0" />
      <mem type="survivor" free="0" total="1900544" percent="0" />
    </mem>
    <mem type="tenure" free="7698656" total="26214400" percent="29">
      <mem type="soa" free="6387936" total="24903680" percent="25" />
      <mem type="loa" free="1310720" total="1310720" percent="100" />
    </mem>
    <remembered-set count="200" />
  </mem-info>
</gc-start>
<allocation-stats totalBytes="16528480" >
  <allocated-bytes non-tlh="2016" tlh="16526464" />
  <largest-consumer threadName="main" threadId="00000000022F5700" bytes="16528480" />
</allocation-stats>
<gc-op id="3762" type="scavenge" timems="0.333" contextid="3759" timestamp="2019-07-02T20:42:33.652">
  <scavenger-info tenureage="3" tenuremask="fff8" tiltratio="89" />
  <memory-copied type="nursery" objects="1215" bytes="78840" bytesdiscarded="77824" />
  <references type="soft" candidates="9" cleared="0" enqueued="0" dynamicThreshold="9" maxThreshold="32" />
  <references type="weak" candidates="46" cleared="0" enqueued="0" />
</gc-op>
<gc-end id="3763" type="scavenge" contextid="3759" durationms="0.782" usertimems="0.000" systemtimems="0.000" timestamp="2019-07-02T20:42:33.652" activeThreads="4">
  <mem-info id="3764" free="24253664" total="44826624" percent="54">
    <mem type="nursery" free="16555008" total="18612224" percent="88">
      <mem type="allocate" free="16555008" total="16711680" percent="99" />
      <mem type="survivor" free="0" total="1900544" percent="0" />
    </mem>
    <mem type="tenure" free="7698656" total="26214400" percent="29">
      <mem type="soa" free="6387936" total="24903680" percent="25" />
      <mem type="loa" free="1310720" total="1310720" percent="100" />
    </mem>
    <remembered-set count="151" />
  </mem-info>
</gc-end>
<cycle-end id="3765" type="scavenge" contextid="3759" timestamp="2019-07-02T20:42:33.652">
  <attribute name="GC Util" value="2" />
  <attribute name="CPU Util" value="610124221373" />
  <attribute name="Time Running"value="14752"/>
  <attribute name="Number of cores"value="4"/>
</cycle-end>
<allocation-satisfied id="3766" threadId="00000000022F5700" bytesRequested="1016" />
<af-end id="3767" timestamp="2019-07-02T20:42:33.652" threadId="00000000022F6088" success="true" from="nursery"/>
<exclusive-end id="3768" timestamp="2019-07-02T20:42:33.652" durationms="1.717" />

<exclusive-start id="3769" timestamp="2019-07-02T20:42:33.680" intervalms="29.680">
  <response-info timems="0.073" idlems="0.073" threads="0" lastid="00000000022F5700" lastname="main" />
</exclusive-start>
<af-start id="3770" threadId="00000000022F6088" totalBytesRequested="16" timestamp="2019-07-02T20:42:33.681" intervalms="29.651" type="nursery" />
<cycle-start id="3771" type="scavenge" contextid="0" timestamp="2019-07-02T20:42:33.681" intervalms="29.645" />
  <attribute name="GC Util" value="2" />
  <attribute name="CPU Util" value="610124221373" />
  <attribute name="Time Running"value="14752"/>
  <attribute name="Number of cores"value="4"/>
<gc-start id="3772" type="scavenge" contextid="3771" timestamp="2019-07-02T20:42:33.681">
  <mem-info id="3773" free="7698656" total="44826624" percent="17">
    <mem type="nursery" free="0" total="18612224" percent="0">
      <mem type="allocate" free="0" total="16711680" percent="0" />
      <mem type="survivor" free="0" total="1900544" percent="0" />
    </mem>
    <mem type="tenure" free="7698656" total="26214400" percent="29">
      <mem type="soa" free="6387936" total="24903680" percent="25" />
      <mem type="loa" free="1310720" total="1310720" percent="100" />
    </mem>
    <remembered-set count="151" />
  </mem-info>
</gc-start>
<allocation-stats totalBytes="16530248" >
  <allocated-bytes non-tlh="1016" tlh="16529232" />
  <largest-consumer threadName="main" threadId="00000000022F5700" bytes="16530248" />
</allocation-stats>
<gc-op id="3774" type="scavenge" timems="0.309" contextid="3771" timestamp="2019-07-02T20:42:33.681">
  <scavenger-info tenureage="3" tenuremask="fff8" tiltratio="89" />
  <memory-copied type="nursery" objects="8" bytes="6656" bytesdiscarded="260024" />
  <memory-copied type="tenure" objects="1207" bytes="74184" bytesdiscarded="568" />
</gc-op>
<gc-end id="3775" type="scavenge" contextid="3771" durationms="0.748" usertimems="0.000" systemtimems="0.000" timestamp="2019-07-02T20:42:33.682" activeThreads="4">
  <mem-info id="3776" free="23990792" total="44826624" percent="53">
    <mem type="nursery" free="16445000" total="18612224" percent="88">
      <mem type="allocate" free="16445000" total="16711680" percent="98" />
      <mem type="survivor" free="0" total="1900544" percent="0" />
    </mem>
    <mem type="tenure" free="7545792" total="26214400" percent="28">
      <mem type="soa" free="6235072" total="24903680" percent="25" />
      <mem type="loa" free="1310720" total="1310720" percent="100" />
    </mem>
    <remembered-set count="100" />
  </mem-info>
</gc-end>
<cycle-end id="3777" type="scavenge" contextid="3771" timestamp="2019-07-02T20:42:33.682">
  <attribute name="GC Util" value="2" />
  <attribute name="CPU Util" value="622960130318" />
  <attribute name="Time Running"value="14781"/>
  <attribute name="Number of cores"value="4"/>
</cycle-end>
<allocation-satisfied id="3778" threadId="00000000022F5700" bytesRequested="16" />
<af-end id="3779" timestamp="2019-07-02T20:42:33.682" threadId="00000000022F6088" success="true" from="nursery"/>
<exclusive-end id="3780" timestamp="2019-07-02T20:42:33.682" durationms="1.623" />

<exclusive-start id="3781" timestamp="2019-07-02T20:42:33.710" intervalms="29.444">
  <response-info timems="0.069" idlems="0.069" threads="0" lastid="00000000022F5700" lastname="main" />
</exclusive-start>
<af-start id="3782" threadId="00000000022F6088" totalBytesRequested="2008" timestamp="2019-07-02T20:42:33.710" intervalms="29.440" type="nursery" />
<cycle-start id="3783" type="scavenge" contextid="0" timestamp="2019-07-02T20:42:33.710" intervalms="29.443" />
  <attribute name="GC Util" value="2" />
  <attribute name="CPU Util" value="622960130318" />
  <attribute name="Time Running"value="14781"/>
  <attribute name="Number of cores"value="4"/>
<gc-start id="3784" type="scavenge" contextid="3783" timestamp="2019-07-02T20:42:33.710">
  <mem-info id="3785" free="7545792" total="44826624" percent="16">
    <mem type="nursery" free="0" total="18612224" percent="0">
      <mem type="allocate" free="0" total="16711680" percent="0" />
      <mem type="survivor" free="0" total="1900544" percent="0" />
    </mem>
    <mem type="tenure" free="7545792" total="26214400" percent="28">
      <mem type="soa" free="6235072" total="24903680" percent="25" />
      <mem type="loa" free="1310720" total="1310720" percent="100" />
    </mem>
    <remembered-set count="101" />
  </mem-info>
</gc-start>
<allocation-stats totalBytes="16421240" >
  <allocated-bytes non-tlh="16" tlh="16421224" />
  <largest-consumer threadName="main" threadId="00000000022F5700" bytes="16421240" />
</allocation-stats>
<gc-op id="3786" type="scavenge" timems="0.200" contextid="3783" timestamp="2019-07-02T20:42:33.711">
  <scavenger-info tenureage="3" tenuremask="ffe8" tiltratio="89" />
  <memory-copied type="nursery" objects="2" bytes="56" bytesdiscarded="39112" />
  <memory-copied type="tenure" objects="5" bytes="2600" bytesdiscarded="0" />
</gc-op>
<gc-end id="3787" type="scavenge" contextid="3783" durationms="0.651" usertimems="0.000" systemtimems="0.000" timestamp="2019-07-02T20:42:33.711" activeThreads="4">
  <mem-info id="3788" free="24218304" total="44826624" percent="54">
    <mem type="nursery" free="16672512" total="18612224" percent="89">
      <mem type="allocate" free="16672512" total="16711680" percent="99" />
      <mem type="survivor" free="0" total="1900544" percent="0" />
    </mem>
    <mem type="tenure" free="7545792" total="26214400" percent="28">
      <mem type="soa" free="6235072" total="24903680" percent="25" />
      <mem type="loa" free="1310720" total="1310720" percent="100" />
    </mem>
    <remembered-set count="96" />
  </mem-info>
</gc-end>
<cycle-end id="3789" type="scavenge" contextid="3783" timestamp="2019-07-02T20:42:33.711">
  <attribute name="GC Util" value="2" />
  <attribute name="CPU Util" value="626912238117" />
  <attribute name="Time Running"value="14811"/>
  <attribute name="Number of cores"value="4"/>
</cycle-end>
<allocation-satisfied id="3790" threadId="00000000022F5700" bytesRequested="2008" />
<af-end id="3791" timestamp="2019-07-02T20:42:33.711" threadId="00000000022F6088" success="true" from="nursery"/>
<exclusive-end id="3792" timestamp="2019-07-02T20:42:33.711" durationms="1.494" />

<exclusive-start id="3793" timestamp="2019-07-02T20:42:33.819" intervalms="109.593">
  <response-info timems="0.064" idlems="0.064" threads="0" lastid="00000000022F5700" lastname="main" />
</exclusive-start>
<af-start id="3794" threadId="00000000022F6088" totalBytesRequested="32" timestamp="2019-07-02T20:42:33.820" intervalms="109.659" type="nursery" />
<cycle-start id="3795" type="scavenge" contextid="0" timestamp="2019-07-02T20:42:33.820" intervalms="109.680" />
  <attribute name="GC Util" value="2" />
  <attribute name="CPU Util" value="626912238117" />
  <attribute name="Time Running"value="14811"/>
  <attribute name="Number of cores"value="4"/>
<gc-start id="3796" type="scavenge" contextid="3795" timestamp="2019-07-02T20:42:33.820">
  <mem-info id="3797" free="7545792" total="44826624" percent="16">
    <mem type="nursery" free="0" total="18612224" percent="0">
      <mem type="allocate" free="0" total="16711680" percent="0" />
      <mem type="survivor" free="0" total="1900544" percent="0" />
    </mem>
    <mem type="tenure" free="7545792" total="26214400" percent="28">
      <mem type="soa" free="6235072" total="24903680" percent="25" />
      <mem type="loa" free="1310720" total="1310720" percent="100" />
    </mem>
    <remembered-set count="102" />
  </mem-info>
</gc-start>
<allocation-stats totalBytes="16662232" >
  <allocated-bytes non-tlh="2008" tlh="16660224" />
  <largest-consumer threadName="main" threadId="00000000022F5700" bytes="16662232" />
</allocation-stats>
<gc-op id="3798" type="scavenge" timems="0.240" contextid="3795" timestamp="2019-07-02T20:42:33.821">
  <scavenger-info tenureage="3" tenuremask="ffe8" tiltratio="89" />
  <memory-copied type="nursery" objects="45" bytes="1384" bytesdiscarded="107672" />
  <references type="weak" candidates="18" cleared="0" enqueued="0" />
</gc-op>
<gc-end id="3799" type="scavenge" contextid="3795" durationms="0.796" usertimems="0.000" systemtimems="0.000" timestamp="2019-07-02T20:42:33.821" activeThreads="4">
  <mem-info id="3800" free="24148416" total="44826624" percent="53">
    <mem type="nursery" free="16602624" total="18612224" percent="89">
      <mem type="allocate" free="16602624" total="16711680" percent="99" />
      <mem type="survivor" free="0" total="1900544" percent="0" />
    </mem>
    <mem type="tenure" free="7545792" total="26214400" percent="28">
      <mem type="soa" free="6235072" total="24903680" percent="25" />
      <mem type="loa" free="1310720" total="1310720" percent="100" />
    </mem>
    <remembered-set count="99" />
  </mem-info>
</gc-end>
<cycle-end id="3801" type="scavenge" contextid="3795" timestamp="2019-07-02T20:42:33.821">
  <attribute name="GC Util" value="0" />
  <attribute name="CPU Util" value="167977479289" />
  <attribute name="Time Running"value="14921"/>
  <attribute name="Number of cores"value="4"/>
</cycle-end>
<allocation-satisfied id="3802" threadId="00000000022F5700" bytesRequested="32" />
<af-end id="3803" timestamp="2019-07-02T20:42:33.821" threadId="00000000022F6088" success="true" from="nursery"/>
<exclusive-end id="3804" timestamp="2019-07-02T20:42:33.821" durationms="1.755" />

<exclusive-start id="3805" timestamp="2019-07-02T20:42:33.943" intervalms="123.950">
  <response-info timems="0.057" idlems="0.057" threads="0" lastid="00000000022F5700" lastname="main" />
</exclusive-start>
<af-start id="3806" threadId="00000000022F6088" totalBytesRequested="16" timestamp="2019-07-02T20:42:33.944" intervalms="123.968" type="nursery" />
<cycle-start id="3807" type="scavenge" contextid="0" timestamp="2019-07-02T20:42:33.944" intervalms="123.954" />
  <attribute name="GC Util" value="0" />
  <attribute name="CPU Util" value="167977479289" />
  <attribute name="Time Running"value="14921"/>
  <attribute name="Number of cores"value="4"/>
<gc-start id="3808" type="scavenge" contextid="3807" timestamp="2019-07-02T20:42:33.944">
  <mem-info id="3809" free="7545792" total="44826624" percent="16">
    <mem type="nursery" free="0" total="18612224" percent="0">
      <mem type="allocate" free="0" total="16711680" percent="0" />
      <mem type="survivor" free="0" total="1900544" percent="0" />
    </mem>
    <mem type="tenure" free="7545792" total="26214400" percent="28">
      <mem type="soa" free="6235072" total="24903680" percent="25" />
      <mem type="loa" free="1310720" total="1310720" percent="100" />
    </mem>
    <remembered-set count="101" />
  </mem-info>
</gc-start>
<allocation-stats totalBytes="16600344" >
  <allocated-bytes non-tlh="32" tlh="16600312" />
  <largest-consumer threadName="main" threadId="00000000022F5700" bytes="16600344" />
</allocation-stats>
<gc-op id="3810" type="scavenge" timems="0.396" contextid="3807" timestamp="2019-07-02T20:42:33.945">
  <scavenger-info tenureage="3" tenuremask="fff8" tiltratio="89" />
  <memory-copied type="nursery" objects="68" bytes="2200" bytesdiscarded="137576" />
  <references type="weak" candidates="34" cleared="0" enqueued="0" />
</gc-op>
<gc-end id="3811" type="scavenge" contextid="3807" durationms="0.932" usertimems="4.000" systemtimems="0.000" timestamp="2019-07-02T20:42:33.945" activeThreads="4">
  <mem-info id="3812" free="24117696" total="44826624" percent="53">
    <mem type="nursery" free="16571904" total="18612224" percent="89">
      <mem type="allocate" free="16571904" total="16711680" percent="99" />
      <mem type="survivor" free="0" total="1900544" percent="0" />
    </mem>
    <mem type="tenure" free="7545792" total="26214400" percent="28">
      <mem type="soa" free="6235072" total="24903680" percent="25" />
      <mem type="loa" free="1310720" total="1310720" percent="100" />
    </mem>
    <remembered-set count="94" />
  </mem-info>
</gc-end>
<cycle-end id="3813" type="scavenge" contextid="3807" timestamp="2019-07-02T20:42:33.945">
  <attribute name="GC Util" value="0" />
  <attribute name="CPU Util" value="148825730294" />
  <attribute name="Time Running"value="15045"/>
  <attribute name="Number of cores"value="4"/>
</cycle-end>
<allocation-satisfied id="3814" threadId="00000000022F5700" bytesRequested="16" />
<af-end id="3815" timestamp="2019-07-02T20:42:33.945" threadId="00000000022F6088" success="true" from="nursery"/>
<exclusive-end id="3816" timestamp="2019-07-02T20:42:33.945" durationms="1.871" />

<exclusive-start id="3817" timestamp="2019-07-02T20:42:33.996" intervalms="52.289">
  <response-info timems="0.055" idlems="0.055" threads="0" lastid="00000000022F5700" lastname="main" />
</exclusive-start>
<af-start id="3818" threadId="00000000022F6088" totalBytesRequested="80" timestamp="2019-07-02T20:42:33.996" intervalms="52.236" type="nursery" />
<cycle-start id="3819" type="scavenge" contextid="0" timestamp="2019-07-02T20:42:33.996" intervalms="52.252" />
  <attribute name="GC Util" value="0" />
  <attribute name="CPU Util" value="148825730294" />
  <attribute name="Time Running"value="15045"/>
  <attribute name="Number of cores"value="4"/>
<gc-start id="3820" type="scavenge" contextid="3819" timestamp="2019-07-02T20:42:33.996">
  <mem-info id="3821" free="7545792" total="44826624" percent="16">
    <mem type="nursery" free="0" total="18612224" percent="0">
      <mem type="allocate" free="0" total="16711680" percent="0" />
      <mem type="survivor" free="0" total="1900544" percent="0" />
    </mem>
    <mem type="tenure" free="7545792" total="26214400" percent="28">
      <mem type="soa" free="6235072" total="24903680" percent="25" />
      <mem type="loa" free="1310720" total="1310720" percent="100" />
    </mem>
    <remembered-set count="94" />
  </mem-info>
</gc-start>
<allocation-stats totalBytes="16568912" >
  <allocated-bytes non-tlh="16" tlh="16568896" />
  <largest-consumer threadName="main" threadId="00000000022F5700" bytes="16568912" />
</allocation-stats>
<gc-op id="3822" type="scavenge" timems="0.258" contextid="3819" timestamp="2019-07-02T20:42:33.997">
  <scavenger-info tenureage="3" tenuremask="fff8" tiltratio="89" />
  <memory-copied type="nursery" objects="66" bytes="2080" bytesdiscarded="106976" />
  <references type="weak" candidates="34" cleared="0" enqueued="0" />
</gc-op>
<gc-end id="3823" type="scavenge" contextid="3819" durationms="0.789" usertimems="0.000" systemtimems="0.000" timestamp="2019-07-02T20:42:33.997" activeThreads="4">
  <mem-info id="3824" free="24148416" total="44826624" percent="53">
    <mem type="nursery" free="16602624" total="18612224" percent="89">
      <mem type="allocate" free="16602624" total="16711680" percent="99" />
      <mem type="survivor" free="0" total="1900544" percent="0" />
    </mem>
    <mem type="tenure" free="7545792" total="26214400" percent="28">
      <mem type="soa" free="6235072" total="24903680" percent="25" />
      <mem type="loa" free="1310720" total="1310720" percent="100" />
    </mem>
    <remembered-set count="94" />
  </mem-info>
</gc-end>
<cycle-end id="3825" type="scavenge" contextid="3819" timestamp="2019-07-02T20:42:33.997">
  <attribute name="GC Util" value="1" />
  <attribute name="CPU Util" value="353095523919" />
  <attribute name="Time Running"value="15097"/>
  <attribute name="Number of cores"value="4"/>
</cycle-end>
<allocation-satisfied id="3826" threadId="00000000022F5700" bytesRequested="80" />
<af-end id="3827" timestamp="2019-07-02T20:42:33.997" threadId="00000000022F6088" success="true" from="nursery"/>
<exclusive-end id="3828" timestamp="2019-07-02T20:42:33.997" durationms="1.750" />

<exclusive-start id="3829" timestamp="2019-07-02T20:42:34.045" intervalms="49.300">
  <response-info timems="0.056" idlems="0.056" threads="0" lastid="00000000022F5700" lastname="main" />
</exclusive-start>
<af-start id="3830" threadId="00000000022F6088" totalBytesRequested="40" timestamp="2019-07-02T20:42:34.045" intervalms="49.285" type="nursery" />
<cycle-start id="3831" type="scavenge" contextid="0" timestamp="2019-07-02T20:42:34.045" intervalms="49.225" />
  <attribute name="GC Util" value="1" />
  <attribute name="CPU Util" value="353095523919" />
  <attribute name="Time Running"value="15097"/>
  <attribute name="Number of cores"value="4"/>
<gc-start id="3832" type="scavenge" contextid="3831" timestamp="2019-07-02T20:42:34.045">
  <mem-info id="3833" free="7545792" total="44826624" percent="16">
    <mem type="nursery" free="0" total="18612224" percent="0">
      <mem type="allocate" free="0" total="16711680" percent="0" />
      <mem type="survivor" free="0" total="1900544" percent="0" />
    </mem>
    <mem type="tenure" free="7545792" total="26214400" percent="28">
      <mem type="soa" free="6235072" total="24903680" percent="25" />
      <mem type="loa" free="1310720" total="1310720" percent="100" />
    </mem>
    <remembered-set count="94" />
  </mem-info>
</gc-start>
<allocation-stats totalBytes="16599520" >
  <allocated-bytes non-tlh="80" tlh="16599440" />
  <largest-consumer threadName="main" threadId="00000000022F5700" bytes="16599520" />
</allocation-stats>
<gc-op id="3834" type="scavenge" timems="0.264" contextid="3831" timestamp="2019-07-02T20:42:34.046">
  <scavenger-info tenureage="3" tenuremask="fff8" tiltratio="89" />
  <memory-copied type="nursery" objects="46" bytes="1512" bytesdiscarded="107544" />
  <memory-copied type="tenure" objects="26" bytes="760" bytesdiscarded="0" />
  <references type="weak" candidates="16" cleared="0" enqueued="0" />
</gc-op>
<gc-end id="3835" type="scavenge" contextid="3831" durationms="0.752" usertimems="0.000" systemtimems="0.000" timestamp="2019-07-02T20:42:34.046" activeThreads="4">
  <mem-info id="3836" free="24148416" total="44826624" percent="53">
    <mem type="nursery" free="16602624" total="18612224" percent="89">
      <mem type="allocate" free="16602624" total="16711680" percent="99" />
      <mem type="survivor" free="0" total="1900544" percent="0" />
    </mem>
    <mem type="tenure" free="7545792" total="26214400" percent="28">
      <mem type="soa" free="6235072" total="24903680" percent="25" />
      <mem type="loa" free="1310720" total="1310720" percent="100" />
    </mem>
    <remembered-set count="90" />
  </mem-info>
</gc-end>
<cycle-end id="3837" type="scavenge" contextid="3831" timestamp="2019-07-02T20:42:34.046">
  <attribute name="GC Util" value="1" />
  <attribute name="CPU Util" value="374828092802" />
  <attribute name="Time Running"value="15146"/>
  <attribute name="Number of cores"value="4"/>
</cycle-end>
<allocation-satisfied id="3838" threadId="00000000022F5700" bytesRequested="40" />
<af-end id="3839" timestamp="2019-07-02T20:42:34.046" threadId="00000000022F6088" success="true" from="nursery"/>
<exclusive-end id="3840" timestamp="2019-07-02T20:42:34.047" durationms="1.640" />

<exclusive-start id="3841" timestamp="2019-07-02T20:42:34.093" intervalms="48.076">
  <response-info timems="0.092" idlems="0.092" threads="0" lastid="00000000022F5700" lastname="main" />
</exclusive-start>
<af-start id="3842" threadId="00000000022F6088" totalBytesRequested="80" timestamp="2019-07-02T20:42:34.093" intervalms="48.162" type="nursery" />
<cycle-start id="3843" type="scavenge" contextid="0" timestamp="2019-07-02T20:42:34.093" intervalms="48.223" />
  <attribute name="GC Util" value="1" />
  <attribute name="CPU Util" value="374828092802" />
  <attribute name="Time Running"value="15146"/>
  <attribute name="Number of cores"value="4"/>
<gc-start id="3844" type="scavenge" contextid="3843" timestamp="2019-07-02T20:42:34.094">
  <mem-info id="3845" free="7545792" total="44826624" percent="16">
    <mem type="nursery" free="0" total="18612224" percent="0">
      <mem type="allocate" free="0" total="16711680" percent="0" />
      <mem type="survivor" free="0" total="1900544" percent="0" />
    </mem>
    <mem type="tenure" free="7545792" total="26214400" percent="28">
      <mem type="soa" free="6235072" total="24903680" percent="25" />
      <mem type="loa" free="1310720" total="1310720" percent="100" />
    </mem>
    <remembered-set count="90" />
  </mem-info>
</gc-start>
<allocation-stats totalBytes="16599016" >
  <allocated-bytes non-tlh="40" tlh="16598976" />
  <largest-consumer threadName="main" threadId="00000000022F5700" bytes="16599016" />
</allocation-stats>
<gc-op id="3846" type="scavenge" timems="0.245" contextid="3843" timestamp="2019-07-02T20:42:34.094">
  <scavenger-info tenureage="3" tenuremask="ffe8" tiltratio="89" />
  <memory-copied type="nursery" objects="1" bytes="24" bytesdiscarded="39144" />
  <memory-copied type="tenure" objects="37" bytes="1200" bytesdiscarded="0" />
</gc-op>
<gc-end id="3847" type="scavenge" contextid="3843" durationms="0.773" usertimems="4.000" systemtimems="0.000" timestamp="2019-07-02T20:42:34.094" activeThreads="4">
  <mem-info id="3848" free="24218304" total="44826624" percent="54">
    <mem type="nursery" free="16672512" total="18612224" percent="89">
      <mem type="allocate" free="16672512" total="16711680" percent="99" />
      <mem type="survivor" free="0" total="1900544" percent="0" />
    </mem>
    <mem type="tenure" free="7545792" total="26214400" percent="28">
      <mem type="soa" free="6235072" total="24903680" percent="25" />
      <mem type="loa" free="1310720" total="1310720" percent="100" />
    </mem>
    <remembered-set count="91" />
  </mem-info>
</gc-end>
<cycle-end id="3849" type="scavenge" contextid="3843" timestamp="2019-07-02T20:42:34.095">
  <attribute name="GC Util" value="1" />
  <attribute name="CPU Util" value="382368408152" />
  <attribute name="Time Running"value="15194"/>
  <attribute name="Number of cores"value="4"/>
</cycle-end>
<allocation-satisfied id="3850" threadId="00000000022F5700" bytesRequested="80" />
<af-end id="3851" timestamp="2019-07-02T20:42:34.095" threadId="00000000022F6088" success="true" from="nursery"/>
<exclusive-end id="3852" timestamp="2019-07-02T20:42:34.095" durationms="1.848" />

<exclusive-start id="3853" timestamp="2019-07-02T20:42:34.139" intervalms="46.098">
  <response-info timems="0.079" idlems="0.079" threads="0" lastid="00000000022F5700" lastname="main" />
</exclusive-start>
<af-start id="3854" threadId="00000000022F6088" totalBytesRequested="40" timestamp="2019-07-02T20:42:34.139" intervalms="46.019" type="nursery" />
<cycle-start id="3855" type="scavenge" contextid="0" timestamp="2019-07-02T20:42:34.139" intervalms="46.018" />
  <attribute name="GC Util" value="1" />
  <attribute name="CPU Util" value="382368408152" />
  <attribute name="Time Running"value="15194"/>
  <attribute name="Number of cores"value="4"/>
<gc-start id="3856" type="scavenge" contextid="3855" timestamp="2019-07-02T20:42:34.140">
  <mem-info id="3857" free="7545792" total="44826624" percent="16">
    <mem type="nursery" free="0" total="18612224" percent="0">
      <mem type="allocate" free="0" total="16711680" percent="0" />
      <mem type="survivor" free="0" total="1900544" percent="0" />
    </mem>
    <mem type="tenure" free="7545792" total="26214400" percent="28">
      <mem type="soa" free="6235072" total="24903680" percent="25" />
      <mem type="loa" free="1310720" total="1310720" percent="100" />
    </mem>
    <remembered-set count="92" />
  </mem-info>
</gc-start>
<allocation-stats totalBytes="16668896" >
  <allocated-bytes non-tlh="80" tlh="16668816" />
  <largest-consumer threadName="main" threadId="00000000022F5700" bytes="16668896" />
</allocation-stats>
<gc-op id="3858" type="scavenge" timems="0.183" contextid="3855" timestamp="2019-07-02T20:42:34.140">
  <scavenger-info tenureage="3" tenuremask="ffe8" tiltratio="89" />
  <memory-copied type="nursery" objects="9" bytes="312" bytesdiscarded="38856" />
</gc-op>
<gc-end id="3859" type="scavenge" contextid="3855" durationms="0.721" usertimems="0.000" systemtimems="0.000" timestamp="2019-07-02T20:42:34.140" activeThreads="4">
  <mem-info id="3860" free="24218304" total="44826624" percent="54">
    <mem type="nursery" free="16672512" total="18612224" percent="89">
      <mem type="allocate" free="16672512" total="16711680" percent="99" />
      <mem type="survivor" free="0" total="1900544" percent="0" />
    </mem>
    <mem type="tenure" free="7545792" total="26214400" percent="28">
      <mem type="soa" free="6235072" total="24903680" percent="25" />
      <mem type="loa" free="1310720" total="1310720" percent="100" />
    </mem>
    <remembered-set count="92" />
  </mem-info>
</gc-end>
<cycle-end id="3861" type="scavenge" contextid="3855" timestamp="2019-07-02T20:42:34.141">
  <attribute name="GC Util" value="1" />
  <attribute name="CPU Util" value="400941529734" />
  <attribute name="Time Running"value="15240"/>
  <attribute name="Number of cores"value="4"/>
</cycle-end>
<allocation-satisfied id="3862" threadId="00000000022F5700" bytesRequested="40" />
<af-end id="3863" timestamp="2019-07-02T20:42:34.141" threadId="00000000022F6088" success="true" from="nursery"/>
<exclusive-end id="3864" timestamp="2019-07-02T20:42:34.141" durationms="1.650" />

<exclusive-start id="3865" timestamp="2019-07-02T20:42:34.184" intervalms="45.037">
  <response-info timems="0.070" idlems="0.070" threads="0" lastid="00000000022F5700" lastname="main" />
</exclusive-start>
<af-start id="3866" threadId="00000000022F6088" totalBytesRequested="80" timestamp="2019-07-02T20:42:34.184" intervalms="45.064" type="nursery" />
<cycle-start id="3867" type="scavenge" contextid="0" timestamp="2019-07-02T20:42:34.185" intervalms="45.047" />
  <attribute name="GC Util" value="1" />
  <attribute name="CPU Util" value="400941529734" />
  <attribute name="Time Running"value="15240"/>
  <attribute name="Number of cores"value="4"/>
<gc-start id="3868" type="scavenge" contextid="3867" timestamp="2019-07-02T20:42:34.185">
  <mem-info id="3869" free="7545792" total="44826624" percent="16">
    <mem type="nursery" free="0" total="18612224" percent="0">
      <mem type="allocate" free="0" total="16711680" percent="0" />
      <mem type="survivor" free="0" total="1900544" percent="0" />
    </mem>
    <mem type="tenure" free="7545792" total="26214400" percent="28">
      <mem type="soa" free="6235072" total="24903680" percent="25" />
      <mem type="loa" free="1310720" total="1310720" percent="100" />
    </mem>
    <remembered-set count="92" />
  </mem-info>
</gc-start>
<allocation-stats totalBytes="16669024" >
  <allocated-bytes non-tlh="40" tlh="16668984" />
  <largest-consumer threadName="main" threadId="00000000022F5700" bytes="16669024" />
</allocation-stats>
<gc-op id="3870" type="scavenge" timems="0.262" contextid="3867" timestamp="2019-07-02T20:42:34.185">
  <scavenger-info tenureage="3" tenuremask="fff8" tiltratio="89" />
  <memory-copied type="nursery" objects="1" bytes="24" bytesdiscarded="39144" />
</gc-op>
<gc-end id="3871" type="scavenge" contextid="3867" durationms="0.709" usertimems="0.000" systemtimems="0.000" timestamp="2019-07-02T20:42:34.185" activeThreads="4">
  <mem-info id="3872" free="24218304" total="44826624" percent="54">
    <mem type="nursery" free="16672512" total="18612224" percent="89">
      <mem type="allocate" free="16672512" total="16711680" percent="99" />
      <mem type="survivor" free="0" total="1900544" percent="0" />
    </mem>
    <mem type="tenure" free="7545792" total="26214400" percent="28">
      <mem type="soa" free="6235072" total="24903680" percent="25" />
      <mem type="loa" free="1310720" total="1310720" percent="100" />
    </mem>
    <remembered-set count="91" />
  </mem-info>
</gc-end>
<cycle-end id="3873" type="scavenge" contextid="3867" timestamp="2019-07-02T20:42:34.186">
  <attribute name="GC Util" value="1" />
  <attribute name="CPU Util" value="410182368450" />
  <attribute name="Time Running"value="15285"/>
  <attribute name="Number of cores"value="4"/>
</cycle-end>
<allocation-satisfied id="3874" threadId="00000000022F5700" bytesRequested="80" />
<af-end id="3875" timestamp="2019-07-02T20:42:34.186" threadId="00000000022F6088" success="true" from="nursery"/>
<exclusive-end id="3876" timestamp="2019-07-02T20:42:34.186" durationms="1.615" />

<exclusive-start id="3877" timestamp="2019-07-02T20:42:34.227" intervalms="43.223">
  <response-info timems="0.055" idlems="0.055" threads="0" lastid="00000000022F5700" lastname="main" />
</exclusive-start>
<af-start id="3878" threadId="00000000022F6088" totalBytesRequested="40" timestamp="2019-07-02T20:42:34.228" intervalms="43.207" type="nursery" />
<cycle-start id="3879" type="scavenge" contextid="0" timestamp="2019-07-02T20:42:34.228" intervalms="43.222" />
  <attribute name="GC Util" value="1" />
  <attribute name="CPU Util" value="410182368450" />
  <attribute name="Time Running"value="15285"/>
  <attribute name="Number of cores"value="4"/>
<gc-start id="3880" type="scavenge" contextid="3879" timestamp="2019-07-02T20:42:34.228">
  <mem-info id="3881" free="7545792" total="44826624" percent="16">
    <mem type="nursery" free="0" total="18612224" percent="0">
      <mem type="allocate" free="0" total="16711680" percent="0" />
      <mem type="survivor" free="0" total="1900544" percent="0" />
    </mem>
    <mem type="tenure" free="7545792" total="26214400" percent="28">
      <mem type="soa" free="6235072" total="24903680" percent="25" />
      <mem type="loa" free="1310720" total="1310720" percent="100" />
    </mem>
    <remembered-set count="92" />
  </mem-info>
</gc-start>
<allocation-stats totalBytes="16668896" >
  <allocated-bytes non-tlh="80" tlh="16668816" />
  <largest-consumer threadName="main" threadId="00000000022F5700" bytes="16668896" />
</allocation-stats>
<gc-op id="3882" type="scavenge" timems="0.202" contextid="3879" timestamp="2019-07-02T20:42:34.228">
  <scavenger-info tenureage="3" tenuremask="fff8" tiltratio="89" />
  <memory-copied type="nursery" objects="9" bytes="312" bytesdiscarded="38856" />
</gc-op>
<gc-end id="3883" type="scavenge" contextid="3879" durationms="0.685" usertimems="0.000" systemtimems="0.000" timestamp="2019-07-02T20:42:34.229" activeThreads="4">
  <mem-info id="3884" free="24218304" total="44826624" percent="54">
    <mem type="nursery" free="16672512" total="18612224" percent="89">
      <mem type="allocate" free="16672512" total="16711680" percent="99" />
      <mem type="survivor" free="0" total="1900544" percent="0" />
    </mem>
    <mem type="tenure" free="7545792" total="26214400" percent="28">
      <mem type="soa" free="6235072" total="24903680" percent="25" />
      <mem type="loa" free="1310720" total="1310720" percent="100" />
    </mem>
    <remembered-set count="92" />
  </mem-info>
</gc-end>
<cycle-end id="3885" type="scavenge" contextid="3879" timestamp="2019-07-02T20:42:34.229">
  <attribute name="GC Util" value="1" />
  <attribute name="CPU Util" value="426392527214" />
  <attribute name="Time Running"value="15328"/>
  <attribute name="Number of cores"value="4"/>
</cycle-end>
<allocation-satisfied id="3886" threadId="00000000022F5700" bytesRequested="40" />
<af-end id="3887" timestamp="2019-07-02T20:42:34.229" threadId="00000000022F6088" success="true" from="nursery"/>
<exclusive-end id="3888" timestamp="2019-07-02T20:42:34.229" durationms="1.678" />

<exclusive-start id="3889" timestamp="2019-07-02T20:42:34.270" intervalms="42.745">
  <response-info timems="0.070" idlems="0.070" threads="0" lastid="00000000022F5700" lastname="main" />
</exclusive-start>
<af-start id="3890" threadId="00000000022F6088" totalBytesRequested="80" timestamp="2019-07-02T20:42:34.270" intervalms="42.761" type="nursery" />
<cycle-start id="3891" type="scavenge" contextid="0" timestamp="2019-07-02T20:42:34.270" intervalms="42.738" />
  <attribute name="GC Util" value="1" />
  <attribute name="CPU Util" value="426392527214" />
  <attribute name="Time Running"value="15328"/>
  <attribute name="Number of cores"value="4"/>
<gc-start id="3892" type="scavenge" contextid="3891" timestamp="2019-07-02T20:42:34.271">
  <mem-info id="3893" free="7545792" total="44826624" percent="16">
    <mem type="nursery" free="0" total="18612224" percent="0">
      <mem type="allocate" free="0" total="16711680" percent="0" />
      <mem type="survivor" free="0" total="1900544" percent="0" />
    </mem>
    <mem type="tenure" free="7545792" total="26214400" percent="28">
      <mem type="soa" free="6235072" total="24903680" percent="25" />
      <mem type="loa" free="1310720" total="1310720" percent="100" />
    </mem>
    <remembered-set count="92" />
  </mem-info>
</gc-start>
<allocation-stats totalBytes="16669024" >
  <allocated-bytes non-tlh="40" tlh="16668984" />
  <largest-consumer threadName="main" threadId="00000000022F5700" bytes="16669024" />
</allocation-stats>
<gc-op id="3894" type="scavenge" timems="0.210" contextid="3891" timestamp="2019-07-02T20:42:34.271">
  <scavenger-info tenureage="3" tenuremask="fff8" tiltratio="89" />
  <memory-copied type="nursery" objects="1" bytes="24" bytesdiscarded="39144" />
</gc-op>
<gc-end id="3895" type="scavenge" contextid="3891" durationms="0.690" usertimems="0.000" systemtimems="0.000" timestamp="2019-07-02T20:42:34.271" activeThreads="4">
  <mem-info id="3896" free="24218304" total="44826624" percent="54">
    <mem type="nursery" free="16672512" total="18612224" percent="89">
      <mem type="allocate" free="16672512" total="16711680" percent="99" />
      <mem type="survivor" free="0" total="1900544" percent="0" />
    </mem>
    <mem type="tenure" free="7545792" total="26214400" percent="28">
      <mem type="soa" free="6235072" total="24903680" percent="25" />
      <mem type="loa" free="1310720" total="1310720" percent="100" />
    </mem>
    <remembered-set count="91" />
  </mem-info>
</gc-end>
<cycle-end id="3897" type="scavenge" contextid="3891" timestamp="2019-07-02T20:42:34.272">
  <attribute name="GC Util" value="1" />
  <attribute name="CPU Util" value="431858059578" />
  <attribute name="Time Running"value="15371"/>
  <attribute name="Number of cores"value="4"/>
</cycle-end>
<allocation-satisfied id="3898" threadId="00000000022F5700" bytesRequested="80" />
<af-end id="3899" timestamp="2019-07-02T20:42:34.272" threadId="00000000022F6088" success="true" from="nursery"/>
<exclusive-end id="3900" timestamp="2019-07-02T20:42:34.272" durationms="1.642" />

<exclusive-start id="3901" timestamp="2019-07-02T20:42:34.313" intervalms="42.747">
  <response-info timems="0.075" idlems="0.075" threads="0" lastid="00000000022F5700" lastname="main" />
</exclusive-start>
<af-start id="3902" threadId="00000000022F6088" totalBytesRequested="40" timestamp="2019-07-02T20:42:34.313" intervalms="42.712" type="nursery" />
<cycle-start id="3903" type="scavenge" contextid="0" timestamp="2019-07-02T20:42:34.313" intervalms="42.674" />
  <attribute name="GC Util" value="1" />
  <attribute name="CPU Util" value="431858059578" />
  <attribute name="Time Running"value="15371"/>
  <attribute name="Number of cores"value="4"/>
<gc-start id="3904" type="scavenge" contextid="3903" timestamp="2019-07-02T20:42:34.313">
  <mem-info id="3905" free="7545792" total="44826624" percent="16">
    <mem type="nursery" free="0" total="18612224" percent="0">
      <mem type="allocate" free="0" total="16711680" percent="0" />
      <mem type="survivor" free="0" total="1900544" percent="0" />
    </mem>
    <mem type="tenure" free="7545792" total="26214400" percent="28">
      <mem type="soa" free="6235072" total="24903680" percent="25" />
      <mem type="loa" free="1310720" total="1310720" percent="100" />
    </mem>
    <remembered-set count="92" />
  </mem-info>
</gc-start>
<allocation-stats totalBytes="16668896" >
  <allocated-bytes non-tlh="80" tlh="16668816" />
  <largest-consumer threadName="main" threadId="00000000022F5700" bytes="16668896" />
</allocation-stats>
<gc-op id="3906" type="scavenge" timems="0.207" contextid="3903" timestamp="2019-07-02T20:42:34.314">
  <scavenger-info tenureage="3" tenuremask="fff8" tiltratio="89" />
  <memory-copied type="nursery" objects="9" bytes="312" bytesdiscarded="38856" />
</gc-op>
<gc-end id="3907" type="scavenge" contextid="3903" durationms="0.695" usertimems="0.000" systemtimems="0.000" timestamp="2019-07-02T20:42:34.314" activeThreads="4">
  <mem-info id="3908" free="24218304" total="44826624" percent="54">
    <mem type="nursery" free="16672512" total="18612224" percent="89">
      <mem type="allocate" free="16672512" total="16711680" percent="99" />
      <mem type="survivor" free="0" total="1900544" percent="0" />
    </mem>
    <mem type="tenure" free="7545792" total="26214400" percent="28">
      <mem type="soa" free="6235072" total="24903680" percent="25" />
      <mem type="loa" free="1310720" total="1310720" percent="100" />
    </mem>
    <remembered-set count="92" />
  </mem-info>
</gc-end>
<cycle-end id="3909" type="scavenge" contextid="3903" timestamp="2019-07-02T20:42:34.314">
  <attribute name="GC Util" value="1" />
  <attribute name="CPU Util" value="432082846654" />
  <attribute name="Time Running"value="15414"/>
  <attribute name="Number of cores"value="4"/>
</cycle-end>
<allocation-satisfied id="3910" threadId="00000000022F5700" bytesRequested="40" />
<af-end id="3911" timestamp="2019-07-02T20:42:34.314" threadId="00000000022F6088" success="true" from="nursery"/>
<exclusive-end id="3912" timestamp="2019-07-02T20:42:34.314" durationms="1.515" />

<exclusive-start id="3913" timestamp="2019-07-02T20:42:34.355" intervalms="42.500">
  <response-info timems="0.074" idlems="0.074" threads="0" lastid="00000000022F5700" lastname="main" />
</exclusive-start>
<af-start id="3914" threadId="00000000022F6088" totalBytesRequested="80" timestamp="2019-07-02T20:42:34.356" intervalms="42.518" type="nursery" />
<cycle-start id="3915" type="scavenge" contextid="0" timestamp="2019-07-02T20:42:34.356" intervalms="42.578" />
  <attribute name="GC Util" value="1" />
  <attribute name="CPU Util" value="432082846654" />
  <attribute name="Time Running"value="15414"/>
  <attribute name="Number of cores"value="4"/>
<gc-start id="3916" type="scavenge" contextid="3915" timestamp="2019-07-02T20:42:34.356">
  <mem-info id="3917" free="7545792" total="44826624" percent="16">
    <mem type="nursery" free="0" total="18612224" percent="0">
      <mem type="allocate" free="0" total="16711680" percent="0" />
      <mem type="survivor" free="0" total="1900544" percent="0" />
    </mem>
    <mem type="tenure" free="7545792" total="26214400" percent="28">
      <mem type="soa" free="6235072" total="24903680" percent="25" />
      <mem type="loa" free="1310720" total="1310720" percent="100" />
    </mem>
    <remembered-set count="92" />
  </mem-info>
</gc-start>
<allocation-stats totalBytes="16669024" >
  <allocated-bytes non-tlh="40" tlh="16668984" />
  <largest-consumer threadName="main" threadId="00000000022F5700" bytes="16669024" />
</allocation-stats>
<gc-op id="3918" type="scavenge" timems="0.198" contextid="3915" timestamp="2019-07-02T20:42:34.356">
  <scavenger-info tenureage="3" tenuremask="fff8" tiltratio="89" />
  <memory-copied type="nursery" objects="1" bytes="24" bytesdiscarded="39144" />
</gc-op>
<gc-end id="3919" type="scavenge" contextid="3915" durationms="0.740" usertimems="0.000" systemtimems="0.000" timestamp="2019-07-02T20:42:34.357" activeThreads="4">
  <mem-info id="3920" free="24218304" total="44826624" percent="54">
    <mem type="nursery" free="16672512" total="18612224" percent="89">
      <mem type="allocate" free="16672512" total="16711680" percent="99" />
      <mem type="survivor" free="0" total="1900544" percent="0" />
    </mem>
    <mem type="tenure" free="7545792" total="26214400" percent="28">
      <mem type="soa" free="6235072" total="24903680" percent="25" />
      <mem type="loa" free="1310720" total="1310720" percent="100" />
    </mem>
    <remembered-set count="91" />
  </mem-info>
</gc-end>
<cycle-end id="3921" type="scavenge" contextid="3915" timestamp="2019-07-02T20:42:34.357">
  <attribute name="GC Util" value="1" />
  <attribute name="CPU Util" value="432777884660" />
  <attribute name="Time Running"value="15456"/>
  <attribute name="Number of cores"value="4"/>
</cycle-end>
<allocation-satisfied id="3922" threadId="00000000022F5700" bytesRequested="80" />
<af-end id="3923" timestamp="2019-07-02T20:42:34.357" threadId="00000000022F6088" success="true" from="nursery"/>
<exclusive-end id="3924" timestamp="2019-07-02T20:42:34.357" durationms="1.680" />

<exclusive-start id="3925" timestamp="2019-07-02T20:42:34.398" intervalms="42.360">
  <response-info timems="0.068" idlems="0.068" threads="0" lastid="00000000022F5700" lastname="main" />
</exclusive-start>
<af-start id="3926" threadId="00000000022F6088" totalBytesRequested="40" timestamp="2019-07-02T20:42:34.398" intervalms="42.343" type="nursery" />
<cycle-start id="3927" type="scavenge" contextid="0" timestamp="2019-07-02T20:42:34.398" intervalms="42.340" />
  <attribute name="GC Util" value="1" />
  <attribute name="CPU Util" value="432777884660" />
  <attribute name="Time Running"value="15456"/>
  <attribute name="Number of cores"value="4"/>
<gc-start id="3928" type="scavenge" contextid="3927" timestamp="2019-07-02T20:42:34.398">
  <mem-info id="3929" free="7545792" total="44826624" percent="16">
    <mem type="nursery" free="0" total="18612224" percent="0">
      <mem type="allocate" free="0" total="16711680" percent="0" />
      <mem type="survivor" free="0" total="1900544" percent="0" />
    </mem>
    <mem type="tenure" free="7545792" total="26214400" percent="28">
      <mem type="soa" free="6235072" total="24903680" percent="25" />
      <mem type="loa" free="1310720" total="1310720" percent="100" />
    </mem>
    <remembered-set count="92" />
  </mem-info>
</gc-start>
<allocation-stats totalBytes="16668896" >
  <allocated-bytes non-tlh="80" tlh="16668816" />
  <largest-consumer threadName="main" threadId="00000000022F5700" bytes="16668896" />
</allocation-stats>
<gc-op id="3930" type="scavenge" timems="0.235" contextid="3927" timestamp="2019-07-02T20:42:34.399">
  <scavenger-info tenureage="3" tenuremask="fff8" tiltratio="89" />
  <memory-copied type="nursery" objects="9" bytes="312" bytesdiscarded="38856" />
</gc-op>
<gc-end id="3931" type="scavenge" contextid="3927" durationms="0.780" usertimems="0.000" systemtimems="0.000" timestamp="2019-07-02T20:42:34.399" activeThreads="4">
  <mem-info id="3932" free="24218304" total="44826624" percent="54">
    <mem type="nursery" free="16672512" total="18612224" percent="89">
      <mem type="allocate" free="16672512" total="16711680" percent="99" />
      <mem type="survivor" free="0" total="1900544" percent="0" />
    </mem>
    <mem type="tenure" free="7545792" total="26214400" percent="28">
      <mem type="soa" free="6235072" total="24903680" percent="25" />
      <mem type="loa" free="1310720" total="1310720" percent="100" />
    </mem>
    <remembered-set count="92" />
  </mem-info>
</gc-end>
<cycle-end id="3933" type="scavenge" contextid="3927" timestamp="2019-07-02T20:42:34.399">
  <attribute name="GC Util" value="1" />
  <attribute name="CPU Util" value="435702878534" />
  <attribute name="Time Running"value="15499"/>
  <attribute name="Number of cores"value="4"/>
</cycle-end>
<allocation-satisfied id="3934" threadId="00000000022F5700" bytesRequested="40" />
<af-end id="3935" timestamp="2019-07-02T20:42:34.399" threadId="00000000022F6088" success="true" from="nursery"/>
<exclusive-end id="3936" timestamp="2019-07-02T20:42:34.399" durationms="1.708" />

<exclusive-start id="3937" timestamp="2019-07-02T20:42:34.440" intervalms="42.577">
  <response-info timems="0.092" idlems="0.092" threads="0" lastid="00000000022F5700" lastname="main" />
</exclusive-start>
<af-start id="3938" threadId="00000000022F6088" totalBytesRequested="80" timestamp="2019-07-02T20:42:34.441" intervalms="42.626" type="nursery" />
<cycle-start id="3939" type="scavenge" contextid="0" timestamp="2019-07-02T20:42:34.441" intervalms="42.634" />
  <attribute name="GC Util" value="1" />
  <attribute name="CPU Util" value="435702878534" />
  <attribute name="Time Running"value="15499"/>
  <attribute name="Number of cores"value="4"/>
<gc-start id="3940" type="scavenge" contextid="3939" timestamp="2019-07-02T20:42:34.441">
  <mem-info id="3941" free="7545792" total="44826624" percent="16">
    <mem type="nursery" free="0" total="18612224" percent="0">
      <mem type="allocate" free="0" total="16711680" percent="0" />
      <mem type="survivor" free="0" total="1900544" percent="0" />
    </mem>
    <mem type="tenure" free="7545792" total="26214400" percent="28">
      <mem type="soa" free="6235072" total="24903680" percent="25" />
      <mem type="loa" free="1310720" total="1310720" percent="100" />
    </mem>
    <remembered-set count="92" />
  </mem-info>
</gc-start>
<allocation-stats totalBytes="16669024" >
  <allocated-bytes non-tlh="40" tlh="16668984" />
  <largest-consumer threadName="main" threadId="00000000022F5700" bytes="16669024" />
</allocation-stats>
<gc-op id="3942" type="scavenge" timems="0.251" contextid="3939" timestamp="2019-07-02T20:42:34.441">
  <scavenger-info tenureage="3" tenuremask="fff8" tiltratio="89" />
  <memory-copied type="nursery" objects="1" bytes="24" bytesdiscarded="39144" />
</gc-op>
<gc-end id="3943" type="scavenge" contextid="3939" durationms="0.703" usertimems="0.000" systemtimems="0.000" timestamp="2019-07-02T20:42:34.442" activeThreads="4">
  <mem-info id="3944" free="24218304" total="44826624" percent="54">
    <mem type="nursery" free="16672512" total="18612224" percent="89">
      <mem type="allocate" free="16672512" total="16711680" percent="99" />
      <mem type="survivor" free="0" total="1900544" percent="0" />
    </mem>
    <mem type="tenure" free="7545792" total="26214400" percent="28">
      <mem type="soa" free="6235072" total="24903680" percent="25" />
      <mem type="loa" free="1310720" total="1310720" percent="100" />
    </mem>
    <remembered-set count="91" />
  </mem-info>
</gc-end>
<cycle-end id="3945" type="scavenge" contextid="3939" timestamp="2019-07-02T20:42:34.442">
  <attribute name="GC Util" value="1" />
  <attribute name="CPU Util" value="433295563742" />
  <attribute name="Time Running"value="15541"/>
  <attribute name="Number of cores"value="4"/>
</cycle-end>
<allocation-satisfied id="3946" threadId="00000000022F5700" bytesRequested="80" />
<af-end id="3947" timestamp="2019-07-02T20:42:34.442" threadId="00000000022F6088" success="true" from="nursery"/>
<exclusive-end id="3948" timestamp="2019-07-02T20:42:34.442" durationms="1.848" />

<exclusive-start id="3949" timestamp="2019-07-02T20:42:34.476" intervalms="36.116">
  <response-info timems="0.067" idlems="0.067" threads="0" lastid="00000000022F5700" lastname="main" />
</exclusive-start>
<af-start id="3950" threadId="00000000022F6088" totalBytesRequested="32" timestamp="2019-07-02T20:42:34.477" intervalms="36.063" type="nursery" />
<cycle-start id="3951" type="scavenge" contextid="0" timestamp="2019-07-02T20:42:34.477" intervalms="36.041" />
  <attribute name="GC Util" value="1" />
  <attribute name="CPU Util" value="433295563742" />
  <attribute name="Time Running"value="15541"/>
  <attribute name="Number of cores"value="4"/>
<gc-start id="3952" type="scavenge" contextid="3951" timestamp="2019-07-02T20:42:34.477">
  <mem-info id="3953" free="7545792" total="44826624" percent="16">
    <mem type="nursery" free="0" total="18612224" percent="0">
      <mem type="allocate" free="0" total="16711680" percent="0" />
      <mem type="survivor" free="0" total="1900544" percent="0" />
    </mem>
    <mem type="tenure" free="7545792" total="26214400" percent="28">
      <mem type="soa" free="6235072" total="24903680" percent="25" />
      <mem type="loa" free="1310720" total="1310720" percent="100" />
    </mem>
    <remembered-set count="96" />
  </mem-info>
</gc-start>
<allocation-stats totalBytes="16662280" >
  <allocated-bytes non-tlh="80" tlh="16662200" />
  <largest-consumer threadName="main" threadId="00000000022F5700" bytes="16662280" />
</allocation-stats>
<gc-op id="3954" type="scavenge" timems="0.212" contextid="3951" timestamp="2019-07-02T20:42:34.477">
  <scavenger-info tenureage="3" tenuremask="fff8" tiltratio="89" />
  <memory-copied type="nursery" objects="23" bytes="1256" bytesdiscarded="37912" />
</gc-op>
<gc-end id="3955" type="scavenge" contextid="3951" durationms="0.601" usertimems="0.000" systemtimems="0.000" timestamp="2019-07-02T20:42:34.478" activeThreads="4">
  <mem-info id="3956" free="24218304" total="44826624" percent="54">
    <mem type="nursery" free="16672512" total="18612224" percent="89">
      <mem type="allocate" free="16672512" total="16711680" percent="99" />
      <mem type="survivor" free="0" total="1900544" percent="0" />
    </mem>
    <mem type="tenure" free="7545792" total="26214400" percent="28">
      <mem type="soa" free="6235072" total="24903680" percent="25" />
      <mem type="loa" free="1310720" total="1310720" percent="100" />
    </mem>
    <remembered-set count="96" />
  </mem-info>
</gc-end>
<cycle-end id="3957" type="scavenge" contextid="3951" timestamp="2019-07-02T20:42:34.478">
  <attribute name="GC Util" value="1" />
  <attribute name="CPU Util" value="513091940125" />
  <attribute name="Time Running"value="15577"/>
  <attribute name="Number of cores"value="4"/>
</cycle-end>
<allocation-satisfied id="3958" threadId="00000000022F5700" bytesRequested="32" />
<af-end id="3959" timestamp="2019-07-02T20:42:34.478" threadId="00000000022F6088" success="true" from="nursery"/>
<exclusive-end id="3960" timestamp="2019-07-02T20:42:34.478" durationms="1.574" />

<exclusive-start id="3961" timestamp="2019-07-02T20:42:34.487" intervalms="10.993">
  <response-info timems="0.067" idlems="0.067" threads="0" lastid="00000000022F5700" lastname="main" />
</exclusive-start>
<af-start id="3962" threadId="00000000022F6088" totalBytesRequested="544" timestamp="2019-07-02T20:42:34.488" intervalms="10.990" type="nursery" />
<cycle-start id="3963" type="scavenge" contextid="0" timestamp="2019-07-02T20:42:34.488" intervalms="10.986" />
  <attribute name="GC Util" value="1" />
  <attribute name="CPU Util" value="513091940125" />
  <attribute name="Time Running"value="15577"/>
  <attribute name="Number of cores"value="4"/>
<gc-start id="3964" type="scavenge" contextid="3963" timestamp="2019-07-02T20:42:34.488">
  <mem-info id="3965" free="7545792" total="44826624" percent="16">
    <mem type="nursery" free="0" total="18612224" percent="0">
      <mem type="allocate" free="0" total="16711680" percent="0" />
      <mem type="survivor" free="0" total="1900544" percent="0" />
    </mem>
    <mem type="tenure" free="7545792" total="26214400" percent="28">
      <mem type="soa" free="6235072" total="24903680" percent="25" />
      <mem type="loa" free="1310720" total="1310720" percent="100" />
    </mem>
    <remembered-set count="96" />
  </mem-info>
</gc-start>
<allocation-stats totalBytes="16647792" >
  <allocated-bytes non-tlh="32" tlh="16647760" />
  <largest-consumer threadName="main" threadId="00000000022F5700" bytes="16647792" />
</allocation-stats>
<gc-op id="3966" type="scavenge" timems="0.214" contextid="3963" timestamp="2019-07-02T20:42:34.488">
  <scavenger-info tenureage="3" tenuremask="fff8" tiltratio="89" />
  <memory-copied type="nursery" objects="27" bytes="1352" bytesdiscarded="37816" />
</gc-op>
<gc-end id="3967" type="scavenge" contextid="3963" durationms="0.591" usertimems="0.000" systemtimems="0.000" timestamp="2019-07-02T20:42:34.488" activeThreads="4">
  <mem-info id="3968" free="24218304" total="44826624" percent="54">
    <mem type="nursery" free="16672512" total="18612224" percent="89">
      <mem type="allocate" free="16672512" total="16711680" percent="99" />
      <mem type="survivor" free="0" total="1900544" percent="0" />
    </mem>
    <mem type="tenure" free="7545792" total="26214400" percent="28">
      <mem type="soa" free="6235072" total="24903680" percent="25" />
      <mem type="loa" free="1310720" total="1310720" percent="100" />
    </mem>
    <remembered-set count="91" />
  </mem-info>
</gc-end>
<cycle-end id="3969" type="scavenge" contextid="3963" timestamp="2019-07-02T20:42:34.489">
  <attribute name="GC Util" value="4" />
  <attribute name="CPU Util" value="1677370454278" />
  <attribute name="Time Running"value="15588"/>
  <attribute name="Number of cores"value="4"/>
</cycle-end>
<allocation-satisfied id="3970" threadId="00000000022F5700" bytesRequested="544" />
<af-end id="3971" timestamp="2019-07-02T20:42:34.489" threadId="00000000022F6088" success="true" from="nursery"/>
<exclusive-end id="3972" timestamp="2019-07-02T20:42:34.489" durationms="1.514" />

<exclusive-start id="3973" timestamp="2019-07-02T20:42:34.498" intervalms="10.891">
  <response-info timems="0.061" idlems="0.061" threads="0" lastid="00000000022F5700" lastname="main" />
</exclusive-start>
<af-start id="3974" threadId="00000000022F6088" totalBytesRequested="584" timestamp="2019-07-02T20:42:34.498" intervalms="10.878" type="nursery" />
<cycle-start id="3975" type="scavenge" contextid="0" timestamp="2019-07-02T20:42:34.499" intervalms="10.869" />
  <attribute name="GC Util" value="4" />
  <attribute name="CPU Util" value="1677370454278" />
  <attribute name="Time Running"value="15588"/>
  <attribute name="Number of cores"value="4"/>
<gc-start id="3976" type="scavenge" contextid="3975" timestamp="2019-07-02T20:42:34.499">
  <mem-info id="3977" free="7545792" total="44826624" percent="16">
    <mem type="nursery" free="0" total="18612224" percent="0">
      <mem type="allocate" free="0" total="16711680" percent="0" />
      <mem type="survivor" free="0" total="1900544" percent="0" />
    </mem>
    <mem type="tenure" free="7545792" total="26214400" percent="28">
      <mem type="soa" free="6235072" total="24903680" percent="25" />
      <mem type="loa" free="1310720" total="1310720" percent="100" />
    </mem>
    <remembered-set count="91" />
  </mem-info>
</gc-start>
<allocation-stats totalBytes="16649160" >
  <allocated-bytes non-tlh="544" tlh="16648616" />
  <largest-consumer threadName="main" threadId="00000000022F5700" bytes="16649160" />
</allocation-stats>
<gc-op id="3978" type="scavenge" timems="0.223" contextid="3975" timestamp="2019-07-02T20:42:34.499">
  <scavenger-info tenureage="2" tenuremask="fffc" tiltratio="89" />
  <memory-copied type="nursery" objects="4" bytes="96" bytesdiscarded="39072" />
  <memory-copied type="tenure" objects="23" bytes="1256" bytesdiscarded="0" />
</gc-op>
<gc-end id="3979" type="scavenge" contextid="3975" durationms="0.660" usertimems="0.000" systemtimems="0.000" timestamp="2019-07-02T20:42:34.499" activeThreads="4">
  <mem-info id="3980" free="24218304" total="44826624" percent="54">
    <mem type="nursery" free="16672512" total="18612224" percent="89">
      <mem type="allocate" free="16672512" total="16711680" percent="99" />
      <mem type="survivor" free="0" total="1900544" percent="0" />
    </mem>
    <mem type="tenure" free="7545792" total="26214400" percent="28">
      <mem type="soa" free="6235072" total="24903680" percent="25" />
      <mem type="loa" free="1310720" total="1310720" percent="100" />
    </mem>
    <remembered-set count="95" />
  </mem-info>
</gc-end>
<cycle-end id="3981" type="scavenge" contextid="3975" timestamp="2019-07-02T20:42:34.500">
  <attribute name="GC Util" value="4" />
  <attribute name="CPU Util" value="1693672491188" />
  <attribute name="Time Running"value="15599"/>
  <attribute name="Number of cores"value="4"/>
</cycle-end>
<allocation-satisfied id="3982" threadId="00000000022F5700" bytesRequested="584" />
<af-end id="3983" timestamp="2019-07-02T20:42:34.500" threadId="00000000022F6088" success="true" from="nursery"/>
<exclusive-end id="3984" timestamp="2019-07-02T20:42:34.500" durationms="1.508" />

<exclusive-start id="3985" timestamp="2019-07-02T20:42:34.509" intervalms="10.554">
  <response-info timems="0.071" idlems="0.071" threads="0" lastid="00000000022F5700" lastname="main" />
</exclusive-start>
<af-start id="3986" threadId="00000000022F6088" totalBytesRequested="32" timestamp="2019-07-02T20:42:34.509" intervalms="10.566" type="nursery" />
<cycle-start id="3987" type="scavenge" contextid="0" timestamp="2019-07-02T20:42:34.509" intervalms="10.529" />
  <attribute name="GC Util" value="4" />
  <attribute name="CPU Util" value="1693672491188" />
  <attribute name="Time Running"value="15599"/>
  <attribute name="Number of cores"value="4"/>
<gc-start id="3988" type="scavenge" contextid="3987" timestamp="2019-07-02T20:42:34.509">
  <mem-info id="3989" free="7545792" total="44826624" percent="16">
    <mem type="nursery" free="0" total="18612224" percent="0">
      <mem type="allocate" free="0" total="16711680" percent="0" />
      <mem type="survivor" free="0" total="1900544" percent="0" />
    </mem>
    <mem type="tenure" free="7545792" total="26214400" percent="28">
      <mem type="soa" free="6235072" total="24903680" percent="25" />
      <mem type="loa" free="1310720" total="1310720" percent="100" />
    </mem>
    <remembered-set count="95" />
  </mem-info>
</gc-start>
<allocation-stats totalBytes="16649824" >
  <allocated-bytes non-tlh="584" tlh="16649240" />
  <largest-consumer threadName="main" threadId="00000000022F5700" bytes="16649824" />
</allocation-stats>
<gc-op id="3990" type="scavenge" timems="0.205" contextid="3987" timestamp="2019-07-02T20:42:34.510">
  <scavenger-info tenureage="4" tenuremask="fff0" tiltratio="89" />
  <memory-copied type="nursery" objects="1" bytes="24" bytesdiscarded="39144" />
</gc-op>
<gc-end id="3991" type="scavenge" contextid="3987" durationms="0.664" usertimems="4.000" systemtimems="0.000" timestamp="2019-07-02T20:42:34.510" activeThreads="4">
  <mem-info id="3992" free="24218304" total="44826624" percent="54">
    <mem type="nursery" free="16672512" total="18612224" percent="89">
      <mem type="allocate" free="16672512" total="16711680" percent="99" />
      <mem type="survivor" free="0" total="1900544" percent="0" />
    </mem>
    <mem type="tenure" free="7545792" total="26214400" percent="28">
      <mem type="soa" free="6235072" total="24903680" percent="25" />
      <mem type="loa" free="1310720" total="1310720" percent="100" />
    </mem>
    <remembered-set count="95" />
  </mem-info>
</gc-end>
<cycle-end id="3993" type="scavenge" contextid="3987" timestamp="2019-07-02T20:42:34.510">
  <attribute name="GC Util" value="4" />
  <attribute name="CPU Util" value="1756280957768" />
  <attribute name="Time Running"value="15610"/>
  <attribute name="Number of cores"value="4"/>
</cycle-end>
<allocation-satisfied id="3994" threadId="00000000022F5700" bytesRequested="32" />
<af-end id="3995" timestamp="2019-07-02T20:42:34.510" threadId="00000000022F6088" success="true" from="nursery"/>
<exclusive-end id="3996" timestamp="2019-07-02T20:42:34.510" durationms="1.560" />

<exclusive-start id="3997" timestamp="2019-07-02T20:42:34.519" intervalms="10.498">
  <response-info timems="0.075" idlems="0.075" threads="0" lastid="00000000022F5700" lastname="main" />
</exclusive-start>
<af-start id="3998" threadId="00000000022F6088" totalBytesRequested="40" timestamp="2019-07-02T20:42:34.519" intervalms="10.493" type="nursery" />
<cycle-start id="3999" type="scavenge" contextid="0" timestamp="2019-07-02T20:42:34.520" intervalms="10.541" />
  <attribute name="GC Util" value="4" />
  <attribute name="CPU Util" value="1756280957768" />
  <attribute name="Time Running"value="15610"/>
  <attribute name="Number of cores"value="4"/>
<gc-start id="4000" type="scavenge" contextid="3999" timestamp="2019-07-02T20:42:34.520">
  <mem-info id="4001" free="7545792" total="44826624" percent="16">
    <mem type="nursery" free="0" total="18612224" percent="0">
      <mem type="allocate" free="0" total="16711680" percent="0" />
      <mem type="survivor" free="0" total="1900544" percent="0" />
    </mem>
    <mem type="tenure" free="7545792" total="26214400" percent="28">
      <mem type="soa" free="6235072" total="24903680" percent="25" />
      <mem type="loa" free="1310720" total="1310720" percent="100" />
    </mem>
    <remembered-set count="95" />
  </mem-info>
</gc-start>
<allocation-stats totalBytes="16650528" >
  <allocated-bytes non-tlh="32" tlh="16650496" />
  <largest-consumer threadName="main" threadId="00000000022F5700" bytes="16650528" />
</allocation-stats>
<gc-op id="4002" type="scavenge" timems="0.210" contextid="3999" timestamp="2019-07-02T20:42:34.520">
  <scavenger-info tenureage="3" tenuremask="fff8" tiltratio="89" />
  <memory-copied type="nursery" objects="4" bytes="656" bytesdiscarded="38512" />
</gc-op>
<gc-end id="4003" type="scavenge" contextid="3999" durationms="0.666" usertimems="0.000" systemtimems="0.000" timestamp="2019-07-02T20:42:34.520" activeThreads="4">
  <mem-info id="4004" free="24218304" total="44826624" percent="54">
    <mem type="nursery" free="16672512" total="18612224" percent="89">
      <mem type="allocate" free="16672512" total="16711680" percent="99" />
      <mem type="survivor" free="0" total="1900544" percent="0" />
    </mem>
    <mem type="tenure" free="7545792" total="26214400" percent="28">
      <mem type="soa" free="6235072" total="24903680" percent="25" />
      <mem type="loa" free="1310720" total="1310720" percent="100" />
    </mem>
    <remembered-set count="93" />
  </mem-info>
</gc-end>
<cycle-end id="4005" type="scavenge" contextid="3999" timestamp="2019-07-02T20:42:34.521">
  <attribute name="GC Util" value="4" />
  <attribute name="CPU Util" value="1743665927744" />
  <attribute name="Time Running"value="15620"/>
  <attribute name="Number of cores"value="4"/>
</cycle-end>
<allocation-satisfied id="4006" threadId="00000000022F5700" bytesRequested="40" />
<af-end id="4007" timestamp="2019-07-02T20:42:34.521" threadId="00000000022F6088" success="true" from="nursery"/>
<exclusive-end id="4008" timestamp="2019-07-02T20:42:34.521" durationms="1.528" />

<exclusive-start id="4009" timestamp="2019-07-02T20:42:34.530" intervalms="10.506">
  <response-info timems="0.077" idlems="0.077" threads="0" lastid="00000000022F5700" lastname="main" />
</exclusive-start>
<af-start id="4010" threadId="00000000022F6088" totalBytesRequested="584" timestamp="2019-07-02T20:42:34.530" intervalms="10.505" type="nursery" />
<cycle-start id="4011" type="scavenge" contextid="0" timestamp="2019-07-02T20:42:34.530" intervalms="10.506" />
  <attribute name="GC Util" value="4" />
  <attribute name="CPU Util" value="1743665927744" />
  <attribute name="Time Running"value="15620"/>
  <attribute name="Number of cores"value="4"/>
<gc-start id="4012" type="scavenge" contextid="4011" timestamp="2019-07-02T20:42:34.530">
  <mem-info id="4013" free="7545792" total="44826624" percent="16">
    <mem type="nursery" free="0" total="18612224" percent="0">
      <mem type="allocate" free="0" total="16711680" percent="0" />
      <mem type="survivor" free="0" total="1900544" percent="0" />
    </mem>
    <mem type="tenure" free="7545792" total="26214400" percent="28">
      <mem type="soa" free="6235072" total="24903680" percent="25" />
      <mem type="loa" free="1310720" total="1310720" percent="100" />
    </mem>
    <remembered-set count="93" />
  </mem-info>
</gc-start>
<allocation-stats totalBytes="16649312" >
  <allocated-bytes non-tlh="40" tlh="16649272" />
  <largest-consumer threadName="main" threadId="00000000022F5700" bytes="16649312" />
</allocation-stats>
<gc-op id="4014" type="scavenge" timems="0.194" contextid="4011" timestamp="2019-07-02T20:42:34.531">
  <scavenger-info tenureage="3" tenuremask="fff8" tiltratio="89" />
  <memory-copied type="nursery" objects="3" bytes="72" bytesdiscarded="39096" />
</gc-op>
<gc-end id="4015" type="scavenge" contextid="4011" durationms="0.629" usertimems="0.000" systemtimems="0.000" timestamp="2019-07-02T20:42:34.531" activeThreads="4">
  <mem-info id="4016" free="24218304" total="44826624" percent="54">
    <mem type="nursery" free="16672512" total="18612224" percent="89">
      <mem type="allocate" free="16672512" total="16711680" percent="99" />
      <mem type="survivor" free="0" total="1900544" percent="0" />
    </mem>
    <mem type="tenure" free="7545792" total="26214400" percent="28">
      <mem type="soa" free="6235072" total="24903680" percent="25" />
      <mem type="loa" free="1310720" total="1310720" percent="100" />
    </mem>
    <remembered-set count="93" />
  </mem-info>
</gc-end>
<cycle-end id="4017" type="scavenge" contextid="4011" timestamp="2019-07-02T20:42:34.531">
  <attribute name="GC Util" value="4" />
  <attribute name="CPU Util" value="1760062395192" />
  <attribute name="Time Running"value="15631"/>
  <attribute name="Number of cores"value="4"/>
</cycle-end>
<allocation-satisfied id="4018" threadId="00000000022F5700" bytesRequested="584" />
<af-end id="4019" timestamp="2019-07-02T20:42:34.531" threadId="00000000022F6088" success="true" from="nursery"/>
<exclusive-end id="4020" timestamp="2019-07-02T20:42:34.531" durationms="1.480" />

<exclusive-start id="4021" timestamp="2019-07-02T20:42:34.540" intervalms="10.349">
  <response-info timems="0.056" idlems="0.056" threads="0" lastid="00000000022F5700" lastname="main" />
</exclusive-start>
<af-start id="4022" threadId="00000000022F6088" totalBytesRequested="584" timestamp="2019-07-02T20:42:34.540" intervalms="10.346" type="nursery" />
<cycle-start id="4023" type="scavenge" contextid="0" timestamp="2019-07-02T20:42:34.541" intervalms="10.342" />
  <attribute name="GC Util" value="4" />
  <attribute name="CPU Util" value="1760062395192" />
  <attribute name="Time Running"value="15631"/>
  <attribute name="Number of cores"value="4"/>
<gc-start id="4024" type="scavenge" contextid="4023" timestamp="2019-07-02T20:42:34.541">
  <mem-info id="4025" free="7545792" total="44826624" percent="16">
    <mem type="nursery" free="0" total="18612224" percent="0">
      <mem type="allocate" free="0" total="16711680" percent="0" />
      <mem type="survivor" free="0" total="1900544" percent="0" />
    </mem>
    <mem type="tenure" free="7545792" total="26214400" percent="28">
      <mem type="soa" free="6235072" total="24903680" percent="25" />
      <mem type="loa" free="1310720" total="1310720" percent="100" />
    </mem>
    <remembered-set count="93" />
  </mem-info>
</gc-start>
<allocation-stats totalBytes="16649872" >
  <allocated-bytes non-tlh="584" tlh="16649288" />
  <largest-consumer threadName="main" threadId="00000000022F5700" bytes="16649872" />
</allocation-stats>
<gc-op id="4026" type="scavenge" timems="0.194" contextid="4023" timestamp="2019-07-02T20:42:34.541">
  <scavenger-info tenureage="3" tenuremask="fff8" tiltratio="89" />
  <memory-copied type="nursery" objects="3" bytes="72" bytesdiscarded="39096" />
</gc-op>
<gc-end id="4027" type="scavenge" contextid="4023" durationms="0.530" usertimems="0.000" systemtimems="0.000" timestamp="2019-07-02T20:42:34.541" activeThreads="4">
  <mem-info id="4028" free="24218304" total="44826624" percent="54">
    <mem type="nursery" free="16672512" total="18612224" percent="89">
      <mem type="allocate" free="16672512" total="16711680" percent="99" />
      <mem type="survivor" free="0" total="1900544" percent="0" />
    </mem>
    <mem type="tenure" free="7545792" total="26214400" percent="28">
      <mem type="soa" free="6235072" total="24903680" percent="25" />
      <mem type="loa" free="1310720" total="1310720" percent="100" />
    </mem>
    <remembered-set count="93" />
  </mem-info>
</gc-end>
<cycle-end id="4029" type="scavenge" contextid="4023" timestamp="2019-07-02T20:42:34.541">
  <attribute name="GC Util" value="4" />
  <attribute name="CPU Util" value="1797345969522" />
  <attribute name="Time Running"value="15641"/>
  <attribute name="Number of cores"value="4"/>
</cycle-end>
<allocation-satisfied id="4030" threadId="00000000022F5700" bytesRequested="584" />
<af-end id="4031" timestamp="2019-07-02T20:42:34.542" threadId="00000000022F6088" success="true" from="nursery"/>
<exclusive-end id="4032" timestamp="2019-07-02T20:42:34.542" durationms="1.392" />

<exclusive-start id="4033" timestamp="2019-07-02T20:42:34.551" intervalms="10.368">
  <response-info timems="0.066" idlems="0.066" threads="0" lastid="00000000022F5700" lastname="main" />
</exclusive-start>
<af-start id="4034" threadId="00000000022F6088" totalBytesRequested="32" timestamp="2019-07-02T20:42:34.551" intervalms="10.311" type="nursery" />
<cycle-start id="4035" type="scavenge" contextid="0" timestamp="2019-07-02T20:42:34.551" intervalms="10.319" />
  <attribute name="GC Util" value="4" />
  <attribute name="CPU Util" value="1797345969522" />
  <attribute name="Time Running"value="15641"/>
  <attribute name="Number of cores"value="4"/>
<gc-start id="4036" type="scavenge" contextid="4035" timestamp="2019-07-02T20:42:34.551">
  <mem-info id="4037" free="7545792" total="44826624" percent="16">
    <mem type="nursery" free="0" total="18612224" percent="0">
      <mem type="allocate" free="0" total="16711680" percent="0" />
      <mem type="survivor" free="0" total="1900544" percent="0" />
    </mem>
    <mem type="tenure" free="7545792" total="26214400" percent="28">
      <mem type="soa" free="6235072" total="24903680" percent="25" />
      <mem type="loa" free="1310720" total="1310720" percent="100" />
    </mem>
    <remembered-set count="93" />
  </mem-info>
</gc-start>
<allocation-stats totalBytes="16649800" >
  <allocated-bytes non-tlh="584" tlh="16649216" />
  <largest-consumer threadName="main" threadId="00000000022F5700" bytes="16649800" />
</allocation-stats>
<gc-op id="4038" type="scavenge" timems="0.195" contextid="4035" timestamp="2019-07-02T20:42:34.551">
  <scavenger-info tenureage="3" tenuremask="fff8" tiltratio="89" />
  <memory-copied type="nursery" objects="1" bytes="24" bytesdiscarded="39144" />
</gc-op>
<gc-end id="4039" type="scavenge" contextid="4035" durationms="0.518" usertimems="0.000" systemtimems="0.000" timestamp="2019-07-02T20:42:34.551" activeThreads="4">
  <mem-info id="4040" free="24218304" total="44826624" percent="54">
    <mem type="nursery" free="16672512" total="18612224" percent="89">
      <mem type="allocate" free="16672512" total="16711680" percent="99" />
      <mem type="survivor" free="0" total="1900544" percent="0" />
    </mem>
    <mem type="tenure" free="7545792" total="26214400" percent="28">
      <mem type="soa" free="6235072" total="24903680" percent="25" />
      <mem type="loa" free="1310720" total="1310720" percent="100" />
    </mem>
    <remembered-set count="93" />
  </mem-info>
</gc-end>
<cycle-end id="4041" type="scavenge" contextid="4035" timestamp="2019-07-02T20:42:34.552">
  <attribute name="GC Util" value="4" />
  <attribute name="CPU Util" value="1788525955341" />
  <attribute name="Time Running"value="15651"/>
  <attribute name="Number of cores"value="4"/>
</cycle-end>
<allocation-satisfied id="4042" threadId="00000000022F5700" bytesRequested="32" />
<af-end id="4043" timestamp="2019-07-02T20:42:34.552" threadId="00000000022F6088" success="true" from="nursery"/>
<exclusive-end id="4044" timestamp="2019-07-02T20:42:34.552" durationms="1.318" />

<exclusive-start id="4045" timestamp="2019-07-02T20:42:34.561" intervalms="10.231">
  <response-info timems="0.064" idlems="0.064" threads="0" lastid="00000000022F5700" lastname="main" />
</exclusive-start>
<af-start id="4046" threadId="00000000022F6088" totalBytesRequested="584" timestamp="2019-07-02T20:42:34.561" intervalms="10.281" type="nursery" />
<cycle-start id="4047" type="scavenge" contextid="0" timestamp="2019-07-02T20:42:34.561" intervalms="10.271" />
  <attribute name="GC Util" value="4" />
  <attribute name="CPU Util" value="1788525955341" />
  <attribute name="Time Running"value="15651"/>
  <attribute name="Number of cores"value="4"/>
<gc-start id="4048" type="scavenge" contextid="4047" timestamp="2019-07-02T20:42:34.561">
  <mem-info id="4049" free="7545792" total="44826624" percent="16">
    <mem type="nursery" free="0" total="18612224" percent="0">
      <mem type="allocate" free="0" total="16711680" percent="0" />
      <mem type="survivor" free="0" total="1900544" percent="0" />
    </mem>
    <mem type="tenure" free="7545792" total="26214400" percent="28">
      <mem type="soa" free="6235072" total="24903680" percent="25" />
      <mem type="loa" free="1310720" total="1310720" percent="100" />
    </mem>
    <remembered-set count="93" />
  </mem-info>
</gc-start>
<allocation-stats totalBytes="16649968" >
  <allocated-bytes non-tlh="32" tlh="16649936" />
  <largest-consumer threadName="main" threadId="00000000022F5700" bytes="16649968" />
</allocation-stats>
<gc-op id="4050" type="scavenge" timems="0.179" contextid="4047" timestamp="2019-07-02T20:42:34.562">
  <scavenger-info tenureage="3" tenuremask="fff8" tiltratio="89" />
  <memory-copied type="nursery" objects="3" bytes="72" bytesdiscarded="39096" />
</gc-op>
<gc-end id="4051" type="scavenge" contextid="4047" durationms="0.611" usertimems="0.000" systemtimems="0.000" timestamp="2019-07-02T20:42:34.562" activeThreads="4">
  <mem-info id="4052" free="24218304" total="44826624" percent="54">
    <mem type="nursery" free="16672512" total="18612224" percent="89">
      <mem type="allocate" free="16672512" total="16711680" percent="99" />
      <mem type="survivor" free="0" total="1900544" percent="0" />
    </mem>
    <mem type="tenure" free="7545792" total="26214400" percent="28">
      <mem type="soa" free="6235072" total="24903680" percent="25" />
      <mem type="loa" free="1310720" total="1310720" percent="100" />
    </mem>
    <remembered-set count="93" />
  </mem-info>
</gc-end>
<cycle-end id="4053" type="scavenge" contextid="4047" timestamp="2019-07-02T20:42:34.562">
  <attribute name="GC Util" value="4" />
  <attribute name="CPU Util" value="1790214814804" />
  <attribute name="Time Running"value="15662"/>
  <attribute name="Number of cores"value="4"/>
</cycle-end>
<allocation-satisfied id="4054" threadId="00000000022F5700" bytesRequested="584" />
<af-end id="4055" timestamp="2019-07-02T20:42:34.562" threadId="00000000022F6088" success="true" from="nursery"/>
<exclusive-end id="4056" timestamp="2019-07-02T20:42:34.562" durationms="1.399" />

<exclusive-start id="4057" timestamp="2019-07-02T20:42:34.571" intervalms="10.265">
  <response-info timems="0.067" idlems="0.067" threads="0" lastid="00000000022F5700" lastname="main" />
</exclusive-start>
<af-start id="4058" threadId="00000000022F6088" totalBytesRequested="32" timestamp="2019-07-02T20:42:34.571" intervalms="10.269" type="nursery" />
<cycle-start id="4059" type="scavenge" contextid="0" timestamp="2019-07-02T20:42:34.571" intervalms="10.269" />
  <attribute name="GC Util" value="4" />
  <attribute name="CPU Util" value="1790214814804" />
  <attribute name="Time Running"value="15662"/>
  <attribute name="Number of cores"value="4"/>
<gc-start id="4060" type="scavenge" contextid="4059" timestamp="2019-07-02T20:42:34.572">
  <mem-info id="4061" free="7545792" total="44826624" percent="16">
    <mem type="nursery" free="0" total="18612224" percent="0">
      <mem type="allocate" free="0" total="16711680" percent="0" />
      <mem type="survivor" free="0" total="1900544" percent="0" />
    </mem>
    <mem type="tenure" free="7545792" total="26214400" percent="28">
      <mem type="soa" free="6235072" total="24903680" percent="25" />
      <mem type="loa" free="1310720" total="1310720" percent="100" />
    </mem>
    <remembered-set count="93" />
  </mem-info>
</gc-start>
<allocation-stats totalBytes="16649800" >
  <allocated-bytes non-tlh="584" tlh="16649216" />
  <largest-consumer threadName="main" threadId="00000000022F5700" bytes="16649800" />
</allocation-stats>
<gc-op id="4062" type="scavenge" timems="0.191" contextid="4059" timestamp="2019-07-02T20:42:34.572">
  <scavenger-info tenureage="3" tenuremask="fff8" tiltratio="89" />
  <memory-copied type="nursery" objects="1" bytes="24" bytesdiscarded="39144" />
</gc-op>
<gc-end id="4063" type="scavenge" contextid="4059" durationms="0.620" usertimems="0.000" systemtimems="0.000" timestamp="2019-07-02T20:42:34.572" activeThreads="4">
  <mem-info id="4064" free="24218304" total="44826624" percent="54">
    <mem type="nursery" free="16672512" total="18612224" percent="89">
      <mem type="allocate" free="16672512" total="16711680" percent="99" />
      <mem type="survivor" free="0" total="1900544" percent="0" />
    </mem>
    <mem type="tenure" free="7545792" total="26214400" percent="28">
      <mem type="soa" free="6235072" total="24903680" percent="25" />
      <mem type="loa" free="1310720" total="1310720" percent="100" />
    </mem>
    <remembered-set count="93" />
  </mem-info>
</gc-end>
<cycle-end id="4065" type="scavenge" contextid="4059" timestamp="2019-07-02T20:42:34.572">
  <attribute name="GC Util" value="4" />
  <attribute name="CPU Util" value="1787216292423" />
  <attribute name="Time Running"value="15672"/>
  <attribute name="Number of cores"value="4"/>
</cycle-end>
<allocation-satisfied id="4066" threadId="00000000022F5700" bytesRequested="32" />
<af-end id="4067" timestamp="2019-07-02T20:42:34.572" threadId="00000000022F6088" success="true" from="nursery"/>
<exclusive-end id="4068" timestamp="2019-07-02T20:42:34.572" durationms="1.431" />

<exclusive-start id="4069" timestamp="2019-07-02T20:42:34.581" intervalms="10.319">
  <response-info timems="0.063" idlems="0.063" threads="0" lastid="00000000022F5700" lastname="main" />
</exclusive-start>
<af-start id="4070" threadId="00000000022F6088" totalBytesRequested="584" timestamp="2019-07-02T20:42:34.582" intervalms="10.312" type="nursery" />
<cycle-start id="4071" type="scavenge" contextid="0" timestamp="2019-07-02T20:42:34.582" intervalms="10.319" />
  <attribute name="GC Util" value="4" />
  <attribute name="CPU Util" value="1787216292423" />
  <attribute name="Time Running"value="15672"/>
  <attribute name="Number of cores"value="4"/>
<gc-start id="4072" type="scavenge" contextid="4071" timestamp="2019-07-02T20:42:34.582">
  <mem-info id="4073" free="7545792" total="44826624" percent="16">
    <mem type="nursery" free="0" total="18612224" percent="0">
      <mem type="allocate" free="0" total="16711680" percent="0" />
      <mem type="survivor" free="0" total="1900544" percent="0" />
    </mem>
    <mem type="tenure" free="7545792" total="26214400" percent="28">
      <mem type="soa" free="6235072" total="24903680" percent="25" />
      <mem type="loa" free="1310720" total="1310720" percent="100" />
    </mem>
    <remembered-set count="93" />
  </mem-info>
</gc-start>
<allocation-stats totalBytes="16649968" >
  <allocated-bytes non-tlh="32" tlh="16649936" />
  <largest-consumer threadName="main" threadId="00000000022F5700" bytes="16649968" />
</allocation-stats>
<gc-op id="4074" type="scavenge" timems="0.188" contextid="4071" timestamp="2019-07-02T20:42:34.582">
  <scavenger-info tenureage="3" tenuremask="fff8" tiltratio="89" />
  <memory-copied type="nursery" objects="3" bytes="72" bytesdiscarded="39096" />
</gc-op>
<gc-end id="4075" type="scavenge" contextid="4071" durationms="0.625" usertimems="0.000" systemtimems="0.000" timestamp="2019-07-02T20:42:34.582" activeThreads="4">
  <mem-info id="4076" free="24218304" total="44826624" percent="54">
    <mem type="nursery" free="16672512" total="18612224" percent="89">
      <mem type="allocate" free="16672512" total="16711680" percent="99" />
      <mem type="survivor" free="0" total="1900544" percent="0" />
    </mem>
    <mem type="tenure" free="7545792" total="26214400" percent="28">
      <mem type="soa" free="6235072" total="24903680" percent="25" />
      <mem type="loa" free="1310720" total="1310720" percent="100" />
    </mem>
    <remembered-set count="93" />
  </mem-info>
</gc-end>
<cycle-end id="4077" type="scavenge" contextid="4071" timestamp="2019-07-02T20:42:34.583">
  <attribute name="GC Util" value="4" />
  <attribute name="CPU Util" value="1786793721515" />
  <attribute name="Time Running"value="15682"/>
  <attribute name="Number of cores"value="4"/>
</cycle-end>
<allocation-satisfied id="4078" threadId="00000000022F5700" bytesRequested="584" />
<af-end id="4079" timestamp="2019-07-02T20:42:34.583" threadId="00000000022F6088" success="true" from="nursery"/>
<exclusive-end id="4080" timestamp="2019-07-02T20:42:34.583" durationms="1.468" />

<exclusive-start id="4081" timestamp="2019-07-02T20:42:34.597" intervalms="15.680">
  <response-info timems="0.058" idlems="0.058" threads="0" lastid="00000000022F5700" lastname="main" />
</exclusive-start>
<af-start id="4082" threadId="00000000022F6088" totalBytesRequested="24" timestamp="2019-07-02T20:42:34.597" intervalms="15.691" type="nursery" />
<cycle-start id="4083" type="scavenge" contextid="0" timestamp="2019-07-02T20:42:34.597" intervalms="15.696" />
  <attribute name="GC Util" value="4" />
  <attribute name="CPU Util" value="1786793721515" />
  <attribute name="Time Running"value="15682"/>
  <attribute name="Number of cores"value="4"/>
<gc-start id="4084" type="scavenge" contextid="4083" timestamp="2019-07-02T20:42:34.598">
  <mem-info id="4085" free="7542488" total="44826624" percent="16">
    <mem type="nursery" free="0" total="18612224" percent="0">
      <mem type="allocate" free="0" total="16711680" percent="0" />
      <mem type="survivor" free="0" total="1900544" percent="0" />
    </mem>
    <mem type="tenure" free="7542488" total="26214400" percent="28">
      <mem type="soa" free="6231768" total="24903680" percent="25" />
      <mem type="loa" free="1310720" total="1310720" percent="100" />
    </mem>
    <remembered-set count="165" />
  </mem-info>
</gc-start>
<allocation-stats totalBytes="16660928" >
  <allocated-bytes non-tlh="3888" tlh="16657040" />
  <largest-consumer threadName="main" threadId="00000000022F5700" bytes="16660928" />
</allocation-stats>
<gc-op id="4086" type="scavenge" timems="0.319" contextid="4083" timestamp="2019-07-02T20:42:34.598">
  <scavenger-info tenureage="3" tenuremask="fff8" tiltratio="89" />
  <memory-copied type="nursery" objects="847" bytes="37544" bytesdiscarded="1624" />
  <references type="soft" candidates="4" cleared="0" enqueued="0" dynamicThreshold="9" maxThreshold="32" />
  <references type="weak" candidates="15" cleared="6" enqueued="4" />
</gc-op>
<gc-end id="4087" type="scavenge" contextid="4083" durationms="0.761" usertimems="0.000" systemtimems="0.000" timestamp="2019-07-02T20:42:34.598" activeThreads="4">
  <mem-info id="4088" free="24215000" total="44826624" percent="54">
    <mem type="nursery" free="16672512" total="18612224" percent="89">
      <mem type="allocate" free="16672512" total="16711680" percent="99" />
      <mem type="survivor" free="0" total="1900544" percent="0" />
    </mem>
    <mem type="tenure" free="7542488" total="26214400" percent="28">
      <mem type="soa" free="6231768" total="24903680" percent="25" />
      <mem type="loa" free="1310720" total="1310720" percent="100" />
    </mem>
    <pending-finalizers system="0" default="0" reference="4" classloader="0" />
    <remembered-set count="165" />
  </mem-info>
</gc-end>
<cycle-end id="4089" type="scavenge" contextid="4083" timestamp="2019-07-02T20:42:34.598">
  <attribute name="GC Util" value="2" />
  <attribute name="CPU Util" value="1173591006421" />
  <attribute name="Time Running"value="15698"/>
  <attribute name="Number of cores"value="4"/>
</cycle-end>
<allocation-satisfied id="4090" threadId="00000000022F5700" bytesRequested="24" />
<af-end id="4091" timestamp="2019-07-02T20:42:34.599" threadId="00000000022F6088" success="true" from="nursery"/>
<exclusive-end id="4092" timestamp="2019-07-02T20:42:34.599" durationms="1.641" />

<exclusive-start id="4093" timestamp="2019-07-02T20:42:34.618" intervalms="21.260">
  <response-info timems="0.077" idlems="0.077" threads="0" lastid="00000000022F5700" lastname="main" />
</exclusive-start>
<af-start id="4094" threadId="00000000022F6088" totalBytesRequested="32" timestamp="2019-07-02T20:42:34.618" intervalms="21.268" type="nursery" />
<cycle-start id="4095" type="scavenge" contextid="0" timestamp="2019-07-02T20:42:34.619" intervalms="21.262" />
  <attribute name="GC Util" value="2" />
  <attribute name="CPU Util" value="1173591006421" />
  <attribute name="Time Running"value="15698"/>
  <attribute name="Number of cores"value="4"/>
<gc-start id="4096" type="scavenge" contextid="4095" timestamp="2019-07-02T20:42:34.619">
  <mem-info id="4097" free="7542488" total="44826624" percent="16">
    <mem type="nursery" free="0" total="18612224" percent="0">
      <mem type="allocate" free="0" total="16711680" percent="0" />
      <mem type="survivor" free="0" total="1900544" percent="0" />
    </mem>
    <mem type="tenure" free="7542488" total="26214400" percent="28">
      <mem type="soa" free="6231768" total="24903680" percent="25" />
      <mem type="loa" free="1310720" total="1310720" percent="100" />
    </mem>
    <remembered-set count="168" />
  </mem-info>
</gc-start>
<allocation-stats totalBytes="16671736" >
  <allocated-bytes non-tlh="24" tlh="16671712" />
  <largest-consumer threadName="main" threadId="00000000022F5700" bytes="16667640" />
</allocation-stats>
<gc-op id="4098" type="scavenge" timems="0.272" contextid="4095" timestamp="2019-07-02T20:42:34.619">
  <scavenger-info tenureage="3" tenuremask="fff8" tiltratio="89" />
  <memory-copied type="nursery" objects="849" bytes="38104" bytesdiscarded="1064" />
  <references type="soft" candidates="4" cleared="0" enqueued="0" dynamicThreshold="9" maxThreshold="32" />
  <references type="weak" candidates="9" cleared="0" enqueued="0" />
</gc-op>
<gc-end id="4099" type="scavenge" contextid="4095" durationms="0.713" usertimems="0.000" systemtimems="0.000" timestamp="2019-07-02T20:42:34.620" activeThreads="4">
  <mem-info id="4100" free="24215000" total="44826624" percent="54">
    <mem type="nursery" free="16672512" total="18612224" percent="89">
      <mem type="allocate" free="16672512" total="16711680" percent="99" />
      <mem type="survivor" free="0" total="1900544" percent="0" />
    </mem>
    <mem type="tenure" free="7542488" total="26214400" percent="28">
      <mem type="soa" free="6231768" total="24903680" percent="25" />
      <mem type="loa" free="1310720" total="1310720" percent="100" />
    </mem>
    <remembered-set count="159" />
  </mem-info>
</gc-end>
<cycle-end id="4101" type="scavenge" contextid="4095" timestamp="2019-07-02T20:42:34.620">
  <attribute name="GC Util" value="2" />
  <attribute name="CPU Util" value="868018308303" />
  <attribute name="Time Running"value="15719"/>
  <attribute name="Number of cores"value="4"/>
</cycle-end>
<allocation-satisfied id="4102" threadId="00000000022F5700" bytesRequested="32" />
<af-end id="4103" timestamp="2019-07-02T20:42:34.620" threadId="00000000022F6088" success="true" from="nursery"/>
<exclusive-end id="4104" timestamp="2019-07-02T20:42:34.620" durationms="1.579" />

<exclusive-start id="4105" timestamp="2019-07-02T20:42:34.650" intervalms="32.082">
  <response-info timems="0.084" idlems="0.084" threads="0" lastid="00000000022F5700" lastname="main" />
</exclusive-start>
<af-start id="4106" threadId="00000000022F6088" totalBytesRequested="32" timestamp="2019-07-02T20:42:34.651" intervalms="32.085" type="nursery" />
<cycle-start id="4107" type="scavenge" contextid="0" timestamp="2019-07-02T20:42:34.651" intervalms="32.087" />
  <attribute name="GC Util" value="2" />
  <attribute name="CPU Util" value="868018308303" />
  <attribute name="Time Running"value="15719"/>
  <attribute name="Number of cores"value="4"/>
<gc-start id="4108" type="scavenge" contextid="4107" timestamp="2019-07-02T20:42:34.651">
  <mem-info id="4109" free="7542488" total="44826624" percent="16">
    <mem type="nursery" free="0" total="18612224" percent="0">
      <mem type="allocate" free="0" total="16711680" percent="0" />
      <mem type="survivor" free="0" total="1900544" percent="0" />
    </mem>
    <mem type="tenure" free="7542488" total="26214400" percent="28">
      <mem type="soa" free="6231768" total="24903680" percent="25" />
      <mem type="loa" free="1310720" total="1310720" percent="100" />
    </mem>
    <remembered-set count="159" />
  </mem-info>
</gc-start>
<allocation-stats totalBytes="16670480" >
  <allocated-bytes non-tlh="32" tlh="16670448" />
  <largest-consumer threadName="main" threadId="00000000022F5700" bytes="16670480" />
</allocation-stats>
<gc-op id="4110" type="scavenge" timems="0.240" contextid="4107" timestamp="2019-07-02T20:42:34.651">
  <scavenger-info tenureage="3" tenuremask="fff8" tiltratio="89" />
  <memory-copied type="nursery" objects="850" bytes="38128" bytesdiscarded="1040" />
  <references type="soft" candidates="4" cleared="0" enqueued="0" dynamicThreshold="9" maxThreshold="32" />
  <references type="weak" candidates="9" cleared="0" enqueued="0" />
</gc-op>
<gc-end id="4111" type="scavenge" contextid="4107" durationms="0.707" usertimems="0.000" systemtimems="0.000" timestamp="2019-07-02T20:42:34.652" activeThreads="4">
  <mem-info id="4112" free="24215000" total="44826624" percent="54">
    <mem type="nursery" free="16672512" total="18612224" percent="89">
      <mem type="allocate" free="16672512" total="16711680" percent="99" />
      <mem type="survivor" free="0" total="1900544" percent="0" />
    </mem>
    <mem type="tenure" free="7542488" total="26214400" percent="28">
      <mem type="soa" free="6231768" total="24903680" percent="25" />
      <mem type="loa" free="1310720" total="1310720" percent="100" />
    </mem>
    <remembered-set count="126" />
  </mem-info>
</gc-end>
<cycle-end id="4113" type="scavenge" contextid="4107" timestamp="2019-07-02T20:42:34.652">
  <attribute name="GC Util" value="1" />
  <attribute name="CPU Util" value="575080700962" />
  <attribute name="Time Running"value="15751"/>
  <attribute name="Number of cores"value="4"/>
</cycle-end>
<allocation-satisfied id="4114" threadId="00000000022F5700" bytesRequested="32" />
<af-end id="4115" timestamp="2019-07-02T20:42:34.652" threadId="00000000022F6088" success="true" from="nursery"/>
<exclusive-end id="4116" timestamp="2019-07-02T20:42:34.652" durationms="1.602" />

<exclusive-start id="4117" timestamp="2019-07-02T20:42:34.707" intervalms="56.546">
  <response-info timems="0.069" idlems="0.069" threads="0" lastid="00000000022F5700" lastname="main" />
</exclusive-start>
<af-start id="4118" threadId="00000000022F6088" totalBytesRequested="24" timestamp="2019-07-02T20:42:34.707" intervalms="56.525" type="nursery" />
<cycle-start id="4119" type="scavenge" contextid="0" timestamp="2019-07-02T20:42:34.707" intervalms="56.716" />
  <attribute name="GC Util" value="1" />
  <attribute name="CPU Util" value="575080700962" />
  <attribute name="Time Running"value="15751"/>
  <attribute name="Number of cores"value="4"/>
<gc-start id="4120" type="scavenge" contextid="4119" timestamp="2019-07-02T20:42:34.708">
  <mem-info id="4121" free="7542488" total="44826624" percent="16">
    <mem type="nursery" free="0" total="18612224" percent="0">
      <mem type="allocate" free="0" total="16711680" percent="0" />
      <mem type="survivor" free="0" total="1900544" percent="0" />
    </mem>
    <mem type="tenure" free="7542488" total="26214400" percent="28">
      <mem type="soa" free="6231768" total="24903680" percent="25" />
      <mem type="loa" free="1310720" total="1310720" percent="100" />
    </mem>
    <remembered-set count="130" />
  </mem-info>
</gc-start>
<allocation-stats totalBytes="16670032" >
  <allocated-bytes non-tlh="32" tlh="16670000" />
  <largest-consumer threadName="main" threadId="00000000022F5700" bytes="16670032" />
</allocation-stats>
<gc-op id="4122" type="scavenge" timems="0.306" contextid="4119" timestamp="2019-07-02T20:42:34.708">
  <scavenger-info tenureage="2" tenuremask="fffc" tiltratio="89" />
  <memory-copied type="nursery" objects="24" bytes="696" bytesdiscarded="38472" />
  <memory-copied type="tenure" objects="833" bytes="37536" bytesdiscarded="0" />
</gc-op>
<gc-end id="4123" type="scavenge" contextid="4119" durationms="0.724" usertimems="4.000" systemtimems="0.000" timestamp="2019-07-02T20:42:34.708" activeThreads="4">
  <mem-info id="4124" free="24215000" total="44826624" percent="54">
    <mem type="nursery" free="16672512" total="18612224" percent="89">
      <mem type="allocate" free="16672512" total="16711680" percent="99" />
      <mem type="survivor" free="0" total="1900544" percent="0" />
    </mem>
    <mem type="tenure" free="7542488" total="26214400" percent="28">
      <mem type="soa" free="6231768" total="24903680" percent="25" />
      <mem type="loa" free="1310720" total="1310720" percent="100" />
    </mem>
    <remembered-set count="92" />
  </mem-info>
</gc-end>
<cycle-end id="4125" type="scavenge" contextid="4119" timestamp="2019-07-02T20:42:34.708">
  <attribute name="GC Util" value="0" />
  <attribute name="CPU Util" value="325474033472" />
  <attribute name="Time Running"value="15808"/>
  <attribute name="Number of cores"value="4"/>
</cycle-end>
<allocation-satisfied id="4126" threadId="00000000022F5700" bytesRequested="24" />
<af-end id="4127" timestamp="2019-07-02T20:42:34.709" threadId="00000000022F6088" success="true" from="nursery"/>
<exclusive-end id="4128" timestamp="2019-07-02T20:42:34.709" durationms="1.761" />

<exclusive-start id="4129" timestamp="2019-07-02T20:42:34.878" intervalms="170.642">
  <response-info timems="0.026" idlems="0.026" threads="0" lastid="00000000022F5700" lastname="main" />
</exclusive-start>
<af-start id="4130" threadId="00000000022F6088" totalBytesRequested="1168" timestamp="2019-07-02T20:42:34.878" intervalms="170.697" type="nursery" />
<cycle-start id="4131" type="scavenge" contextid="0" timestamp="2019-07-02T20:42:34.878" intervalms="170.544" />
  <attribute name="GC Util" value="0" />
  <attribute name="CPU Util" value="325474033472" />
  <attribute name="Time Running"value="15808"/>
  <attribute name="Number of cores"value="4"/>
<gc-start id="4132" type="scavenge" contextid="4131" timestamp="2019-07-02T20:42:34.878">
  <mem-info id="4133" free="7542488" total="44826624" percent="16">
    <mem type="nursery" free="0" total="18612224" percent="0">
      <mem type="allocate" free="0" total="16711680" percent="0" />
      <mem type="survivor" free="0" total="1900544" percent="0" />
    </mem>
    <mem type="tenure" free="7542488" total="26214400" percent="28">
      <mem type="soa" free="6231768" total="24903680" percent="25" />
      <mem type="loa" free="1310720" total="1310720" percent="100" />
    </mem>
    <remembered-set count="104" />
  </mem-info>
</gc-start>
<allocation-stats totalBytes="16617352" >
  <allocated-bytes non-tlh="24" tlh="16617328" />
  <largest-consumer threadName="main" threadId="00000000022F5700" bytes="16617352" />
</allocation-stats>
<gc-op id="4134" type="scavenge" timems="0.338" contextid="4131" timestamp="2019-07-02T20:42:34.879">
  <scavenger-info tenureage="5" tenuremask="ffe0" tiltratio="89" />
  <memory-copied type="nursery" objects="67" bytes="2808" bytesdiscarded="75528" />
</gc-op>
<gc-end id="4135" type="scavenge" contextid="4131" durationms="1.014" usertimems="0.000" systemtimems="0.000" timestamp="2019-07-02T20:42:34.879" activeThreads="4">
  <mem-info id="4136" free="24175832" total="44826624" percent="53">
    <mem type="nursery" free="16633344" total="18612224" percent="89">
      <mem type="allocate" free="16633344" total="16711680" percent="99" />
      <mem type="survivor" free="0" total="1900544" percent="0" />
    </mem>
    <mem type="tenure" free="7542488" total="26214400" percent="28">
      <mem type="soa" free="6231768" total="24903680" percent="25" />
      <mem type="loa" free="1310720" total="1310720" percent="100" />
    </mem>
    <remembered-set count="104" />
  </mem-info>
</gc-end>
<cycle-end id="4137" type="scavenge" contextid="4131" timestamp="2019-07-02T20:42:34.879">
  <attribute name="GC Util" value="0" />
  <attribute name="CPU Util" value="108018288492" />
  <attribute name="Time Running"value="15979"/>
  <attribute name="Number of cores"value="4"/>
</cycle-end>
<allocation-satisfied id="4138" threadId="00000000022F5700" bytesRequested="1168" />
<af-end id="4139" timestamp="2019-07-02T20:42:34.880" threadId="00000000022F6088" success="true" from="nursery"/>
<exclusive-end id="4140" timestamp="2019-07-02T20:42:34.880" durationms="2.040" />

<exclusive-start id="4141" timestamp="2019-07-02T20:42:34.882" intervalms="4.004">
  <response-info timems="0.022" idlems="0.022" threads="0" lastid="00000000022F5700" lastname="main" />
</exclusive-start>
<af-start id="4142" threadId="00000000022F6088" totalBytesRequested="1168" timestamp="2019-07-02T20:42:34.882" intervalms="3.993" type="nursery" />
<cycle-start id="4143" type="scavenge" contextid="0" timestamp="2019-07-02T20:42:34.882" intervalms="3.980" />
  <attribute name="GC Util" value="0" />
  <attribute name="CPU Util" value="108018288492" />
  <attribute name="Time Running"value="15979"/>
  <attribute name="Number of cores"value="4"/>
<gc-start id="4144" type="scavenge" contextid="4143" timestamp="2019-07-02T20:42:34.882">
  <mem-info id="4145" free="7542488" total="44826624" percent="16">
    <mem type="nursery" free="0" total="18612224" percent="0">
      <mem type="allocate" free="0" total="16711680" percent="0" />
      <mem type="survivor" free="0" total="1900544" percent="0" />
    </mem>
    <mem type="tenure" free="7542488" total="26214400" percent="28">
      <mem type="soa" free="6231768" total="24903680" percent="25" />
      <mem type="loa" free="1310720" total="1310720" percent="100" />
    </mem>
    <remembered-set count="104" />
  </mem-info>
</gc-start>
<allocation-stats totalBytes="16569168" >
  <allocated-bytes non-tlh="1168" tlh="16568000" />
  <largest-consumer threadName="main" threadId="00000000022F5700" bytes="16569168" />
</allocation-stats>
<gc-op id="4146" type="scavenge" timems="0.196" contextid="4143" timestamp="2019-07-02T20:42:34.883">
  <scavenger-info tenureage="3" tenuremask="fff8" tiltratio="89" />
  <memory-copied type="nursery" objects="67" bytes="2808" bytesdiscarded="75528" />
</gc-op>
<gc-end id="4147" type="scavenge" contextid="4143" durationms="0.526" usertimems="0.000" systemtimems="0.000" timestamp="2019-07-02T20:42:34.883" activeThreads="4">
  <mem-info id="4148" free="24175832" total="44826624" percent="53">
    <mem type="nursery" free="16633344" total="18612224" percent="89">
      <mem type="allocate" free="16633344" total="16711680" percent="99" />
      <mem type="survivor" free="0" total="1900544" percent="0" />
    </mem>
    <mem type="tenure" free="7542488" total="26214400" percent="28">
      <mem type="soa" free="6231768" total="24903680" percent="25" />
      <mem type="loa" free="1310720" total="1310720" percent="100" />
    </mem>
    <remembered-set count="104" />
  </mem-info>
</gc-end>
<cycle-end id="4149" type="scavenge" contextid="4143" timestamp="2019-07-02T20:42:34.883">
  <attribute name="GC Util" value="18" />
  <attribute name="CPU Util" value="4910311511323" />
  <attribute name="Time Running"value="15983"/>
  <attribute name="Number of cores"value="4"/>
</cycle-end>
<allocation-satisfied id="4150" threadId="00000000022F5700" bytesRequested="1168" />
<af-end id="4151" timestamp="2019-07-02T20:42:34.883" threadId="00000000022F6088" success="true" from="nursery"/>
<exclusive-end id="4152" timestamp="2019-07-02T20:42:34.883" durationms="1.441" />

<exclusive-start id="4153" timestamp="2019-07-02T20:42:34.885" intervalms="3.216">
  <response-info timems="0.025" idlems="0.025" threads="0" lastid="00000000022F5700" lastname="main" />
</exclusive-start>
<af-start id="4154" threadId="00000000022F6088" totalBytesRequested="1168" timestamp="2019-07-02T20:42:34.885" intervalms="3.080" type="nursery" />
<cycle-start id="4155" type="scavenge" contextid="0" timestamp="2019-07-02T20:42:34.885" intervalms="2.951" />
  <attribute name="GC Util" value="18" />
  <attribute name="CPU Util" value="4910311511323" />
  <attribute name="Time Running"value="15983"/>
  <attribute name="Number of cores"value="4"/>
<gc-start id="4156" type="scavenge" contextid="4155" timestamp="2019-07-02T20:42:34.885">
  <mem-info id="4157" free="7542488" total="44826624" percent="16">
    <mem type="nursery" free="0" total="18612224" percent="0">
      <mem type="allocate" free="0" total="16711680" percent="0" />
      <mem type="survivor" free="0" total="1900544" percent="0" />
    </mem>
    <mem type="tenure" free="7542488" total="26214400" percent="28">
      <mem type="soa" free="6231768" total="24903680" percent="25" />
      <mem type="loa" free="1310720" total="1310720" percent="100" />
    </mem>
    <remembered-set count="104" />
  </mem-info>
</gc-start>
<allocation-stats totalBytes="16569168" >
  <allocated-bytes non-tlh="1168" tlh="16568000" />
  <largest-consumer threadName="main" threadId="00000000022F5700" bytes="16569168" />
</allocation-stats>
<gc-op id="4158" type="scavenge" timems="0.189" contextid="4155" timestamp="2019-07-02T20:42:34.885">
  <scavenger-info tenureage="2" tenuremask="fffc" tiltratio="89" />
  <memory-copied type="tenure" objects="67" bytes="2808" bytesdiscarded="0" />
</gc-op>
<gc-end id="4159" type="scavenge" contextid="4155" durationms="0.398" usertimems="0.000" systemtimems="0.000" timestamp="2019-07-02T20:42:34.885" activeThreads="4">
  <mem-info id="4160" free="24254168" total="44826624" percent="54">
    <mem type="nursery" free="16711680" total="18612224" percent="89">
      <mem type="allocate" free="16711680" total="16711680" percent="100" />
      <mem type="survivor" free="0" total="1900544" percent="0" />
    </mem>
    <mem type="tenure" free="7542488" total="26214400" percent="28">
      <mem type="soa" free="6231768" total="24903680" percent="25" />
      <mem type="loa" free="1310720" total="1310720" percent="100" />
    </mem>
    <remembered-set count="95" />
  </mem-info>
</gc-end>
<cycle-end id="4161" type="scavenge" contextid="4155" timestamp="2019-07-02T20:42:34.886">
  <attribute name="GC Util" value="21" />
  <attribute name="CPU Util" value="6872054050606" />
  <attribute name="Time Running"value="15985"/>
  <attribute name="Number of cores"value="4"/>
</cycle-end>
<allocation-satisfied id="4162" threadId="00000000022F5700" bytesRequested="1168" />
<af-end id="4163" timestamp="2019-07-02T20:42:34.886" threadId="00000000022F6088" success="true" from="nursery"/>
<exclusive-end id="4164" timestamp="2019-07-02T20:42:34.886" durationms="1.041" />

<exclusive-start id="4165" timestamp="2019-07-02T20:42:34.888" intervalms="2.921">
  <response-info timems="0.023" idlems="0.023" threads="0" lastid="00000000022F5700" lastname="main" />
</exclusive-start>
<af-start id="4166" threadId="00000000022F6088" totalBytesRequested="1168" timestamp="2019-07-02T20:42:34.888" intervalms="2.968" type="nursery" />
<cycle-start id="4167" type="scavenge" contextid="0" timestamp="2019-07-02T20:42:34.888" intervalms="3.027" />
  <attribute name="GC Util" value="21" />
  <attribute name="CPU Util" value="6872054050606" />
  <attribute name="Time Running"value="15985"/>
  <attribute name="Number of cores"value="4"/>
<gc-start id="4168" type="scavenge" contextid="4167" timestamp="2019-07-02T20:42:34.888">
  <mem-info id="4169" free="7542488" total="44826624" percent="16">
    <mem type="nursery" free="0" total="18612224" percent="0">
      <mem type="allocate" free="0" total="16711680" percent="0" />
      <mem type="survivor" free="0" total="1900544" percent="0" />
    </mem>
    <mem type="tenure" free="7542488" total="26214400" percent="28">
      <mem type="soa" free="6231768" total="24903680" percent="25" />
      <mem type="loa" free="1310720" total="1310720" percent="100" />
    </mem>
    <remembered-set count="96" />
  </mem-info>
</gc-start>
<allocation-stats totalBytes="16650264" >
  <allocated-bytes non-tlh="1168" tlh="16649096" />
  <largest-consumer threadName="main" threadId="00000000022F5700" bytes="16650264" />
</allocation-stats>
<gc-op id="4170" type="scavenge" timems="0.186" contextid="4167" timestamp="2019-07-02T20:42:34.888">
  <scavenger-info tenureage="2" tenuremask="ffe4" tiltratio="89" />
  <memory-copied type="nursery" objects="1" bytes="24" bytesdiscarded="39144" />
</gc-op>
<gc-end id="4171" type="scavenge" contextid="4167" durationms="0.351" usertimems="0.000" systemtimems="0.000" timestamp="2019-07-02T20:42:34.888" activeThreads="4">
  <mem-info id="4172" free="24215000" total="44826624" percent="54">
    <mem type="nursery" free="16672512" total="18612224" percent="89">
      <mem type="allocate" free="16672512" total="16711680" percent="99" />
      <mem type="survivor" free="0" total="1900544" percent="0" />
    </mem>
    <mem type="tenure" free="7542488" total="26214400" percent="28">
      <mem type="soa" free="6231768" total="24903680" percent="25" />
      <mem type="loa" free="1310720" total="1310720" percent="100" />
    </mem>
    <remembered-set count="96" />
  </mem-info>
</gc-end>
<cycle-end id="4173" type="scavenge" contextid="4167" timestamp="2019-07-02T20:42:34.889">
  <attribute name="GC Util" value="18" />
  <attribute name="CPU Util" value="6074674058338" />
  <attribute name="Time Running"value="15988"/>
  <attribute name="Number of cores"value="4"/>
</cycle-end>
<allocation-satisfied id="4174" threadId="00000000022F5700" bytesRequested="1168" />
<af-end id="4175" timestamp="2019-07-02T20:42:34.889" threadId="00000000022F6088" success="true" from="nursery"/>
<exclusive-end id="4176" timestamp="2019-07-02T20:42:34.889" durationms="1.080" />

<exclusive-start id="4177" timestamp="2019-07-02T20:42:34.891" intervalms="2.934">
  <response-info timems="0.056" idlems="0.056" threads="0" lastid="00000000022F5700" lastname="main" />
</exclusive-start>
<af-start id="4178" threadId="00000000022F6088" totalBytesRequested="1168" timestamp="2019-07-02T20:42:34.891" intervalms="2.989" type="nursery" />
<cycle-start id="4179" type="scavenge" contextid="0" timestamp="2019-07-02T20:42:34.891" intervalms="3.049" />
  <attribute name="GC Util" value="18" />
  <attribute name="CPU Util" value="6074674058338" />
  <attribute name="Time Running"value="15988"/>
  <attribute name="Number of cores"value="4"/>
<gc-start id="4180" type="scavenge" contextid="4179" timestamp="2019-07-02T20:42:34.891">
  <mem-info id="4181" free="7542488" total="44826624" percent="16">
    <mem type="nursery" free="0" total="18612224" percent="0">
      <mem type="allocate" free="0" total="16711680" percent="0" />
      <mem type="survivor" free="0" total="1900544" percent="0" />
    </mem>
    <mem type="tenure" free="7542488" total="26214400" percent="28">
      <mem type="soa" free="6231768" total="24903680" percent="25" />
      <mem type="loa" free="1310720" total="1310720" percent="100" />
    </mem>
    <remembered-set count="96" />
  </mem-info>
</gc-start>
<allocation-stats totalBytes="16613816" >
  <allocated-bytes non-tlh="1168" tlh="16612648" />
  <largest-consumer threadName="main" threadId="00000000022F5700" bytes="16613816" />
</allocation-stats>
<gc-op id="4182" type="scavenge" timems="0.212" contextid="4179" timestamp="2019-07-02T20:42:34.892">
  <scavenger-info tenureage="2" tenuremask="fffc" tiltratio="89" />
  <memory-copied type="nursery" objects="1" bytes="24" bytesdiscarded="39144" />
</gc-op>
<gc-end id="4183" type="scavenge" contextid="4179" durationms="0.829" usertimems="4.000" systemtimems="0.000" timestamp="2019-07-02T20:42:34.892" activeThreads="4">
  <mem-info id="4184" free="24215000" total="44826624" percent="54">
    <mem type="nursery" free="16672512" total="18612224" percent="89">
      <mem type="allocate" free="16672512" total="16711680" percent="99" />
      <mem type="survivor" free="0" total="1900544" percent="0" />
    </mem>
    <mem type="tenure" free="7542488" total="26214400" percent="28">
      <mem type="soa" free="6231768" total="24903680" percent="25" />
      <mem type="loa" free="1310720" total="1310720" percent="100" />
    </mem>
    <remembered-set count="96" />
  </mem-info>
</gc-end>
<cycle-end id="4185" type="scavenge" contextid="4179" timestamp="2019-07-02T20:42:34.892">
  <attribute name="GC Util" value="13" />
  <attribute name="CPU Util" value="5338891012016" />
  <attribute name="Time Running"value="15992"/>
  <attribute name="Number of cores"value="4"/>
</cycle-end>
<allocation-satisfied id="4186" threadId="00000000022F5700" bytesRequested="1168" />
<af-end id="4187" timestamp="2019-07-02T20:42:34.892" threadId="00000000022F6088" success="true" from="nursery"/>
<exclusive-end id="4188" timestamp="2019-07-02T20:42:34.892" durationms="1.806" />

<exclusive-start id="4189" timestamp="2019-07-02T20:42:34.894" intervalms="3.721">
  <response-info timems="0.053" idlems="0.053" threads="0" lastid="00000000022F5700" lastname="main" />
</exclusive-start>
<af-start id="4190" threadId="00000000022F6088" totalBytesRequested="1168" timestamp="2019-07-02T20:42:34.895" intervalms="3.728" type="nursery" />
<cycle-start id="4191" type="scavenge" contextid="0" timestamp="2019-07-02T20:42:34.895" intervalms="3.734" />
  <attribute name="GC Util" value="13" />
  <attribute name="CPU Util" value="5338891012016" />
  <attribute name="Time Running"value="15992"/>
  <attribute name="Number of cores"value="4"/>
<gc-start id="4192" type="scavenge" contextid="4191" timestamp="2019-07-02T20:42:34.895">
  <mem-info id="4193" free="7542488" total="44826624" percent="16">
    <mem type="nursery" free="0" total="18612224" percent="0">
      <mem type="allocate" free="0" total="16711680" percent="0" />
      <mem type="survivor" free="0" total="1900544" percent="0" />
    </mem>
    <mem type="tenure" free="7542488" total="26214400" percent="28">
      <mem type="soa" free="6231768" total="24903680" percent="25" />
      <mem type="loa" free="1310720" total="1310720" percent="100" />
    </mem>
    <remembered-set count="96" />
  </mem-info>
</gc-start>
<allocation-stats totalBytes="16615072" >
  <allocated-bytes non-tlh="1168" tlh="16613904" />
  <largest-consumer threadName="main" threadId="00000000022F5700" bytes="16615072" />
</allocation-stats>
<gc-op id="4194" type="scavenge" timems="0.234" contextid="4191" timestamp="2019-07-02T20:42:34.896">
  <scavenger-info tenureage="3" tenuremask="fff8" tiltratio="89" />
  <memory-copied type="nursery" objects="1" bytes="24" bytesdiscarded="39144" />
</gc-op>
<gc-end id="4195" type="scavenge" contextid="4191" durationms="0.817" usertimems="0.000" systemtimems="0.000" timestamp="2019-07-02T20:42:34.896" activeThreads="4">
  <mem-info id="4196" free="24215000" total="44826624" percent="54">
    <mem type="nursery" free="16672512" total="18612224" percent="89">
      <mem type="allocate" free="16672512" total="16711680" percent="99" />
      <mem type="survivor" free="0" total="1900544" percent="0" />
    </mem>
    <mem type="tenure" free="7542488" total="26214400" percent="28">
      <mem type="soa" free="6231768" total="24903680" percent="25" />
      <mem type="loa" free="1310720" total="1310720" percent="100" />
    </mem>
    <remembered-set count="96" />
  </mem-info>
</gc-end>
<cycle-end id="4197" type="scavenge" contextid="4191" timestamp="2019-07-02T20:42:34.896">
  <attribute name="GC Util" value="16" />
  <attribute name="CPU Util" value="4862554940906" />
  <attribute name="Time Running"value="15996"/>
  <attribute name="Number of cores"value="4"/>
</cycle-end>
<allocation-satisfied id="4198" threadId="00000000022F5700" bytesRequested="1168" />
<af-end id="4199" timestamp="2019-07-02T20:42:34.896" threadId="00000000022F6088" success="true" from="nursery"/>
<exclusive-end id="4200" timestamp="2019-07-02T20:42:34.896" durationms="1.758" />

<exclusive-start id="4201" timestamp="2019-07-02T20:42:34.898" intervalms="3.642">
  <response-info timems="0.049" idlems="0.049" threads="0" lastid="00000000022F5700" lastname="main" />
</exclusive-start>
<af-start id="4202" threadId="00000000022F6088" totalBytesRequested="1168" timestamp="2019-07-02T20:42:34.898" intervalms="3.674" type="nursery" />
<cycle-start id="4203" type="scavenge" contextid="0" timestamp="2019-07-02T20:42:34.898" intervalms="3.679" />
  <attribute name="GC Util" value="16" />
  <attribute name="CPU Util" value="4862554940906" />
  <attribute name="Time Running"value="15996"/>
  <attribute name="Number of cores"value="4"/>
<gc-start id="4204" type="scavenge" contextid="4203" timestamp="2019-07-02T20:42:34.899">
  <mem-info id="4205" free="7542488" total="44826624" percent="16">
    <mem type="nursery" free="0" total="18612224" percent="0">
      <mem type="allocate" free="0" total="16711680" percent="0" />
      <mem type="survivor" free="0" total="1900544" percent="0" />
    </mem>
    <mem type="tenure" free="7542488" total="26214400" percent="28">
      <mem type="soa" free="6231768" total="24903680" percent="25" />
      <mem type="loa" free="1310720" total="1310720" percent="100" />
    </mem>
    <remembered-set count="96" />
  </mem-info>
</gc-start>
<allocation-stats totalBytes="16613816" >
  <allocated-bytes non-tlh="1168" tlh="16612648" />
  <largest-consumer threadName="main" threadId="00000000022F5700" bytes="16613816" />
</allocation-stats>
<gc-op id="4206" type="scavenge" timems="0.214" contextid="4203" timestamp="2019-07-02T20:42:34.899">
  <scavenger-info tenureage="3" tenuremask="fff8" tiltratio="89" />
  <memory-copied type="nursery" objects="1" bytes="24" bytesdiscarded="39144" />
</gc-op>
<gc-end id="4207" type="scavenge" contextid="4203" durationms="0.738" usertimems="0.000" systemtimems="0.000" timestamp="2019-07-02T20:42:34.899" activeThreads="4">
  <mem-info id="4208" free="24215000" total="44826624" percent="54">
    <mem type="nursery" free="16672512" total="18612224" percent="89">
      <mem type="allocate" free="16672512" total="16711680" percent="99" />
      <mem type="survivor" free="0" total="1900544" percent="0" />
    </mem>
    <mem type="tenure" free="7542488" total="26214400" percent="28">
      <mem type="soa" free="6231768" total="24903680" percent="25" />
      <mem type="loa" free="1310720" total="1310720" percent="100" />
    </mem>
    <remembered-set count="96" />
  </mem-info>
</gc-end>
<cycle-end id="4209" type="scavenge" contextid="4203" timestamp="2019-07-02T20:42:34.900">
  <attribute name="GC Util" value="16" />
  <attribute name="CPU Util" value="5077830881006" />
  <attribute name="Time Running"value="15999"/>
  <attribute name="Number of cores"value="4"/>
</cycle-end>
<allocation-satisfied id="4210" threadId="00000000022F5700" bytesRequested="1168" />
<af-end id="4211" timestamp="2019-07-02T20:42:34.900" threadId="00000000022F6088" success="true" from="nursery"/>
<exclusive-end id="4212" timestamp="2019-07-02T20:42:34.900" durationms="1.783" />

<exclusive-start id="4213" timestamp="2019-07-02T20:42:34.902" intervalms="3.672">
  <response-info timems="0.025" idlems="0.025" threads="0" lastid="00000000022F5700" lastname="main" />
</exclusive-start>
<af-start id="4214" threadId="00000000022F6088" totalBytesRequested="1168" timestamp="2019-07-02T20:42:34.902" intervalms="3.637" type="nursery" />
<cycle-start id="4215" type="scavenge" contextid="0" timestamp="2019-07-02T20:42:34.902" intervalms="3.624" />
  <attribute name="GC Util" value="16" />
  <attribute name="CPU Util" value="5077830881006" />
  <attribute name="Time Running"value="15999"/>
  <attribute name="Number of cores"value="4"/>
<gc-start id="4216" type="scavenge" contextid="4215" timestamp="2019-07-02T20:42:34.902">
  <mem-info id="4217" free="7542488" total="44826624" percent="16">
    <mem type="nursery" free="0" total="18612224" percent="0">
      <mem type="allocate" free="0" total="16711680" percent="0" />
      <mem type="survivor" free="0" total="1900544" percent="0" />
    </mem>
    <mem type="tenure" free="7542488" total="26214400" percent="28">
      <mem type="soa" free="6231768" total="24903680" percent="25" />
      <mem type="loa" free="1310720" total="1310720" percent="100" />
    </mem>
    <remembered-set count="96" />
  </mem-info>
</gc-start>
<allocation-stats totalBytes="16615072" >
  <allocated-bytes non-tlh="1168" tlh="16613904" />
  <largest-consumer threadName="main" threadId="00000000022F5700" bytes="16615072" />
</allocation-stats>
<gc-op id="4218" type="scavenge" timems="0.214" contextid="4215" timestamp="2019-07-02T20:42:34.903">
  <scavenger-info tenureage="3" tenuremask="fff8" tiltratio="89" />
  <memory-copied type="nursery" objects="1" bytes="24" bytesdiscarded="39144" />
</gc-op>
<gc-end id="4219" type="scavenge" contextid="4215" durationms="0.715" usertimems="4.000" systemtimems="0.000" timestamp="2019-07-02T20:42:34.903" activeThreads="4">
  <mem-info id="4220" free="24215000" total="44826624" percent="54">
    <mem type="nursery" free="16672512" total="18612224" percent="89">
      <mem type="allocate" free="16672512" total="16711680" percent="99" />
      <mem type="survivor" free="0" total="1900544" percent="0" />
    </mem>
    <mem type="tenure" free="7542488" total="26214400" percent="28">
      <mem type="soa" free="6231768" total="24903680" percent="25" />
      <mem type="loa" free="1310720" total="1310720" percent="100" />
    </mem>
    <remembered-set count="96" />
  </mem-info>
</gc-end>
<cycle-end id="4221" type="scavenge" contextid="4215" timestamp="2019-07-02T20:42:34.903">
  <attribute name="GC Util" value="17" />
  <attribute name="CPU Util" value="5328916925130" />
  <attribute name="Time Running"value="16003"/>
  <attribute name="Number of cores"value="4"/>
</cycle-end>
<allocation-satisfied id="4222" threadId="00000000022F5700" bytesRequested="1168" />
<af-end id="4223" timestamp="2019-07-02T20:42:34.903" threadId="00000000022F6088" success="true" from="nursery"/>
<exclusive-end id="4224" timestamp="2019-07-02T20:42:34.903" durationms="1.660" />

<exclusive-start id="4225" timestamp="2019-07-02T20:42:34.905" intervalms="3.399">
  <response-info timems="0.028" idlems="0.028" threads="0" lastid="00000000022F5700" lastname="main" />
</exclusive-start>
<af-start id="4226" threadId="00000000022F6088" totalBytesRequested="1168" timestamp="2019-07-02T20:42:34.905" intervalms="3.383" type="nursery" />
<cycle-start id="4227" type="scavenge" contextid="0" timestamp="2019-07-02T20:42:34.905" intervalms="3.352" />
  <attribute name="GC Util" value="17" />
  <attribute name="CPU Util" value="5328916925130" />
  <attribute name="Time Running"value="16003"/>
  <attribute name="Number of cores"value="4"/>
<gc-start id="4228" type="scavenge" contextid="4227" timestamp="2019-07-02T20:42:34.905">
  <mem-info id="4229" free="7542488" total="44826624" percent="16">
    <mem type="nursery" free="0" total="18612224" percent="0">
      <mem type="allocate" free="0" total="16711680" percent="0" />
      <mem type="survivor" free="0" total="1900544" percent="0" />
    </mem>
    <mem type="tenure" free="7542488" total="26214400" percent="28">
      <mem type="soa" free="6231768" total="24903680" percent="25" />
      <mem type="loa" free="1310720" total="1310720" percent="100" />
    </mem>
    <remembered-set count="96" />
  </mem-info>
</gc-start>
<allocation-stats totalBytes="16613840" >
  <allocated-bytes non-tlh="1168" tlh="16612672" />
  <largest-consumer threadName="main" threadId="00000000022F5700" bytes="16613840" />
</allocation-stats>
<gc-op id="4230" type="scavenge" timems="0.223" contextid="4227" timestamp="2019-07-02T20:42:34.906">
  <scavenger-info tenureage="3" tenuremask="fff8" tiltratio="89" />
  <memory-copied type="nursery" objects="1" bytes="24" bytesdiscarded="39144" />
</gc-op>
<gc-end id="4231" type="scavenge" contextid="4227" durationms="0.515" usertimems="0.000" systemtimems="0.000" timestamp="2019-07-02T20:42:34.906" activeThreads="4">
  <mem-info id="4232" free="24215000" total="44826624" percent="54">
    <mem type="nursery" free="16672512" total="18612224" percent="89">
      <mem type="allocate" free="16672512" total="16711680" percent="99" />
      <mem type="survivor" free="0" total="1900544" percent="0" />
    </mem>
    <mem type="tenure" free="7542488" total="26214400" percent="28">
      <mem type="soa" free="6231768" total="24903680" percent="25" />
      <mem type="loa" free="1310720" total="1310720" percent="100" />
    </mem>
    <remembered-set count="96" />
  </mem-info>
</gc-end>
<cycle-end id="4233" type="scavenge" contextid="4227" timestamp="2019-07-02T20:42:34.906">
  <attribute name="GC Util" value="17" />
  <attribute name="CPU Util" value="5718792828577" />
  <attribute name="Time Running"value="16006"/>
  <attribute name="Number of cores"value="4"/>
</cycle-end>
<allocation-satisfied id="4234" threadId="00000000022F5700" bytesRequested="1168" />
<af-end id="4235" timestamp="2019-07-02T20:42:34.906" threadId="00000000022F6088" success="true" from="nursery"/>
<exclusive-end id="4236" timestamp="2019-07-02T20:42:34.906" durationms="1.361" />

<exclusive-start id="4237" timestamp="2019-07-02T20:42:34.908" intervalms="3.237">
  <response-info timems="0.033" idlems="0.033" threads="0" lastid="00000000022F5700" lastname="main" />
</exclusive-start>
<af-start id="4238" threadId="00000000022F6088" totalBytesRequested="1168" timestamp="2019-07-02T20:42:34.908" intervalms="3.208" type="nursery" />
<cycle-start id="4239" type="scavenge" contextid="0" timestamp="2019-07-02T20:42:34.909" intervalms="3.163" />
  <attribute name="GC Util" value="17" />
  <attribute name="CPU Util" value="5718792828577" />
  <attribute name="Time Running"value="16006"/>
  <attribute name="Number of cores"value="4"/>
<gc-start id="4240" type="scavenge" contextid="4239" timestamp="2019-07-02T20:42:34.909">
  <mem-info id="4241" free="7542488" total="44826624" percent="16">
    <mem type="nursery" free="0" total="18612224" percent="0">
      <mem type="allocate" free="0" total="16711680" percent="0" />
      <mem type="survivor" free="0" total="1900544" percent="0" />
    </mem>
    <mem type="tenure" free="7542488" total="26214400" percent="28">
      <mem type="soa" free="6231768" total="24903680" percent="25" />
      <mem type="loa" free="1310720" total="1310720" percent="100" />
    </mem>
    <remembered-set count="96" />
  </mem-info>
</gc-start>
<allocation-stats totalBytes="16615048" >
  <allocated-bytes non-tlh="1168" tlh="16613880" />
  <largest-consumer threadName="main" threadId="00000000022F5700" bytes="16615048" />
</allocation-stats>
<gc-op id="4242" type="scavenge" timems="0.196" contextid="4239" timestamp="2019-07-02T20:42:34.909">
  <scavenger-info tenureage="3" tenuremask="fff8" tiltratio="89" />
  <memory-copied type="nursery" objects="1" bytes="24" bytesdiscarded="39144" />
</gc-op>
<gc-end id="4243" type="scavenge" contextid="4239" durationms="0.450" usertimems="0.000" systemtimems="0.000" timestamp="2019-07-02T20:42:34.909" activeThreads="4">
  <mem-info id="4244" free="24215000" total="44826624" percent="54">
    <mem type="nursery" free="16672512" total="18612224" percent="89">
      <mem type="allocate" free="16672512" total="16711680" percent="99" />
      <mem type="survivor" free="0" total="1900544" percent="0" />
    </mem>
    <mem type="tenure" free="7542488" total="26214400" percent="28">
      <mem type="soa" free="6231768" total="24903680" percent="25" />
      <mem type="loa" free="1310720" total="1310720" percent="100" />
    </mem>
    <remembered-set count="96" />
  </mem-info>
</gc-end>
<cycle-end id="4245" type="scavenge" contextid="4239" timestamp="2019-07-02T20:42:34.909">
  <attribute name="GC Util" value="18" />
  <attribute name="CPU Util" value="6082682373972" />
  <attribute name="Time Running"value="16009"/>
  <attribute name="Number of cores"value="4"/>
</cycle-end>
<allocation-satisfied id="4246" threadId="00000000022F5700" bytesRequested="1168" />
<af-end id="4247" timestamp="2019-07-02T20:42:34.910" threadId="00000000022F6088" success="true" from="nursery"/>
<exclusive-end id="4248" timestamp="2019-07-02T20:42:34.910" durationms="1.400" />

<exclusive-start id="4249" timestamp="2019-07-02T20:42:34.911" intervalms="3.139">
  <response-info timems="0.048" idlems="0.048" threads="0" lastid="00000000022F5700" lastname="main" />
</exclusive-start>
<af-start id="4250" threadId="00000000022F6088" totalBytesRequested="1168" timestamp="2019-07-02T20:42:34.912" intervalms="3.213" type="nursery" />
<cycle-start id="4251" type="scavenge" contextid="0" timestamp="2019-07-02T20:42:34.912" intervalms="3.266" />
  <attribute name="GC Util" value="18" />
  <attribute name="CPU Util" value="6082682373972" />
  <attribute name="Time Running"value="16009"/>
  <attribute name="Number of cores"value="4"/>
<gc-start id="4252" type="scavenge" contextid="4251" timestamp="2019-07-02T20:42:34.912">
  <mem-info id="4253" free="7542488" total="44826624" percent="16">
    <mem type="nursery" free="0" total="18612224" percent="0">
      <mem type="allocate" free="0" total="16711680" percent="0" />
      <mem type="survivor" free="0" total="1900544" percent="0" />
    </mem>
    <mem type="tenure" free="7542488" total="26214400" percent="28">
      <mem type="soa" free="6231768" total="24903680" percent="25" />
      <mem type="loa" free="1310720" total="1310720" percent="100" />
    </mem>
    <remembered-set count="96" />
  </mem-info>
</gc-start>
<allocation-stats totalBytes="16613840" >
  <allocated-bytes non-tlh="1168" tlh="16612672" />
  <largest-consumer threadName="main" threadId="00000000022F5700" bytes="16613840" />
</allocation-stats>
<gc-op id="4254" type="scavenge" timems="0.190" contextid="4251" timestamp="2019-07-02T20:42:34.912">
  <scavenger-info tenureage="3" tenuremask="fff8" tiltratio="89" />
  <memory-copied type="nursery" objects="1" bytes="24" bytesdiscarded="39144" />
</gc-op>
<gc-end id="4255" type="scavenge" contextid="4251" durationms="0.388" usertimems="0.000" systemtimems="0.000" timestamp="2019-07-02T20:42:34.912" activeThreads="4">
  <mem-info id="4256" free="24215000" total="44826624" percent="54">
    <mem type="nursery" free="16672512" total="18612224" percent="89">
      <mem type="allocate" free="16672512" total="16711680" percent="99" />
      <mem type="survivor" free="0" total="1900544" percent="0" />
    </mem>
    <mem type="tenure" free="7542488" total="26214400" percent="28">
      <mem type="soa" free="6231768" total="24903680" percent="25" />
      <mem type="loa" free="1310720" total="1310720" percent="100" />
    </mem>
    <remembered-set count="96" />
  </mem-info>
</gc-end>
<cycle-end id="4257" type="scavenge" contextid="4251" timestamp="2019-07-02T20:42:34.912">
  <attribute name="GC Util" value="16" />
  <attribute name="CPU Util" value="5605912873688" />
  <attribute name="Time Running"value="16012"/>
  <attribute name="Number of cores"value="4"/>
</cycle-end>
<allocation-satisfied id="4258" threadId="00000000022F5700" bytesRequested="1168" />
<af-end id="4259" timestamp="2019-07-02T20:42:34.913" threadId="00000000022F6088" success="true" from="nursery"/>
<exclusive-end id="4260" timestamp="2019-07-02T20:42:34.913" durationms="1.306" />

<exclusive-start id="4261" timestamp="2019-07-02T20:42:34.914" intervalms="2.978">
  <response-info timems="0.049" idlems="0.049" threads="0" lastid="00000000022F5700" lastname="main" />
</exclusive-start>
<af-start id="4262" threadId="00000000022F6088" totalBytesRequested="1168" timestamp="2019-07-02T20:42:34.915" intervalms="2.910" type="nursery" />
<cycle-start id="4263" type="scavenge" contextid="0" timestamp="2019-07-02T20:42:34.915" intervalms="2.912" />
  <attribute name="GC Util" value="16" />
  <attribute name="CPU Util" value="5605912873688" />
  <attribute name="Time Running"value="16012"/>
  <attribute name="Number of cores"value="4"/>
<gc-start id="4264" type="scavenge" contextid="4263" timestamp="2019-07-02T20:42:34.915">
  <mem-info id="4265" free="7542488" total="44826624" percent="16">
    <mem type="nursery" free="0" total="18612224" percent="0">
      <mem type="allocate" free="0" total="16711680" percent="0" />
      <mem type="survivor" free="0" total="1900544" percent="0" />
    </mem>
    <mem type="tenure" free="7542488" total="26214400" percent="28">
      <mem type="soa" free="6231768" total="24903680" percent="25" />
      <mem type="loa" free="1310720" total="1310720" percent="100" />
    </mem>
    <remembered-set count="96" />
  </mem-info>
</gc-start>
<allocation-stats totalBytes="16615072" >
  <allocated-bytes non-tlh="1168" tlh="16613904" />
  <largest-consumer threadName="main" threadId="00000000022F5700" bytes="16615072" />
</allocation-stats>
<gc-op id="4266" type="scavenge" timems="0.212" contextid="4263" timestamp="2019-07-02T20:42:34.915">
  <scavenger-info tenureage="3" tenuremask="fff8" tiltratio="89" />
  <memory-copied type="nursery" objects="1" bytes="24" bytesdiscarded="39144" />
</gc-op>
<gc-end id="4267" type="scavenge" contextid="4263" durationms="0.549" usertimems="0.000" systemtimems="0.000" timestamp="2019-07-02T20:42:34.915" activeThreads="4">
  <mem-info id="4268" free="24215000" total="44826624" percent="54">
    <mem type="nursery" free="16672512" total="18612224" percent="89">
      <mem type="allocate" free="16672512" total="16711680" percent="99" />
      <mem type="survivor" free="0" total="1900544" percent="0" />
    </mem>
    <mem type="tenure" free="7542488" total="26214400" percent="28">
      <mem type="soa" free="6231768" total="24903680" percent="25" />
      <mem type="loa" free="1310720" total="1310720" percent="100" />
    </mem>
    <remembered-set count="96" />
  </mem-info>
</gc-end>
<cycle-end id="4269" type="scavenge" contextid="4263" timestamp="2019-07-02T20:42:34.916">
  <attribute name="GC Util" value="16" />
  <attribute name="CPU Util" value="5975702949065" />
  <attribute name="Time Running"value="16015"/>
  <attribute name="Number of cores"value="4"/>
</cycle-end>
<allocation-satisfied id="4270" threadId="00000000022F5700" bytesRequested="1168" />
<af-end id="4271" timestamp="2019-07-02T20:42:34.916" threadId="00000000022F6088" success="true" from="nursery"/>
<exclusive-end id="4272" timestamp="2019-07-02T20:42:34.916" durationms="1.387" />

<exclusive-start id="4273" timestamp="2019-07-02T20:42:34.918" intervalms="3.160">
  <response-info timems="0.071" idlems="0.071" threads="0" lastid="00000000022F5700" lastname="main" />
</exclusive-start>
<af-start id="4274" threadId="00000000022F6088" totalBytesRequested="1168" timestamp="2019-07-02T20:42:34.918" intervalms="3.203" type="nursery" />
<cycle-start id="4275" type="scavenge" contextid="0" timestamp="2019-07-02T20:42:34.918" intervalms="3.191" />
  <attribute name="GC Util" value="16" />
  <attribute name="CPU Util" value="5975702949065" />
  <attribute name="Time Running"value="16015"/>
  <attribute name="Number of cores"value="4"/>
<gc-start id="4276" type="scavenge" contextid="4275" timestamp="2019-07-02T20:42:34.918">
  <mem-info id="4277" free="7542488" total="44826624" percent="16">
    <mem type="nursery" free="0" total="18612224" percent="0">
      <mem type="allocate" free="0" total="16711680" percent="0" />
      <mem type="survivor" free="0" total="1900544" percent="0" />
    </mem>
    <mem type="tenure" free="7542488" total="26214400" percent="28">
      <mem type="soa" free="6231768" total="24903680" percent="25" />
      <mem type="loa" free="1310720" total="1310720" percent="100" />
    </mem>
    <remembered-set count="96" />
  </mem-info>
</gc-start>
<allocation-stats totalBytes="16613816" >
  <allocated-bytes non-tlh="1168" tlh="16612648" />
  <largest-consumer threadName="main" threadId="00000000022F5700" bytes="16613816" />
</allocation-stats>
<gc-op id="4278" type="scavenge" timems="0.187" contextid="4275" timestamp="2019-07-02T20:42:34.918">
  <scavenger-info tenureage="3" tenuremask="fff8" tiltratio="89" />
  <memory-copied type="nursery" objects="1" bytes="24" bytesdiscarded="39144" />
</gc-op>
<gc-end id="4279" type="scavenge" contextid="4275" durationms="0.383" usertimems="0.000" systemtimems="0.000" timestamp="2019-07-02T20:42:34.918" activeThreads="4">
  <mem-info id="4280" free="24215000" total="44826624" percent="54">
    <mem type="nursery" free="16672512" total="18612224" percent="89">
      <mem type="allocate" free="16672512" total="16711680" percent="99" />
      <mem type="survivor" free="0" total="1900544" percent="0" />
    </mem>
    <mem type="tenure" free="7542488" total="26214400" percent="28">
      <mem type="soa" free="6231768" total="24903680" percent="25" />
      <mem type="loa" free="1310720" total="1310720" percent="100" />
    </mem>
    <remembered-set count="96" />
  </mem-info>
</gc-end>
<cycle-end id="4281" type="scavenge" contextid="4275" timestamp="2019-07-02T20:42:34.919">
  <attribute name="GC Util" value="17" />
  <attribute name="CPU Util" value="6171436303278" />
  <attribute name="Time Running"value="16018"/>
  <attribute name="Number of cores"value="4"/>
</cycle-end>
<allocation-satisfied id="4282" threadId="00000000022F5700" bytesRequested="1168" />
<af-end id="4283" timestamp="2019-07-02T20:42:34.919" threadId="00000000022F6088" success="true" from="nursery"/>
<exclusive-end id="4284" timestamp="2019-07-02T20:42:34.919" durationms="1.123" />

<exclusive-start id="4285" timestamp="2019-07-02T20:42:34.920" intervalms="2.746">
  <response-info timems="0.021" idlems="0.021" threads="0" lastid="00000000022F5700" lastname="main" />
</exclusive-start>
<af-start id="4286" threadId="00000000022F6088" totalBytesRequested="1168" timestamp="2019-07-02T20:42:34.920" intervalms="2.637" type="nursery" />
<cycle-start id="4287" type="scavenge" contextid="0" timestamp="2019-07-02T20:42:34.921" intervalms="2.594" />
  <attribute name="GC Util" value="17" />
  <attribute name="CPU Util" value="6171436303278" />
  <attribute name="Time Running"value="16018"/>
  <attribute name="Number of cores"value="4"/>
<gc-start id="4288" type="scavenge" contextid="4287" timestamp="2019-07-02T20:42:34.921">
  <mem-info id="4289" free="7542488" total="44826624" percent="16">
    <mem type="nursery" free="0" total="18612224" percent="0">
      <mem type="allocate" free="0" total="16711680" percent="0" />
      <mem type="survivor" free="0" total="1900544" percent="0" />
    </mem>
    <mem type="tenure" free="7542488" total="26214400" percent="28">
      <mem type="soa" free="6231768" total="24903680" percent="25" />
      <mem type="loa" free="1310720" total="1310720" percent="100" />
    </mem>
    <remembered-set count="96" />
  </mem-info>
</gc-start>
<allocation-stats totalBytes="16615072" >
  <allocated-bytes non-tlh="1168" tlh="16613904" />
  <largest-consumer threadName="main" threadId="00000000022F5700" bytes="16615072" />
</allocation-stats>
<gc-op id="4290" type="scavenge" timems="0.182" contextid="4287" timestamp="2019-07-02T20:42:34.921">
  <scavenger-info tenureage="3" tenuremask="fff8" tiltratio="89" />
  <memory-copied type="nursery" objects="1" bytes="24" bytesdiscarded="39144" />
</gc-op>
<gc-end id="4291" type="scavenge" contextid="4287" durationms="0.343" usertimems="0.000" systemtimems="0.000" timestamp="2019-07-02T20:42:34.921" activeThreads="4">
  <mem-info id="4292" free="24215000" total="44826624" percent="54">
    <mem type="nursery" free="16672512" total="18612224" percent="89">
      <mem type="allocate" free="16672512" total="16711680" percent="99" />
      <mem type="survivor" free="0" total="1900544" percent="0" />
    </mem>
    <mem type="tenure" free="7542488" total="26214400" percent="28">
      <mem type="soa" free="6231768" total="24903680" percent="25" />
      <mem type="loa" free="1310720" total="1310720" percent="100" />
    </mem>
    <remembered-set count="96" />
  </mem-info>
</gc-end>
<cycle-end id="4293" type="scavenge" contextid="4287" timestamp="2019-07-02T20:42:34.921">
  <attribute name="GC Util" value="19" />
  <attribute name="CPU Util" value="7095845841075" />
  <attribute name="Time Running"value="16021"/>
  <attribute name="Number of cores"value="4"/>
</cycle-end>
<allocation-satisfied id="4294" threadId="00000000022F5700" bytesRequested="1168" />
<af-end id="4295" timestamp="2019-07-02T20:42:34.921" threadId="00000000022F6088" success="true" from="nursery"/>
<exclusive-end id="4296" timestamp="2019-07-02T20:42:34.921" durationms="0.830" />

<exclusive-start id="4297" timestamp="2019-07-02T20:42:34.923" intervalms="2.420">
  <response-info timems="0.021" idlems="0.021" threads="0" lastid="00000000022F5700" lastname="main" />
</exclusive-start>
<af-start id="4298" threadId="00000000022F6088" totalBytesRequested="1168" timestamp="2019-07-02T20:42:34.923" intervalms="2.426" type="nursery" />
<cycle-start id="4299" type="scavenge" contextid="0" timestamp="2019-07-02T20:42:34.923" intervalms="2.426" />
  <attribute name="GC Util" value="19" />
  <attribute name="CPU Util" value="7095845841075" />
  <attribute name="Time Running"value="16021"/>
  <attribute name="Number of cores"value="4"/>
<gc-start id="4300" type="scavenge" contextid="4299" timestamp="2019-07-02T20:42:34.923">
  <mem-info id="4301" free="7542488" total="44826624" percent="16">
    <mem type="nursery" free="0" total="18612224" percent="0">
      <mem type="allocate" free="0" total="16711680" percent="0" />
      <mem type="survivor" free="0" total="1900544" percent="0" />
    </mem>
    <mem type="tenure" free="7542488" total="26214400" percent="28">
      <mem type="soa" free="6231768" total="24903680" percent="25" />
      <mem type="loa" free="1310720" total="1310720" percent="100" />
    </mem>
    <remembered-set count="96" />
  </mem-info>
</gc-start>
<allocation-stats totalBytes="16613816" >
  <allocated-bytes non-tlh="1168" tlh="16612648" />
  <largest-consumer threadName="main" threadId="00000000022F5700" bytes="16613816" />
</allocation-stats>
<gc-op id="4302" type="scavenge" timems="0.185" contextid="4299" timestamp="2019-07-02T20:42:34.923">
  <scavenger-info tenureage="3" tenuremask="fff8" tiltratio="89" />
  <memory-copied type="nursery" objects="1" bytes="24" bytesdiscarded="39144" />
</gc-op>
<gc-end id="4303" type="scavenge" contextid="4299" durationms="0.368" usertimems="0.000" systemtimems="0.000" timestamp="2019-07-02T20:42:34.923" activeThreads="4">
  <mem-info id="4304" free="24215000" total="44826624" percent="54">
    <mem type="nursery" free="16672512" total="18612224" percent="89">
      <mem type="allocate" free="16672512" total="16711680" percent="99" />
      <mem type="survivor" free="0" total="1900544" percent="0" />
    </mem>
    <mem type="tenure" free="7542488" total="26214400" percent="28">
      <mem type="soa" free="6231768" total="24903680" percent="25" />
      <mem type="loa" free="1310720" total="1310720" percent="100" />
    </mem>
    <remembered-set count="96" />
  </mem-info>
</gc-end>
<cycle-end id="4305" type="scavenge" contextid="4299" timestamp="2019-07-02T20:42:34.923">
  <attribute name="GC Util" value="17" />
  <attribute name="CPU Util" value="7636278445124" />
  <attribute name="Time Running"value="16023"/>
  <attribute name="Number of cores"value="4"/>
</cycle-end>
<allocation-satisfied id="4306" threadId="00000000022F5700" bytesRequested="1168" />
<af-end id="4307" timestamp="2019-07-02T20:42:34.924" threadId="00000000022F6088" success="true" from="nursery"/>
<exclusive-end id="4308" timestamp="2019-07-02T20:42:34.924" durationms="0.842" />

<exclusive-start id="4309" timestamp="2019-07-02T20:42:34.925" intervalms="2.501">
  <response-info timems="0.020" idlems="0.020" threads="0" lastid="00000000022F5700" lastname="main" />
</exclusive-start>
<af-start id="4310" threadId="00000000022F6088" totalBytesRequested="1168" timestamp="2019-07-02T20:42:34.925" intervalms="2.547" type="nursery" />
<cycle-start id="4311" type="scavenge" contextid="0" timestamp="2019-07-02T20:42:34.926" intervalms="2.599" />
  <attribute name="GC Util" value="17" />
  <attribute name="CPU Util" value="7636278445124" />
  <attribute name="Time Running"value="16023"/>
  <attribute name="Number of cores"value="4"/>
<gc-start id="4312" type="scavenge" contextid="4311" timestamp="2019-07-02T20:42:34.926">
  <mem-info id="4313" free="7542488" total="44826624" percent="16">
    <mem type="nursery" free="0" total="18612224" percent="0">
      <mem type="allocate" free="0" total="16711680" percent="0" />
      <mem type="survivor" free="0" total="1900544" percent="0" />
    </mem>
    <mem type="tenure" free="7542488" total="26214400" percent="28">
      <mem type="soa" free="6231768" total="24903680" percent="25" />
      <mem type="loa" free="1310720" total="1310720" percent="100" />
    </mem>
    <remembered-set count="96" />
  </mem-info>
</gc-start>
<allocation-stats totalBytes="16615072" >
  <allocated-bytes non-tlh="1168" tlh="16613904" />
  <largest-consumer threadName="main" threadId="00000000022F5700" bytes="16615072" />
</allocation-stats>
<gc-op id="4314" type="scavenge" timems="0.218" contextid="4311" timestamp="2019-07-02T20:42:34.926">
  <scavenger-info tenureage="3" tenuremask="fff8" tiltratio="89" />
  <memory-copied type="nursery" objects="1" bytes="24" bytesdiscarded="39144" />
</gc-op>
<gc-end id="4315" type="scavenge" contextid="4311" durationms="0.552" usertimems="0.000" systemtimems="0.000" timestamp="2019-07-02T20:42:34.926" activeThreads="4">
  <mem-info id="4316" free="24215000" total="44826624" percent="54">
    <mem type="nursery" free="16672512" total="18612224" percent="89">
      <mem type="allocate" free="16672512" total="16711680" percent="99" />
      <mem type="survivor" free="0" total="1900544" percent="0" />
    </mem>
    <mem type="tenure" free="7542488" total="26214400" percent="28">
      <mem type="soa" free="6231768" total="24903680" percent="25" />
      <mem type="loa" free="1310720" total="1310720" percent="100" />
    </mem>
    <remembered-set count="96" />
  </mem-info>
</gc-end>
<cycle-end id="4317" type="scavenge" contextid="4311" timestamp="2019-07-02T20:42:34.926">
  <attribute name="GC Util" value="16" />
  <attribute name="CPU Util" value="6588744090173" />
  <attribute name="Time Running"value="16026"/>
  <attribute name="Number of cores"value="4"/>
</cycle-end>
<allocation-satisfied id="4318" threadId="00000000022F5700" bytesRequested="1168" />
<af-end id="4319" timestamp="2019-07-02T20:42:34.927" threadId="00000000022F6088" success="true" from="nursery"/>
<exclusive-end id="4320" timestamp="2019-07-02T20:42:34.927" durationms="1.379" />

<exclusive-start id="4321" timestamp="2019-07-02T20:42:34.928" intervalms="2.995">
  <response-info timems="0.025" idlems="0.025" threads="0" lastid="00000000022F5700" lastname="main" />
</exclusive-start>
<af-start id="4322" threadId="00000000022F6088" totalBytesRequested="1168" timestamp="2019-07-02T20:42:34.928" intervalms="2.981" type="nursery" />
<cycle-start id="4323" type="scavenge" contextid="0" timestamp="2019-07-02T20:42:34.928" intervalms="2.940" />
  <attribute name="GC Util" value="16" />
  <attribute name="CPU Util" value="6588744090173" />
  <attribute name="Time Running"value="16026"/>
  <attribute name="Number of cores"value="4"/>
<gc-start id="4324" type="scavenge" contextid="4323" timestamp="2019-07-02T20:42:34.929">
  <mem-info id="4325" free="7542488" total="44826624" percent="16">
    <mem type="nursery" free="0" total="18612224" percent="0">
      <mem type="allocate" free="0" total="16711680" percent="0" />
      <mem type="survivor" free="0" total="1900544" percent="0" />
    </mem>
    <mem type="tenure" free="7542488" total="26214400" percent="28">
      <mem type="soa" free="6231768" total="24903680" percent="25" />
      <mem type="loa" free="1310720" total="1310720" percent="100" />
    </mem>
    <remembered-set count="96" />
  </mem-info>
</gc-start>
<allocation-stats totalBytes="16613840" >
  <allocated-bytes non-tlh="1168" tlh="16612672" />
  <largest-consumer threadName="main" threadId="00000000022F5700" bytes="16613840" />
</allocation-stats>
<gc-op id="4326" type="scavenge" timems="0.208" contextid="4323" timestamp="2019-07-02T20:42:34.929">
  <scavenger-info tenureage="8" tenuremask="ff00" tiltratio="89" />
  <memory-copied type="nursery" objects="1" bytes="24" bytesdiscarded="39144" />
</gc-op>
<gc-end id="4327" type="scavenge" contextid="4323" durationms="0.436" usertimems="0.000" systemtimems="0.000" timestamp="2019-07-02T20:42:34.929" activeThreads="4">
  <mem-info id="4328" free="24215000" total="44826624" percent="54">
    <mem type="nursery" free="16672512" total="18612224" percent="89">
      <mem type="allocate" free="16672512" total="16711680" percent="99" />
      <mem type="survivor" free="0" total="1900544" percent="0" />
    </mem>
    <mem type="tenure" free="7542488" total="26214400" percent="28">
      <mem type="soa" free="6231768" total="24903680" percent="25" />
      <mem type="loa" free="1310720" total="1310720" percent="100" />
    </mem>
    <remembered-set count="96" />
  </mem-info>
</gc-end>
<cycle-end id="4329" type="scavenge" contextid="4323" timestamp="2019-07-02T20:42:34.929">
  <attribute name="GC Util" value="18" />
  <attribute name="CPU Util" value="6619551550825" />
  <attribute name="Time Running"value="16029"/>
  <attribute name="Number of cores"value="4"/>
</cycle-end>
<allocation-satisfied id="4330" threadId="00000000022F5700" bytesRequested="1168" />
<af-end id="4331" timestamp="2019-07-02T20:42:34.929" threadId="00000000022F6088" success="true" from="nursery"/>
<exclusive-end id="4332" timestamp="2019-07-02T20:42:34.929" durationms="1.181" />

<exclusive-start id="4333" timestamp="2019-07-02T20:42:34.931" intervalms="2.933">
  <response-info timems="0.023" idlems="0.023" threads="0" lastid="00000000022F5700" lastname="main" />
</exclusive-start>
<af-start id="4334" threadId="00000000022F6088" totalBytesRequested="1168" timestamp="2019-07-02T20:42:34.931" intervalms="2.996" type="nursery" />
<cycle-start id="4335" type="scavenge" contextid="0" timestamp="2019-07-02T20:42:34.931" intervalms="3.030" />
  <attribute name="GC Util" value="18" />
  <attribute name="CPU Util" value="6619551550825" />
  <attribute name="Time Running"value="16029"/>
  <attribute name="Number of cores"value="4"/>
<gc-start id="4336" type="scavenge" contextid="4335" timestamp="2019-07-02T20:42:34.932">
  <mem-info id="4337" free="7542488" total="44826624" percent="16">
    <mem type="nursery" free="0" total="18612224" percent="0">
      <mem type="allocate" free="0" total="16711680" percent="0" />
      <mem type="survivor" free="0" total="1900544" percent="0" />
    </mem>
    <mem type="tenure" free="7542488" total="26214400" percent="28">
      <mem type="soa" free="6231768" total="24903680" percent="25" />
      <mem type="loa" free="1310720" total="1310720" percent="100" />
    </mem>
    <remembered-set count="96" />
  </mem-info>
</gc-start>
<allocation-stats totalBytes="16615048" >
  <allocated-bytes non-tlh="1168" tlh="16613880" />
  <largest-consumer threadName="main" threadId="00000000022F5700" bytes="16615048" />
</allocation-stats>
<gc-op id="4338" type="scavenge" timems="0.201" contextid="4335" timestamp="2019-07-02T20:42:34.932">
  <scavenger-info tenureage="8" tenuremask="ff00" tiltratio="89" />
  <memory-copied type="nursery" objects="1" bytes="24" bytesdiscarded="39144" />
</gc-op>
<gc-end id="4339" type="scavenge" contextid="4335" durationms="0.402" usertimems="0.000" systemtimems="0.000" timestamp="2019-07-02T20:42:34.932" activeThreads="4">
  <mem-info id="4340" free="24215000" total="44826624" percent="54">
    <mem type="nursery" free="16672512" total="18612224" percent="89">
      <mem type="allocate" free="16672512" total="16711680" percent="99" />
      <mem type="survivor" free="0" total="1900544" percent="0" />
    </mem>
    <mem type="tenure" free="7542488" total="26214400" percent="28">
      <mem type="soa" free="6231768" total="24903680" percent="25" />
      <mem type="loa" free="1310720" total="1310720" percent="100" />
    </mem>
    <remembered-set count="96" />
  </mem-info>
</gc-end>
<cycle-end id="4341" type="scavenge" contextid="4335" timestamp="2019-07-02T20:42:34.932">
  <attribute name="GC Util" value="15" />
  <attribute name="CPU Util" value="6072994150442" />
  <attribute name="Time Running"value="16032"/>
  <attribute name="Number of cores"value="4"/>
</cycle-end>
<allocation-satisfied id="4342" threadId="00000000022F5700" bytesRequested="1168" />
<af-end id="4343" timestamp="2019-07-02T20:42:34.932" threadId="00000000022F6088" success="true" from="nursery"/>
<exclusive-end id="4344" timestamp="2019-07-02T20:42:34.933" durationms="1.347" />

<exclusive-start id="4345" timestamp="2019-07-02T20:42:34.934" intervalms="3.006">
  <response-info timems="0.021" idlems="0.021" threads="0" lastid="00000000022F5700" lastname="main" />
</exclusive-start>
<af-start id="4346" threadId="00000000022F6088" totalBytesRequested="1168" timestamp="2019-07-02T20:42:34.934" intervalms="2.992" type="nursery" />
<cycle-start id="4347" type="scavenge" contextid="0" timestamp="2019-07-02T20:42:34.935" intervalms="3.004" />
  <attribute name="GC Util" value="15" />
  <attribute name="CPU Util" value="6072994150442" />
  <attribute name="Time Running"value="16032"/>
  <attribute name="Number of cores"value="4"/>
<gc-start id="4348" type="scavenge" contextid="4347" timestamp="2019-07-02T20:42:34.935">
  <mem-info id="4349" free="7542488" total="44826624" percent="16">
    <mem type="nursery" free="0" total="18612224" percent="0">
      <mem type="allocate" free="0" total="16711680" percent="0" />
      <mem type="survivor" free="0" total="1900544" percent="0" />
    </mem>
    <mem type="tenure" free="7542488" total="26214400" percent="28">
      <mem type="soa" free="6231768" total="24903680" percent="25" />
      <mem type="loa" free="1310720" total="1310720" percent="100" />
    </mem>
    <remembered-set count="96" />
  </mem-info>
</gc-start>
<allocation-stats totalBytes="16613840" >
  <allocated-bytes non-tlh="1168" tlh="16612672" />
  <largest-consumer threadName="main" threadId="00000000022F5700" bytes="16613840" />
</allocation-stats>
<gc-op id="4350" type="scavenge" timems="0.198" contextid="4347" timestamp="2019-07-02T20:42:34.935">
  <scavenger-info tenureage="8" tenuremask="ff00" tiltratio="89" />
  <memory-copied type="nursery" objects="1" bytes="24" bytesdiscarded="39144" />
</gc-op>
<gc-end id="4351" type="scavenge" contextid="4347" durationms="0.443" usertimems="0.000" systemtimems="0.000" timestamp="2019-07-02T20:42:34.935" activeThreads="4">
  <mem-info id="4352" free="24215000" total="44826624" percent="54">
    <mem type="nursery" free="16672512" total="18612224" percent="89">
      <mem type="allocate" free="16672512" total="16711680" percent="99" />
      <mem type="survivor" free="0" total="1900544" percent="0" />
    </mem>
    <mem type="tenure" free="7542488" total="26214400" percent="28">
      <mem type="soa" free="6231768" total="24903680" percent="25" />
      <mem type="loa" free="1310720" total="1310720" percent="100" />
    </mem>
    <remembered-set count="96" />
  </mem-info>
</gc-end>
<cycle-end id="4353" type="scavenge" contextid="4347" timestamp="2019-07-02T20:42:34.935">
  <attribute name="GC Util" value="16" />
  <attribute name="CPU Util" value="6064758070065" />
  <attribute name="Time Running"value="16035"/>
  <attribute name="Number of cores"value="4"/>
</cycle-end>
<allocation-satisfied id="4354" threadId="00000000022F5700" bytesRequested="1168" />
<af-end id="4355" timestamp="2019-07-02T20:42:34.935" threadId="00000000022F6088" success="true" from="nursery"/>
<exclusive-end id="4356" timestamp="2019-07-02T20:42:34.936" durationms="1.395" />

<exclusive-start id="4357" timestamp="2019-07-02T20:42:34.937" intervalms="3.137">
  <response-info timems="0.048" idlems="0.048" threads="0" lastid="00000000022F5700" lastname="main" />
</exclusive-start>
<af-start id="4358" threadId="00000000022F6088" totalBytesRequested="1168" timestamp="2019-07-02T20:42:34.937" intervalms="3.144" type="nursery" />
<cycle-start id="4359" type="scavenge" contextid="0" timestamp="2019-07-02T20:42:34.938" intervalms="3.163" />
  <attribute name="GC Util" value="16" />
  <attribute name="CPU Util" value="6064758070065" />
  <attribute name="Time Running"value="16035"/>
  <attribute name="Number of cores"value="4"/>
<gc-start id="4360" type="scavenge" contextid="4359" timestamp="2019-07-02T20:42:34.938">
  <mem-info id="4361" free="7542488" total="44826624" percent="16">
    <mem type="nursery" free="0" total="18612224" percent="0">
      <mem type="allocate" free="0" total="16711680" percent="0" />
      <mem type="survivor" free="0" total="1900544" percent="0" />
    </mem>
    <mem type="tenure" free="7542488" total="26214400" percent="28">
      <mem type="soa" free="6231768" total="24903680" percent="25" />
      <mem type="loa" free="1310720" total="1310720" percent="100" />
    </mem>
    <remembered-set count="96" />
  </mem-info>
</gc-start>
<allocation-stats totalBytes="16615048" >
  <allocated-bytes non-tlh="1168" tlh="16613880" />
  <largest-consumer threadName="main" threadId="00000000022F5700" bytes="16615048" />
</allocation-stats>
<gc-op id="4362" type="scavenge" timems="0.179" contextid="4359" timestamp="2019-07-02T20:42:34.938">
  <scavenger-info tenureage="8" tenuremask="ff00" tiltratio="89" />
  <memory-copied type="nursery" objects="1" bytes="24" bytesdiscarded="39144" />
</gc-op>
<gc-end id="4363" type="scavenge" contextid="4359" durationms="0.452" usertimems="0.000" systemtimems="0.000" timestamp="2019-07-02T20:42:34.938" activeThreads="4">
  <mem-info id="4364" free="24215000" total="44826624" percent="54">
    <mem type="nursery" free="16672512" total="18612224" percent="89">
      <mem type="allocate" free="16672512" total="16711680" percent="99" />
      <mem type="survivor" free="0" total="1900544" percent="0" />
    </mem>
    <mem type="tenure" free="7542488" total="26214400" percent="28">
      <mem type="soa" free="6231768" total="24903680" percent="25" />
      <mem type="loa" free="1310720" total="1310720" percent="100" />
    </mem>
    <remembered-set count="96" />
  </mem-info>
</gc-end>
<cycle-end id="4365" type="scavenge" contextid="4359" timestamp="2019-07-02T20:42:34.938">
  <attribute name="GC Util" value="16" />
  <attribute name="CPU Util" value="5878531613390" />
  <attribute name="Time Running"value="16038"/>
  <attribute name="Number of cores"value="4"/>
</cycle-end>
<allocation-satisfied id="4366" threadId="00000000022F5700" bytesRequested="1168" />
<af-end id="4367" timestamp="2019-07-02T20:42:34.939" threadId="00000000022F6088" success="true" from="nursery"/>
<exclusive-end id="4368" timestamp="2019-07-02T20:42:34.939" durationms="1.273" />

<exclusive-start id="4369" timestamp="2019-07-02T20:42:34.940" intervalms="2.903">
  <response-info timems="0.057" idlems="0.057" threads="0" lastid="00000000022F5700" lastname="main" />
</exclusive-start>
<af-start id="4370" threadId="00000000022F6088" totalBytesRequested="1168" timestamp="2019-07-02T20:42:34.940" intervalms="2.808" type="nursery" />
<cycle-start id="4371" type="scavenge" contextid="0" timestamp="2019-07-02T20:42:34.940" intervalms="2.737" />
  <attribute name="GC Util" value="16" />
  <attribute name="CPU Util" value="5878531613390" />
  <attribute name="Time Running"value="16038"/>
  <attribute name="Number of cores"value="4"/>
<gc-start id="4372" type="scavenge" contextid="4371" timestamp="2019-07-02T20:42:34.940">
  <mem-info id="4373" free="7542488" total="44826624" percent="16">
    <mem type="nursery" free="0" total="18612224" percent="0">
      <mem type="allocate" free="0" total="16711680" percent="0" />
      <mem type="survivor" free="0" total="1900544" percent="0" />
    </mem>
    <mem type="tenure" free="7542488" total="26214400" percent="28">
      <mem type="soa" free="6231768" total="24903680" percent="25" />
      <mem type="loa" free="1310720" total="1310720" percent="100" />
    </mem>
    <remembered-set count="96" />
  </mem-info>
</gc-start>
<allocation-stats totalBytes="16613840" >
  <allocated-bytes non-tlh="1168" tlh="16612672" />
  <largest-consumer threadName="main" threadId="00000000022F5700" bytes="16613840" />
</allocation-stats>
<gc-op id="4374" type="scavenge" timems="0.151" contextid="4371" timestamp="2019-07-02T20:42:34.941">
  <scavenger-info tenureage="8" tenuremask="ff00" tiltratio="89" />
  <memory-copied type="nursery" objects="1" bytes="24" bytesdiscarded="39144" />
</gc-op>
<gc-end id="4375" type="scavenge" contextid="4371" durationms="0.315" usertimems="0.000" systemtimems="0.000" timestamp="2019-07-02T20:42:34.941" activeThreads="4">
  <mem-info id="4376" free="24215000" total="44826624" percent="54">
    <mem type="nursery" free="16672512" total="18612224" percent="89">
      <mem type="allocate" free="16672512" total="16711680" percent="99" />
      <mem type="survivor" free="0" total="1900544" percent="0" />
    </mem>
    <mem type="tenure" free="7542488" total="26214400" percent="28">
      <mem type="soa" free="6231768" total="24903680" percent="25" />
      <mem type="loa" free="1310720" total="1310720" percent="100" />
    </mem>
    <remembered-set count="96" />
  </mem-info>
</gc-end>
<cycle-end id="4377" type="scavenge" contextid="4371" timestamp="2019-07-02T20:42:34.941">
  <attribute name="GC Util" value="17" />
  <attribute name="CPU Util" value="6912898231220" />
  <attribute name="Time Running"value="16041"/>
  <attribute name="Number of cores"value="4"/>
</cycle-end>
<allocation-satisfied id="4378" threadId="00000000022F5700" bytesRequested="1168" />
<af-end id="4379" timestamp="2019-07-02T20:42:34.941" threadId="00000000022F6088" success="true" from="nursery"/>
<exclusive-end id="4380" timestamp="2019-07-02T20:42:34.941" durationms="0.759" />

<exclusive-start id="4381" timestamp="2019-07-02T20:42:34.943" intervalms="2.397">
  <response-info timems="0.021" idlems="0.021" threads="0" lastid="00000000022F5700" lastname="main" />
</exclusive-start>
<af-start id="4382" threadId="00000000022F6088" totalBytesRequested="1168" timestamp="2019-07-02T20:42:34.943" intervalms="2.412" type="nursery" />
<cycle-start id="4383" type="scavenge" contextid="0" timestamp="2019-07-02T20:42:34.943" intervalms="2.396" />
  <attribute name="GC Util" value="17" />
  <attribute name="CPU Util" value="6912898231220" />
  <attribute name="Time Running"value="16041"/>
  <attribute name="Number of cores"value="4"/>
<gc-start id="4384" type="scavenge" contextid="4383" timestamp="2019-07-02T20:42:34.943">
  <mem-info id="4385" free="7542488" total="44826624" percent="16">
    <mem type="nursery" free="0" total="18612224" percent="0">
      <mem type="allocate" free="0" total="16711680" percent="0" />
      <mem type="survivor" free="0" total="1900544" percent="0" />
    </mem>
    <mem type="tenure" free="7542488" total="26214400" percent="28">
      <mem type="soa" free="6231768" total="24903680" percent="25" />
      <mem type="loa" free="1310720" total="1310720" percent="100" />
    </mem>
    <remembered-set count="96" />
  </mem-info>
</gc-start>
<allocation-stats totalBytes="16615072" >
  <allocated-bytes non-tlh="1168" tlh="16613904" />
  <largest-consumer threadName="main" threadId="00000000022F5700" bytes="16615072" />
</allocation-stats>
<gc-op id="4386" type="scavenge" timems="0.172" contextid="4383" timestamp="2019-07-02T20:42:34.943">
  <scavenger-info tenureage="8" tenuremask="ff00" tiltratio="89" />
  <memory-copied type="nursery" objects="1" bytes="24" bytesdiscarded="39144" />
</gc-op>
<gc-end id="4387" type="scavenge" contextid="4383" durationms="0.372" usertimems="0.000" systemtimems="0.000" timestamp="2019-07-02T20:42:34.943" activeThreads="4">
  <mem-info id="4388" free="24215000" total="44826624" percent="54">
    <mem type="nursery" free="16672512" total="18612224" percent="89">
      <mem type="allocate" free="16672512" total="16711680" percent="99" />
      <mem type="survivor" free="0" total="1900544" percent="0" />
    </mem>
    <mem type="tenure" free="7542488" total="26214400" percent="28">
      <mem type="soa" free="6231768" total="24903680" percent="25" />
      <mem type="loa" free="1310720" total="1310720" percent="100" />
    </mem>
    <remembered-set count="96" />
  </mem-info>
</gc-end>
<cycle-end id="4389" type="scavenge" contextid="4383" timestamp="2019-07-02T20:42:34.943">
  <attribute name="GC Util" value="17" />
  <attribute name="CPU Util" value="7674634589111" />
  <attribute name="Time Running"value="16043"/>
  <attribute name="Number of cores"value="4"/>
</cycle-end>
<allocation-satisfied id="4390" threadId="00000000022F5700" bytesRequested="1168" />
<af-end id="4391" timestamp="2019-07-02T20:42:34.944" threadId="00000000022F6088" success="true" from="nursery"/>
<exclusive-end id="4392" timestamp="2019-07-02T20:42:34.944" durationms="1.025" />

<exclusive-start id="4393" timestamp="2019-07-02T20:42:34.945" intervalms="2.737">
  <response-info timems="0.066" idlems="0.066" threads="0" lastid="00000000022F5700" lastname="main" />
</exclusive-start>
<af-start id="4394" threadId="00000000022F6088" totalBytesRequested="1168" timestamp="2019-07-02T20:42:34.946" intervalms="2.791" type="nursery" />
<cycle-start id="4395" type="scavenge" contextid="0" timestamp="2019-07-02T20:42:34.946" intervalms="2.847" />
  <attribute name="GC Util" value="17" />
  <attribute name="CPU Util" value="7674634589111" />
  <attribute name="Time Running"value="16043"/>
  <attribute name="Number of cores"value="4"/>
<gc-start id="4396" type="scavenge" contextid="4395" timestamp="2019-07-02T20:42:34.946">
  <mem-info id="4397" free="7542488" total="44826624" percent="16">
    <mem type="nursery" free="0" total="18612224" percent="0">
      <mem type="allocate" free="0" total="16711680" percent="0" />
      <mem type="survivor" free="0" total="1900544" percent="0" />
    </mem>
    <mem type="tenure" free="7542488" total="26214400" percent="28">
      <mem type="soa" free="6231768" total="24903680" percent="25" />
      <mem type="loa" free="1310720" total="1310720" percent="100" />
    </mem>
    <remembered-set count="96" />
  </mem-info>
</gc-start>
<allocation-stats totalBytes="16613816" >
  <allocated-bytes non-tlh="1168" tlh="16612648" />
  <largest-consumer threadName="main" threadId="00000000022F5700" bytes="16613816" />
</allocation-stats>
<gc-op id="4398" type="scavenge" timems="0.187" contextid="4395" timestamp="2019-07-02T20:42:34.946">
  <scavenger-info tenureage="8" tenuremask="ff00" tiltratio="89" />
  <memory-copied type="nursery" objects="1" bytes="24" bytesdiscarded="39144" />
</gc-op>
<gc-end id="4399" type="scavenge" contextid="4395" durationms="0.387" usertimems="0.000" systemtimems="0.000" timestamp="2019-07-02T20:42:34.946" activeThreads="4">
  <mem-info id="4400" free="24215000" total="44826624" percent="54">
    <mem type="nursery" free="16672512" total="18612224" percent="89">
      <mem type="allocate" free="16672512" total="16711680" percent="99" />
      <mem type="survivor" free="0" total="1900544" percent="0" />
    </mem>
    <mem type="tenure" free="7542488" total="26214400" percent="28">
      <mem type="soa" free="6231768" total="24903680" percent="25" />
      <mem type="loa" free="1310720" total="1310720" percent="100" />
    </mem>
    <remembered-set count="96" />
  </mem-info>
</gc-end>
<cycle-end id="4401" type="scavenge" contextid="4395" timestamp="2019-07-02T20:42:34.946">
  <attribute name="GC Util" value="17" />
  <attribute name="CPU Util" value="6473511653747" />
  <attribute name="Time Running"value="16046"/>
  <attribute name="Number of cores"value="4"/>
</cycle-end>
<allocation-satisfied id="4402" threadId="00000000022F5700" bytesRequested="1168" />
<af-end id="4403" timestamp="2019-07-02T20:42:34.946" threadId="00000000022F6088" success="true" from="nursery"/>
<exclusive-end id="4404" timestamp="2019-07-02T20:42:34.946" durationms="1.091" />

<exclusive-start id="4405" timestamp="2019-07-02T20:42:34.948" intervalms="2.710">
  <response-info timems="0.020" idlems="0.020" threads="0" lastid="00000000022F5700" lastname="main" />
</exclusive-start>
<af-start id="4406" threadId="00000000022F6088" totalBytesRequested="1168" timestamp="2019-07-02T20:42:34.948" intervalms="2.637" type="nursery" />
<cycle-start id="4407" type="scavenge" contextid="0" timestamp="2019-07-02T20:42:34.948" intervalms="2.585" />
  <attribute name="GC Util" value="17" />
  <attribute name="CPU Util" value="6473511653747" />
  <attribute name="Time Running"value="16046"/>
  <attribute name="Number of cores"value="4"/>
<gc-start id="4408" type="scavenge" contextid="4407" timestamp="2019-07-02T20:42:34.948">
  <mem-info id="4409" free="7542488" total="44826624" percent="16">
    <mem type="nursery" free="0" total="18612224" percent="0">
      <mem type="allocate" free="0" total="16711680" percent="0" />
      <mem type="survivor" free="0" total="1900544" percent="0" />
    </mem>
    <mem type="tenure" free="7542488" total="26214400" percent="28">
      <mem type="soa" free="6231768" total="24903680" percent="25" />
      <mem type="loa" free="1310720" total="1310720" percent="100" />
    </mem>
    <remembered-set count="96" />
  </mem-info>
</gc-start>
<allocation-stats totalBytes="16615072" >
  <allocated-bytes non-tlh="1168" tlh="16613904" />
  <largest-consumer threadName="main" threadId="00000000022F5700" bytes="16615072" />
</allocation-stats>
<gc-op id="4410" type="scavenge" timems="0.191" contextid="4407" timestamp="2019-07-02T20:42:34.949">
  <scavenger-info tenureage="8" tenuremask="ff00" tiltratio="89" />
  <memory-copied type="nursery" objects="1" bytes="24" bytesdiscarded="39144" />
</gc-op>
<gc-end id="4411" type="scavenge" contextid="4407" durationms="0.353" usertimems="0.000" systemtimems="0.000" timestamp="2019-07-02T20:42:34.949" activeThreads="4">
  <mem-info id="4412" free="24215000" total="44826624" percent="54">
    <mem type="nursery" free="16672512" total="18612224" percent="89">
      <mem type="allocate" free="16672512" total="16711680" percent="99" />
      <mem type="survivor" free="0" total="1900544" percent="0" />
    </mem>
    <mem type="tenure" free="7542488" total="26214400" percent="28">
      <mem type="soa" free="6231768" total="24903680" percent="25" />
      <mem type="loa" free="1310720" total="1310720" percent="100" />
    </mem>
    <remembered-set count="96" />
  </mem-info>
</gc-end>
<cycle-end id="4413" type="scavenge" contextid="4407" timestamp="2019-07-02T20:42:34.949">
  <attribute name="GC Util" value="19" />
  <attribute name="CPU Util" value="7042948963645" />
  <attribute name="Time Running"value="16049"/>
  <attribute name="Number of cores"value="4"/>
</cycle-end>
<allocation-satisfied id="4414" threadId="00000000022F5700" bytesRequested="1168" />
<af-end id="4415" timestamp="2019-07-02T20:42:34.949" threadId="00000000022F6088" success="true" from="nursery"/>
<exclusive-end id="4416" timestamp="2019-07-02T20:42:34.949" durationms="0.934" />

<exclusive-start id="4417" timestamp="2019-07-02T20:42:34.951" intervalms="2.698">
  <response-info timems="0.026" idlems="0.026" threads="0" lastid="00000000022F5700" lastname="main" />
</exclusive-start>
<af-start id="4418" threadId="00000000022F6088" totalBytesRequested="1168" timestamp="2019-07-02T20:42:34.951" intervalms="2.777" type="nursery" />
<cycle-start id="4419" type="scavenge" contextid="0" timestamp="2019-07-02T20:42:34.951" intervalms="2.844" />
  <attribute name="GC Util" value="19" />
  <attribute name="CPU Util" value="7042948963645" />
  <attribute name="Time Running"value="16049"/>
  <attribute name="Number of cores"value="4"/>
<gc-start id="4420" type="scavenge" contextid="4419" timestamp="2019-07-02T20:42:34.951">
  <mem-info id="4421" free="7542488" total="44826624" percent="16">
    <mem type="nursery" free="0" total="18612224" percent="0">
      <mem type="allocate" free="0" total="16711680" percent="0" />
      <mem type="survivor" free="0" total="1900544" percent="0" />
    </mem>
    <mem type="tenure" free="7542488" total="26214400" percent="28">
      <mem type="soa" free="6231768" total="24903680" percent="25" />
      <mem type="loa" free="1310720" total="1310720" percent="100" />
    </mem>
    <remembered-set count="96" />
  </mem-info>
</gc-start>
<allocation-stats totalBytes="16613816" >
  <allocated-bytes non-tlh="1168" tlh="16612648" />
  <largest-consumer threadName="main" threadId="00000000022F5700" bytes="16613816" />
</allocation-stats>
<gc-op id="4422" type="scavenge" timems="0.213" contextid="4419" timestamp="2019-07-02T20:42:34.952">
  <scavenger-info tenureage="8" tenuremask="ff00" tiltratio="89" />
  <memory-copied type="nursery" objects="1" bytes="24" bytesdiscarded="39144" />
</gc-op>
<gc-end id="4423" type="scavenge" contextid="4419" durationms="0.567" usertimems="0.000" systemtimems="0.000" timestamp="2019-07-02T20:42:34.952" activeThreads="4">
  <mem-info id="4424" free="24215000" total="44826624" percent="54">
    <mem type="nursery" free="16672512" total="18612224" percent="89">
      <mem type="allocate" free="16672512" total="16711680" percent="99" />
      <mem type="survivor" free="0" total="1900544" percent="0" />
    </mem>
    <mem type="tenure" free="7542488" total="26214400" percent="28">
      <mem type="soa" free="6231768" total="24903680" percent="25" />
      <mem type="loa" free="1310720" total="1310720" percent="100" />
    </mem>
    <remembered-set count="96" />
  </mem-info>
</gc-end>
<cycle-end id="4425" type="scavenge" contextid="4419" timestamp="2019-07-02T20:42:34.952">
  <attribute name="GC Util" value="14" />
  <attribute name="CPU Util" value="6071754814355" />
  <attribute name="Time Running"value="16052"/>
  <attribute name="Number of cores"value="4"/>
</cycle-end>
<allocation-satisfied id="4426" threadId="00000000022F5700" bytesRequested="1168" />
<af-end id="4427" timestamp="2019-07-02T20:42:34.952" threadId="00000000022F6088" success="true" from="nursery"/>
<exclusive-end id="4428" timestamp="2019-07-02T20:42:34.952" durationms="1.371" />

<exclusive-start id="4429" timestamp="2019-07-02T20:42:34.954" intervalms="3.165">
  <response-info timems="0.051" idlems="0.051" threads="0" lastid="00000000022F5700" lastname="main" />
</exclusive-start>
<af-start id="4430" threadId="00000000022F6088" totalBytesRequested="1168" timestamp="2019-07-02T20:42:34.954" intervalms="3.162" type="nursery" />
<cycle-start id="4431" type="scavenge" contextid="0" timestamp="2019-07-02T20:42:34.954" intervalms="3.151" />
  <attribute name="GC Util" value="14" />
  <attribute name="CPU Util" value="6071754814355" />
  <attribute name="Time Running"value="16052"/>
  <attribute name="Number of cores"value="4"/>
<gc-start id="4432" type="scavenge" contextid="4431" timestamp="2019-07-02T20:42:34.954">
  <mem-info id="4433" free="7542488" total="44826624" percent="16">
    <mem type="nursery" free="0" total="18612224" percent="0">
      <mem type="allocate" free="0" total="16711680" percent="0" />
      <mem type="survivor" free="0" total="1900544" percent="0" />
    </mem>
    <mem type="tenure" free="7542488" total="26214400" percent="28">
      <mem type="soa" free="6231768" total="24903680" percent="25" />
      <mem type="loa" free="1310720" total="1310720" percent="100" />
    </mem>
    <remembered-set count="96" />
  </mem-info>
</gc-start>
<allocation-stats totalBytes="16615072" >
  <allocated-bytes non-tlh="1168" tlh="16613904" />
  <largest-consumer threadName="main" threadId="00000000022F5700" bytes="16615072" />
</allocation-stats>
<gc-op id="4434" type="scavenge" timems="0.190" contextid="4431" timestamp="2019-07-02T20:42:34.955">
  <scavenger-info tenureage="8" tenuremask="ff00" tiltratio="89" />
  <memory-copied type="nursery" objects="1" bytes="24" bytesdiscarded="39144" />
</gc-op>
<gc-end id="4435" type="scavenge" contextid="4431" durationms="0.389" usertimems="0.000" systemtimems="0.000" timestamp="2019-07-02T20:42:34.955" activeThreads="4">
  <mem-info id="4436" free="24215000" total="44826624" percent="54">
    <mem type="nursery" free="16672512" total="18612224" percent="89">
      <mem type="allocate" free="16672512" total="16711680" percent="99" />
      <mem type="survivor" free="0" total="1900544" percent="0" />
    </mem>
    <mem type="tenure" free="7542488" total="26214400" percent="28">
      <mem type="soa" free="6231768" total="24903680" percent="25" />
      <mem type="loa" free="1310720" total="1310720" percent="100" />
    </mem>
    <remembered-set count="96" />
  </mem-info>
</gc-end>
<cycle-end id="4437" type="scavenge" contextid="4431" timestamp="2019-07-02T20:42:34.955">
  <attribute name="GC Util" value="19" />
  <attribute name="CPU Util" value="6301045005105" />
  <attribute name="Time Running"value="16055"/>
  <attribute name="Number of cores"value="4"/>
</cycle-end>
<allocation-satisfied id="4438" threadId="00000000022F5700" bytesRequested="1168" />
<af-end id="4439" timestamp="2019-07-02T20:42:34.955" threadId="00000000022F6088" success="true" from="nursery"/>
<exclusive-end id="4440" timestamp="2019-07-02T20:42:34.955" durationms="1.116" />

<exclusive-start id="4441" timestamp="2019-07-02T20:42:34.957" intervalms="2.752">
  <response-info timems="0.024" idlems="0.024" threads="0" lastid="00000000022F5700" lastname="main" />
</exclusive-start>
<af-start id="4442" threadId="00000000022F6088" totalBytesRequested="1168" timestamp="2019-07-02T20:42:34.957" intervalms="2.683" type="nursery" />
<cycle-start id="4443" type="scavenge" contextid="0" timestamp="2019-07-02T20:42:34.957" intervalms="2.648" />
  <attribute name="GC Util" value="19" />
  <attribute name="CPU Util" value="6301045005105" />
  <attribute name="Time Running"value="16055"/>
  <attribute name="Number of cores"value="4"/>
<gc-start id="4444" type="scavenge" contextid="4443" timestamp="2019-07-02T20:42:34.957">
  <mem-info id="4445" free="7542488" total="44826624" percent="16">
    <mem type="nursery" free="0" total="18612224" percent="0">
      <mem type="allocate" free="0" total="16711680" percent="0" />
      <mem type="survivor" free="0" total="1900544" percent="0" />
    </mem>
    <mem type="tenure" free="7542488" total="26214400" percent="28">
      <mem type="soa" free="6231768" total="24903680" percent="25" />
      <mem type="loa" free="1310720" total="1310720" percent="100" />
    </mem>
    <remembered-set count="96" />
  </mem-info>
</gc-start>
<allocation-stats totalBytes="16613840" >
  <allocated-bytes non-tlh="1168" tlh="16612672" />
  <largest-consumer threadName="main" threadId="00000000022F5700" bytes="16613840" />
</allocation-stats>
<gc-op id="4446" type="scavenge" timems="0.199" contextid="4443" timestamp="2019-07-02T20:42:34.957">
  <scavenger-info tenureage="8" tenuremask="ff00" tiltratio="89" />
  <memory-copied type="nursery" objects="1" bytes="24" bytesdiscarded="39144" />
</gc-op>
<gc-end id="4447" type="scavenge" contextid="4443" durationms="0.420" usertimems="0.000" systemtimems="0.000" timestamp="2019-07-02T20:42:34.957" activeThreads="4">
  <mem-info id="4448" free="24215000" total="44826624" percent="54">
    <mem type="nursery" free="16672512" total="18612224" percent="89">
      <mem type="allocate" free="16672512" total="16711680" percent="99" />
      <mem type="survivor" free="0" total="1900544" percent="0" />
    </mem>
    <mem type="tenure" free="7542488" total="26214400" percent="28">
      <mem type="soa" free="6231768" total="24903680" percent="25" />
      <mem type="loa" free="1310720" total="1310720" percent="100" />
    </mem>
    <remembered-set count="96" />
  </mem-info>
</gc-end>
<cycle-end id="4449" type="scavenge" contextid="4443" timestamp="2019-07-02T20:42:34.957">
  <attribute name="GC Util" value="16" />
  <attribute name="CPU Util" value="6955840911074" />
  <attribute name="Time Running"value="16057"/>
  <attribute name="Number of cores"value="4"/>
</cycle-end>
<allocation-satisfied id="4450" threadId="00000000022F5700" bytesRequested="1168" />
<af-end id="4451" timestamp="2019-07-02T20:42:34.958" threadId="00000000022F6088" success="true" from="nursery"/>
<exclusive-end id="4452" timestamp="2019-07-02T20:42:34.958" durationms="1.081" />

<exclusive-start id="4453" timestamp="2019-07-02T20:42:34.959" intervalms="2.797">
  <response-info timems="0.025" idlems="0.025" threads="0" lastid="00000000022F5700" lastname="main" />
</exclusive-start>
<af-start id="4454" threadId="00000000022F6088" totalBytesRequested="1168" timestamp="2019-07-02T20:42:34.960" intervalms="2.850" type="nursery" />
<cycle-start id="4455" type="scavenge" contextid="0" timestamp="2019-07-02T20:42:34.960" intervalms="2.825" />
  <attribute name="GC Util" value="16" />
  <attribute name="CPU Util" value="6955840911074" />
  <attribute name="Time Running"value="16057"/>
  <attribute name="Number of cores"value="4"/>
<gc-start id="4456" type="scavenge" contextid="4455" timestamp="2019-07-02T20:42:34.960">
  <mem-info id="4457" free="7542488" total="44826624" percent="16">
    <mem type="nursery" free="0" total="18612224" percent="0">
      <mem type="allocate" free="0" total="16711680" percent="0" />
      <mem type="survivor" free="0" total="1900544" percent="0" />
    </mem>
    <mem type="tenure" free="7542488" total="26214400" percent="28">
      <mem type="soa" free="6231768" total="24903680" percent="25" />
      <mem type="loa" free="1310720" total="1310720" percent="100" />
    </mem>
    <remembered-set count="96" />
  </mem-info>
</gc-start>
<allocation-stats totalBytes="16615048" >
  <allocated-bytes non-tlh="1168" tlh="16613880" />
  <largest-consumer threadName="main" threadId="00000000022F5700" bytes="16615048" />
</allocation-stats>
<gc-op id="4458" type="scavenge" timems="0.187" contextid="4455" timestamp="2019-07-02T20:42:34.960">
  <scavenger-info tenureage="8" tenuremask="ff00" tiltratio="89" />
  <memory-copied type="nursery" objects="1" bytes="24" bytesdiscarded="39144" />
</gc-op>
<gc-end id="4459" type="scavenge" contextid="4455" durationms="0.354" usertimems="0.000" systemtimems="0.000" timestamp="2019-07-02T20:42:34.960" activeThreads="4">
  <mem-info id="4460" free="24215000" total="44826624" percent="54">
    <mem type="nursery" free="16672512" total="18612224" percent="89">
      <mem type="allocate" free="16672512" total="16711680" percent="99" />
      <mem type="survivor" free="0" total="1900544" percent="0" />
    </mem>
    <mem type="tenure" free="7542488" total="26214400" percent="28">
      <mem type="soa" free="6231768" total="24903680" percent="25" />
      <mem type="loa" free="1310720" total="1310720" percent="100" />
    </mem>
    <remembered-set count="96" />
  </mem-info>
</gc-end>
<cycle-end id="4461" type="scavenge" contextid="4455" timestamp="2019-07-02T20:42:34.960">
  <attribute name="GC Util" value="16" />
  <attribute name="CPU Util" value="6565658932460" />
  <attribute name="Time Running"value="16060"/>
  <attribute name="Number of cores"value="4"/>
</cycle-end>
<allocation-satisfied id="4462" threadId="00000000022F5700" bytesRequested="1168" />
<af-end id="4463" timestamp="2019-07-02T20:42:34.960" threadId="00000000022F6088" success="true" from="nursery"/>
<exclusive-end id="4464" timestamp="2019-07-02T20:42:34.960" durationms="1.000" />

<exclusive-start id="4465" timestamp="2019-07-02T20:42:34.962" intervalms="2.683">
  <response-info timems="0.038" idlems="0.038" threads="0" lastid="00000000022F5700" lastname="main" />
</exclusive-start>
<af-start id="4466" threadId="00000000022F6088" totalBytesRequested="1168" timestamp="2019-07-02T20:42:34.962" intervalms="2.687" type="nursery" />
<cycle-start id="4467" type="scavenge" contextid="0" timestamp="2019-07-02T20:42:34.962" intervalms="2.757" />
  <attribute name="GC Util" value="16" />
  <attribute name="CPU Util" value="6565658932460" />
  <attribute name="Time Running"value="16060"/>
  <attribute name="Number of cores"value="4"/>
<gc-start id="4468" type="scavenge" contextid="4467" timestamp="2019-07-02T20:42:34.963">
  <mem-info id="4469" free="7542488" total="44826624" percent="16">
    <mem type="nursery" free="0" total="18612224" percent="0">
      <mem type="allocate" free="0" total="16711680" percent="0" />
      <mem type="survivor" free="0" total="1900544" percent="0" />
    </mem>
    <mem type="tenure" free="7542488" total="26214400" percent="28">
      <mem type="soa" free="6231768" total="24903680" percent="25" />
      <mem type="loa" free="1310720" total="1310720" percent="100" />
    </mem>
    <remembered-set count="96" />
  </mem-info>
</gc-start>
<allocation-stats totalBytes="16613840" >
  <allocated-bytes non-tlh="1168" tlh="16612672" />
  <largest-consumer threadName="main" threadId="00000000022F5700" bytes="16613840" />
</allocation-stats>
<gc-op id="4470" type="scavenge" timems="0.221" contextid="4467" timestamp="2019-07-02T20:42:34.963">
  <scavenger-info tenureage="8" tenuremask="ff00" tiltratio="89" />
  <memory-copied type="nursery" objects="1" bytes="24" bytesdiscarded="39144" />
</gc-op>
<gc-end id="4471" type="scavenge" contextid="4467" durationms="0.587" usertimems="0.000" systemtimems="0.000" timestamp="2019-07-02T20:42:34.963" activeThreads="4">
  <mem-info id="4472" free="24215000" total="44826624" percent="54">
    <mem type="nursery" free="16672512" total="18612224" percent="89">
      <mem type="allocate" free="16672512" total="16711680" percent="99" />
      <mem type="survivor" free="0" total="1900544" percent="0" />
    </mem>
    <mem type="tenure" free="7542488" total="26214400" percent="28">
      <mem type="soa" free="6231768" total="24903680" percent="25" />
      <mem type="loa" free="1310720" total="1310720" percent="100" />
    </mem>
    <remembered-set count="96" />
  </mem-info>
</gc-end>
<cycle-end id="4473" type="scavenge" contextid="4467" timestamp="2019-07-02T20:42:34.963">
  <attribute name="GC Util" value="14" />
  <attribute name="CPU Util" value="6279302293837" />
  <attribute name="Time Running"value="16063"/>
  <attribute name="Number of cores"value="4"/>
</cycle-end>
<allocation-satisfied id="4474" threadId="00000000022F5700" bytesRequested="1168" />
<af-end id="4475" timestamp="2019-07-02T20:42:34.964" threadId="00000000022F6088" success="true" from="nursery"/>
<exclusive-end id="4476" timestamp="2019-07-02T20:42:34.964" durationms="1.394" />

<exclusive-start id="4477" timestamp="2019-07-02T20:42:34.965" intervalms="3.145">
  <response-info timems="0.055" idlems="0.055" threads="0" lastid="00000000022F5700" lastname="main" />
</exclusive-start>
<af-start id="4478" threadId="00000000022F6088" totalBytesRequested="1168" timestamp="2019-07-02T20:42:34.965" intervalms="3.088" type="nursery" />
<cycle-start id="4479" type="scavenge" contextid="0" timestamp="2019-07-02T20:42:34.966" intervalms="3.080" />
  <attribute name="GC Util" value="14" />
  <attribute name="CPU Util" value="6279302293837" />
  <attribute name="Time Running"value="16063"/>
  <attribute name="Number of cores"value="4"/>
<gc-start id="4480" type="scavenge" contextid="4479" timestamp="2019-07-02T20:42:34.966">
  <mem-info id="4481" free="7542488" total="44826624" percent="16">
    <mem type="nursery" free="0" total="18612224" percent="0">
      <mem type="allocate" free="0" total="16711680" percent="0" />
      <mem type="survivor" free="0" total="1900544" percent="0" />
    </mem>
    <mem type="tenure" free="7542488" total="26214400" percent="28">
      <mem type="soa" free="6231768" total="24903680" percent="25" />
      <mem type="loa" free="1310720" total="1310720" percent="100" />
    </mem>
    <remembered-set count="96" />
  </mem-info>
</gc-start>
<allocation-stats totalBytes="16615072" >
  <allocated-bytes non-tlh="1168" tlh="16613904" />
  <largest-consumer threadName="main" threadId="00000000022F5700" bytes="16615072" />
</allocation-stats>
<gc-op id="4482" type="scavenge" timems="0.184" contextid="4479" timestamp="2019-07-02T20:42:34.966">
  <scavenger-info tenureage="8" tenuremask="ff00" tiltratio="89" />
  <memory-copied type="nursery" objects="1" bytes="24" bytesdiscarded="39144" />
</gc-op>
<gc-end id="4483" type="scavenge" contextid="4479" durationms="0.420" usertimems="4.000" systemtimems="0.000" timestamp="2019-07-02T20:42:34.966" activeThreads="4">
  <mem-info id="4484" free="24215000" total="44826624" percent="54">
    <mem type="nursery" free="16672512" total="18612224" percent="89">
      <mem type="allocate" free="16672512" total="16711680" percent="99" />
      <mem type="survivor" free="0" total="1900544" percent="0" />
    </mem>
    <mem type="tenure" free="7542488" total="26214400" percent="28">
      <mem type="soa" free="6231768" total="24903680" percent="25" />
      <mem type="loa" free="1310720" total="1310720" percent="100" />
    </mem>
    <remembered-set count="96" />
  </mem-info>
</gc-end>
<cycle-end id="4485" type="scavenge" contextid="4479" timestamp="2019-07-02T20:42:34.966">
  <attribute name="GC Util" value="15" />
  <attribute name="CPU Util" value="6172933559270" />
  <attribute name="Time Running"value="16066"/>
  <attribute name="Number of cores"value="4"/>
</cycle-end>
<allocation-satisfied id="4486" threadId="00000000022F5700" bytesRequested="1168" />
<af-end id="4487" timestamp="2019-07-02T20:42:34.966" threadId="00000000022F6088" success="true" from="nursery"/>
<exclusive-end id="4488" timestamp="2019-07-02T20:42:34.966" durationms="1.167" />

<exclusive-start id="4489" timestamp="2019-07-02T20:42:34.968" intervalms="2.838">
  <response-info timems="0.028" idlems="0.028" threads="0" lastid="00000000022F5700" lastname="main" />
</exclusive-start>
<af-start id="4490" threadId="00000000022F6088" totalBytesRequested="1168" timestamp="2019-07-02T20:42:34.968" intervalms="2.839" type="nursery" />
<cycle-start id="4491" type="scavenge" contextid="0" timestamp="2019-07-02T20:42:34.968" intervalms="2.747" />
  <attribute name="GC Util" value="15" />
  <attribute name="CPU Util" value="6172933559270" />
  <attribute name="Time Running"value="16066"/>
  <attribute name="Number of cores"value="4"/>
<gc-start id="4492" type="scavenge" contextid="4491" timestamp="2019-07-02T20:42:34.968">
  <mem-info id="4493" free="7542488" total="44826624" percent="16">
    <mem type="nursery" free="0" total="18612224" percent="0">
      <mem type="allocate" free="0" total="16711680" percent="0" />
      <mem type="survivor" free="0" total="1900544" percent="0" />
    </mem>
    <mem type="tenure" free="7542488" total="26214400" percent="28">
      <mem type="soa" free="6231768" total="24903680" percent="25" />
      <mem type="loa" free="1310720" total="1310720" percent="100" />
    </mem>
    <remembered-set count="96" />
  </mem-info>
</gc-start>
<allocation-stats totalBytes="16613816" >
  <allocated-bytes non-tlh="1168" tlh="16612648" />
  <largest-consumer threadName="main" threadId="00000000022F5700" bytes="16613816" />
</allocation-stats>
<gc-op id="4494" type="scavenge" timems="0.167" contextid="4491" timestamp="2019-07-02T20:42:34.969">
  <scavenger-info tenureage="8" tenuremask="ff00" tiltratio="89" />
  <memory-copied type="nursery" objects="1" bytes="24" bytesdiscarded="39144" />
</gc-op>
<gc-end id="4495" type="scavenge" contextid="4491" durationms="0.343" usertimems="4.000" systemtimems="0.000" timestamp="2019-07-02T20:42:34.969" activeThreads="4">
  <mem-info id="4496" free="24215000" total="44826624" percent="54">
    <mem type="nursery" free="16672512" total="18612224" percent="89">
      <mem type="allocate" free="16672512" total="16711680" percent="99" />
      <mem type="survivor" free="0" total="1900544" percent="0" />
    </mem>
    <mem type="tenure" free="7542488" total="26214400" percent="28">
      <mem type="soa" free="6231768" total="24903680" percent="25" />
      <mem type="loa" free="1310720" total="1310720" percent="100" />
    </mem>
    <remembered-set count="96" />
  </mem-info>
</gc-end>
<cycle-end id="4497" type="scavenge" contextid="4491" timestamp="2019-07-02T20:42:34.969">
  <attribute name="GC Util" value="16" />
  <attribute name="CPU Util" value="6886834387881" />
  <attribute name="Time Running"value="16069"/>
  <attribute name="Number of cores"value="4"/>
</cycle-end>
<allocation-satisfied id="4498" threadId="00000000022F5700" bytesRequested="1168" />
<af-end id="4499" timestamp="2019-07-02T20:42:34.969" threadId="00000000022F6088" success="true" from="nursery"/>
<exclusive-end id="4500" timestamp="2019-07-02T20:42:34.969" durationms="0.755" />

<exclusive-start id="4501" timestamp="2019-07-02T20:42:34.971" intervalms="2.461">
  <response-info timems="0.026" idlems="0.026" threads="0" lastid="00000000022F5700" lastname="main" />
</exclusive-start>
<af-start id="4502" threadId="00000000022F6088" totalBytesRequested="1168" timestamp="2019-07-02T20:42:34.971" intervalms="2.466" type="nursery" />
<cycle-start id="4503" type="scavenge" contextid="0" timestamp="2019-07-02T20:42:34.971" intervalms="2.546" />
  <attribute name="GC Util" value="16" />
  <attribute name="CPU Util" value="6886834387881" />
  <attribute name="Time Running"value="16069"/>
  <attribute name="Number of cores"value="4"/>
<gc-start id="4504" type="scavenge" contextid="4503" timestamp="2019-07-02T20:42:34.971">
  <mem-info id="4505" free="7542488" total="44826624" percent="16">
    <mem type="nursery" free="0" total="18612224" percent="0">
      <mem type="allocate" free="0" total="16711680" percent="0" />
      <mem type="survivor" free="0" total="1900544" percent="0" />
    </mem>
    <mem type="tenure" free="7542488" total="26214400" percent="28">
      <mem type="soa" free="6231768" total="24903680" percent="25" />
      <mem type="loa" free="1310720" total="1310720" percent="100" />
    </mem>
    <remembered-set count="96" />
  </mem-info>
</gc-start>
<allocation-stats totalBytes="16615072" >
  <allocated-bytes non-tlh="1168" tlh="16613904" />
  <largest-consumer threadName="main" threadId="00000000022F5700" bytes="16615072" />
</allocation-stats>
<gc-op id="4506" type="scavenge" timems="0.194" contextid="4503" timestamp="2019-07-02T20:42:34.971">
  <scavenger-info tenureage="8" tenuremask="ff00" tiltratio="89" />
  <memory-copied type="nursery" objects="1" bytes="24" bytesdiscarded="39144" />
</gc-op>
<gc-end id="4507" type="scavenge" contextid="4503" durationms="0.363" usertimems="4.000" systemtimems="0.000" timestamp="2019-07-02T20:42:34.971" activeThreads="4">
  <mem-info id="4508" free="24215000" total="44826624" percent="54">
    <mem type="nursery" free="16672512" total="18612224" percent="89">
      <mem type="allocate" free="16672512" total="16711680" percent="99" />
      <mem type="survivor" free="0" total="1900544" percent="0" />
    </mem>
    <mem type="tenure" free="7542488" total="26214400" percent="28">
      <mem type="soa" free="6231768" total="24903680" percent="25" />
      <mem type="loa" free="1310720" total="1310720" percent="100" />
    </mem>
    <remembered-set count="96" />
  </mem-info>
</gc-end>
<cycle-end id="4509" type="scavenge" contextid="4503" timestamp="2019-07-02T20:42:34.971">
  <attribute name="GC Util" value="17" />
  <attribute name="CPU Util" value="7296607852332" />
  <attribute name="Time Running"value="16071"/>
  <attribute name="Number of cores"value="4"/>
</cycle-end>
<allocation-satisfied id="4510" threadId="00000000022F5700" bytesRequested="1168" />
<af-end id="4511" timestamp="2019-07-02T20:42:34.972" threadId="00000000022F6088" success="true" from="nursery"/>
<exclusive-end id="4512" timestamp="2019-07-02T20:42:34.972" durationms="0.981" />

<exclusive-start id="4513" timestamp="2019-07-02T20:42:34.973" intervalms="2.647">
  <response-info timems="0.022" idlems="0.022" threads="0" lastid="00000000022F5700" lastname="main" />
</exclusive-start>
<af-start id="4514" threadId="00000000022F6088" totalBytesRequested="1168" timestamp="2019-07-02T20:42:34.973" intervalms="2.698" type="nursery" />
<cycle-start id="4515" type="scavenge" contextid="0" timestamp="2019-07-02T20:42:34.974" intervalms="2.720" />
  <attribute name="GC Util" value="17" />
  <attribute name="CPU Util" value="7296607852332" />
  <attribute name="Time Running"value="16071"/>
  <attribute name="Number of cores"value="4"/>
<gc-start id="4516" type="scavenge" contextid="4515" timestamp="2019-07-02T20:42:34.974">
  <mem-info id="4517" free="7542488" total="44826624" percent="16">
    <mem type="nursery" free="0" total="18612224" percent="0">
      <mem type="allocate" free="0" total="16711680" percent="0" />
      <mem type="survivor" free="0" total="1900544" percent="0" />
    </mem>
    <mem type="tenure" free="7542488" total="26214400" percent="28">
      <mem type="soa" free="6231768" total="24903680" percent="25" />
      <mem type="loa" free="1310720" total="1310720" percent="100" />
    </mem>
    <remembered-set count="96" />
  </mem-info>
</gc-start>
<allocation-stats totalBytes="16613816" >
  <allocated-bytes non-tlh="1168" tlh="16612648" />
  <largest-consumer threadName="main" threadId="00000000022F5700" bytes="16613816" />
</allocation-stats>
<gc-op id="4518" type="scavenge" timems="0.192" contextid="4515" timestamp="2019-07-02T20:42:34.974">
  <scavenger-info tenureage="8" tenuremask="ff00" tiltratio="89" />
  <memory-copied type="nursery" objects="1" bytes="24" bytesdiscarded="39144" />
</gc-op>
<gc-end id="4519" type="scavenge" contextid="4515" durationms="0.566" usertimems="0.000" systemtimems="0.000" timestamp="2019-07-02T20:42:34.974" activeThreads="4">
  <mem-info id="4520" free="24215000" total="44826624" percent="54">
    <mem type="nursery" free="16672512" total="18612224" percent="89">
      <mem type="allocate" free="16672512" total="16711680" percent="99" />
      <mem type="survivor" free="0" total="1900544" percent="0" />
    </mem>
    <mem type="tenure" free="7542488" total="26214400" percent="28">
      <mem type="soa" free="6231768" total="24903680" percent="25" />
      <mem type="loa" free="1310720" total="1310720" percent="100" />
    </mem>
    <remembered-set count="96" />
  </mem-info>
</gc-end>
<cycle-end id="4521" type="scavenge" contextid="4515" timestamp="2019-07-02T20:42:34.974">
  <attribute name="GC Util" value="15" />
  <attribute name="CPU Util" value="6393037056785" />
  <attribute name="Time Running"value="16074"/>
  <attribute name="Number of cores"value="4"/>
</cycle-end>
<allocation-satisfied id="4522" threadId="00000000022F5700" bytesRequested="1168" />
<af-end id="4523" timestamp="2019-07-02T20:42:34.975" threadId="00000000022F6088" success="true" from="nursery"/>
<exclusive-end id="4524" timestamp="2019-07-02T20:42:34.975" durationms="1.283" />

<exclusive-start id="4525" timestamp="2019-07-02T20:42:34.976" intervalms="2.947">
  <response-info timems="0.022" idlems="0.022" threads="0" lastid="00000000022F5700" lastname="main" />
</exclusive-start>
<af-start id="4526" threadId="00000000022F6088" totalBytesRequested="1168" timestamp="2019-07-02T20:42:34.976" intervalms="2.926" type="nursery" />
<cycle-start id="4527" type="scavenge" contextid="0" timestamp="2019-07-02T20:42:34.976" intervalms="2.865" />
  <attribute name="GC Util" value="15" />
  <attribute name="CPU Util" value="6393037056785" />
  <attribute name="Time Running"value="16074"/>
  <attribute name="Number of cores"value="4"/>
<gc-start id="4528" type="scavenge" contextid="4527" timestamp="2019-07-02T20:42:34.977">
  <mem-info id="4529" free="7542488" total="44826624" percent="16">
    <mem type="nursery" free="0" total="18612224" percent="0">
      <mem type="allocate" free="0" total="16711680" percent="0" />
      <mem type="survivor" free="0" total="1900544" percent="0" />
    </mem>
    <mem type="tenure" free="7542488" total="26214400" percent="28">
      <mem type="soa" free="6231768" total="24903680" percent="25" />
      <mem type="loa" free="1310720" total="1310720" percent="100" />
    </mem>
    <remembered-set count="96" />
  </mem-info>
</gc-start>
<allocation-stats totalBytes="16615072" >
  <allocated-bytes non-tlh="1168" tlh="16613904" />
  <largest-consumer threadName="main" threadId="00000000022F5700" bytes="16615072" />
</allocation-stats>
<gc-op id="4530" type="scavenge" timems="0.184" contextid="4527" timestamp="2019-07-02T20:42:34.977">
  <scavenger-info tenureage="8" tenuremask="ff00" tiltratio="89" />
  <memory-copied type="nursery" objects="1" bytes="24" bytesdiscarded="39144" />
</gc-op>
<gc-end id="4531" type="scavenge" contextid="4527" durationms="0.351" usertimems="0.000" systemtimems="0.000" timestamp="2019-07-02T20:42:34.977" activeThreads="4">
  <mem-info id="4532" free="24215000" total="44826624" percent="54">
    <mem type="nursery" free="16672512" total="18612224" percent="89">
      <mem type="allocate" free="16672512" total="16711680" percent="99" />
      <mem type="survivor" free="0" total="1900544" percent="0" />
    </mem>
    <mem type="tenure" free="7542488" total="26214400" percent="28">
      <mem type="soa" free="6231768" total="24903680" percent="25" />
      <mem type="loa" free="1310720" total="1310720" percent="100" />
    </mem>
    <remembered-set count="96" />
  </mem-info>
</gc-end>
<cycle-end id="4533" type="scavenge" contextid="4527" timestamp="2019-07-02T20:42:34.977">
  <attribute name="GC Util" value="15" />
  <attribute name="CPU Util" value="6600458651186" />
  <attribute name="Time Running"value="16077"/>
  <attribute name="Number of cores"value="4"/>
</cycle-end>
<allocation-satisfied id="4534" threadId="00000000022F5700" bytesRequested="1168" />
<af-end id="4535" timestamp="2019-07-02T20:42:34.977" threadId="00000000022F6088" success="true" from="nursery"/>
<exclusive-end id="4536" timestamp="2019-07-02T20:42:34.977" durationms="1.074" />

<exclusive-start id="4537" timestamp="2019-07-02T20:42:34.979" intervalms="2.794">
  <response-info timems="0.024" idlems="0.024" threads="0" lastid="00000000022F5700" lastname="main" />
</exclusive-start>
<af-start id="4538" threadId="00000000022F6088" totalBytesRequested="1168" timestamp="2019-07-02T20:42:34.979" intervalms="2.819" type="nursery" />
<cycle-start id="4539" type="scavenge" contextid="0" timestamp="2019-07-02T20:42:34.979" intervalms="2.869" />
  <attribute name="GC Util" value="15" />
  <attribute name="CPU Util" value="6600458651186" />
  <attribute name="Time Running"value="16077"/>
  <attribute name="Number of cores"value="4"/>
<gc-start id="4540" type="scavenge" contextid="4539" timestamp="2019-07-02T20:42:34.979">
  <mem-info id="4541" free="7542488" total="44826624" percent="16">
    <mem type="nursery" free="0" total="18612224" percent="0">
      <mem type="allocate" free="0" total="16711680" percent="0" />
      <mem type="survivor" free="0" total="1900544" percent="0" />
    </mem>
    <mem type="tenure" free="7542488" total="26214400" percent="28">
      <mem type="soa" free="6231768" total="24903680" percent="25" />
      <mem type="loa" free="1310720" total="1310720" percent="100" />
    </mem>
    <remembered-set count="96" />
  </mem-info>
</gc-start>
<allocation-stats totalBytes="16613840" >
  <allocated-bytes non-tlh="1168" tlh="16612672" />
  <largest-consumer threadName="main" threadId="00000000022F5700" bytes="16613840" />
</allocation-stats>
<gc-op id="4542" type="scavenge" timems="0.188" contextid="4539" timestamp="2019-07-02T20:42:34.980">
  <scavenger-info tenureage="8" tenuremask="ff00" tiltratio="89" />
  <memory-copied type="nursery" objects="1" bytes="24" bytesdiscarded="39144" />
</gc-op>
<gc-end id="4543" type="scavenge" contextid="4539" durationms="0.526" usertimems="0.000" systemtimems="0.000" timestamp="2019-07-02T20:42:34.980" activeThreads="4">
  <mem-info id="4544" free="24215000" total="44826624" percent="54">
    <mem type="nursery" free="16672512" total="18612224" percent="89">
      <mem type="allocate" free="16672512" total="16711680" percent="99" />
      <mem type="survivor" free="0" total="1900544" percent="0" />
    </mem>
    <mem type="tenure" free="7542488" total="26214400" percent="28">
      <mem type="soa" free="6231768" total="24903680" percent="25" />
      <mem type="loa" free="1310720" total="1310720" percent="100" />
    </mem>
    <remembered-set count="96" />
  </mem-info>
</gc-end>
<cycle-end id="4545" type="scavenge" contextid="4539" timestamp="2019-07-02T20:42:34.980">
  <attribute name="GC Util" value="14" />
  <attribute name="CPU Util" value="6336278427486" />
  <attribute name="Time Running"value="16080"/>
  <attribute name="Number of cores"value="4"/>
</cycle-end>
<allocation-satisfied id="4546" threadId="00000000022F5700" bytesRequested="1168" />
<af-end id="4547" timestamp="2019-07-02T20:42:34.980" threadId="00000000022F6088" success="true" from="nursery"/>
<exclusive-end id="4548" timestamp="2019-07-02T20:42:34.980" durationms="1.224" />

<exclusive-start id="4549" timestamp="2019-07-02T20:42:34.982" intervalms="2.972">
  <response-info timems="0.028" idlems="0.028" threads="0" lastid="00000000022F5700" lastname="main" />
</exclusive-start>
<af-start id="4550" threadId="00000000022F6088" totalBytesRequested="1168" timestamp="2019-07-02T20:42:34.982" intervalms="2.983" type="nursery" />
<cycle-start id="4551" type="scavenge" contextid="0" timestamp="2019-07-02T20:42:34.982" intervalms="2.980" />
  <attribute name="GC Util" value="14" />
  <attribute name="CPU Util" value="6336278427486" />
  <attribute name="Time Running"value="16080"/>
  <attribute name="Number of cores"value="4"/>
<gc-start id="4552" type="scavenge" contextid="4551" timestamp="2019-07-02T20:42:34.982">
  <mem-info id="4553" free="7542488" total="44826624" percent="16">
    <mem type="nursery" free="0" total="18612224" percent="0">
      <mem type="allocate" free="0" total="16711680" percent="0" />
      <mem type="survivor" free="0" total="1900544" percent="0" />
    </mem>
    <mem type="tenure" free="7542488" total="26214400" percent="28">
      <mem type="soa" free="6231768" total="24903680" percent="25" />
      <mem type="loa" free="1310720" total="1310720" percent="100" />
    </mem>
    <remembered-set count="96" />
  </mem-info>
</gc-start>
<allocation-stats totalBytes="16615048" >
  <allocated-bytes non-tlh="1168" tlh="16613880" />
  <largest-consumer threadName="main" threadId="00000000022F5700" bytes="16615048" />
</allocation-stats>
<gc-op id="4554" type="scavenge" timems="0.196" contextid="4551" timestamp="2019-07-02T20:42:34.983">
  <scavenger-info tenureage="8" tenuremask="ff00" tiltratio="89" />
  <memory-copied type="nursery" objects="1" bytes="24" bytesdiscarded="39144" />
</gc-op>
<gc-end id="4555" type="scavenge" contextid="4551" durationms="0.571" usertimems="0.000" systemtimems="0.000" timestamp="2019-07-02T20:42:34.983" activeThreads="4">
  <mem-info id="4556" free="24215000" total="44826624" percent="54">
    <mem type="nursery" free="16672512" total="18612224" percent="89">
      <mem type="allocate" free="16672512" total="16711680" percent="99" />
      <mem type="survivor" free="0" total="1900544" percent="0" />
    </mem>
    <mem type="tenure" free="7542488" total="26214400" percent="28">
      <mem type="soa" free="6231768" total="24903680" percent="25" />
      <mem type="loa" free="1310720" total="1310720" percent="100" />
    </mem>
    <remembered-set count="96" />
  </mem-info>
</gc-end>
<cycle-end id="4557" type="scavenge" contextid="4551" timestamp="2019-07-02T20:42:34.983">
  <attribute name="GC Util" value="14" />
  <attribute name="CPU Util" value="5979546026680" />
  <attribute name="Time Running"value="16083"/>
  <attribute name="Number of cores"value="4"/>
</cycle-end>
<allocation-satisfied id="4558" threadId="00000000022F5700" bytesRequested="1168" />
<af-end id="4559" timestamp="2019-07-02T20:42:34.983" threadId="00000000022F6088" success="true" from="nursery"/>
<exclusive-end id="4560" timestamp="2019-07-02T20:42:34.983" durationms="1.388" />

<exclusive-start id="4561" timestamp="2019-07-02T20:42:34.985" intervalms="3.026">
  <response-info timems="0.029" idlems="0.029" threads="0" lastid="00000000022F5700" lastname="main" />
</exclusive-start>
<af-start id="4562" threadId="00000000022F6088" totalBytesRequested="1168" timestamp="2019-07-02T20:42:34.985" intervalms="2.990" type="nursery" />
<cycle-start id="4563" type="scavenge" contextid="0" timestamp="2019-07-02T20:42:34.985" intervalms="2.910" />
  <attribute name="GC Util" value="14" />
  <attribute name="CPU Util" value="5979546026680" />
  <attribute name="Time Running"value="16083"/>
  <attribute name="Number of cores"value="4"/>
<gc-start id="4564" type="scavenge" contextid="4563" timestamp="2019-07-02T20:42:34.985">
  <mem-info id="4565" free="7542488" total="44826624" percent="16">
    <mem type="nursery" free="0" total="18612224" percent="0">
      <mem type="allocate" free="0" total="16711680" percent="0" />
      <mem type="survivor" free="0" total="1900544" percent="0" />
    </mem>
    <mem type="tenure" free="7542488" total="26214400" percent="28">
      <mem type="soa" free="6231768" total="24903680" percent="25" />
      <mem type="loa" free="1310720" total="1310720" percent="100" />
    </mem>
    <remembered-set count="96" />
  </mem-info>
</gc-start>
<allocation-stats totalBytes="16613840" >
  <allocated-bytes non-tlh="1168" tlh="16612672" />
  <largest-consumer threadName="main" threadId="00000000022F5700" bytes="16613840" />
</allocation-stats>
<gc-op id="4566" type="scavenge" timems="0.198" contextid="4563" timestamp="2019-07-02T20:42:34.986">
  <scavenger-info tenureage="8" tenuremask="ff00" tiltratio="89" />
  <memory-copied type="nursery" objects="1" bytes="24" bytesdiscarded="39144" />
</gc-op>
<gc-end id="4567" type="scavenge" contextid="4563" durationms="0.399" usertimems="0.000" systemtimems="0.000" timestamp="2019-07-02T20:42:34.986" activeThreads="4">
  <mem-info id="4568" free="24215000" total="44826624" percent="54">
    <mem type="nursery" free="16672512" total="18612224" percent="89">
      <mem type="allocate" free="16672512" total="16711680" percent="99" />
      <mem type="survivor" free="0" total="1900544" percent="0" />
    </mem>
    <mem type="tenure" free="7542488" total="26214400" percent="28">
      <mem type="soa" free="6231768" total="24903680" percent="25" />
      <mem type="loa" free="1310720" total="1310720" percent="100" />
    </mem>
    <remembered-set count="96" />
  </mem-info>
</gc-end>
<cycle-end id="4569" type="scavenge" contextid="4563" timestamp="2019-07-02T20:42:34.986">
  <attribute name="GC Util" value="15" />
  <attribute name="CPU Util" value="6714144968532" />
  <attribute name="Time Running"value="16086"/>
  <attribute name="Number of cores"value="4"/>
</cycle-end>
<allocation-satisfied id="4570" threadId="00000000022F5700" bytesRequested="1168" />
<af-end id="4571" timestamp="2019-07-02T20:42:34.986" threadId="00000000022F6088" success="true" from="nursery"/>
<exclusive-end id="4572" timestamp="2019-07-02T20:42:34.986" durationms="1.125" />

<exclusive-start id="4573" timestamp="2019-07-02T20:42:34.988" intervalms="3.317">
  <response-info timems="0.030" idlems="0.030" threads="0" lastid="00000000022F5700" lastname="main" />
</exclusive-start>
<af-start id="4574" threadId="00000000022F6088" totalBytesRequested="1168" timestamp="2019-07-02T20:42:34.988" intervalms="3.290" type="nursery" />
<cycle-start id="4575" type="scavenge" contextid="0" timestamp="2019-07-02T20:42:34.989" intervalms="3.327" />
  <attribute name="GC Util" value="15" />
  <attribute name="CPU Util" value="6714144968532" />
  <attribute name="Time Running"value="16086"/>
  <attribute name="Number of cores"value="4"/>
<gc-start id="4576" type="scavenge" contextid="4575" timestamp="2019-07-02T20:42:34.989">
  <mem-info id="4577" free="7542488" total="44826624" percent="16">
    <mem type="nursery" free="0" total="18612224" percent="0">
      <mem type="allocate" free="0" total="16711680" percent="0" />
      <mem type="survivor" free="0" total="1900544" percent="0" />
    </mem>
    <mem type="tenure" free="7542488" total="26214400" percent="28">
      <mem type="soa" free="6231768" total="24903680" percent="25" />
      <mem type="loa" free="1310720" total="1310720" percent="100" />
    </mem>
    <remembered-set count="101" />
  </mem-info>
</gc-start>
<allocation-stats totalBytes="16575600" >
  <allocated-bytes non-tlh="1168" tlh="16574432" />
  <largest-consumer threadName="main" threadId="00000000022F5700" bytes="16575600" />
</allocation-stats>
<gc-op id="4578" type="scavenge" timems="0.234" contextid="4575" timestamp="2019-07-02T20:42:34.989">
  <scavenger-info tenureage="8" tenuremask="ff00" tiltratio="89" />
  <memory-copied type="nursery" objects="26" bytes="1896" bytesdiscarded="37272" />
</gc-op>
<gc-end id="4579" type="scavenge" contextid="4575" durationms="0.399" usertimems="4.000" systemtimems="0.000" timestamp="2019-07-02T20:42:34.989" activeThreads="4">
  <mem-info id="4580" free="24215000" total="44826624" percent="54">
    <mem type="nursery" free="16672512" total="18612224" percent="89">
      <mem type="allocate" free="16672512" total="16711680" percent="99" />
      <mem type="survivor" free="0" total="1900544" percent="0" />
    </mem>
    <mem type="tenure" free="7542488" total="26214400" percent="28">
      <mem type="soa" free="6231768" total="24903680" percent="25" />
      <mem type="loa" free="1310720" total="1310720" percent="100" />
    </mem>
    <remembered-set count="101" />
  </mem-info>
</gc-end>
<cycle-end id="4581" type="scavenge" contextid="4575" timestamp="2019-07-02T20:42:34.989">
  <attribute name="GC Util" value="13" />
  <attribute name="CPU Util" value="5658385466034" />
  <attribute name="Time Running"value="16089"/>
  <attribute name="Number of cores"value="4"/>
</cycle-end>
<allocation-satisfied id="4582" threadId="00000000022F5700" bytesRequested="1168" />
<af-end id="4583" timestamp="2019-07-02T20:42:34.989" threadId="00000000022F6088" success="true" from="nursery"/>
<exclusive-end id="4584" timestamp="2019-07-02T20:42:34.989" durationms="0.869" />

<exclusive-start id="4585" timestamp="2019-07-02T20:42:34.991" intervalms="2.642">
  <response-info timems="0.030" idlems="0.030" threads="0" lastid="00000000022F5700" lastname="main" />
</exclusive-start>
<af-start id="4586" threadId="00000000022F6088" totalBytesRequested="1168" timestamp="2019-07-02T20:42:34.991" intervalms="2.638" type="nursery" />
<cycle-start id="4587" type="scavenge" contextid="0" timestamp="2019-07-02T20:42:34.991" intervalms="2.635" />
  <attribute name="GC Util" value="13" />
  <attribute name="CPU Util" value="5658385466034" />
  <attribute name="Time Running"value="16089"/>
  <attribute name="Number of cores"value="4"/>
<gc-start id="4588" type="scavenge" contextid="4587" timestamp="2019-07-02T20:42:34.991">
  <mem-info id="4589" free="7542488" total="44826624" percent="16">
    <mem type="nursery" free="0" total="18612224" percent="0">
      <mem type="allocate" free="0" total="16711680" percent="0" />
      <mem type="survivor" free="0" total="1900544" percent="0" />
    </mem>
    <mem type="tenure" free="7542488" total="26214400" percent="28">
      <mem type="soa" free="6231768" total="24903680" percent="25" />
      <mem type="loa" free="1310720" total="1310720" percent="100" />
    </mem>
    <remembered-set count="101" />
  </mem-info>
</gc-start>
<allocation-stats totalBytes="16562680" >
  <allocated-bytes non-tlh="1168" tlh="16561512" />
  <largest-consumer threadName="main" threadId="00000000022F5700" bytes="16562680" />
</allocation-stats>
<gc-op id="4590" type="scavenge" timems="0.200" contextid="4587" timestamp="2019-07-02T20:42:34.992">
  <scavenger-info tenureage="3" tenuremask="fff8" tiltratio="89" />
  <memory-copied type="nursery" objects="26" bytes="1896" bytesdiscarded="76440" />
</gc-op>
<gc-end id="4591" type="scavenge" contextid="4587" durationms="0.372" usertimems="4.000" systemtimems="0.000" timestamp="2019-07-02T20:42:34.992" activeThreads="4">
  <mem-info id="4592" free="24175832" total="44826624" percent="53">
    <mem type="nursery" free="16633344" total="18612224" percent="89">
      <mem type="allocate" free="16633344" total="16711680" percent="99" />
      <mem type="survivor" free="0" total="1900544" percent="0" />
    </mem>
    <mem type="tenure" free="7542488" total="26214400" percent="28">
      <mem type="soa" free="6231768" total="24903680" percent="25" />
      <mem type="loa" free="1310720" total="1310720" percent="100" />
    </mem>
    <remembered-set count="92" />
  </mem-info>
</gc-end>
<cycle-end id="4593" type="scavenge" contextid="4587" timestamp="2019-07-02T20:42:34.992">
  <attribute name="GC Util" value="17" />
  <attribute name="CPU Util" value="7012480625972" />
  <attribute name="Time Running"value="16091"/>
  <attribute name="Number of cores"value="4"/>
</cycle-end>
<allocation-satisfied id="4594" threadId="00000000022F5700" bytesRequested="1168" />
<af-end id="4595" timestamp="2019-07-02T20:42:34.992" threadId="00000000022F6088" success="true" from="nursery"/>
<exclusive-end id="4596" timestamp="2019-07-02T20:42:34.992" durationms="0.913" />

<exclusive-start id="4597" timestamp="2019-07-02T20:42:34.994" intervalms="2.763">
  <response-info timems="0.045" idlems="0.045" threads="0" lastid="00000000022F5700" lastname="main" />
</exclusive-start>
<af-start id="4598" threadId="00000000022F6088" totalBytesRequested="1168" timestamp="2019-07-02T20:42:34.994" intervalms="2.811" type="nursery" />
<cycle-start id="4599" type="scavenge" contextid="0" timestamp="2019-07-02T20:42:34.994" intervalms="2.862" />
  <attribute name="GC Util" value="17" />
  <attribute name="CPU Util" value="7012480625972" />
  <attribute name="Time Running"value="16091"/>
  <attribute name="Number of cores"value="4"/>
<gc-start id="4600" type="scavenge" contextid="4599" timestamp="2019-07-02T20:42:34.994">
  <mem-info id="4601" free="7542488" total="44826624" percent="16">
    <mem type="nursery" free="0" total="18612224" percent="0">
      <mem type="allocate" free="0" total="16711680" percent="0" />
      <mem type="survivor" free="0" total="1900544" percent="0" />
    </mem>
    <mem type="tenure" free="7542488" total="26214400" percent="28">
      <mem type="soa" free="6231768" total="24903680" percent="25" />
      <mem type="loa" free="1310720" total="1310720" percent="100" />
    </mem>
    <remembered-set count="92" />
  </mem-info>
</gc-start>
<allocation-stats totalBytes="16524240" >
  <allocated-bytes non-tlh="1168" tlh="16523072" />
  <largest-consumer threadName="main" threadId="00000000022F5700" bytes="16524240" />
</allocation-stats>
<gc-op id="4602" type="scavenge" timems="0.217" contextid="4599" timestamp="2019-07-02T20:42:34.995">
  <scavenger-info tenureage="2" tenuremask="fffc" tiltratio="89" />
  <memory-copied type="tenure" objects="26" bytes="1896" bytesdiscarded="0" />
</gc-op>
<gc-end id="4603" type="scavenge" contextid="4599" durationms="0.606" usertimems="0.000" systemtimems="0.000" timestamp="2019-07-02T20:42:34.995" activeThreads="4">
  <mem-info id="4604" free="24254168" total="44826624" percent="54">
    <mem type="nursery" free="16711680" total="18612224" percent="89">
      <mem type="allocate" free="16711680" total="16711680" percent="100" />
      <mem type="survivor" free="0" total="1900544" percent="0" />
    </mem>
    <mem type="tenure" free="7542488" total="26214400" percent="28">
      <mem type="soa" free="6231768" total="24903680" percent="25" />
      <mem type="loa" free="1310720" total="1310720" percent="100" />
    </mem>
    <remembered-set count="96" />
  </mem-info>
</gc-end>
<cycle-end id="4605" type="scavenge" contextid="4599" timestamp="2019-07-02T20:42:34.995">
  <attribute name="GC Util" value="15" />
  <attribute name="CPU Util" value="6178758076152" />
  <attribute name="Time Running"value="16094"/>
  <attribute name="Number of cores"value="4"/>
</cycle-end>
<allocation-satisfied id="4606" threadId="00000000022F5700" bytesRequested="1168" />
<af-end id="4607" timestamp="2019-07-02T20:42:34.995" threadId="00000000022F6088" success="true" from="nursery"/>
<exclusive-end id="4608" timestamp="2019-07-02T20:42:34.995" durationms="1.318" />

<exclusive-start id="4609" timestamp="2019-07-02T20:42:34.997" intervalms="3.157">
  <response-info timems="0.023" idlems="0.023" threads="0" lastid="00000000022F5700" lastname="main" />
</exclusive-start>
<af-start id="4610" threadId="00000000022F6088" totalBytesRequested="1168" timestamp="2019-07-02T20:42:34.997" intervalms="3.145" type="nursery" />
<cycle-start id="4611" type="scavenge" contextid="0" timestamp="2019-07-02T20:42:34.997" intervalms="3.098" />
  <attribute name="GC Util" value="15" />
  <attribute name="CPU Util" value="6178758076152" />
  <attribute name="Time Running"value="16094"/>
  <attribute name="Number of cores"value="4"/>
<gc-start id="4612" type="scavenge" contextid="4611" timestamp="2019-07-02T20:42:34.997">
  <mem-info id="4613" free="7542488" total="44826624" percent="16">
    <mem type="nursery" free="0" total="18612224" percent="0">
      <mem type="allocate" free="0" total="16711680" percent="0" />
      <mem type="survivor" free="0" total="1900544" percent="0" />
    </mem>
    <mem type="tenure" free="7542488" total="26214400" percent="28">
      <mem type="soa" free="6231768" total="24903680" percent="25" />
      <mem type="loa" free="1310720" total="1310720" percent="100" />
    </mem>
    <remembered-set count="97" />
  </mem-info>
</gc-start>
<allocation-stats totalBytes="16603760" >
  <allocated-bytes non-tlh="1168" tlh="16602592" />
  <largest-consumer threadName="main" threadId="00000000022F5700" bytes="16603760" />
</allocation-stats>
<gc-op id="4614" type="scavenge" timems="0.190" contextid="4611" timestamp="2019-07-02T20:42:34.997">
  <scavenger-info tenureage="2" tenuremask="fff4" tiltratio="89" />
  <memory-copied type="nursery" objects="1" bytes="24" bytesdiscarded="39144" />
</gc-op>
<gc-end id="4615" type="scavenge" contextid="4611" durationms="0.357" usertimems="0.000" systemtimems="0.000" timestamp="2019-07-02T20:42:34.998" activeThreads="4">
  <mem-info id="4616" free="24215000" total="44826624" percent="54">
    <mem type="nursery" free="16672512" total="18612224" percent="89">
      <mem type="allocate" free="16672512" total="16711680" percent="99" />
      <mem type="survivor" free="0" total="1900544" percent="0" />
    </mem>
    <mem type="tenure" free="7542488" total="26214400" percent="28">
      <mem type="soa" free="6231768" total="24903680" percent="25" />
      <mem type="loa" free="1310720" total="1310720" percent="100" />
    </mem>
    <remembered-set count="97" />
  </mem-info>
</gc-end>
<cycle-end id="4617" type="scavenge" contextid="4611" timestamp="2019-07-02T20:42:34.998">
  <attribute name="GC Util" value="16" />
  <attribute name="CPU Util" value="6191830249756" />
  <attribute name="Time Running"value="16097"/>
  <attribute name="Number of cores"value="4"/>
</cycle-end>
<allocation-satisfied id="4618" threadId="00000000022F5700" bytesRequested="1168" />
<af-end id="4619" timestamp="2019-07-02T20:42:34.998" threadId="00000000022F6088" success="true" from="nursery"/>
<exclusive-end id="4620" timestamp="2019-07-02T20:42:34.998" durationms="1.024" />

<exclusive-start id="4621" timestamp="2019-07-02T20:42:35.000" intervalms="2.952">
  <response-info timems="0.028" idlems="0.028" threads="0" lastid="00000000022F5700" lastname="main" />
</exclusive-start>
<af-start id="4622" threadId="00000000022F6088" totalBytesRequested="1168" timestamp="2019-07-02T20:42:35.000" intervalms="2.959" type="nursery" />
<cycle-start id="4623" type="scavenge" contextid="0" timestamp="2019-07-02T20:42:35.000" intervalms="2.976" />
  <attribute name="GC Util" value="16" />
  <attribute name="CPU Util" value="6191830249756" />
  <attribute name="Time Running"value="16097"/>
  <attribute name="Number of cores"value="4"/>
<gc-start id="4624" type="scavenge" contextid="4623" timestamp="2019-07-02T20:42:35.000">
  <mem-info id="4625" free="7542488" total="44826624" percent="16">
    <mem type="nursery" free="0" total="18612224" percent="0">
      <mem type="allocate" free="0" total="16711680" percent="0" />
      <mem type="survivor" free="0" total="1900544" percent="0" />
    </mem>
    <mem type="tenure" free="7542488" total="26214400" percent="28">
      <mem type="soa" free="6231768" total="24903680" percent="25" />
      <mem type="loa" free="1310720" total="1310720" percent="100" />
    </mem>
    <remembered-set count="97" />
  </mem-info>
</gc-start>
<allocation-stats totalBytes="16569088" >
  <allocated-bytes non-tlh="1168" tlh="16567920" />
  <largest-consumer threadName="main" threadId="00000000022F5700" bytes="16569088" />
</allocation-stats>
<gc-op id="4626" type="scavenge" timems="0.206" contextid="4623" timestamp="2019-07-02T20:42:35.001">
  <scavenger-info tenureage="2" tenuremask="fffc" tiltratio="89" />
  <memory-copied type="nursery" objects="1" bytes="24" bytesdiscarded="39144" />
</gc-op>
<gc-end id="4627" type="scavenge" contextid="4623" durationms="0.450" usertimems="0.000" systemtimems="0.000" timestamp="2019-07-02T20:42:35.001" activeThreads="4">
  <mem-info id="4628" free="24215000" total="44826624" percent="54">
    <mem type="nursery" free="16672512" total="18612224" percent="89">
      <mem type="allocate" free="16672512" total="16711680" percent="99" />
      <mem type="survivor" free="0" total="1900544" percent="0" />
    </mem>
    <mem type="tenure" free="7542488" total="26214400" percent="28">
      <mem type="soa" free="6231768" total="24903680" percent="25" />
      <mem type="loa" free="1310720" total="1310720" percent="100" />
    </mem>
    <remembered-set count="97" />
  </mem-info>
</gc-end>
<cycle-end id="4629" type="scavenge" contextid="4623" timestamp="2019-07-02T20:42:35.001">
  <attribute name="GC Util" value="14" />
  <attribute name="CPU Util" value="5981209533895" />
  <attribute name="Time Running"value="16101"/>
  <attribute name="Number of cores"value="4"/>
</cycle-end>
<allocation-satisfied id="4630" threadId="00000000022F5700" bytesRequested="1168" />
<af-end id="4631" timestamp="2019-07-02T20:42:35.001" threadId="00000000022F6088" success="true" from="nursery"/>
<exclusive-end id="4632" timestamp="2019-07-02T20:42:35.001" durationms="1.181" />

<exclusive-start id="4633" timestamp="2019-07-02T20:42:35.003" intervalms="3.159">
  <response-info timems="0.128" idlems="0.128" threads="0" lastid="00000000022F5700" lastname="main" />
</exclusive-start>
<af-start id="4634" threadId="00000000022F6088" totalBytesRequested="1168" timestamp="2019-07-02T20:42:35.003" intervalms="3.168" type="nursery" />
<cycle-start id="4635" type="scavenge" contextid="0" timestamp="2019-07-02T20:42:35.003" intervalms="3.203" />
  <attribute name="GC Util" value="14" />
  <attribute name="CPU Util" value="5981209533895" />
  <attribute name="Time Running"value="16101"/>
  <attribute name="Number of cores"value="4"/>
<gc-start id="4636" type="scavenge" contextid="4635" timestamp="2019-07-02T20:42:35.003">
  <mem-info id="4637" free="7542488" total="44826624" percent="16">
    <mem type="nursery" free="0" total="18612224" percent="0">
      <mem type="allocate" free="0" total="16711680" percent="0" />
      <mem type="survivor" free="0" total="1900544" percent="0" />
    </mem>
    <mem type="tenure" free="7542488" total="26214400" percent="28">
      <mem type="soa" free="6231768" total="24903680" percent="25" />
      <mem type="loa" free="1310720" total="1310720" percent="100" />
    </mem>
    <remembered-set count="97" />
  </mem-info>
</gc-start>
<allocation-stats totalBytes="16569088" >
  <allocated-bytes non-tlh="1168" tlh="16567920" />
  <largest-consumer threadName="main" threadId="00000000022F5700" bytes="16569088" />
</allocation-stats>
<gc-op id="4638" type="scavenge" timems="0.199" contextid="4635" timestamp="2019-07-02T20:42:35.004">
  <scavenger-info tenureage="3" tenuremask="fff8" tiltratio="89" />
  <memory-copied type="nursery" objects="1" bytes="24" bytesdiscarded="39144" />
</gc-op>
<gc-end id="4639" type="scavenge" contextid="4635" durationms="0.561" usertimems="0.000" systemtimems="0.000" timestamp="2019-07-02T20:42:35.004" activeThreads="4">
  <mem-info id="4640" free="24215000" total="44826624" percent="54">
    <mem type="nursery" free="16672512" total="18612224" percent="89">
      <mem type="allocate" free="16672512" total="16711680" percent="99" />
      <mem type="survivor" free="0" total="1900544" percent="0" />
    </mem>
    <mem type="tenure" free="7542488" total="26214400" percent="28">
      <mem type="soa" free="6231768" total="24903680" percent="25" />
      <mem type="loa" free="1310720" total="1310720" percent="100" />
    </mem>
    <remembered-set count="97" />
  </mem-info>
</gc-end>
<cycle-end id="4641" type="scavenge" contextid="4635" timestamp="2019-07-02T20:42:35.004">
  <attribute name="GC Util" value="14" />
  <attribute name="CPU Util" value="5743775551171" />
  <attribute name="Time Running"value="16104"/>
  <attribute name="Number of cores"value="4"/>
</cycle-end>
<allocation-satisfied id="4642" threadId="00000000022F5700" bytesRequested="1168" />
<af-end id="4643" timestamp="2019-07-02T20:42:35.004" threadId="00000000022F6088" success="true" from="nursery"/>
<exclusive-end id="4644" timestamp="2019-07-02T20:42:35.004" durationms="1.318" />

<exclusive-start id="4645" timestamp="2019-07-02T20:42:35.006" intervalms="3.315">
  <response-info timems="0.128" idlems="0.128" threads="0" lastid="00000000022F5700" lastname="main" />
</exclusive-start>
<af-start id="4646" threadId="00000000022F6088" totalBytesRequested="1168" timestamp="2019-07-02T20:42:35.006" intervalms="3.268" type="nursery" />
<cycle-start id="4647" type="scavenge" contextid="0" timestamp="2019-07-02T20:42:35.007" intervalms="3.269" />
  <attribute name="GC Util" value="14" />
  <attribute name="CPU Util" value="5743775551171" />
  <attribute name="Time Running"value="16104"/>
  <attribute name="Number of cores"value="4"/>
<gc-start id="4648" type="scavenge" contextid="4647" timestamp="2019-07-02T20:42:35.007">
  <mem-info id="4649" free="7542488" total="44826624" percent="16">
    <mem type="nursery" free="0" total="18612224" percent="0">
      <mem type="allocate" free="0" total="16711680" percent="0" />
      <mem type="survivor" free="0" total="1900544" percent="0" />
    </mem>
    <mem type="tenure" free="7542488" total="26214400" percent="28">
      <mem type="soa" free="6231768" total="24903680" percent="25" />
      <mem type="loa" free="1310720" total="1310720" percent="100" />
    </mem>
    <remembered-set count="97" />
  </mem-info>
</gc-start>
<allocation-stats totalBytes="16569088" >
  <allocated-bytes non-tlh="1168" tlh="16567920" />
  <largest-consumer threadName="main" threadId="00000000022F5700" bytes="16569088" />
</allocation-stats>
<gc-op id="4650" type="scavenge" timems="0.203" contextid="4647" timestamp="2019-07-02T20:42:35.007">
  <scavenger-info tenureage="3" tenuremask="fff8" tiltratio="89" />
  <memory-copied type="nursery" objects="1" bytes="24" bytesdiscarded="39144" />
</gc-op>
<gc-end id="4651" type="scavenge" contextid="4647" durationms="0.617" usertimems="0.000" systemtimems="0.000" timestamp="2019-07-02T20:42:35.007" activeThreads="4">
  <mem-info id="4652" free="24215000" total="44826624" percent="54">
    <mem type="nursery" free="16672512" total="18612224" percent="89">
      <mem type="allocate" free="16672512" total="16711680" percent="99" />
      <mem type="survivor" free="0" total="1900544" percent="0" />
    </mem>
    <mem type="tenure" free="7542488" total="26214400" percent="28">
      <mem type="soa" free="6231768" total="24903680" percent="25" />
      <mem type="loa" free="1310720" total="1310720" percent="100" />
    </mem>
    <remembered-set count="97" />
  </mem-info>
</gc-end>
<cycle-end id="4653" type="scavenge" contextid="4647" timestamp="2019-07-02T20:42:35.007">
  <attribute name="GC Util" value="13" />
  <attribute name="CPU Util" value="5475946414639" />
  <attribute name="Time Running"value="16107"/>
  <attribute name="Number of cores"value="4"/>
</cycle-end>
<allocation-satisfied id="4654" threadId="00000000022F5700" bytesRequested="1168" />
<af-end id="4655" timestamp="2019-07-02T20:42:35.008" threadId="00000000022F6088" success="true" from="nursery"/>
<exclusive-end id="4656" timestamp="2019-07-02T20:42:35.008" durationms="1.336" />

<exclusive-start id="4657" timestamp="2019-07-02T20:42:35.010" intervalms="3.213">
  <response-info timems="0.024" idlems="0.024" threads="0" lastid="00000000022F5700" lastname="main" />
</exclusive-start>
<af-start id="4658" threadId="00000000022F6088" totalBytesRequested="1168" timestamp="2019-07-02T20:42:35.010" intervalms="3.212" type="nursery" />
<cycle-start id="4659" type="scavenge" contextid="0" timestamp="2019-07-02T20:42:35.010" intervalms="3.210" />
  <attribute name="GC Util" value="13" />
  <attribute name="CPU Util" value="5475946414639" />
  <attribute name="Time Running"value="16107"/>
  <attribute name="Number of cores"value="4"/>
<gc-start id="4660" type="scavenge" contextid="4659" timestamp="2019-07-02T20:42:35.010">
  <mem-info id="4661" free="7542488" total="44826624" percent="16">
    <mem type="nursery" free="0" total="18612224" percent="0">
      <mem type="allocate" free="0" total="16711680" percent="0" />
      <mem type="survivor" free="0" total="1900544" percent="0" />
    </mem>
    <mem type="tenure" free="7542488" total="26214400" percent="28">
      <mem type="soa" free="6231768" total="24903680" percent="25" />
      <mem type="loa" free="1310720" total="1310720" percent="100" />
    </mem>
    <remembered-set count="97" />
  </mem-info>
</gc-start>
<allocation-stats totalBytes="16567872" >
  <allocated-bytes non-tlh="1168" tlh="16566704" />
  <largest-consumer threadName="main" threadId="00000000022F5700" bytes="16567872" />
</allocation-stats>
<gc-op id="4662" type="scavenge" timems="0.206" contextid="4659" timestamp="2019-07-02T20:42:35.010">
  <scavenger-info tenureage="3" tenuremask="fff8" tiltratio="89" />
  <memory-copied type="nursery" objects="1" bytes="24" bytesdiscarded="39144" />
</gc-op>
<gc-end id="4663" type="scavenge" contextid="4659" durationms="0.594" usertimems="0.000" systemtimems="0.000" timestamp="2019-07-02T20:42:35.010" activeThreads="4">
  <mem-info id="4664" free="24215000" total="44826624" percent="54">
    <mem type="nursery" free="16672512" total="18612224" percent="89">
      <mem type="allocate" free="16672512" total="16711680" percent="99" />
      <mem type="survivor" free="0" total="1900544" percent="0" />
    </mem>
    <mem type="tenure" free="7542488" total="26214400" percent="28">
      <mem type="soa" free="6231768" total="24903680" percent="25" />
      <mem type="loa" free="1310720" total="1310720" percent="100" />
    </mem>
    <remembered-set count="97" />
  </mem-info>
</gc-end>
<cycle-end id="4665" type="scavenge" contextid="4659" timestamp="2019-07-02T20:42:35.011">
  <attribute name="GC Util" value="14" />
  <attribute name="CPU Util" value="5827154729168" />
  <attribute name="Time Running"value="16110"/>
  <attribute name="Number of cores"value="4"/>
</cycle-end>
<allocation-satisfied id="4666" threadId="00000000022F5700" bytesRequested="1168" />
<af-end id="4667" timestamp="2019-07-02T20:42:35.011" threadId="00000000022F6088" success="true" from="nursery"/>
<exclusive-end id="4668" timestamp="2019-07-02T20:42:35.011" durationms="1.317" />

<exclusive-start id="4669" timestamp="2019-07-02T20:42:35.013" intervalms="3.206">
  <response-info timems="0.026" idlems="0.026" threads="0" lastid="00000000022F5700" lastname="main" />
</exclusive-start>
<af-start id="4670" threadId="00000000022F6088" totalBytesRequested="1168" timestamp="2019-07-02T20:42:35.013" intervalms="3.204" type="nursery" />
<cycle-start id="4671" type="scavenge" contextid="0" timestamp="2019-07-02T20:42:35.013" intervalms="3.116" />
  <attribute name="GC Util" value="14" />
  <attribute name="CPU Util" value="5827154729168" />
  <attribute name="Time Running"value="16110"/>
  <attribute name="Number of cores"value="4"/>
<gc-start id="4672" type="scavenge" contextid="4671" timestamp="2019-07-02T20:42:35.013">
  <mem-info id="4673" free="7542488" total="44826624" percent="16">
    <mem type="nursery" free="0" total="18612224" percent="0">
      <mem type="allocate" free="0" total="16711680" percent="0" />
      <mem type="survivor" free="0" total="1900544" percent="0" />
    </mem>
    <mem type="tenure" free="7542488" total="26214400" percent="28">
      <mem type="soa" free="6231768" total="24903680" percent="25" />
      <mem type="loa" free="1310720" total="1310720" percent="100" />
    </mem>
    <remembered-set count="97" />
  </mem-info>
</gc-start>
<allocation-stats totalBytes="16567848" >
  <allocated-bytes non-tlh="1168" tlh="16566680" />
  <largest-consumer threadName="main" threadId="00000000022F5700" bytes="16567848" />
</allocation-stats>
<gc-op id="4674" type="scavenge" timems="0.199" contextid="4671" timestamp="2019-07-02T20:42:35.013">
  <scavenger-info tenureage="3" tenuremask="fff8" tiltratio="89" />
  <memory-copied type="nursery" objects="1" bytes="24" bytesdiscarded="39144" />
</gc-op>
<gc-end id="4675" type="scavenge" contextid="4671" durationms="0.351" usertimems="0.000" systemtimems="0.000" timestamp="2019-07-02T20:42:35.013" activeThreads="4">
  <mem-info id="4676" free="24215000" total="44826624" percent="54">
    <mem type="nursery" free="16672512" total="18612224" percent="89">
      <mem type="allocate" free="16672512" total="16711680" percent="99" />
      <mem type="survivor" free="0" total="1900544" percent="0" />
    </mem>
    <mem type="tenure" free="7542488" total="26214400" percent="28">
      <mem type="soa" free="6231768" total="24903680" percent="25" />
      <mem type="loa" free="1310720" total="1310720" percent="100" />
    </mem>
    <remembered-set count="97" />
  </mem-info>
</gc-end>
<cycle-end id="4677" type="scavenge" contextid="4671" timestamp="2019-07-02T20:42:35.013">
  <attribute name="GC Util" value="15" />
  <attribute name="CPU Util" value="6272354613341" />
  <attribute name="Time Running"value="16113"/>
  <attribute name="Number of cores"value="4"/>
</cycle-end>
<allocation-satisfied id="4678" threadId="00000000022F5700" bytesRequested="1168" />
<af-end id="4679" timestamp="2019-07-02T20:42:35.013" threadId="00000000022F6088" success="true" from="nursery"/>
<exclusive-end id="4680" timestamp="2019-07-02T20:42:35.014" durationms="0.781" />

<exclusive-start id="4681" timestamp="2019-07-02T20:42:35.015" intervalms="2.682">
  <response-info timems="0.049" idlems="0.049" threads="0" lastid="00000000022F5700" lastname="main" />
</exclusive-start>
<af-start id="4682" threadId="00000000022F6088" totalBytesRequested="1168" timestamp="2019-07-02T20:42:35.015" intervalms="2.685" type="nursery" />
<cycle-start id="4683" type="scavenge" contextid="0" timestamp="2019-07-02T20:42:35.016" intervalms="2.677" />
  <attribute name="GC Util" value="15" />
  <attribute name="CPU Util" value="6272354613341" />
  <attribute name="Time Running"value="16113"/>
  <attribute name="Number of cores"value="4"/>
<gc-start id="4684" type="scavenge" contextid="4683" timestamp="2019-07-02T20:42:35.016">
  <mem-info id="4685" free="7542488" total="44826624" percent="16">
    <mem type="nursery" free="0" total="18612224" percent="0">
      <mem type="allocate" free="0" total="16711680" percent="0" />
      <mem type="survivor" free="0" total="1900544" percent="0" />
    </mem>
    <mem type="tenure" free="7542488" total="26214400" percent="28">
      <mem type="soa" free="6231768" total="24903680" percent="25" />
      <mem type="loa" free="1310720" total="1310720" percent="100" />
    </mem>
    <remembered-set count="97" />
  </mem-info>
</gc-start>
<allocation-stats totalBytes="16567848" >
  <allocated-bytes non-tlh="1168" tlh="16566680" />
  <largest-consumer threadName="main" threadId="00000000022F5700" bytes="16567848" />
</allocation-stats>
<gc-op id="4686" type="scavenge" timems="0.175" contextid="4683" timestamp="2019-07-02T20:42:35.016">
  <scavenger-info tenureage="3" tenuremask="fff8" tiltratio="89" />
  <memory-copied type="nursery" objects="1" bytes="24" bytesdiscarded="39144" />
</gc-op>
<gc-end id="4687" type="scavenge" contextid="4683" durationms="0.346" usertimems="0.000" systemtimems="0.000" timestamp="2019-07-02T20:42:35.016" activeThreads="4">
  <mem-info id="4688" free="24215000" total="44826624" percent="54">
    <mem type="nursery" free="16672512" total="18612224" percent="89">
      <mem type="allocate" free="16672512" total="16711680" percent="99" />
      <mem type="survivor" free="0" total="1900544" percent="0" />
    </mem>
    <mem type="tenure" free="7542488" total="26214400" percent="28">
      <mem type="soa" free="6231768" total="24903680" percent="25" />
      <mem type="loa" free="1310720" total="1310720" percent="100" />
    </mem>
    <remembered-set count="97" />
  </mem-info>
</gc-end>
<cycle-end id="4689" type="scavenge" contextid="4683" timestamp="2019-07-02T20:42:35.016">
  <attribute name="GC Util" value="18" />
  <attribute name="CPU Util" value="6887371790171" />
  <attribute name="Time Running"value="16116"/>
  <attribute name="Number of cores"value="4"/>
</cycle-end>
<allocation-satisfied id="4690" threadId="00000000022F5700" bytesRequested="1168" />
<af-end id="4691" timestamp="2019-07-02T20:42:35.016" threadId="00000000022F6088" success="true" from="nursery"/>
<exclusive-end id="4692" timestamp="2019-07-02T20:42:35.016" durationms="0.768" />

<exclusive-start id="4693" timestamp="2019-07-02T20:42:35.018" intervalms="2.656">
  <response-info timems="0.024" idlems="0.024" threads="0" lastid="00000000022F5700" lastname="main" />
</exclusive-start>
<af-start id="4694" threadId="00000000022F6088" totalBytesRequested="1168" timestamp="2019-07-02T20:42:35.018" intervalms="2.659" type="nursery" />
<cycle-start id="4695" type="scavenge" contextid="0" timestamp="2019-07-02T20:42:35.018" intervalms="2.744" />
  <attribute name="GC Util" value="18" />
  <attribute name="CPU Util" value="6887371790171" />
  <attribute name="Time Running"value="16116"/>
  <attribute name="Number of cores"value="4"/>
<gc-start id="4696" type="scavenge" contextid="4695" timestamp="2019-07-02T20:42:35.018">
  <mem-info id="4697" free="7542488" total="44826624" percent="16">
    <mem type="nursery" free="0" total="18612224" percent="0">
      <mem type="allocate" free="0" total="16711680" percent="0" />
      <mem type="survivor" free="0" total="1900544" percent="0" />
    </mem>
    <mem type="tenure" free="7542488" total="26214400" percent="28">
      <mem type="soa" free="6231768" total="24903680" percent="25" />
      <mem type="loa" free="1310720" total="1310720" percent="100" />
    </mem>
    <remembered-set count="97" />
  </mem-info>
</gc-start>
<allocation-stats totalBytes="16567848" >
  <allocated-bytes non-tlh="1168" tlh="16566680" />
  <largest-consumer threadName="main" threadId="00000000022F5700" bytes="16567848" />
</allocation-stats>
<gc-op id="4698" type="scavenge" timems="0.203" contextid="4695" timestamp="2019-07-02T20:42:35.019">
  <scavenger-info tenureage="3" tenuremask="fff8" tiltratio="89" />
  <memory-copied type="nursery" objects="1" bytes="24" bytesdiscarded="39144" />
</gc-op>
<gc-end id="4699" type="scavenge" contextid="4695" durationms="0.410" usertimems="0.000" systemtimems="0.000" timestamp="2019-07-02T20:42:35.019" activeThreads="4">
  <mem-info id="4700" free="24215000" total="44826624" percent="54">
    <mem type="nursery" free="16672512" total="18612224" percent="89">
      <mem type="allocate" free="16672512" total="16711680" percent="99" />
      <mem type="survivor" free="0" total="1900544" percent="0" />
    </mem>
    <mem type="tenure" free="7542488" total="26214400" percent="28">
      <mem type="soa" free="6231768" total="24903680" percent="25" />
      <mem type="loa" free="1310720" total="1310720" percent="100" />
    </mem>
    <remembered-set count="97" />
  </mem-info>
</gc-end>
<cycle-end id="4701" type="scavenge" contextid="4695" timestamp="2019-07-02T20:42:35.019">
  <attribute name="GC Util" value="16" />
  <attribute name="CPU Util" value="6728837271848" />
  <attribute name="Time Running"value="16119"/>
  <attribute name="Number of cores"value="4"/>
</cycle-end>
<allocation-satisfied id="4702" threadId="00000000022F5700" bytesRequested="1168" />
<af-end id="4703" timestamp="2019-07-02T20:42:35.019" threadId="00000000022F6088" success="true" from="nursery"/>
<exclusive-end id="4704" timestamp="2019-07-02T20:42:35.019" durationms="1.085" />

<exclusive-start id="4705" timestamp="2019-07-02T20:42:35.021" intervalms="2.944">
  <response-info timems="0.032" idlems="0.032" threads="0" lastid="00000000022F5700" lastname="main" />
</exclusive-start>
<af-start id="4706" threadId="00000000022F6088" totalBytesRequested="1168" timestamp="2019-07-02T20:42:35.021" intervalms="2.934" type="nursery" />
<cycle-start id="4707" type="scavenge" contextid="0" timestamp="2019-07-02T20:42:35.021" intervalms="2.849" />
  <attribute name="GC Util" value="16" />
  <attribute name="CPU Util" value="6728837271848" />
  <attribute name="Time Running"value="16119"/>
  <attribute name="Number of cores"value="4"/>
<gc-start id="4708" type="scavenge" contextid="4707" timestamp="2019-07-02T20:42:35.021">
  <mem-info id="4709" free="7542488" total="44826624" percent="16">
    <mem type="nursery" free="0" total="18612224" percent="0">
      <mem type="allocate" free="0" total="16711680" percent="0" />
      <mem type="survivor" free="0" total="1900544" percent="0" />
    </mem>
    <mem type="tenure" free="7542488" total="26214400" percent="28">
      <mem type="soa" free="6231768" total="24903680" percent="25" />
      <mem type="loa" free="1310720" total="1310720" percent="100" />
    </mem>
    <remembered-set count="97" />
  </mem-info>
</gc-start>
<allocation-stats totalBytes="16569088" >
  <allocated-bytes non-tlh="1168" tlh="16567920" />
  <largest-consumer threadName="main" threadId="00000000022F5700" bytes="16569088" />
</allocation-stats>
<gc-op id="4710" type="scavenge" timems="0.171" contextid="4707" timestamp="2019-07-02T20:42:35.021">
  <scavenger-info tenureage="3" tenuremask="fff8" tiltratio="89" />
  <memory-copied type="nursery" objects="1" bytes="24" bytesdiscarded="39144" />
</gc-op>
<gc-end id="4711" type="scavenge" contextid="4707" durationms="0.339" usertimems="0.000" systemtimems="0.000" timestamp="2019-07-02T20:42:35.022" activeThreads="4">
  <mem-info id="4712" free="24215000" total="44826624" percent="54">
    <mem type="nursery" free="16672512" total="18612224" percent="89">
      <mem type="allocate" free="16672512" total="16711680" percent="99" />
      <mem type="survivor" free="0" total="1900544" percent="0" />
    </mem>
    <mem type="tenure" free="7542488" total="26214400" percent="28">
      <mem type="soa" free="6231768" total="24903680" percent="25" />
      <mem type="loa" free="1310720" total="1310720" percent="100" />
    </mem>
    <remembered-set count="97" />
  </mem-info>
</gc-end>
<cycle-end id="4713" type="scavenge" contextid="4707" timestamp="2019-07-02T20:42:35.022">
  <attribute name="GC Util" value="16" />
  <attribute name="CPU Util" value="6454220833673" />
  <attribute name="Time Running"value="16122"/>
  <attribute name="Number of cores"value="4"/>
</cycle-end>
<allocation-satisfied id="4714" threadId="00000000022F5700" bytesRequested="1168" />
<af-end id="4715" timestamp="2019-07-02T20:42:35.022" threadId="00000000022F6088" success="true" from="nursery"/>
<exclusive-end id="4716" timestamp="2019-07-02T20:42:35.022" durationms="1.014" />

<exclusive-start id="4717" timestamp="2019-07-02T20:42:35.024" intervalms="2.908">
  <response-info timems="0.031" idlems="0.031" threads="0" lastid="00000000022F5700" lastname="main" />
</exclusive-start>
<af-start id="4718" threadId="00000000022F6088" totalBytesRequested="1168" timestamp="2019-07-02T20:42:35.024" intervalms="2.947" type="nursery" />
<cycle-start id="4719" type="scavenge" contextid="0" timestamp="2019-07-02T20:42:35.024" intervalms="3.009" />
  <attribute name="GC Util" value="16" />
  <attribute name="CPU Util" value="6454220833673" />
  <attribute name="Time Running"value="16122"/>
  <attribute name="Number of cores"value="4"/>
<gc-start id="4720" type="scavenge" contextid="4719" timestamp="2019-07-02T20:42:35.024">
  <mem-info id="4721" free="7542488" total="44826624" percent="16">
    <mem type="nursery" free="0" total="18612224" percent="0">
      <mem type="allocate" free="0" total="16711680" percent="0" />
      <mem type="survivor" free="0" total="1900544" percent="0" />
    </mem>
    <mem type="tenure" free="7542488" total="26214400" percent="28">
      <mem type="soa" free="6231768" total="24903680" percent="25" />
      <mem type="loa" free="1310720" total="1310720" percent="100" />
    </mem>
    <remembered-set count="97" />
  </mem-info>
</gc-start>
<allocation-stats totalBytes="16569088" >
  <allocated-bytes non-tlh="1168" tlh="16567920" />
  <largest-consumer threadName="main" threadId="00000000022F5700" bytes="16569088" />
</allocation-stats>
<gc-op id="4722" type="scavenge" timems="0.199" contextid="4719" timestamp="2019-07-02T20:42:35.025">
  <scavenger-info tenureage="3" tenuremask="fff8" tiltratio="89" />
  <memory-copied type="nursery" objects="1" bytes="24" bytesdiscarded="39144" />
</gc-op>
<gc-end id="4723" type="scavenge" contextid="4719" durationms="0.367" usertimems="0.000" systemtimems="0.000" timestamp="2019-07-02T20:42:35.025" activeThreads="4">
  <mem-info id="4724" free="24215000" total="44826624" percent="54">
    <mem type="nursery" free="16672512" total="18612224" percent="89">
      <mem type="allocate" free="16672512" total="16711680" percent="99" />
      <mem type="survivor" free="0" total="1900544" percent="0" />
    </mem>
    <mem type="tenure" free="7542488" total="26214400" percent="28">
      <mem type="soa" free="6231768" total="24903680" percent="25" />
      <mem type="loa" free="1310720" total="1310720" percent="100" />
    </mem>
    <remembered-set count="97" />
  </mem-info>
</gc-end>
<cycle-end id="4725" type="scavenge" contextid="4719" timestamp="2019-07-02T20:42:35.025">
  <attribute name="GC Util" value="15" />
  <attribute name="CPU Util" value="6144543855293" />
  <attribute name="Time Running"value="16125"/>
  <attribute name="Number of cores"value="4"/>
</cycle-end>
<allocation-satisfied id="4726" threadId="00000000022F5700" bytesRequested="1168" />
<af-end id="4727" timestamp="2019-07-02T20:42:35.025" threadId="00000000022F6088" success="true" from="nursery"/>
<exclusive-end id="4728" timestamp="2019-07-02T20:42:35.025" durationms="1.160" />

<exclusive-start id="4729" timestamp="2019-07-02T20:42:35.027" intervalms="3.172">
  <response-info timems="0.064" idlems="0.064" threads="0" lastid="00000000022F5700" lastname="main" />
</exclusive-start>
<af-start id="4730" threadId="00000000022F6088" totalBytesRequested="1168" timestamp="2019-07-02T20:42:35.027" intervalms="3.194" type="nursery" />
<cycle-start id="4731" type="scavenge" contextid="0" timestamp="2019-07-02T20:42:35.027" intervalms="3.224" />
  <attribute name="GC Util" value="15" />
  <attribute name="CPU Util" value="6144543855293" />
  <attribute name="Time Running"value="16125"/>
  <attribute name="Number of cores"value="4"/>
<gc-start id="4732" type="scavenge" contextid="4731" timestamp="2019-07-02T20:42:35.027">
  <mem-info id="4733" free="7542488" total="44826624" percent="16">
    <mem type="nursery" free="0" total="18612224" percent="0">
      <mem type="allocate" free="0" total="16711680" percent="0" />
      <mem type="survivor" free="0" total="1900544" percent="0" />
    </mem>
    <mem type="tenure" free="7542488" total="26214400" percent="28">
      <mem type="soa" free="6231768" total="24903680" percent="25" />
      <mem type="loa" free="1310720" total="1310720" percent="100" />
    </mem>
    <remembered-set count="97" />
  </mem-info>
</gc-start>
<allocation-stats totalBytes="16569088" >
  <allocated-bytes non-tlh="1168" tlh="16567920" />
  <largest-consumer threadName="main" threadId="00000000022F5700" bytes="16569088" />
</allocation-stats>
<gc-op id="4734" type="scavenge" timems="0.205" contextid="4731" timestamp="2019-07-02T20:42:35.028">
  <scavenger-info tenureage="3" tenuremask="fff8" tiltratio="89" />
  <memory-copied type="nursery" objects="1" bytes="24" bytesdiscarded="39144" />
</gc-op>
<gc-end id="4735" type="scavenge" contextid="4731" durationms="0.429" usertimems="0.000" systemtimems="0.000" timestamp="2019-07-02T20:42:35.028" activeThreads="4">
  <mem-info id="4736" free="24215000" total="44826624" percent="54">
    <mem type="nursery" free="16672512" total="18612224" percent="89">
      <mem type="allocate" free="16672512" total="16711680" percent="99" />
      <mem type="survivor" free="0" total="1900544" percent="0" />
    </mem>
    <mem type="tenure" free="7542488" total="26214400" percent="28">
      <mem type="soa" free="6231768" total="24903680" percent="25" />
      <mem type="loa" free="1310720" total="1310720" percent="100" />
    </mem>
    <remembered-set count="97" />
  </mem-info>
</gc-end>
<cycle-end id="4737" type="scavenge" contextid="4731" timestamp="2019-07-02T20:42:35.028">
  <attribute name="GC Util" value="14" />
  <attribute name="CPU Util" value="5629903274746" />
  <attribute name="Time Running"value="16128"/>
  <attribute name="Number of cores"value="4"/>
</cycle-end>
<allocation-satisfied id="4738" threadId="00000000022F5700" bytesRequested="1168" />
<af-end id="4739" timestamp="2019-07-02T20:42:35.028" threadId="00000000022F6088" success="true" from="nursery"/>
<exclusive-end id="4740" timestamp="2019-07-02T20:42:35.028" durationms="1.276" />

<exclusive-start id="4741" timestamp="2019-07-02T20:42:35.030" intervalms="3.369">
  <response-info timems="0.124" idlems="0.124" threads="0" lastid="00000000022F5700" lastname="main" />
</exclusive-start>
<af-start id="4742" threadId="00000000022F6088" totalBytesRequested="1168" timestamp="2019-07-02T20:42:35.031" intervalms="3.368" type="nursery" />
<cycle-start id="4743" type="scavenge" contextid="0" timestamp="2019-07-02T20:42:35.031" intervalms="3.372" />
  <attribute name="GC Util" value="14" />
  <attribute name="CPU Util" value="5629903274746" />
  <attribute name="Time Running"value="16128"/>
  <attribute name="Number of cores"value="4"/>
<gc-start id="4744" type="scavenge" contextid="4743" timestamp="2019-07-02T20:42:35.031">
  <mem-info id="4745" free="7542488" total="44826624" percent="16">
    <mem type="nursery" free="0" total="18612224" percent="0">
      <mem type="allocate" free="0" total="16711680" percent="0" />
      <mem type="survivor" free="0" total="1900544" percent="0" />
    </mem>
    <mem type="tenure" free="7542488" total="26214400" percent="28">
      <mem type="soa" free="6231768" total="24903680" percent="25" />
      <mem type="loa" free="1310720" total="1310720" percent="100" />
    </mem>
    <remembered-set count="97" />
  </mem-info>
</gc-start>
<allocation-stats totalBytes="16567848" >
  <allocated-bytes non-tlh="1168" tlh="16566680" />
  <largest-consumer threadName="main" threadId="00000000022F5700" bytes="16567848" />
</allocation-stats>
<gc-op id="4746" type="scavenge" timems="0.198" contextid="4743" timestamp="2019-07-02T20:42:35.031">
  <scavenger-info tenureage="3" tenuremask="fff8" tiltratio="89" />
  <memory-copied type="nursery" objects="1" bytes="24" bytesdiscarded="39144" />
</gc-op>
<gc-end id="4747" type="scavenge" contextid="4743" durationms="0.411" usertimems="0.000" systemtimems="0.000" timestamp="2019-07-02T20:42:35.031" activeThreads="4">
  <mem-info id="4748" free="24215000" total="44826624" percent="54">
    <mem type="nursery" free="16672512" total="18612224" percent="89">
      <mem type="allocate" free="16672512" total="16711680" percent="99" />
      <mem type="survivor" free="0" total="1900544" percent="0" />
    </mem>
    <mem type="tenure" free="7542488" total="26214400" percent="28">
      <mem type="soa" free="6231768" total="24903680" percent="25" />
      <mem type="loa" free="1310720" total="1310720" percent="100" />
    </mem>
    <remembered-set count="97" />
  </mem-info>
</gc-end>
<cycle-end id="4749" type="scavenge" contextid="4743" timestamp="2019-07-02T20:42:35.031">
  <attribute name="GC Util" value="14" />
  <attribute name="CPU Util" value="5546698522174" />
  <attribute name="Time Running"value="16131"/>
  <attribute name="Number of cores"value="4"/>
</cycle-end>
<allocation-satisfied id="4750" threadId="00000000022F5700" bytesRequested="1168" />
<af-end id="4751" timestamp="2019-07-02T20:42:35.032" threadId="00000000022F6088" success="true" from="nursery"/>
<exclusive-end id="4752" timestamp="2019-07-02T20:42:35.032" durationms="1.217" />

<exclusive-start id="4753" timestamp="2019-07-02T20:42:35.034" intervalms="3.211">
  <response-info timems="0.063" idlems="0.063" threads="0" lastid="00000000022F5700" lastname="main" />
</exclusive-start>
<af-start id="4754" threadId="00000000022F6088" totalBytesRequested="1168" timestamp="2019-07-02T20:42:35.034" intervalms="3.217" type="nursery" />
<cycle-start id="4755" type="scavenge" contextid="0" timestamp="2019-07-02T20:42:35.034" intervalms="3.211" />
  <attribute name="GC Util" value="14" />
  <attribute name="CPU Util" value="5546698522174" />
  <attribute name="Time Running"value="16131"/>
  <attribute name="Number of cores"value="4"/>
<gc-start id="4756" type="scavenge" contextid="4755" timestamp="2019-07-02T20:42:35.034">
  <mem-info id="4757" free="7542488" total="44826624" percent="16">
    <mem type="nursery" free="0" total="18612224" percent="0">
      <mem type="allocate" free="0" total="16711680" percent="0" />
      <mem type="survivor" free="0" total="1900544" percent="0" />
    </mem>
    <mem type="tenure" free="7542488" total="26214400" percent="28">
      <mem type="soa" free="6231768" total="24903680" percent="25" />
      <mem type="loa" free="1310720" total="1310720" percent="100" />
    </mem>
    <remembered-set count="97" />
  </mem-info>
</gc-start>
<allocation-stats totalBytes="16567872" >
  <allocated-bytes non-tlh="1168" tlh="16566704" />
  <largest-consumer threadName="main" threadId="00000000022F5700" bytes="16567872" />
</allocation-stats>
<gc-op id="4758" type="scavenge" timems="0.196" contextid="4755" timestamp="2019-07-02T20:42:35.034">
  <scavenger-info tenureage="3" tenuremask="fff8" tiltratio="89" />
  <memory-copied type="nursery" objects="1" bytes="24" bytesdiscarded="39144" />
</gc-op>
<gc-end id="4759" type="scavenge" contextid="4755" durationms="0.511" usertimems="0.000" systemtimems="0.000" timestamp="2019-07-02T20:42:35.035" activeThreads="4">
  <mem-info id="4760" free="24215000" total="44826624" percent="54">
    <mem type="nursery" free="16672512" total="18612224" percent="89">
      <mem type="allocate" free="16672512" total="16711680" percent="99" />
      <mem type="survivor" free="0" total="1900544" percent="0" />
    </mem>
    <mem type="tenure" free="7542488" total="26214400" percent="28">
      <mem type="soa" free="6231768" total="24903680" percent="25" />
      <mem type="loa" free="1310720" total="1310720" percent="100" />
    </mem>
    <remembered-set count="97" />
  </mem-info>
</gc-end>
<cycle-end id="4761" type="scavenge" contextid="4755" timestamp="2019-07-02T20:42:35.035">
  <attribute name="GC Util" value="14" />
  <attribute name="CPU Util" value="5524316982059" />
  <attribute name="Time Running"value="16134"/>
  <attribute name="Number of cores"value="4"/>
</cycle-end>
<allocation-satisfied id="4762" threadId="00000000022F5700" bytesRequested="1168" />
<af-end id="4763" timestamp="2019-07-02T20:42:35.035" threadId="00000000022F6088" success="true" from="nursery"/>
<exclusive-end id="4764" timestamp="2019-07-02T20:42:35.035" durationms="1.252" />

<exclusive-start id="4765" timestamp="2019-07-02T20:42:35.037" intervalms="3.290">
  <response-info timems="0.102" idlems="0.102" threads="0" lastid="00000000022F5700" lastname="main" />
</exclusive-start>
<af-start id="4766" threadId="00000000022F6088" totalBytesRequested="1168" timestamp="2019-07-02T20:42:35.037" intervalms="3.266" type="nursery" />
<cycle-start id="4767" type="scavenge" contextid="0" timestamp="2019-07-02T20:42:35.037" intervalms="3.203" />
  <attribute name="GC Util" value="14" />
  <attribute name="CPU Util" value="5524316982059" />
  <attribute name="Time Running"value="16134"/>
  <attribute name="Number of cores"value="4"/>
<gc-start id="4768" type="scavenge" contextid="4767" timestamp="2019-07-02T20:42:35.037">
  <mem-info id="4769" free="7542488" total="44826624" percent="16">
    <mem type="nursery" free="0" total="18612224" percent="0">
      <mem type="allocate" free="0" total="16711680" percent="0" />
      <mem type="survivor" free="0" total="1900544" percent="0" />
    </mem>
    <mem type="tenure" free="7542488" total="26214400" percent="28">
      <mem type="soa" free="6231768" total="24903680" percent="25" />
      <mem type="loa" free="1310720" total="1310720" percent="100" />
    </mem>
    <remembered-set count="97" />
  </mem-info>
</gc-start>
<allocation-stats totalBytes="16567848" >
  <allocated-bytes non-tlh="1168" tlh="16566680" />
  <largest-consumer threadName="main" threadId="00000000022F5700" bytes="16567848" />
</allocation-stats>
<gc-op id="4770" type="scavenge" timems="0.216" contextid="4767" timestamp="2019-07-02T20:42:35.038">
  <scavenger-info tenureage="8" tenuremask="ff00" tiltratio="89" />
  <memory-copied type="nursery" objects="1" bytes="24" bytesdiscarded="39144" />
</gc-op>
<gc-end id="4771" type="scavenge" contextid="4767" durationms="0.576" usertimems="0.000" systemtimems="0.000" timestamp="2019-07-02T20:42:35.038" activeThreads="4">
  <mem-info id="4772" free="24215000" total="44826624" percent="54">
    <mem type="nursery" free="16672512" total="18612224" percent="89">
      <mem type="allocate" free="16672512" total="16711680" percent="99" />
      <mem type="survivor" free="0" total="1900544" percent="0" />
    </mem>
    <mem type="tenure" free="7542488" total="26214400" percent="28">
      <mem type="soa" free="6231768" total="24903680" percent="25" />
      <mem type="loa" free="1310720" total="1310720" percent="100" />
    </mem>
    <remembered-set count="97" />
  </mem-info>
</gc-end>
<cycle-end id="4773" type="scavenge" contextid="4767" timestamp="2019-07-02T20:42:35.038">
  <attribute name="GC Util" value="14" />
  <attribute name="CPU Util" value="5670196956019" />
  <attribute name="Time Running"value="16138"/>
  <attribute name="Number of cores"value="4"/>
</cycle-end>
<allocation-satisfied id="4774" threadId="00000000022F5700" bytesRequested="1168" />
<af-end id="4775" timestamp="2019-07-02T20:42:35.038" threadId="00000000022F6088" success="true" from="nursery"/>
<exclusive-end id="4776" timestamp="2019-07-02T20:42:35.038" durationms="1.425" />

<exclusive-start id="4777" timestamp="2019-07-02T20:42:35.040" intervalms="3.417">
  <response-info timems="0.060" idlems="0.060" threads="0" lastid="00000000022F5700" lastname="main" />
</exclusive-start>
<af-start id="4778" threadId="00000000022F6088" totalBytesRequested="1168" timestamp="2019-07-02T20:42:35.040" intervalms="3.384" type="nursery" />
<cycle-start id="4779" type="scavenge" contextid="0" timestamp="2019-07-02T20:42:35.041" intervalms="3.358" />
  <attribute name="GC Util" value="14" />
  <attribute name="CPU Util" value="5670196956019" />
  <attribute name="Time Running"value="16138"/>
  <attribute name="Number of cores"value="4"/>
<gc-start id="4780" type="scavenge" contextid="4779" timestamp="2019-07-02T20:42:35.041">
  <mem-info id="4781" free="7542488" total="44826624" percent="16">
    <mem type="nursery" free="0" total="18612224" percent="0">
      <mem type="allocate" free="0" total="16711680" percent="0" />
      <mem type="survivor" free="0" total="1900544" percent="0" />
    </mem>
    <mem type="tenure" free="7542488" total="26214400" percent="28">
      <mem type="soa" free="6231768" total="24903680" percent="25" />
      <mem type="loa" free="1310720" total="1310720" percent="100" />
    </mem>
    <remembered-set count="97" />
  </mem-info>
</gc-start>
<allocation-stats totalBytes="16567848" >
  <allocated-bytes non-tlh="1168" tlh="16566680" />
  <largest-consumer threadName="main" threadId="00000000022F5700" bytes="16567848" />
</allocation-stats>
<gc-op id="4782" type="scavenge" timems="0.205" contextid="4779" timestamp="2019-07-02T20:42:35.041">
  <scavenger-info tenureage="8" tenuremask="ff00" tiltratio="89" />
  <memory-copied type="nursery" objects="1" bytes="24" bytesdiscarded="39144" />
</gc-op>
<gc-end id="4783" type="scavenge" contextid="4779" durationms="0.389" usertimems="0.000" systemtimems="0.000" timestamp="2019-07-02T20:42:35.041" activeThreads="4">
  <mem-info id="4784" free="24215000" total="44826624" percent="54">
    <mem type="nursery" free="16672512" total="18612224" percent="89">
      <mem type="allocate" free="16672512" total="16711680" percent="99" />
      <mem type="survivor" free="0" total="1900544" percent="0" />
    </mem>
    <mem type="tenure" free="7542488" total="26214400" percent="28">
      <mem type="soa" free="6231768" total="24903680" percent="25" />
      <mem type="loa" free="1310720" total="1310720" percent="100" />
    </mem>
    <remembered-set count="97" />
  </mem-info>
</gc-end>
<cycle-end id="4785" type="scavenge" contextid="4779" timestamp="2019-07-02T20:42:35.041">
  <attribute name="GC Util" value="16" />
  <attribute name="CPU Util" value="5764553464256" />
  <attribute name="Time Running"value="16141"/>
  <attribute name="Number of cores"value="4"/>
</cycle-end>
<allocation-satisfied id="4786" threadId="00000000022F5700" bytesRequested="1168" />
<af-end id="4787" timestamp="2019-07-02T20:42:35.041" threadId="00000000022F6088" success="true" from="nursery"/>
<exclusive-end id="4788" timestamp="2019-07-02T20:42:35.041" durationms="1.043" />

<exclusive-start id="4789" timestamp="2019-07-02T20:42:35.043" intervalms="3.043">
  <response-info timems="0.105" idlems="0.105" threads="0" lastid="00000000022F5700" lastname="main" />
</exclusive-start>
<af-start id="4790" threadId="00000000022F6088" totalBytesRequested="1168" timestamp="2019-07-02T20:42:35.044" intervalms="3.070" type="nursery" />
<cycle-start id="4791" type="scavenge" contextid="0" timestamp="2019-07-02T20:42:35.044" intervalms="3.155" />
  <attribute name="GC Util" value="16" />
  <attribute name="CPU Util" value="5764553464256" />
  <attribute name="Time Running"value="16141"/>
  <attribute name="Number of cores"value="4"/>
<gc-start id="4792" type="scavenge" contextid="4791" timestamp="2019-07-02T20:42:35.044">
  <mem-info id="4793" free="7542488" total="44826624" percent="16">
    <mem type="nursery" free="0" total="18612224" percent="0">
      <mem type="allocate" free="0" total="16711680" percent="0" />
      <mem type="survivor" free="0" total="1900544" percent="0" />
    </mem>
    <mem type="tenure" free="7542488" total="26214400" percent="28">
      <mem type="soa" free="6231768" total="24903680" percent="25" />
      <mem type="loa" free="1310720" total="1310720" percent="100" />
    </mem>
    <remembered-set count="97" />
  </mem-info>
</gc-start>
<allocation-stats totalBytes="16569088" >
  <allocated-bytes non-tlh="1168" tlh="16567920" />
  <largest-consumer threadName="main" threadId="00000000022F5700" bytes="16569088" />
</allocation-stats>
<gc-op id="4794" type="scavenge" timems="0.213" contextid="4791" timestamp="2019-07-02T20:42:35.044">
  <scavenger-info tenureage="8" tenuremask="ff00" tiltratio="89" />
  <memory-copied type="nursery" objects="1" bytes="24" bytesdiscarded="39144" />
</gc-op>
<gc-end id="4795" type="scavenge" contextid="4791" durationms="0.416" usertimems="0.000" systemtimems="0.000" timestamp="2019-07-02T20:42:35.044" activeThreads="4">
  <mem-info id="4796" free="24215000" total="44826624" percent="54">
    <mem type="nursery" free="16672512" total="18612224" percent="89">
      <mem type="allocate" free="16672512" total="16711680" percent="99" />
      <mem type="survivor" free="0" total="1900544" percent="0" />
    </mem>
    <mem type="tenure" free="7542488" total="26214400" percent="28">
      <mem type="soa" free="6231768" total="24903680" percent="25" />
      <mem type="loa" free="1310720" total="1310720" percent="100" />
    </mem>
    <remembered-set count="97" />
  </mem-info>
</gc-end>
<cycle-end id="4797" type="scavenge" contextid="4791" timestamp="2019-07-02T20:42:35.044">
  <attribute name="GC Util" value="15" />
  <attribute name="CPU Util" value="5755054117094" />
  <attribute name="Time Running"value="16144"/>
  <attribute name="Number of cores"value="4"/>
</cycle-end>
<allocation-satisfied id="4798" threadId="00000000022F5700" bytesRequested="1168" />
<af-end id="4799" timestamp="2019-07-02T20:42:35.045" threadId="00000000022F6088" success="true" from="nursery"/>
<exclusive-end id="4800" timestamp="2019-07-02T20:42:35.045" durationms="1.129" />

<exclusive-start id="4801" timestamp="2019-07-02T20:42:35.047" intervalms="3.130">
  <response-info timems="0.073" idlems="0.073" threads="0" lastid="00000000022F5700" lastname="main" />
</exclusive-start>
<af-start id="4802" threadId="00000000022F6088" totalBytesRequested="1168" timestamp="2019-07-02T20:42:35.047" intervalms="3.145" type="nursery" />
<cycle-start id="4803" type="scavenge" contextid="0" timestamp="2019-07-02T20:42:35.047" intervalms="3.155" />
  <attribute name="GC Util" value="15" />
  <attribute name="CPU Util" value="5755054117094" />
  <attribute name="Time Running"value="16144"/>
  <attribute name="Number of cores"value="4"/>
<gc-start id="4804" type="scavenge" contextid="4803" timestamp="2019-07-02T20:42:35.047">
  <mem-info id="4805" free="7542488" total="44826624" percent="16">
    <mem type="nursery" free="0" total="18612224" percent="0">
      <mem type="allocate" free="0" total="16711680" percent="0" />
      <mem type="survivor" free="0" total="1900544" percent="0" />
    </mem>
    <mem type="tenure" free="7542488" total="26214400" percent="28">
      <mem type="soa" free="6231768" total="24903680" percent="25" />
      <mem type="loa" free="1310720" total="1310720" percent="100" />
    </mem>
    <remembered-set count="97" />
  </mem-info>
</gc-start>
<allocation-stats totalBytes="16569088" >
  <allocated-bytes non-tlh="1168" tlh="16567920" />
  <largest-consumer threadName="main" threadId="00000000022F5700" bytes="16569088" />
</allocation-stats>
<gc-op id="4806" type="scavenge" timems="0.235" contextid="4803" timestamp="2019-07-02T20:42:35.047">
  <scavenger-info tenureage="8" tenuremask="ff00" tiltratio="89" />
  <memory-copied type="nursery" objects="1" bytes="24" bytesdiscarded="39144" />
</gc-op>
<gc-end id="4807" type="scavenge" contextid="4803" durationms="0.630" usertimems="0.000" systemtimems="0.000" timestamp="2019-07-02T20:42:35.048" activeThreads="4">
  <mem-info id="4808" free="24215000" total="44826624" percent="54">
    <mem type="nursery" free="16672512" total="18612224" percent="89">
      <mem type="allocate" free="16672512" total="16711680" percent="99" />
      <mem type="survivor" free="0" total="1900544" percent="0" />
    </mem>
    <mem type="tenure" free="7542488" total="26214400" percent="28">
      <mem type="soa" free="6231768" total="24903680" percent="25" />
      <mem type="loa" free="1310720" total="1310720" percent="100" />
    </mem>
    <remembered-set count="97" />
  </mem-info>
</gc-end>
<cycle-end id="4809" type="scavenge" contextid="4803" timestamp="2019-07-02T20:42:35.048">
  <attribute name="GC Util" value="14" />
  <attribute name="CPU Util" value="5693499259598" />
  <attribute name="Time Running"value="16147"/>
  <attribute name="Number of cores"value="4"/>
</cycle-end>
<allocation-satisfied id="4810" threadId="00000000022F5700" bytesRequested="1168" />
<af-end id="4811" timestamp="2019-07-02T20:42:35.048" threadId="00000000022F6088" success="true" from="nursery"/>
<exclusive-end id="4812" timestamp="2019-07-02T20:42:35.048" durationms="1.397" />

<exclusive-start id="4813" timestamp="2019-07-02T20:42:35.050" intervalms="3.351">
  <response-info timems="0.061" idlems="0.061" threads="0" lastid="00000000022F5700" lastname="main" />
</exclusive-start>
<af-start id="4814" threadId="00000000022F6088" totalBytesRequested="1168" timestamp="2019-07-02T20:42:35.050" intervalms="3.361" type="nursery" />
<cycle-start id="4815" type="scavenge" contextid="0" timestamp="2019-07-02T20:42:35.050" intervalms="3.360" />
  <attribute name="GC Util" value="14" />
  <attribute name="CPU Util" value="5693499259598" />
  <attribute name="Time Running"value="16147"/>
  <attribute name="Number of cores"value="4"/>
<gc-start id="4816" type="scavenge" contextid="4815" timestamp="2019-07-02T20:42:35.050">
  <mem-info id="4817" free="7542488" total="44826624" percent="16">
    <mem type="nursery" free="0" total="18612224" percent="0">
      <mem type="allocate" free="0" total="16711680" percent="0" />
      <mem type="survivor" free="0" total="1900544" percent="0" />
    </mem>
    <mem type="tenure" free="7542488" total="26214400" percent="28">
      <mem type="soa" free="6231768" total="24903680" percent="25" />
      <mem type="loa" free="1310720" total="1310720" percent="100" />
    </mem>
    <remembered-set count="97" />
  </mem-info>
</gc-start>
<allocation-stats totalBytes="16569088" >
  <allocated-bytes non-tlh="1168" tlh="16567920" />
  <largest-consumer threadName="main" threadId="00000000022F5700" bytes="16569088" />
</allocation-stats>
<gc-op id="4818" type="scavenge" timems="0.190" contextid="4815" timestamp="2019-07-02T20:42:35.051">
  <scavenger-info tenureage="8" tenuremask="ff00" tiltratio="89" />
  <memory-copied type="nursery" objects="1" bytes="24" bytesdiscarded="39144" />
</gc-op>
<gc-end id="4819" type="scavenge" contextid="4815" durationms="0.530" usertimems="4.000" systemtimems="0.000" timestamp="2019-07-02T20:42:35.051" activeThreads="4">
  <mem-info id="4820" free="24215000" total="44826624" percent="54">
    <mem type="nursery" free="16672512" total="18612224" percent="89">
      <mem type="allocate" free="16672512" total="16711680" percent="99" />
      <mem type="survivor" free="0" total="1900544" percent="0" />
    </mem>
    <mem type="tenure" free="7542488" total="26214400" percent="28">
      <mem type="soa" free="6231768" total="24903680" percent="25" />
      <mem type="loa" free="1310720" total="1310720" percent="100" />
    </mem>
    <remembered-set count="97" />
  </mem-info>
</gc-end>
<cycle-end id="4821" type="scavenge" contextid="4815" timestamp="2019-07-02T20:42:35.051">
  <attribute name="GC Util" value="15" />
  <attribute name="CPU Util" value="5520240271013" />
  <attribute name="Time Running"value="16151"/>
  <attribute name="Number of cores"value="4"/>
</cycle-end>
<allocation-satisfied id="4822" threadId="00000000022F5700" bytesRequested="1168" />
<af-end id="4823" timestamp="2019-07-02T20:42:35.051" threadId="00000000022F6088" success="true" from="nursery"/>
<exclusive-end id="4824" timestamp="2019-07-02T20:42:35.051" durationms="1.261" />

<exclusive-start id="4825" timestamp="2019-07-02T20:42:35.053" intervalms="3.227">
  <response-info timems="0.048" idlems="0.048" threads="0" lastid="00000000022F5700" lastname="main" />
</exclusive-start>
<af-start id="4826" threadId="00000000022F6088" totalBytesRequested="1168" timestamp="2019-07-02T20:42:35.053" intervalms="3.172" type="nursery" />
<cycle-start id="4827" type="scavenge" contextid="0" timestamp="2019-07-02T20:42:35.053" intervalms="3.119" />
  <attribute name="GC Util" value="15" />
  <attribute name="CPU Util" value="5520240271013" />
  <attribute name="Time Running"value="16151"/>
  <attribute name="Number of cores"value="4"/>
<gc-start id="4828" type="scavenge" contextid="4827" timestamp="2019-07-02T20:42:35.053">
  <mem-info id="4829" free="7542488" total="44826624" percent="16">
    <mem type="nursery" free="0" total="18612224" percent="0">
      <mem type="allocate" free="0" total="16711680" percent="0" />
      <mem type="survivor" free="0" total="1900544" percent="0" />
    </mem>
    <mem type="tenure" free="7542488" total="26214400" percent="28">
      <mem type="soa" free="6231768" total="24903680" percent="25" />
      <mem type="loa" free="1310720" total="1310720" percent="100" />
    </mem>
    <remembered-set count="97" />
  </mem-info>
</gc-start>
<allocation-stats totalBytes="16569088" >
  <allocated-bytes non-tlh="1168" tlh="16567920" />
  <largest-consumer threadName="main" threadId="00000000022F5700" bytes="16569088" />
</allocation-stats>
<gc-op id="4830" type="scavenge" timems="0.156" contextid="4827" timestamp="2019-07-02T20:42:35.054">
  <scavenger-info tenureage="8" tenuremask="ff00" tiltratio="89" />
  <memory-copied type="nursery" objects="1" bytes="24" bytesdiscarded="39144" />
</gc-op>
<gc-end id="4831" type="scavenge" contextid="4827" durationms="0.327" usertimems="0.000" systemtimems="0.000" timestamp="2019-07-02T20:42:35.054" activeThreads="4">
  <mem-info id="4832" free="24215000" total="44826624" percent="54">
    <mem type="nursery" free="16672512" total="18612224" percent="89">
      <mem type="allocate" free="16672512" total="16711680" percent="99" />
      <mem type="survivor" free="0" total="1900544" percent="0" />
    </mem>
    <mem type="tenure" free="7542488" total="26214400" percent="28">
      <mem type="soa" free="6231768" total="24903680" percent="25" />
      <mem type="loa" free="1310720" total="1310720" percent="100" />
    </mem>
    <remembered-set count="97" />
  </mem-info>
</gc-end>
<cycle-end id="4833" type="scavenge" contextid="4827" timestamp="2019-07-02T20:42:35.054">
  <attribute name="GC Util" value="15" />
  <attribute name="CPU Util" value="6114285399931" />
  <attribute name="Time Running"value="16154"/>
  <attribute name="Number of cores"value="4"/>
</cycle-end>
<allocation-satisfied id="4834" threadId="00000000022F5700" bytesRequested="1168" />
<af-end id="4835" timestamp="2019-07-02T20:42:35.054" threadId="00000000022F6088" success="true" from="nursery"/>
<exclusive-end id="4836" timestamp="2019-07-02T20:42:35.054" durationms="0.991" />

<exclusive-start id="4837" timestamp="2019-07-02T20:42:35.062" intervalms="8.647">
  <response-info timems="0.061" idlems="0.061" threads="0" lastid="00000000022F5700" lastname="main" />
</exclusive-start>
<af-start id="4838" threadId="00000000022F6088" totalBytesRequested="80" timestamp="2019-07-02T20:42:35.062" intervalms="8.726" type="nursery" />
<cycle-start id="4839" type="scavenge" contextid="0" timestamp="2019-07-02T20:42:35.062" intervalms="8.770" />
  <attribute name="GC Util" value="15" />
  <attribute name="CPU Util" value="6114285399931" />
  <attribute name="Time Running"value="16154"/>
  <attribute name="Number of cores"value="4"/>
<gc-start id="4840" type="scavenge" contextid="4839" timestamp="2019-07-02T20:42:35.062">
  <mem-info id="4841" free="7542488" total="44826624" percent="16">
    <mem type="nursery" free="0" total="18612224" percent="0">
      <mem type="allocate" free="0" total="16711680" percent="0" />
      <mem type="survivor" free="0" total="1900544" percent="0" />
    </mem>
    <mem type="tenure" free="7542488" total="26214400" percent="28">
      <mem type="soa" free="6231768" total="24903680" percent="25" />
      <mem type="loa" free="1310720" total="1310720" percent="100" />
    </mem>
    <remembered-set count="103" />
  </mem-info>
</gc-start>
<allocation-stats totalBytes="16666136" >
  <allocated-bytes non-tlh="1168" tlh="16664968" />
  <largest-consumer threadName="main" threadId="00000000022F5700" bytes="16666136" />
</allocation-stats>
<gc-op id="4842" type="scavenge" timems="0.236" contextid="4839" timestamp="2019-07-02T20:42:35.063">
  <scavenger-info tenureage="8" tenuremask="ff00" tiltratio="89" />
  <memory-copied type="nursery" objects="157" bytes="5168" bytesdiscarded="73168" />
  <references type="weak" candidates="2" cleared="0" enqueued="0" />
</gc-op>
<gc-end id="4843" type="scavenge" contextid="4839" durationms="0.644" usertimems="0.000" systemtimems="0.000" timestamp="2019-07-02T20:42:35.063" activeThreads="4">
  <mem-info id="4844" free="24175832" total="44826624" percent="53">
    <mem type="nursery" free="16633344" total="18612224" percent="89">
      <mem type="allocate" free="16633344" total="16711680" percent="99" />
      <mem type="survivor" free="0" total="1900544" percent="0" />
    </mem>
    <mem type="tenure" free="7542488" total="26214400" percent="28">
      <mem type="soa" free="6231768" total="24903680" percent="25" />
      <mem type="loa" free="1310720" total="1310720" percent="100" />
    </mem>
    <remembered-set count="103" />
  </mem-info>
</gc-end>
<cycle-end id="4845" type="scavenge" contextid="4839" timestamp="2019-07-02T20:42:35.063">
  <attribute name="GC Util" value="4" />
  <attribute name="CPU Util" value="2056929812524" />
  <attribute name="Time Running"value="16163"/>
  <attribute name="Number of cores"value="4"/>
</cycle-end>
<allocation-satisfied id="4846" threadId="00000000022F5700" bytesRequested="80" />
<af-end id="4847" timestamp="2019-07-02T20:42:35.063" threadId="00000000022F6088" success="true" from="nursery"/>
<exclusive-end id="4848" timestamp="2019-07-02T20:42:35.063" durationms="1.467" />

<exclusive-start id="4849" timestamp="2019-07-02T20:42:35.082" intervalms="20.634">
  <response-info timems="0.066" idlems="0.066" threads="0" lastid="00000000022F5700" lastname="main" />
</exclusive-start>
<af-start id="4850" threadId="00000000022F6088" totalBytesRequested="64" timestamp="2019-07-02T20:42:35.083" intervalms="20.676" type="nursery" />
<cycle-start id="4851" type="scavenge" contextid="0" timestamp="2019-07-02T20:42:35.083" intervalms="20.681" />
  <attribute name="GC Util" value="4" />
  <attribute name="CPU Util" value="2056929812524" />
  <attribute name="Time Running"value="16163"/>
  <attribute name="Number of cores"value="4"/>
<gc-start id="4852" type="scavenge" contextid="4851" timestamp="2019-07-02T20:42:35.083">
  <mem-info id="4853" free="7542488" total="44826624" percent="16">
    <mem type="nursery" free="0" total="18612224" percent="0">
      <mem type="allocate" free="0" total="16711680" percent="0" />
      <mem type="survivor" free="0" total="1900544" percent="0" />
    </mem>
    <mem type="tenure" free="7542488" total="26214400" percent="28">
      <mem type="soa" free="6231768" total="24903680" percent="25" />
      <mem type="loa" free="1310720" total="1310720" percent="100" />
    </mem>
    <remembered-set count="103" />
  </mem-info>
</gc-start>
<allocation-stats totalBytes="16631016" >
  <allocated-bytes non-tlh="80" tlh="16630936" />
  <largest-consumer threadName="main" threadId="00000000022F5700" bytes="16631016" />
</allocation-stats>
<gc-op id="4854" type="scavenge" timems="0.249" contextid="4851" timestamp="2019-07-02T20:42:35.083">
  <scavenger-info tenureage="3" tenuremask="fff8" tiltratio="89" />
  <memory-copied type="nursery" objects="155" bytes="5080" bytesdiscarded="73256" />
  <references type="weak" candidates="2" cleared="0" enqueued="0" />
</gc-op>
<gc-end id="4855" type="scavenge" contextid="4851" durationms="0.679" usertimems="4.000" systemtimems="0.000" timestamp="2019-07-02T20:42:35.084" activeThreads="4">
  <mem-info id="4856" free="24175832" total="44826624" percent="53">
    <mem type="nursery" free="16633344" total="18612224" percent="89">
      <mem type="allocate" free="16633344" total="16711680" percent="99" />
      <mem type="survivor" free="0" total="1900544" percent="0" />
    </mem>
    <mem type="tenure" free="7542488" total="26214400" percent="28">
      <mem type="soa" free="6231768" total="24903680" percent="25" />
      <mem type="loa" free="1310720" total="1310720" percent="100" />
    </mem>
    <remembered-set count="93" />
  </mem-info>
</gc-end>
<cycle-end id="4857" type="scavenge" contextid="4851" timestamp="2019-07-02T20:42:35.084">
  <attribute name="GC Util" value="2" />
  <attribute name="CPU Util" value="890352704936" />
  <attribute name="Time Running"value="16183"/>
  <attribute name="Number of cores"value="4"/>
</cycle-end>
<allocation-satisfied id="4858" threadId="00000000022F5700" bytesRequested="64" />
<af-end id="4859" timestamp="2019-07-02T20:42:35.084" threadId="00000000022F6088" success="true" from="nursery"/>
<exclusive-end id="4860" timestamp="2019-07-02T20:42:35.084" durationms="1.578" />

<exclusive-start id="4861" timestamp="2019-07-02T20:42:35.103" intervalms="20.762">
  <response-info timems="0.075" idlems="0.075" threads="0" lastid="00000000022F5700" lastname="main" />
</exclusive-start>
<af-start id="4862" threadId="00000000022F6088" totalBytesRequested="24" timestamp="2019-07-02T20:42:35.103" intervalms="20.756" type="nursery" />
<cycle-start id="4863" type="scavenge" contextid="0" timestamp="2019-07-02T20:42:35.104" intervalms="20.761" />
  <attribute name="GC Util" value="2" />
  <attribute name="CPU Util" value="890352704936" />
  <attribute name="Time Running"value="16183"/>
  <attribute name="Number of cores"value="4"/>
<gc-start id="4864" type="scavenge" contextid="4863" timestamp="2019-07-02T20:42:35.104">
  <mem-info id="4865" free="7542488" total="44826624" percent="16">
    <mem type="nursery" free="0" total="18612224" percent="0">
      <mem type="allocate" free="0" total="16711680" percent="0" />
      <mem type="survivor" free="0" total="1900544" percent="0" />
    </mem>
    <mem type="tenure" free="7542488" total="26214400" percent="28">
      <mem type="soa" free="6231768" total="24903680" percent="25" />
      <mem type="loa" free="1310720" total="1310720" percent="100" />
    </mem>
    <remembered-set count="93" />
  </mem-info>
</gc-start>
<allocation-stats totalBytes="16630984" >
  <allocated-bytes non-tlh="64" tlh="16630920" />
  <largest-consumer threadName="main" threadId="00000000022F5700" bytes="16630984" />
</allocation-stats>
<gc-op id="4866" type="scavenge" timems="0.252" contextid="4863" timestamp="2019-07-02T20:42:35.104">
  <scavenger-info tenureage="3" tenuremask="fff8" tiltratio="89" />
  <memory-copied type="nursery" objects="161" bytes="5336" bytesdiscarded="103720" />
  <references type="weak" candidates="2" cleared="0" enqueued="0" />
</gc-op>
<gc-end id="4867" type="scavenge" contextid="4863" durationms="0.643" usertimems="4.000" systemtimems="0.000" timestamp="2019-07-02T20:42:35.104" activeThreads="4">
  <mem-info id="4868" free="24145112" total="44826624" percent="53">
    <mem type="nursery" free="16602624" total="18612224" percent="89">
      <mem type="allocate" free="16602624" total="16711680" percent="99" />
      <mem type="survivor" free="0" total="1900544" percent="0" />
    </mem>
    <mem type="tenure" free="7542488" total="26214400" percent="28">
      <mem type="soa" free="6231768" total="24903680" percent="25" />
      <mem type="loa" free="1310720" total="1310720" percent="100" />
    </mem>
    <remembered-set count="93" />
  </mem-info>
</gc-end>
<cycle-end id="4869" type="scavenge" contextid="4863" timestamp="2019-07-02T20:42:35.104">
  <attribute name="GC Util" value="2" />
  <attribute name="CPU Util" value="889631586322" />
  <attribute name="Time Running"value="16204"/>
  <attribute name="Number of cores"value="4"/>
</cycle-end>
<allocation-satisfied id="4870" threadId="00000000022F5700" bytesRequested="24" />
<af-end id="4871" timestamp="2019-07-02T20:42:35.105" threadId="00000000022F6088" success="true" from="nursery"/>
<exclusive-end id="4872" timestamp="2019-07-02T20:42:35.105" durationms="1.552" />

<exclusive-start id="4873" timestamp="2019-07-02T20:42:35.130" intervalms="26.771">
  <response-info timems="0.068" idlems="0.068" threads="0" lastid="00000000022F5700" lastname="main" />
</exclusive-start>
<af-start id="4874" threadId="00000000022F6088" totalBytesRequested="24" timestamp="2019-07-02T20:42:35.130" intervalms="26.776" type="nursery" />
<cycle-start id="4875" type="scavenge" contextid="0" timestamp="2019-07-02T20:42:35.130" intervalms="26.773" />
  <attribute name="GC Util" value="2" />
  <attribute name="CPU Util" value="889631586322" />
  <attribute name="Time Running"value="16204"/>
  <attribute name="Number of cores"value="4"/>
<gc-start id="4876" type="scavenge" contextid="4875" timestamp="2019-07-02T20:42:35.130">
  <mem-info id="4877" free="7542488" total="44826624" percent="16">
    <mem type="nursery" free="0" total="18612224" percent="0">
      <mem type="allocate" free="0" total="16711680" percent="0" />
      <mem type="survivor" free="0" total="1900544" percent="0" />
    </mem>
    <mem type="tenure" free="7542488" total="26214400" percent="28">
      <mem type="soa" free="6231768" total="24903680" percent="25" />
      <mem type="loa" free="1310720" total="1310720" percent="100" />
    </mem>
    <remembered-set count="99" />
  </mem-info>
</gc-start>
<allocation-stats totalBytes="16600456" >
  <allocated-bytes non-tlh="24" tlh="16600432" />
  <largest-consumer threadName="main" threadId="00000000022F5700" bytes="16600456" />
</allocation-stats>
<gc-op id="4878" type="scavenge" timems="0.260" contextid="4875" timestamp="2019-07-02T20:42:35.131">
  <scavenger-info tenureage="3" tenuremask="fff8" tiltratio="89" />
  <memory-copied type="nursery" objects="234" bytes="7728" bytesdiscarded="132000" />
  <memory-copied type="tenure" objects="9" bytes="224" bytesdiscarded="0" />
  <references type="weak" candidates="37" cleared="0" enqueued="0" />
</gc-op>
<gc-end id="4879" type="scavenge" contextid="4875" durationms="0.693" usertimems="0.000" systemtimems="0.000" timestamp="2019-07-02T20:42:35.131" activeThreads="4">
  <mem-info id="4880" free="24114392" total="44826624" percent="53">
    <mem type="nursery" free="16571904" total="18612224" percent="89">
      <mem type="allocate" free="16571904" total="16711680" percent="99" />
      <mem type="survivor" free="0" total="1900544" percent="0" />
    </mem>
    <mem type="tenure" free="7542488" total="26214400" percent="28">
      <mem type="soa" free="6231768" total="24903680" percent="25" />
      <mem type="loa" free="1310720" total="1310720" percent="100" />
    </mem>
    <remembered-set count="94" />
  </mem-info>
</gc-end>
<cycle-end id="4881" type="scavenge" contextid="4875" timestamp="2019-07-02T20:42:35.131">
  <attribute name="GC Util" value="2" />
  <attribute name="CPU Util" value="688095929178" />
  <attribute name="Time Running"value="16231"/>
  <attribute name="Number of cores"value="4"/>
</cycle-end>
<allocation-satisfied id="4882" threadId="00000000022F5700" bytesRequested="24" />
<af-end id="4883" timestamp="2019-07-02T20:42:35.131" threadId="00000000022F6088" success="true" from="nursery"/>
<exclusive-end id="4884" timestamp="2019-07-02T20:42:35.132" durationms="1.587" />

<exclusive-start id="4885" timestamp="2019-07-02T20:42:35.157" intervalms="26.668">
  <response-info timems="0.066" idlems="0.066" threads="0" lastid="00000000022F5700" lastname="main" />
</exclusive-start>
<af-start id="4886" threadId="00000000022F6088" totalBytesRequested="24" timestamp="2019-07-02T20:42:35.157" intervalms="26.676" type="nursery" />
<cycle-start id="4887" type="scavenge" contextid="0" timestamp="2019-07-02T20:42:35.157" intervalms="26.676" />
  <attribute name="GC Util" value="2" />
  <attribute name="CPU Util" value="688095929178" />
  <attribute name="Time Running"value="16231"/>
  <attribute name="Number of cores"value="4"/>
<gc-start id="4888" type="scavenge" contextid="4887" timestamp="2019-07-02T20:42:35.157">
  <mem-info id="4889" free="7542488" total="44826624" percent="16">
    <mem type="nursery" free="0" total="18612224" percent="0">
      <mem type="allocate" free="0" total="16711680" percent="0" />
      <mem type="survivor" free="0" total="1900544" percent="0" />
    </mem>
    <mem type="tenure" free="7542488" total="26214400" percent="28">
      <mem type="soa" free="6231768" total="24903680" percent="25" />
      <mem type="loa" free="1310720" total="1310720" percent="100" />
    </mem>
    <remembered-set count="94" />
  </mem-info>
</gc-start>
<allocation-stats totalBytes="16569952" >
  <allocated-bytes non-tlh="24" tlh="16569928" />
  <largest-consumer threadName="main" threadId="00000000022F5700" bytes="16569952" />
</allocation-stats>
<gc-op id="4890" type="scavenge" timems="0.250" contextid="4887" timestamp="2019-07-02T20:42:35.158">
  <scavenger-info tenureage="3" tenuremask="ffe8" tiltratio="89" />
  <memory-copied type="nursery" objects="228" bytes="7592" bytesdiscarded="132184" />
  <references type="weak" candidates="37" cleared="0" enqueued="0" />
</gc-op>
<gc-end id="4891" type="scavenge" contextid="4887" durationms="0.689" usertimems="0.000" systemtimems="0.000" timestamp="2019-07-02T20:42:35.158" activeThreads="4">
  <mem-info id="4892" free="24114392" total="44826624" percent="53">
    <mem type="nursery" free="16571904" total="18612224" percent="89">
      <mem type="allocate" free="16571904" total="16711680" percent="99" />
      <mem type="survivor" free="0" total="1900544" percent="0" />
    </mem>
    <mem type="tenure" free="7542488" total="26214400" percent="28">
      <mem type="soa" free="6231768" total="24903680" percent="25" />
      <mem type="loa" free="1310720" total="1310720" percent="100" />
    </mem>
    <remembered-set count="94" />
  </mem-info>
</gc-end>
<cycle-end id="4893" type="scavenge" contextid="4887" timestamp="2019-07-02T20:42:35.158">
  <attribute name="GC Util" value="2" />
  <attribute name="CPU Util" value="691343971082" />
  <attribute name="Time Running"value="16258"/>
  <attribute name="Number of cores"value="4"/>
</cycle-end>
<allocation-satisfied id="4894" threadId="00000000022F5700" bytesRequested="24" />
<af-end id="4895" timestamp="2019-07-02T20:42:35.158" threadId="00000000022F6088" success="true" from="nursery"/>
<exclusive-end id="4896" timestamp="2019-07-02T20:42:35.158" durationms="1.608" />

<exclusive-start id="4897" timestamp="2019-07-02T20:42:35.183" intervalms="26.825">
  <response-info timems="0.107" idlems="0.107" threads="0" lastid="00000000022F5700" lastname="main" />
</exclusive-start>
<af-start id="4898" threadId="00000000022F6088" totalBytesRequested="24" timestamp="2019-07-02T20:42:35.184" intervalms="26.825" type="nursery" />
<cycle-start id="4899" type="scavenge" contextid="0" timestamp="2019-07-02T20:42:35.184" intervalms="26.824" />
  <attribute name="GC Util" value="2" />
  <attribute name="CPU Util" value="691343971082" />
  <attribute name="Time Running"value="16258"/>
  <attribute name="Number of cores"value="4"/>
<gc-start id="4900" type="scavenge" contextid="4899" timestamp="2019-07-02T20:42:35.184">
  <mem-info id="4901" free="7542488" total="44826624" percent="16">
    <mem type="nursery" free="0" total="18612224" percent="0">
      <mem type="allocate" free="0" total="16711680" percent="0" />
      <mem type="survivor" free="0" total="1900544" percent="0" />
    </mem>
    <mem type="tenure" free="7542488" total="26214400" percent="28">
      <mem type="soa" free="6231768" total="24903680" percent="25" />
      <mem type="loa" free="1310720" total="1310720" percent="100" />
    </mem>
    <remembered-set count="94" />
  </mem-info>
</gc-start>
<allocation-stats totalBytes="16569960" >
  <allocated-bytes non-tlh="24" tlh="16569936" />
  <largest-consumer threadName="main" threadId="00000000022F5700" bytes="16569960" />
</allocation-stats>
<gc-op id="4902" type="scavenge" timems="0.276" contextid="4899" timestamp="2019-07-02T20:42:35.185">
  <scavenger-info tenureage="3" tenuremask="fff8" tiltratio="89" />
  <memory-copied type="nursery" objects="244" bytes="8088" bytesdiscarded="131688" />
  <references type="weak" candidates="37" cleared="0" enqueued="0" />
</gc-op>
<gc-end id="4903" type="scavenge" contextid="4899" durationms="0.696" usertimems="0.000" systemtimems="0.000" timestamp="2019-07-02T20:42:35.185" activeThreads="4">
  <mem-info id="4904" free="24114392" total="44826624" percent="53">
    <mem type="nursery" free="16571904" total="18612224" percent="89">
      <mem type="allocate" free="16571904" total="16711680" percent="99" />
      <mem type="survivor" free="0" total="1900544" percent="0" />
    </mem>
    <mem type="tenure" free="7542488" total="26214400" percent="28">
      <mem type="soa" free="6231768" total="24903680" percent="25" />
      <mem type="loa" free="1310720" total="1310720" percent="100" />
    </mem>
    <remembered-set count="94" />
  </mem-info>
</gc-end>
<cycle-end id="4905" type="scavenge" contextid="4899" timestamp="2019-07-02T20:42:35.185">
  <attribute name="GC Util" value="2" />
  <attribute name="CPU Util" value="687545321229" />
  <attribute name="Time Running"value="16284"/>
  <attribute name="Number of cores"value="4"/>
</cycle-end>
<allocation-satisfied id="4906" threadId="00000000022F5700" bytesRequested="24" />
<af-end id="4907" timestamp="2019-07-02T20:42:35.185" threadId="00000000022F6088" success="true" from="nursery"/>
<exclusive-end id="4908" timestamp="2019-07-02T20:42:35.185" durationms="1.615" />

<exclusive-start id="4909" timestamp="2019-07-02T20:42:35.202" intervalms="18.184">
  <response-info timems="0.022" idlems="0.022" threads="0" lastid="00000000022F5700" lastname="main" />
</exclusive-start>
<af-start id="4910" threadId="00000000022F6088" totalBytesRequested="64" timestamp="2019-07-02T20:42:35.202" intervalms="18.185" type="nursery" />
<cycle-start id="4911" type="scavenge" contextid="0" timestamp="2019-07-02T20:42:35.202" intervalms="18.191" />
  <attribute name="GC Util" value="2" />
  <attribute name="CPU Util" value="687545321229" />
  <attribute name="Time Running"value="16284"/>
  <attribute name="Number of cores"value="4"/>
<gc-start id="4912" type="scavenge" contextid="4911" timestamp="2019-07-02T20:42:35.202">
  <mem-info id="4913" free="7542488" total="44826624" percent="16">
    <mem type="nursery" free="0" total="18612224" percent="0">
      <mem type="allocate" free="0" total="16711680" percent="0" />
      <mem type="survivor" free="0" total="1900544" percent="0" />
    </mem>
    <mem type="tenure" free="7542488" total="26214400" percent="28">
      <mem type="soa" free="6231768" total="24903680" percent="25" />
      <mem type="loa" free="1310720" total="1310720" percent="100" />
    </mem>
    <remembered-set count="96" />
  </mem-info>
</gc-start>
<allocation-stats totalBytes="16564992" >
  <allocated-bytes non-tlh="24" tlh="16564968" />
  <largest-consumer threadName="main" threadId="00000000022F5700" bytes="16564992" />
</allocation-stats>
<gc-op id="4914" type="scavenge" timems="0.245" contextid="4911" timestamp="2019-07-02T20:42:35.203">
  <scavenger-info tenureage="3" tenuremask="fff8" tiltratio="89" />
  <memory-copied type="nursery" objects="21" bytes="664" bytesdiscarded="69224" />
  <memory-copied type="tenure" objects="103" bytes="3632" bytesdiscarded="0" />
</gc-op>
<gc-end id="4915" type="scavenge" contextid="4911" durationms="0.705" usertimems="0.000" systemtimems="0.000" timestamp="2019-07-02T20:42:35.203" activeThreads="4">
  <mem-info id="4916" free="24184280" total="44826624" percent="53">
    <mem type="nursery" free="16641792" total="18612224" percent="89">
      <mem type="allocate" free="16641792" total="16711680" percent="99" />
      <mem type="survivor" free="0" total="1900544" percent="0" />
    </mem>
    <mem type="tenure" free="7542488" total="26214400" percent="28">
      <mem type="soa" free="6231768" total="24903680" percent="25" />
      <mem type="loa" free="1310720" total="1310720" percent="100" />
    </mem>
    <remembered-set count="90" />
  </mem-info>
</gc-end>
<cycle-end id="4917" type="scavenge" contextid="4911" timestamp="2019-07-02T20:42:35.203">
  <attribute name="GC Util" value="3" />
  <attribute name="CPU Util" value="1013393884626" />
  <attribute name="Time Running"value="16303"/>
  <attribute name="Number of cores"value="4"/>
</cycle-end>
<allocation-satisfied id="4918" threadId="00000000022F5700" bytesRequested="64" />
<af-end id="4919" timestamp="2019-07-02T20:42:35.203" threadId="00000000022F6088" success="true" from="nursery"/>
<exclusive-end id="4920" timestamp="2019-07-02T20:42:35.203" durationms="1.640" />

<exclusive-start id="4921" timestamp="2019-07-02T20:42:35.207" intervalms="5.230">
  <response-info timems="0.094" idlems="0.094" threads="0" lastid="00000000022F5700" lastname="main" />
</exclusive-start>
<af-start id="4922" threadId="00000000022F6088" totalBytesRequested="168" timestamp="2019-07-02T20:42:35.207" intervalms="5.175" type="nursery" />
<cycle-start id="4923" type="scavenge" contextid="0" timestamp="2019-07-02T20:42:35.207" intervalms="5.166" />
  <attribute name="GC Util" value="3" />
  <attribute name="CPU Util" value="1013393884626" />
  <attribute name="Time Running"value="16303"/>
  <attribute name="Number of cores"value="4"/>
<gc-start id="4924" type="scavenge" contextid="4923" timestamp="2019-07-02T20:42:35.207">
  <mem-info id="4925" free="7542488" total="44826624" percent="16">
    <mem type="nursery" free="0" total="18612224" percent="0">
      <mem type="allocate" free="0" total="16711680" percent="0" />
      <mem type="survivor" free="0" total="1900544" percent="0" />
    </mem>
    <mem type="tenure" free="7542488" total="26214400" percent="28">
      <mem type="soa" free="6231768" total="24903680" percent="25" />
      <mem type="loa" free="1310720" total="1310720" percent="100" />
    </mem>
    <remembered-set count="90" />
  </mem-info>
</gc-start>
<allocation-stats totalBytes="16631400" >
  <allocated-bytes non-tlh="64" tlh="16631336" />
  <largest-consumer threadName="main" threadId="00000000022F5700" bytes="16631400" />
</allocation-stats>
<gc-op id="4926" type="scavenge" timems="0.196" contextid="4923" timestamp="2019-07-02T20:42:35.208">
  <scavenger-info tenureage="3" tenuremask="ffe8" tiltratio="89" />
  <memory-copied type="nursery" objects="22" bytes="792" bytesdiscarded="38376" />
</gc-op>
<gc-end id="4927" type="scavenge" contextid="4923" durationms="0.547" usertimems="0.000" systemtimems="0.000" timestamp="2019-07-02T20:42:35.208" activeThreads="4">
  <mem-info id="4928" free="24215000" total="44826624" percent="54">
    <mem type="nursery" free="16672512" total="18612224" percent="89">
      <mem type="allocate" free="16672512" total="16711680" percent="99" />
      <mem type="survivor" free="0" total="1900544" percent="0" />
    </mem>
    <mem type="tenure" free="7542488" total="26214400" percent="28">
      <mem type="soa" free="6231768" total="24903680" percent="25" />
      <mem type="loa" free="1310720" total="1310720" percent="100" />
    </mem>
    <remembered-set count="90" />
  </mem-info>
</gc-end>
<cycle-end id="4929" type="scavenge" contextid="4923" timestamp="2019-07-02T20:42:35.208">
  <attribute name="GC Util" value="11" />
  <attribute name="CPU Util" value="3636668748361" />
  <attribute name="Time Running"value="16308"/>
  <attribute name="Number of cores"value="4"/>
</cycle-end>
<allocation-satisfied id="4930" threadId="00000000022F5700" bytesRequested="168" />
<af-end id="4931" timestamp="2019-07-02T20:42:35.208" threadId="00000000022F6088" success="true" from="nursery"/>
<exclusive-end id="4932" timestamp="2019-07-02T20:42:35.208" durationms="1.358" />

<exclusive-start id="4933" timestamp="2019-07-02T20:42:35.212" intervalms="4.875">
  <response-info timems="0.055" idlems="0.055" threads="0" lastid="00000000022F5700" lastname="main" />
</exclusive-start>
<af-start id="4934" threadId="00000000022F6088" totalBytesRequested="272" timestamp="2019-07-02T20:42:35.212" intervalms="4.832" type="nursery" />
<cycle-start id="4935" type="scavenge" contextid="0" timestamp="2019-07-02T20:42:35.212" intervalms="4.834" />
  <attribute name="GC Util" value="11" />
  <attribute name="CPU Util" value="3636668748361" />
  <attribute name="Time Running"value="16308"/>
  <attribute name="Number of cores"value="4"/>
<gc-start id="4936" type="scavenge" contextid="4935" timestamp="2019-07-02T20:42:35.212">
  <mem-info id="4937" free="7542488" total="44826624" percent="16">
    <mem type="nursery" free="0" total="18612224" percent="0">
      <mem type="allocate" free="0" total="16711680" percent="0" />
      <mem type="survivor" free="0" total="1900544" percent="0" />
    </mem>
    <mem type="tenure" free="7542488" total="26214400" percent="28">
      <mem type="soa" free="6231768" total="24903680" percent="25" />
      <mem type="loa" free="1310720" total="1310720" percent="100" />
    </mem>
    <remembered-set count="90" />
  </mem-info>
</gc-start>
<allocation-stats totalBytes="16663328" >
  <allocated-bytes non-tlh="168" tlh="16663160" />
  <largest-consumer threadName="main" threadId="00000000022F5700" bytes="16663328" />
</allocation-stats>
<gc-op id="4938" type="scavenge" timems="0.178" contextid="4935" timestamp="2019-07-02T20:42:35.213">
  <scavenger-info tenureage="3" tenuremask="fff8" tiltratio="89" />
  <memory-copied type="nursery" objects="22" bytes="896" bytesdiscarded="38272" />
</gc-op>
<gc-end id="4939" type="scavenge" contextid="4935" durationms="0.584" usertimems="4.000" systemtimems="0.000" timestamp="2019-07-02T20:42:35.213" activeThreads="4">
  <mem-info id="4940" free="24215000" total="44826624" percent="54">
    <mem type="nursery" free="16672512" total="18612224" percent="89">
      <mem type="allocate" free="16672512" total="16711680" percent="99" />
      <mem type="survivor" free="0" total="1900544" percent="0" />
    </mem>
    <mem type="tenure" free="7542488" total="26214400" percent="28">
      <mem type="soa" free="6231768" total="24903680" percent="25" />
      <mem type="loa" free="1310720" total="1310720" percent="100" />
    </mem>
    <remembered-set count="90" />
  </mem-info>
</gc-end>
<cycle-end id="4941" type="scavenge" contextid="4935" timestamp="2019-07-02T20:42:35.213">
  <attribute name="GC Util" value="9" />
  <attribute name="CPU Util" value="3818588156962" />
  <attribute name="Time Running"value="16313"/>
  <attribute name="Number of cores"value="4"/>
</cycle-end>
<allocation-satisfied id="4942" threadId="00000000022F5700" bytesRequested="272" />
<af-end id="4943" timestamp="2019-07-02T20:42:35.213" threadId="00000000022F6088" success="true" from="nursery"/>
<exclusive-end id="4944" timestamp="2019-07-02T20:42:35.213" durationms="1.411" />

<exclusive-start id="4945" timestamp="2019-07-02T20:42:35.217" intervalms="4.856">
  <response-info timems="0.054" idlems="0.054" threads="0" lastid="00000000022F5700" lastname="main" />
</exclusive-start>
<af-start id="4946" threadId="00000000022F6088" totalBytesRequested="32" timestamp="2019-07-02T20:42:35.217" intervalms="4.908" type="nursery" />
<cycle-start id="4947" type="scavenge" contextid="0" timestamp="2019-07-02T20:42:35.217" intervalms="4.903" />
  <attribute name="GC Util" value="9" />
  <attribute name="CPU Util" value="3818588156962" />
  <attribute name="Time Running"value="16313"/>
  <attribute name="Number of cores"value="4"/>
<gc-start id="4948" type="scavenge" contextid="4947" timestamp="2019-07-02T20:42:35.217">
  <mem-info id="4949" free="7542488" total="44826624" percent="16">
    <mem type="nursery" free="0" total="18612224" percent="0">
      <mem type="allocate" free="0" total="16711680" percent="0" />
      <mem type="survivor" free="0" total="1900544" percent="0" />
    </mem>
    <mem type="tenure" free="7542488" total="26214400" percent="28">
      <mem type="soa" free="6231768" total="24903680" percent="25" />
      <mem type="loa" free="1310720" total="1310720" percent="100" />
    </mem>
    <remembered-set count="90" />
  </mem-info>
</gc-start>
<allocation-stats totalBytes="16662832" >
  <allocated-bytes non-tlh="272" tlh="16662560" />
  <largest-consumer threadName="main" threadId="00000000022F5700" bytes="16662832" />
</allocation-stats>
<gc-op id="4950" type="scavenge" timems="0.203" contextid="4947" timestamp="2019-07-02T20:42:35.217">
  <scavenger-info tenureage="3" tenuremask="fff8" tiltratio="89" />
  <memory-copied type="nursery" objects="7" bytes="320" bytesdiscarded="38848" />
  <memory-copied type="tenure" objects="17" bytes="544" bytesdiscarded="0" />
</gc-op>
<gc-end id="4951" type="scavenge" contextid="4947" durationms="0.455" usertimems="4.000" systemtimems="0.000" timestamp="2019-07-02T20:42:35.217" activeThreads="4">
  <mem-info id="4952" free="24215000" total="44826624" percent="54">
    <mem type="nursery" free="16672512" total="18612224" percent="89">
      <mem type="allocate" free="16672512" total="16711680" percent="99" />
      <mem type="survivor" free="0" total="1900544" percent="0" />
    </mem>
    <mem type="tenure" free="7542488" total="26214400" percent="28">
      <mem type="soa" free="6231768" total="24903680" percent="25" />
      <mem type="loa" free="1310720" total="1310720" percent="100" />
    </mem>
    <remembered-set count="92" />
  </mem-info>
</gc-end>
<cycle-end id="4953" type="scavenge" contextid="4947" timestamp="2019-07-02T20:42:35.218">
  <attribute name="GC Util" value="9" />
  <attribute name="CPU Util" value="3844401193223" />
  <attribute name="Time Running"value="16317"/>
  <attribute name="Number of cores"value="4"/>
</cycle-end>
<allocation-satisfied id="4954" threadId="00000000022F5700" bytesRequested="32" />
<af-end id="4955" timestamp="2019-07-02T20:42:35.218" threadId="00000000022F6088" success="true" from="nursery"/>
<exclusive-end id="4956" timestamp="2019-07-02T20:42:35.218" durationms="1.432" />

<exclusive-start id="4957" timestamp="2019-07-02T20:42:35.222" intervalms="5.004">
  <response-info timems="0.067" idlems="0.067" threads="0" lastid="00000000022F5700" lastname="main" />
</exclusive-start>
<af-start id="4958" threadId="00000000022F6088" totalBytesRequested="240" timestamp="2019-07-02T20:42:35.222" intervalms="4.952" type="nursery" />
<cycle-start id="4959" type="scavenge" contextid="0" timestamp="2019-07-02T20:42:35.222" intervalms="4.904" />
  <attribute name="GC Util" value="9" />
  <attribute name="CPU Util" value="3844401193223" />
  <attribute name="Time Running"value="16317"/>
  <attribute name="Number of cores"value="4"/>
<gc-start id="4960" type="scavenge" contextid="4959" timestamp="2019-07-02T20:42:35.222">
  <mem-info id="4961" free="7542488" total="44826624" percent="16">
    <mem type="nursery" free="0" total="18612224" percent="0">
      <mem type="allocate" free="0" total="16711680" percent="0" />
      <mem type="survivor" free="0" total="1900544" percent="0" />
    </mem>
    <mem type="tenure" free="7542488" total="26214400" percent="28">
      <mem type="soa" free="6231768" total="24903680" percent="25" />
      <mem type="loa" free="1310720" total="1310720" percent="100" />
    </mem>
    <remembered-set count="92" />
  </mem-info>
</gc-start>
<allocation-stats totalBytes="16663096" >
  <allocated-bytes non-tlh="32" tlh="16663064" />
  <largest-consumer threadName="main" threadId="00000000022F5700" bytes="16663096" />
</allocation-stats>
<gc-op id="4962" type="scavenge" timems="0.174" contextid="4959" timestamp="2019-07-02T20:42:35.222">
  <scavenger-info tenureage="3" tenuremask="ffe8" tiltratio="89" />
  <memory-copied type="nursery" objects="5" bytes="320" bytesdiscarded="78016" />
</gc-op>
<gc-end id="4963" type="scavenge" contextid="4959" durationms="0.336" usertimems="4.000" systemtimems="0.000" timestamp="2019-07-02T20:42:35.222" activeThreads="4">
  <mem-info id="4964" free="24175832" total="44826624" percent="53">
    <mem type="nursery" free="16633344" total="18612224" percent="89">
      <mem type="allocate" free="16633344" total="16711680" percent="99" />
      <mem type="survivor" free="0" total="1900544" percent="0" />
    </mem>
    <mem type="tenure" free="7542488" total="26214400" percent="28">
      <mem type="soa" free="6231768" total="24903680" percent="25" />
      <mem type="loa" free="1310720" total="1310720" percent="100" />
    </mem>
    <remembered-set count="92" />
  </mem-info>
</gc-end>
<cycle-end id="4965" type="scavenge" contextid="4959" timestamp="2019-07-02T20:42:35.222">
  <attribute name="GC Util" value="9" />
  <attribute name="CPU Util" value="3866512402574" />
  <attribute name="Time Running"value="16322"/>
  <attribute name="Number of cores"value="4"/>
</cycle-end>
<allocation-satisfied id="4966" threadId="00000000022F5700" bytesRequested="240" />
<af-end id="4967" timestamp="2019-07-02T20:42:35.223" threadId="00000000022F6088" success="true" from="nursery"/>
<exclusive-end id="4968" timestamp="2019-07-02T20:42:35.223" durationms="0.961" />

<exclusive-start id="4969" timestamp="2019-07-02T20:42:35.226" intervalms="4.383">
  <response-info timems="0.019" idlems="0.019" threads="0" lastid="00000000022F5700" lastname="main" />
</exclusive-start>
<af-start id="4970" threadId="00000000022F6088" totalBytesRequested="32" timestamp="2019-07-02T20:42:35.226" intervalms="4.345" type="nursery" />
<cycle-start id="4971" type="scavenge" contextid="0" timestamp="2019-07-02T20:42:35.226" intervalms="4.400" />
  <attribute name="GC Util" value="9" />
  <attribute name="CPU Util" value="3866512402574" />
  <attribute name="Time Running"value="16322"/>
  <attribute name="Number of cores"value="4"/>
<gc-start id="4972" type="scavenge" contextid="4971" timestamp="2019-07-02T20:42:35.226">
  <mem-info id="4973" free="7542488" total="44826624" percent="16">
    <mem type="nursery" free="0" total="18612224" percent="0">
      <mem type="allocate" free="0" total="16711680" percent="0" />
      <mem type="survivor" free="0" total="1900544" percent="0" />
    </mem>
    <mem type="tenure" free="7542488" total="26214400" percent="28">
      <mem type="soa" free="6231768" total="24903680" percent="25" />
      <mem type="loa" free="1310720" total="1310720" percent="100" />
    </mem>
    <remembered-set count="92" />
  </mem-info>
</gc-start>
<allocation-stats totalBytes="16624200" >
  <allocated-bytes non-tlh="240" tlh="16623960" />
  <largest-consumer threadName="main" threadId="00000000022F5700" bytes="16624200" />
</allocation-stats>
<gc-op id="4974" type="scavenge" timems="0.180" contextid="4971" timestamp="2019-07-02T20:42:35.227">
  <scavenger-info tenureage="3" tenuremask="fff8" tiltratio="89" />
  <memory-copied type="nursery" objects="7" bytes="544" bytesdiscarded="38624" />
</gc-op>
<gc-end id="4975" type="scavenge" contextid="4971" durationms="0.566" usertimems="4.000" systemtimems="0.000" timestamp="2019-07-02T20:42:35.227" activeThreads="4">
  <mem-info id="4976" free="24215000" total="44826624" percent="54">
    <mem type="nursery" free="16672512" total="18612224" percent="89">
      <mem type="allocate" free="16672512" total="16711680" percent="99" />
      <mem type="survivor" free="0" total="1900544" percent="0" />
    </mem>
    <mem type="tenure" free="7542488" total="26214400" percent="28">
      <mem type="soa" free="6231768" total="24903680" percent="25" />
      <mem type="loa" free="1310720" total="1310720" percent="100" />
    </mem>
    <remembered-set count="92" />
  </mem-info>
</gc-end>
<cycle-end id="4977" type="scavenge" contextid="4971" timestamp="2019-07-02T20:42:35.227">
  <attribute name="GC Util" value="8" />
  <attribute name="CPU Util" value="4032764512186" />
  <attribute name="Time Running"value="16327"/>
  <attribute name="Number of cores"value="4"/>
</cycle-end>
<allocation-satisfied id="4978" threadId="00000000022F5700" bytesRequested="32" />
<af-end id="4979" timestamp="2019-07-02T20:42:35.227" threadId="00000000022F6088" success="true" from="nursery"/>
<exclusive-end id="4980" timestamp="2019-07-02T20:42:35.227" durationms="1.290" />

<exclusive-start id="4981" timestamp="2019-07-02T20:42:35.231" intervalms="4.745">
  <response-info timems="0.056" idlems="0.056" threads="0" lastid="00000000022F5700" lastname="main" />
</exclusive-start>
<af-start id="4982" threadId="00000000022F6088" totalBytesRequested="72" timestamp="2019-07-02T20:42:35.231" intervalms="4.790" type="nursery" />
<cycle-start id="4983" type="scavenge" contextid="0" timestamp="2019-07-02T20:42:35.231" intervalms="4.794" />
  <attribute name="GC Util" value="8" />
  <attribute name="CPU Util" value="4032764512186" />
  <attribute name="Time Running"value="16327"/>
  <attribute name="Number of cores"value="4"/>
<gc-start id="4984" type="scavenge" contextid="4983" timestamp="2019-07-02T20:42:35.231">
  <mem-info id="4985" free="7542488" total="44826624" percent="16">
    <mem type="nursery" free="0" total="18612224" percent="0">
      <mem type="allocate" free="0" total="16711680" percent="0" />
      <mem type="survivor" free="0" total="1900544" percent="0" />
    </mem>
    <mem type="tenure" free="7542488" total="26214400" percent="28">
      <mem type="soa" free="6231768" total="24903680" percent="25" />
      <mem type="loa" free="1310720" total="1310720" percent="100" />
    </mem>
    <remembered-set count="92" />
  </mem-info>
</gc-start>
<allocation-stats totalBytes="16664024" >
  <allocated-bytes non-tlh="32" tlh="16663992" />
  <largest-consumer threadName="main" threadId="00000000022F5700" bytes="16664024" />
</allocation-stats>
<gc-op id="4986" type="scavenge" timems="0.164" contextid="4983" timestamp="2019-07-02T20:42:35.232">
  <scavenger-info tenureage="3" tenuremask="fff8" tiltratio="89" />
  <memory-copied type="nursery" objects="5" bytes="160" bytesdiscarded="39008" />
</gc-op>
<gc-end id="4987" type="scavenge" contextid="4983" durationms="0.586" usertimems="4.000" systemtimems="0.000" timestamp="2019-07-02T20:42:35.232" activeThreads="4">
  <mem-info id="4988" free="24215000" total="44826624" percent="54">
    <mem type="nursery" free="16672512" total="18612224" percent="89">
      <mem type="allocate" free="16672512" total="16711680" percent="99" />
      <mem type="survivor" free="0" total="1900544" percent="0" />
    </mem>
    <mem type="tenure" free="7542488" total="26214400" percent="28">
      <mem type="soa" free="6231768" total="24903680" percent="25" />
      <mem type="loa" free="1310720" total="1310720" percent="100" />
    </mem>
    <remembered-set count="92" />
  </mem-info>
</gc-end>
<cycle-end id="4989" type="scavenge" contextid="4983" timestamp="2019-07-02T20:42:35.232">
  <attribute name="GC Util" value="8" />
  <attribute name="CPU Util" value="3799576807401" />
  <attribute name="Time Running"value="16332"/>
  <attribute name="Number of cores"value="4"/>
</cycle-end>
<allocation-satisfied id="4990" threadId="00000000022F5700" bytesRequested="72" />
<af-end id="4991" timestamp="2019-07-02T20:42:35.232" threadId="00000000022F6088" success="true" from="nursery"/>
<exclusive-end id="4992" timestamp="2019-07-02T20:42:35.232" durationms="1.332" />

<exclusive-start id="4993" timestamp="2019-07-02T20:42:35.236" intervalms="4.791">
  <response-info timems="0.055" idlems="0.055" threads="0" lastid="00000000022F5700" lastname="main" />
</exclusive-start>
<af-start id="4994" threadId="00000000022F6088" totalBytesRequested="216" timestamp="2019-07-02T20:42:35.236" intervalms="4.743" type="nursery" />
<cycle-start id="4995" type="scavenge" contextid="0" timestamp="2019-07-02T20:42:35.236" intervalms="4.734" />
  <attribute name="GC Util" value="8" />
  <attribute name="CPU Util" value="3799576807401" />
  <attribute name="Time Running"value="16332"/>
  <attribute name="Number of cores"value="4"/>
<gc-start id="4996" type="scavenge" contextid="4995" timestamp="2019-07-02T20:42:35.236">
  <mem-info id="4997" free="7542488" total="44826624" percent="16">
    <mem type="nursery" free="0" total="18612224" percent="0">
      <mem type="allocate" free="0" total="16711680" percent="0" />
      <mem type="survivor" free="0" total="1900544" percent="0" />
    </mem>
    <mem type="tenure" free="7542488" total="26214400" percent="28">
      <mem type="soa" free="6231768" total="24903680" percent="25" />
      <mem type="loa" free="1310720" total="1310720" percent="100" />
    </mem>
    <remembered-set count="92" />
  </mem-info>
</gc-start>
<allocation-stats totalBytes="16663280" >
  <allocated-bytes non-tlh="72" tlh="16663208" />
  <largest-consumer threadName="main" threadId="00000000022F5700" bytes="16663280" />
</allocation-stats>
<gc-op id="4998" type="scavenge" timems="0.182" contextid="4995" timestamp="2019-07-02T20:42:35.236">
  <scavenger-info tenureage="3" tenuremask="fff8" tiltratio="89" />
  <memory-copied type="nursery" objects="5" bytes="304" bytesdiscarded="38864" />
</gc-op>
<gc-end id="4999" type="scavenge" contextid="4995" durationms="0.578" usertimems="4.000" systemtimems="0.000" timestamp="2019-07-02T20:42:35.236" activeThreads="4">
  <mem-info id="5000" free="24215000" total="44826624" percent="54">
    <mem type="nursery" free="16672512" total="18612224" percent="89">
      <mem type="allocate" free="16672512" total="16711680" percent="99" />
      <mem type="survivor" free="0" total="1900544" percent="0" />
    </mem>
    <mem type="tenure" free="7542488" total="26214400" percent="28">
      <mem type="soa" free="6231768" total="24903680" percent="25" />
      <mem type="loa" free="1310720" total="1310720" percent="100" />
    </mem>
    <remembered-set count="92" />
  </mem-info>
</gc-end>
<cycle-end id="5001" type="scavenge" contextid="4995" timestamp="2019-07-02T20:42:35.237">
  <attribute name="GC Util" value="8" />
  <attribute name="CPU Util" value="3944408454824" />
  <attribute name="Time Running"value="16336"/>
  <attribute name="Number of cores"value="4"/>
</cycle-end>
<allocation-satisfied id="5002" threadId="00000000022F5700" bytesRequested="216" />
<af-end id="5003" timestamp="2019-07-02T20:42:35.237" threadId="00000000022F6088" success="true" from="nursery"/>
<exclusive-end id="5004" timestamp="2019-07-02T20:42:35.237" durationms="1.301" />

<exclusive-start id="5005" timestamp="2019-07-02T20:42:35.240" intervalms="4.753">
  <response-info timems="0.020" idlems="0.020" threads="0" lastid="00000000022F5700" lastname="main" />
</exclusive-start>
<af-start id="5006" threadId="00000000022F6088" totalBytesRequested="16" timestamp="2019-07-02T20:42:35.240" intervalms="4.753" type="nursery" />
<cycle-start id="5007" type="scavenge" contextid="0" timestamp="2019-07-02T20:42:35.240" intervalms="4.762" />
  <attribute name="GC Util" value="8" />
  <attribute name="CPU Util" value="3944408454824" />
  <attribute name="Time Running"value="16336"/>
  <attribute name="Number of cores"value="4"/>
<gc-start id="5008" type="scavenge" contextid="5007" timestamp="2019-07-02T20:42:35.241">
  <mem-info id="5009" free="7542488" total="44826624" percent="16">
    <mem type="nursery" free="0" total="18612224" percent="0">
      <mem type="allocate" free="0" total="16711680" percent="0" />
      <mem type="survivor" free="0" total="1900544" percent="0" />
    </mem>
    <mem type="tenure" free="7542488" total="26214400" percent="28">
      <mem type="soa" free="6231768" total="24903680" percent="25" />
      <mem type="loa" free="1310720" total="1310720" percent="100" />
    </mem>
    <remembered-set count="92" />
  </mem-info>
</gc-start>
<allocation-stats totalBytes="16663720" >
  <allocated-bytes non-tlh="216" tlh="16663504" />
  <largest-consumer threadName="main" threadId="00000000022F5700" bytes="16663720" />
</allocation-stats>
<gc-op id="5010" type="scavenge" timems="0.177" contextid="5007" timestamp="2019-07-02T20:42:35.241">
  <scavenger-info tenureage="3" tenuremask="fff8" tiltratio="89" />
  <memory-copied type="nursery" objects="8" bytes="184" bytesdiscarded="38984" />
</gc-op>
<gc-end id="5011" type="scavenge" contextid="5007" durationms="0.580" usertimems="4.000" systemtimems="0.000" timestamp="2019-07-02T20:42:35.241" activeThreads="4">
  <mem-info id="5012" free="24215000" total="44826624" percent="54">
    <mem type="nursery" free="16672512" total="18612224" percent="89">
      <mem type="allocate" free="16672512" total="16711680" percent="99" />
      <mem type="survivor" free="0" total="1900544" percent="0" />
    </mem>
    <mem type="tenure" free="7542488" total="26214400" percent="28">
      <mem type="soa" free="6231768" total="24903680" percent="25" />
      <mem type="loa" free="1310720" total="1310720" percent="100" />
    </mem>
    <remembered-set count="92" />
  </mem-info>
</gc-end>
<cycle-end id="5013" type="scavenge" contextid="5007" timestamp="2019-07-02T20:42:35.241">
  <attribute name="GC Util" value="8" />
  <attribute name="CPU Util" value="3898971551355" />
  <attribute name="Time Running"value="16341"/>
  <attribute name="Number of cores"value="4"/>
</cycle-end>
<allocation-satisfied id="5014" threadId="00000000022F5700" bytesRequested="16" />
<af-end id="5015" timestamp="2019-07-02T20:42:35.241" threadId="00000000022F6088" success="true" from="nursery"/>
<exclusive-end id="5016" timestamp="2019-07-02T20:42:35.241" durationms="1.198" />

<exclusive-start id="5017" timestamp="2019-07-02T20:42:35.245" intervalms="4.694">
  <response-info timems="0.067" idlems="0.067" threads="0" lastid="00000000022F5700" lastname="main" />
</exclusive-start>
<af-start id="5018" threadId="00000000022F6088" totalBytesRequested="32" timestamp="2019-07-02T20:42:35.245" intervalms="4.697" type="nursery" />
<cycle-start id="5019" type="scavenge" contextid="0" timestamp="2019-07-02T20:42:35.245" intervalms="4.641" />
  <attribute name="GC Util" value="8" />
  <attribute name="CPU Util" value="3898971551355" />
  <attribute name="Time Running"value="16341"/>
  <attribute name="Number of cores"value="4"/>
<gc-start id="5020" type="scavenge" contextid="5019" timestamp="2019-07-02T20:42:35.245">
  <mem-info id="5021" free="7542488" total="44826624" percent="16">
    <mem type="nursery" free="0" total="18612224" percent="0">
      <mem type="allocate" free="0" total="16711680" percent="0" />
      <mem type="survivor" free="0" total="1900544" percent="0" />
    </mem>
    <mem type="tenure" free="7542488" total="26214400" percent="28">
      <mem type="soa" free="6231768" total="24903680" percent="25" />
      <mem type="loa" free="1310720" total="1310720" percent="100" />
    </mem>
    <remembered-set count="92" />
  </mem-info>
</gc-start>
<allocation-stats totalBytes="16663504" >
  <allocated-bytes non-tlh="16" tlh="16663488" />
  <largest-consumer threadName="main" threadId="00000000022F5700" bytes="16663504" />
</allocation-stats>
<gc-op id="5022" type="scavenge" timems="0.176" contextid="5019" timestamp="2019-07-02T20:42:35.246">
  <scavenger-info tenureage="3" tenuremask="fff8" tiltratio="89" />
  <memory-copied type="nursery" objects="7" bytes="496" bytesdiscarded="77840" />
</gc-op>
<gc-end id="5023" type="scavenge" contextid="5019" durationms="0.384" usertimems="0.000" systemtimems="4.000" timestamp="2019-07-02T20:42:35.246" activeThreads="4">
  <mem-info id="5024" free="24175832" total="44826624" percent="53">
    <mem type="nursery" free="16633344" total="18612224" percent="89">
      <mem type="allocate" free="16633344" total="16711680" percent="99" />
      <mem type="survivor" free="0" total="1900544" percent="0" />
    </mem>
    <mem type="tenure" free="7542488" total="26214400" percent="28">
      <mem type="soa" free="6231768" total="24903680" percent="25" />
      <mem type="loa" free="1310720" total="1310720" percent="100" />
    </mem>
    <remembered-set count="92" />
  </mem-info>
</gc-end>
<cycle-end id="5025" type="scavenge" contextid="5019" timestamp="2019-07-02T20:42:35.246">
  <attribute name="GC Util" value="8" />
  <attribute name="CPU Util" value="4057925288933" />
  <attribute name="Time Running"value="16346"/>
  <attribute name="Number of cores"value="4"/>
</cycle-end>
<allocation-satisfied id="5026" threadId="00000000022F5700" bytesRequested="32" />
<af-end id="5027" timestamp="2019-07-02T20:42:35.246" threadId="00000000022F6088" success="true" from="nursery"/>
<exclusive-end id="5028" timestamp="2019-07-02T20:42:35.246" durationms="0.979" />

<exclusive-start id="5029" timestamp="2019-07-02T20:42:35.249" intervalms="4.386">
  <response-info timems="0.019" idlems="0.019" threads="0" lastid="00000000022F5700" lastname="main" />
</exclusive-start>
<af-start id="5030" threadId="00000000022F6088" totalBytesRequested="16" timestamp="2019-07-02T20:42:35.249" intervalms="4.385" type="nursery" />
<cycle-start id="5031" type="scavenge" contextid="0" timestamp="2019-07-02T20:42:35.250" intervalms="4.439" />
  <attribute name="GC Util" value="8" />
  <attribute name="CPU Util" value="4057925288933" />
  <attribute name="Time Running"value="16346"/>
  <attribute name="Number of cores"value="4"/>
<gc-start id="5032" type="scavenge" contextid="5031" timestamp="2019-07-02T20:42:35.250">
  <mem-info id="5033" free="7542488" total="44826624" percent="16">
    <mem type="nursery" free="0" total="18612224" percent="0">
      <mem type="allocate" free="0" total="16711680" percent="0" />
      <mem type="survivor" free="0" total="1900544" percent="0" />
    </mem>
    <mem type="tenure" free="7542488" total="26214400" percent="28">
      <mem type="soa" free="6231768" total="24903680" percent="25" />
      <mem type="loa" free="1310720" total="1310720" percent="100" />
    </mem>
    <remembered-set count="92" />
  </mem-info>
</gc-start>
<allocation-stats totalBytes="16624056" >
  <allocated-bytes non-tlh="32" tlh="16624024" />
  <largest-consumer threadName="main" threadId="00000000022F5700" bytes="16624056" />
</allocation-stats>
<gc-op id="5034" type="scavenge" timems="0.174" contextid="5031" timestamp="2019-07-02T20:42:35.250">
  <scavenger-info tenureage="3" tenuremask="fff8" tiltratio="89" />
  <memory-copied type="nursery" objects="8" bytes="512" bytesdiscarded="38656" />
</gc-op>
<gc-end id="5035" type="scavenge" contextid="5031" durationms="0.510" usertimems="0.000" systemtimems="0.000" timestamp="2019-07-02T20:42:35.250" activeThreads="4">
  <mem-info id="5036" free="24215000" total="44826624" percent="54">
    <mem type="nursery" free="16672512" total="18612224" percent="89">
      <mem type="allocate" free="16672512" total="16711680" percent="99" />
      <mem type="survivor" free="0" total="1900544" percent="0" />
    </mem>
    <mem type="tenure" free="7542488" total="26214400" percent="28">
      <mem type="soa" free="6231768" total="24903680" percent="25" />
      <mem type="loa" free="1310720" total="1310720" percent="100" />
    </mem>
    <remembered-set count="92" />
  </mem-info>
</gc-end>
<cycle-end id="5037" type="scavenge" contextid="5031" timestamp="2019-07-02T20:42:35.250">
  <attribute name="GC Util" value="8" />
  <attribute name="CPU Util" value="4100410896171" />
  <attribute name="Time Running"value="16350"/>
  <attribute name="Number of cores"value="4"/>
</cycle-end>
<allocation-satisfied id="5038" threadId="00000000022F5700" bytesRequested="16" />
<af-end id="5039" timestamp="2019-07-02T20:42:35.251" threadId="00000000022F6088" success="true" from="nursery"/>
<exclusive-end id="5040" timestamp="2019-07-02T20:42:35.251" durationms="1.268" />

<exclusive-start id="5041" timestamp="2019-07-02T20:42:35.254" intervalms="4.754">
  <response-info timems="0.071" idlems="0.071" threads="0" lastid="00000000022F5700" lastname="main" />
</exclusive-start>
<af-start id="5042" threadId="00000000022F6088" totalBytesRequested="280" timestamp="2019-07-02T20:42:35.254" intervalms="4.752" type="nursery" />
<cycle-start id="5043" type="scavenge" contextid="0" timestamp="2019-07-02T20:42:35.254" intervalms="4.751" />
  <attribute name="GC Util" value="8" />
  <attribute name="CPU Util" value="4100410896171" />
  <attribute name="Time Running"value="16350"/>
  <attribute name="Number of cores"value="4"/>
<gc-start id="5044" type="scavenge" contextid="5043" timestamp="2019-07-02T20:42:35.254">
  <mem-info id="5045" free="7542488" total="44826624" percent="16">
    <mem type="nursery" free="0" total="18612224" percent="0">
      <mem type="allocate" free="0" total="16711680" percent="0" />
      <mem type="survivor" free="0" total="1900544" percent="0" />
    </mem>
    <mem type="tenure" free="7542488" total="26214400" percent="28">
      <mem type="soa" free="6231768" total="24903680" percent="25" />
      <mem type="loa" free="1310720" total="1310720" percent="100" />
    </mem>
    <remembered-set count="92" />
  </mem-info>
</gc-start>
<allocation-stats totalBytes="16662472" >
  <allocated-bytes non-tlh="16" tlh="16662456" />
  <largest-consumer threadName="main" threadId="00000000022F5700" bytes="16662472" />
</allocation-stats>
<gc-op id="5046" type="scavenge" timems="0.180" contextid="5043" timestamp="2019-07-02T20:42:35.255">
  <scavenger-info tenureage="3" tenuremask="fff8" tiltratio="89" />
  <memory-copied type="nursery" objects="5" bytes="360" bytesdiscarded="38808" />
</gc-op>
<gc-end id="5047" type="scavenge" contextid="5043" durationms="0.585" usertimems="0.000" systemtimems="0.000" timestamp="2019-07-02T20:42:35.255" activeThreads="4">
  <mem-info id="5048" free="24215000" total="44826624" percent="54">
    <mem type="nursery" free="16672512" total="18612224" percent="89">
      <mem type="allocate" free="16672512" total="16711680" percent="99" />
      <mem type="survivor" free="0" total="1900544" percent="0" />
    </mem>
    <mem type="tenure" free="7542488" total="26214400" percent="28">
      <mem type="soa" free="6231768" total="24903680" percent="25" />
      <mem type="loa" free="1310720" total="1310720" percent="100" />
    </mem>
    <remembered-set count="92" />
  </mem-info>
</gc-end>
<cycle-end id="5049" type="scavenge" contextid="5043" timestamp="2019-07-02T20:42:35.255">
  <attribute name="GC Util" value="8" />
  <attribute name="CPU Util" value="3808305806052" />
  <attribute name="Time Running"value="16355"/>
  <attribute name="Number of cores"value="4"/>
</cycle-end>
<allocation-satisfied id="5050" threadId="00000000022F5700" bytesRequested="280" />
<af-end id="5051" timestamp="2019-07-02T20:42:35.255" threadId="00000000022F6088" success="true" from="nursery"/>
<exclusive-end id="5052" timestamp="2019-07-02T20:42:35.255" durationms="1.285" />

<exclusive-start id="5053" timestamp="2019-07-02T20:42:35.259" intervalms="4.740">
  <response-info timems="0.019" idlems="0.019" threads="0" lastid="00000000022F5700" lastname="main" />
</exclusive-start>
<af-start id="5054" threadId="00000000022F6088" totalBytesRequested="152" timestamp="2019-07-02T20:42:35.259" intervalms="4.773" type="nursery" />
<cycle-start id="5055" type="scavenge" contextid="0" timestamp="2019-07-02T20:42:35.259" intervalms="4.773" />
  <attribute name="GC Util" value="8" />
  <attribute name="CPU Util" value="3808305806052" />
  <attribute name="Time Running"value="16355"/>
  <attribute name="Number of cores"value="4"/>
<gc-start id="5056" type="scavenge" contextid="5055" timestamp="2019-07-02T20:42:35.259">
  <mem-info id="5057" free="7542488" total="44826624" percent="16">
    <mem type="nursery" free="0" total="18612224" percent="0">
      <mem type="allocate" free="0" total="16711680" percent="0" />
      <mem type="survivor" free="0" total="1900544" percent="0" />
    </mem>
    <mem type="tenure" free="7542488" total="26214400" percent="28">
      <mem type="soa" free="6231768" total="24903680" percent="25" />
      <mem type="loa" free="1310720" total="1310720" percent="100" />
    </mem>
    <remembered-set count="92" />
  </mem-info>
</gc-start>
<allocation-stats totalBytes="16663720" >
  <allocated-bytes non-tlh="280" tlh="16663440" />
  <largest-consumer threadName="main" threadId="00000000022F5700" bytes="16663720" />
</allocation-stats>
<gc-op id="5058" type="scavenge" timems="0.173" contextid="5055" timestamp="2019-07-02T20:42:35.260">
  <scavenger-info tenureage="3" tenuremask="fff8" tiltratio="89" />
  <memory-copied type="nursery" objects="5" bytes="232" bytesdiscarded="38936" />
</gc-op>
<gc-end id="5059" type="scavenge" contextid="5055" durationms="0.488" usertimems="0.000" systemtimems="0.000" timestamp="2019-07-02T20:42:35.260" activeThreads="4">
  <mem-info id="5060" free="24215000" total="44826624" percent="54">
    <mem type="nursery" free="16672512" total="18612224" percent="89">
      <mem type="allocate" free="16672512" total="16711680" percent="99" />
      <mem type="survivor" free="0" total="1900544" percent="0" />
    </mem>
    <mem type="tenure" free="7542488" total="26214400" percent="28">
      <mem type="soa" free="6231768" total="24903680" percent="25" />
      <mem type="loa" free="1310720" total="1310720" percent="100" />
    </mem>
    <remembered-set count="92" />
  </mem-info>
</gc-end>
<cycle-end id="5061" type="scavenge" contextid="5055" timestamp="2019-07-02T20:42:35.260">
  <attribute name="GC Util" value="8" />
  <attribute name="CPU Util" value="3906708700416" />
  <attribute name="Time Running"value="16360"/>
  <attribute name="Number of cores"value="4"/>
</cycle-end>
<allocation-satisfied id="5062" threadId="00000000022F5700" bytesRequested="152" />
<af-end id="5063" timestamp="2019-07-02T20:42:35.260" threadId="00000000022F6088" success="true" from="nursery"/>
<exclusive-end id="5064" timestamp="2019-07-02T20:42:35.260" durationms="1.125" />

<exclusive-start id="5065" timestamp="2019-07-02T20:42:35.263" intervalms="4.593">
  <response-info timems="0.054" idlems="0.054" threads="0" lastid="00000000022F5700" lastname="main" />
</exclusive-start>
<af-start id="5066" threadId="00000000022F6088" totalBytesRequested="264" timestamp="2019-07-02T20:42:35.263" intervalms="4.559" type="nursery" />
<cycle-start id="5067" type="scavenge" contextid="0" timestamp="2019-07-02T20:42:35.264" intervalms="4.564" />
  <attribute name="GC Util" value="8" />
  <attribute name="CPU Util" value="3906708700416" />
  <attribute name="Time Running"value="16360"/>
  <attribute name="Number of cores"value="4"/>
<gc-start id="5068" type="scavenge" contextid="5067" timestamp="2019-07-02T20:42:35.264">
  <mem-info id="5069" free="7542488" total="44826624" percent="16">
    <mem type="nursery" free="0" total="18612224" percent="0">
      <mem type="allocate" free="0" total="16711680" percent="0" />
      <mem type="survivor" free="0" total="1900544" percent="0" />
    </mem>
    <mem type="tenure" free="7542488" total="26214400" percent="28">
      <mem type="soa" free="6231768" total="24903680" percent="25" />
      <mem type="loa" free="1310720" total="1310720" percent="100" />
    </mem>
    <remembered-set count="92" />
  </mem-info>
</gc-start>
<allocation-stats totalBytes="16663440" >
  <allocated-bytes non-tlh="152" tlh="16663288" />
  <largest-consumer threadName="main" threadId="00000000022F5700" bytes="16663440" />
</allocation-stats>
<gc-op id="5070" type="scavenge" timems="0.164" contextid="5067" timestamp="2019-07-02T20:42:35.264">
  <scavenger-info tenureage="3" tenuremask="fff8" tiltratio="89" />
  <memory-copied type="nursery" objects="5" bytes="352" bytesdiscarded="38816" />
</gc-op>
<gc-end id="5071" type="scavenge" contextid="5067" durationms="0.546" usertimems="0.000" systemtimems="0.000" timestamp="2019-07-02T20:42:35.264" activeThreads="4">
  <mem-info id="5072" free="24215000" total="44826624" percent="54">
    <mem type="nursery" free="16672512" total="18612224" percent="89">
      <mem type="allocate" free="16672512" total="16711680" percent="99" />
      <mem type="survivor" free="0" total="1900544" percent="0" />
    </mem>
    <mem type="tenure" free="7542488" total="26214400" percent="28">
      <mem type="soa" free="6231768" total="24903680" percent="25" />
      <mem type="loa" free="1310720" total="1310720" percent="100" />
    </mem>
    <remembered-set count="92" />
  </mem-info>
</gc-end>
<cycle-end id="5073" type="scavenge" contextid="5067" timestamp="2019-07-02T20:42:35.264">
  <attribute name="GC Util" value="8" />
  <attribute name="CPU Util" value="4027898507229" />
  <attribute name="Time Running"value="16364"/>
  <attribute name="Number of cores"value="4"/>
</cycle-end>
<allocation-satisfied id="5074" threadId="00000000022F5700" bytesRequested="264" />
<af-end id="5075" timestamp="2019-07-02T20:42:35.265" threadId="00000000022F6088" success="true" from="nursery"/>
<exclusive-end id="5076" timestamp="2019-07-02T20:42:35.265" durationms="1.264" />

<exclusive-start id="5077" timestamp="2019-07-02T20:42:35.268" intervalms="5.010">
  <response-info timems="0.055" idlems="0.055" threads="0" lastid="00000000022F5700" lastname="main" />
</exclusive-start>
<af-start id="5078" threadId="00000000022F6088" totalBytesRequested="136" timestamp="2019-07-02T20:42:35.269" intervalms="5.016" type="nursery" />
<cycle-start id="5079" type="scavenge" contextid="0" timestamp="2019-07-02T20:42:35.269" intervalms="5.013" />
  <attribute name="GC Util" value="8" />
  <attribute name="CPU Util" value="4027898507229" />
  <attribute name="Time Running"value="16364"/>
  <attribute name="Number of cores"value="4"/>
<gc-start id="5080" type="scavenge" contextid="5079" timestamp="2019-07-02T20:42:35.269">
  <mem-info id="5081" free="7542488" total="44826624" percent="16">
    <mem type="nursery" free="0" total="18612224" percent="0">
      <mem type="allocate" free="0" total="16711680" percent="0" />
      <mem type="survivor" free="0" total="1900544" percent="0" />
    </mem>
    <mem type="tenure" free="7542488" total="26214400" percent="28">
      <mem type="soa" free="6231768" total="24903680" percent="25" />
      <mem type="loa" free="1310720" total="1310720" percent="100" />
    </mem>
    <remembered-set count="97" />
  </mem-info>
</gc-start>
<allocation-stats totalBytes="16661472" >
  <allocated-bytes non-tlh="264" tlh="16661208" />
  <largest-consumer threadName="main" threadId="00000000022F5700" bytes="16661472" />
</allocation-stats>
<gc-op id="5082" type="scavenge" timems="0.177" contextid="5079" timestamp="2019-07-02T20:42:35.269">
  <scavenger-info tenureage="3" tenuremask="fff8" tiltratio="89" />
  <memory-copied type="nursery" objects="27" bytes="1168" bytesdiscarded="38000" />
</gc-op>
<gc-end id="5083" type="scavenge" contextid="5079" durationms="0.538" usertimems="4.000" systemtimems="0.000" timestamp="2019-07-02T20:42:35.269" activeThreads="4">
  <mem-info id="5084" free="24215000" total="44826624" percent="54">
    <mem type="nursery" free="16672512" total="18612224" percent="89">
      <mem type="allocate" free="16672512" total="16711680" percent="99" />
      <mem type="survivor" free="0" total="1900544" percent="0" />
    </mem>
    <mem type="tenure" free="7542488" total="26214400" percent="28">
      <mem type="soa" free="6231768" total="24903680" percent="25" />
      <mem type="loa" free="1310720" total="1310720" percent="100" />
    </mem>
    <remembered-set count="97" />
  </mem-info>
</gc-end>
<cycle-end id="5085" type="scavenge" contextid="5079" timestamp="2019-07-02T20:42:35.269">
  <attribute name="GC Util" value="7" />
  <attribute name="CPU Util" value="3647288276011" />
  <attribute name="Time Running"value="16369"/>
  <attribute name="Number of cores"value="4"/>
</cycle-end>
<allocation-satisfied id="5086" threadId="00000000022F5700" bytesRequested="136" />
<af-end id="5087" timestamp="2019-07-02T20:42:35.270" threadId="00000000022F6088" success="true" from="nursery"/>
<exclusive-end id="5088" timestamp="2019-07-02T20:42:35.270" durationms="1.266" />

<exclusive-start id="5089" timestamp="2019-07-02T20:42:35.273" intervalms="4.956">
  <response-info timems="0.067" idlems="0.067" threads="0" lastid="00000000022F5700" lastname="main" />
</exclusive-start>
<af-start id="5090" threadId="00000000022F6088" totalBytesRequested="40" timestamp="2019-07-02T20:42:35.274" intervalms="5.045" type="nursery" />
<cycle-start id="5091" type="scavenge" contextid="0" timestamp="2019-07-02T20:42:35.274" intervalms="5.046" />
  <attribute name="GC Util" value="7" />
  <attribute name="CPU Util" value="3647288276011" />
  <attribute name="Time Running"value="16369"/>
  <attribute name="Number of cores"value="4"/>
<gc-start id="5092" type="scavenge" contextid="5091" timestamp="2019-07-02T20:42:35.274">
  <mem-info id="5093" free="7542488" total="44826624" percent="16">
    <mem type="nursery" free="0" total="18612224" percent="0">
      <mem type="allocate" free="0" total="16711680" percent="0" />
      <mem type="survivor" free="0" total="1900544" percent="0" />
    </mem>
    <mem type="tenure" free="7542488" total="26214400" percent="28">
      <mem type="soa" free="6231768" total="24903680" percent="25" />
      <mem type="loa" free="1310720" total="1310720" percent="100" />
    </mem>
    <remembered-set count="97" />
  </mem-info>
</gc-start>
<allocation-stats totalBytes="16657880" >
  <allocated-bytes non-tlh="136" tlh="16657744" />
  <largest-consumer threadName="main" threadId="00000000022F5700" bytes="16657880" />
</allocation-stats>
<gc-op id="5094" type="scavenge" timems="0.186" contextid="5091" timestamp="2019-07-02T20:42:35.274">
  <scavenger-info tenureage="11" tenuremask="f800" tiltratio="89" />
  <memory-copied type="nursery" objects="29" bytes="1368" bytesdiscarded="76968" />
</gc-op>
<gc-end id="5095" type="scavenge" contextid="5091" durationms="0.610" usertimems="4.000" systemtimems="0.000" timestamp="2019-07-02T20:42:35.274" activeThreads="4">
  <mem-info id="5096" free="24175832" total="44826624" percent="53">
    <mem type="nursery" free="16633344" total="18612224" percent="89">
      <mem type="allocate" free="16633344" total="16711680" percent="99" />
      <mem type="survivor" free="0" total="1900544" percent="0" />
    </mem>
    <mem type="tenure" free="7542488" total="26214400" percent="28">
      <mem type="soa" free="6231768" total="24903680" percent="25" />
      <mem type="loa" free="1310720" total="1310720" percent="100" />
    </mem>
    <remembered-set count="92" />
  </mem-info>
</gc-end>
<cycle-end id="5097" type="scavenge" contextid="5091" timestamp="2019-07-02T20:42:35.275">
  <attribute name="GC Util" value="8" />
  <attribute name="CPU Util" value="3634776273235" />
  <attribute name="Time Running"value="16374"/>
  <attribute name="Number of cores"value="4"/>
</cycle-end>
<allocation-satisfied id="5098" threadId="00000000022F5700" bytesRequested="40" />
<af-end id="5099" timestamp="2019-07-02T20:42:35.275" threadId="00000000022F6088" success="true" from="nursery"/>
<exclusive-end id="5100" timestamp="2019-07-02T20:42:35.275" durationms="1.410" />

<exclusive-start id="5101" timestamp="2019-07-02T20:42:35.279" intervalms="5.157">
  <response-info timems="0.020" idlems="0.020" threads="0" lastid="00000000022F5700" lastname="main" />
</exclusive-start>
<af-start id="5102" threadId="00000000022F6088" totalBytesRequested="40" timestamp="2019-07-02T20:42:35.279" intervalms="5.105" type="nursery" />
<cycle-start id="5103" type="scavenge" contextid="0" timestamp="2019-07-02T20:42:35.279" intervalms="5.084" />
  <attribute name="GC Util" value="8" />
  <attribute name="CPU Util" value="3634776273235" />
  <attribute name="Time Running"value="16374"/>
  <attribute name="Number of cores"value="4"/>
<gc-start id="5104" type="scavenge" contextid="5103" timestamp="2019-07-02T20:42:35.279">
  <mem-info id="5105" free="7542488" total="44826624" percent="16">
    <mem type="nursery" free="0" total="18612224" percent="0">
      <mem type="allocate" free="0" total="16711680" percent="0" />
      <mem type="survivor" free="0" total="1900544" percent="0" />
    </mem>
    <mem type="tenure" free="7542488" total="26214400" percent="28">
      <mem type="soa" free="6231768" total="24903680" percent="25" />
      <mem type="loa" free="1310720" total="1310720" percent="100" />
    </mem>
    <remembered-set count="92" />
  </mem-info>
</gc-start>
<allocation-stats totalBytes="16618384" >
  <allocated-bytes non-tlh="40" tlh="16618344" />
  <largest-consumer threadName="main" threadId="00000000022F5700" bytes="16618384" />
</allocation-stats>
<gc-op id="5106" type="scavenge" timems="0.179" contextid="5103" timestamp="2019-07-02T20:42:35.279">
  <scavenger-info tenureage="11" tenuremask="f800" tiltratio="89" />
  <memory-copied type="nursery" objects="27" bytes="1072" bytesdiscarded="77264" />
</gc-op>
<gc-end id="5107" type="scavenge" contextid="5103" durationms="0.342" usertimems="0.000" systemtimems="0.000" timestamp="2019-07-02T20:42:35.279" activeThreads="4">
  <mem-info id="5108" free="24175832" total="44826624" percent="53">
    <mem type="nursery" free="16633344" total="18612224" percent="89">
      <mem type="allocate" free="16633344" total="16711680" percent="99" />
      <mem type="survivor" free="0" total="1900544" percent="0" />
    </mem>
    <mem type="tenure" free="7542488" total="26214400" percent="28">
      <mem type="soa" free="6231768" total="24903680" percent="25" />
      <mem type="loa" free="1310720" total="1310720" percent="100" />
    </mem>
    <remembered-set count="92" />
  </mem-info>
</gc-end>
<cycle-end id="5109" type="scavenge" contextid="5103" timestamp="2019-07-02T20:42:35.279">
  <attribute name="GC Util" value="8" />
  <attribute name="CPU Util" value="3807158271374" />
  <attribute name="Time Running"value="16379"/>
  <attribute name="Number of cores"value="4"/>
</cycle-end>
<allocation-satisfied id="5110" threadId="00000000022F5700" bytesRequested="40" />
<af-end id="5111" timestamp="2019-07-02T20:42:35.280" threadId="00000000022F6088" success="true" from="nursery"/>
<exclusive-end id="5112" timestamp="2019-07-02T20:42:35.280" durationms="1.011" />

<exclusive-start id="5113" timestamp="2019-07-02T20:42:35.283" intervalms="4.767">
  <response-info timems="0.067" idlems="0.067" threads="0" lastid="00000000022F5700" lastname="main" />
</exclusive-start>
<af-start id="5114" threadId="00000000022F6088" totalBytesRequested="264" timestamp="2019-07-02T20:42:35.283" intervalms="4.729" type="nursery" />
<cycle-start id="5115" type="scavenge" contextid="0" timestamp="2019-07-02T20:42:35.284" intervalms="4.748" />
  <attribute name="GC Util" value="8" />
  <attribute name="CPU Util" value="3807158271374" />
  <attribute name="Time Running"value="16379"/>
  <attribute name="Number of cores"value="4"/>
<gc-start id="5116" type="scavenge" contextid="5115" timestamp="2019-07-02T20:42:35.284">
  <mem-info id="5117" free="7542488" total="44826624" percent="16">
    <mem type="nursery" free="0" total="18612224" percent="0">
      <mem type="allocate" free="0" total="16711680" percent="0" />
      <mem type="survivor" free="0" total="1900544" percent="0" />
    </mem>
    <mem type="tenure" free="7542488" total="26214400" percent="28">
      <mem type="soa" free="6231768" total="24903680" percent="25" />
      <mem type="loa" free="1310720" total="1310720" percent="100" />
    </mem>
    <remembered-set count="92" />
  </mem-info>
</gc-start>
<allocation-stats totalBytes="16618384" >
  <allocated-bytes non-tlh="40" tlh="16618344" />
  <largest-consumer threadName="main" threadId="00000000022F5700" bytes="16618384" />
</allocation-stats>
<gc-op id="5118" type="scavenge" timems="0.212" contextid="5115" timestamp="2019-07-02T20:42:35.284">
  <scavenger-info tenureage="3" tenuremask="f808" tiltratio="89" />
  <memory-copied type="nursery" objects="5" bytes="352" bytesdiscarded="38816" />
  <memory-copied type="tenure" objects="22" bytes="944" bytesdiscarded="0" />
</gc-op>
<gc-end id="5119" type="scavenge" contextid="5115" durationms="0.619" usertimems="0.000" systemtimems="0.000" timestamp="2019-07-02T20:42:35.284" activeThreads="4">
  <mem-info id="5120" free="24215000" total="44826624" percent="54">
    <mem type="nursery" free="16672512" total="18612224" percent="89">
      <mem type="allocate" free="16672512" total="16711680" percent="99" />
      <mem type="survivor" free="0" total="1900544" percent="0" />
    </mem>
    <mem type="tenure" free="7542488" total="26214400" percent="28">
      <mem type="soa" free="6231768" total="24903680" percent="25" />
      <mem type="loa" free="1310720" total="1310720" percent="100" />
    </mem>
    <remembered-set count="92" />
  </mem-info>
</gc-end>
<cycle-end id="5121" type="scavenge" contextid="5115" timestamp="2019-07-02T20:42:35.284">
  <attribute name="GC Util" value="8" />
  <attribute name="CPU Util" value="3721910308712" />
  <attribute name="Time Running"value="16384"/>
  <attribute name="Number of cores"value="4"/>
</cycle-end>
<allocation-satisfied id="5122" threadId="00000000022F5700" bytesRequested="264" />
<af-end id="5123" timestamp="2019-07-02T20:42:35.285" threadId="00000000022F6088" success="true" from="nursery"/>
<exclusive-end id="5124" timestamp="2019-07-02T20:42:35.285" durationms="1.328" />

<exclusive-start id="5125" timestamp="2019-07-02T20:42:35.288" intervalms="5.110">
  <response-info timems="0.020" idlems="0.020" threads="0" lastid="00000000022F5700" lastname="main" />
</exclusive-start>
<af-start id="5126" threadId="00000000022F6088" totalBytesRequested="264" timestamp="2019-07-02T20:42:35.288" intervalms="5.110" type="nursery" />
<cycle-start id="5127" type="scavenge" contextid="0" timestamp="2019-07-02T20:42:35.289" intervalms="5.052" />
  <attribute name="GC Util" value="8" />
  <attribute name="CPU Util" value="3721910308712" />
  <attribute name="Time Running"value="16384"/>
  <attribute name="Number of cores"value="4"/>
<gc-start id="5128" type="scavenge" contextid="5127" timestamp="2019-07-02T20:42:35.289">
  <mem-info id="5129" free="7542488" total="44826624" percent="16">
    <mem type="nursery" free="0" total="18612224" percent="0">
      <mem type="allocate" free="0" total="16711680" percent="0" />
      <mem type="survivor" free="0" total="1900544" percent="0" />
    </mem>
    <mem type="tenure" free="7542488" total="26214400" percent="28">
      <mem type="soa" free="6231768" total="24903680" percent="25" />
      <mem type="loa" free="1310720" total="1310720" percent="100" />
    </mem>
    <remembered-set count="92" />
  </mem-info>
</gc-start>
<allocation-stats totalBytes="16657176" >
  <allocated-bytes non-tlh="264" tlh="16656912" />
  <largest-consumer threadName="main" threadId="00000000022F5700" bytes="16657176" />
</allocation-stats>
<gc-op id="5130" type="scavenge" timems="0.176" contextid="5127" timestamp="2019-07-02T20:42:35.289">
  <scavenger-info tenureage="11" tenuremask="f800" tiltratio="89" />
  <memory-copied type="nursery" objects="5" bytes="360" bytesdiscarded="77976" />
</gc-op>
<gc-end id="5131" type="scavenge" contextid="5127" durationms="0.342" usertimems="0.000" systemtimems="0.000" timestamp="2019-07-02T20:42:35.289" activeThreads="4">
  <mem-info id="5132" free="24175832" total="44826624" percent="53">
    <mem type="nursery" free="16633344" total="18612224" percent="89">
      <mem type="allocate" free="16633344" total="16711680" percent="99" />
      <mem type="survivor" free="0" total="1900544" percent="0" />
    </mem>
    <mem type="tenure" free="7542488" total="26214400" percent="28">
      <mem type="soa" free="6231768" total="24903680" percent="25" />
      <mem type="loa" free="1310720" total="1310720" percent="100" />
    </mem>
    <remembered-set count="92" />
  </mem-info>
</gc-end>
<cycle-end id="5133" type="scavenge" contextid="5127" timestamp="2019-07-02T20:42:35.289">
  <attribute name="GC Util" value="9" />
  <attribute name="CPU Util" value="3803617852628" />
  <attribute name="Time Running"value="16389"/>
  <attribute name="Number of cores"value="4"/>
</cycle-end>
<allocation-satisfied id="5134" threadId="00000000022F5700" bytesRequested="264" />
<af-end id="5135" timestamp="2019-07-02T20:42:35.289" threadId="00000000022F6088" success="true" from="nursery"/>
<exclusive-end id="5136" timestamp="2019-07-02T20:42:35.289" durationms="0.923" />

<exclusive-start id="5137" timestamp="2019-07-02T20:42:35.294" intervalms="5.788">
  <response-info timems="0.067" idlems="0.067" threads="0" lastid="00000000022F5700" lastname="main" />
</exclusive-start>
<af-start id="5138" threadId="00000000022F6088" totalBytesRequested="64" timestamp="2019-07-02T20:42:35.294" intervalms="5.879" type="nursery" />
<cycle-start id="5139" type="scavenge" contextid="0" timestamp="2019-07-02T20:42:35.295" intervalms="5.940" />
  <attribute name="GC Util" value="9" />
  <attribute name="CPU Util" value="3803617852628" />
  <attribute name="Time Running"value="16389"/>
  <attribute name="Number of cores"value="4"/>
<gc-start id="5140" type="scavenge" contextid="5139" timestamp="2019-07-02T20:42:35.295">
  <mem-info id="5141" free="7542488" total="44826624" percent="16">
    <mem type="nursery" free="0" total="18612224" percent="0">
      <mem type="allocate" free="0" total="16711680" percent="0" />
      <mem type="survivor" free="0" total="1900544" percent="0" />
    </mem>
    <mem type="tenure" free="7542488" total="26214400" percent="28">
      <mem type="soa" free="6231768" total="24903680" percent="25" />
      <mem type="loa" free="1310720" total="1310720" percent="100" />
    </mem>
    <remembered-set count="97" />
  </mem-info>
</gc-start>
<allocation-stats totalBytes="16621192" >
  <allocated-bytes non-tlh="264" tlh="16620928" />
  <largest-consumer threadName="main" threadId="00000000022F5700" bytes="16621192" />
</allocation-stats>
<gc-op id="5142" type="scavenge" timems="0.188" contextid="5139" timestamp="2019-07-02T20:42:35.295">
  <scavenger-info tenureage="11" tenuremask="f800" tiltratio="89" />
  <memory-copied type="nursery" objects="46" bytes="2088" bytesdiscarded="37080" />
</gc-op>
<gc-end id="5143" type="scavenge" contextid="5139" durationms="0.466" usertimems="0.000" systemtimems="0.000" timestamp="2019-07-02T20:42:35.295" activeThreads="4">
  <mem-info id="5144" free="24215000" total="44826624" percent="54">
    <mem type="nursery" free="16672512" total="18612224" percent="89">
      <mem type="allocate" free="16672512" total="16711680" percent="99" />
      <mem type="survivor" free="0" total="1900544" percent="0" />
    </mem>
    <mem type="tenure" free="7542488" total="26214400" percent="28">
      <mem type="soa" free="6231768" total="24903680" percent="25" />
      <mem type="loa" free="1310720" total="1310720" percent="100" />
    </mem>
    <remembered-set count="97" />
  </mem-info>
</gc-end>
<cycle-end id="5145" type="scavenge" contextid="5139" timestamp="2019-07-02T20:42:35.295">
  <attribute name="GC Util" value="6" />
  <attribute name="CPU Util" value="3002669514064" />
  <attribute name="Time Running"value="16395"/>
  <attribute name="Number of cores"value="4"/>
</cycle-end>
<allocation-satisfied id="5146" threadId="00000000022F5700" bytesRequested="64" />
<af-end id="5147" timestamp="2019-07-02T20:42:35.295" threadId="00000000022F6088" success="true" from="nursery"/>
<exclusive-end id="5148" timestamp="2019-07-02T20:42:35.295" durationms="1.242" />

<exclusive-start id="5149" timestamp="2019-07-02T20:42:35.302" intervalms="8.000">
  <response-info timems="0.058" idlems="0.058" threads="0" lastid="00000000022F5700" lastname="main" />
</exclusive-start>
<af-start id="5150" threadId="00000000022F6088" totalBytesRequested="136" timestamp="2019-07-02T20:42:35.302" intervalms="7.999" type="nursery" />
<cycle-start id="5151" type="scavenge" contextid="0" timestamp="2019-07-02T20:42:35.303" intervalms="7.999" />
  <attribute name="GC Util" value="6" />
  <attribute name="CPU Util" value="3002669514064" />
  <attribute name="Time Running"value="16395"/>
  <attribute name="Number of cores"value="4"/>
<gc-start id="5152" type="scavenge" contextid="5151" timestamp="2019-07-02T20:42:35.303">
  <mem-info id="5153" free="7542488" total="44826624" percent="16">
    <mem type="nursery" free="0" total="18612224" percent="0">
      <mem type="allocate" free="0" total="16711680" percent="0" />
      <mem type="survivor" free="0" total="1900544" percent="0" />
    </mem>
    <mem type="tenure" free="7542488" total="26214400" percent="28">
      <mem type="soa" free="6231768" total="24903680" percent="25" />
      <mem type="loa" free="1310720" total="1310720" percent="100" />
    </mem>
    <remembered-set count="97" />
  </mem-info>
</gc-start>
<allocation-stats totalBytes="16668640" >
  <allocated-bytes non-tlh="64" tlh="16668576" />
  <largest-consumer threadName="main" threadId="00000000022F5700" bytes="16668640" />
</allocation-stats>
<gc-op id="5154" type="scavenge" timems="0.174" contextid="5151" timestamp="2019-07-02T20:42:35.303">
  <scavenger-info tenureage="8" tenuremask="ff00" tiltratio="89" />
  <memory-copied type="nursery" objects="52" bytes="2384" bytesdiscarded="36784" />
</gc-op>
<gc-end id="5155" type="scavenge" contextid="5151" durationms="0.562" usertimems="0.000" systemtimems="0.000" timestamp="2019-07-02T20:42:35.303" activeThreads="4">
  <mem-info id="5156" free="24215000" total="44826624" percent="54">
    <mem type="nursery" free="16672512" total="18612224" percent="89">
      <mem type="allocate" free="16672512" total="16711680" percent="99" />
      <mem type="survivor" free="0" total="1900544" percent="0" />
    </mem>
    <mem type="tenure" free="7542488" total="26214400" percent="28">
      <mem type="soa" free="6231768" total="24903680" percent="25" />
      <mem type="loa" free="1310720" total="1310720" percent="100" />
    </mem>
    <remembered-set count="92" />
  </mem-info>
</gc-end>
<cycle-end id="5157" type="scavenge" contextid="5151" timestamp="2019-07-02T20:42:35.303">
  <attribute name="GC Util" value="5" />
  <attribute name="CPU Util" value="2290001345914" />
  <attribute name="Time Running"value="16403"/>
  <attribute name="Number of cores"value="4"/>
</cycle-end>
<allocation-satisfied id="5158" threadId="00000000022F5700" bytesRequested="136" />
<af-end id="5159" timestamp="2019-07-02T20:42:35.304" threadId="00000000022F6088" success="true" from="nursery"/>
<exclusive-end id="5160" timestamp="2019-07-02T20:42:35.304" durationms="1.411" />

<exclusive-start id="5161" timestamp="2019-07-02T20:42:35.310" intervalms="8.188">
  <response-info timems="0.073" idlems="0.073" threads="0" lastid="00000000022F5700" lastname="main" />
</exclusive-start>
<af-start id="5162" threadId="00000000022F6088" totalBytesRequested="24" timestamp="2019-07-02T20:42:35.311" intervalms="8.186" type="nursery" />
<cycle-start id="5163" type="scavenge" contextid="0" timestamp="2019-07-02T20:42:35.311" intervalms="8.184" />
  <attribute name="GC Util" value="5" />
  <attribute name="CPU Util" value="2290001345914" />
  <attribute name="Time Running"value="16403"/>
  <attribute name="Number of cores"value="4"/>
<gc-start id="5164" type="scavenge" contextid="5163" timestamp="2019-07-02T20:42:35.311">
  <mem-info id="5165" free="7542488" total="44826624" percent="16">
    <mem type="nursery" free="0" total="18612224" percent="0">
      <mem type="allocate" free="0" total="16711680" percent="0" />
      <mem type="survivor" free="0" total="1900544" percent="0" />
    </mem>
    <mem type="tenure" free="7542488" total="26214400" percent="28">
      <mem type="soa" free="6231768" total="24903680" percent="25" />
      <mem type="loa" free="1310720" total="1310720" percent="100" />
    </mem>
    <remembered-set count="92" />
  </mem-info>
</gc-start>
<allocation-stats totalBytes="16668904" >
  <allocated-bytes non-tlh="136" tlh="16668768" />
  <largest-consumer threadName="main" threadId="00000000022F5700" bytes="16668904" />
</allocation-stats>
<gc-op id="5166" type="scavenge" timems="0.184" contextid="5163" timestamp="2019-07-02T20:42:35.311">
  <scavenger-info tenureage="9" tenuremask="fe00" tiltratio="89" />
  <memory-copied type="nursery" objects="38" bytes="1712" bytesdiscarded="37456" />
</gc-op>
<gc-end id="5167" type="scavenge" contextid="5163" durationms="0.580" usertimems="0.000" systemtimems="0.000" timestamp="2019-07-02T20:42:35.311" activeThreads="4">
  <mem-info id="5168" free="24215000" total="44826624" percent="54">
    <mem type="nursery" free="16672512" total="18612224" percent="89">
      <mem type="allocate" free="16672512" total="16711680" percent="99" />
      <mem type="survivor" free="0" total="1900544" percent="0" />
    </mem>
    <mem type="tenure" free="7542488" total="26214400" percent="28">
      <mem type="soa" free="6231768" total="24903680" percent="25" />
      <mem type="loa" free="1310720" total="1310720" percent="100" />
    </mem>
    <remembered-set count="92" />
  </mem-info>
</gc-end>
<cycle-end id="5169" type="scavenge" contextid="5163" timestamp="2019-07-02T20:42:35.312">
  <attribute name="GC Util" value="4" />
  <attribute name="CPU Util" value="2247454144057" />
  <attribute name="Time Running"value="16411"/>
  <attribute name="Number of cores"value="4"/>
</cycle-end>
<allocation-satisfied id="5170" threadId="00000000022F5700" bytesRequested="24" />
<af-end id="5171" timestamp="2019-07-02T20:42:35.312" threadId="00000000022F6088" success="true" from="nursery"/>
<exclusive-end id="5172" timestamp="2019-07-02T20:42:35.312" durationms="1.451" />

<exclusive-start id="5173" timestamp="2019-07-02T20:42:35.319" intervalms="8.274">
  <response-info timems="0.068" idlems="0.068" threads="0" lastid="00000000022F5700" lastname="main" />
</exclusive-start>
<af-start id="5174" threadId="00000000022F6088" totalBytesRequested="136" timestamp="2019-07-02T20:42:35.319" intervalms="8.275" type="nursery" />
<cycle-start id="5175" type="scavenge" contextid="0" timestamp="2019-07-02T20:42:35.319" intervalms="8.274" />
  <attribute name="GC Util" value="4" />
  <attribute name="CPU Util" value="2247454144057" />
  <attribute name="Time Running"value="16411"/>
  <attribute name="Number of cores"value="4"/>
<gc-start id="5176" type="scavenge" contextid="5175" timestamp="2019-07-02T20:42:35.319">
  <mem-info id="5177" free="7542488" total="44826624" percent="16">
    <mem type="nursery" free="0" total="18612224" percent="0">
      <mem type="allocate" free="0" total="16711680" percent="0" />
      <mem type="survivor" free="0" total="1900544" percent="0" />
    </mem>
    <mem type="tenure" free="7542488" total="26214400" percent="28">
      <mem type="soa" free="6231768" total="24903680" percent="25" />
      <mem type="loa" free="1310720" total="1310720" percent="100" />
    </mem>
    <remembered-set count="92" />
  </mem-info>
</gc-start>
<allocation-stats totalBytes="16668800" >
  <allocated-bytes non-tlh="24" tlh="16668776" />
  <largest-consumer threadName="main" threadId="00000000022F5700" bytes="16668800" />
</allocation-stats>
<gc-op id="5178" type="scavenge" timems="0.211" contextid="5175" timestamp="2019-07-02T20:42:35.320">
  <scavenger-info tenureage="3" tenuremask="fc08" tiltratio="89" />
  <memory-copied type="nursery" objects="26" bytes="1208" bytesdiscarded="37960" />
  <memory-copied type="tenure" objects="22" bytes="968" bytesdiscarded="0" />
</gc-op>
<gc-end id="5179" type="scavenge" contextid="5175" durationms="0.615" usertimems="0.000" systemtimems="0.000" timestamp="2019-07-02T20:42:35.320" activeThreads="4">
  <mem-info id="5180" free="24215000" total="44826624" percent="54">
    <mem type="nursery" free="16672512" total="18612224" percent="89">
      <mem type="allocate" free="16672512" total="16711680" percent="99" />
      <mem type="survivor" free="0" total="1900544" percent="0" />
    </mem>
    <mem type="tenure" free="7542488" total="26214400" percent="28">
      <mem type="soa" free="6231768" total="24903680" percent="25" />
      <mem type="loa" free="1310720" total="1310720" percent="100" />
    </mem>
    <remembered-set count="92" />
  </mem-info>
</gc-end>
<cycle-end id="5181" type="scavenge" contextid="5175" timestamp="2019-07-02T20:42:35.320">
  <attribute name="GC Util" value="5" />
  <attribute name="CPU Util" value="2230360359357" />
  <attribute name="Time Running"value="16420"/>
  <attribute name="Number of cores"value="4"/>
</cycle-end>
<allocation-satisfied id="5182" threadId="00000000022F5700" bytesRequested="136" />
<af-end id="5183" timestamp="2019-07-02T20:42:35.320" threadId="00000000022F6088" success="true" from="nursery"/>
<exclusive-end id="5184" timestamp="2019-07-02T20:42:35.320" durationms="1.427" />

<exclusive-start id="5185" timestamp="2019-07-02T20:42:35.327" intervalms="8.253">
  <response-info timems="0.060" idlems="0.060" threads="0" lastid="00000000022F5700" lastname="main" />
</exclusive-start>
<af-start id="5186" threadId="00000000022F6088" totalBytesRequested="136" timestamp="2019-07-02T20:42:35.327" intervalms="8.250" type="nursery" />
<cycle-start id="5187" type="scavenge" contextid="0" timestamp="2019-07-02T20:42:35.327" intervalms="8.254" />
  <attribute name="GC Util" value="5" />
  <attribute name="CPU Util" value="2230360359357" />
  <attribute name="Time Running"value="16420"/>
  <attribute name="Number of cores"value="4"/>
<gc-start id="5188" type="scavenge" contextid="5187" timestamp="2019-07-02T20:42:35.327">
  <mem-info id="5189" free="7542488" total="44826624" percent="16">
    <mem type="nursery" free="0" total="18612224" percent="0">
      <mem type="allocate" free="0" total="16711680" percent="0" />
      <mem type="survivor" free="0" total="1900544" percent="0" />
    </mem>
    <mem type="tenure" free="7542488" total="26214400" percent="28">
      <mem type="soa" free="6231768" total="24903680" percent="25" />
      <mem type="loa" free="1310720" total="1310720" percent="100" />
    </mem>
    <remembered-set count="92" />
  </mem-info>
</gc-start>
<allocation-stats totalBytes="16668304" >
  <allocated-bytes non-tlh="136" tlh="16668168" />
  <largest-consumer threadName="main" threadId="00000000022F5700" bytes="16668304" />
</allocation-stats>
<gc-op id="5190" type="scavenge" timems="0.193" contextid="5187" timestamp="2019-07-02T20:42:35.328">
  <scavenger-info tenureage="11" tenuremask="f800" tiltratio="89" />
  <memory-copied type="nursery" objects="30" bytes="1416" bytesdiscarded="37752" />
</gc-op>
<gc-end id="5191" type="scavenge" contextid="5187" durationms="0.625" usertimems="0.000" systemtimems="0.000" timestamp="2019-07-02T20:42:35.328" activeThreads="4">
  <mem-info id="5192" free="24215000" total="44826624" percent="54">
    <mem type="nursery" free="16672512" total="18612224" percent="89">
      <mem type="allocate" free="16672512" total="16711680" percent="99" />
      <mem type="survivor" free="0" total="1900544" percent="0" />
    </mem>
    <mem type="tenure" free="7542488" total="26214400" percent="28">
      <mem type="soa" free="6231768" total="24903680" percent="25" />
      <mem type="loa" free="1310720" total="1310720" percent="100" />
    </mem>
    <remembered-set count="92" />
  </mem-info>
</gc-end>
<cycle-end id="5193" type="scavenge" contextid="5187" timestamp="2019-07-02T20:42:35.328">
  <attribute name="GC Util" value="5" />
  <attribute name="CPU Util" value="2232436851327" />
  <attribute name="Time Running"value="16428"/>
  <attribute name="Number of cores"value="4"/>
</cycle-end>
<allocation-satisfied id="5194" threadId="00000000022F5700" bytesRequested="136" />
<af-end id="5195" timestamp="2019-07-02T20:42:35.328" threadId="00000000022F6088" success="true" from="nursery"/>
<exclusive-end id="5196" timestamp="2019-07-02T20:42:35.328" durationms="1.477" />

<exclusive-start id="5197" timestamp="2019-07-02T20:42:35.528" intervalms="201.252">
  <response-info timems="0.062" idlems="0.062" threads="0" lastid="00000000022F5700" lastname="main" />
</exclusive-start>
<af-start id="5198" threadId="00000000022F6088" totalBytesRequested="18040" timestamp="2019-07-02T20:42:35.528" intervalms="201.304" type="nursery" />
<cycle-start id="5199" type="scavenge" contextid="0" timestamp="2019-07-02T20:42:35.529" intervalms="201.286" />
  <attribute name="GC Util" value="5" />
  <attribute name="CPU Util" value="2232436851327" />
  <attribute name="Time Running"value="16428"/>
  <attribute name="Number of cores"value="4"/>
<gc-start id="5200" type="scavenge" contextid="5199" timestamp="2019-07-02T20:42:35.529">
  <mem-info id="5201" free="7542488" total="44826624" percent="16">
    <mem type="nursery" free="0" total="18612224" percent="0">
      <mem type="allocate" free="0" total="16711680" percent="0" />
      <mem type="survivor" free="0" total="1900544" percent="0" />
    </mem>
    <mem type="tenure" free="7542488" total="26214400" percent="28">
      <mem type="soa" free="6231768" total="24903680" percent="25" />
      <mem type="loa" free="1310720" total="1310720" percent="100" />
    </mem>
    <remembered-set count="107" />
  </mem-info>
</gc-start>
<allocation-stats totalBytes="16568416" >
  <allocated-bytes non-tlh="136" tlh="16568280" />
  <largest-consumer threadName="main" threadId="00000000022F5700" bytes="16568416" />
</allocation-stats>
<gc-op id="5202" type="scavenge" timems="0.251" contextid="5199" timestamp="2019-07-02T20:42:35.529">
  <scavenger-info tenureage="11" tenuremask="f800" tiltratio="89" />
  <memory-copied type="nursery" objects="98" bytes="23936" bytesdiscarded="15232" />
</gc-op>
<gc-end id="5203" type="scavenge" contextid="5199" durationms="0.729" usertimems="0.000" systemtimems="0.000" timestamp="2019-07-02T20:42:35.529" activeThreads="4">
  <mem-info id="5204" free="24215000" total="44826624" percent="54">
    <mem type="nursery" free="16672512" total="18612224" percent="89">
      <mem type="allocate" free="16672512" total="16711680" percent="99" />
      <mem type="survivor" free="0" total="1900544" percent="0" />
    </mem>
    <mem type="tenure" free="7542488" total="26214400" percent="28">
      <mem type="soa" free="6231768" total="24903680" percent="25" />
      <mem type="loa" free="1310720" total="1310720" percent="100" />
    </mem>
    <remembered-set count="107" />
  </mem-info>
</gc-end>
<cycle-end id="5205" type="scavenge" contextid="5199" timestamp="2019-07-02T20:42:35.530">
  <attribute name="GC Util" value="0" />
  <attribute name="CPU Util" value="91626254627" />
  <attribute name="Time Running"value="16629"/>
  <attribute name="Number of cores"value="4"/>
</cycle-end>
<allocation-satisfied id="5206" threadId="00000000022F5700" bytesRequested="18040" />
<af-end id="5207" timestamp="2019-07-02T20:42:35.530" threadId="00000000022F6088" success="true" from="nursery"/>
<exclusive-end id="5208" timestamp="2019-07-02T20:42:35.530" durationms="1.603" />

<exclusive-start id="5209" timestamp="2019-07-02T20:42:35.533" intervalms="4.512">
  <response-info timems="0.031" idlems="0.031" threads="0" lastid="00000000022F5700" lastname="main" />
</exclusive-start>
<af-start id="5210" threadId="00000000022F6088" totalBytesRequested="6280" timestamp="2019-07-02T20:42:35.533" intervalms="4.512" type="nursery" />
<cycle-start id="5211" type="scavenge" contextid="0" timestamp="2019-07-02T20:42:35.533" intervalms="4.558" />
  <attribute name="GC Util" value="0" />
  <attribute name="CPU Util" value="91626254627" />
  <attribute name="Time Running"value="16629"/>
  <attribute name="Number of cores"value="4"/>
<gc-start id="5212" type="scavenge" contextid="5211" timestamp="2019-07-02T20:42:35.533">
  <mem-info id="5213" free="7542488" total="44826624" percent="16">
    <mem type="nursery" free="0" total="18612224" percent="0">
      <mem type="allocate" free="0" total="16711680" percent="0" />
      <mem type="survivor" free="0" total="1900544" percent="0" />
    </mem>
    <mem type="tenure" free="7542488" total="26214400" percent="28">
      <mem type="soa" free="6231768" total="24903680" percent="25" />
      <mem type="loa" free="1310720" total="1310720" percent="100" />
    </mem>
    <remembered-set count="107" />
  </mem-info>
</gc-start>
<allocation-stats totalBytes="15717624" >
  <allocated-bytes non-tlh="18040" tlh="15699584" />
  <largest-consumer threadName="main" threadId="00000000022F5700" bytes="15717624" />
</allocation-stats>
<gc-op id="5214" type="scavenge" timems="0.259" contextid="5211" timestamp="2019-07-02T20:42:35.534">
  <scavenger-info tenureage="3" tenuremask="fff8" tiltratio="89" />
  <memory-copied type="nursery" objects="98" bytes="12704" bytesdiscarded="74632" />
</gc-op>
<gc-end id="5215" type="scavenge" contextid="5211" durationms="0.734" usertimems="0.000" systemtimems="0.000" timestamp="2019-07-02T20:42:35.534" activeThreads="4">
  <mem-info id="5216" free="24166832" total="44826624" percent="53">
    <mem type="nursery" free="16624344" total="18612224" percent="89">
      <mem type="allocate" free="16624344" total="16711680" percent="99" />
      <mem type="survivor" free="0" total="1900544" percent="0" />
    </mem>
    <mem type="tenure" free="7542488" total="26214400" percent="28">
      <mem type="soa" free="6231768" total="24903680" percent="25" />
      <mem type="loa" free="1310720" total="1310720" percent="100" />
    </mem>
    <remembered-set count="102" />
  </mem-info>
</gc-end>
<cycle-end id="5217" type="scavenge" contextid="5211" timestamp="2019-07-02T20:42:35.534">
  <attribute name="GC Util" value="16" />
  <attribute name="CPU Util" value="4020307777072" />
  <attribute name="Time Running"value="16634"/>
  <attribute name="Number of cores"value="4"/>
</cycle-end>
<allocation-satisfied id="5218" threadId="00000000022F5700" bytesRequested="6280" />
<af-end id="5219" timestamp="2019-07-02T20:42:35.534" threadId="00000000022F6088" success="true" from="nursery"/>
<exclusive-end id="5220" timestamp="2019-07-02T20:42:35.534" durationms="1.723" />

<exclusive-start id="5221" timestamp="2019-07-02T20:42:35.537" intervalms="4.724">
  <response-info timems="0.027" idlems="0.027" threads="0" lastid="00000000022F5700" lastname="main" />
</exclusive-start>
<af-start id="5222" threadId="00000000022F6088" totalBytesRequested="8832" timestamp="2019-07-02T20:42:35.538" intervalms="4.614" type="nursery" />
<cycle-start id="5223" type="scavenge" contextid="0" timestamp="2019-07-02T20:42:35.538" intervalms="4.602" />
  <attribute name="GC Util" value="16" />
  <attribute name="CPU Util" value="4020307777072" />
  <attribute name="Time Running"value="16634"/>
  <attribute name="Number of cores"value="4"/>
<gc-start id="5224" type="scavenge" contextid="5223" timestamp="2019-07-02T20:42:35.538">
  <mem-info id="5225" free="7542488" total="44826624" percent="16">
    <mem type="nursery" free="0" total="18612224" percent="0">
      <mem type="allocate" free="0" total="16711680" percent="0" />
      <mem type="survivor" free="0" total="1900544" percent="0" />
    </mem>
    <mem type="tenure" free="7542488" total="26214400" percent="28">
      <mem type="soa" free="6231768" total="24903680" percent="25" />
      <mem type="loa" free="1310720" total="1310720" percent="100" />
    </mem>
    <remembered-set count="102" />
  </mem-info>
</gc-start>
<allocation-stats totalBytes="15555920" >
  <allocated-bytes non-tlh="6280" tlh="15549640" />
  <largest-consumer threadName="main" threadId="00000000022F5700" bytes="15555920" />
</allocation-stats>
<gc-op id="5226" type="scavenge" timems="0.252" contextid="5223" timestamp="2019-07-02T20:42:35.538">
  <scavenger-info tenureage="3" tenuremask="fff8" tiltratio="89" />
  <memory-copied type="nursery" objects="98" bytes="25792" bytesdiscarded="66032" />
</gc-op>
<gc-end id="5227" type="scavenge" contextid="5223" durationms="0.655" usertimems="0.000" systemtimems="0.000" timestamp="2019-07-02T20:42:35.538" activeThreads="4">
  <mem-info id="5228" free="24162344" total="44826624" percent="53">
    <mem type="nursery" free="16619856" total="18612224" percent="89">
      <mem type="allocate" free="16619856" total="16711680" percent="99" />
      <mem type="survivor" free="0" total="1900544" percent="0" />
    </mem>
    <mem type="tenure" free="7542488" total="26214400" percent="28">
      <mem type="soa" free="6231768" total="24903680" percent="25" />
      <mem type="loa" free="1310720" total="1310720" percent="100" />
    </mem>
    <remembered-set count="102" />
  </mem-info>
</gc-end>
<cycle-end id="5229" type="scavenge" contextid="5223" timestamp="2019-07-02T20:42:35.539">
  <attribute name="GC Util" value="16" />
  <attribute name="CPU Util" value="4097552745140" />
  <attribute name="Time Running"value="16638"/>
  <attribute name="Number of cores"value="4"/>
</cycle-end>
<allocation-satisfied id="5230" threadId="00000000022F5700" bytesRequested="8832" />
<af-end id="5231" timestamp="2019-07-02T20:42:35.539" threadId="00000000022F6088" success="true" from="nursery"/>
<exclusive-end id="5232" timestamp="2019-07-02T20:42:35.539" durationms="1.496" />

<exclusive-start id="5233" timestamp="2019-07-02T20:42:35.542" intervalms="4.437">
  <response-info timems="0.054" idlems="0.054" threads="0" lastid="00000000022F5700" lastname="main" />
</exclusive-start>
<af-start id="5234" threadId="00000000022F6088" totalBytesRequested="20232" timestamp="2019-07-02T20:42:35.542" intervalms="4.513" type="nursery" />
<cycle-start id="5235" type="scavenge" contextid="0" timestamp="2019-07-02T20:42:35.542" intervalms="4.474" />
  <attribute name="GC Util" value="16" />
  <attribute name="CPU Util" value="4097552745140" />
  <attribute name="Time Running"value="16638"/>
  <attribute name="Number of cores"value="4"/>
<gc-start id="5236" type="scavenge" contextid="5235" timestamp="2019-07-02T20:42:35.542">
  <mem-info id="5237" free="7542488" total="44826624" percent="16">
    <mem type="nursery" free="0" total="18612224" percent="0">
      <mem type="allocate" free="0" total="16711680" percent="0" />
      <mem type="survivor" free="0" total="1900544" percent="0" />
    </mem>
    <mem type="tenure" free="7542488" total="26214400" percent="28">
      <mem type="soa" free="6231768" total="24903680" percent="25" />
      <mem type="loa" free="1310720" total="1310720" percent="100" />
    </mem>
    <remembered-set count="102" />
  </mem-info>
</gc-start>
<allocation-stats totalBytes="15667136" >
  <allocated-bytes non-tlh="8832" tlh="15658304" />
  <largest-consumer threadName="main" threadId="00000000022F5700" bytes="15667136" />
</allocation-stats>
<gc-op id="5238" type="scavenge" timems="0.290" contextid="5235" timestamp="2019-07-02T20:42:35.543">
  <scavenger-info tenureage="3" tenuremask="fff8" tiltratio="89" />
  <memory-copied type="nursery" objects="12" bytes="27464" bytesdiscarded="95080" />
  <memory-copied type="tenure" objects="86" bytes="3408" bytesdiscarded="0" />
</gc-op>
<gc-end id="5239" type="scavenge" contextid="5235" durationms="0.703" usertimems="0.000" systemtimems="0.000" timestamp="2019-07-02T20:42:35.543" activeThreads="4">
  <mem-info id="5240" free="24131624" total="44826624" percent="53">
    <mem type="nursery" free="16589136" total="18612224" percent="89">
      <mem type="allocate" free="16589136" total="16711680" percent="99" />
      <mem type="survivor" free="0" total="1900544" percent="0" />
    </mem>
    <mem type="tenure" free="7542488" total="26214400" percent="28">
      <mem type="soa" free="6231768" total="24903680" percent="25" />
      <mem type="loa" free="1310720" total="1310720" percent="100" />
    </mem>
    <remembered-set count="94" />
  </mem-info>
</gc-end>
<cycle-end id="5241" type="scavenge" contextid="5235" timestamp="2019-07-02T20:42:35.543">
  <attribute name="GC Util" value="14" />
  <attribute name="CPU Util" value="4130691736534" />
  <attribute name="Time Running"value="16643"/>
  <attribute name="Number of cores"value="4"/>
</cycle-end>
<allocation-satisfied id="5242" threadId="00000000022F5700" bytesRequested="20232" />
<af-end id="5243" timestamp="2019-07-02T20:42:35.543" threadId="00000000022F6088" success="true" from="nursery"/>
<exclusive-end id="5244" timestamp="2019-07-02T20:42:35.543" durationms="1.562" />

<exclusive-start id="5245" timestamp="2019-07-02T20:42:35.546" intervalms="4.419">
  <response-info timems="0.028" idlems="0.028" threads="0" lastid="00000000022F5700" lastname="main" />
</exclusive-start>
<af-start id="5246" threadId="00000000022F6088" totalBytesRequested="14904" timestamp="2019-07-02T20:42:35.546" intervalms="4.457" type="nursery" />
<cycle-start id="5247" type="scavenge" contextid="0" timestamp="2019-07-02T20:42:35.547" intervalms="4.468" />
  <attribute name="GC Util" value="14" />
  <attribute name="CPU Util" value="4130691736534" />
  <attribute name="Time Running"value="16643"/>
  <attribute name="Number of cores"value="4"/>
<gc-start id="5248" type="scavenge" contextid="5247" timestamp="2019-07-02T20:42:35.547">
  <mem-info id="5249" free="7542488" total="44826624" percent="16">
    <mem type="nursery" free="0" total="18612224" percent="0">
      <mem type="allocate" free="0" total="16711680" percent="0" />
      <mem type="survivor" free="0" total="1900544" percent="0" />
    </mem>
    <mem type="tenure" free="7542488" total="26214400" percent="28">
      <mem type="soa" free="6231768" total="24903680" percent="25" />
      <mem type="loa" free="1310720" total="1310720" percent="100" />
    </mem>
    <remembered-set count="94" />
  </mem-info>
</gc-start>
<allocation-stats totalBytes="15548928" >
  <allocated-bytes non-tlh="20232" tlh="15528696" />
  <largest-consumer threadName="main" threadId="00000000022F5700" bytes="15548928" />
</allocation-stats>
<gc-op id="5250" type="scavenge" timems="0.257" contextid="5247" timestamp="2019-07-02T20:42:35.547">
  <scavenger-info tenureage="3" tenuremask="ffe8" tiltratio="89" />
  <memory-copied type="nursery" objects="12" bytes="35400" bytesdiscarded="63168" />
</gc-op>
<gc-end id="5251" type="scavenge" contextid="5247" durationms="0.721" usertimems="0.000" systemtimems="0.000" timestamp="2019-07-02T20:42:35.548" activeThreads="4">
  <mem-info id="5252" free="24155600" total="44826624" percent="53">
    <mem type="nursery" free="16613112" total="18612224" percent="89">
      <mem type="allocate" free="16613112" total="16711680" percent="99" />
      <mem type="survivor" free="0" total="1900544" percent="0" />
    </mem>
    <mem type="tenure" free="7542488" total="26214400" percent="28">
      <mem type="soa" free="6231768" total="24903680" percent="25" />
      <mem type="loa" free="1310720" total="1310720" percent="100" />
    </mem>
    <remembered-set count="94" />
  </mem-info>
</gc-end>
<cycle-end id="5253" type="scavenge" contextid="5247" timestamp="2019-07-02T20:42:35.548">
  <attribute name="GC Util" value="16" />
  <attribute name="CPU Util" value="4030038594777" />
  <attribute name="Time Running"value="16647"/>
  <attribute name="Number of cores"value="4"/>
</cycle-end>
<allocation-satisfied id="5254" threadId="00000000022F5700" bytesRequested="14904" />
<af-end id="5255" timestamp="2019-07-02T20:42:35.548" threadId="00000000022F6088" success="true" from="nursery"/>
<exclusive-end id="5256" timestamp="2019-07-02T20:42:35.548" durationms="1.651" />

<exclusive-start id="5257" timestamp="2019-07-02T20:42:35.688" intervalms="141.762">
  <response-info timems="0.080" idlems="0.080" threads="0" lastid="00000000022F5700" lastname="main" />
</exclusive-start>
<af-start id="5258" threadId="00000000022F6088" totalBytesRequested="16" timestamp="2019-07-02T20:42:35.688" intervalms="141.794" type="nursery" />
<cycle-start id="5259" type="scavenge" contextid="0" timestamp="2019-07-02T20:42:35.688" intervalms="141.820" />
  <attribute name="GC Util" value="16" />
  <attribute name="CPU Util" value="4030038594777" />
  <attribute name="Time Running"value="16647"/>
  <attribute name="Number of cores"value="4"/>
<gc-start id="5260" type="scavenge" contextid="5259" timestamp="2019-07-02T20:42:35.689">
  <mem-info id="5261" free="7542488" total="44826624" percent="16">
    <mem type="nursery" free="0" total="18612224" percent="0">
      <mem type="allocate" free="0" total="16711680" percent="0" />
      <mem type="survivor" free="0" total="1900544" percent="0" />
    </mem>
    <mem type="tenure" free="7542488" total="26214400" percent="28">
      <mem type="soa" free="6231768" total="24903680" percent="25" />
      <mem type="loa" free="1310720" total="1310720" percent="100" />
    </mem>
    <remembered-set count="109" />
  </mem-info>
</gc-start>
<allocation-stats totalBytes="16611008" >
  <allocated-bytes non-tlh="14904" tlh="16596104" />
  <largest-consumer threadName="main" threadId="00000000022F5700" bytes="16611008" />
</allocation-stats>
<gc-op id="5262" type="scavenge" timems="0.325" contextid="5259" timestamp="2019-07-02T20:42:35.689">
  <scavenger-info tenureage="3" tenuremask="fff8" tiltratio="89" />
  <memory-copied type="nursery" objects="50" bytes="41256" bytesdiscarded="17520" />
</gc-op>
<gc-end id="5263" type="scavenge" contextid="5259" durationms="0.780" usertimems="0.000" systemtimems="0.000" timestamp="2019-07-02T20:42:35.689" activeThreads="4">
  <mem-info id="5264" free="24195392" total="44826624" percent="53">
    <mem type="nursery" free="16652904" total="18612224" percent="89">
      <mem type="allocate" free="16652904" total="16711680" percent="99" />
      <mem type="survivor" free="0" total="1900544" percent="0" />
    </mem>
    <mem type="tenure" free="7542488" total="26214400" percent="28">
      <mem type="soa" free="6231768" total="24903680" percent="25" />
      <mem type="loa" free="1310720" total="1310720" percent="100" />
    </mem>
    <remembered-set count="107" />
  </mem-info>
</gc-end>
<cycle-end id="5265" type="scavenge" contextid="5259" timestamp="2019-07-02T20:42:35.690">
  <attribute name="GC Util" value="0" />
  <attribute name="CPU Util" value="130057366305" />
  <attribute name="Time Running"value="16789"/>
  <attribute name="Number of cores"value="4"/>
</cycle-end>
<allocation-satisfied id="5266" threadId="00000000022F5700" bytesRequested="16" />
<af-end id="5267" timestamp="2019-07-02T20:42:35.690" threadId="00000000022F6088" success="true" from="nursery"/>
<exclusive-end id="5268" timestamp="2019-07-02T20:42:35.690" durationms="2.017" />

<exclusive-start id="5269" timestamp="2019-07-02T20:42:35.702" intervalms="13.857">
  <response-info timems="0.076" idlems="0.076" threads="0" lastid="00000000022F5700" lastname="main" />
</exclusive-start>
<af-start id="5270" threadId="00000000022F6088" totalBytesRequested="80" timestamp="2019-07-02T20:42:35.702" intervalms="13.794" type="nursery" />
<cycle-start id="5271" type="scavenge" contextid="0" timestamp="2019-07-02T20:42:35.702" intervalms="13.786" />
  <attribute name="GC Util" value="0" />
  <attribute name="CPU Util" value="130057366305" />
  <attribute name="Time Running"value="16789"/>
  <attribute name="Number of cores"value="4"/>
<gc-start id="5272" type="scavenge" contextid="5271" timestamp="2019-07-02T20:42:35.702">
  <mem-info id="5273" free="7542488" total="44826624" percent="16">
    <mem type="nursery" free="0" total="18612224" percent="0">
      <mem type="allocate" free="0" total="16711680" percent="0" />
      <mem type="survivor" free="0" total="1900544" percent="0" />
    </mem>
    <mem type="tenure" free="7542488" total="26214400" percent="28">
      <mem type="soa" free="6231768" total="24903680" percent="25" />
      <mem type="loa" free="1310720" total="1310720" percent="100" />
    </mem>
    <remembered-set count="107" />
  </mem-info>
</gc-start>
<allocation-stats totalBytes="16650384" >
  <allocated-bytes non-tlh="16" tlh="16650368" />
  <largest-consumer threadName="main" threadId="00000000022F5700" bytes="16650384" />
</allocation-stats>
<gc-op id="5274" type="scavenge" timems="0.198" contextid="5271" timestamp="2019-07-02T20:42:35.703">
  <scavenger-info tenureage="3" tenuremask="fff8" tiltratio="89" />
  <memory-copied type="nursery" objects="51" bytes="41224" bytesdiscarded="17552" />
</gc-op>
<gc-end id="5275" type="scavenge" contextid="5271" durationms="0.512" usertimems="0.000" systemtimems="0.000" timestamp="2019-07-02T20:42:35.703" activeThreads="4">
  <mem-info id="5276" free="24195392" total="44826624" percent="53">
    <mem type="nursery" free="16652904" total="18612224" percent="89">
      <mem type="allocate" free="16652904" total="16711680" percent="99" />
      <mem type="survivor" free="0" total="1900544" percent="0" />
    </mem>
    <mem type="tenure" free="7542488" total="26214400" percent="28">
      <mem type="soa" free="6231768" total="24903680" percent="25" />
      <mem type="loa" free="1310720" total="1310720" percent="100" />
    </mem>
    <remembered-set count="102" />
  </mem-info>
</gc-end>
<cycle-end id="5277" type="scavenge" contextid="5271" timestamp="2019-07-02T20:42:35.703">
  <attribute name="GC Util" value="6" />
  <attribute name="CPU Util" value="1353353988317" />
  <attribute name="Time Running"value="16803"/>
  <attribute name="Number of cores"value="4"/>
</cycle-end>
<allocation-satisfied id="5278" threadId="00000000022F5700" bytesRequested="80" />
<af-end id="5279" timestamp="2019-07-02T20:42:35.703" threadId="00000000022F6088" success="true" from="nursery"/>
<exclusive-end id="5280" timestamp="2019-07-02T20:42:35.703" durationms="1.301" />

<exclusive-start id="5281" timestamp="2019-07-02T20:42:35.715" intervalms="13.306">
  <response-info timems="0.048" idlems="0.048" threads="0" lastid="00000000022F5700" lastname="main" />
</exclusive-start>
<af-start id="5282" threadId="00000000022F6088" totalBytesRequested="24" timestamp="2019-07-02T20:42:35.715" intervalms="13.312" type="nursery" />
<cycle-start id="5283" type="scavenge" contextid="0" timestamp="2019-07-02T20:42:35.716" intervalms="13.306" />
  <attribute name="GC Util" value="6" />
  <attribute name="CPU Util" value="1353353988317" />
  <attribute name="Time Running"value="16803"/>
  <attribute name="Number of cores"value="4"/>
<gc-start id="5284" type="scavenge" contextid="5283" timestamp="2019-07-02T20:42:35.716">
  <mem-info id="5285" free="7542488" total="44826624" percent="16">
    <mem type="nursery" free="0" total="18612224" percent="0">
      <mem type="allocate" free="0" total="16711680" percent="0" />
      <mem type="survivor" free="0" total="1900544" percent="0" />
    </mem>
    <mem type="tenure" free="7542488" total="26214400" percent="28">
      <mem type="soa" free="6231768" total="24903680" percent="25" />
      <mem type="loa" free="1310720" total="1310720" percent="100" />
    </mem>
    <remembered-set count="102" />
  </mem-info>
</gc-start>
<allocation-stats totalBytes="16650760" >
  <allocated-bytes non-tlh="80" tlh="16650680" />
  <largest-consumer threadName="main" threadId="00000000022F5700" bytes="16650760" />
</allocation-stats>
<gc-op id="5286" type="scavenge" timems="0.252" contextid="5283" timestamp="2019-07-02T20:42:35.716">
  <scavenger-info tenureage="2" tenuremask="fffc" tiltratio="89" />
  <memory-copied type="nursery" objects="9" bytes="296" bytesdiscarded="38872" />
  <memory-copied type="tenure" objects="48" bytes="41144" bytesdiscarded="0" />
</gc-op>
<gc-end id="5287" type="scavenge" contextid="5283" durationms="0.634" usertimems="0.000" systemtimems="0.000" timestamp="2019-07-02T20:42:35.716" activeThreads="4">
  <mem-info id="5288" free="24195392" total="44826624" percent="53">
    <mem type="nursery" free="16672512" total="18612224" percent="89">
      <mem type="allocate" free="16672512" total="16711680" percent="99" />
      <mem type="survivor" free="0" total="1900544" percent="0" />
    </mem>
    <mem type="tenure" free="7522880" total="26214400" percent="28">
      <mem type="soa" free="6212160" total="24903680" percent="24" />
      <mem type="loa" free="1310720" total="1310720" percent="100" />
    </mem>
    <remembered-set count="95" />
  </mem-info>
</gc-end>
<cycle-end id="5289" type="scavenge" contextid="5283" timestamp="2019-07-02T20:42:35.716">
  <attribute name="GC Util" value="4" />
  <attribute name="CPU Util" value="1387301806226" />
  <attribute name="Time Running"value="16816"/>
  <attribute name="Number of cores"value="4"/>
</cycle-end>
<allocation-satisfied id="5290" threadId="00000000022F5700" bytesRequested="24" />
<af-end id="5291" timestamp="2019-07-02T20:42:35.717" threadId="00000000022F6088" success="true" from="nursery"/>
<exclusive-end id="5292" timestamp="2019-07-02T20:42:35.717" durationms="1.416" />

<exclusive-start id="5293" timestamp="2019-07-02T20:42:35.728" intervalms="13.283">
  <response-info timems="0.075" idlems="0.075" threads="0" lastid="00000000022F5700" lastname="main" />
</exclusive-start>
<af-start id="5294" threadId="00000000022F6088" totalBytesRequested="32" timestamp="2019-07-02T20:42:35.729" intervalms="13.262" type="nursery" />
<cycle-start id="5295" type="scavenge" contextid="0" timestamp="2019-07-02T20:42:35.729" intervalms="13.302" />
  <attribute name="GC Util" value="4" />
  <attribute name="CPU Util" value="1387301806226" />
  <attribute name="Time Running"value="16816"/>
  <attribute name="Number of cores"value="4"/>
<gc-start id="5296" type="scavenge" contextid="5295" timestamp="2019-07-02T20:42:35.729">
  <mem-info id="5297" free="7522880" total="44826624" percent="16">
    <mem type="nursery" free="0" total="18612224" percent="0">
      <mem type="allocate" free="0" total="16711680" percent="0" />
      <mem type="survivor" free="0" total="1900544" percent="0" />
    </mem>
    <mem type="tenure" free="7522880" total="26214400" percent="28">
      <mem type="soa" free="6212160" total="24903680" percent="24" />
      <mem type="loa" free="1310720" total="1310720" percent="100" />
    </mem>
    <remembered-set count="95" />
  </mem-info>
</gc-start>
<allocation-stats totalBytes="16670408" >
  <allocated-bytes non-tlh="24" tlh="16670384" />
  <largest-consumer threadName="main" threadId="00000000022F5700" bytes="16670408" />
</allocation-stats>
<gc-op id="5298" type="scavenge" timems="0.174" contextid="5295" timestamp="2019-07-02T20:42:35.730">
  <scavenger-info tenureage="4" tenuremask="fff0" tiltratio="89" />
  <memory-copied type="nursery" objects="6" bytes="208" bytesdiscarded="38960" />
</gc-op>
<gc-end id="5299" type="scavenge" contextid="5295" durationms="0.670" usertimems="0.000" systemtimems="0.000" timestamp="2019-07-02T20:42:35.730" activeThreads="4">
  <mem-info id="5300" free="24195392" total="44826624" percent="53">
    <mem type="nursery" free="16672512" total="18612224" percent="89">
      <mem type="allocate" free="16672512" total="16711680" percent="99" />
      <mem type="survivor" free="0" total="1900544" percent="0" />
    </mem>
    <mem type="tenure" free="7522880" total="26214400" percent="28">
      <mem type="soa" free="6212160" total="24903680" percent="24" />
      <mem type="loa" free="1310720" total="1310720" percent="100" />
    </mem>
    <remembered-set count="95" />
  </mem-info>
</gc-end>
<cycle-end id="5301" type="scavenge" contextid="5295" timestamp="2019-07-02T20:42:35.730">
  <attribute name="GC Util" value="5" />
  <attribute name="CPU Util" value="1371567030649" />
  <attribute name="Time Running"value="16830"/>
  <attribute name="Number of cores"value="4"/>
</cycle-end>
<allocation-satisfied id="5302" threadId="00000000022F5700" bytesRequested="32" />
<af-end id="5303" timestamp="2019-07-02T20:42:35.730" threadId="00000000022F6088" success="true" from="nursery"/>
<exclusive-end id="5304" timestamp="2019-07-02T20:42:35.730" durationms="1.568" />

<exclusive-start id="5305" timestamp="2019-07-02T20:42:35.753" intervalms="24.065">
  <response-info timems="0.079" idlems="0.079" threads="0" lastid="00000000022F5700" lastname="main" />
</exclusive-start>
<af-start id="5306" threadId="00000000022F6088" totalBytesRequested="80" timestamp="2019-07-02T20:42:35.753" intervalms="24.087" type="nursery" />
<cycle-start id="5307" type="scavenge" contextid="0" timestamp="2019-07-02T20:42:35.753" intervalms="24.060" />
  <attribute name="GC Util" value="5" />
  <attribute name="CPU Util" value="1371567030649" />
  <attribute name="Time Running"value="16830"/>
  <attribute name="Number of cores"value="4"/>
<gc-start id="5308" type="scavenge" contextid="5307" timestamp="2019-07-02T20:42:35.753">
  <mem-info id="5309" free="7522880" total="44826624" percent="16">
    <mem type="nursery" free="0" total="18612224" percent="0">
      <mem type="allocate" free="0" total="16711680" percent="0" />
      <mem type="survivor" free="0" total="1900544" percent="0" />
    </mem>
    <mem type="tenure" free="7522880" total="26214400" percent="28">
      <mem type="soa" free="6212160" total="24903680" percent="24" />
      <mem type="loa" free="1310720" total="1310720" percent="100" />
    </mem>
    <remembered-set count="99" />
  </mem-info>
</gc-start>
<allocation-stats totalBytes="16669312" >
  <allocated-bytes non-tlh="32" tlh="16669280" />
  <largest-consumer threadName="main" threadId="00000000022F5700" bytes="16669312" />
</allocation-stats>
<gc-op id="5310" type="scavenge" timems="0.205" contextid="5307" timestamp="2019-07-02T20:42:35.754">
  <scavenger-info tenureage="3" tenuremask="fff8" tiltratio="89" />
  <memory-copied type="nursery" objects="47" bytes="1496" bytesdiscarded="37672" />
</gc-op>
<gc-end id="5311" type="scavenge" contextid="5307" durationms="0.664" usertimems="0.000" systemtimems="0.000" timestamp="2019-07-02T20:42:35.754" activeThreads="4">
  <mem-info id="5312" free="24195392" total="44826624" percent="53">
    <mem type="nursery" free="16672512" total="18612224" percent="89">
      <mem type="allocate" free="16672512" total="16711680" percent="99" />
      <mem type="survivor" free="0" total="1900544" percent="0" />
    </mem>
    <mem type="tenure" free="7522880" total="26214400" percent="28">
      <mem type="soa" free="6212160" total="24903680" percent="24" />
      <mem type="loa" free="1310720" total="1310720" percent="100" />
    </mem>
    <remembered-set count="97" />
  </mem-info>
</gc-end>
<cycle-end id="5313" type="scavenge" contextid="5307" timestamp="2019-07-02T20:42:35.754">
  <attribute name="GC Util" value="2" />
  <attribute name="CPU Util" value="767827023615" />
  <attribute name="Time Running"value="16854"/>
  <attribute name="Number of cores"value="4"/>
</cycle-end>
<allocation-satisfied id="5314" threadId="00000000022F5700" bytesRequested="80" />
<af-end id="5315" timestamp="2019-07-02T20:42:35.754" threadId="00000000022F6088" success="true" from="nursery"/>
<exclusive-end id="5316" timestamp="2019-07-02T20:42:35.754" durationms="1.614" />

<exclusive-start id="5317" timestamp="2019-07-02T20:42:35.777" intervalms="24.789">
  <response-info timems="0.019" idlems="0.019" threads="0" lastid="00000000022F5700" lastname="main" />
</exclusive-start>
<af-start id="5318" threadId="00000000022F6088" totalBytesRequested="80" timestamp="2019-07-02T20:42:35.777" intervalms="24.746" type="nursery" />
<cycle-start id="5319" type="scavenge" contextid="0" timestamp="2019-07-02T20:42:35.778" intervalms="24.722" />
  <attribute name="GC Util" value="2" />
  <attribute name="CPU Util" value="767827023615" />
  <attribute name="Time Running"value="16854"/>
  <attribute name="Number of cores"value="4"/>
<gc-start id="5320" type="scavenge" contextid="5319" timestamp="2019-07-02T20:42:35.778">
  <mem-info id="5321" free="7522880" total="44826624" percent="16">
    <mem type="nursery" free="0" total="18612224" percent="0">
      <mem type="allocate" free="0" total="16711680" percent="0" />
      <mem type="survivor" free="0" total="1900544" percent="0" />
    </mem>
    <mem type="tenure" free="7522880" total="26214400" percent="28">
      <mem type="soa" free="6212160" total="24903680" percent="24" />
      <mem type="loa" free="1310720" total="1310720" percent="100" />
    </mem>
    <remembered-set count="100" />
  </mem-info>
</gc-start>
<allocation-stats totalBytes="16669256" >
  <allocated-bytes non-tlh="80" tlh="16669176" />
  <largest-consumer threadName="main" threadId="00000000022F5700" bytes="16669256" />
</allocation-stats>
<gc-op id="5322" type="scavenge" timems="0.174" contextid="5319" timestamp="2019-07-02T20:42:35.778">
  <scavenger-info tenureage="3" tenuremask="fff8" tiltratio="89" />
  <memory-copied type="nursery" objects="37" bytes="1320" bytesdiscarded="37848" />
</gc-op>
<gc-end id="5323" type="scavenge" contextid="5319" durationms="0.600" usertimems="0.000" systemtimems="0.000" timestamp="2019-07-02T20:42:35.778" activeThreads="4">
  <mem-info id="5324" free="24195392" total="44826624" percent="53">
    <mem type="nursery" free="16672512" total="18612224" percent="89">
      <mem type="allocate" free="16672512" total="16711680" percent="99" />
      <mem type="survivor" free="0" total="1900544" percent="0" />
    </mem>
    <mem type="tenure" free="7522880" total="26214400" percent="28">
      <mem type="soa" free="6212160" total="24903680" percent="24" />
      <mem type="loa" free="1310720" total="1310720" percent="100" />
    </mem>
    <remembered-set count="95" />
  </mem-info>
</gc-end>
<cycle-end id="5325" type="scavenge" contextid="5319" timestamp="2019-07-02T20:42:35.779">
  <attribute name="GC Util" value="2" />
  <attribute name="CPU Util" value="748088985580" />
  <attribute name="Time Running"value="16878"/>
  <attribute name="Number of cores"value="4"/>
</cycle-end>
<allocation-satisfied id="5326" threadId="00000000022F5700" bytesRequested="80" />
<af-end id="5327" timestamp="2019-07-02T20:42:35.779" threadId="00000000022F6088" success="true" from="nursery"/>
<exclusive-end id="5328" timestamp="2019-07-02T20:42:35.779" durationms="1.419" />

<exclusive-start id="5329" timestamp="2019-07-02T20:42:35.803" intervalms="26.162">
  <response-info timems="0.053" idlems="0.053" threads="0" lastid="00000000022F5700" lastname="main" />
</exclusive-start>
<af-start id="5330" threadId="00000000022F6088" totalBytesRequested="80" timestamp="2019-07-02T20:42:35.804" intervalms="26.164" type="nursery" />
<cycle-start id="5331" type="scavenge" contextid="0" timestamp="2019-07-02T20:42:35.804" intervalms="26.160" />
  <attribute name="GC Util" value="2" />
  <attribute name="CPU Util" value="748088985580" />
  <attribute name="Time Running"value="16878"/>
  <attribute name="Number of cores"value="4"/>
<gc-start id="5332" type="scavenge" contextid="5331" timestamp="2019-07-02T20:42:35.804">
  <mem-info id="5333" free="7522880" total="44826624" percent="16">
    <mem type="nursery" free="0" total="18612224" percent="0">
      <mem type="allocate" free="0" total="16711680" percent="0" />
      <mem type="survivor" free="0" total="1900544" percent="0" />
    </mem>
    <mem type="tenure" free="7522880" total="26214400" percent="28">
      <mem type="soa" free="6212160" total="24903680" percent="24" />
      <mem type="loa" free="1310720" total="1310720" percent="100" />
    </mem>
    <remembered-set count="95" />
  </mem-info>
</gc-start>
<allocation-stats totalBytes="16666152" >
  <allocated-bytes non-tlh="80" tlh="16666072" />
  <largest-consumer threadName="main" threadId="00000000022F5700" bytes="16666152" />
</allocation-stats>
<gc-op id="5334" type="scavenge" timems="0.199" contextid="5331" timestamp="2019-07-02T20:42:35.804">
  <scavenger-info tenureage="3" tenuremask="fff8" tiltratio="89" />
  <memory-copied type="nursery" objects="38" bytes="1344" bytesdiscarded="37824" />
</gc-op>
<gc-end id="5335" type="scavenge" contextid="5331" durationms="0.665" usertimems="0.000" systemtimems="0.000" timestamp="2019-07-02T20:42:35.805" activeThreads="4">
  <mem-info id="5336" free="24195392" total="44826624" percent="53">
    <mem type="nursery" free="16672512" total="18612224" percent="89">
      <mem type="allocate" free="16672512" total="16711680" percent="99" />
      <mem type="survivor" free="0" total="1900544" percent="0" />
    </mem>
    <mem type="tenure" free="7522880" total="26214400" percent="28">
      <mem type="soa" free="6212160" total="24903680" percent="24" />
      <mem type="loa" free="1310720" total="1310720" percent="100" />
    </mem>
    <remembered-set count="95" />
  </mem-info>
</gc-end>
<cycle-end id="5337" type="scavenge" contextid="5331" timestamp="2019-07-02T20:42:35.805">
  <attribute name="GC Util" value="1" />
  <attribute name="CPU Util" value="702914631664" />
  <attribute name="Time Running"value="16904"/>
  <attribute name="Number of cores"value="4"/>
</cycle-end>
<allocation-satisfied id="5338" threadId="00000000022F5700" bytesRequested="80" />
<af-end id="5339" timestamp="2019-07-02T20:42:35.805" threadId="00000000022F6088" success="true" from="nursery"/>
<exclusive-end id="5340" timestamp="2019-07-02T20:42:35.805" durationms="1.393" />

<exclusive-start id="5341" timestamp="2019-07-02T20:42:35.830" intervalms="26.372">
  <response-info timems="0.077" idlems="0.077" threads="0" lastid="00000000022F5700" lastname="main" />
</exclusive-start>
<af-start id="5342" threadId="00000000022F6088" totalBytesRequested="80" timestamp="2019-07-02T20:42:35.830" intervalms="26.389" type="nursery" />
<cycle-start id="5343" type="scavenge" contextid="0" timestamp="2019-07-02T20:42:35.830" intervalms="26.379" />
  <attribute name="GC Util" value="1" />
  <attribute name="CPU Util" value="702914631664" />
  <attribute name="Time Running"value="16904"/>
  <attribute name="Number of cores"value="4"/>
<gc-start id="5344" type="scavenge" contextid="5343" timestamp="2019-07-02T20:42:35.830">
  <mem-info id="5345" free="7522880" total="44826624" percent="16">
    <mem type="nursery" free="0" total="18612224" percent="0">
      <mem type="allocate" free="0" total="16711680" percent="0" />
      <mem type="survivor" free="0" total="1900544" percent="0" />
    </mem>
    <mem type="tenure" free="7522880" total="26214400" percent="28">
      <mem type="soa" free="6212160" total="24903680" percent="24" />
      <mem type="loa" free="1310720" total="1310720" percent="100" />
    </mem>
    <remembered-set count="95" />
  </mem-info>
</gc-start>
<allocation-stats totalBytes="16666128" >
  <allocated-bytes non-tlh="80" tlh="16666048" />
  <largest-consumer threadName="main" threadId="00000000022F5700" bytes="16666128" />
</allocation-stats>
<gc-op id="5346" type="scavenge" timems="0.180" contextid="5343" timestamp="2019-07-02T20:42:35.831">
  <scavenger-info tenureage="3" tenuremask="fff8" tiltratio="89" />
  <memory-copied type="nursery" objects="35" bytes="1376" bytesdiscarded="37792" />
  <memory-copied type="tenure" objects="7" bytes="160" bytesdiscarded="0" />
</gc-op>
<gc-end id="5347" type="scavenge" contextid="5343" durationms="0.530" usertimems="4.000" systemtimems="0.000" timestamp="2019-07-02T20:42:35.831" activeThreads="4">
  <mem-info id="5348" free="24195392" total="44826624" percent="53">
    <mem type="nursery" free="16672512" total="18612224" percent="89">
      <mem type="allocate" free="16672512" total="16711680" percent="99" />
      <mem type="survivor" free="0" total="1900544" percent="0" />
    </mem>
    <mem type="tenure" free="7522880" total="26214400" percent="28">
      <mem type="soa" free="6212160" total="24903680" percent="24" />
      <mem type="loa" free="1310720" total="1310720" percent="100" />
    </mem>
    <remembered-set count="91" />
  </mem-info>
</gc-end>
<cycle-end id="5349" type="scavenge" contextid="5343" timestamp="2019-07-02T20:42:35.831">
  <attribute name="GC Util" value="1" />
  <attribute name="CPU Util" value="703551771837" />
  <attribute name="Time Running"value="16931"/>
  <attribute name="Number of cores"value="4"/>
</cycle-end>
<allocation-satisfied id="5350" threadId="00000000022F5700" bytesRequested="80" />
<af-end id="5351" timestamp="2019-07-02T20:42:35.831" threadId="00000000022F6088" success="true" from="nursery"/>
<exclusive-end id="5352" timestamp="2019-07-02T20:42:35.831" durationms="1.246" />

<exclusive-start id="5353" timestamp="2019-07-02T20:42:35.857" intervalms="27.497">
  <response-info timems="0.018" idlems="0.018" threads="0" lastid="00000000022F5700" lastname="main" />
</exclusive-start>
<af-start id="5354" threadId="00000000022F6088" totalBytesRequested="24" timestamp="2019-07-02T20:42:35.858" intervalms="27.506" type="nursery" />
<cycle-start id="5355" type="scavenge" contextid="0" timestamp="2019-07-02T20:42:35.858" intervalms="27.518" />
  <attribute name="GC Util" value="1" />
  <attribute name="CPU Util" value="703551771837" />
  <attribute name="Time Running"value="16931"/>
  <attribute name="Number of cores"value="4"/>
<gc-start id="5356" type="scavenge" contextid="5355" timestamp="2019-07-02T20:42:35.858">
  <mem-info id="5357" free="7522880" total="44826624" percent="16">
    <mem type="nursery" free="0" total="18612224" percent="0">
      <mem type="allocate" free="0" total="16711680" percent="0" />
      <mem type="survivor" free="0" total="1900544" percent="0" />
    </mem>
    <mem type="tenure" free="7522880" total="26214400" percent="28">
      <mem type="soa" free="6212160" total="24903680" percent="24" />
      <mem type="loa" free="1310720" total="1310720" percent="100" />
    </mem>
    <remembered-set count="94" />
  </mem-info>
</gc-start>
<allocation-stats totalBytes="16666784" >
  <allocated-bytes non-tlh="80" tlh="16666704" />
  <largest-consumer threadName="main" threadId="00000000022F5700" bytes="16666784" />
</allocation-stats>
<gc-op id="5358" type="scavenge" timems="0.200" contextid="5355" timestamp="2019-07-02T20:42:35.858">
  <scavenger-info tenureage="3" tenuremask="ffe8" tiltratio="89" />
  <memory-copied type="nursery" objects="28" bytes="872" bytesdiscarded="38296" />
  <memory-copied type="tenure" objects="7" bytes="184" bytesdiscarded="0" />
</gc-op>
<gc-end id="5359" type="scavenge" contextid="5355" durationms="0.620" usertimems="0.000" systemtimems="0.000" timestamp="2019-07-02T20:42:35.858" activeThreads="4">
  <mem-info id="5360" free="24195392" total="44826624" percent="53">
    <mem type="nursery" free="16672512" total="18612224" percent="89">
      <mem type="allocate" free="16672512" total="16711680" percent="99" />
      <mem type="survivor" free="0" total="1900544" percent="0" />
    </mem>
    <mem type="tenure" free="7522880" total="26214400" percent="28">
      <mem type="soa" free="6212160" total="24903680" percent="24" />
      <mem type="loa" free="1310720" total="1310720" percent="100" />
    </mem>
    <remembered-set count="90" />
  </mem-info>
</gc-end>
<cycle-end id="5361" type="scavenge" contextid="5355" timestamp="2019-07-02T20:42:35.859">
  <attribute name="GC Util" value="1" />
  <attribute name="CPU Util" value="668650499570" />
  <attribute name="Time Running"value="16958"/>
  <attribute name="Number of cores"value="4"/>
</cycle-end>
<allocation-satisfied id="5362" threadId="00000000022F5700" bytesRequested="24" />
<af-end id="5363" timestamp="2019-07-02T20:42:35.859" threadId="00000000022F6088" success="true" from="nursery"/>
<exclusive-end id="5364" timestamp="2019-07-02T20:42:35.859" durationms="1.416" />

<exclusive-start id="5365" timestamp="2019-07-02T20:42:35.896" intervalms="38.284">
  <response-info timems="0.053" idlems="0.053" threads="0" lastid="00000000022F5700" lastname="main" />
</exclusive-start>
<af-start id="5366" threadId="00000000022F6088" totalBytesRequested="16" timestamp="2019-07-02T20:42:35.896" intervalms="38.256" type="nursery" />
<cycle-start id="5367" type="scavenge" contextid="0" timestamp="2019-07-02T20:42:35.896" intervalms="38.247" />
  <attribute name="GC Util" value="1" />
  <attribute name="CPU Util" value="668650499570" />
  <attribute name="Time Running"value="16958"/>
  <attribute name="Number of cores"value="4"/>
<gc-start id="5368" type="scavenge" contextid="5367" timestamp="2019-07-02T20:42:35.896">
  <mem-info id="5369" free="7522880" total="44826624" percent="16">
    <mem type="nursery" free="0" total="18612224" percent="0">
      <mem type="allocate" free="0" total="16711680" percent="0" />
      <mem type="survivor" free="0" total="1900544" percent="0" />
    </mem>
    <mem type="tenure" free="7522880" total="26214400" percent="28">
      <mem type="soa" free="6212160" total="24903680" percent="24" />
      <mem type="loa" free="1310720" total="1310720" percent="100" />
    </mem>
    <remembered-set count="91" />
  </mem-info>
</gc-start>
<allocation-stats totalBytes="16671376" >
  <allocated-bytes non-tlh="24" tlh="16671352" />
  <largest-consumer threadName="main" threadId="00000000022F5700" bytes="16671376" />
</allocation-stats>
<gc-op id="5370" type="scavenge" timems="0.170" contextid="5367" timestamp="2019-07-02T20:42:35.896">
  <scavenger-info tenureage="3" tenuremask="ffe8" tiltratio="89" />
  <memory-copied type="nursery" objects="31" bytes="960" bytesdiscarded="38208" />
</gc-op>
<gc-end id="5371" type="scavenge" contextid="5367" durationms="0.555" usertimems="4.000" systemtimems="0.000" timestamp="2019-07-02T20:42:35.897" activeThreads="4">
  <mem-info id="5372" free="24195392" total="44826624" percent="53">
    <mem type="nursery" free="16672512" total="18612224" percent="89">
      <mem type="allocate" free="16672512" total="16711680" percent="99" />
      <mem type="survivor" free="0" total="1900544" percent="0" />
    </mem>
    <mem type="tenure" free="7522880" total="26214400" percent="28">
      <mem type="soa" free="6212160" total="24903680" percent="24" />
      <mem type="loa" free="1310720" total="1310720" percent="100" />
    </mem>
    <remembered-set count="90" />
  </mem-info>
</gc-end>
<cycle-end id="5373" type="scavenge" contextid="5367" timestamp="2019-07-02T20:42:35.897">
  <attribute name="GC Util" value="1" />
  <attribute name="CPU Util" value="482517338999" />
  <attribute name="Time Running"value="16997"/>
  <attribute name="Number of cores"value="4"/>
</cycle-end>
<allocation-satisfied id="5374" threadId="00000000022F5700" bytesRequested="16" />
<af-end id="5375" timestamp="2019-07-02T20:42:35.897" threadId="00000000022F6088" success="true" from="nursery"/>
<exclusive-end id="5376" timestamp="2019-07-02T20:42:35.897" durationms="1.270" />

<exclusive-start id="5377" timestamp="2019-07-02T20:42:35.929" intervalms="33.671">
  <response-info timems="0.071" idlems="0.071" threads="0" lastid="00000000022F5700" lastname="main" />
</exclusive-start>
<af-start id="5378" threadId="00000000022F6088" totalBytesRequested="24" timestamp="2019-07-02T20:42:35.929" intervalms="33.698" type="nursery" />
<cycle-start id="5379" type="scavenge" contextid="0" timestamp="2019-07-02T20:42:35.930" intervalms="33.706" />
  <attribute name="GC Util" value="1" />
  <attribute name="CPU Util" value="482517338999" />
  <attribute name="Time Running"value="16997"/>
  <attribute name="Number of cores"value="4"/>
<gc-start id="5380" type="scavenge" contextid="5379" timestamp="2019-07-02T20:42:35.930">
  <mem-info id="5381" free="7522880" total="44826624" percent="16">
    <mem type="nursery" free="0" total="18612224" percent="0">
      <mem type="allocate" free="0" total="16711680" percent="0" />
      <mem type="survivor" free="0" total="1900544" percent="0" />
    </mem>
    <mem type="tenure" free="7522880" total="26214400" percent="28">
      <mem type="soa" free="6212160" total="24903680" percent="24" />
      <mem type="loa" free="1310720" total="1310720" percent="100" />
    </mem>
    <remembered-set count="93" />
  </mem-info>
</gc-start>
<allocation-stats totalBytes="16670464" >
  <allocated-bytes non-tlh="16" tlh="16670448" />
  <largest-consumer threadName="main" threadId="00000000022F5700" bytes="16670464" />
</allocation-stats>
<gc-op id="5382" type="scavenge" timems="0.190" contextid="5379" timestamp="2019-07-02T20:42:35.930">
  <scavenger-info tenureage="3" tenuremask="fff8" tiltratio="89" />
  <memory-copied type="nursery" objects="37" bytes="1096" bytesdiscarded="38072" />
</gc-op>
<gc-end id="5383" type="scavenge" contextid="5379" durationms="0.589" usertimems="0.000" systemtimems="0.000" timestamp="2019-07-02T20:42:35.930" activeThreads="4">
  <mem-info id="5384" free="24195392" total="44826624" percent="53">
    <mem type="nursery" free="16672512" total="18612224" percent="89">
      <mem type="allocate" free="16672512" total="16711680" percent="99" />
      <mem type="survivor" free="0" total="1900544" percent="0" />
    </mem>
    <mem type="tenure" free="7522880" total="26214400" percent="28">
      <mem type="soa" free="6212160" total="24903680" percent="24" />
      <mem type="loa" free="1310720" total="1310720" percent="100" />
    </mem>
    <remembered-set count="92" />
  </mem-info>
</gc-end>
<cycle-end id="5385" type="scavenge" contextid="5379" timestamp="2019-07-02T20:42:35.931">
  <attribute name="GC Util" value="1" />
  <attribute name="CPU Util" value="547145303773" />
  <attribute name="Time Running"value="17030"/>
  <attribute name="Number of cores"value="4"/>
</cycle-end>
<allocation-satisfied id="5386" threadId="00000000022F5700" bytesRequested="24" />
<af-end id="5387" timestamp="2019-07-02T20:42:35.931" threadId="00000000022F6088" success="true" from="nursery"/>
<exclusive-end id="5388" timestamp="2019-07-02T20:42:35.931" durationms="1.378" />

<exclusive-start id="5389" timestamp="2019-07-02T20:42:35.962" intervalms="32.886">
  <response-info timems="0.067" idlems="0.067" threads="0" lastid="00000000022F5700" lastname="main" />
</exclusive-start>
<af-start id="5390" threadId="00000000022F6088" totalBytesRequested="16" timestamp="2019-07-02T20:42:35.962" intervalms="32.856" type="nursery" />
<cycle-start id="5391" type="scavenge" contextid="0" timestamp="2019-07-02T20:42:35.962" intervalms="32.860" />
  <attribute name="GC Util" value="1" />
  <attribute name="CPU Util" value="547145303773" />
  <attribute name="Time Running"value="17030"/>
  <attribute name="Number of cores"value="4"/>
<gc-start id="5392" type="scavenge" contextid="5391" timestamp="2019-07-02T20:42:35.963">
  <mem-info id="5393" free="7522880" total="44826624" percent="16">
    <mem type="nursery" free="0" total="18612224" percent="0">
      <mem type="allocate" free="0" total="16711680" percent="0" />
      <mem type="survivor" free="0" total="1900544" percent="0" />
    </mem>
    <mem type="tenure" free="7522880" total="26214400" percent="28">
      <mem type="soa" free="6212160" total="24903680" percent="24" />
      <mem type="loa" free="1310720" total="1310720" percent="100" />
    </mem>
    <remembered-set count="93" />
  </mem-info>
</gc-start>
<allocation-stats totalBytes="16671408" >
  <allocated-bytes non-tlh="24" tlh="16671384" />
  <largest-consumer threadName="main" threadId="00000000022F5700" bytes="16671408" />
</allocation-stats>
<gc-op id="5394" type="scavenge" timems="0.166" contextid="5391" timestamp="2019-07-02T20:42:35.963">
  <scavenger-info tenureage="4" tenuremask="fff0" tiltratio="89" />
  <memory-copied type="nursery" objects="35" bytes="1032" bytesdiscarded="38136" />
</gc-op>
<gc-end id="5395" type="scavenge" contextid="5391" durationms="0.559" usertimems="0.000" systemtimems="0.000" timestamp="2019-07-02T20:42:35.963" activeThreads="4">
  <mem-info id="5396" free="24195392" total="44826624" percent="53">
    <mem type="nursery" free="16672512" total="18612224" percent="89">
      <mem type="allocate" free="16672512" total="16711680" percent="99" />
      <mem type="survivor" free="0" total="1900544" percent="0" />
    </mem>
    <mem type="tenure" free="7522880" total="26214400" percent="28">
      <mem type="soa" free="6212160" total="24903680" percent="24" />
      <mem type="loa" free="1310720" total="1310720" percent="100" />
    </mem>
    <remembered-set count="92" />
  </mem-info>
</gc-end>
<cycle-end id="5397" type="scavenge" contextid="5391" timestamp="2019-07-02T20:42:35.963">
  <attribute name="GC Util" value="1" />
  <attribute name="CPU Util" value="561664233049" />
  <attribute name="Time Running"value="17063"/>
  <attribute name="Number of cores"value="4"/>
</cycle-end>
<allocation-satisfied id="5398" threadId="00000000022F5700" bytesRequested="16" />
<af-end id="5399" timestamp="2019-07-02T20:42:35.963" threadId="00000000022F6088" success="true" from="nursery"/>
<exclusive-end id="5400" timestamp="2019-07-02T20:42:35.964" durationms="1.322" />

<exclusive-start id="5401" timestamp="2019-07-02T20:42:35.999" intervalms="36.485">
  <response-info timems="0.058" idlems="0.058" threads="0" lastid="00000000022F5700" lastname="main" />
</exclusive-start>
<af-start id="5402" threadId="00000000022F6088" totalBytesRequested="40" timestamp="2019-07-02T20:42:35.999" intervalms="36.540" type="nursery" />
<cycle-start id="5403" type="scavenge" contextid="0" timestamp="2019-07-02T20:42:35.999" intervalms="36.540" />
  <attribute name="GC Util" value="1" />
  <attribute name="CPU Util" value="561664233049" />
  <attribute name="Time Running"value="17063"/>
  <attribute name="Number of cores"value="4"/>
<gc-start id="5404" type="scavenge" contextid="5403" timestamp="2019-07-02T20:42:35.999">
  <mem-info id="5405" free="7522880" total="44826624" percent="16">
    <mem type="nursery" free="0" total="18612224" percent="0">
      <mem type="allocate" free="0" total="16711680" percent="0" />
      <mem type="survivor" free="0" total="1900544" percent="0" />
    </mem>
    <mem type="tenure" free="7522880" total="26214400" percent="28">
      <mem type="soa" free="6212160" total="24903680" percent="24" />
      <mem type="loa" free="1310720" total="1310720" percent="100" />
    </mem>
    <remembered-set count="95" />
  </mem-info>
</gc-start>
<allocation-stats totalBytes="16669200" >
  <allocated-bytes non-tlh="16" tlh="16669184" />
  <largest-consumer threadName="main" threadId="00000000022F5700" bytes="16669200" />
</allocation-stats>
<gc-op id="5406" type="scavenge" timems="0.205" contextid="5403" timestamp="2019-07-02T20:42:36.000">
  <scavenger-info tenureage="3" tenuremask="fff8" tiltratio="89" />
  <memory-copied type="nursery" objects="38" bytes="1096" bytesdiscarded="38072" />
  <memory-copied type="tenure" objects="6" bytes="136" bytesdiscarded="0" />
</gc-op>
<gc-end id="5407" type="scavenge" contextid="5403" durationms="0.615" usertimems="0.000" systemtimems="0.000" timestamp="2019-07-02T20:42:36.000" activeThreads="4">
  <mem-info id="5408" free="24195392" total="44826624" percent="53">
    <mem type="nursery" free="16672512" total="18612224" percent="89">
      <mem type="allocate" free="16672512" total="16711680" percent="99" />
      <mem type="survivor" free="0" total="1900544" percent="0" />
    </mem>
    <mem type="tenure" free="7522880" total="26214400" percent="28">
      <mem type="soa" free="6212160" total="24903680" percent="24" />
      <mem type="loa" free="1310720" total="1310720" percent="100" />
    </mem>
    <remembered-set count="92" />
  </mem-info>
</gc-end>
<cycle-end id="5409" type="scavenge" contextid="5403" timestamp="2019-07-02T20:42:36.000">
  <attribute name="GC Util" value="1" />
  <attribute name="CPU Util" value="504254417655" />
  <attribute name="Time Running"value="17100"/>
  <attribute name="Number of cores"value="4"/>
</cycle-end>
<allocation-satisfied id="5410" threadId="00000000022F5700" bytesRequested="40" />
<af-end id="5411" timestamp="2019-07-02T20:42:36.000" threadId="00000000022F6088" success="true" from="nursery"/>
<exclusive-end id="5412" timestamp="2019-07-02T20:42:36.000" durationms="1.476" />

<exclusive-start id="5413" timestamp="2019-07-02T20:42:36.030" intervalms="31.675">
  <response-info timems="0.062" idlems="0.062" threads="0" lastid="00000000022F5700" lastname="main" />
</exclusive-start>
<af-start id="5414" threadId="00000000022F6088" totalBytesRequested="32" timestamp="2019-07-02T20:42:36.031" intervalms="31.677" type="nursery" />
<cycle-start id="5415" type="scavenge" contextid="0" timestamp="2019-07-02T20:42:36.031" intervalms="31.705" />
  <attribute name="GC Util" value="1" />
  <attribute name="CPU Util" value="504254417655" />
  <attribute name="Time Running"value="17100"/>
  <attribute name="Number of cores"value="4"/>
<gc-start id="5416" type="scavenge" contextid="5415" timestamp="2019-07-02T20:42:36.031">
  <mem-info id="5417" free="7522880" total="44826624" percent="16">
    <mem type="nursery" free="0" total="18612224" percent="0">
      <mem type="allocate" free="0" total="16711680" percent="0" />
      <mem type="survivor" free="0" total="1900544" percent="0" />
    </mem>
    <mem type="tenure" free="7522880" total="26214400" percent="28">
      <mem type="soa" free="6212160" total="24903680" percent="24" />
      <mem type="loa" free="1310720" total="1310720" percent="100" />
    </mem>
    <remembered-set count="93" />
  </mem-info>
</gc-start>
<allocation-stats totalBytes="16670296" >
  <allocated-bytes non-tlh="40" tlh="16670256" />
  <largest-consumer threadName="main" threadId="00000000022F5700" bytes="16670296" />
</allocation-stats>
<gc-op id="5418" type="scavenge" timems="0.211" contextid="5415" timestamp="2019-07-02T20:42:36.031">
  <scavenger-info tenureage="4" tenuremask="ffd0" tiltratio="89" />
  <memory-copied type="nursery" objects="40" bytes="1152" bytesdiscarded="38016" />
</gc-op>
<gc-end id="5419" type="scavenge" contextid="5415" durationms="0.622" usertimems="0.000" systemtimems="0.000" timestamp="2019-07-02T20:42:36.032" activeThreads="4">
  <mem-info id="5420" free="24195392" total="44826624" percent="53">
    <mem type="nursery" free="16672512" total="18612224" percent="89">
      <mem type="allocate" free="16672512" total="16711680" percent="99" />
      <mem type="survivor" free="0" total="1900544" percent="0" />
    </mem>
    <mem type="tenure" free="7522880" total="26214400" percent="28">
      <mem type="soa" free="6212160" total="24903680" percent="24" />
      <mem type="loa" free="1310720" total="1310720" percent="100" />
    </mem>
    <remembered-set count="92" />
  </mem-info>
</gc-end>
<cycle-end id="5421" type="scavenge" contextid="5415" timestamp="2019-07-02T20:42:36.032">
  <attribute name="GC Util" value="1" />
  <attribute name="CPU Util" value="581302327053" />
  <attribute name="Time Running"value="17131"/>
  <attribute name="Number of cores"value="4"/>
</cycle-end>
<allocation-satisfied id="5422" threadId="00000000022F5700" bytesRequested="32" />
<af-end id="5423" timestamp="2019-07-02T20:42:36.032" threadId="00000000022F6088" success="true" from="nursery"/>
<exclusive-end id="5424" timestamp="2019-07-02T20:42:36.032" durationms="1.468" />

<exclusive-start id="5425" timestamp="2019-07-02T20:42:36.056" intervalms="25.317">
  <response-info timems="0.109" idlems="0.109" threads="0" lastid="00000000022F5700" lastname="main" />
</exclusive-start>
<af-start id="5426" threadId="00000000022F6088" totalBytesRequested="32" timestamp="2019-07-02T20:42:36.056" intervalms="25.259" type="nursery" />
<cycle-start id="5427" type="scavenge" contextid="0" timestamp="2019-07-02T20:42:36.056" intervalms="25.230" />
  <attribute name="GC Util" value="1" />
  <attribute name="CPU Util" value="581302327053" />
  <attribute name="Time Running"value="17131"/>
  <attribute name="Number of cores"value="4"/>
<gc-start id="5428" type="scavenge" contextid="5427" timestamp="2019-07-02T20:42:36.056">
  <mem-info id="5429" free="7522880" total="44826624" percent="16">
    <mem type="nursery" free="0" total="18612224" percent="0">
      <mem type="allocate" free="0" total="16711680" percent="0" />
      <mem type="survivor" free="0" total="1900544" percent="0" />
    </mem>
    <mem type="tenure" free="7522880" total="26214400" percent="28">
      <mem type="soa" free="6212160" total="24903680" percent="24" />
      <mem type="loa" free="1310720" total="1310720" percent="100" />
    </mem>
    <remembered-set count="93" />
  </mem-info>
</gc-start>
<allocation-stats totalBytes="16670720" >
  <allocated-bytes non-tlh="32" tlh="16670688" />
  <largest-consumer threadName="main" threadId="00000000022F5700" bytes="16670720" />
</allocation-stats>
<gc-op id="5430" type="scavenge" timems="0.198" contextid="5427" timestamp="2019-07-02T20:42:36.057">
  <scavenger-info tenureage="3" tenuremask="fff8" tiltratio="89" />
  <memory-copied type="nursery" objects="34" bytes="1016" bytesdiscarded="38152" />
  <memory-copied type="tenure" objects="6" bytes="136" bytesdiscarded="0" />
</gc-op>
<gc-end id="5431" type="scavenge" contextid="5427" durationms="0.597" usertimems="0.000" systemtimems="0.000" timestamp="2019-07-02T20:42:36.057" activeThreads="4">
  <mem-info id="5432" free="24195392" total="44826624" percent="53">
    <mem type="nursery" free="16672512" total="18612224" percent="89">
      <mem type="allocate" free="16672512" total="16711680" percent="99" />
      <mem type="survivor" free="0" total="1900544" percent="0" />
    </mem>
    <mem type="tenure" free="7522880" total="26214400" percent="28">
      <mem type="soa" free="6212160" total="24903680" percent="24" />
      <mem type="loa" free="1310720" total="1310720" percent="100" />
    </mem>
    <remembered-set count="90" />
  </mem-info>
</gc-end>
<cycle-end id="5433" type="scavenge" contextid="5427" timestamp="2019-07-02T20:42:36.057">
  <attribute name="GC Util" value="2" />
  <attribute name="CPU Util" value="731851337595" />
  <attribute name="Time Running"value="17157"/>
  <attribute name="Number of cores"value="4"/>
</cycle-end>
<allocation-satisfied id="5434" threadId="00000000022F5700" bytesRequested="32" />
<af-end id="5435" timestamp="2019-07-02T20:42:36.057" threadId="00000000022F6088" success="true" from="nursery"/>
<exclusive-end id="5436" timestamp="2019-07-02T20:42:36.057" durationms="1.381" />

<exclusive-start id="5437" timestamp="2019-07-02T20:42:36.076" intervalms="20.286">
  <response-info timems="0.065" idlems="0.065" threads="0" lastid="00000000022F5700" lastname="main" />
</exclusive-start>
<af-start id="5438" threadId="00000000022F6088" totalBytesRequested="32" timestamp="2019-07-02T20:42:36.076" intervalms="20.358" type="nursery" />
<cycle-start id="5439" type="scavenge" contextid="0" timestamp="2019-07-02T20:42:36.076" intervalms="20.363" />
  <attribute name="GC Util" value="2" />
  <attribute name="CPU Util" value="731851337595" />
  <attribute name="Time Running"value="17157"/>
  <attribute name="Number of cores"value="4"/>
<gc-start id="5440" type="scavenge" contextid="5439" timestamp="2019-07-02T20:42:36.077">
  <mem-info id="5441" free="7522880" total="44826624" percent="16">
    <mem type="nursery" free="0" total="18612224" percent="0">
      <mem type="allocate" free="0" total="16711680" percent="0" />
      <mem type="survivor" free="0" total="1900544" percent="0" />
    </mem>
    <mem type="tenure" free="7522880" total="26214400" percent="28">
      <mem type="soa" free="6212160" total="24903680" percent="24" />
      <mem type="loa" free="1310720" total="1310720" percent="100" />
    </mem>
    <remembered-set count="93" />
  </mem-info>
</gc-start>
<allocation-stats totalBytes="16671608" >
  <allocated-bytes non-tlh="32" tlh="16671576" />
  <largest-consumer threadName="main" threadId="00000000022F5700" bytes="16671608" />
</allocation-stats>
<gc-op id="5442" type="scavenge" timems="0.234" contextid="5439" timestamp="2019-07-02T20:42:36.077">
  <scavenger-info tenureage="3" tenuremask="ffd8" tiltratio="89" />
  <memory-copied type="nursery" objects="21" bytes="672" bytesdiscarded="38496" />
  <memory-copied type="tenure" objects="6" bytes="136" bytesdiscarded="0" />
</gc-op>
<gc-end id="5443" type="scavenge" contextid="5439" durationms="0.636" usertimems="0.000" systemtimems="0.000" timestamp="2019-07-02T20:42:36.077" activeThreads="4">
  <mem-info id="5444" free="24195392" total="44826624" percent="53">
    <mem type="nursery" free="16672512" total="18612224" percent="89">
      <mem type="allocate" free="16672512" total="16711680" percent="99" />
      <mem type="survivor" free="0" total="1900544" percent="0" />
    </mem>
    <mem type="tenure" free="7522880" total="26214400" percent="28">
      <mem type="soa" free="6212160" total="24903680" percent="24" />
      <mem type="loa" free="1310720" total="1310720" percent="100" />
    </mem>
    <remembered-set count="90" />
  </mem-info>
</gc-end>
<cycle-end id="5445" type="scavenge" contextid="5439" timestamp="2019-07-02T20:42:36.077">
  <attribute name="GC Util" value="2" />
  <attribute name="CPU Util" value="906158600217" />
  <attribute name="Time Running"value="17177"/>
  <attribute name="Number of cores"value="4"/>
</cycle-end>
<allocation-satisfied id="5446" threadId="00000000022F5700" bytesRequested="32" />
<af-end id="5447" timestamp="2019-07-02T20:42:36.078" threadId="00000000022F6088" success="true" from="nursery"/>
<exclusive-end id="5448" timestamp="2019-07-02T20:42:36.078" durationms="1.683" />

<exclusive-start id="5449" timestamp="2019-07-02T20:42:36.093" intervalms="17.353">
  <response-info timems="0.077" idlems="0.077" threads="0" lastid="00000000022F5700" lastname="main" />
</exclusive-start>
<af-start id="5450" threadId="00000000022F6088" totalBytesRequested="32" timestamp="2019-07-02T20:42:36.093" intervalms="17.302" type="nursery" />
<cycle-start id="5451" type="scavenge" contextid="0" timestamp="2019-07-02T20:42:36.094" intervalms="17.296" />
  <attribute name="GC Util" value="2" />
  <attribute name="CPU Util" value="906158600217" />
  <attribute name="Time Running"value="17177"/>
  <attribute name="Number of cores"value="4"/>
<gc-start id="5452" type="scavenge" contextid="5451" timestamp="2019-07-02T20:42:36.094">
  <mem-info id="5453" free="7522880" total="44826624" percent="16">
    <mem type="nursery" free="0" total="18612224" percent="0">
      <mem type="allocate" free="0" total="16711680" percent="0" />
      <mem type="survivor" free="0" total="1900544" percent="0" />
    </mem>
    <mem type="tenure" free="7522880" total="26214400" percent="28">
      <mem type="soa" free="6212160" total="24903680" percent="24" />
      <mem type="loa" free="1310720" total="1310720" percent="100" />
    </mem>
    <remembered-set count="90" />
  </mem-info>
</gc-start>
<allocation-stats totalBytes="16671752" >
  <allocated-bytes non-tlh="32" tlh="16671720" />
  <largest-consumer threadName="main" threadId="00000000022F5700" bytes="16671752" />
</allocation-stats>
<gc-op id="5454" type="scavenge" timems="0.193" contextid="5451" timestamp="2019-07-02T20:42:36.094">
  <scavenger-info tenureage="13" tenuremask="e000" tiltratio="89" />
  <memory-copied type="nursery" objects="21" bytes="672" bytesdiscarded="38496" />
</gc-op>
<gc-end id="5455" type="scavenge" contextid="5451" durationms="0.586" usertimems="0.000" systemtimems="0.000" timestamp="2019-07-02T20:42:36.094" activeThreads="4">
  <mem-info id="5456" free="24195392" total="44826624" percent="53">
    <mem type="nursery" free="16672512" total="18612224" percent="89">
      <mem type="allocate" free="16672512" total="16711680" percent="99" />
      <mem type="survivor" free="0" total="1900544" percent="0" />
    </mem>
    <mem type="tenure" free="7522880" total="26214400" percent="28">
      <mem type="soa" free="6212160" total="24903680" percent="24" />
      <mem type="loa" free="1310720" total="1310720" percent="100" />
    </mem>
    <remembered-set count="90" />
  </mem-info>
</gc-end>
<cycle-end id="5457" type="scavenge" contextid="5451" timestamp="2019-07-02T20:42:36.095">
  <attribute name="GC Util" value="3" />
  <attribute name="CPU Util" value="1068957557526" />
  <attribute name="Time Running"value="17194"/>
  <attribute name="Number of cores"value="4"/>
</cycle-end>
<allocation-satisfied id="5458" threadId="00000000022F5700" bytesRequested="32" />
<af-end id="5459" timestamp="2019-07-02T20:42:36.095" threadId="00000000022F6088" success="true" from="nursery"/>
<exclusive-end id="5460" timestamp="2019-07-02T20:42:36.095" durationms="1.370" />

<exclusive-start id="5461" timestamp="2019-07-02T20:42:36.141" intervalms="48.134">
  <response-info timems="0.067" idlems="0.067" threads="0" lastid="00000000022F5700" lastname="main" />
</exclusive-start>
<af-start id="5462" threadId="00000000022F6088" totalBytesRequested="24" timestamp="2019-07-02T20:42:36.142" intervalms="48.171" type="nursery" />
<cycle-start id="5463" type="scavenge" contextid="0" timestamp="2019-07-02T20:42:36.142" intervalms="48.198" />
  <attribute name="GC Util" value="3" />
  <attribute name="CPU Util" value="1068957557526" />
  <attribute name="Time Running"value="17194"/>
  <attribute name="Number of cores"value="4"/>
<gc-start id="5464" type="scavenge" contextid="5463" timestamp="2019-07-02T20:42:36.142">
  <mem-info id="5465" free="7522880" total="44826624" percent="16">
    <mem type="nursery" free="0" total="18612224" percent="0">
      <mem type="allocate" free="0" total="16711680" percent="0" />
      <mem type="survivor" free="0" total="1900544" percent="0" />
    </mem>
    <mem type="tenure" free="7522880" total="26214400" percent="28">
      <mem type="soa" free="6212160" total="24903680" percent="24" />
      <mem type="loa" free="1310720" total="1310720" percent="100" />
    </mem>
    <remembered-set count="94" />
  </mem-info>
</gc-start>
<allocation-stats totalBytes="16671504" >
  <allocated-bytes non-tlh="32" tlh="16671472" />
  <largest-consumer threadName="main" threadId="00000000022F5700" bytes="16671504" />
</allocation-stats>
<gc-op id="5466" type="scavenge" timems="0.179" contextid="5463" timestamp="2019-07-02T20:42:36.142">
  <scavenger-info tenureage="11" tenuremask="e800" tiltratio="89" />
  <memory-copied type="nursery" objects="31" bytes="872" bytesdiscarded="38296" />
</gc-op>
<gc-end id="5467" type="scavenge" contextid="5463" durationms="0.584" usertimems="0.000" systemtimems="0.000" timestamp="2019-07-02T20:42:36.143" activeThreads="4">
  <mem-info id="5468" free="24195392" total="44826624" percent="53">
    <mem type="nursery" free="16672512" total="18612224" percent="89">
      <mem type="allocate" free="16672512" total="16711680" percent="99" />
      <mem type="survivor" free="0" total="1900544" percent="0" />
    </mem>
    <mem type="tenure" free="7522880" total="26214400" percent="28">
      <mem type="soa" free="6212160" total="24903680" percent="24" />
      <mem type="loa" free="1310720" total="1310720" percent="100" />
    </mem>
    <remembered-set count="94" />
  </mem-info>
</gc-end>
<cycle-end id="5469" type="scavenge" contextid="5463" timestamp="2019-07-02T20:42:36.143">
  <attribute name="GC Util" value="0" />
  <attribute name="CPU Util" value="382980117132" />
  <attribute name="Time Running"value="17242"/>
  <attribute name="Number of cores"value="4"/>
</cycle-end>
<allocation-satisfied id="5470" threadId="00000000022F5700" bytesRequested="24" />
<af-end id="5471" timestamp="2019-07-02T20:42:36.143" threadId="00000000022F6088" success="true" from="nursery"/>
<exclusive-end id="5472" timestamp="2019-07-02T20:42:36.143" durationms="1.415" />

<exclusive-start id="5473" timestamp="2019-07-02T20:42:36.166" intervalms="24.234">
  <response-info timems="0.074" idlems="0.074" threads="0" lastid="00000000022F5700" lastname="main" />
</exclusive-start>
<af-start id="5474" threadId="00000000022F6088" totalBytesRequested="24" timestamp="2019-07-02T20:42:36.166" intervalms="24.191" type="nursery" />
<cycle-start id="5475" type="scavenge" contextid="0" timestamp="2019-07-02T20:42:36.166" intervalms="24.162" />
  <attribute name="GC Util" value="0" />
  <attribute name="CPU Util" value="382980117132" />
  <attribute name="Time Running"value="17242"/>
  <attribute name="Number of cores"value="4"/>
<gc-start id="5476" type="scavenge" contextid="5475" timestamp="2019-07-02T20:42:36.166">
  <mem-info id="5477" free="7522880" total="44826624" percent="16">
    <mem type="nursery" free="0" total="18612224" percent="0">
      <mem type="allocate" free="0" total="16711680" percent="0" />
      <mem type="survivor" free="0" total="1900544" percent="0" />
    </mem>
    <mem type="tenure" free="7522880" total="26214400" percent="28">
      <mem type="soa" free="6212160" total="24903680" percent="24" />
      <mem type="loa" free="1310720" total="1310720" percent="100" />
    </mem>
    <remembered-set count="94" />
  </mem-info>
</gc-start>
<allocation-stats totalBytes="16671432" >
  <allocated-bytes non-tlh="24" tlh="16671408" />
  <largest-consumer threadName="main" threadId="00000000022F5700" bytes="16671432" />
</allocation-stats>
<gc-op id="5478" type="scavenge" timems="0.173" contextid="5475" timestamp="2019-07-02T20:42:36.167">
  <scavenger-info tenureage="11" tenuremask="f800" tiltratio="89" />
  <memory-copied type="nursery" objects="31" bytes="872" bytesdiscarded="38296" />
</gc-op>
<gc-end id="5479" type="scavenge" contextid="5475" durationms="0.574" usertimems="0.000" systemtimems="0.000" timestamp="2019-07-02T20:42:36.167" activeThreads="4">
  <mem-info id="5480" free="24195392" total="44826624" percent="53">
    <mem type="nursery" free="16672512" total="18612224" percent="89">
      <mem type="allocate" free="16672512" total="16711680" percent="99" />
      <mem type="survivor" free="0" total="1900544" percent="0" />
    </mem>
    <mem type="tenure" free="7522880" total="26214400" percent="28">
      <mem type="soa" free="6212160" total="24903680" percent="24" />
      <mem type="loa" free="1310720" total="1310720" percent="100" />
    </mem>
    <remembered-set count="94" />
  </mem-info>
</gc-end>
<cycle-end id="5481" type="scavenge" contextid="5475" timestamp="2019-07-02T20:42:36.167">
  <attribute name="GC Util" value="1" />
  <attribute name="CPU Util" value="762603462000" />
  <attribute name="Time Running"value="17267"/>
  <attribute name="Number of cores"value="4"/>
</cycle-end>
<allocation-satisfied id="5482" threadId="00000000022F5700" bytesRequested="24" />
<af-end id="5483" timestamp="2019-07-02T20:42:36.167" threadId="00000000022F6088" success="true" from="nursery"/>
<exclusive-end id="5484" timestamp="2019-07-02T20:42:36.167" durationms="1.322" />

<exclusive-start id="5485" timestamp="2019-07-02T20:42:36.308" intervalms="142.423">
  <response-info timems="0.079" idlems="0.079" threads="0" lastid="00000000022F5700" lastname="main" />
</exclusive-start>
<af-start id="5486" threadId="00000000022F6088" totalBytesRequested="32" timestamp="2019-07-02T20:42:36.308" intervalms="142.484" type="nursery" />
<cycle-start id="5487" type="scavenge" contextid="0" timestamp="2019-07-02T20:42:36.308" intervalms="142.491" />
  <attribute name="GC Util" value="1" />
  <attribute name="CPU Util" value="762603462000" />
  <attribute name="Time Running"value="17267"/>
  <attribute name="Number of cores"value="4"/>
<gc-start id="5488" type="scavenge" contextid="5487" timestamp="2019-07-02T20:42:36.309">
  <mem-info id="5489" free="7522880" total="44826624" percent="16">
    <mem type="nursery" free="0" total="18612224" percent="0">
      <mem type="allocate" free="0" total="16711680" percent="0" />
      <mem type="survivor" free="0" total="1900544" percent="0" />
    </mem>
    <mem type="tenure" free="7522880" total="26214400" percent="28">
      <mem type="soa" free="6212160" total="24903680" percent="24" />
      <mem type="loa" free="1310720" total="1310720" percent="100" />
    </mem>
    <remembered-set count="102" />
  </mem-info>
</gc-start>
<allocation-stats totalBytes="16671440" >
  <allocated-bytes non-tlh="24" tlh="16671416" />
  <largest-consumer threadName="main" threadId="00000000022F5700" bytes="16671440" />
</allocation-stats>
<gc-op id="5490" type="scavenge" timems="0.228" contextid="5487" timestamp="2019-07-02T20:42:36.309">
  <scavenger-info tenureage="12" tenuremask="f000" tiltratio="89" />
  <memory-copied type="nursery" objects="58" bytes="1480" bytesdiscarded="37688" />
</gc-op>
<gc-end id="5491" type="scavenge" contextid="5487" durationms="0.699" usertimems="0.000" systemtimems="0.000" timestamp="2019-07-02T20:42:36.309" activeThreads="4">
  <mem-info id="5492" free="24195392" total="44826624" percent="53">
    <mem type="nursery" free="16672512" total="18612224" percent="89">
      <mem type="allocate" free="16672512" total="16711680" percent="99" />
      <mem type="survivor" free="0" total="1900544" percent="0" />
    </mem>
    <mem type="tenure" free="7522880" total="26214400" percent="28">
      <mem type="soa" free="6212160" total="24903680" percent="24" />
      <mem type="loa" free="1310720" total="1310720" percent="100" />
    </mem>
    <remembered-set count="102" />
  </mem-info>
</gc-end>
<cycle-end id="5493" type="scavenge" contextid="5487" timestamp="2019-07-02T20:42:36.310">
  <attribute name="GC Util" value="0" />
  <attribute name="CPU Util" value="129350507436" />
  <attribute name="Time Running"value="17409"/>
  <attribute name="Number of cores"value="4"/>
</cycle-end>
<allocation-satisfied id="5494" threadId="00000000022F5700" bytesRequested="32" />
<af-end id="5495" timestamp="2019-07-02T20:42:36.310" threadId="00000000022F6088" success="true" from="nursery"/>
<exclusive-end id="5496" timestamp="2019-07-02T20:42:36.310" durationms="1.599" />

<exclusive-start id="5497" timestamp="2019-07-02T20:42:36.322" intervalms="13.851">
  <response-info timems="0.091" idlems="0.091" threads="0" lastid="00000000022F5700" lastname="main" />
</exclusive-start>
<af-start id="5498" threadId="00000000022F6088" totalBytesRequested="24" timestamp="2019-07-02T20:42:36.322" intervalms="13.824" type="nursery" />
<cycle-start id="5499" type="scavenge" contextid="0" timestamp="2019-07-02T20:42:36.322" intervalms="13.847" />
  <attribute name="GC Util" value="0" />
  <attribute name="CPU Util" value="129350507436" />
  <attribute name="Time Running"value="17409"/>
  <attribute name="Number of cores"value="4"/>
<gc-start id="5500" type="scavenge" contextid="5499" timestamp="2019-07-02T20:42:36.323">
  <mem-info id="5501" free="7522880" total="44826624" percent="16">
    <mem type="nursery" free="0" total="18612224" percent="0">
      <mem type="allocate" free="0" total="16711680" percent="0" />
      <mem type="survivor" free="0" total="1900544" percent="0" />
    </mem>
    <mem type="tenure" free="7522880" total="26214400" percent="28">
      <mem type="soa" free="6212160" total="24903680" percent="24" />
      <mem type="loa" free="1310720" total="1310720" percent="100" />
    </mem>
    <remembered-set count="102" />
  </mem-info>
</gc-start>
<allocation-stats totalBytes="16671264" >
  <allocated-bytes non-tlh="32" tlh="16671232" />
  <largest-consumer threadName="main" threadId="00000000022F5700" bytes="16671264" />
</allocation-stats>
<gc-op id="5502" type="scavenge" timems="0.214" contextid="5499" timestamp="2019-07-02T20:42:36.323">
  <scavenger-info tenureage="5" tenuremask="e820" tiltratio="89" />
  <memory-copied type="nursery" objects="53" bytes="1376" bytesdiscarded="37792" />
  <memory-copied type="tenure" objects="6" bytes="136" bytesdiscarded="0" />
</gc-op>
<gc-end id="5503" type="scavenge" contextid="5499" durationms="0.665" usertimems="0.000" systemtimems="0.000" timestamp="2019-07-02T20:42:36.323" activeThreads="4">
  <mem-info id="5504" free="24195392" total="44826624" percent="53">
    <mem type="nursery" free="16672512" total="18612224" percent="89">
      <mem type="allocate" free="16672512" total="16711680" percent="99" />
      <mem type="survivor" free="0" total="1900544" percent="0" />
    </mem>
    <mem type="tenure" free="7522880" total="26214400" percent="28">
      <mem type="soa" free="6212160" total="24903680" percent="24" />
      <mem type="loa" free="1310720" total="1310720" percent="100" />
    </mem>
    <remembered-set count="100" />
  </mem-info>
</gc-end>
<cycle-end id="5505" type="scavenge" contextid="5499" timestamp="2019-07-02T20:42:36.323">
  <attribute name="GC Util" value="3" />
  <attribute name="CPU Util" value="1334041863853" />
  <attribute name="Time Running"value="17423"/>
  <attribute name="Number of cores"value="4"/>
</cycle-end>
<allocation-satisfied id="5506" threadId="00000000022F5700" bytesRequested="24" />
<af-end id="5507" timestamp="2019-07-02T20:42:36.323" threadId="00000000022F6088" success="true" from="nursery"/>
<exclusive-end id="5508" timestamp="2019-07-02T20:42:36.323" durationms="1.526" />

<exclusive-start id="5509" timestamp="2019-07-02T20:42:36.336" intervalms="13.795">
  <response-info timems="0.075" idlems="0.075" threads="0" lastid="00000000022F5700" lastname="main" />
</exclusive-start>
<af-start id="5510" threadId="00000000022F6088" totalBytesRequested="32" timestamp="2019-07-02T20:42:36.336" intervalms="13.787" type="nursery" />
<cycle-start id="5511" type="scavenge" contextid="0" timestamp="2019-07-02T20:42:36.336" intervalms="13.779" />
  <attribute name="GC Util" value="3" />
  <attribute name="CPU Util" value="1334041863853" />
  <attribute name="Time Running"value="17423"/>
  <attribute name="Number of cores"value="4"/>
<gc-start id="5512" type="scavenge" contextid="5511" timestamp="2019-07-02T20:42:36.336">
  <mem-info id="5513" free="7522880" total="44826624" percent="16">
    <mem type="nursery" free="0" total="18612224" percent="0">
      <mem type="allocate" free="0" total="16711680" percent="0" />
      <mem type="survivor" free="0" total="1900544" percent="0" />
    </mem>
    <mem type="tenure" free="7522880" total="26214400" percent="28">
      <mem type="soa" free="6212160" total="24903680" percent="24" />
      <mem type="loa" free="1310720" total="1310720" percent="100" />
    </mem>
    <remembered-set count="100" />
  </mem-info>
</gc-start>
<allocation-stats totalBytes="16671344" >
  <allocated-bytes non-tlh="24" tlh="16671320" />
  <largest-consumer threadName="main" threadId="00000000022F5700" bytes="16671344" />
</allocation-stats>
<gc-op id="5514" type="scavenge" timems="0.159" contextid="5511" timestamp="2019-07-02T20:42:36.337">
  <scavenger-info tenureage="4" tenuremask="d010" tiltratio="89" />
  <memory-copied type="nursery" objects="40" bytes="1072" bytesdiscarded="38096" />
  <memory-copied type="tenure" objects="12" bytes="272" bytesdiscarded="0" />
</gc-op>
<gc-end id="5515" type="scavenge" contextid="5511" durationms="0.630" usertimems="0.000" systemtimems="0.000" timestamp="2019-07-02T20:42:36.337" activeThreads="4">
  <mem-info id="5516" free="24195392" total="44826624" percent="53">
    <mem type="nursery" free="16672512" total="18612224" percent="89">
      <mem type="allocate" free="16672512" total="16711680" percent="99" />
      <mem type="survivor" free="0" total="1900544" percent="0" />
    </mem>
    <mem type="tenure" free="7522880" total="26214400" percent="28">
      <mem type="soa" free="6212160" total="24903680" percent="24" />
      <mem type="loa" free="1310720" total="1310720" percent="100" />
    </mem>
    <remembered-set count="96" />
  </mem-info>
</gc-end>
<cycle-end id="5517" type="scavenge" contextid="5511" timestamp="2019-07-02T20:42:36.337">
  <attribute name="GC Util" value="4" />
  <attribute name="CPU Util" value="1337649181110" />
  <attribute name="Time Running"value="17437"/>
  <attribute name="Number of cores"value="4"/>
</cycle-end>
<allocation-satisfied id="5518" threadId="00000000022F5700" bytesRequested="32" />
<af-end id="5519" timestamp="2019-07-02T20:42:36.337" threadId="00000000022F6088" success="true" from="nursery"/>
<exclusive-end id="5520" timestamp="2019-07-02T20:42:36.337" durationms="1.517" />

<exclusive-start id="5521" timestamp="2019-07-02T20:42:36.353" intervalms="16.965">
  <response-info timems="0.075" idlems="0.075" threads="0" lastid="00000000022F5700" lastname="main" />
</exclusive-start>
<af-start id="5522" threadId="00000000022F6088" totalBytesRequested="32" timestamp="2019-07-02T20:42:36.353" intervalms="16.973" type="nursery" />
<cycle-start id="5523" type="scavenge" contextid="0" timestamp="2019-07-02T20:42:36.353" intervalms="16.971" />
  <attribute name="GC Util" value="4" />
  <attribute name="CPU Util" value="1337649181110" />
  <attribute name="Time Running"value="17437"/>
  <attribute name="Number of cores"value="4"/>
<gc-start id="5524" type="scavenge" contextid="5523" timestamp="2019-07-02T20:42:36.353">
  <mem-info id="5525" free="7522880" total="44826624" percent="16">
    <mem type="nursery" free="0" total="18612224" percent="0">
      <mem type="allocate" free="0" total="16711680" percent="0" />
      <mem type="survivor" free="0" total="1900544" percent="0" />
    </mem>
    <mem type="tenure" free="7522880" total="26214400" percent="28">
      <mem type="soa" free="6212160" total="24903680" percent="24" />
      <mem type="loa" free="1310720" total="1310720" percent="100" />
    </mem>
    <remembered-set count="98" />
  </mem-info>
</gc-start>
<allocation-stats totalBytes="16671320" >
  <allocated-bytes non-tlh="32" tlh="16671288" />
  <largest-consumer threadName="main" threadId="00000000022F5700" bytes="16671320" />
</allocation-stats>
<gc-op id="5526" type="scavenge" timems="0.190" contextid="5523" timestamp="2019-07-02T20:42:36.354">
  <scavenger-info tenureage="3" tenuremask="e808" tiltratio="89" />
  <memory-copied type="nursery" objects="27" bytes="832" bytesdiscarded="77504" />
  <memory-copied type="tenure" objects="24" bytes="544" bytesdiscarded="0" />
</gc-op>
<gc-end id="5527" type="scavenge" contextid="5523" durationms="0.590" usertimems="0.000" systemtimems="0.000" timestamp="2019-07-02T20:42:36.354" activeThreads="4">
  <mem-info id="5528" free="24156224" total="44826624" percent="53">
    <mem type="nursery" free="16633344" total="18612224" percent="89">
      <mem type="allocate" free="16633344" total="16711680" percent="99" />
      <mem type="survivor" free="0" total="1900544" percent="0" />
    </mem>
    <mem type="tenure" free="7522880" total="26214400" percent="28">
      <mem type="soa" free="6212160" total="24903680" percent="24" />
      <mem type="loa" free="1310720" total="1310720" percent="100" />
    </mem>
    <remembered-set count="90" />
  </mem-info>
</gc-end>
<cycle-end id="5529" type="scavenge" contextid="5523" timestamp="2019-07-02T20:42:36.354">
  <attribute name="GC Util" value="2" />
  <attribute name="CPU Util" value="1089458822563" />
  <attribute name="Time Running"value="17454"/>
  <attribute name="Number of cores"value="4"/>
</cycle-end>
<allocation-satisfied id="5530" threadId="00000000022F5700" bytesRequested="32" />
<af-end id="5531" timestamp="2019-07-02T20:42:36.354" threadId="00000000022F6088" success="true" from="nursery"/>
<exclusive-end id="5532" timestamp="2019-07-02T20:42:36.354" durationms="1.513" />

<exclusive-start id="5533" timestamp="2019-07-02T20:42:36.373" intervalms="20.122">
  <response-info timems="0.066" idlems="0.066" threads="0" lastid="00000000022F5700" lastname="main" />
</exclusive-start>
<af-start id="5534" threadId="00000000022F6088" totalBytesRequested="32" timestamp="2019-07-02T20:42:36.373" intervalms="20.073" type="nursery" />
<cycle-start id="5535" type="scavenge" contextid="0" timestamp="2019-07-02T20:42:36.373" intervalms="20.049" />
  <attribute name="GC Util" value="2" />
  <attribute name="CPU Util" value="1089458822563" />
  <attribute name="Time Running"value="17454"/>
  <attribute name="Number of cores"value="4"/>
<gc-start id="5536" type="scavenge" contextid="5535" timestamp="2019-07-02T20:42:36.373">
  <mem-info id="5537" free="7522880" total="44826624" percent="16">
    <mem type="nursery" free="0" total="18612224" percent="0">
      <mem type="allocate" free="0" total="16711680" percent="0" />
      <mem type="survivor" free="0" total="1900544" percent="0" />
    </mem>
    <mem type="tenure" free="7522880" total="26214400" percent="28">
      <mem type="soa" free="6212160" total="24903680" percent="24" />
      <mem type="loa" free="1310720" total="1310720" percent="100" />
    </mem>
    <remembered-set count="90" />
  </mem-info>
</gc-start>
<allocation-stats totalBytes="16632208" >
  <allocated-bytes non-tlh="32" tlh="16632176" />
  <largest-consumer threadName="main" threadId="00000000022F5700" bytes="16632208" />
</allocation-stats>
<gc-op id="5538" type="scavenge" timems="0.183" contextid="5535" timestamp="2019-07-02T20:42:36.374">
  <scavenger-info tenureage="12" tenuremask="d000" tiltratio="89" />
  <memory-copied type="nursery" objects="30" bytes="904" bytesdiscarded="38264" />
</gc-op>
<gc-end id="5539" type="scavenge" contextid="5535" durationms="0.569" usertimems="0.000" systemtimems="0.000" timestamp="2019-07-02T20:42:36.374" activeThreads="4">
  <mem-info id="5540" free="24195392" total="44826624" percent="53">
    <mem type="nursery" free="16672512" total="18612224" percent="89">
      <mem type="allocate" free="16672512" total="16711680" percent="99" />
      <mem type="survivor" free="0" total="1900544" percent="0" />
    </mem>
    <mem type="tenure" free="7522880" total="26214400" percent="28">
      <mem type="soa" free="6212160" total="24903680" percent="24" />
      <mem type="loa" free="1310720" total="1310720" percent="100" />
    </mem>
    <remembered-set count="90" />
  </mem-info>
</gc-end>
<cycle-end id="5541" type="scavenge" contextid="5535" timestamp="2019-07-02T20:42:36.374">
  <attribute name="GC Util" value="2" />
  <attribute name="CPU Util" value="922186100860" />
  <attribute name="Time Running"value="17474"/>
  <attribute name="Number of cores"value="4"/>
</cycle-end>
<allocation-satisfied id="5542" threadId="00000000022F5700" bytesRequested="32" />
<af-end id="5543" timestamp="2019-07-02T20:42:36.374" threadId="00000000022F6088" success="true" from="nursery"/>
<exclusive-end id="5544" timestamp="2019-07-02T20:42:36.374" durationms="1.369" />

<exclusive-start id="5545" timestamp="2019-07-02T20:42:36.393" intervalms="19.999">
  <response-info timems="0.060" idlems="0.060" threads="0" lastid="00000000022F5700" lastname="main" />
</exclusive-start>
<af-start id="5546" threadId="00000000022F6088" totalBytesRequested="32" timestamp="2019-07-02T20:42:36.393" intervalms="20.005" type="nursery" />
<cycle-start id="5547" type="scavenge" contextid="0" timestamp="2019-07-02T20:42:36.393" intervalms="20.002" />
  <attribute name="GC Util" value="2" />
  <attribute name="CPU Util" value="922186100860" />
  <attribute name="Time Running"value="17474"/>
  <attribute name="Number of cores"value="4"/>
<gc-start id="5548" type="scavenge" contextid="5547" timestamp="2019-07-02T20:42:36.393">
  <mem-info id="5549" free="7522880" total="44826624" percent="16">
    <mem type="nursery" free="0" total="18612224" percent="0">
      <mem type="allocate" free="0" total="16711680" percent="0" />
      <mem type="survivor" free="0" total="1900544" percent="0" />
    </mem>
    <mem type="tenure" free="7522880" total="26214400" percent="28">
      <mem type="soa" free="6212160" total="24903680" percent="24" />
      <mem type="loa" free="1310720" total="1310720" percent="100" />
    </mem>
    <remembered-set count="90" />
  </mem-info>
</gc-start>
<allocation-stats totalBytes="16671352" >
  <allocated-bytes non-tlh="32" tlh="16671320" />
  <largest-consumer threadName="main" threadId="00000000022F5700" bytes="16671352" />
</allocation-stats>
<gc-op id="5550" type="scavenge" timems="0.163" contextid="5547" timestamp="2019-07-02T20:42:36.394">
  <scavenger-info tenureage="10" tenuremask="fc00" tiltratio="89" />
  <memory-copied type="nursery" objects="28" bytes="840" bytesdiscarded="38328" />
</gc-op>
<gc-end id="5551" type="scavenge" contextid="5547" durationms="0.542" usertimems="0.000" systemtimems="0.000" timestamp="2019-07-02T20:42:36.394" activeThreads="4">
  <mem-info id="5552" free="24195392" total="44826624" percent="53">
    <mem type="nursery" free="16672512" total="18612224" percent="89">
      <mem type="allocate" free="16672512" total="16711680" percent="99" />
      <mem type="survivor" free="0" total="1900544" percent="0" />
    </mem>
    <mem type="tenure" free="7522880" total="26214400" percent="28">
      <mem type="soa" free="6212160" total="24903680" percent="24" />
      <mem type="loa" free="1310720" total="1310720" percent="100" />
    </mem>
    <remembered-set count="90" />
  </mem-info>
</gc-end>
<cycle-end id="5553" type="scavenge" contextid="5547" timestamp="2019-07-02T20:42:36.394">
  <attribute name="GC Util" value="2" />
  <attribute name="CPU Util" value="923264805200" />
  <attribute name="Time Running"value="17494"/>
  <attribute name="Number of cores"value="4"/>
</cycle-end>
<allocation-satisfied id="5554" threadId="00000000022F5700" bytesRequested="32" />
<af-end id="5555" timestamp="2019-07-02T20:42:36.394" threadId="00000000022F6088" success="true" from="nursery"/>
<exclusive-end id="5556" timestamp="2019-07-02T20:42:36.394" durationms="1.313" />

<exclusive-start id="5557" timestamp="2019-07-02T20:42:36.410" intervalms="17.255">
  <response-info timems="0.069" idlems="0.069" threads="0" lastid="00000000022F5700" lastname="main" />
</exclusive-start>
<af-start id="5558" threadId="00000000022F6088" totalBytesRequested="24" timestamp="2019-07-02T20:42:36.410" intervalms="17.253" type="nursery" />
<cycle-start id="5559" type="scavenge" contextid="0" timestamp="2019-07-02T20:42:36.410" intervalms="17.276" />
  <attribute name="GC Util" value="2" />
  <attribute name="CPU Util" value="923264805200" />
  <attribute name="Time Running"value="17494"/>
  <attribute name="Number of cores"value="4"/>
<gc-start id="5560" type="scavenge" contextid="5559" timestamp="2019-07-02T20:42:36.411">
  <mem-info id="5561" free="7522880" total="44826624" percent="16">
    <mem type="nursery" free="0" total="18612224" percent="0">
      <mem type="allocate" free="0" total="16711680" percent="0" />
      <mem type="survivor" free="0" total="1900544" percent="0" />
    </mem>
    <mem type="tenure" free="7522880" total="26214400" percent="28">
      <mem type="soa" free="6212160" total="24903680" percent="24" />
      <mem type="loa" free="1310720" total="1310720" percent="100" />
    </mem>
    <remembered-set count="92" />
  </mem-info>
</gc-start>
<allocation-stats totalBytes="16671368" >
  <allocated-bytes non-tlh="32" tlh="16671336" />
  <largest-consumer threadName="main" threadId="00000000022F5700" bytes="16671368" />
</allocation-stats>
<gc-op id="5562" type="scavenge" timems="0.168" contextid="5559" timestamp="2019-07-02T20:42:36.411">
  <scavenger-info tenureage="3" tenuremask="f808" tiltratio="89" />
  <memory-copied type="nursery" objects="27" bytes="848" bytesdiscarded="38320" />
  <memory-copied type="tenure" objects="6" bytes="136" bytesdiscarded="0" />
</gc-op>
<gc-end id="5563" type="scavenge" contextid="5559" durationms="0.570" usertimems="0.000" systemtimems="0.000" timestamp="2019-07-02T20:42:36.411" activeThreads="4">
  <mem-info id="5564" free="24195392" total="44826624" percent="53">
    <mem type="nursery" free="16672512" total="18612224" percent="89">
      <mem type="allocate" free="16672512" total="16711680" percent="99" />
      <mem type="survivor" free="0" total="1900544" percent="0" />
    </mem>
    <mem type="tenure" free="7522880" total="26214400" percent="28">
      <mem type="soa" free="6212160" total="24903680" percent="24" />
      <mem type="loa" free="1310720" total="1310720" percent="100" />
    </mem>
    <remembered-set count="90" />
  </mem-info>
</gc-end>
<cycle-end id="5565" type="scavenge" contextid="5559" timestamp="2019-07-02T20:42:36.411">
  <attribute name="GC Util" value="2" />
  <attribute name="CPU Util" value="1067324294209" />
  <attribute name="Time Running"value="17511"/>
  <attribute name="Number of cores"value="4"/>
</cycle-end>
<allocation-satisfied id="5566" threadId="00000000022F5700" bytesRequested="24" />
<af-end id="5567" timestamp="2019-07-02T20:42:36.411" threadId="00000000022F6088" success="true" from="nursery"/>
<exclusive-end id="5568" timestamp="2019-07-02T20:42:36.411" durationms="1.337" />

<exclusive-start id="5569" timestamp="2019-07-02T20:42:36.426" intervalms="15.615">
  <response-info timems="0.069" idlems="0.069" threads="0" lastid="00000000022F5700" lastname="main" />
</exclusive-start>
<af-start id="5570" threadId="00000000022F6088" totalBytesRequested="24" timestamp="2019-07-02T20:42:36.426" intervalms="15.611" type="nursery" />
<cycle-start id="5571" type="scavenge" contextid="0" timestamp="2019-07-02T20:42:36.426" intervalms="15.587" />
  <attribute name="GC Util" value="2" />
  <attribute name="CPU Util" value="1067324294209" />
  <attribute name="Time Running"value="17511"/>
  <attribute name="Number of cores"value="4"/>
<gc-start id="5572" type="scavenge" contextid="5571" timestamp="2019-07-02T20:42:36.426">
  <mem-info id="5573" free="7522880" total="44826624" percent="16">
    <mem type="nursery" free="0" total="18612224" percent="0">
      <mem type="allocate" free="0" total="16711680" percent="0" />
      <mem type="survivor" free="0" total="1900544" percent="0" />
    </mem>
    <mem type="tenure" free="7522880" total="26214400" percent="28">
      <mem type="soa" free="6212160" total="24903680" percent="24" />
      <mem type="loa" free="1310720" total="1310720" percent="100" />
    </mem>
    <remembered-set count="90" />
  </mem-info>
</gc-start>
<allocation-stats totalBytes="16671144" >
  <allocated-bytes non-tlh="24" tlh="16671120" />
  <largest-consumer threadName="main" threadId="00000000022F5700" bytes="16671144" />
</allocation-stats>
<gc-op id="5574" type="scavenge" timems="0.178" contextid="5571" timestamp="2019-07-02T20:42:36.427">
  <scavenger-info tenureage="10" tenuremask="f400" tiltratio="89" />
  <memory-copied type="nursery" objects="27" bytes="848" bytesdiscarded="38320" />
</gc-op>
<gc-end id="5575" type="scavenge" contextid="5571" durationms="0.589" usertimems="0.000" systemtimems="0.000" timestamp="2019-07-02T20:42:36.427" activeThreads="4">
  <mem-info id="5576" free="24195392" total="44826624" percent="53">
    <mem type="nursery" free="16672512" total="18612224" percent="89">
      <mem type="allocate" free="16672512" total="16711680" percent="99" />
      <mem type="survivor" free="0" total="1900544" percent="0" />
    </mem>
    <mem type="tenure" free="7522880" total="26214400" percent="28">
      <mem type="soa" free="6212160" total="24903680" percent="24" />
      <mem type="loa" free="1310720" total="1310720" percent="100" />
    </mem>
    <remembered-set count="90" />
  </mem-info>
</gc-end>
<cycle-end id="5577" type="scavenge" contextid="5571" timestamp="2019-07-02T20:42:36.427">
  <attribute name="GC Util" value="2" />
  <attribute name="CPU Util" value="1183854661673" />
  <attribute name="Time Running"value="17527"/>
  <attribute name="Number of cores"value="4"/>
</cycle-end>
<allocation-satisfied id="5578" threadId="00000000022F5700" bytesRequested="24" />
<af-end id="5579" timestamp="2019-07-02T20:42:36.427" threadId="00000000022F6088" success="true" from="nursery"/>
<exclusive-end id="5580" timestamp="2019-07-02T20:42:36.427" durationms="1.318" />

<exclusive-start id="5581" timestamp="2019-07-02T20:42:36.441" intervalms="15.536">
  <response-info timems="0.068" idlems="0.068" threads="0" lastid="00000000022F5700" lastname="main" />
</exclusive-start>
<af-start id="5582" threadId="00000000022F6088" totalBytesRequested="32" timestamp="2019-07-02T20:42:36.441" intervalms="15.578" type="nursery" />
<cycle-start id="5583" type="scavenge" contextid="0" timestamp="2019-07-02T20:42:36.442" intervalms="15.582" />
  <attribute name="GC Util" value="2" />
  <attribute name="CPU Util" value="1183854661673" />
  <attribute name="Time Running"value="17527"/>
  <attribute name="Number of cores"value="4"/>
<gc-start id="5584" type="scavenge" contextid="5583" timestamp="2019-07-02T20:42:36.442">
  <mem-info id="5585" free="7522880" total="44826624" percent="16">
    <mem type="nursery" free="0" total="18612224" percent="0">
      <mem type="allocate" free="0" total="16711680" percent="0" />
      <mem type="survivor" free="0" total="1900544" percent="0" />
    </mem>
    <mem type="tenure" free="7522880" total="26214400" percent="28">
      <mem type="soa" free="6212160" total="24903680" percent="24" />
      <mem type="loa" free="1310720" total="1310720" percent="100" />
    </mem>
    <remembered-set count="90" />
  </mem-info>
</gc-start>
<allocation-stats totalBytes="16671216" >
  <allocated-bytes non-tlh="24" tlh="16671192" />
  <largest-consumer threadName="main" threadId="00000000022F5700" bytes="16671216" />
</allocation-stats>
<gc-op id="5586" type="scavenge" timems="0.178" contextid="5583" timestamp="2019-07-02T20:42:36.442">
  <scavenger-info tenureage="11" tenuremask="e800" tiltratio="89" />
  <memory-copied type="nursery" objects="26" bytes="816" bytesdiscarded="38352" />
</gc-op>
<gc-end id="5587" type="scavenge" contextid="5583" durationms="0.578" usertimems="0.000" systemtimems="0.000" timestamp="2019-07-02T20:42:36.442" activeThreads="4">
  <mem-info id="5588" free="24195392" total="44826624" percent="53">
    <mem type="nursery" free="16672512" total="18612224" percent="89">
      <mem type="allocate" free="16672512" total="16711680" percent="99" />
      <mem type="survivor" free="0" total="1900544" percent="0" />
    </mem>
    <mem type="tenure" free="7522880" total="26214400" percent="28">
      <mem type="soa" free="6212160" total="24903680" percent="24" />
      <mem type="loa" free="1310720" total="1310720" percent="100" />
    </mem>
    <remembered-set count="90" />
  </mem-info>
</gc-end>
<cycle-end id="5589" type="scavenge" contextid="5583" timestamp="2019-07-02T20:42:36.442">
  <attribute name="GC Util" value="2" />
  <attribute name="CPU Util" value="1184214213944" />
  <attribute name="Time Running"value="17542"/>
  <attribute name="Number of cores"value="4"/>
</cycle-end>
<allocation-satisfied id="5590" threadId="00000000022F5700" bytesRequested="32" />
<af-end id="5591" timestamp="2019-07-02T20:42:36.443" threadId="00000000022F6088" success="true" from="nursery"/>
<exclusive-end id="5592" timestamp="2019-07-02T20:42:36.443" durationms="1.355" />

<exclusive-start id="5593" timestamp="2019-07-02T20:42:36.457" intervalms="15.556">
  <response-info timems="0.067" idlems="0.067" threads="0" lastid="00000000022F5700" lastname="main" />
</exclusive-start>
<af-start id="5594" threadId="00000000022F6088" totalBytesRequested="24" timestamp="2019-07-02T20:42:36.457" intervalms="15.513" type="nursery" />
<cycle-start id="5595" type="scavenge" contextid="0" timestamp="2019-07-02T20:42:36.457" intervalms="15.510" />
  <attribute name="GC Util" value="2" />
  <attribute name="CPU Util" value="1184214213944" />
  <attribute name="Time Running"value="17542"/>
  <attribute name="Number of cores"value="4"/>
<gc-start id="5596" type="scavenge" contextid="5595" timestamp="2019-07-02T20:42:36.457">
  <mem-info id="5597" free="7522880" total="44826624" percent="16">
    <mem type="nursery" free="0" total="18612224" percent="0">
      <mem type="allocate" free="0" total="16711680" percent="0" />
      <mem type="survivor" free="0" total="1900544" percent="0" />
    </mem>
    <mem type="tenure" free="7522880" total="26214400" percent="28">
      <mem type="soa" free="6212160" total="24903680" percent="24" />
      <mem type="loa" free="1310720" total="1310720" percent="100" />
    </mem>
    <remembered-set count="90" />
  </mem-info>
</gc-start>
<allocation-stats totalBytes="16671176" >
  <allocated-bytes non-tlh="32" tlh="16671144" />
  <largest-consumer threadName="main" threadId="00000000022F5700" bytes="16671176" />
</allocation-stats>
<gc-op id="5598" type="scavenge" timems="0.205" contextid="5595" timestamp="2019-07-02T20:42:36.458">
  <scavenger-info tenureage="3" tenuremask="d408" tiltratio="89" />
  <memory-copied type="nursery" objects="10" bytes="280" bytesdiscarded="38888" />
  <memory-copied type="tenure" objects="17" bytes="568" bytesdiscarded="0" />
</gc-op>
<gc-end id="5599" type="scavenge" contextid="5595" durationms="0.589" usertimems="0.000" systemtimems="0.000" timestamp="2019-07-02T20:42:36.458" activeThreads="4">
  <mem-info id="5600" free="24195392" total="44826624" percent="53">
    <mem type="nursery" free="16672512" total="18612224" percent="89">
      <mem type="allocate" free="16672512" total="16711680" percent="99" />
      <mem type="survivor" free="0" total="1900544" percent="0" />
    </mem>
    <mem type="tenure" free="7522880" total="26214400" percent="28">
      <mem type="soa" free="6212160" total="24903680" percent="24" />
      <mem type="loa" free="1310720" total="1310720" percent="100" />
    </mem>
    <remembered-set count="92" />
  </mem-info>
</gc-end>
<cycle-end id="5601" type="scavenge" contextid="5595" timestamp="2019-07-02T20:42:36.458">
  <attribute name="GC Util" value="2" />
  <attribute name="CPU Util" value="1188553748338" />
  <attribute name="Time Running"value="17558"/>
  <attribute name="Number of cores"value="4"/>
</cycle-end>
<allocation-satisfied id="5602" threadId="00000000022F5700" bytesRequested="24" />
<af-end id="5603" timestamp="2019-07-02T20:42:36.458" threadId="00000000022F6088" success="true" from="nursery"/>
<exclusive-end id="5604" timestamp="2019-07-02T20:42:36.458" durationms="1.413" />

<exclusive-start id="5605" timestamp="2019-07-02T20:42:36.550" intervalms="93.588">
  <response-info timems="0.085" idlems="0.085" threads="0" lastid="00000000022F5700" lastname="main" />
</exclusive-start>
<af-start id="5606" threadId="00000000022F6088" totalBytesRequested="48" timestamp="2019-07-02T20:42:36.551" intervalms="93.631" type="nursery" />
<cycle-start id="5607" type="scavenge" contextid="0" timestamp="2019-07-02T20:42:36.551" intervalms="93.601" />
  <attribute name="GC Util" value="2" />
  <attribute name="CPU Util" value="1188553748338" />
  <attribute name="Time Running"value="17558"/>
  <attribute name="Number of cores"value="4"/>
<gc-start id="5608" type="scavenge" contextid="5607" timestamp="2019-07-02T20:42:36.551">
  <mem-info id="5609" free="7522880" total="44826624" percent="16">
    <mem type="nursery" free="0" total="18612224" percent="0">
      <mem type="allocate" free="0" total="16711680" percent="0" />
      <mem type="survivor" free="0" total="1900544" percent="0" />
    </mem>
    <mem type="tenure" free="7522880" total="26214400" percent="28">
      <mem type="soa" free="6212160" total="24903680" percent="24" />
      <mem type="loa" free="1310720" total="1310720" percent="100" />
    </mem>
    <remembered-set count="101" />
  </mem-info>
</gc-start>
<allocation-stats totalBytes="16663160" >
  <allocated-bytes non-tlh="24" tlh="16663136" />
  <largest-consumer threadName="main" threadId="00000000022F5700" bytes="16663160" />
</allocation-stats>
<gc-op id="5610" type="scavenge" timems="0.190" contextid="5607" timestamp="2019-07-02T20:42:36.551">
  <scavenger-info tenureage="11" tenuremask="e800" tiltratio="89" />
  <memory-copied type="nursery" objects="55" bytes="2248" bytesdiscarded="76088" />
</gc-op>
<gc-end id="5611" type="scavenge" contextid="5607" durationms="0.577" usertimems="0.000" systemtimems="0.000" timestamp="2019-07-02T20:42:36.551" activeThreads="4">
  <mem-info id="5612" free="24156224" total="44826624" percent="53">
    <mem type="nursery" free="16633344" total="18612224" percent="89">
      <mem type="allocate" free="16633344" total="16711680" percent="99" />
      <mem type="survivor" free="0" total="1900544" percent="0" />
    </mem>
    <mem type="tenure" free="7522880" total="26214400" percent="28">
      <mem type="soa" free="6212160" total="24903680" percent="24" />
      <mem type="loa" free="1310720" total="1310720" percent="100" />
    </mem>
    <remembered-set count="101" />
  </mem-info>
</gc-end>
<cycle-end id="5613" type="scavenge" contextid="5607" timestamp="2019-07-02T20:42:36.552">
  <attribute name="GC Util" value="0" />
  <attribute name="CPU Util" value="197127515346" />
  <attribute name="Time Running"value="17651"/>
  <attribute name="Number of cores"value="4"/>
</cycle-end>
<allocation-satisfied id="5614" threadId="00000000022F5700" bytesRequested="48" />
<af-end id="5615" timestamp="2019-07-02T20:42:36.552" threadId="00000000022F6088" success="true" from="nursery"/>
<exclusive-end id="5616" timestamp="2019-07-02T20:42:36.552" durationms="1.358" />

<exclusive-start id="5617" timestamp="2019-07-02T20:42:36.578" intervalms="27.395">
  <response-info timems="0.075" idlems="0.075" threads="0" lastid="00000000022F5700" lastname="main" />
</exclusive-start>
<af-start id="5618" threadId="00000000022F6088" totalBytesRequested="520" timestamp="2019-07-02T20:42:36.578" intervalms="27.396" type="nursery" />
<cycle-start id="5619" type="scavenge" contextid="0" timestamp="2019-07-02T20:42:36.578" intervalms="27.453" />
  <attribute name="GC Util" value="0" />
  <attribute name="CPU Util" value="197127515346" />
  <attribute name="Time Running"value="17651"/>
  <attribute name="Number of cores"value="4"/>
<gc-start id="5620" type="scavenge" contextid="5619" timestamp="2019-07-02T20:42:36.578">
  <mem-info id="5621" free="7522880" total="44826624" percent="16">
    <mem type="nursery" free="0" total="18612224" percent="0">
      <mem type="allocate" free="0" total="16711680" percent="0" />
      <mem type="survivor" free="0" total="1900544" percent="0" />
    </mem>
    <mem type="tenure" free="7522880" total="26214400" percent="28">
      <mem type="soa" free="6212160" total="24903680" percent="24" />
      <mem type="loa" free="1310720" total="1310720" percent="100" />
    </mem>
    <remembered-set count="101" />
  </mem-info>
</gc-start>
<allocation-stats totalBytes="16623920" >
  <allocated-bytes non-tlh="48" tlh="16623872" />
  <largest-consumer threadName="main" threadId="00000000022F5700" bytes="16623920" />
</allocation-stats>
<gc-op id="5622" type="scavenge" timems="0.191" contextid="5619" timestamp="2019-07-02T20:42:36.579">
  <scavenger-info tenureage="6" tenuremask="ffc0" tiltratio="89" />
  <memory-copied type="nursery" objects="55" bytes="2248" bytesdiscarded="36920" />
</gc-op>
<gc-end id="5623" type="scavenge" contextid="5619" durationms="0.641" usertimems="0.000" systemtimems="0.000" timestamp="2019-07-02T20:42:36.579" activeThreads="4">
  <mem-info id="5624" free="24195392" total="44826624" percent="53">
    <mem type="nursery" free="16672512" total="18612224" percent="89">
      <mem type="allocate" free="16672512" total="16711680" percent="99" />
      <mem type="survivor" free="0" total="1900544" percent="0" />
    </mem>
    <mem type="tenure" free="7522880" total="26214400" percent="28">
      <mem type="soa" free="6212160" total="24903680" percent="24" />
      <mem type="loa" free="1310720" total="1310720" percent="100" />
    </mem>
    <remembered-set count="96" />
  </mem-info>
</gc-end>
<cycle-end id="5625" type="scavenge" contextid="5619" timestamp="2019-07-02T20:42:36.579">
  <attribute name="GC Util" value="1" />
  <attribute name="CPU Util" value="668972012224" />
  <attribute name="Time Running"value="17679"/>
  <attribute name="Number of cores"value="4"/>
</cycle-end>
<allocation-satisfied id="5626" threadId="00000000022F5700" bytesRequested="520" />
<af-end id="5627" timestamp="2019-07-02T20:42:36.579" threadId="00000000022F6088" success="true" from="nursery"/>
<exclusive-end id="5628" timestamp="2019-07-02T20:42:36.579" durationms="1.480" />

<exclusive-start id="5629" timestamp="2019-07-02T20:42:36.605" intervalms="27.659">
  <response-info timems="0.075" idlems="0.075" threads="0" lastid="00000000022F5700" lastname="main" />
</exclusive-start>
<af-start id="5630" threadId="00000000022F6088" totalBytesRequested="32" timestamp="2019-07-02T20:42:36.606" intervalms="27.656" type="nursery" />
<cycle-start id="5631" type="scavenge" contextid="0" timestamp="2019-07-02T20:42:36.606" intervalms="27.664" />
  <attribute name="GC Util" value="1" />
  <attribute name="CPU Util" value="668972012224" />
  <attribute name="Time Running"value="17679"/>
  <attribute name="Number of cores"value="4"/>
<gc-start id="5632" type="scavenge" contextid="5631" timestamp="2019-07-02T20:42:36.606">
  <mem-info id="5633" free="7522880" total="44826624" percent="16">
    <mem type="nursery" free="0" total="18612224" percent="0">
      <mem type="allocate" free="0" total="16711680" percent="0" />
      <mem type="survivor" free="0" total="1900544" percent="0" />
    </mem>
    <mem type="tenure" free="7522880" total="26214400" percent="28">
      <mem type="soa" free="6212160" total="24903680" percent="24" />
      <mem type="loa" free="1310720" total="1310720" percent="100" />
    </mem>
    <remembered-set count="96" />
  </mem-info>
</gc-start>
<allocation-stats totalBytes="16663344" >
  <allocated-bytes non-tlh="520" tlh="16662824" />
  <largest-consumer threadName="main" threadId="00000000022F5700" bytes="16663344" />
</allocation-stats>
<gc-op id="5634" type="scavenge" timems="0.180" contextid="5631" timestamp="2019-07-02T20:42:36.606">
  <scavenger-info tenureage="3" tenuremask="fff8" tiltratio="89" />
  <memory-copied type="nursery" objects="57" bytes="2376" bytesdiscarded="36792" />
</gc-op>
<gc-end id="5635" type="scavenge" contextid="5631" durationms="0.647" usertimems="0.000" systemtimems="0.000" timestamp="2019-07-02T20:42:36.607" activeThreads="4">
  <mem-info id="5636" free="24195392" total="44826624" percent="53">
    <mem type="nursery" free="16672512" total="18612224" percent="89">
      <mem type="allocate" free="16672512" total="16711680" percent="99" />
      <mem type="survivor" free="0" total="1900544" percent="0" />
    </mem>
    <mem type="tenure" free="7522880" total="26214400" percent="28">
      <mem type="soa" free="6212160" total="24903680" percent="24" />
      <mem type="loa" free="1310720" total="1310720" percent="100" />
    </mem>
    <remembered-set count="96" />
  </mem-info>
</gc-end>
<cycle-end id="5637" type="scavenge" contextid="5631" timestamp="2019-07-02T20:42:36.607">
  <attribute name="GC Util" value="1" />
  <attribute name="CPU Util" value="667025297474" />
  <attribute name="Time Running"value="17706"/>
  <attribute name="Number of cores"value="4"/>
</cycle-end>
<allocation-satisfied id="5638" threadId="00000000022F5700" bytesRequested="32" />
<af-end id="5639" timestamp="2019-07-02T20:42:36.607" threadId="00000000022F6088" success="true" from="nursery"/>
<exclusive-end id="5640" timestamp="2019-07-02T20:42:36.607" durationms="1.485" />

<exclusive-start id="5641" timestamp="2019-07-02T20:42:36.633" intervalms="27.641">
  <response-info timems="0.075" idlems="0.075" threads="0" lastid="00000000022F5700" lastname="main" />
</exclusive-start>
<af-start id="5642" threadId="00000000022F6088" totalBytesRequested="528" timestamp="2019-07-02T20:42:36.633" intervalms="27.628" type="nursery" />
<cycle-start id="5643" type="scavenge" contextid="0" timestamp="2019-07-02T20:42:36.633" intervalms="27.626" />
  <attribute name="GC Util" value="1" />
  <attribute name="CPU Util" value="667025297474" />
  <attribute name="Time Running"value="17706"/>
  <attribute name="Number of cores"value="4"/>
<gc-start id="5644" type="scavenge" contextid="5643" timestamp="2019-07-02T20:42:36.634">
  <mem-info id="5645" free="7522880" total="44826624" percent="16">
    <mem type="nursery" free="0" total="18612224" percent="0">
      <mem type="allocate" free="0" total="16711680" percent="0" />
      <mem type="survivor" free="0" total="1900544" percent="0" />
    </mem>
    <mem type="tenure" free="7522880" total="26214400" percent="28">
      <mem type="soa" free="6212160" total="24903680" percent="24" />
      <mem type="loa" free="1310720" total="1310720" percent="100" />
    </mem>
    <remembered-set count="96" />
  </mem-info>
</gc-start>
<allocation-stats totalBytes="16662840" >
  <allocated-bytes non-tlh="32" tlh="16662808" />
  <largest-consumer threadName="main" threadId="00000000022F5700" bytes="16662840" />
</allocation-stats>
<gc-op id="5646" type="scavenge" timems="0.205" contextid="5643" timestamp="2019-07-02T20:42:36.634">
  <scavenger-info tenureage="3" tenuremask="fff8" tiltratio="89" />
  <memory-copied type="nursery" objects="5" bytes="1624" bytesdiscarded="37544" />
  <memory-copied type="tenure" objects="53" bytes="2192" bytesdiscarded="0" />
</gc-op>
<gc-end id="5647" type="scavenge" contextid="5643" durationms="0.680" usertimems="0.000" systemtimems="0.000" timestamp="2019-07-02T20:42:36.634" activeThreads="4">
  <mem-info id="5648" free="24195392" total="44826624" percent="53">
    <mem type="nursery" free="16672512" total="18612224" percent="89">
      <mem type="allocate" free="16672512" total="16711680" percent="99" />
      <mem type="survivor" free="0" total="1900544" percent="0" />
    </mem>
    <mem type="tenure" free="7522880" total="26214400" percent="28">
      <mem type="soa" free="6212160" total="24903680" percent="24" />
      <mem type="loa" free="1310720" total="1310720" percent="100" />
    </mem>
    <remembered-set count="95" />
  </mem-info>
</gc-end>
<cycle-end id="5649" type="scavenge" contextid="5643" timestamp="2019-07-02T20:42:36.634">
  <attribute name="GC Util" value="1" />
  <attribute name="CPU Util" value="667682302769" />
  <attribute name="Time Running"value="17734"/>
  <attribute name="Number of cores"value="4"/>
</cycle-end>
<allocation-satisfied id="5650" threadId="00000000022F5700" bytesRequested="528" />
<af-end id="5651" timestamp="2019-07-02T20:42:36.635" threadId="00000000022F6088" success="true" from="nursery"/>
<exclusive-end id="5652" timestamp="2019-07-02T20:42:36.635" durationms="1.551" />

<exclusive-start id="5653" timestamp="2019-07-02T20:42:36.661" intervalms="28.001">
  <response-info timems="0.068" idlems="0.068" threads="0" lastid="00000000022F5700" lastname="main" />
</exclusive-start>
<af-start id="5654" threadId="00000000022F6088" totalBytesRequested="208" timestamp="2019-07-02T20:42:36.661" intervalms="28.013" type="nursery" />
<cycle-start id="5655" type="scavenge" contextid="0" timestamp="2019-07-02T20:42:36.661" intervalms="27.981" />
  <attribute name="GC Util" value="1" />
  <attribute name="CPU Util" value="667682302769" />
  <attribute name="Time Running"value="17734"/>
  <attribute name="Number of cores"value="4"/>
<gc-start id="5656" type="scavenge" contextid="5655" timestamp="2019-07-02T20:42:36.662">
  <mem-info id="5657" free="7522880" total="44826624" percent="16">
    <mem type="nursery" free="0" total="18612224" percent="0">
      <mem type="allocate" free="0" total="16711680" percent="0" />
      <mem type="survivor" free="0" total="1900544" percent="0" />
    </mem>
    <mem type="tenure" free="7522880" total="26214400" percent="28">
      <mem type="soa" free="6212160" total="24903680" percent="24" />
      <mem type="loa" free="1310720" total="1310720" percent="100" />
    </mem>
    <remembered-set count="95" />
  </mem-info>
</gc-start>
<allocation-stats totalBytes="16663208" >
  <allocated-bytes non-tlh="528" tlh="16662680" />
  <largest-consumer threadName="main" threadId="00000000022F5700" bytes="16663208" />
</allocation-stats>
<gc-op id="5658" type="scavenge" timems="0.178" contextid="5655" timestamp="2019-07-02T20:42:36.662">
  <scavenger-info tenureage="3" tenuremask="ffe8" tiltratio="89" />
  <memory-copied type="nursery" objects="2" bytes="56" bytesdiscarded="39112" />
</gc-op>
<gc-end id="5659" type="scavenge" contextid="5655" durationms="0.581" usertimems="0.000" systemtimems="0.000" timestamp="2019-07-02T20:42:36.662" activeThreads="4">
  <mem-info id="5660" free="24195392" total="44826624" percent="53">
    <mem type="nursery" free="16672512" total="18612224" percent="89">
      <mem type="allocate" free="16672512" total="16711680" percent="99" />
      <mem type="survivor" free="0" total="1900544" percent="0" />
    </mem>
    <mem type="tenure" free="7522880" total="26214400" percent="28">
      <mem type="soa" free="6212160" total="24903680" percent="24" />
      <mem type="loa" free="1310720" total="1310720" percent="100" />
    </mem>
    <remembered-set count="95" />
  </mem-info>
</gc-end>
<cycle-end id="5661" type="scavenge" contextid="5655" timestamp="2019-07-02T20:42:36.662">
  <attribute name="GC Util" value="1" />
  <attribute name="CPU Util" value="660958915804" />
  <attribute name="Time Running"value="17762"/>
  <attribute name="Number of cores"value="4"/>
</cycle-end>
<allocation-satisfied id="5662" threadId="00000000022F5700" bytesRequested="208" />
<af-end id="5663" timestamp="2019-07-02T20:42:36.662" threadId="00000000022F6088" success="true" from="nursery"/>
<exclusive-end id="5664" timestamp="2019-07-02T20:42:36.662" durationms="1.373" />

<exclusive-start id="5665" timestamp="2019-07-02T20:42:36.710" intervalms="48.981">
  <response-info timems="0.075" idlems="0.075" threads="0" lastid="00000000022F5700" lastname="main" />
</exclusive-start>
<af-start id="5666" threadId="00000000022F6088" totalBytesRequested="32" timestamp="2019-07-02T20:42:36.710" intervalms="48.958" type="nursery" />
<cycle-start id="5667" type="scavenge" contextid="0" timestamp="2019-07-02T20:42:36.710" intervalms="48.961" />
  <attribute name="GC Util" value="1" />
  <attribute name="CPU Util" value="660958915804" />
  <attribute name="Time Running"value="17762"/>
  <attribute name="Number of cores"value="4"/>
<gc-start id="5668" type="scavenge" contextid="5667" timestamp="2019-07-02T20:42:36.711">
  <mem-info id="5669" free="7522880" total="44826624" percent="16">
    <mem type="nursery" free="0" total="18612224" percent="0">
      <mem type="allocate" free="0" total="16711680" percent="0" />
      <mem type="survivor" free="0" total="1900544" percent="0" />
    </mem>
    <mem type="tenure" free="7522880" total="26214400" percent="28">
      <mem type="soa" free="6212160" total="24903680" percent="24" />
      <mem type="loa" free="1310720" total="1310720" percent="100" />
    </mem>
    <remembered-set count="100" />
  </mem-info>
</gc-start>
<allocation-stats totalBytes="16667608" >
  <allocated-bytes non-tlh="208" tlh="16667400" />
  <largest-consumer threadName="main" threadId="00000000022F5700" bytes="16667608" />
</allocation-stats>
<gc-op id="5670" type="scavenge" timems="0.190" contextid="5667" timestamp="2019-07-02T20:42:36.711">
  <scavenger-info tenureage="3" tenuremask="fff8" tiltratio="89" />
  <memory-copied type="nursery" objects="26" bytes="776" bytesdiscarded="38392" />
</gc-op>
<gc-end id="5671" type="scavenge" contextid="5667" durationms="0.589" usertimems="0.000" systemtimems="0.000" timestamp="2019-07-02T20:42:36.711" activeThreads="4">
  <mem-info id="5672" free="24195392" total="44826624" percent="53">
    <mem type="nursery" free="16672512" total="18612224" percent="89">
      <mem type="allocate" free="16672512" total="16711680" percent="99" />
      <mem type="survivor" free="0" total="1900544" percent="0" />
    </mem>
    <mem type="tenure" free="7522880" total="26214400" percent="28">
      <mem type="soa" free="6212160" total="24903680" percent="24" />
      <mem type="loa" free="1310720" total="1310720" percent="100" />
    </mem>
    <remembered-set count="97" />
  </mem-info>
</gc-end>
<cycle-end id="5673" type="scavenge" contextid="5667" timestamp="2019-07-02T20:42:36.711">
  <attribute name="GC Util" value="0" />
  <attribute name="CPU Util" value="377006707153" />
  <attribute name="Time Running"value="17811"/>
  <attribute name="Number of cores"value="4"/>
</cycle-end>
<allocation-satisfied id="5674" threadId="00000000022F5700" bytesRequested="32" />
<af-end id="5675" timestamp="2019-07-02T20:42:36.711" threadId="00000000022F6088" success="true" from="nursery"/>
<exclusive-end id="5676" timestamp="2019-07-02T20:42:36.711" durationms="1.388" />

<exclusive-start id="5677" timestamp="2019-07-02T20:42:36.755" intervalms="45.257">
  <response-info timems="0.060" idlems="0.060" threads="0" lastid="00000000022F5700" lastname="main" />
</exclusive-start>
<af-start id="5678" threadId="00000000022F6088" totalBytesRequested="32" timestamp="2019-07-02T20:42:36.756" intervalms="45.303" type="nursery" />
<cycle-start id="5679" type="scavenge" contextid="0" timestamp="2019-07-02T20:42:36.756" intervalms="45.303" />
  <attribute name="GC Util" value="0" />
  <attribute name="CPU Util" value="377006707153" />
  <attribute name="Time Running"value="17811"/>
  <attribute name="Number of cores"value="4"/>
<gc-start id="5680" type="scavenge" contextid="5679" timestamp="2019-07-02T20:42:36.756">
  <mem-info id="5681" free="7522880" total="44826624" percent="16">
    <mem type="nursery" free="0" total="18612224" percent="0">
      <mem type="allocate" free="0" total="16711680" percent="0" />
      <mem type="survivor" free="0" total="1900544" percent="0" />
    </mem>
    <mem type="tenure" free="7522880" total="26214400" percent="28">
      <mem type="soa" free="6212160" total="24903680" percent="24" />
      <mem type="loa" free="1310720" total="1310720" percent="100" />
    </mem>
    <remembered-set count="99" />
  </mem-info>
</gc-start>
<allocation-stats totalBytes="16668952" >
  <allocated-bytes non-tlh="32" tlh="16668920" />
  <largest-consumer threadName="main" threadId="00000000022F5700" bytes="16668952" />
</allocation-stats>
<gc-op id="5682" type="scavenge" timems="0.205" contextid="5679" timestamp="2019-07-02T20:42:36.756">
  <scavenger-info tenureage="3" tenuremask="fff8" tiltratio="89" />
  <memory-copied type="nursery" objects="28" bytes="1360" bytesdiscarded="37808" />
</gc-op>
<gc-end id="5683" type="scavenge" contextid="5679" durationms="0.606" usertimems="0.000" systemtimems="0.000" timestamp="2019-07-02T20:42:36.756" activeThreads="4">
  <mem-info id="5684" free="24195392" total="44826624" percent="53">
    <mem type="nursery" free="16672512" total="18612224" percent="89">
      <mem type="allocate" free="16672512" total="16711680" percent="99" />
      <mem type="survivor" free="0" total="1900544" percent="0" />
    </mem>
    <mem type="tenure" free="7522880" total="26214400" percent="28">
      <mem type="soa" free="6212160" total="24903680" percent="24" />
      <mem type="loa" free="1310720" total="1310720" percent="100" />
    </mem>
    <remembered-set count="94" />
  </mem-info>
</gc-end>
<cycle-end id="5685" type="scavenge" contextid="5679" timestamp="2019-07-02T20:42:36.757">
  <attribute name="GC Util" value="0" />
  <attribute name="CPU Util" value="406846793083" />
  <attribute name="Time Running"value="17856"/>
  <attribute name="Number of cores"value="4"/>
</cycle-end>
<allocation-satisfied id="5686" threadId="00000000022F5700" bytesRequested="32" />
<af-end id="5687" timestamp="2019-07-02T20:42:36.757" threadId="00000000022F6088" success="true" from="nursery"/>
<exclusive-end id="5688" timestamp="2019-07-02T20:42:36.757" durationms="1.482" />

<exclusive-start id="5689" timestamp="2019-07-02T20:42:36.760" intervalms="4.332">
  <response-info timems="0.022" idlems="0.022" threads="0" lastid="00000000022F5700" lastname="main" />
</exclusive-start>
<af-start id="5690" threadId="00000000022F6088" totalBytesRequested="32" timestamp="2019-07-02T20:42:36.760" intervalms="4.254" type="nursery" />
<cycle-start id="5691" type="scavenge" contextid="0" timestamp="2019-07-02T20:42:36.760" intervalms="4.294" />
  <attribute name="GC Util" value="0" />
  <attribute name="CPU Util" value="406846793083" />
  <attribute name="Time Running"value="17856"/>
  <attribute name="Number of cores"value="4"/>
<gc-start id="5692" type="scavenge" contextid="5691" timestamp="2019-07-02T20:42:36.760">
  <mem-info id="5693" free="7522880" total="44826624" percent="16">
    <mem type="nursery" free="0" total="18612224" percent="0">
      <mem type="allocate" free="0" total="16711680" percent="0" />
      <mem type="survivor" free="0" total="1900544" percent="0" />
    </mem>
    <mem type="tenure" free="7522880" total="26214400" percent="28">
      <mem type="soa" free="6212160" total="24903680" percent="24" />
      <mem type="loa" free="1310720" total="1310720" percent="100" />
    </mem>
    <remembered-set count="94" />
  </mem-info>
</gc-start>
<allocation-stats totalBytes="16649832" >
  <allocated-bytes non-tlh="32" tlh="16649800" />
  <largest-consumer threadName="main" threadId="00000000022F5700" bytes="16649832" />
</allocation-stats>
<gc-op id="5694" type="scavenge" timems="0.180" contextid="5691" timestamp="2019-07-02T20:42:36.760">
  <scavenger-info tenureage="6" tenuremask="ff40" tiltratio="89" />
  <memory-copied type="nursery" objects="29" bytes="1384" bytesdiscarded="76952" />
</gc-op>
<gc-end id="5695" type="scavenge" contextid="5691" durationms="0.559" usertimems="0.000" systemtimems="0.000" timestamp="2019-07-02T20:42:36.761" activeThreads="4">
  <mem-info id="5696" free="24156224" total="44826624" percent="53">
    <mem type="nursery" free="16633344" total="18612224" percent="89">
      <mem type="allocate" free="16633344" total="16711680" percent="99" />
      <mem type="survivor" free="0" total="1900544" percent="0" />
    </mem>
    <mem type="tenure" free="7522880" total="26214400" percent="28">
      <mem type="soa" free="6212160" total="24903680" percent="24" />
      <mem type="loa" free="1310720" total="1310720" percent="100" />
    </mem>
    <remembered-set count="94" />
  </mem-info>
</gc-end>
<cycle-end id="5697" type="scavenge" contextid="5691" timestamp="2019-07-02T20:42:36.761">
  <attribute name="GC Util" value="13" />
  <attribute name="CPU Util" value="4377181774197" />
  <attribute name="Time Running"value="17861"/>
  <attribute name="Number of cores"value="4"/>
</cycle-end>
<allocation-satisfied id="5698" threadId="00000000022F5700" bytesRequested="32" />
<af-end id="5699" timestamp="2019-07-02T20:42:36.761" threadId="00000000022F6088" success="true" from="nursery"/>
<exclusive-end id="5700" timestamp="2019-07-02T20:42:36.761" durationms="1.263" />

<exclusive-start id="5701" timestamp="2019-07-02T20:42:36.764" intervalms="4.092">
  <response-info timems="0.055" idlems="0.055" threads="0" lastid="00000000022F5700" lastname="main" />
</exclusive-start>
<af-start id="5702" threadId="00000000022F6088" totalBytesRequested="64" timestamp="2019-07-02T20:42:36.764" intervalms="4.085" type="nursery" />
<cycle-start id="5703" type="scavenge" contextid="0" timestamp="2019-07-02T20:42:36.764" intervalms="4.068" />
  <attribute name="GC Util" value="13" />
  <attribute name="CPU Util" value="4377181774197" />
  <attribute name="Time Running"value="17861"/>
  <attribute name="Number of cores"value="4"/>
<gc-start id="5704" type="scavenge" contextid="5703" timestamp="2019-07-02T20:42:36.764">
  <mem-info id="5705" free="7522880" total="44826624" percent="16">
    <mem type="nursery" free="0" total="18612224" percent="0">
      <mem type="allocate" free="0" total="16711680" percent="0" />
      <mem type="survivor" free="0" total="1900544" percent="0" />
    </mem>
    <mem type="tenure" free="7522880" total="26214400" percent="28">
      <mem type="soa" free="6212160" total="24903680" percent="24" />
      <mem type="loa" free="1310720" total="1310720" percent="100" />
    </mem>
    <remembered-set count="94" />
  </mem-info>
</gc-start>
<allocation-stats totalBytes="16605176" >
  <allocated-bytes non-tlh="32" tlh="16605144" />
  <largest-consumer threadName="main" threadId="00000000022F5700" bytes="16605176" />
</allocation-stats>
<gc-op id="5706" type="scavenge" timems="0.185" contextid="5703" timestamp="2019-07-02T20:42:36.765">
  <scavenger-info tenureage="2" tenuremask="fffc" tiltratio="89" />
  <memory-copied type="nursery" objects="3" bytes="72" bytesdiscarded="39096" />
  <memory-copied type="tenure" objects="28" bytes="1360" bytesdiscarded="0" />
</gc-op>
<gc-end id="5707" type="scavenge" contextid="5703" durationms="0.563" usertimems="0.000" systemtimems="0.000" timestamp="2019-07-02T20:42:36.765" activeThreads="4">
  <mem-info id="5708" free="24195392" total="44826624" percent="53">
    <mem type="nursery" free="16672512" total="18612224" percent="89">
      <mem type="allocate" free="16672512" total="16711680" percent="99" />
      <mem type="survivor" free="0" total="1900544" percent="0" />
    </mem>
    <mem type="tenure" free="7522880" total="26214400" percent="28">
      <mem type="soa" free="6212160" total="24903680" percent="24" />
      <mem type="loa" free="1310720" total="1310720" percent="100" />
    </mem>
    <remembered-set count="96" />
  </mem-info>
</gc-end>
<cycle-end id="5709" type="scavenge" contextid="5703" timestamp="2019-07-02T20:42:36.765">
  <attribute name="GC Util" value="11" />
  <attribute name="CPU Util" value="4573704816380" />
  <attribute name="Time Running"value="17865"/>
  <attribute name="Number of cores"value="4"/>
</cycle-end>
<allocation-satisfied id="5710" threadId="00000000022F5700" bytesRequested="64" />
<af-end id="5711" timestamp="2019-07-02T20:42:36.765" threadId="00000000022F6088" success="true" from="nursery"/>
<exclusive-end id="5712" timestamp="2019-07-02T20:42:36.765" durationms="1.256" />

<exclusive-start id="5713" timestamp="2019-07-02T20:42:36.768" intervalms="4.039">
  <response-info timems="0.021" idlems="0.021" threads="0" lastid="00000000022F5700" lastname="main" />
</exclusive-start>
<af-start id="5714" threadId="00000000022F6088" totalBytesRequested="32" timestamp="2019-07-02T20:42:36.768" intervalms="4.018" type="nursery" />
<cycle-start id="5715" type="scavenge" contextid="0" timestamp="2019-07-02T20:42:36.768" intervalms="4.021" />
  <attribute name="GC Util" value="11" />
  <attribute name="CPU Util" value="4573704816380" />
  <attribute name="Time Running"value="17865"/>
  <attribute name="Number of cores"value="4"/>
<gc-start id="5716" type="scavenge" contextid="5715" timestamp="2019-07-02T20:42:36.768">
  <mem-info id="5717" free="7522880" total="44826624" percent="16">
    <mem type="nursery" free="0" total="18612224" percent="0">
      <mem type="allocate" free="0" total="16711680" percent="0" />
      <mem type="survivor" free="0" total="1900544" percent="0" />
    </mem>
    <mem type="tenure" free="7522880" total="26214400" percent="28">
      <mem type="soa" free="6212160" total="24903680" percent="24" />
      <mem type="loa" free="1310720" total="1310720" percent="100" />
    </mem>
    <remembered-set count="96" />
  </mem-info>
</gc-start>
<allocation-stats totalBytes="16643920" >
  <allocated-bytes non-tlh="64" tlh="16643856" />
  <largest-consumer threadName="main" threadId="00000000022F5700" bytes="16643920" />
</allocation-stats>
<gc-op id="5718" type="scavenge" timems="0.184" contextid="5715" timestamp="2019-07-02T20:42:36.769">
  <scavenger-info tenureage="5" tenuremask="ffe0" tiltratio="89" />
  <memory-copied type="nursery" objects="1" bytes="24" bytesdiscarded="39144" />
</gc-op>
<gc-end id="5719" type="scavenge" contextid="5715" durationms="0.559" usertimems="0.000" systemtimems="0.000" timestamp="2019-07-02T20:42:36.769" activeThreads="4">
  <mem-info id="5720" free="24195392" total="44826624" percent="53">
    <mem type="nursery" free="16672512" total="18612224" percent="89">
      <mem type="allocate" free="16672512" total="16711680" percent="99" />
      <mem type="survivor" free="0" total="1900544" percent="0" />
    </mem>
    <mem type="tenure" free="7522880" total="26214400" percent="28">
      <mem type="soa" free="6212160" total="24903680" percent="24" />
      <mem type="loa" free="1310720" total="1310720" percent="100" />
    </mem>
    <remembered-set count="96" />
  </mem-info>
</gc-end>
<cycle-end id="5721" type="scavenge" contextid="5715" timestamp="2019-07-02T20:42:36.769">
  <attribute name="GC Util" value="11" />
  <attribute name="CPU Util" value="4575793480528" />
  <attribute name="Time Running"value="17869"/>
  <attribute name="Number of cores"value="4"/>
</cycle-end>
<allocation-satisfied id="5722" threadId="00000000022F5700" bytesRequested="32" />
<af-end id="5723" timestamp="2019-07-02T20:42:36.769" threadId="00000000022F6088" success="true" from="nursery"/>
<exclusive-end id="5724" timestamp="2019-07-02T20:42:36.769" durationms="1.264" />

<exclusive-start id="5725" timestamp="2019-07-02T20:42:36.772" intervalms="4.179">
  <response-info timems="0.049" idlems="0.049" threads="0" lastid="00000000022F5700" lastname="main" />
</exclusive-start>
<af-start id="5726" threadId="00000000022F6088" totalBytesRequested="584" timestamp="2019-07-02T20:42:36.772" intervalms="4.190" type="nursery" />
<cycle-start id="5727" type="scavenge" contextid="0" timestamp="2019-07-02T20:42:36.772" intervalms="4.188" />
  <attribute name="GC Util" value="11" />
  <attribute name="CPU Util" value="4575793480528" />
  <attribute name="Time Running"value="17869"/>
  <attribute name="Number of cores"value="4"/>
<gc-start id="5728" type="scavenge" contextid="5727" timestamp="2019-07-02T20:42:36.772">
  <mem-info id="5729" free="7522880" total="44826624" percent="16">
    <mem type="nursery" free="0" total="18612224" percent="0">
      <mem type="allocate" free="0" total="16711680" percent="0" />
      <mem type="survivor" free="0" total="1900544" percent="0" />
    </mem>
    <mem type="tenure" free="7522880" total="26214400" percent="28">
      <mem type="soa" free="6212160" total="24903680" percent="24" />
      <mem type="loa" free="1310720" total="1310720" percent="100" />
    </mem>
    <remembered-set count="96" />
  </mem-info>
</gc-start>
<allocation-stats totalBytes="16643976" >
  <allocated-bytes non-tlh="32" tlh="16643944" />
  <largest-consumer threadName="main" threadId="00000000022F5700" bytes="16643976" />
</allocation-stats>
<gc-op id="5730" type="scavenge" timems="0.183" contextid="5727" timestamp="2019-07-02T20:42:36.773">
  <scavenger-info tenureage="3" tenuremask="fff8" tiltratio="89" />
  <memory-copied type="nursery" objects="3" bytes="72" bytesdiscarded="39096" />
</gc-op>
<gc-end id="5731" type="scavenge" contextid="5727" durationms="0.605" usertimems="0.000" systemtimems="0.000" timestamp="2019-07-02T20:42:36.773" activeThreads="4">
  <mem-info id="5732" free="24195392" total="44826624" percent="53">
    <mem type="nursery" free="16672512" total="18612224" percent="89">
      <mem type="allocate" free="16672512" total="16711680" percent="99" />
      <mem type="survivor" free="0" total="1900544" percent="0" />
    </mem>
    <mem type="tenure" free="7522880" total="26214400" percent="28">
      <mem type="soa" free="6212160" total="24903680" percent="24" />
      <mem type="loa" free="1310720" total="1310720" percent="100" />
    </mem>
    <remembered-set count="94" />
  </mem-info>
</gc-end>
<cycle-end id="5733" type="scavenge" contextid="5727" timestamp="2019-07-02T20:42:36.773">
  <attribute name="GC Util" value="10" />
  <attribute name="CPU Util" value="4381084344303" />
  <attribute name="Time Running"value="17873"/>
  <attribute name="Number of cores"value="4"/>
</cycle-end>
<allocation-satisfied id="5734" threadId="00000000022F5700" bytesRequested="584" />
<af-end id="5735" timestamp="2019-07-02T20:42:36.773" threadId="00000000022F6088" success="true" from="nursery"/>
<exclusive-end id="5736" timestamp="2019-07-02T20:42:36.773" durationms="1.286" />

<exclusive-start id="5737" timestamp="2019-07-02T20:42:36.776" intervalms="4.029">
  <response-info timems="0.020" idlems="0.020" threads="0" lastid="00000000022F5700" lastname="main" />
</exclusive-start>
<af-start id="5738" threadId="00000000022F6088" totalBytesRequested="32" timestamp="2019-07-02T20:42:36.776" intervalms="4.026" type="nursery" />
<cycle-start id="5739" type="scavenge" contextid="0" timestamp="2019-07-02T20:42:36.776" intervalms="3.949" />
  <attribute name="GC Util" value="10" />
  <attribute name="CPU Util" value="4381084344303" />
  <attribute name="Time Running"value="17873"/>
  <attribute name="Number of cores"value="4"/>
<gc-start id="5740" type="scavenge" contextid="5739" timestamp="2019-07-02T20:42:36.776">
  <mem-info id="5741" free="7522880" total="44826624" percent="16">
    <mem type="nursery" free="0" total="18612224" percent="0">
      <mem type="allocate" free="0" total="16711680" percent="0" />
      <mem type="survivor" free="0" total="1900544" percent="0" />
    </mem>
    <mem type="tenure" free="7522880" total="26214400" percent="28">
      <mem type="soa" free="6212160" total="24903680" percent="24" />
      <mem type="loa" free="1310720" total="1310720" percent="100" />
    </mem>
    <remembered-set count="94" />
  </mem-info>
</gc-start>
<allocation-stats totalBytes="16643352" >
  <allocated-bytes non-tlh="584" tlh="16642768" />
  <largest-consumer threadName="main" threadId="00000000022F5700" bytes="16643352" />
</allocation-stats>
<gc-op id="5742" type="scavenge" timems="0.146" contextid="5739" timestamp="2019-07-02T20:42:36.776">
  <scavenger-info tenureage="3" tenuremask="fff8" tiltratio="89" />
  <memory-copied type="nursery" objects="1" bytes="24" bytesdiscarded="39144" />
</gc-op>
<gc-end id="5743" type="scavenge" contextid="5739" durationms="0.328" usertimems="0.000" systemtimems="0.000" timestamp="2019-07-02T20:42:36.777" activeThreads="4">
  <mem-info id="5744" free="24195392" total="44826624" percent="53">
    <mem type="nursery" free="16672512" total="18612224" percent="89">
      <mem type="allocate" free="16672512" total="16711680" percent="99" />
      <mem type="survivor" free="0" total="1900544" percent="0" />
    </mem>
    <mem type="tenure" free="7522880" total="26214400" percent="28">
      <mem type="soa" free="6212160" total="24903680" percent="24" />
      <mem type="loa" free="1310720" total="1310720" percent="100" />
    </mem>
    <remembered-set count="94" />
  </mem-info>
</gc-end>
<cycle-end id="5745" type="scavenge" contextid="5739" timestamp="2019-07-02T20:42:36.777">
  <attribute name="GC Util" value="10" />
  <attribute name="CPU Util" value="4903379468218" />
  <attribute name="Time Running"value="17877"/>
  <attribute name="Number of cores"value="4"/>
</cycle-end>
<allocation-satisfied id="5746" threadId="00000000022F5700" bytesRequested="32" />
<af-end id="5747" timestamp="2019-07-02T20:42:36.777" threadId="00000000022F6088" success="true" from="nursery"/>
<exclusive-end id="5748" timestamp="2019-07-02T20:42:36.777" durationms="0.814" />

<exclusive-start id="5749" timestamp="2019-07-02T20:42:36.780" intervalms="3.608">
  <response-info timems="0.019" idlems="0.019" threads="0" lastid="00000000022F5700" lastname="main" />
</exclusive-start>
<af-start id="5750" threadId="00000000022F6088" totalBytesRequested="584" timestamp="2019-07-02T20:42:36.780" intervalms="3.603" type="nursery" />
<cycle-start id="5751" type="scavenge" contextid="0" timestamp="2019-07-02T20:42:36.780" intervalms="3.629" />
  <attribute name="GC Util" value="10" />
  <attribute name="CPU Util" value="4903379468218" />
  <attribute name="Time Running"value="17877"/>
  <attribute name="Number of cores"value="4"/>
<gc-start id="5752" type="scavenge" contextid="5751" timestamp="2019-07-02T20:42:36.780">
  <mem-info id="5753" free="7522880" total="44826624" percent="16">
    <mem type="nursery" free="0" total="18612224" percent="0">
      <mem type="allocate" free="0" total="16711680" percent="0" />
      <mem type="survivor" free="0" total="1900544" percent="0" />
    </mem>
    <mem type="tenure" free="7522880" total="26214400" percent="28">
      <mem type="soa" free="6212160" total="24903680" percent="24" />
      <mem type="loa" free="1310720" total="1310720" percent="100" />
    </mem>
    <remembered-set count="94" />
  </mem-info>
</gc-start>
<allocation-stats totalBytes="16643976" >
  <allocated-bytes non-tlh="32" tlh="16643944" />
  <largest-consumer threadName="main" threadId="00000000022F5700" bytes="16643976" />
</allocation-stats>
<gc-op id="5754" type="scavenge" timems="0.142" contextid="5751" timestamp="2019-07-02T20:42:36.780">
  <scavenger-info tenureage="3" tenuremask="fff8" tiltratio="89" />
  <memory-copied type="nursery" objects="3" bytes="72" bytesdiscarded="39096" />
</gc-op>
<gc-end id="5755" type="scavenge" contextid="5751" durationms="0.475" usertimems="0.000" systemtimems="0.000" timestamp="2019-07-02T20:42:36.780" activeThreads="4">
  <mem-info id="5756" free="24195392" total="44826624" percent="53">
    <mem type="nursery" free="16672512" total="18612224" percent="89">
      <mem type="allocate" free="16672512" total="16711680" percent="99" />
      <mem type="survivor" free="0" total="1900544" percent="0" />
    </mem>
    <mem type="tenure" free="7522880" total="26214400" percent="28">
      <mem type="soa" free="6212160" total="24903680" percent="24" />
      <mem type="loa" free="1310720" total="1310720" percent="100" />
    </mem>
    <remembered-set count="94" />
  </mem-info>
</gc-end>
<cycle-end id="5757" type="scavenge" contextid="5751" timestamp="2019-07-02T20:42:36.781">
  <attribute name="GC Util" value="10" />
  <attribute name="CPU Util" value="4896364297062" />
  <attribute name="Time Running"value="17880"/>
  <attribute name="Number of cores"value="4"/>
</cycle-end>
<allocation-satisfied id="5758" threadId="00000000022F5700" bytesRequested="584" />
<af-end id="5759" timestamp="2019-07-02T20:42:36.781" threadId="00000000022F6088" success="true" from="nursery"/>
<exclusive-end id="5760" timestamp="2019-07-02T20:42:36.781" durationms="1.115" />

<exclusive-start id="5761" timestamp="2019-07-02T20:42:36.784" intervalms="3.933">
  <response-info timems="0.020" idlems="0.020" threads="0" lastid="00000000022F5700" lastname="main" />
</exclusive-start>
<af-start id="5762" threadId="00000000022F6088" totalBytesRequested="32" timestamp="2019-07-02T20:42:36.784" intervalms="3.935" type="nursery" />
<cycle-start id="5763" type="scavenge" contextid="0" timestamp="2019-07-02T20:42:36.784" intervalms="3.983" />
  <attribute name="GC Util" value="10" />
  <attribute name="CPU Util" value="4896364297062" />
  <attribute name="Time Running"value="17880"/>
  <attribute name="Number of cores"value="4"/>
<gc-start id="5764" type="scavenge" contextid="5763" timestamp="2019-07-02T20:42:36.784">
  <mem-info id="5765" free="7522880" total="44826624" percent="16">
    <mem type="nursery" free="0" total="18612224" percent="0">
      <mem type="allocate" free="0" total="16711680" percent="0" />
      <mem type="survivor" free="0" total="1900544" percent="0" />
    </mem>
    <mem type="tenure" free="7522880" total="26214400" percent="28">
      <mem type="soa" free="6212160" total="24903680" percent="24" />
      <mem type="loa" free="1310720" total="1310720" percent="100" />
    </mem>
    <remembered-set count="94" />
  </mem-info>
</gc-start>
<allocation-stats totalBytes="16643352" >
  <allocated-bytes non-tlh="584" tlh="16642768" />
  <largest-consumer threadName="main" threadId="00000000022F5700" bytes="16643352" />
</allocation-stats>
<gc-op id="5766" type="scavenge" timems="0.179" contextid="5763" timestamp="2019-07-02T20:42:36.784">
  <scavenger-info tenureage="3" tenuremask="fff8" tiltratio="89" />
  <memory-copied type="nursery" objects="1" bytes="24" bytesdiscarded="39144" />
</gc-op>
<gc-end id="5767" type="scavenge" contextid="5763" durationms="0.587" usertimems="0.000" systemtimems="0.000" timestamp="2019-07-02T20:42:36.784" activeThreads="4">
  <mem-info id="5768" free="24195392" total="44826624" percent="53">
    <mem type="nursery" free="16672512" total="18612224" percent="89">
      <mem type="allocate" free="16672512" total="16711680" percent="99" />
      <mem type="survivor" free="0" total="1900544" percent="0" />
    </mem>
    <mem type="tenure" free="7522880" total="26214400" percent="28">
      <mem type="soa" free="6212160" total="24903680" percent="24" />
      <mem type="loa" free="1310720" total="1310720" percent="100" />
    </mem>
    <remembered-set count="94" />
  </mem-info>
</gc-end>
<cycle-end id="5769" type="scavenge" contextid="5763" timestamp="2019-07-02T20:42:36.785">
  <attribute name="GC Util" value="9" />
  <attribute name="CPU Util" value="4571439055355" />
  <attribute name="Time Running"value="17884"/>
  <attribute name="Number of cores"value="4"/>
</cycle-end>
<allocation-satisfied id="5770" threadId="00000000022F5700" bytesRequested="32" />
<af-end id="5771" timestamp="2019-07-02T20:42:36.785" threadId="00000000022F6088" success="true" from="nursery"/>
<exclusive-end id="5772" timestamp="2019-07-02T20:42:36.785" durationms="1.254" />

<exclusive-start id="5773" timestamp="2019-07-02T20:42:36.788" intervalms="4.026">
  <response-info timems="0.020" idlems="0.020" threads="0" lastid="00000000022F5700" lastname="main" />
</exclusive-start>
<af-start id="5774" threadId="00000000022F6088" totalBytesRequested="584" timestamp="2019-07-02T20:42:36.788" intervalms="4.016" type="nursery" />
<cycle-start id="5775" type="scavenge" contextid="0" timestamp="2019-07-02T20:42:36.788" intervalms="4.018" />
  <attribute name="GC Util" value="9" />
  <attribute name="CPU Util" value="4571439055355" />
  <attribute name="Time Running"value="17884"/>
  <attribute name="Number of cores"value="4"/>
<gc-start id="5776" type="scavenge" contextid="5775" timestamp="2019-07-02T20:42:36.788">
  <mem-info id="5777" free="7522880" total="44826624" percent="16">
    <mem type="nursery" free="0" total="18612224" percent="0">
      <mem type="allocate" free="0" total="16711680" percent="0" />
      <mem type="survivor" free="0" total="1900544" percent="0" />
    </mem>
    <mem type="tenure" free="7522880" total="26214400" percent="28">
      <mem type="soa" free="6212160" total="24903680" percent="24" />
      <mem type="loa" free="1310720" total="1310720" percent="100" />
    </mem>
    <remembered-set count="94" />
  </mem-info>
</gc-start>
<allocation-stats totalBytes="16643976" >
  <allocated-bytes non-tlh="32" tlh="16643944" />
  <largest-consumer threadName="main" threadId="00000000022F5700" bytes="16643976" />
</allocation-stats>
<gc-op id="5778" type="scavenge" timems="0.183" contextid="5775" timestamp="2019-07-02T20:42:36.788">
  <scavenger-info tenureage="3" tenuremask="fff8" tiltratio="89" />
  <memory-copied type="nursery" objects="3" bytes="72" bytesdiscarded="39096" />
</gc-op>
<gc-end id="5779" type="scavenge" contextid="5775" durationms="0.576" usertimems="0.000" systemtimems="0.000" timestamp="2019-07-02T20:42:36.788" activeThreads="4">
  <mem-info id="5780" free="24195392" total="44826624" percent="53">
    <mem type="nursery" free="16672512" total="18612224" percent="89">
      <mem type="allocate" free="16672512" total="16711680" percent="99" />
      <mem type="survivor" free="0" total="1900544" percent="0" />
    </mem>
    <mem type="tenure" free="7522880" total="26214400" percent="28">
      <mem type="soa" free="6212160" total="24903680" percent="24" />
      <mem type="loa" free="1310720" total="1310720" percent="100" />
    </mem>
    <remembered-set count="94" />
  </mem-info>
</gc-end>
<cycle-end id="5781" type="scavenge" contextid="5775" timestamp="2019-07-02T20:42:36.789">
  <attribute name="GC Util" value="10" />
  <attribute name="CPU Util" value="4598991637869" />
  <attribute name="Time Running"value="17888"/>
  <attribute name="Number of cores"value="4"/>
</cycle-end>
<allocation-satisfied id="5782" threadId="00000000022F5700" bytesRequested="584" />
<af-end id="5783" timestamp="2019-07-02T20:42:36.789" threadId="00000000022F6088" success="true" from="nursery"/>
<exclusive-end id="5784" timestamp="2019-07-02T20:42:36.789" durationms="1.256" />

<exclusive-start id="5785" timestamp="2019-07-02T20:42:36.792" intervalms="4.154">
  <response-info timems="0.049" idlems="0.049" threads="0" lastid="00000000022F5700" lastname="main" />
</exclusive-start>
<af-start id="5786" threadId="00000000022F6088" totalBytesRequested="32" timestamp="2019-07-02T20:42:36.792" intervalms="4.170" type="nursery" />
<cycle-start id="5787" type="scavenge" contextid="0" timestamp="2019-07-02T20:42:36.792" intervalms="4.170" />
  <attribute name="GC Util" value="10" />
  <attribute name="CPU Util" value="4598991637869" />
  <attribute name="Time Running"value="17888"/>
  <attribute name="Number of cores"value="4"/>
<gc-start id="5788" type="scavenge" contextid="5787" timestamp="2019-07-02T20:42:36.792">
  <mem-info id="5789" free="7522880" total="44826624" percent="16">
    <mem type="nursery" free="0" total="18612224" percent="0">
      <mem type="allocate" free="0" total="16711680" percent="0" />
      <mem type="survivor" free="0" total="1900544" percent="0" />
    </mem>
    <mem type="tenure" free="7522880" total="26214400" percent="28">
      <mem type="soa" free="6212160" total="24903680" percent="24" />
      <mem type="loa" free="1310720" total="1310720" percent="100" />
    </mem>
    <remembered-set count="94" />
  </mem-info>
</gc-start>
<allocation-stats totalBytes="16643352" >
  <allocated-bytes non-tlh="584" tlh="16642768" />
  <largest-consumer threadName="main" threadId="00000000022F5700" bytes="16643352" />
</allocation-stats>
<gc-op id="5790" type="scavenge" timems="0.183" contextid="5787" timestamp="2019-07-02T20:42:36.793">
  <scavenger-info tenureage="3" tenuremask="fff8" tiltratio="89" />
  <memory-copied type="nursery" objects="1" bytes="24" bytesdiscarded="39144" />
</gc-op>
<gc-end id="5791" type="scavenge" contextid="5787" durationms="0.576" usertimems="0.000" systemtimems="0.000" timestamp="2019-07-02T20:42:36.793" activeThreads="4">
  <mem-info id="5792" free="24195392" total="44826624" percent="53">
    <mem type="nursery" free="16672512" total="18612224" percent="89">
      <mem type="allocate" free="16672512" total="16711680" percent="99" />
      <mem type="survivor" free="0" total="1900544" percent="0" />
    </mem>
    <mem type="tenure" free="7522880" total="26214400" percent="28">
      <mem type="soa" free="6212160" total="24903680" percent="24" />
      <mem type="loa" free="1310720" total="1310720" percent="100" />
    </mem>
    <remembered-set count="94" />
  </mem-info>
</gc-end>
<cycle-end id="5793" type="scavenge" contextid="5787" timestamp="2019-07-02T20:42:36.793">
  <attribute name="GC Util" value="9" />
  <attribute name="CPU Util" value="4420547074941" />
  <attribute name="Time Running"value="17893"/>
  <attribute name="Number of cores"value="4"/>
</cycle-end>
<allocation-satisfied id="5794" threadId="00000000022F5700" bytesRequested="32" />
<af-end id="5795" timestamp="2019-07-02T20:42:36.793" threadId="00000000022F6088" success="true" from="nursery"/>
<exclusive-end id="5796" timestamp="2019-07-02T20:42:36.793" durationms="1.251" />

<exclusive-start id="5797" timestamp="2019-07-02T20:42:36.796" intervalms="4.020">
  <response-info timems="0.019" idlems="0.019" threads="0" lastid="00000000022F5700" lastname="main" />
</exclusive-start>
<af-start id="5798" threadId="00000000022F6088" totalBytesRequested="584" timestamp="2019-07-02T20:42:36.796" intervalms="4.014" type="nursery" />
<cycle-start id="5799" type="scavenge" contextid="0" timestamp="2019-07-02T20:42:36.796" intervalms="3.961" />
  <attribute name="GC Util" value="9" />
  <attribute name="CPU Util" value="4420547074941" />
  <attribute name="Time Running"value="17893"/>
  <attribute name="Number of cores"value="4"/>
<gc-start id="5800" type="scavenge" contextid="5799" timestamp="2019-07-02T20:42:36.796">
  <mem-info id="5801" free="7522880" total="44826624" percent="16">
    <mem type="nursery" free="0" total="18612224" percent="0">
      <mem type="allocate" free="0" total="16711680" percent="0" />
      <mem type="survivor" free="0" total="1900544" percent="0" />
    </mem>
    <mem type="tenure" free="7522880" total="26214400" percent="28">
      <mem type="soa" free="6212160" total="24903680" percent="24" />
      <mem type="loa" free="1310720" total="1310720" percent="100" />
    </mem>
    <remembered-set count="94" />
  </mem-info>
</gc-start>
<allocation-stats totalBytes="16643976" >
  <allocated-bytes non-tlh="32" tlh="16643944" />
  <largest-consumer threadName="main" threadId="00000000022F5700" bytes="16643976" />
</allocation-stats>
<gc-op id="5802" type="scavenge" timems="0.175" contextid="5799" timestamp="2019-07-02T20:42:36.796">
  <scavenger-info tenureage="3" tenuremask="fff8" tiltratio="89" />
  <memory-copied type="nursery" objects="3" bytes="72" bytesdiscarded="39096" />
</gc-op>
<gc-end id="5803" type="scavenge" contextid="5799" durationms="0.534" usertimems="0.000" systemtimems="0.000" timestamp="2019-07-02T20:42:36.797" activeThreads="4">
  <mem-info id="5804" free="24195392" total="44826624" percent="53">
    <mem type="nursery" free="16672512" total="18612224" percent="89">
      <mem type="allocate" free="16672512" total="16711680" percent="99" />
      <mem type="survivor" free="0" total="1900544" percent="0" />
    </mem>
    <mem type="tenure" free="7522880" total="26214400" percent="28">
      <mem type="soa" free="6212160" total="24903680" percent="24" />
      <mem type="loa" free="1310720" total="1310720" percent="100" />
    </mem>
    <remembered-set count="94" />
  </mem-info>
</gc-end>
<cycle-end id="5805" type="scavenge" contextid="5799" timestamp="2019-07-02T20:42:36.797">
  <attribute name="GC Util" value="10" />
  <attribute name="CPU Util" value="4696214340485" />
  <attribute name="Time Running"value="17896"/>
  <attribute name="Number of cores"value="4"/>
</cycle-end>
<allocation-satisfied id="5806" threadId="00000000022F5700" bytesRequested="584" />
<af-end id="5807" timestamp="2019-07-02T20:42:36.797" threadId="00000000022F6088" success="true" from="nursery"/>
<exclusive-end id="5808" timestamp="2019-07-02T20:42:36.797" durationms="1.182" />

<exclusive-start id="5809" timestamp="2019-07-02T20:42:36.800" intervalms="3.956">
  <response-info timems="0.020" idlems="0.020" threads="0" lastid="00000000022F5700" lastname="main" />
</exclusive-start>
<af-start id="5810" threadId="00000000022F6088" totalBytesRequested="32" timestamp="2019-07-02T20:42:36.800" intervalms="3.947" type="nursery" />
<cycle-start id="5811" type="scavenge" contextid="0" timestamp="2019-07-02T20:42:36.800" intervalms="3.995" />
  <attribute name="GC Util" value="10" />
  <attribute name="CPU Util" value="4696214340485" />
  <attribute name="Time Running"value="17896"/>
  <attribute name="Number of cores"value="4"/>
<gc-start id="5812" type="scavenge" contextid="5811" timestamp="2019-07-02T20:42:36.800">
  <mem-info id="5813" free="7522880" total="44826624" percent="16">
    <mem type="nursery" free="0" total="18612224" percent="0">
      <mem type="allocate" free="0" total="16711680" percent="0" />
      <mem type="survivor" free="0" total="1900544" percent="0" />
    </mem>
    <mem type="tenure" free="7522880" total="26214400" percent="28">
      <mem type="soa" free="6212160" total="24903680" percent="24" />
      <mem type="loa" free="1310720" total="1310720" percent="100" />
    </mem>
    <remembered-set count="94" />
  </mem-info>
</gc-start>
<allocation-stats totalBytes="16643352" >
  <allocated-bytes non-tlh="584" tlh="16642768" />
  <largest-consumer threadName="main" threadId="00000000022F5700" bytes="16643352" />
</allocation-stats>
<gc-op id="5814" type="scavenge" timems="0.181" contextid="5811" timestamp="2019-07-02T20:42:36.800">
  <scavenger-info tenureage="3" tenuremask="fff8" tiltratio="89" />
  <memory-copied type="nursery" objects="1" bytes="24" bytesdiscarded="39144" />
</gc-op>
<gc-end id="5815" type="scavenge" contextid="5811" durationms="0.583" usertimems="0.000" systemtimems="0.000" timestamp="2019-07-02T20:42:36.801" activeThreads="4">
  <mem-info id="5816" free="24195392" total="44826624" percent="53">
    <mem type="nursery" free="16672512" total="18612224" percent="89">
      <mem type="allocate" free="16672512" total="16711680" percent="99" />
      <mem type="survivor" free="0" total="1900544" percent="0" />
    </mem>
    <mem type="tenure" free="7522880" total="26214400" percent="28">
      <mem type="soa" free="6212160" total="24903680" percent="24" />
      <mem type="loa" free="1310720" total="1310720" percent="100" />
    </mem>
    <remembered-set count="94" />
  </mem-info>
</gc-end>
<cycle-end id="5817" type="scavenge" contextid="5811" timestamp="2019-07-02T20:42:36.801">
  <attribute name="GC Util" value="10" />
  <attribute name="CPU Util" value="4580232403533" />
  <attribute name="Time Running"value="17900"/>
  <attribute name="Number of cores"value="4"/>
</cycle-end>
<allocation-satisfied id="5818" threadId="00000000022F5700" bytesRequested="32" />
<af-end id="5819" timestamp="2019-07-02T20:42:36.801" threadId="00000000022F6088" success="true" from="nursery"/>
<exclusive-end id="5820" timestamp="2019-07-02T20:42:36.801" durationms="1.261" />

<exclusive-start id="5821" timestamp="2019-07-02T20:42:36.808" intervalms="8.177">
  <response-info timems="0.059" idlems="0.059" threads="0" lastid="00000000022F5700" lastname="main" />
</exclusive-start>
<af-start id="5822" threadId="00000000022F6088" totalBytesRequested="464" timestamp="2019-07-02T20:42:36.808" intervalms="8.250" type="nursery" />
<cycle-start id="5823" type="scavenge" contextid="0" timestamp="2019-07-02T20:42:36.808" intervalms="8.234" />
  <attribute name="GC Util" value="10" />
  <attribute name="CPU Util" value="4580232403533" />
  <attribute name="Time Running"value="17900"/>
  <attribute name="Number of cores"value="4"/>
<gc-start id="5824" type="scavenge" contextid="5823" timestamp="2019-07-02T20:42:36.808">
  <mem-info id="5825" free="7522880" total="44826624" percent="16">
    <mem type="nursery" free="0" total="18612224" percent="0">
      <mem type="allocate" free="0" total="16711680" percent="0" />
      <mem type="survivor" free="0" total="1900544" percent="0" />
    </mem>
    <mem type="tenure" free="7522880" total="26214400" percent="28">
      <mem type="soa" free="6212160" total="24903680" percent="24" />
      <mem type="loa" free="1310720" total="1310720" percent="100" />
    </mem>
    <remembered-set count="101" />
  </mem-info>
</gc-start>
<allocation-stats totalBytes="16644608" >
  <allocated-bytes non-tlh="32" tlh="16644576" />
  <largest-consumer threadName="main" threadId="00000000022F5700" bytes="16644608" />
</allocation-stats>
<gc-op id="5826" type="scavenge" timems="0.202" contextid="5823" timestamp="2019-07-02T20:42:36.809">
  <scavenger-info tenureage="3" tenuremask="fff8" tiltratio="89" />
  <memory-copied type="nursery" objects="33" bytes="1424" bytesdiscarded="37744" />
</gc-op>
<gc-end id="5827" type="scavenge" contextid="5823" durationms="0.596" usertimems="0.000" systemtimems="0.000" timestamp="2019-07-02T20:42:36.809" activeThreads="4">
  <mem-info id="5828" free="24195392" total="44826624" percent="53">
    <mem type="nursery" free="16672512" total="18612224" percent="89">
      <mem type="allocate" free="16672512" total="16711680" percent="99" />
      <mem type="survivor" free="0" total="1900544" percent="0" />
    </mem>
    <mem type="tenure" free="7522880" total="26214400" percent="28">
      <mem type="soa" free="6212160" total="24903680" percent="24" />
      <mem type="loa" free="1310720" total="1310720" percent="100" />
    </mem>
    <remembered-set count="101" />
  </mem-info>
</gc-end>
<cycle-end id="5829" type="scavenge" contextid="5823" timestamp="2019-07-02T20:42:36.809">
  <attribute name="GC Util" value="5" />
  <attribute name="CPU Util" value="2223433657298" />
  <attribute name="Time Running"value="17909"/>
  <attribute name="Number of cores"value="4"/>
</cycle-end>
<allocation-satisfied id="5830" threadId="00000000022F5700" bytesRequested="464" />
<af-end id="5831" timestamp="2019-07-02T20:42:36.809" threadId="00000000022F6088" success="true" from="nursery"/>
<exclusive-end id="5832" timestamp="2019-07-02T20:42:36.809" durationms="1.349" />

<exclusive-start id="5833" timestamp="2019-07-02T20:42:36.849" intervalms="41.490">
  <response-info timems="0.020" idlems="0.020" threads="0" lastid="00000000022F5700" lastname="main" />
</exclusive-start>
<af-start id="5834" threadId="00000000022F6088" totalBytesRequested="464" timestamp="2019-07-02T20:42:36.850" intervalms="41.509" type="nursery" />
<cycle-start id="5835" type="scavenge" contextid="0" timestamp="2019-07-02T20:42:36.850" intervalms="41.579" />
  <attribute name="GC Util" value="5" />
  <attribute name="CPU Util" value="2223433657298" />
  <attribute name="Time Running"value="17909"/>
  <attribute name="Number of cores"value="4"/>
<gc-start id="5836" type="scavenge" contextid="5835" timestamp="2019-07-02T20:42:36.850">
  <mem-info id="5837" free="7522880" total="44826624" percent="16">
    <mem type="nursery" free="0" total="18612224" percent="0">
      <mem type="allocate" free="0" total="16711680" percent="0" />
      <mem type="survivor" free="0" total="1900544" percent="0" />
    </mem>
    <mem type="tenure" free="7522880" total="26214400" percent="28">
      <mem type="soa" free="6212160" total="24903680" percent="24" />
      <mem type="loa" free="1310720" total="1310720" percent="100" />
    </mem>
    <remembered-set count="101" />
  </mem-info>
</gc-start>
<allocation-stats totalBytes="16661752" >
  <allocated-bytes non-tlh="464" tlh="16661288" />
  <largest-consumer threadName="main" threadId="00000000022F5700" bytes="16661752" />
</allocation-stats>
<gc-op id="5838" type="scavenge" timems="0.204" contextid="5835" timestamp="2019-07-02T20:42:36.850">
  <scavenger-info tenureage="3" tenuremask="fff8" tiltratio="89" />
  <memory-copied type="nursery" objects="39" bytes="1560" bytesdiscarded="37608" />
</gc-op>
<gc-end id="5839" type="scavenge" contextid="5835" durationms="0.632" usertimems="0.000" systemtimems="0.000" timestamp="2019-07-02T20:42:36.851" activeThreads="4">
  <mem-info id="5840" free="24195392" total="44826624" percent="53">
    <mem type="nursery" free="16672512" total="18612224" percent="89">
      <mem type="allocate" free="16672512" total="16711680" percent="99" />
      <mem type="survivor" free="0" total="1900544" percent="0" />
    </mem>
    <mem type="tenure" free="7522880" total="26214400" percent="28">
      <mem type="soa" free="6212160" total="24903680" percent="24" />
      <mem type="loa" free="1310720" total="1310720" percent="100" />
    </mem>
    <remembered-set count="94" />
  </mem-info>
</gc-end>
<cycle-end id="5841" type="scavenge" contextid="5835" timestamp="2019-07-02T20:42:36.851">
  <attribute name="GC Util" value="1" />
  <attribute name="CPU Util" value="443220337599" />
  <attribute name="Time Running"value="17950"/>
  <attribute name="Number of cores"value="4"/>
</cycle-end>
<allocation-satisfied id="5842" threadId="00000000022F5700" bytesRequested="464" />
<af-end id="5843" timestamp="2019-07-02T20:42:36.851" threadId="00000000022F6088" success="true" from="nursery"/>
<exclusive-end id="5844" timestamp="2019-07-02T20:42:36.851" durationms="1.555" />

<exclusive-start id="5845" timestamp="2019-07-02T20:42:36.884" intervalms="34.654">
  <response-info timems="0.056" idlems="0.056" threads="0" lastid="00000000022F5700" lastname="main" />
</exclusive-start>
<af-start id="5846" threadId="00000000022F6088" totalBytesRequested="56" timestamp="2019-07-02T20:42:36.884" intervalms="34.624" type="nursery" />
<cycle-start id="5847" type="scavenge" contextid="0" timestamp="2019-07-02T20:42:36.884" intervalms="34.557" />
  <attribute name="GC Util" value="1" />
  <attribute name="CPU Util" value="443220337599" />
  <attribute name="Time Running"value="17950"/>
  <attribute name="Number of cores"value="4"/>
<gc-start id="5848" type="scavenge" contextid="5847" timestamp="2019-07-02T20:42:36.884">
  <mem-info id="5849" free="7522880" total="44826624" percent="16">
    <mem type="nursery" free="0" total="18612224" percent="0">
      <mem type="allocate" free="0" total="16711680" percent="0" />
      <mem type="survivor" free="0" total="1900544" percent="0" />
    </mem>
    <mem type="tenure" free="7522880" total="26214400" percent="28">
      <mem type="soa" free="6212160" total="24903680" percent="24" />
      <mem type="loa" free="1310720" total="1310720" percent="100" />
    </mem>
    <remembered-set count="94" />
  </mem-info>
</gc-start>
<allocation-stats totalBytes="16668056" >
  <allocated-bytes non-tlh="464" tlh="16667592" />
  <largest-consumer threadName="main" threadId="00000000022F5700" bytes="16668056" />
</allocation-stats>
<gc-op id="5850" type="scavenge" timems="0.180" contextid="5847" timestamp="2019-07-02T20:42:36.885">
  <scavenger-info tenureage="3" tenuremask="fff8" tiltratio="89" />
  <memory-copied type="nursery" objects="30" bytes="1328" bytesdiscarded="37840" />
</gc-op>
<gc-end id="5851" type="scavenge" contextid="5847" durationms="0.565" usertimems="0.000" systemtimems="0.000" timestamp="2019-07-02T20:42:36.885" activeThreads="4">
  <mem-info id="5852" free="24195392" total="44826624" percent="53">
    <mem type="nursery" free="16672512" total="18612224" percent="89">
      <mem type="allocate" free="16672512" total="16711680" percent="99" />
      <mem type="survivor" free="0" total="1900544" percent="0" />
    </mem>
    <mem type="tenure" free="7522880" total="26214400" percent="28">
      <mem type="soa" free="6212160" total="24903680" percent="24" />
      <mem type="loa" free="1310720" total="1310720" percent="100" />
    </mem>
    <remembered-set count="94" />
  </mem-info>
</gc-end>
<cycle-end id="5853" type="scavenge" contextid="5847" timestamp="2019-07-02T20:42:36.885">
  <attribute name="GC Util" value="1" />
  <attribute name="CPU Util" value="534312386344" />
  <attribute name="Time Running"value="17985"/>
  <attribute name="Number of cores"value="4"/>
</cycle-end>
<allocation-satisfied id="5854" threadId="00000000022F5700" bytesRequested="56" />
<af-end id="5855" timestamp="2019-07-02T20:42:36.885" threadId="00000000022F6088" success="true" from="nursery"/>
<exclusive-end id="5856" timestamp="2019-07-02T20:42:36.885" durationms="1.335" />

<exclusive-start id="5857" timestamp="2019-07-02T20:42:36.918" intervalms="34.326">
  <response-info timems="0.069" idlems="0.069" threads="0" lastid="00000000022F5700" lastname="main" />
</exclusive-start>
<af-start id="5858" threadId="00000000022F6088" totalBytesRequested="56" timestamp="2019-07-02T20:42:36.918" intervalms="34.317" type="nursery" />
<cycle-start id="5859" type="scavenge" contextid="0" timestamp="2019-07-02T20:42:36.919" intervalms="34.313" />
  <attribute name="GC Util" value="1" />
  <attribute name="CPU Util" value="534312386344" />
  <attribute name="Time Running"value="17985"/>
  <attribute name="Number of cores"value="4"/>
<gc-start id="5860" type="scavenge" contextid="5859" timestamp="2019-07-02T20:42:36.919">
  <mem-info id="5861" free="7522880" total="44826624" percent="16">
    <mem type="nursery" free="0" total="18612224" percent="0">
      <mem type="allocate" free="0" total="16711680" percent="0" />
      <mem type="survivor" free="0" total="1900544" percent="0" />
    </mem>
    <mem type="tenure" free="7522880" total="26214400" percent="28">
      <mem type="soa" free="6212160" total="24903680" percent="24" />
      <mem type="loa" free="1310720" total="1310720" percent="100" />
    </mem>
    <remembered-set count="94" />
  </mem-info>
</gc-start>
<allocation-stats totalBytes="16667728" >
  <allocated-bytes non-tlh="56" tlh="16667672" />
  <largest-consumer threadName="main" threadId="00000000022F5700" bytes="16667728" />
</allocation-stats>
<gc-op id="5862" type="scavenge" timems="0.225" contextid="5859" timestamp="2019-07-02T20:42:36.919">
  <scavenger-info tenureage="3" tenuremask="fff8" tiltratio="89" />
  <memory-copied type="nursery" objects="9" bytes="688" bytesdiscarded="38480" />
  <memory-copied type="tenure" objects="24" bytes="704" bytesdiscarded="0" />
</gc-op>
<gc-end id="5863" type="scavenge" contextid="5859" durationms="0.621" usertimems="0.000" systemtimems="0.000" timestamp="2019-07-02T20:42:36.919" activeThreads="4">
  <mem-info id="5864" free="24195392" total="44826624" percent="53">
    <mem type="nursery" free="16672512" total="18612224" percent="89">
      <mem type="allocate" free="16672512" total="16711680" percent="99" />
      <mem type="survivor" free="0" total="1900544" percent="0" />
    </mem>
    <mem type="tenure" free="7522880" total="26214400" percent="28">
      <mem type="soa" free="6212160" total="24903680" percent="24" />
      <mem type="loa" free="1310720" total="1310720" percent="100" />
    </mem>
    <remembered-set count="93" />
  </mem-info>
</gc-end>
<cycle-end id="5865" type="scavenge" contextid="5859" timestamp="2019-07-02T20:42:36.920">
  <attribute name="GC Util" value="1" />
  <attribute name="CPU Util" value="537549601224" />
  <attribute name="Time Running"value="18019"/>
  <attribute name="Number of cores"value="4"/>
</cycle-end>
<allocation-satisfied id="5866" threadId="00000000022F5700" bytesRequested="56" />
<af-end id="5867" timestamp="2019-07-02T20:42:36.920" threadId="00000000022F6088" success="true" from="nursery"/>
<exclusive-end id="5868" timestamp="2019-07-02T20:42:36.920" durationms="1.354" />

<exclusive-start id="5869" timestamp="2019-07-02T20:42:36.931" intervalms="13.030">
  <response-info timems="0.070" idlems="0.070" threads="0" lastid="00000000022F5700" lastname="main" />
</exclusive-start>
<af-start id="5870" threadId="00000000022F6088" totalBytesRequested="24" timestamp="2019-07-02T20:42:36.932" intervalms="13.027" type="nursery" />
<cycle-start id="5871" type="scavenge" contextid="0" timestamp="2019-07-02T20:42:36.932" intervalms="13.023" />
  <attribute name="GC Util" value="1" />
  <attribute name="CPU Util" value="537549601224" />
  <attribute name="Time Running"value="18019"/>
  <attribute name="Number of cores"value="4"/>
<gc-start id="5872" type="scavenge" contextid="5871" timestamp="2019-07-02T20:42:36.932">
  <mem-info id="5873" free="7522880" total="44826624" percent="16">
    <mem type="nursery" free="0" total="18612224" percent="0">
      <mem type="allocate" free="0" total="16711680" percent="0" />
      <mem type="survivor" free="0" total="1900544" percent="0" />
    </mem>
    <mem type="tenure" free="7522880" total="26214400" percent="28">
      <mem type="soa" free="6212160" total="24903680" percent="24" />
      <mem type="loa" free="1310720" total="1310720" percent="100" />
    </mem>
    <remembered-set count="97" />
  </mem-info>
</gc-start>
<allocation-stats totalBytes="16660848" >
  <allocated-bytes non-tlh="56" tlh="16660792" />
  <largest-consumer threadName="main" threadId="00000000022F5700" bytes="16660848" />
</allocation-stats>
<gc-op id="5874" type="scavenge" timems="0.192" contextid="5871" timestamp="2019-07-02T20:42:36.932">
  <scavenger-info tenureage="3" tenuremask="ffe8" tiltratio="89" />
  <memory-copied type="nursery" objects="30" bytes="1376" bytesdiscarded="37792" />
</gc-op>
<gc-end id="5875" type="scavenge" contextid="5871" durationms="0.565" usertimems="0.000" systemtimems="0.000" timestamp="2019-07-02T20:42:36.932" activeThreads="4">
  <mem-info id="5876" free="24195392" total="44826624" percent="53">
    <mem type="nursery" free="16672512" total="18612224" percent="89">
      <mem type="allocate" free="16672512" total="16711680" percent="99" />
      <mem type="survivor" free="0" total="1900544" percent="0" />
    </mem>
    <mem type="tenure" free="7522880" total="26214400" percent="28">
      <mem type="soa" free="6212160" total="24903680" percent="24" />
      <mem type="loa" free="1310720" total="1310720" percent="100" />
    </mem>
    <remembered-set count="97" />
  </mem-info>
</gc-end>
<cycle-end id="5877" type="scavenge" contextid="5871" timestamp="2019-07-02T20:42:36.932">
  <attribute name="GC Util" value="3" />
  <attribute name="CPU Util" value="1419051152536" />
  <attribute name="Time Running"value="18032"/>
  <attribute name="Number of cores"value="4"/>
</cycle-end>
<allocation-satisfied id="5878" threadId="00000000022F5700" bytesRequested="24" />
<af-end id="5879" timestamp="2019-07-02T20:42:36.933" threadId="00000000022F6088" success="true" from="nursery"/>
<exclusive-end id="5880" timestamp="2019-07-02T20:42:36.933" durationms="1.294" />

<exclusive-start id="5881" timestamp="2019-07-02T20:42:36.937" intervalms="5.497">
  <response-info timems="0.021" idlems="0.021" threads="0" lastid="00000000022F5700" lastname="main" />
</exclusive-start>
<af-start id="5882" threadId="00000000022F6088" totalBytesRequested="408" timestamp="2019-07-02T20:42:36.937" intervalms="5.420" type="nursery" />
<cycle-start id="5883" type="scavenge" contextid="0" timestamp="2019-07-02T20:42:36.937" intervalms="5.424" />
  <attribute name="GC Util" value="3" />
  <attribute name="CPU Util" value="1419051152536" />
  <attribute name="Time Running"value="18032"/>
  <attribute name="Number of cores"value="4"/>
<gc-start id="5884" type="scavenge" contextid="5883" timestamp="2019-07-02T20:42:36.937">
  <mem-info id="5885" free="7522880" total="44826624" percent="16">
    <mem type="nursery" free="0" total="18612224" percent="0">
      <mem type="allocate" free="0" total="16711680" percent="0" />
      <mem type="survivor" free="0" total="1900544" percent="0" />
    </mem>
    <mem type="tenure" free="7522880" total="26214400" percent="28">
      <mem type="soa" free="6212160" total="24903680" percent="24" />
      <mem type="loa" free="1310720" total="1310720" percent="100" />
    </mem>
    <remembered-set count="97" />
  </mem-info>
</gc-start>
<allocation-stats totalBytes="16660136" >
  <allocated-bytes non-tlh="24" tlh="16660112" />
  <largest-consumer threadName="main" threadId="00000000022F5700" bytes="16660136" />
</allocation-stats>
<gc-op id="5886" type="scavenge" timems="0.186" contextid="5883" timestamp="2019-07-02T20:42:36.938">
  <scavenger-info tenureage="3" tenuremask="fff8" tiltratio="89" />
  <memory-copied type="nursery" objects="30" bytes="1360" bytesdiscarded="37808" />
</gc-op>
<gc-end id="5887" type="scavenge" contextid="5883" durationms="0.544" usertimems="0.000" systemtimems="0.000" timestamp="2019-07-02T20:42:36.938" activeThreads="4">
  <mem-info id="5888" free="24195392" total="44826624" percent="53">
    <mem type="nursery" free="16672512" total="18612224" percent="89">
      <mem type="allocate" free="16672512" total="16711680" percent="99" />
      <mem type="survivor" free="0" total="1900544" percent="0" />
    </mem>
    <mem type="tenure" free="7522880" total="26214400" percent="28">
      <mem type="soa" free="6212160" total="24903680" percent="24" />
      <mem type="loa" free="1310720" total="1310720" percent="100" />
    </mem>
    <remembered-set count="92" />
  </mem-info>
</gc-end>
<cycle-end id="5889" type="scavenge" contextid="5883" timestamp="2019-07-02T20:42:36.938">
  <attribute name="GC Util" value="8" />
  <attribute name="CPU Util" value="3461263319112" />
  <attribute name="Time Running"value="18038"/>
  <attribute name="Number of cores"value="4"/>
</cycle-end>
<allocation-satisfied id="5890" threadId="00000000022F5700" bytesRequested="408" />
<af-end id="5891" timestamp="2019-07-02T20:42:36.938" threadId="00000000022F6088" success="true" from="nursery"/>
<exclusive-end id="5892" timestamp="2019-07-02T20:42:36.938" durationms="1.152" />

<exclusive-start id="5893" timestamp="2019-07-02T20:42:36.942" intervalms="5.381">
  <response-info timems="0.055" idlems="0.055" threads="0" lastid="00000000022F5700" lastname="main" />
</exclusive-start>
<af-start id="5894" threadId="00000000022F6088" totalBytesRequested="408" timestamp="2019-07-02T20:42:36.942" intervalms="5.390" type="nursery" />
<cycle-start id="5895" type="scavenge" contextid="0" timestamp="2019-07-02T20:42:36.942" intervalms="5.390" />
  <attribute name="GC Util" value="8" />
  <attribute name="CPU Util" value="3461263319112" />
  <attribute name="Time Running"value="18038"/>
  <attribute name="Number of cores"value="4"/>
<gc-start id="5896" type="scavenge" contextid="5895" timestamp="2019-07-02T20:42:36.943">
  <mem-info id="5897" free="7522880" total="44826624" percent="16">
    <mem type="nursery" free="0" total="18612224" percent="0">
      <mem type="allocate" free="0" total="16711680" percent="0" />
      <mem type="survivor" free="0" total="1900544" percent="0" />
    </mem>
    <mem type="tenure" free="7522880" total="26214400" percent="28">
      <mem type="soa" free="6212160" total="24903680" percent="24" />
      <mem type="loa" free="1310720" total="1310720" percent="100" />
    </mem>
    <remembered-set count="92" />
  </mem-info>
</gc-start>
<allocation-stats totalBytes="16659448" >
  <allocated-bytes non-tlh="408" tlh="16659040" />
  <largest-consumer threadName="main" threadId="00000000022F5700" bytes="16659448" />
</allocation-stats>
<gc-op id="5898" type="scavenge" timems="0.180" contextid="5895" timestamp="2019-07-02T20:42:36.943">
  <scavenger-info tenureage="3" tenuremask="fff8" tiltratio="89" />
  <memory-copied type="nursery" objects="30" bytes="1360" bytesdiscarded="76976" />
</gc-op>
<gc-end id="5899" type="scavenge" contextid="5895" durationms="0.348" usertimems="0.000" systemtimems="0.000" timestamp="2019-07-02T20:42:36.943" activeThreads="4">
  <mem-info id="5900" free="24156224" total="44826624" percent="53">
    <mem type="nursery" free="16633344" total="18612224" percent="89">
      <mem type="allocate" free="16633344" total="16711680" percent="99" />
      <mem type="survivor" free="0" total="1900544" percent="0" />
    </mem>
    <mem type="tenure" free="7522880" total="26214400" percent="28">
      <mem type="soa" free="6212160" total="24903680" percent="24" />
      <mem type="loa" free="1310720" total="1310720" percent="100" />
    </mem>
    <remembered-set count="92" />
  </mem-info>
</gc-end>
<cycle-end id="5901" type="scavenge" contextid="5895" timestamp="2019-07-02T20:42:36.943">
  <attribute name="GC Util" value="7" />
  <attribute name="CPU Util" value="3515673814182" />
  <attribute name="Time Running"value="18043"/>
  <attribute name="Number of cores"value="4"/>
</cycle-end>
<allocation-satisfied id="5902" threadId="00000000022F5700" bytesRequested="408" />
<af-end id="5903" timestamp="2019-07-02T20:42:36.943" threadId="00000000022F6088" success="true" from="nursery"/>
<exclusive-end id="5904" timestamp="2019-07-02T20:42:36.943" durationms="0.920" />

<exclusive-start id="5905" timestamp="2019-07-02T20:42:36.947" intervalms="5.128">
  <response-info timems="0.020" idlems="0.020" threads="0" lastid="00000000022F5700" lastname="main" />
</exclusive-start>
<af-start id="5906" threadId="00000000022F6088" totalBytesRequested="408" timestamp="2019-07-02T20:42:36.947" intervalms="5.119" type="nursery" />
<cycle-start id="5907" type="scavenge" contextid="0" timestamp="2019-07-02T20:42:36.948" intervalms="5.115" />
  <attribute name="GC Util" value="7" />
  <attribute name="CPU Util" value="3515673814182" />
  <attribute name="Time Running"value="18043"/>
  <attribute name="Number of cores"value="4"/>
<gc-start id="5908" type="scavenge" contextid="5907" timestamp="2019-07-02T20:42:36.948">
  <mem-info id="5909" free="7522880" total="44826624" percent="16">
    <mem type="nursery" free="0" total="18612224" percent="0">
      <mem type="allocate" free="0" total="16711680" percent="0" />
      <mem type="survivor" free="0" total="1900544" percent="0" />
    </mem>
    <mem type="tenure" free="7522880" total="26214400" percent="28">
      <mem type="soa" free="6212160" total="24903680" percent="24" />
      <mem type="loa" free="1310720" total="1310720" percent="100" />
    </mem>
    <remembered-set count="92" />
  </mem-info>
</gc-start>
<allocation-stats totalBytes="16620120" >
  <allocated-bytes non-tlh="408" tlh="16619712" />
  <largest-consumer threadName="main" threadId="00000000022F5700" bytes="16620120" />
</allocation-stats>
<gc-op id="5910" type="scavenge" timems="0.203" contextid="5907" timestamp="2019-07-02T20:42:36.948">
  <scavenger-info tenureage="3" tenuremask="fff8" tiltratio="89" />
  <memory-copied type="nursery" objects="5" bytes="520" bytesdiscarded="77816" />
  <memory-copied type="tenure" objects="25" bytes="1216" bytesdiscarded="0" />
</gc-op>
<gc-end id="5911" type="scavenge" contextid="5907" durationms="0.387" usertimems="0.000" systemtimems="0.000" timestamp="2019-07-02T20:42:36.948" activeThreads="4">
  <mem-info id="5912" free="24156224" total="44826624" percent="53">
    <mem type="nursery" free="16633344" total="18612224" percent="89">
      <mem type="allocate" free="16633344" total="16711680" percent="99" />
      <mem type="survivor" free="0" total="1900544" percent="0" />
    </mem>
    <mem type="tenure" free="7522880" total="26214400" percent="28">
      <mem type="soa" free="6212160" total="24903680" percent="24" />
      <mem type="loa" free="1310720" total="1310720" percent="100" />
    </mem>
    <remembered-set count="94" />
  </mem-info>
</gc-end>
<cycle-end id="5913" type="scavenge" contextid="5907" timestamp="2019-07-02T20:42:36.948">
  <attribute name="GC Util" value="8" />
  <attribute name="CPU Util" value="3597319303258" />
  <attribute name="Time Running"value="18048"/>
  <attribute name="Number of cores"value="4"/>
</cycle-end>
<allocation-satisfied id="5914" threadId="00000000022F5700" bytesRequested="408" />
<af-end id="5915" timestamp="2019-07-02T20:42:36.948" threadId="00000000022F6088" success="true" from="nursery"/>
<exclusive-end id="5916" timestamp="2019-07-02T20:42:36.948" durationms="0.958" />

<exclusive-start id="5917" timestamp="2019-07-02T20:42:36.960" intervalms="12.699">
  <response-info timems="0.022" idlems="0.022" threads="0" lastid="00000000022F5700" lastname="main" />
</exclusive-start>
<af-start id="5918" threadId="00000000022F6088" totalBytesRequested="2016" timestamp="2019-07-02T20:42:36.960" intervalms="12.807" type="nursery" />
<cycle-start id="5919" type="scavenge" contextid="0" timestamp="2019-07-02T20:42:36.960" intervalms="12.810" />
  <attribute name="GC Util" value="8" />
  <attribute name="CPU Util" value="3597319303258" />
  <attribute name="Time Running"value="18048"/>
  <attribute name="Number of cores"value="4"/>
<gc-start id="5920" type="scavenge" contextid="5919" timestamp="2019-07-02T20:42:36.961">
  <mem-info id="5921" free="7522880" total="44826624" percent="16">
    <mem type="nursery" free="0" total="18612224" percent="0">
      <mem type="allocate" free="0" total="16711680" percent="0" />
      <mem type="survivor" free="0" total="1900544" percent="0" />
    </mem>
    <mem type="tenure" free="7522880" total="26214400" percent="28">
      <mem type="soa" free="6212160" total="24903680" percent="24" />
      <mem type="loa" free="1310720" total="1310720" percent="100" />
    </mem>
    <remembered-set count="100" />
  </mem-info>
</gc-start>
<allocation-stats totalBytes="16616472" >
  <allocated-bytes non-tlh="408" tlh="16616064" />
  <largest-consumer threadName="main" threadId="00000000022F5700" bytes="16616472" />
</allocation-stats>
<gc-op id="5922" type="scavenge" timems="0.188" contextid="5919" timestamp="2019-07-02T20:42:36.961">
  <scavenger-info tenureage="3" tenuremask="ffe8" tiltratio="89" />
  <memory-copied type="nursery" objects="43" bytes="12352" bytesdiscarded="26816" />
  <references type="weak" candidates="2" cleared="0" enqueued="0" />
</gc-op>
<gc-end id="5923" type="scavenge" contextid="5919" durationms="0.570" usertimems="4.000" systemtimems="0.000" timestamp="2019-07-02T20:42:36.961" activeThreads="4">
  <mem-info id="5924" free="24195392" total="44826624" percent="53">
    <mem type="nursery" free="16672512" total="18612224" percent="89">
      <mem type="allocate" free="16672512" total="16711680" percent="99" />
      <mem type="survivor" free="0" total="1900544" percent="0" />
    </mem>
    <mem type="tenure" free="7522880" total="26214400" percent="28">
      <mem type="soa" free="6212160" total="24903680" percent="24" />
      <mem type="loa" free="1310720" total="1310720" percent="100" />
    </mem>
    <remembered-set count="100" />
  </mem-info>
</gc-end>
<cycle-end id="5925" type="scavenge" contextid="5919" timestamp="2019-07-02T20:42:36.961">
  <attribute name="GC Util" value="3" />
  <attribute name="CPU Util" value="1414113799648" />
  <attribute name="Time Running"value="18061"/>
  <attribute name="Number of cores"value="4"/>
</cycle-end>
<allocation-satisfied id="5926" threadId="00000000022F5700" bytesRequested="2016" />
<af-end id="5927" timestamp="2019-07-02T20:42:36.961" threadId="00000000022F6088" success="true" from="nursery"/>
<exclusive-end id="5928" timestamp="2019-07-02T20:42:36.961" durationms="1.416" />

<exclusive-start id="5929" timestamp="2019-07-02T20:42:36.991" intervalms="30.899">
  <response-info timems="0.022" idlems="0.022" threads="0" lastid="00000000022F5700" lastname="main" />
</exclusive-start>
<af-start id="5930" threadId="00000000022F6088" totalBytesRequested="2016" timestamp="2019-07-02T20:42:36.991" intervalms="30.882" type="nursery" />
<cycle-start id="5931" type="scavenge" contextid="0" timestamp="2019-07-02T20:42:36.991" intervalms="30.884" />
  <attribute name="GC Util" value="3" />
  <attribute name="CPU Util" value="1414113799648" />
  <attribute name="Time Running"value="18061"/>
  <attribute name="Number of cores"value="4"/>
<gc-start id="5932" type="scavenge" contextid="5931" timestamp="2019-07-02T20:42:36.991">
  <mem-info id="5933" free="7522880" total="44826624" percent="16">
    <mem type="nursery" free="0" total="18612224" percent="0">
      <mem type="allocate" free="0" total="16711680" percent="0" />
      <mem type="survivor" free="0" total="1900544" percent="0" />
    </mem>
    <mem type="tenure" free="7522880" total="26214400" percent="28">
      <mem type="soa" free="6212160" total="24903680" percent="24" />
      <mem type="loa" free="1310720" total="1310720" percent="100" />
    </mem>
    <remembered-set count="100" />
  </mem-info>
</gc-start>
<allocation-stats totalBytes="16645552" >
  <allocated-bytes non-tlh="2016" tlh="16643536" />
  <largest-consumer threadName="main" threadId="00000000022F5700" bytes="16645552" />
</allocation-stats>
<gc-op id="5934" type="scavenge" timems="0.244" contextid="5931" timestamp="2019-07-02T20:42:36.992">
  <scavenger-info tenureage="3" tenuremask="fff8" tiltratio="89" />
  <memory-copied type="nursery" objects="41" bytes="8320" bytesdiscarded="135472" />
  <references type="weak" candidates="2" cleared="0" enqueued="0" />
</gc-op>
<gc-end id="5935" type="scavenge" contextid="5931" durationms="0.594" usertimems="0.000" systemtimems="0.000" timestamp="2019-07-02T20:42:36.992" activeThreads="4">
  <mem-info id="5936" free="24090768" total="44826624" percent="53">
    <mem type="nursery" free="16567888" total="18612224" percent="89">
      <mem type="allocate" free="16567888" total="16711680" percent="99" />
      <mem type="survivor" free="0" total="1900544" percent="0" />
    </mem>
    <mem type="tenure" free="7522880" total="26214400" percent="28">
      <mem type="soa" free="6212160" total="24903680" percent="24" />
      <mem type="loa" free="1310720" total="1310720" percent="100" />
    </mem>
    <remembered-set count="93" />
  </mem-info>
</gc-end>
<cycle-end id="5937" type="scavenge" contextid="5931" timestamp="2019-07-02T20:42:36.992">
  <attribute name="GC Util" value="1" />
  <attribute name="CPU Util" value="596976037377" />
  <attribute name="Time Running"value="18092"/>
  <attribute name="Number of cores"value="4"/>
</cycle-end>
<allocation-satisfied id="5938" threadId="00000000022F5700" bytesRequested="2016" />
<af-end id="5939" timestamp="2019-07-02T20:42:36.992" threadId="00000000022F6088" success="true" from="nursery"/>
<exclusive-end id="5940" timestamp="2019-07-02T20:42:36.992" durationms="1.497" />

<exclusive-start id="5941" timestamp="2019-07-02T20:42:37.022" intervalms="30.796">
  <response-info timems="0.017" idlems="0.017" threads="0" lastid="00000000022F5700" lastname="main" />
</exclusive-start>
<af-start id="5942" threadId="00000000022F6088" totalBytesRequested="1008" timestamp="2019-07-02T20:42:37.022" intervalms="30.791" type="nursery" />
<cycle-start id="5943" type="scavenge" contextid="0" timestamp="2019-07-02T20:42:37.022" intervalms="30.791" />
  <attribute name="GC Util" value="1" />
  <attribute name="CPU Util" value="596976037377" />
  <attribute name="Time Running"value="18092"/>
  <attribute name="Number of cores"value="4"/>
<gc-start id="5944" type="scavenge" contextid="5943" timestamp="2019-07-02T20:42:37.022">
  <mem-info id="5945" free="7522880" total="44826624" percent="16">
    <mem type="nursery" free="0" total="18612224" percent="0">
      <mem type="allocate" free="0" total="16711680" percent="0" />
      <mem type="survivor" free="0" total="1900544" percent="0" />
    </mem>
    <mem type="tenure" free="7522880" total="26214400" percent="28">
      <mem type="soa" free="6212160" total="24903680" percent="24" />
      <mem type="loa" free="1310720" total="1310720" percent="100" />
    </mem>
    <remembered-set count="93" />
  </mem-info>
</gc-start>
<allocation-stats totalBytes="16545432" >
  <allocated-bytes non-tlh="2016" tlh="16543416" />
  <largest-consumer threadName="main" threadId="00000000022F5700" bytes="16545432" />
</allocation-stats>
<gc-op id="5946" type="scavenge" timems="0.395" contextid="5943" timestamp="2019-07-02T20:42:37.023">
  <scavenger-info tenureage="3" tenuremask="fff8" tiltratio="89" />
  <memory-copied type="nursery" objects="39" bytes="4304" bytesdiscarded="104752" />
  <references type="weak" candidates="2" cleared="0" enqueued="0" />
</gc-op>
<gc-end id="5947" type="scavenge" contextid="5943" durationms="0.962" usertimems="0.000" systemtimems="0.000" timestamp="2019-07-02T20:42:37.023" activeThreads="4">
  <mem-info id="5948" free="24125504" total="44826624" percent="53">
    <mem type="nursery" free="16602624" total="18612224" percent="89">
      <mem type="allocate" free="16602624" total="16711680" percent="99" />
      <mem type="survivor" free="0" total="1900544" percent="0" />
    </mem>
    <mem type="tenure" free="7522880" total="26214400" percent="28" macro-fragmented="0">
      <mem type="soa" free="6212160" total="24903680" percent="24" />
      <mem type="loa" free="1310720" total="1310720" percent="100" />
    </mem>
    <remembered-set count="93" />
  </mem-info>
</gc-end>
<cycle-end id="5949" type="scavenge" contextid="5943" timestamp="2019-07-02T20:42:37.023">
  <attribute name="GC Util" value="1" />
  <attribute name="CPU Util" value="599621018833" />
  <attribute name="Time Running"value="18123"/>
  <attribute name="Number of cores"value="4"/>
</cycle-end>
<allocation-satisfied id="5950" threadId="00000000022F5700" bytesRequested="1008" />
<af-end id="5951" timestamp="2019-07-02T20:42:37.023" threadId="00000000022F6088" success="true" from="nursery"/>
<exclusive-end id="5952" timestamp="2019-07-02T20:42:37.023" durationms="1.614" />

<exclusive-start id="5953" timestamp="2019-07-02T20:42:37.054" intervalms="31.957">
  <response-info timems="0.065" idlems="0.065" threads="0" lastid="00000000022F5700" lastname="main" />
</exclusive-start>
<af-start id="5954" threadId="00000000022F6088" totalBytesRequested="2008" timestamp="2019-07-02T20:42:37.054" intervalms="31.984" type="nursery" />
<cycle-start id="5955" type="scavenge" contextid="0" timestamp="2019-07-02T20:42:37.054" intervalms="31.965" />
  <attribute name="GC Util" value="1" />
  <attribute name="CPU Util" value="599621018833" />
  <attribute name="Time Running"value="18123"/>
  <attribute name="Number of cores"value="4"/>
<gc-start id="5956" type="scavenge" contextid="5955" timestamp="2019-07-02T20:42:37.054">
  <mem-info id="5957" free="7522880" total="44826624" percent="16">
    <mem type="nursery" free="0" total="18612224" percent="0">
      <mem type="allocate" free="0" total="16711680" percent="0" />
      <mem type="survivor" free="0" total="1900544" percent="0" />
    </mem>
    <mem type="tenure" free="7522880" total="26214400" percent="28">
      <mem type="soa" free="6212160" total="24903680" percent="24" />
      <mem type="loa" free="1310720" total="1310720" percent="100" />
    </mem>
    <remembered-set count="93" />
  </mem-info>
</gc-start>
<allocation-stats totalBytes="16573216" >
  <allocated-bytes non-tlh="1008" tlh="16572208" />
  <largest-consumer threadName="main" threadId="00000000022F5700" bytes="16573216" />
</allocation-stats>
<gc-op id="5958" type="scavenge" timems="0.217" contextid="5955" timestamp="2019-07-02T20:42:37.055">
  <scavenger-info tenureage="3" tenuremask="fff8" tiltratio="89" />
  <memory-copied type="nursery" objects="1" bytes="32" bytesdiscarded="69856" />
  <memory-copied type="tenure" objects="38" bytes="4272" bytesdiscarded="0" />
</gc-op>
<gc-end id="5959" type="scavenge" contextid="5955" durationms="0.657" usertimems="0.000" systemtimems="0.000" timestamp="2019-07-02T20:42:37.055" activeThreads="4">
  <mem-info id="5960" free="24164672" total="44826624" percent="53">
    <mem type="nursery" free="16641792" total="18612224" percent="89">
      <mem type="allocate" free="16641792" total="16711680" percent="99" />
      <mem type="survivor" free="0" total="1900544" percent="0" />
    </mem>
    <mem type="tenure" free="7522880" total="26214400" percent="28" macro-fragmented="0">
      <mem type="soa" free="6212160" total="24903680" percent="24" />
      <mem type="loa" free="1310720" total="1310720" percent="100" />
    </mem>
    <remembered-set count="93" />
  </mem-info>
</gc-end>
<cycle-end id="5961" type="scavenge" contextid="5955" timestamp="2019-07-02T20:42:37.055">
  <attribute name="GC Util" value="2" />
  <attribute name="CPU Util" value="577090464570" />
  <attribute name="Time Running"value="18155"/>
  <attribute name="Number of cores"value="4"/>
</cycle-end>
<allocation-satisfied id="5962" threadId="00000000022F5700" bytesRequested="2008" />
<af-end id="5963" timestamp="2019-07-02T20:42:37.055" threadId="00000000022F6088" success="true" from="nursery"/>
<exclusive-end id="5964" timestamp="2019-07-02T20:42:37.055" durationms="1.628" />

<exclusive-start id="5965" timestamp="2019-07-02T20:42:37.082" intervalms="28.206">
  <response-info timems="0.055" idlems="0.055" threads="0" lastid="00000000022F5700" lastname="main" />
</exclusive-start>
<af-start id="5966" threadId="00000000022F6088" totalBytesRequested="1008" timestamp="2019-07-02T20:42:37.082" intervalms="28.181" type="nursery" />
<cycle-start id="5967" type="scavenge" contextid="0" timestamp="2019-07-02T20:42:37.082" intervalms="28.200" />
  <attribute name="GC Util" value="2" />
  <attribute name="CPU Util" value="577090464570" />
  <attribute name="Time Running"value="18155"/>
  <attribute name="Number of cores"value="4"/>
<gc-start id="5968" type="scavenge" contextid="5967" timestamp="2019-07-02T20:42:37.082">
  <mem-info id="5969" free="7522880" total="44826624" percent="16">
    <mem type="nursery" free="0" total="18612224" percent="0">
      <mem type="allocate" free="0" total="16711680" percent="0" />
      <mem type="survivor" free="0" total="1900544" percent="0" />
    </mem>
    <mem type="tenure" free="7522880" total="26214400" percent="28">
      <mem type="soa" free="6212160" total="24903680" percent="24" />
      <mem type="loa" free="1310720" total="1310720" percent="100" />
    </mem>
    <remembered-set count="94" />
  </mem-info>
</gc-start>
<allocation-stats totalBytes="16618160" >
  <allocated-bytes non-tlh="2008" tlh="16616152" />
  <largest-consumer threadName="main" threadId="00000000022F5700" bytes="16618160" />
</allocation-stats>
<gc-op id="5970" type="scavenge" timems="0.238" contextid="5967" timestamp="2019-07-02T20:42:37.083">
  <scavenger-info tenureage="3" tenuremask="ffe8" tiltratio="89" />
  <memory-copied type="nursery" objects="1" bytes="32" bytesdiscarded="39136" />
</gc-op>
<gc-end id="5971" type="scavenge" contextid="5967" durationms="0.595" usertimems="0.000" systemtimems="0.000" timestamp="2019-07-02T20:42:37.083" activeThreads="4">
  <mem-info id="5972" free="24195392" total="44826624" percent="53">
    <mem type="nursery" free="16672512" total="18612224" percent="89">
      <mem type="allocate" free="16672512" total="16711680" percent="99" />
      <mem type="survivor" free="0" total="1900544" percent="0" />
    </mem>
    <mem type="tenure" free="7522880" total="26214400" percent="28" macro-fragmented="27173">
      <mem type="soa" free="6212160" total="24903680" percent="24" />
      <mem type="loa" free="1310720" total="1310720" percent="100" />
    </mem>
    <remembered-set count="93" />
  </mem-info>
</gc-end>
<cycle-end id="5973" type="scavenge" contextid="5967" timestamp="2019-07-02T20:42:37.083">
  <attribute name="GC Util" value="2" />
  <attribute name="CPU Util" value="654655086359" />
  <attribute name="Time Running"value="18183"/>
  <attribute name="Number of cores"value="4"/>
</cycle-end>
<allocation-satisfied id="5974" threadId="00000000022F5700" bytesRequested="1008" />
<af-end id="5975" timestamp="2019-07-02T20:42:37.083" threadId="00000000022F6088" success="true" from="nursery"/>
<exclusive-end id="5976" timestamp="2019-07-02T20:42:37.083" durationms="1.406" />

<exclusive-start id="5977" timestamp="2019-07-02T20:42:37.134" intervalms="52.175">
  <response-info timems="0.080" idlems="0.080" threads="0" lastid="00000000022F5700" lastname="main" />
</exclusive-start>
<af-start id="5978" threadId="00000000022F6088" totalBytesRequested="32" timestamp="2019-07-02T20:42:37.134" intervalms="52.187" type="nursery" />
<cycle-start id="5979" type="scavenge" contextid="0" timestamp="2019-07-02T20:42:37.134" intervalms="52.186" />
  <attribute name="GC Util" value="2" />
  <attribute name="CPU Util" value="654655086359" />
  <attribute name="Time Running"value="18183"/>
  <attribute name="Number of cores"value="4"/>
<gc-start id="5980" type="scavenge" contextid="5979" timestamp="2019-07-02T20:42:37.135">
  <mem-info id="5981" free="7522880" total="44826624" percent="16">
    <mem type="nursery" free="0" total="18612224" percent="0">
      <mem type="allocate" free="0" total="16711680" percent="0" />
      <mem type="survivor" free="0" total="1900544" percent="0" />
    </mem>
    <mem type="tenure" free="7522880" total="26214400" percent="28">
      <mem type="soa" free="6212160" total="24903680" percent="24" />
      <mem type="loa" free="1310720" total="1310720" percent="100" />
    </mem>
    <remembered-set count="99" />
  </mem-info>
</gc-start>
<allocation-stats totalBytes="16655192" >
  <allocated-bytes non-tlh="1008" tlh="16654184" />
  <largest-consumer threadName="main" threadId="00000000022F5700" bytes="16655192" />
</allocation-stats>
<gc-op id="5982" type="scavenge" timems="0.197" contextid="5979" timestamp="2019-07-02T20:42:37.135">
  <scavenger-info tenureage="3" tenuremask="fff8" tiltratio="89" />
  <memory-copied type="nursery" objects="26" bytes="784" bytesdiscarded="38384" />
</gc-op>
<gc-end id="5983" type="scavenge" contextid="5979" durationms="0.624" usertimems="0.000" systemtimems="0.000" timestamp="2019-07-02T20:42:37.135" activeThreads="4">
  <mem-info id="5984" free="24195392" total="44826624" percent="53">
    <mem type="nursery" free="16672512" total="18612224" percent="89">
      <mem type="allocate" free="16672512" total="16711680" percent="99" />
      <mem type="survivor" free="0" total="1900544" percent="0" />
    </mem>
    <mem type="tenure" free="7522880" total="26214400" percent="28" macro-fragmented="0">
      <mem type="soa" free="6212160" total="24903680" percent="24" />
      <mem type="loa" free="1310720" total="1310720" percent="100" />
    </mem>
    <remembered-set count="97" />
  </mem-info>
</gc-end>
<cycle-end id="5985" type="scavenge" contextid="5979" timestamp="2019-07-02T20:42:37.135">
  <attribute name="GC Util" value="1" />
  <attribute name="CPU Util" value="353316963410" />
  <attribute name="Time Running"value="18235"/>
  <attribute name="Number of cores"value="4"/>
</cycle-end>
<allocation-satisfied id="5986" threadId="00000000022F5700" bytesRequested="32" />
<af-end id="5987" timestamp="2019-07-02T20:42:37.136" threadId="00000000022F6088" success="true" from="nursery"/>
<exclusive-end id="5988" timestamp="2019-07-02T20:42:37.136" durationms="1.701" />

<exclusive-start id="5989" timestamp="2019-07-02T20:42:37.190" intervalms="56.176">
  <response-info timems="0.070" idlems="0.070" threads="0" lastid="00000000022F5700" lastname="main" />
</exclusive-start>
<af-start id="5990" threadId="00000000022F6088" totalBytesRequested="16" timestamp="2019-07-02T20:42:37.190" intervalms="56.160" type="nursery" />
<cycle-start id="5991" type="scavenge" contextid="0" timestamp="2019-07-02T20:42:37.191" intervalms="56.202" />
  <attribute name="GC Util" value="1" />
  <attribute name="CPU Util" value="353316963410" />
  <attribute name="Time Running"value="18235"/>
  <attribute name="Number of cores"value="4"/>
<gc-start id="5992" type="scavenge" contextid="5991" timestamp="2019-07-02T20:42:37.191">
  <mem-info id="5993" free="7522880" total="44826624" percent="16">
    <mem type="nursery" free="0" total="18612224" percent="0">
      <mem type="allocate" free="0" total="16711680" percent="0" />
      <mem type="survivor" free="0" total="1900544" percent="0" />
    </mem>
    <mem type="tenure" free="7522880" total="26214400" percent="28">
      <mem type="soa" free="6212160" total="24903680" percent="24" />
      <mem type="loa" free="1310720" total="1310720" percent="100" />
    </mem>
    <remembered-set count="99" />
  </mem-info>
</gc-start>
<allocation-stats totalBytes="16670160" >
  <allocated-bytes non-tlh="32" tlh="16670128" />
  <largest-consumer threadName="main" threadId="00000000022F5700" bytes="16670160" />
</allocation-stats>
<gc-op id="5994" type="scavenge" timems="0.205" contextid="5991" timestamp="2019-07-02T20:42:37.191">
  <scavenger-info tenureage="3" tenuremask="fff8" tiltratio="89" />
  <memory-copied type="nursery" objects="33" bytes="1136" bytesdiscarded="38032" />
</gc-op>
<gc-end id="5995" type="scavenge" contextid="5991" durationms="0.719" usertimems="0.000" systemtimems="0.000" timestamp="2019-07-02T20:42:37.192" activeThreads="4">
  <mem-info id="5996" free="24195392" total="44826624" percent="53">
    <mem type="nursery" free="16672512" total="18612224" percent="89">
      <mem type="allocate" free="16672512" total="16711680" percent="99" />
      <mem type="survivor" free="0" total="1900544" percent="0" />
    </mem>
    <mem type="tenure" free="7522880" total="26214400" percent="28" macro-fragmented="0">
      <mem type="soa" free="6212160" total="24903680" percent="24" />
      <mem type="loa" free="1310720" total="1310720" percent="100" />
    </mem>
    <remembered-set count="94" />
  </mem-info>
</gc-end>
<cycle-end id="5997" type="scavenge" contextid="5991" timestamp="2019-07-02T20:42:37.192">
  <attribute name="GC Util" value="1" />
  <attribute name="CPU Util" value="327526085039" />
  <attribute name="Time Running"value="18291"/>
  <attribute name="Number of cores"value="4"/>
</cycle-end>
<allocation-satisfied id="5998" threadId="00000000022F5700" bytesRequested="16" />
<af-end id="5999" timestamp="2019-07-02T20:42:37.192" threadId="00000000022F6088" success="true" from="nursery"/>
<exclusive-end id="6000" timestamp="2019-07-02T20:42:37.192" durationms="1.676" />

<exclusive-start id="6001" timestamp="2019-07-02T20:42:37.226" intervalms="35.542">
  <response-info timems="0.059" idlems="0.059" threads="0" lastid="00000000022F5700" lastname="main" />
</exclusive-start>
<af-start id="6002" threadId="00000000022F6088" totalBytesRequested="80" timestamp="2019-07-02T20:42:37.226" intervalms="35.545" type="nursery" />
<cycle-start id="6003" type="scavenge" contextid="0" timestamp="2019-07-02T20:42:37.226" intervalms="35.508" />
  <attribute name="GC Util" value="1" />
  <attribute name="CPU Util" value="327526085039" />
  <attribute name="Time Running"value="18291"/>
  <attribute name="Number of cores"value="4"/>
<gc-start id="6004" type="scavenge" contextid="6003" timestamp="2019-07-02T20:42:37.226">
  <mem-info id="6005" free="7522880" total="44826624" percent="16">
    <mem type="nursery" free="0" total="18612224" percent="0">
      <mem type="allocate" free="0" total="16711680" percent="0" />
      <mem type="survivor" free="0" total="1900544" percent="0" />
    </mem>
    <mem type="tenure" free="7522880" total="26214400" percent="28">
      <mem type="soa" free="6212160" total="24903680" percent="24" />
      <mem type="loa" free="1310720" total="1310720" percent="100" />
    </mem>
    <remembered-set count="94" />
  </mem-info>
</gc-start>
<allocation-stats totalBytes="16669024" >
  <allocated-bytes non-tlh="16" tlh="16669008" />
  <largest-consumer threadName="main" threadId="00000000022F5700" bytes="16669024" />
</allocation-stats>
<gc-op id="6006" type="scavenge" timems="0.193" contextid="6003" timestamp="2019-07-02T20:42:37.227">
  <scavenger-info tenureage="3" tenuremask="fff8" tiltratio="89" />
  <memory-copied type="nursery" objects="40" bytes="1288" bytesdiscarded="37880" />
</gc-op>
<gc-end id="6007" type="scavenge" contextid="6003" durationms="0.690" usertimems="0.000" systemtimems="0.000" timestamp="2019-07-02T20:42:37.227" activeThreads="4">
  <mem-info id="6008" free="24195392" total="44826624" percent="53">
    <mem type="nursery" free="16672512" total="18612224" percent="89">
      <mem type="allocate" free="16672512" total="16711680" percent="99" />
      <mem type="survivor" free="0" total="1900544" percent="0" />
    </mem>
    <mem type="tenure" free="7522880" total="26214400" percent="28" macro-fragmented="0">
      <mem type="soa" free="6212160" total="24903680" percent="24" />
      <mem type="loa" free="1310720" total="1310720" percent="100" />
    </mem>
    <remembered-set count="94" />
  </mem-info>
</gc-end>
<cycle-end id="6009" type="scavenge" contextid="6003" timestamp="2019-07-02T20:42:37.227">
  <attribute name="GC Util" value="1" />
  <attribute name="CPU Util" value="520844223209" />
  <attribute name="Time Running"value="18327"/>
  <attribute name="Number of cores"value="4"/>
</cycle-end>
<allocation-satisfied id="6010" threadId="00000000022F5700" bytesRequested="80" />
<af-end id="6011" timestamp="2019-07-02T20:42:37.227" threadId="00000000022F6088" success="true" from="nursery"/>
<exclusive-end id="6012" timestamp="2019-07-02T20:42:37.227" durationms="1.511" />

<exclusive-start id="6013" timestamp="2019-07-02T20:42:37.261" intervalms="35.029">
  <response-info timems="0.099" idlems="0.099" threads="0" lastid="00000000022F5700" lastname="main" />
</exclusive-start>
<af-start id="6014" threadId="00000000022F6088" totalBytesRequested="16" timestamp="2019-07-02T20:42:37.261" intervalms="35.081" type="nursery" />
<cycle-start id="6015" type="scavenge" contextid="0" timestamp="2019-07-02T20:42:37.261" intervalms="35.116" />
  <attribute name="GC Util" value="1" />
  <attribute name="CPU Util" value="520844223209" />
  <attribute name="Time Running"value="18327"/>
  <attribute name="Number of cores"value="4"/>
<gc-start id="6016" type="scavenge" contextid="6015" timestamp="2019-07-02T20:42:37.261">
  <mem-info id="6017" free="7522880" total="44826624" percent="16">
    <mem type="nursery" free="0" total="18612224" percent="0">
      <mem type="allocate" free="0" total="16711680" percent="0" />
      <mem type="survivor" free="0" total="1900544" percent="0" />
    </mem>
    <mem type="tenure" free="7522880" total="26214400" percent="28">
      <mem type="soa" free="6212160" total="24903680" percent="24" />
      <mem type="loa" free="1310720" total="1310720" percent="100" />
    </mem>
    <remembered-set count="94" />
  </mem-info>
</gc-start>
<allocation-stats totalBytes="16669152" >
  <allocated-bytes non-tlh="80" tlh="16669072" />
  <largest-consumer threadName="main" threadId="00000000022F5700" bytes="16669152" />
</allocation-stats>
<gc-op id="6018" type="scavenge" timems="0.192" contextid="6015" timestamp="2019-07-02T20:42:37.262">
  <scavenger-info tenureage="3" tenuremask="fff8" tiltratio="89" />
  <memory-copied type="nursery" objects="22" bytes="768" bytesdiscarded="77568" />
  <memory-copied type="tenure" objects="7" bytes="160" bytesdiscarded="0" />
</gc-op>
<gc-end id="6019" type="scavenge" contextid="6015" durationms="0.705" usertimems="0.000" systemtimems="0.000" timestamp="2019-07-02T20:42:37.262" activeThreads="4">
  <mem-info id="6020" free="24156224" total="44826624" percent="53">
    <mem type="nursery" free="16633344" total="18612224" percent="89">
      <mem type="allocate" free="16633344" total="16711680" percent="99" />
      <mem type="survivor" free="0" total="1900544" percent="0" />
    </mem>
    <mem type="tenure" free="7522880" total="26214400" percent="28" macro-fragmented="0">
      <mem type="soa" free="6212160" total="24903680" percent="24" />
      <mem type="loa" free="1310720" total="1310720" percent="100" />
    </mem>
    <remembered-set count="90" />
  </mem-info>
</gc-end>
<cycle-end id="6021" type="scavenge" contextid="6015" timestamp="2019-07-02T20:42:37.262">
  <attribute name="GC Util" value="1" />
  <attribute name="CPU Util" value="524564547234" />
  <attribute name="Time Running"value="18362"/>
  <attribute name="Number of cores"value="4"/>
</cycle-end>
<allocation-satisfied id="6022" threadId="00000000022F5700" bytesRequested="16" />
<af-end id="6023" timestamp="2019-07-02T20:42:37.263" threadId="00000000022F6088" success="true" from="nursery"/>
<exclusive-end id="6024" timestamp="2019-07-02T20:42:37.263" durationms="1.725" />

<exclusive-start id="6025" timestamp="2019-07-02T20:42:37.316" intervalms="55.154">
  <response-info timems="0.088" idlems="0.088" threads="0" lastid="00000000022F5700" lastname="main" />
</exclusive-start>
<af-start id="6026" threadId="00000000022F6088" totalBytesRequested="40" timestamp="2019-07-02T20:42:37.316" intervalms="55.189" type="nursery" />
<cycle-start id="6027" type="scavenge" contextid="0" timestamp="2019-07-02T20:42:37.316" intervalms="55.203" />
  <attribute name="GC Util" value="1" />
  <attribute name="CPU Util" value="524564547234" />
  <attribute name="Time Running"value="18362"/>
  <attribute name="Number of cores"value="4"/>
<gc-start id="6028" type="scavenge" contextid="6027" timestamp="2019-07-02T20:42:37.317">
  <mem-info id="6029" free="7522880" total="44826624" percent="16">
    <mem type="nursery" free="0" total="18612224" percent="0">
      <mem type="allocate" free="0" total="16711680" percent="0" />
      <mem type="survivor" free="0" total="1900544" percent="0" />
    </mem>
    <mem type="tenure" free="7522880" total="26214400" percent="28">
      <mem type="soa" free="6212160" total="24903680" percent="24" />
      <mem type="loa" free="1310720" total="1310720" percent="100" />
    </mem>
    <remembered-set count="90" />
  </mem-info>
</gc-start>
<allocation-stats totalBytes="16629696" >
  <allocated-bytes non-tlh="16" tlh="16629680" />
  <largest-consumer threadName="main" threadId="00000000022F5700" bytes="16629696" />
</allocation-stats>
<gc-op id="6030" type="scavenge" timems="0.331" contextid="6027" timestamp="2019-07-02T20:42:37.317">
  <scavenger-info tenureage="3" tenuremask="ffe8" tiltratio="89" />
  <memory-copied type="nursery" objects="4" bytes="200" bytesdiscarded="78136" />
  <memory-copied type="tenure" objects="20" bytes="664" bytesdiscarded="0" />
</gc-op>
<gc-end id="6031" type="scavenge" contextid="6027" durationms="0.936" usertimems="0.000" systemtimems="0.000" timestamp="2019-07-02T20:42:37.318" activeThreads="4">
  <mem-info id="6032" free="24156224" total="44826624" percent="53">
    <mem type="nursery" free="16633344" total="18612224" percent="89">
      <mem type="allocate" free="16633344" total="16711680" percent="99" />
      <mem type="survivor" free="0" total="1900544" percent="0" />
    </mem>
    <mem type="tenure" free="7522880" total="26214400" percent="28" macro-fragmented="0">
      <mem type="soa" free="6212160" total="24903680" percent="24" />
      <mem type="loa" free="1310720" total="1310720" percent="100" />
    </mem>
    <remembered-set count="93" />
  </mem-info>
</gc-end>
<cycle-end id="6033" type="scavenge" contextid="6027" timestamp="2019-07-02T20:42:37.318">
  <attribute name="GC Util" value="1" />
  <attribute name="CPU Util" value="333597099823" />
  <attribute name="Time Running"value="18417"/>
  <attribute name="Number of cores"value="4"/>
</cycle-end>
<allocation-satisfied id="6034" threadId="00000000022F5700" bytesRequested="40" />
<af-end id="6035" timestamp="2019-07-02T20:42:37.318" threadId="00000000022F6088" success="true" from="nursery"/>
<exclusive-end id="6036" timestamp="2019-07-02T20:42:37.318" durationms="2.143" />

<exclusive-start id="6037" timestamp="2019-07-02T20:42:37.353" intervalms="37.433">
  <response-info timems="0.061" idlems="0.061" threads="0" lastid="00000000022F5700" lastname="main" />
</exclusive-start>
<af-start id="6038" threadId="00000000022F6088" totalBytesRequested="24" timestamp="2019-07-02T20:42:37.354" intervalms="37.401" type="nursery" />
<cycle-start id="6039" type="scavenge" contextid="0" timestamp="2019-07-02T20:42:37.354" intervalms="37.388" />
  <attribute name="GC Util" value="1" />
  <attribute name="CPU Util" value="333597099823" />
  <attribute name="Time Running"value="18417"/>
  <attribute name="Number of cores"value="4"/>
<gc-start id="6040" type="scavenge" contextid="6039" timestamp="2019-07-02T20:42:37.354">
  <mem-info id="6041" free="7522880" total="44826624" percent="16">
    <mem type="nursery" free="0" total="18612224" percent="0">
      <mem type="allocate" free="0" total="16711680" percent="0" />
      <mem type="survivor" free="0" total="1900544" percent="0" />
    </mem>
    <mem type="tenure" free="7522880" total="26214400" percent="28">
      <mem type="soa" free="6212160" total="24903680" percent="24" />
      <mem type="loa" free="1310720" total="1310720" percent="100" />
    </mem>
    <remembered-set count="93" />
  </mem-info>
</gc-start>
<allocation-stats totalBytes="16630616" >
  <allocated-bytes non-tlh="40" tlh="16630576" />
  <largest-consumer threadName="main" threadId="00000000022F5700" bytes="16630616" />
</allocation-stats>
<gc-op id="6042" type="scavenge" timems="0.248" contextid="6039" timestamp="2019-07-02T20:42:37.355">
  <scavenger-info tenureage="3" tenuremask="ffe8" tiltratio="89" />
  <memory-copied type="nursery" objects="6" bytes="256" bytesdiscarded="78080" />
</gc-op>
<gc-end id="6043" type="scavenge" contextid="6039" durationms="0.745" usertimems="0.000" systemtimems="0.000" timestamp="2019-07-02T20:42:37.355" activeThreads="4">
  <mem-info id="6044" free="24156224" total="44826624" percent="53">
    <mem type="nursery" free="16633344" total="18612224" percent="89">
      <mem type="allocate" free="16633344" total="16711680" percent="99" />
      <mem type="survivor" free="0" total="1900544" percent="0" />
    </mem>
    <mem type="tenure" free="7522880" total="26214400" percent="28" macro-fragmented="0">
      <mem type="soa" free="6212160" total="24903680" percent="24" />
      <mem type="loa" free="1310720" total="1310720" percent="100" />
    </mem>
    <remembered-set count="93" />
  </mem-info>
</gc-end>
<cycle-end id="6045" type="scavenge" contextid="6039" timestamp="2019-07-02T20:42:37.355">
  <attribute name="GC Util" value="2" />
  <attribute name="CPU Util" value="494861267056" />
  <attribute name="Time Running"value="18454"/>
  <attribute name="Number of cores"value="4"/>
</cycle-end>
<allocation-satisfied id="6046" threadId="00000000022F5700" bytesRequested="24" />
<af-end id="6047" timestamp="2019-07-02T20:42:37.355" threadId="00000000022F6088" success="true" from="nursery"/>
<exclusive-end id="6048" timestamp="2019-07-02T20:42:37.355" durationms="1.884" />

<exclusive-start id="6049" timestamp="2019-07-02T20:42:37.389" intervalms="35.323">
  <response-info timems="0.058" idlems="0.058" threads="0" lastid="00000000022F5700" lastname="main" />
</exclusive-start>
<af-start id="6050" threadId="00000000022F6088" totalBytesRequested="16" timestamp="2019-07-02T20:42:37.389" intervalms="35.326" type="nursery" />
<cycle-start id="6051" type="scavenge" contextid="0" timestamp="2019-07-02T20:42:37.389" intervalms="35.336" />
  <attribute name="GC Util" value="2" />
  <attribute name="CPU Util" value="494861267056" />
  <attribute name="Time Running"value="18454"/>
  <attribute name="Number of cores"value="4"/>
<gc-start id="6052" type="scavenge" contextid="6051" timestamp="2019-07-02T20:42:37.389">
  <mem-info id="6053" free="7522880" total="44826624" percent="16">
    <mem type="nursery" free="0" total="18612224" percent="0">
      <mem type="allocate" free="0" total="16711680" percent="0" />
      <mem type="survivor" free="0" total="1900544" percent="0" />
    </mem>
    <mem type="tenure" free="7522880" total="26214400" percent="28">
      <mem type="soa" free="6212160" total="24903680" percent="24" />
      <mem type="loa" free="1310720" total="1310720" percent="100" />
    </mem>
    <remembered-set count="93" />
  </mem-info>
</gc-start>
<allocation-stats totalBytes="16630136" >
  <allocated-bytes non-tlh="24" tlh="16630112" />
  <largest-consumer threadName="main" threadId="00000000022F5700" bytes="16630136" />
</allocation-stats>
<gc-op id="6054" type="scavenge" timems="0.219" contextid="6051" timestamp="2019-07-02T20:42:37.390">
  <scavenger-info tenureage="3" tenuremask="fff8" tiltratio="89" />
  <memory-copied type="nursery" objects="6" bytes="320" bytesdiscarded="38848" />
</gc-op>
<gc-end id="6055" type="scavenge" contextid="6051" durationms="0.779" usertimems="0.000" systemtimems="0.000" timestamp="2019-07-02T20:42:37.390" activeThreads="4">
  <mem-info id="6056" free="24195392" total="44826624" percent="53">
    <mem type="nursery" free="16672512" total="18612224" percent="89">
      <mem type="allocate" free="16672512" total="16711680" percent="99" />
      <mem type="survivor" free="0" total="1900544" percent="0" />
    </mem>
    <mem type="tenure" free="7522880" total="26214400" percent="28" macro-fragmented="0">
      <mem type="soa" free="6212160" total="24903680" percent="24" />
      <mem type="loa" free="1310720" total="1310720" percent="100" />
    </mem>
    <remembered-set count="93" />
  </mem-info>
</gc-end>
<cycle-end id="6057" type="scavenge" contextid="6051" timestamp="2019-07-02T20:42:37.390">
  <attribute name="GC Util" value="2" />
  <attribute name="CPU Util" value="521283789987" />
  <attribute name="Time Running"value="18490"/>
  <attribute name="Number of cores"value="4"/>
</cycle-end>
<allocation-satisfied id="6058" threadId="00000000022F5700" bytesRequested="16" />
<af-end id="6059" timestamp="2019-07-02T20:42:37.390" threadId="00000000022F6088" success="true" from="nursery"/>
<exclusive-end id="6060" timestamp="2019-07-02T20:42:37.391" durationms="1.737" />

<exclusive-start id="6061" timestamp="2019-07-02T20:42:37.423" intervalms="34.572">
  <response-info timems="0.055" idlems="0.055" threads="0" lastid="00000000022F5700" lastname="main" />
</exclusive-start>
<af-start id="6062" threadId="00000000022F6088" totalBytesRequested="80" timestamp="2019-07-02T20:42:37.424" intervalms="34.553" type="nursery" />
<cycle-start id="6063" type="scavenge" contextid="0" timestamp="2019-07-02T20:42:37.424" intervalms="34.531" />
  <attribute name="GC Util" value="2" />
  <attribute name="CPU Util" value="521283789987" />
  <attribute name="Time Running"value="18490"/>
  <attribute name="Number of cores"value="4"/>
<gc-start id="6064" type="scavenge" contextid="6063" timestamp="2019-07-02T20:42:37.424">
  <mem-info id="6065" free="7522880" total="44826624" percent="16">
    <mem type="nursery" free="0" total="18612224" percent="0">
      <mem type="allocate" free="0" total="16711680" percent="0" />
      <mem type="survivor" free="0" total="1900544" percent="0" />
    </mem>
    <mem type="tenure" free="7522880" total="26214400" percent="28">
      <mem type="soa" free="6212160" total="24903680" percent="24" />
      <mem type="loa" free="1310720" total="1310720" percent="100" />
    </mem>
    <remembered-set count="93" />
  </mem-info>
</gc-start>
<allocation-stats totalBytes="16669560" >
  <allocated-bytes non-tlh="16" tlh="16669544" />
  <largest-consumer threadName="main" threadId="00000000022F5700" bytes="16669560" />
</allocation-stats>
<gc-op id="6066" type="scavenge" timems="0.179" contextid="6063" timestamp="2019-07-02T20:42:37.424">
  <scavenger-info tenureage="3" tenuremask="fff8" tiltratio="89" />
  <memory-copied type="nursery" objects="5" bytes="240" bytesdiscarded="38928" />
</gc-op>
<gc-end id="6067" type="scavenge" contextid="6063" durationms="0.787" usertimems="0.000" systemtimems="0.000" timestamp="2019-07-02T20:42:37.425" activeThreads="4">
  <mem-info id="6068" free="24195392" total="44826624" percent="53">
    <mem type="nursery" free="16672512" total="18612224" percent="89">
      <mem type="allocate" free="16672512" total="16711680" percent="99" />
      <mem type="survivor" free="0" total="1900544" percent="0" />
    </mem>
    <mem type="tenure" free="7522880" total="26214400" percent="28" macro-fragmented="0">
      <mem type="soa" free="6212160" total="24903680" percent="24" />
      <mem type="loa" free="1310720" total="1310720" percent="100" />
    </mem>
    <remembered-set count="93" />
  </mem-info>
</gc-end>
<cycle-end id="6069" type="scavenge" contextid="6063" timestamp="2019-07-02T20:42:37.425">
  <attribute name="GC Util" value="1" />
  <attribute name="CPU Util" value="535145215449" />
  <attribute name="Time Running"value="18524"/>
  <attribute name="Number of cores"value="4"/>
</cycle-end>
<allocation-satisfied id="6070" threadId="00000000022F5700" bytesRequested="80" />
<af-end id="6071" timestamp="2019-07-02T20:42:37.425" threadId="00000000022F6088" success="true" from="nursery"/>
<exclusive-end id="6072" timestamp="2019-07-02T20:42:37.425" durationms="1.802" />

<exclusive-start id="6073" timestamp="2019-07-02T20:42:37.458" intervalms="34.504">
  <response-info timems="0.058" idlems="0.058" threads="0" lastid="00000000022F5700" lastname="main" />
</exclusive-start>
<af-start id="6074" threadId="00000000022F6088" totalBytesRequested="16" timestamp="2019-07-02T20:42:37.458" intervalms="34.460" type="nursery" />
<cycle-start id="6075" type="scavenge" contextid="0" timestamp="2019-07-02T20:42:37.458" intervalms="34.449" />
  <attribute name="GC Util" value="1" />
  <attribute name="CPU Util" value="535145215449" />
  <attribute name="Time Running"value="18524"/>
  <attribute name="Number of cores"value="4"/>
<gc-start id="6076" type="scavenge" contextid="6075" timestamp="2019-07-02T20:42:37.458">
  <mem-info id="6077" free="7522880" total="44826624" percent="16">
    <mem type="nursery" free="0" total="18612224" percent="0">
      <mem type="allocate" free="0" total="16711680" percent="0" />
      <mem type="survivor" free="0" total="1900544" percent="0" />
    </mem>
    <mem type="tenure" free="7522880" total="26214400" percent="28">
      <mem type="soa" free="6212160" total="24903680" percent="24" />
      <mem type="loa" free="1310720" total="1310720" percent="100" />
    </mem>
    <remembered-set count="93" />
  </mem-info>
</gc-start>
<allocation-stats totalBytes="16669264" >
  <allocated-bytes non-tlh="80" tlh="16669184" />
  <largest-consumer threadName="main" threadId="00000000022F5700" bytes="16669264" />
</allocation-stats>
<gc-op id="6078" type="scavenge" timems="0.185" contextid="6075" timestamp="2019-07-02T20:42:37.459">
  <scavenger-info tenureage="3" tenuremask="fff8" tiltratio="89" />
  <memory-copied type="nursery" objects="10" bytes="416" bytesdiscarded="77920" />
</gc-op>
<gc-end id="6079" type="scavenge" contextid="6075" durationms="0.578" usertimems="0.000" systemtimems="0.000" timestamp="2019-07-02T20:42:37.459" activeThreads="4">
  <mem-info id="6080" free="24156224" total="44826624" percent="53">
    <mem type="nursery" free="16633344" total="18612224" percent="89">
      <mem type="allocate" free="16633344" total="16711680" percent="99" />
      <mem type="survivor" free="0" total="1900544" percent="0" />
    </mem>
    <mem type="tenure" free="7522880" total="26214400" percent="28" macro-fragmented="6270803">
      <mem type="soa" free="6212160" total="24903680" percent="24" />
      <mem type="loa" free="1310720" total="1310720" percent="100" />
    </mem>
    <remembered-set count="93" />
  </mem-info>
</gc-end>
<cycle-end id="6081" type="scavenge" contextid="6075" timestamp="2019-07-02T20:42:37.459">
  <attribute name="GC Util" value="1" />
  <attribute name="CPU Util" value="536125141074" />
  <attribute name="Time Running"value="18559"/>
  <attribute name="Number of cores"value="4"/>
</cycle-end>
<allocation-satisfied id="6082" threadId="00000000022F5700" bytesRequested="16" />
<af-end id="6083" timestamp="2019-07-02T20:42:37.459" threadId="00000000022F6088" success="true" from="nursery"/>
<exclusive-end id="6084" timestamp="2019-07-02T20:42:37.459" durationms="1.535" />

<exclusive-start id="6085" timestamp="2019-07-02T20:42:37.511" intervalms="52.874">
  <response-info timems="0.038" idlems="0.038" threads="0" lastid="00000000022F5700" lastname="main" />
</exclusive-start>
<af-start id="6086" threadId="00000000022F6088" totalBytesRequested="80" timestamp="2019-07-02T20:42:37.511" intervalms="52.927" type="nursery" />
<cycle-start id="6087" type="scavenge" contextid="0" timestamp="2019-07-02T20:42:37.511" intervalms="53.010" />
  <attribute name="GC Util" value="1" />
  <attribute name="CPU Util" value="536125141074" />
  <attribute name="Time Running"value="18559"/>
  <attribute name="Number of cores"value="4"/>
<gc-start id="6088" type="scavenge" contextid="6087" timestamp="2019-07-02T20:42:37.511">
  <mem-info id="6089" free="7522880" total="44826624" percent="16">
    <mem type="nursery" free="0" total="18612224" percent="0">
      <mem type="allocate" free="0" total="16711680" percent="0" />
      <mem type="survivor" free="0" total="1900544" percent="0" />
    </mem>
    <mem type="tenure" free="7522880" total="26214400" percent="28">
      <mem type="soa" free="6212160" total="24903680" percent="24" />
      <mem type="loa" free="1310720" total="1310720" percent="100" />
    </mem>
    <remembered-set count="93" />
  </mem-info>
</gc-start>
<allocation-stats totalBytes="16630336" >
  <allocated-bytes non-tlh="16" tlh="16630320" />
  <largest-consumer threadName="main" threadId="00000000022F5700" bytes="16630336" />
</allocation-stats>
<gc-op id="6090" type="scavenge" timems="0.208" contextid="6087" timestamp="2019-07-02T20:42:37.512">
  <scavenger-info tenureage="3" tenuremask="fff8" tiltratio="89" />
  <memory-copied type="nursery" objects="5" bytes="240" bytesdiscarded="38928" />
</gc-op>
<gc-end id="6091" type="scavenge" contextid="6087" durationms="0.801" usertimems="4.000" systemtimems="0.000" timestamp="2019-07-02T20:42:37.512" activeThreads="4">
  <mem-info id="6092" free="24195392" total="44826624" percent="53">
    <mem type="nursery" free="16672512" total="18612224" percent="89">
      <mem type="allocate" free="16672512" total="16711680" percent="99" />
      <mem type="survivor" free="0" total="1900544" percent="0" />
    </mem>
    <mem type="tenure" free="7522880" total="26214400" percent="28" macro-fragmented="0">
      <mem type="soa" free="6212160" total="24903680" percent="24" />
      <mem type="loa" free="1310720" total="1310720" percent="100" />
    </mem>
    <remembered-set count="93" />
  </mem-info>
</gc-end>
<cycle-end id="6093" type="scavenge" contextid="6087" timestamp="2019-07-02T20:42:37.512">
  <attribute name="GC Util" value="0" />
  <attribute name="CPU Util" value="347014482289" />
  <attribute name="Time Running"value="18612"/>
  <attribute name="Number of cores"value="4"/>
</cycle-end>
<allocation-satisfied id="6094" threadId="00000000022F5700" bytesRequested="80" />
<af-end id="6095" timestamp="2019-07-02T20:42:37.513" threadId="00000000022F6088" success="true" from="nursery"/>
<exclusive-end id="6096" timestamp="2019-07-02T20:42:37.513" durationms="2.041" />

<exclusive-start id="6097" timestamp="2019-07-02T20:42:37.546" intervalms="35.280">
  <response-info timems="0.059" idlems="0.059" threads="0" lastid="00000000022F5700" lastname="main" />
</exclusive-start>
<af-start id="6098" threadId="00000000022F6088" totalBytesRequested="32" timestamp="2019-07-02T20:42:37.546" intervalms="35.281" type="nursery" />
<cycle-start id="6099" type="scavenge" contextid="0" timestamp="2019-07-02T20:42:37.546" intervalms="35.203" />
  <attribute name="GC Util" value="0" />
  <attribute name="CPU Util" value="347014482289" />
  <attribute name="Time Running"value="18612"/>
  <attribute name="Number of cores"value="4"/>
<gc-start id="6100" type="scavenge" contextid="6099" timestamp="2019-07-02T20:42:37.547">
  <mem-info id="6101" free="7522880" total="44826624" percent="16">
    <mem type="nursery" free="0" total="18612224" percent="0">
      <mem type="allocate" free="0" total="16711680" percent="0" />
      <mem type="survivor" free="0" total="1900544" percent="0" />
    </mem>
    <mem type="tenure" free="7522880" total="26214400" percent="28">
      <mem type="soa" free="6212160" total="24903680" percent="24" />
      <mem type="loa" free="1310720" total="1310720" percent="100" />
    </mem>
    <remembered-set count="93" />
  </mem-info>
</gc-start>
<allocation-stats totalBytes="16669512" >
  <allocated-bytes non-tlh="80" tlh="16669432" />
  <largest-consumer threadName="main" threadId="00000000022F5700" bytes="16669512" />
</allocation-stats>
<gc-op id="6102" type="scavenge" timems="0.201" contextid="6099" timestamp="2019-07-02T20:42:37.547">
  <scavenger-info tenureage="3" tenuremask="fff8" tiltratio="89" />
  <memory-copied type="nursery" objects="5" bytes="240" bytesdiscarded="38928" />
</gc-op>
<gc-end id="6103" type="scavenge" contextid="6099" durationms="0.674" usertimems="4.000" systemtimems="0.000" timestamp="2019-07-02T20:42:37.547" activeThreads="4">
  <mem-info id="6104" free="24195392" total="44826624" percent="53">
    <mem type="nursery" free="16672512" total="18612224" percent="89">
      <mem type="allocate" free="16672512" total="16711680" percent="99" />
      <mem type="survivor" free="0" total="1900544" percent="0" />
    </mem>
    <mem type="tenure" free="7522880" total="26214400" percent="28" macro-fragmented="0">
      <mem type="soa" free="6212160" total="24903680" percent="24" />
      <mem type="loa" free="1310720" total="1310720" percent="100" />
    </mem>
    <remembered-set count="93" />
  </mem-info>
</gc-end>
<cycle-end id="6105" type="scavenge" contextid="6099" timestamp="2019-07-02T20:42:37.547">
  <attribute name="GC Util" value="2" />
  <attribute name="CPU Util" value="525586281658" />
  <attribute name="Time Running"value="18647"/>
  <attribute name="Number of cores"value="4"/>
</cycle-end>
<allocation-satisfied id="6106" threadId="00000000022F5700" bytesRequested="32" />
<af-end id="6107" timestamp="2019-07-02T20:42:37.548" threadId="00000000022F6088" success="true" from="nursery"/>
<exclusive-end id="6108" timestamp="2019-07-02T20:42:37.548" durationms="1.717" />

<exclusive-start id="6109" timestamp="2019-07-02T20:42:37.580" intervalms="34.211">
  <response-info timems="0.058" idlems="0.058" threads="0" lastid="00000000022F5700" lastname="main" />
</exclusive-start>
<af-start id="6110" threadId="00000000022F6088" totalBytesRequested="32" timestamp="2019-07-02T20:42:37.580" intervalms="34.154" type="nursery" />
<cycle-start id="6111" type="scavenge" contextid="0" timestamp="2019-07-02T20:42:37.580" intervalms="34.134" />
  <attribute name="GC Util" value="2" />
  <attribute name="CPU Util" value="525586281658" />
  <attribute name="Time Running"value="18647"/>
  <attribute name="Number of cores"value="4"/>
<gc-start id="6112" type="scavenge" contextid="6111" timestamp="2019-07-02T20:42:37.581">
  <mem-info id="6113" free="7522880" total="44826624" percent="16">
    <mem type="nursery" free="0" total="18612224" percent="0">
      <mem type="allocate" free="0" total="16711680" percent="0" />
      <mem type="survivor" free="0" total="1900544" percent="0" />
    </mem>
    <mem type="tenure" free="7522880" total="26214400" percent="28">
      <mem type="soa" free="6212160" total="24903680" percent="24" />
      <mem type="loa" free="1310720" total="1310720" percent="100" />
    </mem>
    <remembered-set count="93" />
  </mem-info>
</gc-start>
<allocation-stats totalBytes="16669432" >
  <allocated-bytes non-tlh="32" tlh="16669400" />
  <largest-consumer threadName="main" threadId="00000000022F5700" bytes="16669432" />
</allocation-stats>
<gc-op id="6114" type="scavenge" timems="0.243" contextid="6111" timestamp="2019-07-02T20:42:37.581">
  <scavenger-info tenureage="3" tenuremask="fff8" tiltratio="89" />
  <memory-copied type="nursery" objects="6" bytes="256" bytesdiscarded="78080" />
</gc-op>
<gc-end id="6115" type="scavenge" contextid="6111" durationms="0.718" usertimems="0.000" systemtimems="0.000" timestamp="2019-07-02T20:42:37.581" activeThreads="4">
  <mem-info id="6116" free="24156224" total="44826624" percent="53">
    <mem type="nursery" free="16633344" total="18612224" percent="89">
      <mem type="allocate" free="16633344" total="16711680" percent="99" />
      <mem type="survivor" free="0" total="1900544" percent="0" />
    </mem>
    <mem type="tenure" free="7522880" total="26214400" percent="28" macro-fragmented="0">
      <mem type="soa" free="6212160" total="24903680" percent="24" />
      <mem type="loa" free="1310720" total="1310720" percent="100" />
    </mem>
    <remembered-set count="93" />
  </mem-info>
</gc-end>
<cycle-end id="6117" type="scavenge" contextid="6111" timestamp="2019-07-02T20:42:37.582">
  <attribute name="GC Util" value="1" />
  <attribute name="CPU Util" value="540888428670" />
  <attribute name="Time Running"value="18681"/>
  <attribute name="Number of cores"value="4"/>
</cycle-end>
<allocation-satisfied id="6118" threadId="00000000022F5700" bytesRequested="32" />
<af-end id="6119" timestamp="2019-07-02T20:42:37.582" threadId="00000000022F6088" success="true" from="nursery"/>
<exclusive-end id="6120" timestamp="2019-07-02T20:42:37.582" durationms="1.736" />

<exclusive-start id="6121" timestamp="2019-07-02T20:42:37.615" intervalms="34.299">
  <response-info timems="0.062" idlems="0.062" threads="0" lastid="00000000022F5700" lastname="main" />
</exclusive-start>
<af-start id="6122" threadId="00000000022F6088" totalBytesRequested="32" timestamp="2019-07-02T20:42:37.615" intervalms="34.308" type="nursery" />
<cycle-start id="6123" type="scavenge" contextid="0" timestamp="2019-07-02T20:42:37.615" intervalms="34.308" />
  <attribute name="GC Util" value="1" />
  <attribute name="CPU Util" value="540888428670" />
  <attribute name="Time Running"value="18681"/>
  <attribute name="Number of cores"value="4"/>
<gc-start id="6124" type="scavenge" contextid="6123" timestamp="2019-07-02T20:42:37.615">
  <mem-info id="6125" free="7522880" total="44826624" percent="16">
    <mem type="nursery" free="0" total="18612224" percent="0">
      <mem type="allocate" free="0" total="16711680" percent="0" />
      <mem type="survivor" free="0" total="1900544" percent="0" />
    </mem>
    <mem type="tenure" free="7522880" total="26214400" percent="28">
      <mem type="soa" free="6212160" total="24903680" percent="24" />
      <mem type="loa" free="1310720" total="1310720" percent="100" />
    </mem>
    <remembered-set count="93" />
  </mem-info>
</gc-start>
<allocation-stats totalBytes="16629976" >
  <allocated-bytes non-tlh="32" tlh="16629944" />
  <largest-consumer threadName="main" threadId="00000000022F5700" bytes="16629976" />
</allocation-stats>
<gc-op id="6126" type="scavenge" timems="0.179" contextid="6123" timestamp="2019-07-02T20:42:37.615">
  <scavenger-info tenureage="9" tenuremask="fe00" tiltratio="89" />
  <memory-copied type="nursery" objects="5" bytes="240" bytesdiscarded="38928" />
</gc-op>
<gc-end id="6127" type="scavenge" contextid="6123" durationms="0.594" usertimems="0.000" systemtimems="0.000" timestamp="2019-07-02T20:42:37.616" activeThreads="4">
  <mem-info id="6128" free="24195392" total="44826624" percent="53">
    <mem type="nursery" free="16672512" total="18612224" percent="89">
      <mem type="allocate" free="16672512" total="16711680" percent="99" />
      <mem type="survivor" free="0" total="1900544" percent="0" />
    </mem>
    <mem type="tenure" free="7522880" total="26214400" percent="28" macro-fragmented="57864">
      <mem type="soa" free="6212160" total="24903680" percent="24" />
      <mem type="loa" free="1310720" total="1310720" percent="100" />
    </mem>
    <remembered-set count="93" />
  </mem-info>
</gc-end>
<cycle-end id="6129" type="scavenge" contextid="6123" timestamp="2019-07-02T20:42:37.616">
  <attribute name="GC Util" value="1" />
  <attribute name="CPU Util" value="538156816921" />
  <attribute name="Time Running"value="18715"/>
  <attribute name="Number of cores"value="4"/>
</cycle-end>
<allocation-satisfied id="6130" threadId="00000000022F5700" bytesRequested="32" />
<af-end id="6131" timestamp="2019-07-02T20:42:37.616" threadId="00000000022F6088" success="true" from="nursery"/>
<exclusive-end id="6132" timestamp="2019-07-02T20:42:37.616" durationms="1.432" />

<exclusive-start id="6133" timestamp="2019-07-02T20:42:37.641" intervalms="26.726">
  <response-info timems="0.027" idlems="0.027" threads="0" lastid="00000000022F5700" lastname="main" />
</exclusive-start>
<af-start id="6134" threadId="00000000022F6088" totalBytesRequested="24" timestamp="2019-07-02T20:42:37.641" intervalms="26.721" type="nursery" />
<cycle-start id="6135" type="scavenge" contextid="0" timestamp="2019-07-02T20:42:37.642" intervalms="26.694" />
  <attribute name="GC Util" value="1" />
  <attribute name="CPU Util" value="538156816921" />
  <attribute name="Time Running"value="18715"/>
  <attribute name="Number of cores"value="4"/>
<gc-start id="6136" type="scavenge" contextid="6135" timestamp="2019-07-02T20:42:37.642">
  <mem-info id="6137" free="7522880" total="44826624" percent="16">
    <mem type="nursery" free="0" total="18612224" percent="0">
      <mem type="allocate" free="0" total="16711680" percent="0" />
      <mem type="survivor" free="0" total="1900544" percent="0" />
    </mem>
    <mem type="tenure" free="7522880" total="26214400" percent="28">
      <mem type="soa" free="6212160" total="24903680" percent="24" />
      <mem type="loa" free="1310720" total="1310720" percent="100" />
    </mem>
    <remembered-set count="97" />
  </mem-info>
</gc-start>
<allocation-stats totalBytes="16663704" >
  <allocated-bytes non-tlh="32" tlh="16663672" />
  <largest-consumer threadName="main" threadId="00000000022F5700" bytes="16663704" />
</allocation-stats>
<gc-op id="6138" type="scavenge" timems="0.163" contextid="6135" timestamp="2019-07-02T20:42:37.642">
  <scavenger-info tenureage="10" tenuremask="fc00" tiltratio="89" />
  <memory-copied type="nursery" objects="23" bytes="1264" bytesdiscarded="37904" />
</gc-op>
<gc-end id="6139" type="scavenge" contextid="6135" durationms="0.444" usertimems="0.000" systemtimems="0.000" timestamp="2019-07-02T20:42:37.642" activeThreads="4">
  <mem-info id="6140" free="24195392" total="44826624" percent="53">
    <mem type="nursery" free="16672512" total="18612224" percent="89">
      <mem type="allocate" free="16672512" total="16711680" percent="99" />
      <mem type="survivor" free="0" total="1900544" percent="0" />
    </mem>
    <mem type="tenure" free="7522880" total="26214400" percent="28" macro-fragmented="0">
      <mem type="soa" free="6212160" total="24903680" percent="24" />
      <mem type="loa" free="1310720" total="1310720" percent="100" />
    </mem>
    <remembered-set count="97" />
  </mem-info>
</gc-end>
<cycle-end id="6141" type="scavenge" contextid="6135" timestamp="2019-07-02T20:42:37.642">
  <attribute name="GC Util" value="1" />
  <attribute name="CPU Util" value="696012567243" />
  <attribute name="Time Running"value="18742"/>
  <attribute name="Number of cores"value="4"/>
</cycle-end>
<allocation-satisfied id="6142" threadId="00000000022F5700" bytesRequested="24" />
<af-end id="6143" timestamp="2019-07-02T20:42:37.642" threadId="00000000022F6088" success="true" from="nursery"/>
<exclusive-end id="6144" timestamp="2019-07-02T20:42:37.643" durationms="1.278" />

<exclusive-start id="6145" timestamp="2019-07-02T20:42:37.646" intervalms="4.707">
  <response-info timems="0.056" idlems="0.056" threads="0" lastid="00000000022F5700" lastname="main" />
</exclusive-start>
<af-start id="6146" threadId="00000000022F6088" totalBytesRequested="488" timestamp="2019-07-02T20:42:37.646" intervalms="4.716" type="nursery" />
<cycle-start id="6147" type="scavenge" contextid="0" timestamp="2019-07-02T20:42:37.646" intervalms="4.747" />
  <attribute name="GC Util" value="1" />
  <attribute name="CPU Util" value="696012567243" />
  <attribute name="Time Running"value="18742"/>
  <attribute name="Number of cores"value="4"/>
<gc-start id="6148" type="scavenge" contextid="6147" timestamp="2019-07-02T20:42:37.646">
  <mem-info id="6149" free="7522880" total="44826624" percent="16">
    <mem type="nursery" free="0" total="18612224" percent="0">
      <mem type="allocate" free="0" total="16711680" percent="0" />
      <mem type="survivor" free="0" total="1900544" percent="0" />
    </mem>
    <mem type="tenure" free="7522880" total="26214400" percent="28">
      <mem type="soa" free="6212160" total="24903680" percent="24" />
      <mem type="loa" free="1310720" total="1310720" percent="100" />
    </mem>
    <remembered-set count="97" />
  </mem-info>
</gc-start>
<allocation-stats totalBytes="16647256" >
  <allocated-bytes non-tlh="24" tlh="16647232" />
  <largest-consumer threadName="main" threadId="00000000022F5700" bytes="16647256" />
</allocation-stats>
<gc-op id="6150" type="scavenge" timems="0.191" contextid="6147" timestamp="2019-07-02T20:42:37.647">
  <scavenger-info tenureage="10" tenuremask="fc00" tiltratio="89" />
  <memory-copied type="nursery" objects="25" bytes="1304" bytesdiscarded="37864" />
</gc-op>
<gc-end id="6151" type="scavenge" contextid="6147" durationms="0.507" usertimems="0.000" systemtimems="0.000" timestamp="2019-07-02T20:42:37.647" activeThreads="4">
  <mem-info id="6152" free="24195392" total="44826624" percent="53">
    <mem type="nursery" free="16672512" total="18612224" percent="89">
      <mem type="allocate" free="16672512" total="16711680" percent="99" />
      <mem type="survivor" free="0" total="1900544" percent="0" />
    </mem>
    <mem type="tenure" free="7522880" total="26214400" percent="28" macro-fragmented="22644">
      <mem type="soa" free="6212160" total="24903680" percent="24" />
      <mem type="loa" free="1310720" total="1310720" percent="100" />
    </mem>
    <remembered-set count="92" />
  </mem-info>
</gc-end>
<cycle-end id="6153" type="scavenge" contextid="6147" timestamp="2019-07-02T20:42:37.647">
  <attribute name="GC Util" value="11" />
  <attribute name="CPU Util" value="3806279223542" />
  <attribute name="Time Running"value="18747"/>
  <attribute name="Number of cores"value="4"/>
</cycle-end>
<allocation-satisfied id="6154" threadId="00000000022F5700" bytesRequested="488" />
<af-end id="6155" timestamp="2019-07-02T20:42:37.647" threadId="00000000022F6088" success="true" from="nursery"/>
<exclusive-end id="6156" timestamp="2019-07-02T20:42:37.647" durationms="1.379" />

<exclusive-start id="6157" timestamp="2019-07-02T20:42:37.651" intervalms="4.760">
  <response-info timems="0.075" idlems="0.075" threads="0" lastid="00000000022F5700" lastname="main" />
</exclusive-start>
<af-start id="6158" threadId="00000000022F6088" totalBytesRequested="544" timestamp="2019-07-02T20:42:37.651" intervalms="4.790" type="nursery" />
<cycle-start id="6159" type="scavenge" contextid="0" timestamp="2019-07-02T20:42:37.651" intervalms="4.775" />
  <attribute name="GC Util" value="11" />
  <attribute name="CPU Util" value="3806279223542" />
  <attribute name="Time Running"value="18747"/>
  <attribute name="Number of cores"value="4"/>
<gc-start id="6160" type="scavenge" contextid="6159" timestamp="2019-07-02T20:42:37.651">
  <mem-info id="6161" free="7522880" total="44826624" percent="16">
    <mem type="nursery" free="0" total="18612224" percent="0">
      <mem type="allocate" free="0" total="16711680" percent="0" />
      <mem type="survivor" free="0" total="1900544" percent="0" />
    </mem>
    <mem type="tenure" free="7522880" total="26214400" percent="28">
      <mem type="soa" free="6212160" total="24903680" percent="24" />
      <mem type="loa" free="1310720" total="1310720" percent="100" />
    </mem>
    <remembered-set count="92" />
  </mem-info>
</gc-start>
<allocation-stats totalBytes="16649200" >
  <allocated-bytes non-tlh="488" tlh="16648712" />
  <largest-consumer threadName="main" threadId="00000000022F5700" bytes="16649200" />
</allocation-stats>
<gc-op id="6162" type="scavenge" timems="0.186" contextid="6159" timestamp="2019-07-02T20:42:37.651">
  <scavenger-info tenureage="10" tenuremask="fc00" tiltratio="89" />
  <memory-copied type="nursery" objects="25" bytes="1304" bytesdiscarded="77032" />
</gc-op>
<gc-end id="6163" type="scavenge" contextid="6159" durationms="0.458" usertimems="0.000" systemtimems="0.000" timestamp="2019-07-02T20:42:37.652" activeThreads="4">
  <mem-info id="6164" free="24156224" total="44826624" percent="53">
    <mem type="nursery" free="16633344" total="18612224" percent="89">
      <mem type="allocate" free="16633344" total="16711680" percent="99" />
      <mem type="survivor" free="0" total="1900544" percent="0" />
    </mem>
    <mem type="tenure" free="7522880" total="26214400" percent="28" macro-fragmented="0">
      <mem type="soa" free="6212160" total="24903680" percent="24" />
      <mem type="loa" free="1310720" total="1310720" percent="100" />
    </mem>
    <remembered-set count="92" />
  </mem-info>
</gc-end>
<cycle-end id="6165" type="scavenge" contextid="6159" timestamp="2019-07-02T20:42:37.652">
  <attribute name="GC Util" value="11" />
  <attribute name="CPU Util" value="3946216732251" />
  <attribute name="Time Running"value="18751"/>
  <attribute name="Number of cores"value="4"/>
</cycle-end>
<allocation-satisfied id="6166" threadId="00000000022F5700" bytesRequested="544" />
<af-end id="6167" timestamp="2019-07-02T20:42:37.652" threadId="00000000022F6088" success="true" from="nursery"/>
<exclusive-end id="6168" timestamp="2019-07-02T20:42:37.652" durationms="1.368" />

<exclusive-start id="6169" timestamp="2019-07-02T20:42:37.655" intervalms="4.755">
  <response-info timems="0.025" idlems="0.025" threads="0" lastid="00000000022F5700" lastname="main" />
</exclusive-start>
<af-start id="6170" threadId="00000000022F6088" totalBytesRequested="24" timestamp="2019-07-02T20:42:37.656" intervalms="4.716" type="nursery" />
<cycle-start id="6171" type="scavenge" contextid="0" timestamp="2019-07-02T20:42:37.656" intervalms="4.725" />
  <attribute name="GC Util" value="11" />
  <attribute name="CPU Util" value="3946216732251" />
  <attribute name="Time Running"value="18751"/>
  <attribute name="Number of cores"value="4"/>
<gc-start id="6172" type="scavenge" contextid="6171" timestamp="2019-07-02T20:42:37.656">
  <mem-info id="6173" free="7522880" total="44826624" percent="16">
    <mem type="nursery" free="0" total="18612224" percent="0">
      <mem type="allocate" free="0" total="16711680" percent="0" />
      <mem type="survivor" free="0" total="1900544" percent="0" />
    </mem>
    <mem type="tenure" free="7522880" total="26214400" percent="28">
      <mem type="soa" free="6212160" total="24903680" percent="24" />
      <mem type="loa" free="1310720" total="1310720" percent="100" />
    </mem>
    <remembered-set count="92" />
  </mem-info>
</gc-start>
<allocation-stats totalBytes="16609920" >
  <allocated-bytes non-tlh="544" tlh="16609376" />
  <largest-consumer threadName="main" threadId="00000000022F5700" bytes="16609920" />
</allocation-stats>
<gc-op id="6174" type="scavenge" timems="0.204" contextid="6171" timestamp="2019-07-02T20:42:37.656">
  <scavenger-info tenureage="3" tenuremask="fe08" tiltratio="89" />
  <memory-copied type="nursery" objects="2" bytes="56" bytesdiscarded="39112" />
  <memory-copied type="tenure" objects="22" bytes="1232" bytesdiscarded="0" />
</gc-op>
<gc-end id="6175" type="scavenge" contextid="6171" durationms="0.585" usertimems="0.000" systemtimems="0.000" timestamp="2019-07-02T20:42:37.657" activeThreads="4">
  <mem-info id="6176" free="24156224" total="44826624" percent="53">
    <mem type="nursery" free="16672512" total="18612224" percent="89">
      <mem type="allocate" free="16672512" total="16711680" percent="99" />
      <mem type="survivor" free="0" total="1900544" percent="0" />
    </mem>
    <mem type="tenure" free="7483712" total="26214400" percent="28" macro-fragmented="0">
      <mem type="soa" free="6172992" total="24903680" percent="24" />
      <mem type="loa" free="1310720" total="1310720" percent="100" />
    </mem>
    <remembered-set count="94" />
  </mem-info>
</gc-end>
<cycle-end id="6177" type="scavenge" contextid="6171" timestamp="2019-07-02T20:42:37.657">
  <attribute name="GC Util" value="10" />
  <attribute name="CPU Util" value="3781525762642" />
  <attribute name="Time Running"value="18756"/>
  <attribute name="Number of cores"value="4"/>
</cycle-end>
<allocation-satisfied id="6178" threadId="00000000022F5700" bytesRequested="24" />
<af-end id="6179" timestamp="2019-07-02T20:42:37.657" threadId="00000000022F6088" success="true" from="nursery"/>
<exclusive-end id="6180" timestamp="2019-07-02T20:42:37.657" durationms="1.518" />

<exclusive-start id="6181" timestamp="2019-07-02T20:42:37.660" intervalms="4.883">
  <response-info timems="0.055" idlems="0.055" threads="0" lastid="00000000022F5700" lastname="main" />
</exclusive-start>
<af-start id="6182" threadId="00000000022F6088" totalBytesRequested="584" timestamp="2019-07-02T20:42:37.660" intervalms="4.884" type="nursery" />
<cycle-start id="6183" type="scavenge" contextid="0" timestamp="2019-07-02T20:42:37.661" intervalms="4.913" />
  <attribute name="GC Util" value="10" />
  <attribute name="CPU Util" value="3781525762642" />
  <attribute name="Time Running"value="18756"/>
  <attribute name="Number of cores"value="4"/>
<gc-start id="6184" type="scavenge" contextid="6183" timestamp="2019-07-02T20:42:37.661">
  <mem-info id="6185" free="7483712" total="44826624" percent="16">
    <mem type="nursery" free="0" total="18612224" percent="0">
      <mem type="allocate" free="0" total="16711680" percent="0" />
      <mem type="survivor" free="0" total="1900544" percent="0" />
    </mem>
    <mem type="tenure" free="7483712" total="26214400" percent="28">
      <mem type="soa" free="6172992" total="24903680" percent="24" />
      <mem type="loa" free="1310720" total="1310720" percent="100" />
    </mem>
    <remembered-set count="94" />
  </mem-info>
</gc-start>
<allocation-stats totalBytes="16650064" >
  <allocated-bytes non-tlh="24" tlh="16650040" />
  <largest-consumer threadName="main" threadId="00000000022F5700" bytes="16650064" />
</allocation-stats>
<gc-op id="6186" type="scavenge" timems="0.156" contextid="6183" timestamp="2019-07-02T20:42:37.661">
  <scavenger-info tenureage="7" tenuremask="ff80" tiltratio="89" />
  <memory-copied type="nursery" objects="3" bytes="72" bytesdiscarded="39096" />
</gc-op>
<gc-end id="6187" type="scavenge" contextid="6183" durationms="0.636" usertimems="0.000" systemtimems="0.000" timestamp="2019-07-02T20:42:37.661" activeThreads="4">
  <mem-info id="6188" free="24156224" total="44826624" percent="53">
    <mem type="nursery" free="16672512" total="18612224" percent="89">
      <mem type="allocate" free="16672512" total="16711680" percent="99" />
      <mem type="survivor" free="0" total="1900544" percent="0" />
    </mem>
    <mem type="tenure" free="7483712" total="26214400" percent="28" macro-fragmented="0">
      <mem type="soa" free="6172992" total="24903680" percent="24" />
      <mem type="loa" free="1310720" total="1310720" percent="100" />
    </mem>
    <remembered-set count="94" />
  </mem-info>
</gc-end>
<cycle-end id="6189" type="scavenge" contextid="6183" timestamp="2019-07-02T20:42:37.662">
  <attribute name="GC Util" value="11" />
  <attribute name="CPU Util" value="3766581040860" />
  <attribute name="Time Running"value="18761"/>
  <attribute name="Number of cores"value="4"/>
</cycle-end>
<allocation-satisfied id="6190" threadId="00000000022F5700" bytesRequested="584" />
<af-end id="6191" timestamp="2019-07-02T20:42:37.662" threadId="00000000022F6088" success="true" from="nursery"/>
<exclusive-end id="6192" timestamp="2019-07-02T20:42:37.662" durationms="1.534" />

<exclusive-start id="6193" timestamp="2019-07-02T20:42:37.665" intervalms="4.988">
  <response-info timems="0.030" idlems="0.030" threads="0" lastid="00000000022F5700" lastname="main" />
</exclusive-start>
<af-start id="6194" threadId="00000000022F6088" totalBytesRequested="32" timestamp="2019-07-02T20:42:37.665" intervalms="4.987" type="nursery" />
<cycle-start id="6195" type="scavenge" contextid="0" timestamp="2019-07-02T20:42:37.666" intervalms="4.957" />
  <attribute name="GC Util" value="11" />
  <attribute name="CPU Util" value="3766581040860" />
  <attribute name="Time Running"value="18761"/>
  <attribute name="Number of cores"value="4"/>
<gc-start id="6196" type="scavenge" contextid="6195" timestamp="2019-07-02T20:42:37.666">
  <mem-info id="6197" free="7483712" total="44826624" percent="16">
    <mem type="nursery" free="0" total="18612224" percent="0">
      <mem type="allocate" free="0" total="16711680" percent="0" />
      <mem type="survivor" free="0" total="1900544" percent="0" />
    </mem>
    <mem type="tenure" free="7483712" total="26214400" percent="28">
      <mem type="soa" free="6172992" total="24903680" percent="24" />
      <mem type="loa" free="1310720" total="1310720" percent="100" />
    </mem>
    <remembered-set count="94" />
  </mem-info>
</gc-start>
<allocation-stats totalBytes="16649800" >
  <allocated-bytes non-tlh="584" tlh="16649216" />
  <largest-consumer threadName="main" threadId="00000000022F5700" bytes="16649800" />
</allocation-stats>
<gc-op id="6198" type="scavenge" timems="0.173" contextid="6195" timestamp="2019-07-02T20:42:37.666">
  <scavenger-info tenureage="3" tenuremask="fff8" tiltratio="89" />
  <memory-copied type="nursery" objects="1" bytes="24" bytesdiscarded="39144" />
</gc-op>
<gc-end id="6199" type="scavenge" contextid="6195" durationms="0.566" usertimems="0.000" systemtimems="0.000" timestamp="2019-07-02T20:42:37.666" activeThreads="4">
  <mem-info id="6200" free="24156224" total="44826624" percent="53">
    <mem type="nursery" free="16672512" total="18612224" percent="89">
      <mem type="allocate" free="16672512" total="16711680" percent="99" />
      <mem type="survivor" free="0" total="1900544" percent="0" />
    </mem>
    <mem type="tenure" free="7483712" total="26214400" percent="28" macro-fragmented="0">
      <mem type="soa" free="6172992" total="24903680" percent="24" />
      <mem type="loa" free="1310720" total="1310720" percent="100" />
    </mem>
    <remembered-set count="94" />
  </mem-info>
</gc-end>
<cycle-end id="6201" type="scavenge" contextid="6195" timestamp="2019-07-02T20:42:37.666">
  <attribute name="GC Util" value="11" />
  <attribute name="CPU Util" value="3738787538822" />
  <attribute name="Time Running"value="18766"/>
  <attribute name="Number of cores"value="4"/>
</cycle-end>
<allocation-satisfied id="6202" threadId="00000000022F5700" bytesRequested="32" />
<af-end id="6203" timestamp="2019-07-02T20:42:37.667" threadId="00000000022F6088" success="true" from="nursery"/>
<exclusive-end id="6204" timestamp="2019-07-02T20:42:37.667" durationms="1.454" />

<exclusive-start id="6205" timestamp="2019-07-02T20:42:37.670" intervalms="4.889">
  <response-info timems="0.053" idlems="0.053" threads="0" lastid="00000000022F5700" lastname="main" />
</exclusive-start>
<af-start id="6206" threadId="00000000022F6088" totalBytesRequested="40" timestamp="2019-07-02T20:42:37.670" intervalms="4.894" type="nursery" />
<cycle-start id="6207" type="scavenge" contextid="0" timestamp="2019-07-02T20:42:37.671" intervalms="4.897" />
  <attribute name="GC Util" value="11" />
  <attribute name="CPU Util" value="3738787538822" />
  <attribute name="Time Running"value="18766"/>
  <attribute name="Number of cores"value="4"/>
<gc-start id="6208" type="scavenge" contextid="6207" timestamp="2019-07-02T20:42:37.671">
  <mem-info id="6209" free="7483712" total="44826624" percent="16">
    <mem type="nursery" free="0" total="18612224" percent="0">
      <mem type="allocate" free="0" total="16711680" percent="0" />
      <mem type="survivor" free="0" total="1900544" percent="0" />
    </mem>
    <mem type="tenure" free="7483712" total="26214400" percent="28">
      <mem type="soa" free="6172992" total="24903680" percent="24" />
      <mem type="loa" free="1310720" total="1310720" percent="100" />
    </mem>
    <remembered-set count="94" />
  </mem-info>
</gc-start>
<allocation-stats totalBytes="16650528" >
  <allocated-bytes non-tlh="32" tlh="16650496" />
  <largest-consumer threadName="main" threadId="00000000022F5700" bytes="16650528" />
</allocation-stats>
<gc-op id="6210" type="scavenge" timems="0.178" contextid="6207" timestamp="2019-07-02T20:42:37.671">
  <scavenger-info tenureage="3" tenuremask="fff8" tiltratio="89" />
  <memory-copied type="nursery" objects="4" bytes="656" bytesdiscarded="77680" />
</gc-op>
<gc-end id="6211" type="scavenge" contextid="6207" durationms="0.512" usertimems="0.000" systemtimems="0.000" timestamp="2019-07-02T20:42:37.671" activeThreads="4">
  <mem-info id="6212" free="24117056" total="44826624" percent="53">
    <mem type="nursery" free="16633344" total="18612224" percent="89">
      <mem type="allocate" free="16633344" total="16711680" percent="99" />
      <mem type="survivor" free="0" total="1900544" percent="0" />
    </mem>
    <mem type="tenure" free="7483712" total="26214400" percent="28" macro-fragmented="0">
      <mem type="soa" free="6172992" total="24903680" percent="24" />
      <mem type="loa" free="1310720" total="1310720" percent="100" />
    </mem>
    <remembered-set count="94" />
  </mem-info>
</gc-end>
<cycle-end id="6213" type="scavenge" contextid="6207" timestamp="2019-07-02T20:42:37.671">
  <attribute name="GC Util" value="12" />
  <attribute name="CPU Util" value="3799664461744" />
  <attribute name="Time Running"value="18771"/>
  <attribute name="Number of cores"value="4"/>
</cycle-end>
<allocation-satisfied id="6214" threadId="00000000022F5700" bytesRequested="40" />
<af-end id="6215" timestamp="2019-07-02T20:42:37.672" threadId="00000000022F6088" success="true" from="nursery"/>
<exclusive-end id="6216" timestamp="2019-07-02T20:42:37.672" durationms="1.511" />

<exclusive-start id="6217" timestamp="2019-07-02T20:42:37.675" intervalms="4.955">
  <response-info timems="0.028" idlems="0.028" threads="0" lastid="00000000022F5700" lastname="main" />
</exclusive-start>
<af-start id="6218" threadId="00000000022F6088" totalBytesRequested="24" timestamp="2019-07-02T20:42:37.675" intervalms="4.959" type="nursery" />
<cycle-start id="6219" type="scavenge" contextid="0" timestamp="2019-07-02T20:42:37.675" intervalms="4.943" />
  <attribute name="GC Util" value="12" />
  <attribute name="CPU Util" value="3799664461744" />
  <attribute name="Time Running"value="18771"/>
  <attribute name="Number of cores"value="4"/>
<gc-start id="6220" type="scavenge" contextid="6219" timestamp="2019-07-02T20:42:37.676">
  <mem-info id="6221" free="7483712" total="44826624" percent="16">
    <mem type="nursery" free="0" total="18612224" percent="0">
      <mem type="allocate" free="0" total="16711680" percent="0" />
      <mem type="survivor" free="0" total="1900544" percent="0" />
    </mem>
    <mem type="tenure" free="7483712" total="26214400" percent="28">
      <mem type="soa" free="6172992" total="24903680" percent="24" />
      <mem type="loa" free="1310720" total="1310720" percent="100" />
    </mem>
    <remembered-set count="94" />
  </mem-info>
</gc-start>
<allocation-stats totalBytes="16610912" >
  <allocated-bytes non-tlh="40" tlh="16610872" />
  <largest-consumer threadName="main" threadId="00000000022F5700" bytes="16610912" />
</allocation-stats>
<gc-op id="6222" type="scavenge" timems="0.188" contextid="6219" timestamp="2019-07-02T20:42:37.676">
  <scavenger-info tenureage="3" tenuremask="fff8" tiltratio="89" />
  <memory-copied type="nursery" objects="2" bytes="56" bytesdiscarded="39112" />
</gc-op>
<gc-end id="6223" type="scavenge" contextid="6219" durationms="0.543" usertimems="0.000" systemtimems="0.000" timestamp="2019-07-02T20:42:37.676" activeThreads="4">
  <mem-info id="6224" free="24156224" total="44826624" percent="53">
    <mem type="nursery" free="16672512" total="18612224" percent="89">
      <mem type="allocate" free="16672512" total="16711680" percent="99" />
      <mem type="survivor" free="0" total="1900544" percent="0" />
    </mem>
    <mem type="tenure" free="7483712" total="26214400" percent="28" macro-fragmented="22644">
      <mem type="soa" free="6172992" total="24903680" percent="24" />
      <mem type="loa" free="1310720" total="1310720" percent="100" />
    </mem>
    <remembered-set count="94" />
  </mem-info>
</gc-end>
<cycle-end id="6225" type="scavenge" contextid="6219" timestamp="2019-07-02T20:42:37.676">
  <attribute name="GC Util" value="11" />
  <attribute name="CPU Util" value="3762902253566" />
  <attribute name="Time Running"value="18776"/>
  <attribute name="Number of cores"value="4"/>
</cycle-end>
<allocation-satisfied id="6226" threadId="00000000022F5700" bytesRequested="24" />
<af-end id="6227" timestamp="2019-07-02T20:42:37.677" threadId="00000000022F6088" success="true" from="nursery"/>
<exclusive-end id="6228" timestamp="2019-07-02T20:42:37.677" durationms="1.477" />

<exclusive-start id="6229" timestamp="2019-07-02T20:42:37.680" intervalms="4.886">
  <response-info timems="0.029" idlems="0.029" threads="0" lastid="00000000022F5700" lastname="main" />
</exclusive-start>
<af-start id="6230" threadId="00000000022F6088" totalBytesRequested="40" timestamp="2019-07-02T20:42:37.680" intervalms="4.875" type="nursery" />
<cycle-start id="6231" type="scavenge" contextid="0" timestamp="2019-07-02T20:42:37.680" intervalms="4.891" />
  <attribute name="GC Util" value="11" />
  <attribute name="CPU Util" value="3762902253566" />
  <attribute name="Time Running"value="18776"/>
  <attribute name="Number of cores"value="4"/>
<gc-start id="6232" type="scavenge" contextid="6231" timestamp="2019-07-02T20:42:37.680">
  <mem-info id="6233" free="7483712" total="44826624" percent="16">
    <mem type="nursery" free="0" total="18612224" percent="0">
      <mem type="allocate" free="0" total="16711680" percent="0" />
      <mem type="survivor" free="0" total="1900544" percent="0" />
    </mem>
    <mem type="tenure" free="7483712" total="26214400" percent="28">
      <mem type="soa" free="6172992" total="24903680" percent="24" />
      <mem type="loa" free="1310720" total="1310720" percent="100" />
    </mem>
    <remembered-set count="94" />
  </mem-info>
</gc-start>
<allocation-stats totalBytes="16649784" >
  <allocated-bytes non-tlh="24" tlh="16649760" />
  <largest-consumer threadName="main" threadId="00000000022F5700" bytes="16649784" />
</allocation-stats>
<gc-op id="6234" type="scavenge" timems="0.154" contextid="6231" timestamp="2019-07-02T20:42:37.681">
  <scavenger-info tenureage="3" tenuremask="fff8" tiltratio="89" />
  <memory-copied type="nursery" objects="4" bytes="656" bytesdiscarded="38512" />
</gc-op>
<gc-end id="6235" type="scavenge" contextid="6231" durationms="0.443" usertimems="0.000" systemtimems="0.000" timestamp="2019-07-02T20:42:37.681" activeThreads="4">
  <mem-info id="6236" free="24156224" total="44826624" percent="53">
    <mem type="nursery" free="16672512" total="18612224" percent="89">
      <mem type="allocate" free="16672512" total="16711680" percent="99" />
      <mem type="survivor" free="0" total="1900544" percent="0" />
    </mem>
    <mem type="tenure" free="7483712" total="26214400" percent="28" macro-fragmented="0">
      <mem type="soa" free="6172992" total="24903680" percent="24" />
      <mem type="loa" free="1310720" total="1310720" percent="100" />
    </mem>
    <remembered-set count="94" />
  </mem-info>
</gc-end>
<cycle-end id="6237" type="scavenge" contextid="6231" timestamp="2019-07-02T20:42:37.681">
  <attribute name="GC Util" value="11" />
  <attribute name="CPU Util" value="3764344329747" />
  <attribute name="Time Running"value="18781"/>
  <attribute name="Number of cores"value="4"/>
</cycle-end>
<allocation-satisfied id="6238" threadId="00000000022F5700" bytesRequested="40" />
<af-end id="6239" timestamp="2019-07-02T20:42:37.681" threadId="00000000022F6088" success="true" from="nursery"/>
<exclusive-end id="6240" timestamp="2019-07-02T20:42:37.681" durationms="1.190" />

<exclusive-start id="6241" timestamp="2019-07-02T20:42:37.685" intervalms="4.597">
  <response-info timems="0.042" idlems="0.042" threads="0" lastid="00000000022F5700" lastname="main" />
</exclusive-start>
<af-start id="6242" threadId="00000000022F6088" totalBytesRequested="584" timestamp="2019-07-02T20:42:37.685" intervalms="4.579" type="nursery" />
<cycle-start id="6243" type="scavenge" contextid="0" timestamp="2019-07-02T20:42:37.685" intervalms="4.536" />
  <attribute name="GC Util" value="11" />
  <attribute name="CPU Util" value="3764344329747" />
  <attribute name="Time Running"value="18781"/>
  <attribute name="Number of cores"value="4"/>
<gc-start id="6244" type="scavenge" contextid="6243" timestamp="2019-07-02T20:42:37.685">
  <mem-info id="6245" free="7483712" total="44826624" percent="16">
    <mem type="nursery" free="0" total="18612224" percent="0">
      <mem type="allocate" free="0" total="16711680" percent="0" />
      <mem type="survivor" free="0" total="1900544" percent="0" />
    </mem>
    <mem type="tenure" free="7483712" total="26214400" percent="28">
      <mem type="soa" free="6172992" total="24903680" percent="24" />
      <mem type="loa" free="1310720" total="1310720" percent="100" />
    </mem>
    <remembered-set count="94" />
  </mem-info>
</gc-start>
<allocation-stats totalBytes="16649312" >
  <allocated-bytes non-tlh="40" tlh="16649272" />
  <largest-consumer threadName="main" threadId="00000000022F5700" bytes="16649312" />
</allocation-stats>
<gc-op id="6246" type="scavenge" timems="0.231" contextid="6243" timestamp="2019-07-02T20:42:37.685">
  <scavenger-info tenureage="3" tenuremask="fff8" tiltratio="89" />
  <memory-copied type="nursery" objects="3" bytes="72" bytesdiscarded="78264" />
</gc-op>
<gc-end id="6247" type="scavenge" contextid="6243" durationms="0.600" usertimems="0.000" systemtimems="0.000" timestamp="2019-07-02T20:42:37.686" activeThreads="4">
  <mem-info id="6248" free="24117056" total="44826624" percent="53">
    <mem type="nursery" free="16633344" total="18612224" percent="89">
      <mem type="allocate" free="16633344" total="16711680" percent="99" />
      <mem type="survivor" free="0" total="1900544" percent="0" />
    </mem>
    <mem type="tenure" free="7483712" total="26214400" percent="28" macro-fragmented="0">
      <mem type="soa" free="6172992" total="24903680" percent="24" />
      <mem type="loa" free="1310720" total="1310720" percent="100" />
    </mem>
    <remembered-set count="94" />
  </mem-info>
</gc-end>
<cycle-end id="6249" type="scavenge" contextid="6243" timestamp="2019-07-02T20:42:37.686">
  <attribute name="GC Util" value="11" />
  <attribute name="CPU Util" value="4054207178194" />
  <attribute name="Time Running"value="18785"/>
  <attribute name="Number of cores"value="4"/>
</cycle-end>
<allocation-satisfied id="6250" threadId="00000000022F5700" bytesRequested="584" />
<af-end id="6251" timestamp="2019-07-02T20:42:37.686" threadId="00000000022F6088" success="true" from="nursery"/>
<exclusive-end id="6252" timestamp="2019-07-02T20:42:37.686" durationms="1.504" />

<exclusive-start id="6253" timestamp="2019-07-02T20:42:37.690" intervalms="4.960">
  <response-info timems="0.029" idlems="0.029" threads="0" lastid="00000000022F5700" lastname="main" />
</exclusive-start>
<af-start id="6254" threadId="00000000022F6088" totalBytesRequested="32" timestamp="2019-07-02T20:42:37.690" intervalms="4.981" type="nursery" />
<cycle-start id="6255" type="scavenge" contextid="0" timestamp="2019-07-02T20:42:37.690" intervalms="5.045" />
  <attribute name="GC Util" value="11" />
  <attribute name="CPU Util" value="4054207178194" />
  <attribute name="Time Running"value="18785"/>
  <attribute name="Number of cores"value="4"/>
<gc-start id="6256" type="scavenge" contextid="6255" timestamp="2019-07-02T20:42:37.690">
  <mem-info id="6257" free="7483712" total="44826624" percent="16">
    <mem type="nursery" free="0" total="18612224" percent="0">
      <mem type="allocate" free="0" total="16711680" percent="0" />
      <mem type="survivor" free="0" total="1900544" percent="0" />
    </mem>
    <mem type="tenure" free="7483712" total="26214400" percent="28">
      <mem type="soa" free="6172992" total="24903680" percent="24" />
      <mem type="loa" free="1310720" total="1310720" percent="100" />
    </mem>
    <remembered-set count="94" />
  </mem-info>
</gc-start>
<allocation-stats totalBytes="16610728" >
  <allocated-bytes non-tlh="584" tlh="16610144" />
  <largest-consumer threadName="main" threadId="00000000022F5700" bytes="16610728" />
</allocation-stats>
<gc-op id="6258" type="scavenge" timems="0.171" contextid="6255" timestamp="2019-07-02T20:42:37.691">
  <scavenger-info tenureage="3" tenuremask="fff8" tiltratio="89" />
  <memory-copied type="nursery" objects="1" bytes="24" bytesdiscarded="39144" />
</gc-op>
<gc-end id="6259" type="scavenge" contextid="6255" durationms="0.655" usertimems="0.000" systemtimems="0.000" timestamp="2019-07-02T20:42:37.691" activeThreads="4">
  <mem-info id="6260" free="24156224" total="44826624" percent="53">
    <mem type="nursery" free="16672512" total="18612224" percent="89">
      <mem type="allocate" free="16672512" total="16711680" percent="99" />
      <mem type="survivor" free="0" total="1900544" percent="0" />
    </mem>
    <mem type="tenure" free="7483712" total="26214400" percent="28" macro-fragmented="0">
      <mem type="soa" free="6172992" total="24903680" percent="24" />
      <mem type="loa" free="1310720" total="1310720" percent="100" />
    </mem>
    <remembered-set count="94" />
  </mem-info>
</gc-end>
<cycle-end id="6261" type="scavenge" contextid="6255" timestamp="2019-07-02T20:42:37.691">
  <attribute name="GC Util" value="11" />
  <attribute name="CPU Util" value="3541631599330" />
  <attribute name="Time Running"value="18791"/>
  <attribute name="Number of cores"value="4"/>
</cycle-end>
<allocation-satisfied id="6262" threadId="00000000022F5700" bytesRequested="32" />
<af-end id="6263" timestamp="2019-07-02T20:42:37.691" threadId="00000000022F6088" success="true" from="nursery"/>
<exclusive-end id="6264" timestamp="2019-07-02T20:42:37.691" durationms="1.650" />

<exclusive-start id="6265" timestamp="2019-07-02T20:42:37.700" intervalms="10.060">
  <response-info timems="0.036" idlems="0.036" threads="0" lastid="00000000022F5700" lastname="main" />
</exclusive-start>
<af-start id="6266" threadId="00000000022F6088" totalBytesRequested="24" timestamp="2019-07-02T20:42:37.700" intervalms="10.080" type="nursery" />
<cycle-start id="6267" type="scavenge" contextid="0" timestamp="2019-07-02T20:42:37.700" intervalms="10.070" />
  <attribute name="GC Util" value="11" />
  <attribute name="CPU Util" value="3541631599330" />
  <attribute name="Time Running"value="18791"/>
  <attribute name="Number of cores"value="4"/>
<gc-start id="6268" type="scavenge" contextid="6267" timestamp="2019-07-02T20:42:37.700">
  <mem-info id="6269" free="7483712" total="44826624" percent="16">
    <mem type="nursery" free="0" total="18612224" percent="0">
      <mem type="allocate" free="0" total="16711680" percent="0" />
      <mem type="survivor" free="0" total="1900544" percent="0" />
    </mem>
    <mem type="tenure" free="7483712" total="26214400" percent="28">
      <mem type="soa" free="6172992" total="24903680" percent="24" />
      <mem type="loa" free="1310720" total="1310720" percent="100" />
    </mem>
    <remembered-set count="100" />
  </mem-info>
</gc-start>
<allocation-stats totalBytes="16657152" >
  <allocated-bytes non-tlh="32" tlh="16657120" />
  <largest-consumer threadName="main" threadId="00000000022F5700" bytes="16657152" />
</allocation-stats>
<gc-op id="6270" type="scavenge" timems="0.223" contextid="6267" timestamp="2019-07-02T20:42:37.701">
  <scavenger-info tenureage="3" tenuremask="fff8" tiltratio="89" />
  <memory-copied type="nursery" objects="29" bytes="1016" bytesdiscarded="77320" />
</gc-op>
<gc-end id="6271" type="scavenge" contextid="6267" durationms="0.712" usertimems="4.000" systemtimems="0.000" timestamp="2019-07-02T20:42:37.701" activeThreads="4">
  <mem-info id="6272" free="24117056" total="44826624" percent="53">
    <mem type="nursery" free="16633344" total="18612224" percent="89">
      <mem type="allocate" free="16633344" total="16711680" percent="99" />
      <mem type="survivor" free="0" total="1900544" percent="0" />
    </mem>
    <mem type="tenure" free="7483712" total="26214400" percent="28" macro-fragmented="0">
      <mem type="soa" free="6172992" total="24903680" percent="24" />
      <mem type="loa" free="1310720" total="1310720" percent="100" />
    </mem>
    <remembered-set count="100" />
  </mem-info>
</gc-end>
<cycle-end id="6273" type="scavenge" contextid="6267" timestamp="2019-07-02T20:42:37.701">
  <attribute name="GC Util" value="5" />
  <attribute name="CPU Util" value="1829896523441" />
  <attribute name="Time Running"value="18801"/>
  <attribute name="Number of cores"value="4"/>
</cycle-end>
<allocation-satisfied id="6274" threadId="00000000022F5700" bytesRequested="24" />
<af-end id="6275" timestamp="2019-07-02T20:42:37.701" threadId="00000000022F6088" success="true" from="nursery"/>
<exclusive-end id="6276" timestamp="2019-07-02T20:42:37.701" durationms="1.596" />

<exclusive-start id="6277" timestamp="2019-07-02T20:42:37.720" intervalms="20.123">
  <response-info timems="0.076" idlems="0.076" threads="0" lastid="00000000022F5700" lastname="main" />
</exclusive-start>
<af-start id="6278" threadId="00000000022F6088" totalBytesRequested="24" timestamp="2019-07-02T20:42:37.720" intervalms="20.131" type="nursery" />
<cycle-start id="6279" type="scavenge" contextid="0" timestamp="2019-07-02T20:42:37.720" intervalms="20.125" />
  <attribute name="GC Util" value="5" />
  <attribute name="CPU Util" value="1829896523441" />
  <attribute name="Time Running"value="18801"/>
  <attribute name="Number of cores"value="4"/>
<gc-start id="6280" type="scavenge" contextid="6279" timestamp="2019-07-02T20:42:37.720">
  <mem-info id="6281" free="7483712" total="44826624" percent="16">
    <mem type="nursery" free="0" total="18612224" percent="0">
      <mem type="allocate" free="0" total="16711680" percent="0" />
      <mem type="survivor" free="0" total="1900544" percent="0" />
    </mem>
    <mem type="tenure" free="7483712" total="26214400" percent="28">
      <mem type="soa" free="6172992" total="24903680" percent="24" />
      <mem type="loa" free="1310720" total="1310720" percent="100" />
    </mem>
    <remembered-set count="100" />
  </mem-info>
</gc-start>
<allocation-stats totalBytes="16632696" >
  <allocated-bytes non-tlh="24" tlh="16632672" />
  <largest-consumer threadName="main" threadId="00000000022F5700" bytes="16632696" />
</allocation-stats>
<gc-op id="6282" type="scavenge" timems="0.193" contextid="6279" timestamp="2019-07-02T20:42:37.721">
  <scavenger-info tenureage="3" tenuremask="fff8" tiltratio="89" />
  <memory-copied type="nursery" objects="29" bytes="1016" bytesdiscarded="38152" />
</gc-op>
<gc-end id="6283" type="scavenge" contextid="6279" durationms="0.721" usertimems="0.000" systemtimems="0.000" timestamp="2019-07-02T20:42:37.721" activeThreads="4">
  <mem-info id="6284" free="24156224" total="44826624" percent="53">
    <mem type="nursery" free="16672512" total="18612224" percent="89">
      <mem type="allocate" free="16672512" total="16711680" percent="99" />
      <mem type="survivor" free="0" total="1900544" percent="0" />
    </mem>
    <mem type="tenure" free="7483712" total="26214400" percent="28" macro-fragmented="0">
      <mem type="soa" free="6172992" total="24903680" percent="24" />
      <mem type="loa" free="1310720" total="1310720" percent="100" />
    </mem>
    <remembered-set count="92" />
  </mem-info>
</gc-end>
<cycle-end id="6285" type="scavenge" contextid="6279" timestamp="2019-07-02T20:42:37.721">
  <attribute name="GC Util" value="2" />
  <attribute name="CPU Util" value="914658641593" />
  <attribute name="Time Running"value="18821"/>
  <attribute name="Number of cores"value="4"/>
</cycle-end>
<allocation-satisfied id="6286" threadId="00000000022F5700" bytesRequested="24" />
<af-end id="6287" timestamp="2019-07-02T20:42:37.721" threadId="00000000022F6088" success="true" from="nursery"/>
<exclusive-end id="6288" timestamp="2019-07-02T20:42:37.722" durationms="1.801" />

<exclusive-start id="6289" timestamp="2019-07-02T20:42:37.751" intervalms="31.001">
  <response-info timems="0.055" idlems="0.055" threads="0" lastid="00000000022F5700" lastname="main" />
</exclusive-start>
<af-start id="6290" threadId="00000000022F6088" totalBytesRequested="32" timestamp="2019-07-02T20:42:37.751" intervalms="31.052" type="nursery" />
<cycle-start id="6291" type="scavenge" contextid="0" timestamp="2019-07-02T20:42:37.751" intervalms="31.060" />
  <attribute name="GC Util" value="2" />
  <attribute name="CPU Util" value="914658641593" />
  <attribute name="Time Running"value="18821"/>
  <attribute name="Number of cores"value="4"/>
<gc-start id="6292" type="scavenge" contextid="6291" timestamp="2019-07-02T20:42:37.751">
  <mem-info id="6293" free="7483712" total="44826624" percent="16">
    <mem type="nursery" free="0" total="18612224" percent="0">
      <mem type="allocate" free="0" total="16711680" percent="0" />
      <mem type="survivor" free="0" total="1900544" percent="0" />
    </mem>
    <mem type="tenure" free="7483712" total="26214400" percent="28">
      <mem type="soa" free="6172992" total="24903680" percent="24" />
      <mem type="loa" free="1310720" total="1310720" percent="100" />
    </mem>
    <remembered-set count="94" />
  </mem-info>
</gc-start>
<allocation-stats totalBytes="16670640" >
  <allocated-bytes non-tlh="24" tlh="16670616" />
  <largest-consumer threadName="main" threadId="00000000022F5700" bytes="16670640" />
</allocation-stats>
<gc-op id="6294" type="scavenge" timems="0.196" contextid="6291" timestamp="2019-07-02T20:42:37.752">
  <scavenger-info tenureage="3" tenuremask="fff8" tiltratio="89" />
  <memory-copied type="nursery" objects="37" bytes="1256" bytesdiscarded="77080" />
</gc-op>
<gc-end id="6295" type="scavenge" contextid="6291" durationms="0.628" usertimems="0.000" systemtimems="0.000" timestamp="2019-07-02T20:42:37.752" activeThreads="4">
  <mem-info id="6296" free="24117056" total="44826624" percent="53">
    <mem type="nursery" free="16633344" total="18612224" percent="89">
      <mem type="allocate" free="16633344" total="16711680" percent="99" />
      <mem type="survivor" free="0" total="1900544" percent="0" />
    </mem>
    <mem type="tenure" free="7483712" total="26214400" percent="28" macro-fragmented="0">
      <mem type="soa" free="6172992" total="24903680" percent="24" />
      <mem type="loa" free="1310720" total="1310720" percent="100" />
    </mem>
    <remembered-set count="94" />
  </mem-info>
</gc-end>
<cycle-end id="6297" type="scavenge" contextid="6291" timestamp="2019-07-02T20:42:37.752">
  <attribute name="GC Util" value="2" />
  <attribute name="CPU Util" value="595713253488" />
  <attribute name="Time Running"value="18852"/>
  <attribute name="Number of cores"value="4"/>
</cycle-end>
<allocation-satisfied id="6298" threadId="00000000022F5700" bytesRequested="32" />
<af-end id="6299" timestamp="2019-07-02T20:42:37.752" threadId="00000000022F6088" success="true" from="nursery"/>
<exclusive-end id="6300" timestamp="2019-07-02T20:42:37.752" durationms="1.528" />

<exclusive-start id="6301" timestamp="2019-07-02T20:42:37.783" intervalms="31.953">
  <response-info timems="0.056" idlems="0.056" threads="0" lastid="00000000022F5700" lastname="main" />
</exclusive-start>
<af-start id="6302" threadId="00000000022F6088" totalBytesRequested="32" timestamp="2019-07-02T20:42:37.783" intervalms="31.876" type="nursery" />
<cycle-start id="6303" type="scavenge" contextid="0" timestamp="2019-07-02T20:42:37.783" intervalms="31.872" />
  <attribute name="GC Util" value="2" />
  <attribute name="CPU Util" value="595713253488" />
  <attribute name="Time Running"value="18852"/>
  <attribute name="Number of cores"value="4"/>
<gc-start id="6304" type="scavenge" contextid="6303" timestamp="2019-07-02T20:42:37.783">
  <mem-info id="6305" free="7483712" total="44826624" percent="16">
    <mem type="nursery" free="0" total="18612224" percent="0">
      <mem type="allocate" free="0" total="16711680" percent="0" />
      <mem type="survivor" free="0" total="1900544" percent="0" />
    </mem>
    <mem type="tenure" free="7483712" total="26214400" percent="28">
      <mem type="soa" free="6172992" total="24903680" percent="24" />
      <mem type="loa" free="1310720" total="1310720" percent="100" />
    </mem>
    <remembered-set count="94" />
  </mem-info>
</gc-start>
<allocation-stats totalBytes="16630824" >
  <allocated-bytes non-tlh="32" tlh="16630792" />
  <largest-consumer threadName="main" threadId="00000000022F5700" bytes="16630824" />
</allocation-stats>
<gc-op id="6306" type="scavenge" timems="0.164" contextid="6303" timestamp="2019-07-02T20:42:37.784">
  <scavenger-info tenureage="4" tenuremask="fff0" tiltratio="89" />
  <memory-copied type="nursery" objects="37" bytes="1256" bytesdiscarded="37912" />
</gc-op>
<gc-end id="6307" type="scavenge" contextid="6303" durationms="0.608" usertimems="0.000" systemtimems="0.000" timestamp="2019-07-02T20:42:37.784" activeThreads="4">
  <mem-info id="6308" free="24156224" total="44826624" percent="53">
    <mem type="nursery" free="16672512" total="18612224" percent="89">
      <mem type="allocate" free="16672512" total="16711680" percent="99" />
      <mem type="survivor" free="0" total="1900544" percent="0" />
    </mem>
    <mem type="tenure" free="7483712" total="26214400" percent="28" macro-fragmented="0">
      <mem type="soa" free="6172992" total="24903680" percent="24" />
      <mem type="loa" free="1310720" total="1310720" percent="100" />
    </mem>
    <remembered-set count="94" />
  </mem-info>
</gc-end>
<cycle-end id="6309" type="scavenge" contextid="6303" timestamp="2019-07-02T20:42:37.784">
  <attribute name="GC Util" value="1" />
  <attribute name="CPU Util" value="578900962867" />
  <attribute name="Time Running"value="18884"/>
  <attribute name="Number of cores"value="4"/>
</cycle-end>
<allocation-satisfied id="6310" threadId="00000000022F5700" bytesRequested="32" />
<af-end id="6311" timestamp="2019-07-02T20:42:37.784" threadId="00000000022F6088" success="true" from="nursery"/>
<exclusive-end id="6312" timestamp="2019-07-02T20:42:37.784" durationms="1.458" />

<exclusive-start id="6313" timestamp="2019-07-02T20:42:37.981" intervalms="198.175">
  <response-info timems="0.027" idlems="0.027" threads="0" lastid="00000000022F5700" lastname="main" />
</exclusive-start>
<af-start id="6314" threadId="00000000022F6088" totalBytesRequested="1168" timestamp="2019-07-02T20:42:37.981" intervalms="198.272" type="nursery" />
<cycle-start id="6315" type="scavenge" contextid="0" timestamp="2019-07-02T20:42:37.981" intervalms="198.297" />
  <attribute name="GC Util" value="1" />
  <attribute name="CPU Util" value="578900962867" />
  <attribute name="Time Running"value="18884"/>
  <attribute name="Number of cores"value="4"/>
<gc-start id="6316" type="scavenge" contextid="6315" timestamp="2019-07-02T20:42:37.982">
  <mem-info id="6317" free="7483712" total="44826624" percent="16">
    <mem type="nursery" free="0" total="18612224" percent="0">
      <mem type="allocate" free="0" total="16711680" percent="0" />
      <mem type="survivor" free="0" total="1900544" percent="0" />
    </mem>
    <mem type="tenure" free="7483712" total="26214400" percent="28">
      <mem type="soa" free="6172992" total="24903680" percent="24" />
      <mem type="loa" free="1310720" total="1310720" percent="100" />
    </mem>
    <remembered-set count="110" />
  </mem-info>
</gc-start>
<allocation-stats totalBytes="16620944" >
  <allocated-bytes non-tlh="32" tlh="16620912" />
  <largest-consumer threadName="main" threadId="00000000022F5700" bytes="16620944" />
</allocation-stats>
<gc-op id="6318" type="scavenge" timems="0.320" contextid="6315" timestamp="2019-07-02T20:42:37.982">
  <scavenger-info tenureage="3" tenuremask="fff8" tiltratio="89" />
  <memory-copied type="nursery" objects="73" bytes="3016" bytesdiscarded="36152" />
  <memory-copied type="tenure" objects="14" bytes="520" bytesdiscarded="0" />
</gc-op>
<gc-end id="6319" type="scavenge" contextid="6315" durationms="0.858" usertimems="0.000" systemtimems="0.000" timestamp="2019-07-02T20:42:37.982" activeThreads="4">
  <mem-info id="6320" free="24156224" total="44826624" percent="53">
    <mem type="nursery" free="16672512" total="18612224" percent="89">
      <mem type="allocate" free="16672512" total="16711680" percent="99" />
      <mem type="survivor" free="0" total="1900544" percent="0" />
    </mem>
    <mem type="tenure" free="7483712" total="26214400" percent="28" macro-fragmented="0">
      <mem type="soa" free="6172992" total="24903680" percent="24" />
      <mem type="loa" free="1310720" total="1310720" percent="100" />
    </mem>
    <remembered-set count="106" />
  </mem-info>
</gc-end>
<cycle-end id="6321" type="scavenge" contextid="6315" timestamp="2019-07-02T20:42:37.983">
  <attribute name="GC Util" value="0" />
  <attribute name="CPU Util" value="92965790969" />
  <attribute name="Time Running"value="19082"/>
  <attribute name="Number of cores"value="4"/>
</cycle-end>
<allocation-satisfied id="6322" threadId="00000000022F5700" bytesRequested="1168" />
<af-end id="6323" timestamp="2019-07-02T20:42:37.983" threadId="00000000022F6088" success="true" from="nursery"/>
<exclusive-end id="6324" timestamp="2019-07-02T20:42:37.983" durationms="1.944" />

<exclusive-start id="6325" timestamp="2019-07-02T20:42:37.984" intervalms="3.535">
  <response-info timems="0.064" idlems="0.064" threads="0" lastid="00000000022F5700" lastname="main" />
</exclusive-start>
<af-start id="6326" threadId="00000000022F6088" totalBytesRequested="1168" timestamp="2019-07-02T20:42:37.985" intervalms="3.397" type="nursery" />
<cycle-start id="6327" type="scavenge" contextid="0" timestamp="2019-07-02T20:42:37.985" intervalms="3.325" />
  <attribute name="GC Util" value="0" />
  <attribute name="CPU Util" value="92965790969" />
  <attribute name="Time Running"value="19082"/>
  <attribute name="Number of cores"value="4"/>
<gc-start id="6328" type="scavenge" contextid="6327" timestamp="2019-07-02T20:42:37.985">
  <mem-info id="6329" free="7483712" total="44826624" percent="16">
    <mem type="nursery" free="0" total="18612224" percent="0">
      <mem type="allocate" free="0" total="16711680" percent="0" />
      <mem type="survivor" free="0" total="1900544" percent="0" />
    </mem>
    <mem type="tenure" free="7483712" total="26214400" percent="28">
      <mem type="soa" free="6172992" total="24903680" percent="24" />
      <mem type="loa" free="1310720" total="1310720" percent="100" />
    </mem>
    <remembered-set count="106" />
  </mem-info>
</gc-start>
<allocation-stats totalBytes="16608592" >
  <allocated-bytes non-tlh="1168" tlh="16607424" />
  <largest-consumer threadName="main" threadId="00000000022F5700" bytes="16608592" />
</allocation-stats>
<gc-op id="6330" type="scavenge" timems="0.225" contextid="6327" timestamp="2019-07-02T20:42:37.985">
  <scavenger-info tenureage="4" tenuremask="ffd0" tiltratio="89" />
  <memory-copied type="nursery" objects="73" bytes="3016" bytesdiscarded="75320" />
</gc-op>
<gc-end id="6331" type="scavenge" contextid="6327" durationms="0.594" usertimems="4.000" systemtimems="0.000" timestamp="2019-07-02T20:42:37.985" activeThreads="4">
  <mem-info id="6332" free="24117056" total="44826624" percent="53">
    <mem type="nursery" free="16633344" total="18612224" percent="89">
      <mem type="allocate" free="16633344" total="16711680" percent="99" />
      <mem type="survivor" free="0" total="1900544" percent="0" />
    </mem>
    <mem type="tenure" free="7483712" total="26214400" percent="28" macro-fragmented="0">
      <mem type="soa" free="6172992" total="24903680" percent="24" />
      <mem type="loa" free="1310720" total="1310720" percent="100" />
    </mem>
    <remembered-set count="106" />
  </mem-info>
</gc-end>
<cycle-end id="6333" type="scavenge" contextid="6327" timestamp="2019-07-02T20:42:37.986">
  <attribute name="GC Util" value="28" />
  <attribute name="CPU Util" value="6019416948559" />
  <attribute name="Time Running"value="19085"/>
  <attribute name="Number of cores"value="4"/>
</cycle-end>
<allocation-satisfied id="6334" threadId="00000000022F5700" bytesRequested="1168" />
<af-end id="6335" timestamp="2019-07-02T20:42:37.986" threadId="00000000022F6088" success="true" from="nursery"/>
<exclusive-end id="6336" timestamp="2019-07-02T20:42:37.986" durationms="1.457" />

<exclusive-start id="6337" timestamp="2019-07-02T20:42:37.988" intervalms="3.044">
  <response-info timems="0.055" idlems="0.055" threads="0" lastid="00000000022F5700" lastname="main" />
</exclusive-start>
<af-start id="6338" threadId="00000000022F6088" totalBytesRequested="1168" timestamp="2019-07-02T20:42:37.988" intervalms="3.076" type="nursery" />
<cycle-start id="6339" type="scavenge" contextid="0" timestamp="2019-07-02T20:42:37.988" intervalms="3.115" />
  <attribute name="GC Util" value="28" />
  <attribute name="CPU Util" value="6019416948559" />
  <attribute name="Time Running"value="19085"/>
  <attribute name="Number of cores"value="4"/>
<gc-start id="6340" type="scavenge" contextid="6339" timestamp="2019-07-02T20:42:37.988">
  <mem-info id="6341" free="7483712" total="44826624" percent="16">
    <mem type="nursery" free="0" total="18612224" percent="0">
      <mem type="allocate" free="0" total="16711680" percent="0" />
      <mem type="survivor" free="0" total="1900544" percent="0" />
    </mem>
    <mem type="tenure" free="7483712" total="26214400" percent="28">
      <mem type="soa" free="6172992" total="24903680" percent="24" />
      <mem type="loa" free="1310720" total="1310720" percent="100" />
    </mem>
    <remembered-set count="106" />
  </mem-info>
</gc-start>
<allocation-stats totalBytes="16569168" >
  <allocated-bytes non-tlh="1168" tlh="16568000" />
  <largest-consumer threadName="main" threadId="00000000022F5700" bytes="16569168" />
</allocation-stats>
<gc-op id="6342" type="scavenge" timems="0.248" contextid="6339" timestamp="2019-07-02T20:42:37.988">
  <scavenger-info tenureage="2" tenuremask="fffc" tiltratio="89" />
  <memory-copied type="tenure" objects="73" bytes="3016" bytesdiscarded="8" />
</gc-op>
<gc-end id="6343" type="scavenge" contextid="6339" durationms="0.514" usertimems="0.000" systemtimems="0.000" timestamp="2019-07-02T20:42:37.988" activeThreads="4">
  <mem-info id="6344" free="24156224" total="44826624" percent="53">
    <mem type="nursery" free="16711680" total="18612224" percent="89">
      <mem type="allocate" free="16711680" total="16711680" percent="100" />
      <mem type="survivor" free="0" total="1900544" percent="0" />
    </mem>
    <mem type="tenure" free="7444544" total="26214400" percent="28" macro-fragmented="0">
      <mem type="soa" free="6133824" total="24903680" percent="24" />
      <mem type="loa" free="1310720" total="1310720" percent="100" />
    </mem>
    <remembered-set count="95" />
  </mem-info>
</gc-end>
<cycle-end id="6345" type="scavenge" contextid="6339" timestamp="2019-07-02T20:42:37.989">
  <attribute name="GC Util" value="23" />
  <attribute name="CPU Util" value="5978299969006" />
  <attribute name="Time Running"value="19088"/>
  <attribute name="Number of cores"value="4"/>
</cycle-end>
<allocation-satisfied id="6346" threadId="00000000022F5700" bytesRequested="1168" />
<af-end id="6347" timestamp="2019-07-02T20:42:37.989" threadId="00000000022F6088" success="true" from="nursery"/>
<exclusive-end id="6348" timestamp="2019-07-02T20:42:37.989" durationms="1.355" />

<exclusive-start id="6349" timestamp="2019-07-02T20:42:37.991" intervalms="3.007">
  <response-info timems="0.036" idlems="0.036" threads="0" lastid="00000000022F5700" lastname="main" />
</exclusive-start>
<af-start id="6350" threadId="00000000022F6088" totalBytesRequested="1168" timestamp="2019-07-02T20:42:37.991" intervalms="3.008" type="nursery" />
<cycle-start id="6351" type="scavenge" contextid="0" timestamp="2019-07-02T20:42:37.991" intervalms="3.016" />
  <attribute name="GC Util" value="23" />
  <attribute name="CPU Util" value="5978299969006" />
  <attribute name="Time Running"value="19088"/>
  <attribute name="Number of cores"value="4"/>
<gc-start id="6352" type="scavenge" contextid="6351" timestamp="2019-07-02T20:42:37.991">
  <mem-info id="6353" free="7444544" total="44826624" percent="16">
    <mem type="nursery" free="0" total="18612224" percent="0">
      <mem type="allocate" free="0" total="16711680" percent="0" />
      <mem type="survivor" free="0" total="1900544" percent="0" />
    </mem>
    <mem type="tenure" free="7444544" total="26214400" percent="28">
      <mem type="soa" free="6133824" total="24903680" percent="24" />
      <mem type="loa" free="1310720" total="1310720" percent="100" />
    </mem>
    <remembered-set count="96" />
  </mem-info>
</gc-start>
<allocation-stats totalBytes="16649976" >
  <allocated-bytes non-tlh="1168" tlh="16648808" />
  <largest-consumer threadName="main" threadId="00000000022F5700" bytes="16649976" />
</allocation-stats>
<gc-op id="6354" type="scavenge" timems="0.196" contextid="6351" timestamp="2019-07-02T20:42:37.991">
  <scavenger-info tenureage="2" tenuremask="ffd4" tiltratio="89" />
  <memory-copied type="nursery" objects="1" bytes="24" bytesdiscarded="39144" />
</gc-op>
<gc-end id="6355" type="scavenge" contextid="6351" durationms="0.459" usertimems="0.000" systemtimems="0.000" timestamp="2019-07-02T20:42:37.991" activeThreads="4">
  <mem-info id="6356" free="24117056" total="44826624" percent="53">
    <mem type="nursery" free="16672512" total="18612224" percent="89">
      <mem type="allocate" free="16672512" total="16711680" percent="99" />
      <mem type="survivor" free="0" total="1900544" percent="0" />
    </mem>
    <mem type="tenure" free="7444544" total="26214400" percent="28" macro-fragmented="0">
      <mem type="soa" free="6133824" total="24903680" percent="24" />
      <mem type="loa" free="1310720" total="1310720" percent="100" />
    </mem>
    <remembered-set count="96" />
  </mem-info>
</gc-end>
<cycle-end id="6357" type="scavenge" contextid="6351" timestamp="2019-07-02T20:42:37.992">
  <attribute name="GC Util" value="22" />
  <attribute name="CPU Util" value="6105684391413" />
  <attribute name="Time Running"value="19091"/>
  <attribute name="Number of cores"value="4"/>
</cycle-end>
<allocation-satisfied id="6358" threadId="00000000022F5700" bytesRequested="1168" />
<af-end id="6359" timestamp="2019-07-02T20:42:37.992" threadId="00000000022F6088" success="true" from="nursery"/>
<exclusive-end id="6360" timestamp="2019-07-02T20:42:37.992" durationms="1.372" />

<exclusive-start id="6361" timestamp="2019-07-02T20:42:37.993" intervalms="2.913">
  <response-info timems="0.029" idlems="0.029" threads="0" lastid="00000000022F5700" lastname="main" />
</exclusive-start>
<af-start id="6362" threadId="00000000022F6088" totalBytesRequested="1168" timestamp="2019-07-02T20:42:37.994" intervalms="2.915" type="nursery" />
<cycle-start id="6363" type="scavenge" contextid="0" timestamp="2019-07-02T20:42:37.994" intervalms="2.907" />
  <attribute name="GC Util" value="22" />
  <attribute name="CPU Util" value="6105684391413" />
  <attribute name="Time Running"value="19091"/>
  <attribute name="Number of cores"value="4"/>
<gc-start id="6364" type="scavenge" contextid="6363" timestamp="2019-07-02T20:42:37.994">
  <mem-info id="6365" free="7444544" total="44826624" percent="16">
    <mem type="nursery" free="0" total="18612224" percent="0">
      <mem type="allocate" free="0" total="16711680" percent="0" />
      <mem type="survivor" free="0" total="1900544" percent="0" />
    </mem>
    <mem type="tenure" free="7444544" total="26214400" percent="28">
      <mem type="soa" free="6133824" total="24903680" percent="24" />
      <mem type="loa" free="1310720" total="1310720" percent="100" />
    </mem>
    <remembered-set count="96" />
  </mem-info>
</gc-start>
<allocation-stats totalBytes="16613816" >
  <allocated-bytes non-tlh="1168" tlh="16612648" />
  <largest-consumer threadName="main" threadId="00000000022F5700" bytes="16613816" />
</allocation-stats>
<gc-op id="6366" type="scavenge" timems="0.194" contextid="6363" timestamp="2019-07-02T20:42:37.994">
  <scavenger-info tenureage="2" tenuremask="fffc" tiltratio="89" />
  <memory-copied type="nursery" objects="1" bytes="24" bytesdiscarded="39144" />
</gc-op>
<gc-end id="6367" type="scavenge" contextid="6363" durationms="0.541" usertimems="4.000" systemtimems="0.000" timestamp="2019-07-02T20:42:37.994" activeThreads="4">
  <mem-info id="6368" free="24117056" total="44826624" percent="53">
    <mem type="nursery" free="16672512" total="18612224" percent="89">
      <mem type="allocate" free="16672512" total="16711680" percent="99" />
      <mem type="survivor" free="0" total="1900544" percent="0" />
    </mem>
    <mem type="tenure" free="7444544" total="26214400" percent="28" macro-fragmented="57864">
      <mem type="soa" free="6133824" total="24903680" percent="24" />
      <mem type="loa" free="1310720" total="1310720" percent="100" />
    </mem>
    <remembered-set count="96" />
  </mem-info>
</gc-end>
<cycle-end id="6369" type="scavenge" contextid="6363" timestamp="2019-07-02T20:42:37.995">
  <attribute name="GC Util" value="20" />
  <attribute name="CPU Util" value="6298185876168" />
  <attribute name="Time Running"value="19094"/>
  <attribute name="Number of cores"value="4"/>
</cycle-end>
<allocation-satisfied id="6370" threadId="00000000022F5700" bytesRequested="1168" />
<af-end id="6371" timestamp="2019-07-02T20:42:37.995" threadId="00000000022F6088" success="true" from="nursery"/>
<exclusive-end id="6372" timestamp="2019-07-02T20:42:37.995" durationms="1.420" />

<exclusive-start id="6373" timestamp="2019-07-02T20:42:37.996" intervalms="3.039">
  <response-info timems="0.069" idlems="0.069" threads="0" lastid="00000000022F5700" lastname="main" />
</exclusive-start>
<af-start id="6374" threadId="00000000022F6088" totalBytesRequested="1168" timestamp="2019-07-02T20:42:37.997" intervalms="3.033" type="nursery" />
<cycle-start id="6375" type="scavenge" contextid="0" timestamp="2019-07-02T20:42:37.997" intervalms="3.040" />
  <attribute name="GC Util" value="20" />
  <attribute name="CPU Util" value="6298185876168" />
  <attribute name="Time Running"value="19094"/>
  <attribute name="Number of cores"value="4"/>
<gc-start id="6376" type="scavenge" contextid="6375" timestamp="2019-07-02T20:42:37.997">
  <mem-info id="6377" free="7444544" total="44826624" percent="16">
    <mem type="nursery" free="0" total="18612224" percent="0">
      <mem type="allocate" free="0" total="16711680" percent="0" />
      <mem type="survivor" free="0" total="1900544" percent="0" />
    </mem>
    <mem type="tenure" free="7444544" total="26214400" percent="28">
      <mem type="soa" free="6133824" total="24903680" percent="24" />
      <mem type="loa" free="1310720" total="1310720" percent="100" />
    </mem>
    <remembered-set count="96" />
  </mem-info>
</gc-start>
<allocation-stats totalBytes="16615072" >
  <allocated-bytes non-tlh="1168" tlh="16613904" />
  <largest-consumer threadName="main" threadId="00000000022F5700" bytes="16615072" />
</allocation-stats>
<gc-op id="6378" type="scavenge" timems="0.201" contextid="6375" timestamp="2019-07-02T20:42:37.997">
  <scavenger-info tenureage="3" tenuremask="fff8" tiltratio="89" />
  <memory-copied type="nursery" objects="1" bytes="24" bytesdiscarded="39144" />
</gc-op>
<gc-end id="6379" type="scavenge" contextid="6375" durationms="0.578" usertimems="0.000" systemtimems="0.000" timestamp="2019-07-02T20:42:37.997" activeThreads="4">
  <mem-info id="6380" free="24117056" total="44826624" percent="53">
    <mem type="nursery" free="16672512" total="18612224" percent="89">
      <mem type="allocate" free="16672512" total="16711680" percent="99" />
      <mem type="survivor" free="0" total="1900544" percent="0" />
    </mem>
    <mem type="tenure" free="7444544" total="26214400" percent="28" macro-fragmented="0">
      <mem type="soa" free="6133824" total="24903680" percent="24" />
      <mem type="loa" free="1310720" total="1310720" percent="100" />
    </mem>
    <remembered-set count="96" />
  </mem-info>
</gc-end>
<cycle-end id="6381" type="scavenge" contextid="6375" timestamp="2019-07-02T20:42:37.998">
  <attribute name="GC Util" value="19" />
  <attribute name="CPU Util" value="5869644798442" />
  <attribute name="Time Running"value="19097"/>
  <attribute name="Number of cores"value="4"/>
</cycle-end>
<allocation-satisfied id="6382" threadId="00000000022F5700" bytesRequested="1168" />
<af-end id="6383" timestamp="2019-07-02T20:42:37.998" threadId="00000000022F6088" success="true" from="nursery"/>
<exclusive-end id="6384" timestamp="2019-07-02T20:42:37.998" durationms="1.457" />

<exclusive-start id="6385" timestamp="2019-07-02T20:42:37.999" intervalms="2.967">
  <response-info timems="0.034" idlems="0.034" threads="0" lastid="00000000022F5700" lastname="main" />
</exclusive-start>
<af-start id="6386" threadId="00000000022F6088" totalBytesRequested="1168" timestamp="2019-07-02T20:42:38.000" intervalms="2.945" type="nursery" />
<cycle-start id="6387" type="scavenge" contextid="0" timestamp="2019-07-02T20:42:38.000" intervalms="2.933" />
  <attribute name="GC Util" value="19" />
  <attribute name="CPU Util" value="5869644798442" />
  <attribute name="Time Running"value="19097"/>
  <attribute name="Number of cores"value="4"/>
<gc-start id="6388" type="scavenge" contextid="6387" timestamp="2019-07-02T20:42:38.000">
  <mem-info id="6389" free="7444544" total="44826624" percent="16">
    <mem type="nursery" free="0" total="18612224" percent="0">
      <mem type="allocate" free="0" total="16711680" percent="0" />
      <mem type="survivor" free="0" total="1900544" percent="0" />
    </mem>
    <mem type="tenure" free="7444544" total="26214400" percent="28">
      <mem type="soa" free="6133824" total="24903680" percent="24" />
      <mem type="loa" free="1310720" total="1310720" percent="100" />
    </mem>
    <remembered-set count="96" />
  </mem-info>
</gc-start>
<allocation-stats totalBytes="16613816" >
  <allocated-bytes non-tlh="1168" tlh="16612648" />
  <largest-consumer threadName="main" threadId="00000000022F5700" bytes="16613816" />
</allocation-stats>
<gc-op id="6390" type="scavenge" timems="0.199" contextid="6387" timestamp="2019-07-02T20:42:38.000">
  <scavenger-info tenureage="3" tenuremask="fff8" tiltratio="89" />
  <memory-copied type="nursery" objects="1" bytes="24" bytesdiscarded="39144" />
</gc-op>
<gc-end id="6391" type="scavenge" contextid="6387" durationms="0.471" usertimems="0.000" systemtimems="0.000" timestamp="2019-07-02T20:42:38.000" activeThreads="4">
  <mem-info id="6392" free="24117056" total="44826624" percent="53">
    <mem type="nursery" free="16672512" total="18612224" percent="89">
      <mem type="allocate" free="16672512" total="16711680" percent="99" />
      <mem type="survivor" free="0" total="1900544" percent="0" />
    </mem>
    <mem type="tenure" free="7444544" total="26214400" percent="28" macro-fragmented="0">
      <mem type="soa" free="6133824" total="24903680" percent="24" />
      <mem type="loa" free="1310720" total="1310720" percent="100" />
    </mem>
    <remembered-set count="96" />
  </mem-info>
</gc-end>
<cycle-end id="6393" type="scavenge" contextid="6387" timestamp="2019-07-02T20:42:38.000">
  <attribute name="GC Util" value="22" />
  <attribute name="CPU Util" value="6544919382240" />
  <attribute name="Time Running"value="19100"/>
  <attribute name="Number of cores"value="4"/>
</cycle-end>
<allocation-satisfied id="6394" threadId="00000000022F5700" bytesRequested="1168" />
<af-end id="6395" timestamp="2019-07-02T20:42:38.001" threadId="00000000022F6088" success="true" from="nursery"/>
<exclusive-end id="6396" timestamp="2019-07-02T20:42:38.001" durationms="1.354" />

<exclusive-start id="6397" timestamp="2019-07-02T20:42:38.003" intervalms="3.090">
  <response-info timems="0.042" idlems="0.042" threads="0" lastid="00000000022F5700" lastname="main" />
</exclusive-start>
<af-start id="6398" threadId="00000000022F6088" totalBytesRequested="1168" timestamp="2019-07-02T20:42:38.003" intervalms="3.115" type="nursery" />
<cycle-start id="6399" type="scavenge" contextid="0" timestamp="2019-07-02T20:42:38.003" intervalms="3.113" />
  <attribute name="GC Util" value="22" />
  <attribute name="CPU Util" value="6544919382240" />
  <attribute name="Time Running"value="19100"/>
  <attribute name="Number of cores"value="4"/>
<gc-start id="6400" type="scavenge" contextid="6399" timestamp="2019-07-02T20:42:38.003">
  <mem-info id="6401" free="7444544" total="44826624" percent="16">
    <mem type="nursery" free="0" total="18612224" percent="0">
      <mem type="allocate" free="0" total="16711680" percent="0" />
      <mem type="survivor" free="0" total="1900544" percent="0" />
    </mem>
    <mem type="tenure" free="7444544" total="26214400" percent="28">
      <mem type="soa" free="6133824" total="24903680" percent="24" />
      <mem type="loa" free="1310720" total="1310720" percent="100" />
    </mem>
    <remembered-set count="96" />
  </mem-info>
</gc-start>
<allocation-stats totalBytes="16615072" >
  <allocated-bytes non-tlh="1168" tlh="16613904" />
  <largest-consumer threadName="main" threadId="00000000022F5700" bytes="16615072" />
</allocation-stats>
<gc-op id="6402" type="scavenge" timems="0.205" contextid="6399" timestamp="2019-07-02T20:42:38.003">
  <scavenger-info tenureage="3" tenuremask="fff8" tiltratio="89" />
  <memory-copied type="nursery" objects="1" bytes="24" bytesdiscarded="39144" />
</gc-op>
<gc-end id="6403" type="scavenge" contextid="6399" durationms="0.483" usertimems="4.000" systemtimems="0.000" timestamp="2019-07-02T20:42:38.003" activeThreads="4">
  <mem-info id="6404" free="24117056" total="44826624" percent="53">
    <mem type="nursery" free="16672512" total="18612224" percent="89">
      <mem type="allocate" free="16672512" total="16711680" percent="99" />
      <mem type="survivor" free="0" total="1900544" percent="0" />
    </mem>
    <mem type="tenure" free="7444544" total="26214400" percent="28" macro-fragmented="1500163">
      <mem type="soa" free="6133824" total="24903680" percent="24" />
      <mem type="loa" free="1310720" total="1310720" percent="100" />
    </mem>
    <remembered-set count="96" />
  </mem-info>
</gc-end>
<cycle-end id="6405" type="scavenge" contextid="6399" timestamp="2019-07-02T20:42:38.004">
  <attribute name="GC Util" value="20" />
  <attribute name="CPU Util" value="5994276329396" />
  <attribute name="Time Running"value="19103"/>
  <attribute name="Number of cores"value="4"/>
</cycle-end>
<allocation-satisfied id="6406" threadId="00000000022F5700" bytesRequested="1168" />
<af-end id="6407" timestamp="2019-07-02T20:42:38.004" threadId="00000000022F6088" success="true" from="nursery"/>
<exclusive-end id="6408" timestamp="2019-07-02T20:42:38.004" durationms="1.299" />

<exclusive-start id="6409" timestamp="2019-07-02T20:42:38.005" intervalms="2.869">
  <response-info timems="0.038" idlems="0.038" threads="0" lastid="00000000022F5700" lastname="main" />
</exclusive-start>
<af-start id="6410" threadId="00000000022F6088" totalBytesRequested="1168" timestamp="2019-07-02T20:42:38.006" intervalms="2.918" type="nursery" />
<cycle-start id="6411" type="scavenge" contextid="0" timestamp="2019-07-02T20:42:38.006" intervalms="2.945" />
  <attribute name="GC Util" value="20" />
  <attribute name="CPU Util" value="5994276329396" />
  <attribute name="Time Running"value="19103"/>
  <attribute name="Number of cores"value="4"/>
<gc-start id="6412" type="scavenge" contextid="6411" timestamp="2019-07-02T20:42:38.006">
  <mem-info id="6413" free="7444544" total="44826624" percent="16">
    <mem type="nursery" free="0" total="18612224" percent="0">
      <mem type="allocate" free="0" total="16711680" percent="0" />
      <mem type="survivor" free="0" total="1900544" percent="0" />
    </mem>
    <mem type="tenure" free="7444544" total="26214400" percent="28">
      <mem type="soa" free="6133824" total="24903680" percent="24" />
      <mem type="loa" free="1310720" total="1310720" percent="100" />
    </mem>
    <remembered-set count="96" />
  </mem-info>
</gc-start>
<allocation-stats totalBytes="16613840" >
  <allocated-bytes non-tlh="1168" tlh="16612672" />
  <largest-consumer threadName="main" threadId="00000000022F5700" bytes="16613840" />
</allocation-stats>
<gc-op id="6414" type="scavenge" timems="0.234" contextid="6411" timestamp="2019-07-02T20:42:38.006">
  <scavenger-info tenureage="3" tenuremask="fff8" tiltratio="89" />
  <memory-copied type="nursery" objects="1" bytes="24" bytesdiscarded="39144" />
</gc-op>
<gc-end id="6415" type="scavenge" contextid="6411" durationms="0.818" usertimems="0.000" systemtimems="0.000" timestamp="2019-07-02T20:42:38.007" activeThreads="4">
  <mem-info id="6416" free="24117056" total="44826624" percent="53">
    <mem type="nursery" free="16672512" total="18612224" percent="89">
      <mem type="allocate" free="16672512" total="16711680" percent="99" />
      <mem type="survivor" free="0" total="1900544" percent="0" />
    </mem>
    <mem type="tenure" free="7444544" total="26214400" percent="28" macro-fragmented="0">
      <mem type="soa" free="6133824" total="24903680" percent="24" />
      <mem type="loa" free="1310720" total="1310720" percent="100" />
    </mem>
    <remembered-set count="96" />
  </mem-info>
</gc-end>
<cycle-end id="6417" type="scavenge" contextid="6411" timestamp="2019-07-02T20:42:38.007">
  <attribute name="GC Util" value="18" />
  <attribute name="CPU Util" value="5607143154837" />
  <attribute name="Time Running"value="19106"/>
  <attribute name="Number of cores"value="4"/>
</cycle-end>
<allocation-satisfied id="6418" threadId="00000000022F5700" bytesRequested="1168" />
<af-end id="6419" timestamp="2019-07-02T20:42:38.007" threadId="00000000022F6088" success="true" from="nursery"/>
<exclusive-end id="6420" timestamp="2019-07-02T20:42:38.007" durationms="1.922" />

<exclusive-start id="6421" timestamp="2019-07-02T20:42:38.009" intervalms="3.545">
  <response-info timems="0.071" idlems="0.071" threads="0" lastid="00000000022F5700" lastname="main" />
</exclusive-start>
<af-start id="6422" threadId="00000000022F6088" totalBytesRequested="1168" timestamp="2019-07-02T20:42:38.009" intervalms="3.486" type="nursery" />
<cycle-start id="6423" type="scavenge" contextid="0" timestamp="2019-07-02T20:42:38.009" intervalms="3.386" />
  <attribute name="GC Util" value="18" />
  <attribute name="CPU Util" value="5607143154837" />
  <attribute name="Time Running"value="19106"/>
  <attribute name="Number of cores"value="4"/>
<gc-start id="6424" type="scavenge" contextid="6423" timestamp="2019-07-02T20:42:38.009">
  <mem-info id="6425" free="7444544" total="44826624" percent="16">
    <mem type="nursery" free="0" total="18612224" percent="0">
      <mem type="allocate" free="0" total="16711680" percent="0" />
      <mem type="survivor" free="0" total="1900544" percent="0" />
    </mem>
    <mem type="tenure" free="7444544" total="26214400" percent="28">
      <mem type="soa" free="6133824" total="24903680" percent="24" />
      <mem type="loa" free="1310720" total="1310720" percent="100" />
    </mem>
    <remembered-set count="96" />
  </mem-info>
</gc-start>
<allocation-stats totalBytes="16615048" >
  <allocated-bytes non-tlh="1168" tlh="16613880" />
  <largest-consumer threadName="main" threadId="00000000022F5700" bytes="16615048" />
</allocation-stats>
<gc-op id="6426" type="scavenge" timems="0.175" contextid="6423" timestamp="2019-07-02T20:42:38.009">
  <scavenger-info tenureage="3" tenuremask="fff8" tiltratio="89" />
  <memory-copied type="nursery" objects="1" bytes="24" bytesdiscarded="39144" />
</gc-op>
<gc-end id="6427" type="scavenge" contextid="6423" durationms="0.469" usertimems="0.000" systemtimems="0.000" timestamp="2019-07-02T20:42:38.010" activeThreads="4">
  <mem-info id="6428" free="24117056" total="44826624" percent="53">
    <mem type="nursery" free="16672512" total="18612224" percent="89">
      <mem type="allocate" free="16672512" total="16711680" percent="99" />
      <mem type="survivor" free="0" total="1900544" percent="0" />
    </mem>
    <mem type="tenure" free="7444544" total="26214400" percent="28" macro-fragmented="0">
      <mem type="soa" free="6133824" total="24903680" percent="24" />
      <mem type="loa" free="1310720" total="1310720" percent="100" />
    </mem>
    <remembered-set count="96" />
  </mem-info>
</gc-end>
<cycle-end id="6429" type="scavenge" contextid="6423" timestamp="2019-07-02T20:42:38.010">
  <attribute name="GC Util" value="22" />
  <attribute name="CPU Util" value="6073300061475" />
  <attribute name="Time Running"value="19110"/>
  <attribute name="Number of cores"value="4"/>
</cycle-end>
<allocation-satisfied id="6430" threadId="00000000022F5700" bytesRequested="1168" />
<af-end id="6431" timestamp="2019-07-02T20:42:38.010" threadId="00000000022F6088" success="true" from="nursery"/>
<exclusive-end id="6432" timestamp="2019-07-02T20:42:38.010" durationms="1.399" />

<exclusive-start id="6433" timestamp="2019-07-02T20:42:38.012" intervalms="3.431">
  <response-info timems="0.051" idlems="0.051" threads="0" lastid="00000000022F5700" lastname="main" />
</exclusive-start>
<af-start id="6434" threadId="00000000022F6088" totalBytesRequested="1168" timestamp="2019-07-02T20:42:38.013" intervalms="3.485" type="nursery" />
<cycle-start id="6435" type="scavenge" contextid="0" timestamp="2019-07-02T20:42:38.013" intervalms="3.598" />
  <attribute name="GC Util" value="22" />
  <attribute name="CPU Util" value="6073300061475" />
  <attribute name="Time Running"value="19110"/>
  <attribute name="Number of cores"value="4"/>
<gc-start id="6436" type="scavenge" contextid="6435" timestamp="2019-07-02T20:42:38.013">
  <mem-info id="6437" free="7444544" total="44826624" percent="16">
    <mem type="nursery" free="0" total="18612224" percent="0">
      <mem type="allocate" free="0" total="16711680" percent="0" />
      <mem type="survivor" free="0" total="1900544" percent="0" />
    </mem>
    <mem type="tenure" free="7444544" total="26214400" percent="28">
      <mem type="soa" free="6133824" total="24903680" percent="24" />
      <mem type="loa" free="1310720" total="1310720" percent="100" />
    </mem>
    <remembered-set count="96" />
  </mem-info>
</gc-start>
<allocation-stats totalBytes="16613840" >
  <allocated-bytes non-tlh="1168" tlh="16612672" />
  <largest-consumer threadName="main" threadId="00000000022F5700" bytes="16613840" />
</allocation-stats>
<gc-op id="6438" type="scavenge" timems="0.230" contextid="6435" timestamp="2019-07-02T20:42:38.013">
  <scavenger-info tenureage="3" tenuremask="fff8" tiltratio="89" />
  <memory-copied type="nursery" objects="1" bytes="24" bytesdiscarded="39144" />
</gc-op>
<gc-end id="6439" type="scavenge" contextid="6435" durationms="0.652" usertimems="0.000" systemtimems="0.000" timestamp="2019-07-02T20:42:38.014" activeThreads="4">
  <mem-info id="6440" free="24117056" total="44826624" percent="53">
    <mem type="nursery" free="16672512" total="18612224" percent="89">
      <mem type="allocate" free="16672512" total="16711680" percent="99" />
      <mem type="survivor" free="0" total="1900544" percent="0" />
    </mem>
    <mem type="tenure" free="7444544" total="26214400" percent="28" macro-fragmented="0">
      <mem type="soa" free="6133824" total="24903680" percent="24" />
      <mem type="loa" free="1310720" total="1310720" percent="100" />
    </mem>
    <remembered-set count="96" />
  </mem-info>
</gc-end>
<cycle-end id="6441" type="scavenge" contextid="6435" timestamp="2019-07-02T20:42:38.014">
  <attribute name="GC Util" value="17" />
  <attribute name="CPU Util" value="4952733724365" />
  <attribute name="Time Running"value="19113"/>
  <attribute name="Number of cores"value="4"/>
</cycle-end>
<allocation-satisfied id="6442" threadId="00000000022F5700" bytesRequested="1168" />
<af-end id="6443" timestamp="2019-07-02T20:42:38.014" threadId="00000000022F6088" success="true" from="nursery"/>
<exclusive-end id="6444" timestamp="2019-07-02T20:42:38.014" durationms="1.712" />

<exclusive-start id="6445" timestamp="2019-07-02T20:42:38.016" intervalms="3.677">
  <response-info timems="0.046" idlems="0.046" threads="0" lastid="00000000022F5700" lastname="main" />
</exclusive-start>
<af-start id="6446" threadId="00000000022F6088" totalBytesRequested="1168" timestamp="2019-07-02T20:42:38.016" intervalms="3.639" type="nursery" />
<cycle-start id="6447" type="scavenge" contextid="0" timestamp="2019-07-02T20:42:38.016" intervalms="3.627" />
  <attribute name="GC Util" value="17" />
  <attribute name="CPU Util" value="4952733724365" />
  <attribute name="Time Running"value="19113"/>
  <attribute name="Number of cores"value="4"/>
<gc-start id="6448" type="scavenge" contextid="6447" timestamp="2019-07-02T20:42:38.016">
  <mem-info id="6449" free="7444544" total="44826624" percent="16">
    <mem type="nursery" free="0" total="18612224" percent="0">
      <mem type="allocate" free="0" total="16711680" percent="0" />
      <mem type="survivor" free="0" total="1900544" percent="0" />
    </mem>
    <mem type="tenure" free="7444544" total="26214400" percent="28">
      <mem type="soa" free="6133824" total="24903680" percent="24" />
      <mem type="loa" free="1310720" total="1310720" percent="100" />
    </mem>
    <remembered-set count="96" />
  </mem-info>
</gc-start>
<allocation-stats totalBytes="16615072" >
  <allocated-bytes non-tlh="1168" tlh="16613904" />
  <largest-consumer threadName="main" threadId="00000000022F5700" bytes="16615072" />
</allocation-stats>
<gc-op id="6450" type="scavenge" timems="0.186" contextid="6447" timestamp="2019-07-02T20:42:38.017">
  <scavenger-info tenureage="3" tenuremask="fff8" tiltratio="89" />
  <memory-copied type="nursery" objects="1" bytes="24" bytesdiscarded="39144" />
</gc-op>
<gc-end id="6451" type="scavenge" contextid="6447" durationms="0.583" usertimems="0.000" systemtimems="0.000" timestamp="2019-07-02T20:42:38.017" activeThreads="4">
  <mem-info id="6452" free="24117056" total="44826624" percent="53">
    <mem type="nursery" free="16672512" total="18612224" percent="89">
      <mem type="allocate" free="16672512" total="16711680" percent="99" />
      <mem type="survivor" free="0" total="1900544" percent="0" />
    </mem>
    <mem type="tenure" free="7444544" total="26214400" percent="28" macro-fragmented="6652790">
      <mem type="soa" free="6133824" total="24903680" percent="24" />
      <mem type="loa" free="1310720" total="1310720" percent="100" />
    </mem>
    <remembered-set count="96" />
  </mem-info>
</gc-end>
<cycle-end id="6453" type="scavenge" contextid="6447" timestamp="2019-07-02T20:42:38.017">
  <attribute name="GC Util" value="21" />
  <attribute name="CPU Util" value="5202422364008" />
  <attribute name="Time Running"value="19117"/>
  <attribute name="Number of cores"value="4"/>
</cycle-end>
<allocation-satisfied id="6454" threadId="00000000022F5700" bytesRequested="1168" />
<af-end id="6455" timestamp="2019-07-02T20:42:38.018" threadId="00000000022F6088" success="true" from="nursery"/>
<exclusive-end id="6456" timestamp="2019-07-02T20:42:38.018" durationms="1.635" />

<exclusive-start id="6457" timestamp="2019-07-02T20:42:38.020" intervalms="3.778">
  <response-info timems="0.079" idlems="0.079" threads="0" lastid="00000000022F5700" lastname="main" />
</exclusive-start>
<af-start id="6458" threadId="00000000022F6088" totalBytesRequested="1168" timestamp="2019-07-02T20:42:38.020" intervalms="3.846" type="nursery" />
<cycle-start id="6459" type="scavenge" contextid="0" timestamp="2019-07-02T20:42:38.020" intervalms="3.850" />
  <attribute name="GC Util" value="21" />
  <attribute name="CPU Util" value="5202422364008" />
  <attribute name="Time Running"value="19117"/>
  <attribute name="Number of cores"value="4"/>
<gc-start id="6460" type="scavenge" contextid="6459" timestamp="2019-07-02T20:42:38.020">
  <mem-info id="6461" free="7444544" total="44826624" percent="16">
    <mem type="nursery" free="0" total="18612224" percent="0">
      <mem type="allocate" free="0" total="16711680" percent="0" />
      <mem type="survivor" free="0" total="1900544" percent="0" />
    </mem>
    <mem type="tenure" free="7444544" total="26214400" percent="28">
      <mem type="soa" free="6133824" total="24903680" percent="24" />
      <mem type="loa" free="1310720" total="1310720" percent="100" />
    </mem>
    <remembered-set count="96" />
  </mem-info>
</gc-start>
<allocation-stats totalBytes="16613816" >
  <allocated-bytes non-tlh="1168" tlh="16612648" />
  <largest-consumer threadName="main" threadId="00000000022F5700" bytes="16613816" />
</allocation-stats>
<gc-op id="6462" type="scavenge" timems="0.223" contextid="6459" timestamp="2019-07-02T20:42:38.021">
  <scavenger-info tenureage="3" tenuremask="fff8" tiltratio="89" />
  <memory-copied type="nursery" objects="1" bytes="24" bytesdiscarded="39144" />
</gc-op>
<gc-end id="6463" type="scavenge" contextid="6459" durationms="0.721" usertimems="0.000" systemtimems="0.000" timestamp="2019-07-02T20:42:38.021" activeThreads="4">
  <mem-info id="6464" free="24117056" total="44826624" percent="53">
    <mem type="nursery" free="16672512" total="18612224" percent="89">
      <mem type="allocate" free="16672512" total="16711680" percent="99" />
      <mem type="survivor" free="0" total="1900544" percent="0" />
    </mem>
    <mem type="tenure" free="7444544" total="26214400" percent="28" macro-fragmented="0">
      <mem type="soa" free="6133824" total="24903680" percent="24" />
      <mem type="loa" free="1310720" total="1310720" percent="100" />
    </mem>
    <remembered-set count="96" />
  </mem-info>
</gc-end>
<cycle-end id="6465" type="scavenge" contextid="6459" timestamp="2019-07-02T20:42:38.021">
  <attribute name="GC Util" value="15" />
  <attribute name="CPU Util" value="4722251622634" />
  <attribute name="Time Running"value="19121"/>
  <attribute name="Number of cores"value="4"/>
</cycle-end>
<allocation-satisfied id="6466" threadId="00000000022F5700" bytesRequested="1168" />
<af-end id="6467" timestamp="2019-07-02T20:42:38.022" threadId="00000000022F6088" success="true" from="nursery"/>
<exclusive-end id="6468" timestamp="2019-07-02T20:42:38.022" durationms="1.866" />

<exclusive-start id="6469" timestamp="2019-07-02T20:42:38.024" intervalms="3.695">
  <response-info timems="0.024" idlems="0.024" threads="0" lastid="00000000022F5700" lastname="main" />
</exclusive-start>
<af-start id="6470" threadId="00000000022F6088" totalBytesRequested="1168" timestamp="2019-07-02T20:42:38.024" intervalms="3.670" type="nursery" />
<cycle-start id="6471" type="scavenge" contextid="0" timestamp="2019-07-02T20:42:38.024" intervalms="3.633" />
  <attribute name="GC Util" value="15" />
  <attribute name="CPU Util" value="4722251622634" />
  <attribute name="Time Running"value="19121"/>
  <attribute name="Number of cores"value="4"/>
<gc-start id="6472" type="scavenge" contextid="6471" timestamp="2019-07-02T20:42:38.024">
  <mem-info id="6473" free="7444544" total="44826624" percent="16">
    <mem type="nursery" free="0" total="18612224" percent="0">
      <mem type="allocate" free="0" total="16711680" percent="0" />
      <mem type="survivor" free="0" total="1900544" percent="0" />
    </mem>
    <mem type="tenure" free="7444544" total="26214400" percent="28">
      <mem type="soa" free="6133824" total="24903680" percent="24" />
      <mem type="loa" free="1310720" total="1310720" percent="100" />
    </mem>
    <remembered-set count="96" />
  </mem-info>
</gc-start>
<allocation-stats totalBytes="16615072" >
  <allocated-bytes non-tlh="1168" tlh="16613904" />
  <largest-consumer threadName="main" threadId="00000000022F5700" bytes="16615072" />
</allocation-stats>
<gc-op id="6474" type="scavenge" timems="0.184" contextid="6471" timestamp="2019-07-02T20:42:38.024">
  <scavenger-info tenureage="3" tenuremask="fff8" tiltratio="89" />
  <memory-copied type="nursery" objects="1" bytes="24" bytesdiscarded="39144" />
</gc-op>
<gc-end id="6475" type="scavenge" contextid="6471" durationms="0.612" usertimems="0.000" systemtimems="0.000" timestamp="2019-07-02T20:42:38.025" activeThreads="4">
  <mem-info id="6476" free="24117056" total="44826624" percent="53">
    <mem type="nursery" free="16672512" total="18612224" percent="89">
      <mem type="allocate" free="16672512" total="16711680" percent="99" />
      <mem type="survivor" free="0" total="1900544" percent="0" />
    </mem>
    <mem type="tenure" free="7444544" total="26214400" percent="28" macro-fragmented="0">
      <mem type="soa" free="6133824" total="24903680" percent="24" />
      <mem type="loa" free="1310720" total="1310720" percent="100" />
    </mem>
    <remembered-set count="96" />
  </mem-info>
</gc-end>
<cycle-end id="6477" type="scavenge" contextid="6471" timestamp="2019-07-02T20:42:38.025">
  <attribute name="GC Util" value="18" />
  <attribute name="CPU Util" value="5120370490121" />
  <attribute name="Time Running"value="19124"/>
  <attribute name="Number of cores"value="4"/>
</cycle-end>
<allocation-satisfied id="6478" threadId="00000000022F5700" bytesRequested="1168" />
<af-end id="6479" timestamp="2019-07-02T20:42:38.025" threadId="00000000022F6088" success="true" from="nursery"/>
<exclusive-end id="6480" timestamp="2019-07-02T20:42:38.025" durationms="1.550" />

<exclusive-start id="6481" timestamp="2019-07-02T20:42:38.027" intervalms="3.258">
  <response-info timems="0.090" idlems="0.090" threads="0" lastid="00000000022F5700" lastname="main" />
</exclusive-start>
<af-start id="6482" threadId="00000000022F6088" totalBytesRequested="1168" timestamp="2019-07-02T20:42:38.027" intervalms="3.212" type="nursery" />
<cycle-start id="6483" type="scavenge" contextid="0" timestamp="2019-07-02T20:42:38.027" intervalms="3.226" />
  <attribute name="GC Util" value="18" />
  <attribute name="CPU Util" value="5120370490121" />
  <attribute name="Time Running"value="19124"/>
  <attribute name="Number of cores"value="4"/>
<gc-start id="6484" type="scavenge" contextid="6483" timestamp="2019-07-02T20:42:38.027">
  <mem-info id="6485" free="7444544" total="44826624" percent="16">
    <mem type="nursery" free="0" total="18612224" percent="0">
      <mem type="allocate" free="0" total="16711680" percent="0" />
      <mem type="survivor" free="0" total="1900544" percent="0" />
    </mem>
    <mem type="tenure" free="7444544" total="26214400" percent="28">
      <mem type="soa" free="6133824" total="24903680" percent="24" />
      <mem type="loa" free="1310720" total="1310720" percent="100" />
    </mem>
    <remembered-set count="96" />
  </mem-info>
</gc-start>
<allocation-stats totalBytes="16613816" >
  <allocated-bytes non-tlh="1168" tlh="16612648" />
  <largest-consumer threadName="main" threadId="00000000022F5700" bytes="16613816" />
</allocation-stats>
<gc-op id="6486" type="scavenge" timems="0.182" contextid="6483" timestamp="2019-07-02T20:42:38.028">
  <scavenger-info tenureage="3" tenuremask="fff8" tiltratio="89" />
  <memory-copied type="nursery" objects="1" bytes="24" bytesdiscarded="39144" />
</gc-op>
<gc-end id="6487" type="scavenge" contextid="6483" durationms="0.655" usertimems="4.000" systemtimems="0.000" timestamp="2019-07-02T20:42:38.028" activeThreads="4">
  <mem-info id="6488" free="24117056" total="44826624" percent="53">
    <mem type="nursery" free="16672512" total="18612224" percent="89">
      <mem type="allocate" free="16672512" total="16711680" percent="99" />
      <mem type="survivor" free="0" total="1900544" percent="0" />
    </mem>
    <mem type="tenure" free="7444544" total="26214400" percent="28" macro-fragmented="10920">
      <mem type="soa" free="6133824" total="24903680" percent="24" />
      <mem type="loa" free="1310720" total="1310720" percent="100" />
    </mem>
    <remembered-set count="96" />
  </mem-info>
</gc-end>
<cycle-end id="6489" type="scavenge" contextid="6483" timestamp="2019-07-02T20:42:38.028">
  <attribute name="GC Util" value="18" />
  <attribute name="CPU Util" value="5678531612591" />
  <attribute name="Time Running"value="19128"/>
  <attribute name="Number of cores"value="4"/>
</cycle-end>
<allocation-satisfied id="6490" threadId="00000000022F5700" bytesRequested="1168" />
<af-end id="6491" timestamp="2019-07-02T20:42:38.028" threadId="00000000022F6088" success="true" from="nursery"/>
<exclusive-end id="6492" timestamp="2019-07-02T20:42:38.028" durationms="1.684" />

<exclusive-start id="6493" timestamp="2019-07-02T20:42:38.030" intervalms="3.524">
  <response-info timems="0.023" idlems="0.023" threads="0" lastid="00000000022F5700" lastname="main" />
</exclusive-start>
<af-start id="6494" threadId="00000000022F6088" totalBytesRequested="1168" timestamp="2019-07-02T20:42:38.031" intervalms="3.649" type="nursery" />
<cycle-start id="6495" type="scavenge" contextid="0" timestamp="2019-07-02T20:42:38.031" intervalms="3.703" />
  <attribute name="GC Util" value="18" />
  <attribute name="CPU Util" value="5678531612591" />
  <attribute name="Time Running"value="19128"/>
  <attribute name="Number of cores"value="4"/>
<gc-start id="6496" type="scavenge" contextid="6495" timestamp="2019-07-02T20:42:38.031">
  <mem-info id="6497" free="7444544" total="44826624" percent="16">
    <mem type="nursery" free="0" total="18612224" percent="0">
      <mem type="allocate" free="0" total="16711680" percent="0" />
      <mem type="survivor" free="0" total="1900544" percent="0" />
    </mem>
    <mem type="tenure" free="7444544" total="26214400" percent="28">
      <mem type="soa" free="6133824" total="24903680" percent="24" />
      <mem type="loa" free="1310720" total="1310720" percent="100" />
    </mem>
    <remembered-set count="96" />
  </mem-info>
</gc-start>
<allocation-stats totalBytes="16615072" >
  <allocated-bytes non-tlh="1168" tlh="16613904" />
  <largest-consumer threadName="main" threadId="00000000022F5700" bytes="16615072" />
</allocation-stats>
<gc-op id="6498" type="scavenge" timems="0.187" contextid="6495" timestamp="2019-07-02T20:42:38.031">
  <scavenger-info tenureage="3" tenuremask="fff8" tiltratio="89" />
  <memory-copied type="nursery" objects="1" bytes="24" bytesdiscarded="39144" />
</gc-op>
<gc-end id="6499" type="scavenge" contextid="6495" durationms="0.745" usertimems="4.000" systemtimems="0.000" timestamp="2019-07-02T20:42:38.032" activeThreads="4">
  <mem-info id="6500" free="24117056" total="44826624" percent="53">
    <mem type="nursery" free="16672512" total="18612224" percent="89">
      <mem type="allocate" free="16672512" total="16711680" percent="99" />
      <mem type="survivor" free="0" total="1900544" percent="0" />
    </mem>
    <mem type="tenure" free="7444544" total="26214400" percent="28" macro-fragmented="0">
      <mem type="soa" free="6133824" total="24903680" percent="24" />
      <mem type="loa" free="1310720" total="1310720" percent="100" />
    </mem>
    <remembered-set count="96" />
  </mem-info>
</gc-end>
<cycle-end id="6501" type="scavenge" contextid="6495" timestamp="2019-07-02T20:42:38.032">
  <attribute name="GC Util" value="16" />
  <attribute name="CPU Util" value="4929089813348" />
  <attribute name="Time Running"value="19131"/>
  <attribute name="Number of cores"value="4"/>
</cycle-end>
<allocation-satisfied id="6502" threadId="00000000022F5700" bytesRequested="1168" />
<af-end id="6503" timestamp="2019-07-02T20:42:38.032" threadId="00000000022F6088" success="true" from="nursery"/>
<exclusive-end id="6504" timestamp="2019-07-02T20:42:38.032" durationms="2.162" />

<exclusive-start id="6505" timestamp="2019-07-02T20:42:38.034" intervalms="3.991">
  <response-info timems="0.020" idlems="0.020" threads="0" lastid="00000000022F5700" lastname="main" />
</exclusive-start>
<af-start id="6506" threadId="00000000022F6088" totalBytesRequested="1168" timestamp="2019-07-02T20:42:38.035" intervalms="3.932" type="nursery" />
<cycle-start id="6507" type="scavenge" contextid="0" timestamp="2019-07-02T20:42:38.035" intervalms="3.912" />
  <attribute name="GC Util" value="16" />
  <attribute name="CPU Util" value="4929089813348" />
  <attribute name="Time Running"value="19131"/>
  <attribute name="Number of cores"value="4"/>
<gc-start id="6508" type="scavenge" contextid="6507" timestamp="2019-07-02T20:42:38.035">
  <mem-info id="6509" free="7444544" total="44826624" percent="16">
    <mem type="nursery" free="0" total="18612224" percent="0">
      <mem type="allocate" free="0" total="16711680" percent="0" />
      <mem type="survivor" free="0" total="1900544" percent="0" />
    </mem>
    <mem type="tenure" free="7444544" total="26214400" percent="28">
      <mem type="soa" free="6133824" total="24903680" percent="24" />
      <mem type="loa" free="1310720" total="1310720" percent="100" />
    </mem>
    <remembered-set count="96" />
  </mem-info>
</gc-start>
<allocation-stats totalBytes="16613840" >
  <allocated-bytes non-tlh="1168" tlh="16612672" />
  <largest-consumer threadName="main" threadId="00000000022F5700" bytes="16613840" />
</allocation-stats>
<gc-op id="6510" type="scavenge" timems="0.186" contextid="6507" timestamp="2019-07-02T20:42:38.035">
  <scavenger-info tenureage="8" tenuremask="ff00" tiltratio="89" />
  <memory-copied type="nursery" objects="1" bytes="24" bytesdiscarded="39144" />
</gc-op>
<gc-end id="6511" type="scavenge" contextid="6507" durationms="0.711" usertimems="0.000" systemtimems="0.000" timestamp="2019-07-02T20:42:38.036" activeThreads="4">
  <mem-info id="6512" free="24117056" total="44826624" percent="53">
    <mem type="nursery" free="16672512" total="18612224" percent="89">
      <mem type="allocate" free="16672512" total="16711680" percent="99" />
      <mem type="survivor" free="0" total="1900544" percent="0" />
    </mem>
    <mem type="tenure" free="7444544" total="26214400" percent="28" macro-fragmented="57864">
      <mem type="soa" free="6133824" total="24903680" percent="24" />
      <mem type="loa" free="1310720" total="1310720" percent="100" />
    </mem>
    <remembered-set count="96" />
  </mem-info>
</gc-end>
<cycle-end id="6513" type="scavenge" contextid="6507" timestamp="2019-07-02T20:42:38.036">
  <attribute name="GC Util" value="16" />
  <attribute name="CPU Util" value="4645939353258" />
  <attribute name="Time Running"value="19135"/>
  <attribute name="Number of cores"value="4"/>
</cycle-end>
<allocation-satisfied id="6514" threadId="00000000022F5700" bytesRequested="1168" />
<af-end id="6515" timestamp="2019-07-02T20:42:38.036" threadId="00000000022F6088" success="true" from="nursery"/>
<exclusive-end id="6516" timestamp="2019-07-02T20:42:38.036" durationms="1.773" />

<exclusive-start id="6517" timestamp="2019-07-02T20:42:38.038" intervalms="3.619">
  <response-info timems="0.067" idlems="0.067" threads="0" lastid="00000000022F5700" lastname="main" />
</exclusive-start>
<af-start id="6518" threadId="00000000022F6088" totalBytesRequested="1168" timestamp="2019-07-02T20:42:38.038" intervalms="3.601" type="nursery" />
<cycle-start id="6519" type="scavenge" contextid="0" timestamp="2019-07-02T20:42:38.038" intervalms="3.607" />
  <attribute name="GC Util" value="16" />
  <attribute name="CPU Util" value="4645939353258" />
  <attribute name="Time Running"value="19135"/>
  <attribute name="Number of cores"value="4"/>
<gc-start id="6520" type="scavenge" contextid="6519" timestamp="2019-07-02T20:42:38.038">
  <mem-info id="6521" free="7444544" total="44826624" percent="16">
    <mem type="nursery" free="0" total="18612224" percent="0">
      <mem type="allocate" free="0" total="16711680" percent="0" />
      <mem type="survivor" free="0" total="1900544" percent="0" />
    </mem>
    <mem type="tenure" free="7444544" total="26214400" percent="28">
      <mem type="soa" free="6133824" total="24903680" percent="24" />
      <mem type="loa" free="1310720" total="1310720" percent="100" />
    </mem>
    <remembered-set count="96" />
  </mem-info>
</gc-start>
<allocation-stats totalBytes="16615048" >
  <allocated-bytes non-tlh="1168" tlh="16613880" />
  <largest-consumer threadName="main" threadId="00000000022F5700" bytes="16615048" />
</allocation-stats>
<gc-op id="6522" type="scavenge" timems="0.201" contextid="6519" timestamp="2019-07-02T20:42:38.039">
  <scavenger-info tenureage="8" tenuremask="ff00" tiltratio="89" />
  <memory-copied type="nursery" objects="1" bytes="24" bytesdiscarded="39144" />
</gc-op>
<gc-end id="6523" type="scavenge" contextid="6519" durationms="0.824" usertimems="0.000" systemtimems="0.000" timestamp="2019-07-02T20:42:38.039" activeThreads="4">
  <mem-info id="6524" free="24117056" total="44826624" percent="53">
    <mem type="nursery" free="16672512" total="18612224" percent="89">
      <mem type="allocate" free="16672512" total="16711680" percent="99" />
      <mem type="survivor" free="0" total="1900544" percent="0" />
    </mem>
    <mem type="tenure" free="7444544" total="26214400" percent="28" macro-fragmented="32776">
      <mem type="soa" free="6133824" total="24903680" percent="24" />
      <mem type="loa" free="1310720" total="1310720" percent="100" />
    </mem>
    <remembered-set count="96" />
  </mem-info>
</gc-end>
<cycle-end id="6525" type="scavenge" contextid="6519" timestamp="2019-07-02T20:42:38.039">
  <attribute name="GC Util" value="16" />
  <attribute name="CPU Util" value="5026830577219" />
  <attribute name="Time Running"value="19139"/>
  <attribute name="Number of cores"value="4"/>
</cycle-end>
<allocation-satisfied id="6526" threadId="00000000022F5700" bytesRequested="1168" />
<af-end id="6527" timestamp="2019-07-02T20:42:38.040" threadId="00000000022F6088" success="true" from="nursery"/>
<exclusive-end id="6528" timestamp="2019-07-02T20:42:38.040" durationms="1.863" />

<exclusive-start id="6529" timestamp="2019-07-02T20:42:38.042" intervalms="3.699">
  <response-info timems="0.059" idlems="0.059" threads="0" lastid="00000000022F5700" lastname="main" />
</exclusive-start>
<af-start id="6530" threadId="00000000022F6088" totalBytesRequested="1168" timestamp="2019-07-02T20:42:38.042" intervalms="3.711" type="nursery" />
<cycle-start id="6531" type="scavenge" contextid="0" timestamp="2019-07-02T20:42:38.042" intervalms="3.706" />
  <attribute name="GC Util" value="16" />
  <attribute name="CPU Util" value="5026830577219" />
  <attribute name="Time Running"value="19139"/>
  <attribute name="Number of cores"value="4"/>
<gc-start id="6532" type="scavenge" contextid="6531" timestamp="2019-07-02T20:42:38.042">
  <mem-info id="6533" free="7444544" total="44826624" percent="16">
    <mem type="nursery" free="0" total="18612224" percent="0">
      <mem type="allocate" free="0" total="16711680" percent="0" />
      <mem type="survivor" free="0" total="1900544" percent="0" />
    </mem>
    <mem type="tenure" free="7444544" total="26214400" percent="28">
      <mem type="soa" free="6133824" total="24903680" percent="24" />
      <mem type="loa" free="1310720" total="1310720" percent="100" />
    </mem>
    <remembered-set count="96" />
  </mem-info>
</gc-start>
<allocation-stats totalBytes="16613840" >
  <allocated-bytes non-tlh="1168" tlh="16612672" />
  <largest-consumer threadName="main" threadId="00000000022F5700" bytes="16613840" />
</allocation-stats>
<gc-op id="6534" type="scavenge" timems="0.188" contextid="6531" timestamp="2019-07-02T20:42:38.043">
  <scavenger-info tenureage="8" tenuremask="ff00" tiltratio="89" />
  <memory-copied type="nursery" objects="1" bytes="24" bytesdiscarded="39144" />
</gc-op>
<gc-end id="6535" type="scavenge" contextid="6531" durationms="0.818" usertimems="0.000" systemtimems="0.000" timestamp="2019-07-02T20:42:38.043" activeThreads="4">
  <mem-info id="6536" free="24117056" total="44826624" percent="53">
    <mem type="nursery" free="16672512" total="18612224" percent="89">
      <mem type="allocate" free="16672512" total="16711680" percent="99" />
      <mem type="survivor" free="0" total="1900544" percent="0" />
    </mem>
    <mem type="tenure" free="7444544" total="26214400" percent="28" macro-fragmented="0">
      <mem type="soa" free="6133824" total="24903680" percent="24" />
      <mem type="loa" free="1310720" total="1310720" percent="100" />
    </mem>
    <remembered-set count="96" />
  </mem-info>
</gc-end>
<cycle-end id="6537" type="scavenge" contextid="6531" timestamp="2019-07-02T20:42:38.043">
  <attribute name="GC Util" value="17" />
  <attribute name="CPU Util" value="4909464674210" />
  <attribute name="Time Running"value="19143"/>
  <attribute name="Number of cores"value="4"/>
</cycle-end>
<allocation-satisfied id="6538" threadId="00000000022F5700" bytesRequested="1168" />
<af-end id="6539" timestamp="2019-07-02T20:42:38.044" threadId="00000000022F6088" success="true" from="nursery"/>
<exclusive-end id="6540" timestamp="2019-07-02T20:42:38.044" durationms="2.071" />

<exclusive-start id="6541" timestamp="2019-07-02T20:42:38.046" intervalms="3.920">
  <response-info timems="0.021" idlems="0.021" threads="0" lastid="00000000022F5700" lastname="main" />
</exclusive-start>
<af-start id="6542" threadId="00000000022F6088" totalBytesRequested="1168" timestamp="2019-07-02T20:42:38.046" intervalms="3.877" type="nursery" />
<cycle-start id="6543" type="scavenge" contextid="0" timestamp="2019-07-02T20:42:38.046" intervalms="3.865" />
  <attribute name="GC Util" value="17" />
  <attribute name="CPU Util" value="4909464674210" />
  <attribute name="Time Running"value="19143"/>
  <attribute name="Number of cores"value="4"/>
<gc-start id="6544" type="scavenge" contextid="6543" timestamp="2019-07-02T20:42:38.046">
  <mem-info id="6545" free="7444544" total="44826624" percent="16">
    <mem type="nursery" free="0" total="18612224" percent="0">
      <mem type="allocate" free="0" total="16711680" percent="0" />
      <mem type="survivor" free="0" total="1900544" percent="0" />
    </mem>
    <mem type="tenure" free="7444544" total="26214400" percent="28">
      <mem type="soa" free="6133824" total="24903680" percent="24" />
      <mem type="loa" free="1310720" total="1310720" percent="100" />
    </mem>
    <remembered-set count="96" />
  </mem-info>
</gc-start>
<allocation-stats totalBytes="16615048" >
  <allocated-bytes non-tlh="1168" tlh="16613880" />
  <largest-consumer threadName="main" threadId="00000000022F5700" bytes="16615048" />
</allocation-stats>
<gc-op id="6546" type="scavenge" timems="0.179" contextid="6543" timestamp="2019-07-02T20:42:38.046">
  <scavenger-info tenureage="8" tenuremask="ff00" tiltratio="89" />
  <memory-copied type="nursery" objects="1" bytes="24" bytesdiscarded="39144" />
</gc-op>
<gc-end id="6547" type="scavenge" contextid="6543" durationms="0.627" usertimems="0.000" systemtimems="0.000" timestamp="2019-07-02T20:42:38.047" activeThreads="4">
  <mem-info id="6548" free="24117056" total="44826624" percent="53">
    <mem type="nursery" free="16672512" total="18612224" percent="89">
      <mem type="allocate" free="16672512" total="16711680" percent="99" />
      <mem type="survivor" free="0" total="1900544" percent="0" />
    </mem>
    <mem type="tenure" free="7444544" total="26214400" percent="28" macro-fragmented="27173">
      <mem type="soa" free="6133824" total="24903680" percent="24" />
      <mem type="loa" free="1310720" total="1310720" percent="100" />
    </mem>
    <remembered-set count="96" />
  </mem-info>
</gc-end>
<cycle-end id="6549" type="scavenge" contextid="6543" timestamp="2019-07-02T20:42:38.047">
  <attribute name="GC Util" value="16" />
  <attribute name="CPU Util" value="5084956928568" />
  <attribute name="Time Running"value="19146"/>
  <attribute name="Number of cores"value="4"/>
</cycle-end>
<allocation-satisfied id="6550" threadId="00000000022F5700" bytesRequested="1168" />
<af-end id="6551" timestamp="2019-07-02T20:42:38.047" threadId="00000000022F6088" success="true" from="nursery"/>
<exclusive-end id="6552" timestamp="2019-07-02T20:42:38.047" durationms="1.665" />

<exclusive-start id="6553" timestamp="2019-07-02T20:42:38.049" intervalms="3.462">
  <response-info timems="0.074" idlems="0.074" threads="0" lastid="00000000022F5700" lastname="main" />
</exclusive-start>
<af-start id="6554" threadId="00000000022F6088" totalBytesRequested="1168" timestamp="2019-07-02T20:42:38.049" intervalms="3.434" type="nursery" />
<cycle-start id="6555" type="scavenge" contextid="0" timestamp="2019-07-02T20:42:38.049" intervalms="3.346" />
  <attribute name="GC Util" value="16" />
  <attribute name="CPU Util" value="5084956928568" />
  <attribute name="Time Running"value="19146"/>
  <attribute name="Number of cores"value="4"/>
<gc-start id="6556" type="scavenge" contextid="6555" timestamp="2019-07-02T20:42:38.049">
  <mem-info id="6557" free="7444544" total="44826624" percent="16">
    <mem type="nursery" free="0" total="18612224" percent="0">
      <mem type="allocate" free="0" total="16711680" percent="0" />
      <mem type="survivor" free="0" total="1900544" percent="0" />
    </mem>
    <mem type="tenure" free="7444544" total="26214400" percent="28">
      <mem type="soa" free="6133824" total="24903680" percent="24" />
      <mem type="loa" free="1310720" total="1310720" percent="100" />
    </mem>
    <remembered-set count="96" />
  </mem-info>
</gc-start>
<allocation-stats totalBytes="16613840" >
  <allocated-bytes non-tlh="1168" tlh="16612672" />
  <largest-consumer threadName="main" threadId="00000000022F5700" bytes="16613840" />
</allocation-stats>
<gc-op id="6558" type="scavenge" timems="0.195" contextid="6555" timestamp="2019-07-02T20:42:38.050">
  <scavenger-info tenureage="8" tenuremask="ff00" tiltratio="89" />
  <memory-copied type="nursery" objects="1" bytes="24" bytesdiscarded="39144" />
</gc-op>
<gc-end id="6559" type="scavenge" contextid="6555" durationms="0.760" usertimems="0.000" systemtimems="0.000" timestamp="2019-07-02T20:42:38.050" activeThreads="4">
  <mem-info id="6560" free="24117056" total="44826624" percent="53">
    <mem type="nursery" free="16672512" total="18612224" percent="89">
      <mem type="allocate" free="16672512" total="16711680" percent="99" />
      <mem type="survivor" free="0" total="1900544" percent="0" />
    </mem>
    <mem type="tenure" free="7444544" total="26214400" percent="28" macro-fragmented="0">
      <mem type="soa" free="6133824" total="24903680" percent="24" />
      <mem type="loa" free="1310720" total="1310720" percent="100" />
    </mem>
    <remembered-set count="96" />
  </mem-info>
</gc-end>
<cycle-end id="6561" type="scavenge" contextid="6555" timestamp="2019-07-02T20:42:38.050">
  <attribute name="GC Util" value="17" />
  <attribute name="CPU Util" value="5301237896407" />
  <attribute name="Time Running"value="19150"/>
  <attribute name="Number of cores"value="4"/>
</cycle-end>
<allocation-satisfied id="6562" threadId="00000000022F5700" bytesRequested="1168" />
<af-end id="6563" timestamp="2019-07-02T20:42:38.051" threadId="00000000022F6088" success="true" from="nursery"/>
<exclusive-end id="6564" timestamp="2019-07-02T20:42:38.051" durationms="1.779" />

<exclusive-start id="6565" timestamp="2019-07-02T20:42:38.053" intervalms="3.524">
  <response-info timems="0.025" idlems="0.025" threads="0" lastid="00000000022F5700" lastname="main" />
</exclusive-start>
<af-start id="6566" threadId="00000000022F6088" totalBytesRequested="1168" timestamp="2019-07-02T20:42:38.053" intervalms="3.524" type="nursery" />
<cycle-start id="6567" type="scavenge" contextid="0" timestamp="2019-07-02T20:42:38.053" intervalms="3.621" />
  <attribute name="GC Util" value="17" />
  <attribute name="CPU Util" value="5301237896407" />
  <attribute name="Time Running"value="19150"/>
  <attribute name="Number of cores"value="4"/>
<gc-start id="6568" type="scavenge" contextid="6567" timestamp="2019-07-02T20:42:38.053">
  <mem-info id="6569" free="7444544" total="44826624" percent="16">
    <mem type="nursery" free="0" total="18612224" percent="0">
      <mem type="allocate" free="0" total="16711680" percent="0" />
      <mem type="survivor" free="0" total="1900544" percent="0" />
    </mem>
    <mem type="tenure" free="7444544" total="26214400" percent="28">
      <mem type="soa" free="6133824" total="24903680" percent="24" />
      <mem type="loa" free="1310720" total="1310720" percent="100" />
    </mem>
    <remembered-set count="96" />
  </mem-info>
</gc-start>
<allocation-stats totalBytes="16615072" >
  <allocated-bytes non-tlh="1168" tlh="16613904" />
  <largest-consumer threadName="main" threadId="00000000022F5700" bytes="16615072" />
</allocation-stats>
<gc-op id="6570" type="scavenge" timems="0.195" contextid="6567" timestamp="2019-07-02T20:42:38.053">
  <scavenger-info tenureage="8" tenuremask="ff00" tiltratio="89" />
  <memory-copied type="nursery" objects="1" bytes="24" bytesdiscarded="39144" />
</gc-op>
<gc-end id="6571" type="scavenge" contextid="6567" durationms="0.715" usertimems="0.000" systemtimems="0.000" timestamp="2019-07-02T20:42:38.054" activeThreads="4">
  <mem-info id="6572" free="24117056" total="44826624" percent="53">
    <mem type="nursery" free="16672512" total="18612224" percent="89">
      <mem type="allocate" free="16672512" total="16711680" percent="99" />
      <mem type="survivor" free="0" total="1900544" percent="0" />
    </mem>
    <mem type="tenure" free="7444544" total="26214400" percent="28" macro-fragmented="0">
      <mem type="soa" free="6133824" total="24903680" percent="24" />
      <mem type="loa" free="1310720" total="1310720" percent="100" />
    </mem>
    <remembered-set count="96" />
  </mem-info>
</gc-end>
<cycle-end id="6573" type="scavenge" contextid="6567" timestamp="2019-07-02T20:42:38.054">
  <attribute name="GC Util" value="20" />
  <attribute name="CPU Util" value="5361356431319" />
  <attribute name="Time Running"value="19153"/>
  <attribute name="Number of cores"value="4"/>
</cycle-end>
<allocation-satisfied id="6574" threadId="00000000022F5700" bytesRequested="1168" />
<af-end id="6575" timestamp="2019-07-02T20:42:38.054" threadId="00000000022F6088" success="true" from="nursery"/>
<exclusive-end id="6576" timestamp="2019-07-02T20:42:38.054" durationms="1.844" />

<exclusive-start id="6577" timestamp="2019-07-02T20:42:38.056" intervalms="3.610">
  <response-info timems="0.060" idlems="0.060" threads="0" lastid="00000000022F5700" lastname="main" />
</exclusive-start>
<af-start id="6578" threadId="00000000022F6088" totalBytesRequested="1168" timestamp="2019-07-02T20:42:38.056" intervalms="3.586" type="nursery" />
<cycle-start id="6579" type="scavenge" contextid="0" timestamp="2019-07-02T20:42:38.056" intervalms="3.557" />
  <attribute name="GC Util" value="20" />
  <attribute name="CPU Util" value="5361356431319" />
  <attribute name="Time Running"value="19153"/>
  <attribute name="Number of cores"value="4"/>
<gc-start id="6580" type="scavenge" contextid="6579" timestamp="2019-07-02T20:42:38.057">
  <mem-info id="6581" free="7444544" total="44826624" percent="16">
    <mem type="nursery" free="0" total="18612224" percent="0">
      <mem type="allocate" free="0" total="16711680" percent="0" />
      <mem type="survivor" free="0" total="1900544" percent="0" />
    </mem>
    <mem type="tenure" free="7444544" total="26214400" percent="28">
      <mem type="soa" free="6133824" total="24903680" percent="24" />
      <mem type="loa" free="1310720" total="1310720" percent="100" />
    </mem>
    <remembered-set count="96" />
  </mem-info>
</gc-start>
<allocation-stats totalBytes="16613816" >
  <allocated-bytes non-tlh="1168" tlh="16612648" />
  <largest-consumer threadName="main" threadId="00000000022F5700" bytes="16613816" />
</allocation-stats>
<gc-op id="6582" type="scavenge" timems="0.186" contextid="6579" timestamp="2019-07-02T20:42:38.057">
  <scavenger-info tenureage="8" tenuremask="ff00" tiltratio="89" />
  <memory-copied type="nursery" objects="1" bytes="24" bytesdiscarded="39144" />
</gc-op>
<gc-end id="6583" type="scavenge" contextid="6579" durationms="0.776" usertimems="0.000" systemtimems="0.000" timestamp="2019-07-02T20:42:38.057" activeThreads="4">
  <mem-info id="6584" free="24117056" total="44826624" percent="53">
    <mem type="nursery" free="16672512" total="18612224" percent="89">
      <mem type="allocate" free="16672512" total="16711680" percent="99" />
      <mem type="survivor" free="0" total="1900544" percent="0" />
    </mem>
    <mem type="tenure" free="7444544" total="26214400" percent="28" macro-fragmented="0">
      <mem type="soa" free="6133824" total="24903680" percent="24" />
      <mem type="loa" free="1310720" total="1310720" percent="100" />
    </mem>
    <remembered-set count="96" />
  </mem-info>
</gc-end>
<cycle-end id="6585" type="scavenge" contextid="6579" timestamp="2019-07-02T20:42:38.057">
  <attribute name="GC Util" value="18" />
  <attribute name="CPU Util" value="4985520254563" />
  <attribute name="Time Running"value="19157"/>
  <attribute name="Number of cores"value="4"/>
</cycle-end>
<allocation-satisfied id="6586" threadId="00000000022F5700" bytesRequested="1168" />
<af-end id="6587" timestamp="2019-07-02T20:42:38.058" threadId="00000000022F6088" success="true" from="nursery"/>
<exclusive-end id="6588" timestamp="2019-07-02T20:42:38.058" durationms="1.632" />

<exclusive-start id="6589" timestamp="2019-07-02T20:42:38.060" intervalms="3.398">
  <response-info timems="0.084" idlems="0.084" threads="0" lastid="00000000022F5700" lastname="main" />
</exclusive-start>
<af-start id="6590" threadId="00000000022F6088" totalBytesRequested="1168" timestamp="2019-07-02T20:42:38.060" intervalms="3.357" type="nursery" />
<cycle-start id="6591" type="scavenge" contextid="0" timestamp="2019-07-02T20:42:38.060" intervalms="3.302" />
  <attribute name="GC Util" value="18" />
  <attribute name="CPU Util" value="4985520254563" />
  <attribute name="Time Running"value="19157"/>
  <attribute name="Number of cores"value="4"/>
<gc-start id="6592" type="scavenge" contextid="6591" timestamp="2019-07-02T20:42:38.060">
  <mem-info id="6593" free="7444544" total="44826624" percent="16">
    <mem type="nursery" free="0" total="18612224" percent="0">
      <mem type="allocate" free="0" total="16711680" percent="0" />
      <mem type="survivor" free="0" total="1900544" percent="0" />
    </mem>
    <mem type="tenure" free="7444544" total="26214400" percent="28">
      <mem type="soa" free="6133824" total="24903680" percent="24" />
      <mem type="loa" free="1310720" total="1310720" percent="100" />
    </mem>
    <remembered-set count="96" />
  </mem-info>
</gc-start>
<allocation-stats totalBytes="16615072" >
  <allocated-bytes non-tlh="1168" tlh="16613904" />
  <largest-consumer threadName="main" threadId="00000000022F5700" bytes="16615072" />
</allocation-stats>
<gc-op id="6594" type="scavenge" timems="0.188" contextid="6591" timestamp="2019-07-02T20:42:38.060">
  <scavenger-info tenureage="8" tenuremask="ff00" tiltratio="89" />
  <memory-copied type="nursery" objects="1" bytes="24" bytesdiscarded="39144" />
</gc-op>
<gc-end id="6595" type="scavenge" contextid="6591" durationms="0.590" usertimems="0.000" systemtimems="0.000" timestamp="2019-07-02T20:42:38.060" activeThreads="4">
  <mem-info id="6596" free="24117056" total="44826624" percent="53">
    <mem type="nursery" free="16672512" total="18612224" percent="89">
      <mem type="allocate" free="16672512" total="16711680" percent="99" />
      <mem type="survivor" free="0" total="1900544" percent="0" />
    </mem>
    <mem type="tenure" free="7444544" total="26214400" percent="28" macro-fragmented="0">
      <mem type="soa" free="6133824" total="24903680" percent="24" />
      <mem type="loa" free="1310720" total="1310720" percent="100" />
    </mem>
    <remembered-set count="96" />
  </mem-info>
</gc-end>
<cycle-end id="6597" type="scavenge" contextid="6591" timestamp="2019-07-02T20:42:38.061">
  <attribute name="GC Util" value="16" />
  <attribute name="CPU Util" value="5817864600585" />
  <attribute name="Time Running"value="19160"/>
  <attribute name="Number of cores"value="4"/>
</cycle-end>
<allocation-satisfied id="6598" threadId="00000000022F5700" bytesRequested="1168" />
<af-end id="6599" timestamp="2019-07-02T20:42:38.061" threadId="00000000022F6088" success="true" from="nursery"/>
<exclusive-end id="6600" timestamp="2019-07-02T20:42:38.061" durationms="1.369" />

<exclusive-start id="6601" timestamp="2019-07-02T20:42:38.063" intervalms="3.096">
  <response-info timems="0.059" idlems="0.059" threads="0" lastid="00000000022F5700" lastname="main" />
</exclusive-start>
<af-start id="6602" threadId="00000000022F6088" totalBytesRequested="1168" timestamp="2019-07-02T20:42:38.063" intervalms="3.187" type="nursery" />
<cycle-start id="6603" type="scavenge" contextid="0" timestamp="2019-07-02T20:42:38.063" intervalms="3.189" />
  <attribute name="GC Util" value="16" />
  <attribute name="CPU Util" value="5817864600585" />
  <attribute name="Time Running"value="19160"/>
  <attribute name="Number of cores"value="4"/>
<gc-start id="6604" type="scavenge" contextid="6603" timestamp="2019-07-02T20:42:38.063">
  <mem-info id="6605" free="7444544" total="44826624" percent="16">
    <mem type="nursery" free="0" total="18612224" percent="0">
      <mem type="allocate" free="0" total="16711680" percent="0" />
      <mem type="survivor" free="0" total="1900544" percent="0" />
    </mem>
    <mem type="tenure" free="7444544" total="26214400" percent="28">
      <mem type="soa" free="6133824" total="24903680" percent="24" />
      <mem type="loa" free="1310720" total="1310720" percent="100" />
    </mem>
    <remembered-set count="96" />
  </mem-info>
</gc-start>
<allocation-stats totalBytes="16613816" >
  <allocated-bytes non-tlh="1168" tlh="16612648" />
  <largest-consumer threadName="main" threadId="00000000022F5700" bytes="16613816" />
</allocation-stats>
<gc-op id="6606" type="scavenge" timems="0.177" contextid="6603" timestamp="2019-07-02T20:42:38.063">
  <scavenger-info tenureage="8" tenuremask="ff00" tiltratio="89" />
  <memory-copied type="nursery" objects="1" bytes="24" bytesdiscarded="39144" />
</gc-op>
<gc-end id="6607" type="scavenge" contextid="6603" durationms="0.729" usertimems="0.000" systemtimems="0.000" timestamp="2019-07-02T20:42:38.064" activeThreads="4">
  <mem-info id="6608" free="24117056" total="44826624" percent="53">
    <mem type="nursery" free="16672512" total="18612224" percent="89">
      <mem type="allocate" free="16672512" total="16711680" percent="99" />
      <mem type="survivor" free="0" total="1900544" percent="0" />
    </mem>
    <mem type="tenure" free="7444544" total="26214400" percent="28" macro-fragmented="0">
      <mem type="soa" free="6133824" total="24903680" percent="24" />
      <mem type="loa" free="1310720" total="1310720" percent="100" />
    </mem>
    <remembered-set count="96" />
  </mem-info>
</gc-end>
<cycle-end id="6609" type="scavenge" contextid="6603" timestamp="2019-07-02T20:42:38.064">
  <attribute name="GC Util" value="16" />
  <attribute name="CPU Util" value="5608043205994" />
  <attribute name="Time Running"value="19163"/>
  <attribute name="Number of cores"value="4"/>
</cycle-end>
<allocation-satisfied id="6610" threadId="00000000022F5700" bytesRequested="1168" />
<af-end id="6611" timestamp="2019-07-02T20:42:38.064" threadId="00000000022F6088" success="true" from="nursery"/>
<exclusive-end id="6612" timestamp="2019-07-02T20:42:38.064" durationms="1.630" />

<exclusive-start id="6613" timestamp="2019-07-02T20:42:38.066" intervalms="3.408">
  <response-info timems="0.025" idlems="0.025" threads="0" lastid="00000000022F5700" lastname="main" />
</exclusive-start>
<af-start id="6614" threadId="00000000022F6088" totalBytesRequested="1168" timestamp="2019-07-02T20:42:38.066" intervalms="3.404" type="nursery" />
<cycle-start id="6615" type="scavenge" contextid="0" timestamp="2019-07-02T20:42:38.066" intervalms="3.444" />
  <attribute name="GC Util" value="16" />
  <attribute name="CPU Util" value="5608043205994" />
  <attribute name="Time Running"value="19163"/>
  <attribute name="Number of cores"value="4"/>
<gc-start id="6616" type="scavenge" contextid="6615" timestamp="2019-07-02T20:42:38.066">
  <mem-info id="6617" free="7444544" total="44826624" percent="16">
    <mem type="nursery" free="0" total="18612224" percent="0">
      <mem type="allocate" free="0" total="16711680" percent="0" />
      <mem type="survivor" free="0" total="1900544" percent="0" />
    </mem>
    <mem type="tenure" free="7444544" total="26214400" percent="28">
      <mem type="soa" free="6133824" total="24903680" percent="24" />
      <mem type="loa" free="1310720" total="1310720" percent="100" />
    </mem>
    <remembered-set count="96" />
  </mem-info>
</gc-start>
<allocation-stats totalBytes="16615072" >
  <allocated-bytes non-tlh="1168" tlh="16613904" />
  <largest-consumer threadName="main" threadId="00000000022F5700" bytes="16615072" />
</allocation-stats>
<gc-op id="6618" type="scavenge" timems="0.173" contextid="6615" timestamp="2019-07-02T20:42:38.067">
  <scavenger-info tenureage="8" tenuremask="ff00" tiltratio="89" />
  <memory-copied type="nursery" objects="1" bytes="24" bytesdiscarded="39144" />
</gc-op>
<gc-end id="6619" type="scavenge" contextid="6615" durationms="0.616" usertimems="4.000" systemtimems="0.000" timestamp="2019-07-02T20:42:38.067" activeThreads="4">
  <mem-info id="6620" free="24117056" total="44826624" percent="53">
    <mem type="nursery" free="16672512" total="18612224" percent="89">
      <mem type="allocate" free="16672512" total="16711680" percent="99" />
      <mem type="survivor" free="0" total="1900544" percent="0" />
    </mem>
    <mem type="tenure" free="7444544" total="26214400" percent="28" macro-fragmented="0">
      <mem type="soa" free="6133824" total="24903680" percent="24" />
      <mem type="loa" free="1310720" total="1310720" percent="100" />
    </mem>
    <remembered-set count="96" />
  </mem-info>
</gc-end>
<cycle-end id="6621" type="scavenge" contextid="6615" timestamp="2019-07-02T20:42:38.067">
  <attribute name="GC Util" value="16" />
  <attribute name="CPU Util" value="5460050979836" />
  <attribute name="Time Running"value="19167"/>
  <attribute name="Number of cores"value="4"/>
</cycle-end>
<allocation-satisfied id="6622" threadId="00000000022F5700" bytesRequested="1168" />
<af-end id="6623" timestamp="2019-07-02T20:42:38.068" threadId="00000000022F6088" success="true" from="nursery"/>
<exclusive-end id="6624" timestamp="2019-07-02T20:42:38.068" durationms="1.552" />

<exclusive-start id="6625" timestamp="2019-07-02T20:42:38.069" intervalms="3.435">
  <response-info timems="0.066" idlems="0.066" threads="0" lastid="00000000022F5700" lastname="main" />
</exclusive-start>
<af-start id="6626" threadId="00000000022F6088" totalBytesRequested="1168" timestamp="2019-07-02T20:42:38.070" intervalms="3.420" type="nursery" />
<cycle-start id="6627" type="scavenge" contextid="0" timestamp="2019-07-02T20:42:38.070" intervalms="3.416" />
  <attribute name="GC Util" value="16" />
  <attribute name="CPU Util" value="5460050979836" />
  <attribute name="Time Running"value="19167"/>
  <attribute name="Number of cores"value="4"/>
<gc-start id="6628" type="scavenge" contextid="6627" timestamp="2019-07-02T20:42:38.070">
  <mem-info id="6629" free="7444544" total="44826624" percent="16">
    <mem type="nursery" free="0" total="18612224" percent="0">
      <mem type="allocate" free="0" total="16711680" percent="0" />
      <mem type="survivor" free="0" total="1900544" percent="0" />
    </mem>
    <mem type="tenure" free="7444544" total="26214400" percent="28">
      <mem type="soa" free="6133824" total="24903680" percent="24" />
      <mem type="loa" free="1310720" total="1310720" percent="100" />
    </mem>
    <remembered-set count="96" />
  </mem-info>
</gc-start>
<allocation-stats totalBytes="16613840" >
  <allocated-bytes non-tlh="1168" tlh="16612672" />
  <largest-consumer threadName="main" threadId="00000000022F5700" bytes="16613840" />
</allocation-stats>
<gc-op id="6630" type="scavenge" timems="0.167" contextid="6627" timestamp="2019-07-02T20:42:38.070">
  <scavenger-info tenureage="8" tenuremask="ff00" tiltratio="89" />
  <memory-copied type="nursery" objects="1" bytes="24" bytesdiscarded="39144" />
</gc-op>
<gc-end id="6631" type="scavenge" contextid="6627" durationms="0.644" usertimems="0.000" systemtimems="0.000" timestamp="2019-07-02T20:42:38.071" activeThreads="4">
  <mem-info id="6632" free="24117056" total="44826624" percent="53">
    <mem type="nursery" free="16672512" total="18612224" percent="89">
      <mem type="allocate" free="16672512" total="16711680" percent="99" />
      <mem type="survivor" free="0" total="1900544" percent="0" />
    </mem>
    <mem type="tenure" free="7444544" total="26214400" percent="28" macro-fragmented="0">
      <mem type="soa" free="6133824" total="24903680" percent="24" />
      <mem type="loa" free="1310720" total="1310720" percent="100" />
    </mem>
    <remembered-set count="96" />
  </mem-info>
</gc-end>
<cycle-end id="6633" type="scavenge" contextid="6627" timestamp="2019-07-02T20:42:38.071">
  <attribute name="GC Util" value="15" />
  <attribute name="CPU Util" value="5320256367688" />
  <attribute name="Time Running"value="19170"/>
  <attribute name="Number of cores"value="4"/>
</cycle-end>
<allocation-satisfied id="6634" threadId="00000000022F5700" bytesRequested="1168" />
<af-end id="6635" timestamp="2019-07-02T20:42:38.071" threadId="00000000022F6088" success="true" from="nursery"/>
<exclusive-end id="6636" timestamp="2019-07-02T20:42:38.071" durationms="1.580" />

<exclusive-start id="6637" timestamp="2019-07-02T20:42:38.073" intervalms="3.379">
  <response-info timems="0.025" idlems="0.025" threads="0" lastid="00000000022F5700" lastname="main" />
</exclusive-start>
<af-start id="6638" threadId="00000000022F6088" totalBytesRequested="1168" timestamp="2019-07-02T20:42:38.073" intervalms="3.339" type="nursery" />
<cycle-start id="6639" type="scavenge" contextid="0" timestamp="2019-07-02T20:42:38.073" intervalms="3.344" />
  <attribute name="GC Util" value="15" />
  <attribute name="CPU Util" value="5320256367688" />
  <attribute name="Time Running"value="19170"/>
  <attribute name="Number of cores"value="4"/>
<gc-start id="6640" type="scavenge" contextid="6639" timestamp="2019-07-02T20:42:38.073">
  <mem-info id="6641" free="7444544" total="44826624" percent="16">
    <mem type="nursery" free="0" total="18612224" percent="0">
      <mem type="allocate" free="0" total="16711680" percent="0" />
      <mem type="survivor" free="0" total="1900544" percent="0" />
    </mem>
    <mem type="tenure" free="7444544" total="26214400" percent="28">
      <mem type="soa" free="6133824" total="24903680" percent="24" />
      <mem type="loa" free="1310720" total="1310720" percent="100" />
    </mem>
    <remembered-set count="96" />
  </mem-info>
</gc-start>
<allocation-stats totalBytes="16615048" >
  <allocated-bytes non-tlh="1168" tlh="16613880" />
  <largest-consumer threadName="main" threadId="00000000022F5700" bytes="16615048" />
</allocation-stats>
<gc-op id="6642" type="scavenge" timems="0.160" contextid="6639" timestamp="2019-07-02T20:42:38.073">
  <scavenger-info tenureage="8" tenuremask="ff00" tiltratio="89" />
  <memory-copied type="nursery" objects="1" bytes="24" bytesdiscarded="39144" />
</gc-op>
<gc-end id="6643" type="scavenge" contextid="6639" durationms="0.601" usertimems="4.000" systemtimems="0.000" timestamp="2019-07-02T20:42:38.074" activeThreads="4">
  <mem-info id="6644" free="24117056" total="44826624" percent="53">
    <mem type="nursery" free="16672512" total="18612224" percent="89">
      <mem type="allocate" free="16672512" total="16711680" percent="99" />
      <mem type="survivor" free="0" total="1900544" percent="0" />
    </mem>
    <mem type="tenure" free="7444544" total="26214400" percent="28" macro-fragmented="0">
      <mem type="soa" free="6133824" total="24903680" percent="24" />
      <mem type="loa" free="1310720" total="1310720" percent="100" />
    </mem>
    <remembered-set count="96" />
  </mem-info>
</gc-end>
<cycle-end id="6645" type="scavenge" contextid="6639" timestamp="2019-07-02T20:42:38.074">
  <attribute name="GC Util" value="16" />
  <attribute name="CPU Util" value="5713441847156" />
  <attribute name="Time Running"value="19173"/>
  <attribute name="Number of cores"value="4"/>
</cycle-end>
<allocation-satisfied id="6646" threadId="00000000022F5700" bytesRequested="1168" />
<af-end id="6647" timestamp="2019-07-02T20:42:38.074" threadId="00000000022F6088" success="true" from="nursery"/>
<exclusive-end id="6648" timestamp="2019-07-02T20:42:38.074" durationms="1.396" />

<exclusive-start id="6649" timestamp="2019-07-02T20:42:38.076" intervalms="3.121">
  <response-info timems="0.025" idlems="0.025" threads="0" lastid="00000000022F5700" lastname="main" />
</exclusive-start>
<af-start id="6650" threadId="00000000022F6088" totalBytesRequested="1168" timestamp="2019-07-02T20:42:38.076" intervalms="3.091" type="nursery" />
<cycle-start id="6651" type="scavenge" contextid="0" timestamp="2019-07-02T20:42:38.076" intervalms="3.094" />
  <attribute name="GC Util" value="16" />
  <attribute name="CPU Util" value="5713441847156" />
  <attribute name="Time Running"value="19173"/>
  <attribute name="Number of cores"value="4"/>
<gc-start id="6652" type="scavenge" contextid="6651" timestamp="2019-07-02T20:42:38.076">
  <mem-info id="6653" free="7444544" total="44826624" percent="16">
    <mem type="nursery" free="0" total="18612224" percent="0">
      <mem type="allocate" free="0" total="16711680" percent="0" />
      <mem type="survivor" free="0" total="1900544" percent="0" />
    </mem>
    <mem type="tenure" free="7444544" total="26214400" percent="28">
      <mem type="soa" free="6133824" total="24903680" percent="24" />
      <mem type="loa" free="1310720" total="1310720" percent="100" />
    </mem>
    <remembered-set count="96" />
  </mem-info>
</gc-start>
<allocation-stats totalBytes="16613840" >
  <allocated-bytes non-tlh="1168" tlh="16612672" />
  <largest-consumer threadName="main" threadId="00000000022F5700" bytes="16613840" />
</allocation-stats>
<gc-op id="6654" type="scavenge" timems="0.163" contextid="6651" timestamp="2019-07-02T20:42:38.077">
  <scavenger-info tenureage="8" tenuremask="ff00" tiltratio="89" />
  <memory-copied type="nursery" objects="1" bytes="24" bytesdiscarded="39144" />
</gc-op>
<gc-end id="6655" type="scavenge" contextid="6651" durationms="0.587" usertimems="0.000" systemtimems="0.000" timestamp="2019-07-02T20:42:38.077" activeThreads="4">
  <mem-info id="6656" free="24117056" total="44826624" percent="53">
    <mem type="nursery" free="16672512" total="18612224" percent="89">
      <mem type="allocate" free="16672512" total="16711680" percent="99" />
      <mem type="survivor" free="0" total="1900544" percent="0" />
    </mem>
    <mem type="tenure" free="7444544" total="26214400" percent="28" macro-fragmented="2592282">
      <mem type="soa" free="6133824" total="24903680" percent="24" />
      <mem type="loa" free="1310720" total="1310720" percent="100" />
    </mem>
    <remembered-set count="96" />
  </mem-info>
</gc-end>
<cycle-end id="6657" type="scavenge" contextid="6651" timestamp="2019-07-02T20:42:38.077">
  <attribute name="GC Util" value="17" />
  <attribute name="CPU Util" value="5899501448547" />
  <attribute name="Time Running"value="19177"/>
  <attribute name="Number of cores"value="4"/>
</cycle-end>
<allocation-satisfied id="6658" threadId="00000000022F5700" bytesRequested="1168" />
<af-end id="6659" timestamp="2019-07-02T20:42:38.077" threadId="00000000022F6088" success="true" from="nursery"/>
<exclusive-end id="6660" timestamp="2019-07-02T20:42:38.077" durationms="1.330" />

<exclusive-start id="6661" timestamp="2019-07-02T20:42:38.079" intervalms="3.129">
  <response-info timems="0.036" idlems="0.036" threads="0" lastid="00000000022F5700" lastname="main" />
</exclusive-start>
<af-start id="6662" threadId="00000000022F6088" totalBytesRequested="1168" timestamp="2019-07-02T20:42:38.079" intervalms="3.197" type="nursery" />
<cycle-start id="6663" type="scavenge" contextid="0" timestamp="2019-07-02T20:42:38.079" intervalms="3.192" />
  <attribute name="GC Util" value="17" />
  <attribute name="CPU Util" value="5899501448547" />
  <attribute name="Time Running"value="19177"/>
  <attribute name="Number of cores"value="4"/>
<gc-start id="6664" type="scavenge" contextid="6663" timestamp="2019-07-02T20:42:38.079">
  <mem-info id="6665" free="7444544" total="44826624" percent="16">
    <mem type="nursery" free="0" total="18612224" percent="0">
      <mem type="allocate" free="0" total="16711680" percent="0" />
      <mem type="survivor" free="0" total="1900544" percent="0" />
    </mem>
    <mem type="tenure" free="7444544" total="26214400" percent="28">
      <mem type="soa" free="6133824" total="24903680" percent="24" />
      <mem type="loa" free="1310720" total="1310720" percent="100" />
    </mem>
    <remembered-set count="96" />
  </mem-info>
</gc-start>
<allocation-stats totalBytes="16615072" >
  <allocated-bytes non-tlh="1168" tlh="16613904" />
  <largest-consumer threadName="main" threadId="00000000022F5700" bytes="16615072" />
</allocation-stats>
<gc-op id="6666" type="scavenge" timems="0.158" contextid="6663" timestamp="2019-07-02T20:42:38.080">
  <scavenger-info tenureage="8" tenuremask="ff00" tiltratio="89" />
  <memory-copied type="nursery" objects="1" bytes="24" bytesdiscarded="39144" />
</gc-op>
<gc-end id="6667" type="scavenge" contextid="6663" durationms="0.645" usertimems="0.000" systemtimems="0.000" timestamp="2019-07-02T20:42:38.080" activeThreads="4">
  <mem-info id="6668" free="24117056" total="44826624" percent="53">
    <mem type="nursery" free="16672512" total="18612224" percent="89">
      <mem type="allocate" free="16672512" total="16711680" percent="99" />
      <mem type="survivor" free="0" total="1900544" percent="0" />
    </mem>
    <mem type="tenure" free="7444544" total="26214400" percent="28" macro-fragmented="0">
      <mem type="soa" free="6133824" total="24903680" percent="24" />
      <mem type="loa" free="1310720" total="1310720" percent="100" />
    </mem>
    <remembered-set count="96" />
  </mem-info>
</gc-end>
<cycle-end id="6669" type="scavenge" contextid="6663" timestamp="2019-07-02T20:42:38.080">
  <attribute name="GC Util" value="16" />
  <attribute name="CPU Util" value="5717839153687" />
  <attribute name="Time Running"value="19180"/>
  <attribute name="Number of cores"value="4"/>
</cycle-end>
<allocation-satisfied id="6670" threadId="00000000022F5700" bytesRequested="1168" />
<af-end id="6671" timestamp="2019-07-02T20:42:38.080" threadId="00000000022F6088" success="true" from="nursery"/>
<exclusive-end id="6672" timestamp="2019-07-02T20:42:38.081" durationms="1.434" />

<exclusive-start id="6673" timestamp="2019-07-02T20:42:38.082" intervalms="3.134">
  <response-info timems="0.023" idlems="0.023" threads="0" lastid="00000000022F5700" lastname="main" />
</exclusive-start>
<af-start id="6674" threadId="00000000022F6088" totalBytesRequested="1168" timestamp="2019-07-02T20:42:38.082" intervalms="3.146" type="nursery" />
<cycle-start id="6675" type="scavenge" contextid="0" timestamp="2019-07-02T20:42:38.083" intervalms="3.143" />
  <attribute name="GC Util" value="16" />
  <attribute name="CPU Util" value="5717839153687" />
  <attribute name="Time Running"value="19180"/>
  <attribute name="Number of cores"value="4"/>
<gc-start id="6676" type="scavenge" contextid="6675" timestamp="2019-07-02T20:42:38.083">
  <mem-info id="6677" free="7444544" total="44826624" percent="16">
    <mem type="nursery" free="0" total="18612224" percent="0">
      <mem type="allocate" free="0" total="16711680" percent="0" />
      <mem type="survivor" free="0" total="1900544" percent="0" />
    </mem>
    <mem type="tenure" free="7444544" total="26214400" percent="28">
      <mem type="soa" free="6133824" total="24903680" percent="24" />
      <mem type="loa" free="1310720" total="1310720" percent="100" />
    </mem>
    <remembered-set count="96" />
  </mem-info>
</gc-start>
<allocation-stats totalBytes="16613816" >
  <allocated-bytes non-tlh="1168" tlh="16612648" />
  <largest-consumer threadName="main" threadId="00000000022F5700" bytes="16613816" />
</allocation-stats>
<gc-op id="6678" type="scavenge" timems="0.163" contextid="6675" timestamp="2019-07-02T20:42:38.083">
  <scavenger-info tenureage="8" tenuremask="ff00" tiltratio="89" />
  <memory-copied type="nursery" objects="1" bytes="24" bytesdiscarded="39144" />
</gc-op>
<gc-end id="6679" type="scavenge" contextid="6675" durationms="0.653" usertimems="0.000" systemtimems="0.000" timestamp="2019-07-02T20:42:38.083" activeThreads="4">
  <mem-info id="6680" free="24117056" total="44826624" percent="53">
    <mem type="nursery" free="16672512" total="18612224" percent="89">
      <mem type="allocate" free="16672512" total="16711680" percent="99" />
      <mem type="survivor" free="0" total="1900544" percent="0" />
    </mem>
    <mem type="tenure" free="7444544" total="26214400" percent="28" macro-fragmented="0">
      <mem type="soa" free="6133824" total="24903680" percent="24" />
      <mem type="loa" free="1310720" total="1310720" percent="100" />
    </mem>
    <remembered-set count="96" />
  </mem-info>
</gc-end>
<cycle-end id="6681" type="scavenge" contextid="6675" timestamp="2019-07-02T20:42:38.083">
  <attribute name="GC Util" value="16" />
  <attribute name="CPU Util" value="5798931744037" />
  <attribute name="Time Running"value="19183"/>
  <attribute name="Number of cores"value="4"/>
</cycle-end>
<allocation-satisfied id="6682" threadId="00000000022F5700" bytesRequested="1168" />
<af-end id="6683" timestamp="2019-07-02T20:42:38.084" threadId="00000000022F6088" success="true" from="nursery"/>
<exclusive-end id="6684" timestamp="2019-07-02T20:42:38.084" durationms="1.533" />

<exclusive-start id="6685" timestamp="2019-07-02T20:42:38.085" intervalms="3.267">
  <response-info timems="0.020" idlems="0.020" threads="0" lastid="00000000022F5700" lastname="main" />
</exclusive-start>
<af-start id="6686" threadId="00000000022F6088" totalBytesRequested="1168" timestamp="2019-07-02T20:42:38.086" intervalms="3.261" type="nursery" />
<cycle-start id="6687" type="scavenge" contextid="0" timestamp="2019-07-02T20:42:38.086" intervalms="3.263" />
  <attribute name="GC Util" value="16" />
  <attribute name="CPU Util" value="5798931744037" />
  <attribute name="Time Running"value="19183"/>
  <attribute name="Number of cores"value="4"/>
<gc-start id="6688" type="scavenge" contextid="6687" timestamp="2019-07-02T20:42:38.086">
  <mem-info id="6689" free="7444544" total="44826624" percent="16">
    <mem type="nursery" free="0" total="18612224" percent="0">
      <mem type="allocate" free="0" total="16711680" percent="0" />
      <mem type="survivor" free="0" total="1900544" percent="0" />
    </mem>
    <mem type="tenure" free="7444544" total="26214400" percent="28">
      <mem type="soa" free="6133824" total="24903680" percent="24" />
      <mem type="loa" free="1310720" total="1310720" percent="100" />
    </mem>
    <remembered-set count="96" />
  </mem-info>
</gc-start>
<allocation-stats totalBytes="16615072" >
  <allocated-bytes non-tlh="1168" tlh="16613904" />
  <largest-consumer threadName="main" threadId="00000000022F5700" bytes="16615072" />
</allocation-stats>
<gc-op id="6690" type="scavenge" timems="0.157" contextid="6687" timestamp="2019-07-02T20:42:38.086">
  <scavenger-info tenureage="8" tenuremask="ff00" tiltratio="89" />
  <memory-copied type="nursery" objects="1" bytes="24" bytesdiscarded="39144" />
</gc-op>
<gc-end id="6691" type="scavenge" contextid="6687" durationms="0.783" usertimems="0.000" systemtimems="0.000" timestamp="2019-07-02T20:42:38.087" activeThreads="4">
  <mem-info id="6692" free="24117056" total="44826624" percent="53">
    <mem type="nursery" free="16672512" total="18612224" percent="89">
      <mem type="allocate" free="16672512" total="16711680" percent="99" />
      <mem type="survivor" free="0" total="1900544" percent="0" />
    </mem>
    <mem type="tenure" free="7444544" total="26214400" percent="28" macro-fragmented="0">
      <mem type="soa" free="6133824" total="24903680" percent="24" />
      <mem type="loa" free="1310720" total="1310720" percent="100" />
    </mem>
    <remembered-set count="96" />
  </mem-info>
</gc-end>
<cycle-end id="6693" type="scavenge" contextid="6687" timestamp="2019-07-02T20:42:38.087">
  <attribute name="GC Util" value="15" />
  <attribute name="CPU Util" value="5541258425537" />
  <attribute name="Time Running"value="19186"/>
  <attribute name="Number of cores"value="4"/>
</cycle-end>
<allocation-satisfied id="6694" threadId="00000000022F5700" bytesRequested="1168" />
<af-end id="6695" timestamp="2019-07-02T20:42:38.087" threadId="00000000022F6088" success="true" from="nursery"/>
<exclusive-end id="6696" timestamp="2019-07-02T20:42:38.087" durationms="1.624" />

<exclusive-start id="6697" timestamp="2019-07-02T20:42:38.089" intervalms="3.278">
  <response-info timems="0.036" idlems="0.036" threads="0" lastid="00000000022F5700" lastname="main" />
</exclusive-start>
<af-start id="6698" threadId="00000000022F6088" totalBytesRequested="1168" timestamp="2019-07-02T20:42:38.089" intervalms="3.224" type="nursery" />
<cycle-start id="6699" type="scavenge" contextid="0" timestamp="2019-07-02T20:42:38.089" intervalms="3.220" />
  <attribute name="GC Util" value="15" />
  <attribute name="CPU Util" value="5541258425537" />
  <attribute name="Time Running"value="19186"/>
  <attribute name="Number of cores"value="4"/>
<gc-start id="6700" type="scavenge" contextid="6699" timestamp="2019-07-02T20:42:38.089">
  <mem-info id="6701" free="7444544" total="44826624" percent="16">
    <mem type="nursery" free="0" total="18612224" percent="0">
      <mem type="allocate" free="0" total="16711680" percent="0" />
      <mem type="survivor" free="0" total="1900544" percent="0" />
    </mem>
    <mem type="tenure" free="7444544" total="26214400" percent="28">
      <mem type="soa" free="6133824" total="24903680" percent="24" />
      <mem type="loa" free="1310720" total="1310720" percent="100" />
    </mem>
    <remembered-set count="96" />
  </mem-info>
</gc-start>
<allocation-stats totalBytes="16613816" >
  <allocated-bytes non-tlh="1168" tlh="16612648" />
  <largest-consumer threadName="main" threadId="00000000022F5700" bytes="16613816" />
</allocation-stats>
<gc-op id="6702" type="scavenge" timems="0.161" contextid="6699" timestamp="2019-07-02T20:42:38.089">
  <scavenger-info tenureage="8" tenuremask="ff00" tiltratio="89" />
  <memory-copied type="nursery" objects="1" bytes="24" bytesdiscarded="39144" />
</gc-op>
<gc-end id="6703" type="scavenge" contextid="6699" durationms="0.718" usertimems="4.000" systemtimems="0.000" timestamp="2019-07-02T20:42:38.090" activeThreads="4">
  <mem-info id="6704" free="24117056" total="44826624" percent="53">
    <mem type="nursery" free="16672512" total="18612224" percent="89">
      <mem type="allocate" free="16672512" total="16711680" percent="99" />
      <mem type="survivor" free="0" total="1900544" percent="0" />
    </mem>
    <mem type="tenure" free="7444544" total="26214400" percent="28" macro-fragmented="0">
      <mem type="soa" free="6133824" total="24903680" percent="24" />
      <mem type="loa" free="1310720" total="1310720" percent="100" />
    </mem>
    <remembered-set count="96" />
  </mem-info>
</gc-end>
<cycle-end id="6705" type="scavenge" contextid="6699" timestamp="2019-07-02T20:42:38.090">
  <attribute name="GC Util" value="17" />
  <attribute name="CPU Util" value="5889977516318" />
  <attribute name="Time Running"value="19189"/>
  <attribute name="Number of cores"value="4"/>
</cycle-end>
<allocation-satisfied id="6706" threadId="00000000022F5700" bytesRequested="1168" />
<af-end id="6707" timestamp="2019-07-02T20:42:38.090" threadId="00000000022F6088" success="true" from="nursery"/>
<exclusive-end id="6708" timestamp="2019-07-02T20:42:38.090" durationms="1.538" />

<exclusive-start id="6709" timestamp="2019-07-02T20:42:38.092" intervalms="3.326">
  <response-info timems="0.026" idlems="0.026" threads="0" lastid="00000000022F5700" lastname="main" />
</exclusive-start>
<af-start id="6710" threadId="00000000022F6088" totalBytesRequested="1168" timestamp="2019-07-02T20:42:38.092" intervalms="3.364" type="nursery" />
<cycle-start id="6711" type="scavenge" contextid="0" timestamp="2019-07-02T20:42:38.092" intervalms="3.355" />
  <attribute name="GC Util" value="17" />
  <attribute name="CPU Util" value="5889977516318" />
  <attribute name="Time Running"value="19189"/>
  <attribute name="Number of cores"value="4"/>
<gc-start id="6712" type="scavenge" contextid="6711" timestamp="2019-07-02T20:42:38.092">
  <mem-info id="6713" free="7444544" total="44826624" percent="16">
    <mem type="nursery" free="0" total="18612224" percent="0">
      <mem type="allocate" free="0" total="16711680" percent="0" />
      <mem type="survivor" free="0" total="1900544" percent="0" />
    </mem>
    <mem type="tenure" free="7444544" total="26214400" percent="28">
      <mem type="soa" free="6133824" total="24903680" percent="24" />
      <mem type="loa" free="1310720" total="1310720" percent="100" />
    </mem>
    <remembered-set count="96" />
  </mem-info>
</gc-start>
<allocation-stats totalBytes="16615072" >
  <allocated-bytes non-tlh="1168" tlh="16613904" />
  <largest-consumer threadName="main" threadId="00000000022F5700" bytes="16615072" />
</allocation-stats>
<gc-op id="6714" type="scavenge" timems="0.168" contextid="6711" timestamp="2019-07-02T20:42:38.093">
  <scavenger-info tenureage="8" tenuremask="ff00" tiltratio="89" />
  <memory-copied type="nursery" objects="1" bytes="24" bytesdiscarded="39144" />
</gc-op>
<gc-end id="6715" type="scavenge" contextid="6711" durationms="0.619" usertimems="0.000" systemtimems="0.000" timestamp="2019-07-02T20:42:38.093" activeThreads="4">
  <mem-info id="6716" free="24117056" total="44826624" percent="53">
    <mem type="nursery" free="16672512" total="18612224" percent="89">
      <mem type="allocate" free="16672512" total="16711680" percent="99" />
      <mem type="survivor" free="0" total="1900544" percent="0" />
    </mem>
    <mem type="tenure" free="7444544" total="26214400" percent="28" macro-fragmented="32776">
      <mem type="soa" free="6133824" total="24903680" percent="24" />
      <mem type="loa" free="1310720" total="1310720" percent="100" />
    </mem>
    <remembered-set count="96" />
  </mem-info>
</gc-end>
<cycle-end id="6717" type="scavenge" contextid="6711" timestamp="2019-07-02T20:42:38.093">
  <attribute name="GC Util" value="16" />
  <attribute name="CPU Util" value="5538501636501" />
  <attribute name="Time Running"value="19193"/>
  <attribute name="Number of cores"value="4"/>
</cycle-end>
<allocation-satisfied id="6718" threadId="00000000022F5700" bytesRequested="1168" />
<af-end id="6719" timestamp="2019-07-02T20:42:38.093" threadId="00000000022F6088" success="true" from="nursery"/>
<exclusive-end id="6720" timestamp="2019-07-02T20:42:38.093" durationms="1.369" />

<exclusive-start id="6721" timestamp="2019-07-02T20:42:38.095" intervalms="3.101">
  <response-info timems="0.027" idlems="0.027" threads="0" lastid="00000000022F5700" lastname="main" />
</exclusive-start>
<af-start id="6722" threadId="00000000022F6088" totalBytesRequested="1168" timestamp="2019-07-02T20:42:38.095" intervalms="3.067" type="nursery" />
<cycle-start id="6723" type="scavenge" contextid="0" timestamp="2019-07-02T20:42:38.095" intervalms="3.081" />
  <attribute name="GC Util" value="16" />
  <attribute name="CPU Util" value="5538501636501" />
  <attribute name="Time Running"value="19193"/>
  <attribute name="Number of cores"value="4"/>
<gc-start id="6724" type="scavenge" contextid="6723" timestamp="2019-07-02T20:42:38.096">
  <mem-info id="6725" free="7444544" total="44826624" percent="16">
    <mem type="nursery" free="0" total="18612224" percent="0">
      <mem type="allocate" free="0" total="16711680" percent="0" />
      <mem type="survivor" free="0" total="1900544" percent="0" />
    </mem>
    <mem type="tenure" free="7444544" total="26214400" percent="28">
      <mem type="soa" free="6133824" total="24903680" percent="24" />
      <mem type="loa" free="1310720" total="1310720" percent="100" />
    </mem>
    <remembered-set count="96" />
  </mem-info>
</gc-start>
<allocation-stats totalBytes="16613840" >
  <allocated-bytes non-tlh="1168" tlh="16612672" />
  <largest-consumer threadName="main" threadId="00000000022F5700" bytes="16613840" />
</allocation-stats>
<gc-op id="6726" type="scavenge" timems="0.181" contextid="6723" timestamp="2019-07-02T20:42:38.096">
  <scavenger-info tenureage="8" tenuremask="ff00" tiltratio="89" />
  <memory-copied type="nursery" objects="1" bytes="24" bytesdiscarded="39144" />
</gc-op>
<gc-end id="6727" type="scavenge" contextid="6723" durationms="0.642" usertimems="0.000" systemtimems="0.000" timestamp="2019-07-02T20:42:38.096" activeThreads="4">
  <mem-info id="6728" free="24117056" total="44826624" percent="53">
    <mem type="nursery" free="16672512" total="18612224" percent="89">
      <mem type="allocate" free="16672512" total="16711680" percent="99" />
      <mem type="survivor" free="0" total="1900544" percent="0" />
    </mem>
    <mem type="tenure" free="7444544" total="26214400" percent="28" macro-fragmented="0">
      <mem type="soa" free="6133824" total="24903680" percent="24" />
      <mem type="loa" free="1310720" total="1310720" percent="100" />
    </mem>
    <remembered-set count="96" />
  </mem-info>
</gc-end>
<cycle-end id="6729" type="scavenge" contextid="6723" timestamp="2019-07-02T20:42:38.096">
  <attribute name="GC Util" value="17" />
  <attribute name="CPU Util" value="5942371696864" />
  <attribute name="Time Running"value="19196"/>
  <attribute name="Number of cores"value="4"/>
</cycle-end>
<allocation-satisfied id="6730" threadId="00000000022F5700" bytesRequested="1168" />
<af-end id="6731" timestamp="2019-07-02T20:42:38.097" threadId="00000000022F6088" success="true" from="nursery"/>
<exclusive-end id="6732" timestamp="2019-07-02T20:42:38.097" durationms="1.494" />

<exclusive-start id="6733" timestamp="2019-07-02T20:42:38.099" intervalms="3.327">
  <response-info timems="0.025" idlems="0.025" threads="0" lastid="00000000022F5700" lastname="main" />
</exclusive-start>
<af-start id="6734" threadId="00000000022F6088" totalBytesRequested="1168" timestamp="2019-07-02T20:42:38.099" intervalms="3.387" type="nursery" />
<cycle-start id="6735" type="scavenge" contextid="0" timestamp="2019-07-02T20:42:38.099" intervalms="3.388" />
  <attribute name="GC Util" value="17" />
  <attribute name="CPU Util" value="5942371696864" />
  <attribute name="Time Running"value="19196"/>
  <attribute name="Number of cores"value="4"/>
<gc-start id="6736" type="scavenge" contextid="6735" timestamp="2019-07-02T20:42:38.099">
  <mem-info id="6737" free="7444544" total="44826624" percent="16">
    <mem type="nursery" free="0" total="18612224" percent="0">
      <mem type="allocate" free="0" total="16711680" percent="0" />
      <mem type="survivor" free="0" total="1900544" percent="0" />
    </mem>
    <mem type="tenure" free="7444544" total="26214400" percent="28">
      <mem type="soa" free="6133824" total="24903680" percent="24" />
      <mem type="loa" free="1310720" total="1310720" percent="100" />
    </mem>
    <remembered-set count="96" />
  </mem-info>
</gc-start>
<allocation-stats totalBytes="16615048" >
  <allocated-bytes non-tlh="1168" tlh="16613880" />
  <largest-consumer threadName="main" threadId="00000000022F5700" bytes="16615048" />
</allocation-stats>
<gc-op id="6738" type="scavenge" timems="0.184" contextid="6735" timestamp="2019-07-02T20:42:38.099">
  <scavenger-info tenureage="8" tenuremask="ff00" tiltratio="89" />
  <memory-copied type="nursery" objects="1" bytes="24" bytesdiscarded="39144" />
</gc-op>
<gc-end id="6739" type="scavenge" contextid="6735" durationms="0.635" usertimems="0.000" systemtimems="0.000" timestamp="2019-07-02T20:42:38.100" activeThreads="4">
  <mem-info id="6740" free="24117056" total="44826624" percent="53">
    <mem type="nursery" free="16672512" total="18612224" percent="89">
      <mem type="allocate" free="16672512" total="16711680" percent="99" />
      <mem type="survivor" free="0" total="1900544" percent="0" />
    </mem>
    <mem type="tenure" free="7444544" total="26214400" percent="28" macro-fragmented="1250136">
      <mem type="soa" free="6133824" total="24903680" percent="24" />
      <mem type="loa" free="1310720" total="1310720" percent="100" />
    </mem>
    <remembered-set count="96" />
  </mem-info>
</gc-end>
<cycle-end id="6741" type="scavenge" contextid="6735" timestamp="2019-07-02T20:42:38.100">
  <attribute name="GC Util" value="16" />
  <attribute name="CPU Util" value="5460670023914" />
  <attribute name="Time Running"value="19199"/>
  <attribute name="Number of cores"value="4"/>
</cycle-end>
<allocation-satisfied id="6742" threadId="00000000022F5700" bytesRequested="1168" />
<af-end id="6743" timestamp="2019-07-02T20:42:38.100" threadId="00000000022F6088" success="true" from="nursery"/>
<exclusive-end id="6744" timestamp="2019-07-02T20:42:38.100" durationms="1.586" />

<exclusive-start id="6745" timestamp="2019-07-02T20:42:38.102" intervalms="3.433">
  <response-info timems="0.041" idlems="0.041" threads="0" lastid="00000000022F5700" lastname="main" />
</exclusive-start>
<af-start id="6746" threadId="00000000022F6088" totalBytesRequested="1168" timestamp="2019-07-02T20:42:38.102" intervalms="3.423" type="nursery" />
<cycle-start id="6747" type="scavenge" contextid="0" timestamp="2019-07-02T20:42:38.102" intervalms="3.422" />
  <attribute name="GC Util" value="16" />
  <attribute name="CPU Util" value="5460670023914" />
  <attribute name="Time Running"value="19199"/>
  <attribute name="Number of cores"value="4"/>
<gc-start id="6748" type="scavenge" contextid="6747" timestamp="2019-07-02T20:42:38.102">
  <mem-info id="6749" free="7444544" total="44826624" percent="16">
    <mem type="nursery" free="0" total="18612224" percent="0">
      <mem type="allocate" free="0" total="16711680" percent="0" />
      <mem type="survivor" free="0" total="1900544" percent="0" />
    </mem>
    <mem type="tenure" free="7444544" total="26214400" percent="28">
      <mem type="soa" free="6133824" total="24903680" percent="24" />
      <mem type="loa" free="1310720" total="1310720" percent="100" />
    </mem>
    <remembered-set count="96" />
  </mem-info>
</gc-start>
<allocation-stats totalBytes="16613840" >
  <allocated-bytes non-tlh="1168" tlh="16612672" />
  <largest-consumer threadName="main" threadId="00000000022F5700" bytes="16613840" />
</allocation-stats>
<gc-op id="6750" type="scavenge" timems="0.188" contextid="6747" timestamp="2019-07-02T20:42:38.103">
  <scavenger-info tenureage="8" tenuremask="ff00" tiltratio="89" />
  <memory-copied type="nursery" objects="1" bytes="24" bytesdiscarded="39144" />
</gc-op>
<gc-end id="6751" type="scavenge" contextid="6747" durationms="0.758" usertimems="4.000" systemtimems="0.000" timestamp="2019-07-02T20:42:38.103" activeThreads="4">
  <mem-info id="6752" free="24117056" total="44826624" percent="53">
    <mem type="nursery" free="16672512" total="18612224" percent="89">
      <mem type="allocate" free="16672512" total="16711680" percent="99" />
      <mem type="survivor" free="0" total="1900544" percent="0" />
    </mem>
    <mem type="tenure" free="7444544" total="26214400" percent="28" macro-fragmented="0">
      <mem type="soa" free="6133824" total="24903680" percent="24" />
      <mem type="loa" free="1310720" total="1310720" percent="100" />
    </mem>
    <remembered-set count="96" />
  </mem-info>
</gc-end>
<cycle-end id="6753" type="scavenge" contextid="6747" timestamp="2019-07-02T20:42:38.103">
  <attribute name="GC Util" value="15" />
  <attribute name="CPU Util" value="5258642305142" />
  <attribute name="Time Running"value="19203"/>
  <attribute name="Number of cores"value="4"/>
</cycle-end>
<allocation-satisfied id="6754" threadId="00000000022F5700" bytesRequested="1168" />
<af-end id="6755" timestamp="2019-07-02T20:42:38.104" threadId="00000000022F6088" success="true" from="nursery"/>
<exclusive-end id="6756" timestamp="2019-07-02T20:42:38.104" durationms="1.678" />

<exclusive-start id="6757" timestamp="2019-07-02T20:42:38.106" intervalms="4.278">
  <response-info timems="0.076" idlems="0.076" threads="0" lastid="00000000022F5700" lastname="main" />
</exclusive-start>
<af-start id="6758" threadId="00000000022F6088" totalBytesRequested="1168" timestamp="2019-07-02T20:42:38.106" intervalms="4.298" type="nursery" />
<cycle-start id="6759" type="scavenge" contextid="0" timestamp="2019-07-02T20:42:38.107" intervalms="4.299" />
  <attribute name="GC Util" value="15" />
  <attribute name="CPU Util" value="5258642305142" />
  <attribute name="Time Running"value="19203"/>
  <attribute name="Number of cores"value="4"/>
<gc-start id="6760" type="scavenge" contextid="6759" timestamp="2019-07-02T20:42:38.107">
  <mem-info id="6761" free="7444544" total="44826624" percent="16">
    <mem type="nursery" free="0" total="18612224" percent="0">
      <mem type="allocate" free="0" total="16711680" percent="0" />
      <mem type="survivor" free="0" total="1900544" percent="0" />
    </mem>
    <mem type="tenure" free="7444544" total="26214400" percent="28">
      <mem type="soa" free="6133824" total="24903680" percent="24" />
      <mem type="loa" free="1310720" total="1310720" percent="100" />
    </mem>
    <remembered-set count="101" />
  </mem-info>
</gc-start>
<allocation-stats totalBytes="16578544" >
  <allocated-bytes non-tlh="1168" tlh="16577376" />
  <largest-consumer threadName="main" threadId="00000000022F5700" bytes="16578544" />
</allocation-stats>
<gc-op id="6762" type="scavenge" timems="0.221" contextid="6759" timestamp="2019-07-02T20:42:38.107">
  <scavenger-info tenureage="8" tenuremask="ff00" tiltratio="89" />
  <memory-copied type="nursery" objects="26" bytes="1904" bytesdiscarded="37264" />
</gc-op>
<gc-end id="6763" type="scavenge" contextid="6759" durationms="0.706" usertimems="0.000" systemtimems="0.000" timestamp="2019-07-02T20:42:38.107" activeThreads="4">
  <mem-info id="6764" free="24117056" total="44826624" percent="53">
    <mem type="nursery" free="16672512" total="18612224" percent="89">
      <mem type="allocate" free="16672512" total="16711680" percent="99" />
      <mem type="survivor" free="0" total="1900544" percent="0" />
    </mem>
    <mem type="tenure" free="7444544" total="26214400" percent="28" macro-fragmented="0">
      <mem type="soa" free="6133824" total="24903680" percent="24" />
      <mem type="loa" free="1310720" total="1310720" percent="100" />
    </mem>
    <remembered-set count="101" />
  </mem-info>
</gc-end>
<cycle-end id="6765" type="scavenge" contextid="6759" timestamp="2019-07-02T20:42:38.108">
  <attribute name="GC Util" value="13" />
  <attribute name="CPU Util" value="4366978023091" />
  <attribute name="Time Running"value="19207"/>
  <attribute name="Number of cores"value="4"/>
</cycle-end>
<allocation-satisfied id="6766" threadId="00000000022F5700" bytesRequested="1168" />
<af-end id="6767" timestamp="2019-07-02T20:42:38.108" threadId="00000000022F6088" success="true" from="nursery"/>
<exclusive-end id="6768" timestamp="2019-07-02T20:42:38.108" durationms="1.714" />

<exclusive-start id="6769" timestamp="2019-07-02T20:42:38.110" intervalms="3.757">
  <response-info timems="0.047" idlems="0.047" threads="0" lastid="00000000022F5700" lastname="main" />
</exclusive-start>
<af-start id="6770" threadId="00000000022F6088" totalBytesRequested="1168" timestamp="2019-07-02T20:42:38.110" intervalms="3.751" type="nursery" />
<cycle-start id="6771" type="scavenge" contextid="0" timestamp="2019-07-02T20:42:38.110" intervalms="3.751" />
  <attribute name="GC Util" value="13" />
  <attribute name="CPU Util" value="4366978023091" />
  <attribute name="Time Running"value="19207"/>
  <attribute name="Number of cores"value="4"/>
<gc-start id="6772" type="scavenge" contextid="6771" timestamp="2019-07-02T20:42:38.110">
  <mem-info id="6773" free="7444544" total="44826624" percent="16">
    <mem type="nursery" free="0" total="18612224" percent="0">
      <mem type="allocate" free="0" total="16711680" percent="0" />
      <mem type="survivor" free="0" total="1900544" percent="0" />
    </mem>
    <mem type="tenure" free="7444544" total="26214400" percent="28">
      <mem type="soa" free="6133824" total="24903680" percent="24" />
      <mem type="loa" free="1310720" total="1310720" percent="100" />
    </mem>
    <remembered-set count="101" />
  </mem-info>
</gc-start>
<allocation-stats totalBytes="16562680" >
  <allocated-bytes non-tlh="1168" tlh="16561512" />
  <largest-consumer threadName="main" threadId="00000000022F5700" bytes="16562680" />
</allocation-stats>
<gc-op id="6774" type="scavenge" timems="0.203" contextid="6771" timestamp="2019-07-02T20:42:38.111">
  <scavenger-info tenureage="3" tenuremask="fff8" tiltratio="89" />
  <memory-copied type="nursery" objects="26" bytes="1904" bytesdiscarded="37264" />
</gc-op>
<gc-end id="6775" type="scavenge" contextid="6771" durationms="0.691" usertimems="0.000" systemtimems="0.000" timestamp="2019-07-02T20:42:38.111" activeThreads="4">
  <mem-info id="6776" free="24117056" total="44826624" percent="53">
    <mem type="nursery" free="16672512" total="18612224" percent="89">
      <mem type="allocate" free="16672512" total="16711680" percent="99" />
      <mem type="survivor" free="0" total="1900544" percent="0" />
    </mem>
    <mem type="tenure" free="7444544" total="26214400" percent="28" macro-fragmented="0">
      <mem type="soa" free="6133824" total="24903680" percent="24" />
      <mem type="loa" free="1310720" total="1310720" percent="100" />
    </mem>
    <remembered-set count="92" />
  </mem-info>
</gc-end>
<cycle-end id="6777" type="scavenge" contextid="6771" timestamp="2019-07-02T20:42:38.111">
  <attribute name="GC Util" value="15" />
  <attribute name="CPU Util" value="4883200496801" />
  <attribute name="Time Running"value="19211"/>
  <attribute name="Number of cores"value="4"/>
</cycle-end>
<allocation-satisfied id="6778" threadId="00000000022F5700" bytesRequested="1168" />
<af-end id="6779" timestamp="2019-07-02T20:42:38.112" threadId="00000000022F6088" success="true" from="nursery"/>
<exclusive-end id="6780" timestamp="2019-07-02T20:42:38.112" durationms="1.681" />

<exclusive-start id="6781" timestamp="2019-07-02T20:42:38.114" intervalms="3.747">
  <response-info timems="0.039" idlems="0.039" threads="0" lastid="00000000022F5700" lastname="main" />
</exclusive-start>
<af-start id="6782" threadId="00000000022F6088" totalBytesRequested="1168" timestamp="2019-07-02T20:42:38.114" intervalms="3.750" type="nursery" />
<cycle-start id="6783" type="scavenge" contextid="0" timestamp="2019-07-02T20:42:38.114" intervalms="3.759" />
  <attribute name="GC Util" value="15" />
  <attribute name="CPU Util" value="4883200496801" />
  <attribute name="Time Running"value="19211"/>
  <attribute name="Number of cores"value="4"/>
<gc-start id="6784" type="scavenge" contextid="6783" timestamp="2019-07-02T20:42:38.114">
  <mem-info id="6785" free="7444544" total="44826624" percent="16">
    <mem type="nursery" free="0" total="18612224" percent="0">
      <mem type="allocate" free="0" total="16711680" percent="0" />
      <mem type="survivor" free="0" total="1900544" percent="0" />
    </mem>
    <mem type="tenure" free="7444544" total="26214400" percent="28">
      <mem type="soa" free="6133824" total="24903680" percent="24" />
      <mem type="loa" free="1310720" total="1310720" percent="100" />
    </mem>
    <remembered-set count="92" />
  </mem-info>
</gc-start>
<allocation-stats totalBytes="16562680" >
  <allocated-bytes non-tlh="1168" tlh="16561512" />
  <largest-consumer threadName="main" threadId="00000000022F5700" bytes="16562680" />
</allocation-stats>
<gc-op id="6786" type="scavenge" timems="0.246" contextid="6783" timestamp="2019-07-02T20:42:38.115">
  <scavenger-info tenureage="2" tenuremask="fffc" tiltratio="89" />
  <memory-copied type="tenure" objects="26" bytes="1904" bytesdiscarded="0" />
</gc-op>
<gc-end id="6787" type="scavenge" contextid="6783" durationms="0.673" usertimems="0.000" systemtimems="0.000" timestamp="2019-07-02T20:42:38.115" activeThreads="4">
  <mem-info id="6788" free="24156224" total="44826624" percent="53">
    <mem type="nursery" free="16711680" total="18612224" percent="89">
      <mem type="allocate" free="16711680" total="16711680" percent="100" />
      <mem type="survivor" free="0" total="1900544" percent="0" />
    </mem>
    <mem type="tenure" free="7444544" total="26214400" percent="28" macro-fragmented="0">
      <mem type="soa" free="6133824" total="24903680" percent="24" />
      <mem type="loa" free="1310720" total="1310720" percent="100" />
    </mem>
    <remembered-set count="95" />
  </mem-info>
</gc-end>
<cycle-end id="6789" type="scavenge" contextid="6783" timestamp="2019-07-02T20:42:38.115">
  <attribute name="GC Util" value="15" />
  <attribute name="CPU Util" value="4882652463780" />
  <attribute name="Time Running"value="19215"/>
  <attribute name="Number of cores"value="4"/>
</cycle-end>
<allocation-satisfied id="6790" threadId="00000000022F5700" bytesRequested="1168" />
<af-end id="6791" timestamp="2019-07-02T20:42:38.115" threadId="00000000022F6088" success="true" from="nursery"/>
<exclusive-end id="6792" timestamp="2019-07-02T20:42:38.115" durationms="1.587" />

<exclusive-start id="6793" timestamp="2019-07-02T20:42:38.117" intervalms="3.684">
  <response-info timems="0.038" idlems="0.038" threads="0" lastid="00000000022F5700" lastname="main" />
</exclusive-start>
<af-start id="6794" threadId="00000000022F6088" totalBytesRequested="1168" timestamp="2019-07-02T20:42:38.118" intervalms="3.674" type="nursery" />
<cycle-start id="6795" type="scavenge" contextid="0" timestamp="2019-07-02T20:42:38.118" intervalms="3.666" />
  <attribute name="GC Util" value="15" />
  <attribute name="CPU Util" value="4882652463780" />
  <attribute name="Time Running"value="19215"/>
  <attribute name="Number of cores"value="4"/>
<gc-start id="6796" type="scavenge" contextid="6795" timestamp="2019-07-02T20:42:38.118">
  <mem-info id="6797" free="7444544" total="44826624" percent="16">
    <mem type="nursery" free="0" total="18612224" percent="0">
      <mem type="allocate" free="0" total="16711680" percent="0" />
      <mem type="survivor" free="0" total="1900544" percent="0" />
    </mem>
    <mem type="tenure" free="7444544" total="26214400" percent="28">
      <mem type="soa" free="6133824" total="24903680" percent="24" />
      <mem type="loa" free="1310720" total="1310720" percent="100" />
    </mem>
    <remembered-set count="96" />
  </mem-info>
</gc-start>
<allocation-stats totalBytes="16603496" >
  <allocated-bytes non-tlh="1168" tlh="16602328" />
  <largest-consumer threadName="main" threadId="00000000022F5700" bytes="16603496" />
</allocation-stats>
<gc-op id="6798" type="scavenge" timems="0.205" contextid="6795" timestamp="2019-07-02T20:42:38.118">
  <scavenger-info tenureage="2" tenuremask="fff4" tiltratio="89" />
  <memory-copied type="nursery" objects="1" bytes="24" bytesdiscarded="39144" />
</gc-op>
<gc-end id="6799" type="scavenge" contextid="6795" durationms="0.582" usertimems="0.000" systemtimems="0.000" timestamp="2019-07-02T20:42:38.118" activeThreads="4">
  <mem-info id="6800" free="24117056" total="44826624" percent="53">
    <mem type="nursery" free="16672512" total="18612224" percent="89">
      <mem type="allocate" free="16672512" total="16711680" percent="99" />
      <mem type="survivor" free="0" total="1900544" percent="0" />
    </mem>
    <mem type="tenure" free="7444544" total="26214400" percent="28" macro-fragmented="0">
      <mem type="soa" free="6133824" total="24903680" percent="24" />
      <mem type="loa" free="1310720" total="1310720" percent="100" />
    </mem>
    <remembered-set count="96" />
  </mem-info>
</gc-end>
<cycle-end id="6801" type="scavenge" contextid="6795" timestamp="2019-07-02T20:42:38.119">
  <attribute name="GC Util" value="16" />
  <attribute name="CPU Util" value="5174270169876" />
  <attribute name="Time Running"value="19218"/>
  <attribute name="Number of cores"value="4"/>
</cycle-end>
<allocation-satisfied id="6802" threadId="00000000022F5700" bytesRequested="1168" />
<af-end id="6803" timestamp="2019-07-02T20:42:38.119" threadId="00000000022F6088" success="true" from="nursery"/>
<exclusive-end id="6804" timestamp="2019-07-02T20:42:38.119" durationms="1.397" />

<exclusive-start id="6805" timestamp="2019-07-02T20:42:38.121" intervalms="3.415">
  <response-info timems="0.040" idlems="0.040" threads="0" lastid="00000000022F5700" lastname="main" />
</exclusive-start>
<af-start id="6806" threadId="00000000022F6088" totalBytesRequested="1168" timestamp="2019-07-02T20:42:38.121" intervalms="3.341" type="nursery" />
<cycle-start id="6807" type="scavenge" contextid="0" timestamp="2019-07-02T20:42:38.121" intervalms="3.358" />
  <attribute name="GC Util" value="16" />
  <attribute name="CPU Util" value="5174270169876" />
  <attribute name="Time Running"value="19218"/>
  <attribute name="Number of cores"value="4"/>
<gc-start id="6808" type="scavenge" contextid="6807" timestamp="2019-07-02T20:42:38.121">
  <mem-info id="6809" free="7444544" total="44826624" percent="16">
    <mem type="nursery" free="0" total="18612224" percent="0">
      <mem type="allocate" free="0" total="16711680" percent="0" />
      <mem type="survivor" free="0" total="1900544" percent="0" />
    </mem>
    <mem type="tenure" free="7444544" total="26214400" percent="28">
      <mem type="soa" free="6133824" total="24903680" percent="24" />
      <mem type="loa" free="1310720" total="1310720" percent="100" />
    </mem>
    <remembered-set count="96" />
  </mem-info>
</gc-start>
<allocation-stats totalBytes="16567848" >
  <allocated-bytes non-tlh="1168" tlh="16566680" />
  <largest-consumer threadName="main" threadId="00000000022F5700" bytes="16567848" />
</allocation-stats>
<gc-op id="6810" type="scavenge" timems="0.205" contextid="6807" timestamp="2019-07-02T20:42:38.122">
  <scavenger-info tenureage="2" tenuremask="fffc" tiltratio="89" />
  <memory-copied type="nursery" objects="1" bytes="24" bytesdiscarded="39144" />
</gc-op>
<gc-end id="6811" type="scavenge" contextid="6807" durationms="0.674" usertimems="0.000" systemtimems="0.000" timestamp="2019-07-02T20:42:38.122" activeThreads="4">
  <mem-info id="6812" free="24117056" total="44826624" percent="53">
    <mem type="nursery" free="16672512" total="18612224" percent="89">
      <mem type="allocate" free="16672512" total="16711680" percent="99" />
      <mem type="survivor" free="0" total="1900544" percent="0" />
    </mem>
    <mem type="tenure" free="7444544" total="26214400" percent="28" macro-fragmented="0">
      <mem type="soa" free="6133824" total="24903680" percent="24" />
      <mem type="loa" free="1310720" total="1310720" percent="100" />
    </mem>
    <remembered-set count="96" />
  </mem-info>
</gc-end>
<cycle-end id="6813" type="scavenge" contextid="6807" timestamp="2019-07-02T20:42:38.122">
  <attribute name="GC Util" value="14" />
  <attribute name="CPU Util" value="5345639655403" />
  <attribute name="Time Running"value="19222"/>
  <attribute name="Number of cores"value="4"/>
</cycle-end>
<allocation-satisfied id="6814" threadId="00000000022F5700" bytesRequested="1168" />
<af-end id="6815" timestamp="2019-07-02T20:42:38.122" threadId="00000000022F6088" success="true" from="nursery"/>
<exclusive-end id="6816" timestamp="2019-07-02T20:42:38.122" durationms="1.544" />

<exclusive-start id="6817" timestamp="2019-07-02T20:42:38.124" intervalms="3.658">
  <response-info timems="0.042" idlems="0.042" threads="0" lastid="00000000022F5700" lastname="main" />
</exclusive-start>
<af-start id="6818" threadId="00000000022F6088" totalBytesRequested="1168" timestamp="2019-07-02T20:42:38.125" intervalms="3.658" type="nursery" />
<cycle-start id="6819" type="scavenge" contextid="0" timestamp="2019-07-02T20:42:38.125" intervalms="3.639" />
  <attribute name="GC Util" value="14" />
  <attribute name="CPU Util" value="5345639655403" />
  <attribute name="Time Running"value="19222"/>
  <attribute name="Number of cores"value="4"/>
<gc-start id="6820" type="scavenge" contextid="6819" timestamp="2019-07-02T20:42:38.125">
  <mem-info id="6821" free="7444544" total="44826624" percent="16">
    <mem type="nursery" free="0" total="18612224" percent="0">
      <mem type="allocate" free="0" total="16711680" percent="0" />
      <mem type="survivor" free="0" total="1900544" percent="0" />
    </mem>
    <mem type="tenure" free="7444544" total="26214400" percent="28">
      <mem type="soa" free="6133824" total="24903680" percent="24" />
      <mem type="loa" free="1310720" total="1310720" percent="100" />
    </mem>
    <remembered-set count="96" />
  </mem-info>
</gc-start>
<allocation-stats totalBytes="16569088" >
  <allocated-bytes non-tlh="1168" tlh="16567920" />
  <largest-consumer threadName="main" threadId="00000000022F5700" bytes="16569088" />
</allocation-stats>
<gc-op id="6822" type="scavenge" timems="0.235" contextid="6819" timestamp="2019-07-02T20:42:38.125">
  <scavenger-info tenureage="3" tenuremask="fff8" tiltratio="89" />
  <memory-copied type="nursery" objects="1" bytes="24" bytesdiscarded="78312" />
</gc-op>
<gc-end id="6823" type="scavenge" contextid="6819" durationms="0.614" usertimems="0.000" systemtimems="0.000" timestamp="2019-07-02T20:42:38.125" activeThreads="4">
  <mem-info id="6824" free="24077888" total="44826624" percent="53">
    <mem type="nursery" free="16633344" total="18612224" percent="89">
      <mem type="allocate" free="16633344" total="16711680" percent="99" />
      <mem type="survivor" free="0" total="1900544" percent="0" />
    </mem>
    <mem type="tenure" free="7444544" total="26214400" percent="28" macro-fragmented="0">
      <mem type="soa" free="6133824" total="24903680" percent="24" />
      <mem type="loa" free="1310720" total="1310720" percent="100" />
    </mem>
    <remembered-set count="96" />
  </mem-info>
</gc-end>
<cycle-end id="6825" type="scavenge" contextid="6819" timestamp="2019-07-02T20:42:38.126">
  <attribute name="GC Util" value="15" />
  <attribute name="CPU Util" value="5130094920195" />
  <attribute name="Time Running"value="19225"/>
  <attribute name="Number of cores"value="4"/>
</cycle-end>
<allocation-satisfied id="6826" threadId="00000000022F5700" bytesRequested="1168" />
<af-end id="6827" timestamp="2019-07-02T20:42:38.126" threadId="00000000022F6088" success="true" from="nursery"/>
<exclusive-end id="6828" timestamp="2019-07-02T20:42:38.126" durationms="1.537" />

<exclusive-start id="6829" timestamp="2019-07-02T20:42:38.128" intervalms="3.641">
  <response-info timems="0.043" idlems="0.043" threads="0" lastid="00000000022F5700" lastname="main" />
</exclusive-start>
<af-start id="6830" threadId="00000000022F6088" totalBytesRequested="1168" timestamp="2019-07-02T20:42:38.128" intervalms="3.677" type="nursery" />
<cycle-start id="6831" type="scavenge" contextid="0" timestamp="2019-07-02T20:42:38.128" intervalms="3.675" />
  <attribute name="GC Util" value="15" />
  <attribute name="CPU Util" value="5130094920195" />
  <attribute name="Time Running"value="19225"/>
  <attribute name="Number of cores"value="4"/>
<gc-start id="6832" type="scavenge" contextid="6831" timestamp="2019-07-02T20:42:38.128">
  <mem-info id="6833" free="7444544" total="44826624" percent="16">
    <mem type="nursery" free="0" total="18612224" percent="0">
      <mem type="allocate" free="0" total="16711680" percent="0" />
      <mem type="survivor" free="0" total="1900544" percent="0" />
    </mem>
    <mem type="tenure" free="7444544" total="26214400" percent="28">
      <mem type="soa" free="6133824" total="24903680" percent="24" />
      <mem type="loa" free="1310720" total="1310720" percent="100" />
    </mem>
    <remembered-set count="96" />
  </mem-info>
</gc-start>
<allocation-stats totalBytes="16530648" >
  <allocated-bytes non-tlh="1168" tlh="16529480" />
  <largest-consumer threadName="main" threadId="00000000022F5700" bytes="16530648" />
</allocation-stats>
<gc-op id="6834" type="scavenge" timems="0.199" contextid="6831" timestamp="2019-07-02T20:42:38.129">
  <scavenger-info tenureage="3" tenuremask="fff8" tiltratio="89" />
  <memory-copied type="nursery" objects="1" bytes="24" bytesdiscarded="39144" />
</gc-op>
<gc-end id="6835" type="scavenge" contextid="6831" durationms="0.543" usertimems="0.000" systemtimems="0.000" timestamp="2019-07-02T20:42:38.129" activeThreads="4">
  <mem-info id="6836" free="24117056" total="44826624" percent="53">
    <mem type="nursery" free="16672512" total="18612224" percent="89">
      <mem type="allocate" free="16672512" total="16711680" percent="99" />
      <mem type="survivor" free="0" total="1900544" percent="0" />
    </mem>
    <mem type="tenure" free="7444544" total="26214400" percent="28" macro-fragmented="0">
      <mem type="soa" free="6133824" total="24903680" percent="24" />
      <mem type="loa" free="1310720" total="1310720" percent="100" />
    </mem>
    <remembered-set count="96" />
  </mem-info>
</gc-end>
<cycle-end id="6837" type="scavenge" contextid="6831" timestamp="2019-07-02T20:42:38.129">
  <attribute name="GC Util" value="16" />
  <attribute name="CPU Util" value="5133265567749" />
  <attribute name="Time Running"value="19229"/>
  <attribute name="Number of cores"value="4"/>
</cycle-end>
<allocation-satisfied id="6838" threadId="00000000022F5700" bytesRequested="1168" />
<af-end id="6839" timestamp="2019-07-02T20:42:38.129" threadId="00000000022F6088" success="true" from="nursery"/>
<exclusive-end id="6840" timestamp="2019-07-02T20:42:38.129" durationms="1.188" />

<exclusive-start id="6841" timestamp="2019-07-02T20:42:38.131" intervalms="3.287">
  <response-info timems="0.044" idlems="0.044" threads="0" lastid="00000000022F5700" lastname="main" />
</exclusive-start>
<af-start id="6842" threadId="00000000022F6088" totalBytesRequested="1168" timestamp="2019-07-02T20:42:38.132" intervalms="3.288" type="nursery" />
<cycle-start id="6843" type="scavenge" contextid="0" timestamp="2019-07-02T20:42:38.132" intervalms="3.290" />
  <attribute name="GC Util" value="16" />
  <attribute name="CPU Util" value="5133265567749" />
  <attribute name="Time Running"value="19229"/>
  <attribute name="Number of cores"value="4"/>
<gc-start id="6844" type="scavenge" contextid="6843" timestamp="2019-07-02T20:42:38.132">
  <mem-info id="6845" free="7444544" total="44826624" percent="16">
    <mem type="nursery" free="0" total="18612224" percent="0">
      <mem type="allocate" free="0" total="16711680" percent="0" />
      <mem type="survivor" free="0" total="1900544" percent="0" />
    </mem>
    <mem type="tenure" free="7444544" total="26214400" percent="28">
      <mem type="soa" free="6133824" total="24903680" percent="24" />
      <mem type="loa" free="1310720" total="1310720" percent="100" />
    </mem>
    <remembered-set count="96" />
  </mem-info>
</gc-start>
<allocation-stats totalBytes="16567848" >
  <allocated-bytes non-tlh="1168" tlh="16566680" />
  <largest-consumer threadName="main" threadId="00000000022F5700" bytes="16567848" />
</allocation-stats>
<gc-op id="6846" type="scavenge" timems="0.222" contextid="6843" timestamp="2019-07-02T20:42:38.132">
  <scavenger-info tenureage="3" tenuremask="fff8" tiltratio="89" />
  <memory-copied type="nursery" objects="1" bytes="24" bytesdiscarded="78312" />
</gc-op>
<gc-end id="6847" type="scavenge" contextid="6843" durationms="0.603" usertimems="0.000" systemtimems="0.000" timestamp="2019-07-02T20:42:38.132" activeThreads="4">
  <mem-info id="6848" free="24077888" total="44826624" percent="53">
    <mem type="nursery" free="16633344" total="18612224" percent="89">
      <mem type="allocate" free="16633344" total="16711680" percent="99" />
      <mem type="survivor" free="0" total="1900544" percent="0" />
    </mem>
    <mem type="tenure" free="7444544" total="26214400" percent="28" macro-fragmented="0">
      <mem type="soa" free="6133824" total="24903680" percent="24" />
      <mem type="loa" free="1310720" total="1310720" percent="100" />
    </mem>
    <remembered-set count="96" />
  </mem-info>
</gc-end>
<cycle-end id="6849" type="scavenge" contextid="6843" timestamp="2019-07-02T20:42:38.133">
  <attribute name="GC Util" value="15" />
  <attribute name="CPU Util" value="5441085652194" />
  <attribute name="Time Running"value="19232"/>
  <attribute name="Number of cores"value="4"/>
</cycle-end>
<allocation-satisfied id="6850" threadId="00000000022F5700" bytesRequested="1168" />
<af-end id="6851" timestamp="2019-07-02T20:42:38.133" threadId="00000000022F6088" success="true" from="nursery"/>
<exclusive-end id="6852" timestamp="2019-07-02T20:42:38.133" durationms="1.393" />

<exclusive-start id="6853" timestamp="2019-07-02T20:42:38.135" intervalms="3.430">
  <response-info timems="0.038" idlems="0.038" threads="0" lastid="00000000022F5700" lastname="main" />
</exclusive-start>
<af-start id="6854" threadId="00000000022F6088" totalBytesRequested="1168" timestamp="2019-07-02T20:42:38.135" intervalms="3.464" type="nursery" />
<cycle-start id="6855" type="scavenge" contextid="0" timestamp="2019-07-02T20:42:38.135" intervalms="3.464" />
  <attribute name="GC Util" value="15" />
  <attribute name="CPU Util" value="5441085652194" />
  <attribute name="Time Running"value="19232"/>
  <attribute name="Number of cores"value="4"/>
<gc-start id="6856" type="scavenge" contextid="6855" timestamp="2019-07-02T20:42:38.135">
  <mem-info id="6857" free="7444544" total="44826624" percent="16">
    <mem type="nursery" free="0" total="18612224" percent="0">
      <mem type="allocate" free="0" total="16711680" percent="0" />
      <mem type="survivor" free="0" total="1900544" percent="0" />
    </mem>
    <mem type="tenure" free="7444544" total="26214400" percent="28">
      <mem type="soa" free="6133824" total="24903680" percent="24" />
      <mem type="loa" free="1310720" total="1310720" percent="100" />
    </mem>
    <remembered-set count="96" />
  </mem-info>
</gc-start>
<allocation-stats totalBytes="16529384" >
  <allocated-bytes non-tlh="1168" tlh="16528216" />
  <largest-consumer threadName="main" threadId="00000000022F5700" bytes="16529384" />
</allocation-stats>
<gc-op id="6858" type="scavenge" timems="0.190" contextid="6855" timestamp="2019-07-02T20:42:38.136">
  <scavenger-info tenureage="3" tenuremask="fff8" tiltratio="89" />
  <memory-copied type="nursery" objects="1" bytes="24" bytesdiscarded="39144" />
</gc-op>
<gc-end id="6859" type="scavenge" contextid="6855" durationms="0.605" usertimems="0.000" systemtimems="0.000" timestamp="2019-07-02T20:42:38.136" activeThreads="4">
  <mem-info id="6860" free="24117056" total="44826624" percent="53">
    <mem type="nursery" free="16672512" total="18612224" percent="89">
      <mem type="allocate" free="16672512" total="16711680" percent="99" />
      <mem type="survivor" free="0" total="1900544" percent="0" />
    </mem>
    <mem type="tenure" free="7444544" total="26214400" percent="28" macro-fragmented="0">
      <mem type="soa" free="6133824" total="24903680" percent="24" />
      <mem type="loa" free="1310720" total="1310720" percent="100" />
    </mem>
    <remembered-set count="96" />
  </mem-info>
</gc-end>
<cycle-end id="6861" type="scavenge" contextid="6855" timestamp="2019-07-02T20:42:38.136">
  <attribute name="GC Util" value="16" />
  <attribute name="CPU Util" value="5304153903949" />
  <attribute name="Time Running"value="19236"/>
  <attribute name="Number of cores"value="4"/>
</cycle-end>
<allocation-satisfied id="6862" threadId="00000000022F5700" bytesRequested="1168" />
<af-end id="6863" timestamp="2019-07-02T20:42:38.136" threadId="00000000022F6088" success="true" from="nursery"/>
<exclusive-end id="6864" timestamp="2019-07-02T20:42:38.136" durationms="1.521" />

<exclusive-start id="6865" timestamp="2019-07-02T20:42:38.138" intervalms="3.550">
  <response-info timems="0.040" idlems="0.040" threads="0" lastid="00000000022F5700" lastname="main" />
</exclusive-start>
<af-start id="6866" threadId="00000000022F6088" totalBytesRequested="1168" timestamp="2019-07-02T20:42:38.139" intervalms="3.552" type="nursery" />
<cycle-start id="6867" type="scavenge" contextid="0" timestamp="2019-07-02T20:42:38.139" intervalms="3.552" />
  <attribute name="GC Util" value="16" />
  <attribute name="CPU Util" value="5304153903949" />
  <attribute name="Time Running"value="19236"/>
  <attribute name="Number of cores"value="4"/>
<gc-start id="6868" type="scavenge" contextid="6867" timestamp="2019-07-02T20:42:38.139">
  <mem-info id="6869" free="7444544" total="44826624" percent="16">
    <mem type="nursery" free="0" total="18612224" percent="0">
      <mem type="allocate" free="0" total="16711680" percent="0" />
      <mem type="survivor" free="0" total="1900544" percent="0" />
    </mem>
    <mem type="tenure" free="7444544" total="26214400" percent="28">
      <mem type="soa" free="6133824" total="24903680" percent="24" />
      <mem type="loa" free="1310720" total="1310720" percent="100" />
    </mem>
    <remembered-set count="96" />
  </mem-info>
</gc-start>
<allocation-stats totalBytes="16569088" >
  <allocated-bytes non-tlh="1168" tlh="16567920" />
  <largest-consumer threadName="main" threadId="00000000022F5700" bytes="16569088" />
</allocation-stats>
<gc-op id="6870" type="scavenge" timems="0.204" contextid="6867" timestamp="2019-07-02T20:42:38.139">
  <scavenger-info tenureage="3" tenuremask="fff8" tiltratio="89" />
  <memory-copied type="nursery" objects="1" bytes="24" bytesdiscarded="39144" />
</gc-op>
<gc-end id="6871" type="scavenge" contextid="6867" durationms="0.620" usertimems="0.000" systemtimems="0.000" timestamp="2019-07-02T20:42:38.139" activeThreads="4">
  <mem-info id="6872" free="24117056" total="44826624" percent="53">
    <mem type="nursery" free="16672512" total="18612224" percent="89">
      <mem type="allocate" free="16672512" total="16711680" percent="99" />
      <mem type="survivor" free="0" total="1900544" percent="0" />
    </mem>
    <mem type="tenure" free="7444544" total="26214400" percent="28" macro-fragmented="0">
      <mem type="soa" free="6133824" total="24903680" percent="24" />
      <mem type="loa" free="1310720" total="1310720" percent="100" />
    </mem>
    <remembered-set count="96" />
  </mem-info>
</gc-end>
<cycle-end id="6873" type="scavenge" contextid="6867" timestamp="2019-07-02T20:42:38.140">
  <attribute name="GC Util" value="14" />
  <attribute name="CPU Util" value="5187914108378" />
  <attribute name="Time Running"value="19239"/>
  <attribute name="Number of cores"value="4"/>
</cycle-end>
<allocation-satisfied id="6874" threadId="00000000022F5700" bytesRequested="1168" />
<af-end id="6875" timestamp="2019-07-02T20:42:38.140" threadId="00000000022F6088" success="true" from="nursery"/>
<exclusive-end id="6876" timestamp="2019-07-02T20:42:38.140" durationms="1.509" />

<exclusive-start id="6877" timestamp="2019-07-02T20:42:38.142" intervalms="3.567">
  <response-info timems="0.041" idlems="0.041" threads="0" lastid="00000000022F5700" lastname="main" />
</exclusive-start>
<af-start id="6878" threadId="00000000022F6088" totalBytesRequested="1168" timestamp="2019-07-02T20:42:38.142" intervalms="3.566" type="nursery" />
<cycle-start id="6879" type="scavenge" contextid="0" timestamp="2019-07-02T20:42:38.142" intervalms="3.567" />
  <attribute name="GC Util" value="14" />
  <attribute name="CPU Util" value="5187914108378" />
  <attribute name="Time Running"value="19239"/>
  <attribute name="Number of cores"value="4"/>
<gc-start id="6880" type="scavenge" contextid="6879" timestamp="2019-07-02T20:42:38.142">
  <mem-info id="6881" free="7444544" total="44826624" percent="16">
    <mem type="nursery" free="0" total="18612224" percent="0">
      <mem type="allocate" free="0" total="16711680" percent="0" />
      <mem type="survivor" free="0" total="1900544" percent="0" />
    </mem>
    <mem type="tenure" free="7444544" total="26214400" percent="28">
      <mem type="soa" free="6133824" total="24903680" percent="24" />
      <mem type="loa" free="1310720" total="1310720" percent="100" />
    </mem>
    <remembered-set count="96" />
  </mem-info>
</gc-start>
<allocation-stats totalBytes="16567848" >
  <allocated-bytes non-tlh="1168" tlh="16566680" />
  <largest-consumer threadName="main" threadId="00000000022F5700" bytes="16567848" />
</allocation-stats>
<gc-op id="6882" type="scavenge" timems="0.211" contextid="6879" timestamp="2019-07-02T20:42:38.143">
  <scavenger-info tenureage="3" tenuremask="fff8" tiltratio="89" />
  <memory-copied type="nursery" objects="1" bytes="24" bytesdiscarded="39144" />
</gc-op>
<gc-end id="6883" type="scavenge" contextid="6879" durationms="0.625" usertimems="4.000" systemtimems="0.000" timestamp="2019-07-02T20:42:38.143" activeThreads="4">
  <mem-info id="6884" free="24117056" total="44826624" percent="53">
    <mem type="nursery" free="16672512" total="18612224" percent="89">
      <mem type="allocate" free="16672512" total="16711680" percent="99" />
      <mem type="survivor" free="0" total="1900544" percent="0" />
    </mem>
    <mem type="tenure" free="7444544" total="26214400" percent="28" macro-fragmented="0">
      <mem type="soa" free="6133824" total="24903680" percent="24" />
      <mem type="loa" free="1310720" total="1310720" percent="100" />
    </mem>
    <remembered-set count="96" />
  </mem-info>
</gc-end>
<cycle-end id="6885" type="scavenge" contextid="6879" timestamp="2019-07-02T20:42:38.143">
  <attribute name="GC Util" value="15" />
  <attribute name="CPU Util" value="5166027921027" />
  <attribute name="Time Running"value="19243"/>
  <attribute name="Number of cores"value="4"/>
</cycle-end>
<allocation-satisfied id="6886" threadId="00000000022F5700" bytesRequested="1168" />
<af-end id="6887" timestamp="2019-07-02T20:42:38.143" threadId="00000000022F6088" success="true" from="nursery"/>
<exclusive-end id="6888" timestamp="2019-07-02T20:42:38.143" durationms="1.475" />

<exclusive-start id="6889" timestamp="2019-07-02T20:42:38.145" intervalms="3.438">
  <response-info timems="0.037" idlems="0.037" threads="0" lastid="00000000022F5700" lastname="main" />
</exclusive-start>
<af-start id="6890" threadId="00000000022F6088" totalBytesRequested="1168" timestamp="2019-07-02T20:42:38.146" intervalms="3.426" type="nursery" />
<cycle-start id="6891" type="scavenge" contextid="0" timestamp="2019-07-02T20:42:38.146" intervalms="3.422" />
  <attribute name="GC Util" value="15" />
  <attribute name="CPU Util" value="5166027921027" />
  <attribute name="Time Running"value="19243"/>
  <attribute name="Number of cores"value="4"/>
<gc-start id="6892" type="scavenge" contextid="6891" timestamp="2019-07-02T20:42:38.146">
  <mem-info id="6893" free="7444544" total="44826624" percent="16">
    <mem type="nursery" free="0" total="18612224" percent="0">
      <mem type="allocate" free="0" total="16711680" percent="0" />
      <mem type="survivor" free="0" total="1900544" percent="0" />
    </mem>
    <mem type="tenure" free="7444544" total="26214400" percent="28">
      <mem type="soa" free="6133824" total="24903680" percent="24" />
      <mem type="loa" free="1310720" total="1310720" percent="100" />
    </mem>
    <remembered-set count="96" />
  </mem-info>
</gc-start>
<allocation-stats totalBytes="16567872" >
  <allocated-bytes non-tlh="1168" tlh="16566704" />
  <largest-consumer threadName="main" threadId="00000000022F5700" bytes="16567872" />
</allocation-stats>
<gc-op id="6894" type="scavenge" timems="0.184" contextid="6891" timestamp="2019-07-02T20:42:38.146">
  <scavenger-info tenureage="3" tenuremask="fff8" tiltratio="89" />
  <memory-copied type="nursery" objects="1" bytes="24" bytesdiscarded="39144" />
</gc-op>
<gc-end id="6895" type="scavenge" contextid="6891" durationms="0.578" usertimems="0.000" systemtimems="0.000" timestamp="2019-07-02T20:42:38.146" activeThreads="4">
  <mem-info id="6896" free="24117056" total="44826624" percent="53">
    <mem type="nursery" free="16672512" total="18612224" percent="89">
      <mem type="allocate" free="16672512" total="16711680" percent="99" />
      <mem type="survivor" free="0" total="1900544" percent="0" />
    </mem>
    <mem type="tenure" free="7444544" total="26214400" percent="28" macro-fragmented="0">
      <mem type="soa" free="6133824" total="24903680" percent="24" />
      <mem type="loa" free="1310720" total="1310720" percent="100" />
    </mem>
    <remembered-set count="96" />
  </mem-info>
</gc-end>
<cycle-end id="6897" type="scavenge" contextid="6891" timestamp="2019-07-02T20:42:38.147">
  <attribute name="GC Util" value="15" />
  <attribute name="CPU Util" value="5450762802028" />
  <attribute name="Time Running"value="19246"/>
  <attribute name="Number of cores"value="4"/>
</cycle-end>
<allocation-satisfied id="6898" threadId="00000000022F5700" bytesRequested="1168" />
<af-end id="6899" timestamp="2019-07-02T20:42:38.147" threadId="00000000022F6088" success="true" from="nursery"/>
<exclusive-end id="6900" timestamp="2019-07-02T20:42:38.147" durationms="1.383" />

<exclusive-start id="6901" timestamp="2019-07-02T20:42:38.149" intervalms="3.295">
  <response-info timems="0.035" idlems="0.035" threads="0" lastid="00000000022F5700" lastname="main" />
</exclusive-start>
<af-start id="6902" threadId="00000000022F6088" totalBytesRequested="1168" timestamp="2019-07-02T20:42:38.149" intervalms="3.244" type="nursery" />
<cycle-start id="6903" type="scavenge" contextid="0" timestamp="2019-07-02T20:42:38.149" intervalms="3.238" />
  <attribute name="GC Util" value="15" />
  <attribute name="CPU Util" value="5450762802028" />
  <attribute name="Time Running"value="19246"/>
  <attribute name="Number of cores"value="4"/>
<gc-start id="6904" type="scavenge" contextid="6903" timestamp="2019-07-02T20:42:38.149">
  <mem-info id="6905" free="7444544" total="44826624" percent="16">
    <mem type="nursery" free="0" total="18612224" percent="0">
      <mem type="allocate" free="0" total="16711680" percent="0" />
      <mem type="survivor" free="0" total="1900544" percent="0" />
    </mem>
    <mem type="tenure" free="7444544" total="26214400" percent="28">
      <mem type="soa" free="6133824" total="24903680" percent="24" />
      <mem type="loa" free="1310720" total="1310720" percent="100" />
    </mem>
    <remembered-set count="96" />
  </mem-info>
</gc-start>
<allocation-stats totalBytes="16567848" >
  <allocated-bytes non-tlh="1168" tlh="16566680" />
  <largest-consumer threadName="main" threadId="00000000022F5700" bytes="16567848" />
</allocation-stats>
<gc-op id="6906" type="scavenge" timems="0.190" contextid="6903" timestamp="2019-07-02T20:42:38.149">
  <scavenger-info tenureage="3" tenuremask="fff8" tiltratio="89" />
  <memory-copied type="nursery" objects="1" bytes="24" bytesdiscarded="39144" />
</gc-op>
<gc-end id="6907" type="scavenge" contextid="6903" durationms="0.534" usertimems="0.000" systemtimems="4.000" timestamp="2019-07-02T20:42:38.150" activeThreads="4">
  <mem-info id="6908" free="24117056" total="44826624" percent="53">
    <mem type="nursery" free="16672512" total="18612224" percent="89">
      <mem type="allocate" free="16672512" total="16711680" percent="99" />
      <mem type="survivor" free="0" total="1900544" percent="0" />
    </mem>
    <mem type="tenure" free="7444544" total="26214400" percent="28" macro-fragmented="0">
      <mem type="soa" free="6133824" total="24903680" percent="24" />
      <mem type="loa" free="1310720" total="1310720" percent="100" />
    </mem>
    <remembered-set count="96" />
  </mem-info>
</gc-end>
<cycle-end id="6909" type="scavenge" contextid="6903" timestamp="2019-07-02T20:42:38.150">
  <attribute name="GC Util" value="15" />
  <attribute name="CPU Util" value="5791103613349" />
  <attribute name="Time Running"value="19249"/>
  <attribute name="Number of cores"value="4"/>
</cycle-end>
<allocation-satisfied id="6910" threadId="00000000022F5700" bytesRequested="1168" />
<af-end id="6911" timestamp="2019-07-02T20:42:38.150" threadId="00000000022F6088" success="true" from="nursery"/>
<exclusive-end id="6912" timestamp="2019-07-02T20:42:38.150" durationms="1.359" />

<exclusive-start id="6913" timestamp="2019-07-02T20:42:38.152" intervalms="3.439">
  <response-info timems="0.044" idlems="0.044" threads="0" lastid="00000000022F5700" lastname="main" />
</exclusive-start>
<af-start id="6914" threadId="00000000022F6088" totalBytesRequested="1168" timestamp="2019-07-02T20:42:38.152" intervalms="3.490" type="nursery" />
<cycle-start id="6915" type="scavenge" contextid="0" timestamp="2019-07-02T20:42:38.152" intervalms="3.494" />
  <attribute name="GC Util" value="15" />
  <attribute name="CPU Util" value="5791103613349" />
  <attribute name="Time Running"value="19249"/>
  <attribute name="Number of cores"value="4"/>
<gc-start id="6916" type="scavenge" contextid="6915" timestamp="2019-07-02T20:42:38.153">
  <mem-info id="6917" free="7444544" total="44826624" percent="16">
    <mem type="nursery" free="0" total="18612224" percent="0">
      <mem type="allocate" free="0" total="16711680" percent="0" />
      <mem type="survivor" free="0" total="1900544" percent="0" />
    </mem>
    <mem type="tenure" free="7444544" total="26214400" percent="28">
      <mem type="soa" free="6133824" total="24903680" percent="24" />
      <mem type="loa" free="1310720" total="1310720" percent="100" />
    </mem>
    <remembered-set count="96" />
  </mem-info>
</gc-start>
<allocation-stats totalBytes="16567848" >
  <allocated-bytes non-tlh="1168" tlh="16566680" />
  <largest-consumer threadName="main" threadId="00000000022F5700" bytes="16567848" />
</allocation-stats>
<gc-op id="6918" type="scavenge" timems="0.207" contextid="6915" timestamp="2019-07-02T20:42:38.153">
  <scavenger-info tenureage="3" tenuremask="fff8" tiltratio="89" />
  <memory-copied type="nursery" objects="1" bytes="24" bytesdiscarded="39144" />
</gc-op>
<gc-end id="6919" type="scavenge" contextid="6915" durationms="0.565" usertimems="0.000" systemtimems="0.000" timestamp="2019-07-02T20:42:38.153" activeThreads="4">
  <mem-info id="6920" free="24117056" total="44826624" percent="53">
    <mem type="nursery" free="16672512" total="18612224" percent="89">
      <mem type="allocate" free="16672512" total="16711680" percent="99" />
      <mem type="survivor" free="0" total="1900544" percent="0" />
    </mem>
    <mem type="tenure" free="7444544" total="26214400" percent="28" macro-fragmented="0">
      <mem type="soa" free="6133824" total="24903680" percent="24" />
      <mem type="loa" free="1310720" total="1310720" percent="100" />
    </mem>
    <remembered-set count="96" />
  </mem-info>
</gc-end>
<cycle-end id="6921" type="scavenge" contextid="6915" timestamp="2019-07-02T20:42:38.153">
  <attribute name="GC Util" value="14" />
  <attribute name="CPU Util" value="5264017531749" />
  <attribute name="Time Running"value="19253"/>
  <attribute name="Number of cores"value="4"/>
</cycle-end>
<allocation-satisfied id="6922" threadId="00000000022F5700" bytesRequested="1168" />
<af-end id="6923" timestamp="2019-07-02T20:42:38.153" threadId="00000000022F6088" success="true" from="nursery"/>
<exclusive-end id="6924" timestamp="2019-07-02T20:42:38.154" durationms="1.404" />

<exclusive-start id="6925" timestamp="2019-07-02T20:42:38.156" intervalms="3.395">
  <response-info timems="0.035" idlems="0.035" threads="0" lastid="00000000022F5700" lastname="main" />
</exclusive-start>
<af-start id="6926" threadId="00000000022F6088" totalBytesRequested="1168" timestamp="2019-07-02T20:42:38.156" intervalms="3.348" type="nursery" />
<cycle-start id="6927" type="scavenge" contextid="0" timestamp="2019-07-02T20:42:38.156" intervalms="3.301" />
  <attribute name="GC Util" value="14" />
  <attribute name="CPU Util" value="5264017531749" />
  <attribute name="Time Running"value="19253"/>
  <attribute name="Number of cores"value="4"/>
<gc-start id="6928" type="scavenge" contextid="6927" timestamp="2019-07-02T20:42:38.156">
  <mem-info id="6929" free="7444544" total="44826624" percent="16">
    <mem type="nursery" free="0" total="18612224" percent="0">
      <mem type="allocate" free="0" total="16711680" percent="0" />
      <mem type="survivor" free="0" total="1900544" percent="0" />
    </mem>
    <mem type="tenure" free="7444544" total="26214400" percent="28">
      <mem type="soa" free="6133824" total="24903680" percent="24" />
      <mem type="loa" free="1310720" total="1310720" percent="100" />
    </mem>
    <remembered-set count="96" />
  </mem-info>
</gc-start>
<allocation-stats totalBytes="16567848" >
  <allocated-bytes non-tlh="1168" tlh="16566680" />
  <largest-consumer threadName="main" threadId="00000000022F5700" bytes="16567848" />
</allocation-stats>
<gc-op id="6930" type="scavenge" timems="0.183" contextid="6927" timestamp="2019-07-02T20:42:38.156">
  <scavenger-info tenureage="3" tenuremask="fff8" tiltratio="89" />
  <memory-copied type="nursery" objects="1" bytes="24" bytesdiscarded="39144" />
</gc-op>
<gc-end id="6931" type="scavenge" contextid="6927" durationms="0.524" usertimems="4.000" systemtimems="0.000" timestamp="2019-07-02T20:42:38.156" activeThreads="4">
  <mem-info id="6932" free="24117056" total="44826624" percent="53">
    <mem type="nursery" free="16672512" total="18612224" percent="89">
      <mem type="allocate" free="16672512" total="16711680" percent="99" />
      <mem type="survivor" free="0" total="1900544" percent="0" />
    </mem>
    <mem type="tenure" free="7444544" total="26214400" percent="28" macro-fragmented="0">
      <mem type="soa" free="6133824" total="24903680" percent="24" />
      <mem type="loa" free="1310720" total="1310720" percent="100" />
    </mem>
    <remembered-set count="96" />
  </mem-info>
</gc-end>
<cycle-end id="6933" type="scavenge" contextid="6927" timestamp="2019-07-02T20:42:38.156">
  <attribute name="GC Util" value="16" />
  <attribute name="CPU Util" value="5637759673096" />
  <attribute name="Time Running"value="19256"/>
  <attribute name="Number of cores"value="4"/>
</cycle-end>
<allocation-satisfied id="6934" threadId="00000000022F5700" bytesRequested="1168" />
<af-end id="6935" timestamp="2019-07-02T20:42:38.157" threadId="00000000022F6088" success="true" from="nursery"/>
<exclusive-end id="6936" timestamp="2019-07-02T20:42:38.157" durationms="1.215" />

<exclusive-start id="6937" timestamp="2019-07-02T20:42:38.159" intervalms="3.187">
  <response-info timems="0.040" idlems="0.040" threads="0" lastid="00000000022F5700" lastname="main" />
</exclusive-start>
<af-start id="6938" threadId="00000000022F6088" totalBytesRequested="1168" timestamp="2019-07-02T20:42:38.159" intervalms="3.239" type="nursery" />
<cycle-start id="6939" type="scavenge" contextid="0" timestamp="2019-07-02T20:42:38.159" intervalms="3.291" />
  <attribute name="GC Util" value="16" />
  <attribute name="CPU Util" value="5637759673096" />
  <attribute name="Time Running"value="19256"/>
  <attribute name="Number of cores"value="4"/>
<gc-start id="6940" type="scavenge" contextid="6939" timestamp="2019-07-02T20:42:38.159">
  <mem-info id="6941" free="7444544" total="44826624" percent="16">
    <mem type="nursery" free="0" total="18612224" percent="0">
      <mem type="allocate" free="0" total="16711680" percent="0" />
      <mem type="survivor" free="0" total="1900544" percent="0" />
    </mem>
    <mem type="tenure" free="7444544" total="26214400" percent="28">
      <mem type="soa" free="6133824" total="24903680" percent="24" />
      <mem type="loa" free="1310720" total="1310720" percent="100" />
    </mem>
    <remembered-set count="96" />
  </mem-info>
</gc-start>
<allocation-stats totalBytes="16569088" >
  <allocated-bytes non-tlh="1168" tlh="16567920" />
  <largest-consumer threadName="main" threadId="00000000022F5700" bytes="16569088" />
</allocation-stats>
<gc-op id="6942" type="scavenge" timems="0.198" contextid="6939" timestamp="2019-07-02T20:42:38.159">
  <scavenger-info tenureage="3" tenuremask="fff8" tiltratio="89" />
  <memory-copied type="nursery" objects="1" bytes="24" bytesdiscarded="39144" />
</gc-op>
<gc-end id="6943" type="scavenge" contextid="6939" durationms="0.657" usertimems="0.000" systemtimems="0.000" timestamp="2019-07-02T20:42:38.160" activeThreads="4">
  <mem-info id="6944" free="24117056" total="44826624" percent="53">
    <mem type="nursery" free="16672512" total="18612224" percent="89">
      <mem type="allocate" free="16672512" total="16711680" percent="99" />
      <mem type="survivor" free="0" total="1900544" percent="0" />
    </mem>
    <mem type="tenure" free="7444544" total="26214400" percent="28" macro-fragmented="0">
      <mem type="soa" free="6133824" total="24903680" percent="24" />
      <mem type="loa" free="1310720" total="1310720" percent="100" />
    </mem>
    <remembered-set count="96" />
  </mem-info>
</gc-end>
<cycle-end id="6945" type="scavenge" contextid="6939" timestamp="2019-07-02T20:42:38.160">
  <attribute name="GC Util" value="14" />
  <attribute name="CPU Util" value="5425350184660" />
  <attribute name="Time Running"value="19259"/>
  <attribute name="Number of cores"value="4"/>
</cycle-end>
<allocation-satisfied id="6946" threadId="00000000022F5700" bytesRequested="1168" />
<af-end id="6947" timestamp="2019-07-02T20:42:38.160" threadId="00000000022F6088" success="true" from="nursery"/>
<exclusive-end id="6948" timestamp="2019-07-02T20:42:38.160" durationms="1.604" />

<exclusive-start id="6949" timestamp="2019-07-02T20:42:38.162" intervalms="3.703">
  <response-info timems="0.043" idlems="0.043" threads="0" lastid="00000000022F5700" lastname="main" />
</exclusive-start>
<af-start id="6950" threadId="00000000022F6088" totalBytesRequested="1168" timestamp="2019-07-02T20:42:38.163" intervalms="3.708" type="nursery" />
<cycle-start id="6951" type="scavenge" contextid="0" timestamp="2019-07-02T20:42:38.163" intervalms="3.697" />
  <attribute name="GC Util" value="14" />
  <attribute name="CPU Util" value="5425350184660" />
  <attribute name="Time Running"value="19259"/>
  <attribute name="Number of cores"value="4"/>
<gc-start id="6952" type="scavenge" contextid="6951" timestamp="2019-07-02T20:42:38.163">
  <mem-info id="6953" free="7444544" total="44826624" percent="16">
    <mem type="nursery" free="0" total="18612224" percent="0">
      <mem type="allocate" free="0" total="16711680" percent="0" />
      <mem type="survivor" free="0" total="1900544" percent="0" />
    </mem>
    <mem type="tenure" free="7444544" total="26214400" percent="28">
      <mem type="soa" free="6133824" total="24903680" percent="24" />
      <mem type="loa" free="1310720" total="1310720" percent="100" />
    </mem>
    <remembered-set count="96" />
  </mem-info>
</gc-start>
<allocation-stats totalBytes="16569088" >
  <allocated-bytes non-tlh="1168" tlh="16567920" />
  <largest-consumer threadName="main" threadId="00000000022F5700" bytes="16569088" />
</allocation-stats>
<gc-op id="6954" type="scavenge" timems="0.213" contextid="6951" timestamp="2019-07-02T20:42:38.163">
  <scavenger-info tenureage="8" tenuremask="ff00" tiltratio="89" />
  <memory-copied type="nursery" objects="1" bytes="24" bytesdiscarded="39144" />
</gc-op>
<gc-end id="6955" type="scavenge" contextid="6951" durationms="0.585" usertimems="4.000" systemtimems="0.000" timestamp="2019-07-02T20:42:38.163" activeThreads="4">
  <mem-info id="6956" free="24117056" total="44826624" percent="53">
    <mem type="nursery" free="16672512" total="18612224" percent="89">
      <mem type="allocate" free="16672512" total="16711680" percent="99" />
      <mem type="survivor" free="0" total="1900544" percent="0" />
    </mem>
    <mem type="tenure" free="7444544" total="26214400" percent="28" macro-fragmented="0">
      <mem type="soa" free="6133824" total="24903680" percent="24" />
      <mem type="loa" free="1310720" total="1310720" percent="100" />
    </mem>
    <remembered-set count="96" />
  </mem-info>
</gc-end>
<cycle-end id="6957" type="scavenge" contextid="6951" timestamp="2019-07-02T20:42:38.164">
  <attribute name="GC Util" value="14" />
  <attribute name="CPU Util" value="5052538976060" />
  <attribute name="Time Running"value="19263"/>
  <attribute name="Number of cores"value="4"/>
</cycle-end>
<allocation-satisfied id="6958" threadId="00000000022F5700" bytesRequested="1168" />
<af-end id="6959" timestamp="2019-07-02T20:42:38.164" threadId="00000000022F6088" success="true" from="nursery"/>
<exclusive-end id="6960" timestamp="2019-07-02T20:42:38.164" durationms="1.452" />

<exclusive-start id="6961" timestamp="2019-07-02T20:42:38.166" intervalms="3.469">
  <response-info timems="0.037" idlems="0.037" threads="0" lastid="00000000022F5700" lastname="main" />
</exclusive-start>
<af-start id="6962" threadId="00000000022F6088" totalBytesRequested="1168" timestamp="2019-07-02T20:42:38.166" intervalms="3.457" type="nursery" />
<cycle-start id="6963" type="scavenge" contextid="0" timestamp="2019-07-02T20:42:38.166" intervalms="3.462" />
  <attribute name="GC Util" value="14" />
  <attribute name="CPU Util" value="5052538976060" />
  <attribute name="Time Running"value="19263"/>
  <attribute name="Number of cores"value="4"/>
<gc-start id="6964" type="scavenge" contextid="6963" timestamp="2019-07-02T20:42:38.166">
  <mem-info id="6965" free="7444544" total="44826624" percent="16">
    <mem type="nursery" free="0" total="18612224" percent="0">
      <mem type="allocate" free="0" total="16711680" percent="0" />
      <mem type="survivor" free="0" total="1900544" percent="0" />
    </mem>
    <mem type="tenure" free="7444544" total="26214400" percent="28">
      <mem type="soa" free="6133824" total="24903680" percent="24" />
      <mem type="loa" free="1310720" total="1310720" percent="100" />
    </mem>
    <remembered-set count="96" />
  </mem-info>
</gc-start>
<allocation-stats totalBytes="16569088" >
  <allocated-bytes non-tlh="1168" tlh="16567920" />
  <largest-consumer threadName="main" threadId="00000000022F5700" bytes="16569088" />
</allocation-stats>
<gc-op id="6966" type="scavenge" timems="0.209" contextid="6963" timestamp="2019-07-02T20:42:38.167">
  <scavenger-info tenureage="8" tenuremask="ff00" tiltratio="89" />
  <memory-copied type="nursery" objects="1" bytes="24" bytesdiscarded="39144" />
</gc-op>
<gc-end id="6967" type="scavenge" contextid="6963" durationms="0.602" usertimems="0.000" systemtimems="0.000" timestamp="2019-07-02T20:42:38.167" activeThreads="4">
  <mem-info id="6968" free="24117056" total="44826624" percent="53">
    <mem type="nursery" free="16672512" total="18612224" percent="89">
      <mem type="allocate" free="16672512" total="16711680" percent="99" />
      <mem type="survivor" free="0" total="1900544" percent="0" />
    </mem>
    <mem type="tenure" free="7444544" total="26214400" percent="28" macro-fragmented="0">
      <mem type="soa" free="6133824" total="24903680" percent="24" />
      <mem type="loa" free="1310720" total="1310720" percent="100" />
    </mem>
    <remembered-set count="96" />
  </mem-info>
</gc-end>
<cycle-end id="6969" type="scavenge" contextid="6963" timestamp="2019-07-02T20:42:38.167">
  <attribute name="GC Util" value="15" />
  <attribute name="CPU Util" value="5303307580427" />
  <attribute name="Time Running"value="19267"/>
  <attribute name="Number of cores"value="4"/>
</cycle-end>
<allocation-satisfied id="6970" threadId="00000000022F5700" bytesRequested="1168" />
<af-end id="6971" timestamp="2019-07-02T20:42:38.167" threadId="00000000022F6088" success="true" from="nursery"/>
<exclusive-end id="6972" timestamp="2019-07-02T20:42:38.167" durationms="1.459" />

<exclusive-start id="6973" timestamp="2019-07-02T20:42:38.169" intervalms="3.443">
  <response-info timems="0.039" idlems="0.039" threads="0" lastid="00000000022F5700" lastname="main" />
</exclusive-start>
<af-start id="6974" threadId="00000000022F6088" totalBytesRequested="1168" timestamp="2019-07-02T20:42:38.169" intervalms="3.441" type="nursery" />
<cycle-start id="6975" type="scavenge" contextid="0" timestamp="2019-07-02T20:42:38.170" intervalms="3.433" />
  <attribute name="GC Util" value="15" />
  <attribute name="CPU Util" value="5303307580427" />
  <attribute name="Time Running"value="19267"/>
  <attribute name="Number of cores"value="4"/>
<gc-start id="6976" type="scavenge" contextid="6975" timestamp="2019-07-02T20:42:38.170">
  <mem-info id="6977" free="7444544" total="44826624" percent="16">
    <mem type="nursery" free="0" total="18612224" percent="0">
      <mem type="allocate" free="0" total="16711680" percent="0" />
      <mem type="survivor" free="0" total="1900544" percent="0" />
    </mem>
    <mem type="tenure" free="7444544" total="26214400" percent="28">
      <mem type="soa" free="6133824" total="24903680" percent="24" />
      <mem type="loa" free="1310720" total="1310720" percent="100" />
    </mem>
    <remembered-set count="96" />
  </mem-info>
</gc-start>
<allocation-stats totalBytes="16567848" >
  <allocated-bytes non-tlh="1168" tlh="16566680" />
  <largest-consumer threadName="main" threadId="00000000022F5700" bytes="16567848" />
</allocation-stats>
<gc-op id="6978" type="scavenge" timems="0.194" contextid="6975" timestamp="2019-07-02T20:42:38.170">
  <scavenger-info tenureage="8" tenuremask="ff00" tiltratio="89" />
  <memory-copied type="nursery" objects="1" bytes="24" bytesdiscarded="39144" />
</gc-op>
<gc-end id="6979" type="scavenge" contextid="6975" durationms="0.588" usertimems="4.000" systemtimems="0.000" timestamp="2019-07-02T20:42:38.170" activeThreads="4">
  <mem-info id="6980" free="24117056" total="44826624" percent="53">
    <mem type="nursery" free="16672512" total="18612224" percent="89">
      <mem type="allocate" free="16672512" total="16711680" percent="99" />
      <mem type="survivor" free="0" total="1900544" percent="0" />
    </mem>
    <mem type="tenure" free="7444544" total="26214400" percent="28" macro-fragmented="0">
      <mem type="soa" free="6133824" total="24903680" percent="24" />
      <mem type="loa" free="1310720" total="1310720" percent="100" />
    </mem>
    <remembered-set count="96" />
  </mem-info>
</gc-end>
<cycle-end id="6981" type="scavenge" contextid="6975" timestamp="2019-07-02T20:42:38.170">
  <attribute name="GC Util" value="15" />
  <attribute name="CPU Util" value="5382995199506" />
  <attribute name="Time Running"value="19270"/>
  <attribute name="Number of cores"value="4"/>
</cycle-end>
<allocation-satisfied id="6982" threadId="00000000022F5700" bytesRequested="1168" />
<af-end id="6983" timestamp="2019-07-02T20:42:38.171" threadId="00000000022F6088" success="true" from="nursery"/>
<exclusive-end id="6984" timestamp="2019-07-02T20:42:38.171" durationms="1.380" />

<exclusive-start id="6985" timestamp="2019-07-02T20:42:38.173" intervalms="3.419">
  <response-info timems="0.038" idlems="0.038" threads="0" lastid="00000000022F5700" lastname="main" />
</exclusive-start>
<af-start id="6986" threadId="00000000022F6088" totalBytesRequested="1168" timestamp="2019-07-02T20:42:38.173" intervalms="3.387" type="nursery" />
<cycle-start id="6987" type="scavenge" contextid="0" timestamp="2019-07-02T20:42:38.173" intervalms="3.389" />
  <attribute name="GC Util" value="15" />
  <attribute name="CPU Util" value="5382995199506" />
  <attribute name="Time Running"value="19270"/>
  <attribute name="Number of cores"value="4"/>
<gc-start id="6988" type="scavenge" contextid="6987" timestamp="2019-07-02T20:42:38.173">
  <mem-info id="6989" free="7444544" total="44826624" percent="16">
    <mem type="nursery" free="0" total="18612224" percent="0">
      <mem type="allocate" free="0" total="16711680" percent="0" />
      <mem type="survivor" free="0" total="1900544" percent="0" />
    </mem>
    <mem type="tenure" free="7444544" total="26214400" percent="28">
      <mem type="soa" free="6133824" total="24903680" percent="24" />
      <mem type="loa" free="1310720" total="1310720" percent="100" />
    </mem>
    <remembered-set count="96" />
  </mem-info>
</gc-start>
<allocation-stats totalBytes="16567872" >
  <allocated-bytes non-tlh="1168" tlh="16566704" />
  <largest-consumer threadName="main" threadId="00000000022F5700" bytes="16567872" />
</allocation-stats>
<gc-op id="6990" type="scavenge" timems="0.203" contextid="6987" timestamp="2019-07-02T20:42:38.173">
  <scavenger-info tenureage="8" tenuremask="ff00" tiltratio="89" />
  <memory-copied type="nursery" objects="1" bytes="24" bytesdiscarded="39144" />
</gc-op>
<gc-end id="6991" type="scavenge" contextid="6987" durationms="0.578" usertimems="0.000" systemtimems="0.000" timestamp="2019-07-02T20:42:38.174" activeThreads="4">
  <mem-info id="6992" free="24117056" total="44826624" percent="53">
    <mem type="nursery" free="16672512" total="18612224" percent="89">
      <mem type="allocate" free="16672512" total="16711680" percent="99" />
      <mem type="survivor" free="0" total="1900544" percent="0" />
    </mem>
    <mem type="tenure" free="7444544" total="26214400" percent="28" macro-fragmented="0">
      <mem type="soa" free="6133824" total="24903680" percent="24" />
      <mem type="loa" free="1310720" total="1310720" percent="100" />
    </mem>
    <remembered-set count="96" />
  </mem-info>
</gc-end>
<cycle-end id="6993" type="scavenge" contextid="6987" timestamp="2019-07-02T20:42:38.174">
  <attribute name="GC Util" value="14" />
  <attribute name="CPU Util" value="5492451388393" />
  <attribute name="Time Running"value="19273"/>
  <attribute name="Number of cores"value="4"/>
</cycle-end>
<allocation-satisfied id="6994" threadId="00000000022F5700" bytesRequested="1168" />
<af-end id="6995" timestamp="2019-07-02T20:42:38.174" threadId="00000000022F6088" success="true" from="nursery"/>
<exclusive-end id="6996" timestamp="2019-07-02T20:42:38.174" durationms="1.412" />

<exclusive-start id="6997" timestamp="2019-07-02T20:42:38.176" intervalms="3.478">
  <response-info timems="0.037" idlems="0.037" threads="0" lastid="00000000022F5700" lastname="main" />
</exclusive-start>
<af-start id="6998" threadId="00000000022F6088" totalBytesRequested="1168" timestamp="2019-07-02T20:42:38.176" intervalms="3.526" type="nursery" />
<cycle-start id="6999" type="scavenge" contextid="0" timestamp="2019-07-02T20:42:38.177" intervalms="3.540" />
  <attribute name="GC Util" value="14" />
  <attribute name="CPU Util" value="5492451388393" />
  <attribute name="Time Running"value="19273"/>
  <attribute name="Number of cores"value="4"/>
<gc-start id="7000" type="scavenge" contextid="6999" timestamp="2019-07-02T20:42:38.177">
  <mem-info id="7001" free="7444544" total="44826624" percent="16">
    <mem type="nursery" free="0" total="18612224" percent="0">
      <mem type="allocate" free="0" total="16711680" percent="0" />
      <mem type="survivor" free="0" total="1900544" percent="0" />
    </mem>
    <mem type="tenure" free="7444544" total="26214400" percent="28">
      <mem type="soa" free="6133824" total="24903680" percent="24" />
      <mem type="loa" free="1310720" total="1310720" percent="100" />
    </mem>
    <remembered-set count="96" />
  </mem-info>
</gc-start>
<allocation-stats totalBytes="16567848" >
  <allocated-bytes non-tlh="1168" tlh="16566680" />
  <largest-consumer threadName="main" threadId="00000000022F5700" bytes="16567848" />
</allocation-stats>
<gc-op id="7002" type="scavenge" timems="0.219" contextid="6999" timestamp="2019-07-02T20:42:38.177">
  <scavenger-info tenureage="8" tenuremask="ff00" tiltratio="89" />
  <memory-copied type="nursery" objects="1" bytes="24" bytesdiscarded="39144" />
</gc-op>
<gc-end id="7003" type="scavenge" contextid="6999" durationms="0.588" usertimems="4.000" systemtimems="0.000" timestamp="2019-07-02T20:42:38.177" activeThreads="4">
  <mem-info id="7004" free="24117056" total="44826624" percent="53">
    <mem type="nursery" free="16672512" total="18612224" percent="89">
      <mem type="allocate" free="16672512" total="16711680" percent="99" />
      <mem type="survivor" free="0" total="1900544" percent="0" />
    </mem>
    <mem type="tenure" free="7444544" total="26214400" percent="28" macro-fragmented="0">
      <mem type="soa" free="6133824" total="24903680" percent="24" />
      <mem type="loa" free="1310720" total="1310720" percent="100" />
    </mem>
    <remembered-set count="96" />
  </mem-info>
</gc-end>
<cycle-end id="7005" type="scavenge" contextid="6999" timestamp="2019-07-02T20:42:38.177">
  <attribute name="GC Util" value="14" />
  <attribute name="CPU Util" value="5177484048655" />
  <attribute name="Time Running"value="19277"/>
  <attribute name="Number of cores"value="4"/>
</cycle-end>
<allocation-satisfied id="7006" threadId="00000000022F5700" bytesRequested="1168" />
<af-end id="7007" timestamp="2019-07-02T20:42:38.178" threadId="00000000022F6088" success="true" from="nursery"/>
<exclusive-end id="7008" timestamp="2019-07-02T20:42:38.178" durationms="1.567" />

<exclusive-start id="7009" timestamp="2019-07-02T20:42:38.180" intervalms="3.550">
  <response-info timems="0.042" idlems="0.042" threads="0" lastid="00000000022F5700" lastname="main" />
</exclusive-start>
<af-start id="7010" threadId="00000000022F6088" totalBytesRequested="1168" timestamp="2019-07-02T20:42:38.180" intervalms="3.518" type="nursery" />
<cycle-start id="7011" type="scavenge" contextid="0" timestamp="2019-07-02T20:42:38.180" intervalms="3.478" />
  <attribute name="GC Util" value="14" />
  <attribute name="CPU Util" value="5177484048655" />
  <attribute name="Time Running"value="19277"/>
  <attribute name="Number of cores"value="4"/>
<gc-start id="7012" type="scavenge" contextid="7011" timestamp="2019-07-02T20:42:38.180">
  <mem-info id="7013" free="7444544" total="44826624" percent="16">
    <mem type="nursery" free="0" total="18612224" percent="0">
      <mem type="allocate" free="0" total="16711680" percent="0" />
      <mem type="survivor" free="0" total="1900544" percent="0" />
    </mem>
    <mem type="tenure" free="7444544" total="26214400" percent="28">
      <mem type="soa" free="6133824" total="24903680" percent="24" />
      <mem type="loa" free="1310720" total="1310720" percent="100" />
    </mem>
    <remembered-set count="96" />
  </mem-info>
</gc-start>
<allocation-stats totalBytes="16567848" >
  <allocated-bytes non-tlh="1168" tlh="16566680" />
  <largest-consumer threadName="main" threadId="00000000022F5700" bytes="16567848" />
</allocation-stats>
<gc-op id="7014" type="scavenge" timems="0.196" contextid="7011" timestamp="2019-07-02T20:42:38.180">
  <scavenger-info tenureage="8" tenuremask="ff00" tiltratio="89" />
  <memory-copied type="nursery" objects="1" bytes="24" bytesdiscarded="39144" />
</gc-op>
<gc-end id="7015" type="scavenge" contextid="7011" durationms="0.530" usertimems="0.000" systemtimems="0.000" timestamp="2019-07-02T20:42:38.181" activeThreads="4">
  <mem-info id="7016" free="24117056" total="44826624" percent="53">
    <mem type="nursery" free="16672512" total="18612224" percent="89">
      <mem type="allocate" free="16672512" total="16711680" percent="99" />
      <mem type="survivor" free="0" total="1900544" percent="0" />
    </mem>
    <mem type="tenure" free="7444544" total="26214400" percent="28" macro-fragmented="0">
      <mem type="soa" free="6133824" total="24903680" percent="24" />
      <mem type="loa" free="1310720" total="1310720" percent="100" />
    </mem>
    <remembered-set count="96" />
  </mem-info>
</gc-end>
<cycle-end id="7017" type="scavenge" contextid="7011" timestamp="2019-07-02T20:42:38.181">
  <attribute name="GC Util" value="16" />
  <attribute name="CPU Util" value="5445935201785" />
  <attribute name="Time Running"value="19280"/>
  <attribute name="Number of cores"value="4"/>
</cycle-end>
<allocation-satisfied id="7018" threadId="00000000022F5700" bytesRequested="1168" />
<af-end id="7019" timestamp="2019-07-02T20:42:38.181" threadId="00000000022F6088" success="true" from="nursery"/>
<exclusive-end id="7020" timestamp="2019-07-02T20:42:38.181" durationms="1.199" />

<exclusive-start id="7021" timestamp="2019-07-02T20:42:38.188" intervalms="7.996">
  <response-info timems="0.036" idlems="0.036" threads="0" lastid="00000000022F5700" lastname="main" />
</exclusive-start>
<af-start id="7022" threadId="00000000022F6088" totalBytesRequested="64" timestamp="2019-07-02T20:42:38.188" intervalms="8.022" type="nursery" />
<cycle-start id="7023" type="scavenge" contextid="0" timestamp="2019-07-02T20:42:38.188" intervalms="8.061" />
  <attribute name="GC Util" value="16" />
  <attribute name="CPU Util" value="5445935201785" />
  <attribute name="Time Running"value="19280"/>
  <attribute name="Number of cores"value="4"/>
<gc-start id="7024" type="scavenge" contextid="7023" timestamp="2019-07-02T20:42:38.188">
  <mem-info id="7025" free="7444544" total="44826624" percent="16">
    <mem type="nursery" free="0" total="18612224" percent="0">
      <mem type="allocate" free="0" total="16711680" percent="0" />
      <mem type="survivor" free="0" total="1900544" percent="0" />
    </mem>
    <mem type="tenure" free="7444544" total="26214400" percent="28">
      <mem type="soa" free="6133824" total="24903680" percent="24" />
      <mem type="loa" free="1310720" total="1310720" percent="100" />
    </mem>
    <remembered-set count="102" />
  </mem-info>
</gc-start>
<allocation-stats totalBytes="16665928" >
  <allocated-bytes non-tlh="1168" tlh="16664760" />
  <largest-consumer threadName="main" threadId="00000000022F5700" bytes="16665928" />
</allocation-stats>
<gc-op id="7026" type="scavenge" timems="0.232" contextid="7023" timestamp="2019-07-02T20:42:38.189">
  <scavenger-info tenureage="8" tenuremask="ff00" tiltratio="89" />
  <memory-copied type="nursery" objects="152" bytes="5016" bytesdiscarded="112488" />
  <references type="weak" candidates="2" cleared="0" enqueued="0" />
</gc-op>
<gc-end id="7027" type="scavenge" contextid="7023" durationms="0.734" usertimems="4.000" systemtimems="0.000" timestamp="2019-07-02T20:42:38.189" activeThreads="4">
  <mem-info id="7028" free="24038720" total="44826624" percent="53">
    <mem type="nursery" free="16594176" total="18612224" percent="89">
      <mem type="allocate" free="16594176" total="16711680" percent="99" />
      <mem type="survivor" free="0" total="1900544" percent="0" />
    </mem>
    <mem type="tenure" free="7444544" total="26214400" percent="28" macro-fragmented="0">
      <mem type="soa" free="6133824" total="24903680" percent="24" />
      <mem type="loa" free="1310720" total="1310720" percent="100" />
    </mem>
    <remembered-set count="102" />
  </mem-info>
</gc-end>
<cycle-end id="7029" type="scavenge" contextid="7023" timestamp="2019-07-02T20:42:38.189">
  <attribute name="GC Util" value="6" />
  <attribute name="CPU Util" value="2228097978872" />
  <attribute name="Time Running"value="19289"/>
  <attribute name="Number of cores"value="4"/>
</cycle-end>
<allocation-satisfied id="7030" threadId="00000000022F5700" bytesRequested="64" />
<af-end id="7031" timestamp="2019-07-02T20:42:38.189" threadId="00000000022F6088" success="true" from="nursery"/>
<exclusive-end id="7032" timestamp="2019-07-02T20:42:38.189" durationms="1.607" />

<exclusive-start id="7033" timestamp="2019-07-02T20:42:38.208" intervalms="20.042">
  <response-info timems="0.037" idlems="0.037" threads="0" lastid="00000000022F5700" lastname="main" />
</exclusive-start>
<af-start id="7034" threadId="00000000022F6088" totalBytesRequested="80" timestamp="2019-07-02T20:42:38.208" intervalms="20.031" type="nursery" />
<cycle-start id="7035" type="scavenge" contextid="0" timestamp="2019-07-02T20:42:38.208" intervalms="20.033" />
  <attribute name="GC Util" value="6" />
  <attribute name="CPU Util" value="2228097978872" />
  <attribute name="Time Running"value="19289"/>
  <attribute name="Number of cores"value="4"/>
<gc-start id="7036" type="scavenge" contextid="7035" timestamp="2019-07-02T20:42:38.208">
  <mem-info id="7037" free="7444544" total="44826624" percent="16">
    <mem type="nursery" free="0" total="18612224" percent="0">
      <mem type="allocate" free="0" total="16711680" percent="0" />
      <mem type="survivor" free="0" total="1900544" percent="0" />
    </mem>
    <mem type="tenure" free="7444544" total="26214400" percent="28">
      <mem type="soa" free="6133824" total="24903680" percent="24" />
      <mem type="loa" free="1310720" total="1310720" percent="100" />
    </mem>
    <remembered-set count="102" />
  </mem-info>
</gc-start>
<allocation-stats totalBytes="16591672" >
  <allocated-bytes non-tlh="64" tlh="16591608" />
  <largest-consumer threadName="main" threadId="00000000022F5700" bytes="16591672" />
</allocation-stats>
<gc-op id="7038" type="scavenge" timems="0.237" contextid="7035" timestamp="2019-07-02T20:42:38.209">
  <scavenger-info tenureage="3" tenuremask="fff8" tiltratio="89" />
  <memory-copied type="nursery" objects="157" bytes="5176" bytesdiscarded="112328" />
  <references type="weak" candidates="2" cleared="0" enqueued="0" />
</gc-op>
<gc-end id="7039" type="scavenge" contextid="7035" durationms="0.823" usertimems="0.000" systemtimems="0.000" timestamp="2019-07-02T20:42:38.209" activeThreads="4">
  <mem-info id="7040" free="24038720" total="44826624" percent="53">
    <mem type="nursery" free="16594176" total="18612224" percent="89">
      <mem type="allocate" free="16594176" total="16711680" percent="99" />
      <mem type="survivor" free="0" total="1900544" percent="0" />
    </mem>
    <mem type="tenure" free="7444544" total="26214400" percent="28" macro-fragmented="0">
      <mem type="soa" free="6133824" total="24903680" percent="24" />
      <mem type="loa" free="1310720" total="1310720" percent="100" />
    </mem>
    <remembered-set count="93" />
  </mem-info>
</gc-end>
<cycle-end id="7041" type="scavenge" contextid="7035" timestamp="2019-07-02T20:42:38.209">
  <attribute name="GC Util" value="3" />
  <attribute name="CPU Util" value="919068167242" />
  <attribute name="Time Running"value="19309"/>
  <attribute name="Number of cores"value="4"/>
</cycle-end>
<allocation-satisfied id="7042" threadId="00000000022F5700" bytesRequested="80" />
<af-end id="7043" timestamp="2019-07-02T20:42:38.209" threadId="00000000022F6088" success="true" from="nursery"/>
<exclusive-end id="7044" timestamp="2019-07-02T20:42:38.209" durationms="1.642" />

<exclusive-start id="7045" timestamp="2019-07-02T20:42:38.228" intervalms="20.045">
  <response-info timems="0.039" idlems="0.039" threads="0" lastid="00000000022F5700" lastname="main" />
</exclusive-start>
<af-start id="7046" threadId="00000000022F6088" totalBytesRequested="24" timestamp="2019-07-02T20:42:38.228" intervalms="20.101" type="nursery" />
<cycle-start id="7047" type="scavenge" contextid="0" timestamp="2019-07-02T20:42:38.228" intervalms="20.105" />
  <attribute name="GC Util" value="3" />
  <attribute name="CPU Util" value="919068167242" />
  <attribute name="Time Running"value="19309"/>
  <attribute name="Number of cores"value="4"/>
<gc-start id="7048" type="scavenge" contextid="7047" timestamp="2019-07-02T20:42:38.228">
  <mem-info id="7049" free="7444544" total="44826624" percent="16">
    <mem type="nursery" free="0" total="18612224" percent="0">
      <mem type="allocate" free="0" total="16711680" percent="0" />
      <mem type="survivor" free="0" total="1900544" percent="0" />
    </mem>
    <mem type="tenure" free="7444544" total="26214400" percent="28">
      <mem type="soa" free="6133824" total="24903680" percent="24" />
      <mem type="loa" free="1310720" total="1310720" percent="100" />
    </mem>
    <remembered-set count="93" />
  </mem-info>
</gc-start>
<allocation-stats totalBytes="16591744" >
  <allocated-bytes non-tlh="80" tlh="16591664" />
  <largest-consumer threadName="main" threadId="00000000022F5700" bytes="16591744" />
</allocation-stats>
<gc-op id="7050" type="scavenge" timems="0.257" contextid="7047" timestamp="2019-07-02T20:42:38.229">
  <scavenger-info tenureage="3" tenuremask="fff8" tiltratio="89" />
  <memory-copied type="nursery" objects="161" bytes="5344" bytesdiscarded="173600" />
  <references type="weak" candidates="2" cleared="0" enqueued="0" />
</gc-op>
<gc-end id="7051" type="scavenge" contextid="7047" durationms="0.831" usertimems="0.000" systemtimems="0.000" timestamp="2019-07-02T20:42:38.229" activeThreads="4">
  <mem-info id="7052" free="23977280" total="44826624" percent="53">
    <mem type="nursery" free="16532736" total="18612224" percent="88">
      <mem type="allocate" free="16532736" total="16711680" percent="98" />
      <mem type="survivor" free="0" total="1900544" percent="0" />
    </mem>
    <mem type="tenure" free="7444544" total="26214400" percent="28" macro-fragmented="0">
      <mem type="soa" free="6133824" total="24903680" percent="24" />
      <mem type="loa" free="1310720" total="1310720" percent="100" />
    </mem>
    <remembered-set count="93" />
  </mem-info>
</gc-end>
<cycle-end id="7053" type="scavenge" contextid="7047" timestamp="2019-07-02T20:42:38.229">
  <attribute name="GC Util" value="3" />
  <attribute name="CPU Util" value="918089750382" />
  <attribute name="Time Running"value="19329"/>
  <attribute name="Number of cores"value="4"/>
</cycle-end>
<allocation-satisfied id="7054" threadId="00000000022F5700" bytesRequested="24" />
<af-end id="7055" timestamp="2019-07-02T20:42:38.230" threadId="00000000022F6088" success="true" from="nursery"/>
<exclusive-end id="7056" timestamp="2019-07-02T20:42:38.230" durationms="1.793" />

<exclusive-start id="7057" timestamp="2019-07-02T20:42:38.250" intervalms="22.129">
  <response-info timems="0.034" idlems="0.034" threads="0" lastid="00000000022F5700" lastname="main" />
</exclusive-start>
<af-start id="7058" threadId="00000000022F6088" totalBytesRequested="32" timestamp="2019-07-02T20:42:38.250" intervalms="22.137" type="nursery" />
<cycle-start id="7059" type="scavenge" contextid="0" timestamp="2019-07-02T20:42:38.250" intervalms="22.136" />
  <attribute name="GC Util" value="3" />
  <attribute name="CPU Util" value="918089750382" />
  <attribute name="Time Running"value="19329"/>
  <attribute name="Number of cores"value="4"/>
<gc-start id="7060" type="scavenge" contextid="7059" timestamp="2019-07-02T20:42:38.251">
  <mem-info id="7061" free="7444544" total="44826624" percent="16">
    <mem type="nursery" free="0" total="18612224" percent="0">
      <mem type="allocate" free="0" total="16711680" percent="0" />
      <mem type="survivor" free="0" total="1900544" percent="0" />
    </mem>
    <mem type="tenure" free="7444544" total="26214400" percent="28">
      <mem type="soa" free="6133824" total="24903680" percent="24" />
      <mem type="loa" free="1310720" total="1310720" percent="100" />
    </mem>
    <remembered-set count="96" />
  </mem-info>
</gc-start>
<allocation-stats totalBytes="16530272" >
  <allocated-bytes non-tlh="24" tlh="16530248" />
  <largest-consumer threadName="main" threadId="00000000022F5700" bytes="16530272" />
</allocation-stats>
<gc-op id="7062" type="scavenge" timems="0.284" contextid="7059" timestamp="2019-07-02T20:42:38.251">
  <scavenger-info tenureage="3" tenuremask="fff8" tiltratio="89" />
  <memory-copied type="nursery" objects="238" bytes="7792" bytesdiscarded="201824" />
  <memory-copied type="tenure" objects="9" bytes="232" bytesdiscarded="0" />
  <references type="weak" candidates="37" cleared="0" enqueued="0" />
</gc-op>
<gc-end id="7063" type="scavenge" contextid="7059" durationms="0.872" usertimems="0.000" systemtimems="0.000" timestamp="2019-07-02T20:42:38.251" activeThreads="4">
  <mem-info id="7064" free="23946560" total="44826624" percent="53">
    <mem type="nursery" free="16502016" total="18612224" percent="88">
      <mem type="allocate" free="16502016" total="16711680" percent="98" />
      <mem type="survivor" free="0" total="1900544" percent="0" />
    </mem>
    <mem type="tenure" free="7444544" total="26214400" percent="28" macro-fragmented="0">
      <mem type="soa" free="6133824" total="24903680" percent="24" />
      <mem type="loa" free="1310720" total="1310720" percent="100" />
    </mem>
    <remembered-set count="92" />
  </mem-info>
</gc-end>
<cycle-end id="7065" type="scavenge" contextid="7059" timestamp="2019-07-02T20:42:38.252">
  <attribute name="GC Util" value="2" />
  <attribute name="CPU Util" value="832444439350" />
  <attribute name="Time Running"value="19351"/>
  <attribute name="Number of cores"value="4"/>
</cycle-end>
<allocation-satisfied id="7066" threadId="00000000022F5700" bytesRequested="32" />
<af-end id="7067" timestamp="2019-07-02T20:42:38.252" threadId="00000000022F6088" success="true" from="nursery"/>
<exclusive-end id="7068" timestamp="2019-07-02T20:42:38.252" durationms="1.915" />

<exclusive-start id="7069" timestamp="2019-07-02T20:42:38.271" intervalms="20.991">
  <response-info timems="0.032" idlems="0.032" threads="0" lastid="00000000022F5700" lastname="main" />
</exclusive-start>
<af-start id="7070" threadId="00000000022F6088" totalBytesRequested="32" timestamp="2019-07-02T20:42:38.271" intervalms="21.000" type="nursery" />
<cycle-start id="7071" type="scavenge" contextid="0" timestamp="2019-07-02T20:42:38.271" intervalms="20.999" />
  <attribute name="GC Util" value="2" />
  <attribute name="CPU Util" value="832444439350" />
  <attribute name="Time Running"value="19351"/>
  <attribute name="Number of cores"value="4"/>
<gc-start id="7072" type="scavenge" contextid="7071" timestamp="2019-07-02T20:42:38.272">
  <mem-info id="7073" free="7444544" total="44826624" percent="16">
    <mem type="nursery" free="0" total="18612224" percent="0">
      <mem type="allocate" free="0" total="16711680" percent="0" />
      <mem type="survivor" free="0" total="1900544" percent="0" />
    </mem>
    <mem type="tenure" free="7444544" total="26214400" percent="28">
      <mem type="soa" free="6133824" total="24903680" percent="24" />
      <mem type="loa" free="1310720" total="1310720" percent="100" />
    </mem>
    <remembered-set count="92" />
  </mem-info>
</gc-start>
<allocation-stats totalBytes="16500040" >
  <allocated-bytes non-tlh="32" tlh="16500008" />
  <largest-consumer threadName="main" threadId="00000000022F5700" bytes="16500040" />
</allocation-stats>
<gc-op id="7074" type="scavenge" timems="0.292" contextid="7071" timestamp="2019-07-02T20:42:38.272">
  <scavenger-info tenureage="3" tenuremask="ffe8" tiltratio="89" />
  <memory-copied type="nursery" objects="237" bytes="7808" bytesdiscarded="201856" />
  <references type="weak" candidates="37" cleared="0" enqueued="0" />
</gc-op>
<gc-end id="7075" type="scavenge" contextid="7071" durationms="0.854" usertimems="4.000" systemtimems="0.000" timestamp="2019-07-02T20:42:38.272" activeThreads="4">
  <mem-info id="7076" free="23946560" total="44826624" percent="53">
    <mem type="nursery" free="16502016" total="18612224" percent="88">
      <mem type="allocate" free="16502016" total="16711680" percent="98" />
      <mem type="survivor" free="0" total="1900544" percent="0" />
    </mem>
    <mem type="tenure" free="7444544" total="26214400" percent="28" macro-fragmented="0">
      <mem type="soa" free="6133824" total="24903680" percent="24" />
      <mem type="loa" free="1310720" total="1310720" percent="100" />
    </mem>
    <remembered-set count="92" />
  </mem-info>
</gc-end>
<cycle-end id="7077" type="scavenge" contextid="7071" timestamp="2019-07-02T20:42:38.273">
  <attribute name="GC Util" value="3" />
  <attribute name="CPU Util" value="879077447952" />
  <attribute name="Time Running"value="19372"/>
  <attribute name="Number of cores"value="4"/>
</cycle-end>
<allocation-satisfied id="7078" threadId="00000000022F5700" bytesRequested="32" />
<af-end id="7079" timestamp="2019-07-02T20:42:38.273" threadId="00000000022F6088" success="true" from="nursery"/>
<exclusive-end id="7080" timestamp="2019-07-02T20:42:38.273" durationms="1.953" />

<exclusive-start id="7081" timestamp="2019-07-02T20:42:38.292" intervalms="20.922">
  <response-info timems="0.033" idlems="0.033" threads="0" lastid="00000000022F5700" lastname="main" />
</exclusive-start>
<af-start id="7082" threadId="00000000022F6088" totalBytesRequested="16" timestamp="2019-07-02T20:42:38.292" intervalms="20.832" type="nursery" />
<cycle-start id="7083" type="scavenge" contextid="0" timestamp="2019-07-02T20:42:38.292" intervalms="20.836" />
  <attribute name="GC Util" value="3" />
  <attribute name="CPU Util" value="879077447952" />
  <attribute name="Time Running"value="19372"/>
  <attribute name="Number of cores"value="4"/>
<gc-start id="7084" type="scavenge" contextid="7083" timestamp="2019-07-02T20:42:38.292">
  <mem-info id="7085" free="7444544" total="44826624" percent="16">
    <mem type="nursery" free="0" total="18612224" percent="0">
      <mem type="allocate" free="0" total="16711680" percent="0" />
      <mem type="survivor" free="0" total="1900544" percent="0" />
    </mem>
    <mem type="tenure" free="7444544" total="26214400" percent="28">
      <mem type="soa" free="6133824" total="24903680" percent="24" />
      <mem type="loa" free="1310720" total="1310720" percent="100" />
    </mem>
    <remembered-set count="92" />
  </mem-info>
</gc-start>
<allocation-stats totalBytes="16499856" >
  <allocated-bytes non-tlh="32" tlh="16499824" />
  <largest-consumer threadName="main" threadId="00000000022F5700" bytes="16499856" />
</allocation-stats>
<gc-op id="7086" type="scavenge" timems="0.241" contextid="7083" timestamp="2019-07-02T20:42:38.293">
  <scavenger-info tenureage="3" tenuremask="fff8" tiltratio="89" />
  <memory-copied type="nursery" objects="229" bytes="7512" bytesdiscarded="202152" />
  <references type="weak" candidates="37" cleared="0" enqueued="0" />
</gc-op>
<gc-end id="7087" type="scavenge" contextid="7083" durationms="0.825" usertimems="0.000" systemtimems="0.000" timestamp="2019-07-02T20:42:38.293" activeThreads="4">
  <mem-info id="7088" free="23946560" total="44826624" percent="53">
    <mem type="nursery" free="16502016" total="18612224" percent="88">
      <mem type="allocate" free="16502016" total="16711680" percent="98" />
      <mem type="survivor" free="0" total="1900544" percent="0" />
    </mem>
    <mem type="tenure" free="7444544" total="26214400" percent="28" macro-fragmented="0">
      <mem type="soa" free="6133824" total="24903680" percent="24" />
      <mem type="loa" free="1310720" total="1310720" percent="100" />
    </mem>
    <remembered-set count="92" />
  </mem-info>
</gc-end>
<cycle-end id="7089" type="scavenge" contextid="7083" timestamp="2019-07-02T20:42:38.293">
  <attribute name="GC Util" value="3" />
  <attribute name="CPU Util" value="885770299814" />
  <attribute name="Time Running"value="19393"/>
  <attribute name="Number of cores"value="4"/>
</cycle-end>
<allocation-satisfied id="7090" threadId="00000000022F5700" bytesRequested="16" />
<af-end id="7091" timestamp="2019-07-02T20:42:38.294" threadId="00000000022F6088" success="true" from="nursery"/>
<exclusive-end id="7092" timestamp="2019-07-02T20:42:38.294" durationms="1.671" />

<exclusive-start id="7093" timestamp="2019-07-02T20:42:38.308" intervalms="15.596">
  <response-info timems="0.046" idlems="0.046" threads="0" lastid="00000000022F5700" lastname="main" />
</exclusive-start>
<af-start id="7094" threadId="00000000022F6088" totalBytesRequested="264" timestamp="2019-07-02T20:42:38.308" intervalms="15.645" type="nursery" />
<cycle-start id="7095" type="scavenge" contextid="0" timestamp="2019-07-02T20:42:38.308" intervalms="15.646" />
  <attribute name="GC Util" value="3" />
  <attribute name="CPU Util" value="885770299814" />
  <attribute name="Time Running"value="19393"/>
  <attribute name="Number of cores"value="4"/>
<gc-start id="7096" type="scavenge" contextid="7095" timestamp="2019-07-02T20:42:38.308">
  <mem-info id="7097" free="7444544" total="44826624" percent="16">
    <mem type="nursery" free="0" total="18612224" percent="0">
      <mem type="allocate" free="0" total="16711680" percent="0" />
      <mem type="survivor" free="0" total="1900544" percent="0" />
    </mem>
    <mem type="tenure" free="7444544" total="26214400" percent="28">
      <mem type="soa" free="6133824" total="24903680" percent="24" />
      <mem type="loa" free="1310720" total="1310720" percent="100" />
    </mem>
    <remembered-set count="94" />
  </mem-info>
</gc-start>
<allocation-stats totalBytes="16495392" >
  <allocated-bytes non-tlh="16" tlh="16495376" />
  <largest-consumer threadName="main" threadId="00000000022F5700" bytes="16495392" />
</allocation-stats>
<gc-op id="7098" type="scavenge" timems="0.219" contextid="7095" timestamp="2019-07-02T20:42:38.308">
  <scavenger-info tenureage="3" tenuremask="fff8" tiltratio="89" />
  <memory-copied type="nursery" objects="21" bytes="872" bytesdiscarded="69016" />
  <memory-copied type="tenure" objects="102" bytes="3504" bytesdiscarded="0" />
</gc-op>
<gc-end id="7099" type="scavenge" contextid="7095" durationms="0.781" usertimems="0.000" systemtimems="0.000" timestamp="2019-07-02T20:42:38.309" activeThreads="4">
  <mem-info id="7100" free="24086336" total="44826624" percent="53">
    <mem type="nursery" free="16641792" total="18612224" percent="89">
      <mem type="allocate" free="16641792" total="16711680" percent="99" />
      <mem type="survivor" free="0" total="1900544" percent="0" />
    </mem>
    <mem type="tenure" free="7444544" total="26214400" percent="28" macro-fragmented="0">
      <mem type="soa" free="6133824" total="24903680" percent="24" />
      <mem type="loa" free="1310720" total="1310720" percent="100" />
    </mem>
    <remembered-set count="90" />
  </mem-info>
</gc-end>
<cycle-end id="7101" type="scavenge" contextid="7095" timestamp="2019-07-02T20:42:38.309">
  <attribute name="GC Util" value="3" />
  <attribute name="CPU Util" value="1179917798866" />
  <attribute name="Time Running"value="19408"/>
  <attribute name="Number of cores"value="4"/>
</cycle-end>
<allocation-satisfied id="7102" threadId="00000000022F5700" bytesRequested="264" />
<af-end id="7103" timestamp="2019-07-02T20:42:38.309" threadId="00000000022F6088" success="true" from="nursery"/>
<exclusive-end id="7104" timestamp="2019-07-02T20:42:38.309" durationms="1.660" />

<exclusive-start id="7105" timestamp="2019-07-02T20:42:38.313" intervalms="5.254">
  <response-info timems="0.039" idlems="0.039" threads="0" lastid="00000000022F5700" lastname="main" />
</exclusive-start>
<af-start id="7106" threadId="00000000022F6088" totalBytesRequested="128" timestamp="2019-07-02T20:42:38.313" intervalms="5.193" type="nursery" />
<cycle-start id="7107" type="scavenge" contextid="0" timestamp="2019-07-02T20:42:38.313" intervalms="5.182" />
  <attribute name="GC Util" value="3" />
  <attribute name="CPU Util" value="1179917798866" />
  <attribute name="Time Running"value="19408"/>
  <attribute name="Number of cores"value="4"/>
<gc-start id="7108" type="scavenge" contextid="7107" timestamp="2019-07-02T20:42:38.313">
  <mem-info id="7109" free="7444544" total="44826624" percent="16">
    <mem type="nursery" free="0" total="18612224" percent="0">
      <mem type="allocate" free="0" total="16711680" percent="0" />
      <mem type="survivor" free="0" total="1900544" percent="0" />
    </mem>
    <mem type="tenure" free="7444544" total="26214400" percent="28">
      <mem type="soa" free="6133824" total="24903680" percent="24" />
      <mem type="loa" free="1310720" total="1310720" percent="100" />
    </mem>
    <remembered-set count="90" />
  </mem-info>
</gc-start>
<allocation-stats totalBytes="16631592" >
  <allocated-bytes non-tlh="264" tlh="16631328" />
  <largest-consumer threadName="main" threadId="00000000022F5700" bytes="16631592" />
</allocation-stats>
<gc-op id="7110" type="scavenge" timems="0.197" contextid="7107" timestamp="2019-07-02T20:42:38.313">
  <scavenger-info tenureage="3" tenuremask="ffe8" tiltratio="89" />
  <memory-copied type="nursery" objects="22" bytes="760" bytesdiscarded="77576" />
</gc-op>
<gc-end id="7111" type="scavenge" contextid="7107" durationms="0.620" usertimems="0.000" systemtimems="0.000" timestamp="2019-07-02T20:42:38.314" activeThreads="4">
  <mem-info id="7112" free="24077888" total="44826624" percent="53">
    <mem type="nursery" free="16633344" total="18612224" percent="89">
      <mem type="allocate" free="16633344" total="16711680" percent="99" />
      <mem type="survivor" free="0" total="1900544" percent="0" />
    </mem>
    <mem type="tenure" free="7444544" total="26214400" percent="28" macro-fragmented="0">
      <mem type="soa" free="6133824" total="24903680" percent="24" />
      <mem type="loa" free="1310720" total="1310720" percent="100" />
    </mem>
    <remembered-set count="90" />
  </mem-info>
</gc-end>
<cycle-end id="7113" type="scavenge" contextid="7107" timestamp="2019-07-02T20:42:38.314">
  <attribute name="GC Util" value="11" />
  <attribute name="CPU Util" value="3660967517766" />
  <attribute name="Time Running"value="19413"/>
  <attribute name="Number of cores"value="4"/>
</cycle-end>
<allocation-satisfied id="7114" threadId="00000000022F5700" bytesRequested="128" />
<af-end id="7115" timestamp="2019-07-02T20:42:38.314" threadId="00000000022F6088" success="true" from="nursery"/>
<exclusive-end id="7116" timestamp="2019-07-02T20:42:38.314" durationms="1.430" />

<exclusive-start id="7117" timestamp="2019-07-02T20:42:38.318" intervalms="5.051">
  <response-info timems="0.028" idlems="0.028" threads="0" lastid="00000000022F5700" lastname="main" />
</exclusive-start>
<af-start id="7118" threadId="00000000022F6088" totalBytesRequested="112" timestamp="2019-07-02T20:42:38.318" intervalms="5.111" type="nursery" />
<cycle-start id="7119" type="scavenge" contextid="0" timestamp="2019-07-02T20:42:38.318" intervalms="5.110" />
  <attribute name="GC Util" value="11" />
  <attribute name="CPU Util" value="3660967517766" />
  <attribute name="Time Running"value="19413"/>
  <attribute name="Number of cores"value="4"/>
<gc-start id="7120" type="scavenge" contextid="7119" timestamp="2019-07-02T20:42:38.318">
  <mem-info id="7121" free="7444544" total="44826624" percent="16">
    <mem type="nursery" free="0" total="18612224" percent="0">
      <mem type="allocate" free="0" total="16711680" percent="0" />
      <mem type="survivor" free="0" total="1900544" percent="0" />
    </mem>
    <mem type="tenure" free="7444544" total="26214400" percent="28">
      <mem type="soa" free="6133824" total="24903680" percent="24" />
      <mem type="loa" free="1310720" total="1310720" percent="100" />
    </mem>
    <remembered-set count="90" />
  </mem-info>
</gc-start>
<allocation-stats totalBytes="16624000" >
  <allocated-bytes non-tlh="128" tlh="16623872" />
  <largest-consumer threadName="main" threadId="00000000022F5700" bytes="16624000" />
</allocation-stats>
<gc-op id="7122" type="scavenge" timems="0.200" contextid="7119" timestamp="2019-07-02T20:42:38.319">
  <scavenger-info tenureage="3" tenuremask="fff8" tiltratio="89" />
  <memory-copied type="nursery" objects="22" bytes="744" bytesdiscarded="77592" />
</gc-op>
<gc-end id="7123" type="scavenge" contextid="7119" durationms="0.619" usertimems="0.000" systemtimems="0.000" timestamp="2019-07-02T20:42:38.319" activeThreads="4">
  <mem-info id="7124" free="24077888" total="44826624" percent="53">
    <mem type="nursery" free="16633344" total="18612224" percent="89">
      <mem type="allocate" free="16633344" total="16711680" percent="99" />
      <mem type="survivor" free="0" total="1900544" percent="0" />
    </mem>
    <mem type="tenure" free="7444544" total="26214400" percent="28" macro-fragmented="0">
      <mem type="soa" free="6133824" total="24903680" percent="24" />
      <mem type="loa" free="1310720" total="1310720" percent="100" />
    </mem>
    <remembered-set count="90" />
  </mem-info>
</gc-end>
<cycle-end id="7125" type="scavenge" contextid="7119" timestamp="2019-07-02T20:42:38.319">
  <attribute name="GC Util" value="9" />
  <attribute name="CPU Util" value="3581477563509" />
  <attribute name="Time Running"value="19419"/>
  <attribute name="Number of cores"value="4"/>
</cycle-end>
<allocation-satisfied id="7126" threadId="00000000022F5700" bytesRequested="112" />
<af-end id="7127" timestamp="2019-07-02T20:42:38.319" threadId="00000000022F6088" success="true" from="nursery"/>
<exclusive-end id="7128" timestamp="2019-07-02T20:42:38.319" durationms="1.595" />

<exclusive-start id="7129" timestamp="2019-07-02T20:42:38.323" intervalms="5.221">
  <response-info timems="0.028" idlems="0.028" threads="0" lastid="00000000022F5700" lastname="main" />
</exclusive-start>
<af-start id="7130" threadId="00000000022F6088" totalBytesRequested="32" timestamp="2019-07-02T20:42:38.323" intervalms="5.225" type="nursery" />
<cycle-start id="7131" type="scavenge" contextid="0" timestamp="2019-07-02T20:42:38.323" intervalms="5.243" />
  <attribute name="GC Util" value="9" />
  <attribute name="CPU Util" value="3581477563509" />
  <attribute name="Time Running"value="19419"/>
  <attribute name="Number of cores"value="4"/>
<gc-start id="7132" type="scavenge" contextid="7131" timestamp="2019-07-02T20:42:38.324">
  <mem-info id="7133" free="7444544" total="44826624" percent="16">
    <mem type="nursery" free="0" total="18612224" percent="0">
      <mem type="allocate" free="0" total="16711680" percent="0" />
      <mem type="survivor" free="0" total="1900544" percent="0" />
    </mem>
    <mem type="tenure" free="7444544" total="26214400" percent="28">
      <mem type="soa" free="6133824" total="24903680" percent="24" />
      <mem type="loa" free="1310720" total="1310720" percent="100" />
    </mem>
    <remembered-set count="90" />
  </mem-info>
</gc-start>
<allocation-stats totalBytes="16624008" >
  <allocated-bytes non-tlh="112" tlh="16623896" />
  <largest-consumer threadName="main" threadId="00000000022F5700" bytes="16624008" />
</allocation-stats>
<gc-op id="7134" type="scavenge" timems="0.234" contextid="7131" timestamp="2019-07-02T20:42:38.324">
  <scavenger-info tenureage="3" tenuremask="fff8" tiltratio="89" />
  <memory-copied type="nursery" objects="7" bytes="272" bytesdiscarded="38896" />
  <memory-copied type="tenure" objects="17" bytes="552" bytesdiscarded="0" />
</gc-op>
<gc-end id="7135" type="scavenge" contextid="7131" durationms="0.657" usertimems="0.000" systemtimems="0.000" timestamp="2019-07-02T20:42:38.324" activeThreads="4">
  <mem-info id="7136" free="24117056" total="44826624" percent="53">
    <mem type="nursery" free="16672512" total="18612224" percent="89">
      <mem type="allocate" free="16672512" total="16711680" percent="99" />
      <mem type="survivor" free="0" total="1900544" percent="0" />
    </mem>
    <mem type="tenure" free="7444544" total="26214400" percent="28" macro-fragmented="0">
      <mem type="soa" free="6133824" total="24903680" percent="24" />
      <mem type="loa" free="1310720" total="1310720" percent="100" />
    </mem>
    <remembered-set count="92" />
  </mem-info>
</gc-end>
<cycle-end id="7137" type="scavenge" contextid="7131" timestamp="2019-07-02T20:42:38.324">
  <attribute name="GC Util" value="9" />
  <attribute name="CPU Util" value="3516886324209" />
  <attribute name="Time Running"value="19424"/>
  <attribute name="Number of cores"value="4"/>
</cycle-end>
<allocation-satisfied id="7138" threadId="00000000022F5700" bytesRequested="32" />
<af-end id="7139" timestamp="2019-07-02T20:42:38.325" threadId="00000000022F6088" success="true" from="nursery"/>
<exclusive-end id="7140" timestamp="2019-07-02T20:42:38.325" durationms="1.674" />

<exclusive-start id="7141" timestamp="2019-07-02T20:42:38.328" intervalms="5.362">
  <response-info timems="0.066" idlems="0.066" threads="0" lastid="00000000022F5700" lastname="main" />
</exclusive-start>
<af-start id="7142" threadId="00000000022F6088" totalBytesRequested="224" timestamp="2019-07-02T20:42:38.329" intervalms="5.352" type="nursery" />
<cycle-start id="7143" type="scavenge" contextid="0" timestamp="2019-07-02T20:42:38.329" intervalms="5.338" />
  <attribute name="GC Util" value="9" />
  <attribute name="CPU Util" value="3516886324209" />
  <attribute name="Time Running"value="19424"/>
  <attribute name="Number of cores"value="4"/>
<gc-start id="7144" type="scavenge" contextid="7143" timestamp="2019-07-02T20:42:38.329">
  <mem-info id="7145" free="7444544" total="44826624" percent="16">
    <mem type="nursery" free="0" total="18612224" percent="0">
      <mem type="allocate" free="0" total="16711680" percent="0" />
      <mem type="survivor" free="0" total="1900544" percent="0" />
    </mem>
    <mem type="tenure" free="7444544" total="26214400" percent="28">
      <mem type="soa" free="6133824" total="24903680" percent="24" />
      <mem type="loa" free="1310720" total="1310720" percent="100" />
    </mem>
    <remembered-set count="92" />
  </mem-info>
</gc-start>
<allocation-stats totalBytes="16663176" >
  <allocated-bytes non-tlh="32" tlh="16663144" />
  <largest-consumer threadName="main" threadId="00000000022F5700" bytes="16663176" />
</allocation-stats>
<gc-op id="7146" type="scavenge" timems="0.221" contextid="7143" timestamp="2019-07-02T20:42:38.329">
  <scavenger-info tenureage="3" tenuremask="ffe8" tiltratio="89" />
  <memory-copied type="nursery" objects="5" bytes="304" bytesdiscarded="78032" />
</gc-op>
<gc-end id="7147" type="scavenge" contextid="7143" durationms="0.624" usertimems="0.000" systemtimems="0.000" timestamp="2019-07-02T20:42:38.329" activeThreads="4">
  <mem-info id="7148" free="24077888" total="44826624" percent="53">
    <mem type="nursery" free="16633344" total="18612224" percent="89">
      <mem type="allocate" free="16633344" total="16711680" percent="99" />
      <mem type="survivor" free="0" total="1900544" percent="0" />
    </mem>
    <mem type="tenure" free="7444544" total="26214400" percent="28" macro-fragmented="0">
      <mem type="soa" free="6133824" total="24903680" percent="24" />
      <mem type="loa" free="1310720" total="1310720" percent="100" />
    </mem>
    <remembered-set count="92" />
  </mem-info>
</gc-end>
<cycle-end id="7149" type="scavenge" contextid="7143" timestamp="2019-07-02T20:42:38.330">
  <attribute name="GC Util" value="10" />
  <attribute name="CPU Util" value="3485880074121" />
  <attribute name="Time Running"value="19429"/>
  <attribute name="Number of cores"value="4"/>
</cycle-end>
<allocation-satisfied id="7150" threadId="00000000022F5700" bytesRequested="224" />
<af-end id="7151" timestamp="2019-07-02T20:42:38.330" threadId="00000000022F6088" success="true" from="nursery"/>
<exclusive-end id="7152" timestamp="2019-07-02T20:42:38.330" durationms="1.514" />

<exclusive-start id="7153" timestamp="2019-07-02T20:42:38.334" intervalms="5.130">
  <response-info timems="0.037" idlems="0.037" threads="0" lastid="00000000022F5700" lastname="main" />
</exclusive-start>
<af-start id="7154" threadId="00000000022F6088" totalBytesRequested="32" timestamp="2019-07-02T20:42:38.334" intervalms="5.121" type="nursery" />
<cycle-start id="7155" type="scavenge" contextid="0" timestamp="2019-07-02T20:42:38.334" intervalms="5.117" />
  <attribute name="GC Util" value="10" />
  <attribute name="CPU Util" value="3485880074121" />
  <attribute name="Time Running"value="19429"/>
  <attribute name="Number of cores"value="4"/>
<gc-start id="7156" type="scavenge" contextid="7155" timestamp="2019-07-02T20:42:38.334">
  <mem-info id="7157" free="7444544" total="44826624" percent="16">
    <mem type="nursery" free="0" total="18612224" percent="0">
      <mem type="allocate" free="0" total="16711680" percent="0" />
      <mem type="survivor" free="0" total="1900544" percent="0" />
    </mem>
    <mem type="tenure" free="7444544" total="26214400" percent="28">
      <mem type="soa" free="6133824" total="24903680" percent="24" />
      <mem type="loa" free="1310720" total="1310720" percent="100" />
    </mem>
    <remembered-set count="92" />
  </mem-info>
</gc-start>
<allocation-stats totalBytes="16624784" >
  <allocated-bytes non-tlh="224" tlh="16624560" />
  <largest-consumer threadName="main" threadId="00000000022F5700" bytes="16624784" />
</allocation-stats>
<gc-op id="7158" type="scavenge" timems="0.211" contextid="7155" timestamp="2019-07-02T20:42:38.334">
  <scavenger-info tenureage="3" tenuremask="fff8" tiltratio="89" />
  <memory-copied type="nursery" objects="7" bytes="544" bytesdiscarded="77792" />
</gc-op>
<gc-end id="7159" type="scavenge" contextid="7155" durationms="0.563" usertimems="0.000" systemtimems="0.000" timestamp="2019-07-02T20:42:38.335" activeThreads="4">
  <mem-info id="7160" free="24077888" total="44826624" percent="53">
    <mem type="nursery" free="16633344" total="18612224" percent="89">
      <mem type="allocate" free="16633344" total="16711680" percent="99" />
      <mem type="survivor" free="0" total="1900544" percent="0" />
    </mem>
    <mem type="tenure" free="7444544" total="26214400" percent="28" macro-fragmented="0">
      <mem type="soa" free="6133824" total="24903680" percent="24" />
      <mem type="loa" free="1310720" total="1310720" percent="100" />
    </mem>
    <remembered-set count="92" />
  </mem-info>
</gc-end>
<cycle-end id="7161" type="scavenge" contextid="7155" timestamp="2019-07-02T20:42:38.335">
  <attribute name="GC Util" value="10" />
  <attribute name="CPU Util" value="3599004434004" />
  <attribute name="Time Running"value="19434"/>
  <attribute name="Number of cores"value="4"/>
</cycle-end>
<allocation-satisfied id="7162" threadId="00000000022F5700" bytesRequested="32" />
<af-end id="7163" timestamp="2019-07-02T20:42:38.335" threadId="00000000022F6088" success="true" from="nursery"/>
<exclusive-end id="7164" timestamp="2019-07-02T20:42:38.335" durationms="1.567" />

<exclusive-start id="7165" timestamp="2019-07-02T20:42:38.339" intervalms="5.197">
  <response-info timems="0.035" idlems="0.035" threads="0" lastid="00000000022F5700" lastname="main" />
</exclusive-start>
<af-start id="7166" threadId="00000000022F6088" totalBytesRequested="240" timestamp="2019-07-02T20:42:38.339" intervalms="5.195" type="nursery" />
<cycle-start id="7167" type="scavenge" contextid="0" timestamp="2019-07-02T20:42:38.339" intervalms="5.196" />
  <attribute name="GC Util" value="10" />
  <attribute name="CPU Util" value="3599004434004" />
  <attribute name="Time Running"value="19434"/>
  <attribute name="Number of cores"value="4"/>
<gc-start id="7168" type="scavenge" contextid="7167" timestamp="2019-07-02T20:42:38.339">
  <mem-info id="7169" free="7444544" total="44826624" percent="16">
    <mem type="nursery" free="0" total="18612224" percent="0">
      <mem type="allocate" free="0" total="16711680" percent="0" />
      <mem type="survivor" free="0" total="1900544" percent="0" />
    </mem>
    <mem type="tenure" free="7444544" total="26214400" percent="28">
      <mem type="soa" free="6133824" total="24903680" percent="24" />
      <mem type="loa" free="1310720" total="1310720" percent="100" />
    </mem>
    <remembered-set count="92" />
  </mem-info>
</gc-start>
<allocation-stats totalBytes="16624888" >
  <allocated-bytes non-tlh="32" tlh="16624856" />
  <largest-consumer threadName="main" threadId="00000000022F5700" bytes="16624888" />
</allocation-stats>
<gc-op id="7170" type="scavenge" timems="0.194" contextid="7167" timestamp="2019-07-02T20:42:38.340">
  <scavenger-info tenureage="3" tenuremask="fff8" tiltratio="89" />
  <memory-copied type="nursery" objects="5" bytes="320" bytesdiscarded="78016" />
</gc-op>
<gc-end id="7171" type="scavenge" contextid="7167" durationms="0.653" usertimems="0.000" systemtimems="0.000" timestamp="2019-07-02T20:42:38.340" activeThreads="4">
  <mem-info id="7172" free="24077888" total="44826624" percent="53">
    <mem type="nursery" free="16633344" total="18612224" percent="89">
      <mem type="allocate" free="16633344" total="16711680" percent="99" />
      <mem type="survivor" free="0" total="1900544" percent="0" />
    </mem>
    <mem type="tenure" free="7444544" total="26214400" percent="28" macro-fragmented="0">
      <mem type="soa" free="6133824" total="24903680" percent="24" />
      <mem type="loa" free="1310720" total="1310720" percent="100" />
    </mem>
    <remembered-set count="92" />
  </mem-info>
</gc-end>
<cycle-end id="7173" type="scavenge" contextid="7167" timestamp="2019-07-02T20:42:38.340">
  <attribute name="GC Util" value="9" />
  <attribute name="CPU Util" value="3500141645374" />
  <attribute name="Time Running"value="19440"/>
  <attribute name="Number of cores"value="4"/>
</cycle-end>
<allocation-satisfied id="7174" threadId="00000000022F5700" bytesRequested="240" />
<af-end id="7175" timestamp="2019-07-02T20:42:38.340" threadId="00000000022F6088" success="true" from="nursery"/>
<exclusive-end id="7176" timestamp="2019-07-02T20:42:38.340" durationms="1.536" />

<exclusive-start id="7177" timestamp="2019-07-02T20:42:38.344" intervalms="5.147">
  <response-info timems="0.080" idlems="0.080" threads="0" lastid="00000000022F5700" lastname="main" />
</exclusive-start>
<af-start id="7178" threadId="00000000022F6088" totalBytesRequested="32" timestamp="2019-07-02T20:42:38.344" intervalms="5.163" type="nursery" />
<cycle-start id="7179" type="scavenge" contextid="0" timestamp="2019-07-02T20:42:38.344" intervalms="5.163" />
  <attribute name="GC Util" value="9" />
  <attribute name="CPU Util" value="3500141645374" />
  <attribute name="Time Running"value="19440"/>
  <attribute name="Number of cores"value="4"/>
<gc-start id="7180" type="scavenge" contextid="7179" timestamp="2019-07-02T20:42:38.344">
  <mem-info id="7181" free="7444544" total="44826624" percent="16">
    <mem type="nursery" free="0" total="18612224" percent="0">
      <mem type="allocate" free="0" total="16711680" percent="0" />
      <mem type="survivor" free="0" total="1900544" percent="0" />
    </mem>
    <mem type="tenure" free="7444544" total="26214400" percent="28">
      <mem type="soa" free="6133824" total="24903680" percent="24" />
      <mem type="loa" free="1310720" total="1310720" percent="100" />
    </mem>
    <remembered-set count="92" />
  </mem-info>
</gc-start>
<allocation-stats totalBytes="16624200" >
  <allocated-bytes non-tlh="240" tlh="16623960" />
  <largest-consumer threadName="main" threadId="00000000022F5700" bytes="16624200" />
</allocation-stats>
<gc-op id="7182" type="scavenge" timems="0.211" contextid="7179" timestamp="2019-07-02T20:42:38.345">
  <scavenger-info tenureage="3" tenuremask="fff8" tiltratio="89" />
  <memory-copied type="nursery" objects="7" bytes="544" bytesdiscarded="77792" />
</gc-op>
<gc-end id="7183" type="scavenge" contextid="7179" durationms="0.625" usertimems="0.000" systemtimems="0.000" timestamp="2019-07-02T20:42:38.345" activeThreads="4">
  <mem-info id="7184" free="24077888" total="44826624" percent="53">
    <mem type="nursery" free="16633344" total="18612224" percent="89">
      <mem type="allocate" free="16633344" total="16711680" percent="99" />
      <mem type="survivor" free="0" total="1900544" percent="0" />
    </mem>
    <mem type="tenure" free="7444544" total="26214400" percent="28" macro-fragmented="0">
      <mem type="soa" free="6133824" total="24903680" percent="24" />
      <mem type="loa" free="1310720" total="1310720" percent="100" />
    </mem>
    <remembered-set count="92" />
  </mem-info>
</gc-end>
<cycle-end id="7185" type="scavenge" contextid="7179" timestamp="2019-07-02T20:42:38.345">
  <attribute name="GC Util" value="9" />
  <attribute name="CPU Util" value="3598923685535" />
  <attribute name="Time Running"value="19445"/>
  <attribute name="Number of cores"value="4"/>
</cycle-end>
<allocation-satisfied id="7186" threadId="00000000022F5700" bytesRequested="32" />
<af-end id="7187" timestamp="2019-07-02T20:42:38.345" threadId="00000000022F6088" success="true" from="nursery"/>
<exclusive-end id="7188" timestamp="2019-07-02T20:42:38.345" durationms="1.551" />

<exclusive-start id="7189" timestamp="2019-07-02T20:42:38.349" intervalms="5.151">
  <response-info timems="0.039" idlems="0.039" threads="0" lastid="00000000022F5700" lastname="main" />
</exclusive-start>
<af-start id="7190" threadId="00000000022F6088" totalBytesRequested="240" timestamp="2019-07-02T20:42:38.349" intervalms="5.098" type="nursery" />
<cycle-start id="7191" type="scavenge" contextid="0" timestamp="2019-07-02T20:42:38.349" intervalms="5.062" />
  <attribute name="GC Util" value="9" />
  <attribute name="CPU Util" value="3598923685535" />
  <attribute name="Time Running"value="19445"/>
  <attribute name="Number of cores"value="4"/>
<gc-start id="7192" type="scavenge" contextid="7191" timestamp="2019-07-02T20:42:38.349">
  <mem-info id="7193" free="7444544" total="44826624" percent="16">
    <mem type="nursery" free="0" total="18612224" percent="0">
      <mem type="allocate" free="0" total="16711680" percent="0" />
      <mem type="survivor" free="0" total="1900544" percent="0" />
    </mem>
    <mem type="tenure" free="7444544" total="26214400" percent="28">
      <mem type="soa" free="6133824" total="24903680" percent="24" />
      <mem type="loa" free="1310720" total="1310720" percent="100" />
    </mem>
    <remembered-set count="92" />
  </mem-info>
</gc-start>
<allocation-stats totalBytes="16624888" >
  <allocated-bytes non-tlh="32" tlh="16624856" />
  <largest-consumer threadName="main" threadId="00000000022F5700" bytes="16624888" />
</allocation-stats>
<gc-op id="7194" type="scavenge" timems="0.184" contextid="7191" timestamp="2019-07-02T20:42:38.350">
  <scavenger-info tenureage="3" tenuremask="fff8" tiltratio="89" />
  <memory-copied type="nursery" objects="5" bytes="320" bytesdiscarded="38848" />
</gc-op>
<gc-end id="7195" type="scavenge" contextid="7191" durationms="0.562" usertimems="4.000" systemtimems="0.000" timestamp="2019-07-02T20:42:38.350" activeThreads="4">
  <mem-info id="7196" free="24117056" total="44826624" percent="53">
    <mem type="nursery" free="16672512" total="18612224" percent="89">
      <mem type="allocate" free="16672512" total="16711680" percent="99" />
      <mem type="survivor" free="0" total="1900544" percent="0" />
    </mem>
    <mem type="tenure" free="7444544" total="26214400" percent="28" macro-fragmented="0">
      <mem type="soa" free="6133824" total="24903680" percent="24" />
      <mem type="loa" free="1310720" total="1310720" percent="100" />
    </mem>
    <remembered-set count="92" />
  </mem-info>
</gc-end>
<cycle-end id="7197" type="scavenge" contextid="7191" timestamp="2019-07-02T20:42:38.350">
  <attribute name="GC Util" value="10" />
  <attribute name="CPU Util" value="3656930841950" />
  <attribute name="Time Running"value="19450"/>
  <attribute name="Number of cores"value="4"/>
</cycle-end>
<allocation-satisfied id="7198" threadId="00000000022F5700" bytesRequested="240" />
<af-end id="7199" timestamp="2019-07-02T20:42:38.350" threadId="00000000022F6088" success="true" from="nursery"/>
<exclusive-end id="7200" timestamp="2019-07-02T20:42:38.350" durationms="1.440" />

<exclusive-start id="7201" timestamp="2019-07-02T20:42:38.354" intervalms="5.012">
  <response-info timems="0.031" idlems="0.031" threads="0" lastid="00000000022F5700" lastname="main" />
</exclusive-start>
<af-start id="7202" threadId="00000000022F6088" totalBytesRequested="32" timestamp="2019-07-02T20:42:38.354" intervalms="5.036" type="nursery" />
<cycle-start id="7203" type="scavenge" contextid="0" timestamp="2019-07-02T20:42:38.354" intervalms="5.074" />
  <attribute name="GC Util" value="10" />
  <attribute name="CPU Util" value="3656930841950" />
  <attribute name="Time Running"value="19450"/>
  <attribute name="Number of cores"value="4"/>
<gc-start id="7204" type="scavenge" contextid="7203" timestamp="2019-07-02T20:42:38.354">
  <mem-info id="7205" free="7444544" total="44826624" percent="16">
    <mem type="nursery" free="0" total="18612224" percent="0">
      <mem type="allocate" free="0" total="16711680" percent="0" />
      <mem type="survivor" free="0" total="1900544" percent="0" />
    </mem>
    <mem type="tenure" free="7444544" total="26214400" percent="28">
      <mem type="soa" free="6133824" total="24903680" percent="24" />
      <mem type="loa" free="1310720" total="1310720" percent="100" />
    </mem>
    <remembered-set count="92" />
  </mem-info>
</gc-start>
<allocation-stats totalBytes="16663368" >
  <allocated-bytes non-tlh="240" tlh="16663128" />
  <largest-consumer threadName="main" threadId="00000000022F5700" bytes="16663368" />
</allocation-stats>
<gc-op id="7206" type="scavenge" timems="0.166" contextid="7203" timestamp="2019-07-02T20:42:38.355">
  <scavenger-info tenureage="3" tenuremask="fff8" tiltratio="89" />
  <memory-copied type="nursery" objects="7" bytes="208" bytesdiscarded="38960" />
</gc-op>
<gc-end id="7207" type="scavenge" contextid="7203" durationms="0.511" usertimems="0.000" systemtimems="0.000" timestamp="2019-07-02T20:42:38.355" activeThreads="4">
  <mem-info id="7208" free="24117056" total="44826624" percent="53">
    <mem type="nursery" free="16672512" total="18612224" percent="89">
      <mem type="allocate" free="16672512" total="16711680" percent="99" />
      <mem type="survivor" free="0" total="1900544" percent="0" />
    </mem>
    <mem type="tenure" free="7444544" total="26214400" percent="28" macro-fragmented="0">
      <mem type="soa" free="6133824" total="24903680" percent="24" />
      <mem type="loa" free="1310720" total="1310720" percent="100" />
    </mem>
    <remembered-set count="92" />
  </mem-info>
</gc-end>
<cycle-end id="7209" type="scavenge" contextid="7203" timestamp="2019-07-02T20:42:38.355">
  <attribute name="GC Util" value="9" />
  <attribute name="CPU Util" value="3662673550996" />
  <attribute name="Time Running"value="19455"/>
  <attribute name="Number of cores"value="4"/>
</cycle-end>
<allocation-satisfied id="7210" threadId="00000000022F5700" bytesRequested="32" />
<af-end id="7211" timestamp="2019-07-02T20:42:38.355" threadId="00000000022F6088" success="true" from="nursery"/>
<exclusive-end id="7212" timestamp="2019-07-02T20:42:38.355" durationms="1.322" />

<exclusive-start id="7213" timestamp="2019-07-02T20:42:38.359" intervalms="4.920">
  <response-info timems="0.031" idlems="0.031" threads="0" lastid="00000000022F5700" lastname="main" />
</exclusive-start>
<af-start id="7214" threadId="00000000022F6088" totalBytesRequested="224" timestamp="2019-07-02T20:42:38.359" intervalms="4.923" type="nursery" />
<cycle-start id="7215" type="scavenge" contextid="0" timestamp="2019-07-02T20:42:38.359" intervalms="4.918" />
  <attribute name="GC Util" value="9" />
  <attribute name="CPU Util" value="3662673550996" />
  <attribute name="Time Running"value="19455"/>
  <attribute name="Number of cores"value="4"/>
<gc-start id="7216" type="scavenge" contextid="7215" timestamp="2019-07-02T20:42:38.359">
  <mem-info id="7217" free="7444544" total="44826624" percent="16">
    <mem type="nursery" free="0" total="18612224" percent="0">
      <mem type="allocate" free="0" total="16711680" percent="0" />
      <mem type="survivor" free="0" total="1900544" percent="0" />
    </mem>
    <mem type="tenure" free="7444544" total="26214400" percent="28">
      <mem type="soa" free="6133824" total="24903680" percent="24" />
      <mem type="loa" free="1310720" total="1310720" percent="100" />
    </mem>
    <remembered-set count="92" />
  </mem-info>
</gc-start>
<allocation-stats totalBytes="16663872" >
  <allocated-bytes non-tlh="32" tlh="16663840" />
  <largest-consumer threadName="main" threadId="00000000022F5700" bytes="16663872" />
</allocation-stats>
<gc-op id="7218" type="scavenge" timems="0.176" contextid="7215" timestamp="2019-07-02T20:42:38.360">
  <scavenger-info tenureage="3" tenuremask="fff8" tiltratio="89" />
  <memory-copied type="nursery" objects="5" bytes="304" bytesdiscarded="78032" />
</gc-op>
<gc-end id="7219" type="scavenge" contextid="7215" durationms="0.577" usertimems="0.000" systemtimems="0.000" timestamp="2019-07-02T20:42:38.360" activeThreads="4">
  <mem-info id="7220" free="24077888" total="44826624" percent="53">
    <mem type="nursery" free="16633344" total="18612224" percent="89">
      <mem type="allocate" free="16633344" total="16711680" percent="99" />
      <mem type="survivor" free="0" total="1900544" percent="0" />
    </mem>
    <mem type="tenure" free="7444544" total="26214400" percent="28" macro-fragmented="0">
      <mem type="soa" free="6133824" total="24903680" percent="24" />
      <mem type="loa" free="1310720" total="1310720" percent="100" />
    </mem>
    <remembered-set count="92" />
  </mem-info>
</gc-end>
<cycle-end id="7221" type="scavenge" contextid="7215" timestamp="2019-07-02T20:42:38.360">
  <attribute name="GC Util" value="9" />
  <attribute name="CPU Util" value="3733503454413" />
  <attribute name="Time Running"value="19460"/>
  <attribute name="Number of cores"value="4"/>
</cycle-end>
<allocation-satisfied id="7222" threadId="00000000022F5700" bytesRequested="224" />
<af-end id="7223" timestamp="2019-07-02T20:42:38.360" threadId="00000000022F6088" success="true" from="nursery"/>
<exclusive-end id="7224" timestamp="2019-07-02T20:42:38.360" durationms="1.416" />

<exclusive-start id="7225" timestamp="2019-07-02T20:42:38.364" intervalms="5.001">
  <response-info timems="0.042" idlems="0.042" threads="0" lastid="00000000022F5700" lastname="main" />
</exclusive-start>
<af-start id="7226" threadId="00000000022F6088" totalBytesRequested="32" timestamp="2019-07-02T20:42:38.364" intervalms="5.013" type="nursery" />
<cycle-start id="7227" type="scavenge" contextid="0" timestamp="2019-07-02T20:42:38.364" intervalms="5.017" />
  <attribute name="GC Util" value="9" />
  <attribute name="CPU Util" value="3733503454413" />
  <attribute name="Time Running"value="19460"/>
  <attribute name="Number of cores"value="4"/>
<gc-start id="7228" type="scavenge" contextid="7227" timestamp="2019-07-02T20:42:38.364">
  <mem-info id="7229" free="7444544" total="44826624" percent="16">
    <mem type="nursery" free="0" total="18612224" percent="0">
      <mem type="allocate" free="0" total="16711680" percent="0" />
      <mem type="survivor" free="0" total="1900544" percent="0" />
    </mem>
    <mem type="tenure" free="7444544" total="26214400" percent="28">
      <mem type="soa" free="6133824" total="24903680" percent="24" />
      <mem type="loa" free="1310720" total="1310720" percent="100" />
    </mem>
    <remembered-set count="92" />
  </mem-info>
</gc-start>
<allocation-stats totalBytes="16624784" >
  <allocated-bytes non-tlh="224" tlh="16624560" />
  <largest-consumer threadName="main" threadId="00000000022F5700" bytes="16624784" />
</allocation-stats>
<gc-op id="7230" type="scavenge" timems="0.190" contextid="7227" timestamp="2019-07-02T20:42:38.365">
  <scavenger-info tenureage="3" tenuremask="fff8" tiltratio="89" />
  <memory-copied type="nursery" objects="7" bytes="544" bytesdiscarded="77792" />
</gc-op>
<gc-end id="7231" type="scavenge" contextid="7227" durationms="0.597" usertimems="4.000" systemtimems="0.000" timestamp="2019-07-02T20:42:38.365" activeThreads="4">
  <mem-info id="7232" free="24077888" total="44826624" percent="53">
    <mem type="nursery" free="16633344" total="18612224" percent="89">
      <mem type="allocate" free="16633344" total="16711680" percent="99" />
      <mem type="survivor" free="0" total="1900544" percent="0" />
    </mem>
    <mem type="tenure" free="7444544" total="26214400" percent="28" macro-fragmented="0">
      <mem type="soa" free="6133824" total="24903680" percent="24" />
      <mem type="loa" free="1310720" total="1310720" percent="100" />
    </mem>
    <remembered-set count="92" />
  </mem-info>
</gc-end>
<cycle-end id="7233" type="scavenge" contextid="7227" timestamp="2019-07-02T20:42:38.365">
  <attribute name="GC Util" value="8" />
  <attribute name="CPU Util" value="3664023802532" />
  <attribute name="Time Running"value="19465"/>
  <attribute name="Number of cores"value="4"/>
</cycle-end>
<allocation-satisfied id="7234" threadId="00000000022F5700" bytesRequested="32" />
<af-end id="7235" timestamp="2019-07-02T20:42:38.365" threadId="00000000022F6088" success="true" from="nursery"/>
<exclusive-end id="7236" timestamp="2019-07-02T20:42:38.365" durationms="1.439" />

<exclusive-start id="7237" timestamp="2019-07-02T20:42:38.369" intervalms="4.990">
  <response-info timems="0.031" idlems="0.031" threads="0" lastid="00000000022F5700" lastname="main" />
</exclusive-start>
<af-start id="7238" threadId="00000000022F6088" totalBytesRequested="240" timestamp="2019-07-02T20:42:38.369" intervalms="4.908" type="nursery" />
<cycle-start id="7239" type="scavenge" contextid="0" timestamp="2019-07-02T20:42:38.369" intervalms="4.836" />
  <attribute name="GC Util" value="8" />
  <attribute name="CPU Util" value="3664023802532" />
  <attribute name="Time Running"value="19465"/>
  <attribute name="Number of cores"value="4"/>
<gc-start id="7240" type="scavenge" contextid="7239" timestamp="2019-07-02T20:42:38.369">
  <mem-info id="7241" free="7444544" total="44826624" percent="16">
    <mem type="nursery" free="0" total="18612224" percent="0">
      <mem type="allocate" free="0" total="16711680" percent="0" />
      <mem type="survivor" free="0" total="1900544" percent="0" />
    </mem>
    <mem type="tenure" free="7444544" total="26214400" percent="28">
      <mem type="soa" free="6133824" total="24903680" percent="24" />
      <mem type="loa" free="1310720" total="1310720" percent="100" />
    </mem>
    <remembered-set count="92" />
  </mem-info>
</gc-start>
<allocation-stats totalBytes="16624888" >
  <allocated-bytes non-tlh="32" tlh="16624856" />
  <largest-consumer threadName="main" threadId="00000000022F5700" bytes="16624888" />
</allocation-stats>
<gc-op id="7242" type="scavenge" timems="0.183" contextid="7239" timestamp="2019-07-02T20:42:38.369">
  <scavenger-info tenureage="3" tenuremask="fff8" tiltratio="89" />
  <memory-copied type="nursery" objects="5" bytes="320" bytesdiscarded="78016" />
</gc-op>
<gc-end id="7243" type="scavenge" contextid="7239" durationms="0.557" usertimems="0.000" systemtimems="0.000" timestamp="2019-07-02T20:42:38.370" activeThreads="4">
  <mem-info id="7244" free="24077888" total="44826624" percent="53">
    <mem type="nursery" free="16633344" total="18612224" percent="89">
      <mem type="allocate" free="16633344" total="16711680" percent="99" />
      <mem type="survivor" free="0" total="1900544" percent="0" />
    </mem>
    <mem type="tenure" free="7444544" total="26214400" percent="28" macro-fragmented="0">
      <mem type="soa" free="6133824" total="24903680" percent="24" />
      <mem type="loa" free="1310720" total="1310720" percent="100" />
    </mem>
    <remembered-set count="92" />
  </mem-info>
</gc-end>
<cycle-end id="7245" type="scavenge" contextid="7239" timestamp="2019-07-02T20:42:38.370">
  <attribute name="GC Util" value="10" />
  <attribute name="CPU Util" value="3880438676817" />
  <attribute name="Time Running"value="19469"/>
  <attribute name="Number of cores"value="4"/>
</cycle-end>
<allocation-satisfied id="7246" threadId="00000000022F5700" bytesRequested="240" />
<af-end id="7247" timestamp="2019-07-02T20:42:38.370" threadId="00000000022F6088" success="true" from="nursery"/>
<exclusive-end id="7248" timestamp="2019-07-02T20:42:38.370" durationms="1.229" />

<exclusive-start id="7249" timestamp="2019-07-02T20:42:38.374" intervalms="4.875">
  <response-info timems="0.039" idlems="0.039" threads="0" lastid="00000000022F5700" lastname="main" />
</exclusive-start>
<af-start id="7250" threadId="00000000022F6088" totalBytesRequested="32" timestamp="2019-07-02T20:42:38.374" intervalms="4.965" type="nursery" />
<cycle-start id="7251" type="scavenge" contextid="0" timestamp="2019-07-02T20:42:38.374" intervalms="5.048" />
  <attribute name="GC Util" value="10" />
  <attribute name="CPU Util" value="3880438676817" />
  <attribute name="Time Running"value="19469"/>
  <attribute name="Number of cores"value="4"/>
<gc-start id="7252" type="scavenge" contextid="7251" timestamp="2019-07-02T20:42:38.374">
  <mem-info id="7253" free="7444544" total="44826624" percent="16">
    <mem type="nursery" free="0" total="18612224" percent="0">
      <mem type="allocate" free="0" total="16711680" percent="0" />
      <mem type="survivor" free="0" total="1900544" percent="0" />
    </mem>
    <mem type="tenure" free="7444544" total="26214400" percent="28">
      <mem type="soa" free="6133824" total="24903680" percent="24" />
      <mem type="loa" free="1310720" total="1310720" percent="100" />
    </mem>
    <remembered-set count="92" />
  </mem-info>
</gc-start>
<allocation-stats totalBytes="16624200" >
  <allocated-bytes non-tlh="240" tlh="16623960" />
  <largest-consumer threadName="main" threadId="00000000022F5700" bytes="16624200" />
</allocation-stats>
<gc-op id="7254" type="scavenge" timems="0.202" contextid="7251" timestamp="2019-07-02T20:42:38.375">
  <scavenger-info tenureage="3" tenuremask="fff8" tiltratio="89" />
  <memory-copied type="nursery" objects="7" bytes="544" bytesdiscarded="38624" />
</gc-op>
<gc-end id="7255" type="scavenge" contextid="7251" durationms="0.594" usertimems="0.000" systemtimems="0.000" timestamp="2019-07-02T20:42:38.375" activeThreads="4">
  <mem-info id="7256" free="24117056" total="44826624" percent="53">
    <mem type="nursery" free="16672512" total="18612224" percent="89">
      <mem type="allocate" free="16672512" total="16711680" percent="99" />
      <mem type="survivor" free="0" total="1900544" percent="0" />
    </mem>
    <mem type="tenure" free="7444544" total="26214400" percent="28" macro-fragmented="0">
      <mem type="soa" free="6133824" total="24903680" percent="24" />
      <mem type="loa" free="1310720" total="1310720" percent="100" />
    </mem>
    <remembered-set count="92" />
  </mem-info>
</gc-end>
<cycle-end id="7257" type="scavenge" contextid="7251" timestamp="2019-07-02T20:42:38.375">
  <attribute name="GC Util" value="9" />
  <attribute name="CPU Util" value="3609839206046" />
  <attribute name="Time Running"value="19475"/>
  <attribute name="Number of cores"value="4"/>
</cycle-end>
<allocation-satisfied id="7258" threadId="00000000022F5700" bytesRequested="32" />
<af-end id="7259" timestamp="2019-07-02T20:42:38.375" threadId="00000000022F6088" success="true" from="nursery"/>
<exclusive-end id="7260" timestamp="2019-07-02T20:42:38.375" durationms="1.579" />

<exclusive-start id="7261" timestamp="2019-07-02T20:42:38.379" intervalms="5.505">
  <response-info timems="0.044" idlems="0.044" threads="0" lastid="00000000022F5700" lastname="main" />
</exclusive-start>
<af-start id="7262" threadId="00000000022F6088" totalBytesRequested="40" timestamp="2019-07-02T20:42:38.379" intervalms="5.459" type="nursery" />
<cycle-start id="7263" type="scavenge" contextid="0" timestamp="2019-07-02T20:42:38.380" intervalms="5.460" />
  <attribute name="GC Util" value="9" />
  <attribute name="CPU Util" value="3609839206046" />
  <attribute name="Time Running"value="19475"/>
  <attribute name="Number of cores"value="4"/>
<gc-start id="7264" type="scavenge" contextid="7263" timestamp="2019-07-02T20:42:38.380">
  <mem-info id="7265" free="7444544" total="44826624" percent="16">
    <mem type="nursery" free="0" total="18612224" percent="0">
      <mem type="allocate" free="0" total="16711680" percent="0" />
      <mem type="survivor" free="0" total="1900544" percent="0" />
    </mem>
    <mem type="tenure" free="7444544" total="26214400" percent="28">
      <mem type="soa" free="6133824" total="24903680" percent="24" />
      <mem type="loa" free="1310720" total="1310720" percent="100" />
    </mem>
    <remembered-set count="97" />
  </mem-info>
</gc-start>
<allocation-stats totalBytes="16662720" >
  <allocated-bytes non-tlh="32" tlh="16662688" />
  <largest-consumer threadName="main" threadId="00000000022F5700" bytes="16662720" />
</allocation-stats>
<gc-op id="7266" type="scavenge" timems="0.199" contextid="7263" timestamp="2019-07-02T20:42:38.380">
  <scavenger-info tenureage="3" tenuremask="fff8" tiltratio="89" />
  <memory-copied type="nursery" objects="29" bytes="1408" bytesdiscarded="76928" />
</gc-op>
<gc-end id="7267" type="scavenge" contextid="7263" durationms="0.673" usertimems="0.000" systemtimems="0.000" timestamp="2019-07-02T20:42:38.380" activeThreads="4">
  <mem-info id="7268" free="24077888" total="44826624" percent="53">
    <mem type="nursery" free="16633344" total="18612224" percent="89">
      <mem type="allocate" free="16633344" total="16711680" percent="99" />
      <mem type="survivor" free="0" total="1900544" percent="0" />
    </mem>
    <mem type="tenure" free="7444544" total="26214400" percent="28" macro-fragmented="0">
      <mem type="soa" free="6133824" total="24903680" percent="24" />
      <mem type="loa" free="1310720" total="1310720" percent="100" />
    </mem>
    <remembered-set count="97" />
  </mem-info>
</gc-end>
<cycle-end id="7269" type="scavenge" contextid="7263" timestamp="2019-07-02T20:42:38.381">
  <attribute name="GC Util" value="8" />
  <attribute name="CPU Util" value="3352854330136" />
  <attribute name="Time Running"value="19480"/>
  <attribute name="Number of cores"value="4"/>
</cycle-end>
<allocation-satisfied id="7270" threadId="00000000022F5700" bytesRequested="40" />
<af-end id="7271" timestamp="2019-07-02T20:42:38.381" threadId="00000000022F6088" success="true" from="nursery"/>
<exclusive-end id="7272" timestamp="2019-07-02T20:42:38.381" durationms="1.471" />

<exclusive-start id="7273" timestamp="2019-07-02T20:42:38.385" intervalms="5.290">
  <response-info timems="0.072" idlems="0.072" threads="0" lastid="00000000022F5700" lastname="main" />
</exclusive-start>
<af-start id="7274" threadId="00000000022F6088" totalBytesRequested="128" timestamp="2019-07-02T20:42:38.385" intervalms="5.322" type="nursery" />
<cycle-start id="7275" type="scavenge" contextid="0" timestamp="2019-07-02T20:42:38.385" intervalms="5.311" />
  <attribute name="GC Util" value="8" />
  <attribute name="CPU Util" value="3352854330136" />
  <attribute name="Time Running"value="19480"/>
  <attribute name="Number of cores"value="4"/>
<gc-start id="7276" type="scavenge" contextid="7275" timestamp="2019-07-02T20:42:38.385">
  <mem-info id="7277" free="7444544" total="44826624" percent="16">
    <mem type="nursery" free="0" total="18612224" percent="0">
      <mem type="allocate" free="0" total="16711680" percent="0" />
      <mem type="survivor" free="0" total="1900544" percent="0" />
    </mem>
    <mem type="tenure" free="7444544" total="26214400" percent="28">
      <mem type="soa" free="6133824" total="24903680" percent="24" />
      <mem type="loa" free="1310720" total="1310720" percent="100" />
    </mem>
    <remembered-set count="97" />
  </mem-info>
</gc-start>
<allocation-stats totalBytes="16619952" >
  <allocated-bytes non-tlh="40" tlh="16619912" />
  <largest-consumer threadName="main" threadId="00000000022F5700" bytes="16619952" />
</allocation-stats>
<gc-op id="7278" type="scavenge" timems="0.204" contextid="7275" timestamp="2019-07-02T20:42:38.385">
  <scavenger-info tenureage="11" tenuremask="f800" tiltratio="89" />
  <memory-copied type="nursery" objects="27" bytes="1168" bytesdiscarded="77168" />
</gc-op>
<gc-end id="7279" type="scavenge" contextid="7275" durationms="0.588" usertimems="0.000" systemtimems="0.000" timestamp="2019-07-02T20:42:38.386" activeThreads="4">
  <mem-info id="7280" free="24077888" total="44826624" percent="53">
    <mem type="nursery" free="16633344" total="18612224" percent="89">
      <mem type="allocate" free="16633344" total="16711680" percent="99" />
      <mem type="survivor" free="0" total="1900544" percent="0" />
    </mem>
    <mem type="tenure" free="7444544" total="26214400" percent="28" macro-fragmented="0">
      <mem type="soa" free="6133824" total="24903680" percent="24" />
      <mem type="loa" free="1310720" total="1310720" percent="100" />
    </mem>
    <remembered-set count="92" />
  </mem-info>
</gc-end>
<cycle-end id="7281" type="scavenge" contextid="7275" timestamp="2019-07-02T20:42:38.386">
  <attribute name="GC Util" value="9" />
  <attribute name="CPU Util" value="3480702281019" />
  <attribute name="Time Running"value="19485"/>
  <attribute name="Number of cores"value="4"/>
</cycle-end>
<allocation-satisfied id="7282" threadId="00000000022F5700" bytesRequested="128" />
<af-end id="7283" timestamp="2019-07-02T20:42:38.386" threadId="00000000022F6088" success="true" from="nursery"/>
<exclusive-end id="7284" timestamp="2019-07-02T20:42:38.386" durationms="1.498" />

<exclusive-start id="7285" timestamp="2019-07-02T20:42:38.390" intervalms="5.326">
  <response-info timems="0.063" idlems="0.063" threads="0" lastid="00000000022F5700" lastname="main" />
</exclusive-start>
<af-start id="7286" threadId="00000000022F6088" totalBytesRequested="16" timestamp="2019-07-02T20:42:38.390" intervalms="5.345" type="nursery" />
<cycle-start id="7287" type="scavenge" contextid="0" timestamp="2019-07-02T20:42:38.390" intervalms="5.359" />
  <attribute name="GC Util" value="9" />
  <attribute name="CPU Util" value="3480702281019" />
  <attribute name="Time Running"value="19485"/>
  <attribute name="Number of cores"value="4"/>
<gc-start id="7288" type="scavenge" contextid="7287" timestamp="2019-07-02T20:42:38.390">
  <mem-info id="7289" free="7444544" total="44826624" percent="16">
    <mem type="nursery" free="0" total="18612224" percent="0">
      <mem type="allocate" free="0" total="16711680" percent="0" />
      <mem type="survivor" free="0" total="1900544" percent="0" />
    </mem>
    <mem type="tenure" free="7444544" total="26214400" percent="28">
      <mem type="soa" free="6133824" total="24903680" percent="24" />
      <mem type="loa" free="1310720" total="1310720" percent="100" />
    </mem>
    <remembered-set count="92" />
  </mem-info>
</gc-start>
<allocation-stats totalBytes="16618472" >
  <allocated-bytes non-tlh="128" tlh="16618344" />
  <largest-consumer threadName="main" threadId="00000000022F5700" bytes="16618472" />
</allocation-stats>
<gc-op id="7290" type="scavenge" timems="0.195" contextid="7287" timestamp="2019-07-02T20:42:38.391">
  <scavenger-info tenureage="10" tenuremask="fc00" tiltratio="89" />
  <memory-copied type="nursery" objects="28" bytes="1632" bytesdiscarded="37536" />
</gc-op>
<gc-end id="7291" type="scavenge" contextid="7287" durationms="0.533" usertimems="0.000" systemtimems="0.000" timestamp="2019-07-02T20:42:38.391" activeThreads="4">
  <mem-info id="7292" free="24117056" total="44826624" percent="53">
    <mem type="nursery" free="16672512" total="18612224" percent="89">
      <mem type="allocate" free="16672512" total="16711680" percent="99" />
      <mem type="survivor" free="0" total="1900544" percent="0" />
    </mem>
    <mem type="tenure" free="7444544" total="26214400" percent="28" macro-fragmented="0">
      <mem type="soa" free="6133824" total="24903680" percent="24" />
      <mem type="loa" free="1310720" total="1310720" percent="100" />
    </mem>
    <remembered-set count="92" />
  </mem-info>
</gc-end>
<cycle-end id="7293" type="scavenge" contextid="7287" timestamp="2019-07-02T20:42:38.391">
  <attribute name="GC Util" value="9" />
  <attribute name="CPU Util" value="3467641664726" />
  <attribute name="Time Running"value="19491"/>
  <attribute name="Number of cores"value="4"/>
</cycle-end>
<allocation-satisfied id="7294" threadId="00000000022F5700" bytesRequested="16" />
<af-end id="7295" timestamp="2019-07-02T20:42:38.391" threadId="00000000022F6088" success="true" from="nursery"/>
<exclusive-end id="7296" timestamp="2019-07-02T20:42:38.391" durationms="1.518" />

<exclusive-start id="7297" timestamp="2019-07-02T20:42:38.395" intervalms="5.409">
  <response-info timems="0.029" idlems="0.029" threads="0" lastid="00000000022F5700" lastname="main" />
</exclusive-start>
<af-start id="7298" threadId="00000000022F6088" totalBytesRequested="40" timestamp="2019-07-02T20:42:38.396" intervalms="5.407" type="nursery" />
<cycle-start id="7299" type="scavenge" contextid="0" timestamp="2019-07-02T20:42:38.396" intervalms="5.391" />
  <attribute name="GC Util" value="9" />
  <attribute name="CPU Util" value="3467641664726" />
  <attribute name="Time Running"value="19491"/>
  <attribute name="Number of cores"value="4"/>
<gc-start id="7300" type="scavenge" contextid="7299" timestamp="2019-07-02T20:42:38.396">
  <mem-info id="7301" free="7444544" total="44826624" percent="16">
    <mem type="nursery" free="0" total="18612224" percent="0">
      <mem type="allocate" free="0" total="16711680" percent="0" />
      <mem type="survivor" free="0" total="1900544" percent="0" />
    </mem>
    <mem type="tenure" free="7444544" total="26214400" percent="28">
      <mem type="soa" free="6133824" total="24903680" percent="24" />
      <mem type="loa" free="1310720" total="1310720" percent="100" />
    </mem>
    <remembered-set count="92" />
  </mem-info>
</gc-start>
<allocation-stats totalBytes="16658552" >
  <allocated-bytes non-tlh="16" tlh="16658536" />
  <largest-consumer threadName="main" threadId="00000000022F5700" bytes="16658552" />
</allocation-stats>
<gc-op id="7302" type="scavenge" timems="0.237" contextid="7299" timestamp="2019-07-02T20:42:38.396">
  <scavenger-info tenureage="3" tenuremask="f808" tiltratio="89" />
  <memory-copied type="nursery" objects="7" bytes="232" bytesdiscarded="38936" />
  <memory-copied type="tenure" objects="22" bytes="952" bytesdiscarded="0" />
</gc-op>
<gc-end id="7303" type="scavenge" contextid="7299" durationms="0.627" usertimems="0.000" systemtimems="0.000" timestamp="2019-07-02T20:42:38.396" activeThreads="4">
  <mem-info id="7304" free="24117056" total="44826624" percent="53">
    <mem type="nursery" free="16672512" total="18612224" percent="89">
      <mem type="allocate" free="16672512" total="16711680" percent="99" />
      <mem type="survivor" free="0" total="1900544" percent="0" />
    </mem>
    <mem type="tenure" free="7444544" total="26214400" percent="28" macro-fragmented="0">
      <mem type="soa" free="6133824" total="24903680" percent="24" />
      <mem type="loa" free="1310720" total="1310720" percent="100" />
    </mem>
    <remembered-set count="92" />
  </mem-info>
</gc-end>
<cycle-end id="7305" type="scavenge" contextid="7299" timestamp="2019-07-02T20:42:38.397">
  <attribute name="GC Util" value="8" />
  <attribute name="CPU Util" value="3424114814400" />
  <attribute name="Time Running"value="19496"/>
  <attribute name="Number of cores"value="4"/>
</cycle-end>
<allocation-satisfied id="7306" threadId="00000000022F5700" bytesRequested="40" />
<af-end id="7307" timestamp="2019-07-02T20:42:38.397" threadId="00000000022F6088" success="true" from="nursery"/>
<exclusive-end id="7308" timestamp="2019-07-02T20:42:38.397" durationms="1.595" />

<exclusive-start id="7309" timestamp="2019-07-02T20:42:38.401" intervalms="5.487">
  <response-info timems="0.061" idlems="0.061" threads="0" lastid="00000000022F5700" lastname="main" />
</exclusive-start>
<af-start id="7310" threadId="00000000022F6088" totalBytesRequested="16" timestamp="2019-07-02T20:42:38.401" intervalms="5.469" type="nursery" />
<cycle-start id="7311" type="scavenge" contextid="0" timestamp="2019-07-02T20:42:38.401" intervalms="5.470" />
  <attribute name="GC Util" value="8" />
  <attribute name="CPU Util" value="3424114814400" />
  <attribute name="Time Running"value="19496"/>
  <attribute name="Number of cores"value="4"/>
<gc-start id="7312" type="scavenge" contextid="7311" timestamp="2019-07-02T20:42:38.401">
  <mem-info id="7313" free="7444544" total="44826624" percent="16">
    <mem type="nursery" free="0" total="18612224" percent="0">
      <mem type="allocate" free="0" total="16711680" percent="0" />
      <mem type="survivor" free="0" total="1900544" percent="0" />
    </mem>
    <mem type="tenure" free="7444544" total="26214400" percent="28">
      <mem type="soa" free="6133824" total="24903680" percent="24" />
      <mem type="loa" free="1310720" total="1310720" percent="100" />
    </mem>
    <remembered-set count="92" />
  </mem-info>
</gc-start>
<allocation-stats totalBytes="16657648" >
  <allocated-bytes non-tlh="40" tlh="16657608" />
  <largest-consumer threadName="main" threadId="00000000022F5700" bytes="16657648" />
</allocation-stats>
<gc-op id="7314" type="scavenge" timems="0.200" contextid="7311" timestamp="2019-07-02T20:42:38.402">
  <scavenger-info tenureage="11" tenuremask="f800" tiltratio="89" />
  <memory-copied type="nursery" objects="8" bytes="336" bytesdiscarded="38832" />
</gc-op>
<gc-end id="7315" type="scavenge" contextid="7311" durationms="0.669" usertimems="0.000" systemtimems="0.000" timestamp="2019-07-02T20:42:38.402" activeThreads="4">
  <mem-info id="7316" free="24117056" total="44826624" percent="53">
    <mem type="nursery" free="16672512" total="18612224" percent="89">
      <mem type="allocate" free="16672512" total="16711680" percent="99" />
      <mem type="survivor" free="0" total="1900544" percent="0" />
    </mem>
    <mem type="tenure" free="7444544" total="26214400" percent="28" macro-fragmented="0">
      <mem type="soa" free="6133824" total="24903680" percent="24" />
      <mem type="loa" free="1310720" total="1310720" percent="100" />
    </mem>
    <remembered-set count="92" />
  </mem-info>
</gc-end>
<cycle-end id="7317" type="scavenge" contextid="7311" timestamp="2019-07-02T20:42:38.402">
  <attribute name="GC Util" value="9" />
  <attribute name="CPU Util" value="3349953611916" />
  <attribute name="Time Running"value="19502"/>
  <attribute name="Number of cores"value="4"/>
</cycle-end>
<allocation-satisfied id="7318" threadId="00000000022F5700" bytesRequested="16" />
<af-end id="7319" timestamp="2019-07-02T20:42:38.402" threadId="00000000022F6088" success="true" from="nursery"/>
<exclusive-end id="7320" timestamp="2019-07-02T20:42:38.402" durationms="1.595" />

<exclusive-start id="7321" timestamp="2019-07-02T20:42:38.407" intervalms="6.110">
  <response-info timems="0.055" idlems="0.055" threads="0" lastid="00000000022F5700" lastname="main" />
</exclusive-start>
<af-start id="7322" threadId="00000000022F6088" totalBytesRequested="24" timestamp="2019-07-02T20:42:38.407" intervalms="6.110" type="nursery" />
<cycle-start id="7323" type="scavenge" contextid="0" timestamp="2019-07-02T20:42:38.407" intervalms="6.110" />
  <attribute name="GC Util" value="9" />
  <attribute name="CPU Util" value="3349953611916" />
  <attribute name="Time Running"value="19502"/>
  <attribute name="Number of cores"value="4"/>
<gc-start id="7324" type="scavenge" contextid="7323" timestamp="2019-07-02T20:42:38.407">
  <mem-info id="7325" free="7444544" total="44826624" percent="16">
    <mem type="nursery" free="0" total="18612224" percent="0">
      <mem type="allocate" free="0" total="16711680" percent="0" />
      <mem type="survivor" free="0" total="1900544" percent="0" />
    </mem>
    <mem type="tenure" free="7444544" total="26214400" percent="28">
      <mem type="soa" free="6133824" total="24903680" percent="24" />
      <mem type="loa" free="1310720" total="1310720" percent="100" />
    </mem>
    <remembered-set count="97" />
  </mem-info>
</gc-start>
<allocation-stats totalBytes="16660792" >
  <allocated-bytes non-tlh="16" tlh="16660776" />
  <largest-consumer threadName="main" threadId="00000000022F5700" bytes="16660792" />
</allocation-stats>
<gc-op id="7326" type="scavenge" timems="0.202" contextid="7323" timestamp="2019-07-02T20:42:38.408">
  <scavenger-info tenureage="11" tenuremask="f800" tiltratio="89" />
  <memory-copied type="nursery" objects="48" bytes="2296" bytesdiscarded="76040" />
</gc-op>
<gc-end id="7327" type="scavenge" contextid="7323" durationms="0.610" usertimems="0.000" systemtimems="0.000" timestamp="2019-07-02T20:42:38.408" activeThreads="4">
  <mem-info id="7328" free="24077888" total="44826624" percent="53">
    <mem type="nursery" free="16633344" total="18612224" percent="89">
      <mem type="allocate" free="16633344" total="16711680" percent="99" />
      <mem type="survivor" free="0" total="1900544" percent="0" />
    </mem>
    <mem type="tenure" free="7444544" total="26214400" percent="28" macro-fragmented="0">
      <mem type="soa" free="6133824" total="24903680" percent="24" />
      <mem type="loa" free="1310720" total="1310720" percent="100" />
    </mem>
    <remembered-set count="97" />
  </mem-info>
</gc-end>
<cycle-end id="7329" type="scavenge" contextid="7323" timestamp="2019-07-02T20:42:38.408">
  <attribute name="GC Util" value="7" />
  <attribute name="CPU Util" value="3021458931348" />
  <attribute name="Time Running"value="19508"/>
  <attribute name="Number of cores"value="4"/>
</cycle-end>
<allocation-satisfied id="7330" threadId="00000000022F5700" bytesRequested="24" />
<af-end id="7331" timestamp="2019-07-02T20:42:38.408" threadId="00000000022F6088" success="true" from="nursery"/>
<exclusive-end id="7332" timestamp="2019-07-02T20:42:38.408" durationms="1.481" />

<exclusive-start id="7333" timestamp="2019-07-02T20:42:38.415" intervalms="7.793">
  <response-info timems="0.033" idlems="0.033" threads="0" lastid="00000000022F5700" lastname="main" />
</exclusive-start>
<af-start id="7334" threadId="00000000022F6088" totalBytesRequested="24" timestamp="2019-07-02T20:42:38.415" intervalms="7.789" type="nursery" />
<cycle-start id="7335" type="scavenge" contextid="0" timestamp="2019-07-02T20:42:38.415" intervalms="7.786" />
  <attribute name="GC Util" value="7" />
  <attribute name="CPU Util" value="3021458931348" />
  <attribute name="Time Running"value="19508"/>
  <attribute name="Number of cores"value="4"/>
<gc-start id="7336" type="scavenge" contextid="7335" timestamp="2019-07-02T20:42:38.415">
  <mem-info id="7337" free="7444544" total="44826624" percent="16">
    <mem type="nursery" free="0" total="18612224" percent="0">
      <mem type="allocate" free="0" total="16711680" percent="0" />
      <mem type="survivor" free="0" total="1900544" percent="0" />
    </mem>
    <mem type="tenure" free="7444544" total="26214400" percent="28">
      <mem type="soa" free="6133824" total="24903680" percent="24" />
      <mem type="loa" free="1310720" total="1310720" percent="100" />
    </mem>
    <remembered-set count="97" />
  </mem-info>
</gc-start>
<allocation-stats totalBytes="16629424" >
  <allocated-bytes non-tlh="24" tlh="16629400" />
  <largest-consumer threadName="main" threadId="00000000022F5700" bytes="16629424" />
</allocation-stats>
<gc-op id="7338" type="scavenge" timems="0.177" contextid="7335" timestamp="2019-07-02T20:42:38.416">
  <scavenger-info tenureage="9" tenuremask="fe00" tiltratio="89" />
  <memory-copied type="nursery" objects="46" bytes="2096" bytesdiscarded="37072" />
</gc-op>
<gc-end id="7339" type="scavenge" contextid="7335" durationms="0.699" usertimems="4.000" systemtimems="0.000" timestamp="2019-07-02T20:42:38.416" activeThreads="4">
  <mem-info id="7340" free="24117056" total="44826624" percent="53">
    <mem type="nursery" free="16672512" total="18612224" percent="89">
      <mem type="allocate" free="16672512" total="16711680" percent="99" />
      <mem type="survivor" free="0" total="1900544" percent="0" />
    </mem>
    <mem type="tenure" free="7444544" total="26214400" percent="28" macro-fragmented="0">
      <mem type="soa" free="6133824" total="24903680" percent="24" />
      <mem type="loa" free="1310720" total="1310720" percent="100" />
    </mem>
    <remembered-set count="92" />
  </mem-info>
</gc-end>
<cycle-end id="7341" type="scavenge" contextid="7335" timestamp="2019-07-02T20:42:38.416">
  <attribute name="GC Util" value="6" />
  <attribute name="CPU Util" value="2350607380784" />
  <attribute name="Time Running"value="19516"/>
  <attribute name="Number of cores"value="4"/>
</cycle-end>
<allocation-satisfied id="7342" threadId="00000000022F5700" bytesRequested="24" />
<af-end id="7343" timestamp="2019-07-02T20:42:38.416" threadId="00000000022F6088" success="true" from="nursery"/>
<exclusive-end id="7344" timestamp="2019-07-02T20:42:38.416" durationms="1.552" />

<exclusive-start id="7345" timestamp="2019-07-02T20:42:38.423" intervalms="7.879">
  <response-info timems="0.065" idlems="0.065" threads="0" lastid="00000000022F5700" lastname="main" />
</exclusive-start>
<af-start id="7346" threadId="00000000022F6088" totalBytesRequested="64" timestamp="2019-07-02T20:42:38.423" intervalms="7.875" type="nursery" />
<cycle-start id="7347" type="scavenge" contextid="0" timestamp="2019-07-02T20:42:38.423" intervalms="7.881" />
  <attribute name="GC Util" value="6" />
  <attribute name="CPU Util" value="2350607380784" />
  <attribute name="Time Running"value="19516"/>
  <attribute name="Number of cores"value="4"/>
<gc-start id="7348" type="scavenge" contextid="7347" timestamp="2019-07-02T20:42:38.423">
  <mem-info id="7349" free="7444544" total="44826624" percent="16">
    <mem type="nursery" free="0" total="18612224" percent="0">
      <mem type="allocate" free="0" total="16711680" percent="0" />
      <mem type="survivor" free="0" total="1900544" percent="0" />
    </mem>
    <mem type="tenure" free="7444544" total="26214400" percent="28">
      <mem type="soa" free="6133824" total="24903680" percent="24" />
      <mem type="loa" free="1310720" total="1310720" percent="100" />
    </mem>
    <remembered-set count="92" />
  </mem-info>
</gc-start>
<allocation-stats totalBytes="16668976" >
  <allocated-bytes non-tlh="24" tlh="16668952" />
  <largest-consumer threadName="main" threadId="00000000022F5700" bytes="16668976" />
</allocation-stats>
<gc-op id="7350" type="scavenge" timems="0.171" contextid="7347" timestamp="2019-07-02T20:42:38.423">
  <scavenger-info tenureage="10" tenuremask="fc00" tiltratio="89" />
  <memory-copied type="nursery" objects="38" bytes="1672" bytesdiscarded="37496" />
</gc-op>
<gc-end id="7351" type="scavenge" contextid="7347" durationms="0.625" usertimems="0.000" systemtimems="0.000" timestamp="2019-07-02T20:42:38.424" activeThreads="4">
  <mem-info id="7352" free="24117056" total="44826624" percent="53">
    <mem type="nursery" free="16672512" total="18612224" percent="89">
      <mem type="allocate" free="16672512" total="16711680" percent="99" />
      <mem type="survivor" free="0" total="1900544" percent="0" />
    </mem>
    <mem type="tenure" free="7444544" total="26214400" percent="28" macro-fragmented="0">
      <mem type="soa" free="6133824" total="24903680" percent="24" />
      <mem type="loa" free="1310720" total="1310720" percent="100" />
    </mem>
    <remembered-set count="92" />
  </mem-info>
</gc-end>
<cycle-end id="7353" type="scavenge" contextid="7347" timestamp="2019-07-02T20:42:38.424">
  <attribute name="GC Util" value="6" />
  <attribute name="CPU Util" value="2348958427145" />
  <attribute name="Time Running"value="19523"/>
  <attribute name="Number of cores"value="4"/>
</cycle-end>
<allocation-satisfied id="7354" threadId="00000000022F5700" bytesRequested="64" />
<af-end id="7355" timestamp="2019-07-02T20:42:38.424" threadId="00000000022F6088" success="true" from="nursery"/>
<exclusive-end id="7356" timestamp="2019-07-02T20:42:38.424" durationms="1.483" />

<exclusive-start id="7357" timestamp="2019-07-02T20:42:38.430" intervalms="7.822">
  <response-info timems="0.065" idlems="0.065" threads="0" lastid="00000000022F5700" lastname="main" />
</exclusive-start>
<af-start id="7358" threadId="00000000022F6088" totalBytesRequested="136" timestamp="2019-07-02T20:42:38.431" intervalms="7.839" type="nursery" />
<cycle-start id="7359" type="scavenge" contextid="0" timestamp="2019-07-02T20:42:38.431" intervalms="7.847" />
  <attribute name="GC Util" value="6" />
  <attribute name="CPU Util" value="2348958427145" />
  <attribute name="Time Running"value="19523"/>
  <attribute name="Number of cores"value="4"/>
<gc-start id="7360" type="scavenge" contextid="7359" timestamp="2019-07-02T20:42:38.431">
  <mem-info id="7361" free="7444544" total="44826624" percent="16">
    <mem type="nursery" free="0" total="18612224" percent="0">
      <mem type="allocate" free="0" total="16711680" percent="0" />
      <mem type="survivor" free="0" total="1900544" percent="0" />
    </mem>
    <mem type="tenure" free="7444544" total="26214400" percent="28">
      <mem type="soa" free="6133824" total="24903680" percent="24" />
      <mem type="loa" free="1310720" total="1310720" percent="100" />
    </mem>
    <remembered-set count="92" />
  </mem-info>
</gc-start>
<allocation-stats totalBytes="16668816" >
  <allocated-bytes non-tlh="64" tlh="16668752" />
  <largest-consumer threadName="main" threadId="00000000022F5700" bytes="16668816" />
</allocation-stats>
<gc-op id="7362" type="scavenge" timems="0.223" contextid="7359" timestamp="2019-07-02T20:42:38.431">
  <scavenger-info tenureage="3" tenuremask="fc08" tiltratio="89" />
  <memory-copied type="nursery" objects="22" bytes="1000" bytesdiscarded="38168" />
  <memory-copied type="tenure" objects="22" bytes="976" bytesdiscarded="0" />
</gc-op>
<gc-end id="7363" type="scavenge" contextid="7359" durationms="0.778" usertimems="0.000" systemtimems="0.000" timestamp="2019-07-02T20:42:38.432" activeThreads="4">
  <mem-info id="7364" free="24117056" total="44826624" percent="53">
    <mem type="nursery" free="16672512" total="18612224" percent="89">
      <mem type="allocate" free="16672512" total="16711680" percent="99" />
      <mem type="survivor" free="0" total="1900544" percent="0" />
    </mem>
    <mem type="tenure" free="7444544" total="26214400" percent="28" macro-fragmented="0">
      <mem type="soa" free="6133824" total="24903680" percent="24" />
      <mem type="loa" free="1310720" total="1310720" percent="100" />
    </mem>
    <remembered-set count="92" />
  </mem-info>
</gc-end>
<cycle-end id="7365" type="scavenge" contextid="7359" timestamp="2019-07-02T20:42:38.432">
  <attribute name="GC Util" value="5" />
  <attribute name="CPU Util" value="2328619520067" />
  <attribute name="Time Running"value="19531"/>
  <attribute name="Number of cores"value="4"/>
</cycle-end>
<allocation-satisfied id="7366" threadId="00000000022F5700" bytesRequested="136" />
<af-end id="7367" timestamp="2019-07-02T20:42:38.432" threadId="00000000022F6088" success="true" from="nursery"/>
<exclusive-end id="7368" timestamp="2019-07-02T20:42:38.432" durationms="1.689" />

<exclusive-start id="7369" timestamp="2019-07-02T20:42:38.438" intervalms="8.032">
  <response-info timems="0.047" idlems="0.047" threads="0" lastid="00000000022F5700" lastname="main" />
</exclusive-start>
<af-start id="7370" threadId="00000000022F6088" totalBytesRequested="136" timestamp="2019-07-02T20:42:38.439" intervalms="8.046" type="nursery" />
<cycle-start id="7371" type="scavenge" contextid="0" timestamp="2019-07-02T20:42:38.439" intervalms="8.043" />
  <attribute name="GC Util" value="5" />
  <attribute name="CPU Util" value="2328619520067" />
  <attribute name="Time Running"value="19531"/>
  <attribute name="Number of cores"value="4"/>
<gc-start id="7372" type="scavenge" contextid="7371" timestamp="2019-07-02T20:42:38.439">
  <mem-info id="7373" free="7444544" total="44826624" percent="16">
    <mem type="nursery" free="0" total="18612224" percent="0">
      <mem type="allocate" free="0" total="16711680" percent="0" />
      <mem type="survivor" free="0" total="1900544" percent="0" />
    </mem>
    <mem type="tenure" free="7444544" total="26214400" percent="28">
      <mem type="soa" free="6133824" total="24903680" percent="24" />
      <mem type="loa" free="1310720" total="1310720" percent="100" />
    </mem>
    <remembered-set count="92" />
  </mem-info>
</gc-start>
<allocation-stats totalBytes="16668304" >
  <allocated-bytes non-tlh="136" tlh="16668168" />
  <largest-consumer threadName="main" threadId="00000000022F5700" bytes="16668304" />
</allocation-stats>
<gc-op id="7374" type="scavenge" timems="0.211" contextid="7371" timestamp="2019-07-02T20:42:38.439">
  <scavenger-info tenureage="10" tenuremask="fc00" tiltratio="89" />
  <memory-copied type="nursery" objects="26" bytes="1208" bytesdiscarded="37960" />
</gc-op>
<gc-end id="7375" type="scavenge" contextid="7371" durationms="0.754" usertimems="0.000" systemtimems="0.000" timestamp="2019-07-02T20:42:38.440" activeThreads="4">
  <mem-info id="7376" free="24117056" total="44826624" percent="53">
    <mem type="nursery" free="16672512" total="18612224" percent="89">
      <mem type="allocate" free="16672512" total="16711680" percent="99" />
      <mem type="survivor" free="0" total="1900544" percent="0" />
    </mem>
    <mem type="tenure" free="7444544" total="26214400" percent="28" macro-fragmented="0">
      <mem type="soa" free="6133824" total="24903680" percent="24" />
      <mem type="loa" free="1310720" total="1310720" percent="100" />
    </mem>
    <remembered-set count="92" />
  </mem-info>
</gc-end>
<cycle-end id="7377" type="scavenge" contextid="7371" timestamp="2019-07-02T20:42:38.440">
  <attribute name="GC Util" value="6" />
  <attribute name="CPU Util" value="2297184625580" />
  <attribute name="Time Running"value="19539"/>
  <attribute name="Number of cores"value="4"/>
</cycle-end>
<allocation-satisfied id="7378" threadId="00000000022F5700" bytesRequested="136" />
<af-end id="7379" timestamp="2019-07-02T20:42:38.440" threadId="00000000022F6088" success="true" from="nursery"/>
<exclusive-end id="7380" timestamp="2019-07-02T20:42:38.440" durationms="1.678" />

<exclusive-start id="7381" timestamp="2019-07-02T20:42:38.640" intervalms="201.059">
  <response-info timems="0.035" idlems="0.035" threads="0" lastid="00000000022F5700" lastname="main" />
</exclusive-start>
<af-start id="7382" threadId="00000000022F6088" totalBytesRequested="9416" timestamp="2019-07-02T20:42:38.640" intervalms="201.172" type="nursery" />
<cycle-start id="7383" type="scavenge" contextid="0" timestamp="2019-07-02T20:42:38.640" intervalms="201.217" />
  <attribute name="GC Util" value="6" />
  <attribute name="CPU Util" value="2297184625580" />
  <attribute name="Time Running"value="19539"/>
  <attribute name="Number of cores"value="4"/>
<gc-start id="7384" type="scavenge" contextid="7383" timestamp="2019-07-02T20:42:38.640">
  <mem-info id="7385" free="7444544" total="44826624" percent="16">
    <mem type="nursery" free="0" total="18612224" percent="0">
      <mem type="allocate" free="0" total="16711680" percent="0" />
      <mem type="survivor" free="0" total="1900544" percent="0" />
    </mem>
    <mem type="tenure" free="7444544" total="26214400" percent="28">
      <mem type="soa" free="6133824" total="24903680" percent="24" />
      <mem type="loa" free="1310720" total="1310720" percent="100" />
    </mem>
    <remembered-set count="107" />
  </mem-info>
</gc-start>
<allocation-stats totalBytes="16629480" >
  <allocated-bytes non-tlh="136" tlh="16629344" />
  <largest-consumer threadName="main" threadId="00000000022F5700" bytes="16629480" />
</allocation-stats>
<gc-op id="7386" type="scavenge" timems="0.275" contextid="7383" timestamp="2019-07-02T20:42:38.641">
  <scavenger-info tenureage="11" tenuremask="f800" tiltratio="89" />
  <memory-copied type="nursery" objects="98" bytes="17240" bytesdiscarded="74584" />
</gc-op>
<gc-end id="7387" type="scavenge" contextid="7383" durationms="0.936" usertimems="0.000" systemtimems="0.000" timestamp="2019-07-02T20:42:38.641" activeThreads="4">
  <mem-info id="7388" free="24064400" total="44826624" percent="53">
    <mem type="nursery" free="16619856" total="18612224" percent="89">
      <mem type="allocate" free="16619856" total="16711680" percent="99" />
      <mem type="survivor" free="0" total="1900544" percent="0" />
    </mem>
    <mem type="tenure" free="7444544" total="26214400" percent="28" macro-fragmented="0">
      <mem type="soa" free="6133824" total="24903680" percent="24" />
      <mem type="loa" free="1310720" total="1310720" percent="100" />
    </mem>
    <remembered-set count="107" />
  </mem-info>
</gc-end>
<cycle-end id="7389" type="scavenge" contextid="7383" timestamp="2019-07-02T20:42:38.641">
  <attribute name="GC Util" value="0" />
  <attribute name="CPU Util" value="91628320486" />
  <attribute name="Time Running"value="19741"/>
  <attribute name="Number of cores"value="4"/>
</cycle-end>
<allocation-satisfied id="7390" threadId="00000000022F5700" bytesRequested="9416" />
<af-end id="7391" timestamp="2019-07-02T20:42:38.642" threadId="00000000022F6088" success="true" from="nursery"/>
<exclusive-end id="7392" timestamp="2019-07-02T20:42:38.642" durationms="2.211" />

<exclusive-start id="7393" timestamp="2019-07-02T20:42:38.645" intervalms="5.092">
  <response-info timems="0.035" idlems="0.035" threads="0" lastid="00000000022F5700" lastname="main" />
</exclusive-start>
<af-start id="7394" threadId="00000000022F6088" totalBytesRequested="11968" timestamp="2019-07-02T20:42:38.645" intervalms="5.017" type="nursery" />
<cycle-start id="7395" type="scavenge" contextid="0" timestamp="2019-07-02T20:42:38.645" intervalms="4.990" />
  <attribute name="GC Util" value="0" />
  <attribute name="CPU Util" value="91628320486" />
  <attribute name="Time Running"value="19741"/>
  <attribute name="Number of cores"value="4"/>
<gc-start id="7396" type="scavenge" contextid="7395" timestamp="2019-07-02T20:42:38.645">
  <mem-info id="7397" free="7444544" total="44826624" percent="16">
    <mem type="nursery" free="0" total="18612224" percent="0">
      <mem type="allocate" free="0" total="16711680" percent="0" />
      <mem type="survivor" free="0" total="1900544" percent="0" />
    </mem>
    <mem type="tenure" free="7444544" total="26214400" percent="28">
      <mem type="soa" free="6133824" total="24903680" percent="24" />
      <mem type="loa" free="1310720" total="1310720" percent="100" />
    </mem>
    <remembered-set count="107" />
  </mem-info>
</gc-start>
<allocation-stats totalBytes="15576928" >
  <allocated-bytes non-tlh="21184" tlh="15555744" />
  <largest-consumer threadName="main" threadId="00000000022F5700" bytes="15576928" />
</allocation-stats>
<gc-op id="7398" type="scavenge" timems="0.247" contextid="7395" timestamp="2019-07-02T20:42:38.646">
  <scavenger-info tenureage="3" tenuremask="fff8" tiltratio="89" />
  <memory-copied type="nursery" objects="98" bytes="28976" bytesdiscarded="62848" />
</gc-op>
<gc-end id="7399" type="scavenge" contextid="7395" durationms="0.733" usertimems="0.000" systemtimems="0.000" timestamp="2019-07-02T20:42:38.646" activeThreads="4">
  <mem-info id="7400" free="24064400" total="44826624" percent="53">
    <mem type="nursery" free="16619856" total="18612224" percent="89">
      <mem type="allocate" free="16619856" total="16711680" percent="99" />
      <mem type="survivor" free="0" total="1900544" percent="0" />
    </mem>
    <mem type="tenure" free="7444544" total="26214400" percent="28" macro-fragmented="0">
      <mem type="soa" free="6133824" total="24903680" percent="24" />
      <mem type="loa" free="1310720" total="1310720" percent="100" />
    </mem>
    <remembered-set count="102" />
  </mem-info>
</gc-end>
<cycle-end id="7401" type="scavenge" contextid="7395" timestamp="2019-07-02T20:42:38.646">
  <attribute name="GC Util" value="16" />
  <attribute name="CPU Util" value="3788914659306" />
  <attribute name="Time Running"value="19746"/>
  <attribute name="Number of cores"value="4"/>
</cycle-end>
<allocation-satisfied id="7402" threadId="00000000022F5700" bytesRequested="11968" />
<af-end id="7403" timestamp="2019-07-02T20:42:38.646" threadId="00000000022F6088" success="true" from="nursery"/>
<exclusive-end id="7404" timestamp="2019-07-02T20:42:38.647" durationms="2.038" />

<exclusive-start id="7405" timestamp="2019-07-02T20:42:38.649" intervalms="4.790">
  <response-info timems="0.040" idlems="0.040" threads="0" lastid="00000000022F5700" lastname="main" />
</exclusive-start>
<af-start id="7406" threadId="00000000022F6088" totalBytesRequested="13536" timestamp="2019-07-02T20:42:38.650" intervalms="4.823" type="nursery" />
<cycle-start id="7407" type="scavenge" contextid="0" timestamp="2019-07-02T20:42:38.650" intervalms="4.866" />
  <attribute name="GC Util" value="16" />
  <attribute name="CPU Util" value="3788914659306" />
  <attribute name="Time Running"value="19746"/>
  <attribute name="Number of cores"value="4"/>
<gc-start id="7408" type="scavenge" contextid="7407" timestamp="2019-07-02T20:42:38.650">
  <mem-info id="7409" free="7444544" total="44826624" percent="16">
    <mem type="nursery" free="0" total="18612224" percent="0">
      <mem type="allocate" free="0" total="16711680" percent="0" />
      <mem type="survivor" free="0" total="1900544" percent="0" />
    </mem>
    <mem type="tenure" free="7444544" total="26214400" percent="28">
      <mem type="soa" free="6133824" total="24903680" percent="24" />
      <mem type="loa" free="1310720" total="1310720" percent="100" />
    </mem>
    <remembered-set count="102" />
  </mem-info>
</gc-start>
<allocation-stats totalBytes="15554968" >
  <allocated-bytes non-tlh="11968" tlh="15543000" />
  <largest-consumer threadName="main" threadId="00000000022F5700" bytes="15554968" />
</allocation-stats>
<gc-op id="7410" type="scavenge" timems="0.280" contextid="7407" timestamp="2019-07-02T20:42:38.650">
  <scavenger-info tenureage="3" tenuremask="fff8" tiltratio="89" />
  <memory-copied type="nursery" objects="98" bytes="37288" bytesdiscarded="61280" />
</gc-op>
<gc-end id="7411" type="scavenge" contextid="7407" durationms="0.716" usertimems="0.000" systemtimems="0.000" timestamp="2019-07-02T20:42:38.651" activeThreads="4">
  <mem-info id="7412" free="24057656" total="44826624" percent="53">
    <mem type="nursery" free="16613112" total="18612224" percent="89">
      <mem type="allocate" free="16613112" total="16711680" percent="99" />
      <mem type="survivor" free="0" total="1900544" percent="0" />
    </mem>
    <mem type="tenure" free="7444544" total="26214400" percent="28" macro-fragmented="0">
      <mem type="soa" free="6133824" total="24903680" percent="24" />
      <mem type="loa" free="1310720" total="1310720" percent="100" />
    </mem>
    <remembered-set count="102" />
  </mem-info>
</gc-end>
<cycle-end id="7413" type="scavenge" contextid="7407" timestamp="2019-07-02T20:42:38.651">
  <attribute name="GC Util" value="15" />
  <attribute name="CPU Util" value="3828187992943" />
  <attribute name="Time Running"value="19750"/>
  <attribute name="Number of cores"value="4"/>
</cycle-end>
<allocation-satisfied id="7414" threadId="00000000022F5700" bytesRequested="13536" />
<af-end id="7415" timestamp="2019-07-02T20:42:38.651" threadId="00000000022F6088" success="true" from="nursery"/>
<exclusive-end id="7416" timestamp="2019-07-02T20:42:38.651" durationms="1.999" />

<exclusive-start id="7417" timestamp="2019-07-02T20:42:38.654" intervalms="4.596">
  <response-info timems="0.038" idlems="0.038" threads="0" lastid="00000000022F5700" lastname="main" />
</exclusive-start>
<af-start id="7418" threadId="00000000022F6088" totalBytesRequested="17256" timestamp="2019-07-02T20:42:38.654" intervalms="4.657" type="nursery" />
<cycle-start id="7419" type="scavenge" contextid="0" timestamp="2019-07-02T20:42:38.654" intervalms="4.604" />
  <attribute name="GC Util" value="15" />
  <attribute name="CPU Util" value="3828187992943" />
  <attribute name="Time Running"value="19750"/>
  <attribute name="Number of cores"value="4"/>
<gc-start id="7420" type="scavenge" contextid="7419" timestamp="2019-07-02T20:42:38.655">
  <mem-info id="7421" free="7444544" total="44826624" percent="16">
    <mem type="nursery" free="0" total="18612224" percent="0">
      <mem type="allocate" free="0" total="16711680" percent="0" />
      <mem type="survivor" free="0" total="1900544" percent="0" />
    </mem>
    <mem type="tenure" free="7444544" total="26214400" percent="28">
      <mem type="soa" free="6133824" total="24903680" percent="24" />
      <mem type="loa" free="1310720" total="1310720" percent="100" />
    </mem>
    <remembered-set count="102" />
  </mem-info>
</gc-start>
<allocation-stats totalBytes="15661120" >
  <allocated-bytes non-tlh="13536" tlh="15647584" />
  <largest-consumer threadName="main" threadId="00000000022F5700" bytes="15661120" />
</allocation-stats>
<gc-op id="7422" type="scavenge" timems="0.319" contextid="7419" timestamp="2019-07-02T20:42:38.655">
  <scavenger-info tenureage="3" tenuremask="fff8" tiltratio="89" />
  <memory-copied type="nursery" objects="12" bytes="20528" bytesdiscarded="38872" />
  <memory-copied type="tenure" objects="86" bytes="3456" bytesdiscarded="0" />
</gc-op>
<gc-end id="7423" type="scavenge" contextid="7419" durationms="0.804" usertimems="4.000" systemtimems="0.000" timestamp="2019-07-02T20:42:38.655" activeThreads="4">
  <mem-info id="7424" free="24096824" total="44826624" percent="53">
    <mem type="nursery" free="16652280" total="18612224" percent="89">
      <mem type="allocate" free="16652280" total="16711680" percent="99" />
      <mem type="survivor" free="0" total="1900544" percent="0" />
    </mem>
    <mem type="tenure" free="7444544" total="26214400" percent="28" macro-fragmented="0">
      <mem type="soa" free="6133824" total="24903680" percent="24" />
      <mem type="loa" free="1310720" total="1310720" percent="100" />
    </mem>
    <remembered-set count="92" />
  </mem-info>
</gc-end>
<cycle-end id="7425" type="scavenge" contextid="7419" timestamp="2019-07-02T20:42:38.656">
  <attribute name="GC Util" value="17" />
  <attribute name="CPU Util" value="3956526721322" />
  <attribute name="Time Running"value="19755"/>
  <attribute name="Number of cores"value="4"/>
</cycle-end>
<allocation-satisfied id="7426" threadId="00000000022F5700" bytesRequested="17256" />
<af-end id="7427" timestamp="2019-07-02T20:42:38.656" threadId="00000000022F6088" success="true" from="nursery"/>
<exclusive-end id="7428" timestamp="2019-07-02T20:42:38.656" durationms="1.995" />

<exclusive-start id="7429" timestamp="2019-07-02T20:42:38.659" intervalms="4.566">
  <response-info timems="0.037" idlems="0.037" threads="0" lastid="00000000022F5700" lastname="main" />
</exclusive-start>
<af-start id="7430" threadId="00000000022F6088" totalBytesRequested="19608" timestamp="2019-07-02T20:42:38.659" intervalms="4.460" type="nursery" />
<cycle-start id="7431" type="scavenge" contextid="0" timestamp="2019-07-02T20:42:38.659" intervalms="4.456" />
  <attribute name="GC Util" value="17" />
  <attribute name="CPU Util" value="3956526721322" />
  <attribute name="Time Running"value="19755"/>
  <attribute name="Number of cores"value="4"/>
<gc-start id="7432" type="scavenge" contextid="7431" timestamp="2019-07-02T20:42:38.659">
  <mem-info id="7433" free="7444544" total="44826624" percent="16">
    <mem type="nursery" free="0" total="18612224" percent="0">
      <mem type="allocate" free="0" total="16711680" percent="0" />
      <mem type="survivor" free="0" total="1900544" percent="0" />
    </mem>
    <mem type="tenure" free="7444544" total="26214400" percent="28">
      <mem type="soa" free="6133824" total="24903680" percent="24" />
      <mem type="loa" free="1310720" total="1310720" percent="100" />
    </mem>
    <remembered-set count="92" />
  </mem-info>
</gc-start>
<allocation-stats totalBytes="15623136" >
  <allocated-bytes non-tlh="17256" tlh="15605880" />
  <largest-consumer threadName="main" threadId="00000000022F5700" bytes="15623136" />
</allocation-stats>
<gc-op id="7434" type="scavenge" timems="0.244" contextid="7431" timestamp="2019-07-02T20:42:38.659">
  <scavenger-info tenureage="3" tenuremask="ffe8" tiltratio="89" />
  <memory-copied type="nursery" objects="12" bytes="20528" bytesdiscarded="78040" />
</gc-op>
<gc-end id="7435" type="scavenge" contextid="7431" durationms="0.628" usertimems="0.000" systemtimems="0.000" timestamp="2019-07-02T20:42:38.660" activeThreads="4">
  <mem-info id="7436" free="24057656" total="44826624" percent="53">
    <mem type="nursery" free="16613112" total="18612224" percent="89">
      <mem type="allocate" free="16613112" total="16711680" percent="99" />
      <mem type="survivor" free="0" total="1900544" percent="0" />
    </mem>
    <mem type="tenure" free="7444544" total="26214400" percent="28" macro-fragmented="0">
      <mem type="soa" free="6133824" total="24903680" percent="24" />
      <mem type="loa" free="1310720" total="1310720" percent="100" />
    </mem>
    <remembered-set count="92" />
  </mem-info>
</gc-end>
<cycle-end id="7437" type="scavenge" contextid="7431" timestamp="2019-07-02T20:42:38.660">
  <attribute name="GC Util" value="17" />
  <attribute name="CPU Util" value="4206806151344" />
  <attribute name="Time Running"value="19759"/>
  <attribute name="Number of cores"value="4"/>
</cycle-end>
<allocation-satisfied id="7438" threadId="00000000022F5700" bytesRequested="19608" />
<af-end id="7439" timestamp="2019-07-02T20:42:38.660" threadId="00000000022F6088" success="true" from="nursery"/>
<exclusive-end id="7440" timestamp="2019-07-02T20:42:38.660" durationms="1.663" />

<exclusive-start id="7441" timestamp="2019-07-02T20:42:38.788" intervalms="129.825">
  <response-info timems="0.038" idlems="0.038" threads="0" lastid="00000000022F5700" lastname="main" />
</exclusive-start>
<af-start id="7442" threadId="00000000022F6088" totalBytesRequested="16" timestamp="2019-07-02T20:42:38.789" intervalms="129.853" type="nursery" />
<cycle-start id="7443" type="scavenge" contextid="0" timestamp="2019-07-02T20:42:38.789" intervalms="129.863" />
  <attribute name="GC Util" value="17" />
  <attribute name="CPU Util" value="4206806151344" />
  <attribute name="Time Running"value="19759"/>
  <attribute name="Number of cores"value="4"/>
<gc-start id="7444" type="scavenge" contextid="7443" timestamp="2019-07-02T20:42:38.789">
  <mem-info id="7445" free="7444544" total="44826624" percent="16">
    <mem type="nursery" free="0" total="18612224" percent="0">
      <mem type="allocate" free="0" total="16711680" percent="0" />
      <mem type="survivor" free="0" total="1900544" percent="0" />
    </mem>
    <mem type="tenure" free="7444544" total="26214400" percent="28">
      <mem type="soa" free="6133824" total="24903680" percent="24" />
      <mem type="loa" free="1310720" total="1310720" percent="100" />
    </mem>
    <remembered-set count="107" />
  </mem-info>
</gc-start>
<allocation-stats totalBytes="16611424" >
  <allocated-bytes non-tlh="19608" tlh="16591816" />
  <largest-consumer threadName="main" threadId="00000000022F5700" bytes="16611424" />
</allocation-stats>
<gc-op id="7446" type="scavenge" timems="0.289" contextid="7443" timestamp="2019-07-02T20:42:38.789">
  <scavenger-info tenureage="3" tenuremask="fff8" tiltratio="89" />
  <memory-copied type="nursery" objects="53" bytes="41368" bytesdiscarded="17408" />
</gc-op>
<gc-end id="7447" type="scavenge" contextid="7443" durationms="0.816" usertimems="0.000" systemtimems="0.000" timestamp="2019-07-02T20:42:38.790" activeThreads="4">
  <mem-info id="7448" free="24097448" total="44826624" percent="53">
    <mem type="nursery" free="16652904" total="18612224" percent="89">
      <mem type="allocate" free="16652904" total="16711680" percent="99" />
      <mem type="survivor" free="0" total="1900544" percent="0" />
    </mem>
    <mem type="tenure" free="7444544" total="26214400" percent="28" macro-fragmented="0">
      <mem type="soa" free="6133824" total="24903680" percent="24" />
      <mem type="loa" free="1310720" total="1310720" percent="100" />
    </mem>
    <remembered-set count="107" />
  </mem-info>
</gc-end>
<cycle-end id="7449" type="scavenge" contextid="7443" timestamp="2019-07-02T20:42:38.790">
  <attribute name="GC Util" value="0" />
  <attribute name="CPU Util" value="141943206111" />
  <attribute name="Time Running"value="19889"/>
  <attribute name="Number of cores"value="4"/>
</cycle-end>
<allocation-satisfied id="7450" threadId="00000000022F5700" bytesRequested="16" />
<af-end id="7451" timestamp="2019-07-02T20:42:38.790" threadId="00000000022F6088" success="true" from="nursery"/>
<exclusive-end id="7452" timestamp="2019-07-02T20:42:38.790" durationms="1.983" />

<exclusive-start id="7453" timestamp="2019-07-02T20:42:38.802" intervalms="13.835">
  <response-info timems="0.040" idlems="0.040" threads="0" lastid="00000000022F5700" lastname="main" />
</exclusive-start>
<af-start id="7454" threadId="00000000022F6088" totalBytesRequested="80" timestamp="2019-07-02T20:42:38.802" intervalms="13.801" type="nursery" />
<cycle-start id="7455" type="scavenge" contextid="0" timestamp="2019-07-02T20:42:38.803" intervalms="13.787" />
  <attribute name="GC Util" value="0" />
  <attribute name="CPU Util" value="141943206111" />
  <attribute name="Time Running"value="19889"/>
  <attribute name="Number of cores"value="4"/>
<gc-start id="7456" type="scavenge" contextid="7455" timestamp="2019-07-02T20:42:38.803">
  <mem-info id="7457" free="7444544" total="44826624" percent="16">
    <mem type="nursery" free="0" total="18612224" percent="0">
      <mem type="allocate" free="0" total="16711680" percent="0" />
      <mem type="survivor" free="0" total="1900544" percent="0" />
    </mem>
    <mem type="tenure" free="7444544" total="26214400" percent="28">
      <mem type="soa" free="6133824" total="24903680" percent="24" />
      <mem type="loa" free="1310720" total="1310720" percent="100" />
    </mem>
    <remembered-set count="107" />
  </mem-info>
</gc-start>
<allocation-stats totalBytes="16650296" >
  <allocated-bytes non-tlh="16" tlh="16650280" />
  <largest-consumer threadName="main" threadId="00000000022F5700" bytes="16650296" />
</allocation-stats>
<gc-op id="7458" type="scavenge" timems="0.211" contextid="7455" timestamp="2019-07-02T20:42:38.803">
  <scavenger-info tenureage="3" tenuremask="fff8" tiltratio="89" />
  <memory-copied type="nursery" objects="51" bytes="41256" bytesdiscarded="56688" />
</gc-op>
<gc-end id="7459" type="scavenge" contextid="7455" durationms="0.690" usertimems="4.000" systemtimems="0.000" timestamp="2019-07-02T20:42:38.803" activeThreads="4">
  <mem-info id="7460" free="24058280" total="44826624" percent="53">
    <mem type="nursery" free="16613736" total="18612224" percent="89">
      <mem type="allocate" free="16613736" total="16711680" percent="99" />
      <mem type="survivor" free="0" total="1900544" percent="0" />
    </mem>
    <mem type="tenure" free="7444544" total="26214400" percent="28" macro-fragmented="0">
      <mem type="soa" free="6133824" total="24903680" percent="24" />
      <mem type="loa" free="1310720" total="1310720" percent="100" />
    </mem>
    <remembered-set count="102" />
  </mem-info>
</gc-end>
<cycle-end id="7461" type="scavenge" contextid="7455" timestamp="2019-07-02T20:42:38.804">
  <attribute name="GC Util" value="5" />
  <attribute name="CPU Util" value="1339552472245" />
  <attribute name="Time Running"value="19903"/>
  <attribute name="Number of cores"value="4"/>
</cycle-end>
<allocation-satisfied id="7462" threadId="00000000022F5700" bytesRequested="80" />
<af-end id="7463" timestamp="2019-07-02T20:42:38.804" threadId="00000000022F6088" success="true" from="nursery"/>
<exclusive-end id="7464" timestamp="2019-07-02T20:42:38.804" durationms="1.744" />

<exclusive-start id="7465" timestamp="2019-07-02T20:42:38.816" intervalms="13.673">
  <response-info timems="0.063" idlems="0.063" threads="0" lastid="00000000022F5700" lastname="main" />
</exclusive-start>
<af-start id="7466" threadId="00000000022F6088" totalBytesRequested="80" timestamp="2019-07-02T20:42:38.816" intervalms="13.675" type="nursery" />
<cycle-start id="7467" type="scavenge" contextid="0" timestamp="2019-07-02T20:42:38.816" intervalms="13.678" />
  <attribute name="GC Util" value="5" />
  <attribute name="CPU Util" value="1339552472245" />
  <attribute name="Time Running"value="19903"/>
  <attribute name="Number of cores"value="4"/>
<gc-start id="7468" type="scavenge" contextid="7467" timestamp="2019-07-02T20:42:38.816">
  <mem-info id="7469" free="7444544" total="44826624" percent="16">
    <mem type="nursery" free="0" total="18612224" percent="0">
      <mem type="allocate" free="0" total="16711680" percent="0" />
      <mem type="survivor" free="0" total="1900544" percent="0" />
    </mem>
    <mem type="tenure" free="7444544" total="26214400" percent="28">
      <mem type="soa" free="6133824" total="24903680" percent="24" />
      <mem type="loa" free="1310720" total="1310720" percent="100" />
    </mem>
    <remembered-set count="102" />
  </mem-info>
</gc-start>
<allocation-stats totalBytes="16611560" >
  <allocated-bytes non-tlh="80" tlh="16611480" />
  <largest-consumer threadName="main" threadId="00000000022F5700" bytes="16611560" />
</allocation-stats>
<gc-op id="7470" type="scavenge" timems="0.276" contextid="7467" timestamp="2019-07-02T20:42:38.817">
  <scavenger-info tenureage="2" tenuremask="fffc" tiltratio="89" />
  <memory-copied type="nursery" objects="3" bytes="80" bytesdiscarded="39088" />
  <memory-copied type="tenure" objects="48" bytes="41176" bytesdiscarded="0" />
</gc-op>
<gc-end id="7471" type="scavenge" contextid="7467" durationms="0.888" usertimems="0.000" systemtimems="0.000" timestamp="2019-07-02T20:42:38.817" activeThreads="4">
  <mem-info id="7472" free="24097448" total="44826624" percent="53">
    <mem type="nursery" free="16672512" total="18612224" percent="89">
      <mem type="allocate" free="16672512" total="16711680" percent="99" />
      <mem type="survivor" free="0" total="1900544" percent="0" />
    </mem>
    <mem type="tenure" free="7424936" total="26214400" percent="28" macro-fragmented="32776">
      <mem type="soa" free="6114216" total="24903680" percent="24" />
      <mem type="loa" free="1310720" total="1310720" percent="100" />
    </mem>
    <remembered-set count="93" />
  </mem-info>
</gc-end>
<cycle-end id="7473" type="scavenge" contextid="7467" timestamp="2019-07-02T20:42:38.817">
  <attribute name="GC Util" value="4" />
  <attribute name="CPU Util" value="1348074789415" />
  <attribute name="Time Running"value="19917"/>
  <attribute name="Number of cores"value="4"/>
</cycle-end>
<allocation-satisfied id="7474" threadId="00000000022F5700" bytesRequested="80" />
<af-end id="7475" timestamp="2019-07-02T20:42:38.818" threadId="00000000022F6088" success="true" from="nursery"/>
<exclusive-end id="7476" timestamp="2019-07-02T20:42:38.818" durationms="1.967" />

<exclusive-start id="7477" timestamp="2019-07-02T20:42:38.830" intervalms="13.732">
  <response-info timems="0.034" idlems="0.034" threads="0" lastid="00000000022F5700" lastname="main" />
</exclusive-start>
<af-start id="7478" threadId="00000000022F6088" totalBytesRequested="32" timestamp="2019-07-02T20:42:38.830" intervalms="13.740" type="nursery" />
<cycle-start id="7479" type="scavenge" contextid="0" timestamp="2019-07-02T20:42:38.830" intervalms="13.753" />
  <attribute name="GC Util" value="4" />
  <attribute name="CPU Util" value="1348074789415" />
  <attribute name="Time Running"value="19917"/>
  <attribute name="Number of cores"value="4"/>
<gc-start id="7480" type="scavenge" contextid="7479" timestamp="2019-07-02T20:42:38.830">
  <mem-info id="7481" free="7424936" total="44826624" percent="16">
    <mem type="nursery" free="0" total="18612224" percent="0">
      <mem type="allocate" free="0" total="16711680" percent="0" />
      <mem type="survivor" free="0" total="1900544" percent="0" />
    </mem>
    <mem type="tenure" free="7424936" total="26214400" percent="28">
      <mem type="soa" free="6114216" total="24903680" percent="24" />
      <mem type="loa" free="1310720" total="1310720" percent="100" />
    </mem>
    <remembered-set count="94" />
  </mem-info>
</gc-start>
<allocation-stats totalBytes="16670568" >
  <allocated-bytes non-tlh="80" tlh="16670488" />
  <largest-consumer threadName="main" threadId="00000000022F5700" bytes="16670568" />
</allocation-stats>
<gc-op id="7482" type="scavenge" timems="0.211" contextid="7479" timestamp="2019-07-02T20:42:38.831">
  <scavenger-info tenureage="4" tenuremask="fff0" tiltratio="89" />
  <memory-copied type="nursery" objects="6" bytes="208" bytesdiscarded="78128" />
</gc-op>
<gc-end id="7483" type="scavenge" contextid="7479" durationms="0.873" usertimems="4.000" systemtimems="0.000" timestamp="2019-07-02T20:42:38.831" activeThreads="4">
  <mem-info id="7484" free="24058280" total="44826624" percent="53">
    <mem type="nursery" free="16633344" total="18612224" percent="89">
      <mem type="allocate" free="16633344" total="16711680" percent="99" />
      <mem type="survivor" free="0" total="1900544" percent="0" />
    </mem>
    <mem type="tenure" free="7424936" total="26214400" percent="28" macro-fragmented="10920">
      <mem type="soa" free="6114216" total="24903680" percent="24" />
      <mem type="loa" free="1310720" total="1310720" percent="100" />
    </mem>
    <remembered-set count="94" />
  </mem-info>
</gc-end>
<cycle-end id="7485" type="scavenge" contextid="7479" timestamp="2019-07-02T20:42:38.831">
  <attribute name="GC Util" value="6" />
  <attribute name="CPU Util" value="1338583054001" />
  <attribute name="Time Running"value="19931"/>
  <attribute name="Number of cores"value="4"/>
</cycle-end>
<allocation-satisfied id="7486" threadId="00000000022F5700" bytesRequested="32" />
<af-end id="7487" timestamp="2019-07-02T20:42:38.831" threadId="00000000022F6088" success="true" from="nursery"/>
<exclusive-end id="7488" timestamp="2019-07-02T20:42:38.832" durationms="1.909" />

<exclusive-start id="7489" timestamp="2019-07-02T20:42:38.853" intervalms="23.177">
  <response-info timems="0.046" idlems="0.046" threads="0" lastid="00000000022F5700" lastname="main" />
</exclusive-start>
<af-start id="7490" threadId="00000000022F6088" totalBytesRequested="80" timestamp="2019-07-02T20:42:38.853" intervalms="23.227" type="nursery" />
<cycle-start id="7491" type="scavenge" contextid="0" timestamp="2019-07-02T20:42:38.853" intervalms="23.190" />
  <attribute name="GC Util" value="6" />
  <attribute name="CPU Util" value="1338583054001" />
  <attribute name="Time Running"value="19931"/>
  <attribute name="Number of cores"value="4"/>
<gc-start id="7492" type="scavenge" contextid="7491" timestamp="2019-07-02T20:42:38.853">
  <mem-info id="7493" free="7424936" total="44826624" percent="16">
    <mem type="nursery" free="0" total="18612224" percent="0">
      <mem type="allocate" free="0" total="16711680" percent="0" />
      <mem type="survivor" free="0" total="1900544" percent="0" />
    </mem>
    <mem type="tenure" free="7424936" total="26214400" percent="28">
      <mem type="soa" free="6114216" total="24903680" percent="24" />
      <mem type="loa" free="1310720" total="1310720" percent="100" />
    </mem>
    <remembered-set count="98" />
  </mem-info>
</gc-start>
<allocation-stats totalBytes="16630080" >
  <allocated-bytes non-tlh="32" tlh="16630048" />
  <largest-consumer threadName="main" threadId="00000000022F5700" bytes="16630080" />
</allocation-stats>
<gc-op id="7494" type="scavenge" timems="0.288" contextid="7491" timestamp="2019-07-02T20:42:38.854">
  <scavenger-info tenureage="3" tenuremask="fff8" tiltratio="89" />
  <memory-copied type="nursery" objects="46" bytes="1480" bytesdiscarded="37688" />
</gc-op>
<gc-end id="7495" type="scavenge" contextid="7491" durationms="0.922" usertimems="0.000" systemtimems="0.000" timestamp="2019-07-02T20:42:38.854" activeThreads="4">
  <mem-info id="7496" free="24097448" total="44826624" percent="53">
    <mem type="nursery" free="16672512" total="18612224" percent="89">
      <mem type="allocate" free="16672512" total="16711680" percent="99" />
      <mem type="survivor" free="0" total="1900544" percent="0" />
    </mem>
    <mem type="tenure" free="7424936" total="26214400" percent="28" macro-fragmented="6319">
      <mem type="soa" free="6114216" total="24903680" percent="24" />
      <mem type="loa" free="1310720" total="1310720" percent="100" />
    </mem>
    <remembered-set count="97" />
  </mem-info>
</gc-end>
<cycle-end id="7497" type="scavenge" contextid="7491" timestamp="2019-07-02T20:42:38.854">
  <attribute name="GC Util" value="3" />
  <attribute name="CPU Util" value="794994949487" />
  <attribute name="Time Running"value="19954"/>
  <attribute name="Number of cores"value="4"/>
</cycle-end>
<allocation-satisfied id="7498" threadId="00000000022F5700" bytesRequested="80" />
<af-end id="7499" timestamp="2019-07-02T20:42:38.855" threadId="00000000022F6088" success="true" from="nursery"/>
<exclusive-end id="7500" timestamp="2019-07-02T20:42:38.855" durationms="1.962" />

<exclusive-start id="7501" timestamp="2019-07-02T20:42:38.877" intervalms="24.511">
  <response-info timems="0.036" idlems="0.036" threads="0" lastid="00000000022F5700" lastname="main" />
</exclusive-start>
<af-start id="7502" threadId="00000000022F6088" totalBytesRequested="80" timestamp="2019-07-02T20:42:38.878" intervalms="24.471" type="nursery" />
<cycle-start id="7503" type="scavenge" contextid="0" timestamp="2019-07-02T20:42:38.878" intervalms="24.496" />
  <attribute name="GC Util" value="3" />
  <attribute name="CPU Util" value="794994949487" />
  <attribute name="Time Running"value="19954"/>
  <attribute name="Number of cores"value="4"/>
<gc-start id="7504" type="scavenge" contextid="7503" timestamp="2019-07-02T20:42:38.878">
  <mem-info id="7505" free="7424936" total="44826624" percent="16">
    <mem type="nursery" free="0" total="18612224" percent="0">
      <mem type="allocate" free="0" total="16711680" percent="0" />
      <mem type="survivor" free="0" total="1900544" percent="0" />
    </mem>
    <mem type="tenure" free="7424936" total="26214400" percent="28">
      <mem type="soa" free="6114216" total="24903680" percent="24" />
      <mem type="loa" free="1310720" total="1310720" percent="100" />
    </mem>
    <remembered-set count="97" />
  </mem-info>
</gc-start>
<allocation-stats totalBytes="16669048" >
  <allocated-bytes non-tlh="80" tlh="16668968" />
  <largest-consumer threadName="main" threadId="00000000022F5700" bytes="16669048" />
</allocation-stats>
<gc-op id="7506" type="scavenge" timems="0.227" contextid="7503" timestamp="2019-07-02T20:42:38.878">
  <scavenger-info tenureage="3" tenuremask="fff8" tiltratio="89" />
  <memory-copied type="nursery" objects="47" bytes="1504" bytesdiscarded="76832" />
</gc-op>
<gc-end id="7507" type="scavenge" contextid="7503" durationms="0.890" usertimems="4.000" systemtimems="0.000" timestamp="2019-07-02T20:42:38.879" activeThreads="4">
  <mem-info id="7508" free="24058280" total="44826624" percent="53">
    <mem type="nursery" free="16633344" total="18612224" percent="89">
      <mem type="allocate" free="16633344" total="16711680" percent="99" />
      <mem type="survivor" free="0" total="1900544" percent="0" />
    </mem>
    <mem type="tenure" free="7424936" total="26214400" percent="28" macro-fragmented="2592282">
      <mem type="soa" free="6114216" total="24903680" percent="24" />
      <mem type="loa" free="1310720" total="1310720" percent="100" />
    </mem>
    <remembered-set count="92" />
  </mem-info>
</gc-end>
<cycle-end id="7509" type="scavenge" contextid="7503" timestamp="2019-07-02T20:42:38.879">
  <attribute name="GC Util" value="3" />
  <attribute name="CPU Util" value="752951868407" />
  <attribute name="Time Running"value="19978"/>
  <attribute name="Number of cores"value="4"/>
</cycle-end>
<allocation-satisfied id="7510" threadId="00000000022F5700" bytesRequested="80" />
<af-end id="7511" timestamp="2019-07-02T20:42:38.879" threadId="00000000022F6088" success="true" from="nursery"/>
<exclusive-end id="7512" timestamp="2019-07-02T20:42:38.879" durationms="1.947" />

<exclusive-start id="7513" timestamp="2019-07-02T20:42:38.902" intervalms="24.349">
  <response-info timems="0.031" idlems="0.031" threads="0" lastid="00000000022F5700" lastname="main" />
</exclusive-start>
<af-start id="7514" threadId="00000000022F6088" totalBytesRequested="80" timestamp="2019-07-02T20:42:38.902" intervalms="24.334" type="nursery" />
<cycle-start id="7515" type="scavenge" contextid="0" timestamp="2019-07-02T20:42:38.902" intervalms="24.330" />
  <attribute name="GC Util" value="3" />
  <attribute name="CPU Util" value="752951868407" />
  <attribute name="Time Running"value="19978"/>
  <attribute name="Number of cores"value="4"/>
<gc-start id="7516" type="scavenge" contextid="7515" timestamp="2019-07-02T20:42:38.902">
  <mem-info id="7517" free="7424936" total="44826624" percent="16">
    <mem type="nursery" free="0" total="18612224" percent="0">
      <mem type="allocate" free="0" total="16711680" percent="0" />
      <mem type="survivor" free="0" total="1900544" percent="0" />
    </mem>
    <mem type="tenure" free="7424936" total="26214400" percent="28">
      <mem type="soa" free="6114216" total="24903680" percent="24" />
      <mem type="loa" free="1310720" total="1310720" percent="100" />
    </mem>
    <remembered-set count="95" />
  </mem-info>
</gc-start>
<allocation-stats totalBytes="16627320" >
  <allocated-bytes non-tlh="80" tlh="16627240" />
  <largest-consumer threadName="main" threadId="00000000022F5700" bytes="16627320" />
</allocation-stats>
<gc-op id="7518" type="scavenge" timems="0.224" contextid="7515" timestamp="2019-07-02T20:42:38.903">
  <scavenger-info tenureage="3" tenuremask="fff8" tiltratio="89" />
  <memory-copied type="nursery" objects="42" bytes="1552" bytesdiscarded="76784" />
</gc-op>
<gc-end id="7519" type="scavenge" contextid="7515" durationms="0.866" usertimems="0.000" systemtimems="0.000" timestamp="2019-07-02T20:42:38.903" activeThreads="4">
  <mem-info id="7520" free="24058280" total="44826624" percent="53">
    <mem type="nursery" free="16633344" total="18612224" percent="89">
      <mem type="allocate" free="16633344" total="16711680" percent="99" />
      <mem type="survivor" free="0" total="1900544" percent="0" />
    </mem>
    <mem type="tenure" free="7424936" total="26214400" percent="28" macro-fragmented="67617">
      <mem type="soa" free="6114216" total="24903680" percent="24" />
      <mem type="loa" free="1310720" total="1310720" percent="100" />
    </mem>
    <remembered-set count="95" />
  </mem-info>
</gc-end>
<cycle-end id="7521" type="scavenge" contextid="7515" timestamp="2019-07-02T20:42:38.903">
  <attribute name="GC Util" value="3" />
  <attribute name="CPU Util" value="758708665187" />
  <attribute name="Time Running"value="20003"/>
  <attribute name="Number of cores"value="4"/>
</cycle-end>
<allocation-satisfied id="7522" threadId="00000000022F5700" bytesRequested="80" />
<af-end id="7523" timestamp="2019-07-02T20:42:38.903" threadId="00000000022F6088" success="true" from="nursery"/>
<exclusive-end id="7524" timestamp="2019-07-02T20:42:38.904" durationms="1.903" />

<exclusive-start id="7525" timestamp="2019-07-02T20:42:38.926" intervalms="23.945">
  <response-info timems="0.028" idlems="0.028" threads="0" lastid="00000000022F5700" lastname="main" />
</exclusive-start>
<af-start id="7526" threadId="00000000022F6088" totalBytesRequested="16" timestamp="2019-07-02T20:42:38.926" intervalms="23.936" type="nursery" />
<cycle-start id="7527" type="scavenge" contextid="0" timestamp="2019-07-02T20:42:38.926" intervalms="23.940" />
  <attribute name="GC Util" value="3" />
  <attribute name="CPU Util" value="758708665187" />
  <attribute name="Time Running"value="20003"/>
  <attribute name="Number of cores"value="4"/>
<gc-start id="7528" type="scavenge" contextid="7527" timestamp="2019-07-02T20:42:38.926">
  <mem-info id="7529" free="7424936" total="44826624" percent="16">
    <mem type="nursery" free="0" total="18612224" percent="0">
      <mem type="allocate" free="0" total="16711680" percent="0" />
      <mem type="survivor" free="0" total="1900544" percent="0" />
    </mem>
    <mem type="tenure" free="7424936" total="26214400" percent="28">
      <mem type="soa" free="6114216" total="24903680" percent="24" />
      <mem type="loa" free="1310720" total="1310720" percent="100" />
    </mem>
    <remembered-set count="95" />
  </mem-info>
</gc-start>
<allocation-stats totalBytes="16626776" >
  <allocated-bytes non-tlh="80" tlh="16626696" />
  <largest-consumer threadName="main" threadId="00000000022F5700" bytes="16626776" />
</allocation-stats>
<gc-op id="7530" type="scavenge" timems="0.213" contextid="7527" timestamp="2019-07-02T20:42:38.927">
  <scavenger-info tenureage="4" tenuremask="fff0" tiltratio="89" />
  <memory-copied type="nursery" objects="29" bytes="960" bytesdiscarded="77376" />
</gc-op>
<gc-end id="7531" type="scavenge" contextid="7527" durationms="0.838" usertimems="0.000" systemtimems="0.000" timestamp="2019-07-02T20:42:38.927" activeThreads="4">
  <mem-info id="7532" free="24058280" total="44826624" percent="53">
    <mem type="nursery" free="16633344" total="18612224" percent="89">
      <mem type="allocate" free="16633344" total="16711680" percent="99" />
      <mem type="survivor" free="0" total="1900544" percent="0" />
    </mem>
    <mem type="tenure" free="7424936" total="26214400" percent="28" macro-fragmented="13104">
      <mem type="soa" free="6114216" total="24903680" percent="24" />
      <mem type="loa" free="1310720" total="1310720" percent="100" />
    </mem>
    <remembered-set count="95" />
  </mem-info>
</gc-end>
<cycle-end id="7533" type="scavenge" contextid="7527" timestamp="2019-07-02T20:42:38.927">
  <attribute name="GC Util" value="2" />
  <attribute name="CPU Util" value="770493535617" />
  <attribute name="Time Running"value="20027"/>
  <attribute name="Number of cores"value="4"/>
</cycle-end>
<allocation-satisfied id="7534" threadId="00000000022F5700" bytesRequested="16" />
<af-end id="7535" timestamp="2019-07-02T20:42:38.927" threadId="00000000022F6088" success="true" from="nursery"/>
<exclusive-end id="7536" timestamp="2019-07-02T20:42:38.927" durationms="1.808" />

<exclusive-start id="7537" timestamp="2019-07-02T20:42:38.950" intervalms="24.582">
  <response-info timems="0.030" idlems="0.030" threads="0" lastid="00000000022F5700" lastname="main" />
</exclusive-start>
<af-start id="7538" threadId="00000000022F6088" totalBytesRequested="32" timestamp="2019-07-02T20:42:38.950" intervalms="24.592" type="nursery" />
<cycle-start id="7539" type="scavenge" contextid="0" timestamp="2019-07-02T20:42:38.951" intervalms="24.589" />
  <attribute name="GC Util" value="2" />
  <attribute name="CPU Util" value="770493535617" />
  <attribute name="Time Running"value="20027"/>
  <attribute name="Number of cores"value="4"/>
<gc-start id="7540" type="scavenge" contextid="7539" timestamp="2019-07-02T20:42:38.951">
  <mem-info id="7541" free="7424936" total="44826624" percent="16">
    <mem type="nursery" free="0" total="18612224" percent="0">
      <mem type="allocate" free="0" total="16711680" percent="0" />
      <mem type="survivor" free="0" total="1900544" percent="0" />
    </mem>
    <mem type="tenure" free="7424936" total="26214400" percent="28">
      <mem type="soa" free="6114216" total="24903680" percent="24" />
      <mem type="loa" free="1310720" total="1310720" percent="100" />
    </mem>
    <remembered-set count="98" />
  </mem-info>
</gc-start>
<allocation-stats totalBytes="16627184" >
  <allocated-bytes non-tlh="16" tlh="16627168" />
  <largest-consumer threadName="main" threadId="00000000022F5700" bytes="16627184" />
</allocation-stats>
<gc-op id="7542" type="scavenge" timems="0.228" contextid="7539" timestamp="2019-07-02T20:42:38.951">
  <scavenger-info tenureage="3" tenuremask="fff8" tiltratio="89" />
  <memory-copied type="nursery" objects="31" bytes="968" bytesdiscarded="77368" />
  <memory-copied type="tenure" objects="7" bytes="168" bytesdiscarded="0" />
</gc-op>
<gc-end id="7543" type="scavenge" contextid="7539" durationms="0.918" usertimems="4.000" systemtimems="0.000" timestamp="2019-07-02T20:42:38.952" activeThreads="4">
  <mem-info id="7544" free="24058280" total="44826624" percent="53">
    <mem type="nursery" free="16633344" total="18612224" percent="89">
      <mem type="allocate" free="16633344" total="16711680" percent="99" />
      <mem type="survivor" free="0" total="1900544" percent="0" />
    </mem>
    <mem type="tenure" free="7424936" total="26214400" percent="28" macro-fragmented="0">
      <mem type="soa" free="6114216" total="24903680" percent="24" />
      <mem type="loa" free="1310720" total="1310720" percent="100" />
    </mem>
    <remembered-set count="93" />
  </mem-info>
</gc-end>
<cycle-end id="7545" type="scavenge" contextid="7539" timestamp="2019-07-02T20:42:38.952">
  <attribute name="GC Util" value="2" />
  <attribute name="CPU Util" value="749386268773" />
  <attribute name="Time Running"value="20051"/>
  <attribute name="Number of cores"value="4"/>
</cycle-end>
<allocation-satisfied id="7546" threadId="00000000022F5700" bytesRequested="32" />
<af-end id="7547" timestamp="2019-07-02T20:42:38.952" threadId="00000000022F6088" success="true" from="nursery"/>
<exclusive-end id="7548" timestamp="2019-07-02T20:42:38.952" durationms="1.858" />

<exclusive-start id="7549" timestamp="2019-07-02T20:42:38.975" intervalms="24.671">
  <response-info timems="0.083" idlems="0.083" threads="0" lastid="00000000022F5700" lastname="main" />
</exclusive-start>
<af-start id="7550" threadId="00000000022F6088" totalBytesRequested="16" timestamp="2019-07-02T20:42:38.975" intervalms="24.663" type="nursery" />
<cycle-start id="7551" type="scavenge" contextid="0" timestamp="2019-07-02T20:42:38.975" intervalms="24.665" />
  <attribute name="GC Util" value="2" />
  <attribute name="CPU Util" value="749386268773" />
  <attribute name="Time Running"value="20051"/>
  <attribute name="Number of cores"value="4"/>
<gc-start id="7552" type="scavenge" contextid="7551" timestamp="2019-07-02T20:42:38.975">
  <mem-info id="7553" free="7424936" total="44826624" percent="16">
    <mem type="nursery" free="0" total="18612224" percent="0">
      <mem type="allocate" free="0" total="16711680" percent="0" />
      <mem type="survivor" free="0" total="1900544" percent="0" />
    </mem>
    <mem type="tenure" free="7424936" total="26214400" percent="28">
      <mem type="soa" free="6114216" total="24903680" percent="24" />
      <mem type="loa" free="1310720" total="1310720" percent="100" />
    </mem>
    <remembered-set count="94" />
  </mem-info>
</gc-start>
<allocation-stats totalBytes="16632032" >
  <allocated-bytes non-tlh="32" tlh="16632000" />
  <largest-consumer threadName="main" threadId="00000000022F5700" bytes="16632032" />
</allocation-stats>
<gc-op id="7554" type="scavenge" timems="0.233" contextid="7551" timestamp="2019-07-02T20:42:38.976">
  <scavenger-info tenureage="4" tenuremask="ffd0" tiltratio="89" />
  <memory-copied type="nursery" objects="39" bytes="1176" bytesdiscarded="77160" />
</gc-op>
<gc-end id="7555" type="scavenge" contextid="7551" durationms="0.926" usertimems="4.000" systemtimems="0.000" timestamp="2019-07-02T20:42:38.976" activeThreads="4">
  <mem-info id="7556" free="24058280" total="44826624" percent="53">
    <mem type="nursery" free="16633344" total="18612224" percent="89">
      <mem type="allocate" free="16633344" total="16711680" percent="99" />
      <mem type="survivor" free="0" total="1900544" percent="0" />
    </mem>
    <mem type="tenure" free="7424936" total="26214400" percent="28" macro-fragmented="27173">
      <mem type="soa" free="6114216" total="24903680" percent="24" />
      <mem type="loa" free="1310720" total="1310720" percent="100" />
    </mem>
    <remembered-set count="93" />
  </mem-info>
</gc-end>
<cycle-end id="7557" type="scavenge" contextid="7551" timestamp="2019-07-02T20:42:38.976">
  <attribute name="GC Util" value="2" />
  <attribute name="CPU Util" value="747200683162" />
  <attribute name="Time Running"value="20076"/>
  <attribute name="Number of cores"value="4"/>
</cycle-end>
<allocation-satisfied id="7558" threadId="00000000022F5700" bytesRequested="16" />
<af-end id="7559" timestamp="2019-07-02T20:42:38.977" threadId="00000000022F6088" success="true" from="nursery"/>
<exclusive-end id="7560" timestamp="2019-07-02T20:42:38.977" durationms="1.895" />

<exclusive-start id="7561" timestamp="2019-07-02T20:42:39.000" intervalms="24.766">
  <response-info timems="0.031" idlems="0.031" threads="0" lastid="00000000022F5700" lastname="main" />
</exclusive-start>
<af-start id="7562" threadId="00000000022F6088" totalBytesRequested="32" timestamp="2019-07-02T20:42:39.000" intervalms="24.784" type="nursery" />
<cycle-start id="7563" type="scavenge" contextid="0" timestamp="2019-07-02T20:42:39.000" intervalms="24.787" />
  <attribute name="GC Util" value="2" />
  <attribute name="CPU Util" value="747200683162" />
  <attribute name="Time Running"value="20076"/>
  <attribute name="Number of cores"value="4"/>
<gc-start id="7564" type="scavenge" contextid="7563" timestamp="2019-07-02T20:42:39.000">
  <mem-info id="7565" free="7424936" total="44826624" percent="16">
    <mem type="nursery" free="0" total="18612224" percent="0">
      <mem type="allocate" free="0" total="16711680" percent="0" />
      <mem type="survivor" free="0" total="1900544" percent="0" />
    </mem>
    <mem type="tenure" free="7424936" total="26214400" percent="28">
      <mem type="soa" free="6114216" total="24903680" percent="24" />
      <mem type="loa" free="1310720" total="1310720" percent="100" />
    </mem>
    <remembered-set count="96" />
  </mem-info>
</gc-start>
<allocation-stats totalBytes="16631448" >
  <allocated-bytes non-tlh="16" tlh="16631432" />
  <largest-consumer threadName="main" threadId="00000000022F5700" bytes="16631448" />
</allocation-stats>
<gc-op id="7566" type="scavenge" timems="0.236" contextid="7563" timestamp="2019-07-02T20:42:39.001">
  <scavenger-info tenureage="3" tenuremask="fff8" tiltratio="89" />
  <memory-copied type="nursery" objects="30" bytes="920" bytesdiscarded="77416" />
  <memory-copied type="tenure" objects="7" bytes="192" bytesdiscarded="0" />
</gc-op>
<gc-end id="7567" type="scavenge" contextid="7563" durationms="0.929" usertimems="4.000" systemtimems="0.000" timestamp="2019-07-02T20:42:39.001" activeThreads="4">
  <mem-info id="7568" free="24058280" total="44826624" percent="53">
    <mem type="nursery" free="16633344" total="18612224" percent="89">
      <mem type="allocate" free="16633344" total="16711680" percent="99" />
      <mem type="survivor" free="0" total="1900544" percent="0" />
    </mem>
    <mem type="tenure" free="7424936" total="26214400" percent="28" macro-fragmented="0">
      <mem type="soa" free="6114216" total="24903680" percent="24" />
      <mem type="loa" free="1310720" total="1310720" percent="100" />
    </mem>
    <remembered-set count="92" />
  </mem-info>
</gc-end>
<cycle-end id="7569" type="scavenge" contextid="7563" timestamp="2019-07-02T20:42:39.001">
  <attribute name="GC Util" value="2" />
  <attribute name="CPU Util" value="744687313359" />
  <attribute name="Time Running"value="20101"/>
  <attribute name="Number of cores"value="4"/>
</cycle-end>
<allocation-satisfied id="7570" threadId="00000000022F5700" bytesRequested="32" />
<af-end id="7571" timestamp="2019-07-02T20:42:39.002" threadId="00000000022F6088" success="true" from="nursery"/>
<exclusive-end id="7572" timestamp="2019-07-02T20:42:39.002" durationms="2.090" />

<exclusive-start id="7573" timestamp="2019-07-02T20:42:39.025" intervalms="25.119">
  <response-info timems="0.039" idlems="0.039" threads="0" lastid="00000000022F5700" lastname="main" />
</exclusive-start>
<af-start id="7574" threadId="00000000022F6088" totalBytesRequested="16" timestamp="2019-07-02T20:42:39.025" intervalms="25.131" type="nursery" />
<cycle-start id="7575" type="scavenge" contextid="0" timestamp="2019-07-02T20:42:39.025" intervalms="25.127" />
  <attribute name="GC Util" value="2" />
  <attribute name="CPU Util" value="744687313359" />
  <attribute name="Time Running"value="20101"/>
  <attribute name="Number of cores"value="4"/>
<gc-start id="7576" type="scavenge" contextid="7575" timestamp="2019-07-02T20:42:39.025">
  <mem-info id="7577" free="7424936" total="44826624" percent="16">
    <mem type="nursery" free="0" total="18612224" percent="0">
      <mem type="allocate" free="0" total="16711680" percent="0" />
      <mem type="survivor" free="0" total="1900544" percent="0" />
    </mem>
    <mem type="tenure" free="7424936" total="26214400" percent="28">
      <mem type="soa" free="6114216" total="24903680" percent="24" />
      <mem type="loa" free="1310720" total="1310720" percent="100" />
    </mem>
    <remembered-set count="93" />
  </mem-info>
</gc-start>
<allocation-stats totalBytes="16632128" >
  <allocated-bytes non-tlh="32" tlh="16632096" />
  <largest-consumer threadName="main" threadId="00000000022F5700" bytes="16632128" />
</allocation-stats>
<gc-op id="7578" type="scavenge" timems="0.251" contextid="7575" timestamp="2019-07-02T20:42:39.026">
  <scavenger-info tenureage="4" tenuremask="ffd0" tiltratio="89" />
  <memory-copied type="nursery" objects="32" bytes="976" bytesdiscarded="77360" />
</gc-op>
<gc-end id="7579" type="scavenge" contextid="7575" durationms="0.832" usertimems="4.000" systemtimems="0.000" timestamp="2019-07-02T20:42:39.026" activeThreads="4">
  <mem-info id="7580" free="24058280" total="44826624" percent="53">
    <mem type="nursery" free="16633344" total="18612224" percent="89">
      <mem type="allocate" free="16633344" total="16711680" percent="99" />
      <mem type="survivor" free="0" total="1900544" percent="0" />
    </mem>
    <mem type="tenure" free="7424936" total="26214400" percent="28" macro-fragmented="0">
      <mem type="soa" free="6114216" total="24903680" percent="24" />
      <mem type="loa" free="1310720" total="1310720" percent="100" />
    </mem>
    <remembered-set count="92" />
  </mem-info>
</gc-end>
<cycle-end id="7581" type="scavenge" contextid="7575" timestamp="2019-07-02T20:42:39.026">
  <attribute name="GC Util" value="2" />
  <attribute name="CPU Util" value="736419661852" />
  <attribute name="Time Running"value="20126"/>
  <attribute name="Number of cores"value="4"/>
</cycle-end>
<allocation-satisfied id="7582" threadId="00000000022F5700" bytesRequested="16" />
<af-end id="7583" timestamp="2019-07-02T20:42:39.027" threadId="00000000022F6088" success="true" from="nursery"/>
<exclusive-end id="7584" timestamp="2019-07-02T20:42:39.027" durationms="1.906" />

<exclusive-start id="7585" timestamp="2019-07-02T20:42:39.047" intervalms="21.813">
  <response-info timems="0.038" idlems="0.038" threads="0" lastid="00000000022F5700" lastname="main" />
</exclusive-start>
<af-start id="7586" threadId="00000000022F6088" totalBytesRequested="32" timestamp="2019-07-02T20:42:39.047" intervalms="21.790" type="nursery" />
<cycle-start id="7587" type="scavenge" contextid="0" timestamp="2019-07-02T20:42:39.047" intervalms="21.790" />
  <attribute name="GC Util" value="2" />
  <attribute name="CPU Util" value="736419661852" />
  <attribute name="Time Running"value="20126"/>
  <attribute name="Number of cores"value="4"/>
<gc-start id="7588" type="scavenge" contextid="7587" timestamp="2019-07-02T20:42:39.047">
  <mem-info id="7589" free="7424936" total="44826624" percent="16">
    <mem type="nursery" free="0" total="18612224" percent="0">
      <mem type="allocate" free="0" total="16711680" percent="0" />
      <mem type="survivor" free="0" total="1900544" percent="0" />
    </mem>
    <mem type="tenure" free="7424936" total="26214400" percent="28">
      <mem type="soa" free="6114216" total="24903680" percent="24" />
      <mem type="loa" free="1310720" total="1310720" percent="100" />
    </mem>
    <remembered-set count="95" />
  </mem-info>
</gc-start>
<allocation-stats totalBytes="16630448" >
  <allocated-bytes non-tlh="16" tlh="16630432" />
  <largest-consumer threadName="main" threadId="00000000022F5700" bytes="16630448" />
</allocation-stats>
<gc-op id="7590" type="scavenge" timems="0.232" contextid="7587" timestamp="2019-07-02T20:42:39.048">
  <scavenger-info tenureage="3" tenuremask="fff8" tiltratio="89" />
  <memory-copied type="nursery" objects="32" bytes="968" bytesdiscarded="77368" />
  <memory-copied type="tenure" objects="6" bytes="144" bytesdiscarded="0" />
</gc-op>
<gc-end id="7591" type="scavenge" contextid="7587" durationms="0.800" usertimems="0.000" systemtimems="0.000" timestamp="2019-07-02T20:42:39.048" activeThreads="4">
  <mem-info id="7592" free="24058280" total="44826624" percent="53">
    <mem type="nursery" free="16633344" total="18612224" percent="89">
      <mem type="allocate" free="16633344" total="16711680" percent="99" />
      <mem type="survivor" free="0" total="1900544" percent="0" />
    </mem>
    <mem type="tenure" free="7424936" total="26214400" percent="28" macro-fragmented="0">
      <mem type="soa" free="6114216" total="24903680" percent="24" />
      <mem type="loa" free="1310720" total="1310720" percent="100" />
    </mem>
    <remembered-set count="92" />
  </mem-info>
</gc-end>
<cycle-end id="7593" type="scavenge" contextid="7587" timestamp="2019-07-02T20:42:39.048">
  <attribute name="GC Util" value="3" />
  <attribute name="CPU Util" value="845818380110" />
  <attribute name="Time Running"value="20147"/>
  <attribute name="Number of cores"value="4"/>
</cycle-end>
<allocation-satisfied id="7594" threadId="00000000022F5700" bytesRequested="32" />
<af-end id="7595" timestamp="2019-07-02T20:42:39.048" threadId="00000000022F6088" success="true" from="nursery"/>
<exclusive-end id="7596" timestamp="2019-07-02T20:42:39.048" durationms="1.836" />

<exclusive-start id="7597" timestamp="2019-07-02T20:42:39.067" intervalms="20.066">
  <response-info timems="0.031" idlems="0.031" threads="0" lastid="00000000022F5700" lastname="main" />
</exclusive-start>
<af-start id="7598" threadId="00000000022F6088" totalBytesRequested="80" timestamp="2019-07-02T20:42:39.067" intervalms="20.011" type="nursery" />
<cycle-start id="7599" type="scavenge" contextid="0" timestamp="2019-07-02T20:42:39.067" intervalms="19.994" />
  <attribute name="GC Util" value="3" />
  <attribute name="CPU Util" value="845818380110" />
  <attribute name="Time Running"value="20147"/>
  <attribute name="Number of cores"value="4"/>
<gc-start id="7600" type="scavenge" contextid="7599" timestamp="2019-07-02T20:42:39.067">
  <mem-info id="7601" free="7424936" total="44826624" percent="16">
    <mem type="nursery" free="0" total="18612224" percent="0">
      <mem type="allocate" free="0" total="16711680" percent="0" />
      <mem type="survivor" free="0" total="1900544" percent="0" />
    </mem>
    <mem type="tenure" free="7424936" total="26214400" percent="28">
      <mem type="soa" free="6114216" total="24903680" percent="24" />
      <mem type="loa" free="1310720" total="1310720" percent="100" />
    </mem>
    <remembered-set count="93" />
  </mem-info>
</gc-start>
<allocation-stats totalBytes="16631384" >
  <allocated-bytes non-tlh="32" tlh="16631352" />
  <largest-consumer threadName="main" threadId="00000000022F5700" bytes="16631384" />
</allocation-stats>
<gc-op id="7602" type="scavenge" timems="0.220" contextid="7599" timestamp="2019-07-02T20:42:39.068">
  <scavenger-info tenureage="4" tenuremask="ffd0" tiltratio="89" />
  <memory-copied type="nursery" objects="39" bytes="1160" bytesdiscarded="38008" />
</gc-op>
