<?xml version="1.0" ?>

<verbosegc xmlns="http://www.ibm.com/j9/verbosegc" version="10b4217_CMPRSS">

<initialized id="1" timestamp="2019-06-20T21:27:41.691">
  <attribute name="gcPolicy" value="-Xgcpolicy:gencon" />
  <attribute name="elasticGC enabled" value="1" />
  <attribute name= "numThreadsSpecified" value="0" />
  <attribute name="heapSize specified" value="0" />
  <attribute name="Current GC Util" value="0" />
  <attribute name= "Current Time Running" value="0" />
  <attribute name ="GC Interval" value="0" />
  <attribute name="ProportionalT" value="0.000000" />
  <attribute name="ProportionalI" value="0.000000" />
  <attribute name="ProportionalH" value="0.000000" />
  <attribute name="IntegralT" value="0.000000" />
  <attribute name="IntegralI" value="0.000000" />
  <attribute name="IntegralH" value="0.000000" />
  <attribute name="DerivativeT" value="0.000000" />
  <attribute name="DerivativeI" value="0.000000" />
  <attribute name="DerivativeH" value="0.000000" />
  <attribute name="Target GC Util Change" value ="0.000000" />
  <attribute name="Current GC Util Change" value="0.000000"/>
  <attribute name="Current Error" value="0.000000" />
  <attribute name="Loop Time for DT" value="0.000000" />
  <attribute name="Output H" value="0"/>
  <attribute name="Output I" value="0"/>
  <attribute name="Output T" value="0"/>
  <attribute name="GC Util currently" value="0" />
  <attribute name="CPU Util currently" value="0" />
  <attribute name="maxHeapSize" value="0x7cbc0000" />
  <attribute name="initialHeapSize" value="0x800000" />
  <attribute name="compressedRefs" value="true" />
  <attribute name="compressedRefsDisplacement" value="0x0" />
  <attribute name="compressedRefsShift" value="0x0" />
  <attribute name="pageSize" value="0x1000" />
  <attribute name="pageType" value="not used" />
  <attribute name="requestedPageSize" value="0x1000" />
  <attribute name="requestedPageType" value="not used" />
  <attribute name="gcthreads" value="4" />
  <attribute name="gcthreads Concurrent Mark" value="1" />
  <attribute name="packetListSplit" value="4" />
  <attribute name="cacheListSplit" value="4" />
  <attribute name="splitFreeListSplitAmount" value="1" />
  <attribute name="numaNodes" value="0" />
  <system>
    <attribute name="physicalMemory" value="8370958336" />
    <attribute name="numCPUs" value="4" />
    <attribute name="architecture" value="amd64" />
    <attribute name="os" value="Linux" />
    <attribute name="osVersion" value="4.4.0-150-generic" />
  </system>
  <vmargs>
    <vmarg name="-Xoptionsfile=/vagrant/jdk/lib/options.default" />
    <vmarg name="-Xlockword:mode=default,noLockword=java/lang/String,noLockword=java/util/MapEntry,noLockword=java/util/HashMap$Entry,noLockword..." />
    <vmarg name="-Xjcl:jclse29" />
    <vmarg name="-Dcom.ibm.oti.vm.bootstrap.library.path=/vagrant/jdk/lib/compressedrefs:/vagrant/jdk/lib" />
    <vmarg name="-Dsun.boot.library.path=/vagrant/jdk/lib/compressedrefs:/vagrant/jdk/lib" />
    <vmarg name="-Djava.library.path=/vagrant/jdk/lib/compressedrefs:/vagrant/jdk/lib:/usr/lib64:/usr/lib" />
    <vmarg name="-Djava.home=/vagrant/jdk" />
    <vmarg name="-Duser.dir=/vagrant" />
    <vmarg name="-Xgcpolicy:gencon" />
    <vmarg name="-Xgcelastic" />
    <vmarg name="-Xcheck:gc:::elasticGC" />
    <vmarg name="-verbose:gc" />
    <vmarg name="-Xloggc:jdk-1.5-1-1.5-large-GEN-4CORE-elasticverbose16jython.txt" />
    <vmarg name="-Djava.class.path=dacapo-9.12-MR1-bach.jar" />
    <vmarg name="-Dsun.java.command=dacapo-9.12-MR1-bach.jar jython --size=large" />
    <vmarg name="-Dsun.java.launcher=SUN_STANDARD" />
    <vmarg name="-Dsun.java.launcher.pid=11315" />
  </vmargs>
</initialized>

<exclusive-start id="2" timestamp="2019-06-20T21:27:41.882" intervalms="191.474">
  <response-info timems="0.020" idlems="0.020" threads="0" lastid="0000000001E06700" lastname="main" />
</exclusive-start>
<af-start id="3" threadId="0000000001E07088" totalBytesRequested="7176" timestamp="2019-06-20T21:27:41.883" intervalms="191.783" type="nursery" />
<cycle-start id="4" type="scavenge" contextid="0" timestamp="2019-06-20T21:27:41.883" intervalms="192.245" />
<gc-start id="5" type="scavenge" contextid="4" timestamp="2019-06-20T21:27:41.888">
  <mem-info id="6" free="6062624" total="8388608" percent="72">
    <mem type="nursery" free="0" total="2097152" percent="0">
      <mem type="allocate" free="0" total="1048576" percent="0" />
      <mem type="survivor" free="0" total="1048576" percent="0" />
    </mem>
    <mem type="tenure" free="6062624" total="6291456" percent="96">
      <mem type="soa" free="5748256" total="5977088" percent="96" />
      <mem type="loa" free="314368" total="314368" percent="100" />
    </mem>
    <remembered-set count="3161" />
  </mem-info>
</gc-start>
<allocation-stats totalBytes="1275528" >
  <allocated-bytes non-tlh="344784" tlh="930744" />
  <largest-consumer threadName="main" threadId="0000000001E06700" bytes="1198960" />
</allocation-stats>
<gc-op id="7" type="scavenge" timems="2.014" contextid="4" timestamp="2019-06-20T21:27:41.891">
  <scavenger-info tenureage="2" tenuremask="fffc" tiltratio="50" />
  <memory-copied type="nursery" objects="10578" bytes="479600" bytesdiscarded="122920" />
  <finalization candidates="11" enqueued="0" />
  <references type="soft" candidates="62" cleared="0" enqueued="0" dynamicThreshold="32" maxThreshold="32" />
  <references type="weak" candidates="309" cleared="177" enqueued="141" />
  <references type="phantom" candidates="25" cleared="6" enqueued="6" />
</gc-op>
<gc-end id="8" type="scavenge" contextid="4" durationms="5.535" usertimems="4.000" systemtimems="4.000" timestamp="2019-06-20T21:27:41.894" activeThreads="4">
  <mem-info id="9" free="6506584" total="8388608" percent="77">
    <mem type="nursery" free="443960" total="2097152" percent="21">
      <mem type="allocate" free="443960" total="1048576" percent="42" />
      <mem type="survivor" free="0" total="1048576" percent="0" />
    </mem>
    <mem type="tenure" free="6062624" total="6291456" percent="96">
      <mem type="soa" free="5748256" total="5977088" percent="96" />
      <mem type="loa" free="314368" total="314368" percent="100" />
    </mem>
    <pending-finalizers system="0" default="0" reference="147" classloader="0" />
    <remembered-set count="3161" />
  </mem-info>
</gc-end>
<cycle-end id="10" type="scavenge" contextid="4" timestamp="2019-06-20T21:27:41.894" />
  <attribute name="elasticGC enabled" value="1" />
  <attribute name= "numThreadsSpecified" value="0" />
  <attribute name="heapSize specified" value="0" />
  <attribute name="Current GC Util" value="0" />
  <attribute name= "Current Time Running" value="81" />
  <attribute name ="GC Interval" value="1" />
  <attribute name="ProportionalT" value="0.000000" />
  <attribute name="ProportionalI" value="0.000000" />
  <attribute name="ProportionalH" value="0.000000" />
  <attribute name="Current Error" value="0.000000" />
  <attribute name="IntegralT" value="0.000000" />
  <attribute name="IntegralI" value="0.000000" />
  <attribute name="IntegralH" value="0.000000" />
  <attribute name="DerivativeT" value="0.000000" />
  <attribute name="DerivativeI" value="0.000000" />
  <attribute name="DerivativeH" value="0.000000" />
  <attribute name="Loop Time for DT" value="0.000000" />
  <attribute name="Output H" value="0"/>
  <attribute name="Output I" value="0"/>
  <attribute name="Output T" value="0"/>
  <attribute name="Target GC Util Change" value ="20.000000" />
  <attribute name="Current GC Util Change" value="0.000000"/>
  <attribute name="GC Util currently" value="0" />
  <attribute name="CPU Util currently" value="36" />
<allocation-satisfied id="11" threadId="0000000001E06700" bytesRequested="7176" />
<af-end id="12" timestamp="2019-06-20T21:27:41.894" threadId="0000000001E07088" success="true" from="nursery"/>
<exclusive-end id="13" timestamp="2019-06-20T21:27:41.894" durationms="12.103" />

<exclusive-start id="14" timestamp="2019-06-20T21:27:41.968" intervalms="85.691">
  <response-info timems="0.089" idlems="0.089" threads="0" lastid="0000000001E06700" lastname="main" />
</exclusive-start>
<af-start id="15" threadId="0000000001E07088" totalBytesRequested="80" timestamp="2019-06-20T21:27:41.968" intervalms="85.503" type="nursery" />
<cycle-start id="16" type="scavenge" contextid="0" timestamp="2019-06-20T21:27:41.968" intervalms="85.178" />
<gc-start id="17" type="scavenge" contextid="16" timestamp="2019-06-20T21:27:41.972">
  <mem-info id="18" free="6054888" total="8388608" percent="72">
    <mem type="nursery" free="0" total="2097152" percent="0">
      <mem type="allocate" free="0" total="1048576" percent="0" />
      <mem type="survivor" free="0" total="1048576" percent="0" />
    </mem>
    <mem type="tenure" free="6054888" total="6291456" percent="96">
      <mem type="soa" free="5740520" total="5977088" percent="96" />
      <mem type="loa" free="314368" total="314368" percent="100" />
    </mem>
    <remembered-set count="3262" />
  </mem-info>
</gc-start>
<allocation-stats totalBytes="450584" >
  <allocated-bytes non-tlh="14912" tlh="435672" />
  <largest-consumer threadName="main" threadId="0000000001E06700" bytes="438608" />
</allocation-stats>
<gc-op id="19" type="scavenge" timems="0.967" contextid="16" timestamp="2019-06-20T21:27:41.974">
  <scavenger-info tenureage="5" tenuremask="7fe0" tiltratio="50" />
  <memory-copied type="nursery" objects="11664" bytes="506408" bytesdiscarded="49384" />
  <finalization candidates="11" enqueued="0" />
  <references type="soft" candidates="62" cleared="0" enqueued="0" dynamicThreshold="32" maxThreshold="32" />
  <references type="weak" candidates="237" cleared="93" enqueued="90" />
  <references type="phantom" candidates="35" cleared="11" enqueued="11" />
</gc-op>
<gc-end id="20" type="scavenge" contextid="16" durationms="1.339" usertimems="0.000" systemtimems="0.000" timestamp="2019-06-20T21:27:41.974" activeThreads="4">
  <mem-info id="21" free="6546216" total="8388608" percent="78">
    <mem type="nursery" free="491328" total="2097152" percent="23">
      <mem type="allocate" free="491328" total="1048576" percent="46" />
      <mem type="survivor" free="0" total="1048576" percent="0" />
    </mem>
    <mem type="tenure" free="6054888" total="6291456" percent="96">
      <mem type="soa" free="5740520" total="5977088" percent="96" />
      <mem type="loa" free="314368" total="314368" percent="100" />
    </mem>
    <pending-finalizers system="0" default="0" reference="101" classloader="0" />
    <remembered-set count="3262" />
  </mem-info>
</gc-end>
<cycle-end id="22" type="scavenge" contextid="16" timestamp="2019-06-20T21:27:41.974" />
  <attribute name="elasticGC enabled" value="1" />
  <attribute name= "numThreadsSpecified" value="4" />
  <attribute name="heapSize specified" value="0" />
  <attribute name="Current GC Util" value="13" />
  <attribute name= "Current Time Running" value="165" />
  <attribute name ="GC Interval" value="200" />
  <attribute name="ProportionalT" value="-10.500000" />
  <attribute name="ProportionalI" value="-10.500000" />
  <attribute name="ProportionalH" value="-10.500000" />
  <attribute name="Current Error" value="-7.000000" />
  <attribute name="IntegralT" value="-588.000000" />
  <attribute name="IntegralI" value="-588.000000" />
  <attribute name="IntegralH" value="-588.000000" />
  <attribute name="DerivativeT" value="-0.125000" />
  <attribute name="DerivativeI" value="-0.125000" />
  <attribute name="DerivativeH" value="-0.125000" />
  <attribute name="Loop Time for DT" value="84.000000" />
  <attribute name="Output H" value="2092630016"/>
  <attribute name="Output I" value="200"/>
  <attribute name="Output T" value="4"/>
  <attribute name="Target GC Util Change" value ="20.000000" />
  <attribute name="Current GC Util Change" value="13.000000"/>
  <attribute name="GC Util currently" value="13" />
  <attribute name="CPU Util currently" value="5" />
<allocation-satisfied id="23" threadId="0000000001E06700" bytesRequested="80" />
<af-end id="24" timestamp="2019-06-20T21:27:41.974" threadId="0000000001E07088" success="true" from="nursery"/>
<exclusive-end id="25" timestamp="2019-06-20T21:27:41.974" durationms="6.300" />

<exclusive-start id="26" timestamp="2019-06-20T21:27:42.534" intervalms="565.880">
  <response-info timems="0.022" idlems="0.022" threads="0" lastid="0000000001E06700" lastname="main" />
</exclusive-start>
<af-start id="27" threadId="0000000001E07088" totalBytesRequested="24" timestamp="2019-06-20T21:27:42.534" intervalms="565.857" type="nursery" />
<cycle-start id="28" type="scavenge" contextid="0" timestamp="2019-06-20T21:27:42.534" intervalms="565.784" />
<gc-start id="29" type="scavenge" contextid="28" timestamp="2019-06-20T21:27:42.534">
  <mem-info id="30" free="6054888" total="8388608" percent="72">
    <mem type="nursery" free="0" total="2097152" percent="0">
      <mem type="allocate" free="0" total="1048576" percent="0" />
      <mem type="survivor" free="0" total="1048576" percent="0" />
    </mem>
    <mem type="tenure" free="6054888" total="6291456" percent="96">
      <mem type="soa" free="5740520" total="5977088" percent="96" />
      <mem type="loa" free="314368" total="314368" percent="100" />
    </mem>
    <remembered-set count="3262" />
  </mem-info>
</gc-start>
<allocation-stats totalBytes="490944" >
  <allocated-bytes non-tlh="80" tlh="490864" />
  <largest-consumer threadName="main" threadId="0000000001E06700" bytes="482752" />
</allocation-stats>
<gc-op id="31" type="scavenge" timems="0.910" contextid="28" timestamp="2019-06-20T21:27:42.535">
  <scavenger-info tenureage="4" tenuremask="7ff0" tiltratio="50" />
  <memory-copied type="nursery" objects="11424" bytes="499864" bytesdiscarded="81888" />
  <finalization candidates="11" enqueued="0" />
  <references type="soft" candidates="62" cleared="0" enqueued="0" dynamicThreshold="32" maxThreshold="32" />
  <references type="weak" candidates="144" cleared="0" enqueued="0" />
  <references type="phantom" candidates="24" cleared="0" enqueued="0" />
</gc-op>
<gc-end id="32" type="scavenge" contextid="28" durationms="1.085" usertimems="0.000" systemtimems="4.000" timestamp="2019-06-20T21:27:42.535" activeThreads="4">
  <mem-info id="33" free="6520264" total="8388608" percent="77">
    <mem type="nursery" free="465376" total="2097152" percent="22">
      <mem type="allocate" free="465376" total="1048576" percent="44" />
      <mem type="survivor" free="0" total="1048576" percent="0" />
    </mem>
    <mem type="tenure" free="6054888" total="6291456" percent="96">
      <mem type="soa" free="5740520" total="5977088" percent="96" />
      <mem type="loa" free="314368" total="314368" percent="100" />
    </mem>
    <remembered-set count="992" />
  </mem-info>
</gc-end>
<cycle-end id="34" type="scavenge" contextid="28" timestamp="2019-06-20T21:27:42.535" />
  <attribute name="elasticGC enabled" value="1" />
  <attribute name= "numThreadsSpecified" value="4" />
  <attribute name="heapSize specified" value="0" />
  <attribute name="Current GC Util" value="0" />
  <attribute name= "Current Time Running" value="727" />
  <attribute name ="GC Interval" value="200" />
  <attribute name="ProportionalT" value="-30.000000" />
  <attribute name="ProportionalI" value="-30.000000" />
  <attribute name="ProportionalH" value="-30.000000" />
  <attribute name="Current Error" value="-20.000000" />
  <attribute name="IntegralT" value="-11828.000000" />
  <attribute name="IntegralI" value="-11828.000000" />
  <attribute name="IntegralH" value="-11828.000000" />
  <attribute name="DerivativeT" value="-0.053381" />
  <attribute name="DerivativeI" value="-0.053381" />
  <attribute name="DerivativeH" value="-0.053381" />
  <attribute name="Loop Time for DT" value="562.000000" />
  <attribute name="Output H" value="2092630016"/>
  <attribute name="Output I" value="200"/>
  <attribute name="Output T" value="4"/>
  <attribute name="Target GC Util Change" value ="20.000000" />
  <attribute name="Current GC Util Change" value="0.000000"/>
  <attribute name="GC Util currently" value="0" />
  <attribute name="CPU Util currently" value="2" />
<allocation-satisfied id="35" threadId="0000000001E06700" bytesRequested="24" />
<af-end id="36" timestamp="2019-06-20T21:27:42.535" threadId="0000000001E07088" success="true" from="nursery"/>
<exclusive-end id="37" timestamp="2019-06-20T21:27:42.535" durationms="1.535" />

<exclusive-start id="38" timestamp="2019-06-20T21:27:43.602" intervalms="1067.911">
  <response-info timems="0.025" idlems="0.025" threads="0" lastid="0000000001E06700" lastname="main" />
</exclusive-start>
<af-start id="39" threadId="0000000001E07088" totalBytesRequested="40" timestamp="2019-06-20T21:27:43.602" intervalms="1067.947" type="nursery" />
<cycle-start id="40" type="scavenge" contextid="0" timestamp="2019-06-20T21:27:43.602" intervalms="1067.989" />
<gc-start id="41" type="scavenge" contextid="40" timestamp="2019-06-20T21:27:43.602">
  <mem-info id="42" free="6054888" total="8388608" percent="72">
    <mem type="nursery" free="0" total="2097152" percent="0">
      <mem type="allocate" free="0" total="1048576" percent="0" />
      <mem type="survivor" free="0" total="1048576" percent="0" />
    </mem>
    <mem type="tenure" free="6054888" total="6291456" percent="96">
      <mem type="soa" free="5740520" total="5977088" percent="96" />
      <mem type="loa" free="314368" total="314368" percent="100" />
    </mem>
    <remembered-set count="992" />
  </mem-info>
</gc-start>
<allocation-stats totalBytes="465112" >
  <allocated-bytes non-tlh="24" tlh="465088" />
  <largest-consumer threadName="main" threadId="0000000001E06700" bytes="465112" />
</allocation-stats>
<gc-op id="43" type="scavenge" timems="1.124" contextid="40" timestamp="2019-06-20T21:27:43.603">
  <scavenger-info tenureage="3" tenuremask="fff8" tiltratio="50" />
  <memory-copied type="nursery" objects="2200" bytes="73168" bytesdiscarded="75048" />
  <memory-copied type="tenure" objects="10295" bytes="460168" bytesdiscarded="56" />
  <finalization candidates="11" enqueued="0" />
  <references type="weak" candidates="14" cleared="0" enqueued="0" />
  <references type="phantom" candidates="6" cleared="0" enqueued="0" />
</gc-op>
<gc-end id="44" type="scavenge" contextid="40" durationms="1.419" usertimems="0.000" systemtimems="0.000" timestamp="2019-06-20T21:27:43.603" activeThreads="4">
  <mem-info id="45" free="6377920" total="8388608" percent="76">
    <mem type="nursery" free="900352" total="2097152" percent="42">
      <mem type="allocate" free="900352" total="1048576" percent="85" />
      <mem type="survivor" free="0" total="1048576" percent="0" />
    </mem>
    <mem type="tenure" free="5477568" total="6291456" percent="87">
      <mem type="soa" free="5163200" total="5977088" percent="86" />
      <mem type="loa" free="314368" total="314368" percent="100" />
    </mem>
    <remembered-set count="93" />
  </mem-info>
</gc-end>
<cycle-end id="46" type="scavenge" contextid="40" timestamp="2019-06-20T21:27:43.604" />
  <attribute name="elasticGC enabled" value="1" />
  <attribute name= "numThreadsSpecified" value="4" />
  <attribute name="heapSize specified" value="0" />
  <attribute name="Current GC Util" value="0" />
  <attribute name= "Current Time Running" value="1795" />
  <attribute name ="GC Interval" value="200" />
  <attribute name="ProportionalT" value="-30.000000" />
  <attribute name="ProportionalI" value="-30.000000" />
  <attribute name="ProportionalH" value="-30.000000" />
  <attribute name="Current Error" value="-20.000000" />
  <attribute name="IntegralT" value="-33188.000000" />
  <attribute name="IntegralI" value="-33188.000000" />
  <attribute name="IntegralH" value="-33188.000000" />
  <attribute name="DerivativeT" value="-0.028090" />
  <attribute name="DerivativeI" value="-0.028090" />
  <attribute name="DerivativeH" value="-0.028090" />
  <attribute name="Loop Time for DT" value="1068.000000" />
  <attribute name="Output H" value="2092630016"/>
  <attribute name="Output I" value="200"/>
  <attribute name="Output T" value="4"/>
  <attribute name="Target GC Util Change" value ="20.000000" />
  <attribute name="Current GC Util Change" value="0.000000"/>
  <attribute name="GC Util currently" value="0" />
  <attribute name="CPU Util currently" value="5" />
<allocation-satisfied id="47" threadId="0000000001E06700" bytesRequested="40" />
<af-end id="48" timestamp="2019-06-20T21:27:43.604" threadId="0000000001E07088" success="true" from="nursery"/>
<exclusive-end id="49" timestamp="2019-06-20T21:27:43.604" durationms="2.158" />

<exclusive-start id="50" timestamp="2019-06-20T21:27:45.211" intervalms="1608.951">
  <response-info timems="0.077" idlems="0.077" threads="0" lastid="0000000001E06700" lastname="main" />
</exclusive-start>
<af-start id="51" threadId="0000000001E07088" totalBytesRequested="3640" timestamp="2019-06-20T21:27:45.211" intervalms="1608.993" type="nursery" />
<cycle-start id="52" type="scavenge" contextid="0" timestamp="2019-06-20T21:27:45.211" intervalms="1609.028" />
<gc-start id="53" type="scavenge" contextid="52" timestamp="2019-06-20T21:27:45.211">
  <mem-info id="54" free="5476288" total="8388608" percent="65">
    <mem type="nursery" free="0" total="2097152" percent="0">
      <mem type="allocate" free="0" total="1048576" percent="0" />
      <mem type="survivor" free="0" total="1048576" percent="0" />
    </mem>
    <mem type="tenure" free="5476288" total="6291456" percent="87">
      <mem type="soa" free="5161920" total="5977088" percent="86" />
      <mem type="loa" free="314368" total="314368" percent="100" />
    </mem>
    <remembered-set count="116" />
  </mem-info>
</gc-start>
<allocation-stats totalBytes="884664" >
  <allocated-bytes non-tlh="1320" tlh="883344" />
  <largest-consumer threadName="main" threadId="0000000001E06700" bytes="884664" />
</allocation-stats>
<gc-op id="55" type="scavenge" timems="0.473" contextid="52" timestamp="2019-06-20T21:27:45.212">
  <scavenger-info tenureage="3" tenuremask="fff8" tiltratio="50" />
  <memory-copied type="nursery" objects="176" bytes="7336" bytesdiscarded="70992" />
  <memory-copied type="tenure" objects="303" bytes="15200" bytesdiscarded="0" />
  <references type="weak" candidates="47" cleared="46" enqueued="46" />
  <references type="phantom" candidates="5" cleared="5" enqueued="5" />
</gc-op>
<gc-end id="56" type="scavenge" contextid="52" durationms="0.849" usertimems="0.000" systemtimems="0.000" timestamp="2019-06-20T21:27:45.212" activeThreads="4">
  <mem-info id="57" free="6407360" total="8388608" percent="76">
    <mem type="nursery" free="970240" total="2097152" percent="46">
      <mem type="allocate" free="970240" total="1048576" percent="92" />
      <mem type="survivor" free="0" total="1048576" percent="0" />
    </mem>
    <mem type="tenure" free="5437120" total="6291456" percent="86">
      <mem type="soa" free="5122752" total="5977088" percent="85" />
      <mem type="loa" free="314368" total="314368" percent="100" />
    </mem>
    <pending-finalizers system="0" default="0" reference="51" classloader="0" />
    <remembered-set count="78" />
  </mem-info>
</gc-end>
<cycle-end id="58" type="scavenge" contextid="52" timestamp="2019-06-20T21:27:45.212" />
  <attribute name="elasticGC enabled" value="1" />
  <attribute name= "numThreadsSpecified" value="4" />
  <attribute name="heapSize specified" value="0" />
  <attribute name="Current GC Util" value="0" />
  <attribute name= "Current Time Running" value="3404" />
  <attribute name ="GC Interval" value="200" />
  <attribute name="ProportionalT" value="-30.000000" />
  <attribute name="ProportionalI" value="-30.000000" />
  <attribute name="ProportionalH" value="-30.000000" />
  <attribute name="Current Error" value="-20.000000" />
  <attribute name="IntegralT" value="-65368.000000" />
  <attribute name="IntegralI" value="-65368.000000" />
  <attribute name="IntegralH" value="-65368.000000" />
  <attribute name="DerivativeT" value="-0.018645" />
  <attribute name="DerivativeI" value="-0.018645" />
  <attribute name="DerivativeH" value="-0.018645" />
  <attribute name="Loop Time for DT" value="1609.000000" />
  <attribute name="Output H" value="2092630016"/>
  <attribute name="Output I" value="200"/>
  <attribute name="Output T" value="4"/>
  <attribute name="Target GC Util Change" value ="20.000000" />
  <attribute name="Current GC Util Change" value="0.000000"/>
  <attribute name="GC Util currently" value="0" />
  <attribute name="CPU Util currently" value="1" />
<allocation-satisfied id="59" threadId="0000000001E06700" bytesRequested="3640" />
<af-end id="60" timestamp="2019-06-20T21:27:45.212" threadId="0000000001E07088" success="true" from="nursery"/>
<exclusive-end id="61" timestamp="2019-06-20T21:27:45.212" durationms="1.682" />

<exclusive-start id="62" timestamp="2019-06-20T21:27:46.141" intervalms="930.832">
  <response-info timems="0.168" idlems="0.168" threads="0" lastid="0000000001E06700" lastname="main" />
</exclusive-start>
<af-start id="63" threadId="0000000001E07088" totalBytesRequested="2056" timestamp="2019-06-20T21:27:46.142" intervalms="931.232" type="nursery" />
<cycle-start id="64" type="scavenge" contextid="0" timestamp="2019-06-20T21:27:46.143" intervalms="931.696" />
<gc-start id="65" type="scavenge" contextid="64" timestamp="2019-06-20T21:27:46.143">
  <mem-info id="66" free="5431072" total="8388608" percent="64">
    <mem type="nursery" free="0" total="2097152" percent="0">
      <mem type="allocate" free="0" total="1048576" percent="0" />
      <mem type="survivor" free="0" total="1048576" percent="0" />
    </mem>
    <mem type="tenure" free="5431072" total="6291456" percent="86">
      <mem type="soa" free="5116704" total="5977088" percent="85" />
      <mem type="loa" free="314368" total="314368" percent="100" />
    </mem>
    <remembered-set count="206" />
  </mem-info>
</gc-start>
<allocation-stats totalBytes="970736" >
  <allocated-bytes non-tlh="9688" tlh="961048" />
  <largest-consumer threadName="main" threadId="0000000001E06700" bytes="970736" />
</allocation-stats>
<gc-op id="67" type="scavenge" timems="3.678" contextid="64" timestamp="2019-06-20T21:27:46.148">
  <scavenger-info tenureage="3" tenuremask="ffe8" tiltratio="50" />
  <memory-copied type="nursery" objects="721" bytes="228600" bytesdiscarded="44736" />
  <memory-copied type="tenure" objects="2" bytes="1040" bytesdiscarded="0" />
  <finalization candidates="3" enqueued="1" />
  <references type="soft" candidates="1" cleared="0" enqueued="0" dynamicThreshold="32" maxThreshold="32" />
  <references type="weak" candidates="89" cleared="87" enqueued="87" />
  <references type="phantom" candidates="38" cleared="22" enqueued="22" />
</gc-op>
<gc-end id="68" type="scavenge" contextid="64" durationms="5.786" usertimems="4.000" systemtimems="0.000" timestamp="2019-06-20T21:27:46.149" activeThreads="4">
  <mem-info id="69" free="6271768" total="8388608" percent="74">
    <mem type="nursery" free="840696" total="2097152" percent="40">
      <mem type="allocate" free="840696" total="1114112" percent="75" />
      <mem type="survivor" free="0" total="983040" percent="0" />
    </mem>
    <mem type="tenure" free="5431072" total="6291456" percent="86">
      <mem type="soa" free="5116704" total="5977088" percent="85" />
      <mem type="loa" free="314368" total="314368" percent="100" />
    </mem>
    <pending-finalizers system="1" default="0" reference="109" classloader="0" />
    <remembered-set count="195" />
  </mem-info>
</gc-end>
<cycle-end id="70" type="scavenge" contextid="64" timestamp="2019-06-20T21:27:46.150" />
  <attribute name="elasticGC enabled" value="1" />
  <attribute name= "numThreadsSpecified" value="4" />
  <attribute name="heapSize specified" value="0" />
  <attribute name="Current GC Util" value="0" />
  <attribute name= "Current Time Running" value="4337" />
  <attribute name ="GC Interval" value="200" />
  <attribute name="ProportionalT" value="-30.000000" />
  <attribute name="ProportionalI" value="-30.000000" />
  <attribute name="ProportionalH" value="-30.000000" />
  <attribute name="Current Error" value="-20.000000" />
  <attribute name="IntegralT" value="-84028.000000" />
  <attribute name="IntegralI" value="-84028.000000" />
  <attribute name="IntegralH" value="-84028.000000" />
  <attribute name="DerivativeT" value="-0.032154" />
  <attribute name="DerivativeI" value="-0.032154" />
  <attribute name="DerivativeH" value="-0.032154" />
  <attribute name="Loop Time for DT" value="933.000000" />
  <attribute name="Output H" value="2092630016"/>
  <attribute name="Output I" value="200"/>
  <attribute name="Output T" value="4"/>
  <attribute name="Target GC Util Change" value ="20.000000" />
  <attribute name="Current GC Util Change" value="0.000000"/>
  <attribute name="GC Util currently" value="0" />
  <attribute name="CPU Util currently" value="11" />
<allocation-satisfied id="71" threadId="0000000001E06700" bytesRequested="2056" />
<af-end id="72" timestamp="2019-06-20T21:27:46.151" threadId="0000000001E07088" success="true" from="nursery"/>
<exclusive-end id="73" timestamp="2019-06-20T21:27:46.151" durationms="9.516" />

<exclusive-start id="74" timestamp="2019-06-20T21:27:50.475" intervalms="4333.559">
  <response-info timems="0.194" idlems="0.194" threads="0" lastid="0000000001E06700" lastname="main" />
</exclusive-start>
<af-start id="75" threadId="0000000001E07088" totalBytesRequested="2056" timestamp="2019-06-20T21:27:50.476" intervalms="4333.619" type="nursery" />
<cycle-start id="76" type="scavenge" contextid="0" timestamp="2019-06-20T21:27:50.476" intervalms="4333.568" />
<gc-start id="77" type="scavenge" contextid="76" timestamp="2019-06-20T21:27:50.477">
  <mem-info id="78" free="5431072" total="8388608" percent="64">
    <mem type="nursery" free="0" total="2097152" percent="0">
      <mem type="allocate" free="0" total="1114112" percent="0" />
      <mem type="survivor" free="0" total="983040" percent="0" />
    </mem>
    <mem type="tenure" free="5431072" total="6291456" percent="86">
      <mem type="soa" free="5116704" total="5977088" percent="85" />
      <mem type="loa" free="314368" total="314368" percent="100" />
    </mem>
    <remembered-set count="199" />
  </mem-info>
</gc-start>
<allocation-stats totalBytes="831864" >
  <allocated-bytes non-tlh="2056" tlh="829808" />
  <largest-consumer threadName="main" threadId="0000000001E06700" bytes="827768" />
</allocation-stats>
<gc-op id="79" type="scavenge" timems="1.996" contextid="76" timestamp="2019-06-20T21:27:50.480">
  <scavenger-info tenureage="3" tenuremask="ffe8" tiltratio="53" />
  <memory-copied type="nursery" objects="461" bytes="87552" bytesdiscarded="15296" />
  <finalization candidates="2" enqueued="0" />
  <references type="soft" candidates="1" cleared="0" enqueued="0" dynamicThreshold="32" maxThreshold="32" />
  <references type="weak" candidates="2" cleared="0" enqueued="0" />
  <references type="phantom" candidates="15" cleared="0" enqueued="0" />
</gc-op>
<gc-end id="80" type="scavenge" contextid="76" durationms="3.435" usertimems="4.000" systemtimems="0.000" timestamp="2019-06-20T21:27:50.480" activeThreads="4">
  <mem-info id="81" free="6573328" total="8388608" percent="78">
    <mem type="nursery" free="1142256" total="2097152" percent="54">
      <mem type="allocate" free="1142256" total="1245184" percent="91" />
      <mem type="survivor" free="0" total="851968" percent="0" />
    </mem>
    <mem type="tenure" free="5431072" total="6291456" percent="86">
      <mem type="soa" free="5116704" total="5977088" percent="85" />
      <mem type="loa" free="314368" total="314368" percent="100" />
    </mem>
    <remembered-set count="183" />
  </mem-info>
</gc-end>
<cycle-end id="82" type="scavenge" contextid="76" timestamp="2019-06-20T21:27:50.481" />
  <attribute name="elasticGC enabled" value="1" />
  <attribute name= "numThreadsSpecified" value="4" />
  <attribute name="heapSize specified" value="0" />
  <attribute name="Current GC Util" value="0" />
  <attribute name= "Current Time Running" value="8670" />
  <attribute name ="GC Interval" value="200" />
  <attribute name="ProportionalT" value="-30.000000" />
  <attribute name="ProportionalI" value="-30.000000" />
  <attribute name="ProportionalH" value="-30.000000" />
  <attribute name="Current Error" value="-20.000000" />
  <attribute name="IntegralT" value="-86660.000000" />
  <attribute name="IntegralI" value="-86660.000000" />
  <attribute name="IntegralH" value="-86660.000000" />
  <attribute name="DerivativeT" value="-0.006924" />
  <attribute name="DerivativeI" value="-0.006924" />
  <attribute name="DerivativeH" value="-0.006924" />
  <attribute name="Loop Time for DT" value="4333.000000" />
  <attribute name="Output H" value="2092630016"/>
  <attribute name="Output I" value="200"/>
  <attribute name="Output T" value="4"/>
  <attribute name="Target GC Util Change" value ="20.000000" />
  <attribute name="Current GC Util Change" value="0.000000"/>
  <attribute name="GC Util currently" value="0" />
  <attribute name="CPU Util currently" value="3" />
<allocation-satisfied id="83" threadId="0000000001E06700" bytesRequested="2056" />
<af-end id="84" timestamp="2019-06-20T21:27:50.482" threadId="0000000001E07088" success="true" from="nursery"/>
<exclusive-end id="85" timestamp="2019-06-20T21:27:50.482" durationms="6.908" />

<exclusive-start id="86" timestamp="2019-06-20T21:27:55.126" intervalms="4650.569">
  <response-info timems="0.178" idlems="0.178" threads="0" lastid="0000000001E06700" lastname="main" />
</exclusive-start>
<af-start id="87" threadId="0000000001E07088" totalBytesRequested="2056" timestamp="2019-06-20T21:27:55.126" intervalms="4650.441" type="nursery" />
<cycle-start id="88" type="scavenge" contextid="0" timestamp="2019-06-20T21:27:55.126" intervalms="4650.131" />
<gc-start id="89" type="scavenge" contextid="88" timestamp="2019-06-20T21:27:55.127">
  <mem-info id="90" free="5431072" total="8388608" percent="64">
    <mem type="nursery" free="0" total="2097152" percent="0">
      <mem type="allocate" free="0" total="1245184" percent="0" />
      <mem type="survivor" free="0" total="851968" percent="0" />
    </mem>
    <mem type="tenure" free="5431072" total="6291456" percent="86">
      <mem type="soa" free="5116704" total="5977088" percent="85" />
      <mem type="loa" free="314368" total="314368" percent="100" />
    </mem>
    <remembered-set count="183" />
  </mem-info>
</gc-start>
<allocation-stats totalBytes="1133784" >
  <allocated-bytes non-tlh="2056" tlh="1131728" />
  <largest-consumer threadName="main" threadId="0000000001E06700" bytes="1133784" />
</allocation-stats>
<gc-op id="91" type="scavenge" timems="2.599" contextid="88" timestamp="2019-06-20T21:27:55.130">
  <scavenger-info tenureage="4" tenuremask="fff0" tiltratio="59" />
  <memory-copied type="nursery" objects="461" bytes="87592" bytesdiscarded="15256" />
  <finalization candidates="2" enqueued="0" />
  <references type="soft" candidates="1" cleared="0" enqueued="0" dynamicThreshold="32" maxThreshold="32" />
  <references type="weak" candidates="2" cleared="0" enqueued="0" />
  <references type="phantom" candidates="15" cleared="0" enqueued="0" />
</gc-op>
<gc-end id="92" type="scavenge" contextid="88" durationms="5.052" usertimems="0.000" systemtimems="4.000" timestamp="2019-06-20T21:27:55.132" activeThreads="4">
  <mem-info id="93" free="6704400" total="8388608" percent="79">
    <mem type="nursery" free="1273328" total="2097152" percent="60">
      <mem type="allocate" free="1273328" total="1376256" percent="92" />
      <mem type="survivor" free="0" total="720896" percent="0" />
    </mem>
    <mem type="tenure" free="5431072" total="6291456" percent="86" macro-fragmented="3732887">
      <mem type="soa" free="5116704" total="5977088" percent="85" />
      <mem type="loa" free="314368" total="314368" percent="100" />
    </mem>
    <remembered-set count="98" />
  </mem-info>
</gc-end>
<cycle-end id="94" type="scavenge" contextid="88" timestamp="2019-06-20T21:27:55.132" />
  <attribute name="elasticGC enabled" value="1" />
  <attribute name= "numThreadsSpecified" value="4" />
  <attribute name="heapSize specified" value="0" />
  <attribute name="Current GC Util" value="0" />
  <attribute name= "Current Time Running" value="13320" />
  <attribute name ="GC Interval" value="200" />
  <attribute name="ProportionalT" value="-30.000000" />
  <attribute name="ProportionalI" value="-30.000000" />
  <attribute name="ProportionalH" value="-30.000000" />
  <attribute name="Current Error" value="-20.000000" />
  <attribute name="IntegralT" value="-93000.000000" />
  <attribute name="IntegralI" value="-93000.000000" />
  <attribute name="IntegralH" value="-93000.000000" />
  <attribute name="DerivativeT" value="-0.006452" />
  <attribute name="DerivativeI" value="-0.006452" />
  <attribute name="DerivativeH" value="-0.006452" />
  <attribute name="Loop Time for DT" value="4650.000000" />
  <attribute name="Output H" value="2092630016"/>
  <attribute name="Output I" value="200"/>
  <attribute name="Output T" value="4"/>
  <attribute name="Target GC Util Change" value ="20.000000" />
  <attribute name="Current GC Util Change" value="0.000000"/>
  <attribute name="GC Util currently" value="0" />
  <attribute name="CPU Util currently" value="2" />
<allocation-satisfied id="95" threadId="0000000001E06700" bytesRequested="2056" />
<af-end id="96" timestamp="2019-06-20T21:27:55.134" threadId="0000000001E07088" success="true" from="nursery"/>
<exclusive-end id="97" timestamp="2019-06-20T21:27:55.134" durationms="8.590" />

<exclusive-start id="98" timestamp="2019-06-20T21:28:00.315" intervalms="5189.522">
  <response-info timems="0.191" idlems="0.191" threads="0" lastid="0000000001E06700" lastname="main" />
</exclusive-start>
<af-start id="99" threadId="0000000001E07088" totalBytesRequested="2056" timestamp="2019-06-20T21:28:00.316" intervalms="5189.657" type="nursery" />
<cycle-start id="100" type="scavenge" contextid="0" timestamp="2019-06-20T21:28:00.316" intervalms="5189.917" />
<gc-start id="101" type="scavenge" contextid="100" timestamp="2019-06-20T21:28:00.317">
  <mem-info id="102" free="5431072" total="8388608" percent="64">
    <mem type="nursery" free="0" total="2097152" percent="0">
      <mem type="allocate" free="0" total="1376256" percent="0" />
      <mem type="survivor" free="0" total="720896" percent="0" />
    </mem>
    <mem type="tenure" free="5431072" total="6291456" percent="86">
      <mem type="soa" free="5116704" total="5977088" percent="85" />
      <mem type="loa" free="314368" total="314368" percent="100" />
    </mem>
    <remembered-set count="98" />
  </mem-info>
</gc-start>
<allocation-stats totalBytes="1266600" >
  <allocated-bytes non-tlh="2056" tlh="1264544" />
  <largest-consumer threadName="main" threadId="0000000001E06700" bytes="1266600" />
</allocation-stats>
<gc-op id="103" type="scavenge" timems="1.625" contextid="100" timestamp="2019-06-20T21:28:00.319">
  <scavenger-info tenureage="3" tenuremask="fff8" tiltratio="65" />
  <memory-copied type="nursery" objects="14" bytes="624" bytesdiscarded="38528" />
  <memory-copied type="tenure" objects="446" bytes="84824" bytesdiscarded="56" />
  <finalization candidates="2" enqueued="0" />
  <references type="phantom" candidates="1" cleared="0" enqueued="0" />
</gc-op>
<gc-end id="104" type="scavenge" contextid="100" durationms="3.325" usertimems="0.000" systemtimems="0.000" timestamp="2019-06-20T21:28:00.320" activeThreads="4">
  <mem-info id="105" free="6788096" total="8388608" percent="80">
    <mem type="nursery" free="1468160" total="2097152" percent="70">
      <mem type="allocate" free="1468160" total="1507328" percent="97" />
      <mem type="survivor" free="0" total="589824" percent="0" />
    </mem>
    <mem type="tenure" free="5319936" total="6291456" percent="84" macro-fragmented="3110739">
      <mem type="soa" free="5005568" total="5977088" percent="83" />
      <mem type="loa" free="314368" total="314368" percent="100" />
    </mem>
    <remembered-set count="62" />
  </mem-info>
</gc-end>
<cycle-end id="106" type="scavenge" contextid="100" timestamp="2019-06-20T21:28:00.321" />
  <attribute name="elasticGC enabled" value="1" />
  <attribute name= "numThreadsSpecified" value="4" />
  <attribute name="heapSize specified" value="0" />
  <attribute name="Current GC Util" value="0" />
  <attribute name= "Current Time Running" value="18510" />
  <attribute name ="GC Interval" value="200" />
  <attribute name="ProportionalT" value="-30.000000" />
  <attribute name="ProportionalI" value="-30.000000" />
  <attribute name="ProportionalH" value="-30.000000" />
  <attribute name="Current Error" value="-20.000000" />
  <attribute name="IntegralT" value="-103800.000000" />
  <attribute name="IntegralI" value="-103800.000000" />
  <attribute name="IntegralH" value="-103800.000000" />
  <attribute name="DerivativeT" value="-0.005780" />
  <attribute name="DerivativeI" value="-0.005780" />
  <attribute name="DerivativeH" value="-0.005780" />
  <attribute name="Loop Time for DT" value="5190.000000" />
  <attribute name="Output H" value="2092630016"/>
  <attribute name="Output I" value="200"/>
  <attribute name="Output T" value="4"/>
  <attribute name="Target GC Util Change" value ="20.000000" />
  <attribute name="Current GC Util Change" value="0.000000"/>
  <attribute name="GC Util currently" value="0" />
  <attribute name="CPU Util currently" value="2" />
<allocation-satisfied id="107" threadId="0000000001E06700" bytesRequested="2056" />
<af-end id="108" timestamp="2019-06-20T21:28:00.322" threadId="0000000001E07088" success="true" from="nursery"/>
<exclusive-end id="109" timestamp="2019-06-20T21:28:00.322" durationms="6.889" />

<exclusive-start id="110" timestamp="2019-06-20T21:28:06.970" intervalms="6654.891">
  <response-info timems="0.191" idlems="0.191" threads="0" lastid="0000000001E06700" lastname="main" />
</exclusive-start>
<af-start id="111" threadId="0000000001E07088" totalBytesRequested="2056" timestamp="2019-06-20T21:28:06.970" intervalms="6654.541" type="nursery" />
<cycle-start id="112" type="scavenge" contextid="0" timestamp="2019-06-20T21:28:06.971" intervalms="6654.608" />
<gc-start id="113" type="scavenge" contextid="112" timestamp="2019-06-20T21:28:06.971">
  <mem-info id="114" free="5319936" total="8388608" percent="63">
    <mem type="nursery" free="0" total="2097152" percent="0">
      <mem type="allocate" free="0" total="1507328" percent="0" />
      <mem type="survivor" free="0" total="589824" percent="0" />
    </mem>
    <mem type="tenure" free="5319936" total="6291456" percent="84">
      <mem type="soa" free="5005568" total="5977088" percent="83" />
      <mem type="loa" free="314368" total="314368" percent="100" />
    </mem>
    <remembered-set count="62" />
  </mem-info>
</gc-start>
<allocation-stats totalBytes="1456456" >
  <allocated-bytes non-tlh="2056" tlh="1454400" />
  <largest-consumer threadName="main" threadId="0000000001E06700" bytes="1456456" />
</allocation-stats>
<gc-op id="115" type="scavenge" timems="1.191" contextid="112" timestamp="2019-06-20T21:28:06.974">
  <scavenger-info tenureage="3" tenuremask="ffc8" tiltratio="71" />
  <memory-copied type="nursery" objects="14" bytes="2552" bytesdiscarded="75768" />
  <memory-copied type="tenure" objects="1" bytes="144" bytesdiscarded="0" />
  <references type="phantom" candidates="1" cleared="0" enqueued="0" />
</gc-op>
<gc-end id="116" type="scavenge" contextid="112" durationms="3.208" usertimems="0.000" systemtimems="0.000" timestamp="2019-06-20T21:28:06.975" activeThreads="4">
  <mem-info id="117" free="6880000" total="8388608" percent="82">
    <mem type="nursery" free="1560064" total="2097152" percent="74">
      <mem type="allocate" free="1560064" total="1638400" percent="95" />
      <mem type="survivor" free="0" total="458752" percent="0" />
    </mem>
    <mem type="tenure" free="5319936" total="6291456" percent="84" macro-fragmented="2592282">
      <mem type="soa" free="5005568" total="5977088" percent="83" />
      <mem type="loa" free="314368" total="314368" percent="100" />
    </mem>
    <remembered-set count="61" />
  </mem-info>
</gc-end>
<cycle-end id="118" type="scavenge" contextid="112" timestamp="2019-06-20T21:28:06.975" />
  <attribute name="elasticGC enabled" value="1" />
  <attribute name= "numThreadsSpecified" value="4" />
  <attribute name="heapSize specified" value="0" />
  <attribute name="Current GC Util" value="0" />
  <attribute name= "Current Time Running" value="25165" />
  <attribute name ="GC Interval" value="200" />
  <attribute name="ProportionalT" value="-30.000000" />
  <attribute name="ProportionalI" value="-30.000000" />
  <attribute name="ProportionalH" value="-30.000000" />
  <attribute name="Current Error" value="-20.000000" />
  <attribute name="IntegralT" value="-133100.000000" />
  <attribute name="IntegralI" value="-133100.000000" />
  <attribute name="IntegralH" value="-133100.000000" />
  <attribute name="DerivativeT" value="-0.004508" />
  <attribute name="DerivativeI" value="-0.004508" />
  <attribute name="DerivativeH" value="-0.004508" />
  <attribute name="Loop Time for DT" value="6655.000000" />
  <attribute name="Output H" value="2092630016"/>
  <attribute name="Output I" value="200"/>
  <attribute name="Output T" value="4"/>
  <attribute name="Target GC Util Change" value ="20.000000" />
  <attribute name="Current GC Util Change" value="0.000000"/>
  <attribute name="GC Util currently" value="0" />
  <attribute name="CPU Util currently" value="3" />
<allocation-satisfied id="119" threadId="0000000001E06700" bytesRequested="2056" />
<af-end id="120" timestamp="2019-06-20T21:28:06.976" threadId="0000000001E07088" success="true" from="nursery"/>
<exclusive-end id="121" timestamp="2019-06-20T21:28:06.977" durationms="6.792" />

<exclusive-start id="122" timestamp="2019-06-20T21:28:13.233" intervalms="6262.611">
  <response-info timems="0.087" idlems="0.087" threads="0" lastid="0000000001E06700" lastname="main" />
</exclusive-start>
<af-start id="123" threadId="0000000001E07088" totalBytesRequested="2056" timestamp="2019-06-20T21:28:13.233" intervalms="6262.942" type="nursery" />
<cycle-start id="124" type="scavenge" contextid="0" timestamp="2019-06-20T21:28:13.234" intervalms="6262.901" />
<gc-start id="125" type="scavenge" contextid="124" timestamp="2019-06-20T21:28:13.234">
  <mem-info id="126" free="5319936" total="8388608" percent="63">
    <mem type="nursery" free="0" total="2097152" percent="0">
      <mem type="allocate" free="0" total="1638400" percent="0" />
      <mem type="survivor" free="0" total="458752" percent="0" />
    </mem>
    <mem type="tenure" free="5319936" total="6291456" percent="84">
      <mem type="soa" free="5005568" total="5977088" percent="83" />
      <mem type="loa" free="314368" total="314368" percent="100" />
    </mem>
    <remembered-set count="61" />
  </mem-info>
</gc-start>
<allocation-stats totalBytes="1555024" >
  <allocated-bytes non-tlh="2056" tlh="1552968" />
  <largest-consumer threadName="main" threadId="0000000001E06700" bytes="1555024" />
</allocation-stats>
<gc-op id="127" type="scavenge" timems="1.113" contextid="124" timestamp="2019-06-20T21:28:13.236">
  <scavenger-info tenureage="3" tenuremask="ffe8" tiltratio="78" />
  <memory-copied type="nursery" objects="13" bytes="496" bytesdiscarded="38656" />
  <references type="phantom" candidates="1" cleared="0" enqueued="0" />
</gc-op>
<gc-end id="128" type="scavenge" contextid="124" durationms="3.008" usertimems="0.000" systemtimems="4.000" timestamp="2019-06-20T21:28:13.237" activeThreads="4">
  <mem-info id="129" free="6984704" total="8388608" percent="83">
    <mem type="nursery" free="1664768" total="2097152" percent="79">
      <mem type="allocate" free="1664768" total="1703936" percent="97" />
      <mem type="survivor" free="0" total="393216" percent="0" />
    </mem>
    <mem type="tenure" free="5319936" total="6291456" percent="84" macro-fragmented="1250136">
      <mem type="soa" free="5005568" total="5977088" percent="83" />
      <mem type="loa" free="314368" total="314368" percent="100" />
    </mem>
    <remembered-set count="61" />
  </mem-info>
</gc-end>
<cycle-end id="130" type="scavenge" contextid="124" timestamp="2019-06-20T21:28:13.238" />
  <attribute name="elasticGC enabled" value="1" />
  <attribute name= "numThreadsSpecified" value="4" />
  <attribute name="heapSize specified" value="0" />
  <attribute name="Current GC Util" value="0" />
  <attribute name= "Current Time Running" value="31428" />
  <attribute name ="GC Interval" value="200" />
  <attribute name="ProportionalT" value="-30.000000" />
  <attribute name="ProportionalI" value="-30.000000" />
  <attribute name="ProportionalH" value="-30.000000" />
  <attribute name="Current Error" value="-20.000000" />
  <attribute name="IntegralT" value="-125260.000000" />
  <attribute name="IntegralI" value="-125260.000000" />
  <attribute name="IntegralH" value="-125260.000000" />
  <attribute name="DerivativeT" value="-0.004790" />
  <attribute name="DerivativeI" value="-0.004790" />
  <attribute name="DerivativeH" value="-0.004790" />
  <attribute name="Loop Time for DT" value="6263.000000" />
  <attribute name="Output H" value="2092630016"/>
  <attribute name="Output I" value="200"/>
  <attribute name="Output T" value="4"/>
  <attribute name="Target GC Util Change" value ="20.000000" />
  <attribute name="Current GC Util Change" value="0.000000"/>
  <attribute name="GC Util currently" value="0" />
  <attribute name="CPU Util currently" value="1" />
<allocation-satisfied id="131" threadId="0000000001E06700" bytesRequested="2056" />
<af-end id="132" timestamp="2019-06-20T21:28:13.239" threadId="0000000001E07088" success="true" from="nursery"/>
<exclusive-end id="133" timestamp="2019-06-20T21:28:13.239" durationms="6.825" />

<exclusive-start id="134" timestamp="2019-06-20T21:28:19.180" intervalms="5947.597">
  <response-info timems="0.187" idlems="0.187" threads="0" lastid="0000000001E06700" lastname="main" />
</exclusive-start>
<af-start id="135" threadId="0000000001E07088" totalBytesRequested="2056" timestamp="2019-06-20T21:28:19.181" intervalms="5947.331" type="nursery" />
<cycle-start id="136" type="scavenge" contextid="0" timestamp="2019-06-20T21:28:19.181" intervalms="5947.203" />
<gc-start id="137" type="scavenge" contextid="136" timestamp="2019-06-20T21:28:19.182">
  <mem-info id="138" free="5319936" total="8388608" percent="63">
    <mem type="nursery" free="0" total="2097152" percent="0">
      <mem type="allocate" free="0" total="1703936" percent="0" />
      <mem type="survivor" free="0" total="393216" percent="0" />
    </mem>
    <mem type="tenure" free="5319936" total="6291456" percent="84">
      <mem type="soa" free="5005568" total="5977088" percent="83" />
      <mem type="loa" free="314368" total="314368" percent="100" />
    </mem>
    <remembered-set count="61" />
  </mem-info>
</gc-start>
<allocation-stats totalBytes="1656472" >
  <allocated-bytes non-tlh="2056" tlh="1654416" />
  <largest-consumer threadName="main" threadId="0000000001E06700" bytes="1656472" />
</allocation-stats>
<gc-op id="139" type="scavenge" timems="1.181" contextid="136" timestamp="2019-06-20T21:28:19.183">
  <scavenger-info tenureage="3" tenuremask="fff8" tiltratio="81" />
  <memory-copied type="nursery" objects="14" bytes="2584" bytesdiscarded="36568" />
  <references type="phantom" candidates="1" cleared="0" enqueued="0" />
</gc-op>
<gc-end id="140" type="scavenge" contextid="136" durationms="2.797" usertimems="4.000" systemtimems="0.000" timestamp="2019-06-20T21:28:19.184" activeThreads="4">
  <mem-info id="141" free="7050240" total="8388608" percent="84">
    <mem type="nursery" free="1730304" total="2097152" percent="82">
      <mem type="allocate" free="1730304" total="1769472" percent="97" />
      <mem type="survivor" free="0" total="327680" percent="0" />
    </mem>
    <mem type="tenure" free="5319936" total="6291456" percent="84" macro-fragmented="1500163">
      <mem type="soa" free="5005568" total="5977088" percent="83" />
      <mem type="loa" free="314368" total="314368" percent="100" />
    </mem>
    <remembered-set count="61" />
  </mem-info>
</gc-end>
<cycle-end id="142" type="scavenge" contextid="136" timestamp="2019-06-20T21:28:19.185" />
  <attribute name="elasticGC enabled" value="1" />
  <attribute name= "numThreadsSpecified" value="4" />
  <attribute name="heapSize specified" value="0" />
  <attribute name="Current GC Util" value="0" />
  <attribute name= "Current Time Running" value="37375" />
  <attribute name ="GC Interval" value="200" />
  <attribute name="ProportionalT" value="-30.000000" />
  <attribute name="ProportionalI" value="-30.000000" />
  <attribute name="ProportionalH" value="-30.000000" />
  <attribute name="Current Error" value="-20.000000" />
  <attribute name="IntegralT" value="-118940.000000" />
  <attribute name="IntegralI" value="-118940.000000" />
  <attribute name="IntegralH" value="-118940.000000" />
  <attribute name="DerivativeT" value="-0.005045" />
  <attribute name="DerivativeI" value="-0.005045" />
  <attribute name="DerivativeH" value="-0.005045" />
  <attribute name="Loop Time for DT" value="5947.000000" />
  <attribute name="Output H" value="2092630016"/>
  <attribute name="Output I" value="200"/>
  <attribute name="Output T" value="4"/>
  <attribute name="Target GC Util Change" value ="20.000000" />
  <attribute name="Current GC Util Change" value="0.000000"/>
  <attribute name="GC Util currently" value="0" />
  <attribute name="CPU Util currently" value="1" />
<allocation-satisfied id="143" threadId="0000000001E06700" bytesRequested="2056" />
<af-end id="144" timestamp="2019-06-20T21:28:19.185" threadId="0000000001E07088" success="true" from="nursery"/>
<exclusive-end id="145" timestamp="2019-06-20T21:28:19.186" durationms="5.475" />

<exclusive-start id="146" timestamp="2019-06-20T21:28:23.377" intervalms="4196.824">
  <response-info timems="0.085" idlems="0.085" threads="0" lastid="0000000001E06700" lastname="main" />
</exclusive-start>
<af-start id="147" threadId="0000000001E07088" totalBytesRequested="86216" timestamp="2019-06-20T21:28:23.377" intervalms="4196.589" type="nursery" />
<cycle-start id="148" type="scavenge" contextid="0" timestamp="2019-06-20T21:28:23.377" intervalms="4196.280" />
<gc-start id="149" type="scavenge" contextid="148" timestamp="2019-06-20T21:28:23.377">
  <mem-info id="150" free="5358912" total="8388608" percent="63">
    <mem type="nursery" free="39448" total="2097152" percent="1">
      <mem type="allocate" free="39448" total="1769472" percent="2" />
      <mem type="survivor" free="0" total="327680" percent="0" />
    </mem>
    <mem type="tenure" free="5319464" total="6291456" percent="84">
      <mem type="soa" free="5005096" total="5977088" percent="83" />
      <mem type="loa" free="314368" total="314368" percent="100" />
    </mem>
    <remembered-set count="85" />
  </mem-info>
</gc-start>
<allocation-stats totalBytes="1679816" >
  <allocated-bytes non-tlh="385688" tlh="1294128" />
  <largest-consumer threadName="main" threadId="0000000001E06700" bytes="1679816" />
</allocation-stats>
<gc-op id="151" type="scavenge" timems="4.713" contextid="148" timestamp="2019-06-20T21:28:23.382">
  <scavenger-info tenureage="3" tenuremask="fff8" tiltratio="84" />
  <memory-copied type="nursery" objects="331" bytes="185728" bytesdiscarded="10080" />
  <memory-copied type="tenure" objects="1" bytes="314600" bytesdiscarded="0" />
  <copy-failed type="nursery" objects="1" bytes="314600" />
  <references type="soft" candidates="1" cleared="0" enqueued="0" dynamicThreshold="32" maxThreshold="32" />
  <references type="weak" candidates="1" cleared="1" enqueued="1" />
  <references type="phantom" candidates="19" cleared="1" enqueued="1" />
</gc-op>
<gc-end id="152" type="scavenge" contextid="148" durationms="5.328" usertimems="4.000" systemtimems="0.000" timestamp="2019-06-20T21:28:23.383" activeThreads="4">
  <mem-info id="153" free="5857624" total="8388608" percent="69">
    <mem type="nursery" free="852760" total="2097152" percent="40">
      <mem type="allocate" free="852760" total="1048576" percent="81" />
      <mem type="survivor" free="0" total="1048576" percent="0" />
    </mem>
    <mem type="tenure" free="5004864" total="6291456" percent="79" macro-fragmented="3732887">
      <mem type="soa" free="4690496" total="5977088" percent="78" />
      <mem type="loa" free="314368" total="314368" percent="100" />
    </mem>
    <pending-finalizers system="0" default="0" reference="2" classloader="0" />
    <remembered-set count="84" />
  </mem-info>
</gc-end>
<cycle-end id="154" type="scavenge" contextid="148" timestamp="2019-06-20T21:28:23.383" />
  <attribute name="elasticGC enabled" value="1" />
  <attribute name= "numThreadsSpecified" value="4" />
  <attribute name="heapSize specified" value="0" />
  <attribute name="Current GC Util" value="0" />
  <attribute name= "Current Time Running" value="41570" />
  <attribute name ="GC Interval" value="200" />
  <attribute name="ProportionalT" value="-30.000000" />
  <attribute name="ProportionalI" value="-30.000000" />
  <attribute name="ProportionalH" value="-30.000000" />
  <attribute name="Current Error" value="-20.000000" />
  <attribute name="IntegralT" value="-83900.000000" />
  <attribute name="IntegralI" value="-83900.000000" />
  <attribute name="IntegralH" value="-83900.000000" />
  <attribute name="DerivativeT" value="-0.007151" />
  <attribute name="DerivativeI" value="-0.007151" />
  <attribute name="DerivativeH" value="-0.007151" />
  <attribute name="Loop Time for DT" value="4195.000000" />
  <attribute name="Output H" value="2092630016"/>
  <attribute name="Output I" value="200"/>
  <attribute name="Output T" value="4"/>
  <attribute name="Target GC Util Change" value ="20.000000" />
  <attribute name="Current GC Util Change" value="0.000000"/>
  <attribute name="GC Util currently" value="0" />
  <attribute name="CPU Util currently" value="2" />
<allocation-satisfied id="155" threadId="0000000001E06700" bytesRequested="86216" />
<af-end id="156" timestamp="2019-06-20T21:28:23.383" threadId="0000000001E07088" success="true" from="nursery"/>
<exclusive-end id="157" timestamp="2019-06-20T21:28:23.383" durationms="6.051" />

<exclusive-start id="158" timestamp="2019-06-20T21:28:23.397" intervalms="20.409">
  <response-info timems="0.053" idlems="0.053" threads="0" lastid="0000000001E06700" lastname="main" />
</exclusive-start>
<af-start id="159" threadId="0000000001E07088" totalBytesRequested="31768" timestamp="2019-06-20T21:28:23.398" intervalms="20.428" type="nursery" />
<cycle-start id="160" type="scavenge" contextid="0" timestamp="2019-06-20T21:28:23.398" intervalms="20.458" />
<gc-start id="161" type="scavenge" contextid="160" timestamp="2019-06-20T21:28:23.398">
  <mem-info id="162" free="5003568" total="8388608" percent="59">
    <mem type="nursery" free="0" total="2097152" percent="0">
      <mem type="allocate" free="0" total="1048576" percent="0" />
      <mem type="survivor" free="0" total="1048576" percent="0" />
    </mem>
    <mem type="tenure" free="5003568" total="6291456" percent="79">
      <mem type="soa" free="4689200" total="5977088" percent="78" />
      <mem type="loa" free="314368" total="314368" percent="100" />
    </mem>
    <remembered-set count="105" />
  </mem-info>
</gc-start>
<allocation-stats totalBytes="789992" >
  <allocated-bytes non-tlh="347728" tlh="442264" />
  <largest-consumer threadName="main" threadId="0000000001E06700" bytes="785896" />
</allocation-stats>
<gc-op id="163" type="scavenge" timems="3.325" contextid="160" timestamp="2019-06-20T21:28:23.401">
  <scavenger-info tenureage="3" tenuremask="fff8" tiltratio="50" />
  <memory-copied type="nursery" objects="476" bytes="375088" bytesdiscarded="34440" />
  <references type="soft" candidates="1" cleared="0" enqueued="0" dynamicThreshold="32" maxThreshold="32" />
  <references type="weak" candidates="6" cleared="5" enqueued="5" />
  <references type="phantom" candidates="29" cleared="0" enqueued="0" />
</gc-op>
<heap-resize id="164" type="expand" space="nursery" amount="262144" count="1" timems="0.128" reason="excessive time being spent scavenging" timestamp="2019-06-20T21:28:23.402" />
<gc-end id="165" type="scavenge" contextid="160" durationms="4.190" usertimems="4.000" systemtimems="0.000" timestamp="2019-06-20T21:28:23.402" activeThreads="4">
  <mem-info id="166" free="5839216" total="8650752" percent="67">
    <mem type="nursery" free="835648" total="2359296" percent="35">
      <mem type="allocate" free="835648" total="1245184" percent="67" />
      <mem type="survivor" free="0" total="1114112" percent="0" />
    </mem>
    <mem type="tenure" free="5003568" total="6291456" percent="79" macro-fragmented="3110739">
      <mem type="soa" free="4689200" total="5977088" percent="78" />
      <mem type="loa" free="314368" total="314368" percent="100" />
    </mem>
    <pending-finalizers system="0" default="0" reference="5" classloader="0" />
    <remembered-set count="103" />
  </mem-info>
</gc-end>
<cycle-end id="167" type="scavenge" contextid="160" timestamp="2019-06-20T21:28:23.402" />
  <attribute name="elasticGC enabled" value="1" />
  <attribute name= "numThreadsSpecified" value="4" />
  <attribute name="heapSize specified" value="0" />
  <attribute name="Current GC Util" value="24" />
  <attribute name= "Current Time Running" value="41591" />
  <attribute name ="GC Interval" value="200" />
  <attribute name="ProportionalT" value="6.000000" />
  <attribute name="ProportionalI" value="6.000000" />
  <attribute name="ProportionalH" value="6.000000" />
  <attribute name="Current Error" value="4.000000" />
  <attribute name="IntegralT" value="84.000000" />
  <attribute name="IntegralI" value="84.000000" />
  <attribute name="IntegralH" value="84.000000" />
  <attribute name="DerivativeT" value="0.285714" />
  <attribute name="DerivativeI" value="0.285714" />
  <attribute name="DerivativeH" value="0.285714" />
  <attribute name="Loop Time for DT" value="21.000000" />
  <attribute name="Output H" value="8388608"/>
  <attribute name="Output I" value="200"/>
  <attribute name="Output T" value="4"/>
  <attribute name="Target GC Util Change" value ="20.000000" />
  <attribute name="Current GC Util Change" value="24.000000"/>
  <attribute name="GC Util currently" value="24" />
  <attribute name="CPU Util currently" value="226365037664" />
<allocation-satisfied id="168" threadId="0000000001E06700" bytesRequested="31768" />
<af-end id="169" timestamp="2019-06-20T21:28:23.402" threadId="0000000001E07088" success="true" from="nursery"/>
<exclusive-end id="170" timestamp="2019-06-20T21:28:23.402" durationms="4.970" />

<exclusive-start id="171" timestamp="2019-06-20T21:28:23.414" intervalms="16.331">
  <response-info timems="0.045" idlems="0.045" threads="0" lastid="0000000001E06700" lastname="main" />
</exclusive-start>
<af-start id="172" threadId="0000000001E07088" totalBytesRequested="25808" timestamp="2019-06-20T21:28:23.414" intervalms="16.286" type="nursery" />
<cycle-start id="173" type="scavenge" contextid="0" timestamp="2019-06-20T21:28:23.414" intervalms="16.248" />
<gc-start id="174" type="scavenge" contextid="173" timestamp="2019-06-20T21:28:23.414">
  <mem-info id="175" free="4997280" total="8650752" percent="57">
    <mem type="nursery" free="0" total="2359296" percent="0">
      <mem type="allocate" free="0" total="1245184" percent="0" />
      <mem type="survivor" free="0" total="1114112" percent="0" />
    </mem>
    <mem type="tenure" free="4997280" total="6291456" percent="79">
      <mem type="soa" free="4682912" total="5977088" percent="78" />
      <mem type="loa" free="314368" total="314368" percent="100" />
    </mem>
    <remembered-set count="147" />
  </mem-info>
</gc-start>
<allocation-stats totalBytes="788488" >
  <allocated-bytes non-tlh="85240" tlh="703248" />
  <largest-consumer threadName="main" threadId="0000000001E06700" bytes="788488" />
</allocation-stats>
<gc-op id="176" type="scavenge" timems="3.369" contextid="173" timestamp="2019-06-20T21:28:23.418">
  <scavenger-info tenureage="3" tenuremask="fff8" tiltratio="52" />
  <memory-copied type="nursery" objects="544" bytes="357200" bytesdiscarded="22600" />
  <references type="soft" candidates="3" cleared="0" enqueued="0" dynamicThreshold="32" maxThreshold="32" />
  <references type="weak" candidates="13" cleared="12" enqueued="12" />
  <references type="phantom" candidates="29" cleared="0" enqueued="0" />
</gc-op>
<heap-resize id="177" type="expand" space="nursery" amount="262144" count="1" timems="0.087" reason="excessive time being spent scavenging" timestamp="2019-06-20T21:28:23.418" />
<gc-end id="178" type="scavenge" contextid="173" durationms="4.014" usertimems="4.000" systemtimems="0.000" timestamp="2019-06-20T21:28:23.418" activeThreads="4">
  <mem-info id="179" free="6190336" total="8912896" percent="69">
    <mem type="nursery" free="1193056" total="2621440" percent="45">
      <mem type="allocate" free="1193056" total="1572864" percent="75" />
      <mem type="survivor" free="0" total="1048576" percent="0" />
    </mem>
    <mem type="tenure" free="4997280" total="6291456" percent="79" macro-fragmented="3110739">
      <mem type="soa" free="4682912" total="5977088" percent="78" />
      <mem type="loa" free="314368" total="314368" percent="100" />
    </mem>
    <pending-finalizers system="0" default="0" reference="12" classloader="0" />
    <remembered-set count="132" />
  </mem-info>
</gc-end>
<cycle-end id="180" type="scavenge" contextid="173" timestamp="2019-06-20T21:28:23.418" />
  <attribute name="elasticGC enabled" value="1" />
  <attribute name= "numThreadsSpecified" value="4" />
  <attribute name="heapSize specified" value="0" />
  <attribute name="Current GC Util" value="22" />
  <attribute name= "Current Time Running" value="41607" />
  <attribute name ="GC Interval" value="200" />
  <attribute name="ProportionalT" value="3.000000" />
  <attribute name="ProportionalI" value="3.000000" />
  <attribute name="ProportionalH" value="3.000000" />
  <attribute name="Current Error" value="2.000000" />
  <attribute name="IntegralT" value="32.000000" />
  <attribute name="IntegralI" value="32.000000" />
  <attribute name="IntegralH" value="32.000000" />
  <attribute name="DerivativeT" value="-0.187500" />
  <attribute name="DerivativeI" value="-0.187500" />
  <attribute name="DerivativeH" value="-0.187500" />
  <attribute name="Loop Time for DT" value="16.000000" />
  <attribute name="Output H" value="8388608"/>
  <attribute name="Output I" value="200"/>
  <attribute name="Output T" value="4"/>
  <attribute name="Target GC Util Change" value ="20.000000" />
  <attribute name="Current GC Util Change" value="22.000000"/>
  <attribute name="GC Util currently" value="22" />
  <attribute name="CPU Util currently" value="283719013254" />
<allocation-satisfied id="181" threadId="0000000001E06700" bytesRequested="25808" />
<af-end id="182" timestamp="2019-06-20T21:28:23.418" threadId="0000000001E07088" success="true" from="nursery"/>
<exclusive-end id="183" timestamp="2019-06-20T21:28:23.418" durationms="4.682" />

<exclusive-start id="184" timestamp="2019-06-20T21:28:23.453" intervalms="38.893">
  <response-info timems="0.023" idlems="0.023" threads="0" lastid="0000000001E06700" lastname="main" />
</exclusive-start>
<af-start id="185" threadId="0000000001E07088" totalBytesRequested="2144" timestamp="2019-06-20T21:28:23.453" intervalms="38.872" type="nursery" />
<cycle-start id="186" type="scavenge" contextid="0" timestamp="2019-06-20T21:28:23.453" intervalms="38.845" />
<gc-start id="187" type="scavenge" contextid="186" timestamp="2019-06-20T21:28:23.453">
  <mem-info id="188" free="4978072" total="8912896" percent="55">
    <mem type="nursery" free="0" total="2621440" percent="0">
      <mem type="allocate" free="0" total="1572864" percent="0" />
      <mem type="survivor" free="0" total="1048576" percent="0" />
    </mem>
    <mem type="tenure" free="4978072" total="6291456" percent="79">
      <mem type="soa" free="4663704" total="5977088" percent="78" />
      <mem type="loa" free="314368" total="314368" percent="100" />
    </mem>
    <remembered-set count="343" />
  </mem-info>
</gc-start>
<allocation-stats totalBytes="1202744" >
  <allocated-bytes non-tlh="45016" tlh="1157728" />
  <largest-consumer threadName="main" threadId="0000000001E06700" bytes="1202744" />
</allocation-stats>
<gc-op id="189" type="scavenge" timems="3.657" contextid="186" timestamp="2019-06-20T21:28:23.457">
  <scavenger-info tenureage="3" tenuremask="fff8" tiltratio="60" />
  <memory-copied type="nursery" objects="467" bytes="161056" bytesdiscarded="37368" />
  <memory-copied type="tenure" objects="299" bytes="161712" bytesdiscarded="112" />
  <references type="soft" candidates="3" cleared="0" enqueued="0" dynamicThreshold="32" maxThreshold="32" />
  <references type="weak" candidates="28" cleared="28" enqueued="28" />
  <references type="phantom" candidates="12" cleared="1" enqueued="1" />
</gc-op>
<heap-resize id="190" type="expand" space="nursery" amount="131072" count="1" timems="0.012" reason="excessive time being spent scavenging" timestamp="2019-06-20T21:28:23.457" />
<gc-end id="191" type="scavenge" contextid="186" durationms="4.135" usertimems="4.000" systemtimems="0.000" timestamp="2019-06-20T21:28:23.457" activeThreads="4">
  <mem-info id="192" free="6541728" total="9043968" percent="72">
    <mem type="nursery" free="1702104" total="2752512" percent="61">
      <mem type="allocate" free="1702104" total="1900544" percent="89" />
      <mem type="survivor" free="0" total="851968" percent="0" />
    </mem>
    <mem type="tenure" free="4839624" total="6291456" percent="76" macro-fragmented="3732887">
      <mem type="soa" free="4525256" total="5977088" percent="75" />
      <mem type="loa" free="314368" total="314368" percent="100" />
    </mem>
    <pending-finalizers system="0" default="0" reference="29" classloader="0" />
    <remembered-set count="341" />
  </mem-info>
</gc-end>
<cycle-end id="193" type="scavenge" contextid="186" timestamp="2019-06-20T21:28:23.457" />
  <attribute name="elasticGC enabled" value="1" />
  <attribute name= "numThreadsSpecified" value="4" />
  <attribute name="heapSize specified" value="0" />
  <attribute name="Current GC Util" value="9" />
  <attribute name= "Current Time Running" value="41646" />
  <attribute name ="GC Interval" value="200" />
  <attribute name="ProportionalT" value="-16.500000" />
  <attribute name="ProportionalI" value="-16.500000" />
  <attribute name="ProportionalH" value="-16.500000" />
  <attribute name="Current Error" value="-11.000000" />
  <attribute name="IntegralT" value="-429.000000" />
  <attribute name="IntegralI" value="-429.000000" />
  <attribute name="IntegralH" value="-429.000000" />
  <attribute name="DerivativeT" value="-0.500000" />
  <attribute name="DerivativeI" value="-0.500000" />
  <attribute name="DerivativeH" value="-0.500000" />
  <attribute name="Loop Time for DT" value="39.000000" />
  <attribute name="Output H" value="2092630016"/>
  <attribute name="Output I" value="200"/>
  <attribute name="Output T" value="4"/>
  <attribute name="Target GC Util Change" value ="20.000000" />
  <attribute name="Current GC Util Change" value="9.000000"/>
  <attribute name="GC Util currently" value="9" />
  <attribute name="CPU Util currently" value="118958308717" />
<allocation-satisfied id="194" threadId="0000000001E06700" bytesRequested="2144" />
<af-end id="195" timestamp="2019-06-20T21:28:23.457" threadId="0000000001E07088" success="true" from="nursery"/>
<exclusive-end id="196" timestamp="2019-06-20T21:28:23.457" durationms="4.697" />

<exclusive-start id="197" timestamp="2019-06-20T21:28:23.521" intervalms="68.733">
  <response-info timems="0.025" idlems="0.025" threads="0" lastid="0000000001E06700" lastname="main" />
</exclusive-start>
<af-start id="198" threadId="0000000001E07088" totalBytesRequested="16" timestamp="2019-06-20T21:28:23.522" intervalms="68.744" type="nursery" />
<cycle-start id="199" type="scavenge" contextid="0" timestamp="2019-06-20T21:28:23.522" intervalms="68.756" />
<gc-start id="200" type="scavenge" contextid="199" timestamp="2019-06-20T21:28:23.522">
  <mem-info id="201" free="4798936" total="9043968" percent="53">
    <mem type="nursery" free="0" total="2752512" percent="0">
      <mem type="allocate" free="0" total="1900544" percent="0" />
      <mem type="survivor" free="0" total="851968" percent="0" />
    </mem>
    <mem type="tenure" free="4798936" total="6291456" percent="76">
      <mem type="soa" free="4484568" total="5977088" percent="75" />
      <mem type="loa" free="314368" total="314368" percent="100" />
    </mem>
    <remembered-set count="908" />
  </mem-info>
</gc-start>
<allocation-stats totalBytes="1741792" >
  <allocated-bytes non-tlh="92648" tlh="1649144" />
  <largest-consumer threadName="main" threadId="0000000001E06700" bytes="1737696" />
</allocation-stats>
<gc-op id="202" type="scavenge" timems="4.809" contextid="199" timestamp="2019-06-20T21:28:23.527">
  <scavenger-info tenureage="3" tenuremask="ffe8" tiltratio="69" />
  <memory-copied type="nursery" objects="3088" bytes="122752" bytesdiscarded="125880" />
  <memory-copied type="tenure" objects="134" bytes="147800" bytesdiscarded="0" />
  <finalization candidates="39" enqueued="1" />
  <ownableSynchronizers candidates="17" cleared="0" />
  <references type="soft" candidates="8" cleared="0" enqueued="0" dynamicThreshold="32" maxThreshold="32" />
  <references type="weak" candidates="821" cleared="363" enqueued="259" />
  <references type="phantom" candidates="6" cleared="1" enqueued="1" />
</gc-op>
<gc-end id="203" type="scavenge" contextid="199" durationms="5.185" usertimems="4.000" systemtimems="0.000" timestamp="2019-06-20T21:28:23.527" activeThreads="4">
  <mem-info id="204" free="6561040" total="9043968" percent="72">
    <mem type="nursery" free="1848320" total="2752512" percent="67">
      <mem type="allocate" free="1848320" total="2097152" percent="88" />
      <mem type="survivor" free="0" total="655360" percent="0" />
    </mem>
    <mem type="tenure" free="4712720" total="6291456" percent="74" macro-fragmented="4023628">
      <mem type="soa" free="4398352" total="5977088" percent="73" />
      <mem type="loa" free="314368" total="314368" percent="100" />
    </mem>
    <pending-finalizers system="1" default="0" reference="260" classloader="0" />
    <remembered-set count="863" />
  </mem-info>
</gc-end>
<cycle-end id="205" type="scavenge" contextid="199" timestamp="2019-06-20T21:28:23.527" />
  <attribute name="elasticGC enabled" value="1" />
  <attribute name= "numThreadsSpecified" value="4" />
  <attribute name="heapSize specified" value="0" />
  <attribute name="Current GC Util" value="5" />
  <attribute name= "Current Time Running" value="41714" />
  <attribute name ="GC Interval" value="200" />
  <attribute name="ProportionalT" value="-22.500000" />
  <attribute name="ProportionalI" value="-22.500000" />
  <attribute name="ProportionalH" value="-22.500000" />
  <attribute name="Current Error" value="-15.000000" />
  <attribute name="IntegralT" value="-1020.000000" />
  <attribute name="IntegralI" value="-1020.000000" />
  <attribute name="IntegralH" value="-1020.000000" />
  <attribute name="DerivativeT" value="-0.330882" />
  <attribute name="DerivativeI" value="-0.330882" />
  <attribute name="DerivativeH" value="-0.330882" />
  <attribute name="Loop Time for DT" value="68.000000" />
  <attribute name="Output H" value="2092630016"/>
  <attribute name="Output I" value="200"/>
  <attribute name="Output T" value="4"/>
  <attribute name="Target GC Util Change" value ="20.000000" />
  <attribute name="Current GC Util Change" value="5.000000"/>
  <attribute name="GC Util currently" value="5" />
  <attribute name="CPU Util currently" value="11" />
<allocation-satisfied id="206" threadId="0000000001E06700" bytesRequested="16" />
<af-end id="207" timestamp="2019-06-20T21:28:23.527" threadId="0000000001E07088" success="true" from="nursery"/>
<exclusive-end id="208" timestamp="2019-06-20T21:28:23.527" durationms="5.890" />

<exclusive-start id="209" timestamp="2019-06-20T21:28:23.628" intervalms="106.165">
  <response-info timems="0.031" idlems="0.031" threads="0" lastid="0000000001E06700" lastname="main" />
</exclusive-start>
<af-start id="210" threadId="0000000001E07088" totalBytesRequested="1056" timestamp="2019-06-20T21:28:23.628" intervalms="106.191" type="nursery" />
<cycle-start id="211" type="scavenge" contextid="0" timestamp="2019-06-20T21:28:23.628" intervalms="106.215" />
<gc-start id="212" type="scavenge" contextid="211" timestamp="2019-06-20T21:28:23.628">
  <mem-info id="213" free="4588168" total="9043968" percent="50">
    <mem type="nursery" free="0" total="2752512" percent="0">
      <mem type="allocate" free="0" total="2097152" percent="0" />
      <mem type="survivor" free="0" total="655360" percent="0" />
    </mem>
    <mem type="tenure" free="4588168" total="6291456" percent="72">
      <mem type="soa" free="4273800" total="5977088" percent="71" />
      <mem type="loa" free="314368" total="314368" percent="100" />
    </mem>
    <remembered-set count="2451" />
  </mem-info>
</gc-start>
<allocation-stats totalBytes="1968672" >
  <allocated-bytes non-tlh="124568" tlh="1844104" />
  <largest-consumer threadName="main" threadId="0000000001E06700" bytes="1956840" />
</allocation-stats>
<gc-op id="214" type="scavenge" timems="5.452" contextid="211" timestamp="2019-06-20T21:28:23.633">
  <scavenger-info tenureage="5" tenuremask="ffe0" tiltratio="76" />
  <memory-copied type="nursery" objects="10023" bytes="333336" bytesdiscarded="8360" />
  <finalization candidates="49" enqueued="0" />
  <ownableSynchronizers candidates="17" cleared="0" />
  <references type="soft" candidates="41" cleared="0" enqueued="0" dynamicThreshold="32" maxThreshold="32" />
  <references type="weak" candidates="953" cleared="70" enqueued="54" />
  <references type="phantom" candidates="7" cleared="0" enqueued="0" />
</gc-op>
<gc-end id="215" type="scavenge" contextid="211" durationms="5.905" usertimems="8.000" systemtimems="0.000" timestamp="2019-06-20T21:28:23.634" activeThreads="4">
  <mem-info id="216" free="6343296" total="9043968" percent="70">
    <mem type="nursery" free="1755128" total="2752512" percent="63">
      <mem type="allocate" free="1755128" total="2097152" percent="83" />
      <mem type="survivor" free="0" total="655360" percent="0" />
    </mem>
    <mem type="tenure" free="4588168" total="6291456" percent="72" macro-fragmented="3732887">
      <mem type="soa" free="4273800" total="5977088" percent="71" />
      <mem type="loa" free="314368" total="314368" percent="100" />
    </mem>
    <pending-finalizers system="0" default="0" reference="54" classloader="0" />
    <remembered-set count="2318" />
  </mem-info>
</gc-end>
<cycle-end id="217" type="scavenge" contextid="211" timestamp="2019-06-20T21:28:23.634" />
  <attribute name="elasticGC enabled" value="1" />
  <attribute name= "numThreadsSpecified" value="4" />
  <attribute name="heapSize specified" value="0" />
  <attribute name="Current GC Util" value="4" />
  <attribute name= "Current Time Running" value="41821" />
  <attribute name ="GC Interval" value="200" />
  <attribute name="ProportionalT" value="-24.000000" />
  <attribute name="ProportionalI" value="-24.000000" />
  <attribute name="ProportionalH" value="-24.000000" />
  <attribute name="Current Error" value="-16.000000" />
  <attribute name="IntegralT" value="-1712.000000" />
  <attribute name="IntegralI" value="-1712.000000" />
  <attribute name="IntegralH" value="-1712.000000" />
  <attribute name="DerivativeT" value="-0.224299" />
  <attribute name="DerivativeI" value="-0.224299" />
  <attribute name="DerivativeH" value="-0.224299" />
  <attribute name="Loop Time for DT" value="107.000000" />
  <attribute name="Output H" value="2092630016"/>
  <attribute name="Output I" value="200"/>
  <attribute name="Output T" value="4"/>
  <attribute name="Target GC Util Change" value ="20.000000" />
  <attribute name="Current GC Util Change" value="4.000000"/>
  <attribute name="GC Util currently" value="4" />
  <attribute name="CPU Util currently" value="8" />
<allocation-satisfied id="218" threadId="0000000001E06700" bytesRequested="1056" />
<af-end id="219" timestamp="2019-06-20T21:28:23.634" threadId="0000000001E07088" success="true" from="nursery"/>
<exclusive-end id="220" timestamp="2019-06-20T21:28:23.634" durationms="6.706" />

<exclusive-start id="221" timestamp="2019-06-20T21:28:23.692" intervalms="64.365">
  <response-info timems="0.057" idlems="0.057" threads="0" lastid="0000000001E06700" lastname="main" />
</exclusive-start>
<af-start id="222" threadId="0000000001E07088" totalBytesRequested="40" timestamp="2019-06-20T21:28:23.692" intervalms="64.411" type="nursery" />
<cycle-start id="223" type="scavenge" contextid="0" timestamp="2019-06-20T21:28:23.692" intervalms="64.454" />
<gc-start id="224" type="scavenge" contextid="223" timestamp="2019-06-20T21:28:23.692">
  <mem-info id="225" free="4538624" total="9043968" percent="50">
    <mem type="nursery" free="0" total="2752512" percent="0">
      <mem type="allocate" free="0" total="2097152" percent="0" />
      <mem type="survivor" free="0" total="655360" percent="0" />
    </mem>
    <mem type="tenure" free="4538624" total="6291456" percent="72">
      <mem type="soa" free="4224256" total="5977088" percent="70" />
      <mem type="loa" free="314368" total="314368" percent="100" />
    </mem>
    <remembered-set count="2911" />
  </mem-info>
</gc-start>
<allocation-stats totalBytes="1802960" >
  <allocated-bytes non-tlh="50600" tlh="1752360" />
  <largest-consumer threadName="main" threadId="0000000001E06700" bytes="1794768" />
</allocation-stats>
<gc-op id="226" type="scavenge" timems="5.780" contextid="223" timestamp="2019-06-20T21:28:23.698">
  <scavenger-info tenureage="5" tenuremask="ffe0" tiltratio="76" />
  <memory-copied type="nursery" objects="13093" bytes="461200" bytesdiscarded="58080" />
  <finalization candidates="49" enqueued="0" />
  <ownableSynchronizers candidates="17" cleared="0" />
  <references type="soft" candidates="287" cleared="0" enqueued="0" dynamicThreshold="32" maxThreshold="32" />
  <references type="weak" candidates="1004" cleared="24" enqueued="24" />
  <references type="phantom" candidates="12" cleared="3" enqueued="3" />
</gc-op>
<heap-resize id="227" type="expand" space="nursery" amount="262144" count="1" timems="0.013" reason="excessive time being spent scavenging" timestamp="2019-06-20T21:28:23.699" />
<gc-end id="228" type="scavenge" contextid="223" durationms="6.524" usertimems="0.000" systemtimems="4.000" timestamp="2019-06-20T21:28:23.699" activeThreads="4">
  <mem-info id="229" free="6312696" total="9306112" percent="67">
    <mem type="nursery" free="1774072" total="3014656" percent="58">
      <mem type="allocate" free="1774072" total="2293760" percent="77" />
      <mem type="survivor" free="0" total="720896" percent="0" />
    </mem>
    <mem type="tenure" free="4538624" total="6291456" percent="72" macro-fragmented="3732887">
      <mem type="soa" free="4224256" total="5977088" percent="70" />
      <mem type="loa" free="314368" total="314368" percent="100" />
    </mem>
    <pending-finalizers system="0" default="0" reference="27" classloader="0" />
    <remembered-set count="2574" />
  </mem-info>
</gc-end>
<cycle-end id="230" type="scavenge" contextid="223" timestamp="2019-06-20T21:28:23.699" />
  <attribute name="elasticGC enabled" value="1" />
  <attribute name= "numThreadsSpecified" value="4" />
  <attribute name="heapSize specified" value="0" />
  <attribute name="Current GC Util" value="8" />
  <attribute name= "Current Time Running" value="41885" />
  <attribute name ="GC Interval" value="200" />
  <attribute name="ProportionalT" value="-18.000000" />
  <attribute name="ProportionalI" value="-18.000000" />
  <attribute name="ProportionalH" value="-18.000000" />
  <attribute name="Current Error" value="-12.000000" />
  <attribute name="IntegralT" value="-768.000000" />
  <attribute name="IntegralI" value="-768.000000" />
  <attribute name="IntegralH" value="-768.000000" />
  <attribute name="DerivativeT" value="-0.281250" />
  <attribute name="DerivativeI" value="-0.281250" />
  <attribute name="DerivativeH" value="-0.281250" />
  <attribute name="Loop Time for DT" value="64.000000" />
  <attribute name="Output H" value="2092630016"/>
  <attribute name="Output I" value="200"/>
  <attribute name="Output T" value="4"/>
  <attribute name="Target GC Util Change" value ="20.000000" />
  <attribute name="Current GC Util Change" value="8.000000"/>
  <attribute name="GC Util currently" value="8" />
  <attribute name="CPU Util currently" value="71312989482" />
<allocation-satisfied id="231" threadId="0000000001E06700" bytesRequested="40" />
<af-end id="232" timestamp="2019-06-20T21:28:23.699" threadId="0000000001E07088" success="true" from="nursery"/>
<exclusive-end id="233" timestamp="2019-06-20T21:28:23.699" durationms="7.441" />

<exclusive-start id="234" timestamp="2019-06-20T21:28:26.458" intervalms="2766.042">
  <response-info timems="0.069" idlems="0.069" threads="0" lastid="0000000001E06700" lastname="main" />
</exclusive-start>
<af-start id="235" threadId="0000000001E07088" totalBytesRequested="15616" timestamp="2019-06-20T21:28:26.458" intervalms="2766.068" type="nursery" />
<cycle-start id="236" type="scavenge" contextid="0" timestamp="2019-06-20T21:28:26.458" intervalms="2766.090" />
<gc-start id="237" type="scavenge" contextid="236" timestamp="2019-06-20T21:28:26.459">
  <mem-info id="238" free="4510960" total="9306112" percent="48">
    <mem type="nursery" free="0" total="3014656" percent="0">
      <mem type="allocate" free="0" total="2293760" percent="0" />
      <mem type="survivor" free="0" total="720896" percent="0" />
    </mem>
    <mem type="tenure" free="4510960" total="6291456" percent="71">
      <mem type="soa" free="4196592" total="5977088" percent="70" />
      <mem type="loa" free="314368" total="314368" percent="100" />
    </mem>
    <remembered-set count="2955" />
  </mem-info>
</gc-start>
<allocation-stats totalBytes="1785752" >
  <allocated-bytes non-tlh="27704" tlh="1758048" />
  <largest-consumer threadName="main" threadId="0000000001E06700" bytes="1777560" />
</allocation-stats>
<gc-op id="239" type="scavenge" timems="5.890" contextid="236" timestamp="2019-06-20T21:28:26.465">
  <scavenger-info tenureage="3" tenuremask="ffc8" tiltratio="76" />
  <memory-copied type="nursery" objects="13173" bytes="473832" bytesdiscarded="115856" />
  <memory-copied type="tenure" objects="2576" bytes="105896" bytesdiscarded="64" />
  <finalization candidates="49" enqueued="0" />
  <ownableSynchronizers candidates="17" cleared="0" />
  <references type="soft" candidates="503" cleared="0" enqueued="0" dynamicThreshold="32" maxThreshold="32" />
  <references type="weak" candidates="674" cleared="17" enqueued="17" />
  <references type="phantom" candidates="8" cleared="2" enqueued="2" />
</gc-op>
<gc-end id="240" type="scavenge" contextid="236" durationms="6.464" usertimems="4.000" systemtimems="0.000" timestamp="2019-06-20T21:28:26.465" activeThreads="4">
  <mem-info id="241" free="6043872" total="9306112" percent="64">
    <mem type="nursery" free="1834736" total="3014656" percent="60">
      <mem type="allocate" free="1834736" total="2424832" percent="75" />
      <mem type="survivor" free="0" total="589824" percent="0" />
    </mem>
    <mem type="tenure" free="4209136" total="6291456" percent="66" macro-fragmented="3732887">
      <mem type="soa" free="3894768" total="5977088" percent="65" />
      <mem type="loa" free="314368" total="314368" percent="100" />
    </mem>
    <pending-finalizers system="0" default="0" reference="19" classloader="0" />
    <remembered-set count="1458" />
  </mem-info>
</gc-end>
<cycle-end id="242" type="scavenge" contextid="236" timestamp="2019-06-20T21:28:26.465" />
  <attribute name="elasticGC enabled" value="1" />
  <attribute name= "numThreadsSpecified" value="4" />
  <attribute name="heapSize specified" value="0" />
  <attribute name="Current GC Util" value="0" />
  <attribute name= "Current Time Running" value="44651" />
  <attribute name ="GC Interval" value="200" />
  <attribute name="ProportionalT" value="-30.000000" />
  <attribute name="ProportionalI" value="-30.000000" />
  <attribute name="ProportionalH" value="-30.000000" />
  <attribute name="Current Error" value="-20.000000" />
  <attribute name="IntegralT" value="-55320.000000" />
  <attribute name="IntegralI" value="-55320.000000" />
  <attribute name="IntegralH" value="-55320.000000" />
  <attribute name="DerivativeT" value="-0.010846" />
  <attribute name="DerivativeI" value="-0.010846" />
  <attribute name="DerivativeH" value="-0.010846" />
  <attribute name="Loop Time for DT" value="2766.000000" />
  <attribute name="Output H" value="2092630016"/>
  <attribute name="Output I" value="200"/>
  <attribute name="Output T" value="4"/>
  <attribute name="Target GC Util Change" value ="20.000000" />
  <attribute name="Current GC Util Change" value="0.000000"/>
  <attribute name="GC Util currently" value="0" />
  <attribute name="CPU Util currently" value="3" />
<allocation-satisfied id="243" threadId="0000000001E06700" bytesRequested="15616" />
<af-end id="244" timestamp="2019-06-20T21:28:26.465" threadId="0000000001E07088" success="true" from="nursery"/>
<exclusive-end id="245" timestamp="2019-06-20T21:28:26.466" durationms="7.595" />

<exclusive-start id="246" timestamp="2019-06-20T21:28:26.526" intervalms="67.782">
  <response-info timems="0.025" idlems="0.025" threads="0" lastid="0000000001E06700" lastname="main" />
</exclusive-start>
<af-start id="247" threadId="0000000001E07088" totalBytesRequested="1032" timestamp="2019-06-20T21:28:26.526" intervalms="67.688" type="nursery" />
<cycle-start id="248" type="scavenge" contextid="0" timestamp="2019-06-20T21:28:26.526" intervalms="67.597" />
<gc-start id="249" type="scavenge" contextid="248" timestamp="2019-06-20T21:28:26.526">
  <mem-info id="250" free="4166096" total="9306112" percent="44">
    <mem type="nursery" free="0" total="3014656" percent="0">
      <mem type="allocate" free="0" total="2424832" percent="0" />
      <mem type="survivor" free="0" total="589824" percent="0" />
    </mem>
    <mem type="tenure" free="4166096" total="6291456" percent="66">
      <mem type="soa" free="3851728" total="5977088" percent="64" />
      <mem type="loa" free="314368" total="314368" percent="100" />
    </mem>
    <remembered-set count="1849" />
  </mem-info>
</gc-start>
<allocation-stats totalBytes="1873384" >
  <allocated-bytes non-tlh="58656" tlh="1814728" />
  <largest-consumer threadName="main" threadId="0000000001E06700" bytes="1873384" />
</allocation-stats>
<gc-op id="251" type="scavenge" timems="5.878" contextid="248" timestamp="2019-06-20T21:28:26.532">
  <scavenger-info tenureage="3" tenuremask="ffc8" tiltratio="80" />
  <memory-copied type="nursery" objects="6802" bytes="286176" bytesdiscarded="90456" />
  <memory-copied type="tenure" objects="7079" bytes="212440" bytesdiscarded="16" />
  <finalization candidates="14" enqueued="0" />
  <references type="soft" candidates="482" cleared="0" enqueued="0" dynamicThreshold="32" maxThreshold="32" />
  <references type="weak" candidates="435" cleared="10" enqueued="10" />
  <references type="phantom" candidates="5" cleared="0" enqueued="0" />
</gc-op>
<heap-resize id="252" type="expand" space="nursery" amount="131072" count="1" timems="0.012" reason="excessive time being spent scavenging" timestamp="2019-06-20T21:28:26.532" />
<gc-end id="253" type="scavenge" contextid="248" durationms="6.446" usertimems="8.000" systemtimems="0.000" timestamp="2019-06-20T21:28:26.532" activeThreads="4">
  <mem-info id="254" free="6047480" total="9437184" percent="64">
    <mem type="nursery" free="2113320" total="3145728" percent="67">
      <mem type="allocate" free="2113320" total="2490368" percent="84" />
      <mem type="survivor" free="0" total="655360" percent="0" />
    </mem>
    <mem type="tenure" free="3934160" total="6291456" percent="62" macro-fragmented="1800196">
      <mem type="soa" free="3619792" total="5977088" percent="60" />
      <mem type="loa" free="314368" total="314368" percent="100" />
    </mem>
    <pending-finalizers system="0" default="0" reference="10" classloader="0" />
    <remembered-set count="1266" />
  </mem-info>
</gc-end>
<cycle-end id="255" type="scavenge" contextid="248" timestamp="2019-06-20T21:28:26.533" />
  <attribute name="elasticGC enabled" value="1" />
  <attribute name= "numThreadsSpecified" value="4" />
  <attribute name="heapSize specified" value="0" />
  <attribute name="Current GC Util" value="9" />
  <attribute name= "Current Time Running" value="44719" />
  <attribute name ="GC Interval" value="200" />
  <attribute name="ProportionalT" value="-16.500000" />
  <attribute name="ProportionalI" value="-16.500000" />
  <attribute name="ProportionalH" value="-16.500000" />
  <attribute name="Current Error" value="-11.000000" />
  <attribute name="IntegralT" value="-748.000000" />
  <attribute name="IntegralI" value="-748.000000" />
  <attribute name="IntegralH" value="-748.000000" />
  <attribute name="DerivativeT" value="-0.242647" />
  <attribute name="DerivativeI" value="-0.242647" />
  <attribute name="DerivativeH" value="-0.242647" />
  <attribute name="Loop Time for DT" value="68.000000" />
  <attribute name="Output H" value="2092630016"/>
  <attribute name="Output I" value="200"/>
  <attribute name="Output T" value="4"/>
  <attribute name="Target GC Util Change" value ="20.000000" />
  <attribute name="Current GC Util Change" value="9.000000"/>
  <attribute name="GC Util currently" value="9" />
  <attribute name="CPU Util currently" value="68407493120" />
<allocation-satisfied id="256" threadId="0000000001E06700" bytesRequested="1032" />
<af-end id="257" timestamp="2019-06-20T21:28:26.533" threadId="0000000001E07088" success="true" from="nursery"/>
<exclusive-end id="258" timestamp="2019-06-20T21:28:26.533" durationms="7.176" />

<exclusive-start id="259" timestamp="2019-06-20T21:28:26.600" intervalms="74.091">
  <response-info timems="0.029" idlems="0.029" threads="0" lastid="0000000001E06700" lastname="main" />
</exclusive-start>
<af-start id="260" threadId="0000000001E07088" totalBytesRequested="520" timestamp="2019-06-20T21:28:26.600" intervalms="74.088" type="nursery" />
<cycle-start id="261" type="scavenge" contextid="0" timestamp="2019-06-20T21:28:26.600" intervalms="74.087" />
<gc-start id="262" type="scavenge" contextid="261" timestamp="2019-06-20T21:28:26.600">
  <mem-info id="263" free="3888760" total="9437184" percent="41">
    <mem type="nursery" free="0" total="3145728" percent="0">
      <mem type="allocate" free="0" total="2490368" percent="0" />
      <mem type="survivor" free="0" total="655360" percent="0" />
    </mem>
    <mem type="tenure" free="3888760" total="6291456" percent="61">
      <mem type="soa" free="3574392" total="5977088" percent="59" />
      <mem type="loa" free="314368" total="314368" percent="100" />
    </mem>
    <remembered-set count="1724" />
  </mem-info>
</gc-start>
<allocation-stats totalBytes="2154472" >
  <allocated-bytes non-tlh="46432" tlh="2108040" />
  <largest-consumer threadName="main" threadId="0000000001E06700" bytes="2154472" />
</allocation-stats>
<gc-op id="264" type="scavenge" timems="5.504" contextid="261" timestamp="2019-06-20T21:28:26.606">
  <scavenger-info tenureage="5" tenuremask="ff60" tiltratio="79" />
  <memory-copied type="nursery" objects="8450" bytes="335200" bytesdiscarded="84584" />
  <memory-copied type="tenure" objects="120" bytes="3176" bytesdiscarded="0" />
  <finalization candidates="3" enqueued="0" />
  <references type="soft" candidates="524" cleared="0" enqueued="0" dynamicThreshold="32" maxThreshold="32" />
  <references type="weak" candidates="742" cleared="15" enqueued="15" />
  <references type="phantom" candidates="5" cleared="1" enqueued="1" />
</gc-op>
<gc-end id="265" type="scavenge" contextid="261" durationms="5.974" usertimems="4.000" systemtimems="0.000" timestamp="2019-06-20T21:28:26.606" activeThreads="4">
  <mem-info id="266" free="6089992" total="9437184" percent="64">
    <mem type="nursery" free="2201232" total="3145728" percent="69">
      <mem type="allocate" free="2201232" total="2621440" percent="83" />
      <mem type="survivor" free="0" total="524288" percent="0" />
    </mem>
    <mem type="tenure" free="3888760" total="6291456" percent="61" macro-fragmented="3110739">
      <mem type="soa" free="3574392" total="5977088" percent="59" />
      <mem type="loa" free="314368" total="314368" percent="100" />
    </mem>
    <pending-finalizers system="0" default="0" reference="16" classloader="0" />
    <remembered-set count="1087" />
  </mem-info>
</gc-end>
<cycle-end id="267" type="scavenge" contextid="261" timestamp="2019-06-20T21:28:26.606" />
  <attribute name="elasticGC enabled" value="1" />
  <attribute name= "numThreadsSpecified" value="4" />
  <attribute name="heapSize specified" value="0" />
  <attribute name="Current GC Util" value="8" />
  <attribute name= "Current Time Running" value="44793" />
  <attribute name ="GC Interval" value="200" />
  <attribute name="ProportionalT" value="-18.000000" />
  <attribute name="ProportionalI" value="-18.000000" />
  <attribute name="ProportionalH" value="-18.000000" />
  <attribute name="Current Error" value="-12.000000" />
  <attribute name="IntegralT" value="-888.000000" />
  <attribute name="IntegralI" value="-888.000000" />
  <attribute name="IntegralH" value="-888.000000" />
  <attribute name="DerivativeT" value="-0.243243" />
  <attribute name="DerivativeI" value="-0.243243" />
  <attribute name="DerivativeH" value="-0.243243" />
  <attribute name="Loop Time for DT" value="74.000000" />
  <attribute name="Output H" value="2092630016"/>
  <attribute name="Output I" value="200"/>
  <attribute name="Output T" value="4"/>
  <attribute name="Target GC Util Change" value ="20.000000" />
  <attribute name="Current GC Util Change" value="8.000000"/>
  <attribute name="GC Util currently" value="8" />
  <attribute name="CPU Util currently" value="7" />
<allocation-satisfied id="268" threadId="0000000001E06700" bytesRequested="520" />
<af-end id="269" timestamp="2019-06-20T21:28:26.607" threadId="0000000001E07088" success="true" from="nursery"/>
<exclusive-end id="270" timestamp="2019-06-20T21:28:26.607" durationms="6.820" />

<exclusive-start id="271" timestamp="2019-06-20T21:28:26.677" intervalms="76.940">
  <response-info timems="0.027" idlems="0.027" threads="0" lastid="0000000001E06700" lastname="main" />
</exclusive-start>
<af-start id="272" threadId="0000000001E07088" totalBytesRequested="88" timestamp="2019-06-20T21:28:26.677" intervalms="76.977" type="nursery" />
<cycle-start id="273" type="scavenge" contextid="0" timestamp="2019-06-20T21:28:26.677" intervalms="76.972" />
<gc-start id="274" type="scavenge" contextid="273" timestamp="2019-06-20T21:28:26.677">
  <mem-info id="275" free="3821040" total="9437184" percent="40">
    <mem type="nursery" free="0" total="3145728" percent="0">
      <mem type="allocate" free="0" total="2621440" percent="0" />
      <mem type="survivor" free="0" total="524288" percent="0" />
    </mem>
    <mem type="tenure" free="3821040" total="6291456" percent="60">
      <mem type="soa" free="3506672" total="5977088" percent="58" />
      <mem type="loa" free="314368" total="314368" percent="100" />
    </mem>
    <remembered-set count="1781" />
  </mem-info>
</gc-start>
<allocation-stats totalBytes="2266064" >
  <allocated-bytes non-tlh="68240" tlh="2197824" />
  <largest-consumer threadName="main" threadId="0000000001E06700" bytes="2261968" />
</allocation-stats>
<gc-op id="276" type="scavenge" timems="5.866" contextid="273" timestamp="2019-06-20T21:28:26.683">
  <scavenger-info tenureage="3" tenuremask="ff78" tiltratio="83" />
  <memory-copied type="nursery" objects="5998" bytes="241432" bytesdiscarded="107408" />
  <memory-copied type="tenure" objects="5723" bytes="216528" bytesdiscarded="80" />
  <finalization candidates="3" enqueued="0" />
  <ownableSynchronizers candidates="1" cleared="0" />
  <references type="soft" candidates="218" cleared="0" enqueued="0" dynamicThreshold="32" maxThreshold="32" />
  <references type="weak" candidates="968" cleared="1" enqueued="1" />
  <references type="phantom" candidates="1" cleared="0" enqueued="0" />
</gc-op>
<heap-resize id="277" type="expand" space="nursery" amount="262144" count="1" timems="0.012" reason="excessive time being spent scavenging" timestamp="2019-06-20T21:28:26.683" />
<gc-end id="278" type="scavenge" contextid="273" durationms="6.464" usertimems="8.000" systemtimems="0.000" timestamp="2019-06-20T21:28:26.684" activeThreads="4">
  <mem-info id="279" free="6110704" total="9699328" percent="63">
    <mem type="nursery" free="2468608" total="3407872" percent="72">
      <mem type="allocate" free="2468608" total="2818048" percent="87" />
      <mem type="survivor" free="0" total="589824" percent="0" />
    </mem>
    <mem type="tenure" free="3642096" total="6291456" percent="57" macro-fragmented="2160235">
      <mem type="soa" free="3327728" total="5977088" percent="55" />
      <mem type="loa" free="314368" total="314368" percent="100" />
    </mem>
    <pending-finalizers system="0" default="0" reference="1" classloader="0" />
    <remembered-set count="1317" />
  </mem-info>
</gc-end>
<cycle-end id="280" type="scavenge" contextid="273" timestamp="2019-06-20T21:28:26.684" />
  <attribute name="elasticGC enabled" value="1" />
  <attribute name= "numThreadsSpecified" value="4" />
  <attribute name="heapSize specified" value="0" />
  <attribute name="Current GC Util" value="7" />
  <attribute name= "Current Time Running" value="44870" />
  <attribute name ="GC Interval" value="200" />
  <attribute name="ProportionalT" value="-19.500000" />
  <attribute name="ProportionalI" value="-19.500000" />
  <attribute name="ProportionalH" value="-19.500000" />
  <attribute name="Current Error" value="-13.000000" />
  <attribute name="IntegralT" value="-1001.000000" />
  <attribute name="IntegralI" value="-1001.000000" />
  <attribute name="IntegralH" value="-1001.000000" />
  <attribute name="DerivativeT" value="-0.253247" />
  <attribute name="DerivativeI" value="-0.253247" />
  <attribute name="DerivativeH" value="-0.253247" />
  <attribute name="Loop Time for DT" value="77.000000" />
  <attribute name="Output H" value="2092630016"/>
  <attribute name="Output I" value="200"/>
  <attribute name="Output T" value="4"/>
  <attribute name="Target GC Util Change" value ="20.000000" />
  <attribute name="Current GC Util Change" value="7.000000"/>
  <attribute name="GC Util currently" value="7" />
  <attribute name="CPU Util currently" value="8" />
<allocation-satisfied id="281" threadId="0000000001E06700" bytesRequested="88" />
<af-end id="282" timestamp="2019-06-20T21:28:26.684" threadId="0000000001E07088" success="true" from="nursery"/>
<exclusive-end id="283" timestamp="2019-06-20T21:28:26.684" durationms="7.311" />

<exclusive-start id="284" timestamp="2019-06-20T21:28:26.772" intervalms="95.290">
  <response-info timems="0.064" idlems="0.064" threads="0" lastid="0000000001E06700" lastname="main" />
</exclusive-start>
<af-start id="285" threadId="0000000001E07088" totalBytesRequested="200008" timestamp="2019-06-20T21:28:26.772" intervalms="95.288" type="nursery" />
<cycle-start id="286" type="scavenge" contextid="0" timestamp="2019-06-20T21:28:26.772" intervalms="95.325" />
<gc-start id="287" type="scavenge" contextid="286" timestamp="2019-06-20T21:28:26.772">
  <mem-info id="288" free="3601928" total="9699328" percent="37">
    <mem type="nursery" free="19192" total="3407872" percent="0">
      <mem type="allocate" free="19192" total="2818048" percent="0" />
      <mem type="survivor" free="0" total="589824" percent="0" />
    </mem>
    <mem type="tenure" free="3582736" total="6291456" percent="56">
      <mem type="soa" free="3268368" total="5977088" percent="54" />
      <mem type="loa" free="314368" total="314368" percent="100" />
    </mem>
    <remembered-set count="2271" />
  </mem-info>
</gc-start>
<allocation-stats totalBytes="2488040" >
  <allocated-bytes non-tlh="321600" tlh="2166440" />
  <largest-consumer threadName="main" threadId="0000000001E06700" bytes="2422032" />
</allocation-stats>
<gc-op id="289" type="scavenge" timems="5.941" contextid="286" timestamp="2019-06-20T21:28:26.779">
  <scavenger-info tenureage="6" tenuremask="ffc0" tiltratio="82" />
  <memory-copied type="nursery" objects="7111" bytes="589152" bytesdiscarded="80" />
  <memory-copied type="tenure" objects="4937" bytes="213208" bytesdiscarded="8" />
  <copy-failed type="nursery" objects="4937" bytes="214112" />
  <finalization candidates="18" enqueued="0" />
  <ownableSynchronizers candidates="5" cleared="0" />
  <references type="soft" candidates="298" cleared="0" enqueued="0" dynamicThreshold="32" maxThreshold="32" />
  <references type="weak" candidates="490" cleared="46" enqueued="36" />
  <references type="phantom" candidates="9" cleared="3" enqueued="3" />
</gc-op>
<gc-end id="290" type="scavenge" contextid="286" durationms="6.427" usertimems="0.000" systemtimems="4.000" timestamp="2019-06-20T21:28:26.779" activeThreads="4">
  <mem-info id="291" free="4762128" total="9699328" percent="49">
    <mem type="nursery" free="1310720" total="3407872" percent="38">
      <mem type="allocate" free="1310720" total="1900544" percent="68" />
      <mem type="survivor" free="0" total="1507328" percent="0" />
    </mem>
    <mem type="tenure" free="3451408" total="6291456" percent="54" macro-fragmented="2592282">
      <mem type="soa" free="3137040" total="5977088" percent="52" />
      <mem type="loa" free="314368" total="314368" percent="100" />
    </mem>
    <pending-finalizers system="0" default="0" reference="39" classloader="0" />
    <remembered-set count="2668" />
  </mem-info>
</gc-end>
<cycle-end id="292" type="scavenge" contextid="286" timestamp="2019-06-20T21:28:26.779" />
  <attribute name="elasticGC enabled" value="1" />
  <attribute name= "numThreadsSpecified" value="4" />
  <attribute name="heapSize specified" value="0" />
  <attribute name="Current GC Util" value="6" />
  <attribute name= "Current Time Running" value="44965" />
  <attribute name ="GC Interval" value="200" />
  <attribute name="ProportionalT" value="-21.000000" />
  <attribute name="ProportionalI" value="-21.000000" />
  <attribute name="ProportionalH" value="-21.000000" />
  <attribute name="Current Error" value="-14.000000" />
  <attribute name="IntegralT" value="-1330.000000" />
  <attribute name="IntegralI" value="-1330.000000" />
  <attribute name="IntegralH" value="-1330.000000" />
  <attribute name="DerivativeT" value="-0.221053" />
  <attribute name="DerivativeI" value="-0.221053" />
  <attribute name="DerivativeH" value="-0.221053" />
  <attribute name="Loop Time for DT" value="95.000000" />
  <attribute name="Output H" value="2092630016"/>
  <attribute name="Output I" value="200"/>
  <attribute name="Output T" value="4"/>
  <attribute name="Target GC Util Change" value ="20.000000" />
  <attribute name="Current GC Util Change" value="6.000000"/>
  <attribute name="GC Util currently" value="6" />
  <attribute name="CPU Util currently" value="5" />
<allocation-satisfied id="293" threadId="0000000001E06700" bytesRequested="200008" />
<af-end id="294" timestamp="2019-06-20T21:28:26.779" threadId="0000000001E07088" success="true" from="nursery"/>
<exclusive-end id="295" timestamp="2019-06-20T21:28:26.779" durationms="7.384" />

<exclusive-start id="296" timestamp="2019-06-20T21:28:26.805" intervalms="33.228">
  <response-info timems="0.023" idlems="0.023" threads="0" lastid="0000000001E06700" lastname="main" />
</exclusive-start>
<af-start id="297" threadId="0000000001E07088" totalBytesRequested="130056" timestamp="2019-06-20T21:28:26.805" intervalms="33.207" type="nursery" />
<cycle-start id="298" type="scavenge" contextid="0" timestamp="2019-06-20T21:28:26.806" intervalms="33.234" />
<gc-start id="299" type="scavenge" contextid="298" timestamp="2019-06-20T21:28:26.806">
  <mem-info id="300" free="3436664" total="9699328" percent="35">
    <mem type="nursery" free="0" total="3407872" percent="0">
      <mem type="allocate" free="0" total="1900544" percent="0" />
      <mem type="survivor" free="0" total="1507328" percent="0" />
    </mem>
    <mem type="tenure" free="3436664" total="6291456" percent="54">
      <mem type="soa" free="3122296" total="5977088" percent="52" />
      <mem type="loa" free="314368" total="314368" percent="100" />
    </mem>
    <remembered-set count="2905" />
  </mem-info>
</gc-start>
<allocation-stats totalBytes="1321368" >
  <allocated-bytes non-tlh="524832" tlh="796536" />
  <largest-consumer threadName="main" threadId="0000000001E06700" bytes="1317272" />
</allocation-stats>
<gc-op id="301" type="scavenge" timems="4.458" contextid="298" timestamp="2019-06-20T21:28:26.810">
  <scavenger-info tenureage="3" tenuremask="fff8" tiltratio="55" />
  <memory-copied type="nursery" objects="5297" bytes="1087792" bytesdiscarded="60136" />
  <memory-copied type="tenure" objects="2101" bytes="93744" bytesdiscarded="0" />
  <finalization candidates="11" enqueued="0" />
  <ownableSynchronizers candidates="3" cleared="0" />
  <references type="soft" candidates="252" cleared="0" enqueued="0" dynamicThreshold="32" maxThreshold="32" />
  <references type="weak" candidates="308" cleared="1" enqueued="1" />
  <references type="phantom" candidates="6" cleared="0" enqueued="0" />
</gc-op>
<heap-resize id="302" type="expand" space="nursery" amount="262144" count="1" timems="0.014" reason="excessive time being spent scavenging" timestamp="2019-06-20T21:28:26.810" />
<gc-end id="303" type="scavenge" contextid="298" durationms="4.938" usertimems="4.000" systemtimems="0.000" timestamp="2019-06-20T21:28:26.811" activeThreads="4">
  <mem-info id="304" free="4188672" total="9961472" percent="42">
    <mem type="nursery" free="883336" total="3670016" percent="24">
      <mem type="allocate" free="883336" total="2031616" percent="43" />
      <mem type="survivor" free="0" total="1638400" percent="0" />
    </mem>
    <mem type="tenure" free="3305336" total="6291456" percent="52" macro-fragmented="1500163">
      <mem type="soa" free="2990968" total="5977088" percent="50" />
      <mem type="loa" free="314368" total="314368" percent="100" />
    </mem>
    <pending-finalizers system="0" default="0" reference="1" classloader="0" />
    <remembered-set count="2122" />
  </mem-info>
</gc-end>
<cycle-end id="305" type="scavenge" contextid="298" timestamp="2019-06-20T21:28:26.811" />
  <attribute name="elasticGC enabled" value="1" />
  <attribute name= "numThreadsSpecified" value="4" />
  <attribute name="heapSize specified" value="0" />
  <attribute name="Current GC Util" value="18" />
  <attribute name= "Current Time Running" value="44998" />
  <attribute name ="GC Interval" value="200" />
  <attribute name="ProportionalT" value="-3.000000" />
  <attribute name="ProportionalI" value="-3.000000" />
  <attribute name="ProportionalH" value="-3.000000" />
  <attribute name="Current Error" value="-2.000000" />
  <attribute name="IntegralT" value="-66.000000" />
  <attribute name="IntegralI" value="-66.000000" />
  <attribute name="IntegralH" value="-66.000000" />
  <attribute name="DerivativeT" value="-0.090909" />
  <attribute name="DerivativeI" value="-0.090909" />
  <attribute name="DerivativeH" value="-0.090909" />
  <attribute name="Loop Time for DT" value="33.000000" />
  <attribute name="Output H" value="2092630016"/>
  <attribute name="Output I" value="200"/>
  <attribute name="Output T" value="4"/>
  <attribute name="Target GC Util Change" value ="20.000000" />
  <attribute name="Current GC Util Change" value="18.000000"/>
  <attribute name="GC Util currently" value="18" />
  <attribute name="CPU Util currently" value="139049656817" />
<allocation-satisfied id="306" threadId="0000000001E06700" bytesRequested="130056" />
<af-end id="307" timestamp="2019-06-20T21:28:26.811" threadId="0000000001E07088" success="true" from="nursery"/>
<exclusive-end id="308" timestamp="2019-06-20T21:28:26.811" durationms="5.868" />

<exclusive-start id="309" timestamp="2019-06-20T21:28:26.829" intervalms="23.647">
  <response-info timems="0.074" idlems="0.074" threads="0" lastid="0000000001E06700" lastname="main" />
</exclusive-start>
<af-start id="310" threadId="0000000001E07088" totalBytesRequested="8096" timestamp="2019-06-20T21:28:26.829" intervalms="23.712" type="nursery" />
<cycle-start id="311" type="scavenge" contextid="0" timestamp="2019-06-20T21:28:26.829" intervalms="23.740" />
<gc-start id="312" type="scavenge" contextid="311" timestamp="2019-06-20T21:28:26.829">
  <mem-info id="313" free="3302840" total="9961472" percent="33">
    <mem type="nursery" free="0" total="3670016" percent="0">
      <mem type="allocate" free="0" total="2031616" percent="0" />
      <mem type="survivor" free="0" total="1638400" percent="0" />
    </mem>
    <mem type="tenure" free="3302840" total="6291456" percent="52">
      <mem type="soa" free="2988472" total="5977088" percent="49" />
      <mem type="loa" free="314368" total="314368" percent="100" />
    </mem>
    <remembered-set count="2155" />
  </mem-info>
</gc-start>
<allocation-stats totalBytes="878712" >
  <allocated-bytes non-tlh="655848" tlh="222864" />
  <largest-consumer threadName="main" threadId="0000000001E06700" bytes="878712" />
</allocation-stats>
<gc-op id="314" type="scavenge" timems="0.719" contextid="311" timestamp="2019-06-20T21:28:26.830">
  <scavenger-info tenureage="3" tenuremask="ffc8" tiltratio="55" />
  <memory-copied type="nursery" objects="2839" bytes="940296" bytesdiscarded="96112" />
  <memory-copied type="tenure" objects="2480" bytes="90448" bytesdiscarded="24" />
  <finalization candidates="8" enqueued="0" />
  <ownableSynchronizers candidates="3" cleared="0" />
  <references type="soft" candidates="123" cleared="0" enqueued="0" dynamicThreshold="32" maxThreshold="32" />
  <references type="weak" candidates="180" cleared="0" enqueued="0" />
  <references type="phantom" candidates="6" cleared="0" enqueued="0" />
</gc-op>
<gc-end id="315" type="scavenge" contextid="311" durationms="1.071" usertimems="0.000" systemtimems="0.000" timestamp="2019-06-20T21:28:26.831" activeThreads="4">
  <mem-info id="316" free="4392888" total="9961472" percent="44">
    <mem type="nursery" free="1191576" total="3670016" percent="32">
      <mem type="allocate" free="1191576" total="2228224" percent="53" />
      <mem type="survivor" free="0" total="1441792" percent="0" />
    </mem>
    <mem type="tenure" free="3201312" total="6291456" percent="50" macro-fragmented="10920">
      <mem type="soa" free="2886944" total="5977088" percent="48" />
      <mem type="loa" free="314368" total="314368" percent="100" />
    </mem>
    <remembered-set count="1228" />
  </mem-info>
</gc-end>
<cycle-end id="317" type="scavenge" contextid="311" timestamp="2019-06-20T21:28:26.831" />
  <attribute name="elasticGC enabled" value="1" />
  <attribute name= "numThreadsSpecified" value="4" />
  <attribute name="heapSize specified" value="0" />
  <attribute name="Current GC Util" value="19" />
  <attribute name= "Current Time Running" value="45022" />
  <attribute name ="GC Interval" value="200" />
  <attribute name="ProportionalT" value="-1.500000" />
  <attribute name="ProportionalI" value="-1.500000" />
  <attribute name="ProportionalH" value="-1.500000" />
  <attribute name="Current Error" value="-1.000000" />
  <attribute name="IntegralT" value="-24.000000" />
  <attribute name="IntegralI" value="-24.000000" />
  <attribute name="IntegralH" value="-24.000000" />
  <attribute name="DerivativeT" value="-0.062500" />
  <attribute name="DerivativeI" value="-0.062500" />
  <attribute name="DerivativeH" value="-0.062500" />
  <attribute name="Loop Time for DT" value="24.000000" />
  <attribute name="Output H" value="2092630016"/>
  <attribute name="Output I" value="200"/>
  <attribute name="Output T" value="4"/>
  <attribute name="Target GC Util Change" value ="20.000000" />
  <attribute name="Current GC Util Change" value="19.000000"/>
  <attribute name="GC Util currently" value="19" />
  <attribute name="CPU Util currently" value="193271158374" />
<allocation-satisfied id="318" threadId="0000000001E06700" bytesRequested="8096" />
<af-end id="319" timestamp="2019-06-20T21:28:26.831" threadId="0000000001E07088" success="true" from="nursery"/>
<exclusive-end id="320" timestamp="2019-06-20T21:28:26.831" durationms="2.055" />

<exclusive-start id="321" timestamp="2019-06-20T21:28:26.895" intervalms="66.008">
  <response-info timems="0.059" idlems="0.059" threads="0" lastid="0000000001E06700" lastname="main" />
</exclusive-start>
<af-start id="322" threadId="0000000001E07088" totalBytesRequested="4440" timestamp="2019-06-20T21:28:26.895" intervalms="65.960" type="nursery" />
<cycle-start id="323" type="scavenge" contextid="0" timestamp="2019-06-20T21:28:26.895" intervalms="65.951" />
<gc-start id="324" type="scavenge" contextid="323" timestamp="2019-06-20T21:28:26.895">
  <mem-info id="325" free="3184544" total="9961472" percent="31">
    <mem type="nursery" free="0" total="3670016" percent="0">
      <mem type="allocate" free="0" total="2228224" percent="0" />
      <mem type="survivor" free="0" total="1441792" percent="0" />
    </mem>
    <mem type="tenure" free="3184544" total="6291456" percent="50">
      <mem type="soa" free="2870176" total="5977088" percent="48" />
      <mem type="loa" free="314368" total="314368" percent="100" />
    </mem>
    <remembered-set count="1512" />
  </mem-info>
</gc-start>
<allocation-stats totalBytes="1139480" >
  <allocated-bytes non-tlh="24864" tlh="1114616" />
  <largest-consumer threadName="main" threadId="0000000001E06700" bytes="1139480" />
</allocation-stats>
<gc-op id="326" type="scavenge" timems="0.736" contextid="323" timestamp="2019-06-20T21:28:26.896">
  <scavenger-info tenureage="3" tenuremask="ffe8" tiltratio="60" />
  <memory-copied type="nursery" objects="1931" bytes="593704" bytesdiscarded="119296" />
  <memory-copied type="tenure" objects="2412" bytes="373992" bytesdiscarded="24" />
  <finalization candidates="8" enqueued="0" />
  <ownableSynchronizers candidates="2" cleared="0" />
  <references type="weak" candidates="2" cleared="2" enqueued="2" />
</gc-op>
<gc-end id="327" type="scavenge" contextid="323" durationms="1.112" usertimems="0.000" systemtimems="0.000" timestamp="2019-06-20T21:28:26.897" activeThreads="4">
  <mem-info id="328" free="4363616" total="9961472" percent="43">
    <mem type="nursery" free="1580752" total="3670016" percent="43">
      <mem type="allocate" free="1580752" total="2293760" percent="68" />
      <mem type="survivor" free="0" total="1376256" percent="0" />
    </mem>
    <mem type="tenure" free="2782864" total="6291456" percent="44" macro-fragmented="2160235">
      <mem type="soa" free="2468496" total="5977088" percent="41" />
      <mem type="loa" free="314368" total="314368" percent="100" />
    </mem>
    <pending-finalizers system="0" default="0" reference="2" classloader="0" />
    <remembered-set count="429" />
  </mem-info>
</gc-end>
<cycle-end id="329" type="scavenge" contextid="323" timestamp="2019-06-20T21:28:26.897" />
  <attribute name="elasticGC enabled" value="1" />
  <attribute name= "numThreadsSpecified" value="4" />
  <attribute name="heapSize specified" value="0" />
  <attribute name="Current GC Util" value="2" />
  <attribute name= "Current Time Running" value="45088" />
  <attribute name ="GC Interval" value="200" />
  <attribute name="ProportionalT" value="-27.000000" />
  <attribute name="ProportionalI" value="-27.000000" />
  <attribute name="ProportionalH" value="-27.000000" />
  <attribute name="Current Error" value="-18.000000" />
  <attribute name="IntegralT" value="-1188.000000" />
  <attribute name="IntegralI" value="-1188.000000" />
  <attribute name="IntegralH" value="-1188.000000" />
  <attribute name="DerivativeT" value="-0.409091" />
  <attribute name="DerivativeI" value="-0.409091" />
  <attribute name="DerivativeH" value="-0.409091" />
  <attribute name="Loop Time for DT" value="66.000000" />
  <attribute name="Output H" value="2092630016"/>
  <attribute name="Output I" value="200"/>
  <attribute name="Output T" value="4"/>
  <attribute name="Target GC Util Change" value ="20.000000" />
  <attribute name="Current GC Util Change" value="2.000000"/>
  <attribute name="GC Util currently" value="2" />
  <attribute name="CPU Util currently" value="69824061924" />
<allocation-satisfied id="330" threadId="0000000001E06700" bytesRequested="4440" />
<af-end id="331" timestamp="2019-06-20T21:28:26.897" threadId="0000000001E07088" success="true" from="nursery"/>
<exclusive-end id="332" timestamp="2019-06-20T21:28:26.897" durationms="1.903" />

<exclusive-start id="333" timestamp="2019-06-20T21:28:26.976" intervalms="81.190">
  <response-info timems="0.029" idlems="0.029" threads="0" lastid="0000000001E06700" lastname="main" />
</exclusive-start>
<af-start id="334" threadId="0000000001E07088" totalBytesRequested="7176" timestamp="2019-06-20T21:28:26.976" intervalms="81.165" type="nursery" />
<cycle-start id="335" type="scavenge" contextid="0" timestamp="2019-06-20T21:28:26.976" intervalms="81.087" />
<gc-start id="336" type="scavenge" contextid="335" timestamp="2019-06-20T21:28:26.976">
  <mem-info id="337" free="2755064" total="9961472" percent="27">
    <mem type="nursery" free="0" total="3670016" percent="0">
      <mem type="allocate" free="0" total="2293760" percent="0" />
      <mem type="survivor" free="0" total="1376256" percent="0" />
    </mem>
    <mem type="tenure" free="2755064" total="6291456" percent="43">
      <mem type="soa" free="2440696" total="5977088" percent="40" />
      <mem type="loa" free="314368" total="314368" percent="100" />
    </mem>
    <remembered-set count="820" />
  </mem-info>
</gc-start>
<allocation-stats totalBytes="1601408" >
  <allocated-bytes non-tlh="32240" tlh="1569168" />
  <largest-consumer threadName="main" threadId="0000000001E06700" bytes="1601408" />
</allocation-stats>
<gc-op id="338" type="scavenge" timems="0.620" contextid="335" timestamp="2019-06-20T21:28:26.977">
  <scavenger-info tenureage="3" tenuremask="ffe8" tiltratio="62" />
  <memory-copied type="nursery" objects="6022" bytes="299624" bytesdiscarded="172232" />
  <memory-copied type="tenure" objects="370" bytes="544680" bytesdiscarded="112" />
  <references type="soft" candidates="54" cleared="0" enqueued="0" dynamicThreshold="32" maxThreshold="32" />
  <references type="weak" candidates="153" cleared="0" enqueued="0" />
  <references type="phantom" candidates="1" cleared="0" enqueued="0" />
</gc-op>
<gc-end id="339" type="scavenge" contextid="335" durationms="0.913" usertimems="0.000" systemtimems="0.000" timestamp="2019-06-20T21:28:26.977" activeThreads="4">
  <mem-info id="340" free="4149208" total="9961472" percent="41">
    <mem type="nursery" free="1952848" total="3670016" percent="53">
      <mem type="allocate" free="1952848" total="2424832" percent="80" />
      <mem type="survivor" free="0" total="1245184" percent="0" />
    </mem>
    <mem type="tenure" free="2196360" total="6291456" percent="34" macro-fragmented="2090937">
      <mem type="soa" free="1881992" total="5977088" percent="31" />
      <mem type="loa" free="314368" total="314368" percent="100" />
    </mem>
    <remembered-set count="776" />
  </mem-info>
</gc-end>
<cycle-end id="341" type="scavenge" contextid="335" timestamp="2019-06-20T21:28:26.977" />
  <attribute name="elasticGC enabled" value="1" />
  <attribute name= "numThreadsSpecified" value="4" />
  <attribute name="heapSize specified" value="0" />
  <attribute name="Current GC Util" value="1" />
  <attribute name= "Current Time Running" value="45169" />
  <attribute name ="GC Interval" value="200" />
  <attribute name="ProportionalT" value="-28.500000" />
  <attribute name="ProportionalI" value="-28.500000" />
  <attribute name="ProportionalH" value="-28.500000" />
  <attribute name="Current Error" value="-19.000000" />
  <attribute name="IntegralT" value="-1539.000000" />
  <attribute name="IntegralI" value="-1539.000000" />
  <attribute name="IntegralH" value="-1539.000000" />
  <attribute name="DerivativeT" value="-0.351852" />
  <attribute name="DerivativeI" value="-0.351852" />
  <attribute name="DerivativeH" value="-0.351852" />
  <attribute name="Loop Time for DT" value="81.000000" />
  <attribute name="Output H" value="2092630016"/>
  <attribute name="Output I" value="200"/>
  <attribute name="Output T" value="4"/>
  <attribute name="Target GC Util Change" value ="20.000000" />
  <attribute name="Current GC Util Change" value="1.000000"/>
  <attribute name="GC Util currently" value="1" />
  <attribute name="CPU Util currently" value="5" />
<allocation-satisfied id="342" threadId="0000000001E06700" bytesRequested="7176" />
<af-end id="343" timestamp="2019-06-20T21:28:26.978" threadId="0000000001E07088" success="true" from="nursery"/>
<exclusive-end id="344" timestamp="2019-06-20T21:28:26.978" durationms="1.467" />

<exclusive-start id="345" timestamp="2019-06-20T21:28:27.028" intervalms="51.898">
  <response-info timems="0.030" idlems="0.030" threads="0" lastid="0000000001E06700" lastname="main" />
</exclusive-start>
<af-start id="346" threadId="0000000001E07088" totalBytesRequested="10120" timestamp="2019-06-20T21:28:27.028" intervalms="51.924" type="nursery" />
<cycle-start id="347" type="scavenge" contextid="0" timestamp="2019-06-20T21:28:27.028" intervalms="51.981" />
<gc-start id="348" type="scavenge" contextid="347" timestamp="2019-06-20T21:28:27.028">
  <mem-info id="349" free="2163472" total="9961472" percent="21">
    <mem type="nursery" free="0" total="3670016" percent="0">
      <mem type="allocate" free="0" total="2424832" percent="0" />
      <mem type="survivor" free="0" total="1245184" percent="0" />
    </mem>
    <mem type="tenure" free="2163472" total="6291456" percent="34">
      <mem type="soa" free="1849104" total="5977088" percent="30" />
      <mem type="loa" free="314368" total="314368" percent="100" />
    </mem>
    <remembered-set count="1157" />
  </mem-info>
</gc-start>
<allocation-stats totalBytes="1975128" >
  <allocated-bytes non-tlh="40064" tlh="1935064" />
  <largest-consumer threadName="main" threadId="0000000001E06700" bytes="1975128" />
</allocation-stats>
<gc-op id="350" type="scavenge" timems="0.599" contextid="347" timestamp="2019-06-20T21:28:27.029">
  <scavenger-info tenureage="5" tenuremask="ffe0" tiltratio="66" />
  <memory-copied type="nursery" objects="7066" bytes="309872" bytesdiscarded="100392" />
  <references type="soft" candidates="54" cleared="0" enqueued="0" dynamicThreshold="32" maxThreshold="32" />
  <references type="weak" candidates="410" cleared="0" enqueued="0" />
</gc-op>
<gc-end id="351" type="scavenge" contextid="347" durationms="0.863" usertimems="0.000" systemtimems="0.000" timestamp="2019-06-20T21:28:27.029" activeThreads="4">
  <mem-info id="352" free="4374368" total="9961472" percent="43">
    <mem type="nursery" free="2210896" total="3670016" percent="60">
      <mem type="allocate" free="2210896" total="2621440" percent="84" />
      <mem type="survivor" free="0" total="1048576" percent="0" />
    </mem>
    <mem type="tenure" free="2163472" total="6291456" percent="34" macro-fragmented="2090937">
      <mem type="soa" free="1849104" total="5977088" percent="30" />
      <mem type="loa" free="314368" total="314368" percent="100" />
    </mem>
    <remembered-set count="894" />
  </mem-info>
</gc-end>
<cycle-end id="353" type="scavenge" contextid="347" timestamp="2019-06-20T21:28:27.029" />
  <attribute name="elasticGC enabled" value="1" />
  <attribute name= "numThreadsSpecified" value="4" />
  <attribute name="heapSize specified" value="0" />
  <attribute name="Current GC Util" value="2" />
  <attribute name= "Current Time Running" value="45221" />
  <attribute name ="GC Interval" value="200" />
  <attribute name="ProportionalT" value="-27.000000" />
  <attribute name="ProportionalI" value="-27.000000" />
  <attribute name="ProportionalH" value="-27.000000" />
  <attribute name="Current Error" value="-18.000000" />
  <attribute name="IntegralT" value="-936.000000" />
  <attribute name="IntegralI" value="-936.000000" />
  <attribute name="IntegralH" value="-936.000000" />
  <attribute name="DerivativeT" value="-0.519231" />
  <attribute name="DerivativeI" value="-0.519231" />
  <attribute name="DerivativeH" value="-0.519231" />
  <attribute name="Loop Time for DT" value="52.000000" />
  <attribute name="Output H" value="2092630016"/>
  <attribute name="Output I" value="200"/>
  <attribute name="Output T" value="4"/>
  <attribute name="Target GC Util Change" value ="20.000000" />
  <attribute name="Current GC Util Change" value="2.000000"/>
  <attribute name="GC Util currently" value="2" />
  <attribute name="CPU Util currently" value="88665151921" />
<allocation-satisfied id="354" threadId="0000000001E06700" bytesRequested="10120" />
<af-end id="355" timestamp="2019-06-20T21:28:27.030" threadId="0000000001E07088" success="true" from="nursery"/>
<exclusive-end id="356" timestamp="2019-06-20T21:28:27.030" durationms="1.555" />

<exclusive-start id="357" timestamp="2019-06-20T21:28:27.089" intervalms="61.294">
  <response-info timems="0.034" idlems="0.034" threads="0" lastid="0000000001E06700" lastname="main" />
</exclusive-start>
<af-start id="358" threadId="0000000001E07088" totalBytesRequested="520" timestamp="2019-06-20T21:28:27.090" intervalms="61.315" type="nursery" />
<cycle-start id="359" type="scavenge" contextid="0" timestamp="2019-06-20T21:28:27.090" intervalms="61.309" />
<gc-start id="360" type="scavenge" contextid="359" timestamp="2019-06-20T21:28:27.090">
  <mem-info id="361" free="2132960" total="9961472" percent="21">
    <mem type="nursery" free="0" total="3670016" percent="0">
      <mem type="allocate" free="0" total="2621440" percent="0" />
      <mem type="survivor" free="0" total="1048576" percent="0" />
    </mem>
    <mem type="tenure" free="2132960" total="6291456" percent="33">
      <mem type="soa" free="1818592" total="5977088" percent="30" />
      <mem type="loa" free="314368" total="314368" percent="100" />
    </mem>
    <remembered-set count="1232" />
  </mem-info>
</gc-start>
<allocation-stats totalBytes="2239336" >
  <allocated-bytes non-tlh="40632" tlh="2198704" />
  <largest-consumer threadName="main" threadId="0000000001E06700" bytes="2239336" />
</allocation-stats>
<gc-op id="362" type="scavenge" timems="1.074" contextid="359" timestamp="2019-06-20T21:28:27.091">
  <scavenger-info tenureage="3" tenuremask="ffe8" tiltratio="71" />
  <memory-copied type="nursery" objects="7552" bytes="334360" bytesdiscarded="130496" />
  <memory-copied type="tenure" objects="1492" bytes="42488" bytesdiscarded="112" />
  <references type="soft" candidates="54" cleared="0" enqueued="0" dynamicThreshold="32" maxThreshold="32" />
  <references type="weak" candidates="670" cleared="0" enqueued="0" />
</gc-op>
<gc-end id="363" type="scavenge" contextid="359" durationms="1.302" usertimems="4.000" systemtimems="0.000" timestamp="2019-06-20T21:28:27.091" activeThreads="4">
  <mem-info id="364" free="4350344" total="9961472" percent="43">
    <mem type="nursery" free="2287272" total="3670016" percent="62">
      <mem type="allocate" free="2287272" total="2752512" percent="83" />
      <mem type="survivor" free="0" total="917504" percent="0" />
    </mem>
    <mem type="tenure" free="2063072" total="6291456" percent="32" macro-fragmented="1702066">
      <mem type="soa" free="1748704" total="5977088" percent="29" />
      <mem type="loa" free="314368" total="314368" percent="100" />
    </mem>
    <remembered-set count="869" />
  </mem-info>
</gc-end>
<cycle-end id="365" type="scavenge" contextid="359" timestamp="2019-06-20T21:28:27.091" />
  <attribute name="elasticGC enabled" value="1" />
  <attribute name= "numThreadsSpecified" value="4" />
  <attribute name="heapSize specified" value="0" />
  <attribute name="Current GC Util" value="2" />
  <attribute name= "Current Time Running" value="45282" />
  <attribute name ="GC Interval" value="200" />
  <attribute name="ProportionalT" value="-27.000000" />
  <attribute name="ProportionalI" value="-27.000000" />
  <attribute name="ProportionalH" value="-27.000000" />
  <attribute name="Current Error" value="-18.000000" />
  <attribute name="IntegralT" value="-1098.000000" />
  <attribute name="IntegralI" value="-1098.000000" />
  <attribute name="IntegralH" value="-1098.000000" />
  <attribute name="DerivativeT" value="-0.442623" />
  <attribute name="DerivativeI" value="-0.442623" />
  <attribute name="DerivativeH" value="-0.442623" />
  <attribute name="Loop Time for DT" value="61.000000" />
  <attribute name="Output H" value="2092630016"/>
  <attribute name="Output I" value="200"/>
  <attribute name="Output T" value="4"/>
  <attribute name="Target GC Util Change" value ="20.000000" />
  <attribute name="Current GC Util Change" value="2.000000"/>
  <attribute name="GC Util currently" value="2" />
  <attribute name="CPU Util currently" value="75275982184" />
<allocation-satisfied id="366" threadId="0000000001E06700" bytesRequested="520" />
<af-end id="367" timestamp="2019-06-20T21:28:27.091" threadId="0000000001E07088" success="true" from="nursery"/>
<exclusive-end id="368" timestamp="2019-06-20T21:28:27.091" durationms="2.035" />

<exclusive-start id="369" timestamp="2019-06-20T21:28:27.136" intervalms="46.724">
  <response-info timems="0.031" idlems="0.031" threads="0" lastid="0000000001E06700" lastname="main" />
</exclusive-start>
<af-start id="370" threadId="0000000001E07088" totalBytesRequested="32" timestamp="2019-06-20T21:28:27.136" intervalms="46.721" type="nursery" />
<cycle-start id="371" type="scavenge" contextid="0" timestamp="2019-06-20T21:28:27.136" intervalms="46.705" />
<gc-start id="372" type="scavenge" contextid="371" timestamp="2019-06-20T21:28:27.136">
  <mem-info id="373" free="2047472" total="9961472" percent="20">
    <mem type="nursery" free="0" total="3670016" percent="0">
      <mem type="allocate" free="0" total="2752512" percent="0" />
      <mem type="survivor" free="0" total="917504" percent="0" />
    </mem>
    <mem type="tenure" free="2047472" total="6291456" percent="32">
      <mem type="soa" free="1733104" total="5977088" percent="28" />
      <mem type="loa" free="314368" total="314368" percent="100" />
    </mem>
    <remembered-set count="1039" />
  </mem-info>
</gc-start>
<allocation-stats totalBytes="2301368" >
  <allocated-bytes non-tlh="16120" tlh="2285248" />
  <largest-consumer threadName="main" threadId="0000000001E06700" bytes="2301368" />
</allocation-stats>
<gc-op id="374" type="scavenge" timems="1.169" contextid="371" timestamp="2019-06-20T21:28:27.138">
  <scavenger-info tenureage="3" tenuremask="ffe8" tiltratio="75" />
  <memory-copied type="nursery" objects="5586" bytes="195592" bytesdiscarded="22176" />
  <memory-copied type="tenure" objects="4471" bytes="228328" bytesdiscarded="40" />
  <references type="weak" candidates="638" cleared="0" enqueued="0" />
</gc-op>
<gc-end id="375" type="scavenge" contextid="371" durationms="1.556" usertimems="0.000" systemtimems="4.000" timestamp="2019-06-20T21:28:27.138" activeThreads="4">
  <mem-info id="376" free="4476912" total="9961472" percent="44">
    <mem type="nursery" free="2599936" total="3670016" percent="70">
      <mem type="allocate" free="2599936" total="2818048" percent="92" />
      <mem type="survivor" free="0" total="851968" percent="0" />
    </mem>
    <mem type="tenure" free="1876976" total="6291456" percent="29" macro-fragmented="723458">
      <mem type="soa" free="1562608" total="5977088" percent="26" />
      <mem type="loa" free="314368" total="314368" percent="100" />
    </mem>
    <remembered-set count="1017" />
  </mem-info>
</gc-end>
<cycle-end id="377" type="scavenge" contextid="371" timestamp="2019-06-20T21:28:27.138" />
  <attribute name="elasticGC enabled" value="1" />
  <attribute name= "numThreadsSpecified" value="4" />
  <attribute name="heapSize specified" value="0" />
  <attribute name="Current GC Util" value="4" />
  <attribute name= "Current Time Running" value="45329" />
  <attribute name ="GC Interval" value="200" />
  <attribute name="ProportionalT" value="-24.000000" />
  <attribute name="ProportionalI" value="-24.000000" />
  <attribute name="ProportionalH" value="-24.000000" />
  <attribute name="Current Error" value="-16.000000" />
  <attribute name="IntegralT" value="-752.000000" />
  <attribute name="IntegralI" value="-752.000000" />
  <attribute name="IntegralH" value="-752.000000" />
  <attribute name="DerivativeT" value="-0.510638" />
  <attribute name="DerivativeI" value="-0.510638" />
  <attribute name="DerivativeH" value="-0.510638" />
  <attribute name="Loop Time for DT" value="47.000000" />
  <attribute name="Output H" value="2092630016"/>
  <attribute name="Output I" value="200"/>
  <attribute name="Output T" value="4"/>
  <attribute name="Target GC Util Change" value ="20.000000" />
  <attribute name="Current GC Util Change" value="4.000000"/>
  <attribute name="GC Util currently" value="4" />
  <attribute name="CPU Util currently" value="98556635070" />
<allocation-satisfied id="378" threadId="0000000001E06700" bytesRequested="32" />
<af-end id="379" timestamp="2019-06-20T21:28:27.138" threadId="0000000001E07088" success="true" from="nursery"/>
<exclusive-end id="380" timestamp="2019-06-20T21:28:27.138" durationms="2.270" />

<exclusive-start id="381" timestamp="2019-06-20T21:28:27.185" intervalms="48.419">
  <response-info timems="0.030" idlems="0.030" threads="0" lastid="0000000001E06700" lastname="main" />
</exclusive-start>
<af-start id="382" threadId="0000000001E07088" totalBytesRequested="192" timestamp="2019-06-20T21:28:27.185" intervalms="48.408" type="nursery" />
<cycle-start id="383" type="scavenge" contextid="0" timestamp="2019-06-20T21:28:27.185" intervalms="48.400" />
<gc-start id="384" type="scavenge" contextid="383" timestamp="2019-06-20T21:28:27.185">
  <mem-info id="385" free="1863584" total="9961472" percent="18">
    <mem type="nursery" free="0" total="3670016" percent="0">
      <mem type="allocate" free="0" total="2818048" percent="0" />
      <mem type="survivor" free="0" total="851968" percent="0" />
    </mem>
    <mem type="tenure" free="1863584" total="6291456" percent="29">
      <mem type="soa" free="1549216" total="5977088" percent="25" />
      <mem type="loa" free="314368" total="314368" percent="100" />
    </mem>
    <remembered-set count="1427" />
  </mem-info>
</gc-start>
<allocation-stats totalBytes="2612384" >
  <allocated-bytes non-tlh="13424" tlh="2598960" />
  <largest-consumer threadName="main" threadId="0000000001E06700" bytes="2612384" />
</allocation-stats>
<gc-op id="386" type="scavenge" timems="0.909" contextid="383" timestamp="2019-06-20T21:28:27.186">
  <scavenger-info tenureage="3" tenuremask="ffa8" tiltratio="76" />
  <memory-copied type="nursery" objects="7688" bytes="273440" bytesdiscarded="39696" />
  <memory-copied type="tenure" objects="1005" bytes="35128" bytesdiscarded="0" />
  <references type="weak" candidates="472" cleared="0" enqueued="0" />
</gc-op>
<gc-end id="387" type="scavenge" contextid="383" durationms="1.115" usertimems="0.000" systemtimems="0.000" timestamp="2019-06-20T21:28:27.186" activeThreads="4">
  <mem-info id="388" free="4499360" total="9961472" percent="45">
    <mem type="nursery" free="2635776" total="3670016" percent="71">
      <mem type="allocate" free="2635776" total="2949120" percent="89" />
      <mem type="survivor" free="0" total="720896" percent="0" />
    </mem>
    <mem type="tenure" free="1863584" total="6291456" percent="29" macro-fragmented="1790904">
      <mem type="soa" free="1549216" total="5977088" percent="25" />
      <mem type="loa" free="314368" total="314368" percent="100" />
    </mem>
    <remembered-set count="1013" />
  </mem-info>
</gc-end>
<cycle-end id="389" type="scavenge" contextid="383" timestamp="2019-06-20T21:28:27.186" />
  <attribute name="elasticGC enabled" value="1" />
  <attribute name= "numThreadsSpecified" value="4" />
  <attribute name="heapSize specified" value="0" />
  <attribute name="Current GC Util" value="4" />
  <attribute name= "Current Time Running" value="45377" />
  <attribute name ="GC Interval" value="200" />
  <attribute name="ProportionalT" value="-24.000000" />
  <attribute name="ProportionalI" value="-24.000000" />
  <attribute name="ProportionalH" value="-24.000000" />
  <attribute name="Current Error" value="-16.000000" />
  <attribute name="IntegralT" value="-768.000000" />
  <attribute name="IntegralI" value="-768.000000" />
  <attribute name="IntegralH" value="-768.000000" />
  <attribute name="DerivativeT" value="-0.500000" />
  <attribute name="DerivativeI" value="-0.500000" />
  <attribute name="DerivativeH" value="-0.500000" />
  <attribute name="Loop Time for DT" value="48.000000" />
  <attribute name="Output H" value="2092630016"/>
  <attribute name="Output I" value="200"/>
  <attribute name="Output T" value="4"/>
  <attribute name="Target GC Util Change" value ="20.000000" />
  <attribute name="Current GC Util Change" value="4.000000"/>
  <attribute name="GC Util currently" value="4" />
  <attribute name="CPU Util currently" value="95538502233" />
<allocation-satisfied id="390" threadId="0000000001E06700" bytesRequested="192" />
<af-end id="391" timestamp="2019-06-20T21:28:27.186" threadId="0000000001E07088" success="true" from="nursery"/>
<exclusive-end id="392" timestamp="2019-06-20T21:28:27.186" durationms="1.803" />

<exclusive-start id="393" timestamp="2019-06-20T21:28:27.229" intervalms="44.326">
  <response-info timems="0.031" idlems="0.031" threads="0" lastid="0000000001E06700" lastname="main" />
</exclusive-start>
<af-start id="394" threadId="0000000001E07088" totalBytesRequested="7424" timestamp="2019-06-20T21:28:27.229" intervalms="44.281" type="nursery" />
<cycle-start id="395" type="scavenge" contextid="0" timestamp="2019-06-20T21:28:27.229" intervalms="44.247" />
<gc-start id="396" type="scavenge" contextid="395" timestamp="2019-06-20T21:28:27.229">
  <mem-info id="397" free="1845224" total="9961472" percent="18">
    <mem type="nursery" free="0" total="3670016" percent="0">
      <mem type="allocate" free="0" total="2949120" percent="0" />
      <mem type="survivor" free="0" total="720896" percent="0" />
    </mem>
    <mem type="tenure" free="1845224" total="6291456" percent="29">
      <mem type="soa" free="1530856" total="5977088" percent="25" />
      <mem type="loa" free="314368" total="314368" percent="100" />
    </mem>
    <remembered-set count="1458" />
  </mem-info>
</gc-start>
<allocation-stats totalBytes="2632208" >
  <allocated-bytes non-tlh="18552" tlh="2613656" />
  <largest-consumer threadName="main" threadId="0000000001E06700" bytes="2632208" />
</allocation-stats>
<gc-op id="398" type="scavenge" timems="1.094" contextid="395" timestamp="2019-06-20T21:28:27.230">
  <scavenger-info tenureage="3" tenuremask="ffe8" tiltratio="80" />
  <memory-copied type="nursery" objects="8688" bytes="328864" bytesdiscarded="23456" />
  <memory-copied type="tenure" objects="1753" bytes="60680" bytesdiscarded="16" />
  <references type="soft" candidates="2" cleared="0" enqueued="0" dynamicThreshold="32" maxThreshold="32" />
  <references type="weak" candidates="304" cleared="1" enqueued="1" />
  <references type="phantom" candidates="1" cleared="0" enqueued="0" />
</gc-op>
<gc-end id="399" type="scavenge" contextid="395" durationms="1.438" usertimems="0.000" systemtimems="0.000" timestamp="2019-06-20T21:28:27.230" activeThreads="4">
  <mem-info id="400" free="4468200" total="9961472" percent="44">
    <mem type="nursery" free="2662144" total="3670016" percent="72">
      <mem type="allocate" free="2662144" total="3014656" percent="88" />
      <mem type="survivor" free="0" total="655360" percent="0" />
    </mem>
    <mem type="tenure" free="1806056" total="6291456" percent="28" macro-fragmented="868149">
      <mem type="soa" free="1491688" total="5977088" percent="24" />
      <mem type="loa" free="314368" total="314368" percent="100" />
    </mem>
    <pending-finalizers system="0" default="0" reference="1" classloader="0" />
    <remembered-set count="1192" />
  </mem-info>
</gc-end>
<cycle-end id="401" type="scavenge" contextid="395" timestamp="2019-06-20T21:28:27.231" />
  <attribute name="elasticGC enabled" value="1" />
  <attribute name= "numThreadsSpecified" value="4" />
  <attribute name="heapSize specified" value="0" />
  <attribute name="Current GC Util" value="3" />
  <attribute name= "Current Time Running" value="45422" />
  <attribute name ="GC Interval" value="200" />
  <attribute name="ProportionalT" value="-25.500000" />
  <attribute name="ProportionalI" value="-25.500000" />
  <attribute name="ProportionalH" value="-25.500000" />
  <attribute name="Current Error" value="-17.000000" />
  <attribute name="IntegralT" value="-765.000000" />
  <attribute name="IntegralI" value="-765.000000" />
  <attribute name="IntegralH" value="-765.000000" />
  <attribute name="DerivativeT" value="-0.566667" />
  <attribute name="DerivativeI" value="-0.566667" />
  <attribute name="DerivativeH" value="-0.566667" />
  <attribute name="Loop Time for DT" value="45.000000" />
  <attribute name="Output H" value="2092630016"/>
  <attribute name="Output I" value="200"/>
  <attribute name="Output T" value="4"/>
  <attribute name="Target GC Util Change" value ="20.000000" />
  <attribute name="Current GC Util Change" value="3.000000"/>
  <attribute name="GC Util currently" value="3" />
  <attribute name="CPU Util currently" value="104241395038" />
<allocation-satisfied id="402" threadId="0000000001E06700" bytesRequested="7424" />
<af-end id="403" timestamp="2019-06-20T21:28:27.231" threadId="0000000001E07088" success="true" from="nursery"/>
<exclusive-end id="404" timestamp="2019-06-20T21:28:27.231" durationms="2.048" />

<exclusive-start id="405" timestamp="2019-06-20T21:28:27.268" intervalms="38.975">
  <response-info timems="0.036" idlems="0.036" threads="0" lastid="0000000001E06700" lastname="main" />
</exclusive-start>
<af-start id="406" threadId="0000000001E07088" totalBytesRequested="80" timestamp="2019-06-20T21:28:27.268" intervalms="39.030" type="nursery" />
<cycle-start id="407" type="scavenge" contextid="0" timestamp="2019-06-20T21:28:27.268" intervalms="39.080" />
<gc-start id="408" type="scavenge" contextid="407" timestamp="2019-06-20T21:28:27.268">
  <mem-info id="409" free="1799008" total="9961472" percent="18">
    <mem type="nursery" free="0" total="3670016" percent="0">
      <mem type="allocate" free="0" total="3014656" percent="0" />
      <mem type="survivor" free="0" total="655360" percent="0" />
    </mem>
    <mem type="tenure" free="1799008" total="6291456" percent="28">
      <mem type="soa" free="1484640" total="5977088" percent="24" />
      <mem type="loa" free="314368" total="314368" percent="100" />
    </mem>
    <remembered-set count="1302" />
  </mem-info>
</gc-start>
<allocation-stats totalBytes="2667784" >
  <allocated-bytes non-tlh="128344" tlh="2539440" />
  <largest-consumer threadName="main" threadId="0000000001E06700" bytes="2667784" />
</allocation-stats>
<gc-op id="410" type="scavenge" timems="0.823" contextid="407" timestamp="2019-06-20T21:28:27.269">
  <scavenger-info tenureage="3" tenuremask="ffe8" tiltratio="82" />
  <memory-copied type="nursery" objects="10663" bytes="462400" bytesdiscarded="88152" />
  <memory-copied type="tenure" objects="2403" bytes="87648" bytesdiscarded="40" />
  <references type="soft" candidates="2" cleared="0" enqueued="0" dynamicThreshold="32" maxThreshold="32" />
  <references type="weak" candidates="200" cleared="4" enqueued="4" />
</gc-op>
<gc-end id="411" type="scavenge" contextid="407" durationms="1.130" usertimems="4.000" systemtimems="0.000" timestamp="2019-06-20T21:28:27.269" activeThreads="4">
  <mem-info id="412" free="4162400" total="9961472" percent="41">
    <mem type="nursery" free="2464000" total="3670016" percent="67">
      <mem type="allocate" free="2464000" total="3014656" percent="81" />
      <mem type="survivor" free="0" total="655360" percent="0" />
    </mem>
    <mem type="tenure" free="1698400" total="6291456" percent="26" macro-fragmented="1540877">
      <mem type="soa" free="1384032" total="5977088" percent="23" />
      <mem type="loa" free="314368" total="314368" percent="100" />
    </mem>
    <pending-finalizers system="0" default="0" reference="4" classloader="0" />
    <remembered-set count="984" />
  </mem-info>
</gc-end>
<cycle-end id="413" type="scavenge" contextid="407" timestamp="2019-06-20T21:28:27.269" />
  <attribute name="elasticGC enabled" value="1" />
  <attribute name= "numThreadsSpecified" value="4" />
  <attribute name="heapSize specified" value="0" />
  <attribute name="Current GC Util" value="4" />
  <attribute name= "Current Time Running" value="45461" />
  <attribute name ="GC Interval" value="200" />
  <attribute name="ProportionalT" value="-24.000000" />
  <attribute name="ProportionalI" value="-24.000000" />
  <attribute name="ProportionalH" value="-24.000000" />
  <attribute name="Current Error" value="-16.000000" />
  <attribute name="IntegralT" value="-624.000000" />
  <attribute name="IntegralI" value="-624.000000" />
  <attribute name="IntegralH" value="-624.000000" />
  <attribute name="DerivativeT" value="-0.615385" />
  <attribute name="DerivativeI" value="-0.615385" />
  <attribute name="DerivativeH" value="-0.615385" />
  <attribute name="Loop Time for DT" value="39.000000" />
  <attribute name="Output H" value="2092630016"/>
  <attribute name="Output I" value="200"/>
  <attribute name="Output T" value="4"/>
  <attribute name="Target GC Util Change" value ="20.000000" />
  <attribute name="Current GC Util Change" value="4.000000"/>
  <attribute name="GC Util currently" value="4" />
  <attribute name="CPU Util currently" value="117659404709" />
<allocation-satisfied id="414" threadId="0000000001E06700" bytesRequested="80" />
<af-end id="415" timestamp="2019-06-20T21:28:27.270" threadId="0000000001E07088" success="true" from="nursery"/>
<exclusive-end id="416" timestamp="2019-06-20T21:28:27.270" durationms="1.877" />

<exclusive-start id="417" timestamp="2019-06-20T21:28:27.342" intervalms="74.248">
  <response-info timems="0.026" idlems="0.026" threads="0" lastid="0000000001E06700" lastname="main" />
</exclusive-start>
<af-start id="418" threadId="0000000001E07088" totalBytesRequested="32" timestamp="2019-06-20T21:28:27.342" intervalms="74.252" type="nursery" />
<cycle-start id="419" type="scavenge" contextid="0" timestamp="2019-06-20T21:28:27.342" intervalms="74.289" />
<gc-start id="420" type="scavenge" contextid="419" timestamp="2019-06-20T21:28:27.343">
  <mem-info id="421" free="1680488" total="9961472" percent="16">
    <mem type="nursery" free="0" total="3670016" percent="0">
      <mem type="allocate" free="0" total="3014656" percent="0" />
      <mem type="survivor" free="0" total="655360" percent="0" />
    </mem>
    <mem type="tenure" free="1680488" total="6291456" percent="26">
      <mem type="soa" free="1366120" total="5977088" percent="22" />
      <mem type="loa" free="314368" total="314368" percent="100" />
    </mem>
    <remembered-set count="1179" />
  </mem-info>
</gc-start>
<allocation-stats totalBytes="2481416" >
  <allocated-bytes non-tlh="283544" tlh="2197872" />
  <largest-consumer threadName="main" threadId="0000000001E06700" bytes="2481416" />
</allocation-stats>
<gc-op id="422" type="scavenge" timems="0.967" contextid="419" timestamp="2019-06-20T21:28:27.344">
  <scavenger-info tenureage="5" tenuremask="ffe0" tiltratio="82" />
  <memory-copied type="nursery" objects="6547" bytes="655152" bytesdiscarded="72" />
  <memory-copied type="tenure" objects="5922" bytes="238416" bytesdiscarded="48" />
  <copy-failed type="nursery" objects="5922" bytes="238456" />
  <references type="weak" candidates="137" cleared="0" enqueued="0" />
  <references type="phantom" candidates="1" cleared="0" enqueued="0" />
</gc-op>
<gc-end id="423" type="scavenge" contextid="419" durationms="1.465" usertimems="0.000" systemtimems="0.000" timestamp="2019-06-20T21:28:27.344" activeThreads="4">
  <mem-info id="424" free="2990696" total="9961472" percent="30">
    <mem type="nursery" free="1572864" total="3670016" percent="42">
      <mem type="allocate" free="1572864" total="2228224" percent="70" />
      <mem type="survivor" free="0" total="1441792" percent="0" />
    </mem>
    <mem type="tenure" free="1417832" total="6291456" percent="22" macro-fragmented="418667">
      <mem type="soa" free="1103464" total="5977088" percent="18" />
      <mem type="loa" free="314368" total="314368" percent="100" />
    </mem>
    <remembered-set count="3387" />
  </mem-info>
</gc-end>
<cycle-end id="425" type="scavenge" contextid="419" timestamp="2019-06-20T21:28:27.344" />
  <attribute name="elasticGC enabled" value="1" />
  <attribute name= "numThreadsSpecified" value="4" />
  <attribute name="heapSize specified" value="0" />
  <attribute name="Current GC Util" value="2" />
  <attribute name= "Current Time Running" value="45535" />
  <attribute name ="GC Interval" value="200" />
  <attribute name="ProportionalT" value="-27.000000" />
  <attribute name="ProportionalI" value="-27.000000" />
  <attribute name="ProportionalH" value="-27.000000" />
  <attribute name="Current Error" value="-18.000000" />
  <attribute name="IntegralT" value="-1332.000000" />
  <attribute name="IntegralI" value="-1332.000000" />
  <attribute name="IntegralH" value="-1332.000000" />
  <attribute name="DerivativeT" value="-0.364865" />
  <attribute name="DerivativeI" value="-0.364865" />
  <attribute name="DerivativeH" value="-0.364865" />
  <attribute name="Loop Time for DT" value="74.000000" />
  <attribute name="Output H" value="2092630016"/>
  <attribute name="Output I" value="200"/>
  <attribute name="Output T" value="4"/>
  <attribute name="Target GC Util Change" value ="20.000000" />
  <attribute name="Current GC Util Change" value="2.000000"/>
  <attribute name="GC Util currently" value="2" />
  <attribute name="CPU Util currently" value="61953930251" />
<allocation-satisfied id="426" threadId="0000000001E06700" bytesRequested="32" />
<af-end id="427" timestamp="2019-06-20T21:28:27.344" threadId="0000000001E07088" success="true" from="nursery"/>
<exclusive-end id="428" timestamp="2019-06-20T21:28:27.344" durationms="2.364" />

<exclusive-start id="429" timestamp="2019-06-20T21:28:27.361" intervalms="19.365">
  <response-info timems="0.030" idlems="0.030" threads="0" lastid="0000000001E06700" lastname="main" />
</exclusive-start>
<af-start id="430" threadId="0000000001E07088" totalBytesRequested="32" timestamp="2019-06-20T21:28:27.362" intervalms="19.360" type="nursery" />
<cycle-start id="431" type="scavenge" contextid="0" timestamp="2019-06-20T21:28:27.362" intervalms="19.313" />
<gc-start id="432" type="scavenge" contextid="431" timestamp="2019-06-20T21:28:27.362">
  <mem-info id="433" free="1413184" total="9961472" percent="14">
    <mem type="nursery" free="0" total="3670016" percent="0">
      <mem type="allocate" free="0" total="2228224" percent="0" />
      <mem type="survivor" free="0" total="1441792" percent="0" />
    </mem>
    <mem type="tenure" free="1413184" total="6291456" percent="22">
      <mem type="soa" free="1098816" total="5977088" percent="18" />
      <mem type="loa" free="314368" total="314368" percent="100" />
    </mem>
    <remembered-set count="3439" />
  </mem-info>
</gc-start>
<allocation-stats totalBytes="1577152" >
  <allocated-bytes non-tlh="4680" tlh="1572472" />
  <largest-consumer threadName="main" threadId="0000000001E06700" bytes="1577152" />
</allocation-stats>
<gc-op id="434" type="scavenge" timems="0.801" contextid="431" timestamp="2019-06-20T21:28:27.363">
  <scavenger-info tenureage="4" tenuremask="fff0" tiltratio="60" />
  <memory-copied type="nursery" objects="6325" bytes="644872" bytesdiscarded="105656" />
  <memory-copied type="tenure" objects="2442" bytes="89008" bytesdiscarded="24" />
  <references type="weak" candidates="115" cleared="0" enqueued="0" />
  <references type="phantom" candidates="1" cleared="0" enqueued="0" />
</gc-op>
<gc-end id="435" type="scavenge" contextid="431" durationms="1.190" usertimems="4.000" systemtimems="0.000" timestamp="2019-06-20T21:28:27.363" activeThreads="4">
  <mem-info id="436" free="2824952" total="9961472" percent="28">
    <mem type="nursery" free="1543096" total="3670016" percent="42">
      <mem type="allocate" free="1543096" total="2293760" percent="67" />
      <mem type="survivor" free="0" total="1376256" percent="0" />
    </mem>
    <mem type="tenure" free="1281856" total="6291456" percent="20" macro-fragmented="0">
      <mem type="soa" free="967488" total="5977088" percent="16" />
      <mem type="loa" free="314368" total="314368" percent="100" />
    </mem>
    <remembered-set count="2927" />
  </mem-info>
</gc-end>
<cycle-end id="437" type="scavenge" contextid="431" timestamp="2019-06-20T21:28:27.363" />
  <attribute name="elasticGC enabled" value="1" />
  <attribute name= "numThreadsSpecified" value="4" />
  <attribute name="heapSize specified" value="0" />
  <attribute name="Current GC Util" value="10" />
  <attribute name= "Current Time Running" value="45555" />
  <attribute name ="GC Interval" value="200" />
  <attribute name="ProportionalT" value="-15.000000" />
  <attribute name="ProportionalI" value="-15.000000" />
  <attribute name="ProportionalH" value="-15.000000" />
  <attribute name="Current Error" value="-10.000000" />
  <attribute name="IntegralT" value="-200.000000" />
  <attribute name="IntegralI" value="-200.000000" />
  <attribute name="IntegralH" value="-200.000000" />
  <attribute name="DerivativeT" value="-0.750000" />
  <attribute name="DerivativeI" value="-0.750000" />
  <attribute name="DerivativeH" value="-0.750000" />
  <attribute name="Loop Time for DT" value="20.000000" />
  <attribute name="Output H" value="2092630016"/>
  <attribute name="Output I" value="200"/>
  <attribute name="Output T" value="4"/>
  <attribute name="Target GC Util Change" value ="20.000000" />
  <attribute name="Current GC Util Change" value="10.000000"/>
  <attribute name="GC Util currently" value="10" />
  <attribute name="CPU Util currently" value="240850115484" />
<allocation-satisfied id="438" threadId="0000000001E06700" bytesRequested="32" />
<af-end id="439" timestamp="2019-06-20T21:28:27.363" threadId="0000000001E07088" success="true" from="nursery"/>
<exclusive-end id="440" timestamp="2019-06-20T21:28:27.363" durationms="1.854" />

<exclusive-start id="441" timestamp="2019-06-20T21:28:27.380" intervalms="19.062">
  <response-info timems="0.023" idlems="0.023" threads="0" lastid="0000000001E06700" lastname="main" />
</exclusive-start>
<af-start id="442" threadId="0000000001E07088" totalBytesRequested="24" timestamp="2019-06-20T21:28:27.381" intervalms="19.023" type="nursery" />
<cycle-start id="443" type="scavenge" contextid="0" timestamp="2019-06-20T21:28:27.381" intervalms="18.989" />
<gc-start id="444" type="scavenge" contextid="443" timestamp="2019-06-20T21:28:27.381">
  <mem-info id="445" free="1277096" total="9961472" percent="12">
    <mem type="nursery" free="0" total="3670016" percent="0">
      <mem type="allocate" free="0" total="2293760" percent="0" />
      <mem type="survivor" free="0" total="1376256" percent="0" />
    </mem>
    <mem type="tenure" free="1277096" total="6291456" percent="20">
      <mem type="soa" free="962728" total="5977088" percent="16" />
      <mem type="loa" free="314368" total="314368" percent="100" />
    </mem>
    <remembered-set count="2983" />
  </mem-info>
</gc-start>
<allocation-stats totalBytes="1547704" >
  <allocated-bytes non-tlh="4792" tlh="1542912" />
  <largest-consumer threadName="main" threadId="0000000001E06700" bytes="1547704" />
</allocation-stats>
<gc-op id="446" type="scavenge" timems="0.839" contextid="443" timestamp="2019-06-20T21:28:27.382">
  <scavenger-info tenureage="3" tenuremask="ffd8" tiltratio="62" />
  <memory-copied type="nursery" objects="7003" bytes="686352" bytesdiscarded="82024" />
  <memory-copied type="tenure" objects="1202" bytes="40840" bytesdiscarded="0" />
  <references type="weak" candidates="97" cleared="0" enqueued="0" />
  <references type="phantom" candidates="1" cleared="0" enqueued="0" />
</gc-op>
<gc-end id="447" type="scavenge" contextid="443" durationms="1.113" usertimems="4.000" systemtimems="0.000" timestamp="2019-06-20T21:28:27.382" activeThreads="4">
  <mem-info id="448" free="2933448" total="9961472" percent="29">
    <mem type="nursery" free="1656352" total="3670016" percent="45">
      <mem type="allocate" free="1656352" total="2424832" percent="68" />
      <mem type="survivor" free="0" total="1245184" percent="0" />
    </mem>
    <mem type="tenure" free="1277096" total="6291456" percent="20" macro-fragmented="602881">
      <mem type="soa" free="962728" total="5977088" percent="16" />
      <mem type="loa" free="314368" total="314368" percent="100" />
    </mem>
    <remembered-set count="2033" />
  </mem-info>
</gc-end>
<cycle-end id="449" type="scavenge" contextid="443" timestamp="2019-06-20T21:28:27.382" />
  <attribute name="elasticGC enabled" value="1" />
  <attribute name= "numThreadsSpecified" value="4" />
  <attribute name="heapSize specified" value="0" />
  <attribute name="Current GC Util" value="9" />
  <attribute name= "Current Time Running" value="45573" />
  <attribute name ="GC Interval" value="200" />
  <attribute name="ProportionalT" value="-16.500000" />
  <attribute name="ProportionalI" value="-16.500000" />
  <attribute name="ProportionalH" value="-16.500000" />
  <attribute name="Current Error" value="-11.000000" />
  <attribute name="IntegralT" value="-198.000000" />
  <attribute name="IntegralI" value="-198.000000" />
  <attribute name="IntegralH" value="-198.000000" />
  <attribute name="DerivativeT" value="-0.916667" />
  <attribute name="DerivativeI" value="-0.916667" />
  <attribute name="DerivativeH" value="-0.916667" />
  <attribute name="Loop Time for DT" value="18.000000" />
  <attribute name="Output H" value="2092630016"/>
  <attribute name="Output I" value="200"/>
  <attribute name="Output T" value="4"/>
  <attribute name="Target GC Util Change" value ="20.000000" />
  <attribute name="Current GC Util Change" value="9.000000"/>
  <attribute name="GC Util currently" value="9" />
  <attribute name="CPU Util currently" value="244146285145" />
<allocation-satisfied id="450" threadId="0000000001E06700" bytesRequested="24" />
<af-end id="451" timestamp="2019-06-20T21:28:27.382" threadId="0000000001E07088" success="true" from="nursery"/>
<exclusive-end id="452" timestamp="2019-06-20T21:28:27.382" durationms="1.611" />

<exclusive-start id="453" timestamp="2019-06-20T21:28:27.394" intervalms="13.329">
  <response-info timems="0.023" idlems="0.023" threads="0" lastid="0000000001E06700" lastname="main" />
</exclusive-start>
<af-start id="454" threadId="0000000001E07088" totalBytesRequested="32" timestamp="2019-06-20T21:28:27.394" intervalms="13.325" type="nursery" />
<cycle-start id="455" type="scavenge" contextid="0" timestamp="2019-06-20T21:28:27.394" intervalms="13.364" />
<gc-start id="456" type="scavenge" contextid="455" timestamp="2019-06-20T21:28:27.394">
  <mem-info id="457" free="1277096" total="9961472" percent="12">
    <mem type="nursery" free="0" total="3670016" percent="0">
      <mem type="allocate" free="0" total="2424832" percent="0" />
      <mem type="survivor" free="0" total="1245184" percent="0" />
    </mem>
    <mem type="tenure" free="1277096" total="6291456" percent="20">
      <mem type="soa" free="962728" total="5977088" percent="16" />
      <mem type="loa" free="314368" total="314368" percent="100" />
    </mem>
    <remembered-set count="2033" />
  </mem-info>
</gc-start>
<allocation-stats totalBytes="1656216" >
  <allocated-bytes non-tlh="24" tlh="1656192" />
  <largest-consumer threadName="main" threadId="0000000001E06700" bytes="1656216" />
</allocation-stats>
<gc-op id="458" type="scavenge" timems="1.049" contextid="455" timestamp="2019-06-20T21:28:27.395">
  <scavenger-info tenureage="3" tenuremask="ffc8" tiltratio="66" />
  <memory-copied type="nursery" objects="6422" bytes="246368" bytesdiscarded="50048" />
  <memory-copied type="tenure" objects="2669" bytes="518200" bytesdiscarded="40" />
  <references type="weak" candidates="92" cleared="0" enqueued="0" />
</gc-op>
<heap-resize id="459" type="expand" space="nursery" amount="262144" count="1" timems="0.014" reason="excessive time being spent scavenging" timestamp="2019-06-20T21:28:27.395" />
<gc-end id="460" type="scavenge" contextid="455" durationms="1.298" usertimems="4.000" systemtimems="0.000" timestamp="2019-06-20T21:28:27.395" activeThreads="4">
  <mem-info id="461" free="3011928" total="10223616" percent="29">
    <mem type="nursery" free="2324992" total="3932160" percent="59">
      <mem type="allocate" free="2324992" total="2621440" percent="88" />
      <mem type="survivor" free="0" total="1310720" percent="0" />
    </mem>
    <mem type="tenure" free="686936" total="6291456" percent="10" macro-fragmented="639630">
      <mem type="soa" free="372568" total="5977088" percent="6" />
      <mem type="loa" free="314368" total="314368" percent="100" />
    </mem>
    <remembered-set count="748" />
  </mem-info>
</gc-end>
<cycle-end id="462" type="scavenge" contextid="455" timestamp="2019-06-20T21:28:27.396" />
  <attribute name="elasticGC enabled" value="1" />
  <attribute name= "numThreadsSpecified" value="4" />
  <attribute name="heapSize specified" value="0" />
  <attribute name="Current GC Util" value="11" />
  <attribute name= "Current Time Running" value="45587" />
  <attribute name ="GC Interval" value="200" />
  <attribute name="ProportionalT" value="-13.500000" />
  <attribute name="ProportionalI" value="-13.500000" />
  <attribute name="ProportionalH" value="-13.500000" />
  <attribute name="Current Error" value="-9.000000" />
  <attribute name="IntegralT" value="-126.000000" />
  <attribute name="IntegralI" value="-126.000000" />
  <attribute name="IntegralH" value="-126.000000" />
  <attribute name="DerivativeT" value="-0.964286" />
  <attribute name="DerivativeI" value="-0.964286" />
  <attribute name="DerivativeH" value="-0.964286" />
  <attribute name="Loop Time for DT" value="14.000000" />
  <attribute name="Output H" value="2092630016"/>
  <attribute name="Output I" value="200"/>
  <attribute name="Output T" value="4"/>
  <attribute name="Target GC Util Change" value ="20.000000" />
  <attribute name="Current GC Util Change" value="11.000000"/>
  <attribute name="GC Util currently" value="11" />
  <attribute name="CPU Util currently" value="345715520600" />
<allocation-satisfied id="463" threadId="0000000001E06700" bytesRequested="32" />
<af-end id="464" timestamp="2019-06-20T21:28:27.396" threadId="0000000001E07088" success="true" from="nursery"/>
<exclusive-end id="465" timestamp="2019-06-20T21:28:27.396" durationms="1.848" />

<concurrent-kickoff id="466" timestamp="2019-06-20T21:28:27.409">
  <kickoff reason="threshold reached" targetBytes="1867303" thresholdFreeBytes="258498"  remainingFree="166400" tenureFreeBytes="686936" nurseryFreeBytes="166400" />
</concurrent-kickoff>
<exclusive-start id="467" timestamp="2019-06-20T21:28:27.410" intervalms="15.730">
  <response-info timems="0.033" idlems="0.033" threads="0" lastid="0000000001E06700" lastname="main" />
</exclusive-start>
<cycle-start id="468" type="global" contextid="0" timestamp="2019-06-20T21:28:27.410" intervalms="45718.931" />
<exclusive-end id="469" timestamp="2019-06-20T21:28:27.410" durationms="0.241" />

<exclusive-start id="470" timestamp="2019-06-20T21:28:27.414" intervalms="4.528">
  <response-info timems="0.040" idlems="0.040" threads="0" lastid="0000000001E06700" lastname="main" />
</exclusive-start>
<concurrent-collection-start id="471" timestamp="2019-06-20T21:28:27.414" intervalms="45723.383" >
  <concurrent-trace-info reason="card cleaning threshold reached" tracedByMutators="541616" tracedByHelpers="558892" cardsCleaned="23" workStackOverflowCount="0" />
</concurrent-collection-start>
<gc-start id="472" type="global" contextid="468" timestamp="2019-06-20T21:28:27.414">
  <mem-info id="473" free="686408" total="10223616" percent="6">
    <mem type="nursery" free="0" total="3932160" percent="0">
      <mem type="allocate" free="0" total="2621440" percent="0" />
      <mem type="survivor" free="0" total="1310720" percent="0" />
    </mem>
    <mem type="tenure" free="686408" total="6291456" percent="10">
      <mem type="soa" free="372040" total="5977088" percent="6" />
      <mem type="loa" free="314368" total="314368" percent="100" />
    </mem>
    <remembered-set count="1094" />
  </mem-info>
</gc-start>
<allocation-stats totalBytes="2325160" >
  <allocated-bytes non-tlh="560" tlh="2324600" />
  <largest-consumer threadName="main" threadId="0000000001E06700" bytes="2325160" />
</allocation-stats>
<gc-op id="474" type="rs-scan" timems="0.772" contextid="468" timestamp="2019-06-20T21:28:27.415">
  <scan objectsFound="1025" bytesTraced="447364" workStackOverflowCount="0" />
</gc-op>
<gc-op id="475" type="card-cleaning" timems="0.208" contextid="468" timestamp="2019-06-20T21:28:27.415">
  <card-cleaning cardsCleaned="4" bytesTraced="1892" workStackOverflowCount="0" />
</gc-op>
<gc-op id="476" type="mark" timems="2.925" contextid="468" timestamp="2019-06-20T21:28:27.419">
  <trace-info objectcount="32583" scancount="26036" scanbytes="864164" />
  <finalization candidates="80" enqueued="0" />
  <ownableSynchronizers candidates="22" cleared="0" />
  <references type="soft" candidates="1094" cleared="0" enqueued="0" dynamicThreshold="32" maxThreshold="32" />
  <references type="weak" candidates="4220" cleared="473" enqueued="300" />
  <references type="phantom" candidates="79" cleared="0" enqueued="0" />
  <stringconstants candidates="7838" cleared="0"  />
</gc-op>
<gc-op id="477" type="classunload" timems="0.134" contextid="468" timestamp="2019-06-20T21:28:27.419">
  <classunload-info classloadercandidates="12" classloadersunloaded="0" classesunloaded="0" anonymousclassesunloaded="0" quiescems="0.000" setupms="0.133" scanms="0.001" postms="0.000" />
</gc-op>
<gc-op id="478" type="sweep" timems="0.631" contextid="468" timestamp="2019-06-20T21:28:27.420" />
<mem-info id="479" free="3894424" total="10223616" percent="38">
  <mem type="nursery" free="2103104" total="3932160" percent="53">
    <mem type="allocate" free="2103104" total="2621440" percent="80" />
    <mem type="survivor" free="0" total="1310720" percent="0" />
  </mem>
  <mem type="tenure" free="1791320" total="6291456" percent="28" micro-fragmented="97846" macro-fragmented="0">
    <mem type="soa" free="1476952" total="5977088" percent="24" />
    <mem type="loa" free="314368" total="314368" percent="100" />
  </mem>
  <pending-finalizers system="0" default="0" reference="300" classloader="0" />
  <remembered-set count="1094" />
</mem-info>
<gc-op id="480" type="compact" timems="14.942" contextid="468" timestamp="2019-06-20T21:28:27.435">
  <compact-info movecount="74428" movebytes="4644944" reason="compact to aid heap contraction" />
</gc-op>
<heap-resize id="481" type="contract" space="tenure" amount="262144" count="1" timems="0.345" reason="heap reconfiguration" timestamp="2019-06-20T21:28:27.436" />
<gc-end id="482" type="global" contextid="468" durationms="21.764" usertimems="28.000" systemtimems="0.000" timestamp="2019-06-20T21:28:27.436" activeThreads="4">
  <mem-info id="483" free="3779264" total="9961472" percent="37">
    <mem type="nursery" free="2225408" total="3932160" percent="56">
      <mem type="allocate" free="2225408" total="2621440" percent="84" />
      <mem type="survivor" free="0" total="1310720" percent="0" />
    </mem>
    <mem type="tenure" free="1553856" total="6029312" percent="25">
      <mem type="soa" free="1305024" total="5728256" percent="22" />
      <mem type="loa" free="248832" total="301056" percent="82" />
    </mem>
    <pending-finalizers system="0" default="0" reference="300" classloader="0" />
    <remembered-set count="1094" />
  </mem-info>
</gc-end>
<cycle-end id="484" type="global" contextid="468" timestamp="2019-06-20T21:28:27.436" />
  <attribute name="elasticGC enabled" value="1" />
  <attribute name= "numThreadsSpecified" value="4" />
  <attribute name="heapSize specified" value="10223616" />
  <attribute name="Current GC Util" value="35" />
  <attribute name= "Current Time Running" value="45628" />
  <attribute name ="GC Interval" value="200" />
  <attribute name="ProportionalT" value="22.500000" />
  <attribute name="ProportionalI" value="22.500000" />
  <attribute name="ProportionalH" value="22.500000" />
  <attribute name="Current Error" value="15.000000" />
  <attribute name="IntegralT" value="225.000000" />
  <attribute name="IntegralI" value="225.000000" />
  <attribute name="IntegralH" value="225.000000" />
  <attribute name="DerivativeT" value="1.500000" />
  <attribute name="DerivativeI" value="1.500000" />
  <attribute name="DerivativeH" value="1.500000" />
  <attribute name="Loop Time for DT" value="15.000000" />
  <attribute name="Output H" value="8388608"/>
  <attribute name="Output I" value="256"/>
  <attribute name="Output T" value="4"/>
  <attribute name="Target GC Util Change" value ="20.000000" />
  <attribute name="Current GC Util Change" value="35.000000"/>
  <attribute name="GC Util currently" value="35" />
  <attribute name="CPU Util currently" value="306176205326" />
<concurrent-collection-end id="485" timestamp="2019-06-20T21:28:27.436" />
<exclusive-end id="486" timestamp="2019-06-20T21:28:27.436" durationms="22.292" />

<exclusive-start id="487" timestamp="2019-06-20T21:28:27.457" intervalms="43.090">
  <response-info timems="0.032" idlems="0.032" threads="0" lastid="0000000001E06700" lastname="main" />
</exclusive-start>
<af-start id="488" threadId="0000000001E07088" totalBytesRequested="160" timestamp="2019-06-20T21:28:27.457" intervalms="63.440" type="nursery" />
<cycle-start id="489" type="scavenge" contextid="0" timestamp="2019-06-20T21:28:27.458" intervalms="63.496" />
<gc-start id="490" type="scavenge" contextid="489" timestamp="2019-06-20T21:28:27.458">
  <mem-info id="491" free="1552336" total="9961472" percent="15">
    <mem type="nursery" free="0" total="3932160" percent="0">
      <mem type="allocate" free="0" total="2621440" percent="0" />
      <mem type="survivor" free="0" total="1310720" percent="0" />
    </mem>
    <mem type="tenure" free="1552336" total="6029312" percent="25">
      <mem type="soa" free="1303504" total="5728256" percent="22" />
      <mem type="loa" free="248832" total="301056" percent="82" />
    </mem>
    <remembered-set count="1682" />
  </mem-info>
</gc-start>
<allocation-stats totalBytes="2225400" >
  <allocated-bytes non-tlh="1520" tlh="2223880" />
  <largest-consumer threadName="main" threadId="0000000001E06700" bytes="2213568" />
</allocation-stats>
<gc-op id="492" type="scavenge" timems="0.951" contextid="489" timestamp="2019-06-20T21:28:27.459">
  <scavenger-info tenureage="3" tenuremask="ffe8" tiltratio="66" />
  <memory-copied type="nursery" objects="13530" bytes="559152" bytesdiscarded="131248" />
  <memory-copied type="tenure" objects="2266" bytes="80704" bytesdiscarded="24" />
  <ownableSynchronizers candidates="44" cleared="44" />
  <references type="weak" candidates="70" cleared="0" enqueued="0" />
</gc-op>
<gc-end id="493" type="scavenge" contextid="489" durationms="1.520" usertimems="4.000" systemtimems="0.000" timestamp="2019-06-20T21:28:27.459" activeThreads="4">
  <mem-info id="494" free="3562448" total="9961472" percent="35">
    <mem type="nursery" free="2127616" total="3932160" percent="54">
      <mem type="allocate" free="2127616" total="2818048" percent="75" />
      <mem type="survivor" free="0" total="1114112" percent="0" />
    </mem>
    <mem type="tenure" free="1434832" total="6029312" percent="23" macro-fragmented="0">
      <mem type="soa" free="1186000" total="5728256" percent="20" />
      <mem type="loa" free="248832" total="301056" percent="82" />
    </mem>
    <remembered-set count="1408" />
  </mem-info>
</gc-end>
<cycle-end id="495" type="scavenge" contextid="489" timestamp="2019-06-20T21:28:27.459" />
  <attribute name="elasticGC enabled" value="1" />
  <attribute name= "numThreadsSpecified" value="4" />
  <attribute name="heapSize specified" value="10223616" />
  <attribute name="Current GC Util" value="75" />
  <attribute name= "Current Time Running" value="45651" />
  <attribute name ="GC Interval" value="1352" />
  <attribute name="ProportionalT" value="82.500000" />
  <attribute name="ProportionalI" value="82.500000" />
  <attribute name="ProportionalH" value="82.500000" />
  <attribute name="Current Error" value="55.000000" />
  <attribute name="IntegralT" value="1265.000000" />
  <attribute name="IntegralI" value="1265.000000" />
  <attribute name="IntegralH" value="1265.000000" />
  <attribute name="DerivativeT" value="2.608696" />
  <attribute name="DerivativeI" value="2.608696" />
  <attribute name="DerivativeH" value="2.608696" />
  <attribute name="Loop Time for DT" value="23.000000" />
  <attribute name="Output H" value="8388608"/>
  <attribute name="Output I" value="1352"/>
  <attribute name="Output T" value="4"/>
  <attribute name="Target GC Util Change" value ="20.000000" />
  <attribute name="Current GC Util Change" value="75.000000"/>
  <attribute name="GC Util currently" value="75" />
  <attribute name="CPU Util currently" value="202776967940" />
<allocation-satisfied id="496" threadId="0000000001E06700" bytesRequested="160" />
<af-end id="497" timestamp="2019-06-20T21:28:27.460" threadId="0000000001E07088" success="true" from="nursery"/>
<exclusive-end id="498" timestamp="2019-06-20T21:28:27.460" durationms="2.451" />

<exclusive-start id="499" timestamp="2019-06-20T21:28:27.488" intervalms="31.156">
  <response-info timems="0.029" idlems="0.029" threads="0" lastid="0000000001E06700" lastname="main" />
</exclusive-start>
<af-start id="500" threadId="0000000001E07088" totalBytesRequested="176" timestamp="2019-06-20T21:28:27.488" intervalms="31.117" type="nursery" />
<cycle-start id="501" type="scavenge" contextid="0" timestamp="2019-06-20T21:28:27.489" intervalms="31.060" />
<gc-start id="502" type="scavenge" contextid="501" timestamp="2019-06-20T21:28:27.489">
  <mem-info id="503" free="1434712" total="9961472" percent="14">
    <mem type="nursery" free="0" total="3932160" percent="0">
      <mem type="allocate" free="0" total="2818048" percent="0" />
      <mem type="survivor" free="0" total="1114112" percent="0" />
    </mem>
    <mem type="tenure" free="1434712" total="6029312" percent="23">
      <mem type="soa" free="1185880" total="5728256" percent="20" />
      <mem type="loa" free="248832" total="301056" percent="82" />
    </mem>
    <remembered-set count="1410" />
  </mem-info>
</gc-start>
<allocation-stats totalBytes="2126800" >
  <allocated-bytes non-tlh="280" tlh="2126520" />
  <largest-consumer threadName="main" threadId="0000000001E06700" bytes="2126800" />
</allocation-stats>
<gc-op id="504" type="scavenge" timems="0.868" contextid="501" timestamp="2019-06-20T21:28:27.490">
  <scavenger-info tenureage="5" tenuremask="ffe0" tiltratio="71" />
  <memory-copied type="nursery" objects="17120" bytes="790936" bytesdiscarded="155736" />
  <references type="weak" candidates="70" cleared="0" enqueued="0" />
</gc-op>
<gc-end id="505" type="scavenge" contextid="501" durationms="1.279" usertimems="0.000" systemtimems="0.000" timestamp="2019-06-20T21:28:27.490" activeThreads="4">
  <mem-info id="506" free="3306064" total="9961472" percent="33">
    <mem type="nursery" free="1871352" total="3932160" percent="47">
      <mem type="allocate" free="1871352" total="2818048" percent="66" />
      <mem type="survivor" free="0" total="1114112" percent="0" />
    </mem>
    <mem type="tenure" free="1434712" total="6029312" percent="23" macro-fragmented="91104">
      <mem type="soa" free="1185880" total="5728256" percent="20" />
      <mem type="loa" free="248832" total="301056" percent="82" />
    </mem>
    <remembered-set count="1400" />
  </mem-info>
</gc-end>
<cycle-end id="507" type="scavenge" contextid="501" timestamp="2019-06-20T21:28:27.490" />
  <attribute name="elasticGC enabled" value="1" />
  <attribute name= "numThreadsSpecified" value="4" />
  <attribute name="heapSize specified" value="10223616" />
  <attribute name="Current GC Util" value="6" />
  <attribute name= "Current Time Running" value="45681" />
  <attribute name ="GC Interval" value="200" />
  <attribute name="ProportionalT" value="-21.000000" />
  <attribute name="ProportionalI" value="-21.000000" />
  <attribute name="ProportionalH" value="-21.000000" />
  <attribute name="Current Error" value="-14.000000" />
  <attribute name="IntegralT" value="-420.000000" />
  <attribute name="IntegralI" value="-420.000000" />
  <attribute name="IntegralH" value="-420.000000" />
  <attribute name="DerivativeT" value="-3.450000" />
  <attribute name="DerivativeI" value="-3.450000" />
  <attribute name="DerivativeH" value="-3.450000" />
  <attribute name="Loop Time for DT" value="30.000000" />
  <attribute name="Output H" value="2092630016"/>
  <attribute name="Output I" value="200"/>
  <attribute name="Output T" value="4"/>
  <attribute name="Target GC Util Change" value ="20.000000" />
  <attribute name="Current GC Util Change" value="6.000000"/>
  <attribute name="GC Util currently" value="6" />
  <attribute name="CPU Util currently" value="149433871023" />
<allocation-satisfied id="508" threadId="0000000001E06700" bytesRequested="176" />
<af-end id="509" timestamp="2019-06-20T21:28:27.490" threadId="0000000001E07088" success="true" from="nursery"/>
<exclusive-end id="510" timestamp="2019-06-20T21:28:27.490" durationms="2.077" />

<exclusive-start id="511" timestamp="2019-06-20T21:28:27.563" intervalms="74.813">
  <response-info timems="0.030" idlems="0.030" threads="0" lastid="0000000001E06700" lastname="main" />
</exclusive-start>
<af-start id="512" threadId="0000000001E07088" totalBytesRequested="24" timestamp="2019-06-20T21:28:27.563" intervalms="74.815" type="nursery" />
<cycle-start id="513" type="scavenge" contextid="0" timestamp="2019-06-20T21:28:27.563" intervalms="74.843" />
<gc-start id="514" type="scavenge" contextid="513" timestamp="2019-06-20T21:28:27.564">
  <mem-info id="515" free="1377176" total="9961472" percent="13">
    <mem type="nursery" free="0" total="3932160" percent="0">
      <mem type="allocate" free="0" total="2818048" percent="0" />
      <mem type="survivor" free="0" total="1114112" percent="0" />
    </mem>
    <mem type="tenure" free="1377176" total="6029312" percent="22">
      <mem type="soa" free="1128344" total="5728256" percent="19" />
      <mem type="loa" free="248832" total="301056" percent="82" />
    </mem>
    <remembered-set count="2019" />
  </mem-info>
</gc-start>
<allocation-stats totalBytes="1927896" >
  <allocated-bytes non-tlh="448024" tlh="1479872" />
  <largest-consumer threadName="main" threadId="0000000001E06700" bytes="1927896" />
</allocation-stats>
<gc-op id="516" type="scavenge" timems="1.336" contextid="513" timestamp="2019-06-20T21:28:27.565">
  <scavenger-info tenureage="4" tenuremask="6010" tiltratio="71" />
  <memory-copied type="nursery" objects="16085" bytes="998376" bytesdiscarded="115512" />
  <memory-copied type="tenure" objects="1906" bytes="85640" bytesdiscarded="32" />
  <copy-failed type="nursery" objects="140" bytes="5728" />
  <references type="soft" candidates="224" cleared="0" enqueued="0" dynamicThreshold="8" maxThreshold="32" />
  <references type="weak" candidates="408" cleared="18" enqueued="12" />
  <references type="phantom" candidates="1" cleared="0" enqueued="0" />
</gc-op>
<gc-end id="517" type="scavenge" contextid="513" durationms="1.938" usertimems="0.000" systemtimems="0.000" timestamp="2019-06-20T21:28:27.566" activeThreads="4">
  <mem-info id="518" free="2648472" total="9961472" percent="26">
    <mem type="nursery" free="1441792" total="3932160" percent="36">
      <mem type="allocate" free="1441792" total="2555904" percent="56" />
      <mem type="survivor" free="0" total="1376256" percent="0" />
    </mem>
    <mem type="tenure" free="1206680" total="6029312" percent="20" macro-fragmented="140211">
      <mem type="soa" free="957848" total="5728256" percent="16" />
      <mem type="loa" free="248832" total="301056" percent="82" />
    </mem>
    <pending-finalizers system="0" default="0" reference="12" classloader="0" />
    <remembered-set count="1593" />
  </mem-info>
</gc-end>
<cycle-end id="519" type="scavenge" contextid="513" timestamp="2019-06-20T21:28:27.566" />
  <attribute name="elasticGC enabled" value="1" />
  <attribute name= "numThreadsSpecified" value="4" />
  <attribute name="heapSize specified" value="10223616" />
  <attribute name="Current GC Util" value="2" />
  <attribute name= "Current Time Running" value="45756" />
  <attribute name ="GC Interval" value="200" />
  <attribute name="ProportionalT" value="-27.000000" />
  <attribute name="ProportionalI" value="-27.000000" />
  <attribute name="ProportionalH" value="-27.000000" />
  <attribute name="Current Error" value="-18.000000" />
  <attribute name="IntegralT" value="-1350.000000" />
  <attribute name="IntegralI" value="-1350.000000" />
  <attribute name="IntegralH" value="-1350.000000" />
  <attribute name="DerivativeT" value="-0.360000" />
  <attribute name="DerivativeI" value="-0.360000" />
  <attribute name="DerivativeH" value="-0.360000" />
  <attribute name="Loop Time for DT" value="75.000000" />
  <attribute name="Output H" value="2092630016"/>
  <attribute name="Output I" value="200"/>
  <attribute name="Output T" value="4"/>
  <attribute name="Target GC Util Change" value ="20.000000" />
  <attribute name="Current GC Util Change" value="2.000000"/>
  <attribute name="GC Util currently" value="2" />
  <attribute name="CPU Util currently" value="61479376579" />
<allocation-satisfied id="520" threadId="0000000001E06700" bytesRequested="24" />
<af-end id="521" timestamp="2019-06-20T21:28:27.566" threadId="0000000001E07088" success="true" from="nursery"/>
<exclusive-end id="522" timestamp="2019-06-20T21:28:27.566" durationms="2.867" />

<exclusive-start id="523" timestamp="2019-06-20T21:28:27.571" intervalms="7.904">
  <response-info timems="0.026" idlems="0.026" threads="0" lastid="0000000001E06700" lastname="main" />
</exclusive-start>
<af-start id="524" threadId="0000000001E07088" totalBytesRequested="32" timestamp="2019-06-20T21:28:27.571" intervalms="7.873" type="nursery" />
<cycle-start id="525" type="scavenge" contextid="0" timestamp="2019-06-20T21:28:27.571" intervalms="7.838" />
<gc-start id="526" type="scavenge" contextid="525" timestamp="2019-06-20T21:28:27.571">
  <mem-info id="527" free="1206680" total="9961472" percent="12">
    <mem type="nursery" free="0" total="3932160" percent="0">
      <mem type="allocate" free="0" total="2555904" percent="0" />
      <mem type="survivor" free="0" total="1376256" percent="0" />
    </mem>
    <mem type="tenure" free="1206680" total="6029312" percent="20">
      <mem type="soa" free="957848" total="5728256" percent="16" />
      <mem type="loa" free="248832" total="301056" percent="82" />
    </mem>
    <remembered-set count="1595" />
  </mem-info>
</gc-start>
<allocation-stats totalBytes="1441536" >
  <allocated-bytes non-tlh="24" tlh="1441512" />
  <largest-consumer threadName="main" threadId="0000000001E06700" bytes="1437440" />
</allocation-stats>
<gc-op id="528" type="scavenge" timems="1.056" contextid="525" timestamp="2019-06-20T21:28:27.573">
  <scavenger-info tenureage="4" tenuremask="7010" tiltratio="65" />
  <memory-copied type="nursery" objects="16488" bytes="1023848" bytesdiscarded="63280" />
  <memory-copied type="tenure" objects="1861" bytes="71992" bytesdiscarded="0" />
  <references type="soft" candidates="224" cleared="0" enqueued="0" dynamicThreshold="8" maxThreshold="32" />
  <references type="weak" candidates="390" cleared="0" enqueued="0" />
  <references type="phantom" candidates="1" cleared="0" enqueued="0" />
</gc-op>
<heap-resize id="529" type="expand" space="nursery" amount="393216" count="1" timems="0.014" reason="excessive time being spent scavenging" timestamp="2019-06-20T21:28:27.573" />
<gc-end id="530" type="scavenge" contextid="525" durationms="1.551" usertimems="4.000" systemtimems="0.000" timestamp="2019-06-20T21:28:27.573" activeThreads="4">
  <mem-info id="531" free="3134064" total="10354688" percent="30">
    <mem type="nursery" free="1927384" total="4325376" percent="44">
      <mem type="allocate" free="1927384" total="3014656" percent="63" />
      <mem type="survivor" free="0" total="1310720" percent="0" />
    </mem>
    <mem type="tenure" free="1206680" total="6029312" percent="20" macro-fragmented="0">
      <mem type="soa" free="957848" total="5728256" percent="16" />
      <mem type="loa" free="248832" total="301056" percent="82" />
    </mem>
    <remembered-set count="1448" />
  </mem-info>
</gc-end>
<cycle-end id="532" type="scavenge" contextid="525" timestamp="2019-06-20T21:28:27.573" />
  <attribute name="elasticGC enabled" value="1" />
  <attribute name= "numThreadsSpecified" value="4" />
  <attribute name="heapSize specified" value="10223616" />
  <attribute name="Current GC Util" value="31" />
  <attribute name= "Current Time Running" value="45764" />
  <attribute name ="GC Interval" value="200" />
  <attribute name="ProportionalT" value="16.500000" />
  <attribute name="ProportionalI" value="16.500000" />
  <attribute name="ProportionalH" value="16.500000" />
  <attribute name="Current Error" value="11.000000" />
  <attribute name="IntegralT" value="88.000000" />
  <attribute name="IntegralI" value="88.000000" />
  <attribute name="IntegralH" value="88.000000" />
  <attribute name="DerivativeT" value="2.062500" />
  <attribute name="DerivativeI" value="2.062500" />
  <attribute name="DerivativeH" value="2.062500" />
  <attribute name="Loop Time for DT" value="8.000000" />
  <attribute name="Output H" value="8388608"/>
  <attribute name="Output I" value="200"/>
  <attribute name="Output T" value="4"/>
  <attribute name="Target GC Util Change" value ="20.000000" />
  <attribute name="Current GC Util Change" value="31.000000"/>
  <attribute name="GC Util currently" value="31" />
  <attribute name="CPU Util currently" value="601955681789" />
<allocation-satisfied id="533" threadId="0000000001E06700" bytesRequested="32" />
<af-end id="534" timestamp="2019-06-20T21:28:27.573" threadId="0000000001E07088" success="true" from="nursery"/>
<exclusive-end id="535" timestamp="2019-06-20T21:28:27.573" durationms="2.174" />

<exclusive-start id="536" timestamp="2019-06-20T21:28:27.580" intervalms="8.732">
  <response-info timems="0.051" idlems="0.051" threads="0" lastid="0000000001E06700" lastname="main" />
</exclusive-start>
<af-start id="537" threadId="0000000001E07088" totalBytesRequested="24" timestamp="2019-06-20T21:28:27.580" intervalms="8.786" type="nursery" />
<cycle-start id="538" type="scavenge" contextid="0" timestamp="2019-06-20T21:28:27.580" intervalms="8.787" />
<gc-start id="539" type="scavenge" contextid="538" timestamp="2019-06-20T21:28:27.580">
  <mem-info id="540" free="1206680" total="10354688" percent="11">
    <mem type="nursery" free="0" total="4325376" percent="0">
      <mem type="allocate" free="0" total="3014656" percent="0" />
      <mem type="survivor" free="0" total="1310720" percent="0" />
    </mem>
    <mem type="tenure" free="1206680" total="6029312" percent="20">
      <mem type="soa" free="957848" total="5728256" percent="16" />
      <mem type="loa" free="248832" total="301056" percent="82" />
    </mem>
    <remembered-set count="1448" />
  </mem-info>
</gc-start>
<allocation-stats totalBytes="1927072" >
  <allocated-bytes non-tlh="32" tlh="1927040" />
  <largest-consumer threadName="main" threadId="0000000001E06700" bytes="1927072" />
</allocation-stats>
<gc-op id="541" type="scavenge" timems="1.279" contextid="538" timestamp="2019-06-20T21:28:27.582">
  <scavenger-info tenureage="2" tenuremask="7814" tiltratio="69" />
  <memory-copied type="nursery" objects="6073" bytes="244464" bytesdiscarded="45240" />
  <memory-copied type="tenure" objects="14038" bytes="914952" bytesdiscarded="176" />
</gc-op>
<heap-resize id="542" type="expand" space="nursery" amount="262144" count="1" timems="0.013" reason="excessive time being spent scavenging" timestamp="2019-06-20T21:28:27.582" />
<gc-end id="543" type="scavenge" contextid="538" durationms="1.631" usertimems="0.000" systemtimems="0.000" timestamp="2019-06-20T21:28:27.582" activeThreads="4">
  <mem-info id="544" free="3235928" total="10616832" percent="30">
    <mem type="nursery" free="2987096" total="4587520" percent="65">
      <mem type="allocate" free="2987096" total="3276800" percent="91" />
      <mem type="survivor" free="0" total="1310720" percent="0" />
    </mem>
    <mem type="tenure" free="248832" total="6029312" percent="4" macro-fragmented="242284">
      <mem type="soa" free="0" total="5728256" percent="0" />
      <mem type="loa" free="248832" total="301056" percent="82" />
    </mem>
    <remembered-set count="707" />
  </mem-info>
</gc-end>
<cycle-end id="545" type="scavenge" contextid="538" timestamp="2019-06-20T21:28:27.582" />
  <attribute name="elasticGC enabled" value="1" />
  <attribute name= "numThreadsSpecified" value="4" />
  <attribute name="heapSize specified" value="10223616" />
  <attribute name="Current GC Util" value="25" />
  <attribute name= "Current Time Running" value="45773" />
  <attribute name ="GC Interval" value="200" />
  <attribute name="ProportionalT" value="7.500000" />
  <attribute name="ProportionalI" value="7.500000" />
  <attribute name="ProportionalH" value="7.500000" />
  <attribute name="Current Error" value="5.000000" />
  <attribute name="IntegralT" value="45.000000" />
  <attribute name="IntegralI" value="45.000000" />
  <attribute name="IntegralH" value="45.000000" />
  <attribute name="DerivativeT" value="-1.000000" />
  <attribute name="DerivativeI" value="-1.000000" />
  <attribute name="DerivativeH" value="-1.000000" />
  <attribute name="Loop Time for DT" value="9.000000" />
  <attribute name="Output H" value="8388608"/>
  <attribute name="Output I" value="200"/>
  <attribute name="Output T" value="4"/>
  <attribute name="Target GC Util Change" value ="20.000000" />
  <attribute name="Current GC Util Change" value="25.000000"/>
  <attribute name="GC Util currently" value="25" />
  <attribute name="CPU Util currently" value="527565276606" />
<allocation-satisfied id="546" threadId="0000000001E06700" bytesRequested="24" />
<af-end id="547" timestamp="2019-06-20T21:28:27.582" threadId="0000000001E07088" success="true" from="nursery"/>
<exclusive-end id="548" timestamp="2019-06-20T21:28:27.582" durationms="2.469" />

<exclusive-start id="549" timestamp="2019-06-20T21:28:27.584" intervalms="4.357">
  <response-info timems="0.046" idlems="0.046" threads="0" lastid="0000000001E06700" lastname="main" />
</exclusive-start>
<af-start id="550" threadId="0000000001E07088" totalBytesRequested="88" timestamp="2019-06-20T21:28:27.584" intervalms="4.282" type="tenure" />
<cycle-start id="551" type="global" contextid="0" timestamp="2019-06-20T21:28:27.584" intervalms="174.637" />
<gc-start id="552" type="global" contextid="551" timestamp="2019-06-20T21:28:27.584">
  <mem-info id="553" free="2891864" total="10616832" percent="27">
    <mem type="nursery" free="2643032" total="4587520" percent="57">
      <mem type="allocate" free="2643032" total="3276800" percent="80" />
      <mem type="survivor" free="0" total="1310720" percent="0" />
    </mem>
    <mem type="tenure" free="248832" total="6029312" percent="4">
      <mem type="soa" free="0" total="5728256" percent="0" />
      <mem type="loa" free="248832" total="301056" percent="82" />
    </mem>
    <remembered-set count="763" />
  </mem-info>
</gc-start>
<allocation-stats totalBytes="343992" >
  <allocated-bytes non-tlh="24" tlh="343968" />
  <largest-consumer threadName="main" threadId="0000000001E06700" bytes="343992" />
</allocation-stats>
<gc-op id="554" type="mark" timems="2.522" contextid="551" timestamp="2019-06-20T21:28:27.587">
  <trace-info objectcount="78645" scancount="65889" scanbytes="2326036" />
  <finalization candidates="80" enqueued="0" />
  <ownableSynchronizers candidates="22" cleared="0" />
  <references type="soft" candidates="1318" cleared="0" enqueued="0" dynamicThreshold="8" maxThreshold="32" />
  <references type="weak" candidates="4127" cleared="2" enqueued="1" />
  <references type="phantom" candidates="79" cleared="0" enqueued="0" />
  <stringconstants candidates="8285" cleared="0"  />
</gc-op>
<gc-op id="555" type="sweep" timems="0.203" contextid="551" timestamp="2019-06-20T21:28:27.587" />
<mem-info id="556" free="4493624" total="10616832" percent="42">
  <mem type="nursery" free="2998544" total="4587520" percent="65">
    <mem type="allocate" free="2998544" total="3276800" percent="91" />
    <mem type="survivor" free="0" total="1310720" percent="0" />
  </mem>
  <mem type="tenure" free="1495080" total="6029312" percent="24" micro-fragmented="18445" macro-fragmented="13967">
    <mem type="soa" free="1194024" total="5728256" percent="20" />
    <mem type="loa" free="301056" total="301056" percent="100" />
  </mem>
  <pending-finalizers system="0" default="0" reference="1" classloader="0" />
  <remembered-set count="646" />
</mem-info>
<gc-op id="557" type="compact" timems="16.549" contextid="551" timestamp="2019-06-20T21:28:27.604">
  <compact-info movecount="73025" movebytes="4544152" reason="compact to aid heap contraction" />
</gc-op>
<heap-resize id="558" type="contract" space="tenure" amount="262144" count="1" timems="0.072" reason="heap reconfiguration" timestamp="2019-06-20T21:28:27.605" />
<gc-end id="559" type="global" contextid="551" durationms="20.277" usertimems="28.000" systemtimems="0.000" timestamp="2019-06-20T21:28:27.605" activeThreads="4">
  <mem-info id="560" free="4221672" total="10354688" percent="40">
    <mem type="nursery" free="3019088" total="4587520" percent="65">
      <mem type="allocate" free="3019088" total="3276800" percent="92" />
      <mem type="survivor" free="0" total="1310720" percent="0" />
    </mem>
    <mem type="tenure" free="1202584" total="5767168" percent="20">
      <mem type="soa" free="953752" total="5479424" percent="17" />
      <mem type="loa" free="248832" total="287744" percent="86" />
    </mem>
    <pending-finalizers system="0" default="0" reference="1" classloader="0" />
    <remembered-set count="646" />
  </mem-info>
</gc-end>
<cycle-end id="561" type="global" contextid="551" timestamp="2019-06-20T21:28:27.605" />
  <attribute name="elasticGC enabled" value="1" />
  <attribute name= "numThreadsSpecified" value="4" />
  <attribute name="heapSize specified" value="10616832" />
  <attribute name="Current GC Util" value="30" />
  <attribute name= "Current Time Running" value="45797" />
  <attribute name ="GC Interval" value="200" />
  <attribute name="ProportionalT" value="15.000000" />
  <attribute name="ProportionalI" value="15.000000" />
  <attribute name="ProportionalH" value="15.000000" />
  <attribute name="Current Error" value="10.000000" />
  <attribute name="IntegralT" value="170.000000" />
  <attribute name="IntegralI" value="170.000000" />
  <attribute name="IntegralH" value="170.000000" />
  <attribute name="DerivativeT" value="0.882353" />
  <attribute name="DerivativeI" value="0.882353" />
  <attribute name="DerivativeH" value="0.882353" />
  <attribute name="Loop Time for DT" value="17.000000" />
  <attribute name="Output H" value="8388608"/>
  <attribute name="Output I" value="200"/>
  <attribute name="Output T" value="4"/>
  <attribute name="Target GC Util Change" value ="20.000000" />
  <attribute name="Current GC Util Change" value="30.000000"/>
  <attribute name="GC Util currently" value="30" />
  <attribute name="CPU Util currently" value="275921995768" />
<allocation-satisfied id="562" threadId="0000000001E06700" bytesRequested="88" />
<af-end id="563" timestamp="2019-06-20T21:28:27.605" threadId="0000000001E07088" success="true" from="tenure-soa"/>
<exclusive-end id="564" timestamp="2019-06-20T21:28:27.605" durationms="21.039" />

<exclusive-start id="565" timestamp="2019-06-20T21:28:27.623" intervalms="39.110">
  <response-info timems="0.031" idlems="0.031" threads="0" lastid="0000000001E06700" lastname="main" />
</exclusive-start>
<af-start id="566" threadId="0000000001E07088" totalBytesRequested="56" timestamp="2019-06-20T21:28:27.623" intervalms="39.147" type="nursery" />
<cycle-start id="567" type="scavenge" contextid="0" timestamp="2019-06-20T21:28:27.623" intervalms="43.394" />
<gc-start id="568" type="scavenge" contextid="567" timestamp="2019-06-20T21:28:27.624">
  <mem-info id="569" free="1200120" total="10354688" percent="11">
    <mem type="nursery" free="0" total="4587520" percent="0">
      <mem type="allocate" free="0" total="3276800" percent="0" />
      <mem type="survivor" free="0" total="1310720" percent="0" />
    </mem>
    <mem type="tenure" free="1200120" total="5767168" percent="20">
      <mem type="soa" free="951288" total="5479424" percent="17" />
      <mem type="loa" free="248832" total="287744" percent="86" />
    </mem>
    <remembered-set count="998" />
  </mem-info>
</gc-start>
<allocation-stats totalBytes="3020936" >
  <allocated-bytes non-tlh="2552" tlh="3018384" />
  <largest-consumer threadName="main" threadId="0000000001E06700" bytes="3020936" />
</allocation-stats>
<gc-op id="570" type="scavenge" timems="0.833" contextid="567" timestamp="2019-06-20T21:28:27.625">
  <scavenger-info tenureage="12" tenuremask="7000" tiltratio="71" />
  <memory-copied type="nursery" objects="12744" bytes="533280" bytesdiscarded="64976" />
  <ownableSynchronizers candidates="44" cleared="44" />
  <references type="weak" candidates="18" cleared="0" enqueued="0" />
</gc-op>
<gc-end id="571" type="scavenge" contextid="567" durationms="1.248" usertimems="4.000" systemtimems="0.000" timestamp="2019-06-20T21:28:27.625" activeThreads="4">
  <mem-info id="572" free="4075256" total="10354688" percent="39">
    <mem type="nursery" free="2875136" total="4587520" percent="62">
      <mem type="allocate" free="2875136" total="3473408" percent="82" />
      <mem type="survivor" free="0" total="1114112" percent="0" />
    </mem>
    <mem type="tenure" free="1200120" total="5767168" percent="20" macro-fragmented="68328">
      <mem type="soa" free="951288" total="5479424" percent="17" />
      <mem type="loa" free="248832" total="287744" percent="86" />
    </mem>
    <remembered-set count="989" />
  </mem-info>
</gc-end>
<cycle-end id="573" type="scavenge" contextid="567" timestamp="2019-06-20T21:28:27.625" />
  <attribute name="elasticGC enabled" value="1" />
  <attribute name= "numThreadsSpecified" value="4" />
  <attribute name="heapSize specified" value="10616832" />
  <attribute name="Current GC Util" value="99" />
  <attribute name= "Current Time Running" value="45816" />
  <attribute name ="GC Interval" value="1624" />
  <attribute name="ProportionalT" value="118.500000" />
  <attribute name="ProportionalI" value="118.500000" />
  <attribute name="ProportionalH" value="118.500000" />
  <attribute name="Current Error" value="79.000000" />
  <attribute name="IntegralT" value="1501.000000" />
  <attribute name="IntegralI" value="1501.000000" />
  <attribute name="IntegralH" value="1501.000000" />
  <attribute name="DerivativeT" value="5.447368" />
  <attribute name="DerivativeI" value="5.447368" />
  <attribute name="DerivativeH" value="5.447368" />
  <attribute name="Loop Time for DT" value="19.000000" />
  <attribute name="Output H" value="8388608"/>
  <attribute name="Output I" value="1624"/>
  <attribute name="Output T" value="4"/>
  <attribute name="Target GC Util Change" value ="20.000000" />
  <attribute name="Current GC Util Change" value="99.000000"/>
  <attribute name="GC Util currently" value="99" />
  <attribute name="CPU Util currently" value="238104534815" />
<allocation-satisfied id="574" threadId="0000000001E06700" bytesRequested="56" />
<af-end id="575" timestamp="2019-06-20T21:28:27.625" threadId="0000000001E07088" success="true" from="nursery"/>
<exclusive-end id="576" timestamp="2019-06-20T21:28:27.625" durationms="1.926" />

<exclusive-start id="577" timestamp="2019-06-20T21:28:27.668" intervalms="44.377">
  <response-info timems="0.055" idlems="0.055" threads="0" lastid="0000000001E06700" lastname="main" />
</exclusive-start>
<af-start id="578" threadId="0000000001E07088" totalBytesRequested="16" timestamp="2019-06-20T21:28:27.668" intervalms="44.411" type="nursery" />
<cycle-start id="579" type="scavenge" contextid="0" timestamp="2019-06-20T21:28:27.668" intervalms="44.493" />
<gc-start id="580" type="scavenge" contextid="579" timestamp="2019-06-20T21:28:27.668">
  <mem-info id="581" free="1189624" total="10354688" percent="11">
    <mem type="nursery" free="0" total="4587520" percent="0">
      <mem type="allocate" free="0" total="3473408" percent="0" />
      <mem type="survivor" free="0" total="1114112" percent="0" />
    </mem>
    <mem type="tenure" free="1189624" total="5767168" percent="20">
      <mem type="soa" free="940792" total="5479424" percent="17" />
      <mem type="loa" free="248832" total="287744" percent="86" />
    </mem>
    <remembered-set count="1093" />
  </mem-info>
</gc-start>
<allocation-stats totalBytes="2885184" >
  <allocated-bytes non-tlh="210560" tlh="2674624" />
  <largest-consumer threadName="main" threadId="0000000001E06700" bytes="2885184" />
</allocation-stats>
<gc-op id="582" type="scavenge" timems="0.875" contextid="579" timestamp="2019-06-20T21:28:27.669">
  <scavenger-info tenureage="12" tenuremask="7000" tiltratio="75" />
  <memory-copied type="nursery" objects="12439" bytes="542992" bytesdiscarded="78888" />
  <references type="soft" candidates="1" cleared="0" enqueued="0" dynamicThreshold="6" maxThreshold="32" />
  <references type="weak" candidates="18" cleared="0" enqueued="0" />
</gc-op>
<gc-end id="583" type="scavenge" contextid="579" durationms="1.494" usertimems="4.000" systemtimems="0.000" timestamp="2019-06-20T21:28:27.670" activeThreads="4">
  <mem-info id="584" free="4106656" total="10354688" percent="39">
    <mem type="nursery" free="2917032" total="4587520" percent="63">
      <mem type="allocate" free="2917032" total="3538944" percent="82" />
      <mem type="survivor" free="0" total="1048576" percent="0" />
    </mem>
    <mem type="tenure" free="1189624" total="5767168" percent="20" macro-fragmented="68328">
      <mem type="soa" free="940792" total="5479424" percent="17" />
      <mem type="loa" free="248832" total="287744" percent="86" />
    </mem>
    <remembered-set count="1086" />
  </mem-info>
</gc-end>
<cycle-end id="585" type="scavenge" contextid="579" timestamp="2019-06-20T21:28:27.670" />
  <attribute name="elasticGC enabled" value="1" />
  <attribute name= "numThreadsSpecified" value="4" />
  <attribute name="heapSize specified" value="10616832" />
  <attribute name="Current GC Util" value="3" />
  <attribute name= "Current Time Running" value="45861" />
  <attribute name ="GC Interval" value="200" />
  <attribute name="ProportionalT" value="-25.500000" />
  <attribute name="ProportionalI" value="-25.500000" />
  <attribute name="ProportionalH" value="-25.500000" />
  <attribute name="Current Error" value="-17.000000" />
  <attribute name="IntegralT" value="-765.000000" />
  <attribute name="IntegralI" value="-765.000000" />
  <attribute name="IntegralH" value="-765.000000" />
  <attribute name="DerivativeT" value="-3.200000" />
  <attribute name="DerivativeI" value="-3.200000" />
  <attribute name="DerivativeH" value="-3.200000" />
  <attribute name="Loop Time for DT" value="45.000000" />
  <attribute name="Output H" value="2092630016"/>
  <attribute name="Output I" value="200"/>
  <attribute name="Output T" value="4"/>
  <attribute name="Target GC Util Change" value ="20.000000" />
  <attribute name="Current GC Util Change" value="3.000000"/>
  <attribute name="GC Util currently" value="3" />
  <attribute name="CPU Util currently" value="103187840084" />
<allocation-satisfied id="586" threadId="0000000001E06700" bytesRequested="16" />
<af-end id="587" timestamp="2019-06-20T21:28:27.670" threadId="0000000001E07088" success="true" from="nursery"/>
<exclusive-end id="588" timestamp="2019-06-20T21:28:27.670" durationms="2.461" />

<exclusive-start id="589" timestamp="2019-06-20T21:28:27.772" intervalms="104.855">
  <response-info timems="0.025" idlems="0.025" threads="0" lastid="0000000001E06700" lastname="main" />
</exclusive-start>
<sys-start reason="explicit" id="590" timestamp="2019-06-20T21:28:27.773" intervalms="46081.845" />
<cycle-start id="591" type="global" contextid="0" timestamp="2019-06-20T21:28:27.773" intervalms="188.372" />
<gc-start id="592" type="global" contextid="591" timestamp="2019-06-20T21:28:27.773">
  <mem-info id="593" free="2081360" total="10354688" percent="20">
    <mem type="nursery" free="914768" total="4587520" percent="19">
      <mem type="allocate" free="914768" total="3538944" percent="25" />
      <mem type="survivor" free="0" total="1048576" percent="0" />
    </mem>
    <mem type="tenure" free="1166592" total="5767168" percent="20">
      <mem type="soa" free="917760" total="5479424" percent="16" />
      <mem type="loa" free="248832" total="287744" percent="86" />
    </mem>
    <remembered-set count="1584" />
  </mem-info>
</gc-start>
<allocation-stats totalBytes="2023928" >
  <allocated-bytes non-tlh="223056" tlh="1800872" />
  <largest-consumer threadName="main" threadId="0000000001E06700" bytes="2023928" />
</allocation-stats>
<gc-op id="594" type="mark" timems="3.312" contextid="591" timestamp="2019-06-20T21:28:27.776">
  <trace-info objectcount="74428" scancount="62201" scanbytes="2117772" />
  <finalization candidates="80" enqueued="0" />
  <ownableSynchronizers candidates="22" cleared="0" />
  <references type="soft" candidates="1639" cleared="0" enqueued="0" dynamicThreshold="6" maxThreshold="32" />
  <references type="weak" candidates="4417" cleared="48" enqueued="38" />
  <references type="phantom" candidates="80" cleared="2" enqueued="2" />
  <stringconstants candidates="8669" cleared="15"  />
</gc-op>
<gc-op id="595" type="classunload" timems="0.427" contextid="591" timestamp="2019-06-20T21:28:27.777">
  <classunload-info classloadercandidates="17" classloadersunloaded="1" classesunloaded="1" anonymousclassesunloaded="0" quiescems="0.000" setupms="0.419" scanms="0.006" postms="0.002" />
</gc-op>
<gc-op id="596" type="sweep" timems="0.298" contextid="591" timestamp="2019-06-20T21:28:27.777" />
<mem-info id="597" free="4921272" total="10354688" percent="47">
  <mem type="nursery" free="3243712" total="4587520" percent="70">
    <mem type="allocate" free="3243712" total="3538944" percent="91" />
    <mem type="survivor" free="0" total="1048576" percent="0" />
  </mem>
  <mem type="tenure" free="1677560" total="5767168" percent="29" micro-fragmented="1282" macro-fragmented="13694">
    <mem type="soa" free="1389816" total="5479424" percent="25" />
    <mem type="loa" free="287744" total="287744" percent="100" />
  </mem>
  <pending-finalizers system="0" default="0" reference="40" classloader="0" />
  <remembered-set count="694" />
</mem-info>
<gc-op id="598" type="compact" timems="15.340" contextid="591" timestamp="2019-06-20T21:28:27.793">
  <compact-info movecount="66590" movebytes="3955096" reason="compact to aid heap contraction" />
</gc-op>
<heap-resize id="599" type="contract" space="tenure" amount="262144" count="1" timems="0.036" reason="heap reconfiguration" timestamp="2019-06-20T21:28:27.793" />
<gc-end id="600" type="global" contextid="591" durationms="20.697" usertimems="24.000" systemtimems="0.000" timestamp="2019-06-20T21:28:27.794" activeThreads="4">
  <mem-info id="601" free="4750016" total="10092544" percent="47">
    <mem type="nursery" free="3351688" total="4587520" percent="73">
      <mem type="allocate" free="3351688" total="3538944" percent="94" />
      <mem type="survivor" free="0" total="1048576" percent="0" />
    </mem>
    <mem type="tenure" free="1398328" total="5505024" percent="25">
      <mem type="soa" free="1149496" total="5230592" percent="21" />
      <mem type="loa" free="248832" total="274432" percent="90" />
    </mem>
    <pending-finalizers system="0" default="0" reference="40" classloader="0" />
    <remembered-set count="694" />
  </mem-info>
</gc-end>
<cycle-end id="602" type="global" contextid="591" timestamp="2019-06-20T21:28:27.794" />
  <attribute name="elasticGC enabled" value="1" />
  <attribute name= "numThreadsSpecified" value="4" />
  <attribute name="heapSize specified" value="10354688" />
  <attribute name="Current GC Util" value="30" />
  <attribute name= "Current Time Running" value="45986" />
  <attribute name ="GC Interval" value="200" />
  <attribute name="ProportionalT" value="15.000000" />
  <attribute name="ProportionalI" value="15.000000" />
  <attribute name="ProportionalH" value="15.000000" />
  <attribute name="Current Error" value="10.000000" />
  <attribute name="IntegralT" value="160.000000" />
  <attribute name="IntegralI" value="160.000000" />
  <attribute name="IntegralH" value="160.000000" />
  <attribute name="DerivativeT" value="0.937500" />
  <attribute name="DerivativeI" value="0.937500" />
  <attribute name="DerivativeH" value="0.937500" />
  <attribute name="Loop Time for DT" value="16.000000" />
  <attribute name="Output H" value="8388608"/>
  <attribute name="Output I" value="200"/>
  <attribute name="Output T" value="4"/>
  <attribute name="Target GC Util Change" value ="20.000000" />
  <attribute name="Current GC Util Change" value="30.000000"/>
  <attribute name="GC Util currently" value="30" />
  <attribute name="CPU Util currently" value="297441641565" />
<sys-end id="603" timestamp="2019-06-20T21:28:27.794" />
<exclusive-end id="604" timestamp="2019-06-20T21:28:27.794" durationms="21.494" />

<exclusive-start id="605" timestamp="2019-06-20T21:28:27.854" intervalms="81.434">
  <response-info timems="0.031" idlems="0.031" threads="0" lastid="0000000001E06700" lastname="main" />
</exclusive-start>
<af-start id="606" threadId="0000000001E07088" totalBytesRequested="24" timestamp="2019-06-20T21:28:27.854" intervalms="186.261" type="nursery" />
<cycle-start id="607" type="scavenge" contextid="0" timestamp="2019-06-20T21:28:27.854" intervalms="186.256" />
<gc-start id="608" type="scavenge" contextid="607" timestamp="2019-06-20T21:28:27.854">
  <mem-info id="609" free="1396192" total="10092544" percent="13">
    <mem type="nursery" free="0" total="4587520" percent="0">
      <mem type="allocate" free="0" total="3538944" percent="0" />
      <mem type="survivor" free="0" total="1048576" percent="0" />
    </mem>
    <mem type="tenure" free="1396192" total="5505024" percent="25">
      <mem type="soa" free="1147360" total="5230592" percent="21" />
      <mem type="loa" free="248832" total="274432" percent="90" />
    </mem>
    <remembered-set count="753" />
  </mem-info>
</gc-start>
<allocation-stats totalBytes="3352792" >
  <allocated-bytes non-tlh="529840" tlh="2822952" />
  <largest-consumer threadName="main" threadId="0000000001E06700" bytes="3344544" />
</allocation-stats>
<gc-op id="610" type="scavenge" timems="1.134" contextid="607" timestamp="2019-06-20T21:28:27.856">
  <scavenger-info tenureage="3" tenuremask="7018" tiltratio="77" />
  <memory-copied type="nursery" objects="10678" bytes="1047808" bytesdiscarded="504" />
  <memory-copied type="tenure" objects="4205" bytes="197088" bytesdiscarded="32" />
  <copy-failed type="nursery" objects="4811" bytes="224296" />
  <ownableSynchronizers candidates="44" cleared="44" />
  <references type="soft" candidates="323" cleared="0" enqueued="0" dynamicThreshold="8" maxThreshold="32" />
  <references type="weak" candidates="277" cleared="10" enqueued="10" />
  <references type="phantom" candidates="6" cleared="2" enqueued="2" />
</gc-op>
<gc-end id="611" type="scavenge" contextid="607" durationms="1.677" usertimems="0.000" systemtimems="0.000" timestamp="2019-06-20T21:28:27.856" activeThreads="4">
  <mem-info id="612" free="2470624" total="10092544" percent="24">
    <mem type="nursery" free="1376256" total="4587520" percent="30">
      <mem type="allocate" free="1376256" total="2424832" percent="56" />
      <mem type="survivor" free="0" total="2162688" percent="0" />
    </mem>
    <mem type="tenure" free="1094368" total="5505024" percent="19" macro-fragmented="0">
      <mem type="soa" free="845536" total="5230592" percent="16" />
      <mem type="loa" free="248832" total="274432" percent="90" />
    </mem>
    <pending-finalizers system="0" default="0" reference="12" classloader="0" />
    <remembered-set count="3418" />
  </mem-info>
</gc-end>
<cycle-end id="613" type="scavenge" contextid="607" timestamp="2019-06-20T21:28:27.856" />
  <attribute name="elasticGC enabled" value="1" />
  <attribute name= "numThreadsSpecified" value="4" />
  <attribute name="heapSize specified" value="10354688" />
  <attribute name="Current GC Util" value="30" />
  <attribute name= "Current Time Running" value="46047" />
  <attribute name ="GC Interval" value="632" />
  <attribute name="ProportionalT" value="15.000000" />
  <attribute name="ProportionalI" value="15.000000" />
  <attribute name="ProportionalH" value="15.000000" />
  <attribute name="Current Error" value="10.000000" />
  <attribute name="IntegralT" value="610.000000" />
  <attribute name="IntegralI" value="610.000000" />
  <attribute name="IntegralH" value="610.000000" />
  <attribute name="DerivativeT" value="0.000000" />
  <attribute name="DerivativeI" value="0.000000" />
  <attribute name="DerivativeH" value="0.000000" />
  <attribute name="Loop Time for DT" value="61.000000" />
  <attribute name="Output H" value="8388608"/>
  <attribute name="Output I" value="632"/>
  <attribute name="Output T" value="4"/>
  <attribute name="Target GC Util Change" value ="20.000000" />
  <attribute name="Current GC Util Change" value="30.000000"/>
  <attribute name="GC Util currently" value="30" />
  <attribute name="CPU Util currently" value="75082718957" />
<allocation-satisfied id="614" threadId="0000000001E06700" bytesRequested="24" />
<af-end id="615" timestamp="2019-06-20T21:28:27.856" threadId="0000000001E07088" success="true" from="nursery"/>
<exclusive-end id="616" timestamp="2019-06-20T21:28:27.857" durationms="2.670" />

<exclusive-start id="617" timestamp="2019-06-20T21:28:27.861" intervalms="6.741">
  <response-info timems="0.031" idlems="0.031" threads="0" lastid="0000000001E06700" lastname="main" />
</exclusive-start>
<af-start id="618" threadId="0000000001E07088" totalBytesRequested="32" timestamp="2019-06-20T21:28:27.861" intervalms="6.719" type="nursery" />
<cycle-start id="619" type="scavenge" contextid="0" timestamp="2019-06-20T21:28:27.861" intervalms="6.685" />
<gc-start id="620" type="scavenge" contextid="619" timestamp="2019-06-20T21:28:27.861">
  <mem-info id="621" free="1094368" total="10092544" percent="10">
    <mem type="nursery" free="0" total="4587520" percent="0">
      <mem type="allocate" free="0" total="2424832" percent="0" />
      <mem type="survivor" free="0" total="2162688" percent="0" />
    </mem>
    <mem type="tenure" free="1094368" total="5505024" percent="19">
      <mem type="soa" free="845536" total="5230592" percent="16" />
      <mem type="loa" free="248832" total="274432" percent="90" />
    </mem>
    <remembered-set count="3420" />
  </mem-info>
</gc-start>
<allocation-stats totalBytes="1376064" >
  <allocated-bytes non-tlh="24" tlh="1376040" />
  <largest-consumer threadName="main" threadId="0000000001E06700" bytes="1376064" />
</allocation-stats>
<gc-op id="622" type="scavenge" timems="0.923" contextid="619" timestamp="2019-06-20T21:28:27.862">
  <scavenger-info tenureage="11" tenuremask="7800" tiltratio="52" />
  <memory-copied type="nursery" objects="12638" bytes="1122552" bytesdiscarded="148064" />
  <references type="soft" candidates="323" cleared="0" enqueued="0" dynamicThreshold="8" maxThreshold="32" />
  <references type="weak" candidates="267" cleared="0" enqueued="0" />
  <references type="phantom" candidates="4" cleared="0" enqueued="0" />
</gc-op>
<heap-resize id="623" type="expand" space="nursery" amount="393216" count="1" timems="0.015" reason="excessive time being spent scavenging" timestamp="2019-06-20T21:28:27.862" />
<gc-end id="624" type="scavenge" contextid="619" durationms="1.517" usertimems="4.000" systemtimems="0.000" timestamp="2019-06-20T21:28:27.863" activeThreads="4">
  <mem-info id="625" free="2576000" total="10485760" percent="24">
    <mem type="nursery" free="1481632" total="4980736" percent="29">
      <mem type="allocate" free="1481632" total="2752512" percent="53" />
      <mem type="survivor" free="0" total="2228224" percent="0" />
    </mem>
    <mem type="tenure" free="1094368" total="5505024" percent="19" macro-fragmented="0">
      <mem type="soa" free="845536" total="5230592" percent="16" />
      <mem type="loa" free="248832" total="274432" percent="90" />
    </mem>
    <remembered-set count="3309" />
  </mem-info>
</gc-end>
<cycle-end id="626" type="scavenge" contextid="619" timestamp="2019-06-20T21:28:27.863" />
  <attribute name="elasticGC enabled" value="1" />
  <attribute name= "numThreadsSpecified" value="4" />
  <attribute name="heapSize specified" value="10354688" />
  <attribute name="Current GC Util" value="37" />
  <attribute name= "Current Time Running" value="46054" />
  <attribute name ="GC Interval" value="200" />
  <attribute name="ProportionalT" value="25.500000" />
  <attribute name="ProportionalI" value="25.500000" />
  <attribute name="ProportionalH" value="25.500000" />
  <attribute name="Current Error" value="17.000000" />
  <attribute name="IntegralT" value="119.000000" />
  <attribute name="IntegralI" value="119.000000" />
  <attribute name="IntegralH" value="119.000000" />
  <attribute name="DerivativeT" value="1.500000" />
  <attribute name="DerivativeI" value="1.500000" />
  <attribute name="DerivativeH" value="1.500000" />
  <attribute name="Loop Time for DT" value="7.000000" />
  <attribute name="Output H" value="8388608"/>
  <attribute name="Output I" value="200"/>
  <attribute name="Output T" value="4"/>
  <attribute name="Target GC Util Change" value ="20.000000" />
  <attribute name="Current GC Util Change" value="37.000000"/>
  <attribute name="GC Util currently" value="37" />
  <attribute name="CPU Util currently" value="703343153097" />
<allocation-satisfied id="627" threadId="0000000001E06700" bytesRequested="32" />
<af-end id="628" timestamp="2019-06-20T21:28:27.863" threadId="0000000001E07088" success="true" from="nursery"/>
<exclusive-end id="629" timestamp="2019-06-20T21:28:27.863" durationms="2.198" />

<exclusive-start id="630" timestamp="2019-06-20T21:28:27.867" intervalms="6.725">
  <response-info timems="0.054" idlems="0.054" threads="0" lastid="0000000001E06700" lastname="main" />
</exclusive-start>
<af-start id="631" threadId="0000000001E07088" totalBytesRequested="24" timestamp="2019-06-20T21:28:27.868" intervalms="6.756" type="nursery" />
<cycle-start id="632" type="scavenge" contextid="0" timestamp="2019-06-20T21:28:27.868" intervalms="6.752" />
<gc-start id="633" type="scavenge" contextid="632" timestamp="2019-06-20T21:28:27.868">
  <mem-info id="634" free="1094368" total="10485760" percent="10">
    <mem type="nursery" free="0" total="4980736" percent="0">
      <mem type="allocate" free="0" total="2752512" percent="0" />
      <mem type="survivor" free="0" total="2228224" percent="0" />
    </mem>
    <mem type="tenure" free="1094368" total="5505024" percent="19">
      <mem type="soa" free="845536" total="5230592" percent="16" />
      <mem type="loa" free="248832" total="274432" percent="90" />
    </mem>
    <remembered-set count="3309" />
  </mem-info>
</gc-start>
<allocation-stats totalBytes="1481440" >
  <allocated-bytes non-tlh="32" tlh="1481408" />
  <largest-consumer threadName="main" threadId="0000000001E06700" bytes="1481440" />
</allocation-stats>
<gc-op id="635" type="scavenge" timems="1.128" contextid="632" timestamp="2019-06-20T21:28:27.869">
  <scavenger-info tenureage="2" tenuremask="7c0c" tiltratio="55" />
  <memory-copied type="nursery" objects="6653" bytes="301344" bytesdiscarded="17344" />
  <memory-copied type="tenure" objects="8574" bytes="917584" bytesdiscarded="112" />
  <copy-failed type="tenure" objects="1966" bytes="128744" />
  <references type="soft" candidates="4" cleared="0" enqueued="0" dynamicThreshold="8" maxThreshold="32" />
  <references type="weak" candidates="174" cleared="0" enqueued="0" />
</gc-op>
<heap-resize id="636" type="expand" space="nursery" amount="393216" count="1" timems="0.014" reason="excessive time being spent scavenging" timestamp="2019-06-20T21:28:27.869" />
<gc-end id="637" type="scavenge" contextid="632" durationms="1.786" usertimems="0.000" systemtimems="0.000" timestamp="2019-06-20T21:28:27.870" activeThreads="4">
  <mem-info id="638" free="3206912" total="10878976" percent="29">
    <mem type="nursery" free="2958080" total="5373952" percent="55">
      <mem type="allocate" free="2958080" total="3276800" percent="90" />
      <mem type="survivor" free="0" total="2097152" percent="0" />
    </mem>
    <mem type="tenure" free="248832" total="5505024" percent="4" macro-fragmented="242284">
      <mem type="soa" free="0" total="5230592" percent="0" />
      <mem type="loa" free="248832" total="274432" percent="90" />
    </mem>
    <remembered-set count="593" />
  </mem-info>
</gc-end>
<cycle-end id="639" type="scavenge" contextid="632" timestamp="2019-06-20T21:28:27.870" />
  <attribute name="elasticGC enabled" value="1" />
  <attribute name= "numThreadsSpecified" value="4" />
  <attribute name="heapSize specified" value="10354688" />
  <attribute name="Current GC Util" value="29" />
  <attribute name= "Current Time Running" value="46060" />
  <attribute name ="GC Interval" value="200" />
  <attribute name="ProportionalT" value="13.500000" />
  <attribute name="ProportionalI" value="13.500000" />
  <attribute name="ProportionalH" value="13.500000" />
  <attribute name="Current Error" value="9.000000" />
  <attribute name="IntegralT" value="54.000000" />
  <attribute name="IntegralI" value="54.000000" />
  <attribute name="IntegralH" value="54.000000" />
  <attribute name="DerivativeT" value="-2.000000" />
  <attribute name="DerivativeI" value="-2.000000" />
  <attribute name="DerivativeH" value="-2.000000" />
  <attribute name="Loop Time for DT" value="6.000000" />
  <attribute name="Output H" value="8388608"/>
  <attribute name="Output I" value="200"/>
  <attribute name="Output T" value="4"/>
  <attribute name="Target GC Util Change" value ="20.000000" />
  <attribute name="Current GC Util Change" value="29.000000"/>
  <attribute name="GC Util currently" value="29" />
  <attribute name="CPU Util currently" value="684573370260" />
<allocation-satisfied id="640" threadId="0000000001E06700" bytesRequested="24" />
<af-end id="641" timestamp="2019-06-20T21:28:27.870" threadId="0000000001E07088" success="true" from="nursery"/>
<exclusive-end id="642" timestamp="2019-06-20T21:28:27.870" durationms="2.605" />

<concurrent-kickoff id="643" timestamp="2019-06-20T21:28:27.877">
  <kickoff reason="next scavenge will percolate" targetBytes="1487799" thresholdFreeBytes="206992"  remainingFree="115456" tenureFreeBytes="248832" nurseryFreeBytes="115456" />
</concurrent-kickoff>
<exclusive-start id="644" timestamp="2019-06-20T21:28:27.877" intervalms="10.102">
  <response-info timems="0.023" idlems="0.023" threads="0" lastid="0000000001E06700" lastname="main" />
</exclusive-start>
<cycle-start id="645" type="global" contextid="0" timestamp="2019-06-20T21:28:27.878" intervalms="104.911" />
<exclusive-end id="646" timestamp="2019-06-20T21:28:27.878" durationms="0.182" />

<exclusive-start id="647" timestamp="2019-06-20T21:28:27.878" intervalms="0.919">
  <response-info timems="0.020" idlems="0.020" threads="0" lastid="0000000001E06700" lastname="main" />
</exclusive-start>
<af-start id="648" threadId="0000000001E07088" totalBytesRequested="32" timestamp="2019-06-20T21:28:27.878" intervalms="10.946" type="nursery" />
<percolate-collect id="649" from="nursery" to="global" reason="failed tenure threshold reached" timestamp="2019-06-20T21:28:27.879"/>
<concurrent-aborted id="650" timestamp="2019-06-20T21:28:27.879">
  <reason value="insufficient progress made" />
</concurrent-aborted>
<cycle-end id="651" type="global" contextid="645" timestamp="2019-06-20T21:28:27.879" />
  <attribute name="elasticGC enabled" value="1" />
  <attribute name= "numThreadsSpecified" value="4" />
  <attribute name="heapSize specified" value="10354688" />
  <attribute name="Current GC Util" value="29" />
  <attribute name= "Current Time Running" value="46060" />
  <attribute name ="GC Interval" value="200" />
  <attribute name="ProportionalT" value="13.500000" />
  <attribute name="ProportionalI" value="13.500000" />
  <attribute name="ProportionalH" value="13.500000" />
  <attribute name="Current Error" value="9.000000" />
  <attribute name="IntegralT" value="54.000000" />
  <attribute name="IntegralI" value="54.000000" />
  <attribute name="IntegralH" value="54.000000" />
  <attribute name="DerivativeT" value="-2.000000" />
  <attribute name="DerivativeI" value="-2.000000" />
  <attribute name="DerivativeH" value="-2.000000" />
  <attribute name="Loop Time for DT" value="6.000000" />
  <attribute name="Output H" value="8388608"/>
  <attribute name="Output I" value="200"/>
  <attribute name="Output T" value="4"/>
  <attribute name="Target GC Util Change" value ="20.000000" />
  <attribute name="Current GC Util Change" value="29.000000"/>
  <attribute name="GC Util currently" value="29" />
  <attribute name="CPU Util currently" value="684573370260" />
<cycle-start id="652" type="global" contextid="0" timestamp="2019-06-20T21:28:27.879" intervalms="1.238" />
<gc-start id="653" type="global" contextid="652" timestamp="2019-06-20T21:28:27.879">
  <mem-info id="654" free="248832" total="10878976" percent="2">
    <mem type="nursery" free="0" total="5373952" percent="0">
      <mem type="allocate" free="0" total="3276800" percent="0" />
      <mem type="survivor" free="0" total="2097152" percent="0" />
    </mem>
    <mem type="tenure" free="248832" total="5505024" percent="4">
      <mem type="soa" free="0" total="5230592" percent="0" />
      <mem type="loa" free="248832" total="274432" percent="90" />
    </mem>
    <remembered-set count="953" />
  </mem-info>
</gc-start>
<allocation-stats totalBytes="2957720" >
  <allocated-bytes non-tlh="24" tlh="2957696" />
  <largest-consumer threadName="main" threadId="0000000001E06700" bytes="2957720" />
</allocation-stats>
<gc-op id="655" type="mark" timems="2.900" contextid="652" timestamp="2019-06-20T21:28:27.882">
  <trace-info objectcount="93079" scancount="79009" scanbytes="2848004" />
  <finalization candidates="80" enqueued="0" />
  <ownableSynchronizers candidates="22" cleared="0" />
  <references type="soft" candidates="1641" cleared="0" enqueued="0" dynamicThreshold="8" maxThreshold="32" />
  <references type="weak" candidates="4370" cleared="0" enqueued="0" />
  <references type="phantom" candidates="82" cleared="3" enqueued="3" />
  <stringconstants candidates="8677" cleared="0"  />
</gc-op>
<gc-op id="656" type="sweep" timems="0.268" contextid="652" timestamp="2019-06-20T21:28:27.883" />
<mem-info id="657" free="3256568" total="10878976" percent="29">
  <mem type="nursery" free="2670304" total="5373952" percent="49">
    <mem type="allocate" free="2670304" total="3276800" percent="81" />
    <mem type="survivor" free="0" total="2097152" percent="0" />
  </mem>
  <mem type="tenure" free="586264" total="5505024" percent="10" micro-fragmented="0" macro-fragmented="0">
    <mem type="soa" free="311832" total="5230592" percent="5" />
    <mem type="loa" free="274432" total="274432" percent="100" />
  </mem>
  <pending-finalizers system="0" default="0" reference="3" classloader="0" />
  <remembered-set count="953" />
</mem-info>
<gc-op id="658" type="compact" timems="16.577" contextid="652" timestamp="2019-06-20T21:28:27.899">
  <compact-info movecount="77126" movebytes="4592984" reason="compact to aid heap contraction" />
</gc-op>
<heap-resize id="659" type="contract" space="tenure" amount="196608" count="1" timems="0.059" reason="heap reconfiguration" timestamp="2019-06-20T21:28:27.900" />
<gc-end id="660" type="global" contextid="652" durationms="20.946" usertimems="28.000" systemtimems="0.000" timestamp="2019-06-20T21:28:27.900" activeThreads="4">
  <mem-info id="661" free="3205160" total="10682368" percent="30">
    <mem type="nursery" free="2813976" total="5373952" percent="52">
      <mem type="allocate" free="2813976" total="3276800" percent="85" />
      <mem type="survivor" free="0" total="2097152" percent="0" />
    </mem>
    <mem type="tenure" free="391184" total="5308416" percent="7">
      <mem type="soa" free="125968" total="5043200" percent="2" />
      <mem type="loa" free="265216" total="265216" percent="100" />
    </mem>
    <pending-finalizers system="0" default="0" reference="3" classloader="0" />
    <remembered-set count="953" />
  </mem-info>
</gc-end>
<cycle-end id="662" type="global" contextid="652" timestamp="2019-06-20T21:28:27.900" />
  <attribute name="elasticGC enabled" value="1" />
  <attribute name= "numThreadsSpecified" value="4" />
  <attribute name="heapSize specified" value="10878976" />
  <attribute name="Current GC Util" value="30" />
  <attribute name= "Current Time Running" value="46092" />
  <attribute name ="GC Interval" value="200" />
  <attribute name="ProportionalT" value="15.000000" />
  <attribute name="ProportionalI" value="15.000000" />
  <attribute name="ProportionalH" value="15.000000" />
  <attribute name="Current Error" value="10.000000" />
  <attribute name="IntegralT" value="170.000000" />
  <attribute name="IntegralI" value="170.000000" />
  <attribute name="IntegralH" value="170.000000" />
  <attribute name="DerivativeT" value="0.882353" />
  <attribute name="DerivativeI" value="0.882353" />
  <attribute name="DerivativeH" value="0.882353" />
  <attribute name="Loop Time for DT" value="17.000000" />
  <attribute name="Output H" value="8388608"/>
  <attribute name="Output I" value="200"/>
  <attribute name="Output T" value="4"/>
  <attribute name="Target GC Util Change" value ="20.000000" />
  <attribute name="Current GC Util Change" value="30.000000"/>
  <attribute name="GC Util currently" value="30" />
  <attribute name="CPU Util currently" value="275585052321" />
<allocation-satisfied id="663" threadId="0000000001E06700" bytesRequested="32" />
<af-end id="664" timestamp="2019-06-20T21:28:27.900" threadId="0000000001E07088" success="true" from="nursery"/>
<exclusive-end id="665" timestamp="2019-06-20T21:28:27.900" durationms="22.039" />

<concurrent-kickoff id="666" timestamp="2019-06-20T21:28:27.908">
  <kickoff reason="threshold reached" targetBytes="1434663" thresholdFreeBytes="199651"  remainingFree="94200" tenureFreeBytes="391184" nurseryFreeBytes="94200" />
</concurrent-kickoff>
<exclusive-start id="667" timestamp="2019-06-20T21:28:27.908" intervalms="29.265">
  <response-info timems="0.030" idlems="0.030" threads="0" lastid="0000000001E06700" lastname="main" />
</exclusive-start>
<cycle-start id="668" type="global" contextid="0" timestamp="2019-06-20T21:28:27.908" intervalms="28.901" />
<exclusive-end id="669" timestamp="2019-06-20T21:28:27.908" durationms="0.172" />

<exclusive-start id="670" timestamp="2019-06-20T21:28:27.909" intervalms="0.954">
  <response-info timems="0.021" idlems="0.021" threads="0" lastid="0000000001E06700" lastname="main" />
</exclusive-start>
<af-start id="671" threadId="0000000001E07088" totalBytesRequested="32" timestamp="2019-06-20T21:28:27.909" intervalms="30.250" type="nursery" />
<cycle-start id="672" type="scavenge" contextid="0" timestamp="2019-06-20T21:28:27.909" intervalms="41.189" />
<gc-start id="673" type="scavenge" contextid="672" timestamp="2019-06-20T21:28:27.909">
  <mem-info id="674" free="391184" total="10682368" percent="3">
    <mem type="nursery" free="0" total="5373952" percent="0">
      <mem type="allocate" free="0" total="3276800" percent="0" />
      <mem type="survivor" free="0" total="2097152" percent="0" />
    </mem>
    <mem type="tenure" free="391184" total="5308416" percent="7">
      <mem type="soa" free="125968" total="5043200" percent="2" />
      <mem type="loa" free="265216" total="265216" percent="100" />
    </mem>
    <remembered-set count="1332" />
  </mem-info>
</gc-start>
<allocation-stats totalBytes="2813680" >
  <allocated-bytes non-tlh="32" tlh="2813648" />
  <largest-consumer threadName="main" threadId="0000000001E06700" bytes="2813680" />
</allocation-stats>
<gc-op id="675" type="scavenge" timems="1.009" contextid="672" timestamp="2019-06-20T21:28:27.910">
  <scavenger-info tenureage="3" tenuremask="fff8" tiltratio="60" />
  <memory-copied type="nursery" objects="13141" bytes="487920" bytesdiscarded="57360" />
  <memory-copied type="tenure" objects="1665" bytes="115008" bytesdiscarded="8" />
  <copy-failed type="tenure" objects="186" bytes="7144" />
  <ownableSynchronizers candidates="44" cleared="44" />
</gc-op>
<gc-end id="676" type="scavenge" contextid="672" durationms="1.452" usertimems="4.000" systemtimems="0.000" timestamp="2019-06-20T21:28:27.910" activeThreads="4">
  <mem-info id="677" free="3455488" total="10682368" percent="32">
    <mem type="nursery" free="3190272" total="5373952" percent="59">
      <mem type="allocate" free="3190272" total="3735552" percent="85" />
      <mem type="survivor" free="0" total="1638400" percent="0" />
    </mem>
    <mem type="tenure" free="265216" total="5308416" percent="4" macro-fragmented="168253">
      <mem type="soa" free="0" total="5043200" percent="0" />
      <mem type="loa" free="265216" total="265216" percent="100" />
    </mem>
    <remembered-set count="1390" />
  </mem-info>
</gc-end>
<cycle-end id="678" type="scavenge" contextid="672" timestamp="2019-06-20T21:28:27.910" />
  <attribute name="elasticGC enabled" value="1" />
  <attribute name= "numThreadsSpecified" value="4" />
  <attribute name="heapSize specified" value="10878976" />
  <attribute name="Current GC Util" value="421" />
  <attribute name= "Current Time Running" value="46102" />
  <attribute name ="GC Interval" value="4000" />
  <attribute name="ProportionalT" value="601.500000" />
  <attribute name="ProportionalI" value="601.500000" />
  <attribute name="ProportionalH" value="601.500000" />
  <attribute name="Current Error" value="401.000000" />
  <attribute name="IntegralT" value="4010.000000" />
  <attribute name="IntegralI" value="4010.000000" />
  <attribute name="IntegralH" value="4010.000000" />
  <attribute name="DerivativeT" value="58.650000" />
  <attribute name="DerivativeI" value="58.650000" />
  <attribute name="DerivativeH" value="58.650000" />
  <attribute name="Loop Time for DT" value="10.000000" />
  <attribute name="Output H" value="8388608"/>
  <attribute name="Output I" value="4000"/>
  <attribute name="Output T" value="4"/>
  <attribute name="Target GC Util Change" value ="20.000000" />
  <attribute name="Current GC Util Change" value="421.000000"/>
  <attribute name="GC Util currently" value="421" />
  <attribute name="CPU Util currently" value="487260834147" />
<allocation-satisfied id="679" threadId="0000000001E06700" bytesRequested="32" />
<af-end id="680" timestamp="2019-06-20T21:28:27.911" threadId="0000000001E07088" success="true" from="nursery"/>
<exclusive-end id="681" timestamp="2019-06-20T21:28:27.911" durationms="2.063" />

<exclusive-start id="682" timestamp="2019-06-20T21:28:27.936" intervalms="27.699">
  <response-info timems="0.033" idlems="0.033" threads="0" lastid="0000000001E06700" lastname="main" />
</exclusive-start>
<concurrent-collection-start id="683" timestamp="2019-06-20T21:28:27.936" intervalms="522.343" >
  <concurrent-trace-info reason="card cleaning threshold reached" tracedByMutators="443592" tracedByHelpers="2073128" cardsCleaned="142" workStackOverflowCount="0" />
</concurrent-collection-start>
<gc-start id="684" type="global" contextid="668" timestamp="2019-06-20T21:28:27.937">
  <mem-info id="685" free="265216" total="10682368" percent="2">
    <mem type="nursery" free="0" total="5373952" percent="0">
      <mem type="allocate" free="0" total="3735552" percent="0" />
      <mem type="survivor" free="0" total="1638400" percent="0" />
    </mem>
    <mem type="tenure" free="265216" total="5308416" percent="4">
      <mem type="soa" free="0" total="5043200" percent="0" />
      <mem type="loa" free="265216" total="265216" percent="100" />
    </mem>
    <remembered-set count="1520" />
  </mem-info>
</gc-start>
<allocation-stats totalBytes="3169680" >
  <allocated-bytes non-tlh="32" tlh="3169648" />
  <largest-consumer threadName="main" threadId="0000000001E06700" bytes="3169680" />
</allocation-stats>
<gc-op id="686" type="rs-scan" timems="0.703" contextid="668" timestamp="2019-06-20T21:28:27.937">
  <scan objectsFound="1495" bytesTraced="547592" workStackOverflowCount="0" />
</gc-op>
<gc-op id="687" type="card-cleaning" timems="0.108" contextid="668" timestamp="2019-06-20T21:28:27.938">
  <card-cleaning cardsCleaned="4" bytesTraced="2852" workStackOverflowCount="0" />
</gc-op>
<gc-op id="688" type="mark" timems="1.311" contextid="668" timestamp="2019-06-20T21:28:27.939">
  <trace-info objectcount="6897" scancount="5587" scanbytes="243104" />
  <finalization candidates="80" enqueued="0" />
  <ownableSynchronizers candidates="22" cleared="0" />
  <references type="soft" candidates="1641" cleared="411" enqueued="402" dynamicThreshold="2" maxThreshold="32" />
  <references type="weak" candidates="4370" cleared="0" enqueued="0" />
  <references type="phantom" candidates="79" cleared="0" enqueued="0" />
  <stringconstants candidates="8677" cleared="0"  />
</gc-op>
<gc-op id="689" type="sweep" timems="0.278" contextid="668" timestamp="2019-06-20T21:28:27.940" />
<mem-info id="690" free="2806840" total="10682368" percent="26">
  <mem type="nursery" free="2480312" total="5373952" percent="46">
    <mem type="allocate" free="2480312" total="3735552" percent="66" />
    <mem type="survivor" free="0" total="1638400" percent="0" />
  </mem>
  <mem type="tenure" free="326528" total="5308416" percent="6" micro-fragmented="59547" macro-fragmented="0">
    <mem type="soa" free="61312" total="5043200" percent="1" />
    <mem type="loa" free="265216" total="265216" percent="100" />
  </mem>
  <pending-finalizers system="0" default="0" reference="402" classloader="0" />
  <remembered-set count="1517" />
</mem-info>
<gc-op id="691" type="compact" timems="16.512" contextid="668" timestamp="2019-06-20T21:28:27.956">
  <compact-info movecount="88286" movebytes="5211584" reason="compact to aid heap contraction" />
</gc-op>
<heap-resize id="692" type="contract" space="tenure" amount="262144" count="1" timems="0.071" reason="heap reconfiguration" timestamp="2019-06-20T21:28:27.957" />
<gc-end id="693" type="global" contextid="668" durationms="20.331" usertimems="36.000" systemtimems="0.000" timestamp="2019-06-20T21:28:27.957" activeThreads="4">
  <mem-info id="694" free="2953080" total="10420224" percent="28">
    <mem type="nursery" free="2857352" total="5373952" percent="53">
      <mem type="allocate" free="2857352" total="3735552" percent="76" />
      <mem type="survivor" free="0" total="1638400" percent="0" />
    </mem>
    <mem type="tenure" free="95728" total="5046272" percent="1">
      <mem type="soa" free="0" total="4794368" percent="0" />
      <mem type="loa" free="95728" total="251904" percent="38" />
    </mem>
    <pending-finalizers system="0" default="0" reference="402" classloader="0" />
    <remembered-set count="1517" />
  </mem-info>
</gc-end>
<cycle-end id="695" type="global" contextid="668" timestamp="2019-06-20T21:28:27.957" />
  <attribute name="elasticGC enabled" value="1" />
  <attribute name= "numThreadsSpecified" value="4" />
  <attribute name="heapSize specified" value="10682368" />
  <attribute name="Current GC Util" value="45" />
  <attribute name= "Current Time Running" value="46149" />
  <attribute name ="GC Interval" value="4000" />
  <attribute name="ProportionalT" value="37.500000" />
  <attribute name="ProportionalI" value="37.500000" />
  <attribute name="ProportionalH" value="37.500000" />
  <attribute name="Current Error" value="25.000000" />
  <attribute name="IntegralT" value="400.000000" />
  <attribute name="IntegralI" value="400.000000" />
  <attribute name="IntegralH" value="400.000000" />
  <attribute name="DerivativeT" value="1.500000" />
  <attribute name="DerivativeI" value="1.500000" />
  <attribute name="DerivativeH" value="1.500000" />
  <attribute name="Loop Time for DT" value="16.000000" />
  <attribute name="Output H" value="8388608"/>
  <attribute name="Output I" value="440"/>
  <attribute name="Output T" value="4"/>
  <attribute name="Target GC Util Change" value ="20.000000" />
  <attribute name="Current GC Util Change" value="45.000000"/>
  <attribute name="GC Util currently" value="45" />
  <attribute name="CPU Util currently" value="277334442805" />
<concurrent-collection-end id="696" timestamp="2019-06-20T21:28:27.957" />
<exclusive-end id="697" timestamp="2019-06-20T21:28:27.957" durationms="21.008" />

<exclusive-start id="698" timestamp="2019-06-20T21:28:27.961" intervalms="24.197">
  <response-info timems="0.046" idlems="0.046" threads="0" lastid="0000000001E06700" lastname="main" />
</exclusive-start>
<af-start id="699" threadId="0000000001E07088" totalBytesRequested="88" timestamp="2019-06-20T21:28:27.961" intervalms="51.917" type="tenure" />
<cycle-start id="700" type="global" contextid="0" timestamp="2019-06-20T21:28:27.961" intervalms="52.989" />
<gc-start id="701" type="global" contextid="700" timestamp="2019-06-20T21:28:27.961">
  <mem-info id="702" free="2632728" total="10420224" percent="25">
    <mem type="nursery" free="2537000" total="5373952" percent="47">
      <mem type="allocate" free="2537000" total="3735552" percent="67" />
      <mem type="survivor" free="0" total="1638400" percent="0" />
    </mem>
    <mem type="tenure" free="95728" total="5046272" percent="1">
      <mem type="soa" free="0" total="4794368" percent="0" />
      <mem type="loa" free="95728" total="251904" percent="38" />
    </mem>
    <remembered-set count="2060" />
  </mem-info>
</gc-start>
<allocation-stats totalBytes="320280" >
  <allocated-bytes non-tlh="181088" tlh="139192" />
  <largest-consumer threadName="main" threadId="0000000001E06700" bytes="316184" />
</allocation-stats>
<gc-op id="703" type="mark" timems="5.490" contextid="700" timestamp="2019-06-20T21:28:27.967">
  <trace-info objectcount="70556" scancount="58779" scanbytes="1986820" />
  <finalization candidates="80" enqueued="0" />
  <ownableSynchronizers candidates="22" cleared="0" />
  <references type="soft" candidates="1232" cleared="314" enqueued="309" dynamicThreshold="0" maxThreshold="32" />
  <references type="weak" candidates="4370" cleared="1" enqueued="1" />
  <references type="phantom" candidates="78" cleared="0" enqueued="0" />
  <stringconstants candidates="8677" cleared="102"  />
</gc-op>
<gc-op id="704" type="sweep" timems="0.578" contextid="700" timestamp="2019-06-20T21:28:27.967" />
<mem-info id="705" free="4462776" total="10420224" percent="42">
  <mem type="nursery" free="3686312" total="5373952" percent="68">
    <mem type="allocate" free="3686312" total="3735552" percent="98" />
    <mem type="survivor" free="0" total="1638400" percent="0" />
  </mem>
  <mem type="tenure" free="776464" total="5046272" percent="15" micro-fragmented="58256" macro-fragmented="0">
    <mem type="soa" free="638496" total="4794368" percent="13" />
    <mem type="loa" free="137968" total="251904" percent="54" />
  </mem>
  <pending-finalizers system="0" default="0" reference="310" classloader="0" />
  <remembered-set count="173" />
</mem-info>
<gc-op id="706" type="compact" timems="17.433" contextid="700" timestamp="2019-06-20T21:28:27.985">
  <compact-info movecount="64787" movebytes="3917680" reason="compact to aid heap contraction" />
</gc-op>
<heap-resize id="707" type="contract" space="tenure" amount="196608" count="1" timems="0.081" reason="heap reconfiguration" timestamp="2019-06-20T21:28:27.986" />
<gc-end id="708" type="global" contextid="700" durationms="24.864" usertimems="28.000" systemtimems="0.000" timestamp="2019-06-20T21:28:27.986" activeThreads="4">
  <mem-info id="709" free="4369376" total="10223616" percent="42">
    <mem type="nursery" free="3687224" total="5373952" percent="68">
      <mem type="allocate" free="3687224" total="3735552" percent="98" />
      <mem type="survivor" free="0" total="1638400" percent="0" />
    </mem>
    <mem type="tenure" free="682152" total="4849664" percent="14">
      <mem type="soa" free="495784" total="4608000" percent="10" />
      <mem type="loa" free="186368" total="241664" percent="77" />
    </mem>
    <pending-finalizers system="0" default="0" reference="310" classloader="0" />
    <remembered-set count="173" />
  </mem-info>
</gc-end>
<cycle-end id="710" type="global" contextid="700" timestamp="2019-06-20T21:28:27.986" />
  <attribute name="elasticGC enabled" value="1" />
  <attribute name= "numThreadsSpecified" value="4" />
  <attribute name="heapSize specified" value="10420224" />
  <attribute name="Current GC Util" value="29" />
  <attribute name= "Current Time Running" value="46178" />
  <attribute name ="GC Interval" value="4000" />
  <attribute name="ProportionalT" value="13.500000" />
  <attribute name="ProportionalI" value="13.500000" />
  <attribute name="ProportionalH" value="13.500000" />
  <attribute name="Current Error" value="9.000000" />
  <attribute name="IntegralT" value="162.000000" />
  <attribute name="IntegralI" value="162.000000" />
  <attribute name="IntegralH" value="162.000000" />
  <attribute name="DerivativeT" value="-1.083333" />
  <attribute name="DerivativeI" value="-1.083333" />
  <attribute name="DerivativeH" value="-1.083333" />
  <attribute name="Loop Time for DT" value="18.000000" />
  <attribute name="Output H" value="8388608"/>
  <attribute name="Output I" value="200"/>
  <attribute name="Output T" value="4"/>
  <attribute name="Target GC Util Change" value ="20.000000" />
  <attribute name="Current GC Util Change" value="29.000000"/>
  <attribute name="GC Util currently" value="29" />
  <attribute name="CPU Util currently" value="261973329185" />
<allocation-satisfied id="711" threadId="0000000001E06700" bytesRequested="88" />
<af-end id="712" timestamp="2019-06-20T21:28:27.986" threadId="0000000001E07088" success="true" from="tenure-soa"/>
<exclusive-end id="713" timestamp="2019-06-20T21:28:27.986" durationms="25.731" />

<concurrent-kickoff id="714" timestamp="2019-06-20T21:28:28.042">
  <kickoff reason="threshold reached" targetBytes="1484910" thresholdFreeBytes="206600"  remainingFree="128496" tenureFreeBytes="539656" nurseryFreeBytes="128496" />
</concurrent-kickoff>
<exclusive-start id="715" timestamp="2019-06-20T21:28:28.042" intervalms="81.547">
  <response-info timems="0.058" idlems="0.058" threads="0" lastid="0000000001E06700" lastname="main" />
</exclusive-start>
<cycle-start id="716" type="global" contextid="0" timestamp="2019-06-20T21:28:28.042" intervalms="81.392" />
<exclusive-end id="717" timestamp="2019-06-20T21:28:28.042" durationms="0.178" />

<exclusive-start id="718" timestamp="2019-06-20T21:28:28.043" intervalms="1.079">
  <response-info timems="0.018" idlems="0.018" threads="0" lastid="0000000001E06700" lastname="main" />
</exclusive-start>
<af-start id="719" threadId="0000000001E07088" totalBytesRequested="48" timestamp="2019-06-20T21:28:28.043" intervalms="82.587" type="nursery" />
<cycle-start id="720" type="scavenge" contextid="0" timestamp="2019-06-20T21:28:28.043" intervalms="134.532" />
<gc-start id="721" type="scavenge" contextid="720" timestamp="2019-06-20T21:28:28.043">
  <mem-info id="722" free="539656" total="10223616" percent="5">
    <mem type="nursery" free="0" total="5373952" percent="0">
      <mem type="allocate" free="0" total="3735552" percent="0" />
      <mem type="survivor" free="0" total="1638400" percent="0" />
    </mem>
    <mem type="tenure" free="539656" total="4849664" percent="11">
      <mem type="soa" free="353288" total="4608000" percent="7" />
      <mem type="loa" free="186368" total="241664" percent="77" />
    </mem>
    <remembered-set count="2881" />
  </mem-info>
</gc-start>
<allocation-stats totalBytes="3828712" >
  <allocated-bytes non-tlh="342592" tlh="3486120" />
  <largest-consumer threadName="main" threadId="0000000001E06700" bytes="3824616" />
</allocation-stats>
<gc-op id="723" type="scavenge" timems="0.951" contextid="720" timestamp="2019-06-20T21:28:28.045">
  <scavenger-info tenureage="3" tenuremask="7818" tiltratio="69" />
  <memory-copied type="nursery" objects="15064" bytes="949840" bytesdiscarded="65384" />
  <ownableSynchronizers candidates="44" cleared="44" />
  <references type="soft" candidates="312" cleared="0" enqueued="0" dynamicThreshold="4" maxThreshold="32" />
  <references type="weak" candidates="129" cleared="33" enqueued="24" />
  <references type="phantom" candidates="2" cleared="1" enqueued="1" />
</gc-op>
<gc-end id="724" type="scavenge" contextid="720" durationms="1.410" usertimems="0.000" systemtimems="0.000" timestamp="2019-06-20T21:28:28.045" activeThreads="4">
  <mem-info id="725" free="3325368" total="10223616" percent="32">
    <mem type="nursery" free="2785712" total="5373952" percent="51">
      <mem type="allocate" free="2785712" total="3801088" percent="73" />
      <mem type="survivor" free="0" total="1572864" percent="0" />
    </mem>
    <mem type="tenure" free="539656" total="4849664" percent="11" macro-fragmented="348889">
      <mem type="soa" free="353288" total="4608000" percent="7" />
      <mem type="loa" free="186368" total="241664" percent="77" />
    </mem>
    <pending-finalizers system="0" default="0" reference="25" classloader="0" />
    <remembered-set count="2792" />
  </mem-info>
</gc-end>
<cycle-end id="726" type="scavenge" contextid="720" timestamp="2019-06-20T21:28:28.045" />
  <attribute name="elasticGC enabled" value="1" />
  <attribute name= "numThreadsSpecified" value="4" />
  <attribute name="heapSize specified" value="10420224" />
  <attribute name="Current GC Util" value="30" />
  <attribute name= "Current Time Running" value="46236" />
  <attribute name ="GC Interval" value="600" />
  <attribute name="ProportionalT" value="15.000000" />
  <attribute name="ProportionalI" value="15.000000" />
  <attribute name="ProportionalH" value="15.000000" />
  <attribute name="Current Error" value="10.000000" />
  <attribute name="IntegralT" value="580.000000" />
  <attribute name="IntegralI" value="580.000000" />
  <attribute name="IntegralH" value="580.000000" />
  <attribute name="DerivativeT" value="0.025862" />
  <attribute name="DerivativeI" value="0.025862" />
  <attribute name="DerivativeH" value="0.025862" />
  <attribute name="Loop Time for DT" value="58.000000" />
  <attribute name="Output H" value="8388608"/>
  <attribute name="Output I" value="600"/>
  <attribute name="Output T" value="4"/>
  <attribute name="Target GC Util Change" value ="20.000000" />
  <attribute name="Current GC Util Change" value="30.000000"/>
  <attribute name="GC Util currently" value="30" />
  <attribute name="CPU Util currently" value="79202154188" />
<allocation-satisfied id="727" threadId="0000000001E06700" bytesRequested="48" />
<af-end id="728" timestamp="2019-06-20T21:28:28.045" threadId="0000000001E07088" success="true" from="nursery"/>
<exclusive-end id="729" timestamp="2019-06-20T21:28:28.045" durationms="2.024" />

<exclusive-start id="730" timestamp="2019-06-20T21:28:28.059" intervalms="15.404">
  <response-info timems="0.030" idlems="0.030" threads="0" lastid="0000000001E06700" lastname="main" />
</exclusive-start>
<af-start id="731" threadId="0000000001E07088" totalBytesRequested="104" timestamp="2019-06-20T21:28:28.059" intervalms="15.434" type="nursery" />
<cycle-start id="732" type="scavenge" contextid="0" timestamp="2019-06-20T21:28:28.059" intervalms="15.382" />
<gc-start id="733" type="scavenge" contextid="732" timestamp="2019-06-20T21:28:28.059">
  <mem-info id="734" free="539656" total="10223616" percent="5">
    <mem type="nursery" free="0" total="5373952" percent="0">
      <mem type="allocate" free="0" total="3801088" percent="0" />
      <mem type="survivor" free="0" total="1572864" percent="0" />
    </mem>
    <mem type="tenure" free="539656" total="4849664" percent="11">
      <mem type="soa" free="353288" total="4608000" percent="7" />
      <mem type="loa" free="186368" total="241664" percent="77" />
    </mem>
    <remembered-set count="2796" />
  </mem-info>
</gc-start>
<allocation-stats totalBytes="2785288" >
  <allocated-bytes non-tlh="48" tlh="2785240" />
  <largest-consumer threadName="main" threadId="0000000001E06700" bytes="2781192" />
</allocation-stats>
<gc-op id="735" type="scavenge" timems="1.061" contextid="732" timestamp="2019-06-20T21:28:28.060">
  <scavenger-info tenureage="6" tenuremask="ffc0" tiltratio="70" />
  <memory-copied type="nursery" objects="19990" bytes="887648" bytesdiscarded="100184" />
  <references type="soft" candidates="312" cleared="0" enqueued="0" dynamicThreshold="4" maxThreshold="32" />
  <references type="weak" candidates="96" cleared="0" enqueued="0" />
</gc-op>
<gc-end id="736" type="scavenge" contextid="732" durationms="1.659" usertimems="4.000" systemtimems="0.000" timestamp="2019-06-20T21:28:28.060" activeThreads="4">
  <mem-info id="737" free="3483904" total="10223616" percent="34">
    <mem type="nursery" free="2944248" total="5373952" percent="54">
      <mem type="allocate" free="2944248" total="3932160" percent="74" />
      <mem type="survivor" free="0" total="1441792" percent="0" />
    </mem>
    <mem type="tenure" free="539656" total="4849664" percent="11" macro-fragmented="0">
      <mem type="soa" free="353288" total="4608000" percent="7" />
      <mem type="loa" free="186368" total="241664" percent="77" />
    </mem>
    <remembered-set count="2788" />
  </mem-info>
</gc-end>
<cycle-end id="738" type="scavenge" contextid="732" timestamp="2019-06-20T21:28:28.061" />
  <attribute name="elasticGC enabled" value="1" />
  <attribute name= "numThreadsSpecified" value="4" />
  <attribute name="heapSize specified" value="10420224" />
  <attribute name="Current GC Util" value="13" />
  <attribute name= "Current Time Running" value="46252" />
  <attribute name ="GC Interval" value="200" />
  <attribute name="ProportionalT" value="-10.500000" />
  <attribute name="ProportionalI" value="-10.500000" />
  <attribute name="ProportionalH" value="-10.500000" />
  <attribute name="Current Error" value="-7.000000" />
  <attribute name="IntegralT" value="-112.000000" />
  <attribute name="IntegralI" value="-112.000000" />
  <attribute name="IntegralH" value="-112.000000" />
  <attribute name="DerivativeT" value="-1.593750" />
  <attribute name="DerivativeI" value="-1.593750" />
  <attribute name="DerivativeH" value="-1.593750" />
  <attribute name="Loop Time for DT" value="16.000000" />
  <attribute name="Output H" value="2092630016"/>
  <attribute name="Output I" value="200"/>
  <attribute name="Output T" value="4"/>
  <attribute name="Target GC Util Change" value ="20.000000" />
  <attribute name="Current GC Util Change" value="13.000000"/>
  <attribute name="GC Util currently" value="13" />
  <attribute name="CPU Util currently" value="299926925923" />
<allocation-satisfied id="739" threadId="0000000001E06700" bytesRequested="104" />
<af-end id="740" timestamp="2019-06-20T21:28:28.061" threadId="0000000001E07088" success="true" from="nursery"/>
<exclusive-end id="741" timestamp="2019-06-20T21:28:28.061" durationms="2.380" />

<exclusive-start id="742" timestamp="2019-06-20T21:28:28.061" intervalms="2.553">
  <response-info timems="0.053" idlems="0.053" threads="0" lastid="0000000001E06700" lastname="main" />
</exclusive-start>
<concurrent-collection-start id="743" timestamp="2019-06-20T21:28:28.061" intervalms="124.724" >
  <concurrent-trace-info reason="card cleaning threshold reached" tracedByMutators="149016" tracedByHelpers="1845364" cardsCleaned="9" workStackOverflowCount="0" />
</concurrent-collection-start>
<gc-start id="744" type="global" contextid="716" timestamp="2019-06-20T21:28:28.061">
  <mem-info id="745" free="3418264" total="10223616" percent="33">
    <mem type="nursery" free="2878608" total="5373952" percent="53">
      <mem type="allocate" free="2878608" total="3932160" percent="73" />
      <mem type="survivor" free="0" total="1441792" percent="0" />
    </mem>
    <mem type="tenure" free="539656" total="4849664" percent="11">
      <mem type="soa" free="353288" total="4608000" percent="7" />
      <mem type="loa" free="186368" total="241664" percent="77" />
    </mem>
    <remembered-set count="2788" />
  </mem-info>
</gc-start>
<allocation-stats totalBytes="65640" >
  <allocated-bytes non-tlh="104" tlh="65536" />
  <largest-consumer threadName="main" threadId="0000000001E06700" bytes="65640" />
</allocation-stats>
<gc-op id="746" type="rs-scan" timems="0.444" contextid="716" timestamp="2019-06-20T21:28:28.062">
  <scan objectsFound="2422" bytesTraced="241560" workStackOverflowCount="0" />
</gc-op>
<gc-op id="747" type="card-cleaning" timems="0.086" contextid="716" timestamp="2019-06-20T21:28:28.062">
  <card-cleaning cardsCleaned="8" bytesTraced="14608" workStackOverflowCount="0" />
</gc-op>
<gc-op id="748" type="mark" timems="1.334" contextid="716" timestamp="2019-06-20T21:28:28.063">
  <trace-info objectcount="13511" scancount="12147" scanbytes="434296" />
  <finalization candidates="80" enqueued="0" />
  <ownableSynchronizers candidates="22" cleared="0" />
  <references type="soft" candidates="1230" cleared="0" enqueued="0" dynamicThreshold="4" maxThreshold="32" />
  <references type="weak" candidates="4464" cleared="6" enqueued="3" />
  <references type="phantom" candidates="78" cleared="0" enqueued="0" />
  <stringconstants candidates="10799" cleared="0"  />
</gc-op>
<gc-op id="749" type="sweep" timems="0.213" contextid="716" timestamp="2019-06-20T21:28:28.064" />
<mem-info id="750" free="3646896" total="10223616" percent="35">
  <mem type="nursery" free="3044232" total="5373952" percent="56">
    <mem type="allocate" free="3044232" total="3932160" percent="77" />
    <mem type="survivor" free="0" total="1441792" percent="0" />
  </mem>
  <mem type="tenure" free="602664" total="4849664" percent="12" micro-fragmented="12823" macro-fragmented="492644">
    <mem type="soa" free="361000" total="4608000" percent="7" />
    <mem type="loa" free="241664" total="241664" percent="100" />
  </mem>
  <pending-finalizers system="0" default="0" reference="3" classloader="0" />
  <remembered-set count="2462" />
</mem-info>
<gc-op id="751" type="compact" timems="13.758" contextid="716" timestamp="2019-06-20T21:28:28.078">
  <compact-info movecount="78400" movebytes="4425096" reason="compact to aid heap contraction" />
</gc-op>
<heap-resize id="752" type="contract" space="tenure" amount="196608" count="1" timems="0.091" reason="heap reconfiguration" timestamp="2019-06-20T21:28:28.078" />
<gc-end id="753" type="global" contextid="716" durationms="17.021" usertimems="28.000" systemtimems="0.000" timestamp="2019-06-20T21:28:28.078" activeThreads="4">
  <mem-info id="754" free="3432392" total="10027008" percent="34">
    <mem type="nursery" free="3045040" total="5373952" percent="56">
      <mem type="allocate" free="3045040" total="3932160" percent="77" />
      <mem type="survivor" free="0" total="1441792" percent="0" />
    </mem>
    <mem type="tenure" free="387352" total="4653056" percent="8">
      <mem type="soa" free="199960" total="4420608" percent="4" />
      <mem type="loa" free="187392" total="232448" percent="80" />
    </mem>
    <pending-finalizers system="0" default="0" reference="3" classloader="0" />
    <remembered-set count="2462" />
  </mem-info>
</gc-end>
<cycle-end id="755" type="global" contextid="716" timestamp="2019-06-20T21:28:28.078" />
  <attribute name="elasticGC enabled" value="1" />
  <attribute name= "numThreadsSpecified" value="4" />
  <attribute name="heapSize specified" value="10223616" />
  <attribute name="Current GC Util" value="68" />
  <attribute name= "Current Time Running" value="46270" />
  <attribute name ="GC Interval" value="200" />
  <attribute name="ProportionalT" value="72.000000" />
  <attribute name="ProportionalI" value="72.000000" />
  <attribute name="ProportionalH" value="72.000000" />
  <attribute name="Current Error" value="48.000000" />
  <attribute name="IntegralT" value="624.000000" />
  <attribute name="IntegralI" value="624.000000" />
  <attribute name="IntegralH" value="624.000000" />
  <attribute name="DerivativeT" value="5.538462" />
  <attribute name="DerivativeI" value="5.538462" />
  <attribute name="DerivativeH" value="5.538462" />
  <attribute name="Loop Time for DT" value="13.000000" />
  <attribute name="Output H" value="8388608"/>
  <attribute name="Output I" value="704"/>
  <attribute name="Output T" value="4"/>
  <attribute name="Target GC Util Change" value ="20.000000" />
  <attribute name="Current GC Util Change" value="68.000000"/>
  <attribute name="GC Util currently" value="68" />
  <attribute name="CPU Util currently" value="331737046543" />
<concurrent-collection-end id="756" timestamp="2019-06-20T21:28:28.079" />
<exclusive-end id="757" timestamp="2019-06-20T21:28:28.079" durationms="17.527" />

<concurrent-kickoff id="758" timestamp="2019-06-20T21:28:28.119">
  <kickoff reason="threshold reached" targetBytes="1512993" thresholdFreeBytes="210536"  remainingFree="162152" tenureFreeBytes="367704" nurseryFreeBytes="162152" />
</concurrent-kickoff>
<exclusive-start id="759" timestamp="2019-06-20T21:28:28.120" intervalms="58.510">
  <response-info timems="0.031" idlems="0.031" threads="0" lastid="0000000001E06700" lastname="main" />
</exclusive-start>
<cycle-start id="760" type="global" contextid="0" timestamp="2019-06-20T21:28:28.120" intervalms="77.537" />
<exclusive-end id="761" timestamp="2019-06-20T21:28:28.120" durationms="0.120" />

<exclusive-start id="762" timestamp="2019-06-20T21:28:28.121" intervalms="1.260">
  <response-info timems="0.024" idlems="0.024" threads="0" lastid="0000000001E06700" lastname="main" />
</exclusive-start>
<af-start id="763" threadId="0000000001E07088" totalBytesRequested="32" timestamp="2019-06-20T21:28:28.121" intervalms="62.292" type="nursery" />
<cycle-start id="764" type="scavenge" contextid="0" timestamp="2019-06-20T21:28:28.121" intervalms="62.291" />
<gc-start id="765" type="scavenge" contextid="764" timestamp="2019-06-20T21:28:28.121">
  <mem-info id="766" free="367704" total="10027008" percent="3">
    <mem type="nursery" free="0" total="5373952" percent="0">
      <mem type="allocate" free="0" total="3932160" percent="0" />
      <mem type="survivor" free="0" total="1441792" percent="0" />
    </mem>
    <mem type="tenure" free="367704" total="4653056" percent="7">
      <mem type="soa" free="180312" total="4420608" percent="4" />
      <mem type="loa" free="187392" total="232448" percent="80" />
    </mem>
    <remembered-set count="2586" />
  </mem-info>
</gc-start>
<allocation-stats totalBytes="3063896" >
  <allocated-bytes non-tlh="219656" tlh="2844240" />
  <largest-consumer threadName="main" threadId="0000000001E06700" bytes="3063896" />
</allocation-stats>
<gc-op id="767" type="scavenge" timems="0.971" contextid="764" timestamp="2019-06-20T21:28:28.122">
  <scavenger-info tenureage="11" tenuremask="7800" tiltratio="73" />
  <memory-copied type="nursery" objects="13821" bytes="860528" bytesdiscarded="126272" />
  <ownableSynchronizers candidates="44" cleared="44" />
  <references type="soft" candidates="350" cleared="0" enqueued="0" dynamicThreshold="2" maxThreshold="32" />
  <references type="weak" candidates="98" cleared="2" enqueued="2" />
  <references type="phantom" candidates="1" cleared="0" enqueued="0" />
</gc-op>
<gc-end id="768" type="scavenge" contextid="764" durationms="1.477" usertimems="4.000" systemtimems="0.000" timestamp="2019-06-20T21:28:28.123" activeThreads="4">
  <mem-info id="769" free="3378464" total="10027008" percent="33">
    <mem type="nursery" free="3010760" total="5373952" percent="56">
      <mem type="allocate" free="3010760" total="3997696" percent="75" />
      <mem type="survivor" free="0" total="1376256" percent="0" />
    </mem>
    <mem type="tenure" free="367704" total="4653056" percent="7" macro-fragmented="0">
      <mem type="soa" free="180312" total="4420608" percent="4" />
      <mem type="loa" free="187392" total="232448" percent="80" />
    </mem>
    <pending-finalizers system="0" default="0" reference="2" classloader="0" />
    <remembered-set count="320" />
  </mem-info>
</gc-end>
<cycle-end id="770" type="scavenge" contextid="764" timestamp="2019-06-20T21:28:28.123" />
  <attribute name="elasticGC enabled" value="1" />
  <attribute name= "numThreadsSpecified" value="4" />
  <attribute name="heapSize specified" value="10223616" />
  <attribute name="Current GC Util" value="36" />
  <attribute name= "Current Time Running" value="46314" />
  <attribute name ="GC Interval" value="728" />
  <attribute name="ProportionalT" value="24.000000" />
  <attribute name="ProportionalI" value="24.000000" />
  <attribute name="ProportionalH" value="24.000000" />
  <attribute name="Current Error" value="16.000000" />
  <attribute name="IntegralT" value="704.000000" />
  <attribute name="IntegralI" value="704.000000" />
  <attribute name="IntegralH" value="704.000000" />
  <attribute name="DerivativeT" value="-1.090909" />
  <attribute name="DerivativeI" value="-1.090909" />
  <attribute name="DerivativeH" value="-1.090909" />
  <attribute name="Loop Time for DT" value="44.000000" />
  <attribute name="Output H" value="8388608"/>
  <attribute name="Output I" value="728"/>
  <attribute name="Output T" value="4"/>
  <attribute name="Target GC Util Change" value ="20.000000" />
  <attribute name="Current GC Util Change" value="36.000000"/>
  <attribute name="GC Util currently" value="36" />
  <attribute name="CPU Util currently" value="106535846530" />
<allocation-satisfied id="771" threadId="0000000001E06700" bytesRequested="32" />
<af-end id="772" timestamp="2019-06-20T21:28:28.123" threadId="0000000001E07088" success="true" from="nursery"/>
<exclusive-end id="773" timestamp="2019-06-20T21:28:28.123" durationms="2.012" />

<exclusive-start id="774" timestamp="2019-06-20T21:28:28.134" intervalms="12.859">
  <response-info timems="0.031" idlems="0.031" threads="0" lastid="0000000001E06700" lastname="main" />
</exclusive-start>
<concurrent-collection-start id="775" timestamp="2019-06-20T21:28:28.134" intervalms="72.657" >
  <concurrent-trace-info reason="card cleaning threshold reached" tracedByMutators="229644" tracedByHelpers="1764508" cardsCleaned="5" workStackOverflowCount="0" />
</concurrent-collection-start>
<gc-start id="776" type="global" contextid="760" timestamp="2019-06-20T21:28:28.134">
  <mem-info id="777" free="367704" total="10027008" percent="3">
    <mem type="nursery" free="0" total="5373952" percent="0">
      <mem type="allocate" free="0" total="3997696" percent="0" />
      <mem type="survivor" free="0" total="1376256" percent="0" />
    </mem>
    <mem type="tenure" free="367704" total="4653056" percent="7">
      <mem type="soa" free="180312" total="4420608" percent="4" />
      <mem type="loa" free="187392" total="232448" percent="80" />
    </mem>
    <remembered-set count="321" />
  </mem-info>
</gc-start>
<allocation-stats totalBytes="3010136" >
  <allocated-bytes non-tlh="32" tlh="3010104" />
  <largest-consumer threadName="main" threadId="0000000001E06700" bytes="3006040" />
</allocation-stats>
<gc-op id="778" type="rs-scan" timems="0.491" contextid="760" timestamp="2019-06-20T21:28:28.135">
  <scan objectsFound="297" bytesTraced="197316" workStackOverflowCount="0" />
</gc-op>
<gc-op id="779" type="card-cleaning" timems="0.157" contextid="760" timestamp="2019-06-20T21:28:28.135">
  <card-cleaning cardsCleaned="2" bytesTraced="41388" workStackOverflowCount="0" />
</gc-op>
<gc-op id="780" type="mark" timems="2.165" contextid="760" timestamp="2019-06-20T21:28:28.137">
  <trace-info objectcount="10290" scancount="9171" scanbytes="311300" />
  <finalization candidates="80" enqueued="0" />
  <ownableSynchronizers candidates="22" cleared="0" />
  <references type="soft" candidates="1268" cleared="0" enqueued="0" dynamicThreshold="2" maxThreshold="32" />
  <references type="weak" candidates="4460" cleared="0" enqueued="0" />
  <references type="phantom" candidates="78" cleared="0" enqueued="0" />
  <stringconstants candidates="10908" cleared="0"  />
</gc-op>
<gc-op id="781" type="classunload" timems="0.004" contextid="760" timestamp="2019-06-20T21:28:28.137">
  <classunload-info classloadercandidates="18" classloadersunloaded="0" classesunloaded="0" anonymousclassesunloaded="0" quiescems="0.000" setupms="0.003" scanms="0.000" postms="0.001" />
</gc-op>
<gc-op id="782" type="sweep" timems="0.244" contextid="760" timestamp="2019-06-20T21:28:28.138" />
<mem-info id="783" free="3501264" total="10027008" percent="34">
  <mem type="nursery" free="3088504" total="5373952" percent="57">
    <mem type="allocate" free="3088504" total="3997696" percent="77" />
    <mem type="survivor" free="0" total="1376256" percent="0" />
  </mem>
  <mem type="tenure" free="412760" total="4653056" percent="8" micro-fragmented="0" macro-fragmented="318745">
    <mem type="soa" free="180312" total="4420608" percent="4" />
    <mem type="loa" free="232448" total="232448" percent="100" />
  </mem>
  <remembered-set count="321" />
</mem-info>
<gc-op id="784" type="compact" timems="15.918" contextid="760" timestamp="2019-06-20T21:28:28.154">
  <compact-info movecount="84753" movebytes="4705448" reason="compact to aid heap contraction" />
</gc-op>
<heap-resize id="785" type="contract" space="tenure" amount="196608" count="1" timems="0.081" reason="heap reconfiguration" timestamp="2019-06-20T21:28:28.154" />
<gc-end id="786" type="global" contextid="760" durationms="20.163" usertimems="28.000" systemtimems="0.000" timestamp="2019-06-20T21:28:28.154" activeThreads="4">
  <mem-info id="787" free="3452440" total="9830400" percent="35">
    <mem type="nursery" free="3271952" total="5373952" percent="60">
      <mem type="allocate" free="3271952" total="3997696" percent="81" />
      <mem type="survivor" free="0" total="1376256" percent="0" />
    </mem>
    <mem type="tenure" free="180488" total="4456448" percent="4">
      <mem type="soa" free="0" total="4234240" percent="0" />
      <mem type="loa" free="180488" total="222208" percent="81" />
    </mem>
    <remembered-set count="321" />
  </mem-info>
</gc-end>
<cycle-end id="788" type="global" contextid="760" timestamp="2019-06-20T21:28:28.154" />
  <attribute name="elasticGC enabled" value="1" />
  <attribute name= "numThreadsSpecified" value="4" />
  <attribute name="heapSize specified" value="10027008" />
  <attribute name="Current GC Util" value="56" />
  <attribute name= "Current Time Running" value="46346" />
  <attribute name ="GC Interval" value="728" />
  <attribute name="ProportionalT" value="54.000000" />
  <attribute name="ProportionalI" value="54.000000" />
  <attribute name="ProportionalH" value="54.000000" />
  <attribute name="Current Error" value="36.000000" />
  <attribute name="IntegralT" value="576.000000" />
  <attribute name="IntegralI" value="576.000000" />
  <attribute name="IntegralH" value="576.000000" />
  <attribute name="DerivativeT" value="2.718750" />
  <attribute name="DerivativeI" value="2.718750" />
  <attribute name="DerivativeH" value="2.718750" />
  <attribute name="Loop Time for DT" value="16.000000" />
  <attribute name="Output H" value="8388608"/>
  <attribute name="Output I" value="632"/>
  <attribute name="Output T" value="4"/>
  <attribute name="Target GC Util Change" value ="20.000000" />
  <attribute name="Current GC Util Change" value="56.000000"/>
  <attribute name="GC Util currently" value="56" />
  <attribute name="CPU Util currently" value="287379122701" />
<concurrent-collection-end id="789" timestamp="2019-06-20T21:28:28.154" />
<exclusive-end id="790" timestamp="2019-06-20T21:28:28.154" durationms="20.645" />

<exclusive-start id="791" timestamp="2019-06-20T21:28:28.192" intervalms="58.572">
  <response-info timems="0.156" idlems="0.156" threads="0" lastid="0000000001E06700" lastname="main" />
</exclusive-start>
<af-start id="792" threadId="0000000001E07088" totalBytesRequested="88" timestamp="2019-06-20T21:28:28.193" intervalms="71.740" type="tenure" />
<cycle-start id="793" type="global" contextid="0" timestamp="2019-06-20T21:28:28.193" intervalms="73.266" />
<gc-start id="794" type="global" contextid="793" timestamp="2019-06-20T21:28:28.193">
  <mem-info id="795" free="2280984" total="9830400" percent="23">
    <mem type="nursery" free="2100496" total="5373952" percent="39">
      <mem type="allocate" free="2100496" total="3997696" percent="52" />
      <mem type="survivor" free="0" total="1376256" percent="0" />
    </mem>
    <mem type="tenure" free="180488" total="4456448" percent="4">
      <mem type="soa" free="0" total="4234240" percent="0" />
      <mem type="loa" free="180488" total="222208" percent="81" />
    </mem>
    <remembered-set count="321" />
  </mem-info>
</gc-start>
<allocation-stats totalBytes="1146520" >
  <allocated-bytes non-tlh="0" tlh="1146520" />
  <largest-consumer threadName="main" threadId="0000000001E06700" bytes="1146520" />
</allocation-stats>
<gc-op id="796" type="mark" timems="13.380" contextid="793" timestamp="2019-06-20T21:28:28.207">
  <trace-info objectcount="82035" scancount="66559" scanbytes="2173092" />
  <finalization candidates="80" enqueued="0" />
  <ownableSynchronizers candidates="22" cleared="0" />
  <references type="soft" candidates="1268" cleared="313" enqueued="310" dynamicThreshold="1" maxThreshold="32" />
  <references type="weak" candidates="4460" cleared="1" enqueued="1" />
  <references type="phantom" candidates="78" cleared="0" enqueued="0" />
  <stringconstants candidates="10908" cleared="17"  />
</gc-op>
<gc-op id="797" type="sweep" timems="2.869" contextid="793" timestamp="2019-06-20T21:28:28.211" />
<mem-info id="798" free="3854432" total="9830400" percent="39">
  <mem type="nursery" free="3638104" total="5373952" percent="67">
    <mem type="allocate" free="3638104" total="3997696" percent="91" />
    <mem type="survivor" free="0" total="1376256" percent="0" />
  </mem>
  <mem type="tenure" free="216328" total="4456448" percent="4" micro-fragmented="0" macro-fragmented="201903">
    <mem type="soa" free="0" total="4234240" percent="0" />
    <mem type="loa" free="216328" total="222208" percent="97" />
  </mem>
  <pending-finalizers system="0" default="0" reference="311" classloader="0" />
  <remembered-set count="321" />
</mem-info>
<gc-op id="799" type="compact" timems="16.691" contextid="793" timestamp="2019-06-20T21:28:28.229">
  <compact-info movecount="12433" movebytes="487504" reason="compact to aid heap contraction" />
</gc-op>
<heap-resize id="800" type="contract" space="tenure" amount="196608" count="1" timems="0.076" reason="heap reconfiguration" timestamp="2019-06-20T21:28:28.229" />
<gc-end id="801" type="global" contextid="793" durationms="36.351" usertimems="48.000" systemtimems="0.000" timestamp="2019-06-20T21:28:28.230" activeThreads="4">
  <mem-info id="802" free="3652552" total="9633792" percent="37">
    <mem type="nursery" free="3652552" total="5373952" percent="67">
      <mem type="allocate" free="3652552" total="3997696" percent="91" />
      <mem type="survivor" free="0" total="1376256" percent="0" />
    </mem>
    <mem type="tenure" free="0" total="4259840" percent="0">
      <mem type="soa" free="0" total="4046848" percent="0" />
      <mem type="loa" free="0" total="212992" percent="0" />
    </mem>
    <pending-finalizers system="0" default="0" reference="311" classloader="0" />
    <remembered-set count="321" />
  </mem-info>
</gc-end>
<cycle-end id="803" type="global" contextid="793" timestamp="2019-06-20T21:28:28.230" />
  <attribute name="elasticGC enabled" value="1" />
  <attribute name= "numThreadsSpecified" value="4" />
  <attribute name="heapSize specified" value="9830400" />
  <attribute name="Current GC Util" value="29" />
  <attribute name= "Current Time Running" value="46421" />
  <attribute name ="GC Interval" value="728" />
  <attribute name="ProportionalT" value="13.500000" />
  <attribute name="ProportionalI" value="13.500000" />
  <attribute name="ProportionalH" value="13.500000" />
  <attribute name="Current Error" value="9.000000" />
  <attribute name="IntegralT" value="153.000000" />
  <attribute name="IntegralI" value="153.000000" />
  <attribute name="IntegralH" value="153.000000" />
  <attribute name="DerivativeT" value="-6.176471" />
  <attribute name="DerivativeI" value="-6.176471" />
  <attribute name="DerivativeH" value="-6.176471" />
  <attribute name="Loop Time for DT" value="17.000000" />
  <attribute name="Output H" value="8388608"/>
  <attribute name="Output I" value="200"/>
  <attribute name="Output T" value="4"/>
  <attribute name="Target GC Util Change" value ="20.000000" />
  <attribute name="Current GC Util Change" value="29.000000"/>
  <attribute name="GC Util currently" value="29" />
  <attribute name="CPU Util currently" value="273742599715" />
<cycle-start id="804" type="global" contextid="0" timestamp="2019-06-20T21:28:28.230" intervalms="37.031" />
<gc-start id="805" type="global" contextid="804" timestamp="2019-06-20T21:28:28.230">
  <mem-info id="806" free="3652552" total="9633792" percent="37">
    <mem type="nursery" free="3652552" total="5373952" percent="67">
      <mem type="allocate" free="3652552" total="3997696" percent="91" />
      <mem type="survivor" free="0" total="1376256" percent="0" />
    </mem>
    <mem type="tenure" free="0" total="4259840" percent="0">
      <mem type="soa" free="0" total="4046848" percent="0" />
      <mem type="loa" free="0" total="212992" percent="0" />
    </mem>
    <pending-finalizers system="0" default="0" reference="311" classloader="0" />
    <remembered-set count="321" />
  </mem-info>
</gc-start>
<allocation-stats totalBytes="0" >
  <allocated-bytes non-tlh="0" tlh="0" />
</allocation-stats>
<heap-resize id="807" type="loa contract" space="tenure" amount="171008" count="1" timems="0.076" reason="contract on aggressive gc" timestamp="2019-06-20T21:28:28.230" />
<gc-op id="808" type="mark" timems="8.329" contextid="804" timestamp="2019-06-20T21:28:28.239">
  <trace-info objectcount="82019" scancount="66541" scanbytes="2172444" />
  <finalization candidates="80" enqueued="0" />
  <ownableSynchronizers candidates="22" cleared="0" />
  <references type="soft" candidates="955" cleared="5" enqueued="2" dynamicThreshold="0" maxThreshold="32" />
  <references type="weak" candidates="4459" cleared="0" enqueued="0" />
  <references type="phantom" candidates="78" cleared="0" enqueued="0" />
  <stringconstants candidates="10891" cleared="0"  />
</gc-op>
<gc-op id="809" type="classunload" timems="0.004" contextid="804" timestamp="2019-06-20T21:28:28.239">
  <classunload-info classloadercandidates="19" classloadersunloaded="0" classesunloaded="0" anonymousclassesunloaded="0" quiescems="0.000" setupms="0.003" scanms="0.000" postms="0.001" />
</gc-op>
<gc-op id="810" type="sweep" timems="0.935" contextid="804" timestamp="2019-06-20T21:28:28.240" />
<mem-info id="811" free="3673096" total="9633792" percent="38">
  <mem type="nursery" free="3652552" total="5373952" percent="67">
    <mem type="allocate" free="3652552" total="3997696" percent="91" />
    <mem type="survivor" free="0" total="1376256" percent="0" />
  </mem>
  <mem type="tenure" free="20544" total="4259840" percent="0" micro-fragmented="0" macro-fragmented="18870">
    <mem type="soa" free="20544" total="4259840" percent="0" />
    <mem type="loa" free="0" total="0" percent="0" />
  </mem>
  <pending-finalizers system="0" default="0" reference="313" classloader="0" />
  <remembered-set count="321" />
</mem-info>
<gc-op id="812" type="compact" timems="7.454" contextid="804" timestamp="2019-06-20T21:28:28.248">
  <compact-info movecount="6911" movebytes="298984" reason="compact to aid heap contraction" />
</gc-op>
<gc-end id="813" type="global" contextid="804" durationms="17.771" usertimems="24.000" systemtimems="0.000" timestamp="2019-06-20T21:28:28.248" activeThreads="4">
  <mem-info id="814" free="3673792" total="9633792" percent="38">
    <mem type="nursery" free="3653336" total="5373952" percent="67">
      <mem type="allocate" free="3653336" total="3997696" percent="91" />
      <mem type="survivor" free="0" total="1376256" percent="0" />
    </mem>
    <mem type="tenure" free="20456" total="4259840" percent="0">
      <mem type="soa" free="20456" total="4259840" percent="0" />
      <mem type="loa" free="0" total="0" percent="0" />
    </mem>
    <pending-finalizers system="0" default="0" reference="313" classloader="0" />
    <remembered-set count="321" />
  </mem-info>
</gc-end>
<cycle-end id="815" type="global" contextid="804" timestamp="2019-06-20T21:28:28.248" />
  <attribute name="elasticGC enabled" value="1" />
  <attribute name= "numThreadsSpecified" value="4" />
  <attribute name="heapSize specified" value="9633792" />
  <attribute name="Current GC Util" value="69" />
  <attribute name= "Current Time Running" value="46440" />
  <attribute name ="GC Interval" value="728" />
  <attribute name="ProportionalT" value="73.500000" />
  <attribute name="ProportionalI" value="73.500000" />
  <attribute name="ProportionalH" value="73.500000" />
  <attribute name="Current Error" value="49.000000" />
  <attribute name="IntegralT" value="343.000000" />
  <attribute name="IntegralI" value="343.000000" />
  <attribute name="IntegralH" value="343.000000" />
  <attribute name="DerivativeT" value="-13.285714" />
  <attribute name="DerivativeI" value="-13.285714" />
  <attribute name="DerivativeH" value="-13.285714" />
  <attribute name="Loop Time for DT" value="7.000000" />
  <attribute name="Output H" value="8388608"/>
  <attribute name="Output I" value="408"/>
  <attribute name="Output T" value="4"/>
  <attribute name="Target GC Util Change" value ="20.000000" />
  <attribute name="Current GC Util Change" value="69.000000"/>
  <attribute name="GC Util currently" value="69" />
  <attribute name="CPU Util currently" value="609623185320" />
<allocation-satisfied id="816" threadId="0000000001E06700" bytesRequested="88" />
<af-end id="817" timestamp="2019-06-20T21:28:28.248" threadId="0000000001E07088" success="true" from="tenure-soa"/>
<exclusive-end id="818" timestamp="2019-06-20T21:28:28.248" durationms="56.015" />

<concurrent-kickoff id="819" timestamp="2019-06-20T21:28:28.277">
  <kickoff reason="threshold reached" targetBytes="1465659" thresholdFreeBytes="204020"  remainingFree="172416" tenureFreeBytes="1984" nurseryFreeBytes="172416" />
</concurrent-kickoff>
<exclusive-start id="820" timestamp="2019-06-20T21:28:28.277" intervalms="84.887">
  <response-info timems="0.033" idlems="0.033" threads="0" lastid="0000000001E06700" lastname="main" />
</exclusive-start>
<cycle-start id="821" type="global" contextid="0" timestamp="2019-06-20T21:28:28.277" intervalms="47.307" />
<exclusive-end id="822" timestamp="2019-06-20T21:28:28.277" durationms="0.216" />

<exclusive-start id="823" timestamp="2019-06-20T21:28:28.278" intervalms="1.090">
  <response-info timems="0.021" idlems="0.021" threads="0" lastid="0000000001E06700" lastname="main" />
</exclusive-start>
<af-start id="824" threadId="0000000001E07088" totalBytesRequested="32" timestamp="2019-06-20T21:28:28.278" intervalms="85.699" type="nursery" />
<cycle-start id="825" type="scavenge" contextid="0" timestamp="2019-06-20T21:28:28.278" intervalms="157.474" />
<gc-start id="826" type="scavenge" contextid="825" timestamp="2019-06-20T21:28:28.279">
  <mem-info id="827" free="1984" total="9633792" percent="0">
    <mem type="nursery" free="0" total="5373952" percent="0">
      <mem type="allocate" free="0" total="3997696" percent="0" />
      <mem type="survivor" free="0" total="1376256" percent="0" />
    </mem>
    <mem type="tenure" free="1984" total="4259840" percent="0">
      <mem type="soa" free="1984" total="4259840" percent="0" />
      <mem type="loa" free="0" total="0" percent="0" />
    </mem>
    <remembered-set count="423" />
  </mem-info>
</gc-start>
<allocation-stats totalBytes="3671280" >
  <allocated-bytes non-tlh="316888" tlh="3354392" />
  <largest-consumer threadName="main" threadId="0000000001E06700" bytes="3667184" />
</allocation-stats>
<gc-op id="828" type="scavenge" timems="1.743" contextid="825" timestamp="2019-06-20T21:28:28.280">
  <scavenger-info tenureage="11" tenuremask="7800" tiltratio="74" />
  <memory-copied type="nursery" objects="16507" bytes="1040096" bytesdiscarded="142040" />
  <ownableSynchronizers candidates="44" cleared="44" />
  <references type="soft" candidates="275" cleared="201" enqueued="200" dynamicThreshold="0" maxThreshold="32" />
  <references type="weak" candidates="187" cleared="1" enqueued="1" />
  <references type="phantom" candidates="2" cleared="1" enqueued="1" />
</gc-op>
<gc-end id="829" type="scavenge" contextid="825" durationms="2.122" usertimems="4.000" systemtimems="0.000" timestamp="2019-06-20T21:28:28.281" activeThreads="4">
  <mem-info id="830" free="2817368" total="9633792" percent="29">
    <mem type="nursery" free="2815384" total="5373952" percent="52">
      <mem type="allocate" free="2815384" total="3997696" percent="70" />
      <mem type="survivor" free="0" total="1376256" percent="0" />
    </mem>
    <mem type="tenure" free="1984" total="4259840" percent="0" macro-fragmented="1763">
      <mem type="soa" free="1984" total="4259840" percent="0" />
      <mem type="loa" free="0" total="0" percent="0" />
    </mem>
    <pending-finalizers system="0" default="0" reference="202" classloader="0" />
    <remembered-set count="410" />
  </mem-info>
</gc-end>
<cycle-end id="831" type="scavenge" contextid="825" timestamp="2019-06-20T21:28:28.281" />
  <attribute name="elasticGC enabled" value="1" />
  <attribute name= "numThreadsSpecified" value="4" />
  <attribute name="heapSize specified" value="9633792" />
  <attribute name="Current GC Util" value="22" />
  <attribute name= "Current Time Running" value="46471" />
  <attribute name ="GC Interval" value="200" />
  <attribute name="ProportionalT" value="3.000000" />
  <attribute name="ProportionalI" value="3.000000" />
  <attribute name="ProportionalH" value="3.000000" />
  <attribute name="Current Error" value="2.000000" />
  <attribute name="IntegralT" value="62.000000" />
  <attribute name="IntegralI" value="62.000000" />
  <attribute name="IntegralH" value="62.000000" />
  <attribute name="DerivativeT" value="-2.274194" />
  <attribute name="DerivativeI" value="-2.274194" />
  <attribute name="DerivativeH" value="-2.274194" />
  <attribute name="Loop Time for DT" value="31.000000" />
  <attribute name="Output H" value="8388608"/>
  <attribute name="Output I" value="200"/>
  <attribute name="Output T" value="4"/>
  <attribute name="Target GC Util Change" value ="20.000000" />
  <attribute name="Current GC Util Change" value="22.000000"/>
  <attribute name="GC Util currently" value="22" />
  <attribute name="CPU Util currently" value="148391343992" />
<allocation-satisfied id="832" threadId="0000000001E06700" bytesRequested="32" />
<af-end id="833" timestamp="2019-06-20T21:28:28.281" threadId="0000000001E07088" success="true" from="nursery"/>
<exclusive-end id="834" timestamp="2019-06-20T21:28:28.281" durationms="2.835" />

<exclusive-start id="835" timestamp="2019-06-20T21:28:28.289" intervalms="10.695">
  <response-info timems="0.030" idlems="0.030" threads="0" lastid="0000000001E06700" lastname="main" />
</exclusive-start>
<af-start id="836" threadId="0000000001E07088" totalBytesRequested="48" timestamp="2019-06-20T21:28:28.289" intervalms="10.706" type="nursery" />
<cycle-start id="837" type="scavenge" contextid="0" timestamp="2019-06-20T21:28:28.289" intervalms="10.697" />
<gc-start id="838" type="scavenge" contextid="837" timestamp="2019-06-20T21:28:28.289">
  <mem-info id="839" free="1984" total="9633792" percent="0">
    <mem type="nursery" free="0" total="5373952" percent="0">
      <mem type="allocate" free="0" total="3997696" percent="0" />
      <mem type="survivor" free="0" total="1376256" percent="0" />
    </mem>
    <mem type="tenure" free="1984" total="4259840" percent="0">
      <mem type="soa" free="1984" total="4259840" percent="0" />
      <mem type="loa" free="0" total="0" percent="0" />
    </mem>
    <remembered-set count="412" />
  </mem-info>
</gc-start>
<allocation-stats totalBytes="2815096" >
  <allocated-bytes non-tlh="32" tlh="2815064" />
  <largest-consumer threadName="main" threadId="0000000001E06700" bytes="2815096" />
</allocation-stats>
<gc-op id="840" type="scavenge" timems="1.373" contextid="837" timestamp="2019-06-20T21:28:28.291">
  <scavenger-info tenureage="11" tenuremask="7800" tiltratio="74" />
  <memory-copied type="nursery" objects="17649" bytes="1092240" bytesdiscarded="93448" />
  <references type="soft" candidates="74" cleared="0" enqueued="0" dynamicThreshold="0" maxThreshold="32" />
  <references type="weak" candidates="186" cleared="0" enqueued="0" />
  <references type="phantom" candidates="1" cleared="0" enqueued="0" />
</gc-op>
<heap-resize id="841" type="expand" space="nursery" amount="393216" count="1" timems="0.015" reason="excessive time being spent scavenging" timestamp="2019-06-20T21:28:28.291" />
<gc-end id="842" type="scavenge" contextid="837" durationms="2.065" usertimems="4.000" systemtimems="0.000" timestamp="2019-06-20T21:28:28.291" activeThreads="4">
  <mem-info id="843" free="3141504" total="10027008" percent="31">
    <mem type="nursery" free="3139520" total="5767168" percent="54">
      <mem type="allocate" free="3139520" total="4325376" percent="72" />
      <mem type="survivor" free="0" total="1441792" percent="0" />
    </mem>
    <mem type="tenure" free="1984" total="4259840" percent="0" macro-fragmented="1763">
      <mem type="soa" free="1984" total="4259840" percent="0" />
      <mem type="loa" free="0" total="0" percent="0" />
    </mem>
    <remembered-set count="293" />
  </mem-info>
</gc-end>
<cycle-end id="844" type="scavenge" contextid="837" timestamp="2019-06-20T21:28:28.292" />
  <attribute name="elasticGC enabled" value="1" />
  <attribute name= "numThreadsSpecified" value="4" />
  <attribute name="heapSize specified" value="9633792" />
  <attribute name="Current GC Util" value="29" />
  <attribute name= "Current Time Running" value="46482" />
  <attribute name ="GC Interval" value="200" />
  <attribute name="ProportionalT" value="13.500000" />
  <attribute name="ProportionalI" value="13.500000" />
  <attribute name="ProportionalH" value="13.500000" />
  <attribute name="Current Error" value="9.000000" />
  <attribute name="IntegralT" value="99.000000" />
  <attribute name="IntegralI" value="99.000000" />
  <attribute name="IntegralH" value="99.000000" />
  <attribute name="DerivativeT" value="0.954545" />
  <attribute name="DerivativeI" value="0.954545" />
  <attribute name="DerivativeH" value="0.954545" />
  <attribute name="Loop Time for DT" value="11.000000" />
  <attribute name="Output H" value="8388608"/>
  <attribute name="Output I" value="200"/>
  <attribute name="Output T" value="4"/>
  <attribute name="Target GC Util Change" value ="20.000000" />
  <attribute name="Current GC Util Change" value="29.000000"/>
  <attribute name="GC Util currently" value="29" />
  <attribute name="CPU Util currently" value="427646106614" />
<allocation-satisfied id="845" threadId="0000000001E06700" bytesRequested="48" />
<af-end id="846" timestamp="2019-06-20T21:28:28.292" threadId="0000000001E07088" success="true" from="nursery"/>
<exclusive-end id="847" timestamp="2019-06-20T21:28:28.292" durationms="2.969" />

<exclusive-start id="848" timestamp="2019-06-20T21:28:28.292" intervalms="3.190">
  <response-info timems="0.066" idlems="0.066" threads="0" lastid="0000000001E06700" lastname="main" />
</exclusive-start>
<concurrent-collection-start id="849" timestamp="2019-06-20T21:28:28.292" intervalms="158.397" >
  <concurrent-trace-info reason="card cleaning threshold reached" tracedByMutators="367280" tracedByHelpers="1604588" cardsCleaned="8" workStackOverflowCount="0" />
</concurrent-collection-start>
<gc-start id="850" type="global" contextid="821" timestamp="2019-06-20T21:28:28.292">
  <mem-info id="851" free="3075920" total="10027008" percent="30">
    <mem type="nursery" free="3073936" total="5767168" percent="53">
      <mem type="allocate" free="3073936" total="4325376" percent="71" />
      <mem type="survivor" free="0" total="1441792" percent="0" />
    </mem>
    <mem type="tenure" free="1984" total="4259840" percent="0">
      <mem type="soa" free="1984" total="4259840" percent="0" />
      <mem type="loa" free="0" total="0" percent="0" />
    </mem>
    <remembered-set count="293" />
  </mem-info>
</gc-start>
<allocation-stats totalBytes="65584" >
  <allocated-bytes non-tlh="48" tlh="65536" />
  <largest-consumer threadName="main" threadId="0000000001E06700" bytes="65584" />
</allocation-stats>
<gc-op id="852" type="rs-scan" timems="0.507" contextid="821" timestamp="2019-06-20T21:28:28.293">
  <scan objectsFound="252" bytesTraced="34684" workStackOverflowCount="0" />
</gc-op>
<gc-op id="853" type="card-cleaning" timems="0.417" contextid="821" timestamp="2019-06-20T21:28:28.293">
  <card-cleaning cardsCleaned="41" bytesTraced="126292" workStackOverflowCount="0" />
</gc-op>
<gc-op id="854" type="mark" timems="2.269" contextid="821" timestamp="2019-06-20T21:28:28.296">
  <trace-info objectcount="13829" scancount="12415" scanbytes="520056" />
  <finalization candidates="80" enqueued="0" />
  <ownableSynchronizers candidates="22" cleared="0" />
  <references type="soft" candidates="992" cleared="0" enqueued="0" dynamicThreshold="0" maxThreshold="32" />
  <references type="weak" candidates="4480" cleared="0" enqueued="0" />
  <references type="phantom" candidates="79" cleared="0" enqueued="0" />
  <stringconstants candidates="10971" cleared="64"  />
</gc-op>
<gc-op id="855" type="sweep" timems="0.696" contextid="821" timestamp="2019-06-20T21:28:28.297" />
<mem-info id="856" free="3235160" total="10027008" percent="32">
  <mem type="nursery" free="3232264" total="5767168" percent="56">
    <mem type="allocate" free="3232264" total="4325376" percent="74" />
    <mem type="survivor" free="0" total="1441792" percent="0" />
  </mem>
  <mem type="tenure" free="2896" total="4259840" percent="0" micro-fragmented="0" macro-fragmented="1763">
    <mem type="soa" free="2896" total="4259840" percent="0" />
    <mem type="loa" free="0" total="0" percent="0" />
  </mem>
  <remembered-set count="287" />
</mem-info>
<gc-op id="857" type="compact" timems="14.529" contextid="821" timestamp="2019-06-20T21:28:28.312">
  <compact-info movecount="75520" movebytes="4542448" reason="compact to aid heap contraction" />
</gc-op>
<gc-end id="858" type="global" contextid="821" durationms="19.658" usertimems="32.000" systemtimems="0.000" timestamp="2019-06-20T21:28:28.312" activeThreads="4">
  <mem-info id="859" free="3241944" total="10027008" percent="32">
    <mem type="nursery" free="3232888" total="5767168" percent="56">
      <mem type="allocate" free="3232888" total="4325376" percent="74" />
      <mem type="survivor" free="0" total="1441792" percent="0" />
    </mem>
    <mem type="tenure" free="9056" total="4259840" percent="0">
      <mem type="soa" free="9056" total="4259840" percent="0" />
      <mem type="loa" free="0" total="0" percent="0" />
    </mem>
    <remembered-set count="287" />
  </mem-info>
</gc-end>
<cycle-end id="860" type="global" contextid="821" timestamp="2019-06-20T21:28:28.312" />
  <attribute name="elasticGC enabled" value="1" />
  <attribute name= "numThreadsSpecified" value="4" />
  <attribute name="heapSize specified" value="10027008" />
  <attribute name="Current GC Util" value="72" />
  <attribute name= "Current Time Running" value="46504" />
  <attribute name ="GC Interval" value="200" />
  <attribute name="ProportionalT" value="78.000000" />
  <attribute name="ProportionalI" value="78.000000" />
  <attribute name="ProportionalH" value="78.000000" />
  <attribute name="Current Error" value="52.000000" />
  <attribute name="IntegralT" value="728.000000" />
  <attribute name="IntegralI" value="728.000000" />
  <attribute name="IntegralH" value="728.000000" />
  <attribute name="DerivativeT" value="-5.464286" />
  <attribute name="DerivativeI" value="-5.464286" />
  <attribute name="DerivativeH" value="-5.464286" />
  <attribute name="Loop Time for DT" value="14.000000" />
  <attribute name="Output H" value="8388608"/>
  <attribute name="Output I" value="800"/>
  <attribute name="Output T" value="4"/>
  <attribute name="Target GC Util Change" value ="20.000000" />
  <attribute name="Current GC Util Change" value="72.000000"/>
  <attribute name="GC Util currently" value="72" />
  <attribute name="CPU Util currently" value="312821126908" />
<concurrent-collection-end id="861" timestamp="2019-06-20T21:28:28.312" />
<exclusive-end id="862" timestamp="2019-06-20T21:28:28.313" durationms="20.397" />

<concurrent-kickoff id="863" timestamp="2019-06-20T21:28:28.318">
  <kickoff reason="threshold reached" targetBytes="1562232" thresholdFreeBytes="217642"  remainingFree="169080" tenureFreeBytes="9056" nurseryFreeBytes="169080" />
</concurrent-kickoff>
<exclusive-start id="864" timestamp="2019-06-20T21:28:28.318" intervalms="26.020">
  <response-info timems="0.030" idlems="0.030" threads="0" lastid="0000000001E06700" lastname="main" />
</exclusive-start>
<cycle-start id="865" type="global" contextid="0" timestamp="2019-06-20T21:28:28.318" intervalms="41.049" />
<exclusive-end id="866" timestamp="2019-06-20T21:28:28.318" durationms="0.282" />

<exclusive-start id="867" timestamp="2019-06-20T21:28:28.319" intervalms="1.161">
  <response-info timems="0.016" idlems="0.016" threads="0" lastid="0000000001E06700" lastname="main" />
</exclusive-start>
<af-start id="868" threadId="0000000001E07088" totalBytesRequested="32" timestamp="2019-06-20T21:28:28.319" intervalms="30.357" type="nursery" />
<cycle-start id="869" type="scavenge" contextid="0" timestamp="2019-06-20T21:28:28.320" intervalms="30.324" />
<gc-start id="870" type="scavenge" contextid="869" timestamp="2019-06-20T21:28:28.320">
  <mem-info id="871" free="9056" total="10027008" percent="0">
    <mem type="nursery" free="0" total="5767168" percent="0">
      <mem type="allocate" free="0" total="4325376" percent="0" />
      <mem type="survivor" free="0" total="1441792" percent="0" />
    </mem>
    <mem type="tenure" free="9056" total="4259840" percent="0">
      <mem type="soa" free="9056" total="4259840" percent="0" />
      <mem type="loa" free="0" total="0" percent="0" />
    </mem>
    <remembered-set count="287" />
  </mem-info>
</gc-start>
<allocation-stats totalBytes="3232464" >
  <allocated-bytes non-tlh="0" tlh="3232464" />
  <largest-consumer threadName="main" threadId="0000000001E06700" bytes="3232464" />
</allocation-stats>
<gc-op id="872" type="scavenge" timems="3.337" contextid="869" timestamp="2019-06-20T21:28:28.323">
  <scavenger-info tenureage="5" tenuremask="7820" tiltratio="75" />
  <memory-copied type="nursery" objects="20198" bytes="1188112" bytesdiscarded="154544" />
  <memory-copied type="tenure" objects="109" bytes="3280" bytesdiscarded="0" />
  <copy-failed type="tenure" objects="6300" bytes="266112" />
  <ownableSynchronizers candidates="44" cleared="44" />
  <references type="soft" candidates="74" cleared="0" enqueued="0" dynamicThreshold="0" maxThreshold="32" />
  <references type="weak" candidates="186" cleared="0" enqueued="0" />
  <references type="phantom" candidates="1" cleared="0" enqueued="0" />
</gc-op>
<heap-resize id="873" type="expand" space="nursery" amount="262144" count="1" timems="0.014" reason="excessive time being spent scavenging" timestamp="2019-06-20T21:28:28.323" />
<gc-end id="874" type="scavenge" contextid="869" durationms="3.880" usertimems="4.000" systemtimems="0.000" timestamp="2019-06-20T21:28:28.324" activeThreads="4">
  <mem-info id="875" free="3244712" total="10289152" percent="31">
    <mem type="nursery" free="3244712" total="6029312" percent="53">
      <mem type="allocate" free="3244712" total="4587520" percent="70" />
      <mem type="survivor" free="0" total="1441792" percent="0" />
    </mem>
    <mem type="tenure" free="0" total="4259840" percent="0" macro-fragmented="0">
      <mem type="soa" free="0" total="4259840" percent="0" />
      <mem type="loa" free="0" total="0" percent="0" />
    </mem>
    <remembered-set count="202" />
  </mem-info>
</gc-end>
<cycle-end id="876" type="scavenge" contextid="869" timestamp="2019-06-20T21:28:28.324" />
  <attribute name="elasticGC enabled" value="1" />
  <attribute name= "numThreadsSpecified" value="4" />
  <attribute name="heapSize specified" value="10027008" />
  <attribute name="Current GC Util" value="208" />
  <attribute name= "Current Time Running" value="46512" />
  <attribute name ="GC Interval" value="1816" />
  <attribute name="ProportionalT" value="282.000000" />
  <attribute name="ProportionalI" value="282.000000" />
  <attribute name="ProportionalH" value="282.000000" />
  <attribute name="Current Error" value="188.000000" />
  <attribute name="IntegralT" value="1504.000000" />
  <attribute name="IntegralI" value="1504.000000" />
  <attribute name="IntegralH" value="1504.000000" />
  <attribute name="DerivativeT" value="25.500000" />
  <attribute name="DerivativeI" value="25.500000" />
  <attribute name="DerivativeH" value="25.500000" />
  <attribute name="Loop Time for DT" value="8.000000" />
  <attribute name="Output H" value="8388608"/>
  <attribute name="Output I" value="1816"/>
  <attribute name="Output T" value="4"/>
  <attribute name="Target GC Util Change" value ="20.000000" />
  <attribute name="Current GC Util Change" value="208.000000"/>
  <attribute name="GC Util currently" value="208" />
  <attribute name="CPU Util currently" value="579167853691" />
<allocation-satisfied id="877" threadId="0000000001E06700" bytesRequested="32" />
<af-end id="878" timestamp="2019-06-20T21:28:28.324" threadId="0000000001E07088" success="true" from="nursery"/>
<exclusive-end id="879" timestamp="2019-06-20T21:28:28.324" durationms="4.772" />

<exclusive-start id="880" timestamp="2019-06-20T21:28:28.333" intervalms="13.749">
  <response-info timems="0.029" idlems="0.029" threads="0" lastid="0000000001E06700" lastname="main" />
</exclusive-start>
<af-start id="881" threadId="0000000001E07088" totalBytesRequested="32" timestamp="2019-06-20T21:28:28.333" intervalms="13.784" type="nursery" />
<percolate-collect id="882" from="nursery" to="global" reason="concurrent mark exhausted" timestamp="2019-06-20T21:28:28.333"/>
<gc-start id="883" type="global" contextid="865" timestamp="2019-06-20T21:28:28.333">
  <mem-info id="884" free="0" total="10289152" percent="0">
    <mem type="nursery" free="0" total="6029312" percent="0">
      <mem type="allocate" free="0" total="4587520" percent="0" />
      <mem type="survivor" free="0" total="1441792" percent="0" />
    </mem>
    <mem type="tenure" free="0" total="4259840" percent="0">
      <mem type="soa" free="0" total="4259840" percent="0" />
      <mem type="loa" free="0" total="0" percent="0" />
    </mem>
    <remembered-set count="202" />
  </mem-info>
</gc-start>
<allocation-stats totalBytes="3244320" >
  <allocated-bytes non-tlh="32" tlh="3244288" />
  <largest-consumer threadName="main" threadId="0000000001E06700" bytes="3244320" />
</allocation-stats>
<concurrent-halted id="885" timestamp="2019-06-20T21:28:28.333">
  <halted state="Complete" status="exhausted" />
  <traced bytesTarget="1557600" bytesTotal="1963636" bytesByMutator="277916" bytesByHelper="1685720" percent="126" />
  <cards cleaned="1" thresholdBytes="85737" />
</concurrent-halted>
<gc-op id="886" type="rs-scan" timems="0.532" contextid="865" timestamp="2019-06-20T21:28:28.334">
  <scan objectsFound="179" bytesTraced="32836" workStackOverflowCount="0" />
</gc-op>
<gc-op id="887" type="card-cleaning" timems="0.401" contextid="865" timestamp="2019-06-20T21:28:28.335">
  <card-cleaning cardsCleaned="0" bytesTraced="118460" workStackOverflowCount="0" />
</gc-op>
<gc-op id="888" type="mark" timems="2.559" contextid="865" timestamp="2019-06-20T21:28:28.337">
  <trace-info objectcount="20597" scancount="18377" scanbytes="747892" />
  <finalization candidates="80" enqueued="0" />
  <ownableSynchronizers candidates="22" cleared="0" />
  <references type="soft" candidates="992" cleared="0" enqueued="0" dynamicThreshold="0" maxThreshold="32" />
  <references type="weak" candidates="4480" cleared="0" enqueued="0" />
  <references type="phantom" candidates="79" cleared="0" enqueued="0" />
  <stringconstants candidates="10907" cleared="0"  />
</gc-op>
<gc-op id="889" type="sweep" timems="0.822" contextid="865" timestamp="2019-06-20T21:28:28.338" />
<mem-info id="890" free="3182176" total="10289152" percent="30">
  <mem type="nursery" free="3176416" total="6029312" percent="52">
    <mem type="allocate" free="3176416" total="4587520" percent="69" />
    <mem type="survivor" free="0" total="1441792" percent="0" />
  </mem>
  <mem type="tenure" free="5760" total="4259840" percent="0" micro-fragmented="0" macro-fragmented="3047">
    <mem type="soa" free="5760" total="4259840" percent="0" />
    <mem type="loa" free="0" total="0" percent="0" />
  </mem>
  <remembered-set count="202" />
</mem-info>
<gc-op id="891" type="compact" timems="6.237" contextid="865" timestamp="2019-06-20T21:28:28.345">
  <compact-info movecount="23960" movebytes="1327408" reason="compact to aid heap contraction" />
</gc-op>
<gc-end id="892" type="global" contextid="865" durationms="11.598" usertimems="28.000" systemtimems="0.000" timestamp="2019-06-20T21:28:28.345" activeThreads="4">
  <mem-info id="893" free="3265872" total="10289152" percent="31">
    <mem type="nursery" free="3260112" total="6029312" percent="54">
      <mem type="allocate" free="3260112" total="4587520" percent="71" />
      <mem type="survivor" free="0" total="1441792" percent="0" />
    </mem>
    <mem type="tenure" free="5760" total="4259840" percent="0">
      <mem type="soa" free="5760" total="4259840" percent="0" />
      <mem type="loa" free="0" total="0" percent="0" />
    </mem>
    <remembered-set count="202" />
  </mem-info>
</gc-end>
<cycle-end id="894" type="global" contextid="865" timestamp="2019-06-20T21:28:28.345" />
  <attribute name="elasticGC enabled" value="1" />
  <attribute name= "numThreadsSpecified" value="4" />
  <attribute name="heapSize specified" value="10289152" />
  <attribute name="Current GC Util" value="111" />
  <attribute name= "Current Time Running" value="46537" />
  <attribute name ="GC Interval" value="1816" />
  <attribute name="ProportionalT" value="136.500000" />
  <attribute name="ProportionalI" value="136.500000" />
  <attribute name="ProportionalH" value="136.500000" />
  <attribute name="Current Error" value="91.000000" />
  <attribute name="IntegralT" value="546.000000" />
  <attribute name="IntegralI" value="546.000000" />
  <attribute name="IntegralH" value="546.000000" />
  <attribute name="DerivativeT" value="-4.000000" />
  <attribute name="DerivativeI" value="-4.000000" />
  <attribute name="DerivativeH" value="-4.000000" />
  <attribute name="Loop Time for DT" value="6.000000" />
  <attribute name="Output H" value="8388608"/>
  <attribute name="Output I" value="680"/>
  <attribute name="Output T" value="4"/>
  <attribute name="Target GC Util Change" value ="20.000000" />
  <attribute name="Current GC Util Change" value="111.000000"/>
  <attribute name="GC Util currently" value="111" />
  <attribute name="CPU Util currently" value="724763485943" />
<allocation-satisfied id="895" threadId="0000000001E06700" bytesRequested="32" />
<af-end id="896" timestamp="2019-06-20T21:28:28.345" threadId="0000000001E07088" success="true" from="nursery"/>
<exclusive-end id="897" timestamp="2019-06-20T21:28:28.346" durationms="12.447" />

<concurrent-kickoff id="898" timestamp="2019-06-20T21:28:28.353">
  <kickoff reason="threshold reached" targetBytes="1636852" thresholdFreeBytes="227972"  remainingFree="147120" tenureFreeBytes="5760" nurseryFreeBytes="147120" />
</concurrent-kickoff>
<exclusive-start id="899" timestamp="2019-06-20T21:28:28.353" intervalms="20.355">
  <response-info timems="0.028" idlems="0.028" threads="0" lastid="0000000001E06700" lastname="main" />
</exclusive-start>
<cycle-start id="900" type="global" contextid="0" timestamp="2019-06-20T21:28:28.354" intervalms="35.221" />
<exclusive-end id="901" timestamp="2019-06-20T21:28:28.354" durationms="0.241" />

<exclusive-start id="902" timestamp="2019-06-20T21:28:28.358" intervalms="4.647">
  <response-info timems="0.030" idlems="0.030" threads="0" lastid="0000000001E06700" lastname="main" />
</exclusive-start>
<af-start id="903" threadId="0000000001E07088" totalBytesRequested="16" timestamp="2019-06-20T21:28:28.358" intervalms="24.987" type="nursery" />
<percolate-collect id="904" from="nursery" to="global" reason="concurrent mark exhausted" timestamp="2019-06-20T21:28:28.358"/>
<gc-start id="905" type="global" contextid="900" timestamp="2019-06-20T21:28:28.358">
  <mem-info id="906" free="5592" total="10289152" percent="0">
    <mem type="nursery" free="0" total="6029312" percent="0">
      <mem type="allocate" free="0" total="4587520" percent="0" />
      <mem type="survivor" free="0" total="1441792" percent="0" />
    </mem>
    <mem type="tenure" free="5592" total="4259840" percent="0">
      <mem type="soa" free="5592" total="4259840" percent="0" />
      <mem type="loa" free="0" total="0" percent="0" />
    </mem>
    <remembered-set count="204" />
  </mem-info>
</gc-start>
<allocation-stats totalBytes="3259888" >
  <allocated-bytes non-tlh="200" tlh="3259688" />
  <largest-consumer threadName="main" threadId="0000000001E06700" bytes="3259888" />
</allocation-stats>
<concurrent-halted id="907" timestamp="2019-06-20T21:28:28.359">
  <halted state="Complete" status="exhausted" />
  <traced bytesTarget="1636852" bytesTotal="1967812" bytesByMutator="112564" bytesByHelper="1855248" percent="120" />
  <cards cleaned="2" thresholdBytes="89806" />
</concurrent-halted>
<gc-op id="908" type="rs-scan" timems="0.521" contextid="900" timestamp="2019-06-20T21:28:28.359">
  <scan objectsFound="181" bytesTraced="26796" workStackOverflowCount="0" />
</gc-op>
<gc-op id="909" type="card-cleaning" timems="0.412" contextid="900" timestamp="2019-06-20T21:28:28.360">
  <card-cleaning cardsCleaned="0" bytesTraced="123524" workStackOverflowCount="0" />
</gc-op>
<gc-op id="910" type="mark" timems="2.366" contextid="900" timestamp="2019-06-20T21:28:28.362">
  <trace-info objectcount="19181" scancount="17746" scanbytes="654196" />
  <finalization candidates="80" enqueued="0" />
  <ownableSynchronizers candidates="22" cleared="0" />
  <references type="soft" candidates="992" cleared="0" enqueued="0" dynamicThreshold="0" maxThreshold="32" />
  <references type="weak" candidates="4480" cleared="0" enqueued="0" />
  <references type="phantom" candidates="78" cleared="0" enqueued="0" />
  <stringconstants candidates="10908" cleared="0"  />
</gc-op>
<gc-op id="911" type="sweep" timems="0.684" contextid="900" timestamp="2019-06-20T21:28:28.363" />
<mem-info id="912" free="3391960" total="10289152" percent="32">
  <mem type="nursery" free="3386368" total="6029312" percent="56">
    <mem type="allocate" free="3386368" total="4587520" percent="73" />
    <mem type="survivor" free="0" total="1441792" percent="0" />
  </mem>
  <mem type="tenure" free="5592" total="4259840" percent="0" micro-fragmented="0" macro-fragmented="5266">
    <mem type="soa" free="5592" total="4259840" percent="0" />
    <mem type="loa" free="0" total="0" percent="0" />
  </mem>
  <remembered-set count="204" />
</mem-info>
<gc-op id="913" type="compact" timems="8.076" contextid="900" timestamp="2019-06-20T21:28:28.371">
  <compact-info movecount="39433" movebytes="1891048" reason="compact to aid heap contraction" />
</gc-op>
<gc-end id="914" type="global" contextid="900" durationms="13.412" usertimems="20.000" systemtimems="0.000" timestamp="2019-06-20T21:28:28.372" activeThreads="4">
  <mem-info id="915" free="3609816" total="10289152" percent="35">
    <mem type="nursery" free="3604208" total="6029312" percent="59">
      <mem type="allocate" free="3604208" total="4587520" percent="78" />
      <mem type="survivor" free="0" total="1441792" percent="0" />
    </mem>
    <mem type="tenure" free="5608" total="4259840" percent="0">
      <mem type="soa" free="5608" total="4259840" percent="0" />
      <mem type="loa" free="0" total="0" percent="0" />
    </mem>
    <remembered-set count="204" />
  </mem-info>
</gc-end>
<cycle-end id="916" type="global" contextid="900" timestamp="2019-06-20T21:28:28.372" />
  <attribute name="elasticGC enabled" value="1" />
  <attribute name= "numThreadsSpecified" value="4" />
  <attribute name="heapSize specified" value="10289152" />
  <attribute name="Current GC Util" value="106" />
  <attribute name= "Current Time Running" value="46564" />
  <attribute name ="GC Interval" value="1816" />
  <attribute name="ProportionalT" value="129.000000" />
  <attribute name="ProportionalI" value="129.000000" />
  <attribute name="ProportionalH" value="129.000000" />
  <attribute name="Current Error" value="86.000000" />
  <attribute name="IntegralT" value="688.000000" />
  <attribute name="IntegralI" value="688.000000" />
  <attribute name="IntegralH" value="688.000000" />
  <attribute name="DerivativeT" value="-6.187500" />
  <attribute name="DerivativeI" value="-6.187500" />
  <attribute name="DerivativeH" value="-6.187500" />
  <attribute name="Loop Time for DT" value="8.000000" />
  <attribute name="Output H" value="8388608"/>
  <attribute name="Output I" value="816"/>
  <attribute name="Output T" value="4"/>
  <attribute name="Target GC Util Change" value ="20.000000" />
  <attribute name="Current GC Util Change" value="106.000000"/>
  <attribute name="GC Util currently" value="106" />
  <attribute name="CPU Util currently" value="559388289957" />
<allocation-satisfied id="917" threadId="0000000001E06700" bytesRequested="16" />
<af-end id="918" timestamp="2019-06-20T21:28:28.372" threadId="0000000001E07088" success="true" from="nursery"/>
<exclusive-end id="919" timestamp="2019-06-20T21:28:28.372" durationms="14.302" />

<concurrent-kickoff id="920" timestamp="2019-06-20T21:28:28.419">
  <kickoff reason="threshold reached" targetBytes="1701704" thresholdFreeBytes="236890"  remainingFree="160152" tenureFreeBytes="1752" nurseryFreeBytes="160152" />
</concurrent-kickoff>
<exclusive-start id="921" timestamp="2019-06-20T21:28:28.419" intervalms="61.032">
  <response-info timems="0.063" idlems="0.063" threads="0" lastid="0000000001E06700" lastname="main" />
</exclusive-start>
<cycle-start id="922" type="global" contextid="0" timestamp="2019-06-20T21:28:28.419" intervalms="65.682" />
<exclusive-end id="923" timestamp="2019-06-20T21:28:28.419" durationms="0.228" />

<exclusive-start id="924" timestamp="2019-06-20T21:28:28.420" intervalms="1.021">
  <response-info timems="0.020" idlems="0.020" threads="0" lastid="0000000001E06700" lastname="main" />
</exclusive-start>
<af-start id="925" threadId="0000000001E07088" totalBytesRequested="32" timestamp="2019-06-20T21:28:28.420" intervalms="62.033" type="nursery" />
<cycle-start id="926" type="scavenge" contextid="0" timestamp="2019-06-20T21:28:28.420" intervalms="100.839" />
<gc-start id="927" type="scavenge" contextid="926" timestamp="2019-06-20T21:28:28.420">
  <mem-info id="928" free="1752" total="10289152" percent="0">
    <mem type="nursery" free="0" total="6029312" percent="0">
      <mem type="allocate" free="0" total="4587520" percent="0" />
      <mem type="survivor" free="0" total="1441792" percent="0" />
    </mem>
    <mem type="tenure" free="1752" total="4259840" percent="0">
      <mem type="soa" free="1752" total="4259840" percent="0" />
      <mem type="loa" free="0" total="0" percent="0" />
    </mem>
    <remembered-set count="282" />
  </mem-info>
</gc-start>
<allocation-stats totalBytes="3607560" >
  <allocated-bytes non-tlh="203880" tlh="3403680" />
  <largest-consumer threadName="main" threadId="0000000001E06700" bytes="3607560" />
</allocation-stats>
<gc-op id="929" type="scavenge" timems="1.592" contextid="926" timestamp="2019-06-20T21:28:28.422">
  <scavenger-info tenureage="3" tenuremask="7848" tiltratio="76" />
  <memory-copied type="nursery" objects="10654" bytes="700792" bytesdiscarded="135984" />
  <memory-copied type="tenure" objects="44" bytes="1720" bytesdiscarded="8" />
  <copy-failed type="tenure" objects="7159" bytes="299168" />
  <ownableSynchronizers candidates="44" cleared="44" />
  <references type="soft" candidates="90" cleared="10" enqueued="6" dynamicThreshold="0" maxThreshold="32" />
  <references type="weak" candidates="189" cleared="1" enqueued="1" />
  <references type="phantom" candidates="2" cleared="1" enqueued="1" />
</gc-op>
<gc-end id="930" type="scavenge" contextid="926" durationms="2.057" usertimems="4.000" systemtimems="0.000" timestamp="2019-06-20T21:28:28.423" activeThreads="4">
  <mem-info id="931" free="3816112" total="10289152" percent="37">
    <mem type="nursery" free="3816112" total="6029312" percent="63">
      <mem type="allocate" free="3816112" total="4653056" percent="82" />
      <mem type="survivor" free="0" total="1376256" percent="0" />
    </mem>
    <mem type="tenure" free="0" total="4259840" percent="0" macro-fragmented="0">
      <mem type="soa" free="0" total="4259840" percent="0" />
      <mem type="loa" free="0" total="0" percent="0" />
    </mem>
    <pending-finalizers system="0" default="0" reference="8" classloader="0" />
    <remembered-set count="290" />
  </mem-info>
</gc-end>
<cycle-end id="932" type="scavenge" contextid="926" timestamp="2019-06-20T21:28:28.423" />
  <attribute name="elasticGC enabled" value="1" />
  <attribute name= "numThreadsSpecified" value="4" />
  <attribute name="heapSize specified" value="10289152" />
  <attribute name="Current GC Util" value="36" />
  <attribute name= "Current Time Running" value="46613" />
  <attribute name ="GC Interval" value="808" />
  <attribute name="ProportionalT" value="24.000000" />
  <attribute name="ProportionalI" value="24.000000" />
  <attribute name="ProportionalH" value="24.000000" />
  <attribute name="Current Error" value="16.000000" />
  <attribute name="IntegralT" value="784.000000" />
  <attribute name="IntegralI" value="784.000000" />
  <attribute name="IntegralH" value="784.000000" />
  <attribute name="DerivativeT" value="-2.142857" />
  <attribute name="DerivativeI" value="-2.142857" />
  <attribute name="DerivativeH" value="-2.142857" />
  <attribute name="Loop Time for DT" value="49.000000" />
  <attribute name="Output H" value="8388608"/>
  <attribute name="Output I" value="808"/>
  <attribute name="Output T" value="4"/>
  <attribute name="Target GC Util Change" value ="20.000000" />
  <attribute name="Current GC Util Change" value="36.000000"/>
  <attribute name="GC Util currently" value="36" />
  <attribute name="CPU Util currently" value="94032595644" />
<allocation-satisfied id="933" threadId="0000000001E06700" bytesRequested="32" />
<af-end id="934" timestamp="2019-06-20T21:28:28.423" threadId="0000000001E07088" success="true" from="nursery"/>
<exclusive-end id="935" timestamp="2019-06-20T21:28:28.423" durationms="2.943" />

<exclusive-start id="936" timestamp="2019-06-20T21:28:28.429" intervalms="9.274">
  <response-info timems="0.054" idlems="0.054" threads="0" lastid="0000000001E06700" lastname="main" />
</exclusive-start>
<af-start id="937" threadId="0000000001E07088" totalBytesRequested="88" timestamp="2019-06-20T21:28:28.430" intervalms="9.276" type="tenure" />
<gc-start id="938" type="global" contextid="922" timestamp="2019-06-20T21:28:28.430">
  <mem-info id="939" free="1882768" total="10289152" percent="18">
    <mem type="nursery" free="1882768" total="6029312" percent="31">
      <mem type="allocate" free="1882768" total="4653056" percent="40" />
      <mem type="survivor" free="0" total="1376256" percent="0" />
    </mem>
    <mem type="tenure" free="0" total="4259840" percent="0">
      <mem type="soa" free="0" total="4259840" percent="0" />
      <mem type="loa" free="0" total="0" percent="0" />
    </mem>
    <remembered-set count="293" />
  </mem-info>
</gc-start>
<allocation-stats totalBytes="1933112" >
  <allocated-bytes non-tlh="32" tlh="1933080" />
  <largest-consumer threadName="main" threadId="0000000001E06700" bytes="1933112" />
</allocation-stats>
<concurrent-halted id="940" timestamp="2019-06-20T21:28:28.430">
  <halted state="Complete" status="trace only" />
  <traced bytesTarget="1701704" bytesTotal="1954552" bytesByMutator="295352" bytesByHelper="1659200" percent="114" />
  <cards cleaned="0" thresholdBytes="93320" />
</concurrent-halted>
<gc-op id="941" type="rs-scan" timems="0.539" contextid="922" timestamp="2019-06-20T21:28:28.430">
  <scan objectsFound="237" bytesTraced="33108" workStackOverflowCount="0" />
</gc-op>
<gc-op id="942" type="card-cleaning" timems="0.799" contextid="922" timestamp="2019-06-20T21:28:28.431">
  <card-cleaning cardsCleaned="10" bytesTraced="141348" workStackOverflowCount="0" />
</gc-op>
<gc-op id="943" type="mark" timems="1.769" contextid="922" timestamp="2019-06-20T21:28:28.433">
  <trace-info objectcount="8635" scancount="7558" scanbytes="273220" />
  <finalization candidates="80" enqueued="0" />
  <ownableSynchronizers candidates="22" cleared="0" />
  <references type="soft" candidates="999" cleared="0" enqueued="0" dynamicThreshold="0" maxThreshold="32" />
  <references type="weak" candidates="4483" cleared="1" enqueued="1" />
  <references type="phantom" candidates="80" cleared="1" enqueued="1" />
  <stringconstants candidates="10976" cleared="0"  />
</gc-op>
<gc-op id="944" type="sweep" timems="0.687" contextid="922" timestamp="2019-06-20T21:28:28.434" />
<mem-info id="945" free="3851784" total="10289152" percent="37">
  <mem type="nursery" free="3851784" total="6029312" percent="63">
    <mem type="allocate" free="3851784" total="4653056" percent="82" />
    <mem type="survivor" free="0" total="1376256" percent="0" />
  </mem>
  <mem type="tenure" free="0" total="4259840" percent="0" micro-fragmented="0" macro-fragmented="0">
    <mem type="soa" free="0" total="4259840" percent="0" />
    <mem type="loa" free="0" total="0" percent="0" />
  </mem>
  <pending-finalizers system="0" default="0" reference="2" classloader="0" />
  <remembered-set count="286" />
</mem-info>
<gc-op id="946" type="compact" timems="14.885" contextid="922" timestamp="2019-06-20T21:28:28.449">
  <compact-info movecount="70754" movebytes="4235864" reason="compact to aid heap contraction" />
</gc-op>
<gc-end id="947" type="global" contextid="922" durationms="20.149" usertimems="28.000" systemtimems="0.000" timestamp="2019-06-20T21:28:28.450" activeThreads="4">
  <mem-info id="948" free="3883024" total="10289152" percent="37">
    <mem type="nursery" free="3883024" total="6029312" percent="64">
      <mem type="allocate" free="3883024" total="4653056" percent="83" />
      <mem type="survivor" free="0" total="1376256" percent="0" />
    </mem>
    <mem type="tenure" free="0" total="4259840" percent="0">
      <mem type="soa" free="0" total="4259840" percent="0" />
      <mem type="loa" free="0" total="0" percent="0" />
    </mem>
    <pending-finalizers system="0" default="0" reference="2" classloader="0" />
    <remembered-set count="286" />
  </mem-info>
</gc-end>
<cycle-end id="949" type="global" contextid="922" timestamp="2019-06-20T21:28:28.450" />
  <attribute name="elasticGC enabled" value="1" />
  <attribute name= "numThreadsSpecified" value="4" />
  <attribute name="heapSize specified" value="10289152" />
  <attribute name="Current GC Util" value="63" />
  <attribute name= "Current Time Running" value="46642" />
  <attribute name ="GC Interval" value="808" />
  <attribute name="ProportionalT" value="64.500000" />
  <attribute name="ProportionalI" value="64.500000" />
  <attribute name="ProportionalH" value="64.500000" />
  <attribute name="Current Error" value="43.000000" />
  <attribute name="IntegralT" value="645.000000" />
  <attribute name="IntegralI" value="645.000000" />
  <attribute name="IntegralH" value="645.000000" />
  <attribute name="DerivativeT" value="-4.600000" />
  <attribute name="DerivativeI" value="-4.600000" />
  <attribute name="DerivativeH" value="-4.600000" />
  <attribute name="Loop Time for DT" value="15.000000" />
  <attribute name="Output H" value="8388608"/>
  <attribute name="Output I" value="704"/>
  <attribute name="Output T" value="4"/>
  <attribute name="Target GC Util Change" value ="20.000000" />
  <attribute name="Current GC Util Change" value="63.000000"/>
  <attribute name="GC Util currently" value="63" />
  <attribute name="CPU Util currently" value="306540845478" />
<cycle-start id="950" type="global" contextid="0" timestamp="2019-06-20T21:28:28.450" intervalms="30.862" />
<gc-start id="951" type="global" contextid="950" timestamp="2019-06-20T21:28:28.450">
  <mem-info id="952" free="3883024" total="10289152" percent="37">
    <mem type="nursery" free="3883024" total="6029312" percent="64">
      <mem type="allocate" free="3883024" total="4653056" percent="83" />
      <mem type="survivor" free="0" total="1376256" percent="0" />
    </mem>
    <mem type="tenure" free="0" total="4259840" percent="0">
      <mem type="soa" free="0" total="4259840" percent="0" />
      <mem type="loa" free="0" total="0" percent="0" />
    </mem>
    <pending-finalizers system="0" default="0" reference="2" classloader="0" />
    <remembered-set count="286" />
  </mem-info>
</gc-start>
<allocation-stats totalBytes="0" >
  <allocated-bytes non-tlh="0" tlh="0" />
</allocation-stats>
<gc-op id="953" type="mark" timems="5.796" contextid="950" timestamp="2019-06-20T21:28:28.456">
  <trace-info objectcount="86662" scancount="70507" scanbytes="2364596" />
  <finalization candidates="80" enqueued="0" />
  <ownableSynchronizers candidates="22" cleared="0" />
  <references type="soft" candidates="999" cleared="0" enqueued="0" dynamicThreshold="0" maxThreshold="32" />
  <references type="weak" candidates="4482" cleared="0" enqueued="0" />
  <references type="phantom" candidates="79" cleared="0" enqueued="0" />
  <stringconstants candidates="10976" cleared="0"  />
</gc-op>
<gc-op id="954" type="classunload" timems="0.004" contextid="950" timestamp="2019-06-20T21:28:28.456">
  <classunload-info classloadercandidates="20" classloadersunloaded="0" classesunloaded="0" anonymousclassesunloaded="0" quiescems="0.000" setupms="0.003" scanms="0.001" postms="0.000" />
</gc-op>
<gc-op id="955" type="sweep" timems="1.320" contextid="950" timestamp="2019-06-20T21:28:28.458" />
<mem-info id="956" free="3883024" total="10289152" percent="37">
  <mem type="nursery" free="3883024" total="6029312" percent="64">
    <mem type="allocate" free="3883024" total="4653056" percent="83" />
    <mem type="survivor" free="0" total="1376256" percent="0" />
  </mem>
  <mem type="tenure" free="0" total="4259840" percent="0" micro-fragmented="0" macro-fragmented="0">
    <mem type="soa" free="0" total="4259840" percent="0" />
    <mem type="loa" free="0" total="0" percent="0" />
  </mem>
  <pending-finalizers system="0" default="0" reference="2" classloader="0" />
  <remembered-set count="286" />
</mem-info>
<gc-op id="957" type="compact" timems="7.274" contextid="950" timestamp="2019-06-20T21:28:28.465">
  <compact-info movecount="0" movebytes="0" reason="compact to aid heap contraction" />
</gc-op>
<gc-end id="958" type="global" contextid="950" durationms="15.822" usertimems="24.000" systemtimems="0.000" timestamp="2019-06-20T21:28:28.466" activeThreads="4">
  <mem-info id="959" free="3883024" total="10289152" percent="37">
    <mem type="nursery" free="3883024" total="6029312" percent="64">
      <mem type="allocate" free="3883024" total="4653056" percent="83" />
      <mem type="survivor" free="0" total="1376256" percent="0" />
    </mem>
    <mem type="tenure" free="0" total="4259840" percent="0">
      <mem type="soa" free="0" total="4259840" percent="0" />
      <mem type="loa" free="0" total="0" percent="0" />
    </mem>
    <pending-finalizers system="0" default="0" reference="2" classloader="0" />
    <remembered-set count="286" />
  </mem-info>
</gc-end>
<cycle-end id="960" type="global" contextid="950" timestamp="2019-06-20T21:28:28.466" />
  <attribute name="elasticGC enabled" value="1" />
  <attribute name= "numThreadsSpecified" value="4" />
  <attribute name="heapSize specified" value="10289152" />
  <attribute name="Current GC Util" value="75" />
  <attribute name= "Current Time Running" value="46658" />
  <attribute name ="GC Interval" value="808" />
  <attribute name="ProportionalT" value="82.500000" />
  <attribute name="ProportionalI" value="82.500000" />
  <attribute name="ProportionalH" value="82.500000" />
  <attribute name="Current Error" value="55.000000" />
  <attribute name="IntegralT" value="385.000000" />
  <attribute name="IntegralI" value="385.000000" />
  <attribute name="IntegralH" value="385.000000" />
  <attribute name="DerivativeT" value="-5.142857" />
  <attribute name="DerivativeI" value="-5.142857" />
  <attribute name="DerivativeH" value="-5.142857" />
  <attribute name="Loop Time for DT" value="7.000000" />
  <attribute name="Output H" value="8388608"/>
  <attribute name="Output I" value="464"/>
  <attribute name="Output T" value="4"/>
  <attribute name="Target GC Util Change" value ="20.000000" />
  <attribute name="Current GC Util Change" value="75.000000"/>
  <attribute name="GC Util currently" value="75" />
  <attribute name="CPU Util currently" value="622844779672" />
<allocation-unsatisfied id="961" threadId="0000000001E06700" bytesRequested="88" />
<af-end id="962" timestamp="2019-06-20T21:28:28.466" threadId="0000000001E07088" success="false" />
<exclusive-end id="963" timestamp="2019-06-20T21:28:28.467" durationms="37.191" />

<exclusive-start id="964" timestamp="2019-06-20T21:28:47.808" intervalms="19378.316">
  <response-info timems="28.902" idlems="14.477" threads="1" lastid="0000000001E06700" lastname="main" />
</exclusive-start>
<af-start id="965" threadId="0000000001F73E88" totalBytesRequested="16" timestamp="2019-06-20T21:28:47.816" intervalms="19386.894" type="tenure" />
<cycle-start id="966" type="global" contextid="0" timestamp="2019-06-20T21:28:47.817" intervalms="19366.819" />
<gc-start id="967" type="global" contextid="966" timestamp="2019-06-20T21:28:47.817">
  <mem-info id="968" free="3850256" total="10289152" percent="37">
    <mem type="nursery" free="3850256" total="6029312" percent="63">
      <mem type="allocate" free="3850256" total="4653056" percent="82" />
      <mem type="survivor" free="0" total="1376256" percent="0" />
    </mem>
    <mem type="tenure" free="0" total="4259840" percent="0">
      <mem type="soa" free="0" total="4259840" percent="0" />
      <mem type="loa" free="0" total="0" percent="0" />
    </mem>
    <remembered-set count="286" />
  </mem-info>
</gc-start>
<allocation-stats totalBytes="32768" >
  <allocated-bytes non-tlh="0" tlh="32768" />
</allocation-stats>
<gc-op id="969" type="mark" timems="14.586" contextid="966" timestamp="2019-06-20T21:28:47.833">
  <trace-info objectcount="86661" scancount="70649" scanbytes="2364572" />
  <finalization candidates="80" enqueued="0" />
  <ownableSynchronizers candidates="22" cleared="0" />
  <references type="soft" candidates="999" cleared="0" enqueued="0" dynamicThreshold="0" maxThreshold="32" />
  <references type="weak" candidates="4482" cleared="0" enqueued="0" />
  <references type="phantom" candidates="79" cleared="0" enqueued="0" />
  <stringconstants candidates="10976" cleared="0"  />
</gc-op>
<gc-op id="970" type="sweep" timems="2.069" contextid="966" timestamp="2019-06-20T21:28:47.835" />
<mem-info id="971" free="3881936" total="10289152" percent="37">
  <mem type="nursery" free="3881936" total="6029312" percent="64">
    <mem type="allocate" free="3881936" total="4653056" percent="83" />
    <mem type="survivor" free="0" total="1376256" percent="0" />
  </mem>
  <mem type="tenure" free="0" total="4259840" percent="0" micro-fragmented="0" macro-fragmented="0">
    <mem type="soa" free="0" total="4259840" percent="0" />
    <mem type="loa" free="0" total="0" percent="0" />
  </mem>
  <remembered-set count="286" />
</mem-info>
<gc-op id="972" type="compact" timems="18.002" contextid="966" timestamp="2019-06-20T21:28:47.854">
  <compact-info movecount="10653" movebytes="702176" reason="compact to aid heap contraction" />
</gc-op>
<gc-end id="973" type="global" contextid="966" durationms="37.354" usertimems="64.000" systemtimems="0.000" timestamp="2019-06-20T21:28:47.855" activeThreads="4">
  <mem-info id="974" free="3882344" total="10289152" percent="37">
    <mem type="nursery" free="3882344" total="6029312" percent="64">
      <mem type="allocate" free="3882344" total="4653056" percent="83" />
      <mem type="survivor" free="0" total="1376256" percent="0" />
    </mem>
    <mem type="tenure" free="0" total="4259840" percent="0">
      <mem type="soa" free="0" total="4259840" percent="0" />
      <mem type="loa" free="0" total="0" percent="0" />
    </mem>
    <remembered-set count="286" />
  </mem-info>
</gc-end>
<cycle-end id="975" type="global" contextid="966" timestamp="2019-06-20T21:28:47.855" />
  <attribute name="elasticGC enabled" value="1" />
  <attribute name= "numThreadsSpecified" value="4" />
  <attribute name="heapSize specified" value="10289152" />
  <attribute name="Current GC Util" value="138" />
  <attribute name= "Current Time Running" value="66047" />
  <attribute name ="GC Interval" value="808" />
  <attribute name="ProportionalT" value="177.000000" />
  <attribute name="ProportionalI" value="177.000000" />
  <attribute name="ProportionalH" value="177.000000" />
  <attribute name="Current Error" value="118.000000" />
  <attribute name="IntegralT" value="2124.000000" />
  <attribute name="IntegralI" value="2124.000000" />
  <attribute name="IntegralH" value="2124.000000" />
  <attribute name="DerivativeT" value="6.583333" />
  <attribute name="DerivativeI" value="6.583333" />
  <attribute name="DerivativeH" value="6.583333" />
  <attribute name="Loop Time for DT" value="18.000000" />
  <attribute name="Output H" value="8388608"/>
  <attribute name="Output I" value="2312"/>
  <attribute name="Output T" value="4"/>
  <attribute name="Target GC Util Change" value ="20.000000" />
  <attribute name="Current GC Util Change" value="138.000000"/>
  <attribute name="GC Util currently" value="138" />
  <attribute name="CPU Util currently" value="252854303859" />
<cycle-start id="976" type="global" contextid="0" timestamp="2019-06-20T21:28:47.855" intervalms="38.446" />
<gc-start id="977" type="global" contextid="976" timestamp="2019-06-20T21:28:47.856">
  <mem-info id="978" free="3882344" total="10289152" percent="37">
    <mem type="nursery" free="3882344" total="6029312" percent="64">
      <mem type="allocate" free="3882344" total="4653056" percent="83" />
      <mem type="survivor" free="0" total="1376256" percent="0" />
    </mem>
    <mem type="tenure" free="0" total="4259840" percent="0">
      <mem type="soa" free="0" total="4259840" percent="0" />
      <mem type="loa" free="0" total="0" percent="0" />
    </mem>
    <remembered-set count="286" />
  </mem-info>
</gc-start>
<allocation-stats totalBytes="0" >
  <allocated-bytes non-tlh="0" tlh="0" />
</allocation-stats>
<gc-op id="979" type="mark" timems="9.425" contextid="976" timestamp="2019-06-20T21:28:47.865">
  <trace-info objectcount="86661" scancount="70522" scanbytes="2364572" />
  <finalization candidates="80" enqueued="0" />
  <ownableSynchronizers candidates="22" cleared="0" />
  <references type="soft" candidates="999" cleared="0" enqueued="0" dynamicThreshold="0" maxThreshold="32" />
  <references type="weak" candidates="4482" cleared="0" enqueued="0" />
  <references type="phantom" candidates="79" cleared="0" enqueued="0" />
  <stringconstants candidates="10976" cleared="0"  />
</gc-op>
<gc-op id="980" type="classunload" timems="0.005" contextid="976" timestamp="2019-06-20T21:28:47.866">
  <classunload-info classloadercandidates="20" classloadersunloaded="0" classesunloaded="0" anonymousclassesunloaded="0" quiescems="0.000" setupms="0.004" scanms="0.001" postms="0.000" />
</gc-op>
<gc-op id="981" type="sweep" timems="0.670" contextid="976" timestamp="2019-06-20T21:28:47.866" />
<mem-info id="982" free="3882344" total="10289152" percent="37">
  <mem type="nursery" free="3882344" total="6029312" percent="64">
    <mem type="allocate" free="3882344" total="4653056" percent="83" />
    <mem type="survivor" free="0" total="1376256" percent="0" />
  </mem>
  <mem type="tenure" free="0" total="4259840" percent="0" micro-fragmented="0" macro-fragmented="0">
    <mem type="soa" free="0" total="4259840" percent="0" />
    <mem type="loa" free="0" total="0" percent="0" />
  </mem>
  <remembered-set count="286" />
</mem-info>
<gc-op id="983" type="compact" timems="8.707" contextid="976" timestamp="2019-06-20T21:28:47.875">
  <compact-info movecount="0" movebytes="0" reason="compact to aid heap contraction" />
</gc-op>
<gc-end id="984" type="global" contextid="976" durationms="20.162" usertimems="28.000" systemtimems="0.000" timestamp="2019-06-20T21:28:47.876" activeThreads="4">
  <mem-info id="985" free="3882344" total="10289152" percent="37">
    <mem type="nursery" free="3882344" total="6029312" percent="64">
      <mem type="allocate" free="3882344" total="4653056" percent="83" />
      <mem type="survivor" free="0" total="1376256" percent="0" />
    </mem>
    <mem type="tenure" free="0" total="4259840" percent="0">
      <mem type="soa" free="0" total="4259840" percent="0" />
      <mem type="loa" free="0" total="0" percent="0" />
    </mem>
    <remembered-set count="286" />
  </mem-info>
</gc-end>
<cycle-end id="986" type="global" contextid="976" timestamp="2019-06-20T21:28:47.876" />
  <attribute name="elasticGC enabled" value="1" />
  <attribute name= "numThreadsSpecified" value="4" />
  <attribute name="heapSize specified" value="10289152" />
  <attribute name="Current GC Util" value="40" />
  <attribute name= "Current Time Running" value="66068" />
  <attribute name ="GC Interval" value="808" />
  <attribute name="ProportionalT" value="30.000000" />
  <attribute name="ProportionalI" value="30.000000" />
  <attribute name="ProportionalH" value="30.000000" />
  <attribute name="Current Error" value="20.000000" />
  <attribute name="IntegralT" value="180.000000" />
  <attribute name="IntegralI" value="180.000000" />
  <attribute name="IntegralH" value="180.000000" />
  <attribute name="DerivativeT" value="0.833333" />
  <attribute name="DerivativeI" value="0.833333" />
  <attribute name="DerivativeH" value="0.833333" />
  <attribute name="Loop Time for DT" value="9.000000" />
  <attribute name="Output H" value="8388608"/>
  <attribute name="Output I" value="216"/>
  <attribute name="Output T" value="4"/>
  <attribute name="Target GC Util Change" value ="20.000000" />
  <attribute name="Current GC Util Change" value="40.000000"/>
  <attribute name="GC Util currently" value="40" />
  <attribute name="CPU Util currently" value="521906337363" />
<allocation-unsatisfied id="987" threadId="0000000001F73500" bytesRequested="16" />
<af-end id="988" timestamp="2019-06-20T21:28:47.876" threadId="0000000001F73E88" success="false" />
<exclusive-end id="989" timestamp="2019-06-20T21:28:47.876" durationms="68.511" />

<exclusive-start id="990" timestamp="2019-06-20T21:28:48.000" intervalms="192.261">
  <response-info timems="0.001" idlems="0.001" threads="0" lastid="0000000001E06700" lastname="main" />
</exclusive-start>
<af-start id="991" threadId="0000000001E07088" totalBytesRequested="88" timestamp="2019-06-20T21:28:48.001" intervalms="184.152" type="tenure" />
<cycle-start id="992" type="global" contextid="0" timestamp="2019-06-20T21:28:48.001" intervalms="145.829" />
<gc-start id="993" type="global" contextid="992" timestamp="2019-06-20T21:28:48.002">
  <mem-info id="994" free="3865960" total="10289152" percent="37">
    <mem type="nursery" free="3865960" total="6029312" percent="64">
      <mem type="allocate" free="3865960" total="4653056" percent="83" />
      <mem type="survivor" free="0" total="1376256" percent="0" />
    </mem>
    <mem type="tenure" free="0" total="4259840" percent="0">
      <mem type="soa" free="0" total="4259840" percent="0" />
      <mem type="loa" free="0" total="0" percent="0" />
    </mem>
    <remembered-set count="287" />
  </mem-info>
</gc-start>
<allocation-stats totalBytes="16384" >
  <allocated-bytes non-tlh="0" tlh="16384" />
</allocation-stats>
<gc-op id="995" type="mark" timems="11.194" contextid="992" timestamp="2019-06-20T21:28:48.014">
  <trace-info objectcount="81649" scancount="66093" scanbytes="2165768" />
  <finalization candidates="80" enqueued="0" />
  <ownableSynchronizers candidates="22" cleared="0" />
  <references type="soft" candidates="999" cleared="43" enqueued="42" dynamicThreshold="0" maxThreshold="32" />
  <references type="weak" candidates="4483" cleared="1" enqueued="1" />
  <references type="phantom" candidates="79" cleared="0" enqueued="0" />
  <stringconstants candidates="10976" cleared="17"  />
</gc-op>
<gc-op id="996" type="sweep" timems="1.381" contextid="992" timestamp="2019-06-20T21:28:48.016" />
<mem-info id="997" free="4100008" total="10289152" percent="39">
  <mem type="nursery" free="4100008" total="6029312" percent="68">
    <mem type="allocate" free="4100008" total="4653056" percent="88" />
    <mem type="survivor" free="0" total="1376256" percent="0" />
  </mem>
  <mem type="tenure" free="0" total="4259840" percent="0" micro-fragmented="0" macro-fragmented="0">
    <mem type="soa" free="0" total="4259840" percent="0" />
    <mem type="loa" free="0" total="0" percent="0" />
  </mem>
  <pending-finalizers system="0" default="0" reference="43" classloader="0" />
  <remembered-set count="280" />
</mem-info>
<gc-op id="998" type="compact" timems="19.300" contextid="992" timestamp="2019-06-20T21:28:48.036">
  <compact-info movecount="7792" movebytes="549360" reason="compact to aid heap contraction" />
</gc-op>
<gc-end id="999" type="global" contextid="992" durationms="35.076" usertimems="64.000" systemtimems="0.000" timestamp="2019-06-20T21:28:48.037" activeThreads="4">
  <mem-info id="1000" free="4116528" total="10289152" percent="40">
    <mem type="nursery" free="4114720" total="6029312" percent="68">
      <mem type="allocate" free="4114720" total="4653056" percent="88" />
      <mem type="survivor" free="0" total="1376256" percent="0" />
    </mem>
    <mem type="tenure" free="1808" total="4259840" percent="0">
      <mem type="soa" free="1808" total="4259840" percent="0" />
      <mem type="loa" free="0" total="0" percent="0" />
    </mem>
    <pending-finalizers system="0" default="0" reference="43" classloader="0" />
    <remembered-set count="280" />
  </mem-info>
</gc-end>
<cycle-end id="1001" type="global" contextid="992" timestamp="2019-06-20T21:28:48.037" />
  <attribute name="elasticGC enabled" value="1" />
  <attribute name= "numThreadsSpecified" value="4" />
  <attribute name="heapSize specified" value="10289152" />
  <attribute name="Current GC Util" value="78" />
  <attribute name= "Current Time Running" value="66229" />
  <attribute name ="GC Interval" value="808" />
  <attribute name="ProportionalT" value="87.000000" />
  <attribute name="ProportionalI" value="87.000000" />
  <attribute name="ProportionalH" value="87.000000" />
  <attribute name="Current Error" value="58.000000" />
  <attribute name="IntegralT" value="1160.000000" />
  <attribute name="IntegralI" value="1160.000000" />
  <attribute name="IntegralH" value="1160.000000" />
  <attribute name="DerivativeT" value="4.275000" />
  <attribute name="DerivativeI" value="4.275000" />
  <attribute name="DerivativeH" value="4.275000" />
  <attribute name="Loop Time for DT" value="20.000000" />
  <attribute name="Output H" value="8388608"/>
  <attribute name="Output I" value="1256"/>
  <attribute name="Output T" value="4"/>
  <attribute name="Target GC Util Change" value ="20.000000" />
  <attribute name="Current GC Util Change" value="78.000000"/>
  <attribute name="GC Util currently" value="78" />
  <attribute name="CPU Util currently" value="234335221913" />
<allocation-satisfied id="1002" threadId="0000000001E06700" bytesRequested="88" />
<af-end id="1003" timestamp="2019-06-20T21:28:48.038" threadId="0000000001E07088" success="true" from="tenure-soa"/>
<exclusive-end id="1004" timestamp="2019-06-20T21:28:48.038" durationms="38.349" />

<exclusive-start id="1005" timestamp="2019-06-20T21:28:48.157" intervalms="156.697">
  <response-info timems="0.230" idlems="0.230" threads="0" lastid="0000000001E06700" lastname="main" />
</exclusive-start>
<af-start id="1006" threadId="0000000001E07088" totalBytesRequested="88" timestamp="2019-06-20T21:28:48.157" intervalms="156.606" type="tenure" />
<cycle-start id="1007" type="global" contextid="0" timestamp="2019-06-20T21:28:48.158" intervalms="156.460" />
<gc-start id="1008" type="global" contextid="1007" timestamp="2019-06-20T21:28:48.158">
  <mem-info id="1009" free="4077848" total="10289152" percent="39">
    <mem type="nursery" free="4077848" total="6029312" percent="67">
      <mem type="allocate" free="4077848" total="4653056" percent="87" />
      <mem type="survivor" free="0" total="1376256" percent="0" />
    </mem>
    <mem type="tenure" free="0" total="4259840" percent="0">
      <mem type="soa" free="0" total="4259840" percent="0" />
      <mem type="loa" free="0" total="0" percent="0" />
    </mem>
    <remembered-set count="299" />
  </mem-info>
</gc-start>
<allocation-stats totalBytes="37888" >
  <allocated-bytes non-tlh="9352" tlh="28536" />
  <largest-consumer threadName="main" threadId="0000000001E06700" bytes="33792" />
</allocation-stats>
<gc-op id="1010" type="mark" timems="10.459" contextid="1007" timestamp="2019-06-20T21:28:48.169">
  <trace-info objectcount="81410" scancount="65892" scanbytes="2161476" />
  <finalization candidates="81" enqueued="0" />
  <ownableSynchronizers candidates="22" cleared="0" />
  <references type="soft" candidates="959" cleared="3" enqueued="2" dynamicThreshold="0" maxThreshold="32" />
  <references type="weak" candidates="4486" cleared="4" enqueued="4" />
  <references type="phantom" candidates="80" cleared="1" enqueued="1" />
  <stringconstants candidates="10967" cleared="39"  />
</gc-op>
<gc-op id="1011" type="sweep" timems="1.366" contextid="1007" timestamp="2019-06-20T21:28:48.171" />
<mem-info id="1012" free="4340000" total="10289152" percent="42">
  <mem type="nursery" free="4339088" total="6029312" percent="71">
    <mem type="allocate" free="4339088" total="4653056" percent="93" />
    <mem type="survivor" free="0" total="1376256" percent="0" />
  </mem>
  <mem type="tenure" free="912" total="4259840" percent="0" micro-fragmented="4099" macro-fragmented="850">
    <mem type="soa" free="912" total="4259840" percent="0" />
    <mem type="loa" free="0" total="0" percent="0" />
  </mem>
  <pending-finalizers system="0" default="0" reference="7" classloader="0" />
  <remembered-set count="290" />
</mem-info>
<gc-op id="1013" type="compact" timems="25.422" contextid="1007" timestamp="2019-06-20T21:28:48.197">
  <compact-info movecount="36437" movebytes="2000024" reason="compact to aid heap contraction" />
</gc-op>
<gc-end id="1014" type="global" contextid="1007" durationms="39.942" usertimems="68.000" systemtimems="0.000" timestamp="2019-06-20T21:28:48.198" activeThreads="4">
  <mem-info id="1015" free="4347280" total="10289152" percent="42">
    <mem type="nursery" free="4344256" total="6029312" percent="72">
      <mem type="allocate" free="4344256" total="4653056" percent="93" />
      <mem type="survivor" free="0" total="1376256" percent="0" />
    </mem>
    <mem type="tenure" free="3024" total="4259840" percent="0">
      <mem type="soa" free="3024" total="4259840" percent="0" />
      <mem type="loa" free="0" total="0" percent="0" />
    </mem>
    <pending-finalizers system="0" default="0" reference="7" classloader="0" />
    <remembered-set count="290" />
  </mem-info>
</gc-end>
<cycle-end id="1016" type="global" contextid="1007" timestamp="2019-06-20T21:28:48.198" />
  <attribute name="elasticGC enabled" value="1" />
  <attribute name= "numThreadsSpecified" value="4" />
  <attribute name="heapSize specified" value="10289152" />
  <attribute name="Current GC Util" value="69" />
  <attribute name= "Current Time Running" value="66390" />
  <attribute name ="GC Interval" value="808" />
  <attribute name="ProportionalT" value="73.500000" />
  <attribute name="ProportionalI" value="73.500000" />
  <attribute name="ProportionalH" value="73.500000" />
  <attribute name="Current Error" value="49.000000" />
  <attribute name="IntegralT" value="1225.000000" />
  <attribute name="IntegralI" value="1225.000000" />
  <attribute name="IntegralH" value="1225.000000" />
  <attribute name="DerivativeT" value="2.880000" />
  <attribute name="DerivativeI" value="2.880000" />
  <attribute name="DerivativeH" value="2.880000" />
  <attribute name="Loop Time for DT" value="25.000000" />
  <attribute name="Output H" value="8388608"/>
  <attribute name="Output I" value="1304"/>
  <attribute name="Output T" value="4"/>
  <attribute name="Target GC Util Change" value ="20.000000" />
  <attribute name="Current GC Util Change" value="69.000000"/>
  <attribute name="GC Util currently" value="69" />
  <attribute name="CPU Util currently" value="179951660991" />
<allocation-satisfied id="1017" threadId="0000000001E06700" bytesRequested="88" />
<af-end id="1018" timestamp="2019-06-20T21:28:48.199" threadId="0000000001E07088" success="true" from="tenure-soa"/>
<exclusive-end id="1019" timestamp="2019-06-20T21:28:48.199" durationms="41.959" />

<exclusive-start id="1020" timestamp="2019-06-20T21:28:48.241" intervalms="84.717">
  <response-info timems="0.060" idlems="0.060" threads="0" lastid="0000000001E06700" lastname="main" />
</exclusive-start>
<af-start id="1021" threadId="0000000001E07088" totalBytesRequested="16" timestamp="2019-06-20T21:28:48.241" intervalms="84.310" type="tenure" />
<cycle-start id="1022" type="global" contextid="0" timestamp="2019-06-20T21:28:48.242" intervalms="83.905" />
<gc-start id="1023" type="global" contextid="1022" timestamp="2019-06-20T21:28:48.242">
  <mem-info id="1024" free="3967424" total="10289152" percent="38">
    <mem type="nursery" free="3967424" total="6029312" percent="65">
      <mem type="allocate" free="3967424" total="4653056" percent="85" />
      <mem type="survivor" free="0" total="1376256" percent="0" />
    </mem>
    <mem type="tenure" free="0" total="4259840" percent="0">
      <mem type="soa" free="0" total="4259840" percent="0" />
      <mem type="loa" free="0" total="0" percent="0" />
    </mem>
    <remembered-set count="328" />
  </mem-info>
</gc-start>
<allocation-stats totalBytes="362736" >
  <allocated-bytes non-tlh="2368" tlh="360368" />
  <largest-consumer threadName="main" threadId="0000000001E06700" bytes="362736" />
</allocation-stats>
<gc-op id="1025" type="mark" timems="2.223" contextid="1022" timestamp="2019-06-20T21:28:48.244">
  <trace-info objectcount="82461" scancount="66524" scanbytes="2181948" />
  <finalization candidates="84" enqueued="4" />
  <ownableSynchronizers candidates="22" cleared="0" />
  <references type="soft" candidates="965" cleared="9" enqueued="9" dynamicThreshold="0" maxThreshold="32" />
  <references type="weak" candidates="4493" cleared="4" enqueued="4" />
  <references type="phantom" candidates="79" cleared="0" enqueued="0" />
  <stringconstants candidates="10942" cleared="0"  />
</gc-op>
<gc-op id="1026" type="sweep" timems="0.234" contextid="1022" timestamp="2019-06-20T21:28:48.244" />
<mem-info id="1027" free="4242416" total="10289152" percent="41">
  <mem type="nursery" free="4242416" total="6029312" percent="70">
    <mem type="allocate" free="4242416" total="4653056" percent="91" />
    <mem type="survivor" free="0" total="1376256" percent="0" />
  </mem>
  <mem type="tenure" free="0" total="4259840" percent="0" micro-fragmented="0" macro-fragmented="0">
    <mem type="soa" free="0" total="4259840" percent="0" />
    <mem type="loa" free="0" total="0" percent="0" />
  </mem>
  <pending-finalizers system="0" default="4" reference="13" classloader="0" />
  <remembered-set count="328" />
</mem-info>
<gc-op id="1028" type="compact" timems="7.941" contextid="1022" timestamp="2019-06-20T21:28:48.252">
  <compact-info movecount="36591" movebytes="2050520" reason="compact to aid heap contraction" />
</gc-op>
<gc-end id="1029" type="global" contextid="1022" durationms="10.922" usertimems="16.000" systemtimems="0.000" timestamp="2019-06-20T21:28:48.253" activeThreads="4">
  <mem-info id="1030" free="4252608" total="10289152" percent="41">
    <mem type="nursery" free="4252608" total="6029312" percent="70">
      <mem type="allocate" free="4252608" total="4653056" percent="91" />
      <mem type="survivor" free="0" total="1376256" percent="0" />
    </mem>
    <mem type="tenure" free="0" total="4259840" percent="0">
      <mem type="soa" free="0" total="4259840" percent="0" />
      <mem type="loa" free="0" total="0" percent="0" />
    </mem>
    <pending-finalizers system="0" default="4" reference="13" classloader="0" />
    <remembered-set count="328" />
  </mem-info>
</gc-end>
<cycle-end id="1031" type="global" contextid="1022" timestamp="2019-06-20T21:28:48.253" />
  <attribute name="elasticGC enabled" value="1" />
  <attribute name= "numThreadsSpecified" value="4" />
  <attribute name="heapSize specified" value="10289152" />
  <attribute name="Current GC Util" value="62" />
  <attribute name= "Current Time Running" value="66445" />
  <attribute name ="GC Interval" value="808" />
  <attribute name="ProportionalT" value="63.000000" />
  <attribute name="ProportionalI" value="63.000000" />
  <attribute name="ProportionalH" value="63.000000" />
  <attribute name="Current Error" value="42.000000" />
  <attribute name="IntegralT" value="336.000000" />
  <attribute name="IntegralI" value="336.000000" />
  <attribute name="IntegralH" value="336.000000" />
  <attribute name="DerivativeT" value="5.625000" />
  <attribute name="DerivativeI" value="5.625000" />
  <attribute name="DerivativeH" value="5.625000" />
  <attribute name="Loop Time for DT" value="8.000000" />
  <attribute name="Output H" value="8388608"/>
  <attribute name="Output I" value="408"/>
  <attribute name="Output T" value="4"/>
  <attribute name="Target GC Util Change" value ="20.000000" />
  <attribute name="Current GC Util Change" value="62.000000"/>
  <attribute name="GC Util currently" value="62" />
  <attribute name="CPU Util currently" value="573592429001" />
<cycle-start id="1032" type="global" contextid="0" timestamp="2019-06-20T21:28:48.253" intervalms="11.196" />
<gc-start id="1033" type="global" contextid="1032" timestamp="2019-06-20T21:28:48.253">
  <mem-info id="1034" free="4252608" total="10289152" percent="41">
    <mem type="nursery" free="4252608" total="6029312" percent="70">
      <mem type="allocate" free="4252608" total="4653056" percent="91" />
      <mem type="survivor" free="0" total="1376256" percent="0" />
    </mem>
    <mem type="tenure" free="0" total="4259840" percent="0">
      <mem type="soa" free="0" total="4259840" percent="0" />
      <mem type="loa" free="0" total="0" percent="0" />
    </mem>
    <pending-finalizers system="0" default="4" reference="13" classloader="0" />
    <remembered-set count="328" />
  </mem-info>
</gc-start>
<allocation-stats totalBytes="0" >
  <allocated-bytes non-tlh="0" tlh="0" />
</allocation-stats>
<gc-op id="1035" type="mark" timems="4.281" contextid="1032" timestamp="2019-06-20T21:28:48.257">
  <trace-info objectcount="82461" scancount="66528" scanbytes="2181948" />
  <finalization candidates="80" enqueued="0" />
  <ownableSynchronizers candidates="22" cleared="0" />
  <references type="soft" candidates="956" cleared="0" enqueued="0" dynamicThreshold="0" maxThreshold="32" />
  <references type="weak" candidates="4489" cleared="0" enqueued="0" />
  <references type="phantom" candidates="79" cleared="0" enqueued="0" />
  <stringconstants candidates="10942" cleared="0"  />
</gc-op>
<gc-op id="1036" type="classunload" timems="0.003" contextid="1032" timestamp="2019-06-20T21:28:48.257">
  <classunload-info classloadercandidates="20" classloadersunloaded="0" classesunloaded="0" anonymousclassesunloaded="0" quiescems="0.000" setupms="0.002" scanms="0.000" postms="0.001" />
</gc-op>
<gc-op id="1037" type="sweep" timems="0.229" contextid="1032" timestamp="2019-06-20T21:28:48.257" />
<mem-info id="1038" free="4252608" total="10289152" percent="41">
  <mem type="nursery" free="4252608" total="6029312" percent="70">
    <mem type="allocate" free="4252608" total="4653056" percent="91" />
    <mem type="survivor" free="0" total="1376256" percent="0" />
  </mem>
  <mem type="tenure" free="0" total="4259840" percent="0" micro-fragmented="0" macro-fragmented="0">
    <mem type="soa" free="0" total="4259840" percent="0" />
    <mem type="loa" free="0" total="0" percent="0" />
  </mem>
  <pending-finalizers system="0" default="4" reference="13" classloader="0" />
  <remembered-set count="328" />
</mem-info>
<gc-op id="1039" type="compact" timems="4.766" contextid="1032" timestamp="2019-06-20T21:28:48.262">
  <compact-info movecount="0" movebytes="0" reason="compact to aid heap contraction" />
</gc-op>
<heap-resize id="1040" type="expand" space="tenure" amount="2082340864" count="1" timems="0.021" reason="satisfy allocation request" timestamp="2019-06-20T21:28:48.263" />
<gc-end id="1041" type="global" contextid="1032" durationms="9.904" usertimems="12.000" systemtimems="0.000" timestamp="2019-06-20T21:28:48.263" activeThreads="4">
  <mem-info id="1042" free="2086593456" total="2092630016" percent="99">
    <mem type="nursery" free="4252608" total="6029312" percent="70">
      <mem type="allocate" free="4252608" total="4653056" percent="91" />
      <mem type="survivor" free="0" total="1376256" percent="0" />
    </mem>
    <mem type="tenure" free="2082340848" total="2086600704" percent="99">
      <mem type="soa" free="2082340848" total="2086600704" percent="99" />
      <mem type="loa" free="0" total="0" percent="0" />
    </mem>
    <pending-finalizers system="0" default="4" reference="13" classloader="0" />
    <remembered-set count="328" />
  </mem-info>
</gc-end>
<cycle-end id="1043" type="global" contextid="1032" timestamp="2019-06-20T21:28:48.263" />
  <attribute name="elasticGC enabled" value="1" />
  <attribute name= "numThreadsSpecified" value="4" />
  <attribute name="heapSize specified" value="10289152" />
  <attribute name="Current GC Util" value="0" />
  <attribute name= "Current Time Running" value="66455" />
  <attribute name ="GC Interval" value="808" />
  <attribute name="ProportionalT" value="-30.000000" />
  <attribute name="ProportionalI" value="-30.000000" />
  <attribute name="ProportionalH" value="-30.000000" />
  <attribute name="Current Error" value="-20.000000" />
  <attribute name="IntegralT" value="-100.000000" />
  <attribute name="IntegralI" value="-100.000000" />
  <attribute name="IntegralH" value="-100.000000" />
  <attribute name="DerivativeT" value="-8.700000" />
  <attribute name="DerivativeI" value="-8.700000" />
  <attribute name="DerivativeH" value="-8.700000" />
  <attribute name="Loop Time for DT" value="5.000000" />
  <attribute name="Output H" value="2092630016"/>
  <attribute name="Output I" value="200"/>
  <attribute name="Output T" value="4"/>
  <attribute name="Target GC Util Change" value ="20.000000" />
  <attribute name="Current GC Util Change" value="0.000000"/>
  <attribute name="GC Util currently" value="0" />
  <attribute name="CPU Util currently" value="948837470817" />
<allocation-satisfied id="1044" threadId="0000000001E06700" bytesRequested="16" />
<af-end id="1045" timestamp="2019-06-20T21:28:48.263" threadId="0000000001E07088" success="true" from="tenure-soa"/>
<exclusive-end id="1046" timestamp="2019-06-20T21:28:48.263" durationms="21.650" />

</verbosegc>

