<?xml version="1.0" ?>

<verbosegc xmlns="http://www.ibm.com/j9/verbosegc" version="08cc62e_CMPRSS">

<initialized id="1" timestamp="2019-08-02T19:11:28.830">
  <attribute name="gcPolicy" value="-Xgcpolicy:balanced" />
  <attribute name="elasticGC enabled" value="1" />
  <attribute name= "numThreadsSpecified" value="0" />
  <attribute name="heapSize specified" value="0" />
  <attribute name= "numCores" value="0" />
  <attribute name ="GC Interval" value="0" />
  <attribute name="GC Util Range Max" value="0" />
  <attribute name="Current GC Util" value="0" />
  <attribute name= "Current Time Running" value="0" />
  <attribute name="maxHeapSize" value="0x7cb00000" />
  <attribute name="initialHeapSize" value="0x800000" />
  <attribute name="compressedRefs" value="true" />
  <attribute name="compressedRefsDisplacement" value="0x0" />
  <attribute name="compressedRefsShift" value="0x0" />
  <attribute name="pageSize" value="0x1000" />
  <attribute name="pageType" value="not used" />
  <attribute name="requestedPageSize" value="0x1000" />
  <attribute name="requestedPageType" value="not used" />
  <attribute name="gcthreads" value="8" />
  <attribute name="packetListSplit" value="8" />
  <attribute name="cacheListSplit" value="8" />
  <attribute name="splitFreeListSplitAmount" value="1" />
  <attribute name="numaNodes" value="0" />
  <region>
    <attribute name="regionSize" value="1048576" />
    <attribute name="regionCount" value="1995" />
    <attribute name="arrayletLeafSize" value="1048576" />
  </region>
  <system>
    <attribute name="physicalMemory" value="8370401280" />
    <attribute name="numCPUs" value="8" />
    <attribute name="architecture" value="amd64" />
    <attribute name="os" value="Linux" />
    <attribute name="osVersion" value="4.4.0-154-generic" />
  </system>
  <vmargs>
    <vmarg name="-Xoptionsfile=/vagrant/jdk/lib/options.default" />
    <vmarg name="-Xlockword:mode=default,noLockword=java/lang/String,noLockword=java/util/MapEntry,noLockword=java/util/HashMap$Entry,noLockword..." />
    <vmarg name="-Xjcl:jclse29" />
    <vmarg name="-Dcom.ibm.oti.vm.bootstrap.library.path=/vagrant/jdk/lib/compressedrefs:/vagrant/jdk/lib" />
    <vmarg name="-Dsun.boot.library.path=/vagrant/jdk/lib/compressedrefs:/vagrant/jdk/lib" />
    <vmarg name="-Djava.library.path=/vagrant/jdk/lib/compressedrefs:/vagrant/jdk/lib:/usr/lib64:/usr/lib" />
    <vmarg name="-Djava.home=/vagrant/jdk" />
    <vmarg name="-Duser.dir=/vagrant" />
    <vmarg name="-Xgcpolicy:balanced" />
    <vmarg name="-Xgcelastic" />
    <vmarg name="-Xcheck:gc:::elasticGC" />
    <vmarg name="-verbose:gc" />
    <vmarg name="-Xloggc:jdkA-small-BAL-8core-verbose13jython.txt" />
    <vmarg name="-Djava.class.path=dacapo-9.12-MR1-bach.jar" />
    <vmarg name="-Dsun.java.command=dacapo-9.12-MR1-bach.jar jython --size=small" />
    <vmarg name="-Dsun.java.launcher=SUN_STANDARD" />
    <vmarg name="-Dsun.java.launcher.pid=11221" />
  </vmargs>
</initialized>

<exclusive-start id="2" timestamp="2019-08-02T19:11:30.377" intervalms="1546.794">
  <response-info timems="0.026" idlems="0.026" threads="0" lastid="00000000017D8A00" lastname="main" />
</exclusive-start>
<allocation-taxation id="3" taxation-threshold="8388608" timestamp="2019-08-02T19:11:30.377" intervalms="1547.075" />
<cycle-start id="4" type="partial gc" contextid="0" timestamp="2019-08-02T19:11:30.377" intervalms="1547.351" />
<gc-start id="5" type="partial gc" contextid="4" timestamp="2019-08-02T19:11:30.377">
  <mem-info id="6" free="0" total="8388608" percent="0">
    <mem type="eden" free="264" total="8388608" percent="0" />
    <remembered-set count="0" freebytes="334848" totalbytes="334848" percent="100" regionsoverflowed="0" regionsstable="0" regionsrebuilding="0"/>
  </mem-info>
</gc-start>
<allocation-stats totalBytes="8329152" >
  <allocated-bytes non-tlh="357600" tlh="7971552" arrayletleaf="0"/>
  <largest-consumer threadName="main" threadId="00000000017D8A00" bytes="8236200" />
</allocation-stats>
<gc-op id="7" type="mark" timems="3.133" contextid="4" timestamp="2019-08-02T19:11:30.382">
  <trace-info objectcount="17744" scancount="14048" scanbytes="461824" />
  <remembered-set-cleared processed="0" cleared="0" durationms="0.385" />
  <finalization candidates="14" enqueued="1" />
  <references type="soft" candidates="63" cleared="0" enqueued="0" dynamicThreshold="32" maxThreshold="32" />
  <references type="weak" candidates="544" cleared="401" enqueued="362" />
  <references type="phantom" candidates="105" cleared="44" enqueued="44" />
  <stringconstants candidates="2406" cleared="0"  />
  <warning details="Mark for calibration purposes" />
</gc-op>
<gc-op id="8" type="classunload" timems="0.135" contextid="4" timestamp="2019-08-02T19:11:30.382">
  <classunload-info classloadercandidates="5" classloadersunloaded="0" classesunloaded="0" anonymousclassesunloaded="0" quiescems="0.000" setupms="0.134" scanms="0.000" postms="0.000" />
</gc-op>
<gc-op id="9" type="sweep" timems="0.575" contextid="4" timestamp="2019-08-02T19:11:30.383" />
<gc-op id="10" type="compact" timems="4.113" contextid="4" timestamp="2019-08-02T19:11:30.388">
  <compact-info movecount="17744" movebytes="967496" />
  <remembered-set-cleared processed="0" cleared="0" durationms="0.385" />
</gc-op>
<gc-end id="11" type="partial gc" contextid="4" durationms="11.175" usertimems="12.000" systemtimems="0.000" timestamp="2019-08-02T19:11:30.389" activeThreads="8">
  <mem-info id="12" free="7340032" total="8388608" percent="87">
    <mem type="eden" free="81080" total="1048576" percent="7" />
    <pending-finalizers system="1" default="0" reference="406" classloader="0" />
    <remembered-set count="0" freebytes="334848" totalbytes="334848" percent="100" regionsoverflowed="0" regionsstable="0" regionsrebuilding="0"/>
  </mem-info>
</gc-end>
<cycle-end id="13" type="partial gc" contextid="4" timestamp="2019-08-02T19:11:30.389" />
  <attribute name="elasticGC enabled" value="1" />
  <attribute name= "numThreadsSpecified" value="0" />
  <attribute name="heapSize specified" value="0" />
  <attribute name= "numCores" value="8" />
  <attribute name ="GC Interval" value="0" />
  <attribute name ="Control flow" value="3" />
  <attribute name="GC Util Range Max" value="153" />
  <attribute name="Current GC Util" value="53" />
  <attribute name= "Current Time Running" value="5" />
<exclusive-end id="14" timestamp="2019-08-02T19:11:30.389" durationms="12.289" />

<exclusive-start id="15" timestamp="2019-08-02T19:11:30.923" intervalms="546.432">
  <response-info timems="0.052" idlems="0.052" threads="0" lastid="00000000017D8A00" lastname="main" />
</exclusive-start>
<allocation-taxation id="16" taxation-threshold="7340032" timestamp="2019-08-02T19:11:30.923" intervalms="546.302" />
<cycle-start id="17" type="partial gc" contextid="0" timestamp="2019-08-02T19:11:30.923" intervalms="546.194" />
<gc-start id="18" type="partial gc" contextid="17" timestamp="2019-08-02T19:11:30.923">
  <mem-info id="19" free="0" total="8388608" percent="0">
    <mem type="eden" free="81080" total="8388608" percent="0" />
    <remembered-set count="0" freebytes="334848" totalbytes="334848" percent="100" regionsoverflowed="0" regionsstable="0" regionsrebuilding="0"/>
  </mem-info>
</gc-start>
<allocation-stats totalBytes="7329112" >
  <allocated-bytes non-tlh="569856" tlh="6759256" arrayletleaf="0"/>
  <largest-consumer threadName="main" threadId="00000000017D8A00" bytes="7320832" />
</allocation-stats>
<gc-op id="20" type="mark" timems="3.393" contextid="17" timestamp="2019-08-02T19:11:30.927">
  <trace-info objectcount="19052" scancount="15088" scanbytes="512200" />
  <remembered-set-cleared processed="0" cleared="0" durationms="0.044" />
  <finalization candidates="22" enqueued="0" />
  <ownableSynchronizers candidates="16" cleared="0" />
  <references type="soft" candidates="67" cleared="0" enqueued="0" dynamicThreshold="28" maxThreshold="32" />
  <references type="weak" candidates="682" cleared="364" enqueued="256" />
  <references type="phantom" candidates="88" cleared="2" enqueued="2" />
  <stringconstants candidates="2592" cleared="0"  />
  <warning details="Mark invoked due to insufficient free space for Copy-Forward" />
</gc-op>
<gc-op id="21" type="classunload" timems="0.001" contextid="17" timestamp="2019-08-02T19:11:30.928">
  <classunload-info classloadercandidates="6" classloadersunloaded="0" classesunloaded="0" anonymousclassesunloaded="0" quiescems="0.000" setupms="0.001" scanms="0.000" postms="0.000" />
</gc-op>
<gc-op id="22" type="sweep" timems="0.854" contextid="17" timestamp="2019-08-02T19:11:30.929" />
<gc-op id="23" type="compact" timems="6.041" contextid="17" timestamp="2019-08-02T19:11:30.935">
  <compact-info movecount="19052" movebytes="1508808" />
  <remembered-set-cleared processed="0" cleared="0" durationms="0.047" />
</gc-op>
<gc-end id="24" type="partial gc" contextid="17" durationms="12.211" usertimems="8.000" systemtimems="8.000" timestamp="2019-08-02T19:11:30.936" activeThreads="8">
  <mem-info id="25" free="6291456" total="8388608" percent="75">
    <mem type="eden" free="588344" total="2097152" percent="28" />
    <pending-finalizers system="0" default="0" reference="258" classloader="0" />
    <remembered-set count="1536" freebytes="328704" totalbytes="334848" percent="98" regionsoverflowed="0" regionsstable="0" regionsrebuilding="0"/>
  </mem-info>
</gc-end>
<cycle-end id="26" type="partial gc" contextid="17" timestamp="2019-08-02T19:11:30.936" />
  <attribute name="elasticGC enabled" value="1" />
  <attribute name= "numThreadsSpecified" value="0" />
  <attribute name="heapSize specified" value="0" />
  <attribute name= "numCores" value="8" />
  <attribute name ="GC Interval" value="0" />
  <attribute name ="Control flow" value="3" />
  <attribute name="GC Util Range Max" value="153" />
  <attribute name="Current GC Util" value="74" />
  <attribute name= "Current Time Running" value="551" />
<exclusive-end id="27" timestamp="2019-08-02T19:11:30.936" durationms="13.130" />

<exclusive-start id="28" timestamp="2019-08-02T19:11:31.066" intervalms="143.148">
  <response-info timems="0.041" idlems="0.041" threads="0" lastid="00000000017D8A00" lastname="main" />
</exclusive-start>
<allocation-taxation id="29" taxation-threshold="3145728" timestamp="2019-08-02T19:11:31.066" intervalms="143.084" />
<cycle-start id="30" type="global mark phase" contextid="0" timestamp="2019-08-02T19:11:31.066" intervalms="2236.631" />
<gc-start id="31" type="global mark phase" contextid="30" timestamp="2019-08-02T19:11:31.066">
  <mem-info id="32" free="3145728" total="8388608" percent="37">
    <remembered-set count="1536" freebytes="328704" totalbytes="334848" percent="98" regionsoverflowed="0" regionsstable="0" regionsrebuilding="0"/>
  </mem-info>
</gc-start>
<gc-op id="33" type="mark increment" timems="0.802" contextid="30" timestamp="2019-08-02T19:11:31.067">
  <trace-info objectcount="138" scancount="0" scanbytes="0" />
</gc-op>
<gc-end id="34" type="global mark phase" contextid="30" durationms="0.919" usertimems="0.000" systemtimems="0.000" timestamp="2019-08-02T19:11:31.067" activeThreads="8">
  <mem-info id="35" free="3145728" total="8388608" percent="37">
    <remembered-set count="1536" freebytes="328704" totalbytes="334848" percent="98" regionsoverflowed="0" regionsstable="0" regionsrebuilding="0"/>
  </mem-info>
</gc-end>
<concurrent-start id="36" type="GMP work packet processing" contextid="30" timestamp="2019-08-02T19:11:31.067">
  <concurrent-mark-start scanTarget="18446744073709551615" />
</concurrent-start>
<exclusive-end id="37" timestamp="2019-08-02T19:11:31.067" durationms="1.381" />

<concurrent-end id="38" type="GMP work packet processing" contextid="30" timestamp="2019-08-02T19:11:31.069">
  <concurrent-mark-end bytesScanned="771860" reasonForTermination="Completed all work in GC phase" />
</concurrent-end>

<exclusive-start id="39" timestamp="2019-08-02T19:11:31.161" intervalms="95.387">
  <response-info timems="0.029" idlems="0.029" threads="0" lastid="00000000017D8A00" lastname="main" />
</exclusive-start>
<allocation-taxation id="40" taxation-threshold="3145728" timestamp="2019-08-02T19:11:31.162" intervalms="95.396" />
<cycle-start id="41" type="partial gc" contextid="0" timestamp="2019-08-02T19:11:31.162" intervalms="238.387" />
<gc-start id="42" type="partial gc" contextid="41" timestamp="2019-08-02T19:11:31.162">
  <mem-info id="43" free="0" total="8388608" percent="0">
    <mem type="eden" free="0" total="6291456" percent="0" />
    <remembered-set count="1536" freebytes="328704" totalbytes="334848" percent="98" regionsoverflowed="0" regionsstable="0" regionsrebuilding="0"/>
  </mem-info>
</gc-start>
<allocation-stats totalBytes="6286720" >
  <allocated-bytes non-tlh="317712" tlh="5969008" arrayletleaf="0"/>
  <largest-consumer threadName="main" threadId="00000000017D8A00" bytes="3143232" />
</allocation-stats>
<gc-op id="44" type="mark" timems="2.446" contextid="41" timestamp="2019-08-02T19:11:31.165">
  <trace-info objectcount="20278" scancount="16257" scanbytes="547280" />
  <cardclean-info objects="738" bytes="33312" />
  <remembered-set-cleared processed="212" cleared="212" durationms="0.046" />
  <finalization candidates="50" enqueued="1" />
  <ownableSynchronizers candidates="17" cleared="0" />
  <references type="soft" candidates="358" cleared="0" enqueued="0" dynamicThreshold="12" maxThreshold="32" />
  <references type="weak" candidates="1254" cleared="157" enqueued="143" />
  <references type="phantom" candidates="41" cleared="4" enqueued="4" />
  <stringconstants candidates="4540" cleared="0"  />
  <warning details="Mark invoked due to insufficient free space for Copy-Forward" />
</gc-op>
<gc-op id="45" type="classunload" timems="0.002" contextid="41" timestamp="2019-08-02T19:11:31.165">
  <classunload-info classloadercandidates="10" classloadersunloaded="0" classesunloaded="0" anonymousclassesunloaded="0" quiescems="0.000" setupms="0.002" scanms="0.000" postms="0.000" />
</gc-op>
<gc-op id="46" type="sweep" timems="0.390" contextid="41" timestamp="2019-08-02T19:11:31.165" />
<gc-op id="47" type="compact" timems="3.210" contextid="41" timestamp="2019-08-02T19:11:31.169">
  <compact-info movecount="20274" movebytes="1379744" />
  <remembered-set-cleared processed="3189" cleared="3189" durationms="0.054" />
</gc-op>
<heap-resize id="48" type="contract" space="default" amount="1048576" count="1" timems="0.178" reason="insufficient time being spent in gc" timestamp="2019-08-02T19:11:31.169" />
<gc-end id="49" type="partial gc" contextid="41" durationms="7.705" usertimems="8.000" systemtimems="0.000" timestamp="2019-08-02T19:11:31.170" activeThreads="8">
  <mem-info id="50" free="4194304" total="7340032" percent="57">
    <mem type="eden" free="373224" total="1048576" percent="35" />
    <pending-finalizers system="1" default="0" reference="147" classloader="0" />
    <remembered-set count="3072" freebytes="322560" totalbytes="334848" percent="96" regionsoverflowed="0" regionsstable="0" regionsrebuilding="0"/>
  </mem-info>
</gc-end>
<cycle-end id="51" type="partial gc" contextid="41" timestamp="2019-08-02T19:11:31.170" />
  <attribute name="elasticGC enabled" value="1" />
  <attribute name= "numThreadsSpecified" value="0" />
  <attribute name="heapSize specified" value="0" />
  <attribute name= "numCores" value="8" />
  <attribute name ="GC Interval" value="0" />
  <attribute name ="Control flow" value="3" />
  <attribute name="GC Util Range Max" value="153" />
  <attribute name="Current GC Util" value="41" />
  <attribute name= "Current Time Running" value="787" />
<exclusive-end id="52" timestamp="2019-08-02T19:11:31.170" durationms="8.529" />

<exclusive-start id="53" timestamp="2019-08-02T19:11:33.908" intervalms="2746.144">
  <response-info timems="0.029" idlems="0.029" threads="0" lastid="00000000017D8A00" lastname="main" />
</exclusive-start>
<allocation-taxation id="54" taxation-threshold="2097152" timestamp="2019-08-02T19:11:33.908" intervalms="2746.147" />
<gc-start id="55" type="global mark phase" contextid="30" timestamp="2019-08-02T19:11:33.908">
  <mem-info id="56" free="2097152" total="7340032" percent="28">
    <remembered-set count="2624" freebytes="324352" totalbytes="334848" percent="96" regionsoverflowed="0" regionsstable="0" regionsrebuilding="0"/>
  </mem-info>
</gc-start>
<gc-op id="57" type="mark increment" timems="5.390" contextid="30" timestamp="2019-08-02T19:11:33.913">
  <trace-info objectcount="22553" scancount="18243" scanbytes="621600" />
  <cardclean-info objects="824" bytes="36444" />
  <finalization candidates="62" enqueued="0" />
  <ownableSynchronizers candidates="17" cleared="0" />
  <references type="soft" candidates="584" cleared="0" enqueued="0" dynamicThreshold="18" maxThreshold="32" />
  <references type="weak" candidates="1415" cleared="6" enqueued="6" />
  <references type="phantom" candidates="96" cleared="2" enqueued="2" />
  <stringconstants candidates="4893" cleared="0"  />
</gc-op>
<gc-op id="58" type="classunload" timems="0.003" contextid="30" timestamp="2019-08-02T19:11:33.913">
  <classunload-info classloadercandidates="10" classloadersunloaded="0" classesunloaded="0" anonymousclassesunloaded="0" quiescems="0.000" setupms="0.002" scanms="0.000" postms="0.000" />
</gc-op>
<gc-end id="59" type="global mark phase" contextid="30" durationms="5.972" usertimems="8.000" systemtimems="0.000" timestamp="2019-08-02T19:11:33.914" activeThreads="8">
  <mem-info id="60" free="2097152" total="7340032" percent="28">
    <pending-finalizers system="0" default="0" reference="8" classloader="0" />
    <remembered-set count="2624" freebytes="324352" totalbytes="334848" percent="96" regionsoverflowed="0" regionsstable="0" regionsrebuilding="0"/>
  </mem-info>
</gc-end>
<cycle-end id="61" type="global mark phase" contextid="30" timestamp="2019-08-02T19:11:33.914" />
  <attribute name="elasticGC enabled" value="1" />
  <attribute name= "numThreadsSpecified" value="0" />
  <attribute name="heapSize specified" value="0" />
  <attribute name= "numCores" value="8" />
  <attribute name ="GC Interval" value="0" />
  <attribute name ="Control flow" value="3" />
  <attribute name="GC Util Range Max" value="153" />
  <attribute name="Current GC Util" value="124" />
  <attribute name= "Current Time Running" value="3531" />
<exclusive-end id="62" timestamp="2019-08-02T19:11:33.914" durationms="6.479" />

<exclusive-start id="63" timestamp="2019-08-02T19:11:33.967" intervalms="59.822">
  <response-info timems="0.040" idlems="0.040" threads="0" lastid="00000000017D8A00" lastname="main" />
</exclusive-start>
<allocation-taxation id="64" taxation-threshold="2097152" timestamp="2019-08-02T19:11:33.968" intervalms="59.878" />
<cycle-start id="65" type="partial gc" contextid="0" timestamp="2019-08-02T19:11:33.968" intervalms="2806.088" />
<gc-start id="66" type="partial gc" contextid="65" timestamp="2019-08-02T19:11:33.968">
  <mem-info id="67" free="0" total="7340032" percent="0">
    <mem type="eden" free="0" total="4194304" percent="0" />
    <remembered-set count="2624" freebytes="324352" totalbytes="334848" percent="96" regionsoverflowed="0" regionsstable="0" regionsrebuilding="0"/>
  </mem-info>
</gc-start>
<allocation-stats totalBytes="4165368" >
  <allocated-bytes non-tlh="78416" tlh="4086952" arrayletleaf="0"/>
  <largest-consumer threadName="main" threadId="00000000017D8A00" bytes="2071040" />
</allocation-stats>
<gc-op id="68" type="sweep" timems="2.332" contextid="65" timestamp="2019-08-02T19:11:33.971" />
<gc-op id="69" type="mark" timems="5.693" contextid="65" timestamp="2019-08-02T19:11:33.977">
  <trace-info objectcount="22586" scancount="18090" scanbytes="604712" />
  <cardclean-info objects="651" bytes="33332" />
  <remembered-set-cleared processed="1603" cleared="1483" durationms="0.057" />
  <finalization candidates="43" enqueued="0" />
  <ownableSynchronizers candidates="1" cleared="0" />
  <references type="soft" candidates="562" cleared="0" enqueued="0" dynamicThreshold="9" maxThreshold="32" />
  <references type="weak" candidates="1216" cleared="24" enqueued="24" />
  <references type="phantom" candidates="10" cleared="1" enqueued="1" />
  <stringconstants candidates="5080" cleared="0"  />
  <warning details="Mark invoked due to insufficient free space for Copy-Forward" />
</gc-op>
<gc-op id="70" type="classunload" timems="0.002" contextid="65" timestamp="2019-08-02T19:11:33.978">
  <classunload-info classloadercandidates="10" classloadersunloaded="0" classesunloaded="0" anonymousclassesunloaded="0" quiescems="0.000" setupms="0.002" scanms="0.000" postms="0.000" />
</gc-op>
<gc-op id="71" type="sweep" timems="1.826" contextid="65" timestamp="2019-08-02T19:11:33.980" />
<gc-op id="72" type="compact" timems="4.749" contextid="65" timestamp="2019-08-02T19:11:33.985">
  <compact-info movecount="22569" movebytes="883544" />
  <remembered-set-cleared processed="7175" cleared="6928" durationms="0.074" />
</gc-op>
<heap-resize id="73" type="expand" space="default" amount="1048576" count="1" timems="0.050" reason="insufficient free space following gc" timestamp="2019-08-02T19:11:33.985" />
<gc-end id="74" type="partial gc" contextid="65" durationms="17.550" usertimems="24.000" systemtimems="0.000" timestamp="2019-08-02T19:11:33.986" activeThreads="8">
  <mem-info id="75" free="4194304" total="8388608" percent="50">
    <mem type="eden" free="791024" total="1048576" percent="75" />
    <pending-finalizers system="0" default="0" reference="25" classloader="0" />
    <remembered-set count="4288" freebytes="317696" totalbytes="334848" percent="94" regionsoverflowed="0" regionsstable="0" regionsrebuilding="0"/>
  </mem-info>
</gc-end>
<cycle-end id="76" type="partial gc" contextid="65" timestamp="2019-08-02T19:11:33.986" />
  <attribute name="elasticGC enabled" value="1" />
  <attribute name= "numThreadsSpecified" value="0" />
  <attribute name="heapSize specified" value="0" />
  <attribute name= "numCores" value="8" />
  <attribute name ="GC Interval" value="0" />
  <attribute name ="Control flow" value="3" />
  <attribute name="GC Util Range Max" value="153" />
  <attribute name="Current GC Util" value="125" />
  <attribute name= "Current Time Running" value="3602" />
<exclusive-end id="77" timestamp="2019-08-02T19:11:33.986" durationms="18.574" />

<exclusive-start id="78" timestamp="2019-08-02T19:11:34.051" intervalms="83.238">
  <response-info timems="0.081" idlems="0.081" threads="0" lastid="00000000017D8A00" lastname="main" />
</exclusive-start>
<allocation-taxation id="79" taxation-threshold="2097152" timestamp="2019-08-02T19:11:34.051" intervalms="83.183" />
<cycle-start id="80" type="global mark phase" contextid="0" timestamp="2019-08-02T19:11:34.051" intervalms="2984.525" />
<gc-start id="81" type="global mark phase" contextid="80" timestamp="2019-08-02T19:11:34.051">
  <mem-info id="82" free="2097152" total="8388608" percent="25">
    <remembered-set count="4288" freebytes="317696" totalbytes="334848" percent="94" regionsoverflowed="0" regionsstable="0" regionsrebuilding="0"/>
  </mem-info>
</gc-start>
<gc-op id="83" type="mark increment" timems="1.087" contextid="80" timestamp="2019-08-02T19:11:34.052">
  <trace-info objectcount="133" scancount="0" scanbytes="0" />
</gc-op>
<gc-end id="84" type="global mark phase" contextid="80" durationms="1.350" usertimems="0.000" systemtimems="0.000" timestamp="2019-08-02T19:11:34.052" activeThreads="8">
  <mem-info id="85" free="2097152" total="8388608" percent="25">
    <remembered-set count="4288" freebytes="317696" totalbytes="334848" percent="94" regionsoverflowed="0" regionsstable="0" regionsrebuilding="0"/>
  </mem-info>
</gc-end>
<concurrent-start id="86" type="GMP work packet processing" contextid="80" timestamp="2019-08-02T19:11:34.052">
  <concurrent-mark-start scanTarget="18446744073709551615" />
</concurrent-start>
<exclusive-end id="87" timestamp="2019-08-02T19:11:34.053" durationms="1.960" />

<concurrent-end id="88" type="GMP work packet processing" contextid="80" timestamp="2019-08-02T19:11:34.054">
  <concurrent-mark-end bytesScanned="1168920" reasonForTermination="Completed all work in GC phase" />
</concurrent-end>

<exclusive-start id="89" timestamp="2019-08-02T19:11:34.110" intervalms="59.160">
  <response-info timems="0.033" idlems="0.033" threads="0" lastid="00000000017D8A00" lastname="main" />
</exclusive-start>
<allocation-taxation id="90" taxation-threshold="2097152" timestamp="2019-08-02T19:11:34.110" intervalms="59.150" />
<cycle-start id="91" type="partial gc" contextid="0" timestamp="2019-08-02T19:11:34.110" intervalms="142.311" />
<gc-start id="92" type="partial gc" contextid="91" timestamp="2019-08-02T19:11:34.110">
  <mem-info id="93" free="0" total="8388608" percent="0">
    <mem type="eden" free="0" total="4194304" percent="0" />
    <remembered-set count="4288" freebytes="317696" totalbytes="334848" percent="94" regionsoverflowed="0" regionsstable="0" regionsrebuilding="0"/>
  </mem-info>
</gc-start>
<allocation-stats totalBytes="4185824" >
  <allocated-bytes non-tlh="124136" tlh="4061688" arrayletleaf="0"/>
  <largest-consumer threadName="main" threadId="00000000017D8A00" bytes="2033448" />
</allocation-stats>
<gc-op id="94" type="mark" timems="2.321" contextid="91" timestamp="2019-08-02T19:11:34.113">
  <trace-info objectcount="15788" scancount="13614" scanbytes="496308" />
  <cardclean-info objects="1685" bytes="77964" />
  <remembered-set-cleared processed="2445" cleared="1077" durationms="0.065" />
  <finalization candidates="14" enqueued="0" />
  <ownableSynchronizers candidates="4" cleared="0" />
  <references type="soft" candidates="441" cleared="0" enqueued="0" dynamicThreshold="8" maxThreshold="32" />
  <references type="weak" candidates="2138" cleared="437" enqueued="288" />
  <references type="phantom" candidates="3" cleared="1" enqueued="1" />
  <stringconstants candidates="6051" cleared="0"  />
  <warning details="Mark invoked due to insufficient free space for Copy-Forward" />
</gc-op>
<gc-op id="95" type="classunload" timems="0.002" contextid="91" timestamp="2019-08-02T19:11:34.113">
  <classunload-info classloadercandidates="11" classloadersunloaded="0" classesunloaded="0" anonymousclassesunloaded="0" quiescems="0.000" setupms="0.002" scanms="0.000" postms="0.000" />
</gc-op>
<gc-op id="96" type="sweep" timems="0.377" contextid="91" timestamp="2019-08-02T19:11:34.114" />
<gc-op id="97" type="compact" timems="2.632" contextid="91" timestamp="2019-08-02T19:11:34.117">
  <compact-info movecount="15661" movebytes="690200" />
  <remembered-set-cleared processed="12195" cleared="9415" durationms="0.077" />
</gc-op>
<heap-resize id="98" type="expand" space="default" amount="1048576" count="1" timems="0.054" reason="insufficient free space following gc" timestamp="2019-08-02T19:11:34.117" />
<gc-end id="99" type="partial gc" contextid="91" durationms="6.852" usertimems="12.000" systemtimems="0.000" timestamp="2019-08-02T19:11:34.117" activeThreads="8">
  <mem-info id="100" free="4194304" total="9437184" percent="44">
    <mem type="eden" free="600352" total="1048576" percent="57" />
    <pending-finalizers system="0" default="0" reference="289" classloader="0" />
    <remembered-set count="6368" freebytes="351232" totalbytes="376704" percent="93" regionsoverflowed="0" regionsstable="0" regionsrebuilding="0"/>
  </mem-info>
</gc-end>
<cycle-end id="101" type="partial gc" contextid="91" timestamp="2019-08-02T19:11:34.117" />
  <attribute name="elasticGC enabled" value="1" />
  <attribute name= "numThreadsSpecified" value="0" />
  <attribute name="heapSize specified" value="0" />
  <attribute name= "numCores" value="8" />
  <attribute name ="GC Interval" value="0" />
  <attribute name ="Control flow" value="3" />
  <attribute name="GC Util Range Max" value="153" />
  <attribute name="Current GC Util" value="38" />
  <attribute name= "Current Time Running" value="3736" />
<exclusive-end id="102" timestamp="2019-08-02T19:11:34.118" durationms="7.771" />

<exclusive-start id="103" timestamp="2019-08-02T19:11:34.163" intervalms="53.104">
  <response-info timems="0.070" idlems="0.070" threads="0" lastid="00000000017D8A00" lastname="main" />
</exclusive-start>
<allocation-taxation id="104" taxation-threshold="2097152" timestamp="2019-08-02T19:11:34.163" intervalms="53.136" />
<gc-start id="105" type="global mark phase" contextid="80" timestamp="2019-08-02T19:11:34.163">
  <mem-info id="106" free="2097152" total="9437184" percent="22">
    <remembered-set count="6368" freebytes="351232" totalbytes="376704" percent="93" regionsoverflowed="0" regionsstable="0" regionsrebuilding="0"/>
  </mem-info>
</gc-start>
<gc-op id="107" type="mark increment" timems="2.150" contextid="80" timestamp="2019-08-02T19:11:34.165">
  <trace-info objectcount="17959" scancount="15508" scanbytes="565120" />
  <cardclean-info objects="2300" bytes="105776" />
  <finalization candidates="80" enqueued="0" />
  <ownableSynchronizers candidates="21" cleared="0" />
  <references type="soft" candidates="968" cleared="0" enqueued="0" dynamicThreshold="14" maxThreshold="32" />
  <references type="weak" candidates="2977" cleared="22" enqueued="22" />
  <references type="phantom" candidates="104" cleared="3" enqueued="3" />
  <stringconstants candidates="6222" cleared="0"  />
</gc-op>
<gc-op id="108" type="classunload" timems="0.005" contextid="80" timestamp="2019-08-02T19:11:34.165">
  <classunload-info classloadercandidates="11" classloadersunloaded="0" classesunloaded="0" anonymousclassesunloaded="0" quiescems="0.000" setupms="0.005" scanms="0.000" postms="0.000" />
</gc-op>
<gc-end id="109" type="global mark phase" contextid="80" durationms="2.479" usertimems="4.000" systemtimems="0.000" timestamp="2019-08-02T19:11:34.166" activeThreads="8">
  <mem-info id="110" free="2097152" total="9437184" percent="22">
    <pending-finalizers system="0" default="0" reference="25" classloader="0" />
    <remembered-set count="6368" freebytes="351232" totalbytes="376704" percent="93" regionsoverflowed="0" regionsstable="0" regionsrebuilding="0"/>
  </mem-info>
</gc-end>
<cycle-end id="111" type="global mark phase" contextid="80" timestamp="2019-08-02T19:11:34.166" />
  <attribute name="elasticGC enabled" value="1" />
  <attribute name= "numThreadsSpecified" value="0" />
  <attribute name="heapSize specified" value="0" />
  <attribute name= "numCores" value="8" />
  <attribute name ="GC Interval" value="0" />
  <attribute name ="Control flow" value="3" />
  <attribute name="GC Util Range Max" value="153" />
  <attribute name="Current GC Util" value="69" />
  <attribute name= "Current Time Running" value="3786" />
<exclusive-end id="112" timestamp="2019-08-02T19:11:34.166" durationms="2.934" />

<exclusive-start id="113" timestamp="2019-08-02T19:11:34.198" intervalms="34.723">
  <response-info timems="0.060" idlems="0.060" threads="0" lastid="00000000017D8A00" lastname="main" />
</exclusive-start>
<allocation-taxation id="114" taxation-threshold="2097152" timestamp="2019-08-02T19:11:34.198" intervalms="34.713" />
<cycle-start id="115" type="partial gc" contextid="0" timestamp="2019-08-02T19:11:34.198" intervalms="87.861" />
<gc-start id="116" type="partial gc" contextid="115" timestamp="2019-08-02T19:11:34.198">
  <mem-info id="117" free="0" total="9437184" percent="0">
    <mem type="eden" free="0" total="4194304" percent="0" />
    <remembered-set count="6368" freebytes="351232" totalbytes="376704" percent="93" regionsoverflowed="0" regionsstable="0" regionsrebuilding="0"/>
  </mem-info>
</gc-start>
<allocation-stats totalBytes="4087968" >
  <allocated-bytes non-tlh="1446368" tlh="2641600" arrayletleaf="0"/>
  <largest-consumer threadName="main" threadId="00000000017D8A00" bytes="2060440" />
</allocation-stats>
<gc-op id="118" type="sweep" timems="0.485" contextid="115" timestamp="2019-08-02T19:11:34.199" />
<gc-op id="119" type="mark" timems="4.779" contextid="115" timestamp="2019-08-02T19:11:34.204">
  <trace-info objectcount="13417" scancount="11340" scanbytes="420496" />
  <cardclean-info objects="1248" bytes="69580" />
  <remembered-set-cleared processed="4117" cleared="1896" durationms="0.082" />
  <finalization candidates="15" enqueued="0" />
  <ownableSynchronizers candidates="4" cleared="0" />
  <references type="soft" candidates="339" cleared="0" enqueued="0" dynamicThreshold="7" maxThreshold="32" />
  <references type="weak" candidates="1472" cleared="1" enqueued="1" />
  <references type="phantom" candidates="6" cleared="0" enqueued="0" />
  <stringconstants candidates="6433" cleared="0"  />
  <warning details="Mark invoked due to insufficient free space for Copy-Forward" />
</gc-op>
<gc-op id="120" type="classunload" timems="0.002" contextid="115" timestamp="2019-08-02T19:11:34.204">
  <classunload-info classloadercandidates="11" classloadersunloaded="0" classesunloaded="0" anonymousclassesunloaded="0" quiescems="0.000" setupms="0.002" scanms="0.000" postms="0.000" />
</gc-op>
<gc-op id="121" type="sweep" timems="0.799" contextid="115" timestamp="2019-08-02T19:11:34.205" />
<gc-op id="122" type="compact" timems="5.168" contextid="115" timestamp="2019-08-02T19:11:34.211">
  <compact-info movecount="12157" movebytes="1333320" />
  <remembered-set-cleared processed="12485" cleared="8023" durationms="0.230" />
</gc-op>
<heap-resize id="123" type="expand" space="default" amount="2097152" count="1" timems="0.061" reason="insufficient free space following gc" timestamp="2019-08-02T19:11:34.211" />
<gc-end id="124" type="partial gc" contextid="115" durationms="13.099" usertimems="16.000" systemtimems="0.000" timestamp="2019-08-02T19:11:34.211" activeThreads="8">
  <mem-info id="125" free="5242880" total="11534336" percent="45">
    <mem type="eden" free="95776" total="1048576" percent="9" />
    <pending-finalizers system="0" default="0" reference="1" classloader="0" />
    <remembered-set count="6368" freebytes="434944" totalbytes="460416" percent="94" regionsoverflowed="0" regionsstable="0" regionsrebuilding="0"/>
  </mem-info>
</gc-end>
<cycle-end id="126" type="partial gc" contextid="115" timestamp="2019-08-02T19:11:34.212" />
  <attribute name="elasticGC enabled" value="1" />
  <attribute name= "numThreadsSpecified" value="0" />
  <attribute name="heapSize specified" value="0" />
  <attribute name= "numCores" value="8" />
  <attribute name ="GC Interval" value="0" />
  <attribute name ="Control flow" value="3" />
  <attribute name="GC Util Range Max" value="153" />
  <attribute name="Current GC Util" value="96" />
  <attribute name= "Current Time Running" value="3827" />
<exclusive-end id="127" timestamp="2019-08-02T19:11:34.212" durationms="14.203" />

<exclusive-start id="128" timestamp="2019-08-02T19:11:34.282" intervalms="84.132">
  <response-info timems="0.035" idlems="0.035" threads="0" lastid="00000000017D8A00" lastname="main" />
</exclusive-start>
<allocation-taxation id="129" taxation-threshold="2097152" timestamp="2019-08-02T19:11:34.282" intervalms="84.106" />
<cycle-start id="130" type="global mark phase" contextid="0" timestamp="2019-08-02T19:11:34.282" intervalms="231.099" />
<gc-start id="131" type="global mark phase" contextid="130" timestamp="2019-08-02T19:11:34.282">
  <mem-info id="132" free="3145728" total="11534336" percent="27">
    <remembered-set count="6368" freebytes="434944" totalbytes="460416" percent="94" regionsoverflowed="0" regionsstable="0" regionsrebuilding="0"/>
  </mem-info>
</gc-start>
<gc-op id="133" type="mark increment" timems="1.453" contextid="130" timestamp="2019-08-02T19:11:34.284">
  <trace-info objectcount="222" scancount="0" scanbytes="0" />
</gc-op>
<gc-end id="134" type="global mark phase" contextid="130" durationms="1.661" usertimems="0.000" systemtimems="0.000" timestamp="2019-08-02T19:11:34.284" activeThreads="8">
  <mem-info id="135" free="3145728" total="11534336" percent="27">
    <remembered-set count="6368" freebytes="434944" totalbytes="460416" percent="94" regionsoverflowed="0" regionsstable="0" regionsrebuilding="0"/>
  </mem-info>
</gc-end>
<concurrent-start id="136" type="GMP work packet processing" contextid="130" timestamp="2019-08-02T19:11:34.284">
  <concurrent-mark-start scanTarget="18446744073709551615" />
</concurrent-start>
<exclusive-end id="137" timestamp="2019-08-02T19:11:34.285" durationms="3.686" />

<concurrent-end id="138" type="GMP work packet processing" contextid="130" timestamp="2019-08-02T19:11:34.286">
  <concurrent-mark-end bytesScanned="1718216" reasonForTermination="Completed all work in GC phase" />
</concurrent-end>

<exclusive-start id="139" timestamp="2019-08-02T19:11:34.330" intervalms="47.998">
  <response-info timems="0.035" idlems="0.035" threads="0" lastid="00000000017D8A00" lastname="main" />
</exclusive-start>
<allocation-taxation id="140" taxation-threshold="2097152" timestamp="2019-08-02T19:11:34.330" intervalms="48.008" />
<cycle-start id="141" type="partial gc" contextid="0" timestamp="2019-08-02T19:11:34.330" intervalms="132.051" />
<gc-start id="142" type="partial gc" contextid="141" timestamp="2019-08-02T19:11:34.330">
  <mem-info id="143" free="1048576" total="11534336" percent="9">
    <mem type="eden" free="0" total="4194304" percent="0" />
    <remembered-set count="6368" freebytes="434944" totalbytes="460416" percent="94" regionsoverflowed="0" regionsstable="0" regionsrebuilding="0"/>
  </mem-info>
</gc-start>
<allocation-stats totalBytes="4182240" >
  <allocated-bytes non-tlh="63752" tlh="4118488" arrayletleaf="0"/>
  <largest-consumer threadName="main" threadId="00000000017D8A00" bytes="2086912" />
</allocation-stats>
<gc-op id="144" type="copy forward" timems="6.386" contextid="141" timestamp="2019-08-02T19:11:34.337">
  <memory-copied type="eden" objects="8017" bytes="356760" bytesdiscarded="31688" />
  <memory-copied type="other" objects="3073" bytes="934120" bytesdiscarded="129128" />
  <memory-cardclean objects="711" bytes="47192" />
  <regions eden="4" other="1" />
  <remembered-set-cleared processed="4621" cleared="616" durationms="0.076" />
  <finalization candidates="4" enqueued="0" />
  <references type="soft" candidates="160" cleared="0" enqueued="0" dynamicThreshold="8" maxThreshold="32" />
  <references type="weak" candidates="375" cleared="0" enqueued="0" />
  <references type="phantom" candidates="5" cleared="0" enqueued="0" />
  <stringconstants candidates="7033" cleared="0"  />
  <heap-resize type="expand" space="default" amount="2097152" count="2" timems="0.184" reason="continue current collection" />
</gc-op>
<gc-op id="145" type="classunload" timems="0.003" contextid="141" timestamp="2019-08-02T19:11:34.337">
  <classunload-info classloadercandidates="11" classloadersunloaded="0" classesunloaded="0" anonymousclassesunloaded="0" quiescems="0.000" setupms="0.003" scanms="0.000" postms="0.000" />
</gc-op>
<gc-op id="146" type="compact" timems="1.145" contextid="141" timestamp="2019-08-02T19:11:34.338">
  <compact-info movecount="0" movebytes="0" />
  <remembered-set-cleared processed="10472" cleared="616" durationms="0.076" />
</gc-op>
<gc-end id="147" type="partial gc" contextid="141" durationms="8.526" usertimems="16.000" systemtimems="0.000" timestamp="2019-08-02T19:11:34.339" activeThreads="8">
  <mem-info id="148" free="5242880" total="13631488" percent="38">
    <mem type="eden" free="659848" total="1048576" percent="62" />
    <remembered-set count="7264" freebytes="515072" totalbytes="544128" percent="94" regionsoverflowed="0" regionsstable="0" regionsrebuilding="0"/>
  </mem-info>
</gc-end>
<cycle-end id="149" type="partial gc" contextid="141" timestamp="2019-08-02T19:11:34.339" />
  <attribute name="elasticGC enabled" value="1" />
  <attribute name= "numThreadsSpecified" value="0" />
  <attribute name="heapSize specified" value="0" />
  <attribute name= "numCores" value="8" />
  <attribute name ="GC Interval" value="0" />
  <attribute name ="Control flow" value="3" />
  <attribute name="GC Util Range Max" value="153" />
  <attribute name="Current GC Util" value="160" />
  <attribute name= "Current Time Running" value="3959" />
<exclusive-end id="150" timestamp="2019-08-02T19:11:34.339" durationms="9.222" />

<exclusive-start id="151" timestamp="2019-08-02T19:11:34.383" intervalms="53.460">
  <response-info timems="0.058" idlems="0.058" threads="0" lastid="00000000017D8A00" lastname="main" />
</exclusive-start>
<allocation-taxation id="152" taxation-threshold="2097152" timestamp="2019-08-02T19:11:34.383" intervalms="53.488" />
<gc-start id="153" type="global mark phase" contextid="130" timestamp="2019-08-02T19:11:34.383">
  <mem-info id="154" free="3145728" total="13631488" percent="23">
    <remembered-set count="7264" freebytes="515072" totalbytes="544128" percent="94" regionsoverflowed="0" regionsstable="0" regionsrebuilding="0"/>
  </mem-info>
</gc-start>
<gc-op id="155" type="mark increment" timems="6.721" contextid="130" timestamp="2019-08-02T19:11:34.390">
  <trace-info objectcount="3533" scancount="3058" scanbytes="116800" />
  <cardclean-info objects="2161" bytes="117936" />
  <finalization candidates="80" enqueued="0" />
  <ownableSynchronizers candidates="21" cleared="0" />
  <references type="soft" candidates="1022" cleared="0" enqueued="0" dynamicThreshold="12" maxThreshold="32" />
  <references type="weak" candidates="3543" cleared="2" enqueued="2" />
  <references type="phantom" candidates="101" cleared="0" enqueued="0" />
  <stringconstants candidates="7213" cleared="0"  />
</gc-op>
<gc-op id="156" type="classunload" timems="0.005" contextid="130" timestamp="2019-08-02T19:11:34.390">
  <classunload-info classloadercandidates="11" classloadersunloaded="0" classesunloaded="0" anonymousclassesunloaded="0" quiescems="0.000" setupms="0.005" scanms="0.000" postms="0.000" />
</gc-op>
<gc-end id="157" type="global mark phase" contextid="130" durationms="7.221" usertimems="12.000" systemtimems="0.000" timestamp="2019-08-02T19:11:34.391" activeThreads="8">
  <mem-info id="158" free="3145728" total="13631488" percent="23">
    <pending-finalizers system="0" default="0" reference="2" classloader="0" />
    <remembered-set count="7264" freebytes="515072" totalbytes="544128" percent="94" regionsoverflowed="0" regionsstable="0" regionsrebuilding="0"/>
  </mem-info>
</gc-end>
<cycle-end id="159" type="global mark phase" contextid="130" timestamp="2019-08-02T19:11:34.391" />
  <attribute name="elasticGC enabled" value="1" />
  <attribute name= "numThreadsSpecified" value="0" />
  <attribute name="heapSize specified" value="0" />
  <attribute name= "numCores" value="8" />
  <attribute name ="GC Interval" value="0" />
  <attribute name ="Control flow" value="3" />
  <attribute name="GC Util Range Max" value="153" />
  <attribute name="Current GC Util" value="153" />
  <attribute name= "Current Time Running" value="4007" />
<exclusive-end id="160" timestamp="2019-08-02T19:11:34.391" durationms="7.931" />

<exclusive-start id="161" timestamp="2019-08-02T19:11:34.433" intervalms="49.456">
  <response-info timems="0.041" idlems="0.041" threads="0" lastid="00000000017D8A00" lastname="main" />
</exclusive-start>
<allocation-taxation id="162" taxation-threshold="2097152" timestamp="2019-08-02T19:11:34.433" intervalms="49.419" />
<cycle-start id="163" type="partial gc" contextid="0" timestamp="2019-08-02T19:11:34.433" intervalms="102.989" />
<gc-start id="164" type="partial gc" contextid="163" timestamp="2019-08-02T19:11:34.433">
  <mem-info id="165" free="1048576" total="13631488" percent="7">
    <mem type="eden" free="0" total="4194304" percent="0" />
    <remembered-set count="7264" freebytes="515072" totalbytes="544128" percent="94" regionsoverflowed="0" regionsstable="0" regionsrebuilding="0"/>
  </mem-info>
</gc-start>
<allocation-stats totalBytes="4171376" >
  <allocated-bytes non-tlh="77776" tlh="4093600" arrayletleaf="0"/>
  <largest-consumer threadName="main" threadId="00000000017D8A00" bytes="2096576" />
</allocation-stats>
<gc-op id="166" type="sweep" timems="1.312" contextid="163" timestamp="2019-08-02T19:11:34.435" />
<gc-op id="167" type="copy forward" timems="6.731" contextid="163" timestamp="2019-08-02T19:11:34.442">
  <memory-copied type="eden" objects="1088" bytes="42384" bytesdiscarded="25850" />
  <memory-copied type="other" objects="9824" bytes="432424" bytesdiscarded="71742" />
  <memory-cardclean objects="674" bytes="29624" />
  <memory-traced type="eden" objects="978" bytes="35096" />
  <memory-traced type="other" objects="0" bytes="0" />
  <regions eden="2" other="3" evacuated="4" marked="1" />
  <remembered-set-cleared processed="5827" cleared="1274" durationms="0.079" />
  <references type="soft" candidates="54" cleared="0" enqueued="0" dynamicThreshold="7" maxThreshold="32" />
  <references type="weak" candidates="770" cleared="0" enqueued="0" />
  <stringconstants candidates="7360" cleared="0"  />
  <heap-resize type="expand" space="default" amount="1048576" count="1" timems="0.064" reason="continue current collection" />
</gc-op>
<gc-op id="168" type="classunload" timems="0.002" contextid="163" timestamp="2019-08-02T19:11:34.442">
  <classunload-info classloadercandidates="11" classloadersunloaded="0" classesunloaded="0" anonymousclassesunloaded="0" quiescems="0.000" setupms="0.002" scanms="0.000" postms="0.000" />
</gc-op>
<gc-op id="169" type="compact" timems="3.689" contextid="163" timestamp="2019-08-02T19:11:34.446">
  <compact-info movecount="1220" movebytes="47104" />
  <remembered-set-cleared processed="13048" cleared="2168" durationms="0.098" />
</gc-op>
<heap-resize id="170" type="expand" space="default" amount="2097152" count="1" timems="0.058" reason="insufficient free space following gc" timestamp="2019-08-02T19:11:34.447" />
<gc-end id="171" type="partial gc" contextid="163" durationms="13.542" usertimems="24.000" systemtimems="0.000" timestamp="2019-08-02T19:11:34.447" activeThreads="8">
  <mem-info id="172" free="6291456" total="16777216" percent="37">
    <mem type="eden" free="1844192" total="2097152" percent="87" />
    <remembered-set count="9024" freebytes="633600" totalbytes="669696" percent="94" regionsoverflowed="0" regionsstable="0" regionsrebuilding="0"/>
  </mem-info>
</gc-end>
<cycle-end id="173" type="partial gc" contextid="163" timestamp="2019-08-02T19:11:34.447" />
  <attribute name="elasticGC enabled" value="1" />
  <attribute name= "numThreadsSpecified" value="0" />
  <attribute name="heapSize specified" value="0" />
  <attribute name= "numCores" value="8" />
  <attribute name ="GC Interval" value="0" />
  <attribute name ="Control flow" value="3" />
  <attribute name="GC Util Range Max" value="153" />
  <attribute name="Current GC Util" value="127" />
  <attribute name= "Current Time Running" value="4064" />
<exclusive-end id="174" timestamp="2019-08-02T19:11:34.447" durationms="14.546" />

<exclusive-start id="175" timestamp="2019-08-02T19:11:34.530" intervalms="97.786">
  <response-info timems="0.064" idlems="0.064" threads="0" lastid="00000000017D8A00" lastname="main" />
</exclusive-start>
<allocation-taxation id="176" taxation-threshold="6291456" timestamp="2019-08-02T19:11:34.531" intervalms="97.785" />
<cycle-start id="177" type="partial gc" contextid="0" timestamp="2019-08-02T19:11:34.531" intervalms="97.732" />
<gc-start id="178" type="partial gc" contextid="177" timestamp="2019-08-02T19:11:34.531">
  <mem-info id="179" free="0" total="16777216" percent="0">
    <mem type="eden" free="999656" total="7340032" percent="13" />
    <remembered-set count="8768" freebytes="634624" totalbytes="669696" percent="94" regionsoverflowed="0" regionsstable="0" regionsrebuilding="0"/>
  </mem-info>
</gc-start>
<allocation-stats totalBytes="6287616" >
  <allocated-bytes non-tlh="30808" tlh="6256808" arrayletleaf="0"/>
  <largest-consumer threadName="main" threadId="00000000017D8A00" bytes="6287616" />
</allocation-stats>
<gc-op id="180" type="mark" timems="3.366" contextid="177" timestamp="2019-08-02T19:11:34.535">
  <trace-info objectcount="12338" scancount="10802" scanbytes="403428" />
  <cardclean-info objects="3153" bytes="152552" />
  <remembered-set-cleared processed="6721" cleared="1502" durationms="0.097" />
  <references type="weak" candidates="730" cleared="0" enqueued="0" />
  <stringconstants candidates="7534" cleared="0"  />
  <warning details="Mark invoked due to insufficient free space for Copy-Forward" />
</gc-op>
<gc-op id="181" type="classunload" timems="0.003" contextid="177" timestamp="2019-08-02T19:11:34.535">
  <classunload-info classloadercandidates="11" classloadersunloaded="0" classesunloaded="0" anonymousclassesunloaded="0" quiescems="0.000" setupms="0.002" scanms="0.000" postms="0.000" />
</gc-op>
<gc-op id="182" type="sweep" timems="0.400" contextid="177" timestamp="2019-08-02T19:11:34.535" />
<gc-op id="183" type="compact" timems="3.540" contextid="177" timestamp="2019-08-02T19:11:34.539">
  <compact-info movecount="12338" movebytes="482136" />
  <remembered-set-cleared processed="17371" cleared="6921" durationms="0.108" />
</gc-op>
<heap-resize id="184" type="expand" space="default" amount="3145728" count="1" timems="0.067" reason="excessive time being spent in gc" timestamp="2019-08-02T19:11:34.540" />
<gc-end id="185" type="partial gc" contextid="177" durationms="8.805" usertimems="16.000" systemtimems="0.000" timestamp="2019-08-02T19:11:34.540" activeThreads="8">
  <mem-info id="186" free="9437184" total="19922944" percent="47">
    <mem type="eden" free="737184" total="1048576" percent="70" />
    <remembered-set count="10976" freebytes="751360" totalbytes="795264" percent="94" regionsoverflowed="0" regionsstable="0" regionsrebuilding="0"/>
  </mem-info>
</gc-end>
<cycle-end id="187" type="partial gc" contextid="177" timestamp="2019-08-02T19:11:34.540" />
  <attribute name="elasticGC enabled" value="1" />
  <attribute name= "numThreadsSpecified" value="0" />
  <attribute name="heapSize specified" value="0" />
  <attribute name= "numCores" value="8" />
  <attribute name ="GC Interval" value="0" />
  <attribute name ="Control flow" value="3" />
  <attribute name="GC Util Range Max" value="153" />
  <attribute name="Current GC Util" value="51" />
  <attribute name= "Current Time Running" value="4157" />
<exclusive-end id="188" timestamp="2019-08-02T19:11:34.540" durationms="9.674" />

<exclusive-start id="189" timestamp="2019-08-02T19:11:34.660" intervalms="129.639">
  <response-info timems="0.068" idlems="0.068" threads="0" lastid="00000000017D8A00" lastname="main" />
</exclusive-start>
<allocation-taxation id="190" taxation-threshold="9437184" timestamp="2019-08-02T19:11:34.660" intervalms="129.686" />
<cycle-start id="191" type="partial gc" contextid="0" timestamp="2019-08-02T19:11:34.660" intervalms="129.739" />
<gc-start id="192" type="partial gc" contextid="191" timestamp="2019-08-02T19:11:34.661">
  <mem-info id="193" free="0" total="19922944" percent="0">
    <mem type="eden" free="737184" total="10485760" percent="7" />
    <remembered-set count="10560" freebytes="753024" totalbytes="795264" percent="94" regionsoverflowed="0" regionsstable="0" regionsrebuilding="0"/>
  </mem-info>
</gc-start>
<allocation-stats totalBytes="9434040" >
  <allocated-bytes non-tlh="362232" tlh="9071808" arrayletleaf="0"/>
  <largest-consumer threadName="main" threadId="00000000017D8A00" bytes="9434040" />
</allocation-stats>
<gc-op id="194" type="mark" timems="2.534" contextid="191" timestamp="2019-08-02T19:11:34.664">
  <trace-info objectcount="20344" scancount="18089" scanbytes="754036" />
  <cardclean-info objects="2644" bytes="141972" />
  <remembered-set-cleared processed="8269" cleared="2017" durationms="0.104" />
  <references type="soft" candidates="73" cleared="0" enqueued="0" dynamicThreshold="15" maxThreshold="32" />
  <references type="weak" candidates="327" cleared="5" enqueued="5" />
  <references type="phantom" candidates="1" cleared="0" enqueued="0" />
  <stringconstants candidates="7846" cleared="0"  />
  <warning details="Mark invoked due to insufficient free space for Copy-Forward" />
</gc-op>
<gc-op id="195" type="classunload" timems="0.003" contextid="191" timestamp="2019-08-02T19:11:34.664">
  <classunload-info classloadercandidates="12" classloadersunloaded="0" classesunloaded="0" anonymousclassesunloaded="0" quiescems="0.000" setupms="0.003" scanms="0.000" postms="0.000" />
</gc-op>
<gc-op id="196" type="sweep" timems="0.409" contextid="191" timestamp="2019-08-02T19:11:34.665" />
<gc-op id="197" type="compact" timems="2.518" contextid="191" timestamp="2019-08-02T19:11:34.667">
  <compact-info movecount="19340" movebytes="1178280" />
  <remembered-set-cleared processed="20769" cleared="8229" durationms="0.104" />
</gc-op>
<gc-end id="198" type="partial gc" contextid="191" durationms="6.839" usertimems="12.000" systemtimems="0.000" timestamp="2019-08-02T19:11:34.668" activeThreads="8">
  <mem-info id="199" free="8388608" total="19922944" percent="42">
    <mem type="eden" free="881664" total="2097152" percent="42" />
    <pending-finalizers system="0" default="0" reference="5" classloader="0" />
    <remembered-set count="12640" freebytes="744704" totalbytes="795264" percent="93" regionsoverflowed="0" regionsstable="0" regionsrebuilding="0"/>
  </mem-info>
</gc-end>
<cycle-end id="200" type="partial gc" contextid="191" timestamp="2019-08-02T19:11:34.668" />
  <attribute name="elasticGC enabled" value="1" />
  <attribute name= "numThreadsSpecified" value="0" />
  <attribute name="heapSize specified" value="0" />
  <attribute name= "numCores" value="8" />
  <attribute name ="GC Interval" value="0" />
  <attribute name ="Control flow" value="3" />
  <attribute name="GC Util Range Max" value="153" />
  <attribute name="Current GC Util" value="57" />
  <attribute name= "Current Time Running" value="4286" />
<exclusive-end id="201" timestamp="2019-08-02T19:11:34.668" durationms="7.910" />

<exclusive-start id="202" timestamp="2019-08-02T19:11:34.751" intervalms="90.568">
  <response-info timems="0.026" idlems="0.026" threads="0" lastid="00000000017D8A00" lastname="main" />
</exclusive-start>
<allocation-taxation id="203" taxation-threshold="8388608" timestamp="2019-08-02T19:11:34.751" intervalms="90.523" />
<cycle-start id="204" type="partial gc" contextid="0" timestamp="2019-08-02T19:11:34.751" intervalms="90.449" />
<gc-start id="205" type="partial gc" contextid="204" timestamp="2019-08-02T19:11:34.751">
  <mem-info id="206" free="0" total="19922944" percent="0">
    <mem type="eden" free="0" total="8388608" percent="0" />
    <remembered-set count="12256" freebytes="746240" totalbytes="795264" percent="93" regionsoverflowed="0" regionsstable="0" regionsrebuilding="0"/>
  </mem-info>
</gc-start>
<allocation-stats totalBytes="8385928" >
  <allocated-bytes non-tlh="40256" tlh="8345672" arrayletleaf="0"/>
  <largest-consumer threadName="main" threadId="00000000017D8A00" bytes="8385928" />
</allocation-stats>
<gc-op id="207" type="mark" timems="1.889" contextid="204" timestamp="2019-08-02T19:11:34.753">
  <trace-info objectcount="6076" scancount="5416" scanbytes="188420" />
  <cardclean-info objects="947" bytes="59676" />
  <remembered-set-cleared processed="9751" cleared="1709" durationms="0.102" />
  <references type="soft" candidates="251" cleared="0" enqueued="0" dynamicThreshold="13" maxThreshold="32" />
  <references type="weak" candidates="158" cleared="0" enqueued="0" />
  <stringconstants candidates="8155" cleared="0"  />
  <warning details="Mark invoked due to insufficient free space for Copy-Forward" />
</gc-op>
<gc-op id="208" type="classunload" timems="0.002" contextid="204" timestamp="2019-08-02T19:11:34.753">
  <classunload-info classloadercandidates="13" classloadersunloaded="0" classesunloaded="0" anonymousclassesunloaded="0" quiescems="0.000" setupms="0.002" scanms="0.000" postms="0.000" />
</gc-op>
<gc-op id="209" type="sweep" timems="0.393" contextid="204" timestamp="2019-08-02T19:11:34.754" />
<gc-op id="210" type="compact" timems="1.934" contextid="204" timestamp="2019-08-02T19:11:34.756">
  <compact-info movecount="6016" movebytes="279464" />
  <remembered-set-cleared processed="21836" cleared="5733" durationms="0.119" />
</gc-op>
<gc-end id="211" type="partial gc" contextid="204" durationms="5.414" usertimems="8.000" systemtimems="0.000" timestamp="2019-08-02T19:11:34.756" activeThreads="8">
  <mem-info id="212" free="7340032" total="19922944" percent="36">
    <mem type="eden" free="891336" total="1048576" percent="85" />
    <remembered-set count="12448" freebytes="745472" totalbytes="795264" percent="93" regionsoverflowed="0" regionsstable="0" regionsrebuilding="0"/>
  </mem-info>
</gc-end>
<cycle-end id="213" type="partial gc" contextid="204" timestamp="2019-08-02T19:11:34.757" />
  <attribute name="elasticGC enabled" value="1" />
  <attribute name= "numThreadsSpecified" value="0" />
  <attribute name="heapSize specified" value="0" />
  <attribute name= "numCores" value="8" />
  <attribute name ="GC Interval" value="0" />
  <attribute name ="Control flow" value="3" />
  <attribute name="GC Util Range Max" value="153" />
  <attribute name="Current GC Util" value="59" />
  <attribute name= "Current Time Running" value="4376" />
<exclusive-end id="214" timestamp="2019-08-02T19:11:34.757" durationms="6.235" />

<exclusive-start id="215" timestamp="2019-08-02T19:11:34.811" intervalms="60.818">
  <response-info timems="0.108" idlems="0.108" threads="0" lastid="00000000017D8A00" lastname="main" />
</exclusive-start>
<allocation-taxation id="216" taxation-threshold="7340032" timestamp="2019-08-02T19:11:34.812" intervalms="60.857" />
<cycle-start id="217" type="partial gc" contextid="0" timestamp="2019-08-02T19:11:34.812" intervalms="60.919" />
<gc-start id="218" type="partial gc" contextid="217" timestamp="2019-08-02T19:11:34.812">
  <mem-info id="219" free="0" total="19922944" percent="0">
    <mem type="eden" free="0" total="7340032" percent="0" />
    <remembered-set count="12096" freebytes="746880" totalbytes="795264" percent="93" regionsoverflowed="0" regionsstable="0" regionsrebuilding="0"/>
  </mem-info>
</gc-start>
<allocation-stats totalBytes="7338552" >
  <allocated-bytes non-tlh="286544" tlh="7052008" arrayletleaf="0"/>
  <largest-consumer threadName="main" threadId="00000000017D8A00" bytes="7338552" />
</allocation-stats>
<gc-op id="220" type="mark" timems="3.566" contextid="217" timestamp="2019-08-02T19:11:34.816">
  <trace-info objectcount="18717" scancount="16872" scanbytes="669772" />
  <cardclean-info objects="671" bytes="47168" />
  <remembered-set-cleared processed="9861" cleared="983" durationms="0.103" />
  <references type="soft" candidates="224" cleared="0" enqueued="0" dynamicThreshold="11" maxThreshold="32" />
  <references type="weak" candidates="428" cleared="8" enqueued="7" />
  <references type="phantom" candidates="1" cleared="0" enqueued="0" />
  <stringconstants candidates="8309" cleared="0"  />
  <warning details="Mark invoked due to insufficient free space for Copy-Forward" />
</gc-op>
<gc-op id="221" type="classunload" timems="0.003" contextid="217" timestamp="2019-08-02T19:11:34.816">
  <classunload-info classloadercandidates="14" classloadersunloaded="0" classesunloaded="0" anonymousclassesunloaded="0" quiescems="0.000" setupms="0.003" scanms="0.000" postms="0.000" />
</gc-op>
<gc-op id="222" type="sweep" timems="0.817" contextid="217" timestamp="2019-08-02T19:11:34.817" />
<gc-op id="223" type="compact" timems="3.321" contextid="217" timestamp="2019-08-02T19:11:34.821">
  <compact-info movecount="18289" movebytes="1049592" />
  <remembered-set-cleared processed="24197" cleared="6424" durationms="0.140" />
</gc-op>
<heap-resize id="224" type="expand" space="default" amount="2097152" count="1" timems="0.060" reason="insufficient free space following gc" timestamp="2019-08-02T19:11:34.821" />
<gc-end id="225" type="partial gc" contextid="217" durationms="9.304" usertimems="20.000" systemtimems="0.000" timestamp="2019-08-02T19:11:34.821" activeThreads="8">
  <mem-info id="226" free="8388608" total="22020096" percent="38">
    <mem type="eden" free="135680" total="1048576" percent="12" />
    <pending-finalizers system="0" default="0" reference="7" classloader="0" />
    <remembered-set count="14752" freebytes="819968" totalbytes="878976" percent="93" regionsoverflowed="0" regionsstable="0" regionsrebuilding="0"/>
  </mem-info>
</gc-end>
<cycle-end id="227" type="partial gc" contextid="217" timestamp="2019-08-02T19:11:34.821" />
  <attribute name="elasticGC enabled" value="1" />
  <attribute name= "numThreadsSpecified" value="0" />
  <attribute name="heapSize specified" value="0" />
  <attribute name= "numCores" value="8" />
  <attribute name ="GC Interval" value="0" />
  <attribute name ="Control flow" value="3" />
  <attribute name="GC Util Range Max" value="153" />
  <attribute name="Current GC Util" value="93" />
  <attribute name= "Current Time Running" value="4439" />
<exclusive-end id="228" timestamp="2019-08-02T19:11:34.822" durationms="10.228" />

<exclusive-start id="229" timestamp="2019-08-02T19:11:34.899" intervalms="87.828">
  <response-info timems="0.020" idlems="0.020" threads="0" lastid="00000000017D8A00" lastname="main" />
</exclusive-start>
<sys-start reason="explicit" id="230" timestamp="2019-08-02T19:11:34.899" intervalms="6069.723" />
<cycle-start id="231" type="global garbage collect" contextid="0" timestamp="2019-08-02T19:11:34.899" intervalms="6069.805" />
<gc-start id="232" type="global garbage collect" contextid="231" timestamp="2019-08-02T19:11:34.900">
  <mem-info id="233" free="2549424" total="22020096" percent="11">
    <mem type="eden" free="452272" total="6291456" percent="7" />
    <remembered-set count="14752" freebytes="819968" totalbytes="878976" percent="93" regionsoverflowed="0" regionsstable="0" regionsrebuilding="0"/>
  </mem-info>
</gc-start>
<allocation-stats totalBytes="5837744" >
  <allocated-bytes non-tlh="432448" tlh="5405296" arrayletleaf="0"/>
  <largest-consumer threadName="main" threadId="00000000017D8A00" bytes="5837744" />
</allocation-stats>
<gc-op id="234" type="global mark" timems="5.251" contextid="231" timestamp="2019-08-02T19:11:34.905">
  <trace-info objectcount="74590" scancount="60846" scanbytes="2101476" />
  <finalization candidates="80" enqueued="0" />
  <ownableSynchronizers candidates="21" cleared="0" />
  <references type="soft" candidates="1640" cleared="0" enqueued="0" dynamicThreshold="12" maxThreshold="32" />
  <references type="weak" candidates="4517" cleared="32" enqueued="30" />
  <references type="phantom" candidates="102" cleared="2" enqueued="2" />
  <stringconstants candidates="8680" cleared="15"  />
</gc-op>
<gc-op id="235" type="classunload" timems="0.368" contextid="231" timestamp="2019-08-02T19:11:34.906">
  <classunload-info classloadercandidates="17" classloadersunloaded="1" classesunloaded="1" anonymousclassesunloaded="0" quiescems="0.000" setupms="0.357" scanms="0.007" postms="0.003" />
</gc-op>
<gc-op id="236" type="sweep" timems="0.489" contextid="231" timestamp="2019-08-02T19:11:34.906" />
<gc-op id="237" type="compact" timems="5.645" contextid="231" timestamp="2019-08-02T19:11:34.912">
  <compact-info movecount="72837" movebytes="4187000" />
  <remembered-set-cleared processed="27075" cleared="27075" durationms="0.135" />
</gc-op>
<gc-end id="238" type="global garbage collect" contextid="231" durationms="12.908" usertimems="32.000" systemtimems="0.000" timestamp="2019-08-02T19:11:34.913" activeThreads="8">
  <mem-info id="239" free="8388608" total="22020096" percent="38">
    <pending-finalizers system="0" default="0" reference="32" classloader="0" />
    <remembered-set count="11776" freebytes="831872" totalbytes="878976" percent="94" regionsoverflowed="0" regionsstable="0" regionsrebuilding="0"/>
  </mem-info>
</gc-end>
<cycle-end id="240" type="global garbage collect" contextid="231" timestamp="2019-08-02T19:11:34.913" />
  <attribute name="elasticGC enabled" value="1" />
  <attribute name= "numThreadsSpecified" value="0" />
  <attribute name="heapSize specified" value="0" />
  <attribute name= "numCores" value="8" />
  <attribute name ="GC Interval" value="0" />
  <attribute name ="Control flow" value="3" />
  <attribute name="GC Util Range Max" value="153" />
  <attribute name="Current GC Util" value="65" />
  <attribute name= "Current Time Running" value="4528" />
<sys-end id="241" timestamp="2019-08-02T19:11:34.913" />
<exclusive-end id="242" timestamp="2019-08-02T19:11:34.913" durationms="13.866" />

<exclusive-start id="243" timestamp="2019-08-02T19:11:35.102" intervalms="202.673">
  <response-info timems="0.082" idlems="0.082" threads="0" lastid="00000000017D8A00" lastname="main" />
</exclusive-start>
<allocation-taxation id="244" taxation-threshold="8388608" timestamp="2019-08-02T19:11:35.102" intervalms="290.539" />
<cycle-start id="245" type="partial gc" contextid="0" timestamp="2019-08-02T19:11:35.102" intervalms="290.543" />
<gc-start id="246" type="partial gc" contextid="245" timestamp="2019-08-02T19:11:35.103">
  <mem-info id="247" free="0" total="22020096" percent="0">
    <mem type="eden" free="0" total="8388608" percent="0" />
    <remembered-set count="11616" freebytes="832512" totalbytes="878976" percent="94" regionsoverflowed="0" regionsstable="0" regionsrebuilding="0"/>
  </mem-info>
</gc-start>
<allocation-stats totalBytes="8387864" >
  <allocated-bytes non-tlh="463952" tlh="7923912" arrayletleaf="0"/>
  <largest-consumer threadName="main" threadId="00000000017D8A00" bytes="8379616" />
</allocation-stats>
<gc-op id="248" type="mark" timems="2.914" contextid="245" timestamp="2019-08-02T19:11:35.106">
  <trace-info objectcount="599" scancount="552" scanbytes="52812" />
  <cardclean-info objects="647" bytes="36600" />
  <remembered-set-cleared processed="9233" cleared="148" durationms="0.104" />
  <references type="soft" candidates="34" cleared="0" enqueued="0" dynamicThreshold="12" maxThreshold="32" />
  <references type="weak" candidates="22" cleared="11" enqueued="11" />
  <references type="phantom" candidates="5" cleared="2" enqueued="2" />
  <stringconstants candidates="8698" cleared="12"  />
  <warning details="Mark invoked due to insufficient free space for Copy-Forward" />
</gc-op>
<gc-op id="249" type="classunload" timems="0.003" contextid="245" timestamp="2019-08-02T19:11:35.106">
  <classunload-info classloadercandidates="17" classloadersunloaded="0" classesunloaded="0" anonymousclassesunloaded="0" quiescems="0.000" setupms="0.003" scanms="0.000" postms="0.000" />
</gc-op>
<gc-op id="250" type="sweep" timems="0.391" contextid="245" timestamp="2019-08-02T19:11:35.107" />
<gc-op id="251" type="compact" timems="2.203" contextid="245" timestamp="2019-08-02T19:11:35.109">
  <compact-info movecount="599" movebytes="333624" />
  <remembered-set-cleared processed="18777" cleared="579" durationms="0.104" />
</gc-op>
<heap-resize id="252" type="expand" space="default" amount="1048576" count="1" timems="0.057" reason="insufficient free space following gc" timestamp="2019-08-02T19:11:35.109" />
<gc-end id="253" type="partial gc" contextid="245" durationms="7.002" usertimems="8.000" systemtimems="0.000" timestamp="2019-08-02T19:11:35.110" activeThreads="8">
  <mem-info id="254" free="8388608" total="23068672" percent="36">
    <mem type="eden" free="714952" total="1048576" percent="68" />
    <pending-finalizers system="0" default="0" reference="13" classloader="0" />
    <remembered-set count="13088" freebytes="868480" totalbytes="920832" percent="94" regionsoverflowed="0" regionsstable="0" regionsrebuilding="0"/>
  </mem-info>
</gc-end>
<cycle-end id="255" type="partial gc" contextid="245" timestamp="2019-08-02T19:11:35.110" />
  <attribute name="elasticGC enabled" value="1" />
  <attribute name= "numThreadsSpecified" value="0" />
  <attribute name="heapSize specified" value="0" />
  <attribute name= "numCores" value="8" />
  <attribute name ="GC Interval" value="0" />
  <attribute name ="Control flow" value="3" />
  <attribute name="GC Util Range Max" value="153" />
  <attribute name="Current GC Util" value="64" />
  <attribute name= "Current Time Running" value="4729" />
<exclusive-end id="256" timestamp="2019-08-02T19:11:35.110" durationms="8.187" />

<exclusive-start id="257" timestamp="2019-08-02T19:11:35.281" intervalms="179.215">
  <response-info timems="0.114" idlems="0.114" threads="0" lastid="00000000017D8A00" lastname="main" />
</exclusive-start>
<allocation-taxation id="258" taxation-threshold="8388608" timestamp="2019-08-02T19:11:35.281" intervalms="179.227" />
<cycle-start id="259" type="partial gc" contextid="0" timestamp="2019-08-02T19:11:35.282" intervalms="179.297" />
<gc-start id="260" type="partial gc" contextid="259" timestamp="2019-08-02T19:11:35.282">
  <mem-info id="261" free="0" total="23068672" percent="0">
    <mem type="eden" free="714952" total="9437184" percent="7" />
    <remembered-set count="12640" freebytes="870272" totalbytes="920832" percent="94" regionsoverflowed="0" regionsstable="0" regionsrebuilding="0"/>
  </mem-info>
</gc-start>
<allocation-stats totalBytes="8388088" >
  <allocated-bytes non-tlh="0" tlh="8388088" arrayletleaf="0"/>
  <largest-consumer threadName="main" threadId="00000000017D8A00" bytes="8383992" />
</allocation-stats>
<gc-op id="262" type="mark" timems="2.497" contextid="259" timestamp="2019-08-02T19:11:35.285">
  <trace-info objectcount="568" scancount="525" scanbytes="52068" />
  <cardclean-info objects="194" bytes="21676" />
  <remembered-set-cleared processed="9408" cleared="237" durationms="0.112" />
  <references type="soft" candidates="34" cleared="0" enqueued="0" dynamicThreshold="11" maxThreshold="32" />
  <references type="weak" candidates="10" cleared="0" enqueued="0" />
  <references type="phantom" candidates="3" cleared="0" enqueued="0" />
  <stringconstants candidates="8686" cleared="0"  />
  <warning details="Mark invoked due to insufficient free space for Copy-Forward" />
</gc-op>
<gc-op id="263" type="classunload" timems="0.003" contextid="259" timestamp="2019-08-02T19:11:35.285">
  <classunload-info classloadercandidates="17" classloadersunloaded="0" classesunloaded="0" anonymousclassesunloaded="0" quiescems="0.000" setupms="0.002" scanms="0.000" postms="0.000" />
</gc-op>
<gc-op id="264" type="sweep" timems="0.462" contextid="259" timestamp="2019-08-02T19:11:35.286" />
<gc-op id="265" type="compact" timems="3.044" contextid="259" timestamp="2019-08-02T19:11:35.289">
  <compact-info movecount="568" movebytes="332656" />
  <remembered-set-cleared processed="18972" cleared="616" durationms="0.112" />
</gc-op>
<heap-resize id="266" type="expand" space="default" amount="1048576" count="1" timems="0.053" reason="insufficient free space following gc" timestamp="2019-08-02T19:11:35.289" />
<gc-end id="267" type="partial gc" contextid="259" durationms="7.572" usertimems="12.000" systemtimems="0.000" timestamp="2019-08-02T19:11:35.289" activeThreads="8">
  <mem-info id="268" free="8388608" total="24117248" percent="34">
    <mem type="eden" free="1764496" total="2097152" percent="84" />
    <remembered-set count="12960" freebytes="910848" totalbytes="962688" percent="94" regionsoverflowed="0" regionsstable="0" regionsrebuilding="0"/>
  </mem-info>
</gc-end>
<cycle-end id="269" type="partial gc" contextid="259" timestamp="2019-08-02T19:11:35.290" />
  <attribute name="elasticGC enabled" value="1" />
  <attribute name= "numThreadsSpecified" value="0" />
  <attribute name="heapSize specified" value="0" />
  <attribute name= "numCores" value="8" />
  <attribute name ="GC Interval" value="0" />
  <attribute name ="Control flow" value="3" />
  <attribute name="GC Util Range Max" value="153" />
  <attribute name="Current GC Util" value="67" />
  <attribute name= "Current Time Running" value="4908" />
<exclusive-end id="270" timestamp="2019-08-02T19:11:35.290" durationms="8.654" />

<exclusive-start id="271" timestamp="2019-08-02T19:11:35.458" intervalms="176.569">
  <response-info timems="0.067" idlems="0.067" threads="0" lastid="00000000017D8A00" lastname="main" />
</exclusive-start>
<allocation-taxation id="272" taxation-threshold="8388608" timestamp="2019-08-02T19:11:35.458" intervalms="176.614" />
<cycle-start id="273" type="partial gc" contextid="0" timestamp="2019-08-02T19:11:35.458" intervalms="176.587" />
<gc-start id="274" type="partial gc" contextid="273" timestamp="2019-08-02T19:11:35.459">
  <mem-info id="275" free="0" total="24117248" percent="0">
    <mem type="eden" free="1015616" total="9437184" percent="10" />
    <remembered-set count="12960" freebytes="910848" totalbytes="962688" percent="94" regionsoverflowed="0" regionsstable="0" regionsrebuilding="0"/>
  </mem-info>
</gc-start>
<allocation-stats totalBytes="8359048" >
  <allocated-bytes non-tlh="0" tlh="8359048" arrayletleaf="0"/>
  <largest-consumer threadName="main" threadId="00000000017D8A00" bytes="8359048" />
</allocation-stats>
<gc-op id="276" type="mark" timems="2.302" contextid="273" timestamp="2019-08-02T19:11:35.462">
  <trace-info objectcount="13" scancount="13" scanbytes="33044" />
  <cardclean-info objects="14" bytes="536" />
  <remembered-set-cleared processed="9501" cleared="9" durationms="0.111" />
  <stringconstants candidates="8686" cleared="0"  />
  <warning details="Mark invoked due to insufficient free space for Copy-Forward" />
</gc-op>
<gc-op id="277" type="classunload" timems="0.002" contextid="273" timestamp="2019-08-02T19:11:35.462">
  <classunload-info classloadercandidates="17" classloadersunloaded="0" classesunloaded="0" anonymousclassesunloaded="0" quiescems="0.000" setupms="0.002" scanms="0.000" postms="0.000" />
</gc-op>
<gc-op id="278" type="sweep" timems="0.571" contextid="273" timestamp="2019-08-02T19:11:35.462" />
<gc-op id="279" type="compact" timems="1.527" contextid="273" timestamp="2019-08-02T19:11:35.464">
  <compact-info movecount="13" movebytes="33056" />
  <remembered-set-cleared processed="19005" cleared="21" durationms="0.141" />
</gc-op>
<heap-resize id="280" type="expand" space="default" amount="2097152" count="1" timems="0.055" reason="insufficient free space following gc" timestamp="2019-08-02T19:11:35.464" />
<gc-end id="281" type="partial gc" contextid="273" durationms="6.122" usertimems="12.000" systemtimems="0.000" timestamp="2019-08-02T19:11:35.465" activeThreads="8">
  <mem-info id="282" free="10485760" total="26214400" percent="40">
    <mem type="eden" free="1015520" total="1048576" percent="96" />
    <remembered-set count="12864" freebytes="994944" totalbytes="1046400" percent="95" regionsoverflowed="0" regionsstable="0" regionsrebuilding="0"/>
  </mem-info>
</gc-end>
<cycle-end id="283" type="partial gc" contextid="273" timestamp="2019-08-02T19:11:35.465" />
  <attribute name="elasticGC enabled" value="1" />
  <attribute name= "numThreadsSpecified" value="0" />
  <attribute name="heapSize specified" value="0" />
  <attribute name= "numCores" value="8" />
  <attribute name ="GC Interval" value="0" />
  <attribute name ="Control flow" value="3" />
  <attribute name="GC Util Range Max" value="153" />
  <attribute name="Current GC Util" value="59" />
  <attribute name= "Current Time Running" value="5084" />
<exclusive-end id="284" timestamp="2019-08-02T19:11:35.465" durationms="7.315" />

<exclusive-start id="285" timestamp="2019-08-02T19:11:35.694" intervalms="236.168">
  <response-info timems="0.028" idlems="0.028" threads="0" lastid="00000000017D8A00" lastname="main" />
</exclusive-start>
<allocation-taxation id="286" taxation-threshold="10485760" timestamp="2019-08-02T19:11:35.694" intervalms="236.026" />
<cycle-start id="287" type="partial gc" contextid="0" timestamp="2019-08-02T19:11:35.694" intervalms="235.910" />
<gc-start id="288" type="partial gc" contextid="287" timestamp="2019-08-02T19:11:35.694">
  <mem-info id="289" free="0" total="26214400" percent="0">
    <mem type="eden" free="1015520" total="11534336" percent="8" />
    <remembered-set count="12864" freebytes="994944" totalbytes="1046400" percent="95" regionsoverflowed="0" regionsstable="0" regionsrebuilding="0"/>
  </mem-info>
</gc-start>
<allocation-stats totalBytes="10478136" >
  <allocated-bytes non-tlh="68048" tlh="10410088" arrayletleaf="0"/>
  <largest-consumer threadName="main" threadId="00000000017D8A00" bytes="10478136" />
</allocation-stats>
<gc-op id="290" type="mark" timems="1.968" contextid="287" timestamp="2019-08-02T19:11:35.697">
  <trace-info objectcount="2183" scancount="1602" scanbytes="78568" />
  <cardclean-info objects="342" bytes="17156" />
  <remembered-set-cleared processed="9553" cleared="132" durationms="0.089" />
  <references type="soft" candidates="3" cleared="0" enqueued="0" dynamicThreshold="12" maxThreshold="32" />
  <references type="weak" candidates="27" cleared="17" enqueued="17" />
  <references type="phantom" candidates="4" cleared="2" enqueued="2" />
  <stringconstants candidates="9087" cleared="0"  />
  <warning details="Mark invoked due to insufficient free space for Copy-Forward" />
</gc-op>
<gc-op id="291" type="classunload" timems="0.003" contextid="287" timestamp="2019-08-02T19:11:35.697">
  <classunload-info classloadercandidates="17" classloadersunloaded="0" classesunloaded="0" anonymousclassesunloaded="0" quiescems="0.000" setupms="0.003" scanms="0.000" postms="0.000" />
</gc-op>
<gc-op id="292" type="sweep" timems="0.498" contextid="287" timestamp="2019-08-02T19:11:35.697" />
<gc-op id="293" type="compact" timems="2.833" contextid="287" timestamp="2019-08-02T19:11:35.701">
  <compact-info movecount="2183" movebytes="113384" />
  <remembered-set-cleared processed="19259" cleared="386" durationms="0.130" />
</gc-op>
<gc-end id="294" type="partial gc" contextid="287" durationms="6.544" usertimems="12.000" systemtimems="0.000" timestamp="2019-08-02T19:11:35.701" activeThreads="8">
  <mem-info id="295" free="10485760" total="26214400" percent="40">
    <mem type="eden" free="935192" total="1048576" percent="89" />
    <pending-finalizers system="0" default="0" reference="19" classloader="0" />
    <remembered-set count="14528" freebytes="988288" totalbytes="1046400" percent="94" regionsoverflowed="0" regionsstable="0" regionsrebuilding="0"/>
  </mem-info>
</gc-end>
<cycle-end id="296" type="partial gc" contextid="287" timestamp="2019-08-02T19:11:35.701" />
  <attribute name="elasticGC enabled" value="1" />
  <attribute name= "numThreadsSpecified" value="0" />
  <attribute name="heapSize specified" value="0" />
  <attribute name= "numCores" value="8" />
  <attribute name ="GC Interval" value="0" />
  <attribute name ="Control flow" value="3" />
  <attribute name="GC Util Range Max" value="153" />
  <attribute name="Current GC Util" value="56" />
  <attribute name= "Current Time Running" value="5319" />
<exclusive-end id="297" timestamp="2019-08-02T19:11:35.701" durationms="7.435" />

</verbosegc>

