<?xml version="1.0" ?>

<verbosegc xmlns="http://www.ibm.com/j9/verbosegc" version="10b4217_CMPRSS">

<initialized id="1" timestamp="2019-06-16T23:04:59.782">
  <attribute name="gcPolicy" value="-Xgcpolicy:balanced" />
  <attribute name="elasticGC enabled" value="1" />
  <attribute name= "numThreadsSpecified" value="0" />
  <attribute name="heapSize specified" value="0" />
  <attribute name="Current GC Util" value="0" />
  <attribute name= "Current Time Running" value="0" />
  <attribute name ="GC Interval" value="0" />
  <attribute name="ProportionalT" value="0.000000" />
  <attribute name="ProportionalI" value="0.000000" />
  <attribute name="ProportionalH" value="0.000000" />
  <attribute name="IntegralT" value="0.000000" />
  <attribute name="IntegralI" value="0.000000" />
  <attribute name="IntegralH" value="0.000000" />
  <attribute name="DerivativeT" value="0.000000" />
  <attribute name="DerivativeI" value="0.000000" />
  <attribute name="DerivativeH" value="0.000000" />
  <attribute name="Target GC Util Change" value ="0.000000" />
  <attribute name="Current GC Util Change" value="0.000000"/>
  <attribute name="Current Error" value="0.000000" />
  <attribute name="Loop Time for DT" value="0.000000" />
  <attribute name="Output H" value="0"/>
  <attribute name="Output I" value="0"/>
  <attribute name="Output T" value="0"/>
  <attribute name="GC Util currently" value="0" />
  <attribute name="CPU Util currently" value="0" />
  <attribute name="maxHeapSize" value="0x7cb00000" />
  <attribute name="initialHeapSize" value="0x800000" />
  <attribute name="compressedRefs" value="true" />
  <attribute name="compressedRefsDisplacement" value="0x0" />
  <attribute name="compressedRefsShift" value="0x0" />
  <attribute name="pageSize" value="0x1000" />
  <attribute name="pageType" value="not used" />
  <attribute name="requestedPageSize" value="0x1000" />
  <attribute name="requestedPageType" value="not used" />
  <attribute name="gcthreads" value="4" />
  <attribute name="packetListSplit" value="4" />
  <attribute name="cacheListSplit" value="4" />
  <attribute name="splitFreeListSplitAmount" value="1" />
  <attribute name="numaNodes" value="0" />
  <region>
    <attribute name="regionSize" value="1048576" />
    <attribute name="regionCount" value="1995" />
    <attribute name="arrayletLeafSize" value="1048576" />
  </region>
  <system>
    <attribute name="physicalMemory" value="8370958336" />
    <attribute name="numCPUs" value="4" />
    <attribute name="architecture" value="amd64" />
    <attribute name="os" value="Linux" />
    <attribute name="osVersion" value="4.4.0-150-generic" />
  </system>
  <vmargs>
    <vmarg name="-Xoptionsfile=/vagrant/jdk/lib/options.default" />
    <vmarg name="-Xlockword:mode=default,noLockword=java/lang/String,noLockword=java/util/MapEntry,noLockword=java/util/HashMap$Entry,noLockword..." />
    <vmarg name="-Xjcl:jclse29" />
    <vmarg name="-Dcom.ibm.oti.vm.bootstrap.library.path=/vagrant/jdk/lib/compressedrefs:/vagrant/jdk/lib" />
    <vmarg name="-Dsun.boot.library.path=/vagrant/jdk/lib/compressedrefs:/vagrant/jdk/lib" />
    <vmarg name="-Djava.library.path=/vagrant/jdk/lib/compressedrefs:/vagrant/jdk/lib:/usr/lib64:/usr/lib" />
    <vmarg name="-Djava.home=/vagrant/jdk" />
    <vmarg name="-Duser.dir=/vagrant" />
    <vmarg name="-Xgcpolicy:balanced" />
    <vmarg name="-Xgcelastic" />
    <vmarg name="-Xcheck:gc:::elasticGC" />
    <vmarg name="-verbose:gc" />
    <vmarg name="-Xloggc:jdk0.5-0.5-1-default-BAL-4CORE-elasticverbose1pmd.txt" />
    <vmarg name="-Djava.class.path=dacapo-9.12-MR1-bach.jar" />
    <vmarg name="-Dsun.java.command=dacapo-9.12-MR1-bach.jar pmd --size=default" />
    <vmarg name="-Dsun.java.launcher=SUN_STANDARD" />
    <vmarg name="-Dsun.java.launcher.pid=15255" />
  </vmargs>
</initialized>

<exclusive-start id="2" timestamp="2019-06-16T23:05:12.594" intervalms="12812.024">
  <response-info timems="0.033" idlems="0.033" threads="0" lastid="00000000019E0700" lastname="main" />
</exclusive-start>
<allocation-taxation id="3" taxation-threshold="8388608" timestamp="2019-06-16T23:05:12.594" intervalms="12812.373" />
<cycle-start id="4" type="partial gc" contextid="0" timestamp="2019-06-16T23:05:12.595" intervalms="12812.892" />
<gc-start id="5" type="partial gc" contextid="4" timestamp="2019-06-16T23:05:12.595">
  <mem-info id="6" free="0" total="8388608" percent="0">
    <mem type="eden" free="80" total="8388608" percent="0" />
    <remembered-set count="0" freebytes="334848" totalbytes="334848" percent="100" regionsoverflowed="0" regionsstable="0" regionsrebuilding="0"/>
  </mem-info>
</gc-start>
<allocation-stats totalBytes="8345376" >
  <allocated-bytes non-tlh="449560" tlh="7895816" arrayletleaf="0"/>
  <largest-consumer threadName="main" threadId="00000000019E0700" bytes="8270984" />
</allocation-stats>
<gc-op id="7" type="mark" timems="3.243" contextid="4" timestamp="2019-06-16T23:05:12.599">
  <trace-info objectcount="20648" scancount="16383" scanbytes="542428" />
  <remembered-set-cleared processed="0" cleared="0" durationms="0.255" />
  <finalization candidates="46" enqueued="1" />
  <ownableSynchronizers candidates="4" cleared="3" />
  <references type="soft" candidates="66" cleared="0" enqueued="0" dynamicThreshold="32" maxThreshold="32" />
  <references type="weak" candidates="911" cleared="529" enqueued="452" />
  <references type="phantom" candidates="125" cleared="44" enqueued="44" />
  <stringconstants candidates="2485" cleared="0"  />
  <warning details="Mark for calibration purposes" />
</gc-op>
<gc-op id="8" type="classunload" timems="0.058" contextid="4" timestamp="2019-06-16T23:05:12.599">
  <classunload-info classloadercandidates="6" classloadersunloaded="0" classesunloaded="0" anonymousclassesunloaded="0" quiescems="0.000" setupms="0.058" scanms="0.000" postms="0.000" />
</gc-op>
<gc-op id="9" type="sweep" timems="0.535" contextid="4" timestamp="2019-06-16T23:05:12.600" />
<gc-op id="10" type="compact" timems="5.074" contextid="4" timestamp="2019-06-16T23:05:12.606">
  <compact-info movecount="20648" movebytes="1334432" />
  <remembered-set-cleared processed="0" cleared="0" durationms="0.255" />
</gc-op>
<gc-end id="11" type="partial gc" contextid="4" durationms="10.970" usertimems="4.000" systemtimems="8.000" timestamp="2019-06-16T23:05:12.606" activeThreads="4">
  <mem-info id="12" free="6291456" total="8388608" percent="75">
    <mem type="eden" free="746808" total="2097152" percent="35" />
    <pending-finalizers system="1" default="0" reference="496" classloader="0" />
    <remembered-set count="2048" freebytes="326656" totalbytes="334848" percent="97" regionsoverflowed="0" regionsstable="0" regionsrebuilding="0"/>
  </mem-info>
</gc-end>
<cycle-end id="13" type="partial gc" contextid="4" timestamp="2019-06-16T23:05:12.606" />
  <attribute name="elasticGC enabled" value="1" />
  <attribute name= "numThreadsSpecified" value="4" />
  <attribute name="heapSize specified" value="0" />
  <attribute name="Current GC Util" value="36" />
  <attribute name= "Current Time Running" value="12698" />
  <attribute name ="GC Interval" value="0" />
  <attribute name="ProportionalT" value="8.000000" />
  <attribute name="ProportionalI" value="8.000000" />
  <attribute name="ProportionalH" value="8.000000" />
  <attribute name="Current Error" value="16.000000" />
  <attribute name="IntegralT" value="-126776.000000" />
  <attribute name="IntegralI" value="-126776.000000" />
  <attribute name="IntegralH" value="-126776.000000" />
  <attribute name="DerivativeT" value="-44.000000" />
  <attribute name="DerivativeI" value="-44.000000" />
  <attribute name="DerivativeH" value="-44.000000" />
  <attribute name="Loop Time for DT" value="1.000000" />
  <attribute name="Output H" value="2091843584"/>
  <attribute name="Output I" value="200"/>
  <attribute name="Output T" value="4"/>
  <attribute name="Target GC Util Change" value ="20.000000" />
  <attribute name="Current GC Util Change" value="36.000000"/>
  <attribute name="GC Util currently" value="36" />
  <attribute name="CPU Util currently" value="5564084859679" />
<exclusive-end id="14" timestamp="2019-06-16T23:05:12.606" durationms="12.416" />

<exclusive-start id="15" timestamp="2019-06-16T23:05:12.608" intervalms="13.818">
  <response-info timems="0.036" idlems="0.036" threads="0" lastid="00000000019E0700" lastname="main" />
</exclusive-start>
<allocation-taxation id="16" taxation-threshold="6291456" timestamp="2019-06-16T23:05:12.608" intervalms="13.532" />
<cycle-start id="17" type="partial gc" contextid="0" timestamp="2019-06-16T23:05:12.608" intervalms="13.071" />
<gc-start id="18" type="partial gc" contextid="17" timestamp="2019-06-16T23:05:12.608">
  <mem-info id="19" free="0" total="8388608" percent="0">
    <mem type="eden" free="0" total="7340032" percent="0" />
    <remembered-set count="1568" freebytes="328576" totalbytes="334848" percent="98" regionsoverflowed="0" regionsstable="0" regionsrebuilding="0"/>
  </mem-info>
</gc-start>
<allocation-stats totalBytes="5789184" >
  <allocated-bytes non-tlh="88" tlh="5789096" arrayletleaf="0"/>
  <largest-consumer threadName="main" threadId="00000000019E0700" bytes="5773112" />
</allocation-stats>
<gc-op id="20" type="mark" timems="2.257" contextid="17" timestamp="2019-06-16T23:05:12.611">
  <trace-info objectcount="19738" scancount="15616" scanbytes="527564" />
  <remembered-set-cleared processed="0" cleared="0" durationms="0.038" />
  <finalization candidates="45" enqueued="0" />
  <ownableSynchronizers candidates="1" cleared="0" />
  <references type="soft" candidates="66" cleared="0" enqueued="0" dynamicThreshold="24" maxThreshold="32" />
  <references type="weak" candidates="382" cleared="0" enqueued="0" />
  <references type="phantom" candidates="80" cleared="0" enqueued="0" />
  <stringconstants candidates="2485" cleared="0"  />
  <warning details="Mark invoked due to insufficient free space for Copy-Forward" />
</gc-op>
<gc-op id="21" type="classunload" timems="0.001" contextid="17" timestamp="2019-06-16T23:05:12.611">
  <classunload-info classloadercandidates="6" classloadersunloaded="0" classesunloaded="0" anonymousclassesunloaded="0" quiescems="0.000" setupms="0.001" scanms="0.000" postms="0.000" />
</gc-op>
<gc-op id="22" type="sweep" timems="0.304" contextid="17" timestamp="2019-06-16T23:05:12.611" />
<gc-op id="23" type="compact" timems="3.568" contextid="17" timestamp="2019-06-16T23:05:12.615">
  <compact-info movecount="19702" movebytes="1201456" />
  <remembered-set-cleared processed="0" cleared="0" durationms="0.038" />
</gc-op>
<gc-end id="24" type="partial gc" contextid="17" durationms="7.229" usertimems="8.000" systemtimems="0.000" timestamp="2019-06-16T23:05:12.615" activeThreads="4">
  <mem-info id="25" free="5242880" total="8388608" percent="62">
    <mem type="eden" free="1896432" total="2097152" percent="90" />
    <remembered-set count="1536" freebytes="328704" totalbytes="334848" percent="98" regionsoverflowed="0" regionsstable="0" regionsrebuilding="0"/>
  </mem-info>
</gc-end>
<cycle-end id="26" type="partial gc" contextid="17" timestamp="2019-06-16T23:05:12.615" />
  <attribute name="elasticGC enabled" value="1" />
  <attribute name= "numThreadsSpecified" value="4" />
  <attribute name="heapSize specified" value="0" />
  <attribute name="Current GC Util" value="13" />
  <attribute name= "Current Time Running" value="12709" />
  <attribute name ="GC Interval" value="0" />
  <attribute name="ProportionalT" value="-3.500000" />
  <attribute name="ProportionalI" value="-3.500000" />
  <attribute name="ProportionalH" value="-3.500000" />
  <attribute name="Current Error" value="-7.000000" />
  <attribute name="IntegralT" value="-3.500000" />
  <attribute name="IntegralI" value="-3.500000" />
  <attribute name="IntegralH" value="-3.500000" />
  <attribute name="DerivativeT" value="-66.000000" />
  <attribute name="DerivativeI" value="-66.000000" />
  <attribute name="DerivativeH" value="-66.000000" />
  <attribute name="Loop Time for DT" value="1.000000" />
  <attribute name="Output H" value="2091843584"/>
  <attribute name="Output I" value="200"/>
  <attribute name="Output T" value="4"/>
  <attribute name="Target GC Util Change" value ="20.000000" />
  <attribute name="Current GC Util Change" value="13.000000"/>
  <attribute name="GC Util currently" value="13" />
  <attribute name="CPU Util currently" value="7661282501785" />
<exclusive-end id="27" timestamp="2019-06-16T23:05:12.616" durationms="7.768" />

<exclusive-start id="28" timestamp="2019-06-16T23:05:12.616" intervalms="8.200">
  <response-info timems="0.020" idlems="0.020" threads="0" lastid="00000000019E0700" lastname="main" />
</exclusive-start>
<allocation-taxation id="29" taxation-threshold="2097152" timestamp="2019-06-16T23:05:12.616" intervalms="8.232" />
<cycle-start id="30" type="global mark phase" contextid="0" timestamp="2019-06-16T23:05:12.616" intervalms="12834.390" />
<gc-start id="31" type="global mark phase" contextid="30" timestamp="2019-06-16T23:05:12.616">
  <mem-info id="32" free="3145728" total="8388608" percent="37">
    <remembered-set count="1120" freebytes="330368" totalbytes="334848" percent="98" regionsoverflowed="0" regionsstable="0" regionsrebuilding="0"/>
  </mem-info>
</gc-start>
<gc-op id="33" type="mark increment" timems="0.827" contextid="30" timestamp="2019-06-16T23:05:12.617">
  <trace-info objectcount="87" scancount="0" scanbytes="0" />
</gc-op>
<gc-end id="34" type="global mark phase" contextid="30" durationms="0.951" usertimems="0.000" systemtimems="0.000" timestamp="2019-06-16T23:05:12.617" activeThreads="4">
  <mem-info id="35" free="3145728" total="8388608" percent="37">
    <remembered-set count="1120" freebytes="330368" totalbytes="334848" percent="98" regionsoverflowed="0" regionsstable="0" regionsrebuilding="0"/>
  </mem-info>
</gc-end>
<concurrent-start id="36" type="GMP work packet processing" contextid="30" timestamp="2019-06-16T23:05:12.617">
  <concurrent-mark-start scanTarget="18446744073709551615" />
</concurrent-start>
<concurrent-end id="37" type="GMP work packet processing" contextid="30" timestamp="2019-06-16T23:05:12.619">
  <concurrent-mark-end bytesScanned="527540" reasonForTermination="Completed all work in GC phase" />
</concurrent-end>

<exclusive-end id="38" timestamp="2019-06-16T23:05:12.619" durationms="2.839" />

<exclusive-start id="39" timestamp="2019-06-16T23:05:12.619" intervalms="3.293">
  <response-info timems="0.023" idlems="0.023" threads="0" lastid="00000000019E0700" lastname="main" />
</exclusive-start>
<allocation-taxation id="40" taxation-threshold="2097152" timestamp="2019-06-16T23:05:12.619" intervalms="3.281" />
<cycle-start id="41" type="partial gc" contextid="0" timestamp="2019-06-16T23:05:12.619" intervalms="11.539" />
<gc-start id="42" type="partial gc" contextid="41" timestamp="2019-06-16T23:05:12.620">
  <mem-info id="43" free="1048576" total="8388608" percent="12">
    <mem type="eden" free="1027464" total="5242880" percent="19" />
    <remembered-set count="1120" freebytes="330368" totalbytes="334848" percent="98" regionsoverflowed="0" regionsstable="0" regionsrebuilding="0"/>
  </mem-info>
</gc-start>
<allocation-stats totalBytes="3648472" >
  <allocated-bytes non-tlh="0" tlh="3648472" arrayletleaf="0"/>
  <largest-consumer threadName="main" threadId="00000000019E0700" bytes="1848584" />
</allocation-stats>
<gc-op id="44" type="copy forward" timems="3.008" contextid="41" timestamp="2019-06-16T23:05:12.623">
  <memory-copied type="eden" objects="2" bytes="18176" bytesdiscarded="0" />
  <memory-copied type="other" objects="20" bytes="6120" bytesdiscarded="1000" />
  <memory-cardclean objects="14" bytes="520" />
  <regions eden="4" other="1" />
  <remembered-set-cleared processed="86" cleared="16" durationms="0.045" />
  <stringconstants candidates="2485" cleared="0"  />
  <heap-resize type="expand" space="default" amount="1048576" count="1" timems="0.208" reason="continue current collection" />
</gc-op>
<gc-op id="45" type="classunload" timems="0.001" contextid="41" timestamp="2019-06-16T23:05:12.623">
  <classunload-info classloadercandidates="6" classloadersunloaded="0" classesunloaded="0" anonymousclassesunloaded="0" quiescems="0.000" setupms="0.001" scanms="0.000" postms="0.000" />
</gc-op>
<heap-resize id="46" type="expand" space="default" amount="1048576" count="1" timems="0.050" reason="excessive time being spent in gc" timestamp="2019-06-16T23:05:12.623" />
<gc-end id="47" type="partial gc" contextid="41" durationms="3.995" usertimems="4.000" systemtimems="0.000" timestamp="2019-06-16T23:05:12.624" activeThreads="4">
  <mem-info id="48" free="6291456" total="10485760" percent="60">
    <mem type="eden" free="2071848" total="2097152" percent="98" />
    <remembered-set count="1184" freebytes="413824" totalbytes="418560" percent="98" regionsoverflowed="0" regionsstable="0" regionsrebuilding="0"/>
  </mem-info>
</gc-end>
<cycle-end id="49" type="partial gc" contextid="41" timestamp="2019-06-16T23:05:12.624" />
  <attribute name="elasticGC enabled" value="1" />
  <attribute name= "numThreadsSpecified" value="4" />
  <attribute name="heapSize specified" value="0" />
  <attribute name="Current GC Util" value="22" />
  <attribute name= "Current Time Running" value="12718" />
  <attribute name ="GC Interval" value="0" />
  <attribute name="ProportionalT" value="1.000000" />
  <attribute name="ProportionalI" value="1.000000" />
  <attribute name="ProportionalH" value="1.000000" />
  <attribute name="Current Error" value="2.000000" />
  <attribute name="IntegralT" value="1.000000" />
  <attribute name="IntegralI" value="1.000000" />
  <attribute name="IntegralH" value="1.000000" />
  <attribute name="DerivativeT" value="-11.000000" />
  <attribute name="DerivativeI" value="-11.000000" />
  <attribute name="DerivativeH" value="-11.000000" />
  <attribute name="Loop Time for DT" value="1.000000" />
  <attribute name="Output H" value="2091843584"/>
  <attribute name="Output I" value="200"/>
  <attribute name="Output T" value="4"/>
  <attribute name="Target GC Util Change" value ="20.000000" />
  <attribute name="Current GC Util Change" value="22.000000"/>
  <attribute name="GC Util currently" value="22" />
  <attribute name="CPU Util currently" value="11224170160293" />
<exclusive-end id="50" timestamp="2019-06-16T23:05:12.624" durationms="4.464" />

<exclusive-start id="51" timestamp="2019-06-16T23:05:12.624" intervalms="5.010">
  <response-info timems="0.018" idlems="0.018" threads="0" lastid="00000000019E0700" lastname="main" />
</exclusive-start>
<allocation-taxation id="52" taxation-threshold="3145728" timestamp="2019-06-16T23:05:12.624" intervalms="4.979" />
<gc-start id="53" type="global mark phase" contextid="30" timestamp="2019-06-16T23:05:12.624">
  <mem-info id="54" free="3145728" total="10485760" percent="30">
    <remembered-set count="1184" freebytes="413824" totalbytes="418560" percent="98" regionsoverflowed="0" regionsstable="0" regionsrebuilding="0"/>
  </mem-info>
</gc-start>
<gc-op id="55" type="mark increment" timems="1.005" contextid="30" timestamp="2019-06-16T23:05:12.625">
  <trace-info objectcount="1" scancount="0" scanbytes="0" />
  <cardclean-info objects="148" bytes="4900" />
  <finalization candidates="45" enqueued="0" />
  <ownableSynchronizers candidates="1" cleared="0" />
  <references type="soft" candidates="66" cleared="0" enqueued="0" dynamicThreshold="19" maxThreshold="32" />
  <references type="weak" candidates="382" cleared="0" enqueued="0" />
  <references type="phantom" candidates="80" cleared="0" enqueued="0" />
  <stringconstants candidates="2485" cleared="0"  />
</gc-op>
<gc-op id="56" type="classunload" timems="0.001" contextid="30" timestamp="2019-06-16T23:05:12.626">
  <classunload-info classloadercandidates="6" classloadersunloaded="0" classesunloaded="0" anonymousclassesunloaded="0" quiescems="0.000" setupms="0.001" scanms="0.000" postms="0.000" />
</gc-op>
<gc-end id="57" type="global mark phase" contextid="30" durationms="1.236" usertimems="0.000" systemtimems="0.000" timestamp="2019-06-16T23:05:12.626" activeThreads="4">
  <mem-info id="58" free="3145728" total="10485760" percent="30">
    <remembered-set count="1184" freebytes="413824" totalbytes="418560" percent="98" regionsoverflowed="0" regionsstable="0" regionsrebuilding="0"/>
  </mem-info>
</gc-end>
<cycle-end id="59" type="global mark phase" contextid="30" timestamp="2019-06-16T23:05:12.626" />
  <attribute name="elasticGC enabled" value="1" />
  <attribute name= "numThreadsSpecified" value="4" />
  <attribute name="heapSize specified" value="0" />
  <attribute name="Current GC Util" value="23" />
  <attribute name= "Current Time Running" value="12722" />
  <attribute name ="GC Interval" value="0" />
  <attribute name="ProportionalT" value="1.500000" />
  <attribute name="ProportionalI" value="1.500000" />
  <attribute name="ProportionalH" value="1.500000" />
  <attribute name="Current Error" value="3.000000" />
  <attribute name="IntegralT" value="0.000000" />
  <attribute name="IntegralI" value="0.000000" />
  <attribute name="IntegralH" value="0.000000" />
  <attribute name="DerivativeT" value="-inf" />
  <attribute name="DerivativeI" value="-inf" />
  <attribute name="DerivativeH" value="-inf" />
  <attribute name="Loop Time for DT" value="0.000000" />
  <attribute name="Output H" value="2091843584"/>
  <attribute name="Output I" value="200"/>
  <attribute name="Output T" value="4"/>
  <attribute name="Target GC Util Change" value ="20.000000" />
  <attribute name="Current GC Util Change" value="23.000000"/>
  <attribute name="GC Util currently" value="23" />
  <attribute name="CPU Util currently" value="69409199269031" />
<exclusive-end id="60" timestamp="2019-06-16T23:05:12.626" durationms="1.483" />

<exclusive-start id="61" timestamp="2019-06-16T23:05:12.627" intervalms="2.275">
  <response-info timems="0.023" idlems="0.023" threads="0" lastid="00000000019E0700" lastname="main" />
</exclusive-start>
<allocation-taxation id="62" taxation-threshold="3145728" timestamp="2019-06-16T23:05:12.627" intervalms="2.295" />
<cycle-start id="63" type="partial gc" contextid="0" timestamp="2019-06-16T23:05:12.627" intervalms="7.248" />
<gc-start id="64" type="partial gc" contextid="63" timestamp="2019-06-16T23:05:12.627">
  <mem-info id="65" free="0" total="10485760" percent="0">
    <mem type="eden" free="1030400" total="7340032" percent="14" />
    <remembered-set count="1184" freebytes="413824" totalbytes="418560" percent="98" regionsoverflowed="0" regionsstable="0" regionsrebuilding="0"/>
  </mem-info>
</gc-start>
<allocation-stats totalBytes="5662760" >
  <allocated-bytes non-tlh="0" tlh="5662760" arrayletleaf="0"/>
  <largest-consumer threadName="main" threadId="00000000019E0700" bytes="2850296" />
</allocation-stats>
<gc-op id="66" type="sweep" timems="1.392" contextid="63" timestamp="2019-06-16T23:05:12.628" />
<gc-op id="67" type="copy forward" timems="2.137" contextid="63" timestamp="2019-06-16T23:05:12.631">
  <memory-copied type="eden" objects="2" bytes="22168" bytesdiscarded="0" />
  <memory-copied type="other" objects="0" bytes="0" bytesdiscarded="0" />
  <memory-cardclean objects="0" bytes="0" />
  <regions eden="3" other="1" />
  <remembered-set-cleared processed="97" cleared="0" durationms="0.048" />
  <stringconstants candidates="2485" cleared="0"  />
</gc-op>
<gc-op id="68" type="classunload" timems="0.001" contextid="63" timestamp="2019-06-16T23:05:12.631">
  <classunload-info classloadercandidates="6" classloadersunloaded="0" classesunloaded="0" anonymousclassesunloaded="0" quiescems="0.000" setupms="0.001" scanms="0.000" postms="0.000" />
</gc-op>
<gc-end id="69" type="partial gc" contextid="63" durationms="4.822" usertimems="4.000" systemtimems="0.000" timestamp="2019-06-16T23:05:12.632" activeThreads="4">
  <mem-info id="70" free="6291456" total="10485760" percent="60">
    <mem type="eden" free="1026408" total="1048576" percent="97" />
    <remembered-set count="320" freebytes="417280" totalbytes="418560" percent="99" regionsoverflowed="0" regionsstable="0" regionsrebuilding="0"/>
  </mem-info>
</gc-end>
<cycle-end id="71" type="partial gc" contextid="63" timestamp="2019-06-16T23:05:12.632" />
  <attribute name="elasticGC enabled" value="1" />
  <attribute name= "numThreadsSpecified" value="4" />
  <attribute name="heapSize specified" value="0" />
  <attribute name="Current GC Util" value="78" />
  <attribute name= "Current Time Running" value="12727" />
  <attribute name ="GC Interval" value="0" />
  <attribute name="ProportionalT" value="29.000000" />
  <attribute name="ProportionalI" value="29.000000" />
  <attribute name="ProportionalH" value="29.000000" />
  <attribute name="Current Error" value="58.000000" />
  <attribute name="IntegralT" value="29.000000" />
  <attribute name="IntegralI" value="29.000000" />
  <attribute name="IntegralH" value="29.000000" />
  <attribute name="DerivativeT" value="8.000000" />
  <attribute name="DerivativeI" value="8.000000" />
  <attribute name="DerivativeH" value="8.000000" />
  <attribute name="Loop Time for DT" value="1.000000" />
  <attribute name="Output H" value="8388608"/>
  <attribute name="Output I" value="200"/>
  <attribute name="Output T" value="4"/>
  <attribute name="Target GC Util Change" value ="20.000000" />
  <attribute name="Current GC Util Change" value="78.000000"/>
  <attribute name="GC Util currently" value="78" />
  <attribute name="CPU Util currently" value="7558877069764" />
<exclusive-end id="72" timestamp="2019-06-16T23:05:12.632" durationms="5.315" />

<exclusive-start id="73" timestamp="2019-06-16T23:05:12.632" intervalms="5.873">
  <response-info timems="0.033" idlems="0.033" threads="0" lastid="00000000019E0700" lastname="main" />
</exclusive-start>
<allocation-taxation id="74" taxation-threshold="3145728" timestamp="2019-06-16T23:05:12.632" intervalms="5.855" />
<cycle-start id="75" type="global mark phase" contextid="0" timestamp="2019-06-16T23:05:12.633" intervalms="16.207" />
<gc-start id="76" type="global mark phase" contextid="75" timestamp="2019-06-16T23:05:12.633">
  <mem-info id="77" free="3145728" total="10485760" percent="30">
    <remembered-set count="320" freebytes="417280" totalbytes="418560" percent="99" regionsoverflowed="0" regionsstable="0" regionsrebuilding="0"/>
  </mem-info>
</gc-start>
<gc-op id="78" type="mark increment" timems="1.116" contextid="75" timestamp="2019-06-16T23:05:12.634">
  <trace-info objectcount="89" scancount="0" scanbytes="0" />
</gc-op>
<gc-end id="79" type="global mark phase" contextid="75" durationms="1.216" usertimems="4.000" systemtimems="0.000" timestamp="2019-06-16T23:05:12.634" activeThreads="4">
  <mem-info id="80" free="3145728" total="10485760" percent="30">
    <remembered-set count="320" freebytes="417280" totalbytes="418560" percent="99" regionsoverflowed="0" regionsstable="0" regionsrebuilding="0"/>
  </mem-info>
</gc-end>
<concurrent-start id="81" type="GMP work packet processing" contextid="75" timestamp="2019-06-16T23:05:12.634">
  <concurrent-mark-start scanTarget="18446744073709551615" />
</concurrent-start>
<concurrent-end id="82" type="GMP work packet processing" contextid="75" timestamp="2019-06-16T23:05:12.636">
  <concurrent-mark-end bytesScanned="527580" reasonForTermination="Completed all work in GC phase" />
</concurrent-end>

<exclusive-end id="83" timestamp="2019-06-16T23:05:12.636" durationms="3.358" />

<exclusive-start id="84" timestamp="2019-06-16T23:05:12.636" intervalms="3.873">
  <response-info timems="0.019" idlems="0.019" threads="0" lastid="00000000019E0700" lastname="main" />
</exclusive-start>
<allocation-taxation id="85" taxation-threshold="3145728" timestamp="2019-06-16T23:05:12.636" intervalms="3.906" />
<cycle-start id="86" type="partial gc" contextid="0" timestamp="2019-06-16T23:05:12.636" intervalms="9.784" />
<gc-start id="87" type="partial gc" contextid="86" timestamp="2019-06-16T23:05:12.637">
  <mem-info id="88" free="0" total="10485760" percent="0">
    <mem type="eden" free="1026408" total="7340032" percent="13" />
    <remembered-set count="320" freebytes="417280" totalbytes="418560" percent="99" regionsoverflowed="0" regionsstable="0" regionsrebuilding="0"/>
  </mem-info>
</gc-start>
<allocation-stats totalBytes="4826728" >
  <allocated-bytes non-tlh="135600" tlh="4691128" arrayletleaf="0"/>
  <largest-consumer threadName="main" threadId="00000000019E0700" bytes="2370568" />
</allocation-stats>
<gc-op id="89" type="mark" timems="6.373" contextid="86" timestamp="2019-06-16T23:05:12.644">
  <trace-info objectcount="2" scancount="1" scanbytes="24" />
  <remembered-set-cleared processed="97" cleared="0" durationms="0.053" />
  <stringconstants candidates="2485" cleared="0"  />
  <warning details="Mark invoked due to insufficient free space for Copy-Forward" />
</gc-op>
<gc-op id="90" type="classunload" timems="0.002" contextid="86" timestamp="2019-06-16T23:05:12.644">
  <classunload-info classloadercandidates="6" classloadersunloaded="0" classesunloaded="0" anonymousclassesunloaded="0" quiescems="0.000" setupms="0.002" scanms="0.000" postms="0.000" />
</gc-op>
<gc-op id="91" type="sweep" timems="0.741" contextid="86" timestamp="2019-06-16T23:05:12.645" />
<gc-op id="92" type="compact" timems="1.993" contextid="86" timestamp="2019-06-16T23:05:12.647">
  <compact-info movecount="2" movebytes="25240" />
  <remembered-set-cleared processed="194" cleared="0" durationms="0.053" />
</gc-op>
<gc-end id="93" type="partial gc" contextid="86" durationms="10.694" usertimems="8.000" systemtimems="4.000" timestamp="2019-06-16T23:05:12.647" activeThreads="4">
  <mem-info id="94" free="6291456" total="10485760" percent="60">
    <mem type="eden" free="1023336" total="1048576" percent="97" />
    <remembered-set count="320" freebytes="417280" totalbytes="418560" percent="99" regionsoverflowed="0" regionsstable="0" regionsrebuilding="0"/>
  </mem-info>
</gc-end>
<cycle-end id="95" type="partial gc" contextid="86" timestamp="2019-06-16T23:05:12.647" />
  <attribute name="elasticGC enabled" value="1" />
  <attribute name= "numThreadsSpecified" value="4" />
  <attribute name="heapSize specified" value="0" />
  <attribute name="Current GC Util" value="57" />
  <attribute name= "Current Time Running" value="12743" />
  <attribute name ="GC Interval" value="0" />
  <attribute name="ProportionalT" value="18.500000" />
  <attribute name="ProportionalI" value="18.500000" />
  <attribute name="ProportionalH" value="18.500000" />
  <attribute name="Current Error" value="37.000000" />
  <attribute name="IntegralT" value="18.500000" />
  <attribute name="IntegralI" value="18.500000" />
  <attribute name="IntegralH" value="18.500000" />
  <attribute name="DerivativeT" value="-34.000000" />
  <attribute name="DerivativeI" value="-34.000000" />
  <attribute name="DerivativeH" value="-34.000000" />
  <attribute name="Loop Time for DT" value="1.000000" />
  <attribute name="Output H" value="8388608"/>
  <attribute name="Output I" value="200"/>
  <attribute name="Output T" value="4"/>
  <attribute name="Target GC Util Change" value ="20.000000" />
  <attribute name="Current GC Util Change" value="57.000000"/>
  <attribute name="GC Util currently" value="57" />
  <attribute name="CPU Util currently" value="4882695127839" />
<exclusive-end id="96" timestamp="2019-06-16T23:05:12.648" durationms="11.208" />

<exclusive-start id="97" timestamp="2019-06-16T23:05:12.648" intervalms="11.828">
  <response-info timems="0.060" idlems="0.060" threads="0" lastid="00000000019E0700" lastname="main" />
</exclusive-start>
<sys-start reason="explicit" id="98" timestamp="2019-06-16T23:05:12.648" intervalms="12866.251" />
<cycle-continue id="99" oldtype="global mark phase" newtype="global garbage collect" contextid="75" timestamp="2019-06-16T23:05:12.648" />
  <attribute name="elasticGC enabled" value="1" />
  <attribute name= "numThreadsSpecified" value="4" />
  <attribute name="heapSize specified" value="0" />
  <attribute name="Current GC Util" value="57" />
  <attribute name= "Current Time Running" value="12743" />
  <attribute name ="GC Interval" value="0" />
  <attribute name="ProportionalT" value="18.500000" />
  <attribute name="ProportionalI" value="18.500000" />
  <attribute name="ProportionalH" value="18.500000" />
  <attribute name="IntegralT" value="18.500000" />
  <attribute name="IntegralI" value="18.500000" />
  <attribute name="IntegralH" value="18.500000" />
  <attribute name="DerivativeT" value="-34.000000" />
  <attribute name="DerivativeI" value="-34.000000" />
  <attribute name="DerivativeH" value="-34.000000" />
  <attribute name="Current Error" value="37.000000" />
  <attribute name="Target GC Util Change" value ="20.000000" />
  <attribute name="Current GC Util Change" value="57.000000"/>
  <attribute name="Loop Time for DT" value="1.000000" />
  <attribute name="Output H" value="8388608"/>
  <attribute name="Output I" value="200"/>
  <attribute name="Output T" value="4"/>
  <attribute name="GC Util currently" value="57" />
  <attribute name="CPU Util currently" value="4882695127839" />
<gc-start id="100" type="global garbage collect" contextid="75" timestamp="2019-06-16T23:05:12.648">
  <mem-info id="101" free="3224448" total="10485760" percent="30">
    <mem type="eden" free="1102056" total="4194304" percent="26" />
    <remembered-set count="320" freebytes="417280" totalbytes="418560" percent="99" regionsoverflowed="0" regionsstable="0" regionsrebuilding="0"/>
  </mem-info>
</gc-start>
<allocation-stats totalBytes="2567072" >
  <allocated-bytes non-tlh="204416" tlh="2362656" arrayletleaf="0"/>
  <largest-consumer threadName="main" threadId="00000000019E0700" bytes="2567072" />
</allocation-stats>
<gc-op id="102" type="global mark" timems="2.398" contextid="75" timestamp="2019-06-16T23:05:12.651">
  <trace-info objectcount="38" scancount="19" scanbytes="304" />
  <cardclean-info objects="15" bytes="648" />
  <finalization candidates="45" enqueued="0" />
  <ownableSynchronizers candidates="1" cleared="0" />
  <references type="soft" candidates="66" cleared="0" enqueued="0" dynamicThreshold="19" maxThreshold="32" />
  <references type="weak" candidates="382" cleared="0" enqueued="0" />
  <references type="phantom" candidates="80" cleared="0" enqueued="0" />
  <stringconstants candidates="2485" cleared="0"  />
</gc-op>
<gc-op id="103" type="classunload" timems="0.002" contextid="75" timestamp="2019-06-16T23:05:12.651">
  <classunload-info classloadercandidates="6" classloadersunloaded="0" classesunloaded="0" anonymousclassesunloaded="0" quiescems="0.000" setupms="0.001" scanms="0.000" postms="0.000" />
</gc-op>
<gc-op id="104" type="sweep" timems="1.809" contextid="75" timestamp="2019-06-16T23:05:12.653" />
<gc-op id="105" type="compact" timems="4.708" contextid="75" timestamp="2019-06-16T23:05:12.658">
  <compact-info movecount="40" movebytes="28944" />
  <remembered-set-cleared processed="103" cleared="103" durationms="0.044" />
</gc-op>
<gc-end id="106" type="global garbage collect" contextid="75" durationms="9.971" usertimems="12.000" systemtimems="0.000" timestamp="2019-06-16T23:05:12.658" activeThreads="4">
  <mem-info id="107" free="6291456" total="10485760" percent="60">
    <remembered-set count="1024" freebytes="414464" totalbytes="418560" percent="99" regionsoverflowed="0" regionsstable="0" regionsrebuilding="0"/>
  </mem-info>
</gc-end>
<cycle-end id="108" type="global garbage collect" contextid="75" timestamp="2019-06-16T23:05:12.658" />
  <attribute name="elasticGC enabled" value="1" />
  <attribute name= "numThreadsSpecified" value="4" />
  <attribute name="heapSize specified" value="0" />
  <attribute name="Current GC Util" value="78" />
  <attribute name= "Current Time Running" value="12751" />
  <attribute name ="GC Interval" value="0" />
  <attribute name="ProportionalT" value="29.000000" />
  <attribute name="ProportionalI" value="29.000000" />
  <attribute name="ProportionalH" value="29.000000" />
  <attribute name="Current Error" value="58.000000" />
  <attribute name="IntegralT" value="58.000000" />
  <attribute name="IntegralI" value="58.000000" />
  <attribute name="IntegralH" value="58.000000" />
  <attribute name="DerivativeT" value="16.500000" />
  <attribute name="DerivativeI" value="16.500000" />
  <attribute name="DerivativeH" value="16.500000" />
  <attribute name="Loop Time for DT" value="2.000000" />
  <attribute name="Output H" value="8388608"/>
  <attribute name="Output I" value="200"/>
  <attribute name="Output T" value="4"/>
  <attribute name="Target GC Util Change" value ="20.000000" />
  <attribute name="Current GC Util Change" value="78.000000"/>
  <attribute name="GC Util currently" value="78" />
  <attribute name="CPU Util currently" value="2304828883935" />
<sys-end id="109" timestamp="2019-06-16T23:05:12.659" />
<exclusive-end id="110" timestamp="2019-06-16T23:05:12.659" durationms="10.710" />

<exclusive-start id="111" timestamp="2019-06-16T23:05:13.142" intervalms="493.689">
  <response-info timems="0.033" idlems="0.033" threads="0" lastid="00000000019E0700" lastname="main" />
</exclusive-start>
<allocation-taxation id="112" taxation-threshold="6291456" timestamp="2019-06-16T23:05:13.142" intervalms="505.531" />
<cycle-start id="113" type="partial gc" contextid="0" timestamp="2019-06-16T23:05:13.142" intervalms="505.609" />
<gc-start id="114" type="partial gc" contextid="113" timestamp="2019-06-16T23:05:13.142">
  <mem-info id="115" free="0" total="10485760" percent="0">
    <mem type="eden" free="0" total="6291456" percent="0" />
    <remembered-set count="704" freebytes="415744" totalbytes="418560" percent="99" regionsoverflowed="0" regionsstable="0" regionsrebuilding="0"/>
  </mem-info>
</gc-start>
<allocation-stats totalBytes="6284344" >
  <allocated-bytes non-tlh="184792" tlh="6099552" arrayletleaf="0"/>
  <largest-consumer threadName="main" threadId="00000000019E0700" bytes="6284344" />
</allocation-stats>
<gc-op id="116" type="mark" timems="1.304" contextid="113" timestamp="2019-06-16T23:05:13.144">
  <trace-info objectcount="9117" scancount="6262" scanbytes="202084" />
  <cardclean-info objects="572" bytes="22764" />
  <remembered-set-cleared processed="97" cleared="28" durationms="0.063" />
  <references type="soft" candidates="3" cleared="0" enqueued="0" dynamicThreshold="19" maxThreshold="32" />
  <references type="weak" candidates="77" cleared="73" enqueued="73" />
  <references type="phantom" candidates="8" cleared="3" enqueued="3" />
  <stringconstants candidates="3372" cleared="0"  />
  <warning details="Mark invoked due to insufficient free space for Copy-Forward" />
</gc-op>
<gc-op id="117" type="classunload" timems="0.001" contextid="113" timestamp="2019-06-16T23:05:13.144">
  <classunload-info classloadercandidates="6" classloadersunloaded="0" classesunloaded="0" anonymousclassesunloaded="0" quiescems="0.000" setupms="0.001" scanms="0.000" postms="0.000" />
</gc-op>
<gc-op id="118" type="sweep" timems="0.331" contextid="113" timestamp="2019-06-16T23:05:13.145" />
<gc-op id="119" type="compact" timems="1.125" contextid="113" timestamp="2019-06-16T23:05:13.146">
  <compact-info movecount="9111" movebytes="575184" />
  <remembered-set-cleared processed="1656" cleared="1515" durationms="0.063" />
</gc-op>
<gc-end id="120" type="partial gc" contextid="113" durationms="4.056" usertimems="8.000" systemtimems="0.000" timestamp="2019-06-16T23:05:13.146" activeThreads="4">
  <mem-info id="121" free="5242880" total="10485760" percent="50">
    <mem type="eden" free="473016" total="1048576" percent="45" />
    <pending-finalizers system="0" default="0" reference="76" classloader="0" />
    <remembered-set count="2176" freebytes="409856" totalbytes="418560" percent="97" regionsoverflowed="0" regionsstable="0" regionsrebuilding="0"/>
  </mem-info>
</gc-end>
<cycle-end id="122" type="partial gc" contextid="113" timestamp="2019-06-16T23:05:13.147" />
  <attribute name="elasticGC enabled" value="1" />
  <attribute name= "numThreadsSpecified" value="4" />
  <attribute name="heapSize specified" value="0" />
  <attribute name="Current GC Util" value="46" />
  <attribute name= "Current Time Running" value="13243" />
  <attribute name ="GC Interval" value="0" />
  <attribute name="ProportionalT" value="13.000000" />
  <attribute name="ProportionalI" value="13.000000" />
  <attribute name="ProportionalH" value="13.000000" />
  <attribute name="Current Error" value="26.000000" />
  <attribute name="IntegralT" value="13.000000" />
  <attribute name="IntegralI" value="13.000000" />
  <attribute name="IntegralH" value="13.000000" />
  <attribute name="DerivativeT" value="-74.000000" />
  <attribute name="DerivativeI" value="-74.000000" />
  <attribute name="DerivativeH" value="-74.000000" />
  <attribute name="Loop Time for DT" value="1.000000" />
  <attribute name="Output H" value="2091843584"/>
  <attribute name="Output I" value="200"/>
  <attribute name="Output T" value="4"/>
  <attribute name="Target GC Util Change" value ="20.000000" />
  <attribute name="Current GC Util Change" value="46.000000"/>
  <attribute name="GC Util currently" value="46" />
  <attribute name="CPU Util currently" value="9058667344631" />
<exclusive-end id="123" timestamp="2019-06-16T23:05:13.147" durationms="4.860" />

<exclusive-start id="124" timestamp="2019-06-16T23:05:13.700" intervalms="558.448">
  <response-info timems="0.106" idlems="0.057" threads="1" lastid="00000000019E4300" lastname="JIT Compilation Thread-0" />
</exclusive-start>
<allocation-taxation id="125" taxation-threshold="5242880" timestamp="2019-06-16T23:05:13.700" intervalms="558.430" />
<cycle-start id="126" type="partial gc" contextid="0" timestamp="2019-06-16T23:05:13.700" intervalms="558.323" />
<gc-start id="127" type="partial gc" contextid="126" timestamp="2019-06-16T23:05:13.701">
  <mem-info id="128" free="0" total="10485760" percent="0">
    <mem type="eden" free="0" total="5242880" percent="0" />
    <remembered-set count="1280" freebytes="413440" totalbytes="418560" percent="98" regionsoverflowed="0" regionsstable="1" regionsrebuilding="0"/>
  </mem-info>
</gc-start>
<allocation-stats totalBytes="5214264" >
  <allocated-bytes non-tlh="371416" tlh="4842848" arrayletleaf="0"/>
  <largest-consumer threadName="main" threadId="00000000019E0700" bytes="1687992" />
</allocation-stats>
<gc-op id="129" type="mark" timems="1.368" contextid="126" timestamp="2019-06-16T23:05:13.702">
  <trace-info objectcount="16539" scancount="11730" scanbytes="383544" />
  <cardclean-info objects="672" bytes="27772" />
  <remembered-set-cleared processed="303" cleared="264" durationms="0.057" />
  <finalization candidates="6" enqueued="0" />
  <ownableSynchronizers candidates="7" cleared="0" />
  <references type="soft" candidates="3" cleared="0" enqueued="0" dynamicThreshold="16" maxThreshold="32" />
  <references type="weak" candidates="439" cleared="221" enqueued="144" />
  <references type="phantom" candidates="7" cleared="0" enqueued="0" />
  <stringconstants candidates="3543" cleared="0"  />
  <warning details="Mark invoked due to insufficient free space for Copy-Forward" />
</gc-op>
<gc-op id="130" type="classunload" timems="0.001" contextid="126" timestamp="2019-06-16T23:05:13.703">
  <classunload-info classloadercandidates="6" classloadersunloaded="0" classesunloaded="0" anonymousclassesunloaded="0" quiescems="0.000" setupms="0.001" scanms="0.000" postms="0.000" />
</gc-op>
<gc-op id="131" type="sweep" timems="0.287" contextid="126" timestamp="2019-06-16T23:05:13.703" />
<gc-op id="132" type="compact" timems="1.616" contextid="126" timestamp="2019-06-16T23:05:13.705">
  <compact-info movecount="16407" movebytes="1191392" />
  <remembered-set-cleared processed="961" cleared="880" durationms="0.057" />
</gc-op>
<gc-end id="133" type="partial gc" contextid="126" durationms="4.317" usertimems="8.000" systemtimems="0.000" timestamp="2019-06-16T23:05:13.705" activeThreads="4">
  <mem-info id="134" free="4194304" total="10485760" percent="40">
    <mem type="eden" free="94952" total="1048576" percent="9" />
    <pending-finalizers system="0" default="0" reference="144" classloader="0" />
    <remembered-set count="2208" freebytes="409728" totalbytes="418560" percent="97" regionsoverflowed="0" regionsstable="1" regionsrebuilding="0"/>
  </mem-info>
</gc-end>
<cycle-end id="135" type="partial gc" contextid="126" timestamp="2019-06-16T23:05:13.705" />
  <attribute name="elasticGC enabled" value="1" />
  <attribute name= "numThreadsSpecified" value="4" />
  <attribute name="heapSize specified" value="0" />
  <attribute name="Current GC Util" value="45" />
  <attribute name= "Current Time Running" value="13801" />
  <attribute name ="GC Interval" value="0" />
  <attribute name="ProportionalT" value="12.500000" />
  <attribute name="ProportionalI" value="12.500000" />
  <attribute name="ProportionalH" value="12.500000" />
  <attribute name="Current Error" value="25.000000" />
  <attribute name="IntegralT" value="12.500000" />
  <attribute name="IntegralI" value="12.500000" />
  <attribute name="IntegralH" value="12.500000" />
  <attribute name="DerivativeT" value="-106.000000" />
  <attribute name="DerivativeI" value="-106.000000" />
  <attribute name="DerivativeH" value="-106.000000" />
  <attribute name="Loop Time for DT" value="1.000000" />
  <attribute name="Output H" value="2091843584"/>
  <attribute name="Output I" value="200"/>
  <attribute name="Output T" value="4"/>
  <attribute name="Target GC Util Change" value ="20.000000" />
  <attribute name="Current GC Util Change" value="45.000000"/>
  <attribute name="GC Util currently" value="45" />
  <attribute name="CPU Util currently" value="10316578602055" />
<exclusive-end id="136" timestamp="2019-06-16T23:05:13.705" durationms="4.941" />

<exclusive-start id="137" timestamp="2019-06-16T23:05:13.743" intervalms="43.175">
  <response-info timems="0.069" idlems="0.036" threads="1" lastid="0000000001CF0C00" lastname="PmdThread 1" />
</exclusive-start>
<allocation-taxation id="138" taxation-threshold="2097152" timestamp="2019-06-16T23:05:13.744" intervalms="43.175" />
<cycle-start id="139" type="global mark phase" contextid="0" timestamp="2019-06-16T23:05:13.744" intervalms="1111.068" />
<gc-start id="140" type="global mark phase" contextid="139" timestamp="2019-06-16T23:05:13.744">
  <mem-info id="141" free="2097152" total="10485760" percent="20">
    <remembered-set count="1920" freebytes="410880" totalbytes="418560" percent="98" regionsoverflowed="0" regionsstable="1" regionsrebuilding="0"/>
  </mem-info>
</gc-start>
<gc-op id="142" type="mark increment" timems="0.423" contextid="139" timestamp="2019-06-16T23:05:13.744">
  <trace-info objectcount="308" scancount="0" scanbytes="0" />
</gc-op>
<gc-end id="143" type="global mark phase" contextid="139" durationms="0.543" usertimems="4.000" systemtimems="0.000" timestamp="2019-06-16T23:05:13.744" activeThreads="4">
  <mem-info id="144" free="2097152" total="10485760" percent="20">
    <remembered-set count="1920" freebytes="410880" totalbytes="418560" percent="98" regionsoverflowed="0" regionsstable="0" regionsrebuilding="1"/>
  </mem-info>
</gc-end>
<concurrent-start id="145" type="GMP work packet processing" contextid="139" timestamp="2019-06-16T23:05:13.744">
  <concurrent-mark-start scanTarget="18446744073709551615" />
</concurrent-start>
<exclusive-end id="146" timestamp="2019-06-16T23:05:13.744" durationms="0.959" />

<concurrent-end id="147" type="GMP work packet processing" contextid="139" timestamp="2019-06-16T23:05:13.747">
  <concurrent-mark-end bytesScanned="1199128" reasonForTermination="Completed all work in GC phase" />
</concurrent-end>

<exclusive-start id="148" timestamp="2019-06-16T23:05:13.776" intervalms="32.226">
  <response-info timems="0.069" idlems="0.034" threads="2" lastid="00000000019E7F00" lastname="JIT Compilation Thread-1" />
</exclusive-start>
<allocation-taxation id="149" taxation-threshold="2097152" timestamp="2019-06-16T23:05:13.776" intervalms="32.226" />
<cycle-start id="150" type="partial gc" contextid="0" timestamp="2019-06-16T23:05:13.776" intervalms="75.427" />
<gc-start id="151" type="partial gc" contextid="150" timestamp="2019-06-16T23:05:13.776">
  <mem-info id="152" free="0" total="10485760" percent="0">
    <mem type="eden" free="94952" total="5242880" percent="1" />
    <remembered-set count="3648" freebytes="403968" totalbytes="418560" percent="96" regionsoverflowed="0" regionsstable="0" regionsrebuilding="1"/>
  </mem-info>
</gc-start>
<allocation-stats totalBytes="4191056" >
  <allocated-bytes non-tlh="75880" tlh="4115176" arrayletleaf="0"/>
  <largest-consumer threadName="PmdThread 2" threadId="0000000001CF4800" bytes="738888" />
</allocation-stats>
<gc-op id="153" type="mark" timems="2.400" contextid="150" timestamp="2019-06-16T23:05:13.779">
  <trace-info objectcount="29633" scancount="24134" scanbytes="805136" />
  <cardclean-info objects="597" bytes="28852" />
  <remembered-set-cleared processed="2468" cleared="1515" durationms="0.078" />
  <finalization candidates="12" enqueued="0" />
  <ownableSynchronizers candidates="7" cleared="0" />
  <references type="soft" candidates="32" cleared="0" enqueued="0" dynamicThreshold="6" maxThreshold="32" />
  <references type="weak" candidates="362" cleared="41" enqueued="35" />
  <references type="phantom" candidates="9" cleared="4" enqueued="4" />
  <stringconstants candidates="4498" cleared="0"  />
  <warning details="Mark invoked due to insufficient free space for Copy-Forward" />
</gc-op>
<gc-op id="154" type="classunload" timems="0.002" contextid="150" timestamp="2019-06-16T23:05:13.779">
  <classunload-info classloadercandidates="6" classloadersunloaded="0" classesunloaded="0" anonymousclassesunloaded="0" quiescems="0.000" setupms="0.002" scanms="0.000" postms="0.000" />
</gc-op>
<gc-op id="155" type="sweep" timems="0.371" contextid="150" timestamp="2019-06-16T23:05:13.779" />
<gc-op id="156" type="compact" timems="4.371" contextid="150" timestamp="2019-06-16T23:05:13.784">
  <compact-info movecount="29582" movebytes="1474120" />
  <remembered-set-cleared processed="6299" cleared="4390" durationms="0.078" />
</gc-op>
<heap-resize id="157" type="expand" space="default" amount="2097152" count="1" timems="0.069" reason="insufficient free space following gc" timestamp="2019-06-16T23:05:13.784" />
<gc-end id="158" type="partial gc" contextid="150" durationms="8.384" usertimems="4.000" systemtimems="4.000" timestamp="2019-06-16T23:05:13.784" activeThreads="1">
  <mem-info id="159" free="5242880" total="12582912" percent="41">
    <mem type="eden" free="620696" total="2097152" percent="29" />
    <pending-finalizers system="0" default="0" reference="39" classloader="0" />
    <remembered-set count="4480" freebytes="484352" totalbytes="502272" percent="96" regionsoverflowed="0" regionsstable="0" regionsrebuilding="1"/>
  </mem-info>
</gc-end>
<cycle-end id="160" type="partial gc" contextid="150" timestamp="2019-06-16T23:05:13.785" />
  <attribute name="elasticGC enabled" value="1" />
  <attribute name= "numThreadsSpecified" value="1" />
  <attribute name="heapSize specified" value="0" />
  <attribute name="Current GC Util" value="47" />
  <attribute name= "Current Time Running" value="13877" />
  <attribute name ="GC Interval" value="0" />
  <attribute name="ProportionalT" value="13.500000" />
  <attribute name="ProportionalI" value="13.500000" />
  <attribute name="ProportionalH" value="13.500000" />
  <attribute name="Current Error" value="27.000000" />
  <attribute name="IntegralT" value="0.000000" />
  <attribute name="IntegralI" value="0.000000" />
  <attribute name="IntegralH" value="0.000000" />
  <attribute name="DerivativeT" value="inf" />
  <attribute name="DerivativeI" value="inf" />
  <attribute name="DerivativeH" value="inf" />
  <attribute name="Loop Time for DT" value="0.000000" />
  <attribute name="Output H" value="8388608"/>
  <attribute name="Output I" value="200"/>
  <attribute name="Output T" value="1"/>
  <attribute name="Target GC Util Change" value ="20.000000" />
  <attribute name="Current GC Util Change" value="47.000000"/>
  <attribute name="GC Util currently" value="47" />
  <attribute name="CPU Util currently" value="8394331104952" />
<exclusive-end id="161" timestamp="2019-06-16T23:05:13.785" durationms="9.054" />

<exclusive-start id="162" timestamp="2019-06-16T23:05:13.816" intervalms="40.710">
  <response-info timems="0.118" idlems="0.044" threads="2" lastid="0000000001CF0C00" lastname="PmdThread 1" />
</exclusive-start>
<allocation-taxation id="163" taxation-threshold="2097152" timestamp="2019-06-16T23:05:13.816" intervalms="40.716" />
<gc-start id="164" type="global mark phase" contextid="139" timestamp="2019-06-16T23:05:13.817">
  <mem-info id="165" free="3145728" total="12582912" percent="25">
    <remembered-set count="4320" freebytes="484992" totalbytes="502272" percent="96" regionsoverflowed="0" regionsstable="0" regionsrebuilding="1"/>
  </mem-info>
</gc-start>
<gc-op id="166" type="mark increment" timems="2.155" contextid="139" timestamp="2019-06-16T23:05:13.819">
  <trace-info objectcount="36955" scancount="30871" scanbytes="1038184" />
  <cardclean-info objects="935" bytes="42360" />
  <finalization candidates="57" enqueued="0" />
  <ownableSynchronizers candidates="8" cleared="0" />
  <references type="soft" candidates="102" cleared="0" enqueued="0" dynamicThreshold="13" maxThreshold="32" />
  <references type="weak" candidates="708" cleared="1" enqueued="1" />
  <references type="phantom" candidates="92" cleared="3" enqueued="3" />
  <stringconstants candidates="4596" cleared="4"  />
</gc-op>
<gc-op id="167" type="classunload" timems="0.002" contextid="139" timestamp="2019-06-16T23:05:13.819">
  <classunload-info classloadercandidates="6" classloadersunloaded="0" classesunloaded="0" anonymousclassesunloaded="0" quiescems="0.000" setupms="0.002" scanms="0.000" postms="0.000" />
</gc-op>
<gc-end id="168" type="global mark phase" contextid="139" durationms="2.410" usertimems="4.000" systemtimems="0.000" timestamp="2019-06-16T23:05:13.819" activeThreads="4">
  <mem-info id="169" free="3145728" total="12582912" percent="25">
    <pending-finalizers system="0" default="0" reference="4" classloader="0" />
    <remembered-set count="6880" freebytes="474752" totalbytes="502272" percent="94" regionsoverflowed="0" regionsstable="0" regionsrebuilding="0"/>
  </mem-info>
</gc-end>
<cycle-end id="170" type="global mark phase" contextid="139" timestamp="2019-06-16T23:05:13.819" />
  <attribute name="elasticGC enabled" value="1" />
  <attribute name= "numThreadsSpecified" value="4" />
  <attribute name="heapSize specified" value="0" />
  <attribute name="Current GC Util" value="167" />
  <attribute name= "Current Time Running" value="13916" />
  <attribute name ="GC Interval" value="0" />
  <attribute name="ProportionalT" value="73.500000" />
  <attribute name="ProportionalI" value="73.500000" />
  <attribute name="ProportionalH" value="73.500000" />
  <attribute name="Current Error" value="147.000000" />
  <attribute name="IntegralT" value="73.500000" />
  <attribute name="IntegralI" value="73.500000" />
  <attribute name="IntegralH" value="73.500000" />
  <attribute name="DerivativeT" value="-21.000000" />
  <attribute name="DerivativeI" value="-21.000000" />
  <attribute name="DerivativeH" value="-21.000000" />
  <attribute name="Loop Time for DT" value="1.000000" />
  <attribute name="Output H" value="8388608"/>
  <attribute name="Output I" value="200"/>
  <attribute name="Output T" value="4"/>
  <attribute name="Target GC Util Change" value ="20.000000" />
  <attribute name="Current GC Util Change" value="167.000000"/>
  <attribute name="GC Util currently" value="167" />
  <attribute name="CPU Util currently" value="4022726652945" />
<exclusive-end id="171" timestamp="2019-06-16T23:05:13.819" durationms="2.771" />

<exclusive-start id="172" timestamp="2019-06-16T23:05:13.844" intervalms="27.750">
  <response-info timems="0.060" idlems="0.032" threads="1" lastid="0000000001CF0C00" lastname="PmdThread 1" />
</exclusive-start>
<allocation-taxation id="173" taxation-threshold="2097152" timestamp="2019-06-16T23:05:13.844" intervalms="27.751" />
<cycle-start id="174" type="partial gc" contextid="0" timestamp="2019-06-16T23:05:13.844" intervalms="68.474" />
<gc-start id="175" type="partial gc" contextid="174" timestamp="2019-06-16T23:05:13.845">
  <mem-info id="176" free="1048576" total="12582912" percent="8">
    <mem type="eden" free="206168" total="5242880" percent="3" />
    <remembered-set count="2688" freebytes="491520" totalbytes="502272" percent="97" regionsoverflowed="0" regionsstable="1" regionsrebuilding="0"/>
  </mem-info>
</gc-start>
<allocation-stats totalBytes="4142640" >
  <allocated-bytes non-tlh="16544" tlh="4126096" arrayletleaf="0"/>
  <largest-consumer threadName="PmdThread 2" threadId="0000000001CF4800" bytes="835600" />
</allocation-stats>
<gc-op id="177" type="sweep" timems="0.369" contextid="174" timestamp="2019-06-16T23:05:13.845" />
<gc-op id="178" type="copy forward" timems="5.136" contextid="174" timestamp="2019-06-16T23:05:13.851">
  <memory-copied type="eden" objects="1045" bytes="28128" bytesdiscarded="0" />
  <memory-copied type="other" objects="29527" bytes="1152448" bytesdiscarded="0" />
  <memory-cardclean objects="861" bytes="39064" />
  <memory-traced type="eden" objects="3407" bytes="79296" />
  <memory-traced type="other" objects="0" bytes="0" />
  <regions eden="2" other="3" evacuated="4" marked="1" />
  <remembered-set-cleared processed="1795" cleared="1190" durationms="0.069" />
  <finalization candidates="6" enqueued="0" />
  <references type="soft" candidates="33" cleared="0" enqueued="0" dynamicThreshold="8" maxThreshold="32" />
  <references type="weak" candidates="147" cleared="0" enqueued="0" />
  <references type="phantom" candidates="5" cleared="0" enqueued="0" />
  <stringconstants candidates="4601" cleared="0"  />
  <heap-resize type="expand" space="default" amount="1048576" count="1" timems="0.055" reason="continue current collection" />
</gc-op>
<gc-op id="179" type="classunload" timems="0.002" contextid="174" timestamp="2019-06-16T23:05:13.851">
  <classunload-info classloadercandidates="6" classloadersunloaded="0" classesunloaded="0" anonymousclassesunloaded="0" quiescems="0.000" setupms="0.002" scanms="0.000" postms="0.000" />
</gc-op>
<gc-op id="180" type="compact" timems="1.367" contextid="174" timestamp="2019-06-16T23:05:13.852">
  <compact-info movecount="4384" movebytes="134464" />
  <remembered-set-cleared processed="4735" cleared="1724" durationms="0.069" />
</gc-op>
<heap-resize id="181" type="expand" space="default" amount="2097152" count="1" timems="0.059" reason="insufficient free space following gc" timestamp="2019-06-16T23:05:13.853" />
<gc-end id="182" type="partial gc" contextid="174" durationms="8.163" usertimems="0.000" systemtimems="12.000" timestamp="2019-06-16T23:05:13.853" activeThreads="4">
  <mem-info id="183" free="6291456" total="15728640" percent="40">
    <mem type="eden" free="1829768" total="3145728" percent="58" />
    <remembered-set count="4736" freebytes="608896" totalbytes="627840" percent="96" regionsoverflowed="0" regionsstable="1" regionsrebuilding="0"/>
  </mem-info>
</gc-end>
<cycle-end id="184" type="partial gc" contextid="174" timestamp="2019-06-16T23:05:13.853" />
  <attribute name="elasticGC enabled" value="1" />
  <attribute name= "numThreadsSpecified" value="4" />
  <attribute name="heapSize specified" value="0" />
  <attribute name="Current GC Util" value="0" />
  <attribute name= "Current Time Running" value="13949" />
  <attribute name ="GC Interval" value="0" />
  <attribute name="ProportionalT" value="-10.000000" />
  <attribute name="ProportionalI" value="-10.000000" />
  <attribute name="ProportionalH" value="-10.000000" />
  <attribute name="Current Error" value="-20.000000" />
  <attribute name="IntegralT" value="-60.000000" />
  <attribute name="IntegralI" value="-60.000000" />
  <attribute name="IntegralH" value="-60.000000" />
  <attribute name="DerivativeT" value="-10.000000" />
  <attribute name="DerivativeI" value="-10.000000" />
  <attribute name="DerivativeH" value="-10.000000" />
  <attribute name="Loop Time for DT" value="6.000000" />
  <attribute name="Output H" value="2091843584"/>
  <attribute name="Output I" value="200"/>
  <attribute name="Output T" value="4"/>
  <attribute name="Target GC Util Change" value ="20.000000" />
  <attribute name="Current GC Util Change" value="0.000000"/>
  <attribute name="GC Util currently" value="0" />
  <attribute name="CPU Util currently" value="840061419817" />
<exclusive-end id="185" timestamp="2019-06-16T23:05:13.853" durationms="8.882" />

<exclusive-start id="186" timestamp="2019-06-16T23:05:13.873" intervalms="29.357">
  <response-info timems="4.638" idlems="2.333" threads="1" lastid="00000000019E7F00" lastname="JIT Compilation Thread-1" />
</exclusive-start>
<allocation-taxation id="187" taxation-threshold="3145728" timestamp="2019-06-16T23:05:13.874" intervalms="29.379" />
<cycle-start id="188" type="global mark phase" contextid="0" timestamp="2019-06-16T23:05:13.874" intervalms="130.073" />
<gc-start id="189" type="global mark phase" contextid="188" timestamp="2019-06-16T23:05:13.874">
  <mem-info id="190" free="3145728" total="15728640" percent="20">
    <remembered-set count="4288" freebytes="610688" totalbytes="627840" percent="97" regionsoverflowed="0" regionsstable="1" regionsrebuilding="0"/>
  </mem-info>
</gc-start>
<gc-op id="191" type="mark increment" timems="0.459" contextid="188" timestamp="2019-06-16T23:05:13.874">
  <trace-info objectcount="249" scancount="0" scanbytes="0" />
</gc-op>
<gc-end id="192" type="global mark phase" contextid="188" durationms="0.587" usertimems="0.000" systemtimems="0.000" timestamp="2019-06-16T23:05:13.874" activeThreads="4">
  <mem-info id="193" free="3145728" total="15728640" percent="20">
    <remembered-set count="4288" freebytes="610688" totalbytes="627840" percent="97" regionsoverflowed="0" regionsstable="0" regionsrebuilding="1"/>
  </mem-info>
</gc-end>
<concurrent-start id="194" type="GMP work packet processing" contextid="188" timestamp="2019-06-16T23:05:13.874">
  <concurrent-mark-start scanTarget="18446744073709551615" />
</concurrent-start>
<concurrent-end id="195" type="GMP work packet processing" contextid="188" timestamp="2019-06-16T23:05:13.879">
  <concurrent-mark-end bytesScanned="1885376" reasonForTermination="Completed all work in GC phase" />
</concurrent-end>

<exclusive-end id="196" timestamp="2019-06-16T23:05:13.879" durationms="5.316" />

<exclusive-start id="197" timestamp="2019-06-16T23:05:13.914" intervalms="40.283">
  <response-info timems="0.068" idlems="0.068" threads="0" lastid="0000000001CF1700" lastname="PmdThread 3" />
</exclusive-start>
<allocation-taxation id="198" taxation-threshold="3145728" timestamp="2019-06-16T23:05:13.914" intervalms="40.282" />
<cycle-start id="199" type="partial gc" contextid="0" timestamp="2019-06-16T23:05:13.914" intervalms="69.665" />
<gc-start id="200" type="partial gc" contextid="199" timestamp="2019-06-16T23:05:13.914">
  <mem-info id="201" free="0" total="15728640" percent="0">
    <mem type="eden" free="0" total="6291456" percent="0" />
    <remembered-set count="9152" freebytes="591232" totalbytes="627840" percent="94" regionsoverflowed="0" regionsstable="0" regionsrebuilding="1"/>
  </mem-info>
</gc-start>
<allocation-stats totalBytes="6283544" >
  <allocated-bytes non-tlh="18240" tlh="6265304" arrayletleaf="0"/>
  <largest-consumer threadName="PmdThread 2" threadId="0000000001CF4800" bytes="1090416" />
</allocation-stats>
<gc-op id="202" type="mark" timems="2.895" contextid="199" timestamp="2019-06-16T23:05:13.917">
  <trace-info objectcount="31143" scancount="27578" scanbytes="776708" />
  <cardclean-info objects="6285" bytes="252512" />
  <remembered-set-cleared processed="7154" cleared="4267" durationms="0.119" />
  <references type="soft" candidates="88" cleared="0" enqueued="0" dynamicThreshold="6" maxThreshold="32" />
  <references type="weak" candidates="231" cleared="227" enqueued="227" />
  <references type="phantom" candidates="2" cleared="1" enqueued="1" />
  <stringconstants candidates="4825" cleared="1"  />
  <warning details="Mark invoked due to insufficient free space for Copy-Forward" />
</gc-op>
<gc-op id="203" type="classunload" timems="0.266" contextid="199" timestamp="2019-06-16T23:05:13.918">
  <classunload-info classloadercandidates="8" classloadersunloaded="1" classesunloaded="1" anonymousclassesunloaded="0" quiescems="0.000" setupms="0.255" scanms="0.007" postms="0.004" />
</gc-op>
<gc-op id="204" type="sweep" timems="0.361" contextid="199" timestamp="2019-06-16T23:05:13.918" />
<gc-op id="205" type="compact" timems="2.093" contextid="199" timestamp="2019-06-16T23:05:13.921">
  <compact-info movecount="31064" movebytes="1298576" />
  <remembered-set-cleared processed="16267" cleared="10986" durationms="0.119" />
</gc-op>
<heap-resize id="206" type="expand" space="default" amount="3145728" count="1" timems="0.069" reason="excessive time being spent in gc" timestamp="2019-06-16T23:05:13.921" />
<gc-end id="207" type="partial gc" contextid="199" durationms="6.721" usertimems="8.000" systemtimems="4.000" timestamp="2019-06-16T23:05:13.921" activeThreads="4">
  <mem-info id="208" free="11534336" total="18874368" percent="61">
    <mem type="eden" free="427088" total="1048576" percent="40" />
    <pending-finalizers system="0" default="0" reference="228" classloader="0" />
    <remembered-set count="7680" freebytes="722688" totalbytes="753408" percent="95" regionsoverflowed="0" regionsstable="0" regionsrebuilding="1"/>
  </mem-info>
</gc-end>
<cycle-end id="209" type="partial gc" contextid="199" timestamp="2019-06-16T23:05:13.921" />
  <attribute name="elasticGC enabled" value="1" />
  <attribute name= "numThreadsSpecified" value="4" />
  <attribute name="heapSize specified" value="0" />
  <attribute name="Current GC Util" value="51" />
  <attribute name= "Current Time Running" value="14016" />
  <attribute name ="GC Interval" value="0" />
  <attribute name="ProportionalT" value="15.500000" />
  <attribute name="ProportionalI" value="15.500000" />
  <attribute name="ProportionalH" value="15.500000" />
  <attribute name="Current Error" value="31.000000" />
  <attribute name="IntegralT" value="15.500000" />
  <attribute name="IntegralI" value="15.500000" />
  <attribute name="IntegralH" value="15.500000" />
  <attribute name="DerivativeT" value="31.000000" />
  <attribute name="DerivativeI" value="31.000000" />
  <attribute name="DerivativeH" value="31.000000" />
  <attribute name="Loop Time for DT" value="1.000000" />
  <attribute name="Output H" value="8388608"/>
  <attribute name="Output I" value="200"/>
  <attribute name="Output T" value="4"/>
  <attribute name="Target GC Util Change" value ="20.000000" />
  <attribute name="Current GC Util Change" value="51.000000"/>
  <attribute name="GC Util currently" value="51" />
  <attribute name="CPU Util currently" value="8556098984731" />
<exclusive-end id="210" timestamp="2019-06-16T23:05:13.921" durationms="7.382" />

<exclusive-start id="211" timestamp="2019-06-16T23:05:13.980" intervalms="66.592">
  <response-info timems="0.238" idlems="0.211" threads="1" lastid="0000000001CF1700" lastname="PmdThread 3" />
</exclusive-start>
<allocation-taxation id="212" taxation-threshold="5242880" timestamp="2019-06-16T23:05:13.980" intervalms="66.576" />
<gc-start id="213" type="global mark phase" contextid="188" timestamp="2019-06-16T23:05:13.981">
  <mem-info id="214" free="6291456" total="18874368" percent="33">
    <remembered-set count="7616" freebytes="722944" totalbytes="753408" percent="95" regionsoverflowed="0" regionsstable="0" regionsrebuilding="1"/>
  </mem-info>
</gc-start>
<gc-op id="215" type="mark increment" timems="2.445" contextid="188" timestamp="2019-06-16T23:05:13.983">
  <trace-info objectcount="41411" scancount="36781" scanbytes="1096988" />
  <cardclean-info objects="12728" bytes="471076" />
  <finalization candidates="57" enqueued="0" />
  <ownableSynchronizers candidates="8" cleared="0" />
  <references type="soft" candidates="211" cleared="0" enqueued="0" dynamicThreshold="19" maxThreshold="32" />
  <references type="weak" candidates="939" cleared="229" enqueued="229" />
  <references type="phantom" candidates="90" cleared="2" enqueued="2" />
  <stringconstants candidates="4885" cleared="0"  />
</gc-op>
<gc-op id="216" type="classunload" timems="0.003" contextid="188" timestamp="2019-06-16T23:05:13.983">
  <classunload-info classloadercandidates="9" classloadersunloaded="0" classesunloaded="0" anonymousclassesunloaded="0" quiescems="0.000" setupms="0.003" scanms="0.000" postms="0.000" />
</gc-op>
<gc-end id="217" type="global mark phase" contextid="188" durationms="2.713" usertimems="8.000" systemtimems="0.000" timestamp="2019-06-16T23:05:13.983" activeThreads="4">
  <mem-info id="218" free="6291456" total="18874368" percent="33">
    <pending-finalizers system="0" default="0" reference="231" classloader="0" />
    <remembered-set count="13760" freebytes="698368" totalbytes="753408" percent="92" regionsoverflowed="0" regionsstable="0" regionsrebuilding="0"/>
  </mem-info>
</gc-end>
<cycle-end id="219" type="global mark phase" contextid="188" timestamp="2019-06-16T23:05:13.983" />
  <attribute name="elasticGC enabled" value="1" />
  <attribute name= "numThreadsSpecified" value="4" />
  <attribute name="heapSize specified" value="0" />
  <attribute name="Current GC Util" value="194" />
  <attribute name= "Current Time Running" value="14080" />
  <attribute name ="GC Interval" value="0" />
  <attribute name="ProportionalT" value="87.000000" />
  <attribute name="ProportionalI" value="87.000000" />
  <attribute name="ProportionalH" value="87.000000" />
  <attribute name="Current Error" value="174.000000" />
  <attribute name="IntegralT" value="87.000000" />
  <attribute name="IntegralI" value="87.000000" />
  <attribute name="IntegralH" value="87.000000" />
  <attribute name="DerivativeT" value="61.000000" />
  <attribute name="DerivativeI" value="61.000000" />
  <attribute name="DerivativeH" value="61.000000" />
  <attribute name="Loop Time for DT" value="1.000000" />
  <attribute name="Output H" value="8388608"/>
  <attribute name="Output I" value="240"/>
  <attribute name="Output T" value="4"/>
  <attribute name="Target GC Util Change" value ="20.000000" />
  <attribute name="Current GC Util Change" value="194.000000"/>
  <attribute name="GC Util currently" value="194" />
  <attribute name="CPU Util currently" value="4482705140799" />
<exclusive-end id="220" timestamp="2019-06-16T23:05:13.983" durationms="3.078" />

<exclusive-start id="221" timestamp="2019-06-16T23:05:14.021" intervalms="40.678">
  <response-info timems="0.161" idlems="0.100" threads="2" lastid="0000000001CF2300" lastname="PmdThread 4" />
</exclusive-start>
<allocation-taxation id="222" taxation-threshold="5242880" timestamp="2019-06-16T23:05:14.021" intervalms="40.692" />
<cycle-start id="223" type="partial gc" contextid="0" timestamp="2019-06-16T23:05:14.021" intervalms="107.255" />
<gc-start id="224" type="partial gc" contextid="223" timestamp="2019-06-16T23:05:14.021">
  <mem-info id="225" free="1048576" total="18874368" percent="5">
    <mem type="eden" free="0" total="10485760" percent="0" />
    <remembered-set count="13472" freebytes="699520" totalbytes="753408" percent="92" regionsoverflowed="0" regionsstable="0" regionsrebuilding="0"/>
  </mem-info>
</gc-start>
<allocation-stats totalBytes="10477936" >
  <allocated-bytes non-tlh="5528" tlh="10472408" arrayletleaf="0"/>
  <largest-consumer threadName="PmdThread 2" threadId="0000000001CF4800" bytes="2103432" />
</allocation-stats>
<gc-op id="226" type="sweep" timems="0.458" contextid="223" timestamp="2019-06-16T23:05:14.022" />
<gc-op id="227" type="copy forward" timems="3.320" contextid="223" timestamp="2019-06-16T23:05:14.026">
  <memory-copied type="eden" objects="14378" bytes="550632" bytesdiscarded="47313" />
  <memory-copied type="other" objects="27248" bytes="985904" bytesdiscarded="98279" />
  <memory-cardclean objects="6116" bytes="240320" />
  <regions eden="5" other="6" />
  <remembered-set-cleared processed="12061" cleared="6188" durationms="0.122" />
  <references type="soft" candidates="116" cleared="0" enqueued="0" dynamicThreshold="10" maxThreshold="32" />
  <references type="weak" candidates="126" cleared="0" enqueued="0" />
  <references type="phantom" candidates="21" cleared="0" enqueued="0" />
  <stringconstants candidates="4894" cleared="0"  />
  <heap-resize type="expand" space="default" amount="1048576" count="1" timems="0.065" reason="continue current collection" />
</gc-op>
<gc-op id="228" type="classunload" timems="0.002" contextid="223" timestamp="2019-06-16T23:05:14.026">
  <classunload-info classloadercandidates="9" classloadersunloaded="0" classesunloaded="0" anonymousclassesunloaded="0" quiescems="0.000" setupms="0.002" scanms="0.000" postms="0.000" />
</gc-op>
<gc-op id="229" type="compact" timems="0.676" contextid="223" timestamp="2019-06-16T23:05:14.027">
  <compact-info movecount="0" movebytes="0" />
  <remembered-set-cleared processed="22371" cleared="6188" durationms="0.122" />
</gc-op>
<gc-end id="230" type="partial gc" contextid="223" durationms="5.844" usertimems="8.000" systemtimems="4.000" timestamp="2019-06-16T23:05:14.027" activeThreads="4">
  <mem-info id="231" free="11534336" total="19922944" percent="57">
    <mem type="eden" free="0" total="1048576" percent="0" />
    <remembered-set count="10816" freebytes="752000" totalbytes="795264" percent="94" regionsoverflowed="0" regionsstable="0" regionsrebuilding="0"/>
  </mem-info>
</gc-end>
<cycle-end id="232" type="partial gc" contextid="223" timestamp="2019-06-16T23:05:14.027" />
  <attribute name="elasticGC enabled" value="1" />
  <attribute name= "numThreadsSpecified" value="4" />
  <attribute name="heapSize specified" value="0" />
  <attribute name="Current GC Util" value="137" />
  <attribute name= "Current Time Running" value="14124" />
  <attribute name ="GC Interval" value="0" />
  <attribute name="ProportionalT" value="58.500000" />
  <attribute name="ProportionalI" value="58.500000" />
  <attribute name="ProportionalH" value="58.500000" />
  <attribute name="Current Error" value="117.000000" />
  <attribute name="IntegralT" value="234.000000" />
  <attribute name="IntegralI" value="234.000000" />
  <attribute name="IntegralH" value="234.000000" />
  <attribute name="DerivativeT" value="26.250000" />
  <attribute name="DerivativeI" value="26.250000" />
  <attribute name="DerivativeH" value="26.250000" />
  <attribute name="Loop Time for DT" value="4.000000" />
  <attribute name="Output H" value="8388608"/>
  <attribute name="Output I" value="320"/>
  <attribute name="Output T" value="4"/>
  <attribute name="Target GC Util Change" value ="20.000000" />
  <attribute name="Current GC Util Change" value="137.000000"/>
  <attribute name="GC Util currently" value="137" />
  <attribute name="CPU Util currently" value="1281558944081" />
<exclusive-end id="233" timestamp="2019-06-16T23:05:14.028" durationms="6.513" />

<exclusive-start id="234" timestamp="2019-06-16T23:05:14.065" intervalms="43.523">
  <response-info timems="0.052" idlems="0.052" threads="0" lastid="0000000001CF2300" lastname="PmdThread 4" />
</exclusive-start>
<allocation-taxation id="235" taxation-threshold="5242880" timestamp="2019-06-16T23:05:14.065" intervalms="43.519" />
<cycle-start id="236" type="global mark phase" contextid="0" timestamp="2019-06-16T23:05:14.065" intervalms="191.074" />
<gc-start id="237" type="global mark phase" contextid="236" timestamp="2019-06-16T23:05:14.065">
  <mem-info id="238" free="6291456" total="19922944" percent="31">
    <remembered-set count="5088" freebytes="774912" totalbytes="795264" percent="97" regionsoverflowed="0" regionsstable="1" regionsrebuilding="0"/>
  </mem-info>
</gc-start>
<gc-op id="239" type="mark increment" timems="0.512" contextid="236" timestamp="2019-06-16T23:05:14.065">
  <trace-info objectcount="406" scancount="0" scanbytes="0" />
</gc-op>
<gc-end id="240" type="global mark phase" contextid="236" durationms="0.628" usertimems="0.000" systemtimems="0.000" timestamp="2019-06-16T23:05:14.065" activeThreads="4">
  <mem-info id="241" free="6291456" total="19922944" percent="31">
    <remembered-set count="5088" freebytes="774912" totalbytes="795264" percent="97" regionsoverflowed="0" regionsstable="0" regionsrebuilding="1"/>
  </mem-info>
</gc-end>
<concurrent-start id="242" type="GMP work packet processing" contextid="236" timestamp="2019-06-16T23:05:14.065">
  <concurrent-mark-start scanTarget="18446744073709551615" />
</concurrent-start>
<exclusive-end id="243" timestamp="2019-06-16T23:05:14.066" durationms="1.045" />

<concurrent-end id="244" type="GMP work packet processing" contextid="236" timestamp="2019-06-16T23:05:14.073">
  <concurrent-mark-end bytesScanned="2732836" reasonForTermination="Completed all work in GC phase" />
</concurrent-end>

<exclusive-start id="245" timestamp="2019-06-16T23:05:14.103" intervalms="38.088">
  <response-info timems="0.032" idlems="0.032" threads="0" lastid="0000000001CF4800" lastname="PmdThread 2" />
</exclusive-start>
<allocation-taxation id="246" taxation-threshold="5242880" timestamp="2019-06-16T23:05:14.103" intervalms="38.066" />
<cycle-start id="247" type="partial gc" contextid="0" timestamp="2019-06-16T23:05:14.103" intervalms="81.580" />
<gc-start id="248" type="partial gc" contextid="247" timestamp="2019-06-16T23:05:14.103">
  <mem-info id="249" free="1048576" total="19922944" percent="5">
    <mem type="eden" free="0" total="10485760" percent="0" />
    <remembered-set count="12768" freebytes="744192" totalbytes="795264" percent="93" regionsoverflowed="0" regionsstable="0" regionsrebuilding="1"/>
  </mem-info>
</gc-start>
<allocation-stats totalBytes="10475480" >
  <allocated-bytes non-tlh="5704" tlh="10469776" arrayletleaf="0"/>
  <largest-consumer threadName="PmdThread 4" threadId="0000000001CF2300" bytes="1990520" />
</allocation-stats>
<gc-op id="250" type="copy forward" timems="4.489" contextid="247" timestamp="2019-06-16T23:05:14.108">
  <memory-copied type="eden" objects="9697" bytes="767032" bytesdiscarded="0" />
  <memory-copied type="other" objects="19187" bytes="727480" bytesdiscarded="0" />
  <memory-cardclean objects="1738" bytes="86216" />
  <regions eden="10" other="1" />
  <remembered-set-cleared processed="12105" cleared="3424" durationms="0.158" />
  <references type="soft" candidates="40" cleared="0" enqueued="0" dynamicThreshold="10" maxThreshold="32" />
  <references type="weak" candidates="298" cleared="0" enqueued="0" />
  <references type="phantom" candidates="58" cleared="0" enqueued="0" />
  <stringconstants candidates="4981" cleared="0"  />
  <heap-resize type="expand" space="default" amount="1048576" count="1" timems="0.059" reason="continue current collection" />
</gc-op>
<gc-op id="251" type="classunload" timems="0.003" contextid="247" timestamp="2019-06-16T23:05:14.108">
  <classunload-info classloadercandidates="10" classloadersunloaded="0" classesunloaded="0" anonymousclassesunloaded="0" quiescems="0.000" setupms="0.002" scanms="0.000" postms="0.000" />
</gc-op>
<gc-op id="252" type="compact" timems="0.752" contextid="247" timestamp="2019-06-16T23:05:14.109">
  <compact-info movecount="0" movebytes="0" />
  <remembered-set-cleared processed="24264" cleared="3424" durationms="0.158" />
</gc-op>
<gc-end id="253" type="partial gc" contextid="247" durationms="6.216" usertimems="8.000" systemtimems="0.000" timestamp="2019-06-16T23:05:14.109" activeThreads="4">
  <mem-info id="254" free="11534336" total="20971520" percent="55">
    <mem type="eden" free="278776" total="1048576" percent="26" />
    <remembered-set count="14080" freebytes="780800" totalbytes="837120" percent="93" regionsoverflowed="0" regionsstable="0" regionsrebuilding="1"/>
  </mem-info>
</gc-end>
<cycle-end id="255" type="partial gc" contextid="247" timestamp="2019-06-16T23:05:14.109" />
  <attribute name="elasticGC enabled" value="1" />
  <attribute name= "numThreadsSpecified" value="4" />
  <attribute name="heapSize specified" value="0" />
  <attribute name="Current GC Util" value="0" />
  <attribute name= "Current Time Running" value="14206" />
  <attribute name ="GC Interval" value="0" />
  <attribute name="ProportionalT" value="-10.000000" />
  <attribute name="ProportionalI" value="-10.000000" />
  <attribute name="ProportionalH" value="-10.000000" />
  <attribute name="Current Error" value="-20.000000" />
  <attribute name="IntegralT" value="-50.000000" />
  <attribute name="IntegralI" value="-50.000000" />
  <attribute name="IntegralH" value="-50.000000" />
  <attribute name="DerivativeT" value="-16.600000" />
  <attribute name="DerivativeI" value="-16.600000" />
  <attribute name="DerivativeH" value="-16.600000" />
  <attribute name="Loop Time for DT" value="5.000000" />
  <attribute name="Output H" value="2091843584"/>
  <attribute name="Output I" value="200"/>
  <attribute name="Output T" value="4"/>
  <attribute name="Target GC Util Change" value ="20.000000" />
  <attribute name="Current GC Util Change" value="0.000000"/>
  <attribute name="GC Util currently" value="0" />
  <attribute name="CPU Util currently" value="957415370390" />
<exclusive-end id="256" timestamp="2019-06-16T23:05:14.109" durationms="6.847" />

<exclusive-start id="257" timestamp="2019-06-16T23:05:14.145" intervalms="42.293">
  <response-info timems="0.110" idlems="0.110" threads="0" lastid="0000000001CF4800" lastname="PmdThread 2" />
</exclusive-start>
<allocation-taxation id="258" taxation-threshold="5242880" timestamp="2019-06-16T23:05:14.145" intervalms="42.286" />
<gc-start id="259" type="global mark phase" contextid="236" timestamp="2019-06-16T23:05:14.145">
  <mem-info id="260" free="6291456" total="20971520" percent="30">
    <remembered-set count="14080" freebytes="780800" totalbytes="837120" percent="93" regionsoverflowed="0" regionsstable="0" regionsrebuilding="1"/>
  </mem-info>
</gc-start>
<gc-op id="261" type="mark increment" timems="1.555" contextid="236" timestamp="2019-06-16T23:05:14.147">
  <trace-info objectcount="6891" scancount="5763" scanbytes="191044" />
  <cardclean-info objects="9252" bytes="347492" />
  <finalization candidates="57" enqueued="0" />
  <ownableSynchronizers candidates="8" cleared="0" />
  <references type="soft" candidates="229" cleared="0" enqueued="0" dynamicThreshold="17" maxThreshold="32" />
  <references type="weak" candidates="1090" cleared="379" enqueued="379" />
  <references type="phantom" candidates="189" cleared="52" enqueued="52" />
  <stringconstants candidates="4981" cleared="0"  />
</gc-op>
<gc-op id="262" type="classunload" timems="0.003" contextid="236" timestamp="2019-06-16T23:05:14.147">
  <classunload-info classloadercandidates="10" classloadersunloaded="0" classesunloaded="0" anonymousclassesunloaded="0" quiescems="0.000" setupms="0.003" scanms="0.000" postms="0.000" />
</gc-op>
<gc-end id="263" type="global mark phase" contextid="236" durationms="1.759" usertimems="4.000" systemtimems="0.000" timestamp="2019-06-16T23:05:14.147" activeThreads="4">
  <mem-info id="264" free="6291456" total="20971520" percent="30">
    <pending-finalizers system="0" default="0" reference="431" classloader="0" />
    <remembered-set count="15104" freebytes="776704" totalbytes="837120" percent="92" regionsoverflowed="0" regionsstable="0" regionsrebuilding="0"/>
  </mem-info>
</gc-end>
<cycle-end id="265" type="global mark phase" contextid="236" timestamp="2019-06-16T23:05:14.147" />
  <attribute name="elasticGC enabled" value="1" />
  <attribute name= "numThreadsSpecified" value="4" />
  <attribute name="heapSize specified" value="0" />
  <attribute name="Current GC Util" value="0" />
  <attribute name= "Current Time Running" value="14244" />
  <attribute name ="GC Interval" value="0" />
  <attribute name="ProportionalT" value="-10.000000" />
  <attribute name="ProportionalI" value="-10.000000" />
  <attribute name="ProportionalH" value="-10.000000" />
  <attribute name="Current Error" value="-20.000000" />
  <attribute name="IntegralT" value="-10.000000" />
  <attribute name="IntegralI" value="-10.000000" />
  <attribute name="IntegralH" value="-10.000000" />
  <attribute name="DerivativeT" value="-161.000000" />
  <attribute name="DerivativeI" value="-161.000000" />
  <attribute name="DerivativeH" value="-161.000000" />
  <attribute name="Loop Time for DT" value="1.000000" />
  <attribute name="Output H" value="2091843584"/>
  <attribute name="Output I" value="200"/>
  <attribute name="Output T" value="4"/>
  <attribute name="Target GC Util Change" value ="20.000000" />
  <attribute name="Current GC Util Change" value="0.000000"/>
  <attribute name="GC Util currently" value="0" />
  <attribute name="CPU Util currently" value="10710951869947" />
<exclusive-end id="266" timestamp="2019-06-16T23:05:14.147" durationms="2.074" />

<exclusive-start id="267" timestamp="2019-06-16T23:05:14.177" intervalms="31.986">
  <response-info timems="0.065" idlems="0.034" threads="1" lastid="0000000001CF1700" lastname="PmdThread 3" />
</exclusive-start>
<allocation-taxation id="268" taxation-threshold="5242880" timestamp="2019-06-16T23:05:14.177" intervalms="31.987" />
<cycle-start id="269" type="partial gc" contextid="0" timestamp="2019-06-16T23:05:14.177" intervalms="74.258" />
<gc-start id="270" type="partial gc" contextid="269" timestamp="2019-06-16T23:05:14.177">
  <mem-info id="271" free="1048576" total="20971520" percent="5">
    <mem type="eden" free="0" total="10485760" percent="0" />
    <remembered-set count="15008" freebytes="777088" totalbytes="837120" percent="92" regionsoverflowed="0" regionsstable="0" regionsrebuilding="0"/>
  </mem-info>
</gc-start>
<allocation-stats totalBytes="10465288" >
  <allocated-bytes non-tlh="0" tlh="10465288" arrayletleaf="0"/>
  <largest-consumer threadName="PmdThread 2" threadId="0000000001CF4800" bytes="1441424" />
</allocation-stats>
<gc-op id="272" type="sweep" timems="0.446" contextid="269" timestamp="2019-06-16T23:05:14.178" />
<gc-op id="273" type="copy forward" timems="2.494" contextid="269" timestamp="2019-06-16T23:05:14.181">
  <memory-copied type="eden" objects="4881" bytes="432400" bytesdiscarded="0" />
  <memory-copied type="other" objects="4848" bytes="230216" bytesdiscarded="0" />
  <memory-cardclean objects="2355" bytes="111640" />
  <memory-traced type="eden" objects="1583" bytes="52296" />
  <memory-traced type="other" objects="0" bytes="0" />
  <regions eden="5" other="6" evacuated="10" marked="1" />
  <remembered-set-cleared processed="13293" cleared="2624" durationms="0.158" />
  <references type="soft" candidates="11" cleared="0" enqueued="0" dynamicThreshold="9" maxThreshold="32" />
  <references type="weak" candidates="115" cleared="0" enqueued="0" />
  <references type="phantom" candidates="56" cleared="0" enqueued="0" />
  <stringconstants candidates="4981" cleared="0"  />
  <heap-resize type="expand" space="default" amount="1048576" count="1" timems="0.057" reason="continue current collection" />
</gc-op>
<gc-op id="274" type="classunload" timems="0.002" contextid="269" timestamp="2019-06-16T23:05:14.181">
  <classunload-info classloadercandidates="10" classloadersunloaded="0" classesunloaded="0" anonymousclassesunloaded="0" quiescems="0.000" setupms="0.002" scanms="0.000" postms="0.000" />
</gc-op>
<gc-op id="275" type="sweep" timems="0.385" contextid="269" timestamp="2019-06-16T23:05:14.181" />
<gc-op id="276" type="compact" timems="1.126" contextid="269" timestamp="2019-06-16T23:05:14.183">
  <compact-info movecount="2219" movebytes="191048" />
  <remembered-set-cleared processed="26412" cleared="3287" durationms="0.158" />
</gc-op>
<gc-end id="277" type="partial gc" contextid="269" durationms="5.781" usertimems="4.000" systemtimems="4.000" timestamp="2019-06-16T23:05:14.183" activeThreads="1">
  <mem-info id="278" free="10485760" total="22020096" percent="47">
    <mem type="eden" free="1445168" total="2097152" percent="68" />
    <remembered-set count="14400" freebytes="821376" totalbytes="878976" percent="93" regionsoverflowed="0" regionsstable="0" regionsrebuilding="0"/>
  </mem-info>
</gc-end>
<cycle-end id="279" type="partial gc" contextid="269" timestamp="2019-06-16T23:05:14.183" />
  <attribute name="elasticGC enabled" value="1" />
  <attribute name= "numThreadsSpecified" value="1" />
  <attribute name="heapSize specified" value="0" />
  <attribute name="Current GC Util" value="36" />
  <attribute name= "Current Time Running" value="14279" />
  <attribute name ="GC Interval" value="0" />
  <attribute name="ProportionalT" value="8.000000" />
  <attribute name="ProportionalI" value="8.000000" />
  <attribute name="ProportionalH" value="8.000000" />
  <attribute name="Current Error" value="16.000000" />
  <attribute name="IntegralT" value="0.000000" />
  <attribute name="IntegralI" value="0.000000" />
  <attribute name="IntegralH" value="0.000000" />
  <attribute name="DerivativeT" value="inf" />
  <attribute name="DerivativeI" value="inf" />
  <attribute name="DerivativeH" value="inf" />
  <attribute name="Loop Time for DT" value="0.000000" />
  <attribute name="Output H" value="8388608"/>
  <attribute name="Output I" value="200"/>
  <attribute name="Output T" value="1"/>
  <attribute name="Target GC Util Change" value ="20.000000" />
  <attribute name="Current GC Util Change" value="36.000000"/>
  <attribute name="GC Util currently" value="36" />
  <attribute name="CPU Util currently" value="8297816933864" />
<exclusive-end id="280" timestamp="2019-06-16T23:05:14.183" durationms="6.495" />

<exclusive-start id="281" timestamp="2019-06-16T23:05:14.221" intervalms="44.001">
  <response-info timems="0.245" idlems="0.142" threads="3" lastid="0000000001CF0C00" lastname="PmdThread 1" />
</exclusive-start>
<allocation-taxation id="282" taxation-threshold="5242880" timestamp="2019-06-16T23:05:14.221" intervalms="44.021" />
<cycle-start id="283" type="global mark phase" contextid="0" timestamp="2019-06-16T23:05:14.221" intervalms="156.383" />
<gc-start id="284" type="global mark phase" contextid="283" timestamp="2019-06-16T23:05:14.221">
  <mem-info id="285" free="5242880" total="22020096" percent="23">
    <remembered-set count="14368" freebytes="821504" totalbytes="878976" percent="93" regionsoverflowed="0" regionsstable="0" regionsrebuilding="0"/>
  </mem-info>
</gc-start>
<gc-op id="286" type="mark increment" timems="0.510" contextid="283" timestamp="2019-06-16T23:05:14.222">
  <trace-info objectcount="268" scancount="0" scanbytes="0" />
</gc-op>
<gc-end id="287" type="global mark phase" contextid="283" durationms="0.648" usertimems="0.000" systemtimems="0.000" timestamp="2019-06-16T23:05:14.222" activeThreads="1">
  <mem-info id="288" free="5242880" total="22020096" percent="23">
    <remembered-set count="14368" freebytes="821504" totalbytes="878976" percent="93" regionsoverflowed="0" regionsstable="0" regionsrebuilding="0"/>
  </mem-info>
</gc-end>
<concurrent-start id="289" type="GMP work packet processing" contextid="283" timestamp="2019-06-16T23:05:14.222">
  <concurrent-mark-start scanTarget="18446744073709551615" />
</concurrent-start>
<exclusive-end id="290" timestamp="2019-06-16T23:05:14.222" durationms="1.093" />

<concurrent-end id="291" type="GMP work packet processing" contextid="283" timestamp="2019-06-16T23:05:14.224">
  <concurrent-mark-end bytesScanned="2299600" reasonForTermination="Completed all work in GC phase" />
</concurrent-end>

<exclusive-start id="292" timestamp="2019-06-16T23:05:14.254" intervalms="33.145">
  <response-info timems="0.050" idlems="0.050" threads="0" lastid="0000000001CF4800" lastname="PmdThread 2" />
</exclusive-start>
<allocation-taxation id="293" taxation-threshold="5242880" timestamp="2019-06-16T23:05:14.254" intervalms="33.108" />
<cycle-start id="294" type="partial gc" contextid="0" timestamp="2019-06-16T23:05:14.254" intervalms="77.133" />
<gc-start id="295" type="partial gc" contextid="294" timestamp="2019-06-16T23:05:14.255">
  <mem-info id="296" free="0" total="22020096" percent="0">
    <mem type="eden" free="857528" total="11534336" percent="7" />
    <remembered-set count="14368" freebytes="821504" totalbytes="878976" percent="93" regionsoverflowed="0" regionsstable="0" regionsrebuilding="0"/>
  </mem-info>
</gc-start>
<allocation-stats totalBytes="10454608" >
  <allocated-bytes non-tlh="1176" tlh="10453432" arrayletleaf="0"/>
  <largest-consumer threadName="PmdThread 2" threadId="0000000001CF4800" bytes="1432032" />
</allocation-stats>
<gc-op id="297" type="mark" timems="1.721" contextid="294" timestamp="2019-06-16T23:05:14.257">
  <trace-info objectcount="11437" scancount="10099" scanbytes="339040" />
  <cardclean-info objects="1941" bytes="90548" />
  <remembered-set-cleared processed="12675" cleared="1254" durationms="0.179" />
  <finalization candidates="2" enqueued="0" />
  <references type="weak" candidates="621" cleared="455" enqueued="383" />
  <references type="phantom" candidates="79" cleared="54" enqueued="54" />
  <stringconstants candidates="4997" cleared="0"  />
  <warning details="Mark invoked due to insufficient free space for Copy-Forward" />
</gc-op>
<gc-op id="298" type="classunload" timems="0.002" contextid="294" timestamp="2019-06-16T23:05:14.257">
  <classunload-info classloadercandidates="10" classloadersunloaded="0" classesunloaded="0" anonymousclassesunloaded="0" quiescems="0.000" setupms="0.001" scanms="0.000" postms="0.000" />
</gc-op>
<gc-op id="299" type="sweep" timems="0.366" contextid="294" timestamp="2019-06-16T23:05:14.258" />
<gc-op id="300" type="compact" timems="1.474" contextid="294" timestamp="2019-06-16T23:05:14.260">
  <compact-info movecount="11437" movebytes="892456" />
  <remembered-set-cleared processed="27246" cleared="4351" durationms="0.179" />
</gc-op>
<gc-end id="301" type="partial gc" contextid="294" durationms="4.973" usertimems="4.000" systemtimems="4.000" timestamp="2019-06-16T23:05:14.260" activeThreads="4">
  <mem-info id="302" free="10485760" total="22020096" percent="47">
    <mem type="eden" free="1204696" total="2097152" percent="57" />
    <pending-finalizers system="0" default="0" reference="437" classloader="0" />
    <remembered-set count="14592" freebytes="820608" totalbytes="878976" percent="93" regionsoverflowed="0" regionsstable="0" regionsrebuilding="0"/>
  </mem-info>
</gc-end>
<cycle-end id="303" type="partial gc" contextid="294" timestamp="2019-06-16T23:05:14.260" />
  <attribute name="elasticGC enabled" value="1" />
  <attribute name= "numThreadsSpecified" value="4" />
  <attribute name="heapSize specified" value="0" />
  <attribute name="Current GC Util" value="37" />
  <attribute name= "Current Time Running" value="14356" />
  <attribute name ="GC Interval" value="0" />
  <attribute name="ProportionalT" value="8.500000" />
  <attribute name="ProportionalI" value="8.500000" />
  <attribute name="ProportionalH" value="8.500000" />
  <attribute name="Current Error" value="17.000000" />
  <attribute name="IntegralT" value="8.500000" />
  <attribute name="IntegralI" value="8.500000" />
  <attribute name="IntegralH" value="8.500000" />
  <attribute name="DerivativeT" value="17.000000" />
  <attribute name="DerivativeI" value="17.000000" />
  <attribute name="DerivativeH" value="17.000000" />
  <attribute name="Loop Time for DT" value="1.000000" />
  <attribute name="Output H" value="8388608"/>
  <attribute name="Output I" value="200"/>
  <attribute name="Output T" value="4"/>
  <attribute name="Target GC Util Change" value ="20.000000" />
  <attribute name="Current GC Util Change" value="37.000000"/>
  <attribute name="GC Util currently" value="37" />
  <attribute name="CPU Util currently" value="7673456576573" />
<exclusive-end id="304" timestamp="2019-06-16T23:05:14.260" durationms="5.957" />

<exclusive-start id="305" timestamp="2019-06-16T23:05:14.290" intervalms="36.203">
  <response-info timems="0.042" idlems="0.023" threads="1" lastid="0000000001CF0C00" lastname="PmdThread 1" />
</exclusive-start>
<allocation-taxation id="306" taxation-threshold="5242880" timestamp="2019-06-16T23:05:14.291" intervalms="36.462" />
<gc-start id="307" type="global mark phase" contextid="283" timestamp="2019-06-16T23:05:14.291">
  <mem-info id="308" free="5242880" total="22020096" percent="23">
    <remembered-set count="14592" freebytes="820608" totalbytes="878976" percent="93" regionsoverflowed="0" regionsstable="0" regionsrebuilding="0"/>
  </mem-info>
</gc-start>
<gc-op id="309" type="mark increment" timems="1.434" contextid="283" timestamp="2019-06-16T23:05:14.292">
  <trace-info objectcount="14750" scancount="12936" scanbytes="435076" />
  <cardclean-info objects="2039" bytes="90916" />
  <finalization candidates="59" enqueued="0" />
  <ownableSynchronizers candidates="8" cleared="0" />
  <references type="soft" candidates="229" cleared="11" enqueued="11" dynamicThreshold="15" maxThreshold="32" />
  <references type="weak" candidates="989" cleared="112" enqueued="112" />
  <references type="phantom" candidates="158" cleared="18" enqueued="18" />
  <stringconstants candidates="4997" cleared="0"  />
</gc-op>
<gc-op id="310" type="classunload" timems="0.003" contextid="283" timestamp="2019-06-16T23:05:14.292">
  <classunload-info classloadercandidates="10" classloadersunloaded="0" classesunloaded="0" anonymousclassesunloaded="0" quiescems="0.000" setupms="0.003" scanms="0.000" postms="0.000" />
</gc-op>
<gc-end id="311" type="global mark phase" contextid="283" durationms="1.793" usertimems="4.000" systemtimems="0.000" timestamp="2019-06-16T23:05:14.293" activeThreads="4">
  <mem-info id="312" free="5242880" total="22020096" percent="23">
    <pending-finalizers system="0" default="0" reference="141" classloader="0" />
    <remembered-set count="14592" freebytes="820608" totalbytes="878976" percent="93" regionsoverflowed="0" regionsstable="0" regionsrebuilding="0"/>
  </mem-info>
</gc-end>
<cycle-end id="313" type="global mark phase" contextid="283" timestamp="2019-06-16T23:05:14.293" />
  <attribute name="elasticGC enabled" value="1" />
  <attribute name= "numThreadsSpecified" value="4" />
  <attribute name="heapSize specified" value="0" />
  <attribute name="Current GC Util" value="75" />
  <attribute name= "Current Time Running" value="14389" />
  <attribute name ="GC Interval" value="0" />
  <attribute name="ProportionalT" value="27.500000" />
  <attribute name="ProportionalI" value="27.500000" />
  <attribute name="ProportionalH" value="27.500000" />
  <attribute name="Current Error" value="55.000000" />
  <attribute name="IntegralT" value="0.000000" />
  <attribute name="IntegralI" value="0.000000" />
  <attribute name="IntegralH" value="0.000000" />
  <attribute name="DerivativeT" value="-inf" />
  <attribute name="DerivativeI" value="-inf" />
  <attribute name="DerivativeH" value="-inf" />
  <attribute name="Loop Time for DT" value="0.000000" />
  <attribute name="Output H" value="2091843584"/>
  <attribute name="Output I" value="200"/>
  <attribute name="Output T" value="4"/>
  <attribute name="Target GC Util Change" value ="20.000000" />
  <attribute name="Current GC Util Change" value="75.000000"/>
  <attribute name="GC Util currently" value="75" />
  <attribute name="CPU Util currently" value="8415209016242" />
<exclusive-end id="314" timestamp="2019-06-16T23:05:14.293" durationms="2.467" />

<exclusive-start id="315" timestamp="2019-06-16T23:05:14.313" intervalms="22.979">
  <response-info timems="0.078" idlems="0.047" threads="1" lastid="0000000001CF0C00" lastname="PmdThread 1" />
</exclusive-start>
<allocation-taxation id="316" taxation-threshold="5242880" timestamp="2019-06-16T23:05:14.313" intervalms="22.779" />
<cycle-start id="317" type="partial gc" contextid="0" timestamp="2019-06-16T23:05:14.314" intervalms="59.323" />
<gc-start id="318" type="partial gc" contextid="317" timestamp="2019-06-16T23:05:14.314">
  <mem-info id="319" free="0" total="22020096" percent="0">
    <mem type="eden" free="0" total="10485760" percent="0" />
    <remembered-set count="14592" freebytes="820608" totalbytes="878976" percent="93" regionsoverflowed="0" regionsstable="0" regionsrebuilding="0"/>
  </mem-info>
</gc-start>
<allocation-stats totalBytes="10474296" >
  <allocated-bytes non-tlh="0" tlh="10474296" arrayletleaf="0"/>
  <largest-consumer threadName="PmdThread 4" threadId="0000000001CF2300" bytes="1572656" />
</allocation-stats>
<gc-op id="320" type="sweep" timems="0.475" contextid="317" timestamp="2019-06-16T23:05:14.315" />
<gc-op id="321" type="mark" timems="2.000" contextid="317" timestamp="2019-06-16T23:05:14.317">
  <trace-info objectcount="36065" scancount="32811" scanbytes="1173340" />
  <cardclean-info objects="1521" bytes="77996" />
  <remembered-set-cleared processed="13189" cleared="1436" durationms="0.114" />
  <finalization candidates="2" enqueued="0" />
  <references type="weak" candidates="199" cleared="33" enqueued="33" />
  <references type="phantom" candidates="12" cleared="7" enqueued="7" />
  <stringconstants candidates="4997" cleared="0"  />
  <warning details="Mark invoked due to insufficient free space for Copy-Forward" />
</gc-op>
<gc-op id="322" type="classunload" timems="0.002" contextid="317" timestamp="2019-06-16T23:05:14.317">
  <classunload-info classloadercandidates="10" classloadersunloaded="0" classesunloaded="0" anonymousclassesunloaded="0" quiescems="0.000" setupms="0.002" scanms="0.000" postms="0.000" />
</gc-op>
<gc-op id="323" type="sweep" timems="0.372" contextid="317" timestamp="2019-06-16T23:05:14.318" />
<gc-op id="324" type="compact" timems="3.195" contextid="317" timestamp="2019-06-16T23:05:14.321">
  <compact-info movecount="36064" movebytes="2004672" />
  <remembered-set-cleared processed="28313" cleared="4717" durationms="0.114" />
</gc-op>
<gc-end id="325" type="partial gc" contextid="317" durationms="7.493" usertimems="8.000" systemtimems="4.000" timestamp="2019-06-16T23:05:14.321" activeThreads="4">
  <mem-info id="326" free="8388608" total="22020096" percent="38">
    <mem type="eden" free="280856" total="2097152" percent="13" />
    <pending-finalizers system="0" default="0" reference="40" classloader="0" />
    <remembered-set count="17632" freebytes="808448" totalbytes="878976" percent="91" regionsoverflowed="0" regionsstable="0" regionsrebuilding="0"/>
  </mem-info>
</gc-end>
<cycle-end id="327" type="partial gc" contextid="317" timestamp="2019-06-16T23:05:14.321" />
  <attribute name="elasticGC enabled" value="1" />
  <attribute name= "numThreadsSpecified" value="4" />
  <attribute name="heapSize specified" value="0" />
  <attribute name="Current GC Util" value="52" />
  <attribute name= "Current Time Running" value="14415" />
  <attribute name ="GC Interval" value="0" />
  <attribute name="ProportionalT" value="16.000000" />
  <attribute name="ProportionalI" value="16.000000" />
  <attribute name="ProportionalH" value="16.000000" />
  <attribute name="Current Error" value="32.000000" />
  <attribute name="IntegralT" value="0.000000" />
  <attribute name="IntegralI" value="0.000000" />
  <attribute name="IntegralH" value="0.000000" />
  <attribute name="DerivativeT" value="-inf" />
  <attribute name="DerivativeI" value="-inf" />
  <attribute name="DerivativeH" value="-inf" />
  <attribute name="Loop Time for DT" value="0.000000" />
  <attribute name="Output H" value="2091843584"/>
  <attribute name="Output I" value="200"/>
  <attribute name="Output T" value="4"/>
  <attribute name="Target GC Util Change" value ="20.000000" />
  <attribute name="Current GC Util Change" value="52.000000"/>
  <attribute name="GC Util currently" value="52" />
  <attribute name="CPU Util currently" value="7993631724527" />
<exclusive-end id="328" timestamp="2019-06-16T23:05:14.322" durationms="8.423" />

<exclusive-start id="329" timestamp="2019-06-16T23:05:14.331" intervalms="17.724">
  <response-info timems="0.032" idlems="0.032" threads="0" lastid="0000000001CF2300" lastname="PmdThread 4" />
</exclusive-start>
<allocation-taxation id="330" taxation-threshold="4194304" timestamp="2019-06-16T23:05:14.331" intervalms="17.736" />
<cycle-start id="331" type="global mark phase" contextid="0" timestamp="2019-06-16T23:05:14.331" intervalms="110.085" />
<gc-start id="332" type="global mark phase" contextid="331" timestamp="2019-06-16T23:05:14.331">
  <mem-info id="333" free="4194304" total="22020096" percent="19">
    <remembered-set count="17344" freebytes="809600" totalbytes="878976" percent="92" regionsoverflowed="0" regionsstable="0" regionsrebuilding="0"/>
  </mem-info>
</gc-start>
<gc-op id="334" type="mark increment" timems="0.486" contextid="331" timestamp="2019-06-16T23:05:14.332">
  <trace-info objectcount="330" scancount="0" scanbytes="0" />
</gc-op>
<gc-end id="335" type="global mark phase" contextid="331" durationms="0.609" usertimems="0.000" systemtimems="0.000" timestamp="2019-06-16T23:05:14.332" activeThreads="1">
  <mem-info id="336" free="4194304" total="22020096" percent="19">
    <remembered-set count="17344" freebytes="809600" totalbytes="878976" percent="92" regionsoverflowed="0" regionsstable="0" regionsrebuilding="0"/>
  </mem-info>
</gc-end>
<concurrent-start id="337" type="GMP work packet processing" contextid="331" timestamp="2019-06-16T23:05:14.332">
  <concurrent-mark-start scanTarget="18446744073709551615" />
</concurrent-start>
<exclusive-end id="338" timestamp="2019-06-16T23:05:14.332" durationms="1.077" />

<concurrent-end id="339" type="GMP work packet processing" contextid="331" timestamp="2019-06-16T23:05:14.334">
  <concurrent-mark-end bytesScanned="3196556" reasonForTermination="Completed all work in GC phase" />
</concurrent-end>

<exclusive-start id="340" timestamp="2019-06-16T23:05:14.348" intervalms="17.475">
  <response-info timems="0.143" idlems="0.098" threads="1" lastid="0000000001CF2300" lastname="PmdThread 4" />
</exclusive-start>
<allocation-taxation id="341" taxation-threshold="4194304" timestamp="2019-06-16T23:05:14.349" intervalms="17.490" />
<cycle-start id="342" type="partial gc" contextid="0" timestamp="2019-06-16T23:05:14.349" intervalms="35.162" />
<gc-start id="343" type="partial gc" contextid="342" timestamp="2019-06-16T23:05:14.349">
  <mem-info id="344" free="0" total="22020096" percent="0">
    <mem type="eden" free="0" total="8388608" percent="0" />
    <remembered-set count="17344" freebytes="809600" totalbytes="878976" percent="92" regionsoverflowed="0" regionsstable="0" regionsrebuilding="0"/>
  </mem-info>
</gc-start>
<allocation-stats totalBytes="8386760" >
  <allocated-bytes non-tlh="0" tlh="8386760" arrayletleaf="0"/>
  <largest-consumer threadName="PmdThread 3" threadId="0000000001CF1700" bytes="1494808" />
</allocation-stats>
<gc-op id="345" type="mark" timems="4.546" contextid="342" timestamp="2019-06-16T23:05:14.354">
  <trace-info objectcount="72422" scancount="66405" scanbytes="2423128" />
  <cardclean-info objects="750" bytes="45220" />
  <remembered-set-cleared processed="13876" cleared="1420" durationms="0.168" />
  <references type="weak" candidates="18" cleared="17" enqueued="17" />
  <references type="phantom" candidates="5" cleared="1" enqueued="1" />
  <stringconstants candidates="4997" cleared="0"  />
  <warning details="Mark invoked due to insufficient free space for Copy-Forward" />
</gc-op>
<gc-op id="346" type="classunload" timems="0.002" contextid="342" timestamp="2019-06-16T23:05:14.354">
  <classunload-info classloadercandidates="10" classloadersunloaded="0" classesunloaded="0" anonymousclassesunloaded="0" quiescems="0.000" setupms="0.002" scanms="0.000" postms="0.000" />
</gc-op>
<gc-op id="347" type="sweep" timems="0.476" contextid="342" timestamp="2019-06-16T23:05:14.355" />
<gc-op id="348" type="compact" timems="10.970" contextid="342" timestamp="2019-06-16T23:05:14.366">
  <compact-info movecount="71959" movebytes="3219456" />
  <remembered-set-cleared processed="31107" cleared="6156" durationms="0.168" />
</gc-op>
<heap-resize id="349" type="expand" space="default" amount="2097152" count="1" timems="0.070" reason="insufficient free space following gc" timestamp="2019-06-16T23:05:14.366" />
<gc-end id="350" type="partial gc" contextid="342" durationms="17.409" usertimems="20.000" systemtimems="0.000" timestamp="2019-06-16T23:05:14.366" activeThreads="1">
  <mem-info id="351" free="8388608" total="24117248" percent="34">
    <mem type="eden" free="406424" total="2097152" percent="19" />
    <pending-finalizers system="0" default="0" reference="18" classloader="0" />
    <remembered-set count="22144" freebytes="874112" totalbytes="962688" percent="90" regionsoverflowed="0" regionsstable="0" regionsrebuilding="0"/>
  </mem-info>
</gc-end>
<cycle-end id="352" type="partial gc" contextid="342" timestamp="2019-06-16T23:05:14.366" />
  <attribute name="elasticGC enabled" value="1" />
  <attribute name= "numThreadsSpecified" value="1" />
  <attribute name="heapSize specified" value="0" />
  <attribute name="Current GC Util" value="57" />
  <attribute name= "Current Time Running" value="14452" />
  <attribute name ="GC Interval" value="0" />
  <attribute name="ProportionalT" value="18.500000" />
  <attribute name="ProportionalI" value="18.500000" />
  <attribute name="ProportionalH" value="18.500000" />
  <attribute name="Current Error" value="37.000000" />
  <attribute name="IntegralT" value="0.000000" />
  <attribute name="IntegralI" value="0.000000" />
  <attribute name="IntegralH" value="0.000000" />
  <attribute name="DerivativeT" value="inf" />
  <attribute name="DerivativeI" value="inf" />
  <attribute name="DerivativeH" value="inf" />
  <attribute name="Loop Time for DT" value="0.000000" />
  <attribute name="Output H" value="8388608"/>
  <attribute name="Output I" value="200"/>
  <attribute name="Output T" value="1"/>
  <attribute name="Target GC Util Change" value ="20.000000" />
  <attribute name="Current GC Util Change" value="57.000000"/>
  <attribute name="GC Util currently" value="57" />
  <attribute name="CPU Util currently" value="6605760257162" />
<exclusive-end id="353" timestamp="2019-06-16T23:05:14.367" durationms="18.152" />

<exclusive-start id="354" timestamp="2019-06-16T23:05:14.381" intervalms="32.740">
  <response-info timems="0.040" idlems="0.040" threads="0" lastid="0000000001CF1700" lastname="PmdThread 3" />
</exclusive-start>
<allocation-taxation id="355" taxation-threshold="4194304" timestamp="2019-06-16T23:05:14.381" intervalms="32.673" />
<gc-start id="356" type="global mark phase" contextid="331" timestamp="2019-06-16T23:05:14.381">
  <mem-info id="357" free="4194304" total="24117248" percent="17">
    <remembered-set count="21792" freebytes="875520" totalbytes="962688" percent="90" regionsoverflowed="0" regionsstable="0" regionsrebuilding="0"/>
  </mem-info>
</gc-start>
<gc-op id="358" type="mark increment" timems="5.642" contextid="331" timestamp="2019-06-16T23:05:14.387">
  <trace-info objectcount="100578" scancount="92092" scanbytes="3368628" />
  <cardclean-info objects="831" bytes="46208" />
  <finalization candidates="59" enqueued="0" />
  <ownableSynchronizers candidates="8" cleared="0" />
  <references type="soft" candidates="218" cleared="16" enqueued="13" dynamicThreshold="11" maxThreshold="32" />
  <references type="weak" candidates="880" cleared="3" enqueued="3" />
  <references type="phantom" candidates="143" cleared="1" enqueued="1" />
  <stringconstants candidates="4997" cleared="1"  />
</gc-op>
<gc-op id="359" type="classunload" timems="0.004" contextid="331" timestamp="2019-06-16T23:05:14.387">
  <classunload-info classloadercandidates="10" classloadersunloaded="0" classesunloaded="0" anonymousclassesunloaded="0" quiescems="0.000" setupms="0.003" scanms="0.000" postms="0.000" />
</gc-op>
<gc-end id="360" type="global mark phase" contextid="331" durationms="5.976" usertimems="4.000" systemtimems="0.000" timestamp="2019-06-16T23:05:14.387" activeThreads="4">
  <mem-info id="361" free="4194304" total="24117248" percent="17">
    <pending-finalizers system="0" default="0" reference="17" classloader="0" />
    <remembered-set count="21792" freebytes="875520" totalbytes="962688" percent="90" regionsoverflowed="0" regionsstable="0" regionsrebuilding="0"/>
  </mem-info>
</gc-end>
<cycle-end id="362" type="global mark phase" contextid="331" timestamp="2019-06-16T23:05:14.387" />
  <attribute name="elasticGC enabled" value="1" />
  <attribute name= "numThreadsSpecified" value="4" />
  <attribute name="heapSize specified" value="0" />
  <attribute name="Current GC Util" value="0" />
  <attribute name= "Current Time Running" value="14484" />
  <attribute name ="GC Interval" value="0" />
  <attribute name="ProportionalT" value="-10.000000" />
  <attribute name="ProportionalI" value="-10.000000" />
  <attribute name="ProportionalH" value="-10.000000" />
  <attribute name="Current Error" value="-20.000000" />
  <attribute name="IntegralT" value="-50.000000" />
  <attribute name="IntegralI" value="-50.000000" />
  <attribute name="IntegralH" value="-50.000000" />
  <attribute name="DerivativeT" value="-38.000000" />
  <attribute name="DerivativeI" value="-38.000000" />
  <attribute name="DerivativeH" value="-38.000000" />
  <attribute name="Loop Time for DT" value="5.000000" />
  <attribute name="Output H" value="2091843584"/>
  <attribute name="Output I" value="200"/>
  <attribute name="Output T" value="4"/>
  <attribute name="Target GC Util Change" value ="20.000000" />
  <attribute name="Current GC Util Change" value="0.000000"/>
  <attribute name="GC Util currently" value="0" />
  <attribute name="CPU Util currently" value="1003324994327" />
<exclusive-end id="363" timestamp="2019-06-16T23:05:14.388" durationms="6.316" />

<exclusive-start id="364" timestamp="2019-06-16T23:05:14.400" intervalms="18.782">
  <response-info timems="0.073" idlems="0.039" threads="1" lastid="0000000001CF1700" lastname="PmdThread 3" />
</exclusive-start>
<allocation-taxation id="365" taxation-threshold="4194304" timestamp="2019-06-16T23:05:14.400" intervalms="18.780" />
<cycle-start id="366" type="partial gc" contextid="0" timestamp="2019-06-16T23:05:14.400" intervalms="51.440" />
<gc-start id="367" type="partial gc" contextid="366" timestamp="2019-06-16T23:05:14.400">
  <mem-info id="368" free="0" total="24117248" percent="0">
    <mem type="eden" free="0" total="9437184" percent="0" />
    <remembered-set count="21792" freebytes="875520" totalbytes="962688" percent="90" regionsoverflowed="0" regionsstable="0" regionsrebuilding="0"/>
  </mem-info>
</gc-start>
<allocation-stats totalBytes="8387224" >
  <allocated-bytes non-tlh="0" tlh="8387224" arrayletleaf="0"/>
  <largest-consumer threadName="PmdThread 3" threadId="0000000001CF1700" bytes="1679056" />
</allocation-stats>
<gc-op id="369" type="sweep" timems="0.504" contextid="366" timestamp="2019-06-16T23:05:14.401" />
<gc-op id="370" type="mark" timems="2.660" contextid="366" timestamp="2019-06-16T23:05:14.404">
  <trace-info objectcount="94527" scancount="87025" scanbytes="3190592" />
  <cardclean-info objects="1126" bytes="46524" />
  <remembered-set-cleared processed="18944" cleared="3839" durationms="0.107" />
  <references type="weak" candidates="12" cleared="12" enqueued="12" />
  <references type="phantom" candidates="3" cleared="2" enqueued="2" />
  <stringconstants candidates="4996" cleared="0"  />
  <warning details="Mark invoked due to insufficient free space for Copy-Forward" />
</gc-op>
<gc-op id="371" type="classunload" timems="0.004" contextid="366" timestamp="2019-06-16T23:05:14.404">
  <classunload-info classloadercandidates="10" classloadersunloaded="0" classesunloaded="0" anonymousclassesunloaded="0" quiescems="0.000" setupms="0.004" scanms="0.000" postms="0.000" />
</gc-op>
<gc-op id="372" type="sweep" timems="0.422" contextid="366" timestamp="2019-06-16T23:05:14.405" />
<gc-op id="373" type="compact" timems="6.008" contextid="366" timestamp="2019-06-16T23:05:14.411">
  <compact-info movecount="90782" movebytes="3596048" />
  <remembered-set-cleared processed="72793" cleared="42531" durationms="0.217" />
</gc-op>
<heap-resize id="374" type="expand" space="default" amount="5242880" count="1" timems="0.090" reason="insufficient free space following gc" timestamp="2019-06-16T23:05:14.411" />
<gc-end id="375" type="partial gc" contextid="366" durationms="11.125" usertimems="28.000" systemtimems="0.000" timestamp="2019-06-16T23:05:14.411" activeThreads="4">
  <mem-info id="376" free="11534336" total="29360128" percent="39">
    <mem type="eden" free="454848" total="3145728" percent="14" />
    <pending-finalizers system="0" default="0" reference="14" classloader="0" />
    <remembered-set count="26784" freebytes="1064832" totalbytes="1171968" percent="90" regionsoverflowed="0" regionsstable="0" regionsrebuilding="0"/>
  </mem-info>
</gc-end>
<cycle-end id="377" type="partial gc" contextid="366" timestamp="2019-06-16T23:05:14.412" />
  <attribute name="elasticGC enabled" value="1" />
  <attribute name= "numThreadsSpecified" value="4" />
  <attribute name="heapSize specified" value="0" />
  <attribute name="Current GC Util" value="62" />
  <attribute name= "Current Time Running" value="14502" />
  <attribute name ="GC Interval" value="0" />
  <attribute name="ProportionalT" value="21.000000" />
  <attribute name="ProportionalI" value="21.000000" />
  <attribute name="ProportionalH" value="21.000000" />
  <attribute name="Current Error" value="42.000000" />
  <attribute name="IntegralT" value="0.000000" />
  <attribute name="IntegralI" value="0.000000" />
  <attribute name="IntegralH" value="0.000000" />
  <attribute name="DerivativeT" value="-inf" />
  <attribute name="DerivativeI" value="-inf" />
  <attribute name="DerivativeH" value="-inf" />
  <attribute name="Loop Time for DT" value="0.000000" />
  <attribute name="Output H" value="2091843584"/>
  <attribute name="Output I" value="200"/>
  <attribute name="Output T" value="4"/>
  <attribute name="Target GC Util Change" value ="20.000000" />
  <attribute name="Current GC Util Change" value="62.000000"/>
  <attribute name="GC Util currently" value="62" />
  <attribute name="CPU Util currently" value="7235878741089" />
<exclusive-end id="378" timestamp="2019-06-16T23:05:14.412" durationms="11.722" />

<exclusive-start id="379" timestamp="2019-06-16T23:05:14.423" intervalms="23.176">
  <response-info timems="0.052" idlems="0.052" threads="0" lastid="0000000001CF4800" lastname="PmdThread 2" />
</exclusive-start>
<allocation-taxation id="380" taxation-threshold="5242880" timestamp="2019-06-16T23:05:14.423" intervalms="23.235" />
<cycle-start id="381" type="global mark phase" contextid="0" timestamp="2019-06-16T23:05:14.423" intervalms="92.156" />
<gc-start id="382" type="global mark phase" contextid="381" timestamp="2019-06-16T23:05:14.423">
  <mem-info id="383" free="6291456" total="29360128" percent="21">
    <remembered-set count="26464" freebytes="1066112" totalbytes="1171968" percent="90" regionsoverflowed="0" regionsstable="0" regionsrebuilding="0"/>
  </mem-info>
</gc-start>
<gc-op id="384" type="mark increment" timems="0.537" contextid="381" timestamp="2019-06-16T23:05:14.424">
  <trace-info objectcount="309" scancount="0" scanbytes="0" />
</gc-op>
<gc-end id="385" type="global mark phase" contextid="381" durationms="0.671" usertimems="0.000" systemtimems="0.000" timestamp="2019-06-16T23:05:14.424" activeThreads="1">
  <mem-info id="386" free="6291456" total="29360128" percent="21">
    <remembered-set count="26464" freebytes="1066112" totalbytes="1171968" percent="90" regionsoverflowed="0" regionsstable="0" regionsrebuilding="0"/>
  </mem-info>
</gc-end>
<concurrent-start id="387" type="GMP work packet processing" contextid="381" timestamp="2019-06-16T23:05:14.424">
  <concurrent-mark-start scanTarget="18446744073709551615" />
</concurrent-start>
<exclusive-end id="388" timestamp="2019-06-16T23:05:14.428" durationms="4.502" />

<concurrent-end id="389" type="GMP work packet processing" contextid="381" timestamp="2019-06-16T23:05:14.428">
  <concurrent-mark-end bytesScanned="6343052" reasonForTermination="Completed all work in GC phase" />
</concurrent-end>

<exclusive-start id="390" timestamp="2019-06-16T23:05:14.439" intervalms="15.860">
  <response-info timems="0.034" idlems="0.034" threads="0" lastid="0000000001CF2300" lastname="PmdThread 4" />
</exclusive-start>
<allocation-taxation id="391" taxation-threshold="5242880" timestamp="2019-06-16T23:05:14.439" intervalms="15.855" />
<cycle-start id="392" type="partial gc" contextid="0" timestamp="2019-06-16T23:05:14.439" intervalms="39.137" />
<gc-start id="393" type="partial gc" contextid="392" timestamp="2019-06-16T23:05:14.440">
  <mem-info id="394" free="1048576" total="29360128" percent="3">
    <mem type="eden" free="0" total="10485760" percent="0" />
    <remembered-set count="26464" freebytes="1066112" totalbytes="1171968" percent="90" regionsoverflowed="0" regionsstable="0" regionsrebuilding="0"/>
  </mem-info>
</gc-start>
<allocation-stats totalBytes="10482080" >
  <allocated-bytes non-tlh="0" tlh="10482080" arrayletleaf="0"/>
  <largest-consumer threadName="PmdThread 2" threadId="0000000001CF4800" bytes="2117424" />
</allocation-stats>
<gc-op id="395" type="copy forward" timems="11.055" contextid="392" timestamp="2019-06-16T23:05:14.451">
  <memory-copied type="eden" objects="55710" bytes="2179384" bytesdiscarded="425960" />
  <memory-copied type="other" objects="45378" bytes="1767992" bytesdiscarded="181632" />
  <memory-cardclean objects="4922" bytes="224816" />
  <regions eden="10" other="2" />
  <remembered-set-cleared processed="23856" cleared="4917" durationms="0.112" />
  <references type="weak" candidates="234" cleared="0" enqueued="0" />
  <references type="phantom" candidates="4" cleared="0" enqueued="0" />
  <stringconstants candidates="4996" cleared="0"  />
  <heap-resize type="expand" space="default" amount="4194304" count="4" timems="0.234" reason="continue current collection" />
</gc-op>
<gc-op id="396" type="classunload" timems="0.004" contextid="392" timestamp="2019-06-16T23:05:14.451">
  <classunload-info classloadercandidates="10" classloadersunloaded="0" classesunloaded="0" anonymousclassesunloaded="0" quiescems="0.000" setupms="0.004" scanms="0.000" postms="0.000" />
</gc-op>
<gc-op id="397" type="compact" timems="1.096" contextid="392" timestamp="2019-06-16T23:05:14.453">
  <compact-info movecount="0" movebytes="0" />
  <remembered-set-cleared processed="51944" cleared="4917" durationms="0.112" />
</gc-op>
<heap-resize id="398" type="expand" space="default" amount="6291456" count="1" timems="0.093" reason="excessive time being spent in gc" timestamp="2019-06-16T23:05:14.453" />
<gc-end id="399" type="partial gc" contextid="392" durationms="13.505" usertimems="20.000" systemtimems="0.000" timestamp="2019-06-16T23:05:14.453" activeThreads="4">
  <mem-info id="400" free="18874368" total="39845888" percent="47">
    <mem type="eden" free="538040" total="3145728" percent="17" />
    <remembered-set count="29856" freebytes="1471104" totalbytes="1590528" percent="92" regionsoverflowed="0" regionsstable="0" regionsrebuilding="0"/>
  </mem-info>
</gc-end>
<cycle-end id="401" type="partial gc" contextid="392" timestamp="2019-06-16T23:05:14.453" />
  <attribute name="elasticGC enabled" value="1" />
  <attribute name= "numThreadsSpecified" value="4" />
  <attribute name="heapSize specified" value="0" />
  <attribute name="Current GC Util" value="111" />
  <attribute name= "Current Time Running" value="14549" />
  <attribute name ="GC Interval" value="0" />
  <attribute name="ProportionalT" value="45.500000" />
  <attribute name="ProportionalI" value="45.500000" />
  <attribute name="ProportionalH" value="45.500000" />
  <attribute name="Current Error" value="91.000000" />
  <attribute name="IntegralT" value="500.500000" />
  <attribute name="IntegralI" value="500.500000" />
  <attribute name="IntegralH" value="500.500000" />
  <attribute name="DerivativeT" value="3.727273" />
  <attribute name="DerivativeI" value="3.727273" />
  <attribute name="DerivativeH" value="3.727273" />
  <attribute name="Loop Time for DT" value="11.000000" />
  <attribute name="Output H" value="8388608"/>
  <attribute name="Output I" value="552"/>
  <attribute name="Output T" value="4"/>
  <attribute name="Target GC Util Change" value ="20.000000" />
  <attribute name="Current GC Util Change" value="111.000000"/>
  <attribute name="GC Util currently" value="111" />
  <attribute name="CPU Util currently" value="403287666503" />
<exclusive-end id="402" timestamp="2019-06-16T23:05:14.453" durationms="14.335" />

<exclusive-start id="403" timestamp="2019-06-16T23:05:14.471" intervalms="32.049">
  <response-info timems="0.094" idlems="0.053" threads="1" lastid="0000000001CF2300" lastname="PmdThread 4" />
</exclusive-start>
<allocation-taxation id="404" taxation-threshold="8388608" timestamp="2019-06-16T23:05:14.471" intervalms="32.076" />
<gc-start id="405" type="global mark phase" contextid="381" timestamp="2019-06-16T23:05:14.472">
  <mem-info id="406" free="10485760" total="39845888" percent="26">
    <remembered-set count="20480" freebytes="1508608" totalbytes="1590528" percent="94" regionsoverflowed="0" regionsstable="1" regionsrebuilding="0"/>
  </mem-info>
</gc-start>
<gc-op id="407" type="mark increment" timems="3.049" contextid="381" timestamp="2019-06-16T23:05:14.475">
  <trace-info objectcount="65655" scancount="61274" scanbytes="2207032" />
  <cardclean-info objects="37546" bytes="1420708" />
  <finalization candidates="59" enqueued="0" />
  <ownableSynchronizers candidates="8" cleared="0" />
  <references type="soft" candidates="202" cleared="45" enqueued="45" dynamicThreshold="15" maxThreshold="32" />
  <references type="weak" candidates="1127" cleared="248" enqueued="248" />
  <references type="phantom" candidates="147" cleared="6" enqueued="6" />
  <stringconstants candidates="4996" cleared="0"  />
</gc-op>
<gc-op id="408" type="classunload" timems="0.003" contextid="381" timestamp="2019-06-16T23:05:14.475">
  <classunload-info classloadercandidates="10" classloadersunloaded="0" classesunloaded="0" anonymousclassesunloaded="0" quiescems="0.000" setupms="0.003" scanms="0.000" postms="0.000" />
</gc-op>
<gc-end id="409" type="global mark phase" contextid="381" durationms="3.301" usertimems="8.000" systemtimems="0.000" timestamp="2019-06-16T23:05:14.475" activeThreads="4">
  <mem-info id="410" free="10485760" total="39845888" percent="26">
    <pending-finalizers system="0" default="0" reference="299" classloader="0" />
    <remembered-set count="20480" freebytes="1508608" totalbytes="1590528" percent="94" regionsoverflowed="0" regionsstable="1" regionsrebuilding="0"/>
  </mem-info>
</gc-end>
<cycle-end id="411" type="global mark phase" contextid="381" timestamp="2019-06-16T23:05:14.475" />
  <attribute name="elasticGC enabled" value="1" />
  <attribute name= "numThreadsSpecified" value="4" />
  <attribute name="heapSize specified" value="0" />
  <attribute name="Current GC Util" value="178" />
  <attribute name= "Current Time Running" value="14572" />
  <attribute name ="GC Interval" value="0" />
  <attribute name="ProportionalT" value="79.000000" />
  <attribute name="ProportionalI" value="79.000000" />
  <attribute name="ProportionalH" value="79.000000" />
  <attribute name="Current Error" value="158.000000" />
  <attribute name="IntegralT" value="158.000000" />
  <attribute name="IntegralI" value="158.000000" />
  <attribute name="IntegralH" value="158.000000" />
  <attribute name="DerivativeT" value="-12.000000" />
  <attribute name="DerivativeI" value="-12.000000" />
  <attribute name="DerivativeH" value="-12.000000" />
  <attribute name="Loop Time for DT" value="2.000000" />
  <attribute name="Output H" value="8388608"/>
  <attribute name="Output I" value="232"/>
  <attribute name="Output T" value="4"/>
  <attribute name="Target GC Util Change" value ="20.000000" />
  <attribute name="Current GC Util Change" value="178.000000"/>
  <attribute name="GC Util currently" value="178" />
  <attribute name="CPU Util currently" value="3236091481603" />
<exclusive-end id="412" timestamp="2019-06-16T23:05:14.475" durationms="4.240" />

<exclusive-start id="413" timestamp="2019-06-16T23:05:14.510" intervalms="39.224">
  <response-info timems="0.242" idlems="0.242" threads="0" lastid="0000000001CF2300" lastname="PmdThread 4" />
</exclusive-start>
<allocation-taxation id="414" taxation-threshold="8388608" timestamp="2019-06-16T23:05:14.510" intervalms="39.169" />
<cycle-start id="415" type="partial gc" contextid="0" timestamp="2019-06-16T23:05:14.510" intervalms="71.225" />
<gc-start id="416" type="partial gc" contextid="415" timestamp="2019-06-16T23:05:14.511">
  <mem-info id="417" free="2097152" total="39845888" percent="5">
    <mem type="eden" free="0" total="16777216" percent="0" />
    <remembered-set count="20480" freebytes="1508608" totalbytes="1590528" percent="94" regionsoverflowed="0" regionsstable="1" regionsrebuilding="0"/>
  </mem-info>
</gc-start>
<allocation-stats totalBytes="16770448" >
  <allocated-bytes non-tlh="0" tlh="16770448" arrayletleaf="0"/>
  <largest-consumer threadName="PmdThread 2" threadId="0000000001CF4800" bytes="2883264" />
</allocation-stats>
<gc-op id="418" type="sweep" timems="0.559" contextid="415" timestamp="2019-06-16T23:05:14.511" />
<gc-op id="419" type="copy forward" timems="8.258" contextid="415" timestamp="2019-06-16T23:05:14.520">
  <memory-copied type="eden" objects="25622" bytes="1242576" bytesdiscarded="84934" />
  <memory-copied type="other" objects="90580" bytes="3410576" bytesdiscarded="203746" />
  <memory-cardclean objects="29847" bytes="1267024" />
  <regions eden="8" other="12" />
  <remembered-set-cleared processed="17970" cleared="6977" durationms="0.110" />
  <references type="weak" candidates="163" cleared="0" enqueued="0" />
  <references type="phantom" candidates="29" cleared="0" enqueued="0" />
  <stringconstants candidates="4996" cleared="0"  />
  <heap-resize type="expand" space="default" amount="4194304" count="4" timems="0.320" reason="continue current collection" />
</gc-op>
<gc-op id="420" type="classunload" timems="0.004" contextid="415" timestamp="2019-06-16T23:05:14.521">
  <classunload-info classloadercandidates="10" classloadersunloaded="0" classesunloaded="0" anonymousclassesunloaded="0" quiescems="0.000" setupms="0.004" scanms="0.000" postms="0.000" />
</gc-op>
<gc-op id="421" type="compact" timems="0.799" contextid="415" timestamp="2019-06-16T23:05:14.522">
  <compact-info movecount="0" movebytes="0" />
  <remembered-set-cleared processed="42336" cleared="6977" durationms="0.110" />
</gc-op>
<heap-resize id="422" type="expand" space="default" amount="8388608" count="1" timems="0.100" reason="excessive time being spent in gc" timestamp="2019-06-16T23:05:14.522" />
<gc-end id="423" type="partial gc" contextid="415" durationms="11.595" usertimems="20.000" systemtimems="4.000" timestamp="2019-06-16T23:05:14.522" activeThreads="4">
  <mem-info id="424" free="29360128" total="52428800" percent="56">
    <mem type="eden" free="295800" total="3145728" percent="9" />
    <remembered-set count="26368" freebytes="1987328" totalbytes="2092800" percent="94" regionsoverflowed="0" regionsstable="1" regionsrebuilding="0"/>
  </mem-info>
</gc-end>
<cycle-end id="425" type="partial gc" contextid="415" timestamp="2019-06-16T23:05:14.522" />
  <attribute name="elasticGC enabled" value="1" />
  <attribute name= "numThreadsSpecified" value="4" />
  <attribute name="heapSize specified" value="0" />
  <attribute name="Current GC Util" value="159" />
  <attribute name= "Current Time Running" value="14618" />
  <attribute name ="GC Interval" value="0" />
  <attribute name="ProportionalT" value="69.500000" />
  <attribute name="ProportionalI" value="69.500000" />
  <attribute name="ProportionalH" value="69.500000" />
  <attribute name="Current Error" value="139.000000" />
  <attribute name="IntegralT" value="625.500000" />
  <attribute name="IntegralI" value="625.500000" />
  <attribute name="IntegralH" value="625.500000" />
  <attribute name="DerivativeT" value="10.000000" />
  <attribute name="DerivativeI" value="10.000000" />
  <attribute name="DerivativeH" value="10.000000" />
  <attribute name="Loop Time for DT" value="9.000000" />
  <attribute name="Output H" value="8388608"/>
  <attribute name="Output I" value="712"/>
  <attribute name="Output T" value="4"/>
  <attribute name="Target GC Util Change" value ="20.000000" />
  <attribute name="Current GC Util Change" value="159.000000"/>
  <attribute name="GC Util currently" value="159" />
  <attribute name="CPU Util currently" value="514297772594" />
<exclusive-end id="426" timestamp="2019-06-16T23:05:14.523" durationms="12.300" />

<exclusive-start id="427" timestamp="2019-06-16T23:05:14.608" intervalms="98.087">
  <response-info timems="0.038" idlems="0.038" threads="0" lastid="0000000001CF0C00" lastname="PmdThread 1" />
</exclusive-start>
<allocation-taxation id="428" taxation-threshold="19922944" timestamp="2019-06-16T23:05:14.608" intervalms="98.117" />
<cycle-start id="429" type="partial gc" contextid="0" timestamp="2019-06-16T23:05:14.609" intervalms="98.139" />
<gc-start id="430" type="partial gc" contextid="429" timestamp="2019-06-16T23:05:14.609">
  <mem-info id="431" free="9437184" total="52428800" percent="18">
    <mem type="eden" free="0" total="19922944" percent="0" />
    <remembered-set count="25888" freebytes="1989248" totalbytes="2092800" percent="95" regionsoverflowed="0" regionsstable="1" regionsrebuilding="0"/>
  </mem-info>
</gc-start>
<allocation-stats totalBytes="19911136" >
  <allocated-bytes non-tlh="19176" tlh="19891960" arrayletleaf="0"/>
  <largest-consumer threadName="PmdThread 3" threadId="0000000001CF1700" bytes="7132616" />
</allocation-stats>
<gc-op id="432" type="copy forward" timems="15.433" contextid="429" timestamp="2019-06-16T23:05:14.625">
  <memory-copied type="eden" objects="64396" bytes="2558488" bytesdiscarded="40" />
  <memory-copied type="other" objects="55968" bytes="2146784" bytesdiscarded="48" />
  <memory-cardclean objects="23193" bytes="1041592" />
  <regions eden="19" other="4" />
  <remembered-set-cleared processed="23275" cleared="7295" durationms="0.280" />
  <references type="soft" candidates="11" cleared="0" enqueued="0" dynamicThreshold="17" maxThreshold="32" />
  <references type="weak" candidates="293" cleared="0" enqueued="0" />
  <references type="phantom" candidates="34" cleared="0" enqueued="0" />
  <stringconstants candidates="5019" cleared="0"  />
</gc-op>
<gc-op id="433" type="classunload" timems="0.004" contextid="429" timestamp="2019-06-16T23:05:14.626">
  <classunload-info classloadercandidates="10" classloadersunloaded="0" classesunloaded="0" anonymousclassesunloaded="0" quiescems="0.000" setupms="0.003" scanms="0.000" postms="0.000" />
</gc-op>
<heap-resize id="434" type="expand" space="default" amount="9437184" count="1" timems="0.108" reason="excessive time being spent in gc" timestamp="2019-06-16T23:05:14.626" />
<gc-end id="435" type="partial gc" contextid="429" durationms="16.710" usertimems="16.000" systemtimems="0.000" timestamp="2019-06-16T23:05:14.626" activeThreads="1">
  <mem-info id="436" free="35651584" total="61865984" percent="57">
    <mem type="eden" free="584248" total="3145728" percent="18" />
    <remembered-set count="32320" freebytes="2340224" totalbytes="2469504" percent="94" regionsoverflowed="0" regionsstable="1" regionsrebuilding="0"/>
  </mem-info>
</gc-end>
<cycle-end id="437" type="partial gc" contextid="429" timestamp="2019-06-16T23:05:14.626" />
  <attribute name="elasticGC enabled" value="1" />
  <attribute name= "numThreadsSpecified" value="1" />
  <attribute name="heapSize specified" value="0" />
  <attribute name="Current GC Util" value="67" />
  <attribute name= "Current Time Running" value="14707" />
  <attribute name ="GC Interval" value="0" />
  <attribute name="ProportionalT" value="23.500000" />
  <attribute name="ProportionalI" value="23.500000" />
  <attribute name="ProportionalH" value="23.500000" />
  <attribute name="Current Error" value="47.000000" />
  <attribute name="IntegralT" value="0.000000" />
  <attribute name="IntegralI" value="0.000000" />
  <attribute name="IntegralH" value="0.000000" />
  <attribute name="DerivativeT" value="inf" />
  <attribute name="DerivativeI" value="inf" />
  <attribute name="DerivativeH" value="inf" />
  <attribute name="Loop Time for DT" value="0.000000" />
  <attribute name="Output H" value="8388608"/>
  <attribute name="Output I" value="200"/>
  <attribute name="Output T" value="1"/>
  <attribute name="Target GC Util Change" value ="20.000000" />
  <attribute name="Current GC Util Change" value="67.000000"/>
  <attribute name="GC Util currently" value="67" />
  <attribute name="CPU Util currently" value="20286484776857" />
<exclusive-end id="438" timestamp="2019-06-16T23:05:14.627" durationms="18.196" />

<exclusive-start id="439" timestamp="2019-06-16T23:05:14.737" intervalms="129.025">
  <response-info timems="0.113" idlems="0.113" threads="0" lastid="0000000001CF0C00" lastname="PmdThread 1" />
</exclusive-start>
<allocation-taxation id="440" taxation-threshold="22020096" timestamp="2019-06-16T23:05:14.737" intervalms="128.987" />
<cycle-start id="441" type="partial gc" contextid="0" timestamp="2019-06-16T23:05:14.738" intervalms="128.948" />
<gc-start id="442" type="partial gc" contextid="441" timestamp="2019-06-16T23:05:14.738">
  <mem-info id="443" free="13631488" total="61865984" percent="22">
    <mem type="eden" free="0" total="22020096" percent="0" />
    <remembered-set count="31840" freebytes="2342144" totalbytes="2469504" percent="94" regionsoverflowed="0" regionsstable="1" regionsrebuilding="0"/>
  </mem-info>
</gc-start>
<allocation-stats totalBytes="22013008" >
  <allocated-bytes non-tlh="8288" tlh="22004720" arrayletleaf="0"/>
  <largest-consumer threadName="PmdThread 2" threadId="0000000001CF4800" bytes="8222824" />
</allocation-stats>
<gc-op id="444" type="copy forward" timems="13.430" contextid="441" timestamp="2019-06-16T23:05:14.752">
  <memory-copied type="eden" objects="44706" bytes="2001640" bytesdiscarded="16" />
  <memory-copied type="other" objects="54962" bytes="1996800" bytesdiscarded="40" />
  <memory-cardclean objects="37936" bytes="1993616" />
  <regions eden="21" other="4" />
  <remembered-set-cleared processed="27035" cleared="8972" durationms="0.338" />
  <finalization candidates="2" enqueued="0" />
  <references type="weak" candidates="505" cleared="0" enqueued="0" />
  <references type="phantom" candidates="44" cleared="0" enqueued="0" />
  <stringconstants candidates="5061" cleared="0"  />
</gc-op>
<gc-op id="445" type="classunload" timems="0.003" contextid="441" timestamp="2019-06-16T23:05:14.752">
  <classunload-info classloadercandidates="10" classloadersunloaded="0" classesunloaded="0" anonymousclassesunloaded="0" quiescems="0.000" setupms="0.002" scanms="0.000" postms="0.000" />
</gc-op>
<gc-end id="446" type="partial gc" contextid="441" durationms="14.287" usertimems="16.000" systemtimems="0.000" timestamp="2019-06-16T23:05:14.752" activeThreads="1">
  <mem-info id="447" free="34603008" total="61865984" percent="55">
    <mem type="eden" free="92448" total="2097152" percent="4" />
    <remembered-set count="38720" freebytes="2314624" totalbytes="2469504" percent="93" regionsoverflowed="0" regionsstable="1" regionsrebuilding="0"/>
  </mem-info>
</gc-end>
<cycle-end id="448" type="partial gc" contextid="441" timestamp="2019-06-16T23:05:14.752" />
  <attribute name="elasticGC enabled" value="1" />
  <attribute name= "numThreadsSpecified" value="1" />
  <attribute name="heapSize specified" value="0" />
  <attribute name="Current GC Util" value="87" />
  <attribute name= "Current Time Running" value="14836" />
  <attribute name ="GC Interval" value="0" />
  <attribute name="ProportionalT" value="33.500000" />
  <attribute name="ProportionalI" value="33.500000" />
  <attribute name="ProportionalH" value="33.500000" />
  <attribute name="Current Error" value="67.000000" />
  <attribute name="IntegralT" value="0.000000" />
  <attribute name="IntegralI" value="0.000000" />
  <attribute name="IntegralH" value="0.000000" />
  <attribute name="DerivativeT" value="inf" />
  <attribute name="DerivativeI" value="inf" />
  <attribute name="DerivativeH" value="inf" />
  <attribute name="Loop Time for DT" value="0.000000" />
  <attribute name="Output H" value="8388608"/>
  <attribute name="Output I" value="200"/>
  <attribute name="Output T" value="1"/>
  <attribute name="Target GC Util Change" value ="20.000000" />
  <attribute name="Current GC Util Change" value="87.000000"/>
  <attribute name="GC Util currently" value="87" />
  <attribute name="CPU Util currently" value="21665551733732" />
<exclusive-end id="449" timestamp="2019-06-16T23:05:14.752" durationms="14.969" />

<exclusive-start id="450" timestamp="2019-06-16T23:05:14.866" intervalms="128.581">
  <response-info timems="0.070" idlems="0.070" threads="0" lastid="0000000001CF2300" lastname="PmdThread 4" />
</exclusive-start>
<allocation-taxation id="451" taxation-threshold="22020096" timestamp="2019-06-16T23:05:14.866" intervalms="128.609" />
<cycle-start id="452" type="partial gc" contextid="0" timestamp="2019-06-16T23:05:14.866" intervalms="128.678" />
<gc-start id="453" type="partial gc" contextid="452" timestamp="2019-06-16T23:05:14.867">
  <mem-info id="454" free="12582912" total="61865984" percent="20">
    <mem type="eden" free="0" total="22020096" percent="0" />
    <remembered-set count="38304" freebytes="2316288" totalbytes="2469504" percent="93" regionsoverflowed="0" regionsstable="1" regionsrebuilding="0"/>
  </mem-info>
</gc-start>
<allocation-stats totalBytes="22011344" >
  <allocated-bytes non-tlh="452864" tlh="21558480" arrayletleaf="0"/>
  <largest-consumer threadName="PmdThread 4" threadId="0000000001CF2300" bytes="7931112" />
</allocation-stats>
<gc-op id="455" type="copy forward" timems="10.674" contextid="452" timestamp="2019-06-16T23:05:14.878">
  <memory-copied type="eden" objects="36919" bytes="1677976" bytesdiscarded="8" />
  <memory-copied type="other" objects="39284" bytes="1485496" bytesdiscarded="8" />
  <memory-cardclean objects="25385" bytes="1127464" />
  <regions eden="21" other="3" />
  <remembered-set-cleared processed="32596" cleared="4772" durationms="0.356" />
  <references type="soft" candidates="3" cleared="0" enqueued="0" dynamicThreshold="17" maxThreshold="32" />
  <references type="weak" candidates="433" cleared="0" enqueued="0" />
  <references type="phantom" candidates="123" cleared="0" enqueued="0" />
  <stringconstants candidates="5105" cleared="0"  />
</gc-op>
<gc-op id="456" type="classunload" timems="0.003" contextid="452" timestamp="2019-06-16T23:05:14.878">
  <classunload-info classloadercandidates="10" classloadersunloaded="0" classesunloaded="0" anonymousclassesunloaded="0" quiescems="0.000" setupms="0.003" scanms="0.000" postms="0.000" />
</gc-op>
<gc-end id="457" type="partial gc" contextid="452" durationms="11.829" usertimems="12.000" systemtimems="0.000" timestamp="2019-06-16T23:05:14.878" activeThreads="1">
  <mem-info id="458" free="32505856" total="61865984" percent="52">
    <mem type="eden" free="416656" total="2097152" percent="19" />
    <remembered-set count="40928" freebytes="2305792" totalbytes="2469504" percent="93" regionsoverflowed="0" regionsstable="1" regionsrebuilding="0"/>
  </mem-info>
</gc-end>
<cycle-end id="459" type="partial gc" contextid="452" timestamp="2019-06-16T23:05:14.879" />
  <attribute name="elasticGC enabled" value="1" />
  <attribute name= "numThreadsSpecified" value="1" />
  <attribute name="heapSize specified" value="0" />
  <attribute name="Current GC Util" value="63" />
  <attribute name= "Current Time Running" value="14965" />
  <attribute name ="GC Interval" value="0" />
  <attribute name="ProportionalT" value="21.500000" />
  <attribute name="ProportionalI" value="21.500000" />
  <attribute name="ProportionalH" value="21.500000" />
  <attribute name="Current Error" value="43.000000" />
  <attribute name="IntegralT" value="0.000000" />
  <attribute name="IntegralI" value="0.000000" />
  <attribute name="IntegralH" value="0.000000" />
  <attribute name="DerivativeT" value="inf" />
  <attribute name="DerivativeI" value="inf" />
  <attribute name="DerivativeH" value="inf" />
  <attribute name="Loop Time for DT" value="0.000000" />
  <attribute name="Output H" value="8388608"/>
  <attribute name="Output I" value="200"/>
  <attribute name="Output T" value="1"/>
  <attribute name="Target GC Util Change" value ="20.000000" />
  <attribute name="Current GC Util Change" value="63.000000"/>
  <attribute name="GC Util currently" value="63" />
  <attribute name="CPU Util currently" value="18276045774765" />
<exclusive-end id="460" timestamp="2019-06-16T23:05:14.879" durationms="12.683" />

<exclusive-start id="461" timestamp="2019-06-16T23:05:14.955" intervalms="88.886">
  <response-info timems="0.237" idlems="0.126" threads="1" lastid="0000000001CF4800" lastname="PmdThread 2" />
</exclusive-start>
<allocation-taxation id="462" taxation-threshold="22020096" timestamp="2019-06-16T23:05:14.955" intervalms="88.945" />
<cycle-start id="463" type="partial gc" contextid="0" timestamp="2019-06-16T23:05:14.955" intervalms="88.895" />
<gc-start id="464" type="partial gc" contextid="463" timestamp="2019-06-16T23:05:14.955">
  <mem-info id="465" free="10485760" total="61865984" percent="16">
    <mem type="eden" free="0" total="22020096" percent="0" />
    <remembered-set count="40512" freebytes="2307456" totalbytes="2469504" percent="93" regionsoverflowed="0" regionsstable="1" regionsrebuilding="0"/>
  </mem-info>
</gc-start>
<allocation-stats totalBytes="22001176" >
  <allocated-bytes non-tlh="1000" tlh="22000176" arrayletleaf="0"/>
  <largest-consumer threadName="PmdThread 2" threadId="0000000001CF4800" bytes="7452512" />
</allocation-stats>
<gc-op id="466" type="copy forward" timems="4.413" contextid="463" timestamp="2019-06-16T23:05:14.961">
  <memory-copied type="eden" objects="33264" bytes="1320760" bytesdiscarded="92912" />
  <memory-copied type="other" objects="35905" bytes="1489080" bytesdiscarded="111216" />
  <memory-cardclean objects="33763" bytes="1424512" />
  <regions eden="21" other="3" />
  <remembered-set-cleared processed="33688" cleared="5589" durationms="0.160" />
  <finalization candidates="6" enqueued="0" />
  <references type="soft" candidates="22" cleared="0" enqueued="0" dynamicThreshold="16" maxThreshold="32" />
  <references type="weak" candidates="679" cleared="0" enqueued="0" />
  <references type="phantom" candidates="102" cleared="0" enqueued="0" />
  <stringconstants candidates="5106" cleared="0"  />
</gc-op>
<gc-op id="467" type="classunload" timems="0.003" contextid="463" timestamp="2019-06-16T23:05:14.961">
  <classunload-info classloadercandidates="10" classloadersunloaded="0" classesunloaded="0" anonymousclassesunloaded="0" quiescems="0.000" setupms="0.003" scanms="0.000" postms="0.000" />
</gc-op>
<heap-resize id="468" type="expand" space="default" amount="11534336" count="1" timems="0.110" reason="excessive time being spent in gc" timestamp="2019-06-16T23:05:14.961" />
<gc-end id="469" type="partial gc" contextid="463" durationms="5.626" usertimems="16.000" systemtimems="0.000" timestamp="2019-06-16T23:05:14.961" activeThreads="4">
  <mem-info id="470" free="41943040" total="73400320" percent="57">
    <mem type="eden" free="676552" total="2097152" percent="32" />
    <remembered-set count="40384" freebytes="2768384" totalbytes="2929920" percent="94" regionsoverflowed="0" regionsstable="1" regionsrebuilding="0"/>
  </mem-info>
</gc-end>
<cycle-end id="471" type="partial gc" contextid="463" timestamp="2019-06-16T23:05:14.961" />
  <attribute name="elasticGC enabled" value="1" />
  <attribute name= "numThreadsSpecified" value="4" />
  <attribute name="heapSize specified" value="0" />
  <attribute name="Current GC Util" value="81" />
  <attribute name= "Current Time Running" value="15054" />
  <attribute name ="GC Interval" value="0" />
  <attribute name="ProportionalT" value="30.500000" />
  <attribute name="ProportionalI" value="30.500000" />
  <attribute name="ProportionalH" value="30.500000" />
  <attribute name="Current Error" value="61.000000" />
  <attribute name="IntegralT" value="30.500000" />
  <attribute name="IntegralI" value="30.500000" />
  <attribute name="IntegralH" value="30.500000" />
  <attribute name="DerivativeT" value="61.000000" />
  <attribute name="DerivativeI" value="61.000000" />
  <attribute name="DerivativeH" value="61.000000" />
  <attribute name="Loop Time for DT" value="1.000000" />
  <attribute name="Output H" value="8388608"/>
  <attribute name="Output I" value="200"/>
  <attribute name="Output T" value="4"/>
  <attribute name="Target GC Util Change" value ="20.000000" />
  <attribute name="Current GC Util Change" value="81.000000"/>
  <attribute name="GC Util currently" value="81" />
  <attribute name="CPU Util currently" value="19635810161229" />
<exclusive-end id="472" timestamp="2019-06-16T23:05:14.961" durationms="6.528" />

<exclusive-start id="473" timestamp="2019-06-16T23:05:15.016" intervalms="61.148">
  <response-info timems="0.068" idlems="0.037" threads="1" lastid="0000000001CF0C00" lastname="PmdThread 1" />
</exclusive-start>
<allocation-taxation id="474" taxation-threshold="25165824" timestamp="2019-06-16T23:05:15.016" intervalms="61.081" />
<cycle-start id="475" type="partial gc" contextid="0" timestamp="2019-06-16T23:05:15.016" intervalms="61.070" />
<gc-start id="476" type="partial gc" contextid="475" timestamp="2019-06-16T23:05:15.017">
  <mem-info id="477" free="16777216" total="73400320" percent="22">
    <mem type="eden" free="0" total="25165824" percent="0" />
    <remembered-set count="40000" freebytes="2769920" totalbytes="2929920" percent="94" regionsoverflowed="0" regionsstable="1" regionsrebuilding="0"/>
  </mem-info>
</gc-start>
<allocation-stats totalBytes="25144008" >
  <allocated-bytes non-tlh="4008" tlh="25140000" arrayletleaf="0"/>
  <largest-consumer threadName="PmdThread 2" threadId="0000000001CF4800" bytes="11741144" />
</allocation-stats>
<gc-op id="478" type="copy forward" timems="8.870" contextid="475" timestamp="2019-06-16T23:05:15.026">
  <memory-copied type="eden" objects="17005" bytes="948872" bytesdiscarded="0" />
  <memory-copied type="other" objects="39761" bytes="1507864" bytesdiscarded="32" />
  <memory-cardclean objects="22481" bytes="1139280" />
  <regions eden="24" other="3" />
  <remembered-set-cleared processed="36432" cleared="7021" durationms="0.369" />
  <references type="soft" candidates="50" cleared="0" enqueued="0" dynamicThreshold="18" maxThreshold="32" />
  <references type="weak" candidates="910" cleared="0" enqueued="0" />
  <references type="phantom" candidates="35" cleared="0" enqueued="0" />
  <stringconstants candidates="5135" cleared="3"  />
</gc-op>
<gc-op id="479" type="classunload" timems="0.005" contextid="475" timestamp="2019-06-16T23:05:15.027">
  <classunload-info classloadercandidates="10" classloadersunloaded="0" classesunloaded="0" anonymousclassesunloaded="0" quiescems="0.000" setupms="0.005" scanms="0.000" postms="0.000" />
</gc-op>
<gc-end id="480" type="partial gc" contextid="475" durationms="9.833" usertimems="16.000" systemtimems="0.000" timestamp="2019-06-16T23:05:15.027" activeThreads="1">
  <mem-info id="481" free="40894464" total="73400320" percent="55">
    <mem type="eden" free="91672" total="1048576" percent="8" />
    <remembered-set count="41152" freebytes="2765312" totalbytes="2929920" percent="94" regionsoverflowed="0" regionsstable="1" regionsrebuilding="0"/>
  </mem-info>
</gc-end>
<cycle-end id="482" type="partial gc" contextid="475" timestamp="2019-06-16T23:05:15.027" />
  <attribute name="elasticGC enabled" value="1" />
  <attribute name= "numThreadsSpecified" value="1" />
  <attribute name="heapSize specified" value="0" />
  <attribute name="Current GC Util" value="77" />
  <attribute name= "Current Time Running" value="15115" />
  <attribute name ="GC Interval" value="0" />
  <attribute name="ProportionalT" value="28.500000" />
  <attribute name="ProportionalI" value="28.500000" />
  <attribute name="ProportionalH" value="28.500000" />
  <attribute name="Current Error" value="57.000000" />
  <attribute name="IntegralT" value="0.000000" />
  <attribute name="IntegralI" value="0.000000" />
  <attribute name="IntegralH" value="0.000000" />
  <attribute name="DerivativeT" value="inf" />
  <attribute name="DerivativeI" value="inf" />
  <attribute name="DerivativeH" value="inf" />
  <attribute name="Loop Time for DT" value="0.000000" />
  <attribute name="Output H" value="8388608"/>
  <attribute name="Output I" value="200"/>
  <attribute name="Output T" value="1"/>
  <attribute name="Target GC Util Change" value ="20.000000" />
  <attribute name="Current GC Util Change" value="77.000000"/>
  <attribute name="GC Util currently" value="77" />
  <attribute name="CPU Util currently" value="22121899436781" />
<exclusive-end id="483" timestamp="2019-06-16T23:05:15.027" durationms="11.205" />

<exclusive-start id="484" timestamp="2019-06-16T23:05:15.093" intervalms="77.030">
  <response-info timems="0.046" idlems="0.046" threads="0" lastid="0000000001CF4800" lastname="PmdThread 2" />
</exclusive-start>
<allocation-taxation id="485" taxation-threshold="25165824" timestamp="2019-06-16T23:05:15.093" intervalms="77.024" />
<cycle-start id="486" type="partial gc" contextid="0" timestamp="2019-06-16T23:05:15.093" intervalms="77.017" />
<gc-start id="487" type="partial gc" contextid="486" timestamp="2019-06-16T23:05:15.093">
  <mem-info id="488" free="15728640" total="73400320" percent="21">
    <mem type="eden" free="0" total="25165824" percent="0" />
    <remembered-set count="41120" freebytes="2765440" totalbytes="2929920" percent="94" regionsoverflowed="0" regionsstable="1" regionsrebuilding="0"/>
  </mem-info>
</gc-start>
<allocation-stats totalBytes="25142288" >
  <allocated-bytes non-tlh="3024" tlh="25139264" arrayletleaf="0"/>
  <largest-consumer threadName="PmdThread 2" threadId="0000000001CF4800" bytes="11241528" />
</allocation-stats>
<gc-op id="489" type="copy forward" timems="3.360" contextid="486" timestamp="2019-06-16T23:05:15.097">
  <memory-copied type="eden" objects="24680" bytes="1357072" bytesdiscarded="113552" />
  <memory-copied type="other" objects="6427" bytes="375112" bytesdiscarded="87768" />
  <memory-cardclean objects="24888" bytes="1410200" />
  <regions eden="24" other="2" />
  <remembered-set-cleared processed="36151" cleared="6203" durationms="0.184" />
  <references type="soft" candidates="37" cleared="0" enqueued="0" dynamicThreshold="17" maxThreshold="32" />
  <references type="weak" candidates="942" cleared="0" enqueued="0" />
  <references type="phantom" candidates="65" cleared="0" enqueued="0" />
  <stringconstants candidates="5149" cleared="0"  />
</gc-op>
<gc-op id="490" type="classunload" timems="0.002" contextid="486" timestamp="2019-06-16T23:05:15.098">
  <classunload-info classloadercandidates="10" classloadersunloaded="0" classesunloaded="0" anonymousclassesunloaded="0" quiescems="0.000" setupms="0.002" scanms="0.000" postms="0.000" />
</gc-op>
<heap-resize id="491" type="expand" space="default" amount="12582912" count="1" timems="0.123" reason="excessive time being spent in gc" timestamp="2019-06-16T23:05:15.098" />
<gc-end id="492" type="partial gc" contextid="486" durationms="4.408" usertimems="4.000" systemtimems="4.000" timestamp="2019-06-16T23:05:15.098" activeThreads="4">
  <mem-info id="493" free="51380224" total="85983232" percent="59">
    <mem type="eden" free="620616" total="2097152" percent="29" />
    <remembered-set count="42688" freebytes="3261440" totalbytes="3432192" percent="95" regionsoverflowed="0" regionsstable="1" regionsrebuilding="0"/>
  </mem-info>
</gc-end>
<cycle-end id="494" type="partial gc" contextid="486" timestamp="2019-06-16T23:05:15.098" />
  <attribute name="elasticGC enabled" value="1" />
  <attribute name= "numThreadsSpecified" value="4" />
  <attribute name="heapSize specified" value="0" />
  <attribute name="Current GC Util" value="58" />
  <attribute name= "Current Time Running" value="15192" />
  <attribute name ="GC Interval" value="0" />
  <attribute name="ProportionalT" value="19.000000" />
  <attribute name="ProportionalI" value="19.000000" />
  <attribute name="ProportionalH" value="19.000000" />
  <attribute name="Current Error" value="38.000000" />
  <attribute name="IntegralT" value="19.000000" />
  <attribute name="IntegralI" value="19.000000" />
  <attribute name="IntegralH" value="19.000000" />
  <attribute name="DerivativeT" value="38.000000" />
  <attribute name="DerivativeI" value="38.000000" />
  <attribute name="DerivativeH" value="38.000000" />
  <attribute name="Loop Time for DT" value="1.000000" />
  <attribute name="Output H" value="8388608"/>
  <attribute name="Output I" value="200"/>
  <attribute name="Output T" value="4"/>
  <attribute name="Target GC Util Change" value ="20.000000" />
  <attribute name="Current GC Util Change" value="58.000000"/>
  <attribute name="GC Util currently" value="58" />
  <attribute name="CPU Util currently" value="17252653391969" />
<exclusive-end id="495" timestamp="2019-06-16T23:05:15.098" durationms="5.179" />

<exclusive-start id="496" timestamp="2019-06-16T23:05:15.170" intervalms="77.016">
  <response-info timems="0.064" idlems="0.064" threads="0" lastid="0000000001CF4800" lastname="PmdThread 2" />
</exclusive-start>
<allocation-taxation id="497" taxation-threshold="28311552" timestamp="2019-06-16T23:05:15.170" intervalms="77.067" />
<cycle-start id="498" type="partial gc" contextid="0" timestamp="2019-06-16T23:05:15.170" intervalms="77.126" />
<gc-start id="499" type="partial gc" contextid="498" timestamp="2019-06-16T23:05:15.171">
  <mem-info id="500" free="23068672" total="85983232" percent="26">
    <mem type="eden" free="0" total="28311552" percent="0" />
    <remembered-set count="42400" freebytes="3262592" totalbytes="3432192" percent="95" regionsoverflowed="0" regionsstable="1" regionsrebuilding="0"/>
  </mem-info>
</gc-start>
<allocation-stats totalBytes="28281768" >
  <allocated-bytes non-tlh="1264" tlh="28280504" arrayletleaf="0"/>
  <largest-consumer threadName="PmdThread 2" threadId="0000000001CF4800" bytes="22095744" />
</allocation-stats>
<gc-op id="501" type="copy forward" timems="10.829" contextid="498" timestamp="2019-06-16T23:05:15.182">
  <memory-copied type="eden" objects="9513" bytes="545000" bytesdiscarded="0" />
  <memory-copied type="other" objects="35764" bytes="1551024" bytesdiscarded="0" />
  <memory-cardclean objects="74085" bytes="3768592" />
  <regions eden="27" other="4" />
  <remembered-set-cleared processed="35733" cleared="14327" durationms="0.664" />
  <finalization candidates="6" enqueued="0" />
  <ownableSynchronizers candidates="7" cleared="3" />
  <references type="soft" candidates="57" cleared="0" enqueued="0" dynamicThreshold="19" maxThreshold="32" />
  <references type="weak" candidates="814" cleared="0" enqueued="0" />
  <references type="phantom" candidates="46" cleared="0" enqueued="0" />
  <stringconstants candidates="5156" cleared="1"  />
</gc-op>
<gc-op id="502" type="classunload" timems="0.002" contextid="498" timestamp="2019-06-16T23:05:15.182">
  <classunload-info classloadercandidates="10" classloadersunloaded="0" classesunloaded="0" anonymousclassesunloaded="0" quiescems="0.000" setupms="0.002" scanms="0.000" postms="0.000" />
</gc-op>
<gc-end id="503" type="partial gc" contextid="498" durationms="12.003" usertimems="12.000" systemtimems="0.000" timestamp="2019-06-16T23:05:15.183" activeThreads="1">
  <mem-info id="504" free="51380224" total="85983232" percent="59">
    <mem type="eden" free="497640" total="1048576" percent="47" />
    <remembered-set count="44640" freebytes="3253632" totalbytes="3432192" percent="94" regionsoverflowed="0" regionsstable="1" regionsrebuilding="0"/>
  </mem-info>
</gc-end>
<cycle-end id="505" type="partial gc" contextid="498" timestamp="2019-06-16T23:05:15.183" />
  <attribute name="elasticGC enabled" value="1" />
  <attribute name= "numThreadsSpecified" value="1" />
  <attribute name="heapSize specified" value="0" />
  <attribute name="Current GC Util" value="69" />
  <attribute name= "Current Time Running" value="15269" />
  <attribute name ="GC Interval" value="0" />
  <attribute name="ProportionalT" value="24.500000" />
  <attribute name="ProportionalI" value="24.500000" />
  <attribute name="ProportionalH" value="24.500000" />
  <attribute name="Current Error" value="49.000000" />
  <attribute name="IntegralT" value="0.000000" />
  <attribute name="IntegralI" value="0.000000" />
  <attribute name="IntegralH" value="0.000000" />
  <attribute name="DerivativeT" value="inf" />
  <attribute name="DerivativeI" value="inf" />
  <attribute name="DerivativeH" value="inf" />
  <attribute name="Loop Time for DT" value="0.000000" />
  <attribute name="Output H" value="8388608"/>
  <attribute name="Output I" value="200"/>
  <attribute name="Output T" value="1"/>
  <attribute name="Target GC Util Change" value ="20.000000" />
  <attribute name="Current GC Util Change" value="69.000000"/>
  <attribute name="GC Util currently" value="69" />
  <attribute name="CPU Util currently" value="18889050033152" />
<exclusive-end id="506" timestamp="2019-06-16T23:05:15.183" durationms="13.200" />

<exclusive-start id="507" timestamp="2019-06-16T23:05:17.233" intervalms="2063.354">
  <response-info timems="0.248" idlems="0.248" threads="0" lastid="00000000019E0700" lastname="main" />
</exclusive-start>
<allocation-taxation id="508" taxation-threshold="28311552" timestamp="2019-06-16T23:05:17.234" intervalms="2063.711" />
<cycle-start id="509" type="partial gc" contextid="0" timestamp="2019-06-16T23:05:17.234" intervalms="2064.021" />
<gc-start id="510" type="partial gc" contextid="509" timestamp="2019-06-16T23:05:17.235">
  <mem-info id="511" free="23068672" total="85983232" percent="26">
    <mem type="eden" free="0" total="28311552" percent="0" />
    <remembered-set count="44544" freebytes="3254016" totalbytes="3432192" percent="94" regionsoverflowed="0" regionsstable="1" regionsrebuilding="0"/>
  </mem-info>
</gc-start>
<allocation-stats totalBytes="28305624" >
  <allocated-bytes non-tlh="35296" tlh="28270328" arrayletleaf="0"/>
  <largest-consumer threadName="main" threadId="00000000019E0700" bytes="652512" />
</allocation-stats>
<gc-op id="512" type="copy forward" timems="10.393" contextid="509" timestamp="2019-06-16T23:05:17.249">
  <memory-copied type="eden" objects="5085" bytes="217960" bytesdiscarded="28824" />
  <memory-copied type="other" objects="22111" bytes="1084048" bytesdiscarded="76200" />
  <memory-cardclean objects="5448" bytes="313088" />
  <regions eden="27" other="2" />
  <remembered-set-cleared processed="40739" cleared="3463" durationms="0.729" />
  <references type="soft" candidates="3" cleared="0" enqueued="0" dynamicThreshold="19" maxThreshold="32" />
  <references type="weak" candidates="252" cleared="0" enqueued="0" />
  <references type="phantom" candidates="10" cleared="0" enqueued="0" />
  <stringconstants candidates="5567" cleared="0"  />
</gc-op>
<gc-op id="513" type="classunload" timems="0.011" contextid="509" timestamp="2019-06-16T23:05:17.249">
  <classunload-info classloadercandidates="10" classloadersunloaded="0" classesunloaded="0" anonymousclassesunloaded="0" quiescems="0.000" setupms="0.010" scanms="0.000" postms="0.000" />
</gc-op>
<gc-end id="514" type="partial gc" contextid="509" durationms="14.892" usertimems="32.000" systemtimems="0.000" timestamp="2019-06-16T23:05:17.250" activeThreads="4">
  <mem-info id="515" free="50331648" total="85983232" percent="58">
    <mem type="eden" free="801600" total="1048576" percent="76" />
    <remembered-set count="44800" freebytes="3252992" totalbytes="3432192" percent="94" regionsoverflowed="0" regionsstable="1" regionsrebuilding="0"/>
  </mem-info>
</gc-end>
<cycle-end id="516" type="partial gc" contextid="509" timestamp="2019-06-16T23:05:17.251" />
  <attribute name="elasticGC enabled" value="1" />
  <attribute name= "numThreadsSpecified" value="4" />
  <attribute name="heapSize specified" value="0" />
  <attribute name="Current GC Util" value="79" />
  <attribute name= "Current Time Running" value="17336" />
  <attribute name ="GC Interval" value="0" />
  <attribute name="ProportionalT" value="29.500000" />
  <attribute name="ProportionalI" value="29.500000" />
  <attribute name="ProportionalH" value="29.500000" />
  <attribute name="Current Error" value="59.000000" />
  <attribute name="IntegralT" value="29.500000" />
  <attribute name="IntegralI" value="29.500000" />
  <attribute name="IntegralH" value="29.500000" />
  <attribute name="DerivativeT" value="59.000000" />
  <attribute name="DerivativeI" value="59.000000" />
  <attribute name="DerivativeH" value="59.000000" />
  <attribute name="Loop Time for DT" value="1.000000" />
  <attribute name="Output H" value="8388608"/>
  <attribute name="Output I" value="200"/>
  <attribute name="Output T" value="4"/>
  <attribute name="Target GC Util Change" value ="20.000000" />
  <attribute name="Current GC Util Change" value="79.000000"/>
  <attribute name="GC Util currently" value="79" />
  <attribute name="CPU Util currently" value="4163603196651" />
<exclusive-end id="517" timestamp="2019-06-16T23:05:17.252" durationms="18.409" />

</verbosegc>

