<?xml version="1.0" ?>

<verbosegc xmlns="http://www.ibm.com/j9/verbosegc" version="10b4217_CMPRSS">

<initialized id="1" timestamp="2019-06-16T23:49:58.475">
  <attribute name="gcPolicy" value="-Xgcpolicy:gencon" />
  <attribute name="elasticGC enabled" value="1" />
  <attribute name= "numThreadsSpecified" value="0" />
  <attribute name="heapSize specified" value="0" />
  <attribute name="Current GC Util" value="0" />
  <attribute name= "Current Time Running" value="0" />
  <attribute name ="GC Interval" value="0" />
  <attribute name="ProportionalT" value="0.000000" />
  <attribute name="ProportionalI" value="0.000000" />
  <attribute name="ProportionalH" value="0.000000" />
  <attribute name="IntegralT" value="0.000000" />
  <attribute name="IntegralI" value="0.000000" />
  <attribute name="IntegralH" value="0.000000" />
  <attribute name="DerivativeT" value="0.000000" />
  <attribute name="DerivativeI" value="0.000000" />
  <attribute name="DerivativeH" value="0.000000" />
  <attribute name="Target GC Util Change" value ="0.000000" />
  <attribute name="Current GC Util Change" value="0.000000"/>
  <attribute name="Current Error" value="0.000000" />
  <attribute name="Loop Time for DT" value="0.000000" />
  <attribute name="Output H" value="0"/>
  <attribute name="Output I" value="0"/>
  <attribute name="Output T" value="0"/>
  <attribute name="GC Util currently" value="0" />
  <attribute name="CPU Util currently" value="0" />
  <attribute name="maxHeapSize" value="0x7cbc0000" />
  <attribute name="initialHeapSize" value="0x800000" />
  <attribute name="compressedRefs" value="true" />
  <attribute name="compressedRefsDisplacement" value="0x0" />
  <attribute name="compressedRefsShift" value="0x0" />
  <attribute name="pageSize" value="0x1000" />
  <attribute name="pageType" value="not used" />
  <attribute name="requestedPageSize" value="0x1000" />
  <attribute name="requestedPageType" value="not used" />
  <attribute name="gcthreads" value="4" />
  <attribute name="gcthreads Concurrent Mark" value="1" />
  <attribute name="packetListSplit" value="4" />
  <attribute name="cacheListSplit" value="4" />
  <attribute name="splitFreeListSplitAmount" value="1" />
  <attribute name="numaNodes" value="0" />
  <system>
    <attribute name="physicalMemory" value="8370958336" />
    <attribute name="numCPUs" value="4" />
    <attribute name="architecture" value="amd64" />
    <attribute name="os" value="Linux" />
    <attribute name="osVersion" value="4.4.0-150-generic" />
  </system>
  <vmargs>
    <vmarg name="-Xoptionsfile=/vagrant/jdk/lib/options.default" />
    <vmarg name="-Xlockword:mode=default,noLockword=java/lang/String,noLockword=java/util/MapEntry,noLockword=java/util/HashMap$Entry,noLockword..." />
    <vmarg name="-Xjcl:jclse29" />
    <vmarg name="-Dcom.ibm.oti.vm.bootstrap.library.path=/vagrant/jdk/lib/compressedrefs:/vagrant/jdk/lib" />
    <vmarg name="-Dsun.boot.library.path=/vagrant/jdk/lib/compressedrefs:/vagrant/jdk/lib" />
    <vmarg name="-Djava.library.path=/vagrant/jdk/lib/compressedrefs:/vagrant/jdk/lib:/usr/lib64:/usr/lib" />
    <vmarg name="-Djava.home=/vagrant/jdk" />
    <vmarg name="-Duser.dir=/vagrant" />
    <vmarg name="-Xgcpolicy:gencon" />
    <vmarg name="-Xgcelastic" />
    <vmarg name="-Xcheck:gc:::elasticGC" />
    <vmarg name="-verbose:gc" />
    <vmarg name="-Xloggc:jdk1.5-1-1.5-small-GEN-4CORE-elasticverbose10jython.txt" />
    <vmarg name="-Djava.class.path=dacapo-9.12-MR1-bach.jar" />
    <vmarg name="-Dsun.java.command=dacapo-9.12-MR1-bach.jar jython --size=small" />
    <vmarg name="-Dsun.java.launcher=SUN_STANDARD" />
    <vmarg name="-Dsun.java.launcher.pid=20494" />
  </vmargs>
</initialized>

<exclusive-start id="2" timestamp="2019-06-16T23:49:58.676" intervalms="201.189">
  <response-info timems="0.026" idlems="0.026" threads="0" lastid="00000000017F5700" lastname="main" />
</exclusive-start>
<af-start id="3" threadId="00000000017F6088" totalBytesRequested="3080" timestamp="2019-06-16T23:49:58.676" intervalms="201.583" type="nursery" />
<cycle-start id="4" type="scavenge" contextid="0" timestamp="2019-06-16T23:49:58.677" intervalms="202.110" />
<gc-start id="5" type="scavenge" contextid="4" timestamp="2019-06-16T23:49:58.683">
  <mem-info id="6" free="6062624" total="8388608" percent="72">
    <mem type="nursery" free="0" total="2097152" percent="0">
      <mem type="allocate" free="0" total="1048576" percent="0" />
      <mem type="survivor" free="0" total="1048576" percent="0" />
    </mem>
    <mem type="tenure" free="6062624" total="6291456" percent="96">
      <mem type="soa" free="5748256" total="5977088" percent="96" />
      <mem type="loa" free="314368" total="314368" percent="100" />
    </mem>
    <remembered-set count="3161" />
  </mem-info>
</gc-start>
<allocation-stats totalBytes="1270992" >
  <allocated-bytes non-tlh="344784" tlh="926208" />
  <largest-consumer threadName="main" threadId="00000000017F5700" bytes="1197344" />
</allocation-stats>
<gc-op id="7" type="scavenge" timems="1.936" contextid="4" timestamp="2019-06-16T23:49:58.685">
  <scavenger-info tenureage="2" tenuremask="fffc" tiltratio="50" />
  <memory-copied type="nursery" objects="10578" bytes="477552" bytesdiscarded="137688" />
  <finalization candidates="11" enqueued="0" />
  <references type="soft" candidates="62" cleared="0" enqueued="0" dynamicThreshold="32" maxThreshold="32" />
  <references type="weak" candidates="309" cleared="177" enqueued="141" />
  <references type="phantom" candidates="25" cleared="6" enqueued="6" />
</gc-op>
<gc-end id="8" type="scavenge" contextid="4" durationms="5.499" usertimems="4.000" systemtimems="0.000" timestamp="2019-06-16T23:49:58.688" activeThreads="4">
  <mem-info id="9" free="6493864" total="8388608" percent="77">
    <mem type="nursery" free="431240" total="2097152" percent="20">
      <mem type="allocate" free="431240" total="1048576" percent="41" />
      <mem type="survivor" free="0" total="1048576" percent="0" />
    </mem>
    <mem type="tenure" free="6062624" total="6291456" percent="96">
      <mem type="soa" free="5748256" total="5977088" percent="96" />
      <mem type="loa" free="314368" total="314368" percent="100" />
    </mem>
    <pending-finalizers system="0" default="0" reference="147" classloader="0" />
    <remembered-set count="3161" />
  </mem-info>
</gc-end>
<cycle-end id="10" type="scavenge" contextid="4" timestamp="2019-06-16T23:49:58.688" />
  <attribute name="elasticGC enabled" value="1" />
  <attribute name= "numThreadsSpecified" value="0" />
  <attribute name="heapSize specified" value="0" />
  <attribute name="Current GC Util" value="0" />
  <attribute name= "Current Time Running" value="89" />
  <attribute name ="GC Interval" value="1" />
  <attribute name="ProportionalT" value="0.000000" />
  <attribute name="ProportionalI" value="0.000000" />
  <attribute name="ProportionalH" value="0.000000" />
  <attribute name="Current Error" value="0.000000" />
  <attribute name="IntegralT" value="0.000000" />
  <attribute name="IntegralI" value="0.000000" />
  <attribute name="IntegralH" value="0.000000" />
  <attribute name="DerivativeT" value="0.000000" />
  <attribute name="DerivativeI" value="0.000000" />
  <attribute name="DerivativeH" value="0.000000" />
  <attribute name="Loop Time for DT" value="0.000000" />
  <attribute name="Output H" value="0"/>
  <attribute name="Output I" value="0"/>
  <attribute name="Output T" value="0"/>
  <attribute name="Target GC Util Change" value ="20.000000" />
  <attribute name="Current GC Util Change" value="0.000000"/>
  <attribute name="GC Util currently" value="0" />
  <attribute name="CPU Util currently" value="22" />
<allocation-satisfied id="11" threadId="00000000017F5700" bytesRequested="3080" />
<af-end id="12" timestamp="2019-06-16T23:49:58.688" threadId="00000000017F6088" success="true" from="nursery"/>
<exclusive-end id="13" timestamp="2019-06-16T23:49:58.688" durationms="12.618" />

<exclusive-start id="14" timestamp="2019-06-16T23:49:58.744" intervalms="67.946">
  <response-info timems="0.105" idlems="0.105" threads="0" lastid="00000000017F5700" lastname="main" />
</exclusive-start>
<af-start id="15" threadId="00000000017F6088" totalBytesRequested="15200" timestamp="2019-06-16T23:49:58.744" intervalms="67.721" type="nursery" />
<cycle-start id="16" type="scavenge" contextid="0" timestamp="2019-06-16T23:49:58.744" intervalms="67.328" />
<gc-start id="17" type="scavenge" contextid="16" timestamp="2019-06-16T23:49:58.749">
  <mem-info id="18" free="6054888" total="8388608" percent="72">
    <mem type="nursery" free="0" total="2097152" percent="0">
      <mem type="allocate" free="0" total="1048576" percent="0" />
      <mem type="survivor" free="0" total="1048576" percent="0" />
    </mem>
    <mem type="tenure" free="6054888" total="6291456" percent="96">
      <mem type="soa" free="5740520" total="5977088" percent="96" />
      <mem type="loa" free="314368" total="314368" percent="100" />
    </mem>
    <remembered-set count="3262" />
  </mem-info>
</gc-start>
<allocation-stats totalBytes="435288" >
  <allocated-bytes non-tlh="10816" tlh="424472" />
  <largest-consumer threadName="main" threadId="00000000017F5700" bytes="423312" />
</allocation-stats>
<gc-op id="19" type="scavenge" timems="1.308" contextid="16" timestamp="2019-06-16T23:49:58.751">
  <scavenger-info tenureage="5" tenuremask="7fe0" tiltratio="50" />
  <memory-copied type="nursery" objects="10890" bytes="485664" bytesdiscarded="37544" />
  <finalization candidates="11" enqueued="0" />
  <references type="soft" candidates="62" cleared="0" enqueued="0" dynamicThreshold="32" maxThreshold="32" />
  <references type="weak" candidates="241" cleared="96" enqueued="93" />
  <references type="phantom" candidates="37" cleared="12" enqueued="12" />
</gc-op>
<gc-end id="20" type="scavenge" contextid="16" durationms="1.597" usertimems="0.000" systemtimems="4.000" timestamp="2019-06-16T23:49:58.751" activeThreads="4">
  <mem-info id="21" free="6578792" total="8388608" percent="78">
    <mem type="nursery" free="523904" total="2097152" percent="24">
      <mem type="allocate" free="523904" total="1048576" percent="49" />
      <mem type="survivor" free="0" total="1048576" percent="0" />
    </mem>
    <mem type="tenure" free="6054888" total="6291456" percent="96">
      <mem type="soa" free="5740520" total="5977088" percent="96" />
      <mem type="loa" free="314368" total="314368" percent="100" />
    </mem>
    <pending-finalizers system="0" default="0" reference="105" classloader="0" />
    <remembered-set count="3262" />
  </mem-info>
</gc-end>
<cycle-end id="22" type="scavenge" contextid="16" timestamp="2019-06-16T23:49:58.751" />
  <attribute name="elasticGC enabled" value="1" />
  <attribute name= "numThreadsSpecified" value="4" />
  <attribute name="heapSize specified" value="0" />
  <attribute name="Current GC Util" value="17" />
  <attribute name= "Current Time Running" value="156" />
  <attribute name ="GC Interval" value="200" />
  <attribute name="ProportionalT" value="-4.500000" />
  <attribute name="ProportionalI" value="-4.500000" />
  <attribute name="ProportionalH" value="-4.500000" />
  <attribute name="Current Error" value="-3.000000" />
  <attribute name="IntegralT" value="-201.000000" />
  <attribute name="IntegralI" value="-201.000000" />
  <attribute name="IntegralH" value="-201.000000" />
  <attribute name="DerivativeT" value="-0.067164" />
  <attribute name="DerivativeI" value="-0.067164" />
  <attribute name="DerivativeH" value="-0.067164" />
  <attribute name="Loop Time for DT" value="67.000000" />
  <attribute name="Output H" value="2092630016"/>
  <attribute name="Output I" value="200"/>
  <attribute name="Output T" value="4"/>
  <attribute name="Target GC Util Change" value ="20.000000" />
  <attribute name="Current GC Util Change" value="17.000000"/>
  <attribute name="GC Util currently" value="17" />
  <attribute name="CPU Util currently" value="6" />
<allocation-satisfied id="23" threadId="00000000017F5700" bytesRequested="15200" />
<af-end id="24" timestamp="2019-06-16T23:49:58.751" threadId="00000000017F6088" success="true" from="nursery"/>
<exclusive-end id="25" timestamp="2019-06-16T23:49:58.751" durationms="7.159" />

<exclusive-start id="26" timestamp="2019-06-16T23:49:58.766" intervalms="22.422">
  <response-info timems="0.124" idlems="0.124" threads="0" lastid="00000000017F5700" lastname="main" />
</exclusive-start>
<af-start id="27" threadId="00000000017F6088" totalBytesRequested="20232" timestamp="2019-06-16T23:49:58.766" intervalms="22.394" type="nursery" />
<cycle-start id="28" type="scavenge" contextid="0" timestamp="2019-06-16T23:49:58.766" intervalms="22.350" />
<gc-start id="29" type="scavenge" contextid="28" timestamp="2019-06-16T23:49:58.767">
  <mem-info id="30" free="6052200" total="8388608" percent="72">
    <mem type="nursery" free="0" total="2097152" percent="0">
      <mem type="allocate" free="0" total="1048576" percent="0" />
      <mem type="survivor" free="0" total="1048576" percent="0" />
    </mem>
    <mem type="tenure" free="6052200" total="6291456" percent="96">
      <mem type="soa" free="5737832" total="5977088" percent="95" />
      <mem type="loa" free="314368" total="314368" percent="100" />
    </mem>
    <remembered-set count="3295" />
  </mem-info>
</gc-start>
<allocation-stats totalBytes="473896" >
  <allocated-bytes non-tlh="17888" tlh="456008" />
  <largest-consumer threadName="main" threadId="00000000017F5700" bytes="465704" />
</allocation-stats>
<gc-op id="31" type="scavenge" timems="1.088" contextid="28" timestamp="2019-06-16T23:49:58.768">
  <scavenger-info tenureage="4" tenuremask="7ff0" tiltratio="50" />
  <memory-copied type="nursery" objects="10933" bytes="574904" bytesdiscarded="134704" />
  <finalization candidates="11" enqueued="0" />
  <references type="soft" candidates="62" cleared="0" enqueued="0" dynamicThreshold="32" maxThreshold="32" />
  <references type="weak" candidates="224" cleared="76" enqueued="76" />
  <references type="phantom" candidates="38" cleared="10" enqueued="10" />
</gc-op>
<gc-end id="32" type="scavenge" contextid="28" durationms="1.343" usertimems="0.000" systemtimems="0.000" timestamp="2019-06-16T23:49:58.768" activeThreads="4">
  <mem-info id="33" free="6389704" total="8388608" percent="76">
    <mem type="nursery" free="337504" total="2097152" percent="16">
      <mem type="allocate" free="337504" total="1048576" percent="32" />
      <mem type="survivor" free="0" total="1048576" percent="0" />
    </mem>
    <mem type="tenure" free="6052200" total="6291456" percent="96">
      <mem type="soa" free="5737832" total="5977088" percent="95" />
      <mem type="loa" free="314368" total="314368" percent="100" />
    </mem>
    <pending-finalizers system="0" default="0" reference="86" classloader="0" />
    <remembered-set count="1025" />
  </mem-info>
</gc-end>
<cycle-end id="34" type="scavenge" contextid="28" timestamp="2019-06-16T23:49:58.768" />
  <attribute name="elasticGC enabled" value="1" />
  <attribute name= "numThreadsSpecified" value="4" />
  <attribute name="heapSize specified" value="0" />
  <attribute name="Current GC Util" value="39" />
  <attribute name= "Current Time Running" value="173" />
  <attribute name ="GC Interval" value="200" />
  <attribute name="ProportionalT" value="28.500000" />
  <attribute name="ProportionalI" value="28.500000" />
  <attribute name="ProportionalH" value="28.500000" />
  <attribute name="Current Error" value="19.000000" />
  <attribute name="IntegralT" value="122.000000" />
  <attribute name="IntegralI" value="122.000000" />
  <attribute name="IntegralH" value="122.000000" />
  <attribute name="DerivativeT" value="1.676471" />
  <attribute name="DerivativeI" value="1.676471" />
  <attribute name="DerivativeH" value="1.676471" />
  <attribute name="Loop Time for DT" value="17.000000" />
  <attribute name="Output H" value="8388608"/>
  <attribute name="Output I" value="200"/>
  <attribute name="Output T" value="4"/>
  <attribute name="Target GC Util Change" value ="20.000000" />
  <attribute name="Current GC Util Change" value="39.000000"/>
  <attribute name="GC Util currently" value="39" />
  <attribute name="CPU Util currently" value="2" />
<allocation-satisfied id="35" threadId="00000000017F5700" bytesRequested="20232" />
<af-end id="36" timestamp="2019-06-16T23:49:58.768" threadId="00000000017F6088" success="true" from="nursery"/>
<exclusive-end id="37" timestamp="2019-06-16T23:49:58.768" durationms="1.986" />

<exclusive-start id="38" timestamp="2019-06-16T23:49:59.374" intervalms="608.097">
  <response-info timems="0.112" idlems="0.112" threads="0" lastid="00000000017F5700" lastname="main" />
</exclusive-start>
<af-start id="39" threadId="00000000017F6088" totalBytesRequested="8200" timestamp="2019-06-16T23:49:59.375" intervalms="608.494" type="nursery" />
<cycle-start id="40" type="scavenge" contextid="0" timestamp="2019-06-16T23:49:59.375" intervalms="608.890" />
<gc-start id="41" type="scavenge" contextid="40" timestamp="2019-06-16T23:49:59.376">
  <mem-info id="42" free="6048480" total="8388608" percent="72">
    <mem type="nursery" free="0" total="2097152" percent="0">
      <mem type="allocate" free="0" total="1048576" percent="0" />
      <mem type="survivor" free="0" total="1048576" percent="0" />
    </mem>
    <mem type="tenure" free="6048480" total="6291456" percent="96">
      <mem type="soa" free="5734112" total="5977088" percent="95" />
      <mem type="loa" free="314368" total="314368" percent="100" />
    </mem>
    <remembered-set count="1091" />
  </mem-info>
</gc-start>
<allocation-stats totalBytes="337248" >
  <allocated-bytes non-tlh="67000" tlh="270248" />
  <largest-consumer threadName="main" threadId="00000000017F5700" bytes="337248" />
</allocation-stats>
<gc-op id="43" type="scavenge" timems="7.751" contextid="40" timestamp="2019-06-16T23:49:59.384">
  <scavenger-info tenureage="3" tenuremask="fff8" tiltratio="50" />
  <memory-copied type="nursery" objects="719" bytes="139360" bytesdiscarded="21136" />
  <memory-copied type="tenure" objects="10290" bytes="460040" bytesdiscarded="56" />
  <finalization candidates="13" enqueued="0" />
  <references type="soft" candidates="1" cleared="0" enqueued="0" dynamicThreshold="32" maxThreshold="32" />
  <references type="weak" candidates="61" cleared="45" enqueued="45" />
  <references type="phantom" candidates="19" cleared="9" enqueued="9" />
</gc-op>
<gc-end id="44" type="scavenge" contextid="40" durationms="9.198" usertimems="12.000" systemtimems="0.000" timestamp="2019-06-16T23:49:59.385" activeThreads="4">
  <mem-info id="45" free="6379040" total="8388608" percent="76">
    <mem type="nursery" free="888024" total="2097152" percent="42">
      <mem type="allocate" free="888024" total="1048576" percent="84" />
      <mem type="survivor" free="0" total="1048576" percent="0" />
    </mem>
    <mem type="tenure" free="5491016" total="6291456" percent="87">
      <mem type="soa" free="5176648" total="5977088" percent="86" />
      <mem type="loa" free="314368" total="314368" percent="100" />
    </mem>
    <pending-finalizers system="0" default="0" reference="54" classloader="0" />
    <remembered-set count="204" />
  </mem-info>
</gc-end>
<cycle-end id="46" type="scavenge" contextid="40" timestamp="2019-06-16T23:49:59.385" />
  <attribute name="elasticGC enabled" value="1" />
  <attribute name= "numThreadsSpecified" value="4" />
  <attribute name="heapSize specified" value="0" />
  <attribute name="Current GC Util" value="0" />
  <attribute name= "Current Time Running" value="783" />
  <attribute name ="GC Interval" value="200" />
  <attribute name="ProportionalT" value="-30.000000" />
  <attribute name="ProportionalI" value="-30.000000" />
  <attribute name="ProportionalH" value="-30.000000" />
  <attribute name="Current Error" value="-20.000000" />
  <attribute name="IntegralT" value="-12078.000000" />
  <attribute name="IntegralI" value="-12078.000000" />
  <attribute name="IntegralH" value="-12078.000000" />
  <attribute name="DerivativeT" value="-0.095902" />
  <attribute name="DerivativeI" value="-0.095902" />
  <attribute name="DerivativeH" value="-0.095902" />
  <attribute name="Loop Time for DT" value="610.000000" />
  <attribute name="Output H" value="2092630016"/>
  <attribute name="Output I" value="200"/>
  <attribute name="Output T" value="4"/>
  <attribute name="Target GC Util Change" value ="20.000000" />
  <attribute name="Current GC Util Change" value="0.000000"/>
  <attribute name="GC Util currently" value="0" />
  <attribute name="CPU Util currently" value="1" />
<allocation-satisfied id="47" threadId="00000000017F5700" bytesRequested="8200" />
<af-end id="48" timestamp="2019-06-16T23:49:59.386" threadId="00000000017F6088" success="true" from="nursery"/>
<exclusive-end id="49" timestamp="2019-06-16T23:49:59.387" durationms="12.440" />

<exclusive-start id="50" timestamp="2019-06-16T23:50:03.513" intervalms="4139.103">
  <response-info timems="0.249" idlems="0.249" threads="0" lastid="00000000017F5700" lastname="main" />
</exclusive-start>
<af-start id="51" threadId="00000000017F6088" totalBytesRequested="2056" timestamp="2019-06-16T23:50:03.514" intervalms="4139.160" type="nursery" />
<cycle-start id="52" type="scavenge" contextid="0" timestamp="2019-06-16T23:50:03.515" intervalms="4139.261" />
<gc-start id="53" type="scavenge" contextid="52" timestamp="2019-06-16T23:50:03.515">
  <mem-info id="54" free="5490096" total="8388608" percent="65">
    <mem type="nursery" free="0" total="2097152" percent="0">
      <mem type="allocate" free="0" total="1048576" percent="0" />
      <mem type="survivor" free="0" total="1048576" percent="0" />
    </mem>
    <mem type="tenure" free="5490096" total="6291456" percent="87">
      <mem type="soa" free="5175728" total="5977088" percent="86" />
      <mem type="loa" free="314368" total="314368" percent="100" />
    </mem>
    <remembered-set count="226" />
  </mem-info>
</gc-start>
<allocation-stats totalBytes="880112" >
  <allocated-bytes non-tlh="41824" tlh="838288" />
  <largest-consumer threadName="main" threadId="00000000017F5700" bytes="880112" />
</allocation-stats>
<gc-op id="55" type="scavenge" timems="7.275" contextid="52" timestamp="2019-06-16T23:50:03.523">
  <scavenger-info tenureage="3" tenuremask="fff8" tiltratio="50" />
  <memory-copied type="nursery" objects="455" bytes="204384" bytesdiscarded="146784" />
  <memory-copied type="tenure" objects="303" bytes="15168" bytesdiscarded="0" />
  <finalization candidates="3" enqueued="1" />
  <references type="soft" candidates="1" cleared="0" enqueued="0" dynamicThreshold="32" maxThreshold="32" />
  <references type="weak" candidates="11" cleared="9" enqueued="9" />
  <references type="phantom" candidates="12" cleared="7" enqueued="7" />
</gc-op>
<gc-end id="56" type="scavenge" contextid="52" durationms="8.810" usertimems="8.000" systemtimems="4.000" timestamp="2019-06-16T23:50:03.524" activeThreads="4">
  <mem-info id="57" free="6148256" total="8388608" percent="73">
    <mem type="nursery" free="697328" total="2097152" percent="33">
      <mem type="allocate" free="697328" total="1048576" percent="66" />
      <mem type="survivor" free="0" total="1048576" percent="0" />
    </mem>
    <mem type="tenure" free="5450928" total="6291456" percent="86">
      <mem type="soa" free="5136560" total="5977088" percent="85" />
      <mem type="loa" free="314368" total="314368" percent="100" />
    </mem>
    <pending-finalizers system="1" default="0" reference="16" classloader="0" />
    <remembered-set count="180" />
  </mem-info>
</gc-end>
<cycle-end id="58" type="scavenge" contextid="52" timestamp="2019-06-16T23:50:03.524" />
  <attribute name="elasticGC enabled" value="1" />
  <attribute name= "numThreadsSpecified" value="4" />
  <attribute name="heapSize specified" value="0" />
  <attribute name="Current GC Util" value="0" />
  <attribute name= "Current Time Running" value="4922" />
  <attribute name ="GC Interval" value="200" />
  <attribute name="ProportionalT" value="-30.000000" />
  <attribute name="ProportionalI" value="-30.000000" />
  <attribute name="ProportionalH" value="-30.000000" />
  <attribute name="Current Error" value="-20.000000" />
  <attribute name="IntegralT" value="-94858.000000" />
  <attribute name="IntegralI" value="-94858.000000" />
  <attribute name="IntegralH" value="-94858.000000" />
  <attribute name="DerivativeT" value="-0.007248" />
  <attribute name="DerivativeI" value="-0.007248" />
  <attribute name="DerivativeH" value="-0.007248" />
  <attribute name="Loop Time for DT" value="4139.000000" />
  <attribute name="Output H" value="2092630016"/>
  <attribute name="Output I" value="200"/>
  <attribute name="Output T" value="4"/>
  <attribute name="Target GC Util Change" value ="20.000000" />
  <attribute name="Current GC Util Change" value="0.000000"/>
  <attribute name="GC Util currently" value="0" />
  <attribute name="CPU Util currently" value="3" />
<allocation-satisfied id="59" threadId="00000000017F5700" bytesRequested="2056" />
<af-end id="60" timestamp="2019-06-16T23:50:03.525" threadId="00000000017F6088" success="true" from="nursery"/>
<exclusive-end id="61" timestamp="2019-06-16T23:50:03.526" durationms="12.483" />

<exclusive-start id="62" timestamp="2019-06-16T23:50:07.051" intervalms="3537.117">
  <response-info timems="0.148" idlems="0.148" threads="0" lastid="00000000017F5700" lastname="main" />
</exclusive-start>
<af-start id="63" threadId="00000000017F6088" totalBytesRequested="2056" timestamp="2019-06-16T23:50:07.051" intervalms="3537.073" type="nursery" />
<cycle-start id="64" type="scavenge" contextid="0" timestamp="2019-06-16T23:50:07.052" intervalms="3537.048" />
<gc-start id="65" type="scavenge" contextid="64" timestamp="2019-06-16T23:50:07.052">
  <mem-info id="66" free="5450928" total="8388608" percent="64">
    <mem type="nursery" free="0" total="2097152" percent="0">
      <mem type="allocate" free="0" total="1048576" percent="0" />
      <mem type="survivor" free="0" total="1048576" percent="0" />
    </mem>
    <mem type="tenure" free="5450928" total="6291456" percent="86">
      <mem type="soa" free="5136560" total="5977088" percent="85" />
      <mem type="loa" free="314368" total="314368" percent="100" />
    </mem>
    <remembered-set count="182" />
  </mem-info>
</gc-start>
<allocation-stats totalBytes="688048" >
  <allocated-bytes non-tlh="2056" tlh="685992" />
  <largest-consumer threadName="main" threadId="00000000017F5700" bytes="688048" />
</allocation-stats>
<gc-op id="67" type="scavenge" timems="5.076" contextid="64" timestamp="2019-06-16T23:50:07.058">
  <scavenger-info tenureage="3" tenuremask="fff8" tiltratio="50" />
  <memory-copied type="nursery" objects="388" bytes="82808" bytesdiscarded="20040" />
  <memory-copied type="tenure" objects="29" bytes="1768" bytesdiscarded="0" />
  <finalization candidates="2" enqueued="0" />
  <references type="soft" candidates="1" cleared="0" enqueued="0" dynamicThreshold="32" maxThreshold="32" />
  <references type="weak" candidates="1" cleared="0" enqueued="0" />
  <references type="phantom" candidates="5" cleared="0" enqueued="0" />
</gc-op>
<gc-end id="68" type="scavenge" contextid="64" durationms="6.707" usertimems="0.000" systemtimems="12.000" timestamp="2019-06-16T23:50:07.059" activeThreads="4">
  <mem-info id="69" free="6462112" total="8388608" percent="77">
    <mem type="nursery" free="1011184" total="2097152" percent="48">
      <mem type="allocate" free="1011184" total="1114112" percent="90" />
      <mem type="survivor" free="0" total="983040" percent="0" />
    </mem>
    <mem type="tenure" free="5450928" total="6291456" percent="86">
      <mem type="soa" free="5136560" total="5977088" percent="85" />
      <mem type="loa" free="314368" total="314368" percent="100" />
    </mem>
    <remembered-set count="100" />
  </mem-info>
</gc-end>
<cycle-end id="70" type="scavenge" contextid="64" timestamp="2019-06-16T23:50:07.059" />
  <attribute name="elasticGC enabled" value="1" />
  <attribute name= "numThreadsSpecified" value="4" />
  <attribute name="heapSize specified" value="0" />
  <attribute name="Current GC Util" value="0" />
  <attribute name= "Current Time Running" value="8459" />
  <attribute name ="GC Interval" value="200" />
  <attribute name="ProportionalT" value="-30.000000" />
  <attribute name="ProportionalI" value="-30.000000" />
  <attribute name="ProportionalH" value="-30.000000" />
  <attribute name="Current Error" value="-20.000000" />
  <attribute name="IntegralT" value="-165598.000000" />
  <attribute name="IntegralI" value="-165598.000000" />
  <attribute name="IntegralH" value="-165598.000000" />
  <attribute name="DerivativeT" value="-0.008482" />
  <attribute name="DerivativeI" value="-0.008482" />
  <attribute name="DerivativeH" value="-0.008482" />
  <attribute name="Loop Time for DT" value="3537.000000" />
  <attribute name="Output H" value="2092630016"/>
  <attribute name="Output I" value="200"/>
  <attribute name="Output T" value="4"/>
  <attribute name="Target GC Util Change" value ="20.000000" />
  <attribute name="Current GC Util Change" value="0.000000"/>
  <attribute name="GC Util currently" value="0" />
  <attribute name="CPU Util currently" value="3" />
<allocation-satisfied id="71" threadId="00000000017F5700" bytesRequested="2056" />
<af-end id="72" timestamp="2019-06-16T23:50:07.060" threadId="00000000017F6088" success="true" from="nursery"/>
<exclusive-end id="73" timestamp="2019-06-16T23:50:07.061" durationms="10.189" />

<exclusive-start id="74" timestamp="2019-06-16T23:50:11.286" intervalms="4235.414">
  <response-info timems="0.091" idlems="0.091" threads="0" lastid="00000000017F5700" lastname="main" />
</exclusive-start>
<af-start id="75" threadId="00000000017F6088" totalBytesRequested="2056" timestamp="2019-06-16T23:50:11.286" intervalms="4235.144" type="nursery" />
<cycle-start id="76" type="scavenge" contextid="0" timestamp="2019-06-16T23:50:11.287" intervalms="4234.914" />
<gc-start id="77" type="scavenge" contextid="76" timestamp="2019-06-16T23:50:11.287">
  <mem-info id="78" free="5450928" total="8388608" percent="64">
    <mem type="nursery" free="0" total="2097152" percent="0">
      <mem type="allocate" free="0" total="1114112" percent="0" />
      <mem type="survivor" free="0" total="983040" percent="0" />
    </mem>
    <mem type="tenure" free="5450928" total="6291456" percent="86">
      <mem type="soa" free="5136560" total="5977088" percent="85" />
      <mem type="loa" free="314368" total="314368" percent="100" />
    </mem>
    <remembered-set count="100" />
  </mem-info>
</gc-start>
<allocation-stats totalBytes="998648" >
  <allocated-bytes non-tlh="2056" tlh="996592" />
  <largest-consumer threadName="main" threadId="00000000017F5700" bytes="998648" />
</allocation-stats>
<gc-op id="79" type="scavenge" timems="4.245" contextid="76" timestamp="2019-06-16T23:50:11.292">
  <scavenger-info tenureage="4" tenuremask="fff0" tiltratio="53" />
  <memory-copied type="nursery" objects="389" bytes="84808" bytesdiscarded="34440" />
  <finalization candidates="2" enqueued="0" />
  <references type="soft" candidates="1" cleared="0" enqueued="0" dynamicThreshold="32" maxThreshold="32" />
  <references type="weak" candidates="1" cleared="0" enqueued="0" />
  <references type="phantom" candidates="5" cleared="0" enqueued="0" />
</gc-op>
<gc-end id="80" type="scavenge" contextid="76" durationms="4.932" usertimems="4.000" systemtimems="0.000" timestamp="2019-06-16T23:50:11.292" activeThreads="4">
  <mem-info id="81" free="6642320" total="8388608" percent="79">
    <mem type="nursery" free="1191392" total="2097152" percent="56">
      <mem type="allocate" free="1191392" total="1310720" percent="90" />
      <mem type="survivor" free="0" total="786432" percent="0" />
    </mem>
    <mem type="tenure" free="5450928" total="6291456" percent="86">
      <mem type="soa" free="5136560" total="5977088" percent="85" />
      <mem type="loa" free="314368" total="314368" percent="100" />
    </mem>
    <remembered-set count="88" />
  </mem-info>
</gc-end>
<cycle-end id="82" type="scavenge" contextid="76" timestamp="2019-06-16T23:50:11.292" />
  <attribute name="elasticGC enabled" value="1" />
  <attribute name= "numThreadsSpecified" value="4" />
  <attribute name="heapSize specified" value="0" />
  <attribute name="Current GC Util" value="0" />
  <attribute name= "Current Time Running" value="12694" />
  <attribute name ="GC Interval" value="200" />
  <attribute name="ProportionalT" value="-30.000000" />
  <attribute name="ProportionalI" value="-30.000000" />
  <attribute name="ProportionalH" value="-30.000000" />
  <attribute name="Current Error" value="-20.000000" />
  <attribute name="IntegralT" value="-84700.000000" />
  <attribute name="IntegralI" value="-84700.000000" />
  <attribute name="IntegralH" value="-84700.000000" />
  <attribute name="DerivativeT" value="-0.007084" />
  <attribute name="DerivativeI" value="-0.007084" />
  <attribute name="DerivativeH" value="-0.007084" />
  <attribute name="Loop Time for DT" value="4235.000000" />
  <attribute name="Output H" value="2092630016"/>
  <attribute name="Output I" value="200"/>
  <attribute name="Output T" value="4"/>
  <attribute name="Target GC Util Change" value ="20.000000" />
  <attribute name="Current GC Util Change" value="0.000000"/>
  <attribute name="GC Util currently" value="0" />
  <attribute name="CPU Util currently" value="1" />
<allocation-satisfied id="83" threadId="00000000017F5700" bytesRequested="2056" />
<af-end id="84" timestamp="2019-06-16T23:50:11.292" threadId="00000000017F6088" success="true" from="nursery"/>
<exclusive-end id="85" timestamp="2019-06-16T23:50:11.293" durationms="6.627" />

<exclusive-start id="86" timestamp="2019-06-16T23:50:17.063" intervalms="5777.212">
  <response-info timems="0.106" idlems="0.106" threads="0" lastid="00000000017F5700" lastname="main" />
</exclusive-start>
<af-start id="87" threadId="00000000017F6088" totalBytesRequested="2056" timestamp="2019-06-16T23:50:17.064" intervalms="5777.321" type="nursery" />
<cycle-start id="88" type="scavenge" contextid="0" timestamp="2019-06-16T23:50:17.064" intervalms="5777.305" />
<gc-start id="89" type="scavenge" contextid="88" timestamp="2019-06-16T23:50:17.064">
  <mem-info id="90" free="5450928" total="8388608" percent="64">
    <mem type="nursery" free="0" total="2097152" percent="0">
      <mem type="allocate" free="0" total="1310720" percent="0" />
      <mem type="survivor" free="0" total="786432" percent="0" />
    </mem>
    <mem type="tenure" free="5450928" total="6291456" percent="86">
      <mem type="soa" free="5136560" total="5977088" percent="85" />
      <mem type="loa" free="314368" total="314368" percent="100" />
    </mem>
    <remembered-set count="88" />
  </mem-info>
</gc-start>
<allocation-stats totalBytes="1180256" >
  <allocated-bytes non-tlh="2056" tlh="1178200" />
  <largest-consumer threadName="main" threadId="00000000017F5700" bytes="1180256" />
</allocation-stats>
<gc-op id="91" type="scavenge" timems="5.307" contextid="88" timestamp="2019-06-16T23:50:17.070">
  <scavenger-info tenureage="3" tenuremask="fff8" tiltratio="62" />
  <memory-copied type="nursery" objects="13" bytes="512" bytesdiscarded="77808" />
  <memory-copied type="tenure" objects="375" bytes="82256" bytesdiscarded="40" />
  <finalization candidates="2" enqueued="0" />
  <references type="phantom" candidates="1" cleared="0" enqueued="0" />
</gc-op>
<gc-end id="92" type="scavenge" contextid="88" durationms="6.654" usertimems="8.000" systemtimems="0.000" timestamp="2019-06-16T23:50:17.071" activeThreads="4">
  <mem-info id="93" free="6767016" total="8388608" percent="80">
    <mem type="nursery" free="1363456" total="2097152" percent="65">
      <mem type="allocate" free="1363456" total="1441792" percent="94" />
      <mem type="survivor" free="0" total="655360" percent="0" />
    </mem>
    <mem type="tenure" free="5403560" total="6291456" percent="85" macro-fragmented="4479464">
      <mem type="soa" free="5089192" total="5977088" percent="85" />
      <mem type="loa" free="314368" total="314368" percent="100" />
    </mem>
    <remembered-set count="62" />
  </mem-info>
</gc-end>
<cycle-end id="94" type="scavenge" contextid="88" timestamp="2019-06-16T23:50:17.071" />
  <attribute name="elasticGC enabled" value="1" />
  <attribute name= "numThreadsSpecified" value="4" />
  <attribute name="heapSize specified" value="0" />
  <attribute name="Current GC Util" value="0" />
  <attribute name= "Current Time Running" value="18471" />
  <attribute name ="GC Interval" value="200" />
  <attribute name="ProportionalT" value="-30.000000" />
  <attribute name="ProportionalI" value="-30.000000" />
  <attribute name="ProportionalH" value="-30.000000" />
  <attribute name="Current Error" value="-20.000000" />
  <attribute name="IntegralT" value="-115540.000000" />
  <attribute name="IntegralI" value="-115540.000000" />
  <attribute name="IntegralH" value="-115540.000000" />
  <attribute name="DerivativeT" value="-0.005193" />
  <attribute name="DerivativeI" value="-0.005193" />
  <attribute name="DerivativeH" value="-0.005193" />
  <attribute name="Loop Time for DT" value="5777.000000" />
  <attribute name="Output H" value="2092630016"/>
  <attribute name="Output I" value="200"/>
  <attribute name="Output T" value="4"/>
  <attribute name="Target GC Util Change" value ="20.000000" />
  <attribute name="Current GC Util Change" value="0.000000"/>
  <attribute name="GC Util currently" value="0" />
  <attribute name="CPU Util currently" value="0" />
<allocation-satisfied id="95" threadId="00000000017F5700" bytesRequested="2056" />
<af-end id="96" timestamp="2019-06-16T23:50:17.072" threadId="00000000017F6088" success="true" from="nursery"/>
<exclusive-end id="97" timestamp="2019-06-16T23:50:17.072" durationms="8.777" />

<exclusive-start id="98" timestamp="2019-06-16T23:50:22.499" intervalms="5435.498">
  <response-info timems="0.105" idlems="0.105" threads="0" lastid="00000000017F5700" lastname="main" />
</exclusive-start>
<af-start id="99" threadId="00000000017F6088" totalBytesRequested="2056" timestamp="2019-06-16T23:50:22.499" intervalms="5435.884" type="nursery" />
<cycle-start id="100" type="scavenge" contextid="0" timestamp="2019-06-16T23:50:22.500" intervalms="5435.989" />
<gc-start id="101" type="scavenge" contextid="100" timestamp="2019-06-16T23:50:22.500">
  <mem-info id="102" free="5403560" total="8388608" percent="64">
    <mem type="nursery" free="0" total="2097152" percent="0">
      <mem type="allocate" free="0" total="1441792" percent="0" />
      <mem type="survivor" free="0" total="655360" percent="0" />
    </mem>
    <mem type="tenure" free="5403560" total="6291456" percent="85">
      <mem type="soa" free="5089192" total="5977088" percent="85" />
      <mem type="loa" free="314368" total="314368" percent="100" />
    </mem>
    <remembered-set count="62" />
  </mem-info>
</gc-start>
<allocation-stats totalBytes="1349112" >
  <allocated-bytes non-tlh="2056" tlh="1347056" />
  <largest-consumer threadName="main" threadId="00000000017F5700" bytes="1349112" />
</allocation-stats>
<gc-op id="103" type="scavenge" timems="1.317" contextid="100" timestamp="2019-06-16T23:50:22.502">
  <scavenger-info tenureage="3" tenuremask="ffc8" tiltratio="68" />
  <memory-copied type="nursery" objects="13" bytes="560" bytesdiscarded="77760" />
  <references type="phantom" candidates="1" cleared="0" enqueued="0" />
</gc-op>
<gc-end id="104" type="scavenge" contextid="100" durationms="3.963" usertimems="0.000" systemtimems="4.000" timestamp="2019-06-16T23:50:22.504" activeThreads="4">
  <mem-info id="105" free="6898088" total="8388608" percent="82">
    <mem type="nursery" free="1494528" total="2097152" percent="71">
      <mem type="allocate" free="1494528" total="1572864" percent="95" />
      <mem type="survivor" free="0" total="524288" percent="0" />
    </mem>
    <mem type="tenure" free="5403560" total="6291456" percent="85" macro-fragmented="0">
      <mem type="soa" free="5089192" total="5977088" percent="85" />
      <mem type="loa" free="314368" total="314368" percent="100" />
    </mem>
    <remembered-set count="62" />
  </mem-info>
</gc-end>
<cycle-end id="106" type="scavenge" contextid="100" timestamp="2019-06-16T23:50:22.505" />
  <attribute name="elasticGC enabled" value="1" />
  <attribute name= "numThreadsSpecified" value="4" />
  <attribute name="heapSize specified" value="0" />
  <attribute name="Current GC Util" value="0" />
  <attribute name= "Current Time Running" value="23907" />
  <attribute name ="GC Interval" value="200" />
  <attribute name="ProportionalT" value="-30.000000" />
  <attribute name="ProportionalI" value="-30.000000" />
  <attribute name="ProportionalH" value="-30.000000" />
  <attribute name="Current Error" value="-20.000000" />
  <attribute name="IntegralT" value="-108720.000000" />
  <attribute name="IntegralI" value="-108720.000000" />
  <attribute name="IntegralH" value="-108720.000000" />
  <attribute name="DerivativeT" value="-0.005519" />
  <attribute name="DerivativeI" value="-0.005519" />
  <attribute name="DerivativeH" value="-0.005519" />
  <attribute name="Loop Time for DT" value="5436.000000" />
  <attribute name="Output H" value="2092630016"/>
  <attribute name="Output I" value="200"/>
  <attribute name="Output T" value="4"/>
  <attribute name="Target GC Util Change" value ="20.000000" />
  <attribute name="Current GC Util Change" value="0.000000"/>
  <attribute name="GC Util currently" value="0" />
  <attribute name="CPU Util currently" value="0" />
<allocation-satisfied id="107" threadId="00000000017F5700" bytesRequested="2056" />
<af-end id="108" timestamp="2019-06-16T23:50:22.505" threadId="00000000017F6088" success="true" from="nursery"/>
<exclusive-end id="109" timestamp="2019-06-16T23:50:22.506" durationms="7.098" />

<exclusive-start id="110" timestamp="2019-06-16T23:50:31.006" intervalms="8507.711">
  <response-info timems="0.197" idlems="0.197" threads="0" lastid="00000000017F5700" lastname="main" />
</exclusive-start>
<af-start id="111" threadId="00000000017F6088" totalBytesRequested="2056" timestamp="2019-06-16T23:50:31.007" intervalms="8507.576" type="nursery" />
<cycle-start id="112" type="scavenge" contextid="0" timestamp="2019-06-16T23:50:31.008" intervalms="8507.813" />
<gc-start id="113" type="scavenge" contextid="112" timestamp="2019-06-16T23:50:31.008">
  <mem-info id="114" free="5403560" total="8388608" percent="64">
    <mem type="nursery" free="0" total="2097152" percent="0">
      <mem type="allocate" free="0" total="1572864" percent="0" />
      <mem type="survivor" free="0" total="524288" percent="0" />
    </mem>
    <mem type="tenure" free="5403560" total="6291456" percent="85">
      <mem type="soa" free="5089192" total="5977088" percent="85" />
      <mem type="loa" free="314368" total="314368" percent="100" />
    </mem>
    <remembered-set count="62" />
  </mem-info>
</gc-start>
<allocation-stats totalBytes="1475640" >
  <allocated-bytes non-tlh="2056" tlh="1473584" />
  <largest-consumer threadName="main" threadId="00000000017F5700" bytes="1475640" />
</allocation-stats>
<gc-op id="115" type="scavenge" timems="5.972" contextid="112" timestamp="2019-06-16T23:50:31.015">
  <scavenger-info tenureage="3" tenuremask="fff8" tiltratio="75" />
  <memory-copied type="nursery" objects="13" bytes="544" bytesdiscarded="38608" />
  <references type="phantom" candidates="1" cleared="0" enqueued="0" />
</gc-op>
<gc-end id="116" type="scavenge" contextid="112" durationms="8.005" usertimems="4.000" systemtimems="4.000" timestamp="2019-06-16T23:50:31.016" activeThreads="4">
  <mem-info id="117" free="7002792" total="8388608" percent="83">
    <mem type="nursery" free="1599232" total="2097152" percent="76">
      <mem type="allocate" free="1599232" total="1638400" percent="97" />
      <mem type="survivor" free="0" total="458752" percent="0" />
    </mem>
    <mem type="tenure" free="5403560" total="6291456" percent="85" macro-fragmented="2160235">
      <mem type="soa" free="5089192" total="5977088" percent="85" />
      <mem type="loa" free="314368" total="314368" percent="100" />
    </mem>
    <remembered-set count="62" />
  </mem-info>
</gc-end>
<cycle-end id="118" type="scavenge" contextid="112" timestamp="2019-06-16T23:50:31.017" />
  <attribute name="elasticGC enabled" value="1" />
  <attribute name= "numThreadsSpecified" value="4" />
  <attribute name="heapSize specified" value="0" />
  <attribute name="Current GC Util" value="0" />
  <attribute name= "Current Time Running" value="32416" />
  <attribute name ="GC Interval" value="200" />
  <attribute name="ProportionalT" value="-30.000000" />
  <attribute name="ProportionalI" value="-30.000000" />
  <attribute name="ProportionalH" value="-30.000000" />
  <attribute name="Current Error" value="-20.000000" />
  <attribute name="IntegralT" value="-170180.000000" />
  <attribute name="IntegralI" value="-170180.000000" />
  <attribute name="IntegralH" value="-170180.000000" />
  <attribute name="DerivativeT" value="-0.003526" />
  <attribute name="DerivativeI" value="-0.003526" />
  <attribute name="DerivativeH" value="-0.003526" />
  <attribute name="Loop Time for DT" value="8509.000000" />
  <attribute name="Output H" value="2092630016"/>
  <attribute name="Output I" value="200"/>
  <attribute name="Output T" value="4"/>
  <attribute name="Target GC Util Change" value ="20.000000" />
  <attribute name="Current GC Util Change" value="0.000000"/>
  <attribute name="GC Util currently" value="0" />
  <attribute name="CPU Util currently" value="0" />
<allocation-satisfied id="119" threadId="00000000017F5700" bytesRequested="2056" />
<af-end id="120" timestamp="2019-06-16T23:50:31.018" threadId="00000000017F6088" success="true" from="nursery"/>
<exclusive-end id="121" timestamp="2019-06-16T23:50:31.019" durationms="12.279" />

<exclusive-start id="122" timestamp="2019-06-16T23:50:37.641" intervalms="6634.442">
  <response-info timems="0.034" idlems="0.034" threads="0" lastid="00000000017F5700" lastname="main" />
</exclusive-start>
<af-start id="123" threadId="00000000017F6088" totalBytesRequested="2056" timestamp="2019-06-16T23:50:37.641" intervalms="6633.954" type="nursery" />
<cycle-start id="124" type="scavenge" contextid="0" timestamp="2019-06-16T23:50:37.641" intervalms="6633.449" />
<gc-start id="125" type="scavenge" contextid="124" timestamp="2019-06-16T23:50:37.641">
  <mem-info id="126" free="5403560" total="8388608" percent="64">
    <mem type="nursery" free="0" total="2097152" percent="0">
      <mem type="allocate" free="0" total="1638400" percent="0" />
      <mem type="survivor" free="0" total="458752" percent="0" />
    </mem>
    <mem type="tenure" free="5403560" total="6291456" percent="85">
      <mem type="soa" free="5089192" total="5977088" percent="85" />
      <mem type="loa" free="314368" total="314368" percent="100" />
    </mem>
    <remembered-set count="62" />
  </mem-info>
</gc-start>
<allocation-stats totalBytes="1585032" >
  <allocated-bytes non-tlh="2056" tlh="1582976" />
  <largest-consumer threadName="main" threadId="00000000017F5700" bytes="1585032" />
</allocation-stats>
<gc-op id="127" type="scavenge" timems="1.705" contextid="124" timestamp="2019-06-16T23:50:37.643">
  <scavenger-info tenureage="3" tenuremask="fff8" tiltratio="78" />
  <memory-copied type="nursery" objects="14" bytes="2552" bytesdiscarded="75768" />
  <references type="phantom" candidates="1" cleared="0" enqueued="0" />
</gc-op>
<gc-end id="128" type="scavenge" contextid="124" durationms="2.118" usertimems="0.000" systemtimems="4.000" timestamp="2019-06-16T23:50:37.643" activeThreads="4">
  <mem-info id="129" free="7029160" total="8388608" percent="83">
    <mem type="nursery" free="1625600" total="2097152" percent="77">
      <mem type="allocate" free="1625600" total="1703936" percent="95" />
      <mem type="survivor" free="0" total="393216" percent="0" />
    </mem>
    <mem type="tenure" free="5403560" total="6291456" percent="85" macro-fragmented="3732887">
      <mem type="soa" free="5089192" total="5977088" percent="85" />
      <mem type="loa" free="314368" total="314368" percent="100" />
    </mem>
    <remembered-set count="62" />
  </mem-info>
</gc-end>
<cycle-end id="130" type="scavenge" contextid="124" timestamp="2019-06-16T23:50:37.643" />
  <attribute name="elasticGC enabled" value="1" />
  <attribute name= "numThreadsSpecified" value="4" />
  <attribute name="heapSize specified" value="0" />
  <attribute name="Current GC Util" value="0" />
  <attribute name= "Current Time Running" value="39048" />
  <attribute name ="GC Interval" value="200" />
  <attribute name="ProportionalT" value="-30.000000" />
  <attribute name="ProportionalI" value="-30.000000" />
  <attribute name="ProportionalH" value="-30.000000" />
  <attribute name="Current Error" value="-20.000000" />
  <attribute name="IntegralT" value="-132640.000000" />
  <attribute name="IntegralI" value="-132640.000000" />
  <attribute name="IntegralH" value="-132640.000000" />
  <attribute name="DerivativeT" value="-0.004524" />
  <attribute name="DerivativeI" value="-0.004524" />
  <attribute name="DerivativeH" value="-0.004524" />
  <attribute name="Loop Time for DT" value="6632.000000" />
  <attribute name="Output H" value="2092630016"/>
  <attribute name="Output I" value="200"/>
  <attribute name="Output T" value="4"/>
  <attribute name="Target GC Util Change" value ="20.000000" />
  <attribute name="Current GC Util Change" value="0.000000"/>
  <attribute name="GC Util currently" value="0" />
  <attribute name="CPU Util currently" value="0" />
<allocation-satisfied id="131" threadId="00000000017F5700" bytesRequested="2056" />
<af-end id="132" timestamp="2019-06-16T23:50:37.644" threadId="00000000017F6088" success="true" from="nursery"/>
<exclusive-end id="133" timestamp="2019-06-16T23:50:37.644" durationms="2.778" />

<exclusive-start id="134" timestamp="2019-06-16T23:50:41.643" intervalms="4001.931">
  <response-info timems="0.053" idlems="0.053" threads="0" lastid="00000000017F5700" lastname="main" />
</exclusive-start>
<af-start id="135" threadId="00000000017F6088" totalBytesRequested="7008" timestamp="2019-06-16T23:50:41.643" intervalms="4001.963" type="nursery" />
<cycle-start id="136" type="scavenge" contextid="0" timestamp="2019-06-16T23:50:41.643" intervalms="4001.947" />
<gc-start id="137" type="scavenge" contextid="136" timestamp="2019-06-16T23:50:41.643">
  <mem-info id="138" free="5402784" total="8388608" percent="64">
    <mem type="nursery" free="0" total="2097152" percent="0">
      <mem type="allocate" free="0" total="1703936" percent="0" />
      <mem type="survivor" free="0" total="393216" percent="0" />
    </mem>
    <mem type="tenure" free="5402784" total="6291456" percent="85">
      <mem type="soa" free="5088416" total="5977088" percent="85" />
      <mem type="loa" free="314368" total="314368" percent="100" />
    </mem>
    <remembered-set count="94" />
  </mem-info>
</gc-start>
<allocation-stats totalBytes="1616552" >
  <allocated-bytes non-tlh="317432" tlh="1299120" />
  <largest-consumer threadName="main" threadId="00000000017F5700" bytes="1616552" />
</allocation-stats>
<gc-op id="139" type="scavenge" timems="1.538" contextid="136" timestamp="2019-06-16T23:50:41.645">
  <scavenger-info tenureage="3" tenuremask="fff8" tiltratio="81" />
  <memory-copied type="nursery" objects="322" bytes="389952" bytesdiscarded="3264" />
  <memory-copied type="tenure" objects="135" bytes="235592" bytesdiscarded="0" />
  <copy-failed type="nursery" objects="136" bytes="235648" />
  <references type="soft" candidates="1" cleared="0" enqueued="0" dynamicThreshold="32" maxThreshold="32" />
  <references type="weak" candidates="1" cleared="1" enqueued="1" />
  <references type="phantom" candidates="29" cleared="1" enqueued="1" />
</gc-op>
<gc-end id="140" type="scavenge" contextid="136" durationms="1.958" usertimems="4.000" systemtimems="0.000" timestamp="2019-06-16T23:50:41.645" activeThreads="4">
  <mem-info id="141" free="5828832" total="8388608" percent="69">
    <mem type="nursery" free="655360" total="2097152" percent="31">
      <mem type="allocate" free="655360" total="1048576" percent="62" />
      <mem type="survivor" free="0" total="1048576" percent="0" />
    </mem>
    <mem type="tenure" free="5173472" total="6291456" percent="82" macro-fragmented="4479464">
      <mem type="soa" free="4859104" total="5977088" percent="81" />
      <mem type="loa" free="314368" total="314368" percent="100" />
    </mem>
    <pending-finalizers system="0" default="0" reference="2" classloader="0" />
    <remembered-set count="105" />
  </mem-info>
</gc-end>
<cycle-end id="142" type="scavenge" contextid="136" timestamp="2019-06-16T23:50:41.645" />
  <attribute name="elasticGC enabled" value="1" />
  <attribute name= "numThreadsSpecified" value="4" />
  <attribute name="heapSize specified" value="0" />
  <attribute name="Current GC Util" value="0" />
  <attribute name= "Current Time Running" value="43050" />
  <attribute name ="GC Interval" value="200" />
  <attribute name="ProportionalT" value="-30.000000" />
  <attribute name="ProportionalI" value="-30.000000" />
  <attribute name="ProportionalH" value="-30.000000" />
  <attribute name="Current Error" value="-20.000000" />
  <attribute name="IntegralT" value="-80040.000000" />
  <attribute name="IntegralI" value="-80040.000000" />
  <attribute name="IntegralH" value="-80040.000000" />
  <attribute name="DerivativeT" value="-0.007496" />
  <attribute name="DerivativeI" value="-0.007496" />
  <attribute name="DerivativeH" value="-0.007496" />
  <attribute name="Loop Time for DT" value="4002.000000" />
  <attribute name="Output H" value="2092630016"/>
  <attribute name="Output I" value="200"/>
  <attribute name="Output T" value="4"/>
  <attribute name="Target GC Util Change" value ="20.000000" />
  <attribute name="Current GC Util Change" value="0.000000"/>
  <attribute name="GC Util currently" value="0" />
  <attribute name="CPU Util currently" value="1" />
<allocation-satisfied id="143" threadId="00000000017F5700" bytesRequested="7008" />
<af-end id="144" timestamp="2019-06-16T23:50:41.646" threadId="00000000017F6088" success="true" from="nursery"/>
<exclusive-end id="145" timestamp="2019-06-16T23:50:41.646" durationms="2.853" />

<exclusive-start id="146" timestamp="2019-06-16T23:50:41.651" intervalms="8.728">
  <response-info timems="0.058" idlems="0.058" threads="0" lastid="00000000017F5700" lastname="main" />
</exclusive-start>
<af-start id="147" threadId="00000000017F6088" totalBytesRequested="31752" timestamp="2019-06-16T23:50:41.652" intervalms="8.685" type="nursery" />
<cycle-start id="148" type="scavenge" contextid="0" timestamp="2019-06-16T23:50:41.652" intervalms="8.673" />
<gc-start id="149" type="scavenge" contextid="148" timestamp="2019-06-16T23:50:41.652">
  <mem-info id="150" free="5172480" total="8388608" percent="61">
    <mem type="nursery" free="0" total="2097152" percent="0">
      <mem type="allocate" free="0" total="1048576" percent="0" />
      <mem type="survivor" free="0" total="1048576" percent="0" />
    </mem>
    <mem type="tenure" free="5172480" total="6291456" percent="82">
      <mem type="soa" free="4858112" total="5977088" percent="81" />
      <mem type="loa" free="314368" total="314368" percent="100" />
    </mem>
    <remembered-set count="120" />
  </mem-info>
</gc-start>
<allocation-stats totalBytes="593120" >
  <allocated-bytes non-tlh="268216" tlh="324904" />
  <largest-consumer threadName="main" threadId="00000000017F5700" bytes="589024" />
</allocation-stats>
<gc-op id="151" type="scavenge" timems="1.406" contextid="148" timestamp="2019-06-16T23:50:41.653">
  <scavenger-info tenureage="3" tenuremask="fff8" tiltratio="50" />
  <memory-copied type="nursery" objects="345" bytes="437768" bytesdiscarded="95856" />
  <references type="soft" candidates="1" cleared="0" enqueued="0" dynamicThreshold="32" maxThreshold="32" />
  <references type="weak" candidates="4" cleared="3" enqueued="3" />
  <references type="phantom" candidates="29" cleared="0" enqueued="0" />
</gc-op>
<heap-resize id="152" type="expand" space="nursery" amount="131072" count="1" timems="0.104" reason="excessive time being spent scavenging" timestamp="2019-06-16T23:50:41.654" />
<gc-end id="153" type="scavenge" contextid="148" durationms="1.899" usertimems="4.000" systemtimems="0.000" timestamp="2019-06-16T23:50:41.654" activeThreads="4">
  <mem-info id="154" free="5752960" total="8519680" percent="67">
    <mem type="nursery" free="580480" total="2228224" percent="26">
      <mem type="allocate" free="580480" total="1114112" percent="52" />
      <mem type="survivor" free="0" total="1114112" percent="0" />
    </mem>
    <mem type="tenure" free="5172480" total="6291456" percent="82" macro-fragmented="3110739">
      <mem type="soa" free="4858112" total="5977088" percent="81" />
      <mem type="loa" free="314368" total="314368" percent="100" />
    </mem>
    <pending-finalizers system="0" default="0" reference="3" classloader="0" />
    <remembered-set count="118" />
  </mem-info>
</gc-end>
<cycle-end id="155" type="scavenge" contextid="148" timestamp="2019-06-16T23:50:41.654" />
  <attribute name="elasticGC enabled" value="1" />
  <attribute name= "numThreadsSpecified" value="4" />
  <attribute name="heapSize specified" value="0" />
  <attribute name="Current GC Util" value="28" />
  <attribute name= "Current Time Running" value="43058" />
  <attribute name ="GC Interval" value="200" />
  <attribute name="ProportionalT" value="12.000000" />
  <attribute name="ProportionalI" value="12.000000" />
  <attribute name="ProportionalH" value="12.000000" />
  <attribute name="Current Error" value="8.000000" />
  <attribute name="IntegralT" value="64.000000" />
  <attribute name="IntegralI" value="64.000000" />
  <attribute name="IntegralH" value="64.000000" />
  <attribute name="DerivativeT" value="1.500000" />
  <attribute name="DerivativeI" value="1.500000" />
  <attribute name="DerivativeH" value="1.500000" />
  <attribute name="Loop Time for DT" value="8.000000" />
  <attribute name="Output H" value="8388608"/>
  <attribute name="Output I" value="200"/>
  <attribute name="Output T" value="4"/>
  <attribute name="Target GC Util Change" value ="20.000000" />
  <attribute name="Current GC Util Change" value="28.000000"/>
  <attribute name="GC Util currently" value="28" />
  <attribute name="CPU Util currently" value="543315709302" />
<allocation-satisfied id="156" threadId="00000000017F5700" bytesRequested="31752" />
<af-end id="157" timestamp="2019-06-16T23:50:41.654" threadId="00000000017F6088" success="true" from="nursery"/>
<exclusive-end id="158" timestamp="2019-06-16T23:50:41.654" durationms="2.529" />

<exclusive-start id="159" timestamp="2019-06-16T23:50:41.660" intervalms="8.661">
  <response-info timems="0.045" idlems="0.045" threads="0" lastid="00000000017F5700" lastname="main" />
</exclusive-start>
<af-start id="160" threadId="00000000017F6088" totalBytesRequested="47184" timestamp="2019-06-16T23:50:41.660" intervalms="8.614" type="nursery" />
<cycle-start id="161" type="scavenge" contextid="0" timestamp="2019-06-16T23:50:41.660" intervalms="8.580" />
<gc-start id="162" type="scavenge" contextid="161" timestamp="2019-06-16T23:50:41.660">
  <mem-info id="163" free="5167648" total="8519680" percent="60">
    <mem type="nursery" free="0" total="2228224" percent="0">
      <mem type="allocate" free="0" total="1114112" percent="0" />
      <mem type="survivor" free="0" total="1114112" percent="0" />
    </mem>
    <mem type="tenure" free="5167648" total="6291456" percent="82">
      <mem type="soa" free="4853280" total="5977088" percent="81" />
      <mem type="loa" free="314368" total="314368" percent="100" />
    </mem>
    <remembered-set count="146" />
  </mem-info>
</gc-start>
<allocation-stats totalBytes="515848" >
  <allocated-bytes non-tlh="115536" tlh="400312" />
  <largest-consumer threadName="main" threadId="00000000017F5700" bytes="515848" />
</allocation-stats>
<gc-op id="164" type="scavenge" timems="1.509" contextid="161" timestamp="2019-06-16T23:50:41.662">
  <scavenger-info tenureage="2" tenuremask="fffc" tiltratio="50" />
  <memory-copied type="nursery" objects="88" bytes="85144" bytesdiscarded="72120" />
  <memory-copied type="tenure" objects="303" bytes="388280" bytesdiscarded="0" />
  <references type="soft" candidates="2" cleared="0" enqueued="0" dynamicThreshold="32" maxThreshold="32" />
  <references type="weak" candidates="8" cleared="7" enqueued="7" />
  <references type="phantom" candidates="1" cleared="0" enqueued="0" />
</gc-op>
<heap-resize id="165" type="expand" space="nursery" amount="131072" count="1" timems="0.012" reason="excessive time being spent scavenging" timestamp="2019-06-16T23:50:41.662" />
<gc-end id="166" type="scavenge" contextid="161" durationms="1.849" usertimems="4.000" systemtimems="0.000" timestamp="2019-06-16T23:50:41.662" activeThreads="4">
  <mem-info id="167" free="5801616" total="8650752" percent="67">
    <mem type="nursery" free="1022376" total="2359296" percent="43">
      <mem type="allocate" free="1022376" total="1179648" percent="86" />
      <mem type="survivor" free="0" total="1179648" percent="0" />
    </mem>
    <mem type="tenure" free="4779240" total="6291456" percent="75" macro-fragmented="2160235">
      <mem type="soa" free="4464872" total="5977088" percent="74" />
      <mem type="loa" free="314368" total="314368" percent="100" />
    </mem>
    <pending-finalizers system="0" default="0" reference="7" classloader="0" />
    <remembered-set count="109" />
  </mem-info>
</gc-end>
<cycle-end id="168" type="scavenge" contextid="161" timestamp="2019-06-16T23:50:41.662" />
  <attribute name="elasticGC enabled" value="1" />
  <attribute name= "numThreadsSpecified" value="4" />
  <attribute name="heapSize specified" value="0" />
  <attribute name="Current GC Util" value="27" />
  <attribute name= "Current Time Running" value="43067" />
  <attribute name ="GC Interval" value="200" />
  <attribute name="ProportionalT" value="10.500000" />
  <attribute name="ProportionalI" value="10.500000" />
  <attribute name="ProportionalH" value="10.500000" />
  <attribute name="Current Error" value="7.000000" />
  <attribute name="IntegralT" value="63.000000" />
  <attribute name="IntegralI" value="63.000000" />
  <attribute name="IntegralH" value="63.000000" />
  <attribute name="DerivativeT" value="-0.166667" />
  <attribute name="DerivativeI" value="-0.166667" />
  <attribute name="DerivativeH" value="-0.166667" />
  <attribute name="Loop Time for DT" value="9.000000" />
  <attribute name="Output H" value="8388608"/>
  <attribute name="Output I" value="200"/>
  <attribute name="Output T" value="4"/>
  <attribute name="Target GC Util Change" value ="20.000000" />
  <attribute name="Current GC Util Change" value="27.000000"/>
  <attribute name="GC Util currently" value="27" />
  <attribute name="CPU Util currently" value="538898074336" />
<allocation-satisfied id="169" threadId="00000000017F5700" bytesRequested="47184" />
<af-end id="170" timestamp="2019-06-16T23:50:41.663" threadId="00000000017F6088" success="true" from="nursery"/>
<exclusive-end id="171" timestamp="2019-06-16T23:50:41.663" durationms="2.491" />

<exclusive-start id="172" timestamp="2019-06-16T23:50:41.688" intervalms="27.728">
  <response-info timems="0.024" idlems="0.024" threads="0" lastid="00000000017F5700" lastname="main" />
</exclusive-start>
<af-start id="173" threadId="00000000017F6088" totalBytesRequested="15368" timestamp="2019-06-16T23:50:41.688" intervalms="27.729" type="nursery" />
<cycle-start id="174" type="scavenge" contextid="0" timestamp="2019-06-16T23:50:41.688" intervalms="27.707" />
<gc-start id="175" type="scavenge" contextid="174" timestamp="2019-06-16T23:50:41.688">
  <mem-info id="176" free="4767032" total="8650752" percent="55">
    <mem type="nursery" free="0" total="2359296" percent="0">
      <mem type="allocate" free="0" total="1179648" percent="0" />
      <mem type="survivor" free="0" total="1179648" percent="0" />
    </mem>
    <mem type="tenure" free="4767032" total="6291456" percent="75">
      <mem type="soa" free="4452664" total="5977088" percent="74" />
      <mem type="loa" free="314368" total="314368" percent="100" />
    </mem>
    <remembered-set count="250" />
  </mem-info>
</gc-start>
<allocation-stats totalBytes="986816" >
  <allocated-bytes non-tlh="59392" tlh="927424" />
  <largest-consumer threadName="main" threadId="00000000017F5700" bytes="986816" />
</allocation-stats>
<gc-op id="177" type="scavenge" timems="1.383" contextid="174" timestamp="2019-06-16T23:50:41.690">
  <scavenger-info tenureage="4" tenuremask="fff0" tiltratio="50" />
  <memory-copied type="nursery" objects="220" bytes="39584" bytesdiscarded="45920" />
  <references type="soft" candidates="2" cleared="0" enqueued="0" dynamicThreshold="32" maxThreshold="32" />
  <references type="weak" candidates="20" cleared="19" enqueued="19" />
  <references type="phantom" candidates="1" cleared="0" enqueued="0" />
</gc-op>
<gc-end id="178" type="scavenge" contextid="174" durationms="1.683" usertimems="0.000" systemtimems="0.000" timestamp="2019-06-16T23:50:41.690" activeThreads="4">
  <mem-info id="179" free="6057776" total="8650752" percent="70">
    <mem type="nursery" free="1290744" total="2359296" percent="54">
      <mem type="allocate" free="1290744" total="1376256" percent="93" />
      <mem type="survivor" free="0" total="983040" percent="0" />
    </mem>
    <mem type="tenure" free="4767032" total="6291456" percent="75" macro-fragmented="1500163">
      <mem type="soa" free="4452664" total="5977088" percent="74" />
      <mem type="loa" free="314368" total="314368" percent="100" />
    </mem>
    <pending-finalizers system="0" default="0" reference="19" classloader="0" />
    <remembered-set count="242" />
  </mem-info>
</gc-end>
<cycle-end id="180" type="scavenge" contextid="174" timestamp="2019-06-16T23:50:41.690" />
  <attribute name="elasticGC enabled" value="1" />
  <attribute name= "numThreadsSpecified" value="4" />
  <attribute name="heapSize specified" value="0" />
  <attribute name="Current GC Util" value="8" />
  <attribute name= "Current Time Running" value="43094" />
  <attribute name ="GC Interval" value="200" />
  <attribute name="ProportionalT" value="-18.000000" />
  <attribute name="ProportionalI" value="-18.000000" />
  <attribute name="ProportionalH" value="-18.000000" />
  <attribute name="Current Error" value="-12.000000" />
  <attribute name="IntegralT" value="-324.000000" />
  <attribute name="IntegralI" value="-324.000000" />
  <attribute name="IntegralH" value="-324.000000" />
  <attribute name="DerivativeT" value="-1.055556" />
  <attribute name="DerivativeI" value="-1.055556" />
  <attribute name="DerivativeH" value="-1.055556" />
  <attribute name="Loop Time for DT" value="27.000000" />
  <attribute name="Output H" value="2092630016"/>
  <attribute name="Output I" value="200"/>
  <attribute name="Output T" value="4"/>
  <attribute name="Target GC Util Change" value ="20.000000" />
  <attribute name="Current GC Util Change" value="8.000000"/>
  <attribute name="GC Util currently" value="8" />
  <attribute name="CPU Util currently" value="166456603182" />
<allocation-satisfied id="181" threadId="00000000017F5700" bytesRequested="15368" />
<af-end id="182" timestamp="2019-06-16T23:50:41.690" threadId="00000000017F6088" success="true" from="nursery"/>
<exclusive-end id="183" timestamp="2019-06-16T23:50:41.690" durationms="2.267" />

<exclusive-start id="184" timestamp="2019-06-16T23:50:41.741" intervalms="53.026">
  <response-info timems="0.025" idlems="0.025" threads="0" lastid="00000000017F5700" lastname="main" />
</exclusive-start>
<af-start id="185" threadId="00000000017F6088" totalBytesRequested="80" timestamp="2019-06-16T23:50:41.741" intervalms="53.022" type="nursery" />
<cycle-start id="186" type="scavenge" contextid="0" timestamp="2019-06-16T23:50:41.741" intervalms="53.026" />
<gc-start id="187" type="scavenge" contextid="186" timestamp="2019-06-16T23:50:41.741">
  <mem-info id="188" free="4736056" total="8650752" percent="54">
    <mem type="nursery" free="0" total="2359296" percent="0">
      <mem type="allocate" free="0" total="1376256" percent="0" />
      <mem type="survivor" free="0" total="983040" percent="0" />
    </mem>
    <mem type="tenure" free="4736056" total="6291456" percent="75">
      <mem type="soa" free="4421688" total="5977088" percent="73" />
      <mem type="loa" free="314368" total="314368" percent="100" />
    </mem>
    <remembered-set count="682" />
  </mem-info>
</gc-start>
<allocation-stats totalBytes="1319280" >
  <allocated-bytes non-tlh="46344" tlh="1272936" />
  <largest-consumer threadName="main" threadId="00000000017F5700" bytes="1319280" />
</allocation-stats>
<gc-op id="189" type="scavenge" timems="2.060" contextid="186" timestamp="2019-06-16T23:50:41.743">
  <scavenger-info tenureage="3" tenuremask="fff8" tiltratio="58" />
  <memory-copied type="nursery" objects="2746" bytes="105520" bytesdiscarded="90152" />
  <memory-copied type="tenure" objects="9" bytes="656" bytesdiscarded="0" />
  <finalization candidates="39" enqueued="1" />
  <ownableSynchronizers candidates="17" cleared="0" />
  <references type="soft" candidates="8" cleared="0" enqueued="0" dynamicThreshold="32" maxThreshold="32" />
  <references type="weak" candidates="700" cleared="346" enqueued="246" />
  <references type="phantom" candidates="6" cleared="2" enqueued="2" />
</gc-op>
<gc-end id="190" type="scavenge" contextid="186" durationms="2.333" usertimems="4.000" systemtimems="0.000" timestamp="2019-06-16T23:50:41.743" activeThreads="4">
  <mem-info id="191" free="6113080" total="8650752" percent="70">
    <mem type="nursery" free="1377024" total="2359296" percent="58">
      <mem type="allocate" free="1377024" total="1572864" percent="87" />
      <mem type="survivor" free="0" total="786432" percent="0" />
    </mem>
    <mem type="tenure" free="4736056" total="6291456" percent="75" macro-fragmented="3110739">
      <mem type="soa" free="4421688" total="5977088" percent="73" />
      <mem type="loa" free="314368" total="314368" percent="100" />
    </mem>
    <pending-finalizers system="1" default="0" reference="248" classloader="0" />
    <remembered-set count="655" />
  </mem-info>
</gc-end>
<cycle-end id="192" type="scavenge" contextid="186" timestamp="2019-06-16T23:50:41.744" />
  <attribute name="elasticGC enabled" value="1" />
  <attribute name= "numThreadsSpecified" value="4" />
  <attribute name="heapSize specified" value="0" />
  <attribute name="Current GC Util" value="4" />
  <attribute name= "Current Time Running" value="43148" />
  <attribute name ="GC Interval" value="200" />
  <attribute name="ProportionalT" value="-24.000000" />
  <attribute name="ProportionalI" value="-24.000000" />
  <attribute name="ProportionalH" value="-24.000000" />
  <attribute name="Current Error" value="-16.000000" />
  <attribute name="IntegralT" value="-864.000000" />
  <attribute name="IntegralI" value="-864.000000" />
  <attribute name="IntegralH" value="-864.000000" />
  <attribute name="DerivativeT" value="-0.444444" />
  <attribute name="DerivativeI" value="-0.444444" />
  <attribute name="DerivativeH" value="-0.444444" />
  <attribute name="Loop Time for DT" value="54.000000" />
  <attribute name="Output H" value="2092630016"/>
  <attribute name="Output I" value="200"/>
  <attribute name="Output T" value="4"/>
  <attribute name="Target GC Util Change" value ="20.000000" />
  <attribute name="Current GC Util Change" value="4.000000"/>
  <attribute name="GC Util currently" value="4" />
  <attribute name="CPU Util currently" value="2" />
<allocation-satisfied id="193" threadId="00000000017F5700" bytesRequested="80" />
<af-end id="194" timestamp="2019-06-16T23:50:41.744" threadId="00000000017F6088" success="true" from="nursery"/>
<exclusive-end id="195" timestamp="2019-06-16T23:50:41.744" durationms="2.912" />

<exclusive-start id="196" timestamp="2019-06-16T23:50:41.840" intervalms="99.292">
  <response-info timems="0.063" idlems="0.063" threads="0" lastid="00000000017F5700" lastname="main" />
</exclusive-start>
<af-start id="197" threadId="00000000017F6088" totalBytesRequested="23072" timestamp="2019-06-16T23:50:41.840" intervalms="99.320" type="nursery" />
<cycle-start id="198" type="scavenge" contextid="0" timestamp="2019-06-16T23:50:41.840" intervalms="99.347" />
<gc-start id="199" type="scavenge" contextid="198" timestamp="2019-06-16T23:50:41.841">
  <mem-info id="200" free="4702744" total="8650752" percent="54">
    <mem type="nursery" free="0" total="2359296" percent="0">
      <mem type="allocate" free="0" total="1572864" percent="0" />
      <mem type="survivor" free="0" total="786432" percent="0" />
    </mem>
    <mem type="tenure" free="4702744" total="6291456" percent="74">
      <mem type="soa" free="4388376" total="5977088" percent="73" />
      <mem type="loa" free="314368" total="314368" percent="100" />
    </mem>
    <remembered-set count="1040" />
  </mem-info>
</gc-start>
<allocation-stats totalBytes="1379792" >
  <allocated-bytes non-tlh="133024" tlh="1246768" />
  <largest-consumer threadName="main" threadId="00000000017F5700" bytes="1367960" />
</allocation-stats>
<gc-op id="201" type="scavenge" timems="2.147" contextid="198" timestamp="2019-06-16T23:50:41.843">
  <scavenger-info tenureage="3" tenuremask="ffe8" tiltratio="66" />
  <memory-copied type="nursery" objects="3187" bytes="130104" bytesdiscarded="104696" />
  <memory-copied type="tenure" objects="31" bytes="3400" bytesdiscarded="0" />
  <finalization candidates="38" enqueued="0" />
  <ownableSynchronizers candidates="17" cleared="0" />
  <references type="soft" candidates="6" cleared="0" enqueued="0" dynamicThreshold="32" maxThreshold="32" />
  <references type="weak" candidates="575" cleared="31" enqueued="26" />
  <references type="phantom" candidates="5" cleared="0" enqueued="0" />
</gc-op>
<gc-end id="202" type="scavenge" contextid="198" durationms="2.521" usertimems="4.000" systemtimems="0.000" timestamp="2019-06-16T23:50:41.843" activeThreads="4">
  <mem-info id="203" free="6171672" total="8650752" percent="71">
    <mem type="nursery" free="1468928" total="2359296" percent="62">
      <mem type="allocate" free="1468928" total="1703936" percent="86" />
      <mem type="survivor" free="0" total="655360" percent="0" />
    </mem>
    <mem type="tenure" free="4702744" total="6291456" percent="74" macro-fragmented="1500163">
      <mem type="soa" free="4388376" total="5977088" percent="73" />
      <mem type="loa" free="314368" total="314368" percent="100" />
    </mem>
    <pending-finalizers system="0" default="0" reference="26" classloader="0" />
    <remembered-set count="942" />
  </mem-info>
</gc-end>
<cycle-end id="204" type="scavenge" contextid="198" timestamp="2019-06-16T23:50:41.843" />
  <attribute name="elasticGC enabled" value="1" />
  <attribute name= "numThreadsSpecified" value="4" />
  <attribute name="heapSize specified" value="0" />
  <attribute name="Current GC Util" value="3" />
  <attribute name= "Current Time Running" value="43247" />
  <attribute name ="GC Interval" value="200" />
  <attribute name="ProportionalT" value="-25.500000" />
  <attribute name="ProportionalI" value="-25.500000" />
  <attribute name="ProportionalH" value="-25.500000" />
  <attribute name="Current Error" value="-17.000000" />
  <attribute name="IntegralT" value="-1683.000000" />
  <attribute name="IntegralI" value="-1683.000000" />
  <attribute name="IntegralH" value="-1683.000000" />
  <attribute name="DerivativeT" value="-0.257576" />
  <attribute name="DerivativeI" value="-0.257576" />
  <attribute name="DerivativeH" value="-0.257576" />
  <attribute name="Loop Time for DT" value="99.000000" />
  <attribute name="Output H" value="2092630016"/>
  <attribute name="Output I" value="200"/>
  <attribute name="Output T" value="4"/>
  <attribute name="Target GC Util Change" value ="20.000000" />
  <attribute name="Current GC Util Change" value="3.000000"/>
  <attribute name="GC Util currently" value="3" />
  <attribute name="CPU Util currently" value="46389782860" />
<allocation-satisfied id="205" threadId="00000000017F5700" bytesRequested="23072" />
<af-end id="206" timestamp="2019-06-16T23:50:41.843" threadId="00000000017F6088" success="true" from="nursery"/>
<exclusive-end id="207" timestamp="2019-06-16T23:50:41.843" durationms="3.159" />

<exclusive-start id="208" timestamp="2019-06-16T23:50:41.954" intervalms="113.355">
  <response-info timems="0.058" idlems="0.058" threads="0" lastid="00000000017F5700" lastname="main" />
</exclusive-start>
<af-start id="209" threadId="00000000017F6088" totalBytesRequested="1080" timestamp="2019-06-16T23:50:41.954" intervalms="113.325" type="nursery" />
<cycle-start id="210" type="scavenge" contextid="0" timestamp="2019-06-16T23:50:41.954" intervalms="113.293" />
<gc-start id="211" type="scavenge" contextid="210" timestamp="2019-06-16T23:50:41.954">
  <mem-info id="212" free="4592520" total="8650752" percent="53">
    <mem type="nursery" free="0" total="2359296" percent="0">
      <mem type="allocate" free="0" total="1703936" percent="0" />
      <mem type="survivor" free="0" total="655360" percent="0" />
    </mem>
    <mem type="tenure" free="4592520" total="6291456" percent="72">
      <mem type="soa" free="4278152" total="5977088" percent="71" />
      <mem type="loa" free="314368" total="314368" percent="100" />
    </mem>
    <remembered-set count="2376" />
  </mem-info>
</gc-start>
<allocation-stats totalBytes="1576488" >
  <allocated-bytes non-tlh="133296" tlh="1443192" />
  <largest-consumer threadName="main" threadId="00000000017F5700" bytes="1568296" />
</allocation-stats>
<gc-op id="213" type="scavenge" timems="3.423" contextid="210" timestamp="2019-06-16T23:50:41.957">
  <scavenger-info tenureage="5" tenuremask="ffe0" tiltratio="72" />
  <memory-copied type="nursery" objects="10007" bytes="330248" bytesdiscarded="100272" />
  <finalization candidates="49" enqueued="0" />
  <ownableSynchronizers candidates="17" cleared="0" />
  <references type="soft" candidates="39" cleared="0" enqueued="0" dynamicThreshold="32" maxThreshold="32" />
  <references type="weak" candidates="960" cleared="69" enqueued="53" />
  <references type="phantom" candidates="7" cleared="0" enqueued="0" />
</gc-op>
<gc-end id="214" type="scavenge" contextid="210" durationms="3.718" usertimems="4.000" systemtimems="0.000" timestamp="2019-06-16T23:50:41.957" activeThreads="4">
  <mem-info id="215" free="5931144" total="8650752" percent="68">
    <mem type="nursery" free="1338624" total="2359296" percent="56">
      <mem type="allocate" free="1338624" total="1769472" percent="75" />
      <mem type="survivor" free="0" total="589824" percent="0" />
    </mem>
    <mem type="tenure" free="4592520" total="6291456" percent="72" macro-fragmented="3732887">
      <mem type="soa" free="4278152" total="5977088" percent="71" />
      <mem type="loa" free="314368" total="314368" percent="100" />
    </mem>
    <pending-finalizers system="0" default="0" reference="53" classloader="0" />
    <remembered-set count="2176" />
  </mem-info>
</gc-end>
<cycle-end id="216" type="scavenge" contextid="210" timestamp="2019-06-16T23:50:41.958" />
  <attribute name="elasticGC enabled" value="1" />
  <attribute name= "numThreadsSpecified" value="4" />
  <attribute name="heapSize specified" value="0" />
  <attribute name="Current GC Util" value="2" />
  <attribute name= "Current Time Running" value="43360" />
  <attribute name ="GC Interval" value="200" />
  <attribute name="ProportionalT" value="-27.000000" />
  <attribute name="ProportionalI" value="-27.000000" />
  <attribute name="ProportionalH" value="-27.000000" />
  <attribute name="Current Error" value="-18.000000" />
  <attribute name="IntegralT" value="-2034.000000" />
  <attribute name="IntegralI" value="-2034.000000" />
  <attribute name="IntegralH" value="-2034.000000" />
  <attribute name="DerivativeT" value="-0.238938" />
  <attribute name="DerivativeI" value="-0.238938" />
  <attribute name="DerivativeH" value="-0.238938" />
  <attribute name="Loop Time for DT" value="113.000000" />
  <attribute name="Output H" value="2092630016"/>
  <attribute name="Output I" value="200"/>
  <attribute name="Output T" value="4"/>
  <attribute name="Target GC Util Change" value ="20.000000" />
  <attribute name="Current GC Util Change" value="2.000000"/>
  <attribute name="GC Util currently" value="2" />
  <attribute name="CPU Util currently" value="40730919823" />
<allocation-satisfied id="217" threadId="00000000017F5700" bytesRequested="1080" />
<af-end id="218" timestamp="2019-06-16T23:50:41.958" threadId="00000000017F6088" success="true" from="nursery"/>
<exclusive-end id="219" timestamp="2019-06-16T23:50:41.958" durationms="4.444" />

<exclusive-start id="220" timestamp="2019-06-16T23:50:42.003" intervalms="49.905">
  <response-info timems="0.036" idlems="0.036" threads="0" lastid="00000000017F5700" lastname="main" />
</exclusive-start>
<af-start id="221" threadId="00000000017F6088" totalBytesRequested="16" timestamp="2019-06-16T23:50:42.004" intervalms="49.941" type="nursery" />
<cycle-start id="222" type="scavenge" contextid="0" timestamp="2019-06-16T23:50:42.004" intervalms="49.976" />
<gc-start id="223" type="scavenge" contextid="222" timestamp="2019-06-16T23:50:42.004">
  <mem-info id="224" free="4552104" total="8650752" percent="52">
    <mem type="nursery" free="0" total="2359296" percent="0">
      <mem type="allocate" free="0" total="1769472" percent="0" />
      <mem type="survivor" free="0" total="589824" percent="0" />
    </mem>
    <mem type="tenure" free="4552104" total="6291456" percent="72">
      <mem type="soa" free="4237736" total="5977088" percent="70" />
      <mem type="loa" free="314368" total="314368" percent="100" />
    </mem>
    <remembered-set count="2613" />
  </mem-info>
</gc-start>
<allocation-stats totalBytes="1377616" >
  <allocated-bytes non-tlh="41496" tlh="1336120" />
  <largest-consumer threadName="main" threadId="00000000017F5700" bytes="1369424" />
</allocation-stats>
<gc-op id="225" type="scavenge" timems="3.220" contextid="222" timestamp="2019-06-16T23:50:42.007">
  <scavenger-info tenureage="3" tenuremask="ffe8" tiltratio="75" />
  <memory-copied type="nursery" objects="9068" bytes="302168" bytesdiscarded="89280" />
  <memory-copied type="tenure" objects="2370" bytes="92288" bytesdiscarded="24" />
  <finalization candidates="49" enqueued="0" />
  <ownableSynchronizers candidates="17" cleared="0" />
  <references type="soft" candidates="40" cleared="0" enqueued="0" dynamicThreshold="32" maxThreshold="32" />
  <references type="weak" candidates="645" cleared="23" enqueued="23" />
  <references type="phantom" candidates="8" cleared="3" enqueued="3" />
</gc-op>
<gc-end id="226" type="scavenge" contextid="222" durationms="3.501" usertimems="4.000" systemtimems="0.000" timestamp="2019-06-16T23:50:42.007" activeThreads="4">
  <mem-info id="227" free="5851560" total="8650752" percent="67">
    <mem type="nursery" free="1377792" total="2359296" percent="58">
      <mem type="allocate" free="1377792" total="1769472" percent="77" />
      <mem type="survivor" free="0" total="589824" percent="0" />
    </mem>
    <mem type="tenure" free="4473768" total="6291456" percent="71" macro-fragmented="2592282">
      <mem type="soa" free="4159400" total="5977088" percent="69" />
      <mem type="loa" free="314368" total="314368" percent="100" />
    </mem>
    <pending-finalizers system="0" default="0" reference="26" classloader="0" />
    <remembered-set count="2088" />
  </mem-info>
</gc-end>
<cycle-end id="228" type="scavenge" contextid="222" timestamp="2019-06-16T23:50:42.007" />
  <attribute name="elasticGC enabled" value="1" />
  <attribute name= "numThreadsSpecified" value="4" />
  <attribute name="heapSize specified" value="0" />
  <attribute name="Current GC Util" value="8" />
  <attribute name= "Current Time Running" value="43410" />
  <attribute name ="GC Interval" value="200" />
  <attribute name="ProportionalT" value="-18.000000" />
  <attribute name="ProportionalI" value="-18.000000" />
  <attribute name="ProportionalH" value="-18.000000" />
  <attribute name="Current Error" value="-12.000000" />
  <attribute name="IntegralT" value="-600.000000" />
  <attribute name="IntegralI" value="-600.000000" />
  <attribute name="IntegralH" value="-600.000000" />
  <attribute name="DerivativeT" value="-0.360000" />
  <attribute name="DerivativeI" value="-0.360000" />
  <attribute name="DerivativeH" value="-0.360000" />
  <attribute name="Loop Time for DT" value="50.000000" />
  <attribute name="Output H" value="2092630016"/>
  <attribute name="Output I" value="200"/>
  <attribute name="Output T" value="4"/>
  <attribute name="Target GC Util Change" value ="20.000000" />
  <attribute name="Current GC Util Change" value="8.000000"/>
  <attribute name="GC Util currently" value="8" />
  <attribute name="CPU Util currently" value="92196323673" />
<allocation-satisfied id="229" threadId="00000000017F5700" bytesRequested="16" />
<af-end id="230" timestamp="2019-06-16T23:50:42.008" threadId="00000000017F6088" success="true" from="nursery"/>
<exclusive-end id="231" timestamp="2019-06-16T23:50:42.008" durationms="4.208" />

<exclusive-start id="232" timestamp="2019-06-16T23:50:42.059" intervalms="55.682">
  <response-info timems="0.035" idlems="0.035" threads="0" lastid="00000000017F5700" lastname="main" />
</exclusive-start>
<af-start id="233" threadId="00000000017F6088" totalBytesRequested="40" timestamp="2019-06-16T23:50:42.059" intervalms="55.662" type="nursery" />
<cycle-start id="234" type="scavenge" contextid="0" timestamp="2019-06-16T23:50:42.059" intervalms="55.628" />
<gc-start id="235" type="scavenge" contextid="234" timestamp="2019-06-16T23:50:42.059">
  <mem-info id="236" free="4450416" total="8650752" percent="51">
    <mem type="nursery" free="0" total="2359296" percent="0">
      <mem type="allocate" free="0" total="1769472" percent="0" />
      <mem type="survivor" free="0" total="589824" percent="0" />
    </mem>
    <mem type="tenure" free="4450416" total="6291456" percent="70">
      <mem type="soa" free="4136048" total="5977088" percent="69" />
      <mem type="loa" free="314368" total="314368" percent="100" />
    </mem>
    <remembered-set count="2401" />
  </mem-info>
</gc-start>
<allocation-stats totalBytes="1399944" >
  <allocated-bytes non-tlh="23368" tlh="1376576" />
  <largest-consumer threadName="main" threadId="00000000017F5700" bytes="1391752" />
</allocation-stats>
<gc-op id="237" type="scavenge" timems="3.216" contextid="234" timestamp="2019-06-16T23:50:42.063">
  <scavenger-info tenureage="3" tenuremask="ffc8" tiltratio="75" />
  <memory-copied type="nursery" objects="10696" bytes="345528" bytesdiscarded="75048" />
  <memory-copied type="tenure" objects="520" bytes="29248" bytesdiscarded="0" />
  <finalization candidates="11" enqueued="0" />
  <references type="soft" candidates="349" cleared="0" enqueued="0" dynamicThreshold="32" maxThreshold="32" />
  <references type="weak" candidates="564" cleared="6" enqueued="6" />
  <references type="phantom" candidates="4" cleared="0" enqueued="0" />
</gc-op>
<gc-end id="238" type="scavenge" contextid="234" durationms="3.657" usertimems="4.000" systemtimems="0.000" timestamp="2019-06-16T23:50:42.063" activeThreads="4">
  <mem-info id="239" free="5890912" total="8650752" percent="68">
    <mem type="nursery" free="1479664" total="2359296" percent="62">
      <mem type="allocate" free="1479664" total="1900544" percent="77" />
      <mem type="survivor" free="0" total="458752" percent="0" />
    </mem>
    <mem type="tenure" free="4411248" total="6291456" percent="70" macro-fragmented="67617">
      <mem type="soa" free="4096880" total="5977088" percent="68" />
      <mem type="loa" free="314368" total="314368" percent="100" />
    </mem>
    <pending-finalizers system="0" default="0" reference="6" classloader="0" />
    <remembered-set count="1119" />
  </mem-info>
</gc-end>
<cycle-end id="240" type="scavenge" contextid="234" timestamp="2019-06-16T23:50:42.063" />
  <attribute name="elasticGC enabled" value="1" />
  <attribute name= "numThreadsSpecified" value="4" />
  <attribute name="heapSize specified" value="0" />
  <attribute name="Current GC Util" value="7" />
  <attribute name= "Current Time Running" value="43466" />
  <attribute name ="GC Interval" value="200" />
  <attribute name="ProportionalT" value="-19.500000" />
  <attribute name="ProportionalI" value="-19.500000" />
  <attribute name="ProportionalH" value="-19.500000" />
  <attribute name="Current Error" value="-13.000000" />
  <attribute name="IntegralT" value="-728.000000" />
  <attribute name="IntegralI" value="-728.000000" />
  <attribute name="IntegralH" value="-728.000000" />
  <attribute name="DerivativeT" value="-0.348214" />
  <attribute name="DerivativeI" value="-0.348214" />
  <attribute name="DerivativeH" value="-0.348214" />
  <attribute name="Loop Time for DT" value="56.000000" />
  <attribute name="Output H" value="2092630016"/>
  <attribute name="Output I" value="200"/>
  <attribute name="Output T" value="4"/>
  <attribute name="Target GC Util Change" value ="20.000000" />
  <attribute name="Current GC Util Change" value="7.000000"/>
  <attribute name="GC Util currently" value="7" />
  <attribute name="CPU Util currently" value="82805958862" />
<allocation-satisfied id="241" threadId="00000000017F5700" bytesRequested="40" />
<af-end id="242" timestamp="2019-06-16T23:50:42.063" threadId="00000000017F6088" success="true" from="nursery"/>
<exclusive-end id="243" timestamp="2019-06-16T23:50:42.063" durationms="4.340" />

<exclusive-start id="244" timestamp="2019-06-16T23:50:45.012" intervalms="2953.338">
  <response-info timems="0.042" idlems="0.042" threads="0" lastid="00000000017F5700" lastname="main" />
</exclusive-start>
<af-start id="245" threadId="00000000017F6088" totalBytesRequested="984" timestamp="2019-06-16T23:50:45.013" intervalms="2953.332" type="nursery" />
<cycle-start id="246" type="scavenge" contextid="0" timestamp="2019-06-16T23:50:45.013" intervalms="2953.339" />
<gc-start id="247" type="scavenge" contextid="246" timestamp="2019-06-16T23:50:45.013">
  <mem-info id="248" free="4383832" total="8650752" percent="50">
    <mem type="nursery" free="0" total="2359296" percent="0">
      <mem type="allocate" free="0" total="1900544" percent="0" />
      <mem type="survivor" free="0" total="458752" percent="0" />
    </mem>
    <mem type="tenure" free="4383832" total="6291456" percent="69">
      <mem type="soa" free="4069464" total="5977088" percent="68" />
      <mem type="loa" free="314368" total="314368" percent="100" />
    </mem>
    <remembered-set count="1476" />
  </mem-info>
</gc-start>
<allocation-stats totalBytes="1490000" >
  <allocated-bytes non-tlh="27456" tlh="1462544" />
  <largest-consumer threadName="main" threadId="00000000017F5700" bytes="1490000" />
</allocation-stats>
<gc-op id="249" type="scavenge" timems="3.346" contextid="246" timestamp="2019-06-16T23:50:45.016">
  <scavenger-info tenureage="3" tenuremask="ffa8" tiltratio="80" />
  <memory-copied type="nursery" objects="6295" bytes="238472" bytesdiscarded="74584" />
  <memory-copied type="tenure" objects="6840" bytes="196856" bytesdiscarded="32" />
  <finalization candidates="11" enqueued="0" />
  <references type="soft" candidates="479" cleared="0" enqueued="0" dynamicThreshold="32" maxThreshold="32" />
  <references type="weak" candidates="352" cleared="12" enqueued="12" />
  <references type="phantom" candidates="5" cleared="2" enqueued="2" />
</gc-op>
<gc-end id="250" type="scavenge" contextid="246" durationms="3.636" usertimems="8.000" systemtimems="0.000" timestamp="2019-06-16T23:50:45.016" activeThreads="4">
  <mem-info id="251" free="5775192" total="8650752" percent="66">
    <mem type="nursery" free="1587200" total="2359296" percent="67">
      <mem type="allocate" free="1587200" total="1900544" percent="83" />
      <mem type="survivor" free="0" total="458752" percent="0" />
    </mem>
    <mem type="tenure" free="4187992" total="6291456" percent="66" macro-fragmented="2592282">
      <mem type="soa" free="3873624" total="5977088" percent="64" />
      <mem type="loa" free="314368" total="314368" percent="100" />
    </mem>
    <pending-finalizers system="0" default="0" reference="14" classloader="0" />
    <remembered-set count="910" />
  </mem-info>
</gc-end>
<cycle-end id="252" type="scavenge" contextid="246" timestamp="2019-06-16T23:50:45.016" />
  <attribute name="elasticGC enabled" value="1" />
  <attribute name= "numThreadsSpecified" value="4" />
  <attribute name="heapSize specified" value="0" />
  <attribute name="Current GC Util" value="0" />
  <attribute name= "Current Time Running" value="46419" />
  <attribute name ="GC Interval" value="200" />
  <attribute name="ProportionalT" value="-30.000000" />
  <attribute name="ProportionalI" value="-30.000000" />
  <attribute name="ProportionalH" value="-30.000000" />
  <attribute name="Current Error" value="-20.000000" />
  <attribute name="IntegralT" value="-59060.000000" />
  <attribute name="IntegralI" value="-59060.000000" />
  <attribute name="IntegralH" value="-59060.000000" />
  <attribute name="DerivativeT" value="-0.010159" />
  <attribute name="DerivativeI" value="-0.010159" />
  <attribute name="DerivativeH" value="-0.010159" />
  <attribute name="Loop Time for DT" value="2953.000000" />
  <attribute name="Output H" value="2092630016"/>
  <attribute name="Output I" value="200"/>
  <attribute name="Output T" value="4"/>
  <attribute name="Target GC Util Change" value ="20.000000" />
  <attribute name="Current GC Util Change" value="0.000000"/>
  <attribute name="GC Util currently" value="0" />
  <attribute name="CPU Util currently" value="4" />
<allocation-satisfied id="253" threadId="00000000017F5700" bytesRequested="984" />
<af-end id="254" timestamp="2019-06-16T23:50:45.017" threadId="00000000017F6088" success="true" from="nursery"/>
<exclusive-end id="255" timestamp="2019-06-16T23:50:45.017" durationms="4.276" />

<exclusive-start id="256" timestamp="2019-06-16T23:50:45.065" intervalms="52.506">
  <response-info timems="0.048" idlems="0.048" threads="0" lastid="00000000017F5700" lastname="main" />
</exclusive-start>
<af-start id="257" threadId="00000000017F6088" totalBytesRequested="112" timestamp="2019-06-16T23:50:45.065" intervalms="52.532" type="nursery" />
<cycle-start id="258" type="scavenge" contextid="0" timestamp="2019-06-16T23:50:45.065" intervalms="52.600" />
<gc-start id="259" type="scavenge" contextid="258" timestamp="2019-06-16T23:50:45.065">
  <mem-info id="260" free="4153936" total="8650752" percent="48">
    <mem type="nursery" free="0" total="2359296" percent="0">
      <mem type="allocate" free="0" total="1900544" percent="0" />
      <mem type="survivor" free="0" total="458752" percent="0" />
    </mem>
    <mem type="tenure" free="4153936" total="6291456" percent="66">
      <mem type="soa" free="3839568" total="5977088" percent="64" />
      <mem type="loa" free="314368" total="314368" percent="100" />
    </mem>
    <remembered-set count="1252" />
  </mem-info>
</gc-start>
<allocation-stats totalBytes="1618976" >
  <allocated-bytes non-tlh="35040" tlh="1583936" />
  <largest-consumer threadName="main" threadId="00000000017F5700" bytes="1618976" />
</allocation-stats>
<gc-op id="261" type="scavenge" timems="2.475" contextid="258" timestamp="2019-06-16T23:50:45.068">
  <scavenger-info tenureage="3" tenuremask="ff68" tiltratio="80" />
  <memory-copied type="nursery" objects="5725" bytes="223280" bytesdiscarded="90624" />
  <memory-copied type="tenure" objects="1467" bytes="66912" bytesdiscarded="32" />
  <finalization candidates="3" enqueued="0" />
  <references type="soft" candidates="504" cleared="0" enqueued="0" dynamicThreshold="32" maxThreshold="32" />
  <references type="weak" candidates="380" cleared="20" enqueued="20" />
  <references type="phantom" candidates="2" cleared="1" enqueued="1" />
</gc-op>
<gc-end id="262" type="scavenge" contextid="258" durationms="2.822" usertimems="0.000" systemtimems="4.000" timestamp="2019-06-16T23:50:45.068" activeThreads="4">
  <mem-info id="263" free="5661896" total="8650752" percent="65">
    <mem type="nursery" free="1586296" total="2359296" percent="67">
      <mem type="allocate" free="1586296" total="1900544" percent="83" />
      <mem type="survivor" free="0" total="458752" percent="0" />
    </mem>
    <mem type="tenure" free="4075600" total="6291456" percent="64" macro-fragmented="3732887">
      <mem type="soa" free="3761232" total="5977088" percent="62" />
      <mem type="loa" free="314368" total="314368" percent="100" />
    </mem>
    <pending-finalizers system="0" default="0" reference="21" classloader="0" />
    <remembered-set count="1073" />
  </mem-info>
</gc-end>
<cycle-end id="264" type="scavenge" contextid="258" timestamp="2019-06-16T23:50:45.068" />
  <attribute name="elasticGC enabled" value="1" />
  <attribute name= "numThreadsSpecified" value="4" />
  <attribute name="heapSize specified" value="0" />
  <attribute name="Current GC Util" value="8" />
  <attribute name= "Current Time Running" value="46472" />
  <attribute name ="GC Interval" value="200" />
  <attribute name="ProportionalT" value="-18.000000" />
  <attribute name="ProportionalI" value="-18.000000" />
  <attribute name="ProportionalH" value="-18.000000" />
  <attribute name="Current Error" value="-12.000000" />
  <attribute name="IntegralT" value="-636.000000" />
  <attribute name="IntegralI" value="-636.000000" />
  <attribute name="IntegralH" value="-636.000000" />
  <attribute name="DerivativeT" value="-0.339623" />
  <attribute name="DerivativeI" value="-0.339623" />
  <attribute name="DerivativeH" value="-0.339623" />
  <attribute name="Loop Time for DT" value="53.000000" />
  <attribute name="Output H" value="2092630016"/>
  <attribute name="Output I" value="200"/>
  <attribute name="Output T" value="4"/>
  <attribute name="Target GC Util Change" value ="20.000000" />
  <attribute name="Current GC Util Change" value="8.000000"/>
  <attribute name="GC Util currently" value="8" />
  <attribute name="CPU Util currently" value="87521351947" />
<allocation-satisfied id="265" threadId="00000000017F5700" bytesRequested="112" />
<af-end id="266" timestamp="2019-06-16T23:50:45.069" threadId="00000000017F6088" success="true" from="nursery"/>
<exclusive-end id="267" timestamp="2019-06-16T23:50:45.069" durationms="3.642" />

<exclusive-start id="268" timestamp="2019-06-16T23:50:45.121" intervalms="56.102">
  <response-info timems="0.037" idlems="0.037" threads="0" lastid="00000000017F5700" lastname="main" />
</exclusive-start>
<af-start id="269" threadId="00000000017F6088" totalBytesRequested="40" timestamp="2019-06-16T23:50:45.121" intervalms="56.107" type="nursery" />
<cycle-start id="270" type="scavenge" contextid="0" timestamp="2019-06-16T23:50:45.121" intervalms="56.064" />
<gc-start id="271" type="scavenge" contextid="270" timestamp="2019-06-16T23:50:45.121">
  <mem-info id="272" free="4038168" total="8650752" percent="46">
    <mem type="nursery" free="0" total="2359296" percent="0">
      <mem type="allocate" free="0" total="1900544" percent="0" />
      <mem type="survivor" free="0" total="458752" percent="0" />
    </mem>
    <mem type="tenure" free="4038168" total="6291456" percent="64">
      <mem type="soa" free="3723800" total="5977088" percent="62" />
      <mem type="loa" free="314368" total="314368" percent="100" />
    </mem>
    <remembered-set count="1437" />
  </mem-info>
</gc-start>
<allocation-stats totalBytes="1620640" >
  <allocated-bytes non-tlh="37544" tlh="1583096" />
  <largest-consumer threadName="main" threadId="00000000017F5700" bytes="1616544" />
</allocation-stats>
<gc-op id="273" type="scavenge" timems="2.542" contextid="270" timestamp="2019-06-16T23:50:45.124">
  <scavenger-info tenureage="3" tenuremask="fee8" tiltratio="80" />
  <memory-copied type="nursery" objects="4745" bytes="191808" bytesdiscarded="42960" />
  <memory-copied type="tenure" objects="2222" bytes="75848" bytesdiscarded="312" />
  <finalization candidates="3" enqueued="0" />
  <references type="soft" candidates="208" cleared="0" enqueued="0" dynamicThreshold="32" maxThreshold="32" />
  <references type="weak" candidates="540" cleared="5" enqueued="5" />
  <references type="phantom" candidates="1" cleared="0" enqueued="0" />
</gc-op>
<gc-end id="274" type="scavenge" contextid="270" durationms="2.861" usertimems="4.000" systemtimems="0.000" timestamp="2019-06-16T23:50:45.124" activeThreads="4">
  <mem-info id="275" free="5730072" total="8650752" percent="66">
    <mem type="nursery" free="1731072" total="2359296" percent="73">
      <mem type="allocate" free="1731072" total="1966080" percent="88" />
      <mem type="survivor" free="0" total="393216" percent="0" />
    </mem>
    <mem type="tenure" free="3999000" total="6291456" percent="63" macro-fragmented="2592282">
      <mem type="soa" free="3684632" total="5977088" percent="61" />
      <mem type="loa" free="314368" total="314368" percent="100" />
    </mem>
    <pending-finalizers system="0" default="0" reference="5" classloader="0" />
    <remembered-set count="862" />
  </mem-info>
</gc-end>
<cycle-end id="276" type="scavenge" contextid="270" timestamp="2019-06-16T23:50:45.124" />
  <attribute name="elasticGC enabled" value="1" />
  <attribute name= "numThreadsSpecified" value="4" />
  <attribute name="heapSize specified" value="0" />
  <attribute name="Current GC Util" value="6" />
  <attribute name= "Current Time Running" value="46528" />
  <attribute name ="GC Interval" value="200" />
  <attribute name="ProportionalT" value="-21.000000" />
  <attribute name="ProportionalI" value="-21.000000" />
  <attribute name="ProportionalH" value="-21.000000" />
  <attribute name="Current Error" value="-14.000000" />
  <attribute name="IntegralT" value="-784.000000" />
  <attribute name="IntegralI" value="-784.000000" />
  <attribute name="IntegralH" value="-784.000000" />
  <attribute name="DerivativeT" value="-0.375000" />
  <attribute name="DerivativeI" value="-0.375000" />
  <attribute name="DerivativeH" value="-0.375000" />
  <attribute name="Loop Time for DT" value="56.000000" />
  <attribute name="Output H" value="2092630016"/>
  <attribute name="Output I" value="200"/>
  <attribute name="Output T" value="4"/>
  <attribute name="Target GC Util Change" value ="20.000000" />
  <attribute name="Current GC Util Change" value="6.000000"/>
  <attribute name="GC Util currently" value="6" />
  <attribute name="CPU Util currently" value="82316300238" />
<allocation-satisfied id="277" threadId="00000000017F5700" bytesRequested="40" />
<af-end id="278" timestamp="2019-06-16T23:50:45.125" threadId="00000000017F6088" success="true" from="nursery"/>
<exclusive-end id="279" timestamp="2019-06-16T23:50:45.125" durationms="3.629" />

<exclusive-start id="280" timestamp="2019-06-16T23:50:45.185" intervalms="63.948">
  <response-info timems="0.071" idlems="0.071" threads="0" lastid="00000000017F5700" lastname="main" />
</exclusive-start>
<af-start id="281" threadId="00000000017F6088" totalBytesRequested="8040" timestamp="2019-06-16T23:50:45.185" intervalms="63.957" type="nursery" />
<cycle-start id="282" type="scavenge" contextid="0" timestamp="2019-06-16T23:50:45.185" intervalms="63.976" />
<gc-start id="283" type="scavenge" contextid="282" timestamp="2019-06-16T23:50:45.185">
  <mem-info id="284" free="3942328" total="8650752" percent="45">
    <mem type="nursery" free="0" total="2359296" percent="0">
      <mem type="allocate" free="0" total="1966080" percent="0" />
      <mem type="survivor" free="0" total="393216" percent="0" />
    </mem>
    <mem type="tenure" free="3942328" total="6291456" percent="62">
      <mem type="soa" free="3627960" total="5977088" percent="60" />
      <mem type="loa" free="314368" total="314368" percent="100" />
    </mem>
    <remembered-set count="1374" />
  </mem-info>
</gc-start>
<allocation-stats totalBytes="1783448" >
  <allocated-bytes non-tlh="56712" tlh="1726736" />
  <largest-consumer threadName="main" threadId="00000000017F5700" bytes="1783448" />
</allocation-stats>
<gc-op id="285" type="scavenge" timems="2.767" contextid="282" timestamp="2019-06-16T23:50:45.188">
  <scavenger-info tenureage="3" tenuremask="fde8" tiltratio="83" />
  <memory-copied type="nursery" objects="3781" bytes="156352" bytesdiscarded="78312" />
  <memory-copied type="tenure" objects="2414" bytes="88720" bytesdiscarded="240" />
  <finalization candidates="3" enqueued="0" />
  <ownableSynchronizers candidates="1" cleared="0" />
  <references type="soft" candidates="81" cleared="0" enqueued="0" dynamicThreshold="32" maxThreshold="32" />
  <references type="weak" candidates="749" cleared="1" enqueued="1" />
  <references type="phantom" candidates="1" cleared="0" enqueued="0" />
</gc-op>
<gc-end id="286" type="scavenge" contextid="282" durationms="3.101" usertimems="0.000" systemtimems="0.000" timestamp="2019-06-16T23:50:45.189" activeThreads="4">
  <mem-info id="287" free="5555896" total="8650752" percent="64">
    <mem type="nursery" free="1731072" total="2359296" percent="73">
      <mem type="allocate" free="1731072" total="1966080" percent="88" />
      <mem type="survivor" free="0" total="393216" percent="0" />
    </mem>
    <mem type="tenure" free="3824824" total="6291456" percent="60" macro-fragmented="2160235">
      <mem type="soa" free="3510456" total="5977088" percent="58" />
      <mem type="loa" free="314368" total="314368" percent="100" />
    </mem>
    <pending-finalizers system="0" default="0" reference="1" classloader="0" />
    <remembered-set count="1103" />
  </mem-info>
</gc-end>
<cycle-end id="288" type="scavenge" contextid="282" timestamp="2019-06-16T23:50:45.189" />
  <attribute name="elasticGC enabled" value="1" />
  <attribute name= "numThreadsSpecified" value="4" />
  <attribute name="heapSize specified" value="0" />
  <attribute name="Current GC Util" value="5" />
  <attribute name= "Current Time Running" value="46592" />
  <attribute name ="GC Interval" value="200" />
  <attribute name="ProportionalT" value="-22.500000" />
  <attribute name="ProportionalI" value="-22.500000" />
  <attribute name="ProportionalH" value="-22.500000" />
  <attribute name="Current Error" value="-15.000000" />
  <attribute name="IntegralT" value="-960.000000" />
  <attribute name="IntegralI" value="-960.000000" />
  <attribute name="IntegralH" value="-960.000000" />
  <attribute name="DerivativeT" value="-0.351562" />
  <attribute name="DerivativeI" value="-0.351562" />
  <attribute name="DerivativeH" value="-0.351562" />
  <attribute name="Loop Time for DT" value="64.000000" />
  <attribute name="Output H" value="2092630016"/>
  <attribute name="Output I" value="200"/>
  <attribute name="Output T" value="4"/>
  <attribute name="Target GC Util Change" value ="20.000000" />
  <attribute name="Current GC Util Change" value="5.000000"/>
  <attribute name="GC Util currently" value="5" />
  <attribute name="CPU Util currently" value="72040394372" />
<allocation-satisfied id="289" threadId="00000000017F5700" bytesRequested="8040" />
<af-end id="290" timestamp="2019-06-16T23:50:45.189" threadId="00000000017F6088" success="true" from="nursery"/>
<exclusive-end id="291" timestamp="2019-06-16T23:50:45.189" durationms="3.795" />

<exclusive-start id="292" timestamp="2019-06-16T23:50:45.250" intervalms="65.171">
  <response-info timems="0.041" idlems="0.041" threads="0" lastid="00000000017F5700" lastname="main" />
</exclusive-start>
<af-start id="293" threadId="00000000017F6088" totalBytesRequested="5000" timestamp="2019-06-16T23:50:45.250" intervalms="65.143" type="nursery" />
<cycle-start id="294" type="scavenge" contextid="0" timestamp="2019-06-16T23:50:45.250" intervalms="65.115" />
<gc-start id="295" type="scavenge" contextid="294" timestamp="2019-06-16T23:50:45.251">
  <mem-info id="296" free="3770992" total="8650752" percent="43">
    <mem type="nursery" free="0" total="2359296" percent="0">
      <mem type="allocate" free="0" total="1966080" percent="0" />
      <mem type="survivor" free="0" total="393216" percent="0" />
    </mem>
    <mem type="tenure" free="3770992" total="6291456" percent="59">
      <mem type="soa" free="3456624" total="5977088" percent="57" />
      <mem type="loa" free="314368" total="314368" percent="100" />
    </mem>
    <remembered-set count="1948" />
  </mem-info>
</gc-start>
<allocation-stats totalBytes="1775336" >
  <allocated-bytes non-tlh="61872" tlh="1713464" />
  <largest-consumer threadName="main" threadId="00000000017F5700" bytes="1705912" />
</allocation-stats>
<gc-op id="297" type="scavenge" timems="2.518" contextid="294" timestamp="2019-06-16T23:50:45.253">
  <scavenger-info tenureage="5" tenuremask="fbe0" tiltratio="83" />
  <memory-copied type="nursery" objects="8175" bytes="361296" bytesdiscarded="30848" />
  <memory-copied type="tenure" objects="1887" bytes="70408" bytesdiscarded="24" />
  <copy-failed type="nursery" objects="1887" bytes="70728" />
  <finalization candidates="14" enqueued="0" />
  <ownableSynchronizers candidates="4" cleared="0" />
  <references type="soft" candidates="278" cleared="0" enqueued="0" dynamicThreshold="32" maxThreshold="32" />
  <references type="weak" candidates="1490" cleared="65" enqueued="48" />
  <references type="phantom" candidates="4" cleared="1" enqueued="1" />
</gc-op>
<gc-end id="298" type="scavenge" contextid="294" durationms="3.054" usertimems="4.000" systemtimems="0.000" timestamp="2019-06-16T23:50:45.254" activeThreads="4">
  <mem-info id="299" free="4880752" total="8650752" percent="56">
    <mem type="nursery" free="1179648" total="2359296" percent="50">
      <mem type="allocate" free="1179648" total="1572864" percent="75" />
      <mem type="survivor" free="0" total="786432" percent="0" />
    </mem>
    <mem type="tenure" free="3701104" total="6291456" percent="58" macro-fragmented="2592282">
      <mem type="soa" free="3386736" total="5977088" percent="56" />
      <mem type="loa" free="314368" total="314368" percent="100" />
    </mem>
    <pending-finalizers system="0" default="0" reference="49" classloader="0" />
    <remembered-set count="2266" />
  </mem-info>
</gc-end>
<cycle-end id="300" type="scavenge" contextid="294" timestamp="2019-06-16T23:50:45.254" />
  <attribute name="elasticGC enabled" value="1" />
  <attribute name= "numThreadsSpecified" value="4" />
  <attribute name="heapSize specified" value="0" />
  <attribute name="Current GC Util" value="5" />
  <attribute name= "Current Time Running" value="46657" />
  <attribute name ="GC Interval" value="200" />
  <attribute name="ProportionalT" value="-22.500000" />
  <attribute name="ProportionalI" value="-22.500000" />
  <attribute name="ProportionalH" value="-22.500000" />
  <attribute name="Current Error" value="-15.000000" />
  <attribute name="IntegralT" value="-975.000000" />
  <attribute name="IntegralI" value="-975.000000" />
  <attribute name="IntegralH" value="-975.000000" />
  <attribute name="DerivativeT" value="-0.346154" />
  <attribute name="DerivativeI" value="-0.346154" />
  <attribute name="DerivativeH" value="-0.346154" />
  <attribute name="Loop Time for DT" value="65.000000" />
  <attribute name="Output H" value="2092630016"/>
  <attribute name="Output I" value="200"/>
  <attribute name="Output T" value="4"/>
  <attribute name="Target GC Util Change" value ="20.000000" />
  <attribute name="Current GC Util Change" value="5.000000"/>
  <attribute name="GC Util currently" value="5" />
  <attribute name="CPU Util currently" value="70778301667" />
<allocation-satisfied id="301" threadId="00000000017F5700" bytesRequested="5000" />
<af-end id="302" timestamp="2019-06-16T23:50:45.254" threadId="00000000017F6088" success="true" from="nursery"/>
<exclusive-end id="303" timestamp="2019-06-16T23:50:45.254" durationms="3.833" />

<exclusive-start id="304" timestamp="2019-06-16T23:50:45.292" intervalms="42.096">
  <response-info timems="0.061" idlems="0.061" threads="0" lastid="00000000017F5700" lastname="main" />
</exclusive-start>
<af-start id="305" threadId="00000000017F6088" totalBytesRequested="2056" timestamp="2019-06-16T23:50:45.292" intervalms="42.087" type="nursery" />
<cycle-start id="306" type="scavenge" contextid="0" timestamp="2019-06-16T23:50:45.292" intervalms="42.072" />
<gc-start id="307" type="scavenge" contextid="306" timestamp="2019-06-16T23:50:45.293">
  <mem-info id="308" free="3682368" total="8650752" percent="42">
    <mem type="nursery" free="0" total="2359296" percent="0">
      <mem type="allocate" free="0" total="1572864" percent="0" />
      <mem type="survivor" free="0" total="786432" percent="0" />
    </mem>
    <mem type="tenure" free="3682368" total="6291456" percent="58">
      <mem type="soa" free="3368000" total="5977088" percent="56" />
      <mem type="loa" free="314368" total="314368" percent="100" />
    </mem>
    <remembered-set count="2592" />
  </mem-info>
</gc-start>
<allocation-stats totalBytes="1184160" >
  <allocated-bytes non-tlh="285888" tlh="898272" />
  <largest-consumer threadName="main" threadId="00000000017F5700" bytes="1180064" />
</allocation-stats>
<gc-op id="309" type="scavenge" timems="2.906" contextid="306" timestamp="2019-06-16T23:50:45.296">
  <scavenger-info tenureage="4" tenuremask="f7f0" tiltratio="66" />
  <memory-copied type="nursery" objects="8593" bytes="653280" bytesdiscarded="132256" />
  <memory-copied type="tenure" objects="1194" bytes="62568" bytesdiscarded="0" />
  <copy-failed type="nursery" objects="292" bytes="11536" />
  <finalization candidates="18" enqueued="0" />
  <ownableSynchronizers candidates="4" cleared="0" />
  <references type="soft" candidates="351" cleared="0" enqueued="0" dynamicThreshold="32" maxThreshold="32" />
  <references type="weak" candidates="1452" cleared="37" enqueued="25" />
  <references type="phantom" candidates="7" cleared="2" enqueued="2" />
</gc-op>
<heap-resize id="310" type="expand" space="nursery" amount="131072" count="1" timems="0.014" reason="excessive time being spent scavenging" timestamp="2019-06-16T23:50:45.296" />
<gc-end id="311" type="scavenge" contextid="306" durationms="3.691" usertimems="4.000" systemtimems="0.000" timestamp="2019-06-16T23:50:45.296" activeThreads="4">
  <mem-info id="312" free="4290360" total="8781824" percent="48">
    <mem type="nursery" free="655360" total="2490368" percent="26">
      <mem type="allocate" free="655360" total="1441792" percent="45" />
      <mem type="survivor" free="0" total="1048576" percent="0" />
    </mem>
    <mem type="tenure" free="3635000" total="6291456" percent="57" macro-fragmented="1500163">
      <mem type="soa" free="3320632" total="5977088" percent="55" />
      <mem type="loa" free="314368" total="314368" percent="100" />
    </mem>
    <pending-finalizers system="0" default="0" reference="27" classloader="0" />
    <remembered-set count="2063" />
  </mem-info>
</gc-end>
<cycle-end id="313" type="scavenge" contextid="306" timestamp="2019-06-16T23:50:45.296" />
  <attribute name="elasticGC enabled" value="1" />
  <attribute name= "numThreadsSpecified" value="4" />
  <attribute name="heapSize specified" value="0" />
  <attribute name="Current GC Util" value="8" />
  <attribute name= "Current Time Running" value="46699" />
  <attribute name ="GC Interval" value="200" />
  <attribute name="ProportionalT" value="-18.000000" />
  <attribute name="ProportionalI" value="-18.000000" />
  <attribute name="ProportionalH" value="-18.000000" />
  <attribute name="Current Error" value="-12.000000" />
  <attribute name="IntegralT" value="-504.000000" />
  <attribute name="IntegralI" value="-504.000000" />
  <attribute name="IntegralH" value="-504.000000" />
  <attribute name="DerivativeT" value="-0.428571" />
  <attribute name="DerivativeI" value="-0.428571" />
  <attribute name="DerivativeH" value="-0.428571" />
  <attribute name="Loop Time for DT" value="42.000000" />
  <attribute name="Output H" value="2092630016"/>
  <attribute name="Output I" value="200"/>
  <attribute name="Output T" value="4"/>
  <attribute name="Target GC Util Change" value ="20.000000" />
  <attribute name="Current GC Util Change" value="8.000000"/>
  <attribute name="GC Util currently" value="8" />
  <attribute name="CPU Util currently" value="109670503456" />
<allocation-satisfied id="314" threadId="00000000017F5700" bytesRequested="2056" />
<af-end id="315" timestamp="2019-06-16T23:50:45.297" threadId="00000000017F6088" success="true" from="nursery"/>
<exclusive-end id="316" timestamp="2019-06-16T23:50:45.297" durationms="4.526" />

<exclusive-start id="317" timestamp="2019-06-16T23:50:45.306" intervalms="13.365">
  <response-info timems="0.040" idlems="0.040" threads="0" lastid="00000000017F5700" lastname="main" />
</exclusive-start>
<af-start id="318" threadId="00000000017F6088" totalBytesRequested="31752" timestamp="2019-06-16T23:50:45.306" intervalms="13.409" type="nursery" />
<cycle-start id="319" type="scavenge" contextid="0" timestamp="2019-06-16T23:50:45.306" intervalms="13.448" />
<gc-start id="320" type="scavenge" contextid="319" timestamp="2019-06-16T23:50:45.306">
  <mem-info id="321" free="3633232" total="8781824" percent="41">
    <mem type="nursery" free="0" total="2490368" percent="0">
      <mem type="allocate" free="0" total="1441792" percent="0" />
      <mem type="survivor" free="0" total="1048576" percent="0" />
    </mem>
    <mem type="tenure" free="3633232" total="6291456" percent="57">
      <mem type="soa" free="3318864" total="5977088" percent="55" />
      <mem type="loa" free="314368" total="314368" percent="100" />
    </mem>
    <remembered-set count="2091" />
  </mem-info>
</gc-start>
<allocation-stats totalBytes="611016" >
  <allocated-bytes non-tlh="203832" tlh="407184" />
  <largest-consumer threadName="main" threadId="00000000017F5700" bytes="606920" />
</allocation-stats>
<gc-op id="322" type="scavenge" timems="3.058" contextid="319" timestamp="2019-06-16T23:50:45.309">
  <scavenger-info tenureage="3" tenuremask="ffd8" tiltratio="57" />
  <memory-copied type="nursery" objects="5868" bytes="855760" bytesdiscarded="141568" />
  <memory-copied type="tenure" objects="2712" bytes="96928" bytesdiscarded="104" />
  <finalization candidates="15" enqueued="0" />
  <ownableSynchronizers candidates="4" cleared="0" />
  <references type="soft" candidates="302" cleared="0" enqueued="0" dynamicThreshold="32" maxThreshold="32" />
  <references type="weak" candidates="772" cleared="0" enqueued="0" />
  <references type="phantom" candidates="6" cleared="0" enqueued="0" />
</gc-op>
<heap-resize id="323" type="expand" space="nursery" amount="393216" count="1" timems="0.013" reason="excessive time being spent scavenging" timestamp="2019-06-16T23:50:45.309" />
<gc-end id="324" type="scavenge" contextid="319" durationms="3.593" usertimems="4.000" systemtimems="0.000" timestamp="2019-06-16T23:50:45.310" activeThreads="4">
  <mem-info id="325" free="4090544" total="9175040" percent="44">
    <mem type="nursery" free="574816" total="2883584" percent="19">
      <mem type="allocate" free="574816" total="1572864" percent="36" />
      <mem type="survivor" free="0" total="1310720" percent="0" />
    </mem>
    <mem type="tenure" free="3515728" total="6291456" percent="55" macro-fragmented="1800196">
      <mem type="soa" free="3201360" total="5977088" percent="53" />
      <mem type="loa" free="314368" total="314368" percent="100" />
    </mem>
    <remembered-set count="1390" />
  </mem-info>
</gc-end>
<cycle-end id="326" type="scavenge" contextid="319" timestamp="2019-06-16T23:50:45.310" />
  <attribute name="elasticGC enabled" value="1" />
  <attribute name= "numThreadsSpecified" value="4" />
  <attribute name="heapSize specified" value="0" />
  <attribute name="Current GC Util" value="34" />
  <attribute name= "Current Time Running" value="46712" />
  <attribute name ="GC Interval" value="208" />
  <attribute name="ProportionalT" value="21.000000" />
  <attribute name="ProportionalI" value="21.000000" />
  <attribute name="ProportionalH" value="21.000000" />
  <attribute name="Current Error" value="14.000000" />
  <attribute name="IntegralT" value="182.000000" />
  <attribute name="IntegralI" value="182.000000" />
  <attribute name="IntegralH" value="182.000000" />
  <attribute name="DerivativeT" value="1.615385" />
  <attribute name="DerivativeI" value="1.615385" />
  <attribute name="DerivativeH" value="1.615385" />
  <attribute name="Loop Time for DT" value="13.000000" />
  <attribute name="Output H" value="8388608"/>
  <attribute name="Output I" value="208"/>
  <attribute name="Output T" value="4"/>
  <attribute name="Target GC Util Change" value ="20.000000" />
  <attribute name="Current GC Util Change" value="34.000000"/>
  <attribute name="GC Util currently" value="34" />
  <attribute name="CPU Util currently" value="344217118123" />
<allocation-satisfied id="327" threadId="00000000017F5700" bytesRequested="31752" />
<af-end id="328" timestamp="2019-06-16T23:50:45.310" threadId="00000000017F6088" success="true" from="nursery"/>
<exclusive-end id="329" timestamp="2019-06-16T23:50:45.310" durationms="4.438" />

<exclusive-start id="330" timestamp="2019-06-16T23:50:45.325" intervalms="18.886">
  <response-info timems="0.020" idlems="0.020" threads="0" lastid="00000000017F5700" lastname="main" />
</exclusive-start>
<af-start id="331" threadId="00000000017F6088" totalBytesRequested="7176" timestamp="2019-06-16T23:50:45.325" intervalms="18.871" type="nursery" />
<cycle-start id="332" type="scavenge" contextid="0" timestamp="2019-06-16T23:50:45.325" intervalms="18.869" />
<gc-start id="333" type="scavenge" contextid="332" timestamp="2019-06-16T23:50:45.325">
  <mem-info id="334" free="3502752" total="9175040" percent="38">
    <mem type="nursery" free="0" total="2883584" percent="0">
      <mem type="allocate" free="0" total="1572864" percent="0" />
      <mem type="survivor" free="0" total="1310720" percent="0" />
    </mem>
    <mem type="tenure" free="3502752" total="6291456" percent="55">
      <mem type="soa" free="3188384" total="5977088" percent="53" />
      <mem type="loa" free="314368" total="314368" percent="100" />
    </mem>
    <remembered-set count="1602" />
  </mem-info>
</gc-start>
<allocation-stats totalBytes="581024" >
  <allocated-bytes non-tlh="354808" tlh="226216" />
  <largest-consumer threadName="main" threadId="00000000017F5700" bytes="581024" />
</allocation-stats>
<gc-op id="335" type="scavenge" timems="2.880" contextid="332" timestamp="2019-06-16T23:50:45.328">
  <scavenger-info tenureage="3" tenuremask="7808" tiltratio="54" />
  <memory-copied type="nursery" objects="1751" bytes="889848" bytesdiscarded="224984" />
  <memory-copied type="tenure" objects="4468" bytes="201624" bytesdiscarded="184" />
  <finalization candidates="15" enqueued="0" />
  <ownableSynchronizers candidates="3" cleared="0" />
  <references type="soft" candidates="105" cleared="0" enqueued="0" dynamicThreshold="32" maxThreshold="32" />
  <references type="weak" candidates="91" cleared="1" enqueued="1" />
  <references type="phantom" candidates="5" cleared="0" enqueued="0" />
</gc-op>
<heap-resize id="336" type="expand" space="nursery" amount="262144" count="1" timems="0.011" reason="excessive time being spent scavenging" timestamp="2019-06-16T23:50:45.328" />
<gc-end id="337" type="scavenge" contextid="332" durationms="3.360" usertimems="4.000" systemtimems="0.000" timestamp="2019-06-16T23:50:45.328" activeThreads="4">
  <mem-info id="338" free="4158008" total="9437184" percent="44">
    <mem type="nursery" free="851096" total="3145728" percent="27">
      <mem type="allocate" free="851096" total="1966080" percent="43" />
      <mem type="survivor" free="0" total="1179648" percent="0" />
    </mem>
    <mem type="tenure" free="3306912" total="6291456" percent="52" macro-fragmented="1500163">
      <mem type="soa" free="2992544" total="5977088" percent="50" />
      <mem type="loa" free="314368" total="314368" percent="100" />
    </mem>
    <pending-finalizers system="0" default="0" reference="1" classloader="0" />
    <remembered-set count="507" />
  </mem-info>
</gc-end>
<cycle-end id="339" type="scavenge" contextid="332" timestamp="2019-06-16T23:50:45.328" />
  <attribute name="elasticGC enabled" value="1" />
  <attribute name= "numThreadsSpecified" value="4" />
  <attribute name="heapSize specified" value="0" />
  <attribute name="Current GC Util" value="23" />
  <attribute name= "Current Time Running" value="46731" />
  <attribute name ="GC Interval" value="200" />
  <attribute name="ProportionalT" value="4.500000" />
  <attribute name="ProportionalI" value="4.500000" />
  <attribute name="ProportionalH" value="4.500000" />
  <attribute name="Current Error" value="3.000000" />
  <attribute name="IntegralT" value="57.000000" />
  <attribute name="IntegralI" value="57.000000" />
  <attribute name="IntegralH" value="57.000000" />
  <attribute name="DerivativeT" value="-0.868421" />
  <attribute name="DerivativeI" value="-0.868421" />
  <attribute name="DerivativeH" value="-0.868421" />
  <attribute name="Loop Time for DT" value="19.000000" />
  <attribute name="Output H" value="8388608"/>
  <attribute name="Output I" value="200"/>
  <attribute name="Output T" value="4"/>
  <attribute name="Target GC Util Change" value ="20.000000" />
  <attribute name="Current GC Util Change" value="23.000000"/>
  <attribute name="GC Util currently" value="23" />
  <attribute name="CPU Util currently" value="244906298648" />
<allocation-satisfied id="340" threadId="00000000017F5700" bytesRequested="7176" />
<af-end id="341" timestamp="2019-06-16T23:50:45.329" threadId="00000000017F6088" success="true" from="nursery"/>
<exclusive-end id="342" timestamp="2019-06-16T23:50:45.329" durationms="4.206" />

<exclusive-start id="343" timestamp="2019-06-16T23:50:45.331" intervalms="6.417">
  <response-info timems="0.044" idlems="0.044" threads="0" lastid="00000000017F5700" lastname="main" />
</exclusive-start>
<af-start id="344" threadId="00000000017F6088" totalBytesRequested="262168" timestamp="2019-06-16T23:50:45.331" intervalms="6.348" type="nursery" />
<cycle-start id="345" type="scavenge" contextid="0" timestamp="2019-06-16T23:50:45.331" intervalms="6.290" />
<gc-start id="346" type="scavenge" contextid="345" timestamp="2019-06-16T23:50:45.331">
  <mem-info id="347" free="3626512" total="9437184" percent="38">
    <mem type="nursery" free="319600" total="3145728" percent="10">
      <mem type="allocate" free="319600" total="1966080" percent="16" />
      <mem type="survivor" free="0" total="1179648" percent="0" />
    </mem>
    <mem type="tenure" free="3306912" total="6291456" percent="52">
      <mem type="soa" free="2992544" total="5977088" percent="50" />
      <mem type="loa" free="314368" total="314368" percent="100" />
    </mem>
    <remembered-set count="507" />
  </mem-info>
</gc-start>
<allocation-stats totalBytes="531496" >
  <allocated-bytes non-tlh="494632" tlh="36864" />
  <largest-consumer threadName="main" threadId="00000000017F5700" bytes="531496" />
</allocation-stats>
<gc-op id="348" type="scavenge" timems="2.837" contextid="345" timestamp="2019-06-16T23:50:45.334">
  <scavenger-info tenureage="3" tenuremask="7c08" tiltratio="62" />
  <memory-copied type="nursery" objects="401" bytes="820280" bytesdiscarded="114984" />
  <memory-copied type="tenure" objects="1346" bytes="327504" bytesdiscarded="56" />
  <finalization candidates="4" enqueued="0" />
  <references type="weak" candidates="1" cleared="0" enqueued="0" />
  <references type="phantom" candidates="1" cleared="0" enqueued="0" />
</gc-op>
<heap-resize id="349" type="expand" space="nursery" amount="786432" count="1" timems="0.011" reason="excessive time being spent scavenging" timestamp="2019-06-16T23:50:45.334" />
<gc-end id="350" type="scavenge" contextid="345" durationms="3.418" usertimems="4.000" systemtimems="0.000" timestamp="2019-06-16T23:50:45.335" activeThreads="4">
  <mem-info id="351" free="4683552" total="10223616" percent="45">
    <mem type="nursery" free="1686160" total="3932160" percent="42">
      <mem type="allocate" free="1686160" total="2621440" percent="64" />
      <mem type="survivor" free="0" total="1310720" percent="0" />
    </mem>
    <mem type="tenure" free="2997392" total="6291456" percent="47" macro-fragmented="2592282">
      <mem type="soa" free="2683024" total="5977088" percent="44" />
      <mem type="loa" free="314368" total="314368" percent="100" />
    </mem>
    <remembered-set count="314" />
  </mem-info>
</gc-end>
<cycle-end id="352" type="scavenge" contextid="345" timestamp="2019-06-16T23:50:45.335" />
  <attribute name="elasticGC enabled" value="1" />
  <attribute name= "numThreadsSpecified" value="4" />
  <attribute name="heapSize specified" value="0" />
  <attribute name="Current GC Util" value="62" />
  <attribute name= "Current Time Running" value="46738" />
  <attribute name ="GC Interval" value="368" />
  <attribute name="ProportionalT" value="63.000000" />
  <attribute name="ProportionalI" value="63.000000" />
  <attribute name="ProportionalH" value="63.000000" />
  <attribute name="Current Error" value="42.000000" />
  <attribute name="IntegralT" value="294.000000" />
  <attribute name="IntegralI" value="294.000000" />
  <attribute name="IntegralH" value="294.000000" />
  <attribute name="DerivativeT" value="8.357143" />
  <attribute name="DerivativeI" value="8.357143" />
  <attribute name="DerivativeH" value="8.357143" />
  <attribute name="Loop Time for DT" value="7.000000" />
  <attribute name="Output H" value="8388608"/>
  <attribute name="Output I" value="368"/>
  <attribute name="Output T" value="4"/>
  <attribute name="Target GC Util Change" value ="20.000000" />
  <attribute name="Current GC Util Change" value="62.000000"/>
  <attribute name="GC Util currently" value="62" />
  <attribute name="CPU Util currently" value="732142301042" />
<allocation-satisfied id="353" threadId="00000000017F5700" bytesRequested="262168" />
<af-end id="354" timestamp="2019-06-16T23:50:45.335" threadId="00000000017F6088" success="true" from="nursery"/>
<exclusive-end id="355" timestamp="2019-06-16T23:50:45.335" durationms="4.086" />

<exclusive-start id="356" timestamp="2019-06-16T23:50:45.385" intervalms="54.009">
  <response-info timems="0.058" idlems="0.058" threads="0" lastid="00000000017F5700" lastname="main" />
</exclusive-start>
<af-start id="357" threadId="00000000017F6088" totalBytesRequested="3968" timestamp="2019-06-16T23:50:45.385" intervalms="54.068" type="nursery" />
<cycle-start id="358" type="scavenge" contextid="0" timestamp="2019-06-16T23:50:45.385" intervalms="54.143" />
<gc-start id="359" type="scavenge" contextid="358" timestamp="2019-06-16T23:50:45.385">
  <mem-info id="360" free="2976592" total="10223616" percent="29">
    <mem type="nursery" free="0" total="3932160" percent="0">
      <mem type="allocate" free="0" total="2621440" percent="0" />
      <mem type="survivor" free="0" total="1310720" percent="0" />
    </mem>
    <mem type="tenure" free="2976592" total="6291456" percent="47">
      <mem type="soa" free="2662224" total="5977088" percent="44" />
      <mem type="loa" free="314368" total="314368" percent="100" />
    </mem>
    <remembered-set count="646" />
  </mem-info>
</gc-start>
<allocation-stats totalBytes="1695088" >
  <allocated-bytes non-tlh="282968" tlh="1412120" />
  <largest-consumer threadName="main" threadId="00000000017F5700" bytes="1695088" />
</allocation-stats>
<gc-op id="361" type="scavenge" timems="1.387" contextid="358" timestamp="2019-06-16T23:50:45.387">
  <scavenger-info tenureage="3" tenuremask="7e08" tiltratio="66" />
  <memory-copied type="nursery" objects="1911" bytes="332752" bytesdiscarded="46912" />
  <memory-copied type="tenure" objects="26" bytes="261608" bytesdiscarded="192" />
  <references type="weak" candidates="2" cleared="2" enqueued="2" />
</gc-op>
<gc-end id="362" type="scavenge" contextid="358" durationms="1.999" usertimems="4.000" systemtimems="0.000" timestamp="2019-06-16T23:50:45.387" activeThreads="4">
  <mem-info id="363" free="5274096" total="10223616" percent="51">
    <mem type="nursery" free="2569456" total="3932160" percent="65">
      <mem type="allocate" free="2569456" total="2949120" percent="87" />
      <mem type="survivor" free="0" total="983040" percent="0" />
    </mem>
    <mem type="tenure" free="2704640" total="6291456" percent="42" macro-fragmented="2160235">
      <mem type="soa" free="2390272" total="5977088" percent="39" />
      <mem type="loa" free="314368" total="314368" percent="100" />
    </mem>
    <pending-finalizers system="0" default="0" reference="2" classloader="0" />
    <remembered-set count="426" />
  </mem-info>
</gc-end>
<cycle-end id="364" type="scavenge" contextid="358" timestamp="2019-06-16T23:50:45.388" />
  <attribute name="elasticGC enabled" value="1" />
  <attribute name= "numThreadsSpecified" value="4" />
  <attribute name="heapSize specified" value="0" />
  <attribute name="Current GC Util" value="7" />
  <attribute name= "Current Time Running" value="46792" />
  <attribute name ="GC Interval" value="200" />
  <attribute name="ProportionalT" value="-19.500000" />
  <attribute name="ProportionalI" value="-19.500000" />
  <attribute name="ProportionalH" value="-19.500000" />
  <attribute name="Current Error" value="-13.000000" />
  <attribute name="IntegralT" value="-702.000000" />
  <attribute name="IntegralI" value="-702.000000" />
  <attribute name="IntegralH" value="-702.000000" />
  <attribute name="DerivativeT" value="-1.527778" />
  <attribute name="DerivativeI" value="-1.527778" />
  <attribute name="DerivativeH" value="-1.527778" />
  <attribute name="Loop Time for DT" value="54.000000" />
  <attribute name="Output H" value="2092630016"/>
  <attribute name="Output I" value="200"/>
  <attribute name="Output T" value="4"/>
  <attribute name="Target GC Util Change" value ="20.000000" />
  <attribute name="Current GC Util Change" value="7.000000"/>
  <attribute name="GC Util currently" value="7" />
  <attribute name="CPU Util currently" value="84927801121" />
<allocation-satisfied id="365" threadId="00000000017F5700" bytesRequested="3968" />
<af-end id="366" timestamp="2019-06-16T23:50:45.388" threadId="00000000017F6088" success="true" from="nursery"/>
<exclusive-end id="367" timestamp="2019-06-16T23:50:45.388" durationms="2.839" />

<exclusive-start id="368" timestamp="2019-06-16T23:50:45.475" intervalms="89.974">
  <response-info timems="0.027" idlems="0.027" threads="0" lastid="00000000017F5700" lastname="main" />
</exclusive-start>
<af-start id="369" threadId="00000000017F6088" totalBytesRequested="23296" timestamp="2019-06-16T23:50:45.475" intervalms="89.940" type="nursery" />
<cycle-start id="370" type="scavenge" contextid="0" timestamp="2019-06-16T23:50:45.475" intervalms="89.873" />
<gc-start id="371" type="scavenge" contextid="370" timestamp="2019-06-16T23:50:45.475">
  <mem-info id="372" free="2660344" total="10223616" percent="26">
    <mem type="nursery" free="0" total="3932160" percent="0">
      <mem type="allocate" free="0" total="2949120" percent="0" />
      <mem type="survivor" free="0" total="983040" percent="0" />
    </mem>
    <mem type="tenure" free="2660344" total="6291456" percent="42">
      <mem type="soa" free="2345976" total="5977088" percent="39" />
      <mem type="loa" free="314368" total="314368" percent="100" />
    </mem>
    <remembered-set count="1003" />
  </mem-info>
</gc-start>
<allocation-stats totalBytes="2595984" >
  <allocated-bytes non-tlh="48264" tlh="2547720" />
  <largest-consumer threadName="main" threadId="00000000017F5700" bytes="2595984" />
</allocation-stats>
<gc-op id="373" type="scavenge" timems="1.931" contextid="370" timestamp="2019-06-16T23:50:45.477">
  <scavenger-info tenureage="9" tenuremask="7e00" tiltratio="75" />
  <memory-copied type="nursery" objects="6746" bytes="568872" bytesdiscarded="147880" />
  <references type="soft" candidates="54" cleared="0" enqueued="0" dynamicThreshold="32" maxThreshold="32" />
  <references type="weak" candidates="234" cleared="0" enqueued="0" />
</gc-op>
<gc-end id="374" type="scavenge" contextid="370" durationms="2.373" usertimems="0.000" systemtimems="0.000" timestamp="2019-06-16T23:50:45.478" activeThreads="4">
  <mem-info id="375" free="4892472" total="10223616" percent="47">
    <mem type="nursery" free="2232128" total="3932160" percent="56">
      <mem type="allocate" free="2232128" total="2949120" percent="75" />
      <mem type="survivor" free="0" total="983040" percent="0" />
    </mem>
    <mem type="tenure" free="2660344" total="6291456" percent="42" macro-fragmented="1800196">
      <mem type="soa" free="2345976" total="5977088" percent="39" />
      <mem type="loa" free="314368" total="314368" percent="100" />
    </mem>
    <remembered-set count="994" />
  </mem-info>
</gc-end>
<cycle-end id="376" type="scavenge" contextid="370" timestamp="2019-06-16T23:50:45.478" />
  <attribute name="elasticGC enabled" value="1" />
  <attribute name= "numThreadsSpecified" value="4" />
  <attribute name="heapSize specified" value="0" />
  <attribute name="Current GC Util" value="2" />
  <attribute name= "Current Time Running" value="46882" />
  <attribute name ="GC Interval" value="200" />
  <attribute name="ProportionalT" value="-27.000000" />
  <attribute name="ProportionalI" value="-27.000000" />
  <attribute name="ProportionalH" value="-27.000000" />
  <attribute name="Current Error" value="-18.000000" />
  <attribute name="IntegralT" value="-1620.000000" />
  <attribute name="IntegralI" value="-1620.000000" />
  <attribute name="IntegralH" value="-1620.000000" />
  <attribute name="DerivativeT" value="-0.300000" />
  <attribute name="DerivativeI" value="-0.300000" />
  <attribute name="DerivativeH" value="-0.300000" />
  <attribute name="Loop Time for DT" value="90.000000" />
  <attribute name="Output H" value="2092630016"/>
  <attribute name="Output I" value="200"/>
  <attribute name="Output T" value="4"/>
  <attribute name="Target GC Util Change" value ="20.000000" />
  <attribute name="Current GC Util Change" value="2.000000"/>
  <attribute name="GC Util currently" value="2" />
  <attribute name="CPU Util currently" value="5" />
<allocation-satisfied id="377" threadId="00000000017F5700" bytesRequested="23296" />
<af-end id="378" timestamp="2019-06-16T23:50:45.478" threadId="00000000017F6088" success="true" from="nursery"/>
<exclusive-end id="379" timestamp="2019-06-16T23:50:45.478" durationms="2.853" />

<exclusive-start id="380" timestamp="2019-06-16T23:50:45.538" intervalms="63.146">
  <response-info timems="0.050" idlems="0.050" threads="0" lastid="00000000017F5700" lastname="main" />
</exclusive-start>
<af-start id="381" threadId="00000000017F6088" totalBytesRequested="32" timestamp="2019-06-16T23:50:45.538" intervalms="63.155" type="nursery" />
<cycle-start id="382" type="scavenge" contextid="0" timestamp="2019-06-16T23:50:45.538" intervalms="63.220" />
<gc-start id="383" type="scavenge" contextid="382" timestamp="2019-06-16T23:50:45.538">
  <mem-info id="384" free="2629560" total="10223616" percent="25">
    <mem type="nursery" free="0" total="3932160" percent="0">
      <mem type="allocate" free="0" total="2949120" percent="0" />
      <mem type="survivor" free="0" total="983040" percent="0" />
    </mem>
    <mem type="tenure" free="2629560" total="6291456" percent="41">
      <mem type="soa" free="2315192" total="5977088" percent="38" />
      <mem type="loa" free="314368" total="314368" percent="100" />
    </mem>
    <remembered-set count="1343" />
  </mem-info>
</gc-start>
<allocation-stats totalBytes="2261488" >
  <allocated-bytes non-tlh="54080" tlh="2207408" />
  <largest-consumer threadName="main" threadId="00000000017F5700" bytes="2261488" />
</allocation-stats>
<gc-op id="385" type="scavenge" timems="2.071" contextid="382" timestamp="2019-06-16T23:50:45.541">
  <scavenger-info tenureage="9" tenuremask="7e00" tiltratio="75" />
  <memory-copied type="nursery" objects="8578" bytes="633464" bytesdiscarded="165176" />
  <references type="soft" candidates="54" cleared="0" enqueued="0" dynamicThreshold="32" maxThreshold="32" />
  <references type="weak" candidates="560" cleared="0" enqueued="0" />
</gc-op>
<gc-end id="386" type="scavenge" contextid="382" durationms="2.696" usertimems="8.000" systemtimems="0.000" timestamp="2019-06-16T23:50:45.541" activeThreads="4">
  <mem-info id="387" free="4779688" total="10223616" percent="46">
    <mem type="nursery" free="2150128" total="3932160" percent="54">
      <mem type="allocate" free="2150128" total="2949120" percent="72" />
      <mem type="survivor" free="0" total="983040" percent="0" />
    </mem>
    <mem type="tenure" free="2629560" total="6291456" percent="41" macro-fragmented="348889">
      <mem type="soa" free="2315192" total="5977088" percent="38" />
      <mem type="loa" free="314368" total="314368" percent="100" />
    </mem>
    <remembered-set count="1048" />
  </mem-info>
</gc-end>
<cycle-end id="388" type="scavenge" contextid="382" timestamp="2019-06-16T23:50:45.541" />
  <attribute name="elasticGC enabled" value="1" />
  <attribute name= "numThreadsSpecified" value="4" />
  <attribute name="heapSize specified" value="0" />
  <attribute name="Current GC Util" value="4" />
  <attribute name= "Current Time Running" value="46945" />
  <attribute name ="GC Interval" value="200" />
  <attribute name="ProportionalT" value="-24.000000" />
  <attribute name="ProportionalI" value="-24.000000" />
  <attribute name="ProportionalH" value="-24.000000" />
  <attribute name="Current Error" value="-16.000000" />
  <attribute name="IntegralT" value="-1008.000000" />
  <attribute name="IntegralI" value="-1008.000000" />
  <attribute name="IntegralH" value="-1008.000000" />
  <attribute name="DerivativeT" value="-0.380952" />
  <attribute name="DerivativeI" value="-0.380952" />
  <attribute name="DerivativeH" value="-0.380952" />
  <attribute name="Loop Time for DT" value="63.000000" />
  <attribute name="Output H" value="2092630016"/>
  <attribute name="Output I" value="200"/>
  <attribute name="Output T" value="4"/>
  <attribute name="Target GC Util Change" value ="20.000000" />
  <attribute name="Current GC Util Change" value="4.000000"/>
  <attribute name="GC Util currently" value="4" />
  <attribute name="CPU Util currently" value="72784804060" />
<allocation-satisfied id="389" threadId="00000000017F5700" bytesRequested="32" />
<af-end id="390" timestamp="2019-06-16T23:50:45.542" threadId="00000000017F6088" success="true" from="nursery"/>
<exclusive-end id="391" timestamp="2019-06-16T23:50:45.542" durationms="3.532" />

<exclusive-start id="392" timestamp="2019-06-16T23:50:45.596" intervalms="57.428">
  <response-info timems="0.029" idlems="0.029" threads="0" lastid="00000000017F5700" lastname="main" />
</exclusive-start>
<af-start id="393" threadId="00000000017F6088" totalBytesRequested="32" timestamp="2019-06-16T23:50:45.596" intervalms="57.449" type="nursery" />
<cycle-start id="394" type="scavenge" contextid="0" timestamp="2019-06-16T23:50:45.596" intervalms="57.457" />
<gc-start id="395" type="scavenge" contextid="394" timestamp="2019-06-16T23:50:45.596">
  <mem-info id="396" free="2602240" total="10223616" percent="25">
    <mem type="nursery" free="0" total="3932160" percent="0">
      <mem type="allocate" free="0" total="2949120" percent="0" />
      <mem type="survivor" free="0" total="983040" percent="0" />
    </mem>
    <mem type="tenure" free="2602240" total="6291456" percent="41">
      <mem type="soa" free="2287872" total="5977088" percent="38" />
      <mem type="loa" free="314368" total="314368" percent="100" />
    </mem>
    <remembered-set count="1340" />
  </mem-info>
</gc-start>
<allocation-stats totalBytes="2175112" >
  <allocated-bytes non-tlh="27352" tlh="2147760" />
  <largest-consumer threadName="main" threadId="00000000017F5700" bytes="2175112" />
</allocation-stats>
<gc-op id="397" type="scavenge" timems="2.267" contextid="394" timestamp="2019-06-16T23:50:45.598">
  <scavenger-info tenureage="2" tenuremask="7e24" tiltratio="75" />
  <memory-copied type="nursery" objects="5178" bytes="171216" bytesdiscarded="124960" />
  <memory-copied type="tenure" objects="5169" bytes="523336" bytesdiscarded="16" />
  <references type="weak" candidates="520" cleared="0" enqueued="0" />
</gc-op>
<gc-end id="398" type="scavenge" contextid="394" durationms="2.819" usertimems="4.000" systemtimems="0.000" timestamp="2019-06-16T23:50:45.599" activeThreads="4">
  <mem-info id="399" free="4695360" total="10223616" percent="45">
    <mem type="nursery" free="2718208" total="3932160" percent="69">
      <mem type="allocate" free="2718208" total="3014656" percent="90" />
      <mem type="survivor" free="0" total="917504" percent="0" />
    </mem>
    <mem type="tenure" free="1977152" total="6291456" percent="31" macro-fragmented="1041779">
      <mem type="soa" free="1662784" total="5977088" percent="27" />
      <mem type="loa" free="314368" total="314368" percent="100" />
    </mem>
    <remembered-set count="963" />
  </mem-info>
</gc-end>
<cycle-end id="400" type="scavenge" contextid="394" timestamp="2019-06-16T23:50:45.599" />
  <attribute name="elasticGC enabled" value="1" />
  <attribute name= "numThreadsSpecified" value="4" />
  <attribute name="heapSize specified" value="0" />
  <attribute name="Current GC Util" value="5" />
  <attribute name= "Current Time Running" value="47002" />
  <attribute name ="GC Interval" value="200" />
  <attribute name="ProportionalT" value="-22.500000" />
  <attribute name="ProportionalI" value="-22.500000" />
  <attribute name="ProportionalH" value="-22.500000" />
  <attribute name="Current Error" value="-15.000000" />
  <attribute name="IntegralT" value="-855.000000" />
  <attribute name="IntegralI" value="-855.000000" />
  <attribute name="IntegralH" value="-855.000000" />
  <attribute name="DerivativeT" value="-0.394737" />
  <attribute name="DerivativeI" value="-0.394737" />
  <attribute name="DerivativeH" value="-0.394737" />
  <attribute name="Loop Time for DT" value="57.000000" />
  <attribute name="Output H" value="2092630016"/>
  <attribute name="Output I" value="200"/>
  <attribute name="Output T" value="4"/>
  <attribute name="Target GC Util Change" value ="20.000000" />
  <attribute name="Current GC Util Change" value="5.000000"/>
  <attribute name="GC Util currently" value="5" />
  <attribute name="CPU Util currently" value="80268125226" />
<allocation-satisfied id="401" threadId="00000000017F5700" bytesRequested="32" />
<af-end id="402" timestamp="2019-06-16T23:50:45.599" threadId="00000000017F6088" success="true" from="nursery"/>
<exclusive-end id="403" timestamp="2019-06-16T23:50:45.599" durationms="3.638" />

<exclusive-start id="404" timestamp="2019-06-16T23:50:45.639" intervalms="43.223">
  <response-info timems="0.054" idlems="0.054" threads="0" lastid="00000000017F5700" lastname="main" />
</exclusive-start>
<af-start id="405" threadId="00000000017F6088" totalBytesRequested="24" timestamp="2019-06-16T23:50:45.639" intervalms="43.231" type="nursery" />
<cycle-start id="406" type="scavenge" contextid="0" timestamp="2019-06-16T23:50:45.639" intervalms="43.196" />
<gc-start id="407" type="scavenge" contextid="406" timestamp="2019-06-16T23:50:45.639">
  <mem-info id="408" free="1966096" total="10223616" percent="19">
    <mem type="nursery" free="0" total="3932160" percent="0">
      <mem type="allocate" free="0" total="3014656" percent="0" />
      <mem type="survivor" free="0" total="917504" percent="0" />
    </mem>
    <mem type="tenure" free="1966096" total="6291456" percent="31">
      <mem type="soa" free="1651728" total="5977088" percent="27" />
      <mem type="loa" free="314368" total="314368" percent="100" />
    </mem>
    <remembered-set count="1362" />
  </mem-info>
</gc-start>
<allocation-stats totalBytes="2728168" >
  <allocated-bytes non-tlh="11088" tlh="2717080" />
  <largest-consumer threadName="main" threadId="00000000017F5700" bytes="2728168" />
</allocation-stats>
<gc-op id="409" type="scavenge" timems="2.543" contextid="406" timestamp="2019-06-16T23:50:45.642">
  <scavenger-info tenureage="4" tenuremask="7c10" tiltratio="76" />
  <memory-copied type="nursery" objects="7063" bytes="251320" bytesdiscarded="61776" />
  <memory-copied type="tenure" objects="1507" bytes="42760" bytesdiscarded="24" />
  <references type="weak" candidates="602" cleared="0" enqueued="0" />
</gc-op>
<gc-end id="410" type="scavenge" contextid="406" durationms="3.257" usertimems="4.000" systemtimems="0.000" timestamp="2019-06-16T23:50:45.642" activeThreads="4">
  <mem-info id="411" free="4720144" total="10223616" percent="46">
    <mem type="nursery" free="2832384" total="3932160" percent="72">
      <mem type="allocate" free="2832384" total="3145728" percent="90" />
      <mem type="survivor" free="0" total="786432" percent="0" />
    </mem>
    <mem type="tenure" free="1887760" total="6291456" percent="30" macro-fragmented="868149">
      <mem type="soa" free="1573392" total="5977088" percent="26" />
      <mem type="loa" free="314368" total="314368" percent="100" />
    </mem>
    <remembered-set count="1036" />
  </mem-info>
</gc-end>
<cycle-end id="412" type="scavenge" contextid="406" timestamp="2019-06-16T23:50:45.643" />
  <attribute name="elasticGC enabled" value="1" />
  <attribute name= "numThreadsSpecified" value="4" />
  <attribute name="heapSize specified" value="0" />
  <attribute name="Current GC Util" value="8" />
  <attribute name= "Current Time Running" value="47046" />
  <attribute name ="GC Interval" value="200" />
  <attribute name="ProportionalT" value="-18.000000" />
  <attribute name="ProportionalI" value="-18.000000" />
  <attribute name="ProportionalH" value="-18.000000" />
  <attribute name="Current Error" value="-12.000000" />
  <attribute name="IntegralT" value="-528.000000" />
  <attribute name="IntegralI" value="-528.000000" />
  <attribute name="IntegralH" value="-528.000000" />
  <attribute name="DerivativeT" value="-0.409091" />
  <attribute name="DerivativeI" value="-0.409091" />
  <attribute name="DerivativeH" value="-0.409091" />
  <attribute name="Loop Time for DT" value="44.000000" />
  <attribute name="Output H" value="2092630016"/>
  <attribute name="Output I" value="200"/>
  <attribute name="Output T" value="4"/>
  <attribute name="Target GC Util Change" value ="20.000000" />
  <attribute name="Current GC Util Change" value="8.000000"/>
  <attribute name="GC Util currently" value="8" />
  <attribute name="CPU Util currently" value="106516579616" />
<allocation-satisfied id="413" threadId="00000000017F5700" bytesRequested="24" />
<af-end id="414" timestamp="2019-06-16T23:50:45.643" threadId="00000000017F6088" success="true" from="nursery"/>
<exclusive-end id="415" timestamp="2019-06-16T23:50:45.643" durationms="4.157" />

<exclusive-start id="416" timestamp="2019-06-16T23:50:45.683" intervalms="44.657">
  <response-info timems="0.068" idlems="0.068" threads="0" lastid="00000000017F5700" lastname="main" />
</exclusive-start>
<af-start id="417" threadId="00000000017F6088" totalBytesRequested="7176" timestamp="2019-06-16T23:50:45.684" intervalms="44.684" type="nursery" />
<cycle-start id="418" type="scavenge" contextid="0" timestamp="2019-06-16T23:50:45.684" intervalms="44.712" />
<gc-start id="419" type="scavenge" contextid="418" timestamp="2019-06-16T23:50:45.684">
  <mem-info id="420" free="1874312" total="10223616" percent="18">
    <mem type="nursery" free="0" total="3932160" percent="0">
      <mem type="allocate" free="0" total="3145728" percent="0" />
      <mem type="survivor" free="0" total="786432" percent="0" />
    </mem>
    <mem type="tenure" free="1874312" total="6291456" percent="29">
      <mem type="soa" free="1559944" total="5977088" percent="26" />
      <mem type="loa" free="314368" total="314368" percent="100" />
    </mem>
    <remembered-set count="1486" />
  </mem-info>
</gc-start>
<allocation-stats totalBytes="2842680" >
  <allocated-bytes non-tlh="13472" tlh="2829208" />
  <largest-consumer threadName="main" threadId="00000000017F5700" bytes="2842680" />
</allocation-stats>
<gc-op id="421" type="scavenge" timems="2.448" contextid="418" timestamp="2019-06-16T23:50:45.686">
  <scavenger-info tenureage="3" tenuremask="7808" tiltratio="80" />
  <memory-copied type="nursery" objects="9015" bytes="350232" bytesdiscarded="41256" />
  <memory-copied type="tenure" objects="1716" bytes="61560" bytesdiscarded="0" />
  <references type="weak" candidates="373" cleared="0" enqueued="0" />
  <references type="phantom" candidates="1" cleared="0" enqueued="0" />
</gc-op>
<gc-end id="422" type="scavenge" contextid="418" durationms="2.982" usertimems="4.000" systemtimems="0.000" timestamp="2019-06-16T23:50:45.687" activeThreads="4">
  <mem-info id="423" free="4654728" total="10223616" percent="45">
    <mem type="nursery" free="2819584" total="3932160" percent="71">
      <mem type="allocate" free="2819584" total="3211264" percent="87" />
      <mem type="survivor" free="0" total="720896" percent="0" />
    </mem>
    <mem type="tenure" free="1835144" total="6291456" percent="29" macro-fragmented="1250136">
      <mem type="soa" free="1520776" total="5977088" percent="25" />
      <mem type="loa" free="314368" total="314368" percent="100" />
    </mem>
    <remembered-set count="1095" />
  </mem-info>
</gc-end>
<cycle-end id="424" type="scavenge" contextid="418" timestamp="2019-06-16T23:50:45.687" />
  <attribute name="elasticGC enabled" value="1" />
  <attribute name= "numThreadsSpecified" value="4" />
  <attribute name="heapSize specified" value="0" />
  <attribute name="Current GC Util" value="8" />
  <attribute name= "Current Time Running" value="47090" />
  <attribute name ="GC Interval" value="200" />
  <attribute name="ProportionalT" value="-18.000000" />
  <attribute name="ProportionalI" value="-18.000000" />
  <attribute name="ProportionalH" value="-18.000000" />
  <attribute name="Current Error" value="-12.000000" />
  <attribute name="IntegralT" value="-528.000000" />
  <attribute name="IntegralI" value="-528.000000" />
  <attribute name="IntegralH" value="-528.000000" />
  <attribute name="DerivativeT" value="-0.409091" />
  <attribute name="DerivativeI" value="-0.409091" />
  <attribute name="DerivativeH" value="-0.409091" />
  <attribute name="Loop Time for DT" value="44.000000" />
  <attribute name="Output H" value="2092630016"/>
  <attribute name="Output I" value="200"/>
  <attribute name="Output T" value="4"/>
  <attribute name="Target GC Util Change" value ="20.000000" />
  <attribute name="Current GC Util Change" value="8.000000"/>
  <attribute name="GC Util currently" value="8" />
  <attribute name="CPU Util currently" value="103369434541" />
<allocation-satisfied id="425" threadId="00000000017F5700" bytesRequested="7176" />
<af-end id="426" timestamp="2019-06-16T23:50:45.687" threadId="00000000017F6088" success="true" from="nursery"/>
<exclusive-end id="427" timestamp="2019-06-16T23:50:45.687" durationms="3.905" />

<exclusive-start id="428" timestamp="2019-06-16T23:50:45.737" intervalms="53.974">
  <response-info timems="0.032" idlems="0.032" threads="0" lastid="00000000017F5700" lastname="main" />
</exclusive-start>
<af-start id="429" threadId="00000000017F6088" totalBytesRequested="72" timestamp="2019-06-16T23:50:45.738" intervalms="54.021" type="nursery" />
<cycle-start id="430" type="scavenge" contextid="0" timestamp="2019-06-16T23:50:45.738" intervalms="54.036" />
<gc-start id="431" type="scavenge" contextid="430" timestamp="2019-06-16T23:50:45.738">
  <mem-info id="432" free="1818288" total="10223616" percent="17">
    <mem type="nursery" free="0" total="3932160" percent="0">
      <mem type="allocate" free="0" total="3211264" percent="0" />
      <mem type="survivor" free="0" total="720896" percent="0" />
    </mem>
    <mem type="tenure" free="1818288" total="6291456" percent="28">
      <mem type="soa" free="1503920" total="5977088" percent="25" />
      <mem type="loa" free="314368" total="314368" percent="100" />
    </mem>
    <remembered-set count="1348" />
  </mem-info>
</gc-start>
<allocation-stats totalBytes="2834688" >
  <allocated-bytes non-tlh="24032" tlh="2810656" />
  <largest-consumer threadName="main" threadId="00000000017F5700" bytes="2834688" />
</allocation-stats>
<gc-op id="433" type="scavenge" timems="1.979" contextid="430" timestamp="2019-06-16T23:50:45.740">
  <scavenger-info tenureage="3" tenuremask="7808" tiltratio="81" />
  <memory-copied type="nursery" objects="11182" bytes="457488" bytesdiscarded="113000" />
  <memory-copied type="tenure" objects="1758" bytes="61352" bytesdiscarded="40" />
  <references type="soft" candidates="2" cleared="0" enqueued="0" dynamicThreshold="32" maxThreshold="32" />
  <references type="weak" candidates="221" cleared="5" enqueued="5" />
</gc-op>
<gc-end id="434" type="scavenge" contextid="430" durationms="2.663" usertimems="8.000" systemtimems="0.000" timestamp="2019-06-16T23:50:45.741" activeThreads="4">
  <mem-info id="435" free="4389040" total="10223616" percent="42">
    <mem type="nursery" free="2640640" total="3932160" percent="67">
      <mem type="allocate" free="2640640" total="3211264" percent="82" />
      <mem type="survivor" free="0" total="720896" percent="0" />
    </mem>
    <mem type="tenure" free="1748400" total="6291456" percent="27" macro-fragmented="868149">
      <mem type="soa" free="1434032" total="5977088" percent="23" />
      <mem type="loa" free="314368" total="314368" percent="100" />
    </mem>
    <pending-finalizers system="0" default="0" reference="5" classloader="0" />
    <remembered-set count="1118" />
  </mem-info>
</gc-end>
<cycle-end id="436" type="scavenge" contextid="430" timestamp="2019-06-16T23:50:45.741" />
  <attribute name="elasticGC enabled" value="1" />
  <attribute name= "numThreadsSpecified" value="4" />
  <attribute name="heapSize specified" value="0" />
  <attribute name="Current GC Util" value="5" />
  <attribute name= "Current Time Running" value="47144" />
  <attribute name ="GC Interval" value="200" />
  <attribute name="ProportionalT" value="-22.500000" />
  <attribute name="ProportionalI" value="-22.500000" />
  <attribute name="ProportionalH" value="-22.500000" />
  <attribute name="Current Error" value="-15.000000" />
  <attribute name="IntegralT" value="-810.000000" />
  <attribute name="IntegralI" value="-810.000000" />
  <attribute name="IntegralH" value="-810.000000" />
  <attribute name="DerivativeT" value="-0.416667" />
  <attribute name="DerivativeI" value="-0.416667" />
  <attribute name="DerivativeH" value="-0.416667" />
  <attribute name="Loop Time for DT" value="54.000000" />
  <attribute name="Output H" value="2092630016"/>
  <attribute name="Output I" value="200"/>
  <attribute name="Output T" value="4"/>
  <attribute name="Target GC Util Change" value ="20.000000" />
  <attribute name="Current GC Util Change" value="5.000000"/>
  <attribute name="GC Util currently" value="5" />
  <attribute name="CPU Util currently" value="85192594966" />
<allocation-satisfied id="437" threadId="00000000017F5700" bytesRequested="72" />
<af-end id="438" timestamp="2019-06-16T23:50:45.741" threadId="00000000017F6088" success="true" from="nursery"/>
<exclusive-end id="439" timestamp="2019-06-16T23:50:45.741" durationms="3.655" />

<exclusive-start id="440" timestamp="2019-06-16T23:50:45.815" intervalms="77.293">
  <response-info timems="0.029" idlems="0.029" threads="0" lastid="00000000017F5700" lastname="main" />
</exclusive-start>
<af-start id="441" threadId="00000000017F6088" totalBytesRequested="16" timestamp="2019-06-16T23:50:45.815" intervalms="77.267" type="nursery" />
<cycle-start id="442" type="scavenge" contextid="0" timestamp="2019-06-16T23:50:45.815" intervalms="77.336" />
<gc-start id="443" type="scavenge" contextid="442" timestamp="2019-06-16T23:50:45.815">
  <mem-info id="444" free="1730800" total="10223616" percent="16">
    <mem type="nursery" free="0" total="3932160" percent="0">
      <mem type="allocate" free="0" total="3211264" percent="0" />
      <mem type="survivor" free="0" total="720896" percent="0" />
    </mem>
    <mem type="tenure" free="1730800" total="6291456" percent="27">
      <mem type="soa" free="1416432" total="5977088" percent="23" />
      <mem type="loa" free="314368" total="314368" percent="100" />
    </mem>
    <remembered-set count="1312" />
  </mem-info>
</gc-start>
<allocation-stats totalBytes="2657840" >
  <allocated-bytes non-tlh="283224" tlh="2374616" />
  <largest-consumer threadName="main" threadId="00000000017F5700" bytes="2657840" />
</allocation-stats>
<gc-op id="445" type="scavenge" timems="2.795" contextid="442" timestamp="2019-06-16T23:50:45.818">
  <scavenger-info tenureage="11" tenuremask="7800" tiltratio="81" />
  <memory-copied type="nursery" objects="5823" bytes="629848" bytesdiscarded="90920" />
  <memory-copied type="tenure" objects="7312" bytes="272616" bytesdiscarded="304" />
  <copy-failed type="nursery" objects="7312" bytes="272672" />
  <references type="weak" candidates="57" cleared="0" enqueued="0" />
  <references type="phantom" candidates="1" cleared="0" enqueued="0" />
</gc-op>
<gc-end id="446" type="scavenge" contextid="442" durationms="3.318" usertimems="4.000" systemtimems="0.000" timestamp="2019-06-16T23:50:45.819" activeThreads="4">
  <mem-info id="447" free="3160560" total="10223616" percent="30">
    <mem type="nursery" free="1703936" total="3932160" percent="43">
      <mem type="allocate" free="1703936" total="2424832" percent="70" />
      <mem type="survivor" free="0" total="1507328" percent="0" />
    </mem>
    <mem type="tenure" free="1456624" total="6291456" percent="23" macro-fragmented="1041779">
      <mem type="soa" free="1142256" total="5977088" percent="19" />
      <mem type="loa" free="314368" total="314368" percent="100" />
    </mem>
    <remembered-set count="1327" />
  </mem-info>
</gc-end>
<cycle-end id="448" type="scavenge" contextid="442" timestamp="2019-06-16T23:50:45.819" />
  <attribute name="elasticGC enabled" value="1" />
  <attribute name= "numThreadsSpecified" value="4" />
  <attribute name="heapSize specified" value="0" />
  <attribute name="Current GC Util" value="3" />
  <attribute name= "Current Time Running" value="47222" />
  <attribute name ="GC Interval" value="200" />
  <attribute name="ProportionalT" value="-25.500000" />
  <attribute name="ProportionalI" value="-25.500000" />
  <attribute name="ProportionalH" value="-25.500000" />
  <attribute name="Current Error" value="-17.000000" />
  <attribute name="IntegralT" value="-1326.000000" />
  <attribute name="IntegralI" value="-1326.000000" />
  <attribute name="IntegralH" value="-1326.000000" />
  <attribute name="DerivativeT" value="-0.326923" />
  <attribute name="DerivativeI" value="-0.326923" />
  <attribute name="DerivativeH" value="-0.326923" />
  <attribute name="Loop Time for DT" value="78.000000" />
  <attribute name="Output H" value="2092630016"/>
  <attribute name="Output I" value="200"/>
  <attribute name="Output T" value="4"/>
  <attribute name="Target GC Util Change" value ="20.000000" />
  <attribute name="Current GC Util Change" value="3.000000"/>
  <attribute name="GC Util currently" value="3" />
  <attribute name="CPU Util currently" value="59722467138" />
<allocation-satisfied id="449" threadId="00000000017F5700" bytesRequested="16" />
<af-end id="450" timestamp="2019-06-16T23:50:45.819" threadId="00000000017F6088" success="true" from="nursery"/>
<exclusive-end id="451" timestamp="2019-06-16T23:50:45.819" durationms="4.303" />

<exclusive-start id="452" timestamp="2019-06-16T23:50:45.843" intervalms="28.040">
  <response-info timems="0.035" idlems="0.035" threads="0" lastid="00000000017F5700" lastname="main" />
</exclusive-start>
<af-start id="453" threadId="00000000017F6088" totalBytesRequested="24" timestamp="2019-06-16T23:50:45.843" intervalms="27.998" type="nursery" />
<cycle-start id="454" type="scavenge" contextid="0" timestamp="2019-06-16T23:50:45.843" intervalms="27.929" />
<gc-start id="455" type="scavenge" contextid="454" timestamp="2019-06-16T23:50:45.843">
  <mem-info id="456" free="1451360" total="10223616" percent="14">
    <mem type="nursery" free="0" total="3932160" percent="0">
      <mem type="allocate" free="0" total="2424832" percent="0" />
      <mem type="survivor" free="0" total="1507328" percent="0" />
    </mem>
    <mem type="tenure" free="1451360" total="6291456" percent="23">
      <mem type="soa" free="1136992" total="5977088" percent="19" />
      <mem type="loa" free="314368" total="314368" percent="100" />
    </mem>
    <remembered-set count="1389" />
  </mem-info>
</gc-start>
<allocation-stats totalBytes="1708992" >
  <allocated-bytes non-tlh="5280" tlh="1703712" />
  <largest-consumer threadName="main" threadId="00000000017F5700" bytes="1708992" />
</allocation-stats>
<gc-op id="457" type="scavenge" timems="2.635" contextid="454" timestamp="2019-06-16T23:50:45.846">
  <scavenger-info tenureage="11" tenuremask="7800" tiltratio="61" />
  <memory-copied type="nursery" objects="8309" bytes="734408" bytesdiscarded="94088" />
  <references type="weak" candidates="95" cleared="0" enqueued="0" />
  <references type="phantom" candidates="1" cleared="0" enqueued="0" />
</gc-op>
<heap-resize id="458" type="expand" space="nursery" amount="262144" count="1" timems="0.015" reason="excessive time being spent scavenging" timestamp="2019-06-16T23:50:45.846" />
<gc-end id="459" type="scavenge" contextid="454" durationms="3.451" usertimems="4.000" systemtimems="0.000" timestamp="2019-06-16T23:50:45.847" activeThreads="4">
  <mem-info id="460" free="3309680" total="10485760" percent="31">
    <mem type="nursery" free="1858320" total="4194304" percent="44">
      <mem type="allocate" free="1858320" total="2686976" percent="69" />
      <mem type="survivor" free="0" total="1507328" percent="0" />
    </mem>
    <mem type="tenure" free="1451360" total="6291456" percent="23" macro-fragmented="1041779">
      <mem type="soa" free="1136992" total="5977088" percent="19" />
      <mem type="loa" free="314368" total="314368" percent="100" />
    </mem>
    <remembered-set count="1188" />
  </mem-info>
</gc-end>
<cycle-end id="461" type="scavenge" contextid="454" timestamp="2019-06-16T23:50:45.847" />
  <attribute name="elasticGC enabled" value="1" />
  <attribute name= "numThreadsSpecified" value="4" />
  <attribute name="heapSize specified" value="0" />
  <attribute name="Current GC Util" value="13" />
  <attribute name= "Current Time Running" value="47250" />
  <attribute name ="GC Interval" value="200" />
  <attribute name="ProportionalT" value="-10.500000" />
  <attribute name="ProportionalI" value="-10.500000" />
  <attribute name="ProportionalH" value="-10.500000" />
  <attribute name="Current Error" value="-7.000000" />
  <attribute name="IntegralT" value="-196.000000" />
  <attribute name="IntegralI" value="-196.000000" />
  <attribute name="IntegralH" value="-196.000000" />
  <attribute name="DerivativeT" value="-0.375000" />
  <attribute name="DerivativeI" value="-0.375000" />
  <attribute name="DerivativeH" value="-0.375000" />
  <attribute name="Loop Time for DT" value="28.000000" />
  <attribute name="Output H" value="2092630016"/>
  <attribute name="Output I" value="200"/>
  <attribute name="Output T" value="4"/>
  <attribute name="Target GC Util Change" value ="20.000000" />
  <attribute name="Current GC Util Change" value="13.000000"/>
  <attribute name="GC Util currently" value="13" />
  <attribute name="CPU Util currently" value="164410661732" />
<allocation-satisfied id="462" threadId="00000000017F5700" bytesRequested="24" />
<af-end id="463" timestamp="2019-06-16T23:50:45.847" threadId="00000000017F6088" success="true" from="nursery"/>
<exclusive-end id="464" timestamp="2019-06-16T23:50:45.847" durationms="4.364" />

<exclusive-start id="465" timestamp="2019-06-16T23:50:45.874" intervalms="31.353">
  <response-info timems="0.033" idlems="0.033" threads="0" lastid="00000000017F5700" lastname="main" />
</exclusive-start>
<af-start id="466" threadId="00000000017F6088" totalBytesRequested="32" timestamp="2019-06-16T23:50:45.874" intervalms="31.365" type="nursery" />
<cycle-start id="467" type="scavenge" contextid="0" timestamp="2019-06-16T23:50:45.874" intervalms="31.337" />
<gc-start id="468" type="scavenge" contextid="467" timestamp="2019-06-16T23:50:45.874">
  <mem-info id="469" free="1446600" total="10485760" percent="13">
    <mem type="nursery" free="0" total="4194304" percent="0">
      <mem type="allocate" free="0" total="2686976" percent="0" />
      <mem type="survivor" free="0" total="1507328" percent="0" />
    </mem>
    <mem type="tenure" free="1446600" total="6291456" percent="22">
      <mem type="soa" free="1132232" total="5977088" percent="18" />
      <mem type="loa" free="314368" total="314368" percent="100" />
    </mem>
    <remembered-set count="1248" />
  </mem-info>
</gc-start>
<allocation-stats totalBytes="1862880" >
  <allocated-bytes non-tlh="4784" tlh="1858096" />
  <largest-consumer threadName="main" threadId="00000000017F5700" bytes="1862880" />
</allocation-stats>
<gc-op id="470" type="scavenge" timems="2.762" contextid="467" timestamp="2019-06-16T23:50:45.877">
  <scavenger-info tenureage="11" tenuremask="7800" tiltratio="64" />
  <memory-copied type="nursery" objects="10705" bytes="834920" bytesdiscarded="153552" />
  <references type="weak" candidates="133" cleared="0" enqueued="0" />
  <references type="phantom" candidates="1" cleared="0" enqueued="0" />
</gc-op>
<heap-resize id="471" type="expand" space="nursery" amount="262144" count="1" timems="0.017" reason="excessive time being spent scavenging" timestamp="2019-06-16T23:50:45.878" />
<gc-end id="472" type="scavenge" contextid="467" durationms="3.574" usertimems="4.000" systemtimems="0.000" timestamp="2019-06-16T23:50:45.878" activeThreads="4">
  <mem-info id="473" free="3472608" total="10747904" percent="32">
    <mem type="nursery" free="2026008" total="4456448" percent="45">
      <mem type="allocate" free="2026008" total="3014656" percent="67" />
      <mem type="survivor" free="0" total="1441792" percent="0" />
    </mem>
    <mem type="tenure" free="1446600" total="6291456" percent="22" macro-fragmented="0">
      <mem type="soa" free="1132232" total="5977088" percent="18" />
      <mem type="loa" free="314368" total="314368" percent="100" />
    </mem>
    <remembered-set count="1069" />
  </mem-info>
</gc-end>
<cycle-end id="474" type="scavenge" contextid="467" timestamp="2019-06-16T23:50:45.878" />
  <attribute name="elasticGC enabled" value="1" />
  <attribute name= "numThreadsSpecified" value="4" />
  <attribute name="heapSize specified" value="0" />
  <attribute name="Current GC Util" value="13" />
  <attribute name= "Current Time Running" value="47281" />
  <attribute name ="GC Interval" value="200" />
  <attribute name="ProportionalT" value="-10.500000" />
  <attribute name="ProportionalI" value="-10.500000" />
  <attribute name="ProportionalH" value="-10.500000" />
  <attribute name="Current Error" value="-7.000000" />
  <attribute name="IntegralT" value="-217.000000" />
  <attribute name="IntegralI" value="-217.000000" />
  <attribute name="IntegralH" value="-217.000000" />
  <attribute name="DerivativeT" value="-0.338710" />
  <attribute name="DerivativeI" value="-0.338710" />
  <attribute name="DerivativeH" value="-0.338710" />
  <attribute name="Loop Time for DT" value="31.000000" />
  <attribute name="Output H" value="2092630016"/>
  <attribute name="Output I" value="200"/>
  <attribute name="Output T" value="4"/>
  <attribute name="Target GC Util Change" value ="20.000000" />
  <attribute name="Current GC Util Change" value="13.000000"/>
  <attribute name="GC Util currently" value="13" />
  <attribute name="CPU Util currently" value="147485135773" />
<allocation-satisfied id="475" threadId="00000000017F5700" bytesRequested="32" />
<af-end id="476" timestamp="2019-06-16T23:50:45.878" threadId="00000000017F6088" success="true" from="nursery"/>
<exclusive-end id="477" timestamp="2019-06-16T23:50:45.878" durationms="4.439" />

<exclusive-start id="478" timestamp="2019-06-16T23:50:45.897" intervalms="22.690">
  <response-info timems="0.074" idlems="0.074" threads="0" lastid="00000000017F5700" lastname="main" />
</exclusive-start>
<af-start id="479" threadId="00000000017F6088" totalBytesRequested="32" timestamp="2019-06-16T23:50:45.897" intervalms="22.746" type="nursery" />
<cycle-start id="480" type="scavenge" contextid="0" timestamp="2019-06-16T23:50:45.897" intervalms="22.785" />
<gc-start id="481" type="scavenge" contextid="480" timestamp="2019-06-16T23:50:45.897">
  <mem-info id="482" free="1446600" total="10747904" percent="13">
    <mem type="nursery" free="0" total="4456448" percent="0">
      <mem type="allocate" free="0" total="3014656" percent="0" />
      <mem type="survivor" free="0" total="1441792" percent="0" />
    </mem>
    <mem type="tenure" free="1446600" total="6291456" percent="22">
      <mem type="soa" free="1132232" total="5977088" percent="18" />
      <mem type="loa" free="314368" total="314368" percent="100" />
    </mem>
    <remembered-set count="1069" />
  </mem-info>
</gc-start>
<allocation-stats totalBytes="2025776" >
  <allocated-bytes non-tlh="32" tlh="2025744" />
  <largest-consumer threadName="main" threadId="00000000017F5700" bytes="2025776" />
</allocation-stats>
<gc-op id="483" type="scavenge" timems="2.249" contextid="480" timestamp="2019-06-16T23:50:45.900">
  <scavenger-info tenureage="3" tenuremask="7808" tiltratio="67" />
  <memory-copied type="nursery" objects="8587" bytes="347648" bytesdiscarded="63152" />
  <memory-copied type="tenure" objects="5252" bytes="602680" bytesdiscarded="96" />
  <references type="weak" candidates="132" cleared="0" enqueued="0" />
</gc-op>
<heap-resize id="484" type="expand" space="nursery" amount="262144" count="1" timems="0.013" reason="excessive time being spent scavenging" timestamp="2019-06-16T23:50:45.900" />
<gc-end id="485" type="scavenge" contextid="480" durationms="3.060" usertimems="8.000" systemtimems="0.000" timestamp="2019-06-16T23:50:45.900" activeThreads="1">
  <mem-info id="486" free="3712232" total="11010048" percent="33">
    <mem type="nursery" free="2931456" total="4718592" percent="62">
      <mem type="allocate" free="2931456" total="3342336" percent="87" />
      <mem type="survivor" free="0" total="1376256" percent="0" />
    </mem>
    <mem type="tenure" free="780776" total="6291456" percent="12" macro-fragmented="290741">
      <mem type="soa" free="466408" total="5977088" percent="7" />
      <mem type="loa" free="314368" total="314368" percent="100" />
    </mem>
    <remembered-set count="1599" />
  </mem-info>
</gc-end>
<cycle-end id="487" type="scavenge" contextid="480" timestamp="2019-06-16T23:50:45.900" />
  <attribute name="elasticGC enabled" value="1" />
  <attribute name= "numThreadsSpecified" value="1" />
  <attribute name="heapSize specified" value="0" />
  <attribute name="Current GC Util" value="20" />
  <attribute name= "Current Time Running" value="47304" />
  <attribute name ="GC Interval" value="200" />
  <attribute name="ProportionalT" value="0.000000" />
  <attribute name="ProportionalI" value="0.000000" />
  <attribute name="ProportionalH" value="0.000000" />
  <attribute name="Current Error" value="0.000000" />
  <attribute name="IntegralT" value="0.000000" />
  <attribute name="IntegralI" value="0.000000" />
  <attribute name="IntegralH" value="0.000000" />
  <attribute name="DerivativeT" value="0.000000" />
  <attribute name="DerivativeI" value="0.000000" />
  <attribute name="DerivativeH" value="0.000000" />
  <attribute name="Loop Time for DT" value="23.000000" />
  <attribute name="Output H" value="8388608"/>
  <attribute name="Output I" value="200"/>
  <attribute name="Output T" value="1"/>
  <attribute name="Target GC Util Change" value ="20.000000" />
  <attribute name="Current GC Util Change" value="20.000000"/>
  <attribute name="GC Util currently" value="20" />
  <attribute name="CPU Util currently" value="201831770555" />
<allocation-satisfied id="488" threadId="00000000017F5700" bytesRequested="32" />
<af-end id="489" timestamp="2019-06-16T23:50:45.901" threadId="00000000017F6088" success="true" from="nursery"/>
<exclusive-end id="490" timestamp="2019-06-16T23:50:45.901" durationms="3.989" />

<exclusive-start id="491" timestamp="2019-06-16T23:50:45.921" intervalms="24.319">
  <response-info timems="0.034" idlems="0.034" threads="0" lastid="00000000017F5700" lastname="main" />
</exclusive-start>
<af-start id="492" threadId="00000000017F6088" totalBytesRequested="32" timestamp="2019-06-16T23:50:45.921" intervalms="24.268" type="nursery" />
<cycle-start id="493" type="scavenge" contextid="0" timestamp="2019-06-16T23:50:45.921" intervalms="24.225" />
<gc-start id="494" type="scavenge" contextid="493" timestamp="2019-06-16T23:50:45.921">
  <mem-info id="495" free="778896" total="11010048" percent="7">
    <mem type="nursery" free="0" total="4718592" percent="0">
      <mem type="allocate" free="0" total="3342336" percent="0" />
      <mem type="survivor" free="0" total="1376256" percent="0" />
    </mem>
    <mem type="tenure" free="778896" total="6291456" percent="12">
      <mem type="soa" free="464528" total="5977088" percent="7" />
      <mem type="loa" free="314368" total="314368" percent="100" />
    </mem>
    <remembered-set count="2034" />
  </mem-info>
</gc-start>
<allocation-stats totalBytes="2932896" >
  <allocated-bytes non-tlh="1912" tlh="2930984" />
  <largest-consumer threadName="main" threadId="00000000017F5700" bytes="2932896" />
</allocation-stats>
<gc-op id="496" type="scavenge" timems="1.315" contextid="493" timestamp="2019-06-16T23:50:45.923">
  <scavenger-info tenureage="3" tenuremask="7808" tiltratio="70" />
  <memory-copied type="nursery" objects="10277" bytes="399664" bytesdiscarded="53376" />
  <memory-copied type="tenure" objects="2404" bytes="111960" bytesdiscarded="8" />
  <references type="weak" candidates="110" cleared="0" enqueued="0" />
</gc-op>
<gc-end id="497" type="scavenge" contextid="493" durationms="1.908" usertimems="4.000" systemtimems="0.000" timestamp="2019-06-16T23:50:45.923" activeThreads="4">
  <mem-info id="498" free="3821200" total="11010048" percent="34">
    <mem type="nursery" free="3151360" total="4718592" percent="66">
      <mem type="allocate" free="3151360" total="3604480" percent="87" />
      <mem type="survivor" free="0" total="1114112" percent="0" />
    </mem>
    <mem type="tenure" free="669840" total="6291456" percent="10" macro-fragmented="0">
      <mem type="soa" free="355472" total="5977088" percent="5" />
      <mem type="loa" free="314368" total="314368" percent="100" />
    </mem>
    <remembered-set count="1774" />
  </mem-info>
</gc-end>
<cycle-end id="499" type="scavenge" contextid="493" timestamp="2019-06-16T23:50:45.923" />
  <attribute name="elasticGC enabled" value="1" />
  <attribute name= "numThreadsSpecified" value="4" />
  <attribute name="heapSize specified" value="0" />
  <attribute name="Current GC Util" value="9" />
  <attribute name= "Current Time Running" value="47328" />
  <attribute name ="GC Interval" value="200" />
  <attribute name="ProportionalT" value="-16.500000" />
  <attribute name="ProportionalI" value="-16.500000" />
  <attribute name="ProportionalH" value="-16.500000" />
  <attribute name="Current Error" value="-11.000000" />
  <attribute name="IntegralT" value="-264.000000" />
  <attribute name="IntegralI" value="-264.000000" />
  <attribute name="IntegralH" value="-264.000000" />
  <attribute name="DerivativeT" value="-0.687500" />
  <attribute name="DerivativeI" value="-0.687500" />
  <attribute name="DerivativeH" value="-0.687500" />
  <attribute name="Loop Time for DT" value="24.000000" />
  <attribute name="Output H" value="2092630016"/>
  <attribute name="Output I" value="200"/>
  <attribute name="Output T" value="4"/>
  <attribute name="Target GC Util Change" value ="20.000000" />
  <attribute name="Current GC Util Change" value="9.000000"/>
  <attribute name="GC Util currently" value="9" />
  <attribute name="CPU Util currently" value="191300384235" />
<allocation-satisfied id="500" threadId="00000000017F5700" bytesRequested="32" />
<af-end id="501" timestamp="2019-06-16T23:50:45.924" threadId="00000000017F6088" success="true" from="nursery"/>
<exclusive-end id="502" timestamp="2019-06-16T23:50:45.924" durationms="2.650" />

<concurrent-kickoff id="503" timestamp="2019-06-16T23:50:45.958">
  <kickoff reason="threshold reached" targetBytes="1867303" thresholdFreeBytes="258710"  remainingFree="169440" tenureFreeBytes="669552" nurseryFreeBytes="169440" />
</concurrent-kickoff>
<exclusive-start id="504" timestamp="2019-06-16T23:50:45.958" intervalms="37.006">
  <response-info timems="0.026" idlems="0.026" threads="0" lastid="00000000017F5700" lastname="main" />
</exclusive-start>
<cycle-start id="505" type="global" contextid="0" timestamp="2019-06-16T23:50:45.958" intervalms="47483.590" />
<exclusive-end id="506" timestamp="2019-06-16T23:50:45.958" durationms="0.287" />

<exclusive-start id="507" timestamp="2019-06-16T23:50:45.964" intervalms="6.253">
  <response-info timems="0.026" idlems="0.026" threads="0" lastid="00000000017F5700" lastname="main" />
</exclusive-start>
<af-start id="508" threadId="00000000017F6088" totalBytesRequested="40" timestamp="2019-06-16T23:50:45.964" intervalms="43.232" type="nursery" />
<cycle-start id="509" type="scavenge" contextid="0" timestamp="2019-06-16T23:50:45.965" intervalms="43.228" />
<gc-start id="510" type="scavenge" contextid="509" timestamp="2019-06-16T23:50:45.965">
  <mem-info id="511" free="669552" total="11010048" percent="6">
    <mem type="nursery" free="0" total="4718592" percent="0">
      <mem type="allocate" free="0" total="3604480" percent="0" />
      <mem type="survivor" free="0" total="1114112" percent="0" />
    </mem>
    <mem type="tenure" free="669552" total="6291456" percent="10">
      <mem type="soa" free="355184" total="5977088" percent="5" />
      <mem type="loa" free="314368" total="314368" percent="100" />
    </mem>
    <remembered-set count="1889" />
  </mem-info>
</gc-start>
<allocation-stats totalBytes="3150848" >
  <allocated-bytes non-tlh="320" tlh="3150528" />
  <largest-consumer threadName="main" threadId="00000000017F5700" bytes="3150848" />
</allocation-stats>
<gc-op id="512" type="scavenge" timems="2.159" contextid="509" timestamp="2019-06-16T23:50:45.967">
  <scavenger-info tenureage="3" tenuremask="7988" tiltratio="76" />
  <memory-copied type="nursery" objects="14837" bytes="687792" bytesdiscarded="116792" />
  <memory-copied type="tenure" objects="2665" bytes="109064" bytesdiscarded="16" />
  <references type="weak" candidates="28" cleared="0" enqueued="0" />
</gc-op>
<gc-end id="513" type="scavenge" contextid="509" durationms="2.690" usertimems="4.000" systemtimems="0.000" timestamp="2019-06-16T23:50:45.967" activeThreads="4">
  <mem-info id="514" free="3430248" total="11010048" percent="31">
    <mem type="nursery" free="2799864" total="4718592" percent="59">
      <mem type="allocate" free="2799864" total="3604480" percent="77" />
      <mem type="survivor" free="0" total="1114112" percent="0" />
    </mem>
    <mem type="tenure" free="630384" total="6291456" percent="10" macro-fragmented="0">
      <mem type="soa" free="316016" total="5977088" percent="5" />
      <mem type="loa" free="314368" total="314368" percent="100" />
    </mem>
    <remembered-set count="994" />
  </mem-info>
</gc-end>
<cycle-end id="515" type="scavenge" contextid="509" timestamp="2019-06-16T23:50:45.967" />
  <attribute name="elasticGC enabled" value="1" />
  <attribute name= "numThreadsSpecified" value="4" />
  <attribute name="heapSize specified" value="0" />
  <attribute name="Current GC Util" value="7" />
  <attribute name= "Current Time Running" value="47371" />
  <attribute name ="GC Interval" value="200" />
  <attribute name="ProportionalT" value="-19.500000" />
  <attribute name="ProportionalI" value="-19.500000" />
  <attribute name="ProportionalH" value="-19.500000" />
  <attribute name="Current Error" value="-13.000000" />
  <attribute name="IntegralT" value="-559.000000" />
  <attribute name="IntegralI" value="-559.000000" />
  <attribute name="IntegralH" value="-559.000000" />
  <attribute name="DerivativeT" value="-0.453488" />
  <attribute name="DerivativeI" value="-0.453488" />
  <attribute name="DerivativeH" value="-0.453488" />
  <attribute name="Loop Time for DT" value="43.000000" />
  <attribute name="Output H" value="2092630016"/>
  <attribute name="Output I" value="200"/>
  <attribute name="Output T" value="4"/>
  <attribute name="Target GC Util Change" value ="20.000000" />
  <attribute name="Current GC Util Change" value="7.000000"/>
  <attribute name="GC Util currently" value="7" />
  <attribute name="CPU Util currently" value="106915408335" />
<allocation-satisfied id="516" threadId="00000000017F5700" bytesRequested="40" />
<af-end id="517" timestamp="2019-06-16T23:50:45.968" threadId="00000000017F6088" success="true" from="nursery"/>
<exclusive-end id="518" timestamp="2019-06-16T23:50:45.968" durationms="3.601" />

<exclusive-start id="519" timestamp="2019-06-16T23:50:46.068" intervalms="103.310">
  <response-info timems="0.028" idlems="0.028" threads="0" lastid="00000000017F5700" lastname="main" />
</exclusive-start>
<af-start id="520" threadId="00000000017F6088" totalBytesRequested="32" timestamp="2019-06-16T23:50:46.068" intervalms="103.335" type="nursery" />
<percolate-collect id="521" from="nursery" to="global" reason="concurrent mark exhausted" timestamp="2019-06-16T23:50:46.068"/>
<gc-start id="522" type="global" contextid="505" timestamp="2019-06-16T23:50:46.068">
  <mem-info id="523" free="572848" total="11010048" percent="5">
    <mem type="nursery" free="0" total="4718592" percent="0">
      <mem type="allocate" free="0" total="3604480" percent="0" />
      <mem type="survivor" free="0" total="1114112" percent="0" />
    </mem>
    <mem type="tenure" free="572848" total="6291456" percent="9">
      <mem type="soa" free="258480" total="5977088" percent="4" />
      <mem type="loa" free="314368" total="314368" percent="100" />
    </mem>
    <remembered-set count="1604" />
  </mem-info>
</gc-start>
<allocation-stats totalBytes="2856488" >
  <allocated-bytes non-tlh="513432" tlh="2343056" />
  <largest-consumer threadName="main" threadId="00000000017F5700" bytes="2856488" />
</allocation-stats>
<concurrent-halted id="524" timestamp="2019-06-16T23:50:46.068">
  <halted state="Complete" status="exhausted" />
  <traced bytesTarget="1867303" bytesTotal="1801092" bytesByMutator="14640" bytesByHelper="1786452" percent="96" />
  <cards cleaned="186" thresholdBytes="101916" />
</concurrent-halted>
<gc-op id="525" type="rs-scan" timems="1.221" contextid="505" timestamp="2019-06-16T23:50:46.070">
  <scan objectsFound="316" bytesTraced="172208" workStackOverflowCount="0" />
</gc-op>
<gc-op id="526" type="card-cleaning" timems="0.540" contextid="505" timestamp="2019-06-16T23:50:46.070">
  <card-cleaning cardsCleaned="0" bytesTraced="6436" workStackOverflowCount="0" />
</gc-op>
<gc-op id="527" type="mark" timems="5.054" contextid="505" timestamp="2019-06-16T23:50:46.075">
  <trace-info objectcount="6178" scancount="5644" scanbytes="260788" />
  <finalization candidates="80" enqueued="0" />
  <ownableSynchronizers candidates="21" cleared="0" />
  <references type="soft" candidates="1318" cleared="0" enqueued="0" dynamicThreshold="32" maxThreshold="32" />
  <references type="weak" candidates="4610" cleared="441" enqueued="279" />
  <references type="phantom" candidates="70" cleared="0" enqueued="0" />
  <stringconstants candidates="8285" cleared="0"  />
</gc-op>
<gc-op id="528" type="classunload" timems="0.091" contextid="505" timestamp="2019-06-16T23:50:46.076">
  <classunload-info classloadercandidates="14" classloadersunloaded="0" classesunloaded="0" anonymousclassesunloaded="0" quiescems="0.000" setupms="0.090" scanms="0.000" postms="0.001" />
</gc-op>
<gc-op id="529" type="sweep" timems="1.726" contextid="505" timestamp="2019-06-16T23:50:46.078" />
<mem-info id="530" free="4977744" total="11010048" percent="45">
  <mem type="nursery" free="2657992" total="4718592" percent="56">
    <mem type="allocate" free="2657992" total="3604480" percent="73" />
    <mem type="survivor" free="0" total="1114112" percent="0" />
  </mem>
  <mem type="tenure" free="2319752" total="6291456" percent="36" micro-fragmented="127170" macro-fragmented="0">
    <mem type="soa" free="2005384" total="5977088" percent="33" />
    <mem type="loa" free="314368" total="314368" percent="100" />
  </mem>
  <pending-finalizers system="0" default="0" reference="279" classloader="0" />
  <remembered-set count="761" />
</mem-info>
<gc-op id="531" type="compact" timems="20.149" contextid="505" timestamp="2019-06-16T23:50:46.098">
  <compact-info movecount="69336" movebytes="4454864" reason="compact to aid heap contraction" />
</gc-op>
<heap-resize id="532" type="contract" space="tenure" amount="262144" count="1" timems="0.290" reason="heap reconfiguration" timestamp="2019-06-16T23:50:46.099" />
<gc-end id="533" type="global" contextid="505" durationms="30.945" usertimems="36.000" systemtimems="0.000" timestamp="2019-06-16T23:50:46.099" activeThreads="4">
  <mem-info id="534" free="4942896" total="10747904" percent="45">
    <mem type="nursery" free="2859320" total="4718592" percent="60">
      <mem type="allocate" free="2859320" total="3604480" percent="79" />
      <mem type="survivor" free="0" total="1114112" percent="0" />
    </mem>
    <mem type="tenure" free="2083576" total="6029312" percent="34">
      <mem type="soa" free="1834744" total="5728256" percent="32" />
      <mem type="loa" free="248832" total="301056" percent="82" />
    </mem>
    <pending-finalizers system="0" default="0" reference="279" classloader="0" />
    <remembered-set count="761" />
  </mem-info>
</gc-end>
<cycle-end id="535" type="global" contextid="505" timestamp="2019-06-16T23:50:46.099" />
  <attribute name="elasticGC enabled" value="1" />
  <attribute name= "numThreadsSpecified" value="4" />
  <attribute name="heapSize specified" value="11010048" />
  <attribute name="Current GC Util" value="45" />
  <attribute name= "Current Time Running" value="47505" />
  <attribute name ="GC Interval" value="200" />
  <attribute name="ProportionalT" value="37.500000" />
  <attribute name="ProportionalI" value="37.500000" />
  <attribute name="ProportionalH" value="37.500000" />
  <attribute name="Current Error" value="25.000000" />
  <attribute name="IntegralT" value="525.000000" />
  <attribute name="IntegralI" value="525.000000" />
  <attribute name="IntegralH" value="525.000000" />
  <attribute name="DerivativeT" value="-2.357143" />
  <attribute name="DerivativeI" value="-2.357143" />
  <attribute name="DerivativeH" value="-2.357143" />
  <attribute name="Loop Time for DT" value="21.000000" />
  <attribute name="Output H" value="8388608"/>
  <attribute name="Output I" value="560"/>
  <attribute name="Output T" value="4"/>
  <attribute name="Target GC Util Change" value ="20.000000" />
  <attribute name="Current GC Util Change" value="45.000000"/>
  <attribute name="GC Util currently" value="45" />
  <attribute name="CPU Util currently" value="226611873872" />
<allocation-satisfied id="536" threadId="00000000017F5700" bytesRequested="32" />
<af-end id="537" timestamp="2019-06-16T23:50:46.099" threadId="00000000017F6088" success="true" from="nursery"/>
<exclusive-end id="538" timestamp="2019-06-16T23:50:46.099" durationms="31.781" />

<exclusive-start id="539" timestamp="2019-06-16T23:50:46.111" intervalms="43.371">
  <response-info timems="0.056" idlems="0.056" threads="0" lastid="00000000017F5700" lastname="main" />
</exclusive-start>
<af-start id="540" threadId="00000000017F6088" totalBytesRequested="88" timestamp="2019-06-16T23:50:46.111" intervalms="43.365" type="nursery" />
<cycle-start id="541" type="scavenge" contextid="0" timestamp="2019-06-16T23:50:46.111" intervalms="146.732" />
<gc-start id="542" type="scavenge" contextid="541" timestamp="2019-06-16T23:50:46.111">
  <mem-info id="543" free="2082880" total="10747904" percent="19">
    <mem type="nursery" free="0" total="4718592" percent="0">
      <mem type="allocate" free="0" total="3604480" percent="0" />
      <mem type="survivor" free="0" total="1114112" percent="0" />
    </mem>
    <mem type="tenure" free="2082880" total="6029312" percent="34">
      <mem type="soa" free="1834048" total="5728256" percent="32" />
      <mem type="loa" free="248832" total="301056" percent="82" />
    </mem>
    <remembered-set count="1046" />
  </mem-info>
</gc-start>
<allocation-stats totalBytes="2858520" >
  <allocated-bytes non-tlh="728" tlh="2857792" />
  <largest-consumer threadName="main" threadId="00000000017F5700" bytes="2846688" />
</allocation-stats>
<gc-op id="544" type="scavenge" timems="0.756" contextid="541" timestamp="2019-06-16T23:50:46.112">
  <scavenger-info tenureage="7" tenuremask="7880" tiltratio="76" />
  <memory-copied type="nursery" objects="14495" bytes="939768" bytesdiscarded="130136" />
  <memory-copied type="tenure" objects="81" bytes="3168" bytesdiscarded="0" />
  <ownableSynchronizers candidates="42" cleared="42" />
  <references type="soft" candidates="224" cleared="0" enqueued="0" dynamicThreshold="11" maxThreshold="32" />
  <references type="weak" candidates="422" cleared="0" enqueued="0" />
  <references type="phantom" candidates="1" cleared="0" enqueued="0" />
</gc-op>
<gc-end id="545" type="scavenge" contextid="541" durationms="1.100" usertimems="0.000" systemtimems="0.000" timestamp="2019-06-16T23:50:46.112" activeThreads="4">
  <mem-info id="546" free="4447064" total="10747904" percent="41">
    <mem type="nursery" free="2403352" total="4718592" percent="50">
      <mem type="allocate" free="2403352" total="3473408" percent="69" />
      <mem type="survivor" free="0" total="1245184" percent="0" />
    </mem>
    <mem type="tenure" free="2043712" total="6029312" percent="33" macro-fragmented="32800">
      <mem type="soa" free="1794880" total="5728256" percent="31" />
      <mem type="loa" free="248832" total="301056" percent="82" />
    </mem>
    <remembered-set count="991" />
  </mem-info>
</gc-end>
<cycle-end id="547" type="scavenge" contextid="541" timestamp="2019-06-16T23:50:46.113" />
  <attribute name="elasticGC enabled" value="1" />
  <attribute name= "numThreadsSpecified" value="4" />
  <attribute name="heapSize specified" value="11010048" />
  <attribute name="Current GC Util" value="249" />
  <attribute name= "Current Time Running" value="47518" />
  <attribute name ="GC Interval" value="3344" />
  <attribute name="ProportionalT" value="343.500000" />
  <attribute name="ProportionalI" value="343.500000" />
  <attribute name="ProportionalH" value="343.500000" />
  <attribute name="Current Error" value="229.000000" />
  <attribute name="IntegralT" value="2977.000000" />
  <attribute name="IntegralI" value="2977.000000" />
  <attribute name="IntegralH" value="2977.000000" />
  <attribute name="DerivativeT" value="23.538462" />
  <attribute name="DerivativeI" value="23.538462" />
  <attribute name="DerivativeH" value="23.538462" />
  <attribute name="Loop Time for DT" value="13.000000" />
  <attribute name="Output H" value="8388608"/>
  <attribute name="Output I" value="3344"/>
  <attribute name="Output T" value="4"/>
  <attribute name="Target GC Util Change" value ="20.000000" />
  <attribute name="Current GC Util Change" value="249.000000"/>
  <attribute name="GC Util currently" value="249" />
  <attribute name="CPU Util currently" value="349202852555" />
<allocation-satisfied id="548" threadId="00000000017F5700" bytesRequested="88" />
<af-end id="549" timestamp="2019-06-16T23:50:46.113" threadId="00000000017F6088" success="true" from="nursery"/>
<exclusive-end id="550" timestamp="2019-06-16T23:50:46.113" durationms="1.860" />

<exclusive-start id="551" timestamp="2019-06-16T23:50:46.129" intervalms="18.136">
  <response-info timems="0.026" idlems="0.026" threads="0" lastid="00000000017F5700" lastname="main" />
</exclusive-start>
<af-start id="552" threadId="00000000017F6088" totalBytesRequested="16" timestamp="2019-06-16T23:50:46.129" intervalms="18.174" type="nursery" />
<cycle-start id="553" type="scavenge" contextid="0" timestamp="2019-06-16T23:50:46.129" intervalms="18.183" />
<gc-start id="554" type="scavenge" contextid="553" timestamp="2019-06-16T23:50:46.130">
  <mem-info id="555" free="2041856" total="10747904" percent="18">
    <mem type="nursery" free="0" total="4718592" percent="0">
      <mem type="allocate" free="0" total="3473408" percent="0" />
      <mem type="survivor" free="0" total="1245184" percent="0" />
    </mem>
    <mem type="tenure" free="2041856" total="6029312" percent="33">
      <mem type="soa" free="1793024" total="5728256" percent="31" />
      <mem type="loa" free="248832" total="301056" percent="82" />
    </mem>
    <remembered-set count="1014" />
  </mem-info>
</gc-start>
<allocation-stats totalBytes="2404776" >
  <allocated-bytes non-tlh="1944" tlh="2402832" />
  <largest-consumer threadName="main" threadId="00000000017F5700" bytes="2404776" />
</allocation-stats>
<gc-op id="556" type="scavenge" timems="1.482" contextid="553" timestamp="2019-06-16T23:50:46.131">
  <scavenger-info tenureage="11" tenuremask="7800" tiltratio="73" />
  <memory-copied type="nursery" objects="16111" bytes="719792" bytesdiscarded="47536" />
  <references type="soft" candidates="224" cleared="0" enqueued="0" dynamicThreshold="11" maxThreshold="32" />
  <references type="weak" candidates="440" cleared="0" enqueued="0" />
</gc-op>
<gc-end id="557" type="scavenge" contextid="553" durationms="2.040" usertimems="4.000" systemtimems="0.000" timestamp="2019-06-16T23:50:46.132" activeThreads="4">
  <mem-info id="558" free="4747808" total="10747904" percent="44">
    <mem type="nursery" free="2705952" total="4718592" percent="57">
      <mem type="allocate" free="2705952" total="3473408" percent="77" />
      <mem type="survivor" free="0" total="1245184" percent="0" />
    </mem>
    <mem type="tenure" free="2041856" total="6029312" percent="33" macro-fragmented="418667">
      <mem type="soa" free="1793024" total="5728256" percent="31" />
      <mem type="loa" free="248832" total="301056" percent="82" />
    </mem>
    <remembered-set count="1002" />
  </mem-info>
</gc-end>
<cycle-end id="559" type="scavenge" contextid="553" timestamp="2019-06-16T23:50:46.132" />
  <attribute name="elasticGC enabled" value="1" />
  <attribute name= "numThreadsSpecified" value="4" />
  <attribute name="heapSize specified" value="11010048" />
  <attribute name="Current GC Util" value="11" />
  <attribute name= "Current Time Running" value="47536" />
  <attribute name ="GC Interval" value="200" />
  <attribute name="ProportionalT" value="-13.500000" />
  <attribute name="ProportionalI" value="-13.500000" />
  <attribute name="ProportionalH" value="-13.500000" />
  <attribute name="Current Error" value="-9.000000" />
  <attribute name="IntegralT" value="-162.000000" />
  <attribute name="IntegralI" value="-162.000000" />
  <attribute name="IntegralH" value="-162.000000" />
  <attribute name="DerivativeT" value="-19.833333" />
  <attribute name="DerivativeI" value="-19.833333" />
  <attribute name="DerivativeH" value="-19.833333" />
  <attribute name="Loop Time for DT" value="18.000000" />
  <attribute name="Output H" value="2092630016"/>
  <attribute name="Output I" value="200"/>
  <attribute name="Output T" value="4"/>
  <attribute name="Target GC Util Change" value ="20.000000" />
  <attribute name="Current GC Util Change" value="11.000000"/>
  <attribute name="GC Util currently" value="11" />
  <attribute name="CPU Util currently" value="252645923803" />
<allocation-satisfied id="560" threadId="00000000017F5700" bytesRequested="16" />
<af-end id="561" timestamp="2019-06-16T23:50:46.132" threadId="00000000017F6088" success="true" from="nursery"/>
<exclusive-end id="562" timestamp="2019-06-16T23:50:46.132" durationms="2.876" />

<exclusive-start id="563" timestamp="2019-06-16T23:50:46.183" intervalms="54.208">
  <response-info timems="0.028" idlems="0.028" threads="0" lastid="00000000017F5700" lastname="main" />
</exclusive-start>
<af-start id="564" threadId="00000000017F6088" totalBytesRequested="32" timestamp="2019-06-16T23:50:46.183" intervalms="54.129" type="nursery" />
<cycle-start id="565" type="scavenge" contextid="0" timestamp="2019-06-16T23:50:46.184" intervalms="54.088" />
<gc-start id="566" type="scavenge" contextid="565" timestamp="2019-06-16T23:50:46.184">
  <mem-info id="567" free="2031360" total="10747904" percent="18">
    <mem type="nursery" free="0" total="4718592" percent="0">
      <mem type="allocate" free="0" total="3473408" percent="0" />
      <mem type="survivor" free="0" total="1245184" percent="0" />
    </mem>
    <mem type="tenure" free="2031360" total="6029312" percent="33">
      <mem type="soa" free="1782528" total="5728256" percent="31" />
      <mem type="loa" free="248832" total="301056" percent="82" />
    </mem>
    <remembered-set count="1103" />
  </mem-info>
</gc-start>
<allocation-stats totalBytes="2715656" >
  <allocated-bytes non-tlh="210520" tlh="2505136" />
  <largest-consumer threadName="main" threadId="00000000017F5700" bytes="2715656" />
</allocation-stats>
<gc-op id="568" type="scavenge" timems="0.802" contextid="565" timestamp="2019-06-16T23:50:46.185">
  <scavenger-info tenureage="11" tenuremask="7800" tiltratio="73" />
  <memory-copied type="nursery" objects="6598" bytes="528488" bytesdiscarded="99080" />
  <references type="soft" candidates="225" cleared="0" enqueued="0" dynamicThreshold="11" maxThreshold="32" />
  <references type="weak" candidates="440" cleared="0" enqueued="0" />
  <references type="phantom" candidates="1" cleared="0" enqueued="0" />
</gc-op>
<gc-end id="569" type="scavenge" contextid="565" durationms="1.360" usertimems="0.000" systemtimems="0.000" timestamp="2019-06-16T23:50:46.185" activeThreads="4">
  <mem-info id="570" free="5008096" total="10747904" percent="46">
    <mem type="nursery" free="2976736" total="4718592" percent="63">
      <mem type="allocate" free="2976736" total="3604480" percent="82" />
      <mem type="survivor" free="0" total="1114112" percent="0" />
    </mem>
    <mem type="tenure" free="2031360" total="6029312" percent="33" macro-fragmented="168253">
      <mem type="soa" free="1782528" total="5728256" percent="31" />
      <mem type="loa" free="248832" total="301056" percent="82" />
    </mem>
    <remembered-set count="326" />
  </mem-info>
</gc-end>
<cycle-end id="571" type="scavenge" contextid="565" timestamp="2019-06-16T23:50:46.185" />
  <attribute name="elasticGC enabled" value="1" />
  <attribute name= "numThreadsSpecified" value="4" />
  <attribute name="heapSize specified" value="11010048" />
  <attribute name="Current GC Util" value="4" />
  <attribute name= "Current Time Running" value="47590" />
  <attribute name ="GC Interval" value="200" />
  <attribute name="ProportionalT" value="-24.000000" />
  <attribute name="ProportionalI" value="-24.000000" />
  <attribute name="ProportionalH" value="-24.000000" />
  <attribute name="Current Error" value="-16.000000" />
  <attribute name="IntegralT" value="-864.000000" />
  <attribute name="IntegralI" value="-864.000000" />
  <attribute name="IntegralH" value="-864.000000" />
  <attribute name="DerivativeT" value="-0.444444" />
  <attribute name="DerivativeI" value="-0.444444" />
  <attribute name="DerivativeH" value="-0.444444" />
  <attribute name="Loop Time for DT" value="54.000000" />
  <attribute name="Output H" value="2092630016"/>
  <attribute name="Output I" value="200"/>
  <attribute name="Output T" value="4"/>
  <attribute name="Target GC Util Change" value ="20.000000" />
  <attribute name="Current GC Util Change" value="4.000000"/>
  <attribute name="GC Util currently" value="4" />
  <attribute name="CPU Util currently" value="85303799938" />
<allocation-satisfied id="572" threadId="00000000017F5700" bytesRequested="32" />
<af-end id="573" timestamp="2019-06-16T23:50:46.185" threadId="00000000017F6088" success="true" from="nursery"/>
<exclusive-end id="574" timestamp="2019-06-16T23:50:46.185" durationms="2.057" />

<exclusive-start id="575" timestamp="2019-06-16T23:50:46.339" intervalms="155.265">
  <response-info timems="0.021" idlems="0.021" threads="0" lastid="00000000017F5700" lastname="main" />
</exclusive-start>
<sys-start reason="explicit" id="576" timestamp="2019-06-16T23:50:46.339" intervalms="47864.095" />
<cycle-start id="577" type="global" contextid="0" timestamp="2019-06-16T23:50:46.339" intervalms="380.623" />
<gc-start id="578" type="global" contextid="577" timestamp="2019-06-16T23:50:46.339">
  <mem-info id="579" free="2327424" total="10747904" percent="21">
    <mem type="nursery" free="319096" total="4718592" percent="6">
      <mem type="allocate" free="319096" total="3604480" percent="8" />
      <mem type="survivor" free="0" total="1114112" percent="0" />
    </mem>
    <mem type="tenure" free="2008328" total="6029312" percent="33">
      <mem type="soa" free="1759496" total="5728256" percent="30" />
      <mem type="loa" free="248832" total="301056" percent="82" />
    </mem>
    <remembered-set count="792" />
  </mem-info>
</gc-start>
<allocation-stats totalBytes="2679744" >
  <allocated-bytes non-tlh="223072" tlh="2456672" />
  <largest-consumer threadName="main" threadId="00000000017F5700" bytes="2679744" />
</allocation-stats>
<gc-op id="580" type="mark" timems="5.068" contextid="577" timestamp="2019-06-16T23:50:46.344">
  <trace-info objectcount="74387" scancount="62153" scanbytes="2116572" />
  <finalization candidates="80" enqueued="0" />
  <ownableSynchronizers candidates="21" cleared="0" />
  <references type="soft" candidates="1639" cleared="0" enqueued="0" dynamicThreshold="11" maxThreshold="32" />
  <references type="weak" candidates="4411" cleared="48" enqueued="38" />
  <references type="phantom" candidates="71" cleared="2" enqueued="2" />
  <stringconstants candidates="8669" cleared="15"  />
</gc-op>
<gc-op id="581" type="classunload" timems="0.414" contextid="577" timestamp="2019-06-16T23:50:46.345">
  <classunload-info classloadercandidates="17" classloadersunloaded="1" classesunloaded="1" anonymousclassesunloaded="0" quiescems="0.000" setupms="0.405" scanms="0.007" postms="0.002" />
</gc-op>
<gc-op id="582" type="sweep" timems="0.693" contextid="577" timestamp="2019-06-16T23:50:46.346" />
<mem-info id="583" free="5245104" total="10747904" percent="48">
  <mem type="nursery" free="3142336" total="4718592" percent="66">
    <mem type="allocate" free="3142336" total="3604480" percent="87" />
    <mem type="survivor" free="0" total="1114112" percent="0" />
  </mem>
  <mem type="tenure" free="2102768" total="6029312" percent="34" micro-fragmented="2311" macro-fragmented="168253">
    <mem type="soa" free="1801712" total="5728256" percent="31" />
    <mem type="loa" free="301056" total="301056" percent="100" />
  </mem>
  <pending-finalizers system="0" default="0" reference="40" classloader="0" />
  <remembered-set count="760" />
</mem-info>
<gc-op id="584" type="compact" timems="15.453" contextid="577" timestamp="2019-06-16T23:50:46.362">
  <compact-info movecount="68504" movebytes="4017592" reason="compact to aid heap contraction" />
</gc-op>
<heap-resize id="585" type="contract" space="tenure" amount="262144" count="1" timems="0.065" reason="heap reconfiguration" timestamp="2019-06-16T23:50:46.362" />
<gc-end id="586" type="global" contextid="577" durationms="23.239" usertimems="36.000" systemtimems="0.000" timestamp="2019-06-16T23:50:46.362" activeThreads="4">
  <mem-info id="587" free="5065888" total="10485760" percent="48">
    <mem type="nursery" free="3251144" total="4718592" percent="68">
      <mem type="allocate" free="3251144" total="3604480" percent="90" />
      <mem type="survivor" free="0" total="1114112" percent="0" />
    </mem>
    <mem type="tenure" free="1814744" total="5767168" percent="31">
      <mem type="soa" free="1565912" total="5479424" percent="28" />
      <mem type="loa" free="248832" total="287744" percent="86" />
    </mem>
    <pending-finalizers system="0" default="0" reference="40" classloader="0" />
    <remembered-set count="760" />
  </mem-info>
</gc-end>
<cycle-end id="588" type="global" contextid="577" timestamp="2019-06-16T23:50:46.362" />
  <attribute name="elasticGC enabled" value="1" />
  <attribute name= "numThreadsSpecified" value="4" />
  <attribute name="heapSize specified" value="10747904" />
  <attribute name="Current GC Util" value="55" />
  <attribute name= "Current Time Running" value="47768" />
  <attribute name ="GC Interval" value="200" />
  <attribute name="ProportionalT" value="52.500000" />
  <attribute name="ProportionalI" value="52.500000" />
  <attribute name="ProportionalH" value="52.500000" />
  <attribute name="Current Error" value="35.000000" />
  <attribute name="IntegralT" value="560.000000" />
  <attribute name="IntegralI" value="560.000000" />
  <attribute name="IntegralH" value="560.000000" />
  <attribute name="DerivativeT" value="-3.468750" />
  <attribute name="DerivativeI" value="-3.468750" />
  <attribute name="DerivativeH" value="-3.468750" />
  <attribute name="Loop Time for DT" value="16.000000" />
  <attribute name="Output H" value="8388608"/>
  <attribute name="Output I" value="616"/>
  <attribute name="Output T" value="4"/>
  <attribute name="Target GC Util Change" value ="20.000000" />
  <attribute name="Current GC Util Change" value="55.000000"/>
  <attribute name="GC Util currently" value="55" />
  <attribute name="CPU Util currently" value="295479257601" />
<sys-end id="589" timestamp="2019-06-16T23:50:46.363" />
<exclusive-end id="590" timestamp="2019-06-16T23:50:46.363" durationms="24.047" />

<exclusive-start id="591" timestamp="2019-06-16T23:50:46.846" intervalms="507.346">
  <response-info timems="0.027" idlems="0.027" threads="0" lastid="00000000017F5700" lastname="main" />
</exclusive-start>
<af-start id="592" threadId="00000000017F6088" totalBytesRequested="24" timestamp="2019-06-16T23:50:46.846" intervalms="662.702" type="nursery" />
<cycle-start id="593" type="scavenge" contextid="0" timestamp="2019-06-16T23:50:46.846" intervalms="662.723" />
<gc-start id="594" type="scavenge" contextid="593" timestamp="2019-06-16T23:50:46.847">
  <mem-info id="595" free="1812952" total="10485760" percent="17">
    <mem type="nursery" free="0" total="4718592" percent="0">
      <mem type="allocate" free="0" total="3604480" percent="0" />
      <mem type="survivor" free="0" total="1114112" percent="0" />
    </mem>
    <mem type="tenure" free="1812952" total="5767168" percent="31">
      <mem type="soa" free="1564120" total="5479424" percent="28" />
      <mem type="loa" free="248832" total="287744" percent="86" />
    </mem>
    <remembered-set count="825" />
  </mem-info>
</gc-start>
<allocation-stats totalBytes="3252416" >
  <allocated-bytes non-tlh="463952" tlh="2788464" />
  <largest-consumer threadName="main" threadId="00000000017F5700" bytes="3244168" />
</allocation-stats>
<gc-op id="596" type="scavenge" timems="1.751" contextid="593" timestamp="2019-06-16T23:50:46.849">
  <scavenger-info tenureage="11" tenuremask="7800" tiltratio="76" />
  <memory-copied type="nursery" objects="10230" bytes="684600" bytesdiscarded="41680" />
  <ownableSynchronizers candidates="42" cleared="42" />
  <references type="soft" candidates="579" cleared="0" enqueued="0" dynamicThreshold="10" maxThreshold="32" />
  <references type="weak" candidates="695" cleared="11" enqueued="11" />
  <references type="phantom" candidates="5" cleared="2" enqueued="2" />
</gc-op>
<gc-end id="597" type="scavenge" contextid="593" durationms="2.437" usertimems="0.000" systemtimems="0.000" timestamp="2019-06-16T23:50:46.849" activeThreads="4">
  <mem-info id="598" free="4690768" total="10485760" percent="44">
    <mem type="nursery" free="2877816" total="4718592" percent="60">
      <mem type="allocate" free="2877816" total="3604480" percent="79" />
      <mem type="survivor" free="0" total="1114112" percent="0" />
    </mem>
    <mem type="tenure" free="1812952" total="5767168" percent="31" macro-fragmented="168253">
      <mem type="soa" free="1564120" total="5479424" percent="28" />
      <mem type="loa" free="248832" total="287744" percent="86" />
    </mem>
    <pending-finalizers system="0" default="0" reference="13" classloader="0" />
    <remembered-set count="787" />
  </mem-info>
</gc-end>
<cycle-end id="599" type="scavenge" contextid="593" timestamp="2019-06-16T23:50:46.849" />
  <attribute name="elasticGC enabled" value="1" />
  <attribute name= "numThreadsSpecified" value="4" />
  <attribute name="heapSize specified" value="10747904" />
  <attribute name="Current GC Util" value="3" />
  <attribute name= "Current Time Running" value="48253" />
  <attribute name ="GC Interval" value="200" />
  <attribute name="ProportionalT" value="-25.500000" />
  <attribute name="ProportionalI" value="-25.500000" />
  <attribute name="ProportionalH" value="-25.500000" />
  <attribute name="Current Error" value="-17.000000" />
  <attribute name="IntegralT" value="-8245.000000" />
  <attribute name="IntegralI" value="-8245.000000" />
  <attribute name="IntegralH" value="-8245.000000" />
  <attribute name="DerivativeT" value="-0.160825" />
  <attribute name="DerivativeI" value="-0.160825" />
  <attribute name="DerivativeH" value="-0.160825" />
  <attribute name="Loop Time for DT" value="485.000000" />
  <attribute name="Output H" value="2092630016"/>
  <attribute name="Output I" value="200"/>
  <attribute name="Output T" value="4"/>
  <attribute name="Target GC Util Change" value ="20.000000" />
  <attribute name="Current GC Util Change" value="3.000000"/>
  <attribute name="GC Util currently" value="3" />
  <attribute name="CPU Util currently" value="9508623632" />
<allocation-satisfied id="600" threadId="00000000017F5700" bytesRequested="24" />
<af-end id="601" timestamp="2019-06-16T23:50:46.849" threadId="00000000017F6088" success="true" from="nursery"/>
<exclusive-end id="602" timestamp="2019-06-16T23:50:46.849" durationms="3.452" />

<exclusive-start id="603" timestamp="2019-06-16T23:50:46.914" intervalms="67.873">
  <response-info timems="0.031" idlems="0.031" threads="0" lastid="00000000017F5700" lastname="main" />
</exclusive-start>
<af-start id="604" threadId="00000000017F6088" totalBytesRequested="24" timestamp="2019-06-16T23:50:46.914" intervalms="67.819" type="nursery" />
<cycle-start id="605" type="scavenge" contextid="0" timestamp="2019-06-16T23:50:46.914" intervalms="67.803" />
<gc-start id="606" type="scavenge" contextid="605" timestamp="2019-06-16T23:50:46.914">
  <mem-info id="607" free="1812952" total="10485760" percent="17">
    <mem type="nursery" free="0" total="4718592" percent="0">
      <mem type="allocate" free="0" total="3604480" percent="0" />
      <mem type="survivor" free="0" total="1114112" percent="0" />
    </mem>
    <mem type="tenure" free="1812952" total="5767168" percent="31">
      <mem type="soa" free="1564120" total="5479424" percent="28" />
      <mem type="loa" free="248832" total="287744" percent="86" />
    </mem>
    <remembered-set count="789" />
  </mem-info>
</gc-start>
<allocation-stats totalBytes="2877584" >
  <allocated-bytes non-tlh="24" tlh="2877560" />
  <largest-consumer threadName="main" threadId="00000000017F5700" bytes="2873488" />
</allocation-stats>
<gc-op id="608" type="scavenge" timems="1.378" contextid="605" timestamp="2019-06-16T23:50:46.916">
  <scavenger-info tenureage="11" tenuremask="7800" tiltratio="76" />
  <memory-copied type="nursery" objects="10200" bytes="683656" bytesdiscarded="80912" />
  <references type="soft" candidates="579" cleared="0" enqueued="0" dynamicThreshold="10" maxThreshold="32" />
  <references type="weak" candidates="683" cleared="0" enqueued="0" />
  <references type="phantom" candidates="3" cleared="0" enqueued="0" />
</gc-op>
<gc-end id="609" type="scavenge" contextid="605" durationms="1.864" usertimems="4.000" systemtimems="0.000" timestamp="2019-06-16T23:50:46.916" activeThreads="4">
  <mem-info id="610" free="4718016" total="10485760" percent="44">
    <mem type="nursery" free="2905064" total="4718592" percent="61">
      <mem type="allocate" free="2905064" total="3670016" percent="79" />
      <mem type="survivor" free="0" total="1048576" percent="0" />
    </mem>
    <mem type="tenure" free="1812952" total="5767168" percent="31" macro-fragmented="116842">
      <mem type="soa" free="1564120" total="5479424" percent="28" />
      <mem type="loa" free="248832" total="287744" percent="86" />
    </mem>
    <remembered-set count="679" />
  </mem-info>
</gc-end>
<cycle-end id="611" type="scavenge" contextid="605" timestamp="2019-06-16T23:50:46.916" />
  <attribute name="elasticGC enabled" value="1" />
  <attribute name= "numThreadsSpecified" value="4" />
  <attribute name="heapSize specified" value="10747904" />
  <attribute name="Current GC Util" value="4" />
  <attribute name= "Current Time Running" value="48321" />
  <attribute name ="GC Interval" value="200" />
  <attribute name="ProportionalT" value="-24.000000" />
  <attribute name="ProportionalI" value="-24.000000" />
  <attribute name="ProportionalH" value="-24.000000" />
  <attribute name="Current Error" value="-16.000000" />
  <attribute name="IntegralT" value="-1088.000000" />
  <attribute name="IntegralI" value="-1088.000000" />
  <attribute name="IntegralH" value="-1088.000000" />
  <attribute name="DerivativeT" value="-0.352941" />
  <attribute name="DerivativeI" value="-0.352941" />
  <attribute name="DerivativeH" value="-0.352941" />
  <attribute name="Loop Time for DT" value="68.000000" />
  <attribute name="Output H" value="2092630016"/>
  <attribute name="Output I" value="200"/>
  <attribute name="Output T" value="4"/>
  <attribute name="Target GC Util Change" value ="20.000000" />
  <attribute name="Current GC Util Change" value="4.000000"/>
  <attribute name="GC Util currently" value="4" />
  <attribute name="CPU Util currently" value="68288093357" />
<allocation-satisfied id="612" threadId="00000000017F5700" bytesRequested="24" />
<af-end id="613" timestamp="2019-06-16T23:50:46.916" threadId="00000000017F6088" success="true" from="nursery"/>
<exclusive-end id="614" timestamp="2019-06-16T23:50:46.916" durationms="2.585" />

<exclusive-start id="615" timestamp="2019-06-16T23:50:46.979" intervalms="65.569">
  <response-info timems="0.045" idlems="0.045" threads="0" lastid="00000000017F5700" lastname="main" />
</exclusive-start>
<af-start id="616" threadId="00000000017F6088" totalBytesRequested="24" timestamp="2019-06-16T23:50:46.980" intervalms="65.604" type="nursery" />
<cycle-start id="617" type="scavenge" contextid="0" timestamp="2019-06-16T23:50:46.980" intervalms="65.644" />
<gc-start id="618" type="scavenge" contextid="617" timestamp="2019-06-16T23:50:46.980">
  <mem-info id="619" free="1812952" total="10485760" percent="17">
    <mem type="nursery" free="0" total="4718592" percent="0">
      <mem type="allocate" free="0" total="3670016" percent="0" />
      <mem type="survivor" free="0" total="1048576" percent="0" />
    </mem>
    <mem type="tenure" free="1812952" total="5767168" percent="31">
      <mem type="soa" free="1564120" total="5479424" percent="28" />
      <mem type="loa" free="248832" total="287744" percent="86" />
    </mem>
    <remembered-set count="679" />
  </mem-info>
</gc-start>
<allocation-stats totalBytes="2904824" >
  <allocated-bytes non-tlh="24" tlh="2904800" />
  <largest-consumer threadName="main" threadId="00000000017F5700" bytes="2904824" />
</allocation-stats>
<gc-op id="620" type="scavenge" timems="1.271" contextid="617" timestamp="2019-06-16T23:50:46.981">
  <scavenger-info tenureage="5" tenuremask="7820" tiltratio="77" />
  <memory-copied type="nursery" objects="5598" bytes="517272" bytesdiscarded="145504" />
  <memory-copied type="tenure" objects="4601" bytes="166360" bytesdiscarded="272" />
  <references type="soft" candidates="355" cleared="0" enqueued="0" dynamicThreshold="10" maxThreshold="32" />
  <references type="weak" candidates="289" cleared="0" enqueued="0" />
  <references type="phantom" candidates="3" cleared="0" enqueued="0" />
</gc-op>
<gc-end id="621" type="scavenge" contextid="617" durationms="1.922" usertimems="4.000" systemtimems="0.000" timestamp="2019-06-16T23:50:46.982" activeThreads="4">
  <mem-info id="622" free="4658880" total="10485760" percent="44">
    <mem type="nursery" free="3072488" total="4718592" percent="65">
      <mem type="allocate" free="3072488" total="3735552" percent="82" />
      <mem type="survivor" free="0" total="983040" percent="0" />
    </mem>
    <mem type="tenure" free="1586392" total="5767168" percent="27" macro-fragmented="0">
      <mem type="soa" free="1337560" total="5479424" percent="24" />
      <mem type="loa" free="248832" total="287744" percent="86" />
    </mem>
    <remembered-set count="260" />
  </mem-info>
</gc-end>
<cycle-end id="623" type="scavenge" contextid="617" timestamp="2019-06-16T23:50:46.982" />
  <attribute name="elasticGC enabled" value="1" />
  <attribute name= "numThreadsSpecified" value="4" />
  <attribute name="heapSize specified" value="10747904" />
  <attribute name="Current GC Util" value="3" />
  <attribute name= "Current Time Running" value="48386" />
  <attribute name ="GC Interval" value="200" />
  <attribute name="ProportionalT" value="-25.500000" />
  <attribute name="ProportionalI" value="-25.500000" />
  <attribute name="ProportionalH" value="-25.500000" />
  <attribute name="Current Error" value="-17.000000" />
  <attribute name="IntegralT" value="-1105.000000" />
  <attribute name="IntegralI" value="-1105.000000" />
  <attribute name="IntegralH" value="-1105.000000" />
  <attribute name="DerivativeT" value="-0.392308" />
  <attribute name="DerivativeI" value="-0.392308" />
  <attribute name="DerivativeH" value="-0.392308" />
  <attribute name="Loop Time for DT" value="65.000000" />
  <attribute name="Output H" value="2092630016"/>
  <attribute name="Output I" value="200"/>
  <attribute name="Output T" value="4"/>
  <attribute name="Target GC Util Change" value ="20.000000" />
  <attribute name="Current GC Util Change" value="3.000000"/>
  <attribute name="GC Util currently" value="3" />
  <attribute name="CPU Util currently" value="70099878496" />
<allocation-satisfied id="624" threadId="00000000017F5700" bytesRequested="24" />
<af-end id="625" timestamp="2019-06-16T23:50:46.982" threadId="00000000017F6088" success="true" from="nursery"/>
<exclusive-end id="626" timestamp="2019-06-16T23:50:46.982" durationms="2.932" />

<exclusive-start id="627" timestamp="2019-06-16T23:50:47.013" intervalms="33.323">
  <response-info timems="0.088" idlems="0.088" threads="0" lastid="00000000017F5700" lastname="main" />
</exclusive-start>
<af-start id="628" threadId="00000000017F6088" totalBytesRequested="24" timestamp="2019-06-16T23:50:47.013" intervalms="33.300" type="nursery" />
<cycle-start id="629" type="scavenge" contextid="0" timestamp="2019-06-16T23:50:47.013" intervalms="33.286" />
<gc-start id="630" type="scavenge" contextid="629" timestamp="2019-06-16T23:50:47.013">
  <mem-info id="631" free="1586392" total="10485760" percent="15">
    <mem type="nursery" free="0" total="4718592" percent="0">
      <mem type="allocate" free="0" total="3735552" percent="0" />
      <mem type="survivor" free="0" total="983040" percent="0" />
    </mem>
    <mem type="tenure" free="1586392" total="5767168" percent="27">
      <mem type="soa" free="1337560" total="5479424" percent="24" />
      <mem type="loa" free="248832" total="287744" percent="86" />
    </mem>
    <remembered-set count="260" />
  </mem-info>
</gc-start>
<allocation-stats totalBytes="3072232" >
  <allocated-bytes non-tlh="24" tlh="3072208" />
  <largest-consumer threadName="main" threadId="00000000017F5700" bytes="3072232" />
</allocation-stats>
<gc-op id="632" type="scavenge" timems="0.886" contextid="629" timestamp="2019-06-16T23:50:47.014">
  <scavenger-info tenureage="3" tenuremask="7908" tiltratio="79" />
  <memory-copied type="nursery" objects="432" bytes="46224" bytesdiscarded="32080" />
  <memory-copied type="tenure" objects="5167" bytes="471072" bytesdiscarded="24" />
  <references type="soft" candidates="1" cleared="0" enqueued="0" dynamicThreshold="10" maxThreshold="32" />
  <references type="weak" candidates="18" cleared="0" enqueued="0" />
</gc-op>
<gc-end id="633" type="scavenge" contextid="629" durationms="1.387" usertimems="4.000" systemtimems="0.000" timestamp="2019-06-16T23:50:47.015" activeThreads="4">
  <mem-info id="634" free="4876496" total="10485760" percent="46">
    <mem type="nursery" free="3722752" total="4718592" percent="78">
      <mem type="allocate" free="3722752" total="3801088" percent="97" />
      <mem type="survivor" free="0" total="917504" percent="0" />
    </mem>
    <mem type="tenure" free="1153744" total="5767168" percent="20" macro-fragmented="418667">
      <mem type="soa" free="904912" total="5479424" percent="16" />
      <mem type="loa" free="248832" total="287744" percent="86" />
    </mem>
    <remembered-set count="143" />
  </mem-info>
</gc-end>
<cycle-end id="635" type="scavenge" contextid="629" timestamp="2019-06-16T23:50:47.015" />
  <attribute name="elasticGC enabled" value="1" />
  <attribute name= "numThreadsSpecified" value="4" />
  <attribute name="heapSize specified" value="10747904" />
  <attribute name="Current GC Util" value="8" />
  <attribute name= "Current Time Running" value="48420" />
  <attribute name ="GC Interval" value="200" />
  <attribute name="ProportionalT" value="-18.000000" />
  <attribute name="ProportionalI" value="-18.000000" />
  <attribute name="ProportionalH" value="-18.000000" />
  <attribute name="Current Error" value="-12.000000" />
  <attribute name="IntegralT" value="-408.000000" />
  <attribute name="IntegralI" value="-408.000000" />
  <attribute name="IntegralH" value="-408.000000" />
  <attribute name="DerivativeT" value="-0.529412" />
  <attribute name="DerivativeI" value="-0.529412" />
  <attribute name="DerivativeH" value="-0.529412" />
  <attribute name="Loop Time for DT" value="34.000000" />
  <attribute name="Output H" value="2092630016"/>
  <attribute name="Output I" value="200"/>
  <attribute name="Output T" value="4"/>
  <attribute name="Target GC Util Change" value ="20.000000" />
  <attribute name="Current GC Util Change" value="8.000000"/>
  <attribute name="GC Util currently" value="8" />
  <attribute name="CPU Util currently" value="138843821644" />
<allocation-satisfied id="636" threadId="00000000017F5700" bytesRequested="24" />
<af-end id="637" timestamp="2019-06-16T23:50:47.015" threadId="00000000017F6088" success="true" from="nursery"/>
<exclusive-end id="638" timestamp="2019-06-16T23:50:47.015" durationms="2.192" />

<exclusive-start id="639" timestamp="2019-06-16T23:50:47.029" intervalms="16.398">
  <response-info timems="0.061" idlems="0.061" threads="0" lastid="00000000017F5700" lastname="main" />
</exclusive-start>
<af-start id="640" threadId="00000000017F6088" totalBytesRequested="24" timestamp="2019-06-16T23:50:47.029" intervalms="16.406" type="nursery" />
<cycle-start id="641" type="scavenge" contextid="0" timestamp="2019-06-16T23:50:47.029" intervalms="16.404" />
<gc-start id="642" type="scavenge" contextid="641" timestamp="2019-06-16T23:50:47.030">
  <mem-info id="643" free="1153744" total="10485760" percent="11">
    <mem type="nursery" free="0" total="4718592" percent="0">
      <mem type="allocate" free="0" total="3801088" percent="0" />
      <mem type="survivor" free="0" total="917504" percent="0" />
    </mem>
    <mem type="tenure" free="1153744" total="5767168" percent="20">
      <mem type="soa" free="904912" total="5479424" percent="16" />
      <mem type="loa" free="248832" total="287744" percent="86" />
    </mem>
    <remembered-set count="143" />
  </mem-info>
</gc-start>
<allocation-stats totalBytes="3722448" >
  <allocated-bytes non-tlh="24" tlh="3722424" />
  <largest-consumer threadName="main" threadId="00000000017F5700" bytes="3722448" />
</allocation-stats>
<gc-op id="644" type="scavenge" timems="0.565" contextid="641" timestamp="2019-06-16T23:50:47.030">
  <scavenger-info tenureage="5" tenuremask="7020" tiltratio="80" />
  <memory-copied type="nursery" objects="68" bytes="34832" bytesdiscarded="43496" />
  <memory-copied type="tenure" objects="363" bytes="11368" bytesdiscarded="0" />
  <references type="weak" candidates="18" cleared="0" enqueued="0" />
</gc-op>
<gc-end id="645" type="scavenge" contextid="641" durationms="1.019" usertimems="4.000" systemtimems="0.000" timestamp="2019-06-16T23:50:47.031" activeThreads="4">
  <mem-info id="646" free="4964048" total="10485760" percent="47">
    <mem type="nursery" free="3919360" total="4718592" percent="83">
      <mem type="allocate" free="3919360" total="3997696" percent="98" />
      <mem type="survivor" free="0" total="720896" percent="0" />
    </mem>
    <mem type="tenure" free="1044688" total="5767168" percent="18" macro-fragmented="418667">
      <mem type="soa" free="795856" total="5479424" percent="14" />
      <mem type="loa" free="248832" total="287744" percent="86" />
    </mem>
    <remembered-set count="84" />
  </mem-info>
</gc-end>
<cycle-end id="647" type="scavenge" contextid="641" timestamp="2019-06-16T23:50:47.031" />
  <attribute name="elasticGC enabled" value="1" />
  <attribute name= "numThreadsSpecified" value="4" />
  <attribute name="heapSize specified" value="10747904" />
  <attribute name="Current GC Util" value="11" />
  <attribute name= "Current Time Running" value="48436" />
  <attribute name ="GC Interval" value="200" />
  <attribute name="ProportionalT" value="-13.500000" />
  <attribute name="ProportionalI" value="-13.500000" />
  <attribute name="ProportionalH" value="-13.500000" />
  <attribute name="Current Error" value="-9.000000" />
  <attribute name="IntegralT" value="-144.000000" />
  <attribute name="IntegralI" value="-144.000000" />
  <attribute name="IntegralH" value="-144.000000" />
  <attribute name="DerivativeT" value="-0.843750" />
  <attribute name="DerivativeI" value="-0.843750" />
  <attribute name="DerivativeH" value="-0.843750" />
  <attribute name="Loop Time for DT" value="16.000000" />
  <attribute name="Output H" value="2092630016"/>
  <attribute name="Output I" value="200"/>
  <attribute name="Output T" value="4"/>
  <attribute name="Target GC Util Change" value ="20.000000" />
  <attribute name="Current GC Util Change" value="11.000000"/>
  <attribute name="GC Util currently" value="11" />
  <attribute name="CPU Util currently" value="282115487257" />
<allocation-satisfied id="648" threadId="00000000017F5700" bytesRequested="24" />
<af-end id="649" timestamp="2019-06-16T23:50:47.031" threadId="00000000017F6088" success="true" from="nursery"/>
<exclusive-end id="650" timestamp="2019-06-16T23:50:47.031" durationms="1.931" />

<exclusive-start id="651" timestamp="2019-06-16T23:50:47.046" intervalms="17.118">
  <response-info timems="0.057" idlems="0.057" threads="0" lastid="00000000017F5700" lastname="main" />
</exclusive-start>
<af-start id="652" threadId="00000000017F6088" totalBytesRequested="32784" timestamp="2019-06-16T23:50:47.046" intervalms="17.136" type="nursery" />
<cycle-start id="653" type="scavenge" contextid="0" timestamp="2019-06-16T23:50:47.047" intervalms="17.139" />
<gc-start id="654" type="scavenge" contextid="653" timestamp="2019-06-16T23:50:47.047">
  <mem-info id="655" free="1044688" total="10485760" percent="9">
    <mem type="nursery" free="0" total="4718592" percent="0">
      <mem type="allocate" free="0" total="3997696" percent="0" />
      <mem type="survivor" free="0" total="720896" percent="0" />
    </mem>
    <mem type="tenure" free="1044688" total="5767168" percent="18">
      <mem type="soa" free="795856" total="5479424" percent="14" />
      <mem type="loa" free="248832" total="287744" percent="86" />
    </mem>
    <remembered-set count="84" />
  </mem-info>
</gc-start>
<allocation-stats totalBytes="3900504" >
  <allocated-bytes non-tlh="24" tlh="3900480" />
  <largest-consumer threadName="main" threadId="00000000017F5700" bytes="3900504" />
</allocation-stats>
<gc-op id="656" type="scavenge" timems="0.356" contextid="653" timestamp="2019-06-16T23:50:47.047">
  <scavenger-info tenureage="7" tenuremask="6080" tiltratio="84" />
  <memory-copied type="nursery" objects="14" bytes="33072" bytesdiscarded="45264" />
  <memory-copied type="tenure" objects="60" bytes="1872" bytesdiscarded="0" />
</gc-op>
<gc-end id="657" type="scavenge" contextid="653" durationms="0.975" usertimems="0.000" systemtimems="0.000" timestamp="2019-06-16T23:50:47.048" activeThreads="4">
  <mem-info id="658" free="5095120" total="10485760" percent="48">
    <mem type="nursery" free="4050432" total="4718592" percent="85">
      <mem type="allocate" free="4050432" total="4128768" percent="98" />
      <mem type="survivor" free="0" total="589824" percent="0" />
    </mem>
    <mem type="tenure" free="1044688" total="5767168" percent="18" macro-fragmented="418667">
      <mem type="soa" free="795856" total="5479424" percent="14" />
      <mem type="loa" free="248832" total="287744" percent="86" />
    </mem>
    <remembered-set count="72" />
  </mem-info>
</gc-end>
<cycle-end id="659" type="scavenge" contextid="653" timestamp="2019-06-16T23:50:47.048" />
  <attribute name="elasticGC enabled" value="1" />
  <attribute name= "numThreadsSpecified" value="4" />
  <attribute name="heapSize specified" value="10747904" />
  <attribute name="Current GC Util" value="7" />
  <attribute name= "Current Time Running" value="48453" />
  <attribute name ="GC Interval" value="200" />
  <attribute name="ProportionalT" value="-19.500000" />
  <attribute name="ProportionalI" value="-19.500000" />
  <attribute name="ProportionalH" value="-19.500000" />
  <attribute name="Current Error" value="-13.000000" />
  <attribute name="IntegralT" value="-221.000000" />
  <attribute name="IntegralI" value="-221.000000" />
  <attribute name="IntegralH" value="-221.000000" />
  <attribute name="DerivativeT" value="-1.147059" />
  <attribute name="DerivativeI" value="-1.147059" />
  <attribute name="DerivativeH" value="-1.147059" />
  <attribute name="Loop Time for DT" value="17.000000" />
  <attribute name="Output H" value="2092630016"/>
  <attribute name="Output I" value="200"/>
  <attribute name="Output T" value="4"/>
  <attribute name="Target GC Util Change" value ="20.000000" />
  <attribute name="Current GC Util Change" value="7.000000"/>
  <attribute name="GC Util currently" value="7" />
  <attribute name="CPU Util currently" value="267241542336" />
<allocation-satisfied id="660" threadId="00000000017F5700" bytesRequested="32784" />
<af-end id="661" timestamp="2019-06-16T23:50:47.048" threadId="00000000017F6088" success="true" from="nursery"/>
<exclusive-end id="662" timestamp="2019-06-16T23:50:47.048" durationms="1.804" />

<exclusive-start id="663" timestamp="2019-06-16T23:50:47.064" intervalms="17.516">
  <response-info timems="0.022" idlems="0.022" threads="0" lastid="00000000017F5700" lastname="main" />
</exclusive-start>
<af-start id="664" threadId="00000000017F6088" totalBytesRequested="24" timestamp="2019-06-16T23:50:47.064" intervalms="17.478" type="nursery" />
<cycle-start id="665" type="scavenge" contextid="0" timestamp="2019-06-16T23:50:47.064" intervalms="17.473" />
<gc-start id="666" type="scavenge" contextid="665" timestamp="2019-06-16T23:50:47.064">
  <mem-info id="667" free="1044688" total="10485760" percent="9">
    <mem type="nursery" free="0" total="4718592" percent="0">
      <mem type="allocate" free="0" total="4128768" percent="0" />
      <mem type="survivor" free="0" total="589824" percent="0" />
    </mem>
    <mem type="tenure" free="1044688" total="5767168" percent="18">
      <mem type="soa" free="795856" total="5479424" percent="14" />
      <mem type="loa" free="248832" total="287744" percent="86" />
    </mem>
    <remembered-set count="72" />
  </mem-info>
</gc-start>
<allocation-stats totalBytes="4050128" >
  <allocated-bytes non-tlh="32784" tlh="4017344" />
  <largest-consumer threadName="main" threadId="00000000017F5700" bytes="4050128" />
</allocation-stats>
<gc-op id="668" type="scavenge" timems="0.510" contextid="665" timestamp="2019-06-16T23:50:47.065">
  <scavenger-info tenureage="3" tenuremask="fef8" tiltratio="87" />
  <memory-copied type="nursery" objects="10" bytes="33008" bytesdiscarded="6160" />
</gc-op>
<gc-end id="669" type="scavenge" contextid="665" durationms="1.056" usertimems="0.000" systemtimems="0.000" timestamp="2019-06-16T23:50:47.065" activeThreads="4">
  <mem-info id="670" free="5199824" total="10485760" percent="49">
    <mem type="nursery" free="4155136" total="4718592" percent="88">
      <mem type="allocate" free="4155136" total="4194304" percent="99" />
      <mem type="survivor" free="0" total="524288" percent="0" />
    </mem>
    <mem type="tenure" free="1044688" total="5767168" percent="18" macro-fragmented="0">
      <mem type="soa" free="795856" total="5479424" percent="14" />
      <mem type="loa" free="248832" total="287744" percent="86" />
    </mem>
    <remembered-set count="72" />
  </mem-info>
</gc-end>
<cycle-end id="671" type="scavenge" contextid="665" timestamp="2019-06-16T23:50:47.065" />
  <attribute name="elasticGC enabled" value="1" />
  <attribute name= "numThreadsSpecified" value="4" />
  <attribute name="heapSize specified" value="10747904" />
  <attribute name="Current GC Util" value="5" />
  <attribute name= "Current Time Running" value="48471" />
  <attribute name ="GC Interval" value="200" />
  <attribute name="ProportionalT" value="-22.500000" />
  <attribute name="ProportionalI" value="-22.500000" />
  <attribute name="ProportionalH" value="-22.500000" />
  <attribute name="Current Error" value="-15.000000" />
  <attribute name="IntegralT" value="-270.000000" />
  <attribute name="IntegralI" value="-270.000000" />
  <attribute name="IntegralH" value="-270.000000" />
  <attribute name="DerivativeT" value="-1.250000" />
  <attribute name="DerivativeI" value="-1.250000" />
  <attribute name="DerivativeH" value="-1.250000" />
  <attribute name="Loop Time for DT" value="18.000000" />
  <attribute name="Output H" value="2092630016"/>
  <attribute name="Output I" value="200"/>
  <attribute name="Output T" value="4"/>
  <attribute name="Target GC Util Change" value ="20.000000" />
  <attribute name="Current GC Util Change" value="5.000000"/>
  <attribute name="GC Util currently" value="5" />
  <attribute name="CPU Util currently" value="265144660951" />
<allocation-satisfied id="672" threadId="00000000017F5700" bytesRequested="24" />
<af-end id="673" timestamp="2019-06-16T23:50:47.066" threadId="00000000017F6088" success="true" from="nursery"/>
<exclusive-end id="674" timestamp="2019-06-16T23:50:47.066" durationms="1.858" />

<exclusive-start id="675" timestamp="2019-06-16T23:50:47.082" intervalms="17.775">
  <response-info timems="0.055" idlems="0.055" threads="0" lastid="00000000017F5700" lastname="main" />
</exclusive-start>
<af-start id="676" threadId="00000000017F6088" totalBytesRequested="24" timestamp="2019-06-16T23:50:47.082" intervalms="17.797" type="nursery" />
<cycle-start id="677" type="scavenge" contextid="0" timestamp="2019-06-16T23:50:47.082" intervalms="17.803" />
<gc-start id="678" type="scavenge" contextid="677" timestamp="2019-06-16T23:50:47.082">
  <mem-info id="679" free="1044688" total="10485760" percent="9">
    <mem type="nursery" free="0" total="4718592" percent="0">
      <mem type="allocate" free="0" total="4194304" percent="0" />
      <mem type="survivor" free="0" total="524288" percent="0" />
    </mem>
    <mem type="tenure" free="1044688" total="5767168" percent="18">
      <mem type="soa" free="795856" total="5479424" percent="14" />
      <mem type="loa" free="248832" total="287744" percent="86" />
    </mem>
    <remembered-set count="72" />
  </mem-info>
</gc-start>
<allocation-stats totalBytes="4154848" >
  <allocated-bytes non-tlh="24" tlh="4154824" />
  <largest-consumer threadName="main" threadId="00000000017F5700" bytes="4154848" />
</allocation-stats>
<gc-op id="680" type="scavenge" timems="0.332" contextid="677" timestamp="2019-06-16T23:50:47.082">
  <scavenger-info tenureage="3" tenuremask="fff8" tiltratio="88" />
  <memory-copied type="nursery" objects="8" bytes="32960" bytesdiscarded="45376" />
</gc-op>
<gc-end id="681" type="scavenge" contextid="677" durationms="0.830" usertimems="4.000" systemtimems="0.000" timestamp="2019-06-16T23:50:47.083" activeThreads="4">
  <mem-info id="682" free="5160656" total="10485760" percent="49">
    <mem type="nursery" free="4115968" total="4718592" percent="87">
      <mem type="allocate" free="4115968" total="4194304" percent="98" />
      <mem type="survivor" free="0" total="524288" percent="0" />
    </mem>
    <mem type="tenure" free="1044688" total="5767168" percent="18" macro-fragmented="0">
      <mem type="soa" free="795856" total="5479424" percent="14" />
      <mem type="loa" free="248832" total="287744" percent="86" />
    </mem>
    <remembered-set count="72" />
  </mem-info>
</gc-end>
<cycle-end id="683" type="scavenge" contextid="677" timestamp="2019-06-16T23:50:47.083" />
  <attribute name="elasticGC enabled" value="1" />
  <attribute name= "numThreadsSpecified" value="4" />
  <attribute name="heapSize specified" value="10747904" />
  <attribute name="Current GC Util" value="6" />
  <attribute name= "Current Time Running" value="48488" />
  <attribute name ="GC Interval" value="200" />
  <attribute name="ProportionalT" value="-21.000000" />
  <attribute name="ProportionalI" value="-21.000000" />
  <attribute name="ProportionalH" value="-21.000000" />
  <attribute name="Current Error" value="-14.000000" />
  <attribute name="IntegralT" value="-238.000000" />
  <attribute name="IntegralI" value="-238.000000" />
  <attribute name="IntegralH" value="-238.000000" />
  <attribute name="DerivativeT" value="-1.235294" />
  <attribute name="DerivativeI" value="-1.235294" />
  <attribute name="DerivativeH" value="-1.235294" />
  <attribute name="Loop Time for DT" value="17.000000" />
  <attribute name="Output H" value="2092630016"/>
  <attribute name="Output I" value="200"/>
  <attribute name="Output T" value="4"/>
  <attribute name="Target GC Util Change" value ="20.000000" />
  <attribute name="Current GC Util Change" value="6.000000"/>
  <attribute name="GC Util currently" value="6" />
  <attribute name="CPU Util currently" value="259684609897" />
<allocation-satisfied id="684" threadId="00000000017F5700" bytesRequested="24" />
<af-end id="685" timestamp="2019-06-16T23:50:47.083" threadId="00000000017F6088" success="true" from="nursery"/>
<exclusive-end id="686" timestamp="2019-06-16T23:50:47.083" durationms="1.658" />

<exclusive-start id="687" timestamp="2019-06-16T23:50:47.099" intervalms="17.515">
  <response-info timems="0.057" idlems="0.057" threads="0" lastid="00000000017F5700" lastname="main" />
</exclusive-start>
<af-start id="688" threadId="00000000017F6088" totalBytesRequested="24" timestamp="2019-06-16T23:50:47.099" intervalms="17.499" type="nursery" />
<cycle-start id="689" type="scavenge" contextid="0" timestamp="2019-06-16T23:50:47.099" intervalms="17.510" />
<gc-start id="690" type="scavenge" contextid="689" timestamp="2019-06-16T23:50:47.099">
  <mem-info id="691" free="1044688" total="10485760" percent="9">
    <mem type="nursery" free="0" total="4718592" percent="0">
      <mem type="allocate" free="0" total="4194304" percent="0" />
      <mem type="survivor" free="0" total="524288" percent="0" />
    </mem>
    <mem type="tenure" free="1044688" total="5767168" percent="18">
      <mem type="soa" free="795856" total="5479424" percent="14" />
      <mem type="loa" free="248832" total="287744" percent="86" />
    </mem>
    <remembered-set count="72" />
  </mem-info>
</gc-start>
<allocation-stats totalBytes="4115592" >
  <allocated-bytes non-tlh="24" tlh="4115568" />
  <largest-consumer threadName="main" threadId="00000000017F5700" bytes="4115592" />
</allocation-stats>
<gc-op id="692" type="scavenge" timems="0.556" contextid="689" timestamp="2019-06-16T23:50:47.100">
  <scavenger-info tenureage="3" tenuremask="fff8" tiltratio="88" />
  <memory-copied type="nursery" objects="8" bytes="32960" bytesdiscarded="45376" />
</gc-op>
<gc-end id="693" type="scavenge" contextid="689" durationms="1.318" usertimems="0.000" systemtimems="0.000" timestamp="2019-06-16T23:50:47.101" activeThreads="4">
  <mem-info id="694" free="5160656" total="10485760" percent="49">
    <mem type="nursery" free="4115968" total="4718592" percent="87">
      <mem type="allocate" free="4115968" total="4194304" percent="98" />
      <mem type="survivor" free="0" total="524288" percent="0" />
    </mem>
    <mem type="tenure" free="1044688" total="5767168" percent="18" macro-fragmented="9100">
      <mem type="soa" free="795856" total="5479424" percent="14" />
      <mem type="loa" free="248832" total="287744" percent="86" />
    </mem>
    <remembered-set count="72" />
  </mem-info>
</gc-end>
<cycle-end id="695" type="scavenge" contextid="689" timestamp="2019-06-16T23:50:47.101" />
  <attribute name="elasticGC enabled" value="1" />
  <attribute name= "numThreadsSpecified" value="4" />
  <attribute name="heapSize specified" value="10747904" />
  <attribute name="Current GC Util" value="5" />
  <attribute name= "Current Time Running" value="48506" />
  <attribute name ="GC Interval" value="200" />
  <attribute name="ProportionalT" value="-22.500000" />
  <attribute name="ProportionalI" value="-22.500000" />
  <attribute name="ProportionalH" value="-22.500000" />
  <attribute name="Current Error" value="-15.000000" />
  <attribute name="IntegralT" value="-270.000000" />
  <attribute name="IntegralI" value="-270.000000" />
  <attribute name="IntegralH" value="-270.000000" />
  <attribute name="DerivativeT" value="-1.250000" />
  <attribute name="DerivativeI" value="-1.250000" />
  <attribute name="DerivativeH" value="-1.250000" />
  <attribute name="Loop Time for DT" value="18.000000" />
  <attribute name="Output H" value="2092630016"/>
  <attribute name="Output I" value="200"/>
  <attribute name="Output T" value="4"/>
  <attribute name="Target GC Util Change" value ="20.000000" />
  <attribute name="Current GC Util Change" value="5.000000"/>
  <attribute name="GC Util currently" value="5" />
  <attribute name="CPU Util currently" value="261455724457" />
<allocation-satisfied id="696" threadId="00000000017F5700" bytesRequested="24" />
<af-end id="697" timestamp="2019-06-16T23:50:47.101" threadId="00000000017F6088" success="true" from="nursery"/>
<exclusive-end id="698" timestamp="2019-06-16T23:50:47.101" durationms="2.149" />

<exclusive-start id="699" timestamp="2019-06-16T23:50:48.220" intervalms="1120.624">
  <response-info timems="0.034" idlems="0.034" threads="0" lastid="00000000017F5700" lastname="main" />
</exclusive-start>
<af-start id="700" threadId="00000000017F6088" totalBytesRequested="40" timestamp="2019-06-16T23:50:48.220" intervalms="1120.597" type="nursery" />
<cycle-start id="701" type="scavenge" contextid="0" timestamp="2019-06-16T23:50:48.220" intervalms="1120.552" />
<gc-start id="702" type="scavenge" contextid="701" timestamp="2019-06-16T23:50:48.220">
  <mem-info id="703" free="1008848" total="10485760" percent="9">
    <mem type="nursery" free="0" total="4718592" percent="0">
      <mem type="allocate" free="0" total="4194304" percent="0" />
      <mem type="survivor" free="0" total="524288" percent="0" />
    </mem>
    <mem type="tenure" free="1008848" total="5767168" percent="17">
      <mem type="soa" free="760016" total="5479424" percent="13" />
      <mem type="loa" free="248832" total="287744" percent="86" />
    </mem>
    <remembered-set count="563" />
  </mem-info>
</gc-start>
<allocation-stats totalBytes="4150712" >
  <allocated-bytes non-tlh="35864" tlh="4114848" />
  <largest-consumer threadName="main" threadId="00000000017F5700" bytes="4150712" />
</allocation-stats>
<gc-op id="704" type="scavenge" timems="1.182" contextid="701" timestamp="2019-06-16T23:50:48.221">
  <scavenger-info tenureage="3" tenuremask="fff8" tiltratio="88" />
  <memory-copied type="nursery" objects="2507" bytes="125992" bytesdiscarded="94088" />
  <references type="soft" candidates="3" cleared="0" enqueued="0" dynamicThreshold="10" maxThreshold="32" />
  <references type="weak" candidates="29" cleared="21" enqueued="19" />
  <references type="phantom" candidates="4" cleared="2" enqueued="2" />
</gc-op>
<gc-end id="705" type="scavenge" contextid="701" durationms="1.929" usertimems="4.000" systemtimems="0.000" timestamp="2019-06-16T23:50:48.222" activeThreads="4">
  <mem-info id="706" free="4982976" total="10485760" percent="47">
    <mem type="nursery" free="3974128" total="4718592" percent="84">
      <mem type="allocate" free="3974128" total="4194304" percent="94" />
      <mem type="survivor" free="0" total="524288" percent="0" />
    </mem>
    <mem type="tenure" free="1008848" total="5767168" percent="17" macro-fragmented="32800">
      <mem type="soa" free="760016" total="5479424" percent="13" />
      <mem type="loa" free="248832" total="287744" percent="86" />
    </mem>
    <pending-finalizers system="0" default="0" reference="21" classloader="0" />
    <remembered-set count="560" />
  </mem-info>
</gc-end>
<cycle-end id="707" type="scavenge" contextid="701" timestamp="2019-06-16T23:50:48.222" />
  <attribute name="elasticGC enabled" value="1" />
  <attribute name= "numThreadsSpecified" value="4" />
  <attribute name="heapSize specified" value="10747904" />
  <attribute name="Current GC Util" value="0" />
  <attribute name= "Current Time Running" value="49626" />
  <attribute name ="GC Interval" value="200" />
  <attribute name="ProportionalT" value="-30.000000" />
  <attribute name="ProportionalI" value="-30.000000" />
  <attribute name="ProportionalH" value="-30.000000" />
  <attribute name="Current Error" value="-20.000000" />
  <attribute name="IntegralT" value="-22400.000000" />
  <attribute name="IntegralI" value="-22400.000000" />
  <attribute name="IntegralH" value="-22400.000000" />
  <attribute name="DerivativeT" value="-0.026786" />
  <attribute name="DerivativeI" value="-0.026786" />
  <attribute name="DerivativeH" value="-0.026786" />
  <attribute name="Loop Time for DT" value="1120.000000" />
  <attribute name="Output H" value="2092630016"/>
  <attribute name="Output I" value="200"/>
  <attribute name="Output T" value="4"/>
  <attribute name="Target GC Util Change" value ="20.000000" />
  <attribute name="Current GC Util Change" value="0.000000"/>
  <attribute name="GC Util currently" value="0" />
  <attribute name="CPU Util currently" value="4115953484" />
<allocation-satisfied id="708" threadId="00000000017F5700" bytesRequested="40" />
<af-end id="709" timestamp="2019-06-16T23:50:48.222" threadId="00000000017F6088" success="true" from="nursery"/>
<exclusive-end id="710" timestamp="2019-06-16T23:50:48.222" durationms="2.781" />

</verbosegc>

