<?xml version="1.0" ?>

<verbosegc xmlns="http://www.ibm.com/j9/verbosegc" version="08cc62e_CMPRSS">

<initialized id="1" timestamp="2019-08-03T01:09:56.630">
  <attribute name="gcPolicy" value="-Xgcpolicy:optthruput" />
  <attribute name="elasticGC enabled" value="1" />
  <attribute name= "numThreadsSpecified" value="0" />
  <attribute name="heapSize specified" value="0" />
  <attribute name= "numCores" value="0" />
  <attribute name ="GC Interval" value="0" />
  <attribute name="GC Util Range Max" value="0" />
  <attribute name="Current GC Util" value="0" />
  <attribute name= "Current Time Running" value="0" />
  <attribute name="maxHeapSize" value="0x7cba0000" />
  <attribute name="initialHeapSize" value="0x800000" />
  <attribute name="compressedRefs" value="true" />
  <attribute name="compressedRefsDisplacement" value="0x0" />
  <attribute name="compressedRefsShift" value="0x0" />
  <attribute name="pageSize" value="0x1000" />
  <attribute name="pageType" value="not used" />
  <attribute name="requestedPageSize" value="0x1000" />
  <attribute name="requestedPageType" value="not used" />
  <attribute name="gcthreads" value="8" />
  <attribute name="packetListSplit" value="8" />
  <attribute name="cacheListSplit" value="8" />
  <attribute name="splitFreeListSplitAmount" value="1" />
  <attribute name="numaNodes" value="0" />
  <system>
    <attribute name="physicalMemory" value="8370401280" />
    <attribute name="numCPUs" value="8" />
    <attribute name="architecture" value="amd64" />
    <attribute name="os" value="Linux" />
    <attribute name="osVersion" value="4.4.0-154-generic" />
  </system>
  <vmargs>
    <vmarg name="-Xoptionsfile=/vagrant/jdk/lib/options.default" />
    <vmarg name="-Xlockword:mode=default,noLockword=java/lang/String,noLockword=java/util/MapEntry,noLockword=java/util/HashMap$Entry,noLockword..." />
    <vmarg name="-Xjcl:jclse29" />
    <vmarg name="-Dcom.ibm.oti.vm.bootstrap.library.path=/vagrant/jdk/lib/compressedrefs:/vagrant/jdk/lib" />
    <vmarg name="-Dsun.boot.library.path=/vagrant/jdk/lib/compressedrefs:/vagrant/jdk/lib" />
    <vmarg name="-Djava.library.path=/vagrant/jdk/lib/compressedrefs:/vagrant/jdk/lib:/usr/lib64:/usr/lib" />
    <vmarg name="-Djava.home=/vagrant/jdk" />
    <vmarg name="-Duser.dir=/vagrant" />
    <vmarg name="-Xgcpolicy:optthruput" />
    <vmarg name="-Xgcelastic" />
    <vmarg name="-Xcheck:gc:::elasticGC" />
    <vmarg name="-verbose:gc" />
    <vmarg name="-Xloggc:jdkP-small-OTT-8core-verbose11sunflow.txt" />
    <vmarg name="-Djava.class.path=dacapo-9.12-MR1-bach.jar" />
    <vmarg name="-Dsun.java.command=dacapo-9.12-MR1-bach.jar sunflow --size=small" />
    <vmarg name="-Dsun.java.launcher=SUN_STANDARD" />
    <vmarg name="-Dsun.java.launcher.pid=1362" />
  </vmargs>
</initialized>

<exclusive-start id="2" timestamp="2019-08-03T01:09:57.042" intervalms="412.080">
  <response-info timems="0.030" idlems="0.030" threads="0" lastid="000000000135DA00" lastname="main" />
</exclusive-start>
<sys-start reason="explicit" id="3" timestamp="2019-08-03T01:09:57.043" intervalms="412.445" />
<cycle-start id="4" type="global" contextid="0" timestamp="2019-08-03T01:09:57.043" intervalms="412.634" />
<gc-start id="5" type="global" contextid="4" timestamp="2019-08-03T01:09:57.043">
  <mem-info id="6" free="4196112" total="8388608" percent="50">
    <mem type="tenure" free="4196112" total="8388608" percent="50">
      <mem type="soa" free="3777296" total="7969792" percent="47" />
      <mem type="loa" free="418816" total="418816" percent="100" />
    </mem>
  </mem-info>
</gc-start>
<allocation-stats totalBytes="4190168" >
  <allocated-bytes non-tlh="502000" tlh="3688168" />
  <largest-consumer threadName="main" threadId="000000000135DA00" bytes="4102024" />
</allocation-stats>
<gc-op id="7" type="mark" timems="2.783" contextid="4" timestamp="2019-08-03T01:09:57.046">
  <trace-info objectcount="30260" scancount="24300" scanbytes="765884" />
  <finalization candidates="125" enqueued="1" />
  <ownableSynchronizers candidates="3" cleared="0" />
  <references type="soft" candidates="131" cleared="0" enqueued="0" dynamicThreshold="32" maxThreshold="32" />
  <references type="weak" candidates="1322" cleared="569" enqueued="479" />
  <references type="phantom" candidates="106" cleared="42" enqueued="42" />
  <stringconstants candidates="3958" cleared="0"  />
</gc-op>
<gc-op id="8" type="classunload" timems="0.066" contextid="4" timestamp="2019-08-03T01:09:57.046">
  <classunload-info classloadercandidates="7" classloadersunloaded="0" classesunloaded="0" anonymousclassesunloaded="0" quiescems="0.000" setupms="0.066" scanms="0.000" postms="0.000" />
</gc-op>
<gc-op id="9" type="sweep" timems="0.544" contextid="4" timestamp="2019-08-03T01:09:57.047" />
<gc-end id="10" type="global" contextid="4" durationms="4.848" usertimems="8.000" systemtimems="0.000" timestamp="2019-08-03T01:09:57.048" activeThreads="8">
  <mem-info id="11" free="6532096" total="8388608" percent="77">
    <mem type="tenure" free="6532096" total="8388608" percent="77" micro-fragmented="391711" macro-fragmented="0">
      <mem type="soa" free="6113280" total="7969792" percent="76" />
      <mem type="loa" free="418816" total="418816" percent="100" />
    </mem>
    <pending-finalizers system="1" default="0" reference="521" classloader="0" />
  </mem-info>
</gc-end>
<cycle-end id="12" type="global" contextid="4" timestamp="2019-08-03T01:09:57.048" />
  <attribute name="elasticGC enabled" value="1" />
  <attribute name= "numThreadsSpecified" value="0" />
  <attribute name="heapSize specified" value="0" />
  <attribute name= "numCores" value="8" />
  <attribute name ="GC Interval" value="0" />
  <attribute name ="Control flow" value="1" />
  <attribute name="GC Util Range Max" value="107" />
  <attribute name="Current GC Util" value="33" />
  <attribute name= "Current Time Running" value="3" />
<sys-end id="13" timestamp="2019-08-03T01:09:57.048" />
<exclusive-end id="14" timestamp="2019-08-03T01:09:57.048" durationms="5.700" />

<exclusive-start id="15" timestamp="2019-08-03T01:09:57.222" intervalms="180.199">
  <response-info timems="0.081" idlems="0.081" threads="0" lastid="00000000016BDF00" lastname="Thread-4" />
</exclusive-start>
<af-start id="16" threadId="00000000016BE888" totalBytesRequested="98264" timestamp="2019-08-03T01:09:57.223" intervalms="592.457" />
<cycle-start id="17" type="global" contextid="0" timestamp="2019-08-03T01:09:57.223" intervalms="180.000" />
<gc-start id="18" type="global" contextid="17" timestamp="2019-08-03T01:09:57.223">
  <mem-info id="19" free="84240" total="8388608" percent="1">
    <mem type="tenure" free="84240" total="8388608" percent="1">
      <mem type="soa" free="84240" total="7969792" percent="1" />
      <mem type="loa" free="0" total="418816" percent="0" />
    </mem>
  </mem-info>
</gc-start>
<allocation-stats totalBytes="6329976" >
  <allocated-bytes non-tlh="2435544" tlh="3894432" />
  <largest-consumer threadName="main" threadId="000000000135DA00" bytes="3013720" />
</allocation-stats>
<heap-resize id="20" type="loa expand" space="tenure" amount="83968" count="1" timems="0.000" reason="expand on failed allocate" timestamp="2019-08-03T01:09:57.223" />
<gc-op id="21" type="mark" timems="2.534" contextid="17" timestamp="2019-08-03T01:09:57.226">
  <trace-info objectcount="44530" scancount="36164" scanbytes="1206232" />
  <finalization candidates="124" enqueued="0" />
  <ownableSynchronizers candidates="3" cleared="0" />
  <references type="soft" candidates="148" cleared="0" enqueued="0" dynamicThreshold="24" maxThreshold="32" />
  <references type="weak" candidates="798" cleared="29" enqueued="28" />
  <references type="phantom" candidates="65" cleared="2" enqueued="2" />
  <stringconstants candidates="4534" cleared="1"  />
</gc-op>
<gc-op id="22" type="sweep" timems="0.237" contextid="17" timestamp="2019-08-03T01:09:57.226" />
<gc-end id="23" type="global" contextid="17" durationms="4.584" usertimems="8.000" systemtimems="0.000" timestamp="2019-08-03T01:09:57.227" activeThreads="2">
  <mem-info id="24" free="3856816" total="8388608" percent="45">
    <mem type="tenure" free="3856816" total="8388608" percent="45" micro-fragmented="1256525" macro-fragmented="0">
      <mem type="soa" free="3550648" total="7885824" percent="45" />
      <mem type="loa" free="306168" total="502784" percent="60" />
    </mem>
    <pending-finalizers system="0" default="0" reference="30" classloader="0" />
  </mem-info>
</gc-end>
<cycle-end id="25" type="global" contextid="17" timestamp="2019-08-03T01:09:57.228" />
  <attribute name="elasticGC enabled" value="1" />
  <attribute name= "numThreadsSpecified" value="2" />
  <attribute name="heapSize specified" value="0" />
  <attribute name= "numCores" value="8" />
  <attribute name ="GC Interval" value="0" />
  <attribute name ="Control flow" value="1" />
  <attribute name="GC Util Range Max" value="107" />
  <attribute name="Current GC Util" value="9" />
  <attribute name= "Current Time Running" value="182" />
<allocation-satisfied id="26" threadId="00000000016BDF00" bytesRequested="98264" />
<af-end id="27" timestamp="2019-08-03T01:09:57.228" threadId="00000000016BE888" success="true" />
<exclusive-end id="28" timestamp="2019-08-03T01:09:57.228" durationms="5.435" />

<exclusive-start id="29" timestamp="2019-08-03T01:09:57.282" intervalms="59.920">
  <response-info timems="0.065" idlems="0.065" threads="0" lastid="00000000016BDF00" lastname="Thread-4" />
</exclusive-start>
<af-start id="30" threadId="00000000016BE888" totalBytesRequested="9416" timestamp="2019-08-03T01:09:57.282" intervalms="59.890" />
<cycle-start id="31" type="global" contextid="0" timestamp="2019-08-03T01:09:57.283" intervalms="59.823" />
<gc-start id="32" type="global" contextid="31" timestamp="2019-08-03T01:09:57.283">
  <mem-info id="33" free="306168" total="8388608" percent="3">
    <mem type="tenure" free="306168" total="8388608" percent="3">
      <mem type="soa" free="0" total="7885824" percent="0" />
      <mem type="loa" free="306168" total="502784" percent="60" />
    </mem>
  </mem-info>
</gc-start>
<allocation-stats totalBytes="3537352" >
  <allocated-bytes non-tlh="773624" tlh="2763728" />
  <largest-consumer threadName="Thread-4" threadId="00000000016BDF00" bytes="3537352" />
</allocation-stats>
<gc-op id="34" type="mark" timems="1.569" contextid="31" timestamp="2019-08-03T01:09:57.284">
  <trace-info objectcount="44429" scancount="36095" scanbytes="1204352" />
  <finalization candidates="124" enqueued="0" />
  <ownableSynchronizers candidates="3" cleared="0" />
  <references type="soft" candidates="148" cleared="0" enqueued="0" dynamicThreshold="14" maxThreshold="32" />
  <references type="weak" candidates="769" cleared="0" enqueued="0" />
  <references type="phantom" candidates="63" cleared="0" enqueued="0" />
  <stringconstants candidates="4533" cleared="0"  />
</gc-op>
<gc-op id="35" type="sweep" timems="0.247" contextid="31" timestamp="2019-08-03T01:09:57.285" />
<gc-end id="36" type="global" contextid="31" durationms="2.976" usertimems="4.000" systemtimems="0.000" timestamp="2019-08-03T01:09:57.286" activeThreads="8">
  <mem-info id="37" free="4109152" total="8388608" percent="48">
    <mem type="tenure" free="4109152" total="8388608" percent="48" micro-fragmented="1256857" macro-fragmented="0">
      <mem type="soa" free="3606368" total="7885824" percent="45" />
      <mem type="loa" free="502784" total="502784" percent="100" />
    </mem>
  </mem-info>
</gc-end>
<cycle-end id="38" type="global" contextid="31" timestamp="2019-08-03T01:09:57.286" />
  <attribute name="elasticGC enabled" value="1" />
  <attribute name= "numThreadsSpecified" value="2" />
  <attribute name="heapSize specified" value="0" />
  <attribute name= "numCores" value="8" />
  <attribute name ="GC Interval" value="0" />
  <attribute name ="Control flow" value="2" />
  <attribute name="GC Util Range Max" value="107" />
  <attribute name="Current GC Util" value="44" />
  <attribute name= "Current Time Running" value="241" />
<allocation-satisfied id="39" threadId="00000000016BDF00" bytesRequested="9416" />
<af-end id="40" timestamp="2019-08-03T01:09:57.286" threadId="00000000016BE888" success="true" />
<exclusive-end id="41" timestamp="2019-08-03T01:09:57.286" durationms="3.686" />

<exclusive-start id="42" timestamp="2019-08-03T01:09:57.341" intervalms="58.400">
  <response-info timems="0.077" idlems="0.077" threads="0" lastid="00000000016C9300" lastname="Thread-14" />
</exclusive-start>
<af-start id="43" threadId="00000000016C9C88" totalBytesRequested="24" timestamp="2019-08-03T01:09:57.341" intervalms="58.348" />
<cycle-start id="44" type="global" contextid="0" timestamp="2019-08-03T01:09:57.341" intervalms="58.339" />
<gc-start id="45" type="global" contextid="44" timestamp="2019-08-03T01:09:57.341">
  <mem-info id="46" free="502784" total="8388608" percent="5">
    <mem type="tenure" free="502784" total="8388608" percent="5">
      <mem type="soa" free="0" total="7885824" percent="0" />
      <mem type="loa" free="502784" total="502784" percent="100" />
    </mem>
  </mem-info>
</gc-start>
<allocation-stats totalBytes="3507816" >
  <allocated-bytes non-tlh="1110960" tlh="2396856" />
  <largest-consumer threadName="Thread-14" threadId="00000000016C9300" bytes="892704" />
</allocation-stats>
<gc-op id="47" type="mark" timems="1.685" contextid="44" timestamp="2019-08-03T01:09:57.343">
  <trace-info objectcount="48905" scancount="40499" scanbytes="1444984" />
  <finalization candidates="124" enqueued="0" />
  <ownableSynchronizers candidates="3" cleared="0" />
  <references type="soft" candidates="148" cleared="0" enqueued="0" dynamicThreshold="15" maxThreshold="32" />
  <references type="weak" candidates="769" cleared="0" enqueued="0" />
  <references type="phantom" candidates="63" cleared="0" enqueued="0" />
  <stringconstants candidates="4596" cleared="0"  />
</gc-op>
<gc-op id="48" type="sweep" timems="0.262" contextid="44" timestamp="2019-08-03T01:09:57.343" />
<gc-end id="49" type="global" contextid="44" durationms="3.008" usertimems="4.000" systemtimems="0.000" timestamp="2019-08-03T01:09:57.344" activeThreads="8">
  <mem-info id="50" free="4193088" total="8388608" percent="49">
    <mem type="tenure" free="4193088" total="8388608" percent="49" micro-fragmented="1339703" macro-fragmented="0">
      <mem type="soa" free="3690304" total="7885824" percent="46" />
      <mem type="loa" free="502784" total="502784" percent="100" />
    </mem>
  </mem-info>
</gc-end>
<cycle-end id="51" type="global" contextid="44" timestamp="2019-08-03T01:09:57.344" />
  <attribute name="elasticGC enabled" value="1" />
  <attribute name= "numThreadsSpecified" value="2" />
  <attribute name="heapSize specified" value="0" />
  <attribute name= "numCores" value="8" />
  <attribute name ="GC Interval" value="0" />
  <attribute name ="Control flow" value="1" />
  <attribute name="GC Util Range Max" value="107" />
  <attribute name="Current GC Util" value="28" />
  <attribute name= "Current Time Running" value="300" />
<allocation-satisfied id="52" threadId="00000000016C9300" bytesRequested="24" />
<af-end id="53" timestamp="2019-08-03T01:09:57.344" threadId="00000000016C9C88" success="true" />
<exclusive-end id="54" timestamp="2019-08-03T01:09:57.345" durationms="3.807" />

<exclusive-start id="55" timestamp="2019-08-03T01:09:57.397" intervalms="56.606">
  <response-info timems="0.029" idlems="0.029" threads="0" lastid="00000000016C9300" lastname="Thread-14" />
</exclusive-start>
<af-start id="56" threadId="00000000016C9C88" totalBytesRequested="40" timestamp="2019-08-03T01:09:57.397" intervalms="56.644" />
<cycle-start id="57" type="global" contextid="0" timestamp="2019-08-03T01:09:57.398" intervalms="56.649" />
<gc-start id="58" type="global" contextid="57" timestamp="2019-08-03T01:09:57.398">
  <mem-info id="59" free="502784" total="8388608" percent="5">
    <mem type="tenure" free="502784" total="8388608" percent="5">
      <mem type="soa" free="0" total="7885824" percent="0" />
      <mem type="loa" free="502784" total="502784" percent="100" />
    </mem>
  </mem-info>
</gc-start>
<allocation-stats totalBytes="3685168" >
  <allocated-bytes non-tlh="0" tlh="3685168" />
  <largest-consumer threadName="Thread-14" threadId="00000000016C9300" bytes="3685168" />
</allocation-stats>
<gc-op id="60" type="mark" timems="1.564" contextid="57" timestamp="2019-08-03T01:09:57.399">
  <trace-info objectcount="49156" scancount="40747" scanbytes="1451024" />
  <finalization candidates="124" enqueued="0" />
  <ownableSynchronizers candidates="3" cleared="0" />
  <references type="soft" candidates="148" cleared="0" enqueued="0" dynamicThreshold="15" maxThreshold="32" />
  <references type="weak" candidates="769" cleared="0" enqueued="0" />
  <references type="phantom" candidates="63" cleared="0" enqueued="0" />
  <stringconstants candidates="4596" cleared="0"  />
</gc-op>
<gc-op id="61" type="sweep" timems="0.246" contextid="57" timestamp="2019-08-03T01:09:57.400" />
<gc-end id="62" type="global" contextid="57" durationms="3.051" usertimems="0.000" systemtimems="4.000" timestamp="2019-08-03T01:09:57.401" activeThreads="2">
  <mem-info id="63" free="4170848" total="8388608" percent="49">
    <mem type="tenure" free="4170848" total="8388608" percent="49" micro-fragmented="1334127" macro-fragmented="0">
      <mem type="soa" free="3668064" total="7885824" percent="46" />
      <mem type="loa" free="502784" total="502784" percent="100" />
    </mem>
  </mem-info>
</gc-end>
<cycle-end id="64" type="global" contextid="57" timestamp="2019-08-03T01:09:57.401" />
  <attribute name="elasticGC enabled" value="1" />
  <attribute name= "numThreadsSpecified" value="2" />
  <attribute name="heapSize specified" value="0" />
  <attribute name= "numCores" value="8" />
  <attribute name ="GC Interval" value="0" />
  <attribute name ="Control flow" value="1" />
  <attribute name="GC Util Range Max" value="107" />
  <attribute name="Current GC Util" value="6" />
  <attribute name= "Current Time Running" value="356" />
<allocation-satisfied id="65" threadId="00000000016C9300" bytesRequested="40" />
<af-end id="66" timestamp="2019-08-03T01:09:57.401" threadId="00000000016C9C88" success="true" />
<exclusive-end id="67" timestamp="2019-08-03T01:09:57.401" durationms="3.868" />

<exclusive-start id="68" timestamp="2019-08-03T01:09:57.419" intervalms="21.886">
  <response-info timems="0.062" idlems="0.062" threads="0" lastid="00000000016C9300" lastname="Thread-14" />
</exclusive-start>
<af-start id="69" threadId="00000000016C9C88" totalBytesRequested="24" timestamp="2019-08-03T01:09:57.419" intervalms="21.885" />
<cycle-start id="70" type="global" contextid="0" timestamp="2019-08-03T01:09:57.419" intervalms="21.894" />
<gc-start id="71" type="global" contextid="70" timestamp="2019-08-03T01:09:57.420">
  <mem-info id="72" free="502784" total="8388608" percent="5">
    <mem type="tenure" free="502784" total="8388608" percent="5">
      <mem type="soa" free="0" total="7885824" percent="0" />
      <mem type="loa" free="502784" total="502784" percent="100" />
    </mem>
  </mem-info>
</gc-start>
<allocation-stats totalBytes="3661256" >
  <allocated-bytes non-tlh="0" tlh="3661256" />
  <largest-consumer threadName="Thread-14" threadId="00000000016C9300" bytes="3661256" />
</allocation-stats>
<gc-op id="73" type="mark" timems="1.575" contextid="70" timestamp="2019-08-03T01:09:57.421">
  <trace-info objectcount="49343" scancount="40936" scanbytes="1455352" />
  <finalization candidates="124" enqueued="0" />
  <ownableSynchronizers candidates="3" cleared="0" />
  <references type="soft" candidates="148" cleared="0" enqueued="0" dynamicThreshold="15" maxThreshold="32" />
  <references type="weak" candidates="769" cleared="0" enqueued="0" />
  <references type="phantom" candidates="63" cleared="0" enqueued="0" />
  <stringconstants candidates="4596" cleared="0"  />
</gc-op>
<gc-op id="74" type="sweep" timems="0.272" contextid="70" timestamp="2019-08-03T01:09:57.422" />
<gc-end id="75" type="global" contextid="70" durationms="2.999" usertimems="4.000" systemtimems="4.000" timestamp="2019-08-03T01:09:57.423" activeThreads="2">
  <mem-info id="76" free="4151360" total="8388608" percent="49">
    <mem type="tenure" free="4151360" total="8388608" percent="49" micro-fragmented="1367670" macro-fragmented="0">
      <mem type="soa" free="3648576" total="7885824" percent="46" />
      <mem type="loa" free="502784" total="502784" percent="100" />
    </mem>
  </mem-info>
</gc-end>
<cycle-end id="77" type="global" contextid="70" timestamp="2019-08-03T01:09:57.423" />
  <attribute name="elasticGC enabled" value="1" />
  <attribute name= "numThreadsSpecified" value="2" />
  <attribute name="heapSize specified" value="0" />
  <attribute name= "numCores" value="8" />
  <attribute name ="GC Interval" value="0" />
  <attribute name ="Control flow" value="1" />
  <attribute name="GC Util Range Max" value="107" />
  <attribute name="Current GC Util" value="6" />
  <attribute name= "Current Time Running" value="378" />
<allocation-satisfied id="78" threadId="00000000016C9300" bytesRequested="24" />
<af-end id="79" timestamp="2019-08-03T01:09:57.423" threadId="00000000016C9C88" success="true" />
<exclusive-end id="80" timestamp="2019-08-03T01:09:57.423" durationms="3.880" />

<exclusive-start id="81" timestamp="2019-08-03T01:09:57.437" intervalms="18.150">
  <response-info timems="0.062" idlems="0.062" threads="0" lastid="00000000016C9300" lastname="Thread-14" />
</exclusive-start>
<af-start id="82" threadId="00000000016C9C88" totalBytesRequested="40" timestamp="2019-08-03T01:09:57.438" intervalms="18.179" />
<cycle-start id="83" type="global" contextid="0" timestamp="2019-08-03T01:09:57.438" intervalms="18.212" />
<gc-start id="84" type="global" contextid="83" timestamp="2019-08-03T01:09:57.438">
  <mem-info id="85" free="502784" total="8388608" percent="5">
    <mem type="tenure" free="502784" total="8388608" percent="5">
      <mem type="soa" free="0" total="7885824" percent="0" />
      <mem type="loa" free="502784" total="502784" percent="100" />
    </mem>
  </mem-info>
</gc-start>
<allocation-stats totalBytes="3640768" >
  <allocated-bytes non-tlh="0" tlh="3640768" />
  <largest-consumer threadName="Thread-14" threadId="00000000016C9300" bytes="3640768" />
</allocation-stats>
<gc-op id="86" type="mark" timems="1.619" contextid="83" timestamp="2019-08-03T01:09:57.440">
  <trace-info objectcount="49547" scancount="41137" scanbytes="1460408" />
  <finalization candidates="124" enqueued="0" />
  <ownableSynchronizers candidates="3" cleared="0" />
  <references type="soft" candidates="148" cleared="0" enqueued="0" dynamicThreshold="15" maxThreshold="32" />
  <references type="weak" candidates="769" cleared="0" enqueued="0" />
  <references type="phantom" candidates="63" cleared="0" enqueued="0" />
  <stringconstants candidates="4596" cleared="0"  />
</gc-op>
<gc-op id="87" type="sweep" timems="0.276" contextid="83" timestamp="2019-08-03T01:09:57.440" />
<gc-end id="88" type="global" contextid="83" durationms="3.053" usertimems="4.000" systemtimems="0.000" timestamp="2019-08-03T01:09:57.441" activeThreads="2">
  <mem-info id="89" free="4127704" total="8388608" percent="49">
    <mem type="tenure" free="4127704" total="8388608" percent="49" micro-fragmented="1520253" macro-fragmented="0">
      <mem type="soa" free="3624920" total="7885824" percent="45" />
      <mem type="loa" free="502784" total="502784" percent="100" />
    </mem>
  </mem-info>
</gc-end>
<cycle-end id="90" type="global" contextid="83" timestamp="2019-08-03T01:09:57.441" />
  <attribute name="elasticGC enabled" value="1" />
  <attribute name= "numThreadsSpecified" value="2" />
  <attribute name="heapSize specified" value="0" />
  <attribute name= "numCores" value="8" />
  <attribute name ="GC Interval" value="0" />
  <attribute name ="Control flow" value="1" />
  <attribute name="GC Util Range Max" value="107" />
  <attribute name="Current GC Util" value="8" />
  <attribute name= "Current Time Running" value="396" />
<allocation-satisfied id="91" threadId="00000000016C9300" bytesRequested="40" />
<af-end id="92" timestamp="2019-08-03T01:09:57.441" threadId="00000000016C9C88" success="true" />
<exclusive-end id="93" timestamp="2019-08-03T01:09:57.441" durationms="3.984" />

<exclusive-start id="94" timestamp="2019-08-03T01:09:57.455" intervalms="17.449">
  <response-info timems="0.070" idlems="0.070" threads="0" lastid="00000000016C9300" lastname="Thread-14" />
</exclusive-start>
<af-start id="95" threadId="00000000016C9C88" totalBytesRequested="40" timestamp="2019-08-03T01:09:57.455" intervalms="17.410" />
<cycle-start id="96" type="global" contextid="0" timestamp="2019-08-03T01:09:57.455" intervalms="17.421" />
<gc-start id="97" type="global" contextid="96" timestamp="2019-08-03T01:09:57.455">
  <mem-info id="98" free="502784" total="8388608" percent="5">
    <mem type="tenure" free="502784" total="8388608" percent="5">
      <mem type="soa" free="0" total="7885824" percent="0" />
      <mem type="loa" free="502784" total="502784" percent="100" />
    </mem>
  </mem-info>
</gc-start>
<allocation-stats totalBytes="3615296" >
  <allocated-bytes non-tlh="0" tlh="3615296" />
  <largest-consumer threadName="Thread-14" threadId="00000000016C9300" bytes="3615296" />
</allocation-stats>
<gc-op id="99" type="mark" timems="1.516" contextid="96" timestamp="2019-08-03T01:09:57.457">
  <trace-info objectcount="49687" scancount="41268" scanbytes="1463768" />
  <finalization candidates="124" enqueued="0" />
  <ownableSynchronizers candidates="3" cleared="0" />
  <references type="soft" candidates="148" cleared="0" enqueued="0" dynamicThreshold="15" maxThreshold="32" />
  <references type="weak" candidates="769" cleared="0" enqueued="0" />
  <references type="phantom" candidates="63" cleared="0" enqueued="0" />
  <stringconstants candidates="4596" cleared="0"  />
</gc-op>
<gc-op id="100" type="sweep" timems="0.297" contextid="96" timestamp="2019-08-03T01:09:57.457" />
<gc-end id="101" type="global" contextid="96" durationms="2.996" usertimems="4.000" systemtimems="0.000" timestamp="2019-08-03T01:09:57.458" activeThreads="8">
  <mem-info id="102" free="4102080" total="8388608" percent="48">
    <mem type="tenure" free="4102080" total="8388608" percent="48" micro-fragmented="1408195" macro-fragmented="0">
      <mem type="soa" free="3599296" total="7885824" percent="45" />
      <mem type="loa" free="502784" total="502784" percent="100" />
    </mem>
  </mem-info>
</gc-end>
<cycle-end id="103" type="global" contextid="96" timestamp="2019-08-03T01:09:57.458" />
  <attribute name="elasticGC enabled" value="1" />
  <attribute name= "numThreadsSpecified" value="2" />
  <attribute name="heapSize specified" value="0" />
  <attribute name= "numCores" value="8" />
  <attribute name ="GC Interval" value="0" />
  <attribute name ="Control flow" value="1" />
  <attribute name="GC Util Range Max" value="107" />
  <attribute name="Current GC Util" value="11" />
  <attribute name= "Current Time Running" value="414" />
<allocation-satisfied id="104" threadId="00000000016C9300" bytesRequested="40" />
<af-end id="105" timestamp="2019-08-03T01:09:57.459" threadId="00000000016C9C88" success="true" />
<exclusive-end id="106" timestamp="2019-08-03T01:09:57.459" durationms="4.052" />

<exclusive-start id="107" timestamp="2019-08-03T01:09:57.470" intervalms="15.615">
  <response-info timems="0.120" idlems="0.120" threads="0" lastid="00000000016C9300" lastname="Thread-14" />
</exclusive-start>
<af-start id="108" threadId="00000000016C9C88" totalBytesRequested="40" timestamp="2019-08-03T01:09:57.471" intervalms="15.611" />
<cycle-start id="109" type="global" contextid="0" timestamp="2019-08-03T01:09:57.471" intervalms="15.559" />
<gc-start id="110" type="global" contextid="109" timestamp="2019-08-03T01:09:57.471">
  <mem-info id="111" free="502784" total="8388608" percent="5">
    <mem type="tenure" free="502784" total="8388608" percent="5">
      <mem type="soa" free="0" total="7885824" percent="0" />
      <mem type="loa" free="502784" total="502784" percent="100" />
    </mem>
  </mem-info>
</gc-start>
<allocation-stats totalBytes="3588368" >
  <allocated-bytes non-tlh="0" tlh="3588368" />
  <largest-consumer threadName="Thread-14" threadId="00000000016C9300" bytes="3588368" />
</allocation-stats>
<gc-op id="112" type="mark" timems="1.449" contextid="109" timestamp="2019-08-03T01:09:57.472">
  <trace-info objectcount="49848" scancount="41430" scanbytes="1467632" />
  <finalization candidates="124" enqueued="0" />
  <ownableSynchronizers candidates="3" cleared="0" />
  <references type="soft" candidates="148" cleared="0" enqueued="0" dynamicThreshold="15" maxThreshold="32" />
  <references type="weak" candidates="769" cleared="0" enqueued="0" />
  <references type="phantom" candidates="63" cleared="0" enqueued="0" />
  <stringconstants candidates="4596" cleared="0"  />
</gc-op>
<gc-op id="113" type="sweep" timems="1.174" contextid="109" timestamp="2019-08-03T01:09:57.474" />
<gc-end id="114" type="global" contextid="109" durationms="3.805" usertimems="4.000" systemtimems="0.000" timestamp="2019-08-03T01:09:57.475" activeThreads="8">
  <mem-info id="115" free="4070632" total="8388608" percent="48">
    <mem type="tenure" free="4070632" total="8388608" percent="48" micro-fragmented="1320409" macro-fragmented="0">
      <mem type="soa" free="3567848" total="7885824" percent="45" />
      <mem type="loa" free="502784" total="502784" percent="100" />
    </mem>
  </mem-info>
</gc-end>
<cycle-end id="116" type="global" contextid="109" timestamp="2019-08-03T01:09:57.475" />
  <attribute name="elasticGC enabled" value="1" />
  <attribute name= "numThreadsSpecified" value="2" />
  <attribute name="heapSize specified" value="0" />
  <attribute name= "numCores" value="8" />
  <attribute name ="GC Interval" value="0" />
  <attribute name ="Control flow" value="1" />
  <attribute name="GC Util Range Max" value="107" />
  <attribute name="Current GC Util" value="75" />
  <attribute name= "Current Time Running" value="430" />
<allocation-satisfied id="117" threadId="00000000016C9300" bytesRequested="40" />
<af-end id="118" timestamp="2019-08-03T01:09:57.475" threadId="00000000016C9C88" success="true" />
<exclusive-end id="119" timestamp="2019-08-03T01:09:57.475" durationms="4.573" />

<exclusive-start id="120" timestamp="2019-08-03T01:09:57.487" intervalms="16.738">
  <response-info timems="0.069" idlems="0.069" threads="0" lastid="00000000016C9300" lastname="Thread-14" />
</exclusive-start>
<af-start id="121" threadId="00000000016C9C88" totalBytesRequested="40" timestamp="2019-08-03T01:09:57.487" intervalms="16.742" />
<cycle-start id="122" type="global" contextid="0" timestamp="2019-08-03T01:09:57.487" intervalms="16.740" />
<gc-start id="123" type="global" contextid="122" timestamp="2019-08-03T01:09:57.488">
  <mem-info id="124" free="502784" total="8388608" percent="5">
    <mem type="tenure" free="502784" total="8388608" percent="5">
      <mem type="soa" free="0" total="7885824" percent="0" />
      <mem type="loa" free="502784" total="502784" percent="100" />
    </mem>
  </mem-info>
</gc-start>
<allocation-stats totalBytes="3555760" >
  <allocated-bytes non-tlh="0" tlh="3555760" />
  <largest-consumer threadName="Thread-14" threadId="00000000016C9300" bytes="3555760" />
</allocation-stats>
<gc-op id="125" type="mark" timems="1.433" contextid="122" timestamp="2019-08-03T01:09:57.489">
  <trace-info objectcount="49985" scancount="41574" scanbytes="1470648" />
  <finalization candidates="124" enqueued="0" />
  <ownableSynchronizers candidates="3" cleared="0" />
  <references type="soft" candidates="148" cleared="0" enqueued="0" dynamicThreshold="15" maxThreshold="32" />
  <references type="weak" candidates="769" cleared="0" enqueued="0" />
  <references type="phantom" candidates="63" cleared="0" enqueued="0" />
  <stringconstants candidates="4596" cleared="0"  />
</gc-op>
<gc-op id="126" type="sweep" timems="0.287" contextid="122" timestamp="2019-08-03T01:09:57.490" />
<gc-end id="127" type="global" contextid="122" durationms="3.049" usertimems="4.000" systemtimems="0.000" timestamp="2019-08-03T01:09:57.491" activeThreads="2">
  <mem-info id="128" free="4038168" total="8388608" percent="48">
    <mem type="tenure" free="4038168" total="8388608" percent="48" micro-fragmented="1449836" macro-fragmented="0">
      <mem type="soa" free="3535384" total="7885824" percent="44" />
      <mem type="loa" free="502784" total="502784" percent="100" />
    </mem>
  </mem-info>
</gc-end>
<cycle-end id="129" type="global" contextid="122" timestamp="2019-08-03T01:09:57.491" />
  <attribute name="elasticGC enabled" value="1" />
  <attribute name= "numThreadsSpecified" value="2" />
  <attribute name="heapSize specified" value="0" />
  <attribute name= "numCores" value="8" />
  <attribute name ="GC Interval" value="0" />
  <attribute name ="Control flow" value="1" />
  <attribute name="GC Util Range Max" value="107" />
  <attribute name="Current GC Util" value="7" />
  <attribute name= "Current Time Running" value="446" />
<allocation-satisfied id="130" threadId="00000000016C9300" bytesRequested="40" />
<af-end id="131" timestamp="2019-08-03T01:09:57.491" threadId="00000000016C9C88" success="true" />
<exclusive-end id="132" timestamp="2019-08-03T01:09:57.491" durationms="3.813" />

<exclusive-start id="133" timestamp="2019-08-03T01:09:57.503" intervalms="16.044">
  <response-info timems="0.017" idlems="0.017" threads="0" lastid="00000000016C9300" lastname="Thread-14" />
</exclusive-start>
<af-start id="134" threadId="00000000016C9C88" totalBytesRequested="40" timestamp="2019-08-03T01:09:57.503" intervalms="16.034" />
<cycle-start id="135" type="global" contextid="0" timestamp="2019-08-03T01:09:57.503" intervalms="16.040" />
<gc-start id="136" type="global" contextid="135" timestamp="2019-08-03T01:09:57.504">
  <mem-info id="137" free="502784" total="8388608" percent="5">
    <mem type="tenure" free="502784" total="8388608" percent="5">
      <mem type="soa" free="0" total="7885824" percent="0" />
      <mem type="loa" free="502784" total="502784" percent="100" />
    </mem>
  </mem-info>
</gc-start>
<allocation-stats totalBytes="3520160" >
  <allocated-bytes non-tlh="0" tlh="3520160" />
  <largest-consumer threadName="Thread-14" threadId="00000000016C9300" bytes="3520160" />
</allocation-stats>
<gc-op id="138" type="mark" timems="1.487" contextid="135" timestamp="2019-08-03T01:09:57.505">
  <trace-info objectcount="50243" scancount="41818" scanbytes="1477216" />
  <finalization candidates="124" enqueued="0" />
  <ownableSynchronizers candidates="3" cleared="0" />
  <references type="soft" candidates="148" cleared="0" enqueued="0" dynamicThreshold="15" maxThreshold="32" />
  <references type="weak" candidates="769" cleared="0" enqueued="0" />
  <references type="phantom" candidates="63" cleared="0" enqueued="0" />
  <stringconstants candidates="4596" cleared="0"  />
</gc-op>
<gc-op id="139" type="sweep" timems="0.376" contextid="135" timestamp="2019-08-03T01:09:57.506" />
<gc-end id="140" type="global" contextid="135" durationms="3.087" usertimems="8.000" systemtimems="0.000" timestamp="2019-08-03T01:09:57.507" activeThreads="2">
  <mem-info id="141" free="3994824" total="8388608" percent="47">
    <mem type="tenure" free="3994824" total="8388608" percent="47" micro-fragmented="1364132" macro-fragmented="0">
      <mem type="soa" free="3492040" total="7885824" percent="44" />
      <mem type="loa" free="502784" total="502784" percent="100" />
    </mem>
  </mem-info>
</gc-end>
<cycle-end id="142" type="global" contextid="135" timestamp="2019-08-03T01:09:57.507" />
  <attribute name="elasticGC enabled" value="1" />
  <attribute name= "numThreadsSpecified" value="2" />
  <attribute name="heapSize specified" value="0" />
  <attribute name= "numCores" value="8" />
  <attribute name ="GC Interval" value="0" />
  <attribute name ="Control flow" value="1" />
  <attribute name="GC Util Range Max" value="107" />
  <attribute name="Current GC Util" value="8" />
  <attribute name= "Current Time Running" value="462" />
<allocation-satisfied id="143" threadId="00000000016C9300" bytesRequested="40" />
<af-end id="144" timestamp="2019-08-03T01:09:57.507" threadId="00000000016C9C88" success="true" />
<exclusive-end id="145" timestamp="2019-08-03T01:09:57.507" durationms="3.839" />

<exclusive-start id="146" timestamp="2019-08-03T01:09:57.519" intervalms="15.668">
  <response-info timems="0.056" idlems="0.056" threads="0" lastid="00000000016C9300" lastname="Thread-14" />
</exclusive-start>
<af-start id="147" threadId="00000000016C9C88" totalBytesRequested="40" timestamp="2019-08-03T01:09:57.519" intervalms="15.686" />
<cycle-start id="148" type="global" contextid="0" timestamp="2019-08-03T01:09:57.519" intervalms="15.657" />
<gc-start id="149" type="global" contextid="148" timestamp="2019-08-03T01:09:57.519">
  <mem-info id="150" free="502784" total="8388608" percent="5">
    <mem type="tenure" free="502784" total="8388608" percent="5">
      <mem type="soa" free="0" total="7885824" percent="0" />
      <mem type="loa" free="502784" total="502784" percent="100" />
    </mem>
  </mem-info>
</gc-start>
<allocation-stats totalBytes="3476736" >
  <allocated-bytes non-tlh="0" tlh="3476736" />
  <largest-consumer threadName="Thread-14" threadId="00000000016C9300" bytes="3476736" />
</allocation-stats>
<gc-op id="151" type="mark" timems="1.504" contextid="148" timestamp="2019-08-03T01:09:57.521">
  <trace-info objectcount="50374" scancount="41963" scanbytes="1480032" />
  <finalization candidates="124" enqueued="0" />
  <ownableSynchronizers candidates="3" cleared="0" />
  <references type="soft" candidates="148" cleared="0" enqueued="0" dynamicThreshold="15" maxThreshold="32" />
  <references type="weak" candidates="769" cleared="0" enqueued="0" />
  <references type="phantom" candidates="63" cleared="0" enqueued="0" />
  <stringconstants candidates="4596" cleared="0"  />
</gc-op>
<gc-op id="152" type="sweep" timems="0.280" contextid="148" timestamp="2019-08-03T01:09:57.521" />
<gc-end id="153" type="global" contextid="148" durationms="2.866" usertimems="8.000" systemtimems="0.000" timestamp="2019-08-03T01:09:57.522" activeThreads="8">
  <mem-info id="154" free="3960976" total="8388608" percent="47">
    <mem type="tenure" free="3960976" total="8388608" percent="47" micro-fragmented="1387043" macro-fragmented="0">
      <mem type="soa" free="3458192" total="7885824" percent="43" />
      <mem type="loa" free="502784" total="502784" percent="100" />
    </mem>
  </mem-info>
</gc-end>
<cycle-end id="155" type="global" contextid="148" timestamp="2019-08-03T01:09:57.522" />
  <attribute name="elasticGC enabled" value="1" />
  <attribute name= "numThreadsSpecified" value="2" />
  <attribute name="heapSize specified" value="0" />
  <attribute name= "numCores" value="8" />
  <attribute name ="GC Interval" value="0" />
  <attribute name ="Control flow" value="1" />
  <attribute name="GC Util Range Max" value="107" />
  <attribute name="Current GC Util" value="8" />
  <attribute name= "Current Time Running" value="478" />
<allocation-satisfied id="156" threadId="00000000016C9300" bytesRequested="40" />
<af-end id="157" timestamp="2019-08-03T01:09:57.522" threadId="00000000016C9C88" success="true" />
<exclusive-end id="158" timestamp="2019-08-03T01:09:57.522" durationms="3.556" />

<exclusive-start id="159" timestamp="2019-08-03T01:09:57.536" intervalms="17.015">
  <response-info timems="0.053" idlems="0.053" threads="0" lastid="00000000016C9300" lastname="Thread-14" />
</exclusive-start>
<af-start id="160" threadId="00000000016C9C88" totalBytesRequested="24" timestamp="2019-08-03T01:09:57.536" intervalms="16.987" />
<cycle-start id="161" type="global" contextid="0" timestamp="2019-08-03T01:09:57.536" intervalms="16.981" />
<gc-start id="162" type="global" contextid="161" timestamp="2019-08-03T01:09:57.536">
  <mem-info id="163" free="502784" total="8388608" percent="5">
    <mem type="tenure" free="502784" total="8388608" percent="5">
      <mem type="soa" free="0" total="7885824" percent="0" />
      <mem type="loa" free="502784" total="502784" percent="100" />
    </mem>
  </mem-info>
</gc-start>
<allocation-stats totalBytes="3441752" >
  <allocated-bytes non-tlh="0" tlh="3441752" />
  <largest-consumer threadName="Thread-14" threadId="00000000016C9300" bytes="3441752" />
</allocation-stats>
<gc-op id="164" type="mark" timems="1.550" contextid="161" timestamp="2019-08-03T01:09:57.538">
  <trace-info objectcount="50566" scancount="42139" scanbytes="1484656" />
  <finalization candidates="124" enqueued="0" />
  <ownableSynchronizers candidates="3" cleared="0" />
  <references type="soft" candidates="148" cleared="0" enqueued="0" dynamicThreshold="15" maxThreshold="32" />
  <references type="weak" candidates="769" cleared="0" enqueued="0" />
  <references type="phantom" candidates="63" cleared="0" enqueued="0" />
  <stringconstants candidates="4596" cleared="0"  />
</gc-op>
<gc-op id="165" type="sweep" timems="1.017" contextid="161" timestamp="2019-08-03T01:09:57.539" />
<gc-end id="166" type="global" contextid="161" durationms="3.685" usertimems="8.000" systemtimems="0.000" timestamp="2019-08-03T01:09:57.540" activeThreads="2">
  <mem-info id="167" free="3916488" total="8388608" percent="46">
    <mem type="tenure" free="3916488" total="8388608" percent="46" micro-fragmented="1386198" macro-fragmented="0">
      <mem type="soa" free="3413704" total="7885824" percent="43" />
      <mem type="loa" free="502784" total="502784" percent="100" />
    </mem>
  </mem-info>
</gc-end>
<cycle-end id="168" type="global" contextid="161" timestamp="2019-08-03T01:09:57.540" />
  <attribute name="elasticGC enabled" value="1" />
  <attribute name= "numThreadsSpecified" value="2" />
  <attribute name="heapSize specified" value="0" />
  <attribute name= "numCores" value="8" />
  <attribute name ="GC Interval" value="0" />
  <attribute name ="Control flow" value="2" />
  <attribute name="GC Util Range Max" value="107" />
  <attribute name="Current GC Util" value="70" />
  <attribute name= "Current Time Running" value="495" />
<allocation-satisfied id="169" threadId="00000000016C9300" bytesRequested="24" />
<af-end id="170" timestamp="2019-08-03T01:09:57.540" threadId="00000000016C9C88" success="true" />
<exclusive-end id="171" timestamp="2019-08-03T01:09:57.540" durationms="4.297" />

<exclusive-start id="172" timestamp="2019-08-03T01:09:57.554" intervalms="18.125">
  <response-info timems="0.060" idlems="0.060" threads="0" lastid="00000000016C9300" lastname="Thread-14" />
</exclusive-start>
<af-start id="173" threadId="00000000016C9C88" totalBytesRequested="40" timestamp="2019-08-03T01:09:57.554" intervalms="18.118" />
<cycle-start id="174" type="global" contextid="0" timestamp="2019-08-03T01:09:57.554" intervalms="18.164" />
<gc-start id="175" type="global" contextid="174" timestamp="2019-08-03T01:09:57.554">
  <mem-info id="176" free="502784" total="8388608" percent="5">
    <mem type="tenure" free="502784" total="8388608" percent="5">
      <mem type="soa" free="0" total="7885824" percent="0" />
      <mem type="loa" free="502784" total="502784" percent="100" />
    </mem>
  </mem-info>
</gc-start>
<allocation-stats totalBytes="3394840" >
  <allocated-bytes non-tlh="0" tlh="3394840" />
  <largest-consumer threadName="Thread-14" threadId="00000000016C9300" bytes="3394840" />
</allocation-stats>
<gc-op id="177" type="mark" timems="4.606" contextid="174" timestamp="2019-08-03T01:09:57.559">
  <trace-info objectcount="50796" scancount="42370" scanbytes="1490368" />
  <finalization candidates="124" enqueued="0" />
  <ownableSynchronizers candidates="3" cleared="0" />
  <references type="soft" candidates="148" cleared="0" enqueued="0" dynamicThreshold="14" maxThreshold="32" />
  <references type="weak" candidates="769" cleared="0" enqueued="0" />
  <references type="phantom" candidates="63" cleared="0" enqueued="0" />
  <stringconstants candidates="4596" cleared="0"  />
</gc-op>
<gc-op id="178" type="sweep" timems="1.287" contextid="174" timestamp="2019-08-03T01:09:57.560" />
<gc-end id="179" type="global" contextid="174" durationms="7.145" usertimems="12.000" systemtimems="0.000" timestamp="2019-08-03T01:09:57.562" activeThreads="2">
  <mem-info id="180" free="3864768" total="8388608" percent="46">
    <mem type="tenure" free="3864768" total="8388608" percent="46" micro-fragmented="1429304" macro-fragmented="0">
      <mem type="soa" free="3361984" total="7885824" percent="42" />
      <mem type="loa" free="502784" total="502784" percent="100" />
    </mem>
  </mem-info>
</gc-end>
<cycle-end id="181" type="global" contextid="174" timestamp="2019-08-03T01:09:57.562" />
  <attribute name="elasticGC enabled" value="1" />
  <attribute name= "numThreadsSpecified" value="2" />
  <attribute name="heapSize specified" value="0" />
  <attribute name= "numCores" value="8" />
  <attribute name ="GC Interval" value="0" />
  <attribute name ="Control flow" value="2" />
  <attribute name="GC Util Range Max" value="107" />
  <attribute name="Current GC Util" value="66" />
  <attribute name= "Current Time Running" value="517" />
<allocation-satisfied id="182" threadId="00000000016C9300" bytesRequested="40" />
<af-end id="183" timestamp="2019-08-03T01:09:57.562" threadId="00000000016C9C88" success="true" />
<exclusive-end id="184" timestamp="2019-08-03T01:09:57.562" durationms="8.008" />

<exclusive-start id="185" timestamp="2019-08-03T01:09:57.575" intervalms="21.333">
  <response-info timems="0.021" idlems="0.021" threads="0" lastid="00000000016C9300" lastname="Thread-14" />
</exclusive-start>
<af-start id="186" threadId="00000000016C9C88" totalBytesRequested="40" timestamp="2019-08-03T01:09:57.575" intervalms="21.353" />
<cycle-start id="187" type="global" contextid="0" timestamp="2019-08-03T01:09:57.576" intervalms="21.349" />
<gc-start id="188" type="global" contextid="187" timestamp="2019-08-03T01:09:57.576">
  <mem-info id="189" free="502784" total="8388608" percent="5">
    <mem type="tenure" free="502784" total="8388608" percent="5">
      <mem type="soa" free="0" total="7885824" percent="0" />
      <mem type="loa" free="502784" total="502784" percent="100" />
    </mem>
  </mem-info>
</gc-start>
<allocation-stats totalBytes="3344360" >
  <allocated-bytes non-tlh="0" tlh="3344360" />
  <largest-consumer threadName="Thread-14" threadId="00000000016C9300" bytes="3344360" />
</allocation-stats>
<gc-op id="190" type="mark" timems="5.758" contextid="187" timestamp="2019-08-03T01:09:57.582">
  <trace-info objectcount="50383" scancount="41986" scanbytes="1476172" />
  <finalization candidates="124" enqueued="0" />
  <ownableSynchronizers candidates="3" cleared="0" />
  <references type="soft" candidates="148" cleared="47" enqueued="44" dynamicThreshold="14" maxThreshold="32" />
  <references type="weak" candidates="769" cleared="0" enqueued="0" />
  <references type="phantom" candidates="63" cleared="0" enqueued="0" />
  <stringconstants candidates="4596" cleared="0"  />
</gc-op>
<gc-op id="191" type="sweep" timems="0.310" contextid="187" timestamp="2019-08-03T01:09:57.582" />
<gc-end id="192" type="global" contextid="187" durationms="7.269" usertimems="8.000" systemtimems="0.000" timestamp="2019-08-03T01:09:57.583" activeThreads="2">
  <mem-info id="193" free="3845568" total="8388608" percent="45">
    <mem type="tenure" free="3845568" total="8388608" percent="45" micro-fragmented="1446160" macro-fragmented="0">
      <mem type="soa" free="3342784" total="7885824" percent="42" />
      <mem type="loa" free="502784" total="502784" percent="100" />
    </mem>
    <pending-finalizers system="0" default="0" reference="44" classloader="0" />
  </mem-info>
</gc-end>
<cycle-end id="194" type="global" contextid="187" timestamp="2019-08-03T01:09:57.583" />
  <attribute name="elasticGC enabled" value="1" />
  <attribute name= "numThreadsSpecified" value="2" />
  <attribute name="heapSize specified" value="0" />
  <attribute name= "numCores" value="8" />
  <attribute name ="GC Interval" value="0" />
  <attribute name ="Control flow" value="1" />
  <attribute name="GC Util Range Max" value="107" />
  <attribute name="Current GC Util" value="6" />
  <attribute name= "Current Time Running" value="538" />
<allocation-satisfied id="195" threadId="00000000016C9300" bytesRequested="40" />
<af-end id="196" timestamp="2019-08-03T01:09:57.583" threadId="00000000016C9C88" success="true" />
<exclusive-end id="197" timestamp="2019-08-03T01:09:57.583" durationms="8.019" />

<exclusive-start id="198" timestamp="2019-08-03T01:09:57.597" intervalms="21.707">
  <response-info timems="0.054" idlems="0.054" threads="0" lastid="00000000016C9300" lastname="Thread-14" />
</exclusive-start>
<af-start id="199" threadId="00000000016C9C88" totalBytesRequested="40" timestamp="2019-08-03T01:09:57.597" intervalms="21.719" />
<cycle-start id="200" type="global" contextid="0" timestamp="2019-08-03T01:09:57.597" intervalms="21.722" />
<gc-start id="201" type="global" contextid="200" timestamp="2019-08-03T01:09:57.597">
  <mem-info id="202" free="502784" total="8388608" percent="5">
    <mem type="tenure" free="502784" total="8388608" percent="5">
      <mem type="soa" free="0" total="7885824" percent="0" />
      <mem type="loa" free="502784" total="502784" percent="100" />
    </mem>
  </mem-info>
</gc-start>
<allocation-stats totalBytes="3323656" >
  <allocated-bytes non-tlh="0" tlh="3323656" />
  <largest-consumer threadName="Thread-14" threadId="00000000016C9300" bytes="3322176" />
</allocation-stats>
<gc-op id="203" type="mark" timems="1.382" contextid="200" timestamp="2019-08-03T01:09:57.599">
  <trace-info objectcount="46784" scancount="39209" scanbytes="1400648" />
  <finalization candidates="124" enqueued="0" />
  <ownableSynchronizers candidates="3" cleared="0" />
  <references type="soft" candidates="101" cleared="15" enqueued="13" dynamicThreshold="14" maxThreshold="32" />
  <references type="weak" candidates="769" cleared="0" enqueued="0" />
  <references type="phantom" candidates="63" cleared="0" enqueued="0" />
  <stringconstants candidates="4596" cleared="0"  />
</gc-op>
<gc-op id="204" type="sweep" timems="0.362" contextid="200" timestamp="2019-08-03T01:09:57.599" />
<gc-end id="205" type="global" contextid="200" durationms="2.979" usertimems="4.000" systemtimems="0.000" timestamp="2019-08-03T01:09:57.600" activeThreads="8">
  <mem-info id="206" free="4017704" total="8388608" percent="47">
    <mem type="tenure" free="4017704" total="8388608" percent="47" micro-fragmented="1384912" macro-fragmented="0">
      <mem type="soa" free="3514920" total="7885824" percent="44" />
      <mem type="loa" free="502784" total="502784" percent="100" />
    </mem>
    <pending-finalizers system="0" default="0" reference="13" classloader="0" />
  </mem-info>
</gc-end>
<cycle-end id="207" type="global" contextid="200" timestamp="2019-08-03T01:09:57.601" />
  <attribute name="elasticGC enabled" value="1" />
  <attribute name= "numThreadsSpecified" value="2" />
  <attribute name="heapSize specified" value="0" />
  <attribute name= "numCores" value="8" />
  <attribute name ="GC Interval" value="0" />
  <attribute name ="Control flow" value="1" />
  <attribute name="GC Util Range Max" value="107" />
  <attribute name="Current GC Util" value="7" />
  <attribute name= "Current Time Running" value="556" />
<allocation-satisfied id="208" threadId="00000000016C9300" bytesRequested="40" />
<af-end id="209" timestamp="2019-08-03T01:09:57.601" threadId="00000000016C9C88" success="true" />
<exclusive-end id="210" timestamp="2019-08-03T01:09:57.601" durationms="3.811" />

<exclusive-start id="211" timestamp="2019-08-03T01:09:57.615" intervalms="17.671">
  <response-info timems="0.019" idlems="0.019" threads="0" lastid="00000000016C9300" lastname="Thread-14" />
</exclusive-start>
<af-start id="212" threadId="00000000016C9C88" totalBytesRequested="24" timestamp="2019-08-03T01:09:57.615" intervalms="17.657" />
<cycle-start id="213" type="global" contextid="0" timestamp="2019-08-03T01:09:57.615" intervalms="17.649" />
<gc-start id="214" type="global" contextid="213" timestamp="2019-08-03T01:09:57.615">
  <mem-info id="215" free="502784" total="8388608" percent="5">
    <mem type="tenure" free="502784" total="8388608" percent="5">
      <mem type="soa" free="0" total="7885824" percent="0" />
      <mem type="loa" free="502784" total="502784" percent="100" />
    </mem>
  </mem-info>
</gc-start>
<allocation-stats totalBytes="3494280" >
  <allocated-bytes non-tlh="0" tlh="3494280" />
  <largest-consumer threadName="Thread-14" threadId="00000000016C9300" bytes="3494280" />
</allocation-stats>
<heap-resize id="216" type="loa contract" space="tenure" amount="83968" count="1" timems="0.000" reason="contract underutilized loa" timestamp="2019-08-03T01:09:57.615" />
<gc-op id="217" type="mark" timems="1.272" contextid="213" timestamp="2019-08-03T01:09:57.617">
  <trace-info objectcount="46932" scancount="39349" scanbytes="1403168" />
  <finalization candidates="124" enqueued="0" />
  <ownableSynchronizers candidates="3" cleared="0" />
  <references type="soft" candidates="86" cleared="0" enqueued="0" dynamicThreshold="15" maxThreshold="32" />
  <references type="weak" candidates="769" cleared="0" enqueued="0" />
  <references type="phantom" candidates="63" cleared="0" enqueued="0" />
  <stringconstants candidates="4596" cleared="0"  />
</gc-op>
<gc-op id="218" type="sweep" timems="0.342" contextid="213" timestamp="2019-08-03T01:09:57.617" />
<gc-end id="219" type="global" contextid="213" durationms="2.934" usertimems="4.000" systemtimems="0.000" timestamp="2019-08-03T01:09:57.618" activeThreads="8">
  <mem-info id="220" free="3960376" total="8388608" percent="47">
    <mem type="tenure" free="3960376" total="8388608" percent="47" micro-fragmented="1473892" macro-fragmented="0">
      <mem type="soa" free="3541560" total="7969792" percent="44" />
      <mem type="loa" free="418816" total="418816" percent="100" />
    </mem>
  </mem-info>
</gc-end>
<cycle-end id="221" type="global" contextid="213" timestamp="2019-08-03T01:09:57.618" />
  <attribute name="elasticGC enabled" value="1" />
  <attribute name= "numThreadsSpecified" value="2" />
  <attribute name="heapSize specified" value="0" />
  <attribute name= "numCores" value="8" />
  <attribute name ="GC Interval" value="0" />
  <attribute name ="Control flow" value="1" />
  <attribute name="GC Util Range Max" value="107" />
  <attribute name="Current GC Util" value="7" />
  <attribute name= "Current Time Running" value="574" />
<allocation-satisfied id="222" threadId="00000000016C9300" bytesRequested="24" />
<af-end id="223" timestamp="2019-08-03T01:09:57.618" threadId="00000000016C9C88" success="true" />
<exclusive-end id="224" timestamp="2019-08-03T01:09:57.618" durationms="3.688" />

<exclusive-start id="225" timestamp="2019-08-03T01:09:57.633" intervalms="17.874">
  <response-info timems="0.054" idlems="0.054" threads="0" lastid="00000000016C9300" lastname="Thread-14" />
</exclusive-start>
<af-start id="226" threadId="00000000016C9C88" totalBytesRequested="40" timestamp="2019-08-03T01:09:57.633" intervalms="17.883" />
<cycle-start id="227" type="global" contextid="0" timestamp="2019-08-03T01:09:57.633" intervalms="17.889" />
<gc-start id="228" type="global" contextid="227" timestamp="2019-08-03T01:09:57.633">
  <mem-info id="229" free="418816" total="8388608" percent="4">
    <mem type="tenure" free="418816" total="8388608" percent="4">
      <mem type="soa" free="0" total="7969792" percent="0" />
      <mem type="loa" free="418816" total="418816" percent="100" />
    </mem>
  </mem-info>
</gc-start>
<allocation-stats totalBytes="3520192" >
  <allocated-bytes non-tlh="0" tlh="3520192" />
  <largest-consumer threadName="Thread-14" threadId="00000000016C9300" bytes="3520192" />
</allocation-stats>
<heap-resize id="230" type="loa contract" space="tenure" amount="83968" count="1" timems="0.000" reason="contract underutilized loa" timestamp="2019-08-03T01:09:57.633" />
<gc-op id="231" type="mark" timems="1.563" contextid="227" timestamp="2019-08-03T01:09:57.635">
  <trace-info objectcount="47205" scancount="39612" scanbytes="1409816" />
  <finalization candidates="124" enqueued="0" />
  <ownableSynchronizers candidates="3" cleared="0" />
  <references type="soft" candidates="86" cleared="0" enqueued="0" dynamicThreshold="15" maxThreshold="32" />
  <references type="weak" candidates="769" cleared="0" enqueued="0" />
  <references type="phantom" candidates="63" cleared="0" enqueued="0" />
  <stringconstants candidates="4596" cleared="0"  />
</gc-op>
<gc-op id="232" type="sweep" timems="0.310" contextid="227" timestamp="2019-08-03T01:09:57.635" />
<gc-end id="233" type="global" contextid="227" durationms="3.123" usertimems="8.000" systemtimems="0.000" timestamp="2019-08-03T01:09:57.636" activeThreads="8">
  <mem-info id="234" free="3887096" total="8388608" percent="46">
    <mem type="tenure" free="3887096" total="8388608" percent="46" micro-fragmented="1457246" macro-fragmented="0">
      <mem type="soa" free="3552248" total="8053760" percent="44" />
      <mem type="loa" free="334848" total="334848" percent="100" />
    </mem>
  </mem-info>
</gc-end>
<cycle-end id="235" type="global" contextid="227" timestamp="2019-08-03T01:09:57.636" />
  <attribute name="elasticGC enabled" value="1" />
  <attribute name= "numThreadsSpecified" value="2" />
  <attribute name="heapSize specified" value="0" />
  <attribute name= "numCores" value="8" />
  <attribute name ="GC Interval" value="0" />
  <attribute name ="Control flow" value="1" />
  <attribute name="GC Util Range Max" value="107" />
  <attribute name="Current GC Util" value="6" />
  <attribute name= "Current Time Running" value="592" />
<allocation-satisfied id="236" threadId="00000000016C9300" bytesRequested="40" />
<af-end id="237" timestamp="2019-08-03T01:09:57.636" threadId="00000000016C9C88" success="true" />
<exclusive-end id="238" timestamp="2019-08-03T01:09:57.637" durationms="3.910" />

<exclusive-start id="239" timestamp="2019-08-03T01:09:57.651" intervalms="18.337">
  <response-info timems="0.030" idlems="0.030" threads="0" lastid="00000000016C9300" lastname="Thread-14" />
</exclusive-start>
<af-start id="240" threadId="00000000016C9C88" totalBytesRequested="40" timestamp="2019-08-03T01:09:57.651" intervalms="18.338" />
<cycle-start id="241" type="global" contextid="0" timestamp="2019-08-03T01:09:57.651" intervalms="18.340" />
<gc-start id="242" type="global" contextid="241" timestamp="2019-08-03T01:09:57.651">
  <mem-info id="243" free="334848" total="8388608" percent="3">
    <mem type="tenure" free="334848" total="8388608" percent="3">
      <mem type="soa" free="0" total="8053760" percent="0" />
      <mem type="loa" free="334848" total="334848" percent="100" />
    </mem>
  </mem-info>
</gc-start>
<allocation-stats totalBytes="3530024" >
  <allocated-bytes non-tlh="0" tlh="3530024" />
  <largest-consumer threadName="Thread-14" threadId="00000000016C9300" bytes="3530024" />
</allocation-stats>
<heap-resize id="244" type="loa contract" space="tenure" amount="83968" count="1" timems="0.000" reason="contract underutilized loa" timestamp="2019-08-03T01:09:57.651" />
<gc-op id="245" type="mark" timems="1.518" contextid="241" timestamp="2019-08-03T01:09:57.653">
  <trace-info objectcount="47442" scancount="39860" scanbytes="1415464" />
  <finalization candidates="124" enqueued="0" />
  <ownableSynchronizers candidates="3" cleared="0" />
  <references type="soft" candidates="86" cleared="2" enqueued="1" dynamicThreshold="14" maxThreshold="32" />
  <references type="weak" candidates="769" cleared="0" enqueued="0" />
  <references type="phantom" candidates="63" cleared="0" enqueued="0" />
  <stringconstants candidates="4596" cleared="0"  />
</gc-op>
<gc-op id="246" type="sweep" timems="0.334" contextid="241" timestamp="2019-08-03T01:09:57.654" />
<gc-end id="247" type="global" contextid="241" durationms="3.106" usertimems="8.000" systemtimems="0.000" timestamp="2019-08-03T01:09:57.654" activeThreads="2">
  <mem-info id="248" free="3810552" total="8388608" percent="45">
    <mem type="tenure" free="3810552" total="8388608" percent="45" micro-fragmented="1479247" macro-fragmented="0">
      <mem type="soa" free="3559672" total="8137728" percent="43" />
      <mem type="loa" free="250880" total="250880" percent="100" />
    </mem>
    <pending-finalizers system="0" default="0" reference="1" classloader="0" />
  </mem-info>
</gc-end>
<cycle-end id="249" type="global" contextid="241" timestamp="2019-08-03T01:09:57.655" />
  <attribute name="elasticGC enabled" value="1" />
  <attribute name= "numThreadsSpecified" value="2" />
  <attribute name="heapSize specified" value="0" />
  <attribute name= "numCores" value="8" />
  <attribute name ="GC Interval" value="0" />
  <attribute name ="Control flow" value="1" />
  <attribute name="GC Util Range Max" value="107" />
  <attribute name="Current GC Util" value="6" />
  <attribute name= "Current Time Running" value="610" />
<allocation-satisfied id="250" threadId="00000000016C9300" bytesRequested="40" />
<af-end id="251" timestamp="2019-08-03T01:09:57.655" threadId="00000000016C9C88" success="true" />
<exclusive-end id="252" timestamp="2019-08-03T01:09:57.655" durationms="3.916" />

<exclusive-start id="253" timestamp="2019-08-03T01:09:57.670" intervalms="19.107">
  <response-info timems="0.027" idlems="0.027" threads="0" lastid="00000000016C9300" lastname="Thread-14" />
</exclusive-start>
<af-start id="254" threadId="00000000016C9C88" totalBytesRequested="40" timestamp="2019-08-03T01:09:57.670" intervalms="19.090" />
<cycle-start id="255" type="global" contextid="0" timestamp="2019-08-03T01:09:57.670" intervalms="19.047" />
<gc-start id="256" type="global" contextid="255" timestamp="2019-08-03T01:09:57.670">
  <mem-info id="257" free="250880" total="8388608" percent="2">
    <mem type="tenure" free="250880" total="8388608" percent="2">
      <mem type="soa" free="0" total="8137728" percent="0" />
      <mem type="loa" free="250880" total="250880" percent="100" />
    </mem>
  </mem-info>
</gc-start>
<allocation-stats totalBytes="3537080" >
  <allocated-bytes non-tlh="0" tlh="3537080" />
  <largest-consumer threadName="Thread-14" threadId="00000000016C9300" bytes="3536072" />
</allocation-stats>
<heap-resize id="258" type="loa contract" space="tenure" amount="83968" count="1" timems="0.000" reason="contract underutilized loa" timestamp="2019-08-03T01:09:57.670" />
<gc-op id="259" type="mark" timems="1.487" contextid="255" timestamp="2019-08-03T01:09:57.672">
  <trace-info objectcount="47616" scancount="40042" scanbytes="1420376" />
  <finalization candidates="124" enqueued="0" />
  <ownableSynchronizers candidates="3" cleared="0" />
  <references type="soft" candidates="84" cleared="0" enqueued="0" dynamicThreshold="14" maxThreshold="32" />
  <references type="weak" candidates="769" cleared="0" enqueued="0" />
  <references type="phantom" candidates="63" cleared="0" enqueued="0" />
  <stringconstants candidates="4596" cleared="0"  />
</gc-op>
<gc-op id="260" type="sweep" timems="1.058" contextid="255" timestamp="2019-08-03T01:09:57.673" />
<gc-end id="261" type="global" contextid="255" durationms="3.794" usertimems="4.000" systemtimems="0.000" timestamp="2019-08-03T01:09:57.674" activeThreads="2">
  <mem-info id="262" free="3757920" total="8388608" percent="44">
    <mem type="tenure" free="3757920" total="8388608" percent="44" micro-fragmented="1498463" macro-fragmented="0">
      <mem type="soa" free="3591008" total="8221696" percent="43" />
      <mem type="loa" free="166912" total="166912" percent="100" />
    </mem>
  </mem-info>
</gc-end>
<cycle-end id="263" type="global" contextid="255" timestamp="2019-08-03T01:09:57.674" />
  <attribute name="elasticGC enabled" value="1" />
  <attribute name= "numThreadsSpecified" value="2" />
  <attribute name="heapSize specified" value="0" />
  <attribute name= "numCores" value="8" />
  <attribute name ="GC Interval" value="0" />
  <attribute name ="Control flow" value="1" />
  <attribute name="GC Util Range Max" value="107" />
  <attribute name="Current GC Util" value="71" />
  <attribute name= "Current Time Running" value="630" />
<allocation-satisfied id="264" threadId="00000000016C9300" bytesRequested="40" />
<af-end id="265" timestamp="2019-08-03T01:09:57.674" threadId="00000000016C9C88" success="true" />
<exclusive-end id="266" timestamp="2019-08-03T01:09:57.675" durationms="4.475" />

<exclusive-start id="267" timestamp="2019-08-03T01:09:57.686" intervalms="16.221">
  <response-info timems="0.028" idlems="0.028" threads="0" lastid="00000000016C9300" lastname="Thread-14" />
</exclusive-start>
<af-start id="268" threadId="00000000016C9C88" totalBytesRequested="40" timestamp="2019-08-03T01:09:57.686" intervalms="16.217" />
<cycle-start id="269" type="global" contextid="0" timestamp="2019-08-03T01:09:57.686" intervalms="16.222" />
<gc-start id="270" type="global" contextid="269" timestamp="2019-08-03T01:09:57.687">
  <mem-info id="271" free="166912" total="8388608" percent="1">
    <mem type="tenure" free="166912" total="8388608" percent="1">
      <mem type="soa" free="0" total="8221696" percent="0" />
      <mem type="loa" free="166912" total="166912" percent="100" />
    </mem>
  </mem-info>
</gc-start>
<allocation-stats totalBytes="3568240" >
  <allocated-bytes non-tlh="0" tlh="3568240" />
  <largest-consumer threadName="Thread-14" threadId="00000000016C9300" bytes="3568240" />
</allocation-stats>
<heap-resize id="272" type="loa contract" space="tenure" amount="83968" count="1" timems="0.000" reason="contract underutilized loa" timestamp="2019-08-03T01:09:57.687" />
<gc-op id="273" type="mark" timems="1.567" contextid="269" timestamp="2019-08-03T01:09:57.688">
  <trace-info objectcount="47754" scancount="40164" scanbytes="1423448" />
  <finalization candidates="124" enqueued="0" />
  <ownableSynchronizers candidates="3" cleared="0" />
  <references type="soft" candidates="84" cleared="0" enqueued="0" dynamicThreshold="14" maxThreshold="32" />
  <references type="weak" candidates="769" cleared="0" enqueued="0" />
  <references type="phantom" candidates="63" cleared="0" enqueued="0" />
  <stringconstants candidates="4596" cleared="0"  />
</gc-op>
<gc-op id="274" type="sweep" timems="1.051" contextid="269" timestamp="2019-08-03T01:09:57.689" />
<gc-end id="275" type="global" contextid="269" durationms="3.773" usertimems="0.000" systemtimems="4.000" timestamp="2019-08-03T01:09:57.690" activeThreads="8">
  <mem-info id="276" free="3706184" total="8388608" percent="44">
    <mem type="tenure" free="3706184" total="8388608" percent="44" micro-fragmented="1615736" macro-fragmented="0">
      <mem type="soa" free="3623240" total="8305664" percent="43" />
      <mem type="loa" free="82944" total="82944" percent="100" />
    </mem>
  </mem-info>
</gc-end>
<cycle-end id="277" type="global" contextid="269" timestamp="2019-08-03T01:09:57.690" />
  <attribute name="elasticGC enabled" value="1" />
  <attribute name= "numThreadsSpecified" value="2" />
  <attribute name="heapSize specified" value="0" />
  <attribute name= "numCores" value="8" />
  <attribute name ="GC Interval" value="0" />
  <attribute name ="Control flow" value="1" />
  <attribute name="GC Util Range Max" value="107" />
  <attribute name="Current GC Util" value="72" />
  <attribute name= "Current Time Running" value="646" />
<allocation-satisfied id="278" threadId="00000000016C9300" bytesRequested="40" />
<af-end id="279" timestamp="2019-08-03T01:09:57.691" threadId="00000000016C9C88" success="true" />
<exclusive-end id="280" timestamp="2019-08-03T01:09:57.691" durationms="4.650" />

<exclusive-start id="281" timestamp="2019-08-03T01:09:57.705" intervalms="18.725">
  <response-info timems="0.056" idlems="0.056" threads="0" lastid="00000000016C9300" lastname="Thread-14" />
</exclusive-start>
<af-start id="282" threadId="00000000016C9C88" totalBytesRequested="40" timestamp="2019-08-03T01:09:57.705" intervalms="18.790" />
<cycle-start id="283" type="global" contextid="0" timestamp="2019-08-03T01:09:57.705" intervalms="18.864" />
<gc-start id="284" type="global" contextid="283" timestamp="2019-08-03T01:09:57.705">
  <mem-info id="285" free="82944" total="8388608" percent="0">
    <mem type="tenure" free="82944" total="8388608" percent="0">
      <mem type="soa" free="0" total="8305664" percent="0" />
      <mem type="loa" free="82944" total="82944" percent="100" />
    </mem>
  </mem-info>
</gc-start>
<allocation-stats totalBytes="3599048" >
  <allocated-bytes non-tlh="0" tlh="3599048" />
  <largest-consumer threadName="Thread-14" threadId="00000000016C9300" bytes="3599048" />
</allocation-stats>
<gc-op id="286" type="mark" timems="1.534" contextid="283" timestamp="2019-08-03T01:09:57.707">
  <trace-info objectcount="47848" scancount="40256" scanbytes="1425448" />
  <finalization candidates="124" enqueued="0" />
  <ownableSynchronizers candidates="3" cleared="0" />
  <references type="soft" candidates="84" cleared="0" enqueued="0" dynamicThreshold="14" maxThreshold="32" />
  <references type="weak" candidates="769" cleared="0" enqueued="0" />
  <references type="phantom" candidates="63" cleared="0" enqueued="0" />
  <stringconstants candidates="4596" cleared="0"  />
</gc-op>
<gc-op id="287" type="sweep" timems="0.409" contextid="283" timestamp="2019-08-03T01:09:57.708" />
<gc-end id="288" type="global" contextid="283" durationms="3.371" usertimems="4.000" systemtimems="0.000" timestamp="2019-08-03T01:09:57.709" activeThreads="2">
  <mem-info id="289" free="3655928" total="8388608" percent="43">
    <mem type="tenure" free="3655928" total="8388608" percent="43" micro-fragmented="1547393" macro-fragmented="0">
      <mem type="soa" free="3572984" total="8305664" percent="43" />
      <mem type="loa" free="82944" total="82944" percent="100" />
    </mem>
  </mem-info>
</gc-end>
<cycle-end id="290" type="global" contextid="283" timestamp="2019-08-03T01:09:57.709" />
  <attribute name="elasticGC enabled" value="1" />
  <attribute name= "numThreadsSpecified" value="2" />
  <attribute name="heapSize specified" value="0" />
  <attribute name= "numCores" value="8" />
  <attribute name ="GC Interval" value="0" />
  <attribute name ="Control flow" value="1" />
  <attribute name="GC Util Range Max" value="107" />
  <attribute name="Current GC Util" value="7" />
  <attribute name= "Current Time Running" value="664" />
<allocation-satisfied id="291" threadId="00000000016C9300" bytesRequested="40" />
<af-end id="292" timestamp="2019-08-03T01:09:57.709" threadId="00000000016C9C88" success="true" />
<exclusive-end id="293" timestamp="2019-08-03T01:09:57.709" durationms="4.446" />

<exclusive-start id="294" timestamp="2019-08-03T01:09:57.722" intervalms="16.569">
  <response-info timems="0.058" idlems="0.058" threads="0" lastid="00000000016C9300" lastname="Thread-14" />
</exclusive-start>
<af-start id="295" threadId="00000000016C9C88" totalBytesRequested="24" timestamp="2019-08-03T01:09:57.722" intervalms="16.527" />
<cycle-start id="296" type="global" contextid="0" timestamp="2019-08-03T01:09:57.722" intervalms="16.485" />
<gc-start id="297" type="global" contextid="296" timestamp="2019-08-03T01:09:57.722">
  <mem-info id="298" free="82944" total="8388608" percent="0">
    <mem type="tenure" free="82944" total="8388608" percent="0">
      <mem type="soa" free="0" total="8305664" percent="0" />
      <mem type="loa" free="82944" total="82944" percent="100" />
    </mem>
  </mem-info>
</gc-start>
<allocation-stats totalBytes="3549192" >
  <allocated-bytes non-tlh="0" tlh="3549192" />
  <largest-consumer threadName="Thread-14" threadId="00000000016C9300" bytes="3549192" />
</allocation-stats>
<gc-op id="299" type="mark" timems="1.465" contextid="296" timestamp="2019-08-03T01:09:57.724">
  <trace-info objectcount="48112" scancount="40516" scanbytes="1432264" />
  <finalization candidates="124" enqueued="0" />
  <ownableSynchronizers candidates="3" cleared="0" />
  <references type="soft" candidates="84" cleared="0" enqueued="0" dynamicThreshold="13" maxThreshold="32" />
  <references type="weak" candidates="769" cleared="0" enqueued="0" />
  <references type="phantom" candidates="63" cleared="0" enqueued="0" />
  <stringconstants candidates="4596" cleared="0"  />
</gc-op>
<gc-op id="300" type="sweep" timems="0.585" contextid="296" timestamp="2019-08-03T01:09:57.724" />
<gc-end id="301" type="global" contextid="296" durationms="3.438" usertimems="4.000" systemtimems="0.000" timestamp="2019-08-03T01:09:57.725" activeThreads="2">
  <mem-info id="302" free="3593104" total="8388608" percent="42">
    <mem type="tenure" free="3593104" total="8388608" percent="42" micro-fragmented="1532954" macro-fragmented="0">
      <mem type="soa" free="3510160" total="8305664" percent="42" />
      <mem type="loa" free="82944" total="82944" percent="100" />
    </mem>
  </mem-info>
</gc-end>
<cycle-end id="303" type="global" contextid="296" timestamp="2019-08-03T01:09:57.726" />
  <attribute name="elasticGC enabled" value="1" />
  <attribute name= "numThreadsSpecified" value="2" />
  <attribute name="heapSize specified" value="0" />
  <attribute name= "numCores" value="8" />
  <attribute name ="GC Interval" value="0" />
  <attribute name ="Control flow" value="2" />
  <attribute name="GC Util Range Max" value="107" />
  <attribute name="Current GC Util" value="5" />
  <attribute name= "Current Time Running" value="681" />
<allocation-satisfied id="304" threadId="00000000016C9300" bytesRequested="24" />
<af-end id="305" timestamp="2019-08-03T01:09:57.726" threadId="00000000016C9C88" success="true" />
<exclusive-end id="306" timestamp="2019-08-03T01:09:57.726" durationms="4.419" />

<exclusive-start id="307" timestamp="2019-08-03T01:09:57.737" intervalms="15.374">
  <response-info timems="0.037" idlems="0.037" threads="0" lastid="00000000016C9300" lastname="Thread-14" />
</exclusive-start>
<af-start id="308" threadId="00000000016C9C88" totalBytesRequested="24" timestamp="2019-08-03T01:09:57.737" intervalms="15.391" />
<cycle-start id="309" type="global" contextid="0" timestamp="2019-08-03T01:09:57.737" intervalms="15.384" />
<gc-start id="310" type="global" contextid="309" timestamp="2019-08-03T01:09:57.737">
  <mem-info id="311" free="82944" total="8388608" percent="0">
    <mem type="tenure" free="82944" total="8388608" percent="0">
      <mem type="soa" free="0" total="8305664" percent="0" />
      <mem type="loa" free="82944" total="82944" percent="100" />
    </mem>
  </mem-info>
</gc-start>
<allocation-stats totalBytes="3486664" >
  <allocated-bytes non-tlh="0" tlh="3486664" />
  <largest-consumer threadName="Thread-14" threadId="00000000016C9300" bytes="3486664" />
</allocation-stats>
<gc-op id="312" type="mark" timems="2.413" contextid="309" timestamp="2019-08-03T01:09:57.740">
  <trace-info objectcount="48295" scancount="40710" scanbytes="1436280" />
  <finalization candidates="124" enqueued="0" />
  <ownableSynchronizers candidates="3" cleared="0" />
  <references type="soft" candidates="84" cleared="0" enqueued="0" dynamicThreshold="13" maxThreshold="32" />
  <references type="weak" candidates="769" cleared="0" enqueued="0" />
  <references type="phantom" candidates="63" cleared="0" enqueued="0" />
  <stringconstants candidates="4596" cleared="0"  />
</gc-op>
<gc-op id="313" type="sweep" timems="0.276" contextid="309" timestamp="2019-08-03T01:09:57.740" />
<gc-end id="314" type="global" contextid="309" durationms="4.048" usertimems="8.000" systemtimems="0.000" timestamp="2019-08-03T01:09:57.741" activeThreads="2">
  <mem-info id="315" free="3528776" total="8388608" percent="42">
    <mem type="tenure" free="3528776" total="8388608" percent="42" micro-fragmented="1621304" macro-fragmented="0">
      <mem type="soa" free="3445832" total="8305664" percent="41" />
      <mem type="loa" free="82944" total="82944" percent="100" />
    </mem>
  </mem-info>
</gc-end>
<cycle-end id="316" type="global" contextid="309" timestamp="2019-08-03T01:09:57.742" />
  <attribute name="elasticGC enabled" value="1" />
  <attribute name= "numThreadsSpecified" value="2" />
  <attribute name="heapSize specified" value="0" />
  <attribute name= "numCores" value="8" />
  <attribute name ="GC Interval" value="0" />
  <attribute name ="Control flow" value="2" />
  <attribute name="GC Util Range Max" value="107" />
  <attribute name="Current GC Util" value="0" />
  <attribute name= "Current Time Running" value="697" />
<allocation-satisfied id="317" threadId="00000000016C9300" bytesRequested="24" />
<af-end id="318" timestamp="2019-08-03T01:09:57.742" threadId="00000000016C9C88" success="true" />
<exclusive-end id="319" timestamp="2019-08-03T01:09:57.742" durationms="5.049" />

<exclusive-start id="320" timestamp="2019-08-03T01:09:57.752" intervalms="15.428">
  <response-info timems="0.066" idlems="0.066" threads="0" lastid="00000000016C9300" lastname="Thread-14" />
</exclusive-start>
<af-start id="321" threadId="00000000016C9C88" totalBytesRequested="40" timestamp="2019-08-03T01:09:57.753" intervalms="15.480" />
<cycle-start id="322" type="global" contextid="0" timestamp="2019-08-03T01:09:57.753" intervalms="15.477" />
<gc-start id="323" type="global" contextid="322" timestamp="2019-08-03T01:09:57.753">
  <mem-info id="324" free="82944" total="8388608" percent="0">
    <mem type="tenure" free="82944" total="8388608" percent="0">
      <mem type="soa" free="0" total="8305664" percent="0" />
      <mem type="loa" free="82944" total="82944" percent="100" />
    </mem>
  </mem-info>
</gc-start>
<allocation-stats totalBytes="3420568" >
  <allocated-bytes non-tlh="0" tlh="3420568" />
  <largest-consumer threadName="Thread-14" threadId="00000000016C9300" bytes="3420568" />
</allocation-stats>
<gc-op id="325" type="mark" timems="1.484" contextid="322" timestamp="2019-08-03T01:09:57.754">
  <trace-info objectcount="48496" scancount="40915" scanbytes="1441240" />
  <finalization candidates="124" enqueued="0" />
  <ownableSynchronizers candidates="3" cleared="0" />
  <references type="soft" candidates="84" cleared="0" enqueued="0" dynamicThreshold="13" maxThreshold="32" />
  <references type="weak" candidates="769" cleared="0" enqueued="0" />
  <references type="phantom" candidates="63" cleared="0" enqueued="0" />
  <stringconstants candidates="4596" cleared="0"  />
</gc-op>
<gc-op id="326" type="sweep" timems="0.389" contextid="322" timestamp="2019-08-03T01:09:57.755" />
<gc-end id="327" type="global" contextid="322" durationms="2.896" usertimems="4.000" systemtimems="0.000" timestamp="2019-08-03T01:09:57.756" activeThreads="8">
  <mem-info id="328" free="3475624" total="8388608" percent="41">
    <mem type="tenure" free="3475624" total="8388608" percent="41" micro-fragmented="1512568" macro-fragmented="0">
      <mem type="soa" free="3392680" total="8305664" percent="40" />
      <mem type="loa" free="82944" total="82944" percent="100" />
    </mem>
  </mem-info>
</gc-end>
<cycle-end id="329" type="global" contextid="322" timestamp="2019-08-03T01:09:57.756" />
  <attribute name="elasticGC enabled" value="1" />
  <attribute name= "numThreadsSpecified" value="2" />
  <attribute name="heapSize specified" value="0" />
  <attribute name= "numCores" value="8" />
  <attribute name ="GC Interval" value="0" />
  <attribute name ="Control flow" value="2" />
  <attribute name="GC Util Range Max" value="107" />
  <attribute name="Current GC Util" value="21" />
  <attribute name= "Current Time Running" value="711" />
<allocation-satisfied id="330" threadId="00000000016C9300" bytesRequested="40" />
<af-end id="331" timestamp="2019-08-03T01:09:57.756" threadId="00000000016C9C88" success="true" />
<exclusive-end id="332" timestamp="2019-08-03T01:09:57.756" durationms="3.581" />

<exclusive-start id="333" timestamp="2019-08-03T01:09:57.764" intervalms="11.989">
  <response-info timems="0.064" idlems="0.064" threads="0" lastid="00000000016C9300" lastname="Thread-14" />
</exclusive-start>
<af-start id="334" threadId="00000000016C9C88" totalBytesRequested="40" timestamp="2019-08-03T01:09:57.765" intervalms="11.982" />
<cycle-start id="335" type="global" contextid="0" timestamp="2019-08-03T01:09:57.765" intervalms="11.985" />
<gc-start id="336" type="global" contextid="335" timestamp="2019-08-03T01:09:57.765">
  <mem-info id="337" free="82944" total="8388608" percent="0">
    <mem type="tenure" free="82944" total="8388608" percent="0">
      <mem type="soa" free="0" total="8305664" percent="0" />
      <mem type="loa" free="82944" total="82944" percent="100" />
    </mem>
  </mem-info>
</gc-start>
<allocation-stats totalBytes="3367544" >
  <allocated-bytes non-tlh="0" tlh="3367544" />
  <largest-consumer threadName="Thread-14" threadId="00000000016C9300" bytes="3367544" />
</allocation-stats>
<gc-op id="338" type="mark" timems="1.358" contextid="335" timestamp="2019-08-03T01:09:57.766">
  <trace-info objectcount="48827" scancount="41235" scanbytes="1449184" />
  <finalization candidates="124" enqueued="0" />
  <ownableSynchronizers candidates="3" cleared="0" />
  <references type="soft" candidates="84" cleared="0" enqueued="0" dynamicThreshold="13" maxThreshold="32" />
  <references type="weak" candidates="769" cleared="0" enqueued="0" />
  <references type="phantom" candidates="63" cleared="0" enqueued="0" />
  <stringconstants candidates="4596" cleared="0"  />
</gc-op>
<gc-op id="339" type="sweep" timems="0.387" contextid="335" timestamp="2019-08-03T01:09:57.767" />
<gc-end id="340" type="global" contextid="335" durationms="2.877" usertimems="8.000" systemtimems="0.000" timestamp="2019-08-03T01:09:57.768" activeThreads="8">
  <mem-info id="341" free="3400536" total="8388608" percent="40">
    <mem type="tenure" free="3400536" total="8388608" percent="40" micro-fragmented="1672390" macro-fragmented="0">
      <mem type="soa" free="3317592" total="8305664" percent="39" />
      <mem type="loa" free="82944" total="82944" percent="100" />
    </mem>
  </mem-info>
</gc-end>
<cycle-end id="342" type="global" contextid="335" timestamp="2019-08-03T01:09:57.768" />
  <attribute name="elasticGC enabled" value="1" />
  <attribute name= "numThreadsSpecified" value="2" />
  <attribute name="heapSize specified" value="0" />
  <attribute name= "numCores" value="8" />
  <attribute name ="GC Interval" value="0" />
  <attribute name ="Control flow" value="2" />
  <attribute name="GC Util Range Max" value="107" />
  <attribute name="Current GC Util" value="21" />
  <attribute name= "Current Time Running" value="723" />
<allocation-satisfied id="343" threadId="00000000016C9300" bytesRequested="40" />
<af-end id="344" timestamp="2019-08-03T01:09:57.768" threadId="00000000016C9C88" success="true" />
<exclusive-end id="345" timestamp="2019-08-03T01:09:57.768" durationms="3.565" />

<exclusive-start id="346" timestamp="2019-08-03T01:09:57.801" intervalms="36.273">
  <response-info timems="0.114" idlems="0.114" threads="0" lastid="000000000135DA00" lastname="main" />
</exclusive-start>
<af-start id="347" threadId="000000000135E388" totalBytesRequested="16392" timestamp="2019-08-03T01:09:57.801" intervalms="36.202" />
<cycle-start id="348" type="global" contextid="0" timestamp="2019-08-03T01:09:57.801" intervalms="36.196" />
<gc-start id="349" type="global" contextid="348" timestamp="2019-08-03T01:09:57.801">
  <mem-info id="350" free="1217264" total="8388608" percent="14">
    <mem type="tenure" free="1217264" total="8388608" percent="14">
      <mem type="soa" free="1134320" total="8305664" percent="13" />
      <mem type="loa" free="82944" total="82944" percent="100" />
    </mem>
  </mem-info>
</gc-start>
<allocation-stats totalBytes="2161080" >
  <allocated-bytes non-tlh="52056" tlh="2109024" />
  <largest-consumer threadName="main" threadId="000000000135DA00" bytes="77064" />
</allocation-stats>
<gc-op id="351" type="mark" timems="1.293" contextid="348" timestamp="2019-08-03T01:09:57.802">
  <trace-info objectcount="35017" scancount="27422" scanbytes="866792" />
  <finalization candidates="124" enqueued="0" />
  <ownableSynchronizers candidates="3" cleared="0" />
  <references type="soft" candidates="96" cleared="0" enqueued="0" dynamicThreshold="12" maxThreshold="32" />
  <references type="weak" candidates="789" cleared="20" enqueued="20" />
  <references type="phantom" candidates="65" cleared="3" enqueued="3" />
  <stringconstants candidates="4602" cleared="0"  />
</gc-op>
<gc-op id="352" type="sweep" timems="0.252" contextid="348" timestamp="2019-08-03T01:09:57.803" />
<gc-end id="353" type="global" contextid="348" durationms="2.346" usertimems="4.000" systemtimems="0.000" timestamp="2019-08-03T01:09:57.803" activeThreads="8">
  <mem-info id="354" free="5688496" total="8388608" percent="67">
    <mem type="tenure" free="5688496" total="8388608" percent="67" micro-fragmented="666110" macro-fragmented="0">
      <mem type="soa" free="5605552" total="8305664" percent="67" />
      <mem type="loa" free="82944" total="82944" percent="100" />
    </mem>
    <pending-finalizers system="0" default="0" reference="23" classloader="0" />
  </mem-info>
</gc-end>
<cycle-end id="355" type="global" contextid="348" timestamp="2019-08-03T01:09:57.803" />
  <attribute name="elasticGC enabled" value="1" />
  <attribute name= "numThreadsSpecified" value="2" />
  <attribute name="heapSize specified" value="0" />
  <attribute name= "numCores" value="8" />
  <attribute name ="GC Interval" value="0" />
  <attribute name ="Control flow" value="2" />
  <attribute name="GC Util Range Max" value="107" />
  <attribute name="Current GC Util" value="37" />
  <attribute name= "Current Time Running" value="759" />
<allocation-satisfied id="356" threadId="000000000135DA00" bytesRequested="16392" />
<af-end id="357" timestamp="2019-08-03T01:09:57.804" threadId="000000000135E388" success="true" />
<exclusive-end id="358" timestamp="2019-08-03T01:09:57.804" durationms="2.984" />

</verbosegc>

