<?xml version="1.0" ?>

<verbosegc xmlns="http://www.ibm.com/j9/verbosegc" version="08cc62e_CMPRSS">

<initialized id="1" timestamp="2019-08-03T01:09:48.942">
  <attribute name="gcPolicy" value="-Xgcpolicy:optthruput" />
  <attribute name="elasticGC enabled" value="1" />
  <attribute name= "numThreadsSpecified" value="0" />
  <attribute name="heapSize specified" value="0" />
  <attribute name= "numCores" value="0" />
  <attribute name ="GC Interval" value="0" />
  <attribute name="GC Util Range Max" value="0" />
  <attribute name="Current GC Util" value="0" />
  <attribute name= "Current Time Running" value="0" />
  <attribute name="maxHeapSize" value="0x7cba0000" />
  <attribute name="initialHeapSize" value="0x800000" />
  <attribute name="compressedRefs" value="true" />
  <attribute name="compressedRefsDisplacement" value="0x0" />
  <attribute name="compressedRefsShift" value="0x0" />
  <attribute name="pageSize" value="0x1000" />
  <attribute name="pageType" value="not used" />
  <attribute name="requestedPageSize" value="0x1000" />
  <attribute name="requestedPageType" value="not used" />
  <attribute name="gcthreads" value="8" />
  <attribute name="packetListSplit" value="8" />
  <attribute name="cacheListSplit" value="8" />
  <attribute name="splitFreeListSplitAmount" value="1" />
  <attribute name="numaNodes" value="0" />
  <system>
    <attribute name="physicalMemory" value="8370401280" />
    <attribute name="numCPUs" value="8" />
    <attribute name="architecture" value="amd64" />
    <attribute name="os" value="Linux" />
    <attribute name="osVersion" value="4.4.0-154-generic" />
  </system>
  <vmargs>
    <vmarg name="-Xoptionsfile=/vagrant/jdk/lib/options.default" />
    <vmarg name="-Xlockword:mode=default,noLockword=java/lang/String,noLockword=java/util/MapEntry,noLockword=java/util/HashMap$Entry,noLockword..." />
    <vmarg name="-Xjcl:jclse29" />
    <vmarg name="-Dcom.ibm.oti.vm.bootstrap.library.path=/vagrant/jdk/lib/compressedrefs:/vagrant/jdk/lib" />
    <vmarg name="-Dsun.boot.library.path=/vagrant/jdk/lib/compressedrefs:/vagrant/jdk/lib" />
    <vmarg name="-Djava.library.path=/vagrant/jdk/lib/compressedrefs:/vagrant/jdk/lib:/usr/lib64:/usr/lib" />
    <vmarg name="-Djava.home=/vagrant/jdk" />
    <vmarg name="-Duser.dir=/vagrant" />
    <vmarg name="-Xgcpolicy:optthruput" />
    <vmarg name="-Xgcelastic" />
    <vmarg name="-Xcheck:gc:::elasticGC" />
    <vmarg name="-verbose:gc" />
    <vmarg name="-Xloggc:jdkP-small-OTT-8core-verbose6sunflow.txt" />
    <vmarg name="-Djava.class.path=dacapo-9.12-MR1-bach.jar" />
    <vmarg name="-Dsun.java.command=dacapo-9.12-MR1-bach.jar sunflow --size=small" />
    <vmarg name="-Dsun.java.launcher=SUN_STANDARD" />
    <vmarg name="-Dsun.java.launcher.pid=1104" />
  </vmargs>
</initialized>

<exclusive-start id="2" timestamp="2019-08-03T01:09:49.581" intervalms="638.673">
  <response-info timems="0.048" idlems="0.048" threads="0" lastid="0000000002117A00" lastname="main" />
</exclusive-start>
<sys-start reason="explicit" id="3" timestamp="2019-08-03T01:09:49.581" intervalms="639.347" />
<cycle-start id="4" type="global" contextid="0" timestamp="2019-08-03T01:09:49.581" intervalms="639.635" />
<gc-start id="5" type="global" contextid="4" timestamp="2019-08-03T01:09:49.582">
  <mem-info id="6" free="4286224" total="8388608" percent="51">
    <mem type="tenure" free="4286224" total="8388608" percent="51">
      <mem type="soa" free="3867408" total="7969792" percent="48" />
      <mem type="loa" free="418816" total="418816" percent="100" />
    </mem>
  </mem-info>
</gc-start>
<allocation-stats totalBytes="4099608" >
  <allocated-bytes non-tlh="502000" tlh="3597608" />
  <largest-consumer threadName="main" threadId="0000000002117A00" bytes="4009816" />
</allocation-stats>
<gc-op id="7" type="mark" timems="2.882" contextid="4" timestamp="2019-08-03T01:09:49.585">
  <trace-info objectcount="30258" scancount="24304" scanbytes="765852" />
  <finalization candidates="125" enqueued="1" />
  <ownableSynchronizers candidates="3" cleared="0" />
  <references type="soft" candidates="131" cleared="0" enqueued="0" dynamicThreshold="32" maxThreshold="32" />
  <references type="weak" candidates="1322" cleared="569" enqueued="479" />
  <references type="phantom" candidates="106" cleared="42" enqueued="42" />
  <stringconstants candidates="3958" cleared="0"  />
</gc-op>
<gc-op id="8" type="classunload" timems="0.051" contextid="4" timestamp="2019-08-03T01:09:49.585">
  <classunload-info classloadercandidates="7" classloadersunloaded="0" classesunloaded="0" anonymousclassesunloaded="0" quiescems="0.000" setupms="0.051" scanms="0.000" postms="0.000" />
</gc-op>
<gc-op id="9" type="sweep" timems="0.518" contextid="4" timestamp="2019-08-03T01:09:49.585" />
<gc-end id="10" type="global" contextid="4" durationms="4.847" usertimems="0.000" systemtimems="8.000" timestamp="2019-08-03T01:09:49.586" activeThreads="8">
  <mem-info id="11" free="6537560" total="8388608" percent="77">
    <mem type="tenure" free="6537560" total="8388608" percent="77" micro-fragmented="339971" macro-fragmented="0">
      <mem type="soa" free="6118744" total="7969792" percent="76" />
      <mem type="loa" free="418816" total="418816" percent="100" />
    </mem>
    <pending-finalizers system="1" default="0" reference="521" classloader="0" />
  </mem-info>
</gc-end>
<cycle-end id="12" type="global" contextid="4" timestamp="2019-08-03T01:09:49.586" />
  <attribute name="elasticGC enabled" value="1" />
  <attribute name= "numThreadsSpecified" value="0" />
  <attribute name="heapSize specified" value="0" />
  <attribute name= "numCores" value="8" />
  <attribute name ="GC Interval" value="0" />
  <attribute name ="Control flow" value="1" />
  <attribute name="GC Util Range Max" value="99" />
  <attribute name="Current GC Util" value="35" />
  <attribute name= "Current Time Running" value="3" />
<sys-end id="13" timestamp="2019-08-03T01:09:49.587" />
<exclusive-end id="14" timestamp="2019-08-03T01:09:49.587" durationms="6.178" />

<exclusive-start id="15" timestamp="2019-08-03T01:09:49.815" intervalms="234.287">
  <response-info timems="0.085" idlems="0.085" threads="0" lastid="0000000002483300" lastname="Thread-7" />
</exclusive-start>
<af-start id="16" threadId="0000000002483C88" totalBytesRequested="98264" timestamp="2019-08-03T01:09:49.815" intervalms="873.141" />
<cycle-start id="17" type="global" contextid="0" timestamp="2019-08-03T01:09:49.815" intervalms="233.676" />
<gc-start id="18" type="global" contextid="17" timestamp="2019-08-03T01:09:49.815">
  <mem-info id="19" free="70312" total="8388608" percent="0">
    <mem type="tenure" free="70312" total="8388608" percent="0">
      <mem type="soa" free="70312" total="7969792" percent="0" />
      <mem type="loa" free="0" total="418816" percent="0" />
    </mem>
  </mem-info>
</gc-start>
<allocation-stats totalBytes="6346480" >
  <allocated-bytes non-tlh="2427744" tlh="3918736" />
  <largest-consumer threadName="main" threadId="0000000002117A00" bytes="3028256" />
</allocation-stats>
<heap-resize id="20" type="loa expand" space="tenure" amount="83968" count="1" timems="0.000" reason="expand on failed allocate" timestamp="2019-08-03T01:09:49.816" />
<gc-op id="21" type="mark" timems="2.530" contextid="17" timestamp="2019-08-03T01:09:49.818">
  <trace-info objectcount="44525" scancount="36152" scanbytes="1206184" />
  <finalization candidates="124" enqueued="0" />
  <ownableSynchronizers candidates="3" cleared="0" />
  <references type="soft" candidates="148" cleared="0" enqueued="0" dynamicThreshold="24" maxThreshold="32" />
  <references type="weak" candidates="798" cleared="29" enqueued="28" />
  <references type="phantom" candidates="65" cleared="2" enqueued="2" />
  <stringconstants candidates="4534" cleared="1"  />
</gc-op>
<gc-op id="22" type="sweep" timems="0.341" contextid="17" timestamp="2019-08-03T01:09:49.819" />
<gc-end id="23" type="global" contextid="17" durationms="5.271" usertimems="0.000" systemtimems="4.000" timestamp="2019-08-03T01:09:49.820" activeThreads="1">
  <mem-info id="24" free="3869408" total="8388608" percent="46">
    <mem type="tenure" free="3869408" total="8388608" percent="46" micro-fragmented="1260124" macro-fragmented="0">
      <mem type="soa" free="3576896" total="7885824" percent="45" />
      <mem type="loa" free="292512" total="502784" percent="58" />
    </mem>
    <pending-finalizers system="0" default="0" reference="30" classloader="0" />
  </mem-info>
</gc-end>
<cycle-end id="25" type="global" contextid="17" timestamp="2019-08-03T01:09:49.821" />
  <attribute name="elasticGC enabled" value="1" />
  <attribute name= "numThreadsSpecified" value="1" />
  <attribute name="heapSize specified" value="0" />
  <attribute name= "numCores" value="8" />
  <attribute name ="GC Interval" value="0" />
  <attribute name ="Control flow" value="1" />
  <attribute name="GC Util Range Max" value="99" />
  <attribute name="Current GC Util" value="31" />
  <attribute name= "Current Time Running" value="236" />
<allocation-satisfied id="26" threadId="0000000002483300" bytesRequested="98264" />
<af-end id="27" timestamp="2019-08-03T01:09:49.821" threadId="0000000002483C88" success="true" />
<exclusive-end id="28" timestamp="2019-08-03T01:09:49.821" durationms="6.435" />

<exclusive-start id="29" timestamp="2019-08-03T01:09:49.866" intervalms="51.778">
  <response-info timems="0.095" idlems="0.095" threads="0" lastid="0000000002483300" lastname="Thread-7" />
</exclusive-start>
<af-start id="30" threadId="0000000002483C88" totalBytesRequested="2744" timestamp="2019-08-03T01:09:49.867" intervalms="51.724" />
<cycle-start id="31" type="global" contextid="0" timestamp="2019-08-03T01:09:49.867" intervalms="51.638" />
<gc-start id="32" type="global" contextid="31" timestamp="2019-08-03T01:09:49.867">
  <mem-info id="33" free="292512" total="8388608" percent="3">
    <mem type="tenure" free="292512" total="8388608" percent="3">
      <mem type="soa" free="0" total="7885824" percent="0" />
      <mem type="loa" free="292512" total="502784" percent="58" />
    </mem>
  </mem-info>
</gc-start>
<allocation-stats totalBytes="3527096" >
  <allocated-bytes non-tlh="821632" tlh="2705464" />
  <largest-consumer threadName="Thread-7" threadId="0000000002483300" bytes="3527096" />
</allocation-stats>
<gc-op id="34" type="mark" timems="2.447" contextid="31" timestamp="2019-08-03T01:09:49.869">
  <trace-info objectcount="44425" scancount="36074" scanbytes="1204256" />
  <finalization candidates="124" enqueued="0" />
  <ownableSynchronizers candidates="3" cleared="0" />
  <references type="soft" candidates="148" cleared="0" enqueued="0" dynamicThreshold="14" maxThreshold="32" />
  <references type="weak" candidates="769" cleared="0" enqueued="0" />
  <references type="phantom" candidates="63" cleared="0" enqueued="0" />
  <stringconstants candidates="4533" cleared="0"  />
</gc-op>
<gc-op id="35" type="sweep" timems="0.318" contextid="31" timestamp="2019-08-03T01:09:49.870" />
<gc-end id="36" type="global" contextid="31" durationms="3.752" usertimems="0.000" systemtimems="4.000" timestamp="2019-08-03T01:09:49.870" activeThreads="8">
  <mem-info id="37" free="4123696" total="8388608" percent="49">
    <mem type="tenure" free="4123696" total="8388608" percent="49" micro-fragmented="1253888" macro-fragmented="0">
      <mem type="soa" free="3620912" total="7885824" percent="45" />
      <mem type="loa" free="502784" total="502784" percent="100" />
    </mem>
  </mem-info>
</gc-end>
<cycle-end id="38" type="global" contextid="31" timestamp="2019-08-03T01:09:49.871" />
  <attribute name="elasticGC enabled" value="1" />
  <attribute name= "numThreadsSpecified" value="1" />
  <attribute name="heapSize specified" value="0" />
  <attribute name= "numCores" value="8" />
  <attribute name ="GC Interval" value="0" />
  <attribute name ="Control flow" value="2" />
  <attribute name="GC Util Range Max" value="99" />
  <attribute name="Current GC Util" value="38" />
  <attribute name= "Current Time Running" value="287" />
<allocation-satisfied id="39" threadId="0000000002483300" bytesRequested="2744" />
<af-end id="40" timestamp="2019-08-03T01:09:49.871" threadId="0000000002483C88" success="true" />
<exclusive-end id="41" timestamp="2019-08-03T01:09:49.871" durationms="4.448" />

<exclusive-start id="42" timestamp="2019-08-03T01:09:49.925" intervalms="58.749">
  <response-info timems="0.093" idlems="0.093" threads="0" lastid="000000000247BB00" lastname="Thread-11" />
</exclusive-start>
<af-start id="43" threadId="000000000247C488" totalBytesRequested="40" timestamp="2019-08-03T01:09:49.925" intervalms="58.728" />
<cycle-start id="44" type="global" contextid="0" timestamp="2019-08-03T01:09:49.925" intervalms="58.727" />
<gc-start id="45" type="global" contextid="44" timestamp="2019-08-03T01:09:49.925">
  <mem-info id="46" free="502784" total="8388608" percent="5">
    <mem type="tenure" free="502784" total="8388608" percent="5">
      <mem type="soa" free="0" total="7885824" percent="0" />
      <mem type="loa" free="502784" total="502784" percent="100" />
    </mem>
  </mem-info>
</gc-start>
<allocation-stats totalBytes="3518048" >
  <allocated-bytes non-tlh="1057520" tlh="2460528" />
  <largest-consumer threadName="Thread-11" threadId="000000000247BB00" bytes="872736" />
</allocation-stats>
<gc-op id="47" type="mark" timems="6.936" contextid="44" timestamp="2019-08-03T01:09:49.933">
  <trace-info objectcount="48900" scancount="40483" scanbytes="1444952" />
  <finalization candidates="124" enqueued="0" />
  <ownableSynchronizers candidates="3" cleared="0" />
  <references type="soft" candidates="148" cleared="0" enqueued="0" dynamicThreshold="15" maxThreshold="32" />
  <references type="weak" candidates="769" cleared="0" enqueued="0" />
  <references type="phantom" candidates="63" cleared="0" enqueued="0" />
  <stringconstants candidates="4596" cleared="0"  />
</gc-op>
<gc-op id="48" type="sweep" timems="2.674" contextid="44" timestamp="2019-08-03T01:09:49.935" />
<gc-end id="49" type="global" contextid="44" durationms="12.320" usertimems="4.000" systemtimems="8.000" timestamp="2019-08-03T01:09:49.938" activeThreads="1">
  <mem-info id="50" free="4205496" total="8388608" percent="50">
    <mem type="tenure" free="4205496" total="8388608" percent="50" micro-fragmented="1375593" macro-fragmented="0">
      <mem type="soa" free="3702712" total="7885824" percent="46" />
      <mem type="loa" free="502784" total="502784" percent="100" />
    </mem>
  </mem-info>
</gc-end>
<cycle-end id="51" type="global" contextid="44" timestamp="2019-08-03T01:09:49.938" />
  <attribute name="elasticGC enabled" value="1" />
  <attribute name= "numThreadsSpecified" value="1" />
  <attribute name="heapSize specified" value="0" />
  <attribute name= "numCores" value="8" />
  <attribute name ="GC Interval" value="0" />
  <attribute name ="Control flow" value="2" />
  <attribute name="GC Util Range Max" value="99" />
  <attribute name="Current GC Util" value="103" />
  <attribute name= "Current Time Running" value="353" />
<allocation-satisfied id="52" threadId="000000000247BB00" bytesRequested="40" />
<af-end id="53" timestamp="2019-08-03T01:09:49.938" threadId="000000000247C488" success="true" />
<exclusive-end id="54" timestamp="2019-08-03T01:09:49.938" durationms="13.033" />

<exclusive-start id="55" timestamp="2019-08-03T01:09:49.991" intervalms="66.154">
  <response-info timems="0.138" idlems="0.138" threads="0" lastid="000000000247BB00" lastname="Thread-11" />
</exclusive-start>
<af-start id="56" threadId="000000000247C488" totalBytesRequested="40" timestamp="2019-08-03T01:09:49.991" intervalms="66.163" />
<cycle-start id="57" type="global" contextid="0" timestamp="2019-08-03T01:09:49.992" intervalms="66.156" />
<gc-start id="58" type="global" contextid="57" timestamp="2019-08-03T01:09:49.992">
  <mem-info id="59" free="502784" total="8388608" percent="5">
    <mem type="tenure" free="502784" total="8388608" percent="5">
      <mem type="soa" free="0" total="7885824" percent="0" />
      <mem type="loa" free="502784" total="502784" percent="100" />
    </mem>
  </mem-info>
</gc-start>
<allocation-stats totalBytes="3698520" >
  <allocated-bytes non-tlh="0" tlh="3698520" />
  <largest-consumer threadName="Thread-11" threadId="000000000247BB00" bytes="3698520" />
</allocation-stats>
<gc-op id="60" type="mark" timems="3.565" contextid="57" timestamp="2019-08-03T01:09:49.995">
  <trace-info objectcount="49149" scancount="40725" scanbytes="1450912" />
  <finalization candidates="124" enqueued="0" />
  <ownableSynchronizers candidates="3" cleared="0" />
  <references type="soft" candidates="148" cleared="0" enqueued="0" dynamicThreshold="16" maxThreshold="32" />
  <references type="weak" candidates="769" cleared="0" enqueued="0" />
  <references type="phantom" candidates="63" cleared="0" enqueued="0" />
  <stringconstants candidates="4596" cleared="0"  />
</gc-op>
<gc-op id="61" type="sweep" timems="2.106" contextid="57" timestamp="2019-08-03T01:09:49.998" />
<gc-end id="62" type="global" contextid="57" durationms="7.331" usertimems="12.000" systemtimems="4.000" timestamp="2019-08-03T01:09:49.999" activeThreads="8">
  <mem-info id="63" free="4179800" total="8388608" percent="49">
    <mem type="tenure" free="4179800" total="8388608" percent="49" micro-fragmented="1415377" macro-fragmented="0">
      <mem type="soa" free="3677016" total="7885824" percent="46" />
      <mem type="loa" free="502784" total="502784" percent="100" />
    </mem>
  </mem-info>
</gc-end>
<cycle-end id="64" type="global" contextid="57" timestamp="2019-08-03T01:09:49.999" />
  <attribute name="elasticGC enabled" value="1" />
  <attribute name= "numThreadsSpecified" value="1" />
  <attribute name="heapSize specified" value="0" />
  <attribute name= "numCores" value="8" />
  <attribute name ="GC Interval" value="0" />
  <attribute name ="Control flow" value="2" />
  <attribute name="GC Util Range Max" value="99" />
  <attribute name="Current GC Util" value="121" />
  <attribute name= "Current Time Running" value="415" />
<allocation-satisfied id="65" threadId="000000000247BB00" bytesRequested="40" />
<af-end id="66" timestamp="2019-08-03T01:09:49.999" threadId="000000000247C488" success="true" />
<exclusive-end id="67" timestamp="2019-08-03T01:09:49.999" durationms="8.033" />

<exclusive-start id="68" timestamp="2019-08-03T01:09:50.019" intervalms="27.570">
  <response-info timems="0.077" idlems="0.077" threads="0" lastid="000000000247BB00" lastname="Thread-11" />
</exclusive-start>
<af-start id="69" threadId="000000000247C488" totalBytesRequested="40" timestamp="2019-08-03T01:09:50.019" intervalms="27.602" />
<cycle-start id="70" type="global" contextid="0" timestamp="2019-08-03T01:09:50.019" intervalms="27.646" />
<gc-start id="71" type="global" contextid="70" timestamp="2019-08-03T01:09:50.019">
  <mem-info id="72" free="502784" total="8388608" percent="5">
    <mem type="tenure" free="502784" total="8388608" percent="5">
      <mem type="soa" free="0" total="7885824" percent="0" />
      <mem type="loa" free="502784" total="502784" percent="100" />
    </mem>
  </mem-info>
</gc-start>
<allocation-stats totalBytes="3671184" >
  <allocated-bytes non-tlh="0" tlh="3671184" />
  <largest-consumer threadName="Thread-11" threadId="000000000247BB00" bytes="3671184" />
</allocation-stats>
<gc-op id="73" type="mark" timems="2.600" contextid="70" timestamp="2019-08-03T01:09:50.022">
  <trace-info objectcount="49374" scancount="40961" scanbytes="1456328" />
  <finalization candidates="124" enqueued="0" />
  <ownableSynchronizers candidates="3" cleared="0" />
  <references type="soft" candidates="148" cleared="0" enqueued="0" dynamicThreshold="15" maxThreshold="32" />
  <references type="weak" candidates="769" cleared="0" enqueued="0" />
  <references type="phantom" candidates="63" cleared="0" enqueued="0" />
  <stringconstants candidates="4596" cleared="0"  />
</gc-op>
<gc-op id="74" type="sweep" timems="1.339" contextid="70" timestamp="2019-08-03T01:09:50.024" />
<gc-end id="75" type="global" contextid="70" durationms="6.256" usertimems="8.000" systemtimems="0.000" timestamp="2019-08-03T01:09:50.026" activeThreads="1">
  <mem-info id="76" free="4159168" total="8388608" percent="49">
    <mem type="tenure" free="4159168" total="8388608" percent="49" micro-fragmented="1465232" macro-fragmented="0">
      <mem type="soa" free="3656384" total="7885824" percent="46" />
      <mem type="loa" free="502784" total="502784" percent="100" />
    </mem>
  </mem-info>
</gc-end>
<cycle-end id="77" type="global" contextid="70" timestamp="2019-08-03T01:09:50.026" />
  <attribute name="elasticGC enabled" value="1" />
  <attribute name= "numThreadsSpecified" value="1" />
  <attribute name="heapSize specified" value="0" />
  <attribute name= "numCores" value="8" />
  <attribute name ="GC Interval" value="0" />
  <attribute name ="Control flow" value="2" />
  <attribute name="GC Util Range Max" value="99" />
  <attribute name="Current GC Util" value="119" />
  <attribute name= "Current Time Running" value="441" />
<allocation-satisfied id="78" threadId="000000000247BB00" bytesRequested="40" />
<af-end id="79" timestamp="2019-08-03T01:09:50.026" threadId="000000000247C488" success="true" />
<exclusive-end id="80" timestamp="2019-08-03T01:09:50.026" durationms="7.101" />

<exclusive-start id="81" timestamp="2019-08-03T01:09:50.042" intervalms="22.828">
  <response-info timems="0.085" idlems="0.085" threads="0" lastid="000000000247BB00" lastname="Thread-11" />
</exclusive-start>
<af-start id="82" threadId="000000000247C488" totalBytesRequested="40" timestamp="2019-08-03T01:09:50.042" intervalms="22.808" />
<cycle-start id="83" type="global" contextid="0" timestamp="2019-08-03T01:09:50.042" intervalms="22.814" />
<gc-start id="84" type="global" contextid="83" timestamp="2019-08-03T01:09:50.042">
  <mem-info id="85" free="502784" total="8388608" percent="5">
    <mem type="tenure" free="502784" total="8388608" percent="5">
      <mem type="soa" free="0" total="7885824" percent="0" />
      <mem type="loa" free="502784" total="502784" percent="100" />
    </mem>
  </mem-info>
</gc-start>
<allocation-stats totalBytes="3648664" >
  <allocated-bytes non-tlh="0" tlh="3648664" />
  <largest-consumer threadName="Thread-11" threadId="000000000247BB00" bytes="3648664" />
</allocation-stats>
<gc-op id="86" type="mark" timems="2.454" contextid="83" timestamp="2019-08-03T01:09:50.045">
  <trace-info objectcount="49541" scancount="41134" scanbytes="1460336" />
  <finalization candidates="124" enqueued="0" />
  <ownableSynchronizers candidates="3" cleared="0" />
  <references type="soft" candidates="148" cleared="0" enqueued="0" dynamicThreshold="15" maxThreshold="32" />
  <references type="weak" candidates="769" cleared="0" enqueued="0" />
  <references type="phantom" candidates="63" cleared="0" enqueued="0" />
  <stringconstants candidates="4596" cleared="0"  />
</gc-op>
<gc-op id="87" type="sweep" timems="0.570" contextid="83" timestamp="2019-08-03T01:09:50.045" />
<gc-end id="88" type="global" contextid="83" durationms="4.662" usertimems="8.000" systemtimems="0.000" timestamp="2019-08-03T01:09:50.047" activeThreads="8">
  <mem-info id="89" free="4131664" total="8388608" percent="49">
    <mem type="tenure" free="4131664" total="8388608" percent="49" micro-fragmented="1333512" macro-fragmented="0">
      <mem type="soa" free="3628880" total="7885824" percent="46" />
      <mem type="loa" free="502784" total="502784" percent="100" />
    </mem>
  </mem-info>
</gc-end>
<cycle-end id="90" type="global" contextid="83" timestamp="2019-08-03T01:09:50.047" />
  <attribute name="elasticGC enabled" value="1" />
  <attribute name= "numThreadsSpecified" value="1" />
  <attribute name="heapSize specified" value="0" />
  <attribute name= "numCores" value="8" />
  <attribute name ="GC Interval" value="0" />
  <attribute name ="Control flow" value="2" />
  <attribute name="GC Util Range Max" value="99" />
  <attribute name="Current GC Util" value="0" />
  <attribute name= "Current Time Running" value="463" />
<allocation-satisfied id="91" threadId="000000000247BB00" bytesRequested="40" />
<af-end id="92" timestamp="2019-08-03T01:09:50.047" threadId="000000000247C488" success="true" />
<exclusive-end id="93" timestamp="2019-08-03T01:09:50.047" durationms="5.441" />

<exclusive-start id="94" timestamp="2019-08-03T01:09:50.064" intervalms="22.185">
  <response-info timems="0.075" idlems="0.075" threads="0" lastid="000000000247BB00" lastname="Thread-11" />
</exclusive-start>
<af-start id="95" threadId="000000000247C488" totalBytesRequested="40" timestamp="2019-08-03T01:09:50.064" intervalms="22.210" />
<cycle-start id="96" type="global" contextid="0" timestamp="2019-08-03T01:09:50.064" intervalms="22.161" />
<gc-start id="97" type="global" contextid="96" timestamp="2019-08-03T01:09:50.064">
  <mem-info id="98" free="502784" total="8388608" percent="5">
    <mem type="tenure" free="502784" total="8388608" percent="5">
      <mem type="soa" free="0" total="7885824" percent="0" />
      <mem type="loa" free="502784" total="502784" percent="100" />
    </mem>
  </mem-info>
</gc-start>
<allocation-stats totalBytes="3619392" >
  <allocated-bytes non-tlh="0" tlh="3619392" />
  <largest-consumer threadName="Thread-11" threadId="000000000247BB00" bytes="3619392" />
</allocation-stats>
<gc-op id="99" type="mark" timems="2.461" contextid="96" timestamp="2019-08-03T01:09:50.067">
  <trace-info objectcount="49679" scancount="41274" scanbytes="1463648" />
  <finalization candidates="124" enqueued="0" />
  <ownableSynchronizers candidates="3" cleared="0" />
  <references type="soft" candidates="148" cleared="0" enqueued="0" dynamicThreshold="15" maxThreshold="32" />
  <references type="weak" candidates="769" cleared="0" enqueued="0" />
  <references type="phantom" candidates="63" cleared="0" enqueued="0" />
  <stringconstants candidates="4596" cleared="0"  />
</gc-op>
<gc-op id="100" type="sweep" timems="0.582" contextid="96" timestamp="2019-08-03T01:09:50.068" />
<gc-end id="101" type="global" contextid="96" durationms="4.054" usertimems="8.000" systemtimems="0.000" timestamp="2019-08-03T01:09:50.068" activeThreads="8">
  <mem-info id="102" free="4108176" total="8388608" percent="48">
    <mem type="tenure" free="4108176" total="8388608" percent="48" micro-fragmented="1317781" macro-fragmented="0">
      <mem type="soa" free="3605392" total="7885824" percent="45" />
      <mem type="loa" free="502784" total="502784" percent="100" />
    </mem>
  </mem-info>
</gc-end>
<cycle-end id="103" type="global" contextid="96" timestamp="2019-08-03T01:09:50.068" />
  <attribute name="elasticGC enabled" value="1" />
  <attribute name= "numThreadsSpecified" value="1" />
  <attribute name="heapSize specified" value="0" />
  <attribute name= "numCores" value="8" />
  <attribute name ="GC Interval" value="0" />
  <attribute name ="Control flow" value="2" />
  <attribute name="GC Util Range Max" value="99" />
  <attribute name="Current GC Util" value="0" />
  <attribute name= "Current Time Running" value="485" />
<allocation-satisfied id="104" threadId="000000000247BB00" bytesRequested="40" />
<af-end id="105" timestamp="2019-08-03T01:09:50.069" threadId="000000000247C488" success="true" />
<exclusive-end id="106" timestamp="2019-08-03T01:09:50.069" durationms="4.790" />

<exclusive-start id="107" timestamp="2019-08-03T01:09:50.083" intervalms="18.874">
  <response-info timems="0.111" idlems="0.111" threads="0" lastid="000000000247BB00" lastname="Thread-11" />
</exclusive-start>
<af-start id="108" threadId="000000000247C488" totalBytesRequested="24" timestamp="2019-08-03T01:09:50.083" intervalms="18.855" />
<cycle-start id="109" type="global" contextid="0" timestamp="2019-08-03T01:09:50.083" intervalms="18.892" />
<gc-start id="110" type="global" contextid="109" timestamp="2019-08-03T01:09:50.083">
  <mem-info id="111" free="502784" total="8388608" percent="5">
    <mem type="tenure" free="502784" total="8388608" percent="5">
      <mem type="soa" free="0" total="7885824" percent="0" />
      <mem type="loa" free="502784" total="502784" percent="100" />
    </mem>
  </mem-info>
</gc-start>
<allocation-stats totalBytes="3594496" >
  <allocated-bytes non-tlh="0" tlh="3594496" />
  <largest-consumer threadName="Thread-11" threadId="000000000247BB00" bytes="3594496" />
</allocation-stats>
<gc-op id="112" type="mark" timems="2.140" contextid="109" timestamp="2019-08-03T01:09:50.086">
  <trace-info objectcount="49838" scancount="41429" scanbytes="1467448" />
  <finalization candidates="124" enqueued="0" />
  <ownableSynchronizers candidates="3" cleared="0" />
  <references type="soft" candidates="148" cleared="0" enqueued="0" dynamicThreshold="15" maxThreshold="32" />
  <references type="weak" candidates="769" cleared="0" enqueued="0" />
  <references type="phantom" candidates="63" cleared="0" enqueued="0" />
  <stringconstants candidates="4596" cleared="0"  />
</gc-op>
<gc-op id="113" type="sweep" timems="1.504" contextid="109" timestamp="2019-08-03T01:09:50.087" />
<gc-end id="114" type="global" contextid="109" durationms="5.169" usertimems="8.000" systemtimems="4.000" timestamp="2019-08-03T01:09:50.088" activeThreads="8">
  <mem-info id="115" free="4076432" total="8388608" percent="48">
    <mem type="tenure" free="4076432" total="8388608" percent="48" micro-fragmented="1368876" macro-fragmented="0">
      <mem type="soa" free="3573648" total="7885824" percent="45" />
      <mem type="loa" free="502784" total="502784" percent="100" />
    </mem>
  </mem-info>
</gc-end>
<cycle-end id="116" type="global" contextid="109" timestamp="2019-08-03T01:09:50.088" />
  <attribute name="elasticGC enabled" value="1" />
  <attribute name= "numThreadsSpecified" value="1" />
  <attribute name="heapSize specified" value="0" />
  <attribute name= "numCores" value="8" />
  <attribute name ="GC Interval" value="0" />
  <attribute name ="Control flow" value="2" />
  <attribute name="GC Util Range Max" value="99" />
  <attribute name="Current GC Util" value="144" />
  <attribute name= "Current Time Running" value="505" />
<allocation-satisfied id="117" threadId="000000000247BB00" bytesRequested="24" />
<af-end id="118" timestamp="2019-08-03T01:09:50.089" threadId="000000000247C488" success="true" />
<exclusive-end id="119" timestamp="2019-08-03T01:09:50.089" durationms="5.993" />

<exclusive-start id="120" timestamp="2019-08-03T01:09:50.105" intervalms="21.933">
  <response-info timems="0.078" idlems="0.078" threads="0" lastid="000000000247BB00" lastname="Thread-11" />
</exclusive-start>
<af-start id="121" threadId="000000000247C488" totalBytesRequested="40" timestamp="2019-08-03T01:09:50.105" intervalms="21.957" />
<cycle-start id="122" type="global" contextid="0" timestamp="2019-08-03T01:09:50.105" intervalms="21.983" />
<gc-start id="123" type="global" contextid="122" timestamp="2019-08-03T01:09:50.105">
  <mem-info id="124" free="502784" total="8388608" percent="5">
    <mem type="tenure" free="502784" total="8388608" percent="5">
      <mem type="soa" free="0" total="7885824" percent="0" />
      <mem type="loa" free="502784" total="502784" percent="100" />
    </mem>
  </mem-info>
</gc-start>
<allocation-stats totalBytes="3561600" >
  <allocated-bytes non-tlh="0" tlh="3561600" />
  <largest-consumer threadName="Thread-11" threadId="000000000247BB00" bytes="3561600" />
</allocation-stats>
<gc-op id="125" type="mark" timems="1.893" contextid="122" timestamp="2019-08-03T01:09:50.107">
  <trace-info objectcount="49973" scancount="41560" scanbytes="1470448" />
  <finalization candidates="124" enqueued="0" />
  <ownableSynchronizers candidates="3" cleared="0" />
  <references type="soft" candidates="148" cleared="0" enqueued="0" dynamicThreshold="15" maxThreshold="32" />
  <references type="weak" candidates="769" cleared="0" enqueued="0" />
  <references type="phantom" candidates="63" cleared="0" enqueued="0" />
  <stringconstants candidates="4596" cleared="0"  />
</gc-op>
<gc-op id="126" type="sweep" timems="0.760" contextid="122" timestamp="2019-08-03T01:09:50.108" />
<gc-end id="127" type="global" contextid="122" durationms="3.894" usertimems="8.000" systemtimems="0.000" timestamp="2019-08-03T01:09:50.109" activeThreads="8">
  <mem-info id="128" free="4047592" total="8388608" percent="48">
    <mem type="tenure" free="4047592" total="8388608" percent="48" micro-fragmented="1513581" macro-fragmented="0">
      <mem type="soa" free="3544808" total="7885824" percent="44" />
      <mem type="loa" free="502784" total="502784" percent="100" />
    </mem>
  </mem-info>
</gc-end>
<cycle-end id="129" type="global" contextid="122" timestamp="2019-08-03T01:09:50.109" />
  <attribute name="elasticGC enabled" value="1" />
  <attribute name= "numThreadsSpecified" value="1" />
  <attribute name="heapSize specified" value="0" />
  <attribute name= "numCores" value="8" />
  <attribute name ="GC Interval" value="0" />
  <attribute name ="Control flow" value="1" />
  <attribute name="GC Util Range Max" value="99" />
  <attribute name="Current GC Util" value="95" />
  <attribute name= "Current Time Running" value="526" />
<allocation-satisfied id="130" threadId="000000000247BB00" bytesRequested="40" />
<af-end id="131" timestamp="2019-08-03T01:09:50.109" threadId="000000000247C488" success="true" />
<exclusive-end id="132" timestamp="2019-08-03T01:09:50.110" durationms="4.820" />

<exclusive-start id="133" timestamp="2019-08-03T01:09:50.124" intervalms="19.589">
  <response-info timems="0.104" idlems="0.104" threads="0" lastid="000000000247BB00" lastname="Thread-11" />
</exclusive-start>
<af-start id="134" threadId="000000000247C488" totalBytesRequested="24" timestamp="2019-08-03T01:09:50.125" intervalms="19.607" />
<cycle-start id="135" type="global" contextid="0" timestamp="2019-08-03T01:09:50.125" intervalms="19.609" />
<gc-start id="136" type="global" contextid="135" timestamp="2019-08-03T01:09:50.125">
  <mem-info id="137" free="502784" total="8388608" percent="5">
    <mem type="tenure" free="502784" total="8388608" percent="5">
      <mem type="soa" free="0" total="7885824" percent="0" />
      <mem type="loa" free="502784" total="502784" percent="100" />
    </mem>
  </mem-info>
</gc-start>
<allocation-stats totalBytes="3531256" >
  <allocated-bytes non-tlh="0" tlh="3531256" />
  <largest-consumer threadName="Thread-11" threadId="000000000247BB00" bytes="3531256" />
</allocation-stats>
<gc-op id="138" type="mark" timems="2.578" contextid="135" timestamp="2019-08-03T01:09:50.128">
  <trace-info objectcount="50229" scancount="41824" scanbytes="1476936" />
  <finalization candidates="124" enqueued="0" />
  <ownableSynchronizers candidates="3" cleared="0" />
  <references type="soft" candidates="148" cleared="0" enqueued="0" dynamicThreshold="15" maxThreshold="32" />
  <references type="weak" candidates="769" cleared="0" enqueued="0" />
  <references type="phantom" candidates="63" cleared="0" enqueued="0" />
  <stringconstants candidates="4596" cleared="0"  />
</gc-op>
<gc-op id="139" type="sweep" timems="1.277" contextid="135" timestamp="2019-08-03T01:09:50.129" />
<gc-end id="140" type="global" contextid="135" durationms="5.213" usertimems="8.000" systemtimems="0.000" timestamp="2019-08-03T01:09:50.130" activeThreads="8">
  <mem-info id="141" free="4002656" total="8388608" percent="47">
    <mem type="tenure" free="4002656" total="8388608" percent="47" micro-fragmented="1465098" macro-fragmented="0">
      <mem type="soa" free="3499872" total="7885824" percent="44" />
      <mem type="loa" free="502784" total="502784" percent="100" />
    </mem>
  </mem-info>
</gc-end>
<cycle-end id="142" type="global" contextid="135" timestamp="2019-08-03T01:09:50.130" />
  <attribute name="elasticGC enabled" value="1" />
  <attribute name= "numThreadsSpecified" value="1" />
  <attribute name="heapSize specified" value="0" />
  <attribute name= "numCores" value="8" />
  <attribute name ="GC Interval" value="0" />
  <attribute name ="Control flow" value="2" />
  <attribute name="GC Util Range Max" value="99" />
  <attribute name="Current GC Util" value="147" />
  <attribute name= "Current Time Running" value="547" />
<allocation-satisfied id="143" threadId="000000000247BB00" bytesRequested="24" />
<af-end id="144" timestamp="2019-08-03T01:09:50.130" threadId="000000000247C488" success="true" />
<exclusive-end id="145" timestamp="2019-08-03T01:09:50.131" durationms="6.177" />

<exclusive-start id="146" timestamp="2019-08-03T01:09:50.142" intervalms="17.245">
  <response-info timems="0.091" idlems="0.091" threads="0" lastid="000000000247BB00" lastname="Thread-11" />
</exclusive-start>
<af-start id="147" threadId="000000000247C488" totalBytesRequested="24" timestamp="2019-08-03T01:09:50.142" intervalms="17.218" />
<cycle-start id="148" type="global" contextid="0" timestamp="2019-08-03T01:09:50.142" intervalms="17.231" />
<gc-start id="149" type="global" contextid="148" timestamp="2019-08-03T01:09:50.142">
  <mem-info id="150" free="502784" total="8388608" percent="5">
    <mem type="tenure" free="502784" total="8388608" percent="5">
      <mem type="soa" free="0" total="7885824" percent="0" />
      <mem type="loa" free="502784" total="502784" percent="100" />
    </mem>
  </mem-info>
</gc-start>
<allocation-stats totalBytes="3485120" >
  <allocated-bytes non-tlh="0" tlh="3485120" />
  <largest-consumer threadName="Thread-11" threadId="000000000247BB00" bytes="3485120" />
</allocation-stats>
<gc-op id="151" type="mark" timems="2.228" contextid="148" timestamp="2019-08-03T01:09:50.144">
  <trace-info objectcount="50410" scancount="41996" scanbytes="1481176" />
  <finalization candidates="124" enqueued="0" />
  <ownableSynchronizers candidates="3" cleared="0" />
  <references type="soft" candidates="148" cleared="0" enqueued="0" dynamicThreshold="15" maxThreshold="32" />
  <references type="weak" candidates="769" cleared="0" enqueued="0" />
  <references type="phantom" candidates="63" cleared="0" enqueued="0" />
  <stringconstants candidates="4596" cleared="0"  />
</gc-op>
<gc-op id="152" type="sweep" timems="0.423" contextid="148" timestamp="2019-08-03T01:09:50.145" />
<gc-end id="153" type="global" contextid="148" durationms="4.327" usertimems="4.000" systemtimems="8.000" timestamp="2019-08-03T01:09:50.146" activeThreads="2">
  <mem-info id="154" free="3963232" total="8388608" percent="47">
    <mem type="tenure" free="3963232" total="8388608" percent="47" micro-fragmented="1475933" macro-fragmented="0">
      <mem type="soa" free="3460448" total="7885824" percent="43" />
      <mem type="loa" free="502784" total="502784" percent="100" />
    </mem>
  </mem-info>
</gc-end>
<cycle-end id="155" type="global" contextid="148" timestamp="2019-08-03T01:09:50.147" />
  <attribute name="elasticGC enabled" value="1" />
  <attribute name= "numThreadsSpecified" value="2" />
  <attribute name="heapSize specified" value="0" />
  <attribute name= "numCores" value="8" />
  <attribute name ="GC Interval" value="0" />
  <attribute name ="Control flow" value="2" />
  <attribute name="GC Util Range Max" value="99" />
  <attribute name="Current GC Util" value="0" />
  <attribute name= "Current Time Running" value="563" />
<allocation-satisfied id="156" threadId="000000000247BB00" bytesRequested="24" />
<af-end id="157" timestamp="2019-08-03T01:09:50.147" threadId="000000000247C488" success="true" />
<exclusive-end id="158" timestamp="2019-08-03T01:09:50.147" durationms="5.298" />

<exclusive-start id="159" timestamp="2019-08-03T01:09:50.159" intervalms="17.848">
  <response-info timems="0.249" idlems="0.249" threads="0" lastid="000000000247BB00" lastname="Thread-11" />
</exclusive-start>
<af-start id="160" threadId="000000000247C488" totalBytesRequested="40" timestamp="2019-08-03T01:09:50.160" intervalms="17.838" />
<cycle-start id="161" type="global" contextid="0" timestamp="2019-08-03T01:09:50.160" intervalms="17.836" />
<gc-start id="162" type="global" contextid="161" timestamp="2019-08-03T01:09:50.160">
  <mem-info id="163" free="502784" total="8388608" percent="5">
    <mem type="tenure" free="502784" total="8388608" percent="5">
      <mem type="soa" free="0" total="7885824" percent="0" />
      <mem type="loa" free="502784" total="502784" percent="100" />
    </mem>
  </mem-info>
</gc-start>
<allocation-stats totalBytes="3444632" >
  <allocated-bytes non-tlh="0" tlh="3444632" />
  <largest-consumer threadName="Thread-11" threadId="000000000247BB00" bytes="3444632" />
</allocation-stats>
<gc-op id="164" type="mark" timems="2.137" contextid="161" timestamp="2019-08-03T01:09:50.162">
  <trace-info objectcount="50605" scancount="42204" scanbytes="1485872" />
  <finalization candidates="124" enqueued="0" />
  <ownableSynchronizers candidates="3" cleared="0" />
  <references type="soft" candidates="148" cleared="0" enqueued="0" dynamicThreshold="15" maxThreshold="32" />
  <references type="weak" candidates="769" cleared="0" enqueued="0" />
  <references type="phantom" candidates="63" cleared="0" enqueued="0" />
  <stringconstants candidates="4596" cleared="0"  />
</gc-op>
<gc-op id="165" type="sweep" timems="0.591" contextid="161" timestamp="2019-08-03T01:09:50.163" />
<gc-end id="166" type="global" contextid="161" durationms="4.410" usertimems="4.000" systemtimems="4.000" timestamp="2019-08-03T01:09:50.164" activeThreads="2">
  <mem-info id="167" free="3914296" total="8388608" percent="46">
    <mem type="tenure" free="3914296" total="8388608" percent="46" micro-fragmented="1550213" macro-fragmented="0">
      <mem type="soa" free="3411512" total="7885824" percent="43" />
      <mem type="loa" free="502784" total="502784" percent="100" />
    </mem>
  </mem-info>
</gc-end>
<cycle-end id="168" type="global" contextid="161" timestamp="2019-08-03T01:09:50.164" />
  <attribute name="elasticGC enabled" value="1" />
  <attribute name= "numThreadsSpecified" value="2" />
  <attribute name="heapSize specified" value="0" />
  <attribute name= "numCores" value="8" />
  <attribute name ="GC Interval" value="0" />
  <attribute name ="Control flow" value="2" />
  <attribute name="GC Util Range Max" value="99" />
  <attribute name="Current GC Util" value="0" />
  <attribute name= "Current Time Running" value="581" />
<allocation-satisfied id="169" threadId="000000000247BB00" bytesRequested="40" />
<af-end id="170" timestamp="2019-08-03T01:09:50.165" threadId="000000000247C488" success="true" />
<exclusive-end id="171" timestamp="2019-08-03T01:09:50.165" durationms="5.284" />

<exclusive-start id="172" timestamp="2019-08-03T01:09:50.178" intervalms="18.284">
  <response-info timems="0.079" idlems="0.079" threads="0" lastid="000000000247BB00" lastname="Thread-11" />
</exclusive-start>
<af-start id="173" threadId="000000000247C488" totalBytesRequested="40" timestamp="2019-08-03T01:09:50.178" intervalms="18.291" />
<cycle-start id="174" type="global" contextid="0" timestamp="2019-08-03T01:09:50.178" intervalms="18.279" />
<gc-start id="175" type="global" contextid="174" timestamp="2019-08-03T01:09:50.178">
  <mem-info id="176" free="502784" total="8388608" percent="5">
    <mem type="tenure" free="502784" total="8388608" percent="5">
      <mem type="soa" free="0" total="7885824" percent="0" />
      <mem type="loa" free="502784" total="502784" percent="100" />
    </mem>
  </mem-info>
</gc-start>
<allocation-stats totalBytes="3394712" >
  <allocated-bytes non-tlh="0" tlh="3394712" />
  <largest-consumer threadName="Thread-11" threadId="000000000247BB00" bytes="3394712" />
</allocation-stats>
<gc-op id="177" type="mark" timems="1.943" contextid="174" timestamp="2019-08-03T01:09:50.180">
  <trace-info objectcount="50781" scancount="42367" scanbytes="1490080" />
  <finalization candidates="124" enqueued="0" />
  <ownableSynchronizers candidates="3" cleared="0" />
  <references type="soft" candidates="148" cleared="0" enqueued="0" dynamicThreshold="14" maxThreshold="32" />
  <references type="weak" candidates="769" cleared="0" enqueued="0" />
  <references type="phantom" candidates="63" cleared="0" enqueued="0" />
  <stringconstants candidates="4596" cleared="0"  />
</gc-op>
<gc-op id="178" type="sweep" timems="0.422" contextid="174" timestamp="2019-08-03T01:09:50.181" />
<gc-end id="179" type="global" contextid="174" durationms="4.001" usertimems="12.000" systemtimems="0.000" timestamp="2019-08-03T01:09:50.182" activeThreads="2">
  <mem-info id="180" free="3867272" total="8388608" percent="46">
    <mem type="tenure" free="3867272" total="8388608" percent="46" micro-fragmented="1625520" macro-fragmented="0">
      <mem type="soa" free="3364488" total="7885824" percent="42" />
      <mem type="loa" free="502784" total="502784" percent="100" />
    </mem>
  </mem-info>
</gc-end>
<cycle-end id="181" type="global" contextid="174" timestamp="2019-08-03T01:09:50.182" />
  <attribute name="elasticGC enabled" value="1" />
  <attribute name= "numThreadsSpecified" value="2" />
  <attribute name="heapSize specified" value="0" />
  <attribute name= "numCores" value="8" />
  <attribute name ="GC Interval" value="0" />
  <attribute name ="Control flow" value="2" />
  <attribute name="GC Util Range Max" value="99" />
  <attribute name="Current GC Util" value="0" />
  <attribute name= "Current Time Running" value="599" />
<allocation-satisfied id="182" threadId="000000000247BB00" bytesRequested="40" />
<af-end id="183" timestamp="2019-08-03T01:09:50.182" threadId="000000000247C488" success="true" />
<exclusive-end id="184" timestamp="2019-08-03T01:09:50.183" durationms="4.892" />

<exclusive-start id="185" timestamp="2019-08-03T01:09:50.195" intervalms="17.762">
  <response-info timems="0.070" idlems="0.070" threads="0" lastid="000000000247BB00" lastname="Thread-11" />
</exclusive-start>
<af-start id="186" threadId="000000000247C488" totalBytesRequested="40" timestamp="2019-08-03T01:09:50.196" intervalms="17.725" />
<cycle-start id="187" type="global" contextid="0" timestamp="2019-08-03T01:09:50.196" intervalms="17.689" />
<gc-start id="188" type="global" contextid="187" timestamp="2019-08-03T01:09:50.196">
  <mem-info id="189" free="502784" total="8388608" percent="5">
    <mem type="tenure" free="502784" total="8388608" percent="5">
      <mem type="soa" free="0" total="7885824" percent="0" />
      <mem type="loa" free="502784" total="502784" percent="100" />
    </mem>
  </mem-info>
</gc-start>
<allocation-stats totalBytes="3346096" >
  <allocated-bytes non-tlh="0" tlh="3346096" />
  <largest-consumer threadName="Thread-11" threadId="000000000247BB00" bytes="3346096" />
</allocation-stats>
<gc-op id="190" type="mark" timems="2.229" contextid="187" timestamp="2019-08-03T01:09:50.198">
  <trace-info objectcount="50367" scancount="41967" scanbytes="1475844" />
  <finalization candidates="124" enqueued="0" />
  <ownableSynchronizers candidates="3" cleared="0" />
  <references type="soft" candidates="148" cleared="47" enqueued="44" dynamicThreshold="14" maxThreshold="32" />
  <references type="weak" candidates="769" cleared="0" enqueued="0" />
  <references type="phantom" candidates="63" cleared="0" enqueued="0" />
  <stringconstants candidates="4596" cleared="0"  />
</gc-op>
<gc-op id="191" type="sweep" timems="0.600" contextid="187" timestamp="2019-08-03T01:09:50.199" />
<gc-end id="192" type="global" contextid="187" durationms="4.337" usertimems="8.000" systemtimems="0.000" timestamp="2019-08-03T01:09:50.200" activeThreads="2">
  <mem-info id="193" free="3851464" total="8388608" percent="45">
    <mem type="tenure" free="3851464" total="8388608" percent="45" micro-fragmented="1383127" macro-fragmented="0">
      <mem type="soa" free="3348680" total="7885824" percent="42" />
      <mem type="loa" free="502784" total="502784" percent="100" />
    </mem>
    <pending-finalizers system="0" default="0" reference="44" classloader="0" />
  </mem-info>
</gc-end>
<cycle-end id="194" type="global" contextid="187" timestamp="2019-08-03T01:09:50.200" />
  <attribute name="elasticGC enabled" value="1" />
  <attribute name= "numThreadsSpecified" value="2" />
  <attribute name="heapSize specified" value="0" />
  <attribute name= "numCores" value="8" />
  <attribute name ="GC Interval" value="0" />
  <attribute name ="Control flow" value="2" />
  <attribute name="GC Util Range Max" value="99" />
  <attribute name="Current GC Util" value="0" />
  <attribute name= "Current Time Running" value="617" />
<allocation-satisfied id="195" threadId="000000000247BB00" bytesRequested="40" />
<af-end id="196" timestamp="2019-08-03T01:09:50.201" threadId="000000000247C488" success="true" />
<exclusive-end id="197" timestamp="2019-08-03T01:09:50.201" durationms="5.171" />

<exclusive-start id="198" timestamp="2019-08-03T01:09:50.214" intervalms="18.565">
  <response-info timems="0.080" idlems="0.080" threads="0" lastid="000000000247BB00" lastname="Thread-11" />
</exclusive-start>
<af-start id="199" threadId="000000000247C488" totalBytesRequested="40" timestamp="2019-08-03T01:09:50.214" intervalms="18.563" />
<cycle-start id="200" type="global" contextid="0" timestamp="2019-08-03T01:09:50.214" intervalms="18.566" />
<gc-start id="201" type="global" contextid="200" timestamp="2019-08-03T01:09:50.214">
  <mem-info id="202" free="502784" total="8388608" percent="5">
    <mem type="tenure" free="502784" total="8388608" percent="5">
      <mem type="soa" free="0" total="7885824" percent="0" />
      <mem type="loa" free="502784" total="502784" percent="100" />
    </mem>
  </mem-info>
</gc-start>
<allocation-stats totalBytes="3329016" >
  <allocated-bytes non-tlh="0" tlh="3329016" />
  <largest-consumer threadName="Thread-11" threadId="000000000247BB00" bytes="3325552" />
</allocation-stats>
<gc-op id="203" type="mark" timems="1.620" contextid="200" timestamp="2019-08-03T01:09:50.216">
  <trace-info objectcount="46771" scancount="39183" scanbytes="1400392" />
  <finalization candidates="124" enqueued="0" />
  <ownableSynchronizers candidates="3" cleared="0" />
  <references type="soft" candidates="101" cleared="15" enqueued="13" dynamicThreshold="14" maxThreshold="32" />
  <references type="weak" candidates="769" cleared="0" enqueued="0" />
  <references type="phantom" candidates="63" cleared="0" enqueued="0" />
  <stringconstants candidates="4596" cleared="0"  />
</gc-op>
<gc-op id="204" type="sweep" timems="0.344" contextid="200" timestamp="2019-08-03T01:09:50.217" />
<gc-end id="205" type="global" contextid="200" durationms="3.808" usertimems="8.000" systemtimems="0.000" timestamp="2019-08-03T01:09:50.218" activeThreads="2">
  <mem-info id="206" free="4023944" total="8388608" percent="47">
    <mem type="tenure" free="4023944" total="8388608" percent="47" micro-fragmented="1359955" macro-fragmented="0">
      <mem type="soa" free="3521160" total="7885824" percent="44" />
      <mem type="loa" free="502784" total="502784" percent="100" />
    </mem>
    <pending-finalizers system="0" default="0" reference="13" classloader="0" />
  </mem-info>
</gc-end>
<cycle-end id="207" type="global" contextid="200" timestamp="2019-08-03T01:09:50.218" />
  <attribute name="elasticGC enabled" value="1" />
  <attribute name= "numThreadsSpecified" value="2" />
  <attribute name="heapSize specified" value="0" />
  <attribute name= "numCores" value="8" />
  <attribute name ="GC Interval" value="0" />
  <attribute name ="Control flow" value="1" />
  <attribute name="GC Util Range Max" value="99" />
  <attribute name="Current GC Util" value="0" />
  <attribute name= "Current Time Running" value="634" />
<allocation-satisfied id="208" threadId="000000000247BB00" bytesRequested="40" />
<af-end id="209" timestamp="2019-08-03T01:09:50.219" threadId="000000000247C488" success="true" />
<exclusive-end id="210" timestamp="2019-08-03T01:09:50.219" durationms="4.627" />

<exclusive-start id="211" timestamp="2019-08-03T01:09:50.232" intervalms="18.423">
  <response-info timems="0.080" idlems="0.080" threads="0" lastid="000000000247BB00" lastname="Thread-11" />
</exclusive-start>
<af-start id="212" threadId="000000000247C488" totalBytesRequested="40" timestamp="2019-08-03T01:09:50.233" intervalms="18.425" />
<cycle-start id="213" type="global" contextid="0" timestamp="2019-08-03T01:09:50.233" intervalms="18.424" />
<gc-start id="214" type="global" contextid="213" timestamp="2019-08-03T01:09:50.233">
  <mem-info id="215" free="502784" total="8388608" percent="5">
    <mem type="tenure" free="502784" total="8388608" percent="5">
      <mem type="soa" free="0" total="7885824" percent="0" />
      <mem type="loa" free="502784" total="502784" percent="100" />
    </mem>
  </mem-info>
</gc-start>
<allocation-stats totalBytes="3500264" >
  <allocated-bytes non-tlh="0" tlh="3500264" />
  <largest-consumer threadName="Thread-11" threadId="000000000247BB00" bytes="3500264" />
</allocation-stats>
<gc-op id="216" type="mark" timems="1.936" contextid="213" timestamp="2019-08-03T01:09:50.235">
  <trace-info objectcount="46921" scancount="39326" scanbytes="1403056" />
  <finalization candidates="124" enqueued="0" />
  <ownableSynchronizers candidates="3" cleared="0" />
  <references type="soft" candidates="86" cleared="0" enqueued="0" dynamicThreshold="15" maxThreshold="32" />
  <references type="weak" candidates="769" cleared="0" enqueued="0" />
  <references type="phantom" candidates="63" cleared="0" enqueued="0" />
  <stringconstants candidates="4596" cleared="0"  />
</gc-op>
<gc-op id="217" type="sweep" timems="1.038" contextid="213" timestamp="2019-08-03T01:09:50.236" />
<gc-end id="218" type="global" contextid="213" durationms="4.442" usertimems="12.000" systemtimems="0.000" timestamp="2019-08-03T01:09:50.237" activeThreads="8">
  <mem-info id="219" free="3962432" total="8388608" percent="47">
    <mem type="tenure" free="3962432" total="8388608" percent="47" micro-fragmented="1346799" macro-fragmented="0">
      <mem type="soa" free="3459648" total="7885824" percent="43" />
      <mem type="loa" free="502784" total="502784" percent="100" />
    </mem>
  </mem-info>
</gc-end>
<cycle-end id="220" type="global" contextid="213" timestamp="2019-08-03T01:09:50.237" />
  <attribute name="elasticGC enabled" value="1" />
  <attribute name= "numThreadsSpecified" value="2" />
  <attribute name="heapSize specified" value="0" />
  <attribute name= "numCores" value="8" />
  <attribute name ="GC Interval" value="0" />
  <attribute name ="Control flow" value="1" />
  <attribute name="GC Util Range Max" value="99" />
  <attribute name="Current GC Util" value="252" />
  <attribute name= "Current Time Running" value="654" />
<allocation-satisfied id="221" threadId="000000000247BB00" bytesRequested="40" />
<af-end id="222" timestamp="2019-08-03T01:09:50.238" threadId="000000000247C488" success="true" />
<exclusive-end id="223" timestamp="2019-08-03T01:09:50.238" durationms="5.269" />

<exclusive-start id="224" timestamp="2019-08-03T01:09:50.252" intervalms="19.888">
  <response-info timems="0.074" idlems="0.074" threads="0" lastid="000000000247BB00" lastname="Thread-11" />
</exclusive-start>
<af-start id="225" threadId="000000000247C488" totalBytesRequested="40" timestamp="2019-08-03T01:09:50.252" intervalms="19.896" />
<cycle-start id="226" type="global" contextid="0" timestamp="2019-08-03T01:09:50.253" intervalms="19.897" />
<gc-start id="227" type="global" contextid="226" timestamp="2019-08-03T01:09:50.253">
  <mem-info id="228" free="502784" total="8388608" percent="5">
    <mem type="tenure" free="502784" total="8388608" percent="5">
      <mem type="soa" free="0" total="7885824" percent="0" />
      <mem type="loa" free="502784" total="502784" percent="100" />
    </mem>
  </mem-info>
</gc-start>
<allocation-stats totalBytes="3438760" >
  <allocated-bytes non-tlh="0" tlh="3438760" />
  <largest-consumer threadName="Thread-11" threadId="000000000247BB00" bytes="3438760" />
</allocation-stats>
<heap-resize id="229" type="loa contract" space="tenure" amount="83968" count="1" timems="0.000" reason="contract underutilized loa" timestamp="2019-08-03T01:09:50.253" />
<gc-op id="230" type="mark" timems="1.953" contextid="226" timestamp="2019-08-03T01:09:50.255">
  <trace-info objectcount="47178" scancount="39590" scanbytes="1409224" />
  <finalization candidates="124" enqueued="0" />
  <ownableSynchronizers candidates="3" cleared="0" />
  <references type="soft" candidates="86" cleared="0" enqueued="0" dynamicThreshold="15" maxThreshold="32" />
  <references type="weak" candidates="769" cleared="0" enqueued="0" />
  <references type="phantom" candidates="63" cleared="0" enqueued="0" />
  <stringconstants candidates="4596" cleared="0"  />
</gc-op>
<gc-op id="231" type="sweep" timems="1.048" contextid="226" timestamp="2019-08-03T01:09:50.256" />
<gc-end id="232" type="global" contextid="226" durationms="4.507" usertimems="8.000" systemtimems="0.000" timestamp="2019-08-03T01:09:50.257" activeThreads="8">
  <mem-info id="233" free="3895808" total="8388608" percent="46">
    <mem type="tenure" free="3895808" total="8388608" percent="46" micro-fragmented="1316973" macro-fragmented="0">
      <mem type="soa" free="3476992" total="7969792" percent="43" />
      <mem type="loa" free="418816" total="418816" percent="100" />
    </mem>
  </mem-info>
</gc-end>
<cycle-end id="234" type="global" contextid="226" timestamp="2019-08-03T01:09:50.257" />
  <attribute name="elasticGC enabled" value="1" />
  <attribute name= "numThreadsSpecified" value="2" />
  <attribute name="heapSize specified" value="0" />
  <attribute name= "numCores" value="8" />
  <attribute name ="GC Interval" value="0" />
  <attribute name ="Control flow" value="1" />
  <attribute name="GC Util Range Max" value="99" />
  <attribute name="Current GC Util" value="209" />
  <attribute name= "Current Time Running" value="674" />
<allocation-satisfied id="235" threadId="000000000247BB00" bytesRequested="40" />
<af-end id="236" timestamp="2019-08-03T01:09:50.258" threadId="000000000247C488" success="true" />
<exclusive-end id="237" timestamp="2019-08-03T01:09:50.258" durationms="5.360" />

<exclusive-start id="238" timestamp="2019-08-03T01:09:50.272" intervalms="19.333">
  <response-info timems="0.074" idlems="0.074" threads="0" lastid="000000000247BB00" lastname="Thread-11" />
</exclusive-start>
<af-start id="239" threadId="000000000247C488" totalBytesRequested="40" timestamp="2019-08-03T01:09:50.272" intervalms="19.331" />
<cycle-start id="240" type="global" contextid="0" timestamp="2019-08-03T01:09:50.272" intervalms="19.319" />
<gc-start id="241" type="global" contextid="240" timestamp="2019-08-03T01:09:50.272">
  <mem-info id="242" free="418816" total="8388608" percent="4">
    <mem type="tenure" free="418816" total="8388608" percent="4">
      <mem type="soa" free="0" total="7969792" percent="0" />
      <mem type="loa" free="418816" total="418816" percent="100" />
    </mem>
  </mem-info>
</gc-start>
<allocation-stats totalBytes="3455584" >
  <allocated-bytes non-tlh="0" tlh="3455584" />
  <largest-consumer threadName="Thread-11" threadId="000000000247BB00" bytes="3455584" />
</allocation-stats>
<heap-resize id="243" type="loa contract" space="tenure" amount="83968" count="1" timems="0.000" reason="contract underutilized loa" timestamp="2019-08-03T01:09:50.272" />
<gc-op id="244" type="mark" timems="2.053" contextid="240" timestamp="2019-08-03T01:09:50.274">
  <trace-info objectcount="47383" scancount="39774" scanbytes="1413928" />
  <finalization candidates="124" enqueued="0" />
  <ownableSynchronizers candidates="3" cleared="0" />
  <references type="soft" candidates="86" cleared="2" enqueued="1" dynamicThreshold="14" maxThreshold="32" />
  <references type="weak" candidates="769" cleared="0" enqueued="0" />
  <references type="phantom" candidates="63" cleared="0" enqueued="0" />
  <stringconstants candidates="4596" cleared="0"  />
</gc-op>
<gc-op id="245" type="sweep" timems="0.577" contextid="240" timestamp="2019-08-03T01:09:50.275" />
<gc-end id="246" type="global" contextid="240" durationms="4.488" usertimems="8.000" systemtimems="0.000" timestamp="2019-08-03T01:09:50.276" activeThreads="2">
  <mem-info id="247" free="3836968" total="8388608" percent="45">
    <mem type="tenure" free="3836968" total="8388608" percent="45" micro-fragmented="1457308" macro-fragmented="0">
      <mem type="soa" free="3502120" total="8053760" percent="43" />
      <mem type="loa" free="334848" total="334848" percent="100" />
    </mem>
    <pending-finalizers system="0" default="0" reference="1" classloader="0" />
  </mem-info>
</gc-end>
<cycle-end id="248" type="global" contextid="240" timestamp="2019-08-03T01:09:50.277" />
  <attribute name="elasticGC enabled" value="1" />
  <attribute name= "numThreadsSpecified" value="2" />
  <attribute name="heapSize specified" value="0" />
  <attribute name= "numCores" value="8" />
  <attribute name ="GC Interval" value="0" />
  <attribute name ="Control flow" value="2" />
  <attribute name="GC Util Range Max" value="99" />
  <attribute name="Current GC Util" value="5" />
  <attribute name= "Current Time Running" value="693" />
<allocation-satisfied id="249" threadId="000000000247BB00" bytesRequested="40" />
<af-end id="250" timestamp="2019-08-03T01:09:50.277" threadId="000000000247C488" success="true" />
<exclusive-end id="251" timestamp="2019-08-03T01:09:50.277" durationms="5.327" />

<exclusive-start id="252" timestamp="2019-08-03T01:09:50.297" intervalms="24.997">
  <response-info timems="0.083" idlems="0.083" threads="0" lastid="000000000247BB00" lastname="Thread-11" />
</exclusive-start>
<af-start id="253" threadId="000000000247C488" totalBytesRequested="40" timestamp="2019-08-03T01:09:50.297" intervalms="25.010" />
<cycle-start id="254" type="global" contextid="0" timestamp="2019-08-03T01:09:50.297" intervalms="25.006" />
<gc-start id="255" type="global" contextid="254" timestamp="2019-08-03T01:09:50.297">
  <mem-info id="256" free="334848" total="8388608" percent="3">
    <mem type="tenure" free="334848" total="8388608" percent="3">
      <mem type="soa" free="0" total="8053760" percent="0" />
      <mem type="loa" free="334848" total="334848" percent="100" />
    </mem>
  </mem-info>
</gc-start>
<allocation-stats totalBytes="3480584" >
  <allocated-bytes non-tlh="0" tlh="3480584" />
  <largest-consumer threadName="Thread-11" threadId="000000000247BB00" bytes="3479560" />
</allocation-stats>
<heap-resize id="257" type="loa contract" space="tenure" amount="83968" count="1" timems="0.000" reason="contract underutilized loa" timestamp="2019-08-03T01:09:50.297" />
<gc-op id="258" type="mark" timems="2.090" contextid="254" timestamp="2019-08-03T01:09:50.299">
  <trace-info objectcount="47502" scancount="39931" scanbytes="1417096" />
  <finalization candidates="124" enqueued="0" />
  <ownableSynchronizers candidates="3" cleared="0" />
  <references type="soft" candidates="84" cleared="0" enqueued="0" dynamicThreshold="14" maxThreshold="32" />
  <references type="weak" candidates="769" cleared="0" enqueued="0" />
  <references type="phantom" candidates="63" cleared="0" enqueued="0" />
  <stringconstants candidates="4596" cleared="0"  />
</gc-op>
<gc-op id="259" type="sweep" timems="0.694" contextid="254" timestamp="2019-08-03T01:09:50.300" />
<gc-end id="260" type="global" contextid="254" durationms="4.041" usertimems="8.000" systemtimems="4.000" timestamp="2019-08-03T01:09:50.301" activeThreads="8">
  <mem-info id="261" free="3785120" total="8388608" percent="45">
    <mem type="tenure" free="3785120" total="8388608" percent="45" micro-fragmented="1435270" macro-fragmented="0">
      <mem type="soa" free="3534240" total="8137728" percent="43" />
      <mem type="loa" free="250880" total="250880" percent="100" />
    </mem>
  </mem-info>
</gc-end>
<cycle-end id="262" type="global" contextid="254" timestamp="2019-08-03T01:09:50.301" />
  <attribute name="elasticGC enabled" value="1" />
  <attribute name= "numThreadsSpecified" value="2" />
  <attribute name="heapSize specified" value="0" />
  <attribute name= "numCores" value="8" />
  <attribute name ="GC Interval" value="0" />
  <attribute name ="Control flow" value="1" />
  <attribute name="GC Util Range Max" value="99" />
  <attribute name="Current GC Util" value="121" />
  <attribute name= "Current Time Running" value="718" />
<allocation-satisfied id="263" threadId="000000000247BB00" bytesRequested="40" />
<af-end id="264" timestamp="2019-08-03T01:09:50.301" threadId="000000000247C488" success="true" />
<exclusive-end id="265" timestamp="2019-08-03T01:09:50.302" durationms="4.887" />

<exclusive-start id="266" timestamp="2019-08-03T01:09:50.318" intervalms="21.757">
  <response-info timems="0.087" idlems="0.087" threads="0" lastid="000000000247BB00" lastname="Thread-11" />
</exclusive-start>
<af-start id="267" threadId="000000000247C488" totalBytesRequested="40" timestamp="2019-08-03T01:09:50.319" intervalms="21.757" />
<cycle-start id="268" type="global" contextid="0" timestamp="2019-08-03T01:09:50.319" intervalms="21.774" />
<gc-start id="269" type="global" contextid="268" timestamp="2019-08-03T01:09:50.319">
  <mem-info id="270" free="250880" total="8388608" percent="2">
    <mem type="tenure" free="250880" total="8388608" percent="2">
      <mem type="soa" free="0" total="8137728" percent="0" />
      <mem type="loa" free="250880" total="250880" percent="100" />
    </mem>
  </mem-info>
</gc-start>
<allocation-stats totalBytes="3512488" >
  <allocated-bytes non-tlh="0" tlh="3512488" />
  <largest-consumer threadName="Thread-11" threadId="000000000247BB00" bytes="3512488" />
</allocation-stats>
<heap-resize id="271" type="loa contract" space="tenure" amount="83968" count="1" timems="0.000" reason="contract underutilized loa" timestamp="2019-08-03T01:09:50.319" />
<gc-op id="272" type="mark" timems="2.136" contextid="268" timestamp="2019-08-03T01:09:50.321">
  <trace-info objectcount="47658" scancount="40078" scanbytes="1420840" />
  <finalization candidates="124" enqueued="0" />
  <ownableSynchronizers candidates="3" cleared="0" />
  <references type="soft" candidates="84" cleared="0" enqueued="0" dynamicThreshold="14" maxThreshold="32" />
  <references type="weak" candidates="769" cleared="0" enqueued="0" />
  <references type="phantom" candidates="63" cleared="0" enqueued="0" />
  <stringconstants candidates="4596" cleared="0"  />
</gc-op>
<gc-op id="273" type="sweep" timems="0.773" contextid="268" timestamp="2019-08-03T01:09:50.322" />
<gc-end id="274" type="global" contextid="268" durationms="4.992" usertimems="8.000" systemtimems="0.000" timestamp="2019-08-03T01:09:50.324" activeThreads="8">
  <mem-info id="275" free="3731008" total="8388608" percent="44">
    <mem type="tenure" free="3731008" total="8388608" percent="44" micro-fragmented="1707240" macro-fragmented="0">
      <mem type="soa" free="3564096" total="8221696" percent="43" />
      <mem type="loa" free="166912" total="166912" percent="100" />
    </mem>
  </mem-info>
</gc-end>
<cycle-end id="276" type="global" contextid="268" timestamp="2019-08-03T01:09:50.324" />
  <attribute name="elasticGC enabled" value="1" />
  <attribute name= "numThreadsSpecified" value="2" />
  <attribute name="heapSize specified" value="0" />
  <attribute name= "numCores" value="8" />
  <attribute name ="GC Interval" value="0" />
  <attribute name ="Control flow" value="1" />
  <attribute name="GC Util Range Max" value="99" />
  <attribute name="Current GC Util" value="152" />
  <attribute name= "Current Time Running" value="740" />
<allocation-satisfied id="277" threadId="000000000247BB00" bytesRequested="40" />
<af-end id="278" timestamp="2019-08-03T01:09:50.324" threadId="000000000247C488" success="true" />
<exclusive-end id="279" timestamp="2019-08-03T01:09:50.324" durationms="5.728" />

<exclusive-start id="280" timestamp="2019-08-03T01:09:50.338" intervalms="19.866">
  <response-info timems="0.075" idlems="0.075" threads="0" lastid="000000000247BB00" lastname="Thread-11" />
</exclusive-start>
<af-start id="281" threadId="000000000247C488" totalBytesRequested="40" timestamp="2019-08-03T01:09:50.338" intervalms="19.862" />
<cycle-start id="282" type="global" contextid="0" timestamp="2019-08-03T01:09:50.339" intervalms="19.854" />
<gc-start id="283" type="global" contextid="282" timestamp="2019-08-03T01:09:50.339">
  <mem-info id="284" free="166912" total="8388608" percent="1">
    <mem type="tenure" free="166912" total="8388608" percent="1">
      <mem type="soa" free="0" total="8221696" percent="0" />
      <mem type="loa" free="166912" total="166912" percent="100" />
    </mem>
  </mem-info>
</gc-start>
<allocation-stats totalBytes="3540480" >
  <allocated-bytes non-tlh="0" tlh="3540480" />
  <largest-consumer threadName="Thread-11" threadId="000000000247BB00" bytes="3540480" />
</allocation-stats>
<heap-resize id="285" type="loa contract" space="tenure" amount="83968" count="1" timems="0.000" reason="contract underutilized loa" timestamp="2019-08-03T01:09:50.339" />
<gc-op id="286" type="mark" timems="2.082" contextid="282" timestamp="2019-08-03T01:09:50.341">
  <trace-info objectcount="47877" scancount="40285" scanbytes="1426456" />
  <finalization candidates="124" enqueued="0" />
  <ownableSynchronizers candidates="3" cleared="0" />
  <references type="soft" candidates="84" cleared="0" enqueued="0" dynamicThreshold="14" maxThreshold="32" />
  <references type="weak" candidates="769" cleared="0" enqueued="0" />
  <references type="phantom" candidates="63" cleared="0" enqueued="0" />
  <stringconstants candidates="4596" cleared="0"  />
</gc-op>
<gc-op id="287" type="sweep" timems="1.048" contextid="282" timestamp="2019-08-03T01:09:50.342" />
<gc-end id="288" type="global" contextid="282" durationms="5.228" usertimems="8.000" systemtimems="0.000" timestamp="2019-08-03T01:09:50.344" activeThreads="8">
  <mem-info id="289" free="3664384" total="8388608" percent="43">
    <mem type="tenure" free="3664384" total="8388608" percent="43" micro-fragmented="1660827" macro-fragmented="0">
      <mem type="soa" free="3581440" total="8305664" percent="43" />
      <mem type="loa" free="82944" total="82944" percent="100" />
    </mem>
  </mem-info>
</gc-end>
<cycle-end id="290" type="global" contextid="282" timestamp="2019-08-03T01:09:50.344" />
  <attribute name="elasticGC enabled" value="1" />
  <attribute name= "numThreadsSpecified" value="2" />
  <attribute name="heapSize specified" value="0" />
  <attribute name= "numCores" value="8" />
  <attribute name ="GC Interval" value="0" />
  <attribute name ="Control flow" value="1" />
  <attribute name="GC Util Range Max" value="99" />
  <attribute name="Current GC Util" value="185" />
  <attribute name= "Current Time Running" value="760" />
<allocation-satisfied id="291" threadId="000000000247BB00" bytesRequested="40" />
<af-end id="292" timestamp="2019-08-03T01:09:50.344" threadId="000000000247C488" success="true" />
<exclusive-end id="293" timestamp="2019-08-03T01:09:50.344" durationms="5.923" />

<exclusive-start id="294" timestamp="2019-08-03T01:09:50.359" intervalms="20.403">
  <response-info timems="0.084" idlems="0.084" threads="0" lastid="000000000247BB00" lastname="Thread-11" />
</exclusive-start>
<af-start id="295" threadId="000000000247C488" totalBytesRequested="40" timestamp="2019-08-03T01:09:50.359" intervalms="20.425" />
<cycle-start id="296" type="global" contextid="0" timestamp="2019-08-03T01:09:50.359" intervalms="20.457" />
<gc-start id="297" type="global" contextid="296" timestamp="2019-08-03T01:09:50.359">
  <mem-info id="298" free="82944" total="8388608" percent="0">
    <mem type="tenure" free="82944" total="8388608" percent="0">
      <mem type="soa" free="0" total="8305664" percent="0" />
      <mem type="loa" free="82944" total="82944" percent="100" />
    </mem>
  </mem-info>
</gc-start>
<allocation-stats totalBytes="3557648" >
  <allocated-bytes non-tlh="0" tlh="3557648" />
  <largest-consumer threadName="Thread-11" threadId="000000000247BB00" bytes="3557648" />
</allocation-stats>
<gc-op id="299" type="mark" timems="2.089" contextid="296" timestamp="2019-08-03T01:09:50.361">
  <trace-info objectcount="48081" scancount="40510" scanbytes="1431472" />
  <finalization candidates="124" enqueued="0" />
  <ownableSynchronizers candidates="3" cleared="0" />
  <references type="soft" candidates="84" cleared="0" enqueued="0" dynamicThreshold="13" maxThreshold="32" />
  <references type="weak" candidates="769" cleared="0" enqueued="0" />
  <references type="phantom" candidates="63" cleared="0" enqueued="0" />
  <stringconstants candidates="4596" cleared="0"  />
</gc-op>
<gc-op id="300" type="sweep" timems="1.172" contextid="296" timestamp="2019-08-03T01:09:50.363" />
<gc-end id="301" type="global" contextid="296" durationms="4.721" usertimems="12.000" systemtimems="0.000" timestamp="2019-08-03T01:09:50.364" activeThreads="8">
  <mem-info id="302" free="3603680" total="8388608" percent="42">
    <mem type="tenure" free="3603680" total="8388608" percent="42" micro-fragmented="1463618" macro-fragmented="0">
      <mem type="soa" free="3520736" total="8305664" percent="42" />
      <mem type="loa" free="82944" total="82944" percent="100" />
    </mem>
  </mem-info>
</gc-end>
<cycle-end id="303" type="global" contextid="296" timestamp="2019-08-03T01:09:50.364" />
  <attribute name="elasticGC enabled" value="1" />
  <attribute name= "numThreadsSpecified" value="2" />
  <attribute name="heapSize specified" value="0" />
  <attribute name= "numCores" value="8" />
  <attribute name ="GC Interval" value="0" />
  <attribute name ="Control flow" value="1" />
  <attribute name="GC Util Range Max" value="99" />
  <attribute name="Current GC Util" value="177" />
  <attribute name= "Current Time Running" value="780" />
<allocation-satisfied id="304" threadId="000000000247BB00" bytesRequested="40" />
<af-end id="305" timestamp="2019-08-03T01:09:50.364" threadId="000000000247C488" success="true" />
<exclusive-end id="306" timestamp="2019-08-03T01:09:50.364" durationms="5.587" />

<exclusive-start id="307" timestamp="2019-08-03T01:09:50.381" intervalms="22.183">
  <response-info timems="0.124" idlems="0.124" threads="0" lastid="000000000247BB00" lastname="Thread-11" />
</exclusive-start>
<af-start id="308" threadId="000000000247C488" totalBytesRequested="40" timestamp="2019-08-03T01:09:50.381" intervalms="22.195" />
<cycle-start id="309" type="global" contextid="0" timestamp="2019-08-03T01:09:50.381" intervalms="22.207" />
<gc-start id="310" type="global" contextid="309" timestamp="2019-08-03T01:09:50.381">
  <mem-info id="311" free="82944" total="8388608" percent="0">
    <mem type="tenure" free="82944" total="8388608" percent="0">
      <mem type="soa" free="0" total="8305664" percent="0" />
      <mem type="loa" free="82944" total="82944" percent="100" />
    </mem>
  </mem-info>
</gc-start>
<allocation-stats totalBytes="3496376" >
  <allocated-bytes non-tlh="0" tlh="3496376" />
  <largest-consumer threadName="Thread-11" threadId="000000000247BB00" bytes="3496376" />
</allocation-stats>
<gc-op id="312" type="mark" timems="1.694" contextid="309" timestamp="2019-08-03T01:09:50.383">
  <trace-info objectcount="48302" scancount="40727" scanbytes="1436624" />
  <finalization candidates="124" enqueued="0" />
  <ownableSynchronizers candidates="3" cleared="0" />
  <references type="soft" candidates="84" cleared="0" enqueued="0" dynamicThreshold="13" maxThreshold="32" />
  <references type="weak" candidates="769" cleared="0" enqueued="0" />
  <references type="phantom" candidates="63" cleared="0" enqueued="0" />
  <stringconstants candidates="4596" cleared="0"  />
</gc-op>
<gc-op id="313" type="sweep" timems="0.580" contextid="309" timestamp="2019-08-03T01:09:50.384" />
<gc-end id="314" type="global" contextid="309" durationms="3.507" usertimems="8.000" systemtimems="0.000" timestamp="2019-08-03T01:09:50.385" activeThreads="8">
  <mem-info id="315" free="3538224" total="8388608" percent="42">
    <mem type="tenure" free="3538224" total="8388608" percent="42" micro-fragmented="1630459" macro-fragmented="0">
      <mem type="soa" free="3455280" total="8305664" percent="41" />
      <mem type="loa" free="82944" total="82944" percent="100" />
    </mem>
  </mem-info>
</gc-end>
<cycle-end id="316" type="global" contextid="309" timestamp="2019-08-03T01:09:50.385" />
  <attribute name="elasticGC enabled" value="1" />
  <attribute name= "numThreadsSpecified" value="2" />
  <attribute name="heapSize specified" value="0" />
  <attribute name= "numCores" value="8" />
  <attribute name ="GC Interval" value="0" />
  <attribute name ="Control flow" value="1" />
  <attribute name="GC Util Range Max" value="99" />
  <attribute name="Current GC Util" value="177" />
  <attribute name= "Current Time Running" value="802" />
<allocation-satisfied id="317" threadId="000000000247BB00" bytesRequested="40" />
<af-end id="318" timestamp="2019-08-03T01:09:50.385" threadId="000000000247C488" success="true" />
<exclusive-end id="319" timestamp="2019-08-03T01:09:50.385" durationms="4.439" />

<exclusive-start id="320" timestamp="2019-08-03T01:09:50.395" intervalms="13.677">
  <response-info timems="0.075" idlems="0.075" threads="0" lastid="000000000247BB00" lastname="Thread-11" />
</exclusive-start>
<af-start id="321" threadId="000000000247C488" totalBytesRequested="40" timestamp="2019-08-03T01:09:50.395" intervalms="13.665" />
<cycle-start id="322" type="global" contextid="0" timestamp="2019-08-03T01:09:50.395" intervalms="13.670" />
<gc-start id="323" type="global" contextid="322" timestamp="2019-08-03T01:09:50.395">
  <mem-info id="324" free="82944" total="8388608" percent="0">
    <mem type="tenure" free="82944" total="8388608" percent="0">
      <mem type="soa" free="0" total="8305664" percent="0" />
      <mem type="loa" free="82944" total="82944" percent="100" />
    </mem>
  </mem-info>
</gc-start>
<allocation-stats totalBytes="3431168" >
  <allocated-bytes non-tlh="0" tlh="3431168" />
  <largest-consumer threadName="Thread-11" threadId="000000000247BB00" bytes="3431168" />
</allocation-stats>
<gc-op id="325" type="mark" timems="1.644" contextid="322" timestamp="2019-08-03T01:09:50.397">
  <trace-info objectcount="48472" scancount="40879" scanbytes="1440736" />
  <finalization candidates="124" enqueued="0" />
  <ownableSynchronizers candidates="3" cleared="0" />
  <references type="soft" candidates="84" cleared="0" enqueued="0" dynamicThreshold="13" maxThreshold="32" />
  <references type="weak" candidates="769" cleared="0" enqueued="0" />
  <references type="phantom" candidates="63" cleared="0" enqueued="0" />
  <stringconstants candidates="4596" cleared="0"  />
</gc-op>
<gc-op id="326" type="sweep" timems="1.032" contextid="322" timestamp="2019-08-03T01:09:50.398" />
<gc-end id="327" type="global" contextid="322" durationms="3.985" usertimems="8.000" systemtimems="0.000" timestamp="2019-08-03T01:09:50.399" activeThreads="8">
  <mem-info id="328" free="3484952" total="8388608" percent="41">
    <mem type="tenure" free="3484952" total="8388608" percent="41" micro-fragmented="1821969" macro-fragmented="0">
      <mem type="soa" free="3402008" total="8305664" percent="40" />
      <mem type="loa" free="82944" total="82944" percent="100" />
    </mem>
  </mem-info>
</gc-end>
<cycle-end id="329" type="global" contextid="322" timestamp="2019-08-03T01:09:50.399" />
  <attribute name="elasticGC enabled" value="1" />
  <attribute name= "numThreadsSpecified" value="2" />
  <attribute name="heapSize specified" value="0" />
  <attribute name= "numCores" value="8" />
  <attribute name ="GC Interval" value="0" />
  <attribute name ="Control flow" value="1" />
  <attribute name="GC Util Range Max" value="99" />
  <attribute name="Current GC Util" value="174" />
  <attribute name= "Current Time Running" value="816" />
<allocation-satisfied id="330" threadId="000000000247BB00" bytesRequested="40" />
<af-end id="331" timestamp="2019-08-03T01:09:50.399" threadId="000000000247C488" success="true" />
<exclusive-end id="332" timestamp="2019-08-03T01:09:50.399" durationms="4.869" />

<exclusive-start id="333" timestamp="2019-08-03T01:09:50.407" intervalms="12.791">
  <response-info timems="0.085" idlems="0.085" threads="0" lastid="000000000247BB00" lastname="Thread-11" />
</exclusive-start>
<af-start id="334" threadId="000000000247C488" totalBytesRequested="40" timestamp="2019-08-03T01:09:50.408" intervalms="12.789" />
<cycle-start id="335" type="global" contextid="0" timestamp="2019-08-03T01:09:50.408" intervalms="12.780" />
<gc-start id="336" type="global" contextid="335" timestamp="2019-08-03T01:09:50.408">
  <mem-info id="337" free="82944" total="8388608" percent="0">
    <mem type="tenure" free="82944" total="8388608" percent="0">
      <mem type="soa" free="0" total="8305664" percent="0" />
      <mem type="loa" free="82944" total="82944" percent="100" />
    </mem>
  </mem-info>
</gc-start>
<allocation-stats totalBytes="3375744" >
  <allocated-bytes non-tlh="0" tlh="3375744" />
  <largest-consumer threadName="Thread-11" threadId="000000000247BB00" bytes="3375744" />
</allocation-stats>
<gc-op id="338" type="mark" timems="1.583" contextid="335" timestamp="2019-08-03T01:09:50.410">
  <trace-info objectcount="48765" scancount="41183" scanbytes="1447784" />
  <finalization candidates="124" enqueued="0" />
  <ownableSynchronizers candidates="3" cleared="0" />
  <references type="soft" candidates="84" cleared="0" enqueued="0" dynamicThreshold="13" maxThreshold="32" />
  <references type="weak" candidates="769" cleared="0" enqueued="0" />
  <references type="phantom" candidates="63" cleared="0" enqueued="0" />
  <stringconstants candidates="4596" cleared="0"  />
</gc-op>
<gc-op id="339" type="sweep" timems="0.324" contextid="335" timestamp="2019-08-03T01:09:50.410" />
<gc-end id="340" type="global" contextid="335" durationms="3.147" usertimems="8.000" systemtimems="0.000" timestamp="2019-08-03T01:09:50.411" activeThreads="8">
  <mem-info id="341" free="3405152" total="8388608" percent="40">
    <mem type="tenure" free="3405152" total="8388608" percent="40" micro-fragmented="1759184" macro-fragmented="0">
      <mem type="soa" free="3322208" total="8305664" percent="39" />
      <mem type="loa" free="82944" total="82944" percent="100" />
    </mem>
  </mem-info>
</gc-end>
<cycle-end id="342" type="global" contextid="335" timestamp="2019-08-03T01:09:50.411" />
  <attribute name="elasticGC enabled" value="1" />
  <attribute name= "numThreadsSpecified" value="2" />
  <attribute name="heapSize specified" value="0" />
  <attribute name= "numCores" value="8" />
  <attribute name ="GC Interval" value="0" />
  <attribute name ="Control flow" value="1" />
  <attribute name="GC Util Range Max" value="99" />
  <attribute name="Current GC Util" value="5" />
  <attribute name= "Current Time Running" value="828" />
<allocation-satisfied id="343" threadId="000000000247BB00" bytesRequested="40" />
<af-end id="344" timestamp="2019-08-03T01:09:50.411" threadId="000000000247C488" success="true" />
<exclusive-end id="345" timestamp="2019-08-03T01:09:50.411" durationms="4.066" />

<exclusive-start id="346" timestamp="2019-08-03T01:09:50.439" intervalms="31.493">
  <response-info timems="0.060" idlems="0.060" threads="0" lastid="0000000002117A00" lastname="main" />
</exclusive-start>
<af-start id="347" threadId="0000000002118388" totalBytesRequested="16392" timestamp="2019-08-03T01:09:50.439" intervalms="31.459" />
<cycle-start id="348" type="global" contextid="0" timestamp="2019-08-03T01:09:50.439" intervalms="31.417" />
<gc-start id="349" type="global" contextid="348" timestamp="2019-08-03T01:09:50.439">
  <mem-info id="350" free="817616" total="8388608" percent="9">
    <mem type="tenure" free="817616" total="8388608" percent="9">
      <mem type="soa" free="734672" total="8305664" percent="8" />
      <mem type="loa" free="82944" total="82944" percent="100" />
    </mem>
  </mem-info>
</gc-start>
<allocation-stats totalBytes="2558816" >
  <allocated-bytes non-tlh="53800" tlh="2505016" />
  <largest-consumer threadName="main" threadId="0000000002117A00" bytes="79896" />
</allocation-stats>
<gc-op id="351" type="mark" timems="1.284" contextid="348" timestamp="2019-08-03T01:09:50.441">
  <trace-info objectcount="35013" scancount="27424" scanbytes="866744" />
  <finalization candidates="124" enqueued="0" />
  <ownableSynchronizers candidates="3" cleared="0" />
  <references type="soft" candidates="96" cleared="0" enqueued="0" dynamicThreshold="12" maxThreshold="32" />
  <references type="weak" candidates="789" cleared="20" enqueued="20" />
  <references type="phantom" candidates="65" cleared="3" enqueued="3" />
  <stringconstants candidates="4602" cleared="0"  />
</gc-op>
<gc-op id="352" type="sweep" timems="0.337" contextid="348" timestamp="2019-08-03T01:09:50.441" />
<gc-end id="353" type="global" contextid="348" durationms="2.509" usertimems="4.000" systemtimems="0.000" timestamp="2019-08-03T01:09:50.442" activeThreads="2">
  <mem-info id="354" free="5706304" total="8388608" percent="68">
    <mem type="tenure" free="5706304" total="8388608" percent="68" micro-fragmented="634844" macro-fragmented="0">
      <mem type="soa" free="5623360" total="8305664" percent="67" />
      <mem type="loa" free="82944" total="82944" percent="100" />
    </mem>
    <pending-finalizers system="0" default="0" reference="23" classloader="0" />
  </mem-info>
</gc-end>
<cycle-end id="355" type="global" contextid="348" timestamp="2019-08-03T01:09:50.442" />
  <attribute name="elasticGC enabled" value="1" />
  <attribute name= "numThreadsSpecified" value="2" />
  <attribute name="heapSize specified" value="0" />
  <attribute name= "numCores" value="8" />
  <attribute name ="GC Interval" value="0" />
  <attribute name ="Control flow" value="2" />
  <attribute name="GC Util Range Max" value="99" />
  <attribute name="Current GC Util" value="43" />
  <attribute name= "Current Time Running" value="859" />
<allocation-satisfied id="356" threadId="0000000002117A00" bytesRequested="16392" />
<af-end id="357" timestamp="2019-08-03T01:09:50.442" threadId="0000000002118388" success="true" />
<exclusive-end id="358" timestamp="2019-08-03T01:09:50.442" durationms="3.281" />

</verbosegc>

