<?xml version="1.0" ?>

<verbosegc xmlns="http://www.ibm.com/j9/verbosegc" version="08cc62e_CMPRSS">

<initialized id="1" timestamp="2019-08-02T22:50:56.050">
  <attribute name="gcPolicy" value="-Xgcpolicy:balanced" />
  <attribute name="elasticGC enabled" value="1" />
  <attribute name= "numThreadsSpecified" value="0" />
  <attribute name="heapSize specified" value="0" />
  <attribute name= "numCores" value="0" />
  <attribute name ="GC Interval" value="0" />
  <attribute name="GC Util Range Max" value="0" />
  <attribute name="Current GC Util" value="0" />
  <attribute name= "Current Time Running" value="0" />
  <attribute name="maxHeapSize" value="0x7cb00000" />
  <attribute name="initialHeapSize" value="0x800000" />
  <attribute name="compressedRefs" value="true" />
  <attribute name="compressedRefsDisplacement" value="0x0" />
  <attribute name="compressedRefsShift" value="0x0" />
  <attribute name="pageSize" value="0x1000" />
  <attribute name="pageType" value="not used" />
  <attribute name="requestedPageSize" value="0x1000" />
  <attribute name="requestedPageType" value="not used" />
  <attribute name="gcthreads" value="8" />
  <attribute name="packetListSplit" value="8" />
  <attribute name="cacheListSplit" value="8" />
  <attribute name="splitFreeListSplitAmount" value="1" />
  <attribute name="numaNodes" value="0" />
  <region>
    <attribute name="regionSize" value="1048576" />
    <attribute name="regionCount" value="1995" />
    <attribute name="arrayletLeafSize" value="1048576" />
  </region>
  <system>
    <attribute name="physicalMemory" value="8370401280" />
    <attribute name="numCPUs" value="8" />
    <attribute name="architecture" value="amd64" />
    <attribute name="os" value="Linux" />
    <attribute name="osVersion" value="4.4.0-154-generic" />
  </system>
  <vmargs>
    <vmarg name="-Xoptionsfile=/vagrant/jdk/lib/options.default" />
    <vmarg name="-Xlockword:mode=default,noLockword=java/lang/String,noLockword=java/util/MapEntry,noLockword=java/util/HashMap$Entry,noLockword..." />
    <vmarg name="-Xjcl:jclse29" />
    <vmarg name="-Dcom.ibm.oti.vm.bootstrap.library.path=/vagrant/jdk/lib/compressedrefs:/vagrant/jdk/lib" />
    <vmarg name="-Dsun.boot.library.path=/vagrant/jdk/lib/compressedrefs:/vagrant/jdk/lib" />
    <vmarg name="-Djava.library.path=/vagrant/jdk/lib/compressedrefs:/vagrant/jdk/lib:/usr/lib64:/usr/lib" />
    <vmarg name="-Djava.home=/vagrant/jdk" />
    <vmarg name="-Duser.dir=/vagrant" />
    <vmarg name="-Xgcpolicy:balanced" />
    <vmarg name="-Xgcelastic" />
    <vmarg name="-Xcheck:gc:::elasticGC" />
    <vmarg name="-verbose:gc" />
    <vmarg name="-Xloggc:jdkG-small-BAL-8core-verbose1sunflow.txt" />
    <vmarg name="-Djava.class.path=dacapo-9.12-MR1-bach.jar" />
    <vmarg name="-Dsun.java.command=dacapo-9.12-MR1-bach.jar sunflow --size=small" />
    <vmarg name="-Dsun.java.launcher=SUN_STANDARD" />
    <vmarg name="-Dsun.java.launcher.pid=13283" />
  </vmargs>
</initialized>

<exclusive-start id="2" timestamp="2019-08-02T22:50:56.504" intervalms="453.964">
  <response-info timems="0.070" idlems="0.070" threads="0" lastid="0000000000644A00" lastname="main" />
</exclusive-start>
<sys-start reason="explicit" id="3" timestamp="2019-08-02T22:50:56.504" intervalms="454.499" />
<cycle-start id="4" type="global garbage collect" contextid="0" timestamp="2019-08-02T22:50:56.505" intervalms="454.765" />
<gc-start id="5" type="global garbage collect" contextid="4" timestamp="2019-08-02T22:50:56.505">
  <mem-info id="6" free="4216088" total="8388608" percent="50">
    <mem type="eden" free="22048" total="4194304" percent="0" />
    <remembered-set count="0" freebytes="334848" totalbytes="334848" percent="100" regionsoverflowed="0" regionsstable="0" regionsrebuilding="0"/>
  </mem-info>
</gc-start>
<allocation-stats totalBytes="4163944" >
  <allocated-bytes non-tlh="501912" tlh="3662032" arrayletleaf="0"/>
  <largest-consumer threadName="main" threadId="0000000000644A00" bytes="4070992" />
</allocation-stats>
<gc-op id="7" type="global mark" timems="4.805" contextid="4" timestamp="2019-08-02T22:50:56.510">
  <trace-info objectcount="30324" scancount="23648" scanbytes="765988" />
  <finalization candidates="125" enqueued="1" />
  <ownableSynchronizers candidates="3" cleared="0" />
  <references type="soft" candidates="131" cleared="0" enqueued="0" dynamicThreshold="32" maxThreshold="32" />
  <references type="weak" candidates="1322" cleared="569" enqueued="479" />
  <references type="phantom" candidates="106" cleared="42" enqueued="42" />
  <stringconstants candidates="3958" cleared="0"  />
</gc-op>
<gc-op id="8" type="classunload" timems="0.051" contextid="4" timestamp="2019-08-02T22:50:56.510">
  <classunload-info classloadercandidates="7" classloadersunloaded="0" classesunloaded="0" anonymousclassesunloaded="0" quiescems="0.000" setupms="0.051" scanms="0.000" postms="0.000" />
</gc-op>
<gc-op id="9" type="sweep" timems="0.568" contextid="4" timestamp="2019-08-02T22:50:56.511" />
<gc-op id="10" type="compact" timems="5.754" contextid="4" timestamp="2019-08-02T22:50:56.517">
  <compact-info movecount="30225" movebytes="1343160" />
  <remembered-set-cleared processed="3718" cleared="3718" durationms="0.055" />
</gc-op>
<gc-end id="11" type="global garbage collect" contextid="4" durationms="13.139" usertimems="12.000" systemtimems="0.000" timestamp="2019-08-02T22:50:56.518" activeThreads="8">
  <mem-info id="12" free="6291456" total="8388608" percent="75">
    <pending-finalizers system="1" default="0" reference="521" classloader="0" />
    <remembered-set count="1536" freebytes="328704" totalbytes="334848" percent="98" regionsoverflowed="0" regionsstable="0" regionsrebuilding="0"/>
  </mem-info>
</gc-end>
<cycle-end id="13" type="global garbage collect" contextid="4" timestamp="2019-08-02T22:50:56.518" />
  <attribute name="elasticGC enabled" value="1" />
  <attribute name= "numThreadsSpecified" value="0" />
  <attribute name="heapSize specified" value="0" />
  <attribute name= "numCores" value="8" />
  <attribute name ="GC Interval" value="0" />
  <attribute name ="Control flow" value="2" />
  <attribute name="GC Util Range Max" value="94" />
  <attribute name="Current GC Util" value="72" />
  <attribute name= "Current Time Running" value="6" />
<sys-end id="14" timestamp="2019-08-02T22:50:56.518" />
<exclusive-end id="15" timestamp="2019-08-02T22:50:56.518" durationms="14.711" />

<exclusive-start id="16" timestamp="2019-08-02T22:50:56.702" intervalms="198.572">
  <response-info timems="0.062" idlems="0.062" threads="0" lastid="00000000009A8B00" lastname="Thread-4" />
</exclusive-start>
<allocation-taxation id="17" taxation-threshold="6291456" timestamp="2019-08-02T22:50:56.703" intervalms="652.895" />
<cycle-start id="18" type="partial gc" contextid="0" timestamp="2019-08-02T22:50:56.703" intervalms="653.296" />
<gc-start id="19" type="partial gc" contextid="18" timestamp="2019-08-02T22:50:56.703">
  <mem-info id="20" free="0" total="8388608" percent="0">
    <mem type="eden" free="184080" total="6291456" percent="2" />
    <remembered-set count="1536" freebytes="328704" totalbytes="334848" percent="98" regionsoverflowed="0" regionsstable="0" regionsrebuilding="0"/>
  </mem-info>
</gc-start>
<allocation-stats totalBytes="6044040" >
  <allocated-bytes non-tlh="1076656" tlh="4967384" arrayletleaf="0"/>
  <largest-consumer threadName="main" threadId="0000000000644A00" bytes="2988480" />
</allocation-stats>
<gc-op id="21" type="mark" timems="2.137" contextid="18" timestamp="2019-08-02T22:50:56.706">
  <trace-info objectcount="15326" scancount="12434" scanbytes="464008" />
  <cardclean-info objects="1303" bytes="47616" />
  <remembered-set-cleared processed="408" cleared="46" durationms="0.055" />
  <references type="soft" candidates="17" cleared="0" enqueued="0" dynamicThreshold="24" maxThreshold="32" />
  <references type="weak" candidates="45" cleared="29" enqueued="28" />
  <references type="phantom" candidates="2" cleared="0" enqueued="0" />
  <stringconstants candidates="4534" cleared="1"  />
  <warning details="Mark invoked due to insufficient free space for Copy-Forward" />
</gc-op>
<gc-op id="22" type="classunload" timems="0.003" contextid="18" timestamp="2019-08-02T22:50:56.706">
  <classunload-info classloadercandidates="8" classloadersunloaded="0" classesunloaded="0" anonymousclassesunloaded="0" quiescems="0.000" setupms="0.002" scanms="0.000" postms="0.000" />
</gc-op>
<gc-op id="23" type="sweep" timems="0.379" contextid="18" timestamp="2019-08-02T22:50:56.707" />
<gc-op id="24" type="compact" timems="2.383" contextid="18" timestamp="2019-08-02T22:50:56.709">
  <compact-info movecount="15326" movebytes="1664560" />
  <remembered-set-cleared processed="2178" cleared="1429" durationms="0.061" />
</gc-op>
<heap-resize id="25" type="expand" space="default" amount="1048576" count="1" timems="0.059" reason="insufficient free space following gc" timestamp="2019-08-02T22:50:56.710" />
<gc-end id="26" type="partial gc" contextid="18" durationms="6.534" usertimems="0.000" systemtimems="8.000" timestamp="2019-08-02T22:50:56.710" activeThreads="8">
  <mem-info id="27" free="5242880" total="9437184" percent="55">
    <mem type="eden" free="432512" total="2097152" percent="20" />
    <pending-finalizers system="0" default="0" reference="28" classloader="0" />
    <remembered-set count="2496" freebytes="366720" totalbytes="376704" percent="97" regionsoverflowed="0" regionsstable="0" regionsrebuilding="0"/>
  </mem-info>
</gc-end>
<cycle-end id="28" type="partial gc" contextid="18" timestamp="2019-08-02T22:50:56.710" />
  <attribute name="elasticGC enabled" value="1" />
  <attribute name= "numThreadsSpecified" value="0" />
  <attribute name="heapSize specified" value="0" />
  <attribute name= "numCores" value="8" />
  <attribute name ="GC Interval" value="0" />
  <attribute name ="Control flow" value="3" />
  <attribute name="GC Util Range Max" value="94" />
  <attribute name="Current GC Util" value="40" />
  <attribute name= "Current Time Running" value="201" />
<exclusive-end id="29" timestamp="2019-08-02T22:50:56.710" durationms="7.880" />

<exclusive-start id="30" timestamp="2019-08-02T22:50:56.775" intervalms="72.212">
  <response-info timems="0.089" idlems="0.089" threads="0" lastid="00000000009A8B00" lastname="Thread-4" />
</exclusive-start>
<allocation-taxation id="31" taxation-threshold="2097152" timestamp="2019-08-02T22:50:56.775" intervalms="72.032" />
<cycle-start id="32" type="global mark phase" contextid="0" timestamp="2019-08-02T22:50:56.775" intervalms="725.142" />
<gc-start id="33" type="global mark phase" contextid="32" timestamp="2019-08-02T22:50:56.775">
  <mem-info id="34" free="3145728" total="9437184" percent="33">
    <remembered-set count="2496" freebytes="366720" totalbytes="376704" percent="97" regionsoverflowed="0" regionsstable="0" regionsrebuilding="0"/>
  </mem-info>
</gc-start>
<gc-op id="35" type="mark increment" timems="0.696" contextid="32" timestamp="2019-08-02T22:50:56.776">
  <trace-info objectcount="202" scancount="0" scanbytes="0" />
</gc-op>
<gc-end id="36" type="global mark phase" contextid="32" durationms="0.877" usertimems="4.000" systemtimems="0.000" timestamp="2019-08-02T22:50:56.776" activeThreads="8">
  <mem-info id="37" free="3145728" total="9437184" percent="33">
    <remembered-set count="2496" freebytes="366720" totalbytes="376704" percent="97" regionsoverflowed="0" regionsstable="0" regionsrebuilding="0"/>
  </mem-info>
</gc-end>
<concurrent-start id="38" type="GMP work packet processing" contextid="32" timestamp="2019-08-02T22:50:56.776">
  <concurrent-mark-start scanTarget="18446744073709551615" />
</concurrent-start>
<exclusive-end id="39" timestamp="2019-08-02T22:50:56.777" durationms="2.201" />

<concurrent-end id="40" type="GMP work packet processing" contextid="32" timestamp="2019-08-02T22:50:56.778">
  <concurrent-mark-end bytesScanned="1204488" reasonForTermination="Completed all work in GC phase" />
</concurrent-end>

<exclusive-start id="41" timestamp="2019-08-02T22:50:56.783" intervalms="8.327">
  <response-info timems="0.104" idlems="0.104" threads="0" lastid="00000000009A8B00" lastname="Thread-4" />
</exclusive-start>
<allocation-taxation id="42" taxation-threshold="2097152" timestamp="2019-08-02T22:50:56.783" intervalms="8.363" />
<cycle-start id="43" type="partial gc" contextid="0" timestamp="2019-08-02T22:50:56.783" intervalms="80.259" />
<gc-start id="44" type="partial gc" contextid="43" timestamp="2019-08-02T22:50:56.784">
  <mem-info id="45" free="1048576" total="9437184" percent="11">
    <mem type="eden" free="0" total="4194304" percent="0" />
    <remembered-set count="2496" freebytes="366720" totalbytes="376704" percent="97" regionsoverflowed="0" regionsstable="0" regionsrebuilding="0"/>
  </mem-info>
</gc-start>
<allocation-stats totalBytes="4187016" >
  <allocated-bytes non-tlh="487480" tlh="3699536" arrayletleaf="0"/>
  <largest-consumer threadName="Thread-4" threadId="00000000009A8B00" bytes="2093896" />
</allocation-stats>
<gc-op id="46" type="copy forward" timems="6.102" contextid="43" timestamp="2019-08-02T22:50:56.791">
  <memory-copied type="eden" objects="18" bytes="150976" bytesdiscarded="0" />
  <memory-copied type="other" objects="15215" bytes="1456064" bytesdiscarded="263656" />
  <memory-cardclean objects="101" bytes="8296" />
  <regions eden="4" other="2" />
  <remembered-set-cleared processed="991" cleared="603" durationms="0.096" />
  <references type="soft" candidates="17" cleared="0" enqueued="0" dynamicThreshold="10" maxThreshold="32" />
  <references type="weak" candidates="16" cleared="0" enqueued="0" />
  <references type="phantom" candidates="2" cleared="0" enqueued="0" />
  <stringconstants candidates="4533" cleared="0"  />
  <heap-resize type="expand" space="default" amount="2097152" count="2" timems="0.616" reason="continue current collection" />
</gc-op>
<gc-op id="47" type="classunload" timems="0.003" contextid="43" timestamp="2019-08-02T22:50:56.791">
  <classunload-info classloadercandidates="8" classloadersunloaded="0" classesunloaded="0" anonymousclassesunloaded="0" quiescems="0.000" setupms="0.003" scanms="0.000" postms="0.000" />
</gc-op>
<gc-op id="48" type="compact" timems="0.968" contextid="43" timestamp="2019-08-02T22:50:56.792">
  <compact-info movecount="0" movebytes="0" />
  <remembered-set-cleared processed="1759" cleared="603" durationms="0.096" />
</gc-op>
<gc-end id="49" type="partial gc" contextid="43" durationms="8.330" usertimems="16.000" systemtimems="0.000" timestamp="2019-08-02T22:50:56.792" activeThreads="8">
  <mem-info id="50" free="6291456" total="11534336" percent="54">
    <mem type="eden" free="897600" total="1048576" percent="85" />
    <remembered-set count="2208" freebytes="451584" totalbytes="460416" percent="98" regionsoverflowed="0" regionsstable="0" regionsrebuilding="0"/>
  </mem-info>
</gc-end>
<cycle-end id="51" type="partial gc" contextid="43" timestamp="2019-08-02T22:50:56.792" />
  <attribute name="elasticGC enabled" value="1" />
  <attribute name= "numThreadsSpecified" value="0" />
  <attribute name="heapSize specified" value="0" />
  <attribute name= "numCores" value="8" />
  <attribute name ="GC Interval" value="0" />
  <attribute name ="Control flow" value="3" />
  <attribute name="GC Util Range Max" value="94" />
  <attribute name="Current GC Util" value="146" />
  <attribute name= "Current Time Running" value="285" />
<exclusive-end id="52" timestamp="2019-08-02T22:50:56.792" durationms="9.313" />

<exclusive-start id="53" timestamp="2019-08-02T22:50:56.862" intervalms="78.778">
  <response-info timems="0.090" idlems="0.090" threads="0" lastid="00000000009AC700" lastname="Thread-11" />
</exclusive-start>
<allocation-taxation id="54" taxation-threshold="3145728" timestamp="2019-08-02T22:50:56.862" intervalms="78.714" />
<gc-start id="55" type="global mark phase" contextid="32" timestamp="2019-08-02T22:50:56.862">
  <mem-info id="56" free="3145728" total="11534336" percent="27">
    <remembered-set count="1568" freebytes="454144" totalbytes="460416" percent="98" regionsoverflowed="0" regionsstable="1" regionsrebuilding="0"/>
  </mem-info>
</gc-start>
<gc-op id="57" type="mark increment" timems="1.543" contextid="32" timestamp="2019-08-02T22:50:56.864">
  <trace-info objectcount="5664" scancount="5581" scanbytes="274812" />
  <cardclean-info objects="719" bytes="31904" />
  <finalization candidates="124" enqueued="0" />
  <ownableSynchronizers candidates="3" cleared="0" />
  <references type="soft" candidates="148" cleared="0" enqueued="0" dynamicThreshold="17" maxThreshold="32" />
  <references type="weak" candidates="769" cleared="0" enqueued="0" />
  <references type="phantom" candidates="65" cleared="2" enqueued="2" />
  <stringconstants candidates="4596" cleared="0"  />
</gc-op>
<gc-op id="58" type="classunload" timems="0.005" contextid="32" timestamp="2019-08-02T22:50:56.864">
  <classunload-info classloadercandidates="8" classloadersunloaded="0" classesunloaded="0" anonymousclassesunloaded="0" quiescems="0.000" setupms="0.004" scanms="0.000" postms="0.000" />
</gc-op>
<gc-end id="59" type="global mark phase" contextid="32" durationms="1.851" usertimems="4.000" systemtimems="4.000" timestamp="2019-08-02T22:50:56.864" activeThreads="8">
  <mem-info id="60" free="3145728" total="11534336" percent="27">
    <pending-finalizers system="0" default="0" reference="2" classloader="0" />
    <remembered-set count="1568" freebytes="454144" totalbytes="460416" percent="98" regionsoverflowed="0" regionsstable="1" regionsrebuilding="0"/>
  </mem-info>
</gc-end>
<cycle-end id="61" type="global mark phase" contextid="32" timestamp="2019-08-02T22:50:56.864" />
  <attribute name="elasticGC enabled" value="1" />
  <attribute name= "numThreadsSpecified" value="0" />
  <attribute name="heapSize specified" value="0" />
  <attribute name= "numCores" value="8" />
  <attribute name ="GC Interval" value="0" />
  <attribute name ="Control flow" value="3" />
  <attribute name="GC Util Range Max" value="94" />
  <attribute name="Current GC Util" value="114" />
  <attribute name= "Current Time Running" value="357" />
<exclusive-end id="62" timestamp="2019-08-02T22:50:56.864" durationms="2.355" />

<exclusive-start id="63" timestamp="2019-08-02T22:50:56.922" intervalms="60.789">
  <response-info timems="0.066" idlems="0.066" threads="0" lastid="00000000009AC700" lastname="Thread-11" />
</exclusive-start>
<allocation-taxation id="64" taxation-threshold="3145728" timestamp="2019-08-02T22:50:56.923" intervalms="60.787" />
<cycle-start id="65" type="partial gc" contextid="0" timestamp="2019-08-02T22:50:56.923" intervalms="139.360" />
<gc-start id="66" type="partial gc" contextid="65" timestamp="2019-08-02T22:50:56.923">
  <mem-info id="67" free="0" total="11534336" percent="0">
    <mem type="eden" free="0" total="6291456" percent="0" />
    <remembered-set count="1568" freebytes="454144" totalbytes="460416" percent="98" regionsoverflowed="0" regionsstable="1" regionsrebuilding="0"/>
  </mem-info>
</gc-start>
<allocation-stats totalBytes="6278824" >
  <allocated-bytes non-tlh="598592" tlh="5680232" arrayletleaf="0"/>
  <largest-consumer threadName="Thread-11" threadId="00000000009AC700" bytes="3145416" />
</allocation-stats>
<gc-op id="68" type="sweep" timems="0.520" contextid="65" timestamp="2019-08-02T22:50:56.924" />
<gc-op id="69" type="mark" timems="1.345" contextid="65" timestamp="2019-08-02T22:50:56.926">
  <trace-info objectcount="5862" scancount="5779" scanbytes="279436" />
  <cardclean-info objects="322" bytes="15592" />
  <remembered-set-cleared processed="265" cleared="34" durationms="0.076" />
  <stringconstants candidates="4596" cleared="0"  />
  <warning details="Mark invoked due to insufficient free space for Copy-Forward" />
</gc-op>
<gc-op id="70" type="classunload" timems="0.002" contextid="65" timestamp="2019-08-02T22:50:56.926">
  <classunload-info classloadercandidates="8" classloadersunloaded="0" classesunloaded="0" anonymousclassesunloaded="0" quiescems="0.000" setupms="0.002" scanms="0.000" postms="0.000" />
</gc-op>
<gc-op id="71" type="sweep" timems="0.358" contextid="65" timestamp="2019-08-02T22:50:56.926" />
<gc-op id="72" type="compact" timems="1.500" contextid="65" timestamp="2019-08-02T22:50:56.928">
  <compact-info movecount="5862" movebytes="439032" />
  <remembered-set-cleared processed="637" cleared="164" durationms="0.076" />
</gc-op>
<gc-end id="73" type="partial gc" contextid="65" durationms="5.035" usertimems="0.000" systemtimems="8.000" timestamp="2019-08-02T22:50:56.928" activeThreads="8">
  <mem-info id="74" free="6291456" total="11534336" percent="54">
    <mem type="eden" free="609544" total="1048576" percent="58" />
    <remembered-set count="3616" freebytes="445952" totalbytes="460416" percent="96" regionsoverflowed="0" regionsstable="1" regionsrebuilding="0"/>
  </mem-info>
</gc-end>
<cycle-end id="75" type="partial gc" contextid="65" timestamp="2019-08-02T22:50:56.928" />
  <attribute name="elasticGC enabled" value="1" />
  <attribute name= "numThreadsSpecified" value="0" />
  <attribute name="heapSize specified" value="0" />
  <attribute name= "numCores" value="8" />
  <attribute name ="GC Interval" value="0" />
  <attribute name ="Control flow" value="2" />
  <attribute name="GC Util Range Max" value="94" />
  <attribute name="Current GC Util" value="59" />
  <attribute name= "Current Time Running" value="420" />
<exclusive-end id="76" timestamp="2019-08-02T22:50:56.928" durationms="5.868" />

<exclusive-start id="77" timestamp="2019-08-02T22:50:56.962" intervalms="39.616">
  <response-info timems="0.217" idlems="0.217" threads="0" lastid="00000000009AC700" lastname="Thread-11" />
</exclusive-start>
<allocation-taxation id="78" taxation-threshold="6291456" timestamp="2019-08-02T22:50:56.962" intervalms="39.668" />
<cycle-start id="79" type="partial gc" contextid="0" timestamp="2019-08-02T22:50:56.963" intervalms="39.782" />
<gc-start id="80" type="partial gc" contextid="79" timestamp="2019-08-02T22:50:56.963">
  <mem-info id="81" free="0" total="11534336" percent="0">
    <mem type="eden" free="0" total="6291456" percent="0" />
    <remembered-set count="3616" freebytes="445952" totalbytes="460416" percent="96" regionsoverflowed="0" regionsstable="1" regionsrebuilding="0"/>
  </mem-info>
</gc-start>
<allocation-stats totalBytes="6290640" >
  <allocated-bytes non-tlh="0" tlh="6290640" arrayletleaf="0"/>
  <largest-consumer threadName="Thread-11" threadId="00000000009AC700" bytes="6290640" />
</allocation-stats>
<gc-op id="82" type="mark" timems="1.540" contextid="79" timestamp="2019-08-02T22:50:56.965">
  <trace-info objectcount="6244" scancount="6161" scanbytes="288732" />
  <cardclean-info objects="37" bytes="2604" />
  <remembered-set-cleared processed="351" cleared="105" durationms="0.078" />
  <stringconstants candidates="4596" cleared="0"  />
  <warning details="Mark invoked due to insufficient free space for Copy-Forward" />
</gc-op>
<gc-op id="83" type="classunload" timems="0.002" contextid="79" timestamp="2019-08-02T22:50:56.965">
  <classunload-info classloadercandidates="8" classloadersunloaded="0" classesunloaded="0" anonymousclassesunloaded="0" quiescems="0.000" setupms="0.002" scanms="0.000" postms="0.000" />
</gc-op>
<gc-op id="84" type="sweep" timems="0.435" contextid="79" timestamp="2019-08-02T22:50:56.966" />
<gc-op id="85" type="compact" timems="2.397" contextid="79" timestamp="2019-08-02T22:50:56.968">
  <compact-info movecount="6217" movebytes="447680" />
  <remembered-set-cleared processed="760" cleared="268" durationms="0.078" />
</gc-op>
<gc-end id="86" type="partial gc" contextid="79" durationms="5.623" usertimems="4.000" systemtimems="4.000" timestamp="2019-08-02T22:50:56.968" activeThreads="8">
  <mem-info id="87" free="5242880" total="11534336" percent="45">
    <mem type="eden" free="1037768" total="1048576" percent="98" />
    <remembered-set count="2112" freebytes="451968" totalbytes="460416" percent="98" regionsoverflowed="0" regionsstable="1" regionsrebuilding="0"/>
  </mem-info>
</gc-end>
<cycle-end id="88" type="partial gc" contextid="79" timestamp="2019-08-02T22:50:56.969" />
  <attribute name="elasticGC enabled" value="1" />
  <attribute name= "numThreadsSpecified" value="0" />
  <attribute name="heapSize specified" value="0" />
  <attribute name= "numCores" value="8" />
  <attribute name ="GC Interval" value="0" />
  <attribute name ="Control flow" value="2" />
  <attribute name="GC Util Range Max" value="94" />
  <attribute name="Current GC Util" value="58" />
  <attribute name= "Current Time Running" value="460" />
<exclusive-end id="89" timestamp="2019-08-02T22:50:56.969" durationms="6.714" />

<exclusive-start id="90" timestamp="2019-08-02T22:50:56.976" intervalms="13.643">
  <response-info timems="0.117" idlems="0.117" threads="0" lastid="00000000009AC700" lastname="Thread-11" />
</exclusive-start>
<allocation-taxation id="91" taxation-threshold="2097152" timestamp="2019-08-02T22:50:56.976" intervalms="13.641" />
<cycle-start id="92" type="global mark phase" contextid="0" timestamp="2019-08-02T22:50:56.976" intervalms="201.161" />
<gc-start id="93" type="global mark phase" contextid="92" timestamp="2019-08-02T22:50:56.976">
  <mem-info id="94" free="3145728" total="11534336" percent="27">
    <remembered-set count="2112" freebytes="451968" totalbytes="460416" percent="98" regionsoverflowed="0" regionsstable="1" regionsrebuilding="0"/>
  </mem-info>
</gc-start>
<gc-op id="95" type="mark increment" timems="0.534" contextid="92" timestamp="2019-08-02T22:50:56.977">
  <trace-info objectcount="145" scancount="0" scanbytes="0" />
</gc-op>
<gc-end id="96" type="global mark phase" contextid="92" durationms="0.779" usertimems="0.000" systemtimems="4.000" timestamp="2019-08-02T22:50:56.977" activeThreads="8">
  <mem-info id="97" free="3145728" total="11534336" percent="27">
    <remembered-set count="2112" freebytes="451968" totalbytes="460416" percent="98" regionsoverflowed="0" regionsstable="0" regionsrebuilding="1"/>
  </mem-info>
</gc-end>
<concurrent-start id="98" type="GMP work packet processing" contextid="92" timestamp="2019-08-02T22:50:56.977">
  <concurrent-mark-start scanTarget="18446744073709551615" />
</concurrent-start>
<exclusive-end id="99" timestamp="2019-08-02T22:50:56.977" durationms="1.524" />

<concurrent-end id="100" type="GMP work packet processing" contextid="92" timestamp="2019-08-02T22:50:56.979">
  <concurrent-mark-end bytesScanned="1460808" reasonForTermination="Completed all work in GC phase" />
</concurrent-end>

<exclusive-start id="101" timestamp="2019-08-02T22:50:56.985" intervalms="8.961">
  <response-info timems="0.038" idlems="0.038" threads="0" lastid="00000000009AC700" lastname="Thread-11" />
</exclusive-start>
<allocation-taxation id="102" taxation-threshold="2097152" timestamp="2019-08-02T22:50:56.985" intervalms="8.872" />
<cycle-start id="103" type="partial gc" contextid="0" timestamp="2019-08-02T22:50:56.985" intervalms="22.475" />
<gc-start id="104" type="partial gc" contextid="103" timestamp="2019-08-02T22:50:56.985">
  <mem-info id="105" free="1048576" total="11534336" percent="9">
    <mem type="eden" free="1037768" total="5242880" percent="19" />
    <remembered-set count="3904" freebytes="444800" totalbytes="460416" percent="96" regionsoverflowed="0" regionsstable="0" regionsrebuilding="1"/>
  </mem-info>
</gc-start>
<allocation-stats totalBytes="4193936" >
  <allocated-bytes non-tlh="0" tlh="4193936" arrayletleaf="0"/>
  <largest-consumer threadName="Thread-11" threadId="00000000009AC700" bytes="2097000" />
</allocation-stats>
<gc-op id="106" type="copy forward" timems="1.907" contextid="103" timestamp="2019-08-02T22:50:56.988">
  <memory-copied type="eden" objects="176" bytes="4360" bytesdiscarded="0" />
  <memory-copied type="other" objects="347" bytes="8328" bytesdiscarded="0" />
  <memory-cardclean objects="881" bytes="42728" />
  <regions eden="4" other="1" />
  <remembered-set-cleared processed="2018" cleared="86" durationms="0.079" />
  <stringconstants candidates="4596" cleared="0"  />
  <heap-resize type="expand" space="default" amount="1048576" count="1" timems="0.067" reason="continue current collection" />
</gc-op>
<gc-op id="107" type="classunload" timems="0.002" contextid="103" timestamp="2019-08-02T22:50:56.988">
  <classunload-info classloadercandidates="8" classloadersunloaded="0" classesunloaded="0" anonymousclassesunloaded="0" quiescems="0.000" setupms="0.002" scanms="0.000" postms="0.000" />
</gc-op>
<gc-op id="108" type="compact" timems="1.184" contextid="103" timestamp="2019-08-02T22:50:56.989">
  <compact-info movecount="0" movebytes="0" />
  <remembered-set-cleared processed="4206" cleared="86" durationms="0.079" />
</gc-op>
<heap-resize id="109" type="expand" space="default" amount="3145728" count="1" timems="0.063" reason="excessive time being spent in gc" timestamp="2019-08-02T22:50:56.989" />
<gc-end id="110" type="partial gc" contextid="103" durationms="4.218" usertimems="8.000" systemtimems="0.000" timestamp="2019-08-02T22:50:56.989" activeThreads="8">
  <mem-info id="111" free="8388608" total="15728640" percent="53">
    <mem type="eden" free="2084464" total="2097152" percent="99" />
    <remembered-set count="3808" freebytes="612608" totalbytes="627840" percent="97" regionsoverflowed="0" regionsstable="0" regionsrebuilding="1"/>
  </mem-info>
</gc-end>
<cycle-end id="112" type="partial gc" contextid="103" timestamp="2019-08-02T22:50:56.990" />
  <attribute name="elasticGC enabled" value="1" />
  <attribute name= "numThreadsSpecified" value="0" />
  <attribute name="heapSize specified" value="0" />
  <attribute name= "numCores" value="8" />
  <attribute name ="GC Interval" value="0" />
  <attribute name ="Control flow" value="2" />
  <attribute name="GC Util Range Max" value="94" />
  <attribute name="Current GC Util" value="125" />
  <attribute name= "Current Time Running" value="482" />
<exclusive-end id="113" timestamp="2019-08-02T22:50:56.990" durationms="4.969" />

<exclusive-start id="114" timestamp="2019-08-02T22:50:57.004" intervalms="18.942">
  <response-info timems="0.080" idlems="0.080" threads="0" lastid="00000000009AC700" lastname="Thread-11" />
</exclusive-start>
<allocation-taxation id="115" taxation-threshold="4194304" timestamp="2019-08-02T22:50:57.004" intervalms="19.071" />
<gc-start id="116" type="global mark phase" contextid="92" timestamp="2019-08-02T22:50:57.004">
  <mem-info id="117" free="4194304" total="15728640" percent="26">
    <remembered-set count="3808" freebytes="612608" totalbytes="627840" percent="97" regionsoverflowed="0" regionsstable="0" regionsrebuilding="1"/>
  </mem-info>
</gc-start>
<gc-op id="118" type="mark increment" timems="3.303" contextid="92" timestamp="2019-08-02T22:50:57.008">
  <trace-info objectcount="349" scancount="349" scanbytes="8752" />
  <cardclean-info objects="1404" bytes="67608" />
  <finalization candidates="124" enqueued="0" />
  <ownableSynchronizers candidates="3" cleared="0" />
  <references type="soft" candidates="148" cleared="0" enqueued="0" dynamicThreshold="17" maxThreshold="32" />
  <references type="weak" candidates="769" cleared="0" enqueued="0" />
  <references type="phantom" candidates="63" cleared="0" enqueued="0" />
  <stringconstants candidates="4596" cleared="0"  />
</gc-op>
<gc-op id="119" type="classunload" timems="0.004" contextid="92" timestamp="2019-08-02T22:50:57.008">
  <classunload-info classloadercandidates="8" classloadersunloaded="0" classesunloaded="0" anonymousclassesunloaded="0" quiescems="0.000" setupms="0.004" scanms="0.000" postms="0.000" />
</gc-op>
<gc-end id="120" type="global mark phase" contextid="92" durationms="3.666" usertimems="8.000" systemtimems="0.000" timestamp="2019-08-02T22:50:57.008" activeThreads="8">
  <mem-info id="121" free="4194304" total="15728640" percent="26">
    <remembered-set count="4320" freebytes="610560" totalbytes="627840" percent="97" regionsoverflowed="0" regionsstable="0" regionsrebuilding="0"/>
  </mem-info>
</gc-end>
<cycle-end id="122" type="global mark phase" contextid="92" timestamp="2019-08-02T22:50:57.008" />
  <attribute name="elasticGC enabled" value="1" />
  <attribute name= "numThreadsSpecified" value="0" />
  <attribute name="heapSize specified" value="0" />
  <attribute name= "numCores" value="8" />
  <attribute name ="GC Interval" value="0" />
  <attribute name ="Control flow" value="2" />
  <attribute name="GC Util Range Max" value="94" />
  <attribute name="Current GC Util" value="151" />
  <attribute name= "Current Time Running" value="500" />
<exclusive-end id="123" timestamp="2019-08-02T22:50:57.008" durationms="4.382" />

<exclusive-start id="124" timestamp="2019-08-02T22:50:57.022" intervalms="18.130">
  <response-info timems="0.072" idlems="0.072" threads="0" lastid="00000000009AC700" lastname="Thread-11" />
</exclusive-start>
<allocation-taxation id="125" taxation-threshold="4194304" timestamp="2019-08-02T22:50:57.022" intervalms="18.110" />
<cycle-start id="126" type="partial gc" contextid="0" timestamp="2019-08-02T22:50:57.022" intervalms="37.209" />
<gc-start id="127" type="partial gc" contextid="126" timestamp="2019-08-02T22:50:57.022">
  <mem-info id="128" free="0" total="15728640" percent="0">
    <mem type="eden" free="0" total="8388608" percent="0" />
    <remembered-set count="2592" freebytes="617472" totalbytes="627840" percent="98" regionsoverflowed="0" regionsstable="1" regionsrebuilding="0"/>
  </mem-info>
</gc-start>
<allocation-stats totalBytes="8387600" >
  <allocated-bytes non-tlh="0" tlh="8387600" arrayletleaf="0"/>
  <largest-consumer threadName="Thread-11" threadId="00000000009AC700" bytes="4193928" />
</allocation-stats>
<gc-op id="129" type="sweep" timems="2.127" contextid="126" timestamp="2019-08-02T22:50:57.025" />
<gc-op id="130" type="mark" timems="1.393" contextid="126" timestamp="2019-08-02T22:50:57.027">
  <trace-info objectcount="589" scancount="589" scanbytes="14256" />
  <cardclean-info objects="1227" bytes="59384" />
  <remembered-set-cleared processed="546" cleared="143" durationms="0.062" />
  <stringconstants candidates="4596" cleared="0"  />
  <warning details="Mark invoked due to insufficient free space for Copy-Forward" />
</gc-op>
<gc-op id="131" type="classunload" timems="0.002" contextid="126" timestamp="2019-08-02T22:50:57.027">
  <classunload-info classloadercandidates="8" classloadersunloaded="0" classesunloaded="0" anonymousclassesunloaded="0" quiescems="0.000" setupms="0.002" scanms="0.000" postms="0.000" />
</gc-op>
<gc-op id="132" type="sweep" timems="1.500" contextid="126" timestamp="2019-08-02T22:50:57.029" />
<gc-op id="133" type="compact" timems="3.490" contextid="126" timestamp="2019-08-02T22:50:57.033">
  <compact-info movecount="14631" movebytes="999352" />
  <remembered-set-cleared processed="892" cleared="341" durationms="0.062" />
</gc-op>
<heap-resize id="134" type="expand" space="default" amount="3145728" count="1" timems="0.068" reason="excessive time being spent in gc" timestamp="2019-08-02T22:50:57.033" />
<gc-end id="135" type="partial gc" contextid="126" durationms="10.705" usertimems="16.000" systemtimems="0.000" timestamp="2019-08-02T22:50:57.033" activeThreads="8">
  <mem-info id="136" free="11534336" total="18874368" percent="61">
    <mem type="eden" free="1038256" total="1048576" percent="99" />
    <remembered-set count="2880" freebytes="741888" totalbytes="753408" percent="98" regionsoverflowed="0" regionsstable="1" regionsrebuilding="0"/>
  </mem-info>
</gc-end>
<cycle-end id="137" type="partial gc" contextid="126" timestamp="2019-08-02T22:50:57.033" />
  <attribute name="elasticGC enabled" value="1" />
  <attribute name= "numThreadsSpecified" value="0" />
  <attribute name="heapSize specified" value="0" />
  <attribute name= "numCores" value="8" />
  <attribute name ="GC Interval" value="0" />
  <attribute name ="Control flow" value="3" />
  <attribute name="GC Util Range Max" value="94" />
  <attribute name="Current GC Util" value="135" />
  <attribute name= "Current Time Running" value="523" />
<exclusive-end id="138" timestamp="2019-08-02T22:50:57.033" durationms="11.712" />

<exclusive-start id="139" timestamp="2019-08-02T22:50:57.050" intervalms="28.134">
  <response-info timems="0.080" idlems="0.080" threads="0" lastid="00000000009AC700" lastname="Thread-11" />
</exclusive-start>
<allocation-taxation id="140" taxation-threshold="5242880" timestamp="2019-08-02T22:50:57.050" intervalms="28.069" />
<cycle-start id="141" type="global mark phase" contextid="0" timestamp="2019-08-02T22:50:57.050" intervalms="74.119" />
<gc-start id="142" type="global mark phase" contextid="141" timestamp="2019-08-02T22:50:57.050">
  <mem-info id="143" free="6291456" total="18874368" percent="33">
    <remembered-set count="2432" freebytes="743680" totalbytes="753408" percent="98" regionsoverflowed="0" regionsstable="1" regionsrebuilding="0"/>
  </mem-info>
</gc-start>
<gc-op id="144" type="mark increment" timems="1.112" contextid="141" timestamp="2019-08-02T22:50:57.052">
  <trace-info objectcount="144" scancount="0" scanbytes="0" />
</gc-op>
<gc-end id="145" type="global mark phase" contextid="141" durationms="1.326" usertimems="4.000" systemtimems="0.000" timestamp="2019-08-02T22:50:57.052" activeThreads="8">
  <mem-info id="146" free="6291456" total="18874368" percent="33">
    <remembered-set count="2432" freebytes="743680" totalbytes="753408" percent="98" regionsoverflowed="0" regionsstable="0" regionsrebuilding="1"/>
  </mem-info>
</gc-end>
<concurrent-start id="147" type="GMP work packet processing" contextid="141" timestamp="2019-08-02T22:50:57.052">
  <concurrent-mark-start scanTarget="18446744073709551615" />
</concurrent-start>
<exclusive-end id="148" timestamp="2019-08-02T22:50:57.052" durationms="2.064" />

<concurrent-end id="149" type="GMP work packet processing" contextid="141" timestamp="2019-08-02T22:50:57.055">
  <concurrent-mark-end bytesScanned="1478408" reasonForTermination="Completed all work in GC phase" />
</concurrent-end>

<exclusive-start id="150" timestamp="2019-08-02T22:50:57.070" intervalms="20.609">
  <response-info timems="0.081" idlems="0.081" threads="0" lastid="00000000009AC700" lastname="Thread-11" />
</exclusive-start>
<allocation-taxation id="151" taxation-threshold="5242880" timestamp="2019-08-02T22:50:57.071" intervalms="20.684" />
<cycle-start id="152" type="partial gc" contextid="0" timestamp="2019-08-02T22:50:57.071" intervalms="48.769" />
<gc-start id="153" type="partial gc" contextid="152" timestamp="2019-08-02T22:50:57.071">
  <mem-info id="154" free="1048576" total="18874368" percent="5">
    <mem type="eden" free="0" total="10485760" percent="0" />
    <remembered-set count="4064" freebytes="737152" totalbytes="753408" percent="97" regionsoverflowed="0" regionsstable="0" regionsrebuilding="1"/>
  </mem-info>
</gc-start>
<allocation-stats totalBytes="10484648" >
  <allocated-bytes non-tlh="0" tlh="10484648" arrayletleaf="0"/>
  <largest-consumer threadName="Thread-11" threadId="00000000009AC700" bytes="5242320" />
</allocation-stats>
<gc-op id="155" type="copy forward" timems="7.068" contextid="152" timestamp="2019-08-02T22:50:57.080">
  <memory-copied type="eden" objects="638" bytes="15688" bytesdiscarded="0" />
  <memory-copied type="other" objects="414" bytes="9936" bytesdiscarded="0" />
  <memory-cardclean objects="1682" bytes="81224" />
  <regions eden="10" other="1" />
  <remembered-set-cleared processed="2212" cleared="188" durationms="0.080" />
  <stringconstants candidates="4596" cleared="0"  />
  <heap-resize type="expand" space="default" amount="1048576" count="1" timems="0.068" reason="continue current collection" />
</gc-op>
<gc-op id="156" type="classunload" timems="0.003" contextid="152" timestamp="2019-08-02T22:50:57.080">
  <classunload-info classloadercandidates="8" classloadersunloaded="0" classesunloaded="0" anonymousclassesunloaded="0" quiescems="0.000" setupms="0.002" scanms="0.000" postms="0.000" />
</gc-op>
<heap-resize id="157" type="expand" space="default" amount="1048576" count="1" timems="0.051" reason="excessive time being spent in gc" timestamp="2019-08-02T22:50:57.080" />
<gc-end id="158" type="partial gc" contextid="152" durationms="8.795" usertimems="12.000" systemtimems="4.000" timestamp="2019-08-02T22:50:57.080" activeThreads="8">
  <mem-info id="159" free="12582912" total="20971520" percent="60">
    <mem type="eden" free="1032888" total="1048576" percent="98" />
    <remembered-set count="3520" freebytes="823040" totalbytes="837120" percent="98" regionsoverflowed="0" regionsstable="0" regionsrebuilding="1"/>
  </mem-info>
</gc-end>
<cycle-end id="160" type="partial gc" contextid="152" timestamp="2019-08-02T22:50:57.080" />
  <attribute name="elasticGC enabled" value="1" />
  <attribute name= "numThreadsSpecified" value="0" />
  <attribute name="heapSize specified" value="0" />
  <attribute name= "numCores" value="8" />
  <attribute name ="GC Interval" value="0" />
  <attribute name ="Control flow" value="3" />
  <attribute name="GC Util Range Max" value="94" />
  <attribute name="Current GC Util" value="152" />
  <attribute name= "Current Time Running" value="567" />
<exclusive-end id="161" timestamp="2019-08-02T22:50:57.080" durationms="9.883" />

<exclusive-start id="162" timestamp="2019-08-02T22:50:57.099" intervalms="28.439">
  <response-info timems="0.079" idlems="0.079" threads="0" lastid="00000000009AC700" lastname="Thread-11" />
</exclusive-start>
<allocation-taxation id="163" taxation-threshold="5242880" timestamp="2019-08-02T22:50:57.099" intervalms="28.432" />
<gc-start id="164" type="global mark phase" contextid="141" timestamp="2019-08-02T22:50:57.099">
  <mem-info id="165" free="7340032" total="20971520" percent="35">
    <remembered-set count="3488" freebytes="823168" totalbytes="837120" percent="98" regionsoverflowed="0" regionsstable="0" regionsrebuilding="1"/>
  </mem-info>
</gc-start>
<gc-op id="166" type="mark increment" timems="4.566" contextid="141" timestamp="2019-08-02T22:50:57.104">
  <trace-info objectcount="631" scancount="631" scanbytes="15536" />
  <cardclean-info objects="2070" bytes="98144" />
  <finalization candidates="124" enqueued="0" />
  <ownableSynchronizers candidates="3" cleared="0" />
  <references type="soft" candidates="148" cleared="0" enqueued="0" dynamicThreshold="19" maxThreshold="32" />
  <references type="weak" candidates="769" cleared="0" enqueued="0" />
  <references type="phantom" candidates="63" cleared="0" enqueued="0" />
  <stringconstants candidates="4596" cleared="0"  />
</gc-op>
<gc-op id="167" type="classunload" timems="0.003" contextid="141" timestamp="2019-08-02T22:50:57.104">
  <classunload-info classloadercandidates="8" classloadersunloaded="0" classesunloaded="0" anonymousclassesunloaded="0" quiescems="0.000" setupms="0.003" scanms="0.000" postms="0.000" />
</gc-op>
<gc-end id="168" type="global mark phase" contextid="141" durationms="4.975" usertimems="8.000" systemtimems="0.000" timestamp="2019-08-02T22:50:57.104" activeThreads="8">
  <mem-info id="169" free="7340032" total="20971520" percent="35">
    <remembered-set count="4000" freebytes="821120" totalbytes="837120" percent="98" regionsoverflowed="0" regionsstable="0" regionsrebuilding="0"/>
  </mem-info>
</gc-end>
<cycle-end id="170" type="global mark phase" contextid="141" timestamp="2019-08-02T22:50:57.104" />
  <attribute name="elasticGC enabled" value="1" />
  <attribute name= "numThreadsSpecified" value="0" />
  <attribute name="heapSize specified" value="0" />
  <attribute name= "numCores" value="8" />
  <attribute name ="GC Interval" value="0" />
  <attribute name ="Control flow" value="2" />
  <attribute name="GC Util Range Max" value="94" />
  <attribute name="Current GC Util" value="149" />
  <attribute name= "Current Time Running" value="596" />
<exclusive-end id="171" timestamp="2019-08-02T22:50:57.105" durationms="5.684" />

<exclusive-start id="172" timestamp="2019-08-02T22:50:57.125" intervalms="25.842">
  <response-info timems="0.076" idlems="0.076" threads="0" lastid="00000000009AC700" lastname="Thread-11" />
</exclusive-start>
<allocation-taxation id="173" taxation-threshold="5242880" timestamp="2019-08-02T22:50:57.125" intervalms="25.787" />
<cycle-start id="174" type="partial gc" contextid="0" timestamp="2019-08-02T22:50:57.125" intervalms="54.099" />
<gc-start id="175" type="partial gc" contextid="174" timestamp="2019-08-02T22:50:57.125">
  <mem-info id="176" free="2097152" total="20971520" percent="10">
    <mem type="eden" free="0" total="10485760" percent="0" />
    <remembered-set count="2304" freebytes="827904" totalbytes="837120" percent="98" regionsoverflowed="0" regionsstable="1" regionsrebuilding="0"/>
  </mem-info>
</gc-start>
<allocation-stats totalBytes="10484528" >
  <allocated-bytes non-tlh="0" tlh="10484528" arrayletleaf="0"/>
  <largest-consumer threadName="Thread-11" threadId="00000000009AC700" bytes="5242336" />
</allocation-stats>
<gc-op id="177" type="sweep" timems="1.598" contextid="174" timestamp="2019-08-02T22:50:57.127" />
<gc-op id="178" type="copy forward" timems="4.026" contextid="174" timestamp="2019-08-02T22:50:57.132">
  <memory-copied type="eden" objects="385" bytes="9616" bytesdiscarded="0" />
  <memory-copied type="other" objects="867" bytes="20808" bytesdiscarded="0" />
  <memory-cardclean objects="1902" bytes="91768" />
  <regions eden="5" other="6" />
  <remembered-set-cleared processed="755" cleared="200" durationms="0.077" />
  <stringconstants candidates="4596" cleared="0"  />
</gc-op>
<gc-op id="179" type="classunload" timems="0.002" contextid="174" timestamp="2019-08-02T22:50:57.132">
  <classunload-info classloadercandidates="8" classloadersunloaded="0" classesunloaded="0" anonymousclassesunloaded="0" quiescems="0.000" setupms="0.002" scanms="0.000" postms="0.000" />
</gc-op>
<heap-resize id="180" type="expand" space="default" amount="3145728" count="1" timems="0.069" reason="excessive time being spent in gc" timestamp="2019-08-02T22:50:57.133" />
<gc-end id="181" type="partial gc" contextid="174" durationms="7.496" usertimems="12.000" systemtimems="0.000" timestamp="2019-08-02T22:50:57.133" activeThreads="8">
  <mem-info id="182" free="14680064" total="24117248" percent="60">
    <mem type="eden" free="1031664" total="1048576" percent="98" />
    <remembered-set count="2048" freebytes="954496" totalbytes="962688" percent="99" regionsoverflowed="0" regionsstable="1" regionsrebuilding="0"/>
  </mem-info>
</gc-end>
<cycle-end id="183" type="partial gc" contextid="174" timestamp="2019-08-02T22:50:57.133" />
  <attribute name="elasticGC enabled" value="1" />
  <attribute name= "numThreadsSpecified" value="0" />
  <attribute name="heapSize specified" value="0" />
  <attribute name= "numCores" value="8" />
  <attribute name ="GC Interval" value="0" />
  <attribute name ="Control flow" value="2" />
  <attribute name="GC Util Range Max" value="94" />
  <attribute name="Current GC Util" value="158" />
  <attribute name= "Current Time Running" value="622" />
<exclusive-end id="184" timestamp="2019-08-02T22:50:57.133" durationms="8.222" />

<exclusive-start id="185" timestamp="2019-08-02T22:50:57.186" intervalms="60.895">
  <response-info timems="0.074" idlems="0.074" threads="0" lastid="00000000009AC700" lastname="Thread-11" />
</exclusive-start>
<allocation-taxation id="186" taxation-threshold="12582912" timestamp="2019-08-02T22:50:57.186" intervalms="60.937" />
<cycle-start id="187" type="partial gc" contextid="0" timestamp="2019-08-02T22:50:57.186" intervalms="61.044" />
<gc-start id="188" type="partial gc" contextid="187" timestamp="2019-08-02T22:50:57.186">
  <mem-info id="189" free="2097152" total="24117248" percent="8">
    <mem type="eden" free="0" total="12582912" percent="0" />
    <remembered-set count="2048" freebytes="954496" totalbytes="962688" percent="99" regionsoverflowed="0" regionsstable="1" regionsrebuilding="0"/>
  </mem-info>
</gc-start>
<allocation-stats totalBytes="12581296" >
  <allocated-bytes non-tlh="0" tlh="12581296" arrayletleaf="0"/>
  <largest-consumer threadName="Thread-11" threadId="00000000009AC700" bytes="12581296" />
</allocation-stats>
<gc-op id="190" type="copy forward" timems="4.806" contextid="187" timestamp="2019-08-02T22:50:57.193">
  <memory-copied type="eden" objects="858" bytes="20728" bytesdiscarded="0" />
  <memory-copied type="other" objects="613" bytes="14712" bytesdiscarded="0" />
  <memory-cardclean objects="2163" bytes="104216" />
  <regions eden="12" other="1" />
  <remembered-set-cleared processed="931" cleared="182" durationms="0.078" />
  <stringconstants candidates="4596" cleared="0"  />
</gc-op>
<gc-op id="191" type="classunload" timems="0.003" contextid="187" timestamp="2019-08-02T22:50:57.193">
  <classunload-info classloadercandidates="8" classloadersunloaded="0" classesunloaded="0" anonymousclassesunloaded="0" quiescems="0.000" setupms="0.002" scanms="0.000" postms="0.000" />
</gc-op>
<heap-resize id="192" type="expand" space="default" amount="2097152" count="1" timems="0.062" reason="excessive time being spent in gc" timestamp="2019-08-02T22:50:57.193" />
<gc-end id="193" type="partial gc" contextid="187" durationms="6.675" usertimems="8.000" systemtimems="4.000" timestamp="2019-08-02T22:50:57.193" activeThreads="8">
  <mem-info id="194" free="15728640" total="26214400" percent="60">
    <mem type="eden" free="1027848" total="1048576" percent="98" />
    <remembered-set count="2752" freebytes="1035392" totalbytes="1046400" percent="98" regionsoverflowed="0" regionsstable="1" regionsrebuilding="0"/>
  </mem-info>
</gc-end>
<cycle-end id="195" type="partial gc" contextid="187" timestamp="2019-08-02T22:50:57.193" />
  <attribute name="elasticGC enabled" value="1" />
  <attribute name= "numThreadsSpecified" value="0" />
  <attribute name="heapSize specified" value="0" />
  <attribute name= "numCores" value="8" />
  <attribute name ="GC Interval" value="0" />
  <attribute name ="Control flow" value="2" />
  <attribute name="GC Util Range Max" value="94" />
  <attribute name="Current GC Util" value="152" />
  <attribute name= "Current Time Running" value="682" />
<exclusive-end id="196" timestamp="2019-08-02T22:50:57.193" durationms="7.713" />

<exclusive-start id="197" timestamp="2019-08-02T22:50:57.241" intervalms="55.610">
  <response-info timems="0.082" idlems="0.082" threads="0" lastid="00000000009AC700" lastname="Thread-11" />
</exclusive-start>
<allocation-taxation id="198" taxation-threshold="13631488" timestamp="2019-08-02T22:50:57.242" intervalms="55.654" />
<cycle-start id="199" type="partial gc" contextid="0" timestamp="2019-08-02T22:50:57.242" intervalms="55.665" />
<gc-start id="200" type="partial gc" contextid="199" timestamp="2019-08-02T22:50:57.242">
  <mem-info id="201" free="2097152" total="26214400" percent="8">
    <mem type="eden" free="0" total="13631488" percent="0" />
    <remembered-set count="2272" freebytes="1037312" totalbytes="1046400" percent="99" regionsoverflowed="0" regionsstable="1" regionsrebuilding="0"/>
  </mem-info>
</gc-start>
<allocation-stats totalBytes="13629856" >
  <allocated-bytes non-tlh="0" tlh="13629856" arrayletleaf="0"/>
  <largest-consumer threadName="Thread-11" threadId="00000000009AC700" bytes="13629856" />
</allocation-stats>
<gc-op id="202" type="copy forward" timems="4.938" contextid="199" timestamp="2019-08-02T22:50:57.248">
  <memory-copied type="eden" objects="682" bytes="16760" bytesdiscarded="0" />
  <memory-copied type="other" objects="839" bytes="20136" bytesdiscarded="0" />
  <memory-cardclean objects="2140" bytes="103160" />
  <regions eden="13" other="1" />
  <remembered-set-cleared processed="1125" cleared="197" durationms="0.077" />
  <stringconstants candidates="4596" cleared="0"  />
</gc-op>
<gc-op id="203" type="classunload" timems="0.003" contextid="199" timestamp="2019-08-02T22:50:57.248">
  <classunload-info classloadercandidates="8" classloadersunloaded="0" classesunloaded="0" anonymousclassesunloaded="0" quiescems="0.000" setupms="0.003" scanms="0.000" postms="0.000" />
</gc-op>
<heap-resize id="204" type="expand" space="default" amount="3145728" count="1" timems="0.066" reason="excessive time being spent in gc" timestamp="2019-08-02T22:50:57.249" />
<gc-end id="205" type="partial gc" contextid="199" durationms="6.702" usertimems="12.000" systemtimems="0.000" timestamp="2019-08-02T22:50:57.249" activeThreads="8">
  <mem-info id="206" free="17825792" total="29360128" percent="60">
    <mem type="eden" free="1031816" total="1048576" percent="98" />
    <remembered-set count="2432" freebytes="1162240" totalbytes="1171968" percent="99" regionsoverflowed="0" regionsstable="1" regionsrebuilding="0"/>
  </mem-info>
</gc-end>
<cycle-end id="207" type="partial gc" contextid="199" timestamp="2019-08-02T22:50:57.249" />
  <attribute name="elasticGC enabled" value="1" />
  <attribute name= "numThreadsSpecified" value="0" />
  <attribute name="heapSize specified" value="0" />
  <attribute name= "numCores" value="8" />
  <attribute name ="GC Interval" value="0" />
  <attribute name ="Control flow" value="3" />
  <attribute name="GC Util Range Max" value="94" />
  <attribute name="Current GC Util" value="153" />
  <attribute name= "Current Time Running" value="737" />
<exclusive-end id="208" timestamp="2019-08-02T22:50:57.249" durationms="7.922" />

</verbosegc>

