<?xml version="1.0" ?>

<verbosegc xmlns="http://www.ibm.com/j9/verbosegc" version="08cc62e_CMPRSS">

<initialized id="1" timestamp="2019-08-02T22:45:06.872">
  <attribute name="gcPolicy" value="-Xgcpolicy:optthruput" />
  <attribute name="elasticGC enabled" value="1" />
  <attribute name= "numThreadsSpecified" value="0" />
  <attribute name="heapSize specified" value="0" />
  <attribute name= "numCores" value="0" />
  <attribute name ="GC Interval" value="0" />
  <attribute name="GC Util Range Max" value="0" />
  <attribute name="Current GC Util" value="0" />
  <attribute name= "Current Time Running" value="0" />
  <attribute name="maxHeapSize" value="0x7cba0000" />
  <attribute name="initialHeapSize" value="0x800000" />
  <attribute name="compressedRefs" value="true" />
  <attribute name="compressedRefsDisplacement" value="0x0" />
  <attribute name="compressedRefsShift" value="0x0" />
  <attribute name="pageSize" value="0x1000" />
  <attribute name="pageType" value="not used" />
  <attribute name="requestedPageSize" value="0x1000" />
  <attribute name="requestedPageType" value="not used" />
  <attribute name="gcthreads" value="8" />
  <attribute name="packetListSplit" value="8" />
  <attribute name="cacheListSplit" value="8" />
  <attribute name="splitFreeListSplitAmount" value="1" />
  <attribute name="numaNodes" value="0" />
  <system>
    <attribute name="physicalMemory" value="8370401280" />
    <attribute name="numCPUs" value="8" />
    <attribute name="architecture" value="amd64" />
    <attribute name="os" value="Linux" />
    <attribute name="osVersion" value="4.4.0-154-generic" />
  </system>
  <vmargs>
    <vmarg name="-Xoptionsfile=/vagrant/jdk/lib/options.default" />
    <vmarg name="-Xlockword:mode=default,noLockword=java/lang/String,noLockword=java/util/MapEntry,noLockword=java/util/HashMap$Entry,noLockword..." />
    <vmarg name="-Xjcl:jclse29" />
    <vmarg name="-Dcom.ibm.oti.vm.bootstrap.library.path=/vagrant/jdk/lib/compressedrefs:/vagrant/jdk/lib" />
    <vmarg name="-Dsun.boot.library.path=/vagrant/jdk/lib/compressedrefs:/vagrant/jdk/lib" />
    <vmarg name="-Djava.library.path=/vagrant/jdk/lib/compressedrefs:/vagrant/jdk/lib:/usr/lib64:/usr/lib" />
    <vmarg name="-Djava.home=/vagrant/jdk" />
    <vmarg name="-Duser.dir=/vagrant" />
    <vmarg name="-Xgcpolicy:optthruput" />
    <vmarg name="-Xgcelastic" />
    <vmarg name="-Xcheck:gc:::elasticGC" />
    <vmarg name="-verbose:gc" />
    <vmarg name="-Xloggc:jdkG-small-OTT-8core-verbose2xalan.txt" />
    <vmarg name="-Djava.class.path=dacapo-9.12-MR1-bach.jar" />
    <vmarg name="-Dsun.java.command=dacapo-9.12-MR1-bach.jar xalan --size=small" />
    <vmarg name="-Dsun.java.launcher=SUN_STANDARD" />
    <vmarg name="-Dsun.java.launcher.pid=11214" />
  </vmargs>
</initialized>

<exclusive-start id="2" timestamp="2019-08-02T22:45:07.375" intervalms="502.784">
  <response-info timems="0.025" idlems="0.025" threads="0" lastid="0000000000BA0A00" lastname="main" />
</exclusive-start>
<af-start id="3" threadId="0000000000BA1388" totalBytesRequested="88" timestamp="2019-08-02T22:45:07.375" intervalms="503.141" />
<cycle-start id="4" type="global" contextid="0" timestamp="2019-08-02T22:45:07.376" intervalms="503.778" />
<gc-start id="5" type="global" contextid="4" timestamp="2019-08-02T22:45:07.376">
  <mem-info id="6" free="418816" total="8388608" percent="4">
    <mem type="tenure" free="418816" total="8388608" percent="4">
      <mem type="soa" free="0" total="7969792" percent="0" />
      <mem type="loa" free="418816" total="418816" percent="100" />
    </mem>
  </mem-info>
</gc-start>
<allocation-stats totalBytes="7884720" >
  <allocated-bytes non-tlh="758040" tlh="7126680" />
  <largest-consumer threadName="main" threadId="0000000000BA0A00" bytes="7795864" />
</allocation-stats>
<gc-op id="7" type="mark" timems="3.071" contextid="4" timestamp="2019-08-02T22:45:07.380">
  <trace-info objectcount="21494" scancount="17514" scanbytes="561384" />
  <finalization candidates="15" enqueued="1" />
  <references type="soft" candidates="74" cleared="0" enqueued="0" dynamicThreshold="32" maxThreshold="32" />
  <references type="weak" candidates="575" cleared="432" enqueued="393" />
  <references type="phantom" candidates="127" cleared="44" enqueued="44" />
  <stringconstants candidates="2930" cleared="0"  />
</gc-op>
<gc-op id="8" type="classunload" timems="0.036" contextid="4" timestamp="2019-08-02T22:45:07.380">
  <classunload-info classloadercandidates="6" classloadersunloaded="0" classesunloaded="0" anonymousclassesunloaded="0" quiescems="0.000" setupms="0.036" scanms="0.000" postms="0.000" />
</gc-op>
<gc-op id="9" type="sweep" timems="0.451" contextid="4" timestamp="2019-08-02T22:45:07.380" />
<gc-end id="10" type="global" contextid="4" durationms="4.839" usertimems="4.000" systemtimems="4.000" timestamp="2019-08-02T22:45:07.381" activeThreads="8">
  <mem-info id="11" free="6518136" total="8388608" percent="77">
    <mem type="tenure" free="6518136" total="8388608" percent="77" micro-fragmented="246307" macro-fragmented="0">
      <mem type="soa" free="6099320" total="7969792" percent="76" />
      <mem type="loa" free="418816" total="418816" percent="100" />
    </mem>
    <pending-finalizers system="1" default="0" reference="437" classloader="0" />
  </mem-info>
</gc-end>
<cycle-end id="12" type="global" contextid="4" timestamp="2019-08-02T22:45:07.381" />
  <attribute name="elasticGC enabled" value="1" />
  <attribute name= "numThreadsSpecified" value="0" />
  <attribute name="heapSize specified" value="0" />
  <attribute name= "numCores" value="8" />
  <attribute name ="GC Interval" value="0" />
  <attribute name ="Control flow" value="2" />
  <attribute name="GC Util Range Max" value="100" />
  <attribute name="Current GC Util" value="29" />
  <attribute name= "Current Time Running" value="3" />
<allocation-satisfied id="13" threadId="0000000000BA0A00" bytesRequested="88" />
<af-end id="14" timestamp="2019-08-02T22:45:07.381" threadId="0000000000BA1388" success="true" />
<exclusive-end id="15" timestamp="2019-08-02T22:45:07.381" durationms="6.345" />

<exclusive-start id="16" timestamp="2019-08-02T22:45:07.570" intervalms="195.417">
  <response-info timems="0.079" idlems="0.079" threads="0" lastid="0000000000BA0A00" lastname="main" />
</exclusive-start>
<af-start id="17" threadId="0000000000BA1388" totalBytesRequested="88" timestamp="2019-08-02T22:45:07.571" intervalms="195.178" />
<cycle-start id="18" type="global" contextid="0" timestamp="2019-08-02T22:45:07.571" intervalms="194.604" />
<gc-start id="19" type="global" contextid="18" timestamp="2019-08-02T22:45:07.571">
  <mem-info id="20" free="418816" total="8388608" percent="4">
    <mem type="tenure" free="418816" total="8388608" percent="4">
      <mem type="soa" free="0" total="7969792" percent="0" />
      <mem type="loa" free="418816" total="418816" percent="100" />
    </mem>
  </mem-info>
</gc-start>
<allocation-stats totalBytes="5996112" >
  <allocated-bytes non-tlh="1394184" tlh="4601928" />
  <largest-consumer threadName="main" threadId="0000000000BA0A00" bytes="5989152" />
</allocation-stats>
<gc-op id="21" type="mark" timems="1.687" contextid="18" timestamp="2019-08-02T22:45:07.573">
  <trace-info objectcount="29493" scancount="23866" scanbytes="870684" />
  <finalization candidates="15" enqueued="0" />
  <references type="soft" candidates="133" cleared="0" enqueued="0" dynamicThreshold="24" maxThreshold="32" />
  <references type="weak" candidates="175" cleared="30" enqueued="30" />
  <references type="phantom" candidates="85" cleared="2" enqueued="2" />
  <stringconstants candidates="3529" cleared="22"  />
</gc-op>
<gc-op id="22" type="classunload" timems="0.002" contextid="18" timestamp="2019-08-02T22:45:07.573">
  <classunload-info classloadercandidates="19" classloadersunloaded="0" classesunloaded="0" anonymousclassesunloaded="0" quiescems="0.000" setupms="0.001" scanms="0.000" postms="0.001" />
</gc-op>
<gc-op id="23" type="sweep" timems="0.285" contextid="18" timestamp="2019-08-02T22:45:07.573" />
<gc-end id="24" type="global" contextid="18" durationms="3.041" usertimems="4.000" systemtimems="0.000" timestamp="2019-08-02T22:45:07.574" activeThreads="8">
  <mem-info id="25" free="5721240" total="8388608" percent="68">
    <mem type="tenure" free="5721240" total="8388608" percent="68" micro-fragmented="562909" macro-fragmented="0">
      <mem type="soa" free="5302424" total="7969792" percent="66" />
      <mem type="loa" free="418816" total="418816" percent="100" />
    </mem>
    <pending-finalizers system="0" default="0" reference="32" classloader="0" />
  </mem-info>
</gc-end>
<cycle-end id="26" type="global" contextid="18" timestamp="2019-08-02T22:45:07.574" />
  <attribute name="elasticGC enabled" value="1" />
  <attribute name= "numThreadsSpecified" value="0" />
  <attribute name="heapSize specified" value="0" />
  <attribute name= "numCores" value="8" />
  <attribute name ="GC Interval" value="0" />
  <attribute name ="Control flow" value="2" />
  <attribute name="GC Util Range Max" value="100" />
  <attribute name="Current GC Util" value="23" />
  <attribute name= "Current Time Running" value="196" />
<allocation-satisfied id="27" threadId="0000000000BA0A00" bytesRequested="88" />
<af-end id="28" timestamp="2019-08-02T22:45:07.574" threadId="0000000000BA1388" success="true" />
<exclusive-end id="29" timestamp="2019-08-02T22:45:07.574" durationms="3.604" />

<exclusive-start id="30" timestamp="2019-08-02T22:45:07.576" intervalms="5.510">
  <response-info timems="0.114" idlems="0.114" threads="0" lastid="0000000000BA0A00" lastname="main" />
</exclusive-start>
<sys-start reason="explicit" id="31" timestamp="2019-08-02T22:45:07.576" intervalms="703.836" />
<cycle-start id="32" type="global" contextid="0" timestamp="2019-08-02T22:45:07.576" intervalms="5.608" />
<gc-start id="33" type="global" contextid="32" timestamp="2019-08-02T22:45:07.576">
  <mem-info id="34" free="5668528" total="8388608" percent="67">
    <mem type="tenure" free="5668528" total="8388608" percent="67">
      <mem type="soa" free="5249712" total="7969792" percent="65" />
      <mem type="loa" free="418816" total="418816" percent="100" />
    </mem>
  </mem-info>
</gc-start>
<allocation-stats totalBytes="49104" >
  <allocated-bytes non-tlh="8216" tlh="40888" />
  <largest-consumer threadName="main" threadId="0000000000BA0A00" bytes="30032" />
</allocation-stats>
<gc-op id="35" type="mark" timems="1.700" contextid="32" timestamp="2019-08-02T22:45:07.578">
  <trace-info objectcount="29529" scancount="23903" scanbytes="872768" />
  <finalization candidates="15" enqueued="0" />
  <references type="soft" candidates="133" cleared="0" enqueued="0" dynamicThreshold="21" maxThreshold="32" />
  <references type="weak" candidates="156" cleared="4" enqueued="4" />
  <references type="phantom" candidates="86" cleared="0" enqueued="0" />
  <stringconstants candidates="3513" cleared="0"  />
</gc-op>
<gc-op id="36" type="classunload" timems="0.002" contextid="32" timestamp="2019-08-02T22:45:07.578">
  <classunload-info classloadercandidates="19" classloadersunloaded="0" classesunloaded="0" anonymousclassesunloaded="0" quiescems="0.000" setupms="0.002" scanms="0.000" postms="0.000" />
</gc-op>
<gc-op id="37" type="sweep" timems="0.281" contextid="32" timestamp="2019-08-02T22:45:07.578" />
<mem-info id="38" free="5715248" total="8388608" percent="68">
  <mem type="tenure" free="5715248" total="8388608" percent="68" micro-fragmented="465664" macro-fragmented="0">
    <mem type="soa" free="5296432" total="7969792" percent="66" />
    <mem type="loa" free="418816" total="418816" percent="100" />
  </mem>
  <pending-finalizers system="0" default="0" reference="4" classloader="0" />
</mem-info>
<gc-op id="39" type="compact" timems="5.949" contextid="32" timestamp="2019-08-02T22:45:07.585">
  <compact-info movecount="29528" movebytes="1962064" reason="no compaction" />
</gc-op>
<gc-end id="40" type="global" contextid="32" durationms="8.482" usertimems="12.000" systemtimems="0.000" timestamp="2019-08-02T22:45:07.585" activeThreads="8">
  <mem-info id="41" free="6426456" total="8388608" percent="76">
    <mem type="tenure" free="6426456" total="8388608" percent="76">
      <mem type="soa" free="6007640" total="7969792" percent="75" />
      <mem type="loa" free="418816" total="418816" percent="100" />
    </mem>
    <pending-finalizers system="0" default="0" reference="4" classloader="0" />
  </mem-info>
</gc-end>
<cycle-end id="42" type="global" contextid="32" timestamp="2019-08-02T22:45:07.585" />
  <attribute name="elasticGC enabled" value="1" />
  <attribute name= "numThreadsSpecified" value="0" />
  <attribute name="heapSize specified" value="8388608" />
  <attribute name= "numCores" value="8" />
  <attribute name ="GC Interval" value="0" />
  <attribute name ="Control flow" value="2" />
  <attribute name="GC Util Range Max" value="100" />
  <attribute name="Current GC Util" value="31" />
  <attribute name= "Current Time Running" value="208" />
<sys-end id="43" timestamp="2019-08-02T22:45:07.585" />
<exclusive-end id="44" timestamp="2019-08-02T22:45:07.585" durationms="9.115" />

<exclusive-start id="45" timestamp="2019-08-02T22:45:07.685" intervalms="108.881">
  <response-info timems="0.037" idlems="0.037" threads="0" lastid="0000000000EE4800" lastname="Thread-5" />
</exclusive-start>
<af-start id="46" threadId="0000000000EE5188" totalBytesRequested="5752" timestamp="2019-08-02T22:45:07.685" intervalms="114.373" />
<cycle-start id="47" type="global" contextid="0" timestamp="2019-08-02T22:45:07.685" intervalms="108.778" />
<gc-start id="48" type="global" contextid="47" timestamp="2019-08-02T22:45:07.685">
  <mem-info id="49" free="418816" total="8388608" percent="4">
    <mem type="tenure" free="418816" total="8388608" percent="4">
      <mem type="soa" free="0" total="7969792" percent="0" />
      <mem type="loa" free="418816" total="418816" percent="100" />
    </mem>
  </mem-info>
</gc-start>
<allocation-stats totalBytes="5888984" >
  <allocated-bytes non-tlh="591904" tlh="5297080" />
  <largest-consumer threadName="Thread-7" threadId="0000000000EEBF00" bytes="1280656" />
</allocation-stats>
<gc-op id="50" type="mark" timems="2.179" contextid="47" timestamp="2019-08-02T22:45:07.687">
  <trace-info objectcount="40978" scancount="32905" scanbytes="1944544" />
  <finalization candidates="27" enqueued="2" />
  <references type="soft" candidates="164" cleared="0" enqueued="0" dynamicThreshold="24" maxThreshold="32" />
  <references type="weak" candidates="273" cleared="22" enqueued="22" />
  <references type="phantom" candidates="110" cleared="2" enqueued="2" />
  <stringconstants candidates="3836" cleared="0"  />
</gc-op>
<gc-op id="51" type="classunload" timems="0.180" contextid="47" timestamp="2019-08-02T22:45:07.688">
  <classunload-info classloadercandidates="19" classloadersunloaded="0" classesunloaded="5" anonymousclassesunloaded="5" quiescems="0.000" setupms="0.175" scanms="0.004" postms="0.001" />
</gc-op>
<gc-op id="52" type="sweep" timems="0.308" contextid="47" timestamp="2019-08-02T22:45:07.688" />
<mem-info id="53" free="4506576" total="8388608" percent="53">
  <mem type="tenure" free="4506576" total="8388608" percent="53" micro-fragmented="220718" macro-fragmented="0">
    <mem type="soa" free="4087760" total="7969792" percent="51" />
    <mem type="loa" free="418816" total="418816" percent="100" />
  </mem>
  <pending-finalizers system="2" default="0" reference="24" classloader="0" />
</mem-info>
<gc-op id="54" type="compact" timems="9.277" contextid="47" timestamp="2019-08-02T22:45:07.697">
  <compact-info movecount="40297" movebytes="3640456" reason="no compaction" />
</gc-op>
<gc-end id="55" type="global" contextid="47" durationms="12.753" usertimems="16.000" systemtimems="0.000" timestamp="2019-08-02T22:45:07.698" activeThreads="8">
  <mem-info id="56" free="4680352" total="8388608" percent="55">
    <mem type="tenure" free="4680352" total="8388608" percent="55">
      <mem type="soa" free="4261536" total="7969792" percent="53" />
      <mem type="loa" free="418816" total="418816" percent="100" />
    </mem>
    <pending-finalizers system="2" default="0" reference="24" classloader="0" />
  </mem-info>
</gc-end>
<cycle-end id="57" type="global" contextid="47" timestamp="2019-08-02T22:45:07.698" />
  <attribute name="elasticGC enabled" value="1" />
  <attribute name= "numThreadsSpecified" value="0" />
  <attribute name="heapSize specified" value="8388608" />
  <attribute name= "numCores" value="8" />
  <attribute name ="GC Interval" value="0" />
  <attribute name ="Control flow" value="2" />
  <attribute name="GC Util Range Max" value="100" />
  <attribute name="Current GC Util" value="23" />
  <attribute name= "Current Time Running" value="320" />
<allocation-satisfied id="58" threadId="0000000000EE4800" bytesRequested="5752" />
<af-end id="59" timestamp="2019-08-02T22:45:07.698" threadId="0000000000EE5188" success="true" />
<exclusive-end id="60" timestamp="2019-08-02T22:45:07.698" durationms="13.387" />

<exclusive-start id="61" timestamp="2019-08-02T22:45:07.812" intervalms="127.630">
  <response-info timems="0.050" idlems="0.050" threads="0" lastid="0000000000EEBF00" lastname="Thread-7" />
</exclusive-start>
<af-start id="62" threadId="0000000000EEC888" totalBytesRequested="2056" timestamp="2019-08-02T22:45:07.813" intervalms="127.736" />
<cycle-start id="63" type="global" contextid="0" timestamp="2019-08-02T22:45:07.813" intervalms="127.709" />
<gc-start id="64" type="global" contextid="63" timestamp="2019-08-02T22:45:07.813">
  <mem-info id="65" free="418816" total="8388608" percent="4">
    <mem type="tenure" free="418816" total="8388608" percent="4">
      <mem type="soa" free="0" total="7969792" percent="0" />
      <mem type="loa" free="418816" total="418816" percent="100" />
    </mem>
  </mem-info>
</gc-start>
<allocation-stats totalBytes="4175024" >
  <allocated-bytes non-tlh="12384" tlh="4162640" />
  <largest-consumer threadName="Thread-4" threadId="0000000000EE0C00" bytes="904640" />
</allocation-stats>
<gc-op id="66" type="mark" timems="1.511" contextid="63" timestamp="2019-08-02T22:45:07.814">
  <trace-info objectcount="44309" scancount="35674" scanbytes="2074256" />
  <finalization candidates="25" enqueued="0" />
  <references type="soft" candidates="168" cleared="0" enqueued="0" dynamicThreshold="17" maxThreshold="32" />
  <references type="weak" candidates="286" cleared="8" enqueued="7" />
  <references type="phantom" candidates="101" cleared="0" enqueued="0" />
  <stringconstants candidates="3960" cleared="0"  />
</gc-op>
<gc-op id="67" type="sweep" timems="0.242" contextid="63" timestamp="2019-08-02T22:45:07.815" />
<mem-info id="68" free="4032880" total="8388608" percent="48">
  <mem type="tenure" free="4032880" total="8388608" percent="48" micro-fragmented="72603" macro-fragmented="0">
    <mem type="soa" free="3614064" total="7969792" percent="45" />
    <mem type="loa" free="418816" total="418816" percent="100" />
  </mem>
  <pending-finalizers system="0" default="0" reference="7" classloader="0" />
</mem-info>
<gc-op id="69" type="compact" timems="8.141" contextid="63" timestamp="2019-08-02T22:45:07.823">
  <compact-info movecount="29691" movebytes="3572600" reason="no compaction" />
</gc-op>
<gc-end id="70" type="global" contextid="63" durationms="10.514" usertimems="12.000" systemtimems="0.000" timestamp="2019-08-02T22:45:07.823" activeThreads="8">
  <mem-info id="71" free="4109208" total="8388608" percent="48">
    <mem type="tenure" free="4109208" total="8388608" percent="48">
      <mem type="soa" free="3690392" total="7969792" percent="46" />
      <mem type="loa" free="418816" total="418816" percent="100" />
    </mem>
    <pending-finalizers system="0" default="0" reference="7" classloader="0" />
  </mem-info>
</gc-end>
<cycle-end id="72" type="global" contextid="63" timestamp="2019-08-02T22:45:07.823" />
  <attribute name="elasticGC enabled" value="1" />
  <attribute name= "numThreadsSpecified" value="0" />
  <attribute name="heapSize specified" value="8388608" />
  <attribute name= "numCores" value="8" />
  <attribute name ="GC Interval" value="0" />
  <attribute name ="Control flow" value="2" />
  <attribute name="GC Util Range Max" value="100" />
  <attribute name="Current GC Util" value="21" />
  <attribute name= "Current Time Running" value="446" />
<allocation-satisfied id="73" threadId="0000000000EEBF00" bytesRequested="2056" />
<af-end id="74" timestamp="2019-08-02T22:45:07.824" threadId="0000000000EEC888" success="true" />
<exclusive-end id="75" timestamp="2019-08-02T22:45:07.824" durationms="11.254" />

<exclusive-start id="76" timestamp="2019-08-02T22:45:07.868" intervalms="55.767">
  <response-info timems="0.044" idlems="0.044" threads="0" lastid="0000000000EEBF00" lastname="Thread-7" />
</exclusive-start>
<af-start id="77" threadId="0000000000EEC888" totalBytesRequested="40" timestamp="2019-08-02T22:45:07.868" intervalms="55.652" />
<cycle-start id="78" type="global" contextid="0" timestamp="2019-08-02T22:45:07.868" intervalms="55.675" />
<gc-start id="79" type="global" contextid="78" timestamp="2019-08-02T22:45:07.868">
  <mem-info id="80" free="418816" total="8388608" percent="4">
    <mem type="tenure" free="418816" total="8388608" percent="4">
      <mem type="soa" free="0" total="7969792" percent="0" />
      <mem type="loa" free="418816" total="418816" percent="100" />
    </mem>
  </mem-info>
</gc-start>
<allocation-stats totalBytes="3619584" >
  <allocated-bytes non-tlh="131208" tlh="3488376" />
  <largest-consumer threadName="Thread-4" threadId="0000000000EE0C00" bytes="922648" />
</allocation-stats>
<gc-op id="81" type="mark" timems="1.412" contextid="78" timestamp="2019-08-02T22:45:07.870">
  <trace-info objectcount="43943" scancount="35556" scanbytes="2087388" />
  <finalization candidates="25" enqueued="0" />
  <references type="soft" candidates="168" cleared="0" enqueued="0" dynamicThreshold="15" maxThreshold="32" />
  <references type="weak" candidates="277" cleared="0" enqueued="0" />
  <references type="phantom" candidates="99" cleared="0" enqueued="0" />
  <stringconstants candidates="3963" cleared="0"  />
</gc-op>
<gc-op id="82" type="sweep" timems="0.216" contextid="78" timestamp="2019-08-02T22:45:07.870" />
<mem-info id="83" free="3856144" total="8388608" percent="45">
  <mem type="tenure" free="3856144" total="8388608" percent="45" micro-fragmented="38457" macro-fragmented="0">
    <mem type="soa" free="3437328" total="7969792" percent="43" />
    <mem type="loa" free="418816" total="418816" percent="100" />
  </mem>
</mem-info>
<gc-op id="84" type="compact" timems="6.010" contextid="78" timestamp="2019-08-02T22:45:07.876">
  <compact-info movecount="17774" movebytes="2643480" reason="no compaction" />
</gc-op>
<gc-end id="85" type="global" contextid="78" durationms="8.284" usertimems="8.000" systemtimems="4.000" timestamp="2019-08-02T22:45:07.877" activeThreads="8">
  <mem-info id="86" free="3894960" total="8388608" percent="46">
    <mem type="tenure" free="3894960" total="8388608" percent="46">
      <mem type="soa" free="3476144" total="7969792" percent="43" />
      <mem type="loa" free="418816" total="418816" percent="100" />
    </mem>
  </mem-info>
</gc-end>
<cycle-end id="87" type="global" contextid="78" timestamp="2019-08-02T22:45:07.877" />
  <attribute name="elasticGC enabled" value="1" />
  <attribute name= "numThreadsSpecified" value="0" />
  <attribute name="heapSize specified" value="8388608" />
  <attribute name= "numCores" value="8" />
  <attribute name ="GC Interval" value="0" />
  <attribute name ="Control flow" value="3" />
  <attribute name="GC Util Range Max" value="100" />
  <attribute name="Current GC Util" value="21" />
  <attribute name= "Current Time Running" value="499" />
<allocation-satisfied id="88" threadId="0000000000EEBF00" bytesRequested="40" />
<af-end id="89" timestamp="2019-08-02T22:45:07.877" threadId="0000000000EEC888" success="true" />
<exclusive-end id="90" timestamp="2019-08-02T22:45:07.877" durationms="8.936" />

<exclusive-start id="91" timestamp="2019-08-02T22:45:07.947" intervalms="78.476">
  <response-info timems="0.050" idlems="0.050" threads="0" lastid="0000000000EE8300" lastname="Thread-6" />
</exclusive-start>
<af-start id="92" threadId="0000000000EE8C88" totalBytesRequested="32776" timestamp="2019-08-02T22:45:07.947" intervalms="78.513" />
<cycle-start id="93" type="global" contextid="0" timestamp="2019-08-02T22:45:07.947" intervalms="78.514" />
<gc-start id="94" type="global" contextid="93" timestamp="2019-08-02T22:45:07.947">
  <mem-info id="95" free="418816" total="8388608" percent="4">
    <mem type="tenure" free="418816" total="8388608" percent="4">
      <mem type="soa" free="0" total="7969792" percent="0" />
      <mem type="loa" free="418816" total="418816" percent="100" />
    </mem>
  </mem-info>
</gc-start>
<allocation-stats totalBytes="3433072" >
  <allocated-bytes non-tlh="163880" tlh="3269192" />
  <largest-consumer threadName="Thread-8" threadId="0000000000EEFB00" bytes="703336" />
</allocation-stats>
<gc-op id="96" type="mark" timems="3.800" contextid="93" timestamp="2019-08-02T22:45:07.951">
  <trace-info objectcount="44314" scancount="35827" scanbytes="2096032" />
  <finalization candidates="25" enqueued="0" />
  <references type="soft" candidates="168" cleared="0" enqueued="0" dynamicThreshold="14" maxThreshold="32" />
  <references type="weak" candidates="277" cleared="0" enqueued="0" />
  <references type="phantom" candidates="99" cleared="0" enqueued="0" />
  <stringconstants candidates="3963" cleared="0"  />
</gc-op>
<gc-op id="97" type="sweep" timems="0.997" contextid="93" timestamp="2019-08-02T22:45:07.952" />
<gc-end id="98" type="global" contextid="93" durationms="6.173" usertimems="8.000" systemtimems="0.000" timestamp="2019-08-02T22:45:07.953" activeThreads="8">
  <mem-info id="99" free="3775592" total="8388608" percent="45">
    <mem type="tenure" free="3775592" total="8388608" percent="45" micro-fragmented="21403" macro-fragmented="0">
      <mem type="soa" free="3356776" total="7969792" percent="42" />
      <mem type="loa" free="418816" total="418816" percent="100" />
    </mem>
  </mem-info>
</gc-end>
<cycle-end id="100" type="global" contextid="93" timestamp="2019-08-02T22:45:07.953" />
  <attribute name="elasticGC enabled" value="1" />
  <attribute name= "numThreadsSpecified" value="0" />
  <attribute name="heapSize specified" value="8388608" />
  <attribute name= "numCores" value="8" />
  <attribute name ="GC Interval" value="0" />
  <attribute name ="Control flow" value="3" />
  <attribute name="GC Util Range Max" value="100" />
  <attribute name="Current GC Util" value="143" />
  <attribute name= "Current Time Running" value="575" />
<allocation-satisfied id="101" threadId="0000000000EE8300" bytesRequested="32776" />
<af-end id="102" timestamp="2019-08-02T22:45:07.953" threadId="0000000000EE8C88" success="true" />
<exclusive-end id="103" timestamp="2019-08-02T22:45:07.954" durationms="6.873" />

<exclusive-start id="104" timestamp="2019-08-02T22:45:08.012" intervalms="64.943">
  <response-info timems="0.040" idlems="0.040" threads="0" lastid="0000000000EE4800" lastname="Thread-5" />
</exclusive-start>
<af-start id="105" threadId="0000000000EE5188" totalBytesRequested="16392" timestamp="2019-08-02T22:45:08.012" intervalms="64.991" />
<cycle-start id="106" type="global" contextid="0" timestamp="2019-08-02T22:45:08.012" intervalms="64.992" />
<gc-start id="107" type="global" contextid="106" timestamp="2019-08-02T22:45:08.012">
  <mem-info id="108" free="418816" total="8388608" percent="4">
    <mem type="tenure" free="418816" total="8388608" percent="4">
      <mem type="soa" free="0" total="7969792" percent="0" />
      <mem type="loa" free="418816" total="418816" percent="100" />
    </mem>
  </mem-info>
</gc-start>
<allocation-stats totalBytes="3337528" >
  <allocated-bytes non-tlh="786880" tlh="2550648" />
  <largest-consumer threadName="Thread-6" threadId="0000000000EE8300" bytes="1199872" />
</allocation-stats>
<gc-op id="109" type="mark" timems="1.303" contextid="106" timestamp="2019-08-02T22:45:08.013">
  <trace-info objectcount="44573" scancount="35984" scanbytes="2099068" />
  <finalization candidates="25" enqueued="0" />
  <references type="soft" candidates="168" cleared="0" enqueued="0" dynamicThreshold="14" maxThreshold="32" />
  <references type="weak" candidates="278" cleared="0" enqueued="0" />
  <references type="phantom" candidates="100" cleared="0" enqueued="0" />
  <stringconstants candidates="3963" cleared="0"  />
</gc-op>
<gc-op id="110" type="sweep" timems="0.220" contextid="106" timestamp="2019-08-02T22:45:08.014" />
<gc-end id="111" type="global" contextid="106" durationms="2.175" usertimems="0.000" systemtimems="4.000" timestamp="2019-08-02T22:45:08.014" activeThreads="8">
  <mem-info id="112" free="3659240" total="8388608" percent="43">
    <mem type="tenure" free="3659240" total="8388608" percent="43" micro-fragmented="43742" macro-fragmented="0">
      <mem type="soa" free="3240424" total="7969792" percent="40" />
      <mem type="loa" free="418816" total="418816" percent="100" />
    </mem>
  </mem-info>
</gc-end>
<cycle-end id="113" type="global" contextid="106" timestamp="2019-08-02T22:45:08.014" />
  <attribute name="elasticGC enabled" value="1" />
  <attribute name= "numThreadsSpecified" value="0" />
  <attribute name="heapSize specified" value="8388608" />
  <attribute name= "numCores" value="8" />
  <attribute name ="GC Interval" value="0" />
  <attribute name ="Control flow" value="3" />
  <attribute name="GC Util Range Max" value="100" />
  <attribute name="Current GC Util" value="35" />
  <attribute name= "Current Time Running" value="637" />
<allocation-satisfied id="114" threadId="0000000000EE4800" bytesRequested="16392" />
<af-end id="115" timestamp="2019-08-02T22:45:08.014" threadId="0000000000EE5188" success="true" />
<exclusive-end id="116" timestamp="2019-08-02T22:45:08.014" durationms="2.724" />

<exclusive-start id="117" timestamp="2019-08-02T22:45:08.045" intervalms="33.373">
  <response-info timems="0.045" idlems="0.045" threads="0" lastid="0000000000EEFB00" lastname="Thread-8" />
</exclusive-start>
<af-start id="118" threadId="0000000000EF0488" totalBytesRequested="48" timestamp="2019-08-02T22:45:08.045" intervalms="33.337" />
<cycle-start id="119" type="global" contextid="0" timestamp="2019-08-02T22:45:08.045" intervalms="33.313" />
<gc-start id="120" type="global" contextid="119" timestamp="2019-08-02T22:45:08.045">
  <mem-info id="121" free="418816" total="8388608" percent="4">
    <mem type="tenure" free="418816" total="8388608" percent="4">
      <mem type="soa" free="0" total="7969792" percent="0" />
      <mem type="loa" free="418816" total="418816" percent="100" />
    </mem>
  </mem-info>
</gc-start>
<allocation-stats totalBytes="3112232" >
  <allocated-bytes non-tlh="1194584" tlh="1917648" />
  <largest-consumer threadName="Thread-5" threadId="0000000000EE4800" bytes="1109368" />
</allocation-stats>
<gc-op id="122" type="mark" timems="3.758" contextid="119" timestamp="2019-08-02T22:45:08.049">
  <trace-info objectcount="43044" scancount="34828" scanbytes="2067780" />
  <finalization candidates="25" enqueued="0" />
  <references type="soft" candidates="168" cleared="0" enqueued="0" dynamicThreshold="13" maxThreshold="32" />
  <references type="weak" candidates="277" cleared="0" enqueued="0" />
  <references type="phantom" candidates="99" cleared="0" enqueued="0" />
  <stringconstants candidates="3963" cleared="0"  />
</gc-op>
<gc-op id="123" type="sweep" timems="1.210" contextid="119" timestamp="2019-08-02T22:45:08.050" />
<gc-end id="124" type="global" contextid="119" durationms="6.313" usertimems="8.000" systemtimems="4.000" timestamp="2019-08-02T22:45:08.052" activeThreads="8">
  <mem-info id="125" free="3876120" total="8388608" percent="46">
    <mem type="tenure" free="3876120" total="8388608" percent="46" micro-fragmented="43897" macro-fragmented="0">
      <mem type="soa" free="3457304" total="7969792" percent="43" />
      <mem type="loa" free="418816" total="418816" percent="100" />
    </mem>
  </mem-info>
</gc-end>
<cycle-end id="126" type="global" contextid="119" timestamp="2019-08-02T22:45:08.052" />
  <attribute name="elasticGC enabled" value="1" />
  <attribute name= "numThreadsSpecified" value="0" />
  <attribute name="heapSize specified" value="8388608" />
  <attribute name= "numCores" value="8" />
  <attribute name ="GC Interval" value="0" />
  <attribute name ="Control flow" value="3" />
  <attribute name="GC Util Range Max" value="100" />
  <attribute name="Current GC Util" value="149" />
  <attribute name= "Current Time Running" value="673" />
<allocation-satisfied id="127" threadId="0000000000EEFB00" bytesRequested="48" />
<af-end id="128" timestamp="2019-08-02T22:45:08.052" threadId="0000000000EF0488" success="true" />
<exclusive-end id="129" timestamp="2019-08-02T22:45:08.052" durationms="6.785" />

<exclusive-start id="130" timestamp="2019-08-02T22:45:08.102" intervalms="57.165">
  <response-info timems="0.037" idlems="0.037" threads="0" lastid="0000000000EDD000" lastname="Thread-3" />
</exclusive-start>
<af-start id="131" threadId="0000000000EDD988" totalBytesRequested="32776" timestamp="2019-08-02T22:45:08.102" intervalms="57.210" />
<cycle-start id="132" type="global" contextid="0" timestamp="2019-08-02T22:45:08.102" intervalms="57.208" />
<gc-start id="133" type="global" contextid="132" timestamp="2019-08-02T22:45:08.102">
  <mem-info id="134" free="645896" total="8388608" percent="7">
    <mem type="tenure" free="645896" total="8388608" percent="7">
      <mem type="soa" free="227080" total="7969792" percent="2" />
      <mem type="loa" free="418816" total="418816" percent="100" />
    </mem>
  </mem-info>
</gc-start>
<allocation-stats totalBytes="3089608" >
  <allocated-bytes non-tlh="929096" tlh="2160512" />
  <largest-consumer threadName="Thread-5" threadId="0000000000EE4800" bytes="609400" />
</allocation-stats>
<gc-op id="135" type="mark" timems="1.258" contextid="132" timestamp="2019-08-02T22:45:08.104">
  <trace-info objectcount="42329" scancount="34169" scanbytes="1939476" />
  <finalization candidates="25" enqueued="0" />
  <references type="soft" candidates="168" cleared="0" enqueued="0" dynamicThreshold="14" maxThreshold="32" />
  <references type="weak" candidates="278" cleared="0" enqueued="0" />
  <references type="phantom" candidates="100" cleared="0" enqueued="0" />
  <stringconstants candidates="3963" cleared="0"  />
</gc-op>
<gc-op id="136" type="sweep" timems="0.217" contextid="132" timestamp="2019-08-02T22:45:08.104" />
<mem-info id="137" free="4112712" total="8388608" percent="49">
  <mem type="tenure" free="4112712" total="8388608" percent="49" micro-fragmented="73432" macro-fragmented="0">
    <mem type="soa" free="3693896" total="7969792" percent="46" />
    <mem type="loa" free="418816" total="418816" percent="100" />
  </mem>
</mem-info>
<gc-op id="138" type="compact" timems="6.228" contextid="132" timestamp="2019-08-02T22:45:08.111">
  <compact-info movecount="20179" movebytes="2547352" reason="no compaction" />
</gc-op>
<gc-end id="139" type="global" contextid="132" durationms="8.312" usertimems="12.000" systemtimems="0.000" timestamp="2019-08-02T22:45:08.111" activeThreads="8">
  <mem-info id="140" free="4180520" total="8388608" percent="49">
    <mem type="tenure" free="4180520" total="8388608" percent="49">
      <mem type="soa" free="3761704" total="7969792" percent="47" />
      <mem type="loa" free="418816" total="418816" percent="100" />
    </mem>
  </mem-info>
</gc-end>
<cycle-end id="141" type="global" contextid="132" timestamp="2019-08-02T22:45:08.111" />
  <attribute name="elasticGC enabled" value="1" />
  <attribute name= "numThreadsSpecified" value="0" />
  <attribute name="heapSize specified" value="8388608" />
  <attribute name= "numCores" value="8" />
  <attribute name ="GC Interval" value="0" />
  <attribute name ="Control flow" value="2" />
  <attribute name="GC Util Range Max" value="100" />
  <attribute name="Current GC Util" value="21" />
  <attribute name= "Current Time Running" value="734" />
<allocation-satisfied id="142" threadId="0000000000EDD000" bytesRequested="32776" />
<af-end id="143" timestamp="2019-08-02T22:45:08.111" threadId="0000000000EDD988" success="true" />
<exclusive-end id="144" timestamp="2019-08-02T22:45:08.111" durationms="9.137" />

<exclusive-start id="145" timestamp="2019-08-02T22:45:08.169" intervalms="67.116">
  <response-info timems="0.064" idlems="0.064" threads="0" lastid="0000000000EF3700" lastname="Thread-9" />
</exclusive-start>
<af-start id="146" threadId="0000000000EF4088" totalBytesRequested="8200" timestamp="2019-08-02T22:45:08.169" intervalms="67.089" />
<cycle-start id="147" type="global" contextid="0" timestamp="2019-08-02T22:45:08.170" intervalms="67.135" />
<gc-start id="148" type="global" contextid="147" timestamp="2019-08-02T22:45:08.170">
  <mem-info id="149" free="418816" total="8388608" percent="4">
    <mem type="tenure" free="418816" total="8388608" percent="4">
      <mem type="soa" free="0" total="7969792" percent="0" />
      <mem type="loa" free="418816" total="418816" percent="100" />
    </mem>
  </mem-info>
</gc-start>
<allocation-stats totalBytes="3715704" >
  <allocated-bytes non-tlh="65552" tlh="3650152" />
  <largest-consumer threadName="Thread-7" threadId="0000000000EEBF00" bytes="930400" />
</allocation-stats>
<gc-op id="150" type="mark" timems="1.530" contextid="147" timestamp="2019-08-02T22:45:08.171">
  <trace-info objectcount="43363" scancount="35040" scanbytes="2073924" />
  <finalization candidates="25" enqueued="0" />
  <references type="soft" candidates="168" cleared="0" enqueued="0" dynamicThreshold="15" maxThreshold="32" />
  <references type="weak" candidates="277" cleared="0" enqueued="0" />
  <references type="phantom" candidates="100" cleared="0" enqueued="0" />
  <stringconstants candidates="3963" cleared="0"  />
</gc-op>
<gc-op id="151" type="sweep" timems="0.219" contextid="147" timestamp="2019-08-02T22:45:08.172" />
<gc-end id="152" type="global" contextid="147" durationms="2.563" usertimems="4.000" systemtimems="0.000" timestamp="2019-08-02T22:45:08.172" activeThreads="8">
  <mem-info id="153" free="3880808" total="8388608" percent="46">
    <mem type="tenure" free="3880808" total="8388608" percent="46" micro-fragmented="2057" macro-fragmented="0">
      <mem type="soa" free="3461992" total="7969792" percent="43" />
      <mem type="loa" free="418816" total="418816" percent="100" />
    </mem>
  </mem-info>
</gc-end>
<cycle-end id="154" type="global" contextid="147" timestamp="2019-08-02T22:45:08.172" />
  <attribute name="elasticGC enabled" value="1" />
  <attribute name= "numThreadsSpecified" value="0" />
  <attribute name="heapSize specified" value="8388608" />
  <attribute name= "numCores" value="8" />
  <attribute name ="GC Interval" value="0" />
  <attribute name ="Control flow" value="3" />
  <attribute name="GC Util Range Max" value="100" />
  <attribute name="Current GC Util" value="36" />
  <attribute name= "Current Time Running" value="795" />
<allocation-satisfied id="155" threadId="0000000000EF3700" bytesRequested="8200" />
<af-end id="156" timestamp="2019-08-02T22:45:08.173" threadId="0000000000EF4088" success="true" />
<exclusive-end id="157" timestamp="2019-08-02T22:45:08.173" durationms="3.405" />

<exclusive-start id="158" timestamp="2019-08-02T22:45:08.203" intervalms="34.102">
  <response-info timems="0.070" idlems="0.070" threads="0" lastid="0000000000EE0C00" lastname="Thread-4" />
</exclusive-start>
<af-start id="159" threadId="0000000000EE1588" totalBytesRequested="8200" timestamp="2019-08-02T22:45:08.203" intervalms="34.018" />
<cycle-start id="160" type="global" contextid="0" timestamp="2019-08-02T22:45:08.204" intervalms="33.986" />
<gc-start id="161" type="global" contextid="160" timestamp="2019-08-02T22:45:08.204">
  <mem-info id="162" free="418816" total="8388608" percent="4">
    <mem type="tenure" free="418816" total="8388608" percent="4">
      <mem type="soa" free="0" total="7969792" percent="0" />
      <mem type="loa" free="418816" total="418816" percent="100" />
    </mem>
  </mem-info>
</gc-start>
<allocation-stats totalBytes="3432584" >
  <allocated-bytes non-tlh="944624" tlh="2487960" />
  <largest-consumer threadName="Thread-9" threadId="0000000000EF3700" bytes="623320" />
</allocation-stats>
<gc-op id="163" type="mark" timems="1.281" contextid="160" timestamp="2019-08-02T22:45:08.205">
  <trace-info objectcount="43048" scancount="34819" scanbytes="2002720" />
  <finalization candidates="25" enqueued="0" />
  <references type="soft" candidates="168" cleared="0" enqueued="0" dynamicThreshold="14" maxThreshold="32" />
  <references type="weak" candidates="278" cleared="0" enqueued="0" />
  <references type="phantom" candidates="100" cleared="0" enqueued="0" />
  <stringconstants candidates="3963" cleared="0"  />
</gc-op>
<gc-op id="164" type="sweep" timems="0.202" contextid="160" timestamp="2019-08-02T22:45:08.205" />
<gc-end id="165" type="global" contextid="160" durationms="2.131" usertimems="4.000" systemtimems="0.000" timestamp="2019-08-02T22:45:08.206" activeThreads="8">
  <mem-info id="166" free="4088848" total="8388608" percent="48">
    <mem type="tenure" free="4088848" total="8388608" percent="48" micro-fragmented="62226" macro-fragmented="0">
      <mem type="soa" free="3670032" total="7969792" percent="46" />
      <mem type="loa" free="418816" total="418816" percent="100" />
    </mem>
  </mem-info>
</gc-end>
<cycle-end id="167" type="global" contextid="160" timestamp="2019-08-02T22:45:08.206" />
  <attribute name="elasticGC enabled" value="1" />
  <attribute name= "numThreadsSpecified" value="0" />
  <attribute name="heapSize specified" value="8388608" />
  <attribute name= "numCores" value="8" />
  <attribute name ="GC Interval" value="0" />
  <attribute name ="Control flow" value="2" />
  <attribute name="GC Util Range Max" value="100" />
  <attribute name="Current GC Util" value="33" />
  <attribute name= "Current Time Running" value="828" />
<allocation-satisfied id="168" threadId="0000000000EE0C00" bytesRequested="8200" />
<af-end id="169" timestamp="2019-08-02T22:45:08.206" threadId="0000000000EE1588" success="true" />
<exclusive-end id="170" timestamp="2019-08-02T22:45:08.206" durationms="2.512" />

<exclusive-start id="171" timestamp="2019-08-02T22:45:08.250" intervalms="46.096">
  <response-info timems="0.088" idlems="0.056" threads="1" lastid="0000000000BC6100" lastname="IProfiler" />
</exclusive-start>
<af-start id="172" threadId="0000000000EE1588" totalBytesRequested="40" timestamp="2019-08-02T22:45:08.250" intervalms="46.108" />
<cycle-start id="173" type="global" contextid="0" timestamp="2019-08-02T22:45:08.250" intervalms="46.120" />
<gc-start id="174" type="global" contextid="173" timestamp="2019-08-02T22:45:08.250">
  <mem-info id="175" free="418816" total="8388608" percent="4">
    <mem type="tenure" free="418816" total="8388608" percent="4">
      <mem type="soa" free="0" total="7969792" percent="0" />
      <mem type="loa" free="418816" total="418816" percent="100" />
    </mem>
  </mem-info>
</gc-start>
<allocation-stats totalBytes="3631808" >
  <allocated-bytes non-tlh="1086032" tlh="2545776" />
  <largest-consumer threadName="Thread-4" threadId="0000000000EE0C00" bytes="670904" />
</allocation-stats>
<gc-op id="176" type="mark" timems="1.275" contextid="173" timestamp="2019-08-02T22:45:08.251">
  <trace-info objectcount="43503" scancount="35233" scanbytes="2083576" />
  <finalization candidates="25" enqueued="0" />
  <references type="soft" candidates="168" cleared="0" enqueued="0" dynamicThreshold="15" maxThreshold="32" />
  <references type="weak" candidates="277" cleared="0" enqueued="0" />
  <references type="phantom" candidates="101" cleared="0" enqueued="0" />
  <stringconstants candidates="3963" cleared="0"  />
</gc-op>
<gc-op id="177" type="sweep" timems="0.216" contextid="173" timestamp="2019-08-02T22:45:08.251" />
<gc-end id="178" type="global" contextid="173" durationms="2.156" usertimems="4.000" systemtimems="0.000" timestamp="2019-08-02T22:45:08.252" activeThreads="8">
  <mem-info id="179" free="3901512" total="8388608" percent="46">
    <mem type="tenure" free="3901512" total="8388608" percent="46" micro-fragmented="26389" macro-fragmented="0">
      <mem type="soa" free="3482696" total="7969792" percent="43" />
      <mem type="loa" free="418816" total="418816" percent="100" />
    </mem>
  </mem-info>
</gc-end>
<cycle-end id="180" type="global" contextid="173" timestamp="2019-08-02T22:45:08.252" />
  <attribute name="elasticGC enabled" value="1" />
  <attribute name= "numThreadsSpecified" value="0" />
  <attribute name="heapSize specified" value="8388608" />
  <attribute name= "numCores" value="8" />
  <attribute name ="GC Interval" value="0" />
  <attribute name ="Control flow" value="2" />
  <attribute name="GC Util Range Max" value="100" />
  <attribute name="Current GC Util" value="34" />
  <attribute name= "Current Time Running" value="874" />
<allocation-satisfied id="181" threadId="0000000000EE0C00" bytesRequested="40" />
<af-end id="182" timestamp="2019-08-02T22:45:08.252" threadId="0000000000EE1588" success="true" />
<exclusive-end id="183" timestamp="2019-08-02T22:45:08.252" durationms="2.717" />

<exclusive-start id="184" timestamp="2019-08-02T22:45:08.293" intervalms="43.062">
  <response-info timems="0.048" idlems="0.048" threads="0" lastid="0000000000EE8300" lastname="Thread-6" />
</exclusive-start>
<af-start id="185" threadId="0000000000EE8C88" totalBytesRequested="16392" timestamp="2019-08-02T22:45:08.293" intervalms="43.114" />
<cycle-start id="186" type="global" contextid="0" timestamp="2019-08-02T22:45:08.293" intervalms="43.108" />
<gc-start id="187" type="global" contextid="186" timestamp="2019-08-02T22:45:08.293">
  <mem-info id="188" free="461248" total="8388608" percent="5">
    <mem type="tenure" free="461248" total="8388608" percent="5">
      <mem type="soa" free="42432" total="7969792" percent="0" />
      <mem type="loa" free="418816" total="418816" percent="100" />
    </mem>
  </mem-info>
</gc-start>
<allocation-stats totalBytes="3399112" >
  <allocated-bytes non-tlh="1219656" tlh="2179456" />
  <largest-consumer threadName="Thread-6" threadId="0000000000EE8300" bytes="900872" />
</allocation-stats>
<gc-op id="189" type="mark" timems="3.766" contextid="186" timestamp="2019-08-02T22:45:08.297">
  <trace-info objectcount="43288" scancount="34961" scanbytes="1987976" />
  <finalization candidates="25" enqueued="0" />
  <references type="soft" candidates="168" cleared="0" enqueued="0" dynamicThreshold="14" maxThreshold="32" />
  <references type="weak" candidates="277" cleared="0" enqueued="0" />
  <references type="phantom" candidates="99" cleared="0" enqueued="0" />
  <stringconstants candidates="3963" cleared="0"  />
</gc-op>
<gc-op id="190" type="sweep" timems="1.355" contextid="186" timestamp="2019-08-02T22:45:08.298" />
<gc-end id="191" type="global" contextid="186" durationms="6.513" usertimems="12.000" systemtimems="0.000" timestamp="2019-08-02T22:45:08.299" activeThreads="8">
  <mem-info id="192" free="4035208" total="8388608" percent="48">
    <mem type="tenure" free="4035208" total="8388608" percent="48" micro-fragmented="44494" macro-fragmented="0">
      <mem type="soa" free="3616392" total="7969792" percent="45" />
      <mem type="loa" free="418816" total="418816" percent="100" />
    </mem>
  </mem-info>
</gc-end>
<cycle-end id="193" type="global" contextid="186" timestamp="2019-08-02T22:45:08.299" />
  <attribute name="elasticGC enabled" value="1" />
  <attribute name= "numThreadsSpecified" value="0" />
  <attribute name="heapSize specified" value="8388608" />
  <attribute name= "numCores" value="8" />
  <attribute name ="GC Interval" value="0" />
  <attribute name ="Control flow" value="3" />
  <attribute name="GC Util Range Max" value="100" />
  <attribute name="Current GC Util" value="154" />
  <attribute name= "Current Time Running" value="921" />
<allocation-satisfied id="194" threadId="0000000000EE8300" bytesRequested="16392" />
<af-end id="195" timestamp="2019-08-02T22:45:08.300" threadId="0000000000EE8C88" success="true" />
<exclusive-end id="196" timestamp="2019-08-02T22:45:08.300" durationms="7.343" />

<exclusive-start id="197" timestamp="2019-08-02T22:45:08.332" intervalms="39.074">
  <response-info timems="0.044" idlems="0.044" threads="0" lastid="0000000000EF7300" lastname="Thread-10" />
</exclusive-start>
<af-start id="198" threadId="0000000000EF7C88" totalBytesRequested="2056" timestamp="2019-08-02T22:45:08.332" intervalms="39.067" />
<cycle-start id="199" type="global" contextid="0" timestamp="2019-08-02T22:45:08.332" intervalms="39.067" />
<gc-start id="200" type="global" contextid="199" timestamp="2019-08-02T22:45:08.332">
  <mem-info id="201" free="418816" total="8388608" percent="4">
    <mem type="tenure" free="418816" total="8388608" percent="4">
      <mem type="soa" free="0" total="7969792" percent="0" />
      <mem type="loa" free="418816" total="418816" percent="100" />
    </mem>
  </mem-info>
</gc-start>
<allocation-stats totalBytes="3516896" >
  <allocated-bytes non-tlh="952976" tlh="2563920" />
  <largest-consumer threadName="Thread-6" threadId="0000000000EE8300" bytes="767064" />
</allocation-stats>
<gc-op id="202" type="mark" timems="1.360" contextid="199" timestamp="2019-08-02T22:45:08.333">
  <trace-info objectcount="43575" scancount="35274" scanbytes="2086564" />
  <finalization candidates="25" enqueued="0" />
  <references type="soft" candidates="168" cleared="0" enqueued="0" dynamicThreshold="15" maxThreshold="32" />
  <references type="weak" candidates="277" cleared="0" enqueued="0" />
  <references type="phantom" candidates="100" cleared="0" enqueued="0" />
  <stringconstants candidates="3963" cleared="0"  />
</gc-op>
<gc-op id="203" type="sweep" timems="0.230" contextid="199" timestamp="2019-08-02T22:45:08.334" />
<gc-end id="204" type="global" contextid="199" durationms="2.212" usertimems="4.000" systemtimems="4.000" timestamp="2019-08-02T22:45:08.334" activeThreads="8">
  <mem-info id="205" free="3873024" total="8388608" percent="46">
    <mem type="tenure" free="3873024" total="8388608" percent="46" micro-fragmented="62427" macro-fragmented="0">
      <mem type="soa" free="3454208" total="7969792" percent="43" />
      <mem type="loa" free="418816" total="418816" percent="100" />
    </mem>
  </mem-info>
</gc-end>
<cycle-end id="206" type="global" contextid="199" timestamp="2019-08-02T22:45:08.334" />
  <attribute name="elasticGC enabled" value="1" />
  <attribute name= "numThreadsSpecified" value="0" />
  <attribute name="heapSize specified" value="8388608" />
  <attribute name= "numCores" value="8" />
  <attribute name ="GC Interval" value="0" />
  <attribute name ="Control flow" value="3" />
  <attribute name="GC Util Range Max" value="100" />
  <attribute name="Current GC Util" value="42" />
  <attribute name= "Current Time Running" value="957" />
<allocation-satisfied id="207" threadId="0000000000EF7300" bytesRequested="2056" />
<af-end id="208" timestamp="2019-08-02T22:45:08.334" threadId="0000000000EF7C88" success="true" />
<exclusive-end id="209" timestamp="2019-08-02T22:45:08.334" durationms="2.780" />

<exclusive-start id="210" timestamp="2019-08-02T22:45:08.387" intervalms="55.802">
  <response-info timems="0.075" idlems="0.075" threads="0" lastid="0000000000EE0C00" lastname="Thread-4" />
</exclusive-start>
<af-start id="211" threadId="0000000000EE1588" totalBytesRequested="48" timestamp="2019-08-02T22:45:08.388" intervalms="55.754" />
<cycle-start id="212" type="global" contextid="0" timestamp="2019-08-02T22:45:08.388" intervalms="55.758" />
<gc-start id="213" type="global" contextid="212" timestamp="2019-08-02T22:45:08.388">
  <mem-info id="214" free="418816" total="8388608" percent="4">
    <mem type="tenure" free="418816" total="8388608" percent="4">
      <mem type="soa" free="0" total="7969792" percent="0" />
      <mem type="loa" free="418816" total="418816" percent="100" />
    </mem>
  </mem-info>
</gc-start>
<allocation-stats totalBytes="3389248" >
  <allocated-bytes non-tlh="943800" tlh="2445448" />
  <largest-consumer threadName="Thread-9" threadId="0000000000EF3700" bytes="858768" />
</allocation-stats>
<heap-resize id="215" type="loa contract" space="tenure" amount="83968" count="1" timems="0.000" reason="contract underutilized loa" timestamp="2019-08-02T22:45:08.388" />
<gc-op id="216" type="mark" timems="1.312" contextid="212" timestamp="2019-08-02T22:45:08.389">
  <trace-info objectcount="43671" scancount="35280" scanbytes="2083420" />
  <finalization candidates="25" enqueued="0" />
  <references type="soft" candidates="168" cleared="75" enqueued="73" dynamicThreshold="14" maxThreshold="32" />
  <references type="weak" candidates="277" cleared="0" enqueued="0" />
  <references type="phantom" candidates="100" cleared="0" enqueued="0" />
  <stringconstants candidates="3963" cleared="0"  />
</gc-op>
<gc-op id="217" type="sweep" timems="0.261" contextid="212" timestamp="2019-08-02T22:45:08.390" />
<gc-end id="218" type="global" contextid="212" durationms="2.309" usertimems="4.000" systemtimems="0.000" timestamp="2019-08-02T22:45:08.390" activeThreads="8">
  <mem-info id="219" free="3758440" total="8388608" percent="44">
    <mem type="tenure" free="3758440" total="8388608" percent="44" micro-fragmented="37713" macro-fragmented="0">
      <mem type="soa" free="3423592" total="8053760" percent="42" />
      <mem type="loa" free="334848" total="334848" percent="100" />
    </mem>
    <pending-finalizers system="0" default="0" reference="73" classloader="0" />
  </mem-info>
</gc-end>
<cycle-end id="220" type="global" contextid="212" timestamp="2019-08-02T22:45:08.390" />
  <attribute name="elasticGC enabled" value="1" />
  <attribute name= "numThreadsSpecified" value="0" />
  <attribute name="heapSize specified" value="8388608" />
  <attribute name= "numCores" value="8" />
  <attribute name ="GC Interval" value="0" />
  <attribute name ="Control flow" value="2" />
  <attribute name="GC Util Range Max" value="100" />
  <attribute name="Current GC Util" value="35" />
  <attribute name= "Current Time Running" value="1012" />
<allocation-satisfied id="221" threadId="0000000000EE0C00" bytesRequested="48" />
<af-end id="222" timestamp="2019-08-02T22:45:08.390" threadId="0000000000EE1588" success="true" />
<exclusive-end id="223" timestamp="2019-08-02T22:45:08.390" durationms="2.905" />

<exclusive-start id="224" timestamp="2019-08-02T22:45:08.429" intervalms="41.158">
  <response-info timems="0.057" idlems="0.029" threads="1" lastid="0000000000BC6100" lastname="IProfiler" />
</exclusive-start>
<af-start id="225" threadId="0000000000EEC888" totalBytesRequested="8200" timestamp="2019-08-02T22:45:08.429" intervalms="41.216" />
<cycle-start id="226" type="global" contextid="0" timestamp="2019-08-02T22:45:08.429" intervalms="41.217" />
<gc-start id="227" type="global" contextid="226" timestamp="2019-08-02T22:45:08.429">
  <mem-info id="228" free="334848" total="8388608" percent="3">
    <mem type="tenure" free="334848" total="8388608" percent="3">
      <mem type="soa" free="0" total="8053760" percent="0" />
      <mem type="loa" free="334848" total="334848" percent="100" />
    </mem>
  </mem-info>
</gc-start>
<allocation-stats totalBytes="3343568" >
  <allocated-bytes non-tlh="1110688" tlh="2232880" />
  <largest-consumer threadName="Thread-4" threadId="0000000000EE0C00" bytes="863176" />
</allocation-stats>
<heap-resize id="229" type="loa contract" space="tenure" amount="83968" count="1" timems="0.000" reason="contract underutilized loa" timestamp="2019-08-02T22:45:08.429" />
<gc-op id="230" type="mark" timems="1.301" contextid="226" timestamp="2019-08-02T22:45:08.430">
  <trace-info objectcount="42557" scancount="34291" scanbytes="1984500" />
  <finalization candidates="25" enqueued="0" />
  <references type="soft" candidates="93" cleared="1" enqueued="0" dynamicThreshold="14" maxThreshold="32" />
  <references type="weak" candidates="278" cleared="0" enqueued="0" />
  <references type="phantom" candidates="100" cleared="0" enqueued="0" />
  <stringconstants candidates="3963" cleared="18"  />
</gc-op>
<gc-op id="231" type="sweep" timems="0.219" contextid="226" timestamp="2019-08-02T22:45:08.431" />
<mem-info id="232" free="4054008" total="8388608" percent="48">
  <mem type="tenure" free="4054008" total="8388608" percent="48" micro-fragmented="83821" macro-fragmented="0">
    <mem type="soa" free="3803128" total="8137728" percent="46" />
    <mem type="loa" free="250880" total="250880" percent="100" />
  </mem>
</mem-info>
<gc-op id="233" type="compact" timems="9.429" contextid="226" timestamp="2019-08-02T22:45:08.440">
  <compact-info movecount="36590" movebytes="3940336" reason="no compaction" />
</gc-op>
<gc-end id="234" type="global" contextid="226" durationms="11.562" usertimems="16.000" systemtimems="0.000" timestamp="2019-08-02T22:45:08.440" activeThreads="8">
  <mem-info id="235" free="4095728" total="8388608" percent="48">
    <mem type="tenure" free="4095728" total="8388608" percent="48">
      <mem type="soa" free="3844848" total="8137728" percent="47" />
      <mem type="loa" free="250880" total="250880" percent="100" />
    </mem>
  </mem-info>
</gc-end>
<cycle-end id="236" type="global" contextid="226" timestamp="2019-08-02T22:45:08.441" />
  <attribute name="elasticGC enabled" value="1" />
  <attribute name= "numThreadsSpecified" value="0" />
  <attribute name="heapSize specified" value="8388608" />
  <attribute name= "numCores" value="8" />
  <attribute name ="GC Interval" value="0" />
  <attribute name ="Control flow" value="3" />
  <attribute name="GC Util Range Max" value="100" />
  <attribute name="Current GC Util" value="21" />
  <attribute name= "Current Time Running" value="1063" />
<allocation-satisfied id="237" threadId="0000000000EEBF00" bytesRequested="8200" />
<af-end id="238" timestamp="2019-08-02T22:45:08.441" threadId="0000000000EEC888" success="true" />
<exclusive-end id="239" timestamp="2019-08-02T22:45:08.441" durationms="12.387" />

<exclusive-start id="240" timestamp="2019-08-02T22:45:08.488" intervalms="59.157">
  <response-info timems="0.087" idlems="0.087" threads="0" lastid="0000000000EE8300" lastname="Thread-6" />
</exclusive-start>
<af-start id="241" threadId="0000000000EE8C88" totalBytesRequested="32776" timestamp="2019-08-02T22:45:08.488" intervalms="59.148" />
<cycle-start id="242" type="global" contextid="0" timestamp="2019-08-02T22:45:08.488" intervalms="59.147" />
<gc-start id="243" type="global" contextid="242" timestamp="2019-08-02T22:45:08.488">
  <mem-info id="244" free="250880" total="8388608" percent="2">
    <mem type="tenure" free="250880" total="8388608" percent="2">
      <mem type="soa" free="0" total="8137728" percent="0" />
      <mem type="loa" free="250880" total="250880" percent="100" />
    </mem>
  </mem-info>
</gc-start>
<allocation-stats totalBytes="3825032" >
  <allocated-bytes non-tlh="32776" tlh="3792256" />
  <largest-consumer threadName="Thread-7" threadId="0000000000EEBF00" bytes="962456" />
</allocation-stats>
<heap-resize id="245" type="loa contract" space="tenure" amount="83968" count="1" timems="0.000" reason="contract underutilized loa" timestamp="2019-08-02T22:45:08.488" />
<gc-op id="246" type="mark" timems="5.123" contextid="242" timestamp="2019-08-02T22:45:08.493">
  <trace-info objectcount="43428" scancount="35039" scanbytes="2079600" />
  <finalization candidates="25" enqueued="0" />
  <references type="soft" candidates="92" cleared="0" enqueued="0" dynamicThreshold="15" maxThreshold="32" />
  <references type="weak" candidates="277" cleared="0" enqueued="0" />
  <references type="phantom" candidates="99" cleared="0" enqueued="0" />
  <stringconstants candidates="3945" cleared="0"  />
</gc-op>
<gc-op id="247" type="sweep" timems="1.662" contextid="242" timestamp="2019-08-02T22:45:08.495" />
<gc-end id="248" type="global" contextid="242" durationms="8.993" usertimems="16.000" systemtimems="0.000" timestamp="2019-08-02T22:45:08.497" activeThreads="8">
  <mem-info id="249" free="3787712" total="8388608" percent="45">
    <mem type="tenure" free="3787712" total="8388608" percent="45" micro-fragmented="25606" macro-fragmented="0">
      <mem type="soa" free="3620800" total="8221696" percent="44" />
      <mem type="loa" free="166912" total="166912" percent="100" />
    </mem>
  </mem-info>
</gc-end>
<cycle-end id="250" type="global" contextid="242" timestamp="2019-08-02T22:45:08.497" />
  <attribute name="elasticGC enabled" value="1" />
  <attribute name= "numThreadsSpecified" value="0" />
  <attribute name="heapSize specified" value="8388608" />
  <attribute name= "numCores" value="8" />
  <attribute name ="GC Interval" value="0" />
  <attribute name ="Control flow" value="2" />
  <attribute name="GC Util Range Max" value="100" />
  <attribute name="Current GC Util" value="151" />
  <attribute name= "Current Time Running" value="1118" />
<allocation-satisfied id="251" threadId="0000000000EE8300" bytesRequested="32776" />
<af-end id="252" timestamp="2019-08-02T22:45:08.498" threadId="0000000000EE8C88" success="true" />
<exclusive-end id="253" timestamp="2019-08-02T22:45:08.498" durationms="9.851" />

<exclusive-start id="254" timestamp="2019-08-02T22:45:08.572" intervalms="83.802">
  <response-info timems="0.047" idlems="0.047" threads="0" lastid="0000000000EDD000" lastname="Thread-3" />
</exclusive-start>
<af-start id="255" threadId="0000000000EDD988" totalBytesRequested="48" timestamp="2019-08-02T22:45:08.572" intervalms="83.770" />
<cycle-start id="256" type="global" contextid="0" timestamp="2019-08-02T22:45:08.572" intervalms="83.773" />
<gc-start id="257" type="global" contextid="256" timestamp="2019-08-02T22:45:08.572">
  <mem-info id="258" free="166912" total="8388608" percent="1">
    <mem type="tenure" free="166912" total="8388608" percent="1">
      <mem type="soa" free="0" total="8221696" percent="0" />
      <mem type="loa" free="166912" total="166912" percent="100" />
    </mem>
  </mem-info>
</gc-start>
<allocation-stats totalBytes="3613752" >
  <allocated-bytes non-tlh="903696" tlh="2710056" />
  <largest-consumer threadName="Thread-5" threadId="0000000000EE4800" bytes="913448" />
</allocation-stats>
<heap-resize id="259" type="loa contract" space="tenure" amount="83968" count="1" timems="0.000" reason="contract underutilized loa" timestamp="2019-08-02T22:45:08.572" />
<gc-op id="260" type="mark" timems="1.534" contextid="256" timestamp="2019-08-02T22:45:08.574">
  <trace-info objectcount="41414" scancount="33608" scanbytes="2040088" />
  <finalization candidates="25" enqueued="0" />
  <references type="soft" candidates="92" cleared="27" enqueued="23" dynamicThreshold="14" maxThreshold="32" />
  <references type="weak" candidates="277" cleared="0" enqueued="0" />
  <references type="phantom" candidates="100" cleared="0" enqueued="0" />
  <stringconstants candidates="3945" cleared="1"  />
</gc-op>
<gc-op id="261" type="sweep" timems="0.230" contextid="256" timestamp="2019-08-02T22:45:08.574" />
<gc-end id="262" type="global" contextid="256" durationms="2.617" usertimems="4.000" systemtimems="4.000" timestamp="2019-08-02T22:45:08.574" activeThreads="8">
  <mem-info id="263" free="3919880" total="8388608" percent="46">
    <mem type="tenure" free="3919880" total="8388608" percent="46" micro-fragmented="106134" macro-fragmented="0">
      <mem type="soa" free="3836936" total="8305664" percent="46" />
      <mem type="loa" free="82944" total="82944" percent="100" />
    </mem>
    <pending-finalizers system="0" default="0" reference="23" classloader="0" />
  </mem-info>
</gc-end>
<cycle-end id="264" type="global" contextid="256" timestamp="2019-08-02T22:45:08.575" />
  <attribute name="elasticGC enabled" value="1" />
  <attribute name= "numThreadsSpecified" value="0" />
  <attribute name="heapSize specified" value="8388608" />
  <attribute name= "numCores" value="8" />
  <attribute name ="GC Interval" value="0" />
  <attribute name ="Control flow" value="3" />
  <attribute name="GC Util Range Max" value="100" />
  <attribute name="Current GC Util" value="48" />
  <attribute name= "Current Time Running" value="1197" />
<allocation-satisfied id="265" threadId="0000000000EDD000" bytesRequested="48" />
<af-end id="266" timestamp="2019-08-02T22:45:08.575" threadId="0000000000EDD988" success="true" />
<exclusive-end id="267" timestamp="2019-08-02T22:45:08.575" durationms="3.113" />

<exclusive-start id="268" timestamp="2019-08-02T22:45:08.613" intervalms="41.437">
  <response-info timems="0.080" idlems="0.080" threads="0" lastid="0000000000EF3700" lastname="Thread-9" />
</exclusive-start>
<af-start id="269" threadId="0000000000EF4088" totalBytesRequested="8200" timestamp="2019-08-02T22:45:08.613" intervalms="41.435" />
<cycle-start id="270" type="global" contextid="0" timestamp="2019-08-02T22:45:08.613" intervalms="41.435" />
<gc-start id="271" type="global" contextid="270" timestamp="2019-08-02T22:45:08.613">
  <mem-info id="272" free="82944" total="8388608" percent="0">
    <mem type="tenure" free="82944" total="8388608" percent="0">
      <mem type="soa" free="0" total="8305664" percent="0" />
      <mem type="loa" free="82944" total="82944" percent="100" />
    </mem>
  </mem-info>
</gc-start>
<allocation-stats totalBytes="3757712" >
  <allocated-bytes non-tlh="940624" tlh="2817088" />
  <largest-consumer threadName="Thread-6" threadId="0000000000EE8300" bytes="1056896" />
</allocation-stats>
<gc-op id="273" type="mark" timems="1.304" contextid="270" timestamp="2019-08-02T22:45:08.615">
  <trace-info objectcount="40938" scancount="33216" scanbytes="2026932" />
  <finalization candidates="25" enqueued="0" />
  <references type="soft" candidates="65" cleared="0" enqueued="0" dynamicThreshold="14" maxThreshold="32" />
  <references type="weak" candidates="277" cleared="0" enqueued="0" />
  <references type="phantom" candidates="100" cleared="0" enqueued="0" />
  <stringconstants candidates="3944" cleared="0"  />
</gc-op>
<gc-op id="274" type="sweep" timems="0.206" contextid="270" timestamp="2019-08-02T22:45:08.615" />
<gc-end id="275" type="global" contextid="270" durationms="2.171" usertimems="4.000" systemtimems="4.000" timestamp="2019-08-02T22:45:08.615" activeThreads="8">
  <mem-info id="276" free="3978512" total="8388608" percent="47">
    <mem type="tenure" free="3978512" total="8388608" percent="47" micro-fragmented="40363" macro-fragmented="0">
      <mem type="soa" free="3895568" total="8305664" percent="46" />
      <mem type="loa" free="82944" total="82944" percent="100" />
    </mem>
  </mem-info>
</gc-end>
<cycle-end id="277" type="global" contextid="270" timestamp="2019-08-02T22:45:08.615" />
  <attribute name="elasticGC enabled" value="1" />
  <attribute name= "numThreadsSpecified" value="0" />
  <attribute name="heapSize specified" value="8388608" />
  <attribute name= "numCores" value="8" />
  <attribute name ="GC Interval" value="0" />
  <attribute name ="Control flow" value="2" />
  <attribute name="GC Util Range Max" value="100" />
  <attribute name="Current GC Util" value="34" />
  <attribute name= "Current Time Running" value="1238" />
<allocation-satisfied id="278" threadId="0000000000EF3700" bytesRequested="8200" />
<af-end id="279" timestamp="2019-08-02T22:45:08.616" threadId="0000000000EF4088" success="true" />
<exclusive-end id="280" timestamp="2019-08-02T22:45:08.616" durationms="2.664" />

<exclusive-start id="281" timestamp="2019-08-02T22:45:08.668" intervalms="55.357">
  <response-info timems="0.101" idlems="0.059" threads="1" lastid="0000000000BC6100" lastname="IProfiler" />
</exclusive-start>
<af-start id="282" threadId="0000000000EF4088" totalBytesRequested="40" timestamp="2019-08-02T22:45:08.668" intervalms="55.353" />
<cycle-start id="283" type="global" contextid="0" timestamp="2019-08-02T22:45:08.669" intervalms="55.353" />
<gc-start id="284" type="global" contextid="283" timestamp="2019-08-02T22:45:08.669">
  <mem-info id="285" free="82944" total="8388608" percent="0">
    <mem type="tenure" free="82944" total="8388608" percent="0">
      <mem type="soa" free="0" total="8305664" percent="0" />
      <mem type="loa" free="82944" total="82944" percent="100" />
    </mem>
  </mem-info>
</gc-start>
<allocation-stats totalBytes="3867488" >
  <allocated-bytes non-tlh="882080" tlh="2985408" />
  <largest-consumer threadName="Thread-10" threadId="0000000000EF7300" bytes="822264" />
</allocation-stats>
<gc-op id="286" type="mark" timems="1.279" contextid="283" timestamp="2019-08-02T22:45:08.670">
  <trace-info objectcount="41578" scancount="33742" scanbytes="2043780" />
  <finalization candidates="25" enqueued="0" />
  <references type="soft" candidates="65" cleared="0" enqueued="0" dynamicThreshold="15" maxThreshold="32" />
  <references type="weak" candidates="277" cleared="0" enqueued="0" />
  <references type="phantom" candidates="99" cleared="0" enqueued="0" />
  <stringconstants candidates="3944" cleared="0"  />
</gc-op>
<gc-op id="287" type="sweep" timems="0.226" contextid="283" timestamp="2019-08-02T22:45:08.670" />
<mem-info id="288" free="3810592" total="8388608" percent="45">
  <mem type="tenure" free="3810592" total="8388608" percent="45" micro-fragmented="67163" macro-fragmented="0">
    <mem type="soa" free="3727648" total="8305664" percent="44" />
    <mem type="loa" free="82944" total="82944" percent="100" />
  </mem>
</mem-info>
<gc-op id="289" type="compact" timems="9.135" contextid="283" timestamp="2019-08-02T22:45:08.680">
  <compact-info movecount="35590" movebytes="4186936" reason="no compaction" />
</gc-op>
<gc-end id="290" type="global" contextid="283" durationms="11.258" usertimems="24.000" systemtimems="0.000" timestamp="2019-08-02T22:45:08.680" activeThreads="8">
  <mem-info id="291" free="3848568" total="8388608" percent="45">
    <mem type="tenure" free="3848568" total="8388608" percent="45">
      <mem type="soa" free="3765624" total="8305664" percent="45" />
      <mem type="loa" free="82944" total="82944" percent="100" />
    </mem>
  </mem-info>
</gc-end>
<cycle-end id="292" type="global" contextid="283" timestamp="2019-08-02T22:45:08.680" />
  <attribute name="elasticGC enabled" value="1" />
  <attribute name= "numThreadsSpecified" value="0" />
  <attribute name="heapSize specified" value="8388608" />
  <attribute name= "numCores" value="8" />
  <attribute name ="GC Interval" value="0" />
  <attribute name ="Control flow" value="3" />
  <attribute name="GC Util Range Max" value="100" />
  <attribute name="Current GC Util" value="23" />
  <attribute name= "Current Time Running" value="1303" />
<allocation-satisfied id="293" threadId="0000000000EF3700" bytesRequested="40" />
<af-end id="294" timestamp="2019-08-02T22:45:08.680" threadId="0000000000EF4088" success="true" />
<exclusive-end id="295" timestamp="2019-08-02T22:45:08.680" durationms="11.857" />

<exclusive-start id="296" timestamp="2019-08-02T22:45:08.729" intervalms="61.038">
  <response-info timems="0.085" idlems="0.085" threads="0" lastid="0000000000EE8300" lastname="Thread-6" />
</exclusive-start>
<af-start id="297" threadId="0000000000EE8C88" totalBytesRequested="48" timestamp="2019-08-02T22:45:08.729" intervalms="61.046" />
<cycle-start id="298" type="global" contextid="0" timestamp="2019-08-02T22:45:08.730" intervalms="61.045" />
<gc-start id="299" type="global" contextid="298" timestamp="2019-08-02T22:45:08.730">
  <mem-info id="300" free="82944" total="8388608" percent="0">
    <mem type="tenure" free="82944" total="8388608" percent="0">
      <mem type="soa" free="0" total="8305664" percent="0" />
      <mem type="loa" free="82944" total="82944" percent="100" />
    </mem>
  </mem-info>
</gc-start>
<allocation-stats totalBytes="3822456" >
  <allocated-bytes non-tlh="0" tlh="3822456" />
  <largest-consumer threadName="Thread-8" threadId="0000000000EEFB00" bytes="1245288" />
</allocation-stats>
<gc-op id="301" type="mark" timems="4.611" contextid="298" timestamp="2019-08-02T22:45:08.734">
  <trace-info objectcount="41376" scancount="33561" scanbytes="2039284" />
  <finalization candidates="25" enqueued="0" />
  <references type="soft" candidates="65" cleared="0" enqueued="0" dynamicThreshold="14" maxThreshold="32" />
  <references type="weak" candidates="278" cleared="0" enqueued="0" />
  <references type="phantom" candidates="101" cleared="0" enqueued="0" />
  <stringconstants candidates="3944" cleared="0"  />
</gc-op>
<gc-op id="302" type="sweep" timems="1.931" contextid="298" timestamp="2019-08-02T22:45:08.736" />
<mem-info id="303" free="3853792" total="8388608" percent="45">
  <mem type="tenure" free="3853792" total="8388608" percent="45" micro-fragmented="7945" macro-fragmented="0">
    <mem type="soa" free="3770848" total="8305664" percent="45" />
    <mem type="loa" free="82944" total="82944" percent="100" />
  </mem>
</mem-info>
<gc-op id="304" type="compact" timems="10.188" contextid="298" timestamp="2019-08-02T22:45:08.747">
  <compact-info movecount="13449" movebytes="2601056" reason="no compaction" />
</gc-op>
<gc-end id="305" type="global" contextid="298" durationms="18.111" usertimems="48.000" systemtimems="8.000" timestamp="2019-08-02T22:45:08.748" activeThreads="8">
  <mem-info id="306" free="3852672" total="8388608" percent="45">
    <mem type="tenure" free="3852672" total="8388608" percent="45">
      <mem type="soa" free="3769728" total="8305664" percent="45" />
      <mem type="loa" free="82944" total="82944" percent="100" />
    </mem>
  </mem-info>
</gc-end>
<cycle-end id="307" type="global" contextid="298" timestamp="2019-08-02T22:45:08.748" />
  <attribute name="elasticGC enabled" value="1" />
  <attribute name= "numThreadsSpecified" value="0" />
  <attribute name="heapSize specified" value="8388608" />
  <attribute name= "numCores" value="8" />
  <attribute name ="GC Interval" value="0" />
  <attribute name ="Control flow" value="2" />
  <attribute name="GC Util Range Max" value="100" />
  <attribute name="Current GC Util" value="86" />
  <attribute name= "Current Time Running" value="1370" />
<allocation-satisfied id="308" threadId="0000000000EE8300" bytesRequested="48" />
<af-end id="309" timestamp="2019-08-02T22:45:08.748" threadId="0000000000EE8C88" success="true" />
<exclusive-end id="310" timestamp="2019-08-02T22:45:08.748" durationms="18.874" />

<exclusive-start id="311" timestamp="2019-08-02T22:45:08.805" intervalms="75.152">
  <response-info timems="0.056" idlems="0.056" threads="0" lastid="0000000000EE0C00" lastname="Thread-4" />
</exclusive-start>
<af-start id="312" threadId="0000000000EE1588" totalBytesRequested="16392" timestamp="2019-08-02T22:45:08.805" intervalms="75.223" />
<cycle-start id="313" type="global" contextid="0" timestamp="2019-08-02T22:45:08.805" intervalms="75.217" />
<gc-start id="314" type="global" contextid="313" timestamp="2019-08-02T22:45:08.805">
  <mem-info id="315" free="82944" total="8388608" percent="0">
    <mem type="tenure" free="82944" total="8388608" percent="0">
      <mem type="soa" free="0" total="8305664" percent="0" />
      <mem type="loa" free="82944" total="82944" percent="100" />
    </mem>
  </mem-info>
</gc-start>
<allocation-stats totalBytes="3774000" >
  <allocated-bytes non-tlh="65552" tlh="3708448" />
  <largest-consumer threadName="Thread-6" threadId="0000000000EE8300" bytes="837784" />
</allocation-stats>
<gc-op id="316" type="mark" timems="1.486" contextid="313" timestamp="2019-08-02T22:45:08.806">
  <trace-info objectcount="40746" scancount="33034" scanbytes="1955380" />
  <finalization candidates="25" enqueued="0" />
  <references type="soft" candidates="65" cleared="0" enqueued="0" dynamicThreshold="14" maxThreshold="32" />
  <references type="weak" candidates="277" cleared="0" enqueued="0" />
  <references type="phantom" candidates="99" cleared="0" enqueued="0" />
  <stringconstants candidates="3944" cleared="0"  />
</gc-op>
<gc-op id="317" type="sweep" timems="0.255" contextid="313" timestamp="2019-08-02T22:45:08.807" />
<mem-info id="318" free="4164248" total="8388608" percent="49">
  <mem type="tenure" free="4164248" total="8388608" percent="49" micro-fragmented="19854" macro-fragmented="0">
    <mem type="soa" free="4081304" total="8305664" percent="49" />
    <mem type="loa" free="82944" total="82944" percent="100" />
  </mem>
</mem-info>
<gc-op id="319" type="compact" timems="7.355" contextid="313" timestamp="2019-08-02T22:45:08.814">
  <compact-info movecount="22646" movebytes="2871024" reason="no compaction" />
</gc-op>
<gc-end id="320" type="global" contextid="313" durationms="9.745" usertimems="16.000" systemtimems="0.000" timestamp="2019-08-02T22:45:08.815" activeThreads="8">
  <mem-info id="321" free="4144144" total="8388608" percent="49">
    <mem type="tenure" free="4144144" total="8388608" percent="49">
      <mem type="soa" free="4061200" total="8305664" percent="48" />
      <mem type="loa" free="82944" total="82944" percent="100" />
    </mem>
  </mem-info>
</gc-end>
<cycle-end id="322" type="global" contextid="313" timestamp="2019-08-02T22:45:08.815" />
  <attribute name="elasticGC enabled" value="1" />
  <attribute name= "numThreadsSpecified" value="0" />
  <attribute name="heapSize specified" value="8388608" />
  <attribute name= "numCores" value="8" />
  <attribute name ="GC Interval" value="0" />
  <attribute name ="Control flow" value="3" />
  <attribute name="GC Util Range Max" value="100" />
  <attribute name="Current GC Util" value="106" />
  <attribute name= "Current Time Running" value="1437" />
<allocation-satisfied id="323" threadId="0000000000EE0C00" bytesRequested="16392" />
<af-end id="324" timestamp="2019-08-02T22:45:08.815" threadId="0000000000EE1588" success="true" />
<exclusive-end id="325" timestamp="2019-08-02T22:45:08.815" durationms="10.561" />

<exclusive-start id="326" timestamp="2019-08-02T22:45:08.871" intervalms="66.928">
  <response-info timems="0.089" idlems="0.089" threads="0" lastid="0000000000EF3700" lastname="Thread-9" />
</exclusive-start>
<af-start id="327" threadId="0000000000EF4088" totalBytesRequested="48" timestamp="2019-08-02T22:45:08.872" intervalms="66.885" />
<cycle-start id="328" type="global" contextid="0" timestamp="2019-08-02T22:45:08.872" intervalms="66.895" />
<gc-start id="329" type="global" contextid="328" timestamp="2019-08-02T22:45:08.872">
  <mem-info id="330" free="82944" total="8388608" percent="0">
    <mem type="tenure" free="82944" total="8388608" percent="0">
      <mem type="soa" free="0" total="8305664" percent="0" />
      <mem type="loa" free="82944" total="82944" percent="100" />
    </mem>
  </mem-info>
</gc-start>
<allocation-stats totalBytes="4056488" >
  <allocated-bytes non-tlh="131104" tlh="3925384" />
  <largest-consumer threadName="Thread-7" threadId="0000000000EEBF00" bytes="969736" />
</allocation-stats>
<gc-op id="331" type="mark" timems="1.153" contextid="328" timestamp="2019-08-02T22:45:08.873">
  <trace-info objectcount="40960" scancount="33141" scanbytes="1956168" />
  <finalization candidates="25" enqueued="0" />
  <references type="soft" candidates="65" cleared="0" enqueued="0" dynamicThreshold="15" maxThreshold="32" />
  <references type="weak" candidates="278" cleared="0" enqueued="0" />
  <references type="phantom" candidates="100" cleared="0" enqueued="0" />
  <stringconstants candidates="3944" cleared="0"  />
</gc-op>
<gc-op id="332" type="sweep" timems="0.237" contextid="328" timestamp="2019-08-02T22:45:08.873" />
<gc-end id="333" type="global" contextid="328" durationms="1.973" usertimems="4.000" systemtimems="4.000" timestamp="2019-08-02T22:45:08.874" activeThreads="8">
  <mem-info id="334" free="4104904" total="8388608" percent="48">
    <mem type="tenure" free="4104904" total="8388608" percent="48" micro-fragmented="32530" macro-fragmented="0">
      <mem type="soa" free="4021960" total="8305664" percent="48" />
      <mem type="loa" free="82944" total="82944" percent="100" />
    </mem>
  </mem-info>
</gc-end>
<cycle-end id="335" type="global" contextid="328" timestamp="2019-08-02T22:45:08.874" />
  <attribute name="elasticGC enabled" value="1" />
  <attribute name= "numThreadsSpecified" value="0" />
  <attribute name="heapSize specified" value="8388608" />
  <attribute name= "numCores" value="8" />
  <attribute name ="GC Interval" value="0" />
  <attribute name ="Control flow" value="2" />
  <attribute name="GC Util Range Max" value="100" />
  <attribute name="Current GC Util" value="66" />
  <attribute name= "Current Time Running" value="1496" />
<allocation-satisfied id="336" threadId="0000000000EF3700" bytesRequested="48" />
<af-end id="337" timestamp="2019-08-02T22:45:08.874" threadId="0000000000EF4088" success="true" />
<exclusive-end id="338" timestamp="2019-08-02T22:45:08.874" durationms="2.501" />

<exclusive-start id="339" timestamp="2019-08-02T22:45:08.919" intervalms="47.050">
  <response-info timems="0.048" idlems="0.048" threads="0" lastid="0000000000EF7300" lastname="Thread-10" />
</exclusive-start>
<af-start id="340" threadId="0000000000EF7C88" totalBytesRequested="16392" timestamp="2019-08-02T22:45:08.919" intervalms="47.019" />
<cycle-start id="341" type="global" contextid="0" timestamp="2019-08-02T22:45:08.919" intervalms="47.021" />
<gc-start id="342" type="global" contextid="341" timestamp="2019-08-02T22:45:08.919">
  <mem-info id="343" free="98552" total="8388608" percent="1">
    <mem type="tenure" free="98552" total="8388608" percent="1">
      <mem type="soa" free="15608" total="8305664" percent="0" />
      <mem type="loa" free="82944" total="82944" percent="100" />
    </mem>
  </mem-info>
</gc-start>
<allocation-stats totalBytes="3994920" >
  <allocated-bytes non-tlh="751960" tlh="3242960" />
  <largest-consumer threadName="Thread-10" threadId="0000000000EF7300" bytes="1345144" />
</allocation-stats>
<gc-op id="344" type="mark" timems="1.069" contextid="341" timestamp="2019-08-02T22:45:08.920">
  <trace-info objectcount="40262" scancount="32569" scanbytes="1869920" />
  <finalization candidates="25" enqueued="0" />
  <references type="soft" candidates="65" cleared="0" enqueued="0" dynamicThreshold="15" maxThreshold="32" />
  <references type="weak" candidates="278" cleared="0" enqueued="0" />
  <references type="phantom" candidates="100" cleared="0" enqueued="0" />
  <stringconstants candidates="3944" cleared="0"  />
</gc-op>
<gc-op id="345" type="sweep" timems="0.226" contextid="341" timestamp="2019-08-02T22:45:08.920" />
<mem-info id="346" free="4310416" total="8388608" percent="51">
  <mem type="tenure" free="4310416" total="8388608" percent="51" micro-fragmented="59239" macro-fragmented="0">
    <mem type="soa" free="4227472" total="8305664" percent="50" />
    <mem type="loa" free="82944" total="82944" percent="100" />
  </mem>
</mem-info>
<gc-op id="347" type="compact" timems="4.912" contextid="341" timestamp="2019-08-02T22:45:08.925">
  <compact-info movecount="12337" movebytes="2126688" reason="no compaction" />
</gc-op>
<gc-end id="348" type="global" contextid="341" durationms="6.836" usertimems="20.000" systemtimems="0.000" timestamp="2019-08-02T22:45:08.926" activeThreads="8">
  <mem-info id="349" free="4343512" total="8388608" percent="51">
    <mem type="tenure" free="4343512" total="8388608" percent="51">
      <mem type="soa" free="4260568" total="8305664" percent="51" />
      <mem type="loa" free="82944" total="82944" percent="100" />
    </mem>
  </mem-info>
</gc-end>
<cycle-end id="350" type="global" contextid="341" timestamp="2019-08-02T22:45:08.926" />
  <attribute name="elasticGC enabled" value="1" />
  <attribute name= "numThreadsSpecified" value="0" />
  <attribute name="heapSize specified" value="8388608" />
  <attribute name= "numCores" value="8" />
  <attribute name ="GC Interval" value="0" />
  <attribute name ="Control flow" value="2" />
  <attribute name="GC Util Range Max" value="100" />
  <attribute name="Current GC Util" value="40" />
  <attribute name= "Current Time Running" value="1548" />
<allocation-satisfied id="351" threadId="0000000000EF7300" bytesRequested="16392" />
<af-end id="352" timestamp="2019-08-02T22:45:08.926" threadId="0000000000EF7C88" success="true" />
<exclusive-end id="353" timestamp="2019-08-02T22:45:08.926" durationms="7.517" />

<exclusive-start id="354" timestamp="2019-08-02T22:45:08.992" intervalms="73.616">
  <response-info timems="0.076" idlems="0.040" threads="1" lastid="0000000000EF7300" lastname="Thread-10" />
</exclusive-start>
<af-start id="355" threadId="0000000000EE1588" totalBytesRequested="16392" timestamp="2019-08-02T22:45:08.992" intervalms="73.617" />
<cycle-start id="356" type="global" contextid="0" timestamp="2019-08-02T22:45:08.992" intervalms="73.618" />
<gc-start id="357" type="global" contextid="356" timestamp="2019-08-02T22:45:08.992">
  <mem-info id="358" free="82944" total="8388608" percent="0">
    <mem type="tenure" free="82944" total="8388608" percent="0">
      <mem type="soa" free="0" total="8305664" percent="0" />
      <mem type="loa" free="82944" total="82944" percent="100" />
    </mem>
  </mem-info>
</gc-start>
<allocation-stats totalBytes="4198888" >
  <allocated-bytes non-tlh="114728" tlh="4084160" />
  <largest-consumer threadName="Thread-9" threadId="0000000000EF3700" bytes="779632" />
</allocation-stats>
<gc-op id="359" type="mark" timems="1.617" contextid="356" timestamp="2019-08-02T22:45:08.994">
  <trace-info objectcount="40894" scancount="33140" scanbytes="1990332" />
  <finalization candidates="25" enqueued="0" />
  <references type="soft" candidates="65" cleared="0" enqueued="0" dynamicThreshold="16" maxThreshold="32" />
  <references type="weak" candidates="277" cleared="0" enqueued="0" />
  <references type="phantom" candidates="99" cleared="0" enqueued="0" />
  <stringconstants candidates="3944" cleared="0"  />
</gc-op>
<gc-op id="360" type="sweep" timems="0.310" contextid="356" timestamp="2019-08-02T22:45:08.995" />
<mem-info id="361" free="4088856" total="8388608" percent="48">
  <mem type="tenure" free="4088856" total="8388608" percent="48" micro-fragmented="47154" macro-fragmented="0">
    <mem type="soa" free="4005912" total="8305664" percent="48" />
    <mem type="loa" free="82944" total="82944" percent="100" />
  </mem>
</mem-info>
<gc-op id="362" type="compact" timems="6.672" contextid="356" timestamp="2019-08-02T22:45:09.001">
  <compact-info movecount="12969" movebytes="2355680" reason="no compaction" />
</gc-op>
<gc-end id="363" type="global" contextid="356" durationms="9.420" usertimems="20.000" systemtimems="0.000" timestamp="2019-08-02T22:45:09.002" activeThreads="8">
  <mem-info id="364" free="4089952" total="8388608" percent="48">
    <mem type="tenure" free="4089952" total="8388608" percent="48">
      <mem type="soa" free="4007008" total="8305664" percent="48" />
      <mem type="loa" free="82944" total="82944" percent="100" />
    </mem>
  </mem-info>
</gc-end>
<cycle-end id="365" type="global" contextid="356" timestamp="2019-08-02T22:45:09.002" />
  <attribute name="elasticGC enabled" value="1" />
  <attribute name= "numThreadsSpecified" value="0" />
  <attribute name="heapSize specified" value="8388608" />
  <attribute name= "numCores" value="8" />
  <attribute name ="GC Interval" value="0" />
  <attribute name ="Control flow" value="2" />
  <attribute name="GC Util Range Max" value="100" />
  <attribute name="Current GC Util" value="75" />
  <attribute name= "Current Time Running" value="1624" />
<allocation-satisfied id="366" threadId="0000000000EE0C00" bytesRequested="16392" />
<af-end id="367" timestamp="2019-08-02T22:45:09.002" threadId="0000000000EE1588" success="true" />
<exclusive-end id="368" timestamp="2019-08-02T22:45:09.002" durationms="10.203" />

<exclusive-start id="369" timestamp="2019-08-02T22:45:09.042" intervalms="49.443">
  <response-info timems="0.062" idlems="0.062" threads="0" lastid="0000000000EDD000" lastname="Thread-3" />
</exclusive-start>
<af-start id="370" threadId="0000000000EDD988" totalBytesRequested="16392" timestamp="2019-08-02T22:45:09.042" intervalms="49.498" />
<cycle-start id="371" type="global" contextid="0" timestamp="2019-08-02T22:45:09.042" intervalms="49.499" />
<gc-start id="372" type="global" contextid="371" timestamp="2019-08-02T22:45:09.042">
  <mem-info id="373" free="82944" total="8388608" percent="0">
    <mem type="tenure" free="82944" total="8388608" percent="0">
      <mem type="soa" free="0" total="8305664" percent="0" />
      <mem type="loa" free="82944" total="82944" percent="100" />
    </mem>
  </mem-info>
</gc-start>
<allocation-stats totalBytes="3920624" >
  <allocated-bytes non-tlh="196656" tlh="3723968" />
  <largest-consumer threadName="Thread-3" threadId="0000000000EDD000" bytes="940112" />
</allocation-stats>
<gc-op id="374" type="mark" timems="1.805" contextid="371" timestamp="2019-08-02T22:45:09.044">
  <trace-info objectcount="40206" scancount="32521" scanbytes="1951756" />
  <finalization candidates="25" enqueued="0" />
  <references type="soft" candidates="65" cleared="0" enqueued="0" dynamicThreshold="15" maxThreshold="32" />
  <references type="weak" candidates="277" cleared="0" enqueued="0" />
  <references type="phantom" candidates="99" cleared="0" enqueued="0" />
  <stringconstants candidates="3944" cleared="0"  />
</gc-op>
<gc-op id="375" type="sweep" timems="0.501" contextid="371" timestamp="2019-08-02T22:45:09.044" />
<mem-info id="376" free="4234952" total="8388608" percent="50">
  <mem type="tenure" free="4234952" total="8388608" percent="50" micro-fragmented="22291" macro-fragmented="0">
    <mem type="soa" free="4152008" total="8305664" percent="49" />
    <mem type="loa" free="82944" total="82944" percent="100" />
  </mem>
</mem-info>
<gc-op id="377" type="compact" timems="5.969" contextid="371" timestamp="2019-08-02T22:45:09.051">
  <compact-info movecount="12281" movebytes="2226576" reason="no compaction" />
</gc-op>
<gc-end id="378" type="global" contextid="371" durationms="9.176" usertimems="16.000" systemtimems="4.000" timestamp="2019-08-02T22:45:09.051" activeThreads="8">
  <mem-info id="379" free="4194480" total="8388608" percent="50">
    <mem type="tenure" free="4194480" total="8388608" percent="50">
      <mem type="soa" free="4111536" total="8305664" percent="49" />
      <mem type="loa" free="82944" total="82944" percent="100" />
    </mem>
  </mem-info>
</gc-end>
<cycle-end id="380" type="global" contextid="371" timestamp="2019-08-02T22:45:09.051" />
  <attribute name="elasticGC enabled" value="1" />
  <attribute name= "numThreadsSpecified" value="0" />
  <attribute name="heapSize specified" value="8388608" />
  <attribute name= "numCores" value="8" />
  <attribute name ="GC Interval" value="0" />
  <attribute name ="Control flow" value="2" />
  <attribute name="GC Util Range Max" value="100" />
  <attribute name="Current GC Util" value="57" />
  <attribute name= "Current Time Running" value="1674" />
<allocation-satisfied id="381" threadId="0000000000EDD000" bytesRequested="16392" />
<af-end id="382" timestamp="2019-08-02T22:45:09.051" threadId="0000000000EDD988" success="true" />
<exclusive-end id="383" timestamp="2019-08-02T22:45:09.051" durationms="9.905" />

<exclusive-start id="384" timestamp="2019-08-02T22:45:09.113" intervalms="71.867">
  <response-info timems="0.083" idlems="0.083" threads="0" lastid="0000000000EF3700" lastname="Thread-9" />
</exclusive-start>
<af-start id="385" threadId="0000000000EF4088" totalBytesRequested="32776" timestamp="2019-08-02T22:45:09.114" intervalms="71.866" />
<cycle-start id="386" type="global" contextid="0" timestamp="2019-08-02T22:45:09.114" intervalms="71.857" />
<gc-start id="387" type="global" contextid="386" timestamp="2019-08-02T22:45:09.114">
  <mem-info id="388" free="82944" total="8388608" percent="0">
    <mem type="tenure" free="82944" total="8388608" percent="0">
      <mem type="soa" free="0" total="8305664" percent="0" />
      <mem type="loa" free="82944" total="82944" percent="100" />
    </mem>
  </mem-info>
</gc-start>
<allocation-stats totalBytes="4139776" >
  <allocated-bytes non-tlh="131104" tlh="4008672" />
  <largest-consumer threadName="Thread-7" threadId="0000000000EEBF00" bytes="961584" />
</allocation-stats>
<gc-op id="389" type="mark" timems="1.050" contextid="386" timestamp="2019-08-02T22:45:09.115">
  <trace-info objectcount="41020" scancount="33204" scanbytes="2027252" />
  <finalization candidates="25" enqueued="0" />
  <references type="soft" candidates="65" cleared="0" enqueued="0" dynamicThreshold="16" maxThreshold="32" />
  <references type="weak" candidates="278" cleared="0" enqueued="0" />
  <references type="phantom" candidates="100" cleared="0" enqueued="0" />
  <stringconstants candidates="3944" cleared="0"  />
</gc-op>
<gc-op id="390" type="sweep" timems="0.277" contextid="386" timestamp="2019-08-02T22:45:09.115" />
<gc-end id="391" type="global" contextid="386" durationms="1.891" usertimems="8.000" systemtimems="0.000" timestamp="2019-08-02T22:45:09.116" activeThreads="8">
  <mem-info id="392" free="3896952" total="8388608" percent="46">
    <mem type="tenure" free="3896952" total="8388608" percent="46" micro-fragmented="28918" macro-fragmented="0">
      <mem type="soa" free="3814008" total="8305664" percent="45" />
      <mem type="loa" free="82944" total="82944" percent="100" />
    </mem>
  </mem-info>
</gc-end>
<cycle-end id="393" type="global" contextid="386" timestamp="2019-08-02T22:45:09.116" />
  <attribute name="elasticGC enabled" value="1" />
  <attribute name= "numThreadsSpecified" value="0" />
  <attribute name="heapSize specified" value="8388608" />
  <attribute name= "numCores" value="8" />
  <attribute name ="GC Interval" value="0" />
  <attribute name ="Control flow" value="2" />
  <attribute name="GC Util Range Max" value="100" />
  <attribute name="Current GC Util" value="56" />
  <attribute name= "Current Time Running" value="1738" />
<allocation-satisfied id="394" threadId="0000000000EF3700" bytesRequested="32776" />
<af-end id="395" timestamp="2019-08-02T22:45:09.116" threadId="0000000000EF4088" success="true" />
<exclusive-end id="396" timestamp="2019-08-02T22:45:09.116" durationms="2.553" />

<exclusive-start id="397" timestamp="2019-08-02T22:45:09.166" intervalms="52.826">
  <response-info timems="0.048" idlems="0.048" threads="0" lastid="0000000000EF3700" lastname="Thread-9" />
</exclusive-start>
<af-start id="398" threadId="0000000000EF4088" totalBytesRequested="48" timestamp="2019-08-02T22:45:09.166" intervalms="52.813" />
<cycle-start id="399" type="global" contextid="0" timestamp="2019-08-02T22:45:09.166" intervalms="52.810" />
<gc-start id="400" type="global" contextid="399" timestamp="2019-08-02T22:45:09.167">
  <mem-info id="401" free="82944" total="8388608" percent="0">
    <mem type="tenure" free="82944" total="8388608" percent="0">
      <mem type="soa" free="0" total="8305664" percent="0" />
      <mem type="loa" free="82944" total="82944" percent="100" />
    </mem>
  </mem-info>
</gc-start>
<allocation-stats totalBytes="3795160" >
  <allocated-bytes non-tlh="718280" tlh="3076880" />
  <largest-consumer threadName="Thread-8" threadId="0000000000EEFB00" bytes="971360" />
</allocation-stats>
<gc-op id="402" type="mark" timems="1.093" contextid="399" timestamp="2019-08-02T22:45:09.168">
  <trace-info objectcount="41014" scancount="33157" scanbytes="1955360" />
  <finalization candidates="25" enqueued="0" />
  <references type="soft" candidates="65" cleared="0" enqueued="0" dynamicThreshold="14" maxThreshold="32" />
  <references type="weak" candidates="277" cleared="0" enqueued="0" />
  <references type="phantom" candidates="99" cleared="0" enqueued="0" />
  <stringconstants candidates="3944" cleared="0"  />
</gc-op>
<gc-op id="403" type="sweep" timems="0.265" contextid="399" timestamp="2019-08-02T22:45:09.168" />
<mem-info id="404" free="4060688" total="8388608" percent="48">
  <mem type="tenure" free="4060688" total="8388608" percent="48" micro-fragmented="61417" macro-fragmented="0">
    <mem type="soa" free="3977744" total="8305664" percent="47" />
    <mem type="loa" free="82944" total="82944" percent="100" />
  </mem>
</mem-info>
<gc-op id="405" type="compact" timems="5.338" contextid="399" timestamp="2019-08-02T22:45:09.174">
  <compact-info movecount="13089" movebytes="2368048" reason="no compaction" />
</gc-op>
<gc-end id="406" type="global" contextid="399" durationms="7.421" usertimems="12.000" systemtimems="0.000" timestamp="2019-08-02T22:45:09.174" activeThreads="8">
  <mem-info id="407" free="4053008" total="8388608" percent="48">
    <mem type="tenure" free="4053008" total="8388608" percent="48">
      <mem type="soa" free="3970064" total="8305664" percent="47" />
      <mem type="loa" free="82944" total="82944" percent="100" />
    </mem>
  </mem-info>
</gc-end>
<cycle-end id="408" type="global" contextid="399" timestamp="2019-08-02T22:45:09.174" />
  <attribute name="elasticGC enabled" value="1" />
  <attribute name= "numThreadsSpecified" value="0" />
  <attribute name="heapSize specified" value="8388608" />
  <attribute name= "numCores" value="8" />
  <attribute name ="GC Interval" value="0" />
  <attribute name ="Control flow" value="3" />
  <attribute name="GC Util Range Max" value="100" />
  <attribute name="Current GC Util" value="31" />
  <attribute name= "Current Time Running" value="1797" />
<allocation-satisfied id="409" threadId="0000000000EF3700" bytesRequested="48" />
<af-end id="410" timestamp="2019-08-02T22:45:09.174" threadId="0000000000EF4088" success="true" />
<exclusive-end id="411" timestamp="2019-08-02T22:45:09.174" durationms="8.154" />

<exclusive-start id="412" timestamp="2019-08-02T22:45:09.220" intervalms="53.622">
  <response-info timems="0.039" idlems="0.039" threads="0" lastid="0000000000EEFB00" lastname="Thread-8" />
</exclusive-start>
<af-start id="413" threadId="0000000000EF0488" totalBytesRequested="16392" timestamp="2019-08-02T22:45:09.220" intervalms="53.587" />
<cycle-start id="414" type="global" contextid="0" timestamp="2019-08-02T22:45:09.220" intervalms="53.587" />
<gc-start id="415" type="global" contextid="414" timestamp="2019-08-02T22:45:09.220">
  <mem-info id="416" free="82944" total="8388608" percent="0">
    <mem type="tenure" free="82944" total="8388608" percent="0">
      <mem type="soa" free="0" total="8305664" percent="0" />
      <mem type="loa" free="82944" total="82944" percent="100" />
    </mem>
  </mem-info>
</gc-start>
<allocation-stats totalBytes="3997208" >
  <allocated-bytes non-tlh="65552" tlh="3931656" />
  <largest-consumer threadName="Thread-10" threadId="0000000000EF7300" bytes="859064" />
</allocation-stats>
<gc-op id="417" type="mark" timems="1.036" contextid="414" timestamp="2019-08-02T22:45:09.221">
  <trace-info objectcount="35278" scancount="28482" scanbytes="1349580" />
  <finalization candidates="25" enqueued="0" />
  <references type="soft" candidates="59" cleared="0" enqueued="0" dynamicThreshold="15" maxThreshold="32" />
  <references type="weak" candidates="258" cleared="0" enqueued="0" />
  <references type="phantom" candidates="100" cleared="7" enqueued="7" />
  <stringconstants candidates="3944" cleared="0"  />
</gc-op>
<gc-op id="418" type="sweep" timems="0.626" contextid="414" timestamp="2019-08-02T22:45:09.222" />
<gc-end id="419" type="global" contextid="414" durationms="2.211" usertimems="4.000" systemtimems="8.000" timestamp="2019-08-02T22:45:09.222" activeThreads="8">
  <mem-info id="420" free="5467920" total="8388608" percent="65">
    <mem type="tenure" free="5467920" total="8388608" percent="65" micro-fragmented="13706" macro-fragmented="0">
      <mem type="soa" free="5384976" total="8305664" percent="64" />
      <mem type="loa" free="82944" total="82944" percent="100" />
    </mem>
    <pending-finalizers system="0" default="0" reference="7" classloader="0" />
  </mem-info>
</gc-end>
<cycle-end id="421" type="global" contextid="414" timestamp="2019-08-02T22:45:09.222" />
  <attribute name="elasticGC enabled" value="1" />
  <attribute name= "numThreadsSpecified" value="0" />
  <attribute name="heapSize specified" value="8388608" />
  <attribute name= "numCores" value="8" />
  <attribute name ="GC Interval" value="0" />
  <attribute name ="Control flow" value="3" />
  <attribute name="GC Util Range Max" value="100" />
  <attribute name="Current GC Util" value="218" />
  <attribute name= "Current Time Running" value="1845" />
<allocation-satisfied id="422" threadId="0000000000EEFB00" bytesRequested="16392" />
<af-end id="423" timestamp="2019-08-02T22:45:09.223" threadId="0000000000EF0488" success="true" />
<exclusive-end id="424" timestamp="2019-08-02T22:45:09.223" durationms="2.673" />

</verbosegc>

