<?xml version="1.0" ?>

<verbosegc xmlns="http://www.ibm.com/j9/verbosegc" version="10b4217_CMPRSS">

<initialized id="1" timestamp="2019-06-16T01:53:14.848">
  <attribute name="gcPolicy" value="-Xgcpolicy:optthruput" />
  <attribute name="elasticGC enabled" value="1" />
  <attribute name= "numThreadsSpecified" value="0" />
  <attribute name="heapSize specified" value="0" />
  <attribute name="Current GC Util" value="0" />
  <attribute name= "Current Time Running" value="0" />
  <attribute name ="GC Interval" value="0" />
  <attribute name="ProportionalT" value="0.000000" />
  <attribute name="ProportionalI" value="0.000000" />
  <attribute name="ProportionalH" value="0.000000" />
  <attribute name="IntegralT" value="0.000000" />
  <attribute name="IntegralI" value="0.000000" />
  <attribute name="IntegralH" value="0.000000" />
  <attribute name="DerivativeT" value="0.000000" />
  <attribute name="DerivativeI" value="0.000000" />
  <attribute name="DerivativeH" value="0.000000" />
  <attribute name="Target GC Util Change" value ="0.000000" />
  <attribute name="Current GC Util Change" value="0.000000"/>
  <attribute name="Current Error" value="0.000000" />
  <attribute name="Loop Time for DT" value="0.000000" />
  <attribute name="Output H" value="0"/>
  <attribute name="Output I" value="0"/>
  <attribute name="Output T" value="0"/>
  <attribute name="GC Util currently" value="0" />
  <attribute name="CPU Util currently" value="0" />
  <attribute name="maxHeapSize" value="0x7cbc0000" />
  <attribute name="initialHeapSize" value="0x800000" />
  <attribute name="compressedRefs" value="true" />
  <attribute name="compressedRefsDisplacement" value="0x0" />
  <attribute name="compressedRefsShift" value="0x0" />
  <attribute name="pageSize" value="0x1000" />
  <attribute name="pageType" value="not used" />
  <attribute name="requestedPageSize" value="0x1000" />
  <attribute name="requestedPageType" value="not used" />
  <attribute name="gcthreads" value="4" />
  <attribute name="packetListSplit" value="4" />
  <attribute name="cacheListSplit" value="4" />
  <attribute name="splitFreeListSplitAmount" value="1" />
  <attribute name="numaNodes" value="0" />
  <system>
    <attribute name="physicalMemory" value="8370958336" />
    <attribute name="numCPUs" value="4" />
    <attribute name="architecture" value="amd64" />
    <attribute name="os" value="Linux" />
    <attribute name="osVersion" value="4.4.0-150-generic" />
  </system>
  <vmargs>
    <vmarg name="-Xoptionsfile=/vagrant/jdk/lib/options.default" />
    <vmarg name="-Xlockword:mode=default,noLockword=java/lang/String,noLockword=java/util/MapEntry,noLockword=java/util/HashMap$Entry,noLockword..." />
    <vmarg name="-Xjcl:jclse29" />
    <vmarg name="-Dcom.ibm.oti.vm.bootstrap.library.path=/vagrant/jdk/lib/compressedrefs:/vagrant/jdk/lib" />
    <vmarg name="-Dsun.boot.library.path=/vagrant/jdk/lib/compressedrefs:/vagrant/jdk/lib" />
    <vmarg name="-Djava.library.path=/vagrant/jdk/lib/compressedrefs:/vagrant/jdk/lib:/usr/lib64:/usr/lib" />
    <vmarg name="-Djava.home=/vagrant/jdk" />
    <vmarg name="-Duser.dir=/vagrant" />
    <vmarg name="-Xgcpolicy:optthruput" />
    <vmarg name="-Xgcelastic" />
    <vmarg name="-Xcheck:gc:::elasticGC" />
    <vmarg name="-verbose:gc" />
    <vmarg name="-Xloggc:jdk1.5-1-1-default-OTT-4CORE-elasticverbose16sunflow.txt" />
    <vmarg name="-Djava.class.path=dacapo-9.12-MR1-bach.jar" />
    <vmarg name="-Dsun.java.command=dacapo-9.12-MR1-bach.jar sunflow --size=default" />
    <vmarg name="-Dsun.java.launcher=SUN_STANDARD" />
    <vmarg name="-Dsun.java.launcher.pid=21068" />
  </vmargs>
</initialized>

<exclusive-start id="2" timestamp="2019-06-16T01:53:15.392" intervalms="544.396">
  <response-info timems="0.028" idlems="0.028" threads="0" lastid="0000000000C0E700" lastname="main" />
</exclusive-start>
<sys-start reason="explicit" id="3" timestamp="2019-06-16T01:53:15.392" intervalms="544.632" />
<cycle-start id="4" type="global" contextid="0" timestamp="2019-06-16T01:53:15.392" intervalms="544.842" />
<gc-start id="5" type="global" contextid="4" timestamp="2019-06-16T01:53:15.393">
  <mem-info id="6" free="2311928" total="8388608" percent="27">
    <mem type="tenure" free="2311928" total="8388608" percent="27">
      <mem type="soa" free="1893112" total="7969792" percent="23" />
      <mem type="loa" free="418816" total="418816" percent="100" />
    </mem>
  </mem-info>
</gc-start>
<allocation-stats totalBytes="6071704" >
  <allocated-bytes non-tlh="1222920" tlh="4848784" />
  <largest-consumer threadName="main" threadId="0000000000C0E700" bytes="6001400" />
</allocation-stats>
<gc-op id="7" type="mark" timems="2.181" contextid="4" timestamp="2019-06-16T01:53:15.395">
  <trace-info objectcount="30230" scancount="24280" scanbytes="764956" />
  <finalization candidates="125" enqueued="1" />
  <ownableSynchronizers candidates="3" cleared="0" />
  <references type="soft" candidates="131" cleared="0" enqueued="0" dynamicThreshold="32" maxThreshold="32" />
  <references type="weak" candidates="1322" cleared="569" enqueued="479" />
  <references type="phantom" candidates="106" cleared="42" enqueued="42" />
  <stringconstants candidates="3958" cleared="0"  />
</gc-op>
<gc-op id="8" type="classunload" timems="0.071" contextid="4" timestamp="2019-06-16T01:53:15.395">
  <classunload-info classloadercandidates="7" classloadersunloaded="0" classesunloaded="0" anonymousclassesunloaded="0" quiescems="0.000" setupms="0.070" scanms="0.001" postms="0.000" />
</gc-op>
<gc-op id="9" type="sweep" timems="0.561" contextid="4" timestamp="2019-06-16T01:53:15.396" />
<mem-info id="10" free="6021776" total="8388608" percent="71">
  <mem type="tenure" free="6021776" total="8388608" percent="71" micro-fragmented="386761" macro-fragmented="0">
    <mem type="soa" free="5602960" total="7969792" percent="70" />
    <mem type="loa" free="418816" total="418816" percent="100" />
  </mem>
  <pending-finalizers system="1" default="0" reference="521" classloader="0" />
</mem-info>
<gc-op id="11" type="compact" timems="8.192" contextid="4" timestamp="2019-06-16T01:53:15.404">
  <compact-info movecount="30229" movebytes="1858752" reason="compact to aid heap contraction" />
</gc-op>
<heap-resize id="12" type="expand" space="tenure" amount="2084241408" count="1" timems="0.090" reason="satisfy allocation request" timestamp="2019-06-16T01:53:15.405" />
<gc-end id="13" type="global" contextid="4" durationms="12.032" usertimems="0.000" systemtimems="16.000" timestamp="2019-06-16T01:53:15.405" activeThreads="4">
  <mem-info id="14" free="2090771176" total="2092630016" percent="99">
    <mem type="tenure" free="2090771176" total="2092630016" percent="99">
      <mem type="soa" free="1986139880" total="1987998720" percent="99" />
      <mem type="loa" free="104631296" total="104631296" percent="100" />
    </mem>
    <pending-finalizers system="1" default="0" reference="521" classloader="0" />
  </mem-info>
</gc-end>
<cycle-end id="15" type="global" contextid="4" timestamp="2019-06-16T01:53:15.405" />
  <attribute name="elasticGC enabled" value="1" />
  <attribute name= "numThreadsSpecified" value="4" />
  <attribute name="heapSize specified" value="8388608" />
  <attribute name="Current GC Util" value="26" />
  <attribute name= "Current Time Running" value="442" />
  <attribute name ="GC Interval" value="0" />
  <attribute name="ProportionalT" value="9.000000" />
  <attribute name="ProportionalI" value="9.000000" />
  <attribute name="ProportionalH" value="9.000000" />
  <attribute name="Current Error" value="6.000000" />
  <attribute name="IntegralT" value="-8349.000000" />
  <attribute name="IntegralI" value="-8349.000000" />
  <attribute name="IntegralH" value="-8349.000000" />
  <attribute name="DerivativeT" value="0.750000" />
  <attribute name="DerivativeI" value="0.750000" />
  <attribute name="DerivativeH" value="0.750000" />
  <attribute name="Loop Time for DT" value="8.000000" />
  <attribute name="Output H" value="2092630016"/>
  <attribute name="Output I" value="200"/>
  <attribute name="Output T" value="4"/>
  <attribute name="Target GC Util Change" value ="20.000000" />
  <attribute name="Current GC Util Change" value="26.000000"/>
  <attribute name="GC Util currently" value="26" />
  <attribute name="CPU Util currently" value="16" />
<sys-end id="16" timestamp="2019-06-16T01:53:15.405" />
<exclusive-end id="17" timestamp="2019-06-16T01:53:15.405" durationms="12.908" />

<exclusive-start id="18" timestamp="2019-06-16T01:53:17.288" intervalms="1895.985">
  <response-info timems="0.219" idlems="0.173" threads="3" lastid="0000000000F5C100" lastname="Thread-9" />
</exclusive-start>
<af-start id="19" threadId="0000000000F60688" totalBytesRequested="24" timestamp="2019-06-16T01:53:17.288" intervalms="2440.523" />
<cycle-start id="20" type="global" contextid="0" timestamp="2019-06-16T01:53:17.288" intervalms="1895.784" />
<gc-start id="21" type="global" contextid="20" timestamp="2019-06-16T01:53:17.288">
  <mem-info id="22" free="104631296" total="2092630016" percent="4">
    <mem type="tenure" free="104631296" total="2092630016" percent="4">
      <mem type="soa" free="0" total="1987998720" percent="0" />
      <mem type="loa" free="104631296" total="104631296" percent="100" />
    </mem>
  </mem-info>
</gc-start>
<allocation-stats totalBytes="1985917976" >
  <allocated-bytes non-tlh="1656056" tlh="1984261920" />
  <largest-consumer threadName="Thread-9" threadId="0000000000F5C100" bytes="554507528" />
</allocation-stats>
<gc-op id="23" type="mark" timems="5.269" contextid="20" timestamp="2019-06-16T01:53:17.294">
  <trace-info objectcount="72633" scancount="64183" scanbytes="2429592" />
  <finalization candidates="124" enqueued="0" />
  <ownableSynchronizers candidates="3" cleared="0" />
  <references type="soft" candidates="148" cleared="0" enqueued="0" dynamicThreshold="31" maxThreshold="32" />
  <references type="weak" candidates="798" cleared="29" enqueued="28" />
  <references type="phantom" candidates="65" cleared="2" enqueued="2" />
  <stringconstants candidates="4598" cleared="1"  />
</gc-op>
<gc-op id="24" type="sweep" timems="1.752" contextid="20" timestamp="2019-06-16T01:53:17.296" />
<mem-info id="25" free="2086990736" total="2092630016" percent="99">
  <mem type="tenure" free="2086990736" total="2092630016" percent="99" micro-fragmented="1027720" macro-fragmented="0">
    <mem type="soa" free="1982359440" total="1987998720" percent="99" />
    <mem type="loa" free="104631296" total="104631296" percent="100" />
  </mem>
  <pending-finalizers system="0" default="0" reference="30" classloader="0" />
</mem-info>
<gc-op id="26" type="compact" timems="14.663" contextid="20" timestamp="2019-06-16T01:53:17.311">
  <compact-info movecount="72010" movebytes="4332632" reason="compact to aid heap contraction" />
</gc-op>
<gc-end id="27" type="global" contextid="20" durationms="22.694" usertimems="64.000" systemtimems="4.000" timestamp="2019-06-16T01:53:17.311" activeThreads="4">
  <mem-info id="28" free="2088165992" total="2092630016" percent="99">
    <mem type="tenure" free="2088165992" total="2092630016" percent="99">
      <mem type="soa" free="1983534696" total="1987998720" percent="99" />
      <mem type="loa" free="104631296" total="104631296" percent="100" />
    </mem>
    <pending-finalizers system="0" default="0" reference="30" classloader="0" />
  </mem-info>
</gc-end>
<cycle-end id="29" type="global" contextid="20" timestamp="2019-06-16T01:53:17.311" />
  <attribute name="elasticGC enabled" value="1" />
  <attribute name= "numThreadsSpecified" value="4" />
  <attribute name="heapSize specified" value="2092630016" />
  <attribute name="Current GC Util" value="148" />
  <attribute name= "Current Time Running" value="2348" />
  <attribute name ="GC Interval" value="0" />
  <attribute name="ProportionalT" value="192.000000" />
  <attribute name="ProportionalI" value="192.000000" />
  <attribute name="ProportionalH" value="192.000000" />
  <attribute name="Current Error" value="128.000000" />
  <attribute name="IntegralT" value="1792.000000" />
  <attribute name="IntegralI" value="1792.000000" />
  <attribute name="IntegralH" value="1792.000000" />
  <attribute name="DerivativeT" value="0.000000" />
  <attribute name="DerivativeI" value="0.000000" />
  <attribute name="DerivativeH" value="0.000000" />
  <attribute name="Loop Time for DT" value="14.000000" />
  <attribute name="Output H" value="8388608"/>
  <attribute name="Output I" value="1984"/>
  <attribute name="Output T" value="4"/>
  <attribute name="Target GC Util Change" value ="20.000000" />
  <attribute name="Current GC Util Change" value="148.000000"/>
  <attribute name="GC Util currently" value="148" />
  <attribute name="CPU Util currently" value="311000239217" />
<allocation-satisfied id="30" threadId="0000000000F5FD00" bytesRequested="24" />
<af-end id="31" timestamp="2019-06-16T01:53:17.312" threadId="0000000000F60688" success="true" />
<exclusive-end id="32" timestamp="2019-06-16T01:53:17.312" durationms="23.741" />

</verbosegc>

