<?xml version="1.0" ?>

<verbosegc xmlns="http://www.ibm.com/j9/verbosegc" version="10b4217_CMPRSS">

<initialized id="1" timestamp="2019-06-17T06:42:38.172">
  <attribute name="gcPolicy" value="-Xgcpolicy:optthruput" />
  <attribute name="elasticGC enabled" value="1" />
  <attribute name= "numThreadsSpecified" value="0" />
  <attribute name="heapSize specified" value="0" />
  <attribute name="Current GC Util" value="0" />
  <attribute name= "Current Time Running" value="0" />
  <attribute name ="GC Interval" value="0" />
  <attribute name="ProportionalT" value="0.000000" />
  <attribute name="ProportionalI" value="0.000000" />
  <attribute name="ProportionalH" value="0.000000" />
  <attribute name="IntegralT" value="0.000000" />
  <attribute name="IntegralI" value="0.000000" />
  <attribute name="IntegralH" value="0.000000" />
  <attribute name="DerivativeT" value="0.000000" />
  <attribute name="DerivativeI" value="0.000000" />
  <attribute name="DerivativeH" value="0.000000" />
  <attribute name="Target GC Util Change" value ="0.000000" />
  <attribute name="Current GC Util Change" value="0.000000"/>
  <attribute name="Current Error" value="0.000000" />
  <attribute name="Loop Time for DT" value="0.000000" />
  <attribute name="Output H" value="0"/>
  <attribute name="Output I" value="0"/>
  <attribute name="Output T" value="0"/>
  <attribute name="GC Util currently" value="0" />
  <attribute name="CPU Util currently" value="0" />
  <attribute name="maxHeapSize" value="0x7cbc0000" />
  <attribute name="initialHeapSize" value="0x800000" />
  <attribute name="compressedRefs" value="true" />
  <attribute name="compressedRefsDisplacement" value="0x0" />
  <attribute name="compressedRefsShift" value="0x0" />
  <attribute name="pageSize" value="0x1000" />
  <attribute name="pageType" value="not used" />
  <attribute name="requestedPageSize" value="0x1000" />
  <attribute name="requestedPageType" value="not used" />
  <attribute name="gcthreads" value="4" />
  <attribute name="packetListSplit" value="4" />
  <attribute name="cacheListSplit" value="4" />
  <attribute name="splitFreeListSplitAmount" value="1" />
  <attribute name="numaNodes" value="0" />
  <system>
    <attribute name="physicalMemory" value="8370962432" />
    <attribute name="numCPUs" value="4" />
    <attribute name="architecture" value="amd64" />
    <attribute name="os" value="Linux" />
    <attribute name="osVersion" value="4.4.0-148-generic" />
  </system>
  <vmargs>
    <vmarg name="-Xoptionsfile=/vagrant/jdk/lib/options.default" />
    <vmarg name="-Xlockword:mode=default,noLockword=java/lang/String,noLockword=java/util/MapEntry,noLockword=java/util/HashMap$Entry,noLockword..." />
    <vmarg name="-Xjcl:jclse29" />
    <vmarg name="-Dcom.ibm.oti.vm.bootstrap.library.path=/vagrant/jdk/lib/compressedrefs:/vagrant/jdk/lib" />
    <vmarg name="-Dsun.boot.library.path=/vagrant/jdk/lib/compressedrefs:/vagrant/jdk/lib" />
    <vmarg name="-Djava.library.path=/vagrant/jdk/lib/compressedrefs:/vagrant/jdk/lib:/usr/lib64:/usr/lib" />
    <vmarg name="-Djava.home=/vagrant/jdk" />
    <vmarg name="-Duser.dir=/vagrant" />
    <vmarg name="-Xgcpolicy:optthruput" />
    <vmarg name="-Xgcelastic" />
    <vmarg name="-Xcheck:gc:::elasticGC" />
    <vmarg name="-verbose:gc" />
    <vmarg name="-Xloggc:default-OPTTHRUPUT-jdk-1-1-1-verbose9sunflow.txt" />
    <vmarg name="-Djava.class.path=dacapo-9.12-MR1-bach.jar" />
    <vmarg name="-Dsun.java.command=dacapo-9.12-MR1-bach.jar sunflow --size=default" />
    <vmarg name="-Dsun.java.launcher=SUN_STANDARD" />
    <vmarg name="-Dsun.java.launcher.pid=20930" />
  </vmargs>
</initialized>

<exclusive-start id="2" timestamp="2019-06-17T06:42:38.632" intervalms="459.752">
  <response-info timems="0.075" idlems="0.075" threads="0" lastid="00000000018B0700" lastname="main" />
</exclusive-start>
<sys-start reason="explicit" id="3" timestamp="2019-06-17T06:42:38.632" intervalms="460.006" />
<cycle-start id="4" type="global" contextid="0" timestamp="2019-06-17T06:42:38.632" intervalms="460.298" />
<gc-start id="5" type="global" contextid="4" timestamp="2019-06-17T06:42:38.633">
  <mem-info id="6" free="2311928" total="8388608" percent="27">
    <mem type="tenure" free="2311928" total="8388608" percent="27">
      <mem type="soa" free="1893112" total="7969792" percent="23" />
      <mem type="loa" free="418816" total="418816" percent="100" />
    </mem>
  </mem-info>
</gc-start>
<allocation-stats totalBytes="6073368" >
  <allocated-bytes non-tlh="1222920" tlh="4850448" />
  <largest-consumer threadName="main" threadId="00000000018B0700" bytes="6000904" />
</allocation-stats>
<gc-op id="7" type="mark" timems="2.601" contextid="4" timestamp="2019-06-17T06:42:38.636">
  <trace-info objectcount="30231" scancount="24285" scanbytes="764972" />
  <finalization candidates="125" enqueued="1" />
  <ownableSynchronizers candidates="3" cleared="0" />
  <references type="soft" candidates="131" cleared="0" enqueued="0" dynamicThreshold="32" maxThreshold="32" />
  <references type="weak" candidates="1322" cleared="569" enqueued="479" />
  <references type="phantom" candidates="106" cleared="42" enqueued="42" />
  <stringconstants candidates="3958" cleared="0"  />
</gc-op>
<gc-op id="8" type="classunload" timems="0.098" contextid="4" timestamp="2019-06-17T06:42:38.636">
  <classunload-info classloadercandidates="7" classloadersunloaded="0" classesunloaded="0" anonymousclassesunloaded="0" quiescems="0.000" setupms="0.098" scanms="0.000" postms="0.000" />
</gc-op>
<gc-op id="9" type="sweep" timems="0.627" contextid="4" timestamp="2019-06-17T06:42:38.636" />
<mem-info id="10" free="6019728" total="8388608" percent="71">
  <mem type="tenure" free="6019728" total="8388608" percent="71" micro-fragmented="384912" macro-fragmented="0">
    <mem type="soa" free="5600912" total="7969792" percent="70" />
    <mem type="loa" free="418816" total="418816" percent="100" />
  </mem>
  <pending-finalizers system="1" default="0" reference="521" classloader="0" />
</mem-info>
<gc-op id="11" type="compact" timems="6.391" contextid="4" timestamp="2019-06-17T06:42:38.643">
  <compact-info movecount="30230" movebytes="1858768" reason="compact to aid heap contraction" />
</gc-op>
<heap-resize id="12" type="expand" space="tenure" amount="2084241408" count="1" timems="0.108" reason="satisfy allocation request" timestamp="2019-06-17T06:42:38.644" />
<gc-end id="13" type="global" contextid="4" durationms="11.013" usertimems="12.000" systemtimems="4.000" timestamp="2019-06-17T06:42:38.644" activeThreads="4">
  <mem-info id="14" free="2090771160" total="2092630016" percent="99">
    <mem type="tenure" free="2090771160" total="2092630016" percent="99">
      <mem type="soa" free="1986139864" total="1987998720" percent="99" />
      <mem type="loa" free="104631296" total="104631296" percent="100" />
    </mem>
    <pending-finalizers system="1" default="0" reference="521" classloader="0" />
  </mem-info>
</gc-end>
<cycle-end id="15" type="global" contextid="4" timestamp="2019-06-17T06:42:38.644" />
  <attribute name="elasticGC enabled" value="1" />
  <attribute name= "numThreadsSpecified" value="4" />
  <attribute name="heapSize specified" value="8388608" />
  <attribute name="Current GC Util" value="31" />
  <attribute name= "Current Time Running" value="357" />
  <attribute name ="GC Interval" value="0" />
  <attribute name="ProportionalT" value="11.000000" />
  <attribute name="ProportionalI" value="11.000000" />
  <attribute name="ProportionalH" value="11.000000" />
  <attribute name="Current Error" value="11.000000" />
  <attribute name="IntegralT" value="-6647.000000" />
  <attribute name="IntegralI" value="-6647.000000" />
  <attribute name="IntegralH" value="-6647.000000" />
  <attribute name="DerivativeT" value="1.571429" />
  <attribute name="DerivativeI" value="1.571429" />
  <attribute name="DerivativeH" value="1.571429" />
  <attribute name="Loop Time for DT" value="7.000000" />
  <attribute name="Output H" value="2092630016"/>
  <attribute name="Output I" value="200"/>
  <attribute name="Output T" value="4"/>
  <attribute name="Target GC Util Change" value ="20.000000" />
  <attribute name="Current GC Util Change" value="31.000000"/>
  <attribute name="GC Util currently" value="31" />
  <attribute name="CPU Util currently" value="710311823524" />
<sys-end id="16" timestamp="2019-06-17T06:42:38.644" />
<exclusive-end id="17" timestamp="2019-06-17T06:42:38.644" durationms="12.100" />

<exclusive-start id="18" timestamp="2019-06-17T06:42:40.605" intervalms="1972.586">
  <response-info timems="0.073" idlems="0.059" threads="1" lastid="0000000001C01D00" lastname="Thread-7" />
</exclusive-start>
<af-start id="19" threadId="0000000001C09E88" totalBytesRequested="40" timestamp="2019-06-17T06:42:40.605" intervalms="2432.498" />
<cycle-start id="20" type="global" contextid="0" timestamp="2019-06-17T06:42:40.605" intervalms="1972.340" />
<gc-start id="21" type="global" contextid="20" timestamp="2019-06-17T06:42:40.605">
  <mem-info id="22" free="104631296" total="2092630016" percent="4">
    <mem type="tenure" free="104631296" total="2092630016" percent="4">
      <mem type="soa" free="0" total="1987998720" percent="0" />
      <mem type="loa" free="104631296" total="104631296" percent="100" />
    </mem>
  </mem-info>
</gc-start>
<allocation-stats totalBytes="1985840040" >
  <allocated-bytes non-tlh="1725616" tlh="1984114424" />
  <largest-consumer threadName="Thread-9" threadId="0000000001C09500" bytes="556451024" />
</allocation-stats>
<gc-op id="23" type="mark" timems="9.354" contextid="20" timestamp="2019-06-17T06:42:40.614">
  <trace-info objectcount="68432" scancount="59971" scanbytes="2229936" />
  <finalization candidates="124" enqueued="0" />
  <ownableSynchronizers candidates="3" cleared="0" />
  <references type="soft" candidates="148" cleared="0" enqueued="0" dynamicThreshold="31" maxThreshold="32" />
  <references type="weak" candidates="798" cleared="29" enqueued="28" />
  <references type="phantom" candidates="65" cleared="2" enqueued="2" />
  <stringconstants candidates="4598" cleared="1"  />
</gc-op>
<gc-op id="24" type="sweep" timems="2.400" contextid="20" timestamp="2019-06-17T06:42:40.617" />
<mem-info id="25" free="2087237664" total="2092630016" percent="99">
  <mem type="tenure" free="2087237664" total="2092630016" percent="99" micro-fragmented="927857" macro-fragmented="0">
    <mem type="soa" free="1982606368" total="1987998720" percent="99" />
    <mem type="loa" free="104631296" total="104631296" percent="100" />
  </mem>
  <pending-finalizers system="0" default="0" reference="30" classloader="0" />
</mem-info>
<gc-op id="26" type="compact" timems="16.166" contextid="20" timestamp="2019-06-17T06:42:40.634">
  <compact-info movecount="67809" movebytes="4132992" reason="compact to aid heap contraction" />
</gc-op>
<gc-end id="27" type="global" contextid="20" durationms="29.221" usertimems="72.000" systemtimems="4.000" timestamp="2019-06-17T06:42:40.634" activeThreads="4">
  <mem-info id="28" free="2088365632" total="2092630016" percent="99">
    <mem type="tenure" free="2088365632" total="2092630016" percent="99">
      <mem type="soa" free="1983734336" total="1987998720" percent="99" />
      <mem type="loa" free="104631296" total="104631296" percent="100" />
    </mem>
    <pending-finalizers system="0" default="0" reference="30" classloader="0" />
  </mem-info>
</gc-end>
<cycle-end id="29" type="global" contextid="20" timestamp="2019-06-17T06:42:40.634" />
  <attribute name="elasticGC enabled" value="1" />
  <attribute name= "numThreadsSpecified" value="4" />
  <attribute name="heapSize specified" value="2092630016" />
  <attribute name="Current GC Util" value="106" />
  <attribute name= "Current Time Running" value="2347" />
  <attribute name ="GC Interval" value="0" />
  <attribute name="ProportionalT" value="86.000000" />
  <attribute name="ProportionalI" value="86.000000" />
  <attribute name="ProportionalH" value="86.000000" />
  <attribute name="Current Error" value="86.000000" />
  <attribute name="IntegralT" value="1376.000000" />
  <attribute name="IntegralI" value="1376.000000" />
  <attribute name="IntegralH" value="1376.000000" />
  <attribute name="DerivativeT" value="0.375000" />
  <attribute name="DerivativeI" value="0.375000" />
  <attribute name="DerivativeH" value="0.375000" />
  <attribute name="Loop Time for DT" value="16.000000" />
  <attribute name="Output H" value="8388608"/>
  <attribute name="Output I" value="1464"/>
  <attribute name="Output T" value="4"/>
  <attribute name="Target GC Util Change" value ="20.000000" />
  <attribute name="Current GC Util Change" value="106.000000"/>
  <attribute name="GC Util currently" value="106" />
  <attribute name="CPU Util currently" value="5" />
<allocation-satisfied id="30" threadId="0000000001C09500" bytesRequested="40" />
<af-end id="31" timestamp="2019-06-17T06:42:40.635" threadId="0000000001C09E88" success="true" />
<exclusive-end id="32" timestamp="2019-06-17T06:42:40.635" durationms="30.509" />

</verbosegc>

