
<?xml version="1.0" ?>

<verbosegc xmlns="http://www.ibm.com/j9/verbosegc" version="6fe7bac_CMPRSS">

<gc check installed>
<initialized id="1" timestamp="2019-08-09T00:16:29.691">
  <attribute name="gcPolicy" value="-Xgcpolicy:balanced" />
  <attribute name="elasticGC enabled" value="1" />
  <attribute name= "numThreadsSpecified" value="0" />
  <attribute name="heapSize specified" value="0" />
  <attribute name="Current GC Util" value="0" />
  <attribute name= "Current Time Running" value="0" />
  <attribute name ="GC Interval" value="0" />
  <attribute name="Target GC Util Change" value ="0.000000" />
  <attribute name="Current GC Util Change" value="0.000000"/>
  <attribute name="Current Error" value="0.000000" />
  <attribute name="Output H" value="0"/>
  <attribute name="Output I" value="0"/>
  <attribute name="Output T" value="0"/>
  <attribute name= "Current Time Running" value="0" />
  <attribute name="GC Util currently" value="0" />
  <attribute name="CPU Util currently" value="0" />
  <attribute name="maxHeapSize" value="0xfa800000" />
  <attribute name="initialHeapSize" value="0x800000" />
  <attribute name="compressedRefs" value="true" />
  <attribute name="compressedRefsDisplacement" value="0x0" />
  <attribute name="compressedRefsShift" value="0x3" />
  <attribute name="pageSize" value="0x1000" />
  <attribute name="pageType" value="not used" />
  <attribute name="requestedPageSize" value="0x1000" />
  <attribute name="requestedPageType" value="not used" />
  <attribute name="gcthreads" value="16" />
  <attribute name="packetListSplit" value="16" />
  <attribute name="cacheListSplit" value="16" />
  <attribute name="splitFreeListSplitAmount" value="2" />
  <attribute name="numaNodes" value="0" />
  <region>
    <attribute name="regionSize" value="2097152" />
    <attribute name="regionCount" value="2004" />
    <attribute name="arrayletLeafSize" value="2097152" />
  </region>
  <system>
    <attribute name="physicalMemory" value="16815001600" />
    <attribute name="numCPUs" value="16" />
    <attribute name="architecture" value="amd64" />
    <attribute name="os" value="Linux" />
    <attribute name="osVersion" value="4.15.0" />
  </system>
  <vmargs>
    <vmarg name="-Xoptionsfile=/jdk/lib/options.default" />
    <vmarg name="-Xlockword:mode=default,noLockword=java/lang/String,noLockword=java/util/MapEntry,noLockword=java/util/HashMap$Entry,noLockword..." />
    <vmarg name="-Xjcl:jclse29" />
    <vmarg name="-Dcom.ibm.oti.vm.bootstrap.library.path=/jdk/lib/compressedrefs:/jdk/lib" />
    <vmarg name="-Dsun.boot.library.path=/jdk/lib/compressedrefs:/jdk/lib" />
    <vmarg name="-Djava.library.path=/jdk/lib/compressedrefs:/jdk/lib:/usr/lib64:/usr/lib" />
    <vmarg name="-Djava.home=/jdk" />
    <vmarg name="-Duser.dir=/" />
    <vmarg name="-Xgcelastic" />
    <vmarg name="-Xcheck:gc:::elasticGC" />
    <vmarg name="-Xgcpolicy:balanced" />
    <vmarg name="-verbose:gc" />
    <vmarg name="-Djava.class.path=dacapo-9.12-MR1-bach.jar" />
    <vmarg name="-Dsun.java.command=dacapo-9.12-MR1-bach.jar avrora jython pmd sunflow xalan --size=large" />
    <vmarg name="-Dsun.java.launcher=SUN_STANDARD" />
    <vmarg name="-Dsun.java.launcher.pid=1" />
  </vmargs>
</initialized>

<exclusive-start id="2" timestamp="2019-08-09T00:16:29.964" intervalms="272.668">
  <response-info timems="0.047" idlems="0.047" threads="0" lastid="0000000001FF0F00" lastname="main" />
</exclusive-start>
<sys-start reason="explicit" id="3" timestamp="2019-08-09T00:16:29.964" intervalms="272.715" />
<cycle-start id="4" type="global garbage collect" contextid="0" timestamp="2019-08-09T00:16:29.964" intervalms="272.791" />
<gc-start id="5" type="global garbage collect" contextid="4" timestamp="2019-08-09T00:16:29.964">
  <mem-info id="6" free="2318184" total="8388608" percent="27">
    <mem type="eden" free="221032" total="6291456" percent="3" />
    <remembered-set count="0" freebytes="335360" totalbytes="335360" percent="100" regionsoverflowed="0" regionsstable="0" regionsrebuilding="0"/>
  </mem-info>
</gc-start>
<allocation-stats totalBytes="6052832" >
  <allocated-bytes non-tlh="455456" tlh="5597376" arrayletleaf="0"/>
  <largest-consumer threadName="main" threadId="0000000001FF0F00" bytes="5955456" />
</allocation-stats>
<gc-op id="7" type="global mark" timems="10.703" contextid="4" timestamp="2019-08-09T00:16:29.975">
  <trace-info objectcount="17980" scancount="14220" scanbytes="467692" />
  <finalization candidates="14" enqueued="1" />
  <references type="soft" candidates="66" cleared="0" enqueued="0" dynamicThreshold="32" maxThreshold="32" />
  <references type="weak" candidates="553" cleared="411" enqueued="372" />
  <references type="phantom" candidates="99" cleared="41" enqueued="41" />
  <stringconstants candidates="2455" cleared="0"  />
</gc-op>
<gc-op id="8" type="classunload" timems="0.002" contextid="4" timestamp="2019-08-09T00:16:29.975">
  <classunload-info classloadercandidates="6" classloadersunloaded="0" classesunloaded="0" anonymousclassesunloaded="0" quiescems="0.000" setupms="0.001" scanms="0.000" postms="0.000" />
</gc-op>
<gc-op id="9" type="sweep" timems="0.990" contextid="4" timestamp="2019-08-09T00:16:29.976" />
<gc-op id="10" type="compact" timems="6.211" contextid="4" timestamp="2019-08-09T00:16:29.983">
  <compact-info movecount="17959" movebytes="1027712" />
  <remembered-set-cleared processed="290" cleared="290" durationms="0.132" />
</gc-op>
<gc-end id="11" type="global garbage collect" contextid="4" durationms="18.953" usertimems="27.254" systemtimems="5.385" timestamp="2019-08-09T00:16:29.983" activeThreads="16">
  <mem-info id="12" free="6291456" total="8388608" percent="75">
    <pending-finalizers system="1" default="0" reference="413" classloader="0" />
    <remembered-set count="0" freebytes="335360" totalbytes="335360" percent="100" regionsoverflowed="0" regionsstable="0" regionsrebuilding="0"/>
  </mem-info>
</gc-end>
<cycle-end id="13" type="global garbage collect" contextid="4" timestamp="2019-08-09T00:16:29.983" />
  <attribute name="elasticGC enabled" value="1" />
  <attribute name= "numThreadsSpecified" value="16" />
  <attribute name="heapSize specified" value="0" />
  <attribute name="Current GC Util" value="0" />
  <attribute name= "Current Time Running" value="210" />
  <attribute name ="GC Interval" value="0" />
  <attribute name="Target GC Util Change" value ="80.000000" />
  <attribute name="Current GC Util Change" value="0.000000"/>
  <attribute name="Current Error" value="64.000000" />
  <attribute name="Output H" value="8426488"/>
  <attribute name="Output I" value="2040"/>
  <attribute name="Output T" value="16"/>
  <attribute name= "Current Time Running" value="210" />
  <attribute name="GC Util currently" value="0" />
  <attribute name="CPU Util currently" value="801425219076" />
<sys-end id="14" timestamp="2019-08-09T00:16:29.983" />
<exclusive-end id="15" timestamp="2019-08-09T00:16:29.983" durationms="19.537" />

===== DaCapo 9.12-MR1 avrora starting =====
<exclusive-start id="16" timestamp="2019-08-09T00:16:30.207" intervalms="242.664">
  <response-info timems="0.019" idlems="0.019" threads="0" lastid="0000000001FF0F00" lastname="main" />
</exclusive-start>
<allocation-taxation id="17" taxation-threshold="6291456" timestamp="2019-08-09T00:16:30.207" intervalms="515.391" />
<cycle-start id="18" type="partial gc" contextid="0" timestamp="2019-08-09T00:16:30.207" intervalms="515.700" />
<gc-start id="19" type="partial gc" contextid="18" timestamp="2019-08-09T00:16:30.207">
  <mem-info id="20" free="0" total="8388608" percent="0">
    <mem type="eden" free="0" total="6291456" percent="0" />
    <remembered-set count="0" freebytes="335360" totalbytes="335360" percent="100" regionsoverflowed="0" regionsstable="0" regionsrebuilding="0"/>
  </mem-info>
</gc-start>
<allocation-stats totalBytes="6270896" >
  <allocated-bytes non-tlh="252944" tlh="6017952" arrayletleaf="0"/>
  <largest-consumer threadName="main" threadId="0000000001FF0F00" bytes="6254824" />
</allocation-stats>
<gc-op id="21" type="mark" timems="14.118" contextid="18" timestamp="2019-08-09T00:16:30.225">
  <trace-info objectcount="76643" scancount="73346" scanbytes="2183640" />
  <cardclean-info objects="1165" bytes="40356" />
  <remembered-set-cleared processed="0" cleared="0" durationms="0.064" />
  <references type="weak" candidates="41" cleared="40" enqueued="40" />
  <references type="phantom" candidates="13" cleared="11" enqueued="11" />
  <stringconstants candidates="3257" cleared="0"  />
  <warning details="Mark invoked due to insufficient free space for Copy-Forward" />
</gc-op>
<gc-op id="22" type="classunload" timems="0.002" contextid="18" timestamp="2019-08-09T00:16:30.225">
  <classunload-info classloadercandidates="6" classloadersunloaded="0" classesunloaded="0" anonymousclassesunloaded="0" quiescems="0.000" setupms="0.002" scanms="0.000" postms="0.000" />
</gc-op>
<gc-op id="23" type="sweep" timems="5.187" contextid="18" timestamp="2019-08-09T00:16:30.231" />
<gc-op id="24" type="compact" timems="27.091" contextid="18" timestamp="2019-08-09T00:16:30.258">
  <compact-info movecount="76643" movebytes="2558144" />
  <remembered-set-cleared processed="592" cleared="592" durationms="0.171" />
</gc-op>
<heap-resize id="25" type="expand" space="default" amount="4194304" count="1" timems="0.093" reason="insufficient free space following gc" timestamp="2019-08-09T00:16:30.258" />
<gc-end id="26" type="partial gc" contextid="18" durationms="51.237" usertimems="60.053" systemtimems="15.037" timestamp="2019-08-09T00:16:30.258" activeThreads="16">
  <mem-info id="27" free="6291456" total="12582912" percent="50">
    <mem type="eden" free="1635928" total="4194304" percent="39" />
    <pending-finalizers system="0" default="0" reference="51" classloader="0" />
    <remembered-set count="2048" freebytes="494848" totalbytes="503040" percent="98" regionsoverflowed="0" regionsstable="0" regionsrebuilding="0"/>
  </mem-info>
</gc-end>
<cycle-end id="28" type="partial gc" contextid="18" timestamp="2019-08-09T00:16:30.259" />
  <attribute name="elasticGC enabled" value="1" />
  <attribute name= "numThreadsSpecified" value="16" />
  <attribute name="heapSize specified" value="0" />
  <attribute name="Current GC Util" value="140" />
  <attribute name= "Current Time Running" value="464" />
  <attribute name ="GC Interval" value="0" />
  <attribute name="Target GC Util Change" value ="80.000000" />
  <attribute name="Current GC Util Change" value="140.000000"/>
  <attribute name="Current Error" value="-150.000000" />
  <attribute name="Output H" value="8426368"/>
  <attribute name="Output I" value="1920"/>
  <attribute name="Output T" value="16"/>
  <attribute name= "Current Time Running" value="464" />
  <attribute name="GC Util currently" value="140" />
  <attribute name="CPU Util currently" value="215909372659" />
<exclusive-end id="29" timestamp="2019-08-09T00:16:30.259" durationms="52.598" />

<exclusive-start id="30" timestamp="2019-08-09T00:16:30.468" intervalms="261.461">
  <response-info timems="0.013" idlems="0.013" threads="0" lastid="0000000001FF0F00" lastname="main" />
</exclusive-start>
<allocation-taxation id="31" taxation-threshold="2097152" timestamp="2019-08-09T00:16:30.468" intervalms="261.447" />
<cycle-start id="32" type="global mark phase" contextid="0" timestamp="2019-08-09T00:16:30.468" intervalms="776.886" />
<gc-start id="33" type="global mark phase" contextid="32" timestamp="2019-08-09T00:16:30.468">
  <mem-info id="34" free="4194304" total="12582912" percent="33">
    <remembered-set count="2048" freebytes="494848" totalbytes="503040" percent="98" regionsoverflowed="0" regionsstable="0" regionsrebuilding="0"/>
  </mem-info>
</gc-start>
<gc-op id="35" type="mark increment" timems="4.784" contextid="32" timestamp="2019-08-09T00:16:30.473">
  <trace-info objectcount="132" scancount="0" scanbytes="0" />
</gc-op>
<gc-end id="36" type="global mark phase" contextid="32" durationms="4.837" usertimems="3.742" systemtimems="4.239" timestamp="2019-08-09T00:16:30.473" activeThreads="16">
  <mem-info id="37" free="4194304" total="12582912" percent="33">
    <remembered-set count="2048" freebytes="494848" totalbytes="503040" percent="98" regionsoverflowed="0" regionsstable="0" regionsrebuilding="0"/>
  </mem-info>
</gc-end>
<concurrent-start id="38" type="GMP work packet processing" contextid="32" timestamp="2019-08-09T00:16:30.473">
  <concurrent-mark-start scanTarget="18446744073709551615" />
</concurrent-start>
<exclusive-end id="39" timestamp="2019-08-09T00:16:30.473" durationms="5.249" />

<concurrent-end id="40" type="GMP work packet processing" contextid="32" timestamp="2019-08-09T00:16:30.480">
  <concurrent-mark-end bytesScanned="2777216" reasonForTermination="Completed all work in GC phase" />
</concurrent-end>

<exclusive-start id="41" timestamp="2019-08-09T00:16:30.559" intervalms="90.790">
  <response-info timems="0.018" idlems="0.018" threads="0" lastid="0000000001FF0F00" lastname="main" />
</exclusive-start>
<allocation-taxation id="42" taxation-threshold="2097152" timestamp="2019-08-09T00:16:30.559" intervalms="90.794" />
<cycle-start id="43" type="partial gc" contextid="0" timestamp="2019-08-09T00:16:30.559" intervalms="351.996" />
<gc-start id="44" type="partial gc" contextid="43" timestamp="2019-08-09T00:16:30.559">
  <mem-info id="45" free="2097152" total="12582912" percent="16">
    <mem type="eden" free="0" total="4194304" percent="0" />
    <remembered-set count="2048" freebytes="494848" totalbytes="503040" percent="98" regionsoverflowed="0" regionsstable="0" regionsrebuilding="0"/>
  </mem-info>
</gc-start>
<allocation-stats totalBytes="4189032" >
  <allocated-bytes non-tlh="99992" tlh="4089040" arrayletleaf="0"/>
  <largest-consumer threadName="main" threadId="0000000001FF0F00" bytes="2095728" />
</allocation-stats>
<gc-op id="46" type="copy forward" timems="20.376" contextid="43" timestamp="2019-08-09T00:16:30.580">
  <memory-copied type="eden" objects="29282" bytes="1914432" bytesdiscarded="210488" />
  <memory-copied type="other" objects="76440" bytes="2539160" bytesdiscarded="298992" />
  <memory-cardclean objects="106" bytes="6136" />
  <regions eden="2" other="2" />
  <remembered-set-cleared processed="238" cleared="238" durationms="0.110" />
  <references type="weak" candidates="3" cleared="0" enqueued="0" />
  <references type="phantom" candidates="2" cleared="0" enqueued="0" />
  <stringconstants candidates="3823" cleared="0"  />
  <heap-resize type="expand" space="default" amount="6291456" count="3" timems="0.669" reason="continue current collection" />
</gc-op>
<gc-op id="47" type="classunload" timems="0.002" contextid="43" timestamp="2019-08-09T00:16:30.581">
  <classunload-info classloadercandidates="6" classloadersunloaded="0" classesunloaded="0" anonymousclassesunloaded="0" quiescems="0.000" setupms="0.001" scanms="0.000" postms="0.000" />
</gc-op>
<gc-op id="48" type="compact" timems="8.572" contextid="43" timestamp="2019-08-09T00:16:30.589">
  <compact-info movecount="0" movebytes="0" />
  <remembered-set-cleared processed="1598" cleared="238" durationms="0.342" />
</gc-op>
<heap-resize id="49" type="expand" space="default" amount="4194304" count="1" timems="0.075" reason="insufficient free space following gc" timestamp="2019-08-09T00:16:30.589" />
<gc-end id="50" type="partial gc" contextid="43" durationms="30.207" usertimems="42.831" systemtimems="20.981" timestamp="2019-08-09T00:16:30.589" activeThreads="16">
  <mem-info id="51" free="12582912" total="23068672" percent="54">
    <mem type="eden" free="2069112" total="4194304" percent="49" />
    <remembered-set count="3008" freebytes="910208" totalbytes="922240" percent="98" regionsoverflowed="0" regionsstable="0" regionsrebuilding="0"/>
  </mem-info>
</gc-end>
<cycle-end id="52" type="partial gc" contextid="43" timestamp="2019-08-09T00:16:30.589" />
  <attribute name="elasticGC enabled" value="1" />
  <attribute name= "numThreadsSpecified" value="16" />
  <attribute name="heapSize specified" value="0" />
  <attribute name="Current GC Util" value="225" />
  <attribute name= "Current Time Running" value="814" />
  <attribute name ="GC Interval" value="0" />
  <attribute name="Target GC Util Change" value ="80.000000" />
  <attribute name="Current GC Util Change" value="225.000000"/>
  <attribute name="Current Error" value="-166.000000" />
  <attribute name="Output H" value="18912120"/>
  <attribute name="Output I" value="1912"/>
  <attribute name="Output T" value="16"/>
  <attribute name= "Current Time Running" value="814" />
  <attribute name="GC Util currently" value="225" />
  <attribute name="CPU Util currently" value="56098164179" />
<exclusive-end id="53" timestamp="2019-08-09T00:16:30.590" durationms="30.830" />

<exclusive-start id="54" timestamp="2019-08-09T00:16:37.295" intervalms="6735.881">
  <response-info timems="0.479" idlems="0.345" threads="1" lastid="00000000022D7700" lastname="node-0" />
</exclusive-start>
<allocation-taxation id="55" taxation-threshold="6291456" timestamp="2019-08-09T00:16:37.295" intervalms="6735.883" />
<gc-start id="56" type="global mark phase" contextid="32" timestamp="2019-08-09T00:16:37.295">
  <mem-info id="57" free="6291456" total="23068672" percent="27">
    <remembered-set count="3008" freebytes="910208" totalbytes="922240" percent="98" regionsoverflowed="0" regionsstable="0" regionsrebuilding="0"/>
  </mem-info>
</gc-start>
<gc-op id="58" type="mark increment" timems="13.109" contextid="32" timestamp="2019-08-09T00:16:37.308">
  <trace-info objectcount="60065" scancount="57352" scanbytes="2847316" />
  <cardclean-info objects="1972" bytes="70416" />
  <finalization candidates="13" enqueued="0" />
  <references type="soft" candidates="66" cleared="0" enqueued="0" dynamicThreshold="17" maxThreshold="32" />
  <references type="weak" candidates="147" cleared="4" enqueued="4" />
  <references type="phantom" candidates="59" cleared="2" enqueued="2" />
  <stringconstants candidates="3837" cleared="0"  />
</gc-op>
<gc-op id="59" type="classunload" timems="0.002" contextid="32" timestamp="2019-08-09T00:16:37.308">
  <classunload-info classloadercandidates="6" classloadersunloaded="0" classesunloaded="0" anonymousclassesunloaded="0" quiescems="0.000" setupms="0.002" scanms="0.000" postms="0.000" />
</gc-op>
<gc-end id="60" type="global mark phase" contextid="32" durationms="13.331" usertimems="10.345" systemtimems="15.107" timestamp="2019-08-09T00:16:37.308" activeThreads="16">
  <mem-info id="61" free="6291456" total="23068672" percent="27">
    <pending-finalizers system="0" default="0" reference="6" classloader="0" />
    <remembered-set count="3008" freebytes="910208" totalbytes="922240" percent="98" regionsoverflowed="0" regionsstable="0" regionsrebuilding="0"/>
  </mem-info>
</gc-end>
<cycle-end id="62" type="global mark phase" contextid="32" timestamp="2019-08-09T00:16:37.309" />
  <attribute name="elasticGC enabled" value="1" />
  <attribute name= "numThreadsSpecified" value="16" />
  <attribute name="heapSize specified" value="0" />
  <attribute name="Current GC Util" value="150" />
  <attribute name= "Current Time Running" value="7536" />
  <attribute name ="GC Interval" value="0" />
  <attribute name="Target GC Util Change" value ="80.000000" />
  <attribute name="Current GC Util Change" value="150.000000"/>
  <attribute name="Current Error" value="-256.000000" />
  <attribute name="Output H" value="23106368"/>
  <attribute name="Output I" value="1856"/>
  <attribute name="Output T" value="16"/>
  <attribute name= "Current Time Running" value="7536" />
  <attribute name="GC Util currently" value="150" />
  <attribute name="CPU Util currently" value="224907368817" />
<exclusive-end id="63" timestamp="2019-08-09T00:16:37.309" durationms="14.597" />

<exclusive-start id="64" timestamp="2019-08-09T00:16:42.219" intervalms="4924.772">
  <response-info timems="0.074" idlems="0.074" threads="0" lastid="0000000002317600" lastname="node-10" />
</exclusive-start>
<allocation-taxation id="65" taxation-threshold="6291456" timestamp="2019-08-09T00:16:42.220" intervalms="4924.825" />
<cycle-start id="66" type="partial gc" contextid="0" timestamp="2019-08-09T00:16:42.220" intervalms="11660.710" />
<gc-start id="67" type="partial gc" contextid="66" timestamp="2019-08-09T00:16:42.220">
  <mem-info id="68" free="0" total="23068672" percent="0">
    <mem type="eden" free="0" total="12582912" percent="0" />
    <remembered-set count="3008" freebytes="910208" totalbytes="922240" percent="98" regionsoverflowed="0" regionsstable="0" regionsrebuilding="0"/>
  </mem-info>
</gc-start>
<allocation-stats totalBytes="12569344" >
  <allocated-bytes non-tlh="388112" tlh="12181232" arrayletleaf="0"/>
  <largest-consumer threadName="node-8" threadId="000000000231B200" bytes="429848" />
</allocation-stats>
<gc-op id="69" type="sweep" timems="1.818" contextid="66" timestamp="2019-08-09T00:16:42.222" />
<gc-op id="70" type="mark" timems="13.297" contextid="66" timestamp="2019-08-09T00:16:42.236">
  <trace-info objectcount="71210" scancount="67555" scanbytes="3153240" />
  <cardclean-info objects="350" bytes="17304" />
  <remembered-set-cleared processed="1297" cleared="516" durationms="0.075" />
  <stringconstants candidates="3837" cleared="0"  />
  <warning details="Mark invoked due to insufficient free space for Copy-Forward" />
</gc-op>
<gc-op id="71" type="classunload" timems="0.002" contextid="66" timestamp="2019-08-09T00:16:42.236">
  <classunload-info classloadercandidates="6" classloadersunloaded="0" classesunloaded="0" anonymousclassesunloaded="0" quiescems="0.000" setupms="0.002" scanms="0.000" postms="0.000" />
</gc-op>
<gc-op id="72" type="sweep" timems="3.802" contextid="66" timestamp="2019-08-09T00:16:42.240" />
<gc-op id="73" type="compact" timems="17.749" contextid="66" timestamp="2019-08-09T00:16:42.258">
  <compact-info movecount="71067" movebytes="3813288" />
  <remembered-set-cleared processed="3236" cleared="1667" durationms="0.549" />
</gc-op>
<gc-end id="74" type="partial gc" contextid="66" durationms="38.357" usertimems="46.414" systemtimems="20.052" timestamp="2019-08-09T00:16:42.258" activeThreads="16">
  <mem-info id="75" free="12582912" total="23068672" percent="54">
    <mem type="eden" free="193240" total="2097152" percent="9" />
    <remembered-set count="5216" freebytes="901376" totalbytes="922240" percent="97" regionsoverflowed="0" regionsstable="0" regionsrebuilding="0"/>
  </mem-info>
</gc-end>
<cycle-end id="76" type="partial gc" contextid="66" timestamp="2019-08-09T00:16:42.259" />
  <attribute name="elasticGC enabled" value="1" />
  <attribute name= "numThreadsSpecified" value="16" />
  <attribute name="heapSize specified" value="0" />
  <attribute name="Current GC Util" value="84" />
  <attribute name= "Current Time Running" value="12473" />
  <attribute name ="GC Interval" value="0" />
  <attribute name="Target GC Util Change" value ="80.000000" />
  <attribute name="Current GC Util Change" value="84.000000"/>
  <attribute name="Current Error" value="-118.000000" />
  <attribute name="Output H" value="23106448"/>
  <attribute name="Output I" value="1936"/>
  <attribute name="Output T" value="16"/>
  <attribute name= "Current Time Running" value="12473" />
  <attribute name="GC Util currently" value="84" />
  <attribute name="CPU Util currently" value="288487057146" />
<exclusive-end id="77" timestamp="2019-08-09T00:16:42.259" durationms="39.763" />

<exclusive-start id="78" timestamp="2019-08-09T00:16:49.553" intervalms="7333.246">
  <response-info timems="0.022" idlems="0.022" threads="0" lastid="000000000232A100" lastname="node-13" />
</exclusive-start>
<allocation-taxation id="79" taxation-threshold="12582912" timestamp="2019-08-09T00:16:49.553" intervalms="7333.295" />
<cycle-start id="80" type="partial gc" contextid="0" timestamp="2019-08-09T00:16:49.553" intervalms="7333.564" />
<gc-start id="81" type="partial gc" contextid="80" timestamp="2019-08-09T00:16:49.554">
  <mem-info id="82" free="0" total="23068672" percent="0">
    <mem type="eden" free="0" total="12582912" percent="0" />
    <remembered-set count="5216" freebytes="901376" totalbytes="922240" percent="97" regionsoverflowed="0" regionsstable="0" regionsrebuilding="0"/>
  </mem-info>
</gc-start>
<allocation-stats totalBytes="12570176" >
  <allocated-bytes non-tlh="0" tlh="12570176" arrayletleaf="0"/>
  <largest-consumer threadName="node-7" threadId="00000000022F5600" bytes="637824" />
</allocation-stats>
<gc-op id="83" type="mark" timems="14.070" contextid="80" timestamp="2019-08-09T00:16:49.569">
  <trace-info objectcount="50804" scancount="49571" scanbytes="1848028" />
  <cardclean-info objects="788" bytes="29292" />
  <remembered-set-cleared processed="2264" cleared="1064" durationms="0.123" />
  <stringconstants candidates="3837" cleared="0"  />
  <warning details="Mark invoked due to insufficient free space for Copy-Forward" />
</gc-op>
<gc-op id="84" type="classunload" timems="0.003" contextid="80" timestamp="2019-08-09T00:16:49.569">
  <classunload-info classloadercandidates="6" classloadersunloaded="0" classesunloaded="0" anonymousclassesunloaded="0" quiescems="0.000" setupms="0.003" scanms="0.000" postms="0.000" />
</gc-op>
<gc-op id="85" type="sweep" timems="4.805" contextid="80" timestamp="2019-08-09T00:16:49.574" />
<gc-op id="86" type="compact" timems="12.599" contextid="80" timestamp="2019-08-09T00:16:49.587">
  <compact-info movecount="39785" movebytes="1850816" />
  <remembered-set-cleared processed="4996" cleared="2573" durationms="0.123" />
</gc-op>
<gc-end id="87" type="partial gc" contextid="80" durationms="33.927" usertimems="32.923" systemtimems="18.763" timestamp="2019-08-09T00:16:49.587" activeThreads="16">
  <mem-info id="88" free="10485760" total="23068672" percent="45">
    <mem type="eden" free="1882672" total="2097152" percent="89" />
    <remembered-set count="6208" freebytes="897408" totalbytes="922240" percent="97" regionsoverflowed="0" regionsstable="0" regionsrebuilding="0"/>
  </mem-info>
</gc-end>
<cycle-end id="89" type="partial gc" contextid="80" timestamp="2019-08-09T00:16:49.589" />
  <attribute name="elasticGC enabled" value="1" />
  <attribute name= "numThreadsSpecified" value="16" />
  <attribute name="heapSize specified" value="0" />
  <attribute name="Current GC Util" value="78" />
  <attribute name= "Current Time Running" value="19808" />
  <attribute name ="GC Interval" value="0" />
  <attribute name="Target GC Util Change" value ="80.000000" />
  <attribute name="Current GC Util Change" value="78.000000"/>
  <attribute name="Current Error" value="-71.000000" />
  <attribute name="Output H" value="23106472"/>
  <attribute name="Output I" value="1960"/>
  <attribute name="Output T" value="16"/>
  <attribute name= "Current Time Running" value="19808" />
  <attribute name="GC Util currently" value="78" />
  <attribute name="CPU Util currently" value="237325678851" />
<exclusive-end id="90" timestamp="2019-08-09T00:16:49.589" durationms="36.551" />

<exclusive-start id="91" timestamp="2019-08-09T00:16:54.931" intervalms="5378.437">
  <response-info timems="0.574" idlems="0.574" threads="0" lastid="0000000002331900" lastname="node-24" />
</exclusive-start>
<allocation-taxation id="92" taxation-threshold="10485760" timestamp="2019-08-09T00:16:54.931" intervalms="5378.358" />
<cycle-start id="93" type="partial gc" contextid="0" timestamp="2019-08-09T00:16:54.931" intervalms="5378.113" />
<gc-start id="94" type="partial gc" contextid="93" timestamp="2019-08-09T00:16:54.932">
  <mem-info id="95" free="0" total="23068672" percent="0">
    <mem type="eden" free="0" total="10485760" percent="0" />
    <remembered-set count="5792" freebytes="899072" totalbytes="922240" percent="97" regionsoverflowed="0" regionsstable="0" regionsrebuilding="0"/>
  </mem-info>
</gc-start>
<allocation-stats totalBytes="10476576" >
  <allocated-bytes non-tlh="0" tlh="10476576" arrayletleaf="0"/>
  <largest-consumer threadName="node-8" threadId="000000000231B200" bytes="515680" />
</allocation-stats>
<gc-op id="96" type="mark" timems="10.926" contextid="93" timestamp="2019-08-09T00:16:54.945">
  <trace-info objectcount="16167" scancount="16144" scanbytes="386592" />
  <cardclean-info objects="1512" bytes="47824" />
  <remembered-set-cleared processed="2428" cleared="288" durationms="0.112" />
  <stringconstants candidates="3837" cleared="0"  />
  <warning details="Mark invoked due to insufficient free space for Copy-Forward" />
</gc-op>
<gc-op id="97" type="classunload" timems="0.002" contextid="93" timestamp="2019-08-09T00:16:54.945">
  <classunload-info classloadercandidates="6" classloadersunloaded="0" classesunloaded="0" anonymousclassesunloaded="0" quiescems="0.000" setupms="0.002" scanms="0.000" postms="0.000" />
</gc-op>
<gc-op id="98" type="sweep" timems="5.173" contextid="93" timestamp="2019-08-09T00:16:54.950" />
<gc-op id="99" type="compact" timems="18.259" contextid="93" timestamp="2019-08-09T00:16:54.969">
  <compact-info movecount="14741" movebytes="355496" />
  <remembered-set-cleared processed="5051" cleared="743" durationms="0.803" />
</gc-op>
<heap-resize id="100" type="expand" space="default" amount="2097152" count="1" timems="0.074" reason="insufficient free space following gc" timestamp="2019-08-09T00:16:54.969" />
<gc-end id="101" type="partial gc" contextid="93" durationms="37.537" usertimems="20.160" systemtimems="38.641" timestamp="2019-08-09T00:16:54.969" activeThreads="16">
  <mem-info id="102" free="10485760" total="25165824" percent="41">
    <mem type="eden" free="1920072" total="2097152" percent="91" />
    <remembered-set count="5856" freebytes="982656" totalbytes="1006080" percent="97" regionsoverflowed="0" regionsstable="0" regionsrebuilding="0"/>
  </mem-info>
</gc-end>
<cycle-end id="103" type="partial gc" contextid="93" timestamp="2019-08-09T00:16:54.969" />
  <attribute name="elasticGC enabled" value="1" />
  <attribute name= "numThreadsSpecified" value="16" />
  <attribute name="heapSize specified" value="0" />
  <attribute name="Current GC Util" value="144" />
  <attribute name= "Current Time Running" value="25184" />
  <attribute name ="GC Interval" value="0" />
  <attribute name="Target GC Util Change" value ="80.000000" />
  <attribute name="Current GC Util Change" value="144.000000"/>
  <attribute name="Current Error" value="-111.000000" />
  <attribute name="Output H" value="23106448"/>
  <attribute name="Output I" value="1936"/>
  <attribute name="Output T" value="16"/>
  <attribute name= "Current Time Running" value="25184" />
  <attribute name="GC Util currently" value="144" />
  <attribute name="CPU Util currently" value="215487544783" />
<exclusive-end id="104" timestamp="2019-08-09T00:16:54.970" durationms="38.505" />

<exclusive-start id="105" timestamp="2019-08-09T00:16:57.301" intervalms="2369.924">
  <response-info timems="0.499" idlems="0.499" threads="0" lastid="0000000002317600" lastname="node-10" />
</exclusive-start>
<allocation-taxation id="106" taxation-threshold="4194304" timestamp="2019-08-09T00:16:57.301" intervalms="2369.910" />
<cycle-start id="107" type="global mark phase" contextid="0" timestamp="2019-08-09T00:16:57.301" intervalms="26833.126" />
<gc-start id="108" type="global mark phase" contextid="107" timestamp="2019-08-09T00:16:57.301">
  <mem-info id="109" free="6291456" total="25165824" percent="25">
    <remembered-set count="5856" freebytes="982656" totalbytes="1006080" percent="97" regionsoverflowed="0" regionsstable="0" regionsrebuilding="0"/>
  </mem-info>
</gc-start>
<gc-op id="110" type="mark increment" timems="3.942" contextid="107" timestamp="2019-08-09T00:16:57.305">
  <trace-info objectcount="429" scancount="0" scanbytes="0" />
</gc-op>
<gc-end id="111" type="global mark phase" contextid="107" durationms="4.052" usertimems="5.375" systemtimems="7.375" timestamp="2019-08-09T00:16:57.305" activeThreads="16">
  <mem-info id="112" free="6291456" total="25165824" percent="25">
    <remembered-set count="5856" freebytes="982656" totalbytes="1006080" percent="97" regionsoverflowed="0" regionsstable="0" regionsrebuilding="0"/>
  </mem-info>
</gc-end>
<concurrent-start id="113" type="GMP work packet processing" contextid="107" timestamp="2019-08-09T00:16:57.305">
  <concurrent-mark-start scanTarget="18446744073709551615" />
</concurrent-start>
<exclusive-end id="114" timestamp="2019-08-09T00:16:57.305" durationms="4.360" />

<concurrent-end id="115" type="GMP work packet processing" contextid="107" timestamp="2019-08-09T00:16:57.309">
  <concurrent-mark-end bytesScanned="5318376" reasonForTermination="Completed all work in GC phase" />
</concurrent-end>

<exclusive-start id="116" timestamp="2019-08-09T00:16:59.827" intervalms="2525.550">
  <response-info timems="0.658" idlems="0.658" threads="0" lastid="000000000232DD00" lastname="node-23" />
</exclusive-start>
<allocation-taxation id="117" taxation-threshold="4194304" timestamp="2019-08-09T00:16:59.827" intervalms="2525.574" />
<cycle-start id="118" type="partial gc" contextid="0" timestamp="2019-08-09T00:16:59.827" intervalms="4895.497" />
<gc-start id="119" type="partial gc" contextid="118" timestamp="2019-08-09T00:16:59.827">
  <mem-info id="120" free="2097152" total="25165824" percent="8">
    <mem type="eden" free="0" total="8388608" percent="0" />
    <remembered-set count="5856" freebytes="982656" totalbytes="1006080" percent="97" regionsoverflowed="0" regionsstable="0" regionsrebuilding="0"/>
  </mem-info>
</gc-start>
<allocation-stats totalBytes="8380904" >
  <allocated-bytes non-tlh="0" tlh="8380904" arrayletleaf="0"/>
  <largest-consumer threadName="node-20" threadId="00000000022DEF00" bytes="237552" />
</allocation-stats>
<gc-op id="121" type="copy forward" timems="28.002" contextid="118" timestamp="2019-08-09T00:16:59.856">
  <memory-copied type="eden" objects="6132" bytes="146752" bytesdiscarded="12272" />
  <memory-copied type="other" objects="7166" bytes="171984" bytesdiscarded="2856" />
  <memory-cardclean objects="1528" bytes="48032" />
  <regions eden="4" other="1" />
  <remembered-set-cleared processed="2543" cleared="287" durationms="0.120" />
  <stringconstants candidates="3837" cleared="0"  />
  <heap-resize type="expand" space="default" amount="2097152" count="1" timems="1.196" reason="continue current collection" />
</gc-op>
<gc-op id="122" type="classunload" timems="0.003" contextid="118" timestamp="2019-08-09T00:16:59.856">
  <classunload-info classloadercandidates="6" classloadersunloaded="0" classesunloaded="0" anonymousclassesunloaded="0" quiescems="0.000" setupms="0.003" scanms="0.000" postms="0.000" />
</gc-op>
<gc-op id="123" type="compact" timems="11.253" contextid="118" timestamp="2019-08-09T00:16:59.868">
  <compact-info movecount="0" movebytes="0" />
  <remembered-set-cleared processed="5170" cleared="287" durationms="0.120" />
</gc-op>
<gc-end id="124" type="partial gc" contextid="118" durationms="41.092" usertimems="18.821" systemtimems="39.196" timestamp="2019-08-09T00:16:59.868" activeThreads="16">
  <mem-info id="125" free="10485760" total="27262976" percent="38">
    <mem type="eden" free="1938128" total="2097152" percent="92" />
    <remembered-set count="4256" freebytes="1072896" totalbytes="1089920" percent="98" regionsoverflowed="0" regionsstable="0" regionsrebuilding="0"/>
  </mem-info>
</gc-end>
<cycle-end id="126" type="partial gc" contextid="118" timestamp="2019-08-09T00:16:59.868" />
  <attribute name="elasticGC enabled" value="1" />
  <attribute name= "numThreadsSpecified" value="16" />
  <attribute name="heapSize specified" value="0" />
  <attribute name="Current GC Util" value="124" />
  <attribute name= "Current Time Running" value="30090" />
  <attribute name ="GC Interval" value="0" />
  <attribute name="Target GC Util Change" value ="80.000000" />
  <attribute name="Current GC Util Change" value="124.000000"/>
  <attribute name="Current Error" value="-209.000000" />
  <attribute name="Output H" value="27300696"/>
  <attribute name="Output I" value="1880"/>
  <attribute name="Output T" value="16"/>
  <attribute name= "Current Time Running" value="30090" />
  <attribute name="GC Util currently" value="124" />
  <attribute name="CPU Util currently" value="40610111150" />
<exclusive-end id="127" timestamp="2019-08-09T00:16:59.869" durationms="42.011" />

<exclusive-start id="128" timestamp="2019-08-09T00:17:02.142" intervalms="2315.278">
  <response-info timems="0.449" idlems="0.449" threads="0" lastid="000000000232DD00" lastname="node-23" />
</exclusive-start>
<allocation-taxation id="129" taxation-threshold="4194304" timestamp="2019-08-09T00:17:02.142" intervalms="2315.261" />
<gc-start id="130" type="global mark phase" contextid="107" timestamp="2019-08-09T00:17:02.142">
  <mem-info id="131" free="6291456" total="27262976" percent="23">
    <remembered-set count="4256" freebytes="1072896" totalbytes="1089920" percent="98" regionsoverflowed="0" regionsstable="0" regionsrebuilding="0"/>
  </mem-info>
</gc-start>
<gc-op id="132" type="mark increment" timems="17.009" contextid="107" timestamp="2019-08-09T00:17:02.159">
  <trace-info objectcount="6247" scancount="6215" scanbytes="148296" />
  <cardclean-info objects="1357" bytes="42420" />
  <finalization candidates="13" enqueued="0" />
  <references type="soft" candidates="66" cleared="0" enqueued="0" dynamicThreshold="12" maxThreshold="32" />
  <references type="weak" candidates="143" cleared="0" enqueued="0" />
  <references type="phantom" candidates="57" cleared="0" enqueued="0" />
  <stringconstants candidates="3837" cleared="0"  />
</gc-op>
<gc-op id="133" type="classunload" timems="0.002" contextid="107" timestamp="2019-08-09T00:17:02.159">
  <classunload-info classloadercandidates="6" classloadersunloaded="0" classesunloaded="0" anonymousclassesunloaded="0" quiescems="0.000" setupms="0.001" scanms="0.000" postms="0.000" />
</gc-op>
<gc-end id="134" type="global mark phase" contextid="107" durationms="17.131" usertimems="5.388" systemtimems="21.115" timestamp="2019-08-09T00:17:02.159" activeThreads="16">
  <mem-info id="135" free="6291456" total="27262976" percent="23">
    <remembered-set count="4256" freebytes="1072896" totalbytes="1089920" percent="98" regionsoverflowed="0" regionsstable="0" regionsrebuilding="0"/>
  </mem-info>
</gc-end>
<cycle-end id="136" type="global mark phase" contextid="107" timestamp="2019-08-09T00:17:02.159" />
  <attribute name="elasticGC enabled" value="1" />
  <attribute name= "numThreadsSpecified" value="16" />
  <attribute name="heapSize specified" value="0" />
  <attribute name="Current GC Util" value="145" />
  <attribute name= "Current Time Running" value="32381" />
  <attribute name ="GC Interval" value="0" />
  <attribute name="Target GC Util Change" value ="80.000000" />
  <attribute name="Current GC Util Change" value="145.000000"/>
  <attribute name="Current Error" value="-62.000000" />
  <attribute name="Output H" value="27300784"/>
  <attribute name="Output I" value="1968"/>
  <attribute name="Output T" value="16"/>
  <attribute name= "Current Time Running" value="32381" />
  <attribute name="GC Util currently" value="145" />
  <attribute name="CPU Util currently" value="369056403426" />
<exclusive-end id="137" timestamp="2019-08-09T00:17:02.159" durationms="17.480" />

<exclusive-start id="138" timestamp="2019-08-09T00:17:04.073" intervalms="1930.599">
  <response-info timems="0.497" idlems="0.497" threads="0" lastid="0000000002317600" lastname="node-10" />
</exclusive-start>
<allocation-taxation id="139" taxation-threshold="4194304" timestamp="2019-08-09T00:17:04.073" intervalms="1930.590" />
<cycle-start id="140" type="partial gc" contextid="0" timestamp="2019-08-09T00:17:04.073" intervalms="4245.900" />
<gc-start id="141" type="partial gc" contextid="140" timestamp="2019-08-09T00:17:04.073">
  <mem-info id="142" free="2097152" total="27262976" percent="7">
    <mem type="eden" free="0" total="8388608" percent="0" />
    <remembered-set count="4256" freebytes="1072896" totalbytes="1089920" percent="98" regionsoverflowed="0" regionsstable="0" regionsrebuilding="0"/>
  </mem-info>
</gc-start>
<allocation-stats totalBytes="8380752" >
  <allocated-bytes non-tlh="0" tlh="8380752" arrayletleaf="0"/>
  <largest-consumer threadName="node-25" threadId="0000000002335500" bytes="204776" />
</allocation-stats>
<gc-op id="143" type="sweep" timems="3.020" contextid="140" timestamp="2019-08-09T00:17:04.076" />
<gc-op id="144" type="copy forward" timems="30.860" contextid="140" timestamp="2019-08-09T00:17:04.110">
  <memory-copied type="eden" objects="2626" bytes="75400" bytesdiscarded="3346" />
  <memory-copied type="other" objects="6056" bytes="145344" bytesdiscarded="9278" />
  <memory-cardclean objects="1302" bytes="42896" />
  <regions eden="2" other="3" />
  <remembered-set-cleared processed="2544" cleared="392" durationms="0.572" />
  <stringconstants candidates="3837" cleared="0"  />
</gc-op>
<gc-op id="145" type="classunload" timems="0.003" contextid="140" timestamp="2019-08-09T00:17:04.110">
  <classunload-info classloadercandidates="6" classloadersunloaded="0" classesunloaded="0" anonymousclassesunloaded="0" quiescems="0.000" setupms="0.003" scanms="0.000" postms="0.000" />
</gc-op>
<gc-end id="146" type="partial gc" contextid="140" durationms="37.375" usertimems="10.538" systemtimems="48.394" timestamp="2019-08-09T00:17:04.110" activeThreads="16">
  <mem-info id="147" free="12582912" total="27262976" percent="46">
    <mem type="eden" free="1948576" total="2097152" percent="92" />
    <remembered-set count="6464" freebytes="1064064" totalbytes="1089920" percent="97" regionsoverflowed="0" regionsstable="0" regionsrebuilding="0"/>
  </mem-info>
</gc-end>
<cycle-end id="148" type="partial gc" contextid="140" timestamp="2019-08-09T00:17:04.111" />
  <attribute name="elasticGC enabled" value="1" />
  <attribute name= "numThreadsSpecified" value="16" />
  <attribute name="heapSize specified" value="0" />
  <attribute name="Current GC Util" value="137" />
  <attribute name= "Current Time Running" value="34313" />
  <attribute name ="GC Interval" value="0" />
  <attribute name="Target GC Util Change" value ="80.000000" />
  <attribute name="Current GC Util Change" value="137.000000"/>
  <attribute name="Current Error" value="-110.000000" />
  <attribute name="Output H" value="27300760"/>
  <attribute name="Output I" value="1944"/>
  <attribute name="Output T" value="16"/>
  <attribute name= "Current Time Running" value="34313" />
  <attribute name="GC Util currently" value="137" />
  <attribute name="CPU Util currently" value="421384817259" />
<exclusive-end id="149" timestamp="2019-08-09T00:17:04.111" durationms="38.097" />

<exclusive-start id="150" timestamp="2019-08-09T00:17:10.569" intervalms="6496.676">
  <response-info timems="0.023" idlems="0.023" threads="0" lastid="0000000002308200" lastname="node-19" />
</exclusive-start>
<allocation-taxation id="151" taxation-threshold="12582912" timestamp="2019-08-09T00:17:10.569" intervalms="6496.697" />
<cycle-start id="152" type="partial gc" contextid="0" timestamp="2019-08-09T00:17:10.569" intervalms="6496.696" />
<gc-start id="153" type="partial gc" contextid="152" timestamp="2019-08-09T00:17:10.570">
  <mem-info id="154" free="0" total="27262976" percent="0">
    <mem type="eden" free="0" total="12582912" percent="0" />
    <remembered-set count="6464" freebytes="1064064" totalbytes="1089920" percent="97" regionsoverflowed="0" regionsstable="0" regionsrebuilding="0"/>
  </mem-info>
</gc-start>
<allocation-stats totalBytes="12565560" >
  <allocated-bytes non-tlh="0" tlh="12565560" arrayletleaf="0"/>
  <largest-consumer threadName="node-20" threadId="00000000022DEF00" bytes="585368" />
</allocation-stats>
<gc-op id="155" type="mark" timems="14.093" contextid="152" timestamp="2019-08-09T00:17:10.586">
  <trace-info objectcount="13509" scancount="13499" scanbytes="323104" />
  <cardclean-info objects="1422" bytes="46504" />
  <remembered-set-cleared processed="2412" cleared="232" durationms="0.098" />
  <stringconstants candidates="3837" cleared="0"  />
  <warning details="Mark invoked due to insufficient free space for Copy-Forward" />
</gc-op>
<gc-op id="156" type="classunload" timems="0.003" contextid="152" timestamp="2019-08-09T00:17:10.586">
  <classunload-info classloadercandidates="6" classloadersunloaded="0" classesunloaded="0" anonymousclassesunloaded="0" quiescems="0.000" setupms="0.002" scanms="0.000" postms="0.000" />
</gc-op>
<gc-op id="157" type="sweep" timems="3.580" contextid="152" timestamp="2019-08-09T00:17:10.589" />
<gc-op id="158" type="compact" timems="9.679" contextid="152" timestamp="2019-08-09T00:17:10.599">
  <compact-info movecount="13509" movebytes="327144" />
  <remembered-set-cleared processed="5036" cleared="610" durationms="0.098" />
</gc-op>
<gc-end id="159" type="partial gc" contextid="152" durationms="29.682" usertimems="12.292" systemtimems="36.283" timestamp="2019-08-09T00:17:10.599" activeThreads="16">
  <mem-info id="160" free="10485760" total="27262976" percent="38">
    <mem type="eden" free="1893896" total="2097152" percent="90" />
    <remembered-set count="6016" freebytes="1065856" totalbytes="1089920" percent="97" regionsoverflowed="0" regionsstable="0" regionsrebuilding="0"/>
  </mem-info>
</gc-end>
<cycle-end id="161" type="partial gc" contextid="152" timestamp="2019-08-09T00:17:10.599" />
  <attribute name="elasticGC enabled" value="1" />
  <attribute name= "numThreadsSpecified" value="16" />
  <attribute name="heapSize specified" value="0" />
  <attribute name="Current GC Util" value="118" />
  <attribute name= "Current Time Running" value="40823" />
  <attribute name ="GC Interval" value="0" />
  <attribute name="Target GC Util Change" value ="80.000000" />
  <attribute name="Current GC Util Change" value="118.000000"/>
  <attribute name="Current Error" value="-24.000000" />
  <attribute name="Output H" value="27300808"/>
  <attribute name="Output I" value="1992"/>
  <attribute name="Output T" value="16"/>
  <attribute name= "Current Time Running" value="40823" />
  <attribute name="GC Util currently" value="118" />
  <attribute name="CPU Util currently" value="307534467569" />
<exclusive-end id="162" timestamp="2019-08-09T00:17:10.600" durationms="30.387" />

<exclusive-start id="163" timestamp="2019-08-09T00:17:12.804" intervalms="2234.725">
  <response-info timems="0.031" idlems="0.031" threads="0" lastid="0000000002317600" lastname="node-10" />
</exclusive-start>
<allocation-taxation id="164" taxation-threshold="4194304" timestamp="2019-08-09T00:17:12.804" intervalms="2234.715" />
<cycle-start id="165" type="global mark phase" contextid="0" timestamp="2019-08-09T00:17:12.805" intervalms="15503.747" />
<gc-start id="166" type="global mark phase" contextid="165" timestamp="2019-08-09T00:17:12.805">
  <mem-info id="167" free="6291456" total="27262976" percent="23">
    <remembered-set count="6016" freebytes="1065856" totalbytes="1089920" percent="97" regionsoverflowed="0" regionsstable="0" regionsrebuilding="0"/>
  </mem-info>
</gc-start>
<gc-op id="168" type="mark increment" timems="5.023" contextid="165" timestamp="2019-08-09T00:17:12.810">
  <trace-info objectcount="355" scancount="0" scanbytes="0" />
</gc-op>
<gc-end id="169" type="global mark phase" contextid="165" durationms="5.109" usertimems="0.147" systemtimems="8.141" timestamp="2019-08-09T00:17:12.810" activeThreads="16">
  <mem-info id="170" free="6291456" total="27262976" percent="23">
    <remembered-set count="6016" freebytes="1065856" totalbytes="1089920" percent="97" regionsoverflowed="0" regionsstable="0" regionsrebuilding="0"/>
  </mem-info>
</gc-end>
<concurrent-start id="171" type="GMP work packet processing" contextid="165" timestamp="2019-08-09T00:17:12.810">
  <concurrent-mark-start scanTarget="18446744073709551615" />
</concurrent-start>
<exclusive-end id="172" timestamp="2019-08-09T00:17:12.810" durationms="6.392" />

<concurrent-end id="173" type="GMP work packet processing" contextid="165" timestamp="2019-08-09T00:17:12.818">
  <concurrent-mark-end bytesScanned="5311848" reasonForTermination="Completed all work in GC phase" />
</concurrent-end>

<exclusive-start id="174" timestamp="2019-08-09T00:17:14.972" intervalms="2168.309">
  <response-info timems="0.209" idlems="0.107" threads="1" lastid="00000000022F5600" lastname="node-7" />
</exclusive-start>
<allocation-taxation id="175" taxation-threshold="4194304" timestamp="2019-08-09T00:17:14.972" intervalms="2168.298" />
<cycle-start id="176" type="partial gc" contextid="0" timestamp="2019-08-09T00:17:14.972" intervalms="4402.946" />
<gc-start id="177" type="partial gc" contextid="176" timestamp="2019-08-09T00:17:14.973">
  <mem-info id="178" free="2097152" total="27262976" percent="7">
    <mem type="eden" free="0" total="8388608" percent="0" />
    <remembered-set count="6016" freebytes="1065856" totalbytes="1089920" percent="97" regionsoverflowed="0" regionsstable="0" regionsrebuilding="0"/>
  </mem-info>
</gc-start>
<allocation-stats totalBytes="8382384" >
  <allocated-bytes non-tlh="0" tlh="8382384" arrayletleaf="0"/>
  <largest-consumer threadName="node-12" threadId="00000000022E2B00" bytes="237512" />
</allocation-stats>
<gc-op id="179" type="copy forward" timems="22.395" contextid="176" timestamp="2019-08-09T00:17:14.996">
  <memory-copied type="eden" objects="5843" bytes="150272" bytesdiscarded="18112" />
  <memory-copied type="other" objects="8215" bytes="197160" bytesdiscarded="12192" />
  <memory-cardclean objects="1457" bytes="48056" />
  <regions eden="4" other="1" />
  <remembered-set-cleared processed="2546" cleared="304" durationms="0.081" />
  <stringconstants candidates="3837" cleared="0"  />
  <heap-resize type="expand" space="default" amount="2097152" count="1" timems="0.079" reason="continue current collection" />
</gc-op>
<gc-op id="180" type="classunload" timems="0.002" contextid="176" timestamp="2019-08-09T00:17:14.996">
  <classunload-info classloadercandidates="6" classloadersunloaded="0" classesunloaded="0" anonymousclassesunloaded="0" quiescems="0.000" setupms="0.002" scanms="0.000" postms="0.000" />
</gc-op>
<heap-resize id="181" type="expand" space="default" amount="2097152" count="1" timems="0.095" reason="insufficient free space following gc" timestamp="2019-08-09T00:17:14.996" />
<gc-end id="182" type="partial gc" contextid="176" durationms="23.816" usertimems="8.131" systemtimems="34.398" timestamp="2019-08-09T00:17:14.996" activeThreads="16">
  <mem-info id="183" free="12582912" total="31457280" percent="40">
    <mem type="eden" free="1928768" total="2097152" percent="91" />
    <remembered-set count="8192" freebytes="1224832" totalbytes="1257600" percent="97" regionsoverflowed="0" regionsstable="0" regionsrebuilding="0"/>
  </mem-info>
</gc-end>
<cycle-end id="184" type="partial gc" contextid="176" timestamp="2019-08-09T00:17:14.997" />
  <attribute name="elasticGC enabled" value="1" />
  <attribute name= "numThreadsSpecified" value="16" />
  <attribute name="heapSize specified" value="0" />
  <attribute name="Current GC Util" value="136" />
  <attribute name= "Current Time Running" value="45207" />
  <attribute name ="GC Interval" value="0" />
  <attribute name="Target GC Util Change" value ="80.000000" />
  <attribute name="Current GC Util Change" value="136.000000"/>
  <attribute name="Current Error" value="-90.000000" />
  <attribute name="Output H" value="27300768"/>
  <attribute name="Output I" value="1952"/>
  <attribute name="Output T" value="16"/>
  <attribute name= "Current Time Running" value="45207" />
  <attribute name="GC Util currently" value="136" />
  <attribute name="CPU Util currently" value="1622304477341" />
<exclusive-end id="185" timestamp="2019-08-09T00:17:14.997" durationms="24.487" />

<exclusive-start id="186" timestamp="2019-08-09T00:17:18.305" intervalms="3332.645">
  <response-info timems="0.146" idlems="0.124" threads="1" lastid="000000000231EE00" lastname="node-15" />
</exclusive-start>
<allocation-taxation id="187" taxation-threshold="6291456" timestamp="2019-08-09T00:17:18.305" intervalms="3332.651" />
<gc-start id="188" type="global mark phase" contextid="165" timestamp="2019-08-09T00:17:18.305">
  <mem-info id="189" free="6291456" total="31457280" percent="20">
    <remembered-set count="8032" freebytes="1225472" totalbytes="1257600" percent="97" regionsoverflowed="0" regionsstable="0" regionsrebuilding="0"/>
  </mem-info>
</gc-start>
<gc-op id="190" type="mark increment" timems="16.555" contextid="165" timestamp="2019-08-09T00:17:18.322">
  <trace-info objectcount="7115" scancount="7092" scanbytes="169408" />
  <cardclean-info objects="1482" bytes="45324" />
  <finalization candidates="13" enqueued="0" />
  <references type="soft" candidates="66" cleared="0" enqueued="0" dynamicThreshold="12" maxThreshold="32" />
  <references type="weak" candidates="143" cleared="0" enqueued="0" />
  <references type="phantom" candidates="57" cleared="0" enqueued="0" />
  <stringconstants candidates="3837" cleared="0"  />
</gc-op>
<gc-op id="191" type="classunload" timems="0.003" contextid="165" timestamp="2019-08-09T00:17:18.322">
  <classunload-info classloadercandidates="6" classloadersunloaded="0" classesunloaded="0" anonymousclassesunloaded="0" quiescems="0.000" setupms="0.002" scanms="0.000" postms="0.000" />
</gc-op>
<gc-end id="192" type="global mark phase" contextid="165" durationms="16.906" usertimems="10.217" systemtimems="16.501" timestamp="2019-08-09T00:17:18.322" activeThreads="16">
  <mem-info id="193" free="6291456" total="31457280" percent="20">
    <remembered-set count="8032" freebytes="1225472" totalbytes="1257600" percent="97" regionsoverflowed="0" regionsstable="0" regionsrebuilding="0"/>
  </mem-info>
</gc-end>
<cycle-end id="194" type="global mark phase" contextid="165" timestamp="2019-08-09T00:17:18.322" />
  <attribute name="elasticGC enabled" value="1" />
  <attribute name= "numThreadsSpecified" value="16" />
  <attribute name="heapSize specified" value="0" />
  <attribute name="Current GC Util" value="188" />
  <attribute name= "Current Time Running" value="48542" />
  <attribute name ="GC Interval" value="0" />
  <attribute name="Target GC Util Change" value ="80.000000" />
  <attribute name="Current GC Util Change" value="188.000000"/>
  <attribute name="Current Error" value="-169.000000" />
  <attribute name="Output H" value="31495024"/>
  <attribute name="Output I" value="1904"/>
  <attribute name="Output T" value="16"/>
  <attribute name= "Current Time Running" value="48542" />
  <attribute name="GC Util currently" value="188" />
  <attribute name="CPU Util currently" value="588757540141" />
<exclusive-end id="195" timestamp="2019-08-09T00:17:18.322" durationms="17.529" />

<exclusive-start id="196" timestamp="2019-08-09T00:17:21.167" intervalms="2861.799">
  <response-info timems="0.158" idlems="0.158" threads="0" lastid="00000000022E6700" lastname="node-9" />
</exclusive-start>
<allocation-taxation id="197" taxation-threshold="6291456" timestamp="2019-08-09T00:17:21.167" intervalms="2861.787" />
<cycle-start id="198" type="partial gc" contextid="0" timestamp="2019-08-09T00:17:21.167" intervalms="6194.459" />
<gc-start id="199" type="partial gc" contextid="198" timestamp="2019-08-09T00:17:21.167">
  <mem-info id="200" free="0" total="31457280" percent="0">
    <mem type="eden" free="0" total="12582912" percent="0" />
    <remembered-set count="8032" freebytes="1225472" totalbytes="1257600" percent="97" regionsoverflowed="0" regionsstable="0" regionsrebuilding="0"/>
  </mem-info>
</gc-start>
<allocation-stats totalBytes="12571880" >
  <allocated-bytes non-tlh="0" tlh="12571880" arrayletleaf="0"/>
  <largest-consumer threadName="node-8" threadId="000000000231B200" bytes="331088" />
</allocation-stats>
<gc-op id="201" type="sweep" timems="3.516" contextid="198" timestamp="2019-08-09T00:17:21.171" />
<gc-op id="202" type="copy forward" timems="15.608" contextid="198" timestamp="2019-08-09T00:17:21.187">
  <memory-copied type="eden" objects="4019" bytes="95536" bytesdiscarded="10749" />
  <memory-copied type="other" objects="6960" bytes="167040" bytesdiscarded="6187" />
  <memory-cardclean objects="1368" bytes="44984" />
  <regions eden="3" other="4" />
  <remembered-set-cleared processed="2550" cleared="396" durationms="0.104" />
  <stringconstants candidates="3837" cleared="0"  />
</gc-op>
<gc-op id="203" type="classunload" timems="0.003" contextid="198" timestamp="2019-08-09T00:17:21.187">
  <classunload-info classloadercandidates="6" classloadersunloaded="0" classesunloaded="0" anonymousclassesunloaded="0" quiescems="0.000" setupms="0.002" scanms="0.000" postms="0.000" />
</gc-op>
<gc-end id="204" type="partial gc" contextid="198" durationms="20.363" usertimems="13.008" systemtimems="26.016" timestamp="2019-08-09T00:17:21.187" activeThreads="16">
  <mem-info id="205" free="16777216" total="31457280" percent="53">
    <mem type="eden" free="1888552" total="2097152" percent="90" />
    <remembered-set count="7008" freebytes="1229568" totalbytes="1257600" percent="97" regionsoverflowed="0" regionsstable="0" regionsrebuilding="0"/>
  </mem-info>
</gc-end>
<cycle-end id="206" type="partial gc" contextid="198" timestamp="2019-08-09T00:17:21.187" />
  <attribute name="elasticGC enabled" value="1" />
  <attribute name= "numThreadsSpecified" value="16" />
  <attribute name="heapSize specified" value="0" />
  <attribute name="Current GC Util" value="117" />
  <attribute name= "Current Time Running" value="51405" />
  <attribute name ="GC Interval" value="0" />
  <attribute name="Target GC Util Change" value ="80.000000" />
  <attribute name="Current GC Util Change" value="117.000000"/>
  <attribute name="Current Error" value="57.000000" />
  <attribute name="Output H" value="31495152"/>
  <attribute name="Output I" value="2032"/>
  <attribute name="Output T" value="16"/>
  <attribute name= "Current Time Running" value="51405" />
  <attribute name="GC Util currently" value="117" />
  <attribute name="CPU Util currently" value="2102785423190" />
<exclusive-end id="207" timestamp="2019-08-09T00:17:21.188" durationms="21.267" />

<exclusive-start id="208" timestamp="2019-08-09T00:17:24.380" intervalms="3213.726">
  <response-info timems="0.061" idlems="0.061" threads="0" lastid="00000000022E2B00" lastname="node-12" />
</exclusive-start>
<allocation-taxation id="209" taxation-threshold="6291456" timestamp="2019-08-09T00:17:24.380" intervalms="3213.733" />
<cycle-start id="210" type="global mark phase" contextid="0" timestamp="2019-08-09T00:17:24.381" intervalms="11575.540" />
<gc-start id="211" type="global mark phase" contextid="210" timestamp="2019-08-09T00:17:24.381">
  <mem-info id="212" free="10485760" total="31457280" percent="33">
    <remembered-set count="7008" freebytes="1229568" totalbytes="1257600" percent="97" regionsoverflowed="0" regionsstable="0" regionsrebuilding="0"/>
  </mem-info>
</gc-start>
<gc-op id="213" type="mark increment" timems="6.625" contextid="210" timestamp="2019-08-09T00:17:24.387">
  <trace-info objectcount="145006" scancount="134477" scanbytes="5306600" />
</gc-op>
<gc-end id="214" type="global mark phase" contextid="210" durationms="6.664" usertimems="21.980" systemtimems="3.084" timestamp="2019-08-09T00:17:24.387" activeThreads="16">
  <mem-info id="215" free="10485760" total="31457280" percent="33">
    <remembered-set count="7008" freebytes="1229568" totalbytes="1257600" percent="97" regionsoverflowed="0" regionsstable="0" regionsrebuilding="0"/>
  </mem-info>
</gc-end>
<exclusive-end id="216" timestamp="2019-08-09T00:17:24.388" durationms="7.240" />

<exclusive-start id="217" timestamp="2019-08-09T00:17:27.785" intervalms="3404.193">
  <response-info timems="0.186" idlems="0.119" threads="2" lastid="00000000022E6700" lastname="node-9" />
</exclusive-start>
<allocation-taxation id="218" taxation-threshold="6291456" timestamp="2019-08-09T00:17:27.785" intervalms="3404.204" />
<cycle-start id="219" type="partial gc" contextid="0" timestamp="2019-08-09T00:17:27.786" intervalms="6618.739" />
<gc-start id="220" type="partial gc" contextid="219" timestamp="2019-08-09T00:17:27.786">
  <mem-info id="221" free="4194304" total="31457280" percent="13">
    <mem type="eden" free="0" total="12582912" percent="0" />
    <remembered-set count="7008" freebytes="1229568" totalbytes="1257600" percent="97" regionsoverflowed="0" regionsstable="0" regionsrebuilding="0"/>
  </mem-info>
</gc-start>
<allocation-stats totalBytes="12573536" >
  <allocated-bytes non-tlh="0" tlh="12573536" arrayletleaf="0"/>
  <largest-consumer threadName="node-9" threadId="00000000022E6700" bytes="286704" />
</allocation-stats>
<gc-op id="222" type="copy forward" timems="17.897" contextid="219" timestamp="2019-08-09T00:17:27.804">
  <memory-copied type="eden" objects="9199" bytes="219856" bytesdiscarded="25048" />
  <memory-copied type="other" objects="8130" bytes="195120" bytesdiscarded="16072" />
  <memory-cardclean objects="1441" bytes="46840" />
  <regions eden="6" other="1" />
  <remembered-set-cleared processed="2426" cleared="248" durationms="0.239" />
  <stringconstants candidates="3837" cleared="0"  />
</gc-op>
<gc-op id="223" type="classunload" timems="0.003" contextid="219" timestamp="2019-08-09T00:17:27.805">
  <classunload-info classloadercandidates="6" classloadersunloaded="0" classesunloaded="0" anonymousclassesunloaded="0" quiescems="0.000" setupms="0.002" scanms="0.000" postms="0.000" />
</gc-op>
<gc-end id="224" type="partial gc" contextid="219" durationms="18.962" usertimems="12.201" systemtimems="19.152" timestamp="2019-08-09T00:17:27.805" activeThreads="16">
  <mem-info id="225" free="14680064" total="31457280" percent="46">
    <mem type="eden" free="1852248" total="2097152" percent="88" />
    <remembered-set count="7584" freebytes="1227264" totalbytes="1257600" percent="97" regionsoverflowed="0" regionsstable="0" regionsrebuilding="0"/>
  </mem-info>
</gc-end>
<cycle-end id="226" type="partial gc" contextid="219" timestamp="2019-08-09T00:17:27.805" />
  <attribute name="elasticGC enabled" value="1" />
  <attribute name= "numThreadsSpecified" value="16" />
  <attribute name="heapSize specified" value="0" />
  <attribute name="Current GC Util" value="124" />
  <attribute name= "Current Time Running" value="58020" />
  <attribute name ="GC Interval" value="0" />
  <attribute name="Target GC Util Change" value ="80.000000" />
  <attribute name="Current GC Util Change" value="124.000000"/>
  <attribute name="Current Error" value="36.000000" />
  <attribute name="Output H" value="31495144"/>
  <attribute name="Output I" value="2024"/>
  <attribute name="Output T" value="16"/>
  <attribute name= "Current Time Running" value="58020" />
  <attribute name="GC Util currently" value="124" />
  <attribute name="CPU Util currently" value="1952925861448" />
<exclusive-end id="227" timestamp="2019-08-09T00:17:27.805" durationms="20.551" />

<exclusive-start id="228" timestamp="2019-08-09T00:17:30.481" intervalms="2696.694">
  <response-info timems="0.037" idlems="0.037" threads="0" lastid="0000000002339100" lastname="node-3" />
</exclusive-start>
<allocation-taxation id="229" taxation-threshold="6291456" timestamp="2019-08-09T00:17:30.481" intervalms="2696.701" />
<gc-start id="230" type="global mark phase" contextid="210" timestamp="2019-08-09T00:17:30.481">
  <mem-info id="231" free="8388608" total="31457280" percent="26">
    <remembered-set count="7584" freebytes="1227264" totalbytes="1257600" percent="97" regionsoverflowed="0" regionsstable="0" regionsrebuilding="0"/>
  </mem-info>
</gc-start>
<gc-op id="232" type="mark increment" timems="12.720" contextid="210" timestamp="2019-08-09T00:17:30.494">
  <trace-info objectcount="8654" scancount="8630" scanbytes="206312" />
  <cardclean-info objects="1433" bytes="47464" />
  <finalization candidates="13" enqueued="0" />
  <references type="soft" candidates="66" cleared="0" enqueued="0" dynamicThreshold="14" maxThreshold="32" />
  <references type="weak" candidates="143" cleared="0" enqueued="0" />
  <references type="phantom" candidates="57" cleared="0" enqueued="0" />
  <stringconstants candidates="3837" cleared="0"  />
</gc-op>
<gc-op id="233" type="classunload" timems="0.002" contextid="210" timestamp="2019-08-09T00:17:30.494">
  <classunload-info classloadercandidates="6" classloadersunloaded="0" classesunloaded="0" anonymousclassesunloaded="0" quiescems="0.000" setupms="0.002" scanms="0.000" postms="0.000" />
</gc-op>
<gc-end id="234" type="global mark phase" contextid="210" durationms="12.929" usertimems="8.961" systemtimems="10.123" timestamp="2019-08-09T00:17:30.494" activeThreads="16">
  <mem-info id="235" free="8388608" total="31457280" percent="26">
    <remembered-set count="7584" freebytes="1227264" totalbytes="1257600" percent="97" regionsoverflowed="0" regionsstable="0" regionsrebuilding="0"/>
  </mem-info>
</gc-end>
<cycle-end id="236" type="global mark phase" contextid="210" timestamp="2019-08-09T00:17:30.494" />
  <attribute name="elasticGC enabled" value="1" />
  <attribute name= "numThreadsSpecified" value="16" />
  <attribute name="heapSize specified" value="0" />
  <attribute name="Current GC Util" value="61" />
  <attribute name= "Current Time Running" value="60718" />
  <attribute name ="GC Interval" value="0" />
  <attribute name="Target GC Util Change" value ="80.000000" />
  <attribute name="Current GC Util Change" value="61.000000"/>
  <attribute name="Current Error" value="73.000000" />
  <attribute name="Output H" value="31495168"/>
  <attribute name="Output I" value="2048"/>
  <attribute name="Output T" value="16"/>
  <attribute name= "Current Time Running" value="60718" />
  <attribute name="GC Util currently" value="61" />
  <attribute name="CPU Util currently" value="512862469947" />
<exclusive-end id="237" timestamp="2019-08-09T00:17:30.495" durationms="13.426" />

<exclusive-start id="238" timestamp="2019-08-09T00:17:33.451" intervalms="2969.776">
  <response-info timems="0.415" idlems="0.232" threads="1" lastid="0000000002339100" lastname="node-3" />
</exclusive-start>
<allocation-taxation id="239" taxation-threshold="6291456" timestamp="2019-08-09T00:17:33.451" intervalms="2969.780" />
<cycle-start id="240" type="partial gc" contextid="0" timestamp="2019-08-09T00:17:33.451" intervalms="5665.630" />
<gc-start id="241" type="partial gc" contextid="240" timestamp="2019-08-09T00:17:33.451">
  <mem-info id="242" free="2097152" total="31457280" percent="6">
    <mem type="eden" free="0" total="12582912" percent="0" />
    <remembered-set count="7584" freebytes="1227264" totalbytes="1257600" percent="97" regionsoverflowed="0" regionsstable="0" regionsrebuilding="0"/>
  </mem-info>
</gc-start>
<allocation-stats totalBytes="12567192" >
  <allocated-bytes non-tlh="0" tlh="12567192" arrayletleaf="0"/>
  <largest-consumer threadName="node-7" threadId="00000000022F5600" bytes="303096" />
</allocation-stats>
<gc-op id="243" type="sweep" timems="5.158" contextid="240" timestamp="2019-08-09T00:17:33.457" />
<gc-op id="244" type="copy forward" timems="18.545" contextid="240" timestamp="2019-08-09T00:17:33.481">
  <memory-copied type="eden" objects="4245" bytes="101568" bytesdiscarded="8840" />
  <memory-copied type="other" objects="8431" bytes="202344" bytesdiscarded="7888" />
  <memory-cardclean objects="1374" bytes="45304" />
  <regions eden="3" other="4" />
  <remembered-set-cleared processed="2518" cleared="369" durationms="0.500" />
  <stringconstants candidates="3837" cleared="0"  />
</gc-op>
<gc-op id="245" type="classunload" timems="0.003" contextid="240" timestamp="2019-08-09T00:17:33.481">
  <classunload-info classloadercandidates="6" classloadersunloaded="0" classesunloaded="0" anonymousclassesunloaded="0" quiescems="0.000" setupms="0.003" scanms="0.000" postms="0.000" />
</gc-op>
<gc-end id="246" type="partial gc" contextid="240" durationms="30.007" usertimems="14.009" systemtimems="23.027" timestamp="2019-08-09T00:17:33.481" activeThreads="16">
  <mem-info id="247" free="16777216" total="31457280" percent="53">
    <mem type="eden" free="1894304" total="2097152" percent="90" />
    <remembered-set count="5984" freebytes="1233664" totalbytes="1257600" percent="98" regionsoverflowed="0" regionsstable="0" regionsrebuilding="0"/>
  </mem-info>
</gc-end>
<cycle-end id="248" type="partial gc" contextid="240" timestamp="2019-08-09T00:17:33.481" />
  <attribute name="elasticGC enabled" value="1" />
  <attribute name= "numThreadsSpecified" value="16" />
  <attribute name="heapSize specified" value="0" />
  <attribute name="Current GC Util" value="22" />
  <attribute name= "Current Time Running" value="63696" />
  <attribute name ="GC Interval" value="0" />
  <attribute name="Target GC Util Change" value ="80.000000" />
  <attribute name="Current GC Util Change" value="22.000000"/>
  <attribute name="Current Error" value="24.000000" />
  <attribute name="Output H" value="31495136"/>
  <attribute name="Output I" value="2016"/>
  <attribute name="Output T" value="16"/>
  <attribute name= "Current Time Running" value="63696" />
  <attribute name="GC Util currently" value="22" />
  <attribute name="CPU Util currently" value="209131051124" />
<exclusive-end id="249" timestamp="2019-08-09T00:17:33.482" durationms="30.562" />

<exclusive-start id="250" timestamp="2019-08-09T00:17:36.712" intervalms="3261.324">
  <response-info timems="0.816" idlems="0.816" threads="0" lastid="0000000002322A00" lastname="node-14" />
</exclusive-start>
<allocation-taxation id="251" taxation-threshold="6291456" timestamp="2019-08-09T00:17:36.712" intervalms="3261.321" />
<cycle-start id="252" type="global mark phase" contextid="0" timestamp="2019-08-09T00:17:36.713" intervalms="12331.973" />
<gc-start id="253" type="global mark phase" contextid="252" timestamp="2019-08-09T00:17:36.713">
  <mem-info id="254" free="10485760" total="31457280" percent="33">
    <remembered-set count="5984" freebytes="1233664" totalbytes="1257600" percent="98" regionsoverflowed="0" regionsstable="0" regionsrebuilding="0"/>
  </mem-info>
</gc-start>
<gc-op id="255" type="mark increment" timems="7.526" contextid="252" timestamp="2019-08-09T00:17:36.720">
  <trace-info objectcount="144785" scancount="134256" scanbytes="5301296" />
</gc-op>
<gc-end id="256" type="global mark phase" contextid="252" durationms="7.611" usertimems="13.016" systemtimems="8.863" timestamp="2019-08-09T00:17:36.720" activeThreads="16">
  <mem-info id="257" free="10485760" total="31457280" percent="33">
    <remembered-set count="5984" freebytes="1233664" totalbytes="1257600" percent="98" regionsoverflowed="0" regionsstable="0" regionsrebuilding="0"/>
  </mem-info>
</gc-end>
<exclusive-end id="258" timestamp="2019-08-09T00:17:36.720" durationms="8.101" />

<exclusive-start id="259" timestamp="2019-08-09T00:17:38.940" intervalms="2227.201">
  <response-info timems="0.060" idlems="0.060" threads="0" lastid="00000000022DB300" lastname="node-11" />
</exclusive-start>
<allocation-taxation id="260" taxation-threshold="6291456" timestamp="2019-08-09T00:17:38.940" intervalms="2227.177" />
<cycle-start id="261" type="partial gc" contextid="0" timestamp="2019-08-09T00:17:38.940" intervalms="5488.494" />
<gc-start id="262" type="partial gc" contextid="261" timestamp="2019-08-09T00:17:38.940">
  <mem-info id="263" free="4194304" total="31457280" percent="13">
    <mem type="eden" free="0" total="12582912" percent="0" />
    <remembered-set count="5984" freebytes="1233664" totalbytes="1257600" percent="98" regionsoverflowed="0" regionsstable="0" regionsrebuilding="0"/>
  </mem-info>
</gc-start>
<allocation-stats totalBytes="12576080" >
  <allocated-bytes non-tlh="0" tlh="12576080" arrayletleaf="0"/>
  <largest-consumer threadName="node-16" threadId="00000000022EDF00" bytes="286712" />
</allocation-stats>
<gc-op id="264" type="copy forward" timems="11.698" contextid="261" timestamp="2019-08-09T00:17:38.953">
  <memory-copied type="eden" objects="7319" bytes="177368" bytesdiscarded="8808" />
  <memory-copied type="other" objects="7858" bytes="188592" bytesdiscarded="4560" />
  <memory-cardclean objects="1436" bytes="47712" />
  <regions eden="6" other="1" />
  <remembered-set-cleared processed="2429" cleared="239" durationms="0.091" />
  <stringconstants candidates="3837" cleared="0"  />
</gc-op>
<gc-op id="265" type="classunload" timems="0.002" contextid="261" timestamp="2019-08-09T00:17:38.953">
  <classunload-info classloadercandidates="6" classloadersunloaded="0" classesunloaded="0" anonymousclassesunloaded="0" quiescems="0.000" setupms="0.002" scanms="0.000" postms="0.000" />
</gc-op>
<gc-end id="266" type="partial gc" contextid="261" durationms="12.921" usertimems="10.757" systemtimems="12.801" timestamp="2019-08-09T00:17:38.953" activeThreads="16">
  <mem-info id="267" free="14680064" total="31457280" percent="46">
    <mem type="eden" free="1910976" total="2097152" percent="91" />
    <remembered-set count="7040" freebytes="1229440" totalbytes="1257600" percent="97" regionsoverflowed="0" regionsstable="0" regionsrebuilding="0"/>
  </mem-info>
</gc-end>
<cycle-end id="268" type="partial gc" contextid="261" timestamp="2019-08-09T00:17:38.953" />
  <attribute name="elasticGC enabled" value="1" />
  <attribute name= "numThreadsSpecified" value="16" />
  <attribute name="heapSize specified" value="0" />
  <attribute name="Current GC Util" value="101" />
  <attribute name= "Current Time Running" value="69174" />
  <attribute name ="GC Interval" value="0" />
  <attribute name="Target GC Util Change" value ="80.000000" />
  <attribute name="Current GC Util Change" value="101.000000"/>
  <attribute name="Current Error" value="-21.000000" />
  <attribute name="Output H" value="31495112"/>
  <attribute name="Output I" value="1992"/>
  <attribute name="Output T" value="16"/>
  <attribute name= "Current Time Running" value="69174" />
  <attribute name="GC Util currently" value="101" />
  <attribute name="CPU Util currently" value="1540669494144" />
<exclusive-end id="269" timestamp="2019-08-09T00:17:38.953" durationms="13.612" />

<exclusive-start id="270" timestamp="2019-08-09T00:17:42.126" intervalms="3185.986">
  <response-info timems="0.317" idlems="0.317" threads="0" lastid="0000000002322A00" lastname="node-14" />
</exclusive-start>
<allocation-taxation id="271" taxation-threshold="6291456" timestamp="2019-08-09T00:17:42.126" intervalms="3186.044" />
<gc-start id="272" type="global mark phase" contextid="252" timestamp="2019-08-09T00:17:42.126">
  <mem-info id="273" free="8388608" total="31457280" percent="26">
    <remembered-set count="6848" freebytes="1230208" totalbytes="1257600" percent="97" regionsoverflowed="0" regionsstable="0" regionsrebuilding="0"/>
  </mem-info>
</gc-start>
<gc-op id="274" type="mark increment" timems="22.469" contextid="252" timestamp="2019-08-09T00:17:42.148">
  <trace-info objectcount="7527" scancount="7527" scanbytes="179720" />
  <cardclean-info objects="1539" bytes="48480" />
  <finalization candidates="13" enqueued="0" />
  <references type="soft" candidates="66" cleared="0" enqueued="0" dynamicThreshold="14" maxThreshold="32" />
  <references type="weak" candidates="143" cleared="0" enqueued="0" />
  <references type="phantom" candidates="57" cleared="0" enqueued="0" />
  <stringconstants candidates="3837" cleared="0"  />
</gc-op>
<gc-op id="275" type="classunload" timems="0.002" contextid="252" timestamp="2019-08-09T00:17:42.148">
  <classunload-info classloadercandidates="6" classloadersunloaded="0" classesunloaded="0" anonymousclassesunloaded="0" quiescems="0.000" setupms="0.002" scanms="0.000" postms="0.000" />
</gc-op>
<gc-end id="276" type="global mark phase" contextid="252" durationms="22.585" usertimems="5.603" systemtimems="31.330" timestamp="2019-08-09T00:17:42.148" activeThreads="16">
  <mem-info id="277" free="8388608" total="31457280" percent="26">
    <remembered-set count="6848" freebytes="1230208" totalbytes="1257600" percent="97" regionsoverflowed="0" regionsstable="0" regionsrebuilding="0"/>
  </mem-info>
</gc-end>
<cycle-end id="278" type="global mark phase" contextid="252" timestamp="2019-08-09T00:17:42.149" />
  <attribute name="elasticGC enabled" value="1" />
  <attribute name= "numThreadsSpecified" value="16" />
  <attribute name="heapSize specified" value="0" />
  <attribute name="Current GC Util" value="116" />
  <attribute name= "Current Time Running" value="72367" />
  <attribute name ="GC Interval" value="0" />
  <attribute name="Target GC Util Change" value ="80.000000" />
  <attribute name="Current GC Util Change" value="116.000000"/>
  <attribute name="Current Error" value="31.000000" />
  <attribute name="Output H" value="31495144"/>
  <attribute name="Output I" value="2024"/>
  <attribute name="Output T" value="16"/>
  <attribute name= "Current Time Running" value="72367" />
  <attribute name="GC Util currently" value="116" />
  <attribute name="CPU Util currently" value="343822830341" />
<exclusive-end id="279" timestamp="2019-08-09T00:17:42.149" durationms="23.316" />

<exclusive-start id="280" timestamp="2019-08-09T00:17:44.827" intervalms="2701.633">
  <response-info timems="0.021" idlems="0.021" threads="0" lastid="00000000022E2B00" lastname="node-12" />
</exclusive-start>
<allocation-taxation id="281" taxation-threshold="6291456" timestamp="2019-08-09T00:17:44.827" intervalms="2701.578" />
<cycle-start id="282" type="partial gc" contextid="0" timestamp="2019-08-09T00:17:44.827" intervalms="5887.703" />
<gc-start id="283" type="partial gc" contextid="282" timestamp="2019-08-09T00:17:44.828">
  <mem-info id="284" free="2097152" total="31457280" percent="6">
    <mem type="eden" free="0" total="12582912" percent="0" />
    <remembered-set count="6848" freebytes="1230208" totalbytes="1257600" percent="97" regionsoverflowed="0" regionsstable="0" regionsrebuilding="0"/>
  </mem-info>
</gc-start>
<allocation-stats totalBytes="12575736" >
  <allocated-bytes non-tlh="0" tlh="12575736" arrayletleaf="0"/>
  <largest-consumer threadName="node-16" threadId="00000000022EDF00" bytes="286720" />
</allocation-stats>
<gc-op id="285" type="sweep" timems="3.692" contextid="282" timestamp="2019-08-09T00:17:44.831" />
<gc-op id="286" type="copy forward" timems="29.062" contextid="282" timestamp="2019-08-09T00:17:44.862">
  <memory-copied type="eden" objects="3677" bytes="93144" bytesdiscarded="4372" />
  <memory-copied type="other" objects="7411" bytes="177864" bytesdiscarded="2868" />
  <memory-cardclean objects="1365" bytes="45040" />
  <regions eden="3" other="4" />
  <remembered-set-cleared processed="2513" cleared="360" durationms="0.085" />
  <stringconstants candidates="3837" cleared="0"  />
</gc-op>
<gc-op id="287" type="classunload" timems="0.002" contextid="282" timestamp="2019-08-09T00:17:44.862">
  <classunload-info classloadercandidates="6" classloadersunloaded="0" classesunloaded="0" anonymousclassesunloaded="0" quiescems="0.000" setupms="0.002" scanms="0.000" postms="0.000" />
</gc-op>
<gc-end id="288" type="partial gc" contextid="282" durationms="34.856" usertimems="9.101" systemtimems="48.815" timestamp="2019-08-09T00:17:44.862" activeThreads="16">
  <mem-info id="289" free="16777216" total="31457280" percent="53">
    <mem type="eden" free="1897344" total="2097152" percent="90" />
    <remembered-set count="7008" freebytes="1229568" totalbytes="1257600" percent="97" regionsoverflowed="0" regionsstable="0" regionsrebuilding="0"/>
  </mem-info>
</gc-end>
<cycle-end id="290" type="partial gc" contextid="282" timestamp="2019-08-09T00:17:44.863" />
  <attribute name="elasticGC enabled" value="1" />
  <attribute name= "numThreadsSpecified" value="16" />
  <attribute name="heapSize specified" value="0" />
  <attribute name="Current GC Util" value="74" />
  <attribute name= "Current Time Running" value="75066" />
  <attribute name ="GC Interval" value="0" />
  <attribute name="Target GC Util Change" value ="80.000000" />
  <attribute name="Current GC Util Change" value="74.000000"/>
  <attribute name="Current Error" value="6.000000" />
  <attribute name="Output H" value="31495128"/>
  <attribute name="Output I" value="2008"/>
  <attribute name="Output T" value="16"/>
  <attribute name= "Current Time Running" value="75066" />
  <attribute name="GC Util currently" value="74" />
  <attribute name="CPU Util currently" value="819484662446" />
<exclusive-end id="291" timestamp="2019-08-09T00:17:44.863" durationms="35.481" />

<exclusive-start id="292" timestamp="2019-08-09T00:17:48.441" intervalms="3613.651">
  <response-info timems="1.222" idlems="1.222" threads="0" lastid="000000000231EE00" lastname="node-15" />
</exclusive-start>
<allocation-taxation id="293" taxation-threshold="6291456" timestamp="2019-08-09T00:17:48.441" intervalms="3613.645" />
<cycle-start id="294" type="global mark phase" contextid="0" timestamp="2019-08-09T00:17:48.441" intervalms="11728.651" />
<gc-start id="295" type="global mark phase" contextid="294" timestamp="2019-08-09T00:17:48.441">
  <mem-info id="296" free="10485760" total="31457280" percent="33">
    <remembered-set count="6720" freebytes="1230720" totalbytes="1257600" percent="97" regionsoverflowed="0" regionsstable="0" regionsrebuilding="0"/>
  </mem-info>
</gc-start>
<gc-op id="297" type="mark increment" timems="8.154" contextid="294" timestamp="2019-08-09T00:17:48.449">
  <trace-info objectcount="415" scancount="0" scanbytes="0" />
</gc-op>
<gc-end id="298" type="global mark phase" contextid="294" durationms="8.241" usertimems="4.050" systemtimems="5.484" timestamp="2019-08-09T00:17:48.449" activeThreads="16">
  <mem-info id="299" free="10485760" total="31457280" percent="33">
    <remembered-set count="6720" freebytes="1230720" totalbytes="1257600" percent="97" regionsoverflowed="0" regionsstable="0" regionsrebuilding="0"/>
  </mem-info>
</gc-end>
<concurrent-start id="300" type="GMP work packet processing" contextid="294" timestamp="2019-08-09T00:17:48.450">
  <concurrent-mark-start scanTarget="36431165" />
</concurrent-start>
<exclusive-end id="301" timestamp="2019-08-09T00:17:48.451" durationms="9.699" />

<concurrent-end id="302" type="GMP work packet processing" contextid="294" timestamp="2019-08-09T00:17:48.455">
  <concurrent-mark-end bytesScanned="5296472" reasonForTermination="Completed all work in GC phase" />
</concurrent-end>

<exclusive-start id="303" timestamp="2019-08-09T00:17:51.416" intervalms="2974.758">
  <response-info timems="0.439" idlems="0.439" threads="0" lastid="0000000002313A00" lastname="node-1" />
</exclusive-start>
<allocation-taxation id="304" taxation-threshold="6291456" timestamp="2019-08-09T00:17:51.416" intervalms="2974.760" />
<cycle-start id="305" type="partial gc" contextid="0" timestamp="2019-08-09T00:17:51.416" intervalms="6588.611" />
<gc-start id="306" type="partial gc" contextid="305" timestamp="2019-08-09T00:17:51.416">
  <mem-info id="307" free="4194304" total="31457280" percent="13">
    <mem type="eden" free="0" total="12582912" percent="0" />
    <remembered-set count="6720" freebytes="1230720" totalbytes="1257600" percent="97" regionsoverflowed="0" regionsstable="0" regionsrebuilding="0"/>
  </mem-info>
</gc-start>
<allocation-stats totalBytes="12577120" >
  <allocated-bytes non-tlh="0" tlh="12577120" arrayletleaf="0"/>
  <largest-consumer threadName="node-25" threadId="0000000002335500" bytes="286712" />
</allocation-stats>
<gc-op id="308" type="copy forward" timems="25.327" contextid="305" timestamp="2019-08-09T00:17:51.444">
  <memory-copied type="eden" objects="8361" bytes="199744" bytesdiscarded="17480" />
  <memory-copied type="other" objects="7768" bytes="186432" bytesdiscarded="12704" />
  <memory-cardclean objects="1413" bytes="45168" />
  <regions eden="6" other="1" />
  <remembered-set-cleared processed="2445" cleared="257" durationms="0.566" />
  <stringconstants candidates="3837" cleared="0"  />
</gc-op>
<gc-op id="309" type="classunload" timems="0.003" contextid="305" timestamp="2019-08-09T00:17:51.444">
  <classunload-info classloadercandidates="6" classloadersunloaded="0" classesunloaded="0" anonymousclassesunloaded="0" quiescems="0.000" setupms="0.003" scanms="0.000" postms="0.000" />
</gc-op>
<gc-end id="310" type="partial gc" contextid="305" durationms="27.879" usertimems="20.223" systemtimems="35.650" timestamp="2019-08-09T00:17:51.444" activeThreads="16">
  <mem-info id="311" free="14680064" total="31457280" percent="46">
    <mem type="eden" free="1879928" total="2097152" percent="89" />
    <remembered-set count="8128" freebytes="1225088" totalbytes="1257600" percent="97" regionsoverflowed="0" regionsstable="0" regionsrebuilding="0"/>
  </mem-info>
</gc-end>
<cycle-end id="312" type="partial gc" contextid="305" timestamp="2019-08-09T00:17:51.444" />
  <attribute name="elasticGC enabled" value="1" />
  <attribute name= "numThreadsSpecified" value="16" />
  <attribute name="heapSize specified" value="0" />
  <attribute name="Current GC Util" value="89" />
  <attribute name= "Current Time Running" value="81651" />
  <attribute name ="GC Interval" value="0" />
  <attribute name="Target GC Util Change" value ="80.000000" />
  <attribute name="Current GC Util Change" value="89.000000"/>
  <attribute name="Current Error" value="87.000000" />
  <attribute name="Output H" value="31495176"/>
  <attribute name="Output I" value="2056"/>
  <attribute name="Output T" value="16"/>
  <attribute name= "Current Time Running" value="81651" />
  <attribute name="GC Util currently" value="89" />
  <attribute name="CPU Util currently" value="665122971502" />
<exclusive-end id="313" timestamp="2019-08-09T00:17:51.445" durationms="28.889" />

<exclusive-start id="314" timestamp="2019-08-09T00:17:54.229" intervalms="2813.053">
  <response-info timems="0.028" idlems="0.028" threads="0" lastid="0000000002339100" lastname="node-3" />
</exclusive-start>
<allocation-taxation id="315" taxation-threshold="6291456" timestamp="2019-08-09T00:17:54.229" intervalms="2813.052" />
<gc-start id="316" type="global mark phase" contextid="294" timestamp="2019-08-09T00:17:54.229">
  <mem-info id="317" free="8388608" total="31457280" percent="26">
    <remembered-set count="7648" freebytes="1227008" totalbytes="1257600" percent="97" regionsoverflowed="0" regionsstable="0" regionsrebuilding="0"/>
  </mem-info>
</gc-start>
<gc-op id="318" type="mark increment" timems="16.904" contextid="294" timestamp="2019-08-09T00:17:54.246">
  <trace-info objectcount="8478" scancount="8455" scanbytes="202072" />
  <cardclean-info objects="1446" bytes="46780" />
  <finalization candidates="13" enqueued="0" />
  <references type="soft" candidates="66" cleared="0" enqueued="0" dynamicThreshold="14" maxThreshold="32" />
  <references type="weak" candidates="143" cleared="0" enqueued="0" />
  <references type="phantom" candidates="57" cleared="0" enqueued="0" />
  <stringconstants candidates="3837" cleared="0"  />
</gc-op>
<gc-op id="319" type="classunload" timems="0.002" contextid="294" timestamp="2019-08-09T00:17:54.246">
  <classunload-info classloadercandidates="6" classloadersunloaded="0" classesunloaded="0" anonymousclassesunloaded="0" quiescems="0.000" setupms="0.001" scanms="0.000" postms="0.000" />
</gc-op>
<gc-end id="320" type="global mark phase" contextid="294" durationms="17.077" usertimems="6.707" systemtimems="26.257" timestamp="2019-08-09T00:17:54.246" activeThreads="16">
  <mem-info id="321" free="8388608" total="31457280" percent="26">
    <remembered-set count="7648" freebytes="1227008" totalbytes="1257600" percent="97" regionsoverflowed="0" regionsstable="0" regionsrebuilding="0"/>
  </mem-info>
</gc-end>
<cycle-end id="322" type="global mark phase" contextid="294" timestamp="2019-08-09T00:17:54.246" />
  <attribute name="elasticGC enabled" value="1" />
  <attribute name= "numThreadsSpecified" value="16" />
  <attribute name="heapSize specified" value="0" />
  <attribute name="Current GC Util" value="115" />
  <attribute name= "Current Time Running" value="84467" />
  <attribute name ="GC Interval" value="0" />
  <attribute name="Target GC Util Change" value ="80.000000" />
  <attribute name="Current GC Util Change" value="115.000000"/>
  <attribute name="Current Error" value="-54.000000" />
  <attribute name="Output H" value="31495096"/>
  <attribute name="Output I" value="1976"/>
  <attribute name="Output T" value="16"/>
  <attribute name= "Current Time Running" value="84467" />
  <attribute name="GC Util currently" value="115" />
  <attribute name="CPU Util currently" value="546566564089" />
<exclusive-end id="323" timestamp="2019-08-09T00:17:54.247" durationms="17.935" />

<exclusive-start id="324" timestamp="2019-08-09T00:17:57.079" intervalms="2850.550">
  <response-info timems="0.816" idlems="0.411" threads="1" lastid="0000000002308200" lastname="node-19" />
</exclusive-start>
<allocation-taxation id="325" taxation-threshold="6291456" timestamp="2019-08-09T00:17:57.079" intervalms="2850.579" />
<cycle-start id="326" type="partial gc" contextid="0" timestamp="2019-08-09T00:17:57.079" intervalms="5663.386" />
<gc-start id="327" type="partial gc" contextid="326" timestamp="2019-08-09T00:17:57.080">
  <mem-info id="328" free="2097152" total="31457280" percent="6">
    <mem type="eden" free="0" total="12582912" percent="0" />
    <remembered-set count="7648" freebytes="1227008" totalbytes="1257600" percent="97" regionsoverflowed="0" regionsstable="0" regionsrebuilding="0"/>
  </mem-info>
</gc-start>
<allocation-stats totalBytes="12578024" >
  <allocated-bytes non-tlh="0" tlh="12578024" arrayletleaf="0"/>
  <largest-consumer threadName="node-23" threadId="000000000232DD00" bytes="286688" />
</allocation-stats>
<gc-op id="329" type="sweep" timems="4.795" contextid="326" timestamp="2019-08-09T00:17:57.085" />
<gc-op id="330" type="copy forward" timems="20.735" contextid="326" timestamp="2019-08-09T00:17:57.106">
  <memory-copied type="eden" objects="4022" bytes="107264" bytesdiscarded="3892" />
  <memory-copied type="other" objects="8302" bytes="199248" bytesdiscarded="5012" />
  <memory-cardclean objects="1394" bytes="46784" />
  <regions eden="3" other="4" />
  <remembered-set-cleared processed="2512" cleared="365" durationms="0.246" />
  <stringconstants candidates="3837" cleared="0"  />
  <heap-resize type="expand" space="default" amount="2097152" count="1" timems="0.075" reason="continue current collection" />
</gc-op>
<gc-op id="331" type="classunload" timems="0.002" contextid="326" timestamp="2019-08-09T00:17:57.106">
  <classunload-info classloadercandidates="6" classloadersunloaded="0" classesunloaded="0" anonymousclassesunloaded="0" quiescems="0.000" setupms="0.002" scanms="0.000" postms="0.000" />
</gc-op>
<gc-end id="332" type="partial gc" contextid="326" durationms="26.963" usertimems="17.049" systemtimems="30.508" timestamp="2019-08-09T00:17:57.107" activeThreads="16">
  <mem-info id="333" free="14680064" total="33554432" percent="43">
    <mem type="eden" free="6077936" total="6291456" percent="96" />
    <remembered-set count="8032" freebytes="1309312" totalbytes="1341440" percent="97" regionsoverflowed="0" regionsstable="0" regionsrebuilding="0"/>
  </mem-info>
</gc-end>
<cycle-end id="334" type="partial gc" contextid="326" timestamp="2019-08-09T00:17:57.107" />
  <attribute name="elasticGC enabled" value="1" />
  <attribute name= "numThreadsSpecified" value="16" />
  <attribute name="heapSize specified" value="0" />
  <attribute name="Current GC Util" value="0" />
  <attribute name= "Current Time Running" value="87319" />
  <attribute name ="GC Interval" value="0" />
  <attribute name="Target GC Util Change" value ="80.000000" />
  <attribute name="Current GC Util Change" value="0.000000"/>
  <attribute name="Current Error" value="62.000000" />
  <attribute name="Output H" value="31495160"/>
  <attribute name="Output I" value="2040"/>
  <attribute name="Output T" value="16"/>
  <attribute name= "Current Time Running" value="87319" />
  <attribute name="GC Util currently" value="0" />
  <attribute name="CPU Util currently" value="1868002005435" />
<exclusive-end id="335" timestamp="2019-08-09T00:17:57.108" durationms="28.749" />

<exclusive-start id="336" timestamp="2019-08-09T00:17:59.657" intervalms="2577.446">
  <response-info timems="0.194" idlems="0.194" threads="0" lastid="000000000230FE00" lastname="node-21" />
</exclusive-start>
<allocation-taxation id="337" taxation-threshold="6291456" timestamp="2019-08-09T00:17:59.657" intervalms="2577.933" />
<cycle-start id="338" type="global mark phase" contextid="0" timestamp="2019-08-09T00:17:59.657" intervalms="11216.254" />
<gc-start id="339" type="global mark phase" contextid="338" timestamp="2019-08-09T00:17:59.658">
  <mem-info id="340" free="8388608" total="33554432" percent="25">
    <remembered-set count="7584" freebytes="1311104" totalbytes="1341440" percent="97" regionsoverflowed="0" regionsstable="0" regionsrebuilding="0"/>
  </mem-info>
</gc-start>
<gc-op id="341" type="mark increment" timems="7.880" contextid="338" timestamp="2019-08-09T00:17:59.665">
  <trace-info objectcount="144396" scancount="133844" scanbytes="5291464" />
</gc-op>
<gc-end id="342" type="global mark phase" contextid="338" durationms="7.935" usertimems="18.826" systemtimems="4.258" timestamp="2019-08-09T00:17:59.665" activeThreads="16">
  <mem-info id="343" free="8388608" total="33554432" percent="25">
    <remembered-set count="7584" freebytes="1311104" totalbytes="1341440" percent="97" regionsoverflowed="0" regionsstable="0" regionsrebuilding="0"/>
  </mem-info>
</gc-end>
<concurrent-start id="344" type="GMP work packet processing" contextid="338" timestamp="2019-08-09T00:17:59.666">
  <concurrent-mark-start scanTarget="34099973" />
</concurrent-start>
<exclusive-end id="345" timestamp="2019-08-09T00:17:59.666" durationms="8.981" />

<concurrent-end id="346" type="GMP work packet processing" contextid="338" timestamp="2019-08-09T00:17:59.670">
  <concurrent-mark-end bytesScanned="0" reasonForTermination="Completed all work in GC phase" />
</concurrent-end>

<exclusive-start id="347" timestamp="2019-08-09T00:18:01.977" intervalms="2320.777">
  <response-info timems="0.512" idlems="0.259" threads="1" lastid="000000000230FE00" lastname="node-21" />
</exclusive-start>
<allocation-taxation id="348" taxation-threshold="6291456" timestamp="2019-08-09T00:18:01.977" intervalms="2320.260" />
<cycle-start id="349" type="partial gc" contextid="0" timestamp="2019-08-09T00:18:01.978" intervalms="4898.196" />
<gc-start id="350" type="partial gc" contextid="349" timestamp="2019-08-09T00:18:01.978">
  <mem-info id="351" free="2097152" total="33554432" percent="6">
    <mem type="eden" free="0" total="12582912" percent="0" />
    <remembered-set count="7584" freebytes="1311104" totalbytes="1341440" percent="97" regionsoverflowed="0" regionsstable="0" regionsrebuilding="0"/>
  </mem-info>
</gc-start>
<allocation-stats totalBytes="12576240" >
  <allocated-bytes non-tlh="0" tlh="12576240" arrayletleaf="0"/>
  <largest-consumer threadName="node-2" threadId="00000000022EA300" bytes="286688" />
</allocation-stats>
<gc-op id="352" type="copy forward" timems="28.126" contextid="349" timestamp="2019-08-09T00:18:02.007">
  <memory-copied type="eden" objects="6713" bytes="166296" bytesdiscarded="9296" />
  <memory-copied type="other" objects="8058" bytes="193392" bytesdiscarded="4216" />
  <memory-cardclean objects="1450" bytes="48128" />
  <regions eden="6" other="3" />
  <remembered-set-cleared processed="2438" cleared="252" durationms="0.078" />
  <stringconstants candidates="3837" cleared="0"  />
  <heap-resize type="expand" space="default" amount="2097152" count="1" timems="0.068" reason="continue current collection" />
</gc-op>
<gc-op id="353" type="classunload" timems="0.004" contextid="349" timestamp="2019-08-09T00:18:02.007">
  <classunload-info classloadercandidates="6" classloadersunloaded="0" classesunloaded="0" anonymousclassesunloaded="0" quiescems="0.000" setupms="0.003" scanms="0.000" postms="0.000" />
</gc-op>
<gc-end id="354" type="partial gc" contextid="349" durationms="29.858" usertimems="11.657" systemtimems="35.135" timestamp="2019-08-09T00:18:02.008" activeThreads="16">
  <mem-info id="355" free="18874368" total="35651584" percent="52">
    <mem type="eden" free="1921560" total="2097152" percent="91" />
    <remembered-set count="6592" freebytes="1398912" totalbytes="1425280" percent="98" regionsoverflowed="0" regionsstable="0" regionsrebuilding="0"/>
  </mem-info>
</gc-end>
<cycle-end id="356" type="partial gc" contextid="349" timestamp="2019-08-09T00:18:02.008" />
  <attribute name="elasticGC enabled" value="1" />
  <attribute name= "numThreadsSpecified" value="16" />
  <attribute name="heapSize specified" value="0" />
  <attribute name="Current GC Util" value="91" />
  <attribute name= "Current Time Running" value="92213" />
  <attribute name ="GC Interval" value="0" />
  <attribute name="Target GC Util Change" value ="80.000000" />
  <attribute name="Current GC Util Change" value="91.000000"/>
  <attribute name="Current Error" value="-216.000000" />
  <attribute name="Output H" value="33592152"/>
  <attribute name="Output I" value="1880"/>
  <attribute name="Output T" value="16"/>
  <attribute name= "Current Time Running" value="92213" />
  <attribute name="GC Util currently" value="91" />
  <attribute name="CPU Util currently" value="869780206981" />
<exclusive-end id="357" timestamp="2019-08-09T00:18:02.008" durationms="30.882" />

<exclusive-start id="358" timestamp="2019-08-09T00:18:06.219" intervalms="4241.899">
  <response-info timems="0.027" idlems="0.027" threads="0" lastid="00000000022FCE00" lastname="node-4" />
</exclusive-start>
<allocation-taxation id="359" taxation-threshold="8388608" timestamp="2019-08-09T00:18:06.219" intervalms="4241.933" />
<gc-start id="360" type="global mark phase" contextid="338" timestamp="2019-08-09T00:18:06.220">
  <mem-info id="361" free="10485760" total="35651584" percent="29">
    <remembered-set count="6240" freebytes="1400320" totalbytes="1425280" percent="98" regionsoverflowed="0" regionsstable="0" regionsrebuilding="0"/>
  </mem-info>
</gc-start>
<gc-op id="362" type="mark increment" timems="18.000" contextid="338" timestamp="2019-08-09T00:18:06.238">
  <trace-info objectcount="8933" scancount="8910" scanbytes="212976" />
  <cardclean-info objects="1628" bytes="51112" />
  <finalization candidates="13" enqueued="0" />
  <references type="soft" candidates="66" cleared="0" enqueued="0" dynamicThreshold="16" maxThreshold="32" />
  <references type="weak" candidates="143" cleared="0" enqueued="0" />
  <references type="phantom" candidates="57" cleared="0" enqueued="0" />
  <stringconstants candidates="3837" cleared="0"  />
</gc-op>
<gc-op id="363" type="classunload" timems="0.002" contextid="338" timestamp="2019-08-09T00:18:06.238">
  <classunload-info classloadercandidates="6" classloadersunloaded="0" classesunloaded="0" anonymousclassesunloaded="0" quiescems="0.000" setupms="0.002" scanms="0.000" postms="0.000" />
</gc-op>
<gc-end id="364" type="global mark phase" contextid="338" durationms="18.232" usertimems="0.760" systemtimems="27.790" timestamp="2019-08-09T00:18:06.238" activeThreads="16">
  <mem-info id="365" free="10485760" total="35651584" percent="29">
    <remembered-set count="6240" freebytes="1400320" totalbytes="1425280" percent="98" regionsoverflowed="0" regionsstable="0" regionsrebuilding="0"/>
  </mem-info>
</gc-end>
<cycle-end id="366" type="global mark phase" contextid="338" timestamp="2019-08-09T00:18:06.238" />
  <attribute name="elasticGC enabled" value="1" />
  <attribute name= "numThreadsSpecified" value="16" />
  <attribute name="heapSize specified" value="0" />
  <attribute name="Current GC Util" value="153" />
  <attribute name= "Current Time Running" value="96458" />
  <attribute name ="GC Interval" value="0" />
  <attribute name="Target GC Util Change" value ="80.000000" />
  <attribute name="Current GC Util Change" value="153.000000"/>
  <attribute name="Current Error" value="-31.000000" />
  <attribute name="Output H" value="35689408"/>
  <attribute name="Output I" value="1984"/>
  <attribute name="Output T" value="16"/>
  <attribute name= "Current Time Running" value="96458" />
  <attribute name="GC Util currently" value="153" />
  <attribute name="CPU Util currently" value="623810457503" />
<exclusive-end id="367" timestamp="2019-08-09T00:18:06.238" durationms="18.993" />

<exclusive-start id="368" timestamp="2019-08-09T00:18:09.831" intervalms="3611.210">
  <response-info timems="0.025" idlems="0.025" threads="0" lastid="00000000022F1B00" lastname="node-6" />
</exclusive-start>
<allocation-taxation id="369" taxation-threshold="8388608" timestamp="2019-08-09T00:18:09.831" intervalms="3611.187" />
<cycle-start id="370" type="partial gc" contextid="0" timestamp="2019-08-09T00:18:09.831" intervalms="7853.075" />
<gc-start id="371" type="partial gc" contextid="370" timestamp="2019-08-09T00:18:09.831">
  <mem-info id="372" free="2097152" total="35651584" percent="5">
    <mem type="eden" free="0" total="16777216" percent="0" />
    <remembered-set count="6240" freebytes="1400320" totalbytes="1425280" percent="98" regionsoverflowed="0" regionsstable="0" regionsrebuilding="0"/>
  </mem-info>
</gc-start>
<allocation-stats totalBytes="16768640" >
  <allocated-bytes non-tlh="0" tlh="16768640" arrayletleaf="0"/>
  <largest-consumer threadName="node-7" threadId="00000000022F5600" bytes="389104" />
</allocation-stats>
<gc-op id="373" type="sweep" timems="7.232" contextid="370" timestamp="2019-08-09T00:18:09.838" />
<gc-op id="374" type="copy forward" timems="24.114" contextid="370" timestamp="2019-08-09T00:18:09.864">
  <memory-copied type="eden" objects="4796" bytes="116816" bytesdiscarded="13385" />
  <memory-copied type="other" objects="8796" bytes="211104" bytesdiscarded="10735" />
  <memory-cardclean objects="1419" bytes="47128" />
  <regions eden="4" other="5" />
  <remembered-set-cleared processed="2502" cleared="355" durationms="0.259" />
  <stringconstants candidates="3837" cleared="0"  />
</gc-op>
<gc-op id="375" type="classunload" timems="0.002" contextid="370" timestamp="2019-08-09T00:18:09.864">
  <classunload-info classloadercandidates="6" classloadersunloaded="0" classesunloaded="0" anonymousclassesunloaded="0" quiescems="0.000" setupms="0.002" scanms="0.000" postms="0.000" />
</gc-op>
<gc-end id="376" type="partial gc" contextid="370" durationms="33.093" usertimems="15.642" systemtimems="35.153" timestamp="2019-08-09T00:18:09.864" activeThreads="16">
  <mem-info id="377" free="20971520" total="35651584" percent="58">
    <mem type="eden" free="1820424" total="2097152" percent="86" />
    <remembered-set count="7008" freebytes="1397248" totalbytes="1425280" percent="98" regionsoverflowed="0" regionsstable="0" regionsrebuilding="0"/>
  </mem-info>
</gc-end>
<cycle-end id="378" type="partial gc" contextid="370" timestamp="2019-08-09T00:18:09.864" />
  <attribute name="elasticGC enabled" value="1" />
  <attribute name= "numThreadsSpecified" value="16" />
  <attribute name="heapSize specified" value="0" />
  <attribute name="Current GC Util" value="122" />
  <attribute name= "Current Time Running" value="100073" />
  <attribute name ="GC Interval" value="0" />
  <attribute name="Target GC Util Change" value ="80.000000" />
  <attribute name="Current GC Util Change" value="122.000000"/>
  <attribute name="Current Error" value="-24.000000" />
  <attribute name="Output H" value="35689416"/>
  <attribute name="Output I" value="1992"/>
  <attribute name="Output T" value="16"/>
  <attribute name= "Current Time Running" value="100073" />
  <attribute name="GC Util currently" value="122" />
  <attribute name="CPU Util currently" value="1218792348056" />
<exclusive-end id="379" timestamp="2019-08-09T00:18:09.864" durationms="33.909" />

<exclusive-start id="380" timestamp="2019-08-09T00:18:13.948" intervalms="4117.543">
  <response-info timems="1.867" idlems="1.867" threads="0" lastid="00000000022DEF00" lastname="node-20" />
</exclusive-start>
<allocation-taxation id="381" taxation-threshold="8388608" timestamp="2019-08-09T00:18:13.948" intervalms="4117.666" />
<cycle-start id="382" type="global mark phase" contextid="0" timestamp="2019-08-09T00:18:13.948" intervalms="14290.988" />
<gc-start id="383" type="global mark phase" contextid="382" timestamp="2019-08-09T00:18:13.948">
  <mem-info id="384" free="12582912" total="35651584" percent="35">
    <remembered-set count="6592" freebytes="1398912" totalbytes="1425280" percent="98" regionsoverflowed="0" regionsstable="0" regionsrebuilding="0"/>
  </mem-info>
</gc-start>
<gc-op id="385" type="mark increment" timems="8.022" contextid="382" timestamp="2019-08-09T00:18:13.956">
  <trace-info objectcount="34306" scancount="15256" scanbytes="779008" />
</gc-op>
<gc-end id="386" type="global mark phase" contextid="382" durationms="8.093" usertimems="2.460" systemtimems="10.708" timestamp="2019-08-09T00:18:13.957" activeThreads="16">
  <mem-info id="387" free="12582912" total="35651584" percent="35">
    <remembered-set count="6592" freebytes="1398912" totalbytes="1425280" percent="98" regionsoverflowed="0" regionsstable="0" regionsrebuilding="0"/>
  </mem-info>
</gc-end>
<concurrent-start id="388" type="GMP work packet processing" contextid="382" timestamp="2019-08-09T00:18:13.957">
  <concurrent-mark-start scanTarget="31709701" />
</concurrent-start>
<exclusive-end id="389" timestamp="2019-08-09T00:18:13.957" durationms="9.196" />

<concurrent-end id="390" type="GMP work packet processing" contextid="382" timestamp="2019-08-09T00:18:13.962">
  <concurrent-mark-end bytesScanned="4506064" reasonForTermination="Completed all work in GC phase" />
</concurrent-end>

<exclusive-start id="391" timestamp="2019-08-09T00:18:17.996" intervalms="4047.752">
  <response-info timems="0.039" idlems="0.039" threads="0" lastid="000000000232DD00" lastname="node-23" />
</exclusive-start>
<allocation-taxation id="392" taxation-threshold="8388608" timestamp="2019-08-09T00:18:17.996" intervalms="4047.620" />
<cycle-start id="393" type="partial gc" contextid="0" timestamp="2019-08-09T00:18:17.996" intervalms="8165.302" />
<gc-start id="394" type="partial gc" contextid="393" timestamp="2019-08-09T00:18:17.996">
  <mem-info id="395" free="4194304" total="35651584" percent="11">
    <mem type="eden" free="0" total="16777216" percent="0" />
    <remembered-set count="6592" freebytes="1398912" totalbytes="1425280" percent="98" regionsoverflowed="0" regionsstable="0" regionsrebuilding="0"/>
  </mem-info>
</gc-start>
<allocation-stats totalBytes="16765448" >
  <allocated-bytes non-tlh="0" tlh="16765448" arrayletleaf="0"/>
  <largest-consumer threadName="node-9" threadId="00000000022E6700" bytes="409560" />
</allocation-stats>
<gc-op id="396" type="copy forward" timems="23.820" contextid="393" timestamp="2019-08-09T00:18:18.022">
  <memory-copied type="eden" objects="10829" bytes="258976" bytesdiscarded="28672" />
  <memory-copied type="other" objects="10332" bytes="247968" bytesdiscarded="9632" />
  <memory-cardclean objects="1531" bytes="49552" />
  <regions eden="8" other="1" />
  <remembered-set-cleared processed="2468" cleared="282" durationms="0.073" />
  <stringconstants candidates="3837" cleared="0"  />
</gc-op>
<gc-op id="397" type="classunload" timems="0.003" contextid="393" timestamp="2019-08-09T00:18:18.022">
  <classunload-info classloadercandidates="6" classloadersunloaded="0" classesunloaded="0" anonymousclassesunloaded="0" quiescems="0.000" setupms="0.002" scanms="0.000" postms="0.000" />
</gc-op>
<gc-end id="398" type="partial gc" contextid="393" durationms="26.036" usertimems="23.663" systemtimems="28.751" timestamp="2019-08-09T00:18:18.022" activeThreads="16">
  <mem-info id="399" free="18874368" total="35651584" percent="52">
    <mem type="eden" free="1809504" total="2097152" percent="86" />
    <remembered-set count="8640" freebytes="1390720" totalbytes="1425280" percent="97" regionsoverflowed="0" regionsstable="0" regionsrebuilding="0"/>
  </mem-info>
</gc-end>
<cycle-end id="400" type="partial gc" contextid="393" timestamp="2019-08-09T00:18:18.022" />
  <attribute name="elasticGC enabled" value="1" />
  <attribute name= "numThreadsSpecified" value="16" />
  <attribute name="heapSize specified" value="0" />
  <attribute name="Current GC Util" value="69" />
  <attribute name= "Current Time Running" value="108231" />
  <attribute name ="GC Interval" value="0" />
  <attribute name="Target GC Util Change" value ="80.000000" />
  <attribute name="Current GC Util Change" value="69.000000"/>
  <attribute name="Current Error" value="-69.000000" />
  <attribute name="Output H" value="35689392"/>
  <attribute name="Output I" value="1968"/>
  <attribute name="Output T" value="16"/>
  <attribute name= "Current Time Running" value="108231" />
  <attribute name="GC Util currently" value="69" />
  <attribute name="CPU Util currently" value="652028209561" />
<exclusive-end id="401" timestamp="2019-08-09T00:18:18.023" durationms="26.930" />

<exclusive-start id="402" timestamp="2019-08-09T00:18:22.375" intervalms="4379.476">
  <response-info timems="0.168" idlems="0.168" threads="0" lastid="000000000232DD00" lastname="node-23" />
</exclusive-start>
<allocation-taxation id="403" taxation-threshold="8388608" timestamp="2019-08-09T00:18:22.375" intervalms="4379.493" />
<gc-start id="404" type="global mark phase" contextid="382" timestamp="2019-08-09T00:18:22.376">
  <mem-info id="405" free="10485760" total="35651584" percent="29">
    <remembered-set count="8160" freebytes="1392640" totalbytes="1425280" percent="97" regionsoverflowed="0" regionsstable="0" regionsrebuilding="0"/>
  </mem-info>
</gc-start>
<gc-op id="406" type="mark increment" timems="23.153" contextid="382" timestamp="2019-08-09T00:18:22.399">
  <trace-info objectcount="11506" scancount="11468" scanbytes="274360" />
  <cardclean-info objects="1653" bytes="51960" />
  <finalization candidates="13" enqueued="0" />
  <references type="soft" candidates="66" cleared="0" enqueued="0" dynamicThreshold="16" maxThreshold="32" />
  <references type="weak" candidates="143" cleared="0" enqueued="0" />
  <references type="phantom" candidates="57" cleared="0" enqueued="0" />
  <stringconstants candidates="3837" cleared="0"  />
</gc-op>
<gc-op id="407" type="classunload" timems="0.003" contextid="382" timestamp="2019-08-09T00:18:22.399">
  <classunload-info classloadercandidates="6" classloadersunloaded="0" classesunloaded="0" anonymousclassesunloaded="0" quiescems="0.000" setupms="0.003" scanms="0.000" postms="0.000" />
</gc-op>
<gc-end id="408" type="global mark phase" contextid="382" durationms="23.381" usertimems="10.246" systemtimems="24.205" timestamp="2019-08-09T00:18:22.399" activeThreads="16">
  <mem-info id="409" free="10485760" total="35651584" percent="29">
    <remembered-set count="8160" freebytes="1392640" totalbytes="1425280" percent="97" regionsoverflowed="0" regionsstable="0" regionsrebuilding="0"/>
  </mem-info>
</gc-end>
<cycle-end id="410" type="global mark phase" contextid="382" timestamp="2019-08-09T00:18:22.399" />
  <attribute name="elasticGC enabled" value="1" />
  <attribute name= "numThreadsSpecified" value="16" />
  <attribute name="heapSize specified" value="0" />
  <attribute name="Current GC Util" value="89" />
  <attribute name= "Current Time Running" value="112621" />
  <attribute name ="GC Interval" value="0" />
  <attribute name="Target GC Util Change" value ="80.000000" />
  <attribute name="Current GC Util Change" value="89.000000"/>
  <attribute name="Current Error" value="64.000000" />
  <attribute name="Output H" value="35689464"/>
  <attribute name="Output I" value="2040"/>
  <attribute name="Output T" value="16"/>
  <attribute name= "Current Time Running" value="112621" />
  <attribute name="GC Util currently" value="89" />
  <attribute name="CPU Util currently" value="187523837898" />
<exclusive-end id="411" timestamp="2019-08-09T00:18:22.399" durationms="23.830" />

<exclusive-start id="412" timestamp="2019-08-09T00:18:25.911" intervalms="3536.059">
  <response-info timems="0.042" idlems="0.042" threads="0" lastid="0000000002322A00" lastname="node-14" />
</exclusive-start>
<allocation-taxation id="413" taxation-threshold="8388608" timestamp="2019-08-09T00:18:25.911" intervalms="3536.051" />
<cycle-start id="414" type="partial gc" contextid="0" timestamp="2019-08-09T00:18:25.914" intervalms="7917.552" />
<gc-start id="415" type="partial gc" contextid="414" timestamp="2019-08-09T00:18:25.914">
  <mem-info id="416" free="2097152" total="35651584" percent="5">
    <mem type="eden" free="0" total="16777216" percent="0" />
    <remembered-set count="8160" freebytes="1392640" totalbytes="1425280" percent="97" regionsoverflowed="0" regionsstable="0" regionsrebuilding="0"/>
  </mem-info>
</gc-start>
<allocation-stats totalBytes="16771216" >
  <allocated-bytes non-tlh="0" tlh="16771216" arrayletleaf="0"/>
  <largest-consumer threadName="node-8" threadId="000000000231B200" bytes="430048" />
</allocation-stats>
<gc-op id="417" type="sweep" timems="6.295" contextid="414" timestamp="2019-08-09T00:18:25.920" />
<gc-op id="418" type="copy forward" timems="14.601" contextid="414" timestamp="2019-08-09T00:18:25.937">
  <memory-copied type="eden" objects="4815" bytes="123752" bytesdiscarded="12191" />
  <memory-copied type="other" objects="11273" bytes="270552" bytesdiscarded="2737" />
  <memory-cardclean objects="1466" bytes="48512" />
  <regions eden="4" other="5" />
  <remembered-set-cleared processed="2553" cleared="406" durationms="0.237" />
  <stringconstants candidates="3837" cleared="0"  />
</gc-op>
<gc-op id="419" type="classunload" timems="0.003" contextid="414" timestamp="2019-08-09T00:18:25.937">
  <classunload-info classloadercandidates="6" classloadersunloaded="0" classesunloaded="0" anonymousclassesunloaded="0" quiescems="0.000" setupms="0.002" scanms="0.000" postms="0.000" />
</gc-op>
<gc-end id="420" type="partial gc" contextid="414" durationms="23.027" usertimems="24.186" systemtimems="27.163" timestamp="2019-08-09T00:18:25.937" activeThreads="16">
  <mem-info id="421" free="20971520" total="35651584" percent="58">
    <mem type="eden" free="1816920" total="2097152" percent="86" />
    <remembered-set count="7008" freebytes="1397248" totalbytes="1425280" percent="98" regionsoverflowed="0" regionsstable="0" regionsrebuilding="0"/>
  </mem-info>
</gc-end>
<cycle-end id="422" type="partial gc" contextid="414" timestamp="2019-08-09T00:18:25.937" />
  <attribute name="elasticGC enabled" value="1" />
  <attribute name= "numThreadsSpecified" value="16" />
  <attribute name="heapSize specified" value="0" />
  <attribute name="Current GC Util" value="83" />
  <attribute name= "Current Time Running" value="116155" />
  <attribute name ="GC Interval" value="0" />
  <attribute name="Target GC Util Change" value ="80.000000" />
  <attribute name="Current GC Util Change" value="83.000000"/>
  <attribute name="Current Error" value="67.000000" />
  <attribute name="Output H" value="35689464"/>
  <attribute name="Output I" value="2040"/>
  <attribute name="Output T" value="16"/>
  <attribute name= "Current Time Running" value="116155" />
  <attribute name="GC Util currently" value="83" />
  <attribute name="CPU Util currently" value="834446604754" />
<exclusive-end id="423" timestamp="2019-08-09T00:18:25.938" durationms="26.134" />

<exclusive-start id="424" timestamp="2019-08-09T00:18:30.153" intervalms="4241.648">
  <response-info timems="0.608" idlems="0.608" threads="0" lastid="0000000002300A00" lastname="node-5" />
</exclusive-start>
<allocation-taxation id="425" taxation-threshold="8388608" timestamp="2019-08-09T00:18:30.153" intervalms="4241.694" />
<cycle-start id="426" type="global mark phase" contextid="0" timestamp="2019-08-09T00:18:30.153" intervalms="16204.752" />
<gc-start id="427" type="global mark phase" contextid="426" timestamp="2019-08-09T00:18:30.153">
  <mem-info id="428" free="12582912" total="35651584" percent="35">
    <remembered-set count="6624" freebytes="1398784" totalbytes="1425280" percent="98" regionsoverflowed="0" regionsstable="0" regionsrebuilding="0"/>
  </mem-info>
</gc-start>
<gc-op id="429" type="mark increment" timems="6.339" contextid="426" timestamp="2019-08-09T00:18:30.160">
  <trace-info objectcount="30195" scancount="18462" scanbytes="680480" />
</gc-op>
<gc-end id="430" type="global mark phase" contextid="426" durationms="6.413" usertimems="6.282" systemtimems="7.047" timestamp="2019-08-09T00:18:30.160" activeThreads="1">
  <mem-info id="431" free="12582912" total="35651584" percent="35">
    <remembered-set count="6624" freebytes="1398784" totalbytes="1425280" percent="98" regionsoverflowed="0" regionsstable="0" regionsrebuilding="0"/>
  </mem-info>
</gc-end>
<concurrent-start id="432" type="GMP work packet processing" contextid="426" timestamp="2019-08-09T00:18:30.160">
  <concurrent-mark-start scanTarget="2097152" />
</concurrent-start>
<exclusive-end id="433" timestamp="2019-08-09T00:18:30.160" durationms="6.925" />

<concurrent-end id="434" type="GMP work packet processing" contextid="426" timestamp="2019-08-09T00:18:30.166">
  <concurrent-mark-end bytesScanned="2445944" reasonForTermination="Work target met" />
</concurrent-end>

<exclusive-start id="435" timestamp="2019-08-09T00:18:34.215" intervalms="4062.075">
  <response-info timems="0.459" idlems="0.459" threads="0" lastid="000000000230FE00" lastname="node-21" />
</exclusive-start>
<allocation-taxation id="436" taxation-threshold="8388608" timestamp="2019-08-09T00:18:34.215" intervalms="4062.019" />
<cycle-start id="437" type="partial gc" contextid="0" timestamp="2019-08-09T00:18:34.215" intervalms="8301.679" />
<gc-start id="438" type="partial gc" contextid="437" timestamp="2019-08-09T00:18:34.215">
  <mem-info id="439" free="4194304" total="35651584" percent="11">
    <mem type="eden" free="0" total="16777216" percent="0" />
    <remembered-set count="6624" freebytes="1398784" totalbytes="1425280" percent="98" regionsoverflowed="0" regionsstable="0" regionsrebuilding="0"/>
  </mem-info>
</gc-start>
<allocation-stats totalBytes="16767536" >
  <allocated-bytes non-tlh="0" tlh="16767536" arrayletleaf="0"/>
  <largest-consumer threadName="node-7" threadId="00000000022F5600" bytes="430048" />
</allocation-stats>
<gc-op id="440" type="copy forward" timems="27.212" contextid="437" timestamp="2019-08-09T00:18:34.244">
  <memory-copied type="eden" objects="11882" bytes="286936" bytesdiscarded="42424" />
  <memory-copied type="other" objects="10645" bytes="255480" bytesdiscarded="16336" />
  <memory-cardclean objects="1547" bytes="50000" />
  <regions eden="8" other="1" />
  <remembered-set-cleared processed="2490" cleared="284" durationms="0.502" />
  <stringconstants candidates="3837" cleared="0"  />
  <heap-resize type="expand" space="default" amount="2097152" count="1" timems="0.074" reason="continue current collection" />
</gc-op>
<gc-op id="441" type="classunload" timems="0.002" contextid="437" timestamp="2019-08-09T00:18:34.244">
  <classunload-info classloadercandidates="6" classloadersunloaded="0" classesunloaded="0" anonymousclassesunloaded="0" quiescems="0.000" setupms="0.002" scanms="0.000" postms="0.000" />
</gc-op>
<gc-end id="442" type="partial gc" contextid="437" durationms="29.046" usertimems="24.901" systemtimems="26.880" timestamp="2019-08-09T00:18:34.244" activeThreads="16">
  <mem-info id="443" free="18874368" total="37748736" percent="50">
    <mem type="eden" free="3864944" total="4194304" percent="92" />
    <remembered-set count="8128" freebytes="1476608" totalbytes="1509120" percent="97" regionsoverflowed="0" regionsstable="0" regionsrebuilding="0"/>
  </mem-info>
</gc-end>
<cycle-end id="444" type="partial gc" contextid="437" timestamp="2019-08-09T00:18:34.245" />
  <attribute name="elasticGC enabled" value="1" />
  <attribute name= "numThreadsSpecified" value="16" />
  <attribute name="heapSize specified" value="0" />
  <attribute name="Current GC Util" value="72" />
  <attribute name= "Current Time Running" value="124450" />
  <attribute name ="GC Interval" value="0" />
  <attribute name="Target GC Util Change" value ="80.000000" />
  <attribute name="Current GC Util Change" value="72.000000"/>
  <attribute name="Current Error" value="-29.000000" />
  <attribute name="Output H" value="35689408"/>
  <attribute name="Output I" value="1984"/>
  <attribute name="Output T" value="16"/>
  <attribute name= "Current Time Running" value="124450" />
  <attribute name="GC Util currently" value="72" />
  <attribute name="CPU Util currently" value="823257791832" />
<exclusive-end id="445" timestamp="2019-08-09T00:18:34.245" durationms="29.518" />

===== DaCapo 9.12-MR1 avrora PASSED in 124291 msec =====
<exclusive-start id="446" timestamp="2019-08-09T00:18:34.794" intervalms="578.438">
  <response-info timems="0.038" idlems="0.038" threads="0" lastid="0000000001FF0F00" lastname="main" />
</exclusive-start>
<allocation-taxation id="447" taxation-threshold="8388608" timestamp="2019-08-09T00:18:34.794" intervalms="578.435" />
<gc-start id="448" type="global mark phase" contextid="426" timestamp="2019-08-09T00:18:34.794">
  <mem-info id="449" free="10485760" total="37748736" percent="27">
    <remembered-set count="7680" freebytes="1478400" totalbytes="1509120" percent="97" regionsoverflowed="0" regionsstable="0" regionsrebuilding="0"/>
  </mem-info>
</gc-start>
<gc-end id="450" type="global mark phase" contextid="426" durationms="0.017" usertimems="0.004" systemtimems="0.010" timestamp="2019-08-09T00:18:34.794" activeThreads="16">
  <mem-info id="451" free="10485760" total="37748736" percent="27">
    <remembered-set count="7680" freebytes="1478400" totalbytes="1509120" percent="97" regionsoverflowed="0" regionsstable="0" regionsrebuilding="0"/>
  </mem-info>
</gc-end>
<concurrent-start id="452" type="GMP work packet processing" contextid="426" timestamp="2019-08-09T00:18:34.794">
  <concurrent-mark-start scanTarget="29967924" />
</concurrent-start>
<exclusive-end id="453" timestamp="2019-08-09T00:18:34.794" durationms="0.662" />

<concurrent-end id="454" type="GMP work packet processing" contextid="426" timestamp="2019-08-09T00:18:34.806">
  <concurrent-mark-end bytesScanned="2268516" reasonForTermination="Completed all work in GC phase" />
</concurrent-end>

WARNING: An illegal reflective access operation has occurred
WARNING: Illegal reflective access by com.google.common.base.internal.Finalizer (file:/./scratch/jar/guava-r07.jar) to field java.lang.Thread.inheritableThreadLocals
WARNING: Please consider reporting this to the maintainers of com.google.common.base.internal.Finalizer
WARNING: Use --illegal-access=warn to enable warnings of further illegal reflective access operations
WARNING: All illegal access operations will be denied in a future release
<exclusive-start id="455" timestamp="2019-08-09T00:18:35.029" intervalms="235.148">
  <response-info timems="0.048" idlems="0.048" threads="0" lastid="0000000001FF0F00" lastname="main" />
</exclusive-start>
<allocation-taxation id="456" taxation-threshold="8388608" timestamp="2019-08-09T00:18:35.029" intervalms="235.145" />
<cycle-start id="457" type="partial gc" contextid="0" timestamp="2019-08-09T00:18:35.029" intervalms="813.613" />
<gc-start id="458" type="partial gc" contextid="457" timestamp="2019-08-09T00:18:35.029">
  <mem-info id="459" free="2097152" total="37748736" percent="5">
    <mem type="eden" free="0" total="16777216" percent="0" />
    <remembered-set count="7680" freebytes="1478400" totalbytes="1509120" percent="97" regionsoverflowed="0" regionsstable="0" regionsrebuilding="0"/>
  </mem-info>
</gc-start>
<allocation-stats totalBytes="16718168" >
  <allocated-bytes non-tlh="674152" tlh="16044016" arrayletleaf="0"/>
  <largest-consumer threadName="main" threadId="0000000001FF0F00" bytes="8368672" />
</allocation-stats>
<gc-op id="460" type="copy forward" timems="11.790" contextid="457" timestamp="2019-08-09T00:18:35.042">
  <memory-copied type="eden" objects="9774" bytes="1190720" bytesdiscarded="141240" />
  <memory-copied type="other" objects="11831" bytes="283544" bytesdiscarded="6568" />
  <memory-cardclean objects="1886" bytes="68704" />
  <regions eden="8" other="2" />
  <remembered-set-cleared processed="2614" cleared="316" durationms="0.071" />
  <finalization candidates="40" enqueued="2" />
  <ownableSynchronizers candidates="17" cleared="0" />
  <references type="soft" candidates="11" cleared="0" enqueued="0" dynamicThreshold="8" maxThreshold="32" />
  <references type="weak" candidates="1177" cleared="0" enqueued="0" />
  <references type="phantom" candidates="48" cleared="0" enqueued="0" />
  <stringconstants candidates="4581" cleared="0"  />
  <heap-resize type="expand" space="default" amount="2097152" count="1" timems="0.073" reason="continue current collection" />
</gc-op>
<gc-op id="461" type="classunload" timems="0.003" contextid="457" timestamp="2019-08-09T00:18:35.042">
  <classunload-info classloadercandidates="8" classloadersunloaded="0" classesunloaded="0" anonymousclassesunloaded="0" quiescems="0.000" setupms="0.003" scanms="0.000" postms="0.000" />
</gc-op>
<gc-end id="462" type="partial gc" contextid="457" durationms="13.046" usertimems="13.340" systemtimems="16.598" timestamp="2019-08-09T00:18:35.042" activeThreads="16">
  <mem-info id="463" free="20971520" total="39845888" percent="52">
    <mem type="eden" free="763904" total="2097152" percent="36" />
    <pending-finalizers system="2" default="0" reference="0" classloader="0" />
    <remembered-set count="10656" freebytes="1550336" totalbytes="1592960" percent="97" regionsoverflowed="0" regionsstable="0" regionsrebuilding="0"/>
  </mem-info>
</gc-end>
<cycle-end id="464" type="partial gc" contextid="457" timestamp="2019-08-09T00:18:35.042" />
  <attribute name="elasticGC enabled" value="1" />
  <attribute name= "numThreadsSpecified" value="16" />
  <attribute name="heapSize specified" value="0" />
  <attribute name="Current GC Util" value="74" />
  <attribute name= "Current Time Running" value="125263" />
  <attribute name ="GC Interval" value="0" />
  <attribute name="Target GC Util Change" value ="80.000000" />
  <attribute name="Current GC Util Change" value="74.000000"/>
  <attribute name="Current Error" value="156.000000" />
  <attribute name="Output H" value="37786672"/>
  <attribute name="Output I" value="2096"/>
  <attribute name="Output T" value="16"/>
  <attribute name= "Current Time Running" value="125263" />
  <attribute name="GC Util currently" value="74" />
  <attribute name="CPU Util currently" value="1379845340416" />
<exclusive-end id="465" timestamp="2019-08-09T00:18:35.042" durationms="13.781" />

<exclusive-start id="466" timestamp="2019-08-09T00:18:36.373" intervalms="1344.317">
  <response-info timems="0.018" idlems="0.018" threads="0" lastid="0000000001FF0F00" lastname="main" />
</exclusive-start>
<allocation-taxation id="467" taxation-threshold="8388608" timestamp="2019-08-09T00:18:36.373" intervalms="1344.311" />
<gc-start id="468" type="global mark phase" contextid="426" timestamp="2019-08-09T00:18:36.373">
  <mem-info id="469" free="12582912" total="39845888" percent="31">
    <remembered-set count="10176" freebytes="1552256" totalbytes="1592960" percent="97" regionsoverflowed="0" regionsstable="0" regionsrebuilding="0"/>
  </mem-info>
</gc-start>
<gc-op id="470" type="mark increment" timems="25.170" contextid="426" timestamp="2019-08-09T00:18:36.398">
  <trace-info objectcount="27520" scancount="22322" scanbytes="744308" />
  <cardclean-info objects="2651" bytes="98048" />
  <finalization candidates="65" enqueued="0" />
  <ownableSynchronizers candidates="17" cleared="0" />
  <references type="soft" candidates="633" cleared="1" enqueued="1" dynamicThreshold="16" maxThreshold="32" />
  <references type="weak" candidates="2343" cleared="554" enqueued="432" />
  <references type="phantom" candidates="116" cleared="20" enqueued="20" />
  <stringconstants candidates="6688" cleared="0"  />
</gc-op>
<gc-op id="471" type="classunload" timems="0.004" contextid="426" timestamp="2019-08-09T00:18:36.398">
  <classunload-info classloadercandidates="11" classloadersunloaded="0" classesunloaded="0" anonymousclassesunloaded="0" quiescems="0.000" setupms="0.004" scanms="0.000" postms="0.000" />
</gc-op>
<gc-end id="472" type="global mark phase" contextid="426" durationms="25.343" usertimems="33.137" systemtimems="0.000" timestamp="2019-08-09T00:18:36.399" activeThreads="16">
  <mem-info id="473" free="12582912" total="39845888" percent="31">
    <pending-finalizers system="0" default="0" reference="453" classloader="0" />
    <remembered-set count="10176" freebytes="1552256" totalbytes="1592960" percent="97" regionsoverflowed="0" regionsstable="0" regionsrebuilding="0"/>
  </mem-info>
</gc-end>
<cycle-end id="474" type="global mark phase" contextid="426" timestamp="2019-08-09T00:18:36.399" />
  <attribute name="elasticGC enabled" value="1" />
  <attribute name= "numThreadsSpecified" value="16" />
  <attribute name="heapSize specified" value="0" />
  <attribute name="Current GC Util" value="120" />
  <attribute name= "Current Time Running" value="126619" />
  <attribute name ="GC Interval" value="0" />
  <attribute name="Target GC Util Change" value ="80.000000" />
  <attribute name="Current GC Util Change" value="120.000000"/>
  <attribute name="Current Error" value="171.000000" />
  <attribute name="Output H" value="39883832"/>
  <attribute name="Output I" value="2104"/>
  <attribute name="Output T" value="16"/>
  <attribute name= "Current Time Running" value="126619" />
  <attribute name="GC Util currently" value="120" />
  <attribute name="CPU Util currently" value="271914805603" />
<exclusive-end id="475" timestamp="2019-08-09T00:18:36.399" durationms="25.932" />

<exclusive-start id="476" timestamp="2019-08-09T00:18:36.608" intervalms="234.557">
  <response-info timems="0.021" idlems="0.021" threads="0" lastid="0000000001FF0F00" lastname="main" />
</exclusive-start>
<allocation-taxation id="477" taxation-threshold="8388608" timestamp="2019-08-09T00:18:36.608" intervalms="234.615" />
<cycle-start id="478" type="partial gc" contextid="0" timestamp="2019-08-09T00:18:36.608" intervalms="1578.908" />
<gc-start id="479" type="partial gc" contextid="478" timestamp="2019-08-09T00:18:36.608">
  <mem-info id="480" free="4194304" total="39845888" percent="10">
    <mem type="eden" free="0" total="16777216" percent="0" />
    <remembered-set count="10176" freebytes="1552256" totalbytes="1592960" percent="97" regionsoverflowed="0" regionsstable="0" regionsrebuilding="0"/>
  </mem-info>
</gc-start>
<allocation-stats totalBytes="16759792" >
  <allocated-bytes non-tlh="1777576" tlh="14982216" arrayletleaf="0"/>
  <largest-consumer threadName="main" threadId="0000000001FF0F00" bytes="8303104" />
</allocation-stats>
<gc-op id="481" type="sweep" timems="1.423" contextid="478" timestamp="2019-08-09T00:18:36.610" />
<gc-op id="482" type="copy forward" timems="10.243" contextid="478" timestamp="2019-08-09T00:18:36.621">
  <memory-copied type="eden" objects="19160" bytes="1668816" bytesdiscarded="170643" />
  <memory-copied type="other" objects="25826" bytes="1633784" bytesdiscarded="236333" />
  <memory-cardclean objects="1148" bytes="53544" />
  <regions eden="4" other="5" />
  <remembered-set-cleared processed="3033" cleared="675" durationms="0.153" />
  <finalization candidates="67" enqueued="0" />
  <ownableSynchronizers candidates="21" cleared="0" />
  <references type="soft" candidates="959" cleared="0" enqueued="0" dynamicThreshold="10" maxThreshold="32" />
  <references type="weak" candidates="3290" cleared="0" enqueued="0" />
  <references type="phantom" candidates="45" cleared="0" enqueued="0" />
  <stringconstants candidates="8246" cleared="0"  />
</gc-op>
<gc-op id="483" type="classunload" timems="0.006" contextid="478" timestamp="2019-08-09T00:18:36.621">
  <classunload-info classloadercandidates="12" classloadersunloaded="0" classesunloaded="0" anonymousclassesunloaded="0" quiescems="0.000" setupms="0.006" scanms="0.000" postms="0.000" />
</gc-op>
<heap-resize id="484" type="contract" space="default" amount="2097152" count="1" timems="0.140" reason="insufficient time being spent in gc" timestamp="2019-08-09T00:18:36.621" />
<gc-end id="485" type="partial gc" contextid="478" durationms="13.027" usertimems="36.115" systemtimems="0.000" timestamp="2019-08-09T00:18:36.621" activeThreads="16">
  <mem-info id="486" free="18874368" total="37748736" percent="50">
    <mem type="eden" free="1626224" total="4194304" percent="38" />
    <remembered-set count="13280" freebytes="1539840" totalbytes="1592960" percent="96" regionsoverflowed="0" regionsstable="0" regionsrebuilding="0"/>
  </mem-info>
</gc-end>
<cycle-end id="487" type="partial gc" contextid="478" timestamp="2019-08-09T00:18:36.621" />
  <attribute name="elasticGC enabled" value="1" />
  <attribute name= "numThreadsSpecified" value="16" />
  <attribute name="heapSize specified" value="0" />
  <attribute name="Current GC Util" value="158" />
  <attribute name= "Current Time Running" value="126844" />
  <attribute name ="GC Interval" value="0" />
  <attribute name="Target GC Util Change" value ="80.000000" />
  <attribute name="Current GC Util Change" value="158.000000"/>
  <attribute name="Current Error" value="-78.000000" />
  <attribute name="Output H" value="39883688"/>
  <attribute name="Output I" value="1960"/>
  <attribute name="Output T" value="16"/>
  <attribute name= "Current Time Running" value="126844" />
  <attribute name="GC Util currently" value="158" />
  <attribute name="CPU Util currently" value="1937533391876" />
<exclusive-end id="488" timestamp="2019-08-09T00:18:36.621" durationms="13.604" />

<exclusive-start id="489" timestamp="2019-08-09T00:18:36.769" intervalms="161.120">
  <response-info timems="0.018" idlems="0.018" threads="0" lastid="0000000001FF0F00" lastname="main" />
</exclusive-start>
<allocation-taxation id="490" taxation-threshold="8388608" timestamp="2019-08-09T00:18:36.769" intervalms="161.071" />
<cycle-start id="491" type="global mark phase" contextid="0" timestamp="2019-08-09T00:18:36.769" intervalms="6615.674" />
<gc-start id="492" type="global mark phase" contextid="491" timestamp="2019-08-09T00:18:36.769">
  <mem-info id="493" free="10485760" total="37748736" percent="27">
    <remembered-set count="12864" freebytes="1541504" totalbytes="1592960" percent="96" regionsoverflowed="0" regionsstable="0" regionsrebuilding="0"/>
  </mem-info>
</gc-start>
<gc-op id="494" type="mark increment" timems="4.399" contextid="491" timestamp="2019-08-09T00:18:36.773">
  <trace-info objectcount="76451" scancount="60759" scanbytes="2152564" />
</gc-op>
<gc-end id="495" type="global mark phase" contextid="491" durationms="4.446" usertimems="14.909" systemtimems="0.000" timestamp="2019-08-09T00:18:36.773" activeThreads="16">
  <mem-info id="496" free="10485760" total="37748736" percent="27">
    <remembered-set count="12864" freebytes="1541504" totalbytes="1592960" percent="96" regionsoverflowed="0" regionsstable="0" regionsrebuilding="0"/>
  </mem-info>
</gc-end>
<exclusive-end id="497" timestamp="2019-08-09T00:18:36.774" durationms="4.848" />

<exclusive-start id="498" timestamp="2019-08-09T00:18:36.915" intervalms="145.822">
  <response-info timems="0.173" idlems="0.104" threads="1" lastid="0000000001FF8700" lastname="JIT Compilation Thread-1" />
</exclusive-start>
<allocation-taxation id="499" taxation-threshold="8388608" timestamp="2019-08-09T00:18:36.915" intervalms="145.833" />
<cycle-start id="500" type="partial gc" contextid="0" timestamp="2019-08-09T00:18:36.915" intervalms="306.924" />
<gc-start id="501" type="partial gc" contextid="500" timestamp="2019-08-09T00:18:36.915">
  <mem-info id="502" free="2097152" total="37748736" percent="5">
    <mem type="eden" free="0" total="16777216" percent="0" />
    <remembered-set count="12864" freebytes="1541504" totalbytes="1592960" percent="96" regionsoverflowed="0" regionsstable="0" regionsrebuilding="0"/>
  </mem-info>
</gc-start>
<allocation-stats totalBytes="16750304" >
  <allocated-bytes non-tlh="411248" tlh="16339056" arrayletleaf="0"/>
  <largest-consumer threadName="main" threadId="0000000001FF0F00" bytes="8375104" />
</allocation-stats>
<gc-op id="503" type="copy forward" timems="12.458" contextid="500" timestamp="2019-08-09T00:18:36.929">
  <memory-copied type="eden" objects="8051" bytes="674040" bytesdiscarded="161552" />
  <memory-copied type="other" objects="32814" bytes="1840952" bytesdiscarded="223080" />
  <memory-cardclean objects="984" bytes="55144" />
  <regions eden="8" other="2" />
  <remembered-set-cleared processed="5080" cleared="2432" durationms="0.155" />
  <finalization candidates="29" enqueued="0" />
  <ownableSynchronizers candidates="4" cleared="0" />
  <references type="soft" candidates="1022" cleared="0" enqueued="0" dynamicThreshold="8" maxThreshold="32" />
  <references type="weak" candidates="3434" cleared="0" enqueued="0" />
  <references type="phantom" candidates="12" cleared="0" enqueued="0" />
  <stringconstants candidates="9187" cleared="0"  />
  <heap-resize type="expand" space="default" amount="2097152" count="1" timems="0.066" reason="continue current collection" />
</gc-op>
<gc-op id="504" type="classunload" timems="0.113" contextid="500" timestamp="2019-08-09T00:18:36.929">
  <classunload-info classloadercandidates="13" classloadersunloaded="0" classesunloaded="0" anonymousclassesunloaded="0" quiescems="0.000" setupms="0.113" scanms="0.000" postms="0.000" />
</gc-op>
<gc-op id="505" type="compact" timems="4.429" contextid="500" timestamp="2019-08-09T00:18:36.933">
  <compact-info movecount="0" movebytes="0" />
  <remembered-set-cleared processed="11855" cleared="2432" durationms="0.173" />
</gc-op>
<gc-end id="506" type="partial gc" contextid="500" durationms="18.520" usertimems="44.629" systemtimems="0.000" timestamp="2019-08-09T00:18:36.934" activeThreads="16">
  <mem-info id="507" free="20971520" total="39845888" percent="52">
    <mem type="eden" free="1260672" total="2097152" percent="60" />
    <remembered-set count="10272" freebytes="1551872" totalbytes="1592960" percent="97" regionsoverflowed="0" regionsstable="0" regionsrebuilding="0"/>
  </mem-info>
</gc-end>
<cycle-end id="508" type="partial gc" contextid="500" timestamp="2019-08-09T00:18:36.934" />
  <attribute name="elasticGC enabled" value="1" />
  <attribute name= "numThreadsSpecified" value="16" />
  <attribute name="heapSize specified" value="0" />
  <attribute name="Current GC Util" value="217" />
  <attribute name= "Current Time Running" value="127162" />
  <attribute name ="GC Interval" value="0" />
  <attribute name="Target GC Util Change" value ="80.000000" />
  <attribute name="Current GC Util Change" value="217.000000"/>
  <attribute name="Current Error" value="-130.000000" />
  <attribute name="Output H" value="39883656"/>
  <attribute name="Output I" value="1928"/>
  <attribute name="Output T" value="16"/>
  <attribute name= "Current Time Running" value="127162" />
  <attribute name="GC Util currently" value="217" />
  <attribute name="CPU Util currently" value="90423498984" />
<exclusive-end id="509" timestamp="2019-08-09T00:18:36.934" durationms="19.328" />

<exclusive-start id="510" timestamp="2019-08-09T00:18:37.043" intervalms="128.893">
  <response-info timems="0.056" idlems="0.056" threads="0" lastid="0000000001FF0F00" lastname="main" />
</exclusive-start>
<allocation-taxation id="511" taxation-threshold="8388608" timestamp="2019-08-09T00:18:37.043" intervalms="128.900" />
<gc-start id="512" type="global mark phase" contextid="491" timestamp="2019-08-09T00:18:37.044">
  <mem-info id="513" free="12582912" total="39845888" percent="31">
    <remembered-set count="8928" freebytes="1557248" totalbytes="1592960" percent="97" regionsoverflowed="0" regionsstable="1" regionsrebuilding="0"/>
  </mem-info>
</gc-start>
<gc-op id="514" type="mark increment" timems="27.874" contextid="491" timestamp="2019-08-09T00:18:37.071">
  <trace-info objectcount="19022" scancount="16967" scanbytes="712276" />
  <cardclean-info objects="4141" bytes="179672" />
  <finalization candidates="80" enqueued="0" />
  <ownableSynchronizers candidates="21" cleared="0" />
  <references type="soft" candidates="1097" cleared="0" enqueued="0" dynamicThreshold="16" maxThreshold="32" />
  <references type="weak" candidates="4324" cleared="462" enqueued="314" />
  <references type="phantom" candidates="100" cleared="2" enqueued="2" />
  <stringconstants candidates="9252" cleared="0"  />
</gc-op>
<gc-op id="515" type="classunload" timems="0.007" contextid="491" timestamp="2019-08-09T00:18:37.072">
  <classunload-info classloadercandidates="13" classloadersunloaded="0" classesunloaded="0" anonymousclassesunloaded="0" quiescems="0.000" setupms="0.007" scanms="0.000" postms="0.000" />
</gc-op>
<gc-end id="516" type="global mark phase" contextid="491" durationms="28.006" usertimems="53.111" systemtimems="0.000" timestamp="2019-08-09T00:18:37.072" activeThreads="16">
  <mem-info id="517" free="12582912" total="39845888" percent="31">
    <pending-finalizers system="0" default="0" reference="316" classloader="0" />
    <remembered-set count="8928" freebytes="1557248" totalbytes="1592960" percent="97" regionsoverflowed="0" regionsstable="1" regionsrebuilding="0"/>
  </mem-info>
</gc-end>
<cycle-end id="518" type="global mark phase" contextid="491" timestamp="2019-08-09T00:18:37.072" />
  <attribute name="elasticGC enabled" value="1" />
  <attribute name= "numThreadsSpecified" value="16" />
  <attribute name="heapSize specified" value="0" />
  <attribute name="Current GC Util" value="110" />
  <attribute name= "Current Time Running" value="127286" />
  <attribute name ="GC Interval" value="0" />
  <attribute name="Target GC Util Change" value ="80.000000" />
  <attribute name="Current GC Util Change" value="110.000000"/>
  <attribute name="Current Error" value="-225.000000" />
  <attribute name="Output H" value="39883600"/>
  <attribute name="Output I" value="1872"/>
  <attribute name="Output T" value="16"/>
  <attribute name= "Current Time Running" value="127286" />
  <attribute name="GC Util currently" value="110" />
  <attribute name="CPU Util currently" value="170556950639" />
<exclusive-end id="519" timestamp="2019-08-09T00:18:37.072" durationms="28.435" />

<exclusive-start id="520" timestamp="2019-08-09T00:18:37.190" intervalms="146.619">
  <response-info timems="0.018" idlems="0.018" threads="0" lastid="0000000001FF0F00" lastname="main" />
</exclusive-start>
<allocation-taxation id="521" taxation-threshold="8388608" timestamp="2019-08-09T00:18:37.190" intervalms="146.601" />
<cycle-start id="522" type="partial gc" contextid="0" timestamp="2019-08-09T00:18:37.191" intervalms="276.173" />
<gc-start id="523" type="partial gc" contextid="522" timestamp="2019-08-09T00:18:37.191">
  <mem-info id="524" free="4194304" total="39845888" percent="10">
    <mem type="eden" free="0" total="16777216" percent="0" />
    <remembered-set count="8928" freebytes="1557248" totalbytes="1592960" percent="97" regionsoverflowed="0" regionsstable="1" regionsrebuilding="0"/>
  </mem-info>
</gc-start>
<allocation-stats totalBytes="16773648" >
  <allocated-bytes non-tlh="270032" tlh="16503616" arrayletleaf="0"/>
  <largest-consumer threadName="main" threadId="0000000001FF0F00" bytes="8382304" />
</allocation-stats>
<gc-op id="525" type="sweep" timems="2.647" contextid="522" timestamp="2019-08-09T00:18:37.194" />
<gc-op id="526" type="copy forward" timems="15.184" contextid="522" timestamp="2019-08-09T00:18:37.210">
  <memory-copied type="eden" objects="13758" bytes="877968" bytesdiscarded="83396" />
  <memory-copied type="other" objects="26278" bytes="1427240" bytesdiscarded="229028" />
  <memory-cardclean objects="10348" bytes="491304" />
  <regions eden="4" other="7" />
  <remembered-set-cleared processed="3313" cleared="2071" durationms="0.207" />
  <finalization candidates="13" enqueued="0" />
  <references type="soft" candidates="363" cleared="0" enqueued="0" dynamicThreshold="10" maxThreshold="32" />
  <references type="weak" candidates="1549" cleared="0" enqueued="0" />
  <references type="phantom" candidates="58" cleared="0" enqueued="0" />
  <stringconstants candidates="9701" cleared="0"  />
</gc-op>
<gc-op id="527" type="classunload" timems="0.006" contextid="522" timestamp="2019-08-09T00:18:37.210">
  <classunload-info classloadercandidates="15" classloadersunloaded="0" classesunloaded="0" anonymousclassesunloaded="0" quiescems="0.000" setupms="0.005" scanms="0.000" postms="0.000" />
</gc-op>
<gc-end id="528" type="partial gc" contextid="522" durationms="19.073" usertimems="48.754" systemtimems="0.000" timestamp="2019-08-09T00:18:37.210" activeThreads="16">
  <mem-info id="529" free="23068672" total="39845888" percent="57">
    <mem type="eden" free="1106704" total="2097152" percent="52" />
    <remembered-set count="12064" freebytes="1544704" totalbytes="1592960" percent="96" regionsoverflowed="0" regionsstable="1" regionsrebuilding="0"/>
  </mem-info>
</gc-end>
<cycle-end id="530" type="partial gc" contextid="522" timestamp="2019-08-09T00:18:37.210" />
  <attribute name="elasticGC enabled" value="1" />
  <attribute name= "numThreadsSpecified" value="16" />
  <attribute name="heapSize specified" value="0" />
  <attribute name="Current GC Util" value="135" />
  <attribute name= "Current Time Running" value="127428" />
  <attribute name ="GC Interval" value="0" />
  <attribute name="Target GC Util Change" value ="80.000000" />
  <attribute name="Current GC Util Change" value="135.000000"/>
  <attribute name="Current Error" value="-50.000000" />
  <attribute name="Output H" value="39883704"/>
  <attribute name="Output I" value="1976"/>
  <attribute name="Output T" value="16"/>
  <attribute name= "Current Time Running" value="127428" />
  <attribute name="GC Util currently" value="135" />
  <attribute name="CPU Util currently" value="2027913400340" />
<exclusive-end id="531" timestamp="2019-08-09T00:18:37.210" durationms="20.236" />

<exclusive-start id="532" timestamp="2019-08-09T00:18:37.320" intervalms="130.075">
  <response-info timems="0.020" idlems="0.020" threads="0" lastid="0000000001FF0F00" lastname="main" />
</exclusive-start>
<allocation-taxation id="533" taxation-threshold="8388608" timestamp="2019-08-09T00:18:37.320" intervalms="130.077" />
<cycle-start id="534" type="global mark phase" contextid="0" timestamp="2019-08-09T00:18:37.320" intervalms="551.375" />
<gc-start id="535" type="global mark phase" contextid="534" timestamp="2019-08-09T00:18:37.320">
  <mem-info id="536" free="14680064" total="39845888" percent="36">
    <remembered-set count="11744" freebytes="1545984" totalbytes="1592960" percent="97" regionsoverflowed="0" regionsstable="1" regionsrebuilding="0"/>
  </mem-info>
</gc-start>
<gc-op id="537" type="mark increment" timems="5.436" contextid="534" timestamp="2019-08-09T00:18:37.326">
  <trace-info objectcount="172" scancount="0" scanbytes="0" />
</gc-op>
<gc-end id="538" type="global mark phase" contextid="534" durationms="5.481" usertimems="12.546" systemtimems="0.000" timestamp="2019-08-09T00:18:37.326" activeThreads="16">
  <mem-info id="539" free="14680064" total="39845888" percent="36">
    <remembered-set count="11744" freebytes="1545984" totalbytes="1592960" percent="97" regionsoverflowed="0" regionsstable="0" regionsrebuilding="1"/>
  </mem-info>
</gc-end>
<concurrent-start id="540" type="GMP work packet processing" contextid="534" timestamp="2019-08-09T00:18:37.326">
  <concurrent-mark-start scanTarget="13370527" />
</concurrent-start>
<exclusive-end id="541" timestamp="2019-08-09T00:18:37.326" durationms="5.834" />

<concurrent-end id="542" type="GMP work packet processing" contextid="534" timestamp="2019-08-09T00:18:37.333">
  <concurrent-mark-end bytesScanned="2107956" reasonForTermination="Completed all work in GC phase" />
</concurrent-end>

<exclusive-start id="543" timestamp="2019-08-09T00:18:37.348" intervalms="28.115">
  <response-info timems="0.011" idlems="0.011" threads="0" lastid="0000000001FF0F00" lastname="main" />
</exclusive-start>
<sys-start reason="explicit" id="544" timestamp="2019-08-09T00:18:37.348" intervalms="127384.292" />
<cycle-continue id="545" oldtype="global mark phase" newtype="global garbage collect" contextid="534" timestamp="2019-08-09T00:18:37.348" />
  <attribute name="elasticGC enabled" value="1" />
  <attribute name= "numThreadsSpecified" value="16" />
  <attribute name="heapSize specified" value="0" />
  <attribute name="Current GC Util" value="304" />
  <attribute name= "Current Time Running" value="127559" />
  <attribute name ="GC Interval" value="0" />
  <attribute name="Target GC Util Change" value ="80.000000" />
  <attribute name="Current GC Util Change" value="304.000000"/>
  <attribute name="Current Error" value="-224.000000" />
  <attribute name="Output H" value="39883600"/>
  <attribute name="Output I" value="1872"/>
  <attribute name="Output T" value="16"/>
  <attribute name= "Current Time Running" value="127559" />
  <attribute name="GC Util currently" value="304" />
  <attribute name="CPU Util currently" value="835847688096" />
<gc-start id="546" type="global garbage collect" contextid="534" timestamp="2019-08-09T00:18:37.349">
  <mem-info id="547" free="13951680" total="39845888" percent="35">
    <mem type="eden" free="1368768" total="10485760" percent="13" />
    <remembered-set count="12256" freebytes="1543936" totalbytes="1592960" percent="96" regionsoverflowed="0" regionsstable="0" regionsrebuilding="1"/>
  </mem-info>
</gc-start>
<allocation-stats totalBytes="9115128" >
  <allocated-bytes non-tlh="433664" tlh="8681464" arrayletleaf="0"/>
  <largest-consumer threadName="main" threadId="0000000001FF0F00" bytes="728296" />
</allocation-stats>
<gc-op id="548" type="global mark" timems="8.497" contextid="534" timestamp="2019-08-09T00:18:37.357">
  <trace-info objectcount="699" scancount="607" scanbytes="18912" />
  <cardclean-info objects="6586" bytes="261748" />
  <finalization candidates="80" enqueued="0" />
  <ownableSynchronizers candidates="21" cleared="0" />
  <references type="soft" candidates="1640" cleared="10" enqueued="10" dynamicThreshold="11" maxThreshold="32" />
  <references type="weak" candidates="4524" cleared="32" enqueued="29" />
  <references type="phantom" candidates="99" cleared="2" enqueued="2" />
  <stringconstants candidates="10077" cleared="1394"  />
</gc-op>
<gc-op id="549" type="classunload" timems="4.516" contextid="534" timestamp="2019-08-09T00:18:37.362">
  <classunload-info classloadercandidates="18" classloadersunloaded="2" classesunloaded="509" anonymousclassesunloaded="0" quiescems="0.000" setupms="1.629" scanms="2.870" postms="0.017" />
</gc-op>
<gc-op id="550" type="sweep" timems="2.270" contextid="534" timestamp="2019-08-09T00:18:37.364" />
<gc-op id="551" type="compact" timems="9.772" contextid="534" timestamp="2019-08-09T00:18:37.374">
  <compact-info movecount="75327" movebytes="4497024" />
  <remembered-set-cleared processed="9849" cleared="9849" durationms="0.175" />
</gc-op>
<heap-resize id="552" type="contract" space="default" amount="2097152" count="1" timems="0.110" reason="excess free space following gc" timestamp="2019-08-09T00:18:37.374" />
<gc-end id="553" type="global garbage collect" contextid="534" durationms="25.860" usertimems="59.221" systemtimems="0.000" timestamp="2019-08-09T00:18:37.374" activeThreads="16">
  <mem-info id="554" free="23068672" total="37748736" percent="61">
    <pending-finalizers system="0" default="0" reference="41" classloader="0" />
    <remembered-set count="9728" freebytes="1554048" totalbytes="1592960" percent="97" regionsoverflowed="0" regionsstable="0" regionsrebuilding="0"/>
  </mem-info>
</gc-end>
<cycle-end id="555" type="global garbage collect" contextid="534" timestamp="2019-08-09T00:18:37.375" />
  <attribute name="elasticGC enabled" value="1" />
  <attribute name= "numThreadsSpecified" value="16" />
  <attribute name="heapSize specified" value="0" />
  <attribute name="Current GC Util" value="254" />
  <attribute name= "Current Time Running" value="127598" />
  <attribute name ="GC Interval" value="0" />
  <attribute name="Target GC Util Change" value ="80.000000" />
  <attribute name="Current GC Util Change" value="254.000000"/>
  <attribute name="Current Error" value="-748.000000" />
  <attribute name="Output H" value="39883304"/>
  <attribute name="Output I" value="1576"/>
  <attribute name="Output T" value="16"/>
  <attribute name= "Current Time Running" value="127598" />
  <attribute name="GC Util currently" value="254" />
  <attribute name="CPU Util currently" value="481187337870" />
<sys-end id="556" timestamp="2019-08-09T00:18:37.375" />
<exclusive-end id="557" timestamp="2019-08-09T00:18:37.375" durationms="26.975" />

===== DaCapo 9.12-MR1 jython starting =====
<exclusive-start id="558" timestamp="2019-08-09T00:18:37.691" intervalms="342.595">
  <response-info timems="0.061" idlems="0.061" threads="0" lastid="0000000001FF0F00" lastname="main" />
</exclusive-start>
<allocation-taxation id="559" taxation-threshold="16777216" timestamp="2019-08-09T00:18:37.691" intervalms="370.705" />
<cycle-start id="560" type="partial gc" contextid="0" timestamp="2019-08-09T00:18:37.691" intervalms="500.316" />
<gc-start id="561" type="partial gc" contextid="560" timestamp="2019-08-09T00:18:37.691">
  <mem-info id="562" free="6291456" total="37748736" percent="16">
    <mem type="eden" free="0" total="16777216" percent="0" />
    <remembered-set count="9280" freebytes="1555840" totalbytes="1592960" percent="97" regionsoverflowed="0" regionsstable="0" regionsrebuilding="0"/>
  </mem-info>
</gc-start>
<allocation-stats totalBytes="16774424" >
  <allocated-bytes non-tlh="669080" tlh="16105344" arrayletleaf="0"/>
  <largest-consumer threadName="main" threadId="0000000001FF0F00" bytes="16762080" />
</allocation-stats>
<gc-op id="563" type="copy forward" timems="14.672" contextid="560" timestamp="2019-08-09T00:18:37.708">
  <memory-copied type="eden" objects="12703" bytes="791048" bytesdiscarded="80136" />
  <memory-copied type="other" objects="0" bytes="0" bytesdiscarded="0" />
  <memory-cardclean objects="4364" bytes="204088" />
  <regions eden="8" other="0" />
  <remembered-set-cleared processed="5381" cleared="663" durationms="0.242" />
  <references type="soft" candidates="59" cleared="0" enqueued="0" dynamicThreshold="19" maxThreshold="32" />
  <references type="weak" candidates="127" cleared="0" enqueued="0" />
  <references type="phantom" candidates="5" cleared="0" enqueued="0" />
  <stringconstants candidates="10904" cleared="0"  />
</gc-op>
<gc-op id="564" type="classunload" timems="0.007" contextid="560" timestamp="2019-08-09T00:18:37.708">
  <classunload-info classloadercandidates="17" classloadersunloaded="0" classesunloaded="0" anonymousclassesunloaded="0" quiescems="0.000" setupms="0.007" scanms="0.000" postms="0.000" />
</gc-op>
<gc-end id="565" type="partial gc" contextid="560" durationms="16.790" usertimems="24.448" systemtimems="9.201" timestamp="2019-08-09T00:18:37.708" activeThreads="16">
  <mem-info id="566" free="20971520" total="37748736" percent="55">
    <mem type="eden" free="1225648" total="2097152" percent="58" />
    <remembered-set count="10720" freebytes="1466240" totalbytes="1509120" percent="97" regionsoverflowed="0" regionsstable="0" regionsrebuilding="0"/>
  </mem-info>
</gc-end>
<cycle-end id="567" type="partial gc" contextid="560" timestamp="2019-08-09T00:18:37.708" />
  <attribute name="elasticGC enabled" value="1" />
  <attribute name= "numThreadsSpecified" value="16" />
  <attribute name="heapSize specified" value="0" />
  <attribute name="Current GC Util" value="50" />
  <attribute name= "Current Time Running" value="127926" />
  <attribute name ="GC Interval" value="0" />
  <attribute name="Target GC Util Change" value ="80.000000" />
  <attribute name="Current GC Util Change" value="50.000000"/>
  <attribute name="Current Error" value="103.000000" />
  <attribute name="Output H" value="37786640"/>
  <attribute name="Output I" value="2064"/>
  <attribute name="Output T" value="16"/>
  <attribute name= "Current Time Running" value="127926" />
  <attribute name="GC Util currently" value="50" />
  <attribute name="CPU Util currently" value="685895757570" />
<exclusive-end id="568" timestamp="2019-08-09T00:18:37.708" durationms="17.591" />

<exclusive-start id="569" timestamp="2019-08-09T00:18:37.848" intervalms="156.816">
  <response-info timems="0.020" idlems="0.020" threads="0" lastid="0000000001FF0F00" lastname="main" />
</exclusive-start>
<allocation-taxation id="570" taxation-threshold="16777216" timestamp="2019-08-09T00:18:37.848" intervalms="156.820" />
<cycle-start id="571" type="partial gc" contextid="0" timestamp="2019-08-09T00:18:37.848" intervalms="156.705" />
<gc-start id="572" type="partial gc" contextid="571" timestamp="2019-08-09T00:18:37.848">
  <mem-info id="573" free="4194304" total="37748736" percent="11">
    <mem type="eden" free="0" total="16777216" percent="0" />
    <remembered-set count="10528" freebytes="1467008" totalbytes="1509120" percent="97" regionsoverflowed="0" regionsstable="0" regionsrebuilding="0"/>
  </mem-info>
</gc-start>
<allocation-stats totalBytes="16774176" >
  <allocated-bytes non-tlh="702920" tlh="16071256" arrayletleaf="0"/>
  <largest-consumer threadName="main" threadId="0000000001FF0F00" bytes="16774176" />
</allocation-stats>
<gc-op id="574" type="copy forward" timems="17.593" contextid="571" timestamp="2019-08-09T00:18:37.867">
  <memory-copied type="eden" objects="9480" bytes="777960" bytesdiscarded="72168" />
  <memory-copied type="other" objects="12660" bytes="753408" bytesdiscarded="29016" />
  <memory-cardclean objects="575" bytes="46344" />
  <regions eden="8" other="1" />
  <remembered-set-cleared processed="6443" cleared="723" durationms="0.289" />
  <references type="soft" candidates="92" cleared="0" enqueued="0" dynamicThreshold="17" maxThreshold="32" />
  <references type="weak" candidates="155" cleared="0" enqueued="0" />
  <references type="phantom" candidates="5" cleared="0" enqueued="0" />
  <stringconstants candidates="11076" cleared="0"  />
</gc-op>
<gc-op id="575" type="classunload" timems="0.056" contextid="571" timestamp="2019-08-09T00:18:37.867">
  <classunload-info classloadercandidates="19" classloadersunloaded="0" classesunloaded="0" anonymousclassesunloaded="0" quiescems="0.000" setupms="0.055" scanms="0.000" postms="0.000" />
</gc-op>
<gc-end id="576" type="partial gc" contextid="571" durationms="18.908" usertimems="40.417" systemtimems="0.000" timestamp="2019-08-09T00:18:37.867" activeThreads="16">
  <mem-info id="577" free="18874368" total="37748736" percent="50">
    <mem type="eden" free="1246912" total="2097152" percent="59" />
    <remembered-set count="14560" freebytes="1450880" totalbytes="1509120" percent="96" regionsoverflowed="0" regionsstable="0" regionsrebuilding="0"/>
  </mem-info>
</gc-end>
<cycle-end id="578" type="partial gc" contextid="571" timestamp="2019-08-09T00:18:37.867" />
  <attribute name="elasticGC enabled" value="1" />
  <attribute name= "numThreadsSpecified" value="16" />
  <attribute name="heapSize specified" value="0" />
  <attribute name="Current GC Util" value="165" />
  <attribute name= "Current Time Running" value="128082" />
  <attribute name ="GC Interval" value="0" />
  <attribute name="Target GC Util Change" value ="80.000000" />
  <attribute name="Current GC Util Change" value="165.000000"/>
  <attribute name="Current Error" value="77.000000" />
  <attribute name="Output H" value="37786624"/>
  <attribute name="Output I" value="2048"/>
  <attribute name="Output T" value="16"/>
  <attribute name= "Current Time Running" value="128082" />
  <attribute name="GC Util currently" value="165" />
  <attribute name="CPU Util currently" value="1418784724802" />
<exclusive-end id="579" timestamp="2019-08-09T00:18:37.867" durationms="19.659" />

<exclusive-start id="580" timestamp="2019-08-09T00:18:37.886" intervalms="38.601">
  <response-info timems="0.020" idlems="0.020" threads="0" lastid="0000000001FF0F00" lastname="main" />
</exclusive-start>
<allocation-taxation id="581" taxation-threshold="8388608" timestamp="2019-08-09T00:18:37.886" intervalms="38.601" />
<cycle-start id="582" type="global mark phase" contextid="0" timestamp="2019-08-09T00:18:37.886" intervalms="566.150" />
<gc-start id="583" type="global mark phase" contextid="582" timestamp="2019-08-09T00:18:37.886">
  <mem-info id="584" free="10485760" total="37748736" percent="27">
    <remembered-set count="14560" freebytes="1450880" totalbytes="1509120" percent="96" regionsoverflowed="0" regionsstable="0" regionsrebuilding="0"/>
  </mem-info>
</gc-start>
<gc-op id="585" type="mark increment" timems="5.152" contextid="582" timestamp="2019-08-09T00:18:37.892">
  <trace-info objectcount="41152" scancount="24862" scanbytes="829640" />
</gc-op>
<gc-end id="586" type="global mark phase" contextid="582" durationms="5.202" usertimems="13.935" systemtimems="0.919" timestamp="2019-08-09T00:18:37.892" activeThreads="16">
  <mem-info id="587" free="10485760" total="37748736" percent="27">
    <remembered-set count="14560" freebytes="1450880" totalbytes="1509120" percent="96" regionsoverflowed="0" regionsstable="0" regionsrebuilding="0"/>
  </mem-info>
</gc-end>
<concurrent-start id="588" type="GMP work packet processing" contextid="582" timestamp="2019-08-09T00:18:37.892">
  <concurrent-mark-start scanTarget="11001254" />
</concurrent-start>
<exclusive-end id="589" timestamp="2019-08-09T00:18:37.892" durationms="5.592" />

<concurrent-end id="590" type="GMP work packet processing" contextid="582" timestamp="2019-08-09T00:18:37.897">
  <concurrent-mark-end bytesScanned="2186412" reasonForTermination="Completed all work in GC phase" />
</concurrent-end>

<exclusive-start id="591" timestamp="2019-08-09T00:18:37.943" intervalms="57.228">
  <response-info timems="0.035" idlems="0.035" threads="0" lastid="0000000001FF0F00" lastname="main" />
</exclusive-start>
<allocation-taxation id="592" taxation-threshold="8388608" timestamp="2019-08-09T00:18:37.944" intervalms="57.281" />
<cycle-start id="593" type="partial gc" contextid="0" timestamp="2019-08-09T00:18:37.944" intervalms="95.849" />
<gc-start id="594" type="partial gc" contextid="593" timestamp="2019-08-09T00:18:37.944">
  <mem-info id="595" free="2097152" total="37748736" percent="5">
    <mem type="eden" free="0" total="16777216" percent="0" />
    <remembered-set count="14560" freebytes="1450880" totalbytes="1509120" percent="96" regionsoverflowed="0" regionsstable="0" regionsrebuilding="0"/>
  </mem-info>
</gc-start>
<allocation-stats totalBytes="16775504" >
  <allocated-bytes non-tlh="203768" tlh="16571736" arrayletleaf="0"/>
  <largest-consumer threadName="main" threadId="0000000001FF0F00" bytes="8387736" />
</allocation-stats>
<gc-op id="596" type="copy forward" timems="13.908" contextid="593" timestamp="2019-08-09T00:18:37.959">
  <memory-copied type="eden" objects="4123" bytes="422128" bytesdiscarded="37920" />
  <memory-copied type="other" objects="1279" bytes="71016" bytesdiscarded="26120" />
  <memory-cardclean objects="257" bytes="27640" />
  <regions eden="8" other="1" />
  <remembered-set-cleared processed="7263" cleared="847" durationms="0.311" />
  <references type="soft" candidates="43" cleared="0" enqueued="0" dynamicThreshold="8" maxThreshold="32" />
  <references type="weak" candidates="30" cleared="0" enqueued="0" />
  <references type="phantom" candidates="1" cleared="0" enqueued="0" />
  <stringconstants candidates="11140" cleared="0"  />
  <heap-resize type="expand" space="default" amount="2097152" count="1" timems="0.102" reason="continue current collection" />
</gc-op>
<gc-op id="597" type="classunload" timems="0.013" contextid="593" timestamp="2019-08-09T00:18:37.959">
  <classunload-info classloadercandidates="20" classloadersunloaded="0" classesunloaded="0" anonymousclassesunloaded="0" quiescems="0.000" setupms="0.012" scanms="0.000" postms="0.000" />
</gc-op>
<heap-resize id="598" type="expand" space="default" amount="8388608" count="1" timems="0.109" reason="excessive time being spent in gc" timestamp="2019-08-09T00:18:37.959" />
<gc-end id="599" type="partial gc" contextid="593" durationms="15.398" usertimems="8.453" systemtimems="24.103" timestamp="2019-08-09T00:18:37.959" activeThreads="16">
  <mem-info id="600" free="27262976" total="48234496" percent="56">
    <mem type="eden" free="1637032" total="2097152" percent="78" />
    <remembered-set count="13344" freebytes="1874944" totalbytes="1928320" percent="97" regionsoverflowed="0" regionsstable="0" regionsrebuilding="0"/>
  </mem-info>
</gc-end>
<cycle-end id="601" type="partial gc" contextid="593" timestamp="2019-08-09T00:18:37.959" />
  <attribute name="elasticGC enabled" value="1" />
  <attribute name= "numThreadsSpecified" value="16" />
  <attribute name="heapSize specified" value="0" />
  <attribute name="Current GC Util" value="101" />
  <attribute name= "Current Time Running" value="128178" />
  <attribute name ="GC Interval" value="0" />
  <attribute name="Target GC Util Change" value ="80.000000" />
  <attribute name="Current GC Util Change" value="101.000000"/>
  <attribute name="Current Error" value="-356.000000" />
  <attribute name="Output H" value="37786376"/>
  <attribute name="Output I" value="1800"/>
  <attribute name="Output T" value="16"/>
  <attribute name= "Current Time Running" value="128178" />
  <attribute name="GC Util currently" value="101" />
  <attribute name="CPU Util currently" value="1354108103895" />
<exclusive-end id="602" timestamp="2019-08-09T00:18:37.960" durationms="16.128" />

<exclusive-start id="603" timestamp="2019-08-09T00:18:38.049" intervalms="105.209">
  <response-info timems="0.025" idlems="0.025" threads="0" lastid="0000000001FF0F00" lastname="main" />
</exclusive-start>
<allocation-taxation id="604" taxation-threshold="8388608" timestamp="2019-08-09T00:18:38.049" intervalms="105.156" />
<gc-start id="605" type="global mark phase" contextid="582" timestamp="2019-08-09T00:18:38.049">
  <mem-info id="606" free="18874368" total="48234496" percent="39">
    <remembered-set count="12928" freebytes="1876608" totalbytes="1928320" percent="97" regionsoverflowed="0" regionsstable="0" regionsrebuilding="0"/>
  </mem-info>
</gc-start>
<gc-op id="607" type="mark increment" timems="22.950" contextid="582" timestamp="2019-08-09T00:18:38.072">
  <trace-info objectcount="15662" scancount="14232" scanbytes="660820" />
  <cardclean-info objects="609" bytes="41212" />
  <finalization candidates="80" enqueued="0" />
  <ownableSynchronizers candidates="21" cleared="0" />
  <references type="soft" candidates="1733" cleared="0" enqueued="0" dynamicThreshold="18" maxThreshold="32" />
  <references type="weak" candidates="4893" cleared="23" enqueued="20" />
  <references type="phantom" candidates="99" cleared="2" enqueued="2" />
  <stringconstants candidates="11326" cleared="0"  />
</gc-op>
<gc-op id="608" type="classunload" timems="0.008" contextid="582" timestamp="2019-08-09T00:18:38.072">
  <classunload-info classloadercandidates="21" classloadersunloaded="0" classesunloaded="0" anonymousclassesunloaded="0" quiescems="0.000" setupms="0.007" scanms="0.000" postms="0.000" />
</gc-op>
<gc-end id="609" type="global mark phase" contextid="582" durationms="23.081" usertimems="31.654" systemtimems="6.756" timestamp="2019-08-09T00:18:38.072" activeThreads="16">
  <mem-info id="610" free="18874368" total="48234496" percent="39">
    <pending-finalizers system="0" default="0" reference="22" classloader="0" />
    <remembered-set count="12928" freebytes="1876608" totalbytes="1928320" percent="97" regionsoverflowed="0" regionsstable="0" regionsrebuilding="0"/>
  </mem-info>
</gc-end>
<cycle-end id="611" type="global mark phase" contextid="582" timestamp="2019-08-09T00:18:38.072" />
  <attribute name="elasticGC enabled" value="1" />
  <attribute name= "numThreadsSpecified" value="16" />
  <attribute name="heapSize specified" value="0" />
  <attribute name="Current GC Util" value="188" />
  <attribute name= "Current Time Running" value="128287" />
  <attribute name ="GC Interval" value="0" />
  <attribute name="Target GC Util Change" value ="80.000000" />
  <attribute name="Current GC Util Change" value="188.000000"/>
  <attribute name="Current Error" value="-108.000000" />
  <attribute name="Output H" value="48272280"/>
  <attribute name="Output I" value="1944"/>
  <attribute name="Output T" value="16"/>
  <attribute name= "Current Time Running" value="128287" />
  <attribute name="GC Util currently" value="188" />
  <attribute name="CPU Util currently" value="303581263227" />
<exclusive-end id="612" timestamp="2019-08-09T00:18:38.072" durationms="23.365" />

<exclusive-start id="613" timestamp="2019-08-09T00:18:38.105" intervalms="56.384">
  <response-info timems="0.059" idlems="0.059" threads="0" lastid="0000000001FF0F00" lastname="main" />
</exclusive-start>
<allocation-taxation id="614" taxation-threshold="8388608" timestamp="2019-08-09T00:18:38.105" intervalms="56.398" />
<cycle-start id="615" type="partial gc" contextid="0" timestamp="2019-08-09T00:18:38.105" intervalms="161.724" />
<gc-start id="616" type="partial gc" contextid="615" timestamp="2019-08-09T00:18:38.106">
  <mem-info id="617" free="10485760" total="48234496" percent="21">
    <mem type="eden" free="0" total="16777216" percent="0" />
    <remembered-set count="12928" freebytes="1876608" totalbytes="1928320" percent="97" regionsoverflowed="0" regionsstable="0" regionsrebuilding="0"/>
  </mem-info>
</gc-start>
<allocation-stats totalBytes="16774496" >
  <allocated-bytes non-tlh="213304" tlh="16561192" arrayletleaf="0"/>
  <largest-consumer threadName="main" threadId="0000000001FF0F00" bytes="8383664" />
</allocation-stats>
<gc-op id="618" type="sweep" timems="2.732" contextid="615" timestamp="2019-08-09T00:18:38.108" />
<gc-op id="619" type="copy forward" timems="16.686" contextid="615" timestamp="2019-08-09T00:18:38.127">
  <memory-copied type="eden" objects="12458" bytes="452384" bytesdiscarded="32554" />
  <memory-copied type="other" objects="15462" bytes="1016320" bytesdiscarded="70398" />
  <memory-cardclean objects="411" bytes="32768" />
  <regions eden="4" other="5" />
  <remembered-set-cleared processed="7086" cleared="448" durationms="0.146" />
  <references type="soft" candidates="11" cleared="0" enqueued="0" dynamicThreshold="12" maxThreshold="32" />
  <references type="weak" candidates="249" cleared="0" enqueued="0" />
  <references type="phantom" candidates="1" cleared="0" enqueued="0" />
  <stringconstants candidates="11326" cleared="0"  />
</gc-op>
<gc-op id="620" type="classunload" timems="0.008" contextid="615" timestamp="2019-08-09T00:18:38.127">
  <classunload-info classloadercandidates="21" classloadersunloaded="0" classesunloaded="0" anonymousclassesunloaded="0" quiescems="0.000" setupms="0.008" scanms="0.000" postms="0.000" />
</gc-op>
<heap-resize id="621" type="expand" space="default" amount="8388608" count="1" timems="0.109" reason="excessive time being spent in gc" timestamp="2019-08-09T00:18:38.127" />
<gc-end id="622" type="partial gc" contextid="615" durationms="21.405" usertimems="59.632" systemtimems="9.311" timestamp="2019-08-09T00:18:38.127" activeThreads="16">
  <mem-info id="623" free="33554432" total="56623104" percent="59">
    <mem type="eden" free="540128" total="2097152" percent="25" />
    <remembered-set count="16512" freebytes="2197632" totalbytes="2263680" percent="97" regionsoverflowed="0" regionsstable="0" regionsrebuilding="0"/>
  </mem-info>
</gc-end>
<cycle-end id="624" type="partial gc" contextid="615" timestamp="2019-08-09T00:18:38.127" />
  <attribute name="elasticGC enabled" value="1" />
  <attribute name= "numThreadsSpecified" value="16" />
  <attribute name="heapSize specified" value="0" />
  <attribute name="Current GC Util" value="138" />
  <attribute name= "Current Time Running" value="128343" />
  <attribute name ="GC Interval" value="0" />
  <attribute name="Target GC Util Change" value ="80.000000" />
  <attribute name="Current GC Util Change" value="138.000000"/>
  <attribute name="Current Error" value="-164.000000" />
  <attribute name="Output H" value="48272248"/>
  <attribute name="Output I" value="1912"/>
  <attribute name="Output T" value="16"/>
  <attribute name= "Current Time Running" value="128343" />
  <attribute name="GC Util currently" value="138" />
  <attribute name="CPU Util currently" value="1076432361172" />
<exclusive-end id="625" timestamp="2019-08-09T00:18:38.127" durationms="22.231" />

<exclusive-start id="626" timestamp="2019-08-09T00:18:38.334" intervalms="228.913">
  <response-info timems="0.222" idlems="0.222" threads="0" lastid="0000000001FF0F00" lastname="main" />
</exclusive-start>
<allocation-taxation id="627" taxation-threshold="20971520" timestamp="2019-08-09T00:18:38.334" intervalms="228.909" />
<cycle-start id="628" type="partial gc" contextid="0" timestamp="2019-08-09T00:18:38.334" intervalms="228.677" />
<gc-start id="629" type="partial gc" contextid="628" timestamp="2019-08-09T00:18:38.334">
  <mem-info id="630" free="12582912" total="56623104" percent="22">
    <mem type="eden" free="0" total="20971520" percent="0" />
    <remembered-set count="16224" freebytes="2198784" totalbytes="2263680" percent="97" regionsoverflowed="0" regionsstable="0" regionsrebuilding="0"/>
  </mem-info>
</gc-start>
<allocation-stats totalBytes="20968056" >
  <allocated-bytes non-tlh="703968" tlh="20264088" arrayletleaf="0"/>
  <largest-consumer threadName="main" threadId="0000000001FF0F00" bytes="20968056" />
</allocation-stats>
<gc-op id="631" type="copy forward" timems="12.473" contextid="628" timestamp="2019-08-09T00:18:38.348">
  <memory-copied type="eden" objects="15364" bytes="947376" bytesdiscarded="87512" />
  <memory-copied type="other" objects="7125" bytes="259136" bytesdiscarded="16080" />
  <memory-cardclean objects="1453" bytes="85032" />
  <regions eden="10" other="3" />
  <remembered-set-cleared processed="9623" cleared="4373" durationms="0.113" />
  <finalization candidates="1" enqueued="1" />
  <references type="soft" candidates="347" cleared="0" enqueued="0" dynamicThreshold="18" maxThreshold="32" />
  <references type="weak" candidates="855" cleared="0" enqueued="0" />
  <references type="phantom" candidates="1" cleared="0" enqueued="0" />
  <stringconstants candidates="11676" cleared="0"  />
</gc-op>
<gc-op id="632" type="classunload" timems="0.007" contextid="628" timestamp="2019-08-09T00:18:38.348">
  <classunload-info classloadercandidates="26" classloadersunloaded="0" classesunloaded="0" anonymousclassesunloaded="0" quiescems="0.000" setupms="0.007" scanms="0.000" postms="0.000" />
</gc-op>
<heap-resize id="633" type="expand" space="default" amount="2097152" count="1" timems="0.068" reason="excessive time being spent in gc" timestamp="2019-08-09T00:18:38.348" />
<gc-end id="634" type="partial gc" contextid="628" durationms="13.848" usertimems="38.592" systemtimems="0.000" timestamp="2019-08-09T00:18:38.348" activeThreads="16">
  <mem-info id="635" free="35651584" total="58720256" percent="60">
    <mem type="eden" free="1061896" total="2097152" percent="50" />
    <pending-finalizers system="0" default="1" reference="0" classloader="0" />
    <remembered-set count="16352" freebytes="2282112" totalbytes="2347520" percent="97" regionsoverflowed="0" regionsstable="0" regionsrebuilding="0"/>
  </mem-info>
</gc-end>
<cycle-end id="636" type="partial gc" contextid="628" timestamp="2019-08-09T00:18:38.348" />
  <attribute name="elasticGC enabled" value="1" />
  <attribute name= "numThreadsSpecified" value="16" />
  <attribute name="heapSize specified" value="0" />
  <attribute name="Current GC Util" value="137" />
  <attribute name= "Current Time Running" value="128569" />
  <attribute name ="GC Interval" value="0" />
  <attribute name="Target GC Util Change" value ="80.000000" />
  <attribute name="Current GC Util Change" value="137.000000"/>
  <attribute name="Current Error" value="-161.000000" />
  <attribute name="Output H" value="56660856"/>
  <attribute name="Output I" value="1912"/>
  <attribute name="Output T" value="16"/>
  <attribute name= "Current Time Running" value="128569" />
  <attribute name="GC Util currently" value="137" />
  <attribute name="CPU Util currently" value="1627004599956" />
<exclusive-end id="637" timestamp="2019-08-09T00:18:38.348" durationms="14.487" />

<exclusive-start id="638" timestamp="2019-08-09T00:18:38.476" intervalms="141.576">
  <response-info timems="0.046" idlems="0.046" threads="0" lastid="0000000001FF0F00" lastname="main" />
</exclusive-start>
<allocation-taxation id="639" taxation-threshold="20971520" timestamp="2019-08-09T00:18:38.476" intervalms="141.576" />
<cycle-start id="640" type="partial gc" contextid="0" timestamp="2019-08-09T00:18:38.476" intervalms="141.598" />
<gc-start id="641" type="partial gc" contextid="640" timestamp="2019-08-09T00:18:38.476">
  <mem-info id="642" free="14680064" total="58720256" percent="25">
    <mem type="eden" free="0" total="20971520" percent="0" />
    <remembered-set count="15968" freebytes="2283648" totalbytes="2347520" percent="97" regionsoverflowed="0" regionsstable="0" regionsrebuilding="0"/>
  </mem-info>
</gc-start>
<allocation-stats totalBytes="20968392" >
  <allocated-bytes non-tlh="786160" tlh="20182232" arrayletleaf="0"/>
  <largest-consumer threadName="main" threadId="0000000001FF0F00" bytes="20964176" />
</allocation-stats>
<gc-op id="643" type="copy forward" timems="20.861" contextid="640" timestamp="2019-08-09T00:18:38.498">
  <memory-copied type="eden" objects="5377" bytes="512992" bytesdiscarded="112352" />
  <memory-copied type="other" objects="9387" bytes="367496" bytesdiscarded="39160" />
  <memory-cardclean objects="1772" bytes="106576" />
  <regions eden="10" other="2" />
  <remembered-set-cleared processed="9071" cleared="3528" durationms="0.128" />
  <references type="soft" candidates="365" cleared="0" enqueued="0" dynamicThreshold="19" maxThreshold="32" />
  <references type="weak" candidates="992" cleared="0" enqueued="0" />
  <references type="phantom" candidates="2" cleared="0" enqueued="0" />
  <stringconstants candidates="11983" cleared="7"  />
</gc-op>
<gc-op id="644" type="classunload" timems="0.597" contextid="640" timestamp="2019-08-09T00:18:38.499">
  <classunload-info classloadercandidates="29" classloadersunloaded="1" classesunloaded="1" anonymousclassesunloaded="0" quiescems="0.000" setupms="0.576" scanms="0.013" postms="0.007" />
</gc-op>
<gc-end id="645" type="partial gc" contextid="640" durationms="23.191" usertimems="56.760" systemtimems="0.000" timestamp="2019-08-09T00:18:38.499" activeThreads="16">
  <mem-info id="646" free="35651584" total="58720256" percent="60">
    <mem type="eden" free="1471536" total="2097152" percent="70" />
    <remembered-set count="16832" freebytes="2280192" totalbytes="2347520" percent="97" regionsoverflowed="0" regionsstable="0" regionsrebuilding="0"/>
  </mem-info>
</gc-end>
<cycle-end id="647" type="partial gc" contextid="640" timestamp="2019-08-09T00:18:38.499" />
  <attribute name="elasticGC enabled" value="1" />
  <attribute name= "numThreadsSpecified" value="16" />
  <attribute name="heapSize specified" value="0" />
  <attribute name="Current GC Util" value="92" />
  <attribute name= "Current Time Running" value="128711" />
  <attribute name ="GC Interval" value="0" />
  <attribute name="Target GC Util Change" value ="80.000000" />
  <attribute name="Current GC Util Change" value="92.000000"/>
  <attribute name="Current Error" value="44.000000" />
  <attribute name="Output H" value="58758128"/>
  <attribute name="Output I" value="2032"/>
  <attribute name="Output T" value="16"/>
  <attribute name= "Current Time Running" value="128711" />
  <attribute name="GC Util currently" value="92" />
  <attribute name="CPU Util currently" value="1231545841026" />
<exclusive-end id="648" timestamp="2019-08-09T00:18:38.499" durationms="23.942" />

<exclusive-start id="649" timestamp="2019-08-09T00:18:38.611" intervalms="135.288">
  <response-info timems="0.062" idlems="0.062" threads="0" lastid="0000000001FF0F00" lastname="main" />
</exclusive-start>
<allocation-taxation id="650" taxation-threshold="20971520" timestamp="2019-08-09T00:18:38.611" intervalms="135.279" />
<cycle-start id="651" type="partial gc" contextid="0" timestamp="2019-08-09T00:18:38.611" intervalms="135.408" />
<gc-start id="652" type="partial gc" contextid="651" timestamp="2019-08-09T00:18:38.611">
  <mem-info id="653" free="14680064" total="58720256" percent="25">
    <mem type="eden" free="0" total="20971520" percent="0" />
    <remembered-set count="16384" freebytes="2281984" totalbytes="2347520" percent="97" regionsoverflowed="0" regionsstable="0" regionsrebuilding="0"/>
  </mem-info>
</gc-start>
<allocation-stats totalBytes="20967984" >
  <allocated-bytes non-tlh="1028120" tlh="19939864" arrayletleaf="0"/>
  <largest-consumer threadName="main" threadId="0000000001FF0F00" bytes="20967984" />
</allocation-stats>
<gc-op id="654" type="copy forward" timems="12.766" contextid="651" timestamp="2019-08-09T00:18:38.625">
  <memory-copied type="eden" objects="10911" bytes="707480" bytesdiscarded="98000" />
  <memory-copied type="other" objects="9984" bytes="436312" bytesdiscarded="46448" />
  <memory-cardclean objects="3040" bytes="155320" />
  <regions eden="10" other="2" />
  <remembered-set-cleared processed="8761" cleared="2962" durationms="0.115" />
  <references type="soft" candidates="192" cleared="0" enqueued="0" dynamicThreshold="19" maxThreshold="32" />
  <references type="weak" candidates="1202" cleared="0" enqueued="0" />
  <references type="phantom" candidates="1" cleared="0" enqueued="0" />
  <stringconstants candidates="12335" cleared="2"  />
</gc-op>
<gc-op id="655" type="classunload" timems="0.507" contextid="651" timestamp="2019-08-09T00:18:38.626">
  <classunload-info classloadercandidates="34" classloadersunloaded="1" classesunloaded="1" anonymousclassesunloaded="0" quiescems="0.000" setupms="0.491" scanms="0.010" postms="0.005" />
</gc-op>
<gc-end id="656" type="partial gc" contextid="651" durationms="14.936" usertimems="16.378" systemtimems="22.600" timestamp="2019-08-09T00:18:38.626" activeThreads="16">
  <mem-info id="657" free="35651584" total="58720256" percent="60">
    <mem type="eden" free="1291416" total="2097152" percent="61" />
    <remembered-set count="16544" freebytes="2281344" totalbytes="2347520" percent="97" regionsoverflowed="0" regionsstable="0" regionsrebuilding="0"/>
  </mem-info>
</gc-end>
<cycle-end id="658" type="partial gc" contextid="651" timestamp="2019-08-09T00:18:38.626" />
  <attribute name="elasticGC enabled" value="1" />
  <attribute name= "numThreadsSpecified" value="16" />
  <attribute name="heapSize specified" value="0" />
  <attribute name="Current GC Util" value="107" />
  <attribute name= "Current Time Running" value="128846" />
  <attribute name ="GC Interval" value="0" />
  <attribute name="Target GC Util Change" value ="80.000000" />
  <attribute name="Current GC Util Change" value="107.000000"/>
  <attribute name="Current Error" value="56.000000" />
  <attribute name="Output H" value="58758128"/>
  <attribute name="Output I" value="2032"/>
  <attribute name="Output T" value="16"/>
  <attribute name= "Current Time Running" value="128846" />
  <attribute name="GC Util currently" value="107" />
  <attribute name="CPU Util currently" value="1352444996463" />
<exclusive-end id="659" timestamp="2019-08-09T00:18:38.627" durationms="15.740" />

<exclusive-start id="660" timestamp="2019-08-09T00:18:38.716" intervalms="104.918">
  <response-info timems="0.025" idlems="0.025" threads="0" lastid="0000000001FF0F00" lastname="main" />
</exclusive-start>
<allocation-taxation id="661" taxation-threshold="20971520" timestamp="2019-08-09T00:18:38.716" intervalms="104.967" />
<cycle-start id="662" type="partial gc" contextid="0" timestamp="2019-08-09T00:18:38.716" intervalms="104.914" />
<gc-start id="663" type="partial gc" contextid="662" timestamp="2019-08-09T00:18:38.716">
  <mem-info id="664" free="14680064" total="58720256" percent="25">
    <mem type="eden" free="0" total="20971520" percent="0" />
    <remembered-set count="16320" freebytes="2282240" totalbytes="2347520" percent="97" regionsoverflowed="0" regionsstable="0" regionsrebuilding="0"/>
  </mem-info>
</gc-start>
<allocation-stats totalBytes="20968512" >
  <allocated-bytes non-tlh="617264" tlh="20351248" arrayletleaf="0"/>
  <largest-consumer threadName="main" threadId="0000000001FF0F00" bytes="20968512" />
</allocation-stats>
<gc-op id="665" type="copy forward" timems="20.870" contextid="662" timestamp="2019-08-09T00:18:38.738">
  <memory-copied type="eden" objects="22777" bytes="1235152" bytesdiscarded="124784" />
  <memory-copied type="other" objects="19910" bytes="934120" bytesdiscarded="134392" />
  <memory-cardclean objects="20503" bytes="908672" />
  <regions eden="10" other="2" />
  <remembered-set-cleared processed="7041" cleared="4871" durationms="0.137" />
  <finalization candidates="13" enqueued="0" />
  <references type="soft" candidates="92" cleared="0" enqueued="0" dynamicThreshold="19" maxThreshold="32" />
  <references type="weak" candidates="325" cleared="0" enqueued="0" />
  <references type="phantom" candidates="52" cleared="0" enqueued="0" />
  <stringconstants candidates="12479" cleared="0"  />
</gc-op>
<gc-op id="666" type="classunload" timems="0.010" contextid="662" timestamp="2019-08-09T00:18:38.738">
  <classunload-info classloadercandidates="36" classloadersunloaded="0" classesunloaded="0" anonymousclassesunloaded="0" quiescems="0.000" setupms="0.009" scanms="0.000" postms="0.000" />
</gc-op>
<gc-end id="667" type="partial gc" contextid="662" durationms="22.172" usertimems="41.483" systemtimems="16.594" timestamp="2019-08-09T00:18:38.738" activeThreads="16">
  <mem-info id="668" free="35651584" total="58720256" percent="60">
    <mem type="eden" free="737016" total="2097152" percent="35" />
    <remembered-set count="16960" freebytes="2279680" totalbytes="2347520" percent="97" regionsoverflowed="0" regionsstable="0" regionsrebuilding="0"/>
  </mem-info>
</gc-end>
<cycle-end id="669" type="partial gc" contextid="662" timestamp="2019-08-09T00:18:38.739" />
  <attribute name="elasticGC enabled" value="1" />
  <attribute name= "numThreadsSpecified" value="16" />
  <attribute name="heapSize specified" value="0" />
  <attribute name="Current GC Util" value="134" />
  <attribute name= "Current Time Running" value="128951" />
  <attribute name ="GC Interval" value="0" />
  <attribute name="Target GC Util Change" value ="80.000000" />
  <attribute name="Current GC Util Change" value="134.000000"/>
  <attribute name="Current Error" value="46.000000" />
  <attribute name="Output H" value="58758128"/>
  <attribute name="Output I" value="2032"/>
  <attribute name="Output T" value="16"/>
  <attribute name= "Current Time Running" value="128951" />
  <attribute name="GC Util currently" value="134" />
  <attribute name="CPU Util currently" value="1651149138825" />
<exclusive-end id="670" timestamp="2019-08-09T00:18:38.739" durationms="22.934" />

<exclusive-start id="671" timestamp="2019-08-09T00:18:38.819" intervalms="103.205">
  <response-info timems="0.019" idlems="0.019" threads="0" lastid="0000000001FF0F00" lastname="main" />
</exclusive-start>
<allocation-taxation id="672" taxation-threshold="20971520" timestamp="2019-08-09T00:18:38.819" intervalms="103.160" />
<cycle-start id="673" type="partial gc" contextid="0" timestamp="2019-08-09T00:18:38.819" intervalms="103.104" />
<gc-start id="674" type="partial gc" contextid="673" timestamp="2019-08-09T00:18:38.819">
  <mem-info id="675" free="14680064" total="58720256" percent="25">
    <mem type="eden" free="0" total="20971520" percent="0" />
    <remembered-set count="16704" freebytes="2280704" totalbytes="2347520" percent="97" regionsoverflowed="0" regionsstable="0" regionsrebuilding="0"/>
  </mem-info>
</gc-start>
<allocation-stats totalBytes="20968576" >
  <allocated-bytes non-tlh="466696" tlh="20501880" arrayletleaf="0"/>
  <largest-consumer threadName="main" threadId="0000000001FF0F00" bytes="20968576" />
</allocation-stats>
<gc-op id="676" type="copy forward" timems="16.954" contextid="673" timestamp="2019-08-09T00:18:38.838">
  <memory-copied type="eden" objects="5896" bytes="524032" bytesdiscarded="85192" />
  <memory-copied type="other" objects="1582" bytes="61704" bytesdiscarded="10824" />
  <memory-cardclean objects="147" bytes="16784" />
  <regions eden="10" other="1" />
  <remembered-set-cleared processed="9662" cleared="1895" durationms="0.119" />
  <references type="soft" candidates="38" cleared="0" enqueued="0" dynamicThreshold="19" maxThreshold="32" />
  <references type="weak" candidates="79" cleared="0" enqueued="0" />
  <references type="phantom" candidates="1" cleared="0" enqueued="0" />
  <stringconstants candidates="12495" cleared="0"  />
</gc-op>
<gc-op id="677" type="classunload" timems="0.008" contextid="673" timestamp="2019-08-09T00:18:38.838">
  <classunload-info classloadercandidates="38" classloadersunloaded="0" classesunloaded="0" anonymousclassesunloaded="0" quiescems="0.000" setupms="0.007" scanms="0.000" postms="0.000" />
</gc-op>
<heap-resize id="678" type="expand" space="default" amount="4194304" count="1" timems="0.118" reason="excessive time being spent in gc" timestamp="2019-08-09T00:18:38.838" />
<gc-end id="679" type="partial gc" contextid="673" durationms="18.465" usertimems="25.402" systemtimems="15.871" timestamp="2019-08-09T00:18:38.838" activeThreads="16">
  <mem-info id="680" free="37748736" total="62914560" percent="60">
    <mem type="eden" free="1487848" total="2097152" percent="70" />
    <remembered-set count="15648" freebytes="2452608" totalbytes="2515200" percent="97" regionsoverflowed="0" regionsstable="0" regionsrebuilding="0"/>
  </mem-info>
</gc-end>
<cycle-end id="681" type="partial gc" contextid="673" timestamp="2019-08-09T00:18:38.838" />
  <attribute name="elasticGC enabled" value="1" />
  <attribute name= "numThreadsSpecified" value="16" />
  <attribute name="heapSize specified" value="0" />
  <attribute name="Current GC Util" value="132" />
  <attribute name= "Current Time Running" value="129054" />
  <attribute name ="GC Interval" value="0" />
  <attribute name="Target GC Util Change" value ="80.000000" />
  <attribute name="Current GC Util Change" value="132.000000"/>
  <attribute name="Current Error" value="-27.000000" />
  <attribute name="Output H" value="58758088"/>
  <attribute name="Output I" value="1992"/>
  <attribute name="Output T" value="16"/>
  <attribute name= "Current Time Running" value="129054" />
  <attribute name="GC Util currently" value="132" />
  <attribute name="CPU Util currently" value="1418416420815" />
<exclusive-end id="682" timestamp="2019-08-09T00:18:38.838" durationms="19.171" />

<exclusive-start id="683" timestamp="2019-08-09T00:18:38.894" intervalms="74.653">
  <response-info timems="0.046" idlems="0.046" threads="0" lastid="0000000001FF0F00" lastname="main" />
</exclusive-start>
<allocation-taxation id="684" taxation-threshold="23068672" timestamp="2019-08-09T00:18:38.894" intervalms="74.647" />
<cycle-start id="685" type="partial gc" contextid="0" timestamp="2019-08-09T00:18:38.894" intervalms="74.600" />
<gc-start id="686" type="partial gc" contextid="685" timestamp="2019-08-09T00:18:38.894">
  <mem-info id="687" free="14680064" total="62914560" percent="23">
    <mem type="eden" free="0" total="23068672" percent="0" />
    <remembered-set count="15232" freebytes="2454272" totalbytes="2515200" percent="97" regionsoverflowed="0" regionsstable="0" regionsrebuilding="0"/>
  </mem-info>
</gc-start>
<allocation-stats totalBytes="23066376" >
  <allocated-bytes non-tlh="202024" tlh="22864352" arrayletleaf="0"/>
  <largest-consumer threadName="main" threadId="0000000001FF0F00" bytes="23066376" />
</allocation-stats>
<gc-op id="688" type="copy forward" timems="23.830" contextid="685" timestamp="2019-08-09T00:18:38.919">
  <memory-copied type="eden" objects="12196" bytes="503056" bytesdiscarded="54720" />
  <memory-copied type="other" objects="1003" bytes="31480" bytesdiscarded="2416" />
  <memory-cardclean objects="109" bytes="12624" />
  <regions eden="11" other="1" />
  <remembered-set-cleared processed="8697" cleared="458" durationms="0.148" />
  <references type="soft" candidates="3" cleared="0" enqueued="0" dynamicThreshold="19" maxThreshold="32" />
  <references type="weak" candidates="24" cleared="0" enqueued="0" />
  <stringconstants candidates="12508" cleared="0"  />
</gc-op>
<gc-op id="689" type="classunload" timems="0.009" contextid="685" timestamp="2019-08-09T00:18:38.919">
  <classunload-info classloadercandidates="39" classloadersunloaded="0" classesunloaded="0" anonymousclassesunloaded="0" quiescems="0.000" setupms="0.009" scanms="0.000" postms="0.000" />
</gc-op>
<heap-resize id="690" type="expand" space="default" amount="6291456" count="1" timems="0.156" reason="excessive time being spent in gc" timestamp="2019-08-09T00:18:38.920" />
<gc-end id="691" type="partial gc" contextid="685" durationms="25.897" usertimems="15.679" systemtimems="36.726" timestamp="2019-08-09T00:18:38.920" activeThreads="16">
  <mem-info id="692" free="41943040" total="69206016" percent="60">
    <mem type="eden" free="1539352" total="2097152" percent="73" />
    <remembered-set count="19168" freebytes="2690048" totalbytes="2766720" percent="97" regionsoverflowed="0" regionsstable="0" regionsrebuilding="0"/>
  </mem-info>
</gc-end>
<cycle-end id="693" type="partial gc" contextid="685" timestamp="2019-08-09T00:18:38.920" />
  <attribute name="elasticGC enabled" value="1" />
  <attribute name= "numThreadsSpecified" value="16" />
  <attribute name="heapSize specified" value="0" />
  <attribute name="Current GC Util" value="123" />
  <attribute name= "Current Time Running" value="129129" />
  <attribute name ="GC Interval" value="0" />
  <attribute name="Target GC Util Change" value ="80.000000" />
  <attribute name="Current GC Util Change" value="123.000000"/>
  <attribute name="Current Error" value="-44.000000" />
  <attribute name="Output H" value="62952376"/>
  <attribute name="Output I" value="1976"/>
  <attribute name="Output T" value="16"/>
  <attribute name= "Current Time Running" value="129129" />
  <attribute name="GC Util currently" value="123" />
  <attribute name="CPU Util currently" value="1155229639037" />
<exclusive-end id="694" timestamp="2019-08-09T00:18:38.920" durationms="26.706" />

<exclusive-start id="695" timestamp="2019-08-09T00:18:38.984" intervalms="90.625">
  <response-info timems="0.053" idlems="0.053" threads="0" lastid="0000000001FF0F00" lastname="main" />
</exclusive-start>
<allocation-taxation id="696" taxation-threshold="25165824" timestamp="2019-08-09T00:18:38.984" intervalms="90.631" />
<cycle-start id="697" type="partial gc" contextid="0" timestamp="2019-08-09T00:18:38.984" intervalms="90.628" />
<gc-start id="698" type="partial gc" contextid="697" timestamp="2019-08-09T00:18:38.985">
  <mem-info id="699" free="16777216" total="69206016" percent="24">
    <mem type="eden" free="0" total="25165824" percent="0" />
    <remembered-set count="18912" freebytes="2691072" totalbytes="2766720" percent="97" regionsoverflowed="0" regionsstable="0" regionsrebuilding="0"/>
  </mem-info>
</gc-start>
<allocation-stats totalBytes="25162552" >
  <allocated-bytes non-tlh="601768" tlh="24560784" arrayletleaf="0"/>
  <largest-consumer threadName="main" threadId="0000000001FF0F00" bytes="25162552" />
</allocation-stats>
<gc-op id="700" type="copy forward" timems="17.708" contextid="697" timestamp="2019-08-09T00:18:39.004">
  <memory-copied type="eden" objects="3366" bytes="140008" bytesdiscarded="10984" />
  <memory-copied type="other" objects="319" bytes="12712" bytesdiscarded="904" />
  <memory-cardclean objects="113" bytes="12856" />
  <regions eden="12" other="1" />
  <remembered-set-cleared processed="9849" cleared="1336" durationms="0.107" />
  <references type="soft" candidates="4" cleared="0" enqueued="0" dynamicThreshold="19" maxThreshold="32" />
  <references type="weak" candidates="26" cleared="0" enqueued="0" />
  <stringconstants candidates="12537" cleared="0"  />
</gc-op>
<gc-op id="701" type="classunload" timems="0.010" contextid="697" timestamp="2019-08-09T00:18:39.004">
  <classunload-info classloadercandidates="42" classloadersunloaded="0" classesunloaded="0" anonymousclassesunloaded="0" quiescems="0.000" setupms="0.010" scanms="0.000" postms="0.000" />
</gc-op>
<heap-resize id="702" type="expand" space="default" amount="4194304" count="1" timems="0.205" reason="excessive time being spent in gc" timestamp="2019-08-09T00:18:39.004" />
<gc-end id="703" type="partial gc" contextid="697" durationms="19.334" usertimems="17.851" systemtimems="21.480" timestamp="2019-08-09T00:18:39.004" activeThreads="16">
  <mem-info id="704" free="44040192" total="73400320" percent="60">
    <mem type="eden" free="1946088" total="2097152" percent="92" />
    <remembered-set count="17120" freebytes="2865920" totalbytes="2934400" percent="97" regionsoverflowed="0" regionsstable="0" regionsrebuilding="0"/>
  </mem-info>
</gc-end>
<cycle-end id="705" type="partial gc" contextid="697" timestamp="2019-08-09T00:18:39.004" />
  <attribute name="elasticGC enabled" value="1" />
  <attribute name= "numThreadsSpecified" value="16" />
  <attribute name="heapSize specified" value="0" />
  <attribute name="Current GC Util" value="131" />
  <attribute name= "Current Time Running" value="129219" />
  <attribute name ="GC Interval" value="0" />
  <attribute name="Target GC Util Change" value ="80.000000" />
  <attribute name="Current GC Util Change" value="131.000000"/>
  <attribute name="Current Error" value="-72.000000" />
  <attribute name="Output H" value="69243816"/>
  <attribute name="Output I" value="1960"/>
  <attribute name="Output T" value="16"/>
  <attribute name= "Current Time Running" value="129219" />
  <attribute name="GC Util currently" value="131" />
  <attribute name="CPU Util currently" value="1451144808221" />
<exclusive-end id="706" timestamp="2019-08-09T00:18:39.004" durationms="19.997" />

<exclusive-start id="707" timestamp="2019-08-09T00:18:39.104" intervalms="120.035">
  <response-info timems="0.100" idlems="0.100" threads="0" lastid="0000000001FF0F00" lastname="main" />
</exclusive-start>
<allocation-taxation id="708" taxation-threshold="25165824" timestamp="2019-08-09T00:18:39.104" intervalms="120.037" />
<cycle-start id="709" type="partial gc" contextid="0" timestamp="2019-08-09T00:18:39.104" intervalms="120.076" />
<gc-start id="710" type="partial gc" contextid="709" timestamp="2019-08-09T00:18:39.105">
  <mem-info id="711" free="18874368" total="73400320" percent="25">
    <mem type="eden" free="0" total="25165824" percent="0" />
    <remembered-set count="16672" freebytes="2867712" totalbytes="2934400" percent="97" regionsoverflowed="0" regionsstable="0" regionsrebuilding="0"/>
  </mem-info>
</gc-start>
<allocation-stats totalBytes="25158848" >
  <allocated-bytes non-tlh="400792" tlh="24758056" arrayletleaf="0"/>
  <largest-consumer threadName="main" threadId="0000000001FF0F00" bytes="25158848" />
</allocation-stats>
<gc-op id="712" type="copy forward" timems="10.792" contextid="709" timestamp="2019-08-09T00:18:39.117">
  <memory-copied type="eden" objects="375" bytes="33184" bytesdiscarded="5088" />
  <memory-copied type="other" objects="618" bytes="21728" bytesdiscarded="2752" />
  <memory-cardclean objects="135" bytes="13800" />
  <regions eden="12" other="1" />
  <remembered-set-cleared processed="9084" cleared="490" durationms="0.106" />
  <references type="soft" candidates="5" cleared="0" enqueued="0" dynamicThreshold="19" maxThreshold="32" />
  <references type="weak" candidates="29" cleared="0" enqueued="0" />
  <stringconstants candidates="12547" cleared="0"  />
</gc-op>
<gc-op id="713" type="classunload" timems="0.007" contextid="709" timestamp="2019-08-09T00:18:39.117">
  <classunload-info classloadercandidates="45" classloadersunloaded="0" classesunloaded="0" anonymousclassesunloaded="0" quiescems="0.000" setupms="0.007" scanms="0.000" postms="0.000" />
</gc-op>
<heap-resize id="714" type="expand" space="default" amount="6291456" count="1" timems="0.166" reason="excessive time being spent in gc" timestamp="2019-08-09T00:18:39.117" />
<gc-end id="715" type="partial gc" contextid="709" durationms="12.276" usertimems="7.931" systemtimems="19.835" timestamp="2019-08-09T00:18:39.117" activeThreads="16">
  <mem-info id="716" free="48234496" total="79691776" percent="60">
    <mem type="eden" free="2058800" total="2097152" percent="98" />
    <remembered-set count="17248" freebytes="3116928" totalbytes="3185920" percent="97" regionsoverflowed="0" regionsstable="0" regionsrebuilding="0"/>
  </mem-info>
</gc-end>
<cycle-end id="717" type="partial gc" contextid="709" timestamp="2019-08-09T00:18:39.117" />
  <attribute name="elasticGC enabled" value="1" />
  <attribute name= "numThreadsSpecified" value="16" />
  <attribute name="heapSize specified" value="0" />
  <attribute name="Current GC Util" value="170" />
  <attribute name= "Current Time Running" value="129339" />
  <attribute name ="GC Interval" value="0" />
  <attribute name="Target GC Util Change" value ="80.000000" />
  <attribute name="Current GC Util Change" value="170.000000"/>
  <attribute name="Current Error" value="-39.000000" />
  <attribute name="Output H" value="73438144"/>
  <attribute name="Output I" value="1984"/>
  <attribute name="Output T" value="16"/>
  <attribute name= "Current Time Running" value="129339" />
  <attribute name="GC Util currently" value="170" />
  <attribute name="CPU Util currently" value="1667727193902" />
<exclusive-end id="718" timestamp="2019-08-09T00:18:39.117" durationms="12.878" />

<exclusive-start id="719" timestamp="2019-08-09T00:18:39.202" intervalms="97.501">
  <response-info timems="0.125" idlems="0.125" threads="0" lastid="0000000001FF0F00" lastname="main" />
</exclusive-start>
<allocation-taxation id="720" taxation-threshold="27262976" timestamp="2019-08-09T00:18:39.202" intervalms="97.644" />
<cycle-start id="721" type="partial gc" contextid="0" timestamp="2019-08-09T00:18:39.202" intervalms="97.588" />
<gc-start id="722" type="partial gc" contextid="721" timestamp="2019-08-09T00:18:39.202">
  <mem-info id="723" free="20971520" total="79691776" percent="26">
    <mem type="eden" free="0" total="27262976" percent="0" />
    <remembered-set count="16768" freebytes="3118848" totalbytes="3185920" percent="97" regionsoverflowed="0" regionsstable="0" regionsrebuilding="0"/>
  </mem-info>
</gc-start>
<allocation-stats totalBytes="27259584" >
  <allocated-bytes non-tlh="1202776" tlh="26056808" arrayletleaf="0"/>
  <largest-consumer threadName="main" threadId="0000000001FF0F00" bytes="27259584" />
</allocation-stats>
<gc-op id="724" type="copy forward" timems="17.707" contextid="721" timestamp="2019-08-09T00:18:39.221">
  <memory-copied type="eden" objects="6911" bytes="581544" bytesdiscarded="22600" />
  <memory-copied type="other" objects="366" bytes="13160" bytesdiscarded="2872" />
  <memory-cardclean objects="168" bytes="14456" />
  <regions eden="13" other="1" />
  <remembered-set-cleared processed="8957" cleared="195" durationms="0.129" />
  <references type="soft" candidates="6" cleared="0" enqueued="0" dynamicThreshold="19" maxThreshold="32" />
  <references type="weak" candidates="37" cleared="0" enqueued="0" />
  <references type="phantom" candidates="1" cleared="0" enqueued="0" />
  <stringconstants candidates="12587" cleared="4"  />
</gc-op>
<gc-op id="725" type="classunload" timems="0.478" contextid="721" timestamp="2019-08-09T00:18:39.222">
  <classunload-info classloadercandidates="50" classloadersunloaded="2" classesunloaded="2" anonymousclassesunloaded="0" quiescems="0.000" setupms="0.458" scanms="0.013" postms="0.007" />
</gc-op>
<heap-resize id="726" type="expand" space="default" amount="10485760" count="1" timems="0.123" reason="excessive time being spent in gc" timestamp="2019-08-09T00:18:39.222" />
<gc-end id="727" type="partial gc" contextid="721" durationms="19.721" usertimems="39.192" systemtimems="8.293" timestamp="2019-08-09T00:18:39.222" activeThreads="16">
  <mem-info id="728" free="54525952" total="90177536" percent="60">
    <mem type="eden" free="3590048" total="4194304" percent="85" />
    <remembered-set count="18656" freebytes="3530496" totalbytes="3605120" percent="97" regionsoverflowed="0" regionsstable="0" regionsrebuilding="0"/>
  </mem-info>
</gc-end>
<cycle-end id="729" type="partial gc" contextid="721" timestamp="2019-08-09T00:18:39.222" />
  <attribute name="elasticGC enabled" value="1" />
  <attribute name= "numThreadsSpecified" value="16" />
  <attribute name="heapSize specified" value="0" />
  <attribute name="Current GC Util" value="147" />
  <attribute name= "Current Time Running" value="129437" />
  <attribute name ="GC Interval" value="0" />
  <attribute name="Target GC Util Change" value ="80.000000" />
  <attribute name="Current GC Util Change" value="147.000000"/>
  <attribute name="Current Error" value="-53.000000" />
  <attribute name="Output H" value="79729592"/>
  <attribute name="Output I" value="1976"/>
  <attribute name="Output T" value="16"/>
  <attribute name= "Current Time Running" value="129437" />
  <attribute name="GC Util currently" value="147" />
  <attribute name="CPU Util currently" value="1399044131045" />
<exclusive-end id="730" timestamp="2019-08-09T00:18:39.222" durationms="20.407" />

<exclusive-start id="731" timestamp="2019-08-09T00:18:39.330" intervalms="128.536">
  <response-info timems="0.069" idlems="0.069" threads="0" lastid="0000000001FF0F00" lastname="main" />
</exclusive-start>
<allocation-taxation id="732" taxation-threshold="29360128" timestamp="2019-08-09T00:18:39.330" intervalms="128.383" />
<cycle-start id="733" type="partial gc" contextid="0" timestamp="2019-08-09T00:18:39.330" intervalms="128.380" />
<gc-start id="734" type="partial gc" contextid="733" timestamp="2019-08-09T00:18:39.331">
  <mem-info id="735" free="25165824" total="90177536" percent="27">
    <mem type="eden" free="0" total="29360128" percent="0" />
    <remembered-set count="18400" freebytes="3531520" totalbytes="3605120" percent="97" regionsoverflowed="0" regionsstable="0" regionsrebuilding="0"/>
  </mem-info>
</gc-start>
<allocation-stats totalBytes="29356176" >
  <allocated-bytes non-tlh="201168" tlh="29155008" arrayletleaf="0"/>
  <largest-consumer threadName="main" threadId="0000000001FF0F00" bytes="29356176" />
</allocation-stats>
<gc-op id="736" type="copy forward" timems="19.387" contextid="733" timestamp="2019-08-09T00:18:39.352">
  <memory-copied type="eden" objects="19277" bytes="1100312" bytesdiscarded="60784" />
  <memory-copied type="other" objects="1950" bytes="93224" bytesdiscarded="15880" />
  <memory-cardclean objects="1113" bytes="55000" />
  <regions eden="14" other="3" />
  <remembered-set-cleared processed="9202" cleared="1060" durationms="0.151" />
  <references type="soft" candidates="38" cleared="0" enqueued="0" dynamicThreshold="19" maxThreshold="32" />
  <references type="weak" candidates="66" cleared="0" enqueued="0" />
  <references type="phantom" candidates="1" cleared="0" enqueued="0" />
  <stringconstants candidates="12606" cleared="0"  />
</gc-op>
<gc-op id="737" type="classunload" timems="0.008" contextid="733" timestamp="2019-08-09T00:18:39.352">
  <classunload-info classloadercandidates="49" classloadersunloaded="0" classesunloaded="0" anonymousclassesunloaded="0" quiescems="0.000" setupms="0.008" scanms="0.000" postms="0.000" />
</gc-op>
<gc-end id="738" type="partial gc" contextid="733" durationms="21.388" usertimems="55.339" systemtimems="6.648" timestamp="2019-08-09T00:18:39.352" activeThreads="16">
  <mem-info id="739" free="54525952" total="90177536" percent="60">
    <mem type="eden" free="936000" total="2097152" percent="44" />
    <remembered-set count="19648" freebytes="3526528" totalbytes="3605120" percent="97" regionsoverflowed="0" regionsstable="0" regionsrebuilding="0"/>
  </mem-info>
</gc-end>
<cycle-end id="740" type="partial gc" contextid="733" timestamp="2019-08-09T00:18:39.352" />
  <attribute name="elasticGC enabled" value="1" />
  <attribute name= "numThreadsSpecified" value="16" />
  <attribute name="heapSize specified" value="0" />
  <attribute name="Current GC Util" value="73" />
  <attribute name= "Current Time Running" value="129566" />
  <attribute name ="GC Interval" value="0" />
  <attribute name="Target GC Util Change" value ="80.000000" />
  <attribute name="Current GC Util Change" value="73.000000"/>
  <attribute name="Current Error" value="-2.000000" />
  <attribute name="Output H" value="90215376"/>
  <attribute name="Output I" value="2000"/>
  <attribute name="Output T" value="16"/>
  <attribute name= "Current Time Running" value="129566" />
  <attribute name="GC Util currently" value="73" />
  <attribute name="CPU Util currently" value="880034966505" />
<exclusive-end id="741" timestamp="2019-08-09T00:18:39.352" durationms="21.958" />

<exclusive-start id="742" timestamp="2019-08-09T00:18:39.499" intervalms="168.259">
  <response-info timems="0.142" idlems="0.142" threads="0" lastid="0000000001FF0F00" lastname="main" />
</exclusive-start>
<allocation-taxation id="743" taxation-threshold="29360128" timestamp="2019-08-09T00:18:39.499" intervalms="168.272" />
<cycle-start id="744" type="partial gc" contextid="0" timestamp="2019-08-09T00:18:39.499" intervalms="168.316" />
<gc-start id="745" type="partial gc" contextid="744" timestamp="2019-08-09T00:18:39.499">
  <mem-info id="746" free="25165824" total="90177536" percent="27">
    <mem type="eden" free="0" total="29360128" percent="0" />
    <remembered-set count="19264" freebytes="3528064" totalbytes="3605120" percent="97" regionsoverflowed="0" regionsstable="0" regionsrebuilding="0"/>
  </mem-info>
</gc-start>
<allocation-stats totalBytes="29350344" >
  <allocated-bytes non-tlh="633552" tlh="28716792" arrayletleaf="0"/>
  <largest-consumer threadName="main" threadId="0000000001FF0F00" bytes="29350344" />
</allocation-stats>
<gc-op id="747" type="copy forward" timems="22.127" contextid="744" timestamp="2019-08-09T00:18:39.523">
  <memory-copied type="eden" objects="7198" bytes="309392" bytesdiscarded="34656" />
  <memory-copied type="other" objects="12946" bytes="763504" bytesdiscarded="30992" />
  <memory-cardclean objects="2132" bytes="108160" />
  <regions eden="14" other="2" />
  <remembered-set-cleared processed="10306" cleared="2780" durationms="0.186" />
  <references type="soft" candidates="695" cleared="0" enqueued="0" dynamicThreshold="19" maxThreshold="32" />
  <references type="weak" candidates="229" cleared="0" enqueued="0" />
  <references type="phantom" candidates="4" cleared="0" enqueued="0" />
  <stringconstants candidates="13128" cleared="0"  />
</gc-op>
<gc-op id="748" type="classunload" timems="0.007" contextid="744" timestamp="2019-08-09T00:18:39.523">
  <classunload-info classloadercandidates="53" classloadersunloaded="0" classesunloaded="0" anonymousclassesunloaded="0" quiescems="0.000" setupms="0.007" scanms="0.000" postms="0.000" />
</gc-op>
<heap-resize id="749" type="expand" space="default" amount="4194304" count="1" timems="0.168" reason="excessive time being spent in gc" timestamp="2019-08-09T00:18:39.523" />
<gc-end id="750" type="partial gc" contextid="744" durationms="23.792" usertimems="75.737" systemtimems="0.000" timestamp="2019-08-09T00:18:39.523" activeThreads="16">
  <mem-info id="751" free="56623104" total="94371840" percent="60">
    <mem type="eden" free="1752728" total="2097152" percent="83" />
    <remembered-set count="16992" freebytes="3704832" totalbytes="3772800" percent="98" regionsoverflowed="0" regionsstable="0" regionsrebuilding="0"/>
  </mem-info>
</gc-end>
<cycle-end id="752" type="partial gc" contextid="744" timestamp="2019-08-09T00:18:39.523" />
  <attribute name="elasticGC enabled" value="1" />
  <attribute name= "numThreadsSpecified" value="16" />
  <attribute name="heapSize specified" value="0" />
  <attribute name="Current GC Util" value="82" />
  <attribute name= "Current Time Running" value="129734" />
  <attribute name ="GC Interval" value="0" />
  <attribute name="Target GC Util Change" value ="80.000000" />
  <attribute name="Current GC Util Change" value="82.000000"/>
  <attribute name="Current Error" value="51.000000" />
  <attribute name="Output H" value="90215408"/>
  <attribute name="Output I" value="2032"/>
  <attribute name="Output T" value="16"/>
  <attribute name= "Current Time Running" value="129734" />
  <attribute name="GC Util currently" value="82" />
  <attribute name="CPU Util currently" value="1326163536230" />
<exclusive-end id="753" timestamp="2019-08-09T00:18:39.523" durationms="24.637" />

<exclusive-start id="754" timestamp="2019-08-09T00:18:40.018" intervalms="519.371">
  <response-info timems="1.175" idlems="1.175" threads="0" lastid="0000000001FF0F00" lastname="main" />
</exclusive-start>
<allocation-taxation id="755" taxation-threshold="31457280" timestamp="2019-08-09T00:18:40.018" intervalms="519.371" />
<cycle-start id="756" type="partial gc" contextid="0" timestamp="2019-08-09T00:18:40.018" intervalms="519.521" />
<gc-start id="757" type="partial gc" contextid="756" timestamp="2019-08-09T00:18:40.018">
  <mem-info id="758" free="25165824" total="94371840" percent="26">
    <mem type="eden" free="0" total="31457280" percent="0" />
    <remembered-set count="16736" freebytes="3705856" totalbytes="3772800" percent="98" regionsoverflowed="0" regionsstable="0" regionsrebuilding="0"/>
  </mem-info>
</gc-start>
<allocation-stats totalBytes="31440224" >
  <allocated-bytes non-tlh="3503464" tlh="27936760" arrayletleaf="0"/>
  <largest-consumer threadName="main" threadId="0000000001FF0F00" bytes="31440224" />
</allocation-stats>
<gc-op id="759" type="copy forward" timems="27.673" contextid="756" timestamp="2019-08-09T00:18:40.047">
  <memory-copied type="eden" objects="23296" bytes="2600528" bytesdiscarded="1447488" />
  <memory-copied type="other" objects="7178" bytes="267856" bytesdiscarded="17904" />
  <memory-cardclean objects="621" bytes="44640" />
  <regions eden="15" other="1" />
  <remembered-set-cleared processed="10009" cleared="1003" durationms="0.139" />
  <finalization candidates="3" enqueued="2" />
  <references type="soft" candidates="780" cleared="0" enqueued="0" dynamicThreshold="19" maxThreshold="32" />
  <references type="weak" candidates="190" cleared="0" enqueued="0" />
  <references type="phantom" candidates="2" cleared="0" enqueued="0" />
  <stringconstants candidates="13328" cleared="0"  />
</gc-op>
<gc-op id="760" type="classunload" timems="0.011" contextid="756" timestamp="2019-08-09T00:18:40.047">
  <classunload-info classloadercandidates="55" classloadersunloaded="0" classesunloaded="0" anonymousclassesunloaded="0" quiescems="0.000" setupms="0.010" scanms="0.000" postms="0.000" />
</gc-op>
<gc-end id="761" type="partial gc" contextid="756" durationms="28.951" usertimems="51.564" systemtimems="0.000" timestamp="2019-08-09T00:18:40.047" activeThreads="16">
  <mem-info id="762" free="52428800" total="94371840" percent="55">
    <mem type="eden" free="145992" total="4194304" percent="3" />
    <pending-finalizers system="0" default="2" reference="0" classloader="0" />
    <remembered-set count="21024" freebytes="3688704" totalbytes="3772800" percent="97" regionsoverflowed="0" regionsstable="0" regionsrebuilding="0"/>
  </mem-info>
</gc-end>
<cycle-end id="763" type="partial gc" contextid="756" timestamp="2019-08-09T00:18:40.047" />
  <attribute name="elasticGC enabled" value="1" />
  <attribute name= "numThreadsSpecified" value="16" />
  <attribute name="heapSize specified" value="0" />
  <attribute name="Current GC Util" value="108" />
  <attribute name= "Current Time Running" value="130253" />
  <attribute name ="GC Interval" value="0" />
  <attribute name="Target GC Util Change" value ="80.000000" />
  <attribute name="Current GC Util Change" value="108.000000"/>
  <attribute name="Current Error" value="95.000000" />
  <attribute name="Output H" value="94409736"/>
  <attribute name="Output I" value="2056"/>
  <attribute name="Output T" value="16"/>
  <attribute name= "Current Time Running" value="130253" />
  <attribute name="GC Util currently" value="108" />
  <attribute name="CPU Util currently" value="1561597907466" />
<exclusive-end id="764" timestamp="2019-08-09T00:18:40.048" durationms="29.736" />

<exclusive-start id="765" timestamp="2019-08-09T00:18:40.453" intervalms="435.568">
  <response-info timems="0.130" idlems="0.130" threads="0" lastid="0000000001FF0F00" lastname="main" />
</exclusive-start>
<allocation-taxation id="766" taxation-threshold="31457280" timestamp="2019-08-09T00:18:40.454" intervalms="435.595" />
<cycle-start id="767" type="partial gc" contextid="0" timestamp="2019-08-09T00:18:40.454" intervalms="435.478" />
<gc-start id="768" type="partial gc" contextid="767" timestamp="2019-08-09T00:18:40.455">
  <mem-info id="769" free="20971520" total="94371840" percent="22">
    <mem type="eden" free="0" total="31457280" percent="0" />
    <remembered-set count="17312" freebytes="3703552" totalbytes="3772800" percent="98" regionsoverflowed="0" regionsstable="1" regionsrebuilding="0"/>
  </mem-info>
</gc-start>
<allocation-stats totalBytes="31421280" >
  <allocated-bytes non-tlh="0" tlh="31421280" arrayletleaf="0"/>
  <largest-consumer threadName="main" threadId="0000000001FF0F00" bytes="31417184" />
</allocation-stats>
<gc-op id="770" type="copy forward" timems="28.486" contextid="767" timestamp="2019-08-09T00:18:40.488">
  <memory-copied type="eden" objects="65463" bytes="1660496" bytesdiscarded="125976" />
  <memory-copied type="other" objects="22764" bytes="2561096" bytesdiscarded="215168" />
  <memory-cardclean objects="204" bytes="26104" />
  <regions eden="15" other="2" />
  <remembered-set-cleared processed="8402" cleared="1438" durationms="0.386" />
  <finalization candidates="1" enqueued="0" />
  <references type="soft" candidates="145" cleared="0" enqueued="0" dynamicThreshold="17" maxThreshold="32" />
  <references type="weak" candidates="79" cleared="0" enqueued="0" />
  <references type="phantom" candidates="2" cleared="0" enqueued="0" />
  <stringconstants candidates="13328" cleared="0"  />
</gc-op>
<gc-op id="771" type="classunload" timems="0.012" contextid="767" timestamp="2019-08-09T00:18:40.488">
  <classunload-info classloadercandidates="55" classloadersunloaded="0" classesunloaded="0" anonymousclassesunloaded="0" quiescems="0.000" setupms="0.011" scanms="0.000" postms="0.000" />
</gc-op>
<gc-end id="772" type="partial gc" contextid="767" durationms="33.314" usertimems="62.832" systemtimems="0.000" timestamp="2019-08-09T00:18:40.488" activeThreads="16">
  <mem-info id="773" free="50331648" total="94371840" percent="53">
    <mem type="eden" free="310680" total="2097152" percent="14" />
    <remembered-set count="20640" freebytes="3690240" totalbytes="3772800" percent="97" regionsoverflowed="0" regionsstable="1" regionsrebuilding="0"/>
  </mem-info>
</gc-end>
<cycle-end id="774" type="partial gc" contextid="767" timestamp="2019-08-09T00:18:40.488" />
  <attribute name="elasticGC enabled" value="1" />
  <attribute name= "numThreadsSpecified" value="16" />
  <attribute name="heapSize specified" value="0" />
  <attribute name="Current GC Util" value="48" />
  <attribute name= "Current Time Running" value="130693" />
  <attribute name ="GC Interval" value="0" />
  <attribute name="Target GC Util Change" value ="80.000000" />
  <attribute name="Current GC Util Change" value="48.000000"/>
  <attribute name="Current Error" value="197.000000" />
  <attribute name="Output H" value="94409800"/>
  <attribute name="Output I" value="2120"/>
  <attribute name="Output T" value="16"/>
  <attribute name= "Current Time Running" value="130693" />
  <attribute name="GC Util currently" value="48" />
  <attribute name="CPU Util currently" value="275900978162" />
<exclusive-end id="775" timestamp="2019-08-09T00:18:40.488" durationms="34.933" />

<exclusive-start id="776" timestamp="2019-08-09T00:18:40.644" intervalms="190.205">
  <response-info timems="0.028" idlems="0.028" threads="0" lastid="0000000001FF0F00" lastname="main" />
</exclusive-start>
<allocation-taxation id="777" taxation-threshold="31457280" timestamp="2019-08-09T00:18:40.644" intervalms="190.182" />
<cycle-start id="778" type="partial gc" contextid="0" timestamp="2019-08-09T00:18:40.644" intervalms="190.132" />
<gc-start id="779" type="partial gc" contextid="778" timestamp="2019-08-09T00:18:40.644">
  <mem-info id="780" free="18874368" total="94371840" percent="20">
    <mem type="eden" free="0" total="31457280" percent="0" />
    <remembered-set count="20192" freebytes="3692032" totalbytes="3772800" percent="97" regionsoverflowed="0" regionsstable="1" regionsrebuilding="0"/>
  </mem-info>
</gc-start>
<allocation-stats totalBytes="31425984" >
  <allocated-bytes non-tlh="65544" tlh="31360440" arrayletleaf="0"/>
  <largest-consumer threadName="main" threadId="0000000001FF0F00" bytes="31425984" />
</allocation-stats>
<gc-op id="781" type="copy forward" timems="24.402" contextid="778" timestamp="2019-08-09T00:18:40.671">
  <memory-copied type="eden" objects="64952" bytes="1674752" bytesdiscarded="115288" />
  <memory-copied type="other" objects="83944" bytes="2101176" bytesdiscarded="128264" />
  <memory-cardclean objects="1852" bytes="51584" />
  <regions eden="15" other="2" />
  <remembered-set-cleared processed="12335" cleared="4880" durationms="0.176" />
  <finalization candidates="1" enqueued="0" />
  <references type="soft" candidates="83" cleared="0" enqueued="0" dynamicThreshold="17" maxThreshold="32" />
  <references type="weak" candidates="9" cleared="0" enqueued="0" />
  <stringconstants candidates="13328" cleared="0"  />
</gc-op>
<gc-op id="782" type="classunload" timems="0.010" contextid="778" timestamp="2019-08-09T00:18:40.671">
  <classunload-info classloadercandidates="55" classloadersunloaded="0" classesunloaded="0" anonymousclassesunloaded="0" quiescems="0.000" setupms="0.010" scanms="0.000" postms="0.000" />
</gc-op>
<gc-end id="783" type="partial gc" contextid="778" durationms="26.656" usertimems="66.904" systemtimems="0.000" timestamp="2019-08-09T00:18:40.671" activeThreads="16">
  <mem-info id="784" free="48234496" total="94371840" percent="51">
    <mem type="eden" free="307112" total="2097152" percent="14" />
    <remembered-set count="25504" freebytes="3670784" totalbytes="3772800" percent="97" regionsoverflowed="0" regionsstable="1" regionsrebuilding="0"/>
  </mem-info>
</gc-end>
<cycle-end id="785" type="partial gc" contextid="778" timestamp="2019-08-09T00:18:40.671" />
  <attribute name="elasticGC enabled" value="1" />
  <attribute name= "numThreadsSpecified" value="16" />
  <attribute name="heapSize specified" value="0" />
  <attribute name="Current GC Util" value="56" />
  <attribute name= "Current Time Running" value="130879" />
  <attribute name ="GC Interval" value="0" />
  <attribute name="Target GC Util Change" value ="80.000000" />
  <attribute name="Current GC Util Change" value="56.000000"/>
  <attribute name="Current Error" value="75.000000" />
  <attribute name="Output H" value="94409728"/>
  <attribute name="Output I" value="2048"/>
  <attribute name="Output T" value="16"/>
  <attribute name= "Current Time Running" value="130879" />
  <attribute name="GC Util currently" value="56" />
  <attribute name="CPU Util currently" value="694482068426" />
<exclusive-end id="786" timestamp="2019-08-09T00:18:40.671" durationms="27.400" />

<exclusive-start id="787" timestamp="2019-08-09T00:18:40.757" intervalms="113.649">
  <response-info timems="0.024" idlems="0.024" threads="0" lastid="0000000001FF0F00" lastname="main" />
</exclusive-start>
<allocation-taxation id="788" taxation-threshold="31457280" timestamp="2019-08-09T00:18:40.757" intervalms="113.710" />
<cycle-start id="789" type="partial gc" contextid="0" timestamp="2019-08-09T00:18:40.758" intervalms="113.744" />
<gc-start id="790" type="partial gc" contextid="789" timestamp="2019-08-09T00:18:40.758">
  <mem-info id="791" free="16777216" total="94371840" percent="17">
    <mem type="eden" free="0" total="31457280" percent="0" />
    <remembered-set count="25408" freebytes="3671168" totalbytes="3772800" percent="97" regionsoverflowed="0" regionsstable="1" regionsrebuilding="0"/>
  </mem-info>
</gc-start>
<allocation-stats totalBytes="31421928" >
  <allocated-bytes non-tlh="65544" tlh="31356384" arrayletleaf="0"/>
  <largest-consumer threadName="main" threadId="0000000001FF0F00" bytes="31421928" />
</allocation-stats>
<gc-op id="792" type="copy forward" timems="17.953" contextid="789" timestamp="2019-08-09T00:18:40.777">
  <memory-copied type="eden" objects="66264" bytes="1689016" bytesdiscarded="64464" />
  <memory-copied type="other" objects="68601" bytes="3746968" bytesdiscarded="241776" />
  <memory-cardclean objects="5970" bytes="236664" />
  <regions eden="15" other="2" />
  <remembered-set-cleared processed="15537" cleared="4924" durationms="0.218" />
  <references type="soft" candidates="62" cleared="0" enqueued="0" dynamicThreshold="16" maxThreshold="32" />
  <references type="weak" candidates="70" cleared="0" enqueued="0" />
  <references type="phantom" candidates="2" cleared="0" enqueued="0" />
  <stringconstants candidates="13328" cleared="0"  />
</gc-op>
<gc-op id="793" type="classunload" timems="0.013" contextid="789" timestamp="2019-08-09T00:18:40.777">
  <classunload-info classloadercandidates="55" classloadersunloaded="0" classesunloaded="0" anonymousclassesunloaded="0" quiescems="0.000" setupms="0.013" scanms="0.000" postms="0.000" />
</gc-op>
<gc-end id="794" type="partial gc" contextid="789" durationms="19.447" usertimems="66.636" systemtimems="0.000" timestamp="2019-08-09T00:18:40.777" activeThreads="16">
  <mem-info id="795" free="46137344" total="94371840" percent="48">
    <mem type="eden" free="343672" total="2097152" percent="16" />
    <remembered-set count="29440" freebytes="3655040" totalbytes="3772800" percent="96" regionsoverflowed="0" regionsstable="1" regionsrebuilding="0"/>
  </mem-info>
</gc-end>
<cycle-end id="796" type="partial gc" contextid="789" timestamp="2019-08-09T00:18:40.777" />
  <attribute name="elasticGC enabled" value="1" />
  <attribute name= "numThreadsSpecified" value="16" />
  <attribute name="heapSize specified" value="0" />
  <attribute name="Current GC Util" value="142" />
  <attribute name= "Current Time Running" value="130992" />
  <attribute name ="GC Interval" value="0" />
  <attribute name="Target GC Util Change" value ="80.000000" />
  <attribute name="Current GC Util Change" value="142.000000"/>
  <attribute name="Current Error" value="35.000000" />
  <attribute name="Output H" value="94409704"/>
  <attribute name="Output I" value="2024"/>
  <attribute name="Output T" value="16"/>
  <attribute name= "Current Time Running" value="130992" />
  <attribute name="GC Util currently" value="142" />
  <attribute name="CPU Util currently" value="1243691033925" />
<exclusive-end id="797" timestamp="2019-08-09T00:18:40.778" durationms="20.226" />

<exclusive-start id="798" timestamp="2019-08-09T00:18:40.900" intervalms="142.774">
  <response-info timems="0.388" idlems="0.388" threads="0" lastid="0000000001FF0F00" lastname="main" />
</exclusive-start>
<allocation-taxation id="799" taxation-threshold="31457280" timestamp="2019-08-09T00:18:40.900" intervalms="142.719" />
<cycle-start id="800" type="partial gc" contextid="0" timestamp="2019-08-09T00:18:40.900" intervalms="142.686" />
<gc-start id="801" type="partial gc" contextid="800" timestamp="2019-08-09T00:18:40.901">
  <mem-info id="802" free="14680064" total="94371840" percent="15">
    <mem type="eden" free="0" total="31457280" percent="0" />
    <remembered-set count="29216" freebytes="3655936" totalbytes="3772800" percent="96" regionsoverflowed="0" regionsstable="1" regionsrebuilding="0"/>
  </mem-info>
</gc-start>
<allocation-stats totalBytes="31418008" >
  <allocated-bytes non-tlh="0" tlh="31418008" arrayletleaf="0"/>
  <largest-consumer threadName="main" threadId="0000000001FF0F00" bytes="31418008" />
</allocation-stats>
<gc-op id="803" type="copy forward" timems="16.207" contextid="800" timestamp="2019-08-09T00:18:40.918">
  <memory-copied type="eden" objects="64296" bytes="1559080" bytesdiscarded="49584" />
  <memory-copied type="other" objects="130906" bytes="3264088" bytesdiscarded="119176" />
  <memory-cardclean objects="3450" bytes="158856" />
  <regions eden="15" other="2" />
  <remembered-set-cleared processed="19387" cleared="7652" durationms="0.268" />
  <stringconstants candidates="13328" cleared="0"  />
</gc-op>
<gc-op id="804" type="classunload" timems="0.012" contextid="800" timestamp="2019-08-09T00:18:40.918">
  <classunload-info classloadercandidates="55" classloadersunloaded="0" classesunloaded="0" anonymousclassesunloaded="0" quiescems="0.000" setupms="0.012" scanms="0.000" postms="0.000" />
</gc-op>
<heap-resize id="805" type="expand" space="default" amount="16777216" count="1" timems="0.164" reason="excessive time being spent in gc" timestamp="2019-08-09T00:18:40.919" />
<gc-end id="806" type="partial gc" contextid="800" durationms="18.170" usertimems="53.069" systemtimems="0.000" timestamp="2019-08-09T00:18:40.919" activeThreads="16">
  <mem-info id="807" free="60817408" total="111149056" percent="54">
    <mem type="eden" free="488488" total="2097152" percent="23" />
    <remembered-set count="31936" freebytes="4315776" totalbytes="4443520" percent="97" regionsoverflowed="0" regionsstable="1" regionsrebuilding="0"/>
  </mem-info>
</gc-end>
<cycle-end id="808" type="partial gc" contextid="800" timestamp="2019-08-09T00:18:40.919" />
  <attribute name="elasticGC enabled" value="1" />
  <attribute name= "numThreadsSpecified" value="16" />
  <attribute name="heapSize specified" value="0" />
  <attribute name="Current GC Util" value="231" />
  <attribute name= "Current Time Running" value="131135" />
  <attribute name ="GC Interval" value="0" />
  <attribute name="Target GC Util Change" value ="80.000000" />
  <attribute name="Current GC Util Change" value="231.000000"/>
  <attribute name="Current Error" value="-82.000000" />
  <attribute name="Output H" value="94409640"/>
  <attribute name="Output I" value="1960"/>
  <attribute name="Output T" value="16"/>
  <attribute name= "Current Time Running" value="131135" />
  <attribute name="GC Util currently" value="231" />
  <attribute name="CPU Util currently" value="905045037212" />
<exclusive-end id="809" timestamp="2019-08-09T00:18:40.919" durationms="18.920" />

<exclusive-start id="810" timestamp="2019-08-09T00:18:41.053" intervalms="152.999">
  <response-info timems="0.026" idlems="0.026" threads="0" lastid="0000000001FF0F00" lastname="main" />
</exclusive-start>
<allocation-taxation id="811" taxation-threshold="35651584" timestamp="2019-08-09T00:18:41.053" intervalms="153.008" />
<cycle-start id="812" type="partial gc" contextid="0" timestamp="2019-08-09T00:18:41.053" intervalms="153.043" />
<gc-start id="813" type="partial gc" contextid="812" timestamp="2019-08-09T00:18:41.054">
  <mem-info id="814" free="25165824" total="111149056" percent="22">
    <mem type="eden" free="0" total="35651584" percent="0" />
    <remembered-set count="31584" freebytes="4317184" totalbytes="4443520" percent="97" regionsoverflowed="0" regionsstable="1" regionsrebuilding="0"/>
  </mem-info>
</gc-start>
<allocation-stats totalBytes="35614672" >
  <allocated-bytes non-tlh="262160" tlh="35352512" arrayletleaf="0"/>
  <largest-consumer threadName="main" threadId="0000000001FF0F00" bytes="35614672" />
</allocation-stats>
<gc-op id="815" type="copy forward" timems="14.697" contextid="812" timestamp="2019-08-09T00:18:41.070">
  <memory-copied type="eden" objects="75539" bytes="2164128" bytesdiscarded="122800" />
  <memory-copied type="other" objects="128452" bytes="3148216" bytesdiscarded="175536" />
  <memory-cardclean objects="8792" bytes="303448" />
  <regions eden="17" other="2" />
  <remembered-set-cleared processed="22850" cleared="7825" durationms="0.494" />
  <stringconstants candidates="13328" cleared="0"  />
</gc-op>
<gc-op id="816" type="classunload" timems="0.010" contextid="812" timestamp="2019-08-09T00:18:41.070">
  <classunload-info classloadercandidates="55" classloadersunloaded="0" classesunloaded="0" anonymousclassesunloaded="0" quiescems="0.000" setupms="0.010" scanms="0.000" postms="0.000" />
</gc-op>
<heap-resize id="817" type="expand" space="default" amount="20971520" count="1" timems="0.171" reason="excessive time being spent in gc" timestamp="2019-08-09T00:18:41.070" />
<gc-end id="818" type="partial gc" contextid="812" durationms="16.962" usertimems="55.210" systemtimems="0.000" timestamp="2019-08-09T00:18:41.071" activeThreads="16">
  <mem-info id="819" free="77594624" total="132120576" percent="58">
    <mem type="eden" free="1907376" total="4194304" percent="45" />
    <remembered-set count="38336" freebytes="5128576" totalbytes="5281920" percent="97" regionsoverflowed="0" regionsstable="1" regionsrebuilding="0"/>
  </mem-info>
</gc-end>
<cycle-end id="820" type="partial gc" contextid="812" timestamp="2019-08-09T00:18:41.071" />
  <attribute name="elasticGC enabled" value="1" />
  <attribute name= "numThreadsSpecified" value="16" />
  <attribute name="heapSize specified" value="0" />
  <attribute name="Current GC Util" value="180" />
  <attribute name= "Current Time Running" value="131289" />
  <attribute name ="GC Interval" value="0" />
  <attribute name="Target GC Util Change" value ="80.000000" />
  <attribute name="Current GC Util Change" value="180.000000"/>
  <attribute name="Current Error" value="-53.000000" />
  <attribute name="Output H" value="111186872"/>
  <attribute name="Output I" value="1976"/>
  <attribute name="Output T" value="16"/>
  <attribute name= "Current Time Running" value="131289" />
  <attribute name="GC Util currently" value="180" />
  <attribute name="CPU Util currently" value="725602997522" />
<exclusive-end id="821" timestamp="2019-08-09T00:18:41.071" durationms="17.593" />

<exclusive-start id="822" timestamp="2019-08-09T00:18:41.193" intervalms="140.180">
  <response-info timems="0.044" idlems="0.044" threads="0" lastid="0000000001FF0F00" lastname="main" />
</exclusive-start>
<allocation-taxation id="823" taxation-threshold="39845888" timestamp="2019-08-09T00:18:41.193" intervalms="140.152" />
<cycle-start id="824" type="partial gc" contextid="0" timestamp="2019-08-09T00:18:41.193" intervalms="140.095" />
<gc-start id="825" type="partial gc" contextid="824" timestamp="2019-08-09T00:18:41.194">
  <mem-info id="826" free="37748736" total="132120576" percent="28">
    <mem type="eden" free="0" total="39845888" percent="0" />
    <remembered-set count="38176" freebytes="5129216" totalbytes="5281920" percent="97" regionsoverflowed="0" regionsstable="1" regionsrebuilding="0"/>
  </mem-info>
</gc-start>
<allocation-stats totalBytes="39823504" >
  <allocated-bytes non-tlh="1875056" tlh="37948448" arrayletleaf="0"/>
  <largest-consumer threadName="main" threadId="0000000001FF0F00" bytes="39823504" />
</allocation-stats>
<gc-op id="827" type="copy forward" timems="16.593" contextid="824" timestamp="2019-08-09T00:18:41.211">
  <memory-copied type="eden" objects="83951" bytes="3292648" bytesdiscarded="108704" />
  <memory-copied type="other" objects="141127" bytes="3770384" bytesdiscarded="182784" />
  <memory-cardclean objects="6504" bytes="184960" />
  <regions eden="19" other="3" />
  <remembered-set-cleared processed="28242" cleared="10016" durationms="0.190" />
  <finalization candidates="1" enqueued="1" />
  <references type="weak" candidates="6" cleared="0" enqueued="0" />
  <stringconstants candidates="13328" cleared="0"  />
</gc-op>
<gc-op id="828" type="classunload" timems="0.008" contextid="824" timestamp="2019-08-09T00:18:41.211">
  <classunload-info classloadercandidates="55" classloadersunloaded="0" classesunloaded="0" anonymousclassesunloaded="0" quiescems="0.000" setupms="0.007" scanms="0.000" postms="0.000" />
</gc-op>
<gc-end id="829" type="partial gc" contextid="824" durationms="17.666" usertimems="57.608" systemtimems="0.000" timestamp="2019-08-09T00:18:41.211" activeThreads="16">
  <mem-info id="830" free="73400320" total="132120576" percent="55">
    <mem type="eden" free="792928" total="4194304" percent="18" />
    <pending-finalizers system="0" default="1" reference="0" classloader="0" />
    <remembered-set count="40672" freebytes="5119232" totalbytes="5281920" percent="96" regionsoverflowed="0" regionsstable="1" regionsrebuilding="0"/>
  </mem-info>
</gc-end>
<cycle-end id="831" type="partial gc" contextid="824" timestamp="2019-08-09T00:18:41.211" />
  <attribute name="elasticGC enabled" value="1" />
  <attribute name= "numThreadsSpecified" value="16" />
  <attribute name="heapSize specified" value="0" />
  <attribute name="Current GC Util" value="55" />
  <attribute name= "Current Time Running" value="131428" />
  <attribute name ="GC Interval" value="0" />
  <attribute name="Target GC Util Change" value ="80.000000" />
  <attribute name="Current GC Util Change" value="55.000000"/>
  <attribute name="Current Error" value="15.000000" />
  <attribute name="Output H" value="132158424"/>
  <attribute name="Output I" value="2008"/>
  <attribute name="Output T" value="16"/>
  <attribute name= "Current Time Running" value="131428" />
  <attribute name="GC Util currently" value="55" />
  <attribute name="CPU Util currently" value="2095679817966" />
<exclusive-end id="832" timestamp="2019-08-09T00:18:41.212" durationms="18.293" />

-------------------------------------------------------------------------------
PYBENCH 2.0
-------------------------------------------------------------------------------
* using Python 2.5.2
* system check interval set to maximum: 2147483647
* using timer: time.time

Calibrating tests. Please wait...

Running 4 round(s) of the suite at warp factor 10:

<exclusive-start id="833" timestamp="2019-08-09T00:18:41.483" intervalms="289.787">
  <response-info timems="0.045" idlems="0.045" threads="0" lastid="0000000001FF0F00" lastname="main" />
</exclusive-start>
<allocation-taxation id="834" taxation-threshold="39845888" timestamp="2019-08-09T00:18:41.483" intervalms="289.783" />
<cycle-start id="835" type="partial gc" contextid="0" timestamp="2019-08-09T00:18:41.483" intervalms="289.801" />
<gc-start id="836" type="partial gc" contextid="835" timestamp="2019-08-09T00:18:41.483">
  <mem-info id="837" free="33554432" total="132120576" percent="25">
    <mem type="eden" free="0" total="39845888" percent="0" />
    <remembered-set count="40672" freebytes="5119232" totalbytes="5281920" percent="96" regionsoverflowed="0" regionsstable="1" regionsrebuilding="0"/>
  </mem-info>
</gc-start>
<allocation-stats totalBytes="39843072" >
  <allocated-bytes non-tlh="149376" tlh="39693696" arrayletleaf="0"/>
  <largest-consumer threadName="main" threadId="0000000001FF0F00" bytes="39843072" />
</allocation-stats>
<gc-op id="838" type="copy forward" timems="13.707" contextid="835" timestamp="2019-08-09T00:18:41.498">
  <memory-copied type="eden" objects="57575" bytes="1479184" bytesdiscarded="166328" />
  <memory-copied type="other" objects="147976" bytes="3562488" bytesdiscarded="202424" />
  <memory-cardclean objects="9251" bytes="535296" />
  <regions eden="19" other="3" />
  <remembered-set-cleared processed="30353" cleared="8662" durationms="0.268" />
  <references type="soft" candidates="2139" cleared="0" enqueued="0" dynamicThreshold="17" maxThreshold="32" />
  <references type="weak" candidates="82" cleared="0" enqueued="0" />
  <stringconstants candidates="13787" cleared="5"  />
</gc-op>
<gc-op id="839" type="classunload" timems="0.008" contextid="835" timestamp="2019-08-09T00:18:41.498">
  <classunload-info classloadercandidates="55" classloadersunloaded="0" classesunloaded="0" anonymousclassesunloaded="0" quiescems="0.000" setupms="0.008" scanms="0.000" postms="0.000" />
</gc-op>
<gc-end id="840" type="partial gc" contextid="835" durationms="14.701" usertimems="56.243" systemtimems="0.000" timestamp="2019-08-09T00:18:41.498" activeThreads="16">
  <mem-info id="841" free="71303168" total="132120576" percent="53">
    <mem type="eden" free="451616" total="2097152" percent="21" />
    <remembered-set count="43168" freebytes="5109248" totalbytes="5281920" percent="96" regionsoverflowed="0" regionsstable="1" regionsrebuilding="0"/>
  </mem-info>
</gc-end>
<cycle-end id="842" type="partial gc" contextid="835" timestamp="2019-08-09T00:18:41.498" />
  <attribute name="elasticGC enabled" value="1" />
  <attribute name= "numThreadsSpecified" value="16" />
  <attribute name="heapSize specified" value="0" />
  <attribute name="Current GC Util" value="121" />
  <attribute name= "Current Time Running" value="131717" />
  <attribute name ="GC Interval" value="0" />
  <attribute name="Target GC Util Change" value ="80.000000" />
  <attribute name="Current GC Util Change" value="121.000000"/>
  <attribute name="Current Error" value="35.000000" />
  <attribute name="Output H" value="132158440"/>
  <attribute name="Output I" value="2024"/>
  <attribute name="Output T" value="16"/>
  <attribute name= "Current Time Running" value="131717" />
  <attribute name="GC Util currently" value="121" />
  <attribute name="CPU Util currently" value="2063733958975" />
<exclusive-end id="843" timestamp="2019-08-09T00:18:41.498" durationms="15.209" />

<exclusive-start id="844" timestamp="2019-08-09T00:18:43.975" intervalms="2491.827">
  <response-info timems="0.126" idlems="0.126" threads="0" lastid="0000000001FF0F00" lastname="main" />
</exclusive-start>
<allocation-taxation id="845" taxation-threshold="39845888" timestamp="2019-08-09T00:18:43.975" intervalms="2491.852" />
<cycle-start id="846" type="partial gc" contextid="0" timestamp="2019-08-09T00:18:43.975" intervalms="2491.904" />
<gc-start id="847" type="partial gc" contextid="846" timestamp="2019-08-09T00:18:43.976">
  <mem-info id="848" free="31457280" total="132120576" percent="23">
    <mem type="eden" free="0" total="39845888" percent="0" />
    <remembered-set count="42752" freebytes="5110912" totalbytes="5281920" percent="96" regionsoverflowed="0" regionsstable="1" regionsrebuilding="0"/>
  </mem-info>
</gc-start>
<allocation-stats totalBytes="39832504" >
  <allocated-bytes non-tlh="64" tlh="39832440" arrayletleaf="0"/>
  <largest-consumer threadName="main" threadId="0000000001FF0F00" bytes="39832504" />
</allocation-stats>
<gc-op id="849" type="copy forward" timems="15.724" contextid="846" timestamp="2019-08-09T00:18:43.993">
  <memory-copied type="eden" objects="91" bytes="3432" bytesdiscarded="16632" />
  <memory-copied type="other" objects="140000" bytes="3464272" bytesdiscarded="227496" />
  <memory-cardclean objects="5605" bytes="424480" />
  <regions eden="19" other="2" />
  <remembered-set-cleared processed="32512" cleared="6310" durationms="0.232" />
  <references type="soft" candidates="2139" cleared="0" enqueued="0" dynamicThreshold="17" maxThreshold="32" />
  <references type="weak" candidates="84" cleared="0" enqueued="0" />
  <stringconstants candidates="13783" cleared="0"  />
</gc-op>
<gc-op id="850" type="classunload" timems="0.008" contextid="846" timestamp="2019-08-09T00:18:43.993">
  <classunload-info classloadercandidates="55" classloadersunloaded="0" classesunloaded="0" anonymousclassesunloaded="0" quiescems="0.000" setupms="0.008" scanms="0.000" postms="0.000" />
</gc-op>
<heap-resize id="851" type="contract" space="default" amount="8388608" count="1" timems="0.071" reason="insufficient time being spent in gc" timestamp="2019-08-09T00:18:43.993" />
<gc-end id="852" type="partial gc" contextid="846" durationms="17.242" usertimems="61.639" systemtimems="0.000" timestamp="2019-08-09T00:18:43.993" activeThreads="16">
  <mem-info id="853" free="60817408" total="123731968" percent="49">
    <mem type="eden" free="2077088" total="2097152" percent="99" />
    <remembered-set count="45120" freebytes="5101440" totalbytes="5281920" percent="96" regionsoverflowed="0" regionsstable="1" regionsrebuilding="0"/>
  </mem-info>
</gc-end>
<cycle-end id="854" type="partial gc" contextid="846" timestamp="2019-08-09T00:18:43.993" />
  <attribute name="elasticGC enabled" value="1" />
  <attribute name= "numThreadsSpecified" value="16" />
  <attribute name="heapSize specified" value="0" />
  <attribute name="Current GC Util" value="111" />
  <attribute name= "Current Time Running" value="134210" />
  <attribute name ="GC Interval" value="0" />
  <attribute name="Target GC Util Change" value ="80.000000" />
  <attribute name="Current GC Util Change" value="111.000000"/>
  <attribute name="Current Error" value="47.000000" />
  <attribute name="Output H" value="132158448"/>
  <attribute name="Output I" value="2032"/>
  <attribute name="Output T" value="16"/>
  <attribute name= "Current Time Running" value="134210" />
  <attribute name="GC Util currently" value="111" />
  <attribute name="CPU Util currently" value="1332293487032" />
<exclusive-end id="855" timestamp="2019-08-09T00:18:43.993" durationms="18.294" />

<exclusive-start id="856" timestamp="2019-08-09T00:18:44.030" intervalms="54.810">
  <response-info timems="0.049" idlems="0.049" threads="0" lastid="0000000001FF0F00" lastname="main" />
</exclusive-start>
<allocation-taxation id="857" taxation-threshold="37748736" timestamp="2019-08-09T00:18:44.030" intervalms="54.829" />
<cycle-start id="858" type="partial gc" contextid="0" timestamp="2019-08-09T00:18:44.030" intervalms="54.791" />
<gc-start id="859" type="partial gc" contextid="858" timestamp="2019-08-09T00:18:44.030">
  <mem-info id="860" free="23068672" total="123731968" percent="18">
    <mem type="eden" free="0" total="37748736" percent="0" />
    <remembered-set count="45120" freebytes="5101440" totalbytes="5281920" percent="96" regionsoverflowed="0" regionsstable="1" regionsrebuilding="0"/>
  </mem-info>
</gc-start>
<allocation-stats totalBytes="37606800" >
  <allocated-bytes non-tlh="0" tlh="37606800" arrayletleaf="0"/>
  <largest-consumer threadName="main" threadId="0000000001FF0F00" bytes="37606800" />
</allocation-stats>
<gc-op id="861" type="copy forward" timems="14.608" contextid="858" timestamp="2019-08-09T00:18:44.047">
  <memory-copied type="eden" objects="1" bytes="32" bytesdiscarded="0" />
  <memory-copied type="other" objects="70560" bytes="2059912" bytesdiscarded="87072" />
  <memory-cardclean objects="5602" bytes="152680" />
  <regions eden="18" other="2" />
  <remembered-set-cleared processed="32597" cleared="5688" durationms="0.241" />
  <references type="weak" candidates="2" cleared="0" enqueued="0" />
  <stringconstants candidates="13783" cleared="0"  />
</gc-op>
<gc-op id="862" type="classunload" timems="0.008" contextid="858" timestamp="2019-08-09T00:18:44.047">
  <classunload-info classloadercandidates="55" classloadersunloaded="0" classesunloaded="0" anonymousclassesunloaded="0" quiescems="0.000" setupms="0.008" scanms="0.000" postms="0.000" />
</gc-op>
<heap-resize id="863" type="contract" space="default" amount="6291456" count="1" timems="0.247" reason="insufficient time being spent in gc" timestamp="2019-08-09T00:18:44.047" />
<gc-end id="864" type="partial gc" contextid="858" durationms="17.108" usertimems="66.350" systemtimems="0.000" timestamp="2019-08-09T00:18:44.047" activeThreads="16">
  <mem-info id="865" free="52428800" total="117440512" percent="44">
    <mem type="eden" free="2097120" total="2097152" percent="99" />
    <remembered-set count="44928" freebytes="4766848" totalbytes="4946560" percent="96" regionsoverflowed="0" regionsstable="1" regionsrebuilding="0"/>
  </mem-info>
</gc-end>
<cycle-end id="866" type="partial gc" contextid="858" timestamp="2019-08-09T00:18:44.047" />
  <attribute name="elasticGC enabled" value="1" />
  <attribute name= "numThreadsSpecified" value="16" />
  <attribute name="heapSize specified" value="0" />
  <attribute name="Current GC Util" value="62" />
  <attribute name= "Current Time Running" value="134265" />
  <attribute name ="GC Interval" value="0" />
  <attribute name="Target GC Util Change" value ="80.000000" />
  <attribute name="Current GC Util Change" value="62.000000"/>
  <attribute name="Current Error" value="34.000000" />
  <attribute name="Output H" value="123769832"/>
  <attribute name="Output I" value="2024"/>
  <attribute name="Output T" value="16"/>
  <attribute name= "Current Time Running" value="134265" />
  <attribute name="GC Util currently" value="62" />
  <attribute name="CPU Util currently" value="659341634466" />
<exclusive-end id="867" timestamp="2019-08-09T00:18:44.047" durationms="17.773" />

<exclusive-start id="868" timestamp="2019-08-09T00:18:44.077" intervalms="46.815">
  <response-info timems="0.049" idlems="0.049" threads="0" lastid="0000000001FF0F00" lastname="main" />
</exclusive-start>
<allocation-taxation id="869" taxation-threshold="35651584" timestamp="2019-08-09T00:18:44.077" intervalms="46.780" />
<cycle-start id="870" type="partial gc" contextid="0" timestamp="2019-08-09T00:18:44.077" intervalms="46.757" />
<gc-start id="871" type="partial gc" contextid="870" timestamp="2019-08-09T00:18:44.077">
  <mem-info id="872" free="16777216" total="117440512" percent="14">
    <mem type="eden" free="2097120" total="37748736" percent="5" />
    <remembered-set count="44864" freebytes="4767104" totalbytes="4946560" percent="96" regionsoverflowed="0" regionsstable="1" regionsrebuilding="0"/>
  </mem-info>
</gc-start>
<allocation-stats totalBytes="35525128" >
  <allocated-bytes non-tlh="0" tlh="35525128" arrayletleaf="0"/>
  <largest-consumer threadName="main" threadId="0000000001FF0F00" bytes="35525128" />
</allocation-stats>
<gc-op id="873" type="copy forward" timems="17.656" contextid="870" timestamp="2019-08-09T00:18:44.098">
  <memory-copied type="eden" objects="2" bytes="56" bytesdiscarded="0" />
  <memory-copied type="other" objects="82490" bytes="1982528" bytesdiscarded="98328" />
  <memory-cardclean objects="5031" bytes="525920" />
  <regions eden="17" other="2" />
  <remembered-set-cleared processed="32956" cleared="4386" durationms="0.199" />
  <references type="weak" candidates="6" cleared="0" enqueued="0" />
  <stringconstants candidates="13783" cleared="0"  />
</gc-op>
<gc-op id="874" type="classunload" timems="0.009" contextid="870" timestamp="2019-08-09T00:18:44.098">
  <classunload-info classloadercandidates="55" classloadersunloaded="0" classesunloaded="0" anonymousclassesunloaded="0" quiescems="0.000" setupms="0.008" scanms="0.000" postms="0.000" />
</gc-op>
<heap-resize id="875" type="contract" space="default" amount="6291456" count="1" timems="0.071" reason="insufficient time being spent in gc" timestamp="2019-08-09T00:18:44.098" />
<gc-end id="876" type="partial gc" contextid="870" durationms="20.993" usertimems="40.930" systemtimems="0.000" timestamp="2019-08-09T00:18:44.098" activeThreads="16">
  <mem-info id="877" free="46137344" total="111149056" percent="41">
    <mem type="eden" free="2097096" total="2097152" percent="99" />
    <remembered-set count="43808" freebytes="4519808" totalbytes="4695040" percent="96" regionsoverflowed="0" regionsstable="1" regionsrebuilding="0"/>
  </mem-info>
</gc-end>
<cycle-end id="878" type="partial gc" contextid="870" timestamp="2019-08-09T00:18:44.098" />
  <attribute name="elasticGC enabled" value="1" />
  <attribute name= "numThreadsSpecified" value="16" />
  <attribute name="heapSize specified" value="0" />
  <attribute name="Current GC Util" value="220" />
  <attribute name= "Current Time Running" value="134313" />
  <attribute name ="GC Interval" value="0" />
  <attribute name="Target GC Util Change" value ="80.000000" />
  <attribute name="Current GC Util Change" value="220.000000"/>
  <attribute name="Current Error" value="-132.000000" />
  <attribute name="Output H" value="117478280"/>
  <attribute name="Output I" value="1928"/>
  <attribute name="Output T" value="16"/>
  <attribute name= "Current Time Running" value="134313" />
  <attribute name="GC Util currently" value="220" />
  <attribute name="CPU Util currently" value="413496277420" />
<exclusive-end id="879" timestamp="2019-08-09T00:18:44.098" durationms="21.797" />

<exclusive-start id="880" timestamp="2019-08-09T00:18:44.129" intervalms="52.581">
  <response-info timems="0.047" idlems="0.047" threads="0" lastid="0000000001FF0F00" lastname="main" />
</exclusive-start>
<allocation-taxation id="881" taxation-threshold="35651584" timestamp="2019-08-09T00:18:44.129" intervalms="52.580" />
<cycle-start id="882" type="partial gc" contextid="0" timestamp="2019-08-09T00:18:44.129" intervalms="52.581" />
<gc-start id="883" type="partial gc" contextid="882" timestamp="2019-08-09T00:18:44.130">
  <mem-info id="884" free="10485760" total="111149056" percent="9">
    <mem type="eden" free="2097096" total="37748736" percent="5" />
    <remembered-set count="43584" freebytes="4520704" totalbytes="4695040" percent="96" regionsoverflowed="0" regionsstable="1" regionsrebuilding="0"/>
  </mem-info>
</gc-start>
<allocation-stats totalBytes="35531176" >
  <allocated-bytes non-tlh="0" tlh="35531176" arrayletleaf="0"/>
  <largest-consumer threadName="main" threadId="0000000001FF0F00" bytes="35531176" />
</allocation-stats>
<gc-op id="885" type="copy forward" timems="21.934" contextid="882" timestamp="2019-08-09T00:18:44.155">
  <memory-copied type="eden" objects="2" bytes="56" bytesdiscarded="0" />
  <memory-copied type="other" objects="65745" bytes="2424992" bytesdiscarded="259128" />
  <memory-cardclean objects="168019" bytes="6023384" />
  <regions eden="17" other="3" />
  <remembered-set-cleared processed="17464" cleared="11800" durationms="0.219" />
  <finalization candidates="38" enqueued="0" />
  <ownableSynchronizers candidates="17" cleared="0" />
  <references type="soft" candidates="2149" cleared="0" enqueued="0" dynamicThreshold="13" maxThreshold="32" />
  <references type="weak" candidates="731" cleared="0" enqueued="0" />
  <references type="phantom" candidates="33" cleared="0" enqueued="0" />
  <stringconstants candidates="13783" cleared="0"  />
</gc-op>
<gc-op id="886" type="classunload" timems="0.012" contextid="882" timestamp="2019-08-09T00:18:44.155">
  <classunload-info classloadercandidates="55" classloadersunloaded="0" classesunloaded="0" anonymousclassesunloaded="0" quiescems="0.000" setupms="0.012" scanms="0.000" postms="0.000" />
</gc-op>
<heap-resize id="887" type="expand" space="default" amount="20971520" count="1" timems="0.088" reason="excessive time being spent in gc" timestamp="2019-08-09T00:18:44.155" />
<gc-end id="888" type="partial gc" contextid="882" durationms="25.452" usertimems="65.678" systemtimems="0.000" timestamp="2019-08-09T00:18:44.155" activeThreads="16">
  <mem-info id="889" free="69206016" total="132120576" percent="52">
    <mem type="eden" free="2097096" total="2097152" percent="99" />
    <remembered-set count="44992" freebytes="5101952" totalbytes="5281920" percent="96" regionsoverflowed="0" regionsstable="1" regionsrebuilding="0"/>
  </mem-info>
</gc-end>
<cycle-end id="890" type="partial gc" contextid="882" timestamp="2019-08-09T00:18:44.155" />
  <attribute name="elasticGC enabled" value="1" />
  <attribute name= "numThreadsSpecified" value="16" />
  <attribute name="heapSize specified" value="0" />
  <attribute name="Current GC Util" value="240" />
  <attribute name= "Current Time Running" value="134366" />
  <attribute name ="GC Interval" value="0" />
  <attribute name="Target GC Util Change" value ="80.000000" />
  <attribute name="Current GC Util Change" value="240.000000"/>
  <attribute name="Current Error" value="-148.000000" />
  <attribute name="Output H" value="111186816"/>
  <attribute name="Output I" value="1920"/>
  <attribute name="Output T" value="16"/>
  <attribute name= "Current Time Running" value="134366" />
  <attribute name="GC Util currently" value="240" />
  <attribute name="CPU Util currently" value="438294528430" />
<exclusive-end id="891" timestamp="2019-08-09T00:18:44.155" durationms="26.248" />

<exclusive-start id="892" timestamp="2019-08-09T00:18:44.179" intervalms="49.405">
  <response-info timems="0.096" idlems="0.096" threads="0" lastid="0000000001FF0F00" lastname="main" />
</exclusive-start>
<allocation-taxation id="893" taxation-threshold="39845888" timestamp="2019-08-09T00:18:44.179" intervalms="49.430" />
<cycle-start id="894" type="partial gc" contextid="0" timestamp="2019-08-09T00:18:44.179" intervalms="49.445" />
<gc-start id="895" type="partial gc" contextid="894" timestamp="2019-08-09T00:18:44.179">
  <mem-info id="896" free="29360128" total="132120576" percent="22">
    <mem type="eden" free="2097096" total="41943040" percent="4" />
    <remembered-set count="44768" freebytes="5102848" totalbytes="5281920" percent="96" regionsoverflowed="0" regionsstable="1" regionsrebuilding="0"/>
  </mem-info>
</gc-start>
<allocation-stats totalBytes="39711728" >
  <allocated-bytes non-tlh="0" tlh="39711728" arrayletleaf="0"/>
  <largest-consumer threadName="main" threadId="0000000001FF0F00" bytes="39711728" />
</allocation-stats>
<gc-op id="897" type="copy forward" timems="17.096" contextid="894" timestamp="2019-08-09T00:18:44.198">
  <memory-copied type="eden" objects="2" bytes="56" bytesdiscarded="0" />
  <memory-copied type="other" objects="89452" bytes="2996160" bytesdiscarded="289936" />
  <memory-cardclean objects="98158" bytes="3788832" />
  <regions eden="19" other="4" />
  <remembered-set-cleared processed="22551" cleared="14635" durationms="0.228" />
  <finalization candidates="29" enqueued="0" />
  <ownableSynchronizers candidates="4" cleared="0" />
  <references type="soft" candidates="3098" cleared="0" enqueued="0" dynamicThreshold="16" maxThreshold="32" />
  <references type="weak" candidates="2050" cleared="0" enqueued="0" />
  <references type="phantom" candidates="8" cleared="0" enqueued="0" />
  <stringconstants candidates="13783" cleared="0"  />
</gc-op>
<gc-op id="898" type="classunload" timems="0.011" contextid="894" timestamp="2019-08-09T00:18:44.198">
  <classunload-info classloadercandidates="55" classloadersunloaded="0" classesunloaded="0" anonymousclassesunloaded="0" quiescems="0.000" setupms="0.011" scanms="0.000" postms="0.000" />
</gc-op>
<heap-resize id="899" type="expand" space="default" amount="14680064" count="1" timems="0.140" reason="excessive time being spent in gc" timestamp="2019-08-09T00:18:44.198" />
<gc-end id="900" type="partial gc" contextid="894" durationms="18.927" usertimems="73.663" systemtimems="0.000" timestamp="2019-08-09T00:18:44.198" activeThreads="16">
  <mem-info id="901" free="88080384" total="146800640" percent="60">
    <mem type="eden" free="2097096" total="2097152" percent="99" />
    <remembered-set count="33792" freebytes="5733632" totalbytes="5868800" percent="97" regionsoverflowed="0" regionsstable="1" regionsrebuilding="0"/>
  </mem-info>
</gc-end>
<cycle-end id="902" type="partial gc" contextid="894" timestamp="2019-08-09T00:18:44.198" />
  <attribute name="elasticGC enabled" value="1" />
  <attribute name= "numThreadsSpecified" value="16" />
  <attribute name="heapSize specified" value="0" />
  <attribute name="Current GC Util" value="328" />
  <attribute name= "Current Time Running" value="134414" />
  <attribute name ="GC Interval" value="0" />
  <attribute name="Target GC Util Change" value ="80.000000" />
  <attribute name="Current GC Util Change" value="328.000000"/>
  <attribute name="Current Error" value="-443.000000" />
  <attribute name="Output H" value="132158168"/>
  <attribute name="Output I" value="1752"/>
  <attribute name="Output T" value="16"/>
  <attribute name= "Current Time Running" value="134414" />
  <attribute name="GC Util currently" value="328" />
  <attribute name="CPU Util currently" value="1047778961196" />
<exclusive-end id="903" timestamp="2019-08-09T00:18:44.198" durationms="19.647" />

<exclusive-start id="904" timestamp="2019-08-09T00:18:44.224" intervalms="45.537">
  <response-info timems="0.138" idlems="0.138" threads="0" lastid="0000000001FF0F00" lastname="main" />
</exclusive-start>
<allocation-taxation id="905" taxation-threshold="44040192" timestamp="2019-08-09T00:18:44.224" intervalms="45.508" />
<cycle-start id="906" type="partial gc" contextid="0" timestamp="2019-08-09T00:18:44.224" intervalms="45.495" />
<gc-start id="907" type="partial gc" contextid="906" timestamp="2019-08-09T00:18:44.224">
  <mem-info id="908" free="44040192" total="146800640" percent="30">
    <mem type="eden" free="2097096" total="46137344" percent="4" />
    <remembered-set count="33344" freebytes="5735424" totalbytes="5868800" percent="97" regionsoverflowed="0" regionsstable="1" regionsrebuilding="0"/>
  </mem-info>
</gc-start>
<allocation-stats totalBytes="43892304" >
  <allocated-bytes non-tlh="0" tlh="43892304" arrayletleaf="0"/>
  <largest-consumer threadName="main" threadId="0000000001FF0F00" bytes="43892304" />
</allocation-stats>
<gc-op id="909" type="copy forward" timems="11.696" contextid="906" timestamp="2019-08-09T00:18:44.239">
  <memory-copied type="eden" objects="2" bytes="56" bytesdiscarded="0" />
  <memory-copied type="other" objects="65646" bytes="1608528" bytesdiscarded="113112" />
  <memory-cardclean objects="4701" bytes="387024" />
  <regions eden="21" other="2" />
  <remembered-set-cleared processed="23565" cleared="4212" durationms="0.227" />
  <stringconstants candidates="13783" cleared="0"  />
</gc-op>
<gc-op id="910" type="classunload" timems="0.012" contextid="906" timestamp="2019-08-09T00:18:44.239">
  <classunload-info classloadercandidates="55" classloadersunloaded="0" classesunloaded="0" anonymousclassesunloaded="0" quiescems="0.000" setupms="0.011" scanms="0.000" postms="0.000" />
</gc-op>
<gc-end id="911" type="partial gc" contextid="906" durationms="14.820" usertimems="52.121" systemtimems="0.000" timestamp="2019-08-09T00:18:44.239" activeThreads="16">
  <mem-info id="912" free="88080384" total="146800640" percent="60">
    <mem type="eden" free="2097096" total="2097152" percent="99" />
    <remembered-set count="34720" freebytes="5729920" totalbytes="5868800" percent="97" regionsoverflowed="0" regionsstable="1" regionsrebuilding="0"/>
  </mem-info>
</gc-end>
<cycle-end id="913" type="partial gc" contextid="906" timestamp="2019-08-09T00:18:44.239" />
  <attribute name="elasticGC enabled" value="1" />
  <attribute name= "numThreadsSpecified" value="16" />
  <attribute name="heapSize specified" value="0" />
  <attribute name="Current GC Util" value="150" />
  <attribute name= "Current Time Running" value="134461" />
  <attribute name ="GC Interval" value="0" />
  <attribute name="Target GC Util Change" value ="80.000000" />
  <attribute name="Current GC Util Change" value="150.000000"/>
  <attribute name="Current Error" value="-590.000000" />
  <attribute name="Output H" value="146838144"/>
  <attribute name="Output I" value="1664"/>
  <attribute name="Output T" value="16"/>
  <attribute name= "Current Time Running" value="134461" />
  <attribute name="GC Util currently" value="150" />
  <attribute name="CPU Util currently" value="499086381993" />
<exclusive-end id="914" timestamp="2019-08-09T00:18:44.239" durationms="15.371" />

<exclusive-start id="915" timestamp="2019-08-09T00:18:44.273" intervalms="48.510">
  <response-info timems="0.042" idlems="0.042" threads="0" lastid="0000000001FF0F00" lastname="main" />
</exclusive-start>
<allocation-taxation id="916" taxation-threshold="44040192" timestamp="2019-08-09T00:18:44.273" intervalms="48.512" />
<cycle-start id="917" type="partial gc" contextid="0" timestamp="2019-08-09T00:18:44.273" intervalms="48.603" />
<gc-start id="918" type="partial gc" contextid="917" timestamp="2019-08-09T00:18:44.273">
  <mem-info id="919" free="44040192" total="146800640" percent="30">
    <mem type="eden" free="2097096" total="46137344" percent="4" />
    <remembered-set count="34336" freebytes="5731456" totalbytes="5868800" percent="97" regionsoverflowed="0" regionsstable="1" regionsrebuilding="0"/>
  </mem-info>
</gc-start>
<allocation-stats totalBytes="43892328" >
  <allocated-bytes non-tlh="0" tlh="43892328" arrayletleaf="0"/>
  <largest-consumer threadName="main" threadId="0000000001FF0F00" bytes="43892328" />
</allocation-stats>
<gc-op id="920" type="copy forward" timems="10.269" contextid="917" timestamp="2019-08-09T00:18:44.284">
  <memory-copied type="eden" objects="2" bytes="56" bytesdiscarded="0" />
  <memory-copied type="other" objects="64123" bytes="1554088" bytesdiscarded="72792" />
  <memory-cardclean objects="6404" bytes="428408" />
  <regions eden="21" other="2" />
  <remembered-set-cleared processed="23659" cleared="4011" durationms="0.397" />
  <stringconstants candidates="13783" cleared="0"  />
</gc-op>
<gc-op id="921" type="classunload" timems="0.010" contextid="917" timestamp="2019-08-09T00:18:44.285">
  <classunload-info classloadercandidates="55" classloadersunloaded="0" classesunloaded="0" anonymousclassesunloaded="0" quiescems="0.000" setupms="0.009" scanms="0.000" postms="0.000" />
</gc-op>
<gc-end id="922" type="partial gc" contextid="917" durationms="11.571" usertimems="40.955" systemtimems="0.000" timestamp="2019-08-09T00:18:44.285" activeThreads="16">
  <mem-info id="923" free="88080384" total="146800640" percent="60">
    <mem type="eden" free="2097096" total="2097152" percent="99" />
    <remembered-set count="32608" freebytes="5738368" totalbytes="5868800" percent="97" regionsoverflowed="0" regionsstable="1" regionsrebuilding="0"/>
  </mem-info>
</gc-end>
<cycle-end id="924" type="partial gc" contextid="917" timestamp="2019-08-09T00:18:44.285" />
  <attribute name="elasticGC enabled" value="1" />
  <attribute name= "numThreadsSpecified" value="16" />
  <attribute name="heapSize specified" value="0" />
  <attribute name="Current GC Util" value="124" />
  <attribute name= "Current Time Running" value="134507" />
  <attribute name ="GC Interval" value="0" />
  <attribute name="Target GC Util Change" value ="80.000000" />
  <attribute name="Current GC Util Change" value="124.000000"/>
  <attribute name="Current Error" value="-43.000000" />
  <attribute name="Output H" value="146838456"/>
  <attribute name="Output I" value="1976"/>
  <attribute name="Output T" value="16"/>
  <attribute name= "Current Time Running" value="134507" />
  <attribute name="GC Util currently" value="124" />
  <attribute name="CPU Util currently" value="1445049876587" />
<exclusive-end id="925" timestamp="2019-08-09T00:18:44.285" durationms="12.375" />

<exclusive-start id="926" timestamp="2019-08-09T00:18:44.318" intervalms="45.851">
  <response-info timems="0.081" idlems="0.081" threads="0" lastid="0000000001FF0F00" lastname="main" />
</exclusive-start>
<allocation-taxation id="927" taxation-threshold="44040192" timestamp="2019-08-09T00:18:44.318" intervalms="45.845" />
<cycle-start id="928" type="partial gc" contextid="0" timestamp="2019-08-09T00:18:44.319" intervalms="45.815" />
<gc-start id="929" type="partial gc" contextid="928" timestamp="2019-08-09T00:18:44.319">
  <mem-info id="930" free="44040192" total="146800640" percent="30">
    <mem type="eden" free="2097096" total="46137344" percent="4" />
    <remembered-set count="32512" freebytes="5738752" totalbytes="5868800" percent="97" regionsoverflowed="0" regionsstable="1" regionsrebuilding="0"/>
  </mem-info>
</gc-start>
<allocation-stats totalBytes="43892304" >
  <allocated-bytes non-tlh="0" tlh="43892304" arrayletleaf="0"/>
  <largest-consumer threadName="main" threadId="0000000001FF0F00" bytes="43892304" />
</allocation-stats>
<gc-op id="931" type="copy forward" timems="22.676" contextid="928" timestamp="2019-08-09T00:18:44.343">
  <memory-copied type="eden" objects="2" bytes="56" bytesdiscarded="0" />
  <memory-copied type="other" objects="64290" bytes="1593192" bytesdiscarded="131960" />
  <memory-cardclean objects="5472" bytes="407688" />
  <regions eden="21" other="2" />
  <remembered-set-cleared processed="23828" cleared="4229" durationms="0.302" />
  <stringconstants candidates="13783" cleared="0"  />
</gc-op>
<gc-op id="932" type="classunload" timems="0.009" contextid="928" timestamp="2019-08-09T00:18:44.343">
  <classunload-info classloadercandidates="55" classloadersunloaded="0" classesunloaded="0" anonymousclassesunloaded="0" quiescems="0.000" setupms="0.009" scanms="0.000" postms="0.000" />
</gc-op>
<gc-end id="933" type="partial gc" contextid="928" durationms="24.546" usertimems="65.967" systemtimems="0.000" timestamp="2019-08-09T00:18:44.343" activeThreads="16">
  <mem-info id="934" free="88080384" total="146800640" percent="60">
    <mem type="eden" free="2097096" total="2097152" percent="99" />
    <remembered-set count="32928" freebytes="5737088" totalbytes="5868800" percent="97" regionsoverflowed="0" regionsstable="1" regionsrebuilding="0"/>
  </mem-info>
</gc-end>
<cycle-end id="935" type="partial gc" contextid="928" timestamp="2019-08-09T00:18:44.345" />
  <attribute name="elasticGC enabled" value="1" />
  <attribute name= "numThreadsSpecified" value="16" />
  <attribute name="heapSize specified" value="0" />
  <attribute name="Current GC Util" value="109" />
  <attribute name= "Current Time Running" value="134554" />
  <attribute name ="GC Interval" value="0" />
  <attribute name="Target GC Util Change" value ="80.000000" />
  <attribute name="Current GC Util Change" value="109.000000"/>
  <attribute name="Current Error" value="-60.000000" />
  <attribute name="Output H" value="146838448"/>
  <attribute name="Output I" value="1968"/>
  <attribute name="Output T" value="16"/>
  <attribute name= "Current Time Running" value="134554" />
  <attribute name="GC Util currently" value="109" />
  <attribute name="CPU Util currently" value="1054520968376" />
<exclusive-end id="936" timestamp="2019-08-09T00:18:44.345" durationms="26.341" />

<exclusive-start id="937" timestamp="2019-08-09T00:18:44.373" intervalms="54.450">
  <response-info timems="0.080" idlems="0.080" threads="0" lastid="0000000001FF0F00" lastname="main" />
</exclusive-start>
<allocation-taxation id="938" taxation-threshold="44040192" timestamp="2019-08-09T00:18:44.373" intervalms="54.463" />
<cycle-start id="939" type="partial gc" contextid="0" timestamp="2019-08-09T00:18:44.373" intervalms="54.424" />
<gc-start id="940" type="partial gc" contextid="939" timestamp="2019-08-09T00:18:44.373">
  <mem-info id="941" free="44040192" total="146800640" percent="30">
    <mem type="eden" free="2097096" total="46137344" percent="4" />
    <remembered-set count="32736" freebytes="5737856" totalbytes="5868800" percent="97" regionsoverflowed="0" regionsstable="1" regionsrebuilding="0"/>
  </mem-info>
</gc-start>
<allocation-stats totalBytes="43892304" >
  <allocated-bytes non-tlh="0" tlh="43892304" arrayletleaf="0"/>
  <largest-consumer threadName="main" threadId="0000000001FF0F00" bytes="43892304" />
</allocation-stats>
<gc-op id="942" type="copy forward" timems="15.734" contextid="939" timestamp="2019-08-09T00:18:44.390">
  <memory-copied type="eden" objects="2" bytes="56" bytesdiscarded="0" />
  <memory-copied type="other" objects="82036" bytes="1966480" bytesdiscarded="116536" />
  <memory-cardclean objects="4443" bytes="512440" />
  <regions eden="21" other="2" />
  <remembered-set-cleared processed="23836" cleared="3538" durationms="0.348" />
  <stringconstants candidates="13783" cleared="0"  />
</gc-op>
<gc-op id="943" type="classunload" timems="0.011" contextid="939" timestamp="2019-08-09T00:18:44.390">
  <classunload-info classloadercandidates="55" classloadersunloaded="0" classesunloaded="0" anonymousclassesunloaded="0" quiescems="0.000" setupms="0.010" scanms="0.000" postms="0.000" />
</gc-op>
<gc-end id="944" type="partial gc" contextid="939" durationms="17.014" usertimems="55.515" systemtimems="0.000" timestamp="2019-08-09T00:18:44.390" activeThreads="16">
  <mem-info id="945" free="88080384" total="146800640" percent="60">
    <mem type="eden" free="2097096" total="2097152" percent="99" />
    <remembered-set count="33472" freebytes="5734912" totalbytes="5868800" percent="97" regionsoverflowed="0" regionsstable="1" regionsrebuilding="0"/>
  </mem-info>
</gc-end>
<cycle-end id="946" type="partial gc" contextid="939" timestamp="2019-08-09T00:18:44.391" />
  <attribute name="elasticGC enabled" value="1" />
  <attribute name= "numThreadsSpecified" value="16" />
  <attribute name="heapSize specified" value="0" />
  <attribute name="Current GC Util" value="143" />
  <attribute name= "Current Time Running" value="134608" />
  <attribute name ="GC Interval" value="0" />
  <attribute name="Target GC Util Change" value ="80.000000" />
  <attribute name="Current GC Util Change" value="143.000000"/>
  <attribute name="Current Error" value="-130.000000" />
  <attribute name="Output H" value="146838408"/>
  <attribute name="Output I" value="1928"/>
  <attribute name="Output T" value="16"/>
  <attribute name= "Current Time Running" value="134608" />
  <attribute name="GC Util currently" value="143" />
  <attribute name="CPU Util currently" value="1835900238602" />
<exclusive-end id="947" timestamp="2019-08-09T00:18:44.391" durationms="18.294" />

<exclusive-start id="948" timestamp="2019-08-09T00:18:44.428" intervalms="55.498">
  <response-info timems="0.055" idlems="0.055" threads="0" lastid="0000000001FF0F00" lastname="main" />
</exclusive-start>
<allocation-taxation id="949" taxation-threshold="44040192" timestamp="2019-08-09T00:18:44.428" intervalms="55.504" />
<cycle-start id="950" type="partial gc" contextid="0" timestamp="2019-08-09T00:18:44.429" intervalms="55.504" />
<gc-start id="951" type="partial gc" contextid="950" timestamp="2019-08-09T00:18:44.429">
  <mem-info id="952" free="44040192" total="146800640" percent="30">
    <mem type="eden" free="2097096" total="46137344" percent="4" />
    <remembered-set count="33472" freebytes="5734912" totalbytes="5868800" percent="97" regionsoverflowed="0" regionsstable="1" regionsrebuilding="0"/>
  </mem-info>
</gc-start>
<allocation-stats totalBytes="43892304" >
  <allocated-bytes non-tlh="0" tlh="43892304" arrayletleaf="0"/>
  <largest-consumer threadName="main" threadId="0000000001FF0F00" bytes="43892304" />
</allocation-stats>
<gc-op id="953" type="copy forward" timems="10.530" contextid="950" timestamp="2019-08-09T00:18:44.441">
  <memory-copied type="eden" objects="2" bytes="56" bytesdiscarded="0" />
  <memory-copied type="other" objects="2828" bytes="2051632" bytesdiscarded="65688" />
  <memory-cardclean objects="4123" bytes="272216" />
  <regions eden="21" other="2" />
  <remembered-set-cleared processed="23971" cleared="1405" durationms="0.318" />
  <references type="soft" candidates="62" cleared="0" enqueued="0" dynamicThreshold="19" maxThreshold="32" />
  <references type="weak" candidates="41" cleared="0" enqueued="0" />
  <references type="phantom" candidates="2" cleared="0" enqueued="0" />
  <stringconstants candidates="13783" cleared="0"  />
</gc-op>
<gc-op id="954" type="classunload" timems="0.009" contextid="950" timestamp="2019-08-09T00:18:44.441">
  <classunload-info classloadercandidates="55" classloadersunloaded="0" classesunloaded="0" anonymousclassesunloaded="0" quiescems="0.000" setupms="0.009" scanms="0.000" postms="0.000" />
</gc-op>
<gc-end id="955" type="partial gc" contextid="950" durationms="11.902" usertimems="41.220" systemtimems="0.000" timestamp="2019-08-09T00:18:44.441" activeThreads="16">
  <mem-info id="956" free="88080384" total="146800640" percent="60">
    <mem type="eden" free="2097096" total="2097152" percent="99" />
    <remembered-set count="33120" freebytes="5736320" totalbytes="5868800" percent="97" regionsoverflowed="0" regionsstable="1" regionsrebuilding="0"/>
  </mem-info>
</gc-end>
<cycle-end id="957" type="partial gc" contextid="950" timestamp="2019-08-09T00:18:44.441" />
  <attribute name="elasticGC enabled" value="1" />
  <attribute name= "numThreadsSpecified" value="16" />
  <attribute name="heapSize specified" value="0" />
  <attribute name="Current GC Util" value="148" />
  <attribute name= "Current Time Running" value="134663" />
  <attribute name ="GC Interval" value="0" />
  <attribute name="Target GC Util Change" value ="80.000000" />
  <attribute name="Current GC Util Change" value="148.000000"/>
  <attribute name="Current Error" value="-54.000000" />
  <attribute name="Output H" value="146838456"/>
  <attribute name="Output I" value="1976"/>
  <attribute name="Output T" value="16"/>
  <attribute name= "Current Time Running" value="134663" />
  <attribute name="GC Util currently" value="148" />
  <attribute name="CPU Util currently" value="1308493510389" />
<exclusive-end id="958" timestamp="2019-08-09T00:18:44.441" durationms="12.631" />

<exclusive-start id="959" timestamp="2019-08-09T00:18:44.476" intervalms="47.774">
  <response-info timems="0.025" idlems="0.025" threads="0" lastid="0000000001FF0F00" lastname="main" />
</exclusive-start>
<allocation-taxation id="960" taxation-threshold="44040192" timestamp="2019-08-09T00:18:44.476" intervalms="47.769" />
<cycle-start id="961" type="partial gc" contextid="0" timestamp="2019-08-09T00:18:44.476" intervalms="47.789" />
<gc-start id="962" type="partial gc" contextid="961" timestamp="2019-08-09T00:18:44.477">
  <mem-info id="963" free="44040192" total="146800640" percent="30">
    <mem type="eden" free="2097096" total="46137344" percent="4" />
    <remembered-set count="32768" freebytes="5737728" totalbytes="5868800" percent="97" regionsoverflowed="0" regionsstable="1" regionsrebuilding="0"/>
  </mem-info>
</gc-start>
<allocation-stats totalBytes="43892328" >
  <allocated-bytes non-tlh="0" tlh="43892328" arrayletleaf="0"/>
  <largest-consumer threadName="main" threadId="0000000001FF0F00" bytes="43892328" />
</allocation-stats>
<gc-op id="964" type="copy forward" timems="11.226" contextid="961" timestamp="2019-08-09T00:18:44.489">
  <memory-copied type="eden" objects="2" bytes="56" bytesdiscarded="0" />
  <memory-copied type="other" objects="22047" bytes="600048" bytesdiscarded="35112" />
  <memory-cardclean objects="4712" bytes="405720" />
  <regions eden="21" other="2" />
  <remembered-set-cleared processed="23643" cleared="2554" durationms="0.247" />
  <finalization candidates="1" enqueued="0" />
  <references type="soft" candidates="144" cleared="0" enqueued="0" dynamicThreshold="19" maxThreshold="32" />
  <references type="weak" candidates="79" cleared="0" enqueued="0" />
  <references type="phantom" candidates="2" cleared="0" enqueued="0" />
  <stringconstants candidates="13783" cleared="0"  />
</gc-op>
<gc-op id="965" type="classunload" timems="0.011" contextid="961" timestamp="2019-08-09T00:18:44.489">
  <classunload-info classloadercandidates="55" classloadersunloaded="0" classesunloaded="0" anonymousclassesunloaded="0" quiescems="0.000" setupms="0.010" scanms="0.000" postms="0.000" />
</gc-op>
<gc-end id="966" type="partial gc" contextid="961" durationms="12.646" usertimems="33.184" systemtimems="0.000" timestamp="2019-08-09T00:18:44.489" activeThreads="16">
  <mem-info id="967" free="88080384" total="146800640" percent="60">
    <mem type="eden" free="2097096" total="2097152" percent="99" />
    <remembered-set count="34144" freebytes="5732224" totalbytes="5868800" percent="97" regionsoverflowed="0" regionsstable="1" regionsrebuilding="0"/>
  </mem-info>
</gc-end>
<cycle-end id="968" type="partial gc" contextid="961" timestamp="2019-08-09T00:18:44.489" />
  <attribute name="elasticGC enabled" value="1" />
  <attribute name= "numThreadsSpecified" value="16" />
  <attribute name="heapSize specified" value="0" />
  <attribute name="Current GC Util" value="283" />
  <attribute name= "Current Time Running" value="134711" />
  <attribute name ="GC Interval" value="0" />
  <attribute name="Target GC Util Change" value ="80.000000" />
  <attribute name="Current GC Util Change" value="283.000000"/>
  <attribute name="Current Error" value="-239.000000" />
  <attribute name="Output H" value="146838344"/>
  <attribute name="Output I" value="1864"/>
  <attribute name="Output T" value="16"/>
  <attribute name= "Current Time Running" value="134711" />
  <attribute name="GC Util currently" value="283" />
  <attribute name="CPU Util currently" value="1342032675078" />
<exclusive-end id="969" timestamp="2019-08-09T00:18:44.490" durationms="13.362" />

<exclusive-start id="970" timestamp="2019-08-09T00:18:44.523" intervalms="47.072">
  <response-info timems="0.068" idlems="0.068" threads="0" lastid="0000000001FF0F00" lastname="main" />
</exclusive-start>
<allocation-taxation id="971" taxation-threshold="44040192" timestamp="2019-08-09T00:18:44.523" intervalms="47.079" />
<cycle-start id="972" type="partial gc" contextid="0" timestamp="2019-08-09T00:18:44.523" intervalms="47.087" />
<gc-start id="973" type="partial gc" contextid="972" timestamp="2019-08-09T00:18:44.524">
  <mem-info id="974" free="44040192" total="146800640" percent="30">
    <mem type="eden" free="2097096" total="46137344" percent="4" />
    <remembered-set count="34048" freebytes="5732608" totalbytes="5868800" percent="97" regionsoverflowed="0" regionsstable="1" regionsrebuilding="0"/>
  </mem-info>
</gc-start>
<allocation-stats totalBytes="43892304" >
  <allocated-bytes non-tlh="0" tlh="43892304" arrayletleaf="0"/>
  <largest-consumer threadName="main" threadId="0000000001FF0F00" bytes="43892304" />
</allocation-stats>
<gc-op id="975" type="copy forward" timems="10.835" contextid="972" timestamp="2019-08-09T00:18:44.536">
  <memory-copied type="eden" objects="2" bytes="56" bytesdiscarded="0" />
  <memory-copied type="other" objects="64274" bytes="1592808" bytesdiscarded="97496" />
  <memory-cardclean objects="5295" bytes="403536" />
  <regions eden="21" other="2" />
  <remembered-set-cleared processed="23993" cleared="4140" durationms="0.267" />
  <stringconstants candidates="13783" cleared="0"  />
</gc-op>
<gc-op id="976" type="classunload" timems="0.024" contextid="972" timestamp="2019-08-09T00:18:44.536">
  <classunload-info classloadercandidates="55" classloadersunloaded="0" classesunloaded="0" anonymousclassesunloaded="0" quiescems="0.000" setupms="0.023" scanms="0.000" postms="0.000" />
</gc-op>
<gc-end id="977" type="partial gc" contextid="972" durationms="12.329" usertimems="47.475" systemtimems="0.000" timestamp="2019-08-09T00:18:44.536" activeThreads="16">
  <mem-info id="978" free="88080384" total="146800640" percent="60">
    <mem type="eden" free="2097096" total="2097152" percent="99" />
    <remembered-set count="33472" freebytes="5734912" totalbytes="5868800" percent="97" regionsoverflowed="0" regionsstable="1" regionsrebuilding="0"/>
  </mem-info>
</gc-end>
<cycle-end id="979" type="partial gc" contextid="972" timestamp="2019-08-09T00:18:44.536" />
  <attribute name="elasticGC enabled" value="1" />
  <attribute name= "numThreadsSpecified" value="16" />
  <attribute name="heapSize specified" value="0" />
  <attribute name="Current GC Util" value="242" />
  <attribute name= "Current Time Running" value="134758" />
  <attribute name ="GC Interval" value="0" />
  <attribute name="Target GC Util Change" value ="80.000000" />
  <attribute name="Current GC Util Change" value="242.000000"/>
  <attribute name="Current Error" value="-387.000000" />
  <attribute name="Output H" value="146838264"/>
  <attribute name="Output I" value="1784"/>
  <attribute name="Output T" value="16"/>
  <attribute name= "Current Time Running" value="134758" />
  <attribute name="GC Util currently" value="242" />
  <attribute name="CPU Util currently" value="1205899039145" />
<exclusive-end id="980" timestamp="2019-08-09T00:18:44.536" durationms="12.934" />

<exclusive-start id="981" timestamp="2019-08-09T00:18:44.566" intervalms="42.732">
  <response-info timems="0.082" idlems="0.082" threads="0" lastid="0000000001FF0F00" lastname="main" />
</exclusive-start>
<allocation-taxation id="982" taxation-threshold="44040192" timestamp="2019-08-09T00:18:44.566" intervalms="42.715" />
<cycle-start id="983" type="partial gc" contextid="0" timestamp="2019-08-09T00:18:44.566" intervalms="42.758" />
<gc-start id="984" type="partial gc" contextid="983" timestamp="2019-08-09T00:18:44.566">
  <mem-info id="985" free="44040192" total="146800640" percent="30">
    <mem type="eden" free="2097096" total="46137344" percent="4" />
    <remembered-set count="33088" freebytes="5736448" totalbytes="5868800" percent="97" regionsoverflowed="0" regionsstable="1" regionsrebuilding="0"/>
  </mem-info>
</gc-start>
<allocation-stats totalBytes="43892304" >
  <allocated-bytes non-tlh="0" tlh="43892304" arrayletleaf="0"/>
  <largest-consumer threadName="main" threadId="0000000001FF0F00" bytes="43892304" />
</allocation-stats>
<gc-op id="986" type="copy forward" timems="15.769" contextid="983" timestamp="2019-08-09T00:18:44.583">
  <memory-copied type="eden" objects="2" bytes="56" bytesdiscarded="0" />
  <memory-copied type="other" objects="68686" bytes="2012816" bytesdiscarded="86120" />
  <memory-cardclean objects="5416" bytes="140472" />
  <regions eden="21" other="2" />
  <remembered-set-cleared processed="23991" cleared="4791" durationms="0.181" />
  <stringconstants candidates="13783" cleared="0"  />
</gc-op>
<gc-op id="987" type="classunload" timems="0.010" contextid="983" timestamp="2019-08-09T00:18:44.583">
  <classunload-info classloadercandidates="55" classloadersunloaded="0" classesunloaded="0" anonymousclassesunloaded="0" quiescems="0.000" setupms="0.009" scanms="0.000" postms="0.000" />
</gc-op>
<gc-end id="988" type="partial gc" contextid="983" durationms="17.048" usertimems="59.549" systemtimems="0.000" timestamp="2019-08-09T00:18:44.583" activeThreads="16">
  <mem-info id="989" free="88080384" total="146800640" percent="60">
    <mem type="eden" free="2097096" total="2097152" percent="99" />
    <remembered-set count="33824" freebytes="5733504" totalbytes="5868800" percent="97" regionsoverflowed="0" regionsstable="1" regionsrebuilding="0"/>
  </mem-info>
</gc-end>
<cycle-end id="990" type="partial gc" contextid="983" timestamp="2019-08-09T00:18:44.584" />
  <attribute name="elasticGC enabled" value="1" />
  <attribute name= "numThreadsSpecified" value="16" />
  <attribute name="heapSize specified" value="0" />
  <attribute name="Current GC Util" value="103" />
  <attribute name= "Current Time Running" value="134801" />
  <attribute name ="GC Interval" value="0" />
  <attribute name="Target GC Util Change" value ="80.000000" />
  <attribute name="Current GC Util Change" value="103.000000"/>
  <attribute name="Current Error" value="-26.000000" />
  <attribute name="Output H" value="146838472"/>
  <attribute name="Output I" value="1992"/>
  <attribute name="Output T" value="16"/>
  <attribute name= "Current Time Running" value="134801" />
  <attribute name="GC Util currently" value="103" />
  <attribute name="CPU Util currently" value="1572198530887" />
<exclusive-end id="991" timestamp="2019-08-09T00:18:44.584" durationms="17.719" />

<exclusive-start id="992" timestamp="2019-08-09T00:18:44.622" intervalms="56.528">
  <response-info timems="0.064" idlems="0.064" threads="0" lastid="0000000001FF0F00" lastname="main" />
</exclusive-start>
<allocation-taxation id="993" taxation-threshold="44040192" timestamp="2019-08-09T00:18:44.623" intervalms="56.578" />
<cycle-start id="994" type="partial gc" contextid="0" timestamp="2019-08-09T00:18:44.624" intervalms="57.491" />
<gc-start id="995" type="partial gc" contextid="994" timestamp="2019-08-09T00:18:44.624">
  <mem-info id="996" free="44040192" total="146800640" percent="30">
    <mem type="eden" free="2097096" total="46137344" percent="4" />
    <remembered-set count="33568" freebytes="5734528" totalbytes="5868800" percent="97" regionsoverflowed="0" regionsstable="1" regionsrebuilding="0"/>
  </mem-info>
</gc-start>
<allocation-stats totalBytes="43892304" >
  <allocated-bytes non-tlh="0" tlh="43892304" arrayletleaf="0"/>
  <largest-consumer threadName="main" threadId="0000000001FF0F00" bytes="43892304" />
</allocation-stats>
<gc-op id="997" type="copy forward" timems="22.460" contextid="994" timestamp="2019-08-09T00:18:44.649">
  <memory-copied type="eden" objects="2" bytes="56" bytesdiscarded="0" />
  <memory-copied type="other" objects="57543" bytes="1471136" bytesdiscarded="81192" />
  <memory-cardclean objects="2316" bytes="80256" />
  <regions eden="21" other="2" />
  <remembered-set-cleared processed="24450" cleared="1745" durationms="0.258" />
  <references type="soft" candidates="2139" cleared="0" enqueued="0" dynamicThreshold="19" maxThreshold="32" />
  <references type="weak" candidates="76" cleared="0" enqueued="0" />
  <stringconstants candidates="13783" cleared="0"  />
</gc-op>
<gc-op id="998" type="classunload" timems="0.009" contextid="994" timestamp="2019-08-09T00:18:44.649">
  <classunload-info classloadercandidates="55" classloadersunloaded="0" classesunloaded="0" anonymousclassesunloaded="0" quiescems="0.000" setupms="0.009" scanms="0.000" postms="0.000" />
</gc-op>
<gc-end id="999" type="partial gc" contextid="994" durationms="25.124" usertimems="80.825" systemtimems="0.000" timestamp="2019-08-09T00:18:44.649" activeThreads="16">
  <mem-info id="1000" free="88080384" total="146800640" percent="60">
    <mem type="eden" free="2097096" total="2097152" percent="99" />
    <remembered-set count="35872" freebytes="5725312" totalbytes="5868800" percent="97" regionsoverflowed="0" regionsstable="1" regionsrebuilding="0"/>
  </mem-info>
</gc-end>
<cycle-end id="1001" type="partial gc" contextid="994" timestamp="2019-08-09T00:18:44.649" />
  <attribute name="elasticGC enabled" value="1" />
  <attribute name= "numThreadsSpecified" value="16" />
  <attribute name="heapSize specified" value="0" />
  <attribute name="Current GC Util" value="128" />
  <attribute name= "Current Time Running" value="134860" />
  <attribute name ="GC Interval" value="0" />
  <attribute name="Target GC Util Change" value ="80.000000" />
  <attribute name="Current GC Util Change" value="128.000000"/>
  <attribute name="Current Error" value="-71.000000" />
  <attribute name="Output H" value="146838440"/>
  <attribute name="Output I" value="1960"/>
  <attribute name="Output T" value="16"/>
  <attribute name= "Current Time Running" value="134860" />
  <attribute name="GC Util currently" value="128" />
  <attribute name="CPU Util currently" value="526670376898" />
<exclusive-end id="1002" timestamp="2019-08-09T00:18:44.649" durationms="26.798" />

<exclusive-start id="1003" timestamp="2019-08-09T00:18:44.675" intervalms="52.677">
  <response-info timems="0.022" idlems="0.022" threads="0" lastid="0000000001FF0F00" lastname="main" />
</exclusive-start>
<allocation-taxation id="1004" taxation-threshold="44040192" timestamp="2019-08-09T00:18:44.675" intervalms="52.644" />
<cycle-start id="1005" type="partial gc" contextid="0" timestamp="2019-08-09T00:18:44.675" intervalms="51.676" />
<gc-start id="1006" type="partial gc" contextid="1005" timestamp="2019-08-09T00:18:44.676">
  <mem-info id="1007" free="44040192" total="146800640" percent="30">
    <mem type="eden" free="2097096" total="46137344" percent="4" />
    <remembered-set count="35456" freebytes="5726976" totalbytes="5868800" percent="97" regionsoverflowed="0" regionsstable="1" regionsrebuilding="0"/>
  </mem-info>
</gc-start>
<allocation-stats totalBytes="43892328" >
  <allocated-bytes non-tlh="0" tlh="43892328" arrayletleaf="0"/>
  <largest-consumer threadName="main" threadId="0000000001FF0F00" bytes="43892328" />
</allocation-stats>
<gc-op id="1008" type="copy forward" timems="21.242" contextid="1005" timestamp="2019-08-09T00:18:44.698">
  <memory-copied type="eden" objects="2" bytes="56" bytesdiscarded="0" />
  <memory-copied type="other" objects="65636" bytes="1608288" bytesdiscarded="75440" />
  <memory-cardclean objects="4923" bytes="391456" />
  <regions eden="21" other="2" />
  <remembered-set-cleared processed="24215" cleared="4406" durationms="0.406" />
  <stringconstants candidates="13783" cleared="0"  />
</gc-op>
<gc-op id="1009" type="classunload" timems="0.009" contextid="1005" timestamp="2019-08-09T00:18:44.698">
  <classunload-info classloadercandidates="55" classloadersunloaded="0" classesunloaded="0" anonymousclassesunloaded="0" quiescems="0.000" setupms="0.008" scanms="0.000" postms="0.000" />
</gc-op>
<gc-end id="1010" type="partial gc" contextid="1005" durationms="22.683" usertimems="52.320" systemtimems="0.000" timestamp="2019-08-09T00:18:44.698" activeThreads="16">
  <mem-info id="1011" free="88080384" total="146800640" percent="60">
    <mem type="eden" free="2097096" total="2097152" percent="99" />
    <remembered-set count="34592" freebytes="5730432" totalbytes="5868800" percent="97" regionsoverflowed="0" regionsstable="1" regionsrebuilding="0"/>
  </mem-info>
</gc-end>
<cycle-end id="1012" type="partial gc" contextid="1005" timestamp="2019-08-09T00:18:44.698" />
  <attribute name="elasticGC enabled" value="1" />
  <attribute name= "numThreadsSpecified" value="16" />
  <attribute name="heapSize specified" value="0" />
  <attribute name="Current GC Util" value="97" />
  <attribute name= "Current Time Running" value="134910" />
  <attribute name ="GC Interval" value="0" />
  <attribute name="Target GC Util Change" value ="80.000000" />
  <attribute name="Current GC Util Change" value="97.000000"/>
  <attribute name="Current Error" value="-125.000000" />
  <attribute name="Output H" value="146838408"/>
  <attribute name="Output I" value="1928"/>
  <attribute name="Output T" value="16"/>
  <attribute name= "Current Time Running" value="134910" />
  <attribute name="GC Util currently" value="97" />
  <attribute name="CPU Util currently" value="1160382742647" />
<exclusive-end id="1013" timestamp="2019-08-09T00:18:44.698" durationms="23.215" />

<exclusive-start id="1014" timestamp="2019-08-09T00:18:44.740" intervalms="64.573">
  <response-info timems="0.026" idlems="0.026" threads="0" lastid="0000000001FF0F00" lastname="main" />
</exclusive-start>
<allocation-taxation id="1015" taxation-threshold="44040192" timestamp="2019-08-09T00:18:44.740" intervalms="64.730" />
<cycle-start id="1016" type="partial gc" contextid="0" timestamp="2019-08-09T00:18:44.740" intervalms="64.726" />
<gc-start id="1017" type="partial gc" contextid="1016" timestamp="2019-08-09T00:18:44.740">
  <mem-info id="1018" free="44040192" total="146800640" percent="30">
    <mem type="eden" free="2097096" total="46137344" percent="4" />
    <remembered-set count="34592" freebytes="5730432" totalbytes="5868800" percent="97" regionsoverflowed="0" regionsstable="1" regionsrebuilding="0"/>
  </mem-info>
</gc-start>
<allocation-stats totalBytes="43839360" >
  <allocated-bytes non-tlh="0" tlh="43839360" arrayletleaf="0"/>
  <largest-consumer threadName="main" threadId="0000000001FF0F00" bytes="43839360" />
</allocation-stats>
<gc-op id="1019" type="copy forward" timems="18.132" contextid="1016" timestamp="2019-08-09T00:18:44.760">
  <memory-copied type="eden" objects="28" bytes="1960" bytesdiscarded="696" />
  <memory-copied type="other" objects="64040" bytes="1560760" bytesdiscarded="95320" />
  <memory-cardclean objects="5365" bytes="408680" />
  <regions eden="21" other="2" />
  <remembered-set-cleared processed="24239" cleared="4250" durationms="0.380" />
  <stringconstants candidates="13783" cleared="0"  />
</gc-op>
<gc-op id="1020" type="classunload" timems="0.009" contextid="1016" timestamp="2019-08-09T00:18:44.760">
  <classunload-info classloadercandidates="55" classloadersunloaded="0" classesunloaded="0" anonymousclassesunloaded="0" quiescems="0.000" setupms="0.009" scanms="0.000" postms="0.000" />
</gc-op>
<gc-end id="1021" type="partial gc" contextid="1016" durationms="19.509" usertimems="45.991" systemtimems="0.000" timestamp="2019-08-09T00:18:44.760" activeThreads="16">
  <mem-info id="1022" free="88080384" total="146800640" percent="60">
    <mem type="eden" free="2094496" total="2097152" percent="99" />
    <remembered-set count="36672" freebytes="5722112" totalbytes="5868800" percent="97" regionsoverflowed="0" regionsstable="1" regionsrebuilding="0"/>
  </mem-info>
</gc-end>
<cycle-end id="1023" type="partial gc" contextid="1016" timestamp="2019-08-09T00:18:44.760" />
  <attribute name="elasticGC enabled" value="1" />
  <attribute name= "numThreadsSpecified" value="16" />
  <attribute name="heapSize specified" value="0" />
  <attribute name="Current GC Util" value="129" />
  <attribute name= "Current Time Running" value="134975" />
  <attribute name ="GC Interval" value="0" />
  <attribute name="Target GC Util Change" value ="80.000000" />
  <attribute name="Current GC Util Change" value="129.000000"/>
  <attribute name="Current Error" value="-49.000000" />
  <attribute name="Output H" value="146838456"/>
  <attribute name="Output I" value="1976"/>
  <attribute name="Output T" value="16"/>
  <attribute name= "Current Time Running" value="134975" />
  <attribute name="GC Util currently" value="129" />
  <attribute name="CPU Util currently" value="1324028307593" />
<exclusive-end id="1024" timestamp="2019-08-09T00:18:44.760" durationms="20.251" />

<exclusive-start id="1025" timestamp="2019-08-09T00:18:44.800" intervalms="60.476">
  <response-info timems="0.021" idlems="0.021" threads="0" lastid="0000000001FF0F00" lastname="main" />
</exclusive-start>
<allocation-taxation id="1026" taxation-threshold="44040192" timestamp="2019-08-09T00:18:44.800" intervalms="60.334" />
<cycle-start id="1027" type="partial gc" contextid="0" timestamp="2019-08-09T00:18:44.800" intervalms="60.367" />
<gc-start id="1028" type="partial gc" contextid="1027" timestamp="2019-08-09T00:18:44.801">
  <mem-info id="1029" free="44040192" total="146800640" percent="30">
    <mem type="eden" free="0" total="44040192" percent="0" />
    <remembered-set count="35520" freebytes="5726720" totalbytes="5868800" percent="97" regionsoverflowed="0" regionsstable="2" regionsrebuilding="0"/>
  </mem-info>
</gc-start>
<allocation-stats totalBytes="43750432" >
  <allocated-bytes non-tlh="0" tlh="43750432" arrayletleaf="0"/>
  <largest-consumer threadName="main" threadId="0000000001FF0F00" bytes="43750432" />
</allocation-stats>
<gc-op id="1030" type="copy forward" timems="10.134" contextid="1027" timestamp="2019-08-09T00:18:44.812">
  <memory-copied type="eden" objects="2" bytes="64" bytesdiscarded="0" />
  <memory-copied type="other" objects="83099" bytes="1991848" bytesdiscarded="113728" />
  <memory-cardclean objects="4778" bytes="525872" />
  <regions eden="21" other="2" />
  <remembered-set-cleared processed="23800" cleared="3709" durationms="0.274" />
  <references type="weak" candidates="6" cleared="0" enqueued="0" />
  <stringconstants candidates="13783" cleared="0"  />
</gc-op>
<gc-op id="1031" type="classunload" timems="0.011" contextid="1027" timestamp="2019-08-09T00:18:44.812">
  <classunload-info classloadercandidates="55" classloadersunloaded="0" classesunloaded="0" anonymousclassesunloaded="0" quiescems="0.000" setupms="0.010" scanms="0.000" postms="0.000" />
</gc-op>
<heap-resize id="1032" type="expand" space="default" amount="6291456" count="1" timems="0.102" reason="excessive time being spent in gc" timestamp="2019-08-09T00:18:44.813" />
<gc-end id="1033" type="partial gc" contextid="1027" durationms="11.980" usertimems="28.885" systemtimems="0.000" timestamp="2019-08-09T00:18:44.813" activeThreads="16">
  <mem-info id="1034" free="92274688" total="153092096" percent="60">
    <mem type="eden" free="2097088" total="2097152" percent="99" />
    <remembered-set count="33888" freebytes="5984768" totalbytes="6120320" percent="97" regionsoverflowed="0" regionsstable="2" regionsrebuilding="0"/>
  </mem-info>
</gc-end>
<cycle-end id="1035" type="partial gc" contextid="1027" timestamp="2019-08-09T00:18:44.813" />
  <attribute name="elasticGC enabled" value="1" />
  <attribute name= "numThreadsSpecified" value="16" />
  <attribute name="heapSize specified" value="0" />
  <attribute name="Current GC Util" value="106" />
  <attribute name= "Current Time Running" value="135035" />
  <attribute name ="GC Interval" value="0" />
  <attribute name="Target GC Util Change" value ="80.000000" />
  <attribute name="Current GC Util Change" value="106.000000"/>
  <attribute name="Current Error" value="-70.000000" />
  <attribute name="Output H" value="146838440"/>
  <attribute name="Output I" value="1960"/>
  <attribute name="Output T" value="16"/>
  <attribute name= "Current Time Running" value="135035" />
  <attribute name="GC Util currently" value="106" />
  <attribute name="CPU Util currently" value="999222997903" />
<exclusive-end id="1036" timestamp="2019-08-09T00:18:44.813" durationms="12.732" />

<exclusive-start id="1037" timestamp="2019-08-09T00:18:44.844" intervalms="43.481">
  <response-info timems="0.042" idlems="0.042" threads="0" lastid="0000000001FF0F00" lastname="main" />
</exclusive-start>
<allocation-taxation id="1038" taxation-threshold="46137344" timestamp="2019-08-09T00:18:44.844" intervalms="43.449" />
<cycle-start id="1039" type="partial gc" contextid="0" timestamp="2019-08-09T00:18:44.844" intervalms="43.555" />
<gc-start id="1040" type="partial gc" contextid="1039" timestamp="2019-08-09T00:18:44.844">
  <mem-info id="1041" free="46137344" total="153092096" percent="30">
    <mem type="eden" free="2097088" total="48234496" percent="4" />
    <remembered-set count="33568" freebytes="5986048" totalbytes="6120320" percent="97" regionsoverflowed="0" regionsstable="2" regionsrebuilding="0"/>
  </mem-info>
</gc-start>
<allocation-stats totalBytes="45849376" >
  <allocated-bytes non-tlh="0" tlh="45849376" arrayletleaf="0"/>
  <largest-consumer threadName="main" threadId="0000000001FF0F00" bytes="45849376" />
</allocation-stats>
<gc-op id="1042" type="copy forward" timems="11.482" contextid="1039" timestamp="2019-08-09T00:18:44.858">
  <memory-copied type="eden" objects="2" bytes="64" bytesdiscarded="0" />
  <memory-copied type="other" objects="82378" bytes="1976928" bytesdiscarded="70840" />
  <memory-cardclean objects="4779" bytes="527712" />
  <regions eden="22" other="2" />
  <remembered-set-cleared processed="23719" cleared="3589" durationms="1.233" />
  <references type="weak" candidates="6" cleared="0" enqueued="0" />
  <stringconstants candidates="13783" cleared="0"  />
</gc-op>
<gc-op id="1043" type="classunload" timems="0.009" contextid="1039" timestamp="2019-08-09T00:18:44.858">
  <classunload-info classloadercandidates="55" classloadersunloaded="0" classesunloaded="0" anonymousclassesunloaded="0" quiescems="0.000" setupms="0.008" scanms="0.000" postms="0.000" />
</gc-op>
<gc-end id="1044" type="partial gc" contextid="1039" durationms="13.716" usertimems="34.227" systemtimems="0.000" timestamp="2019-08-09T00:18:44.858" activeThreads="16">
  <mem-info id="1045" free="94371840" total="153092096" percent="61">
    <mem type="eden" free="2097088" total="2097152" percent="99" />
    <remembered-set count="33440" freebytes="5986560" totalbytes="6120320" percent="97" regionsoverflowed="0" regionsstable="2" regionsrebuilding="0"/>
  </mem-info>
</gc-end>
<cycle-end id="1046" type="partial gc" contextid="1039" timestamp="2019-08-09T00:18:44.858" />
  <attribute name="elasticGC enabled" value="1" />
  <attribute name= "numThreadsSpecified" value="16" />
  <attribute name="heapSize specified" value="0" />
  <attribute name="Current GC Util" value="195" />
  <attribute name= "Current Time Running" value="135080" />
  <attribute name ="GC Interval" value="0" />
  <attribute name="Target GC Util Change" value ="80.000000" />
  <attribute name="Current GC Util Change" value="195.000000"/>
  <attribute name="Current Error" value="-170.000000" />
  <attribute name="Output H" value="153129840"/>
  <attribute name="Output I" value="1904"/>
  <attribute name="Output T" value="16"/>
  <attribute name= "Current Time Running" value="135080" />
  <attribute name="GC Util currently" value="195" />
  <attribute name="CPU Util currently" value="651576057251" />
<exclusive-end id="1047" timestamp="2019-08-09T00:18:44.858" durationms="14.424" />

<exclusive-start id="1048" timestamp="2019-08-09T00:18:44.892" intervalms="48.572">
  <response-info timems="0.063" idlems="0.063" threads="0" lastid="0000000001FF0F00" lastname="main" />
</exclusive-start>
<allocation-taxation id="1049" taxation-threshold="46137344" timestamp="2019-08-09T00:18:44.892" intervalms="48.595" />
<cycle-start id="1050" type="partial gc" contextid="0" timestamp="2019-08-09T00:18:44.892" intervalms="48.441" />
<gc-start id="1051" type="partial gc" contextid="1050" timestamp="2019-08-09T00:18:44.893">
  <mem-info id="1052" free="48234496" total="153092096" percent="31">
    <mem type="eden" free="2097088" total="48234496" percent="4" />
    <remembered-set count="33376" freebytes="5986816" totalbytes="6120320" percent="97" regionsoverflowed="0" regionsstable="2" regionsrebuilding="0"/>
  </mem-info>
</gc-start>
<allocation-stats totalBytes="45848160" >
  <allocated-bytes non-tlh="0" tlh="45848160" arrayletleaf="0"/>
  <largest-consumer threadName="main" threadId="0000000001FF0F00" bytes="45848160" />
</allocation-stats>
<gc-op id="1053" type="copy forward" timems="10.494" contextid="1050" timestamp="2019-08-09T00:18:44.905">
  <memory-copied type="eden" objects="2" bytes="64" bytesdiscarded="0" />
  <memory-copied type="other" objects="0" bytes="0" bytesdiscarded="0" />
  <memory-cardclean objects="17" bytes="488" />
  <regions eden="22" other="1" />
  <remembered-set-cleared processed="24178" cleared="8" durationms="0.271" />
  <stringconstants candidates="13783" cleared="0"  />
</gc-op>
<gc-op id="1054" type="classunload" timems="0.014" contextid="1050" timestamp="2019-08-09T00:18:44.905">
  <classunload-info classloadercandidates="55" classloadersunloaded="0" classesunloaded="0" anonymousclassesunloaded="0" quiescems="0.000" setupms="0.013" scanms="0.000" postms="0.000" />
</gc-op>
<gc-end id="1055" type="partial gc" contextid="1050" durationms="11.865" usertimems="28.201" systemtimems="0.000" timestamp="2019-08-09T00:18:44.905" activeThreads="16">
  <mem-info id="1056" free="94371840" total="153092096" percent="61">
    <mem type="eden" free="2097088" total="2097152" percent="99" />
    <remembered-set count="31296" freebytes="5995136" totalbytes="6120320" percent="97" regionsoverflowed="0" regionsstable="2" regionsrebuilding="0"/>
  </mem-info>
</gc-end>
<cycle-end id="1057" type="partial gc" contextid="1050" timestamp="2019-08-09T00:18:44.905" />
  <attribute name="elasticGC enabled" value="1" />
  <attribute name= "numThreadsSpecified" value="16" />
  <attribute name="heapSize specified" value="0" />
  <attribute name="Current GC Util" value="122" />
  <attribute name= "Current Time Running" value="135127" />
  <attribute name ="GC Interval" value="0" />
  <attribute name="Target GC Util Change" value ="80.000000" />
  <attribute name="Current GC Util Change" value="122.000000"/>
  <attribute name="Current Error" value="-27.000000" />
  <attribute name="Output H" value="153129928"/>
  <attribute name="Output I" value="1992"/>
  <attribute name="Output T" value="16"/>
  <attribute name= "Current Time Running" value="135127" />
  <attribute name="GC Util currently" value="122" />
  <attribute name="CPU Util currently" value="1431309806692" />
<exclusive-end id="1058" timestamp="2019-08-09T00:18:44.905" durationms="12.816" />

<exclusive-start id="1059" timestamp="2019-08-09T00:18:44.937" intervalms="44.539">
  <response-info timems="0.040" idlems="0.040" threads="0" lastid="0000000001FF0F00" lastname="main" />
</exclusive-start>
<allocation-taxation id="1060" taxation-threshold="46137344" timestamp="2019-08-09T00:18:44.937" intervalms="44.592" />
<cycle-start id="1061" type="partial gc" contextid="0" timestamp="2019-08-09T00:18:44.937" intervalms="44.579" />
<gc-start id="1062" type="partial gc" contextid="1061" timestamp="2019-08-09T00:18:44.937">
  <mem-info id="1063" free="48234496" total="153092096" percent="31">
    <mem type="eden" free="2097088" total="48234496" percent="4" />
    <remembered-set count="30848" freebytes="5996928" totalbytes="6120320" percent="97" regionsoverflowed="0" regionsstable="2" regionsrebuilding="0"/>
  </mem-info>
</gc-start>
<allocation-stats totalBytes="45848136" >
  <allocated-bytes non-tlh="0" tlh="45848136" arrayletleaf="0"/>
  <largest-consumer threadName="main" threadId="0000000001FF0F00" bytes="45848136" />
</allocation-stats>
<gc-op id="1064" type="copy forward" timems="8.010" contextid="1061" timestamp="2019-08-09T00:18:44.947">
  <memory-copied type="eden" objects="2" bytes="64" bytesdiscarded="0" />
  <memory-copied type="other" objects="0" bytes="0" bytesdiscarded="0" />
  <memory-cardclean objects="17" bytes="488" />
  <regions eden="22" other="1" />
  <remembered-set-cleared processed="24179" cleared="9" durationms="0.225" />
  <stringconstants candidates="13783" cleared="0"  />
</gc-op>
<gc-op id="1065" type="classunload" timems="0.012" contextid="1061" timestamp="2019-08-09T00:18:44.947">
  <classunload-info classloadercandidates="55" classloadersunloaded="0" classesunloaded="0" anonymousclassesunloaded="0" quiescems="0.000" setupms="0.012" scanms="0.000" postms="0.000" />
</gc-op>
<heap-resize id="1066" type="contract" space="default" amount="2097152" count="1" timems="0.120" reason="excess free space following gc" timestamp="2019-08-09T00:18:44.948" />
<gc-end id="1067" type="partial gc" contextid="1061" durationms="10.335" usertimems="29.850" systemtimems="0.000" timestamp="2019-08-09T00:18:44.948" activeThreads="16">
  <mem-info id="1068" free="92274688" total="150994944" percent="61">
    <mem type="eden" free="2097088" total="2097152" percent="99" />
    <remembered-set count="31296" freebytes="5995136" totalbytes="6120320" percent="97" regionsoverflowed="0" regionsstable="2" regionsrebuilding="0"/>
  </mem-info>
</gc-end>
<cycle-end id="1069" type="partial gc" contextid="1061" timestamp="2019-08-09T00:18:44.948" />
  <attribute name="elasticGC enabled" value="1" />
  <attribute name= "numThreadsSpecified" value="16" />
  <attribute name="heapSize specified" value="0" />
  <attribute name="Current GC Util" value="194" />
  <attribute name= "Current Time Running" value="135172" />
  <attribute name ="GC Interval" value="0" />
  <attribute name="Target GC Util Change" value ="80.000000" />
  <attribute name="Current GC Util Change" value="194.000000"/>
  <attribute name="Current Error" value="-105.000000" />
  <attribute name="Output H" value="153129880"/>
  <attribute name="Output I" value="1944"/>
  <attribute name="Output T" value="16"/>
  <attribute name= "Current Time Running" value="135172" />
  <attribute name="GC Util currently" value="194" />
  <attribute name="CPU Util currently" value="753474505942" />
<exclusive-end id="1070" timestamp="2019-08-09T00:18:44.948" durationms="11.374" />

<exclusive-start id="1071" timestamp="2019-08-09T00:18:44.976" intervalms="39.377">
  <response-info timems="0.045" idlems="0.045" threads="0" lastid="0000000001FF0F00" lastname="main" />
</exclusive-start>
<allocation-taxation id="1072" taxation-threshold="44040192" timestamp="2019-08-09T00:18:44.976" intervalms="39.303" />
<cycle-start id="1073" type="partial gc" contextid="0" timestamp="2019-08-09T00:18:44.976" intervalms="39.325" />
<gc-start id="1074" type="partial gc" contextid="1073" timestamp="2019-08-09T00:18:44.977">
  <mem-info id="1075" free="48234496" total="150994944" percent="31">
    <mem type="eden" free="2097088" total="46137344" percent="4" />
    <remembered-set count="30848" freebytes="5996928" totalbytes="6120320" percent="97" regionsoverflowed="0" regionsstable="2" regionsrebuilding="0"/>
  </mem-info>
</gc-start>
<allocation-stats totalBytes="43764120" >
  <allocated-bytes non-tlh="0" tlh="43764120" arrayletleaf="0"/>
  <largest-consumer threadName="main" threadId="0000000001FF0F00" bytes="43764120" />
</allocation-stats>
<gc-op id="1076" type="copy forward" timems="22.640" contextid="1073" timestamp="2019-08-09T00:18:45.001">
  <memory-copied type="eden" objects="2" bytes="64" bytesdiscarded="0" />
  <memory-copied type="other" objects="68530" bytes="2005648" bytesdiscarded="173672" />
  <memory-cardclean objects="5528" bytes="147296" />
  <regions eden="21" other="2" />
  <remembered-set-cleared processed="23626" cleared="4512" durationms="0.266" />
  <stringconstants candidates="13783" cleared="0"  />
</gc-op>
<gc-op id="1077" type="classunload" timems="0.009" contextid="1073" timestamp="2019-08-09T00:18:45.001">
  <classunload-info classloadercandidates="55" classloadersunloaded="0" classesunloaded="0" anonymousclassesunloaded="0" quiescems="0.000" setupms="0.009" scanms="0.000" postms="0.000" />
</gc-op>
<gc-end id="1078" type="partial gc" contextid="1073" durationms="24.459" usertimems="69.715" systemtimems="0.000" timestamp="2019-08-09T00:18:45.001" activeThreads="16">
  <mem-info id="1079" free="92274688" total="150994944" percent="61">
    <mem type="eden" free="2097088" total="2097152" percent="99" />
    <remembered-set count="33984" freebytes="5900544" totalbytes="6036480" percent="97" regionsoverflowed="0" regionsstable="2" regionsrebuilding="0"/>
  </mem-info>
</gc-end>
<cycle-end id="1080" type="partial gc" contextid="1073" timestamp="2019-08-09T00:18:45.001" />
  <attribute name="elasticGC enabled" value="1" />
  <attribute name= "numThreadsSpecified" value="16" />
  <attribute name="heapSize specified" value="0" />
  <attribute name="Current GC Util" value="63" />
  <attribute name= "Current Time Running" value="135211" />
  <attribute name ="GC Interval" value="0" />
  <attribute name="Target GC Util Change" value ="80.000000" />
  <attribute name="Current GC Util Change" value="63.000000"/>
  <attribute name="Current Error" value="-60.000000" />
  <attribute name="Output H" value="151032752"/>
  <attribute name="Output I" value="1968"/>
  <attribute name="Output T" value="16"/>
  <attribute name= "Current Time Running" value="135211" />
  <attribute name="GC Util currently" value="63" />
  <attribute name="CPU Util currently" value="999866860694" />
<exclusive-end id="1081" timestamp="2019-08-09T00:18:45.001" durationms="25.061" />

<exclusive-start id="1082" timestamp="2019-08-09T00:18:45.028" intervalms="51.665">
  <response-info timems="0.154" idlems="0.154" threads="0" lastid="0000000001FF0F00" lastname="main" />
</exclusive-start>
<allocation-taxation id="1083" taxation-threshold="44040192" timestamp="2019-08-09T00:18:45.028" intervalms="51.806" />
<cycle-start id="1084" type="partial gc" contextid="0" timestamp="2019-08-09T00:18:45.028" intervalms="51.805" />
<gc-start id="1085" type="partial gc" contextid="1084" timestamp="2019-08-09T00:18:45.028">
  <mem-info id="1086" free="48234496" total="150994944" percent="31">
    <mem type="eden" free="2097088" total="46137344" percent="4" />
    <remembered-set count="33600" freebytes="5902080" totalbytes="6036480" percent="97" regionsoverflowed="0" regionsstable="2" regionsrebuilding="0"/>
  </mem-info>
</gc-start>
<allocation-stats totalBytes="43764144" >
  <allocated-bytes non-tlh="0" tlh="43764144" arrayletleaf="0"/>
  <largest-consumer threadName="main" threadId="0000000001FF0F00" bytes="43764144" />
</allocation-stats>
<gc-op id="1087" type="copy forward" timems="18.192" contextid="1084" timestamp="2019-08-09T00:18:45.049">
  <memory-copied type="eden" objects="2" bytes="64" bytesdiscarded="0" />
  <memory-copied type="other" objects="0" bytes="0" bytesdiscarded="0" />
  <memory-cardclean objects="17" bytes="488" />
  <regions eden="21" other="1" />
  <remembered-set-cleared processed="24271" cleared="8" durationms="0.420" />
  <stringconstants candidates="13783" cleared="0"  />
</gc-op>
<gc-op id="1088" type="classunload" timems="0.011" contextid="1084" timestamp="2019-08-09T00:18:45.049">
  <classunload-info classloadercandidates="55" classloadersunloaded="0" classesunloaded="0" anonymousclassesunloaded="0" quiescems="0.000" setupms="0.011" scanms="0.000" postms="0.000" />
</gc-op>
<gc-end id="1089" type="partial gc" contextid="1084" durationms="20.718" usertimems="35.548" systemtimems="0.000" timestamp="2019-08-09T00:18:45.049" activeThreads="16">
  <mem-info id="1090" free="92274688" total="150994944" percent="61">
    <mem type="eden" free="2097088" total="2097152" percent="99" />
    <remembered-set count="30976" freebytes="5912576" totalbytes="6036480" percent="97" regionsoverflowed="0" regionsstable="2" regionsrebuilding="0"/>
  </mem-info>
</gc-end>
<cycle-end id="1091" type="partial gc" contextid="1084" timestamp="2019-08-09T00:18:45.049" />
  <attribute name="elasticGC enabled" value="1" />
  <attribute name= "numThreadsSpecified" value="16" />
  <attribute name="heapSize specified" value="0" />
  <attribute name="Current GC Util" value="56" />
  <attribute name= "Current Time Running" value="135264" />
  <attribute name ="GC Interval" value="0" />
  <attribute name="Target GC Util Change" value ="80.000000" />
  <attribute name="Current GC Util Change" value="56.000000"/>
  <attribute name="Current Error" value="12.000000" />
  <attribute name="Output H" value="151032792"/>
  <attribute name="Output I" value="2008"/>
  <attribute name="Output T" value="16"/>
  <attribute name= "Current Time Running" value="135264" />
  <attribute name="GC Util currently" value="56" />
  <attribute name="CPU Util currently" value="671680130331" />
<exclusive-end id="1092" timestamp="2019-08-09T00:18:45.049" durationms="21.613" />

<exclusive-start id="1093" timestamp="2019-08-09T00:18:45.076" intervalms="48.245">
  <response-info timems="0.096" idlems="0.096" threads="0" lastid="0000000001FF0F00" lastname="main" />
</exclusive-start>
<allocation-taxation id="1094" taxation-threshold="44040192" timestamp="2019-08-09T00:18:45.076" intervalms="48.117" />
<cycle-start id="1095" type="partial gc" contextid="0" timestamp="2019-08-09T00:18:45.076" intervalms="48.159" />
<gc-start id="1096" type="partial gc" contextid="1095" timestamp="2019-08-09T00:18:45.077">
  <mem-info id="1097" free="48234496" total="150994944" percent="31">
    <mem type="eden" free="2097088" total="46137344" percent="4" />
    <remembered-set count="29824" freebytes="5917184" totalbytes="6036480" percent="98" regionsoverflowed="0" regionsstable="3" regionsrebuilding="0"/>
  </mem-info>
</gc-start>
<allocation-stats totalBytes="43765384" >
  <allocated-bytes non-tlh="0" tlh="43765384" arrayletleaf="0"/>
  <largest-consumer threadName="main" threadId="0000000001FF0F00" bytes="43765384" />
</allocation-stats>
<gc-op id="1098" type="copy forward" timems="10.980" contextid="1095" timestamp="2019-08-09T00:18:45.090">
  <memory-copied type="eden" objects="2" bytes="64" bytesdiscarded="0" />
  <memory-copied type="other" objects="0" bytes="0" bytesdiscarded="0" />
  <memory-cardclean objects="17" bytes="488" />
  <regions eden="21" other="1" />
  <remembered-set-cleared processed="23843" cleared="8" durationms="0.233" />
  <stringconstants candidates="13783" cleared="0"  />
</gc-op>
<gc-op id="1099" type="classunload" timems="0.009" contextid="1095" timestamp="2019-08-09T00:18:45.090">
  <classunload-info classloadercandidates="55" classloadersunloaded="0" classesunloaded="0" anonymousclassesunloaded="0" quiescems="0.000" setupms="0.008" scanms="0.000" postms="0.000" />
</gc-op>
<gc-end id="1100" type="partial gc" contextid="1095" durationms="13.394" usertimems="40.483" systemtimems="0.000" timestamp="2019-08-09T00:18:45.090" activeThreads="16">
  <mem-info id="1101" free="92274688" total="150994944" percent="61">
    <mem type="eden" free="2097088" total="2097152" percent="99" />
    <remembered-set count="30304" freebytes="5915264" totalbytes="6036480" percent="97" regionsoverflowed="0" regionsstable="3" regionsrebuilding="0"/>
  </mem-info>
</gc-end>
<cycle-end id="1102" type="partial gc" contextid="1095" timestamp="2019-08-09T00:18:45.090" />
  <attribute name="elasticGC enabled" value="1" />
  <attribute name= "numThreadsSpecified" value="16" />
  <attribute name="heapSize specified" value="0" />
  <attribute name="Current GC Util" value="249" />
  <attribute name= "Current Time Running" value="135312" />
  <attribute name ="GC Interval" value="0" />
  <attribute name="Target GC Util Change" value ="80.000000" />
  <attribute name="Current GC Util Change" value="249.000000"/>
  <attribute name="Current Error" value="-147.000000" />
  <attribute name="Output H" value="151032704"/>
  <attribute name="Output I" value="1920"/>
  <attribute name="Output T" value="16"/>
  <attribute name= "Current Time Running" value="135312" />
  <attribute name="GC Util currently" value="249" />
  <attribute name="CPU Util currently" value="665666355382" />
<exclusive-end id="1103" timestamp="2019-08-09T00:18:45.090" durationms="14.208" />

<exclusive-start id="1104" timestamp="2019-08-09T00:18:45.154" intervalms="78.018">
  <response-info timems="0.022" idlems="0.022" threads="0" lastid="0000000001FF0F00" lastname="main" />
</exclusive-start>
<allocation-taxation id="1105" taxation-threshold="44040192" timestamp="2019-08-09T00:18:45.154" intervalms="78.012" />
<cycle-start id="1106" type="partial gc" contextid="0" timestamp="2019-08-09T00:18:45.154" intervalms="77.954" />
<gc-start id="1107" type="partial gc" contextid="1106" timestamp="2019-08-09T00:18:45.155">
  <mem-info id="1108" free="48234496" total="150994944" percent="31">
    <mem type="eden" free="2097088" total="46137344" percent="4" />
    <remembered-set count="30304" freebytes="5915264" totalbytes="6036480" percent="97" regionsoverflowed="0" regionsstable="3" regionsrebuilding="0"/>
  </mem-info>
</gc-start>
<allocation-stats totalBytes="44027568" >
  <allocated-bytes non-tlh="0" tlh="44027568" arrayletleaf="0"/>
  <largest-consumer threadName="main" threadId="0000000001FF0F00" bytes="44027568" />
</allocation-stats>
<gc-op id="1109" type="copy forward" timems="9.391" contextid="1106" timestamp="2019-08-09T00:18:45.165">
  <memory-copied type="eden" objects="153" bytes="5056" bytesdiscarded="696" />
  <memory-copied type="other" objects="0" bytes="0" bytesdiscarded="0" />
  <memory-cardclean objects="76" bytes="3024" />
  <regions eden="21" other="1" />
  <remembered-set-cleared processed="23843" cleared="25" durationms="0.253" />
  <stringconstants candidates="13783" cleared="0"  />
</gc-op>
<gc-op id="1110" type="classunload" timems="0.013" contextid="1106" timestamp="2019-08-09T00:18:45.165">
  <classunload-info classloadercandidates="55" classloadersunloaded="0" classesunloaded="0" anonymousclassesunloaded="0" quiescems="0.000" setupms="0.012" scanms="0.000" postms="0.000" />
</gc-op>
<gc-end id="1111" type="partial gc" contextid="1106" durationms="11.040" usertimems="24.238" systemtimems="0.000" timestamp="2019-08-09T00:18:45.166" activeThreads="16">
  <mem-info id="1112" free="92274688" total="150994944" percent="61">
    <mem type="eden" free="2091400" total="2097152" percent="99" />
    <remembered-set count="31328" freebytes="5911168" totalbytes="6036480" percent="97" regionsoverflowed="0" regionsstable="3" regionsrebuilding="0"/>
  </mem-info>
</gc-end>
<cycle-end id="1113" type="partial gc" contextid="1106" timestamp="2019-08-09T00:18:45.166" />
  <attribute name="elasticGC enabled" value="1" />
  <attribute name= "numThreadsSpecified" value="16" />
  <attribute name="heapSize specified" value="0" />
  <attribute name="Current GC Util" value="201" />
  <attribute name= "Current Time Running" value="135389" />
  <attribute name ="GC Interval" value="0" />
  <attribute name="Target GC Util Change" value ="80.000000" />
  <attribute name="Current GC Util Change" value="201.000000"/>
  <attribute name="Current Error" value="-219.000000" />
  <attribute name="Output H" value="151032664"/>
  <attribute name="Output I" value="1880"/>
  <attribute name="Output T" value="16"/>
  <attribute name= "Current Time Running" value="135389" />
  <attribute name="GC Util currently" value="201" />
  <attribute name="CPU Util currently" value="1138849850940" />
<exclusive-end id="1114" timestamp="2019-08-09T00:18:45.166" durationms="11.747" />

<exclusive-start id="1115" timestamp="2019-08-09T00:18:45.431" intervalms="276.491">
  <response-info timems="0.051" idlems="0.051" threads="0" lastid="0000000001FF0F00" lastname="main" />
</exclusive-start>
<allocation-taxation id="1116" taxation-threshold="44040192" timestamp="2019-08-09T00:18:45.431" intervalms="276.490" />
<cycle-start id="1117" type="partial gc" contextid="0" timestamp="2019-08-09T00:18:45.431" intervalms="276.486" />
<gc-start id="1118" type="partial gc" contextid="1117" timestamp="2019-08-09T00:18:45.431">
  <mem-info id="1119" free="48234496" total="150994944" percent="31">
    <mem type="eden" free="2091400" total="46137344" percent="4" />
    <remembered-set count="30848" freebytes="5913088" totalbytes="6036480" percent="97" regionsoverflowed="0" regionsstable="3" regionsrebuilding="0"/>
  </mem-info>
</gc-start>
<allocation-stats totalBytes="44033888" >
  <allocated-bytes non-tlh="0" tlh="44033888" arrayletleaf="0"/>
  <largest-consumer threadName="main" threadId="0000000001FF0F00" bytes="44033888" />
</allocation-stats>
<gc-op id="1120" type="copy forward" timems="17.773" contextid="1117" timestamp="2019-08-09T00:18:45.450">
  <memory-copied type="eden" objects="234" bytes="7664" bytesdiscarded="1920" />
  <memory-copied type="other" objects="8" bytes="184" bytesdiscarded="696" />
  <memory-cardclean objects="119" bytes="12432" />
  <regions eden="21" other="1" />
  <remembered-set-cleared processed="23871" cleared="74" durationms="0.268" />
  <references type="weak" candidates="37" cleared="0" enqueued="0" />
  <stringconstants candidates="13783" cleared="0"  />
</gc-op>
<gc-op id="1121" type="classunload" timems="0.009" contextid="1117" timestamp="2019-08-09T00:18:45.450">
  <classunload-info classloadercandidates="55" classloadersunloaded="0" classesunloaded="0" anonymousclassesunloaded="0" quiescems="0.000" setupms="0.008" scanms="0.000" postms="0.000" />
</gc-op>
<gc-end id="1122" type="partial gc" contextid="1117" durationms="18.785" usertimems="37.586" systemtimems="0.000" timestamp="2019-08-09T00:18:45.450" activeThreads="16">
  <mem-info id="1123" free="90177536" total="150994944" percent="59">
    <mem type="eden" free="4183792" total="4194304" percent="99" />
    <remembered-set count="32256" freebytes="5907456" totalbytes="6036480" percent="97" regionsoverflowed="0" regionsstable="3" regionsrebuilding="0"/>
  </mem-info>
</gc-end>
<cycle-end id="1124" type="partial gc" contextid="1117" timestamp="2019-08-09T00:18:45.450" />
  <attribute name="elasticGC enabled" value="1" />
  <attribute name= "numThreadsSpecified" value="16" />
  <attribute name="heapSize specified" value="0" />
  <attribute name="Current GC Util" value="174" />
  <attribute name= "Current Time Running" value="135665" />
  <attribute name ="GC Interval" value="0" />
  <attribute name="Target GC Util Change" value ="80.000000" />
  <attribute name="Current GC Util Change" value="174.000000"/>
  <attribute name="Current Error" value="-22.000000" />
  <attribute name="Output H" value="151032776"/>
  <attribute name="Output I" value="1992"/>
  <attribute name="Output T" value="16"/>
  <attribute name= "Current Time Running" value="135665" />
  <attribute name="GC Util currently" value="174" />
  <attribute name="CPU Util currently" value="2274074143325" />
<exclusive-end id="1125" timestamp="2019-08-09T00:18:45.450" durationms="19.578" />

<exclusive-start id="1126" timestamp="2019-08-09T00:18:45.593" intervalms="161.959">
  <response-info timems="0.048" idlems="0.048" threads="0" lastid="0000000001FF0F00" lastname="main" />
</exclusive-start>
<allocation-taxation id="1127" taxation-threshold="44040192" timestamp="2019-08-09T00:18:45.593" intervalms="161.944" />
<cycle-start id="1128" type="partial gc" contextid="0" timestamp="2019-08-09T00:18:45.593" intervalms="161.942" />
<gc-start id="1129" type="partial gc" contextid="1128" timestamp="2019-08-09T00:18:45.593">
  <mem-info id="1130" free="46137344" total="150994944" percent="30">
    <mem type="eden" free="0" total="44040192" percent="0" />
    <remembered-set count="32256" freebytes="5907456" totalbytes="6036480" percent="97" regionsoverflowed="0" regionsstable="3" regionsrebuilding="0"/>
  </mem-info>
</gc-start>
<allocation-stats totalBytes="44034768" >
  <allocated-bytes non-tlh="0" tlh="44034768" arrayletleaf="0"/>
  <largest-consumer threadName="main" threadId="0000000001FF0F00" bytes="44034768" />
</allocation-stats>
<gc-op id="1131" type="copy forward" timems="9.888" contextid="1128" timestamp="2019-08-09T00:18:45.604">
  <memory-copied type="eden" objects="127" bytes="3920" bytesdiscarded="0" />
  <memory-copied type="other" objects="114" bytes="3992" bytesdiscarded="1968" />
  <memory-cardclean objects="55" bytes="10456" />
  <regions eden="21" other="1" />
  <remembered-set-cleared processed="23886" cleared="71" durationms="0.266" />
  <references type="weak" candidates="37" cleared="0" enqueued="0" />
  <stringconstants candidates="13783" cleared="0"  />
</gc-op>
<gc-op id="1132" type="classunload" timems="0.010" contextid="1128" timestamp="2019-08-09T00:18:45.604">
  <classunload-info classloadercandidates="55" classloadersunloaded="0" classesunloaded="0" anonymousclassesunloaded="0" quiescems="0.000" setupms="0.009" scanms="0.000" postms="0.000" />
</gc-op>
<gc-end id="1133" type="partial gc" contextid="1128" durationms="10.980" usertimems="25.121" systemtimems="0.000" timestamp="2019-08-09T00:18:45.604" activeThreads="16">
  <mem-info id="1134" free="88080384" total="150994944" percent="58">
    <mem type="eden" free="2093232" total="2097152" percent="99" />
    <remembered-set count="32800" freebytes="5905280" totalbytes="6036480" percent="97" regionsoverflowed="0" regionsstable="3" regionsrebuilding="0"/>
  </mem-info>
</gc-end>
<cycle-end id="1135" type="partial gc" contextid="1128" timestamp="2019-08-09T00:18:45.604" />
  <attribute name="elasticGC enabled" value="1" />
  <attribute name= "numThreadsSpecified" value="16" />
  <attribute name="heapSize specified" value="0" />
  <attribute name="Current GC Util" value="119" />
  <attribute name= "Current Time Running" value="135827" />
  <attribute name ="GC Interval" value="0" />
  <attribute name="Target GC Util Change" value ="80.000000" />
  <attribute name="Current GC Util Change" value="119.000000"/>
  <attribute name="Current Error" value="-3.000000" />
  <attribute name="Output H" value="151032784"/>
  <attribute name="Output I" value="2000"/>
  <attribute name="Output T" value="16"/>
  <attribute name= "Current Time Running" value="135827" />
  <attribute name="GC Util currently" value="119" />
  <attribute name="CPU Util currently" value="1751412359245" />
<exclusive-end id="1136" timestamp="2019-08-09T00:18:45.604" durationms="11.625" />

<exclusive-start id="1137" timestamp="2019-08-09T00:18:45.668" intervalms="75.505">
  <response-info timems="0.028" idlems="0.028" threads="0" lastid="0000000001FF0F00" lastname="main" />
</exclusive-start>
<allocation-taxation id="1138" taxation-threshold="44040192" timestamp="2019-08-09T00:18:45.668" intervalms="75.510" />
<cycle-start id="1139" type="partial gc" contextid="0" timestamp="2019-08-09T00:18:45.668" intervalms="75.788" />
<gc-start id="1140" type="partial gc" contextid="1139" timestamp="2019-08-09T00:18:45.669">
  <mem-info id="1141" free="44040192" total="150994944" percent="29">
    <mem type="eden" free="2093232" total="46137344" percent="4" />
    <remembered-set count="32800" freebytes="5905280" totalbytes="6036480" percent="97" regionsoverflowed="0" regionsstable="3" regionsrebuilding="0"/>
  </mem-info>
</gc-start>
<allocation-stats totalBytes="44016184" >
  <allocated-bytes non-tlh="0" tlh="44016184" arrayletleaf="0"/>
  <largest-consumer threadName="main" threadId="0000000001FF0F00" bytes="44016184" />
</allocation-stats>
<gc-op id="1142" type="copy forward" timems="13.649" contextid="1139" timestamp="2019-08-09T00:18:45.685">
  <memory-copied type="eden" objects="137" bytes="4432" bytesdiscarded="600" />
  <memory-copied type="other" objects="0" bytes="0" bytesdiscarded="0" />
  <memory-cardclean objects="58" bytes="2552" />
  <regions eden="21" other="1" />
  <remembered-set-cleared processed="23896" cleared="35" durationms="0.404" />
  <stringconstants candidates="13783" cleared="0"  />
</gc-op>
<gc-op id="1143" type="classunload" timems="0.012" contextid="1139" timestamp="2019-08-09T00:18:45.685">
  <classunload-info classloadercandidates="55" classloadersunloaded="0" classesunloaded="0" anonymousclassesunloaded="0" quiescems="0.000" setupms="0.012" scanms="0.000" postms="0.000" />
</gc-op>
<gc-end id="1144" type="partial gc" contextid="1139" durationms="16.179" usertimems="26.030" systemtimems="0.000" timestamp="2019-08-09T00:18:45.685" activeThreads="16">
  <mem-info id="1145" free="88080384" total="150994944" percent="58">
    <mem type="eden" free="2092120" total="2097152" percent="99" />
    <remembered-set count="30976" freebytes="5912576" totalbytes="6036480" percent="97" regionsoverflowed="0" regionsstable="3" regionsrebuilding="0"/>
  </mem-info>
</gc-end>
<cycle-end id="1146" type="partial gc" contextid="1139" timestamp="2019-08-09T00:18:45.685" />
  <attribute name="elasticGC enabled" value="1" />
  <attribute name= "numThreadsSpecified" value="16" />
  <attribute name="heapSize specified" value="0" />
  <attribute name="Current GC Util" value="88" />
  <attribute name= "Current Time Running" value="135904" />
  <attribute name ="GC Interval" value="0" />
  <attribute name="Target GC Util Change" value ="80.000000" />
  <attribute name="Current GC Util Change" value="88.000000"/>
  <attribute name="Current Error" value="37.000000" />
  <attribute name="Output H" value="151032808"/>
  <attribute name="Output I" value="2024"/>
  <attribute name="Output T" value="16"/>
  <attribute name= "Current Time Running" value="135904" />
  <attribute name="GC Util currently" value="88" />
  <attribute name="CPU Util currently" value="1293691985140" />
<exclusive-end id="1147" timestamp="2019-08-09T00:18:45.685" durationms="17.155" />

<exclusive-start id="1148" timestamp="2019-08-09T00:18:45.736" intervalms="68.110">
  <response-info timems="0.060" idlems="0.060" threads="0" lastid="0000000001FF0F00" lastname="main" />
</exclusive-start>
<allocation-taxation id="1149" taxation-threshold="44040192" timestamp="2019-08-09T00:18:45.736" intervalms="68.115" />
<cycle-start id="1150" type="partial gc" contextid="0" timestamp="2019-08-09T00:18:45.736" intervalms="67.824" />
<gc-start id="1151" type="partial gc" contextid="1150" timestamp="2019-08-09T00:18:45.737">
  <mem-info id="1152" free="44040192" total="150994944" percent="29">
    <mem type="eden" free="0" total="44040192" percent="0" />
    <remembered-set count="29856" freebytes="5917056" totalbytes="6036480" percent="98" regionsoverflowed="0" regionsstable="4" regionsrebuilding="0"/>
  </mem-info>
</gc-start>
<allocation-stats totalBytes="44017520" >
  <allocated-bytes non-tlh="0" tlh="44017520" arrayletleaf="0"/>
  <largest-consumer threadName="main" threadId="0000000001FF0F00" bytes="44017520" />
</allocation-stats>
<gc-op id="1153" type="copy forward" timems="12.973" contextid="1150" timestamp="2019-08-09T00:18:45.752">
  <memory-copied type="eden" objects="6" bytes="240" bytesdiscarded="0" />
  <memory-copied type="other" objects="131" bytes="4032" bytesdiscarded="1880" />
  <memory-cardclean objects="42" bytes="2056" />
  <regions eden="21" other="1" />
  <remembered-set-cleared processed="23384" cleared="39" durationms="0.488" />
  <stringconstants candidates="13783" cleared="0"  />
</gc-op>
<gc-op id="1154" type="classunload" timems="0.012" contextid="1150" timestamp="2019-08-09T00:18:45.753">
  <classunload-info classloadercandidates="55" classloadersunloaded="0" classesunloaded="0" anonymousclassesunloaded="0" quiescems="0.000" setupms="0.012" scanms="0.000" postms="0.000" />
</gc-op>
<heap-resize id="1155" type="expand" space="default" amount="12582912" count="1" timems="0.804" reason="excessive time being spent in gc" timestamp="2019-08-09T00:18:45.753" />
<gc-end id="1156" type="partial gc" contextid="1150" durationms="16.893" usertimems="50.356" systemtimems="0.000" timestamp="2019-08-09T00:18:45.754" activeThreads="16">
  <mem-info id="1157" free="98566144" total="163577856" percent="60">
    <mem type="eden" free="2096912" total="2097152" percent="99" />
    <remembered-set count="30752" freebytes="6416512" totalbytes="6539520" percent="98" regionsoverflowed="0" regionsstable="4" regionsrebuilding="0"/>
  </mem-info>
</gc-end>
<cycle-end id="1158" type="partial gc" contextid="1150" timestamp="2019-08-09T00:18:45.754" />
  <attribute name="elasticGC enabled" value="1" />
  <attribute name= "numThreadsSpecified" value="16" />
  <attribute name="heapSize specified" value="0" />
  <attribute name="Current GC Util" value="235" />
  <attribute name= "Current Time Running" value="135973" />
  <attribute name ="GC Interval" value="0" />
  <attribute name="Target GC Util Change" value ="80.000000" />
  <attribute name="Current GC Util Change" value="235.000000"/>
  <attribute name="Current Error" value="-112.000000" />
  <attribute name="Output H" value="151032720"/>
  <attribute name="Output I" value="1936"/>
  <attribute name="Output T" value="16"/>
  <attribute name= "Current Time Running" value="135973" />
  <attribute name="GC Util currently" value="235" />
  <attribute name="CPU Util currently" value="516087299015" />
<exclusive-end id="1159" timestamp="2019-08-09T00:18:45.754" durationms="17.584" />

<exclusive-start id="1160" timestamp="2019-08-09T00:18:45.825" intervalms="88.845">
  <response-info timems="0.047" idlems="0.047" threads="0" lastid="0000000001FF0F00" lastname="main" />
</exclusive-start>
<allocation-taxation id="1161" taxation-threshold="48234496" timestamp="2019-08-09T00:18:45.825" intervalms="88.850" />
<cycle-start id="1162" type="partial gc" contextid="0" timestamp="2019-08-09T00:18:45.825" intervalms="88.861" />
<gc-start id="1163" type="partial gc" contextid="1162" timestamp="2019-08-09T00:18:45.825">
  <mem-info id="1164" free="50331648" total="163577856" percent="30">
    <mem type="eden" free="2096912" total="50331648" percent="4" />
    <remembered-set count="30304" freebytes="6418304" totalbytes="6539520" percent="98" regionsoverflowed="0" regionsstable="4" regionsrebuilding="0"/>
  </mem-info>
</gc-start>
<allocation-stats totalBytes="48209504" >
  <allocated-bytes non-tlh="0" tlh="48209504" arrayletleaf="0"/>
  <largest-consumer threadName="main" threadId="0000000001FF0F00" bytes="48209504" />
</allocation-stats>
<gc-op id="1165" type="copy forward" timems="9.432" contextid="1162" timestamp="2019-08-09T00:18:45.836">
  <memory-copied type="eden" objects="6" bytes="256" bytesdiscarded="0" />
  <memory-copied type="other" objects="0" bytes="0" bytesdiscarded="0" />
  <memory-cardclean objects="16" bytes="528" />
  <regions eden="23" other="1" />
  <remembered-set-cleared processed="23390" cleared="9" durationms="0.250" />
  <stringconstants candidates="13783" cleared="0"  />
</gc-op>
<gc-op id="1166" type="classunload" timems="0.032" contextid="1162" timestamp="2019-08-09T00:18:45.836">
  <classunload-info classloadercandidates="55" classloadersunloaded="0" classesunloaded="0" anonymousclassesunloaded="0" quiescems="0.000" setupms="0.031" scanms="0.000" postms="0.000" />
</gc-op>
<gc-end id="1167" type="partial gc" contextid="1162" durationms="11.197" usertimems="31.614" systemtimems="0.000" timestamp="2019-08-09T00:18:45.837" activeThreads="16">
  <mem-info id="1168" free="98566144" total="163577856" percent="60">
    <mem type="eden" free="2096896" total="2097152" percent="99" />
    <remembered-set count="29920" freebytes="6419840" totalbytes="6539520" percent="98" regionsoverflowed="0" regionsstable="4" regionsrebuilding="0"/>
  </mem-info>
</gc-end>
<cycle-end id="1169" type="partial gc" contextid="1162" timestamp="2019-08-09T00:18:45.837" />
  <attribute name="elasticGC enabled" value="1" />
  <attribute name= "numThreadsSpecified" value="16" />
  <attribute name="heapSize specified" value="0" />
  <attribute name="Current GC Util" value="241" />
  <attribute name= "Current Time Running" value="136060" />
  <attribute name ="GC Interval" value="0" />
  <attribute name="Target GC Util Change" value ="80.000000" />
  <attribute name="Current GC Util Change" value="241.000000"/>
  <attribute name="Current Error" value="-229.000000" />
  <attribute name="Output H" value="163615568"/>
  <attribute name="Output I" value="1872"/>
  <attribute name="Output T" value="16"/>
  <attribute name= "Current Time Running" value="136060" />
  <attribute name="GC Util currently" value="241" />
  <attribute name="CPU Util currently" value="1114534675467" />
<exclusive-end id="1170" timestamp="2019-08-09T00:18:45.837" durationms="12.145" />

<exclusive-start id="1171" timestamp="2019-08-09T00:18:45.922" intervalms="96.592">
  <response-info timems="0.058" idlems="0.058" threads="0" lastid="0000000001FF0F00" lastname="main" />
</exclusive-start>
<allocation-taxation id="1172" taxation-threshold="48234496" timestamp="2019-08-09T00:18:45.922" intervalms="96.585" />
<cycle-start id="1173" type="partial gc" contextid="0" timestamp="2019-08-09T00:18:45.922" intervalms="96.600" />
<gc-start id="1174" type="partial gc" contextid="1173" timestamp="2019-08-09T00:18:45.922">
  <mem-info id="1175" free="50331648" total="163577856" percent="30">
    <mem type="eden" free="2096896" total="50331648" percent="4" />
    <remembered-set count="29920" freebytes="6419840" totalbytes="6539520" percent="98" regionsoverflowed="0" regionsstable="4" regionsrebuilding="0"/>
  </mem-info>
</gc-start>
<allocation-stats totalBytes="48209560" >
  <allocated-bytes non-tlh="0" tlh="48209560" arrayletleaf="0"/>
  <largest-consumer threadName="main" threadId="0000000001FF0F00" bytes="48209560" />
</allocation-stats>
<gc-op id="1176" type="copy forward" timems="14.467" contextid="1173" timestamp="2019-08-09T00:18:45.938">
  <memory-copied type="eden" objects="6" bytes="272" bytesdiscarded="0" />
  <memory-copied type="other" objects="0" bytes="0" bytesdiscarded="0" />
  <memory-cardclean objects="16" bytes="528" />
  <regions eden="23" other="1" />
  <remembered-set-cleared processed="23390" cleared="9" durationms="0.478" />
  <stringconstants candidates="13783" cleared="0"  />
</gc-op>
<gc-op id="1177" type="classunload" timems="0.011" contextid="1173" timestamp="2019-08-09T00:18:45.938">
  <classunload-info classloadercandidates="55" classloadersunloaded="0" classesunloaded="0" anonymousclassesunloaded="0" quiescems="0.000" setupms="0.011" scanms="0.000" postms="0.000" />
</gc-op>
<gc-end id="1178" type="partial gc" contextid="1173" durationms="15.993" usertimems="50.277" systemtimems="0.000" timestamp="2019-08-09T00:18:45.938" activeThreads="16">
  <mem-info id="1179" free="98566144" total="163577856" percent="60">
    <mem type="eden" free="2096880" total="2097152" percent="99" />
    <remembered-set count="29920" freebytes="6419840" totalbytes="6539520" percent="98" regionsoverflowed="0" regionsstable="4" regionsrebuilding="0"/>
  </mem-info>
</gc-end>
<cycle-end id="1180" type="partial gc" contextid="1173" timestamp="2019-08-09T00:18:45.938" />
  <attribute name="elasticGC enabled" value="1" />
  <attribute name= "numThreadsSpecified" value="16" />
  <attribute name="heapSize specified" value="0" />
  <attribute name="Current GC Util" value="153" />
  <attribute name= "Current Time Running" value="136156" />
  <attribute name ="GC Interval" value="0" />
  <attribute name="Target GC Util Change" value ="80.000000" />
  <attribute name="Current GC Util Change" value="153.000000"/>
  <attribute name="Current Error" value="-242.000000" />
  <attribute name="Output H" value="163615560"/>
  <attribute name="Output I" value="1864"/>
  <attribute name="Output T" value="16"/>
  <attribute name= "Current Time Running" value="136156" />
  <attribute name="GC Util currently" value="153" />
  <attribute name="CPU Util currently" value="1339346450332" />
<exclusive-end id="1181" timestamp="2019-08-09T00:18:45.938" durationms="16.673" />

<exclusive-start id="1182" timestamp="2019-08-09T00:18:46.005" intervalms="83.347">
  <response-info timems="0.049" idlems="0.049" threads="0" lastid="0000000001FF0F00" lastname="main" />
</exclusive-start>
<allocation-taxation id="1183" taxation-threshold="48234496" timestamp="2019-08-09T00:18:46.005" intervalms="83.349" />
<cycle-start id="1184" type="partial gc" contextid="0" timestamp="2019-08-09T00:18:46.005" intervalms="83.350" />
<gc-start id="1185" type="partial gc" contextid="1184" timestamp="2019-08-09T00:18:46.005">
  <mem-info id="1186" free="50331648" total="163577856" percent="30">
    <mem type="eden" free="2096880" total="50331648" percent="4" />
    <remembered-set count="29440" freebytes="6421760" totalbytes="6539520" percent="98" regionsoverflowed="0" regionsstable="4" regionsrebuilding="0"/>
  </mem-info>
</gc-start>
<allocation-stats totalBytes="48209584" >
  <allocated-bytes non-tlh="0" tlh="48209584" arrayletleaf="0"/>
  <largest-consumer threadName="main" threadId="0000000001FF0F00" bytes="48209584" />
</allocation-stats>
<gc-op id="1187" type="copy forward" timems="11.438" contextid="1184" timestamp="2019-08-09T00:18:46.019">
  <memory-copied type="eden" objects="5" bytes="256" bytesdiscarded="0" />
  <memory-copied type="other" objects="0" bytes="0" bytesdiscarded="0" />
  <memory-cardclean objects="16" bytes="528" />
  <regions eden="23" other="1" />
  <remembered-set-cleared processed="23390" cleared="9" durationms="0.277" />
  <stringconstants candidates="13783" cleared="0"  />
</gc-op>
<gc-op id="1188" type="classunload" timems="0.012" contextid="1184" timestamp="2019-08-09T00:18:46.019">
  <classunload-info classloadercandidates="55" classloadersunloaded="0" classesunloaded="0" anonymousclassesunloaded="0" quiescems="0.000" setupms="0.012" scanms="0.000" postms="0.000" />
</gc-op>
<gc-end id="1189" type="partial gc" contextid="1184" durationms="13.613" usertimems="42.910" systemtimems="0.000" timestamp="2019-08-09T00:18:46.019" activeThreads="16">
  <mem-info id="1190" free="98566144" total="163577856" percent="60">
    <mem type="eden" free="2096896" total="2097152" percent="99" />
    <remembered-set count="29920" freebytes="6419840" totalbytes="6539520" percent="98" regionsoverflowed="0" regionsstable="4" regionsrebuilding="0"/>
  </mem-info>
</gc-end>
<cycle-end id="1191" type="partial gc" contextid="1184" timestamp="2019-08-09T00:18:46.019" />
  <attribute name="elasticGC enabled" value="1" />
  <attribute name= "numThreadsSpecified" value="16" />
  <attribute name="heapSize specified" value="0" />
  <attribute name="Current GC Util" value="211" />
  <attribute name= "Current Time Running" value="136240" />
  <attribute name ="GC Interval" value="0" />
  <attribute name="Target GC Util Change" value ="80.000000" />
  <attribute name="Current GC Util Change" value="211.000000"/>
  <attribute name="Current Error" value="-94.000000" />
  <attribute name="Output H" value="163615648"/>
  <attribute name="Output I" value="1952"/>
  <attribute name="Output T" value="16"/>
  <attribute name= "Current Time Running" value="136240" />
  <attribute name="GC Util currently" value="211" />
  <attribute name="CPU Util currently" value="688551809629" />
<exclusive-end id="1192" timestamp="2019-08-09T00:18:46.019" durationms="14.191" />

<exclusive-start id="1193" timestamp="2019-08-09T00:18:46.090" intervalms="84.976">
  <response-info timems="0.048" idlems="0.048" threads="0" lastid="0000000001FF0F00" lastname="main" />
</exclusive-start>
<allocation-taxation id="1194" taxation-threshold="48234496" timestamp="2019-08-09T00:18:46.090" intervalms="85.019" />
<cycle-start id="1195" type="partial gc" contextid="0" timestamp="2019-08-09T00:18:46.090" intervalms="85.002" />
<gc-start id="1196" type="partial gc" contextid="1195" timestamp="2019-08-09T00:18:46.090">
  <mem-info id="1197" free="50331648" total="163577856" percent="30">
    <mem type="eden" free="2096896" total="50331648" percent="4" />
    <remembered-set count="29440" freebytes="6421760" totalbytes="6539520" percent="98" regionsoverflowed="0" regionsstable="4" regionsrebuilding="0"/>
  </mem-info>
</gc-start>
<allocation-stats totalBytes="48191928" >
  <allocated-bytes non-tlh="0" tlh="48191928" arrayletleaf="0"/>
  <largest-consumer threadName="main" threadId="0000000001FF0F00" bytes="48191928" />
</allocation-stats>
<gc-op id="1198" type="copy forward" timems="25.006" contextid="1195" timestamp="2019-08-09T00:18:46.118">
  <memory-copied type="eden" objects="29" bytes="1376" bytesdiscarded="0" />
  <memory-copied type="other" objects="0" bytes="0" bytesdiscarded="0" />
  <memory-cardclean objects="65" bytes="2576" />
  <regions eden="23" other="1" />
  <remembered-set-cleared processed="23390" cleared="27" durationms="0.702" />
  <stringconstants candidates="13783" cleared="0"  />
</gc-op>
<gc-op id="1199" type="classunload" timems="0.008" contextid="1195" timestamp="2019-08-09T00:18:46.118">
  <classunload-info classloadercandidates="55" classloadersunloaded="0" classesunloaded="0" anonymousclassesunloaded="0" quiescems="0.000" setupms="0.008" scanms="0.000" postms="0.000" />
</gc-op>
<gc-end id="1200" type="partial gc" contextid="1195" durationms="27.893" usertimems="63.506" systemtimems="0.000" timestamp="2019-08-09T00:18:46.118" activeThreads="16">
  <mem-info id="1201" free="98566144" total="163577856" percent="60">
    <mem type="eden" free="2095776" total="2097152" percent="99" />
    <remembered-set count="30816" freebytes="6416256" totalbytes="6539520" percent="98" regionsoverflowed="0" regionsstable="4" regionsrebuilding="0"/>
  </mem-info>
</gc-end>
<cycle-end id="1202" type="partial gc" contextid="1195" timestamp="2019-08-09T00:18:46.118" />
  <attribute name="elasticGC enabled" value="1" />
  <attribute name= "numThreadsSpecified" value="16" />
  <attribute name="heapSize specified" value="0" />
  <attribute name="Current GC Util" value="150" />
  <attribute name= "Current Time Running" value="136326" />
  <attribute name ="GC Interval" value="0" />
  <attribute name="Target GC Util Change" value ="80.000000" />
  <attribute name="Current GC Util Change" value="150.000000"/>
  <attribute name="Current Error" value="-118.000000" />
  <attribute name="Output H" value="163615632"/>
  <attribute name="Output I" value="1936"/>
  <attribute name="Output T" value="16"/>
  <attribute name= "Current Time Running" value="136326" />
  <attribute name="GC Util currently" value="150" />
  <attribute name="CPU Util currently" value="573061054386" />
<exclusive-end id="1203" timestamp="2019-08-09T00:18:46.119" durationms="28.646" />

<exclusive-start id="1204" timestamp="2019-08-09T00:18:46.199" intervalms="109.157">
  <response-info timems="0.098" idlems="0.098" threads="0" lastid="0000000001FF0F00" lastname="main" />
</exclusive-start>
<allocation-taxation id="1205" taxation-threshold="48234496" timestamp="2019-08-09T00:18:46.199" intervalms="109.122" />
<cycle-start id="1206" type="partial gc" contextid="0" timestamp="2019-08-09T00:18:46.199" intervalms="109.217" />
<gc-start id="1207" type="partial gc" contextid="1206" timestamp="2019-08-09T00:18:46.200">
  <mem-info id="1208" free="50331648" total="163577856" percent="30">
    <mem type="eden" free="0" total="48234496" percent="0" />
    <remembered-set count="30400" freebytes="6417920" totalbytes="6539520" percent="98" regionsoverflowed="0" regionsstable="4" regionsrebuilding="0"/>
  </mem-info>
</gc-start>
<allocation-stats totalBytes="48192760" >
  <allocated-bytes non-tlh="0" tlh="48192760" arrayletleaf="0"/>
  <largest-consumer threadName="main" threadId="0000000001FF0F00" bytes="48192760" />
</allocation-stats>
<gc-op id="1209" type="copy forward" timems="23.853" contextid="1206" timestamp="2019-08-09T00:18:46.227">
  <memory-copied type="eden" objects="43" bytes="1768" bytesdiscarded="0" />
  <memory-copied type="other" objects="12" bytes="560" bytesdiscarded="656" />
  <memory-cardclean objects="83" bytes="3160" />
  <regions eden="23" other="1" />
  <remembered-set-cleared processed="23399" cleared="40" durationms="0.233" />
  <stringconstants candidates="13783" cleared="0"  />
</gc-op>
<gc-op id="1210" type="classunload" timems="0.009" contextid="1206" timestamp="2019-08-09T00:18:46.227">
  <classunload-info classloadercandidates="55" classloadersunloaded="0" classesunloaded="0" anonymousclassesunloaded="0" quiescems="0.000" setupms="0.009" scanms="0.000" postms="0.000" />
</gc-op>
<heap-resize id="1211" type="expand" space="default" amount="4194304" count="1" timems="0.072" reason="excessive time being spent in gc" timestamp="2019-08-09T00:18:46.227" />
<gc-end id="1212" type="partial gc" contextid="1206" durationms="27.363" usertimems="59.029" systemtimems="0.000" timestamp="2019-08-09T00:18:46.227" activeThreads="16">
  <mem-info id="1213" free="100663296" total="167772160" percent="60">
    <mem type="eden" free="2095384" total="2097152" percent="99" />
    <remembered-set count="30272" freebytes="6586112" totalbytes="6707200" percent="98" regionsoverflowed="0" regionsstable="4" regionsrebuilding="0"/>
  </mem-info>
</gc-end>
<cycle-end id="1214" type="partial gc" contextid="1206" timestamp="2019-08-09T00:18:46.227" />
  <attribute name="elasticGC enabled" value="1" />
  <attribute name= "numThreadsSpecified" value="16" />
  <attribute name="heapSize specified" value="0" />
  <attribute name="Current GC Util" value="179" />
  <attribute name= "Current Time Running" value="136436" />
  <attribute name ="GC Interval" value="0" />
  <attribute name="Target GC Util Change" value ="80.000000" />
  <attribute name="Current GC Util Change" value="179.000000"/>
  <attribute name="Current Error" value="-171.000000" />
  <attribute name="Output H" value="163615600"/>
  <attribute name="Output I" value="1904"/>
  <attribute name="Output T" value="16"/>
  <attribute name= "Current Time Running" value="136436" />
  <attribute name="GC Util currently" value="179" />
  <attribute name="CPU Util currently" value="485759894392" />
<exclusive-end id="1215" timestamp="2019-08-09T00:18:46.227" durationms="28.212" />

<exclusive-start id="1216" timestamp="2019-08-09T00:18:46.487" intervalms="287.996">
  <response-info timems="0.626" idlems="0.626" threads="0" lastid="0000000001FF0F00" lastname="main" />
</exclusive-start>
<allocation-taxation id="1217" taxation-threshold="48234496" timestamp="2019-08-09T00:18:46.487" intervalms="288.053" />
<cycle-start id="1218" type="partial gc" contextid="0" timestamp="2019-08-09T00:18:46.487" intervalms="287.938" />
<gc-start id="1219" type="partial gc" contextid="1218" timestamp="2019-08-09T00:18:46.487">
  <mem-info id="1220" free="52428800" total="167772160" percent="31">
    <mem type="eden" free="0" total="48234496" percent="0" />
    <remembered-set count="29920" freebytes="6587520" totalbytes="6707200" percent="98" regionsoverflowed="0" regionsstable="4" regionsrebuilding="0"/>
  </mem-info>
</gc-start>
<allocation-stats totalBytes="48224192" >
  <allocated-bytes non-tlh="0" tlh="48224192" arrayletleaf="0"/>
  <largest-consumer threadName="main" threadId="0000000001FF0F00" bytes="48224192" />
</allocation-stats>
<gc-op id="1221" type="copy forward" timems="35.529" contextid="1218" timestamp="2019-08-09T00:18:46.527">
  <memory-copied type="eden" objects="25" bytes="1144" bytesdiscarded="0" />
  <memory-copied type="other" objects="18" bytes="584" bytesdiscarded="0" />
  <memory-cardclean objects="38" bytes="1816" />
  <regions eden="23" other="1" />
  <remembered-set-cleared processed="23405" cleared="30" durationms="0.267" />
  <stringconstants candidates="13783" cleared="0"  />
</gc-op>
<gc-op id="1222" type="classunload" timems="0.009" contextid="1218" timestamp="2019-08-09T00:18:46.527">
  <classunload-info classloadercandidates="55" classloadersunloaded="0" classesunloaded="0" anonymousclassesunloaded="0" quiescems="0.000" setupms="0.009" scanms="0.000" postms="0.000" />
</gc-op>
<heap-resize id="1223" type="expand" space="default" amount="6291456" count="1" timems="0.085" reason="excessive time being spent in gc" timestamp="2019-08-09T00:18:46.527" />
<gc-end id="1224" type="partial gc" contextid="1218" durationms="39.770" usertimems="66.460" systemtimems="0.000" timestamp="2019-08-09T00:18:46.527" activeThreads="16">
  <mem-info id="1225" free="104857600" total="174063616" percent="60">
    <mem type="eden" free="2096008" total="2097152" percent="99" />
    <remembered-set count="30880" freebytes="6835200" totalbytes="6958720" percent="98" regionsoverflowed="0" regionsstable="4" regionsrebuilding="0"/>
  </mem-info>
</gc-end>
<cycle-end id="1226" type="partial gc" contextid="1218" timestamp="2019-08-09T00:18:46.527" />
  <attribute name="elasticGC enabled" value="1" />
  <attribute name= "numThreadsSpecified" value="16" />
  <attribute name="heapSize specified" value="0" />
  <attribute name="Current GC Util" value="25" />
  <attribute name= "Current Time Running" value="136725" />
  <attribute name ="GC Interval" value="0" />
  <attribute name="Target GC Util Change" value ="80.000000" />
  <attribute name="Current GC Util Change" value="25.000000"/>
  <attribute name="Current Error" value="124.000000" />
  <attribute name="Output H" value="167810072"/>
  <attribute name="Output I" value="2072"/>
  <attribute name="Output T" value="16"/>
  <attribute name= "Current Time Running" value="136725" />
  <attribute name="GC Util currently" value="25" />
  <attribute name="CPU Util currently" value="425862856805" />
<exclusive-end id="1227" timestamp="2019-08-09T00:18:46.528" durationms="40.976" />

<exclusive-start id="1228" timestamp="2019-08-09T00:18:48.225" intervalms="1738.289">
  <response-info timems="0.048" idlems="0.048" threads="0" lastid="0000000001FF0F00" lastname="main" />
</exclusive-start>
<allocation-taxation id="1229" taxation-threshold="50331648" timestamp="2019-08-09T00:18:48.225" intervalms="1738.229" />
<cycle-start id="1230" type="partial gc" contextid="0" timestamp="2019-08-09T00:18:48.225" intervalms="1738.251" />
<gc-start id="1231" type="partial gc" contextid="1230" timestamp="2019-08-09T00:18:48.226">
  <mem-info id="1232" free="54525952" total="174063616" percent="31">
    <mem type="eden" free="2096008" total="52428800" percent="3" />
    <remembered-set count="30496" freebytes="6836736" totalbytes="6958720" percent="98" regionsoverflowed="0" regionsstable="4" regionsrebuilding="0"/>
  </mem-info>
</gc-start>
<allocation-stats totalBytes="49398288" >
  <allocated-bytes non-tlh="0" tlh="49398288" arrayletleaf="0"/>
  <largest-consumer threadName="main" threadId="0000000001FF0F00" bytes="49398288" />
</allocation-stats>
<gc-op id="1233" type="copy forward" timems="4.962" contextid="1230" timestamp="2019-08-09T00:18:48.232">
  <memory-copied type="eden" objects="104" bytes="39736" bytesdiscarded="720" />
  <memory-copied type="other" objects="0" bytes="0" bytesdiscarded="0" />
  <memory-cardclean objects="114" bytes="4608" />
  <regions eden="24" other="1" />
  <remembered-set-cleared processed="23411" cleared="43" durationms="0.265" />
  <stringconstants candidates="13783" cleared="0"  />
</gc-op>
<gc-op id="1234" type="classunload" timems="0.009" contextid="1230" timestamp="2019-08-09T00:18:48.232">
  <classunload-info classloadercandidates="55" classloadersunloaded="0" classesunloaded="0" anonymousclassesunloaded="0" quiescems="0.000" setupms="0.009" scanms="0.000" postms="0.000" />
</gc-op>
<gc-end id="1235" type="partial gc" contextid="1230" durationms="6.092" usertimems="19.269" systemtimems="0.000" timestamp="2019-08-09T00:18:48.232" activeThreads="16">
  <mem-info id="1236" free="104857600" total="174063616" percent="60">
    <mem type="eden" free="2056696" total="2097152" percent="98" />
    <remembered-set count="30336" freebytes="6837376" totalbytes="6958720" percent="98" regionsoverflowed="0" regionsstable="4" regionsrebuilding="0"/>
  </mem-info>
</gc-end>
<cycle-end id="1237" type="partial gc" contextid="1230" timestamp="2019-08-09T00:18:48.232" />
  <attribute name="elasticGC enabled" value="1" />
  <attribute name= "numThreadsSpecified" value="16" />
  <attribute name="heapSize specified" value="0" />
  <attribute name="Current GC Util" value="123" />
  <attribute name= "Current Time Running" value="138460" />
  <attribute name ="GC Interval" value="0" />
  <attribute name="Target GC Util Change" value ="80.000000" />
  <attribute name="Current GC Util Change" value="123.000000"/>
  <attribute name="Current Error" value="160.000000" />
  <attribute name="Output H" value="174101552"/>
  <attribute name="Output I" value="2096"/>
  <attribute name="Output T" value="16"/>
  <attribute name= "Current Time Running" value="138460" />
  <attribute name="GC Util currently" value="123" />
  <attribute name="CPU Util currently" value="2154127738270" />
<exclusive-end id="1238" timestamp="2019-08-09T00:18:48.232" durationms="6.680" />

<exclusive-start id="1239" timestamp="2019-08-09T00:18:48.270" intervalms="44.747">
  <response-info timems="0.340" idlems="0.340" threads="0" lastid="0000000001FF0F00" lastname="main" />
</exclusive-start>
<allocation-taxation id="1240" taxation-threshold="50331648" timestamp="2019-08-09T00:18:48.270" intervalms="44.767" />
<cycle-start id="1241" type="partial gc" contextid="0" timestamp="2019-08-09T00:18:48.271" intervalms="45.084" />
<gc-start id="1242" type="partial gc" contextid="1241" timestamp="2019-08-09T00:18:48.271">
  <mem-info id="1243" free="54525952" total="174063616" percent="31">
    <mem type="eden" free="0" total="50331648" percent="0" />
    <remembered-set count="29984" freebytes="6838784" totalbytes="6958720" percent="98" regionsoverflowed="0" regionsstable="4" regionsrebuilding="0"/>
  </mem-info>
</gc-start>
<allocation-stats totalBytes="47114488" >
  <allocated-bytes non-tlh="0" tlh="47114488" arrayletleaf="0"/>
  <largest-consumer threadName="main" threadId="0000000001FF0F00" bytes="47114488" />
</allocation-stats>
<gc-op id="1244" type="copy forward" timems="7.861" contextid="1241" timestamp="2019-08-09T00:18:48.280">
  <memory-copied type="eden" objects="12" bytes="20528" bytesdiscarded="0" />
  <memory-copied type="other" objects="92" bytes="3552" bytesdiscarded="720" />
  <memory-cardclean objects="72" bytes="3152" />
  <regions eden="24" other="1" />
  <remembered-set-cleared processed="23427" cleared="51" durationms="0.556" />
  <stringconstants candidates="13783" cleared="0"  />
</gc-op>
<gc-op id="1245" type="classunload" timems="0.008" contextid="1241" timestamp="2019-08-09T00:18:48.280">
  <classunload-info classloadercandidates="55" classloadersunloaded="0" classesunloaded="0" anonymousclassesunloaded="0" quiescems="0.000" setupms="0.008" scanms="0.000" postms="0.000" />
</gc-op>
<gc-end id="1246" type="partial gc" contextid="1241" durationms="9.358" usertimems="36.276" systemtimems="0.000" timestamp="2019-08-09T00:18:48.280" activeThreads="16">
  <mem-info id="1247" free="102760448" total="174063616" percent="59">
    <mem type="eden" free="2076624" total="2097152" percent="99" />
    <remembered-set count="30848" freebytes="6835328" totalbytes="6958720" percent="98" regionsoverflowed="0" regionsstable="4" regionsrebuilding="0"/>
  </mem-info>
</gc-end>
<cycle-end id="1248" type="partial gc" contextid="1241" timestamp="2019-08-09T00:18:48.281" />
  <attribute name="elasticGC enabled" value="1" />
  <attribute name= "numThreadsSpecified" value="16" />
  <attribute name="heapSize specified" value="0" />
  <attribute name="Current GC Util" value="96" />
  <attribute name= "Current Time Running" value="138506" />
  <attribute name ="GC Interval" value="0" />
  <attribute name="Target GC Util Change" value ="80.000000" />
  <attribute name="Current GC Util Change" value="96.000000"/>
  <attribute name="Current Error" value="197.000000" />
  <attribute name="Output H" value="174101576"/>
  <attribute name="Output I" value="2120"/>
  <attribute name="Output T" value="16"/>
  <attribute name= "Current Time Running" value="138506" />
  <attribute name="GC Util currently" value="96" />
  <attribute name="CPU Util currently" value="1374387536156" />
<exclusive-end id="1249" timestamp="2019-08-09T00:18:48.281" durationms="10.585" />

<exclusive-start id="1250" timestamp="2019-08-09T00:18:49.658" intervalms="1388.323">
  <response-info timems="0.087" idlems="0.087" threads="0" lastid="0000000001FF0F00" lastname="main" />
</exclusive-start>
<allocation-taxation id="1251" taxation-threshold="50331648" timestamp="2019-08-09T00:18:49.659" intervalms="1388.305" />
<cycle-start id="1252" type="partial gc" contextid="0" timestamp="2019-08-09T00:18:49.659" intervalms="1387.979" />
<gc-start id="1253" type="partial gc" contextid="1252" timestamp="2019-08-09T00:18:49.659">
  <mem-info id="1254" free="52428800" total="174063616" percent="30">
    <mem type="eden" free="2076624" total="52428800" percent="3" />
    <remembered-set count="30496" freebytes="6836736" totalbytes="6958720" percent="98" regionsoverflowed="0" regionsstable="4" regionsrebuilding="0"/>
  </mem-info>
</gc-start>
<allocation-stats totalBytes="50322816" >
  <allocated-bytes non-tlh="18240" tlh="50304576" arrayletleaf="0"/>
  <largest-consumer threadName="main" threadId="0000000001FF0F00" bytes="50322816" />
</allocation-stats>
<gc-op id="1255" type="copy forward" timems="5.825" contextid="1252" timestamp="2019-08-09T00:18:49.665">
  <memory-copied type="eden" objects="59" bytes="41528" bytesdiscarded="440" />
  <memory-copied type="other" objects="0" bytes="0" bytesdiscarded="0" />
  <memory-cardclean objects="121" bytes="4728" />
  <regions eden="24" other="1" />
  <remembered-set-cleared processed="23432" cleared="33" durationms="0.233" />
  <stringconstants candidates="13783" cleared="0"  />
</gc-op>
<gc-op id="1256" type="classunload" timems="0.009" contextid="1252" timestamp="2019-08-09T00:18:49.666">
  <classunload-info classloadercandidates="55" classloadersunloaded="0" classesunloaded="0" anonymousclassesunloaded="0" quiescems="0.000" setupms="0.009" scanms="0.000" postms="0.000" />
</gc-op>
<heap-resize id="1257" type="contract" space="default" amount="10485760" count="1" timems="0.384" reason="insufficient time being spent in gc" timestamp="2019-08-09T00:18:49.666" />
<gc-end id="1258" type="partial gc" contextid="1252" durationms="7.193" usertimems="19.829" systemtimems="0.000" timestamp="2019-08-09T00:18:49.666" activeThreads="16">
  <mem-info id="1259" free="92274688" total="163577856" percent="56">
    <mem type="eden" free="2055184" total="2097152" percent="97" />
    <remembered-set count="32192" freebytes="6829952" totalbytes="6958720" percent="98" regionsoverflowed="0" regionsstable="4" regionsrebuilding="0"/>
  </mem-info>
</gc-end>
<cycle-end id="1260" type="partial gc" contextid="1252" timestamp="2019-08-09T00:18:49.666" />
  <attribute name="elasticGC enabled" value="1" />
  <attribute name= "numThreadsSpecified" value="16" />
  <attribute name="heapSize specified" value="0" />
  <attribute name="Current GC Util" value="126" />
  <attribute name= "Current Time Running" value="139893" />
  <attribute name ="GC Interval" value="0" />
  <attribute name="Target GC Util Change" value ="80.000000" />
  <attribute name="Current GC Util Change" value="126.000000"/>
  <attribute name="Current Error" value="33.000000" />
  <attribute name="Output H" value="174101480"/>
  <attribute name="Output I" value="2024"/>
  <attribute name="Output T" value="16"/>
  <attribute name= "Current Time Running" value="139893" />
  <attribute name="GC Util currently" value="126" />
  <attribute name="CPU Util currently" value="2386077185935" />
<exclusive-end id="1261" timestamp="2019-08-09T00:18:49.666" durationms="7.964" />

<exclusive-start id="1262" timestamp="2019-08-09T00:18:50.060" intervalms="401.803">
  <response-info timems="0.062" idlems="0.062" threads="0" lastid="0000000001FF0F00" lastname="main" />
</exclusive-start>
<allocation-taxation id="1263" taxation-threshold="48234496" timestamp="2019-08-09T00:18:50.060" intervalms="401.799" />
<cycle-start id="1264" type="partial gc" contextid="0" timestamp="2019-08-09T00:18:50.060" intervalms="401.896" />
<gc-start id="1265" type="partial gc" contextid="1264" timestamp="2019-08-09T00:18:50.063">
  <mem-info id="1266" free="44040192" total="163577856" percent="26">
    <mem type="eden" free="0" total="48234496" percent="0" />
    <remembered-set count="31712" freebytes="6831872" totalbytes="6958720" percent="98" regionsoverflowed="0" regionsstable="4" regionsrebuilding="0"/>
  </mem-info>
</gc-start>
<allocation-stats totalBytes="48226576" >
  <allocated-bytes non-tlh="32" tlh="48226544" arrayletleaf="0"/>
  <largest-consumer threadName="main" threadId="0000000001FF0F00" bytes="48226576" />
</allocation-stats>
<gc-op id="1267" type="copy forward" timems="8.404" contextid="1264" timestamp="2019-08-09T00:18:50.073">
  <memory-copied type="eden" objects="47" bytes="1480" bytesdiscarded="0" />
  <memory-copied type="other" objects="47" bytes="41104" bytesdiscarded="464" />
  <memory-cardclean objects="107" bytes="4344" />
  <regions eden="23" other="1" />
  <remembered-set-cleared processed="23446" cleared="48" durationms="0.396" />
  <stringconstants candidates="13784" cleared="0"  />
</gc-op>
<gc-op id="1268" type="classunload" timems="0.008" contextid="1264" timestamp="2019-08-09T00:18:50.073">
  <classunload-info classloadercandidates="55" classloadersunloaded="0" classesunloaded="0" anonymousclassesunloaded="0" quiescems="0.000" setupms="0.007" scanms="0.000" postms="0.000" />
</gc-op>
<heap-resize id="1269" type="contract" space="default" amount="8388608" count="1" timems="0.268" reason="insufficient time being spent in gc" timestamp="2019-08-09T00:18:50.073" />
<gc-end id="1270" type="partial gc" contextid="1264" durationms="10.317" usertimems="38.146" systemtimems="0.000" timestamp="2019-08-09T00:18:50.073" activeThreads="16">
  <mem-info id="1271" free="81788928" total="155189248" percent="52">
    <mem type="eden" free="2095672" total="2097152" percent="99" />
    <remembered-set count="31168" freebytes="6414848" totalbytes="6539520" percent="98" regionsoverflowed="0" regionsstable="4" regionsrebuilding="0"/>
  </mem-info>
</gc-end>
<cycle-end id="1272" type="partial gc" contextid="1264" timestamp="2019-08-09T00:18:50.073" />
  <attribute name="elasticGC enabled" value="1" />
  <attribute name= "numThreadsSpecified" value="16" />
  <attribute name="heapSize specified" value="0" />
  <attribute name="Current GC Util" value="107" />
  <attribute name= "Current Time Running" value="140298" />
  <attribute name ="GC Interval" value="0" />
  <attribute name="Target GC Util Change" value ="80.000000" />
  <attribute name="Current GC Util Change" value="107.000000"/>
  <attribute name="Current Error" value="83.000000" />
  <attribute name="Output H" value="163615744"/>
  <attribute name="Output I" value="2048"/>
  <attribute name="Output T" value="16"/>
  <attribute name= "Current Time Running" value="140298" />
  <attribute name="GC Util currently" value="107" />
  <attribute name="CPU Util currently" value="1085937588908" />
<exclusive-end id="1273" timestamp="2019-08-09T00:18:50.074" durationms="13.354" />

<exclusive-start id="1274" timestamp="2019-08-09T00:18:50.590" intervalms="529.483">
  <response-info timems="0.082" idlems="0.082" threads="0" lastid="0000000001FF0F00" lastname="main" />
</exclusive-start>
<allocation-taxation id="1275" taxation-threshold="46137344" timestamp="2019-08-09T00:18:50.590" intervalms="529.485" />
<cycle-start id="1276" type="partial gc" contextid="0" timestamp="2019-08-09T00:18:50.590" intervalms="529.436" />
<gc-start id="1277" type="partial gc" contextid="1276" timestamp="2019-08-09T00:18:50.590">
  <mem-info id="1278" free="35651584" total="155189248" percent="22">
    <mem type="eden" free="0" total="46137344" percent="0" />
    <remembered-set count="30752" freebytes="6416512" totalbytes="6539520" percent="98" regionsoverflowed="0" regionsstable="4" regionsrebuilding="0"/>
  </mem-info>
</gc-start>
<allocation-stats totalBytes="46120216" >
  <allocated-bytes non-tlh="0" tlh="46120216" arrayletleaf="0"/>
  <largest-consumer threadName="main" threadId="0000000001FF0F00" bytes="46120216" />
</allocation-stats>
<gc-op id="1279" type="copy forward" timems="20.502" contextid="1276" timestamp="2019-08-09T00:18:50.615">
  <memory-copied type="eden" objects="34" bytes="1304" bytesdiscarded="600" />
  <memory-copied type="other" objects="9" bytes="192" bytesdiscarded="608" />
  <memory-cardclean objects="65" bytes="2648" />
  <regions eden="22" other="1" />
  <remembered-set-cleared processed="23459" cleared="34" durationms="0.555" />
  <stringconstants candidates="13784" cleared="0"  />
</gc-op>
<gc-op id="1280" type="classunload" timems="0.013" contextid="1276" timestamp="2019-08-09T00:18:50.615">
  <classunload-info classloadercandidates="55" classloadersunloaded="0" classesunloaded="0" anonymousclassesunloaded="0" quiescems="0.000" setupms="0.012" scanms="0.000" postms="0.000" />
</gc-op>
<heap-resize id="1281" type="contract" space="default" amount="8388608" count="1" timems="0.193" reason="insufficient time being spent in gc" timestamp="2019-08-09T00:18:50.615" />
<gc-end id="1282" type="partial gc" contextid="1276" durationms="24.942" usertimems="59.532" systemtimems="0.000" timestamp="2019-08-09T00:18:50.615" activeThreads="16">
  <mem-info id="1283" free="71303168" total="146800640" percent="48">
    <mem type="eden" free="2095248" total="2097152" percent="99" />
    <remembered-set count="31872" freebytes="6076672" totalbytes="6204160" percent="97" regionsoverflowed="0" regionsstable="4" regionsrebuilding="0"/>
  </mem-info>
</gc-end>
<cycle-end id="1284" type="partial gc" contextid="1276" timestamp="2019-08-09T00:18:50.616" />
  <attribute name="elasticGC enabled" value="1" />
  <attribute name= "numThreadsSpecified" value="16" />
  <attribute name="heapSize specified" value="0" />
  <attribute name="Current GC Util" value="122" />
  <attribute name= "Current Time Running" value="140827" />
  <attribute name ="GC Interval" value="0" />
  <attribute name="Target GC Util Change" value ="80.000000" />
  <attribute name="Current GC Util Change" value="122.000000"/>
  <attribute name="Current Error" value="117.000000" />
  <attribute name="Output H" value="155227160"/>
  <attribute name="Output I" value="2072"/>
  <attribute name="Output T" value="16"/>
  <attribute name= "Current Time Running" value="140827" />
  <attribute name="GC Util currently" value="122" />
  <attribute name="CPU Util currently" value="339231841210" />
<exclusive-end id="1285" timestamp="2019-08-09T00:18:50.616" durationms="25.957" />

<exclusive-start id="1286" timestamp="2019-08-09T00:18:51.064" intervalms="473.926">
  <response-info timems="0.063" idlems="0.063" threads="0" lastid="0000000001FF0F00" lastname="main" />
</exclusive-start>
<allocation-taxation id="1287" taxation-threshold="44040192" timestamp="2019-08-09T00:18:51.064" intervalms="473.927" />
<cycle-start id="1288" type="partial gc" contextid="0" timestamp="2019-08-09T00:18:51.064" intervalms="473.887" />
<gc-start id="1289" type="partial gc" contextid="1288" timestamp="2019-08-09T00:18:51.064">
  <mem-info id="1290" free="27262976" total="146800640" percent="18">
    <mem type="eden" free="0" total="44040192" percent="0" />
    <remembered-set count="31424" freebytes="6078464" totalbytes="6204160" percent="97" regionsoverflowed="0" regionsstable="4" regionsrebuilding="0"/>
  </mem-info>
</gc-start>
<allocation-stats totalBytes="44034176" >
  <allocated-bytes non-tlh="0" tlh="44034176" arrayletleaf="0"/>
  <largest-consumer threadName="main" threadId="0000000001FF0F00" bytes="44034176" />
</allocation-stats>
<gc-op id="1291" type="copy forward" timems="7.528" contextid="1288" timestamp="2019-08-09T00:18:51.073">
  <memory-copied type="eden" objects="35" bytes="1024" bytesdiscarded="0" />
  <memory-copied type="other" objects="8" bytes="208" bytesdiscarded="0" />
  <memory-cardclean objects="75" bytes="2912" />
  <regions eden="21" other="1" />
  <remembered-set-cleared processed="23467" cleared="36" durationms="0.504" />
  <stringconstants candidates="13784" cleared="0"  />
</gc-op>
<gc-op id="1292" type="classunload" timems="0.012" contextid="1288" timestamp="2019-08-09T00:18:51.073">
  <classunload-info classloadercandidates="55" classloadersunloaded="0" classesunloaded="0" anonymousclassesunloaded="0" quiescems="0.000" setupms="0.010" scanms="0.000" postms="0.000" />
</gc-op>
<heap-resize id="1293" type="contract" space="default" amount="8388608" count="1" timems="0.228" reason="insufficient time being spent in gc" timestamp="2019-08-09T00:18:51.074" />
<gc-end id="1294" type="partial gc" contextid="1288" durationms="9.572" usertimems="28.643" systemtimems="0.000" timestamp="2019-08-09T00:18:51.074" activeThreads="16">
  <mem-info id="1295" free="60817408" total="138412032" percent="43">
    <mem type="eden" free="2096128" total="2097152" percent="99" />
    <remembered-set count="30880" freebytes="5745280" totalbytes="5868800" percent="97" regionsoverflowed="0" regionsstable="4" regionsrebuilding="0"/>
  </mem-info>
</gc-end>
<cycle-end id="1296" type="partial gc" contextid="1288" timestamp="2019-08-09T00:18:51.074" />
  <attribute name="elasticGC enabled" value="1" />
  <attribute name= "numThreadsSpecified" value="16" />
  <attribute name="heapSize specified" value="0" />
  <attribute name="Current GC Util" value="65" />
  <attribute name= "Current Time Running" value="141299" />
  <attribute name ="GC Interval" value="0" />
  <attribute name="Target GC Util Change" value ="80.000000" />
  <attribute name="Current GC Util Change" value="65.000000"/>
  <attribute name="Current Error" value="89.000000" />
  <attribute name="Output H" value="146838536"/>
  <attribute name="Output I" value="2056"/>
  <attribute name="Output T" value="16"/>
  <attribute name= "Current Time Running" value="141299" />
  <attribute name="GC Util currently" value="65" />
  <attribute name="CPU Util currently" value="1026785041564" />
<exclusive-end id="1297" timestamp="2019-08-09T00:18:51.074" durationms="10.249" />

<exclusive-start id="1298" timestamp="2019-08-09T00:18:51.159" intervalms="95.036">
  <response-info timems="0.069" idlems="0.069" threads="0" lastid="0000000001FF0F00" lastname="main" />
</exclusive-start>
<allocation-taxation id="1299" taxation-threshold="20971520" timestamp="2019-08-09T00:18:51.159" intervalms="95.034" />
<cycle-start id="1300" type="global mark phase" contextid="0" timestamp="2019-08-09T00:18:51.159" intervalms="13272.472" />
<gc-start id="1301" type="global mark phase" contextid="1300" timestamp="2019-08-09T00:18:51.159">
  <mem-info id="1302" free="39845888" total="138412032" percent="28">
    <remembered-set count="30496" freebytes="5746816" totalbytes="5868800" percent="97" regionsoverflowed="0" regionsstable="4" regionsrebuilding="0"/>
  </mem-info>
</gc-start>
<gc-op id="1303" type="mark increment" timems="4.619" contextid="1300" timestamp="2019-08-09T00:18:51.164">
  <trace-info objectcount="230" scancount="0" scanbytes="0" />
</gc-op>
<gc-end id="1304" type="global mark phase" contextid="1300" durationms="4.769" usertimems="12.743" systemtimems="0.000" timestamp="2019-08-09T00:18:51.164" activeThreads="16">
  <mem-info id="1305" free="39845888" total="138412032" percent="28">
    <remembered-set count="30496" freebytes="5746816" totalbytes="5868800" percent="97" regionsoverflowed="0" regionsstable="0" regionsrebuilding="4"/>
  </mem-info>
</gc-end>
<concurrent-start id="1306" type="GMP work packet processing" contextid="1300" timestamp="2019-08-09T00:18:51.164">
  <concurrent-mark-start scanTarget="7542291" />
</concurrent-start>
<exclusive-end id="1307" timestamp="2019-08-09T00:18:51.164" durationms="5.524" />

<concurrent-end id="1308" type="GMP work packet processing" contextid="1300" timestamp="2019-08-09T00:18:51.181">
  <concurrent-mark-end bytesScanned="7737012" reasonForTermination="Work target met" />
</concurrent-end>

<exclusive-start id="1309" timestamp="2019-08-09T00:18:51.244" intervalms="85.054">
  <response-info timems="0.060" idlems="0.060" threads="0" lastid="0000000001FF0F00" lastname="main" />
</exclusive-start>
<allocation-taxation id="1310" taxation-threshold="20971520" timestamp="2019-08-09T00:18:51.244" intervalms="85.060" />
<cycle-start id="1311" type="partial gc" contextid="0" timestamp="2019-08-09T00:18:51.244" intervalms="180.114" />
<gc-start id="1312" type="partial gc" contextid="1311" timestamp="2019-08-09T00:18:51.244">
  <mem-info id="1313" free="18874368" total="138412032" percent="13">
    <mem type="eden" free="0" total="41943040" percent="0" />
    <remembered-set count="44896" freebytes="5689216" totalbytes="5868800" percent="96" regionsoverflowed="0" regionsstable="0" regionsrebuilding="4"/>
  </mem-info>
</gc-start>
<allocation-stats totalBytes="41937680" >
  <allocated-bytes non-tlh="0" tlh="41937680" arrayletleaf="0"/>
  <largest-consumer threadName="main" threadId="0000000001FF0F00" bytes="20967920" />
</allocation-stats>
<gc-op id="1314" type="copy forward" timems="9.901" contextid="1311" timestamp="2019-08-09T00:18:51.256">
  <memory-copied type="eden" objects="32" bytes="1016" bytesdiscarded="0" />
  <memory-copied type="other" objects="14" bytes="320" bytesdiscarded="0" />
  <memory-cardclean objects="54" bytes="2144" />
  <regions eden="20" other="1" />
  <remembered-set-cleared processed="33781" cleared="31" durationms="0.253" />
  <stringconstants candidates="13784" cleared="0"  />
</gc-op>
<gc-op id="1315" type="classunload" timems="0.013" contextid="1311" timestamp="2019-08-09T00:18:51.256">
  <classunload-info classloadercandidates="55" classloadersunloaded="0" classesunloaded="0" anonymousclassesunloaded="0" quiescems="0.000" setupms="0.012" scanms="0.000" postms="0.000" />
</gc-op>
<gc-end id="1316" type="partial gc" contextid="1311" durationms="11.873" usertimems="29.180" systemtimems="0.000" timestamp="2019-08-09T00:18:51.256" activeThreads="16">
  <mem-info id="1317" free="58720256" total="138412032" percent="42">
    <mem type="eden" free="2096136" total="2097152" percent="99" />
    <remembered-set count="42688" freebytes="5362688" totalbytes="5533440" percent="96" regionsoverflowed="0" regionsstable="0" regionsrebuilding="4"/>
  </mem-info>
</gc-end>
<cycle-end id="1318" type="partial gc" contextid="1311" timestamp="2019-08-09T00:18:51.256" />
  <attribute name="elasticGC enabled" value="1" />
  <attribute name= "numThreadsSpecified" value="16" />
  <attribute name="heapSize specified" value="0" />
  <attribute name="Current GC Util" value="107" />
  <attribute name= "Current Time Running" value="141479" />
  <attribute name ="GC Interval" value="0" />
  <attribute name="Target GC Util Change" value ="80.000000" />
  <attribute name="Current GC Util Change" value="107.000000"/>
  <attribute name="Current Error" value="4.000000" />
  <attribute name="Output H" value="138449880"/>
  <attribute name="Output I" value="2008"/>
  <attribute name="Output T" value="16"/>
  <attribute name= "Current Time Running" value="141479" />
  <attribute name="GC Util currently" value="107" />
  <attribute name="CPU Util currently" value="844618124133" />
<exclusive-end id="1319" timestamp="2019-08-09T00:18:51.256" durationms="12.671" />

<exclusive-start id="1320" timestamp="2019-08-09T00:18:51.316" intervalms="71.867">
  <response-info timems="0.048" idlems="0.048" threads="0" lastid="0000000001FF0F00" lastname="main" />
</exclusive-start>
<allocation-taxation id="1321" taxation-threshold="20971520" timestamp="2019-08-09T00:18:51.316" intervalms="71.856" />
<gc-start id="1322" type="global mark phase" contextid="1300" timestamp="2019-08-09T00:18:51.316">
  <mem-info id="1323" free="37748736" total="138412032" percent="27">
    <remembered-set count="42272" freebytes="5364352" totalbytes="5533440" percent="96" regionsoverflowed="0" regionsstable="0" regionsrebuilding="4"/>
  </mem-info>
</gc-start>
<gc-end id="1324" type="global mark phase" contextid="1300" durationms="0.033" usertimems="0.029" systemtimems="0.000" timestamp="2019-08-09T00:18:51.316" activeThreads="16">
  <mem-info id="1325" free="37748736" total="138412032" percent="27">
    <remembered-set count="42272" freebytes="5364352" totalbytes="5533440" percent="96" regionsoverflowed="0" regionsstable="0" regionsrebuilding="4"/>
  </mem-info>
</gc-end>
<concurrent-start id="1326" type="GMP work packet processing" contextid="1300" timestamp="2019-08-09T00:18:51.316">
  <concurrent-mark-start scanTarget="5656718" />
</concurrent-start>
<exclusive-end id="1327" timestamp="2019-08-09T00:18:51.316" durationms="0.689" />

<concurrent-end id="1328" type="GMP work packet processing" contextid="1300" timestamp="2019-08-09T00:18:51.321">
  <concurrent-mark-end bytesScanned="5763564" reasonForTermination="Work target met" />
</concurrent-end>

<exclusive-start id="1329" timestamp="2019-08-09T00:18:51.470" intervalms="154.793">
  <response-info timems="0.019" idlems="0.019" threads="0" lastid="0000000001FF0F00" lastname="main" />
</exclusive-start>
<allocation-taxation id="1330" taxation-threshold="20971520" timestamp="2019-08-09T00:18:51.470" intervalms="154.795" />
<cycle-start id="1331" type="partial gc" contextid="0" timestamp="2019-08-09T00:18:51.471" intervalms="226.666" />
<gc-start id="1332" type="partial gc" contextid="1331" timestamp="2019-08-09T00:18:51.471">
  <mem-info id="1333" free="16777216" total="138412032" percent="12">
    <mem type="eden" free="0" total="41943040" percent="0" />
    <remembered-set count="49568" freebytes="5335168" totalbytes="5533440" percent="96" regionsoverflowed="0" regionsstable="0" regionsrebuilding="4"/>
  </mem-info>
</gc-start>
<allocation-stats totalBytes="41938744" >
  <allocated-bytes non-tlh="0" tlh="41938744" arrayletleaf="0"/>
  <largest-consumer threadName="main" threadId="0000000001FF0F00" bytes="20970104" />
</allocation-stats>
<gc-op id="1334" type="copy forward" timems="10.366" contextid="1331" timestamp="2019-08-09T00:18:51.483">
  <memory-copied type="eden" objects="22" bytes="696" bytesdiscarded="0" />
  <memory-copied type="other" objects="7" bytes="160" bytesdiscarded="0" />
  <memory-cardclean objects="86" bytes="3528" />
  <regions eden="20" other="1" />
  <remembered-set-cleared processed="39159" cleared="50" durationms="0.187" />
  <stringconstants candidates="13784" cleared="0"  />
</gc-op>
<gc-op id="1335" type="classunload" timems="0.012" contextid="1331" timestamp="2019-08-09T00:18:51.483">
  <classunload-info classloadercandidates="55" classloadersunloaded="0" classesunloaded="0" anonymousclassesunloaded="0" quiescems="0.000" setupms="0.012" scanms="0.000" postms="0.000" />
</gc-op>
<gc-end id="1336" type="partial gc" contextid="1331" durationms="12.675" usertimems="29.049" systemtimems="0.000" timestamp="2019-08-09T00:18:51.484" activeThreads="16">
  <mem-info id="1337" free="56623104" total="138412032" percent="40">
    <mem type="eden" free="2096456" total="2097152" percent="99" />
    <remembered-set count="47776" freebytes="5342336" totalbytes="5533440" percent="96" regionsoverflowed="0" regionsstable="0" regionsrebuilding="4"/>
  </mem-info>
</gc-end>
<cycle-end id="1338" type="partial gc" contextid="1331" timestamp="2019-08-09T00:18:51.484" />
  <attribute name="elasticGC enabled" value="1" />
  <attribute name= "numThreadsSpecified" value="16" />
  <attribute name="heapSize specified" value="0" />
  <attribute name="Current GC Util" value="221" />
  <attribute name= "Current Time Running" value="141706" />
  <attribute name ="GC Interval" value="0" />
  <attribute name="Target GC Util Change" value ="80.000000" />
  <attribute name="Current GC Util Change" value="221.000000"/>
  <attribute name="Current Error" value="-25.000000" />
  <attribute name="Output H" value="138449864"/>
  <attribute name="Output I" value="1992"/>
  <attribute name="Output T" value="16"/>
  <attribute name= "Current Time Running" value="141706" />
  <attribute name="GC Util currently" value="221" />
  <attribute name="CPU Util currently" value="679424857513" />
<exclusive-end id="1339" timestamp="2019-08-09T00:18:51.484" durationms="13.572" />

<exclusive-start id="1340" timestamp="2019-08-09T00:18:51.740" intervalms="269.117">
  <response-info timems="0.047" idlems="0.047" threads="0" lastid="0000000001FF0F00" lastname="main" />
</exclusive-start>
<allocation-taxation id="1341" taxation-threshold="20971520" timestamp="2019-08-09T00:18:51.740" intervalms="269.115" />
<gc-start id="1342" type="global mark phase" contextid="1300" timestamp="2019-08-09T00:18:51.740">
  <mem-info id="1343" free="35651584" total="138412032" percent="25">
    <remembered-set count="47392" freebytes="5343872" totalbytes="5533440" percent="96" regionsoverflowed="0" regionsstable="0" regionsrebuilding="4"/>
  </mem-info>
</gc-start>
<gc-end id="1344" type="global mark phase" contextid="1300" durationms="0.024" usertimems="0.022" systemtimems="0.000" timestamp="2019-08-09T00:18:51.740" activeThreads="16">
  <mem-info id="1345" free="35651584" total="138412032" percent="25">
    <remembered-set count="47392" freebytes="5343872" totalbytes="5533440" percent="96" regionsoverflowed="0" regionsstable="0" regionsrebuilding="4"/>
  </mem-info>
</gc-end>
<concurrent-start id="1346" type="GMP work packet processing" contextid="1300" timestamp="2019-08-09T00:18:51.740">
  <concurrent-mark-start scanTarget="5656718" />
</concurrent-start>
<exclusive-end id="1347" timestamp="2019-08-09T00:18:51.740" durationms="0.749" />

<concurrent-end id="1348" type="GMP work packet processing" contextid="1300" timestamp="2019-08-09T00:18:51.742">
  <concurrent-mark-end bytesScanned="150080" reasonForTermination="Completed all work in GC phase" />
</concurrent-end>

<exclusive-start id="1349" timestamp="2019-08-09T00:18:52.439" intervalms="699.352">
  <response-info timems="0.218" idlems="0.218" threads="0" lastid="0000000001FF0F00" lastname="main" />
</exclusive-start>
<allocation-taxation id="1350" taxation-threshold="20971520" timestamp="2019-08-09T00:18:52.439" intervalms="699.355" />
<cycle-start id="1351" type="partial gc" contextid="0" timestamp="2019-08-09T00:18:52.439" intervalms="968.444" />
<gc-start id="1352" type="partial gc" contextid="1351" timestamp="2019-08-09T00:18:52.439">
  <mem-info id="1353" free="14680064" total="138412032" percent="10">
    <mem type="eden" free="0" total="41943040" percent="0" />
    <remembered-set count="48160" freebytes="5340800" totalbytes="5533440" percent="96" regionsoverflowed="0" regionsstable="0" regionsrebuilding="4"/>
  </mem-info>
</gc-start>
<allocation-stats totalBytes="41940840" >
  <allocated-bytes non-tlh="0" tlh="41940840" arrayletleaf="0"/>
  <largest-consumer threadName="main" threadId="0000000001FF0F00" bytes="20970248" />
</allocation-stats>
<gc-op id="1354" type="copy forward" timems="12.090" contextid="1351" timestamp="2019-08-09T00:18:52.454">
  <memory-copied type="eden" objects="27" bytes="784" bytesdiscarded="0" />
  <memory-copied type="other" objects="7" bytes="160" bytesdiscarded="0" />
  <memory-cardclean objects="49" bytes="2048" />
  <regions eden="20" other="1" />
  <remembered-set-cleared processed="39384" cleared="19" durationms="0.306" />
  <stringconstants candidates="13784" cleared="0"  />
</gc-op>
<gc-op id="1355" type="classunload" timems="0.039" contextid="1351" timestamp="2019-08-09T00:18:52.454">
  <classunload-info classloadercandidates="55" classloadersunloaded="0" classesunloaded="0" anonymousclassesunloaded="0" quiescems="0.000" setupms="0.039" scanms="0.000" postms="0.000" />
</gc-op>
<heap-resize id="1356" type="contract" space="default" amount="8388608" count="1" timems="0.471" reason="insufficient time being spent in gc" timestamp="2019-08-09T00:18:52.455" />
<gc-end id="1357" type="partial gc" contextid="1351" durationms="15.425" usertimems="51.590" systemtimems="0.000" timestamp="2019-08-09T00:18:52.455" activeThreads="16">
  <mem-info id="1358" free="46137344" total="130023424" percent="35">
    <mem type="eden" free="2096368" total="2097152" percent="99" />
    <remembered-set count="48160" freebytes="5340800" totalbytes="5533440" percent="96" regionsoverflowed="0" regionsstable="0" regionsrebuilding="4"/>
  </mem-info>
</gc-end>
<cycle-end id="1359" type="partial gc" contextid="1351" timestamp="2019-08-09T00:18:52.455" />
  <attribute name="elasticGC enabled" value="1" />
  <attribute name= "numThreadsSpecified" value="16" />
  <attribute name="heapSize specified" value="0" />
  <attribute name="Current GC Util" value="167" />
  <attribute name= "Current Time Running" value="142675" />
  <attribute name ="GC Interval" value="0" />
  <attribute name="Target GC Util Change" value ="80.000000" />
  <attribute name="Current GC Util Change" value="167.000000"/>
  <attribute name="Current Error" value="-7.000000" />
  <attribute name="Output H" value="138449872"/>
  <attribute name="Output I" value="2000"/>
  <attribute name="Output T" value="16"/>
  <attribute name= "Current Time Running" value="142675" />
  <attribute name="GC Util currently" value="167" />
  <attribute name="CPU Util currently" value="561015695389" />
<exclusive-end id="1360" timestamp="2019-08-09T00:18:52.455" durationms="16.205" />

<exclusive-start id="1361" timestamp="2019-08-09T00:18:54.159" intervalms="1720.271">
  <response-info timems="0.211" idlems="0.211" threads="0" lastid="0000000001FF0F00" lastname="main" />
</exclusive-start>
<allocation-taxation id="1362" taxation-threshold="18874368" timestamp="2019-08-09T00:18:54.159" intervalms="1720.273" />
<gc-start id="1363" type="global mark phase" contextid="1300" timestamp="2019-08-09T00:18:54.159">
  <mem-info id="1364" free="27262976" total="130023424" percent="20">
    <remembered-set count="47712" freebytes="5342592" totalbytes="5533440" percent="96" regionsoverflowed="0" regionsstable="0" regionsrebuilding="4"/>
  </mem-info>
</gc-start>
<gc-op id="1365" type="mark increment" timems="9.440" contextid="1300" timestamp="2019-08-09T00:18:54.169">
  <trace-info objectcount="92" scancount="83" scanbytes="2196" />
  <cardclean-info objects="143" bytes="13636" />
  <finalization candidates="81" enqueued="1" />
  <ownableSynchronizers candidates="21" cleared="0" />
  <references type="soft" candidates="4844" cleared="0" enqueued="0" dynamicThreshold="11" maxThreshold="32" />
  <references type="weak" candidates="5654" cleared="55" enqueued="50" />
  <references type="phantom" candidates="98" cleared="0" enqueued="0" />
  <stringconstants candidates="13784" cleared="14"  />
</gc-op>
<gc-op id="1366" type="classunload" timems="0.613" contextid="1300" timestamp="2019-08-09T00:18:54.169">
  <classunload-info classloadercandidates="55" classloadersunloaded="1" classesunloaded="1" anonymousclassesunloaded="0" quiescems="0.000" setupms="0.591" scanms="0.016" postms="0.006" />
</gc-op>
<gc-end id="1367" type="global mark phase" contextid="1300" durationms="10.219" usertimems="21.146" systemtimems="0.000" timestamp="2019-08-09T00:18:54.170" activeThreads="16">
  <mem-info id="1368" free="27262976" total="130023424" percent="20">
    <pending-finalizers system="0" default="1" reference="50" classloader="0" />
    <remembered-set count="48736" freebytes="5338496" totalbytes="5533440" percent="96" regionsoverflowed="0" regionsstable="0" regionsrebuilding="0"/>
  </mem-info>
</gc-end>
<cycle-end id="1369" type="global mark phase" contextid="1300" timestamp="2019-08-09T00:18:54.170" />
  <attribute name="elasticGC enabled" value="1" />
  <attribute name= "numThreadsSpecified" value="16" />
  <attribute name="heapSize specified" value="0" />
  <attribute name="Current GC Util" value="189" />
  <attribute name= "Current Time Running" value="144397" />
  <attribute name ="GC Interval" value="0" />
  <attribute name="Target GC Util Change" value ="80.000000" />
  <attribute name="Current GC Util Change" value="189.000000"/>
  <attribute name="Current Error" value="-180.000000" />
  <attribute name="Output H" value="130061168"/>
  <attribute name="Output I" value="1904"/>
  <attribute name="Output T" value="16"/>
  <attribute name= "Current Time Running" value="144397" />
  <attribute name="GC Util currently" value="189" />
  <attribute name="CPU Util currently" value="562027314369" />
<exclusive-end id="1370" timestamp="2019-08-09T00:18:54.170" durationms="10.650" />

<exclusive-start id="1371" timestamp="2019-08-09T00:18:54.242" intervalms="82.533">
  <response-info timems="0.145" idlems="0.145" threads="0" lastid="0000000001FF0F00" lastname="main" />
</exclusive-start>
<allocation-taxation id="1372" taxation-threshold="18874368" timestamp="2019-08-09T00:18:54.242" intervalms="82.607" />
<cycle-start id="1373" type="partial gc" contextid="0" timestamp="2019-08-09T00:18:54.242" intervalms="1802.881" />
<gc-start id="1374" type="partial gc" contextid="1373" timestamp="2019-08-09T00:18:54.242">
  <mem-info id="1375" free="8388608" total="130023424" percent="6">
    <mem type="eden" free="0" total="37748736" percent="0" />
    <remembered-set count="47456" freebytes="5343616" totalbytes="5533440" percent="96" regionsoverflowed="0" regionsstable="1" regionsrebuilding="0"/>
  </mem-info>
</gc-start>
<allocation-stats totalBytes="37746296" >
  <allocated-bytes non-tlh="0" tlh="37746296" arrayletleaf="0"/>
  <largest-consumer threadName="main" threadId="0000000001FF0F00" bytes="18864896" />
</allocation-stats>
<gc-op id="1376" type="sweep" timems="3.959" contextid="1373" timestamp="2019-08-09T00:18:54.246" />
<gc-op id="1377" type="copy forward" timems="7.337" contextid="1373" timestamp="2019-08-09T00:18:54.255">
  <memory-copied type="eden" objects="5" bytes="616" bytesdiscarded="0" />
  <memory-copied type="other" objects="55" bytes="1440" bytesdiscarded="104" />
  <memory-cardclean objects="122" bytes="14976" />
  <regions eden="9" other="4" />
  <remembered-set-cleared processed="38539" cleared="66" durationms="0.224" />
  <references type="weak" candidates="2" cleared="0" enqueued="0" />
  <stringconstants candidates="13770" cleared="0"  />
</gc-op>
<gc-op id="1378" type="classunload" timems="0.011" contextid="1373" timestamp="2019-08-09T00:18:54.255">
  <classunload-info classloadercandidates="54" classloadersunloaded="0" classesunloaded="0" anonymousclassesunloaded="0" quiescems="0.000" setupms="0.011" scanms="0.000" postms="0.000" />
</gc-op>
<gc-end id="1379" type="partial gc" contextid="1373" durationms="13.201" usertimems="28.607" systemtimems="0.000" timestamp="2019-08-09T00:18:54.255" activeThreads="16">
  <mem-info id="1380" free="44040192" total="130023424" percent="33">
    <mem type="eden" free="2095312" total="2097152" percent="99" />
    <remembered-set count="47392" freebytes="5008512" totalbytes="5198080" percent="96" regionsoverflowed="0" regionsstable="1" regionsrebuilding="0"/>
  </mem-info>
</gc-end>
<cycle-end id="1381" type="partial gc" contextid="1373" timestamp="2019-08-09T00:18:54.255" />
  <attribute name="elasticGC enabled" value="1" />
  <attribute name= "numThreadsSpecified" value="16" />
  <attribute name="heapSize specified" value="0" />
  <attribute name="Current GC Util" value="95" />
  <attribute name= "Current Time Running" value="144481" />
  <attribute name ="GC Interval" value="0" />
  <attribute name="Target GC Util Change" value ="80.000000" />
  <attribute name="Current GC Util Change" value="95.000000"/>
  <attribute name="Current Error" value="-161.000000" />
  <attribute name="Output H" value="130061176"/>
  <attribute name="Output I" value="1912"/>
  <attribute name="Output T" value="16"/>
  <attribute name= "Current Time Running" value="144481" />
  <attribute name="GC Util currently" value="95" />
  <attribute name="CPU Util currently" value="1082671267641" />
<exclusive-end id="1382" timestamp="2019-08-09T00:18:54.256" durationms="13.978" />

<exclusive-start id="1383" timestamp="2019-08-09T00:18:54.464" intervalms="221.936">
  <response-info timems="0.216" idlems="0.216" threads="0" lastid="0000000001FF0F00" lastname="main" />
</exclusive-start>
<allocation-taxation id="1384" taxation-threshold="39845888" timestamp="2019-08-09T00:18:54.464" intervalms="221.872" />
<cycle-start id="1385" type="partial gc" contextid="0" timestamp="2019-08-09T00:18:54.464" intervalms="221.895" />
<gc-start id="1386" type="partial gc" contextid="1385" timestamp="2019-08-09T00:18:54.464">
  <mem-info id="1387" free="4194304" total="130023424" percent="3">
    <mem type="eden" free="0" total="39845888" percent="0" />
    <remembered-set count="47008" freebytes="5010048" totalbytes="5198080" percent="96" regionsoverflowed="0" regionsstable="1" regionsrebuilding="0"/>
  </mem-info>
</gc-start>
<allocation-stats totalBytes="39842928" >
  <allocated-bytes non-tlh="0" tlh="39842928" arrayletleaf="0"/>
  <largest-consumer threadName="main" threadId="0000000001FF0F00" bytes="39842928" />
</allocation-stats>
<gc-op id="1388" type="copy forward" timems="16.184" contextid="1385" timestamp="2019-08-09T00:18:54.483">
  <memory-copied type="eden" objects="31" bytes="912" bytesdiscarded="0" />
  <memory-copied type="other" objects="40525" bytes="1459936" bytesdiscarded="106296" />
  <memory-cardclean objects="38985" bytes="1365536" />
  <regions eden="19" other="17" />
  <remembered-set-cleared processed="34126" cleared="9462" durationms="0.315" />
  <references type="soft" candidates="900" cleared="0" enqueued="0" dynamicThreshold="10" maxThreshold="32" />
  <references type="weak" candidates="1528" cleared="0" enqueued="0" />
  <stringconstants candidates="13770" cleared="0"  />
  <heap-resize type="expand" space="default" amount="4194304" count="2" timems="0.290" reason="continue current collection" />
</gc-op>
<gc-op id="1389" type="classunload" timems="0.010" contextid="1385" timestamp="2019-08-09T00:18:54.483">
  <classunload-info classloadercandidates="54" classloadersunloaded="0" classesunloaded="0" anonymousclassesunloaded="0" quiescems="0.000" setupms="0.009" scanms="0.000" postms="0.000" />
</gc-op>
<heap-resize id="1390" type="contract" space="default" amount="8388608" count="1" timems="0.990" reason="insufficient time being spent in gc" timestamp="2019-08-09T00:18:54.485" />
<gc-end id="1391" type="partial gc" contextid="1385" durationms="20.629" usertimems="76.812" systemtimems="0.000" timestamp="2019-08-09T00:18:54.485" activeThreads="16">
  <mem-info id="1392" free="67108864" total="125829120" percent="53">
    <mem type="eden" free="2096240" total="2097152" percent="99" />
    <remembered-set count="43840" freebytes="5190400" totalbytes="5365760" percent="96" regionsoverflowed="0" regionsstable="1" regionsrebuilding="0"/>
  </mem-info>
</gc-end>
<cycle-end id="1393" type="partial gc" contextid="1385" timestamp="2019-08-09T00:18:54.485" />
  <attribute name="elasticGC enabled" value="1" />
  <attribute name= "numThreadsSpecified" value="16" />
  <attribute name="heapSize specified" value="0" />
  <attribute name="Current GC Util" value="138" />
  <attribute name= "Current Time Running" value="144700" />
  <attribute name ="GC Interval" value="0" />
  <attribute name="Target GC Util Change" value ="80.000000" />
  <attribute name="Current GC Util Change" value="138.000000"/>
  <attribute name="Current Error" value="-147.000000" />
  <attribute name="Output H" value="130061184"/>
  <attribute name="Output I" value="1920"/>
  <attribute name="Output T" value="16"/>
  <attribute name= "Current Time Running" value="144700" />
  <attribute name="GC Util currently" value="138" />
  <attribute name="CPU Util currently" value="422305813250" />
<exclusive-end id="1394" timestamp="2019-08-09T00:18:54.485" durationms="21.651" />

<exclusive-start id="1395" timestamp="2019-08-09T00:18:54.736" intervalms="272.008">
  <response-info timems="0.084" idlems="0.084" threads="0" lastid="0000000001FF0F00" lastname="main" />
</exclusive-start>
<allocation-taxation id="1396" taxation-threshold="37748736" timestamp="2019-08-09T00:18:54.736" intervalms="272.002" />
<cycle-start id="1397" type="partial gc" contextid="0" timestamp="2019-08-09T00:18:54.736" intervalms="271.985" />
<gc-start id="1398" type="partial gc" contextid="1397" timestamp="2019-08-09T00:18:54.736">
  <mem-info id="1399" free="29360128" total="125829120" percent="23">
    <mem type="eden" free="0" total="37748736" percent="0" />
    <remembered-set count="41568" freebytes="5199488" totalbytes="5365760" percent="96" regionsoverflowed="0" regionsstable="3" regionsrebuilding="0"/>
  </mem-info>
</gc-start>
<allocation-stats totalBytes="37746304" >
  <allocated-bytes non-tlh="0" tlh="37746304" arrayletleaf="0"/>
  <largest-consumer threadName="main" threadId="0000000001FF0F00" bytes="37746304" />
</allocation-stats>
<gc-op id="1400" type="copy forward" timems="20.786" contextid="1397" timestamp="2019-08-09T00:18:54.759">
  <memory-copied type="eden" objects="26" bytes="824" bytesdiscarded="0" />
  <memory-copied type="other" objects="30685" bytes="1212480" bytesdiscarded="77752" />
  <memory-cardclean objects="83520" bytes="2464336" />
  <regions eden="18" other="4" />
  <remembered-set-cleared processed="21777" cleared="3450" durationms="0.292" />
  <references type="soft" candidates="114" cleared="0" enqueued="0" dynamicThreshold="17" maxThreshold="32" />
  <references type="weak" candidates="102" cleared="0" enqueued="0" />
  <references type="phantom" candidates="3" cleared="0" enqueued="0" />
  <stringconstants candidates="13770" cleared="0"  />
</gc-op>
<gc-op id="1401" type="classunload" timems="0.012" contextid="1397" timestamp="2019-08-09T00:18:54.760">
  <classunload-info classloadercandidates="54" classloadersunloaded="0" classesunloaded="0" anonymousclassesunloaded="0" quiescems="0.000" setupms="0.012" scanms="0.000" postms="0.000" />
</gc-op>
<gc-end id="1402" type="partial gc" contextid="1397" durationms="23.579" usertimems="83.850" systemtimems="0.000" timestamp="2019-08-09T00:18:54.760" activeThreads="16">
  <mem-info id="1403" free="67108864" total="125829120" percent="53">
    <mem type="eden" free="2096328" total="2097152" percent="99" />
    <remembered-set count="36800" freebytes="4883200" totalbytes="5030400" percent="97" regionsoverflowed="0" regionsstable="3" regionsrebuilding="0"/>
  </mem-info>
</gc-end>
<cycle-end id="1404" type="partial gc" contextid="1397" timestamp="2019-08-09T00:18:54.760" />
  <attribute name="elasticGC enabled" value="1" />
  <attribute name= "numThreadsSpecified" value="16" />
  <attribute name="heapSize specified" value="0" />
  <attribute name="Current GC Util" value="189" />
  <attribute name= "Current Time Running" value="144972" />
  <attribute name ="GC Interval" value="0" />
  <attribute name="Target GC Util Change" value ="80.000000" />
  <attribute name="Current GC Util Change" value="189.000000"/>
  <attribute name="Current Error" value="-190.000000" />
  <attribute name="Output H" value="125866856"/>
  <attribute name="Output I" value="1896"/>
  <attribute name="Output T" value="16"/>
  <attribute name= "Current Time Running" value="144972" />
  <attribute name="GC Util currently" value="189" />
  <attribute name="CPU Util currently" value="576165452789" />
<exclusive-end id="1405" timestamp="2019-08-09T00:18:54.760" durationms="24.655" />

<exclusive-start id="1406" timestamp="2019-08-09T00:18:54.954" intervalms="218.590">
  <response-info timems="0.241" idlems="0.241" threads="0" lastid="0000000001FF0F00" lastname="main" />
</exclusive-start>
<allocation-taxation id="1407" taxation-threshold="18874368" timestamp="2019-08-09T00:18:54.954" intervalms="218.604" />
<cycle-start id="1408" type="global mark phase" contextid="0" timestamp="2019-08-09T00:18:54.954" intervalms="3795.530" />
<gc-start id="1409" type="global mark phase" contextid="1408" timestamp="2019-08-09T00:18:54.954">
  <mem-info id="1410" free="48234496" total="125829120" percent="38">
    <remembered-set count="32320" freebytes="4901120" totalbytes="5030400" percent="97" regionsoverflowed="0" regionsstable="4" regionsrebuilding="0"/>
  </mem-info>
</gc-start>
<gc-op id="1411" type="mark increment" timems="12.955" contextid="1408" timestamp="2019-08-09T00:18:54.967">
  <trace-info objectcount="203" scancount="0" scanbytes="0" />
</gc-op>
<gc-end id="1412" type="global mark phase" contextid="1408" durationms="13.035" usertimems="19.038" systemtimems="0.000" timestamp="2019-08-09T00:18:54.967" activeThreads="16">
  <mem-info id="1413" free="48234496" total="125829120" percent="38">
    <remembered-set count="32320" freebytes="4901120" totalbytes="5030400" percent="97" regionsoverflowed="0" regionsstable="0" regionsrebuilding="4"/>
  </mem-info>
</gc-end>
<concurrent-start id="1414" type="GMP work packet processing" contextid="1408" timestamp="2019-08-09T00:18:54.968">
  <concurrent-mark-start scanTarget="6669427" />
</concurrent-start>
<exclusive-end id="1415" timestamp="2019-08-09T00:18:54.968" durationms="13.562" />

<concurrent-end id="1416" type="GMP work packet processing" contextid="1408" timestamp="2019-08-09T00:18:54.974">
  <concurrent-mark-end bytesScanned="6842240" reasonForTermination="Work target met" />
</concurrent-end>

<exclusive-start id="1417" timestamp="2019-08-09T00:18:55.137" intervalms="182.941">
  <response-info timems="0.175" idlems="0.175" threads="0" lastid="0000000001FF0F00" lastname="main" />
</exclusive-start>
<allocation-taxation id="1418" taxation-threshold="18874368" timestamp="2019-08-09T00:18:55.137" intervalms="182.980" />
<cycle-start id="1419" type="partial gc" contextid="0" timestamp="2019-08-09T00:18:55.137" intervalms="401.573" />
<gc-start id="1420" type="partial gc" contextid="1419" timestamp="2019-08-09T00:18:55.138">
  <mem-info id="1421" free="29360128" total="125829120" percent="23">
    <mem type="eden" free="0" total="37748736" percent="0" />
    <remembered-set count="43136" freebytes="4857856" totalbytes="5030400" percent="96" regionsoverflowed="0" regionsstable="0" regionsrebuilding="4"/>
  </mem-info>
</gc-start>
<allocation-stats totalBytes="37745864" >
  <allocated-bytes non-tlh="0" tlh="37745864" arrayletleaf="0"/>
  <largest-consumer threadName="main" threadId="0000000001FF0F00" bytes="18872960" />
</allocation-stats>
<gc-op id="1422" type="copy forward" timems="17.475" contextid="1419" timestamp="2019-08-09T00:18:55.157">
  <memory-copied type="eden" objects="8" bytes="224" bytesdiscarded="0" />
  <memory-copied type="other" objects="57537" bytes="1471080" bytesdiscarded="70024" />
  <memory-cardclean objects="2259" bytes="76720" />
  <regions eden="18" other="3" />
  <remembered-set-cleared processed="35305" cleared="2780" durationms="0.442" />
  <references type="soft" candidates="2202" cleared="0" enqueued="0" dynamicThreshold="12" maxThreshold="32" />
  <references type="weak" candidates="90" cleared="0" enqueued="0" />
  <stringconstants candidates="13770" cleared="0"  />
</gc-op>
<gc-op id="1423" type="classunload" timems="0.009" contextid="1419" timestamp="2019-08-09T00:18:55.157">
  <classunload-info classloadercandidates="54" classloadersunloaded="0" classesunloaded="0" anonymousclassesunloaded="0" quiescems="0.000" setupms="0.009" scanms="0.000" postms="0.000" />
</gc-op>
<gc-end id="1424" type="partial gc" contextid="1419" durationms="19.551" usertimems="49.554" systemtimems="0.000" timestamp="2019-08-09T00:18:55.157" activeThreads="16">
  <mem-info id="1425" free="65011712" total="125829120" percent="51">
    <mem type="eden" free="2096928" total="2097152" percent="99" />
    <remembered-set count="41536" freebytes="4864256" totalbytes="5030400" percent="96" regionsoverflowed="0" regionsstable="0" regionsrebuilding="4"/>
  </mem-info>
</gc-end>
<cycle-end id="1426" type="partial gc" contextid="1419" timestamp="2019-08-09T00:18:55.157" />
  <attribute name="elasticGC enabled" value="1" />
  <attribute name= "numThreadsSpecified" value="16" />
  <attribute name="heapSize specified" value="0" />
  <attribute name="Current GC Util" value="65" />
  <attribute name= "Current Time Running" value="145373" />
  <attribute name ="GC Interval" value="0" />
  <attribute name="Target GC Util Change" value ="80.000000" />
  <attribute name="Current GC Util Change" value="65.000000"/>
  <attribute name="Current Error" value="217.000000" />
  <attribute name="Output H" value="125867088"/>
  <attribute name="Output I" value="2128"/>
  <attribute name="Output T" value="16"/>
  <attribute name= "Current Time Running" value="145373" />
  <attribute name="GC Util currently" value="65" />
  <attribute name="CPU Util currently" value="776855196363" />
<exclusive-end id="1427" timestamp="2019-08-09T00:18:55.157" durationms="20.296" />

<exclusive-start id="1428" timestamp="2019-08-09T00:18:55.271" intervalms="133.476">
  <response-info timems="0.121" idlems="0.121" threads="0" lastid="0000000001FF0F00" lastname="main" />
</exclusive-start>
<allocation-taxation id="1429" taxation-threshold="18874368" timestamp="2019-08-09T00:18:55.271" intervalms="133.412" />
<gc-start id="1430" type="global mark phase" contextid="1408" timestamp="2019-08-09T00:18:55.271">
  <mem-info id="1431" free="46137344" total="125829120" percent="36">
    <remembered-set count="40448" freebytes="4868608" totalbytes="5030400" percent="96" regionsoverflowed="0" regionsstable="1" regionsrebuilding="4"/>
  </mem-info>
</gc-start>
<gc-end id="1432" type="global mark phase" contextid="1408" durationms="0.105" usertimems="0.244" systemtimems="0.000" timestamp="2019-08-09T00:18:55.271" activeThreads="16">
  <mem-info id="1433" free="46137344" total="125829120" percent="36">
    <remembered-set count="40448" freebytes="4868608" totalbytes="5030400" percent="96" regionsoverflowed="0" regionsstable="1" regionsrebuilding="4"/>
  </mem-info>
</gc-end>
<concurrent-start id="1434" type="GMP work packet processing" contextid="1408" timestamp="2019-08-09T00:18:55.271">
  <concurrent-mark-start scanTarget="6669427" />
</concurrent-start>
<exclusive-end id="1435" timestamp="2019-08-09T00:18:55.271" durationms="0.535" />

<concurrent-end id="1436" type="GMP work packet processing" contextid="1408" timestamp="2019-08-09T00:18:55.277">
  <concurrent-mark-end bytesScanned="6746480" reasonForTermination="Work target met" />
</concurrent-end>

<exclusive-start id="1437" timestamp="2019-08-09T00:18:56.264" intervalms="993.534">
  <response-info timems="0.182" idlems="0.182" threads="0" lastid="0000000001FF0F00" lastname="main" />
</exclusive-start>
<allocation-taxation id="1438" taxation-threshold="18874368" timestamp="2019-08-09T00:18:56.264" intervalms="993.545" />
<cycle-start id="1439" type="partial gc" contextid="0" timestamp="2019-08-09T00:18:56.264" intervalms="1126.927" />
<gc-start id="1440" type="partial gc" contextid="1439" timestamp="2019-08-09T00:18:56.265">
  <mem-info id="1441" free="27262976" total="125829120" percent="21">
    <mem type="eden" free="2096928" total="39845888" percent="5" />
    <remembered-set count="52192" freebytes="4821632" totalbytes="5030400" percent="95" regionsoverflowed="0" regionsstable="1" regionsrebuilding="4"/>
  </mem-info>
</gc-start>
<allocation-stats totalBytes="37730976" >
  <allocated-bytes non-tlh="360" tlh="37730616" arrayletleaf="0"/>
  <largest-consumer threadName="main" threadId="0000000001FF0F00" bytes="18858064" />
</allocation-stats>
<gc-op id="1442" type="copy forward" timems="25.526" contextid="1439" timestamp="2019-08-09T00:18:56.292">
  <memory-copied type="eden" objects="76" bytes="3352" bytesdiscarded="2080" />
  <memory-copied type="other" objects="64112" bytes="1553832" bytesdiscarded="57336" />
  <memory-cardclean objects="5912" bytes="423120" />
  <regions eden="18" other="4" />
  <remembered-set-cleared processed="45126" cleared="6943" durationms="0.392" />
  <references type="weak" candidates="4" cleared="0" enqueued="0" />
  <stringconstants candidates="13776" cleared="0"  />
</gc-op>
<gc-op id="1443" type="classunload" timems="0.009" contextid="1439" timestamp="2019-08-09T00:18:56.292">
  <classunload-info classloadercandidates="54" classloadersunloaded="0" classesunloaded="0" anonymousclassesunloaded="0" quiescems="0.000" setupms="0.008" scanms="0.000" postms="0.000" />
</gc-op>
<heap-resize id="1444" type="contract" space="default" amount="6291456" count="1" timems="0.442" reason="insufficient time being spent in gc" timestamp="2019-08-09T00:18:56.292" />
<gc-end id="1445" type="partial gc" contextid="1439" durationms="27.663" usertimems="64.789" systemtimems="0.000" timestamp="2019-08-09T00:18:56.292" activeThreads="16">
  <mem-info id="1446" free="62914560" total="119537664" percent="52">
    <mem type="eden" free="2091720" total="2097152" percent="99" />
    <remembered-set count="49376" freebytes="4832896" totalbytes="5030400" percent="96" regionsoverflowed="0" regionsstable="1" regionsrebuilding="4"/>
  </mem-info>
</gc-end>
<cycle-end id="1447" type="partial gc" contextid="1439" timestamp="2019-08-09T00:18:56.292" />
  <attribute name="elasticGC enabled" value="1" />
  <attribute name= "numThreadsSpecified" value="16" />
  <attribute name="heapSize specified" value="0" />
  <attribute name="Current GC Util" value="62" />
  <attribute name= "Current Time Running" value="146499" />
  <attribute name ="GC Interval" value="0" />
  <attribute name="Target GC Util Change" value ="80.000000" />
  <attribute name="Current GC Util Change" value="62.000000"/>
  <attribute name="Current Error" value="96.000000" />
  <attribute name="Output H" value="125867016"/>
  <attribute name="Output I" value="2056"/>
  <attribute name="Output T" value="16"/>
  <attribute name= "Current Time Running" value="146499" />
  <attribute name="GC Util currently" value="62" />
  <attribute name="CPU Util currently" value="986512585291" />
<exclusive-end id="1448" timestamp="2019-08-09T00:18:56.292" durationms="28.143" />

<exclusive-start id="1449" timestamp="2019-08-09T00:18:56.419" intervalms="155.172">
  <response-info timems="0.094" idlems="0.094" threads="0" lastid="0000000001FF0F00" lastname="main" />
</exclusive-start>
<allocation-taxation id="1450" taxation-threshold="18874368" timestamp="2019-08-09T00:18:56.419" intervalms="155.168" />
<gc-start id="1451" type="global mark phase" contextid="1408" timestamp="2019-08-09T00:18:56.419">
  <mem-info id="1452" free="44040192" total="119537664" percent="36">
    <remembered-set count="48928" freebytes="4834688" totalbytes="5030400" percent="96" regionsoverflowed="0" regionsstable="1" regionsrebuilding="4"/>
  </mem-info>
</gc-start>
<gc-end id="1453" type="global mark phase" contextid="1408" durationms="0.033" usertimems="0.031" systemtimems="0.000" timestamp="2019-08-09T00:18:56.419" activeThreads="16">
  <mem-info id="1454" free="44040192" total="119537664" percent="36">
    <remembered-set count="48928" freebytes="4834688" totalbytes="5030400" percent="96" regionsoverflowed="0" regionsstable="1" regionsrebuilding="4"/>
  </mem-info>
</gc-end>
<concurrent-start id="1455" type="GMP work packet processing" contextid="1408" timestamp="2019-08-09T00:18:56.419">
  <concurrent-mark-start scanTarget="8336784" />
</concurrent-start>
<exclusive-end id="1456" timestamp="2019-08-09T00:18:56.420" durationms="0.878" />

<concurrent-end id="1457" type="GMP work packet processing" contextid="1408" timestamp="2019-08-09T00:18:56.424">
  <concurrent-mark-end bytesScanned="60780" reasonForTermination="Completed all work in GC phase" />
</concurrent-end>

<exclusive-start id="1458" timestamp="2019-08-09T00:18:56.474" intervalms="54.706">
  <response-info timems="0.148" idlems="0.148" threads="0" lastid="0000000001FF0F00" lastname="main" />
</exclusive-start>
<allocation-taxation id="1459" taxation-threshold="18874368" timestamp="2019-08-09T00:18:56.474" intervalms="54.729" />
<cycle-start id="1460" type="partial gc" contextid="0" timestamp="2019-08-09T00:18:56.474" intervalms="209.902" />
<gc-start id="1461" type="partial gc" contextid="1460" timestamp="2019-08-09T00:18:56.475">
  <mem-info id="1462" free="25165824" total="119537664" percent="21">
    <mem type="eden" free="0" total="37748736" percent="0" />
    <remembered-set count="49120" freebytes="4833920" totalbytes="5030400" percent="96" regionsoverflowed="0" regionsstable="1" regionsrebuilding="4"/>
  </mem-info>
</gc-start>
<allocation-stats totalBytes="37721208" >
  <allocated-bytes non-tlh="0" tlh="37721208" arrayletleaf="0"/>
  <largest-consumer threadName="main" threadId="0000000001FF0F00" bytes="18861088" />
</allocation-stats>
<gc-op id="1463" type="copy forward" timems="12.872" contextid="1460" timestamp="2019-08-09T00:18:56.489">
  <memory-copied type="eden" objects="3" bytes="264" bytesdiscarded="0" />
  <memory-copied type="other" objects="64176" bytes="1565296" bytesdiscarded="52736" />
  <memory-cardclean objects="6568" bytes="443136" />
  <regions eden="18" other="4" />
  <remembered-set-cleared processed="42762" cleared="7258" durationms="0.640" />
  <references type="weak" candidates="34" cleared="0" enqueued="0" />
  <stringconstants candidates="13776" cleared="0"  />
</gc-op>
<gc-op id="1464" type="classunload" timems="0.010" contextid="1460" timestamp="2019-08-09T00:18:56.489">
  <classunload-info classloadercandidates="54" classloadersunloaded="0" classesunloaded="0" anonymousclassesunloaded="0" quiescems="0.000" setupms="0.010" scanms="0.000" postms="0.000" />
</gc-op>
<heap-resize id="1465" type="contract" space="default" amount="6291456" count="1" timems="0.609" reason="insufficient time being spent in gc" timestamp="2019-08-09T00:18:56.490" />
<gc-end id="1466" type="partial gc" contextid="1460" durationms="15.322" usertimems="51.871" systemtimems="0.000" timestamp="2019-08-09T00:18:56.490" activeThreads="16">
  <mem-info id="1467" free="56623104" total="113246208" percent="50">
    <mem type="eden" free="2096888" total="2097152" percent="99" />
    <remembered-set count="46816" freebytes="4591616" totalbytes="4778880" percent="96" regionsoverflowed="0" regionsstable="1" regionsrebuilding="4"/>
  </mem-info>
</gc-end>
<cycle-end id="1468" type="partial gc" contextid="1460" timestamp="2019-08-09T00:18:56.490" />
  <attribute name="elasticGC enabled" value="1" />
  <attribute name= "numThreadsSpecified" value="16" />
  <attribute name="heapSize specified" value="0" />
  <attribute name="Current GC Util" value="65" />
  <attribute name= "Current Time Running" value="146709" />
  <attribute name ="GC Interval" value="0" />
  <attribute name="Target GC Util Change" value ="80.000000" />
  <attribute name="Current GC Util Change" value="65.000000"/>
  <attribute name="Current Error" value="241.000000" />
  <attribute name="Output H" value="119575648"/>
  <attribute name="Output I" value="2144"/>
  <attribute name="Output T" value="16"/>
  <attribute name= "Current Time Running" value="146709" />
  <attribute name="GC Util currently" value="65" />
  <attribute name="CPU Util currently" value="987534186119" />
<exclusive-end id="1469" timestamp="2019-08-09T00:18:56.490" durationms="16.077" />

<exclusive-start id="1470" timestamp="2019-08-09T00:18:56.542" intervalms="68.225">
  <response-info timems="0.111" idlems="0.111" threads="0" lastid="0000000001FF0F00" lastname="main" />
</exclusive-start>
<allocation-taxation id="1471" taxation-threshold="16777216" timestamp="2019-08-09T00:18:56.542" intervalms="68.269" />
<gc-start id="1472" type="global mark phase" contextid="1408" timestamp="2019-08-09T00:18:56.543">
  <mem-info id="1473" free="39845888" total="113246208" percent="35">
    <remembered-set count="46496" freebytes="4592896" totalbytes="4778880" percent="96" regionsoverflowed="0" regionsstable="1" regionsrebuilding="4"/>
  </mem-info>
</gc-start>
<gc-op id="1474" type="mark increment" timems="12.491" contextid="1408" timestamp="2019-08-09T00:18:56.555">
  <trace-info objectcount="76" scancount="65" scanbytes="231024" />
  <cardclean-info objects="18835" bytes="514772" />
  <finalization candidates="80" enqueued="0" />
  <ownableSynchronizers candidates="21" cleared="0" />
  <references type="soft" candidates="4844" cleared="0" enqueued="0" dynamicThreshold="16" maxThreshold="32" />
  <references type="weak" candidates="5602" cleared="0" enqueued="0" />
  <references type="phantom" candidates="98" cleared="1" enqueued="1" />
  <stringconstants candidates="13776" cleared="0"  />
</gc-op>
<gc-op id="1475" type="classunload" timems="0.014" contextid="1408" timestamp="2019-08-09T00:18:56.555">
  <classunload-info classloadercandidates="54" classloadersunloaded="0" classesunloaded="0" anonymousclassesunloaded="0" quiescems="0.000" setupms="0.014" scanms="0.000" postms="0.000" />
</gc-op>
<gc-end id="1476" type="global mark phase" contextid="1408" durationms="13.030" usertimems="48.215" systemtimems="0.000" timestamp="2019-08-09T00:18:56.556" activeThreads="16">
  <mem-info id="1477" free="39845888" total="113246208" percent="35">
    <pending-finalizers system="0" default="0" reference="1" classloader="0" />
    <remembered-set count="49056" freebytes="4582656" totalbytes="4778880" percent="95" regionsoverflowed="0" regionsstable="1" regionsrebuilding="0"/>
  </mem-info>
</gc-end>
<cycle-end id="1478" type="global mark phase" contextid="1408" timestamp="2019-08-09T00:18:56.556" />
  <attribute name="elasticGC enabled" value="1" />
  <attribute name= "numThreadsSpecified" value="16" />
  <attribute name="heapSize specified" value="0" />
  <attribute name="Current GC Util" value="76" />
  <attribute name= "Current Time Running" value="146781" />
  <attribute name ="GC Interval" value="0" />
  <attribute name="Target GC Util Change" value ="80.000000" />
  <attribute name="Current GC Util Change" value="76.000000"/>
  <attribute name="Current Error" value="-146.000000" />
  <attribute name="Output H" value="113283968"/>
  <attribute name="Output I" value="1920"/>
  <attribute name="Output T" value="16"/>
  <attribute name= "Current Time Running" value="146781" />
  <attribute name="GC Util currently" value="76" />
  <attribute name="CPU Util currently" value="618384749291" />
<exclusive-end id="1479" timestamp="2019-08-09T00:18:56.556" durationms="13.450" />

<exclusive-start id="1480" timestamp="2019-08-09T00:18:57.270" intervalms="727.359">
  <response-info timems="0.087" idlems="0.087" threads="0" lastid="0000000001FF0F00" lastname="main" />
</exclusive-start>
<allocation-taxation id="1481" taxation-threshold="16777216" timestamp="2019-08-09T00:18:57.270" intervalms="727.297" />
<cycle-start id="1482" type="partial gc" contextid="0" timestamp="2019-08-09T00:18:57.270" intervalms="795.671" />
<gc-start id="1483" type="partial gc" contextid="1482" timestamp="2019-08-09T00:18:57.270">
  <mem-info id="1484" free="23068672" total="113246208" percent="20">
    <mem type="eden" free="2096888" total="35651584" percent="5" />
    <remembered-set count="48640" freebytes="4584320" totalbytes="4778880" percent="95" regionsoverflowed="0" regionsstable="1" regionsrebuilding="0"/>
  </mem-info>
</gc-start>
<allocation-stats totalBytes="33538232" >
  <allocated-bytes non-tlh="0" tlh="33538232" arrayletleaf="0"/>
  <largest-consumer threadName="main" threadId="0000000001FF0F00" bytes="16773624" />
</allocation-stats>
<gc-op id="1485" type="sweep" timems="3.936" contextid="1482" timestamp="2019-08-09T00:18:57.274" />
<gc-op id="1486" type="copy forward" timems="24.466" contextid="1482" timestamp="2019-08-09T00:18:57.301">
  <memory-copied type="eden" objects="41" bytes="1248" bytesdiscarded="1016" />
  <memory-copied type="other" objects="0" bytes="0" bytesdiscarded="0" />
  <memory-cardclean objects="23533" bytes="984488" />
  <regions eden="8" other="1" />
  <remembered-set-cleared processed="39941" cleared="2656" durationms="1.571" />
  <references type="weak" candidates="14" cleared="0" enqueued="0" />
  <stringconstants candidates="13776" cleared="0"  />
</gc-op>
<gc-op id="1487" type="classunload" timems="0.010" contextid="1482" timestamp="2019-08-09T00:18:57.301">
  <classunload-info classloadercandidates="54" classloadersunloaded="0" classesunloaded="0" anonymousclassesunloaded="0" quiescems="0.000" setupms="0.010" scanms="0.000" postms="0.000" />
</gc-op>
<heap-resize id="1488" type="contract" space="default" amount="6291456" count="1" timems="0.287" reason="insufficient time being spent in gc" timestamp="2019-08-09T00:18:57.301" />
<gc-end id="1489" type="partial gc" contextid="1482" durationms="31.416" usertimems="52.397" systemtimems="0.000" timestamp="2019-08-09T00:18:57.302" activeThreads="16">
  <mem-info id="1490" free="50331648" total="106954752" percent="47">
    <mem type="eden" free="2094888" total="2097152" percent="99" />
    <remembered-set count="46240" freebytes="4342400" totalbytes="4527360" percent="95" regionsoverflowed="0" regionsstable="1" regionsrebuilding="0"/>
  </mem-info>
</gc-end>
<cycle-end id="1491" type="partial gc" contextid="1482" timestamp="2019-08-09T00:18:57.302" />
  <attribute name="elasticGC enabled" value="1" />
  <attribute name= "numThreadsSpecified" value="16" />
  <attribute name="heapSize specified" value="0" />
  <attribute name="Current GC Util" value="46" />
  <attribute name= "Current Time Running" value="147510" />
  <attribute name ="GC Interval" value="0" />
  <attribute name="Target GC Util Change" value ="80.000000" />
  <attribute name="Current GC Util Change" value="46.000000"/>
  <attribute name="Current Error" value="-21.000000" />
  <attribute name="Output H" value="113284040"/>
  <attribute name="Output I" value="1992"/>
  <attribute name="Output T" value="16"/>
  <attribute name= "Current Time Running" value="147510" />
  <attribute name="GC Util currently" value="46" />
  <attribute name="CPU Util currently" value="625751155256" />
<exclusive-end id="1492" timestamp="2019-08-09T00:18:57.302" durationms="32.484" />

<exclusive-start id="1493" timestamp="2019-08-09T00:18:57.434" intervalms="164.077">
  <response-info timems="0.110" idlems="0.110" threads="0" lastid="0000000001FF0F00" lastname="main" />
</exclusive-start>
<allocation-taxation id="1494" taxation-threshold="16777216" timestamp="2019-08-09T00:18:57.434" intervalms="164.073" />
<cycle-start id="1495" type="global mark phase" contextid="0" timestamp="2019-08-09T00:18:57.434" intervalms="2479.556" />
<gc-start id="1496" type="global mark phase" contextid="1495" timestamp="2019-08-09T00:18:57.434">
  <mem-info id="1497" free="33554432" total="106954752" percent="31">
    <remembered-set count="45984" freebytes="4343424" totalbytes="4527360" percent="95" regionsoverflowed="0" regionsstable="1" regionsrebuilding="0"/>
  </mem-info>
</gc-start>
<gc-op id="1498" type="mark increment" timems="6.758" contextid="1495" timestamp="2019-08-09T00:18:57.441">
  <trace-info objectcount="6074" scancount="620" scanbytes="28164" />
</gc-op>
<gc-end id="1499" type="global mark phase" contextid="1495" durationms="6.822" usertimems="18.360" systemtimems="0.000" timestamp="2019-08-09T00:18:57.441" activeThreads="16">
  <mem-info id="1500" free="33554432" total="106954752" percent="31">
    <remembered-set count="46496" freebytes="4341376" totalbytes="4527360" percent="95" regionsoverflowed="0" regionsstable="0" regionsrebuilding="1"/>
  </mem-info>
</gc-end>
<concurrent-start id="1501" type="GMP work packet processing" contextid="1495" timestamp="2019-08-09T00:18:57.441">
  <concurrent-mark-start scanTarget="7928891" />
</concurrent-start>
<exclusive-end id="1502" timestamp="2019-08-09T00:18:57.441" durationms="7.455" />

<concurrent-end id="1503" type="GMP work packet processing" contextid="1495" timestamp="2019-08-09T00:18:57.498">
  <concurrent-mark-end bytesScanned="8093092" reasonForTermination="Work target met" />
</concurrent-end>

<exclusive-start id="1504" timestamp="2019-08-09T00:18:57.510" intervalms="76.770">
  <response-info timems="0.073" idlems="0.073" threads="0" lastid="0000000001FF0F00" lastname="main" />
</exclusive-start>
<allocation-taxation id="1505" taxation-threshold="16777216" timestamp="2019-08-09T00:18:57.511" intervalms="76.769" />
<cycle-start id="1506" type="partial gc" contextid="0" timestamp="2019-08-09T00:18:57.511" intervalms="240.774" />
<gc-start id="1507" type="partial gc" contextid="1506" timestamp="2019-08-09T00:18:57.511">
  <mem-info id="1508" free="16777216" total="106954752" percent="15">
    <mem type="eden" free="0" total="33554432" percent="0" />
    <remembered-set count="49184" freebytes="4330624" totalbytes="4527360" percent="95" regionsoverflowed="0" regionsstable="0" regionsrebuilding="1"/>
  </mem-info>
</gc-start>
<allocation-stats totalBytes="33524392" >
  <allocated-bytes non-tlh="0" tlh="33524392" arrayletleaf="0"/>
  <largest-consumer threadName="main" threadId="0000000001FF0F00" bytes="16751976" />
</allocation-stats>
<gc-op id="1509" type="copy forward" timems="22.251" contextid="1506" timestamp="2019-08-09T00:18:57.536">
  <memory-copied type="eden" objects="26" bytes="1328" bytesdiscarded="0" />
  <memory-copied type="other" objects="57084" bytes="1423400" bytesdiscarded="81280" />
  <memory-cardclean objects="13390" bytes="668072" />
  <regions eden="16" other="5" />
  <remembered-set-cleared processed="40290" cleared="5909" durationms="0.251" />
  <references type="soft" candidates="90" cleared="0" enqueued="0" dynamicThreshold="10" maxThreshold="32" />
  <references type="weak" candidates="83" cleared="0" enqueued="0" />
  <references type="phantom" candidates="1" cleared="0" enqueued="0" />
  <stringconstants candidates="13776" cleared="0"  />
</gc-op>
<gc-op id="1510" type="classunload" timems="0.013" contextid="1506" timestamp="2019-08-09T00:18:57.536">
  <classunload-info classloadercandidates="54" classloadersunloaded="0" classesunloaded="0" anonymousclassesunloaded="0" quiescems="0.000" setupms="0.012" scanms="0.000" postms="0.000" />
</gc-op>
<gc-end id="1511" type="partial gc" contextid="1506" durationms="25.158" usertimems="47.387" systemtimems="0.000" timestamp="2019-08-09T00:18:57.536" activeThreads="16">
  <mem-info id="1512" free="52428800" total="106954752" percent="49">
    <mem type="eden" free="2095824" total="2097152" percent="99" />
    <remembered-set count="47232" freebytes="4086912" totalbytes="4275840" percent="95" regionsoverflowed="0" regionsstable="0" regionsrebuilding="1"/>
  </mem-info>
</gc-end>
<cycle-end id="1513" type="partial gc" contextid="1506" timestamp="2019-08-09T00:18:57.536" />
  <attribute name="elasticGC enabled" value="1" />
  <attribute name= "numThreadsSpecified" value="16" />
  <attribute name="heapSize specified" value="0" />
  <attribute name="Current GC Util" value="56" />
  <attribute name= "Current Time Running" value="147747" />
  <attribute name ="GC Interval" value="0" />
  <attribute name="Target GC Util Change" value ="80.000000" />
  <attribute name="Current GC Util Change" value="56.000000"/>
  <attribute name="Current Error" value="0.000000" />
  <attribute name="Output H" value="106992592"/>
  <attribute name="Output I" value="2000"/>
  <attribute name="Output T" value="16"/>
  <attribute name= "Current Time Running" value="147747" />
  <attribute name="GC Util currently" value="56" />
  <attribute name="CPU Util currently" value="478826165951" />
<exclusive-end id="1514" timestamp="2019-08-09T00:18:57.536" durationms="25.936" />

<exclusive-start id="1515" timestamp="2019-08-09T00:18:57.556" intervalms="45.981">
  <response-info timems="0.200" idlems="0.200" threads="0" lastid="0000000001FF0F00" lastname="main" />
</exclusive-start>
<allocation-taxation id="1516" taxation-threshold="16777216" timestamp="2019-08-09T00:18:57.557" intervalms="45.990" />
<gc-start id="1517" type="global mark phase" contextid="1495" timestamp="2019-08-09T00:18:57.558">
  <mem-info id="1518" free="35651584" total="106954752" percent="33">
    <remembered-set count="45952" freebytes="4092032" totalbytes="4275840" percent="95" regionsoverflowed="0" regionsstable="1" regionsrebuilding="1"/>
  </mem-info>
</gc-start>
<gc-end id="1519" type="global mark phase" contextid="1495" durationms="0.022" usertimems="0.020" systemtimems="0.000" timestamp="2019-08-09T00:18:57.558" activeThreads="16">
  <mem-info id="1520" free="35651584" total="106954752" percent="33">
    <remembered-set count="45952" freebytes="4092032" totalbytes="4275840" percent="95" regionsoverflowed="0" regionsstable="1" regionsrebuilding="1"/>
  </mem-info>
</gc-end>
<concurrent-start id="1521" type="GMP work packet processing" contextid="1495" timestamp="2019-08-09T00:18:57.558">
  <concurrent-mark-start scanTarget="9514670" />
</concurrent-start>
<exclusive-end id="1522" timestamp="2019-08-09T00:18:57.558" durationms="1.441" />

<concurrent-end id="1523" type="GMP work packet processing" contextid="1495" timestamp="2019-08-09T00:18:57.564">
  <concurrent-mark-end bytesScanned="5528184" reasonForTermination="Completed all work in GC phase" />
</concurrent-end>

<exclusive-start id="1524" timestamp="2019-08-09T00:18:57.578" intervalms="21.180">
  <response-info timems="0.058" idlems="0.058" threads="0" lastid="0000000001FF0F00" lastname="main" />
</exclusive-start>
<allocation-taxation id="1525" taxation-threshold="16777216" timestamp="2019-08-09T00:18:57.578" intervalms="21.174" />
<cycle-start id="1526" type="partial gc" contextid="0" timestamp="2019-08-09T00:18:57.578" intervalms="67.159" />
<gc-start id="1527" type="partial gc" contextid="1526" timestamp="2019-08-09T00:18:57.578">
  <mem-info id="1528" free="18874368" total="106954752" percent="17">
    <mem type="eden" free="0" total="33554432" percent="0" />
    <remembered-set count="46528" freebytes="4089728" totalbytes="4275840" percent="95" regionsoverflowed="0" regionsstable="1" regionsrebuilding="1"/>
  </mem-info>
</gc-start>
<allocation-stats totalBytes="33496312" >
  <allocated-bytes non-tlh="0" tlh="33496312" arrayletleaf="0"/>
  <largest-consumer threadName="main" threadId="0000000001FF0F00" bytes="16747360" />
</allocation-stats>
<gc-op id="1529" type="copy forward" timems="21.855" contextid="1526" timestamp="2019-08-09T00:18:57.603">
  <memory-copied type="eden" objects="3" bytes="72" bytesdiscarded="0" />
  <memory-copied type="other" objects="29" bytes="1384" bytesdiscarded="0" />
  <memory-cardclean objects="61" bytes="2808" />
  <regions eden="16" other="2" />
  <remembered-set-cleared processed="40291" cleared="35" durationms="0.384" />
  <stringconstants candidates="13776" cleared="0"  />
</gc-op>
<gc-op id="1530" type="classunload" timems="0.013" contextid="1526" timestamp="2019-08-09T00:18:57.603">
  <classunload-info classloadercandidates="54" classloadersunloaded="0" classesunloaded="0" anonymousclassesunloaded="0" quiescems="0.000" setupms="0.013" scanms="0.000" postms="0.000" />
</gc-op>
<heap-resize id="1531" type="expand" space="default" amount="18874368" count="1" timems="0.102" reason="excessive time being spent in gc" timestamp="2019-08-09T00:18:57.603" />
<gc-end id="1532" type="partial gc" contextid="1526" durationms="25.243" usertimems="57.464" systemtimems="0.000" timestamp="2019-08-09T00:18:57.603" activeThreads="16">
  <mem-info id="1533" free="69206016" total="125829120" percent="55">
    <mem type="eden" free="2097080" total="2097152" percent="99" />
    <remembered-set count="44640" freebytes="4851840" totalbytes="5030400" percent="96" regionsoverflowed="0" regionsstable="1" regionsrebuilding="1"/>
  </mem-info>
</gc-end>
<cycle-end id="1534" type="partial gc" contextid="1526" timestamp="2019-08-09T00:18:57.604" />
  <attribute name="elasticGC enabled" value="1" />
  <attribute name= "numThreadsSpecified" value="16" />
  <attribute name="heapSize specified" value="0" />
  <attribute name="Current GC Util" value="148" />
  <attribute name= "Current Time Running" value="147814" />
  <attribute name ="GC Interval" value="0" />
  <attribute name="Target GC Util Change" value ="80.000000" />
  <attribute name="Current GC Util Change" value="148.000000"/>
  <attribute name="Current Error" value="-72.000000" />
  <attribute name="Output H" value="106992552"/>
  <attribute name="Output I" value="1960"/>
  <attribute name="Output T" value="16"/>
  <attribute name= "Current Time Running" value="147814" />
  <attribute name="GC Util currently" value="148" />
  <attribute name="CPU Util currently" value="413241056621" />
<exclusive-end id="1535" timestamp="2019-08-09T00:18:57.604" durationms="26.024" />

<exclusive-start id="1536" timestamp="2019-08-09T00:18:57.618" intervalms="40.063">
  <response-info timems="0.051" idlems="0.051" threads="0" lastid="0000000001FF0F00" lastname="main" />
</exclusive-start>
<allocation-taxation id="1537" taxation-threshold="18874368" timestamp="2019-08-09T00:18:57.618" intervalms="40.053" />
<gc-start id="1538" type="global mark phase" contextid="1495" timestamp="2019-08-09T00:18:57.618">
  <mem-info id="1539" free="50331648" total="125829120" percent="40">
    <remembered-set count="44416" freebytes="4852736" totalbytes="5030400" percent="96" regionsoverflowed="0" regionsstable="1" regionsrebuilding="1"/>
  </mem-info>
</gc-start>
<gc-op id="1540" type="mark increment" timems="11.263" contextid="1495" timestamp="2019-08-09T00:18:57.629">
  <trace-info objectcount="3" scancount="3" scanbytes="229448" />
  <cardclean-info objects="18303" bytes="533372" />
  <finalization candidates="80" enqueued="0" />
  <ownableSynchronizers candidates="21" cleared="0" />
  <references type="soft" candidates="4844" cleared="12" enqueued="12" dynamicThreshold="17" maxThreshold="32" />
  <references type="weak" candidates="5612" cleared="0" enqueued="0" />
  <references type="phantom" candidates="97" cleared="0" enqueued="0" />
  <stringconstants candidates="13776" cleared="0"  />
</gc-op>
<gc-op id="1541" type="classunload" timems="0.014" contextid="1495" timestamp="2019-08-09T00:18:57.629">
  <classunload-info classloadercandidates="54" classloadersunloaded="0" classesunloaded="0" anonymousclassesunloaded="0" quiescems="0.000" setupms="0.014" scanms="0.000" postms="0.000" />
</gc-op>
<gc-end id="1542" type="global mark phase" contextid="1495" durationms="11.740" usertimems="30.975" systemtimems="0.000" timestamp="2019-08-09T00:18:57.630" activeThreads="16">
  <mem-info id="1543" free="50331648" total="125829120" percent="40">
    <pending-finalizers system="0" default="0" reference="12" classloader="0" />
    <remembered-set count="45952" freebytes="4846592" totalbytes="5030400" percent="96" regionsoverflowed="0" regionsstable="1" regionsrebuilding="0"/>
  </mem-info>
</gc-end>
<cycle-end id="1544" type="global mark phase" contextid="1495" timestamp="2019-08-09T00:18:57.630" />
  <attribute name="elasticGC enabled" value="1" />
  <attribute name= "numThreadsSpecified" value="16" />
  <attribute name="heapSize specified" value="0" />
  <attribute name="Current GC Util" value="153" />
  <attribute name= "Current Time Running" value="147854" />
  <attribute name ="GC Interval" value="0" />
  <attribute name="Target GC Util Change" value ="80.000000" />
  <attribute name="Current GC Util Change" value="153.000000"/>
  <attribute name="Current Error" value="-259.000000" />
  <attribute name="Output H" value="125866816"/>
  <attribute name="Output I" value="1856"/>
  <attribute name="Output T" value="16"/>
  <attribute name= "Current Time Running" value="147854" />
  <attribute name="GC Util currently" value="153" />
  <attribute name="CPU Util currently" value="1346384859104" />
<exclusive-end id="1545" timestamp="2019-08-09T00:18:57.630" durationms="12.241" />

<exclusive-start id="1546" timestamp="2019-08-09T00:18:57.653" intervalms="35.375">
  <response-info timems="0.079" idlems="0.079" threads="0" lastid="0000000001FF0F00" lastname="main" />
</exclusive-start>
<allocation-taxation id="1547" taxation-threshold="18874368" timestamp="2019-08-09T00:18:57.653" intervalms="35.392" />
<cycle-start id="1548" type="partial gc" contextid="0" timestamp="2019-08-09T00:18:57.653" intervalms="75.454" />
<gc-start id="1549" type="partial gc" contextid="1548" timestamp="2019-08-09T00:18:57.654">
  <mem-info id="1550" free="31457280" total="125829120" percent="25">
    <mem type="eden" free="2097080" total="39845888" percent="5" />
    <remembered-set count="43936" freebytes="4854656" totalbytes="5030400" percent="96" regionsoverflowed="0" regionsstable="2" regionsrebuilding="0"/>
  </mem-info>
</gc-start>
<allocation-stats totalBytes="37682952" >
  <allocated-bytes non-tlh="0" tlh="37682952" arrayletleaf="0"/>
  <largest-consumer threadName="main" threadId="0000000001FF0F00" bytes="18840744" />
</allocation-stats>
<gc-op id="1551" type="sweep" timems="3.491" contextid="1548" timestamp="2019-08-09T00:18:57.657" />
<gc-op id="1552" type="copy forward" timems="8.198" contextid="1548" timestamp="2019-08-09T00:18:57.667">
  <memory-copied type="eden" objects="3" bytes="72" bytesdiscarded="0" />
  <memory-copied type="other" objects="0" bytes="0" bytesdiscarded="0" />
  <memory-cardclean objects="15" bytes="656" />
  <regions eden="9" other="1" />
  <remembered-set-cleared processed="38691" cleared="9" durationms="0.238" />
  <stringconstants candidates="13776" cleared="0"  />
</gc-op>
<gc-op id="1553" type="classunload" timems="0.010" contextid="1548" timestamp="2019-08-09T00:18:57.667">
  <classunload-info classloadercandidates="54" classloadersunloaded="0" classesunloaded="0" anonymousclassesunloaded="0" quiescems="0.000" setupms="0.010" scanms="0.000" postms="0.000" />
</gc-op>
<heap-resize id="1554" type="expand" space="default" amount="16777216" count="1" timems="0.086" reason="excessive time being spent in gc" timestamp="2019-08-09T00:18:57.667" />
<gc-end id="1555" type="partial gc" contextid="1548" durationms="13.667" usertimems="59.207" systemtimems="0.000" timestamp="2019-08-09T00:18:57.667" activeThreads="16">
  <mem-info id="1556" free="85983232" total="142606336" percent="60">
    <mem type="eden" free="2097080" total="2097152" percent="99" />
    <remembered-set count="42080" freebytes="5532800" totalbytes="5701120" percent="97" regionsoverflowed="0" regionsstable="2" regionsrebuilding="0"/>
  </mem-info>
</gc-end>
<cycle-end id="1557" type="partial gc" contextid="1548" timestamp="2019-08-09T00:18:57.667" />
  <attribute name="elasticGC enabled" value="1" />
  <attribute name= "numThreadsSpecified" value="16" />
  <attribute name="heapSize specified" value="0" />
  <attribute name="Current GC Util" value="256" />
  <attribute name= "Current Time Running" value="147892" />
  <attribute name ="GC Interval" value="0" />
  <attribute name="Target GC Util Change" value ="80.000000" />
  <attribute name="Current GC Util Change" value="256.000000"/>
  <attribute name="Current Error" value="-305.000000" />
  <attribute name="Output H" value="125866784"/>
  <attribute name="Output I" value="1824"/>
  <attribute name="Output T" value="16"/>
  <attribute name= "Current Time Running" value="147892" />
  <attribute name="GC Util currently" value="256" />
  <attribute name="CPU Util currently" value="1233283455457" />
<exclusive-end id="1558" timestamp="2019-08-09T00:18:57.668" durationms="14.553" />

<exclusive-start id="1559" timestamp="2019-08-09T00:18:57.718" intervalms="64.692">
  <response-info timems="0.078" idlems="0.078" threads="0" lastid="0000000001FF0F00" lastname="main" />
</exclusive-start>
<allocation-taxation id="1560" taxation-threshold="41943040" timestamp="2019-08-09T00:18:57.718" intervalms="64.732" />
<cycle-start id="1561" type="partial gc" contextid="0" timestamp="2019-08-09T00:18:57.718" intervalms="64.720" />
<gc-start id="1562" type="partial gc" contextid="1561" timestamp="2019-08-09T00:18:57.718">
  <mem-info id="1563" free="44040192" total="142606336" percent="30">
    <mem type="eden" free="2097080" total="44040192" percent="4" />
    <remembered-set count="42080" freebytes="5532800" totalbytes="5701120" percent="97" regionsoverflowed="0" regionsstable="2" regionsrebuilding="0"/>
  </mem-info>
</gc-start>
<allocation-stats totalBytes="41868464" >
  <allocated-bytes non-tlh="0" tlh="41868464" arrayletleaf="0"/>
  <largest-consumer threadName="main" threadId="0000000001FF0F00" bytes="41868464" />
</allocation-stats>
<gc-op id="1564" type="copy forward" timems="15.429" contextid="1561" timestamp="2019-08-09T00:18:57.735">
  <memory-copied type="eden" objects="3" bytes="72" bytesdiscarded="0" />
  <memory-copied type="other" objects="57062" bytes="1422768" bytesdiscarded="105272" />
  <memory-cardclean objects="8802" bytes="527680" />
  <regions eden="20" other="3" />
  <remembered-set-cleared processed="38006" cleared="4671" durationms="0.268" />
  <references type="soft" candidates="90" cleared="0" enqueued="0" dynamicThreshold="19" maxThreshold="32" />
  <references type="weak" candidates="69" cleared="0" enqueued="0" />
  <references type="phantom" candidates="1" cleared="0" enqueued="0" />
  <stringconstants candidates="13776" cleared="0"  />
</gc-op>
<gc-op id="1565" type="classunload" timems="0.010" contextid="1561" timestamp="2019-08-09T00:18:57.735">
  <classunload-info classloadercandidates="54" classloadersunloaded="0" classesunloaded="0" anonymousclassesunloaded="0" quiescems="0.000" setupms="0.009" scanms="0.000" postms="0.000" />
</gc-op>
<gc-end id="1566" type="partial gc" contextid="1561" durationms="16.921" usertimems="76.160" systemtimems="0.000" timestamp="2019-08-09T00:18:57.735" activeThreads="16">
  <mem-info id="1567" free="85983232" total="142606336" percent="60">
    <mem type="eden" free="2097080" total="2097152" percent="99" />
    <remembered-set count="45440" freebytes="5519360" totalbytes="5701120" percent="96" regionsoverflowed="0" regionsstable="2" regionsrebuilding="0"/>
  </mem-info>
</gc-end>
<cycle-end id="1568" type="partial gc" contextid="1561" timestamp="2019-08-09T00:18:57.735" />
  <attribute name="elasticGC enabled" value="1" />
  <attribute name= "numThreadsSpecified" value="16" />
  <attribute name="heapSize specified" value="0" />
  <attribute name="Current GC Util" value="167" />
  <attribute name= "Current Time Running" value="147952" />
  <attribute name ="GC Interval" value="0" />
  <attribute name="Target GC Util Change" value ="80.000000" />
  <attribute name="Current GC Util Change" value="167.000000"/>
  <attribute name="Current Error" value="-348.000000" />
  <attribute name="Output H" value="142643976"/>
  <attribute name="Output I" value="1800"/>
  <attribute name="Output T" value="16"/>
  <attribute name= "Current Time Running" value="147952" />
  <attribute name="GC Util currently" value="167" />
  <attribute name="CPU Util currently" value="1517013913364" />
<exclusive-end id="1569" timestamp="2019-08-09T00:18:57.736" durationms="17.876" />

<exclusive-start id="1570" timestamp="2019-08-09T00:18:57.778" intervalms="60.479">
  <response-info timems="0.032" idlems="0.032" threads="0" lastid="0000000001FF0F00" lastname="main" />
</exclusive-start>
<allocation-taxation id="1571" taxation-threshold="41943040" timestamp="2019-08-09T00:18:57.778" intervalms="60.453" />
<cycle-start id="1572" type="partial gc" contextid="0" timestamp="2019-08-09T00:18:57.779" intervalms="60.588" />
<gc-start id="1573" type="partial gc" contextid="1572" timestamp="2019-08-09T00:18:57.779">
  <mem-info id="1574" free="44040192" total="142606336" percent="30">
    <mem type="eden" free="2097080" total="44040192" percent="4" />
    <remembered-set count="44064" freebytes="5524864" totalbytes="5701120" percent="96" regionsoverflowed="0" regionsstable="3" regionsrebuilding="0"/>
  </mem-info>
</gc-start>
<allocation-stats totalBytes="41869128" >
  <allocated-bytes non-tlh="0" tlh="41869128" arrayletleaf="0"/>
  <largest-consumer threadName="main" threadId="0000000001FF0F00" bytes="41869128" />
</allocation-stats>
<gc-op id="1575" type="copy forward" timems="15.626" contextid="1572" timestamp="2019-08-09T00:18:57.796">
  <memory-copied type="eden" objects="3" bytes="72" bytesdiscarded="0" />
  <memory-copied type="other" objects="7" bytes="160" bytesdiscarded="0" />
  <memory-cardclean objects="32" bytes="1304" />
  <regions eden="20" other="2" />
  <remembered-set-cleared processed="37656" cleared="14" durationms="0.471" />
  <stringconstants candidates="13776" cleared="0"  />
</gc-op>
<gc-op id="1576" type="classunload" timems="0.013" contextid="1572" timestamp="2019-08-09T00:18:57.796">
  <classunload-info classloadercandidates="54" classloadersunloaded="0" classesunloaded="0" anonymousclassesunloaded="0" quiescems="0.000" setupms="0.013" scanms="0.000" postms="0.000" />
</gc-op>
<gc-end id="1577" type="partial gc" contextid="1572" durationms="17.352" usertimems="32.283" systemtimems="0.000" timestamp="2019-08-09T00:18:57.796" activeThreads="16">
  <mem-info id="1578" free="85983232" total="142606336" percent="60">
    <mem type="eden" free="2097080" total="2097152" percent="99" />
    <remembered-set count="41120" freebytes="5536640" totalbytes="5701120" percent="97" regionsoverflowed="0" regionsstable="3" regionsrebuilding="0"/>
  </mem-info>
</gc-end>
<cycle-end id="1579" type="partial gc" contextid="1572" timestamp="2019-08-09T00:18:57.797" />
  <attribute name="elasticGC enabled" value="1" />
  <attribute name= "numThreadsSpecified" value="16" />
  <attribute name="heapSize specified" value="0" />
  <attribute name="Current GC Util" value="88" />
  <attribute name= "Current Time Running" value="148014" />
  <attribute name ="GC Interval" value="0" />
  <attribute name="Target GC Util Change" value ="80.000000" />
  <attribute name="Current GC Util Change" value="88.000000"/>
  <attribute name="Current Error" value="-344.000000" />
  <attribute name="Output H" value="142643984"/>
  <attribute name="Output I" value="1808"/>
  <attribute name="Output T" value="16"/>
  <attribute name= "Current Time Running" value="148014" />
  <attribute name="GC Util currently" value="88" />
  <attribute name="CPU Util currently" value="1097179278502" />
<exclusive-end id="1580" timestamp="2019-08-09T00:18:57.797" durationms="18.532" />

<exclusive-start id="1581" timestamp="2019-08-09T00:18:58.022" intervalms="243.328">
  <response-info timems="0.050" idlems="0.050" threads="0" lastid="0000000001FF0F00" lastname="main" />
</exclusive-start>
<allocation-taxation id="1582" taxation-threshold="41943040" timestamp="2019-08-09T00:18:58.022" intervalms="243.299" />
<cycle-start id="1583" type="partial gc" contextid="0" timestamp="2019-08-09T00:18:58.022" intervalms="243.335" />
<gc-start id="1584" type="partial gc" contextid="1583" timestamp="2019-08-09T00:18:58.022">
  <mem-info id="1585" free="44040192" total="142606336" percent="30">
    <mem type="eden" free="2097080" total="44040192" percent="4" />
    <remembered-set count="41120" freebytes="5536640" totalbytes="5701120" percent="97" regionsoverflowed="0" regionsstable="3" regionsrebuilding="0"/>
  </mem-info>
</gc-start>
<allocation-stats totalBytes="41883664" >
  <allocated-bytes non-tlh="0" tlh="41883664" arrayletleaf="0"/>
  <largest-consumer threadName="main" threadId="0000000001FF0F00" bytes="41883664" />
</allocation-stats>
<gc-op id="1586" type="copy forward" timems="13.273" contextid="1583" timestamp="2019-08-09T00:18:58.036">
  <memory-copied type="eden" objects="36" bytes="1496" bytesdiscarded="528" />
  <memory-copied type="other" objects="14" bytes="320" bytesdiscarded="336" />
  <memory-cardclean objects="123" bytes="4784" />
  <regions eden="20" other="3" />
  <remembered-set-cleared processed="37654" cleared="41" durationms="0.219" />
  <stringconstants candidates="13776" cleared="0"  />
</gc-op>
<gc-op id="1587" type="classunload" timems="0.010" contextid="1583" timestamp="2019-08-09T00:18:58.036">
  <classunload-info classloadercandidates="54" classloadersunloaded="0" classesunloaded="0" anonymousclassesunloaded="0" quiescems="0.000" setupms="0.010" scanms="0.000" postms="0.000" />
</gc-op>
<heap-resize id="1588" type="contract" space="default" amount="2097152" count="1" timems="0.113" reason="excess free space following gc" timestamp="2019-08-09T00:18:58.037" />
<gc-end id="1589" type="partial gc" contextid="1583" durationms="14.613" usertimems="41.129" systemtimems="0.000" timestamp="2019-08-09T00:18:58.037" activeThreads="16">
  <mem-info id="1590" free="85983232" total="140509184" percent="61">
    <mem type="eden" free="2095128" total="2097152" percent="99" />
    <remembered-set count="41568" freebytes="5534848" totalbytes="5701120" percent="97" regionsoverflowed="0" regionsstable="3" regionsrebuilding="0"/>
  </mem-info>
</gc-end>
<cycle-end id="1591" type="partial gc" contextid="1583" timestamp="2019-08-09T00:18:58.037" />
  <attribute name="elasticGC enabled" value="1" />
  <attribute name= "numThreadsSpecified" value="16" />
  <attribute name="heapSize specified" value="0" />
  <attribute name="Current GC Util" value="136" />
  <attribute name= "Current Time Running" value="148256" />
  <attribute name ="GC Interval" value="0" />
  <attribute name="Target GC Util Change" value ="80.000000" />
  <attribute name="Current GC Util Change" value="136.000000"/>
  <attribute name="Current Error" value="12.000000" />
  <attribute name="Output H" value="142644184"/>
  <attribute name="Output I" value="2008"/>
  <attribute name="Output T" value="16"/>
  <attribute name= "Current Time Running" value="148256" />
  <attribute name="GC Util currently" value="136" />
  <attribute name="CPU Util currently" value="1804066971913" />
<exclusive-end id="1592" timestamp="2019-08-09T00:18:58.037" durationms="15.638" />

<exclusive-start id="1593" timestamp="2019-08-09T00:18:58.202" intervalms="180.505">
  <response-info timems="0.018" idlems="0.018" threads="0" lastid="0000000001FF0F00" lastname="main" />
</exclusive-start>
<allocation-taxation id="1594" taxation-threshold="41943040" timestamp="2019-08-09T00:18:58.202" intervalms="180.506" />
<cycle-start id="1595" type="partial gc" contextid="0" timestamp="2019-08-09T00:18:58.202" intervalms="180.380" />
<gc-start id="1596" type="partial gc" contextid="1595" timestamp="2019-08-09T00:18:58.203">
  <mem-info id="1597" free="44040192" total="140509184" percent="31">
    <mem type="eden" free="0" total="41943040" percent="0" />
    <remembered-set count="41216" freebytes="5536256" totalbytes="5701120" percent="97" regionsoverflowed="0" regionsstable="3" regionsrebuilding="0"/>
  </mem-info>
</gc-start>
<allocation-stats totalBytes="41901768" >
  <allocated-bytes non-tlh="0" tlh="41901768" arrayletleaf="0"/>
  <largest-consumer threadName="main" threadId="0000000001FF0F00" bytes="41901768" />
</allocation-stats>
<gc-op id="1598" type="copy forward" timems="15.741" contextid="1595" timestamp="2019-08-09T00:18:58.220">
  <memory-copied type="eden" objects="30" bytes="1736" bytesdiscarded="0" />
  <memory-copied type="other" objects="64235" bytes="1591832" bytesdiscarded="68704" />
  <memory-cardclean objects="10075" bytes="536760" />
  <regions eden="20" other="4" />
  <remembered-set-cleared processed="36831" cleared="5996" durationms="0.465" />
  <stringconstants candidates="13776" cleared="0"  />
</gc-op>
<gc-op id="1599" type="classunload" timems="0.012" contextid="1595" timestamp="2019-08-09T00:18:58.220">
  <classunload-info classloadercandidates="54" classloadersunloaded="0" classesunloaded="0" anonymousclassesunloaded="0" quiescems="0.000" setupms="0.011" scanms="0.000" postms="0.000" />
</gc-op>
<gc-end id="1600" type="partial gc" contextid="1595" durationms="17.398" usertimems="42.092" systemtimems="0.000" timestamp="2019-08-09T00:18:58.220" activeThreads="16">
  <mem-info id="1601" free="85983232" total="140509184" percent="61">
    <mem type="eden" free="2095416" total="2097152" percent="99" />
    <remembered-set count="41408" freebytes="5451648" totalbytes="5617280" percent="97" regionsoverflowed="0" regionsstable="3" regionsrebuilding="0"/>
  </mem-info>
</gc-end>
<cycle-end id="1602" type="partial gc" contextid="1595" timestamp="2019-08-09T00:18:58.220" />
  <attribute name="elasticGC enabled" value="1" />
  <attribute name= "numThreadsSpecified" value="16" />
  <attribute name="heapSize specified" value="0" />
  <attribute name="Current GC Util" value="69" />
  <attribute name= "Current Time Running" value="148437" />
  <attribute name ="GC Interval" value="0" />
  <attribute name="Target GC Util Change" value ="80.000000" />
  <attribute name="Current GC Util Change" value="69.000000"/>
  <attribute name="Current Error" value="89.000000" />
  <attribute name="Output H" value="140547080"/>
  <attribute name="Output I" value="2056"/>
  <attribute name="Output T" value="16"/>
  <attribute name= "Current Time Running" value="148437" />
  <attribute name="GC Util currently" value="69" />
  <attribute name="CPU Util currently" value="1124076543263" />
<exclusive-end id="1603" timestamp="2019-08-09T00:18:58.220" durationms="18.071" />

<exclusive-start id="1604" timestamp="2019-08-09T00:18:58.266" intervalms="64.080">
  <response-info timems="0.059" idlems="0.059" threads="0" lastid="0000000001FF0F00" lastname="main" />
</exclusive-start>
<allocation-taxation id="1605" taxation-threshold="41943040" timestamp="2019-08-09T00:18:58.266" intervalms="64.083" />
<cycle-start id="1606" type="partial gc" contextid="0" timestamp="2019-08-09T00:18:58.266" intervalms="64.028" />
<gc-start id="1607" type="partial gc" contextid="1606" timestamp="2019-08-09T00:18:58.267">
  <mem-info id="1608" free="44040192" total="140509184" percent="31">
    <mem type="eden" free="0" total="41943040" percent="0" />
    <remembered-set count="41408" freebytes="5451648" totalbytes="5617280" percent="97" regionsoverflowed="0" regionsstable="3" regionsrebuilding="0"/>
  </mem-info>
</gc-start>
<allocation-stats totalBytes="41911656" >
  <allocated-bytes non-tlh="0" tlh="41911656" arrayletleaf="0"/>
  <largest-consumer threadName="main" threadId="0000000001FF0F00" bytes="41911656" />
</allocation-stats>
<gc-op id="1609" type="copy forward" timems="10.190" contextid="1606" timestamp="2019-08-09T00:18:58.278">
  <memory-copied type="eden" objects="4" bytes="288" bytesdiscarded="0" />
  <memory-copied type="other" objects="39" bytes="1536" bytesdiscarded="0" />
  <memory-cardclean objects="56" bytes="2488" />
  <regions eden="20" other="2" />
  <remembered-set-cleared processed="36006" cleared="27" durationms="0.334" />
  <stringconstants candidates="13776" cleared="0"  />
</gc-op>
<gc-op id="1610" type="classunload" timems="0.009" contextid="1606" timestamp="2019-08-09T00:18:58.278">
  <classunload-info classloadercandidates="54" classloadersunloaded="0" classesunloaded="0" anonymousclassesunloaded="0" quiescems="0.000" setupms="0.008" scanms="0.000" postms="0.000" />
</gc-op>
<gc-end id="1611" type="partial gc" contextid="1606" durationms="11.656" usertimems="35.107" systemtimems="0.000" timestamp="2019-08-09T00:18:58.278" activeThreads="16">
  <mem-info id="1612" free="83886080" total="140509184" percent="59">
    <mem type="eden" free="2096864" total="2097152" percent="99" />
    <remembered-set count="39808" freebytes="5458048" totalbytes="5617280" percent="97" regionsoverflowed="0" regionsstable="3" regionsrebuilding="0"/>
  </mem-info>
</gc-end>
<cycle-end id="1613" type="partial gc" contextid="1606" timestamp="2019-08-09T00:18:58.278" />
  <attribute name="elasticGC enabled" value="1" />
  <attribute name= "numThreadsSpecified" value="16" />
  <attribute name="heapSize specified" value="0" />
  <attribute name="Current GC Util" value="104" />
  <attribute name= "Current Time Running" value="148501" />
  <attribute name ="GC Interval" value="0" />
  <attribute name="Target GC Util Change" value ="80.000000" />
  <attribute name="Current GC Util Change" value="104.000000"/>
  <attribute name="Current Error" value="80.000000" />
  <attribute name="Output H" value="140547072"/>
  <attribute name="Output I" value="2048"/>
  <attribute name="Output T" value="16"/>
  <attribute name= "Current Time Running" value="148501" />
  <attribute name="GC Util currently" value="104" />
  <attribute name="CPU Util currently" value="1488477996800" />
<exclusive-end id="1614" timestamp="2019-08-09T00:18:58.278" durationms="12.266" />

<exclusive-start id="1615" timestamp="2019-08-09T00:18:58.455" intervalms="188.703">
  <response-info timems="0.105" idlems="0.105" threads="0" lastid="0000000001FF0F00" lastname="main" />
</exclusive-start>
<allocation-taxation id="1616" taxation-threshold="41943040" timestamp="2019-08-09T00:18:58.455" intervalms="188.697" />
<cycle-start id="1617" type="partial gc" contextid="0" timestamp="2019-08-09T00:18:58.455" intervalms="188.706" />
<gc-start id="1618" type="partial gc" contextid="1617" timestamp="2019-08-09T00:18:58.455">
  <mem-info id="1619" free="41943040" total="140509184" percent="29">
    <mem type="eden" free="2096864" total="44040192" percent="4" />
    <remembered-set count="39488" freebytes="5459328" totalbytes="5617280" percent="97" regionsoverflowed="0" regionsstable="3" regionsrebuilding="0"/>
  </mem-info>
</gc-start>
<allocation-stats totalBytes="41899392" >
  <allocated-bytes non-tlh="3776" tlh="41895616" arrayletleaf="0"/>
  <largest-consumer threadName="main" threadId="0000000001FF0F00" bytes="41899392" />
</allocation-stats>
<gc-op id="1620" type="copy forward" timems="15.946" contextid="1617" timestamp="2019-08-09T00:18:58.473">
  <memory-copied type="eden" objects="1011" bytes="54168" bytesdiscarded="2080" />
  <memory-copied type="other" objects="65654" bytes="1608664" bytesdiscarded="98608" />
  <memory-cardclean objects="4937" bytes="405080" />
  <regions eden="20" other="4" />
  <remembered-set-cleared processed="35646" cleared="5371" durationms="0.256" />
  <references type="soft" candidates="9" cleared="0" enqueued="0" dynamicThreshold="19" maxThreshold="32" />
  <references type="weak" candidates="62" cleared="0" enqueued="0" />
  <stringconstants candidates="13813" cleared="0"  />
</gc-op>
<gc-op id="1621" type="classunload" timems="0.012" contextid="1617" timestamp="2019-08-09T00:18:58.473">
  <classunload-info classloadercandidates="54" classloadersunloaded="0" classesunloaded="0" anonymousclassesunloaded="0" quiescems="0.000" setupms="0.011" scanms="0.000" postms="0.000" />
</gc-op>
<gc-end id="1622" type="partial gc" contextid="1617" durationms="17.743" usertimems="48.526" systemtimems="0.000" timestamp="2019-08-09T00:18:58.473" activeThreads="16">
  <mem-info id="1623" free="85983232" total="140509184" percent="61">
    <mem type="eden" free="2040872" total="2097152" percent="97" />
    <remembered-set count="40736" freebytes="5454336" totalbytes="5617280" percent="97" regionsoverflowed="0" regionsstable="3" regionsrebuilding="0"/>
  </mem-info>
</gc-end>
<cycle-end id="1624" type="partial gc" contextid="1617" timestamp="2019-08-09T00:18:58.473" />
  <attribute name="elasticGC enabled" value="1" />
  <attribute name= "numThreadsSpecified" value="16" />
  <attribute name="heapSize specified" value="0" />
  <attribute name="Current GC Util" value="273" />
  <attribute name= "Current Time Running" value="148690" />
  <attribute name ="GC Interval" value="0" />
  <attribute name="Target GC Util Change" value ="80.000000" />
  <attribute name="Current GC Util Change" value="273.000000"/>
  <attribute name="Current Error" value="-125.000000" />
  <attribute name="Output H" value="140546952"/>
  <attribute name="Output I" value="1928"/>
  <attribute name="Output T" value="16"/>
  <attribute name= "Current Time Running" value="148690" />
  <attribute name="GC Util currently" value="273" />
  <attribute name="CPU Util currently" value="930317064411" />
<exclusive-end id="1625" timestamp="2019-08-09T00:18:58.473" durationms="18.526" />

<exclusive-start id="1626" timestamp="2019-08-09T00:18:58.595" intervalms="140.211">
  <response-info timems="0.063" idlems="0.063" threads="0" lastid="0000000001FF0F00" lastname="main" />
</exclusive-start>
<allocation-taxation id="1627" taxation-threshold="41943040" timestamp="2019-08-09T00:18:58.595" intervalms="140.219" />
<cycle-start id="1628" type="partial gc" contextid="0" timestamp="2019-08-09T00:18:58.595" intervalms="140.241" />
<gc-start id="1629" type="partial gc" contextid="1628" timestamp="2019-08-09T00:18:58.596">
  <mem-info id="1630" free="44040192" total="140509184" percent="31">
    <mem type="eden" free="0" total="41943040" percent="0" />
    <remembered-set count="37792" freebytes="5466112" totalbytes="5617280" percent="97" regionsoverflowed="0" regionsstable="5" regionsrebuilding="0"/>
  </mem-info>
</gc-start>
<allocation-stats totalBytes="41870672" >
  <allocated-bytes non-tlh="0" tlh="41870672" arrayletleaf="0"/>
  <largest-consumer threadName="main" threadId="0000000001FF0F00" bytes="41870672" />
</allocation-stats>
<gc-op id="1631" type="copy forward" timems="10.422" contextid="1628" timestamp="2019-08-09T00:18:58.607">
  <memory-copied type="eden" objects="3" bytes="1080" bytesdiscarded="0" />
  <memory-copied type="other" objects="1017" bytes="52272" bytesdiscarded="5240" />
  <memory-cardclean objects="205" bytes="20000" />
  <regions eden="20" other="2" />
  <remembered-set-cleared processed="33171" cleared="153" durationms="0.223" />
  <references type="soft" candidates="9" cleared="0" enqueued="0" dynamicThreshold="19" maxThreshold="32" />
  <references type="weak" candidates="62" cleared="0" enqueued="0" />
  <stringconstants candidates="13813" cleared="0"  />
</gc-op>
<gc-op id="1632" type="classunload" timems="0.011" contextid="1628" timestamp="2019-08-09T00:18:58.607">
  <classunload-info classloadercandidates="54" classloadersunloaded="0" classesunloaded="0" anonymousclassesunloaded="0" quiescems="0.000" setupms="0.011" scanms="0.000" postms="0.000" />
</gc-op>
<gc-end id="1633" type="partial gc" contextid="1628" durationms="11.644" usertimems="27.777" systemtimems="0.000" timestamp="2019-08-09T00:18:58.607" activeThreads="16">
  <mem-info id="1634" free="83886080" total="140509184" percent="59">
    <mem type="eden" free="2096072" total="2097152" percent="99" />
    <remembered-set count="37792" freebytes="5466112" totalbytes="5617280" percent="97" regionsoverflowed="0" regionsstable="5" regionsrebuilding="0"/>
  </mem-info>
</gc-end>
<cycle-end id="1635" type="partial gc" contextid="1628" timestamp="2019-08-09T00:18:58.607" />
  <attribute name="elasticGC enabled" value="1" />
  <attribute name= "numThreadsSpecified" value="16" />
  <attribute name="heapSize specified" value="0" />
  <attribute name="Current GC Util" value="142" />
  <attribute name= "Current Time Running" value="148830" />
  <attribute name ="GC Interval" value="0" />
  <attribute name="Target GC Util Change" value ="80.000000" />
  <attribute name="Current GC Util Change" value="142.000000"/>
  <attribute name="Current Error" value="-139.000000" />
  <attribute name="Output H" value="140546944"/>
  <attribute name="Output I" value="1920"/>
  <attribute name="Output T" value="16"/>
  <attribute name= "Current Time Running" value="148830" />
  <attribute name="GC Util currently" value="142" />
  <attribute name="CPU Util currently" value="2059303166258" />
<exclusive-end id="1636" timestamp="2019-08-09T00:18:58.607" durationms="12.361" />

<exclusive-start id="1637" timestamp="2019-08-09T00:18:59.283" intervalms="687.434">
  <response-info timems="0.075" idlems="0.075" threads="0" lastid="0000000001FF0F00" lastname="main" />
</exclusive-start>
<allocation-taxation id="1638" taxation-threshold="41943040" timestamp="2019-08-09T00:18:59.283" intervalms="687.436" />
<cycle-start id="1639" type="partial gc" contextid="0" timestamp="2019-08-09T00:18:59.283" intervalms="687.453" />
<gc-start id="1640" type="partial gc" contextid="1639" timestamp="2019-08-09T00:18:59.283">
  <mem-info id="1641" free="41943040" total="140509184" percent="29">
    <mem type="eden" free="2096072" total="44040192" percent="4" />
    <remembered-set count="37504" freebytes="5467264" totalbytes="5617280" percent="97" regionsoverflowed="0" regionsstable="5" regionsrebuilding="0"/>
  </mem-info>
</gc-start>
<allocation-stats totalBytes="41914368" >
  <allocated-bytes non-tlh="0" tlh="41914368" arrayletleaf="0"/>
  <largest-consumer threadName="main" threadId="0000000001FF0F00" bytes="41914368" />
</allocation-stats>
<gc-op id="1642" type="copy forward" timems="22.163" contextid="1639" timestamp="2019-08-09T00:18:59.306">
  <memory-copied type="eden" objects="63" bytes="1960" bytesdiscarded="1168" />
  <memory-copied type="other" objects="38040" bytes="1808320" bytesdiscarded="242288" />
  <memory-cardclean objects="74265" bytes="2011840" />
  <regions eden="20" other="4" />
  <remembered-set-cleared processed="24881" cleared="4283" durationms="0.262" />
  <finalization candidates="19" enqueued="0" />
  <references type="soft" candidates="837" cleared="0" enqueued="0" dynamicThreshold="19" maxThreshold="32" />
  <references type="weak" candidates="1702" cleared="0" enqueued="0" />
  <references type="phantom" candidates="52" cleared="0" enqueued="0" />
  <stringconstants candidates="13813" cleared="0"  />
</gc-op>
<gc-op id="1643" type="classunload" timems="0.010" contextid="1639" timestamp="2019-08-09T00:18:59.306">
  <classunload-info classloadercandidates="54" classloadersunloaded="0" classesunloaded="0" anonymousclassesunloaded="0" quiescems="0.000" setupms="0.009" scanms="0.000" postms="0.000" />
</gc-op>
<heap-resize id="1644" type="contract" space="default" amount="8388608" count="1" timems="0.107" reason="insufficient time being spent in gc" timestamp="2019-08-09T00:18:59.307" />
<gc-end id="1645" type="partial gc" contextid="1639" durationms="23.522" usertimems="47.721" systemtimems="0.000" timestamp="2019-08-09T00:18:59.307" activeThreads="16">
  <mem-info id="1646" free="77594624" total="132120576" percent="58">
    <mem type="eden" free="2094024" total="2097152" percent="99" />
    <remembered-set count="39936" freebytes="5457536" totalbytes="5617280" percent="97" regionsoverflowed="0" regionsstable="5" regionsrebuilding="0"/>
  </mem-info>
</gc-end>
<cycle-end id="1647" type="partial gc" contextid="1639" timestamp="2019-08-09T00:18:59.307" />
  <attribute name="elasticGC enabled" value="1" />
  <attribute name= "numThreadsSpecified" value="16" />
  <attribute name="heapSize specified" value="0" />
  <attribute name="Current GC Util" value="160" />
  <attribute name= "Current Time Running" value="149517" />
  <attribute name ="GC Interval" value="0" />
  <attribute name="Target GC Util Change" value ="80.000000" />
  <attribute name="Current GC Util Change" value="160.000000"/>
  <attribute name="Current Error" value="-142.000000" />
  <attribute name="Output H" value="140546944"/>
  <attribute name="Output I" value="1920"/>
  <attribute name="Output T" value="16"/>
  <attribute name= "Current Time Running" value="149517" />
  <attribute name="GC Util currently" value="160" />
  <attribute name="CPU Util currently" value="1881445320113" />
<exclusive-end id="1648" timestamp="2019-08-09T00:18:59.307" durationms="24.529" />

<exclusive-start id="1649" timestamp="2019-08-09T00:18:59.514" intervalms="231.868">
  <response-info timems="0.147" idlems="0.147" threads="0" lastid="0000000001FF0F00" lastname="main" />
</exclusive-start>
<allocation-taxation id="1650" taxation-threshold="39845888" timestamp="2019-08-09T00:18:59.514" intervalms="231.875" />
<cycle-start id="1651" type="partial gc" contextid="0" timestamp="2019-08-09T00:18:59.515" intervalms="231.861" />
<gc-start id="1652" type="partial gc" contextid="1651" timestamp="2019-08-09T00:18:59.515">
  <mem-info id="1653" free="37748736" total="132120576" percent="28">
    <mem type="eden" free="0" total="39845888" percent="0" />
    <remembered-set count="14720" freebytes="5558400" totalbytes="5617280" percent="98" regionsoverflowed="0" regionsstable="8" regionsrebuilding="0"/>
  </mem-info>
</gc-start>
<allocation-stats totalBytes="39838448" >
  <allocated-bytes non-tlh="0" tlh="39838448" arrayletleaf="0"/>
  <largest-consumer threadName="main" threadId="0000000001FF0F00" bytes="39838448" />
</allocation-stats>
<gc-op id="1654" type="copy forward" timems="10.904" contextid="1651" timestamp="2019-08-09T00:18:59.529">
  <memory-copied type="eden" objects="7" bytes="280" bytesdiscarded="0" />
  <memory-copied type="other" objects="100" bytes="2928" bytesdiscarded="1184" />
  <memory-cardclean objects="89" bytes="11984" />
  <regions eden="19" other="2" />
  <remembered-set-cleared processed="9123" cleared="26" durationms="0.221" />
  <references type="weak" candidates="38" cleared="0" enqueued="0" />
  <stringconstants candidates="13813" cleared="0"  />
</gc-op>
<gc-op id="1655" type="classunload" timems="0.013" contextid="1651" timestamp="2019-08-09T00:18:59.529">
  <classunload-info classloadercandidates="54" classloadersunloaded="0" classesunloaded="0" anonymousclassesunloaded="0" quiescems="0.000" setupms="0.013" scanms="0.000" postms="0.000" />
</gc-op>
<gc-end id="1656" type="partial gc" contextid="1651" durationms="14.716" usertimems="34.172" systemtimems="0.000" timestamp="2019-08-09T00:18:59.530" activeThreads="16">
  <mem-info id="1657" free="75497472" total="132120576" percent="57">
    <mem type="eden" free="2096872" total="2097152" percent="99" />
    <remembered-set count="12160" freebytes="5233280" totalbytes="5281920" percent="99" regionsoverflowed="0" regionsstable="8" regionsrebuilding="0"/>
  </mem-info>
</gc-end>
<cycle-end id="1658" type="partial gc" contextid="1651" timestamp="2019-08-09T00:18:59.530" />
  <attribute name="elasticGC enabled" value="1" />
  <attribute name= "numThreadsSpecified" value="16" />
  <attribute name="heapSize specified" value="0" />
  <attribute name="Current GC Util" value="33" />
  <attribute name= "Current Time Running" value="149752" />
  <attribute name ="GC Interval" value="0" />
  <attribute name="Target GC Util Change" value ="80.000000" />
  <attribute name="Current GC Util Change" value="33.000000"/>
  <attribute name="Current Error" value="108.000000" />
  <attribute name="Output H" value="132158480"/>
  <attribute name="Output I" value="2064"/>
  <attribute name="Output T" value="16"/>
  <attribute name= "Current Time Running" value="149752" />
  <attribute name="GC Util currently" value="33" />
  <attribute name="CPU Util currently" value="366954373694" />
<exclusive-end id="1659" timestamp="2019-08-09T00:18:59.530" durationms="15.553" />

<exclusive-start id="1660" timestamp="2019-08-09T00:18:59.654" intervalms="139.859">
  <response-info timems="0.067" idlems="0.067" threads="0" lastid="0000000001FF0F00" lastname="main" />
</exclusive-start>
<allocation-taxation id="1661" taxation-threshold="39845888" timestamp="2019-08-09T00:18:59.654" intervalms="139.846" />
<cycle-start id="1662" type="partial gc" contextid="0" timestamp="2019-08-09T00:18:59.654" intervalms="139.815" />
<gc-start id="1663" type="partial gc" contextid="1662" timestamp="2019-08-09T00:18:59.655">
  <mem-info id="1664" free="35651584" total="132120576" percent="26">
    <mem type="eden" free="2096872" total="41943040" percent="4" />
    <remembered-set count="12160" freebytes="5233280" totalbytes="5281920" percent="99" regionsoverflowed="0" regionsstable="8" regionsrebuilding="0"/>
  </mem-info>
</gc-start>
<allocation-stats totalBytes="39838592" >
  <allocated-bytes non-tlh="0" tlh="39838592" arrayletleaf="0"/>
  <largest-consumer threadName="main" threadId="0000000001FF0F00" bytes="39838592" />
</allocation-stats>
<gc-op id="1665" type="copy forward" timems="14.288" contextid="1662" timestamp="2019-08-09T00:18:59.670">
  <memory-copied type="eden" objects="5" bytes="240" bytesdiscarded="0" />
  <memory-copied type="other" objects="7" bytes="160" bytesdiscarded="0" />
  <memory-cardclean objects="44" bytes="2000" />
  <regions eden="19" other="2" />
  <remembered-set-cleared processed="9133" cleared="16" durationms="0.243" />
  <stringconstants candidates="13813" cleared="0"  />
</gc-op>
<gc-op id="1666" type="classunload" timems="0.013" contextid="1662" timestamp="2019-08-09T00:18:59.670">
  <classunload-info classloadercandidates="54" classloadersunloaded="0" classesunloaded="0" anonymousclassesunloaded="0" quiescems="0.000" setupms="0.013" scanms="0.000" postms="0.000" />
</gc-op>
<heap-resize id="1667" type="contract" space="default" amount="8388608" count="1" timems="0.365" reason="insufficient time being spent in gc" timestamp="2019-08-09T00:18:59.671" />
<gc-end id="1668" type="partial gc" contextid="1662" durationms="16.213" usertimems="46.435" systemtimems="0.000" timestamp="2019-08-09T00:18:59.671" activeThreads="16">
  <mem-info id="1669" free="67108864" total="123731968" percent="54">
    <mem type="eden" free="2096912" total="2097152" percent="99" />
    <remembered-set count="12480" freebytes="5232000" totalbytes="5281920" percent="99" regionsoverflowed="0" regionsstable="8" regionsrebuilding="0"/>
  </mem-info>
</gc-end>
<cycle-end id="1670" type="partial gc" contextid="1662" timestamp="2019-08-09T00:18:59.671" />
  <attribute name="elasticGC enabled" value="1" />
  <attribute name= "numThreadsSpecified" value="16" />
  <attribute name="heapSize specified" value="0" />
  <attribute name="Current GC Util" value="113" />
  <attribute name= "Current Time Running" value="149889" />
  <attribute name ="GC Interval" value="0" />
  <attribute name="Target GC Util Change" value ="80.000000" />
  <attribute name="Current GC Util Change" value="113.000000"/>
  <attribute name="Current Error" value="142.000000" />
  <attribute name="Output H" value="132158504"/>
  <attribute name="Output I" value="2088"/>
  <attribute name="Output T" value="16"/>
  <attribute name= "Current Time Running" value="149889" />
  <attribute name="GC Util currently" value="113" />
  <attribute name="CPU Util currently" value="1276572871634" />
<exclusive-end id="1671" timestamp="2019-08-09T00:18:59.671" durationms="17.038" />

<exclusive-start id="1672" timestamp="2019-08-09T00:18:59.831" intervalms="176.649">
  <response-info timems="0.030" idlems="0.030" threads="0" lastid="0000000001FF0F00" lastname="main" />
</exclusive-start>
<allocation-taxation id="1673" taxation-threshold="37748736" timestamp="2019-08-09T00:18:59.831" intervalms="176.660" />
<cycle-start id="1674" type="partial gc" contextid="0" timestamp="2019-08-09T00:18:59.831" intervalms="176.668" />
<gc-start id="1675" type="partial gc" contextid="1674" timestamp="2019-08-09T00:18:59.831">
  <mem-info id="1676" free="29360128" total="123731968" percent="23">
    <mem type="eden" free="2096912" total="39845888" percent="5" />
    <remembered-set count="12000" freebytes="5233920" totalbytes="5281920" percent="99" regionsoverflowed="0" regionsstable="8" regionsrebuilding="0"/>
  </mem-info>
</gc-start>
<allocation-stats totalBytes="37741688" >
  <allocated-bytes non-tlh="0" tlh="37741688" arrayletleaf="0"/>
  <largest-consumer threadName="main" threadId="0000000001FF0F00" bytes="37741688" />
</allocation-stats>
<gc-op id="1677" type="copy forward" timems="8.061" contextid="1674" timestamp="2019-08-09T00:18:59.841">
  <memory-copied type="eden" objects="4" bytes="200" bytesdiscarded="0" />
  <memory-copied type="other" objects="21" bytes="608" bytesdiscarded="0" />
  <memory-cardclean objects="694" bytes="37920" />
  <regions eden="18" other="2" />
  <remembered-set-cleared processed="9064" cleared="44" durationms="0.175" />
  <references type="weak" candidates="14" cleared="0" enqueued="0" />
  <stringconstants candidates="13813" cleared="0"  />
</gc-op>
<gc-op id="1678" type="classunload" timems="0.012" contextid="1674" timestamp="2019-08-09T00:18:59.841">
  <classunload-info classloadercandidates="54" classloadersunloaded="0" classesunloaded="0" anonymousclassesunloaded="0" quiescems="0.000" setupms="0.012" scanms="0.000" postms="0.000" />
</gc-op>
<gc-end id="1679" type="partial gc" contextid="1674" durationms="9.842" usertimems="19.635" systemtimems="0.000" timestamp="2019-08-09T00:18:59.841" activeThreads="16">
  <mem-info id="1680" free="67108864" total="123731968" percent="54">
    <mem type="eden" free="2096952" total="2097152" percent="99" />
    <remembered-set count="11616" freebytes="4900096" totalbytes="4946560" percent="99" regionsoverflowed="0" regionsstable="8" regionsrebuilding="0"/>
  </mem-info>
</gc-end>
<cycle-end id="1681" type="partial gc" contextid="1674" timestamp="2019-08-09T00:18:59.841" />
  <attribute name="elasticGC enabled" value="1" />
  <attribute name= "numThreadsSpecified" value="16" />
  <attribute name="heapSize specified" value="0" />
  <attribute name="Current GC Util" value="100" />
  <attribute name= "Current Time Running" value="150066" />
  <attribute name ="GC Interval" value="0" />
  <attribute name="Target GC Util Change" value ="80.000000" />
  <attribute name="Current GC Util Change" value="100.000000"/>
  <attribute name="Current Error" value="185.000000" />
  <attribute name="Output H" value="123769920"/>
  <attribute name="Output I" value="2112"/>
  <attribute name="Output T" value="16"/>
  <attribute name= "Current Time Running" value="150066" />
  <attribute name="GC Util currently" value="100" />
  <attribute name="CPU Util currently" value="962362204950" />
<exclusive-end id="1682" timestamp="2019-08-09T00:18:59.841" durationms="10.575" />

<exclusive-start id="1683" timestamp="2019-08-09T00:18:59.945" intervalms="113.858">
  <response-info timems="0.020" idlems="0.020" threads="0" lastid="0000000001FF0F00" lastname="main" />
</exclusive-start>
<allocation-taxation id="1684" taxation-threshold="37748736" timestamp="2019-08-09T00:18:59.945" intervalms="113.863" />
<cycle-start id="1685" type="partial gc" contextid="0" timestamp="2019-08-09T00:18:59.945" intervalms="113.867" />
<gc-start id="1686" type="partial gc" contextid="1685" timestamp="2019-08-09T00:18:59.945">
  <mem-info id="1687" free="29360128" total="123731968" percent="23">
    <mem type="eden" free="2096952" total="39845888" percent="5" />
    <remembered-set count="11168" freebytes="4901888" totalbytes="4946560" percent="99" regionsoverflowed="0" regionsstable="8" regionsrebuilding="0"/>
  </mem-info>
</gc-start>
<allocation-stats totalBytes="37741752" >
  <allocated-bytes non-tlh="0" tlh="37741752" arrayletleaf="0"/>
  <largest-consumer threadName="main" threadId="0000000001FF0F00" bytes="37741752" />
</allocation-stats>
<gc-op id="1688" type="copy forward" timems="6.758" contextid="1685" timestamp="2019-08-09T00:18:59.953">
  <memory-copied type="eden" objects="1" bytes="24" bytesdiscarded="0" />
  <memory-copied type="other" objects="31" bytes="1224" bytesdiscarded="128" />
  <memory-cardclean objects="68" bytes="11160" />
  <regions eden="18" other="2" />
  <remembered-set-cleared processed="9122" cleared="25" durationms="0.188" />
  <references type="weak" candidates="2" cleared="0" enqueued="0" />
  <stringconstants candidates="13813" cleared="0"  />
</gc-op>
<gc-op id="1689" type="classunload" timems="0.011" contextid="1685" timestamp="2019-08-09T00:18:59.953">
  <classunload-info classloadercandidates="54" classloadersunloaded="0" classesunloaded="0" anonymousclassesunloaded="0" quiescems="0.000" setupms="0.010" scanms="0.000" postms="0.000" />
</gc-op>
<gc-end id="1690" type="partial gc" contextid="1685" durationms="7.893" usertimems="16.951" systemtimems="0.000" timestamp="2019-08-09T00:18:59.953" activeThreads="16">
  <mem-info id="1691" free="67108864" total="123731968" percent="54">
    <mem type="eden" free="2097128" total="2097152" percent="99" />
    <remembered-set count="11616" freebytes="4900096" totalbytes="4946560" percent="99" regionsoverflowed="0" regionsstable="8" regionsrebuilding="0"/>
  </mem-info>
</gc-end>
<cycle-end id="1692" type="partial gc" contextid="1685" timestamp="2019-08-09T00:18:59.953" />
  <attribute name="elasticGC enabled" value="1" />
  <attribute name= "numThreadsSpecified" value="16" />
  <attribute name="heapSize specified" value="0" />
  <attribute name="Current GC Util" value="121" />
  <attribute name= "Current Time Running" value="150179" />
  <attribute name ="GC Interval" value="0" />
  <attribute name="Target GC Util Change" value ="80.000000" />
  <attribute name="Current GC Util Change" value="121.000000"/>
  <attribute name="Current Error" value="23.000000" />
  <attribute name="Output H" value="123769824"/>
  <attribute name="Output I" value="2016"/>
  <attribute name="Output T" value="16"/>
  <attribute name= "Current Time Running" value="150179" />
  <attribute name="GC Util currently" value="121" />
  <attribute name="CPU Util currently" value="1743625005490" />
<exclusive-end id="1693" timestamp="2019-08-09T00:18:59.953" durationms="8.455" />

<exclusive-start id="1694" timestamp="2019-08-09T00:19:00.077" intervalms="132.656">
  <response-info timems="0.023" idlems="0.023" threads="0" lastid="0000000001FF0F00" lastname="main" />
</exclusive-start>
<allocation-taxation id="1695" taxation-threshold="37748736" timestamp="2019-08-09T00:19:00.077" intervalms="132.642" />
<cycle-start id="1696" type="partial gc" contextid="0" timestamp="2019-08-09T00:19:00.078" intervalms="132.656" />
<gc-start id="1697" type="partial gc" contextid="1696" timestamp="2019-08-09T00:19:00.078">
  <mem-info id="1698" free="29360128" total="123731968" percent="23">
    <mem type="eden" free="2097128" total="39845888" percent="5" />
    <remembered-set count="11136" freebytes="4902016" totalbytes="4946560" percent="99" regionsoverflowed="0" regionsstable="8" regionsrebuilding="0"/>
  </mem-info>
</gc-start>
<allocation-stats totalBytes="37741536" >
  <allocated-bytes non-tlh="0" tlh="37741536" arrayletleaf="0"/>
  <largest-consumer threadName="main" threadId="0000000001FF0F00" bytes="37741536" />
</allocation-stats>
<gc-op id="1699" type="copy forward" timems="15.212" contextid="1696" timestamp="2019-08-09T00:19:00.094">
  <memory-copied type="eden" objects="3" bytes="120" bytesdiscarded="0" />
  <memory-copied type="other" objects="0" bytes="0" bytesdiscarded="0" />
  <memory-cardclean objects="22" bytes="1080" />
  <regions eden="18" other="1" />
  <remembered-set-cleared processed="9128" cleared="3" durationms="0.163" />
  <stringconstants candidates="13813" cleared="0"  />
</gc-op>
<gc-op id="1700" type="classunload" timems="0.012" contextid="1696" timestamp="2019-08-09T00:19:00.094">
  <classunload-info classloadercandidates="54" classloadersunloaded="0" classesunloaded="0" anonymousclassesunloaded="0" quiescems="0.000" setupms="0.012" scanms="0.000" postms="0.000" />
</gc-op>
<gc-end id="1701" type="partial gc" contextid="1696" durationms="16.734" usertimems="23.950" systemtimems="0.000" timestamp="2019-08-09T00:19:00.095" activeThreads="16">
  <mem-info id="1702" free="67108864" total="123731968" percent="54">
    <mem type="eden" free="2097032" total="2097152" percent="99" />
    <remembered-set count="11584" freebytes="4900224" totalbytes="4946560" percent="99" regionsoverflowed="0" regionsstable="8" regionsrebuilding="0"/>
  </mem-info>
</gc-end>
<cycle-end id="1703" type="partial gc" contextid="1696" timestamp="2019-08-09T00:19:00.095" />
  <attribute name="elasticGC enabled" value="1" />
  <attribute name= "numThreadsSpecified" value="16" />
  <attribute name="heapSize specified" value="0" />
  <attribute name="Current GC Util" value="78" />
  <attribute name= "Current Time Running" value="150312" />
  <attribute name ="GC Interval" value="0" />
  <attribute name="Target GC Util Change" value ="80.000000" />
  <attribute name="Current GC Util Change" value="78.000000"/>
  <attribute name="Current Error" value="93.000000" />
  <attribute name="Output H" value="123769864"/>
  <attribute name="Output I" value="2056"/>
  <attribute name="Output T" value="16"/>
  <attribute name= "Current Time Running" value="150312" />
  <attribute name="GC Util currently" value="78" />
  <attribute name="CPU Util currently" value="1415628063085" />
<exclusive-end id="1704" timestamp="2019-08-09T00:19:00.095" durationms="17.782" />

<exclusive-start id="1705" timestamp="2019-08-09T00:19:00.135" intervalms="58.017">
  <response-info timems="0.019" idlems="0.019" threads="0" lastid="0000000001FF0F00" lastname="main" />
</exclusive-start>
<allocation-taxation id="1706" taxation-threshold="37748736" timestamp="2019-08-09T00:19:00.135" intervalms="58.010" />
<cycle-start id="1707" type="partial gc" contextid="0" timestamp="2019-08-09T00:19:00.136" intervalms="57.972" />
<gc-start id="1708" type="partial gc" contextid="1707" timestamp="2019-08-09T00:19:00.136">
  <mem-info id="1709" free="29360128" total="123731968" percent="23">
    <mem type="eden" free="2097032" total="39845888" percent="5" />
    <remembered-set count="11104" freebytes="4902144" totalbytes="4946560" percent="99" regionsoverflowed="0" regionsstable="8" regionsrebuilding="0"/>
  </mem-info>
</gc-start>
<allocation-stats totalBytes="37695904" >
  <allocated-bytes non-tlh="0" tlh="37695904" arrayletleaf="0"/>
  <largest-consumer threadName="main" threadId="0000000001FF0F00" bytes="37695904" />
</allocation-stats>
<gc-op id="1710" type="copy forward" timems="7.636" contextid="1707" timestamp="2019-08-09T00:19:00.145">
  <memory-copied type="eden" objects="27" bytes="1368" bytesdiscarded="696" />
  <memory-copied type="other" objects="0" bytes="0" bytesdiscarded="0" />
  <memory-cardclean objects="64" bytes="2584" />
  <regions eden="18" other="1" />
  <remembered-set-cleared processed="9128" cleared="13" durationms="0.185" />
  <stringconstants candidates="13813" cleared="0"  />
</gc-op>
<gc-op id="1711" type="classunload" timems="0.012" contextid="1707" timestamp="2019-08-09T00:19:00.145">
  <classunload-info classloadercandidates="54" classloadersunloaded="0" classesunloaded="0" anonymousclassesunloaded="0" quiescems="0.000" setupms="0.012" scanms="0.000" postms="0.000" />
</gc-op>
<gc-end id="1712" type="partial gc" contextid="1707" durationms="9.429" usertimems="20.188" systemtimems="0.000" timestamp="2019-08-09T00:19:00.145" activeThreads="16">
  <mem-info id="1713" free="67108864" total="123731968" percent="54">
    <mem type="eden" free="2095088" total="2097152" percent="99" />
    <remembered-set count="11456" freebytes="4900736" totalbytes="4946560" percent="99" regionsoverflowed="0" regionsstable="8" regionsrebuilding="0"/>
  </mem-info>
</gc-end>
<cycle-end id="1714" type="partial gc" contextid="1707" timestamp="2019-08-09T00:19:00.145" />
  <attribute name="elasticGC enabled" value="1" />
  <attribute name= "numThreadsSpecified" value="16" />
  <attribute name="heapSize specified" value="0" />
  <attribute name="Current GC Util" value="78" />
  <attribute name= "Current Time Running" value="150370" />
  <attribute name ="GC Interval" value="0" />
  <attribute name="Target GC Util Change" value ="80.000000" />
  <attribute name="Current GC Util Change" value="78.000000"/>
  <attribute name="Current Error" value="134.000000" />
  <attribute name="Output H" value="123769888"/>
  <attribute name="Output I" value="2080"/>
  <attribute name="Output T" value="16"/>
  <attribute name= "Current Time Running" value="150370" />
  <attribute name="GC Util currently" value="78" />
  <attribute name="CPU Util currently" value="1282110800112" />
<exclusive-end id="1715" timestamp="2019-08-09T00:19:00.146" durationms="10.151" />

<exclusive-start id="1716" timestamp="2019-08-09T00:19:00.176" intervalms="40.817">
  <response-info timems="0.326" idlems="0.326" threads="0" lastid="0000000001FF0F00" lastname="main" />
</exclusive-start>
<allocation-taxation id="1717" taxation-threshold="37748736" timestamp="2019-08-09T00:19:00.176" intervalms="40.825" />
<cycle-start id="1718" type="partial gc" contextid="0" timestamp="2019-08-09T00:19:00.176" intervalms="40.937" />
<gc-start id="1719" type="partial gc" contextid="1718" timestamp="2019-08-09T00:19:00.177">
  <mem-info id="1720" free="29360128" total="123731968" percent="23">
    <mem type="eden" free="0" total="37748736" percent="0" />
    <remembered-set count="11456" freebytes="4900736" totalbytes="4946560" percent="99" regionsoverflowed="0" regionsstable="8" regionsrebuilding="0"/>
  </mem-info>
</gc-start>
<allocation-stats totalBytes="37696656" >
  <allocated-bytes non-tlh="0" tlh="37696656" arrayletleaf="0"/>
  <largest-consumer threadName="main" threadId="0000000001FF0F00" bytes="37696656" />
</allocation-stats>
<gc-op id="1721" type="copy forward" timems="5.551" contextid="1718" timestamp="2019-08-09T00:19:00.184">
  <memory-copied type="eden" objects="4" bytes="112" bytesdiscarded="680" />
  <memory-copied type="other" objects="23" bytes="1256" bytesdiscarded="1320" />
  <memory-cardclean objects="51" bytes="2376" />
  <regions eden="18" other="1" />
  <remembered-set-cleared processed="9126" cleared="11" durationms="0.157" />
  <stringconstants candidates="13813" cleared="0"  />
</gc-op>
<gc-op id="1722" type="classunload" timems="0.012" contextid="1718" timestamp="2019-08-09T00:19:00.184">
  <classunload-info classloadercandidates="54" classloadersunloaded="0" classesunloaded="0" anonymousclassesunloaded="0" quiescems="0.000" setupms="0.012" scanms="0.000" postms="0.000" />
</gc-op>
<heap-resize id="1723" type="expand" space="default" amount="23068672" count="1" timems="0.137" reason="excessive time being spent in gc" timestamp="2019-08-09T00:19:00.184" />
<gc-end id="1724" type="partial gc" contextid="1718" durationms="7.679" usertimems="13.873" systemtimems="0.000" timestamp="2019-08-09T00:19:00.184" activeThreads="8">
  <mem-info id="1725" free="88080384" total="146800640" percent="60">
    <mem type="eden" free="2096360" total="2097152" percent="99" />
    <remembered-set count="12960" freebytes="5816960" totalbytes="5868800" percent="99" regionsoverflowed="0" regionsstable="8" regionsrebuilding="0"/>
  </mem-info>
</gc-end>
<cycle-end id="1726" type="partial gc" contextid="1718" timestamp="2019-08-09T00:19:00.185" />
  <attribute name="elasticGC enabled" value="1" />
  <attribute name= "numThreadsSpecified" value="8" />
  <attribute name="heapSize specified" value="0" />
  <attribute name="Current GC Util" value="125" />
  <attribute name= "Current Time Running" value="150411" />
  <attribute name ="GC Interval" value="0" />
  <attribute name="Target GC Util Change" value ="80.000000" />
  <attribute name="Current GC Util Change" value="125.000000"/>
  <attribute name="Current Error" value="-13.000000" />
  <attribute name="Output H" value="123769808"/>
  <attribute name="Output I" value="2000"/>
  <attribute name="Output T" value="8"/>
  <attribute name= "Current Time Running" value="150411" />
  <attribute name="GC Util currently" value="125" />
  <attribute name="CPU Util currently" value="1519525144955" />
<exclusive-end id="1727" timestamp="2019-08-09T00:19:00.185" durationms="8.620" />

<exclusive-start id="1728" timestamp="2019-08-09T00:19:00.214" intervalms="38.074">
  <response-info timems="0.065" idlems="0.065" threads="0" lastid="0000000001FF0F00" lastname="main" />
</exclusive-start>
<allocation-taxation id="1729" taxation-threshold="44040192" timestamp="2019-08-09T00:19:00.214" intervalms="38.090" />
<cycle-start id="1730" type="partial gc" contextid="0" timestamp="2019-08-09T00:19:00.214" intervalms="38.013" />
<gc-start id="1731" type="partial gc" contextid="1730" timestamp="2019-08-09T00:19:00.215">
  <mem-info id="1732" free="44040192" total="146800640" percent="30">
    <mem type="eden" free="2096360" total="46137344" percent="4" />
    <remembered-set count="12480" freebytes="5818880" totalbytes="5868800" percent="99" regionsoverflowed="0" regionsstable="8" regionsrebuilding="0"/>
  </mem-info>
</gc-start>
<allocation-stats totalBytes="43979448" >
  <allocated-bytes non-tlh="0" tlh="43979448" arrayletleaf="0"/>
  <largest-consumer threadName="main" threadId="0000000001FF0F00" bytes="43979448" />
</allocation-stats>
<gc-op id="1733" type="copy forward" timems="6.802" contextid="1730" timestamp="2019-08-09T00:19:00.224">
  <memory-copied type="eden" objects="4" bytes="112" bytesdiscarded="0" />
  <memory-copied type="other" objects="0" bytes="0" bytesdiscarded="0" />
  <memory-cardclean objects="6" bytes="152" />
  <regions eden="21" other="1" />
  <remembered-set-cleared processed="9131" cleared="0" durationms="0.288" />
  <stringconstants candidates="13813" cleared="0"  />
</gc-op>
<gc-op id="1734" type="classunload" timems="0.009" contextid="1730" timestamp="2019-08-09T00:19:00.224">
  <classunload-info classloadercandidates="54" classloadersunloaded="0" classesunloaded="0" anonymousclassesunloaded="0" quiescems="0.000" setupms="0.009" scanms="0.000" postms="0.000" />
</gc-op>
<gc-end id="1735" type="partial gc" contextid="1730" durationms="8.923" usertimems="28.224" systemtimems="0.000" timestamp="2019-08-09T00:19:00.224" activeThreads="16">
  <mem-info id="1736" free="88080384" total="146800640" percent="60">
    <mem type="eden" free="2097040" total="2097152" percent="99" />
    <remembered-set count="11136" freebytes="5824256" totalbytes="5868800" percent="99" regionsoverflowed="0" regionsstable="8" regionsrebuilding="0"/>
  </mem-info>
</gc-end>
<cycle-end id="1737" type="partial gc" contextid="1730" timestamp="2019-08-09T00:19:00.224" />
  <attribute name="elasticGC enabled" value="1" />
  <attribute name= "numThreadsSpecified" value="16" />
  <attribute name="heapSize specified" value="0" />
  <attribute name="Current GC Util" value="249" />
  <attribute name= "Current Time Running" value="150450" />
  <attribute name ="GC Interval" value="0" />
  <attribute name="Target GC Util Change" value ="80.000000" />
  <attribute name="Current GC Util Change" value="249.000000"/>
  <attribute name="Current Error" value="-137.000000" />
  <attribute name="Output H" value="146838408"/>
  <attribute name="Output I" value="1928"/>
  <attribute name="Output T" value="16"/>
  <attribute name= "Current Time Running" value="150450" />
  <attribute name="GC Util currently" value="249" />
  <attribute name="CPU Util currently" value="863762341539" />
<exclusive-end id="1738" timestamp="2019-08-09T00:19:00.224" durationms="9.910" />

<exclusive-start id="1739" timestamp="2019-08-09T00:19:00.257" intervalms="42.850">
  <response-info timems="0.459" idlems="0.459" threads="0" lastid="0000000001FF0F00" lastname="main" />
</exclusive-start>
<allocation-taxation id="1740" taxation-threshold="44040192" timestamp="2019-08-09T00:19:00.257" intervalms="42.823" />
<cycle-start id="1741" type="partial gc" contextid="0" timestamp="2019-08-09T00:19:00.258" intervalms="43.213" />
<gc-start id="1742" type="partial gc" contextid="1741" timestamp="2019-08-09T00:19:00.258">
  <mem-info id="1743" free="44040192" total="146800640" percent="30">
    <mem type="eden" free="2097040" total="46137344" percent="4" />
    <remembered-set count="10656" freebytes="5826176" totalbytes="5868800" percent="99" regionsoverflowed="0" regionsstable="8" regionsrebuilding="0"/>
  </mem-info>
</gc-start>
<allocation-stats totalBytes="43979448" >
  <allocated-bytes non-tlh="0" tlh="43979448" arrayletleaf="0"/>
  <largest-consumer threadName="main" threadId="0000000001FF0F00" bytes="43979448" />
</allocation-stats>
<gc-op id="1744" type="copy forward" timems="9.453" contextid="1741" timestamp="2019-08-09T00:19:00.269">
  <memory-copied type="eden" objects="4" bytes="112" bytesdiscarded="0" />
  <memory-copied type="other" objects="0" bytes="0" bytesdiscarded="0" />
  <memory-cardclean objects="6" bytes="152" />
  <regions eden="21" other="1" />
  <remembered-set-cleared processed="9131" cleared="0" durationms="0.789" />
  <stringconstants candidates="13813" cleared="0"  />
</gc-op>
<gc-op id="1745" type="classunload" timems="0.009" contextid="1741" timestamp="2019-08-09T00:19:00.269">
  <classunload-info classloadercandidates="54" classloadersunloaded="0" classesunloaded="0" anonymousclassesunloaded="0" quiescems="0.000" setupms="0.008" scanms="0.000" postms="0.000" />
</gc-op>
<gc-end id="1746" type="partial gc" contextid="1741" durationms="11.190" usertimems="34.526" systemtimems="0.000" timestamp="2019-08-09T00:19:00.269" activeThreads="16">
  <mem-info id="1747" free="88080384" total="146800640" percent="60">
    <mem type="eden" free="2097040" total="2097152" percent="99" />
    <remembered-set count="11136" freebytes="5824256" totalbytes="5868800" percent="99" regionsoverflowed="0" regionsstable="8" regionsrebuilding="0"/>
  </mem-info>
</gc-end>
<cycle-end id="1748" type="partial gc" contextid="1741" timestamp="2019-08-09T00:19:00.269" />
  <attribute name="elasticGC enabled" value="1" />
  <attribute name= "numThreadsSpecified" value="16" />
  <attribute name="heapSize specified" value="0" />
  <attribute name="Current GC Util" value="215" />
  <attribute name= "Current Time Running" value="150493" />
  <attribute name ="GC Interval" value="0" />
  <attribute name="Target GC Util Change" value ="80.000000" />
  <attribute name="Current GC Util Change" value="215.000000"/>
  <attribute name="Current Error" value="-231.000000" />
  <attribute name="Output H" value="146838352"/>
  <attribute name="Output I" value="1872"/>
  <attribute name="Output T" value="16"/>
  <attribute name= "Current Time Running" value="150493" />
  <attribute name="GC Util currently" value="215" />
  <attribute name="CPU Util currently" value="945675694979" />
<exclusive-end id="1749" timestamp="2019-08-09T00:19:00.269" durationms="12.299" />

* Round 1 done in 18.945 seconds.
<exclusive-start id="1750" timestamp="2019-08-09T00:19:00.311" intervalms="54.129">
  <response-info timems="0.018" idlems="0.018" threads="0" lastid="0000000001FF0F00" lastname="main" />
</exclusive-start>
<allocation-taxation id="1751" taxation-threshold="44040192" timestamp="2019-08-09T00:19:00.311" intervalms="54.150" />
<cycle-start id="1752" type="partial gc" contextid="0" timestamp="2019-08-09T00:19:00.311" intervalms="53.733" />
<gc-start id="1753" type="partial gc" contextid="1752" timestamp="2019-08-09T00:19:00.312">
  <mem-info id="1754" free="44040192" total="146800640" percent="30">
    <mem type="eden" free="2097040" total="46137344" percent="4" />
    <remembered-set count="11136" freebytes="5824256" totalbytes="5868800" percent="99" regionsoverflowed="0" regionsstable="8" regionsrebuilding="0"/>
  </mem-info>
</gc-start>
<allocation-stats totalBytes="44010384" >
  <allocated-bytes non-tlh="2800" tlh="44007584" arrayletleaf="0"/>
  <largest-consumer threadName="main" threadId="0000000001FF0F00" bytes="44010384" />
</allocation-stats>
<gc-op id="1755" type="copy forward" timems="16.730" contextid="1752" timestamp="2019-08-09T00:19:00.330">
  <memory-copied type="eden" objects="239" bytes="8656" bytesdiscarded="1344" />
  <memory-copied type="other" objects="0" bytes="0" bytesdiscarded="0" />
  <memory-cardclean objects="327" bytes="20400" />
  <regions eden="21" other="1" />
  <remembered-set-cleared processed="9131" cleared="32" durationms="0.152" />
  <references type="soft" candidates="4" cleared="0" enqueued="0" dynamicThreshold="19" maxThreshold="32" />
  <references type="weak" candidates="14" cleared="0" enqueued="0" />
  <stringconstants candidates="13838" cleared="0"  />
</gc-op>
<gc-op id="1756" type="classunload" timems="0.013" contextid="1752" timestamp="2019-08-09T00:19:00.330">
  <classunload-info classloadercandidates="54" classloadersunloaded="0" classesunloaded="0" anonymousclassesunloaded="0" quiescems="0.000" setupms="0.012" scanms="0.000" postms="0.000" />
</gc-op>
<gc-end id="1757" type="partial gc" contextid="1752" durationms="18.279" usertimems="29.700" systemtimems="0.000" timestamp="2019-08-09T00:19:00.330" activeThreads="16">
  <mem-info id="1758" free="88080384" total="146800640" percent="60">
    <mem type="eden" free="2087136" total="2097152" percent="99" />
    <remembered-set count="12576" freebytes="5818496" totalbytes="5868800" percent="99" regionsoverflowed="0" regionsstable="8" regionsrebuilding="0"/>
  </mem-info>
</gc-end>
<cycle-end id="1759" type="partial gc" contextid="1752" timestamp="2019-08-09T00:19:00.330" />
  <attribute name="elasticGC enabled" value="1" />
  <attribute name= "numThreadsSpecified" value="16" />
  <attribute name="heapSize specified" value="0" />
  <attribute name="Current GC Util" value="221" />
  <attribute name= "Current Time Running" value="150546" />
  <attribute name ="GC Interval" value="0" />
  <attribute name="Target GC Util Change" value ="80.000000" />
  <attribute name="Current GC Util Change" value="221.000000"/>
  <attribute name="Current Error" value="-101.000000" />
  <attribute name="Output H" value="146838424"/>
  <attribute name="Output I" value="1944"/>
  <attribute name="Output T" value="16"/>
  <attribute name= "Current Time Running" value="150546" />
  <attribute name="GC Util currently" value="221" />
  <attribute name="CPU Util currently" value="1334945260046" />
<exclusive-end id="1760" timestamp="2019-08-09T00:19:00.330" durationms="18.922" />

<exclusive-start id="1761" timestamp="2019-08-09T00:19:00.594" intervalms="282.932">
  <response-info timems="0.021" idlems="0.021" threads="0" lastid="0000000001FF0F00" lastname="main" />
</exclusive-start>
<allocation-taxation id="1762" taxation-threshold="44040192" timestamp="2019-08-09T00:19:00.594" intervalms="282.925" />
<cycle-start id="1763" type="partial gc" contextid="0" timestamp="2019-08-09T00:19:00.595" intervalms="283.225" />
<gc-start id="1764" type="partial gc" contextid="1763" timestamp="2019-08-09T00:19:00.595">
  <mem-info id="1765" free="44040192" total="146800640" percent="30">
    <mem type="eden" free="0" total="44040192" percent="0" />
    <remembered-set count="12128" freebytes="5820288" totalbytes="5868800" percent="99" regionsoverflowed="0" regionsstable="8" regionsrebuilding="0"/>
  </mem-info>
</gc-start>
<allocation-stats totalBytes="44000776" >
  <allocated-bytes non-tlh="0" tlh="44000776" arrayletleaf="0"/>
  <largest-consumer threadName="main" threadId="0000000001FF0F00" bytes="44000776" />
</allocation-stats>
<gc-op id="1766" type="copy forward" timems="9.103" contextid="1763" timestamp="2019-08-09T00:19:00.606">
  <memory-copied type="eden" objects="68" bytes="2840" bytesdiscarded="168" />
  <memory-copied type="other" objects="223" bytes="8088" bytesdiscarded="1336" />
  <memory-cardclean objects="220" bytes="15912" />
  <regions eden="21" other="1" />
  <remembered-set-cleared processed="9145" cleared="42" durationms="0.179" />
  <references type="soft" candidates="4" cleared="0" enqueued="0" dynamicThreshold="19" maxThreshold="32" />
  <references type="weak" candidates="14" cleared="0" enqueued="0" />
  <stringconstants candidates="13838" cleared="0"  />
</gc-op>
<gc-op id="1767" type="classunload" timems="0.023" contextid="1763" timestamp="2019-08-09T00:19:00.606">
  <classunload-info classloadercandidates="54" classloadersunloaded="0" classesunloaded="0" anonymousclassesunloaded="0" quiescems="0.000" setupms="0.022" scanms="0.000" postms="0.000" />
</gc-op>
<gc-end id="1768" type="partial gc" contextid="1763" durationms="10.877" usertimems="23.024" systemtimems="0.000" timestamp="2019-08-09T00:19:00.606" activeThreads="16">
  <mem-info id="1769" free="85983232" total="146800640" percent="58">
    <mem type="eden" free="2094144" total="2097152" percent="99" />
    <remembered-set count="12576" freebytes="5818496" totalbytes="5868800" percent="99" regionsoverflowed="0" regionsstable="8" regionsrebuilding="0"/>
  </mem-info>
</gc-end>
<cycle-end id="1770" type="partial gc" contextid="1763" timestamp="2019-08-09T00:19:00.606" />
  <attribute name="elasticGC enabled" value="1" />
  <attribute name= "numThreadsSpecified" value="16" />
  <attribute name="heapSize specified" value="0" />
  <attribute name="Current GC Util" value="92" />
  <attribute name= "Current Time Running" value="150830" />
  <attribute name ="GC Interval" value="0" />
  <attribute name="Target GC Util Change" value ="80.000000" />
  <attribute name="Current GC Util Change" value="92.000000"/>
  <attribute name="Current Error" value="-42.000000" />
  <attribute name="Output H" value="146838456"/>
  <attribute name="Output I" value="1976"/>
  <attribute name="Output T" value="16"/>
  <attribute name= "Current Time Running" value="150830" />
  <attribute name="GC Util currently" value="92" />
  <attribute name="CPU Util currently" value="914936437253" />
<exclusive-end id="1771" timestamp="2019-08-09T00:19:00.606" durationms="11.932" />

<exclusive-start id="1772" timestamp="2019-08-09T00:19:00.636" intervalms="41.349">
  <response-info timems="0.023" idlems="0.023" threads="0" lastid="0000000001FF0F00" lastname="main" />
</exclusive-start>
<allocation-taxation id="1773" taxation-threshold="44040192" timestamp="2019-08-09T00:19:00.636" intervalms="41.348" />
<cycle-start id="1774" type="partial gc" contextid="0" timestamp="2019-08-09T00:19:00.636" intervalms="41.126" />
<gc-start id="1775" type="partial gc" contextid="1774" timestamp="2019-08-09T00:19:00.636">
  <mem-info id="1776" free="41943040" total="146800640" percent="28">
    <mem type="eden" free="0" total="44040192" percent="0" />
    <remembered-set count="12192" freebytes="5820032" totalbytes="5868800" percent="99" regionsoverflowed="0" regionsstable="8" regionsrebuilding="0"/>
  </mem-info>
</gc-start>
<allocation-stats totalBytes="43875216" >
  <allocated-bytes non-tlh="0" tlh="43875216" arrayletleaf="0"/>
  <largest-consumer threadName="main" threadId="0000000001FF0F00" bytes="43875216" />
</allocation-stats>
<gc-op id="1777" type="copy forward" timems="10.782" contextid="1774" timestamp="2019-08-09T00:19:00.648">
  <memory-copied type="eden" objects="1" bytes="32" bytesdiscarded="0" />
  <memory-copied type="other" objects="67" bytes="2808" bytesdiscarded="736" />
  <memory-cardclean objects="59" bytes="2216" />
  <regions eden="21" other="1" />
  <remembered-set-cleared processed="9167" cleared="3" durationms="0.172" />
  <stringconstants candidates="13838" cleared="0"  />
</gc-op>
<gc-op id="1778" type="classunload" timems="0.013" contextid="1774" timestamp="2019-08-09T00:19:00.648">
  <classunload-info classloadercandidates="54" classloadersunloaded="0" classesunloaded="0" anonymousclassesunloaded="0" quiescems="0.000" setupms="0.012" scanms="0.000" postms="0.000" />
</gc-op>
<gc-end id="1779" type="partial gc" contextid="1774" durationms="12.277" usertimems="26.426" systemtimems="0.000" timestamp="2019-08-09T00:19:00.648" activeThreads="16">
  <mem-info id="1780" free="83886080" total="146800640" percent="57">
    <mem type="eden" free="2097120" total="2097152" percent="99" />
    <remembered-set count="12352" freebytes="5819392" totalbytes="5868800" percent="99" regionsoverflowed="0" regionsstable="8" regionsrebuilding="0"/>
  </mem-info>
</gc-end>
<cycle-end id="1781" type="partial gc" contextid="1774" timestamp="2019-08-09T00:19:00.649" />
  <attribute name="elasticGC enabled" value="1" />
  <attribute name= "numThreadsSpecified" value="16" />
  <attribute name="heapSize specified" value="0" />
  <attribute name="Current GC Util" value="0" />
  <attribute name= "Current Time Running" value="150871" />
  <attribute name ="GC Interval" value="0" />
  <attribute name="Target GC Util Change" value ="80.000000" />
  <attribute name="Current GC Util Change" value="0.000000"/>
  <attribute name="Current Error" value="62.000000" />
  <attribute name="Output H" value="146838520"/>
  <attribute name="Output I" value="2040"/>
  <attribute name="Output T" value="16"/>
  <attribute name= "Current Time Running" value="150871" />
  <attribute name="GC Util currently" value="0" />
  <attribute name="CPU Util currently" value="1255338238970" />
<exclusive-end id="1782" timestamp="2019-08-09T00:19:00.649" durationms="13.192" />

<exclusive-start id="1783" timestamp="2019-08-09T00:19:00.663" intervalms="27.754">
  <response-info timems="0.021" idlems="0.021" threads="0" lastid="0000000001FF0F00" lastname="main" />
</exclusive-start>
<allocation-taxation id="1784" taxation-threshold="44040192" timestamp="2019-08-09T00:19:00.663" intervalms="27.749" />
<cycle-start id="1785" type="partial gc" contextid="0" timestamp="2019-08-09T00:19:00.664" intervalms="27.749" />
<gc-start id="1786" type="partial gc" contextid="1785" timestamp="2019-08-09T00:19:00.664">
  <mem-info id="1787" free="39845888" total="146800640" percent="27">
    <mem type="eden" free="2097120" total="46137344" percent="4" />
    <remembered-set count="11872" freebytes="5821312" totalbytes="5868800" percent="99" regionsoverflowed="0" regionsstable="8" regionsrebuilding="0"/>
  </mem-info>
</gc-start>
<allocation-stats totalBytes="43891416" >
  <allocated-bytes non-tlh="0" tlh="43891416" arrayletleaf="0"/>
  <largest-consumer threadName="main" threadId="0000000001FF0F00" bytes="43891416" />
</allocation-stats>
<gc-op id="1788" type="copy forward" timems="21.798" contextid="1785" timestamp="2019-08-09T00:19:00.688">
  <memory-copied type="eden" objects="2" bytes="56" bytesdiscarded="0" />
  <memory-copied type="other" objects="0" bytes="0" bytesdiscarded="0" />
  <memory-cardclean objects="6" bytes="192" />
  <regions eden="21" other="1" />
  <remembered-set-cleared processed="9173" cleared="0" durationms="0.205" />
  <stringconstants candidates="13838" cleared="0"  />
</gc-op>
<gc-op id="1789" type="classunload" timems="0.011" contextid="1785" timestamp="2019-08-09T00:19:00.688">
  <classunload-info classloadercandidates="54" classloadersunloaded="0" classesunloaded="0" anonymousclassesunloaded="0" quiescems="0.000" setupms="0.011" scanms="0.000" postms="0.000" />
</gc-op>
<gc-end id="1790" type="partial gc" contextid="1785" durationms="24.281" usertimems="38.723" systemtimems="0.000" timestamp="2019-08-09T00:19:00.688" activeThreads="16">
  <mem-info id="1791" free="83886080" total="146800640" percent="57">
    <mem type="eden" free="2097096" total="2097152" percent="99" />
    <remembered-set count="11424" freebytes="5823104" totalbytes="5868800" percent="99" regionsoverflowed="0" regionsstable="8" regionsrebuilding="0"/>
  </mem-info>
</gc-end>
<cycle-end id="1792" type="partial gc" contextid="1785" timestamp="2019-08-09T00:19:00.688" />
  <attribute name="elasticGC enabled" value="1" />
  <attribute name= "numThreadsSpecified" value="16" />
  <attribute name="heapSize specified" value="0" />
  <attribute name="Current GC Util" value="68" />
  <attribute name= "Current Time Running" value="150899" />
  <attribute name ="GC Interval" value="0" />
  <attribute name="Target GC Util Change" value ="80.000000" />
  <attribute name="Current GC Util Change" value="68.000000"/>
  <attribute name="Current Error" value="-7.000000" />
  <attribute name="Output H" value="146838480"/>
  <attribute name="Output I" value="2000"/>
  <attribute name="Output T" value="16"/>
  <attribute name= "Current Time Running" value="150899" />
  <attribute name="GC Util currently" value="68" />
  <attribute name="CPU Util currently" value="641471639831" />
<exclusive-end id="1793" timestamp="2019-08-09T00:19:00.689" durationms="25.212" />

<exclusive-start id="1794" timestamp="2019-08-09T00:19:00.705" intervalms="41.520">
  <response-info timems="0.022" idlems="0.022" threads="0" lastid="0000000001FF0F00" lastname="main" />
</exclusive-start>
<allocation-taxation id="1795" taxation-threshold="44040192" timestamp="2019-08-09T00:19:00.705" intervalms="41.518" />
<cycle-start id="1796" type="partial gc" contextid="0" timestamp="2019-08-09T00:19:00.705" intervalms="41.486" />
<gc-start id="1797" type="partial gc" contextid="1796" timestamp="2019-08-09T00:19:00.705">
  <mem-info id="1798" free="39845888" total="146800640" percent="27">
    <mem type="eden" free="2097096" total="46137344" percent="4" />
    <remembered-set count="10944" freebytes="5825024" totalbytes="5868800" percent="99" regionsoverflowed="0" regionsstable="8" regionsrebuilding="0"/>
  </mem-info>
</gc-start>
<allocation-stats totalBytes="43892304" >
  <allocated-bytes non-tlh="0" tlh="43892304" arrayletleaf="0"/>
  <largest-consumer threadName="main" threadId="0000000001FF0F00" bytes="43892304" />
</allocation-stats>
<gc-op id="1799" type="copy forward" timems="7.884" contextid="1796" timestamp="2019-08-09T00:19:00.714">
  <memory-copied type="eden" objects="2" bytes="56" bytesdiscarded="0" />
  <memory-copied type="other" objects="0" bytes="0" bytesdiscarded="0" />
  <memory-cardclean objects="6" bytes="192" />
  <regions eden="21" other="1" />
  <remembered-set-cleared processed="9173" cleared="0" durationms="0.291" />
  <stringconstants candidates="13838" cleared="0"  />
</gc-op>
<gc-op id="1800" type="classunload" timems="0.009" contextid="1796" timestamp="2019-08-09T00:19:00.714">
  <classunload-info classloadercandidates="54" classloadersunloaded="0" classesunloaded="0" anonymousclassesunloaded="0" quiescems="0.000" setupms="0.009" scanms="0.000" postms="0.000" />
</gc-op>
<heap-resize id="1801" type="expand" space="default" amount="10485760" count="1" timems="0.080" reason="excessive time being spent in gc" timestamp="2019-08-09T00:19:00.715" />
<gc-end id="1802" type="partial gc" contextid="1796" durationms="9.282" usertimems="20.149" systemtimems="0.000" timestamp="2019-08-09T00:19:00.715" activeThreads="16">
  <mem-info id="1803" free="94371840" total="157286400" percent="60">
    <mem type="eden" free="2097096" total="2097152" percent="99" />
    <remembered-set count="11424" freebytes="6242304" totalbytes="6288000" percent="99" regionsoverflowed="0" regionsstable="8" regionsrebuilding="0"/>
  </mem-info>
</gc-end>
<cycle-end id="1804" type="partial gc" contextid="1796" timestamp="2019-08-09T00:19:00.715" />
  <attribute name="elasticGC enabled" value="1" />
  <attribute name= "numThreadsSpecified" value="16" />
  <attribute name="heapSize specified" value="0" />
  <attribute name="Current GC Util" value="137" />
  <attribute name= "Current Time Running" value="150940" />
  <attribute name ="GC Interval" value="0" />
  <attribute name="Target GC Util Change" value ="80.000000" />
  <attribute name="Current GC Util Change" value="137.000000"/>
  <attribute name="Current Error" value="-77.000000" />
  <attribute name="Output H" value="146838440"/>
  <attribute name="Output I" value="1960"/>
  <attribute name="Output T" value="16"/>
  <attribute name= "Current Time Running" value="150940" />
  <attribute name="GC Util currently" value="137" />
  <attribute name="CPU Util currently" value="1659354935201" />
<exclusive-end id="1805" timestamp="2019-08-09T00:19:00.715" durationms="9.998" />

<exclusive-start id="1806" timestamp="2019-08-09T00:19:00.732" intervalms="27.130">
  <response-info timems="0.017" idlems="0.017" threads="0" lastid="0000000001FF0F00" lastname="main" />
</exclusive-start>
<allocation-taxation id="1807" taxation-threshold="46137344" timestamp="2019-08-09T00:19:00.732" intervalms="27.151" />
<cycle-start id="1808" type="partial gc" contextid="0" timestamp="2019-08-09T00:19:00.732" intervalms="27.115" />
<gc-start id="1809" type="partial gc" contextid="1808" timestamp="2019-08-09T00:19:00.732">
  <mem-info id="1810" free="48234496" total="157286400" percent="30">
    <mem type="eden" free="2097096" total="48234496" percent="4" />
    <remembered-set count="11424" freebytes="6242304" totalbytes="6288000" percent="99" regionsoverflowed="0" regionsstable="8" regionsrebuilding="0"/>
  </mem-info>
</gc-start>
<allocation-stats totalBytes="45982592" >
  <allocated-bytes non-tlh="0" tlh="45982592" arrayletleaf="0"/>
  <largest-consumer threadName="main" threadId="0000000001FF0F00" bytes="45982592" />
</allocation-stats>
<gc-op id="1811" type="copy forward" timems="10.223" contextid="1808" timestamp="2019-08-09T00:19:00.744">
  <memory-copied type="eden" objects="2" bytes="56" bytesdiscarded="0" />
  <memory-copied type="other" objects="0" bytes="0" bytesdiscarded="0" />
  <memory-cardclean objects="6" bytes="192" />
  <regions eden="22" other="1" />
  <remembered-set-cleared processed="9173" cleared="0" durationms="0.255" />
  <stringconstants candidates="13838" cleared="0"  />
</gc-op>
<gc-op id="1812" type="classunload" timems="0.009" contextid="1808" timestamp="2019-08-09T00:19:00.744">
  <classunload-info classloadercandidates="54" classloadersunloaded="0" classesunloaded="0" anonymousclassesunloaded="0" quiescems="0.000" setupms="0.009" scanms="0.000" postms="0.000" />
</gc-op>
<gc-end id="1813" type="partial gc" contextid="1808" durationms="11.526" usertimems="24.807" systemtimems="0.000" timestamp="2019-08-09T00:19:00.744" activeThreads="16">
  <mem-info id="1814" free="94371840" total="157286400" percent="60">
    <mem type="eden" free="2097096" total="2097152" percent="99" />
    <remembered-set count="11424" freebytes="6242304" totalbytes="6288000" percent="99" regionsoverflowed="0" regionsstable="8" regionsrebuilding="0"/>
  </mem-info>
</gc-end>
<cycle-end id="1815" type="partial gc" contextid="1808" timestamp="2019-08-09T00:19:00.744" />
  <attribute name="elasticGC enabled" value="1" />
  <attribute name= "numThreadsSpecified" value="16" />
  <attribute name="heapSize specified" value="0" />
  <attribute name="Current GC Util" value="117" />
  <attribute name= "Current Time Running" value="150967" />
  <attribute name ="GC Interval" value="0" />
  <attribute name="Target GC Util Change" value ="80.000000" />
  <attribute name="Current GC Util Change" value="117.000000"/>
  <attribute name="Current Error" value="-107.000000" />
  <attribute name="Output H" value="157324184"/>
  <attribute name="Output I" value="1944"/>
  <attribute name="Output T" value="16"/>
  <attribute name= "Current Time Running" value="150967" />
  <attribute name="GC Util currently" value="117" />
  <attribute name="CPU Util currently" value="1565671659420" />
<exclusive-end id="1816" timestamp="2019-08-09T00:19:00.744" durationms="12.149" />

<exclusive-start id="1817" timestamp="2019-08-09T00:19:00.762" intervalms="30.408">
  <response-info timems="0.022" idlems="0.022" threads="0" lastid="0000000001FF0F00" lastname="main" />
</exclusive-start>
<allocation-taxation id="1818" taxation-threshold="46137344" timestamp="2019-08-09T00:19:00.762" intervalms="30.384" />
<cycle-start id="1819" type="partial gc" contextid="0" timestamp="2019-08-09T00:19:00.763" intervalms="30.402" />
<gc-start id="1820" type="partial gc" contextid="1819" timestamp="2019-08-09T00:19:00.763">
  <mem-info id="1821" free="48234496" total="157286400" percent="30">
    <mem type="eden" free="2097096" total="48234496" percent="4" />
    <remembered-set count="10944" freebytes="6244224" totalbytes="6288000" percent="99" regionsoverflowed="0" regionsstable="8" regionsrebuilding="0"/>
  </mem-info>
</gc-start>
<allocation-stats totalBytes="45982616" >
  <allocated-bytes non-tlh="0" tlh="45982616" arrayletleaf="0"/>
  <largest-consumer threadName="main" threadId="0000000001FF0F00" bytes="45982616" />
</allocation-stats>
<gc-op id="1822" type="copy forward" timems="9.996" contextid="1819" timestamp="2019-08-09T00:19:00.774">
  <memory-copied type="eden" objects="2" bytes="56" bytesdiscarded="0" />
  <memory-copied type="other" objects="0" bytes="0" bytesdiscarded="0" />
  <memory-cardclean objects="6" bytes="192" />
  <regions eden="22" other="1" />
  <remembered-set-cleared processed="9173" cleared="0" durationms="0.127" />
  <stringconstants candidates="13838" cleared="0"  />
</gc-op>
<gc-op id="1823" type="classunload" timems="0.012" contextid="1819" timestamp="2019-08-09T00:19:00.774">
  <classunload-info classloadercandidates="54" classloadersunloaded="0" classesunloaded="0" anonymousclassesunloaded="0" quiescems="0.000" setupms="0.012" scanms="0.000" postms="0.000" />
</gc-op>
<gc-end id="1824" type="partial gc" contextid="1819" durationms="11.318" usertimems="23.798" systemtimems="0.000" timestamp="2019-08-09T00:19:00.774" activeThreads="16">
  <mem-info id="1825" free="94371840" total="157286400" percent="60">
    <mem type="eden" free="2097096" total="2097152" percent="99" />
    <remembered-set count="11424" freebytes="6242304" totalbytes="6288000" percent="99" regionsoverflowed="0" regionsstable="8" regionsrebuilding="0"/>
  </mem-info>
</gc-end>
<cycle-end id="1826" type="partial gc" contextid="1819" timestamp="2019-08-09T00:19:00.774" />
  <attribute name="elasticGC enabled" value="1" />
  <attribute name= "numThreadsSpecified" value="16" />
  <attribute name="heapSize specified" value="0" />
  <attribute name="Current GC Util" value="140" />
  <attribute name= "Current Time Running" value="150997" />
  <attribute name ="GC Interval" value="0" />
  <attribute name="Target GC Util Change" value ="80.000000" />
  <attribute name="Current GC Util Change" value="140.000000"/>
  <attribute name="Current Error" value="-60.000000" />
  <attribute name="Output H" value="157324208"/>
  <attribute name="Output I" value="1968"/>
  <attribute name="Output T" value="16"/>
  <attribute name= "Current Time Running" value="150997" />
  <attribute name="GC Util currently" value="140" />
  <attribute name="CPU Util currently" value="1886210206495" />
<exclusive-end id="1827" timestamp="2019-08-09T00:19:00.774" durationms="11.972" />

<exclusive-start id="1828" timestamp="2019-08-09T00:19:00.790" intervalms="27.892">
  <response-info timems="0.022" idlems="0.022" threads="0" lastid="0000000001FF0F00" lastname="main" />
</exclusive-start>
<allocation-taxation id="1829" taxation-threshold="46137344" timestamp="2019-08-09T00:19:00.790" intervalms="27.898" />
<cycle-start id="1830" type="partial gc" contextid="0" timestamp="2019-08-09T00:19:00.790" intervalms="27.877" />
<gc-start id="1831" type="partial gc" contextid="1830" timestamp="2019-08-09T00:19:00.791">
  <mem-info id="1832" free="48234496" total="157286400" percent="30">
    <mem type="eden" free="2097096" total="48234496" percent="4" />
    <remembered-set count="10944" freebytes="6244224" totalbytes="6288000" percent="99" regionsoverflowed="0" regionsstable="8" regionsrebuilding="0"/>
  </mem-info>
</gc-start>
<allocation-stats totalBytes="45982592" >
  <allocated-bytes non-tlh="0" tlh="45982592" arrayletleaf="0"/>
  <largest-consumer threadName="main" threadId="0000000001FF0F00" bytes="45982592" />
</allocation-stats>
<gc-op id="1833" type="copy forward" timems="8.615" contextid="1830" timestamp="2019-08-09T00:19:00.800">
  <memory-copied type="eden" objects="2" bytes="56" bytesdiscarded="0" />
  <memory-copied type="other" objects="0" bytes="0" bytesdiscarded="0" />
  <memory-cardclean objects="6" bytes="192" />
  <regions eden="22" other="1" />
  <remembered-set-cleared processed="9173" cleared="0" durationms="0.151" />
  <stringconstants candidates="13838" cleared="0"  />
</gc-op>
<gc-op id="1834" type="classunload" timems="0.012" contextid="1830" timestamp="2019-08-09T00:19:00.800">
  <classunload-info classloadercandidates="54" classloadersunloaded="0" classesunloaded="0" anonymousclassesunloaded="0" quiescems="0.000" setupms="0.011" scanms="0.000" postms="0.000" />
</gc-op>
<gc-end id="1835" type="partial gc" contextid="1830" durationms="9.844" usertimems="21.670" systemtimems="0.000" timestamp="2019-08-09T00:19:00.801" activeThreads="16">
  <mem-info id="1836" free="94371840" total="157286400" percent="60">
    <mem type="eden" free="2097096" total="2097152" percent="99" />
    <remembered-set count="11424" freebytes="6242304" totalbytes="6288000" percent="99" regionsoverflowed="0" regionsstable="8" regionsrebuilding="0"/>
  </mem-info>
</gc-end>
<cycle-end id="1837" type="partial gc" contextid="1830" timestamp="2019-08-09T00:19:00.801" />
  <attribute name="elasticGC enabled" value="1" />
  <attribute name= "numThreadsSpecified" value="16" />
  <attribute name="heapSize specified" value="0" />
  <attribute name="Current GC Util" value="134" />
  <attribute name= "Current Time Running" value="151025" />
  <attribute name ="GC Interval" value="0" />
  <attribute name="Target GC Util Change" value ="80.000000" />
  <attribute name="Current GC Util Change" value="134.000000"/>
  <attribute name="Current Error" value="-118.000000" />
  <attribute name="Output H" value="157324176"/>
  <attribute name="Output I" value="1936"/>
  <attribute name="Output T" value="16"/>
  <attribute name= "Current Time Running" value="151025" />
  <attribute name="GC Util currently" value="134" />
  <attribute name="CPU Util currently" value="2005408654351" />
<exclusive-end id="1838" timestamp="2019-08-09T00:19:00.801" durationms="10.506" />

<exclusive-start id="1839" timestamp="2019-08-09T00:19:00.816" intervalms="25.599">
  <response-info timems="0.016" idlems="0.016" threads="0" lastid="0000000001FF0F00" lastname="main" />
</exclusive-start>
<allocation-taxation id="1840" taxation-threshold="46137344" timestamp="2019-08-09T00:19:00.816" intervalms="25.596" />
<cycle-start id="1841" type="partial gc" contextid="0" timestamp="2019-08-09T00:19:00.816" intervalms="25.595" />
<gc-start id="1842" type="partial gc" contextid="1841" timestamp="2019-08-09T00:19:00.816">
  <mem-info id="1843" free="48234496" total="157286400" percent="30">
    <mem type="eden" free="2097096" total="48234496" percent="4" />
    <remembered-set count="10944" freebytes="6244224" totalbytes="6288000" percent="99" regionsoverflowed="0" regionsstable="8" regionsrebuilding="0"/>
  </mem-info>
</gc-start>
<allocation-stats totalBytes="45982592" >
  <allocated-bytes non-tlh="0" tlh="45982592" arrayletleaf="0"/>
  <largest-consumer threadName="main" threadId="0000000001FF0F00" bytes="45982592" />
</allocation-stats>
<gc-op id="1844" type="copy forward" timems="9.677" contextid="1841" timestamp="2019-08-09T00:19:00.827">
  <memory-copied type="eden" objects="2" bytes="56" bytesdiscarded="0" />
  <memory-copied type="other" objects="0" bytes="0" bytesdiscarded="0" />
  <memory-cardclean objects="6" bytes="192" />
  <regions eden="22" other="1" />
  <remembered-set-cleared processed="9173" cleared="0" durationms="0.169" />
  <stringconstants candidates="13838" cleared="0"  />
</gc-op>
<gc-op id="1845" type="classunload" timems="0.008" contextid="1841" timestamp="2019-08-09T00:19:00.827">
  <classunload-info classloadercandidates="54" classloadersunloaded="0" classesunloaded="0" anonymousclassesunloaded="0" quiescems="0.000" setupms="0.008" scanms="0.000" postms="0.000" />
</gc-op>
<gc-end id="1846" type="partial gc" contextid="1841" durationms="11.026" usertimems="24.658" systemtimems="0.000" timestamp="2019-08-09T00:19:00.827" activeThreads="16">
  <mem-info id="1847" free="94371840" total="157286400" percent="60">
    <mem type="eden" free="2097096" total="2097152" percent="99" />
    <remembered-set count="11424" freebytes="6242304" totalbytes="6288000" percent="99" regionsoverflowed="0" regionsstable="8" regionsrebuilding="0"/>
  </mem-info>
</gc-end>
<cycle-end id="1848" type="partial gc" contextid="1841" timestamp="2019-08-09T00:19:00.827" />
  <attribute name="elasticGC enabled" value="1" />
  <attribute name= "numThreadsSpecified" value="16" />
  <attribute name="heapSize specified" value="0" />
  <attribute name="Current GC Util" value="140" />
  <attribute name= "Current Time Running" value="151051" />
  <attribute name ="GC Interval" value="0" />
  <attribute name="Target GC Util Change" value ="80.000000" />
  <attribute name="Current GC Util Change" value="140.000000"/>
  <attribute name="Current Error" value="-182.000000" />
  <attribute name="Output H" value="157324136"/>
  <attribute name="Output I" value="1896"/>
  <attribute name="Output T" value="16"/>
  <attribute name= "Current Time Running" value="151051" />
  <attribute name="GC Util currently" value="140" />
  <attribute name="CPU Util currently" value="1537117951191" />
<exclusive-end id="1849" timestamp="2019-08-09T00:19:00.827" durationms="11.638" />

<exclusive-start id="1850" timestamp="2019-08-09T00:19:00.843" intervalms="27.194">
  <response-info timems="0.019" idlems="0.019" threads="0" lastid="0000000001FF0F00" lastname="main" />
</exclusive-start>
<allocation-taxation id="1851" taxation-threshold="46137344" timestamp="2019-08-09T00:19:00.843" intervalms="27.192" />
<cycle-start id="1852" type="partial gc" contextid="0" timestamp="2019-08-09T00:19:00.843" intervalms="27.188" />
<gc-start id="1853" type="partial gc" contextid="1852" timestamp="2019-08-09T00:19:00.843">
  <mem-info id="1854" free="48234496" total="157286400" percent="30">
    <mem type="eden" free="2097096" total="48234496" percent="4" />
    <remembered-set count="10944" freebytes="6244224" totalbytes="6288000" percent="99" regionsoverflowed="0" regionsstable="8" regionsrebuilding="0"/>
  </mem-info>
</gc-start>
<allocation-stats totalBytes="45982592" >
  <allocated-bytes non-tlh="0" tlh="45982592" arrayletleaf="0"/>
  <largest-consumer threadName="main" threadId="0000000001FF0F00" bytes="45982592" />
</allocation-stats>
<gc-op id="1855" type="copy forward" timems="8.543" contextid="1852" timestamp="2019-08-09T00:19:00.853">
  <memory-copied type="eden" objects="2" bytes="56" bytesdiscarded="0" />
  <memory-copied type="other" objects="0" bytes="0" bytesdiscarded="0" />
  <memory-cardclean objects="6" bytes="192" />
  <regions eden="22" other="1" />
  <remembered-set-cleared processed="9173" cleared="0" durationms="0.141" />
  <stringconstants candidates="13838" cleared="0"  />
</gc-op>
<gc-op id="1856" type="classunload" timems="0.009" contextid="1852" timestamp="2019-08-09T00:19:00.853">
  <classunload-info classloadercandidates="54" classloadersunloaded="0" classesunloaded="0" anonymousclassesunloaded="0" quiescems="0.000" setupms="0.008" scanms="0.000" postms="0.000" />
</gc-op>
<gc-end id="1857" type="partial gc" contextid="1852" durationms="9.713" usertimems="23.523" systemtimems="0.000" timestamp="2019-08-09T00:19:00.853" activeThreads="16">
  <mem-info id="1858" free="94371840" total="157286400" percent="60">
    <mem type="eden" free="2097096" total="2097152" percent="99" />
    <remembered-set count="11424" freebytes="6242304" totalbytes="6288000" percent="99" regionsoverflowed="0" regionsstable="8" regionsrebuilding="0"/>
  </mem-info>
</gc-end>
<cycle-end id="1859" type="partial gc" contextid="1852" timestamp="2019-08-09T00:19:00.853" />
  <attribute name="elasticGC enabled" value="1" />
  <attribute name= "numThreadsSpecified" value="16" />
  <attribute name="heapSize specified" value="0" />
  <attribute name="Current GC Util" value="67" />
  <attribute name= "Current Time Running" value="151078" />
  <attribute name ="GC Interval" value="0" />
  <attribute name="Target GC Util Change" value ="80.000000" />
  <attribute name="Current GC Util Change" value="67.000000"/>
  <attribute name="Current Error" value="3.000000" />
  <attribute name="Output H" value="157324248"/>
  <attribute name="Output I" value="2008"/>
  <attribute name="Output T" value="16"/>
  <attribute name= "Current Time Running" value="151078" />
  <attribute name="GC Util currently" value="67" />
  <attribute name="CPU Util currently" value="2084163019787" />
<exclusive-end id="1860" timestamp="2019-08-09T00:19:00.853" durationms="10.383" />

<exclusive-start id="1861" timestamp="2019-08-09T00:19:00.869" intervalms="26.366">
  <response-info timems="0.018" idlems="0.018" threads="0" lastid="0000000001FF0F00" lastname="main" />
</exclusive-start>
<allocation-taxation id="1862" taxation-threshold="46137344" timestamp="2019-08-09T00:19:00.869" intervalms="26.385" />
<cycle-start id="1863" type="partial gc" contextid="0" timestamp="2019-08-09T00:19:00.870" intervalms="26.433" />
<gc-start id="1864" type="partial gc" contextid="1863" timestamp="2019-08-09T00:19:00.870">
  <mem-info id="1865" free="48234496" total="157286400" percent="30">
    <mem type="eden" free="2097096" total="48234496" percent="4" />
    <remembered-set count="10944" freebytes="6244224" totalbytes="6288000" percent="99" regionsoverflowed="0" regionsstable="8" regionsrebuilding="0"/>
  </mem-info>
</gc-start>
<allocation-stats totalBytes="45982592" >
  <allocated-bytes non-tlh="0" tlh="45982592" arrayletleaf="0"/>
  <largest-consumer threadName="main" threadId="0000000001FF0F00" bytes="45982592" />
</allocation-stats>
<gc-op id="1866" type="copy forward" timems="4.226" contextid="1863" timestamp="2019-08-09T00:19:00.875">
  <memory-copied type="eden" objects="2" bytes="56" bytesdiscarded="0" />
  <memory-copied type="other" objects="0" bytes="0" bytesdiscarded="0" />
  <memory-cardclean objects="6" bytes="192" />
  <regions eden="22" other="1" />
  <remembered-set-cleared processed="9173" cleared="0" durationms="0.144" />
  <stringconstants candidates="13838" cleared="0"  />
</gc-op>
<gc-op id="1867" type="classunload" timems="0.008" contextid="1863" timestamp="2019-08-09T00:19:00.875">
  <classunload-info classloadercandidates="54" classloadersunloaded="0" classesunloaded="0" anonymousclassesunloaded="0" quiescems="0.000" setupms="0.008" scanms="0.000" postms="0.000" />
</gc-op>
<gc-end id="1868" type="partial gc" contextid="1863" durationms="5.533" usertimems="10.334" systemtimems="0.000" timestamp="2019-08-09T00:19:00.875" activeThreads="8">
  <mem-info id="1869" free="94371840" total="157286400" percent="60">
    <mem type="eden" free="2097096" total="2097152" percent="99" />
    <remembered-set count="11424" freebytes="6242304" totalbytes="6288000" percent="99" regionsoverflowed="0" regionsstable="8" regionsrebuilding="0"/>
  </mem-info>
</gc-end>
<cycle-end id="1870" type="partial gc" contextid="1863" timestamp="2019-08-09T00:19:00.876" />
  <attribute name="elasticGC enabled" value="1" />
  <attribute name= "numThreadsSpecified" value="8" />
  <attribute name="heapSize specified" value="0" />
  <attribute name="Current GC Util" value="86" />
  <attribute name= "Current Time Running" value="151104" />
  <attribute name ="GC Interval" value="0" />
  <attribute name="Target GC Util Change" value ="80.000000" />
  <attribute name="Current GC Util Change" value="86.000000"/>
  <attribute name="Current Error" value="-12.000000" />
  <attribute name="Output H" value="157324240"/>
  <attribute name="Output I" value="2000"/>
  <attribute name="Output T" value="8"/>
  <attribute name= "Current Time Running" value="151104" />
  <attribute name="GC Util currently" value="86" />
  <attribute name="CPU Util currently" value="1509409205354" />
<exclusive-end id="1871" timestamp="2019-08-09T00:19:00.876" durationms="6.286" />

<exclusive-start id="1872" timestamp="2019-08-09T00:19:00.890" intervalms="21.065">
  <response-info timems="0.019" idlems="0.019" threads="0" lastid="0000000001FF0F00" lastname="main" />
</exclusive-start>
<allocation-taxation id="1873" taxation-threshold="46137344" timestamp="2019-08-09T00:19:00.891" intervalms="21.050" />
<cycle-start id="1874" type="partial gc" contextid="0" timestamp="2019-08-09T00:19:00.891" intervalms="21.012" />
<gc-start id="1875" type="partial gc" contextid="1874" timestamp="2019-08-09T00:19:00.891">
  <mem-info id="1876" free="48234496" total="157286400" percent="30">
    <mem type="eden" free="2097096" total="48234496" percent="4" />
    <remembered-set count="10944" freebytes="6244224" totalbytes="6288000" percent="99" regionsoverflowed="0" regionsstable="8" regionsrebuilding="0"/>
  </mem-info>
</gc-start>
<allocation-stats totalBytes="45982616" >
  <allocated-bytes non-tlh="0" tlh="45982616" arrayletleaf="0"/>
  <largest-consumer threadName="main" threadId="0000000001FF0F00" bytes="45982616" />
</allocation-stats>
<gc-op id="1877" type="copy forward" timems="8.000" contextid="1874" timestamp="2019-08-09T00:19:00.900">
  <memory-copied type="eden" objects="2" bytes="56" bytesdiscarded="0" />
  <memory-copied type="other" objects="0" bytes="0" bytesdiscarded="0" />
  <memory-cardclean objects="6" bytes="192" />
  <regions eden="22" other="1" />
  <remembered-set-cleared processed="9173" cleared="0" durationms="0.145" />
  <stringconstants candidates="13838" cleared="0"  />
</gc-op>
<gc-op id="1878" type="classunload" timems="0.006" contextid="1874" timestamp="2019-08-09T00:19:00.900">
  <classunload-info classloadercandidates="54" classloadersunloaded="0" classesunloaded="0" anonymousclassesunloaded="0" quiescems="0.000" setupms="0.006" scanms="0.000" postms="0.000" />
</gc-op>
<gc-end id="1879" type="partial gc" contextid="1874" durationms="9.320" usertimems="20.435" systemtimems="0.000" timestamp="2019-08-09T00:19:00.900" activeThreads="16">
  <mem-info id="1880" free="94371840" total="157286400" percent="60">
    <mem type="eden" free="2097096" total="2097152" percent="99" />
    <remembered-set count="11424" freebytes="6242304" totalbytes="6288000" percent="99" regionsoverflowed="0" regionsstable="8" regionsrebuilding="0"/>
  </mem-info>
</gc-end>
<cycle-end id="1881" type="partial gc" contextid="1874" timestamp="2019-08-09T00:19:00.900" />
  <attribute name="elasticGC enabled" value="1" />
  <attribute name= "numThreadsSpecified" value="16" />
  <attribute name="heapSize specified" value="0" />
  <attribute name="Current GC Util" value="187" />
  <attribute name= "Current Time Running" value="151125" />
  <attribute name ="GC Interval" value="0" />
  <attribute name="Target GC Util Change" value ="80.000000" />
  <attribute name="Current GC Util Change" value="187.000000"/>
  <attribute name="Current Error" value="-85.000000" />
  <attribute name="Output H" value="157324192"/>
  <attribute name="Output I" value="1952"/>
  <attribute name="Output T" value="16"/>
  <attribute name= "Current Time Running" value="151125" />
  <attribute name="GC Util currently" value="187" />
  <attribute name="CPU Util currently" value="1511742657640" />
<exclusive-end id="1882" timestamp="2019-08-09T00:19:00.900" durationms="9.963" />

<exclusive-start id="1883" timestamp="2019-08-09T00:19:00.921" intervalms="30.159">
  <response-info timems="0.022" idlems="0.022" threads="0" lastid="0000000001FF0F00" lastname="main" />
</exclusive-start>
<allocation-taxation id="1884" taxation-threshold="46137344" timestamp="2019-08-09T00:19:00.921" intervalms="30.256" />
<cycle-start id="1885" type="partial gc" contextid="0" timestamp="2019-08-09T00:19:00.921" intervalms="30.415" />
<gc-start id="1886" type="partial gc" contextid="1885" timestamp="2019-08-09T00:19:00.921">
  <mem-info id="1887" free="48234496" total="157286400" percent="30">
    <mem type="eden" free="2097096" total="48234496" percent="4" />
    <remembered-set count="10944" freebytes="6244224" totalbytes="6288000" percent="99" regionsoverflowed="0" regionsstable="8" regionsrebuilding="0"/>
  </mem-info>
</gc-start>
<allocation-stats totalBytes="45982592" >
  <allocated-bytes non-tlh="0" tlh="45982592" arrayletleaf="0"/>
  <largest-consumer threadName="main" threadId="0000000001FF0F00" bytes="45982592" />
</allocation-stats>
<gc-op id="1888" type="copy forward" timems="11.169" contextid="1885" timestamp="2019-08-09T00:19:00.935">
  <memory-copied type="eden" objects="2" bytes="56" bytesdiscarded="0" />
  <memory-copied type="other" objects="0" bytes="0" bytesdiscarded="0" />
  <memory-cardclean objects="6" bytes="192" />
  <regions eden="22" other="1" />
  <remembered-set-cleared processed="9173" cleared="0" durationms="0.123" />
  <stringconstants candidates="13838" cleared="0"  />
</gc-op>
<gc-op id="1889" type="classunload" timems="0.011" contextid="1885" timestamp="2019-08-09T00:19:00.935">
  <classunload-info classloadercandidates="54" classloadersunloaded="0" classesunloaded="0" anonymousclassesunloaded="0" quiescems="0.000" setupms="0.010" scanms="0.000" postms="0.000" />
</gc-op>
<gc-end id="1890" type="partial gc" contextid="1885" durationms="13.502" usertimems="28.571" systemtimems="0.000" timestamp="2019-08-09T00:19:00.935" activeThreads="16">
  <mem-info id="1891" free="94371840" total="157286400" percent="60">
    <mem type="eden" free="2097096" total="2097152" percent="99" />
    <remembered-set count="11424" freebytes="6242304" totalbytes="6288000" percent="99" regionsoverflowed="0" regionsstable="8" regionsrebuilding="0"/>
  </mem-info>
</gc-end>
<cycle-end id="1892" type="partial gc" contextid="1885" timestamp="2019-08-09T00:19:00.935" />
  <attribute name="elasticGC enabled" value="1" />
  <attribute name= "numThreadsSpecified" value="16" />
  <attribute name="heapSize specified" value="0" />
  <attribute name="Current GC Util" value="138" />
  <attribute name= "Current Time Running" value="151157" />
  <attribute name ="GC Interval" value="0" />
  <attribute name="Target GC Util Change" value ="80.000000" />
  <attribute name="Current GC Util Change" value="138.000000"/>
  <attribute name="Current Error" value="-43.000000" />
  <attribute name="Output H" value="157324216"/>
  <attribute name="Output I" value="1976"/>
  <attribute name="Output T" value="16"/>
  <attribute name= "Current Time Running" value="151157" />
  <attribute name="GC Util currently" value="138" />
  <attribute name="CPU Util currently" value="734781072152" />
<exclusive-end id="1893" timestamp="2019-08-09T00:19:00.935" durationms="14.492" />

<exclusive-start id="1894" timestamp="2019-08-09T00:19:00.950" intervalms="29.750">
  <response-info timems="0.020" idlems="0.020" threads="0" lastid="0000000001FF0F00" lastname="main" />
</exclusive-start>
<allocation-taxation id="1895" taxation-threshold="46137344" timestamp="2019-08-09T00:19:00.950" intervalms="29.651" />
<cycle-start id="1896" type="partial gc" contextid="0" timestamp="2019-08-09T00:19:00.951" intervalms="29.495" />
<gc-start id="1897" type="partial gc" contextid="1896" timestamp="2019-08-09T00:19:00.951">
  <mem-info id="1898" free="48234496" total="157286400" percent="30">
    <mem type="eden" free="2097096" total="48234496" percent="4" />
    <remembered-set count="10944" freebytes="6244224" totalbytes="6288000" percent="99" regionsoverflowed="0" regionsstable="8" regionsrebuilding="0"/>
  </mem-info>
</gc-start>
<allocation-stats totalBytes="45982592" >
  <allocated-bytes non-tlh="0" tlh="45982592" arrayletleaf="0"/>
  <largest-consumer threadName="main" threadId="0000000001FF0F00" bytes="45982592" />
</allocation-stats>
<gc-op id="1899" type="copy forward" timems="9.866" contextid="1896" timestamp="2019-08-09T00:19:00.962">
  <memory-copied type="eden" objects="2" bytes="56" bytesdiscarded="0" />
  <memory-copied type="other" objects="0" bytes="0" bytesdiscarded="0" />
  <memory-cardclean objects="6" bytes="192" />
  <regions eden="22" other="1" />
  <remembered-set-cleared processed="9173" cleared="0" durationms="0.153" />
  <stringconstants candidates="13838" cleared="0"  />
</gc-op>
<gc-op id="1900" type="classunload" timems="0.008" contextid="1896" timestamp="2019-08-09T00:19:00.962">
  <classunload-info classloadercandidates="54" classloadersunloaded="0" classesunloaded="0" anonymousclassesunloaded="0" quiescems="0.000" setupms="0.007" scanms="0.000" postms="0.000" />
</gc-op>
<gc-end id="1901" type="partial gc" contextid="1896" durationms="11.520" usertimems="22.328" systemtimems="0.000" timestamp="2019-08-09T00:19:00.962" activeThreads="16">
  <mem-info id="1902" free="94371840" total="157286400" percent="60">
    <mem type="eden" free="2097096" total="2097152" percent="99" />
    <remembered-set count="11424" freebytes="6242304" totalbytes="6288000" percent="99" regionsoverflowed="0" regionsstable="8" regionsrebuilding="0"/>
  </mem-info>
</gc-end>
<cycle-end id="1903" type="partial gc" contextid="1896" timestamp="2019-08-09T00:19:00.962" />
  <attribute name="elasticGC enabled" value="1" />
  <attribute name= "numThreadsSpecified" value="16" />
  <attribute name="heapSize specified" value="0" />
  <attribute name="Current GC Util" value="104" />
  <attribute name= "Current Time Running" value="151185" />
  <attribute name ="GC Interval" value="0" />
  <attribute name="Target GC Util Change" value ="80.000000" />
  <attribute name="Current GC Util Change" value="104.000000"/>
  <attribute name="Current Error" value="-83.000000" />
  <attribute name="Output H" value="157324200"/>
  <attribute name="Output I" value="1960"/>
  <attribute name="Output T" value="16"/>
  <attribute name= "Current Time Running" value="151185" />
  <attribute name="GC Util currently" value="104" />
  <attribute name="CPU Util currently" value="1046583364292" />
<exclusive-end id="1904" timestamp="2019-08-09T00:19:00.963" durationms="12.257" />

<exclusive-start id="1905" timestamp="2019-08-09T00:19:00.978" intervalms="27.448">
  <response-info timems="0.019" idlems="0.019" threads="0" lastid="0000000001FF0F00" lastname="main" />
</exclusive-start>
<allocation-taxation id="1906" taxation-threshold="46137344" timestamp="2019-08-09T00:19:00.978" intervalms="27.462" />
<cycle-start id="1907" type="partial gc" contextid="0" timestamp="2019-08-09T00:19:00.978" intervalms="27.515" />
<gc-start id="1908" type="partial gc" contextid="1907" timestamp="2019-08-09T00:19:00.978">
  <mem-info id="1909" free="48234496" total="157286400" percent="30">
    <mem type="eden" free="2097096" total="48234496" percent="4" />
    <remembered-set count="10944" freebytes="6244224" totalbytes="6288000" percent="99" regionsoverflowed="0" regionsstable="8" regionsrebuilding="0"/>
  </mem-info>
</gc-start>
<allocation-stats totalBytes="45982592" >
  <allocated-bytes non-tlh="0" tlh="45982592" arrayletleaf="0"/>
  <largest-consumer threadName="main" threadId="0000000001FF0F00" bytes="45982592" />
</allocation-stats>
<gc-op id="1910" type="copy forward" timems="7.402" contextid="1907" timestamp="2019-08-09T00:19:00.987">
  <memory-copied type="eden" objects="2" bytes="56" bytesdiscarded="0" />
  <memory-copied type="other" objects="0" bytes="0" bytesdiscarded="0" />
  <memory-cardclean objects="6" bytes="192" />
  <regions eden="22" other="1" />
  <remembered-set-cleared processed="9173" cleared="0" durationms="0.119" />
  <stringconstants candidates="13838" cleared="0"  />
</gc-op>
<gc-op id="1911" type="classunload" timems="0.008" contextid="1907" timestamp="2019-08-09T00:19:00.987">
  <classunload-info classloadercandidates="54" classloadersunloaded="0" classesunloaded="0" anonymousclassesunloaded="0" quiescems="0.000" setupms="0.008" scanms="0.000" postms="0.000" />
</gc-op>
<gc-end id="1912" type="partial gc" contextid="1907" durationms="8.966" usertimems="16.680" systemtimems="0.000" timestamp="2019-08-09T00:19:00.987" activeThreads="16">
  <mem-info id="1913" free="94371840" total="157286400" percent="60">
    <mem type="eden" free="2097096" total="2097152" percent="99" />
    <remembered-set count="11424" freebytes="6242304" totalbytes="6288000" percent="99" regionsoverflowed="0" regionsstable="8" regionsrebuilding="0"/>
  </mem-info>
</gc-end>
<cycle-end id="1914" type="partial gc" contextid="1907" timestamp="2019-08-09T00:19:00.987" />
  <attribute name="elasticGC enabled" value="1" />
  <attribute name= "numThreadsSpecified" value="16" />
  <attribute name="heapSize specified" value="0" />
  <attribute name="Current GC Util" value="100" />
  <attribute name= "Current Time Running" value="151213" />
  <attribute name ="GC Interval" value="0" />
  <attribute name="Target GC Util Change" value ="80.000000" />
  <attribute name="Current GC Util Change" value="100.000000"/>
  <attribute name="Current Error" value="-103.000000" />
  <attribute name="Output H" value="157324184"/>
  <attribute name="Output I" value="1944"/>
  <attribute name="Output T" value="16"/>
  <attribute name= "Current Time Running" value="151213" />
  <attribute name="GC Util currently" value="100" />
  <attribute name="CPU Util currently" value="1148432245235" />
<exclusive-end id="1915" timestamp="2019-08-09T00:19:00.988" durationms="9.707" />

<exclusive-start id="1916" timestamp="2019-08-09T00:19:01.008" intervalms="30.578">
  <response-info timems="0.015" idlems="0.015" threads="0" lastid="0000000001FF0F00" lastname="main" />
</exclusive-start>
<allocation-taxation id="1917" taxation-threshold="46137344" timestamp="2019-08-09T00:19:01.008" intervalms="30.571" />
<cycle-start id="1918" type="partial gc" contextid="0" timestamp="2019-08-09T00:19:01.009" intervalms="30.541" />
<gc-start id="1919" type="partial gc" contextid="1918" timestamp="2019-08-09T00:19:01.009">
  <mem-info id="1920" free="48234496" total="157286400" percent="30">
    <mem type="eden" free="2097096" total="48234496" percent="4" />
    <remembered-set count="10944" freebytes="6244224" totalbytes="6288000" percent="99" regionsoverflowed="0" regionsstable="8" regionsrebuilding="0"/>
  </mem-info>
</gc-start>
<allocation-stats totalBytes="45884960" >
  <allocated-bytes non-tlh="0" tlh="45884960" arrayletleaf="0"/>
  <largest-consumer threadName="main" threadId="0000000001FF0F00" bytes="45884960" />
</allocation-stats>
<gc-op id="1921" type="copy forward" timems="6.652" contextid="1918" timestamp="2019-08-09T00:19:01.017">
  <memory-copied type="eden" objects="27" bytes="1936" bytesdiscarded="1040" />
  <memory-copied type="other" objects="0" bytes="0" bytesdiscarded="0" />
  <memory-cardclean objects="56" bytes="1960" />
  <regions eden="22" other="1" />
  <remembered-set-cleared processed="9173" cleared="4" durationms="0.157" />
  <stringconstants candidates="13838" cleared="0"  />
</gc-op>
<gc-op id="1922" type="classunload" timems="0.032" contextid="1918" timestamp="2019-08-09T00:19:01.017">
  <classunload-info classloadercandidates="54" classloadersunloaded="0" classesunloaded="0" anonymousclassesunloaded="0" quiescems="0.000" setupms="0.031" scanms="0.000" postms="0.000" />
</gc-op>
<gc-end id="1923" type="partial gc" contextid="1918" durationms="7.919" usertimems="16.163" systemtimems="0.000" timestamp="2019-08-09T00:19:01.017" activeThreads="16">
  <mem-info id="1924" free="94371840" total="157286400" percent="60">
    <mem type="eden" free="2094176" total="2097152" percent="99" />
    <remembered-set count="12928" freebytes="6236288" totalbytes="6288000" percent="99" regionsoverflowed="0" regionsstable="8" regionsrebuilding="0"/>
  </mem-info>
</gc-end>
<cycle-end id="1925" type="partial gc" contextid="1918" timestamp="2019-08-09T00:19:01.017" />
  <attribute name="elasticGC enabled" value="1" />
  <attribute name= "numThreadsSpecified" value="16" />
  <attribute name="heapSize specified" value="0" />
  <attribute name="Current GC Util" value="105" />
  <attribute name= "Current Time Running" value="151243" />
  <attribute name ="GC Interval" value="0" />
  <attribute name="Target GC Util Change" value ="80.000000" />
  <attribute name="Current GC Util Change" value="105.000000"/>
  <attribute name="Current Error" value="2.000000" />
  <attribute name="Output H" value="157324248"/>
  <attribute name="Output I" value="2008"/>
  <attribute name="Output T" value="16"/>
  <attribute name= "Current Time Running" value="151243" />
  <attribute name="GC Util currently" value="105" />
  <attribute name="CPU Util currently" value="1642792262787" />
<exclusive-end id="1926" timestamp="2019-08-09T00:19:01.017" durationms="8.692" />

<exclusive-start id="1927" timestamp="2019-08-09T00:19:01.034" intervalms="25.483">
  <response-info timems="0.022" idlems="0.022" threads="0" lastid="0000000001FF0F00" lastname="main" />
</exclusive-start>
<allocation-taxation id="1928" taxation-threshold="46137344" timestamp="2019-08-09T00:19:01.034" intervalms="25.479" />
<cycle-start id="1929" type="partial gc" contextid="0" timestamp="2019-08-09T00:19:01.034" intervalms="25.477" />
<gc-start id="1930" type="partial gc" contextid="1929" timestamp="2019-08-09T00:19:01.034">
  <mem-info id="1931" free="48234496" total="157286400" percent="30">
    <mem type="eden" free="0" total="46137344" percent="0" />
    <remembered-set count="3328" freebytes="6274688" totalbytes="6288000" percent="99" regionsoverflowed="0" regionsstable="9" regionsrebuilding="0"/>
  </mem-info>
</gc-start>
<allocation-stats totalBytes="45839536" >
  <allocated-bytes non-tlh="0" tlh="45839536" arrayletleaf="0"/>
  <largest-consumer threadName="main" threadId="0000000001FF0F00" bytes="45839536" />
</allocation-stats>
<gc-op id="1932" type="copy forward" timems="7.756" contextid="1929" timestamp="2019-08-09T00:19:01.043">
  <memory-copied type="eden" objects="2" bytes="64" bytesdiscarded="0" />
  <memory-copied type="other" objects="26" bytes="1896" bytesdiscarded="1008" />
  <memory-cardclean objects="39" bytes="1680" />
  <regions eden="22" other="1" />
  <remembered-set-cleared processed="357" cleared="1" durationms="0.208" />
  <stringconstants candidates="13838" cleared="0"  />
</gc-op>
<gc-op id="1933" type="classunload" timems="0.007" contextid="1929" timestamp="2019-08-09T00:19:01.043">
  <classunload-info classloadercandidates="54" classloadersunloaded="0" classesunloaded="0" anonymousclassesunloaded="0" quiescems="0.000" setupms="0.007" scanms="0.000" postms="0.000" />
</gc-op>
<heap-resize id="1934" type="expand" space="default" amount="6291456" count="1" timems="0.056" reason="excessive time being spent in gc" timestamp="2019-08-09T00:19:01.043" />
<gc-end id="1935" type="partial gc" contextid="1929" durationms="9.033" usertimems="19.769" systemtimems="0.000" timestamp="2019-08-09T00:19:01.043" activeThreads="16">
  <mem-info id="1936" free="98566144" total="163577856" percent="60">
    <mem type="eden" free="2097088" total="2097152" percent="99" />
    <remembered-set count="3328" freebytes="6526208" totalbytes="6539520" percent="99" regionsoverflowed="0" regionsstable="9" regionsrebuilding="0"/>
  </mem-info>
</gc-end>
<cycle-end id="1937" type="partial gc" contextid="1929" timestamp="2019-08-09T00:19:01.044" />
  <attribute name="elasticGC enabled" value="1" />
  <attribute name= "numThreadsSpecified" value="16" />
  <attribute name="heapSize specified" value="0" />
  <attribute name="Current GC Util" value="123" />
  <attribute name= "Current Time Running" value="151269" />
  <attribute name ="GC Interval" value="0" />
  <attribute name="Target GC Util Change" value ="80.000000" />
  <attribute name="Current GC Util Change" value="123.000000"/>
  <attribute name="Current Error" value="-25.000000" />
  <attribute name="Output H" value="157324232"/>
  <attribute name="Output I" value="1992"/>
  <attribute name="Output T" value="16"/>
  <attribute name= "Current Time Running" value="151269" />
  <attribute name="GC Util currently" value="123" />
  <attribute name="CPU Util currently" value="1885269477278" />
<exclusive-end id="1938" timestamp="2019-08-09T00:19:01.044" durationms="9.717" />

<exclusive-start id="1939" timestamp="2019-08-09T00:19:01.064" intervalms="30.232">
  <response-info timems="0.056" idlems="0.056" threads="0" lastid="0000000001FF0F00" lastname="main" />
</exclusive-start>
<allocation-taxation id="1940" taxation-threshold="48234496" timestamp="2019-08-09T00:19:01.064" intervalms="30.249" />
<cycle-start id="1941" type="partial gc" contextid="0" timestamp="2019-08-09T00:19:01.064" intervalms="30.327" />
<gc-start id="1942" type="partial gc" contextid="1941" timestamp="2019-08-09T00:19:01.065">
  <mem-info id="1943" free="50331648" total="163577856" percent="30">
    <mem type="eden" free="2097088" total="50331648" percent="4" />
    <remembered-set count="3328" freebytes="6526208" totalbytes="6539520" percent="99" regionsoverflowed="0" regionsstable="9" regionsrebuilding="0"/>
  </mem-info>
</gc-start>
<allocation-stats totalBytes="47933392" >
  <allocated-bytes non-tlh="0" tlh="47933392" arrayletleaf="0"/>
  <largest-consumer threadName="main" threadId="0000000001FF0F00" bytes="47933392" />
</allocation-stats>
<gc-op id="1944" type="copy forward" timems="12.201" contextid="1941" timestamp="2019-08-09T00:19:01.078">
  <memory-copied type="eden" objects="2" bytes="64" bytesdiscarded="0" />
  <memory-copied type="other" objects="0" bytes="0" bytesdiscarded="0" />
  <memory-cardclean objects="10" bytes="424" />
  <regions eden="23" other="1" />
  <remembered-set-cleared processed="362" cleared="0" durationms="0.090" />
  <stringconstants candidates="13838" cleared="0"  />
</gc-op>
<gc-op id="1945" type="classunload" timems="0.009" contextid="1941" timestamp="2019-08-09T00:19:01.078">
  <classunload-info classloadercandidates="54" classloadersunloaded="0" classesunloaded="0" anonymousclassesunloaded="0" quiescems="0.000" setupms="0.008" scanms="0.000" postms="0.000" />
</gc-op>
<gc-end id="1946" type="partial gc" contextid="1941" durationms="13.457" usertimems="26.758" systemtimems="0.000" timestamp="2019-08-09T00:19:01.079" activeThreads="16">
  <mem-info id="1947" free="98566144" total="163577856" percent="60">
    <mem type="eden" free="2097088" total="2097152" percent="99" />
    <remembered-set count="2432" freebytes="6529792" totalbytes="6539520" percent="99" regionsoverflowed="0" regionsstable="9" regionsrebuilding="0"/>
  </mem-info>
</gc-end>
<cycle-end id="1948" type="partial gc" contextid="1941" timestamp="2019-08-09T00:19:01.079" />
  <attribute name="elasticGC enabled" value="1" />
  <attribute name= "numThreadsSpecified" value="16" />
  <attribute name="heapSize specified" value="0" />
  <attribute name="Current GC Util" value="167" />
  <attribute name= "Current Time Running" value="151299" />
  <attribute name ="GC Interval" value="0" />
  <attribute name="Target GC Util Change" value ="80.000000" />
  <attribute name="Current GC Util Change" value="167.000000"/>
  <attribute name="Current Error" value="-95.000000" />
  <attribute name="Output H" value="163615648"/>
  <attribute name="Output I" value="1952"/>
  <attribute name="Output T" value="16"/>
  <attribute name= "Current Time Running" value="151299" />
  <attribute name="GC Util currently" value="167" />
  <attribute name="CPU Util currently" value="2043907953254" />
<exclusive-end id="1949" timestamp="2019-08-09T00:19:01.079" durationms="14.892" />

<exclusive-start id="1950" timestamp="2019-08-09T00:19:01.104" intervalms="39.678">
  <response-info timems="0.060" idlems="0.060" threads="0" lastid="0000000001FF0F00" lastname="main" />
</exclusive-start>
<allocation-taxation id="1951" taxation-threshold="48234496" timestamp="2019-08-09T00:19:01.104" intervalms="39.680" />
<cycle-start id="1952" type="partial gc" contextid="0" timestamp="2019-08-09T00:19:01.104" intervalms="39.850" />
<gc-start id="1953" type="partial gc" contextid="1952" timestamp="2019-08-09T00:19:01.105">
  <mem-info id="1954" free="50331648" total="163577856" percent="30">
    <mem type="eden" free="2097088" total="50331648" percent="4" />
    <remembered-set count="2432" freebytes="6529792" totalbytes="6539520" percent="99" regionsoverflowed="0" regionsstable="9" regionsrebuilding="0"/>
  </mem-info>
</gc-start>
<allocation-stats totalBytes="47933392" >
  <allocated-bytes non-tlh="0" tlh="47933392" arrayletleaf="0"/>
  <largest-consumer threadName="main" threadId="0000000001FF0F00" bytes="47933392" />
</allocation-stats>
<gc-op id="1955" type="copy forward" timems="12.189" contextid="1952" timestamp="2019-08-09T00:19:01.119">
  <memory-copied type="eden" objects="2" bytes="64" bytesdiscarded="0" />
  <memory-copied type="other" objects="0" bytes="0" bytesdiscarded="0" />
  <memory-cardclean objects="10" bytes="424" />
  <regions eden="23" other="1" />
  <remembered-set-cleared processed="362" cleared="0" durationms="0.117" />
  <stringconstants candidates="13838" cleared="0"  />
</gc-op>
<gc-op id="1956" type="classunload" timems="0.008" contextid="1952" timestamp="2019-08-09T00:19:01.119">
  <classunload-info classloadercandidates="54" classloadersunloaded="0" classesunloaded="0" anonymousclassesunloaded="0" quiescems="0.000" setupms="0.008" scanms="0.000" postms="0.000" />
</gc-op>
<gc-end id="1957" type="partial gc" contextid="1952" durationms="14.274" usertimems="25.467" systemtimems="0.000" timestamp="2019-08-09T00:19:01.119" activeThreads="16">
  <mem-info id="1958" free="98566144" total="163577856" percent="60">
    <mem type="eden" free="2097088" total="2097152" percent="99" />
    <remembered-set count="2432" freebytes="6529792" totalbytes="6539520" percent="99" regionsoverflowed="0" regionsstable="9" regionsrebuilding="0"/>
  </mem-info>
</gc-end>
<cycle-end id="1959" type="partial gc" contextid="1952" timestamp="2019-08-09T00:19:01.119" />
  <attribute name="elasticGC enabled" value="1" />
  <attribute name= "numThreadsSpecified" value="16" />
  <attribute name="heapSize specified" value="0" />
  <attribute name="Current GC Util" value="153" />
  <attribute name= "Current Time Running" value="151340" />
  <attribute name ="GC Interval" value="0" />
  <attribute name="Target GC Util Change" value ="80.000000" />
  <attribute name="Current GC Util Change" value="153.000000"/>
  <attribute name="Current Error" value="-60.000000" />
  <attribute name="Output H" value="163615664"/>
  <attribute name="Output I" value="1968"/>
  <attribute name="Output T" value="16"/>
  <attribute name= "Current Time Running" value="151340" />
  <attribute name="GC Util currently" value="153" />
  <attribute name="CPU Util currently" value="805417037002" />
<exclusive-end id="1960" timestamp="2019-08-09T00:19:01.119" durationms="15.305" />

<exclusive-start id="1961" timestamp="2019-08-09T00:19:01.137" intervalms="33.624">
  <response-info timems="0.025" idlems="0.025" threads="0" lastid="0000000001FF0F00" lastname="main" />
</exclusive-start>
<allocation-taxation id="1962" taxation-threshold="48234496" timestamp="2019-08-09T00:19:01.138" intervalms="33.659" />
<cycle-start id="1963" type="partial gc" contextid="0" timestamp="2019-08-09T00:19:01.138" intervalms="33.497" />
<gc-start id="1964" type="partial gc" contextid="1963" timestamp="2019-08-09T00:19:01.139">
  <mem-info id="1965" free="50331648" total="163577856" percent="30">
    <mem type="eden" free="2097088" total="50331648" percent="4" />
    <remembered-set count="2432" freebytes="6529792" totalbytes="6539520" percent="99" regionsoverflowed="0" regionsstable="9" regionsrebuilding="0"/>
  </mem-info>
</gc-start>
<allocation-stats totalBytes="47932128" >
  <allocated-bytes non-tlh="0" tlh="47932128" arrayletleaf="0"/>
  <largest-consumer threadName="main" threadId="0000000001FF0F00" bytes="47932128" />
</allocation-stats>
<gc-op id="1966" type="copy forward" timems="9.144" contextid="1963" timestamp="2019-08-09T00:19:01.150">
  <memory-copied type="eden" objects="2" bytes="64" bytesdiscarded="0" />
  <memory-copied type="other" objects="0" bytes="0" bytesdiscarded="0" />
  <memory-cardclean objects="10" bytes="424" />
  <regions eden="23" other="1" />
  <remembered-set-cleared processed="362" cleared="0" durationms="0.081" />
  <stringconstants candidates="13838" cleared="0"  />
</gc-op>
<gc-op id="1967" type="classunload" timems="0.009" contextid="1963" timestamp="2019-08-09T00:19:01.150">
  <classunload-info classloadercandidates="54" classloadersunloaded="0" classesunloaded="0" anonymousclassesunloaded="0" quiescems="0.000" setupms="0.009" scanms="0.000" postms="0.000" />
</gc-op>
<gc-end id="1968" type="partial gc" contextid="1963" durationms="11.182" usertimems="22.888" systemtimems="0.000" timestamp="2019-08-09T00:19:01.150" activeThreads="16">
  <mem-info id="1969" free="98566144" total="163577856" percent="60">
    <mem type="eden" free="2097088" total="2097152" percent="99" />
    <remembered-set count="2432" freebytes="6529792" totalbytes="6539520" percent="99" regionsoverflowed="0" regionsstable="9" regionsrebuilding="0"/>
  </mem-info>
</gc-end>
<cycle-end id="1970" type="partial gc" contextid="1963" timestamp="2019-08-09T00:19:01.150" />
  <attribute name="elasticGC enabled" value="1" />
  <attribute name= "numThreadsSpecified" value="16" />
  <attribute name="heapSize specified" value="0" />
  <attribute name="Current GC Util" value="140" />
  <attribute name= "Current Time Running" value="151374" />
  <attribute name ="GC Interval" value="0" />
  <attribute name="Target GC Util Change" value ="80.000000" />
  <attribute name="Current GC Util Change" value="140.000000"/>
  <attribute name="Current Error" value="-110.000000" />
  <attribute name="Output H" value="163615640"/>
  <attribute name="Output I" value="1944"/>
  <attribute name="Output T" value="16"/>
  <attribute name= "Current Time Running" value="151374" />
  <attribute name="GC Util currently" value="140" />
  <attribute name="CPU Util currently" value="1264046304979" />
<exclusive-end id="1971" timestamp="2019-08-09T00:19:01.150" durationms="12.830" />

<exclusive-start id="1972" timestamp="2019-08-09T00:19:01.168" intervalms="30.135">
  <response-info timems="0.029" idlems="0.029" threads="0" lastid="0000000001FF0F00" lastname="main" />
</exclusive-start>
<allocation-taxation id="1973" taxation-threshold="48234496" timestamp="2019-08-09T00:19:01.168" intervalms="30.090" />
<cycle-start id="1974" type="partial gc" contextid="0" timestamp="2019-08-09T00:19:01.168" intervalms="29.997" />
<gc-start id="1975" type="partial gc" contextid="1974" timestamp="2019-08-09T00:19:01.168">
  <mem-info id="1976" free="50331648" total="163577856" percent="30">
    <mem type="eden" free="2097088" total="50331648" percent="4" />
    <remembered-set count="2432" freebytes="6529792" totalbytes="6539520" percent="99" regionsoverflowed="0" regionsstable="9" regionsrebuilding="0"/>
  </mem-info>
</gc-start>
<allocation-stats totalBytes="47932152" >
  <allocated-bytes non-tlh="0" tlh="47932152" arrayletleaf="0"/>
  <largest-consumer threadName="main" threadId="0000000001FF0F00" bytes="47932152" />
</allocation-stats>
<gc-op id="1977" type="copy forward" timems="8.292" contextid="1974" timestamp="2019-08-09T00:19:01.177">
  <memory-copied type="eden" objects="2" bytes="64" bytesdiscarded="0" />
  <memory-copied type="other" objects="0" bytes="0" bytesdiscarded="0" />
  <memory-cardclean objects="10" bytes="424" />
  <regions eden="23" other="1" />
  <remembered-set-cleared processed="362" cleared="0" durationms="0.143" />
  <stringconstants candidates="13838" cleared="0"  />
</gc-op>
<gc-op id="1978" type="classunload" timems="0.010" contextid="1974" timestamp="2019-08-09T00:19:01.177">
  <classunload-info classloadercandidates="54" classloadersunloaded="0" classesunloaded="0" anonymousclassesunloaded="0" quiescems="0.000" setupms="0.009" scanms="0.000" postms="0.000" />
</gc-op>
<gc-end id="1979" type="partial gc" contextid="1974" durationms="9.369" usertimems="21.758" systemtimems="0.000" timestamp="2019-08-09T00:19:01.177" activeThreads="16">
  <mem-info id="1980" free="98566144" total="163577856" percent="60">
    <mem type="eden" free="2097088" total="2097152" percent="99" />
    <remembered-set count="2432" freebytes="6529792" totalbytes="6539520" percent="99" regionsoverflowed="0" regionsstable="9" regionsrebuilding="0"/>
  </mem-info>
</gc-end>
<cycle-end id="1981" type="partial gc" contextid="1974" timestamp="2019-08-09T00:19:01.178" />
  <attribute name="elasticGC enabled" value="1" />
  <attribute name= "numThreadsSpecified" value="16" />
  <attribute name="heapSize specified" value="0" />
  <attribute name="Current GC Util" value="173" />
  <attribute name= "Current Time Running" value="151402" />
  <attribute name ="GC Interval" value="0" />
  <attribute name="Target GC Util Change" value ="80.000000" />
  <attribute name="Current GC Util Change" value="173.000000"/>
  <attribute name="Current Error" value="-202.000000" />
  <attribute name="Output H" value="163615584"/>
  <attribute name="Output I" value="1888"/>
  <attribute name="Output T" value="16"/>
  <attribute name= "Current Time Running" value="151402" />
  <attribute name="GC Util currently" value="173" />
  <attribute name="CPU Util currently" value="2325446445680" />
<exclusive-end id="1982" timestamp="2019-08-09T00:19:01.178" durationms="10.091" />

<exclusive-start id="1983" timestamp="2019-08-09T00:19:01.196" intervalms="28.573">
  <response-info timems="0.022" idlems="0.022" threads="0" lastid="0000000001FF0F00" lastname="main" />
</exclusive-start>
<allocation-taxation id="1984" taxation-threshold="48234496" timestamp="2019-08-09T00:19:01.196" intervalms="28.563" />
<cycle-start id="1985" type="partial gc" contextid="0" timestamp="2019-08-09T00:19:01.196" intervalms="28.539" />
<gc-start id="1986" type="partial gc" contextid="1985" timestamp="2019-08-09T00:19:01.197">
  <mem-info id="1987" free="50331648" total="163577856" percent="30">
    <mem type="eden" free="2097088" total="50331648" percent="4" />
    <remembered-set count="2432" freebytes="6529792" totalbytes="6539520" percent="99" regionsoverflowed="0" regionsstable="9" regionsrebuilding="0"/>
  </mem-info>
</gc-start>
<allocation-stats totalBytes="47933392" >
  <allocated-bytes non-tlh="0" tlh="47933392" arrayletleaf="0"/>
  <largest-consumer threadName="main" threadId="0000000001FF0F00" bytes="47933392" />
</allocation-stats>
<gc-op id="1988" type="copy forward" timems="13.140" contextid="1985" timestamp="2019-08-09T00:19:01.211">
  <memory-copied type="eden" objects="2" bytes="64" bytesdiscarded="0" />
  <memory-copied type="other" objects="0" bytes="0" bytesdiscarded="0" />
  <memory-cardclean objects="10" bytes="424" />
  <regions eden="23" other="1" />
  <remembered-set-cleared processed="362" cleared="0" durationms="0.097" />
  <stringconstants candidates="13838" cleared="0"  />
</gc-op>
<gc-op id="1989" type="classunload" timems="0.011" contextid="1985" timestamp="2019-08-09T00:19:01.211">
  <classunload-info classloadercandidates="54" classloadersunloaded="0" classesunloaded="0" anonymousclassesunloaded="0" quiescems="0.000" setupms="0.010" scanms="0.000" postms="0.000" />
</gc-op>
<gc-end id="1990" type="partial gc" contextid="1985" durationms="14.404" usertimems="34.678" systemtimems="0.000" timestamp="2019-08-09T00:19:01.211" activeThreads="16">
  <mem-info id="1991" free="98566144" total="163577856" percent="60">
    <mem type="eden" free="2097088" total="2097152" percent="99" />
    <remembered-set count="2432" freebytes="6529792" totalbytes="6539520" percent="99" regionsoverflowed="0" regionsstable="9" regionsrebuilding="0"/>
  </mem-info>
</gc-end>
<cycle-end id="1992" type="partial gc" contextid="1985" timestamp="2019-08-09T00:19:01.211" />
  <attribute name="elasticGC enabled" value="1" />
  <attribute name= "numThreadsSpecified" value="16" />
  <attribute name="heapSize specified" value="0" />
  <attribute name="Current GC Util" value="142" />
  <attribute name= "Current Time Running" value="151431" />
  <attribute name ="GC Interval" value="0" />
  <attribute name="Target GC Util Change" value ="80.000000" />
  <attribute name="Current GC Util Change" value="142.000000"/>
  <attribute name="Current Error" value="-57.000000" />
  <attribute name="Output H" value="163615664"/>
  <attribute name="Output I" value="1968"/>
  <attribute name="Output T" value="16"/>
  <attribute name= "Current Time Running" value="151431" />
  <attribute name="GC Util currently" value="142" />
  <attribute name="CPU Util currently" value="1844093087354" />
<exclusive-end id="1993" timestamp="2019-08-09T00:19:01.211" durationms="15.035" />

<exclusive-start id="1994" timestamp="2019-08-09T00:19:01.228" intervalms="31.687">
  <response-info timems="0.022" idlems="0.022" threads="0" lastid="0000000001FF0F00" lastname="main" />
</exclusive-start>
<allocation-taxation id="1995" taxation-threshold="48234496" timestamp="2019-08-09T00:19:01.228" intervalms="31.726" />
<cycle-start id="1996" type="partial gc" contextid="0" timestamp="2019-08-09T00:19:01.228" intervalms="31.990" />
<gc-start id="1997" type="partial gc" contextid="1996" timestamp="2019-08-09T00:19:01.229">
  <mem-info id="1998" free="50331648" total="163577856" percent="30">
    <mem type="eden" free="2097088" total="50331648" percent="4" />
    <remembered-set count="2432" freebytes="6529792" totalbytes="6539520" percent="99" regionsoverflowed="0" regionsstable="9" regionsrebuilding="0"/>
  </mem-info>
</gc-start>
<allocation-stats totalBytes="47933392" >
  <allocated-bytes non-tlh="0" tlh="47933392" arrayletleaf="0"/>
  <largest-consumer threadName="main" threadId="0000000001FF0F00" bytes="47933392" />
</allocation-stats>
<gc-op id="1999" type="copy forward" timems="21.460" contextid="1996" timestamp="2019-08-09T00:19:01.251">
  <memory-copied type="eden" objects="2" bytes="64" bytesdiscarded="0" />
  <memory-copied type="other" objects="0" bytes="0" bytesdiscarded="0" />
  <memory-cardclean objects="10" bytes="424" />
  <regions eden="23" other="1" />
  <remembered-set-cleared processed="362" cleared="0" durationms="0.108" />
  <stringconstants candidates="13838" cleared="0"  />
</gc-op>
<gc-op id="2000" type="classunload" timems="0.009" contextid="1996" timestamp="2019-08-09T00:19:01.251">
  <classunload-info classloadercandidates="54" classloadersunloaded="0" classesunloaded="0" anonymousclassesunloaded="0" quiescems="0.000" setupms="0.009" scanms="0.000" postms="0.000" />
</gc-op>
<gc-end id="2001" type="partial gc" contextid="1996" durationms="22.876" usertimems="42.053" systemtimems="0.000" timestamp="2019-08-09T00:19:01.251" activeThreads="16">
  <mem-info id="2002" free="98566144" total="163577856" percent="60">
    <mem type="eden" free="2097088" total="2097152" percent="99" />
    <remembered-set count="2432" freebytes="6529792" totalbytes="6539520" percent="99" regionsoverflowed="0" regionsstable="9" regionsrebuilding="0"/>
  </mem-info>
</gc-end>
<cycle-end id="2003" type="partial gc" contextid="1996" timestamp="2019-08-09T00:19:01.252" />
  <attribute name="elasticGC enabled" value="1" />
  <attribute name= "numThreadsSpecified" value="16" />
  <attribute name="heapSize specified" value="0" />
  <attribute name="Current GC Util" value="184" />
  <attribute name= "Current Time Running" value="151463" />
  <attribute name ="GC Interval" value="0" />
  <attribute name="Target GC Util Change" value ="80.000000" />
  <attribute name="Current GC Util Change" value="184.000000"/>
  <attribute name="Current Error" value="-188.000000" />
  <attribute name="Output H" value="163615592"/>
  <attribute name="Output I" value="1896"/>
  <attribute name="Output T" value="16"/>
  <attribute name= "Current Time Running" value="151463" />
  <attribute name="GC Util currently" value="184" />
  <attribute name="CPU Util currently" value="1553611977123" />
<exclusive-end id="2004" timestamp="2019-08-09T00:19:01.252" durationms="24.431" />

<exclusive-start id="2005" timestamp="2019-08-09T00:19:01.353" intervalms="124.769">
  <response-info timems="0.023" idlems="0.023" threads="0" lastid="0000000001FF0F00" lastname="main" />
</exclusive-start>
<allocation-taxation id="2006" taxation-threshold="48234496" timestamp="2019-08-09T00:19:01.353" intervalms="124.735" />
<cycle-start id="2007" type="partial gc" contextid="0" timestamp="2019-08-09T00:19:01.353" intervalms="124.566" />
<gc-start id="2008" type="partial gc" contextid="2007" timestamp="2019-08-09T00:19:01.353">
  <mem-info id="2009" free="50331648" total="163577856" percent="30">
    <mem type="eden" free="2097088" total="50331648" percent="4" />
    <remembered-set count="2432" freebytes="6529792" totalbytes="6539520" percent="99" regionsoverflowed="0" regionsstable="9" regionsrebuilding="0"/>
  </mem-info>
</gc-start>
<allocation-stats totalBytes="48223632" >
  <allocated-bytes non-tlh="0" tlh="48223632" arrayletleaf="0"/>
  <largest-consumer threadName="main" threadId="0000000001FF0F00" bytes="48223632" />
</allocation-stats>
<gc-op id="2010" type="copy forward" timems="19.269" contextid="2007" timestamp="2019-08-09T00:19:01.374">
  <memory-copied type="eden" objects="163" bytes="5360" bytesdiscarded="1376" />
  <memory-copied type="other" objects="0" bytes="0" bytesdiscarded="0" />
  <memory-cardclean objects="69" bytes="2464" />
  <regions eden="23" other="1" />
  <remembered-set-cleared processed="362" cleared="4" durationms="0.100" />
  <stringconstants candidates="13838" cleared="0"  />
</gc-op>
<gc-op id="2011" type="classunload" timems="0.008" contextid="2007" timestamp="2019-08-09T00:19:01.374">
  <classunload-info classloadercandidates="54" classloadersunloaded="0" classesunloaded="0" anonymousclassesunloaded="0" quiescems="0.000" setupms="0.008" scanms="0.000" postms="0.000" />
</gc-op>
<gc-end id="2012" type="partial gc" contextid="2007" durationms="20.935" usertimems="34.417" systemtimems="0.000" timestamp="2019-08-09T00:19:01.374" activeThreads="16">
  <mem-info id="2013" free="98566144" total="163577856" percent="60">
    <mem type="eden" free="2090416" total="2097152" percent="99" />
    <remembered-set count="3872" freebytes="6524032" totalbytes="6539520" percent="99" regionsoverflowed="0" regionsstable="9" regionsrebuilding="0"/>
  </mem-info>
</gc-end>
<cycle-end id="2014" type="partial gc" contextid="2007" timestamp="2019-08-09T00:19:01.374" />
  <attribute name="elasticGC enabled" value="1" />
  <attribute name= "numThreadsSpecified" value="16" />
  <attribute name="heapSize specified" value="0" />
  <attribute name="Current GC Util" value="155" />
  <attribute name= "Current Time Running" value="151588" />
  <attribute name ="GC Interval" value="0" />
  <attribute name="Target GC Util Change" value ="80.000000" />
  <attribute name="Current GC Util Change" value="155.000000"/>
  <attribute name="Current Error" value="-215.000000" />
  <attribute name="Output H" value="163615576"/>
  <attribute name="Output I" value="1880"/>
  <attribute name="Output T" value="16"/>
  <attribute name= "Current Time Running" value="151588" />
  <attribute name="GC Util currently" value="155" />
  <attribute name="CPU Util currently" value="1130378330530" />
<exclusive-end id="2015" timestamp="2019-08-09T00:19:01.374" durationms="21.712" />

<exclusive-start id="2016" timestamp="2019-08-09T00:19:01.465" intervalms="112.385">
  <response-info timems="0.019" idlems="0.019" threads="0" lastid="0000000001FF0F00" lastname="main" />
</exclusive-start>
<allocation-taxation id="2017" taxation-threshold="48234496" timestamp="2019-08-09T00:19:01.465" intervalms="112.383" />
<cycle-start id="2018" type="partial gc" contextid="0" timestamp="2019-08-09T00:19:01.465" intervalms="112.361" />
<gc-start id="2019" type="partial gc" contextid="2018" timestamp="2019-08-09T00:19:01.465">
  <mem-info id="2020" free="50331648" total="163577856" percent="30">
    <mem type="eden" free="0" total="48234496" percent="0" />
    <remembered-set count="3872" freebytes="6524032" totalbytes="6539520" percent="99" regionsoverflowed="0" regionsstable="9" regionsrebuilding="0"/>
  </mem-info>
</gc-start>
<allocation-stats totalBytes="48228080" >
  <allocated-bytes non-tlh="0" tlh="48228080" arrayletleaf="0"/>
  <largest-consumer threadName="main" threadId="0000000001FF0F00" bytes="48228080" />
</allocation-stats>
<gc-op id="2021" type="copy forward" timems="16.232" contextid="2018" timestamp="2019-08-09T00:19:01.492">
  <memory-copied type="eden" objects="239" bytes="7816" bytesdiscarded="2560" />
  <memory-copied type="other" objects="7" bytes="160" bytesdiscarded="1400" />
  <memory-cardclean objects="121" bytes="12088" />
  <regions eden="23" other="1" />
  <remembered-set-cleared processed="360" cleared="7" durationms="0.226" />
  <references type="weak" candidates="37" cleared="0" enqueued="0" />
  <stringconstants candidates="13838" cleared="0"  />
</gc-op>
<gc-op id="2022" type="classunload" timems="0.010" contextid="2018" timestamp="2019-08-09T00:19:01.492">
  <classunload-info classloadercandidates="54" classloadersunloaded="0" classesunloaded="0" anonymousclassesunloaded="0" quiescems="0.000" setupms="0.010" scanms="0.000" postms="0.000" />
</gc-op>
<heap-resize id="2023" type="expand" space="default" amount="4194304" count="1" timems="0.055" reason="excessive time being spent in gc" timestamp="2019-08-09T00:19:01.492" />
<gc-end id="2024" type="partial gc" contextid="2018" durationms="26.269" usertimems="65.862" systemtimems="0.000" timestamp="2019-08-09T00:19:01.492" activeThreads="16">
  <mem-info id="2025" free="100663296" total="167772160" percent="60">
    <mem type="eden" free="2086728" total="2097152" percent="99" />
    <remembered-set count="4256" freebytes="6690176" totalbytes="6707200" percent="99" regionsoverflowed="0" regionsstable="9" regionsrebuilding="0"/>
  </mem-info>
</gc-end>
<cycle-end id="2026" type="partial gc" contextid="2018" timestamp="2019-08-09T00:19:01.492" />
  <attribute name="elasticGC enabled" value="1" />
  <attribute name= "numThreadsSpecified" value="16" />
  <attribute name="heapSize specified" value="0" />
  <attribute name="Current GC Util" value="287" />
  <attribute name= "Current Time Running" value="151709" />
  <attribute name ="GC Interval" value="0" />
  <attribute name="Target GC Util Change" value ="80.000000" />
  <attribute name="Current GC Util Change" value="287.000000"/>
  <attribute name="Current Error" value="-156.000000" />
  <attribute name="Output H" value="163615608"/>
  <attribute name="Output I" value="1912"/>
  <attribute name="Output T" value="16"/>
  <attribute name= "Current Time Running" value="151709" />
  <attribute name="GC Util currently" value="287" />
  <attribute name="CPU Util currently" value="124085209107" />
<exclusive-end id="2027" timestamp="2019-08-09T00:19:01.492" durationms="27.012" />

<exclusive-start id="2028" timestamp="2019-08-09T00:19:01.527" intervalms="61.943">
  <response-info timems="0.019" idlems="0.019" threads="0" lastid="0000000001FF0F00" lastname="main" />
</exclusive-start>
<allocation-taxation id="2029" taxation-threshold="48234496" timestamp="2019-08-09T00:19:01.527" intervalms="61.935" />
<cycle-start id="2030" type="partial gc" contextid="0" timestamp="2019-08-09T00:19:01.527" intervalms="61.950" />
<gc-start id="2031" type="partial gc" contextid="2030" timestamp="2019-08-09T00:19:01.527">
  <mem-info id="2032" free="52428800" total="167772160" percent="31">
    <mem type="eden" free="0" total="48234496" percent="0" />
    <remembered-set count="4256" freebytes="6690176" totalbytes="6707200" percent="99" regionsoverflowed="0" regionsstable="9" regionsrebuilding="0"/>
  </mem-info>
</gc-start>
<allocation-stats totalBytes="48209512" >
  <allocated-bytes non-tlh="0" tlh="48209512" arrayletleaf="0"/>
  <largest-consumer threadName="main" threadId="0000000001FF0F00" bytes="48209512" />
</allocation-stats>
<gc-op id="2033" type="copy forward" timems="16.575" contextid="2030" timestamp="2019-08-09T00:19:01.545">
  <memory-copied type="eden" objects="24" bytes="848" bytesdiscarded="680" />
  <memory-copied type="other" objects="102" bytes="3496" bytesdiscarded="1688" />
  <memory-cardclean objects="80" bytes="11072" />
  <regions eden="23" other="1" />
  <remembered-set-cleared processed="363" cleared="8" durationms="0.204" />
  <references type="weak" candidates="37" cleared="0" enqueued="0" />
  <stringconstants candidates="13838" cleared="0"  />
</gc-op>
<gc-op id="2034" type="classunload" timems="0.012" contextid="2030" timestamp="2019-08-09T00:19:01.545">
  <classunload-info classloadercandidates="54" classloadersunloaded="0" classesunloaded="0" anonymousclassesunloaded="0" quiescems="0.000" setupms="0.012" scanms="0.000" postms="0.000" />
</gc-op>
<heap-resize id="2035" type="expand" space="default" amount="6291456" count="1" timems="0.066" reason="excessive time being spent in gc" timestamp="2019-08-09T00:19:01.545" />
<gc-end id="2036" type="partial gc" contextid="2030" durationms="18.161" usertimems="31.229" systemtimems="0.000" timestamp="2019-08-09T00:19:01.546" activeThreads="16">
  <mem-info id="2037" free="104857600" total="174063616" percent="60">
    <mem type="eden" free="2095624" total="2097152" percent="99" />
    <remembered-set count="4320" freebytes="6941440" totalbytes="6958720" percent="99" regionsoverflowed="0" regionsstable="9" regionsrebuilding="0"/>
  </mem-info>
</gc-end>
<cycle-end id="2038" type="partial gc" contextid="2030" timestamp="2019-08-09T00:19:01.546" />
  <attribute name="elasticGC enabled" value="1" />
  <attribute name= "numThreadsSpecified" value="16" />
  <attribute name="heapSize specified" value="0" />
  <attribute name="Current GC Util" value="92" />
  <attribute name= "Current Time Running" value="151762" />
  <attribute name ="GC Interval" value="0" />
  <attribute name="Target GC Util Change" value ="80.000000" />
  <attribute name="Current GC Util Change" value="92.000000"/>
  <attribute name="Current Error" value="-163.000000" />
  <attribute name="Output H" value="167809912"/>
  <attribute name="Output I" value="1912"/>
  <attribute name="Output T" value="16"/>
  <attribute name= "Current Time Running" value="151762" />
  <attribute name="GC Util currently" value="92" />
  <attribute name="CPU Util currently" value="1213298855784" />
<exclusive-end id="2039" timestamp="2019-08-09T00:19:01.546" durationms="18.810" />

<exclusive-start id="2040" timestamp="2019-08-09T00:19:01.566" intervalms="39.140">
  <response-info timems="0.021" idlems="0.021" threads="0" lastid="0000000001FF0F00" lastname="main" />
</exclusive-start>
<allocation-taxation id="2041" taxation-threshold="50331648" timestamp="2019-08-09T00:19:01.566" intervalms="39.271" />
<cycle-start id="2042" type="partial gc" contextid="0" timestamp="2019-08-09T00:19:01.567" intervalms="39.567" />
<gc-start id="2043" type="partial gc" contextid="2042" timestamp="2019-08-09T00:19:01.567">
  <mem-info id="2044" free="54525952" total="174063616" percent="31">
    <mem type="eden" free="0" total="50331648" percent="0" />
    <remembered-set count="4320" freebytes="6941440" totalbytes="6958720" percent="99" regionsoverflowed="0" regionsstable="9" regionsrebuilding="0"/>
  </mem-info>
</gc-start>
<allocation-stats totalBytes="50304968" >
  <allocated-bytes non-tlh="0" tlh="50304968" arrayletleaf="0"/>
  <largest-consumer threadName="main" threadId="0000000001FF0F00" bytes="50304968" />
</allocation-stats>
<gc-op id="2045" type="copy forward" timems="17.798" contextid="2042" timestamp="2019-08-09T00:19:01.586">
  <memory-copied type="eden" objects="6" bytes="320" bytesdiscarded="0" />
  <memory-copied type="other" objects="17" bytes="544" bytesdiscarded="680" />
  <memory-cardclean objects="45" bytes="1840" />
  <regions eden="24" other="1" />
  <remembered-set-cleared processed="368" cleared="4" durationms="0.105" />
  <stringconstants candidates="13838" cleared="0"  />
</gc-op>
<gc-op id="2046" type="classunload" timems="0.010" contextid="2042" timestamp="2019-08-09T00:19:01.586">
  <classunload-info classloadercandidates="54" classloadersunloaded="0" classesunloaded="0" anonymousclassesunloaded="0" quiescems="0.000" setupms="0.009" scanms="0.000" postms="0.000" />
</gc-op>
<heap-resize id="2047" type="expand" space="default" amount="4194304" count="1" timems="0.103" reason="excessive time being spent in gc" timestamp="2019-08-09T00:19:01.587" />
<gc-end id="2048" type="partial gc" contextid="2042" durationms="19.893" usertimems="36.820" systemtimems="0.000" timestamp="2019-08-09T00:19:01.587" activeThreads="16">
  <mem-info id="2049" free="106954752" total="178257920" percent="60">
    <mem type="eden" free="2096832" total="2097152" percent="99" />
    <remembered-set count="3520" freebytes="7112320" totalbytes="7126400" percent="99" regionsoverflowed="0" regionsstable="9" regionsrebuilding="0"/>
  </mem-info>
</gc-end>
<cycle-end id="2050" type="partial gc" contextid="2042" timestamp="2019-08-09T00:19:01.587" />
  <attribute name="elasticGC enabled" value="1" />
  <attribute name= "numThreadsSpecified" value="16" />
  <attribute name="heapSize specified" value="0" />
  <attribute name="Current GC Util" value="143" />
  <attribute name= "Current Time Running" value="151801" />
  <attribute name ="GC Interval" value="0" />
  <attribute name="Target GC Util Change" value ="80.000000" />
  <attribute name="Current GC Util Change" value="143.000000"/>
  <attribute name="Current Error" value="-224.000000" />
  <attribute name="Output H" value="174101328"/>
  <attribute name="Output I" value="1872"/>
  <attribute name="Output T" value="16"/>
  <attribute name= "Current Time Running" value="151801" />
  <attribute name="GC Util currently" value="143" />
  <attribute name="CPU Util currently" value="2200903834432" />
<exclusive-end id="2051" timestamp="2019-08-09T00:19:01.587" durationms="20.966" />

<exclusive-start id="2052" timestamp="2019-08-09T00:19:01.607" intervalms="41.319">
  <response-info timems="0.020" idlems="0.020" threads="0" lastid="0000000001FF0F00" lastname="main" />
</exclusive-start>
<allocation-taxation id="2053" taxation-threshold="52428800" timestamp="2019-08-09T00:19:01.608" intervalms="41.274" />
<cycle-start id="2054" type="partial gc" contextid="0" timestamp="2019-08-09T00:19:01.608" intervalms="40.996" />
<gc-start id="2055" type="partial gc" contextid="2054" timestamp="2019-08-09T00:19:01.608">
  <mem-info id="2056" free="54525952" total="178257920" percent="30">
    <mem type="eden" free="2096832" total="54525952" percent="3" />
    <remembered-set count="3520" freebytes="7112320" totalbytes="7126400" percent="99" regionsoverflowed="0" regionsstable="9" regionsrebuilding="0"/>
  </mem-info>
</gc-start>
<allocation-stats totalBytes="52401272" >
  <allocated-bytes non-tlh="0" tlh="52401272" arrayletleaf="0"/>
  <largest-consumer threadName="main" threadId="0000000001FF0F00" bytes="52401272" />
</allocation-stats>
<gc-op id="2057" type="copy forward" timems="12.439" contextid="2054" timestamp="2019-08-09T00:19:01.622">
  <memory-copied type="eden" objects="6" bytes="240" bytesdiscarded="0" />
  <memory-copied type="other" objects="0" bytes="0" bytesdiscarded="0" />
  <memory-cardclean objects="14" bytes="472" />
  <regions eden="25" other="1" />
  <remembered-set-cleared processed="372" cleared="0" durationms="0.101" />
  <stringconstants candidates="13838" cleared="0"  />
</gc-op>
<gc-op id="2058" type="classunload" timems="0.012" contextid="2054" timestamp="2019-08-09T00:19:01.622">
  <classunload-info classloadercandidates="54" classloadersunloaded="0" classesunloaded="0" anonymousclassesunloaded="0" quiescems="0.000" setupms="0.012" scanms="0.000" postms="0.000" />
</gc-op>
<gc-end id="2059" type="partial gc" contextid="2054" durationms="14.037" usertimems="27.451" systemtimems="0.000" timestamp="2019-08-09T00:19:01.622" activeThreads="16">
  <mem-info id="2060" free="106954752" total="178257920" percent="60">
    <mem type="eden" free="2096912" total="2097152" percent="99" />
    <remembered-set count="2656" freebytes="7115776" totalbytes="7126400" percent="99" regionsoverflowed="0" regionsstable="9" regionsrebuilding="0"/>
  </mem-info>
</gc-end>
<cycle-end id="2061" type="partial gc" contextid="2054" timestamp="2019-08-09T00:19:01.622" />
  <attribute name="elasticGC enabled" value="1" />
  <attribute name= "numThreadsSpecified" value="16" />
  <attribute name="heapSize specified" value="0" />
  <attribute name="Current GC Util" value="296" />
  <attribute name= "Current Time Running" value="151843" />
  <attribute name ="GC Interval" value="0" />
  <attribute name="Target GC Util Change" value ="80.000000" />
  <attribute name="Current GC Util Change" value="296.000000"/>
  <attribute name="Current Error" value="-225.000000" />
  <attribute name="Output H" value="178295632"/>
  <attribute name="Output I" value="1872"/>
  <attribute name="Output T" value="16"/>
  <attribute name= "Current Time Running" value="151843" />
  <attribute name="GC Util currently" value="296" />
  <attribute name="CPU Util currently" value="1001458828274" />
<exclusive-end id="2062" timestamp="2019-08-09T00:19:01.623" durationms="15.116" />

<exclusive-start id="2063" timestamp="2019-08-09T00:19:01.643" intervalms="35.295">
  <response-info timems="0.023" idlems="0.023" threads="0" lastid="0000000001FF0F00" lastname="main" />
</exclusive-start>
<allocation-taxation id="2064" taxation-threshold="52428800" timestamp="2019-08-09T00:19:01.643" intervalms="35.216" />
<cycle-start id="2065" type="partial gc" contextid="0" timestamp="2019-08-09T00:19:01.643" intervalms="35.128" />
<gc-start id="2066" type="partial gc" contextid="2065" timestamp="2019-08-09T00:19:01.643">
  <mem-info id="2067" free="54525952" total="178257920" percent="30">
    <mem type="eden" free="2096912" total="54525952" percent="3" />
    <remembered-set count="2656" freebytes="7115776" totalbytes="7126400" percent="99" regionsoverflowed="0" regionsstable="9" regionsrebuilding="0"/>
  </mem-info>
</gc-start>
<allocation-stats totalBytes="52401736" >
  <allocated-bytes non-tlh="0" tlh="52401736" arrayletleaf="0"/>
  <largest-consumer threadName="main" threadId="0000000001FF0F00" bytes="52401736" />
</allocation-stats>
<gc-op id="2068" type="copy forward" timems="10.494" contextid="2065" timestamp="2019-08-09T00:19:01.655">
  <memory-copied type="eden" objects="5" bytes="392" bytesdiscarded="0" />
  <memory-copied type="other" objects="0" bytes="0" bytesdiscarded="0" />
  <memory-cardclean objects="14" bytes="472" />
  <regions eden="25" other="1" />
  <remembered-set-cleared processed="372" cleared="0" durationms="0.105" />
  <stringconstants candidates="13838" cleared="0"  />
</gc-op>
<gc-op id="2069" type="classunload" timems="0.009" contextid="2065" timestamp="2019-08-09T00:19:01.655">
  <classunload-info classloadercandidates="54" classloadersunloaded="0" classesunloaded="0" anonymousclassesunloaded="0" quiescems="0.000" setupms="0.009" scanms="0.000" postms="0.000" />
</gc-op>
<gc-end id="2070" type="partial gc" contextid="2065" durationms="11.886" usertimems="23.645" systemtimems="0.000" timestamp="2019-08-09T00:19:01.655" activeThreads="16">
  <mem-info id="2071" free="106954752" total="178257920" percent="60">
    <mem type="eden" free="2096760" total="2097152" percent="99" />
    <remembered-set count="2656" freebytes="7115776" totalbytes="7126400" percent="99" regionsoverflowed="0" regionsstable="9" regionsrebuilding="0"/>
  </mem-info>
</gc-end>
<cycle-end id="2072" type="partial gc" contextid="2065" timestamp="2019-08-09T00:19:01.655" />
  <attribute name="elasticGC enabled" value="1" />
  <attribute name= "numThreadsSpecified" value="16" />
  <attribute name="heapSize specified" value="0" />
  <attribute name="Current GC Util" value="186" />
  <attribute name= "Current Time Running" value="151877" />
  <attribute name ="GC Interval" value="0" />
  <attribute name="Target GC Util Change" value ="80.000000" />
  <attribute name="Current GC Util Change" value="186.000000"/>
  <attribute name="Current Error" value="-324.000000" />
  <attribute name="Output H" value="178295576"/>
  <attribute name="Output I" value="1816"/>
  <attribute name="Output T" value="16"/>
  <attribute name= "Current Time Running" value="151877" />
  <attribute name="GC Util currently" value="186" />
  <attribute name="CPU Util currently" value="1541654194431" />
<exclusive-end id="2073" timestamp="2019-08-09T00:19:01.655" durationms="12.574" />

<exclusive-start id="2074" timestamp="2019-08-09T00:19:01.684" intervalms="41.203">
  <response-info timems="0.041" idlems="0.041" threads="0" lastid="0000000001FF0F00" lastname="main" />
</exclusive-start>
<allocation-taxation id="2075" taxation-threshold="52428800" timestamp="2019-08-09T00:19:01.684" intervalms="41.205" />
<cycle-start id="2076" type="partial gc" contextid="0" timestamp="2019-08-09T00:19:01.684" intervalms="41.189" />
<gc-start id="2077" type="partial gc" contextid="2076" timestamp="2019-08-09T00:19:01.684">
  <mem-info id="2078" free="54525952" total="178257920" percent="30">
    <mem type="eden" free="2096760" total="54525952" percent="3" />
    <remembered-set count="2656" freebytes="7115776" totalbytes="7126400" percent="99" regionsoverflowed="0" regionsstable="9" regionsrebuilding="0"/>
  </mem-info>
</gc-start>
<allocation-stats totalBytes="52395696" >
  <allocated-bytes non-tlh="0" tlh="52395696" arrayletleaf="0"/>
  <largest-consumer threadName="main" threadId="0000000001FF0F00" bytes="52395696" />
</allocation-stats>
<gc-op id="2079" type="copy forward" timems="9.508" contextid="2076" timestamp="2019-08-09T00:19:01.695">
  <memory-copied type="eden" objects="28" bytes="1232" bytesdiscarded="280" />
  <memory-copied type="other" objects="0" bytes="0" bytesdiscarded="0" />
  <memory-cardclean objects="63" bytes="2176" />
  <regions eden="25" other="1" />
  <remembered-set-cleared processed="372" cleared="7" durationms="0.107" />
  <stringconstants candidates="13838" cleared="0"  />
</gc-op>
<gc-op id="2080" type="classunload" timems="0.009" contextid="2076" timestamp="2019-08-09T00:19:01.695">
  <classunload-info classloadercandidates="54" classloadersunloaded="0" classesunloaded="0" anonymousclassesunloaded="0" quiescems="0.000" setupms="0.009" scanms="0.000" postms="0.000" />
</gc-op>
<gc-end id="2081" type="partial gc" contextid="2076" durationms="10.786" usertimems="25.761" systemtimems="0.000" timestamp="2019-08-09T00:19:01.695" activeThreads="16">
  <mem-info id="2082" free="106954752" total="178257920" percent="60">
    <mem type="eden" free="2095640" total="2097152" percent="99" />
    <remembered-set count="3552" freebytes="7112192" totalbytes="7126400" percent="99" regionsoverflowed="0" regionsstable="9" regionsrebuilding="0"/>
  </mem-info>
</gc-end>
<cycle-end id="2083" type="partial gc" contextid="2076" timestamp="2019-08-09T00:19:01.695" />
  <attribute name="elasticGC enabled" value="1" />
  <attribute name= "numThreadsSpecified" value="16" />
  <attribute name="heapSize specified" value="0" />
  <attribute name="Current GC Util" value="146" />
  <attribute name= "Current Time Running" value="151919" />
  <attribute name ="GC Interval" value="0" />
  <attribute name="Target GC Util Change" value ="80.000000" />
  <attribute name="Current GC Util Change" value="146.000000"/>
  <attribute name="Current Error" value="-366.000000" />
  <attribute name="Output H" value="178295552"/>
  <attribute name="Output I" value="1792"/>
  <attribute name="Output T" value="16"/>
  <attribute name= "Current Time Running" value="151919" />
  <attribute name="GC Util currently" value="146" />
  <attribute name="CPU Util currently" value="1614484952716" />
<exclusive-end id="2084" timestamp="2019-08-09T00:19:01.695" durationms="11.497" />

<exclusive-start id="2085" timestamp="2019-08-09T00:19:01.717" intervalms="33.320">
  <response-info timems="0.016" idlems="0.016" threads="0" lastid="0000000001FF0F00" lastname="main" />
</exclusive-start>
<allocation-taxation id="2086" taxation-threshold="52428800" timestamp="2019-08-09T00:19:01.717" intervalms="33.315" />
<cycle-start id="2087" type="partial gc" contextid="0" timestamp="2019-08-09T00:19:01.717" intervalms="33.313" />
<gc-start id="2088" type="partial gc" contextid="2087" timestamp="2019-08-09T00:19:01.718">
  <mem-info id="2089" free="54525952" total="178257920" percent="30">
    <mem type="eden" free="0" total="52428800" percent="0" />
    <remembered-set count="3552" freebytes="7112192" totalbytes="7126400" percent="99" regionsoverflowed="0" regionsstable="9" regionsrebuilding="0"/>
  </mem-info>
</gc-start>
<allocation-stats totalBytes="52381480" >
  <allocated-bytes non-tlh="0" tlh="52381480" arrayletleaf="0"/>
  <largest-consumer threadName="main" threadId="0000000001FF0F00" bytes="52381480" />
</allocation-stats>
<gc-op id="2090" type="copy forward" timems="8.839" contextid="2087" timestamp="2019-08-09T00:19:01.727">
  <memory-copied type="eden" objects="6" bytes="328" bytesdiscarded="0" />
  <memory-copied type="other" objects="22" bytes="944" bytesdiscarded="1048" />
  <memory-cardclean objects="50" bytes="1968" />
  <regions eden="25" other="1" />
  <remembered-set-cleared processed="370" cleared="5" durationms="0.269" />
  <stringconstants candidates="13838" cleared="0"  />
</gc-op>
<gc-op id="2091" type="classunload" timems="0.009" contextid="2087" timestamp="2019-08-09T00:19:01.727">
  <classunload-info classloadercandidates="54" classloadersunloaded="0" classesunloaded="0" anonymousclassesunloaded="0" quiescems="0.000" setupms="0.009" scanms="0.000" postms="0.000" />
</gc-op>
<heap-resize id="2092" type="expand" space="default" amount="6291456" count="1" timems="0.081" reason="excessive time being spent in gc" timestamp="2019-08-09T00:19:01.728" />
<gc-end id="2093" type="partial gc" contextid="2087" durationms="10.191" usertimems="22.575" systemtimems="0.000" timestamp="2019-08-09T00:19:01.728" activeThreads="16">
  <mem-info id="2094" free="111149056" total="184549376" percent="60">
    <mem type="eden" free="2096824" total="2097152" percent="99" />
    <remembered-set count="4576" freebytes="7359616" totalbytes="7377920" percent="99" regionsoverflowed="0" regionsstable="9" regionsrebuilding="0"/>
  </mem-info>
</gc-end>
<cycle-end id="2095" type="partial gc" contextid="2087" timestamp="2019-08-09T00:19:01.728" />
  <attribute name="elasticGC enabled" value="1" />
  <attribute name= "numThreadsSpecified" value="16" />
  <attribute name="heapSize specified" value="0" />
  <attribute name="Current GC Util" value="181" />
  <attribute name= "Current Time Running" value="151952" />
  <attribute name ="GC Interval" value="0" />
  <attribute name="Target GC Util Change" value ="80.000000" />
  <attribute name="Current GC Util Change" value="181.000000"/>
  <attribute name="Current Error" value="-97.000000" />
  <attribute name="Output H" value="178295704"/>
  <attribute name="Output I" value="1944"/>
  <attribute name="Output T" value="16"/>
  <attribute name= "Current Time Running" value="151952" />
  <attribute name="GC Util currently" value="181" />
  <attribute name="CPU Util currently" value="1842171935893" />
<exclusive-end id="2096" timestamp="2019-08-09T00:19:01.728" durationms="10.775" />

<exclusive-start id="2097" timestamp="2019-08-09T00:19:01.772" intervalms="54.915">
  <response-info timems="0.014" idlems="0.014" threads="0" lastid="0000000001FF0F00" lastname="main" />
</exclusive-start>
<allocation-taxation id="2098" taxation-threshold="52428800" timestamp="2019-08-09T00:19:01.772" intervalms="54.913" />
<cycle-start id="2099" type="partial gc" contextid="0" timestamp="2019-08-09T00:19:01.772" intervalms="54.933" />
<gc-start id="2100" type="partial gc" contextid="2099" timestamp="2019-08-09T00:19:01.773">
  <mem-info id="2101" free="58720256" total="184549376" percent="31">
    <mem type="eden" free="2096824" total="54525952" percent="3" />
    <remembered-set count="4224" freebytes="7361024" totalbytes="7377920" percent="99" regionsoverflowed="0" regionsstable="9" regionsrebuilding="0"/>
  </mem-info>
</gc-start>
<allocation-stats totalBytes="52404424" >
  <allocated-bytes non-tlh="0" tlh="52404424" arrayletleaf="0"/>
  <largest-consumer threadName="main" threadId="0000000001FF0F00" bytes="52404424" />
</allocation-stats>
<gc-op id="2102" type="copy forward" timems="9.929" contextid="2099" timestamp="2019-08-09T00:19:01.784">
  <memory-copied type="eden" objects="47" bytes="2112" bytesdiscarded="1376" />
  <memory-copied type="other" objects="0" bytes="0" bytesdiscarded="0" />
  <memory-cardclean objects="69" bytes="2368" />
  <regions eden="25" other="1" />
  <remembered-set-cleared processed="375" cleared="8" durationms="0.102" />
  <stringconstants candidates="13838" cleared="0"  />
</gc-op>
<gc-op id="2103" type="classunload" timems="0.008" contextid="2099" timestamp="2019-08-09T00:19:01.784">
  <classunload-info classloadercandidates="54" classloadersunloaded="0" classesunloaded="0" anonymousclassesunloaded="0" quiescems="0.000" setupms="0.008" scanms="0.000" postms="0.000" />
</gc-op>
<gc-end id="2104" type="partial gc" contextid="2099" durationms="11.246" usertimems="27.046" systemtimems="0.000" timestamp="2019-08-09T00:19:01.784" activeThreads="16">
  <mem-info id="2105" free="111149056" total="184549376" percent="60">
    <mem type="eden" free="2093664" total="2097152" percent="99" />
    <remembered-set count="3616" freebytes="7363456" totalbytes="7377920" percent="99" regionsoverflowed="0" regionsstable="9" regionsrebuilding="0"/>
  </mem-info>
</gc-end>
<cycle-end id="2106" type="partial gc" contextid="2099" timestamp="2019-08-09T00:19:01.784" />
  <attribute name="elasticGC enabled" value="1" />
  <attribute name= "numThreadsSpecified" value="16" />
  <attribute name="heapSize specified" value="0" />
  <attribute name="Current GC Util" value="152" />
  <attribute name= "Current Time Running" value="152007" />
  <attribute name ="GC Interval" value="0" />
  <attribute name="Target GC Util Change" value ="80.000000" />
  <attribute name="Current GC Util Change" value="152.000000"/>
  <attribute name="Current Error" value="-128.000000" />
  <attribute name="Output H" value="184587144"/>
  <attribute name="Output I" value="1928"/>
  <attribute name="Output T" value="16"/>
  <attribute name= "Current Time Running" value="152007" />
  <attribute name="GC Util currently" value="152" />
  <attribute name="CPU Util currently" value="1809821523063" />
<exclusive-end id="2107" timestamp="2019-08-09T00:19:01.784" durationms="12.021" />

<exclusive-start id="2108" timestamp="2019-08-09T00:19:01.919" intervalms="146.410">
  <response-info timems="0.021" idlems="0.021" threads="0" lastid="0000000001FF0F00" lastname="main" />
</exclusive-start>
<allocation-taxation id="2109" taxation-threshold="52428800" timestamp="2019-08-09T00:19:01.919" intervalms="146.420" />
<cycle-start id="2110" type="partial gc" contextid="0" timestamp="2019-08-09T00:19:01.919" intervalms="146.683" />
<gc-start id="2111" type="partial gc" contextid="2110" timestamp="2019-08-09T00:19:01.919">
  <mem-info id="2112" free="58720256" total="184549376" percent="31">
    <mem type="eden" free="0" total="52428800" percent="0" />
    <remembered-set count="3296" freebytes="7364736" totalbytes="7377920" percent="99" regionsoverflowed="0" regionsstable="9" regionsrebuilding="0"/>
  </mem-info>
</gc-start>
<allocation-stats totalBytes="52418048" >
  <allocated-bytes non-tlh="0" tlh="52418048" arrayletleaf="0"/>
  <largest-consumer threadName="main" threadId="0000000001FF0F00" bytes="52418048" />
</allocation-stats>
<gc-op id="2113" type="copy forward" timems="9.762" contextid="2110" timestamp="2019-08-09T00:19:01.930">
  <memory-copied type="eden" objects="39" bytes="1432" bytesdiscarded="560" />
  <memory-copied type="other" objects="11" bytes="544" bytesdiscarded="1064" />
  <memory-cardclean objects="100" bytes="3176" />
  <regions eden="25" other="1" />
  <remembered-set-cleared processed="373" cleared="6" durationms="0.449" />
  <stringconstants candidates="13838" cleared="0"  />
</gc-op>
<gc-op id="2114" type="classunload" timems="0.012" contextid="2110" timestamp="2019-08-09T00:19:01.930">
  <classunload-info classloadercandidates="54" classloadersunloaded="0" classesunloaded="0" anonymousclassesunloaded="0" quiescems="0.000" setupms="0.012" scanms="0.000" postms="0.000" />
</gc-op>
<heap-resize id="2115" type="expand" space="default" amount="4194304" count="1" timems="0.090" reason="excessive time being spent in gc" timestamp="2019-08-09T00:19:01.930" />
<gc-end id="2116" type="partial gc" contextid="2110" durationms="11.041" usertimems="26.045" systemtimems="0.000" timestamp="2019-08-09T00:19:01.930" activeThreads="16">
  <mem-info id="2117" free="113246208" total="188743680" percent="60">
    <mem type="eden" free="2095160" total="2097152" percent="99" />
    <remembered-set count="4640" freebytes="7527040" totalbytes="7545600" percent="99" regionsoverflowed="0" regionsstable="9" regionsrebuilding="0"/>
  </mem-info>
</gc-end>
<cycle-end id="2118" type="partial gc" contextid="2110" timestamp="2019-08-09T00:19:01.930" />
  <attribute name="elasticGC enabled" value="1" />
  <attribute name= "numThreadsSpecified" value="16" />
  <attribute name="heapSize specified" value="0" />
  <attribute name="Current GC Util" value="151" />
  <attribute name= "Current Time Running" value="152153" />
  <attribute name ="GC Interval" value="0" />
  <attribute name="Target GC Util Change" value ="80.000000" />
  <attribute name="Current GC Util Change" value="151.000000"/>
  <attribute name="Current Error" value="-136.000000" />
  <attribute name="Output H" value="184587144"/>
  <attribute name="Output I" value="1928"/>
  <attribute name="Output T" value="16"/>
  <attribute name= "Current Time Running" value="152153" />
  <attribute name="GC Util currently" value="151" />
  <attribute name="CPU Util currently" value="1718597992988" />
<exclusive-end id="2119" timestamp="2019-08-09T00:19:01.931" durationms="12.016" />

<exclusive-start id="2120" timestamp="2019-08-09T00:19:02.073" intervalms="154.139">
  <response-info timems="0.024" idlems="0.024" threads="0" lastid="0000000001FF0F00" lastname="main" />
</exclusive-start>
<allocation-taxation id="2121" taxation-threshold="54525952" timestamp="2019-08-09T00:19:02.073" intervalms="154.198" />
<cycle-start id="2122" type="partial gc" contextid="0" timestamp="2019-08-09T00:19:02.073" intervalms="153.916" />
<gc-start id="2123" type="partial gc" contextid="2122" timestamp="2019-08-09T00:19:02.073">
  <mem-info id="2124" free="58720256" total="188743680" percent="31">
    <mem type="eden" free="2095160" total="56623104" percent="3" />
    <remembered-set count="4640" freebytes="7527040" totalbytes="7545600" percent="99" regionsoverflowed="0" regionsstable="9" regionsrebuilding="0"/>
  </mem-info>
</gc-start>
<allocation-stats totalBytes="51202272" >
  <allocated-bytes non-tlh="0" tlh="51202272" arrayletleaf="0"/>
  <largest-consumer threadName="main" threadId="0000000001FF0F00" bytes="51202272" />
</allocation-stats>
<gc-op id="2125" type="copy forward" timems="14.952" contextid="2122" timestamp="2019-08-09T00:19:02.089">
  <memory-copied type="eden" objects="43" bytes="15144" bytesdiscarded="640" />
  <memory-copied type="other" objects="24" bytes="544" bytesdiscarded="608" />
  <memory-cardclean objects="65" bytes="2088" />
  <regions eden="26" other="1" />
  <remembered-set-cleared processed="376" cleared="0" durationms="0.112" />
  <stringconstants candidates="13838" cleared="0"  />
</gc-op>
<gc-op id="2126" type="classunload" timems="0.011" contextid="2122" timestamp="2019-08-09T00:19:02.089">
  <classunload-info classloadercandidates="54" classloadersunloaded="0" classesunloaded="0" anonymousclassesunloaded="0" quiescems="0.000" setupms="0.010" scanms="0.000" postms="0.000" />
</gc-op>
<gc-end id="2127" type="partial gc" contextid="2122" durationms="16.242" usertimems="30.562" systemtimems="0.000" timestamp="2019-08-09T00:19:02.089" activeThreads="16">
  <mem-info id="2128" free="111149056" total="188743680" percent="58">
    <mem type="eden" free="4177368" total="4194304" percent="99" />
    <remembered-set count="3904" freebytes="7529984" totalbytes="7545600" percent="99" regionsoverflowed="0" regionsstable="9" regionsrebuilding="0"/>
  </mem-info>
</gc-end>
<cycle-end id="2129" type="partial gc" contextid="2122" timestamp="2019-08-09T00:19:02.090" />
  <attribute name="elasticGC enabled" value="1" />
  <attribute name= "numThreadsSpecified" value="16" />
  <attribute name="heapSize specified" value="0" />
  <attribute name="Current GC Util" value="150" />
  <attribute name= "Current Time Running" value="152307" />
  <attribute name ="GC Interval" value="0" />
  <attribute name="Target GC Util Change" value ="80.000000" />
  <attribute name="Current GC Util Change" value="150.000000"/>
  <attribute name="Current Error" value="-6.000000" />
  <attribute name="Output H" value="188781520"/>
  <attribute name="Output I" value="2000"/>
  <attribute name="Output T" value="16"/>
  <attribute name= "Current Time Running" value="152307" />
  <attribute name="GC Util currently" value="150" />
  <attribute name="CPU Util currently" value="1700852938386" />
<exclusive-end id="2130" timestamp="2019-08-09T00:19:02.090" durationms="17.351" />

<exclusive-start id="2131" timestamp="2019-08-09T00:19:02.285" intervalms="212.192">
  <response-info timems="0.021" idlems="0.021" threads="0" lastid="0000000001FF0F00" lastname="main" />
</exclusive-start>
<allocation-taxation id="2132" taxation-threshold="54525952" timestamp="2019-08-09T00:19:02.285" intervalms="212.126" />
<cycle-start id="2133" type="partial gc" contextid="0" timestamp="2019-08-09T00:19:02.285" intervalms="212.126" />
<gc-start id="2134" type="partial gc" contextid="2133" timestamp="2019-08-09T00:19:02.285">
  <mem-info id="2135" free="56623104" total="188743680" percent="30">
    <mem type="eden" free="0" total="54525952" percent="0" />
    <remembered-set count="3456" freebytes="7531776" totalbytes="7545600" percent="99" regionsoverflowed="0" regionsstable="9" regionsrebuilding="0"/>
  </mem-info>
</gc-start>
<allocation-stats totalBytes="54519144" >
  <allocated-bytes non-tlh="0" tlh="54519144" arrayletleaf="0"/>
  <largest-consumer threadName="main" threadId="0000000001FF0F00" bytes="54519144" />
</allocation-stats>
<gc-op id="2136" type="copy forward" timems="5.910" contextid="2133" timestamp="2019-08-09T00:19:02.292">
  <memory-copied type="eden" objects="41" bytes="1184" bytesdiscarded="1160" />
  <memory-copied type="other" objects="12" bytes="272" bytesdiscarded="576" />
  <memory-cardclean objects="114" bytes="3120" />
  <regions eden="26" other="1" />
  <remembered-set-cleared processed="378" cleared="6" durationms="0.159" />
  <stringconstants candidates="13838" cleared="0"  />
</gc-op>
<gc-op id="2137" type="classunload" timems="0.009" contextid="2133" timestamp="2019-08-09T00:19:02.292">
  <classunload-info classloadercandidates="54" classloadersunloaded="0" classesunloaded="0" anonymousclassesunloaded="0" quiescems="0.000" setupms="0.009" scanms="0.000" postms="0.000" />
</gc-op>
<gc-end id="2138" type="partial gc" contextid="2133" durationms="7.068" usertimems="11.302" systemtimems="0.000" timestamp="2019-08-09T00:19:02.292" activeThreads="8">
  <mem-info id="2139" free="109051904" total="188743680" percent="57">
    <mem type="eden" free="2094808" total="2097152" percent="99" />
    <remembered-set count="4832" freebytes="7526272" totalbytes="7545600" percent="99" regionsoverflowed="0" regionsstable="9" regionsrebuilding="0"/>
  </mem-info>
</gc-end>
<cycle-end id="2140" type="partial gc" contextid="2133" timestamp="2019-08-09T00:19:02.292" />
  <attribute name="elasticGC enabled" value="1" />
  <attribute name= "numThreadsSpecified" value="8" />
  <attribute name="heapSize specified" value="0" />
  <attribute name="Current GC Util" value="153" />
  <attribute name= "Current Time Running" value="152519" />
  <attribute name ="GC Interval" value="0" />
  <attribute name="Target GC Util Change" value ="80.000000" />
  <attribute name="Current GC Util Change" value="153.000000"/>
  <attribute name="Current Error" value="-13.000000" />
  <attribute name="Output H" value="188781520"/>
  <attribute name="Output I" value="2000"/>
  <attribute name="Output T" value="8"/>
  <attribute name= "Current Time Running" value="152519" />
  <attribute name="GC Util currently" value="153" />
  <attribute name="CPU Util currently" value="1810284724332" />
<exclusive-end id="2141" timestamp="2019-08-09T00:19:02.293" durationms="7.700" />

<exclusive-start id="2142" timestamp="2019-08-09T00:19:02.345" intervalms="60.285">
  <response-info timems="0.019" idlems="0.019" threads="0" lastid="0000000001FF0F00" lastname="main" />
</exclusive-start>
<allocation-taxation id="2143" taxation-threshold="54525952" timestamp="2019-08-09T00:19:02.345" intervalms="60.288" />
<cycle-start id="2144" type="partial gc" contextid="0" timestamp="2019-08-09T00:19:02.345" intervalms="60.330" />
<gc-start id="2145" type="partial gc" contextid="2144" timestamp="2019-08-09T00:19:02.346">
  <mem-info id="2146" free="54525952" total="188743680" percent="28">
    <mem type="eden" free="0" total="54525952" percent="0" />
    <remembered-set count="4352" freebytes="7528192" totalbytes="7545600" percent="99" regionsoverflowed="0" regionsstable="9" regionsrebuilding="0"/>
  </mem-info>
</gc-start>
<allocation-stats totalBytes="54517536" >
  <allocated-bytes non-tlh="0" tlh="54517536" arrayletleaf="0"/>
  <largest-consumer threadName="main" threadId="0000000001FF0F00" bytes="54517536" />
</allocation-stats>
<gc-op id="2147" type="copy forward" timems="7.845" contextid="2144" timestamp="2019-08-09T00:19:02.355">
  <memory-copied type="eden" objects="43" bytes="1400" bytesdiscarded="0" />
  <memory-copied type="other" objects="29" bytes="760" bytesdiscarded="1160" />
  <memory-cardclean objects="80" bytes="2488" />
  <regions eden="26" other="1" />
  <remembered-set-cleared processed="379" cleared="5" durationms="0.105" />
  <stringconstants candidates="13838" cleared="0"  />
</gc-op>
<gc-op id="2148" type="classunload" timems="0.030" contextid="2144" timestamp="2019-08-09T00:19:02.355">
  <classunload-info classloadercandidates="54" classloadersunloaded="0" classesunloaded="0" anonymousclassesunloaded="0" quiescems="0.000" setupms="0.030" scanms="0.000" postms="0.000" />
</gc-op>
<gc-end id="2149" type="partial gc" contextid="2144" durationms="9.387" usertimems="20.954" systemtimems="0.000" timestamp="2019-08-09T00:19:02.355" activeThreads="16">
  <mem-info id="2150" free="106954752" total="188743680" percent="56">
    <mem type="eden" free="2095752" total="2097152" percent="99" />
    <remembered-set count="4448" freebytes="7527808" totalbytes="7545600" percent="99" regionsoverflowed="0" regionsstable="9" regionsrebuilding="0"/>
  </mem-info>
</gc-end>
<cycle-end id="2151" type="partial gc" contextid="2144" timestamp="2019-08-09T00:19:02.355" />
  <attribute name="elasticGC enabled" value="1" />
  <attribute name= "numThreadsSpecified" value="16" />
  <attribute name="heapSize specified" value="0" />
  <attribute name="Current GC Util" value="212" />
  <attribute name= "Current Time Running" value="152580" />
  <attribute name ="GC Interval" value="0" />
  <attribute name="Target GC Util Change" value ="80.000000" />
  <attribute name="Current GC Util Change" value="212.000000"/>
  <attribute name="Current Error" value="-82.000000" />
  <attribute name="Output H" value="188781480"/>
  <attribute name="Output I" value="1960"/>
  <attribute name="Output T" value="16"/>
  <attribute name= "Current Time Running" value="152580" />
  <attribute name="GC Util currently" value="212" />
  <attribute name="CPU Util currently" value="1139383310663" />
<exclusive-end id="2152" timestamp="2019-08-09T00:19:02.355" durationms="9.994" />

<exclusive-start id="2153" timestamp="2019-08-09T00:19:02.438" intervalms="92.366">
  <response-info timems="0.017" idlems="0.017" threads="0" lastid="0000000001FF0F00" lastname="main" />
</exclusive-start>
<allocation-taxation id="2154" taxation-threshold="54525952" timestamp="2019-08-09T00:19:02.438" intervalms="92.361" />
<cycle-start id="2155" type="partial gc" contextid="0" timestamp="2019-08-09T00:19:02.438" intervalms="92.344" />
<gc-start id="2156" type="partial gc" contextid="2155" timestamp="2019-08-09T00:19:02.438">
  <mem-info id="2157" free="52428800" total="188743680" percent="27">
    <mem type="eden" free="0" total="54525952" percent="0" />
    <remembered-set count="4000" freebytes="7529600" totalbytes="7545600" percent="99" regionsoverflowed="0" regionsstable="9" regionsrebuilding="0"/>
  </mem-info>
</gc-start>
<allocation-stats totalBytes="54506072" >
  <allocated-bytes non-tlh="0" tlh="54506072" arrayletleaf="0"/>
  <largest-consumer threadName="main" threadId="0000000001FF0F00" bytes="54506072" />
</allocation-stats>
<gc-op id="2158" type="copy forward" timems="10.299" contextid="2155" timestamp="2019-08-09T00:19:02.449">
  <memory-copied type="eden" objects="36" bytes="1072" bytesdiscarded="0" />
  <memory-copied type="other" objects="6" bytes="136" bytesdiscarded="672" />
  <memory-cardclean objects="88" bytes="2552" />
  <regions eden="26" other="1" />
  <remembered-set-cleared processed="384" cleared="6" durationms="0.129" />
  <stringconstants candidates="13838" cleared="0"  />
</gc-op>
<gc-op id="2159" type="classunload" timems="0.011" contextid="2155" timestamp="2019-08-09T00:19:02.449">
  <classunload-info classloadercandidates="54" classloadersunloaded="0" classesunloaded="0" anonymousclassesunloaded="0" quiescems="0.000" setupms="0.010" scanms="0.000" postms="0.000" />
</gc-op>
<gc-end id="2160" type="partial gc" contextid="2155" durationms="11.353" usertimems="25.611" systemtimems="0.000" timestamp="2019-08-09T00:19:02.449" activeThreads="16">
  <mem-info id="2161" free="104857600" total="188743680" percent="55">
    <mem type="eden" free="2096080" total="2097152" percent="99" />
    <remembered-set count="3552" freebytes="7531392" totalbytes="7545600" percent="99" regionsoverflowed="0" regionsstable="9" regionsrebuilding="0"/>
  </mem-info>
</gc-end>
<cycle-end id="2162" type="partial gc" contextid="2155" timestamp="2019-08-09T00:19:02.449" />
  <attribute name="elasticGC enabled" value="1" />
  <attribute name= "numThreadsSpecified" value="16" />
  <attribute name="heapSize specified" value="0" />
  <attribute name="Current GC Util" value="174" />
  <attribute name= "Current Time Running" value="152672" />
  <attribute name ="GC Interval" value="0" />
  <attribute name="Target GC Util Change" value ="80.000000" />
  <attribute name="Current GC Util Change" value="174.000000"/>
  <attribute name="Current Error" value="-34.000000" />
  <attribute name="Output H" value="188781504"/>
  <attribute name="Output I" value="1984"/>
  <attribute name="Output T" value="16"/>
  <attribute name= "Current Time Running" value="152672" />
  <attribute name="GC Util currently" value="174" />
  <attribute name="CPU Util currently" value="1986001376404" />
<exclusive-end id="2163" timestamp="2019-08-09T00:19:02.450" durationms="12.015" />

<exclusive-start id="2164" timestamp="2019-08-09T00:19:02.533" intervalms="95.743">
  <response-info timems="0.016" idlems="0.016" threads="0" lastid="0000000001FF0F00" lastname="main" />
</exclusive-start>
<allocation-taxation id="2165" taxation-threshold="54525952" timestamp="2019-08-09T00:19:02.533" intervalms="95.746" />
<cycle-start id="2166" type="partial gc" contextid="0" timestamp="2019-08-09T00:19:02.533" intervalms="95.726" />
<gc-start id="2167" type="partial gc" contextid="2166" timestamp="2019-08-09T00:19:02.534">
  <mem-info id="2168" free="50331648" total="188743680" percent="26">
    <mem type="eden" free="0" total="54525952" percent="0" />
    <remembered-set count="3232" freebytes="7532672" totalbytes="7545600" percent="99" regionsoverflowed="0" regionsstable="9" regionsrebuilding="0"/>
  </mem-info>
</gc-start>
<allocation-stats totalBytes="54521352" >
  <allocated-bytes non-tlh="0" tlh="54521352" arrayletleaf="0"/>
  <largest-consumer threadName="main" threadId="0000000001FF0F00" bytes="54521352" />
</allocation-stats>
<gc-op id="2169" type="copy forward" timems="8.900" contextid="2166" timestamp="2019-08-09T00:19:02.543">
  <memory-copied type="eden" objects="27" bytes="840" bytesdiscarded="696" />
  <memory-copied type="other" objects="13" bytes="320" bytesdiscarded="2016" />
  <memory-cardclean objects="76" bytes="2304" />
  <regions eden="26" other="1" />
  <remembered-set-cleared processed="386" cleared="6" durationms="0.175" />
  <stringconstants candidates="13838" cleared="0"  />
</gc-op>
<gc-op id="2170" type="classunload" timems="0.008" contextid="2166" timestamp="2019-08-09T00:19:02.544">
  <classunload-info classloadercandidates="54" classloadersunloaded="0" classesunloaded="0" anonymousclassesunloaded="0" quiescems="0.000" setupms="0.008" scanms="0.000" postms="0.000" />
</gc-op>
<gc-end id="2171" type="partial gc" contextid="2166" durationms="10.027" usertimems="21.689" systemtimems="0.000" timestamp="2019-08-09T00:19:02.544" activeThreads="16">
  <mem-info id="2172" free="102760448" total="188743680" percent="54">
    <mem type="eden" free="2095616" total="2097152" percent="99" />
    <remembered-set count="5152" freebytes="7524992" totalbytes="7545600" percent="99" regionsoverflowed="0" regionsstable="9" regionsrebuilding="0"/>
  </mem-info>
</gc-end>
<cycle-end id="2173" type="partial gc" contextid="2166" timestamp="2019-08-09T00:19:02.544" />
  <attribute name="elasticGC enabled" value="1" />
  <attribute name= "numThreadsSpecified" value="16" />
  <attribute name="heapSize specified" value="0" />
  <attribute name="Current GC Util" value="128" />
  <attribute name= "Current Time Running" value="152768" />
  <attribute name ="GC Interval" value="0" />
  <attribute name="Target GC Util Change" value ="80.000000" />
  <attribute name="Current GC Util Change" value="128.000000"/>
  <attribute name="Current Error" value="-27.000000" />
  <attribute name="Output H" value="188781512"/>
  <attribute name="Output I" value="1992"/>
  <attribute name="Output T" value="16"/>
  <attribute name= "Current Time Running" value="152768" />
  <attribute name="GC Util currently" value="128" />
  <attribute name="CPU Util currently" value="1865188429020" />
<exclusive-end id="2174" timestamp="2019-08-09T00:19:02.544" durationms="10.618" />

<exclusive-start id="2175" timestamp="2019-08-09T00:19:02.613" intervalms="79.781">
  <response-info timems="0.017" idlems="0.017" threads="0" lastid="0000000001FF0F00" lastname="main" />
</exclusive-start>
<allocation-taxation id="2176" taxation-threshold="54525952" timestamp="2019-08-09T00:19:02.613" intervalms="79.830" />
<cycle-start id="2177" type="partial gc" contextid="0" timestamp="2019-08-09T00:19:02.613" intervalms="79.875" />
<gc-start id="2178" type="partial gc" contextid="2177" timestamp="2019-08-09T00:19:02.613">
  <mem-info id="2179" free="48234496" total="188743680" percent="25">
    <mem type="eden" free="0" total="54525952" percent="0" />
    <remembered-set count="4704" freebytes="7526784" totalbytes="7545600" percent="99" regionsoverflowed="0" regionsstable="9" regionsrebuilding="0"/>
  </mem-info>
</gc-start>
<allocation-stats totalBytes="54517936" >
  <allocated-bytes non-tlh="0" tlh="54517936" arrayletleaf="0"/>
  <largest-consumer threadName="main" threadId="0000000001FF0F00" bytes="54517936" />
</allocation-stats>
<gc-op id="2180" type="copy forward" timems="8.634" contextid="2177" timestamp="2019-08-09T00:19:02.624">
  <memory-copied type="eden" objects="26" bytes="784" bytesdiscarded="1336" />
  <memory-copied type="other" objects="6" bytes="136" bytesdiscarded="672" />
  <memory-cardclean objects="85" bytes="2608" />
  <regions eden="26" other="1" />
  <remembered-set-cleared processed="390" cleared="9" durationms="0.180" />
  <stringconstants candidates="13838" cleared="0"  />
</gc-op>
<gc-op id="2181" type="classunload" timems="0.008" contextid="2177" timestamp="2019-08-09T00:19:02.624">
  <classunload-info classloadercandidates="54" classloadersunloaded="0" classesunloaded="0" anonymousclassesunloaded="0" quiescems="0.000" setupms="0.008" scanms="0.000" postms="0.000" />
</gc-op>
<gc-end id="2182" type="partial gc" contextid="2177" durationms="10.363" usertimems="23.469" systemtimems="0.000" timestamp="2019-08-09T00:19:02.624" activeThreads="16">
  <mem-info id="2183" free="100663296" total="188743680" percent="53">
    <mem type="eden" free="2095032" total="2097152" percent="99" />
    <remembered-set count="5312" freebytes="7524352" totalbytes="7545600" percent="99" regionsoverflowed="0" regionsstable="9" regionsrebuilding="0"/>
  </mem-info>
</gc-end>
<cycle-end id="2184" type="partial gc" contextid="2177" timestamp="2019-08-09T00:19:02.624" />
  <attribute name="elasticGC enabled" value="1" />
  <attribute name= "numThreadsSpecified" value="16" />
  <attribute name="heapSize specified" value="0" />
  <attribute name="Current GC Util" value="236" />
  <attribute name= "Current Time Running" value="152848" />
  <attribute name ="GC Interval" value="0" />
  <attribute name="Target GC Util Change" value ="80.000000" />
  <attribute name="Current GC Util Change" value="236.000000"/>
  <attribute name="Current Error" value="-129.000000" />
  <attribute name="Output H" value="188781448"/>
  <attribute name="Output I" value="1928"/>
  <attribute name="Output T" value="16"/>
  <attribute name= "Current Time Running" value="152848" />
  <attribute name="GC Util currently" value="236" />
  <attribute name="CPU Util currently" value="879428784471" />
<exclusive-end id="2185" timestamp="2019-08-09T00:19:02.624" durationms="10.975" />

<exclusive-start id="2186" timestamp="2019-08-09T00:19:02.731" intervalms="117.968">
  <response-info timems="0.019" idlems="0.019" threads="0" lastid="0000000001FF0F00" lastname="main" />
</exclusive-start>
<allocation-taxation id="2187" taxation-threshold="54525952" timestamp="2019-08-09T00:19:02.731" intervalms="117.914" />
<cycle-start id="2188" type="partial gc" contextid="0" timestamp="2019-08-09T00:19:02.731" intervalms="117.873" />
<gc-start id="2189" type="partial gc" contextid="2188" timestamp="2019-08-09T00:19:02.732">
  <mem-info id="2190" free="46137344" total="188743680" percent="24">
    <mem type="eden" free="0" total="54525952" percent="0" />
    <remembered-set count="5312" freebytes="7524352" totalbytes="7545600" percent="99" regionsoverflowed="0" regionsstable="9" regionsrebuilding="0"/>
  </mem-info>
</gc-start>
<allocation-stats totalBytes="54523472" >
  <allocated-bytes non-tlh="0" tlh="54523472" arrayletleaf="0"/>
  <largest-consumer threadName="main" threadId="0000000001FF0F00" bytes="54523472" />
</allocation-stats>
<gc-op id="2191" type="copy forward" timems="10.357" contextid="2188" timestamp="2019-08-09T00:19:02.744">
  <memory-copied type="eden" objects="25" bytes="736" bytesdiscarded="640" />
  <memory-copied type="other" objects="12" bytes="272" bytesdiscarded="1360" />
  <memory-cardclean objects="66" bytes="2120" />
  <regions eden="26" other="1" />
  <remembered-set-cleared processed="392" cleared="4" durationms="0.248" />
  <stringconstants candidates="13838" cleared="0"  />
</gc-op>
<gc-op id="2192" type="classunload" timems="0.009" contextid="2188" timestamp="2019-08-09T00:19:02.744">
  <classunload-info classloadercandidates="54" classloadersunloaded="0" classesunloaded="0" anonymousclassesunloaded="0" quiescems="0.000" setupms="0.009" scanms="0.000" postms="0.000" />
</gc-op>
<gc-end id="2193" type="partial gc" contextid="2188" durationms="12.680" usertimems="22.867" systemtimems="0.000" timestamp="2019-08-09T00:19:02.745" activeThreads="16">
  <mem-info id="2194" free="98566144" total="188743680" percent="52">
    <mem type="eden" free="2095776" total="2097152" percent="99" />
    <remembered-set count="5024" freebytes="7525504" totalbytes="7545600" percent="99" regionsoverflowed="0" regionsstable="9" regionsrebuilding="0"/>
  </mem-info>
</gc-end>
<cycle-end id="2195" type="partial gc" contextid="2188" timestamp="2019-08-09T00:19:02.745" />
  <attribute name="elasticGC enabled" value="1" />
  <attribute name= "numThreadsSpecified" value="16" />
  <attribute name="heapSize specified" value="0" />
  <attribute name="Current GC Util" value="173" />
  <attribute name= "Current Time Running" value="152967" />
  <attribute name ="GC Interval" value="0" />
  <attribute name="Target GC Util Change" value ="80.000000" />
  <attribute name="Current GC Util Change" value="173.000000"/>
  <attribute name="Current Error" value="-30.000000" />
  <attribute name="Output H" value="188781504"/>
  <attribute name="Output I" value="1984"/>
  <attribute name="Output T" value="16"/>
  <attribute name= "Current Time Running" value="152967" />
  <attribute name="GC Util currently" value="173" />
  <attribute name="CPU Util currently" value="720189712380" />
<exclusive-end id="2196" timestamp="2019-08-09T00:19:02.745" durationms="13.972" />

<exclusive-start id="2197" timestamp="2019-08-09T00:19:02.869" intervalms="137.751">
  <response-info timems="0.016" idlems="0.016" threads="0" lastid="0000000001FF0F00" lastname="main" />
</exclusive-start>
<allocation-taxation id="2198" taxation-threshold="54525952" timestamp="2019-08-09T00:19:02.869" intervalms="137.755" />
<cycle-start id="2199" type="partial gc" contextid="0" timestamp="2019-08-09T00:19:02.869" intervalms="137.769" />
<gc-start id="2200" type="partial gc" contextid="2199" timestamp="2019-08-09T00:19:02.869">
  <mem-info id="2201" free="44040192" total="188743680" percent="23">
    <mem type="eden" free="0" total="54525952" percent="0" />
    <remembered-set count="4704" freebytes="7526784" totalbytes="7545600" percent="99" regionsoverflowed="0" regionsstable="9" regionsrebuilding="0"/>
  </mem-info>
</gc-start>
<allocation-stats totalBytes="54521952" >
  <allocated-bytes non-tlh="0" tlh="54521952" arrayletleaf="0"/>
  <largest-consumer threadName="main" threadId="0000000001FF0F00" bytes="54521952" />
</allocation-stats>
<gc-op id="2202" type="copy forward" timems="8.008" contextid="2199" timestamp="2019-08-09T00:19:02.878">
  <memory-copied type="eden" objects="39" bytes="1056" bytesdiscarded="408" />
  <memory-copied type="other" objects="12" bytes="272" bytesdiscarded="688" />
  <memory-cardclean objects="97" bytes="2848" />
  <regions eden="26" other="1" />
  <remembered-set-cleared processed="395" cleared="10" durationms="0.153" />
  <stringconstants candidates="13838" cleared="0"  />
</gc-op>
<gc-op id="2203" type="classunload" timems="0.009" contextid="2199" timestamp="2019-08-09T00:19:02.878">
  <classunload-info classloadercandidates="54" classloadersunloaded="0" classesunloaded="0" anonymousclassesunloaded="0" quiescems="0.000" setupms="0.009" scanms="0.000" postms="0.000" />
</gc-op>
<gc-end id="2204" type="partial gc" contextid="2199" durationms="9.446" usertimems="21.136" systemtimems="0.000" timestamp="2019-08-09T00:19:02.879" activeThreads="16">
  <mem-info id="2205" free="96468992" total="188743680" percent="51">
    <mem type="eden" free="2095688" total="2097152" percent="99" />
    <remembered-set count="4608" freebytes="7527168" totalbytes="7545600" percent="99" regionsoverflowed="0" regionsstable="9" regionsrebuilding="0"/>
  </mem-info>
</gc-end>
<cycle-end id="2206" type="partial gc" contextid="2199" timestamp="2019-08-09T00:19:02.879" />
  <attribute name="elasticGC enabled" value="1" />
  <attribute name= "numThreadsSpecified" value="16" />
  <attribute name="heapSize specified" value="0" />
  <attribute name="Current GC Util" value="242" />
  <attribute name= "Current Time Running" value="153104" />
  <attribute name ="GC Interval" value="0" />
  <attribute name="Target GC Util Change" value ="80.000000" />
  <attribute name="Current GC Util Change" value="242.000000"/>
  <attribute name="Current Error" value="-127.000000" />
  <attribute name="Output H" value="188781448"/>
  <attribute name="Output I" value="1928"/>
  <attribute name="Output T" value="16"/>
  <attribute name= "Current Time Running" value="153104" />
  <attribute name="GC Util currently" value="242" />
  <attribute name="CPU Util currently" value="1333766919058" />
<exclusive-end id="2207" timestamp="2019-08-09T00:19:02.879" durationms="10.236" />

<exclusive-start id="2208" timestamp="2019-08-09T00:19:02.951" intervalms="82.188">
  <response-info timems="0.014" idlems="0.014" threads="0" lastid="0000000001FF0F00" lastname="main" />
</exclusive-start>
<allocation-taxation id="2209" taxation-threshold="54525952" timestamp="2019-08-09T00:19:02.951" intervalms="82.185" />
<cycle-start id="2210" type="partial gc" contextid="0" timestamp="2019-08-09T00:19:02.951" intervalms="82.191" />
<gc-start id="2211" type="partial gc" contextid="2210" timestamp="2019-08-09T00:19:02.951">
  <mem-info id="2212" free="41943040" total="188743680" percent="22">
    <mem type="eden" free="0" total="54525952" percent="0" />
    <remembered-set count="4448" freebytes="7527808" totalbytes="7545600" percent="99" regionsoverflowed="0" regionsstable="9" regionsrebuilding="0"/>
  </mem-info>
</gc-start>
<allocation-stats totalBytes="54522456" >
  <allocated-bytes non-tlh="0" tlh="54522456" arrayletleaf="0"/>
  <largest-consumer threadName="main" threadId="0000000001FF0F00" bytes="54522456" />
</allocation-stats>
<gc-op id="2213" type="copy forward" timems="6.688" contextid="2210" timestamp="2019-08-09T00:19:02.959">
  <memory-copied type="eden" objects="27" bytes="800" bytesdiscarded="680" />
  <memory-copied type="other" objects="24" bytes="544" bytesdiscarded="384" />
  <memory-cardclean objects="79" bytes="2512" />
  <regions eden="26" other="1" />
  <remembered-set-cleared processed="396" cleared="9" durationms="0.102" />
  <stringconstants candidates="13838" cleared="0"  />
</gc-op>
<gc-op id="2214" type="classunload" timems="0.010" contextid="2210" timestamp="2019-08-09T00:19:02.959">
  <classunload-info classloadercandidates="54" classloadersunloaded="0" classesunloaded="0" anonymousclassesunloaded="0" quiescems="0.000" setupms="0.010" scanms="0.000" postms="0.000" />
</gc-op>
<gc-end id="2215" type="partial gc" contextid="2210" durationms="7.805" usertimems="15.859" systemtimems="0.000" timestamp="2019-08-09T00:19:02.959" activeThreads="16">
  <mem-info id="2216" free="94371840" total="188743680" percent="50">
    <mem type="eden" free="2095672" total="2097152" percent="99" />
    <remembered-set count="5184" freebytes="7524864" totalbytes="7545600" percent="99" regionsoverflowed="0" regionsstable="9" regionsrebuilding="0"/>
  </mem-info>
</gc-end>
<cycle-end id="2217" type="partial gc" contextid="2210" timestamp="2019-08-09T00:19:02.959" />
  <attribute name="elasticGC enabled" value="1" />
  <attribute name= "numThreadsSpecified" value="16" />
  <attribute name="heapSize specified" value="0" />
  <attribute name="Current GC Util" value="139" />
  <attribute name= "Current Time Running" value="153186" />
  <attribute name ="GC Interval" value="0" />
  <attribute name="Target GC Util Change" value ="80.000000" />
  <attribute name="Current GC Util Change" value="139.000000"/>
  <attribute name="Current Error" value="-129.000000" />
  <attribute name="Output H" value="188781448"/>
  <attribute name="Output I" value="1928"/>
  <attribute name="Output T" value="16"/>
  <attribute name= "Current Time Running" value="153186" />
  <attribute name="GC Util currently" value="139" />
  <attribute name="CPU Util currently" value="2167324858290" />
<exclusive-end id="2218" timestamp="2019-08-09T00:19:02.959" durationms="8.497" />

<exclusive-start id="2219" timestamp="2019-08-09T00:19:03.019" intervalms="67.682">
  <response-info timems="0.019" idlems="0.019" threads="0" lastid="0000000001FF0F00" lastname="main" />
</exclusive-start>
<allocation-taxation id="2220" taxation-threshold="54525952" timestamp="2019-08-09T00:19:03.019" intervalms="67.685" />
<cycle-start id="2221" type="partial gc" contextid="0" timestamp="2019-08-09T00:19:03.019" intervalms="67.698" />
<gc-start id="2222" type="partial gc" contextid="2221" timestamp="2019-08-09T00:19:03.019">
  <mem-info id="2223" free="39845888" total="188743680" percent="21">
    <mem type="eden" free="0" total="54525952" percent="0" />
    <remembered-set count="4704" freebytes="7526784" totalbytes="7545600" percent="99" regionsoverflowed="0" regionsstable="9" regionsrebuilding="0"/>
  </mem-info>
</gc-start>
<allocation-stats totalBytes="54521992" >
  <allocated-bytes non-tlh="0" tlh="54521992" arrayletleaf="0"/>
  <largest-consumer threadName="main" threadId="0000000001FF0F00" bytes="54521992" />
</allocation-stats>
<gc-op id="2224" type="copy forward" timems="8.894" contextid="2221" timestamp="2019-08-09T00:19:03.029">
  <memory-copied type="eden" objects="29" bytes="896" bytesdiscarded="608" />
  <memory-copied type="other" objects="6" bytes="136" bytesdiscarded="728" />
  <memory-cardclean objects="70" bytes="10392" />
  <regions eden="26" other="1" />
  <remembered-set-cleared processed="399" cleared="13" durationms="0.745" />
  <references type="weak" candidates="2" cleared="0" enqueued="0" />
  <stringconstants candidates="13838" cleared="0"  />
</gc-op>
<gc-op id="2225" type="classunload" timems="0.010" contextid="2221" timestamp="2019-08-09T00:19:03.029">
  <classunload-info classloadercandidates="54" classloadersunloaded="0" classesunloaded="0" anonymousclassesunloaded="0" quiescems="0.000" setupms="0.010" scanms="0.000" postms="0.000" />
</gc-op>
<gc-end id="2226" type="partial gc" contextid="2221" durationms="10.283" usertimems="23.699" systemtimems="0.000" timestamp="2019-08-09T00:19:03.029" activeThreads="16">
  <mem-info id="2227" free="92274688" total="188743680" percent="48">
    <mem type="eden" free="2095648" total="2097152" percent="99" />
    <remembered-set count="4672" freebytes="7526912" totalbytes="7545600" percent="99" regionsoverflowed="0" regionsstable="9" regionsrebuilding="0"/>
  </mem-info>
</gc-end>
<cycle-end id="2228" type="partial gc" contextid="2221" timestamp="2019-08-09T00:19:03.029" />
  <attribute name="elasticGC enabled" value="1" />
  <attribute name= "numThreadsSpecified" value="16" />
  <attribute name="heapSize specified" value="0" />
  <attribute name="Current GC Util" value="160" />
  <attribute name= "Current Time Running" value="153254" />
  <attribute name ="GC Interval" value="0" />
  <attribute name="Target GC Util Change" value ="80.000000" />
  <attribute name="Current GC Util Change" value="160.000000"/>
  <attribute name="Current Error" value="-23.000000" />
  <attribute name="Output H" value="188781512"/>
  <attribute name="Output I" value="1992"/>
  <attribute name="Output T" value="16"/>
  <attribute name= "Current Time Running" value="153254" />
  <attribute name="GC Util currently" value="160" />
  <attribute name="CPU Util currently" value="1395200886640" />
<exclusive-end id="2229" timestamp="2019-08-09T00:19:03.030" durationms="10.991" />

<exclusive-start id="2230" timestamp="2019-08-09T00:19:03.154" intervalms="135.200">
  <response-info timems="0.032" idlems="0.032" threads="0" lastid="0000000001FF0F00" lastname="main" />
</exclusive-start>
<allocation-taxation id="2231" taxation-threshold="54525952" timestamp="2019-08-09T00:19:03.154" intervalms="135.201" />
<cycle-start id="2232" type="partial gc" contextid="0" timestamp="2019-08-09T00:19:03.154" intervalms="135.176" />
<gc-start id="2233" type="partial gc" contextid="2232" timestamp="2019-08-09T00:19:03.154">
  <mem-info id="2234" free="37748736" total="188743680" percent="20">
    <mem type="eden" free="0" total="54525952" percent="0" />
    <remembered-set count="4416" freebytes="7527936" totalbytes="7545600" percent="99" regionsoverflowed="0" regionsstable="9" regionsrebuilding="0"/>
  </mem-info>
</gc-start>
<allocation-stats totalBytes="54488832" >
  <allocated-bytes non-tlh="0" tlh="54488832" arrayletleaf="0"/>
  <largest-consumer threadName="main" threadId="0000000001FF0F00" bytes="54488832" />
</allocation-stats>
<gc-op id="2235" type="copy forward" timems="7.655" contextid="2232" timestamp="2019-08-09T00:19:03.163">
  <memory-copied type="eden" objects="49" bytes="3072" bytesdiscarded="1240" />
  <memory-copied type="other" objects="8" bytes="200" bytesdiscarded="632" />
  <memory-cardclean objects="88" bytes="10656" />
  <regions eden="26" other="1" />
  <remembered-set-cleared processed="401" cleared="14" durationms="0.098" />
  <references type="weak" candidates="2" cleared="0" enqueued="0" />
  <stringconstants candidates="13838" cleared="0"  />
</gc-op>
<gc-op id="2236" type="classunload" timems="0.008" contextid="2232" timestamp="2019-08-09T00:19:03.163">
  <classunload-info classloadercandidates="54" classloadersunloaded="0" classesunloaded="0" anonymousclassesunloaded="0" quiescems="0.000" setupms="0.007" scanms="0.000" postms="0.000" />
</gc-op>
<gc-end id="2237" type="partial gc" contextid="2232" durationms="8.868" usertimems="18.415" systemtimems="0.000" timestamp="2019-08-09T00:19:03.163" activeThreads="16">
  <mem-info id="2238" free="90177536" total="188743680" percent="47">
    <mem type="eden" free="2092840" total="2097152" percent="99" />
    <remembered-set count="4736" freebytes="7526656" totalbytes="7545600" percent="99" regionsoverflowed="0" regionsstable="9" regionsrebuilding="0"/>
  </mem-info>
</gc-end>
<cycle-end id="2239" type="partial gc" contextid="2232" timestamp="2019-08-09T00:19:03.163" />
  <attribute name="elasticGC enabled" value="1" />
  <attribute name= "numThreadsSpecified" value="16" />
  <attribute name="heapSize specified" value="0" />
  <attribute name="Current GC Util" value="143" />
  <attribute name= "Current Time Running" value="153388" />
  <attribute name ="GC Interval" value="0" />
  <attribute name="Target GC Util Change" value ="80.000000" />
  <attribute name="Current GC Util Change" value="143.000000"/>
  <attribute name="Current Error" value="-22.000000" />
  <attribute name="Output H" value="188781512"/>
  <attribute name="Output I" value="1992"/>
  <attribute name="Output T" value="16"/>
  <attribute name= "Current Time Running" value="153388" />
  <attribute name="GC Util currently" value="143" />
  <attribute name="CPU Util currently" value="1845885240020" />
<exclusive-end id="2240" timestamp="2019-08-09T00:19:03.163" durationms="9.536" />

<exclusive-start id="2241" timestamp="2019-08-09T00:19:03.258" intervalms="104.249">
  <response-info timems="0.014" idlems="0.014" threads="0" lastid="0000000001FF0F00" lastname="main" />
</exclusive-start>
<allocation-taxation id="2242" taxation-threshold="54525952" timestamp="2019-08-09T00:19:03.258" intervalms="104.249" />
<cycle-start id="2243" type="partial gc" contextid="0" timestamp="2019-08-09T00:19:03.258" intervalms="104.243" />
<gc-start id="2244" type="partial gc" contextid="2243" timestamp="2019-08-09T00:19:03.259">
  <mem-info id="2245" free="35651584" total="188743680" percent="18">
    <mem type="eden" free="0" total="54525952" percent="0" />
    <remembered-set count="4480" freebytes="7527680" totalbytes="7545600" percent="99" regionsoverflowed="0" regionsstable="9" regionsrebuilding="0"/>
  </mem-info>
</gc-start>
<allocation-stats totalBytes="54500360" >
  <allocated-bytes non-tlh="0" tlh="54500360" arrayletleaf="0"/>
  <largest-consumer threadName="main" threadId="0000000001FF0F00" bytes="54500360" />
</allocation-stats>
<gc-op id="2246" type="copy forward" timems="7.949" contextid="2243" timestamp="2019-08-09T00:19:03.267">
  <memory-copied type="eden" objects="29" bytes="1384" bytesdiscarded="696" />
  <memory-copied type="other" objects="18" bytes="408" bytesdiscarded="408" />
  <memory-cardclean objects="79" bytes="2576" />
  <regions eden="26" other="1" />
  <remembered-set-cleared processed="403" cleared="7" durationms="0.140" />
  <stringconstants candidates="13838" cleared="0"  />
</gc-op>
<gc-op id="2247" type="classunload" timems="0.008" contextid="2243" timestamp="2019-08-09T00:19:03.267">
  <classunload-info classloadercandidates="54" classloadersunloaded="0" classesunloaded="0" anonymousclassesunloaded="0" quiescems="0.000" setupms="0.008" scanms="0.000" postms="0.000" />
</gc-op>
<gc-end id="2248" type="partial gc" contextid="2243" durationms="9.152" usertimems="20.165" systemtimems="0.000" timestamp="2019-08-09T00:19:03.268" activeThreads="16">
  <mem-info id="2249" free="88080384" total="188743680" percent="46">
    <mem type="eden" free="2095072" total="2097152" percent="99" />
    <remembered-set count="5504" freebytes="7523584" totalbytes="7545600" percent="99" regionsoverflowed="0" regionsstable="9" regionsrebuilding="0"/>
  </mem-info>
</gc-end>
<cycle-end id="2250" type="partial gc" contextid="2243" timestamp="2019-08-09T00:19:03.268" />
  <attribute name="elasticGC enabled" value="1" />
  <attribute name= "numThreadsSpecified" value="16" />
  <attribute name="heapSize specified" value="0" />
  <attribute name="Current GC Util" value="191" />
  <attribute name= "Current Time Running" value="153493" />
  <attribute name ="GC Interval" value="0" />
  <attribute name="Target GC Util Change" value ="80.000000" />
  <attribute name="Current GC Util Change" value="191.000000"/>
  <attribute name="Current Error" value="-69.000000" />
  <attribute name="Output H" value="188781488"/>
  <attribute name="Output I" value="1968"/>
  <attribute name="Output T" value="16"/>
  <attribute name= "Current Time Running" value="153493" />
  <attribute name="GC Util currently" value="191" />
  <attribute name="CPU Util currently" value="2138750873180" />
<exclusive-end id="2251" timestamp="2019-08-09T00:19:03.268" durationms="9.832" />

<exclusive-start id="2252" timestamp="2019-08-09T00:19:03.285" intervalms="26.859">
  <response-info timems="0.017" idlems="0.017" threads="0" lastid="0000000001FF0F00" lastname="main" />
</exclusive-start>
<allocation-taxation id="2253" taxation-threshold="54525952" timestamp="2019-08-09T00:19:03.285" intervalms="26.872" />
<cycle-start id="2254" type="partial gc" contextid="0" timestamp="2019-08-09T00:19:03.287" intervalms="28.706" />
<gc-start id="2255" type="partial gc" contextid="2254" timestamp="2019-08-09T00:19:03.288">
  <mem-info id="2256" free="33554432" total="188743680" percent="17">
    <mem type="eden" free="0" total="54525952" percent="0" />
    <remembered-set count="5024" freebytes="7525504" totalbytes="7545600" percent="99" regionsoverflowed="0" regionsstable="9" regionsrebuilding="0"/>
  </mem-info>
</gc-start>
<allocation-stats totalBytes="54438816" >
  <allocated-bytes non-tlh="0" tlh="54438816" arrayletleaf="0"/>
  <largest-consumer threadName="main" threadId="0000000001FF0F00" bytes="54438816" />
</allocation-stats>
<gc-op id="2257" type="copy forward" timems="12.989" contextid="2254" timestamp="2019-08-09T00:19:03.303">
  <memory-copied type="eden" objects="3" bytes="72" bytesdiscarded="0" />
  <memory-copied type="other" objects="27" bytes="1336" bytesdiscarded="1368" />
  <memory-cardclean objects="54" bytes="2040" />
  <regions eden="26" other="1" />
  <remembered-set-cleared processed="406" cleared="7" durationms="0.135" />
  <stringconstants candidates="13838" cleared="0"  />
</gc-op>
<gc-op id="2258" type="classunload" timems="0.008" contextid="2254" timestamp="2019-08-09T00:19:03.303">
  <classunload-info classloadercandidates="54" classloadersunloaded="0" classesunloaded="0" anonymousclassesunloaded="0" quiescems="0.000" setupms="0.007" scanms="0.000" postms="0.000" />
</gc-op>
<gc-end id="2259" type="partial gc" contextid="2254" durationms="15.221" usertimems="26.264" systemtimems="0.000" timestamp="2019-08-09T00:19:03.303" activeThreads="16">
  <mem-info id="2260" free="85983232" total="188743680" percent="45">
    <mem type="eden" free="2097080" total="2097152" percent="99" />
    <remembered-set count="5600" freebytes="7523200" totalbytes="7545600" percent="99" regionsoverflowed="0" regionsstable="9" regionsrebuilding="0"/>
  </mem-info>
</gc-end>
<cycle-end id="2261" type="partial gc" contextid="2254" timestamp="2019-08-09T00:19:03.303" />
  <attribute name="elasticGC enabled" value="1" />
  <attribute name= "numThreadsSpecified" value="16" />
  <attribute name="heapSize specified" value="0" />
  <attribute name="Current GC Util" value="128" />
  <attribute name= "Current Time Running" value="153523" />
  <attribute name ="GC Interval" value="0" />
  <attribute name="Target GC Util Change" value ="80.000000" />
  <attribute name="Current GC Util Change" value="128.000000"/>
  <attribute name="Current Error" value="-37.000000" />
  <attribute name="Output H" value="188781504"/>
  <attribute name="Output I" value="1984"/>
  <attribute name="Output T" value="16"/>
  <attribute name= "Current Time Running" value="153523" />
  <attribute name="GC Util currently" value="128" />
  <attribute name="CPU Util currently" value="751480551305" />
<exclusive-end id="2262" timestamp="2019-08-09T00:19:03.303" durationms="18.139" />

<exclusive-start id="2263" timestamp="2019-08-09T00:19:03.319" intervalms="34.386">
  <response-info timems="0.034" idlems="0.034" threads="0" lastid="0000000001FF0F00" lastname="main" />
</exclusive-start>
<allocation-taxation id="2264" taxation-threshold="54525952" timestamp="2019-08-09T00:19:03.321" intervalms="35.635" />
<cycle-start id="2265" type="partial gc" contextid="0" timestamp="2019-08-09T00:19:03.321" intervalms="33.800" />
<gc-start id="2266" type="partial gc" contextid="2265" timestamp="2019-08-09T00:19:03.321">
  <mem-info id="2267" free="31457280" total="188743680" percent="16">
    <mem type="eden" free="2097080" total="56623104" percent="3" />
    <remembered-set count="5120" freebytes="7525120" totalbytes="7545600" percent="99" regionsoverflowed="0" regionsstable="9" regionsrebuilding="0"/>
  </mem-info>
</gc-start>
<allocation-stats totalBytes="54429624" >
  <allocated-bytes non-tlh="0" tlh="54429624" arrayletleaf="0"/>
  <largest-consumer threadName="main" threadId="0000000001FF0F00" bytes="54429624" />
</allocation-stats>
<gc-op id="2268" type="copy forward" timems="7.219" contextid="2265" timestamp="2019-08-09T00:19:03.329">
  <memory-copied type="eden" objects="3" bytes="72" bytesdiscarded="0" />
  <memory-copied type="other" objects="0" bytes="0" bytesdiscarded="0" />
  <memory-cardclean objects="11" bytes="416" />
  <regions eden="26" other="1" />
  <remembered-set-cleared processed="411" cleared="0" durationms="0.114" />
  <stringconstants candidates="13838" cleared="0"  />
</gc-op>
<gc-op id="2269" type="classunload" timems="0.011" contextid="2265" timestamp="2019-08-09T00:19:03.329">
  <classunload-info classloadercandidates="54" classloadersunloaded="0" classesunloaded="0" anonymousclassesunloaded="0" quiescems="0.000" setupms="0.010" scanms="0.000" postms="0.000" />
</gc-op>
<heap-resize id="2270" type="expand" space="default" amount="33554432" count="1" timems="0.275" reason="excessive time being spent in gc" timestamp="2019-08-09T00:19:03.330" />
<gc-end id="2271" type="partial gc" contextid="2265" durationms="8.681" usertimems="18.751" systemtimems="0.000" timestamp="2019-08-09T00:19:03.330" activeThreads="16">
  <mem-info id="2272" free="119537664" total="222298112" percent="53">
    <mem type="eden" free="2097080" total="2097152" percent="99" />
    <remembered-set count="4320" freebytes="8869760" totalbytes="8887040" percent="99" regionsoverflowed="0" regionsstable="9" regionsrebuilding="0"/>
  </mem-info>
</gc-end>
<cycle-end id="2273" type="partial gc" contextid="2265" timestamp="2019-08-09T00:19:03.330" />
  <attribute name="elasticGC enabled" value="1" />
  <attribute name= "numThreadsSpecified" value="16" />
  <attribute name="heapSize specified" value="0" />
  <attribute name="Current GC Util" value="174" />
  <attribute name= "Current Time Running" value="153555" />
  <attribute name ="GC Interval" value="0" />
  <attribute name="Target GC Util Change" value ="80.000000" />
  <attribute name="Current GC Util Change" value="174.000000"/>
  <attribute name="Current Error" value="-128.000000" />
  <attribute name="Output H" value="188781448"/>
  <attribute name="Output I" value="1928"/>
  <attribute name="Output T" value="16"/>
  <attribute name= "Current Time Running" value="153555" />
  <attribute name="GC Util currently" value="174" />
  <attribute name="CPU Util currently" value="2201210579614" />
<exclusive-end id="2274" timestamp="2019-08-09T00:19:03.330" durationms="10.689" />

<exclusive-start id="2275" timestamp="2019-08-09T00:19:03.364" intervalms="44.738">
  <response-info timems="0.019" idlems="0.019" threads="0" lastid="0000000001FF0F00" lastname="main" />
</exclusive-start>
<allocation-taxation id="2276" taxation-threshold="62914560" timestamp="2019-08-09T00:19:03.364" intervalms="43.486" />
<cycle-start id="2277" type="partial gc" contextid="0" timestamp="2019-08-09T00:19:03.364" intervalms="43.504" />
<gc-start id="2278" type="partial gc" contextid="2277" timestamp="2019-08-09T00:19:03.365">
  <mem-info id="2279" free="56623104" total="222298112" percent="25">
    <mem type="eden" free="2097080" total="65011712" percent="3" />
    <remembered-set count="3840" freebytes="8871680" totalbytes="8887040" percent="99" regionsoverflowed="0" regionsstable="9" regionsrebuilding="0"/>
  </mem-info>
</gc-start>
<allocation-stats totalBytes="62803120" >
  <allocated-bytes non-tlh="0" tlh="62803120" arrayletleaf="0"/>
  <largest-consumer threadName="main" threadId="0000000001FF0F00" bytes="62803120" />
</allocation-stats>
<gc-op id="2280" type="copy forward" timems="8.432" contextid="2277" timestamp="2019-08-09T00:19:03.374">
  <memory-copied type="eden" objects="3" bytes="72" bytesdiscarded="0" />
  <memory-copied type="other" objects="0" bytes="0" bytesdiscarded="0" />
  <memory-cardclean objects="11" bytes="416" />
  <regions eden="30" other="1" />
  <remembered-set-cleared processed="411" cleared="0" durationms="0.136" />
  <stringconstants candidates="13838" cleared="0"  />
</gc-op>
<gc-op id="2281" type="classunload" timems="0.008" contextid="2277" timestamp="2019-08-09T00:19:03.374">
  <classunload-info classloadercandidates="54" classloadersunloaded="0" classesunloaded="0" anonymousclassesunloaded="0" quiescems="0.000" setupms="0.008" scanms="0.000" postms="0.000" />
</gc-op>
<heap-resize id="2282" type="expand" space="default" amount="35651584" count="1" timems="0.227" reason="excessive time being spent in gc" timestamp="2019-08-09T00:19:03.375" />
<gc-end id="2283" type="partial gc" contextid="2277" durationms="10.076" usertimems="21.353" systemtimems="0.000" timestamp="2019-08-09T00:19:03.375" activeThreads="16">
  <mem-info id="2284" free="155189248" total="257949696" percent="60">
    <mem type="eden" free="2097080" total="2097152" percent="99" />
    <remembered-set count="4320" freebytes="10295040" totalbytes="10312320" percent="99" regionsoverflowed="0" regionsstable="9" regionsrebuilding="0"/>
  </mem-info>
</gc-end>
<cycle-end id="2285" type="partial gc" contextid="2277" timestamp="2019-08-09T00:19:03.375" />
  <attribute name="elasticGC enabled" value="1" />
  <attribute name= "numThreadsSpecified" value="16" />
  <attribute name="heapSize specified" value="0" />
  <attribute name="Current GC Util" value="118" />
  <attribute name= "Current Time Running" value="153599" />
  <attribute name ="GC Interval" value="0" />
  <attribute name="Target GC Util Change" value ="80.000000" />
  <attribute name="Current GC Util Change" value="118.000000"/>
  <attribute name="Current Error" value="-127.000000" />
  <attribute name="Output H" value="222335880"/>
  <attribute name="Output I" value="1928"/>
  <attribute name="Output T" value="16"/>
  <attribute name= "Current Time Running" value="153599" />
  <attribute name="GC Util currently" value="118" />
  <attribute name="CPU Util currently" value="1598497977179" />
<exclusive-end id="2286" timestamp="2019-08-09T00:19:03.375" durationms="11.162" />

<exclusive-start id="2287" timestamp="2019-08-09T00:19:03.483" intervalms="119.299">
  <response-info timems="0.017" idlems="0.017" threads="0" lastid="0000000001FF0F00" lastname="main" />
</exclusive-start>
<allocation-taxation id="2288" taxation-threshold="71303168" timestamp="2019-08-09T00:19:03.483" intervalms="119.297" />
<cycle-start id="2289" type="partial gc" contextid="0" timestamp="2019-08-09T00:19:03.483" intervalms="119.271" />
<gc-start id="2290" type="partial gc" contextid="2289" timestamp="2019-08-09T00:19:03.484">
  <mem-info id="2291" free="83886080" total="257949696" percent="32">
    <mem type="eden" free="2097080" total="73400320" percent="2" />
    <remembered-set count="4320" freebytes="10295040" totalbytes="10312320" percent="99" regionsoverflowed="0" regionsstable="9" regionsrebuilding="0"/>
  </mem-info>
</gc-start>
<allocation-stats totalBytes="71214800" >
  <allocated-bytes non-tlh="0" tlh="71214800" arrayletleaf="0"/>
  <largest-consumer threadName="main" threadId="0000000001FF0F00" bytes="71214800" />
</allocation-stats>
<gc-op id="2292" type="copy forward" timems="7.621" contextid="2289" timestamp="2019-08-09T00:19:03.492">
  <memory-copied type="eden" objects="42" bytes="2024" bytesdiscarded="768" />
  <memory-copied type="other" objects="12" bytes="272" bytesdiscarded="576" />
  <memory-cardclean objects="98" bytes="3000" />
  <regions eden="34" other="2" />
  <remembered-set-cleared processed="406" cleared="12" durationms="0.128" />
  <stringconstants candidates="13838" cleared="0"  />
</gc-op>
<gc-op id="2293" type="classunload" timems="0.006" contextid="2289" timestamp="2019-08-09T00:19:03.492">
  <classunload-info classloadercandidates="54" classloadersunloaded="0" classesunloaded="0" anonymousclassesunloaded="0" quiescems="0.000" setupms="0.006" scanms="0.000" postms="0.000" />
</gc-op>
<gc-end id="2294" type="partial gc" contextid="2289" durationms="8.901" usertimems="19.828" systemtimems="0.000" timestamp="2019-08-09T00:19:03.493" activeThreads="16">
  <mem-info id="2295" free="155189248" total="257949696" percent="60">
    <mem type="eden" free="2094360" total="2097152" percent="99" />
    <remembered-set count="5600" freebytes="10289920" totalbytes="10312320" percent="99" regionsoverflowed="0" regionsstable="9" regionsrebuilding="0"/>
  </mem-info>
</gc-end>
<cycle-end id="2296" type="partial gc" contextid="2289" timestamp="2019-08-09T00:19:03.493" />
  <attribute name="elasticGC enabled" value="1" />
  <attribute name= "numThreadsSpecified" value="16" />
  <attribute name="heapSize specified" value="0" />
  <attribute name="Current GC Util" value="100" />
  <attribute name= "Current Time Running" value="153718" />
  <attribute name ="GC Interval" value="0" />
  <attribute name="Target GC Util Change" value ="80.000000" />
  <attribute name="Current GC Util Change" value="100.000000"/>
  <attribute name="Current Error" value="43.000000" />
  <attribute name="Output H" value="257987560"/>
  <attribute name="Output I" value="2024"/>
  <attribute name="Output T" value="16"/>
  <attribute name= "Current Time Running" value="153718" />
  <attribute name="GC Util currently" value="100" />
  <attribute name="CPU Util currently" value="1559981464857" />
<exclusive-end id="2297" timestamp="2019-08-09T00:19:03.493" durationms="9.540" />

<exclusive-start id="2298" timestamp="2019-08-09T00:19:03.540" intervalms="57.117">
  <response-info timems="0.021" idlems="0.021" threads="0" lastid="0000000001FF0F00" lastname="main" />
</exclusive-start>
<allocation-taxation id="2299" taxation-threshold="71303168" timestamp="2019-08-09T00:19:03.541" intervalms="57.113" />
<cycle-start id="2300" type="partial gc" contextid="0" timestamp="2019-08-09T00:19:03.541" intervalms="57.144" />
<gc-start id="2301" type="partial gc" contextid="2300" timestamp="2019-08-09T00:19:03.541">
  <mem-info id="2302" free="83886080" total="257949696" percent="32">
    <mem type="eden" free="0" total="71303168" percent="0" />
    <remembered-set count="5120" freebytes="10291840" totalbytes="10312320" percent="99" regionsoverflowed="0" regionsstable="9" regionsrebuilding="0"/>
  </mem-info>
</gc-start>
<allocation-stats totalBytes="71248832" >
  <allocated-bytes non-tlh="0" tlh="71248832" arrayletleaf="0"/>
  <largest-consumer threadName="main" threadId="0000000001FF0F00" bytes="71248832" />
</allocation-stats>
<gc-op id="2303" type="copy forward" timems="10.348" contextid="2300" timestamp="2019-08-09T00:19:03.552">
  <memory-copied type="eden" objects="29" bytes="1336" bytesdiscarded="696" />
  <memory-copied type="other" objects="24" bytes="544" bytesdiscarded="576" />
  <memory-cardclean objects="95" bytes="3008" />
  <regions eden="34" other="2" />
  <remembered-set-cleared processed="405" cleared="11" durationms="0.117" />
  <stringconstants candidates="13838" cleared="0"  />
</gc-op>
<gc-op id="2304" type="classunload" timems="0.009" contextid="2300" timestamp="2019-08-09T00:19:03.552">
  <classunload-info classloadercandidates="54" classloadersunloaded="0" classesunloaded="0" anonymousclassesunloaded="0" quiescems="0.000" setupms="0.008" scanms="0.000" postms="0.000" />
</gc-op>
<heap-resize id="2305" type="expand" space="default" amount="4194304" count="1" timems="0.077" reason="excessive time being spent in gc" timestamp="2019-08-09T00:19:03.553" />
<gc-end id="2306" type="partial gc" contextid="2300" durationms="11.744" usertimems="20.407" systemtimems="0.000" timestamp="2019-08-09T00:19:03.553" activeThreads="16">
  <mem-info id="2307" free="157286400" total="262144000" percent="60">
    <mem type="eden" free="2095120" total="2097152" percent="99" />
    <remembered-set count="5600" freebytes="10457600" totalbytes="10480000" percent="99" regionsoverflowed="0" regionsstable="9" regionsrebuilding="0"/>
  </mem-info>
</gc-end>
<cycle-end id="2308" type="partial gc" contextid="2300" timestamp="2019-08-09T00:19:03.553" />
  <attribute name="elasticGC enabled" value="1" />
  <attribute name= "numThreadsSpecified" value="16" />
  <attribute name="heapSize specified" value="0" />
  <attribute name="Current GC Util" value="165" />
  <attribute name= "Current Time Running" value="153775" />
  <attribute name ="GC Interval" value="0" />
  <attribute name="Target GC Util Change" value ="80.000000" />
  <attribute name="Current GC Util Change" value="165.000000"/>
  <attribute name="Current Error" value="5.000000" />
  <attribute name="Output H" value="257987544"/>
  <attribute name="Output I" value="2008"/>
  <attribute name="Output T" value="16"/>
  <attribute name= "Current Time Running" value="153775" />
  <attribute name="GC Util currently" value="165" />
  <attribute name="CPU Util currently" value="1626118771558" />
<exclusive-end id="2309" timestamp="2019-08-09T00:19:03.553" durationms="12.495" />

<exclusive-start id="2310" timestamp="2019-08-09T00:19:03.664" intervalms="123.832">
  <response-info timems="0.020" idlems="0.020" threads="0" lastid="0000000001FF0F00" lastname="main" />
</exclusive-start>
<allocation-taxation id="2311" taxation-threshold="73400320" timestamp="2019-08-09T00:19:03.664" intervalms="123.829" />
<cycle-start id="2312" type="partial gc" contextid="0" timestamp="2019-08-09T00:19:03.665" intervalms="123.873" />
<gc-start id="2313" type="partial gc" contextid="2312" timestamp="2019-08-09T00:19:03.665">
  <mem-info id="2314" free="83886080" total="262144000" percent="32">
    <mem type="eden" free="0" total="73400320" percent="0" />
    <remembered-set count="5408" freebytes="10458368" totalbytes="10480000" percent="99" regionsoverflowed="0" regionsstable="9" regionsrebuilding="0"/>
  </mem-info>
</gc-start>
<allocation-stats totalBytes="73290512" >
  <allocated-bytes non-tlh="0" tlh="73290512" arrayletleaf="0"/>
  <largest-consumer threadName="main" threadId="0000000001FF0F00" bytes="73290512" />
</allocation-stats>
<gc-op id="2315" type="copy forward" timems="6.731" contextid="2312" timestamp="2019-08-09T00:19:03.672">
  <memory-copied type="eden" objects="37" bytes="5208" bytesdiscarded="0" />
  <memory-copied type="other" objects="18" bytes="408" bytesdiscarded="1360" />
  <memory-cardclean objects="78" bytes="2480" />
  <regions eden="35" other="2" />
  <remembered-set-cleared processed="408" cleared="10" durationms="0.129" />
  <stringconstants candidates="13838" cleared="0"  />
</gc-op>
<gc-op id="2316" type="classunload" timems="0.010" contextid="2312" timestamp="2019-08-09T00:19:03.673">
  <classunload-info classloadercandidates="54" classloadersunloaded="0" classesunloaded="0" anonymousclassesunloaded="0" quiescems="0.000" setupms="0.010" scanms="0.000" postms="0.000" />
</gc-op>
<gc-end id="2317" type="partial gc" contextid="2312" durationms="7.889" usertimems="17.813" systemtimems="0.000" timestamp="2019-08-09T00:19:03.673" activeThreads="16">
  <mem-info id="2318" free="155189248" total="262144000" percent="59">
    <mem type="eden" free="2091944" total="2097152" percent="99" />
    <remembered-set count="5696" freebytes="10457216" totalbytes="10480000" percent="99" regionsoverflowed="0" regionsstable="9" regionsrebuilding="0"/>
  </mem-info>
</gc-end>
<cycle-end id="2319" type="partial gc" contextid="2312" timestamp="2019-08-09T00:19:03.673" />
  <attribute name="elasticGC enabled" value="1" />
  <attribute name= "numThreadsSpecified" value="16" />
  <attribute name="heapSize specified" value="0" />
  <attribute name="Current GC Util" value="136" />
  <attribute name= "Current Time Running" value="153899" />
  <attribute name ="GC Interval" value="0" />
  <attribute name="Target GC Util Change" value ="80.000000" />
  <attribute name="Current GC Util Change" value="136.000000"/>
  <attribute name="Current Error" value="14.000000" />
  <attribute name="Output H" value="262181848"/>
  <attribute name="Output I" value="2008"/>
  <attribute name="Output T" value="16"/>
  <attribute name= "Current Time Running" value="153899" />
  <attribute name="GC Util currently" value="136" />
  <attribute name="CPU Util currently" value="2260621450791" />
<exclusive-end id="2320" timestamp="2019-08-09T00:19:03.673" durationms="8.799" />

<exclusive-start id="2321" timestamp="2019-08-09T00:19:03.829" intervalms="164.232">
  <response-info timems="0.017" idlems="0.017" threads="0" lastid="0000000001FF0F00" lastname="main" />
</exclusive-start>
<allocation-taxation id="2322" taxation-threshold="73400320" timestamp="2019-08-09T00:19:03.829" intervalms="164.231" />
<cycle-start id="2323" type="partial gc" contextid="0" timestamp="2019-08-09T00:19:03.829" intervalms="164.180" />
<gc-start id="2324" type="partial gc" contextid="2323" timestamp="2019-08-09T00:19:03.829">
  <mem-info id="2325" free="81788928" total="262144000" percent="31">
    <mem type="eden" free="0" total="73400320" percent="0" />
    <remembered-set count="5440" freebytes="10458240" totalbytes="10480000" percent="99" regionsoverflowed="0" regionsstable="9" regionsrebuilding="0"/>
  </mem-info>
</gc-start>
<allocation-stats totalBytes="73368696" >
  <allocated-bytes non-tlh="0" tlh="73368696" arrayletleaf="0"/>
  <largest-consumer threadName="main" threadId="0000000001FF0F00" bytes="73368696" />
</allocation-stats>
<gc-op id="2326" type="copy forward" timems="7.322" contextid="2323" timestamp="2019-08-09T00:19:03.837">
  <memory-copied type="eden" objects="41" bytes="1328" bytesdiscarded="0" />
  <memory-copied type="other" objects="12" bytes="272" bytesdiscarded="648" />
  <memory-cardclean objects="83" bytes="10784" />
  <regions eden="35" other="2" />
  <remembered-set-cleared processed="411" cleared="12" durationms="0.117" />
  <references type="weak" candidates="2" cleared="0" enqueued="0" />
  <stringconstants candidates="13838" cleared="0"  />
</gc-op>
<gc-op id="2327" type="classunload" timems="0.010" contextid="2323" timestamp="2019-08-09T00:19:03.837">
  <classunload-info classloadercandidates="54" classloadersunloaded="0" classesunloaded="0" anonymousclassesunloaded="0" quiescems="0.000" setupms="0.010" scanms="0.000" postms="0.000" />
</gc-op>
<gc-end id="2328" type="partial gc" contextid="2323" durationms="8.660" usertimems="18.652" systemtimems="0.000" timestamp="2019-08-09T00:19:03.838" activeThreads="16">
  <mem-info id="2329" free="153092096" total="262144000" percent="58">
    <mem type="eden" free="2095824" total="2097152" percent="99" />
    <remembered-set count="4608" freebytes="10461568" totalbytes="10480000" percent="99" regionsoverflowed="0" regionsstable="9" regionsrebuilding="0"/>
  </mem-info>
</gc-end>
<cycle-end id="2330" type="partial gc" contextid="2323" timestamp="2019-08-09T00:19:03.838" />
  <attribute name="elasticGC enabled" value="1" />
  <attribute name= "numThreadsSpecified" value="16" />
  <attribute name="heapSize specified" value="0" />
  <attribute name="Current GC Util" value="141" />
  <attribute name= "Current Time Running" value="154063" />
  <attribute name ="GC Interval" value="0" />
  <attribute name="Target GC Util Change" value ="80.000000" />
  <attribute name="Current GC Util Change" value="141.000000"/>
  <attribute name="Current Error" value="9.000000" />
  <attribute name="Output H" value="262181848"/>
  <attribute name="Output I" value="2008"/>
  <attribute name="Output T" value="16"/>
  <attribute name= "Current Time Running" value="154063" />
  <attribute name="GC Util currently" value="141" />
  <attribute name="CPU Util currently" value="1635938992249" />
<exclusive-end id="2331" timestamp="2019-08-09T00:19:03.838" durationms="9.434" />

<exclusive-start id="2332" timestamp="2019-08-09T00:19:03.994" intervalms="165.709">
  <response-info timems="0.017" idlems="0.017" threads="0" lastid="0000000001FF0F00" lastname="main" />
</exclusive-start>
<allocation-taxation id="2333" taxation-threshold="73400320" timestamp="2019-08-09T00:19:03.994" intervalms="165.706" />
<cycle-start id="2334" type="partial gc" contextid="0" timestamp="2019-08-09T00:19:03.994" intervalms="165.659" />
<gc-start id="2335" type="partial gc" contextid="2334" timestamp="2019-08-09T00:19:03.995">
  <mem-info id="2336" free="79691776" total="262144000" percent="30">
    <mem type="eden" free="0" total="73400320" percent="0" />
    <remembered-set count="4128" freebytes="10463488" totalbytes="10480000" percent="99" regionsoverflowed="0" regionsstable="9" regionsrebuilding="0"/>
  </mem-info>
</gc-start>
<allocation-stats totalBytes="73387128" >
  <allocated-bytes non-tlh="0" tlh="73387128" arrayletleaf="0"/>
  <largest-consumer threadName="main" threadId="0000000001FF0F00" bytes="73387128" />
</allocation-stats>
<gc-op id="2337" type="copy forward" timems="7.593" contextid="2334" timestamp="2019-08-09T00:19:04.003">
  <memory-copied type="eden" objects="5" bytes="240" bytesdiscarded="0" />
  <memory-copied type="other" objects="34" bytes="1000" bytesdiscarded="1120" />
  <memory-cardclean objects="51" bytes="10104" />
  <regions eden="35" other="2" />
  <remembered-set-cleared processed="413" cleared="12" durationms="0.151" />
  <references type="weak" candidates="2" cleared="0" enqueued="0" />
  <stringconstants candidates="13838" cleared="0"  />
</gc-op>
<gc-op id="2338" type="classunload" timems="0.006" contextid="2334" timestamp="2019-08-09T00:19:04.003">
  <classunload-info classloadercandidates="54" classloadersunloaded="0" classesunloaded="0" anonymousclassesunloaded="0" quiescems="0.000" setupms="0.006" scanms="0.000" postms="0.000" />
</gc-op>
<gc-end id="2339" type="partial gc" contextid="2334" durationms="8.752" usertimems="18.790" systemtimems="0.000" timestamp="2019-08-09T00:19:04.003" activeThreads="16">
  <mem-info id="2340" free="150994944" total="262144000" percent="57">
    <mem type="eden" free="2096912" total="2097152" percent="99" />
    <remembered-set count="5696" freebytes="10457216" totalbytes="10480000" percent="99" regionsoverflowed="0" regionsstable="9" regionsrebuilding="0"/>
  </mem-info>
</gc-end>
<cycle-end id="2341" type="partial gc" contextid="2334" timestamp="2019-08-09T00:19:04.003" />
  <attribute name="elasticGC enabled" value="1" />
  <attribute name= "numThreadsSpecified" value="16" />
  <attribute name="heapSize specified" value="0" />
  <attribute name="Current GC Util" value="129" />
  <attribute name= "Current Time Running" value="154229" />
  <attribute name ="GC Interval" value="0" />
  <attribute name="Target GC Util Change" value ="80.000000" />
  <attribute name="Current GC Util Change" value="129.000000"/>
  <attribute name="Current Error" value="30.000000" />
  <attribute name="Output H" value="262181864"/>
  <attribute name="Output I" value="2024"/>
  <attribute name="Output T" value="16"/>
  <attribute name= "Current Time Running" value="154229" />
  <attribute name="GC Util currently" value="129" />
  <attribute name="CPU Util currently" value="2034469150748" />
<exclusive-end id="2342" timestamp="2019-08-09T00:19:04.004" durationms="9.342" />

<exclusive-start id="2343" timestamp="2019-08-09T00:19:04.153" intervalms="158.727">
  <response-info timems="0.023" idlems="0.023" threads="0" lastid="0000000001FF0F00" lastname="main" />
</exclusive-start>
<allocation-taxation id="2344" taxation-threshold="73400320" timestamp="2019-08-09T00:19:04.153" intervalms="158.735" />
<cycle-start id="2345" type="partial gc" contextid="0" timestamp="2019-08-09T00:19:04.153" intervalms="158.802" />
<gc-start id="2346" type="partial gc" contextid="2345" timestamp="2019-08-09T00:19:04.153">
  <mem-info id="2347" free="77594624" total="262144000" percent="29">
    <mem type="eden" free="2096912" total="75497472" percent="2" />
    <remembered-set count="5344" freebytes="10458624" totalbytes="10480000" percent="99" regionsoverflowed="0" regionsstable="9" regionsrebuilding="0"/>
  </mem-info>
</gc-start>
<allocation-stats totalBytes="73386600" >
  <allocated-bytes non-tlh="0" tlh="73386600" arrayletleaf="0"/>
  <largest-consumer threadName="main" threadId="0000000001FF0F00" bytes="73386600" />
</allocation-stats>
<gc-op id="2348" type="copy forward" timems="8.084" contextid="2345" timestamp="2019-08-09T00:19:04.162">
  <memory-copied type="eden" objects="1" bytes="24" bytesdiscarded="0" />
  <memory-copied type="other" objects="28" bytes="864" bytesdiscarded="600" />
  <memory-cardclean objects="47" bytes="10000" />
  <regions eden="35" other="2" />
  <remembered-set-cleared processed="415" cleared="12" durationms="0.157" />
  <references type="weak" candidates="2" cleared="0" enqueued="0" />
  <stringconstants candidates="13838" cleared="0"  />
</gc-op>
<gc-op id="2349" type="classunload" timems="0.010" contextid="2345" timestamp="2019-08-09T00:19:04.162">
  <classunload-info classloadercandidates="54" classloadersunloaded="0" classesunloaded="0" anonymousclassesunloaded="0" quiescems="0.000" setupms="0.010" scanms="0.000" postms="0.000" />
</gc-op>
<gc-end id="2350" type="partial gc" contextid="2345" durationms="9.209" usertimems="17.815" systemtimems="0.000" timestamp="2019-08-09T00:19:04.163" activeThreads="16">
  <mem-info id="2351" free="150994944" total="262144000" percent="57">
    <mem type="eden" free="2097128" total="2097152" percent="99" />
    <remembered-set count="5216" freebytes="10459136" totalbytes="10480000" percent="99" regionsoverflowed="0" regionsstable="9" regionsrebuilding="0"/>
  </mem-info>
</gc-end>
<cycle-end id="2352" type="partial gc" contextid="2345" timestamp="2019-08-09T00:19:04.163" />
  <attribute name="elasticGC enabled" value="1" />
  <attribute name= "numThreadsSpecified" value="16" />
  <attribute name="heapSize specified" value="0" />
  <attribute name="Current GC Util" value="141" />
  <attribute name= "Current Time Running" value="154388" />
  <attribute name ="GC Interval" value="0" />
  <attribute name="Target GC Util Change" value ="80.000000" />
  <attribute name="Current GC Util Change" value="141.000000"/>
  <attribute name="Current Error" value="38.000000" />
  <attribute name="Output H" value="262181864"/>
  <attribute name="Output I" value="2024"/>
  <attribute name="Output T" value="16"/>
  <attribute name= "Current Time Running" value="154388" />
  <attribute name="GC Util currently" value="141" />
  <attribute name="CPU Util currently" value="2216717574780" />
<exclusive-end id="2353" timestamp="2019-08-09T00:19:04.163" durationms="9.920" />

<exclusive-start id="2354" timestamp="2019-08-09T00:19:04.210" intervalms="57.279">
  <response-info timems="0.026" idlems="0.026" threads="0" lastid="0000000001FF0F00" lastname="main" />
</exclusive-start>
<allocation-taxation id="2355" taxation-threshold="73400320" timestamp="2019-08-09T00:19:04.210" intervalms="57.274" />
<cycle-start id="2356" type="partial gc" contextid="0" timestamp="2019-08-09T00:19:04.210" intervalms="57.273" />
<gc-start id="2357" type="partial gc" contextid="2356" timestamp="2019-08-09T00:19:04.211">
  <mem-info id="2358" free="77594624" total="262144000" percent="29">
    <mem type="eden" free="2097128" total="75497472" percent="2" />
    <remembered-set count="5216" freebytes="10459136" totalbytes="10480000" percent="99" regionsoverflowed="0" regionsstable="9" regionsrebuilding="0"/>
  </mem-info>
</gc-start>
<allocation-stats totalBytes="73312600" >
  <allocated-bytes non-tlh="0" tlh="73312600" arrayletleaf="0"/>
  <largest-consumer threadName="main" threadId="0000000001FF0F00" bytes="73312600" />
</allocation-stats>
<gc-op id="2359" type="copy forward" timems="5.773" contextid="2356" timestamp="2019-08-09T00:19:04.218">
  <memory-copied type="eden" objects="25" bytes="1320" bytesdiscarded="696" />
  <memory-copied type="other" objects="14" bytes="336" bytesdiscarded="1264" />
  <memory-cardclean objects="61" bytes="10264" />
  <regions eden="35" other="2" />
  <remembered-set-cleared processed="415" cleared="12" durationms="0.115" />
  <references type="weak" candidates="2" cleared="0" enqueued="0" />
  <stringconstants candidates="13838" cleared="0"  />
</gc-op>
<gc-op id="2360" type="classunload" timems="0.006" contextid="2356" timestamp="2019-08-09T00:19:04.218">
  <classunload-info classloadercandidates="54" classloadersunloaded="0" classesunloaded="0" anonymousclassesunloaded="0" quiescems="0.000" setupms="0.005" scanms="0.000" postms="0.000" />
</gc-op>
<gc-end id="2361" type="partial gc" contextid="2356" durationms="6.951" usertimems="14.590" systemtimems="0.000" timestamp="2019-08-09T00:19:04.218" activeThreads="16">
  <mem-info id="2362" free="150994944" total="262144000" percent="57">
    <mem type="eden" free="2095136" total="2097152" percent="99" />
    <remembered-set count="5216" freebytes="10459136" totalbytes="10480000" percent="99" regionsoverflowed="0" regionsstable="9" regionsrebuilding="0"/>
  </mem-info>
</gc-end>
<cycle-end id="2363" type="partial gc" contextid="2356" timestamp="2019-08-09T00:19:04.218" />
  <attribute name="elasticGC enabled" value="1" />
  <attribute name= "numThreadsSpecified" value="16" />
  <attribute name="heapSize specified" value="0" />
  <attribute name="Current GC Util" value="110" />
  <attribute name= "Current Time Running" value="154445" />
  <attribute name ="GC Interval" value="0" />
  <attribute name="Target GC Util Change" value ="80.000000" />
  <attribute name="Current GC Util Change" value="110.000000"/>
  <attribute name="Current Error" value="20.000000" />
  <attribute name="Output H" value="262181856"/>
  <attribute name="Output I" value="2016"/>
  <attribute name="Output T" value="16"/>
  <attribute name= "Current Time Running" value="154445" />
  <attribute name="GC Util currently" value="110" />
  <attribute name="CPU Util currently" value="1918533263249" />
<exclusive-end id="2364" timestamp="2019-08-09T00:19:04.218" durationms="7.746" />

<exclusive-start id="2365" timestamp="2019-08-09T00:19:04.243" intervalms="32.864">
  <response-info timems="0.016" idlems="0.016" threads="0" lastid="0000000001FF0F00" lastname="main" />
</exclusive-start>
<allocation-taxation id="2366" taxation-threshold="73400320" timestamp="2019-08-09T00:19:04.243" intervalms="32.867" />
<cycle-start id="2367" type="partial gc" contextid="0" timestamp="2019-08-09T00:19:04.243" intervalms="32.869" />
<gc-start id="2368" type="partial gc" contextid="2367" timestamp="2019-08-09T00:19:04.244">
  <mem-info id="2369" free="77594624" total="262144000" percent="29">
    <mem type="eden" free="0" total="73400320" percent="0" />
    <remembered-set count="4736" freebytes="10461056" totalbytes="10480000" percent="99" regionsoverflowed="0" regionsstable="9" regionsrebuilding="0"/>
  </mem-info>
</gc-start>
<allocation-stats totalBytes="73298400" >
  <allocated-bytes non-tlh="0" tlh="73298400" arrayletleaf="0"/>
  <largest-consumer threadName="main" threadId="0000000001FF0F00" bytes="73298400" />
</allocation-stats>
<gc-op id="2370" type="copy forward" timems="6.318" contextid="2367" timestamp="2019-08-09T00:19:04.251">
  <memory-copied type="eden" objects="4" bytes="112" bytesdiscarded="680" />
  <memory-copied type="other" objects="35" bytes="1544" bytesdiscarded="2504" />
  <memory-cardclean objects="49" bytes="10072" />
  <regions eden="35" other="2" />
  <remembered-set-cleared processed="415" cleared="12" durationms="0.179" />
  <references type="weak" candidates="2" cleared="0" enqueued="0" />
  <stringconstants candidates="13838" cleared="0"  />
</gc-op>
<gc-op id="2371" type="classunload" timems="0.011" contextid="2367" timestamp="2019-08-09T00:19:04.251">
  <classunload-info classloadercandidates="54" classloadersunloaded="0" classesunloaded="0" anonymousclassesunloaded="0" quiescems="0.000" setupms="0.011" scanms="0.000" postms="0.000" />
</gc-op>
<gc-end id="2372" type="partial gc" contextid="2367" durationms="7.669" usertimems="15.314" systemtimems="0.000" timestamp="2019-08-09T00:19:04.251" activeThreads="16">
  <mem-info id="2373" free="148897792" total="262144000" percent="56">
    <mem type="eden" free="2096360" total="2097152" percent="99" />
    <remembered-set count="5728" freebytes="10457088" totalbytes="10480000" percent="99" regionsoverflowed="0" regionsstable="9" regionsrebuilding="0"/>
  </mem-info>
</gc-end>
<cycle-end id="2374" type="partial gc" contextid="2367" timestamp="2019-08-09T00:19:04.251" />
  <attribute name="elasticGC enabled" value="1" />
  <attribute name= "numThreadsSpecified" value="16" />
  <attribute name="heapSize specified" value="0" />
  <attribute name="Current GC Util" value="110" />
  <attribute name= "Current Time Running" value="154478" />
  <attribute name ="GC Interval" value="0" />
  <attribute name="Target GC Util Change" value ="80.000000" />
  <attribute name="Current GC Util Change" value="110.000000"/>
  <attribute name="Current Error" value="26.000000" />
  <attribute name="Output H" value="262181856"/>
  <attribute name="Output I" value="2016"/>
  <attribute name="Output T" value="16"/>
  <attribute name= "Current Time Running" value="154478" />
  <attribute name="GC Util currently" value="110" />
  <attribute name="CPU Util currently" value="1584717309494" />
<exclusive-end id="2375" timestamp="2019-08-09T00:19:04.252" durationms="8.404" />

* Round 2 done in 3.980 seconds.
<exclusive-start id="2376" timestamp="2019-08-09T00:19:04.293" intervalms="49.924">
  <response-info timems="0.015" idlems="0.015" threads="0" lastid="0000000001FF0F00" lastname="main" />
</exclusive-start>
<allocation-taxation id="2377" taxation-threshold="73400320" timestamp="2019-08-09T00:19:04.293" intervalms="49.919" />
<cycle-start id="2378" type="partial gc" contextid="0" timestamp="2019-08-09T00:19:04.293" intervalms="49.910" />
<gc-start id="2379" type="partial gc" contextid="2378" timestamp="2019-08-09T00:19:04.293">
  <mem-info id="2380" free="75497472" total="262144000" percent="28">
    <mem type="eden" free="2096360" total="75497472" percent="2" />
    <remembered-set count="5408" freebytes="10458368" totalbytes="10480000" percent="99" regionsoverflowed="0" regionsstable="9" regionsrebuilding="0"/>
  </mem-info>
</gc-start>
<allocation-stats totalBytes="73330904" >
  <allocated-bytes non-tlh="0" tlh="73330904" arrayletleaf="0"/>
  <largest-consumer threadName="main" threadId="0000000001FF0F00" bytes="73330904" />
</allocation-stats>
<gc-op id="2381" type="copy forward" timems="5.619" contextid="2378" timestamp="2019-08-09T00:19:04.300">
  <memory-copied type="eden" objects="35" bytes="1208" bytesdiscarded="496" />
  <memory-copied type="other" objects="6" bytes="136" bytesdiscarded="648" />
  <memory-cardclean objects="125" bytes="4088" />
  <regions eden="35" other="2" />
  <remembered-set-cleared processed="418" cleared="10" durationms="0.215" />
  <stringconstants candidates="13838" cleared="0"  />
</gc-op>
<gc-op id="2382" type="classunload" timems="0.009" contextid="2378" timestamp="2019-08-09T00:19:04.300">
  <classunload-info classloadercandidates="54" classloadersunloaded="0" classesunloaded="0" anonymousclassesunloaded="0" quiescems="0.000" setupms="0.009" scanms="0.000" postms="0.000" />
</gc-op>
<heap-resize id="2383" type="expand" space="default" amount="20971520" count="1" timems="0.143" reason="excessive time being spent in gc" timestamp="2019-08-09T00:19:04.300" />
<gc-end id="2384" type="partial gc" contextid="2378" durationms="7.065" usertimems="14.952" systemtimems="0.000" timestamp="2019-08-09T00:19:04.300" activeThreads="16">
  <mem-info id="2385" free="169869312" total="283115520" percent="60">
    <mem type="eden" free="2095448" total="2097152" percent="99" />
    <remembered-set count="5408" freebytes="11296768" totalbytes="11318400" percent="99" regionsoverflowed="0" regionsstable="9" regionsrebuilding="0"/>
  </mem-info>
</gc-end>
<cycle-end id="2386" type="partial gc" contextid="2378" timestamp="2019-08-09T00:19:04.301" />
  <attribute name="elasticGC enabled" value="1" />
  <attribute name= "numThreadsSpecified" value="16" />
  <attribute name="heapSize specified" value="0" />
  <attribute name="Current GC Util" value="104" />
  <attribute name= "Current Time Running" value="154528" />
  <attribute name ="GC Interval" value="0" />
  <attribute name="Target GC Util Change" value ="80.000000" />
  <attribute name="Current GC Util Change" value="104.000000"/>
  <attribute name="Current Error" value="52.000000" />
  <attribute name="Output H" value="262181872"/>
  <attribute name="Output I" value="2032"/>
  <attribute name="Output T" value="16"/>
  <attribute name= "Current Time Running" value="154528" />
  <attribute name="GC Util currently" value="104" />
  <attribute name="CPU Util currently" value="1730523470968" />
<exclusive-end id="2387" timestamp="2019-08-09T00:19:04.301" durationms="7.703" />

<exclusive-start id="2388" timestamp="2019-08-09T00:19:04.567" intervalms="274.331">
  <response-info timems="0.023" idlems="0.023" threads="0" lastid="0000000001FF0F00" lastname="main" />
</exclusive-start>
<allocation-taxation id="2389" taxation-threshold="77594624" timestamp="2019-08-09T00:19:04.567" intervalms="274.345" />
<cycle-start id="2390" type="partial gc" contextid="0" timestamp="2019-08-09T00:19:04.568" intervalms="274.468" />
<gc-start id="2391" type="partial gc" contextid="2390" timestamp="2019-08-09T00:19:04.568">
  <mem-info id="2392" free="92274688" total="283115520" percent="32">
    <mem type="eden" free="0" total="77594624" percent="0" />
    <remembered-set count="5056" freebytes="11298176" totalbytes="11318400" percent="99" regionsoverflowed="0" regionsstable="9" regionsrebuilding="0"/>
  </mem-info>
</gc-start>
<allocation-stats totalBytes="77430904" >
  <allocated-bytes non-tlh="0" tlh="77430904" arrayletleaf="0"/>
  <largest-consumer threadName="main" threadId="0000000001FF0F00" bytes="77430904" />
</allocation-stats>
<gc-op id="2393" type="copy forward" timems="10.704" contextid="2390" timestamp="2019-08-09T00:19:04.580">
  <memory-copied type="eden" objects="68" bytes="2904" bytesdiscarded="144" />
  <memory-copied type="other" objects="25" bytes="776" bytesdiscarded="1192" />
  <memory-cardclean objects="144" bytes="4256" />
  <regions eden="37" other="2" />
  <remembered-set-cleared processed="415" cleared="15" durationms="0.193" />
  <stringconstants candidates="13838" cleared="0"  />
</gc-op>
<gc-op id="2394" type="classunload" timems="0.008" contextid="2390" timestamp="2019-08-09T00:19:04.580">
  <classunload-info classloadercandidates="54" classloadersunloaded="0" classesunloaded="0" anonymousclassesunloaded="0" quiescems="0.000" setupms="0.008" scanms="0.000" postms="0.000" />
</gc-op>
<gc-end id="2395" type="partial gc" contextid="2390" durationms="12.076" usertimems="19.720" systemtimems="0.000" timestamp="2019-08-09T00:19:04.580" activeThreads="16">
  <mem-info id="2396" free="167772160" total="283115520" percent="59">
    <mem type="eden" free="2094104" total="2097152" percent="99" />
    <remembered-set count="5664" freebytes="11295744" totalbytes="11318400" percent="99" regionsoverflowed="0" regionsstable="9" regionsrebuilding="0"/>
  </mem-info>
</gc-end>
<cycle-end id="2397" type="partial gc" contextid="2390" timestamp="2019-08-09T00:19:04.580" />
  <attribute name="elasticGC enabled" value="1" />
  <attribute name= "numThreadsSpecified" value="16" />
  <attribute name="heapSize specified" value="0" />
  <attribute name="Current GC Util" value="97" />
  <attribute name= "Current Time Running" value="154802" />
  <attribute name ="GC Interval" value="0" />
  <attribute name="Target GC Util Change" value ="80.000000" />
  <attribute name="Current GC Util Change" value="97.000000"/>
  <attribute name="Current Error" value="58.000000" />
  <attribute name="Output H" value="283153400"/>
  <attribute name="Output I" value="2040"/>
  <attribute name="Output T" value="16"/>
  <attribute name= "Current Time Running" value="154802" />
  <attribute name="GC Util currently" value="97" />
  <attribute name="CPU Util currently" value="1826965921353" />
<exclusive-end id="2398" timestamp="2019-08-09T00:19:04.580" durationms="12.964" />

<exclusive-start id="2399" timestamp="2019-08-09T00:19:04.623" intervalms="55.818">
  <response-info timems="0.017" idlems="0.017" threads="0" lastid="0000000001FF0F00" lastname="main" />
</exclusive-start>
<allocation-taxation id="2400" taxation-threshold="77594624" timestamp="2019-08-09T00:19:04.623" intervalms="55.807" />
<cycle-start id="2401" type="partial gc" contextid="0" timestamp="2019-08-09T00:19:04.623" intervalms="55.615" />
<gc-start id="2402" type="partial gc" contextid="2401" timestamp="2019-08-09T00:19:04.624">
  <mem-info id="2403" free="90177536" total="283115520" percent="31">
    <mem type="eden" free="0" total="77594624" percent="0" />
    <remembered-set count="5184" freebytes="11297664" totalbytes="11318400" percent="99" regionsoverflowed="0" regionsstable="9" regionsrebuilding="0"/>
  </mem-info>
</gc-start>
<allocation-stats totalBytes="77332184" >
  <allocated-bytes non-tlh="0" tlh="77332184" arrayletleaf="0"/>
  <largest-consumer threadName="main" threadId="0000000001FF0F00" bytes="77332184" />
</allocation-stats>
<gc-op id="2404" type="copy forward" timems="11.911" contextid="2401" timestamp="2019-08-09T00:19:04.637">
  <memory-copied type="eden" objects="2" bytes="56" bytesdiscarded="736" />
  <memory-copied type="other" objects="86" bytes="3512" bytesdiscarded="1824" />
  <memory-cardclean objects="106" bytes="3448" />
  <regions eden="37" other="2" />
  <remembered-set-cleared processed="415" cleared="8" durationms="0.141" />
  <stringconstants candidates="13838" cleared="0"  />
</gc-op>
<gc-op id="2405" type="classunload" timems="0.012" contextid="2401" timestamp="2019-08-09T00:19:04.637">
  <classunload-info classloadercandidates="54" classloadersunloaded="0" classesunloaded="0" anonymousclassesunloaded="0" quiescems="0.000" setupms="0.012" scanms="0.000" postms="0.000" />
</gc-op>
<gc-end id="2406" type="partial gc" contextid="2401" durationms="14.018" usertimems="22.123" systemtimems="0.000" timestamp="2019-08-09T00:19:04.638" activeThreads="16">
  <mem-info id="2407" free="165675008" total="283115520" percent="58">
    <mem type="eden" free="2096360" total="2097152" percent="99" />
    <remembered-set count="6400" freebytes="11292800" totalbytes="11318400" percent="99" regionsoverflowed="0" regionsstable="9" regionsrebuilding="0"/>
  </mem-info>
</gc-end>
<cycle-end id="2408" type="partial gc" contextid="2401" timestamp="2019-08-09T00:19:04.638" />
  <attribute name="elasticGC enabled" value="1" />
  <attribute name= "numThreadsSpecified" value="16" />
  <attribute name="heapSize specified" value="0" />
  <attribute name="Current GC Util" value="101" />
  <attribute name= "Current Time Running" value="154859" />
  <attribute name ="GC Interval" value="0" />
  <attribute name="Target GC Util Change" value ="80.000000" />
  <attribute name="Current GC Util Change" value="101.000000"/>
  <attribute name="Current Error" value="83.000000" />
  <attribute name="Output H" value="283153408"/>
  <attribute name="Output I" value="2048"/>
  <attribute name="Output T" value="16"/>
  <attribute name= "Current Time Running" value="154859" />
  <attribute name="GC Util currently" value="101" />
  <attribute name="CPU Util currently" value="1091440610730" />
<exclusive-end id="2409" timestamp="2019-08-09T00:19:04.638" durationms="14.669" />

<exclusive-start id="2410" timestamp="2019-08-09T00:19:04.666" intervalms="42.514">
  <response-info timems="0.025" idlems="0.025" threads="0" lastid="0000000001FF0F00" lastname="main" />
</exclusive-start>
<allocation-taxation id="2411" taxation-threshold="77594624" timestamp="2019-08-09T00:19:04.666" intervalms="42.611" />
<cycle-start id="2412" type="partial gc" contextid="0" timestamp="2019-08-09T00:19:04.666" intervalms="42.833" />
<gc-start id="2413" type="partial gc" contextid="2412" timestamp="2019-08-09T00:19:04.667">
  <mem-info id="2414" free="88080384" total="283115520" percent="31">
    <mem type="eden" free="2096360" total="79691776" percent="2" />
    <remembered-set count="6144" freebytes="11293824" totalbytes="11318400" percent="99" regionsoverflowed="0" regionsstable="9" regionsrebuilding="0"/>
  </mem-info>
</gc-start>
<allocation-stats totalBytes="77336888" >
  <allocated-bytes non-tlh="0" tlh="77336888" arrayletleaf="0"/>
  <largest-consumer threadName="main" threadId="0000000001FF0F00" bytes="77336888" />
</allocation-stats>
<gc-op id="2415" type="copy forward" timems="8.319" contextid="2412" timestamp="2019-08-09T00:19:04.679">
  <memory-copied type="eden" objects="2" bytes="56" bytesdiscarded="736" />
  <memory-copied type="other" objects="67" bytes="2872" bytesdiscarded="992" />
  <memory-cardclean objects="59" bytes="2216" />
  <regions eden="37" other="2" />
  <remembered-set-cleared processed="421" cleared="9" durationms="0.122" />
  <stringconstants candidates="13838" cleared="0"  />
</gc-op>
<gc-op id="2416" type="classunload" timems="0.009" contextid="2412" timestamp="2019-08-09T00:19:04.679">
  <classunload-info classloadercandidates="54" classloadersunloaded="0" classesunloaded="0" anonymousclassesunloaded="0" quiescems="0.000" setupms="0.008" scanms="0.000" postms="0.000" />
</gc-op>
<gc-end id="2417" type="partial gc" contextid="2412" durationms="11.811" usertimems="24.726" systemtimems="0.000" timestamp="2019-08-09T00:19:04.679" activeThreads="16">
  <mem-info id="2418" free="165675008" total="283115520" percent="58">
    <mem type="eden" free="2096360" total="2097152" percent="99" />
    <remembered-set count="5952" freebytes="11294592" totalbytes="11318400" percent="99" regionsoverflowed="0" regionsstable="9" regionsrebuilding="0"/>
  </mem-info>
</gc-end>
<cycle-end id="2419" type="partial gc" contextid="2412" timestamp="2019-08-09T00:19:04.679" />
  <attribute name="elasticGC enabled" value="1" />
  <attribute name= "numThreadsSpecified" value="16" />
  <attribute name="heapSize specified" value="0" />
  <attribute name="Current GC Util" value="158" />
  <attribute name= "Current Time Running" value="154904" />
  <attribute name ="GC Interval" value="0" />
  <attribute name="Target GC Util Change" value ="80.000000" />
  <attribute name="Current GC Util Change" value="158.000000"/>
  <attribute name="Current Error" value="36.000000" />
  <attribute name="Output H" value="283153384"/>
  <attribute name="Output I" value="2024"/>
  <attribute name="Output T" value="16"/>
  <attribute name= "Current Time Running" value="154904" />
  <attribute name="GC Util currently" value="158" />
  <attribute name="CPU Util currently" value="394146495112" />
<exclusive-end id="2420" timestamp="2019-08-09T00:19:04.679" durationms="13.665" />

<exclusive-start id="2421" timestamp="2019-08-09T00:19:04.704" intervalms="38.711">
  <response-info timems="0.021" idlems="0.021" threads="0" lastid="0000000001FF0F00" lastname="main" />
</exclusive-start>
<allocation-taxation id="2422" taxation-threshold="77594624" timestamp="2019-08-09T00:19:04.704" intervalms="38.615" />
<cycle-start id="2423" type="partial gc" contextid="0" timestamp="2019-08-09T00:19:04.705" intervalms="38.457" />
<gc-start id="2424" type="partial gc" contextid="2423" timestamp="2019-08-09T00:19:04.705">
  <mem-info id="2425" free="88080384" total="283115520" percent="31">
    <mem type="eden" free="2096360" total="79691776" percent="2" />
    <remembered-set count="5472" freebytes="11296512" totalbytes="11318400" percent="99" regionsoverflowed="0" regionsstable="9" regionsrebuilding="0"/>
  </mem-info>
</gc-start>
<allocation-stats totalBytes="77336888" >
  <allocated-bytes non-tlh="0" tlh="77336888" arrayletleaf="0"/>
  <largest-consumer threadName="main" threadId="0000000001FF0F00" bytes="77336888" />
</allocation-stats>
<gc-op id="2426" type="copy forward" timems="6.379" contextid="2423" timestamp="2019-08-09T00:19:04.712">
  <memory-copied type="eden" objects="2" bytes="56" bytesdiscarded="736" />
  <memory-copied type="other" objects="67" bytes="2872" bytesdiscarded="512" />
  <memory-cardclean objects="59" bytes="2216" />
  <regions eden="37" other="2" />
  <remembered-set-cleared processed="421" cleared="9" durationms="0.271" />
  <stringconstants candidates="13838" cleared="0"  />
</gc-op>
<gc-op id="2427" type="classunload" timems="0.011" contextid="2423" timestamp="2019-08-09T00:19:04.712">
  <classunload-info classloadercandidates="54" classloadersunloaded="0" classesunloaded="0" anonymousclassesunloaded="0" quiescems="0.000" setupms="0.011" scanms="0.000" postms="0.000" />
</gc-op>
<heap-resize id="2428" type="expand" space="default" amount="10485760" count="1" timems="0.153" reason="excessive time being spent in gc" timestamp="2019-08-09T00:19:04.712" />
<gc-end id="2429" type="partial gc" contextid="2423" durationms="7.578" usertimems="14.617" systemtimems="0.000" timestamp="2019-08-09T00:19:04.712" activeThreads="16">
  <mem-info id="2430" free="176160768" total="293601280" percent="60">
    <mem type="eden" free="2096360" total="2097152" percent="99" />
    <remembered-set count="5440" freebytes="11715840" totalbytes="11737600" percent="99" regionsoverflowed="0" regionsstable="9" regionsrebuilding="0"/>
  </mem-info>
</gc-end>
<cycle-end id="2431" type="partial gc" contextid="2423" timestamp="2019-08-09T00:19:04.713" />
  <attribute name="elasticGC enabled" value="1" />
  <attribute name= "numThreadsSpecified" value="16" />
  <attribute name="heapSize specified" value="0" />
  <attribute name="Current GC Util" value="128" />
  <attribute name= "Current Time Running" value="154939" />
  <attribute name ="GC Interval" value="0" />
  <attribute name="Target GC Util Change" value ="80.000000" />
  <attribute name="Current GC Util Change" value="128.000000"/>
  <attribute name="Current Error" value="-26.000000" />
  <attribute name="Output H" value="283153352"/>
  <attribute name="Output I" value="1992"/>
  <attribute name="Output T" value="16"/>
  <attribute name= "Current Time Running" value="154939" />
  <attribute name="GC Util currently" value="128" />
  <attribute name="CPU Util currently" value="2524289921157" />
<exclusive-end id="2432" timestamp="2019-08-09T00:19:04.713" durationms="8.305" />

<exclusive-start id="2433" timestamp="2019-08-09T00:19:04.747" intervalms="42.175">
  <response-info timems="0.020" idlems="0.020" threads="0" lastid="0000000001FF0F00" lastname="main" />
</exclusive-start>
<allocation-taxation id="2434" taxation-threshold="79691776" timestamp="2019-08-09T00:19:04.747" intervalms="42.193" />
<cycle-start id="2435" type="partial gc" contextid="0" timestamp="2019-08-09T00:19:04.747" intervalms="42.287" />
<gc-start id="2436" type="partial gc" contextid="2435" timestamp="2019-08-09T00:19:04.747">
  <mem-info id="2437" free="96468992" total="293601280" percent="32">
    <mem type="eden" free="2096360" total="81788928" percent="2" />
    <remembered-set count="4960" freebytes="11717760" totalbytes="11737600" percent="99" regionsoverflowed="0" regionsstable="9" regionsrebuilding="0"/>
  </mem-info>
</gc-start>
<allocation-stats totalBytes="79427176" >
  <allocated-bytes non-tlh="0" tlh="79427176" arrayletleaf="0"/>
  <largest-consumer threadName="main" threadId="0000000001FF0F00" bytes="79427176" />
</allocation-stats>
<gc-op id="2438" type="copy forward" timems="8.588" contextid="2435" timestamp="2019-08-09T00:19:04.757">
  <memory-copied type="eden" objects="2" bytes="56" bytesdiscarded="736" />
  <memory-copied type="other" objects="67" bytes="2872" bytesdiscarded="992" />
  <memory-cardclean objects="59" bytes="2216" />
  <regions eden="38" other="2" />
  <remembered-set-cleared processed="421" cleared="9" durationms="0.437" />
  <stringconstants candidates="13838" cleared="0"  />
</gc-op>
<gc-op id="2439" type="classunload" timems="0.007" contextid="2435" timestamp="2019-08-09T00:19:04.757">
  <classunload-info classloadercandidates="54" classloadersunloaded="0" classesunloaded="0" anonymousclassesunloaded="0" quiescems="0.000" setupms="0.007" scanms="0.000" postms="0.000" />
</gc-op>
<gc-end id="2440" type="partial gc" contextid="2435" durationms="9.955" usertimems="18.039" systemtimems="0.000" timestamp="2019-08-09T00:19:04.757" activeThreads="16">
  <mem-info id="2441" free="176160768" total="293601280" percent="60">
    <mem type="eden" free="2096360" total="2097152" percent="99" />
    <remembered-set count="5440" freebytes="11715840" totalbytes="11737600" percent="99" regionsoverflowed="0" regionsstable="9" regionsrebuilding="0"/>
  </mem-info>
</gc-end>
<cycle-end id="2442" type="partial gc" contextid="2435" timestamp="2019-08-09T00:19:04.757" />
  <attribute name="elasticGC enabled" value="1" />
  <attribute name= "numThreadsSpecified" value="16" />
  <attribute name="heapSize specified" value="0" />
  <attribute name="Current GC Util" value="94" />
  <attribute name= "Current Time Running" value="154981" />
  <attribute name ="GC Interval" value="0" />
  <attribute name="Target GC Util Change" value ="80.000000" />
  <attribute name="Current GC Util Change" value="94.000000"/>
  <attribute name="Current Error" value="7.000000" />
  <attribute name="Output H" value="293639128"/>
  <attribute name="Output I" value="2008"/>
  <attribute name="Output T" value="16"/>
  <attribute name= "Current Time Running" value="154981" />
  <attribute name="GC Util currently" value="94" />
  <attribute name="CPU Util currently" value="1566592829172" />
<exclusive-end id="2443" timestamp="2019-08-09T00:19:04.757" durationms="10.652" />

<exclusive-start id="2444" timestamp="2019-08-09T00:19:04.791" intervalms="44.317">
  <response-info timems="0.019" idlems="0.019" threads="0" lastid="0000000001FF0F00" lastname="main" />
</exclusive-start>
<allocation-taxation id="2445" taxation-threshold="79691776" timestamp="2019-08-09T00:19:04.791" intervalms="44.308" />
<cycle-start id="2446" type="partial gc" contextid="0" timestamp="2019-08-09T00:19:04.791" intervalms="44.222" />
<gc-start id="2447" type="partial gc" contextid="2446" timestamp="2019-08-09T00:19:04.791">
  <mem-info id="2448" free="96468992" total="293601280" percent="32">
    <mem type="eden" free="2096360" total="81788928" percent="2" />
    <remembered-set count="4960" freebytes="11717760" totalbytes="11737600" percent="99" regionsoverflowed="0" regionsstable="9" regionsrebuilding="0"/>
  </mem-info>
</gc-start>
<allocation-stats totalBytes="79427176" >
  <allocated-bytes non-tlh="0" tlh="79427176" arrayletleaf="0"/>
  <largest-consumer threadName="main" threadId="0000000001FF0F00" bytes="79427176" />
</allocation-stats>
<gc-op id="2449" type="copy forward" timems="6.729" contextid="2446" timestamp="2019-08-09T00:19:04.799">
  <memory-copied type="eden" objects="2" bytes="56" bytesdiscarded="736" />
  <memory-copied type="other" objects="67" bytes="2872" bytesdiscarded="624" />
  <memory-cardclean objects="59" bytes="2216" />
  <regions eden="38" other="2" />
  <remembered-set-cleared processed="421" cleared="9" durationms="0.124" />
  <stringconstants candidates="13838" cleared="0"  />
</gc-op>
<gc-op id="2450" type="classunload" timems="0.006" contextid="2446" timestamp="2019-08-09T00:19:04.799">
  <classunload-info classloadercandidates="54" classloadersunloaded="0" classesunloaded="0" anonymousclassesunloaded="0" quiescems="0.000" setupms="0.006" scanms="0.000" postms="0.000" />
</gc-op>
<gc-end id="2451" type="partial gc" contextid="2446" durationms="7.800" usertimems="15.947" systemtimems="0.000" timestamp="2019-08-09T00:19:04.799" activeThreads="16">
  <mem-info id="2452" free="176160768" total="293601280" percent="60">
    <mem type="eden" free="2096360" total="2097152" percent="99" />
    <remembered-set count="4928" freebytes="11717888" totalbytes="11737600" percent="99" regionsoverflowed="0" regionsstable="9" regionsrebuilding="0"/>
  </mem-info>
</gc-end>
<cycle-end id="2453" type="partial gc" contextid="2446" timestamp="2019-08-09T00:19:04.799" />
  <attribute name="elasticGC enabled" value="1" />
  <attribute name= "numThreadsSpecified" value="16" />
  <attribute name="heapSize specified" value="0" />
  <attribute name="Current GC Util" value="122" />
  <attribute name= "Current Time Running" value="155025" />
  <attribute name ="GC Interval" value="0" />
  <attribute name="Target GC Util Change" value ="80.000000" />
  <attribute name="Current GC Util Change" value="122.000000"/>
  <attribute name="Current Error" value="5.000000" />
  <attribute name="Output H" value="293639128"/>
  <attribute name="Output I" value="2008"/>
  <attribute name="Output T" value="16"/>
  <attribute name= "Current Time Running" value="155025" />
  <attribute name="GC Util currently" value="122" />
  <attribute name="CPU Util currently" value="2101792496788" />
<exclusive-end id="2454" timestamp="2019-08-09T00:19:04.799" durationms="8.441" />

<exclusive-start id="2455" timestamp="2019-08-09T00:19:04.829" intervalms="37.941">
  <response-info timems="0.025" idlems="0.025" threads="0" lastid="0000000001FF0F00" lastname="main" />
</exclusive-start>
<allocation-taxation id="2456" taxation-threshold="79691776" timestamp="2019-08-09T00:19:04.829" intervalms="37.951" />
<cycle-start id="2457" type="partial gc" contextid="0" timestamp="2019-08-09T00:19:04.829" intervalms="37.918" />
<gc-start id="2458" type="partial gc" contextid="2457" timestamp="2019-08-09T00:19:04.829">
  <mem-info id="2459" free="96468992" total="293601280" percent="32">
    <mem type="eden" free="2096360" total="81788928" percent="2" />
    <remembered-set count="4640" freebytes="11719040" totalbytes="11737600" percent="99" regionsoverflowed="0" regionsstable="9" regionsrebuilding="0"/>
  </mem-info>
</gc-start>
<allocation-stats totalBytes="79427176" >
  <allocated-bytes non-tlh="0" tlh="79427176" arrayletleaf="0"/>
  <largest-consumer threadName="main" threadId="0000000001FF0F00" bytes="79427176" />
</allocation-stats>
<gc-op id="2460" type="copy forward" timems="5.398" contextid="2457" timestamp="2019-08-09T00:19:04.836">
  <memory-copied type="eden" objects="2" bytes="56" bytesdiscarded="736" />
  <memory-copied type="other" objects="67" bytes="2872" bytesdiscarded="512" />
  <memory-cardclean objects="59" bytes="2216" />
  <regions eden="38" other="2" />
  <remembered-set-cleared processed="420" cleared="8" durationms="0.123" />
  <stringconstants candidates="13838" cleared="0"  />
</gc-op>
<gc-op id="2461" type="classunload" timems="0.008" contextid="2457" timestamp="2019-08-09T00:19:04.836">
  <classunload-info classloadercandidates="54" classloadersunloaded="0" classesunloaded="0" anonymousclassesunloaded="0" quiescems="0.000" setupms="0.007" scanms="0.000" postms="0.000" />
</gc-op>
<gc-end id="2462" type="partial gc" contextid="2457" durationms="6.725" usertimems="13.068" systemtimems="0.000" timestamp="2019-08-09T00:19:04.836" activeThreads="16">
  <mem-info id="2463" free="176160768" total="293601280" percent="60">
    <mem type="eden" free="2096360" total="2097152" percent="99" />
    <remembered-set count="5952" freebytes="11713792" totalbytes="11737600" percent="99" regionsoverflowed="0" regionsstable="9" regionsrebuilding="0"/>
  </mem-info>
</gc-end>
<cycle-end id="2464" type="partial gc" contextid="2457" timestamp="2019-08-09T00:19:04.836" />
  <attribute name="elasticGC enabled" value="1" />
  <attribute name= "numThreadsSpecified" value="16" />
  <attribute name="heapSize specified" value="0" />
  <attribute name="Current GC Util" value="111" />
  <attribute name= "Current Time Running" value="155064" />
  <attribute name ="GC Interval" value="0" />
  <attribute name="Target GC Util Change" value ="80.000000" />
  <attribute name="Current GC Util Change" value="111.000000"/>
  <attribute name="Current Error" value="8.000000" />
  <attribute name="Output H" value="293639128"/>
  <attribute name="Output I" value="2008"/>
  <attribute name="Output T" value="16"/>
  <attribute name= "Current Time Running" value="155064" />
  <attribute name="GC Util currently" value="111" />
  <attribute name="CPU Util currently" value="1502348096441" />
<exclusive-end id="2465" timestamp="2019-08-09T00:19:04.836" durationms="7.303" />

<exclusive-start id="2466" timestamp="2019-08-09T00:19:04.862" intervalms="33.041">
  <response-info timems="0.020" idlems="0.020" threads="0" lastid="0000000001FF0F00" lastname="main" />
</exclusive-start>
<allocation-taxation id="2467" taxation-threshold="79691776" timestamp="2019-08-09T00:19:04.862" intervalms="33.034" />
<cycle-start id="2468" type="partial gc" contextid="0" timestamp="2019-08-09T00:19:04.862" intervalms="33.045" />
<gc-start id="2469" type="partial gc" contextid="2468" timestamp="2019-08-09T00:19:04.862">
  <mem-info id="2470" free="96468992" total="293601280" percent="32">
    <mem type="eden" free="2096360" total="81788928" percent="2" />
    <remembered-set count="5664" freebytes="11714944" totalbytes="11737600" percent="99" regionsoverflowed="0" regionsstable="9" regionsrebuilding="0"/>
  </mem-info>
</gc-start>
<allocation-stats totalBytes="79427176" >
  <allocated-bytes non-tlh="0" tlh="79427176" arrayletleaf="0"/>
  <largest-consumer threadName="main" threadId="0000000001FF0F00" bytes="79427176" />
</allocation-stats>
<gc-op id="2471" type="copy forward" timems="6.407" contextid="2468" timestamp="2019-08-09T00:19:04.870">
  <memory-copied type="eden" objects="2" bytes="56" bytesdiscarded="736" />
  <memory-copied type="other" objects="67" bytes="2872" bytesdiscarded="992" />
  <memory-cardclean objects="59" bytes="2216" />
  <regions eden="38" other="2" />
  <remembered-set-cleared processed="421" cleared="9" durationms="0.151" />
  <stringconstants candidates="13838" cleared="0"  />
</gc-op>
<gc-op id="2472" type="classunload" timems="0.010" contextid="2468" timestamp="2019-08-09T00:19:04.870">
  <classunload-info classloadercandidates="54" classloadersunloaded="0" classesunloaded="0" anonymousclassesunloaded="0" quiescems="0.000" setupms="0.010" scanms="0.000" postms="0.000" />
</gc-op>
<gc-end id="2473" type="partial gc" contextid="2468" durationms="7.993" usertimems="15.214" systemtimems="0.000" timestamp="2019-08-09T00:19:04.870" activeThreads="16">
  <mem-info id="2474" free="176160768" total="293601280" percent="60">
    <mem type="eden" free="2096360" total="2097152" percent="99" />
    <remembered-set count="5952" freebytes="11713792" totalbytes="11737600" percent="99" regionsoverflowed="0" regionsstable="9" regionsrebuilding="0"/>
  </mem-info>
</gc-end>
<cycle-end id="2475" type="partial gc" contextid="2468" timestamp="2019-08-09T00:19:04.870" />
  <attribute name="elasticGC enabled" value="1" />
  <attribute name= "numThreadsSpecified" value="16" />
  <attribute name="heapSize specified" value="0" />
  <attribute name="Current GC Util" value="99" />
  <attribute name= "Current Time Running" value="155097" />
  <attribute name ="GC Interval" value="0" />
  <attribute name="Target GC Util Change" value ="80.000000" />
  <attribute name="Current GC Util Change" value="99.000000"/>
  <attribute name="Current Error" value="32.000000" />
  <attribute name="Output H" value="293639144"/>
  <attribute name="Output I" value="2024"/>
  <attribute name="Output T" value="16"/>
  <attribute name= "Current Time Running" value="155097" />
  <attribute name="GC Util currently" value="99" />
  <attribute name="CPU Util currently" value="1369301168901" />
<exclusive-end id="2476" timestamp="2019-08-09T00:19:04.871" durationms="8.670" />

<exclusive-start id="2477" timestamp="2019-08-09T00:19:04.898" intervalms="35.869">
  <response-info timems="0.019" idlems="0.019" threads="0" lastid="0000000001FF0F00" lastname="main" />
</exclusive-start>
<allocation-taxation id="2478" taxation-threshold="79691776" timestamp="2019-08-09T00:19:04.898" intervalms="35.909" />
<cycle-start id="2479" type="partial gc" contextid="0" timestamp="2019-08-09T00:19:04.898" intervalms="35.886" />
<gc-start id="2480" type="partial gc" contextid="2479" timestamp="2019-08-09T00:19:04.898">
  <mem-info id="2481" free="96468992" total="293601280" percent="32">
    <mem type="eden" free="2096360" total="81788928" percent="2" />
    <remembered-set count="5472" freebytes="11715712" totalbytes="11737600" percent="99" regionsoverflowed="0" regionsstable="9" regionsrebuilding="0"/>
  </mem-info>
</gc-start>
<allocation-stats totalBytes="79236416" >
  <allocated-bytes non-tlh="0" tlh="79236416" arrayletleaf="0"/>
  <largest-consumer threadName="main" threadId="0000000001FF0F00" bytes="79236416" />
</allocation-stats>
<gc-op id="2482" type="copy forward" timems="11.054" contextid="2479" timestamp="2019-08-09T00:19:04.910">
  <memory-copied type="eden" objects="27" bytes="1944" bytesdiscarded="1056" />
  <memory-copied type="other" objects="48" bytes="1152" bytesdiscarded="0" />
  <memory-cardclean objects="77" bytes="2600" />
  <regions eden="38" other="2" />
  <remembered-set-cleared processed="421" cleared="10" durationms="0.181" />
  <stringconstants candidates="13838" cleared="0"  />
</gc-op>
<gc-op id="2483" type="classunload" timems="0.008" contextid="2479" timestamp="2019-08-09T00:19:04.910">
  <classunload-info classloadercandidates="54" classloadersunloaded="0" classesunloaded="0" anonymousclassesunloaded="0" quiescems="0.000" setupms="0.008" scanms="0.000" postms="0.000" />
</gc-op>
<gc-end id="2484" type="partial gc" contextid="2479" durationms="12.351" usertimems="25.244" systemtimems="0.000" timestamp="2019-08-09T00:19:04.911" activeThreads="16">
  <mem-info id="2485" free="176160768" total="293601280" percent="60">
    <mem type="eden" free="2094152" total="2097152" percent="99" />
    <remembered-set count="4928" freebytes="11717888" totalbytes="11737600" percent="99" regionsoverflowed="0" regionsstable="9" regionsrebuilding="0"/>
  </mem-info>
</gc-end>
<cycle-end id="2486" type="partial gc" contextid="2479" timestamp="2019-08-09T00:19:04.911" />
  <attribute name="elasticGC enabled" value="1" />
  <attribute name= "numThreadsSpecified" value="16" />
  <attribute name="heapSize specified" value="0" />
  <attribute name="Current GC Util" value="99" />
  <attribute name= "Current Time Running" value="155132" />
  <attribute name ="GC Interval" value="0" />
  <attribute name="Target GC Util Change" value ="80.000000" />
  <attribute name="Current GC Util Change" value="99.000000"/>
  <attribute name="Current Error" value="52.000000" />
  <attribute name="Output H" value="293639152"/>
  <attribute name="Output I" value="2032"/>
  <attribute name="Output T" value="16"/>
  <attribute name= "Current Time Running" value="155132" />
  <attribute name="GC Util currently" value="99" />
  <attribute name="CPU Util currently" value="1657291659351" />
<exclusive-end id="2487" timestamp="2019-08-09T00:19:04.911" durationms="12.974" />

<exclusive-start id="2488" timestamp="2019-08-09T00:19:04.936" intervalms="38.517">
  <response-info timems="0.019" idlems="0.019" threads="0" lastid="0000000001FF0F00" lastname="main" />
</exclusive-start>
<allocation-taxation id="2489" taxation-threshold="79691776" timestamp="2019-08-09T00:19:04.936" intervalms="38.465" />
<cycle-start id="2490" type="partial gc" contextid="0" timestamp="2019-08-09T00:19:04.936" intervalms="38.490" />
<gc-start id="2491" type="partial gc" contextid="2490" timestamp="2019-08-09T00:19:04.937">
  <mem-info id="2492" free="96468992" total="293601280" percent="32">
    <mem type="eden" free="0" total="79691776" percent="0" />
    <remembered-set count="4672" freebytes="11718912" totalbytes="11737600" percent="99" regionsoverflowed="0" regionsstable="9" regionsrebuilding="0"/>
  </mem-info>
</gc-start>
<allocation-stats totalBytes="79193488" >
  <allocated-bytes non-tlh="0" tlh="79193488" arrayletleaf="0"/>
  <largest-consumer threadName="main" threadId="0000000001FF0F00" bytes="79193488" />
</allocation-stats>
<gc-op id="2493" type="copy forward" timems="8.408" contextid="2490" timestamp="2019-08-09T00:19:04.946">
  <memory-copied type="eden" objects="2" bytes="64" bytesdiscarded="0" />
  <memory-copied type="other" objects="73" bytes="3032" bytesdiscarded="1080" />
  <memory-cardclean objects="62" bytes="2352" />
  <regions eden="38" other="2" />
  <remembered-set-cleared processed="419" cleared="8" durationms="0.318" />
  <stringconstants candidates="13838" cleared="0"  />
</gc-op>
<gc-op id="2494" type="classunload" timems="0.007" contextid="2490" timestamp="2019-08-09T00:19:04.946">
  <classunload-info classloadercandidates="54" classloadersunloaded="0" classesunloaded="0" anonymousclassesunloaded="0" quiescems="0.000" setupms="0.007" scanms="0.000" postms="0.000" />
</gc-op>
<heap-resize id="2495" type="expand" space="default" amount="6291456" count="1" timems="0.184" reason="excessive time being spent in gc" timestamp="2019-08-09T00:19:04.946" />
<gc-end id="2496" type="partial gc" contextid="2490" durationms="9.776" usertimems="18.224" systemtimems="0.000" timestamp="2019-08-09T00:19:04.946" activeThreads="16">
  <mem-info id="2497" free="180355072" total="299892736" percent="60">
    <mem type="eden" free="2097088" total="2097152" percent="99" />
    <remembered-set count="5952" freebytes="11965312" totalbytes="11989120" percent="99" regionsoverflowed="0" regionsstable="9" regionsrebuilding="0"/>
  </mem-info>
</gc-end>
<cycle-end id="2498" type="partial gc" contextid="2490" timestamp="2019-08-09T00:19:04.947" />
  <attribute name="elasticGC enabled" value="1" />
  <attribute name= "numThreadsSpecified" value="16" />
  <attribute name="heapSize specified" value="0" />
  <attribute name="Current GC Util" value="146" />
  <attribute name= "Current Time Running" value="155171" />
  <attribute name ="GC Interval" value="0" />
  <attribute name="Target GC Util Change" value ="80.000000" />
  <attribute name="Current GC Util Change" value="146.000000"/>
  <attribute name="Current Error" value="-51.000000" />
  <attribute name="Output H" value="293639096"/>
  <attribute name="Output I" value="1976"/>
  <attribute name="Output T" value="16"/>
  <attribute name= "Current Time Running" value="155171" />
  <attribute name="GC Util currently" value="146" />
  <attribute name="CPU Util currently" value="2361982519186" />
<exclusive-end id="2499" timestamp="2019-08-09T00:19:04.947" durationms="10.432" />

<exclusive-start id="2500" timestamp="2019-08-09T00:19:04.973" intervalms="37.134">
  <response-info timems="0.021" idlems="0.021" threads="0" lastid="0000000001FF0F00" lastname="main" />
</exclusive-start>
<allocation-taxation id="2501" taxation-threshold="81788928" timestamp="2019-08-09T00:19:04.973" intervalms="37.147" />
<cycle-start id="2502" type="partial gc" contextid="0" timestamp="2019-08-09T00:19:04.974" intervalms="37.170" />
<gc-start id="2503" type="partial gc" contextid="2502" timestamp="2019-08-09T00:19:04.974">
  <mem-info id="2504" free="98566144" total="299892736" percent="32">
    <mem type="eden" free="2097088" total="83886080" percent="2" />
    <remembered-set count="5504" freebytes="11967104" totalbytes="11989120" percent="99" regionsoverflowed="0" regionsstable="9" regionsrebuilding="0"/>
  </mem-info>
</gc-start>
<allocation-stats totalBytes="81277480" >
  <allocated-bytes non-tlh="0" tlh="81277480" arrayletleaf="0"/>
  <largest-consumer threadName="main" threadId="0000000001FF0F00" bytes="81277480" />
</allocation-stats>
<gc-op id="2505" type="copy forward" timems="18.642" contextid="2502" timestamp="2019-08-09T00:19:04.994">
  <memory-copied type="eden" objects="2" bytes="64" bytesdiscarded="0" />
  <memory-copied type="other" objects="25" bytes="1880" bytesdiscarded="696" />
  <memory-cardclean objects="35" bytes="1520" />
  <regions eden="39" other="2" />
  <remembered-set-cleared processed="422" cleared="7" durationms="0.152" />
  <stringconstants candidates="13838" cleared="0"  />
</gc-op>
<gc-op id="2506" type="classunload" timems="0.013" contextid="2502" timestamp="2019-08-09T00:19:04.994">
  <classunload-info classloadercandidates="54" classloadersunloaded="0" classesunloaded="0" anonymousclassesunloaded="0" quiescems="0.000" setupms="0.013" scanms="0.000" postms="0.000" />
</gc-op>
<gc-end id="2507" type="partial gc" contextid="2502" durationms="20.254" usertimems="38.408" systemtimems="0.000" timestamp="2019-08-09T00:19:04.994" activeThreads="16">
  <mem-info id="2508" free="180355072" total="299892736" percent="60">
    <mem type="eden" free="2097088" total="2097152" percent="99" />
    <remembered-set count="5024" freebytes="11969024" totalbytes="11989120" percent="99" regionsoverflowed="0" regionsstable="9" regionsrebuilding="0"/>
  </mem-info>
</gc-end>
<cycle-end id="2509" type="partial gc" contextid="2502" timestamp="2019-08-09T00:19:04.994" />
  <attribute name="elasticGC enabled" value="1" />
  <attribute name= "numThreadsSpecified" value="16" />
  <attribute name="heapSize specified" value="0" />
  <attribute name="Current GC Util" value="96" />
  <attribute name= "Current Time Running" value="155208" />
  <attribute name ="GC Interval" value="0" />
  <attribute name="Target GC Util Change" value ="80.000000" />
  <attribute name="Current GC Util Change" value="96.000000"/>
  <attribute name="Current Error" value="-35.000000" />
  <attribute name="Output H" value="299930560"/>
  <attribute name="Output I" value="1984"/>
  <attribute name="Output T" value="16"/>
  <attribute name= "Current Time Running" value="155208" />
  <attribute name="GC Util currently" value="96" />
  <attribute name="CPU Util currently" value="1444282306001" />
<exclusive-end id="2510" timestamp="2019-08-09T00:19:04.994" durationms="20.976" />

<exclusive-start id="2511" timestamp="2019-08-09T00:19:05.023" intervalms="49.252">
  <response-info timems="0.023" idlems="0.023" threads="0" lastid="0000000001FF0F00" lastname="main" />
</exclusive-start>
<allocation-taxation id="2512" taxation-threshold="81788928" timestamp="2019-08-09T00:19:05.023" intervalms="49.243" />
<cycle-start id="2513" type="partial gc" contextid="0" timestamp="2019-08-09T00:19:05.023" intervalms="49.692" />
<gc-start id="2514" type="partial gc" contextid="2513" timestamp="2019-08-09T00:19:05.024">
  <mem-info id="2515" free="98566144" total="299892736" percent="32">
    <mem type="eden" free="2097088" total="83886080" percent="2" />
    <remembered-set count="4544" freebytes="11970944" totalbytes="11989120" percent="99" regionsoverflowed="0" regionsstable="9" regionsrebuilding="0"/>
  </mem-info>
</gc-start>
<allocation-stats totalBytes="81277504" >
  <allocated-bytes non-tlh="0" tlh="81277504" arrayletleaf="0"/>
  <largest-consumer threadName="main" threadId="0000000001FF0F00" bytes="81277504" />
</allocation-stats>
<gc-op id="2516" type="copy forward" timems="24.594" contextid="2513" timestamp="2019-08-09T00:19:05.050">
  <memory-copied type="eden" objects="2" bytes="64" bytesdiscarded="0" />
  <memory-copied type="other" objects="25" bytes="1880" bytesdiscarded="696" />
  <memory-cardclean objects="35" bytes="1520" />
  <regions eden="39" other="2" />
  <remembered-set-cleared processed="422" cleared="7" durationms="0.167" />
  <stringconstants candidates="13838" cleared="0"  />
</gc-op>
<gc-op id="2517" type="classunload" timems="0.008" contextid="2513" timestamp="2019-08-09T00:19:05.050">
  <classunload-info classloadercandidates="54" classloadersunloaded="0" classesunloaded="0" anonymousclassesunloaded="0" quiescems="0.000" setupms="0.008" scanms="0.000" postms="0.000" />
</gc-op>
<gc-end id="2518" type="partial gc" contextid="2513" durationms="26.561" usertimems="50.003" systemtimems="0.000" timestamp="2019-08-09T00:19:05.050" activeThreads="16">
  <mem-info id="2519" free="180355072" total="299892736" percent="60">
    <mem type="eden" free="2097088" total="2097152" percent="99" />
    <remembered-set count="5536" freebytes="11966976" totalbytes="11989120" percent="99" regionsoverflowed="0" regionsstable="9" regionsrebuilding="0"/>
  </mem-info>
</gc-end>
<cycle-end id="2520" type="partial gc" contextid="2513" timestamp="2019-08-09T00:19:05.050" />
  <attribute name="elasticGC enabled" value="1" />
  <attribute name= "numThreadsSpecified" value="16" />
  <attribute name="heapSize specified" value="0" />
  <attribute name="Current GC Util" value="86" />
  <attribute name= "Current Time Running" value="155259" />
  <attribute name ="GC Interval" value="0" />
  <attribute name="Target GC Util Change" value ="80.000000" />
  <attribute name="Current GC Util Change" value="86.000000"/>
  <attribute name="Current Error" value="-38.000000" />
  <attribute name="Output H" value="299930560"/>
  <attribute name="Output I" value="1984"/>
  <attribute name="Output T" value="16"/>
  <attribute name= "Current Time Running" value="155259" />
  <attribute name="GC Util currently" value="86" />
  <attribute name="CPU Util currently" value="919704604721" />
<exclusive-end id="2521" timestamp="2019-08-09T00:19:05.050" durationms="27.659" />

<exclusive-start id="2522" timestamp="2019-08-09T00:19:05.090" intervalms="67.559">
  <response-info timems="0.021" idlems="0.021" threads="0" lastid="0000000001FF0F00" lastname="main" />
</exclusive-start>
<allocation-taxation id="2523" taxation-threshold="81788928" timestamp="2019-08-09T00:19:05.090" intervalms="67.543" />
<cycle-start id="2524" type="partial gc" contextid="0" timestamp="2019-08-09T00:19:05.091" intervalms="67.217" />
<gc-start id="2525" type="partial gc" contextid="2524" timestamp="2019-08-09T00:19:05.091">
  <mem-info id="2526" free="98566144" total="299892736" percent="32">
    <mem type="eden" free="2097088" total="83886080" percent="2" />
    <remembered-set count="5056" freebytes="11968896" totalbytes="11989120" percent="99" regionsoverflowed="0" regionsstable="9" regionsrebuilding="0"/>
  </mem-info>
</gc-start>
<allocation-stats totalBytes="81768808" >
  <allocated-bytes non-tlh="0" tlh="81768808" arrayletleaf="0"/>
  <largest-consumer threadName="main" threadId="0000000001FF0F00" bytes="81768808" />
</allocation-stats>
<gc-op id="2527" type="copy forward" timems="17.222" contextid="2524" timestamp="2019-08-09T00:19:05.109">
  <memory-copied type="eden" objects="163" bytes="5376" bytesdiscarded="696" />
  <memory-copied type="other" objects="6" bytes="144" bytesdiscarded="672" />
  <memory-cardclean objects="62" bytes="2176" />
  <regions eden="39" other="2" />
  <remembered-set-cleared processed="422" cleared="8" durationms="0.198" />
  <stringconstants candidates="13838" cleared="0"  />
</gc-op>
<gc-op id="2528" type="classunload" timems="0.010" contextid="2524" timestamp="2019-08-09T00:19:05.109">
  <classunload-info classloadercandidates="54" classloadersunloaded="0" classesunloaded="0" anonymousclassesunloaded="0" quiescems="0.000" setupms="0.010" scanms="0.000" postms="0.000" />
</gc-op>
<gc-end id="2529" type="partial gc" contextid="2524" durationms="18.400" usertimems="38.443" systemtimems="0.000" timestamp="2019-08-09T00:19:05.109" activeThreads="16">
  <mem-info id="2530" free="180355072" total="299892736" percent="60">
    <mem type="eden" free="2091080" total="2097152" percent="99" />
    <remembered-set count="4992" freebytes="11969152" totalbytes="11989120" percent="99" regionsoverflowed="0" regionsstable="9" regionsrebuilding="0"/>
  </mem-info>
</gc-end>
<cycle-end id="2531" type="partial gc" contextid="2524" timestamp="2019-08-09T00:19:05.110" />
  <attribute name="elasticGC enabled" value="1" />
  <attribute name= "numThreadsSpecified" value="16" />
  <attribute name="heapSize specified" value="0" />
  <attribute name="Current GC Util" value="140" />
  <attribute name= "Current Time Running" value="155325" />
  <attribute name ="GC Interval" value="0" />
  <attribute name="Target GC Util Change" value ="80.000000" />
  <attribute name="Current GC Util Change" value="140.000000"/>
  <attribute name="Current Error" value="-54.000000" />
  <attribute name="Output H" value="299930552"/>
  <attribute name="Output I" value="1976"/>
  <attribute name="Output T" value="16"/>
  <attribute name= "Current Time Running" value="155325" />
  <attribute name="GC Util currently" value="140" />
  <attribute name="CPU Util currently" value="1730222210880" />
<exclusive-end id="2532" timestamp="2019-08-09T00:19:05.110" durationms="19.390" />

<exclusive-start id="2533" timestamp="2019-08-09T00:19:05.285" intervalms="194.598">
  <response-info timems="0.020" idlems="0.020" threads="0" lastid="0000000001FF0F00" lastname="main" />
</exclusive-start>
<allocation-taxation id="2534" taxation-threshold="81788928" timestamp="2019-08-09T00:19:05.285" intervalms="194.639" />
<cycle-start id="2535" type="partial gc" contextid="0" timestamp="2019-08-09T00:19:05.285" intervalms="194.515" />
<gc-start id="2536" type="partial gc" contextid="2535" timestamp="2019-08-09T00:19:05.285">
  <mem-info id="2537" free="98566144" total="299892736" percent="32">
    <mem type="eden" free="0" total="81788928" percent="0" />
    <remembered-set count="4544" freebytes="11970944" totalbytes="11989120" percent="99" regionsoverflowed="0" regionsstable="9" regionsrebuilding="0"/>
  </mem-info>
</gc-start>
<allocation-stats totalBytes="81778256" >
  <allocated-bytes non-tlh="0" tlh="81778256" arrayletleaf="0"/>
  <largest-consumer threadName="main" threadId="0000000001FF0F00" bytes="81778256" />
</allocation-stats>
<gc-op id="2538" type="copy forward" timems="6.392" contextid="2535" timestamp="2019-08-09T00:19:05.293">
  <memory-copied type="eden" objects="233" bytes="7704" bytesdiscarded="1832" />
  <memory-copied type="other" objects="12" bytes="288" bytesdiscarded="1344" />
  <memory-cardclean objects="130" bytes="12472" />
  <regions eden="39" other="2" />
  <remembered-set-cleared processed="421" cleared="17" durationms="0.123" />
  <references type="weak" candidates="37" cleared="0" enqueued="0" />
  <stringconstants candidates="13838" cleared="0"  />
</gc-op>
<gc-op id="2539" type="classunload" timems="0.007" contextid="2535" timestamp="2019-08-09T00:19:05.293">
  <classunload-info classloadercandidates="54" classloadersunloaded="0" classesunloaded="0" anonymousclassesunloaded="0" quiescems="0.000" setupms="0.007" scanms="0.000" postms="0.000" />
</gc-op>
<heap-resize id="2540" type="expand" space="default" amount="4194304" count="1" timems="0.103" reason="excessive time being spent in gc" timestamp="2019-08-09T00:19:05.293" />
<gc-end id="2541" type="partial gc" contextid="2535" durationms="7.677" usertimems="17.144" systemtimems="0.000" timestamp="2019-08-09T00:19:05.293" activeThreads="16">
  <mem-info id="2542" free="182452224" total="304087040" percent="60">
    <mem type="eden" free="2087568" total="2097152" percent="99" />
    <remembered-set count="5824" freebytes="12133504" totalbytes="12156800" percent="99" regionsoverflowed="0" regionsstable="9" regionsrebuilding="0"/>
  </mem-info>
</gc-end>
<cycle-end id="2543" type="partial gc" contextid="2535" timestamp="2019-08-09T00:19:05.293" />
  <attribute name="elasticGC enabled" value="1" />
  <attribute name= "numThreadsSpecified" value="16" />
  <attribute name="heapSize specified" value="0" />
  <attribute name="Current GC Util" value="141" />
  <attribute name= "Current Time Running" value="155519" />
  <attribute name ="GC Interval" value="0" />
  <attribute name="Target GC Util Change" value ="80.000000" />
  <attribute name="Current GC Util Change" value="141.000000"/>
  <attribute name="Current Error" value="-54.000000" />
  <attribute name="Output H" value="299930552"/>
  <attribute name="Output I" value="1976"/>
  <attribute name="Output T" value="16"/>
  <attribute name= "Current Time Running" value="155519" />
  <attribute name="GC Util currently" value="141" />
  <attribute name="CPU Util currently" value="2050006238317" />
<exclusive-end id="2544" timestamp="2019-08-09T00:19:05.293" durationms="8.375" />

<exclusive-start id="2545" timestamp="2019-08-09T00:19:05.336" intervalms="51.589">
  <response-info timems="0.016" idlems="0.016" threads="0" lastid="0000000001FF0F00" lastname="main" />
</exclusive-start>
<allocation-taxation id="2546" taxation-threshold="83886080" timestamp="2019-08-09T00:19:05.336" intervalms="51.541" />
<cycle-start id="2547" type="partial gc" contextid="0" timestamp="2019-08-09T00:19:05.337" intervalms="51.577" />
<gc-start id="2548" type="partial gc" contextid="2547" timestamp="2019-08-09T00:19:05.337">
  <mem-info id="2549" free="98566144" total="304087040" percent="32">
    <mem type="eden" free="0" total="83886080" percent="0" />
    <remembered-set count="5376" freebytes="12135296" totalbytes="12156800" percent="99" regionsoverflowed="0" regionsstable="9" regionsrebuilding="0"/>
  </mem-info>
</gc-start>
<allocation-stats totalBytes="83842872" >
  <allocated-bytes non-tlh="0" tlh="83842872" arrayletleaf="0"/>
  <largest-consumer threadName="main" threadId="0000000001FF0F00" bytes="83842872" />
</allocation-stats>
<gc-op id="2550" type="copy forward" timems="24.103" contextid="2547" timestamp="2019-08-09T00:19:05.363">
  <memory-copied type="eden" objects="23" bytes="952" bytesdiscarded="672" />
  <memory-copied type="other" objects="109" bytes="3784" bytesdiscarded="912" />
  <memory-cardclean objects="82" bytes="11040" />
  <regions eden="40" other="2" />
  <remembered-set-cleared processed="422" cleared="17" durationms="0.317" />
  <references type="weak" candidates="37" cleared="0" enqueued="0" />
  <stringconstants candidates="13838" cleared="0"  />
</gc-op>
<gc-op id="2551" type="classunload" timems="0.013" contextid="2547" timestamp="2019-08-09T00:19:05.363">
  <classunload-info classloadercandidates="54" classloadersunloaded="0" classesunloaded="0" anonymousclassesunloaded="0" quiescems="0.000" setupms="0.013" scanms="0.000" postms="0.000" />
</gc-op>
<heap-resize id="2552" type="expand" space="default" amount="6291456" count="1" timems="0.084" reason="excessive time being spent in gc" timestamp="2019-08-09T00:19:05.364" />
<gc-end id="2553" type="partial gc" contextid="2547" durationms="26.561" usertimems="36.950" systemtimems="0.000" timestamp="2019-08-09T00:19:05.364" activeThreads="16">
  <mem-info id="2554" free="186646528" total="310378496" percent="60">
    <mem type="eden" free="2095528" total="2097152" percent="99" />
    <remembered-set count="5344" freebytes="12386944" totalbytes="12408320" percent="99" regionsoverflowed="0" regionsstable="9" regionsrebuilding="0"/>
  </mem-info>
</gc-end>
<cycle-end id="2555" type="partial gc" contextid="2547" timestamp="2019-08-09T00:19:05.364" />
  <attribute name="elasticGC enabled" value="1" />
  <attribute name= "numThreadsSpecified" value="16" />
  <attribute name="heapSize specified" value="0" />
  <attribute name="Current GC Util" value="70" />
  <attribute name= "Current Time Running" value="155572" />
  <attribute name ="GC Interval" value="0" />
  <attribute name="Target GC Util Change" value ="80.000000" />
  <attribute name="Current GC Util Change" value="70.000000"/>
  <attribute name="Current Error" value="4.000000" />
  <attribute name="Output H" value="304124888"/>
  <attribute name="Output I" value="2008"/>
  <attribute name="Output T" value="16"/>
  <attribute name= "Current Time Running" value="155572" />
  <attribute name="GC Util currently" value="70" />
  <attribute name="CPU Util currently" value="708434669523" />
<exclusive-end id="2556" timestamp="2019-08-09T00:19:05.364" durationms="27.566" />

<exclusive-start id="2557" timestamp="2019-08-09T00:19:05.396" intervalms="59.286">
  <response-info timems="0.022" idlems="0.022" threads="0" lastid="0000000001FF0F00" lastname="main" />
</exclusive-start>
<allocation-taxation id="2558" taxation-threshold="83886080" timestamp="2019-08-09T00:19:05.396" intervalms="59.316" />
<cycle-start id="2559" type="partial gc" contextid="0" timestamp="2019-08-09T00:19:05.396" intervalms="59.264" />
<gc-start id="2560" type="partial gc" contextid="2559" timestamp="2019-08-09T00:19:05.396">
  <mem-info id="2561" free="102760448" total="310378496" percent="33">
    <mem type="eden" free="0" total="83886080" percent="0" />
    <remembered-set count="5120" freebytes="12387840" totalbytes="12408320" percent="99" regionsoverflowed="0" regionsstable="9" regionsrebuilding="0"/>
  </mem-info>
</gc-start>
<allocation-stats totalBytes="83843296" >
  <allocated-bytes non-tlh="0" tlh="83843296" arrayletleaf="0"/>
  <largest-consumer threadName="main" threadId="0000000001FF0F00" bytes="83843296" />
</allocation-stats>
<gc-op id="2562" type="copy forward" timems="8.064" contextid="2559" timestamp="2019-08-09T00:19:05.408">
  <memory-copied type="eden" objects="6" bytes="408" bytesdiscarded="0" />
  <memory-copied type="other" objects="120" bytes="4192" bytesdiscarded="2464" />
  <memory-cardclean objects="59" bytes="10480" />
  <regions eden="40" other="2" />
  <remembered-set-cleared processed="423" cleared="16" durationms="0.153" />
  <references type="weak" candidates="37" cleared="0" enqueued="0" />
  <stringconstants candidates="13838" cleared="0"  />
</gc-op>
<gc-op id="2563" type="classunload" timems="0.009" contextid="2559" timestamp="2019-08-09T00:19:05.408">
  <classunload-info classloadercandidates="54" classloadersunloaded="0" classesunloaded="0" anonymousclassesunloaded="0" quiescems="0.000" setupms="0.009" scanms="0.000" postms="0.000" />
</gc-op>
<heap-resize id="2564" type="expand" space="default" amount="4194304" count="1" timems="0.074" reason="excessive time being spent in gc" timestamp="2019-08-09T00:19:05.408" />
<gc-end id="2565" type="partial gc" contextid="2559" durationms="12.306" usertimems="24.372" systemtimems="0.000" timestamp="2019-08-09T00:19:05.408" activeThreads="16">
  <mem-info id="2566" free="188743680" total="314572800" percent="60">
    <mem type="eden" free="2096744" total="2097152" percent="99" />
    <remembered-set count="5920" freebytes="12552320" totalbytes="12576000" percent="99" regionsoverflowed="0" regionsstable="9" regionsrebuilding="0"/>
  </mem-info>
</gc-end>
<cycle-end id="2567" type="partial gc" contextid="2559" timestamp="2019-08-09T00:19:05.409" />
  <attribute name="elasticGC enabled" value="1" />
  <attribute name= "numThreadsSpecified" value="16" />
  <attribute name="heapSize specified" value="0" />
  <attribute name="Current GC Util" value="95" />
  <attribute name= "Current Time Running" value="155633" />
  <attribute name ="GC Interval" value="0" />
  <attribute name="Target GC Util Change" value ="80.000000" />
  <attribute name="Current GC Util Change" value="95.000000"/>
  <attribute name="Current Error" value="3.000000" />
  <attribute name="Output H" value="310416344"/>
  <attribute name="Output I" value="2008"/>
  <attribute name="Output T" value="16"/>
  <attribute name= "Current Time Running" value="155633" />
  <attribute name="GC Util currently" value="95" />
  <attribute name="CPU Util currently" value="316801156001" />
<exclusive-end id="2568" timestamp="2019-08-09T00:19:05.409" durationms="12.920" />

<exclusive-start id="2569" timestamp="2019-08-09T00:19:05.449" intervalms="53.777">
  <response-info timems="0.031" idlems="0.031" threads="0" lastid="0000000001FF0F00" lastname="main" />
</exclusive-start>
<allocation-taxation id="2570" taxation-threshold="85983232" timestamp="2019-08-09T00:19:05.450" intervalms="53.778" />
<cycle-start id="2571" type="partial gc" contextid="0" timestamp="2019-08-09T00:19:05.450" intervalms="53.772" />
<gc-start id="2572" type="partial gc" contextid="2571" timestamp="2019-08-09T00:19:05.450">
  <mem-info id="2573" free="102760448" total="314572800" percent="32">
    <mem type="eden" free="2096744" total="88080384" percent="2" />
    <remembered-set count="5664" freebytes="12553344" totalbytes="12576000" percent="99" regionsoverflowed="0" regionsstable="9" regionsrebuilding="0"/>
  </mem-info>
</gc-start>
<allocation-stats totalBytes="85933528" >
  <allocated-bytes non-tlh="0" tlh="85933528" arrayletleaf="0"/>
  <largest-consumer threadName="main" threadId="0000000001FF0F00" bytes="85933528" />
</allocation-stats>
<gc-op id="2574" type="copy forward" timems="12.330" contextid="2571" timestamp="2019-08-09T00:19:05.465">
  <memory-copied type="eden" objects="23" bytes="984" bytesdiscarded="672" />
  <memory-copied type="other" objects="6" bytes="144" bytesdiscarded="720" />
  <memory-cardclean objects="62" bytes="2160" />
  <regions eden="41" other="2" />
  <remembered-set-cleared processed="427" cleared="8" durationms="0.369" />
  <stringconstants candidates="13838" cleared="0"  />
</gc-op>
<gc-op id="2575" type="classunload" timems="0.009" contextid="2571" timestamp="2019-08-09T00:19:05.465">
  <classunload-info classloadercandidates="54" classloadersunloaded="0" classesunloaded="0" anonymousclassesunloaded="0" quiescems="0.000" setupms="0.008" scanms="0.000" postms="0.000" />
</gc-op>
<gc-end id="2576" type="partial gc" contextid="2571" durationms="15.272" usertimems="25.342" systemtimems="0.000" timestamp="2019-08-09T00:19:05.465" activeThreads="16">
  <mem-info id="2577" free="188743680" total="314572800" percent="60">
    <mem type="eden" free="2095496" total="2097152" percent="99" />
    <remembered-set count="5632" freebytes="12553472" totalbytes="12576000" percent="99" regionsoverflowed="0" regionsstable="9" regionsrebuilding="0"/>
  </mem-info>
</gc-end>
<cycle-end id="2578" type="partial gc" contextid="2571" timestamp="2019-08-09T00:19:05.466" />
  <attribute name="elasticGC enabled" value="1" />
  <attribute name= "numThreadsSpecified" value="16" />
  <attribute name="heapSize specified" value="0" />
  <attribute name="Current GC Util" value="38" />
  <attribute name= "Current Time Running" value="155686" />
  <attribute name ="GC Interval" value="0" />
  <attribute name="Target GC Util Change" value ="80.000000" />
  <attribute name="Current GC Util Change" value="38.000000"/>
  <attribute name="Current Error" value="87.000000" />
  <attribute name="Output H" value="314610696"/>
  <attribute name="Output I" value="2056"/>
  <attribute name="Output T" value="16"/>
  <attribute name= "Current Time Running" value="155686" />
  <attribute name="GC Util currently" value="38" />
  <attribute name="CPU Util currently" value="490397239467" />
<exclusive-end id="2579" timestamp="2019-08-09T00:19:05.466" durationms="16.229" />

<exclusive-start id="2580" timestamp="2019-08-09T00:19:05.509" intervalms="59.206">
  <response-info timems="0.018" idlems="0.018" threads="0" lastid="0000000001FF0F00" lastname="main" />
</exclusive-start>
<allocation-taxation id="2581" taxation-threshold="85983232" timestamp="2019-08-09T00:19:05.509" intervalms="59.198" />
<cycle-start id="2582" type="partial gc" contextid="0" timestamp="2019-08-09T00:19:05.509" intervalms="59.299" />
<gc-start id="2583" type="partial gc" contextid="2582" timestamp="2019-08-09T00:19:05.509">
  <mem-info id="2584" free="102760448" total="314572800" percent="32">
    <mem type="eden" free="0" total="85983232" percent="0" />
    <remembered-set count="5344" freebytes="12554624" totalbytes="12576000" percent="99" regionsoverflowed="0" regionsstable="9" regionsrebuilding="0"/>
  </mem-info>
</gc-start>
<allocation-stats totalBytes="85913424" >
  <allocated-bytes non-tlh="0" tlh="85913424" arrayletleaf="0"/>
  <largest-consumer threadName="main" threadId="0000000001FF0F00" bytes="85913424" />
</allocation-stats>
<gc-op id="2585" type="copy forward" timems="13.287" contextid="2582" timestamp="2019-08-09T00:19:05.524">
  <memory-copied type="eden" objects="48" bytes="2072" bytesdiscarded="672" />
  <memory-copied type="other" objects="12" bytes="288" bytesdiscarded="1440" />
  <memory-cardclean objects="73" bytes="2480" />
  <regions eden="41" other="2" />
  <remembered-set-cleared processed="426" cleared="8" durationms="0.276" />
  <stringconstants candidates="13838" cleared="0"  />
</gc-op>
<gc-op id="2586" type="classunload" timems="0.012" contextid="2582" timestamp="2019-08-09T00:19:05.524">
  <classunload-info classloadercandidates="54" classloadersunloaded="0" classesunloaded="0" anonymousclassesunloaded="0" quiescems="0.000" setupms="0.011" scanms="0.000" postms="0.000" />
</gc-op>
<heap-resize id="2587" type="expand" space="default" amount="6291456" count="1" timems="0.083" reason="excessive time being spent in gc" timestamp="2019-08-09T00:19:05.524" />
<gc-end id="2588" type="partial gc" contextid="2582" durationms="14.868" usertimems="29.257" systemtimems="0.000" timestamp="2019-08-09T00:19:05.524" activeThreads="16">
  <mem-info id="2589" free="192937984" total="320864256" percent="60">
    <mem type="eden" free="2094408" total="2097152" percent="99" />
    <remembered-set count="5088" freebytes="12807168" totalbytes="12827520" percent="99" regionsoverflowed="0" regionsstable="9" regionsrebuilding="0"/>
  </mem-info>
</gc-end>
<cycle-end id="2590" type="partial gc" contextid="2582" timestamp="2019-08-09T00:19:05.524" />
  <attribute name="elasticGC enabled" value="1" />
  <attribute name= "numThreadsSpecified" value="16" />
  <attribute name="heapSize specified" value="0" />
  <attribute name="Current GC Util" value="108" />
  <attribute name= "Current Time Running" value="155744" />
  <attribute name ="GC Interval" value="0" />
  <attribute name="Target GC Util Change" value ="80.000000" />
  <attribute name="Current GC Util Change" value="108.000000"/>
  <attribute name="Current Error" value="95.000000" />
  <attribute name="Output H" value="314610696"/>
  <attribute name="Output I" value="2056"/>
  <attribute name="Output T" value="16"/>
  <attribute name= "Current Time Running" value="155744" />
  <attribute name="GC Util currently" value="108" />
  <attribute name="CPU Util currently" value="1217281568886" />
<exclusive-end id="2591" timestamp="2019-08-09T00:19:05.524" durationms="15.616" />

<exclusive-start id="2592" timestamp="2019-08-09T00:19:05.791" intervalms="282.017">
  <response-info timems="0.023" idlems="0.023" threads="0" lastid="0000000001FF0F00" lastname="main" />
</exclusive-start>
<allocation-taxation id="2593" taxation-threshold="88080384" timestamp="2019-08-09T00:19:05.791" intervalms="282.017" />
<cycle-start id="2594" type="partial gc" contextid="0" timestamp="2019-08-09T00:19:05.791" intervalms="281.937" />
<gc-start id="2595" type="partial gc" contextid="2594" timestamp="2019-08-09T00:19:05.791">
  <mem-info id="2596" free="104857600" total="320864256" percent="32">
    <mem type="eden" free="0" total="88080384" percent="0" />
    <remembered-set count="4832" freebytes="12808192" totalbytes="12827520" percent="99" regionsoverflowed="0" regionsstable="9" regionsrebuilding="0"/>
  </mem-info>
</gc-start>
<allocation-stats totalBytes="87189408" >
  <allocated-bytes non-tlh="0" tlh="87189408" arrayletleaf="0"/>
  <largest-consumer threadName="main" threadId="0000000001FF0F00" bytes="87189408" />
</allocation-stats>
<gc-op id="2597" type="copy forward" timems="8.154" contextid="2594" timestamp="2019-08-09T00:19:05.800">
  <memory-copied type="eden" objects="67" bytes="12928" bytesdiscarded="1192" />
  <memory-copied type="other" objects="12" bytes="288" bytesdiscarded="1392" />
  <memory-cardclean objects="92" bytes="2848" />
  <regions eden="42" other="2" />
  <remembered-set-cleared processed="427" cleared="12" durationms="0.284" />
  <stringconstants candidates="13838" cleared="0"  />
</gc-op>
<gc-op id="2598" type="classunload" timems="0.009" contextid="2594" timestamp="2019-08-09T00:19:05.800">
  <classunload-info classloadercandidates="54" classloadersunloaded="0" classesunloaded="0" anonymousclassesunloaded="0" quiescems="0.000" setupms="0.009" scanms="0.000" postms="0.000" />
</gc-op>
<gc-end id="2599" type="partial gc" contextid="2594" durationms="9.367" usertimems="19.260" systemtimems="0.000" timestamp="2019-08-09T00:19:05.801" activeThreads="16">
  <mem-info id="2600" free="190840832" total="320864256" percent="59">
    <mem type="eden" free="2083032" total="2097152" percent="99" />
    <remembered-set count="6016" freebytes="12803456" totalbytes="12827520" percent="99" regionsoverflowed="0" regionsstable="9" regionsrebuilding="0"/>
  </mem-info>
</gc-end>
<cycle-end id="2601" type="partial gc" contextid="2594" timestamp="2019-08-09T00:19:05.801" />
  <attribute name="elasticGC enabled" value="1" />
  <attribute name= "numThreadsSpecified" value="16" />
  <attribute name="heapSize specified" value="0" />
  <attribute name="Current GC Util" value="123" />
  <attribute name= "Current Time Running" value="156025" />
  <attribute name ="GC Interval" value="0" />
  <attribute name="Target GC Util Change" value ="80.000000" />
  <attribute name="Current GC Util Change" value="123.000000"/>
  <attribute name="Current Error" value="27.000000" />
  <attribute name="Output H" value="320902112"/>
  <attribute name="Output I" value="2016"/>
  <attribute name="Output T" value="16"/>
  <attribute name= "Current Time Running" value="156025" />
  <attribute name="GC Util currently" value="123" />
  <attribute name="CPU Util currently" value="1720994061429" />
<exclusive-end id="2602" timestamp="2019-08-09T00:19:05.801" durationms="10.155" />

<exclusive-start id="2603" timestamp="2019-08-09T00:19:05.977" intervalms="186.712">
  <response-info timems="0.017" idlems="0.017" threads="0" lastid="0000000001FF0F00" lastname="main" />
</exclusive-start>
<allocation-taxation id="2604" taxation-threshold="88080384" timestamp="2019-08-09T00:19:05.977" intervalms="186.708" />
<cycle-start id="2605" type="partial gc" contextid="0" timestamp="2019-08-09T00:19:05.978" intervalms="186.681" />
<gc-start id="2606" type="partial gc" contextid="2605" timestamp="2019-08-09T00:19:05.978">
  <mem-info id="2607" free="102760448" total="320864256" percent="32">
    <mem type="eden" free="0" total="88080384" percent="0" />
    <remembered-set count="6016" freebytes="12803456" totalbytes="12827520" percent="99" regionsoverflowed="0" regionsstable="9" regionsrebuilding="0"/>
  </mem-info>
</gc-start>
<allocation-stats totalBytes="88072568" >
  <allocated-bytes non-tlh="0" tlh="88072568" arrayletleaf="0"/>
  <largest-consumer threadName="main" threadId="0000000001FF0F00" bytes="88072568" />
</allocation-stats>
<gc-op id="2608" type="copy forward" timems="9.001" contextid="2605" timestamp="2019-08-09T00:19:05.989">
  <memory-copied type="eden" objects="41" bytes="1216" bytesdiscarded="432" />
  <memory-copied type="other" objects="42" bytes="1008" bytesdiscarded="1368" />
  <memory-cardclean objects="136" bytes="3752" />
  <regions eden="42" other="2" />
  <remembered-set-cleared processed="427" cleared="17" durationms="0.140" />
  <stringconstants candidates="13838" cleared="0"  />
</gc-op>
<gc-op id="2609" type="classunload" timems="0.009" contextid="2605" timestamp="2019-08-09T00:19:05.989">
  <classunload-info classloadercandidates="54" classloadersunloaded="0" classesunloaded="0" anonymousclassesunloaded="0" quiescems="0.000" setupms="0.009" scanms="0.000" postms="0.000" />
</gc-op>
<gc-end id="2610" type="partial gc" contextid="2605" durationms="11.478" usertimems="23.718" systemtimems="0.000" timestamp="2019-08-09T00:19:05.989" activeThreads="16">
  <mem-info id="2611" free="188743680" total="320864256" percent="58">
    <mem type="eden" free="2095504" total="2097152" percent="99" />
    <remembered-set count="6336" freebytes="12802176" totalbytes="12827520" percent="99" regionsoverflowed="0" regionsstable="9" regionsrebuilding="0"/>
  </mem-info>
</gc-end>
<cycle-end id="2612" type="partial gc" contextid="2605" timestamp="2019-08-09T00:19:05.989" />
  <attribute name="elasticGC enabled" value="1" />
  <attribute name= "numThreadsSpecified" value="16" />
  <attribute name="heapSize specified" value="0" />
  <attribute name="Current GC Util" value="179" />
  <attribute name= "Current Time Running" value="156213" />
  <attribute name ="GC Interval" value="0" />
  <attribute name="Target GC Util Change" value ="80.000000" />
  <attribute name="Current GC Util Change" value="179.000000"/>
  <attribute name="Current Error" value="-2.000000" />
  <attribute name="Output H" value="320902096"/>
  <attribute name="Output I" value="2000"/>
  <attribute name="Output T" value="16"/>
  <attribute name= "Current Time Running" value="156213" />
  <attribute name="GC Util currently" value="179" />
  <attribute name="CPU Util currently" value="597978382889" />
<exclusive-end id="2613" timestamp="2019-08-09T00:19:05.990" durationms="12.154" />

<exclusive-start id="2614" timestamp="2019-08-09T00:19:06.074" intervalms="97.056">
  <response-info timems="0.021" idlems="0.021" threads="0" lastid="0000000001FF0F00" lastname="main" />
</exclusive-start>
<allocation-taxation id="2615" taxation-threshold="88080384" timestamp="2019-08-09T00:19:06.075" intervalms="97.055" />
<cycle-start id="2616" type="partial gc" contextid="0" timestamp="2019-08-09T00:19:06.075" intervalms="97.054" />
<gc-start id="2617" type="partial gc" contextid="2616" timestamp="2019-08-09T00:19:06.075">
  <mem-info id="2618" free="100663296" total="320864256" percent="31">
    <mem type="eden" free="0" total="88080384" percent="0" />
    <remembered-set count="6272" freebytes="12802432" totalbytes="12827520" percent="99" regionsoverflowed="0" regionsstable="9" regionsrebuilding="0"/>
  </mem-info>
</gc-start>
<allocation-stats totalBytes="88060936" >
  <allocated-bytes non-tlh="0" tlh="88060936" arrayletleaf="0"/>
  <largest-consumer threadName="main" threadId="0000000001FF0F00" bytes="88060936" />
</allocation-stats>
<gc-op id="2619" type="copy forward" timems="7.927" contextid="2616" timestamp="2019-08-09T00:19:06.084">
  <memory-copied type="eden" objects="43" bytes="1624" bytesdiscarded="968" />
  <memory-copied type="other" objects="64" bytes="1608" bytesdiscarded="1656" />
  <memory-cardclean objects="103" bytes="3032" />
  <regions eden="42" other="2" />
  <remembered-set-cleared processed="425" cleared="8" durationms="0.354" />
  <stringconstants candidates="13838" cleared="0"  />
</gc-op>
<gc-op id="2620" type="classunload" timems="0.007" contextid="2616" timestamp="2019-08-09T00:19:06.084">
  <classunload-info classloadercandidates="54" classloadersunloaded="0" classesunloaded="0" anonymousclassesunloaded="0" quiescems="0.000" setupms="0.007" scanms="0.000" postms="0.000" />
</gc-op>
<gc-end id="2621" type="partial gc" contextid="2616" durationms="9.521" usertimems="22.734" systemtimems="0.000" timestamp="2019-08-09T00:19:06.084" activeThreads="16">
  <mem-info id="2622" free="186646528" total="320864256" percent="58">
    <mem type="eden" free="2094560" total="2097152" percent="99" />
    <remembered-set count="5984" freebytes="12803584" totalbytes="12827520" percent="99" regionsoverflowed="0" regionsstable="9" regionsrebuilding="0"/>
  </mem-info>
</gc-end>
<cycle-end id="2623" type="partial gc" contextid="2616" timestamp="2019-08-09T00:19:06.085" />
  <attribute name="elasticGC enabled" value="1" />
  <attribute name= "numThreadsSpecified" value="16" />
  <attribute name="heapSize specified" value="0" />
  <attribute name="Current GC Util" value="254" />
  <attribute name= "Current Time Running" value="156310" />
  <attribute name ="GC Interval" value="0" />
  <attribute name="Target GC Util Change" value ="80.000000" />
  <attribute name="Current GC Util Change" value="254.000000"/>
  <attribute name="Current Error" value="-117.000000" />
  <attribute name="Output H" value="320902032"/>
  <attribute name="Output I" value="1936"/>
  <attribute name="Output T" value="16"/>
  <attribute name= "Current Time Running" value="156310" />
  <attribute name="GC Util currently" value="254" />
  <attribute name="CPU Util currently" value="1107042303142" />
<exclusive-end id="2624" timestamp="2019-08-09T00:19:06.085" durationms="10.162" />

<exclusive-start id="2625" timestamp="2019-08-09T00:19:06.194" intervalms="119.646">
  <response-info timems="0.021" idlems="0.021" threads="0" lastid="0000000001FF0F00" lastname="main" />
</exclusive-start>
<allocation-taxation id="2626" taxation-threshold="88080384" timestamp="2019-08-09T00:19:06.194" intervalms="119.645" />
<cycle-start id="2627" type="partial gc" contextid="0" timestamp="2019-08-09T00:19:06.194" intervalms="119.637" />
<gc-start id="2628" type="partial gc" contextid="2627" timestamp="2019-08-09T00:19:06.194">
  <mem-info id="2629" free="98566144" total="320864256" percent="30">
    <mem type="eden" free="0" total="88080384" percent="0" />
    <remembered-set count="5536" freebytes="12805376" totalbytes="12827520" percent="99" regionsoverflowed="0" regionsstable="9" regionsrebuilding="0"/>
  </mem-info>
</gc-start>
<allocation-stats totalBytes="88064480" >
  <allocated-bytes non-tlh="0" tlh="88064480" arrayletleaf="0"/>
  <largest-consumer threadName="main" threadId="0000000001FF0F00" bytes="88064480" />
</allocation-stats>
<gc-op id="2630" type="copy forward" timems="6.854" contextid="2627" timestamp="2019-08-09T00:19:06.203">
  <memory-copied type="eden" objects="41" bytes="1184" bytesdiscarded="1272" />
  <memory-copied type="other" objects="41" bytes="1080" bytesdiscarded="1704" />
  <memory-cardclean objects="130" bytes="3664" />
  <regions eden="42" other="2" />
  <remembered-set-cleared processed="428" cleared="14" durationms="0.154" />
  <stringconstants candidates="13838" cleared="0"  />
</gc-op>
<gc-op id="2631" type="classunload" timems="0.006" contextid="2627" timestamp="2019-08-09T00:19:06.203">
  <classunload-info classloadercandidates="54" classloadersunloaded="0" classesunloaded="0" anonymousclassesunloaded="0" quiescems="0.000" setupms="0.006" scanms="0.000" postms="0.000" />
</gc-op>
<gc-end id="2632" type="partial gc" contextid="2627" durationms="8.562" usertimems="19.916" systemtimems="0.000" timestamp="2019-08-09T00:19:06.203" activeThreads="16">
  <mem-info id="2633" free="184549376" total="320864256" percent="57">
    <mem type="eden" free="2094696" total="2097152" percent="99" />
    <remembered-set count="6912" freebytes="12799872" totalbytes="12827520" percent="99" regionsoverflowed="0" regionsstable="9" regionsrebuilding="0"/>
  </mem-info>
</gc-end>
<cycle-end id="2634" type="partial gc" contextid="2627" timestamp="2019-08-09T00:19:06.203" />
  <attribute name="elasticGC enabled" value="1" />
  <attribute name= "numThreadsSpecified" value="16" />
  <attribute name="heapSize specified" value="0" />
  <attribute name="Current GC Util" value="217" />
  <attribute name= "Current Time Running" value="156429" />
  <attribute name ="GC Interval" value="0" />
  <attribute name="Target GC Util Change" value ="80.000000" />
  <attribute name="Current GC Util Change" value="217.000000"/>
  <attribute name="Current Error" value="-74.000000" />
  <attribute name="Output H" value="320902056"/>
  <attribute name="Output I" value="1960"/>
  <attribute name="Output T" value="16"/>
  <attribute name= "Current Time Running" value="156429" />
  <attribute name="GC Util currently" value="217" />
  <attribute name="CPU Util currently" value="1034011202909" />
<exclusive-end id="2635" timestamp="2019-08-09T00:19:06.203" durationms="9.124" />

<exclusive-start id="2636" timestamp="2019-08-09T00:19:06.374" intervalms="179.764">
  <response-info timems="0.015" idlems="0.015" threads="0" lastid="0000000001FF0F00" lastname="main" />
</exclusive-start>
<allocation-taxation id="2637" taxation-threshold="88080384" timestamp="2019-08-09T00:19:06.374" intervalms="179.766" />
<cycle-start id="2638" type="partial gc" contextid="0" timestamp="2019-08-09T00:19:06.374" intervalms="179.757" />
<gc-start id="2639" type="partial gc" contextid="2638" timestamp="2019-08-09T00:19:06.374">
  <mem-info id="2640" free="96468992" total="320864256" percent="30">
    <mem type="eden" free="0" total="88080384" percent="0" />
    <remembered-set count="6432" freebytes="12801792" totalbytes="12827520" percent="99" regionsoverflowed="0" regionsstable="9" regionsrebuilding="0"/>
  </mem-info>
</gc-start>
<allocation-stats totalBytes="88072776" >
  <allocated-bytes non-tlh="0" tlh="88072776" arrayletleaf="0"/>
  <largest-consumer threadName="main" threadId="0000000001FF0F00" bytes="88072776" />
</allocation-stats>
<gc-op id="2641" type="copy forward" timems="12.901" contextid="2638" timestamp="2019-08-09T00:19:06.388">
  <memory-copied type="eden" objects="31" bytes="896" bytesdiscarded="1176" />
  <memory-copied type="other" objects="31" bytes="768" bytesdiscarded="1824" />
  <memory-cardclean objects="117" bytes="3368" />
  <regions eden="42" other="2" />
  <remembered-set-cleared processed="432" cleared="16" durationms="0.166" />
  <stringconstants candidates="13838" cleared="0"  />
</gc-op>
<gc-op id="2642" type="classunload" timems="0.012" contextid="2638" timestamp="2019-08-09T00:19:06.388">
  <classunload-info classloadercandidates="54" classloadersunloaded="0" classesunloaded="0" anonymousclassesunloaded="0" quiescems="0.000" setupms="0.012" scanms="0.000" postms="0.000" />
</gc-op>
<gc-end id="2643" type="partial gc" contextid="2638" durationms="14.347" usertimems="25.939" systemtimems="0.000" timestamp="2019-08-09T00:19:06.389" activeThreads="16">
  <mem-info id="2644" free="182452224" total="320864256" percent="56">
    <mem type="eden" free="2095080" total="2097152" percent="99" />
    <remembered-set count="6976" freebytes="12799616" totalbytes="12827520" percent="99" regionsoverflowed="0" regionsstable="9" regionsrebuilding="0"/>
  </mem-info>
</gc-end>
<cycle-end id="2645" type="partial gc" contextid="2638" timestamp="2019-08-09T00:19:06.389" />
  <attribute name="elasticGC enabled" value="1" />
  <attribute name= "numThreadsSpecified" value="16" />
  <attribute name="heapSize specified" value="0" />
  <attribute name="Current GC Util" value="125" />
  <attribute name= "Current Time Running" value="156609" />
  <attribute name ="GC Interval" value="0" />
  <attribute name="Target GC Util Change" value ="80.000000" />
  <attribute name="Current GC Util Change" value="125.000000"/>
  <attribute name="Current Error" value="-48.000000" />
  <attribute name="Output H" value="320902072"/>
  <attribute name="Output I" value="1976"/>
  <attribute name="Output T" value="16"/>
  <attribute name= "Current Time Running" value="156609" />
  <attribute name="GC Util currently" value="125" />
  <attribute name="CPU Util currently" value="1360917244048" />
<exclusive-end id="2646" timestamp="2019-08-09T00:19:06.389" durationms="15.270" />

<exclusive-start id="2647" timestamp="2019-08-09T00:19:06.557" intervalms="183.304">
  <response-info timems="0.021" idlems="0.021" threads="0" lastid="0000000001FF0F00" lastname="main" />
</exclusive-start>
<allocation-taxation id="2648" taxation-threshold="88080384" timestamp="2019-08-09T00:19:06.557" intervalms="183.302" />
<cycle-start id="2649" type="partial gc" contextid="0" timestamp="2019-08-09T00:19:06.557" intervalms="183.310" />
<gc-start id="2650" type="partial gc" contextid="2649" timestamp="2019-08-09T00:19:06.558">
  <mem-info id="2651" free="94371840" total="320864256" percent="29">
    <mem type="eden" free="0" total="88080384" percent="0" />
    <remembered-set count="6816" freebytes="12800256" totalbytes="12827520" percent="99" regionsoverflowed="0" regionsstable="9" regionsrebuilding="0"/>
  </mem-info>
</gc-start>
<allocation-stats totalBytes="88074096" >
  <allocated-bytes non-tlh="0" tlh="88074096" arrayletleaf="0"/>
  <largest-consumer threadName="main" threadId="0000000001FF0F00" bytes="88074096" />
</allocation-stats>
<gc-op id="2652" type="copy forward" timems="8.024" contextid="2649" timestamp="2019-08-09T00:19:06.567">
  <memory-copied type="eden" objects="51" bytes="1400" bytesdiscarded="96" />
  <memory-copied type="other" objects="36" bytes="864" bytesdiscarded="1728" />
  <memory-cardclean objects="138" bytes="3912" />
  <regions eden="42" other="2" />
  <remembered-set-cleared processed="436" cleared="20" durationms="0.291" />
  <stringconstants candidates="13838" cleared="0"  />
</gc-op>
<gc-op id="2653" type="classunload" timems="0.005" contextid="2649" timestamp="2019-08-09T00:19:06.567">
  <classunload-info classloadercandidates="54" classloadersunloaded="0" classesunloaded="0" anonymousclassesunloaded="0" quiescems="0.000" setupms="0.005" scanms="0.000" postms="0.000" />
</gc-op>
<gc-end id="2654" type="partial gc" contextid="2649" durationms="9.920" usertimems="22.417" systemtimems="0.000" timestamp="2019-08-09T00:19:06.567" activeThreads="16">
  <mem-info id="2655" free="180355072" total="320864256" percent="56">
    <mem type="eden" free="2095656" total="2097152" percent="99" />
    <remembered-set count="6528" freebytes="12801408" totalbytes="12827520" percent="99" regionsoverflowed="0" regionsstable="9" regionsrebuilding="0"/>
  </mem-info>
</gc-end>
<cycle-end id="2656" type="partial gc" contextid="2649" timestamp="2019-08-09T00:19:06.568" />
  <attribute name="elasticGC enabled" value="1" />
  <attribute name= "numThreadsSpecified" value="16" />
  <attribute name="heapSize specified" value="0" />
  <attribute name="Current GC Util" value="157" />
  <attribute name= "Current Time Running" value="156793" />
  <attribute name ="GC Interval" value="0" />
  <attribute name="Target GC Util Change" value ="80.000000" />
  <attribute name="Current GC Util Change" value="157.000000"/>
  <attribute name="Current Error" value="-58.000000" />
  <attribute name="Output H" value="320902064"/>
  <attribute name="Output I" value="1968"/>
  <attribute name="Output T" value="16"/>
  <attribute name= "Current Time Running" value="156793" />
  <attribute name="GC Util currently" value="157" />
  <attribute name="CPU Util currently" value="874491298064" />
<exclusive-end id="2657" timestamp="2019-08-09T00:19:06.568" durationms="10.514" />

<exclusive-start id="2658" timestamp="2019-08-09T00:19:06.674" intervalms="117.310">
  <response-info timems="0.014" idlems="0.014" threads="0" lastid="0000000001FF0F00" lastname="main" />
</exclusive-start>
<allocation-taxation id="2659" taxation-threshold="88080384" timestamp="2019-08-09T00:19:06.675" intervalms="117.329" />
<cycle-start id="2660" type="partial gc" contextid="0" timestamp="2019-08-09T00:19:06.675" intervalms="117.328" />
<gc-start id="2661" type="partial gc" contextid="2660" timestamp="2019-08-09T00:19:06.675">
  <mem-info id="2662" free="92274688" total="320864256" percent="28">
    <mem type="eden" free="0" total="88080384" percent="0" />
    <remembered-set count="6368" freebytes="12802048" totalbytes="12827520" percent="99" regionsoverflowed="0" regionsstable="9" regionsrebuilding="0"/>
  </mem-info>
</gc-start>
<allocation-stats totalBytes="88074288" >
  <allocated-bytes non-tlh="0" tlh="88074288" arrayletleaf="0"/>
  <largest-consumer threadName="main" threadId="0000000001FF0F00" bytes="88074288" />
</allocation-stats>
<gc-op id="2663" type="copy forward" timems="7.294" contextid="2660" timestamp="2019-08-09T00:19:06.684">
  <memory-copied type="eden" objects="28" bytes="872" bytesdiscarded="696" />
  <memory-copied type="other" objects="48" bytes="1152" bytesdiscarded="2208" />
  <memory-cardclean objects="99" bytes="3024" />
  <regions eden="42" other="2" />
  <remembered-set-cleared processed="439" cleared="14" durationms="0.152" />
  <stringconstants candidates="13838" cleared="0"  />
</gc-op>
<gc-op id="2664" type="classunload" timems="0.011" contextid="2660" timestamp="2019-08-09T00:19:06.684">
  <classunload-info classloadercandidates="54" classloadersunloaded="0" classesunloaded="0" anonymousclassesunloaded="0" quiescems="0.000" setupms="0.010" scanms="0.000" postms="0.000" />
</gc-op>
<gc-end id="2665" type="partial gc" contextid="2660" durationms="9.023" usertimems="20.279" systemtimems="0.000" timestamp="2019-08-09T00:19:06.684" activeThreads="16">
  <mem-info id="2666" free="178257920" total="320864256" percent="55">
    <mem type="eden" free="2095584" total="2097152" percent="99" />
    <remembered-set count="7264" freebytes="12798464" totalbytes="12827520" percent="99" regionsoverflowed="0" regionsstable="9" regionsrebuilding="0"/>
  </mem-info>
</gc-end>
<cycle-end id="2667" type="partial gc" contextid="2660" timestamp="2019-08-09T00:19:06.684" />
  <attribute name="elasticGC enabled" value="1" />
  <attribute name= "numThreadsSpecified" value="16" />
  <attribute name="heapSize specified" value="0" />
  <attribute name="Current GC Util" value="246" />
  <attribute name= "Current Time Running" value="156910" />
  <attribute name ="GC Interval" value="0" />
  <attribute name="Target GC Util Change" value ="80.000000" />
  <attribute name="Current GC Util Change" value="246.000000"/>
  <attribute name="Current Error" value="-103.000000" />
  <attribute name="Output H" value="320902040"/>
  <attribute name="Output I" value="1944"/>
  <attribute name="Output T" value="16"/>
  <attribute name= "Current Time Running" value="156910" />
  <attribute name="GC Util currently" value="246" />
  <attribute name="CPU Util currently" value="978127192973" />
<exclusive-end id="2668" timestamp="2019-08-09T00:19:06.684" durationms="9.732" />

<exclusive-start id="2669" timestamp="2019-08-09T00:19:06.867" intervalms="192.708">
  <response-info timems="0.021" idlems="0.021" threads="0" lastid="0000000001FF0F00" lastname="main" />
</exclusive-start>
<allocation-taxation id="2670" taxation-threshold="88080384" timestamp="2019-08-09T00:19:06.867" intervalms="192.687" />
<cycle-start id="2671" type="partial gc" contextid="0" timestamp="2019-08-09T00:19:06.867" intervalms="192.709" />
<gc-start id="2672" type="partial gc" contextid="2671" timestamp="2019-08-09T00:19:06.868">
  <mem-info id="2673" free="90177536" total="320864256" percent="28">
    <mem type="eden" free="0" total="88080384" percent="0" />
    <remembered-set count="6784" freebytes="12800384" totalbytes="12827520" percent="99" regionsoverflowed="0" regionsstable="9" regionsrebuilding="0"/>
  </mem-info>
</gc-start>
<allocation-stats totalBytes="88022056" >
  <allocated-bytes non-tlh="0" tlh="88022056" arrayletleaf="0"/>
  <largest-consumer threadName="main" threadId="0000000001FF0F00" bytes="88022056" />
</allocation-stats>
<gc-op id="2674" type="copy forward" timems="6.209" contextid="2671" timestamp="2019-08-09T00:19:06.875">
  <memory-copied type="eden" objects="43" bytes="1192" bytesdiscarded="480" />
  <memory-copied type="other" objects="36" bytes="864" bytesdiscarded="1608" />
  <memory-cardclean objects="138" bytes="3888" />
  <regions eden="42" other="2" />
  <remembered-set-cleared processed="442" cleared="14" durationms="0.303" />
  <stringconstants candidates="13838" cleared="0"  />
</gc-op>
<gc-op id="2675" type="classunload" timems="0.007" contextid="2671" timestamp="2019-08-09T00:19:06.875">
  <classunload-info classloadercandidates="54" classloadersunloaded="0" classesunloaded="0" anonymousclassesunloaded="0" quiescems="0.000" setupms="0.006" scanms="0.000" postms="0.000" />
</gc-op>
<gc-end id="2676" type="partial gc" contextid="2671" durationms="7.312" usertimems="16.129" systemtimems="0.000" timestamp="2019-08-09T00:19:06.875" activeThreads="16">
  <mem-info id="2677" free="176160768" total="320864256" percent="54">
    <mem type="eden" free="2095480" total="2097152" percent="99" />
    <remembered-set count="6368" freebytes="12802048" totalbytes="12827520" percent="99" regionsoverflowed="0" regionsstable="9" regionsrebuilding="0"/>
  </mem-info>
</gc-end>
<cycle-end id="2678" type="partial gc" contextid="2671" timestamp="2019-08-09T00:19:06.875" />
  <attribute name="elasticGC enabled" value="1" />
  <attribute name= "numThreadsSpecified" value="16" />
  <attribute name="heapSize specified" value="0" />
  <attribute name="Current GC Util" value="156" />
  <attribute name= "Current Time Running" value="157102" />
  <attribute name ="GC Interval" value="0" />
  <attribute name="Target GC Util Change" value ="80.000000" />
  <attribute name="Current GC Util Change" value="156.000000"/>
  <attribute name="Current Error" value="-108.000000" />
  <attribute name="Output H" value="320902040"/>
  <attribute name="Output I" value="1944"/>
  <attribute name="Output T" value="16"/>
  <attribute name= "Current Time Running" value="157102" />
  <attribute name="GC Util currently" value="156" />
  <attribute name="CPU Util currently" value="2183439305767" />
<exclusive-end id="2679" timestamp="2019-08-09T00:19:06.875" durationms="7.909" />

<exclusive-start id="2680" timestamp="2019-08-09T00:19:06.928" intervalms="60.733">
  <response-info timems="0.016" idlems="0.016" threads="0" lastid="0000000001FF0F00" lastname="main" />
</exclusive-start>
<allocation-taxation id="2681" taxation-threshold="88080384" timestamp="2019-08-09T00:19:06.928" intervalms="60.754" />
<cycle-start id="2682" type="partial gc" contextid="0" timestamp="2019-08-09T00:19:06.928" intervalms="60.759" />
<gc-start id="2683" type="partial gc" contextid="2682" timestamp="2019-08-09T00:19:06.928">
  <mem-info id="2684" free="88080384" total="320864256" percent="27">
    <mem type="eden" free="0" total="88080384" percent="0" />
    <remembered-set count="5920" freebytes="12803840" totalbytes="12827520" percent="99" regionsoverflowed="0" regionsstable="9" regionsrebuilding="0"/>
  </mem-info>
</gc-start>
<allocation-stats totalBytes="87966440" >
  <allocated-bytes non-tlh="0" tlh="87966440" arrayletleaf="0"/>
  <largest-consumer threadName="main" threadId="0000000001FF0F00" bytes="87966440" />
</allocation-stats>
<gc-op id="2685" type="copy forward" timems="9.024" contextid="2682" timestamp="2019-08-09T00:19:06.939">
  <memory-copied type="eden" objects="24" bytes="1280" bytesdiscarded="696" />
  <memory-copied type="other" objects="30" bytes="720" bytesdiscarded="1056" />
  <memory-cardclean objects="83" bytes="2688" />
  <regions eden="42" other="2" />
  <remembered-set-cleared processed="448" cleared="12" durationms="0.167" />
  <stringconstants candidates="13838" cleared="0"  />
</gc-op>
<gc-op id="2686" type="classunload" timems="0.008" contextid="2682" timestamp="2019-08-09T00:19:06.939">
  <classunload-info classloadercandidates="54" classloadersunloaded="0" classesunloaded="0" anonymousclassesunloaded="0" quiescems="0.000" setupms="0.008" scanms="0.000" postms="0.000" />
</gc-op>
<gc-end id="2687" type="partial gc" contextid="2682" durationms="10.470" usertimems="23.493" systemtimems="0.000" timestamp="2019-08-09T00:19:06.939" activeThreads="16">
  <mem-info id="2688" free="174063616" total="320864256" percent="54">
    <mem type="eden" free="2095176" total="2097152" percent="99" />
    <remembered-set count="6624" freebytes="12801024" totalbytes="12827520" percent="99" regionsoverflowed="0" regionsstable="9" regionsrebuilding="0"/>
  </mem-info>
</gc-end>
<cycle-end id="2689" type="partial gc" contextid="2682" timestamp="2019-08-09T00:19:06.939" />
  <attribute name="elasticGC enabled" value="1" />
  <attribute name= "numThreadsSpecified" value="16" />
  <attribute name="heapSize specified" value="0" />
  <attribute name="Current GC Util" value="190" />
  <attribute name= "Current Time Running" value="157163" />
  <attribute name ="GC Interval" value="0" />
  <attribute name="Target GC Util Change" value ="80.000000" />
  <attribute name="Current GC Util Change" value="190.000000"/>
  <attribute name="Current Error" value="-163.000000" />
  <attribute name="Output H" value="320902008"/>
  <attribute name="Output I" value="1912"/>
  <attribute name="Output T" value="16"/>
  <attribute name= "Current Time Running" value="157163" />
  <attribute name="GC Util currently" value="190" />
  <attribute name="CPU Util currently" value="1426709949187" />
<exclusive-end id="2690" timestamp="2019-08-09T00:19:06.939" durationms="11.163" />

<exclusive-start id="2691" timestamp="2019-08-09T00:19:06.966" intervalms="38.529">
  <response-info timems="0.025" idlems="0.025" threads="0" lastid="0000000001FF0F00" lastname="main" />
</exclusive-start>
<allocation-taxation id="2692" taxation-threshold="88080384" timestamp="2019-08-09T00:19:06.967" intervalms="38.540" />
<cycle-start id="2693" type="partial gc" contextid="0" timestamp="2019-08-09T00:19:06.967" intervalms="38.536" />
<gc-start id="2694" type="partial gc" contextid="2693" timestamp="2019-08-09T00:19:06.967">
  <mem-info id="2695" free="85983232" total="320864256" percent="26">
    <mem type="eden" free="0" total="88080384" percent="0" />
    <remembered-set count="6304" freebytes="12802304" totalbytes="12827520" percent="99" regionsoverflowed="0" regionsstable="9" regionsrebuilding="0"/>
  </mem-info>
</gc-start>
<allocation-stats totalBytes="87923400" >
  <allocated-bytes non-tlh="0" tlh="87923400" arrayletleaf="0"/>
  <largest-consumer threadName="main" threadId="0000000001FF0F00" bytes="87923400" />
</allocation-stats>
<gc-op id="2696" type="copy forward" timems="7.163" contextid="2693" timestamp="2019-08-09T00:19:06.975">
  <memory-copied type="eden" objects="3" bytes="72" bytesdiscarded="0" />
  <memory-copied type="other" objects="45" bytes="1784" bytesdiscarded="1752" />
  <memory-cardclean objects="66" bytes="2368" />
  <regions eden="42" other="2" />
  <remembered-set-cleared processed="448" cleared="9" durationms="0.146" />
  <stringconstants candidates="13838" cleared="0"  />
</gc-op>
<gc-op id="2697" type="classunload" timems="0.008" contextid="2693" timestamp="2019-08-09T00:19:06.975">
  <classunload-info classloadercandidates="54" classloadersunloaded="0" classesunloaded="0" anonymousclassesunloaded="0" quiescems="0.000" setupms="0.008" scanms="0.000" postms="0.000" />
</gc-op>
<gc-end id="2698" type="partial gc" contextid="2693" durationms="8.365" usertimems="18.395" systemtimems="0.000" timestamp="2019-08-09T00:19:06.975" activeThreads="16">
  <mem-info id="2699" free="171966464" total="320864256" percent="53">
    <mem type="eden" free="2097080" total="2097152" percent="99" />
    <remembered-set count="6656" freebytes="12800896" totalbytes="12827520" percent="99" regionsoverflowed="0" regionsstable="9" regionsrebuilding="0"/>
  </mem-info>
</gc-end>
<cycle-end id="2700" type="partial gc" contextid="2693" timestamp="2019-08-09T00:19:06.975" />
  <attribute name="elasticGC enabled" value="1" />
  <attribute name= "numThreadsSpecified" value="16" />
  <attribute name="heapSize specified" value="0" />
  <attribute name="Current GC Util" value="126" />
  <attribute name= "Current Time Running" value="157201" />
  <attribute name ="GC Interval" value="0" />
  <attribute name="Target GC Util Change" value ="80.000000" />
  <attribute name="Current GC Util Change" value="126.000000"/>
  <attribute name="Current Error" value="-24.000000" />
  <attribute name="Output H" value="320902088"/>
  <attribute name="Output I" value="1992"/>
  <attribute name="Output T" value="16"/>
  <attribute name= "Current Time Running" value="157201" />
  <attribute name="GC Util currently" value="126" />
  <attribute name="CPU Util currently" value="1825354775259" />
<exclusive-end id="2701" timestamp="2019-08-09T00:19:06.976" durationms="9.063" />

<exclusive-start id="2702" timestamp="2019-08-09T00:19:07.065" intervalms="98.382">
  <response-info timems="0.018" idlems="0.018" threads="0" lastid="0000000001FF0F00" lastname="main" />
</exclusive-start>
<allocation-taxation id="2703" taxation-threshold="88080384" timestamp="2019-08-09T00:19:07.065" intervalms="98.356" />
<cycle-start id="2704" type="partial gc" contextid="0" timestamp="2019-08-09T00:19:07.065" intervalms="98.383" />
<gc-start id="2705" type="partial gc" contextid="2704" timestamp="2019-08-09T00:19:07.065">
  <mem-info id="2706" free="83886080" total="320864256" percent="26">
    <mem type="eden" free="2097080" total="90177536" percent="2" />
    <remembered-set count="6176" freebytes="12802816" totalbytes="12827520" percent="99" regionsoverflowed="0" regionsstable="9" regionsrebuilding="0"/>
  </mem-info>
</gc-start>
<allocation-stats totalBytes="87962888" >
  <allocated-bytes non-tlh="0" tlh="87962888" arrayletleaf="0"/>
  <largest-consumer threadName="main" threadId="0000000001FF0F00" bytes="87962888" />
</allocation-stats>
<gc-op id="2707" type="copy forward" timems="7.365" contextid="2704" timestamp="2019-08-09T00:19:07.075">
  <memory-copied type="eden" objects="30" bytes="1344" bytesdiscarded="848" />
  <memory-copied type="other" objects="6" bytes="144" bytesdiscarded="648" />
  <memory-cardclean objects="82" bytes="2496" />
  <regions eden="42" other="2" />
  <remembered-set-cleared processed="452" cleared="12" durationms="0.254" />
  <stringconstants candidates="13838" cleared="0"  />
</gc-op>
<gc-op id="2708" type="classunload" timems="0.008" contextid="2704" timestamp="2019-08-09T00:19:07.075">
  <classunload-info classloadercandidates="54" classloadersunloaded="0" classesunloaded="0" anonymousclassesunloaded="0" quiescems="0.000" setupms="0.008" scanms="0.000" postms="0.000" />
</gc-op>
<heap-resize id="2709" type="expand" space="default" amount="52428800" count="1" timems="0.253" reason="excessive time being spent in gc" timestamp="2019-08-09T00:19:07.075" />
<gc-end id="2710" type="partial gc" contextid="2704" durationms="9.963" usertimems="20.805" systemtimems="0.000" timestamp="2019-08-09T00:19:07.075" activeThreads="16">
  <mem-info id="2711" free="224395264" total="373293056" percent="60">
    <mem type="eden" free="2094960" total="2097152" percent="99" />
    <remembered-set count="6688" freebytes="14896768" totalbytes="14923520" percent="99" regionsoverflowed="0" regionsstable="9" regionsrebuilding="0"/>
  </mem-info>
</gc-end>
<cycle-end id="2712" type="partial gc" contextid="2704" timestamp="2019-08-09T00:19:07.075" />
  <attribute name="elasticGC enabled" value="1" />
  <attribute name= "numThreadsSpecified" value="16" />
  <attribute name="heapSize specified" value="0" />
  <attribute name="Current GC Util" value="189" />
  <attribute name= "Current Time Running" value="157301" />
  <attribute name ="GC Interval" value="0" />
  <attribute name="Target GC Util Change" value ="80.000000" />
  <attribute name="Current GC Util Change" value="189.000000"/>
  <attribute name="Current Error" value="-71.000000" />
  <attribute name="Output H" value="320902056"/>
  <attribute name="Output I" value="1960"/>
  <attribute name="Output T" value="16"/>
  <attribute name= "Current Time Running" value="157301" />
  <attribute name="GC Util currently" value="189" />
  <attribute name="CPU Util currently" value="791930860513" />
<exclusive-end id="2713" timestamp="2019-08-09T00:19:07.075" durationms="10.559" />

<exclusive-start id="2714" timestamp="2019-08-09T00:19:07.155" intervalms="89.906">
  <response-info timems="0.072" idlems="0.072" threads="0" lastid="0000000001FF0F00" lastname="main" />
</exclusive-start>
<allocation-taxation id="2715" taxation-threshold="100663296" timestamp="2019-08-09T00:19:07.155" intervalms="89.926" />
<cycle-start id="2716" type="partial gc" contextid="0" timestamp="2019-08-09T00:19:07.155" intervalms="89.877" />
<gc-start id="2717" type="partial gc" contextid="2716" timestamp="2019-08-09T00:19:07.155">
  <mem-info id="2718" free="123731968" total="373293056" percent="33">
    <mem type="eden" free="0" total="100663296" percent="0" />
    <remembered-set count="6208" freebytes="14898688" totalbytes="14923520" percent="99" regionsoverflowed="0" regionsstable="9" regionsrebuilding="0"/>
  </mem-info>
</gc-start>
<allocation-stats totalBytes="100573024" >
  <allocated-bytes non-tlh="0" tlh="100573024" arrayletleaf="0"/>
  <largest-consumer threadName="main" threadId="0000000001FF0F00" bytes="100573024" />
</allocation-stats>
<gc-op id="2719" type="copy forward" timems="6.820" contextid="2716" timestamp="2019-08-09T00:19:07.163">
  <memory-copied type="eden" objects="41" bytes="4336" bytesdiscarded="576" />
  <memory-copied type="other" objects="18" bytes="432" bytesdiscarded="1320" />
  <memory-cardclean objects="85" bytes="2640" />
  <regions eden="48" other="2" />
  <remembered-set-cleared processed="451" cleared="13" durationms="0.153" />
  <stringconstants candidates="13838" cleared="0"  />
</gc-op>
<gc-op id="2720" type="classunload" timems="0.010" contextid="2716" timestamp="2019-08-09T00:19:07.163">
  <classunload-info classloadercandidates="54" classloadersunloaded="0" classesunloaded="0" anonymousclassesunloaded="0" quiescems="0.000" setupms="0.010" scanms="0.000" postms="0.000" />
</gc-op>
<heap-resize id="2721" type="expand" space="default" amount="4194304" count="1" timems="0.072" reason="excessive time being spent in gc" timestamp="2019-08-09T00:19:07.163" />
<gc-end id="2722" type="partial gc" contextid="2716" durationms="7.961" usertimems="18.798" systemtimems="0.000" timestamp="2019-08-09T00:19:07.163" activeThreads="16">
  <mem-info id="2723" free="226492416" total="377487360" percent="60">
    <mem type="eden" free="2092240" total="2097152" percent="99" />
    <remembered-set count="7136" freebytes="15062656" totalbytes="15091200" percent="99" regionsoverflowed="0" regionsstable="9" regionsrebuilding="0"/>
  </mem-info>
</gc-end>
<cycle-end id="2724" type="partial gc" contextid="2716" timestamp="2019-08-09T00:19:07.163" />
  <attribute name="elasticGC enabled" value="1" />
  <attribute name= "numThreadsSpecified" value="16" />
  <attribute name="heapSize specified" value="0" />
  <attribute name="Current GC Util" value="63" />
  <attribute name= "Current Time Running" value="157389" />
  <attribute name ="GC Interval" value="0" />
  <attribute name="Target GC Util Change" value ="80.000000" />
  <attribute name="Current GC Util Change" value="63.000000"/>
  <attribute name="Current Error" value="6.000000" />
  <attribute name="Output H" value="373330904"/>
  <attribute name="Output I" value="2008"/>
  <attribute name="Output T" value="16"/>
  <attribute name= "Current Time Running" value="157389" />
  <attribute name="GC Util currently" value="63" />
  <attribute name="CPU Util currently" value="2143379065830" />
<exclusive-end id="2725" timestamp="2019-08-09T00:19:07.163" durationms="8.534" />

<exclusive-start id="2726" timestamp="2019-08-09T00:19:07.379" intervalms="223.984">
  <response-info timems="0.021" idlems="0.021" threads="0" lastid="0000000001FF0F00" lastname="main" />
</exclusive-start>
<allocation-taxation id="2727" taxation-threshold="100663296" timestamp="2019-08-09T00:19:07.379" intervalms="223.985" />
<cycle-start id="2728" type="partial gc" contextid="0" timestamp="2019-08-09T00:19:07.379" intervalms="224.006" />
<gc-start id="2729" type="partial gc" contextid="2728" timestamp="2019-08-09T00:19:07.379">
  <mem-info id="2730" free="125829120" total="377487360" percent="33">
    <mem type="eden" free="0" total="100663296" percent="0" />
    <remembered-set count="6656" freebytes="15064576" totalbytes="15091200" percent="99" regionsoverflowed="0" regionsstable="9" regionsrebuilding="0"/>
  </mem-info>
</gc-start>
<allocation-stats totalBytes="100563056" >
  <allocated-bytes non-tlh="0" tlh="100563056" arrayletleaf="0"/>
  <largest-consumer threadName="main" threadId="0000000001FF0F00" bytes="100563056" />
</allocation-stats>
<gc-op id="2731" type="copy forward" timems="9.544" contextid="2728" timestamp="2019-08-09T00:19:07.390">
  <memory-copied type="eden" objects="29" bytes="904" bytesdiscarded="456" />
  <memory-copied type="other" objects="24" bytes="576" bytesdiscarded="720" />
  <memory-cardclean objects="108" bytes="11456" />
  <regions eden="48" other="2" />
  <remembered-set-cleared processed="453" cleared="22" durationms="0.130" />
  <references type="weak" candidates="2" cleared="0" enqueued="0" />
  <stringconstants candidates="13838" cleared="0"  />
</gc-op>
<gc-op id="2732" type="classunload" timems="0.009" contextid="2728" timestamp="2019-08-09T00:19:07.390">
  <classunload-info classloadercandidates="54" classloadersunloaded="0" classesunloaded="0" anonymousclassesunloaded="0" quiescems="0.000" setupms="0.009" scanms="0.000" postms="0.000" />
</gc-op>
<gc-end id="2733" type="partial gc" contextid="2728" durationms="10.728" usertimems="20.952" systemtimems="0.000" timestamp="2019-08-09T00:19:07.390" activeThreads="16">
  <mem-info id="2734" free="224395264" total="377487360" percent="59">
    <mem type="eden" free="2095792" total="2097152" percent="99" />
    <remembered-set count="6048" freebytes="15067008" totalbytes="15091200" percent="99" regionsoverflowed="0" regionsstable="9" regionsrebuilding="0"/>
  </mem-info>
</gc-end>
<cycle-end id="2735" type="partial gc" contextid="2728" timestamp="2019-08-09T00:19:07.390" />
  <attribute name="elasticGC enabled" value="1" />
  <attribute name= "numThreadsSpecified" value="16" />
  <attribute name="heapSize specified" value="0" />
  <attribute name="Current GC Util" value="103" />
  <attribute name= "Current Time Running" value="157613" />
  <attribute name ="GC Interval" value="0" />
  <attribute name="Target GC Util Change" value ="80.000000" />
  <attribute name="Current GC Util Change" value="103.000000"/>
  <attribute name="Current Error" value="50.000000" />
  <attribute name="Output H" value="377525232"/>
  <attribute name="Output I" value="2032"/>
  <attribute name="Output T" value="16"/>
  <attribute name= "Current Time Running" value="157613" />
  <attribute name="GC Util currently" value="103" />
  <attribute name="CPU Util currently" value="1797947823240" />
<exclusive-end id="2736" timestamp="2019-08-09T00:19:07.390" durationms="11.353" />

<exclusive-start id="2737" timestamp="2019-08-09T00:19:07.602" intervalms="223.364">
  <response-info timems="0.024" idlems="0.024" threads="0" lastid="0000000001FF0F00" lastname="main" />
</exclusive-start>
<allocation-taxation id="2738" taxation-threshold="100663296" timestamp="2019-08-09T00:19:07.602" intervalms="223.335" />
<cycle-start id="2739" type="partial gc" contextid="0" timestamp="2019-08-09T00:19:07.602" intervalms="223.301" />
<gc-start id="2740" type="partial gc" contextid="2739" timestamp="2019-08-09T00:19:07.602">
  <mem-info id="2741" free="123731968" total="377487360" percent="32">
    <mem type="eden" free="0" total="100663296" percent="0" />
    <remembered-set count="5664" freebytes="15068544" totalbytes="15091200" percent="99" regionsoverflowed="0" regionsstable="9" regionsrebuilding="0"/>
  </mem-info>
</gc-start>
<allocation-stats totalBytes="100644616" >
  <allocated-bytes non-tlh="0" tlh="100644616" arrayletleaf="0"/>
  <largest-consumer threadName="main" threadId="0000000001FF0F00" bytes="100644616" />
</allocation-stats>
<gc-op id="2742" type="copy forward" timems="12.155" contextid="2739" timestamp="2019-08-09T00:19:07.616">
  <memory-copied type="eden" objects="9" bytes="312" bytesdiscarded="0" />
  <memory-copied type="other" objects="40" bytes="1168" bytesdiscarded="1880" />
  <memory-cardclean objects="57" bytes="10256" />
  <regions eden="48" other="2" />
  <remembered-set-cleared processed="455" cleared="16" durationms="0.161" />
  <references type="weak" candidates="2" cleared="0" enqueued="0" />
  <stringconstants candidates="13838" cleared="0"  />
</gc-op>
<gc-op id="2743" type="classunload" timems="0.011" contextid="2739" timestamp="2019-08-09T00:19:07.616">
  <classunload-info classloadercandidates="54" classloadersunloaded="0" classesunloaded="0" anonymousclassesunloaded="0" quiescems="0.000" setupms="0.011" scanms="0.000" postms="0.000" />
</gc-op>
<gc-end id="2744" type="partial gc" contextid="2739" durationms="13.828" usertimems="27.315" systemtimems="0.000" timestamp="2019-08-09T00:19:07.616" activeThreads="16">
  <mem-info id="2745" free="222298112" total="377487360" percent="58">
    <mem type="eden" free="2096840" total="2097152" percent="99" />
    <remembered-set count="7328" freebytes="15061888" totalbytes="15091200" percent="99" regionsoverflowed="0" regionsstable="9" regionsrebuilding="0"/>
  </mem-info>
</gc-end>
<cycle-end id="2746" type="partial gc" contextid="2739" timestamp="2019-08-09T00:19:07.616" />
  <attribute name="elasticGC enabled" value="1" />
  <attribute name= "numThreadsSpecified" value="16" />
  <attribute name="heapSize specified" value="0" />
  <attribute name="Current GC Util" value="95" />
  <attribute name= "Current Time Running" value="157837" />
  <attribute name ="GC Interval" value="0" />
  <attribute name="Target GC Util Change" value ="80.000000" />
  <attribute name="Current GC Util Change" value="95.000000"/>
  <attribute name="Current Error" value="106.000000" />
  <attribute name="Output H" value="377525264"/>
  <attribute name="Output I" value="2064"/>
  <attribute name="Output T" value="16"/>
  <attribute name= "Current Time Running" value="157837" />
  <attribute name="GC Util currently" value="95" />
  <attribute name="CPU Util currently" value="993772728504" />
<exclusive-end id="2747" timestamp="2019-08-09T00:19:07.616" durationms="14.345" />

<exclusive-start id="2748" timestamp="2019-08-09T00:19:07.779" intervalms="176.878">
  <response-info timems="0.018" idlems="0.018" threads="0" lastid="0000000001FF0F00" lastname="main" />
</exclusive-start>
<allocation-taxation id="2749" taxation-threshold="100663296" timestamp="2019-08-09T00:19:07.779" intervalms="176.889" />
<cycle-start id="2750" type="partial gc" contextid="0" timestamp="2019-08-09T00:19:07.779" intervalms="176.909" />
<gc-start id="2751" type="partial gc" contextid="2750" timestamp="2019-08-09T00:19:07.779">
  <mem-info id="2752" free="121634816" total="377487360" percent="32">
    <mem type="eden" free="2096840" total="102760448" percent="2" />
    <remembered-set count="6848" freebytes="15063808" totalbytes="15091200" percent="99" regionsoverflowed="0" regionsstable="9" regionsrebuilding="0"/>
  </mem-info>
</gc-start>
<allocation-stats totalBytes="100612576" >
  <allocated-bytes non-tlh="0" tlh="100612576" arrayletleaf="0"/>
  <largest-consumer threadName="main" threadId="0000000001FF0F00" bytes="100612576" />
</allocation-stats>
<gc-op id="2753" type="copy forward" timems="11.119" contextid="2750" timestamp="2019-08-09T00:19:07.791">
  <memory-copied type="eden" objects="26" bytes="1352" bytesdiscarded="0" />
  <memory-copied type="other" objects="14" bytes="352" bytesdiscarded="0" />
  <memory-cardclean objects="61" bytes="10264" />
  <regions eden="48" other="2" />
  <remembered-set-cleared processed="458" cleared="14" durationms="0.335" />
  <references type="weak" candidates="2" cleared="0" enqueued="0" />
  <stringconstants candidates="13838" cleared="0"  />
</gc-op>
<gc-op id="2754" type="classunload" timems="0.008" contextid="2750" timestamp="2019-08-09T00:19:07.791">
  <classunload-info classloadercandidates="54" classloadersunloaded="0" classesunloaded="0" anonymousclassesunloaded="0" quiescems="0.000" setupms="0.008" scanms="0.000" postms="0.000" />
</gc-op>
<gc-end id="2755" type="partial gc" contextid="2750" durationms="12.320" usertimems="32.648" systemtimems="0.000" timestamp="2019-08-09T00:19:07.792" activeThreads="16">
  <mem-info id="2756" free="222298112" total="377487360" percent="58">
    <mem type="eden" free="2095800" total="2097152" percent="99" />
    <remembered-set count="5408" freebytes="15069568" totalbytes="15091200" percent="99" regionsoverflowed="0" regionsstable="9" regionsrebuilding="0"/>
  </mem-info>
</gc-end>
<cycle-end id="2757" type="partial gc" contextid="2750" timestamp="2019-08-09T00:19:07.792" />
  <attribute name="elasticGC enabled" value="1" />
  <attribute name= "numThreadsSpecified" value="16" />
  <attribute name="heapSize specified" value="0" />
  <attribute name="Current GC Util" value="117" />
  <attribute name= "Current Time Running" value="158014" />
  <attribute name ="GC Interval" value="0" />
  <attribute name="Target GC Util Change" value ="80.000000" />
  <attribute name="Current GC Util Change" value="117.000000"/>
  <attribute name="Current Error" value="135.000000" />
  <attribute name="Output H" value="377525280"/>
  <attribute name="Output I" value="2080"/>
  <attribute name="Output T" value="16"/>
  <attribute name= "Current Time Running" value="158014" />
  <attribute name="GC Util currently" value="117" />
  <attribute name="CPU Util currently" value="1609016487211" />
<exclusive-end id="2758" timestamp="2019-08-09T00:19:07.792" durationms="13.099" />

<exclusive-start id="2759" timestamp="2019-08-09T00:19:07.824" intervalms="44.620">
  <response-info timems="0.016" idlems="0.016" threads="0" lastid="0000000001FF0F00" lastname="main" />
</exclusive-start>
<allocation-taxation id="2760" taxation-threshold="100663296" timestamp="2019-08-09T00:19:07.824" intervalms="44.633" />
<cycle-start id="2761" type="partial gc" contextid="0" timestamp="2019-08-09T00:19:07.824" intervalms="44.647" />
<gc-start id="2762" type="partial gc" contextid="2761" timestamp="2019-08-09T00:19:07.824">
  <mem-info id="2763" free="121634816" total="377487360" percent="32">
    <mem type="eden" free="0" total="100663296" percent="0" />
    <remembered-set count="5184" freebytes="15070464" totalbytes="15091200" percent="99" regionsoverflowed="0" regionsstable="9" regionsrebuilding="0"/>
  </mem-info>
</gc-start>
<allocation-stats totalBytes="100525528" >
  <allocated-bytes non-tlh="0" tlh="100525528" arrayletleaf="0"/>
  <largest-consumer threadName="main" threadId="0000000001FF0F00" bytes="100525528" />
</allocation-stats>
<gc-op id="2764" type="copy forward" timems="10.347" contextid="2761" timestamp="2019-08-09T00:19:07.836">
  <memory-copied type="eden" objects="4" bytes="112" bytesdiscarded="680" />
  <memory-copied type="other" objects="35" bytes="1568" bytesdiscarded="2568" />
  <memory-cardclean objects="49" bytes="10072" />
  <regions eden="48" other="2" />
  <remembered-set-cleared processed="458" cleared="14" durationms="0.178" />
  <references type="weak" candidates="2" cleared="0" enqueued="0" />
  <stringconstants candidates="13838" cleared="0"  />
</gc-op>
<gc-op id="2765" type="classunload" timems="0.009" contextid="2761" timestamp="2019-08-09T00:19:07.836">
  <classunload-info classloadercandidates="54" classloadersunloaded="0" classesunloaded="0" anonymousclassesunloaded="0" quiescems="0.000" setupms="0.009" scanms="0.000" postms="0.000" />
</gc-op>
<gc-end id="2766" type="partial gc" contextid="2761" durationms="12.077" usertimems="26.708" systemtimems="0.000" timestamp="2019-08-09T00:19:07.836" activeThreads="16">
  <mem-info id="2767" free="220200960" total="377487360" percent="58">
    <mem type="eden" free="2096360" total="2097152" percent="99" />
    <remembered-set count="7456" freebytes="15061376" totalbytes="15091200" percent="99" regionsoverflowed="0" regionsstable="9" regionsrebuilding="0"/>
  </mem-info>
</gc-end>
<cycle-end id="2768" type="partial gc" contextid="2761" timestamp="2019-08-09T00:19:07.836" />
  <attribute name="elasticGC enabled" value="1" />
  <attribute name= "numThreadsSpecified" value="16" />
  <attribute name="heapSize specified" value="0" />
  <attribute name="Current GC Util" value="301" />
  <attribute name= "Current Time Running" value="158059" />
  <attribute name ="GC Interval" value="0" />
  <attribute name="Target GC Util Change" value ="80.000000" />
  <attribute name="Current GC Util Change" value="301.000000"/>
  <attribute name="Current Error" value="-213.000000" />
  <attribute name="Output H" value="377525080"/>
  <attribute name="Output I" value="1880"/>
  <attribute name="Output T" value="16"/>
  <attribute name= "Current Time Running" value="158059" />
  <attribute name="GC Util currently" value="301" />
  <attribute name="CPU Util currently" value="922801518115" />
<exclusive-end id="2769" timestamp="2019-08-09T00:19:07.836" durationms="12.762" />

* Round 3 done in 3.576 seconds.
<exclusive-start id="2770" timestamp="2019-08-09T00:19:07.900" intervalms="76.566">
  <response-info timems="0.020" idlems="0.020" threads="0" lastid="0000000001FF0F00" lastname="main" />
</exclusive-start>
<allocation-taxation id="2771" taxation-threshold="100663296" timestamp="2019-08-09T00:19:07.900" intervalms="76.549" />
<cycle-start id="2772" type="partial gc" contextid="0" timestamp="2019-08-09T00:19:07.900" intervalms="76.554" />
<gc-start id="2773" type="partial gc" contextid="2772" timestamp="2019-08-09T00:19:07.901">
  <mem-info id="2774" free="119537664" total="377487360" percent="31">
    <mem type="eden" free="2096360" total="102760448" percent="2" />
    <remembered-set count="6976" freebytes="15063296" totalbytes="15091200" percent="99" regionsoverflowed="0" regionsstable="9" regionsrebuilding="0"/>
  </mem-info>
</gc-start>
<allocation-stats totalBytes="100581552" >
  <allocated-bytes non-tlh="0" tlh="100581552" arrayletleaf="0"/>
  <largest-consumer threadName="main" threadId="0000000001FF0F00" bytes="100581552" />
</allocation-stats>
<gc-op id="2775" type="copy forward" timems="13.052" contextid="2772" timestamp="2019-08-09T00:19:07.915">
  <memory-copied type="eden" objects="36" bytes="1248" bytesdiscarded="1248" />
  <memory-copied type="other" objects="6" bytes="144" bytesdiscarded="672" />
  <memory-cardclean objects="125" bytes="4088" />
  <regions eden="48" other="2" />
  <remembered-set-cleared processed="461" cleared="11" durationms="0.339" />
  <stringconstants candidates="13838" cleared="0"  />
</gc-op>
<gc-op id="2776" type="classunload" timems="0.009" contextid="2772" timestamp="2019-08-09T00:19:07.915">
  <classunload-info classloadercandidates="54" classloadersunloaded="0" classesunloaded="0" anonymousclassesunloaded="0" quiescems="0.000" setupms="0.008" scanms="0.000" postms="0.000" />
</gc-op>
<heap-resize id="2777" type="expand" space="default" amount="16777216" count="1" timems="0.209" reason="excessive time being spent in gc" timestamp="2019-08-09T00:19:07.915" />
<gc-end id="2778" type="partial gc" contextid="2772" durationms="14.479" usertimems="32.086" systemtimems="0.000" timestamp="2019-08-09T00:19:07.915" activeThreads="16">
  <mem-info id="2779" free="236978176" total="394264576" percent="60">
    <mem type="eden" free="2094656" total="2097152" percent="99" />
    <remembered-set count="7136" freebytes="15733376" totalbytes="15761920" percent="99" regionsoverflowed="0" regionsstable="9" regionsrebuilding="0"/>
  </mem-info>
</gc-end>
<cycle-end id="2780" type="partial gc" contextid="2772" timestamp="2019-08-09T00:19:07.915" />
  <attribute name="elasticGC enabled" value="1" />
  <attribute name= "numThreadsSpecified" value="16" />
  <attribute name="heapSize specified" value="0" />
  <attribute name="Current GC Util" value="127" />
  <attribute name= "Current Time Running" value="158135" />
  <attribute name ="GC Interval" value="0" />
  <attribute name="Target GC Util Change" value ="80.000000" />
  <attribute name="Current GC Util Change" value="127.000000"/>
  <attribute name="Current Error" value="-210.000000" />
  <attribute name="Output H" value="377525080"/>
  <attribute name="Output I" value="1880"/>
  <attribute name="Output T" value="16"/>
  <attribute name= "Current Time Running" value="158135" />
  <attribute name="GC Util currently" value="127" />
  <attribute name="CPU Util currently" value="2113265272893" />
<exclusive-end id="2781" timestamp="2019-08-09T00:19:07.915" durationms="15.182" />

<exclusive-start id="2782" timestamp="2019-08-09T00:19:08.160" intervalms="260.053">
  <response-info timems="0.022" idlems="0.022" threads="0" lastid="0000000001FF0F00" lastname="main" />
</exclusive-start>
<allocation-taxation id="2783" taxation-threshold="104857600" timestamp="2019-08-09T00:19:08.160" intervalms="260.053" />
<cycle-start id="2784" type="partial gc" contextid="0" timestamp="2019-08-09T00:19:08.160" intervalms="260.018" />
<gc-start id="2785" type="partial gc" contextid="2784" timestamp="2019-08-09T00:19:08.161">
  <mem-info id="2786" free="132120576" total="394264576" percent="33">
    <mem type="eden" free="0" total="104857600" percent="0" />
    <remembered-set count="6656" freebytes="15735296" totalbytes="15761920" percent="99" regionsoverflowed="0" regionsstable="9" regionsrebuilding="0"/>
  </mem-info>
</gc-start>
<allocation-stats totalBytes="104535536" >
  <allocated-bytes non-tlh="0" tlh="104535536" arrayletleaf="0"/>
  <largest-consumer threadName="main" threadId="0000000001FF0F00" bytes="104535536" />
</allocation-stats>
<gc-op id="2787" type="copy forward" timems="13.823" contextid="2784" timestamp="2019-08-09T00:19:08.175">
  <memory-copied type="eden" objects="69" bytes="2928" bytesdiscarded="384" />
  <memory-copied type="other" objects="25" bytes="800" bytesdiscarded="1968" />
  <memory-cardclean objects="144" bytes="4256" />
  <regions eden="50" other="2" />
  <remembered-set-cleared processed="458" cleared="16" durationms="0.427" />
  <stringconstants candidates="13838" cleared="0"  />
</gc-op>
<gc-op id="2788" type="classunload" timems="0.010" contextid="2784" timestamp="2019-08-09T00:19:08.176">
  <classunload-info classloadercandidates="54" classloadersunloaded="0" classesunloaded="0" anonymousclassesunloaded="0" quiescems="0.000" setupms="0.010" scanms="0.000" postms="0.000" />
</gc-op>
<gc-end id="2789" type="partial gc" contextid="2784" durationms="15.144" usertimems="29.538" systemtimems="0.000" timestamp="2019-08-09T00:19:08.176" activeThreads="16">
  <mem-info id="2790" free="234881024" total="394264576" percent="59">
    <mem type="eden" free="2093840" total="2097152" percent="99" />
    <remembered-set count="6912" freebytes="15734272" totalbytes="15761920" percent="99" regionsoverflowed="0" regionsstable="9" regionsrebuilding="0"/>
  </mem-info>
</gc-end>
<cycle-end id="2791" type="partial gc" contextid="2784" timestamp="2019-08-09T00:19:08.176" />
  <attribute name="elasticGC enabled" value="1" />
  <attribute name= "numThreadsSpecified" value="16" />
  <attribute name="heapSize specified" value="0" />
  <attribute name="Current GC Util" value="129" />
  <attribute name= "Current Time Running" value="158395" />
  <attribute name ="GC Interval" value="0" />
  <attribute name="Target GC Util Change" value ="80.000000" />
  <attribute name="Current GC Util Change" value="129.000000"/>
  <attribute name="Current Error" value="-191.000000" />
  <attribute name="Output H" value="394302312"/>
  <attribute name="Output I" value="1896"/>
  <attribute name="Output T" value="16"/>
  <attribute name= "Current Time Running" value="158395" />
  <attribute name="GC Util currently" value="129" />
  <attribute name="CPU Util currently" value="1734924398700" />
<exclusive-end id="2792" timestamp="2019-08-09T00:19:08.176" durationms="15.864" />

<exclusive-start id="2793" timestamp="2019-08-09T00:19:08.244" intervalms="83.479">
  <response-info timems="0.029" idlems="0.029" threads="0" lastid="0000000001FF0F00" lastname="main" />
</exclusive-start>
<allocation-taxation id="2794" taxation-threshold="104857600" timestamp="2019-08-09T00:19:08.244" intervalms="83.487" />
<cycle-start id="2795" type="partial gc" contextid="0" timestamp="2019-08-09T00:19:08.244" intervalms="83.505" />
<gc-start id="2796" type="partial gc" contextid="2795" timestamp="2019-08-09T00:19:08.244">
  <mem-info id="2797" free="130023424" total="394264576" percent="32">
    <mem type="eden" free="0" total="104857600" percent="0" />
    <remembered-set count="6912" freebytes="15734272" totalbytes="15761920" percent="99" regionsoverflowed="0" regionsstable="9" regionsrebuilding="0"/>
  </mem-info>
</gc-start>
<allocation-stats totalBytes="104510608" >
  <allocated-bytes non-tlh="0" tlh="104510608" arrayletleaf="0"/>
  <largest-consumer threadName="main" threadId="0000000001FF0F00" bytes="104510608" />
</allocation-stats>
<gc-op id="2798" type="copy forward" timems="20.986" contextid="2795" timestamp="2019-08-09T00:19:08.266">
  <memory-copied type="eden" objects="2" bytes="56" bytesdiscarded="736" />
  <memory-copied type="other" objects="86" bytes="3528" bytesdiscarded="2032" />
  <memory-cardclean objects="106" bytes="3448" />
  <regions eden="50" other="2" />
  <remembered-set-cleared processed="461" cleared="12" durationms="0.370" />
  <stringconstants candidates="13838" cleared="0"  />
</gc-op>
<gc-op id="2799" type="classunload" timems="0.011" contextid="2795" timestamp="2019-08-09T00:19:08.267">
  <classunload-info classloadercandidates="54" classloadersunloaded="0" classesunloaded="0" anonymousclassesunloaded="0" quiescems="0.000" setupms="0.010" scanms="0.000" postms="0.000" />
</gc-op>
<gc-end id="2800" type="partial gc" contextid="2795" durationms="22.560" usertimems="42.091" systemtimems="0.000" timestamp="2019-08-09T00:19:08.267" activeThreads="16">
  <mem-info id="2801" free="232783872" total="394264576" percent="59">
    <mem type="eden" free="2096360" total="2097152" percent="99" />
    <remembered-set count="7648" freebytes="15731328" totalbytes="15761920" percent="99" regionsoverflowed="0" regionsstable="9" regionsrebuilding="0"/>
  </mem-info>
</gc-end>
<cycle-end id="2802" type="partial gc" contextid="2795" timestamp="2019-08-09T00:19:08.267" />
  <attribute name="elasticGC enabled" value="1" />
  <attribute name= "numThreadsSpecified" value="16" />
  <attribute name="heapSize specified" value="0" />
  <attribute name="Current GC Util" value="166" />
  <attribute name= "Current Time Running" value="158479" />
  <attribute name ="GC Interval" value="0" />
  <attribute name="Target GC Util Change" value ="80.000000" />
  <attribute name="Current GC Util Change" value="166.000000"/>
  <attribute name="Current Error" value="-41.000000" />
  <attribute name="Output H" value="394302400"/>
  <attribute name="Output I" value="1984"/>
  <attribute name="Output T" value="16"/>
  <attribute name= "Current Time Running" value="158479" />
  <attribute name="GC Util currently" value="166" />
  <attribute name="CPU Util currently" value="1149730951681" />
<exclusive-end id="2803" timestamp="2019-08-09T00:19:08.267" durationms="23.741" />

<exclusive-start id="2804" timestamp="2019-08-09T00:19:08.303" intervalms="59.448">
  <response-info timems="0.022" idlems="0.022" threads="0" lastid="0000000001FF0F00" lastname="main" />
</exclusive-start>
<allocation-taxation id="2805" taxation-threshold="104857600" timestamp="2019-08-09T00:19:08.303" intervalms="59.477" />
<cycle-start id="2806" type="partial gc" contextid="0" timestamp="2019-08-09T00:19:08.304" intervalms="59.752" />
<gc-start id="2807" type="partial gc" contextid="2806" timestamp="2019-08-09T00:19:08.304">
  <mem-info id="2808" free="127926272" total="394264576" percent="32">
    <mem type="eden" free="2096360" total="106954752" percent="1" />
    <remembered-set count="7200" freebytes="15733120" totalbytes="15761920" percent="99" regionsoverflowed="0" regionsstable="9" regionsrebuilding="0"/>
  </mem-info>
</gc-start>
<allocation-stats totalBytes="104510608" >
  <allocated-bytes non-tlh="0" tlh="104510608" arrayletleaf="0"/>
  <largest-consumer threadName="main" threadId="0000000001FF0F00" bytes="104510608" />
</allocation-stats>
<gc-op id="2809" type="copy forward" timems="12.829" contextid="2806" timestamp="2019-08-09T00:19:08.318">
  <memory-copied type="eden" objects="2" bytes="56" bytesdiscarded="736" />
  <memory-copied type="other" objects="67" bytes="2872" bytesdiscarded="736" />
  <memory-cardclean objects="59" bytes="2216" />
  <regions eden="50" other="2" />
  <remembered-set-cleared processed="464" cleared="9" durationms="0.414" />
  <stringconstants candidates="13838" cleared="0"  />
</gc-op>
<gc-op id="2810" type="classunload" timems="0.010" contextid="2806" timestamp="2019-08-09T00:19:08.318">
  <classunload-info classloadercandidates="54" classloadersunloaded="0" classesunloaded="0" anonymousclassesunloaded="0" quiescems="0.000" setupms="0.009" scanms="0.000" postms="0.000" />
</gc-op>
<heap-resize id="2811" type="expand" space="default" amount="10485760" count="1" timems="0.104" reason="excessive time being spent in gc" timestamp="2019-08-09T00:19:08.318" />
<gc-end id="2812" type="partial gc" contextid="2806" durationms="14.361" usertimems="30.031" systemtimems="0.000" timestamp="2019-08-09T00:19:08.318" activeThreads="16">
  <mem-info id="2813" free="243269632" total="404750336" percent="60">
    <mem type="eden" free="2096360" total="2097152" percent="99" />
    <remembered-set count="7264" freebytes="16152064" totalbytes="16181120" percent="99" regionsoverflowed="0" regionsstable="9" regionsrebuilding="0"/>
  </mem-info>
</gc-end>
<cycle-end id="2814" type="partial gc" contextid="2806" timestamp="2019-08-09T00:19:08.318" />
  <attribute name="elasticGC enabled" value="1" />
  <attribute name= "numThreadsSpecified" value="16" />
  <attribute name="heapSize specified" value="0" />
  <attribute name="Current GC Util" value="97" />
  <attribute name= "Current Time Running" value="158538" />
  <attribute name ="GC Interval" value="0" />
  <attribute name="Target GC Util Change" value ="80.000000" />
  <attribute name="Current GC Util Change" value="97.000000"/>
  <attribute name="Current Error" value="-47.000000" />
  <attribute name="Output H" value="394302392"/>
  <attribute name="Output I" value="1976"/>
  <attribute name="Output T" value="16"/>
  <attribute name= "Current Time Running" value="158538" />
  <attribute name="GC Util currently" value="97" />
  <attribute name="CPU Util currently" value="1224197930812" />
<exclusive-end id="2815" timestamp="2019-08-09T00:19:08.319" durationms="15.373" />

<exclusive-start id="2816" timestamp="2019-08-09T00:19:08.369" intervalms="65.467">
  <response-info timems="0.028" idlems="0.028" threads="0" lastid="0000000001FF0F00" lastname="main" />
</exclusive-start>
<allocation-taxation id="2817" taxation-threshold="106954752" timestamp="2019-08-09T00:19:08.369" intervalms="65.450" />
<cycle-start id="2818" type="partial gc" contextid="0" timestamp="2019-08-09T00:19:08.369" intervalms="65.320" />
<gc-start id="2819" type="partial gc" contextid="2818" timestamp="2019-08-09T00:19:08.369">
  <mem-info id="2820" free="136314880" total="404750336" percent="33">
    <mem type="eden" free="2096360" total="109051904" percent="1" />
    <remembered-set count="6816" freebytes="16153856" totalbytes="16181120" percent="99" regionsoverflowed="0" regionsstable="9" regionsrebuilding="0"/>
  </mem-info>
</gc-start>
<allocation-stats totalBytes="106600872" >
  <allocated-bytes non-tlh="0" tlh="106600872" arrayletleaf="0"/>
  <largest-consumer threadName="main" threadId="0000000001FF0F00" bytes="106600872" />
</allocation-stats>
<gc-op id="2821" type="copy forward" timems="8.478" contextid="2818" timestamp="2019-08-09T00:19:08.379">
  <memory-copied type="eden" objects="2" bytes="56" bytesdiscarded="736" />
  <memory-copied type="other" objects="67" bytes="2872" bytesdiscarded="512" />
  <memory-cardclean objects="59" bytes="2216" />
  <regions eden="51" other="2" />
  <remembered-set-cleared processed="464" cleared="9" durationms="0.199" />
  <stringconstants candidates="13838" cleared="0"  />
</gc-op>
<gc-op id="2822" type="classunload" timems="0.008" contextid="2818" timestamp="2019-08-09T00:19:08.379">
  <classunload-info classloadercandidates="54" classloadersunloaded="0" classesunloaded="0" anonymousclassesunloaded="0" quiescems="0.000" setupms="0.007" scanms="0.000" postms="0.000" />
</gc-op>
<gc-end id="2823" type="partial gc" contextid="2818" durationms="10.316" usertimems="22.903" systemtimems="0.000" timestamp="2019-08-09T00:19:08.379" activeThreads="16">
  <mem-info id="2824" free="243269632" total="404750336" percent="60">
    <mem type="eden" free="2096360" total="2097152" percent="99" />
    <remembered-set count="6752" freebytes="16154112" totalbytes="16181120" percent="99" regionsoverflowed="0" regionsstable="9" regionsrebuilding="0"/>
  </mem-info>
</gc-end>
<cycle-end id="2825" type="partial gc" contextid="2818" timestamp="2019-08-09T00:19:08.380" />
  <attribute name="elasticGC enabled" value="1" />
  <attribute name= "numThreadsSpecified" value="16" />
  <attribute name="heapSize specified" value="0" />
  <attribute name="Current GC Util" value="116" />
  <attribute name= "Current Time Running" value="158604" />
  <attribute name ="GC Interval" value="0" />
  <attribute name="Target GC Util Change" value ="80.000000" />
  <attribute name="Current GC Util Change" value="116.000000"/>
  <attribute name="Current Error" value="-48.000000" />
  <attribute name="Output H" value="404788152"/>
  <attribute name="Output I" value="1976"/>
  <attribute name="Output T" value="16"/>
  <attribute name= "Current Time Running" value="158604" />
  <attribute name="GC Util currently" value="116" />
  <attribute name="CPU Util currently" value="1079396222039" />
<exclusive-end id="2826" timestamp="2019-08-09T00:19:08.380" durationms="11.286" />

<exclusive-start id="2827" timestamp="2019-08-09T00:19:08.416" intervalms="47.020">
  <response-info timems="0.021" idlems="0.021" threads="0" lastid="0000000001FF0F00" lastname="main" />
</exclusive-start>
<allocation-taxation id="2828" taxation-threshold="106954752" timestamp="2019-08-09T00:19:08.416" intervalms="47.004" />
<cycle-start id="2829" type="partial gc" contextid="0" timestamp="2019-08-09T00:19:08.416" intervalms="46.888" />
<gc-start id="2830" type="partial gc" contextid="2829" timestamp="2019-08-09T00:19:08.416">
  <mem-info id="2831" free="136314880" total="404750336" percent="33">
    <mem type="eden" free="2096360" total="109051904" percent="1" />
    <remembered-set count="6304" freebytes="16155904" totalbytes="16181120" percent="99" regionsoverflowed="0" regionsstable="9" regionsrebuilding="0"/>
  </mem-info>
</gc-start>
<allocation-stats totalBytes="106600896" >
  <allocated-bytes non-tlh="0" tlh="106600896" arrayletleaf="0"/>
  <largest-consumer threadName="main" threadId="0000000001FF0F00" bytes="106600896" />
</allocation-stats>
<gc-op id="2832" type="copy forward" timems="7.325" contextid="2829" timestamp="2019-08-09T00:19:08.424">
  <memory-copied type="eden" objects="2" bytes="56" bytesdiscarded="736" />
  <memory-copied type="other" objects="67" bytes="2872" bytesdiscarded="648" />
  <memory-cardclean objects="59" bytes="2216" />
  <regions eden="51" other="2" />
  <remembered-set-cleared processed="466" cleared="11" durationms="0.180" />
  <stringconstants candidates="13838" cleared="0"  />
</gc-op>
<gc-op id="2833" type="classunload" timems="0.008" contextid="2829" timestamp="2019-08-09T00:19:08.424">
  <classunload-info classloadercandidates="54" classloadersunloaded="0" classesunloaded="0" anonymousclassesunloaded="0" quiescems="0.000" setupms="0.008" scanms="0.000" postms="0.000" />
</gc-op>
<gc-end id="2834" type="partial gc" contextid="2829" durationms="8.552" usertimems="20.374" systemtimems="0.000" timestamp="2019-08-09T00:19:08.425" activeThreads="16">
  <mem-info id="2835" free="243269632" total="404750336" percent="60">
    <mem type="eden" free="2096360" total="2097152" percent="99" />
    <remembered-set count="6752" freebytes="16154112" totalbytes="16181120" percent="99" regionsoverflowed="0" regionsstable="9" regionsrebuilding="0"/>
  </mem-info>
</gc-end>
<cycle-end id="2836" type="partial gc" contextid="2829" timestamp="2019-08-09T00:19:08.425" />
  <attribute name="elasticGC enabled" value="1" />
  <attribute name= "numThreadsSpecified" value="16" />
  <attribute name="heapSize specified" value="0" />
  <attribute name="Current GC Util" value="250" />
  <attribute name= "Current Time Running" value="158650" />
  <attribute name ="GC Interval" value="0" />
  <attribute name="Target GC Util Change" value ="80.000000" />
  <attribute name="Current GC Util Change" value="250.000000"/>
  <attribute name="Current Error" value="-137.000000" />
  <attribute name="Output H" value="404788104"/>
  <attribute name="Output I" value="1928"/>
  <attribute name="Output T" value="16"/>
  <attribute name= "Current Time Running" value="158650" />
  <attribute name="GC Util currently" value="250" />
  <attribute name="CPU Util currently" value="1906588106494" />
<exclusive-end id="2837" timestamp="2019-08-09T00:19:08.425" durationms="9.442" />

<exclusive-start id="2838" timestamp="2019-08-09T00:19:08.465" intervalms="49.594">
  <response-info timems="0.020" idlems="0.020" threads="0" lastid="0000000001FF0F00" lastname="main" />
</exclusive-start>
<allocation-taxation id="2839" taxation-threshold="106954752" timestamp="2019-08-09T00:19:08.465" intervalms="49.597" />
<cycle-start id="2840" type="partial gc" contextid="0" timestamp="2019-08-09T00:19:08.465" intervalms="49.669" />
<gc-start id="2841" type="partial gc" contextid="2840" timestamp="2019-08-09T00:19:08.466">
  <mem-info id="2842" free="136314880" total="404750336" percent="33">
    <mem type="eden" free="2096360" total="109051904" percent="1" />
    <remembered-set count="6752" freebytes="16154112" totalbytes="16181120" percent="99" regionsoverflowed="0" regionsstable="9" regionsrebuilding="0"/>
  </mem-info>
</gc-start>
<allocation-stats totalBytes="106589488" >
  <allocated-bytes non-tlh="0" tlh="106589488" arrayletleaf="0"/>
  <largest-consumer threadName="main" threadId="0000000001FF0F00" bytes="106589488" />
</allocation-stats>
<gc-op id="2843" type="copy forward" timems="7.597" contextid="2840" timestamp="2019-08-09T00:19:08.474">
  <memory-copied type="eden" objects="26" bytes="1920" bytesdiscarded="384" />
  <memory-copied type="other" objects="48" bytes="1152" bytesdiscarded="0" />
  <memory-cardclean objects="77" bytes="2600" />
  <regions eden="51" other="2" />
  <remembered-set-cleared processed="464" cleared="10" durationms="0.229" />
  <stringconstants candidates="13838" cleared="0"  />
</gc-op>
<gc-op id="2844" type="classunload" timems="0.013" contextid="2840" timestamp="2019-08-09T00:19:08.474">
  <classunload-info classloadercandidates="54" classloadersunloaded="0" classesunloaded="0" anonymousclassesunloaded="0" quiescems="0.000" setupms="0.012" scanms="0.000" postms="0.000" />
</gc-op>
<gc-end id="2845" type="partial gc" contextid="2840" durationms="8.932" usertimems="20.421" systemtimems="0.000" timestamp="2019-08-09T00:19:08.475" activeThreads="16">
  <mem-info id="2846" free="243269632" total="404750336" percent="60">
    <mem type="eden" free="2094848" total="2097152" percent="99" />
    <remembered-set count="5696" freebytes="16158336" totalbytes="16181120" percent="99" regionsoverflowed="0" regionsstable="9" regionsrebuilding="0"/>
  </mem-info>
</gc-end>
<cycle-end id="2847" type="partial gc" contextid="2840" timestamp="2019-08-09T00:19:08.475" />
  <attribute name="elasticGC enabled" value="1" />
  <attribute name= "numThreadsSpecified" value="16" />
  <attribute name="heapSize specified" value="0" />
  <attribute name="Current GC Util" value="148" />
  <attribute name= "Current Time Running" value="158700" />
  <attribute name ="GC Interval" value="0" />
  <attribute name="Target GC Util Change" value ="80.000000" />
  <attribute name="Current GC Util Change" value="148.000000"/>
  <attribute name="Current Error" value="-163.000000" />
  <attribute name="Output H" value="404788088"/>
  <attribute name="Output I" value="1912"/>
  <attribute name="Output T" value="16"/>
  <attribute name= "Current Time Running" value="158700" />
  <attribute name="GC Util currently" value="148" />
  <attribute name="CPU Util currently" value="1653090406098" />
<exclusive-end id="2848" timestamp="2019-08-09T00:19:08.475" durationms="9.631" />

<exclusive-start id="2849" timestamp="2019-08-09T00:19:08.510" intervalms="44.841">
  <response-info timems="0.018" idlems="0.018" threads="0" lastid="0000000001FF0F00" lastname="main" />
</exclusive-start>
<allocation-taxation id="2850" taxation-threshold="106954752" timestamp="2019-08-09T00:19:08.510" intervalms="44.835" />
<cycle-start id="2851" type="partial gc" contextid="0" timestamp="2019-08-09T00:19:08.510" intervalms="44.817" />
<gc-start id="2852" type="partial gc" contextid="2851" timestamp="2019-08-09T00:19:08.511">
  <mem-info id="2853" free="136314880" total="404750336" percent="33">
    <mem type="eden" free="0" total="106954752" percent="0" />
    <remembered-set count="5536" freebytes="16158976" totalbytes="16181120" percent="99" regionsoverflowed="0" regionsstable="9" regionsrebuilding="0"/>
  </mem-info>
</gc-start>
<allocation-stats totalBytes="106265248" >
  <allocated-bytes non-tlh="0" tlh="106265248" arrayletleaf="0"/>
  <largest-consumer threadName="main" threadId="0000000001FF0F00" bytes="106265248" />
</allocation-stats>
<gc-op id="2854" type="copy forward" timems="8.157" contextid="2851" timestamp="2019-08-09T00:19:08.520">
  <memory-copied type="eden" objects="2" bytes="64" bytesdiscarded="0" />
  <memory-copied type="other" objects="73" bytes="3032" bytesdiscarded="1656" />
  <memory-cardclean objects="62" bytes="2352" />
  <regions eden="51" other="2" />
  <remembered-set-cleared processed="464" cleared="10" durationms="0.161" />
  <stringconstants candidates="13838" cleared="0"  />
</gc-op>
<gc-op id="2855" type="classunload" timems="0.006" contextid="2851" timestamp="2019-08-09T00:19:08.520">
  <classunload-info classloadercandidates="54" classloadersunloaded="0" classesunloaded="0" anonymousclassesunloaded="0" quiescems="0.000" setupms="0.006" scanms="0.000" postms="0.000" />
</gc-op>
<heap-resize id="2856" type="expand" space="default" amount="4194304" count="1" timems="0.071" reason="excessive time being spent in gc" timestamp="2019-08-09T00:19:08.521" />
<gc-end id="2857" type="partial gc" contextid="2851" durationms="10.067" usertimems="22.319" systemtimems="0.000" timestamp="2019-08-09T00:19:08.521" activeThreads="16">
  <mem-info id="2858" free="245366784" total="408944640" percent="60">
    <mem type="eden" free="2097088" total="2097152" percent="99" />
    <remembered-set count="7232" freebytes="16319872" totalbytes="16348800" percent="99" regionsoverflowed="0" regionsstable="9" regionsrebuilding="0"/>
  </mem-info>
</gc-end>
<cycle-end id="2859" type="partial gc" contextid="2851" timestamp="2019-08-09T00:19:08.521" />
  <attribute name="elasticGC enabled" value="1" />
  <attribute name= "numThreadsSpecified" value="16" />
  <attribute name="heapSize specified" value="0" />
  <attribute name="Current GC Util" value="225" />
  <attribute name= "Current Time Running" value="158745" />
  <attribute name ="GC Interval" value="0" />
  <attribute name="Target GC Util Change" value ="80.000000" />
  <attribute name="Current GC Util Change" value="225.000000"/>
  <attribute name="Current Error" value="-271.000000" />
  <attribute name="Output H" value="404788024"/>
  <attribute name="Output I" value="1848"/>
  <attribute name="Output T" value="16"/>
  <attribute name= "Current Time Running" value="158745" />
  <attribute name="GC Util currently" value="225" />
  <attribute name="CPU Util currently" value="1011022433501" />
<exclusive-end id="2860" timestamp="2019-08-09T00:19:08.521" durationms="10.817" />

<exclusive-start id="2861" timestamp="2019-08-09T00:19:08.556" intervalms="45.529">
  <response-info timems="0.018" idlems="0.018" threads="0" lastid="0000000001FF0F00" lastname="main" />
</exclusive-start>
<allocation-taxation id="2862" taxation-threshold="109051904" timestamp="2019-08-09T00:19:08.556" intervalms="45.526" />
<cycle-start id="2863" type="partial gc" contextid="0" timestamp="2019-08-09T00:19:08.556" intervalms="45.449" />
<gc-start id="2864" type="partial gc" contextid="2863" timestamp="2019-08-09T00:19:08.556">
  <mem-info id="2865" free="136314880" total="408944640" percent="33">
    <mem type="eden" free="2097088" total="111149056" percent="1" />
    <remembered-set count="6816" freebytes="16321536" totalbytes="16348800" percent="99" regionsoverflowed="0" regionsstable="9" regionsrebuilding="0"/>
  </mem-info>
</gc-start>
<allocation-stats totalBytes="108369568" >
  <allocated-bytes non-tlh="0" tlh="108369568" arrayletleaf="0"/>
  <largest-consumer threadName="main" threadId="0000000001FF0F00" bytes="108369568" />
</allocation-stats>
<gc-op id="2866" type="copy forward" timems="9.353" contextid="2863" timestamp="2019-08-09T00:19:08.567">
  <memory-copied type="eden" objects="2" bytes="64" bytesdiscarded="0" />
  <memory-copied type="other" objects="25" bytes="1880" bytesdiscarded="840" />
  <memory-cardclean objects="35" bytes="1520" />
  <regions eden="52" other="2" />
  <remembered-set-cleared processed="467" cleared="8" durationms="0.312" />
  <stringconstants candidates="13838" cleared="0"  />
</gc-op>
<gc-op id="2867" type="classunload" timems="0.008" contextid="2863" timestamp="2019-08-09T00:19:08.567">
  <classunload-info classloadercandidates="54" classloadersunloaded="0" classesunloaded="0" anonymousclassesunloaded="0" quiescems="0.000" setupms="0.007" scanms="0.000" postms="0.000" />
</gc-op>
<gc-end id="2868" type="partial gc" contextid="2863" durationms="11.023" usertimems="23.373" systemtimems="0.000" timestamp="2019-08-09T00:19:08.567" activeThreads="16">
  <mem-info id="2869" free="245366784" total="408944640" percent="60">
    <mem type="eden" free="2097088" total="2097152" percent="99" />
    <remembered-set count="6880" freebytes="16321280" totalbytes="16348800" percent="99" regionsoverflowed="0" regionsstable="9" regionsrebuilding="0"/>
  </mem-info>
</gc-end>
<cycle-end id="2870" type="partial gc" contextid="2863" timestamp="2019-08-09T00:19:08.567" />
  <attribute name="elasticGC enabled" value="1" />
  <attribute name= "numThreadsSpecified" value="16" />
  <attribute name="heapSize specified" value="0" />
  <attribute name="Current GC Util" value="277" />
  <attribute name= "Current Time Running" value="158791" />
  <attribute name ="GC Interval" value="0" />
  <attribute name="Target GC Util Change" value ="80.000000" />
  <attribute name="Current GC Util Change" value="277.000000"/>
  <attribute name="Current Error" value="-161.000000" />
  <attribute name="Output H" value="408982392"/>
  <attribute name="Output I" value="1912"/>
  <attribute name="Output T" value="16"/>
  <attribute name= "Current Time Running" value="158791" />
  <attribute name="GC Util currently" value="277" />
  <attribute name="CPU Util currently" value="1170832854962" />
<exclusive-end id="2871" timestamp="2019-08-09T00:19:08.567" durationms="11.821" />

<exclusive-start id="2872" timestamp="2019-08-09T00:19:08.602" intervalms="46.399">
  <response-info timems="0.015" idlems="0.015" threads="0" lastid="0000000001FF0F00" lastname="main" />
</exclusive-start>
<allocation-taxation id="2873" taxation-threshold="109051904" timestamp="2019-08-09T00:19:08.602" intervalms="46.401" />
<cycle-start id="2874" type="partial gc" contextid="0" timestamp="2019-08-09T00:19:08.602" intervalms="46.502" />
<gc-start id="2875" type="partial gc" contextid="2874" timestamp="2019-08-09T00:19:08.603">
  <mem-info id="2876" free="136314880" total="408944640" percent="33">
    <mem type="eden" free="2097088" total="111149056" percent="1" />
    <remembered-set count="6400" freebytes="16323200" totalbytes="16348800" percent="99" regionsoverflowed="0" regionsstable="9" regionsrebuilding="0"/>
  </mem-info>
</gc-start>
<allocation-stats totalBytes="108368352" >
  <allocated-bytes non-tlh="0" tlh="108368352" arrayletleaf="0"/>
  <largest-consumer threadName="main" threadId="0000000001FF0F00" bytes="108368352" />
</allocation-stats>
<gc-op id="2877" type="copy forward" timems="11.425" contextid="2874" timestamp="2019-08-09T00:19:08.616">
  <memory-copied type="eden" objects="2" bytes="64" bytesdiscarded="0" />
  <memory-copied type="other" objects="25" bytes="1880" bytesdiscarded="384" />
  <memory-cardclean objects="35" bytes="1520" />
  <regions eden="52" other="2" />
  <remembered-set-cleared processed="467" cleared="8" durationms="0.183" />
  <stringconstants candidates="13838" cleared="0"  />
</gc-op>
<gc-op id="2878" type="classunload" timems="0.009" contextid="2874" timestamp="2019-08-09T00:19:08.616">
  <classunload-info classloadercandidates="54" classloadersunloaded="0" classesunloaded="0" anonymousclassesunloaded="0" quiescems="0.000" setupms="0.009" scanms="0.000" postms="0.000" />
</gc-op>
<gc-end id="2879" type="partial gc" contextid="2874" durationms="13.873" usertimems="26.119" systemtimems="0.000" timestamp="2019-08-09T00:19:08.616" activeThreads="16">
  <mem-info id="2880" free="245366784" total="408944640" percent="60">
    <mem type="eden" free="2097088" total="2097152" percent="99" />
    <remembered-set count="6368" freebytes="16323328" totalbytes="16348800" percent="99" regionsoverflowed="0" regionsstable="9" regionsrebuilding="0"/>
  </mem-info>
</gc-end>
<cycle-end id="2881" type="partial gc" contextid="2874" timestamp="2019-08-09T00:19:08.617" />
  <attribute name="elasticGC enabled" value="1" />
  <attribute name= "numThreadsSpecified" value="16" />
  <attribute name="heapSize specified" value="0" />
  <attribute name="Current GC Util" value="99" />
  <attribute name= "Current Time Running" value="158838" />
  <attribute name ="GC Interval" value="0" />
  <attribute name="Target GC Util Change" value ="80.000000" />
  <attribute name="Current GC Util Change" value="99.000000"/>
  <attribute name="Current Error" value="-145.000000" />
  <attribute name="Output H" value="408982400"/>
  <attribute name="Output I" value="1920"/>
  <attribute name="Output T" value="16"/>
  <attribute name= "Current Time Running" value="158838" />
  <attribute name="GC Util currently" value="99" />
  <attribute name="CPU Util currently" value="668228554259" />
<exclusive-end id="2882" timestamp="2019-08-09T00:19:08.617" durationms="14.877" />

<exclusive-start id="2883" timestamp="2019-08-09T00:19:08.767" intervalms="164.996">
  <response-info timems="0.027" idlems="0.027" threads="0" lastid="0000000001FF0F00" lastname="main" />
</exclusive-start>
<allocation-taxation id="2884" taxation-threshold="109051904" timestamp="2019-08-09T00:19:08.767" intervalms="165.008" />
<cycle-start id="2885" type="partial gc" contextid="0" timestamp="2019-08-09T00:19:08.767" intervalms="164.929" />
<gc-start id="2886" type="partial gc" contextid="2885" timestamp="2019-08-09T00:19:08.767">
  <mem-info id="2887" free="136314880" total="408944640" percent="33">
    <mem type="eden" free="2097088" total="111149056" percent="1" />
    <remembered-set count="6080" freebytes="16324480" totalbytes="16348800" percent="99" regionsoverflowed="0" regionsstable="9" regionsrebuilding="0"/>
  </mem-info>
</gc-start>
<allocation-stats totalBytes="109030104" >
  <allocated-bytes non-tlh="0" tlh="109030104" arrayletleaf="0"/>
  <largest-consumer threadName="main" threadId="0000000001FF0F00" bytes="109030104" />
</allocation-stats>
<gc-op id="2888" type="copy forward" timems="12.065" contextid="2885" timestamp="2019-08-09T00:19:08.781">
  <memory-copied type="eden" objects="237" bytes="7648" bytesdiscarded="1048" />
  <memory-copied type="other" objects="6" bytes="144" bytesdiscarded="672" />
  <memory-cardclean objects="101" bytes="11520" />
  <regions eden="52" other="2" />
  <remembered-set-cleared processed="467" cleared="20" durationms="0.172" />
  <references type="weak" candidates="37" cleared="0" enqueued="0" />
  <stringconstants candidates="13838" cleared="0"  />
</gc-op>
<gc-op id="2889" type="classunload" timems="0.008" contextid="2885" timestamp="2019-08-09T00:19:08.781">
  <classunload-info classloadercandidates="54" classloadersunloaded="0" classesunloaded="0" anonymousclassesunloaded="0" quiescems="0.000" setupms="0.008" scanms="0.000" postms="0.000" />
</gc-op>
<gc-end id="2890" type="partial gc" contextid="2885" durationms="13.629" usertimems="31.866" systemtimems="0.000" timestamp="2019-08-09T00:19:08.781" activeThreads="16">
  <mem-info id="2891" free="245366784" total="408944640" percent="60">
    <mem type="eden" free="2088408" total="2097152" percent="99" />
    <remembered-set count="6112" freebytes="16324352" totalbytes="16348800" percent="99" regionsoverflowed="0" regionsstable="9" regionsrebuilding="0"/>
  </mem-info>
</gc-end>
<cycle-end id="2892" type="partial gc" contextid="2885" timestamp="2019-08-09T00:19:08.781" />
  <attribute name="elasticGC enabled" value="1" />
  <attribute name= "numThreadsSpecified" value="16" />
  <attribute name="heapSize specified" value="0" />
  <attribute name="Current GC Util" value="242" />
  <attribute name= "Current Time Running" value="159002" />
  <attribute name ="GC Interval" value="0" />
  <attribute name="Target GC Util Change" value ="80.000000" />
  <attribute name="Current GC Util Change" value="242.000000"/>
  <attribute name="Current Error" value="-242.000000" />
  <attribute name="Output H" value="408982344"/>
  <attribute name="Output I" value="1864"/>
  <attribute name="Output T" value="16"/>
  <attribute name= "Current Time Running" value="159002" />
  <attribute name="GC Util currently" value="242" />
  <attribute name="CPU Util currently" value="1482411021816" />
<exclusive-end id="2893" timestamp="2019-08-09T00:19:08.781" durationms="14.377" />

<exclusive-start id="2894" timestamp="2019-08-09T00:19:08.866" intervalms="98.683">
  <response-info timems="0.017" idlems="0.017" threads="0" lastid="0000000001FF0F00" lastname="main" />
</exclusive-start>
<allocation-taxation id="2895" taxation-threshold="109051904" timestamp="2019-08-09T00:19:08.866" intervalms="98.756" />
<cycle-start id="2896" type="partial gc" contextid="0" timestamp="2019-08-09T00:19:08.866" intervalms="98.757" />
<gc-start id="2897" type="partial gc" contextid="2896" timestamp="2019-08-09T00:19:08.866">
  <mem-info id="2898" free="136314880" total="408944640" percent="33">
    <mem type="eden" free="0" total="109051904" percent="0" />
    <remembered-set count="5792" freebytes="16325632" totalbytes="16348800" percent="99" regionsoverflowed="0" regionsstable="9" regionsrebuilding="0"/>
  </mem-info>
</gc-start>
<allocation-stats totalBytes="109006384" >
  <allocated-bytes non-tlh="0" tlh="109006384" arrayletleaf="0"/>
  <largest-consumer threadName="main" threadId="0000000001FF0F00" bytes="109006384" />
</allocation-stats>
<gc-op id="2899" type="copy forward" timems="8.336" contextid="2896" timestamp="2019-08-09T00:19:08.876">
  <memory-copied type="eden" objects="23" bytes="728" bytesdiscarded="672" />
  <memory-copied type="other" objects="114" bytes="3792" bytesdiscarded="2616" />
  <memory-cardclean objects="90" bytes="11408" />
  <regions eden="52" other="2" />
  <remembered-set-cleared processed="467" cleared="21" durationms="0.159" />
  <references type="weak" candidates="37" cleared="0" enqueued="0" />
  <stringconstants candidates="13838" cleared="0"  />
</gc-op>
<gc-op id="2900" type="classunload" timems="0.010" contextid="2896" timestamp="2019-08-09T00:19:08.876">
  <classunload-info classloadercandidates="54" classloadersunloaded="0" classesunloaded="0" anonymousclassesunloaded="0" quiescems="0.000" setupms="0.009" scanms="0.000" postms="0.000" />
</gc-op>
<heap-resize id="2901" type="expand" space="default" amount="6291456" count="1" timems="0.117" reason="excessive time being spent in gc" timestamp="2019-08-09T00:19:08.876" />
<gc-end id="2902" type="partial gc" contextid="2896" durationms="9.713" usertimems="23.467" systemtimems="0.000" timestamp="2019-08-09T00:19:08.876" activeThreads="16">
  <mem-info id="2903" free="249561088" total="415236096" percent="60">
    <mem type="eden" free="2095752" total="2097152" percent="99" />
    <remembered-set count="8128" freebytes="16567808" totalbytes="16600320" percent="99" regionsoverflowed="0" regionsstable="9" regionsrebuilding="0"/>
  </mem-info>
</gc-end>
<cycle-end id="2904" type="partial gc" contextid="2896" timestamp="2019-08-09T00:19:08.876" />
  <attribute name="elasticGC enabled" value="1" />
  <attribute name= "numThreadsSpecified" value="16" />
  <attribute name="heapSize specified" value="0" />
  <attribute name="Current GC Util" value="177" />
  <attribute name= "Current Time Running" value="159100" />
  <attribute name ="GC Interval" value="0" />
  <attribute name="Target GC Util Change" value ="80.000000" />
  <attribute name="Current GC Util Change" value="177.000000"/>
  <attribute name="Current Error" value="-47.000000" />
  <attribute name="Output H" value="408982456"/>
  <attribute name="Output I" value="1976"/>
  <attribute name="Output T" value="16"/>
  <attribute name= "Current Time Running" value="159100" />
  <attribute name="GC Util currently" value="177" />
  <attribute name="CPU Util currently" value="1740637139915" />
<exclusive-end id="2905" timestamp="2019-08-09T00:19:08.876" durationms="10.471" />

<exclusive-start id="2906" timestamp="2019-08-09T00:19:08.922" intervalms="56.593">
  <response-info timems="0.020" idlems="0.020" threads="0" lastid="0000000001FF0F00" lastname="main" />
</exclusive-start>
<allocation-taxation id="2907" taxation-threshold="111149056" timestamp="2019-08-09T00:19:08.922" intervalms="56.511" />
<cycle-start id="2908" type="partial gc" contextid="0" timestamp="2019-08-09T00:19:08.922" intervalms="56.478" />
<gc-start id="2909" type="partial gc" contextid="2908" timestamp="2019-08-09T00:19:08.923">
  <mem-info id="2910" free="138412032" total="415236096" percent="33">
    <mem type="eden" free="0" total="111149056" percent="0" />
    <remembered-set count="7936" freebytes="16568576" totalbytes="16600320" percent="99" regionsoverflowed="0" regionsstable="9" regionsrebuilding="0"/>
  </mem-info>
</gc-start>
<allocation-stats totalBytes="111092576" >
  <allocated-bytes non-tlh="0" tlh="111092576" arrayletleaf="0"/>
  <largest-consumer threadName="main" threadId="0000000001FF0F00" bytes="111092576" />
</allocation-stats>
<gc-op id="2911" type="copy forward" timems="9.190" contextid="2908" timestamp="2019-08-09T00:19:08.934">
  <memory-copied type="eden" objects="5" bytes="344" bytesdiscarded="0" />
  <memory-copied type="other" objects="125" bytes="4200" bytesdiscarded="2608" />
  <memory-cardclean objects="76" bytes="11096" />
  <regions eden="53" other="2" />
  <remembered-set-cleared processed="469" cleared="20" durationms="0.184" />
  <references type="weak" candidates="37" cleared="0" enqueued="0" />
  <stringconstants candidates="13838" cleared="0"  />
</gc-op>
<gc-op id="2912" type="classunload" timems="0.012" contextid="2908" timestamp="2019-08-09T00:19:08.934">
  <classunload-info classloadercandidates="54" classloadersunloaded="0" classesunloaded="0" anonymousclassesunloaded="0" quiescems="0.000" setupms="0.012" scanms="0.000" postms="0.000" />
</gc-op>
<gc-end id="2913" type="partial gc" contextid="2908" durationms="11.061" usertimems="24.332" systemtimems="0.000" timestamp="2019-08-09T00:19:08.934" activeThreads="16">
  <mem-info id="2914" free="247463936" total="415236096" percent="59">
    <mem type="eden" free="2096808" total="2097152" percent="99" />
    <remembered-set count="8224" freebytes="16567424" totalbytes="16600320" percent="99" regionsoverflowed="0" regionsstable="9" regionsrebuilding="0"/>
  </mem-info>
</gc-end>
<cycle-end id="2915" type="partial gc" contextid="2908" timestamp="2019-08-09T00:19:08.934" />
  <attribute name="elasticGC enabled" value="1" />
  <attribute name= "numThreadsSpecified" value="16" />
  <attribute name="heapSize specified" value="0" />
  <attribute name="Current GC Util" value="203" />
  <attribute name= "Current Time Running" value="159158" />
  <attribute name ="GC Interval" value="0" />
  <attribute name="Target GC Util Change" value ="80.000000" />
  <attribute name="Current GC Util Change" value="203.000000"/>
  <attribute name="Current Error" value="-130.000000" />
  <attribute name="Output H" value="415273864"/>
  <attribute name="Output I" value="1928"/>
  <attribute name="Output T" value="16"/>
  <attribute name= "Current Time Running" value="159158" />
  <attribute name="GC Util currently" value="203" />
  <attribute name="CPU Util currently" value="922675969247" />
<exclusive-end id="2916" timestamp="2019-08-09T00:19:08.934" durationms="11.701" />

<exclusive-start id="2917" timestamp="2019-08-09T00:19:08.975" intervalms="52.793">
  <response-info timems="0.024" idlems="0.024" threads="0" lastid="0000000001FF0F00" lastname="main" />
</exclusive-start>
<allocation-taxation id="2918" taxation-threshold="111149056" timestamp="2019-08-09T00:19:08.975" intervalms="52.795" />
<cycle-start id="2919" type="partial gc" contextid="0" timestamp="2019-08-09T00:19:08.975" intervalms="52.782" />
<gc-start id="2920" type="partial gc" contextid="2919" timestamp="2019-08-09T00:19:08.975">
  <mem-info id="2921" free="136314880" total="415236096" percent="32">
    <mem type="eden" free="2096808" total="113246208" percent="1" />
    <remembered-set count="7968" freebytes="16568448" totalbytes="16600320" percent="99" regionsoverflowed="0" regionsstable="9" regionsrebuilding="0"/>
  </mem-info>
</gc-start>
<allocation-stats totalBytes="111065216" >
  <allocated-bytes non-tlh="0" tlh="111065216" arrayletleaf="0"/>
  <largest-consumer threadName="main" threadId="0000000001FF0F00" bytes="111065216" />
</allocation-stats>
<gc-op id="2922" type="copy forward" timems="26.179" contextid="2919" timestamp="2019-08-09T00:19:09.003">
  <memory-copied type="eden" objects="23" bytes="936" bytesdiscarded="672" />
  <memory-copied type="other" objects="6" bytes="144" bytesdiscarded="720" />
  <memory-cardclean objects="62" bytes="2160" />
  <regions eden="53" other="2" />
  <remembered-set-cleared processed="474" cleared="8" durationms="0.179" />
  <stringconstants candidates="13838" cleared="0"  />
</gc-op>
<gc-op id="2923" type="classunload" timems="0.010" contextid="2919" timestamp="2019-08-09T00:19:09.003">
  <classunload-info classloadercandidates="54" classloadersunloaded="0" classesunloaded="0" anonymousclassesunloaded="0" quiescems="0.000" setupms="0.010" scanms="0.000" postms="0.000" />
</gc-op>
<heap-resize id="2924" type="expand" space="default" amount="4194304" count="1" timems="0.069" reason="excessive time being spent in gc" timestamp="2019-08-09T00:19:09.004" />
<gc-end id="2925" type="partial gc" contextid="2919" durationms="28.197" usertimems="48.567" systemtimems="0.000" timestamp="2019-08-09T00:19:09.004" activeThreads="16">
  <mem-info id="2926" free="251658240" total="419430400" percent="60">
    <mem type="eden" free="2095544" total="2097152" percent="99" />
    <remembered-set count="7104" freebytes="16739584" totalbytes="16768000" percent="99" regionsoverflowed="0" regionsstable="9" regionsrebuilding="0"/>
  </mem-info>
</gc-end>
<cycle-end id="2927" type="partial gc" contextid="2919" timestamp="2019-08-09T00:19:09.004" />
  <attribute name="elasticGC enabled" value="1" />
  <attribute name= "numThreadsSpecified" value="16" />
  <attribute name="heapSize specified" value="0" />
  <attribute name="Current GC Util" value="193" />
  <attribute name= "Current Time Running" value="159210" />
  <attribute name ="GC Interval" value="0" />
  <attribute name="Target GC Util Change" value ="80.000000" />
  <attribute name="Current GC Util Change" value="193.000000"/>
  <attribute name="Current Error" value="-205.000000" />
  <attribute name="Output H" value="415273824"/>
  <attribute name="Output I" value="1888"/>
  <attribute name="Output T" value="16"/>
  <attribute name= "Current Time Running" value="159210" />
  <attribute name="GC Util currently" value="193" />
  <attribute name="CPU Util currently" value="845827652991" />
<exclusive-end id="2928" timestamp="2019-08-09T00:19:09.004" durationms="28.806" />

<exclusive-start id="2929" timestamp="2019-08-09T00:19:09.290" intervalms="315.319">
  <response-info timems="0.021" idlems="0.021" threads="0" lastid="0000000001FF0F00" lastname="main" />
</exclusive-start>
<allocation-taxation id="2930" taxation-threshold="111149056" timestamp="2019-08-09T00:19:09.290" intervalms="315.320" />
<cycle-start id="2931" type="partial gc" contextid="0" timestamp="2019-08-09T00:19:09.291" intervalms="315.348" />
<gc-start id="2932" type="partial gc" contextid="2931" timestamp="2019-08-09T00:19:09.291">
  <mem-info id="2933" free="140509184" total="419430400" percent="33">
    <mem type="eden" free="0" total="111149056" percent="0" />
    <remembered-set count="6848" freebytes="16740608" totalbytes="16768000" percent="99" regionsoverflowed="0" regionsstable="9" regionsrebuilding="0"/>
  </mem-info>
</gc-start>
<allocation-stats totalBytes="110976784" >
  <allocated-bytes non-tlh="0" tlh="110976784" arrayletleaf="0"/>
  <largest-consumer threadName="main" threadId="0000000001FF0F00" bytes="110976784" />
</allocation-stats>
<gc-op id="2934" type="copy forward" timems="8.371" contextid="2931" timestamp="2019-08-09T00:19:09.300">
  <memory-copied type="eden" objects="73" bytes="39848" bytesdiscarded="600" />
  <memory-copied type="other" objects="12" bytes="288" bytesdiscarded="1440" />
  <memory-cardclean objects="117" bytes="3528" />
  <regions eden="53" other="2" />
  <remembered-set-cleared processed="474" cleared="12" durationms="0.357" />
  <stringconstants candidates="13838" cleared="0"  />
</gc-op>
<gc-op id="2935" type="classunload" timems="0.009" contextid="2931" timestamp="2019-08-09T00:19:09.300">
  <classunload-info classloadercandidates="54" classloadersunloaded="0" classesunloaded="0" anonymousclassesunloaded="0" quiescems="0.000" setupms="0.009" scanms="0.000" postms="0.000" />
</gc-op>
<gc-end id="2936" type="partial gc" contextid="2931" durationms="9.605" usertimems="21.644" systemtimems="0.000" timestamp="2019-08-09T00:19:09.300" activeThreads="16">
  <mem-info id="2937" free="249561088" total="419430400" percent="59">
    <mem type="eden" free="2056704" total="2097152" percent="98" />
    <remembered-set count="7488" freebytes="16738048" totalbytes="16768000" percent="99" regionsoverflowed="0" regionsstable="9" regionsrebuilding="0"/>
  </mem-info>
</gc-end>
<cycle-end id="2938" type="partial gc" contextid="2931" timestamp="2019-08-09T00:19:09.300" />
  <attribute name="elasticGC enabled" value="1" />
  <attribute name= "numThreadsSpecified" value="16" />
  <attribute name="heapSize specified" value="0" />
  <attribute name="Current GC Util" value="145" />
  <attribute name= "Current Time Running" value="159525" />
  <attribute name ="GC Interval" value="0" />
  <attribute name="Target GC Util Change" value ="80.000000" />
  <attribute name="Current GC Util Change" value="145.000000"/>
  <attribute name="Current Error" value="1.000000" />
  <attribute name="Output H" value="419468240"/>
  <attribute name="Output I" value="2000"/>
  <attribute name="Output T" value="16"/>
  <attribute name= "Current Time Running" value="159525" />
  <attribute name="GC Util currently" value="145" />
  <attribute name="CPU Util currently" value="1700421451314" />
<exclusive-end id="2939" timestamp="2019-08-09T00:19:09.301" durationms="10.239" />

<exclusive-start id="2940" timestamp="2019-08-09T00:19:09.484" intervalms="194.080">
  <response-info timems="0.016" idlems="0.016" threads="0" lastid="0000000001FF0F00" lastname="main" />
</exclusive-start>
<allocation-taxation id="2941" taxation-threshold="111149056" timestamp="2019-08-09T00:19:09.485" intervalms="194.087" />
<cycle-start id="2942" type="partial gc" contextid="0" timestamp="2019-08-09T00:19:09.485" intervalms="194.121" />
<gc-start id="2943" type="partial gc" contextid="2942" timestamp="2019-08-09T00:19:09.485">
  <mem-info id="2944" free="138412032" total="419430400" percent="33">
    <mem type="eden" free="0" total="111149056" percent="0" />
    <remembered-set count="7488" freebytes="16738048" totalbytes="16768000" percent="99" regionsoverflowed="0" regionsstable="9" regionsrebuilding="0"/>
  </mem-info>
</gc-start>
<allocation-stats totalBytes="111137688" >
  <allocated-bytes non-tlh="0" tlh="111137688" arrayletleaf="0"/>
  <largest-consumer threadName="main" threadId="0000000001FF0F00" bytes="111137688" />
</allocation-stats>
<gc-op id="2945" type="copy forward" timems="16.042" contextid="2942" timestamp="2019-08-09T00:19:09.502">
  <memory-copied type="eden" objects="41" bytes="1216" bytesdiscarded="1128" />
  <memory-copied type="other" objects="48" bytes="1152" bytesdiscarded="1752" />
  <memory-cardclean objects="141" bytes="3880" />
  <regions eden="53" other="2" />
  <remembered-set-cleared processed="477" cleared="18" durationms="0.154" />
  <stringconstants candidates="13838" cleared="0"  />
</gc-op>
<gc-op id="2946" type="classunload" timems="0.009" contextid="2942" timestamp="2019-08-09T00:19:09.502">
  <classunload-info classloadercandidates="54" classloadersunloaded="0" classesunloaded="0" anonymousclassesunloaded="0" quiescems="0.000" setupms="0.009" scanms="0.000" postms="0.000" />
</gc-op>
<gc-end id="2947" type="partial gc" contextid="2942" durationms="17.565" usertimems="31.015" systemtimems="0.000" timestamp="2019-08-09T00:19:09.503" activeThreads="16">
  <mem-info id="2948" free="247463936" total="419430400" percent="59">
    <mem type="eden" free="2094808" total="2097152" percent="99" />
    <remembered-set count="8480" freebytes="16734080" totalbytes="16768000" percent="99" regionsoverflowed="0" regionsstable="9" regionsrebuilding="0"/>
  </mem-info>
</gc-end>
<cycle-end id="2949" type="partial gc" contextid="2942" timestamp="2019-08-09T00:19:09.503" />
  <attribute name="elasticGC enabled" value="1" />
  <attribute name= "numThreadsSpecified" value="16" />
  <attribute name="heapSize specified" value="0" />
  <attribute name="Current GC Util" value="217" />
  <attribute name= "Current Time Running" value="159719" />
  <attribute name ="GC Interval" value="0" />
  <attribute name="Target GC Util Change" value ="80.000000" />
  <attribute name="Current GC Util Change" value="217.000000"/>
  <attribute name="Current Error" value="-66.000000" />
  <attribute name="Output H" value="419468208"/>
  <attribute name="Output I" value="1968"/>
  <attribute name="Output T" value="16"/>
  <attribute name= "Current Time Running" value="159719" />
  <attribute name="GC Util currently" value="217" />
  <attribute name="CPU Util currently" value="1177859085314" />
<exclusive-end id="2950" timestamp="2019-08-09T00:19:09.503" durationms="18.272" />

<exclusive-start id="2951" timestamp="2019-08-09T00:19:09.630" intervalms="145.355">
  <response-info timems="0.022" idlems="0.022" threads="0" lastid="0000000001FF0F00" lastname="main" />
</exclusive-start>
<allocation-taxation id="2952" taxation-threshold="111149056" timestamp="2019-08-09T00:19:09.630" intervalms="145.362" />
<cycle-start id="2953" type="partial gc" contextid="0" timestamp="2019-08-09T00:19:09.630" intervalms="145.328" />
<gc-start id="2954" type="partial gc" contextid="2953" timestamp="2019-08-09T00:19:09.630">
  <mem-info id="2955" free="136314880" total="419430400" percent="32">
    <mem type="eden" free="0" total="111149056" percent="0" />
    <remembered-set count="8480" freebytes="16734080" totalbytes="16768000" percent="99" regionsoverflowed="0" regionsstable="9" regionsrebuilding="0"/>
  </mem-info>
</gc-start>
<allocation-stats totalBytes="111120880" >
  <allocated-bytes non-tlh="0" tlh="111120880" arrayletleaf="0"/>
  <largest-consumer threadName="main" threadId="0000000001FF0F00" bytes="111120880" />
</allocation-stats>
<gc-op id="2956" type="copy forward" timems="8.969" contextid="2953" timestamp="2019-08-09T00:19:09.640">
  <memory-copied type="eden" objects="42" bytes="1240" bytesdiscarded="1104" />
  <memory-copied type="other" objects="70" bytes="1752" bytesdiscarded="2280" />
  <memory-cardclean objects="144" bytes="4080" />
  <regions eden="53" other="2" />
  <remembered-set-cleared processed="476" cleared="17" durationms="0.236" />
  <stringconstants candidates="13838" cleared="0"  />
</gc-op>
<gc-op id="2957" type="classunload" timems="0.009" contextid="2953" timestamp="2019-08-09T00:19:09.640">
  <classunload-info classloadercandidates="54" classloadersunloaded="0" classesunloaded="0" anonymousclassesunloaded="0" quiescems="0.000" setupms="0.009" scanms="0.000" postms="0.000" />
</gc-op>
<gc-end id="2958" type="partial gc" contextid="2953" durationms="10.188" usertimems="24.790" systemtimems="0.000" timestamp="2019-08-09T00:19:09.640" activeThreads="16">
  <mem-info id="2959" free="245366784" total="419430400" percent="58">
    <mem type="eden" free="2094808" total="2097152" percent="99" />
    <remembered-set count="9472" freebytes="16730112" totalbytes="16768000" percent="99" regionsoverflowed="0" regionsstable="9" regionsrebuilding="0"/>
  </mem-info>
</gc-end>
<cycle-end id="2960" type="partial gc" contextid="2953" timestamp="2019-08-09T00:19:09.641" />
  <attribute name="elasticGC enabled" value="1" />
  <attribute name= "numThreadsSpecified" value="16" />
  <attribute name="heapSize specified" value="0" />
  <attribute name="Current GC Util" value="165" />
  <attribute name= "Current Time Running" value="159865" />
  <attribute name ="GC Interval" value="0" />
  <attribute name="Target GC Util Change" value ="80.000000" />
  <attribute name="Current GC Util Change" value="165.000000"/>
  <attribute name="Current Error" value="-91.000000" />
  <attribute name="Output H" value="419468192"/>
  <attribute name="Output I" value="1952"/>
  <attribute name="Output T" value="16"/>
  <attribute name= "Current Time Running" value="159865" />
  <attribute name="GC Util currently" value="165" />
  <attribute name="CPU Util currently" value="1601295363301" />
<exclusive-end id="2961" timestamp="2019-08-09T00:19:09.641" durationms="10.838" />

<exclusive-start id="2962" timestamp="2019-08-09T00:19:09.785" intervalms="155.535">
  <response-info timems="0.017" idlems="0.017" threads="0" lastid="0000000001FF0F00" lastname="main" />
</exclusive-start>
<allocation-taxation id="2963" taxation-threshold="111149056" timestamp="2019-08-09T00:19:09.785" intervalms="155.523" />
<cycle-start id="2964" type="partial gc" contextid="0" timestamp="2019-08-09T00:19:09.786" intervalms="155.695" />
<gc-start id="2965" type="partial gc" contextid="2964" timestamp="2019-08-09T00:19:09.786">
  <mem-info id="2966" free="134217728" total="419430400" percent="32">
    <mem type="eden" free="0" total="111149056" percent="0" />
    <remembered-set count="9024" freebytes="16731904" totalbytes="16768000" percent="99" regionsoverflowed="0" regionsstable="9" regionsrebuilding="0"/>
  </mem-info>
</gc-start>
<allocation-stats totalBytes="111137336" >
  <allocated-bytes non-tlh="0" tlh="111137336" arrayletleaf="0"/>
  <largest-consumer threadName="main" threadId="0000000001FF0F00" bytes="111137336" />
</allocation-stats>
<gc-op id="2967" type="copy forward" timems="14.289" contextid="2964" timestamp="2019-08-09T00:19:09.801">
  <memory-copied type="eden" objects="33" bytes="968" bytesdiscarded="1152" />
  <memory-copied type="other" objects="47" bytes="1224" bytesdiscarded="3816" />
  <memory-cardclean objects="137" bytes="3824" />
  <regions eden="53" other="2" />
  <remembered-set-cleared processed="484" cleared="17" durationms="0.255" />
  <stringconstants candidates="13838" cleared="0"  />
</gc-op>
<gc-op id="2968" type="classunload" timems="0.010" contextid="2964" timestamp="2019-08-09T00:19:09.801">
  <classunload-info classloadercandidates="54" classloadersunloaded="0" classesunloaded="0" anonymousclassesunloaded="0" quiescems="0.000" setupms="0.010" scanms="0.000" postms="0.000" />
</gc-op>
<gc-end id="2969" type="partial gc" contextid="2964" durationms="15.616" usertimems="32.416" systemtimems="0.000" timestamp="2019-08-09T00:19:09.802" activeThreads="16">
  <mem-info id="2970" free="243269632" total="419430400" percent="58">
    <mem type="eden" free="2095032" total="2097152" percent="99" />
    <remembered-set count="9728" freebytes="16729088" totalbytes="16768000" percent="99" regionsoverflowed="0" regionsstable="9" regionsrebuilding="0"/>
  </mem-info>
</gc-end>
<cycle-end id="2971" type="partial gc" contextid="2964" timestamp="2019-08-09T00:19:09.802" />
  <attribute name="elasticGC enabled" value="1" />
  <attribute name= "numThreadsSpecified" value="16" />
  <attribute name="heapSize specified" value="0" />
  <attribute name="Current GC Util" value="138" />
  <attribute name= "Current Time Running" value="160020" />
  <attribute name ="GC Interval" value="0" />
  <attribute name="Target GC Util Change" value ="80.000000" />
  <attribute name="Current GC Util Change" value="138.000000"/>
  <attribute name="Current Error" value="7.000000" />
  <attribute name="Output H" value="419468248"/>
  <attribute name="Output I" value="2008"/>
  <attribute name="Output T" value="16"/>
  <attribute name= "Current Time Running" value="160020" />
  <attribute name="GC Util currently" value="138" />
  <attribute name="CPU Util currently" value="1659608104876" />
<exclusive-end id="2972" timestamp="2019-08-09T00:19:09.802" durationms="16.502" />

<exclusive-start id="2973" timestamp="2019-08-09T00:19:10.053" intervalms="267.225">
  <response-info timems="0.017" idlems="0.017" threads="0" lastid="0000000001FF0F00" lastname="main" />
</exclusive-start>
<allocation-taxation id="2974" taxation-threshold="111149056" timestamp="2019-08-09T00:19:10.053" intervalms="267.225" />
<cycle-start id="2975" type="partial gc" contextid="0" timestamp="2019-08-09T00:19:10.053" intervalms="267.226" />
<gc-start id="2976" type="partial gc" contextid="2975" timestamp="2019-08-09T00:19:10.053">
  <mem-info id="2977" free="132120576" total="419430400" percent="31">
    <mem type="eden" free="0" total="111149056" percent="0" />
    <remembered-set count="9280" freebytes="16730880" totalbytes="16768000" percent="99" regionsoverflowed="0" regionsstable="9" regionsrebuilding="0"/>
  </mem-info>
</gc-start>
<allocation-stats totalBytes="111141792" >
  <allocated-bytes non-tlh="0" tlh="111141792" arrayletleaf="0"/>
  <largest-consumer threadName="main" threadId="0000000001FF0F00" bytes="111141792" />
</allocation-stats>
<gc-op id="2978" type="copy forward" timems="7.834" contextid="2975" timestamp="2019-08-09T00:19:10.062">
  <memory-copied type="eden" objects="68" bytes="1816" bytesdiscarded="1464" />
  <memory-copied type="other" objects="37" bytes="912" bytesdiscarded="4680" />
  <memory-cardclean objects="162" bytes="4448" />
  <regions eden="53" other="2" />
  <remembered-set-cleared processed="490" cleared="26" durationms="0.179" />
  <stringconstants candidates="13838" cleared="0"  />
</gc-op>
<gc-op id="2979" type="classunload" timems="0.012" contextid="2975" timestamp="2019-08-09T00:19:10.063">
  <classunload-info classloadercandidates="54" classloadersunloaded="0" classesunloaded="0" anonymousclassesunloaded="0" quiescems="0.000" setupms="0.011" scanms="0.000" postms="0.000" />
</gc-op>
<gc-end id="2980" type="partial gc" contextid="2975" durationms="9.449" usertimems="20.722" systemtimems="0.000" timestamp="2019-08-09T00:19:10.063" activeThreads="16">
  <mem-info id="2981" free="241172480" total="419430400" percent="57">
    <mem type="eden" free="2093872" total="2097152" percent="99" />
    <remembered-set count="10144" freebytes="16727424" totalbytes="16768000" percent="99" regionsoverflowed="0" regionsstable="9" regionsrebuilding="0"/>
  </mem-info>
</gc-end>
<cycle-end id="2982" type="partial gc" contextid="2975" timestamp="2019-08-09T00:19:10.063" />
  <attribute name="elasticGC enabled" value="1" />
  <attribute name= "numThreadsSpecified" value="16" />
  <attribute name="heapSize specified" value="0" />
  <attribute name="Current GC Util" value="121" />
  <attribute name= "Current Time Running" value="160288" />
  <attribute name ="GC Interval" value="0" />
  <attribute name="Target GC Util Change" value ="80.000000" />
  <attribute name="Current GC Util Change" value="121.000000"/>
  <attribute name="Current Error" value="35.000000" />
  <attribute name="Output H" value="419468264"/>
  <attribute name="Output I" value="2024"/>
  <attribute name="Output T" value="16"/>
  <attribute name= "Current Time Running" value="160288" />
  <attribute name="GC Util currently" value="121" />
  <attribute name="CPU Util currently" value="1282086543012" />
<exclusive-end id="2983" timestamp="2019-08-09T00:19:10.063" durationms="10.460" />

<exclusive-start id="2984" timestamp="2019-08-09T00:19:10.253" intervalms="200.607">
  <response-info timems="0.026" idlems="0.026" threads="0" lastid="0000000001FF0F00" lastname="main" />
</exclusive-start>
<allocation-taxation id="2985" taxation-threshold="111149056" timestamp="2019-08-09T00:19:10.253" intervalms="200.627" />
<cycle-start id="2986" type="partial gc" contextid="0" timestamp="2019-08-09T00:19:10.253" intervalms="200.464" />
<gc-start id="2987" type="partial gc" contextid="2986" timestamp="2019-08-09T00:19:10.254">
  <mem-info id="2988" free="130023424" total="419430400" percent="31">
    <mem type="eden" free="0" total="111149056" percent="0" />
    <remembered-set count="9664" freebytes="16729344" totalbytes="16768000" percent="99" regionsoverflowed="0" regionsstable="9" regionsrebuilding="0"/>
  </mem-info>
</gc-start>
<allocation-stats totalBytes="111131184" >
  <allocated-bytes non-tlh="0" tlh="111131184" arrayletleaf="0"/>
  <largest-consumer threadName="main" threadId="0000000001FF0F00" bytes="111131184" />
</allocation-stats>
<gc-op id="2989" type="copy forward" timems="11.141" contextid="2986" timestamp="2019-08-09T00:19:10.266">
  <memory-copied type="eden" objects="54" bytes="2712" bytesdiscarded="600" />
  <memory-copied type="other" objects="60" bytes="1440" bytesdiscarded="2616" />
  <memory-cardclean objects="167" bytes="4560" />
  <regions eden="53" other="2" />
  <remembered-set-cleared processed="497" cleared="25" durationms="0.180" />
  <stringconstants candidates="13838" cleared="0"  />
</gc-op>
<gc-op id="2990" type="classunload" timems="0.010" contextid="2986" timestamp="2019-08-09T00:19:10.266">
  <classunload-info classloadercandidates="54" classloadersunloaded="0" classesunloaded="0" anonymousclassesunloaded="0" quiescems="0.000" setupms="0.010" scanms="0.000" postms="0.000" />
</gc-op>
<gc-end id="2991" type="partial gc" contextid="2986" durationms="12.536" usertimems="26.306" systemtimems="0.000" timestamp="2019-08-09T00:19:10.266" activeThreads="16">
  <mem-info id="2992" free="239075328" total="419430400" percent="57">
    <mem type="eden" free="2093840" total="2097152" percent="99" />
    <remembered-set count="8864" freebytes="16732544" totalbytes="16768000" percent="99" regionsoverflowed="0" regionsstable="9" regionsrebuilding="0"/>
  </mem-info>
</gc-end>
<cycle-end id="2993" type="partial gc" contextid="2986" timestamp="2019-08-09T00:19:10.266" />
  <attribute name="elasticGC enabled" value="1" />
  <attribute name= "numThreadsSpecified" value="16" />
  <attribute name="heapSize specified" value="0" />
  <attribute name="Current GC Util" value="136" />
  <attribute name= "Current Time Running" value="160488" />
  <attribute name ="GC Interval" value="0" />
  <attribute name="Target GC Util Change" value ="80.000000" />
  <attribute name="Current GC Util Change" value="136.000000"/>
  <attribute name="Current Error" value="50.000000" />
  <attribute name="Output H" value="419468272"/>
  <attribute name="Output I" value="2032"/>
  <attribute name="Output T" value="16"/>
  <attribute name= "Current Time Running" value="160488" />
  <attribute name="GC Util currently" value="136" />
  <attribute name="CPU Util currently" value="2013365346838" />
<exclusive-end id="2994" timestamp="2019-08-09T00:19:10.266" durationms="13.320" />

<exclusive-start id="2995" timestamp="2019-08-09T00:19:10.398" intervalms="144.770">
  <response-info timems="0.021" idlems="0.021" threads="0" lastid="0000000001FF0F00" lastname="main" />
</exclusive-start>
<allocation-taxation id="2996" taxation-threshold="111149056" timestamp="2019-08-09T00:19:10.398" intervalms="144.747" />
<cycle-start id="2997" type="partial gc" contextid="0" timestamp="2019-08-09T00:19:10.398" intervalms="144.807" />
<gc-start id="2998" type="partial gc" contextid="2997" timestamp="2019-08-09T00:19:10.398">
  <mem-info id="2999" free="127926272" total="419430400" percent="30">
    <mem type="eden" free="0" total="111149056" percent="0" />
    <remembered-set count="8832" freebytes="16732672" totalbytes="16768000" percent="99" regionsoverflowed="0" regionsstable="9" regionsrebuilding="0"/>
  </mem-info>
</gc-start>
<allocation-stats totalBytes="111074008" >
  <allocated-bytes non-tlh="0" tlh="111074008" arrayletleaf="0"/>
  <largest-consumer threadName="main" threadId="0000000001FF0F00" bytes="111074008" />
</allocation-stats>
<gc-op id="3000" type="copy forward" timems="8.654" contextid="2997" timestamp="2019-08-09T00:19:10.408">
  <memory-copied type="eden" objects="30" bytes="1424" bytesdiscarded="0" />
  <memory-copied type="other" objects="66" bytes="1584" bytesdiscarded="2136" />
  <memory-cardclean objects="128" bytes="3872" />
  <regions eden="53" other="2" />
  <remembered-set-cleared processed="504" cleared="20" durationms="0.161" />
  <stringconstants candidates="13838" cleared="0"  />
</gc-op>
<gc-op id="3001" type="classunload" timems="0.007" contextid="2997" timestamp="2019-08-09T00:19:10.408">
  <classunload-info classloadercandidates="54" classloadersunloaded="0" classesunloaded="0" anonymousclassesunloaded="0" quiescems="0.000" setupms="0.006" scanms="0.000" postms="0.000" />
</gc-op>
<gc-end id="3002" type="partial gc" contextid="2997" durationms="10.011" usertimems="25.122" systemtimems="0.000" timestamp="2019-08-09T00:19:10.408" activeThreads="16">
  <mem-info id="3003" free="236978176" total="419430400" percent="56">
    <mem type="eden" free="2095728" total="2097152" percent="99" />
    <remembered-set count="8000" freebytes="16736000" totalbytes="16768000" percent="99" regionsoverflowed="0" regionsstable="9" regionsrebuilding="0"/>
  </mem-info>
</gc-end>
<cycle-end id="3004" type="partial gc" contextid="2997" timestamp="2019-08-09T00:19:10.409" />
  <attribute name="elasticGC enabled" value="1" />
  <attribute name= "numThreadsSpecified" value="16" />
  <attribute name="heapSize specified" value="0" />
  <attribute name="Current GC Util" value="172" />
  <attribute name= "Current Time Running" value="160633" />
  <attribute name ="GC Interval" value="0" />
  <attribute name="Target GC Util Change" value ="80.000000" />
  <attribute name="Current GC Util Change" value="172.000000"/>
  <attribute name="Current Error" value="-29.000000" />
  <attribute name="Output H" value="419468224"/>
  <attribute name="Output I" value="1984"/>
  <attribute name="Output T" value="16"/>
  <attribute name= "Current Time Running" value="160633" />
  <attribute name="GC Util currently" value="172" />
  <attribute name="CPU Util currently" value="1499140441079" />
<exclusive-end id="3005" timestamp="2019-08-09T00:19:10.409" durationms="10.786" />

<exclusive-start id="3006" timestamp="2019-08-09T00:19:10.448" intervalms="49.560">
  <response-info timems="0.021" idlems="0.021" threads="0" lastid="0000000001FF0F00" lastname="main" />
</exclusive-start>
<allocation-taxation id="3007" taxation-threshold="111149056" timestamp="2019-08-09T00:19:10.448" intervalms="49.555" />
<cycle-start id="3008" type="partial gc" contextid="0" timestamp="2019-08-09T00:19:10.448" intervalms="49.638" />
<gc-start id="3009" type="partial gc" contextid="3008" timestamp="2019-08-09T00:19:10.448">
  <mem-info id="3010" free="125829120" total="419430400" percent="30">
    <mem type="eden" free="0" total="111149056" percent="0" />
    <remembered-set count="7968" freebytes="16736128" totalbytes="16768000" percent="99" regionsoverflowed="0" regionsstable="9" regionsrebuilding="0"/>
  </mem-info>
</gc-start>
<allocation-stats totalBytes="110951144" >
  <allocated-bytes non-tlh="0" tlh="110951144" arrayletleaf="0"/>
  <largest-consumer threadName="main" threadId="0000000001FF0F00" bytes="110951144" />
</allocation-stats>
<gc-op id="3011" type="copy forward" timems="11.768" contextid="3008" timestamp="2019-08-09T00:19:10.462">
  <memory-copied type="eden" objects="3" bytes="72" bytesdiscarded="720" />
  <memory-copied type="other" objects="51" bytes="1928" bytesdiscarded="1552" />
  <memory-cardclean objects="71" bytes="2496" />
  <regions eden="53" other="2" />
  <remembered-set-cleared processed="510" cleared="13" durationms="0.267" />
  <stringconstants candidates="13838" cleared="0"  />
</gc-op>
<gc-op id="3012" type="classunload" timems="0.011" contextid="3008" timestamp="2019-08-09T00:19:10.462">
  <classunload-info classloadercandidates="54" classloadersunloaded="0" classesunloaded="0" anonymousclassesunloaded="0" quiescems="0.000" setupms="0.011" scanms="0.000" postms="0.000" />
</gc-op>
<gc-end id="3013" type="partial gc" contextid="3008" durationms="13.837" usertimems="23.407" systemtimems="0.000" timestamp="2019-08-09T00:19:10.462" activeThreads="16">
  <mem-info id="3014" free="234881024" total="419430400" percent="56">
    <mem type="eden" free="2096360" total="2097152" percent="99" />
    <remembered-set count="7776" freebytes="16736896" totalbytes="16768000" percent="99" regionsoverflowed="0" regionsstable="9" regionsrebuilding="0"/>
  </mem-info>
</gc-end>
<cycle-end id="3015" type="partial gc" contextid="3008" timestamp="2019-08-09T00:19:10.462" />
  <attribute name="elasticGC enabled" value="1" />
  <attribute name= "numThreadsSpecified" value="16" />
  <attribute name="heapSize specified" value="0" />
  <attribute name="Current GC Util" value="240" />
  <attribute name= "Current Time Running" value="160683" />
  <attribute name ="GC Interval" value="0" />
  <attribute name="Target GC Util Change" value ="80.000000" />
  <attribute name="Current GC Util Change" value="240.000000"/>
  <attribute name="Current Error" value="-157.000000" />
  <attribute name="Output H" value="419468152"/>
  <attribute name="Output I" value="1912"/>
  <attribute name="Output T" value="16"/>
  <attribute name= "Current Time Running" value="160683" />
  <attribute name="GC Util currently" value="240" />
  <attribute name="CPU Util currently" value="883369946276" />
<exclusive-end id="3016" timestamp="2019-08-09T00:19:10.462" durationms="14.630" />

<exclusive-start id="3017" timestamp="2019-08-09T00:19:10.559" intervalms="111.777">
  <response-info timems="0.023" idlems="0.023" threads="0" lastid="0000000001FF0F00" lastname="main" />
</exclusive-start>
<allocation-taxation id="3018" taxation-threshold="111149056" timestamp="2019-08-09T00:19:10.559" intervalms="111.776" />
<cycle-start id="3019" type="partial gc" contextid="0" timestamp="2019-08-09T00:19:10.559" intervalms="111.687" />
<gc-start id="3020" type="partial gc" contextid="3019" timestamp="2019-08-09T00:19:10.560">
  <mem-info id="3021" free="123731968" total="419430400" percent="29">
    <mem type="eden" free="2096360" total="113246208" percent="1" />
    <remembered-set count="7328" freebytes="16738688" totalbytes="16768000" percent="99" regionsoverflowed="0" regionsstable="9" regionsrebuilding="0"/>
  </mem-info>
</gc-start>
<allocation-stats totalBytes="110989496" >
  <allocated-bytes non-tlh="0" tlh="110989496" arrayletleaf="0"/>
  <largest-consumer threadName="main" threadId="0000000001FF0F00" bytes="110989496" />
</allocation-stats>
<gc-op id="3022" type="copy forward" timems="8.397" contextid="3019" timestamp="2019-08-09T00:19:10.569">
  <memory-copied type="eden" objects="30" bytes="1344" bytesdiscarded="848" />
  <memory-copied type="other" objects="12" bytes="288" bytesdiscarded="1296" />
  <memory-cardclean objects="98" bytes="3000" />
  <regions eden="53" other="2" />
  <remembered-set-cleared processed="514" cleared="13" durationms="0.199" />
  <stringconstants candidates="13838" cleared="0"  />
</gc-op>
<gc-op id="3023" type="classunload" timems="0.011" contextid="3019" timestamp="2019-08-09T00:19:10.569">
  <classunload-info classloadercandidates="54" classloadersunloaded="0" classesunloaded="0" anonymousclassesunloaded="0" quiescems="0.000" setupms="0.010" scanms="0.000" postms="0.000" />
</gc-op>
<gc-end id="3024" type="partial gc" contextid="3019" durationms="9.674" usertimems="23.021" systemtimems="0.000" timestamp="2019-08-09T00:19:10.569" activeThreads="16">
  <mem-info id="3025" free="234881024" total="419430400" percent="56">
    <mem type="eden" free="2094960" total="2097152" percent="99" />
    <remembered-set count="8384" freebytes="16734464" totalbytes="16768000" percent="99" regionsoverflowed="0" regionsstable="9" regionsrebuilding="0"/>
  </mem-info>
</gc-end>
<cycle-end id="3026" type="partial gc" contextid="3019" timestamp="2019-08-09T00:19:10.570" />
  <attribute name="elasticGC enabled" value="1" />
  <attribute name= "numThreadsSpecified" value="16" />
  <attribute name="heapSize specified" value="0" />
  <attribute name="Current GC Util" value="132" />
  <attribute name= "Current Time Running" value="160794" />
  <attribute name ="GC Interval" value="0" />
  <attribute name="Target GC Util Change" value ="80.000000" />
  <attribute name="Current GC Util Change" value="132.000000"/>
  <attribute name="Current Error" value="-147.000000" />
  <attribute name="Output H" value="419468160"/>
  <attribute name="Output I" value="1920"/>
  <attribute name="Output T" value="16"/>
  <attribute name= "Current Time Running" value="160794" />
  <attribute name="GC Util currently" value="132" />
  <attribute name="CPU Util currently" value="1768468876431" />
<exclusive-end id="3027" timestamp="2019-08-09T00:19:10.570" durationms="10.620" />

<exclusive-start id="3028" timestamp="2019-08-09T00:19:10.657" intervalms="97.694">
  <response-info timems="0.089" idlems="0.089" threads="0" lastid="0000000001FF0F00" lastname="main" />
</exclusive-start>
<allocation-taxation id="3029" taxation-threshold="111149056" timestamp="2019-08-09T00:19:10.657" intervalms="97.697" />
<cycle-start id="3030" type="partial gc" contextid="0" timestamp="2019-08-09T00:19:10.657" intervalms="97.629" />
<gc-start id="3031" type="partial gc" contextid="3030" timestamp="2019-08-09T00:19:10.657">
  <mem-info id="3032" free="123731968" total="419430400" percent="29">
    <mem type="eden" free="0" total="111149056" percent="0" />
    <remembered-set count="8128" freebytes="16735488" totalbytes="16768000" percent="99" regionsoverflowed="0" regionsstable="9" regionsrebuilding="0"/>
  </mem-info>
</gc-start>
<allocation-stats totalBytes="111042448" >
  <allocated-bytes non-tlh="0" tlh="111042448" arrayletleaf="0"/>
  <largest-consumer threadName="main" threadId="0000000001FF0F00" bytes="111042448" />
</allocation-stats>
<gc-op id="3033" type="copy forward" timems="9.411" contextid="3030" timestamp="2019-08-09T00:19:10.668">
  <memory-copied type="eden" objects="41" bytes="4336" bytesdiscarded="672" />
  <memory-copied type="other" objects="24" bytes="576" bytesdiscarded="1272" />
  <memory-cardclean objects="101" bytes="3144" />
  <regions eden="53" other="2" />
  <remembered-set-cleared processed="514" cleared="15" durationms="0.179" />
  <stringconstants candidates="13838" cleared="0"  />
</gc-op>
<gc-op id="3034" type="classunload" timems="0.008" contextid="3030" timestamp="2019-08-09T00:19:10.668">
  <classunload-info classloadercandidates="54" classloadersunloaded="0" classesunloaded="0" anonymousclassesunloaded="0" quiescems="0.000" setupms="0.008" scanms="0.000" postms="0.000" />
</gc-op>
<heap-resize id="3035" type="expand" space="default" amount="48234496" count="1" timems="0.238" reason="excessive time being spent in gc" timestamp="2019-08-09T00:19:10.668" />
<gc-end id="3036" type="partial gc" contextid="3030" durationms="10.940" usertimems="27.745" systemtimems="0.000" timestamp="2019-08-09T00:19:10.668" activeThreads="16">
  <mem-info id="3037" free="281018368" total="467664896" percent="60">
    <mem type="eden" free="2092144" total="2097152" percent="99" />
    <remembered-set count="7808" freebytes="18665088" totalbytes="18696320" percent="99" regionsoverflowed="0" regionsstable="9" regionsrebuilding="0"/>
  </mem-info>
</gc-end>
<cycle-end id="3038" type="partial gc" contextid="3030" timestamp="2019-08-09T00:19:10.669" />
  <attribute name="elasticGC enabled" value="1" />
  <attribute name= "numThreadsSpecified" value="16" />
  <attribute name="heapSize specified" value="0" />
  <attribute name="Current GC Util" value="131" />
  <attribute name= "Current Time Running" value="160892" />
  <attribute name ="GC Interval" value="0" />
  <attribute name="Target GC Util Change" value ="80.000000" />
  <attribute name="Current GC Util Change" value="131.000000"/>
  <attribute name="Current Error" value="6.000000" />
  <attribute name="Output H" value="419468248"/>
  <attribute name="Output I" value="2008"/>
  <attribute name="Output T" value="16"/>
  <attribute name= "Current Time Running" value="160892" />
  <attribute name="GC Util currently" value="131" />
  <attribute name="CPU Util currently" value="1812815183093" />
<exclusive-end id="3039" timestamp="2019-08-09T00:19:10.669" durationms="11.853" />

<exclusive-start id="3040" timestamp="2019-08-09T00:19:10.908" intervalms="251.012">
  <response-info timems="0.020" idlems="0.020" threads="0" lastid="0000000001FF0F00" lastname="main" />
</exclusive-start>
<allocation-taxation id="3041" taxation-threshold="123731968" timestamp="2019-08-09T00:19:10.908" intervalms="251.015" />
<cycle-start id="3042" type="partial gc" contextid="0" timestamp="2019-08-09T00:19:10.908" intervalms="250.985" />
<gc-start id="3043" type="partial gc" contextid="3042" timestamp="2019-08-09T00:19:10.908">
  <mem-info id="3044" free="157286400" total="467664896" percent="33">
    <mem type="eden" free="0" total="123731968" percent="0" />
    <remembered-set count="7712" freebytes="18665472" totalbytes="18696320" percent="99" regionsoverflowed="0" regionsstable="9" regionsrebuilding="0"/>
  </mem-info>
</gc-start>
<allocation-stats totalBytes="123639168" >
  <allocated-bytes non-tlh="0" tlh="123639168" arrayletleaf="0"/>
  <largest-consumer threadName="main" threadId="0000000001FF0F00" bytes="123639168" />
</allocation-stats>
<gc-op id="3045" type="copy forward" timems="8.221" contextid="3042" timestamp="2019-08-09T00:19:10.918">
  <memory-copied type="eden" objects="29" bytes="904" bytesdiscarded="536" />
  <memory-copied type="other" objects="24" bytes="576" bytesdiscarded="1920" />
  <memory-cardclean objects="108" bytes="11456" />
  <regions eden="59" other="2" />
  <remembered-set-cleared processed="519" cleared="24" durationms="0.164" />
  <references type="weak" candidates="2" cleared="0" enqueued="0" />
  <stringconstants candidates="13838" cleared="0"  />
</gc-op>
<gc-op id="3046" type="classunload" timems="0.010" contextid="3042" timestamp="2019-08-09T00:19:10.918">
  <classunload-info classloadercandidates="54" classloadersunloaded="0" classesunloaded="0" anonymousclassesunloaded="0" quiescems="0.000" setupms="0.010" scanms="0.000" postms="0.000" />
</gc-op>
<gc-end id="3047" type="partial gc" contextid="3042" durationms="9.703" usertimems="21.749" systemtimems="0.000" timestamp="2019-08-09T00:19:10.918" activeThreads="16">
  <mem-info id="3048" free="278921216" total="467664896" percent="59">
    <mem type="eden" free="2095712" total="2097152" percent="99" />
    <remembered-set count="8672" freebytes="18661632" totalbytes="18696320" percent="99" regionsoverflowed="0" regionsstable="9" regionsrebuilding="0"/>
  </mem-info>
</gc-end>
<cycle-end id="3049" type="partial gc" contextid="3042" timestamp="2019-08-09T00:19:10.919" />
  <attribute name="elasticGC enabled" value="1" />
  <attribute name= "numThreadsSpecified" value="16" />
  <attribute name="heapSize specified" value="0" />
  <attribute name="Current GC Util" value="193" />
  <attribute name= "Current Time Running" value="161143" />
  <attribute name ="GC Interval" value="0" />
  <attribute name="Target GC Util Change" value ="80.000000" />
  <attribute name="Current GC Util Change" value="193.000000"/>
  <attribute name="Current Error" value="-37.000000" />
  <attribute name="Output H" value="467702720"/>
  <attribute name="Output I" value="1984"/>
  <attribute name="Output T" value="16"/>
  <attribute name= "Current Time Running" value="161143" />
  <attribute name="GC Util currently" value="193" />
  <attribute name="CPU Util currently" value="1289797322773" />
<exclusive-end id="3050" timestamp="2019-08-09T00:19:10.919" durationms="10.774" />

<exclusive-start id="3051" timestamp="2019-08-09T00:19:11.165" intervalms="257.459">
  <response-info timems="0.022" idlems="0.022" threads="0" lastid="0000000001FF0F00" lastname="main" />
</exclusive-start>
<allocation-taxation id="3052" taxation-threshold="123731968" timestamp="2019-08-09T00:19:11.166" intervalms="257.458" />
<cycle-start id="3053" type="partial gc" contextid="0" timestamp="2019-08-09T00:19:11.166" intervalms="257.594" />
<gc-start id="3054" type="partial gc" contextid="3053" timestamp="2019-08-09T00:19:11.166">
  <mem-info id="3055" free="155189248" total="467664896" percent="33">
    <mem type="eden" free="0" total="123731968" percent="0" />
    <remembered-set count="8192" freebytes="18663552" totalbytes="18696320" percent="99" regionsoverflowed="0" regionsstable="9" regionsrebuilding="0"/>
  </mem-info>
</gc-start>
<allocation-stats totalBytes="123709312" >
  <allocated-bytes non-tlh="0" tlh="123709312" arrayletleaf="0"/>
  <largest-consumer threadName="main" threadId="0000000001FF0F00" bytes="123709312" />
</allocation-stats>
<gc-op id="3056" type="copy forward" timems="11.476" contextid="3053" timestamp="2019-08-09T00:19:11.178">
  <memory-copied type="eden" objects="1" bytes="24" bytesdiscarded="0" />
  <memory-copied type="other" objects="40" bytes="1168" bytesdiscarded="1880" />
  <memory-cardclean objects="57" bytes="10256" />
  <regions eden="59" other="2" />
  <remembered-set-cleared processed="522" cleared="19" durationms="0.211" />
  <references type="weak" candidates="2" cleared="0" enqueued="0" />
  <stringconstants candidates="13838" cleared="0"  />
</gc-op>
<gc-op id="3057" type="classunload" timems="0.009" contextid="3053" timestamp="2019-08-09T00:19:11.178">
  <classunload-info classloadercandidates="54" classloadersunloaded="0" classesunloaded="0" anonymousclassesunloaded="0" quiescems="0.000" setupms="0.008" scanms="0.000" postms="0.000" />
</gc-op>
<gc-end id="3058" type="partial gc" contextid="3053" durationms="12.726" usertimems="23.086" systemtimems="0.000" timestamp="2019-08-09T00:19:11.179" activeThreads="16">
  <mem-info id="3059" free="276824064" total="467664896" percent="59">
    <mem type="eden" free="2097128" total="2097152" percent="99" />
    <remembered-set count="8384" freebytes="18662784" totalbytes="18696320" percent="99" regionsoverflowed="0" regionsstable="9" regionsrebuilding="0"/>
  </mem-info>
</gc-end>
<cycle-end id="3060" type="partial gc" contextid="3053" timestamp="2019-08-09T00:19:11.179" />
  <attribute name="elasticGC enabled" value="1" />
  <attribute name= "numThreadsSpecified" value="16" />
  <attribute name="heapSize specified" value="0" />
  <attribute name="Current GC Util" value="143" />
  <attribute name= "Current Time Running" value="161400" />
  <attribute name ="GC Interval" value="0" />
  <attribute name="Target GC Util Change" value ="80.000000" />
  <attribute name="Current GC Util Change" value="143.000000"/>
  <attribute name="Current Error" value="-28.000000" />
  <attribute name="Output H" value="467702720"/>
  <attribute name="Output I" value="1984"/>
  <attribute name="Output T" value="16"/>
  <attribute name= "Current Time Running" value="161400" />
  <attribute name="GC Util currently" value="143" />
  <attribute name="CPU Util currently" value="1806605530111" />
<exclusive-end id="3061" timestamp="2019-08-09T00:19:11.179" durationms="13.599" />

<exclusive-start id="3062" timestamp="2019-08-09T00:19:11.277" intervalms="111.733">
  <response-info timems="0.027" idlems="0.027" threads="0" lastid="0000000001FF0F00" lastname="main" />
</exclusive-start>
<allocation-taxation id="3063" taxation-threshold="123731968" timestamp="2019-08-09T00:19:11.277" intervalms="111.755" />
<cycle-start id="3064" type="partial gc" contextid="0" timestamp="2019-08-09T00:19:11.277" intervalms="111.693" />
<gc-start id="3065" type="partial gc" contextid="3064" timestamp="2019-08-09T00:19:11.278">
  <mem-info id="3066" free="153092096" total="467664896" percent="32">
    <mem type="eden" free="2097128" total="125829120" percent="1" />
    <remembered-set count="8032" freebytes="18664192" totalbytes="18696320" percent="99" regionsoverflowed="0" regionsstable="9" regionsrebuilding="0"/>
  </mem-info>
</gc-start>
<allocation-stats totalBytes="123584304" >
  <allocated-bytes non-tlh="0" tlh="123584304" arrayletleaf="0"/>
  <largest-consumer threadName="main" threadId="0000000001FF0F00" bytes="123584304" />
</allocation-stats>
<gc-op id="3067" type="copy forward" timems="8.855" contextid="3064" timestamp="2019-08-09T00:19:11.288">
  <memory-copied type="eden" objects="25" bytes="1328" bytesdiscarded="696" />
  <memory-copied type="other" objects="14" bytes="352" bytesdiscarded="1248" />
  <memory-cardclean objects="61" bytes="10264" />
  <regions eden="59" other="2" />
  <remembered-set-cleared processed="525" cleared="16" durationms="0.176" />
  <references type="weak" candidates="2" cleared="0" enqueued="0" />
  <stringconstants candidates="13838" cleared="0"  />
</gc-op>
<gc-op id="3068" type="classunload" timems="0.007" contextid="3064" timestamp="2019-08-09T00:19:11.288">
  <classunload-info classloadercandidates="54" classloadersunloaded="0" classesunloaded="0" anonymousclassesunloaded="0" quiescems="0.000" setupms="0.007" scanms="0.000" postms="0.000" />
</gc-op>
<gc-end id="3069" type="partial gc" contextid="3064" durationms="10.625" usertimems="25.344" systemtimems="0.000" timestamp="2019-08-09T00:19:11.288" activeThreads="16">
  <mem-info id="3070" free="276824064" total="467664896" percent="59">
    <mem type="eden" free="2095128" total="2097152" percent="99" />
    <remembered-set count="8544" freebytes="18662144" totalbytes="18696320" percent="99" regionsoverflowed="0" regionsstable="9" regionsrebuilding="0"/>
  </mem-info>
</gc-end>
<cycle-end id="3071" type="partial gc" contextid="3064" timestamp="2019-08-09T00:19:11.291" />
  <attribute name="elasticGC enabled" value="1" />
  <attribute name= "numThreadsSpecified" value="16" />
  <attribute name="heapSize specified" value="0" />
  <attribute name="Current GC Util" value="198" />
  <attribute name= "Current Time Running" value="161513" />
  <attribute name ="GC Interval" value="0" />
  <attribute name="Target GC Util Change" value ="80.000000" />
  <attribute name="Current GC Util Change" value="198.000000"/>
  <attribute name="Current Error" value="-58.000000" />
  <attribute name="Output H" value="467702704"/>
  <attribute name="Output I" value="1968"/>
  <attribute name="Output T" value="16"/>
  <attribute name= "Current Time Running" value="161513" />
  <attribute name="GC Util currently" value="198" />
  <attribute name="CPU Util currently" value="1047370585501" />
<exclusive-end id="3072" timestamp="2019-08-09T00:19:11.291" durationms="14.210" />

* Round 4 done in 3.465 seconds.

-------------------------------------------------------------------------------
Benchmark: 2019-08-09 00:18:41
-------------------------------------------------------------------------------

    Rounds: 4
    Warp:   10
    Timer:  time.time

Test                             minimum  average  operation  overhead
-------------------------------------------------------------------------------
          BuiltinFunctionCalls:     21ms     61ms    0.12us    0.000ms
           BuiltinMethodLookup:     53ms    117ms    0.11us    0.000ms
                 CompareFloats:     15ms    156ms    0.13us    0.000ms
         CompareFloatsIntegers:     20ms     95ms    0.11us    0.000ms
               CompareIntegers:     23ms     72ms    0.04us    0.000ms
        CompareInternedStrings:     42ms    160ms    0.11us    0.000ms
                  CompareLongs:     17ms     63ms    0.06us    0.000ms
                CompareStrings:     37ms     80ms    0.08us    0.000ms
                CompareUnicode:     27ms     71ms    0.09us    0.000ms
                 ConcatStrings:    332ms    454ms    0.91us    0.000ms
                 ConcatUnicode:    169ms    259ms    0.86us    0.000ms
               CreateInstances:     86ms    145ms    1.30us    0.000ms
            CreateNewInstances:    115ms    154ms    1.84us    0.000ms
       CreateStringsWithConcat:    109ms    197ms    0.20us    0.000ms
       CreateUnicodeWithConcat:     55ms     86ms    0.22us    0.000ms
                  DictCreation:     95ms    192ms    0.48us    0.000ms
             DictWithFloatKeys:     16ms    129ms    0.14us    0.000ms
           DictWithIntegerKeys:     20ms     65ms    0.05us    0.000ms
            DictWithStringKeys:     21ms     69ms    0.06us    0.000ms
                      ForLoops:    100ms    166ms    6.63us    0.000ms
                    IfThenElse:     22ms    111ms    0.08us    0.000ms
                   ListSlicing:     20ms     39ms    2.79us    0.000ms
                NestedForLoops:     91ms    206ms    0.14us    0.000ms
          NormalClassAttribute:     26ms    103ms    0.09us    0.000ms
       NormalInstanceAttribute:     28ms     97ms    0.08us    0.000ms
           PythonFunctionCalls:     46ms    129ms    0.39us    0.000ms
             PythonMethodCalls:     38ms    108ms    0.48us    0.000ms
                     Recursion:     42ms    189ms    3.78us    0.000ms
                  SecondImport:     38ms    117ms    1.17us    0.000ms
           SecondPackageImport:     40ms     68ms    0.68us    0.000ms
         SecondSubmoduleImport:     67ms    100ms    1.00us    0.000ms
       SimpleComplexArithmetic:     18ms     89ms    0.10us    0.000ms
        SimpleDictManipulation:     74ms    183ms    0.15us    0.000ms
         SimpleFloatArithmetic:     34ms    153ms    0.12us    0.000ms
      SimpleIntFloatArithmetic:     20ms    171ms    0.13us    0.000ms
       SimpleIntegerArithmetic:     21ms    111ms    0.08us    0.000ms
        SimpleListManipulation:     46ms    156ms    0.13us    0.000ms
          SimpleLongArithmetic:     24ms    100ms    0.15us    0.000ms
                    SmallLists:     77ms    134ms    0.20us    0.000ms
                   SmallTuples:     66ms    208ms    0.39us    0.000ms
         SpecialClassAttribute:     25ms     90ms    0.07us    0.000ms
      SpecialInstanceAttribute:     26ms     79ms    0.07us    0.000ms
                StringMappings:     95ms    276ms    1.09us    0.000ms
              StringPredicates:     39ms    242ms    0.35us    0.000ms
                 StringSlicing:     84ms    186ms    0.33us    0.000ms
                     TryExcept:      2ms     32ms    0.01us    0.000ms
                TryRaiseExcept:    100ms    141ms    2.21us    0.000ms
                  TupleSlicing:     30ms     56ms    0.21us    0.000ms
               UnicodeMappings:    120ms    190ms    5.28us    0.000ms
             UnicodePredicates:     45ms    113ms    0.21us    0.000ms
             UnicodeProperties:    442ms    617ms    1.54us    0.000ms
                UnicodeSlicing:     81ms    108ms    0.22us    0.000ms
-------------------------------------------------------------------------------
Totals:                           3300ms   7492ms

===== DaCapo 9.12-MR1 jython PASSED in 33971 msec =====
<exclusive-start id="3073" timestamp="2019-08-09T00:19:11.535" intervalms="257.487">
  <response-info timems="0.067" idlems="0.067" threads="0" lastid="0000000001FF0F00" lastname="main" />
</exclusive-start>
<allocation-taxation id="3074" taxation-threshold="123731968" timestamp="2019-08-09T00:19:11.535" intervalms="257.467" />
<cycle-start id="3075" type="partial gc" contextid="0" timestamp="2019-08-09T00:19:11.535" intervalms="257.446" />
<gc-start id="3076" type="partial gc" contextid="3075" timestamp="2019-08-09T00:19:11.535">
  <mem-info id="3077" free="153092096" total="467664896" percent="32">
    <mem type="eden" free="0" total="123731968" percent="0" />
    <remembered-set count="8064" freebytes="18664064" totalbytes="18696320" percent="99" regionsoverflowed="0" regionsstable="9" regionsrebuilding="0"/>
  </mem-info>
</gc-start>
<allocation-stats totalBytes="118475392" >
  <allocated-bytes non-tlh="204984" tlh="118270408" arrayletleaf="0"/>
  <largest-consumer threadName="main" threadId="0000000001FF0F00" bytes="118475392" />
</allocation-stats>
<gc-op id="3078" type="copy forward" timems="11.215" contextid="3075" timestamp="2019-08-09T00:19:11.547">
  <memory-copied type="eden" objects="5015" bytes="658504" bytesdiscarded="113936" />
  <memory-copied type="other" objects="20" bytes="496" bytesdiscarded="1248" />
  <memory-cardclean objects="649" bytes="39920" />
  <regions eden="59" other="2" />
  <remembered-set-cleared processed="526" cleared="34" durationms="0.147" />
  <finalization candidates="1" enqueued="1" />
  <ownableSynchronizers candidates="3" cleared="3" />
  <references type="soft" candidates="8" cleared="0" enqueued="0" dynamicThreshold="18" maxThreshold="32" />
  <references type="weak" candidates="81" cleared="0" enqueued="0" />
  <references type="phantom" candidates="38" cleared="0" enqueued="0" />
  <stringconstants candidates="14256" cleared="0"  />
</gc-op>
<gc-op id="3079" type="classunload" timems="0.012" contextid="3075" timestamp="2019-08-09T00:19:11.547">
  <classunload-info classloadercandidates="55" classloadersunloaded="0" classesunloaded="0" anonymousclassesunloaded="0" quiescems="0.000" setupms="0.011" scanms="0.000" postms="0.000" />
</gc-op>
<gc-end id="3080" type="partial gc" contextid="3075" durationms="12.864" usertimems="35.692" systemtimems="0.000" timestamp="2019-08-09T00:19:11.548" activeThreads="16">
  <mem-info id="3081" free="274726912" total="467664896" percent="58">
    <mem type="eden" free="1324128" total="2097152" percent="63" />
    <pending-finalizers system="1" default="0" reference="0" classloader="0" />
    <remembered-set count="11040" freebytes="18652160" totalbytes="18696320" percent="99" regionsoverflowed="0" regionsstable="9" regionsrebuilding="0"/>
  </mem-info>
</gc-end>
<cycle-end id="3082" type="partial gc" contextid="3075" timestamp="2019-08-09T00:19:11.548" />
  <attribute name="elasticGC enabled" value="1" />
  <attribute name= "numThreadsSpecified" value="16" />
  <attribute name="heapSize specified" value="0" />
  <attribute name="Current GC Util" value="133" />
  <attribute name= "Current Time Running" value="161769" />
  <attribute name ="GC Interval" value="0" />
  <attribute name="Target GC Util Change" value ="80.000000" />
  <attribute name="Current GC Util Change" value="133.000000"/>
  <attribute name="Current Error" value="-40.000000" />
  <attribute name="Output H" value="467702720"/>
  <attribute name="Output I" value="1984"/>
  <attribute name="Output T" value="16"/>
  <attribute name= "Current Time Running" value="161769" />
  <attribute name="GC Util currently" value="133" />
  <attribute name="CPU Util currently" value="1873185706249" />
<exclusive-end id="3083" timestamp="2019-08-09T00:19:11.549" durationms="13.887" />

<exclusive-start id="3084" timestamp="2019-08-09T00:19:11.568" intervalms="33.704">
  <response-info timems="0.141" idlems="0.141" threads="0" lastid="0000000001FF0F00" lastname="main" />
</exclusive-start>
<allocation-taxation id="3085" taxation-threshold="123731968" timestamp="2019-08-09T00:19:11.568" intervalms="33.749" />
<cycle-start id="3086" type="partial gc" contextid="0" timestamp="2019-08-09T00:19:11.569" intervalms="34.310" />
<gc-start id="3087" type="partial gc" contextid="3086" timestamp="2019-08-09T00:19:11.569">
  <mem-info id="3088" free="150994944" total="467664896" percent="32">
    <mem type="eden" free="841824" total="123731968" percent="0" />
    <remembered-set count="10560" freebytes="18654080" totalbytes="18696320" percent="99" regionsoverflowed="0" regionsstable="9" regionsrebuilding="0"/>
  </mem-info>
</gc-start>
<allocation-stats totalBytes="112892504" >
  <allocated-bytes non-tlh="57754768" tlh="55137736" arrayletleaf="0"/>
  <largest-consumer threadName="main" threadId="0000000001FF0F00" bytes="112892504" />
</allocation-stats>
<gc-op id="3089" type="copy forward" timems="11.550" contextid="3086" timestamp="2019-08-09T00:19:11.584">
  <memory-copied type="eden" objects="2" bytes="69384" bytesdiscarded="0" />
  <memory-copied type="other" objects="5009" bytes="626648" bytesdiscarded="76864" />
  <memory-cardclean objects="254" bytes="24072" />
  <regions eden="59" other="2" />
  <remembered-set-cleared processed="543" cleared="46" durationms="0.173" />
  <references type="soft" candidates="8" cleared="0" enqueued="0" dynamicThreshold="18" maxThreshold="32" />
  <references type="weak" candidates="79" cleared="0" enqueued="0" />
  <references type="phantom" candidates="38" cleared="0" enqueued="0" />
  <stringconstants candidates="14256" cleared="0"  />
</gc-op>
<gc-op id="3090" type="classunload" timems="0.008" contextid="3086" timestamp="2019-08-09T00:19:11.584">
  <classunload-info classloadercandidates="55" classloadersunloaded="0" classesunloaded="0" anonymousclassesunloaded="0" quiescems="0.000" setupms="0.008" scanms="0.000" postms="0.000" />
</gc-op>
<gc-end id="3091" type="partial gc" contextid="3086" durationms="14.530" usertimems="32.619" systemtimems="0.000" timestamp="2019-08-09T00:19:11.584" activeThreads="16">
  <mem-info id="3092" free="272629760" total="467664896" percent="58">
    <mem type="eden" free="2027768" total="2097152" percent="96" />
    <remembered-set count="9664" freebytes="18657664" totalbytes="18696320" percent="99" regionsoverflowed="0" regionsstable="9" regionsrebuilding="0"/>
  </mem-info>
</gc-end>
<cycle-end id="3093" type="partial gc" contextid="3086" timestamp="2019-08-09T00:19:11.584" />
  <attribute name="elasticGC enabled" value="1" />
  <attribute name= "numThreadsSpecified" value="16" />
  <attribute name="heapSize specified" value="0" />
  <attribute name="Current GC Util" value="200" />
  <attribute name= "Current Time Running" value="161805" />
  <attribute name ="GC Interval" value="0" />
  <attribute name="Target GC Util Change" value ="80.000000" />
  <attribute name="Current GC Util Change" value="200.000000"/>
  <attribute name="Current Error" value="-183.000000" />
  <attribute name="Output H" value="467702632"/>
  <attribute name="Output I" value="1896"/>
  <attribute name="Output T" value="16"/>
  <attribute name= "Current Time Running" value="161805" />
  <attribute name="GC Util currently" value="200" />
  <attribute name="CPU Util currently" value="525650074931" />
<exclusive-end id="3094" timestamp="2019-08-09T00:19:11.584" durationms="15.777" />

<exclusive-start id="3095" timestamp="2019-08-09T00:19:11.587" intervalms="18.208">
  <response-info timems="0.060" idlems="0.060" threads="0" lastid="0000000001FF0F00" lastname="main" />
</exclusive-start>
<sys-start reason="explicit" id="3096" timestamp="2019-08-09T00:19:11.587" intervalms="34238.377" />
<cycle-start id="3097" type="global garbage collect" contextid="0" timestamp="2019-08-09T00:19:11.587" intervalms="161622.654" />
<gc-start id="3098" type="global garbage collect" contextid="3097" timestamp="2019-08-09T00:19:11.587">
  <mem-info id="3099" free="255524784" total="467664896" percent="54">
    <mem type="eden" free="1769392" total="18874368" percent="9" />
    <remembered-set count="9216" freebytes="18659456" totalbytes="18696320" percent="99" regionsoverflowed="0" regionsstable="9" regionsrebuilding="0"/>
  </mem-info>
</gc-start>
<allocation-stats totalBytes="17104976" >
  <allocated-bytes non-tlh="17039440" tlh="65536" arrayletleaf="0"/>
  <largest-consumer threadName="main" threadId="0000000001FF0F00" bytes="17104976" />
</allocation-stats>
<gc-op id="3100" type="global mark" timems="13.941" contextid="3097" timestamp="2019-08-09T00:19:11.601">
  <trace-info objectcount="611109" scancount="528178" scanbytes="13689152" />
  <finalization candidates="80" enqueued="0" />
  <ownableSynchronizers candidates="21" cleared="0" />
  <references type="soft" candidates="4852" cleared="0" enqueued="0" dynamicThreshold="18" maxThreshold="32" />
  <references type="weak" candidates="5856" cleared="93" enqueued="78" />
  <references type="phantom" candidates="133" cleared="11" enqueued="11" />
  <stringconstants candidates="14256" cleared="6"  />
</gc-op>
<gc-op id="3101" type="classunload" timems="0.011" contextid="3097" timestamp="2019-08-09T00:19:11.601">
  <classunload-info classloadercandidates="55" classloadersunloaded="0" classesunloaded="0" anonymousclassesunloaded="0" quiescems="0.000" setupms="0.011" scanms="0.000" postms="0.000" />
</gc-op>
<gc-op id="3102" type="sweep" timems="2.156" contextid="3097" timestamp="2019-08-09T00:19:11.604" />
<gc-op id="3103" type="compact" timems="30.317" contextid="3097" timestamp="2019-08-09T00:19:11.634">
  <compact-info movecount="611102" movebytes="18845984" />
  <remembered-set-cleared processed="107195" cleared="107195" durationms="0.850" />
</gc-op>
<heap-resize id="3104" type="contract" space="default" amount="25165824" count="1" timems="0.190" reason="excess free space following gc" timestamp="2019-08-09T00:19:11.635" />
<gc-end id="3105" type="global garbage collect" contextid="3097" durationms="47.808" usertimems="227.130" systemtimems="0.000" timestamp="2019-08-09T00:19:11.635" activeThreads="16">
  <mem-info id="3106" free="411041792" total="442499072" percent="92">
    <pending-finalizers system="0" default="0" reference="89" classloader="0" />
    <remembered-set count="39424" freebytes="18538624" totalbytes="18696320" percent="99" regionsoverflowed="0" regionsstable="0" regionsrebuilding="0"/>
  </mem-info>
</gc-end>
<cycle-end id="3107" type="global garbage collect" contextid="3097" timestamp="2019-08-09T00:19:11.635" />
  <attribute name="elasticGC enabled" value="1" />
  <attribute name= "numThreadsSpecified" value="16" />
  <attribute name="heapSize specified" value="0" />
  <attribute name="Current GC Util" value="174" />
  <attribute name= "Current Time Running" value="161837" />
  <attribute name ="GC Interval" value="0" />
  <attribute name="Target GC Util Change" value ="80.000000" />
  <attribute name="Current GC Util Change" value="174.000000"/>
  <attribute name="Current Error" value="-640.000000" />
  <attribute name="Output H" value="467702368"/>
  <attribute name="Output I" value="1632"/>
  <attribute name="Output T" value="16"/>
  <attribute name= "Current Time Running" value="161837" />
  <attribute name="GC Util currently" value="174" />
  <attribute name="CPU Util currently" value="486303671511" />
<sys-end id="3108" timestamp="2019-08-09T00:19:11.635" />
<exclusive-end id="3109" timestamp="2019-08-09T00:19:11.635" durationms="48.490" />

===== DaCapo 9.12-MR1 pmd starting =====
<exclusive-start id="3110" timestamp="2019-08-09T00:19:13.133" intervalms="1546.656">
  <response-info timems="1.174" idlems="1.174" threads="0" lastid="00000000022F5600" lastname="PmdThread 9" />
</exclusive-start>
<allocation-taxation id="3111" taxation-threshold="117440512" timestamp="2019-08-09T00:19:13.133" intervalms="1564.838" />
<cycle-start id="3112" type="partial gc" contextid="0" timestamp="2019-08-09T00:19:13.133" intervalms="1564.235" />
<gc-start id="3113" type="partial gc" contextid="3112" timestamp="2019-08-09T00:19:13.134">
  <mem-info id="3114" free="293601280" total="442499072" percent="66">
    <mem type="eden" free="0" total="117440512" percent="0" />
    <remembered-set count="39424" freebytes="18538624" totalbytes="18696320" percent="99" regionsoverflowed="0" regionsstable="0" regionsrebuilding="0"/>
  </mem-info>
</gc-start>
<allocation-stats totalBytes="117322768" >
  <allocated-bytes non-tlh="607072" tlh="116715696" arrayletleaf="0"/>
  <largest-consumer threadName="PmdThread 8" threadId="0000000002317600" bytes="8903752" />
</allocation-stats>
<gc-op id="3115" type="copy forward" timems="35.464" contextid="3112" timestamp="2019-08-09T00:19:13.172">
  <memory-copied type="eden" objects="254542" bytes="12121824" bytesdiscarded="1499632" />
  <memory-copied type="other" objects="0" bytes="0" bytesdiscarded="0" />
  <memory-cardclean objects="1696" bytes="84272" />
  <regions eden="56" other="0" />
  <remembered-set-cleared processed="35068" cleared="249" durationms="0.672" />
  <finalization candidates="4" enqueued="0" />
  <ownableSynchronizers candidates="19" cleared="0" />
  <references type="soft" candidates="155" cleared="0" enqueued="0" dynamicThreshold="29" maxThreshold="32" />
  <references type="weak" candidates="1713" cleared="0" enqueued="0" />
  <references type="phantom" candidates="384" cleared="0" enqueued="0" />
  <stringconstants candidates="15767" cleared="9"  />
</gc-op>
<gc-op id="3116" type="classunload" timems="1.244" contextid="3112" timestamp="2019-08-09T00:19:13.173">
  <classunload-info classloadercandidates="63" classloadersunloaded="5" classesunloaded="5" anonymousclassesunloaded="0" quiescems="0.000" setupms="1.209" scanms="0.025" postms="0.009" />
</gc-op>
<heap-resize id="3117" type="contract" space="default" amount="23068672" count="1" timems="0.199" reason="excess free space following gc" timestamp="2019-08-09T00:19:13.174" />
<gc-end id="3118" type="partial gc" contextid="3112" durationms="39.982" usertimems="104.915" systemtimems="33.997" timestamp="2019-08-09T00:19:13.174" activeThreads="16">
  <mem-info id="3119" free="371195904" total="419430400" percent="88">
    <mem type="eden" free="3120624" total="16777216" percent="18" />
    <remembered-set count="67904" freebytes="17418624" totalbytes="17690240" percent="98" regionsoverflowed="0" regionsstable="0" regionsrebuilding="0"/>
  </mem-info>
</gc-end>
<cycle-end id="3120" type="partial gc" contextid="3112" timestamp="2019-08-09T00:19:13.175" />
  <attribute name="elasticGC enabled" value="1" />
  <attribute name= "numThreadsSpecified" value="16" />
  <attribute name="heapSize specified" value="0" />
  <attribute name="Current GC Util" value="40" />
  <attribute name= "Current Time Running" value="163370" />
  <attribute name ="GC Interval" value="0" />
  <attribute name="Target GC Util Change" value ="80.000000" />
  <attribute name="Current GC Util Change" value="40.000000"/>
  <attribute name="Current Error" value="-529.000000" />
  <attribute name="Output H" value="442536608"/>
  <attribute name="Output I" value="1696"/>
  <attribute name="Output T" value="16"/>
  <attribute name= "Current Time Running" value="163370" />
  <attribute name="GC Util currently" value="40" />
  <attribute name="CPU Util currently" value="537537875717" />
<exclusive-end id="3121" timestamp="2019-08-09T00:19:13.175" durationms="41.863" />

<exclusive-start id="3122" timestamp="2019-08-09T00:19:14.145" intervalms="1011.284">
  <response-info timems="1.066" idlems="1.066" threads="0" lastid="0000000002300A00" lastname="PmdThread 4" />
</exclusive-start>
<allocation-taxation id="3123" taxation-threshold="111149056" timestamp="2019-08-09T00:19:14.145" intervalms="1011.276" />
<cycle-start id="3124" type="partial gc" contextid="0" timestamp="2019-08-09T00:19:14.145" intervalms="1011.287" />
<gc-start id="3125" type="partial gc" contextid="3124" timestamp="2019-08-09T00:19:14.145">
  <mem-info id="3126" free="260046848" total="419430400" percent="62">
    <mem type="eden" free="0" total="111149056" percent="0" />
    <remembered-set count="21664" freebytes="17603584" totalbytes="17690240" percent="99" regionsoverflowed="0" regionsstable="8" regionsrebuilding="0"/>
  </mem-info>
</gc-start>
<allocation-stats totalBytes="111112024" >
  <allocated-bytes non-tlh="21224" tlh="111090800" arrayletleaf="0"/>
  <largest-consumer threadName="PmdThread 16" threadId="000000000230FE00" bytes="30860872" />
</allocation-stats>
<gc-op id="3127" type="copy forward" timems="78.293" contextid="3124" timestamp="2019-08-09T00:19:14.227">
  <memory-copied type="eden" objects="393506" bytes="16138360" bytesdiscarded="1230232" />
  <memory-copied type="other" objects="157569" bytes="6696256" bytesdiscarded="518928" />
  <memory-cardclean objects="704" bytes="41624" />
  <regions eden="53" other="8" />
  <remembered-set-cleared processed="1829" cleared="971" durationms="1.306" />
  <finalization candidates="4" enqueued="0" />
  <ownableSynchronizers candidates="19" cleared="0" />
  <references type="soft" candidates="155" cleared="0" enqueued="0" dynamicThreshold="28" maxThreshold="32" />
  <references type="weak" candidates="2406" cleared="0" enqueued="0" />
  <references type="phantom" candidates="603" cleared="0" enqueued="0" />
  <stringconstants candidates="15860" cleared="0"  />
</gc-op>
<gc-op id="3128" type="classunload" timems="0.016" contextid="3124" timestamp="2019-08-09T00:19:14.227">
  <classunload-info classloadercandidates="58" classloadersunloaded="0" classesunloaded="0" anonymousclassesunloaded="0" quiescems="0.000" setupms="0.016" scanms="0.000" postms="0.000" />
</gc-op>
<heap-resize id="3129" type="contract" space="default" amount="20971520" count="1" timems="0.165" reason="excess free space following gc" timestamp="2019-08-09T00:19:14.228" />
<gc-end id="3130" type="partial gc" contextid="3124" durationms="82.734" usertimems="158.304" systemtimems="19.055" timestamp="2019-08-09T00:19:14.228" activeThreads="16">
  <mem-info id="3131" free="339738624" total="398458880" percent="85">
    <mem type="eden" free="1484296" total="18874368" percent="7" />
    <remembered-set count="50976" freebytes="16564096" totalbytes="16768000" percent="98" regionsoverflowed="0" regionsstable="8" regionsrebuilding="0"/>
  </mem-info>
</gc-end>
<cycle-end id="3132" type="partial gc" contextid="3124" timestamp="2019-08-09T00:19:14.228" />
  <attribute name="elasticGC enabled" value="1" />
  <attribute name= "numThreadsSpecified" value="16" />
  <attribute name="heapSize specified" value="0" />
  <attribute name="Current GC Util" value="33" />
  <attribute name= "Current Time Running" value="164382" />
  <attribute name ="GC Interval" value="0" />
  <attribute name="Target GC Util Change" value ="80.000000" />
  <attribute name="Current GC Util Change" value="33.000000"/>
  <attribute name="Current Error" value="47.000000" />
  <attribute name="Output H" value="419468272"/>
  <attribute name="Output I" value="2032"/>
  <attribute name="Output T" value="16"/>
  <attribute name= "Current Time Running" value="164382" />
  <attribute name="GC Util currently" value="33" />
  <attribute name="CPU Util currently" value="341488579420" />
<exclusive-end id="3133" timestamp="2019-08-09T00:19:14.228" durationms="83.790" />

<exclusive-start id="3134" timestamp="2019-08-09T00:19:16.053" intervalms="1908.930">
  <response-info timems="13.305" idlems="5.067" threads="7" lastid="0000000001FF8700" lastname="JIT Compilation Thread-1" />
</exclusive-start>
<allocation-taxation id="3135" taxation-threshold="106954752" timestamp="2019-08-09T00:19:16.054" intervalms="1908.999" />
<cycle-start id="3136" type="partial gc" contextid="0" timestamp="2019-08-09T00:19:16.054" intervalms="1909.357" />
<gc-start id="3137" type="partial gc" contextid="3136" timestamp="2019-08-09T00:19:16.054">
  <mem-info id="3138" free="232783872" total="398458880" percent="58">
    <mem type="eden" free="0" total="106954752" percent="0" />
    <remembered-set count="50912" freebytes="16564352" totalbytes="16768000" percent="98" regionsoverflowed="0" regionsstable="8" regionsrebuilding="0"/>
  </mem-info>
</gc-start>
<allocation-stats totalBytes="106891488" >
  <allocated-bytes non-tlh="458776" tlh="106432712" arrayletleaf="0"/>
  <largest-consumer threadName="PmdThread 16" threadId="000000000230FE00" bytes="16382144" />
</allocation-stats>
<gc-op id="3139" type="copy forward" timems="233.410" contextid="3136" timestamp="2019-08-09T00:19:16.307">
  <memory-copied type="eden" objects="179661" bytes="9033272" bytesdiscarded="1188120" />
  <memory-copied type="other" objects="393345" bytes="15330752" bytesdiscarded="1580088" />
  <memory-cardclean objects="706" bytes="45104" />
  <regions eden="51" other="13" />
  <remembered-set-cleared processed="1700" cleared="842" durationms="0.125" />
  <finalization candidates="4" enqueued="0" />
  <ownableSynchronizers candidates="19" cleared="0" />
  <references type="soft" candidates="155" cleared="0" enqueued="0" dynamicThreshold="27" maxThreshold="32" />
  <references type="weak" candidates="3406" cleared="0" enqueued="0" />
  <references type="phantom" candidates="815" cleared="0" enqueued="0" />
  <stringconstants candidates="15939" cleared="0"  />
</gc-op>
<gc-op id="3140" type="classunload" timems="0.017" contextid="3136" timestamp="2019-08-09T00:19:16.307">
  <classunload-info classloadercandidates="58" classloadersunloaded="0" classesunloaded="0" anonymousclassesunloaded="0" quiescems="0.000" setupms="0.017" scanms="0.000" postms="0.000" />
</gc-op>
<heap-resize id="3141" type="contract" space="default" amount="20971520" count="1" timems="0.168" reason="excess free space following gc" timestamp="2019-08-09T00:19:16.308" />
<gc-end id="3142" type="partial gc" contextid="3136" durationms="253.354" usertimems="243.797" systemtimems="130.872" timestamp="2019-08-09T00:19:16.308" activeThreads="16">
  <mem-info id="3143" free="316669952" total="377487360" percent="83">
    <mem type="eden" free="231952" total="10485760" percent="2" />
    <remembered-set count="44320" freebytes="15752320" totalbytes="15929600" percent="98" regionsoverflowed="0" regionsstable="8" regionsrebuilding="0"/>
  </mem-info>
</gc-end>
<cycle-end id="3144" type="partial gc" contextid="3136" timestamp="2019-08-09T00:19:16.308" />
  <attribute name="elasticGC enabled" value="1" />
  <attribute name= "numThreadsSpecified" value="16" />
  <attribute name="heapSize specified" value="0" />
  <attribute name="Current GC Util" value="16" />
  <attribute name= "Current Time Running" value="166307" />
  <attribute name ="GC Interval" value="0" />
  <attribute name="Target GC Util Change" value ="80.000000" />
  <attribute name="Current GC Util Change" value="16.000000"/>
  <attribute name="Current Error" value="182.000000" />
  <attribute name="Output H" value="398496832"/>
  <attribute name="Output I" value="2112"/>
  <attribute name="Output T" value="16"/>
  <attribute name= "Current Time Running" value="166307" />
  <attribute name="GC Util currently" value="16" />
  <attribute name="CPU Util currently" value="60974657628" />
<exclusive-end id="3145" timestamp="2019-08-09T00:19:16.309" durationms="255.081" />

<exclusive-start id="3146" timestamp="2019-08-09T00:19:17.265" intervalms="1211.562">
  <response-info timems="1.164" idlems="0.874" threads="4" lastid="00000000022F9200" lastname="PmdThread 3" />
</exclusive-start>
<allocation-taxation id="3147" taxation-threshold="100663296" timestamp="2019-08-09T00:19:17.265" intervalms="1211.495" />
<cycle-start id="3148" type="partial gc" contextid="0" timestamp="2019-08-09T00:19:17.272" intervalms="1217.478" />
<gc-start id="3149" type="partial gc" contextid="3148" timestamp="2019-08-09T00:19:17.285">
  <mem-info id="3150" free="216006656" total="377487360" percent="57">
    <mem type="eden" free="0" total="100663296" percent="0" />
    <remembered-set count="44032" freebytes="15753472" totalbytes="15929600" percent="98" regionsoverflowed="0" regionsstable="8" regionsrebuilding="0"/>
  </mem-info>
</gc-start>
<allocation-stats totalBytes="100615992" >
  <allocated-bytes non-tlh="29640" tlh="100586352" arrayletleaf="0"/>
  <largest-consumer threadName="PmdThread 1" threadId="00000000022F1B00" bytes="11829776" />
</allocation-stats>
<gc-op id="3151" type="copy forward" timems="371.241" contextid="3148" timestamp="2019-08-09T00:19:17.733">
  <memory-copied type="eden" objects="104693" bytes="5987408" bytesdiscarded="690016" />
  <memory-copied type="other" objects="246800" bytes="9874272" bytesdiscarded="880136" />
  <memory-cardclean objects="26641" bytes="1171976" />
  <memory-traced type="eden" objects="4366" bytes="188728" />
  <memory-traced type="other" objects="0" bytes="0" />
  <regions eden="48" other="8" evacuated="55" marked="1" />
  <remembered-set-cleared processed="27408" cleared="13478" durationms="0.552" />
  <finalization candidates="1" enqueued="0" />
  <references type="soft" candidates="10" cleared="0" enqueued="0" dynamicThreshold="26" maxThreshold="32" />
  <references type="weak" candidates="4223" cleared="0" enqueued="0" />
  <references type="phantom" candidates="742" cleared="0" enqueued="0" />
  <stringconstants candidates="16046" cleared="0"  />
</gc-op>
<gc-op id="3152" type="classunload" timems="0.014" contextid="3148" timestamp="2019-08-09T00:19:17.738">
  <classunload-info classloadercandidates="58" classloadersunloaded="0" classesunloaded="0" anonymousclassesunloaded="0" quiescems="0.000" setupms="0.014" scanms="0.000" postms="0.000" />
</gc-op>
<gc-op id="3153" type="sweep" timems="18.113" contextid="3148" timestamp="2019-08-09T00:19:17.757" />
<gc-op id="3154" type="compact" timems="116.342" contextid="3148" timestamp="2019-08-09T00:19:17.874">
  <compact-info movecount="0" movebytes="0" />
  <remembered-set-cleared processed="70526" cleared="13478" durationms="2.777" />
</gc-op>
<heap-resize id="3155" type="contract" space="default" amount="18874368" count="1" timems="0.134" reason="excess free space following gc" timestamp="2019-08-09T00:19:17.874" />
<gc-end id="3156" type="partial gc" contextid="3148" durationms="589.515" usertimems="322.694" systemtimems="294.578" timestamp="2019-08-09T00:19:17.874" activeThreads="16">
  <mem-info id="3157" free="291504128" total="358612992" percent="81">
    <mem type="eden" free="1681056" total="10485760" percent="16" />
    <remembered-set count="47200" freebytes="14902400" totalbytes="15091200" percent="98" regionsoverflowed="0" regionsstable="8" regionsrebuilding="0"/>
  </mem-info>
</gc-end>
<cycle-end id="3158" type="partial gc" contextid="3148" timestamp="2019-08-09T00:19:17.876" />
  <attribute name="elasticGC enabled" value="1" />
  <attribute name= "numThreadsSpecified" value="16" />
  <attribute name="heapSize specified" value="0" />
  <attribute name="Current GC Util" value="8" />
  <attribute name= "Current Time Running" value="167991" />
  <attribute name ="GC Interval" value="0" />
  <attribute name="Target GC Util Change" value ="80.000000" />
  <attribute name="Current GC Util Change" value="8.000000"/>
  <attribute name="Current Error" value="72.000000" />
  <attribute name="Output H" value="377525248"/>
  <attribute name="Output I" value="2048"/>
  <attribute name="Output T" value="16"/>
  <attribute name= "Current Time Running" value="167991" />
  <attribute name="GC Util currently" value="8" />
  <attribute name="CPU Util currently" value="60544682087" />
<exclusive-end id="3159" timestamp="2019-08-09T00:19:17.877" durationms="612.361" />

<exclusive-start id="3160" timestamp="2019-08-09T00:19:18.363" intervalms="1098.393">
  <response-info timems="7.149" idlems="7.149" threads="0" lastid="0000000002317600" lastname="PmdThread 8" />
</exclusive-start>
<allocation-taxation id="3161" taxation-threshold="96468992" timestamp="2019-08-09T00:19:18.363" intervalms="1098.368" />
<cycle-start id="3162" type="partial gc" contextid="0" timestamp="2019-08-09T00:19:18.364" intervalms="1092.057" />
<gc-start id="3163" type="partial gc" contextid="3162" timestamp="2019-08-09T00:19:18.366">
  <mem-info id="3164" free="195035136" total="358612992" percent="54">
    <mem type="eden" free="0" total="98566144" percent="0" />
    <remembered-set count="47200" freebytes="14902400" totalbytes="15091200" percent="98" regionsoverflowed="0" regionsstable="8" regionsrebuilding="0"/>
  </mem-info>
</gc-start>
<allocation-stats totalBytes="96419576" >
  <allocated-bytes non-tlh="15584" tlh="96403992" arrayletleaf="0"/>
  <largest-consumer threadName="PmdThread 2" threadId="0000000002304600" bytes="11195024" />
</allocation-stats>
<gc-op id="3165" type="copy forward" timems="231.224" contextid="3162" timestamp="2019-08-09T00:19:18.600">
  <memory-copied type="eden" objects="111112" bytes="6503224" bytesdiscarded="719456" />
  <memory-copied type="other" objects="229949" bytes="9714584" bytesdiscarded="494096" />
  <memory-cardclean objects="75686" bytes="3538368" />
  <regions eden="46" other="9" />
  <remembered-set-cleared processed="29749" cleared="21646" durationms="0.290" />
  <references type="soft" candidates="4" cleared="0" enqueued="0" dynamicThreshold="26" maxThreshold="32" />
  <references type="weak" candidates="2879" cleared="0" enqueued="0" />
  <references type="phantom" candidates="1148" cleared="0" enqueued="0" />
  <stringconstants candidates="16130" cleared="0"  />
</gc-op>
<gc-op id="3166" type="classunload" timems="0.016" contextid="3162" timestamp="2019-08-09T00:19:18.600">
  <classunload-info classloadercandidates="58" classloadersunloaded="0" classesunloaded="0" anonymousclassesunloaded="0" quiescems="0.000" setupms="0.015" scanms="0.000" postms="0.000" />
</gc-op>
<heap-resize id="3167" type="contract" space="default" amount="18874368" count="1" timems="0.146" reason="excess free space following gc" timestamp="2019-08-09T00:19:18.601" />
<gc-end id="3168" type="partial gc" contextid="3162" durationms="235.675" usertimems="133.488" systemtimems="124.204" timestamp="2019-08-09T00:19:18.601" activeThreads="16">
  <mem-info id="3169" free="272629760" total="339738624" percent="80">
    <mem type="eden" free="1134224" total="8388608" percent="13" />
    <remembered-set count="57024" freebytes="14108544" totalbytes="14336640" percent="98" regionsoverflowed="0" regionsstable="8" regionsrebuilding="0"/>
  </mem-info>
</gc-end>
<cycle-end id="3170" type="partial gc" contextid="3162" timestamp="2019-08-09T00:19:18.602" />
  <attribute name="elasticGC enabled" value="1" />
  <attribute name= "numThreadsSpecified" value="16" />
  <attribute name="heapSize specified" value="0" />
  <attribute name="Current GC Util" value="47" />
  <attribute name= "Current Time Running" value="168602" />
  <attribute name ="GC Interval" value="0" />
  <attribute name="Target GC Util Change" value ="80.000000" />
  <attribute name="Current GC Util Change" value="47.000000"/>
  <attribute name="Current Error" value="158.000000" />
  <attribute name="Output H" value="358650928"/>
  <attribute name="Output I" value="2096"/>
  <attribute name="Output T" value="16"/>
  <attribute name= "Current Time Running" value="168602" />
  <attribute name="GC Util currently" value="47" />
  <attribute name="CPU Util currently" value="415088296326" />
<exclusive-end id="3171" timestamp="2019-08-09T00:19:18.602" durationms="238.932" />

===== DaCapo 9.12-MR1 pmd PASSED in 8578 msec =====
Using scaled threading model. 16 processors detected, 16 threads used to drive the workload, in a possible range of [1,512]
<exclusive-start id="3172" timestamp="2019-08-09T00:19:20.592" intervalms="2228.606">
  <response-info timems="0.022" idlems="0.022" threads="0" lastid="0000000001FF0F00" lastname="main" />
</exclusive-start>
<sys-start reason="explicit" id="3173" timestamp="2019-08-09T00:19:20.592" intervalms="9005.425" />
<cycle-start id="3174" type="global garbage collect" contextid="0" timestamp="2019-08-09T00:19:20.592" intervalms="9005.451" />
<gc-start id="3175" type="global garbage collect" contextid="3174" timestamp="2019-08-09T00:19:20.592">
  <mem-info id="3176" free="182845432" total="339738624" percent="53">
    <mem type="eden" free="393208" total="90177536" percent="0" />
    <remembered-set count="56896" freebytes="14109056" totalbytes="14336640" percent="98" regionsoverflowed="0" regionsstable="8" regionsrebuilding="0"/>
  </mem-info>
</gc-start>
<allocation-stats totalBytes="89725024" >
  <allocated-bytes non-tlh="2926976" tlh="86798048" arrayletleaf="0"/>
  <largest-consumer threadName="main" threadId="0000000001FF0F00" bytes="9693544" />
</allocation-stats>
<gc-op id="3177" type="global mark" timems="21.187" contextid="3174" timestamp="2019-08-09T00:19:20.614">
  <trace-info objectcount="639107" scancount="551425" scanbytes="14433068" />
  <finalization candidates="152" enqueued="1" />
  <ownableSynchronizers candidates="42" cleared="19" />
  <references type="soft" candidates="4886" cleared="0" enqueued="0" dynamicThreshold="25" maxThreshold="32" />
  <references type="weak" candidates="12181" cleared="5938" enqueued="5863" />
  <references type="phantom" candidates="1599" cleared="746" enqueued="746" />
  <stringconstants candidates="16386" cleared="1766"  />
</gc-op>
<gc-op id="3178" type="classunload" timems="16.528" contextid="3174" timestamp="2019-08-09T00:19:20.631">
  <classunload-info classloadercandidates="59" classloadersunloaded="4" classesunloaded="1006" anonymousclassesunloaded="0" quiescems="0.000" setupms="8.681" scanms="7.800" postms="0.046" />
</gc-op>
<gc-op id="3179" type="sweep" timems="2.042" contextid="3174" timestamp="2019-08-09T00:19:20.633" />
<gc-op id="3180" type="compact" timems="37.961" contextid="3174" timestamp="2019-08-09T00:19:20.671">
  <compact-info movecount="639090" movebytes="22746560" />
  <remembered-set-cleared processed="124231" cleared="124231" durationms="0.666" />
</gc-op>
<heap-resize id="3181" type="contract" space="default" amount="18874368" count="1" timems="0.222" reason="excess free space following gc" timestamp="2019-08-09T00:19:20.672" />
<gc-end id="3182" type="global garbage collect" contextid="3174" durationms="79.658" usertimems="224.824" systemtimems="21.548" timestamp="2019-08-09T00:19:20.672" activeThreads="16">
  <mem-info id="3183" free="287309824" total="320864256" percent="89">
    <pending-finalizers system="1" default="0" reference="6609" classloader="0" />
    <remembered-set count="48640" freebytes="14142080" totalbytes="14336640" percent="98" regionsoverflowed="0" regionsstable="0" regionsrebuilding="0"/>
  </mem-info>
</gc-end>
<cycle-end id="3184" type="global garbage collect" contextid="3174" timestamp="2019-08-09T00:19:20.674" />
  <attribute name="elasticGC enabled" value="1" />
  <attribute name= "numThreadsSpecified" value="16" />
  <attribute name="heapSize specified" value="0" />
  <attribute name="Current GC Util" value="222" />
  <attribute name= "Current Time Running" value="170867" />
  <attribute name ="GC Interval" value="0" />
  <attribute name="Target GC Util Change" value ="80.000000" />
  <attribute name="Current GC Util Change" value="222.000000"/>
  <attribute name="Current Error" value="-57.000000" />
  <attribute name="Output H" value="339776432"/>
  <attribute name="Output I" value="1968"/>
  <attribute name="Output T" value="16"/>
  <attribute name= "Current Time Running" value="170867" />
  <attribute name="GC Util currently" value="222" />
  <attribute name="CPU Util currently" value="530971097947" />
<sys-end id="3185" timestamp="2019-08-09T00:19:20.674" />
<exclusive-end id="3186" timestamp="2019-08-09T00:19:20.674" durationms="82.303" />

===== DaCapo 9.12-MR1 sunflow starting =====
<exclusive-start id="3187" timestamp="2019-08-09T00:19:21.238" intervalms="645.931">
  <response-info timems="2.118" idlems="1.069" threads="1" lastid="00000000022F9200" lastname="Thread-32" />
</exclusive-start>
<allocation-taxation id="3188" taxation-threshold="88080384" timestamp="2019-08-09T00:19:21.238" intervalms="2874.554" />
<cycle-start id="3189" type="partial gc" contextid="0" timestamp="2019-08-09T00:19:21.238" intervalms="2874.527" />
<gc-start id="3190" type="partial gc" contextid="3189" timestamp="2019-08-09T00:19:21.238">
  <mem-info id="3191" free="199229440" total="320864256" percent="62">
    <mem type="eden" free="0" total="88080384" percent="0" />
    <remembered-set count="48192" freebytes="14143872" totalbytes="14336640" percent="98" regionsoverflowed="0" regionsstable="0" regionsrebuilding="0"/>
  </mem-info>
</gc-start>
<allocation-stats totalBytes="87994288" >
  <allocated-bytes non-tlh="3227424" tlh="84766864" arrayletleaf="0"/>
  <largest-consumer threadName="Thread-21" threadId="0000000002339100" bytes="7206936" />
</allocation-stats>
<gc-op id="3192" type="copy forward" timems="13.156" contextid="3189" timestamp="2019-08-09T00:19:21.254">
  <memory-copied type="eden" objects="116699" bytes="6621488" bytesdiscarded="938648" />
  <memory-copied type="other" objects="0" bytes="0" bytesdiscarded="0" />
  <memory-cardclean objects="49381" bytes="1673736" />
  <regions eden="42" other="0" />
  <remembered-set-cleared processed="37563" cleared="4542" durationms="0.266" />
  <references type="soft" candidates="15" cleared="0" enqueued="0" dynamicThreshold="28" maxThreshold="32" />
  <references type="weak" candidates="38" cleared="0" enqueued="0" />
  <references type="phantom" candidates="2" cleared="0" enqueued="0" />
  <stringconstants candidates="15173" cleared="1"  />
</gc-op>
<gc-op id="3193" type="classunload" timems="0.013" contextid="3189" timestamp="2019-08-09T00:19:21.254">
  <classunload-info classloadercandidates="55" classloadersunloaded="0" classesunloaded="0" anonymousclassesunloaded="0" quiescems="0.000" setupms="0.013" scanms="0.000" postms="0.000" />
</gc-op>
<heap-resize id="3194" type="contract" space="default" amount="16777216" count="1" timems="0.781" reason="excess free space following gc" timestamp="2019-08-09T00:19:21.255" />
<gc-end id="3195" type="partial gc" contextid="3189" durationms="16.624" usertimems="23.365" systemtimems="22.043" timestamp="2019-08-09T00:19:21.255" activeThreads="16">
  <mem-info id="3196" free="262144000" total="304087040" percent="86">
    <mem type="eden" free="827976" total="8388608" percent="9" />
    <remembered-set count="52224" freebytes="12618624" totalbytes="12827520" percent="98" regionsoverflowed="0" regionsstable="0" regionsrebuilding="0"/>
  </mem-info>
</gc-end>
<cycle-end id="3197" type="partial gc" contextid="3189" timestamp="2019-08-09T00:19:21.255" />
  <attribute name="elasticGC enabled" value="1" />
  <attribute name= "numThreadsSpecified" value="16" />
  <attribute name="heapSize specified" value="0" />
  <attribute name="Current GC Util" value="43" />
  <attribute name= "Current Time Running" value="171474" />
  <attribute name ="GC Interval" value="0" />
  <attribute name="Target GC Util Change" value ="80.000000" />
  <attribute name="Current GC Util Change" value="43.000000"/>
  <attribute name="Current Error" value="96.000000" />
  <attribute name="Output H" value="320902152"/>
  <attribute name="Output I" value="2056"/>
  <attribute name="Output T" value="16"/>
  <attribute name= "Current Time Running" value="171474" />
  <attribute name="GC Util currently" value="43" />
  <attribute name="CPU Util currently" value="558308977460" />
<exclusive-end id="3198" timestamp="2019-08-09T00:19:21.255" durationms="17.400" />

<exclusive-start id="3199" timestamp="2019-08-09T00:19:21.440" intervalms="201.939">
  <response-info timems="7.652" idlems="7.652" threads="0" lastid="00000000022E2B00" lastname="Thread-28" />
</exclusive-start>
<allocation-taxation id="3200" taxation-threshold="83886080" timestamp="2019-08-09T00:19:21.440" intervalms="201.941" />
<cycle-start id="3201" type="partial gc" contextid="0" timestamp="2019-08-09T00:19:21.440" intervalms="201.943" />
<gc-start id="3202" type="partial gc" contextid="3201" timestamp="2019-08-09T00:19:21.440">
  <mem-info id="3203" free="178257920" total="304087040" percent="58">
    <mem type="eden" free="0" total="83886080" percent="0" />
    <remembered-set count="14336" freebytes="12770176" totalbytes="12827520" percent="99" regionsoverflowed="0" regionsstable="9" regionsrebuilding="0"/>
  </mem-info>
</gc-start>
<allocation-stats totalBytes="83875688" >
  <allocated-bytes non-tlh="168" tlh="83875520" arrayletleaf="0"/>
  <largest-consumer threadName="Thread-25" threadId="00000000022F1B00" bytes="9575456" />
</allocation-stats>
<gc-op id="3204" type="copy forward" timems="24.373" contextid="3201" timestamp="2019-08-09T00:19:21.467">
  <memory-copied type="eden" objects="35047" bytes="1278864" bytesdiscarded="230512" />
  <memory-copied type="other" objects="94423" bytes="5670752" bytesdiscarded="694448" />
  <memory-cardclean objects="51457" bytes="2049904" />
  <regions eden="40" other="4" />
  <remembered-set-cleared processed="661" cleared="102" durationms="0.116" />
  <references type="soft" candidates="15" cleared="0" enqueued="0" dynamicThreshold="27" maxThreshold="32" />
  <references type="weak" candidates="38" cleared="0" enqueued="0" />
  <references type="phantom" candidates="2" cleared="0" enqueued="0" />
  <stringconstants candidates="15173" cleared="0"  />
</gc-op>
<gc-op id="3205" type="classunload" timems="0.010" contextid="3201" timestamp="2019-08-09T00:19:21.467">
  <classunload-info classloadercandidates="55" classloadersunloaded="0" classesunloaded="0" anonymousclassesunloaded="0" quiescems="0.000" setupms="0.010" scanms="0.000" postms="0.000" />
</gc-op>
<heap-resize id="3206" type="contract" space="default" amount="16777216" count="1" timems="0.602" reason="excess free space following gc" timestamp="2019-08-09T00:19:21.468" />
<gc-end id="3207" type="partial gc" contextid="3201" durationms="27.862" usertimems="28.447" systemtimems="14.088" timestamp="2019-08-09T00:19:21.468" activeThreads="16">
  <mem-info id="3208" free="243269632" total="287309824" percent="84">
    <mem type="eden" free="587776" total="2097152" percent="28" />
    <remembered-set count="17056" freebytes="12088576" totalbytes="12156800" percent="99" regionsoverflowed="0" regionsstable="9" regionsrebuilding="0"/>
  </mem-info>
</gc-end>
<cycle-end id="3209" type="partial gc" contextid="3201" timestamp="2019-08-09T00:19:21.468" />
  <attribute name="elasticGC enabled" value="1" />
  <attribute name= "numThreadsSpecified" value="16" />
  <attribute name="heapSize specified" value="0" />
  <attribute name="Current GC Util" value="38" />
  <attribute name= "Current Time Running" value="171676" />
  <attribute name ="GC Interval" value="0" />
  <attribute name="Target GC Util Change" value ="80.000000" />
  <attribute name="Current GC Util Change" value="38.000000"/>
  <attribute name="Current Error" value="196.000000" />
  <attribute name="Output H" value="304125000"/>
  <attribute name="Output I" value="2120"/>
  <attribute name="Output T" value="16"/>
  <attribute name= "Current Time Running" value="171676" />
  <attribute name="GC Util currently" value="38" />
  <attribute name="CPU Util currently" value="488403931892" />
<exclusive-end id="3210" timestamp="2019-08-09T00:19:21.468" durationms="28.419" />

<exclusive-start id="3211" timestamp="2019-08-09T00:19:21.577" intervalms="137.310">
  <response-info timems="4.426" idlems="4.426" threads="0" lastid="0000000002339100" lastname="Thread-21" />
</exclusive-start>
<allocation-taxation id="3212" taxation-threshold="79691776" timestamp="2019-08-09T00:19:21.577" intervalms="137.301" />
<cycle-start id="3213" type="partial gc" contextid="0" timestamp="2019-08-09T00:19:21.577" intervalms="137.324" />
<gc-start id="3214" type="partial gc" contextid="3213" timestamp="2019-08-09T00:19:21.578">
  <mem-info id="3215" free="163577856" total="287309824" percent="56">
    <mem type="eden" free="0" total="79691776" percent="0" />
    <remembered-set count="16608" freebytes="12090368" totalbytes="12156800" percent="99" regionsoverflowed="0" regionsstable="9" regionsrebuilding="0"/>
  </mem-info>
</gc-start>
<allocation-stats totalBytes="79682504" >
  <allocated-bytes non-tlh="0" tlh="79682504" arrayletleaf="0"/>
  <largest-consumer threadName="Thread-28" threadId="00000000022E2B00" bytes="7830640" />
</allocation-stats>
<gc-op id="3216" type="copy forward" timems="12.908" contextid="3213" timestamp="2019-08-09T00:19:21.593">
  <memory-copied type="eden" objects="46223" bytes="1662024" bytesdiscarded="197136" />
  <memory-copied type="other" objects="98773" bytes="4925160" bytesdiscarded="373944" />
  <memory-cardclean objects="21516" bytes="1199752" />
  <regions eden="38" other="3" />
  <remembered-set-cleared processed="6268" cleared="1299" durationms="0.129" />
  <references type="soft" candidates="15" cleared="0" enqueued="0" dynamicThreshold="27" maxThreshold="32" />
  <references type="weak" candidates="38" cleared="0" enqueued="0" />
  <references type="phantom" candidates="2" cleared="0" enqueued="0" />
  <stringconstants candidates="15173" cleared="0"  />
</gc-op>
<gc-op id="3217" type="classunload" timems="0.011" contextid="3213" timestamp="2019-08-09T00:19:21.593">
  <classunload-info classloadercandidates="55" classloadersunloaded="0" classesunloaded="0" anonymousclassesunloaded="0" quiescems="0.000" setupms="0.010" scanms="0.000" postms="0.000" />
</gc-op>
<heap-resize id="3218" type="contract" space="default" amount="14680064" count="1" timems="0.616" reason="excess free space following gc" timestamp="2019-08-09T00:19:21.593" />
<gc-end id="3219" type="partial gc" contextid="3213" durationms="15.807" usertimems="29.489" systemtimems="8.603" timestamp="2019-08-09T00:19:21.593" activeThreads="16">
  <mem-info id="3220" free="226492416" total="272629760" percent="83">
    <mem type="eden" free="2335144" total="4194304" percent="55" />
    <remembered-set count="20672" freebytes="11403392" totalbytes="11486080" percent="99" regionsoverflowed="0" regionsstable="9" regionsrebuilding="0"/>
  </mem-info>
</gc-end>
<cycle-end id="3221" type="partial gc" contextid="3213" timestamp="2019-08-09T00:19:21.594" />
  <attribute name="elasticGC enabled" value="1" />
  <attribute name= "numThreadsSpecified" value="16" />
  <attribute name="heapSize specified" value="0" />
  <attribute name="Current GC Util" value="31" />
  <attribute name= "Current Time Running" value="171813" />
  <attribute name ="GC Interval" value="0" />
  <attribute name="Target GC Util Change" value ="80.000000" />
  <attribute name="Current GC Util Change" value="31.000000"/>
  <attribute name="Current Error" value="295.000000" />
  <attribute name="Output H" value="287347840"/>
  <attribute name="Output I" value="2176"/>
  <attribute name="Output T" value="16"/>
  <attribute name= "Current Time Running" value="171813" />
  <attribute name="GC Util currently" value="31" />
  <attribute name="CPU Util currently" value="663459499351" />
<exclusive-end id="3222" timestamp="2019-08-09T00:19:21.594" durationms="16.467" />

<exclusive-start id="3223" timestamp="2019-08-09T00:19:21.732" intervalms="154.775">
  <response-info timems="7.035" idlems="7.035" threads="0" lastid="0000000002317600" lastname="Thread-22" />
</exclusive-start>
<allocation-taxation id="3224" taxation-threshold="75497472" timestamp="2019-08-09T00:19:21.732" intervalms="154.776" />
<cycle-start id="3225" type="partial gc" contextid="0" timestamp="2019-08-09T00:19:21.732" intervalms="154.865" />
<gc-start id="3226" type="partial gc" contextid="3225" timestamp="2019-08-09T00:19:21.733">
  <mem-info id="3227" free="150994944" total="272629760" percent="55">
    <mem type="eden" free="0" total="75497472" percent="0" />
    <remembered-set count="20256" freebytes="11405056" totalbytes="11486080" percent="99" regionsoverflowed="0" regionsstable="9" regionsrebuilding="0"/>
  </mem-info>
</gc-start>
<allocation-stats totalBytes="75488112" >
  <allocated-bytes non-tlh="0" tlh="75488112" arrayletleaf="0"/>
  <largest-consumer threadName="Thread-26" threadId="000000000230FE00" bytes="8334416" />
</allocation-stats>
<gc-op id="3228" type="copy forward" timems="17.849" contextid="3225" timestamp="2019-08-09T00:19:21.755">
  <memory-copied type="eden" objects="39929" bytes="1511128" bytesdiscarded="95536" />
  <memory-copied type="other" objects="81305" bytes="4072928" bytesdiscarded="372704" />
  <memory-cardclean objects="8365" bytes="434936" />
  <regions eden="36" other="5" />
  <remembered-set-cleared processed="6379" cleared="172" durationms="0.127" />
  <references type="weak" candidates="4" cleared="0" enqueued="0" />
  <stringconstants candidates="15173" cleared="0"  />
</gc-op>
<gc-op id="3229" type="classunload" timems="0.013" contextid="3225" timestamp="2019-08-09T00:19:21.755">
  <classunload-info classloadercandidates="55" classloadersunloaded="0" classesunloaded="0" anonymousclassesunloaded="0" quiescems="0.000" setupms="0.012" scanms="0.000" postms="0.000" />
</gc-op>
<heap-resize id="3230" type="contract" space="default" amount="14680064" count="1" timems="1.399" reason="excess free space following gc" timestamp="2019-08-09T00:19:21.756" />
<gc-end id="3231" type="partial gc" contextid="3225" durationms="24.047" usertimems="51.843" systemtimems="8.664" timestamp="2019-08-09T00:19:21.757" activeThreads="16">
  <mem-info id="3232" free="209715200" total="257949696" percent="81">
    <mem type="eden" free="2587640" total="4194304" percent="61" />
    <remembered-set count="19264" freebytes="10822144" totalbytes="10899200" percent="99" regionsoverflowed="0" regionsstable="9" regionsrebuilding="0"/>
  </mem-info>
</gc-end>
<cycle-end id="3233" type="partial gc" contextid="3225" timestamp="2019-08-09T00:19:21.757" />
  <attribute name="elasticGC enabled" value="1" />
  <attribute name= "numThreadsSpecified" value="16" />
  <attribute name="heapSize specified" value="0" />
  <attribute name="Current GC Util" value="16" />
  <attribute name= "Current Time Running" value="171970" />
  <attribute name ="GC Interval" value="0" />
  <attribute name="Target GC Util Change" value ="80.000000" />
  <attribute name="Current GC Util Change" value="16.000000"/>
  <attribute name="Current Error" value="120.000000" />
  <attribute name="Output H" value="272667672"/>
  <attribute name="Output I" value="2072"/>
  <attribute name="Output T" value="16"/>
  <attribute name= "Current Time Running" value="171970" />
  <attribute name="GC Util currently" value="16" />
  <attribute name="CPU Util currently" value="278470053527" />
<exclusive-end id="3234" timestamp="2019-08-09T00:19:21.757" durationms="24.787" />

<exclusive-start id="3235" timestamp="2019-08-09T00:19:21.858" intervalms="125.756">
  <response-info timems="11.238" idlems="11.238" threads="0" lastid="0000000002322A00" lastname="Thread-31" />
</exclusive-start>
<allocation-taxation id="3236" taxation-threshold="71303168" timestamp="2019-08-09T00:19:21.858" intervalms="126.059" />
<cycle-start id="3237" type="partial gc" contextid="0" timestamp="2019-08-09T00:19:21.858" intervalms="126.160" />
<gc-start id="3238" type="partial gc" contextid="3237" timestamp="2019-08-09T00:19:21.859">
  <mem-info id="3239" free="138412032" total="257949696" percent="53">
    <mem type="eden" free="0" total="71303168" percent="0" />
    <remembered-set count="18880" freebytes="10823680" totalbytes="10899200" percent="99" regionsoverflowed="0" regionsstable="9" regionsrebuilding="0"/>
  </mem-info>
</gc-start>
<allocation-stats totalBytes="71294304" >
  <allocated-bytes non-tlh="0" tlh="71294304" arrayletleaf="0"/>
  <largest-consumer threadName="Thread-28" threadId="00000000022E2B00" bytes="7314424" />
</allocation-stats>
<gc-op id="3240" type="copy forward" timems="8.818" contextid="3237" timestamp="2019-08-09T00:19:21.869">
  <memory-copied type="eden" objects="44576" bytes="1898744" bytesdiscarded="145152" />
  <memory-copied type="other" objects="62339" bytes="4010632" bytesdiscarded="529568" />
  <memory-cardclean objects="10146" bytes="573464" />
  <regions eden="34" other="5" />
  <remembered-set-cleared processed="7194" cleared="1776" durationms="0.408" />
  <references type="soft" candidates="15" cleared="0" enqueued="0" dynamicThreshold="26" maxThreshold="32" />
  <references type="weak" candidates="34" cleared="0" enqueued="0" />
  <references type="phantom" candidates="2" cleared="0" enqueued="0" />
  <stringconstants candidates="15173" cleared="0"  />
</gc-op>
<gc-op id="3241" type="classunload" timems="0.012" contextid="3237" timestamp="2019-08-09T00:19:21.869">
  <classunload-info classloadercandidates="55" classloadersunloaded="0" classesunloaded="0" anonymousclassesunloaded="0" quiescems="0.000" setupms="0.011" scanms="0.000" postms="0.000" />
</gc-op>
<heap-resize id="3242" type="contract" space="default" amount="14680064" count="1" timems="0.704" reason="excess free space following gc" timestamp="2019-08-09T00:19:21.870" />
<gc-end id="3243" type="partial gc" contextid="3237" durationms="11.638" usertimems="30.835" systemtimems="4.725" timestamp="2019-08-09T00:19:21.870" activeThreads="16">
  <mem-info id="3244" free="195035136" total="243269632" percent="80">
    <mem type="eden" free="2150408" total="4194304" percent="51" />
    <remembered-set count="18176" freebytes="10239616" totalbytes="10312320" percent="99" regionsoverflowed="0" regionsstable="9" regionsrebuilding="0"/>
  </mem-info>
</gc-end>
<cycle-end id="3245" type="partial gc" contextid="3237" timestamp="2019-08-09T00:19:21.870" />
  <attribute name="elasticGC enabled" value="1" />
  <attribute name= "numThreadsSpecified" value="16" />
  <attribute name="heapSize specified" value="0" />
  <attribute name="Current GC Util" value="55" />
  <attribute name= "Current Time Running" value="172094" />
  <attribute name ="GC Interval" value="0" />
  <attribute name="Target GC Util Change" value ="80.000000" />
  <attribute name="Current GC Util Change" value="55.000000"/>
  <attribute name="Current Error" value="196.000000" />
  <attribute name="Output H" value="257987656"/>
  <attribute name="Output I" value="2120"/>
  <attribute name="Output T" value="16"/>
  <attribute name= "Current Time Running" value="172094" />
  <attribute name="GC Util currently" value="55" />
  <attribute name="CPU Util currently" value="771803899523" />
<exclusive-end id="3246" timestamp="2019-08-09T00:19:21.871" durationms="12.911" />

<exclusive-start id="3247" timestamp="2019-08-09T00:19:21.985" intervalms="127.242">
  <response-info timems="7.243" idlems="1.127" threads="6" lastid="000000000232DD00" lastname="Thread-29" />
</exclusive-start>
<allocation-taxation id="3248" taxation-threshold="67108864" timestamp="2019-08-09T00:19:21.985" intervalms="126.937" />
<cycle-start id="3249" type="partial gc" contextid="0" timestamp="2019-08-09T00:19:21.985" intervalms="126.699" />
<gc-start id="3250" type="partial gc" contextid="3249" timestamp="2019-08-09T00:19:21.985">
  <mem-info id="3251" free="127926272" total="243269632" percent="52">
    <mem type="eden" free="0" total="67108864" percent="0" />
    <remembered-set count="17888" freebytes="10240768" totalbytes="10312320" percent="99" regionsoverflowed="0" regionsstable="9" regionsrebuilding="0"/>
  </mem-info>
</gc-start>
<allocation-stats totalBytes="67100712" >
  <allocated-bytes non-tlh="0" tlh="67100712" arrayletleaf="0"/>
  <largest-consumer threadName="Thread-24" threadId="00000000022F5600" bytes="6438120" />
</allocation-stats>
<gc-op id="3252" type="copy forward" timems="16.918" contextid="3249" timestamp="2019-08-09T00:19:22.004">
  <memory-copied type="eden" objects="43811" bytes="1743528" bytesdiscarded="107800" />
  <memory-copied type="other" objects="86080" bytes="5195768" bytesdiscarded="329512" />
  <memory-cardclean objects="8416" bytes="456416" />
  <regions eden="32" other="5" />
  <remembered-set-cleared processed="7398" cleared="1311" durationms="0.378" />
  <references type="soft" candidates="15" cleared="0" enqueued="0" dynamicThreshold="25" maxThreshold="32" />
  <references type="weak" candidates="38" cleared="0" enqueued="0" />
  <references type="phantom" candidates="2" cleared="0" enqueued="0" />
  <stringconstants candidates="15173" cleared="0"  />
</gc-op>
<gc-op id="3253" type="classunload" timems="0.011" contextid="3249" timestamp="2019-08-09T00:19:22.004">
  <classunload-info classloadercandidates="55" classloadersunloaded="0" classesunloaded="0" anonymousclassesunloaded="0" quiescems="0.000" setupms="0.011" scanms="0.000" postms="0.000" />
</gc-op>
<heap-resize id="3254" type="contract" space="default" amount="12582912" count="1" timems="0.533" reason="excess free space following gc" timestamp="2019-08-09T00:19:22.005" />
<gc-end id="3255" type="partial gc" contextid="3249" durationms="19.561" usertimems="39.399" systemtimems="1.537" timestamp="2019-08-09T00:19:22.005" activeThreads="16">
  <mem-info id="3256" free="182452224" total="230686720" percent="79">
    <mem type="eden" free="245824" total="2097152" percent="11" />
    <remembered-set count="18464" freebytes="9651584" totalbytes="9725440" percent="99" regionsoverflowed="0" regionsstable="9" regionsrebuilding="0"/>
  </mem-info>
</gc-end>
<cycle-end id="3257" type="partial gc" contextid="3249" timestamp="2019-08-09T00:19:22.005" />
  <attribute name="elasticGC enabled" value="1" />
  <attribute name= "numThreadsSpecified" value="16" />
  <attribute name="heapSize specified" value="0" />
  <attribute name="Current GC Util" value="42" />
  <attribute name= "Current Time Running" value="172220" />
  <attribute name ="GC Interval" value="0" />
  <attribute name="Target GC Util Change" value ="80.000000" />
  <attribute name="Current GC Util Change" value="42.000000"/>
  <attribute name="Current Error" value="291.000000" />
  <attribute name="Output H" value="243307640"/>
  <attribute name="Output I" value="2168"/>
  <attribute name="Output T" value="16"/>
  <attribute name= "Current Time Running" value="172220" />
  <attribute name="GC Util currently" value="42" />
  <attribute name="CPU Util currently" value="712638441905" />
<exclusive-end id="3258" timestamp="2019-08-09T00:19:22.005" durationms="20.354" />

<exclusive-start id="3259" timestamp="2019-08-09T00:19:22.134" intervalms="149.078">
  <response-info timems="8.048" idlems="8.048" threads="0" lastid="00000000022E6700" lastname="Thread-36" />
</exclusive-start>
<allocation-taxation id="3260" taxation-threshold="65011712" timestamp="2019-08-09T00:19:22.134" intervalms="149.082" />
<cycle-start id="3261" type="partial gc" contextid="0" timestamp="2019-08-09T00:19:22.134" intervalms="149.107" />
<gc-start id="3262" type="partial gc" contextid="3261" timestamp="2019-08-09T00:19:22.134">
  <mem-info id="3263" free="117440512" total="230686720" percent="50">
    <mem type="eden" free="0" total="65011712" percent="0" />
    <remembered-set count="18048" freebytes="9653248" totalbytes="9725440" percent="99" regionsoverflowed="0" regionsstable="9" regionsrebuilding="0"/>
  </mem-info>
</gc-start>
<allocation-stats totalBytes="65003144" >
  <allocated-bytes non-tlh="0" tlh="65003144" arrayletleaf="0"/>
  <largest-consumer threadName="Thread-26" threadId="000000000230FE00" bytes="6794400" />
</allocation-stats>
<gc-op id="3264" type="copy forward" timems="16.163" contextid="3261" timestamp="2019-08-09T00:19:22.153">
  <memory-copied type="eden" objects="26992" bytes="927312" bytesdiscarded="84592" />
  <memory-copied type="other" objects="86515" bytes="4567864" bytesdiscarded="355704" />
  <memory-cardclean objects="12381" bytes="653416" />
  <regions eden="31" other="3" />
  <remembered-set-cleared processed="8019" cleared="1721" durationms="0.148" />
  <references type="soft" candidates="2" cleared="0" enqueued="0" dynamicThreshold="25" maxThreshold="32" />
  <stringconstants candidates="15173" cleared="0"  />
</gc-op>
<gc-op id="3265" type="classunload" timems="0.014" contextid="3261" timestamp="2019-08-09T00:19:22.153">
  <classunload-info classloadercandidates="55" classloadersunloaded="0" classesunloaded="0" anonymousclassesunloaded="0" quiescems="0.000" setupms="0.014" scanms="0.000" postms="0.000" />
</gc-op>
<heap-resize id="3266" type="contract" space="default" amount="12582912" count="1" timems="1.639" reason="excess free space following gc" timestamp="2019-08-09T00:19:22.155" />
<gc-end id="3267" type="partial gc" contextid="3261" durationms="20.546" usertimems="42.587" systemtimems="9.901" timestamp="2019-08-09T00:19:22.155" activeThreads="16">
  <mem-info id="3268" free="167772160" total="218103808" percent="76">
    <mem type="eden" free="1085248" total="2097152" percent="51" />
    <remembered-set count="22240" freebytes="9133440" totalbytes="9222400" percent="99" regionsoverflowed="0" regionsstable="9" regionsrebuilding="0"/>
  </mem-info>
</gc-end>
<cycle-end id="3269" type="partial gc" contextid="3261" timestamp="2019-08-09T00:19:22.155" />
  <attribute name="elasticGC enabled" value="1" />
  <attribute name= "numThreadsSpecified" value="16" />
  <attribute name="heapSize specified" value="0" />
  <attribute name="Current GC Util" value="95" />
  <attribute name= "Current Time Running" value="172370" />
  <attribute name ="GC Interval" value="0" />
  <attribute name="Target GC Util Change" value ="80.000000" />
  <attribute name="Current GC Util Change" value="95.000000"/>
  <attribute name="Current Error" value="46.000000" />
  <attribute name="Output H" value="230724592"/>
  <attribute name="Output I" value="2032"/>
  <attribute name="Output T" value="16"/>
  <attribute name= "Current Time Running" value="172370" />
  <attribute name="GC Util currently" value="95" />
  <attribute name="CPU Util currently" value="640965570372" />
<exclusive-end id="3270" timestamp="2019-08-09T00:19:22.155" durationms="21.200" />

<exclusive-start id="3271" timestamp="2019-08-09T00:19:22.286" intervalms="151.889">
  <response-info timems="7.319" idlems="7.319" threads="0" lastid="000000000230FE00" lastname="Thread-26" />
</exclusive-start>
<allocation-taxation id="3272" taxation-threshold="60817408" timestamp="2019-08-09T00:19:22.286" intervalms="151.919" />
<cycle-start id="3273" type="partial gc" contextid="0" timestamp="2019-08-09T00:19:22.286" intervalms="152.000" />
<gc-start id="3274" type="partial gc" contextid="3273" timestamp="2019-08-09T00:19:22.286">
  <mem-info id="3275" free="106954752" total="218103808" percent="49">
    <mem type="eden" free="0" total="60817408" percent="0" />
    <remembered-set count="22240" freebytes="9133440" totalbytes="9222400" percent="99" regionsoverflowed="0" regionsstable="9" regionsrebuilding="0"/>
  </mem-info>
</gc-start>
<allocation-stats totalBytes="60810008" >
  <allocated-bytes non-tlh="0" tlh="60810008" arrayletleaf="0"/>
  <largest-consumer threadName="Thread-21" threadId="0000000002339100" bytes="7343256" />
</allocation-stats>
<gc-op id="3276" type="copy forward" timems="16.108" contextid="3273" timestamp="2019-08-09T00:19:22.305">
  <memory-copied type="eden" objects="27832" bytes="947344" bytesdiscarded="82864" />
  <memory-copied type="other" objects="79634" bytes="4145792" bytesdiscarded="369264" />
  <memory-cardclean objects="31698" bytes="1631568" />
  <regions eden="29" other="3" />
  <remembered-set-cleared processed="8906" cleared="1998" durationms="0.161" />
  <references type="soft" candidates="15" cleared="0" enqueued="0" dynamicThreshold="24" maxThreshold="32" />
  <references type="weak" candidates="38" cleared="0" enqueued="0" />
  <references type="phantom" candidates="2" cleared="0" enqueued="0" />
  <stringconstants candidates="15173" cleared="0"  />
</gc-op>
<gc-op id="3277" type="classunload" timems="0.013" contextid="3273" timestamp="2019-08-09T00:19:22.305">
  <classunload-info classloadercandidates="55" classloadersunloaded="0" classesunloaded="0" anonymousclassesunloaded="0" quiescems="0.000" setupms="0.013" scanms="0.000" postms="0.000" />
</gc-op>
<heap-resize id="3278" type="contract" space="default" amount="12582912" count="1" timems="0.442" reason="excess free space following gc" timestamp="2019-08-09T00:19:22.305" />
<gc-end id="3279" type="partial gc" contextid="3273" durationms="18.944" usertimems="49.106" systemtimems="12.459" timestamp="2019-08-09T00:19:22.305" activeThreads="16">
  <mem-info id="3280" free="153092096" total="205520896" percent="74">
    <mem type="eden" free="1066944" total="2097152" percent="50" />
    <remembered-set count="25216" freebytes="8618496" totalbytes="8719360" percent="98" regionsoverflowed="0" regionsstable="9" regionsrebuilding="0"/>
  </mem-info>
</gc-end>
<cycle-end id="3281" type="partial gc" contextid="3273" timestamp="2019-08-09T00:19:22.306" />
  <attribute name="elasticGC enabled" value="1" />
  <attribute name= "numThreadsSpecified" value="16" />
  <attribute name="heapSize specified" value="0" />
  <attribute name="Current GC Util" value="58" />
  <attribute name= "Current Time Running" value="172522" />
  <attribute name ="GC Interval" value="0" />
  <attribute name="Target GC Util Change" value ="80.000000" />
  <attribute name="Current GC Util Change" value="58.000000"/>
  <attribute name="Current Error" value="119.000000" />
  <attribute name="Output H" value="218141720"/>
  <attribute name="Output I" value="2072"/>
  <attribute name="Output T" value="16"/>
  <attribute name= "Current Time Running" value="172522" />
  <attribute name="GC Util currently" value="58" />
  <attribute name="CPU Util currently" value="693930276132" />
<exclusive-end id="3282" timestamp="2019-08-09T00:19:22.306" durationms="19.687" />

<exclusive-start id="3283" timestamp="2019-08-09T00:19:22.414" intervalms="127.730">
  <response-info timems="6.560" idlems="6.560" threads="0" lastid="00000000022F5600" lastname="Thread-24" />
</exclusive-start>
<allocation-taxation id="3284" taxation-threshold="58720256" timestamp="2019-08-09T00:19:22.414" intervalms="127.748" />
<cycle-start id="3285" type="partial gc" contextid="0" timestamp="2019-08-09T00:19:22.414" intervalms="127.675" />
<gc-start id="3286" type="partial gc" contextid="3285" timestamp="2019-08-09T00:19:22.414">
  <mem-info id="3287" free="94371840" total="205520896" percent="45">
    <mem type="eden" free="0" total="58720256" percent="0" />
    <remembered-set count="24864" freebytes="8619904" totalbytes="8719360" percent="98" regionsoverflowed="0" regionsstable="9" regionsrebuilding="0"/>
  </mem-info>
</gc-start>
<allocation-stats totalBytes="58712064" >
  <allocated-bytes non-tlh="0" tlh="58712064" arrayletleaf="0"/>
  <largest-consumer threadName="Thread-31" threadId="0000000002322A00" bytes="7977952" />
</allocation-stats>
<gc-op id="3288" type="copy forward" timems="11.999" contextid="3285" timestamp="2019-08-09T00:19:22.428">
  <memory-copied type="eden" objects="35752" bytes="1550528" bytesdiscarded="88280" />
  <memory-copied type="other" objects="54877" bytes="2141304" bytesdiscarded="128520" />
  <memory-cardclean objects="23676" bytes="1170232" />
  <regions eden="28" other="3" />
  <remembered-set-cleared processed="11820" cleared="4731" durationms="0.135" />
  <stringconstants candidates="15173" cleared="0"  />
</gc-op>
<gc-op id="3289" type="classunload" timems="0.010" contextid="3285" timestamp="2019-08-09T00:19:22.428">
  <classunload-info classloadercandidates="55" classloadersunloaded="0" classesunloaded="0" anonymousclassesunloaded="0" quiescems="0.000" setupms="0.010" scanms="0.000" postms="0.000" />
</gc-op>
<heap-resize id="3290" type="contract" space="default" amount="10485760" count="1" timems="0.772" reason="excess free space following gc" timestamp="2019-08-09T00:19:22.429" />
<gc-end id="3291" type="partial gc" contextid="3285" durationms="14.688" usertimems="39.465" systemtimems="11.777" timestamp="2019-08-09T00:19:22.429" activeThreads="16">
  <mem-info id="3292" free="140509184" total="195035136" percent="72">
    <mem type="eden" free="458344" total="2097152" percent="21" />
    <remembered-set count="20960" freebytes="8132480" totalbytes="8216320" percent="98" regionsoverflowed="0" regionsstable="9" regionsrebuilding="0"/>
  </mem-info>
</gc-end>
<cycle-end id="3293" type="partial gc" contextid="3285" timestamp="2019-08-09T00:19:22.429" />
  <attribute name="elasticGC enabled" value="1" />
  <attribute name= "numThreadsSpecified" value="16" />
  <attribute name="heapSize specified" value="0" />
  <attribute name="Current GC Util" value="75" />
  <attribute name= "Current Time Running" value="172649" />
  <attribute name ="GC Interval" value="0" />
  <attribute name="Target GC Util Change" value ="80.000000" />
  <attribute name="Current GC Util Change" value="75.000000"/>
  <attribute name="Current Error" value="168.000000" />
  <attribute name="Output H" value="205558840"/>
  <attribute name="Output I" value="2104"/>
  <attribute name="Output T" value="16"/>
  <attribute name= "Current Time Running" value="172649" />
  <attribute name="GC Util currently" value="75" />
  <attribute name="CPU Util currently" value="833471123974" />
<exclusive-end id="3294" timestamp="2019-08-09T00:19:22.429" durationms="15.479" />

<exclusive-start id="3295" timestamp="2019-08-09T00:19:22.516" intervalms="101.890">
  <response-info timems="1.138" idlems="1.136" threads="1" lastid="00000000022F9200" lastname="Thread-32" />
</exclusive-start>
<allocation-taxation id="3296" taxation-threshold="56623104" timestamp="2019-08-09T00:19:22.516" intervalms="101.846" />
<cycle-start id="3297" type="partial gc" contextid="0" timestamp="2019-08-09T00:19:22.516" intervalms="101.833" />
<gc-start id="3298" type="partial gc" contextid="3297" timestamp="2019-08-09T00:19:22.516">
  <mem-info id="3299" free="83886080" total="195035136" percent="43">
    <mem type="eden" free="0" total="56623104" percent="0" />
    <remembered-set count="20480" freebytes="8134400" totalbytes="8216320" percent="99" regionsoverflowed="0" regionsstable="9" regionsrebuilding="0"/>
  </mem-info>
</gc-start>
<allocation-stats totalBytes="56616112" >
  <allocated-bytes non-tlh="0" tlh="56616112" arrayletleaf="0"/>
  <largest-consumer threadName="Thread-29" threadId="000000000232DD00" bytes="8186888" />
</allocation-stats>
<gc-op id="3300" type="copy forward" timems="12.630" contextid="3297" timestamp="2019-08-09T00:19:22.531">
  <memory-copied type="eden" objects="14201" bytes="483080" bytesdiscarded="81968" />
  <memory-copied type="other" objects="42912" bytes="1854144" bytesdiscarded="123312" />
  <memory-cardclean objects="29505" bytes="1517536" />
  <regions eden="27" other="2" />
  <remembered-set-cleared processed="12326" cleared="3265" durationms="0.166" />
  <stringconstants candidates="15173" cleared="0"  />
</gc-op>
<gc-op id="3301" type="classunload" timems="0.010" contextid="3297" timestamp="2019-08-09T00:19:22.531">
  <classunload-info classloadercandidates="55" classloadersunloaded="0" classesunloaded="0" anonymousclassesunloaded="0" quiescems="0.000" setupms="0.010" scanms="0.000" postms="0.000" />
</gc-op>
<heap-resize id="3302" type="contract" space="default" amount="10485760" count="1" timems="0.476" reason="excess free space following gc" timestamp="2019-08-09T00:19:22.531" />
<gc-end id="3303" type="partial gc" contextid="3297" durationms="15.075" usertimems="39.597" systemtimems="10.840" timestamp="2019-08-09T00:19:22.531" activeThreads="16">
  <mem-info id="3304" free="125829120" total="184549376" percent="68">
    <mem type="eden" free="3629256" total="4194304" percent="86" />
    <remembered-set count="24320" freebytes="7699840" totalbytes="7797120" percent="98" regionsoverflowed="0" regionsstable="9" regionsrebuilding="0"/>
  </mem-info>
</gc-end>
<cycle-end id="3305" type="partial gc" contextid="3297" timestamp="2019-08-09T00:19:22.531" />
  <attribute name="elasticGC enabled" value="1" />
  <attribute name= "numThreadsSpecified" value="16" />
  <attribute name="heapSize specified" value="0" />
  <attribute name="Current GC Util" value="74" />
  <attribute name= "Current Time Running" value="172751" />
  <attribute name ="GC Interval" value="0" />
  <attribute name="Target GC Util Change" value ="80.000000" />
  <attribute name="Current GC Util Change" value="74.000000"/>
  <attribute name="Current Error" value="50.000000" />
  <attribute name="Output H" value="195073008"/>
  <attribute name="Output I" value="2032"/>
  <attribute name="Output T" value="16"/>
  <attribute name= "Current Time Running" value="172751" />
  <attribute name="GC Util currently" value="74" />
  <attribute name="CPU Util currently" value="798173861216" />
<exclusive-end id="3306" timestamp="2019-08-09T00:19:22.532" durationms="15.956" />

<exclusive-start id="3307" timestamp="2019-08-09T00:19:22.560" intervalms="44.166">
  <response-info timems="2.996" idlems="2.996" threads="0" lastid="0000000002304600" lastname="Thread-23" />
</exclusive-start>
<allocation-taxation id="3308" taxation-threshold="25165824" timestamp="2019-08-09T00:19:22.560" intervalms="44.154" />
<cycle-start id="3309" type="global mark phase" contextid="0" timestamp="2019-08-09T00:19:22.560" intervalms="25125.970" />
<gc-start id="3310" type="global mark phase" contextid="3309" timestamp="2019-08-09T00:19:22.560">
  <mem-info id="3311" free="100663296" total="184549376" percent="54">
    <remembered-set count="23872" freebytes="7701632" totalbytes="7797120" percent="98" regionsoverflowed="0" regionsstable="9" regionsrebuilding="0"/>
  </mem-info>
</gc-start>
<gc-op id="3312" type="mark increment" timems="10.890" contextid="3309" timestamp="2019-08-09T00:19:22.571">
  <trace-info objectcount="173933" scancount="137167" scanbytes="5495968" />
</gc-op>
<gc-end id="3313" type="global mark phase" contextid="3309" durationms="10.944" usertimems="15.271" systemtimems="2.073" timestamp="2019-08-09T00:19:22.571" activeThreads="16">
  <mem-info id="3314" free="100663296" total="184549376" percent="54">
    <remembered-set count="31552" freebytes="7670912" totalbytes="7797120" percent="98" regionsoverflowed="0" regionsstable="0" regionsrebuilding="9"/>
  </mem-info>
</gc-end>
<concurrent-start id="3315" type="GMP work packet processing" contextid="3309" timestamp="2019-08-09T00:19:22.571">
  <concurrent-mark-start scanTarget="24426812" />
</concurrent-start>
<exclusive-end id="3316" timestamp="2019-08-09T00:19:22.571" durationms="11.320" />

<concurrent-end id="3317" type="GMP work packet processing" contextid="3309" timestamp="2019-08-09T00:19:22.608">
  <concurrent-mark-end bytesScanned="14034936" reasonForTermination="Completed all work in GC phase" />
</concurrent-end>

<exclusive-start id="3318" timestamp="2019-08-09T00:19:22.619" intervalms="59.700">
  <response-info timems="3.826" idlems="1.480" threads="4" lastid="00000000022E6700" lastname="Thread-36" />
</exclusive-start>
<allocation-taxation id="3319" taxation-threshold="25165824" timestamp="2019-08-09T00:19:22.620" intervalms="59.781" />
<cycle-start id="3320" type="partial gc" contextid="0" timestamp="2019-08-09T00:19:22.620" intervalms="104.214" />
<gc-start id="3321" type="partial gc" contextid="3320" timestamp="2019-08-09T00:19:22.620">
  <mem-info id="3322" free="75497472" total="184549376" percent="40">
    <mem type="eden" free="0" total="50331648" percent="0" />
    <remembered-set count="123520" freebytes="7303040" totalbytes="7797120" percent="93" regionsoverflowed="0" regionsstable="0" regionsrebuilding="9"/>
  </mem-info>
</gc-start>
<allocation-stats totalBytes="50325184" >
  <allocated-bytes non-tlh="0" tlh="50325184" arrayletleaf="0"/>
  <largest-consumer threadName="Thread-29" threadId="000000000232DD00" bytes="3169904" />
</allocation-stats>
<gc-op id="3323" type="copy forward" timems="23.059" contextid="3320" timestamp="2019-08-09T00:19:22.645">
  <memory-copied type="eden" objects="14389" bytes="487336" bytesdiscarded="31304" />
  <memory-copied type="other" objects="26027" bytes="2096808" bytesdiscarded="189736" />
  <memory-cardclean objects="169054" bytes="6028816" />
  <regions eden="24" other="3" />
  <remembered-set-cleared processed="78864" cleared="20587" durationms="4.745" />
  <references type="soft" candidates="15" cleared="0" enqueued="0" dynamicThreshold="17" maxThreshold="32" />
  <references type="weak" candidates="38" cleared="0" enqueued="0" />
  <references type="phantom" candidates="2" cleared="0" enqueued="0" />
  <stringconstants candidates="15173" cleared="0"  />
</gc-op>
<gc-op id="3324" type="classunload" timems="0.012" contextid="3320" timestamp="2019-08-09T00:19:22.645">
  <classunload-info classloadercandidates="55" classloadersunloaded="0" classesunloaded="0" anonymousclassesunloaded="0" quiescems="0.000" setupms="0.012" scanms="0.000" postms="0.000" />
</gc-op>
<heap-resize id="3325" type="contract" space="default" amount="10485760" count="1" timems="0.892" reason="excess free space following gc" timestamp="2019-08-09T00:19:22.646" />
<gc-end id="3326" type="partial gc" contextid="3320" durationms="26.429" usertimems="37.864" systemtimems="11.803" timestamp="2019-08-09T00:19:22.647" activeThreads="16">
  <mem-info id="3327" free="113246208" total="174063616" percent="65">
    <mem type="eden" free="3675664" total="4194304" percent="87" />
    <remembered-set count="93856" freebytes="7002496" totalbytes="7377920" percent="94" regionsoverflowed="0" regionsstable="0" regionsrebuilding="9"/>
  </mem-info>
</gc-end>
<cycle-end id="3328" type="partial gc" contextid="3320" timestamp="2019-08-09T00:19:22.647" />
  <attribute name="elasticGC enabled" value="1" />
  <attribute name= "numThreadsSpecified" value="16" />
  <attribute name="heapSize specified" value="0" />
  <attribute name="Current GC Util" value="308" />
  <attribute name= "Current Time Running" value="172856" />
  <attribute name ="GC Interval" value="0" />
  <attribute name="Target GC Util Change" value ="80.000000" />
  <attribute name="Current GC Util Change" value="308.000000"/>
  <attribute name="Current Error" value="-255.000000" />
  <attribute name="Output H" value="184587072"/>
  <attribute name="Output I" value="1856"/>
  <attribute name="Output T" value="16"/>
  <attribute name= "Current Time Running" value="172856" />
  <attribute name="GC Util currently" value="308" />
  <attribute name="CPU Util currently" value="575331054952" />
<exclusive-end id="3329" timestamp="2019-08-09T00:19:22.647" durationms="27.778" />

<exclusive-start id="3330" timestamp="2019-08-09T00:19:22.676" intervalms="56.443">
  <response-info timems="0.854" idlems="0.438" threads="1" lastid="00000000022F5600" lastname="Thread-24" />
</exclusive-start>
<allocation-taxation id="3331" taxation-threshold="25165824" timestamp="2019-08-09T00:19:22.676" intervalms="56.378" />
<gc-start id="3332" type="global mark phase" contextid="3309" timestamp="2019-08-09T00:19:22.676">
  <mem-info id="3333" free="88080384" total="174063616" percent="50">
    <remembered-set count="93632" freebytes="7003392" totalbytes="7377920" percent="94" regionsoverflowed="0" regionsstable="0" regionsrebuilding="9"/>
  </mem-info>
</gc-start>
<gc-op id="3334" type="mark increment" timems="15.846" contextid="3309" timestamp="2019-08-09T00:19:22.692">
  <trace-info objectcount="27294" scancount="27294" scanbytes="1434360" />
  <cardclean-info objects="247202" bytes="7199928" />
  <finalization candidates="151" enqueued="0" />
  <ownableSynchronizers candidates="23" cleared="0" />
  <references type="soft" candidates="4901" cleared="0" enqueued="0" dynamicThreshold="20" maxThreshold="32" />
  <references type="weak" candidates="6281" cleared="25" enqueued="25" />
  <references type="phantom" candidates="835" cleared="0" enqueued="0" />
  <stringconstants candidates="15173" cleared="1"  />
</gc-op>
<gc-op id="3335" type="classunload" timems="0.016" contextid="3309" timestamp="2019-08-09T00:19:22.692">
  <classunload-info classloadercandidates="55" classloadersunloaded="0" classesunloaded="0" anonymousclassesunloaded="0" quiescems="0.000" setupms="0.016" scanms="0.000" postms="0.000" />
</gc-op>
<gc-end id="3336" type="global mark phase" contextid="3309" durationms="16.284" usertimems="24.358" systemtimems="8.428" timestamp="2019-08-09T00:19:22.692" activeThreads="16">
  <mem-info id="3337" free="88080384" total="174063616" percent="50">
    <pending-finalizers system="0" default="0" reference="25" classloader="0" />
    <remembered-set count="108992" freebytes="6941952" totalbytes="7377920" percent="94" regionsoverflowed="0" regionsstable="0" regionsrebuilding="0"/>
  </mem-info>
</gc-end>
<cycle-end id="3338" type="global mark phase" contextid="3309" timestamp="2019-08-09T00:19:22.692" />
  <attribute name="elasticGC enabled" value="1" />
  <attribute name= "numThreadsSpecified" value="16" />
  <attribute name="heapSize specified" value="0" />
  <attribute name="Current GC Util" value="151" />
  <attribute name= "Current Time Running" value="172917" />
  <attribute name ="GC Interval" value="0" />
  <attribute name="Target GC Util Change" value ="80.000000" />
  <attribute name="Current GC Util Change" value="151.000000"/>
  <attribute name="Current Error" value="-519.000000" />
  <attribute name="Output H" value="174101160"/>
  <attribute name="Output I" value="1704"/>
  <attribute name="Output T" value="16"/>
  <attribute name= "Current Time Running" value="172917" />
  <attribute name="GC Util currently" value="151" />
  <attribute name="CPU Util currently" value="579594293856" />
<exclusive-end id="3339" timestamp="2019-08-09T00:19:22.693" durationms="16.707" />

<exclusive-start id="3340" timestamp="2019-08-09T00:19:22.724" intervalms="47.684">
  <response-info timems="5.109" idlems="5.109" threads="0" lastid="000000000232DD00" lastname="Thread-29" />
</exclusive-start>
<allocation-taxation id="3341" taxation-threshold="25165824" timestamp="2019-08-09T00:19:22.724" intervalms="47.676" />
<cycle-start id="3342" type="partial gc" contextid="0" timestamp="2019-08-09T00:19:22.724" intervalms="103.792" />
<gc-start id="3343" type="partial gc" contextid="3342" timestamp="2019-08-09T00:19:22.724">
  <mem-info id="3344" free="62914560" total="174063616" percent="36">
    <mem type="eden" free="0" total="50331648" percent="0" />
    <remembered-set count="25344" freebytes="7276544" totalbytes="7377920" percent="98" regionsoverflowed="0" regionsstable="9" regionsrebuilding="0"/>
  </mem-info>
</gc-start>
<allocation-stats totalBytes="50325936" >
  <allocated-bytes non-tlh="0" tlh="50325936" arrayletleaf="0"/>
  <largest-consumer threadName="Thread-21" threadId="0000000002339100" bytes="2989712" />
</allocation-stats>
<gc-op id="3345" type="sweep" timems="3.966" contextid="3342" timestamp="2019-08-09T00:19:22.728" />
<gc-op id="3346" type="copy forward" timems="18.006" contextid="3342" timestamp="2019-08-09T00:19:22.748">
  <memory-copied type="eden" objects="10342" bytes="390496" bytesdiscarded="20806" />
  <memory-copied type="other" objects="35163" bytes="1393416" bytesdiscarded="92362" />
  <memory-cardclean objects="22567" bytes="1141992" />
  <regions eden="12" other="15" />
  <remembered-set-cleared processed="16481" cleared="3870" durationms="0.414" />
  <stringconstants candidates="15172" cleared="0"  />
</gc-op>
<gc-op id="3347" type="classunload" timems="0.011" contextid="3342" timestamp="2019-08-09T00:19:22.748">
  <classunload-info classloadercandidates="55" classloadersunloaded="0" classesunloaded="0" anonymousclassesunloaded="0" quiescems="0.000" setupms="0.011" scanms="0.000" postms="0.000" />
</gc-op>
<heap-resize id="3348" type="contract" space="default" amount="10485760" count="1" timems="0.482" reason="excess free space following gc" timestamp="2019-08-09T00:19:22.749" />
<gc-end id="3349" type="partial gc" contextid="3342" durationms="25.129" usertimems="29.768" systemtimems="14.025" timestamp="2019-08-09T00:19:22.749" activeThreads="16">
  <mem-info id="3350" free="100663296" total="163577856" percent="61">
    <mem type="eden" free="2787064" total="4194304" percent="66" />
    <remembered-set count="27360" freebytes="6849280" totalbytes="6958720" percent="98" regionsoverflowed="0" regionsstable="9" regionsrebuilding="0"/>
  </mem-info>
</gc-end>
<cycle-end id="3351" type="partial gc" contextid="3342" timestamp="2019-08-09T00:19:22.749" />
  <attribute name="elasticGC enabled" value="1" />
  <attribute name= "numThreadsSpecified" value="16" />
  <attribute name="heapSize specified" value="0" />
  <attribute name="Current GC Util" value="55" />
  <attribute name= "Current Time Running" value="172964" />
  <attribute name ="GC Interval" value="0" />
  <attribute name="Target GC Util Change" value ="80.000000" />
  <attribute name="Current GC Util Change" value="55.000000"/>
  <attribute name="Current Error" value="-26.000000" />
  <attribute name="Output H" value="174101448"/>
  <attribute name="Output I" value="1992"/>
  <attribute name="Output T" value="16"/>
  <attribute name= "Current Time Running" value="172964" />
  <attribute name="GC Util currently" value="55" />
  <attribute name="CPU Util currently" value="602410451003" />
<exclusive-end id="3352" timestamp="2019-08-09T00:19:22.749" durationms="25.822" />

<exclusive-start id="3353" timestamp="2019-08-09T00:19:22.825" intervalms="100.985">
  <response-info timems="2.349" idlems="1.289" threads="1" lastid="00000000022F5600" lastname="Thread-24" />
</exclusive-start>
<allocation-taxation id="3354" taxation-threshold="48234496" timestamp="2019-08-09T00:19:22.825" intervalms="101.087" />
<cycle-start id="3355" type="partial gc" contextid="0" timestamp="2019-08-09T00:19:22.825" intervalms="101.332" />
<gc-start id="3356" type="partial gc" contextid="3355" timestamp="2019-08-09T00:19:22.825">
  <mem-info id="3357" free="52428800" total="163577856" percent="32">
    <mem type="eden" free="0" total="48234496" percent="0" />
    <remembered-set count="27168" freebytes="6850048" totalbytes="6958720" percent="98" regionsoverflowed="0" regionsstable="9" regionsrebuilding="0"/>
  </mem-info>
</gc-start>
<allocation-stats totalBytes="48228616" >
  <allocated-bytes non-tlh="0" tlh="48228616" arrayletleaf="0"/>
  <largest-consumer threadName="Thread-32" threadId="00000000022F9200" bytes="4443664" />
</allocation-stats>
<gc-op id="3358" type="copy forward" timems="9.897" contextid="3355" timestamp="2019-08-09T00:19:22.837">
  <memory-copied type="eden" objects="16168" bytes="530400" bytesdiscarded="102568" />
  <memory-copied type="other" objects="43683" bytes="3005560" bytesdiscarded="205952" />
  <memory-cardclean objects="23423" bytes="1198824" />
  <regions eden="23" other="9" />
  <remembered-set-cleared processed="14714" cleared="2590" durationms="0.171" />
  <finalization candidates="71" enqueued="0" />
  <ownableSynchronizers candidates="2" cleared="0" />
  <references type="soft" candidates="37" cleared="0" enqueued="0" dynamicThreshold="19" maxThreshold="32" />
  <references type="weak" candidates="486" cleared="0" enqueued="0" />
  <references type="phantom" candidates="735" cleared="0" enqueued="0" />
  <stringconstants candidates="15172" cleared="0"  />
</gc-op>
<gc-op id="3359" type="classunload" timems="0.012" contextid="3355" timestamp="2019-08-09T00:19:22.837">
  <classunload-info classloadercandidates="55" classloadersunloaded="0" classesunloaded="0" anonymousclassesunloaded="0" quiescems="0.000" setupms="0.012" scanms="0.000" postms="0.000" />
</gc-op>
<heap-resize id="3360" type="contract" space="default" amount="8388608" count="1" timems="0.392" reason="excess free space following gc" timestamp="2019-08-09T00:19:22.838" />
<gc-end id="3361" type="partial gc" contextid="3355" durationms="12.325" usertimems="17.656" systemtimems="16.317" timestamp="2019-08-09T00:19:22.838" activeThreads="16">
  <mem-info id="3362" free="102760448" total="155189248" percent="66">
    <mem type="eden" free="1464184" total="2097152" percent="69" />
    <remembered-set count="25600" freebytes="6437120" totalbytes="6539520" percent="98" regionsoverflowed="0" regionsstable="9" regionsrebuilding="0"/>
  </mem-info>
</gc-end>
<cycle-end id="3363" type="partial gc" contextid="3355" timestamp="2019-08-09T00:19:22.838" />
  <attribute name="elasticGC enabled" value="1" />
  <attribute name= "numThreadsSpecified" value="16" />
  <attribute name="heapSize specified" value="0" />
  <attribute name="Current GC Util" value="102" />
  <attribute name= "Current Time Running" value="173060" />
  <attribute name ="GC Interval" value="0" />
  <attribute name="Target GC Util Change" value ="80.000000" />
  <attribute name="Current GC Util Change" value="102.000000"/>
  <attribute name="Current Error" value="-7.000000" />
  <attribute name="Output H" value="163615696"/>
  <attribute name="Output I" value="2000"/>
  <attribute name="Output T" value="16"/>
  <attribute name= "Current Time Running" value="173060" />
  <attribute name="GC Util currently" value="102" />
  <attribute name="CPU Util currently" value="782315237011" />
<exclusive-end id="3364" timestamp="2019-08-09T00:19:22.838" durationms="13.334" />

<exclusive-start id="3365" timestamp="2019-08-09T00:19:22.880" intervalms="55.654">
  <response-info timems="5.128" idlems="5.128" threads="0" lastid="0000000002339100" lastname="Thread-21" />
</exclusive-start>
<allocation-taxation id="3366" taxation-threshold="23068672" timestamp="2019-08-09T00:19:22.880" intervalms="55.549" />
<cycle-start id="3367" type="global mark phase" contextid="0" timestamp="2019-08-09T00:19:22.880" intervalms="320.445" />
<gc-start id="3368" type="global mark phase" contextid="3367" timestamp="2019-08-09T00:19:22.880">
  <mem-info id="3369" free="79691776" total="155189248" percent="51">
    <remembered-set count="25600" freebytes="6437120" totalbytes="6539520" percent="98" regionsoverflowed="0" regionsstable="9" regionsrebuilding="0"/>
  </mem-info>
</gc-start>
<gc-op id="3370" type="mark increment" timems="8.108" contextid="3367" timestamp="2019-08-09T00:19:22.889">
  <trace-info objectcount="593" scancount="0" scanbytes="0" />
</gc-op>
<gc-end id="3371" type="global mark phase" contextid="3367" durationms="8.159" usertimems="5.553" systemtimems="6.805" timestamp="2019-08-09T00:19:22.889" activeThreads="16">
  <mem-info id="3372" free="79691776" total="155189248" percent="51">
    <remembered-set count="25600" freebytes="6437120" totalbytes="6539520" percent="98" regionsoverflowed="0" regionsstable="0" regionsrebuilding="9"/>
  </mem-info>
</gc-end>
<concurrent-start id="3373" type="GMP work packet processing" contextid="3367" timestamp="2019-08-09T00:19:22.889">
  <concurrent-mark-start scanTarget="27382995" />
</concurrent-start>
<exclusive-end id="3374" timestamp="2019-08-09T00:19:22.889" durationms="8.487" />

<exclusive-start id="3375" timestamp="2019-08-09T00:19:22.949" intervalms="68.368">
  <response-info timems="3.397" idlems="3.397" threads="0" lastid="0000000002322A00" lastname="Thread-31" />
</exclusive-start>
<allocation-taxation id="3376" taxation-threshold="23068672" timestamp="2019-08-09T00:19:22.949" intervalms="68.383" />
<concurrent-end id="3377" type="GMP work packet processing" contextid="3367" timestamp="2019-08-09T00:19:22.950">
  <concurrent-mark-end bytesScanned="19358656" reasonForTermination="Termination requested" />
</concurrent-end>

<cycle-start id="3378" type="partial gc" contextid="0" timestamp="2019-08-09T00:19:22.950" intervalms="125.296" />
<gc-start id="3379" type="partial gc" contextid="3378" timestamp="2019-08-09T00:19:22.951">
  <mem-info id="3380" free="56623104" total="155189248" percent="36">
    <mem type="eden" free="0" total="46137344" percent="0" />
    <remembered-set count="125600" freebytes="6037120" totalbytes="6539520" percent="92" regionsoverflowed="0" regionsstable="0" regionsrebuilding="9"/>
  </mem-info>
</gc-start>
<allocation-stats totalBytes="46131432" >
  <allocated-bytes non-tlh="0" tlh="46131432" arrayletleaf="0"/>
  <largest-consumer threadName="Thread-31" threadId="0000000002322A00" bytes="3587416" />
</allocation-stats>
<gc-op id="3381" type="copy forward" timems="12.486" contextid="3378" timestamp="2019-08-09T00:19:22.964">
  <memory-copied type="eden" objects="23085" bytes="833208" bytesdiscarded="54712" />
  <memory-copied type="other" objects="16831" bytes="541320" bytesdiscarded="41952" />
  <memory-cardclean objects="28834" bytes="1518568" />
  <regions eden="22" other="2" />
  <remembered-set-cleared processed="114710" cleared="4652" durationms="0.466" />
  <stringconstants candidates="15172" cleared="0"  />
</gc-op>
<gc-op id="3382" type="classunload" timems="0.015" contextid="3378" timestamp="2019-08-09T00:19:22.964">
  <classunload-info classloadercandidates="55" classloadersunloaded="0" classesunloaded="0" anonymousclassesunloaded="0" quiescems="0.000" setupms="0.014" scanms="0.000" postms="0.000" />
</gc-op>
<heap-resize id="3383" type="contract" space="default" amount="8388608" count="1" timems="0.402" reason="excess free space following gc" timestamp="2019-08-09T00:19:22.965" />
<gc-end id="3384" type="partial gc" contextid="3378" durationms="14.497" usertimems="30.624" systemtimems="21.514" timestamp="2019-08-09T00:19:22.965" activeThreads="16">
  <mem-info id="3385" free="92274688" total="146800640" percent="62">
    <mem type="eden" free="1209232" total="2097152" percent="57" />
    <remembered-set count="126208" freebytes="5699328" totalbytes="6204160" percent="91" regionsoverflowed="0" regionsstable="0" regionsrebuilding="9"/>
  </mem-info>
</gc-end>
<cycle-end id="3386" type="partial gc" contextid="3378" timestamp="2019-08-09T00:19:22.965" />
  <attribute name="elasticGC enabled" value="1" />
  <attribute name= "numThreadsSpecified" value="16" />
  <attribute name="heapSize specified" value="0" />
  <attribute name="Current GC Util" value="85" />
  <attribute name= "Current Time Running" value="173185" />
  <attribute name ="GC Interval" value="0" />
  <attribute name="Target GC Util Change" value ="80.000000" />
  <attribute name="Current GC Util Change" value="85.000000"/>
  <attribute name="Current Error" value="-623.000000" />
  <attribute name="Output H" value="155226736"/>
  <attribute name="Output I" value="1648"/>
  <attribute name="Output T" value="16"/>
  <attribute name= "Current Time Running" value="173185" />
  <attribute name="GC Util currently" value="85" />
  <attribute name="CPU Util currently" value="1121937993627" />
<concurrent-start id="3387" type="GMP work packet processing" contextid="3367" timestamp="2019-08-09T00:19:22.965">
  <concurrent-mark-start scanTarget="8024339" />
</concurrent-start>
<exclusive-end id="3388" timestamp="2019-08-09T00:19:22.965" durationms="16.711" />

<exclusive-start id="3389" timestamp="2019-08-09T00:19:23.053" intervalms="104.483">
  <response-info timems="23.903" idlems="9.870" threads="2" lastid="00000000022E2B00" lastname="Thread-28" />
</exclusive-start>
<allocation-taxation id="3390" taxation-threshold="20971520" timestamp="2019-08-09T00:19:23.058" intervalms="109.704" />
<concurrent-end id="3391" type="GMP work packet processing" contextid="3367" timestamp="2019-08-09T00:19:23.067">
  <concurrent-mark-end bytesScanned="0" reasonForTermination="Termination requested" />
</concurrent-end>

<gc-start id="3392" type="global mark phase" contextid="3367" timestamp="2019-08-09T00:19:23.067">
  <mem-info id="3393" free="71303168" total="146800640" percent="48">
    <remembered-set count="125856" freebytes="5700736" totalbytes="6204160" percent="91" regionsoverflowed="0" regionsstable="0" regionsrebuilding="9"/>
  </mem-info>
</gc-start>
<gc-op id="3394" type="mark increment" timems="7.487" contextid="3367" timestamp="2019-08-09T00:19:23.075">
  <trace-info objectcount="0" scancount="0" scanbytes="0" />
</gc-op>
<gc-end id="3395" type="global mark phase" contextid="3367" durationms="7.539" usertimems="3.343" systemtimems="7.255" timestamp="2019-08-09T00:19:23.075" activeThreads="16">
  <mem-info id="3396" free="71303168" total="146800640" percent="48">
    <remembered-set count="125856" freebytes="5700736" totalbytes="6204160" percent="91" regionsoverflowed="0" regionsstable="0" regionsrebuilding="9"/>
  </mem-info>
</gc-end>
<exclusive-end id="3397" timestamp="2019-08-09T00:19:23.075" durationms="22.159" />

<exclusive-start id="3398" timestamp="2019-08-09T00:19:23.102" intervalms="48.873">
  <response-info timems="1.219" idlems="0.631" threads="1" lastid="00000000022DEF00" lastname="Thread-34" />
</exclusive-start>
<allocation-taxation id="3399" taxation-threshold="20971520" timestamp="2019-08-09T00:19:23.102" intervalms="43.635" />
<cycle-start id="3400" type="partial gc" contextid="0" timestamp="2019-08-09T00:19:23.103" intervalms="152.745" />
<gc-start id="3401" type="partial gc" contextid="3400" timestamp="2019-08-09T00:19:23.103">
  <mem-info id="3402" free="50331648" total="146800640" percent="34">
    <mem type="eden" free="0" total="41943040" percent="0" />
    <remembered-set count="125856" freebytes="5700736" totalbytes="6204160" percent="91" regionsoverflowed="0" regionsstable="0" regionsrebuilding="9"/>
  </mem-info>
</gc-start>
<allocation-stats totalBytes="41937280" >
  <allocated-bytes non-tlh="0" tlh="41937280" arrayletleaf="0"/>
  <largest-consumer threadName="Thread-35" threadId="00000000022D7700" bytes="2731744" />
</allocation-stats>
<gc-op id="3403" type="copy forward" timems="39.203" contextid="3400" timestamp="2019-08-09T00:19:23.145">
  <memory-copied type="eden" objects="27642" bytes="1020616" bytesdiscarded="68736" />
  <memory-copied type="other" objects="23644" bytes="842208" bytesdiscarded="65928" />
  <memory-cardclean objects="85754" bytes="3290808" />
  <regions eden="20" other="2" />
  <remembered-set-cleared processed="100244" cleared="13899" durationms="1.743" />
  <stringconstants candidates="15172" cleared="0"  />
</gc-op>
<gc-op id="3404" type="classunload" timems="0.011" contextid="3400" timestamp="2019-08-09T00:19:23.145">
  <classunload-info classloadercandidates="55" classloadersunloaded="0" classesunloaded="0" anonymousclassesunloaded="0" quiescems="0.000" setupms="0.011" scanms="0.000" postms="0.000" />
</gc-op>
<gc-end id="3405" type="partial gc" contextid="3400" durationms="41.898" usertimems="40.327" systemtimems="12.538" timestamp="2019-08-09T00:19:23.145" activeThreads="16">
  <mem-info id="3406" free="88080384" total="146800640" percent="60">
    <mem type="eden" free="3104952" total="4194304" percent="74" />
    <remembered-set count="111840" freebytes="5421440" totalbytes="5868800" percent="92" regionsoverflowed="0" regionsstable="0" regionsrebuilding="9"/>
  </mem-info>
</gc-end>
<cycle-end id="3407" type="partial gc" contextid="3400" timestamp="2019-08-09T00:19:23.145" />
  <attribute name="elasticGC enabled" value="1" />
  <attribute name= "numThreadsSpecified" value="16" />
  <attribute name="heapSize specified" value="0" />
  <attribute name="Current GC Util" value="147" />
  <attribute name= "Current Time Running" value="173339" />
  <attribute name ="GC Interval" value="0" />
  <attribute name="Target GC Util Change" value ="80.000000" />
  <attribute name="Current GC Util Change" value="147.000000"/>
  <attribute name="Current Error" value="-2.000000" />
  <attribute name="Output H" value="146838480"/>
  <attribute name="Output I" value="2000"/>
  <attribute name="Output T" value="16"/>
  <attribute name= "Current Time Running" value="173339" />
  <attribute name="GC Util currently" value="147" />
  <attribute name="CPU Util currently" value="534718206866" />
<exclusive-end id="3408" timestamp="2019-08-09T00:19:23.145" durationms="43.584" />

<exclusive-start id="3409" timestamp="2019-08-09T00:19:23.175" intervalms="73.191">
  <response-info timems="1.197" idlems="1.197" threads="0" lastid="0000000002322A00" lastname="Thread-31" />
</exclusive-start>
<allocation-taxation id="3410" taxation-threshold="20971520" timestamp="2019-08-09T00:19:23.175" intervalms="73.198" />
<gc-start id="3411" type="global mark phase" contextid="3367" timestamp="2019-08-09T00:19:23.175">
  <mem-info id="3412" free="67108864" total="146800640" percent="45">
    <remembered-set count="111712" freebytes="5421952" totalbytes="5868800" percent="92" regionsoverflowed="0" regionsstable="0" regionsrebuilding="9"/>
  </mem-info>
</gc-start>
<gc-op id="3413" type="mark increment" timems="95.507" contextid="3367" timestamp="2019-08-09T00:19:23.271">
  <trace-info objectcount="47397" scancount="47397" scanbytes="1820404" />
  <cardclean-info objects="122469" bytes="4004652" />
  <finalization candidates="151" enqueued="0" />
  <ownableSynchronizers candidates="23" cleared="0" />
  <references type="soft" candidates="4901" cleared="0" enqueued="0" dynamicThreshold="19" maxThreshold="32" />
  <references type="weak" candidates="6256" cleared="0" enqueued="0" />
  <references type="phantom" candidates="835" cleared="0" enqueued="0" />
  <stringconstants candidates="15172" cleared="0"  />
</gc-op>
<gc-op id="3414" type="classunload" timems="0.011" contextid="3367" timestamp="2019-08-09T00:19:23.271">
  <classunload-info classloadercandidates="55" classloadersunloaded="0" classesunloaded="0" anonymousclassesunloaded="0" quiescems="0.000" setupms="0.010" scanms="0.000" postms="0.000" />
</gc-op>
<gc-end id="3415" type="global mark phase" contextid="3367" durationms="95.639" usertimems="39.355" systemtimems="37.686" timestamp="2019-08-09T00:19:23.271" activeThreads="8">
  <mem-info id="3416" free="67108864" total="146800640" percent="45">
    <remembered-set count="118368" freebytes="5395328" totalbytes="5868800" percent="91" regionsoverflowed="0" regionsstable="0" regionsrebuilding="0"/>
  </mem-info>
</gc-end>
<cycle-end id="3417" type="global mark phase" contextid="3367" timestamp="2019-08-09T00:19:23.271" />
  <attribute name="elasticGC enabled" value="1" />
  <attribute name= "numThreadsSpecified" value="8" />
  <attribute name="heapSize specified" value="0" />
  <attribute name="Current GC Util" value="96" />
  <attribute name= "Current Time Running" value="173451" />
  <attribute name ="GC Interval" value="0" />
  <attribute name="Target GC Util Change" value ="80.000000" />
  <attribute name="Current GC Util Change" value="96.000000"/>
  <attribute name="Current Error" value="-10.000000" />
  <attribute name="Output H" value="146838480"/>
  <attribute name="Output I" value="2000"/>
  <attribute name="Output T" value="8"/>
  <attribute name= "Current Time Running" value="173451" />
  <attribute name="GC Util currently" value="96" />
  <attribute name="CPU Util currently" value="44798263443" />
<exclusive-end id="3418" timestamp="2019-08-09T00:19:23.271" durationms="96.326" />

<exclusive-start id="3419" timestamp="2019-08-09T00:19:23.299" intervalms="124.012">
  <response-info timems="11.928" idlems="11.928" threads="0" lastid="00000000022F9200" lastname="Thread-32" />
</exclusive-start>
<allocation-taxation id="3420" taxation-threshold="20971520" timestamp="2019-08-09T00:19:23.299" intervalms="124.094" />
<cycle-start id="3421" type="partial gc" contextid="0" timestamp="2019-08-09T00:19:23.299" intervalms="196.342" />
<gc-start id="3422" type="partial gc" contextid="3421" timestamp="2019-08-09T00:19:23.300">
  <mem-info id="3423" free="46137344" total="146800640" percent="31">
    <mem type="eden" free="0" total="41943040" percent="0" />
    <remembered-set count="46432" freebytes="5683072" totalbytes="5868800" percent="96" regionsoverflowed="0" regionsstable="7" regionsrebuilding="0"/>
  </mem-info>
</gc-start>
<allocation-stats totalBytes="41937784" >
  <allocated-bytes non-tlh="0" tlh="41937784" arrayletleaf="0"/>
  <largest-consumer threadName="Thread-23" threadId="0000000002304600" bytes="2645760" />
</allocation-stats>
<gc-op id="3424" type="sweep" timems="1.694" contextid="3421" timestamp="2019-08-09T00:19:23.302" />
<gc-op id="3425" type="copy forward" timems="52.384" contextid="3421" timestamp="2019-08-09T00:19:23.355">
  <memory-copied type="eden" objects="13569" bytes="467968" bytesdiscarded="32265" />
  <memory-copied type="other" objects="56790" bytes="3550272" bytesdiscarded="498023" />
  <memory-cardclean objects="39709" bytes="1999128" />
  <regions eden="10" other="15" />
  <remembered-set-cleared processed="31378" cleared="7254" durationms="0.711" />
  <references type="soft" candidates="15" cleared="0" enqueued="0" dynamicThreshold="14" maxThreshold="32" />
  <references type="weak" candidates="13" cleared="0" enqueued="0" />
  <references type="phantom" candidates="2" cleared="0" enqueued="0" />
  <stringconstants candidates="15172" cleared="0"  />
</gc-op>
<gc-op id="3426" type="classunload" timems="0.013" contextid="3421" timestamp="2019-08-09T00:19:23.356">
  <classunload-info classloadercandidates="55" classloadersunloaded="0" classesunloaded="0" anonymousclassesunloaded="0" quiescems="0.000" setupms="0.012" scanms="0.000" postms="0.000" />
</gc-op>
<heap-resize id="3427" type="contract" space="default" amount="8388608" count="1" timems="0.386" reason="excess free space following gc" timestamp="2019-08-09T00:19:23.356" />
<gc-end id="3428" type="partial gc" contextid="3421" durationms="56.459" usertimems="63.692" systemtimems="34.889" timestamp="2019-08-09T00:19:23.356" activeThreads="16">
  <mem-info id="3429" free="90177536" total="138412032" percent="65">
    <mem type="eden" free="1014288" total="2097152" percent="48" />
    <remembered-set count="42464" freebytes="5698944" totalbytes="5868800" percent="97" regionsoverflowed="0" regionsstable="7" regionsrebuilding="0"/>
  </mem-info>
</gc-end>
<cycle-end id="3430" type="partial gc" contextid="3421" timestamp="2019-08-09T00:19:23.356" />
  <attribute name="elasticGC enabled" value="1" />
  <attribute name= "numThreadsSpecified" value="16" />
  <attribute name="heapSize specified" value="0" />
  <attribute name="Current GC Util" value="82" />
  <attribute name= "Current Time Running" value="173536" />
  <attribute name ="GC Interval" value="0" />
  <attribute name="Target GC Util Change" value ="80.000000" />
  <attribute name="Current GC Util Change" value="82.000000"/>
  <attribute name="Current Error" value="-41.000000" />
  <attribute name="Output H" value="146838464"/>
  <attribute name="Output I" value="1984"/>
  <attribute name="Output T" value="16"/>
  <attribute name= "Current Time Running" value="173536" />
  <attribute name="GC Util currently" value="82" />
  <attribute name="CPU Util currently" value="1370041498258" />
<exclusive-end id="3431" timestamp="2019-08-09T00:19:23.356" durationms="57.242" />

<exclusive-start id="3432" timestamp="2019-08-09T00:19:23.397" intervalms="97.749">
  <response-info timems="4.858" idlems="4.858" threads="0" lastid="0000000002308200" lastname="Thread-27" />
</exclusive-start>
<allocation-taxation id="3433" taxation-threshold="20971520" timestamp="2019-08-09T00:19:23.397" intervalms="97.660" />
<cycle-start id="3434" type="global mark phase" contextid="0" timestamp="2019-08-09T00:19:23.397" intervalms="516.760" />
<gc-start id="3435" type="global mark phase" contextid="3434" timestamp="2019-08-09T00:19:23.397">
  <mem-info id="3436" free="69206016" total="138412032" percent="50">
    <remembered-set count="42304" freebytes="5699584" totalbytes="5868800" percent="97" regionsoverflowed="0" regionsstable="7" regionsrebuilding="0"/>
  </mem-info>
</gc-start>
<gc-op id="3437" type="mark increment" timems="11.861" contextid="3434" timestamp="2019-08-09T00:19:23.409">
  <trace-info objectcount="580" scancount="0" scanbytes="0" />
</gc-op>
<gc-end id="3438" type="global mark phase" contextid="3434" durationms="11.919" usertimems="1.746" systemtimems="1.727" timestamp="2019-08-09T00:19:23.409" activeThreads="16">
  <mem-info id="3439" free="69206016" total="138412032" percent="50">
    <remembered-set count="42304" freebytes="5699584" totalbytes="5868800" percent="97" regionsoverflowed="0" regionsstable="0" regionsrebuilding="7"/>
  </mem-info>
</gc-end>
<concurrent-start id="3440" type="GMP work packet processing" contextid="3434" timestamp="2019-08-09T00:19:23.409">
  <concurrent-mark-start scanTarget="29932500" />
</concurrent-start>
<exclusive-end id="3441" timestamp="2019-08-09T00:19:23.412" durationms="14.648" />

<exclusive-start id="3442" timestamp="2019-08-09T00:19:23.516" intervalms="119.584">
  <response-info timems="31.976" idlems="31.976" threads="0" lastid="0000000002308200" lastname="Thread-27" />
</exclusive-start>
<allocation-taxation id="3443" taxation-threshold="20971520" timestamp="2019-08-09T00:19:23.517" intervalms="119.612" />
<concurrent-end id="3444" type="GMP work packet processing" contextid="3434" timestamp="2019-08-09T00:19:23.526">
  <concurrent-mark-end bytesScanned="19537080" reasonForTermination="Termination requested" />
</concurrent-end>

<cycle-start id="3445" type="partial gc" contextid="0" timestamp="2019-08-09T00:19:23.526" intervalms="226.821" />
<gc-start id="3446" type="partial gc" contextid="3445" timestamp="2019-08-09T00:19:23.526">
  <mem-info id="3447" free="48234496" total="138412032" percent="34">
    <mem type="eden" free="0" total="41943040" percent="0" />
    <remembered-set count="122912" freebytes="5377152" totalbytes="5868800" percent="91" regionsoverflowed="0" regionsstable="0" regionsrebuilding="7"/>
  </mem-info>
</gc-start>
<allocation-stats totalBytes="41937968" >
  <allocated-bytes non-tlh="0" tlh="41937968" arrayletleaf="0"/>
  <largest-consumer threadName="Thread-26" threadId="000000000230FE00" bytes="3071680" />
</allocation-stats>
<gc-op id="3448" type="copy forward" timems="117.089" contextid="3445" timestamp="2019-08-09T00:19:23.646">
  <memory-copied type="eden" objects="22172" bytes="674448" bytesdiscarded="66696" />
  <memory-copied type="other" objects="47500" bytes="3228088" bytesdiscarded="328968" />
  <memory-cardclean objects="135629" bytes="5650584" />
  <regions eden="20" other="4" />
  <remembered-set-cleared processed="89723" cleared="34357" durationms="1.006" />
  <references type="soft" candidates="15" cleared="0" enqueued="0" dynamicThreshold="16" maxThreshold="32" />
  <references type="weak" candidates="13" cleared="0" enqueued="0" />
  <references type="phantom" candidates="2" cleared="0" enqueued="0" />
  <stringconstants candidates="15172" cleared="0"  />
</gc-op>
<gc-op id="3449" type="classunload" timems="0.013" contextid="3445" timestamp="2019-08-09T00:19:23.646">
  <classunload-info classloadercandidates="55" classloadersunloaded="0" classesunloaded="0" anonymousclassesunloaded="0" quiescems="0.000" setupms="0.012" scanms="0.000" postms="0.000" />
</gc-op>
<heap-resize id="3450" type="contract" space="default" amount="8388608" count="1" timems="0.430" reason="excess free space following gc" timestamp="2019-08-09T00:19:23.646" />
<gc-end id="3451" type="partial gc" contextid="3445" durationms="120.099" usertimems="69.208" systemtimems="51.658" timestamp="2019-08-09T00:19:23.647" activeThreads="16">
  <mem-info id="3452" free="79691776" total="130023424" percent="61">
    <mem type="eden" free="1356008" total="2097152" percent="64" />
    <remembered-set count="92832" freebytes="5162112" totalbytes="5533440" percent="93" regionsoverflowed="0" regionsstable="0" regionsrebuilding="7"/>
  </mem-info>
</gc-end>
<cycle-end id="3453" type="partial gc" contextid="3445" timestamp="2019-08-09T00:19:23.647" />
  <attribute name="elasticGC enabled" value="1" />
  <attribute name= "numThreadsSpecified" value="16" />
  <attribute name="heapSize specified" value="0" />
  <attribute name="Current GC Util" value="155" />
  <attribute name= "Current Time Running" value="173762" />
  <attribute name ="GC Interval" value="0" />
  <attribute name="Target GC Util Change" value ="80.000000" />
  <attribute name="Current GC Util Change" value="155.000000"/>
  <attribute name="Current Error" value="-211.000000" />
  <attribute name="Output H" value="138449752"/>
  <attribute name="Output I" value="1880"/>
  <attribute name="Output T" value="16"/>
  <attribute name= "Current Time Running" value="173762" />
  <attribute name="GC Util currently" value="155" />
  <attribute name="CPU Util currently" value="736220580786" />
<concurrent-start id="3454" type="GMP work packet processing" contextid="3434" timestamp="2019-08-09T00:19:23.647">
  <concurrent-mark-start scanTarget="10395420" />
</concurrent-start>
<exclusive-end id="3455" timestamp="2019-08-09T00:19:23.647" durationms="130.435" />

<concurrent-end id="3456" type="GMP work packet processing" contextid="3434" timestamp="2019-08-09T00:19:23.655">
  <concurrent-mark-end bytesScanned="174688" reasonForTermination="Completed all work in GC phase" />
</concurrent-end>

<exclusive-start id="3457" timestamp="2019-08-09T00:19:23.687" intervalms="170.719">
  <response-info timems="3.368" idlems="3.368" threads="0" lastid="000000000232DD00" lastname="Thread-29" />
</exclusive-start>
<allocation-taxation id="3458" taxation-threshold="18874368" timestamp="2019-08-09T00:19:23.687" intervalms="170.687" />
<gc-start id="3459" type="global mark phase" contextid="3434" timestamp="2019-08-09T00:19:23.687">
  <mem-info id="3460" free="60817408" total="130023424" percent="46">
    <remembered-set count="92608" freebytes="5163008" totalbytes="5533440" percent="93" regionsoverflowed="0" regionsstable="0" regionsrebuilding="7"/>
  </mem-info>
</gc-start>
<gc-op id="3461" type="mark increment" timems="56.769" contextid="3434" timestamp="2019-08-09T00:19:23.744">
  <trace-info objectcount="43283" scancount="43283" scanbytes="2118164" />
  <cardclean-info objects="187177" bytes="6488580" />
  <finalization candidates="151" enqueued="0" />
  <ownableSynchronizers candidates="23" cleared="0" />
  <references type="soft" candidates="4901" cleared="0" enqueued="0" dynamicThreshold="19" maxThreshold="32" />
  <references type="weak" candidates="6256" cleared="0" enqueued="0" />
  <references type="phantom" candidates="835" cleared="0" enqueued="0" />
  <stringconstants candidates="15172" cleared="0"  />
</gc-op>
<gc-op id="3462" type="classunload" timems="0.020" contextid="3434" timestamp="2019-08-09T00:19:23.744">
  <classunload-info classloadercandidates="55" classloadersunloaded="0" classesunloaded="0" anonymousclassesunloaded="0" quiescems="0.000" setupms="0.019" scanms="0.000" postms="0.000" />
</gc-op>
<gc-end id="3463" type="global mark phase" contextid="3434" durationms="56.969" usertimems="43.607" systemtimems="14.476" timestamp="2019-08-09T00:19:23.744" activeThreads="16">
  <mem-info id="3464" free="60817408" total="130023424" percent="46">
    <remembered-set count="102848" freebytes="5122048" totalbytes="5533440" percent="92" regionsoverflowed="0" regionsstable="0" regionsrebuilding="0"/>
  </mem-info>
</gc-end>
<cycle-end id="3465" type="global mark phase" contextid="3434" timestamp="2019-08-09T00:19:23.744" />
  <attribute name="elasticGC enabled" value="1" />
  <attribute name= "numThreadsSpecified" value="16" />
  <attribute name="heapSize specified" value="0" />
  <attribute name="Current GC Util" value="195" />
  <attribute name= "Current Time Running" value="173928" />
  <attribute name ="GC Interval" value="0" />
  <attribute name="Target GC Util Change" value ="80.000000" />
  <attribute name="Current GC Util Change" value="195.000000"/>
  <attribute name="Current Error" value="-522.000000" />
  <attribute name="Output H" value="130060968"/>
  <attribute name="Output I" value="1704"/>
  <attribute name="Output T" value="16"/>
  <attribute name= "Current Time Running" value="173928" />
  <attribute name="GC Util currently" value="195" />
  <attribute name="CPU Util currently" value="359342874707" />
<exclusive-end id="3466" timestamp="2019-08-09T00:19:23.745" durationms="57.408" />

<exclusive-start id="3467" timestamp="2019-08-09T00:19:23.856" intervalms="168.358">
  <response-info timems="33.729" idlems="33.729" threads="0" lastid="0000000002317600" lastname="Thread-22" />
</exclusive-start>
<allocation-taxation id="3468" taxation-threshold="18874368" timestamp="2019-08-09T00:19:23.856" intervalms="168.630" />
<cycle-start id="3469" type="partial gc" contextid="0" timestamp="2019-08-09T00:19:23.857" intervalms="330.580" />
<gc-start id="3470" type="partial gc" contextid="3469" timestamp="2019-08-09T00:19:23.857">
  <mem-info id="3471" free="41943040" total="130023424" percent="32">
    <mem type="eden" free="0" total="37748736" percent="0" />
    <remembered-set count="39776" freebytes="5374336" totalbytes="5533440" percent="97" regionsoverflowed="0" regionsstable="7" regionsrebuilding="0"/>
  </mem-info>
</gc-start>
<allocation-stats totalBytes="37743800" >
  <allocated-bytes non-tlh="0" tlh="37743800" arrayletleaf="0"/>
  <largest-consumer threadName="Thread-33" threadId="00000000022DB300" bytes="4361760" />
</allocation-stats>
<gc-op id="3472" type="sweep" timems="4.629" contextid="3469" timestamp="2019-08-09T00:19:23.862" />
<gc-op id="3473" type="copy forward" timems="11.684" contextid="3469" timestamp="2019-08-09T00:19:23.875">
  <memory-copied type="eden" objects="17914" bytes="708656" bytesdiscarded="48119" />
  <memory-copied type="other" objects="49641" bytes="1900808" bytesdiscarded="109505" />
  <memory-cardclean objects="92461" bytes="3928696" />
  <regions eden="9" other="11" />
  <remembered-set-cleared processed="21269" cleared="6129" durationms="0.168" />
  <stringconstants candidates="15172" cleared="0"  />
</gc-op>
<gc-op id="3474" type="classunload" timems="0.015" contextid="3469" timestamp="2019-08-09T00:19:23.875">
  <classunload-info classloadercandidates="55" classloadersunloaded="0" classesunloaded="0" anonymousclassesunloaded="0" quiescems="0.000" setupms="0.015" scanms="0.000" postms="0.000" />
</gc-op>
<heap-resize id="3475" type="expand" space="default" amount="2097152" count="1" timems="0.061" reason="excessive time being spent in gc" timestamp="2019-08-09T00:19:23.875" />
<gc-end id="3476" type="partial gc" contextid="3469" durationms="18.094" usertimems="49.942" systemtimems="6.855" timestamp="2019-08-09T00:19:23.875" activeThreads="16">
  <mem-info id="3477" free="79691776" total="132120576" percent="60">
    <mem type="eden" free="42464" total="2097152" percent="2" />
    <remembered-set count="37888" freebytes="5130368" totalbytes="5281920" percent="97" regionsoverflowed="0" regionsstable="7" regionsrebuilding="0"/>
  </mem-info>
</gc-end>
<cycle-end id="3478" type="partial gc" contextid="3469" timestamp="2019-08-09T00:19:23.875" />
  <attribute name="elasticGC enabled" value="1" />
  <attribute name= "numThreadsSpecified" value="16" />
  <attribute name="heapSize specified" value="0" />
  <attribute name="Current GC Util" value="98" />
  <attribute name= "Current Time Running" value="174096" />
  <attribute name ="GC Interval" value="0" />
  <attribute name="Target GC Util Change" value ="80.000000" />
  <attribute name="Current GC Util Change" value="98.000000"/>
  <attribute name="Current Error" value="46.000000" />
  <attribute name="Output H" value="130061296"/>
  <attribute name="Output I" value="2032"/>
  <attribute name="Output T" value="16"/>
  <attribute name= "Current Time Running" value="174096" />
  <attribute name="GC Util currently" value="98" />
  <attribute name="CPU Util currently" value="1328680630978" />
<exclusive-end id="3479" timestamp="2019-08-09T00:19:23.876" durationms="20.010" />

<exclusive-start id="3480" timestamp="2019-08-09T00:19:23.919" intervalms="63.008">
  <response-info timems="3.265" idlems="3.265" threads="0" lastid="0000000002322A00" lastname="Thread-31" />
</exclusive-start>
<allocation-taxation id="3481" taxation-threshold="18874368" timestamp="2019-08-09T00:19:23.919" intervalms="62.750" />
<cycle-start id="3482" type="global mark phase" contextid="0" timestamp="2019-08-09T00:19:23.919" intervalms="521.557" />
<gc-start id="3483" type="global mark phase" contextid="3482" timestamp="2019-08-09T00:19:23.919">
  <mem-info id="3484" free="60817408" total="132120576" percent="46">
    <remembered-set count="37888" freebytes="5130368" totalbytes="5281920" percent="97" regionsoverflowed="0" regionsstable="7" regionsrebuilding="0"/>
  </mem-info>
</gc-start>
<gc-op id="3485" type="mark increment" timems="14.271" contextid="3482" timestamp="2019-08-09T00:19:23.934">
  <trace-info objectcount="188444" scancount="161913" scanbytes="6705512" />
</gc-op>
<gc-end id="3486" type="global mark phase" contextid="3482" durationms="14.990" usertimems="40.094" systemtimems="4.727" timestamp="2019-08-09T00:19:23.934" activeThreads="16">
  <mem-info id="3487" free="60817408" total="132120576" percent="46">
    <remembered-set count="43520" freebytes="5107840" totalbytes="5281920" percent="96" regionsoverflowed="0" regionsstable="0" regionsrebuilding="7"/>
  </mem-info>
</gc-end>
<concurrent-start id="3488" type="GMP work packet processing" contextid="3482" timestamp="2019-08-09T00:19:23.934">
  <concurrent-mark-start scanTarget="56569170" />
</concurrent-start>
<exclusive-end id="3489" timestamp="2019-08-09T00:19:23.942" durationms="23.898" />

<concurrent-end id="3490" type="GMP work packet processing" contextid="3482" timestamp="2019-08-09T00:19:23.956">
  <concurrent-mark-end bytesScanned="12621872" reasonForTermination="Completed all work in GC phase" />
</concurrent-end>

<exclusive-start id="3491" timestamp="2019-08-09T00:19:23.961" intervalms="42.626">
  <response-info timems="2.346" idlems="1.613" threads="2" lastid="00000000022F1B00" lastname="Thread-25" />
</exclusive-start>
<allocation-taxation id="3492" taxation-threshold="18874368" timestamp="2019-08-09T00:19:23.961" intervalms="42.828" />
<cycle-start id="3493" type="partial gc" contextid="0" timestamp="2019-08-09T00:19:23.962" intervalms="104.758" />
<gc-start id="3494" type="partial gc" contextid="3493" timestamp="2019-08-09T00:19:23.963">
  <mem-info id="3495" free="41943040" total="132120576" percent="31">
    <mem type="eden" free="0" total="37748736" percent="0" />
    <remembered-set count="118912" freebytes="4806272" totalbytes="5281920" percent="90" regionsoverflowed="0" regionsstable="0" regionsrebuilding="7"/>
  </mem-info>
</gc-start>
<allocation-stats totalBytes="37743968" >
  <allocated-bytes non-tlh="0" tlh="37743968" arrayletleaf="0"/>
  <largest-consumer threadName="Thread-36" threadId="00000000022E6700" bytes="2359032" />
</allocation-stats>
<gc-op id="3496" type="copy forward" timems="122.107" contextid="3493" timestamp="2019-08-09T00:19:24.086">
  <memory-copied type="eden" objects="16219" bytes="532232" bytesdiscarded="81160" />
  <memory-copied type="other" objects="46649" bytes="1975112" bytesdiscarded="142048" />
  <memory-cardclean objects="22164" bytes="1108440" />
  <regions eden="18" other="2" />
  <remembered-set-cleared processed="109111" cleared="2381" durationms="0.754" />
  <stringconstants candidates="15172" cleared="0"  />
</gc-op>
<gc-op id="3497" type="classunload" timems="0.012" contextid="3493" timestamp="2019-08-09T00:19:24.086">
  <classunload-info classloadercandidates="55" classloadersunloaded="0" classesunloaded="0" anonymousclassesunloaded="0" quiescems="0.000" setupms="0.012" scanms="0.000" postms="0.000" />
</gc-op>
<heap-resize id="3498" type="expand" space="default" amount="4194304" count="1" timems="0.059" reason="excessive time being spent in gc" timestamp="2019-08-09T00:19:24.086" />
<gc-end id="3499" type="partial gc" contextid="3493" durationms="123.459" usertimems="47.899" systemtimems="48.432" timestamp="2019-08-09T00:19:24.086" activeThreads="16">
  <mem-info id="3500" free="81788928" total="136314880" percent="60">
    <mem type="eden" free="1483760" total="2097152" percent="70" />
    <remembered-set count="120704" freebytes="4966784" totalbytes="5449600" percent="91" regionsoverflowed="0" regionsstable="0" regionsrebuilding="7"/>
  </mem-info>
</gc-end>
<cycle-end id="3501" type="partial gc" contextid="3493" timestamp="2019-08-09T00:19:24.086" />
  <attribute name="elasticGC enabled" value="1" />
  <attribute name= "numThreadsSpecified" value="16" />
  <attribute name="heapSize specified" value="0" />
  <attribute name="Current GC Util" value="145" />
  <attribute name= "Current Time Running" value="174197" />
  <attribute name ="GC Interval" value="0" />
  <attribute name="Target GC Util Change" value ="80.000000" />
  <attribute name="Current GC Util Change" value="145.000000"/>
  <attribute name="Current Error" value="-373.000000" />
  <attribute name="Output H" value="132158208"/>
  <attribute name="Output I" value="1792"/>
  <attribute name="Output T" value="16"/>
  <attribute name= "Current Time Running" value="174197" />
  <attribute name="GC Util currently" value="145" />
  <attribute name="CPU Util currently" value="1973497912764" />
<exclusive-end id="3502" timestamp="2019-08-09T00:19:24.086" durationms="125.095" />

<exclusive-start id="3503" timestamp="2019-08-09T00:19:24.114" intervalms="153.208">
  <response-info timems="1.249" idlems="0.807" threads="1" lastid="000000000232DD00" lastname="Thread-29" />
</exclusive-start>
<allocation-taxation id="3504" taxation-threshold="20971520" timestamp="2019-08-09T00:19:24.114" intervalms="153.017" />
<gc-start id="3505" type="global mark phase" contextid="3482" timestamp="2019-08-09T00:19:24.114">
  <mem-info id="3506" free="60817408" total="136314880" percent="44">
    <remembered-set count="120640" freebytes="4967040" totalbytes="5449600" percent="91" regionsoverflowed="0" regionsstable="0" regionsrebuilding="7"/>
  </mem-info>
</gc-start>
<gc-op id="3507" type="mark increment" timems="91.510" contextid="3482" timestamp="2019-08-09T00:19:24.206">
  <trace-info objectcount="12051" scancount="12051" scanbytes="300480" />
  <cardclean-info objects="29095" bytes="1446616" />
  <finalization candidates="151" enqueued="0" />
  <ownableSynchronizers candidates="23" cleared="0" />
  <references type="soft" candidates="4901" cleared="124" enqueued="117" dynamicThreshold="19" maxThreshold="32" />
  <references type="weak" candidates="6256" cleared="0" enqueued="0" />
  <references type="phantom" candidates="835" cleared="0" enqueued="0" />
  <stringconstants candidates="15172" cleared="0"  />
</gc-op>
<gc-op id="3508" type="classunload" timems="0.011" contextid="3482" timestamp="2019-08-09T00:19:24.206">
  <classunload-info classloadercandidates="55" classloadersunloaded="0" classesunloaded="0" anonymousclassesunloaded="0" quiescems="0.000" setupms="0.010" scanms="0.000" postms="0.000" />
</gc-op>
<gc-end id="3509" type="global mark phase" contextid="3482" durationms="91.927" usertimems="30.266" systemtimems="66.011" timestamp="2019-08-09T00:19:24.206" activeThreads="16">
  <mem-info id="3510" free="60817408" total="136314880" percent="44">
    <pending-finalizers system="0" default="0" reference="117" classloader="0" />
    <remembered-set count="122688" freebytes="4958848" totalbytes="5449600" percent="90" regionsoverflowed="0" regionsstable="0" regionsrebuilding="0"/>
  </mem-info>
</gc-end>
<cycle-end id="3511" type="global mark phase" contextid="3482" timestamp="2019-08-09T00:19:24.207" />
  <attribute name="elasticGC enabled" value="1" />
  <attribute name= "numThreadsSpecified" value="16" />
  <attribute name="heapSize specified" value="0" />
  <attribute name="Current GC Util" value="105" />
  <attribute name= "Current Time Running" value="174353" />
  <attribute name ="GC Interval" value="0" />
  <attribute name="Target GC Util Change" value ="80.000000" />
  <attribute name="Current GC Util Change" value="105.000000"/>
  <attribute name="Current Error" value="-475.000000" />
  <attribute name="Output H" value="136352448"/>
  <attribute name="Output I" value="1728"/>
  <attribute name="Output T" value="16"/>
  <attribute name= "Current Time Running" value="174353" />
  <attribute name="GC Util currently" value="105" />
  <attribute name="CPU Util currently" value="410926114156" />
<exclusive-end id="3512" timestamp="2019-08-09T00:19:24.207" durationms="93.011" />

<exclusive-start id="3513" timestamp="2019-08-09T00:19:24.248" intervalms="133.974">
  <response-info timems="0.601" idlems="0.312" threads="2" lastid="00000000022F9200" lastname="Thread-32" />
</exclusive-start>
<allocation-taxation id="3514" taxation-threshold="20971520" timestamp="2019-08-09T00:19:24.248" intervalms="133.946" />
<cycle-start id="3515" type="partial gc" contextid="0" timestamp="2019-08-09T00:19:24.249" intervalms="286.941" />
<gc-start id="3516" type="partial gc" contextid="3515" timestamp="2019-08-09T00:19:24.249">
  <mem-info id="3517" free="39845888" total="136314880" percent="29">
    <mem type="eden" free="0" total="41943040" percent="0" />
    <remembered-set count="40000" freebytes="5289600" totalbytes="5449600" percent="97" regionsoverflowed="0" regionsstable="7" regionsrebuilding="0"/>
  </mem-info>
</gc-start>
<allocation-stats totalBytes="41935968" >
  <allocated-bytes non-tlh="0" tlh="41935968" arrayletleaf="0"/>
  <largest-consumer threadName="Thread-31" threadId="0000000002322A00" bytes="2534576" />
</allocation-stats>
<gc-op id="3518" type="sweep" timems="5.914" contextid="3515" timestamp="2019-08-09T00:19:24.255" />
<gc-op id="3519" type="copy forward" timems="83.119" contextid="3515" timestamp="2019-08-09T00:19:24.339">
  <memory-copied type="eden" objects="17216" bytes="693648" bytesdiscarded="32372" />
  <memory-copied type="other" objects="20451" bytes="649616" bytesdiscarded="32516" />
  <memory-cardclean objects="28346" bytes="1403344" />
  <regions eden="10" other="12" />
  <remembered-set-cleared processed="31832" cleared="1815" durationms="0.249" />
  <stringconstants candidates="15172" cleared="0"  />
</gc-op>
<gc-op id="3520" type="classunload" timems="0.013" contextid="3515" timestamp="2019-08-09T00:19:24.339">
  <classunload-info classloadercandidates="55" classloadersunloaded="0" classesunloaded="0" anonymousclassesunloaded="0" quiescems="0.000" setupms="0.012" scanms="0.000" postms="0.000" />
</gc-op>
<heap-resize id="3521" type="expand" space="default" amount="10485760" count="1" timems="0.082" reason="excessive time being spent in gc" timestamp="2019-08-09T00:19:24.340" />
<gc-end id="3522" type="partial gc" contextid="3515" durationms="91.179" usertimems="49.817" systemtimems="62.324" timestamp="2019-08-09T00:19:24.340" activeThreads="16">
  <mem-info id="3523" free="88080384" total="146800640" percent="60">
    <mem type="eden" free="3321864" total="4194304" percent="79" />
    <remembered-set count="43136" freebytes="5696256" totalbytes="5868800" percent="97" regionsoverflowed="0" regionsstable="7" regionsrebuilding="0"/>
  </mem-info>
</gc-end>
<cycle-end id="3524" type="partial gc" contextid="3515" timestamp="2019-08-09T00:19:24.340" />
  <attribute name="elasticGC enabled" value="1" />
  <attribute name= "numThreadsSpecified" value="16" />
  <attribute name="heapSize specified" value="0" />
  <attribute name="Current GC Util" value="129" />
  <attribute name= "Current Time Running" value="174489" />
  <attribute name ="GC Interval" value="0" />
  <attribute name="Target GC Util Change" value ="80.000000" />
  <attribute name="Current GC Util Change" value="129.000000"/>
  <attribute name="Current Error" value="-81.000000" />
  <attribute name="Output H" value="136352680"/>
  <attribute name="Output I" value="1960"/>
  <attribute name="Output T" value="16"/>
  <attribute name= "Current Time Running" value="174489" />
  <attribute name="GC Util currently" value="129" />
  <attribute name="CPU Util currently" value="1426971256132" />
<exclusive-end id="3525" timestamp="2019-08-09T00:19:24.341" durationms="92.249" />

<exclusive-start id="3526" timestamp="2019-08-09T00:19:24.408" intervalms="159.938">
  <response-info timems="0.629" idlems="0.312" threads="4" lastid="0000000002322A00" lastname="Thread-31" />
</exclusive-start>
<allocation-taxation id="3527" taxation-threshold="20971520" timestamp="2019-08-09T00:19:24.408" intervalms="159.941" />
<cycle-start id="3528" type="global mark phase" contextid="0" timestamp="2019-08-09T00:19:24.409" intervalms="489.862" />
<gc-start id="3529" type="global mark phase" contextid="3528" timestamp="2019-08-09T00:19:24.409">
  <mem-info id="3530" free="67108864" total="146800640" percent="45">
    <remembered-set count="42944" freebytes="5697024" totalbytes="5868800" percent="97" regionsoverflowed="0" regionsstable="7" regionsrebuilding="0"/>
  </mem-info>
</gc-start>
<gc-op id="3531" type="mark increment" timems="50.543" contextid="3528" timestamp="2019-08-09T00:19:24.459">
  <trace-info objectcount="649523" scancount="572613" scanbytes="17229352" />
</gc-op>
<gc-end id="3532" type="global mark phase" contextid="3528" durationms="54.389" usertimems="109.085" systemtimems="29.618" timestamp="2019-08-09T00:19:24.463" activeThreads="16">
  <mem-info id="3533" free="67108864" total="146800640" percent="45">
    <remembered-set count="110528" freebytes="5426688" totalbytes="5868800" percent="92" regionsoverflowed="0" regionsstable="0" regionsrebuilding="7"/>
  </mem-info>
</gc-end>
<concurrent-start id="3534" type="GMP work packet processing" contextid="3528" timestamp="2019-08-09T00:19:24.463">
  <concurrent-mark-start scanTarget="27081439" />
</concurrent-start>
<exclusive-end id="3535" timestamp="2019-08-09T00:19:24.464" durationms="55.318" />

<concurrent-end id="3536" type="GMP work packet processing" contextid="3528" timestamp="2019-08-09T00:19:24.549">
  <concurrent-mark-end bytesScanned="2202048" reasonForTermination="Completed all work in GC phase" />
</concurrent-end>

<exclusive-start id="3537" timestamp="2019-08-09T00:19:24.549" intervalms="140.893">
  <response-info timems="1.115" idlems="0.512" threads="3" lastid="0000000002317600" lastname="Thread-22" />
</exclusive-start>
<allocation-taxation id="3538" taxation-threshold="20971520" timestamp="2019-08-09T00:19:24.549" intervalms="140.900" />
<cycle-start id="3539" type="partial gc" contextid="0" timestamp="2019-08-09T00:19:24.549" intervalms="300.746" />
<gc-start id="3540" type="partial gc" contextid="3539" timestamp="2019-08-09T00:19:24.550">
  <mem-info id="3541" free="46137344" total="146800640" percent="31">
    <mem type="eden" free="0" total="41943040" percent="0" />
    <remembered-set count="125248" freebytes="5367808" totalbytes="5868800" percent="91" regionsoverflowed="0" regionsstable="0" regionsrebuilding="7"/>
  </mem-info>
</gc-start>
<allocation-stats totalBytes="41936736" >
  <allocated-bytes non-tlh="0" tlh="41936736" arrayletleaf="0"/>
  <largest-consumer threadName="Thread-28" threadId="00000000022E2B00" bytes="2682544" />
</allocation-stats>
<gc-op id="3542" type="copy forward" timems="107.982" contextid="3539" timestamp="2019-08-09T00:19:24.659">
  <memory-copied type="eden" objects="13813" bytes="474856" bytesdiscarded="51160" />
  <memory-copied type="other" objects="39131" bytes="2830288" bytesdiscarded="431696" />
  <memory-cardclean objects="40626" bytes="1983168" />
  <regions eden="20" other="5" />
  <remembered-set-cleared processed="109302" cleared="8312" durationms="0.833" />
  <references type="soft" candidates="15" cleared="0" enqueued="0" dynamicThreshold="14" maxThreshold="32" />
  <references type="weak" candidates="13" cleared="0" enqueued="0" />
  <references type="phantom" candidates="2" cleared="0" enqueued="0" />
  <stringconstants candidates="15172" cleared="0"  />
</gc-op>
<gc-op id="3543" type="classunload" timems="0.013" contextid="3539" timestamp="2019-08-09T00:19:24.659">
  <classunload-info classloadercandidates="55" classloadersunloaded="0" classesunloaded="0" anonymousclassesunloaded="0" quiescems="0.000" setupms="0.013" scanms="0.000" postms="0.000" />
</gc-op>
<gc-end id="3544" type="partial gc" contextid="3539" durationms="109.660" usertimems="101.386" systemtimems="60.863" timestamp="2019-08-09T00:19:24.659" activeThreads="16">
  <mem-info id="3545" free="88080384" total="146800640" percent="60">
    <mem type="eden" free="1571136" total="2097152" percent="74" />
    <remembered-set count="122048" freebytes="5380608" totalbytes="5868800" percent="91" regionsoverflowed="0" regionsstable="0" regionsrebuilding="7"/>
  </mem-info>
</gc-end>
<cycle-end id="3546" type="partial gc" contextid="3539" timestamp="2019-08-09T00:19:24.659" />
  <attribute name="elasticGC enabled" value="1" />
  <attribute name= "numThreadsSpecified" value="16" />
  <attribute name="heapSize specified" value="0" />
  <attribute name="Current GC Util" value="78" />
  <attribute name= "Current Time Running" value="174784" />
  <attribute name ="GC Interval" value="0" />
  <attribute name="Target GC Util Change" value ="80.000000" />
  <attribute name="Current GC Util Change" value="78.000000"/>
  <attribute name="Current Error" value="-146.000000" />
  <attribute name="Output H" value="146838400"/>
  <attribute name="Output I" value="1920"/>
  <attribute name="Output T" value="16"/>
  <attribute name= "Current Time Running" value="174784" />
  <attribute name="GC Util currently" value="78" />
  <attribute name="CPU Util currently" value="1219912943929" />
<exclusive-end id="3547" timestamp="2019-08-09T00:19:24.659" durationms="110.307" />

<exclusive-start id="3548" timestamp="2019-08-09T00:19:24.709" intervalms="159.766">
  <response-info timems="2.740" idlems="1.387" threads="1" lastid="00000000022E6700" lastname="Thread-36" />
</exclusive-start>
<allocation-taxation id="3549" taxation-threshold="20971520" timestamp="2019-08-09T00:19:24.709" intervalms="159.792" />
<gc-start id="3550" type="global mark phase" contextid="3528" timestamp="2019-08-09T00:19:24.709">
  <mem-info id="3551" free="67108864" total="146800640" percent="45">
    <remembered-set count="121696" freebytes="5382016" totalbytes="5868800" percent="91" regionsoverflowed="0" regionsstable="0" regionsrebuilding="7"/>
  </mem-info>
</gc-start>
<gc-op id="3552" type="mark increment" timems="70.919" contextid="3528" timestamp="2019-08-09T00:19:24.780">
  <trace-info objectcount="12440" scancount="12440" scanbytes="468116" />
  <cardclean-info objects="40556" bytes="2158588" />
  <finalization candidates="151" enqueued="0" />
  <ownableSynchronizers candidates="23" cleared="0" />
  <references type="soft" candidates="4777" cleared="22" enqueued="22" dynamicThreshold="19" maxThreshold="32" />
  <references type="weak" candidates="6256" cleared="0" enqueued="0" />
  <references type="phantom" candidates="835" cleared="0" enqueued="0" />
  <stringconstants candidates="15172" cleared="9"  />
</gc-op>
<gc-op id="3553" type="classunload" timems="0.016" contextid="3528" timestamp="2019-08-09T00:19:24.780">
  <classunload-info classloadercandidates="55" classloadersunloaded="0" classesunloaded="0" anonymousclassesunloaded="0" quiescems="0.000" setupms="0.015" scanms="0.000" postms="0.000" />
</gc-op>
<gc-end id="3554" type="global mark phase" contextid="3528" durationms="71.425" usertimems="70.999" systemtimems="50.417" timestamp="2019-08-09T00:19:24.781" activeThreads="16">
  <mem-info id="3555" free="67108864" total="146800640" percent="45">
    <pending-finalizers system="0" default="0" reference="22" classloader="0" />
    <remembered-set count="122720" freebytes="5377920" totalbytes="5868800" percent="91" regionsoverflowed="0" regionsstable="0" regionsrebuilding="0"/>
  </mem-info>
</gc-end>
<cycle-end id="3556" type="global mark phase" contextid="3528" timestamp="2019-08-09T00:19:24.781" />
  <attribute name="elasticGC enabled" value="1" />
  <attribute name= "numThreadsSpecified" value="16" />
  <attribute name="heapSize specified" value="0" />
  <attribute name="Current GC Util" value="74" />
  <attribute name= "Current Time Running" value="174983" />
  <attribute name ="GC Interval" value="0" />
  <attribute name="Target GC Util Change" value ="80.000000" />
  <attribute name="Current GC Util Change" value="74.000000"/>
  <attribute name="Current Error" value="-131.000000" />
  <attribute name="Output H" value="146838408"/>
  <attribute name="Output I" value="1928"/>
  <attribute name="Output T" value="16"/>
  <attribute name= "Current Time Running" value="174983" />
  <attribute name="GC Util currently" value="74" />
  <attribute name="CPU Util currently" value="157392687415" />
<exclusive-end id="3557" timestamp="2019-08-09T00:19:24.781" durationms="72.156" />

<exclusive-start id="3558" timestamp="2019-08-09T00:19:24.884" intervalms="174.753">
  <response-info timems="7.823" idlems="7.823" threads="0" lastid="00000000022E6700" lastname="Thread-36" />
</exclusive-start>
<allocation-taxation id="3559" taxation-threshold="20971520" timestamp="2019-08-09T00:19:24.884" intervalms="174.895" />
<cycle-start id="3560" type="partial gc" contextid="0" timestamp="2019-08-09T00:19:24.884" intervalms="334.708" />
<gc-start id="3561" type="partial gc" contextid="3560" timestamp="2019-08-09T00:19:24.884">
  <mem-info id="3562" free="46137344" total="146800640" percent="31">
    <mem type="eden" free="0" total="41943040" percent="0" />
    <remembered-set count="38624" freebytes="5714304" totalbytes="5868800" percent="97" regionsoverflowed="0" regionsstable="7" regionsrebuilding="0"/>
  </mem-info>
</gc-start>
<allocation-stats totalBytes="41936984" >
  <allocated-bytes non-tlh="0" tlh="41936984" arrayletleaf="0"/>
  <largest-consumer threadName="Thread-24" threadId="00000000022F5600" bytes="3202672" />
</allocation-stats>
<gc-op id="3563" type="sweep" timems="2.044" contextid="3560" timestamp="2019-08-09T00:19:24.886" />
<gc-op id="3564" type="copy forward" timems="45.988" contextid="3560" timestamp="2019-08-09T00:19:24.933">
  <memory-copied type="eden" objects="14085" bytes="618240" bytesdiscarded="44817" />
  <memory-copied type="other" objects="19770" bytes="770648" bytesdiscarded="37791" />
  <memory-cardclean objects="18287" bytes="914096" />
  <regions eden="10" other="12" />
  <remembered-set-cleared processed="30090" cleared="2104" durationms="0.674" />
  <stringconstants candidates="15163" cleared="0"  />
</gc-op>
<gc-op id="3565" type="classunload" timems="0.011" contextid="3560" timestamp="2019-08-09T00:19:24.933">
  <classunload-info classloadercandidates="55" classloadersunloaded="0" classesunloaded="0" anonymousclassesunloaded="0" quiescems="0.000" setupms="0.010" scanms="0.000" postms="0.000" />
</gc-op>
<heap-resize id="3566" type="expand" space="default" amount="6291456" count="1" timems="0.168" reason="excessive time being spent in gc" timestamp="2019-08-09T00:19:24.934" />
<gc-end id="3567" type="partial gc" contextid="3560" durationms="49.672" usertimems="34.606" systemtimems="31.621" timestamp="2019-08-09T00:19:24.934" activeThreads="16">
  <mem-info id="3568" free="92274688" total="153092096" percent="60">
    <mem type="eden" free="1086032" total="2097152" percent="51" />
    <remembered-set count="39680" freebytes="5961600" totalbytes="6120320" percent="97" regionsoverflowed="0" regionsstable="7" regionsrebuilding="0"/>
  </mem-info>
</gc-end>
<cycle-end id="3569" type="partial gc" contextid="3560" timestamp="2019-08-09T00:19:24.934" />
  <attribute name="elasticGC enabled" value="1" />
  <attribute name= "numThreadsSpecified" value="16" />
  <attribute name="heapSize specified" value="0" />
  <attribute name="Current GC Util" value="179" />
  <attribute name= "Current Time Running" value="175121" />
  <attribute name ="GC Interval" value="0" />
  <attribute name="Target GC Util Change" value ="80.000000" />
  <attribute name="Current GC Util Change" value="179.000000"/>
  <attribute name="Current Error" value="-96.000000" />
  <attribute name="Output H" value="146838432"/>
  <attribute name="Output I" value="1952"/>
  <attribute name="Output T" value="16"/>
  <attribute name= "Current Time Running" value="175121" />
  <attribute name="GC Util currently" value="179" />
  <attribute name="CPU Util currently" value="1649568584095" />
<exclusive-end id="3570" timestamp="2019-08-09T00:19:24.935" durationms="50.924" />

<exclusive-start id="3571" timestamp="2019-08-09T00:19:25.091" intervalms="207.225">
  <response-info timems="3.879" idlems="3.879" threads="0" lastid="00000000022E6700" lastname="Thread-36" />
</exclusive-start>
<allocation-taxation id="3572" taxation-threshold="46137344" timestamp="2019-08-09T00:19:25.091" intervalms="207.065" />
<cycle-start id="3573" type="partial gc" contextid="0" timestamp="2019-08-09T00:19:25.091" intervalms="207.279" />
<gc-start id="3574" type="partial gc" contextid="3573" timestamp="2019-08-09T00:19:25.092">
  <mem-info id="3575" free="46137344" total="153092096" percent="30">
    <mem type="eden" free="0" total="46137344" percent="0" />
    <remembered-set count="39584" freebytes="5961984" totalbytes="6120320" percent="97" regionsoverflowed="0" regionsstable="7" regionsrebuilding="0"/>
  </mem-info>
</gc-start>
<allocation-stats totalBytes="46130248" >
  <allocated-bytes non-tlh="0" tlh="46130248" arrayletleaf="0"/>
  <largest-consumer threadName="Thread-31" threadId="0000000002322A00" bytes="5483768" />
</allocation-stats>
<gc-op id="3576" type="copy forward" timems="33.718" contextid="3573" timestamp="2019-08-09T00:19:25.127">
  <memory-copied type="eden" objects="5927" bytes="148504" bytesdiscarded="18368" />
  <memory-copied type="other" objects="38485" bytes="2952160" bytesdiscarded="249672" />
  <memory-cardclean objects="32409" bytes="1589208" />
  <regions eden="22" other="4" />
  <remembered-set-cleared processed="27294" cleared="7496" durationms="0.785" />
  <references type="soft" candidates="15" cleared="0" enqueued="0" dynamicThreshold="19" maxThreshold="32" />
  <references type="weak" candidates="13" cleared="0" enqueued="0" />
  <references type="phantom" candidates="2" cleared="0" enqueued="0" />
  <stringconstants candidates="15163" cleared="0"  />
</gc-op>
<gc-op id="3577" type="classunload" timems="0.014" contextid="3573" timestamp="2019-08-09T00:19:25.127">
  <classunload-info classloadercandidates="55" classloadersunloaded="0" classesunloaded="0" anonymousclassesunloaded="0" quiescems="0.000" setupms="0.014" scanms="0.000" postms="0.000" />
</gc-op>
<heap-resize id="3578" type="expand" space="default" amount="4194304" count="1" timems="0.074" reason="excessive time being spent in gc" timestamp="2019-08-09T00:19:25.127" />
<gc-end id="3579" type="partial gc" contextid="3573" durationms="35.684" usertimems="54.695" systemtimems="13.004" timestamp="2019-08-09T00:19:25.127" activeThreads="16">
  <mem-info id="3580" free="94371840" total="157286400" percent="60">
    <mem type="eden" free="1930280" total="2097152" percent="92" />
    <remembered-set count="39264" freebytes="6130944" totalbytes="6288000" percent="97" regionsoverflowed="0" regionsstable="7" regionsrebuilding="0"/>
  </mem-info>
</gc-end>
<cycle-end id="3581" type="partial gc" contextid="3573" timestamp="2019-08-09T00:19:25.127" />
  <attribute name="elasticGC enabled" value="1" />
  <attribute name= "numThreadsSpecified" value="16" />
  <attribute name="heapSize specified" value="0" />
  <attribute name="Current GC Util" value="126" />
  <attribute name= "Current Time Running" value="175326" />
  <attribute name ="GC Interval" value="0" />
  <attribute name="Target GC Util Change" value ="80.000000" />
  <attribute name="Current GC Util Change" value="126.000000"/>
  <attribute name="Current Error" value="-86.000000" />
  <attribute name="Output H" value="153129888"/>
  <attribute name="Output I" value="1952"/>
  <attribute name="Output T" value="16"/>
  <attribute name= "Current Time Running" value="175326" />
  <attribute name="GC Util currently" value="126" />
  <attribute name="CPU Util currently" value="1191641428041" />
<exclusive-end id="3582" timestamp="2019-08-09T00:19:25.128" durationms="36.609" />

<exclusive-start id="3583" timestamp="2019-08-09T00:19:25.325" intervalms="234.399">
  <response-info timems="5.404" idlems="5.404" threads="0" lastid="000000000230FE00" lastname="Thread-26" />
</exclusive-start>
<allocation-taxation id="3584" taxation-threshold="46137344" timestamp="2019-08-09T00:19:25.325" intervalms="234.403" />
<cycle-start id="3585" type="partial gc" contextid="0" timestamp="2019-08-09T00:19:25.325" intervalms="234.236" />
<gc-start id="3586" type="partial gc" contextid="3585" timestamp="2019-08-09T00:19:25.326">
  <mem-info id="3587" free="48234496" total="157286400" percent="30">
    <mem type="eden" free="0" total="46137344" percent="0" />
    <remembered-set count="38848" freebytes="6132608" totalbytes="6288000" percent="97" regionsoverflowed="0" regionsstable="7" regionsrebuilding="0"/>
  </mem-info>
</gc-start>
<allocation-stats totalBytes="46130168" >
  <allocated-bytes non-tlh="0" tlh="46130168" arrayletleaf="0"/>
  <largest-consumer threadName="Thread-36" threadId="00000000022E6700" bytes="4713800" />
</allocation-stats>
<gc-op id="3588" type="copy forward" timems="42.216" contextid="3585" timestamp="2019-08-09T00:19:25.370">
  <memory-copied type="eden" objects="5273" bytes="132144" bytesdiscarded="7896" />
  <memory-copied type="other" objects="6235" bytes="149640" bytesdiscarded="9128" />
  <memory-cardclean objects="21516" bytes="1095576" />
  <regions eden="22" other="2" />
  <remembered-set-cleared processed="29302" cleared="4141" durationms="0.454" />
  <stringconstants candidates="15163" cleared="0"  />
</gc-op>
<gc-op id="3589" type="classunload" timems="0.011" contextid="3585" timestamp="2019-08-09T00:19:25.370">
  <classunload-info classloadercandidates="55" classloadersunloaded="0" classesunloaded="0" anonymousclassesunloaded="0" quiescems="0.000" setupms="0.010" scanms="0.000" postms="0.000" />
</gc-op>
<heap-resize id="3590" type="expand" space="default" amount="10485760" count="1" timems="0.075" reason="excessive time being spent in gc" timestamp="2019-08-09T00:19:25.371" />
<gc-end id="3591" type="partial gc" contextid="3585" durationms="45.240" usertimems="71.848" systemtimems="35.121" timestamp="2019-08-09T00:19:25.371" activeThreads="16">
  <mem-info id="3592" free="100663296" total="167772160" percent="60">
    <mem type="eden" free="4054264" total="4194304" percent="96" />
    <remembered-set count="37920" freebytes="6555520" totalbytes="6707200" percent="97" regionsoverflowed="0" regionsstable="7" regionsrebuilding="0"/>
  </mem-info>
</gc-end>
<cycle-end id="3593" type="partial gc" contextid="3585" timestamp="2019-08-09T00:19:25.371" />
  <attribute name="elasticGC enabled" value="1" />
  <attribute name= "numThreadsSpecified" value="16" />
  <attribute name="heapSize specified" value="0" />
  <attribute name="Current GC Util" value="44" />
  <attribute name= "Current Time Running" value="175561" />
  <attribute name ="GC Interval" value="0" />
  <attribute name="Target GC Util Change" value ="80.000000" />
  <attribute name="Current GC Util Change" value="44.000000"/>
  <attribute name="Current Error" value="36.000000" />
  <attribute name="Output H" value="157324264"/>
  <attribute name="Output I" value="2024"/>
  <attribute name="Output T" value="16"/>
  <attribute name= "Current Time Running" value="175561" />
  <attribute name="GC Util currently" value="44" />
  <attribute name="CPU Util currently" value="568426570274" />
<exclusive-end id="3594" timestamp="2019-08-09T00:19:25.371" durationms="46.142" />

<exclusive-start id="3595" timestamp="2019-08-09T00:19:25.546" intervalms="220.321">
  <response-info timems="6.743" idlems="6.743" threads="0" lastid="00000000022DEF00" lastname="Thread-34" />
</exclusive-start>
<allocation-taxation id="3596" taxation-threshold="48234496" timestamp="2019-08-09T00:19:25.546" intervalms="220.781" />
<cycle-start id="3597" type="partial gc" contextid="0" timestamp="2019-08-09T00:19:25.546" intervalms="220.898" />
<gc-start id="3598" type="partial gc" contextid="3597" timestamp="2019-08-09T00:19:25.547">
  <mem-info id="3599" free="52428800" total="167772160" percent="31">
    <mem type="eden" free="0" total="48234496" percent="0" />
    <remembered-set count="37760" freebytes="6556160" totalbytes="6707200" percent="97" regionsoverflowed="0" regionsstable="7" regionsrebuilding="0"/>
  </mem-info>
</gc-start>
<allocation-stats totalBytes="48226944" >
  <allocated-bytes non-tlh="0" tlh="48226944" arrayletleaf="0"/>
  <largest-consumer threadName="Thread-36" threadId="00000000022E6700" bytes="5287144" />
</allocation-stats>
<gc-op id="3600" type="copy forward" timems="34.834" contextid="3597" timestamp="2019-08-09T00:19:25.584">
  <memory-copied type="eden" objects="16239" bytes="669840" bytesdiscarded="80656" />
  <memory-copied type="other" objects="5643" bytes="135432" bytesdiscarded="7448" />
  <memory-cardclean objects="19831" bytes="964944" />
  <regions eden="23" other="3" />
  <remembered-set-cleared processed="30152" cleared="3765" durationms="0.234" />
  <stringconstants candidates="15163" cleared="0"  />
</gc-op>
<gc-op id="3601" type="classunload" timems="0.011" contextid="3597" timestamp="2019-08-09T00:19:25.584">
  <classunload-info classloadercandidates="55" classloadersunloaded="0" classesunloaded="0" anonymousclassesunloaded="0" quiescems="0.000" setupms="0.011" scanms="0.000" postms="0.000" />
</gc-op>
<gc-end id="3602" type="partial gc" contextid="3597" durationms="37.830" usertimems="46.397" systemtimems="25.254" timestamp="2019-08-09T00:19:25.584" activeThreads="16">
  <mem-info id="3603" free="100663296" total="167772160" percent="60">
    <mem type="eden" free="1346656" total="2097152" percent="64" />
    <remembered-set count="39008" freebytes="6551168" totalbytes="6707200" percent="97" regionsoverflowed="0" regionsstable="7" regionsrebuilding="0"/>
  </mem-info>
</gc-end>
<cycle-end id="3604" type="partial gc" contextid="3597" timestamp="2019-08-09T00:19:25.585" />
  <attribute name="elasticGC enabled" value="1" />
  <attribute name= "numThreadsSpecified" value="16" />
  <attribute name="heapSize specified" value="0" />
  <attribute name="Current GC Util" value="29" />
  <attribute name= "Current Time Running" value="175783" />
  <attribute name ="GC Interval" value="0" />
  <attribute name="Target GC Util Change" value ="80.000000" />
  <attribute name="Current GC Util Change" value="29.000000"/>
  <attribute name="Current Error" value="140.000000" />
  <attribute name="Output H" value="167810080"/>
  <attribute name="Output I" value="2080"/>
  <attribute name="Output T" value="16"/>
  <attribute name= "Current Time Running" value="175783" />
  <attribute name="GC Util currently" value="29" />
  <attribute name="CPU Util currently" value="523652217870" />
<exclusive-end id="3605" timestamp="2019-08-09T00:19:25.585" durationms="39.267" />

<exclusive-start id="3606" timestamp="2019-08-09T00:19:25.749" intervalms="203.160">
  <response-info timems="0.796" idlems="0.287" threads="3" lastid="00000000022E2B00" lastname="Thread-28" />
</exclusive-start>
<allocation-taxation id="3607" taxation-threshold="48234496" timestamp="2019-08-09T00:19:25.749" intervalms="202.695" />
<cycle-start id="3608" type="partial gc" contextid="0" timestamp="2019-08-09T00:19:25.749" intervalms="202.581" />
<gc-start id="3609" type="partial gc" contextid="3608" timestamp="2019-08-09T00:19:25.755">
  <mem-info id="3610" free="52428800" total="167772160" percent="31">
    <mem type="eden" free="0" total="48234496" percent="0" />
    <remembered-set count="34656" freebytes="6568576" totalbytes="6707200" percent="97" regionsoverflowed="0" regionsstable="8" regionsrebuilding="0"/>
  </mem-info>
</gc-start>
<allocation-stats totalBytes="48227008" >
  <allocated-bytes non-tlh="0" tlh="48227008" arrayletleaf="0"/>
  <largest-consumer threadName="Thread-24" threadId="00000000022F5600" bytes="5205272" />
</allocation-stats>
<gc-op id="3611" type="copy forward" timems="37.624" contextid="3608" timestamp="2019-08-09T00:19:25.824">
  <memory-copied type="eden" objects="4796" bytes="120656" bytesdiscarded="44136" />
  <memory-copied type="other" objects="16796" bytes="1726408" bytesdiscarded="57864" />
  <memory-cardclean objects="19641" bytes="955800" />
  <regions eden="23" other="3" />
  <remembered-set-cleared processed="27322" cleared="2576" durationms="0.229" />
  <stringconstants candidates="15163" cleared="0"  />
</gc-op>
<gc-op id="3612" type="classunload" timems="0.011" contextid="3608" timestamp="2019-08-09T00:19:25.824">
  <classunload-info classloadercandidates="55" classloadersunloaded="0" classesunloaded="0" anonymousclassesunloaded="0" quiescems="0.000" setupms="0.011" scanms="0.000" postms="0.000" />
</gc-op>
<gc-end id="3613" type="partial gc" contextid="3608" durationms="68.814" usertimems="59.454" systemtimems="61.528" timestamp="2019-08-09T00:19:25.824" activeThreads="16">
  <mem-info id="3614" free="100663296" total="167772160" percent="60">
    <mem type="eden" free="1932360" total="2097152" percent="92" />
    <remembered-set count="39392" freebytes="6549632" totalbytes="6707200" percent="97" regionsoverflowed="0" regionsstable="8" regionsrebuilding="0"/>
  </mem-info>
</gc-end>
<cycle-end id="3615" type="partial gc" contextid="3608" timestamp="2019-08-09T00:19:25.824" />
  <attribute name="elasticGC enabled" value="1" />
  <attribute name= "numThreadsSpecified" value="16" />
  <attribute name="heapSize specified" value="0" />
  <attribute name="Current GC Util" value="3" />
  <attribute name= "Current Time Running" value="176019" />
  <attribute name ="GC Interval" value="0" />
  <attribute name="Target GC Util Change" value ="80.000000" />
  <attribute name="Current GC Util Change" value="3.000000"/>
  <attribute name="Current Error" value="277.000000" />
  <attribute name="Output H" value="167810160"/>
  <attribute name="Output I" value="2160"/>
  <attribute name="Output T" value="16"/>
  <attribute name= "Current Time Running" value="176019" />
  <attribute name="GC Util currently" value="3" />
  <attribute name="CPU Util currently" value="51569631750" />
<exclusive-end id="3616" timestamp="2019-08-09T00:19:25.824" durationms="75.506" />

<exclusive-start id="3617" timestamp="2019-08-09T00:19:25.950" intervalms="201.574">
  <response-info timems="6.944" idlems="3.473" threads="1" lastid="0000000002322A00" lastname="Thread-31" />
</exclusive-start>
<allocation-taxation id="3618" taxation-threshold="48234496" timestamp="2019-08-09T00:19:25.951" intervalms="201.698" />
<cycle-start id="3619" type="partial gc" contextid="0" timestamp="2019-08-09T00:19:25.955" intervalms="205.903" />
<gc-start id="3620" type="partial gc" contextid="3619" timestamp="2019-08-09T00:19:25.955">
  <mem-info id="3621" free="52428800" total="167772160" percent="31">
    <mem type="eden" free="0" total="48234496" percent="0" />
    <remembered-set count="38912" freebytes="6551552" totalbytes="6707200" percent="97" regionsoverflowed="0" regionsstable="8" regionsrebuilding="0"/>
  </mem-info>
</gc-start>
<allocation-stats totalBytes="48227064" >
  <allocated-bytes non-tlh="0" tlh="48227064" arrayletleaf="0"/>
  <largest-consumer threadName="Thread-30" threadId="000000000231EE00" bytes="5635256" />
</allocation-stats>
<gc-op id="3622" type="copy forward" timems="67.381" contextid="3619" timestamp="2019-08-09T00:19:26.032">
  <memory-copied type="eden" objects="32154" bytes="1325712" bytesdiscarded="71264" />
  <memory-copied type="other" objects="16741" bytes="1809448" bytesdiscarded="268376" />
  <memory-cardclean objects="21156" bytes="1078040" />
  <regions eden="23" other="4" />
  <remembered-set-cleared processed="27993" cleared="3641" durationms="0.550" />
  <finalization candidates="71" enqueued="0" />
  <ownableSynchronizers candidates="2" cleared="0" />
  <references type="soft" candidates="37" cleared="0" enqueued="0" dynamicThreshold="19" maxThreshold="32" />
  <references type="weak" candidates="486" cleared="0" enqueued="0" />
  <references type="phantom" candidates="735" cleared="0" enqueued="0" />
  <stringconstants candidates="15163" cleared="0"  />
</gc-op>
<gc-op id="3623" type="classunload" timems="0.011" contextid="3619" timestamp="2019-08-09T00:19:26.032">
  <classunload-info classloadercandidates="55" classloadersunloaded="0" classesunloaded="0" anonymousclassesunloaded="0" quiescems="0.000" setupms="0.011" scanms="0.000" postms="0.000" />
</gc-op>
<gc-end id="3624" type="partial gc" contextid="3619" durationms="77.096" usertimems="65.370" systemtimems="63.705" timestamp="2019-08-09T00:19:26.032" activeThreads="16">
  <mem-info id="3625" free="100663296" total="167772160" percent="60">
    <mem type="eden" free="700176" total="2097152" percent="33" />
    <remembered-set count="38080" freebytes="6554880" totalbytes="6707200" percent="97" regionsoverflowed="0" regionsstable="8" regionsrebuilding="0"/>
  </mem-info>
</gc-end>
<cycle-end id="3626" type="partial gc" contextid="3619" timestamp="2019-08-09T00:19:26.032" />
  <attribute name="elasticGC enabled" value="1" />
  <attribute name= "numThreadsSpecified" value="16" />
  <attribute name="heapSize specified" value="0" />
  <attribute name="Current GC Util" value="152" />
  <attribute name= "Current Time Running" value="176198" />
  <attribute name ="GC Interval" value="0" />
  <attribute name="Target GC Util Change" value ="80.000000" />
  <attribute name="Current GC Util Change" value="152.000000"/>
  <attribute name="Current Error" value="-72.000000" />
  <attribute name="Output H" value="167809960"/>
  <attribute name="Output I" value="1960"/>
  <attribute name="Output T" value="16"/>
  <attribute name= "Current Time Running" value="176198" />
  <attribute name="GC Util currently" value="152" />
  <attribute name="CPU Util currently" value="135390940893" />
<exclusive-end id="3627" timestamp="2019-08-09T00:19:26.032" durationms="82.075" />

<exclusive-start id="3628" timestamp="2019-08-09T00:19:26.206" intervalms="256.041">
  <response-info timems="7.753" idlems="7.753" threads="0" lastid="0000000002308200" lastname="Thread-27" />
</exclusive-start>
<allocation-taxation id="3629" taxation-threshold="48234496" timestamp="2019-08-09T00:19:26.207" intervalms="255.960" />
<cycle-start id="3630" type="partial gc" contextid="0" timestamp="2019-08-09T00:19:26.207" intervalms="251.839" />
<gc-start id="3631" type="partial gc" contextid="3630" timestamp="2019-08-09T00:19:26.207">
  <mem-info id="3632" free="52428800" total="167772160" percent="31">
    <mem type="eden" free="0" total="48234496" percent="0" />
    <remembered-set count="37792" freebytes="6556032" totalbytes="6707200" percent="97" regionsoverflowed="0" regionsstable="8" regionsrebuilding="0"/>
  </mem-info>
</gc-start>
<allocation-stats totalBytes="48227472" >
  <allocated-bytes non-tlh="0" tlh="48227472" arrayletleaf="0"/>
  <largest-consumer threadName="Thread-32" threadId="00000000022F9200" bytes="5618896" />
</allocation-stats>
<gc-op id="3633" type="copy forward" timems="36.616" contextid="3630" timestamp="2019-08-09T00:19:26.245">
  <memory-copied type="eden" objects="21152" bytes="788696" bytesdiscarded="41920" />
  <memory-copied type="other" objects="33167" bytes="1345512" bytesdiscarded="85064" />
  <memory-cardclean objects="17745" bytes="881160" />
  <regions eden="23" other="2" />
  <remembered-set-cleared processed="28906" cleared="2232" durationms="0.231" />
  <stringconstants candidates="15163" cleared="0"  />
</gc-op>
<gc-op id="3634" type="classunload" timems="0.016" contextid="3630" timestamp="2019-08-09T00:19:26.245">
  <classunload-info classloadercandidates="55" classloadersunloaded="0" classesunloaded="0" anonymousclassesunloaded="0" quiescems="0.000" setupms="0.015" scanms="0.000" postms="0.000" />
</gc-op>
<heap-resize id="3635" type="expand" space="default" amount="6291456" count="1" timems="0.064" reason="excessive time being spent in gc" timestamp="2019-08-09T00:19:26.246" />
<gc-end id="3636" type="partial gc" contextid="3630" durationms="38.405" usertimems="19.389" systemtimems="28.329" timestamp="2019-08-09T00:19:26.246" activeThreads="16">
  <mem-info id="3637" free="104857600" total="174063616" percent="60">
    <mem type="eden" free="1266536" total="2097152" percent="60" />
    <remembered-set count="39488" freebytes="6800768" totalbytes="6958720" percent="97" regionsoverflowed="0" regionsstable="8" regionsrebuilding="0"/>
  </mem-info>
</gc-end>
<cycle-end id="3638" type="partial gc" contextid="3630" timestamp="2019-08-09T00:19:26.246" />
  <attribute name="elasticGC enabled" value="1" />
  <attribute name= "numThreadsSpecified" value="16" />
  <attribute name="heapSize specified" value="0" />
  <attribute name="Current GC Util" value="143" />
  <attribute name= "Current Time Running" value="176442" />
  <attribute name ="GC Interval" value="0" />
  <attribute name="Target GC Util Change" value ="80.000000" />
  <attribute name="Current GC Util Change" value="143.000000"/>
  <attribute name="Current Error" value="-98.000000" />
  <attribute name="Output H" value="167809944"/>
  <attribute name="Output I" value="1944"/>
  <attribute name="Output T" value="16"/>
  <attribute name= "Current Time Running" value="176442" />
  <attribute name="GC Util currently" value="143" />
  <attribute name="CPU Util currently" value="1033457829707" />
<exclusive-end id="3639" timestamp="2019-08-09T00:19:26.246" durationms="39.402" />

<exclusive-start id="3640" timestamp="2019-08-09T00:19:26.447" intervalms="240.325">
  <response-info timems="2.250" idlems="1.198" threads="1" lastid="00000000022DEF00" lastname="Thread-34" />
</exclusive-start>
<allocation-taxation id="3641" taxation-threshold="50331648" timestamp="2019-08-09T00:19:26.447" intervalms="240.895" />
<cycle-start id="3642" type="partial gc" contextid="0" timestamp="2019-08-09T00:19:26.448" intervalms="240.871" />
<gc-start id="3643" type="partial gc" contextid="3642" timestamp="2019-08-09T00:19:26.448">
  <mem-info id="3644" free="54525952" total="174063616" percent="31">
    <mem type="eden" free="0" total="50331648" percent="0" />
    <remembered-set count="39072" freebytes="6802432" totalbytes="6958720" percent="97" regionsoverflowed="0" regionsstable="8" regionsrebuilding="0"/>
  </mem-info>
</gc-start>
<allocation-stats totalBytes="50324072" >
  <allocated-bytes non-tlh="0" tlh="50324072" arrayletleaf="0"/>
  <largest-consumer threadName="Thread-32" threadId="00000000022F9200" bytes="5447008" />
</allocation-stats>
<gc-op id="3645" type="copy forward" timems="93.431" contextid="3642" timestamp="2019-08-09T00:19:26.544">
  <memory-copied type="eden" objects="8193" bytes="201320" bytesdiscarded="13320" />
  <memory-copied type="other" objects="22325" bytes="810552" bytesdiscarded="37168" />
  <memory-cardclean objects="27153" bytes="1404504" />
  <regions eden="24" other="2" />
  <remembered-set-cleared processed="29897" cleared="1849" durationms="5.241" />
  <stringconstants candidates="15163" cleared="0"  />
</gc-op>
<gc-op id="3646" type="classunload" timems="0.011" contextid="3642" timestamp="2019-08-09T00:19:26.544">
  <classunload-info classloadercandidates="55" classloadersunloaded="0" classesunloaded="0" anonymousclassesunloaded="0" quiescems="0.000" setupms="0.011" scanms="0.000" postms="0.000" />
</gc-op>
<heap-resize id="3647" type="expand" space="default" amount="4194304" count="1" timems="0.060" reason="excessive time being spent in gc" timestamp="2019-08-09T00:19:26.544" />
<gc-end id="3648" type="partial gc" contextid="3642" durationms="95.843" usertimems="46.637" systemtimems="53.485" timestamp="2019-08-09T00:19:26.544" activeThreads="16">
  <mem-info id="3649" free="106954752" total="178257920" percent="60">
    <mem type="eden" free="1882512" total="2097152" percent="89" />
    <remembered-set count="41024" freebytes="6962304" totalbytes="7126400" percent="97" regionsoverflowed="0" regionsstable="8" regionsrebuilding="0"/>
  </mem-info>
</gc-end>
<cycle-end id="3650" type="partial gc" contextid="3642" timestamp="2019-08-09T00:19:26.544" />
  <attribute name="elasticGC enabled" value="1" />
  <attribute name= "numThreadsSpecified" value="16" />
  <attribute name="heapSize specified" value="0" />
  <attribute name="Current GC Util" value="77" />
  <attribute name= "Current Time Running" value="176683" />
  <attribute name ="GC Interval" value="0" />
  <attribute name="Target GC Util Change" value ="80.000000" />
  <attribute name="Current GC Util Change" value="77.000000"/>
  <attribute name="Current Error" value="-34.000000" />
  <attribute name="Output H" value="174101440"/>
  <attribute name="Output I" value="1984"/>
  <attribute name="Output T" value="16"/>
  <attribute name= "Current Time Running" value="176683" />
  <attribute name="GC Util currently" value="77" />
  <attribute name="CPU Util currently" value="753277057346" />
<exclusive-end id="3651" timestamp="2019-08-09T00:19:26.544" durationms="97.577" />

<exclusive-start id="3652" timestamp="2019-08-09T00:19:26.699" intervalms="252.606">
  <response-info timems="10.867" idlems="10.867" threads="0" lastid="0000000002308200" lastname="Thread-27" />
</exclusive-start>
<allocation-taxation id="3653" taxation-threshold="52428800" timestamp="2019-08-09T00:19:26.699" intervalms="251.981" />
<cycle-start id="3654" type="partial gc" contextid="0" timestamp="2019-08-09T00:19:26.700" intervalms="252.414" />
<gc-start id="3655" type="partial gc" contextid="3654" timestamp="2019-08-09T00:19:26.700">
  <mem-info id="3656" free="54525952" total="178257920" percent="30">
    <mem type="eden" free="0" total="52428800" percent="0" />
    <remembered-set count="40896" freebytes="6962816" totalbytes="7126400" percent="97" regionsoverflowed="0" regionsstable="8" regionsrebuilding="0"/>
  </mem-info>
</gc-start>
<allocation-stats totalBytes="52420856" >
  <allocated-bytes non-tlh="0" tlh="52420856" arrayletleaf="0"/>
  <largest-consumer threadName="Thread-32" threadId="00000000022F9200" bytes="5279144" />
</allocation-stats>
<gc-op id="3657" type="copy forward" timems="144.356" contextid="3654" timestamp="2019-08-09T00:19:26.846">
  <memory-copied type="eden" objects="17856" bytes="709488" bytesdiscarded="45320" />
  <memory-copied type="other" objects="7283" bytes="174792" bytesdiscarded="13576" />
  <memory-cardclean objects="18515" bytes="940632" />
  <regions eden="25" other="2" />
  <remembered-set-cleared processed="31985" cleared="2806" durationms="0.260" />
  <stringconstants candidates="15163" cleared="0"  />
</gc-op>
<gc-op id="3658" type="classunload" timems="0.014" contextid="3654" timestamp="2019-08-09T00:19:26.846">
  <classunload-info classloadercandidates="55" classloadersunloaded="0" classesunloaded="0" anonymousclassesunloaded="0" quiescems="0.000" setupms="0.013" scanms="0.000" postms="0.000" />
</gc-op>
<gc-end id="3659" type="partial gc" contextid="3654" durationms="145.943" usertimems="63.410" systemtimems="96.703" timestamp="2019-08-09T00:19:26.846" activeThreads="16">
  <mem-info id="3660" free="106954752" total="178257920" percent="60">
    <mem type="eden" free="1342344" total="2097152" percent="64" />
    <remembered-set count="40128" freebytes="6965888" totalbytes="7126400" percent="97" regionsoverflowed="0" regionsstable="8" regionsrebuilding="0"/>
  </mem-info>
</gc-end>
<cycle-end id="3661" type="partial gc" contextid="3654" timestamp="2019-08-09T00:19:26.846" />
  <attribute name="elasticGC enabled" value="1" />
  <attribute name= "numThreadsSpecified" value="16" />
  <attribute name="heapSize specified" value="0" />
  <attribute name="Current GC Util" value="122" />
  <attribute name= "Current Time Running" value="176935" />
  <attribute name ="GC Interval" value="0" />
  <attribute name="Target GC Util Change" value ="80.000000" />
  <attribute name="Current GC Util Change" value="122.000000"/>
  <attribute name="Current Error" value="-42.000000" />
  <attribute name="Output H" value="178295736"/>
  <attribute name="Output I" value="1976"/>
  <attribute name="Output T" value="16"/>
  <attribute name= "Current Time Running" value="176935" />
  <attribute name="GC Util currently" value="122" />
  <attribute name="CPU Util currently" value="1204157100532" />
<exclusive-end id="3662" timestamp="2019-08-09T00:19:26.846" durationms="147.059" />

<exclusive-start id="3663" timestamp="2019-08-09T00:19:27.031" intervalms="331.925">
  <response-info timems="3.140" idlems="3.140" threads="0" lastid="0000000002339100" lastname="Thread-21" />
</exclusive-start>
<allocation-taxation id="3664" taxation-threshold="52428800" timestamp="2019-08-09T00:19:27.031" intervalms="331.916" />
<cycle-start id="3665" type="partial gc" contextid="0" timestamp="2019-08-09T00:19:27.032" intervalms="331.666" />
<gc-start id="3666" type="partial gc" contextid="3665" timestamp="2019-08-09T00:19:27.032">
  <mem-info id="3667" free="54525952" total="178257920" percent="30">
    <mem type="eden" free="0" total="52428800" percent="0" />
    <remembered-set count="40128" freebytes="6965888" totalbytes="7126400" percent="97" regionsoverflowed="0" regionsstable="8" regionsrebuilding="0"/>
  </mem-info>
</gc-start>
<allocation-stats totalBytes="52421008" >
  <allocated-bytes non-tlh="0" tlh="52421008" arrayletleaf="0"/>
  <largest-consumer threadName="Thread-32" threadId="00000000022F9200" bytes="5573864" />
</allocation-stats>
<gc-op id="3668" type="copy forward" timems="52.742" contextid="3665" timestamp="2019-08-09T00:19:27.087">
  <memory-copied type="eden" objects="12184" bytes="435560" bytesdiscarded="46800" />
  <memory-copied type="other" objects="18044" bytes="707808" bytesdiscarded="70064" />
  <memory-cardclean objects="18249" bytes="889464" />
  <regions eden="25" other="2" />
  <remembered-set-cleared processed="31706" cleared="3300" durationms="0.297" />
  <stringconstants candidates="15163" cleared="0"  />
</gc-op>
<gc-op id="3669" type="classunload" timems="0.012" contextid="3665" timestamp="2019-08-09T00:19:27.087">
  <classunload-info classloadercandidates="55" classloadersunloaded="0" classesunloaded="0" anonymousclassesunloaded="0" quiescems="0.000" setupms="0.012" scanms="0.000" postms="0.000" />
</gc-op>
<heap-resize id="3670" type="expand" space="default" amount="6291456" count="1" timems="0.067" reason="excessive time being spent in gc" timestamp="2019-08-09T00:19:27.087" />
<gc-end id="3671" type="partial gc" contextid="3665" durationms="55.017" usertimems="52.953" systemtimems="33.745" timestamp="2019-08-09T00:19:27.087" activeThreads="8">
  <mem-info id="3672" free="111149056" total="184549376" percent="60">
    <mem type="eden" free="1614792" total="2097152" percent="76" />
    <remembered-set count="41376" freebytes="7212416" totalbytes="7377920" percent="97" regionsoverflowed="0" regionsstable="8" regionsrebuilding="0"/>
  </mem-info>
</gc-end>
<cycle-end id="3673" type="partial gc" contextid="3665" timestamp="2019-08-09T00:19:27.087" />
  <attribute name="elasticGC enabled" value="1" />
  <attribute name= "numThreadsSpecified" value="8" />
  <attribute name="heapSize specified" value="0" />
  <attribute name="Current GC Util" value="80" />
  <attribute name= "Current Time Running" value="177267" />
  <attribute name ="GC Interval" value="0" />
  <attribute name="Target GC Util Change" value ="80.000000" />
  <attribute name="Current GC Util Change" value="80.000000"/>
  <attribute name="Current Error" value="-10.000000" />
  <attribute name="Output H" value="178295760"/>
  <attribute name="Output I" value="2000"/>
  <attribute name="Output T" value="8"/>
  <attribute name= "Current Time Running" value="177267" />
  <attribute name="GC Util currently" value="80" />
  <attribute name="CPU Util currently" value="732669513021" />
<exclusive-end id="3674" timestamp="2019-08-09T00:19:27.088" durationms="56.363" />

<exclusive-start id="3675" timestamp="2019-08-09T00:19:27.330" intervalms="298.503">
  <response-info timems="17.050" idlems="17.050" threads="0" lastid="00000000022F1B00" lastname="Thread-25" />
</exclusive-start>
<allocation-taxation id="3676" taxation-threshold="52428800" timestamp="2019-08-09T00:19:27.332" intervalms="300.652" />
<cycle-start id="3677" type="partial gc" contextid="0" timestamp="2019-08-09T00:19:27.361" intervalms="329.796" />
<gc-start id="3678" type="partial gc" contextid="3677" timestamp="2019-08-09T00:19:27.362">
  <mem-info id="3679" free="58720256" total="184549376" percent="31">
    <mem type="eden" free="0" total="52428800" percent="0" />
    <remembered-set count="41024" freebytes="7213824" totalbytes="7377920" percent="97" regionsoverflowed="0" regionsstable="8" regionsrebuilding="0"/>
  </mem-info>
</gc-start>
<allocation-stats totalBytes="52419576" >
  <allocated-bytes non-tlh="0" tlh="52419576" arrayletleaf="0"/>
  <largest-consumer threadName="Thread-31" threadId="0000000002322A00" bytes="6024224" />
</allocation-stats>
<gc-op id="3680" type="copy forward" timems="103.338" contextid="3677" timestamp="2019-08-09T00:19:27.470">
  <memory-copied type="eden" objects="14735" bytes="496496" bytesdiscarded="50752" />
  <memory-copied type="other" objects="21788" bytes="797664" bytesdiscarded="59080" />
  <memory-cardclean objects="26171" bytes="1322640" />
  <regions eden="25" other="2" />
  <remembered-set-cleared processed="30856" cleared="2893" durationms="0.275" />
  <stringconstants candidates="15163" cleared="0"  />
</gc-op>
<gc-op id="3681" type="classunload" timems="0.016" contextid="3677" timestamp="2019-08-09T00:19:27.470">
  <classunload-info classloadercandidates="55" classloadersunloaded="0" classesunloaded="0" anonymousclassesunloaded="0" quiescems="0.000" setupms="0.015" scanms="0.000" postms="0.000" />
</gc-op>
<heap-resize id="3682" type="expand" space="default" amount="10485760" count="1" timems="0.082" reason="excessive time being spent in gc" timestamp="2019-08-09T00:19:27.470" />
<gc-end id="3683" type="partial gc" contextid="3677" durationms="107.875" usertimems="31.722" systemtimems="49.879" timestamp="2019-08-09T00:19:27.470" activeThreads="16">
  <mem-info id="3684" free="117440512" total="195035136" percent="60">
    <mem type="eden" free="3647056" total="4194304" percent="86" />
    <remembered-set count="42368" freebytes="7627648" totalbytes="7797120" percent="97" regionsoverflowed="0" regionsstable="8" regionsrebuilding="0"/>
  </mem-info>
</gc-end>
<cycle-end id="3685" type="partial gc" contextid="3677" timestamp="2019-08-09T00:19:27.470" />
  <attribute name="elasticGC enabled" value="1" />
  <attribute name= "numThreadsSpecified" value="16" />
  <attribute name="heapSize specified" value="0" />
  <attribute name="Current GC Util" value="100" />
  <attribute name= "Current Time Running" value="177598" />
  <attribute name ="GC Interval" value="0" />
  <attribute name="Target GC Util Change" value ="80.000000" />
  <attribute name="Current GC Util Change" value="100.000000"/>
  <attribute name="Current Error" value="37.000000" />
  <attribute name="Output H" value="184587240"/>
  <attribute name="Output I" value="2024"/>
  <attribute name="Output T" value="16"/>
  <attribute name= "Current Time Running" value="177598" />
  <attribute name="GC Util currently" value="100" />
  <attribute name="CPU Util currently" value="408407396152" />
<exclusive-end id="3686" timestamp="2019-08-09T00:19:27.470" durationms="140.420" />

<exclusive-start id="3687" timestamp="2019-08-09T00:19:27.595" intervalms="264.899">
  <response-info timems="12.559" idlems="12.559" threads="0" lastid="0000000002317600" lastname="Thread-22" />
</exclusive-start>
<allocation-taxation id="3688" taxation-threshold="56623104" timestamp="2019-08-09T00:19:27.597" intervalms="264.946" />
<cycle-start id="3689" type="partial gc" contextid="0" timestamp="2019-08-09T00:19:27.599" intervalms="237.741" />
<gc-start id="3690" type="partial gc" contextid="3689" timestamp="2019-08-09T00:19:27.601">
  <mem-info id="3691" free="60817408" total="195035136" percent="31">
    <mem type="eden" free="0" total="56623104" percent="0" />
    <remembered-set count="42112" freebytes="7628672" totalbytes="7797120" percent="97" regionsoverflowed="0" regionsstable="8" regionsrebuilding="0"/>
  </mem-info>
</gc-start>
<allocation-stats totalBytes="56613000" >
  <allocated-bytes non-tlh="0" tlh="56613000" arrayletleaf="0"/>
  <largest-consumer threadName="Thread-31" threadId="0000000002322A00" bytes="5565528" />
</allocation-stats>
<gc-op id="3692" type="copy forward" timems="17.789" contextid="3689" timestamp="2019-08-09T00:19:27.624">
  <memory-copied type="eden" objects="15357" bytes="511152" bytesdiscarded="0" />
  <memory-copied type="other" objects="30192" bytes="1274112" bytesdiscarded="0" />
  <memory-cardclean objects="23077" bytes="1157904" />
  <regions eden="27" other="4" />
  <remembered-set-cleared processed="31723" cleared="7046" durationms="0.633" />
  <stringconstants candidates="15163" cleared="0"  />
</gc-op>
<gc-op id="3693" type="classunload" timems="0.015" contextid="3689" timestamp="2019-08-09T00:19:27.624">
  <classunload-info classloadercandidates="55" classloadersunloaded="0" classesunloaded="0" anonymousclassesunloaded="0" quiescems="0.000" setupms="0.015" scanms="0.000" postms="0.000" />
</gc-op>
<gc-end id="3694" type="partial gc" contextid="3689" durationms="28.603" usertimems="15.706" systemtimems="5.289" timestamp="2019-08-09T00:19:27.629" activeThreads="1">
  <mem-info id="3695" free="117440512" total="195035136" percent="60">
    <mem type="eden" free="1586000" total="2097152" percent="75" />
    <remembered-set count="41952" freebytes="7629312" totalbytes="7797120" percent="97" regionsoverflowed="0" regionsstable="8" regionsrebuilding="0"/>
  </mem-info>
</gc-end>
<cycle-end id="3696" type="partial gc" contextid="3689" timestamp="2019-08-09T00:19:27.639" />
  <attribute name="elasticGC enabled" value="1" />
  <attribute name= "numThreadsSpecified" value="1" />
  <attribute name="heapSize specified" value="0" />
  <attribute name="Current GC Util" value="96" />
  <attribute name= "Current Time Running" value="177839" />
  <attribute name ="GC Interval" value="0" />
  <attribute name="Target GC Util Change" value ="80.000000" />
  <attribute name="Current GC Util Change" value="96.000000"/>
  <attribute name="Current Error" value="-16.000000" />
  <attribute name="Output H" value="195072968"/>
  <attribute name="Output I" value="1992"/>
  <attribute name="Output T" value="1"/>
  <attribute name= "Current Time Running" value="177839" />
  <attribute name="GC Util currently" value="96" />
  <attribute name="CPU Util currently" value="240197867001" />
<exclusive-end id="3697" timestamp="2019-08-09T00:19:27.644" durationms="49.249" />

<exclusive-start id="3698" timestamp="2019-08-09T00:19:27.793" intervalms="198.355">
  <response-info timems="6.146" idlems="6.146" threads="0" lastid="0000000002308200" lastname="Thread-27" />
</exclusive-start>
<allocation-taxation id="3699" taxation-threshold="56623104" timestamp="2019-08-09T00:19:27.793" intervalms="196.178" />
<cycle-start id="3700" type="partial gc" contextid="0" timestamp="2019-08-09T00:19:27.793" intervalms="193.971" />
<gc-start id="3701" type="partial gc" contextid="3700" timestamp="2019-08-09T00:19:27.793">
  <mem-info id="3702" free="60817408" total="195035136" percent="31">
    <mem type="eden" free="0" total="56623104" percent="0" />
    <remembered-set count="41664" freebytes="7630464" totalbytes="7797120" percent="97" regionsoverflowed="0" regionsstable="8" regionsrebuilding="0"/>
  </mem-info>
</gc-start>
<allocation-stats totalBytes="56612632" >
  <allocated-bytes non-tlh="0" tlh="56612632" arrayletleaf="0"/>
  <largest-consumer threadName="Thread-32" threadId="00000000022F9200" bytes="6302720" />
</allocation-stats>
<gc-op id="3703" type="copy forward" timems="33.805" contextid="3700" timestamp="2019-08-09T00:19:27.829">
  <memory-copied type="eden" objects="27558" bytes="1078872" bytesdiscarded="130824" />
  <memory-copied type="other" objects="26562" bytes="912240" bytesdiscarded="72920" />
  <memory-cardclean objects="28982" bytes="1503888" />
  <regions eden="27" other="2" />
  <remembered-set-cleared processed="29342" cleared="4799" durationms="0.245" />
  <stringconstants candidates="15163" cleared="0"  />
</gc-op>
<gc-op id="3704" type="classunload" timems="0.016" contextid="3700" timestamp="2019-08-09T00:19:27.829">
  <classunload-info classloadercandidates="55" classloadersunloaded="0" classesunloaded="0" anonymousclassesunloaded="0" quiescems="0.000" setupms="0.015" scanms="0.000" postms="0.000" />
</gc-op>
<heap-resize id="3705" type="expand" space="default" amount="4194304" count="1" timems="0.071" reason="excessive time being spent in gc" timestamp="2019-08-09T00:19:27.830" />
<gc-end id="3706" type="partial gc" contextid="3700" durationms="36.172" usertimems="21.725" systemtimems="20.785" timestamp="2019-08-09T00:19:27.830" activeThreads="16">
  <mem-info id="3707" free="119537664" total="199229440" percent="60">
    <mem type="eden" free="887456" total="2097152" percent="42" />
    <remembered-set count="39392" freebytes="7807232" totalbytes="7964800" percent="98" regionsoverflowed="0" regionsstable="8" regionsrebuilding="0"/>
  </mem-info>
</gc-end>
<cycle-end id="3708" type="partial gc" contextid="3700" timestamp="2019-08-09T00:19:27.830" />
  <attribute name="elasticGC enabled" value="1" />
  <attribute name= "numThreadsSpecified" value="16" />
  <attribute name="heapSize specified" value="0" />
  <attribute name="Current GC Util" value="154" />
  <attribute name= "Current Time Running" value="178029" />
  <attribute name ="GC Interval" value="0" />
  <attribute name="Target GC Util Change" value ="80.000000" />
  <attribute name="Current GC Util Change" value="154.000000"/>
  <attribute name="Current Error" value="-22.000000" />
  <attribute name="Output H" value="195072968"/>
  <attribute name="Output I" value="1992"/>
  <attribute name="Output T" value="16"/>
  <attribute name= "Current Time Running" value="178029" />
  <attribute name="GC Util currently" value="154" />
  <attribute name="CPU Util currently" value="725905392963" />
<exclusive-end id="3709" timestamp="2019-08-09T00:19:27.830" durationms="37.087" />

<exclusive-start id="3710" timestamp="2019-08-09T00:19:28.016" intervalms="223.439">
  <response-info timems="0.768" idlems="0.768" threads="0" lastid="00000000022F5600" lastname="Thread-24" />
</exclusive-start>
<allocation-taxation id="3711" taxation-threshold="56623104" timestamp="2019-08-09T00:19:28.017" intervalms="223.425" />
<cycle-start id="3712" type="partial gc" contextid="0" timestamp="2019-08-09T00:19:28.017" intervalms="223.435" />
<gc-start id="3713" type="partial gc" contextid="3712" timestamp="2019-08-09T00:19:28.017">
  <mem-info id="3714" free="62914560" total="199229440" percent="31">
    <mem type="eden" free="0" total="56623104" percent="0" />
    <remembered-set count="39168" freebytes="7808128" totalbytes="7964800" percent="98" regionsoverflowed="0" regionsstable="8" regionsrebuilding="0"/>
  </mem-info>
</gc-start>
<allocation-stats totalBytes="56612616" >
  <allocated-bytes non-tlh="0" tlh="56612616" arrayletleaf="0"/>
  <largest-consumer threadName="Thread-28" threadId="00000000022E2B00" bytes="5401568" />
</allocation-stats>
<gc-op id="3715" type="copy forward" timems="27.689" contextid="3712" timestamp="2019-08-09T00:19:28.047">
  <memory-copied type="eden" objects="9133" bytes="224648" bytesdiscarded="63792" />
  <memory-copied type="other" objects="38731" bytes="1616424" bytesdiscarded="90320" />
  <memory-cardclean objects="18913" bytes="967848" />
  <regions eden="27" other="2" />
  <remembered-set-cleared processed="29595" cleared="3858" durationms="0.415" />
  <stringconstants candidates="15163" cleared="0"  />
</gc-op>
<gc-op id="3716" type="classunload" timems="0.013" contextid="3712" timestamp="2019-08-09T00:19:28.047">
  <classunload-info classloadercandidates="55" classloadersunloaded="0" classesunloaded="0" anonymousclassesunloaded="0" quiescems="0.000" setupms="0.012" scanms="0.000" postms="0.000" />
</gc-op>
<heap-resize id="3717" type="expand" space="default" amount="6291456" count="1" timems="0.063" reason="excessive time being spent in gc" timestamp="2019-08-09T00:19:28.048" />
<gc-end id="3718" type="partial gc" contextid="3712" durationms="30.547" usertimems="26.897" systemtimems="38.113" timestamp="2019-08-09T00:19:28.048" activeThreads="16">
  <mem-info id="3719" free="123731968" total="205520896" percent="60">
    <mem type="eden" free="1808712" total="2097152" percent="86" />
    <remembered-set count="42240" freebytes="8047360" totalbytes="8216320" percent="97" regionsoverflowed="0" regionsstable="8" regionsrebuilding="0"/>
  </mem-info>
</gc-end>
<cycle-end id="3720" type="partial gc" contextid="3712" timestamp="2019-08-09T00:19:28.048" />
  <attribute name="elasticGC enabled" value="1" />
  <attribute name= "numThreadsSpecified" value="16" />
  <attribute name="heapSize specified" value="0" />
  <attribute name="Current GC Util" value="75" />
  <attribute name= "Current Time Running" value="178253" />
  <attribute name ="GC Interval" value="0" />
  <attribute name="Target GC Util Change" value ="80.000000" />
  <attribute name="Current GC Util Change" value="75.000000"/>
  <attribute name="Current Error" value="45.000000" />
  <attribute name="Output H" value="199267312"/>
  <attribute name="Output I" value="2032"/>
  <attribute name="Output T" value="16"/>
  <attribute name= "Current Time Running" value="178253" />
  <attribute name="GC Util currently" value="75" />
  <attribute name="CPU Util currently" value="565169193625" />
<exclusive-end id="3721" timestamp="2019-08-09T00:19:28.048" durationms="31.386" />

<exclusive-start id="3722" timestamp="2019-08-09T00:19:28.311" intervalms="294.361">
  <response-info timems="27.954" idlems="27.954" threads="0" lastid="00000000022F1B00" lastname="Thread-25" />
</exclusive-start>
<allocation-taxation id="3723" taxation-threshold="58720256" timestamp="2019-08-09T00:19:28.314" intervalms="297.108" />
<cycle-start id="3724" type="partial gc" contextid="0" timestamp="2019-08-09T00:19:28.321" intervalms="304.389" />
<gc-start id="3725" type="partial gc" contextid="3724" timestamp="2019-08-09T00:19:28.322">
  <mem-info id="3726" free="65011712" total="205520896" percent="31">
    <mem type="eden" free="0" total="58720256" percent="0" />
    <remembered-set count="41824" freebytes="8049024" totalbytes="8216320" percent="97" regionsoverflowed="0" regionsstable="8" regionsrebuilding="0"/>
  </mem-info>
</gc-start>
<allocation-stats totalBytes="58709272" >
  <allocated-bytes non-tlh="0" tlh="58709272" arrayletleaf="0"/>
  <largest-consumer threadName="Thread-32" threadId="00000000022F9200" bytes="9677280" />
</allocation-stats>
<gc-op id="3727" type="copy forward" timems="99.814" contextid="3724" timestamp="2019-08-09T00:19:28.425">
  <memory-copied type="eden" objects="19553" bytes="749488" bytesdiscarded="59208" />
  <memory-copied type="other" objects="31190" bytes="1298216" bytesdiscarded="155048" />
  <memory-cardclean objects="27439" bytes="1424816" />
  <regions eden="28" other="3" />
  <remembered-set-cleared processed="29569" cleared="4475" durationms="1.522" />
  <stringconstants candidates="15163" cleared="0"  />
</gc-op>
<gc-op id="3728" type="classunload" timems="0.015" contextid="3724" timestamp="2019-08-09T00:19:28.425">
  <classunload-info classloadercandidates="55" classloadersunloaded="0" classesunloaded="0" anonymousclassesunloaded="0" quiescems="0.000" setupms="0.015" scanms="0.000" postms="0.000" />
</gc-op>
<heap-resize id="3729" type="expand" space="default" amount="10485760" count="1" timems="0.086" reason="excessive time being spent in gc" timestamp="2019-08-09T00:19:28.425" />
<gc-end id="3730" type="partial gc" contextid="3724" durationms="103.206" usertimems="51.622" systemtimems="68.338" timestamp="2019-08-09T00:19:28.425" activeThreads="16">
  <mem-info id="3731" free="130023424" total="216006656" percent="60">
    <mem type="eden" free="3385608" total="4194304" percent="80" />
    <remembered-set count="43136" freebytes="8462976" totalbytes="8635520" percent="98" regionsoverflowed="0" regionsstable="8" regionsrebuilding="0"/>
  </mem-info>
</gc-end>
<cycle-end id="3732" type="partial gc" contextid="3724" timestamp="2019-08-09T00:19:28.426" />
  <attribute name="elasticGC enabled" value="1" />
  <attribute name= "numThreadsSpecified" value="16" />
  <attribute name="heapSize specified" value="0" />
  <attribute name="Current GC Util" value="13" />
  <attribute name= "Current Time Running" value="178561" />
  <attribute name ="GC Interval" value="0" />
  <attribute name="Target GC Util Change" value ="80.000000" />
  <attribute name="Current GC Util Change" value="13.000000"/>
  <attribute name="Current Error" value="67.000000" />
  <attribute name="Output H" value="205558776"/>
  <attribute name="Output I" value="2040"/>
  <attribute name="Output T" value="16"/>
  <attribute name= "Current Time Running" value="178561" />
  <attribute name="GC Util currently" value="13" />
  <attribute name="CPU Util currently" value="198266932218" />
<exclusive-end id="3733" timestamp="2019-08-09T00:19:28.428" durationms="116.989" />

<exclusive-start id="3734" timestamp="2019-08-09T00:19:28.723" intervalms="412.556">
  <response-info timems="6.452" idlems="6.452" threads="0" lastid="0000000002317600" lastname="Thread-22" />
</exclusive-start>
<allocation-taxation id="3735" taxation-threshold="60817408" timestamp="2019-08-09T00:19:28.723" intervalms="409.825" />
<cycle-start id="3736" type="partial gc" contextid="0" timestamp="2019-08-09T00:19:28.724" intervalms="402.557" />
<gc-start id="3737" type="partial gc" contextid="3736" timestamp="2019-08-09T00:19:28.724">
  <mem-info id="3738" free="69206016" total="216006656" percent="32">
    <mem type="eden" free="0" total="60817408" percent="0" />
    <remembered-set count="42848" freebytes="8464128" totalbytes="8635520" percent="98" regionsoverflowed="0" regionsstable="8" regionsrebuilding="0"/>
  </mem-info>
</gc-start>
<allocation-stats totalBytes="60806632" >
  <allocated-bytes non-tlh="0" tlh="60806632" arrayletleaf="0"/>
  <largest-consumer threadName="Thread-30" threadId="000000000231EE00" bytes="7785256" />
</allocation-stats>
<gc-op id="3739" type="copy forward" timems="118.884" contextid="3736" timestamp="2019-08-09T00:19:28.845">
  <memory-copied type="eden" objects="5386" bytes="135216" bytesdiscarded="63528" />
  <memory-copied type="other" objects="28958" bytes="1107120" bytesdiscarded="115880" />
  <memory-cardclean objects="26314" bytes="1295616" />
  <regions eden="29" other="4" />
  <remembered-set-cleared processed="30259" cleared="4729" durationms="0.258" />
  <stringconstants candidates="15163" cleared="0"  />
</gc-op>
<gc-op id="3740" type="classunload" timems="0.014" contextid="3736" timestamp="2019-08-09T00:19:28.845">
  <classunload-info classloadercandidates="55" classloadersunloaded="0" classesunloaded="0" anonymousclassesunloaded="0" quiescems="0.000" setupms="0.013" scanms="0.000" postms="0.000" />
</gc-op>
<gc-end id="3741" type="partial gc" contextid="3736" durationms="121.411" usertimems="123.493" systemtimems="87.841" timestamp="2019-08-09T00:19:28.846" activeThreads="16">
  <mem-info id="3742" free="130023424" total="216006656" percent="60">
    <mem type="eden" free="1898408" total="2097152" percent="90" />
    <remembered-set count="42272" freebytes="8466432" totalbytes="8635520" percent="98" regionsoverflowed="0" regionsstable="8" regionsrebuilding="0"/>
  </mem-info>
</gc-end>
<cycle-end id="3743" type="partial gc" contextid="3736" timestamp="2019-08-09T00:19:28.846" />
  <attribute name="elasticGC enabled" value="1" />
  <attribute name= "numThreadsSpecified" value="16" />
  <attribute name="heapSize specified" value="0" />
  <attribute name="Current GC Util" value="118" />
  <attribute name= "Current Time Running" value="178959" />
  <attribute name ="GC Interval" value="0" />
  <attribute name="Target GC Util Change" value ="80.000000" />
  <attribute name="Current GC Util Change" value="118.000000"/>
  <attribute name="Current Error" value="79.000000" />
  <attribute name="Output H" value="216044544"/>
  <attribute name="Output I" value="2048"/>
  <attribute name="Output T" value="16"/>
  <attribute name= "Current Time Running" value="178959" />
  <attribute name="GC Util currently" value="118" />
  <attribute name="CPU Util currently" value="666662859952" />
<exclusive-end id="3744" timestamp="2019-08-09T00:19:28.848" durationms="124.905" />

<exclusive-start id="3745" timestamp="2019-08-09T00:19:28.990" intervalms="266.550">
  <response-info timems="9.405" idlems="9.404" threads="1" lastid="00000000022DEF00" lastname="Thread-34" />
</exclusive-start>
<allocation-taxation id="3746" taxation-threshold="60817408" timestamp="2019-08-09T00:19:28.994" intervalms="270.627" />
<cycle-start id="3747" type="partial gc" contextid="0" timestamp="2019-08-09T00:19:28.996" intervalms="272.868" />
<gc-start id="3748" type="partial gc" contextid="3747" timestamp="2019-08-09T00:19:28.997">
  <mem-info id="3749" free="69206016" total="216006656" percent="32">
    <mem type="eden" free="0" total="60817408" percent="0" />
    <remembered-set count="42240" freebytes="8466560" totalbytes="8635520" percent="98" regionsoverflowed="0" regionsstable="8" regionsrebuilding="0"/>
  </mem-info>
</gc-start>
<allocation-stats totalBytes="60806384" >
  <allocated-bytes non-tlh="0" tlh="60806384" arrayletleaf="0"/>
  <largest-consumer threadName="Thread-30" threadId="000000000231EE00" bytes="7113640" />
</allocation-stats>
<gc-op id="3750" type="copy forward" timems="144.735" contextid="3747" timestamp="2019-08-09T00:19:29.144">
  <memory-copied type="eden" objects="5079" bytes="127640" bytesdiscarded="10176" />
  <memory-copied type="other" objects="12808" bytes="444992" bytesdiscarded="38768" />
  <memory-cardclean objects="25802" bytes="1299808" />
  <regions eden="29" other="3" />
  <remembered-set-cleared processed="30333" cleared="4981" durationms="0.266" />
  <stringconstants candidates="15163" cleared="0"  />
</gc-op>
<gc-op id="3751" type="classunload" timems="0.013" contextid="3747" timestamp="2019-08-09T00:19:29.144">
  <classunload-info classloadercandidates="55" classloadersunloaded="0" classesunloaded="0" anonymousclassesunloaded="0" quiescems="0.000" setupms="0.013" scanms="0.000" postms="0.000" />
</gc-op>
<heap-resize id="3752" type="expand" space="default" amount="4194304" count="1" timems="0.065" reason="excessive time being spent in gc" timestamp="2019-08-09T00:19:29.144" />
<gc-end id="3753" type="partial gc" contextid="3747" durationms="147.269" usertimems="48.967" systemtimems="70.590" timestamp="2019-08-09T00:19:29.144" activeThreads="16">
  <mem-info id="3754" free="132120576" total="220200960" percent="60">
    <mem type="eden" free="1959336" total="2097152" percent="93" />
    <remembered-set count="45120" freebytes="8622720" totalbytes="8803200" percent="97" regionsoverflowed="0" regionsstable="8" regionsrebuilding="0"/>
  </mem-info>
</gc-end>
<cycle-end id="3755" type="partial gc" contextid="3747" timestamp="2019-08-09T00:19:29.144" />
  <attribute name="elasticGC enabled" value="1" />
  <attribute name= "numThreadsSpecified" value="16" />
  <attribute name="heapSize specified" value="0" />
  <attribute name="Current GC Util" value="65" />
  <attribute name= "Current Time Running" value="179232" />
  <attribute name ="GC Interval" value="0" />
  <attribute name="Target GC Util Change" value ="80.000000" />
  <attribute name="Current GC Util Change" value="65.000000"/>
  <attribute name="Current Error" value="139.000000" />
  <attribute name="Output H" value="216044576"/>
  <attribute name="Output I" value="2080"/>
  <attribute name="Output T" value="16"/>
  <attribute name= "Current Time Running" value="179232" />
  <attribute name="GC Util currently" value="65" />
  <attribute name="CPU Util currently" value="627466178750" />
<exclusive-end id="3756" timestamp="2019-08-09T00:19:29.145" durationms="154.642" />

<exclusive-start id="3757" timestamp="2019-08-09T00:19:29.226" intervalms="235.656">
  <response-info timems="4.809" idlems="1.839" threads="2" lastid="00000000022F9200" lastname="Thread-32" />
</exclusive-start>
<allocation-taxation id="3758" taxation-threshold="62914560" timestamp="2019-08-09T00:19:29.226" intervalms="231.586" />
<cycle-start id="3759" type="partial gc" contextid="0" timestamp="2019-08-09T00:19:29.226" intervalms="229.514" />
<gc-start id="3760" type="partial gc" contextid="3759" timestamp="2019-08-09T00:19:29.226">
  <mem-info id="3761" free="69206016" total="220200960" percent="31">
    <mem type="eden" free="0" total="62914560" percent="0" />
    <remembered-set count="44992" freebytes="8623232" totalbytes="8803200" percent="97" regionsoverflowed="0" regionsstable="8" regionsrebuilding="0"/>
  </mem-info>
</gc-start>
<allocation-stats totalBytes="62903128" >
  <allocated-bytes non-tlh="0" tlh="62903128" arrayletleaf="0"/>
  <largest-consumer threadName="Thread-30" threadId="000000000231EE00" bytes="7420696" />
</allocation-stats>
<gc-op id="3762" type="copy forward" timems="162.861" contextid="3759" timestamp="2019-08-09T00:19:29.390">
  <memory-copied type="eden" objects="4498" bytes="113192" bytesdiscarded="10888" />
  <memory-copied type="other" objects="13572" bytes="463104" bytesdiscarded="45800" />
  <memory-cardclean objects="25414" bytes="1262784" />
  <regions eden="30" other="3" />
  <remembered-set-cleared processed="30403" cleared="4204" durationms="0.232" />
  <stringconstants candidates="15163" cleared="0"  />
</gc-op>
<gc-op id="3763" type="classunload" timems="0.012" contextid="3759" timestamp="2019-08-09T00:19:29.390">
  <classunload-info classloadercandidates="55" classloadersunloaded="0" classesunloaded="0" anonymousclassesunloaded="0" quiescems="0.000" setupms="0.012" scanms="0.000" postms="0.000" />
</gc-op>
<heap-resize id="3764" type="expand" space="default" amount="6291456" count="1" timems="0.070" reason="excessive time being spent in gc" timestamp="2019-08-09T00:19:29.391" />
<gc-end id="3765" type="partial gc" contextid="3759" durationms="164.888" usertimems="64.314" systemtimems="110.267" timestamp="2019-08-09T00:19:29.391" activeThreads="16">
  <mem-info id="3766" free="136314880" total="226492416" percent="60">
    <mem type="eden" free="1973072" total="2097152" percent="94" />
    <remembered-set count="44544" freebytes="8876544" totalbytes="9054720" percent="98" regionsoverflowed="0" regionsstable="8" regionsrebuilding="0"/>
  </mem-info>
</gc-end>
<cycle-end id="3767" type="partial gc" contextid="3759" timestamp="2019-08-09T00:19:29.391" />
  <attribute name="elasticGC enabled" value="1" />
  <attribute name= "numThreadsSpecified" value="16" />
  <attribute name="heapSize specified" value="0" />
  <attribute name="Current GC Util" value="133" />
  <attribute name= "Current Time Running" value="179461" />
  <attribute name ="GC Interval" value="0" />
  <attribute name="Target GC Util Change" value ="80.000000" />
  <attribute name="Current GC Util Change" value="133.000000"/>
  <attribute name="Current Error" value="-53.000000" />
  <attribute name="Output H" value="220238776"/>
  <attribute name="Output I" value="1976"/>
  <attribute name="Output T" value="16"/>
  <attribute name= "Current Time Running" value="179461" />
  <attribute name="GC Util currently" value="133" />
  <attribute name="CPU Util currently" value="1202757679732" />
<exclusive-end id="3768" timestamp="2019-08-09T00:19:29.391" durationms="165.855" />

<exclusive-start id="3769" timestamp="2019-08-09T00:19:29.447" intervalms="221.066">
  <response-info timems="0.901" idlems="0.475" threads="2" lastid="0000000002007600" lastname="JIT Compilation Thread-5" />
</exclusive-start>
<allocation-taxation id="3770" taxation-threshold="62914560" timestamp="2019-08-09T00:19:29.447" intervalms="221.286" />
<cycle-start id="3771" type="partial gc" contextid="0" timestamp="2019-08-09T00:19:29.447" intervalms="221.143" />
<gc-start id="3772" type="partial gc" contextid="3771" timestamp="2019-08-09T00:19:29.448">
  <mem-info id="3773" free="73400320" total="226492416" percent="32">
    <mem type="eden" free="0" total="62914560" percent="0" />
    <remembered-set count="44064" freebytes="8878464" totalbytes="9054720" percent="98" regionsoverflowed="0" regionsstable="8" regionsrebuilding="0"/>
  </mem-info>
</gc-start>
<allocation-stats totalBytes="62903416" >
  <allocated-bytes non-tlh="0" tlh="62903416" arrayletleaf="0"/>
  <largest-consumer threadName="Thread-30" threadId="000000000231EE00" bytes="7101216" />
</allocation-stats>
<gc-op id="3774" type="copy forward" timems="195.946" contextid="3771" timestamp="2019-08-09T00:19:29.646">
  <memory-copied type="eden" objects="4992" bytes="125176" bytesdiscarded="7424" />
  <memory-copied type="other" objects="26082" bytes="1038096" bytesdiscarded="95680" />
  <memory-cardclean objects="24971" bytes="1222536" />
  <regions eden="30" other="3" />
  <remembered-set-cleared processed="30715" cleared="4048" durationms="0.254" />
  <stringconstants candidates="15163" cleared="0"  />
</gc-op>
<gc-op id="3775" type="classunload" timems="0.016" contextid="3771" timestamp="2019-08-09T00:19:29.650">
  <classunload-info classloadercandidates="55" classloadersunloaded="0" classesunloaded="0" anonymousclassesunloaded="0" quiescems="0.000" setupms="0.016" scanms="0.000" postms="0.000" />
</gc-op>
<heap-resize id="3776" type="expand" space="default" amount="4194304" count="1" timems="0.073" reason="excessive time being spent in gc" timestamp="2019-08-09T00:19:29.650" />
<gc-end id="3777" type="partial gc" contextid="3771" durationms="204.449" usertimems="73.468" systemtimems="92.542" timestamp="2019-08-09T00:19:29.652" activeThreads="16">
  <mem-info id="3778" free="138412032" total="230686720" percent="60">
    <mem type="eden" free="1964552" total="2097152" percent="93" />
    <remembered-set count="45792" freebytes="9039232" totalbytes="9222400" percent="98" regionsoverflowed="0" regionsstable="8" regionsrebuilding="0"/>
  </mem-info>
</gc-end>
<cycle-end id="3779" type="partial gc" contextid="3771" timestamp="2019-08-09T00:19:29.652" />
  <attribute name="elasticGC enabled" value="1" />
  <attribute name= "numThreadsSpecified" value="16" />
  <attribute name="heapSize specified" value="0" />
  <attribute name="Current GC Util" value="93" />
  <attribute name= "Current Time Running" value="179683" />
  <attribute name ="GC Interval" value="0" />
  <attribute name="Target GC Util Change" value ="80.000000" />
  <attribute name="Current GC Util Change" value="93.000000"/>
  <attribute name="Current Error" value="-64.000000" />
  <attribute name="Output H" value="226530224"/>
  <attribute name="Output I" value="1968"/>
  <attribute name="Output T" value="16"/>
  <attribute name= "Current Time Running" value="179683" />
  <attribute name="GC Util currently" value="93" />
  <attribute name="CPU Util currently" value="605191571832" />
<exclusive-end id="3780" timestamp="2019-08-09T00:19:29.653" durationms="206.850" />

<exclusive-start id="3781" timestamp="2019-08-09T00:19:29.820" intervalms="373.093">
  <response-info timems="2.136" idlems="0.895" threads="6" lastid="00000000022F5600" lastname="Thread-24" />
</exclusive-start>
<allocation-taxation id="3782" taxation-threshold="65011712" timestamp="2019-08-09T00:19:29.820" intervalms="372.915" />
<cycle-start id="3783" type="partial gc" contextid="0" timestamp="2019-08-09T00:19:29.820" intervalms="373.011" />
<gc-start id="3784" type="partial gc" contextid="3783" timestamp="2019-08-09T00:19:29.820">
  <mem-info id="3785" free="73400320" total="230686720" percent="31">
    <mem type="eden" free="0" total="65011712" percent="0" />
    <remembered-set count="45792" freebytes="9039232" totalbytes="9222400" percent="98" regionsoverflowed="0" regionsstable="8" regionsrebuilding="0"/>
  </mem-info>
</gc-start>
<allocation-stats totalBytes="65000408" >
  <allocated-bytes non-tlh="0" tlh="65000408" arrayletleaf="0"/>
  <largest-consumer threadName="Thread-32" threadId="00000000022F9200" bytes="7093176" />
</allocation-stats>
<gc-op id="3786" type="copy forward" timems="32.815" contextid="3783" timestamp="2019-08-09T00:19:29.854">
  <memory-copied type="eden" objects="16576" bytes="678592" bytesdiscarded="80872" />
  <memory-copied type="other" objects="25978" bytes="1035600" bytesdiscarded="58624" />
  <memory-cardclean objects="23141" bytes="1177800" />
  <regions eden="31" other="3" />
  <remembered-set-cleared processed="32404" cleared="5365" durationms="3.077" />
  <stringconstants candidates="15163" cleared="0"  />
</gc-op>
<gc-op id="3787" type="classunload" timems="0.016" contextid="3783" timestamp="2019-08-09T00:19:29.854">
  <classunload-info classloadercandidates="55" classloadersunloaded="0" classesunloaded="0" anonymousclassesunloaded="0" quiescems="0.000" setupms="0.015" scanms="0.000" postms="0.000" />
</gc-op>
<heap-resize id="3788" type="expand" space="default" amount="10485760" count="1" timems="0.208" reason="excessive time being spent in gc" timestamp="2019-08-09T00:19:29.855" />
<gc-end id="3789" type="partial gc" contextid="3783" durationms="34.414" usertimems="33.516" systemtimems="33.219" timestamp="2019-08-09T00:19:29.855" activeThreads="16">
  <mem-info id="3790" free="144703488" total="241172480" percent="60">
    <mem type="eden" free="3434840" total="4194304" percent="81" />
    <remembered-set count="46688" freebytes="9454848" totalbytes="9641600" percent="98" regionsoverflowed="0" regionsstable="8" regionsrebuilding="0"/>
  </mem-info>
</gc-end>
<cycle-end id="3791" type="partial gc" contextid="3783" timestamp="2019-08-09T00:19:29.855" />
  <attribute name="elasticGC enabled" value="1" />
  <attribute name= "numThreadsSpecified" value="16" />
  <attribute name="heapSize specified" value="0" />
  <attribute name="Current GC Util" value="152" />
  <attribute name= "Current Time Running" value="180055" />
  <attribute name ="GC Interval" value="0" />
  <attribute name="Target GC Util Change" value ="80.000000" />
  <attribute name="Current GC Util Change" value="152.000000"/>
  <attribute name="Current Error" value="-99.000000" />
  <attribute name="Output H" value="230724504"/>
  <attribute name="Output I" value="1944"/>
  <attribute name="Output T" value="16"/>
  <attribute name= "Current Time Running" value="180055" />
  <attribute name="GC Util currently" value="152" />
  <attribute name="CPU Util currently" value="1561314428122" />
<exclusive-end id="3792" timestamp="2019-08-09T00:19:29.855" durationms="35.610" />

<exclusive-start id="3793" timestamp="2019-08-09T00:19:30.133" intervalms="313.346">
  <response-info timems="6.530" idlems="2.152" threads="6" lastid="00000000022E2B00" lastname="Thread-28" />
</exclusive-start>
<allocation-taxation id="3794" taxation-threshold="67108864" timestamp="2019-08-09T00:19:30.133" intervalms="313.347" />
<cycle-start id="3795" type="partial gc" contextid="0" timestamp="2019-08-09T00:19:30.133" intervalms="313.235" />
<gc-start id="3796" type="partial gc" contextid="3795" timestamp="2019-08-09T00:19:30.134">
  <mem-info id="3797" free="77594624" total="241172480" percent="32">
    <mem type="eden" free="0" total="67108864" percent="0" />
    <remembered-set count="46240" freebytes="9456640" totalbytes="9641600" percent="98" regionsoverflowed="0" regionsstable="8" regionsrebuilding="0"/>
  </mem-info>
</gc-start>
<allocation-stats totalBytes="67096752" >
  <allocated-bytes non-tlh="0" tlh="67096752" arrayletleaf="0"/>
  <largest-consumer threadName="Thread-32" threadId="00000000022F9200" bytes="8620592" />
</allocation-stats>
<gc-op id="3798" type="copy forward" timems="20.715" contextid="3795" timestamp="2019-08-09T00:19:30.157">
  <memory-copied type="eden" objects="4994" bytes="125840" bytesdiscarded="33376" />
  <memory-copied type="other" objects="44457" bytes="1891224" bytesdiscarded="135296" />
  <memory-cardclean objects="27395" bytes="1385232" />
  <regions eden="32" other="5" />
  <remembered-set-cleared processed="32161" cleared="6050" durationms="0.217" />
  <stringconstants candidates="15163" cleared="0"  />
</gc-op>
<gc-op id="3799" type="classunload" timems="0.013" contextid="3795" timestamp="2019-08-09T00:19:30.157">
  <classunload-info classloadercandidates="55" classloadersunloaded="0" classesunloaded="0" anonymousclassesunloaded="0" quiescems="0.000" setupms="0.013" scanms="0.000" postms="0.000" />
</gc-op>
<gc-end id="3800" type="partial gc" contextid="3795" durationms="23.664" usertimems="51.131" systemtimems="21.192" timestamp="2019-08-09T00:19:30.157" activeThreads="16">
  <mem-info id="3801" free="144703488" total="241172480" percent="60">
    <mem type="eden" free="1937936" total="2097152" percent="92" />
    <remembered-set count="48384" freebytes="9448064" totalbytes="9641600" percent="97" regionsoverflowed="0" regionsstable="8" regionsrebuilding="0"/>
  </mem-info>
</gc-end>
<cycle-end id="3802" type="partial gc" contextid="3795" timestamp="2019-08-09T00:19:30.158" />
  <attribute name="elasticGC enabled" value="1" />
  <attribute name= "numThreadsSpecified" value="16" />
  <attribute name="heapSize specified" value="0" />
  <attribute name="Current GC Util" value="75" />
  <attribute name= "Current Time Running" value="180369" />
  <attribute name ="GC Interval" value="0" />
  <attribute name="Target GC Util Change" value ="80.000000" />
  <attribute name="Current GC Util Change" value="75.000000"/>
  <attribute name="Current Error" value="5.000000" />
  <attribute name="Output H" value="241210328"/>
  <attribute name="Output I" value="2008"/>
  <attribute name="Output T" value="16"/>
  <attribute name= "Current Time Running" value="180369" />
  <attribute name="GC Util currently" value="75" />
  <attribute name="CPU Util currently" value="838887305484" />
<exclusive-end id="3803" timestamp="2019-08-09T00:19:30.158" durationms="24.735" />

<exclusive-start id="3804" timestamp="2019-08-09T00:19:30.409" intervalms="275.443">
  <response-info timems="116.585" idlems="66.382" threads="7" lastid="0000000002322A00" lastname="Thread-31" />
</exclusive-start>
<allocation-taxation id="3805" taxation-threshold="67108864" timestamp="2019-08-09T00:19:30.409" intervalms="275.448" />
<cycle-start id="3806" type="partial gc" contextid="0" timestamp="2019-08-09T00:19:30.409" intervalms="275.508" />
<gc-start id="3807" type="partial gc" contextid="3806" timestamp="2019-08-09T00:19:30.409">
  <mem-info id="3808" free="77594624" total="241172480" percent="32">
    <mem type="eden" free="0" total="67108864" percent="0" />
    <remembered-set count="48096" freebytes="9449216" totalbytes="9641600" percent="98" regionsoverflowed="0" regionsstable="8" regionsrebuilding="0"/>
  </mem-info>
</gc-start>
<allocation-stats totalBytes="67097096" >
  <allocated-bytes non-tlh="0" tlh="67097096" arrayletleaf="0"/>
  <largest-consumer threadName="Thread-32" threadId="00000000022F9200" bytes="10103200" />
</allocation-stats>
<gc-op id="3809" type="copy forward" timems="130.831" contextid="3806" timestamp="2019-08-09T00:19:30.542">
  <memory-copied type="eden" objects="11358" bytes="414864" bytesdiscarded="40032" />
  <memory-copied type="other" objects="15094" bytes="499632" bytesdiscarded="44808" />
  <memory-cardclean objects="26968" bytes="1417344" />
  <regions eden="32" other="3" />
  <remembered-set-cleared processed="34124" cleared="5287" durationms="0.311" />
  <stringconstants candidates="15163" cleared="0"  />
</gc-op>
<gc-op id="3810" type="classunload" timems="0.016" contextid="3806" timestamp="2019-08-09T00:19:30.546">
  <classunload-info classloadercandidates="55" classloadersunloaded="0" classesunloaded="0" anonymousclassesunloaded="0" quiescems="0.000" setupms="0.016" scanms="0.000" postms="0.000" />
</gc-op>
<heap-resize id="3811" type="expand" space="default" amount="6291456" count="1" timems="0.073" reason="excessive time being spent in gc" timestamp="2019-08-09T00:19:30.546" />
<gc-end id="3812" type="partial gc" contextid="3806" durationms="136.649" usertimems="38.420" systemtimems="70.562" timestamp="2019-08-09T00:19:30.546" activeThreads="16">
  <mem-info id="3813" free="148897792" total="247463936" percent="60">
    <mem type="eden" free="1642256" total="2097152" percent="78" />
    <remembered-set count="48448" freebytes="9699328" totalbytes="9893120" percent="98" regionsoverflowed="0" regionsstable="8" regionsrebuilding="0"/>
  </mem-info>
</gc-end>
<cycle-end id="3814" type="partial gc" contextid="3806" timestamp="2019-08-09T00:19:30.548" />
  <attribute name="elasticGC enabled" value="1" />
  <attribute name= "numThreadsSpecified" value="16" />
  <attribute name="heapSize specified" value="0" />
  <attribute name="Current GC Util" value="84" />
  <attribute name= "Current Time Running" value="180644" />
  <attribute name ="GC Interval" value="0" />
  <attribute name="Target GC Util Change" value ="80.000000" />
  <attribute name="Current GC Util Change" value="84.000000"/>
  <attribute name="Current Error" value="64.000000" />
  <attribute name="Output H" value="241210360"/>
  <attribute name="Output I" value="2040"/>
  <attribute name="Output T" value="16"/>
  <attribute name= "Current Time Running" value="180644" />
  <attribute name="GC Util currently" value="84" />
  <attribute name="CPU Util currently" value="970680922674" />
<exclusive-end id="3815" timestamp="2019-08-09T00:19:30.555" durationms="146.848" />

<exclusive-start id="3816" timestamp="2019-08-09T00:19:30.654" intervalms="245.837">
  <response-info timems="2.709" idlems="2.709" threads="0" lastid="000000000231EE00" lastname="Thread-30" />
</exclusive-start>
<allocation-taxation id="3817" taxation-threshold="69206016" timestamp="2019-08-09T00:19:30.654" intervalms="245.777" />
<cycle-start id="3818" type="partial gc" contextid="0" timestamp="2019-08-09T00:19:30.654" intervalms="245.648" />
<gc-start id="3819" type="partial gc" contextid="3818" timestamp="2019-08-09T00:19:30.655">
  <mem-info id="3820" free="79691776" total="247463936" percent="32">
    <mem type="eden" free="0" total="69206016" percent="0" />
    <remembered-set count="47968" freebytes="9701248" totalbytes="9893120" percent="98" regionsoverflowed="0" regionsstable="8" regionsrebuilding="0"/>
  </mem-info>
</gc-start>
<allocation-stats totalBytes="69193712" >
  <allocated-bytes non-tlh="0" tlh="69193712" arrayletleaf="0"/>
  <largest-consumer threadName="Thread-31" threadId="0000000002322A00" bytes="8268456" />
</allocation-stats>
<gc-op id="3821" type="copy forward" timems="151.236" contextid="3818" timestamp="2019-08-09T00:19:30.811">
  <memory-copied type="eden" objects="28789" bytes="1247112" bytesdiscarded="75600" />
  <memory-copied type="other" objects="32831" bytes="1337448" bytesdiscarded="90048" />
  <memory-cardclean objects="26483" bytes="1315344" />
  <regions eden="33" other="4" />
  <remembered-set-cleared processed="33177" cleared="4211" durationms="0.362" />
  <stringconstants candidates="15163" cleared="0"  />
</gc-op>
<gc-op id="3822" type="classunload" timems="0.020" contextid="3818" timestamp="2019-08-09T00:19:30.811">
  <classunload-info classloadercandidates="55" classloadersunloaded="0" classesunloaded="0" anonymousclassesunloaded="0" quiescems="0.000" setupms="0.019" scanms="0.000" postms="0.000" />
</gc-op>
<heap-resize id="3823" type="expand" space="default" amount="4194304" count="1" timems="0.068" reason="excessive time being spent in gc" timestamp="2019-08-09T00:19:30.811" />
<gc-end id="3824" type="partial gc" contextid="3818" durationms="156.685" usertimems="41.246" systemtimems="66.903" timestamp="2019-08-09T00:19:30.811" activeThreads="16">
  <mem-info id="3825" free="150994944" total="251658240" percent="60">
    <mem type="eden" free="774440" total="2097152" percent="36" />
    <remembered-set count="47872" freebytes="9869312" totalbytes="10060800" percent="98" regionsoverflowed="0" regionsstable="8" regionsrebuilding="0"/>
  </mem-info>
</gc-end>
<cycle-end id="3826" type="partial gc" contextid="3818" timestamp="2019-08-09T00:19:30.812" />
  <attribute name="elasticGC enabled" value="1" />
  <attribute name= "numThreadsSpecified" value="16" />
  <attribute name="heapSize specified" value="0" />
  <attribute name="Current GC Util" value="337" />
  <attribute name= "Current Time Running" value="180893" />
  <attribute name ="GC Interval" value="0" />
  <attribute name="Target GC Util Change" value ="80.000000" />
  <attribute name="Current GC Util Change" value="337.000000"/>
  <attribute name="Current Error" value="-153.000000" />
  <attribute name="Output H" value="247501688"/>
  <attribute name="Output I" value="1912"/>
  <attribute name="Output T" value="16"/>
  <attribute name= "Current Time Running" value="180893" />
  <attribute name="GC Util currently" value="337" />
  <attribute name="CPU Util currently" value="327270537164" />
<exclusive-end id="3827" timestamp="2019-08-09T00:19:30.812" durationms="157.355" />

<exclusive-start id="3828" timestamp="2019-08-09T00:19:30.887" intervalms="233.022">
  <response-info timems="2.139" idlems="2.139" threads="0" lastid="00000000022F9200" lastname="Thread-32" />
</exclusive-start>
<allocation-taxation id="3829" taxation-threshold="69206016" timestamp="2019-08-09T00:19:30.887" intervalms="233.031" />
<cycle-start id="3830" type="partial gc" contextid="0" timestamp="2019-08-09T00:19:30.888" intervalms="233.218" />
<gc-start id="3831" type="partial gc" contextid="3830" timestamp="2019-08-09T00:19:30.888">
  <mem-info id="3832" free="81788928" total="251658240" percent="32">
    <mem type="eden" free="0" total="69206016" percent="0" />
    <remembered-set count="47744" freebytes="9869824" totalbytes="10060800" percent="98" regionsoverflowed="0" regionsstable="8" regionsrebuilding="0"/>
  </mem-info>
</gc-start>
<allocation-stats totalBytes="69193936" >
  <allocated-bytes non-tlh="0" tlh="69193936" arrayletleaf="0"/>
  <largest-consumer threadName="Thread-31" threadId="0000000002322A00" bytes="7969576" />
</allocation-stats>
<gc-op id="3833" type="copy forward" timems="168.268" contextid="3830" timestamp="2019-08-09T00:19:31.059">
  <memory-copied type="eden" objects="10440" bytes="394264" bytesdiscarded="91168" />
  <memory-copied type="other" objects="40860" bytes="1667552" bytesdiscarded="141880" />
  <memory-cardclean objects="27183" bytes="1386960" />
  <regions eden="33" other="4" />
  <remembered-set-cleared processed="33873" cleared="6217" durationms="0.732" />
  <stringconstants candidates="15163" cleared="0"  />
</gc-op>
<gc-op id="3834" type="classunload" timems="0.019" contextid="3830" timestamp="2019-08-09T00:19:31.059">
  <classunload-info classloadercandidates="55" classloadersunloaded="0" classesunloaded="0" anonymousclassesunloaded="0" quiescems="0.000" setupms="0.019" scanms="0.000" postms="0.000" />
</gc-op>
<heap-resize id="3835" type="expand" space="default" amount="6291456" count="1" timems="0.071" reason="excessive time being spent in gc" timestamp="2019-08-09T00:19:31.060" />
<gc-end id="3836" type="partial gc" contextid="3830" durationms="171.583" usertimems="49.048" systemtimems="67.771" timestamp="2019-08-09T00:19:31.060" activeThreads="16">
  <mem-info id="3837" free="155189248" total="257949696" percent="60">
    <mem type="eden" free="1611720" total="2097152" percent="76" />
    <remembered-set count="47840" freebytes="10120960" totalbytes="10312320" percent="98" regionsoverflowed="0" regionsstable="8" regionsrebuilding="0"/>
  </mem-info>
</gc-end>
<cycle-end id="3838" type="partial gc" contextid="3830" timestamp="2019-08-09T00:19:31.060" />
  <attribute name="elasticGC enabled" value="1" />
  <attribute name= "numThreadsSpecified" value="16" />
  <attribute name="heapSize specified" value="0" />
  <attribute name="Current GC Util" value="43" />
  <attribute name= "Current Time Running" value="181124" />
  <attribute name ="GC Interval" value="0" />
  <attribute name="Target GC Util Change" value ="80.000000" />
  <attribute name="Current GC Util Change" value="43.000000"/>
  <attribute name="Current Error" value="37.000000" />
  <attribute name="Output H" value="251696104"/>
  <attribute name="Output I" value="2024"/>
  <attribute name="Output T" value="16"/>
  <attribute name= "Current Time Running" value="181124" />
  <attribute name="GC Util currently" value="43" />
  <attribute name="CPU Util currently" value="550682697838" />
<exclusive-end id="3839" timestamp="2019-08-09T00:19:31.060" durationms="172.776" />

<exclusive-start id="3840" timestamp="2019-08-09T00:19:31.179" intervalms="291.596">
  <response-info timems="18.830" idlems="10.212" threads="2" lastid="000000000232DD00" lastname="Thread-29" />
</exclusive-start>
<allocation-taxation id="3841" taxation-threshold="71303168" timestamp="2019-08-09T00:19:31.179" intervalms="291.711" />
<cycle-start id="3842" type="partial gc" contextid="0" timestamp="2019-08-09T00:19:31.180" intervalms="291.922" />
<gc-start id="3843" type="partial gc" contextid="3842" timestamp="2019-08-09T00:19:31.180">
  <mem-info id="3844" free="83886080" total="257949696" percent="32">
    <mem type="eden" free="0" total="71303168" percent="0" />
    <remembered-set count="47392" freebytes="10122752" totalbytes="10312320" percent="98" regionsoverflowed="0" regionsstable="8" regionsrebuilding="0"/>
  </mem-info>
</gc-start>
<allocation-stats totalBytes="71290840" >
  <allocated-bytes non-tlh="0" tlh="71290840" arrayletleaf="0"/>
  <largest-consumer threadName="Thread-28" threadId="00000000022E2B00" bytes="8809016" />
</allocation-stats>
<gc-op id="3845" type="copy forward" timems="213.574" contextid="3842" timestamp="2019-08-09T00:19:31.395">
  <memory-copied type="eden" objects="18628" bytes="727080" bytesdiscarded="74312" />
  <memory-copied type="other" objects="45024" bytes="1904832" bytesdiscarded="165600" />
  <memory-cardclean objects="18904" bytes="956376" />
  <regions eden="34" other="3" />
  <remembered-set-cleared processed="32731" cleared="1931" durationms="0.576" />
  <stringconstants candidates="15163" cleared="0"  />
</gc-op>
<gc-op id="3846" type="classunload" timems="0.014" contextid="3842" timestamp="2019-08-09T00:19:31.396">
  <classunload-info classloadercandidates="55" classloadersunloaded="0" classesunloaded="0" anonymousclassesunloaded="0" quiescems="0.000" setupms="0.014" scanms="0.000" postms="0.000" />
</gc-op>
<heap-resize id="3847" type="expand" space="default" amount="10485760" count="1" timems="0.085" reason="excessive time being spent in gc" timestamp="2019-08-09T00:19:31.396" />
<gc-end id="3848" type="partial gc" contextid="3842" durationms="215.828" usertimems="78.327" systemtimems="130.979" timestamp="2019-08-09T00:19:31.396" activeThreads="16">
  <mem-info id="3849" free="161480704" total="268435456" percent="60">
    <mem type="eden" free="3392912" total="4194304" percent="80" />
    <remembered-set count="49696" freebytes="10532736" totalbytes="10731520" percent="98" regionsoverflowed="0" regionsstable="8" regionsrebuilding="0"/>
  </mem-info>
</gc-end>
<cycle-end id="3850" type="partial gc" contextid="3842" timestamp="2019-08-09T00:19:31.396" />
  <attribute name="elasticGC enabled" value="1" />
  <attribute name= "numThreadsSpecified" value="16" />
  <attribute name="heapSize specified" value="0" />
  <attribute name="Current GC Util" value="984" />
  <attribute name= "Current Time Running" value="181415" />
  <attribute name ="GC Interval" value="0" />
  <attribute name="Target GC Util Change" value ="80.000000" />
  <attribute name="Current GC Util Change" value="984.000000"/>
  <attribute name="Current Error" value="-819.000000" />
  <attribute name="Output H" value="257987064"/>
  <attribute name="Output I" value="1528"/>
  <attribute name="Output T" value="16"/>
  <attribute name= "Current Time Running" value="181415" />
  <attribute name="GC Util currently" value="984" />
  <attribute name="CPU Util currently" value="782553640758" />
<exclusive-end id="3851" timestamp="2019-08-09T00:19:31.396" durationms="217.149" />

<exclusive-start id="3852" timestamp="2019-08-09T00:19:31.496" intervalms="316.568">
  <response-info timems="6.954" idlems="6.954" threads="0" lastid="00000000022E2B00" lastname="Thread-28" />
</exclusive-start>
<allocation-taxation id="3853" taxation-threshold="73400320" timestamp="2019-08-09T00:19:31.496" intervalms="316.437" />
<cycle-start id="3854" type="partial gc" contextid="0" timestamp="2019-08-09T00:19:31.496" intervalms="316.365" />
<gc-start id="3855" type="partial gc" contextid="3854" timestamp="2019-08-09T00:19:31.496">
  <mem-info id="3856" free="88080384" total="268435456" percent="32">
    <mem type="eden" free="0" total="73400320" percent="0" />
    <remembered-set count="49440" freebytes="10533760" totalbytes="10731520" percent="98" regionsoverflowed="0" regionsstable="8" regionsrebuilding="0"/>
  </mem-info>
</gc-start>
<allocation-stats totalBytes="73387696" >
  <allocated-bytes non-tlh="0" tlh="73387696" arrayletleaf="0"/>
  <largest-consumer threadName="Thread-31" threadId="0000000002322A00" bytes="9009760" />
</allocation-stats>
<gc-op id="3857" type="copy forward" timems="140.568" contextid="3854" timestamp="2019-08-09T00:19:31.639">
  <memory-copied type="eden" objects="14718" bytes="496576" bytesdiscarded="65600" />
  <memory-copied type="other" objects="65855" bytes="2816904" bytesdiscarded="265704" />
  <memory-cardclean objects="17678" bytes="905232" />
  <regions eden="35" other="5" />
  <remembered-set-cleared processed="33084" cleared="2668" durationms="0.292" />
  <stringconstants candidates="15163" cleared="0"  />
</gc-op>
<gc-op id="3858" type="classunload" timems="0.015" contextid="3854" timestamp="2019-08-09T00:19:31.639">
  <classunload-info classloadercandidates="55" classloadersunloaded="0" classesunloaded="0" anonymousclassesunloaded="0" quiescems="0.000" setupms="0.015" scanms="0.000" postms="0.000" />
</gc-op>
<gc-end id="3859" type="partial gc" contextid="3854" durationms="143.087" usertimems="97.102" systemtimems="55.572" timestamp="2019-08-09T00:19:31.639" activeThreads="16">
  <mem-info id="3860" free="161480704" total="268435456" percent="60">
    <mem type="eden" free="1534976" total="2097152" percent="73" />
    <remembered-set count="51424" freebytes="10525824" totalbytes="10731520" percent="98" regionsoverflowed="0" regionsstable="8" regionsrebuilding="0"/>
  </mem-info>
</gc-end>
<cycle-end id="3861" type="partial gc" contextid="3854" timestamp="2019-08-09T00:19:31.640" />
  <attribute name="elasticGC enabled" value="1" />
  <attribute name= "numThreadsSpecified" value="16" />
  <attribute name="heapSize specified" value="0" />
  <attribute name="Current GC Util" value="122" />
  <attribute name= "Current Time Running" value="181732" />
  <attribute name ="GC Interval" value="0" />
  <attribute name="Target GC Util Change" value ="80.000000" />
  <attribute name="Current GC Util Change" value="122.000000"/>
  <attribute name="Current Error" value="-846.000000" />
  <attribute name="Output H" value="268472808"/>
  <attribute name="Output I" value="1512"/>
  <attribute name="Output T" value="16"/>
  <attribute name= "Current Time Running" value="181732" />
  <attribute name="GC Util currently" value="122" />
  <attribute name="CPU Util currently" value="611423424524" />
<exclusive-end id="3862" timestamp="2019-08-09T00:19:31.640" durationms="144.506" />

<exclusive-start id="3863" timestamp="2019-08-09T00:19:31.717" intervalms="221.297">
  <response-info timems="2.677" idlems="1.355" threads="1" lastid="00000000022DEF00" lastname="Thread-34" />
</exclusive-start>
<allocation-taxation id="3864" taxation-threshold="73400320" timestamp="2019-08-09T00:19:31.717" intervalms="221.303" />
<cycle-start id="3865" type="partial gc" contextid="0" timestamp="2019-08-09T00:19:31.717" intervalms="221.031" />
<gc-start id="3866" type="partial gc" contextid="3865" timestamp="2019-08-09T00:19:31.717">
  <mem-info id="3867" free="88080384" total="268435456" percent="32">
    <mem type="eden" free="0" total="73400320" percent="0" />
    <remembered-set count="50976" freebytes="10527616" totalbytes="10731520" percent="98" regionsoverflowed="0" regionsstable="8" regionsrebuilding="0"/>
  </mem-info>
</gc-start>
<allocation-stats totalBytes="73387760" >
  <allocated-bytes non-tlh="0" tlh="73387760" arrayletleaf="0"/>
  <largest-consumer threadName="Thread-29" threadId="000000000232DD00" bytes="6912872" />
</allocation-stats>
<gc-op id="3868" type="copy forward" timems="18.245" contextid="3865" timestamp="2019-08-09T00:19:31.737">
  <memory-copied type="eden" objects="12883" bytes="452944" bytesdiscarded="32944" />
  <memory-copied type="other" objects="59613" bytes="2392344" bytesdiscarded="264576" />
  <memory-cardclean objects="20092" bytes="1036512" />
  <regions eden="35" other="4" />
  <remembered-set-cleared processed="33660" cleared="1761" durationms="0.262" />
  <stringconstants candidates="15163" cleared="0"  />
</gc-op>
<gc-op id="3869" type="classunload" timems="0.012" contextid="3865" timestamp="2019-08-09T00:19:31.737">
  <classunload-info classloadercandidates="55" classloadersunloaded="0" classesunloaded="0" anonymousclassesunloaded="0" quiescems="0.000" setupms="0.012" scanms="0.000" postms="0.000" />
</gc-op>
<heap-resize id="3870" type="expand" space="default" amount="10485760" count="1" timems="0.074" reason="excessive time being spent in gc" timestamp="2019-08-09T00:19:31.738" />
<gc-end id="3871" type="partial gc" contextid="3865" durationms="20.261" usertimems="41.514" systemtimems="20.593" timestamp="2019-08-09T00:19:31.738" activeThreads="16">
  <mem-info id="3872" free="167772160" total="278921216" percent="60">
    <mem type="eden" free="3708416" total="4194304" percent="88" />
    <remembered-set count="52224" freebytes="10941824" totalbytes="11150720" percent="98" regionsoverflowed="0" regionsstable="8" regionsrebuilding="0"/>
  </mem-info>
</gc-end>
<cycle-end id="3873" type="partial gc" contextid="3865" timestamp="2019-08-09T00:19:31.738" />
  <attribute name="elasticGC enabled" value="1" />
  <attribute name= "numThreadsSpecified" value="16" />
  <attribute name="heapSize specified" value="0" />
  <attribute name="Current GC Util" value="144" />
  <attribute name= "Current Time Running" value="181952" />
  <attribute name ="GC Interval" value="0" />
  <attribute name="Target GC Util Change" value ="80.000000" />
  <attribute name="Current GC Util Change" value="144.000000"/>
  <attribute name="Current Error" value="-64.000000" />
  <attribute name="Output H" value="268473264"/>
  <attribute name="Output I" value="1968"/>
  <attribute name="Output T" value="16"/>
  <attribute name= "Current Time Running" value="181952" />
  <attribute name="GC Util currently" value="144" />
  <attribute name="CPU Util currently" value="1237164916424" />
<exclusive-end id="3874" timestamp="2019-08-09T00:19:31.738" durationms="21.375" />

<exclusive-start id="3875" timestamp="2019-08-09T00:19:31.894" intervalms="177.368">
  <response-info timems="31.287" idlems="28.833" threads="1" lastid="0000000002304600" lastname="Thread-23" />
</exclusive-start>
<allocation-taxation id="3876" taxation-threshold="77594624" timestamp="2019-08-09T00:19:31.894" intervalms="177.374" />
<cycle-start id="3877" type="partial gc" contextid="0" timestamp="2019-08-09T00:19:31.895" intervalms="178.111" />
<gc-start id="3878" type="partial gc" contextid="3877" timestamp="2019-08-09T00:19:31.895">
  <mem-info id="3879" free="90177536" total="278921216" percent="32">
    <mem type="eden" free="0" total="77594624" percent="0" />
    <remembered-set count="51968" freebytes="10942848" totalbytes="11150720" percent="98" regionsoverflowed="0" regionsstable="8" regionsrebuilding="0"/>
  </mem-info>
</gc-start>
<allocation-stats totalBytes="77581328" >
  <allocated-bytes non-tlh="0" tlh="77581328" arrayletleaf="0"/>
  <largest-consumer threadName="Thread-28" threadId="00000000022E2B00" bytes="7305960" />
</allocation-stats>
<gc-op id="3880" type="copy forward" timems="74.995" contextid="3877" timestamp="2019-08-09T00:19:31.974">
  <memory-copied type="eden" objects="15578" bytes="516816" bytesdiscarded="50600" />
  <memory-copied type="other" objects="62237" bytes="2592696" bytesdiscarded="163576" />
  <memory-cardclean objects="26360" bytes="1331304" />
  <regions eden="37" other="5" />
  <remembered-set-cleared processed="35362" cleared="4411" durationms="1.671" />
  <stringconstants candidates="15163" cleared="0"  />
</gc-op>
<gc-op id="3881" type="classunload" timems="0.011" contextid="3877" timestamp="2019-08-09T00:19:31.974">
  <classunload-info classloadercandidates="55" classloadersunloaded="0" classesunloaded="0" anonymousclassesunloaded="0" quiescems="0.000" setupms="0.010" scanms="0.000" postms="0.000" />
</gc-op>
<gc-end id="3882" type="partial gc" contextid="3877" durationms="79.134" usertimems="74.062" systemtimems="68.983" timestamp="2019-08-09T00:19:31.974" activeThreads="16">
  <mem-info id="3883" free="167772160" total="278921216" percent="60">
    <mem type="eden" free="1529736" total="2097152" percent="72" />
    <remembered-set count="53216" freebytes="10937856" totalbytes="11150720" percent="98" regionsoverflowed="0" regionsstable="8" regionsrebuilding="0"/>
  </mem-info>
</gc-end>
<cycle-end id="3884" type="partial gc" contextid="3877" timestamp="2019-08-09T00:19:31.975" />
  <attribute name="elasticGC enabled" value="1" />
  <attribute name= "numThreadsSpecified" value="16" />
  <attribute name="heapSize specified" value="0" />
  <attribute name="Current GC Util" value="10" />
  <attribute name= "Current Time Running" value="182132" />
  <attribute name ="GC Interval" value="0" />
  <attribute name="Target GC Util Change" value ="80.000000" />
  <attribute name="Current GC Util Change" value="10.000000"/>
  <attribute name="Current Error" value="60.000000" />
  <attribute name="Output H" value="278959096"/>
  <attribute name="Output I" value="2040"/>
  <attribute name="Output T" value="16"/>
  <attribute name= "Current Time Running" value="182132" />
  <attribute name="GC Util currently" value="10" />
  <attribute name="CPU Util currently" value="327433284435" />
<exclusive-end id="3885" timestamp="2019-08-09T00:19:31.975" durationms="80.699" />

<exclusive-start id="3886" timestamp="2019-08-09T00:19:32.152" intervalms="257.317">
  <response-info timems="6.684" idlems="6.684" threads="0" lastid="000000000230FE00" lastname="Thread-26" />
</exclusive-start>
<allocation-taxation id="3887" taxation-threshold="77594624" timestamp="2019-08-09T00:19:32.152" intervalms="257.351" />
<cycle-start id="3888" type="partial gc" contextid="0" timestamp="2019-08-09T00:19:32.152" intervalms="256.930" />
<gc-start id="3889" type="partial gc" contextid="3888" timestamp="2019-08-09T00:19:32.152">
  <mem-info id="3890" free="90177536" total="278921216" percent="32">
    <mem type="eden" free="0" total="77594624" percent="0" />
    <remembered-set count="53216" freebytes="10937856" totalbytes="11150720" percent="98" regionsoverflowed="0" regionsstable="8" regionsrebuilding="0"/>
  </mem-info>
</gc-start>
<allocation-stats totalBytes="77581496" >
  <allocated-bytes non-tlh="0" tlh="77581496" arrayletleaf="0"/>
  <largest-consumer threadName="Thread-35" threadId="00000000022D7700" bytes="8371088" />
</allocation-stats>
<gc-op id="3891" type="copy forward" timems="115.043" contextid="3888" timestamp="2019-08-09T00:19:32.271">
  <memory-copied type="eden" objects="12220" bytes="437112" bytesdiscarded="52592" />
  <memory-copied type="other" objects="48815" bytes="1858440" bytesdiscarded="137664" />
  <memory-cardclean objects="34221" bytes="1728312" />
  <regions eden="37" other="4" />
  <remembered-set-cleared processed="36597" cleared="5398" durationms="0.224" />
  <stringconstants candidates="15163" cleared="0"  />
</gc-op>
<gc-op id="3892" type="classunload" timems="0.015" contextid="3888" timestamp="2019-08-09T00:19:32.271">
  <classunload-info classloadercandidates="55" classloadersunloaded="0" classesunloaded="0" anonymousclassesunloaded="0" quiescems="0.000" setupms="0.015" scanms="0.000" postms="0.000" />
</gc-op>
<heap-resize id="3893" type="expand" space="default" amount="4194304" count="1" timems="0.067" reason="excessive time being spent in gc" timestamp="2019-08-09T00:19:32.271" />
<gc-end id="3894" type="partial gc" contextid="3888" durationms="118.883" usertimems="42.209" systemtimems="78.023" timestamp="2019-08-09T00:19:32.271" activeThreads="16">
  <mem-info id="3895" free="169869312" total="283115520" percent="60">
    <mem type="eden" free="1607448" total="2097152" percent="76" />
    <remembered-set count="55008" freebytes="11098368" totalbytes="11318400" percent="98" regionsoverflowed="0" regionsstable="8" regionsrebuilding="0"/>
  </mem-info>
</gc-end>
<cycle-end id="3896" type="partial gc" contextid="3888" timestamp="2019-08-09T00:19:32.272" />
  <attribute name="elasticGC enabled" value="1" />
  <attribute name= "numThreadsSpecified" value="16" />
  <attribute name="heapSize specified" value="0" />
  <attribute name="Current GC Util" value="137" />
  <attribute name= "Current Time Running" value="182389" />
  <attribute name ="GC Interval" value="0" />
  <attribute name="Target GC Util Change" value ="80.000000" />
  <attribute name="Current GC Util Change" value="137.000000"/>
  <attribute name="Current Error" value="28.000000" />
  <attribute name="Output H" value="278959072"/>
  <attribute name="Output I" value="2016"/>
  <attribute name="Output T" value="16"/>
  <attribute name= "Current Time Running" value="182389" />
  <attribute name="GC Util currently" value="137" />
  <attribute name="CPU Util currently" value="422626233816" />
<exclusive-end id="3897" timestamp="2019-08-09T00:19:32.272" durationms="120.814" />

<exclusive-start id="3898" timestamp="2019-08-09T00:19:32.339" intervalms="187.732">
  <response-info timems="0.653" idlems="0.252" threads="3" lastid="0000000002322A00" lastname="Thread-31" />
</exclusive-start>
<allocation-taxation id="3899" taxation-threshold="77594624" timestamp="2019-08-09T00:19:32.339" intervalms="187.701" />
<cycle-start id="3900" type="partial gc" contextid="0" timestamp="2019-08-09T00:19:32.340" intervalms="187.458" />
<gc-start id="3901" type="partial gc" contextid="3900" timestamp="2019-08-09T00:19:32.340">
  <mem-info id="3902" free="92274688" total="283115520" percent="32">
    <mem type="eden" free="0" total="77594624" percent="0" />
    <remembered-set count="54592" freebytes="11100032" totalbytes="11318400" percent="98" regionsoverflowed="0" regionsstable="8" regionsrebuilding="0"/>
  </mem-info>
</gc-start>
<allocation-stats totalBytes="77581184" >
  <allocated-bytes non-tlh="0" tlh="77581184" arrayletleaf="0"/>
  <largest-consumer threadName="Thread-33" threadId="00000000022DB300" bytes="8448640" />
</allocation-stats>
<gc-op id="3903" type="copy forward" timems="103.340" contextid="3900" timestamp="2019-08-09T00:19:32.445">
  <memory-copied type="eden" objects="17010" bytes="551648" bytesdiscarded="47208" />
  <memory-copied type="other" objects="54596" bytes="2134560" bytesdiscarded="178376" />
  <memory-cardclean objects="35596" bytes="1774392" />
  <regions eden="37" other="4" />
  <remembered-set-cleared processed="37730" cleared="5264" durationms="0.453" />
  <stringconstants candidates="15163" cleared="0"  />
</gc-op>
<gc-op id="3904" type="classunload" timems="0.010" contextid="3900" timestamp="2019-08-09T00:19:32.445">
  <classunload-info classloadercandidates="55" classloadersunloaded="0" classesunloaded="0" anonymousclassesunloaded="0" quiescems="0.000" setupms="0.010" scanms="0.000" postms="0.000" />
</gc-op>
<heap-resize id="3905" type="expand" space="default" amount="6291456" count="1" timems="0.067" reason="excessive time being spent in gc" timestamp="2019-08-09T00:19:32.446" />
<gc-end id="3906" type="partial gc" contextid="3900" durationms="105.586" usertimems="48.733" systemtimems="46.246" timestamp="2019-08-09T00:19:32.446" activeThreads="8">
  <mem-info id="3907" free="174063616" total="289406976" percent="60">
    <mem type="eden" free="1498296" total="2097152" percent="71" />
    <remembered-set count="61376" freebytes="11324416" totalbytes="11569920" percent="97" regionsoverflowed="0" regionsstable="8" regionsrebuilding="0"/>
  </mem-info>
</gc-end>
<cycle-end id="3908" type="partial gc" contextid="3900" timestamp="2019-08-09T00:19:32.446" />
  <attribute name="elasticGC enabled" value="1" />
  <attribute name= "numThreadsSpecified" value="8" />
  <attribute name="heapSize specified" value="0" />
  <attribute name="Current GC Util" value="91" />
  <attribute name= "Current Time Running" value="182575" />
  <attribute name ="GC Interval" value="0" />
  <attribute name="Target GC Util Change" value ="80.000000" />
  <attribute name="Current GC Util Change" value="91.000000"/>
  <attribute name="Current Error" value="-11.000000" />
  <attribute name="Output H" value="283153360"/>
  <attribute name="Output I" value="2000"/>
  <attribute name="Output T" value="8"/>
  <attribute name= "Current Time Running" value="182575" />
  <attribute name="GC Util currently" value="91" />
  <attribute name="CPU Util currently" value="812893100251" />
<exclusive-end id="3909" timestamp="2019-08-09T00:19:32.447" durationms="107.463" />

<exclusive-start id="3910" timestamp="2019-08-09T00:19:32.519" intervalms="179.763">
  <response-info timems="5.027" idlems="2.718" threads="1" lastid="0000000002308200" lastname="Thread-27" />
</exclusive-start>
<allocation-taxation id="3911" taxation-threshold="79691776" timestamp="2019-08-09T00:19:32.519" intervalms="179.820" />
<cycle-start id="3912" type="partial gc" contextid="0" timestamp="2019-08-09T00:19:32.519" intervalms="179.707" />
<gc-start id="3913" type="partial gc" contextid="3912" timestamp="2019-08-09T00:19:32.519">
  <mem-info id="3914" free="94371840" total="289406976" percent="32">
    <mem type="eden" free="0" total="79691776" percent="0" />
    <remembered-set count="60896" freebytes="11326336" totalbytes="11569920" percent="97" regionsoverflowed="0" regionsstable="8" regionsrebuilding="0"/>
  </mem-info>
</gc-start>
<allocation-stats totalBytes="79677504" >
  <allocated-bytes non-tlh="0" tlh="79677504" arrayletleaf="0"/>
  <largest-consumer threadName="Thread-22" threadId="0000000002317600" bytes="8354448" />
</allocation-stats>
<gc-op id="3915" type="copy forward" timems="115.537" contextid="3912" timestamp="2019-08-09T00:19:32.637">
  <memory-copied type="eden" objects="26236" bytes="1048168" bytesdiscarded="108144" />
  <memory-copied type="other" objects="59155" bytes="2381352" bytesdiscarded="265224" />
  <memory-cardclean objects="31569" bytes="1574472" />
  <regions eden="38" other="4" />
  <remembered-set-cleared processed="39604" cleared="7008" durationms="0.392" />
  <stringconstants candidates="15163" cleared="0"  />
</gc-op>
<gc-op id="3916" type="classunload" timems="0.012" contextid="3912" timestamp="2019-08-09T00:19:32.637">
  <classunload-info classloadercandidates="55" classloadersunloaded="0" classesunloaded="0" anonymousclassesunloaded="0" quiescems="0.000" setupms="0.012" scanms="0.000" postms="0.000" />
</gc-op>
<heap-resize id="3917" type="expand" space="default" amount="4194304" count="1" timems="0.062" reason="excessive time being spent in gc" timestamp="2019-08-09T00:19:32.638" />
<gc-end id="3918" type="partial gc" contextid="3912" durationms="118.106" usertimems="65.099" systemtimems="83.809" timestamp="2019-08-09T00:19:32.638" activeThreads="16">
  <mem-info id="3919" free="176160768" total="293601280" percent="60">
    <mem type="eden" free="940840" total="2097152" percent="44" />
    <remembered-set count="57632" freebytes="11507072" totalbytes="11737600" percent="98" regionsoverflowed="0" regionsstable="8" regionsrebuilding="0"/>
  </mem-info>
</gc-end>
<cycle-end id="3920" type="partial gc" contextid="3912" timestamp="2019-08-09T00:19:32.638" />
  <attribute name="elasticGC enabled" value="1" />
  <attribute name= "numThreadsSpecified" value="16" />
  <attribute name="heapSize specified" value="0" />
  <attribute name="Current GC Util" value="167" />
  <attribute name= "Current Time Running" value="182754" />
  <attribute name ="GC Interval" value="0" />
  <attribute name="Target GC Util Change" value ="80.000000" />
  <attribute name="Current GC Util Change" value="167.000000"/>
  <attribute name="Current Error" value="-70.000000" />
  <attribute name="Output H" value="289444776"/>
  <attribute name="Output I" value="1960"/>
  <attribute name="Output T" value="16"/>
  <attribute name= "Current Time Running" value="182754" />
  <attribute name="GC Util currently" value="167" />
  <attribute name="CPU Util currently" value="958807077915" />
<exclusive-end id="3921" timestamp="2019-08-09T00:19:32.638" durationms="119.252" />

<exclusive-start id="3922" timestamp="2019-08-09T00:19:32.784" intervalms="264.698">
  <response-info timems="0.496" idlems="0.496" threads="0" lastid="0000000002308200" lastname="Thread-27" />
</exclusive-start>
<allocation-taxation id="3923" taxation-threshold="79691776" timestamp="2019-08-09T00:19:32.784" intervalms="264.718" />
<cycle-start id="3924" type="partial gc" contextid="0" timestamp="2019-08-09T00:19:32.784" intervalms="265.144" />
<gc-start id="3925" type="partial gc" contextid="3924" timestamp="2019-08-09T00:19:32.785">
  <mem-info id="3926" free="96468992" total="293601280" percent="32">
    <mem type="eden" free="0" total="79691776" percent="0" />
    <remembered-set count="57632" freebytes="11507072" totalbytes="11737600" percent="98" regionsoverflowed="0" regionsstable="8" regionsrebuilding="0"/>
  </mem-info>
</gc-start>
<allocation-stats totalBytes="79678008" >
  <allocated-bytes non-tlh="0" tlh="79678008" arrayletleaf="0"/>
  <largest-consumer threadName="Thread-34" threadId="00000000022DEF00" bytes="11946128" />
</allocation-stats>
<gc-op id="3927" type="copy forward" timems="132.428" contextid="3924" timestamp="2019-08-09T00:19:32.920">
  <memory-copied type="eden" objects="33970" bytes="1508480" bytesdiscarded="155136" />
  <memory-copied type="other" objects="60509" bytes="2276472" bytesdiscarded="271464" />
  <memory-cardclean objects="37948" bytes="1936392" />
  <regions eden="38" other="4" />
  <remembered-set-cleared processed="39777" cleared="6096" durationms="0.820" />
  <stringconstants candidates="15163" cleared="0"  />
</gc-op>
<gc-op id="3928" type="classunload" timems="0.016" contextid="3924" timestamp="2019-08-09T00:19:32.920">
  <classunload-info classloadercandidates="55" classloadersunloaded="0" classesunloaded="0" anonymousclassesunloaded="0" quiescems="0.000" setupms="0.016" scanms="0.000" postms="0.000" />
</gc-op>
<heap-resize id="3929" type="expand" space="default" amount="6291456" count="1" timems="0.072" reason="excessive time being spent in gc" timestamp="2019-08-09T00:19:32.921" />
<gc-end id="3930" type="partial gc" contextid="3924" durationms="135.543" usertimems="44.794" systemtimems="48.711" timestamp="2019-08-09T00:19:32.921" activeThreads="16">
  <mem-info id="3931" free="180355072" total="299892736" percent="60">
    <mem type="eden" free="433536" total="2097152" percent="20" />
    <remembered-set count="59360" freebytes="11751680" totalbytes="11989120" percent="98" regionsoverflowed="0" regionsstable="8" regionsrebuilding="0"/>
  </mem-info>
</gc-end>
<cycle-end id="3932" type="partial gc" contextid="3924" timestamp="2019-08-09T00:19:32.921" />
  <attribute name="elasticGC enabled" value="1" />
  <attribute name= "numThreadsSpecified" value="16" />
  <attribute name="heapSize specified" value="0" />
  <attribute name="Current GC Util" value="82" />
  <attribute name= "Current Time Running" value="183021" />
  <attribute name ="GC Interval" value="0" />
  <attribute name="Target GC Util Change" value ="80.000000" />
  <attribute name="Current GC Util Change" value="82.000000"/>
  <attribute name="Current Error" value="-47.000000" />
  <attribute name="Output H" value="293639096"/>
  <attribute name="Output I" value="1976"/>
  <attribute name="Output T" value="16"/>
  <attribute name= "Current Time Running" value="183021" />
  <attribute name="GC Util currently" value="82" />
  <attribute name="CPU Util currently" value="583861733907" />
<exclusive-end id="3933" timestamp="2019-08-09T00:19:32.921" durationms="137.475" />

<exclusive-start id="3934" timestamp="2019-08-09T00:19:33.005" intervalms="220.836">
  <response-info timems="2.296" idlems="2.296" threads="0" lastid="00000000022DB300" lastname="Thread-33" />
</exclusive-start>
<allocation-taxation id="3935" taxation-threshold="81788928" timestamp="2019-08-09T00:19:33.005" intervalms="220.778" />
<cycle-start id="3936" type="partial gc" contextid="0" timestamp="2019-08-09T00:19:33.005" intervalms="220.539" />
<gc-start id="3937" type="partial gc" contextid="3936" timestamp="2019-08-09T00:19:33.005">
  <mem-info id="3938" free="98566144" total="299892736" percent="32">
    <mem type="eden" free="0" total="81788928" percent="0" />
    <remembered-set count="59008" freebytes="11753088" totalbytes="11989120" percent="98" regionsoverflowed="0" regionsstable="8" regionsrebuilding="0"/>
  </mem-info>
</gc-start>
<allocation-stats totalBytes="81774504" >
  <allocated-bytes non-tlh="0" tlh="81774504" arrayletleaf="0"/>
  <largest-consumer threadName="Thread-34" threadId="00000000022DEF00" bytes="9865664" />
</allocation-stats>
<gc-op id="3939" type="copy forward" timems="90.648" contextid="3936" timestamp="2019-08-09T00:19:33.098">
  <memory-copied type="eden" objects="12845" bytes="452128" bytesdiscarded="80280" />
  <memory-copied type="other" objects="87615" bytes="3613896" bytesdiscarded="329072" />
  <memory-cardclean objects="33747" bytes="1693104" />
  <regions eden="39" other="4" />
  <remembered-set-cleared processed="40168" cleared="5125" durationms="0.311" />
  <stringconstants candidates="15163" cleared="0"  />
</gc-op>
<gc-op id="3940" type="classunload" timems="0.015" contextid="3936" timestamp="2019-08-09T00:19:33.098">
  <classunload-info classloadercandidates="55" classloadersunloaded="0" classesunloaded="0" anonymousclassesunloaded="0" quiescems="0.000" setupms="0.015" scanms="0.000" postms="0.000" />
</gc-op>
<heap-resize id="3941" type="expand" space="default" amount="4194304" count="1" timems="0.061" reason="excessive time being spent in gc" timestamp="2019-08-09T00:19:33.098" />
<gc-end id="3942" type="partial gc" contextid="3936" durationms="92.958" usertimems="52.093" systemtimems="59.591" timestamp="2019-08-09T00:19:33.098" activeThreads="16">
  <mem-info id="3943" free="182452224" total="304087040" percent="60">
    <mem type="eden" free="1564744" total="2097152" percent="74" />
    <remembered-set count="60480" freebytes="11914880" totalbytes="12156800" percent="98" regionsoverflowed="0" regionsstable="8" regionsrebuilding="0"/>
  </mem-info>
</gc-end>
<cycle-end id="3944" type="partial gc" contextid="3936" timestamp="2019-08-09T00:19:33.098" />
  <attribute name="elasticGC enabled" value="1" />
  <attribute name= "numThreadsSpecified" value="16" />
  <attribute name="heapSize specified" value="0" />
  <attribute name="Current GC Util" value="72" />
  <attribute name= "Current Time Running" value="183240" />
  <attribute name ="GC Interval" value="0" />
  <attribute name="Target GC Util Change" value ="80.000000" />
  <attribute name="Current GC Util Change" value="72.000000"/>
  <attribute name="Current Error" value="8.000000" />
  <attribute name="Output H" value="299930584"/>
  <attribute name="Output I" value="2008"/>
  <attribute name="Output T" value="16"/>
  <attribute name= "Current Time Running" value="183240" />
  <attribute name="GC Util currently" value="72" />
  <attribute name="CPU Util currently" value="834069243762" />
<exclusive-end id="3945" timestamp="2019-08-09T00:19:33.098" durationms="93.805" />

<exclusive-start id="3946" timestamp="2019-08-09T00:19:33.159" intervalms="154.090">
  <response-info timems="4.150" idlems="4.150" threads="0" lastid="00000000022D7700" lastname="Thread-35" />
</exclusive-start>
<allocation-taxation id="3947" taxation-threshold="83886080" timestamp="2019-08-09T00:19:33.159" intervalms="154.473" />
<cycle-start id="3948" type="partial gc" contextid="0" timestamp="2019-08-09T00:19:33.160" intervalms="154.636" />
<gc-start id="3949" type="partial gc" contextid="3948" timestamp="2019-08-09T00:19:33.160">
  <mem-info id="3950" free="98566144" total="304087040" percent="32">
    <mem type="eden" free="0" total="83886080" percent="0" />
    <remembered-set count="60256" freebytes="11915776" totalbytes="12156800" percent="98" regionsoverflowed="0" regionsstable="8" regionsrebuilding="0"/>
  </mem-info>
</gc-start>
<allocation-stats totalBytes="83871104" >
  <allocated-bytes non-tlh="0" tlh="83871104" arrayletleaf="0"/>
  <largest-consumer threadName="Thread-34" threadId="00000000022DEF00" bytes="9202024" />
</allocation-stats>
<gc-op id="3951" type="copy forward" timems="84.572" contextid="3948" timestamp="2019-08-09T00:19:33.250">
  <memory-copied type="eden" objects="5771" bytes="144488" bytesdiscarded="15400" />
  <memory-copied type="other" objects="68479" bytes="2879880" bytesdiscarded="250176" />
  <memory-cardclean objects="28355" bytes="1428792" />
  <regions eden="40" other="4" />
  <remembered-set-cleared processed="41928" cleared="4281" durationms="0.529" />
  <stringconstants candidates="15163" cleared="0"  />
</gc-op>
<gc-op id="3952" type="classunload" timems="0.014" contextid="3948" timestamp="2019-08-09T00:19:33.250">
  <classunload-info classloadercandidates="55" classloadersunloaded="0" classesunloaded="0" anonymousclassesunloaded="0" quiescems="0.000" setupms="0.014" scanms="0.000" postms="0.000" />
</gc-op>
<heap-resize id="3953" type="expand" space="default" amount="6291456" count="1" timems="0.069" reason="excessive time being spent in gc" timestamp="2019-08-09T00:19:33.250" />
<gc-end id="3954" type="partial gc" contextid="3948" durationms="90.252" usertimems="49.858" systemtimems="35.353" timestamp="2019-08-09T00:19:33.250" activeThreads="16">
  <mem-info id="3955" free="186646528" total="310378496" percent="60">
    <mem type="eden" free="1937264" total="2097152" percent="92" />
    <remembered-set count="61888" freebytes="12160768" totalbytes="12408320" percent="98" regionsoverflowed="0" regionsstable="8" regionsrebuilding="0"/>
  </mem-info>
</gc-end>
<cycle-end id="3956" type="partial gc" contextid="3948" timestamp="2019-08-09T00:19:33.250" />
  <attribute name="elasticGC enabled" value="1" />
  <attribute name= "numThreadsSpecified" value="16" />
  <attribute name="heapSize specified" value="0" />
  <attribute name="Current GC Util" value="151" />
  <attribute name= "Current Time Running" value="183398" />
  <attribute name ="GC Interval" value="0" />
  <attribute name="Target GC Util Change" value ="80.000000" />
  <attribute name="Current GC Util Change" value="151.000000"/>
  <attribute name="Current Error" value="-54.000000" />
  <attribute name="Output H" value="304124856"/>
  <attribute name="Output I" value="1976"/>
  <attribute name="Output T" value="16"/>
  <attribute name= "Current Time Running" value="183398" />
  <attribute name="GC Util currently" value="151" />
  <attribute name="CPU Util currently" value="251661209025" />
<exclusive-end id="3957" timestamp="2019-08-09T00:19:33.250" durationms="91.788" />

<exclusive-start id="3958" timestamp="2019-08-09T00:19:33.309" intervalms="150.004">
  <response-info timems="2.677" idlems="0.959" threads="2" lastid="00000000022F9200" lastname="Thread-32" />
</exclusive-start>
<allocation-taxation id="3959" taxation-threshold="83886080" timestamp="2019-08-09T00:19:33.309" intervalms="149.633" />
<cycle-start id="3960" type="partial gc" contextid="0" timestamp="2019-08-09T00:19:33.309" intervalms="149.359" />
<gc-start id="3961" type="partial gc" contextid="3960" timestamp="2019-08-09T00:19:33.309">
  <mem-info id="3962" free="102760448" total="310378496" percent="33">
    <mem type="eden" free="0" total="83886080" percent="0" />
    <remembered-set count="61888" freebytes="12160768" totalbytes="12408320" percent="98" regionsoverflowed="0" regionsstable="8" regionsrebuilding="0"/>
  </mem-info>
</gc-start>
<allocation-stats totalBytes="83871424" >
  <allocated-bytes non-tlh="0" tlh="83871424" arrayletleaf="0"/>
  <largest-consumer threadName="Thread-35" threadId="00000000022D7700" bytes="9374344" />
</allocation-stats>
<gc-op id="3963" type="copy forward" timems="65.629" contextid="3960" timestamp="2019-08-09T00:19:33.377">
  <memory-copied type="eden" objects="6097" bytes="152328" bytesdiscarded="9328" />
  <memory-copied type="other" objects="51568" bytes="2061888" bytesdiscarded="193072" />
  <memory-cardclean objects="27165" bytes="1348848" />
  <regions eden="40" other="4" />
  <remembered-set-cleared processed="42518" cleared="3848" durationms="0.632" />
  <stringconstants candidates="15163" cleared="0"  />
</gc-op>
<gc-op id="3964" type="classunload" timems="0.011" contextid="3960" timestamp="2019-08-09T00:19:33.377">
  <classunload-info classloadercandidates="55" classloadersunloaded="0" classesunloaded="0" anonymousclassesunloaded="0" quiescems="0.000" setupms="0.011" scanms="0.000" postms="0.000" />
</gc-op>
<heap-resize id="3965" type="expand" space="default" amount="10485760" count="1" timems="0.073" reason="excessive time being spent in gc" timestamp="2019-08-09T00:19:33.377" />
<gc-end id="3966" type="partial gc" contextid="3960" durationms="67.956" usertimems="39.552" systemtimems="19.862" timestamp="2019-08-09T00:19:33.377" activeThreads="16">
  <mem-info id="3967" free="192937984" total="320864256" percent="60">
    <mem type="eden" free="4032648" total="4194304" percent="96" />
    <remembered-set count="63072" freebytes="12575232" totalbytes="12827520" percent="98" regionsoverflowed="0" regionsstable="8" regionsrebuilding="0"/>
  </mem-info>
</gc-end>
<cycle-end id="3968" type="partial gc" contextid="3960" timestamp="2019-08-09T00:19:33.377" />
  <attribute name="elasticGC enabled" value="1" />
  <attribute name= "numThreadsSpecified" value="16" />
  <attribute name="heapSize specified" value="0" />
  <attribute name="Current GC Util" value="77" />
  <attribute name= "Current Time Running" value="183544" />
  <attribute name ="GC Interval" value="0" />
  <attribute name="Target GC Util Change" value ="80.000000" />
  <attribute name="Current GC Util Change" value="77.000000"/>
  <attribute name="Current Error" value="-25.000000" />
  <attribute name="Output H" value="310416328"/>
  <attribute name="Output I" value="1992"/>
  <attribute name="Output T" value="16"/>
  <attribute name= "Current Time Running" value="183544" />
  <attribute name="GC Util currently" value="77" />
  <attribute name="CPU Util currently" value="761847539035" />
<exclusive-end id="3969" timestamp="2019-08-09T00:19:33.378" durationms="69.077" />

<exclusive-start id="3970" timestamp="2019-08-09T00:19:33.503" intervalms="194.512">
  <response-info timems="5.360" idlems="2.739" threads="1" lastid="0000000002317600" lastname="Thread-22" />
</exclusive-start>
<allocation-taxation id="3971" taxation-threshold="88080384" timestamp="2019-08-09T00:19:33.503" intervalms="194.520" />
<cycle-start id="3972" type="partial gc" contextid="0" timestamp="2019-08-09T00:19:33.504" intervalms="194.716" />
<gc-start id="3973" type="partial gc" contextid="3972" timestamp="2019-08-09T00:19:33.505">
  <mem-info id="3974" free="104857600" total="320864256" percent="32">
    <mem type="eden" free="0" total="88080384" percent="0" />
    <remembered-set count="62688" freebytes="12576768" totalbytes="12827520" percent="98" regionsoverflowed="0" regionsstable="8" regionsrebuilding="0"/>
  </mem-info>
</gc-start>
<allocation-stats totalBytes="88064776" >
  <allocated-bytes non-tlh="0" tlh="88064776" arrayletleaf="0"/>
  <largest-consumer threadName="Thread-34" threadId="00000000022DEF00" bytes="10917960" />
</allocation-stats>
<gc-op id="3975" type="copy forward" timems="81.744" contextid="3972" timestamp="2019-08-09T00:19:33.590">
  <memory-copied type="eden" objects="15273" bytes="510144" bytesdiscarded="29832" />
  <memory-copied type="other" objects="65706" bytes="2675952" bytesdiscarded="298056" />
  <memory-cardclean objects="31867" bytes="1586904" />
  <regions eden="42" other="6" />
  <remembered-set-cleared processed="42071" cleared="7483" durationms="0.243" />
  <stringconstants candidates="15163" cleared="0"  />
</gc-op>
<gc-op id="3976" type="classunload" timems="0.011" contextid="3972" timestamp="2019-08-09T00:19:33.590">
  <classunload-info classloadercandidates="55" classloadersunloaded="0" classesunloaded="0" anonymousclassesunloaded="0" quiescems="0.000" setupms="0.010" scanms="0.000" postms="0.000" />
</gc-op>
<gc-end id="3977" type="partial gc" contextid="3972" durationms="85.764" usertimems="40.563" systemtimems="54.173" timestamp="2019-08-09T00:19:33.590" activeThreads="16">
  <mem-info id="3978" free="192937984" total="320864256" percent="60">
    <mem type="eden" free="1557176" total="2097152" percent="74" />
    <remembered-set count="63680" freebytes="12572800" totalbytes="12827520" percent="98" regionsoverflowed="0" regionsstable="8" regionsrebuilding="0"/>
  </mem-info>
</gc-end>
<cycle-end id="3979" type="partial gc" contextid="3972" timestamp="2019-08-09T00:19:33.591" />
  <attribute name="elasticGC enabled" value="1" />
  <attribute name= "numThreadsSpecified" value="16" />
  <attribute name="heapSize specified" value="0" />
  <attribute name="Current GC Util" value="191" />
  <attribute name= "Current Time Running" value="183742" />
  <attribute name ="GC Interval" value="0" />
  <attribute name="Target GC Util Change" value ="80.000000" />
  <attribute name="Current GC Util Change" value="191.000000"/>
  <attribute name="Current Error" value="-111.000000" />
  <attribute name="Output H" value="320902032"/>
  <attribute name="Output I" value="1936"/>
  <attribute name="Output T" value="16"/>
  <attribute name= "Current Time Running" value="183742" />
  <attribute name="GC Util currently" value="191" />
  <attribute name="CPU Util currently" value="330602802859" />
<exclusive-end id="3980" timestamp="2019-08-09T00:19:33.591" durationms="87.716" />

<exclusive-start id="3981" timestamp="2019-08-09T00:19:33.697" intervalms="193.997">
  <response-info timems="1.363" idlems="1.363" threads="0" lastid="000000000232DD00" lastname="Thread-29" />
</exclusive-start>
<allocation-taxation id="3982" taxation-threshold="88080384" timestamp="2019-08-09T00:19:33.697" intervalms="193.953" />
<cycle-start id="3983" type="partial gc" contextid="0" timestamp="2019-08-09T00:19:33.697" intervalms="193.825" />
<gc-start id="3984" type="partial gc" contextid="3983" timestamp="2019-08-09T00:19:33.698">
  <mem-info id="3985" free="104857600" total="320864256" percent="32">
    <mem type="eden" free="0" total="88080384" percent="0" />
    <remembered-set count="63584" freebytes="12573184" totalbytes="12827520" percent="98" regionsoverflowed="0" regionsstable="8" regionsrebuilding="0"/>
  </mem-info>
</gc-start>
<allocation-stats totalBytes="88065072" >
  <allocated-bytes non-tlh="0" tlh="88065072" arrayletleaf="0"/>
  <largest-consumer threadName="Thread-24" threadId="00000000022F5600" bytes="9349888" />
</allocation-stats>
<gc-op id="3986" type="copy forward" timems="17.918" contextid="3983" timestamp="2019-08-09T00:19:33.718">
  <memory-copied type="eden" objects="18874" bytes="733320" bytesdiscarded="38312" />
  <memory-copied type="other" objects="69346" bytes="2900688" bytesdiscarded="218352" />
  <memory-cardclean objects="27197" bytes="1377696" />
  <regions eden="42" other="5" />
  <remembered-set-cleared processed="42956" cleared="7140" durationms="0.743" />
  <stringconstants candidates="15163" cleared="0"  />
</gc-op>
<gc-op id="3987" type="classunload" timems="0.012" contextid="3983" timestamp="2019-08-09T00:19:33.718">
  <classunload-info classloadercandidates="55" classloadersunloaded="0" classesunloaded="0" anonymousclassesunloaded="0" quiescems="0.000" setupms="0.012" scanms="0.000" postms="0.000" />
</gc-op>
<heap-resize id="3988" type="expand" space="default" amount="10485760" count="1" timems="0.269" reason="excessive time being spent in gc" timestamp="2019-08-09T00:19:33.718" />
<gc-end id="3989" type="partial gc" contextid="3983" durationms="19.882" usertimems="25.229" systemtimems="17.772" timestamp="2019-08-09T00:19:33.718" activeThreads="16">
  <mem-info id="3990" free="199229440" total="331350016" percent="60">
    <mem type="eden" free="3422672" total="4194304" percent="81" />
    <remembered-set count="63616" freebytes="12992256" totalbytes="13246720" percent="98" regionsoverflowed="0" regionsstable="8" regionsrebuilding="0"/>
  </mem-info>
</gc-end>
<cycle-end id="3991" type="partial gc" contextid="3983" timestamp="2019-08-09T00:19:33.718" />
  <attribute name="elasticGC enabled" value="1" />
  <attribute name= "numThreadsSpecified" value="16" />
  <attribute name="heapSize specified" value="0" />
  <attribute name="Current GC Util" value="91" />
  <attribute name= "Current Time Running" value="183933" />
  <attribute name ="GC Interval" value="0" />
  <attribute name="Target GC Util Change" value ="80.000000" />
  <attribute name="Current GC Util Change" value="91.000000"/>
  <attribute name="Current Error" value="-88.000000" />
  <attribute name="Output H" value="320902048"/>
  <attribute name="Output I" value="1952"/>
  <attribute name="Output T" value="16"/>
  <attribute name= "Current Time Running" value="183933" />
  <attribute name="GC Util currently" value="91" />
  <attribute name="CPU Util currently" value="1050450961504" />
<exclusive-end id="3992" timestamp="2019-08-09T00:19:33.718" durationms="21.326" />

<exclusive-start id="3993" timestamp="2019-08-09T00:19:33.799" intervalms="102.113">
  <response-info timems="5.503" idlems="5.503" threads="0" lastid="0000000002308200" lastname="Thread-27" />
</exclusive-start>
<allocation-taxation id="3994" taxation-threshold="90177536" timestamp="2019-08-09T00:19:33.799" intervalms="102.175" />
<cycle-start id="3995" type="partial gc" contextid="0" timestamp="2019-08-09T00:19:33.800" intervalms="102.205" />
<gc-start id="3996" type="partial gc" contextid="3995" timestamp="2019-08-09T00:19:33.800">
  <mem-info id="3997" free="109051904" total="331350016" percent="32">
    <mem type="eden" free="0" total="90177536" percent="0" />
    <remembered-set count="63616" freebytes="12992256" totalbytes="13246720" percent="98" regionsoverflowed="0" regionsstable="8" regionsrebuilding="0"/>
  </mem-info>
</gc-start>
<allocation-stats totalBytes="90161752" >
  <allocated-bytes non-tlh="0" tlh="90161752" arrayletleaf="0"/>
  <largest-consumer threadName="Thread-32" threadId="00000000022F9200" bytes="10025480" />
</allocation-stats>
<gc-op id="3998" type="copy forward" timems="98.360" contextid="3995" timestamp="2019-08-09T00:19:33.900">
  <memory-copied type="eden" objects="19846" bytes="756720" bytesdiscarded="57688" />
  <memory-copied type="other" objects="63651" bytes="2626632" bytesdiscarded="213864" />
  <memory-cardclean objects="33763" bytes="1714560" />
  <regions eden="43" other="6" />
  <remembered-set-cleared processed="43494" cleared="8087" durationms="2.700" />
  <stringconstants candidates="15163" cleared="0"  />
</gc-op>
<gc-op id="3999" type="classunload" timems="0.012" contextid="3995" timestamp="2019-08-09T00:19:33.900">
  <classunload-info classloadercandidates="55" classloadersunloaded="0" classesunloaded="0" anonymousclassesunloaded="0" quiescems="0.000" setupms="0.012" scanms="0.000" postms="0.000" />
</gc-op>
<gc-end id="4000" type="partial gc" contextid="3995" durationms="100.115" usertimems="81.301" systemtimems="72.560" timestamp="2019-08-09T00:19:33.900" activeThreads="16">
  <mem-info id="4001" free="199229440" total="331350016" percent="60">
    <mem type="eden" free="1282744" total="2097152" percent="61" />
    <remembered-set count="65056" freebytes="12986496" totalbytes="13246720" percent="98" regionsoverflowed="0" regionsstable="8" regionsrebuilding="0"/>
  </mem-info>
</gc-end>
<cycle-end id="4002" type="partial gc" contextid="3995" timestamp="2019-08-09T00:19:33.900" />
  <attribute name="elasticGC enabled" value="1" />
  <attribute name= "numThreadsSpecified" value="16" />
  <attribute name="heapSize specified" value="0" />
  <attribute name="Current GC Util" value="138" />
  <attribute name= "Current Time Running" value="184035" />
  <attribute name ="GC Interval" value="0" />
  <attribute name="Target GC Util Change" value ="80.000000" />
  <attribute name="Current GC Util Change" value="138.000000"/>
  <attribute name="Current Error" value="-108.000000" />
  <attribute name="Output H" value="331387800"/>
  <attribute name="Output I" value="1944"/>
  <attribute name="Output T" value="16"/>
  <attribute name= "Current Time Running" value="184035" />
  <attribute name="GC Util currently" value="138" />
  <attribute name="CPU Util currently" value="1372907931583" />
<exclusive-end id="4003" timestamp="2019-08-09T00:19:33.901" durationms="101.406" />

<exclusive-start id="4004" timestamp="2019-08-09T00:19:33.999" intervalms="199.297">
  <response-info timems="4.287" idlems="2.652" threads="1" lastid="00000000022E6700" lastname="Thread-36" />
</exclusive-start>
<allocation-taxation id="4005" taxation-threshold="90177536" timestamp="2019-08-09T00:19:33.999" intervalms="199.802" />
<cycle-start id="4006" type="partial gc" contextid="0" timestamp="2019-08-09T00:19:34.000" intervalms="199.859" />
<gc-start id="4007" type="partial gc" contextid="4006" timestamp="2019-08-09T00:19:34.000">
  <mem-info id="4008" free="109051904" total="331350016" percent="32">
    <mem type="eden" free="0" total="90177536" percent="0" />
    <remembered-set count="64672" freebytes="12988032" totalbytes="13246720" percent="98" regionsoverflowed="0" regionsstable="8" regionsrebuilding="0"/>
  </mem-info>
</gc-start>
<allocation-stats totalBytes="90161256" >
  <allocated-bytes non-tlh="0" tlh="90161256" arrayletleaf="0"/>
  <largest-consumer threadName="Thread-32" threadId="00000000022F9200" bytes="10721296" />
</allocation-stats>
<gc-op id="4009" type="copy forward" timems="66.525" contextid="4006" timestamp="2019-08-09T00:19:34.069">
  <memory-copied type="eden" objects="19722" bytes="753040" bytesdiscarded="66776" />
  <memory-copied type="other" objects="86618" bytes="3727344" bytesdiscarded="283960" />
  <memory-cardclean objects="23043" bytes="1166832" />
  <regions eden="43" other="5" />
  <remembered-set-cleared processed="43959" cleared="9411" durationms="0.620" />
  <stringconstants candidates="15163" cleared="0"  />
</gc-op>
<gc-op id="4010" type="classunload" timems="0.013" contextid="4006" timestamp="2019-08-09T00:19:34.070">
  <classunload-info classloadercandidates="55" classloadersunloaded="0" classesunloaded="0" anonymousclassesunloaded="0" quiescems="0.000" setupms="0.013" scanms="0.000" postms="0.000" />
</gc-op>
<heap-resize id="4011" type="expand" space="default" amount="4194304" count="1" timems="0.066" reason="excessive time being spent in gc" timestamp="2019-08-09T00:19:34.070" />
<gc-end id="4012" type="partial gc" contextid="4006" durationms="69.596" usertimems="54.867" systemtimems="21.320" timestamp="2019-08-09T00:19:34.070" activeThreads="16">
  <mem-info id="4013" free="201326592" total="335544320" percent="60">
    <mem type="eden" free="1277336" total="2097152" percent="60" />
    <remembered-set count="63808" freebytes="13159168" totalbytes="13414400" percent="98" regionsoverflowed="0" regionsstable="8" regionsrebuilding="0"/>
  </mem-info>
</gc-end>
<cycle-end id="4014" type="partial gc" contextid="4006" timestamp="2019-08-09T00:19:34.070" />
  <attribute name="elasticGC enabled" value="1" />
  <attribute name= "numThreadsSpecified" value="16" />
  <attribute name="heapSize specified" value="0" />
  <attribute name="Current GC Util" value="32" />
  <attribute name= "Current Time Running" value="184236" />
  <attribute name ="GC Interval" value="0" />
  <attribute name="Target GC Util Change" value ="80.000000" />
  <attribute name="Current GC Util Change" value="32.000000"/>
  <attribute name="Current Error" value="48.000000" />
  <attribute name="Output H" value="331387888"/>
  <attribute name="Output I" value="2032"/>
  <attribute name="Output T" value="16"/>
  <attribute name= "Current Time Running" value="184236" />
  <attribute name="GC Util currently" value="32" />
  <attribute name="CPU Util currently" value="476447271600" />
<exclusive-end id="4015" timestamp="2019-08-09T00:19:34.071" durationms="72.655" />

<exclusive-start id="4016" timestamp="2019-08-09T00:19:34.192" intervalms="193.866">
  <response-info timems="11.452" idlems="11.452" threads="0" lastid="000000000231EE00" lastname="Thread-30" />
</exclusive-start>
<allocation-taxation id="4017" taxation-threshold="90177536" timestamp="2019-08-09T00:19:34.193" intervalms="193.347" />
<cycle-start id="4018" type="partial gc" contextid="0" timestamp="2019-08-09T00:19:34.193" intervalms="193.154" />
<gc-start id="4019" type="partial gc" contextid="4018" timestamp="2019-08-09T00:19:34.193">
  <mem-info id="4020" free="111149056" total="335544320" percent="33">
    <mem type="eden" free="0" total="90177536" percent="0" />
    <remembered-set count="63360" freebytes="13160960" totalbytes="13414400" percent="98" regionsoverflowed="0" regionsstable="8" regionsrebuilding="0"/>
  </mem-info>
</gc-start>
<allocation-stats totalBytes="90161160" >
  <allocated-bytes non-tlh="0" tlh="90161160" arrayletleaf="0"/>
  <largest-consumer threadName="Thread-30" threadId="000000000231EE00" bytes="9791880" />
</allocation-stats>
<gc-op id="4021" type="copy forward" timems="67.099" contextid="4018" timestamp="2019-08-09T00:19:34.270">
  <memory-copied type="eden" objects="15970" bytes="525456" bytesdiscarded="64936" />
  <memory-copied type="other" objects="72047" bytes="3102888" bytesdiscarded="209696" />
  <memory-cardclean objects="23302" bytes="1177032" />
  <regions eden="43" other="5" />
  <remembered-set-cleared processed="42678" cleared="7632" durationms="0.474" />
  <stringconstants candidates="15163" cleared="0"  />
</gc-op>
<gc-op id="4022" type="classunload" timems="0.014" contextid="4018" timestamp="2019-08-09T00:19:34.271">
  <classunload-info classloadercandidates="55" classloadersunloaded="0" classesunloaded="0" anonymousclassesunloaded="0" quiescems="0.000" setupms="0.014" scanms="0.000" postms="0.000" />
</gc-op>
<heap-resize id="4023" type="expand" space="default" amount="6291456" count="1" timems="0.062" reason="excessive time being spent in gc" timestamp="2019-08-09T00:19:34.271" />
<gc-end id="4024" type="partial gc" contextid="4018" durationms="77.974" usertimems="33.906" systemtimems="40.141" timestamp="2019-08-09T00:19:34.271" activeThreads="16">
  <mem-info id="4025" free="205520896" total="341835776" percent="60">
    <mem type="eden" free="1506760" total="2097152" percent="71" />
    <remembered-set count="62336" freebytes="13416576" totalbytes="13665920" percent="98" regionsoverflowed="0" regionsstable="8" regionsrebuilding="0"/>
  </mem-info>
</gc-end>
<cycle-end id="4026" type="partial gc" contextid="4018" timestamp="2019-08-09T00:19:34.271" />
  <attribute name="elasticGC enabled" value="1" />
  <attribute name= "numThreadsSpecified" value="16" />
  <attribute name="heapSize specified" value="0" />
  <attribute name="Current GC Util" value="92" />
  <attribute name= "Current Time Running" value="184437" />
  <attribute name ="GC Interval" value="0" />
  <attribute name="Target GC Util Change" value ="80.000000" />
  <attribute name="Current GC Util Change" value="92.000000"/>
  <attribute name="Current Error" value="77.000000" />
  <attribute name="Output H" value="335582208"/>
  <attribute name="Output I" value="2048"/>
  <attribute name="Output T" value="16"/>
  <attribute name= "Current Time Running" value="184437" />
  <attribute name="GC Util currently" value="92" />
  <attribute name="CPU Util currently" value="122212975320" />
<exclusive-end id="4027" timestamp="2019-08-09T00:19:34.271" durationms="78.880" />

<exclusive-start id="4028" timestamp="2019-08-09T00:19:34.446" intervalms="253.171">
  <response-info timems="11.528" idlems="11.528" threads="0" lastid="00000000022E6700" lastname="Thread-36" />
</exclusive-start>
<allocation-taxation id="4029" taxation-threshold="92274688" timestamp="2019-08-09T00:19:34.446" intervalms="253.131" />
<cycle-start id="4030" type="partial gc" contextid="0" timestamp="2019-08-09T00:19:34.446" intervalms="253.083" />
<gc-start id="4031" type="partial gc" contextid="4030" timestamp="2019-08-09T00:19:34.446">
  <mem-info id="4032" free="113246208" total="341835776" percent="33">
    <mem type="eden" free="0" total="92274688" percent="0" />
    <remembered-set count="62048" freebytes="13417728" totalbytes="13665920" percent="98" regionsoverflowed="0" regionsstable="8" regionsrebuilding="0"/>
  </mem-info>
</gc-start>
<allocation-stats totalBytes="92257864" >
  <allocated-bytes non-tlh="0" tlh="92257864" arrayletleaf="0"/>
  <largest-consumer threadName="Thread-26" threadId="000000000230FE00" bytes="10123424" />
</allocation-stats>
<gc-op id="4033" type="copy forward" timems="22.936" contextid="4030" timestamp="2019-08-09T00:19:34.472">
  <memory-copied type="eden" objects="15309" bytes="508768" bytesdiscarded="48464" />
  <memory-copied type="other" objects="50023" bytes="1887432" bytesdiscarded="116128" />
  <memory-cardclean objects="29497" bytes="1553280" />
  <regions eden="44" other="5" />
  <remembered-set-cleared processed="41733" cleared="3022" durationms="0.271" />
  <stringconstants candidates="15163" cleared="0"  />
</gc-op>
<gc-op id="4034" type="classunload" timems="0.010" contextid="4030" timestamp="2019-08-09T00:19:34.472">
  <classunload-info classloadercandidates="55" classloadersunloaded="0" classesunloaded="0" anonymousclassesunloaded="0" quiescems="0.000" setupms="0.010" scanms="0.000" postms="0.000" />
</gc-op>
<heap-resize id="4035" type="expand" space="default" amount="4194304" count="1" timems="0.105" reason="excessive time being spent in gc" timestamp="2019-08-09T00:19:34.473" />
<gc-end id="4036" type="partial gc" contextid="4030" durationms="26.834" usertimems="26.729" systemtimems="36.127" timestamp="2019-08-09T00:19:34.473" activeThreads="16">
  <mem-info id="4037" free="207618048" total="346030080" percent="60">
    <mem type="eden" free="1539920" total="2097152" percent="73" />
    <remembered-set count="63904" freebytes="13577984" totalbytes="13833600" percent="98" regionsoverflowed="0" regionsstable="8" regionsrebuilding="0"/>
  </mem-info>
</gc-end>
<cycle-end id="4038" type="partial gc" contextid="4030" timestamp="2019-08-09T00:19:34.473" />
  <attribute name="elasticGC enabled" value="1" />
  <attribute name= "numThreadsSpecified" value="16" />
  <attribute name="heapSize specified" value="0" />
  <attribute name="Current GC Util" value="156" />
  <attribute name= "Current Time Running" value="184682" />
  <attribute name ="GC Interval" value="0" />
  <attribute name="Target GC Util Change" value ="80.000000" />
  <attribute name="Current GC Util Change" value="156.000000"/>
  <attribute name="Current Error" value="54.000000" />
  <attribute name="Output H" value="341873648"/>
  <attribute name="Output I" value="2032"/>
  <attribute name="Output T" value="16"/>
  <attribute name= "Current Time Running" value="184682" />
  <attribute name="GC Util currently" value="156" />
  <attribute name="CPU Util currently" value="443767034626" />
<exclusive-end id="4039" timestamp="2019-08-09T00:19:34.483" durationms="37.484" />

<exclusive-start id="4040" timestamp="2019-08-09T00:19:34.607" intervalms="161.352">
  <response-info timems="2.906" idlems="2.906" threads="0" lastid="000000000231EE00" lastname="Thread-30" />
</exclusive-start>
<allocation-taxation id="4041" taxation-threshold="94371840" timestamp="2019-08-09T00:19:34.607" intervalms="161.349" />
<cycle-start id="4042" type="partial gc" contextid="0" timestamp="2019-08-09T00:19:34.607" intervalms="161.385" />
<gc-start id="4043" type="partial gc" contextid="4042" timestamp="2019-08-09T00:19:34.607">
  <mem-info id="4044" free="113246208" total="346030080" percent="32">
    <mem type="eden" free="0" total="94371840" percent="0" />
    <remembered-set count="63744" freebytes="13578624" totalbytes="13833600" percent="98" regionsoverflowed="0" regionsstable="8" regionsrebuilding="0"/>
  </mem-info>
</gc-start>
<allocation-stats totalBytes="94354528" >
  <allocated-bytes non-tlh="0" tlh="94354528" arrayletleaf="0"/>
  <largest-consumer threadName="Thread-22" threadId="0000000002317600" bytes="10954728" />
</allocation-stats>
<gc-op id="4045" type="copy forward" timems="108.715" contextid="4042" timestamp="2019-08-09T00:19:34.718">
  <memory-copied type="eden" objects="42519" bytes="1848552" bytesdiscarded="78776" />
  <memory-copied type="other" objects="58295" bytes="2360712" bytesdiscarded="127384" />
  <memory-cardclean objects="24505" bytes="1266744" />
  <regions eden="45" other="5" />
  <remembered-set-cleared processed="42916" cleared="5622" durationms="0.587" />
  <stringconstants candidates="15163" cleared="0"  />
</gc-op>
<gc-op id="4046" type="classunload" timems="0.015" contextid="4042" timestamp="2019-08-09T00:19:34.718">
  <classunload-info classloadercandidates="55" classloadersunloaded="0" classesunloaded="0" anonymousclassesunloaded="0" quiescems="0.000" setupms="0.014" scanms="0.000" postms="0.000" />
</gc-op>
<heap-resize id="4047" type="expand" space="default" amount="6291456" count="1" timems="0.200" reason="excessive time being spent in gc" timestamp="2019-08-09T00:19:34.719" />
<gc-end id="4048" type="partial gc" contextid="4042" durationms="111.392" usertimems="46.535" systemtimems="54.086" timestamp="2019-08-09T00:19:34.719" activeThreads="16">
  <mem-info id="4049" free="211812352" total="352321536" percent="60">
    <mem type="eden" free="169824" total="2097152" percent="8" />
    <remembered-set count="63392" freebytes="13831552" totalbytes="14085120" percent="98" regionsoverflowed="0" regionsstable="8" regionsrebuilding="0"/>
  </mem-info>
</gc-end>
<cycle-end id="4050" type="partial gc" contextid="4042" timestamp="2019-08-09T00:19:34.719" />
  <attribute name="elasticGC enabled" value="1" />
  <attribute name= "numThreadsSpecified" value="16" />
  <attribute name="heapSize specified" value="0" />
  <attribute name="Current GC Util" value="134" />
  <attribute name= "Current Time Running" value="184843" />
  <attribute name ="GC Interval" value="0" />
  <attribute name="Target GC Util Change" value ="80.000000" />
  <attribute name="Current GC Util Change" value="134.000000"/>
  <attribute name="Current Error" value="-54.000000" />
  <attribute name="Output H" value="346067896"/>
  <attribute name="Output I" value="1976"/>
  <attribute name="Output T" value="16"/>
  <attribute name= "Current Time Running" value="184843" />
  <attribute name="GC Util currently" value="134" />
  <attribute name="CPU Util currently" value="989374780436" />
<exclusive-end id="4051" timestamp="2019-08-09T00:19:34.719" durationms="112.231" />

<exclusive-start id="4052" timestamp="2019-08-09T00:19:34.799" intervalms="192.124">
  <response-info timems="0.433" idlems="0.433" threads="0" lastid="00000000022F9200" lastname="Thread-32" />
</exclusive-start>
<allocation-taxation id="4053" taxation-threshold="94371840" timestamp="2019-08-09T00:19:34.799" intervalms="192.117" />
<cycle-start id="4054" type="partial gc" contextid="0" timestamp="2019-08-09T00:19:34.799" intervalms="192.130" />
<gc-start id="4055" type="partial gc" contextid="4054" timestamp="2019-08-09T00:19:34.800">
  <mem-info id="4056" free="117440512" total="352321536" percent="33">
    <mem type="eden" free="0" total="94371840" percent="0" />
    <remembered-set count="63360" freebytes="13831680" totalbytes="14085120" percent="98" regionsoverflowed="0" regionsstable="8" regionsrebuilding="0"/>
  </mem-info>
</gc-start>
<allocation-stats totalBytes="94354624" >
  <allocated-bytes non-tlh="0" tlh="94354624" arrayletleaf="0"/>
  <largest-consumer threadName="Thread-22" threadId="0000000002317600" bytes="10848328" />
</allocation-stats>
<gc-op id="4057" type="copy forward" timems="142.567" contextid="4054" timestamp="2019-08-09T00:19:34.945">
  <memory-copied type="eden" objects="24336" bytes="864720" bytesdiscarded="79432" />
  <memory-copied type="other" objects="46261" bytes="1934520" bytesdiscarded="103928" />
  <memory-cardclean objects="20768" bytes="1132272" />
  <regions eden="45" other="2" />
  <remembered-set-cleared processed="44660" cleared="1290" durationms="0.310" />
  <stringconstants candidates="15163" cleared="0"  />
</gc-op>
<gc-op id="4058" type="classunload" timems="0.011" contextid="4054" timestamp="2019-08-09T00:19:34.945">
  <classunload-info classloadercandidates="55" classloadersunloaded="0" classesunloaded="0" anonymousclassesunloaded="0" quiescems="0.000" setupms="0.011" scanms="0.000" postms="0.000" />
</gc-op>
<heap-resize id="4059" type="expand" space="default" amount="4194304" count="1" timems="0.058" reason="excessive time being spent in gc" timestamp="2019-08-09T00:19:34.945" />
<gc-end id="4060" type="partial gc" contextid="4054" durationms="145.591" usertimems="64.587" systemtimems="56.604" timestamp="2019-08-09T00:19:34.945" activeThreads="16">
  <mem-info id="4061" free="213909504" total="356515840" percent="60">
    <mem type="eden" free="1153000" total="2097152" percent="54" />
    <remembered-set count="64192" freebytes="13996032" totalbytes="14252800" percent="98" regionsoverflowed="0" regionsstable="8" regionsrebuilding="0"/>
  </mem-info>
</gc-end>
<cycle-end id="4062" type="partial gc" contextid="4054" timestamp="2019-08-09T00:19:34.945" />
  <attribute name="elasticGC enabled" value="1" />
  <attribute name= "numThreadsSpecified" value="16" />
  <attribute name="heapSize specified" value="0" />
  <attribute name="Current GC Util" value="86" />
  <attribute name= "Current Time Running" value="185035" />
  <attribute name ="GC Interval" value="0" />
  <attribute name="Target GC Util Change" value ="80.000000" />
  <attribute name="Current GC Util Change" value="86.000000"/>
  <attribute name="Current Error" value="-32.000000" />
  <attribute name="Output H" value="352359360"/>
  <attribute name="Output I" value="1984"/>
  <attribute name="Output T" value="16"/>
  <attribute name= "Current Time Running" value="185035" />
  <attribute name="GC Util currently" value="86" />
  <attribute name="CPU Util currently" value="556766746220" />
<exclusive-end id="4063" timestamp="2019-08-09T00:19:34.946" durationms="146.641" />

<exclusive-start id="4064" timestamp="2019-08-09T00:19:35.057" intervalms="258.391">
  <response-info timems="11.949" idlems="6.712" threads="4" lastid="00000000022DB300" lastname="Thread-33" />
</exclusive-start>
<allocation-taxation id="4065" taxation-threshold="96468992" timestamp="2019-08-09T00:19:35.058" intervalms="258.457" />
<cycle-start id="4066" type="partial gc" contextid="0" timestamp="2019-08-09T00:19:35.058" intervalms="258.482" />
<gc-start id="4067" type="partial gc" contextid="4066" timestamp="2019-08-09T00:19:35.058">
  <mem-info id="4068" free="117440512" total="356515840" percent="32">
    <mem type="eden" free="0" total="96468992" percent="0" />
    <remembered-set count="64192" freebytes="13996032" totalbytes="14252800" percent="98" regionsoverflowed="0" regionsstable="8" regionsrebuilding="0"/>
  </mem-info>
</gc-start>
<allocation-stats totalBytes="96451568" >
  <allocated-bytes non-tlh="0" tlh="96451568" arrayletleaf="0"/>
  <largest-consumer threadName="Thread-32" threadId="00000000022F9200" bytes="13272816" />
</allocation-stats>
<gc-op id="4069" type="copy forward" timems="92.598" contextid="4066" timestamp="2019-08-09T00:19:35.156">
  <memory-copied type="eden" objects="20371" bytes="631904" bytesdiscarded="57728" />
  <memory-copied type="other" objects="82999" bytes="3365736" bytesdiscarded="274368" />
  <memory-cardclean objects="23663" bytes="1188528" />
  <regions eden="46" other="4" />
  <remembered-set-cleared processed="44250" cleared="3314" durationms="0.967" />
  <stringconstants candidates="15163" cleared="0"  />
</gc-op>
<gc-op id="4070" type="classunload" timems="0.011" contextid="4066" timestamp="2019-08-09T00:19:35.156">
  <classunload-info classloadercandidates="55" classloadersunloaded="0" classesunloaded="0" anonymousclassesunloaded="0" quiescems="0.000" setupms="0.010" scanms="0.000" postms="0.000" />
</gc-op>
<heap-resize id="4071" type="expand" space="default" amount="6291456" count="1" timems="0.068" reason="excessive time being spent in gc" timestamp="2019-08-09T00:19:35.156" />
<gc-end id="4072" type="partial gc" contextid="4066" durationms="98.000" usertimems="50.874" systemtimems="49.470" timestamp="2019-08-09T00:19:35.156" activeThreads="16">
  <mem-info id="4073" free="218103808" total="362807296" percent="60">
    <mem type="eden" free="1407520" total="2097152" percent="67" />
    <remembered-set count="67136" freebytes="14235776" totalbytes="14504320" percent="98" regionsoverflowed="0" regionsstable="8" regionsrebuilding="0"/>
  </mem-info>
</gc-end>
<cycle-end id="4074" type="partial gc" contextid="4066" timestamp="2019-08-09T00:19:35.156" />
  <attribute name="elasticGC enabled" value="1" />
  <attribute name= "numThreadsSpecified" value="16" />
  <attribute name="heapSize specified" value="0" />
  <attribute name="Current GC Util" value="106" />
  <attribute name= "Current Time Running" value="185297" />
  <attribute name ="GC Interval" value="0" />
  <attribute name="Target GC Util Change" value ="80.000000" />
  <attribute name="Current GC Util Change" value="106.000000"/>
  <attribute name="Current Error" value="-24.000000" />
  <attribute name="Output H" value="356553672"/>
  <attribute name="Output I" value="1992"/>
  <attribute name="Output T" value="16"/>
  <attribute name= "Current Time Running" value="185297" />
  <attribute name="GC Util currently" value="106" />
  <attribute name="CPU Util currently" value="304453295710" />
<exclusive-end id="4075" timestamp="2019-08-09T00:19:35.157" durationms="99.147" />

<exclusive-start id="4076" timestamp="2019-08-09T00:19:35.283" intervalms="225.563">
  <response-info timems="1.095" idlems="1.089" threads="1" lastid="0000000002322A00" lastname="Thread-31" />
</exclusive-start>
<allocation-taxation id="4077" taxation-threshold="96468992" timestamp="2019-08-09T00:19:35.283" intervalms="225.599" />
<cycle-start id="4078" type="partial gc" contextid="0" timestamp="2019-08-09T00:19:35.283" intervalms="225.751" />
<gc-start id="4079" type="partial gc" contextid="4078" timestamp="2019-08-09T00:19:35.284">
  <mem-info id="4080" free="121634816" total="362807296" percent="33">
    <mem type="eden" free="0" total="96468992" percent="0" />
    <remembered-set count="66752" freebytes="14237312" totalbytes="14504320" percent="98" regionsoverflowed="0" regionsstable="8" regionsrebuilding="0"/>
  </mem-info>
</gc-start>
<allocation-stats totalBytes="96451848" >
  <allocated-bytes non-tlh="0" tlh="96451848" arrayletleaf="0"/>
  <largest-consumer threadName="Thread-30" threadId="000000000231EE00" bytes="9730352" />
</allocation-stats>
<gc-op id="4081" type="copy forward" timems="64.734" contextid="4078" timestamp="2019-08-09T00:19:35.350">
  <memory-copied type="eden" objects="38899" bytes="1625416" bytesdiscarded="109512" />
  <memory-copied type="other" objects="60647" bytes="2417160" bytesdiscarded="334336" />
  <memory-cardclean objects="21942" bytes="1097976" />
  <regions eden="46" other="5" />
  <remembered-set-cleared processed="44522" cleared="3721" durationms="0.239" />
  <stringconstants candidates="15163" cleared="0"  />
</gc-op>
<gc-op id="4082" type="classunload" timems="0.013" contextid="4078" timestamp="2019-08-09T00:19:35.351">
  <classunload-info classloadercandidates="55" classloadersunloaded="0" classesunloaded="0" anonymousclassesunloaded="0" quiescems="0.000" setupms="0.013" scanms="0.000" postms="0.000" />
</gc-op>
<heap-resize id="4083" type="expand" space="default" amount="10485760" count="1" timems="0.071" reason="excessive time being spent in gc" timestamp="2019-08-09T00:19:35.351" />
<gc-end id="4084" type="partial gc" contextid="4078" durationms="67.093" usertimems="41.391" systemtimems="24.677" timestamp="2019-08-09T00:19:35.351" activeThreads="16">
  <mem-info id="4085" free="224395264" total="373293056" percent="60">
    <mem type="eden" free="2459376" total="4194304" percent="58" />
    <remembered-set count="66400" freebytes="14657920" totalbytes="14923520" percent="98" regionsoverflowed="0" regionsstable="8" regionsrebuilding="0"/>
  </mem-info>
</gc-end>
<cycle-end id="4086" type="partial gc" contextid="4078" timestamp="2019-08-09T00:19:35.351" />
  <attribute name="elasticGC enabled" value="1" />
  <attribute name= "numThreadsSpecified" value="16" />
  <attribute name="heapSize specified" value="0" />
  <attribute name="Current GC Util" value="99" />
  <attribute name= "Current Time Running" value="185519" />
  <attribute name ="GC Interval" value="0" />
  <attribute name="Target GC Util Change" value ="80.000000" />
  <attribute name="Current GC Util Change" value="99.000000"/>
  <attribute name="Current Error" value="-19.000000" />
  <attribute name="Output H" value="362845128"/>
  <attribute name="Output I" value="1992"/>
  <attribute name="Output T" value="16"/>
  <attribute name= "Current Time Running" value="185519" />
  <attribute name="GC Util currently" value="99" />
  <attribute name="CPU Util currently" value="1096590633500" />
<exclusive-end id="4087" timestamp="2019-08-09T00:19:35.352" durationms="68.888" />

<exclusive-start id="4088" timestamp="2019-08-09T00:19:35.426" intervalms="142.767">
  <response-info timems="0.634" idlems="0.340" threads="1" lastid="00000000022F9200" lastname="Thread-32" />
</exclusive-start>
<allocation-taxation id="4089" taxation-threshold="100663296" timestamp="2019-08-09T00:19:35.426" intervalms="142.697" />
<cycle-start id="4090" type="partial gc" contextid="0" timestamp="2019-08-09T00:19:35.427" intervalms="143.569" />
<gc-start id="4091" type="partial gc" contextid="4090" timestamp="2019-08-09T00:19:35.427">
  <mem-info id="4092" free="123731968" total="373293056" percent="33">
    <mem type="eden" free="0" total="100663296" percent="0" />
    <remembered-set count="66016" freebytes="14659456" totalbytes="14923520" percent="98" regionsoverflowed="0" regionsstable="8" regionsrebuilding="0"/>
  </mem-info>
</gc-start>
<allocation-stats totalBytes="100645432" >
  <allocated-bytes non-tlh="0" tlh="100645432" arrayletleaf="0"/>
  <largest-consumer threadName="Thread-27" threadId="0000000002308200" bytes="9067008" />
</allocation-stats>
<gc-op id="4093" type="copy forward" timems="53.267" contextid="4090" timestamp="2019-08-09T00:19:35.497">
  <memory-copied type="eden" objects="23107" bytes="835344" bytesdiscarded="139208" />
  <memory-copied type="other" objects="73034" bytes="2989200" bytesdiscarded="203168" />
  <memory-cardclean objects="30682" bytes="1547664" />
  <regions eden="48" other="6" />
  <remembered-set-cleared processed="44517" cleared="6549" durationms="0.232" />
  <stringconstants candidates="15163" cleared="0"  />
</gc-op>
<gc-op id="4094" type="classunload" timems="0.016" contextid="4090" timestamp="2019-08-09T00:19:35.505">
  <classunload-info classloadercandidates="55" classloadersunloaded="0" classesunloaded="0" anonymousclassesunloaded="0" quiescems="0.000" setupms="0.016" scanms="0.000" postms="0.000" />
</gc-op>
<gc-end id="4095" type="partial gc" contextid="4090" durationms="77.499" usertimems="37.011" systemtimems="29.697" timestamp="2019-08-09T00:19:35.505" activeThreads="16">
  <mem-info id="4096" free="224395264" total="373293056" percent="60">
    <mem type="eden" free="1122600" total="2097152" percent="53" />
    <remembered-set count="65472" freebytes="14661632" totalbytes="14923520" percent="98" regionsoverflowed="0" regionsstable="8" regionsrebuilding="0"/>
  </mem-info>
</gc-end>
<cycle-end id="4097" type="partial gc" contextid="4090" timestamp="2019-08-09T00:19:35.505" />
  <attribute name="elasticGC enabled" value="1" />
  <attribute name= "numThreadsSpecified" value="16" />
  <attribute name="heapSize specified" value="0" />
  <attribute name="Current GC Util" value="61" />
  <attribute name= "Current Time Running" value="185662" />
  <attribute name ="GC Interval" value="0" />
  <attribute name="Target GC Util Change" value ="80.000000" />
  <attribute name="Current GC Util Change" value="61.000000"/>
  <attribute name="Current Error" value="34.000000" />
  <attribute name="Output H" value="373330920"/>
  <attribute name="Output I" value="2024"/>
  <attribute name="Output T" value="16"/>
  <attribute name= "Current Time Running" value="185662" />
  <attribute name="GC Util currently" value="61" />
  <attribute name="CPU Util currently" value="988219752318" />
<exclusive-end id="4098" timestamp="2019-08-09T00:19:35.518" durationms="92.208" />

<exclusive-start id="4099" timestamp="2019-08-09T00:19:35.666" intervalms="240.282">
  <response-info timems="3.884" idlems="2.219" threads="1" lastid="00000000022F1B00" lastname="Thread-25" />
</exclusive-start>
<allocation-taxation id="4100" taxation-threshold="100663296" timestamp="2019-08-09T00:19:35.666" intervalms="240.299" />
<cycle-start id="4101" type="partial gc" contextid="0" timestamp="2019-08-09T00:19:35.666" intervalms="239.309" />
<gc-start id="4102" type="partial gc" contextid="4101" timestamp="2019-08-09T00:19:35.667">
  <mem-info id="4103" free="123731968" total="373293056" percent="33">
    <mem type="eden" free="0" total="100663296" percent="0" />
    <remembered-set count="65472" freebytes="14661632" totalbytes="14923520" percent="98" regionsoverflowed="0" regionsstable="8" regionsrebuilding="0"/>
  </mem-info>
</gc-start>
<allocation-stats totalBytes="100645000" >
  <allocated-bytes non-tlh="0" tlh="100645000" arrayletleaf="0"/>
  <largest-consumer threadName="Thread-23" threadId="0000000002304600" bytes="10336544" />
</allocation-stats>
<gc-op id="4104" type="copy forward" timems="26.291" contextid="4101" timestamp="2019-08-09T00:19:35.694">
  <memory-copied type="eden" objects="17142" bytes="554520" bytesdiscarded="55160" />
  <memory-copied type="other" objects="78158" bytes="3249552" bytesdiscarded="229120" />
  <memory-cardclean objects="21638" bytes="1098696" />
  <regions eden="48" other="5" />
  <remembered-set-cleared processed="44544" cleared="4208" durationms="0.666" />
  <stringconstants candidates="15163" cleared="0"  />
</gc-op>
<gc-op id="4105" type="classunload" timems="0.016" contextid="4101" timestamp="2019-08-09T00:19:35.694">
  <classunload-info classloadercandidates="55" classloadersunloaded="0" classesunloaded="0" anonymousclassesunloaded="0" quiescems="0.000" setupms="0.016" scanms="0.000" postms="0.000" />
</gc-op>
<heap-resize id="4106" type="expand" space="default" amount="10485760" count="1" timems="0.108" reason="excessive time being spent in gc" timestamp="2019-08-09T00:19:35.694" />
<gc-end id="4107" type="partial gc" contextid="4101" durationms="27.752" usertimems="31.225" systemtimems="11.168" timestamp="2019-08-09T00:19:35.694" activeThreads="16">
  <mem-info id="4108" free="230686720" total="383778816" percent="60">
    <mem type="eden" free="3584624" total="4194304" percent="85" />
    <remembered-set count="66880" freebytes="15075200" totalbytes="15342720" percent="98" regionsoverflowed="0" regionsstable="8" regionsrebuilding="0"/>
  </mem-info>
</gc-end>
<cycle-end id="4109" type="partial gc" contextid="4101" timestamp="2019-08-09T00:19:35.695" />
  <attribute name="elasticGC enabled" value="1" />
  <attribute name= "numThreadsSpecified" value="16" />
  <attribute name="heapSize specified" value="0" />
  <attribute name="Current GC Util" value="120" />
  <attribute name= "Current Time Running" value="185901" />
  <attribute name ="GC Interval" value="0" />
  <attribute name="Target GC Util Change" value ="80.000000" />
  <attribute name="Current GC Util Change" value="120.000000"/>
  <attribute name="Current Error" value="47.000000" />
  <attribute name="Output H" value="373330928"/>
  <attribute name="Output I" value="2032"/>
  <attribute name="Output T" value="16"/>
  <attribute name= "Current Time Running" value="185901" />
  <attribute name="GC Util currently" value="120" />
  <attribute name="CPU Util currently" value="1884813217351" />
<exclusive-end id="4110" timestamp="2019-08-09T00:19:35.695" durationms="28.659" />

<exclusive-start id="4111" timestamp="2019-08-09T00:19:35.807" intervalms="140.459">
  <response-info timems="1.863" idlems="1.863" threads="0" lastid="0000000002304600" lastname="Thread-23" />
</exclusive-start>
<allocation-taxation id="4112" taxation-threshold="102760448" timestamp="2019-08-09T00:19:35.807" intervalms="140.420" />
<cycle-start id="4113" type="partial gc" contextid="0" timestamp="2019-08-09T00:19:35.807" intervalms="140.456" />
<gc-start id="4114" type="partial gc" contextid="4113" timestamp="2019-08-09T00:19:35.807">
  <mem-info id="4115" free="127926272" total="383778816" percent="33">
    <mem type="eden" free="0" total="102760448" percent="0" />
    <remembered-set count="66848" freebytes="15075328" totalbytes="15342720" percent="98" regionsoverflowed="0" regionsstable="8" regionsrebuilding="0"/>
  </mem-info>
</gc-start>
<allocation-stats totalBytes="102741904" >
  <allocated-bytes non-tlh="0" tlh="102741904" arrayletleaf="0"/>
  <largest-consumer threadName="Thread-22" threadId="0000000002317600" bytes="12212312" />
</allocation-stats>
<gc-op id="4116" type="copy forward" timems="103.070" contextid="4113" timestamp="2019-08-09T00:19:35.911">
  <memory-copied type="eden" objects="35095" bytes="1535232" bytesdiscarded="113264" />
  <memory-copied type="other" objects="46807" bytes="1810248" bytesdiscarded="152048" />
  <memory-cardclean objects="25863" bytes="1319448" />
  <regions eden="49" other="6" />
  <remembered-set-cleared processed="44204" cleared="2892" durationms="0.233" />
  <stringconstants candidates="15163" cleared="0"  />
</gc-op>
<gc-op id="4117" type="classunload" timems="0.014" contextid="4113" timestamp="2019-08-09T00:19:35.911">
  <classunload-info classloadercandidates="55" classloadersunloaded="0" classesunloaded="0" anonymousclassesunloaded="0" quiescems="0.000" setupms="0.014" scanms="0.000" postms="0.000" />
</gc-op>
<gc-end id="4118" type="partial gc" contextid="4113" durationms="104.346" usertimems="44.050" systemtimems="56.282" timestamp="2019-08-09T00:19:35.911" activeThreads="16">
  <mem-info id="4119" free="230686720" total="383778816" percent="60">
    <mem type="eden" free="448656" total="2097152" percent="21" />
    <remembered-set count="66144" freebytes="15078144" totalbytes="15342720" percent="98" regionsoverflowed="0" regionsstable="8" regionsrebuilding="0"/>
  </mem-info>
</gc-end>
<cycle-end id="4120" type="partial gc" contextid="4113" timestamp="2019-08-09T00:19:35.912" />
  <attribute name="elasticGC enabled" value="1" />
  <attribute name= "numThreadsSpecified" value="16" />
  <attribute name="heapSize specified" value="0" />
  <attribute name="Current GC Util" value="184" />
  <attribute name= "Current Time Running" value="186041" />
  <attribute name ="GC Interval" value="0" />
  <attribute name="Target GC Util Change" value ="80.000000" />
  <attribute name="Current GC Util Change" value="184.000000"/>
  <attribute name="Current Error" value="-104.000000" />
  <attribute name="Output H" value="383816600"/>
  <attribute name="Output I" value="1944"/>
  <attribute name="Output T" value="16"/>
  <attribute name= "Current Time Running" value="186041" />
  <attribute name="GC Util currently" value="184" />
  <attribute name="CPU Util currently" value="1756235818764" />
<exclusive-end id="4121" timestamp="2019-08-09T00:19:35.912" durationms="105.162" />

<exclusive-start id="4122" timestamp="2019-08-09T00:19:36.001" intervalms="194.783">
  <response-info timems="0.948" idlems="0.948" threads="0" lastid="00000000022F9200" lastname="Thread-32" />
</exclusive-start>
<allocation-taxation id="4123" taxation-threshold="102760448" timestamp="2019-08-09T00:19:36.001" intervalms="194.784" />
<cycle-start id="4124" type="partial gc" contextid="0" timestamp="2019-08-09T00:19:36.001" intervalms="194.656" />
<gc-start id="4125" type="partial gc" contextid="4124" timestamp="2019-08-09T00:19:36.002">
  <mem-info id="4126" free="127926272" total="383778816" percent="33">
    <mem type="eden" free="0" total="102760448" percent="0" />
    <remembered-set count="65696" freebytes="15079936" totalbytes="15342720" percent="98" regionsoverflowed="0" regionsstable="8" regionsrebuilding="0"/>
  </mem-info>
</gc-start>
<allocation-stats totalBytes="102741936" >
  <allocated-bytes non-tlh="0" tlh="102741936" arrayletleaf="0"/>
  <largest-consumer threadName="Thread-26" threadId="000000000230FE00" bytes="10074184" />
</allocation-stats>
<gc-op id="4127" type="copy forward" timems="91.649" contextid="4124" timestamp="2019-08-09T00:19:36.094">
  <memory-copied type="eden" objects="50531" bytes="2042264" bytesdiscarded="199352" />
  <memory-copied type="other" objects="49854" bytes="2158128" bytesdiscarded="148848" />
  <memory-cardclean objects="19447" bytes="1000848" />
  <regions eden="49" other="5" />
  <remembered-set-cleared processed="45231" cleared="5307" durationms="0.286" />
  <stringconstants candidates="15163" cleared="0"  />
</gc-op>
<gc-op id="4128" type="classunload" timems="0.011" contextid="4124" timestamp="2019-08-09T00:19:36.094">
  <classunload-info classloadercandidates="55" classloadersunloaded="0" classesunloaded="0" anonymousclassesunloaded="0" quiescems="0.000" setupms="0.010" scanms="0.000" postms="0.000" />
</gc-op>
<heap-resize id="4129" type="expand" space="default" amount="10485760" count="1" timems="0.075" reason="excessive time being spent in gc" timestamp="2019-08-09T00:19:36.095" />
<gc-end id="4130" type="partial gc" contextid="4124" durationms="92.822" usertimems="37.337" systemtimems="36.517" timestamp="2019-08-09T00:19:36.095" activeThreads="16">
  <mem-info id="4131" free="236978176" total="394264576" percent="60">
    <mem type="eden" free="1952688" total="4194304" percent="46" />
    <remembered-set count="62848" freebytes="15510528" totalbytes="15761920" percent="98" regionsoverflowed="0" regionsstable="8" regionsrebuilding="0"/>
  </mem-info>
</gc-end>
<cycle-end id="4132" type="partial gc" contextid="4124" timestamp="2019-08-09T00:19:36.095" />
  <attribute name="elasticGC enabled" value="1" />
  <attribute name= "numThreadsSpecified" value="16" />
  <attribute name="heapSize specified" value="0" />
  <attribute name="Current GC Util" value="160" />
  <attribute name= "Current Time Running" value="186236" />
  <attribute name ="GC Interval" value="0" />
  <attribute name="Target GC Util Change" value ="80.000000" />
  <attribute name="Current GC Util Change" value="160.000000"/>
  <attribute name="Current Error" value="-155.000000" />
  <attribute name="Output H" value="383816568"/>
  <attribute name="Output I" value="1912"/>
  <attribute name="Output T" value="16"/>
  <attribute name= "Current Time Running" value="186236" />
  <attribute name="GC Util currently" value="160" />
  <attribute name="CPU Util currently" value="2366991654454" />
<exclusive-end id="4133" timestamp="2019-08-09T00:19:36.095" durationms="93.969" />

<exclusive-start id="4134" timestamp="2019-08-09T00:19:36.171" intervalms="169.935">
  <response-info timems="5.631" idlems="5.631" threads="0" lastid="00000000022E6700" lastname="Thread-36" />
</exclusive-start>
<allocation-taxation id="4135" taxation-threshold="104857600" timestamp="2019-08-09T00:19:36.171" intervalms="170.054" />
<cycle-start id="4136" type="partial gc" contextid="0" timestamp="2019-08-09T00:19:36.172" intervalms="170.278" />
<gc-start id="4137" type="partial gc" contextid="4136" timestamp="2019-08-09T00:19:36.172">
  <mem-info id="4138" free="132120576" total="394264576" percent="33">
    <mem type="eden" free="0" total="104857600" percent="0" />
    <remembered-set count="62496" freebytes="15511936" totalbytes="15761920" percent="98" regionsoverflowed="0" regionsstable="8" regionsrebuilding="0"/>
  </mem-info>
</gc-start>
<allocation-stats totalBytes="104839168" >
  <allocated-bytes non-tlh="0" tlh="104839168" arrayletleaf="0"/>
  <largest-consumer threadName="Thread-26" threadId="000000000230FE00" bytes="10737616" />
</allocation-stats>
<gc-op id="4139" type="copy forward" timems="127.528" contextid="4136" timestamp="2019-08-09T00:19:36.301">
  <memory-copied type="eden" objects="47626" bytes="1971968" bytesdiscarded="143400" />
  <memory-copied type="other" objects="63850" bytes="2768784" bytesdiscarded="330544" />
  <memory-cardclean objects="11430" bytes="585408" />
  <regions eden="50" other="6" />
  <remembered-set-cleared processed="41970" cleared="626" durationms="0.273" />
  <stringconstants candidates="15163" cleared="0"  />
</gc-op>
<gc-op id="4140" type="classunload" timems="0.012" contextid="4136" timestamp="2019-08-09T00:19:36.301">
  <classunload-info classloadercandidates="55" classloadersunloaded="0" classesunloaded="0" anonymousclassesunloaded="0" quiescems="0.000" setupms="0.011" scanms="0.000" postms="0.000" />
</gc-op>
<heap-resize id="4141" type="expand" space="default" amount="4194304" count="1" timems="0.055" reason="excessive time being spent in gc" timestamp="2019-08-09T00:19:36.302" />
<gc-end id="4142" type="partial gc" contextid="4136" durationms="129.327" usertimems="61.214" systemtimems="61.163" timestamp="2019-08-09T00:19:36.302" activeThreads="16">
  <mem-info id="4143" free="239075328" total="398458880" percent="60">
    <mem type="eden" free="2078936" total="4194304" percent="49" />
    <remembered-set count="64576" freebytes="15671296" totalbytes="15929600" percent="98" regionsoverflowed="0" regionsstable="8" regionsrebuilding="0"/>
  </mem-info>
</gc-end>
<cycle-end id="4144" type="partial gc" contextid="4136" timestamp="2019-08-09T00:19:36.302" />
  <attribute name="elasticGC enabled" value="1" />
  <attribute name= "numThreadsSpecified" value="16" />
  <attribute name="heapSize specified" value="0" />
  <attribute name="Current GC Util" value="93" />
  <attribute name= "Current Time Running" value="186407" />
  <attribute name ="GC Interval" value="0" />
  <attribute name="Target GC Util Change" value ="80.000000" />
  <attribute name="Current GC Util Change" value="93.000000"/>
  <attribute name="Current Error" value="-131.000000" />
  <attribute name="Output H" value="394302344"/>
  <attribute name="Output I" value="1928"/>
  <attribute name="Output T" value="16"/>
  <attribute name= "Current Time Running" value="186407" />
  <attribute name="GC Util currently" value="93" />
  <attribute name="CPU Util currently" value="1381973894808" />
<exclusive-end id="4145" timestamp="2019-08-09T00:19:36.302" durationms="130.859" />

<exclusive-start id="4146" timestamp="2019-08-09T00:19:36.417" intervalms="245.744">
  <response-info timems="18.724" idlems="18.724" threads="0" lastid="0000000002317600" lastname="Thread-22" />
</exclusive-start>
<allocation-taxation id="4147" taxation-threshold="106954752" timestamp="2019-08-09T00:19:36.417" intervalms="245.890" />
<cycle-start id="4148" type="partial gc" contextid="0" timestamp="2019-08-09T00:19:36.418" intervalms="246.576" />
<gc-start id="4149" type="partial gc" contextid="4148" timestamp="2019-08-09T00:19:36.419">
  <mem-info id="4150" free="132120576" total="398458880" percent="33">
    <mem type="eden" free="0" total="106954752" percent="0" />
    <remembered-set count="64224" freebytes="15672704" totalbytes="15929600" percent="98" regionsoverflowed="0" regionsstable="8" regionsrebuilding="0"/>
  </mem-info>
</gc-start>
<allocation-stats totalBytes="106935880" >
  <allocated-bytes non-tlh="0" tlh="106935880" arrayletleaf="0"/>
  <largest-consumer threadName="Thread-26" threadId="000000000230FE00" bytes="14173632" />
</allocation-stats>
<gc-op id="4151" type="copy forward" timems="81.945" contextid="4148" timestamp="2019-08-09T00:19:36.504">
  <memory-copied type="eden" objects="27084" bytes="1068816" bytesdiscarded="103680" />
  <memory-copied type="other" objects="72160" bytes="3105600" bytesdiscarded="199648" />
  <memory-cardclean objects="18205" bytes="933816" />
  <regions eden="51" other="6" />
  <remembered-set-cleared processed="42486" cleared="1938" durationms="1.034" />
  <stringconstants candidates="15163" cleared="0"  />
</gc-op>
<gc-op id="4152" type="classunload" timems="0.011" contextid="4148" timestamp="2019-08-09T00:19:36.504">
  <classunload-info classloadercandidates="55" classloadersunloaded="0" classesunloaded="0" anonymousclassesunloaded="0" quiescems="0.000" setupms="0.010" scanms="0.000" postms="0.000" />
</gc-op>
<gc-end id="4153" type="partial gc" contextid="4148" durationms="85.498" usertimems="67.811" systemtimems="38.784" timestamp="2019-08-09T00:19:36.504" activeThreads="16">
  <mem-info id="4154" free="239075328" total="398458880" percent="60">
    <mem type="eden" free="924656" total="2097152" percent="44" />
    <remembered-set count="65984" freebytes="15665664" totalbytes="15929600" percent="98" regionsoverflowed="0" regionsstable="8" regionsrebuilding="0"/>
  </mem-info>
</gc-end>
<cycle-end id="4155" type="partial gc" contextid="4148" timestamp="2019-08-09T00:19:36.504" />
  <attribute name="elasticGC enabled" value="1" />
  <attribute name= "numThreadsSpecified" value="16" />
  <attribute name="heapSize specified" value="0" />
  <attribute name="Current GC Util" value="43" />
  <attribute name= "Current Time Running" value="186655" />
  <attribute name ="GC Interval" value="0" />
  <attribute name="Target GC Util Change" value ="80.000000" />
  <attribute name="Current GC Util Change" value="43.000000"/>
  <attribute name="Current Error" value="37.000000" />
  <attribute name="Output H" value="398496744"/>
  <attribute name="Output I" value="2024"/>
  <attribute name="Output T" value="16"/>
  <attribute name= "Current Time Running" value="186655" />
  <attribute name="GC Util currently" value="43" />
  <attribute name="CPU Util currently" value="415906306474" />
<exclusive-end id="4156" timestamp="2019-08-09T00:19:36.504" durationms="87.467" />

<exclusive-start id="4157" timestamp="2019-08-09T00:19:36.642" intervalms="224.871">
  <response-info timems="0.806" idlems="0.406" threads="1" lastid="000000000232DD00" lastname="Thread-29" />
</exclusive-start>
<allocation-taxation id="4158" taxation-threshold="106954752" timestamp="2019-08-09T00:19:36.642" intervalms="224.664" />
<cycle-start id="4159" type="partial gc" contextid="0" timestamp="2019-08-09T00:19:36.642" intervalms="224.072" />
<gc-start id="4160" type="partial gc" contextid="4159" timestamp="2019-08-09T00:19:36.643">
  <mem-info id="4161" free="132120576" total="398458880" percent="33">
    <mem type="eden" free="0" total="106954752" percent="0" />
    <remembered-set count="65824" freebytes="15666304" totalbytes="15929600" percent="98" regionsoverflowed="0" regionsstable="8" regionsrebuilding="0"/>
  </mem-info>
</gc-start>
<allocation-stats totalBytes="106936080" >
  <allocated-bytes non-tlh="0" tlh="106936080" arrayletleaf="0"/>
  <largest-consumer threadName="Thread-25" threadId="00000000022F1B00" bytes="11769872" />
</allocation-stats>
<gc-op id="4162" type="copy forward" timems="128.115" contextid="4159" timestamp="2019-08-09T00:19:36.773">
  <memory-copied type="eden" objects="21686" bytes="803304" bytesdiscarded="45312" />
  <memory-copied type="other" objects="85721" bytes="3705816" bytesdiscarded="174512" />
  <memory-cardclean objects="13874" bytes="688008" />
  <regions eden="51" other="5" />
  <remembered-set-cleared processed="43301" cleared="1370" durationms="0.807" />
  <stringconstants candidates="15163" cleared="0"  />
</gc-op>
<gc-op id="4163" type="classunload" timems="0.013" contextid="4159" timestamp="2019-08-09T00:19:36.773">
  <classunload-info classloadercandidates="55" classloadersunloaded="0" classesunloaded="0" anonymousclassesunloaded="0" quiescems="0.000" setupms="0.013" scanms="0.000" postms="0.000" />
</gc-op>
<heap-resize id="4164" type="expand" space="default" amount="10485760" count="1" timems="0.073" reason="excessive time being spent in gc" timestamp="2019-08-09T00:19:36.773" />
<gc-end id="4165" type="partial gc" contextid="4159" durationms="130.786" usertimems="40.512" systemtimems="53.014" timestamp="2019-08-09T00:19:36.774" activeThreads="16">
  <mem-info id="4166" free="245366784" total="408944640" percent="60">
    <mem type="eden" free="3345688" total="4194304" percent="79" />
    <remembered-set count="66720" freebytes="16081920" totalbytes="16348800" percent="98" regionsoverflowed="0" regionsstable="8" regionsrebuilding="0"/>
  </mem-info>
</gc-end>
<cycle-end id="4167" type="partial gc" contextid="4159" timestamp="2019-08-09T00:19:36.774" />
  <attribute name="elasticGC enabled" value="1" />
  <attribute name= "numThreadsSpecified" value="16" />
  <attribute name="heapSize specified" value="0" />
  <attribute name="Current GC Util" value="34" />
  <attribute name= "Current Time Running" value="186878" />
  <attribute name ="GC Interval" value="0" />
  <attribute name="Target GC Util Change" value ="80.000000" />
  <attribute name="Current GC Util Change" value="34.000000"/>
  <attribute name="Current Error" value="116.000000" />
  <attribute name="Output H" value="398496792"/>
  <attribute name="Output I" value="2072"/>
  <attribute name="Output T" value="16"/>
  <attribute name= "Current Time Running" value="186878" />
  <attribute name="GC Util currently" value="34" />
  <attribute name="CPU Util currently" value="651662924408" />
<exclusive-end id="4168" timestamp="2019-08-09T00:19:36.774" durationms="131.895" />

<exclusive-start id="4169" timestamp="2019-08-09T00:19:36.824" intervalms="181.619">
  <response-info timems="0.837" idlems="0.593" threads="2" lastid="0000000002339100" lastname="Thread-21" />
</exclusive-start>
<allocation-taxation id="4170" taxation-threshold="109051904" timestamp="2019-08-09T00:19:36.824" intervalms="181.899" />
<cycle-start id="4171" type="partial gc" contextid="0" timestamp="2019-08-09T00:19:36.824" intervalms="181.922" />
<gc-start id="4172" type="partial gc" contextid="4171" timestamp="2019-08-09T00:19:36.825">
  <mem-info id="4173" free="136314880" total="408944640" percent="33">
    <mem type="eden" free="0" total="109051904" percent="0" />
    <remembered-set count="66496" freebytes="16082816" totalbytes="16348800" percent="98" regionsoverflowed="0" regionsstable="8" regionsrebuilding="0"/>
  </mem-info>
</gc-start>
<allocation-stats totalBytes="109033472" >
  <allocated-bytes non-tlh="0" tlh="109033472" arrayletleaf="0"/>
  <largest-consumer threadName="Thread-33" threadId="00000000022DB300" bytes="12961856" />
</allocation-stats>
<gc-op id="4174" type="copy forward" timems="152.327" contextid="4171" timestamp="2019-08-09T00:19:36.980">
  <memory-copied type="eden" objects="18883" bytes="735224" bytesdiscarded="40568" />
  <memory-copied type="other" objects="72343" bytes="3109992" bytesdiscarded="178912" />
  <memory-cardclean objects="17959" bytes="936552" />
  <regions eden="52" other="6" />
  <remembered-set-cleared processed="43846" cleared="1671" durationms="0.900" />
  <stringconstants candidates="15163" cleared="0"  />
</gc-op>
<gc-op id="4175" type="classunload" timems="0.011" contextid="4171" timestamp="2019-08-09T00:19:36.980">
  <classunload-info classloadercandidates="55" classloadersunloaded="0" classesunloaded="0" anonymousclassesunloaded="0" quiescems="0.000" setupms="0.011" scanms="0.000" postms="0.000" />
</gc-op>
<gc-end id="4176" type="partial gc" contextid="4171" durationms="155.926" usertimems="74.203" systemtimems="120.990" timestamp="2019-08-09T00:19:36.981" activeThreads="16">
  <mem-info id="4177" free="245366784" total="408944640" percent="60">
    <mem type="eden" free="1321360" total="2097152" percent="63" />
    <remembered-set count="64352" freebytes="16091392" totalbytes="16348800" percent="98" regionsoverflowed="0" regionsstable="8" regionsrebuilding="0"/>
  </mem-info>
</gc-end>
<cycle-end id="4178" type="partial gc" contextid="4171" timestamp="2019-08-09T00:19:36.981" />
  <attribute name="elasticGC enabled" value="1" />
  <attribute name= "numThreadsSpecified" value="16" />
  <attribute name="heapSize specified" value="0" />
  <attribute name="Current GC Util" value="53" />
  <attribute name= "Current Time Running" value="187061" />
  <attribute name ="GC Interval" value="0" />
  <attribute name="Target GC Util Change" value ="80.000000" />
  <attribute name="Current GC Util Change" value="53.000000"/>
  <attribute name="Current Error" value="172.000000" />
  <attribute name="Output H" value="408982584"/>
  <attribute name="Output I" value="2104"/>
  <attribute name="Output T" value="16"/>
  <attribute name= "Current Time Running" value="187061" />
  <attribute name="GC Util currently" value="53" />
  <attribute name="CPU Util currently" value="472466555698" />
<exclusive-end id="4179" timestamp="2019-08-09T00:19:36.981" durationms="157.429" />

<exclusive-start id="4180" timestamp="2019-08-09T00:19:37.058" intervalms="234.621">
  <response-info timems="0.542" idlems="0.531" threads="2" lastid="0000000002304600" lastname="Thread-23" />
</exclusive-start>
<allocation-taxation id="4181" taxation-threshold="109051904" timestamp="2019-08-09T00:19:37.058" intervalms="234.288" />
<cycle-start id="4182" type="partial gc" contextid="0" timestamp="2019-08-09T00:19:37.059" intervalms="234.932" />
<gc-start id="4183" type="partial gc" contextid="4182" timestamp="2019-08-09T00:19:37.060">
  <mem-info id="4184" free="136314880" total="408944640" percent="33">
    <mem type="eden" free="0" total="109051904" percent="0" />
    <remembered-set count="64160" freebytes="16092160" totalbytes="16348800" percent="98" regionsoverflowed="0" regionsstable="8" regionsrebuilding="0"/>
  </mem-info>
</gc-start>
<allocation-stats totalBytes="109034280" >
  <allocated-bytes non-tlh="0" tlh="109034280" arrayletleaf="0"/>
  <largest-consumer threadName="Thread-21" threadId="0000000002339100" bytes="13298224" />
</allocation-stats>
<gc-op id="4185" type="copy forward" timems="135.045" contextid="4182" timestamp="2019-08-09T00:19:37.214">
  <memory-copied type="eden" objects="10231" bytes="251776" bytesdiscarded="31152" />
  <memory-copied type="other" objects="95631" bytes="4218408" bytesdiscarded="292328" />
  <memory-cardclean objects="8306" bytes="430608" />
  <regions eden="52" other="5" />
  <remembered-set-cleared processed="43972" cleared="1280" durationms="2.751" />
  <stringconstants candidates="15163" cleared="0"  />
</gc-op>
<gc-op id="4186" type="classunload" timems="0.013" contextid="4182" timestamp="2019-08-09T00:19:37.214">
  <classunload-info classloadercandidates="55" classloadersunloaded="0" classesunloaded="0" anonymousclassesunloaded="0" quiescems="0.000" setupms="0.013" scanms="0.000" postms="0.000" />
</gc-op>
<heap-resize id="4187" type="expand" space="default" amount="6291456" count="1" timems="0.124" reason="excessive time being spent in gc" timestamp="2019-08-09T00:19:37.214" />
<gc-end id="4188" type="partial gc" contextid="4182" durationms="154.532" usertimems="72.625" systemtimems="78.424" timestamp="2019-08-09T00:19:37.214" activeThreads="16">
  <mem-info id="4189" free="249561088" total="415236096" percent="60">
    <mem type="eden" free="1814224" total="2097152" percent="86" />
    <remembered-set count="68672" freebytes="16325632" totalbytes="16600320" percent="98" regionsoverflowed="0" regionsstable="8" regionsrebuilding="0"/>
  </mem-info>
</gc-end>
<cycle-end id="4190" type="partial gc" contextid="4182" timestamp="2019-08-09T00:19:37.214" />
  <attribute name="elasticGC enabled" value="1" />
  <attribute name= "numThreadsSpecified" value="16" />
  <attribute name="heapSize specified" value="0" />
  <attribute name="Current GC Util" value="17" />
  <attribute name= "Current Time Running" value="187312" />
  <attribute name ="GC Interval" value="0" />
  <attribute name="Target GC Util Change" value ="80.000000" />
  <attribute name="Current GC Util Change" value="17.000000"/>
  <attribute name="Current Error" value="63.000000" />
  <attribute name="Output H" value="408982520"/>
  <attribute name="Output I" value="2040"/>
  <attribute name="Output T" value="16"/>
  <attribute name= "Current Time Running" value="187312" />
  <attribute name="GC Util currently" value="17" />
  <attribute name="CPU Util currently" value="64286455495" />
<exclusive-end id="4191" timestamp="2019-08-09T00:19:37.215" durationms="156.587" />

<exclusive-start id="4192" timestamp="2019-08-09T00:19:37.387" intervalms="328.907">
  <response-info timems="12.818" idlems="4.348" threads="3" lastid="00000000022DEF00" lastname="Thread-34" />
</exclusive-start>
<allocation-taxation id="4193" taxation-threshold="111149056" timestamp="2019-08-09T00:19:37.387" intervalms="328.970" />
<cycle-start id="4194" type="partial gc" contextid="0" timestamp="2019-08-09T00:19:37.390" intervalms="330.763" />
<gc-start id="4195" type="partial gc" contextid="4194" timestamp="2019-08-09T00:19:37.390">
  <mem-info id="4196" free="138412032" total="415236096" percent="33">
    <mem type="eden" free="0" total="111149056" percent="0" />
    <remembered-set count="68672" freebytes="16325632" totalbytes="16600320" percent="98" regionsoverflowed="0" regionsstable="8" regionsrebuilding="0"/>
  </mem-info>
</gc-start>
<allocation-stats totalBytes="111130904" >
  <allocated-bytes non-tlh="0" tlh="111130904" arrayletleaf="0"/>
  <largest-consumer threadName="Thread-32" threadId="00000000022F9200" bytes="22922192" />
</allocation-stats>
<gc-op id="4197" type="copy forward" timems="23.658" contextid="4194" timestamp="2019-08-09T00:19:37.415">
  <memory-copied type="eden" objects="25201" bytes="1024728" bytesdiscarded="40352" />
  <memory-copied type="other" objects="64699" bytes="2651784" bytesdiscarded="180704" />
  <memory-cardclean objects="19917" bytes="1072248" />
  <regions eden="53" other="5" />
  <remembered-set-cleared processed="45500" cleared="3032" durationms="0.298" />
  <stringconstants candidates="15163" cleared="0"  />
</gc-op>
<gc-op id="4198" type="classunload" timems="0.013" contextid="4194" timestamp="2019-08-09T00:19:37.415">
  <classunload-info classloadercandidates="55" classloadersunloaded="0" classesunloaded="0" anonymousclassesunloaded="0" quiescems="0.000" setupms="0.013" scanms="0.000" postms="0.000" />
</gc-op>
<heap-resize id="4199" type="expand" space="default" amount="4194304" count="1" timems="0.059" reason="excessive time being spent in gc" timestamp="2019-08-09T00:19:37.415" />
<gc-end id="4200" type="partial gc" contextid="4194" durationms="25.088" usertimems="30.197" systemtimems="29.091" timestamp="2019-08-09T00:19:37.415" activeThreads="16">
  <mem-info id="4201" free="251658240" total="419430400" percent="60">
    <mem type="eden" free="1032072" total="2097152" percent="49" />
    <remembered-set count="68256" freebytes="16494976" totalbytes="16768000" percent="98" regionsoverflowed="0" regionsstable="8" regionsrebuilding="0"/>
  </mem-info>
</gc-end>
<cycle-end id="4202" type="partial gc" contextid="4194" timestamp="2019-08-09T00:19:37.415" />
  <attribute name="elasticGC enabled" value="1" />
  <attribute name= "numThreadsSpecified" value="16" />
  <attribute name="heapSize specified" value="0" />
  <attribute name="Current GC Util" value="86" />
  <attribute name= "Current Time Running" value="187625" />
  <attribute name ="GC Interval" value="0" />
  <attribute name="Target GC Util Change" value ="80.000000" />
  <attribute name="Current GC Util Change" value="86.000000"/>
  <attribute name="Current Error" value="90.000000" />
  <attribute name="Output H" value="415273992"/>
  <attribute name="Output I" value="2056"/>
  <attribute name="Output T" value="16"/>
  <attribute name= "Current Time Running" value="187625" />
  <attribute name="GC Util currently" value="86" />
  <attribute name="CPU Util currently" value="1447488118471" />
<exclusive-end id="4203" timestamp="2019-08-09T00:19:37.416" durationms="29.001" />

<exclusive-start id="4204" timestamp="2019-08-09T00:19:37.516" intervalms="128.927">
  <response-info timems="3.875" idlems="3.875" threads="0" lastid="000000000231EE00" lastname="Thread-30" />
</exclusive-start>
<allocation-taxation id="4205" taxation-threshold="111149056" timestamp="2019-08-09T00:19:37.516" intervalms="128.856" />
<cycle-start id="4206" type="partial gc" contextid="0" timestamp="2019-08-09T00:19:37.517" intervalms="126.940" />
<gc-start id="4207" type="partial gc" contextid="4206" timestamp="2019-08-09T00:19:37.517">
  <mem-info id="4208" free="140509184" total="419430400" percent="33">
    <mem type="eden" free="0" total="111149056" percent="0" />
    <remembered-set count="68032" freebytes="16495872" totalbytes="16768000" percent="98" regionsoverflowed="0" regionsstable="8" regionsrebuilding="0"/>
  </mem-info>
</gc-start>
<allocation-stats totalBytes="111132056" >
  <allocated-bytes non-tlh="0" tlh="111132056" arrayletleaf="0"/>
  <largest-consumer threadName="Thread-21" threadId="0000000002339100" bytes="13331192" />
</allocation-stats>
<gc-op id="4209" type="copy forward" timems="85.620" contextid="4206" timestamp="2019-08-09T00:19:37.608">
  <memory-copied type="eden" objects="23466" bytes="845144" bytesdiscarded="54904" />
  <memory-copied type="other" objects="50531" bytes="2037000" bytesdiscarded="150560" />
  <memory-cardclean objects="32599" bytes="1661256" />
  <regions eden="53" other="5" />
  <remembered-set-cleared processed="45800" cleared="4020" durationms="0.704" />
  <stringconstants candidates="15163" cleared="0"  />
</gc-op>
<gc-op id="4210" type="classunload" timems="0.010" contextid="4206" timestamp="2019-08-09T00:19:37.608">
  <classunload-info classloadercandidates="55" classloadersunloaded="0" classesunloaded="0" anonymousclassesunloaded="0" quiescems="0.000" setupms="0.010" scanms="0.000" postms="0.000" />
</gc-op>
<heap-resize id="4211" type="expand" space="default" amount="6291456" count="1" timems="0.060" reason="excessive time being spent in gc" timestamp="2019-08-09T00:19:37.609" />
<gc-end id="4212" type="partial gc" contextid="4206" durationms="91.538" usertimems="42.691" systemtimems="43.139" timestamp="2019-08-09T00:19:37.609" activeThreads="16">
  <mem-info id="4213" free="255852544" total="425721856" percent="60">
    <mem type="eden" free="1197104" total="2097152" percent="57" />
    <remembered-set count="67872" freebytes="16748032" totalbytes="17019520" percent="98" regionsoverflowed="0" regionsstable="8" regionsrebuilding="0"/>
  </mem-info>
</gc-end>
<cycle-end id="4214" type="partial gc" contextid="4206" timestamp="2019-08-09T00:19:37.609" />
  <attribute name="elasticGC enabled" value="1" />
  <attribute name= "numThreadsSpecified" value="16" />
  <attribute name="heapSize specified" value="0" />
  <attribute name="Current GC Util" value="11" />
  <attribute name= "Current Time Running" value="187756" />
  <attribute name ="GC Interval" value="0" />
  <attribute name="Target GC Util Change" value ="80.000000" />
  <attribute name="Current GC Util Change" value="11.000000"/>
  <attribute name="Current Error" value="193.000000" />
  <attribute name="Output H" value="419468352"/>
  <attribute name="Output I" value="2112"/>
  <attribute name="Output T" value="16"/>
  <attribute name= "Current Time Running" value="187756" />
  <attribute name="GC Util currently" value="11" />
  <attribute name="CPU Util currently" value="222658869392" />
<exclusive-end id="4215" timestamp="2019-08-09T00:19:37.609" durationms="93.084" />

<exclusive-start id="4216" timestamp="2019-08-09T00:19:37.683" intervalms="167.296">
  <response-info timems="3.218" idlems="3.218" threads="0" lastid="00000000022F1B00" lastname="Thread-25" />
</exclusive-start>
<allocation-taxation id="4217" taxation-threshold="113246208" timestamp="2019-08-09T00:19:37.683" intervalms="167.418" />
<cycle-start id="4218" type="partial gc" contextid="0" timestamp="2019-08-09T00:19:37.684" intervalms="166.949" />
<gc-start id="4219" type="partial gc" contextid="4218" timestamp="2019-08-09T00:19:37.684">
  <mem-info id="4220" free="142606336" total="425721856" percent="33">
    <mem type="eden" free="0" total="113246208" percent="0" />
    <remembered-set count="67680" freebytes="16748800" totalbytes="17019520" percent="98" regionsoverflowed="0" regionsstable="8" regionsrebuilding="0"/>
  </mem-info>
</gc-start>
<allocation-stats totalBytes="113229168" >
  <allocated-bytes non-tlh="0" tlh="113229168" arrayletleaf="0"/>
  <largest-consumer threadName="Thread-32" threadId="00000000022F9200" bytes="12876568" />
</allocation-stats>
<gc-op id="4221" type="copy forward" timems="109.288" contextid="4218" timestamp="2019-08-09T00:19:37.796">
  <memory-copied type="eden" objects="18358" bytes="722336" bytesdiscarded="33472" />
  <memory-copied type="other" objects="63201" bytes="2615832" bytesdiscarded="149304" />
  <memory-cardclean objects="20222" bytes="1035840" />
  <regions eden="54" other="5" />
  <remembered-set-cleared processed="45410" cleared="2236" durationms="0.746" />
  <stringconstants candidates="15163" cleared="0"  />
</gc-op>
<gc-op id="4222" type="classunload" timems="0.010" contextid="4218" timestamp="2019-08-09T00:19:37.796">
  <classunload-info classloadercandidates="55" classloadersunloaded="0" classesunloaded="0" anonymousclassesunloaded="0" quiescems="0.000" setupms="0.010" scanms="0.000" postms="0.000" />
</gc-op>
<heap-resize id="4223" type="expand" space="default" amount="4194304" count="1" timems="0.058" reason="excessive time being spent in gc" timestamp="2019-08-09T00:19:37.796" />
<gc-end id="4224" type="partial gc" contextid="4218" durationms="111.890" usertimems="42.922" systemtimems="49.358" timestamp="2019-08-09T00:19:37.796" activeThreads="16">
  <mem-info id="4225" free="257949696" total="429916160" percent="60">
    <mem type="eden" free="1341344" total="2097152" percent="63" />
    <remembered-set count="65888" freebytes="16923648" totalbytes="17187200" percent="98" regionsoverflowed="0" regionsstable="8" regionsrebuilding="0"/>
  </mem-info>
</gc-end>
<cycle-end id="4226" type="partial gc" contextid="4218" timestamp="2019-08-09T00:19:37.796" />
  <attribute name="elasticGC enabled" value="1" />
  <attribute name= "numThreadsSpecified" value="16" />
  <attribute name="heapSize specified" value="0" />
  <attribute name="Current GC Util" value="58" />
  <attribute name= "Current Time Running" value="187920" />
  <attribute name ="GC Interval" value="0" />
  <attribute name="Target GC Util Change" value ="80.000000" />
  <attribute name="Current GC Util Change" value="58.000000"/>
  <attribute name="Current Error" value="22.000000" />
  <attribute name="Output H" value="425759712"/>
  <attribute name="Output I" value="2016"/>
  <attribute name="Output T" value="16"/>
  <attribute name= "Current Time Running" value="187920" />
  <attribute name="GC Util currently" value="58" />
  <attribute name="CPU Util currently" value="636611576671" />
<exclusive-end id="4227" timestamp="2019-08-09T00:19:37.796" durationms="113.107" />

<exclusive-start id="4228" timestamp="2019-08-09T00:19:37.871" intervalms="188.099">
  <response-info timems="0.519" idlems="0.519" threads="0" lastid="00000000022F5600" lastname="Thread-24" />
</exclusive-start>
<allocation-taxation id="4229" taxation-threshold="113246208" timestamp="2019-08-09T00:19:37.872" intervalms="188.085" />
<cycle-start id="4230" type="partial gc" contextid="0" timestamp="2019-08-09T00:19:37.872" intervalms="187.957" />
<gc-start id="4231" type="partial gc" contextid="4230" timestamp="2019-08-09T00:19:37.872">
  <mem-info id="4232" free="144703488" total="429916160" percent="33">
    <mem type="eden" free="0" total="113246208" percent="0" />
    <remembered-set count="65760" freebytes="16924160" totalbytes="17187200" percent="98" regionsoverflowed="0" regionsstable="8" regionsrebuilding="0"/>
  </mem-info>
</gc-start>
<allocation-stats totalBytes="113228224" >
  <allocated-bytes non-tlh="0" tlh="113228224" arrayletleaf="0"/>
  <largest-consumer threadName="Thread-21" threadId="0000000002339100" bytes="14600000" />
</allocation-stats>
<gc-op id="4233" type="copy forward" timems="76.116" contextid="4230" timestamp="2019-08-09T00:19:37.971">
  <memory-copied type="eden" objects="25623" bytes="1034616" bytesdiscarded="89816" />
  <memory-copied type="other" objects="41611" bytes="1685544" bytesdiscarded="14904" />
  <memory-cardclean objects="23693" bytes="1257768" />
  <regions eden="54" other="5" />
  <remembered-set-cleared processed="46522" cleared="4792" durationms="2.624" />
  <stringconstants candidates="15163" cleared="0"  />
</gc-op>
<gc-op id="4234" type="classunload" timems="0.011" contextid="4230" timestamp="2019-08-09T00:19:37.971">
  <classunload-info classloadercandidates="55" classloadersunloaded="0" classesunloaded="0" anonymousclassesunloaded="0" quiescems="0.000" setupms="0.011" scanms="0.000" postms="0.000" />
</gc-op>
<heap-resize id="4235" type="expand" space="default" amount="6291456" count="1" timems="0.065" reason="excessive time being spent in gc" timestamp="2019-08-09T00:19:37.971" />
<gc-end id="4236" type="partial gc" contextid="4230" durationms="98.723" usertimems="34.896" systemtimems="46.015" timestamp="2019-08-09T00:19:37.971" activeThreads="16">
  <mem-info id="4237" free="262144000" total="436207616" percent="60">
    <mem type="eden" free="972720" total="2097152" percent="46" />
    <remembered-set count="65408" freebytes="17177088" totalbytes="17438720" percent="98" regionsoverflowed="0" regionsstable="8" regionsrebuilding="0"/>
  </mem-info>
</gc-end>
<cycle-end id="4238" type="partial gc" contextid="4230" timestamp="2019-08-09T00:19:37.971" />
  <attribute name="elasticGC enabled" value="1" />
  <attribute name= "numThreadsSpecified" value="16" />
  <attribute name="heapSize specified" value="0" />
  <attribute name="Current GC Util" value="20" />
  <attribute name= "Current Time Running" value="188128" />
  <attribute name ="GC Interval" value="0" />
  <attribute name="Target GC Util Change" value ="80.000000" />
  <attribute name="Current GC Util Change" value="20.000000"/>
  <attribute name="Current Error" value="114.000000" />
  <attribute name="Output H" value="429954072"/>
  <attribute name="Output I" value="2072"/>
  <attribute name="Output T" value="16"/>
  <attribute name= "Current Time Running" value="188128" />
  <attribute name="GC Util currently" value="20" />
  <attribute name="CPU Util currently" value="62845754437" />
<exclusive-end id="4239" timestamp="2019-08-09T00:19:37.971" durationms="100.014" />

<exclusive-start id="4240" timestamp="2019-08-09T00:19:38.060" intervalms="188.276">
  <response-info timems="2.222" idlems="2.222" threads="0" lastid="00000000022DB300" lastname="Thread-33" />
</exclusive-start>
<allocation-taxation id="4241" taxation-threshold="115343360" timestamp="2019-08-09T00:19:38.060" intervalms="188.147" />
<cycle-start id="4242" type="partial gc" contextid="0" timestamp="2019-08-09T00:19:38.060" intervalms="188.404" />
<gc-start id="4243" type="partial gc" contextid="4242" timestamp="2019-08-09T00:19:38.061">
  <mem-info id="4244" free="146800640" total="436207616" percent="33">
    <mem type="eden" free="0" total="115343360" percent="0" />
    <remembered-set count="65184" freebytes="17177984" totalbytes="17438720" percent="98" regionsoverflowed="0" regionsstable="8" regionsrebuilding="0"/>
  </mem-info>
</gc-start>
<allocation-stats totalBytes="115324800" >
  <allocated-bytes non-tlh="0" tlh="115324800" arrayletleaf="0"/>
  <largest-consumer threadName="Thread-21" threadId="0000000002339100" bytes="12781496" />
</allocation-stats>
<gc-op id="4245" type="copy forward" timems="89.967" contextid="4242" timestamp="2019-08-09T00:19:38.154">
  <memory-copied type="eden" objects="26925" bytes="1065592" bytesdiscarded="103560" />
  <memory-copied type="other" objects="67581" bytes="2995704" bytesdiscarded="300280" />
  <memory-cardclean objects="17522" bytes="915456" />
  <regions eden="55" other="5" />
  <remembered-set-cleared processed="45235" cleared="3290" durationms="0.283" />
  <stringconstants candidates="15163" cleared="0"  />
</gc-op>
<gc-op id="4246" type="classunload" timems="0.014" contextid="4242" timestamp="2019-08-09T00:19:38.154">
  <classunload-info classloadercandidates="55" classloadersunloaded="0" classesunloaded="0" anonymousclassesunloaded="0" quiescems="0.000" setupms="0.013" scanms="0.000" postms="0.000" />
</gc-op>
<heap-resize id="4247" type="expand" space="default" amount="4194304" count="1" timems="0.068" reason="excessive time being spent in gc" timestamp="2019-08-09T00:19:38.154" />
<gc-end id="4248" type="partial gc" contextid="4242" durationms="93.337" usertimems="50.383" systemtimems="47.370" timestamp="2019-08-09T00:19:38.154" activeThreads="16">
  <mem-info id="4249" free="264241152" total="440401920" percent="60">
    <mem type="eden" free="928000" total="2097152" percent="44" />
    <remembered-set count="69120" freebytes="17329920" totalbytes="17606400" percent="98" regionsoverflowed="0" regionsstable="8" regionsrebuilding="0"/>
  </mem-info>
</gc-end>
<cycle-end id="4250" type="partial gc" contextid="4242" timestamp="2019-08-09T00:19:38.154" />
  <attribute name="elasticGC enabled" value="1" />
  <attribute name= "numThreadsSpecified" value="16" />
  <attribute name="heapSize specified" value="0" />
  <attribute name="Current GC Util" value="47" />
  <attribute name= "Current Time Running" value="188297" />
  <attribute name ="GC Interval" value="0" />
  <attribute name="Target GC Util Change" value ="80.000000" />
  <attribute name="Current GC Util Change" value="47.000000"/>
  <attribute name="Current Error" value="181.000000" />
  <attribute name="Output H" value="436245560"/>
  <attribute name="Output I" value="2104"/>
  <attribute name="Output T" value="16"/>
  <attribute name= "Current Time Running" value="188297" />
  <attribute name="GC Util currently" value="47" />
  <attribute name="CPU Util currently" value="457529548760" />
<exclusive-end id="4251" timestamp="2019-08-09T00:19:38.154" durationms="94.474" />

<exclusive-start id="4252" timestamp="2019-08-09T00:19:38.287" intervalms="227.757">
  <response-info timems="3.987" idlems="3.987" threads="0" lastid="000000000232DD00" lastname="Thread-29" />
</exclusive-start>
<allocation-taxation id="4253" taxation-threshold="117440512" timestamp="2019-08-09T00:19:38.287" intervalms="227.773" />
<cycle-start id="4254" type="partial gc" contextid="0" timestamp="2019-08-09T00:19:38.288" intervalms="227.469" />
<gc-start id="4255" type="partial gc" contextid="4254" timestamp="2019-08-09T00:19:38.288">
  <mem-info id="4256" free="146800640" total="440401920" percent="33">
    <mem type="eden" free="0" total="117440512" percent="0" />
    <remembered-set count="68992" freebytes="17330432" totalbytes="17606400" percent="98" regionsoverflowed="0" regionsstable="8" regionsrebuilding="0"/>
  </mem-info>
</gc-start>
<allocation-stats totalBytes="117421040" >
  <allocated-bytes non-tlh="0" tlh="117421040" arrayletleaf="0"/>
  <largest-consumer threadName="Thread-33" threadId="00000000022DB300" bytes="13203352" />
</allocation-stats>
<gc-op id="4257" type="copy forward" timems="61.861" contextid="4254" timestamp="2019-08-09T00:19:38.352">
  <memory-copied type="eden" objects="22790" bytes="966912" bytesdiscarded="98336" />
  <memory-copied type="other" objects="60236" bytes="2544672" bytesdiscarded="293448" />
  <memory-cardclean objects="20029" bytes="993024" />
  <regions eden="56" other="5" />
  <remembered-set-cleared processed="45525" cleared="2572" durationms="1.056" />
  <stringconstants candidates="15163" cleared="0"  />
</gc-op>
<gc-op id="4258" type="classunload" timems="0.019" contextid="4254" timestamp="2019-08-09T00:19:38.352">
  <classunload-info classloadercandidates="55" classloadersunloaded="0" classesunloaded="0" anonymousclassesunloaded="0" quiescems="0.000" setupms="0.019" scanms="0.000" postms="0.000" />
</gc-op>
<heap-resize id="4259" type="expand" space="default" amount="6291456" count="1" timems="0.078" reason="excessive time being spent in gc" timestamp="2019-08-09T00:19:38.352" />
<gc-end id="4260" type="partial gc" contextid="4254" durationms="64.503" usertimems="35.960" systemtimems="18.533" timestamp="2019-08-09T00:19:38.353" activeThreads="16">
  <mem-info id="4261" free="268435456" total="446693376" percent="60">
    <mem type="eden" free="1031904" total="2097152" percent="49" />
    <remembered-set count="70016" freebytes="17577856" totalbytes="17857920" percent="98" regionsoverflowed="0" regionsstable="8" regionsrebuilding="0"/>
  </mem-info>
</gc-end>
<cycle-end id="4262" type="partial gc" contextid="4254" timestamp="2019-08-09T00:19:38.353" />
  <attribute name="elasticGC enabled" value="1" />
  <attribute name= "numThreadsSpecified" value="16" />
  <attribute name="heapSize specified" value="0" />
  <attribute name="Current GC Util" value="44" />
  <attribute name= "Current Time Running" value="188523" />
  <attribute name ="GC Interval" value="0" />
  <attribute name="Target GC Util Change" value ="80.000000" />
  <attribute name="Current GC Util Change" value="44.000000"/>
  <attribute name="Current Error" value="36.000000" />
  <attribute name="Output H" value="440439784"/>
  <attribute name="Output I" value="2024"/>
  <attribute name="Output T" value="16"/>
  <attribute name= "Current Time Running" value="188523" />
  <attribute name="GC Util currently" value="44" />
  <attribute name="CPU Util currently" value="647976208589" />
<exclusive-end id="4263" timestamp="2019-08-09T00:19:38.359" durationms="71.793" />

<exclusive-start id="4264" timestamp="2019-08-09T00:19:38.487" intervalms="199.751">
  <response-info timems="4.231" idlems="4.231" threads="0" lastid="00000000022DB300" lastname="Thread-33" />
</exclusive-start>
<allocation-taxation id="4265" taxation-threshold="117440512" timestamp="2019-08-09T00:19:38.487" intervalms="199.773" />
<cycle-start id="4266" type="partial gc" contextid="0" timestamp="2019-08-09T00:19:38.487" intervalms="199.712" />
<gc-start id="4267" type="partial gc" contextid="4266" timestamp="2019-08-09T00:19:38.488">
  <mem-info id="4268" free="150994944" total="446693376" percent="33">
    <mem type="eden" free="0" total="117440512" percent="0" />
    <remembered-set count="69536" freebytes="17579776" totalbytes="17857920" percent="98" regionsoverflowed="0" regionsstable="8" regionsrebuilding="0"/>
  </mem-info>
</gc-start>
<allocation-stats totalBytes="117420464" >
  <allocated-bytes non-tlh="0" tlh="117420464" arrayletleaf="0"/>
  <largest-consumer threadName="Thread-32" threadId="00000000022F9200" bytes="13227720" />
</allocation-stats>
<gc-op id="4269" type="copy forward" timems="16.639" contextid="4266" timestamp="2019-08-09T00:19:38.505">
  <memory-copied type="eden" objects="8182" bytes="230760" bytesdiscarded="72408" />
  <memory-copied type="other" objects="75326" bytes="3181584" bytesdiscarded="254112" />
  <memory-cardclean objects="22562" bytes="1134696" />
  <regions eden="56" other="5" />
  <remembered-set-cleared processed="45091" cleared="1568" durationms="0.323" />
  <stringconstants candidates="15163" cleared="0"  />
</gc-op>
<gc-op id="4270" type="classunload" timems="0.010" contextid="4266" timestamp="2019-08-09T00:19:38.506">
  <classunload-info classloadercandidates="55" classloadersunloaded="0" classesunloaded="0" anonymousclassesunloaded="0" quiescems="0.000" setupms="0.010" scanms="0.000" postms="0.000" />
</gc-op>
<heap-resize id="4271" type="expand" space="default" amount="4194304" count="1" timems="0.055" reason="excessive time being spent in gc" timestamp="2019-08-09T00:19:38.506" />
<gc-end id="4272" type="partial gc" contextid="4266" durationms="18.095" usertimems="35.819" systemtimems="8.438" timestamp="2019-08-09T00:19:38.506" activeThreads="16">
  <mem-info id="4273" free="270532608" total="450887680" percent="60">
    <mem type="eden" free="1793984" total="2097152" percent="85" />
    <remembered-set count="72064" freebytes="17737344" totalbytes="18025600" percent="98" regionsoverflowed="0" regionsstable="8" regionsrebuilding="0"/>
  </mem-info>
</gc-end>
<cycle-end id="4274" type="partial gc" contextid="4266" timestamp="2019-08-09T00:19:38.506" />
  <attribute name="elasticGC enabled" value="1" />
  <attribute name= "numThreadsSpecified" value="16" />
  <attribute name="heapSize specified" value="0" />
  <attribute name="Current GC Util" value="109" />
  <attribute name= "Current Time Running" value="188722" />
  <attribute name ="GC Interval" value="0" />
  <attribute name="Target GC Util Change" value ="80.000000" />
  <attribute name="Current GC Util Change" value="109.000000"/>
  <attribute name="Current Error" value="60.000000" />
  <attribute name="Output H" value="446731256"/>
  <attribute name="Output I" value="2040"/>
  <attribute name="Output T" value="16"/>
  <attribute name= "Current Time Running" value="188722" />
  <attribute name="GC Util currently" value="109" />
  <attribute name="CPU Util currently" value="1622566882223" />
<exclusive-end id="4275" timestamp="2019-08-09T00:19:38.506" durationms="18.991" />

<exclusive-start id="4276" timestamp="2019-08-09T00:19:38.597" intervalms="109.438">
  <response-info timems="3.392" idlems="3.392" threads="0" lastid="0000000002304600" lastname="Thread-23" />
</exclusive-start>
<allocation-taxation id="4277" taxation-threshold="119537664" timestamp="2019-08-09T00:19:38.597" intervalms="109.483" />
<cycle-start id="4278" type="partial gc" contextid="0" timestamp="2019-08-09T00:19:38.598" intervalms="110.241" />
<gc-start id="4279" type="partial gc" contextid="4278" timestamp="2019-08-09T00:19:38.598">
  <mem-info id="4280" free="150994944" total="450887680" percent="33">
    <mem type="eden" free="0" total="119537664" percent="0" />
    <remembered-set count="71808" freebytes="17738368" totalbytes="18025600" percent="98" regionsoverflowed="0" regionsstable="8" regionsrebuilding="0"/>
  </mem-info>
</gc-start>
<allocation-stats totalBytes="119517872" >
  <allocated-bytes non-tlh="0" tlh="119517872" arrayletleaf="0"/>
  <largest-consumer threadName="Thread-34" threadId="00000000022DEF00" bytes="13006856" />
</allocation-stats>
<gc-op id="4281" type="copy forward" timems="95.001" contextid="4278" timestamp="2019-08-09T00:19:38.695">
  <memory-copied type="eden" objects="18906" bytes="707936" bytesdiscarded="61176" />
  <memory-copied type="other" objects="51823" bytes="2095824" bytesdiscarded="131248" />
  <memory-cardclean objects="27435" bytes="1405560" />
  <regions eden="57" other="6" />
  <remembered-set-cleared processed="46157" cleared="3818" durationms="0.348" />
  <stringconstants candidates="15163" cleared="0"  />
</gc-op>
<gc-op id="4282" type="classunload" timems="0.013" contextid="4278" timestamp="2019-08-09T00:19:38.695">
  <classunload-info classloadercandidates="55" classloadersunloaded="0" classesunloaded="0" anonymousclassesunloaded="0" quiescems="0.000" setupms="0.012" scanms="0.000" postms="0.000" />
</gc-op>
<heap-resize id="4283" type="expand" space="default" amount="6291456" count="1" timems="0.059" reason="excessive time being spent in gc" timestamp="2019-08-09T00:19:38.696" />
<gc-end id="4284" type="partial gc" contextid="4278" durationms="98.094" usertimems="27.886" systemtimems="30.598" timestamp="2019-08-09T00:19:38.696" activeThreads="16">
  <mem-info id="4285" free="274726912" total="457179136" percent="60">
    <mem type="eden" free="1328040" total="2097152" percent="63" />
    <remembered-set count="69536" freebytes="17998976" totalbytes="18277120" percent="98" regionsoverflowed="0" regionsstable="8" regionsrebuilding="0"/>
  </mem-info>
</gc-end>
<cycle-end id="4286" type="partial gc" contextid="4278" timestamp="2019-08-09T00:19:38.697" />
  <attribute name="elasticGC enabled" value="1" />
  <attribute name= "numThreadsSpecified" value="16" />
  <attribute name="heapSize specified" value="0" />
  <attribute name="Current GC Util" value="90" />
  <attribute name= "Current Time Running" value="188833" />
  <attribute name ="GC Interval" value="0" />
  <attribute name="Target GC Util Change" value ="80.000000" />
  <attribute name="Current GC Util Change" value="90.000000"/>
  <attribute name="Current Error" value="91.000000" />
  <attribute name="Output H" value="450925576"/>
  <attribute name="Output I" value="2056"/>
  <attribute name="Output T" value="16"/>
  <attribute name= "Current Time Running" value="188833" />
  <attribute name="GC Util currently" value="90" />
  <attribute name="CPU Util currently" value="930142869481" />
<exclusive-end id="4287" timestamp="2019-08-09T00:19:38.697" durationms="100.277" />

<exclusive-start id="4288" timestamp="2019-08-09T00:19:38.820" intervalms="223.384">
  <response-info timems="8.157" idlems="8.157" threads="0" lastid="00000000022D7700" lastname="Thread-35" />
</exclusive-start>
<allocation-taxation id="4289" taxation-threshold="121634816" timestamp="2019-08-09T00:19:38.820" intervalms="223.318" />
<cycle-start id="4290" type="partial gc" contextid="0" timestamp="2019-08-09T00:19:38.834" intervalms="236.132" />
<gc-start id="4291" type="partial gc" contextid="4290" timestamp="2019-08-09T00:19:38.834">
  <mem-info id="4292" free="153092096" total="457179136" percent="33">
    <mem type="eden" free="0" total="121634816" percent="0" />
    <remembered-set count="69376" freebytes="17999616" totalbytes="18277120" percent="98" regionsoverflowed="0" regionsstable="8" regionsrebuilding="0"/>
  </mem-info>
</gc-start>
<allocation-stats totalBytes="121614800" >
  <allocated-bytes non-tlh="0" tlh="121614800" arrayletleaf="0"/>
  <largest-consumer threadName="Thread-25" threadId="00000000022F1B00" bytes="12298520" />
</allocation-stats>
<gc-op id="4293" type="copy forward" timems="122.087" contextid="4290" timestamp="2019-08-09T00:19:39.060">
  <memory-copied type="eden" objects="44064" bytes="1750456" bytesdiscarded="75528" />
  <memory-copied type="other" objects="64374" bytes="2643984" bytesdiscarded="137400" />
  <memory-cardclean objects="28207" bytes="1419912" />
  <regions eden="58" other="6" />
  <remembered-set-cleared processed="46132" cleared="2970" durationms="0.294" />
  <stringconstants candidates="15163" cleared="0"  />
</gc-op>
<gc-op id="4294" type="classunload" timems="0.017" contextid="4290" timestamp="2019-08-09T00:19:39.060">
  <classunload-info classloadercandidates="55" classloadersunloaded="0" classesunloaded="0" anonymousclassesunloaded="0" quiescems="0.000" setupms="0.017" scanms="0.000" postms="0.000" />
</gc-op>
<heap-resize id="4295" type="expand" space="default" amount="4194304" count="1" timems="0.070" reason="excessive time being spent in gc" timestamp="2019-08-09T00:19:39.061" />
<gc-end id="4296" type="partial gc" contextid="4290" durationms="226.670" usertimems="86.324" systemtimems="77.950" timestamp="2019-08-09T00:19:39.061" activeThreads="16">
  <mem-info id="4297" free="276824064" total="461373440" percent="60">
    <mem type="eden" free="271168" total="2097152" percent="12" />
    <remembered-set count="72608" freebytes="18154368" totalbytes="18444800" percent="98" regionsoverflowed="0" regionsstable="8" regionsrebuilding="0"/>
  </mem-info>
</gc-end>
<cycle-end id="4298" type="partial gc" contextid="4290" timestamp="2019-08-09T00:19:39.061" />
  <attribute name="elasticGC enabled" value="1" />
  <attribute name= "numThreadsSpecified" value="16" />
  <attribute name="heapSize specified" value="0" />
  <attribute name="Current GC Util" value="25" />
  <attribute name= "Current Time Running" value="189171" />
  <attribute name ="GC Interval" value="0" />
  <attribute name="Target GC Util Change" value ="80.000000" />
  <attribute name="Current GC Util Change" value="25.000000"/>
  <attribute name="Current Error" value="55.000000" />
  <attribute name="Output H" value="457217008"/>
  <attribute name="Output I" value="2032"/>
  <attribute name="Output T" value="16"/>
  <attribute name= "Current Time Running" value="189171" />
  <attribute name="GC Util currently" value="25" />
  <attribute name="CPU Util currently" value="11295577768" />
<exclusive-end id="4299" timestamp="2019-08-09T00:19:39.062" durationms="242.384" />

<exclusive-start id="4300" timestamp="2019-08-09T00:19:39.180" intervalms="360.046">
  <response-info timems="6.195" idlems="6.195" threads="0" lastid="000000000230FE00" lastname="Thread-26" />
</exclusive-start>
<allocation-taxation id="4301" taxation-threshold="121634816" timestamp="2019-08-09T00:19:39.180" intervalms="360.065" />
<cycle-start id="4302" type="partial gc" contextid="0" timestamp="2019-08-09T00:19:39.180" intervalms="346.373" />
<gc-start id="4303" type="partial gc" contextid="4302" timestamp="2019-08-09T00:19:39.180">
  <mem-info id="4304" free="155189248" total="461373440" percent="33">
    <mem type="eden" free="0" total="121634816" percent="0" />
    <remembered-set count="72288" freebytes="18155648" totalbytes="18444800" percent="98" regionsoverflowed="0" regionsstable="8" regionsrebuilding="0"/>
  </mem-info>
</gc-start>
<allocation-stats totalBytes="121613640" >
  <allocated-bytes non-tlh="0" tlh="121613640" arrayletleaf="0"/>
  <largest-consumer threadName="Thread-32" threadId="00000000022F9200" bytes="10209600" />
</allocation-stats>
<gc-op id="4305" type="copy forward" timems="91.615" contextid="4302" timestamp="2019-08-09T00:19:39.275">
  <memory-copied type="eden" objects="43321" bytes="1733000" bytesdiscarded="253808" />
  <memory-copied type="other" objects="37791" bytes="1428672" bytesdiscarded="120376" />
  <memory-cardclean objects="30819" bytes="1632744" />
  <regions eden="58" other="6" />
  <remembered-set-cleared processed="48020" cleared="5029" durationms="0.257" />
  <stringconstants candidates="15163" cleared="0"  />
</gc-op>
<gc-op id="4306" type="classunload" timems="0.010" contextid="4302" timestamp="2019-08-09T00:19:39.275">
  <classunload-info classloadercandidates="55" classloadersunloaded="0" classesunloaded="0" anonymousclassesunloaded="0" quiescems="0.000" setupms="0.010" scanms="0.000" postms="0.000" />
</gc-op>
<heap-resize id="4307" type="expand" space="default" amount="10485760" count="1" timems="0.090" reason="excessive time being spent in gc" timestamp="2019-08-09T00:19:39.275" />
<gc-end id="4308" type="partial gc" contextid="4302" durationms="94.664" usertimems="36.339" systemtimems="42.351" timestamp="2019-08-09T00:19:39.275" activeThreads="16">
  <mem-info id="4309" free="283115520" total="471859200" percent="60">
    <mem type="eden" free="2207496" total="4194304" percent="52" />
    <remembered-set count="71392" freebytes="18578432" totalbytes="18864000" percent="98" regionsoverflowed="0" regionsstable="8" regionsrebuilding="0"/>
  </mem-info>
</gc-end>
<cycle-end id="4310" type="partial gc" contextid="4302" timestamp="2019-08-09T00:19:39.275" />
  <attribute name="elasticGC enabled" value="1" />
  <attribute name= "numThreadsSpecified" value="16" />
  <attribute name="heapSize specified" value="0" />
  <attribute name="Current GC Util" value="71" />
  <attribute name= "Current Time Running" value="189416" />
  <attribute name ="GC Interval" value="0" />
  <attribute name="Target GC Util Change" value ="80.000000" />
  <attribute name="Current GC Util Change" value="71.000000"/>
  <attribute name="Current Error" value="87.000000" />
  <attribute name="Output H" value="461411336"/>
  <attribute name="Output I" value="2056"/>
  <attribute name="Output T" value="16"/>
  <attribute name= "Current Time Running" value="189416" />
  <attribute name="GC Util currently" value="71" />
  <attribute name="CPU Util currently" value="687784863608" />
<exclusive-end id="4311" timestamp="2019-08-09T00:19:39.275" durationms="95.445" />

<exclusive-start id="4312" timestamp="2019-08-09T00:19:39.368" intervalms="187.872">
  <response-info timems="8.077" idlems="8.077" threads="0" lastid="000000000232DD00" lastname="Thread-29" />
</exclusive-start>
<allocation-taxation id="4313" taxation-threshold="123731968" timestamp="2019-08-09T00:19:39.368" intervalms="187.859" />
<cycle-start id="4314" type="partial gc" contextid="0" timestamp="2019-08-09T00:19:39.368" intervalms="187.938" />
<gc-start id="4315" type="partial gc" contextid="4314" timestamp="2019-08-09T00:19:39.368">
  <mem-info id="4316" free="159383552" total="471859200" percent="33">
    <mem type="eden" free="0" total="123731968" percent="0" />
    <remembered-set count="71264" freebytes="18578944" totalbytes="18864000" percent="98" regionsoverflowed="0" regionsstable="8" regionsrebuilding="0"/>
  </mem-info>
</gc-start>
<allocation-stats totalBytes="123710656" >
  <allocated-bytes non-tlh="0" tlh="123710656" arrayletleaf="0"/>
  <largest-consumer threadName="Thread-29" threadId="000000000232DD00" bytes="12023856" />
</allocation-stats>
<gc-op id="4317" type="copy forward" timems="116.461" contextid="4314" timestamp="2019-08-09T00:19:39.488">
  <memory-copied type="eden" objects="57389" bytes="2483216" bytesdiscarded="244696" />
  <memory-copied type="other" objects="48108" bytes="1951032" bytesdiscarded="138728" />
  <memory-cardclean objects="18804" bytes="957576" />
  <regions eden="59" other="7" />
  <remembered-set-cleared processed="46101" cleared="3512" durationms="0.312" />
  <stringconstants candidates="15163" cleared="0"  />
</gc-op>
<gc-op id="4318" type="classunload" timems="0.016" contextid="4314" timestamp="2019-08-09T00:19:39.488">
  <classunload-info classloadercandidates="55" classloadersunloaded="0" classesunloaded="0" anonymousclassesunloaded="0" quiescems="0.000" setupms="0.015" scanms="0.000" postms="0.000" />
</gc-op>
<heap-resize id="4319" type="expand" space="default" amount="6291456" count="1" timems="0.088" reason="excessive time being spent in gc" timestamp="2019-08-09T00:19:39.489" />
<gc-end id="4320" type="partial gc" contextid="4314" durationms="120.142" usertimems="49.510" systemtimems="45.142" timestamp="2019-08-09T00:19:39.489" activeThreads="16">
  <mem-info id="4321" free="287309824" total="478150656" percent="60">
    <mem type="eden" free="1466392" total="4194304" percent="34" />
    <remembered-set count="67584" freebytes="18845184" totalbytes="19115520" percent="98" regionsoverflowed="0" regionsstable="8" regionsrebuilding="0"/>
  </mem-info>
</gc-end>
<cycle-end id="4322" type="partial gc" contextid="4314" timestamp="2019-08-09T00:19:39.489" />
  <attribute name="elasticGC enabled" value="1" />
  <attribute name= "numThreadsSpecified" value="16" />
  <attribute name="heapSize specified" value="0" />
  <attribute name="Current GC Util" value="103" />
  <attribute name= "Current Time Running" value="189604" />
  <attribute name ="GC Interval" value="0" />
  <attribute name="Target GC Util Change" value ="80.000000" />
  <attribute name="Current GC Util Change" value="103.000000"/>
  <attribute name="Current Error" value="103.000000" />
  <attribute name="Output H" value="471897104"/>
  <attribute name="Output I" value="2064"/>
  <attribute name="Output T" value="16"/>
  <attribute name= "Current Time Running" value="189604" />
  <attribute name="GC Util currently" value="103" />
  <attribute name="CPU Util currently" value="601186282550" />
<exclusive-end id="4323" timestamp="2019-08-09T00:19:39.489" durationms="121.354" />

<exclusive-start id="4324" timestamp="2019-08-09T00:19:39.542" intervalms="173.737">
  <response-info timems="0.817" idlems="0.817" threads="0" lastid="00000000022DEF00" lastname="Thread-34" />
</exclusive-start>
<allocation-taxation id="4325" taxation-threshold="125829120" timestamp="2019-08-09T00:19:39.542" intervalms="173.749" />
<cycle-start id="4326" type="partial gc" contextid="0" timestamp="2019-08-09T00:19:39.542" intervalms="173.830" />
<gc-start id="4327" type="partial gc" contextid="4326" timestamp="2019-08-09T00:19:39.542">
  <mem-info id="4328" free="161480704" total="478150656" percent="33">
    <mem type="eden" free="0" total="125829120" percent="0" />
    <remembered-set count="67552" freebytes="18845312" totalbytes="19115520" percent="98" regionsoverflowed="0" regionsstable="8" regionsrebuilding="0"/>
  </mem-info>
</gc-start>
<allocation-stats totalBytes="125807248" >
  <allocated-bytes non-tlh="0" tlh="125807248" arrayletleaf="0"/>
  <largest-consumer threadName="Thread-23" threadId="0000000002304600" bytes="12617624" />
</allocation-stats>
<gc-op id="4329" type="copy forward" timems="132.879" contextid="4326" timestamp="2019-08-09T00:19:39.677">
  <memory-copied type="eden" objects="47486" bytes="1833664" bytesdiscarded="262752" />
  <memory-copied type="other" objects="59896" bytes="2673888" bytesdiscarded="172152" />
  <memory-cardclean objects="9561" bytes="471720" />
  <regions eden="60" other="7" />
  <remembered-set-cleared processed="45207" cleared="2577" durationms="0.271" />
  <stringconstants candidates="15163" cleared="0"  />
</gc-op>
<gc-op id="4330" type="classunload" timems="0.010" contextid="4326" timestamp="2019-08-09T00:19:39.677">
  <classunload-info classloadercandidates="55" classloadersunloaded="0" classesunloaded="0" anonymousclassesunloaded="0" quiescems="0.000" setupms="0.010" scanms="0.000" postms="0.000" />
</gc-op>
<heap-resize id="4331" type="expand" space="default" amount="4194304" count="1" timems="0.083" reason="excessive time being spent in gc" timestamp="2019-08-09T00:19:39.677" />
<gc-end id="4332" type="partial gc" contextid="4326" durationms="134.769" usertimems="45.652" systemtimems="46.211" timestamp="2019-08-09T00:19:39.677" activeThreads="16">
  <mem-info id="4333" free="289406976" total="482344960" percent="60">
    <mem type="eden" free="2097888" total="4194304" percent="50" />
    <remembered-set count="69792" freebytes="19004032" totalbytes="19283200" percent="98" regionsoverflowed="0" regionsstable="8" regionsrebuilding="0"/>
  </mem-info>
</gc-end>
<cycle-end id="4334" type="partial gc" contextid="4326" timestamp="2019-08-09T00:19:39.677" />
  <attribute name="elasticGC enabled" value="1" />
  <attribute name= "numThreadsSpecified" value="16" />
  <attribute name="heapSize specified" value="0" />
  <attribute name="Current GC Util" value="116" />
  <attribute name= "Current Time Running" value="189777" />
  <attribute name ="GC Interval" value="0" />
  <attribute name="Target GC Util Change" value ="80.000000" />
  <attribute name="Current GC Util Change" value="116.000000"/>
  <attribute name="Current Error" value="-36.000000" />
  <attribute name="Output H" value="478188480"/>
  <attribute name="Output I" value="1984"/>
  <attribute name="Output T" value="16"/>
  <attribute name= "Current Time Running" value="189777" />
  <attribute name="GC Util currently" value="116" />
  <attribute name="CPU Util currently" value="1437894900120" />
<exclusive-end id="4335" timestamp="2019-08-09T00:19:39.677" durationms="135.794" />

<exclusive-start id="4336" timestamp="2019-08-09T00:19:39.795" intervalms="253.866">
  <response-info timems="3.995" idlems="3.175" threads="4" lastid="00000000022E6700" lastname="Thread-36" />
</exclusive-start>
<allocation-taxation id="4337" taxation-threshold="127926272" timestamp="2019-08-09T00:19:39.796" intervalms="253.859" />
<cycle-start id="4338" type="partial gc" contextid="0" timestamp="2019-08-09T00:19:39.796" intervalms="253.665" />
<gc-start id="4339" type="partial gc" contextid="4338" timestamp="2019-08-09T00:19:39.796">
  <mem-info id="4340" free="161480704" total="482344960" percent="33">
    <mem type="eden" free="0" total="127926272" percent="0" />
    <remembered-set count="69536" freebytes="19005056" totalbytes="19283200" percent="98" regionsoverflowed="0" regionsstable="8" regionsrebuilding="0"/>
  </mem-info>
</gc-start>
<allocation-stats totalBytes="127904032" >
  <allocated-bytes non-tlh="0" tlh="127904032" arrayletleaf="0"/>
  <largest-consumer threadName="Thread-23" threadId="0000000002304600" bytes="13772576" />
</allocation-stats>
<gc-op id="4341" type="copy forward" timems="11.611" contextid="4338" timestamp="2019-08-09T00:19:39.808">
  <memory-copied type="eden" objects="58527" bytes="2373040" bytesdiscarded="16" />
  <memory-copied type="other" objects="42378" bytes="1703952" bytesdiscarded="0" />
  <memory-cardclean objects="19084" bytes="1024224" />
  <regions eden="61" other="5" />
  <remembered-set-cleared processed="45792" cleared="1112" durationms="0.857" />
  <stringconstants candidates="15163" cleared="0"  />
</gc-op>
<gc-op id="4342" type="classunload" timems="0.008" contextid="4338" timestamp="2019-08-09T00:19:39.808">
  <classunload-info classloadercandidates="55" classloadersunloaded="0" classesunloaded="0" anonymousclassesunloaded="0" quiescems="0.000" setupms="0.008" scanms="0.000" postms="0.000" />
</gc-op>
<heap-resize id="4343" type="expand" space="default" amount="6291456" count="1" timems="0.081" reason="excessive time being spent in gc" timestamp="2019-08-09T00:19:39.809" />
<gc-end id="4344" type="partial gc" contextid="4338" durationms="12.784" usertimems="12.108" systemtimems="1.101" timestamp="2019-08-09T00:19:39.809" activeThreads="1">
  <mem-info id="4345" free="293601280" total="488636416" percent="60">
    <mem type="eden" free="1821248" total="4194304" percent="43" />
    <remembered-set count="69600" freebytes="19256320" totalbytes="19534720" percent="98" regionsoverflowed="0" regionsstable="8" regionsrebuilding="0"/>
  </mem-info>
</gc-end>
<cycle-end id="4346" type="partial gc" contextid="4338" timestamp="2019-08-09T00:19:39.809" />
  <attribute name="elasticGC enabled" value="1" />
  <attribute name= "numThreadsSpecified" value="1" />
  <attribute name="heapSize specified" value="0" />
  <attribute name="Current GC Util" value="104" />
  <attribute name= "Current Time Running" value="190030" />
  <attribute name ="GC Interval" value="0" />
  <attribute name="Target GC Util Change" value ="80.000000" />
  <attribute name="Current GC Util Change" value="104.000000"/>
  <attribute name="Current Error" value="-16.000000" />
  <attribute name="Output H" value="482382792"/>
  <attribute name="Output I" value="1992"/>
  <attribute name="Output T" value="1"/>
  <attribute name= "Current Time Running" value="190030" />
  <attribute name="GC Util currently" value="104" />
  <attribute name="CPU Util currently" value="1920869740293" />
<exclusive-end id="4347" timestamp="2019-08-09T00:19:39.809" durationms="13.572" />

<exclusive-start id="4348" timestamp="2019-08-09T00:19:39.873" intervalms="77.253">
  <response-info timems="1.185" idlems="0.600" threads="1" lastid="00000000022DB300" lastname="Thread-33" />
</exclusive-start>
<allocation-taxation id="4349" taxation-threshold="127926272" timestamp="2019-08-09T00:19:39.873" intervalms="77.362" />
<cycle-start id="4350" type="partial gc" contextid="0" timestamp="2019-08-09T00:19:39.874" intervalms="77.906" />
<gc-start id="4351" type="partial gc" contextid="4350" timestamp="2019-08-09T00:19:39.874">
  <mem-info id="4352" free="165675008" total="488636416" percent="33">
    <mem type="eden" free="0" total="127926272" percent="0" />
    <remembered-set count="69600" freebytes="19256320" totalbytes="19534720" percent="98" regionsoverflowed="0" regionsstable="8" regionsrebuilding="0"/>
  </mem-info>
</gc-start>
<allocation-stats totalBytes="127903976" >
  <allocated-bytes non-tlh="0" tlh="127903976" arrayletleaf="0"/>
  <largest-consumer threadName="Thread-35" threadId="00000000022D7700" bytes="12556216" />
</allocation-stats>
<gc-op id="4353" type="copy forward" timems="126.248" contextid="4350" timestamp="2019-08-09T00:19:40.002">
  <memory-copied type="eden" objects="51082" bytes="2056704" bytesdiscarded="219504" />
  <memory-copied type="other" objects="60046" bytes="2544192" bytesdiscarded="157256" />
  <memory-cardclean objects="11616" bytes="594312" />
  <regions eden="61" other="5" />
  <remembered-set-cleared processed="46527" cleared="1995" durationms="0.704" />
  <stringconstants candidates="15163" cleared="0"  />
</gc-op>
<gc-op id="4354" type="classunload" timems="0.014" contextid="4350" timestamp="2019-08-09T00:19:40.002">
  <classunload-info classloadercandidates="55" classloadersunloaded="0" classesunloaded="0" anonymousclassesunloaded="0" quiescems="0.000" setupms="0.013" scanms="0.000" postms="0.000" />
</gc-op>
<heap-resize id="4355" type="expand" space="default" amount="4194304" count="1" timems="0.195" reason="excessive time being spent in gc" timestamp="2019-08-09T00:19:40.003" />
<gc-end id="4356" type="partial gc" contextid="4350" durationms="128.843" usertimems="80.995" systemtimems="56.438" timestamp="2019-08-09T00:19:40.003" activeThreads="16">
  <mem-info id="4357" free="295698432" total="492830720" percent="60">
    <mem type="eden" free="1918096" total="4194304" percent="45" />
    <remembered-set count="70016" freebytes="19422336" totalbytes="19702400" percent="98" regionsoverflowed="0" regionsstable="8" regionsrebuilding="0"/>
  </mem-info>
</gc-end>
<cycle-end id="4358" type="partial gc" contextid="4350" timestamp="2019-08-09T00:19:40.003" />
  <attribute name="elasticGC enabled" value="1" />
  <attribute name= "numThreadsSpecified" value="16" />
  <attribute name="heapSize specified" value="0" />
  <attribute name="Current GC Util" value="52" />
  <attribute name= "Current Time Running" value="190109" />
  <attribute name ="GC Interval" value="0" />
  <attribute name="Target GC Util Change" value ="80.000000" />
  <attribute name="Current GC Util Change" value="52.000000"/>
  <attribute name="Current Error" value="76.000000" />
  <attribute name="Output H" value="488674304"/>
  <attribute name="Output I" value="2048"/>
  <attribute name="Output T" value="16"/>
  <attribute name= "Current Time Running" value="190109" />
  <attribute name="GC Util currently" value="52" />
  <attribute name="CPU Util currently" value="874154415964" />
<exclusive-end id="4359" timestamp="2019-08-09T00:19:40.004" durationms="130.938" />

<exclusive-start id="4360" timestamp="2019-08-09T00:19:40.133" intervalms="259.798">
  <response-info timems="4.540" idlems="4.540" threads="0" lastid="00000000022F1B00" lastname="Thread-25" />
</exclusive-start>
<allocation-taxation id="4361" taxation-threshold="130023424" timestamp="2019-08-09T00:19:40.133" intervalms="259.671" />
<cycle-start id="4362" type="partial gc" contextid="0" timestamp="2019-08-09T00:19:40.133" intervalms="259.120" />
<gc-start id="4363" type="partial gc" contextid="4362" timestamp="2019-08-09T00:19:40.133">
  <mem-info id="4364" free="165675008" total="492830720" percent="33">
    <mem type="eden" free="0" total="130023424" percent="0" />
    <remembered-set count="69952" freebytes="19422592" totalbytes="19702400" percent="98" regionsoverflowed="0" regionsstable="8" regionsrebuilding="0"/>
  </mem-info>
</gc-start>
<allocation-stats totalBytes="130001736" >
  <allocated-bytes non-tlh="0" tlh="130001736" arrayletleaf="0"/>
  <largest-consumer threadName="Thread-29" threadId="000000000232DD00" bytes="13825848" />
</allocation-stats>
<gc-op id="4365" type="copy forward" timems="205.533" contextid="4362" timestamp="2019-08-09T00:19:40.349">
  <memory-copied type="eden" objects="66765" bytes="2981304" bytesdiscarded="219192" />
  <memory-copied type="other" objects="40546" bytes="1494792" bytesdiscarded="138544" />
  <memory-cardclean objects="21917" bytes="1172328" />
  <regions eden="62" other="6" />
  <remembered-set-cleared processed="46358" cleared="2146" durationms="3.390" />
  <stringconstants candidates="15163" cleared="0"  />
</gc-op>
<gc-op id="4366" type="classunload" timems="0.014" contextid="4362" timestamp="2019-08-09T00:19:40.349">
  <classunload-info classloadercandidates="55" classloadersunloaded="0" classesunloaded="0" anonymousclassesunloaded="0" quiescems="0.000" setupms="0.014" scanms="0.000" postms="0.000" />
</gc-op>
<heap-resize id="4367" type="expand" space="default" amount="6291456" count="1" timems="0.121" reason="excessive time being spent in gc" timestamp="2019-08-09T00:19:40.349" />
<gc-end id="4368" type="partial gc" contextid="4362" durationms="216.270" usertimems="77.430" systemtimems="90.624" timestamp="2019-08-09T00:19:40.349" activeThreads="16">
  <mem-info id="4369" free="299892736" total="499122176" percent="60">
    <mem type="eden" free="993808" total="4194304" percent="23" />
    <remembered-set count="70688" freebytes="19671168" totalbytes="19953920" percent="98" regionsoverflowed="0" regionsstable="8" regionsrebuilding="0"/>
  </mem-info>
</gc-end>
<cycle-end id="4370" type="partial gc" contextid="4362" timestamp="2019-08-09T00:19:40.349" />
  <attribute name="elasticGC enabled" value="1" />
  <attribute name= "numThreadsSpecified" value="16" />
  <attribute name="heapSize specified" value="0" />
  <attribute name="Current GC Util" value="17" />
  <attribute name= "Current Time Running" value="190377" />
  <attribute name ="GC Interval" value="0" />
  <attribute name="Target GC Util Change" value ="80.000000" />
  <attribute name="Current GC Util Change" value="17.000000"/>
  <attribute name="Current Error" value="63.000000" />
  <attribute name="Output H" value="492868600"/>
  <attribute name="Output I" value="2040"/>
  <attribute name="Output T" value="16"/>
  <attribute name= "Current Time Running" value="190377" />
  <attribute name="GC Util currently" value="17" />
  <attribute name="CPU Util currently" value="116239806735" />
<exclusive-end id="4371" timestamp="2019-08-09T00:19:40.350" durationms="217.687" />

<exclusive-start id="4372" timestamp="2019-08-09T00:19:40.467" intervalms="334.924">
  <response-info timems="8.514" idlems="8.514" threads="0" lastid="0000000002304600" lastname="Thread-23" />
</exclusive-start>
<allocation-taxation id="4373" taxation-threshold="132120576" timestamp="2019-08-09T00:19:40.468" intervalms="334.923" />
<cycle-start id="4374" type="partial gc" contextid="0" timestamp="2019-08-09T00:19:40.468" intervalms="334.939" />
<gc-start id="4375" type="partial gc" contextid="4374" timestamp="2019-08-09T00:19:40.468">
  <mem-info id="4376" free="167772160" total="499122176" percent="33">
    <mem type="eden" free="0" total="132120576" percent="0" />
    <remembered-set count="70432" freebytes="19672192" totalbytes="19953920" percent="98" regionsoverflowed="0" regionsstable="8" regionsrebuilding="0"/>
  </mem-info>
</gc-start>
<allocation-stats totalBytes="132097200" >
  <allocated-bytes non-tlh="0" tlh="132097200" arrayletleaf="0"/>
  <largest-consumer threadName="Thread-30" threadId="000000000231EE00" bytes="11315280" />
</allocation-stats>
<gc-op id="4377" type="copy forward" timems="19.716" contextid="4374" timestamp="2019-08-09T00:19:40.489">
  <memory-copied type="eden" objects="45366" bytes="1642640" bytesdiscarded="229592" />
  <memory-copied type="other" objects="67055" bytes="2987160" bytesdiscarded="180568" />
  <memory-cardclean objects="11501" bytes="570000" />
  <regions eden="63" other="6" />
  <remembered-set-cleared processed="47028" cleared="2246" durationms="1.633" />
  <stringconstants candidates="15163" cleared="0"  />
</gc-op>
<gc-op id="4378" type="classunload" timems="0.014" contextid="4374" timestamp="2019-08-09T00:19:40.489">
  <classunload-info classloadercandidates="55" classloadersunloaded="0" classesunloaded="0" anonymousclassesunloaded="0" quiescems="0.000" setupms="0.013" scanms="0.000" postms="0.000" />
</gc-op>
<heap-resize id="4379" type="expand" space="default" amount="4194304" count="1" timems="0.085" reason="excessive time being spent in gc" timestamp="2019-08-09T00:19:40.489" />
<gc-end id="4380" type="partial gc" contextid="4374" durationms="21.502" usertimems="35.278" systemtimems="20.801" timestamp="2019-08-09T00:19:40.489" activeThreads="16">
  <mem-info id="4381" free="301989888" total="503316480" percent="60">
    <mem type="eden" free="2322072" total="4194304" percent="55" />
    <remembered-set count="71104" freebytes="19837184" totalbytes="20121600" percent="98" regionsoverflowed="0" regionsstable="8" regionsrebuilding="0"/>
  </mem-info>
</gc-end>
<cycle-end id="4382" type="partial gc" contextid="4374" timestamp="2019-08-09T00:19:40.489" />
  <attribute name="elasticGC enabled" value="1" />
  <attribute name= "numThreadsSpecified" value="16" />
  <attribute name="heapSize specified" value="0" />
  <attribute name="Current GC Util" value="108" />
  <attribute name= "Current Time Running" value="190702" />
  <attribute name ="GC Interval" value="0" />
  <attribute name="Target GC Util Change" value ="80.000000" />
  <attribute name="Current GC Util Change" value="108.000000"/>
  <attribute name="Current Error" value="64.000000" />
  <attribute name="Output H" value="499160056"/>
  <attribute name="Output I" value="2040"/>
  <attribute name="Output T" value="16"/>
  <attribute name= "Current Time Running" value="190702" />
  <attribute name="GC Util currently" value="108" />
  <attribute name="CPU Util currently" value="1230766108755" />
<exclusive-end id="4383" timestamp="2019-08-09T00:19:40.490" durationms="22.428" />

<exclusive-start id="4384" timestamp="2019-08-09T00:19:40.693" intervalms="225.934">
  <response-info timems="4.774" idlems="4.774" threads="0" lastid="00000000022F9200" lastname="Thread-32" />
</exclusive-start>
<allocation-taxation id="4385" taxation-threshold="132120576" timestamp="2019-08-09T00:19:40.693" intervalms="225.933" />
<cycle-start id="4386" type="partial gc" contextid="0" timestamp="2019-08-09T00:19:40.694" intervalms="225.913" />
<gc-start id="4387" type="partial gc" contextid="4386" timestamp="2019-08-09T00:19:40.694">
  <mem-info id="4388" free="169869312" total="503316480" percent="33">
    <mem type="eden" free="0" total="132120576" percent="0" />
    <remembered-set count="70976" freebytes="19837696" totalbytes="20121600" percent="98" regionsoverflowed="0" regionsstable="8" regionsrebuilding="0"/>
  </mem-info>
</gc-start>
<allocation-stats totalBytes="132095968" >
  <allocated-bytes non-tlh="19056" tlh="132076912" arrayletleaf="0"/>
  <largest-consumer threadName="Thread-30" threadId="000000000231EE00" bytes="19876840" />
</allocation-stats>
<gc-op id="4389" type="copy forward" timems="86.633" contextid="4386" timestamp="2019-08-09T00:19:40.782">
  <memory-copied type="eden" objects="48861" bytes="2000488" bytesdiscarded="180552" />
  <memory-copied type="other" objects="55827" bytes="2301480" bytesdiscarded="130584" />
  <memory-cardclean objects="16233" bytes="853896" />
  <regions eden="63" other="6" />
  <remembered-set-cleared processed="46661" cleared="3348" durationms="0.660" />
  <stringconstants candidates="15163" cleared="0"  />
</gc-op>
<gc-op id="4390" type="classunload" timems="0.019" contextid="4386" timestamp="2019-08-09T00:19:40.782">
  <classunload-info classloadercandidates="55" classloadersunloaded="0" classesunloaded="0" anonymousclassesunloaded="0" quiescems="0.000" setupms="0.019" scanms="0.000" postms="0.000" />
</gc-op>
<heap-resize id="4391" type="expand" space="default" amount="6291456" count="1" timems="0.130" reason="excessive time being spent in gc" timestamp="2019-08-09T00:19:40.783" />
<gc-end id="4392" type="partial gc" contextid="4386" durationms="88.698" usertimems="62.255" systemtimems="33.196" timestamp="2019-08-09T00:19:40.783" activeThreads="16">
  <mem-info id="4393" free="306184192" total="509607936" percent="60">
    <mem type="eden" free="2013264" total="4194304" percent="47" />
    <remembered-set count="70880" freebytes="20089600" totalbytes="20373120" percent="98" regionsoverflowed="0" regionsstable="8" regionsrebuilding="0"/>
  </mem-info>
</gc-end>
<cycle-end id="4394" type="partial gc" contextid="4386" timestamp="2019-08-09T00:19:40.783" />
  <attribute name="elasticGC enabled" value="1" />
  <attribute name= "numThreadsSpecified" value="16" />
  <attribute name="heapSize specified" value="0" />
  <attribute name="Current GC Util" value="197" />
  <attribute name= "Current Time Running" value="190929" />
  <attribute name ="GC Interval" value="0" />
  <attribute name="Target GC Util Change" value ="80.000000" />
  <attribute name="Current GC Util Change" value="197.000000"/>
  <attribute name="Current Error" value="3.000000" />
  <attribute name="Output H" value="503354328"/>
  <attribute name="Output I" value="2008"/>
  <attribute name="Output T" value="16"/>
  <attribute name= "Current Time Running" value="190929" />
  <attribute name="GC Util currently" value="197" />
  <attribute name="CPU Util currently" value="1093909349039" />
<exclusive-end id="4395" timestamp="2019-08-09T00:19:40.799" durationms="105.755" />

<exclusive-start id="4396" timestamp="2019-08-09T00:19:40.894" intervalms="200.604">
  <response-info timems="1.661" idlems="0.900" threads="1" lastid="0000000002317600" lastname="Thread-22" />
</exclusive-start>
<allocation-taxation id="4397" taxation-threshold="134217728" timestamp="2019-08-09T00:19:40.894" intervalms="200.608" />
<cycle-start id="4398" type="partial gc" contextid="0" timestamp="2019-08-09T00:19:40.894" intervalms="200.697" />
<gc-start id="4399" type="partial gc" contextid="4398" timestamp="2019-08-09T00:19:40.895">
  <mem-info id="4400" free="171966464" total="509607936" percent="33">
    <mem type="eden" free="0" total="134217728" percent="0" />
    <remembered-set count="70752" freebytes="20090112" totalbytes="20373120" percent="98" regionsoverflowed="0" regionsstable="8" regionsrebuilding="0"/>
  </mem-info>
</gc-start>
<allocation-stats totalBytes="134193208" >
  <allocated-bytes non-tlh="0" tlh="134193208" arrayletleaf="0"/>
  <largest-consumer threadName="Thread-21" threadId="0000000002339100" bytes="17789752" />
</allocation-stats>
<gc-op id="4401" type="copy forward" timems="83.896" contextid="4398" timestamp="2019-08-09T00:19:40.982">
  <memory-copied type="eden" objects="35599" bytes="1356776" bytesdiscarded="66744" />
  <memory-copied type="other" objects="85346" bytes="3696816" bytesdiscarded="185032" />
  <memory-cardclean objects="5774" bytes="299208" />
  <regions eden="64" other="7" />
  <remembered-set-cleared processed="45156" cleared="1004" durationms="0.335" />
  <stringconstants candidates="15163" cleared="0"  />
</gc-op>
<gc-op id="4402" type="classunload" timems="0.014" contextid="4398" timestamp="2019-08-09T00:19:40.982">
  <classunload-info classloadercandidates="55" classloadersunloaded="0" classesunloaded="0" anonymousclassesunloaded="0" quiescems="0.000" setupms="0.013" scanms="0.000" postms="0.000" />
</gc-op>
<gc-end id="4403" type="partial gc" contextid="4398" durationms="88.299" usertimems="31.858" systemtimems="47.021" timestamp="2019-08-09T00:19:40.983" activeThreads="16">
  <mem-info id="4404" free="306184192" total="509607936" percent="60">
    <mem type="eden" free="673632" total="2097152" percent="32" />
    <remembered-set count="69120" freebytes="20096640" totalbytes="20373120" percent="98" regionsoverflowed="0" regionsstable="8" regionsrebuilding="0"/>
  </mem-info>
</gc-end>
<cycle-end id="4405" type="partial gc" contextid="4398" timestamp="2019-08-09T00:19:40.983" />
  <attribute name="elasticGC enabled" value="1" />
  <attribute name= "numThreadsSpecified" value="16" />
  <attribute name="heapSize specified" value="0" />
  <attribute name="Current GC Util" value="29" />
  <attribute name= "Current Time Running" value="191131" />
  <attribute name ="GC Interval" value="0" />
  <attribute name="Target GC Util Change" value ="80.000000" />
  <attribute name="Current GC Util Change" value="29.000000"/>
  <attribute name="Current Error" value="51.000000" />
  <attribute name="Output H" value="509645808"/>
  <attribute name="Output I" value="2032"/>
  <attribute name="Output T" value="16"/>
  <attribute name= "Current Time Running" value="191131" />
  <attribute name="GC Util currently" value="29" />
  <attribute name="CPU Util currently" value="411369626788" />
<exclusive-end id="4406" timestamp="2019-08-09T00:19:40.983" durationms="89.501" />

<exclusive-start id="4407" timestamp="2019-08-09T00:19:41.055" intervalms="161.027">
  <response-info timems="3.886" idlems="1.983" threads="1" lastid="00000000022F1B00" lastname="Thread-25" />
</exclusive-start>
<allocation-taxation id="4408" taxation-threshold="134217728" timestamp="2019-08-09T00:19:41.055" intervalms="161.178" />
<cycle-start id="4409" type="partial gc" contextid="0" timestamp="2019-08-09T00:19:41.055" intervalms="161.121" />
<gc-start id="4410" type="partial gc" contextid="4409" timestamp="2019-08-09T00:19:41.056">
  <mem-info id="4411" free="171966464" total="509607936" percent="33">
    <mem type="eden" free="0" total="134217728" percent="0" />
    <remembered-set count="69088" freebytes="20096768" totalbytes="20373120" percent="98" regionsoverflowed="0" regionsstable="8" regionsrebuilding="0"/>
  </mem-info>
</gc-start>
<allocation-stats totalBytes="134193792" >
  <allocated-bytes non-tlh="0" tlh="134193792" arrayletleaf="0"/>
  <largest-consumer threadName="Thread-23" threadId="0000000002304600" bytes="12953200" />
</allocation-stats>
<gc-op id="4412" type="copy forward" timems="81.710" contextid="4409" timestamp="2019-08-09T00:19:41.141">
  <memory-copied type="eden" objects="54840" bytes="2060104" bytesdiscarded="186056" />
  <memory-copied type="other" objects="66005" bytes="2741280" bytesdiscarded="243696" />
  <memory-cardclean objects="13664" bytes="753456" />
  <regions eden="64" other="6" />
  <remembered-set-cleared processed="45299" cleared="1537" durationms="0.797" />
  <stringconstants candidates="15163" cleared="0"  />
</gc-op>
<gc-op id="4413" type="classunload" timems="0.012" contextid="4409" timestamp="2019-08-09T00:19:41.141">
  <classunload-info classloadercandidates="55" classloadersunloaded="0" classesunloaded="0" anonymousclassesunloaded="0" quiescems="0.000" setupms="0.012" scanms="0.000" postms="0.000" />
</gc-op>
<heap-resize id="4414" type="expand" space="default" amount="10485760" count="1" timems="0.127" reason="excessive time being spent in gc" timestamp="2019-08-09T00:19:41.141" />
<gc-end id="4415" type="partial gc" contextid="4409" durationms="85.131" usertimems="40.369" systemtimems="33.916" timestamp="2019-08-09T00:19:41.141" activeThreads="16">
  <mem-info id="4416" free="312475648" total="520093696" percent="60">
    <mem type="eden" free="1948144" total="4194304" percent="46" />
    <remembered-set count="71872" freebytes="20504832" totalbytes="20792320" percent="98" regionsoverflowed="0" regionsstable="8" regionsrebuilding="0"/>
  </mem-info>
</gc-end>
<cycle-end id="4417" type="partial gc" contextid="4409" timestamp="2019-08-09T00:19:41.141" />
  <attribute name="elasticGC enabled" value="1" />
  <attribute name= "numThreadsSpecified" value="16" />
  <attribute name="heapSize specified" value="0" />
  <attribute name="Current GC Util" value="87" />
  <attribute name= "Current Time Running" value="191292" />
  <attribute name ="GC Interval" value="0" />
  <attribute name="Target GC Util Change" value ="80.000000" />
  <attribute name="Current GC Util Change" value="87.000000"/>
  <attribute name="Current Error" value="76.000000" />
  <attribute name="Output H" value="509645824"/>
  <attribute name="Output I" value="2048"/>
  <attribute name="Output T" value="16"/>
  <attribute name= "Current Time Running" value="191292" />
  <attribute name="GC Util currently" value="87" />
  <attribute name="CPU Util currently" value="739129397259" />
<exclusive-end id="4418" timestamp="2019-08-09T00:19:41.141" durationms="86.333" />

<exclusive-start id="4419" timestamp="2019-08-09T00:19:41.230" intervalms="175.166">
  <response-info timems="0.095" idlems="0.095" threads="0" lastid="00000000022F9200" lastname="Thread-32" />
</exclusive-start>
<allocation-taxation id="4420" taxation-threshold="136314880" timestamp="2019-08-09T00:19:41.230" intervalms="175.030" />
<cycle-start id="4421" type="partial gc" contextid="0" timestamp="2019-08-09T00:19:41.230" intervalms="175.083" />
<gc-start id="4422" type="partial gc" contextid="4421" timestamp="2019-08-09T00:19:41.231">
  <mem-info id="4423" free="176160768" total="520093696" percent="33">
    <mem type="eden" free="0" total="136314880" percent="0" />
    <remembered-set count="71840" freebytes="20504960" totalbytes="20792320" percent="98" regionsoverflowed="0" regionsstable="8" regionsrebuilding="0"/>
  </mem-info>
</gc-start>
<allocation-stats totalBytes="136290792" >
  <allocated-bytes non-tlh="0" tlh="136290792" arrayletleaf="0"/>
  <largest-consumer threadName="Thread-32" threadId="00000000022F9200" bytes="14997040" />
</allocation-stats>
<gc-op id="4424" type="copy forward" timems="122.987" contextid="4421" timestamp="2019-08-09T00:19:41.356">
  <memory-copied type="eden" objects="16421" bytes="534480" bytesdiscarded="101936" />
  <memory-copied type="other" objects="55307" bytes="2289000" bytesdiscarded="153336" />
  <memory-cardclean objects="9503" bytes="470088" />
  <regions eden="65" other="8" />
  <remembered-set-cleared processed="45438" cleared="1153" durationms="0.251" />
  <stringconstants candidates="15163" cleared="0"  />
</gc-op>
<gc-op id="4425" type="classunload" timems="0.013" contextid="4421" timestamp="2019-08-09T00:19:41.356">
  <classunload-info classloadercandidates="55" classloadersunloaded="0" classesunloaded="0" anonymousclassesunloaded="0" quiescems="0.000" setupms="0.013" scanms="0.000" postms="0.000" />
</gc-op>
<gc-end id="4426" type="partial gc" contextid="4421" durationms="125.221" usertimems="64.051" systemtimems="75.170" timestamp="2019-08-09T00:19:41.356" activeThreads="16">
  <mem-info id="4427" free="312475648" total="520093696" percent="60">
    <mem type="eden" free="1460736" total="2097152" percent="69" />
    <remembered-set count="71200" freebytes="20507520" totalbytes="20792320" percent="98" regionsoverflowed="0" regionsstable="8" regionsrebuilding="0"/>
  </mem-info>
</gc-end>
<cycle-end id="4428" type="partial gc" contextid="4421" timestamp="2019-08-09T00:19:41.357" />
  <attribute name="elasticGC enabled" value="1" />
  <attribute name= "numThreadsSpecified" value="16" />
  <attribute name="heapSize specified" value="0" />
  <attribute name="Current GC Util" value="72" />
  <attribute name= "Current Time Running" value="191466" />
  <attribute name ="GC Interval" value="0" />
  <attribute name="Target GC Util Change" value ="80.000000" />
  <attribute name="Current GC Util Change" value="72.000000"/>
  <attribute name="Current Error" value="122.000000" />
  <attribute name="Output H" value="520131608"/>
  <attribute name="Output I" value="2072"/>
  <attribute name="Output T" value="16"/>
  <attribute name= "Current Time Running" value="191466" />
  <attribute name="GC Util currently" value="72" />
  <attribute name="CPU Util currently" value="751139739217" />
<exclusive-end id="4429" timestamp="2019-08-09T00:19:41.357" durationms="126.675" />

===== DaCapo 9.12-MR1 sunflow PASSED in 20960 msec =====
Using scaled threading model. 16 processors detected, 16 threads used to drive the workload, in a possible range of [1,1000]
<exclusive-start id="4430" timestamp="2019-08-09T00:19:42.593" intervalms="1362.648">
  <response-info timems="2.556" idlems="2.393" threads="1" lastid="000000000232A100" lastname="Thread-44" />
</exclusive-start>
<sys-start reason="explicit" id="4431" timestamp="2019-08-09T00:19:42.603" intervalms="22010.545" />
<cycle-start id="4432" type="global garbage collect" contextid="0" timestamp="2019-08-09T00:19:42.610" intervalms="22017.934" />
<gc-start id="4433" type="global garbage collect" contextid="4432" timestamp="2019-08-09T00:19:42.613">
  <mem-info id="4434" free="196583984" total="520093696" percent="37">
    <mem type="eden" free="1548848" total="117440512" percent="1" />
    <remembered-set count="71168" freebytes="20507648" totalbytes="20792320" percent="98" regionsoverflowed="0" regionsstable="8" regionsrebuilding="0"/>
  </mem-info>
</gc-start>
<allocation-stats totalBytes="115799784" >
  <allocated-bytes non-tlh="567048" tlh="115232736" arrayletleaf="0"/>
  <largest-consumer threadName="main" threadId="0000000001FF0F00" bytes="11202032" />
</allocation-stats>
<gc-op id="4435" type="global mark" timems="117.775" contextid="4432" timestamp="2019-08-09T00:19:42.731">
  <trace-info objectcount="641367" scancount="552314" scanbytes="14640600" />
  <finalization candidates="154" enqueued="1" />
  <ownableSynchronizers candidates="23" cleared="1" />
  <references type="soft" candidates="4826" cleared="0" enqueued="0" dynamicThreshold="19" maxThreshold="32" />
  <references type="weak" candidates="6354" cleared="93" enqueued="93" />
  <references type="phantom" candidates="876" cleared="10" enqueued="10" />
  <stringconstants candidates="16157" cleared="27"  />
</gc-op>
<gc-op id="4436" type="classunload" timems="0.013" contextid="4432" timestamp="2019-08-09T00:19:42.731">
  <classunload-info classloadercandidates="68" classloadersunloaded="0" classesunloaded="0" anonymousclassesunloaded="0" quiescems="0.000" setupms="0.011" scanms="0.000" postms="0.000" />
</gc-op>
<gc-op id="4437" type="sweep" timems="3.442" contextid="4432" timestamp="2019-08-09T00:19:42.735" />
<gc-op id="4438" type="compact" timems="350.319" contextid="4432" timestamp="2019-08-09T00:19:43.085">
  <compact-info movecount="641367" movebytes="22910504" />
  <remembered-set-cleared processed="123436" cleared="123436" durationms="0.547" />
</gc-op>
<gc-end id="4439" type="global garbage collect" contextid="4432" durationms="472.546" usertimems="406.137" systemtimems="217.431" timestamp="2019-08-09T00:19:43.085" activeThreads="16">
  <mem-info id="4440" free="494927872" total="520093696" percent="95">
    <pending-finalizers system="1" default="0" reference="103" classloader="0" />
    <remembered-set count="47616" freebytes="20601856" totalbytes="20792320" percent="99" regionsoverflowed="0" regionsstable="0" regionsrebuilding="0"/>
  </mem-info>
</gc-end>
<cycle-end id="4441" type="global garbage collect" contextid="4432" timestamp="2019-08-09T00:19:43.086" />
  <attribute name="elasticGC enabled" value="1" />
  <attribute name= "numThreadsSpecified" value="16" />
  <attribute name="heapSize specified" value="0" />
  <attribute name="Current GC Util" value="152" />
  <attribute name= "Current Time Running" value="192968" />
  <attribute name ="GC Interval" value="0" />
  <attribute name="Target GC Util Change" value ="80.000000" />
  <attribute name="Current GC Util Change" value="152.000000"/>
  <attribute name="Current Error" value="-124.000000" />
  <attribute name="Output H" value="520131472"/>
  <attribute name="Output I" value="1936"/>
  <attribute name="Output T" value="16"/>
  <attribute name= "Current Time Running" value="192968" />
  <attribute name="GC Util currently" value="152" />
  <attribute name="CPU Util currently" value="320671832258" />
<sys-end id="4442" timestamp="2019-08-09T00:19:43.086" />
<exclusive-end id="4443" timestamp="2019-08-09T00:19:43.086" durationms="493.193" />

===== DaCapo 9.12-MR1 xalan starting =====
<exclusive-start id="4444" timestamp="2019-08-09T00:19:44.272" intervalms="1679.487">
  <response-info timems="0.461" idlems="0.461" threads="0" lastid="0000000002300A00" lastname="Thread-41" />
</exclusive-start>
<allocation-taxation id="4445" taxation-threshold="136314880" timestamp="2019-08-09T00:19:44.272" intervalms="3042.142" />
<cycle-start id="4446" type="partial gc" contextid="0" timestamp="2019-08-09T00:19:44.273" intervalms="3042.331" />
<gc-start id="4447" type="partial gc" contextid="4446" timestamp="2019-08-09T00:19:44.273">
  <mem-info id="4448" free="358612992" total="520093696" percent="68">
    <mem type="eden" free="0" total="136314880" percent="0" />
    <remembered-set count="47616" freebytes="20601856" totalbytes="20792320" percent="99" regionsoverflowed="0" regionsstable="0" regionsrebuilding="0"/>
  </mem-info>
</gc-start>
<allocation-stats totalBytes="136137520" >
  <allocated-bytes non-tlh="1307352" tlh="134830168" arrayletleaf="0"/>
  <largest-consumer threadName="Thread-40" threadId="00000000022EDF00" bytes="10696600" />
</allocation-stats>
<gc-op id="4449" type="copy forward" timems="14.327" contextid="4446" timestamp="2019-08-09T00:19:44.292">
  <memory-copied type="eden" objects="37822" bytes="4664664" bytesdiscarded="670088" />
  <memory-copied type="other" objects="0" bytes="0" bytesdiscarded="0" />
  <memory-cardclean objects="1959" bytes="150968" />
  <regions eden="65" other="0" />
  <remembered-set-cleared processed="42921" cleared="302" durationms="0.329" />
  <finalization candidates="5" enqueued="4" />
  <references type="soft" candidates="25" cleared="0" enqueued="0" dynamicThreshold="30" maxThreshold="32" />
  <references type="weak" candidates="100" cleared="0" enqueued="0" />
  <references type="phantom" candidates="36" cleared="0" enqueued="0" />
  <stringconstants candidates="16501" cleared="1"  />
</gc-op>
<gc-op id="4450" type="classunload" timems="0.558" contextid="4446" timestamp="2019-08-09T00:19:44.293">
  <classunload-info classloadercandidates="70" classloadersunloaded="1" classesunloaded="1" anonymousclassesunloaded="0" quiescems="0.000" setupms="0.527" scanms="0.026" postms="0.004" />
</gc-op>
<heap-resize id="4451" type="contract" space="default" amount="27262976" count="1" timems="0.161" reason="excess free space following gc" timestamp="2019-08-09T00:19:44.294" />
<gc-end id="4452" type="partial gc" contextid="4446" durationms="20.500" usertimems="38.522" systemtimems="24.363" timestamp="2019-08-09T00:19:44.294" activeThreads="16">
  <mem-info id="4453" free="461373440" total="492830720" percent="93">
    <mem type="eden" free="955928" total="6291456" percent="15" />
    <pending-finalizers system="4" default="0" reference="0" classloader="0" />
    <remembered-set count="56288" freebytes="20567168" totalbytes="20792320" percent="98" regionsoverflowed="0" regionsstable="0" regionsrebuilding="0"/>
  </mem-info>
</gc-end>
<cycle-end id="4454" type="partial gc" contextid="4446" timestamp="2019-08-09T00:19:44.294" />
  <attribute name="elasticGC enabled" value="1" />
  <attribute name= "numThreadsSpecified" value="16" />
  <attribute name="heapSize specified" value="0" />
  <attribute name="Current GC Util" value="17" />
  <attribute name= "Current Time Running" value="194511" />
  <attribute name ="GC Interval" value="0" />
  <attribute name="Target GC Util Change" value ="80.000000" />
  <attribute name="Current GC Util Change" value="17.000000"/>
  <attribute name="Current Error" value="-6.000000" />
  <attribute name="Output H" value="520131536"/>
  <attribute name="Output I" value="2000"/>
  <attribute name="Output T" value="16"/>
  <attribute name= "Current Time Running" value="194511" />
  <attribute name="GC Util currently" value="17" />
  <attribute name="CPU Util currently" value="244710741291" />
<exclusive-end id="4455" timestamp="2019-08-09T00:19:44.294" durationms="21.650" />

<exclusive-start id="4456" timestamp="2019-08-09T00:19:44.862" intervalms="589.226">
  <response-info timems="0.316" idlems="0.118" threads="5" lastid="0000000002317600" lastname="Thread-45" />
</exclusive-start>
<allocation-taxation id="4457" taxation-threshold="130023424" timestamp="2019-08-09T00:19:44.862" intervalms="589.199" />
<cycle-start id="4458" type="partial gc" contextid="0" timestamp="2019-08-09T00:19:44.862" intervalms="588.952" />
<gc-start id="4459" type="partial gc" contextid="4458" timestamp="2019-08-09T00:19:44.862">
  <mem-info id="4460" free="331350016" total="492830720" percent="67">
    <mem type="eden" free="0" total="130023424" percent="0" />
    <remembered-set count="10240" freebytes="20751360" totalbytes="20792320" percent="99" regionsoverflowed="0" regionsstable="10" regionsrebuilding="0"/>
  </mem-info>
</gc-start>
<allocation-stats totalBytes="129907896" >
  <allocated-bytes non-tlh="65568" tlh="129842328" arrayletleaf="0"/>
  <largest-consumer threadName="Thread-37" threadId="0000000002313A00" bytes="12329552" />
</allocation-stats>
<gc-op id="4461" type="copy forward" timems="23.996" contextid="4458" timestamp="2019-08-09T00:19:44.889">
  <memory-copied type="eden" objects="9888" bytes="3791696" bytesdiscarded="796208" />
  <memory-copied type="other" objects="28460" bytes="1057368" bytesdiscarded="69064" />
  <memory-cardclean objects="3957" bytes="192888" />
  <regions eden="62" other="3" />
  <remembered-set-cleared processed="1248" cleared="536" durationms="0.172" />
  <finalization candidates="1" enqueued="0" />
  <references type="soft" candidates="25" cleared="0" enqueued="0" dynamicThreshold="29" maxThreshold="32" />
  <references type="weak" candidates="99" cleared="0" enqueued="0" />
  <references type="phantom" candidates="44" cleared="0" enqueued="0" />
  <stringconstants candidates="16500" cleared="0"  />
</gc-op>
<gc-op id="4462" type="classunload" timems="0.014" contextid="4458" timestamp="2019-08-09T00:19:44.889">
  <classunload-info classloadercandidates="69" classloadersunloaded="0" classesunloaded="0" anonymousclassesunloaded="0" quiescems="0.000" setupms="0.013" scanms="0.000" postms="0.000" />
</gc-op>
<heap-resize id="4463" type="contract" space="default" amount="25165824" count="1" timems="0.162" reason="excess free space following gc" timestamp="2019-08-09T00:19:44.889" />
<gc-end id="4464" type="partial gc" contextid="4458" durationms="27.347" usertimems="22.790" systemtimems="8.291" timestamp="2019-08-09T00:19:44.889" activeThreads="16">
  <mem-info id="4465" free="432013312" total="467664896" percent="92">
    <mem type="eden" free="3800432" total="8388608" percent="45" />
    <remembered-set count="8608" freebytes="19667968" totalbytes="19702400" percent="99" regionsoverflowed="0" regionsstable="10" regionsrebuilding="0"/>
  </mem-info>
</gc-end>
<cycle-end id="4466" type="partial gc" contextid="4458" timestamp="2019-08-09T00:19:44.890" />
  <attribute name="elasticGC enabled" value="1" />
  <attribute name= "numThreadsSpecified" value="16" />
  <attribute name="heapSize specified" value="0" />
  <attribute name="Current GC Util" value="25" />
  <attribute name= "Current Time Running" value="195098" />
  <attribute name ="GC Interval" value="0" />
  <attribute name="Target GC Util Change" value ="80.000000" />
  <attribute name="Current GC Util Change" value="25.000000"/>
  <attribute name="Current Error" value="124.000000" />
  <attribute name="Output H" value="492868632"/>
  <attribute name="Output I" value="2072"/>
  <attribute name="Output T" value="16"/>
  <attribute name= "Current Time Running" value="195098" />
  <attribute name="GC Util currently" value="25" />
  <attribute name="CPU Util currently" value="441910785704" />
<exclusive-end id="4467" timestamp="2019-08-09T00:19:44.890" durationms="28.481" />

<exclusive-start id="4468" timestamp="2019-08-09T00:19:45.287" intervalms="425.857">
  <response-info timems="7.591" idlems="3.402" threads="4" lastid="0000000002317600" lastname="Thread-45" />
</exclusive-start>
<allocation-taxation id="4469" taxation-threshold="123731968" timestamp="2019-08-09T00:19:45.288" intervalms="426.019" />
<cycle-start id="4470" type="partial gc" contextid="0" timestamp="2019-08-09T00:19:45.288" intervalms="426.218" />
<gc-start id="4471" type="partial gc" contextid="4470" timestamp="2019-08-09T00:19:45.288">
  <mem-info id="4472" free="308281344" total="467664896" percent="65">
    <mem type="eden" free="0" total="123731968" percent="0" />
    <remembered-set count="8288" freebytes="19669248" totalbytes="19702400" percent="99" regionsoverflowed="0" regionsstable="10" regionsrebuilding="0"/>
  </mem-info>
</gc-start>
<allocation-stats totalBytes="123514080" >
  <allocated-bytes non-tlh="40976" tlh="123473104" arrayletleaf="0"/>
  <largest-consumer threadName="Thread-37" threadId="0000000002313A00" bytes="13592992" />
</allocation-stats>
<gc-op id="4473" type="copy forward" timems="22.908" contextid="4470" timestamp="2019-08-09T00:19:45.316">
  <memory-copied type="eden" objects="7293" bytes="3150664" bytesdiscarded="774384" />
  <memory-copied type="other" objects="28570" bytes="1072544" bytesdiscarded="160000" />
  <memory-cardclean objects="579" bytes="88880" />
  <regions eden="59" other="5" />
  <remembered-set-cleared processed="1706" cleared="750" durationms="0.120" />
  <finalization candidates="1" enqueued="0" />
  <references type="soft" candidates="25" cleared="0" enqueued="0" dynamicThreshold="29" maxThreshold="32" />
  <references type="weak" candidates="99" cleared="0" enqueued="0" />
  <references type="phantom" candidates="46" cleared="0" enqueued="0" />
  <stringconstants candidates="16500" cleared="0"  />
</gc-op>
<gc-op id="4474" type="classunload" timems="0.017" contextid="4470" timestamp="2019-08-09T00:19:45.316">
  <classunload-info classloadercandidates="69" classloadersunloaded="0" classesunloaded="0" anonymousclassesunloaded="0" quiescems="0.000" setupms="0.017" scanms="0.000" postms="0.000" />
</gc-op>
<heap-resize id="4475" type="contract" space="default" amount="25165824" count="1" timems="1.540" reason="excess free space following gc" timestamp="2019-08-09T00:19:45.317" />
<gc-end id="4476" type="partial gc" contextid="4470" durationms="29.224" usertimems="53.886" systemtimems="21.393" timestamp="2019-08-09T00:19:45.317" activeThreads="16">
  <mem-info id="4477" free="408944640" total="442499072" percent="92">
    <mem type="eden" free="268968" total="4194304" percent="6" />
    <remembered-set count="8960" freebytes="18660480" totalbytes="18696320" percent="99" regionsoverflowed="0" regionsstable="10" regionsrebuilding="0"/>
  </mem-info>
</gc-end>
<cycle-end id="4478" type="partial gc" contextid="4470" timestamp="2019-08-09T00:19:45.317" />
  <attribute name="elasticGC enabled" value="1" />
  <attribute name= "numThreadsSpecified" value="16" />
  <attribute name="heapSize specified" value="0" />
  <attribute name="Current GC Util" value="22" />
  <attribute name= "Current Time Running" value="195527" />
  <attribute name ="GC Interval" value="0" />
  <attribute name="Target GC Util Change" value ="80.000000" />
  <attribute name="Current GC Util Change" value="22.000000"/>
  <attribute name="Current Error" value="131.000000" />
  <attribute name="Output H" value="467702816"/>
  <attribute name="Output I" value="2080"/>
  <attribute name="Output T" value="16"/>
  <attribute name= "Current Time Running" value="195527" />
  <attribute name="GC Util currently" value="22" />
  <attribute name="CPU Util currently" value="203071498815" />
<exclusive-end id="4479" timestamp="2019-08-09T00:19:45.318" durationms="30.680" />

<exclusive-start id="4480" timestamp="2019-08-09T00:19:45.928" intervalms="640.768">
  <response-info timems="4.480" idlems="4.480" threads="0" lastid="0000000002326500" lastname="Thread-43" />
</exclusive-start>
<allocation-taxation id="4481" taxation-threshold="117440512" timestamp="2019-08-09T00:19:45.928" intervalms="640.637" />
<cycle-start id="4482" type="partial gc" contextid="0" timestamp="2019-08-09T00:19:45.929" intervalms="640.889" />
<gc-start id="4483" type="partial gc" contextid="4482" timestamp="2019-08-09T00:19:45.932">
  <mem-info id="4484" free="291504128" total="442499072" percent="65">
    <mem type="eden" free="0" total="117440512" percent="0" />
    <remembered-set count="8576" freebytes="18662016" totalbytes="18696320" percent="99" regionsoverflowed="0" regionsstable="10" regionsrebuilding="0"/>
  </mem-info>
</gc-start>
<allocation-stats totalBytes="117127760" >
  <allocated-bytes non-tlh="16392" tlh="117111368" arrayletleaf="0"/>
  <largest-consumer threadName="Thread-39" threadId="0000000002331900" bytes="11789864" />
</allocation-stats>
<gc-op id="4485" type="copy forward" timems="182.171" contextid="4482" timestamp="2019-08-09T00:19:46.143">
  <memory-copied type="eden" objects="8796" bytes="3501120" bytesdiscarded="406360" />
  <memory-copied type="other" objects="28425" bytes="1069784" bytesdiscarded="92536" />
  <memory-cardclean objects="562" bytes="88128" />
  <regions eden="56" other="4" />
  <remembered-set-cleared processed="1633" cleared="677" durationms="0.193" />
  <finalization candidates="1" enqueued="0" />
  <references type="soft" candidates="25" cleared="0" enqueued="0" dynamicThreshold="29" maxThreshold="32" />
  <references type="weak" candidates="99" cleared="0" enqueued="0" />
  <references type="phantom" candidates="44" cleared="0" enqueued="0" />
  <stringconstants candidates="16500" cleared="0"  />
</gc-op>
<gc-op id="4486" type="classunload" timems="0.034" contextid="4482" timestamp="2019-08-09T00:19:46.143">
  <classunload-info classloadercandidates="69" classloadersunloaded="0" classesunloaded="0" anonymousclassesunloaded="0" quiescems="0.000" setupms="0.034" scanms="0.000" postms="0.000" />
</gc-op>
<heap-resize id="4487" type="contract" space="default" amount="23068672" count="1" timems="0.257" reason="insufficient time being spent in gc" timestamp="2019-08-09T00:19:46.144" />
<gc-end id="4488" type="partial gc" contextid="4482" durationms="214.351" usertimems="151.183" systemtimems="107.600" timestamp="2019-08-09T00:19:46.146" activeThreads="16">
  <mem-info id="4489" free="383778816" total="419430400" percent="91">
    <mem type="eden" free="286544" total="4194304" percent="6" />
    <remembered-set count="6912" freebytes="17662592" totalbytes="17690240" percent="99" regionsoverflowed="0" regionsstable="10" regionsrebuilding="0"/>
  </mem-info>
</gc-end>
<cycle-end id="4490" type="partial gc" contextid="4482" timestamp="2019-08-09T00:19:46.147" />
  <attribute name="elasticGC enabled" value="1" />
  <attribute name= "numThreadsSpecified" value="16" />
  <attribute name="heapSize specified" value="0" />
  <attribute name="Current GC Util" value="4" />
  <attribute name= "Current Time Running" value="196195" />
  <attribute name ="GC Interval" value="0" />
  <attribute name="Target GC Util Change" value ="80.000000" />
  <attribute name="Current GC Util Change" value="4.000000"/>
  <attribute name="Current Error" value="280.000000" />
  <attribute name="Output H" value="442537080"/>
  <attribute name="Output I" value="2168"/>
  <attribute name="Output T" value="16"/>
  <attribute name= "Current Time Running" value="196195" />
  <attribute name="GC Util currently" value="4" />
  <attribute name="CPU Util currently" value="47314251989" />
<exclusive-end id="4491" timestamp="2019-08-09T00:19:46.154" durationms="226.125" />

<exclusive-start id="4492" timestamp="2019-08-09T00:19:46.804" intervalms="875.783">
  <response-info timems="5.258" idlems="5.258" threads="0" lastid="00000000022EDF00" lastname="Thread-40" />
</exclusive-start>
<allocation-taxation id="4493" taxation-threshold="111149056" timestamp="2019-08-09T00:19:46.804" intervalms="875.815" />
<cycle-start id="4494" type="partial gc" contextid="0" timestamp="2019-08-09T00:19:46.806" intervalms="877.280" />
<gc-start id="4495" type="partial gc" contextid="4494" timestamp="2019-08-09T00:19:46.806">
  <mem-info id="4496" free="272629760" total="419430400" percent="65">
    <mem type="eden" free="0" total="111149056" percent="0" />
    <remembered-set count="6912" freebytes="17662592" totalbytes="17690240" percent="99" regionsoverflowed="0" regionsstable="10" regionsrebuilding="0"/>
  </mem-info>
</gc-start>
<allocation-stats totalBytes="110999960" >
  <allocated-bytes non-tlh="32784" tlh="110967176" arrayletleaf="0"/>
  <largest-consumer threadName="Thread-45" threadId="0000000002317600" bytes="12354088" />
</allocation-stats>
<gc-op id="4497" type="copy forward" timems="682.251" contextid="4494" timestamp="2019-08-09T00:19:47.510">
  <memory-copied type="eden" objects="8699" bytes="3477688" bytesdiscarded="335432" />
  <memory-copied type="other" objects="27883" bytes="1044176" bytesdiscarded="59304" />
  <memory-cardclean objects="745" bytes="95304" />
  <regions eden="53" other="4" />
  <remembered-set-cleared processed="1733" cleared="776" durationms="0.340" />
  <finalization candidates="1" enqueued="0" />
  <references type="soft" candidates="25" cleared="0" enqueued="0" dynamicThreshold="29" maxThreshold="32" />
  <references type="weak" candidates="99" cleared="0" enqueued="0" />
  <references type="phantom" candidates="37" cleared="0" enqueued="0" />
  <stringconstants candidates="16500" cleared="0"  />
</gc-op>
<gc-op id="4498" type="classunload" timems="0.019" contextid="4494" timestamp="2019-08-09T00:19:47.510">
  <classunload-info classloadercandidates="69" classloadersunloaded="0" classesunloaded="0" anonymousclassesunloaded="0" quiescems="0.000" setupms="0.019" scanms="0.000" postms="0.000" />
</gc-op>
<heap-resize id="4499" type="contract" space="default" amount="20971520" count="1" timems="2.681" reason="excess free space following gc" timestamp="2019-08-09T00:19:47.512" />
<gc-end id="4500" type="partial gc" contextid="4494" durationms="706.112" usertimems="148.966" systemtimems="247.929" timestamp="2019-08-09T00:19:47.513" activeThreads="16">
  <mem-info id="4501" free="360710144" total="398458880" percent="90">
    <mem type="eden" free="380928" total="4194304" percent="9" />
    <remembered-set count="8992" freebytes="16732032" totalbytes="16768000" percent="99" regionsoverflowed="0" regionsstable="10" regionsrebuilding="0"/>
  </mem-info>
</gc-end>
<cycle-end id="4502" type="partial gc" contextid="4494" timestamp="2019-08-09T00:19:47.513" />
  <attribute name="elasticGC enabled" value="1" />
  <attribute name= "numThreadsSpecified" value="16" />
  <attribute name="heapSize specified" value="0" />
  <attribute name="Current GC Util" value="4" />
  <attribute name= "Current Time Running" value="197060" />
  <attribute name ="GC Interval" value="0" />
  <attribute name="Target GC Util Change" value ="80.000000" />
  <attribute name="Current GC Util Change" value="4.000000"/>
  <attribute name="Current Error" value="414.000000" />
  <attribute name="Output H" value="419468480"/>
  <attribute name="Output I" value="2240"/>
  <attribute name="Output T" value="16"/>
  <attribute name= "Current Time Running" value="197060" />
  <attribute name="GC Util currently" value="4" />
  <attribute name="CPU Util currently" value="58263669492" />
<exclusive-end id="4503" timestamp="2019-08-09T00:19:47.519" durationms="715.254" />

<exclusive-start id="4504" timestamp="2019-08-09T00:19:48.256" intervalms="1451.564">
  <response-info timems="54.193" idlems="54.193" threads="0" lastid="0000000002322A00" lastname="Thread-49" />
</exclusive-start>
<allocation-taxation id="4505" taxation-threshold="106954752" timestamp="2019-08-09T00:19:48.256" intervalms="1451.541" />
<cycle-start id="4506" type="partial gc" contextid="0" timestamp="2019-08-09T00:19:48.257" intervalms="1451.228" />
<gc-start id="4507" type="partial gc" contextid="4506" timestamp="2019-08-09T00:19:48.258">
  <mem-info id="4508" free="253755392" total="398458880" percent="63">
    <mem type="eden" free="0" total="106954752" percent="0" />
    <remembered-set count="8608" freebytes="16733568" totalbytes="16768000" percent="99" regionsoverflowed="0" regionsstable="10" regionsrebuilding="0"/>
  </mem-info>
</gc-start>
<allocation-stats totalBytes="106764184" >
  <allocated-bytes non-tlh="32776" tlh="106731408" arrayletleaf="0"/>
  <largest-consumer threadName="Thread-49" threadId="0000000002322A00" bytes="13052736" />
</allocation-stats>
<gc-op id="4509" type="copy forward" timems="363.714" contextid="4506" timestamp="2019-08-09T00:19:48.645">
  <memory-copied type="eden" objects="8759" bytes="3571176" bytesdiscarded="569976" />
  <memory-copied type="other" objects="27642" bytes="1037872" bytesdiscarded="55592" />
  <memory-cardclean objects="769" bytes="95976" />
  <regions eden="51" other="4" />
  <remembered-set-cleared processed="1758" cleared="798" durationms="0.134" />
  <finalization candidates="1" enqueued="0" />
  <references type="soft" candidates="25" cleared="0" enqueued="0" dynamicThreshold="28" maxThreshold="32" />
  <references type="weak" candidates="99" cleared="0" enqueued="0" />
  <references type="phantom" candidates="39" cleared="0" enqueued="0" />
  <stringconstants candidates="16500" cleared="0"  />
</gc-op>
<gc-op id="4510" type="classunload" timems="0.015" contextid="4506" timestamp="2019-08-09T00:19:48.645">
  <classunload-info classloadercandidates="69" classloadersunloaded="0" classesunloaded="0" anonymousclassesunloaded="0" quiescems="0.000" setupms="0.015" scanms="0.000" postms="0.000" />
</gc-op>
<heap-resize id="4511" type="contract" space="default" amount="20971520" count="1" timems="0.170" reason="excess free space following gc" timestamp="2019-08-09T00:19:48.646" />
<gc-end id="4512" type="partial gc" contextid="4506" durationms="387.221" usertimems="106.703" systemtimems="118.512" timestamp="2019-08-09T00:19:48.646" activeThreads="16">
  <mem-info id="4513" free="337641472" total="377487360" percent="89">
    <mem type="eden" free="52864" total="4194304" percent="1" />
    <remembered-set count="8032" freebytes="15897472" totalbytes="15929600" percent="99" regionsoverflowed="0" regionsstable="10" regionsrebuilding="0"/>
  </mem-info>
</gc-end>
<cycle-end id="4514" type="partial gc" contextid="4506" timestamp="2019-08-09T00:19:48.646" />
  <attribute name="elasticGC enabled" value="1" />
  <attribute name= "numThreadsSpecified" value="16" />
  <attribute name="heapSize specified" value="0" />
  <attribute name="Current GC Util" value="53" />
  <attribute name= "Current Time Running" value="198515" />
  <attribute name ="GC Interval" value="0" />
  <attribute name="Target GC Util Change" value ="80.000000" />
  <attribute name="Current GC Util Change" value="53.000000"/>
  <attribute name="Current Error" value="80.000000" />
  <attribute name="Output H" value="398496768"/>
  <attribute name="Output I" value="2048"/>
  <attribute name="Output T" value="16"/>
  <attribute name= "Current Time Running" value="198515" />
  <attribute name="GC Util currently" value="53" />
  <attribute name="CPU Util currently" value="50825811467" />
<exclusive-end id="4515" timestamp="2019-08-09T00:19:48.647" durationms="391.021" />

<exclusive-start id="4516" timestamp="2019-08-09T00:19:48.934" intervalms="678.002">
  <response-info timems="0.379" idlems="0.177" threads="2" lastid="00000000022EDF00" lastname="Thread-40" />
</exclusive-start>
<allocation-taxation id="4517" taxation-threshold="100663296" timestamp="2019-08-09T00:19:48.934" intervalms="677.976" />
<cycle-start id="4518" type="partial gc" contextid="0" timestamp="2019-08-09T00:19:48.934" intervalms="676.390" />
<gc-start id="4519" type="partial gc" contextid="4518" timestamp="2019-08-09T00:19:48.934">
  <mem-info id="4520" free="236978176" total="377487360" percent="62">
    <mem type="eden" free="0" total="100663296" percent="0" />
    <remembered-set count="7808" freebytes="15898368" totalbytes="15929600" percent="99" regionsoverflowed="0" regionsstable="10" regionsrebuilding="0"/>
  </mem-info>
</gc-start>
<allocation-stats totalBytes="100367480" >
  <allocated-bytes non-tlh="106536" tlh="100260944" arrayletleaf="0"/>
  <largest-consumer threadName="Thread-38" threadId="00000000022FCE00" bytes="11690520" />
</allocation-stats>
<gc-op id="4521" type="copy forward" timems="560.557" contextid="4518" timestamp="2019-08-09T00:19:49.503">
  <memory-copied type="eden" objects="7936" bytes="3314904" bytesdiscarded="483400" />
  <memory-copied type="other" objects="27444" bytes="1032680" bytesdiscarded="121560" />
  <memory-cardclean objects="787" bytes="97208" />
  <regions eden="48" other="4" />
  <remembered-set-cleared processed="1755" cleared="797" durationms="0.178" />
  <finalization candidates="1" enqueued="0" />
  <references type="soft" candidates="25" cleared="0" enqueued="0" dynamicThreshold="28" maxThreshold="32" />
  <references type="weak" candidates="100" cleared="0" enqueued="0" />
  <references type="phantom" candidates="47" cleared="0" enqueued="0" />
  <stringconstants candidates="16500" cleared="0"  />
</gc-op>
<gc-op id="4522" type="classunload" timems="0.018" contextid="4518" timestamp="2019-08-09T00:19:49.503">
  <classunload-info classloadercandidates="69" classloadersunloaded="0" classesunloaded="0" anonymousclassesunloaded="0" quiescems="0.000" setupms="0.017" scanms="0.000" postms="0.000" />
</gc-op>
<heap-resize id="4523" type="contract" space="default" amount="18874368" count="1" timems="11.052" reason="excess free space following gc" timestamp="2019-08-09T00:19:49.514" />
<gc-end id="4524" type="partial gc" contextid="4518" durationms="608.726" usertimems="264.750" systemtimems="253.992" timestamp="2019-08-09T00:19:49.543" activeThreads="16">
  <mem-info id="4525" free="316669952" total="358612992" percent="88">
    <mem type="eden" free="395648" total="4194304" percent="9" />
    <remembered-set count="8992" freebytes="15055232" totalbytes="15091200" percent="99" regionsoverflowed="0" regionsstable="10" regionsrebuilding="0"/>
  </mem-info>
</gc-end>
<cycle-end id="4526" type="partial gc" contextid="4518" timestamp="2019-08-09T00:19:49.570" />
  <attribute name="elasticGC enabled" value="1" />
  <attribute name= "numThreadsSpecified" value="16" />
  <attribute name="heapSize specified" value="0" />
  <attribute name="Current GC Util" value="15" />
  <attribute name= "Current Time Running" value="199175" />
  <attribute name ="GC Interval" value="0" />
  <attribute name="Target GC Util Change" value ="80.000000" />
  <attribute name="Current GC Util Change" value="15.000000"/>
  <attribute name="Current Error" value="193.000000" />
  <attribute name="Output H" value="377525312"/>
  <attribute name="Output I" value="2112"/>
  <attribute name="Output T" value="16"/>
  <attribute name= "Current Time Running" value="199175" />
  <attribute name="GC Util currently" value="15" />
  <attribute name="CPU Util currently" value="149697970070" />
<exclusive-end id="4527" timestamp="2019-08-09T00:19:49.583" durationms="649.809" />

<exclusive-start id="4528" timestamp="2019-08-09T00:19:50.056" intervalms="1122.290">
  <response-info timems="3.057" idlems="2.854" threads="2" lastid="0000000002313A00" lastname="Thread-37" />
</exclusive-start>
<allocation-taxation id="4529" taxation-threshold="96468992" timestamp="2019-08-09T00:19:50.056" intervalms="1122.350" />
<cycle-start id="4530" type="partial gc" contextid="0" timestamp="2019-08-09T00:19:50.056" intervalms="1122.373" />
<gc-start id="4531" type="partial gc" contextid="4530" timestamp="2019-08-09T00:19:50.056">
  <mem-info id="4532" free="220200960" total="358612992" percent="61">
    <mem type="eden" free="0" total="96468992" percent="0" />
    <remembered-set count="8576" freebytes="15056896" totalbytes="15091200" percent="99" regionsoverflowed="0" regionsstable="10" regionsrebuilding="0"/>
  </mem-info>
</gc-start>
<allocation-stats totalBytes="96296064" >
  <allocated-bytes non-tlh="16392" tlh="96279672" arrayletleaf="0"/>
  <largest-consumer threadName="Thread-43" threadId="0000000002326500" bytes="12329504" />
</allocation-stats>
<gc-op id="4533" type="copy forward" timems="28.161" contextid="4530" timestamp="2019-08-09T00:19:50.088">
  <memory-copied type="eden" objects="9861" bytes="3812816" bytesdiscarded="841824" />
  <memory-copied type="other" objects="27271" bytes="1029128" bytesdiscarded="69584" />
  <memory-cardclean objects="3825" bytes="306680" />
  <regions eden="46" other="4" />
  <remembered-set-cleared processed="1489" cleared="724" durationms="0.099" />
  <finalization candidates="1" enqueued="0" />
  <references type="soft" candidates="25" cleared="0" enqueued="0" dynamicThreshold="28" maxThreshold="32" />
  <references type="weak" candidates="100" cleared="0" enqueued="0" />
  <references type="phantom" candidates="37" cleared="0" enqueued="0" />
  <stringconstants candidates="16500" cleared="0"  />
</gc-op>
<gc-op id="4534" type="classunload" timems="0.020" contextid="4530" timestamp="2019-08-09T00:19:50.088">
  <classunload-info classloadercandidates="69" classloadersunloaded="0" classesunloaded="0" anonymousclassesunloaded="0" quiescems="0.000" setupms="0.020" scanms="0.000" postms="0.000" />
</gc-op>
<heap-resize id="4535" type="contract" space="default" amount="18874368" count="1" timems="1.446" reason="excess free space following gc" timestamp="2019-08-09T00:19:50.090" />
<gc-end id="4536" type="partial gc" contextid="4530" durationms="33.341" usertimems="84.913" systemtimems="14.204" timestamp="2019-08-09T00:19:50.090" activeThreads="16">
  <mem-info id="4537" free="293601280" total="339738624" percent="86">
    <mem type="eden" free="1636544" total="6291456" percent="26" />
    <remembered-set count="9856" freebytes="14297216" totalbytes="14336640" percent="99" regionsoverflowed="0" regionsstable="10" regionsrebuilding="0"/>
  </mem-info>
</gc-end>
<cycle-end id="4538" type="partial gc" contextid="4530" timestamp="2019-08-09T00:19:50.090" />
  <attribute name="elasticGC enabled" value="1" />
  <attribute name= "numThreadsSpecified" value="16" />
  <attribute name="heapSize specified" value="0" />
  <attribute name="Current GC Util" value="1117" />
  <attribute name= "Current Time Running" value="200293" />
  <attribute name ="GC Interval" value="0" />
  <attribute name="Target GC Util Change" value ="80.000000" />
  <attribute name="Current GC Util Change" value="1117.000000"/>
  <attribute name="Current Error" value="-795.000000" />
  <attribute name="Output H" value="358650376"/>
  <attribute name="Output I" value="1544"/>
  <attribute name="Output T" value="16"/>
  <attribute name= "Current Time Running" value="200293" />
  <attribute name="GC Util currently" value="1117" />
  <attribute name="CPU Util currently" value="501531392751" />
<exclusive-end id="4539" timestamp="2019-08-09T00:19:50.091" durationms="34.764" />

<exclusive-start id="4540" timestamp="2019-08-09T00:19:50.380" intervalms="324.390">
  <response-info timems="2.802" idlems="2.113" threads="6" lastid="00000000022D7700" lastname="Thread-52" />
</exclusive-start>
<allocation-taxation id="4541" taxation-threshold="92274688" timestamp="2019-08-09T00:19:50.380" intervalms="324.324" />
<cycle-start id="4542" type="partial gc" contextid="0" timestamp="2019-08-09T00:19:50.383" intervalms="327.063" />
<gc-start id="4543" type="partial gc" contextid="4542" timestamp="2019-08-09T00:19:50.383">
  <mem-info id="4544" free="201326592" total="339738624" percent="59">
    <mem type="eden" free="0" total="92274688" percent="0" />
    <remembered-set count="9664" freebytes="14297984" totalbytes="14336640" percent="99" regionsoverflowed="0" regionsstable="10" regionsrebuilding="0"/>
  </mem-info>
</gc-start>
<allocation-stats totalBytes="92095224" >
  <allocated-bytes non-tlh="106528" tlh="91988696" arrayletleaf="0"/>
  <largest-consumer threadName="Thread-40" threadId="00000000022EDF00" bytes="13977120" />
</allocation-stats>
<gc-op id="4545" type="copy forward" timems="174.451" contextid="4542" timestamp="2019-08-09T00:19:50.609">
  <memory-copied type="eden" objects="9843" bytes="3854856" bytesdiscarded="518184" />
  <memory-copied type="other" objects="27089" bytes="1024656" bytesdiscarded="80256" />
  <memory-cardclean objects="12312" bytes="565704" />
  <regions eden="44" other="5" />
  <remembered-set-cleared processed="302" cleared="165" durationms="1.525" />
  <finalization candidates="1" enqueued="0" />
  <references type="soft" candidates="25" cleared="0" enqueued="0" dynamicThreshold="27" maxThreshold="32" />
  <references type="weak" candidates="100" cleared="0" enqueued="0" />
  <references type="phantom" candidates="36" cleared="0" enqueued="0" />
  <stringconstants candidates="16500" cleared="0"  />
</gc-op>
<gc-op id="4546" type="classunload" timems="0.019" contextid="4542" timestamp="2019-08-09T00:19:50.609">
  <classunload-info classloadercandidates="69" classloadersunloaded="0" classesunloaded="0" anonymousclassesunloaded="0" quiescems="0.000" setupms="0.019" scanms="0.000" postms="0.000" />
</gc-op>
<heap-resize id="4547" type="contract" space="default" amount="18874368" count="1" timems="16.473" reason="excess free space following gc" timestamp="2019-08-09T00:19:50.626" />
<gc-end id="4548" type="partial gc" contextid="4542" durationms="242.428" usertimems="184.271" systemtimems="91.741" timestamp="2019-08-09T00:19:50.626" activeThreads="16">
  <mem-info id="4549" free="272629760" total="320864256" percent="84">
    <mem type="eden" free="1918152" total="6291456" percent="30" />
    <remembered-set count="9984" freebytes="13542144" totalbytes="13582080" percent="99" regionsoverflowed="0" regionsstable="10" regionsrebuilding="0"/>
  </mem-info>
</gc-end>
<cycle-end id="4550" type="partial gc" contextid="4542" timestamp="2019-08-09T00:19:50.626" />
  <attribute name="elasticGC enabled" value="1" />
  <attribute name= "numThreadsSpecified" value="16" />
  <attribute name="heapSize specified" value="0" />
  <attribute name="Current GC Util" value="23" />
  <attribute name= "Current Time Running" value="200668" />
  <attribute name ="GC Interval" value="0" />
  <attribute name="Target GC Util Change" value ="80.000000" />
  <attribute name="Current GC Util Change" value="23.000000"/>
  <attribute name="Current Error" value="119.000000" />
  <attribute name="Output H" value="339776536"/>
  <attribute name="Output I" value="2072"/>
  <attribute name="Output T" value="16"/>
  <attribute name= "Current Time Running" value="200668" />
  <attribute name="GC Util currently" value="23" />
  <attribute name="CPU Util currently" value="22794875779" />
<exclusive-end id="4551" timestamp="2019-08-09T00:19:50.629" durationms="249.089" />

<exclusive-start id="4552" timestamp="2019-08-09T00:19:50.946" intervalms="566.272">
  <response-info timems="11.559" idlems="11.559" threads="0" lastid="00000000022EDF00" lastname="Thread-40" />
</exclusive-start>
<allocation-taxation id="4553" taxation-threshold="88080384" timestamp="2019-08-09T00:19:50.947" intervalms="566.311" />
<cycle-start id="4554" type="partial gc" contextid="0" timestamp="2019-08-09T00:19:50.947" intervalms="563.647" />
<gc-start id="4555" type="partial gc" contextid="4554" timestamp="2019-08-09T00:19:50.948">
  <mem-info id="4556" free="184549376" total="320864256" percent="57">
    <mem type="eden" free="0" total="88080384" percent="0" />
    <remembered-set count="9504" freebytes="13544064" totalbytes="13582080" percent="99" regionsoverflowed="0" regionsstable="10" regionsrebuilding="0"/>
  </mem-info>
</gc-start>
<allocation-stats totalBytes="87862776" >
  <allocated-bytes non-tlh="65560" tlh="87797216" arrayletleaf="0"/>
  <largest-consumer threadName="Thread-50" threadId="0000000002339100" bytes="9288416" />
</allocation-stats>
<gc-op id="4557" type="copy forward" timems="18.764" contextid="4554" timestamp="2019-08-09T00:19:50.970">
  <memory-copied type="eden" objects="8033" bytes="3473872" bytesdiscarded="821320" />
  <memory-copied type="other" objects="26928" bytes="1020608" bytesdiscarded="75648" />
  <memory-cardclean objects="2095" bytes="135664" />
  <regions eden="42" other="5" />
  <remembered-set-cleared processed="1627" cleared="777" durationms="0.163" />
  <finalization candidates="1" enqueued="0" />
  <references type="soft" candidates="25" cleared="0" enqueued="0" dynamicThreshold="27" maxThreshold="32" />
  <references type="weak" candidates="99" cleared="0" enqueued="0" />
  <references type="phantom" candidates="40" cleared="0" enqueued="0" />
  <stringconstants candidates="16500" cleared="0"  />
</gc-op>
<gc-op id="4558" type="classunload" timems="0.014" contextid="4554" timestamp="2019-08-09T00:19:50.970">
  <classunload-info classloadercandidates="69" classloadersunloaded="0" classesunloaded="0" anonymousclassesunloaded="0" quiescems="0.000" setupms="0.014" scanms="0.000" postms="0.000" />
</gc-op>
<heap-resize id="4559" type="contract" space="default" amount="16777216" count="1" timems="1.521" reason="excess free space following gc" timestamp="2019-08-09T00:19:50.972" />
<gc-end id="4560" type="partial gc" contextid="4554" durationms="24.266" usertimems="49.061" systemtimems="18.418" timestamp="2019-08-09T00:19:50.972" activeThreads="16">
  <mem-info id="4561" free="253755392" total="304087040" percent="83">
    <mem type="eden" free="1995960" total="6291456" percent="31" />
    <remembered-set count="8992" freebytes="12791552" totalbytes="12827520" percent="99" regionsoverflowed="0" regionsstable="10" regionsrebuilding="0"/>
  </mem-info>
</gc-end>
<cycle-end id="4562" type="partial gc" contextid="4554" timestamp="2019-08-09T00:19:50.972" />
  <attribute name="elasticGC enabled" value="1" />
  <attribute name= "numThreadsSpecified" value="16" />
  <attribute name="heapSize specified" value="0" />
  <attribute name="Current GC Util" value="114" />
  <attribute name= "Current Time Running" value="201185" />
  <attribute name ="GC Interval" value="0" />
  <attribute name="Target GC Util Change" value ="80.000000" />
  <attribute name="Current GC Util Change" value="114.000000"/>
  <attribute name="Current Error" value="138.000000" />
  <attribute name="Output H" value="320902176"/>
  <attribute name="Output I" value="2080"/>
  <attribute name="Output T" value="16"/>
  <attribute name= "Current Time Running" value="201185" />
  <attribute name="GC Util currently" value="114" />
  <attribute name="CPU Util currently" value="381916452810" />
<exclusive-end id="4563" timestamp="2019-08-09T00:19:50.972" durationms="25.978" />

<exclusive-start id="4564" timestamp="2019-08-09T00:19:51.441" intervalms="494.192">
  <response-info timems="1.211" idlems="0.614" threads="1" lastid="0000000002322A00" lastname="Thread-49" />
</exclusive-start>
<allocation-taxation id="4565" taxation-threshold="83886080" timestamp="2019-08-09T00:19:51.442" intervalms="495.318" />
<cycle-start id="4566" type="partial gc" contextid="0" timestamp="2019-08-09T00:19:51.442" intervalms="495.173" />
<gc-start id="4567" type="partial gc" contextid="4566" timestamp="2019-08-09T00:19:51.442">
  <mem-info id="4568" free="169869312" total="304087040" percent="55">
    <mem type="eden" free="0" total="83886080" percent="0" />
    <remembered-set count="8928" freebytes="12791808" totalbytes="12827520" percent="99" regionsoverflowed="0" regionsstable="10" regionsrebuilding="0"/>
  </mem-info>
</gc-start>
<allocation-stats totalBytes="83641008" >
  <allocated-bytes non-tlh="49168" tlh="83591840" arrayletleaf="0"/>
  <largest-consumer threadName="Thread-39" threadId="0000000002331900" bytes="9628080" />
</allocation-stats>
<gc-op id="4569" type="copy forward" timems="107.453" contextid="4566" timestamp="2019-08-09T00:19:51.554">
  <memory-copied type="eden" objects="10256" bytes="4104048" bytesdiscarded="703864" />
  <memory-copied type="other" objects="26766" bytes="1016704" bytesdiscarded="74368" />
  <memory-cardclean objects="791" bytes="96928" />
  <regions eden="40" other="5" />
  <remembered-set-cleared processed="1676" cleared="712" durationms="0.108" />
  <finalization candidates="1" enqueued="0" />
  <references type="soft" candidates="25" cleared="0" enqueued="0" dynamicThreshold="26" maxThreshold="32" />
  <references type="weak" candidates="99" cleared="0" enqueued="0" />
  <references type="phantom" candidates="36" cleared="0" enqueued="0" />
  <stringconstants candidates="16500" cleared="0"  />
</gc-op>
<gc-op id="4570" type="classunload" timems="0.015" contextid="4566" timestamp="2019-08-09T00:19:51.554">
  <classunload-info classloadercandidates="69" classloadersunloaded="0" classesunloaded="0" anonymousclassesunloaded="0" quiescems="0.000" setupms="0.015" scanms="0.000" postms="0.000" />
</gc-op>
<heap-resize id="4571" type="contract" space="default" amount="16777216" count="1" timems="0.934" reason="excess free space following gc" timestamp="2019-08-09T00:19:51.555" />
<gc-end id="4572" type="partial gc" contextid="4566" durationms="113.165" usertimems="85.098" systemtimems="60.684" timestamp="2019-08-09T00:19:51.555" activeThreads="16">
  <mem-info id="4573" free="234881024" total="287309824" percent="81">
    <mem type="eden" free="1483272" total="6291456" percent="23" />
    <remembered-set count="9696" freebytes="12118016" totalbytes="12156800" percent="99" regionsoverflowed="0" regionsstable="10" regionsrebuilding="0"/>
  </mem-info>
</gc-end>
<cycle-end id="4574" type="partial gc" contextid="4566" timestamp="2019-08-09T00:19:51.556" />
  <attribute name="elasticGC enabled" value="1" />
  <attribute name= "numThreadsSpecified" value="16" />
  <attribute name="heapSize specified" value="0" />
  <attribute name="Current GC Util" value="24" />
  <attribute name= "Current Time Running" value="201680" />
  <attribute name ="GC Interval" value="0" />
  <attribute name="Target GC Util Change" value ="80.000000" />
  <attribute name="Current GC Util Change" value="24.000000"/>
  <attribute name="Current Error" value="266.000000" />
  <attribute name="Output H" value="304125040"/>
  <attribute name="Output I" value="2160"/>
  <attribute name="Output T" value="16"/>
  <attribute name= "Current Time Running" value="201680" />
  <attribute name="GC Util currently" value="24" />
  <attribute name="CPU Util currently" value="280783335957" />
<exclusive-end id="4575" timestamp="2019-08-09T00:19:51.556" durationms="115.374" />

<exclusive-start id="4576" timestamp="2019-08-09T00:19:51.631" intervalms="190.773">
  <response-info timems="0.622" idlems="0.160" threads="7" lastid="00000000022FCE00" lastname="Thread-38" />
</exclusive-start>
<allocation-taxation id="4577" taxation-threshold="79691776" timestamp="2019-08-09T00:19:51.632" intervalms="189.637" />
<cycle-start id="4578" type="partial gc" contextid="0" timestamp="2019-08-09T00:19:51.632" intervalms="189.661" />
<gc-start id="4579" type="partial gc" contextid="4578" timestamp="2019-08-09T00:19:51.633">
  <mem-info id="4580" free="155189248" total="287309824" percent="54">
    <mem type="eden" free="0" total="79691776" percent="0" />
    <remembered-set count="9472" freebytes="12118912" totalbytes="12156800" percent="99" regionsoverflowed="0" regionsstable="10" regionsrebuilding="0"/>
  </mem-info>
</gc-start>
<allocation-stats totalBytes="79409512" >
  <allocated-bytes non-tlh="32776" tlh="79376736" arrayletleaf="0"/>
  <largest-consumer threadName="Thread-48" threadId="000000000232DD00" bytes="8251048" />
</allocation-stats>
<gc-op id="4581" type="copy forward" timems="126.839" contextid="4578" timestamp="2019-08-09T00:19:51.763">
  <memory-copied type="eden" objects="6611" bytes="2881648" bytesdiscarded="701424" />
  <memory-copied type="other" objects="26622" bytes="1013392" bytesdiscarded="63824" />
  <memory-cardclean objects="1858" bytes="124480" />
  <regions eden="38" other="5" />
  <remembered-set-cleared processed="1666" cleared="766" durationms="0.399" />
  <finalization candidates="1" enqueued="0" />
  <references type="soft" candidates="25" cleared="0" enqueued="0" dynamicThreshold="26" maxThreshold="32" />
  <references type="weak" candidates="99" cleared="0" enqueued="0" />
  <references type="phantom" candidates="36" cleared="0" enqueued="0" />
  <stringconstants candidates="16500" cleared="0"  />
</gc-op>
<gc-op id="4582" type="classunload" timems="0.019" contextid="4578" timestamp="2019-08-09T00:19:51.763">
  <classunload-info classloadercandidates="69" classloadersunloaded="0" classesunloaded="0" anonymousclassesunloaded="0" quiescems="0.000" setupms="0.019" scanms="0.000" postms="0.000" />
</gc-op>
<heap-resize id="4583" type="contract" space="default" amount="14680064" count="1" timems="11.333" reason="excess free space following gc" timestamp="2019-08-09T00:19:51.775" />
<gc-end id="4584" type="partial gc" contextid="4578" durationms="144.136" usertimems="126.734" systemtimems="106.253" timestamp="2019-08-09T00:19:51.777" activeThreads="16">
  <mem-info id="4585" free="218103808" total="272629760" percent="80">
    <mem type="eden" free="2708128" total="6291456" percent="43" />
    <remembered-set count="9088" freebytes="11449728" totalbytes="11486080" percent="99" regionsoverflowed="0" regionsstable="10" regionsrebuilding="0"/>
  </mem-info>
</gc-end>
<cycle-end id="4586" type="partial gc" contextid="4578" timestamp="2019-08-09T00:19:51.785" />
  <attribute name="elasticGC enabled" value="1" />
  <attribute name= "numThreadsSpecified" value="16" />
  <attribute name="heapSize specified" value="0" />
  <attribute name="Current GC Util" value="30" />
  <attribute name= "Current Time Running" value="201870" />
  <attribute name ="GC Interval" value="0" />
  <attribute name="Target GC Util Change" value ="80.000000" />
  <attribute name="Current GC Util Change" value="30.000000"/>
  <attribute name="Current Error" value="77.000000" />
  <attribute name="Output H" value="287347712"/>
  <attribute name="Output I" value="2048"/>
  <attribute name="Output T" value="16"/>
  <attribute name= "Current Time Running" value="201870" />
  <attribute name="GC Util currently" value="30" />
  <attribute name="CPU Util currently" value="445477234638" />
<exclusive-end id="4587" timestamp="2019-08-09T00:19:51.806" durationms="174.860" />

<exclusive-start id="4588" timestamp="2019-08-09T00:19:52.027" intervalms="395.692">
  <response-info timems="9.837" idlems="9.837" threads="0" lastid="00000000022EDF00" lastname="Thread-40" />
</exclusive-start>
<allocation-taxation id="4589" taxation-threshold="75497472" timestamp="2019-08-09T00:19:52.027" intervalms="395.703" />
<cycle-start id="4590" type="partial gc" contextid="0" timestamp="2019-08-09T00:19:52.027" intervalms="395.764" />
<gc-start id="4591" type="partial gc" contextid="4590" timestamp="2019-08-09T00:19:52.028">
  <mem-info id="4592" free="142606336" total="272629760" percent="52">
    <mem type="eden" free="0" total="75497472" percent="0" />
    <remembered-set count="8608" freebytes="11451648" totalbytes="11486080" percent="99" regionsoverflowed="0" regionsstable="10" regionsrebuilding="0"/>
  </mem-info>
</gc-start>
<allocation-stats totalBytes="75381248" >
  <allocated-bytes non-tlh="0" tlh="75381248" arrayletleaf="0"/>
  <largest-consumer threadName="Thread-43" threadId="0000000002326500" bytes="8696552" />
</allocation-stats>
<gc-op id="4593" type="copy forward" timems="23.361" contextid="4590" timestamp="2019-08-09T00:19:52.057">
  <memory-copied type="eden" objects="8728" bytes="3605168" bytesdiscarded="482032" />
  <memory-copied type="other" objects="26" bytes="1168" bytesdiscarded="0" />
  <memory-cardclean objects="3542" bytes="155536" />
  <regions eden="36" other="4" />
  <remembered-set-cleared processed="2129" cleared="780" durationms="0.929" />
  <references type="phantom" candidates="2" cleared="0" enqueued="0" />
  <stringconstants candidates="16500" cleared="0"  />
</gc-op>
<gc-op id="4594" type="classunload" timems="0.016" contextid="4590" timestamp="2019-08-09T00:19:52.057">
  <classunload-info classloadercandidates="69" classloadersunloaded="0" classesunloaded="0" anonymousclassesunloaded="0" quiescems="0.000" setupms="0.016" scanms="0.000" postms="0.000" />
</gc-op>
<heap-resize id="4595" type="contract" space="default" amount="14680064" count="1" timems="0.953" reason="excess free space following gc" timestamp="2019-08-09T00:19:52.059" />
<gc-end id="4596" type="partial gc" contextid="4590" durationms="30.967" usertimems="32.242" systemtimems="16.370" timestamp="2019-08-09T00:19:52.059" activeThreads="16">
  <mem-info id="4597" free="201326592" total="257949696" percent="78">
    <mem type="eden" free="2203984" total="6291456" percent="35" />
    <remembered-set count="6624" freebytes="10872704" totalbytes="10899200" percent="99" regionsoverflowed="0" regionsstable="10" regionsrebuilding="0"/>
  </mem-info>
</gc-end>
<cycle-end id="4598" type="partial gc" contextid="4590" timestamp="2019-08-09T00:19:52.059" />
  <attribute name="elasticGC enabled" value="1" />
  <attribute name= "numThreadsSpecified" value="16" />
  <attribute name="heapSize specified" value="0" />
  <attribute name="Current GC Util" value="12" />
  <attribute name= "Current Time Running" value="202267" />
  <attribute name ="GC Interval" value="0" />
  <attribute name="Target GC Util Change" value ="80.000000" />
  <attribute name="Current GC Util Change" value="12.000000"/>
  <attribute name="Current Error" value="185.000000" />
  <attribute name="Output H" value="272667712"/>
  <attribute name="Output I" value="2112"/>
  <attribute name="Output T" value="16"/>
  <attribute name= "Current Time Running" value="202267" />
  <attribute name="GC Util currently" value="12" />
  <attribute name="CPU Util currently" value="194463823597" />
<exclusive-end id="4599" timestamp="2019-08-09T00:19:52.059" durationms="32.073" />

<exclusive-start id="4600" timestamp="2019-08-09T00:19:52.177" intervalms="150.076">
  <response-info timems="1.446" idlems="1.446" threads="0" lastid="0000000002317600" lastname="Thread-45" />
</exclusive-start>
<allocation-taxation id="4601" taxation-threshold="71303168" timestamp="2019-08-09T00:19:52.177" intervalms="150.063" />
<cycle-start id="4602" type="partial gc" contextid="0" timestamp="2019-08-09T00:19:52.177" intervalms="150.001" />
<gc-start id="4603" type="partial gc" contextid="4602" timestamp="2019-08-09T00:19:52.178">
  <mem-info id="4604" free="130023424" total="257949696" percent="50">
    <mem type="eden" free="0" total="71303168" percent="0" />
    <remembered-set count="6336" freebytes="10873856" totalbytes="10899200" percent="99" regionsoverflowed="0" regionsstable="10" regionsrebuilding="0"/>
  </mem-info>
</gc-start>
<allocation-stats totalBytes="71144176" >
  <allocated-bytes non-tlh="114720" tlh="71029456" arrayletleaf="0"/>
  <largest-consumer threadName="Thread-48" threadId="000000000232DD00" bytes="8188024" />
</allocation-stats>
<gc-op id="4605" type="copy forward" timems="304.975" contextid="4602" timestamp="2019-08-09T00:19:52.485">
  <memory-copied type="eden" objects="8917" bytes="3672768" bytesdiscarded="732464" />
  <memory-copied type="other" objects="26348" bytes="1006592" bytesdiscarded="75896" />
  <memory-cardclean objects="2286" bytes="142472" />
  <regions eden="34" other="5" />
  <remembered-set-cleared processed="1494" cleared="640" durationms="0.551" />
  <finalization candidates="1" enqueued="0" />
  <references type="soft" candidates="25" cleared="0" enqueued="0" dynamicThreshold="24" maxThreshold="32" />
  <references type="weak" candidates="99" cleared="0" enqueued="0" />
  <references type="phantom" candidates="37" cleared="0" enqueued="0" />
  <stringconstants candidates="16500" cleared="0"  />
</gc-op>
<gc-op id="4606" type="classunload" timems="0.021" contextid="4602" timestamp="2019-08-09T00:19:52.486">
  <classunload-info classloadercandidates="69" classloadersunloaded="0" classesunloaded="0" anonymousclassesunloaded="0" quiescems="0.000" setupms="0.020" scanms="0.000" postms="0.000" />
</gc-op>
<heap-resize id="4607" type="contract" space="default" amount="14680064" count="1" timems="0.833" reason="excess free space following gc" timestamp="2019-08-09T00:19:52.487" />
<gc-end id="4608" type="partial gc" contextid="4602" durationms="308.921" usertimems="212.017" systemtimems="148.764" timestamp="2019-08-09T00:19:52.487" activeThreads="16">
  <mem-info id="4609" free="184549376" total="243269632" percent="75">
    <mem type="eden" free="1885952" total="6291456" percent="29" />
    <remembered-set count="9376" freebytes="10274816" totalbytes="10312320" percent="99" regionsoverflowed="0" regionsstable="10" regionsrebuilding="0"/>
  </mem-info>
</gc-end>
<cycle-end id="4610" type="partial gc" contextid="4602" timestamp="2019-08-09T00:19:52.488" />
  <attribute name="elasticGC enabled" value="1" />
  <attribute name= "numThreadsSpecified" value="16" />
  <attribute name="heapSize specified" value="0" />
  <attribute name="Current GC Util" value="30" />
  <attribute name= "Current Time Running" value="202414" />
  <attribute name ="GC Interval" value="0" />
  <attribute name="Target GC Util Change" value ="80.000000" />
  <attribute name="Current GC Util Change" value="30.000000"/>
  <attribute name="Current Error" value="298.000000" />
  <attribute name="Output H" value="257987712"/>
  <attribute name="Output I" value="2176"/>
  <attribute name="Output T" value="16"/>
  <attribute name= "Current Time Running" value="202414" />
  <attribute name="GC Util currently" value="30" />
  <attribute name="CPU Util currently" value="560619264101" />
<exclusive-end id="4611" timestamp="2019-08-09T00:19:52.489" durationms="312.124" />

<exclusive-start id="4612" timestamp="2019-08-09T00:19:52.592" intervalms="414.749">
  <response-info timems="4.119" idlems="1.008" threads="14" lastid="0000000002331900" lastname="Thread-39" />
</exclusive-start>
<allocation-taxation id="4613" taxation-threshold="67108864" timestamp="2019-08-09T00:19:52.592" intervalms="414.718" />
<cycle-start id="4614" type="partial gc" contextid="0" timestamp="2019-08-09T00:19:52.592" intervalms="414.767" />
<gc-start id="4615" type="partial gc" contextid="4614" timestamp="2019-08-09T00:19:52.592">
  <mem-info id="4616" free="117440512" total="243269632" percent="48">
    <mem type="eden" free="0" total="67108864" percent="0" />
    <remembered-set count="9152" freebytes="10275712" totalbytes="10312320" percent="99" regionsoverflowed="0" regionsstable="10" regionsrebuilding="0"/>
  </mem-info>
</gc-start>
<allocation-stats totalBytes="66896360" >
  <allocated-bytes non-tlh="32784" tlh="66863576" arrayletleaf="0"/>
  <largest-consumer threadName="Thread-41" threadId="0000000002300A00" bytes="6292304" />
</allocation-stats>
<gc-op id="4617" type="copy forward" timems="156.423" contextid="4614" timestamp="2019-08-09T00:19:52.754">
  <memory-copied type="eden" objects="9544" bytes="3884864" bytesdiscarded="390832" />
  <memory-copied type="other" objects="26231" bytes="1003896" bytesdiscarded="112440" />
  <memory-cardclean objects="1688" bytes="118200" />
  <regions eden="32" other="5" />
  <remembered-set-cleared processed="1721" cleared="823" durationms="0.764" />
  <finalization candidates="1" enqueued="0" />
  <references type="soft" candidates="25" cleared="0" enqueued="0" dynamicThreshold="24" maxThreshold="32" />
  <references type="weak" candidates="99" cleared="0" enqueued="0" />
  <references type="phantom" candidates="37" cleared="0" enqueued="0" />
  <stringconstants candidates="16500" cleared="0"  />
</gc-op>
<gc-op id="4618" type="classunload" timems="0.018" contextid="4614" timestamp="2019-08-09T00:19:52.754">
  <classunload-info classloadercandidates="69" classloadersunloaded="0" classesunloaded="0" anonymousclassesunloaded="0" quiescems="0.000" setupms="0.017" scanms="0.000" postms="0.000" />
</gc-op>
<heap-resize id="4619" type="contract" space="default" amount="12582912" count="1" timems="0.870" reason="excess free space following gc" timestamp="2019-08-09T00:19:52.755" />
<gc-end id="4620" type="partial gc" contextid="4614" durationms="163.207" usertimems="173.668" systemtimems="72.920" timestamp="2019-08-09T00:19:52.756" activeThreads="16">
  <mem-info id="4621" free="169869312" total="230686720" percent="73">
    <mem type="eden" free="2015480" total="6291456" percent="32" />
    <remembered-set count="10016" freebytes="9685376" totalbytes="9725440" percent="99" regionsoverflowed="0" regionsstable="10" regionsrebuilding="0"/>
  </mem-info>
</gc-end>
<cycle-end id="4622" type="partial gc" contextid="4614" timestamp="2019-08-09T00:19:52.756" />
  <attribute name="elasticGC enabled" value="1" />
  <attribute name= "numThreadsSpecified" value="16" />
  <attribute name="heapSize specified" value="0" />
  <attribute name="Current GC Util" value="24" />
  <attribute name= "Current Time Running" value="202830" />
  <attribute name ="GC Interval" value="0" />
  <attribute name="Target GC Util Change" value ="80.000000" />
  <attribute name="Current GC Util Change" value="24.000000"/>
  <attribute name="Current Error" value="83.000000" />
  <attribute name="Output H" value="243307520"/>
  <attribute name="Output I" value="2048"/>
  <attribute name="Output T" value="16"/>
  <attribute name= "Current Time Running" value="202830" />
  <attribute name="GC Util currently" value="24" />
  <attribute name="CPU Util currently" value="318596049003" />
<exclusive-end id="4623" timestamp="2019-08-09T00:19:52.757" durationms="164.605" />

<exclusive-start id="4624" timestamp="2019-08-09T00:19:52.830" intervalms="237.722">
  <response-info timems="3.075" idlems="1.587" threads="1" lastid="0000000002335500" lastname="Thread-42" />
</exclusive-start>
<allocation-taxation id="4625" taxation-threshold="65011712" timestamp="2019-08-09T00:19:52.831" intervalms="238.961" />
<cycle-start id="4626" type="partial gc" contextid="0" timestamp="2019-08-09T00:19:52.831" intervalms="238.970" />
<gc-start id="4627" type="partial gc" contextid="4626" timestamp="2019-08-09T00:19:52.835">
  <mem-info id="4628" free="104857600" total="230686720" percent="45">
    <mem type="eden" free="0" total="65011712" percent="0" />
    <remembered-set count="9952" freebytes="9685632" totalbytes="9725440" percent="99" regionsoverflowed="0" regionsstable="10" regionsrebuilding="0"/>
  </mem-info>
</gc-start>
<allocation-stats totalBytes="64826168" >
  <allocated-bytes non-tlh="32776" tlh="64793392" arrayletleaf="0"/>
  <largest-consumer threadName="Thread-42" threadId="0000000002335500" bytes="9020440" />
</allocation-stats>
<gc-op id="4629" type="copy forward" timems="217.172" contextid="4626" timestamp="2019-08-09T00:19:53.063">
  <memory-copied type="eden" objects="8547" bytes="3456208" bytesdiscarded="745816" />
  <memory-copied type="other" objects="26115" bytes="1001008" bytesdiscarded="115176" />
  <memory-cardclean objects="1519" bytes="114032" />
  <regions eden="31" other="5" />
  <remembered-set-cleared processed="1765" cleared="838" durationms="0.108" />
  <finalization candidates="1" enqueued="0" />
  <references type="soft" candidates="25" cleared="0" enqueued="0" dynamicThreshold="23" maxThreshold="32" />
  <references type="weak" candidates="100" cleared="0" enqueued="0" />
  <references type="phantom" candidates="40" cleared="0" enqueued="0" />
  <stringconstants candidates="16500" cleared="0"  />
</gc-op>
<gc-op id="4630" type="classunload" timems="0.017" contextid="4626" timestamp="2019-08-09T00:19:53.063">
  <classunload-info classloadercandidates="69" classloadersunloaded="0" classesunloaded="0" anonymousclassesunloaded="0" quiescems="0.000" setupms="0.016" scanms="0.000" postms="0.000" />
</gc-op>
<heap-resize id="4631" type="contract" space="default" amount="12582912" count="1" timems="1.672" reason="excess free space following gc" timestamp="2019-08-09T00:19:53.064" />
<gc-end id="4632" type="partial gc" contextid="4626" durationms="231.119" usertimems="64.401" systemtimems="81.227" timestamp="2019-08-09T00:19:53.066" activeThreads="16">
  <mem-info id="4633" free="155189248" total="218103808" percent="71">
    <mem type="eden" free="2089144" total="6291456" percent="33" />
    <remembered-set count="10048" freebytes="9182208" totalbytes="9222400" percent="99" regionsoverflowed="0" regionsstable="10" regionsrebuilding="0"/>
  </mem-info>
</gc-end>
<cycle-end id="4634" type="partial gc" contextid="4626" timestamp="2019-08-09T00:19:53.066" />
  <attribute name="elasticGC enabled" value="1" />
  <attribute name= "numThreadsSpecified" value="16" />
  <attribute name="heapSize specified" value="0" />
  <attribute name="Current GC Util" value="68" />
  <attribute name= "Current Time Running" value="203079" />
  <attribute name ="GC Interval" value="0" />
  <attribute name="Target GC Util Change" value ="80.000000" />
  <attribute name="Current GC Util Change" value="68.000000"/>
  <attribute name="Current Error" value="118.000000" />
  <attribute name="Output H" value="230724632"/>
  <attribute name="Output I" value="2072"/>
  <attribute name="Output T" value="16"/>
  <attribute name= "Current Time Running" value="203079" />
  <attribute name="GC Util currently" value="68" />
  <attribute name="CPU Util currently" value="115596304883" />
<exclusive-end id="4635" timestamp="2019-08-09T00:19:53.067" durationms="236.927" />

<exclusive-start id="4636" timestamp="2019-08-09T00:19:53.146" intervalms="315.975">
  <response-info timems="4.892" idlems="4.892" threads="0" lastid="0000000002326500" lastname="Thread-43" />
</exclusive-start>
<allocation-taxation id="4637" taxation-threshold="60817408" timestamp="2019-08-09T00:19:53.146" intervalms="314.743" />
<cycle-start id="4638" type="partial gc" contextid="0" timestamp="2019-08-09T00:19:53.146" intervalms="315.051" />
<gc-start id="4639" type="partial gc" contextid="4638" timestamp="2019-08-09T00:19:53.146">
  <mem-info id="4640" free="94371840" total="218103808" percent="43">
    <mem type="eden" free="0" total="60817408" percent="0" />
    <remembered-set count="9856" freebytes="9182976" totalbytes="9222400" percent="99" regionsoverflowed="0" regionsstable="10" regionsrebuilding="0"/>
  </mem-info>
</gc-start>
<allocation-stats totalBytes="60644160" >
  <allocated-bytes non-tlh="65560" tlh="60578600" arrayletleaf="0"/>
  <largest-consumer threadName="Thread-40" threadId="00000000022EDF00" bytes="6921480" />
</allocation-stats>
<gc-op id="4641" type="copy forward" timems="166.018" contextid="4638" timestamp="2019-08-09T00:19:53.328">
  <memory-copied type="eden" objects="8316" bytes="3357552" bytesdiscarded="619848" />
  <memory-copied type="other" objects="25996" bytes="998056" bytesdiscarded="89496" />
  <memory-cardclean objects="816" bytes="98504" />
  <regions eden="29" other="4" />
  <remembered-set-cleared processed="1723" cleared="762" durationms="10.163" />
  <finalization candidates="1" enqueued="0" />
  <references type="soft" candidates="25" cleared="0" enqueued="0" dynamicThreshold="22" maxThreshold="32" />
  <references type="weak" candidates="99" cleared="0" enqueued="0" />
  <references type="phantom" candidates="35" cleared="0" enqueued="0" />
  <stringconstants candidates="16500" cleared="0"  />
</gc-op>
<gc-op id="4642" type="classunload" timems="0.013" contextid="4638" timestamp="2019-08-09T00:19:53.328">
  <classunload-info classloadercandidates="69" classloadersunloaded="0" classesunloaded="0" anonymousclassesunloaded="0" quiescems="0.000" setupms="0.013" scanms="0.000" postms="0.000" />
</gc-op>
<heap-resize id="4643" type="contract" space="default" amount="12582912" count="1" timems="0.872" reason="excess free space following gc" timestamp="2019-08-09T00:19:53.329" />
<gc-end id="4644" type="partial gc" contextid="4638" durationms="183.008" usertimems="52.350" systemtimems="55.512" timestamp="2019-08-09T00:19:53.329" activeThreads="16">
  <mem-info id="4645" free="142606336" total="205520896" percent="69">
    <mem type="eden" free="216648" total="4194304" percent="5" />
    <remembered-set count="8064" freebytes="8687104" totalbytes="8719360" percent="99" regionsoverflowed="0" regionsstable="10" regionsrebuilding="0"/>
  </mem-info>
</gc-end>
<cycle-end id="4646" type="partial gc" contextid="4638" timestamp="2019-08-09T00:19:53.330" />
  <attribute name="elasticGC enabled" value="1" />
  <attribute name= "numThreadsSpecified" value="16" />
  <attribute name="heapSize specified" value="0" />
  <attribute name="Current GC Util" value="5" />
  <attribute name= "Current Time Running" value="203397" />
  <attribute name ="GC Interval" value="0" />
  <attribute name="Target GC Util Change" value ="80.000000" />
  <attribute name="Current GC Util Change" value="5.000000"/>
  <attribute name="Current Error" value="229.000000" />
  <attribute name="Output H" value="218141784"/>
  <attribute name="Output I" value="2136"/>
  <attribute name="Output T" value="16"/>
  <attribute name= "Current Time Running" value="203397" />
  <attribute name="GC Util currently" value="5" />
  <attribute name="CPU Util currently" value="72023864485" />
<exclusive-end id="4647" timestamp="2019-08-09T00:19:53.330" durationms="184.485" />

<exclusive-start id="4648" timestamp="2019-08-09T00:19:53.471" intervalms="325.631">
  <response-info timems="5.858" idlems="4.840" threads="1" lastid="0000000002317600" lastname="Thread-45" />
</exclusive-start>
<allocation-taxation id="4649" taxation-threshold="58720256" timestamp="2019-08-09T00:19:53.483" intervalms="337.108" />
<cycle-start id="4650" type="partial gc" contextid="0" timestamp="2019-08-09T00:19:53.500" intervalms="353.787" />
<gc-start id="4651" type="partial gc" contextid="4650" timestamp="2019-08-09T00:19:53.502">
  <mem-info id="4652" free="83886080" total="205520896" percent="40">
    <mem type="eden" free="0" total="58720256" percent="0" />
    <remembered-set count="7616" freebytes="8688896" totalbytes="8719360" percent="99" regionsoverflowed="0" regionsstable="10" regionsrebuilding="0"/>
  </mem-info>
</gc-start>
<allocation-stats totalBytes="58639160" >
  <allocated-bytes non-tlh="16392" tlh="58622768" arrayletleaf="0"/>
  <largest-consumer threadName="Thread-44" threadId="000000000232A100" bytes="6972528" />
</allocation-stats>
<gc-op id="4653" type="copy forward" timems="62.779" contextid="4650" timestamp="2019-08-09T00:19:53.595">
  <memory-copied type="eden" objects="10437" bytes="4189344" bytesdiscarded="579624" />
  <memory-copied type="other" objects="25885" bytes="995344" bytesdiscarded="73928" />
  <memory-cardclean objects="1778" bytes="263704" />
  <regions eden="28" other="3" />
  <remembered-set-cleared processed="1589" cleared="708" durationms="0.123" />
  <finalization candidates="1" enqueued="0" />
  <references type="soft" candidates="25" cleared="0" enqueued="0" dynamicThreshold="22" maxThreshold="32" />
  <references type="weak" candidates="100" cleared="0" enqueued="0" />
  <references type="phantom" candidates="38" cleared="0" enqueued="0" />
  <stringconstants candidates="16500" cleared="0"  />
</gc-op>
<gc-op id="4654" type="classunload" timems="0.012" contextid="4650" timestamp="2019-08-09T00:19:53.595">
  <classunload-info classloadercandidates="69" classloadersunloaded="0" classesunloaded="0" anonymousclassesunloaded="0" quiescems="0.000" setupms="0.012" scanms="0.000" postms="0.000" />
</gc-op>
<heap-resize id="4655" type="contract" space="default" amount="10485760" count="1" timems="0.422" reason="excess free space following gc" timestamp="2019-08-09T00:19:53.596" />
<gc-end id="4656" type="partial gc" contextid="4650" durationms="93.737" usertimems="86.987" systemtimems="38.847" timestamp="2019-08-09T00:19:53.596" activeThreads="16">
  <mem-info id="4657" free="127926272" total="195035136" percent="65">
    <mem type="eden" free="1522208" total="6291456" percent="24" />
    <remembered-set count="9472" freebytes="8178432" totalbytes="8216320" percent="99" regionsoverflowed="0" regionsstable="10" regionsrebuilding="0"/>
  </mem-info>
</gc-end>
<cycle-end id="4658" type="partial gc" contextid="4650" timestamp="2019-08-09T00:19:53.596" />
  <attribute name="elasticGC enabled" value="1" />
  <attribute name= "numThreadsSpecified" value="16" />
  <attribute name="heapSize specified" value="0" />
  <attribute name="Current GC Util" value="4" />
  <attribute name= "Current Time Running" value="203766" />
  <attribute name ="GC Interval" value="0" />
  <attribute name="Target GC Util Change" value ="80.000000" />
  <attribute name="Current GC Util Change" value="4.000000"/>
  <attribute name="Current Error" value="126.000000" />
  <attribute name="Output H" value="205558808"/>
  <attribute name="Output I" value="2072"/>
  <attribute name="Output T" value="16"/>
  <attribute name= "Current Time Running" value="203766" />
  <attribute name="GC Util currently" value="4" />
  <attribute name="CPU Util currently" value="38443609918" />
<exclusive-end id="4659" timestamp="2019-08-09T00:19:53.596" durationms="125.002" />

<exclusive-start id="4660" timestamp="2019-08-09T00:19:53.649" intervalms="177.960">
  <response-info timems="9.001" idlems="9.001" threads="0" lastid="0000000002335500" lastname="Thread-42" />
</exclusive-start>
<allocation-taxation id="4661" taxation-threshold="27262976" timestamp="2019-08-09T00:19:53.649" intervalms="166.488" />
<cycle-start id="4662" type="global mark phase" contextid="0" timestamp="2019-08-09T00:19:53.649" intervalms="29240.844" />
<gc-start id="4663" type="global mark phase" contextid="4662" timestamp="2019-08-09T00:19:53.649">
  <mem-info id="4664" free="100663296" total="195035136" percent="51">
    <remembered-set count="9472" freebytes="8178432" totalbytes="8216320" percent="99" regionsoverflowed="0" regionsstable="10" regionsrebuilding="0"/>
  </mem-info>
</gc-start>
<gc-op id="4665" type="mark increment" timems="55.691" contextid="4662" timestamp="2019-08-09T00:19:53.705">
  <trace-info objectcount="321934" scancount="258393" scanbytes="8856764" />
</gc-op>
<gc-end id="4666" type="global mark phase" contextid="4662" durationms="55.752" usertimems="65.737" systemtimems="24.435" timestamp="2019-08-09T00:19:53.705" activeThreads="16">
  <mem-info id="4667" free="100663296" total="195035136" percent="51">
    <remembered-set count="67328" freebytes="7947008" totalbytes="8216320" percent="96" regionsoverflowed="0" regionsstable="0" regionsrebuilding="10"/>
  </mem-info>
</gc-end>
<concurrent-start id="4668" type="GMP work packet processing" contextid="4662" timestamp="2019-08-09T00:19:53.705">
  <concurrent-mark-start scanTarget="68623969" />
</concurrent-start>
<exclusive-end id="4669" timestamp="2019-08-09T00:19:53.705" durationms="56.084" />

<concurrent-end id="4670" type="GMP work packet processing" contextid="4662" timestamp="2019-08-09T00:19:53.734">
  <concurrent-mark-end bytesScanned="8258728" reasonForTermination="Completed all work in GC phase" />
</concurrent-end>

<exclusive-start id="4671" timestamp="2019-08-09T00:19:53.747" intervalms="98.147">
  <response-info timems="1.698" idlems="0.864" threads="3" lastid="000000000232A100" lastname="Thread-44" />
</exclusive-start>
<allocation-taxation id="4672" taxation-threshold="27262976" timestamp="2019-08-09T00:19:53.747" intervalms="98.129" />
<cycle-start id="4673" type="partial gc" contextid="0" timestamp="2019-08-09T00:19:53.748" intervalms="247.556" />
<gc-start id="4674" type="partial gc" contextid="4673" timestamp="2019-08-09T00:19:53.748">
  <mem-info id="4675" free="73400320" total="195035136" percent="37">
    <mem type="eden" free="0" total="54525952" percent="0" />
    <remembered-set count="135712" freebytes="7673472" totalbytes="8216320" percent="93" regionsoverflowed="0" regionsstable="0" regionsrebuilding="10"/>
  </mem-info>
</gc-start>
<allocation-stats totalBytes="54227816" >
  <allocated-bytes non-tlh="0" tlh="54227816" arrayletleaf="0"/>
  <largest-consumer threadName="Thread-47" threadId="00000000022E6700" bytes="3246648" />
</allocation-stats>
<gc-op id="4676" type="copy forward" timems="55.353" contextid="4673" timestamp="2019-08-09T00:19:53.805">
  <memory-copied type="eden" objects="6606" bytes="2556184" bytesdiscarded="795504" />
  <memory-copied type="other" objects="26387" bytes="1246160" bytesdiscarded="127600" />
  <memory-cardclean objects="12532" bytes="486520" />
  <memory-traced type="eden" objects="1854" bytes="186064" />
  <memory-traced type="other" objects="0" bytes="0" />
  <regions eden="26" other="4" evacuated="29" marked="1" />
  <remembered-set-cleared processed="124981" cleared="9009" durationms="0.950" />
  <finalization candidates="1" enqueued="0" />
  <references type="soft" candidates="25" cleared="0" enqueued="0" dynamicThreshold="16" maxThreshold="32" />
  <references type="weak" candidates="100" cleared="0" enqueued="0" />
  <references type="phantom" candidates="36" cleared="0" enqueued="0" />
  <stringconstants candidates="16500" cleared="0"  />
</gc-op>
<gc-op id="4677" type="classunload" timems="0.023" contextid="4673" timestamp="2019-08-09T00:19:53.805">
  <classunload-info classloadercandidates="69" classloadersunloaded="0" classesunloaded="0" anonymousclassesunloaded="0" quiescems="0.000" setupms="0.022" scanms="0.000" postms="0.000" />
</gc-op>
<gc-op id="4678" type="sweep" timems="15.832" contextid="4673" timestamp="2019-08-09T00:19:53.821" />
<gc-op id="4679" type="compact" timems="23.790" contextid="4673" timestamp="2019-08-09T00:19:53.845">
  <compact-info movecount="0" movebytes="0" />
  <remembered-set-cleared processed="246228" cleared="9009" durationms="2.608" />
</gc-op>
<heap-resize id="4680" type="contract" space="default" amount="10485760" count="1" timems="0.496" reason="excess free space following gc" timestamp="2019-08-09T00:19:53.846" />
<gc-end id="4681" type="partial gc" contextid="4673" durationms="98.009" usertimems="61.301" systemtimems="50.078" timestamp="2019-08-09T00:19:53.846" activeThreads="16">
  <mem-info id="4682" free="115343360" total="184549376" percent="62">
    <mem type="eden" free="842440" total="6291456" percent="13" />
    <remembered-set count="129280" freebytes="7280000" totalbytes="7797120" percent="93" regionsoverflowed="0" regionsstable="0" regionsrebuilding="10"/>
  </mem-info>
</gc-end>
<cycle-end id="4683" type="partial gc" contextid="4673" timestamp="2019-08-09T00:19:53.846" />
  <attribute name="elasticGC enabled" value="1" />
  <attribute name= "numThreadsSpecified" value="16" />
  <attribute name="heapSize specified" value="0" />
  <attribute name="Current GC Util" value="14" />
  <attribute name= "Current Time Running" value="204055" />
  <attribute name ="GC Interval" value="0" />
  <attribute name="Target GC Util Change" value ="80.000000" />
  <attribute name="Current GC Util Change" value="14.000000"/>
  <attribute name="Current Error" value="32.000000" />
  <attribute name="Output H" value="195073000"/>
  <attribute name="Output I" value="2024"/>
  <attribute name="Output T" value="16"/>
  <attribute name= "Current Time Running" value="204055" />
  <attribute name="GC Util currently" value="14" />
  <attribute name="CPU Util currently" value="72116535790" />
<exclusive-end id="4684" timestamp="2019-08-09T00:19:53.846" durationms="98.787" />

<exclusive-start id="4685" timestamp="2019-08-09T00:19:53.920" intervalms="172.346">
  <response-info timems="0.860" idlems="0.860" threads="0" lastid="00000000022D7700" lastname="Thread-52" />
</exclusive-start>
<allocation-taxation id="4686" taxation-threshold="25165824" timestamp="2019-08-09T00:19:53.920" intervalms="172.524" />
<gc-start id="4687" type="global mark phase" contextid="4662" timestamp="2019-08-09T00:19:53.920">
  <mem-info id="4688" free="90177536" total="184549376" percent="48">
    <remembered-set count="128864" freebytes="7281664" totalbytes="7797120" percent="93" regionsoverflowed="0" regionsstable="0" regionsrebuilding="10"/>
  </mem-info>
</gc-start>
<gc-op id="4689" type="mark increment" timems="14.793" contextid="4662" timestamp="2019-08-09T00:19:53.935">
  <trace-info objectcount="9020" scancount="7406" scanbytes="1761036" />
  <cardclean-info objects="22813" bytes="1125472" />
  <finalization candidates="154" enqueued="0" />
  <ownableSynchronizers candidates="22" cleared="0" />
  <references type="soft" candidates="4851" cleared="21" enqueued="21" dynamicThreshold="20" maxThreshold="32" />
  <references type="weak" candidates="6360" cleared="20" enqueued="19" />
  <references type="phantom" candidates="909" cleared="0" enqueued="0" />
  <stringconstants candidates="16500" cleared="0"  />
</gc-op>
<gc-op id="4690" type="classunload" timems="0.012" contextid="4662" timestamp="2019-08-09T00:19:53.935">
  <classunload-info classloadercandidates="69" classloadersunloaded="0" classesunloaded="0" anonymousclassesunloaded="0" quiescems="0.000" setupms="0.012" scanms="0.000" postms="0.000" />
</gc-op>
<gc-end id="4691" type="global mark phase" contextid="4662" durationms="14.918" usertimems="17.831" systemtimems="14.783" timestamp="2019-08-09T00:19:53.935" activeThreads="16">
  <mem-info id="4692" free="90177536" total="184549376" percent="48">
    <pending-finalizers system="0" default="0" reference="40" classloader="0" />
    <remembered-set count="136544" freebytes="7250944" totalbytes="7797120" percent="92" regionsoverflowed="0" regionsstable="0" regionsrebuilding="0"/>
  </mem-info>
</gc-end>
<cycle-end id="4693" type="global mark phase" contextid="4662" timestamp="2019-08-09T00:19:53.935" />
  <attribute name="elasticGC enabled" value="1" />
  <attribute name= "numThreadsSpecified" value="16" />
  <attribute name="heapSize specified" value="0" />
  <attribute name="Current GC Util" value="75" />
  <attribute name= "Current Time Running" value="204160" />
  <attribute name ="GC Interval" value="0" />
  <attribute name="Target GC Util Change" value ="80.000000" />
  <attribute name="Current GC Util Change" value="75.000000"/>
  <attribute name="Current Error" value="5.000000" />
  <attribute name="Output H" value="184587224"/>
  <attribute name="Output I" value="2008"/>
  <attribute name="Output T" value="16"/>
  <attribute name= "Current Time Running" value="204160" />
  <attribute name="GC Util currently" value="75" />
  <attribute name="CPU Util currently" value="246013343187" />
<exclusive-end id="4694" timestamp="2019-08-09T00:19:53.936" durationms="15.899" />

<exclusive-start id="4695" timestamp="2019-08-09T00:19:53.993" intervalms="72.865">
  <response-info timems="0.570" idlems="0.289" threads="1" lastid="000000000232A100" lastname="Thread-44" />
</exclusive-start>
<allocation-taxation id="4696" taxation-threshold="25165824" timestamp="2019-08-09T00:19:53.993" intervalms="72.692" />
<cycle-start id="4697" type="partial gc" contextid="0" timestamp="2019-08-09T00:19:53.993" intervalms="245.509" />
<gc-start id="4698" type="partial gc" contextid="4697" timestamp="2019-08-09T00:19:53.993">
  <mem-info id="4699" free="65011712" total="184549376" percent="35">
    <mem type="eden" free="0" total="52428800" percent="0" />
    <remembered-set count="9888" freebytes="7757568" totalbytes="7797120" percent="99" regionsoverflowed="0" regionsstable="10" regionsrebuilding="0"/>
  </mem-info>
</gc-start>
<allocation-stats totalBytes="50038160" >
  <allocated-bytes non-tlh="589976" tlh="49448184" arrayletleaf="0"/>
  <largest-consumer threadName="Thread-47" threadId="00000000022E6700" bytes="5116584" />
</allocation-stats>
<gc-op id="4700" type="sweep" timems="3.249" contextid="4697" timestamp="2019-08-09T00:19:53.997" />
<gc-op id="4701" type="copy forward" timems="45.473" contextid="4697" timestamp="2019-08-09T00:19:54.044">
  <memory-copied type="eden" objects="9061" bytes="3573144" bytesdiscarded="556289" />
  <memory-copied type="other" objects="179" bytes="52688" bytesdiscarded="10711" />
  <memory-cardclean objects="3270" bytes="270064" />
  <regions eden="12" other="15" />
  <remembered-set-cleared processed="2589" cleared="1186" durationms="0.216" />
  <stringconstants candidates="16500" cleared="0"  />
</gc-op>
<gc-op id="4702" type="classunload" timems="0.020" contextid="4697" timestamp="2019-08-09T00:19:54.044">
  <classunload-info classloadercandidates="69" classloadersunloaded="0" classesunloaded="0" anonymousclassesunloaded="0" quiescems="0.000" setupms="0.020" scanms="0.000" postms="0.000" />
</gc-op>
<heap-resize id="4703" type="contract" space="default" amount="10485760" count="1" timems="0.829" reason="excess free space following gc" timestamp="2019-08-09T00:19:54.047" />
<gc-end id="4704" type="partial gc" contextid="4697" durationms="54.134" usertimems="31.386" systemtimems="20.294" timestamp="2019-08-09T00:19:54.047" activeThreads="16">
  <mem-info id="4705" free="109051904" total="174063616" percent="62">
    <mem type="eden" free="58512" total="4194304" percent="1" />
    <remembered-set count="8096" freebytes="7345536" totalbytes="7377920" percent="99" regionsoverflowed="0" regionsstable="10" regionsrebuilding="0"/>
  </mem-info>
</gc-end>
<cycle-end id="4706" type="partial gc" contextid="4697" timestamp="2019-08-09T00:19:54.047" />
  <attribute name="elasticGC enabled" value="1" />
  <attribute name= "numThreadsSpecified" value="16" />
  <attribute name="heapSize specified" value="0" />
  <attribute name="Current GC Util" value="78" />
  <attribute name= "Current Time Running" value="204232" />
  <attribute name ="GC Interval" value="0" />
  <attribute name="Target GC Util Change" value ="80.000000" />
  <attribute name="Current GC Util Change" value="78.000000"/>
  <attribute name="Current Error" value="9.000000" />
  <attribute name="Output H" value="184587224"/>
  <attribute name="Output I" value="2008"/>
  <attribute name="Output T" value="16"/>
  <attribute name= "Current Time Running" value="204232" />
  <attribute name="GC Util currently" value="78" />
  <attribute name="CPU Util currently" value="694412136448" />
<exclusive-end id="4707" timestamp="2019-08-09T00:19:54.048" durationms="55.810" />

<exclusive-start id="4708" timestamp="2019-08-09T00:19:54.120" intervalms="127.822">
  <response-info timems="1.578" idlems="0.792" threads="1" lastid="0000000002326500" lastname="Thread-43" />
</exclusive-start>
<allocation-taxation id="4709" taxation-threshold="25165824" timestamp="2019-08-09T00:19:54.120" intervalms="127.813" />
<cycle-start id="4710" type="global mark phase" contextid="0" timestamp="2019-08-09T00:19:54.121" intervalms="471.147" />
<gc-start id="4711" type="global mark phase" contextid="4710" timestamp="2019-08-09T00:19:54.121">
  <mem-info id="4712" free="83886080" total="174063616" percent="48">
    <remembered-set count="7776" freebytes="7346816" totalbytes="7377920" percent="99" regionsoverflowed="0" regionsstable="10" regionsrebuilding="0"/>
  </mem-info>
</gc-start>
<gc-op id="4713" type="mark increment" timems="18.465" contextid="4710" timestamp="2019-08-09T00:19:54.139">
  <trace-info objectcount="676145" scancount="582385" scanbytes="17076336" />
</gc-op>
<gc-end id="4714" type="global mark phase" contextid="4710" durationms="18.541" usertimems="92.871" systemtimems="12.515" timestamp="2019-08-09T00:19:54.139" activeThreads="16">
  <mem-info id="4715" free="83886080" total="174063616" percent="48">
    <remembered-set count="131168" freebytes="6853248" totalbytes="7377920" percent="92" regionsoverflowed="0" regionsstable="0" regionsrebuilding="10"/>
  </mem-info>
</gc-end>
<exclusive-end id="4716" timestamp="2019-08-09T00:19:54.139" durationms="18.837" />

<exclusive-start id="4717" timestamp="2019-08-09T00:19:54.226" intervalms="106.026">
  <response-info timems="4.807" idlems="4.807" threads="0" lastid="0000000002339100" lastname="Thread-50" />
</exclusive-start>
<allocation-taxation id="4718" taxation-threshold="25165824" timestamp="2019-08-09T00:19:54.226" intervalms="106.023" />
<cycle-start id="4719" type="partial gc" contextid="0" timestamp="2019-08-09T00:19:54.227" intervalms="233.537" />
<gc-start id="4720" type="partial gc" contextid="4719" timestamp="2019-08-09T00:19:54.227">
  <mem-info id="4721" free="58720256" total="174063616" percent="33">
    <mem type="eden" free="0" total="50331648" percent="0" />
    <remembered-set count="130752" freebytes="6854912" totalbytes="7377920" percent="92" regionsoverflowed="0" regionsstable="0" regionsrebuilding="10"/>
  </mem-info>
</gc-start>
<allocation-stats totalBytes="49919864" >
  <allocated-bytes non-tlh="172088" tlh="49747776" arrayletleaf="0"/>
  <largest-consumer threadName="Thread-50" threadId="0000000002339100" bytes="2722144" />
</allocation-stats>
<gc-op id="4722" type="copy forward" timems="80.600" contextid="4719" timestamp="2019-08-09T00:19:54.309">
  <memory-copied type="eden" objects="9618" bytes="3712888" bytesdiscarded="610080" />
  <memory-copied type="other" objects="63" bytes="38744" bytesdiscarded="5424" />
  <memory-cardclean objects="24794" bytes="1041280" />
  <regions eden="24" other="3" />
  <remembered-set-cleared processed="118875" cleared="14679" durationms="0.907" />
  <references type="phantom" candidates="2" cleared="0" enqueued="0" />
  <stringconstants candidates="16500" cleared="0"  />
</gc-op>
<gc-op id="4723" type="classunload" timems="0.021" contextid="4719" timestamp="2019-08-09T00:19:54.309">
  <classunload-info classloadercandidates="69" classloadersunloaded="0" classesunloaded="0" anonymousclassesunloaded="0" quiescems="0.000" setupms="0.020" scanms="0.000" postms="0.000" />
</gc-op>
<gc-end id="4724" type="partial gc" contextid="4719" durationms="82.418" usertimems="53.858" systemtimems="27.186" timestamp="2019-08-09T00:19:54.309" activeThreads="16">
  <mem-info id="4725" free="104857600" total="174063616" percent="60">
    <mem type="eden" free="1968208" total="6291456" percent="31" />
    <remembered-set count="119712" freebytes="6479872" totalbytes="6958720" percent="93" regionsoverflowed="0" regionsstable="0" regionsrebuilding="10"/>
  </mem-info>
</gc-end>
<cycle-end id="4726" type="partial gc" contextid="4719" timestamp="2019-08-09T00:19:54.310" />
  <attribute name="elasticGC enabled" value="1" />
  <attribute name= "numThreadsSpecified" value="16" />
  <attribute name="heapSize specified" value="0" />
  <attribute name="Current GC Util" value="93" />
  <attribute name= "Current Time Running" value="204462" />
  <attribute name ="GC Interval" value="0" />
  <attribute name="Target GC Util Change" value ="80.000000" />
  <attribute name="Current GC Util Change" value="93.000000"/>
  <attribute name="Current Error" value="37.000000" />
  <attribute name="Output H" value="174101480"/>
  <attribute name="Output I" value="2024"/>
  <attribute name="Output T" value="16"/>
  <attribute name= "Current Time Running" value="204462" />
  <attribute name="GC Util currently" value="93" />
  <attribute name="CPU Util currently" value="1020102936318" />
<exclusive-end id="4727" timestamp="2019-08-09T00:19:54.310" durationms="83.745" />

<exclusive-start id="4728" timestamp="2019-08-09T00:19:54.410" intervalms="183.471">
  <response-info timems="2.290" idlems="2.290" threads="0" lastid="0000000002313A00" lastname="Thread-37" />
</exclusive-start>
<allocation-taxation id="4729" taxation-threshold="25165824" timestamp="2019-08-09T00:19:54.410" intervalms="183.475" />
<gc-start id="4730" type="global mark phase" contextid="4710" timestamp="2019-08-09T00:19:54.410">
  <mem-info id="4731" free="79691776" total="174063616" percent="45">
    <remembered-set count="119424" freebytes="6481024" totalbytes="6958720" percent="93" regionsoverflowed="0" regionsstable="0" regionsrebuilding="10"/>
  </mem-info>
</gc-start>
<gc-op id="4732" type="mark increment" timems="14.778" contextid="4710" timestamp="2019-08-09T00:19:54.425">
  <trace-info objectcount="9866" scancount="7855" scanbytes="1851536" />
  <cardclean-info objects="35365" bytes="1389304" />
  <finalization candidates="154" enqueued="0" />
  <ownableSynchronizers candidates="22" cleared="0" />
  <references type="soft" candidates="4830" cleared="9" enqueued="9" dynamicThreshold="19" maxThreshold="32" />
  <references type="weak" candidates="6340" cleared="0" enqueued="0" />
  <references type="phantom" candidates="908" cleared="0" enqueued="0" />
  <stringconstants candidates="16500" cleared="0"  />
</gc-op>
<gc-op id="4733" type="classunload" timems="0.010" contextid="4710" timestamp="2019-08-09T00:19:54.425">
  <classunload-info classloadercandidates="69" classloadersunloaded="0" classesunloaded="0" anonymousclassesunloaded="0" quiescems="0.000" setupms="0.010" scanms="0.000" postms="0.000" />
</gc-op>
<gc-end id="4734" type="global mark phase" contextid="4710" durationms="14.938" usertimems="14.853" systemtimems="14.011" timestamp="2019-08-09T00:19:54.425" activeThreads="16">
  <mem-info id="4735" free="79691776" total="174063616" percent="45">
    <pending-finalizers system="0" default="0" reference="9" classloader="0" />
    <remembered-set count="126080" freebytes="6454400" totalbytes="6958720" percent="92" regionsoverflowed="0" regionsstable="0" regionsrebuilding="0"/>
  </mem-info>
</gc-end>
<cycle-end id="4736" type="global mark phase" contextid="4710" timestamp="2019-08-09T00:19:54.425" />
  <attribute name="elasticGC enabled" value="1" />
  <attribute name= "numThreadsSpecified" value="16" />
  <attribute name="heapSize specified" value="0" />
  <attribute name="Current GC Util" value="98" />
  <attribute name= "Current Time Running" value="204649" />
  <attribute name ="GC Interval" value="0" />
  <attribute name="Target GC Util Change" value ="80.000000" />
  <attribute name="Current GC Util Change" value="98.000000"/>
  <attribute name="Current Error" value="-123.000000" />
  <attribute name="Output H" value="174101392"/>
  <attribute name="Output I" value="1936"/>
  <attribute name="Output T" value="16"/>
  <attribute name= "Current Time Running" value="204649" />
  <attribute name="GC Util currently" value="98" />
  <attribute name="CPU Util currently" value="458194494452" />
<exclusive-end id="4737" timestamp="2019-08-09T00:19:54.425" durationms="15.381" />

<exclusive-start id="4738" timestamp="2019-08-09T00:19:54.528" intervalms="118.263">
  <response-info timems="3.226" idlems="1.641" threads="1" lastid="0000000002322A00" lastname="Thread-49" />
</exclusive-start>
<allocation-taxation id="4739" taxation-threshold="25165824" timestamp="2019-08-09T00:19:54.528" intervalms="118.281" />
<cycle-start id="4740" type="partial gc" contextid="0" timestamp="2019-08-09T00:19:54.528" intervalms="301.771" />
<gc-start id="4741" type="partial gc" contextid="4740" timestamp="2019-08-09T00:19:54.529">
  <mem-info id="4742" free="54525952" total="174063616" percent="31">
    <mem type="eden" free="0" total="50331648" percent="0" />
    <remembered-set count="11104" freebytes="6914304" totalbytes="6958720" percent="99" regionsoverflowed="0" regionsstable="9" regionsrebuilding="0"/>
  </mem-info>
</gc-start>
<allocation-stats totalBytes="49908888" >
  <allocated-bytes non-tlh="49168" tlh="49859720" arrayletleaf="0"/>
  <largest-consumer threadName="Thread-47" threadId="00000000022E6700" bytes="3368912" />
</allocation-stats>
<gc-op id="4743" type="sweep" timems="28.411" contextid="4740" timestamp="2019-08-09T00:19:54.557" />
<gc-op id="4744" type="copy forward" timems="54.668" contextid="4740" timestamp="2019-08-09T00:19:54.613">
  <memory-copied type="eden" objects="9165" bytes="3585168" bytesdiscarded="383795" />
  <memory-copied type="other" objects="729" bytes="301536" bytesdiscarded="22245" />
  <memory-cardclean objects="3113" bytes="143784" />
  <regions eden="12" other="16" />
  <remembered-set-cleared processed="4573" cleared="980" durationms="4.220" />
  <references type="phantom" candidates="3" cleared="0" enqueued="0" />
  <stringconstants candidates="16500" cleared="0"  />
</gc-op>
<gc-op id="4745" type="classunload" timems="0.017" contextid="4740" timestamp="2019-08-09T00:19:54.613">
  <classunload-info classloadercandidates="69" classloadersunloaded="0" classesunloaded="0" anonymousclassesunloaded="0" quiescems="0.000" setupms="0.016" scanms="0.000" postms="0.000" />
</gc-op>
<heap-resize id="4746" type="expand" space="default" amount="10485760" count="1" timems="0.080" reason="excessive time being spent in gc" timestamp="2019-08-09T00:19:54.614" />
<gc-end id="4747" type="partial gc" contextid="4740" durationms="85.828" usertimems="50.577" systemtimems="37.485" timestamp="2019-08-09T00:19:54.614" activeThreads="16">
  <mem-info id="4748" free="111149056" total="184549376" percent="60">
    <mem type="eden" free="4096120" total="8388608" percent="48" />
    <remembered-set count="11680" freebytes="7331200" totalbytes="7377920" percent="99" regionsoverflowed="0" regionsstable="9" regionsrebuilding="0"/>
  </mem-info>
</gc-end>
<cycle-end id="4749" type="partial gc" contextid="4740" timestamp="2019-08-09T00:19:54.616" />
  <attribute name="elasticGC enabled" value="1" />
  <attribute name= "numThreadsSpecified" value="16" />
  <attribute name="heapSize specified" value="0" />
  <attribute name="Current GC Util" value="131" />
  <attribute name= "Current Time Running" value="204792" />
  <attribute name ="GC Interval" value="0" />
  <attribute name="Target GC Util Change" value ="80.000000" />
  <attribute name="Current GC Util Change" value="131.000000"/>
  <attribute name="Current Error" value="28.000000" />
  <attribute name="Output H" value="174101472"/>
  <attribute name="Output I" value="2016"/>
  <attribute name="Output T" value="16"/>
  <attribute name= "Current Time Running" value="204792" />
  <attribute name="GC Util currently" value="131" />
  <attribute name="CPU Util currently" value="1350608586091" />
<exclusive-end id="4750" timestamp="2019-08-09T00:19:54.616" durationms="88.100" />

<exclusive-start id="4751" timestamp="2019-08-09T00:19:54.728" intervalms="200.281">
  <response-info timems="5.883" idlems="1.243" threads="4" lastid="00000000022EDF00" lastname="Thread-40" />
</exclusive-start>
<allocation-taxation id="4752" taxation-threshold="25165824" timestamp="2019-08-09T00:19:54.729" intervalms="200.278" />
<cycle-start id="4753" type="global mark phase" contextid="0" timestamp="2019-08-09T00:19:54.729" intervalms="608.562" />
<gc-start id="4754" type="global mark phase" contextid="4753" timestamp="2019-08-09T00:19:54.729">
  <mem-info id="4755" free="85983232" total="184549376" percent="46">
    <remembered-set count="11360" freebytes="7332480" totalbytes="7377920" percent="99" regionsoverflowed="0" regionsstable="9" regionsrebuilding="0"/>
  </mem-info>
</gc-start>
<gc-op id="4756" type="mark increment" timems="19.046" contextid="4753" timestamp="2019-08-09T00:19:54.748">
  <trace-info objectcount="670980" scancount="578201" scanbytes="16896952" />
</gc-op>
<gc-end id="4757" type="global mark phase" contextid="4753" durationms="19.108" usertimems="77.031" systemtimems="0.000" timestamp="2019-08-09T00:19:54.748" activeThreads="16">
  <mem-info id="4758" free="85983232" total="184549376" percent="46">
    <remembered-set count="132704" freebytes="6847104" totalbytes="7377920" percent="92" regionsoverflowed="0" regionsstable="0" regionsrebuilding="9"/>
  </mem-info>
</gc-end>
<exclusive-end id="4759" timestamp="2019-08-09T00:19:54.750" durationms="21.126" />

<exclusive-start id="4760" timestamp="2019-08-09T00:19:54.984" intervalms="256.025">
  <response-info timems="9.726" idlems="4.875" threads="1" lastid="0000000002317600" lastname="Thread-45" />
</exclusive-start>
<allocation-taxation id="4761" taxation-threshold="25165824" timestamp="2019-08-09T00:19:54.985" intervalms="256.026" />
<cycle-start id="4762" type="partial gc" contextid="0" timestamp="2019-08-09T00:19:54.985" intervalms="456.315" />
<gc-start id="4763" type="partial gc" contextid="4762" timestamp="2019-08-09T00:19:54.985">
  <mem-info id="4764" free="60817408" total="184549376" percent="32">
    <mem type="eden" free="0" total="50331648" percent="0" />
    <remembered-set count="132352" freebytes="6848512" totalbytes="7377920" percent="92" regionsoverflowed="0" regionsstable="0" regionsrebuilding="9"/>
  </mem-info>
</gc-start>
<allocation-stats totalBytes="49921856" >
  <allocated-bytes non-tlh="114720" tlh="49807136" arrayletleaf="0"/>
  <largest-consumer threadName="Thread-47" threadId="00000000022E6700" bytes="3947464" />
</allocation-stats>
<gc-op id="4765" type="copy forward" timems="25.963" contextid="4762" timestamp="2019-08-09T00:19:55.032">
  <memory-copied type="eden" objects="10070" bytes="3906816" bytesdiscarded="938272" />
  <memory-copied type="other" objects="40927" bytes="1035968" bytesdiscarded="64888" />
  <memory-cardclean objects="16894" bytes="666904" />
  <regions eden="24" other="6" />
  <remembered-set-cleared processed="122706" cleared="17086" durationms="1.076" />
  <references type="soft" candidates="47" cleared="0" enqueued="0" dynamicThreshold="14" maxThreshold="32" />
  <references type="phantom" candidates="1" cleared="0" enqueued="0" />
  <stringconstants candidates="16500" cleared="0"  />
</gc-op>
<gc-op id="4766" type="classunload" timems="0.012" contextid="4762" timestamp="2019-08-09T00:19:55.033">
  <classunload-info classloadercandidates="69" classloadersunloaded="0" classesunloaded="0" anonymousclassesunloaded="0" quiescems="0.000" setupms="0.011" scanms="0.000" postms="0.000" />
</gc-op>
<gc-end id="4767" type="partial gc" contextid="4762" durationms="47.573" usertimems="39.734" systemtimems="47.552" timestamp="2019-08-09T00:19:55.033" activeThreads="16">
  <mem-info id="4768" free="113246208" total="184549376" percent="61">
    <mem type="eden" free="1446104" total="6291456" percent="22" />
    <remembered-set count="121216" freebytes="6893056" totalbytes="7377920" percent="93" regionsoverflowed="0" regionsstable="0" regionsrebuilding="9"/>
  </mem-info>
</gc-end>
<cycle-end id="4769" type="partial gc" contextid="4762" timestamp="2019-08-09T00:19:55.033" />
  <attribute name="elasticGC enabled" value="1" />
  <attribute name= "numThreadsSpecified" value="16" />
  <attribute name="heapSize specified" value="0" />
  <attribute name="Current GC Util" value="37" />
  <attribute name= "Current Time Running" value="205240" />
  <attribute name ="GC Interval" value="0" />
  <attribute name="Target GC Util Change" value ="80.000000" />
  <attribute name="Current GC Util Change" value="37.000000"/>
  <attribute name="Current Error" value="95.000000" />
  <attribute name="Output H" value="184587272"/>
  <attribute name="Output I" value="2056"/>
  <attribute name="Output T" value="16"/>
  <attribute name= "Current Time Running" value="205240" />
  <attribute name="GC Util currently" value="37" />
  <attribute name="CPU Util currently" value="54518778074" />
<exclusive-end id="4770" timestamp="2019-08-09T00:19:55.033" durationms="48.971" />

<exclusive-start id="4771" timestamp="2019-08-09T00:19:55.161" intervalms="176.152">
  <response-info timems="7.089" idlems="4.288" threads="13" lastid="00000000022FCE00" lastname="Thread-38" />
</exclusive-start>
<allocation-taxation id="4772" taxation-threshold="25165824" timestamp="2019-08-09T00:19:55.161" intervalms="176.180" />
<gc-start id="4773" type="global mark phase" contextid="4753" timestamp="2019-08-09T00:19:55.161">
  <mem-info id="4774" free="88080384" total="184549376" percent="47">
    <remembered-set count="120832" freebytes="6894592" totalbytes="7377920" percent="93" regionsoverflowed="0" regionsstable="0" regionsrebuilding="9"/>
  </mem-info>
</gc-start>
<gc-op id="4775" type="mark increment" timems="17.428" contextid="4753" timestamp="2019-08-09T00:19:55.178">
  <trace-info objectcount="9579" scancount="7715" scanbytes="1912264" />
  <cardclean-info objects="21098" bytes="902496" />
  <finalization candidates="154" enqueued="0" />
  <ownableSynchronizers candidates="22" cleared="0" />
  <references type="soft" candidates="4821" cleared="798" enqueued="796" dynamicThreshold="19" maxThreshold="32" />
  <references type="weak" candidates="6340" cleared="0" enqueued="0" />
  <references type="phantom" candidates="908" cleared="0" enqueued="0" />
  <stringconstants candidates="16500" cleared="2"  />
</gc-op>
<gc-op id="4776" type="classunload" timems="0.011" contextid="4753" timestamp="2019-08-09T00:19:55.179">
  <classunload-info classloadercandidates="69" classloadersunloaded="0" classesunloaded="0" anonymousclassesunloaded="0" quiescems="0.000" setupms="0.011" scanms="0.000" postms="0.000" />
</gc-op>
<gc-end id="4777" type="global mark phase" contextid="4753" durationms="17.785" usertimems="30.746" systemtimems="23.568" timestamp="2019-08-09T00:19:55.179" activeThreads="16">
  <mem-info id="4778" free="88080384" total="184549376" percent="47">
    <pending-finalizers system="0" default="0" reference="796" classloader="0" />
    <remembered-set count="126464" freebytes="6872064" totalbytes="7377920" percent="93" regionsoverflowed="0" regionsstable="0" regionsrebuilding="0"/>
  </mem-info>
</gc-end>
<cycle-end id="4779" type="global mark phase" contextid="4753" timestamp="2019-08-09T00:19:55.179" />
  <attribute name="elasticGC enabled" value="1" />
  <attribute name= "numThreadsSpecified" value="16" />
  <attribute name="heapSize specified" value="0" />
  <attribute name="Current GC Util" value="176" />
  <attribute name= "Current Time Running" value="205400" />
  <attribute name ="GC Interval" value="0" />
  <attribute name="Target GC Util Change" value ="80.000000" />
  <attribute name="Current GC Util Change" value="176.000000"/>
  <attribute name="Current Error" value="-73.000000" />
  <attribute name="Output H" value="184587176"/>
  <attribute name="Output I" value="1960"/>
  <attribute name="Output T" value="16"/>
  <attribute name= "Current Time Running" value="205400" />
  <attribute name="GC Util currently" value="176" />
  <attribute name="CPU Util currently" value="482033255720" />
<exclusive-end id="4780" timestamp="2019-08-09T00:19:55.179" durationms="18.650" />

<exclusive-start id="4781" timestamp="2019-08-09T00:19:55.239" intervalms="78.537">
  <response-info timems="0.965" idlems="0.424" threads="10" lastid="0000000002007600" lastname="JIT Compilation Thread-5" />
</exclusive-start>
<allocation-taxation id="4782" taxation-threshold="25165824" timestamp="2019-08-09T00:19:55.239" intervalms="78.515" />
<cycle-start id="4783" type="partial gc" contextid="0" timestamp="2019-08-09T00:19:55.239" intervalms="254.670" />
<gc-start id="4784" type="partial gc" contextid="4783" timestamp="2019-08-09T00:19:55.240">
  <mem-info id="4785" free="62914560" total="184549376" percent="34">
    <mem type="eden" free="0" total="50331648" percent="0" />
    <remembered-set count="10976" freebytes="7334016" totalbytes="7377920" percent="99" regionsoverflowed="0" regionsstable="9" regionsrebuilding="0"/>
  </mem-info>
</gc-start>
<allocation-stats totalBytes="49877824" >
  <allocated-bytes non-tlh="32784" tlh="49845040" arrayletleaf="0"/>
  <largest-consumer threadName="Thread-37" threadId="0000000002313A00" bytes="3800280" />
</allocation-stats>
<gc-op id="4786" type="sweep" timems="10.480" contextid="4783" timestamp="2019-08-09T00:19:55.250" />
<gc-op id="4787" type="copy forward" timems="70.096" contextid="4783" timestamp="2019-08-09T00:19:55.325">
  <memory-copied type="eden" objects="7200" bytes="2785136" bytesdiscarded="695807" />
  <memory-copied type="other" objects="3226" bytes="1340112" bytesdiscarded="320473" />
  <memory-cardclean objects="3487" bytes="156864" />
  <regions eden="12" other="15" />
  <remembered-set-cleared processed="4398" cleared="1021" durationms="0.185" />
  <references type="phantom" candidates="3" cleared="0" enqueued="0" />
  <stringconstants candidates="16498" cleared="0"  />
</gc-op>
<gc-op id="4788" type="classunload" timems="0.018" contextid="4783" timestamp="2019-08-09T00:19:55.325">
  <classunload-info classloadercandidates="69" classloadersunloaded="0" classesunloaded="0" anonymousclassesunloaded="0" quiescems="0.000" setupms="0.018" scanms="0.000" postms="0.000" />
</gc-op>
<heap-resize id="4789" type="expand" space="default" amount="4194304" count="1" timems="0.062" reason="excessive time being spent in gc" timestamp="2019-08-09T00:19:55.326" />
<gc-end id="4790" type="partial gc" contextid="4783" durationms="86.181" usertimems="98.888" systemtimems="38.264" timestamp="2019-08-09T00:19:55.326" activeThreads="16">
  <mem-info id="4791" free="113246208" total="188743680" percent="60">
    <mem type="eden" free="3247768" total="8388608" percent="38" />
    <remembered-set count="12896" freebytes="7494016" totalbytes="7545600" percent="99" regionsoverflowed="0" regionsstable="9" regionsrebuilding="0"/>
  </mem-info>
</gc-end>
<cycle-end id="4792" type="partial gc" contextid="4783" timestamp="2019-08-09T00:19:55.327" />
  <attribute name="elasticGC enabled" value="1" />
  <attribute name= "numThreadsSpecified" value="16" />
  <attribute name="heapSize specified" value="0" />
  <attribute name="Current GC Util" value="25" />
  <attribute name= "Current Time Running" value="205488" />
  <attribute name ="GC Interval" value="0" />
  <attribute name="Target GC Util Change" value ="80.000000" />
  <attribute name="Current GC Util Change" value="25.000000"/>
  <attribute name="Current Error" value="91.000000" />
  <attribute name="Output H" value="184587272"/>
  <attribute name="Output I" value="2056"/>
  <attribute name="Output T" value="16"/>
  <attribute name= "Current Time Running" value="205488" />
  <attribute name="GC Util currently" value="25" />
  <attribute name="CPU Util currently" value="254236223061" />
<exclusive-end id="4793" timestamp="2019-08-09T00:19:55.327" durationms="87.733" />

<exclusive-start id="4794" timestamp="2019-08-09T00:19:55.470" intervalms="230.791">
  <response-info timems="10.598" idlems="5.531" threads="1" lastid="00000000022D7700" lastname="Thread-52" />
</exclusive-start>
<allocation-taxation id="4795" taxation-threshold="54525952" timestamp="2019-08-09T00:19:55.470" intervalms="230.831" />
<cycle-start id="4796" type="partial gc" contextid="0" timestamp="2019-08-09T00:19:55.472" intervalms="232.741" />
<gc-start id="4797" type="partial gc" contextid="4796" timestamp="2019-08-09T00:19:55.472">
  <mem-info id="4798" free="58720256" total="188743680" percent="31">
    <mem type="eden" free="0" total="54525952" percent="0" />
    <remembered-set count="12608" freebytes="7495168" totalbytes="7545600" percent="99" regionsoverflowed="0" regionsstable="9" regionsrebuilding="0"/>
  </mem-info>
</gc-start>
<allocation-stats totalBytes="54327832" >
  <allocated-bytes non-tlh="163888" tlh="54163944" arrayletleaf="0"/>
  <largest-consumer threadName="Thread-41" threadId="0000000002300A00" bytes="6837744" />
</allocation-stats>
<gc-op id="4799" type="copy forward" timems="30.031" contextid="4796" timestamp="2019-08-09T00:19:55.512">
  <memory-copied type="eden" objects="9939" bytes="3932096" bytesdiscarded="657816" />
  <memory-copied type="other" objects="24159" bytes="961064" bytesdiscarded="102976" />
  <memory-cardclean objects="810" bytes="63168" />
  <regions eden="26" other="7" />
  <remembered-set-cleared processed="3803" cleared="893" durationms="0.264" />
  <finalization candidates="1" enqueued="0" />
  <references type="soft" candidates="22" cleared="0" enqueued="0" dynamicThreshold="19" maxThreshold="32" />
  <references type="weak" candidates="80" cleared="0" enqueued="0" />
  <references type="phantom" candidates="37" cleared="0" enqueued="0" />
  <stringconstants candidates="16498" cleared="0"  />
</gc-op>
<gc-op id="4800" type="classunload" timems="0.014" contextid="4796" timestamp="2019-08-09T00:19:55.512">
  <classunload-info classloadercandidates="69" classloadersunloaded="0" classesunloaded="0" anonymousclassesunloaded="0" quiescems="0.000" setupms="0.014" scanms="0.000" postms="0.000" />
</gc-op>
<gc-end id="4801" type="partial gc" contextid="4796" durationms="40.110" usertimems="76.235" systemtimems="34.646" timestamp="2019-08-09T00:19:55.512" activeThreads="16">
  <mem-info id="4802" free="113246208" total="188743680" percent="60">
    <mem type="eden" free="1701272" total="6291456" percent="27" />
    <remembered-set count="12608" freebytes="7495168" totalbytes="7545600" percent="99" regionsoverflowed="0" regionsstable="9" regionsrebuilding="0"/>
  </mem-info>
</gc-end>
<cycle-end id="4803" type="partial gc" contextid="4796" timestamp="2019-08-09T00:19:55.513" />
  <attribute name="elasticGC enabled" value="1" />
  <attribute name= "numThreadsSpecified" value="16" />
  <attribute name="heapSize specified" value="0" />
  <attribute name="Current GC Util" value="12" />
  <attribute name= "Current Time Running" value="205715" />
  <attribute name ="GC Interval" value="0" />
  <attribute name="Target GC Util Change" value ="80.000000" />
  <attribute name="Current GC Util Change" value="12.000000"/>
  <attribute name="Current Error" value="212.000000" />
  <attribute name="Output H" value="188781648"/>
  <attribute name="Output I" value="2128"/>
  <attribute name="Output T" value="16"/>
  <attribute name= "Current Time Running" value="205715" />
  <attribute name="GC Util currently" value="12" />
  <attribute name="CPU Util currently" value="121312167005" />
<exclusive-end id="4804" timestamp="2019-08-09T00:19:55.513" durationms="43.003" />

<exclusive-start id="4805" timestamp="2019-08-09T00:19:55.543" intervalms="73.300">
  <response-info timems="12.781" idlems="6.412" threads="1" lastid="0000000002335500" lastname="Thread-42" />
</exclusive-start>
<allocation-taxation id="4806" taxation-threshold="27262976" timestamp="2019-08-09T00:19:55.543" intervalms="73.250" />
<cycle-start id="4807" type="global mark phase" contextid="0" timestamp="2019-08-09T00:19:55.543" intervalms="814.361" />
<gc-start id="4808" type="global mark phase" contextid="4807" timestamp="2019-08-09T00:19:55.543">
  <mem-info id="4809" free="85983232" total="188743680" percent="45">
    <remembered-set count="12256" freebytes="7496576" totalbytes="7545600" percent="99" regionsoverflowed="0" regionsstable="9" regionsrebuilding="0"/>
  </mem-info>
</gc-start>
<gc-op id="4810" type="mark increment" timems="35.852" contextid="4807" timestamp="2019-08-09T00:19:55.579">
  <trace-info objectcount="722" scancount="0" scanbytes="0" />
</gc-op>
<gc-end id="4811" type="global mark phase" contextid="4807" durationms="35.916" usertimems="28.243" systemtimems="16.159" timestamp="2019-08-09T00:19:55.579" activeThreads="16">
  <mem-info id="4812" free="85983232" total="188743680" percent="45">
    <remembered-set count="12256" freebytes="7496576" totalbytes="7545600" percent="99" regionsoverflowed="0" regionsstable="0" regionsrebuilding="9"/>
  </mem-info>
</gc-end>
<concurrent-start id="4813" type="GMP work packet processing" contextid="4807" timestamp="2019-08-09T00:19:55.580">
  <concurrent-mark-start scanTarget="67439182" />
</concurrent-start>
<exclusive-end id="4814" timestamp="2019-08-09T00:19:55.580" durationms="36.539" />

<concurrent-end id="4815" type="GMP work packet processing" contextid="4807" timestamp="2019-08-09T00:19:55.697">
  <concurrent-mark-end bytesScanned="17191984" reasonForTermination="Completed all work in GC phase" />
</concurrent-end>

<exclusive-start id="4816" timestamp="2019-08-09T00:19:55.697" intervalms="154.007">
  <response-info timems="0.744" idlems="0.744" threads="0" lastid="0000000002326500" lastname="Thread-43" />
</exclusive-start>
<allocation-taxation id="4817" taxation-threshold="27262976" timestamp="2019-08-09T00:19:55.697" intervalms="153.993" />
<cycle-start id="4818" type="partial gc" contextid="0" timestamp="2019-08-09T00:19:55.697" intervalms="225.302" />
<gc-start id="4819" type="partial gc" contextid="4818" timestamp="2019-08-09T00:19:55.698">
  <mem-info id="4820" free="58720256" total="188743680" percent="31">
    <mem type="eden" free="0" total="54525952" percent="0" />
    <remembered-set count="134016" freebytes="7009536" totalbytes="7545600" percent="92" regionsoverflowed="0" regionsstable="0" regionsrebuilding="9"/>
  </mem-info>
</gc-start>
<allocation-stats totalBytes="54321904" >
  <allocated-bytes non-tlh="32776" tlh="54289128" arrayletleaf="0"/>
  <largest-consumer threadName="Thread-51" threadId="000000000230FE00" bytes="4060984" />
</allocation-stats>
<gc-op id="4821" type="copy forward" timems="119.503" contextid="4818" timestamp="2019-08-09T00:19:55.818">
  <memory-copied type="eden" objects="9278" bytes="3693160" bytesdiscarded="599752" />
  <memory-copied type="other" objects="41253" bytes="1056816" bytesdiscarded="70256" />
  <memory-cardclean objects="16905" bytes="666408" />
  <regions eden="26" other="7" />
  <remembered-set-cleared processed="123845" cleared="19058" durationms="0.830" />
  <references type="soft" candidates="63" cleared="0" enqueued="0" dynamicThreshold="14" maxThreshold="32" />
  <references type="weak" candidates="79" cleared="0" enqueued="0" />
  <references type="phantom" candidates="43" cleared="0" enqueued="0" />
  <stringconstants candidates="16498" cleared="0"  />
</gc-op>
<gc-op id="4822" type="classunload" timems="0.013" contextid="4818" timestamp="2019-08-09T00:19:55.818">
  <classunload-info classloadercandidates="69" classloadersunloaded="0" classesunloaded="0" anonymousclassesunloaded="0" quiescems="0.000" setupms="0.012" scanms="0.000" postms="0.000" />
</gc-op>
<gc-end id="4823" type="partial gc" contextid="4818" durationms="120.705" usertimems="121.944" systemtimems="81.941" timestamp="2019-08-09T00:19:55.819" activeThreads="16">
  <mem-info id="4824" free="113246208" total="188743680" percent="60">
    <mem type="eden" free="1998280" total="6291456" percent="31" />
    <remembered-set count="121120" freebytes="7061120" totalbytes="7545600" percent="93" regionsoverflowed="0" regionsstable="0" regionsrebuilding="9"/>
  </mem-info>
</gc-end>
<cycle-end id="4825" type="partial gc" contextid="4818" timestamp="2019-08-09T00:19:55.819" />
  <attribute name="elasticGC enabled" value="1" />
  <attribute name= "numThreadsSpecified" value="16" />
  <attribute name="heapSize specified" value="0" />
  <attribute name="Current GC Util" value="109" />
  <attribute name= "Current Time Running" value="205932" />
  <attribute name ="GC Interval" value="0" />
  <attribute name="Target GC Util Change" value ="80.000000" />
  <attribute name="Current GC Util Change" value="109.000000"/>
  <attribute name="Current Error" value="-345.000000" />
  <attribute name="Output H" value="188781328"/>
  <attribute name="Output I" value="1808"/>
  <attribute name="Output T" value="16"/>
  <attribute name= "Current Time Running" value="205932" />
  <attribute name="GC Util currently" value="109" />
  <attribute name="CPU Util currently" value="1528212020300" />
<exclusive-end id="4826" timestamp="2019-08-09T00:19:55.819" durationms="122.116" />

<exclusive-start id="4827" timestamp="2019-08-09T00:19:55.852" intervalms="154.411">
  <response-info timems="7.676" idlems="7.676" threads="0" lastid="000000000232A100" lastname="Thread-44" />
</exclusive-start>
<allocation-taxation id="4828" taxation-threshold="27262976" timestamp="2019-08-09T00:19:55.860" intervalms="162.336" />
<gc-start id="4829" type="global mark phase" contextid="4807" timestamp="2019-08-09T00:19:55.860">
  <mem-info id="4830" free="85983232" total="188743680" percent="45">
    <remembered-set count="119328" freebytes="7068288" totalbytes="7545600" percent="93" regionsoverflowed="0" regionsstable="1" regionsrebuilding="9"/>
  </mem-info>
</gc-start>
<gc-op id="4831" type="mark increment" timems="55.798" contextid="4807" timestamp="2019-08-09T00:19:55.916">
  <trace-info objectcount="9747" scancount="8014" scanbytes="2001448" />
  <cardclean-info objects="20716" bytes="938000" />
  <finalization candidates="154" enqueued="0" />
  <ownableSynchronizers candidates="22" cleared="0" />
  <references type="soft" candidates="4023" cleared="606" enqueued="601" dynamicThreshold="19" maxThreshold="32" />
  <references type="weak" candidates="6340" cleared="0" enqueued="0" />
  <references type="phantom" candidates="910" cleared="0" enqueued="0" />
  <stringconstants candidates="16498" cleared="5"  />
</gc-op>
<gc-op id="4832" type="classunload" timems="0.011" contextid="4807" timestamp="2019-08-09T00:19:55.916">
  <classunload-info classloadercandidates="69" classloadersunloaded="0" classesunloaded="0" anonymousclassesunloaded="0" quiescems="0.000" setupms="0.011" scanms="0.000" postms="0.000" />
</gc-op>
<gc-end id="4833" type="global mark phase" contextid="4807" durationms="56.338" usertimems="59.057" systemtimems="40.260" timestamp="2019-08-09T00:19:55.916" activeThreads="16">
  <mem-info id="4834" free="85983232" total="188743680" percent="45">
    <pending-finalizers system="0" default="0" reference="601" classloader="0" />
    <remembered-set count="123936" freebytes="7049856" totalbytes="7545600" percent="93" regionsoverflowed="0" regionsstable="1" regionsrebuilding="0"/>
  </mem-info>
</gc-end>
<cycle-end id="4835" type="global mark phase" contextid="4807" timestamp="2019-08-09T00:19:55.917" />
  <attribute name="elasticGC enabled" value="1" />
  <attribute name= "numThreadsSpecified" value="16" />
  <attribute name="heapSize specified" value="0" />
  <attribute name="Current GC Util" value="165" />
  <attribute name= "Current Time Running" value="206138" />
  <attribute name ="GC Interval" value="0" />
  <attribute name="Target GC Util Change" value ="80.000000" />
  <attribute name="Current GC Util Change" value="165.000000"/>
  <attribute name="Current Error" value="-367.000000" />
  <attribute name="Output H" value="188781312"/>
  <attribute name="Output I" value="1792"/>
  <attribute name="Output T" value="16"/>
  <attribute name= "Current Time Running" value="206138" />
  <attribute name="GC Util currently" value="165" />
  <attribute name="CPU Util currently" value="244515128771" />
<exclusive-end id="4836" timestamp="2019-08-09T00:19:55.917" durationms="65.590" />

<exclusive-start id="4837" timestamp="2019-08-09T00:19:55.934" intervalms="82.329">
  <response-info timems="0.096" idlems="0.096" threads="0" lastid="0000000002339100" lastname="Thread-50" />
</exclusive-start>
<allocation-taxation id="4838" taxation-threshold="27262976" timestamp="2019-08-09T00:19:55.934" intervalms="74.412" />
<cycle-start id="4839" type="partial gc" contextid="0" timestamp="2019-08-09T00:19:55.934" intervalms="236.775" />
<gc-start id="4840" type="partial gc" contextid="4839" timestamp="2019-08-09T00:19:55.935">
  <mem-info id="4841" free="58720256" total="188743680" percent="31">
    <mem type="eden" free="0" total="54525952" percent="0" />
    <remembered-set count="9184" freebytes="7508864" totalbytes="7545600" percent="99" regionsoverflowed="0" regionsstable="10" regionsrebuilding="0"/>
  </mem-info>
</gc-start>
<allocation-stats totalBytes="54449232" >
  <allocated-bytes non-tlh="49168" tlh="54400064" arrayletleaf="0"/>
  <largest-consumer threadName="Thread-47" threadId="00000000022E6700" bytes="5166064" />
</allocation-stats>
<gc-op id="4842" type="sweep" timems="39.109" contextid="4839" timestamp="2019-08-09T00:19:55.974" />
<gc-op id="4843" type="copy forward" timems="45.480" contextid="4839" timestamp="2019-08-09T00:19:56.025">
  <memory-copied type="eden" objects="5567" bytes="2193872" bytesdiscarded="321975" />
  <memory-copied type="other" objects="17270" bytes="2928672" bytesdiscarded="1485833" />
  <memory-cardclean objects="6618" bytes="295512" />
  <regions eden="13" other="16" />
  <remembered-set-cleared processed="2089" cleared="53" durationms="0.192" />
  <finalization candidates="2" enqueued="0" />
  <references type="soft" candidates="71" cleared="0" enqueued="0" dynamicThreshold="14" maxThreshold="32" />
  <references type="weak" candidates="6" cleared="0" enqueued="0" />
  <references type="phantom" candidates="33" cleared="0" enqueued="0" />
  <stringconstants candidates="16493" cleared="0"  />
</gc-op>
<gc-op id="4844" type="classunload" timems="0.011" contextid="4839" timestamp="2019-08-09T00:19:56.026">
  <classunload-info classloadercandidates="69" classloadersunloaded="0" classesunloaded="0" anonymousclassesunloaded="0" quiescems="0.000" setupms="0.011" scanms="0.000" postms="0.000" />
</gc-op>
<gc-end id="4845" type="partial gc" contextid="4839" durationms="90.708" usertimems="39.824" systemtimems="32.430" timestamp="2019-08-09T00:19:56.026" activeThreads="16">
  <mem-info id="4846" free="115343360" total="188743680" percent="61">
    <mem type="eden" free="2124480" total="6291456" percent="33" />
    <remembered-set count="11296" freebytes="7500416" totalbytes="7545600" percent="99" regionsoverflowed="0" regionsstable="10" regionsrebuilding="0"/>
  </mem-info>
</gc-end>
<cycle-end id="4847" type="partial gc" contextid="4839" timestamp="2019-08-09T00:19:56.026" />
  <attribute name="elasticGC enabled" value="1" />
  <attribute name= "numThreadsSpecified" value="16" />
  <attribute name="heapSize specified" value="0" />
  <attribute name="Current GC Util" value="31" />
  <attribute name= "Current Time Running" value="206213" />
  <attribute name ="GC Interval" value="0" />
  <attribute name="Target GC Util Change" value ="80.000000" />
  <attribute name="Current GC Util Change" value="31.000000"/>
  <attribute name="Current Error" value="39.000000" />
  <attribute name="Output H" value="188781544"/>
  <attribute name="Output I" value="2024"/>
  <attribute name="Output T" value="16"/>
  <attribute name= "Current Time Running" value="206213" />
  <attribute name="GC Util currently" value="31" />
  <attribute name="CPU Util currently" value="218276488701" />
<exclusive-end id="4848" timestamp="2019-08-09T00:19:56.026" durationms="92.151" />

<exclusive-start id="4849" timestamp="2019-08-09T00:19:56.072" intervalms="137.641">
  <response-info timems="0.471" idlems="0.471" threads="0" lastid="0000000002339100" lastname="Thread-50" />
</exclusive-start>
<allocation-taxation id="4850" taxation-threshold="54525952" timestamp="2019-08-09T00:19:56.072" intervalms="137.638" />
<cycle-start id="4851" type="partial gc" contextid="0" timestamp="2019-08-09T00:19:56.072" intervalms="137.786" />
<gc-start id="4852" type="partial gc" contextid="4851" timestamp="2019-08-09T00:19:56.072">
  <mem-info id="4853" free="60817408" total="188743680" percent="32">
    <mem type="eden" free="0" total="54525952" percent="0" />
    <remembered-set count="8704" freebytes="7510784" totalbytes="7545600" percent="99" regionsoverflowed="0" regionsstable="11" regionsrebuilding="0"/>
  </mem-info>
</gc-start>
<allocation-stats totalBytes="54311232" >
  <allocated-bytes non-tlh="196656" tlh="54114576" arrayletleaf="0"/>
  <largest-consumer threadName="Thread-40" threadId="00000000022EDF00" bytes="7092768" />
</allocation-stats>
<gc-op id="4854" type="copy forward" timems="206.797" contextid="4851" timestamp="2019-08-09T00:19:56.300">
  <memory-copied type="eden" objects="9747" bytes="3984592" bytesdiscarded="450680" />
  <memory-copied type="other" objects="15224" bytes="1232480" bytesdiscarded="237136" />
  <memory-cardclean objects="6607" bytes="342256" />
  <regions eden="26" other="9" />
  <remembered-set-cleared processed="67" cleared="47" durationms="0.528" />
  <finalization candidates="2" enqueued="0" />
  <references type="soft" candidates="71" cleared="0" enqueued="0" dynamicThreshold="19" maxThreshold="32" />
  <references type="weak" candidates="5" cleared="0" enqueued="0" />
  <references type="phantom" candidates="33" cleared="0" enqueued="0" />
  <stringconstants candidates="16493" cleared="0"  />
</gc-op>
<gc-op id="4855" type="classunload" timems="0.014" contextid="4851" timestamp="2019-08-09T00:19:56.300">
  <classunload-info classloadercandidates="69" classloadersunloaded="0" classesunloaded="0" anonymousclassesunloaded="0" quiescems="0.000" setupms="0.014" scanms="0.000" postms="0.000" />
</gc-op>
<heap-resize id="4856" type="contract" space="default" amount="10485760" count="1" timems="0.285" reason="excess free space following gc" timestamp="2019-08-09T00:19:56.300" />
<gc-end id="4857" type="partial gc" contextid="4851" durationms="227.795" usertimems="186.376" systemtimems="176.164" timestamp="2019-08-09T00:19:56.300" activeThreads="16">
  <mem-info id="4858" free="109051904" total="178257920" percent="61">
    <mem type="eden" free="1855912" total="6291456" percent="29" />
    <remembered-set count="8384" freebytes="7512064" totalbytes="7545600" percent="99" regionsoverflowed="0" regionsstable="11" regionsrebuilding="0"/>
  </mem-info>
</gc-end>
<cycle-end id="4859" type="partial gc" contextid="4851" timestamp="2019-08-09T00:19:56.300" />
  <attribute name="elasticGC enabled" value="1" />
  <attribute name= "numThreadsSpecified" value="16" />
  <attribute name="heapSize specified" value="0" />
  <attribute name="Current GC Util" value="61" />
  <attribute name= "Current Time Running" value="206326" />
  <attribute name ="GC Interval" value="0" />
  <attribute name="Target GC Util Change" value ="80.000000" />
  <attribute name="Current GC Util Change" value="61.000000"/>
  <attribute name="Current Error" value="80.000000" />
  <attribute name="Output H" value="188781568"/>
  <attribute name="Output I" value="2048"/>
  <attribute name="Output T" value="16"/>
  <attribute name= "Current Time Running" value="206326" />
  <attribute name="GC Util currently" value="61" />
  <attribute name="CPU Util currently" value="57273025482" />
<exclusive-end id="4860" timestamp="2019-08-09T00:19:56.300" durationms="228.635" />

<exclusive-start id="4861" timestamp="2019-08-09T00:19:56.466" intervalms="394.638">
  <response-info timems="3.243" idlems="1.757" threads="1" lastid="0000000002335500" lastname="Thread-42" />
</exclusive-start>
<allocation-taxation id="4862" taxation-threshold="52428800" timestamp="2019-08-09T00:19:56.466" intervalms="394.634" />
<cycle-start id="4863" type="partial gc" contextid="0" timestamp="2019-08-09T00:19:56.466" intervalms="394.568" />
<gc-start id="4864" type="partial gc" contextid="4863" timestamp="2019-08-09T00:19:56.467">
  <mem-info id="4865" free="56623104" total="178257920" percent="31">
    <mem type="eden" free="0" total="52428800" percent="0" />
    <remembered-set count="8032" freebytes="7513472" totalbytes="7545600" percent="99" regionsoverflowed="0" regionsstable="11" regionsrebuilding="0"/>
  </mem-info>
</gc-start>
<allocation-stats totalBytes="52221432" >
  <allocated-bytes non-tlh="24592" tlh="52196840" arrayletleaf="0"/>
  <largest-consumer threadName="Thread-44" threadId="000000000232A100" bytes="6923008" />
</allocation-stats>
<gc-op id="4866" type="copy forward" timems="62.868" contextid="4863" timestamp="2019-08-09T00:19:56.534">
  <memory-copied type="eden" objects="7985" bytes="3162920" bytesdiscarded="658856" />
  <memory-copied type="other" objects="1389" bytes="623144" bytesdiscarded="70160" />
  <memory-cardclean objects="6321" bytes="293400" />
  <regions eden="25" other="4" />
  <remembered-set-cleared processed="130" cleared="93" durationms="0.138" />
  <references type="phantom" candidates="3" cleared="0" enqueued="0" />
  <stringconstants candidates="16493" cleared="0"  />
</gc-op>
<gc-op id="4867" type="classunload" timems="0.028" contextid="4863" timestamp="2019-08-09T00:19:56.534">
  <classunload-info classloadercandidates="69" classloadersunloaded="0" classesunloaded="0" anonymousclassesunloaded="0" quiescems="0.000" setupms="0.027" scanms="0.000" postms="0.000" />
</gc-op>
<gc-end id="4868" type="partial gc" contextid="4863" durationms="67.285" usertimems="36.079" systemtimems="29.970" timestamp="2019-08-09T00:19:56.534" activeThreads="16">
  <mem-info id="4869" free="106954752" total="178257920" percent="60">
    <mem type="eden" free="2469440" total="6291456" percent="39" />
    <remembered-set count="8480" freebytes="7092480" totalbytes="7126400" percent="99" regionsoverflowed="0" regionsstable="11" regionsrebuilding="0"/>
  </mem-info>
</gc-end>
<cycle-end id="4870" type="partial gc" contextid="4863" timestamp="2019-08-09T00:19:56.535" />
  <attribute name="elasticGC enabled" value="1" />
  <attribute name= "numThreadsSpecified" value="16" />
  <attribute name="heapSize specified" value="0" />
  <attribute name="Current GC Util" value="19" />
  <attribute name= "Current Time Running" value="206704" />
  <attribute name ="GC Interval" value="0" />
  <attribute name="Target GC Util Change" value ="80.000000" />
  <attribute name="Current GC Util Change" value="19.000000"/>
  <attribute name="Current Error" value="61.000000" />
  <attribute name="Output H" value="178295800"/>
  <attribute name="Output I" value="2040"/>
  <attribute name="Output T" value="16"/>
  <attribute name= "Current Time Running" value="206704" />
  <attribute name="GC Util currently" value="19" />
  <attribute name="CPU Util currently" value="341313958992" />
<exclusive-end id="4871" timestamp="2019-08-09T00:19:56.537" durationms="70.515" />

<exclusive-start id="4872" timestamp="2019-08-09T00:19:56.644" intervalms="177.966">
  <response-info timems="25.943" idlems="25.943" threads="0" lastid="0000000002339100" lastname="Thread-50" />
</exclusive-start>
<allocation-taxation id="4873" taxation-threshold="52428800" timestamp="2019-08-09T00:19:56.644" intervalms="177.978" />
<cycle-start id="4874" type="partial gc" contextid="0" timestamp="2019-08-09T00:19:56.644" intervalms="177.973" />
<gc-start id="4875" type="partial gc" contextid="4874" timestamp="2019-08-09T00:19:56.645">
  <mem-info id="4876" free="54525952" total="178257920" percent="30">
    <mem type="eden" free="0" total="52428800" percent="0" />
    <remembered-set count="8096" freebytes="7094016" totalbytes="7126400" percent="99" regionsoverflowed="0" regionsstable="11" regionsrebuilding="0"/>
  </mem-info>
</gc-start>
<allocation-stats totalBytes="52223112" >
  <allocated-bytes non-tlh="147496" tlh="52075616" arrayletleaf="0"/>
  <largest-consumer threadName="Thread-46" threadId="00000000022F5600" bytes="5712568" />
</allocation-stats>
<gc-op id="4877" type="copy forward" timems="41.882" contextid="4874" timestamp="2019-08-09T00:19:56.689">
  <memory-copied type="eden" objects="9103" bytes="3714256" bytesdiscarded="624736" />
  <memory-copied type="other" objects="829" bytes="307552" bytesdiscarded="1952" />
  <memory-cardclean objects="3199" bytes="307544" />
  <regions eden="25" other="4" />
  <remembered-set-cleared processed="972" cleared="565" durationms="0.123" />
  <references type="phantom" candidates="4" cleared="0" enqueued="0" />
  <stringconstants candidates="16493" cleared="0"  />
</gc-op>
<gc-op id="4878" type="classunload" timems="0.018" contextid="4874" timestamp="2019-08-09T00:19:56.689">
  <classunload-info classloadercandidates="69" classloadersunloaded="0" classesunloaded="0" anonymousclassesunloaded="0" quiescems="0.000" setupms="0.018" scanms="0.000" postms="0.000" />
</gc-op>
<heap-resize id="4879" type="expand" space="default" amount="6291456" count="1" timems="0.072" reason="excessive time being spent in gc" timestamp="2019-08-09T00:19:56.689" />
<gc-end id="4880" type="partial gc" contextid="4874" durationms="44.333" usertimems="17.590" systemtimems="10.228" timestamp="2019-08-09T00:19:56.689" activeThreads="16">
  <mem-info id="4881" free="111149056" total="184549376" percent="60">
    <mem type="eden" free="1952176" total="6291456" percent="31" />
    <remembered-set count="8320" freebytes="7344640" totalbytes="7377920" percent="99" regionsoverflowed="0" regionsstable="11" regionsrebuilding="0"/>
  </mem-info>
</gc-end>
<cycle-end id="4882" type="partial gc" contextid="4874" timestamp="2019-08-09T00:19:56.689" />
  <attribute name="elasticGC enabled" value="1" />
  <attribute name= "numThreadsSpecified" value="16" />
  <attribute name="heapSize specified" value="0" />
  <attribute name="Current GC Util" value="43" />
  <attribute name= "Current Time Running" value="206880" />
  <attribute name ="GC Interval" value="0" />
  <attribute name="Target GC Util Change" value ="80.000000" />
  <attribute name="Current GC Util Change" value="43.000000"/>
  <attribute name="Current Error" value="148.000000" />
  <attribute name="Output H" value="178295848"/>
  <attribute name="Output I" value="2088"/>
  <attribute name="Output T" value="16"/>
  <attribute name= "Current Time Running" value="206880" />
  <attribute name="GC Util currently" value="43" />
  <attribute name="CPU Util currently" value="684563930178" />
<exclusive-end id="4883" timestamp="2019-08-09T00:19:56.690" durationms="45.431" />

<exclusive-start id="4884" timestamp="2019-08-09T00:19:56.806" intervalms="161.428">
  <response-info timems="71.239" idlems="24.912" threads="8" lastid="0000000002339100" lastname="Thread-50" />
</exclusive-start>
<allocation-taxation id="4885" taxation-threshold="52428800" timestamp="2019-08-09T00:19:56.806" intervalms="161.453" />
<cycle-start id="4886" type="partial gc" contextid="0" timestamp="2019-08-09T00:19:56.806" intervalms="161.916" />
<gc-start id="4887" type="partial gc" contextid="4886" timestamp="2019-08-09T00:19:56.807">
  <mem-info id="4888" free="58720256" total="184549376" percent="31">
    <mem type="eden" free="0" total="52428800" percent="0" />
    <remembered-set count="7968" freebytes="7346048" totalbytes="7377920" percent="99" regionsoverflowed="0" regionsstable="11" regionsrebuilding="0"/>
  </mem-info>
</gc-start>
<allocation-stats totalBytes="52236024" >
  <allocated-bytes non-tlh="73760" tlh="52162264" arrayletleaf="0"/>
  <largest-consumer threadName="Thread-51" threadId="000000000230FE00" bytes="7087880" />
</allocation-stats>
<gc-op id="4889" type="copy forward" timems="44.876" contextid="4886" timestamp="2019-08-09T00:19:56.857">
  <memory-copied type="eden" objects="6993" bytes="2764504" bytesdiscarded="507208" />
  <memory-copied type="other" objects="905" bytes="385200" bytesdiscarded="40392" />
  <memory-cardclean objects="3167" bytes="290352" />
  <memory-traced type="eden" objects="1563" bytes="150376" />
  <memory-traced type="other" objects="0" bytes="0" />
  <regions eden="25" other="6" evacuated="30" marked="1" />
  <remembered-set-cleared processed="1024" cleared="598" durationms="5.093" />
  <references type="weak" candidates="1" cleared="0" enqueued="0" />
  <references type="phantom" candidates="5" cleared="0" enqueued="0" />
  <stringconstants candidates="16493" cleared="0"  />
</gc-op>
<gc-op id="4890" type="classunload" timems="0.017" contextid="4886" timestamp="2019-08-09T00:19:56.857">
  <classunload-info classloadercandidates="69" classloadersunloaded="0" classesunloaded="0" anonymousclassesunloaded="0" quiescems="0.000" setupms="0.017" scanms="0.000" postms="0.000" />
</gc-op>
<gc-op id="4891" type="sweep" timems="5.970" contextid="4886" timestamp="2019-08-09T00:19:56.863" />
<gc-op id="4892" type="compact" timems="18.973" contextid="4886" timestamp="2019-08-09T00:19:56.882">
  <compact-info movecount="0" movebytes="0" />
  <remembered-set-cleared processed="2429" cleared="598" durationms="5.093" />
</gc-op>
<gc-end id="4893" type="partial gc" contextid="4886" durationms="76.104" usertimems="63.414" systemtimems="51.456" timestamp="2019-08-09T00:19:56.883" activeThreads="16">
  <mem-info id="4894" free="113246208" total="184549376" percent="61">
    <mem type="eden" free="922376" total="6291456" percent="14" />
    <remembered-set count="3328" freebytes="7364608" totalbytes="7377920" percent="99" regionsoverflowed="0" regionsstable="11" regionsrebuilding="0"/>
  </mem-info>
</gc-end>
<cycle-end id="4895" type="partial gc" contextid="4886" timestamp="2019-08-09T00:19:56.883" />
  <attribute name="elasticGC enabled" value="1" />
  <attribute name= "numThreadsSpecified" value="16" />
  <attribute name="heapSize specified" value="0" />
  <attribute name="Current GC Util" value="110" />
  <attribute name= "Current Time Running" value="207097" />
  <attribute name ="GC Interval" value="0" />
  <attribute name="Target GC Util Change" value ="80.000000" />
  <attribute name="Current GC Util Change" value="110.000000"/>
  <attribute name="Current Error" value="-30.000000" />
  <attribute name="Output H" value="184587200"/>
  <attribute name="Output I" value="1984"/>
  <attribute name="Output T" value="16"/>
  <attribute name= "Current Time Running" value="207097" />
  <attribute name="GC Util currently" value="110" />
  <attribute name="CPU Util currently" value="188949169245" />
<exclusive-end id="4896" timestamp="2019-08-09T00:19:56.883" durationms="77.602" />

<exclusive-start id="4897" timestamp="2019-08-09T00:19:57.039" intervalms="233.374">
  <response-info timems="2.109" idlems="1.340" threads="6" lastid="0000000002335500" lastname="Thread-42" />
</exclusive-start>
<allocation-taxation id="4898" taxation-threshold="52428800" timestamp="2019-08-09T00:19:57.039" intervalms="233.341" />
<cycle-start id="4899" type="partial gc" contextid="0" timestamp="2019-08-09T00:19:57.040" intervalms="233.737" />
<gc-start id="4900" type="partial gc" contextid="4899" timestamp="2019-08-09T00:19:57.040">
  <mem-info id="4901" free="60817408" total="184549376" percent="32">
    <mem type="eden" free="0" total="54525952" percent="0" />
    <remembered-set count="3328" freebytes="7364608" totalbytes="7377920" percent="99" regionsoverflowed="0" regionsstable="11" regionsrebuilding="0"/>
  </mem-info>
</gc-start>
<allocation-stats totalBytes="52232240" >
  <allocated-bytes non-tlh="467064" tlh="51765176" arrayletleaf="0"/>
  <largest-consumer threadName="Thread-49" threadId="0000000002322A00" bytes="6027880" />
</allocation-stats>
<gc-op id="4902" type="copy forward" timems="42.892" contextid="4899" timestamp="2019-08-09T00:19:57.085">
  <memory-copied type="eden" objects="10470" bytes="4087424" bytesdiscarded="693416" />
  <memory-copied type="other" objects="124" bytes="43056" bytesdiscarded="2808" />
  <memory-cardclean objects="3250" bytes="261376" />
  <regions eden="25" other="4" />
  <remembered-set-cleared processed="1112" cleared="618" durationms="0.144" />
  <references type="phantom" candidates="1" cleared="0" enqueued="0" />
  <stringconstants candidates="16493" cleared="0"  />
</gc-op>
<gc-op id="4903" type="classunload" timems="0.013" contextid="4899" timestamp="2019-08-09T00:19:57.085">
  <classunload-info classloadercandidates="69" classloadersunloaded="0" classesunloaded="0" anonymousclassesunloaded="0" quiescems="0.000" setupms="0.013" scanms="0.000" postms="0.000" />
</gc-op>
<gc-end id="4904" type="partial gc" contextid="4899" durationms="44.864" usertimems="36.726" systemtimems="26.186" timestamp="2019-08-09T00:19:57.085" activeThreads="16">
  <mem-info id="4905" free="111149056" total="184549376" percent="60">
    <mem type="eden" free="1510344" total="6291456" percent="24" />
    <remembered-set count="9440" freebytes="7340160" totalbytes="7377920" percent="99" regionsoverflowed="0" regionsstable="11" regionsrebuilding="0"/>
  </mem-info>
</gc-end>
<cycle-end id="4906" type="partial gc" contextid="4899" timestamp="2019-08-09T00:19:57.085" />
  <attribute name="elasticGC enabled" value="1" />
  <attribute name= "numThreadsSpecified" value="16" />
  <attribute name="heapSize specified" value="0" />
  <attribute name="Current GC Util" value="90" />
  <attribute name= "Current Time Running" value="207275" />
  <attribute name ="GC Interval" value="0" />
  <attribute name="Target GC Util Change" value ="80.000000" />
  <attribute name="Current GC Util Change" value="90.000000"/>
  <attribute name="Current Error" value="22.000000" />
  <attribute name="Output H" value="184587232"/>
  <attribute name="Output I" value="2016"/>
  <attribute name="Output T" value="16"/>
  <attribute name= "Current Time Running" value="207275" />
  <attribute name="GC Util currently" value="90" />
  <attribute name="CPU Util currently" value="1264044790552" />
<exclusive-end id="4907" timestamp="2019-08-09T00:19:57.086" durationms="47.093" />

<exclusive-start id="4908" timestamp="2019-08-09T00:19:57.152" intervalms="113.417">
  <response-info timems="2.733" idlems="2.733" threads="0" lastid="00000000022F5600" lastname="Thread-46" />
</exclusive-start>
<allocation-taxation id="4909" taxation-threshold="52428800" timestamp="2019-08-09T00:19:57.153" intervalms="113.428" />
<cycle-start id="4910" type="partial gc" contextid="0" timestamp="2019-08-09T00:19:57.153" intervalms="112.554" />
<gc-start id="4911" type="partial gc" contextid="4910" timestamp="2019-08-09T00:19:57.153">
  <mem-info id="4912" free="58720256" total="184549376" percent="31">
    <mem type="eden" free="0" total="52428800" percent="0" />
    <remembered-set count="9056" freebytes="7341696" totalbytes="7377920" percent="99" regionsoverflowed="0" regionsstable="11" regionsrebuilding="0"/>
  </mem-info>
</gc-start>
<allocation-stats totalBytes="52178376" >
  <allocated-bytes non-tlh="57368" tlh="52121008" arrayletleaf="0"/>
  <largest-consumer threadName="Thread-46" threadId="00000000022F5600" bytes="6911312" />
</allocation-stats>
<gc-op id="4913" type="copy forward" timems="46.770" contextid="4910" timestamp="2019-08-09T00:19:57.202">
  <memory-copied type="eden" objects="9622" bytes="3885880" bytesdiscarded="683240" />
  <memory-copied type="other" objects="58" bytes="38360" bytesdiscarded="4000" />
  <memory-cardclean objects="3159" bytes="173232" />
  <regions eden="25" other="4" />
  <remembered-set-cleared processed="1161" cleared="629" durationms="0.441" />
  <references type="phantom" candidates="2" cleared="0" enqueued="0" />
  <stringconstants candidates="16493" cleared="0"  />
</gc-op>
<gc-op id="4914" type="classunload" timems="0.013" contextid="4910" timestamp="2019-08-09T00:19:57.202">
  <classunload-info classloadercandidates="69" classloadersunloaded="0" classesunloaded="0" anonymousclassesunloaded="0" quiescems="0.000" setupms="0.013" scanms="0.000" postms="0.000" />
</gc-op>
<gc-end id="4915" type="partial gc" contextid="4910" durationms="48.910" usertimems="29.595" systemtimems="26.737" timestamp="2019-08-09T00:19:57.202" activeThreads="16">
  <mem-info id="4916" free="111149056" total="184549376" percent="60">
    <mem type="eden" free="1722056" total="6291456" percent="27" />
    <remembered-set count="8608" freebytes="7343488" totalbytes="7377920" percent="99" regionsoverflowed="0" regionsstable="11" regionsrebuilding="0"/>
  </mem-info>
</gc-end>
<cycle-end id="4917" type="partial gc" contextid="4910" timestamp="2019-08-09T00:19:57.202" />
  <attribute name="elasticGC enabled" value="1" />
  <attribute name= "numThreadsSpecified" value="16" />
  <attribute name="heapSize specified" value="0" />
  <attribute name="Current GC Util" value="51" />
  <attribute name= "Current Time Running" value="207388" />
  <attribute name ="GC Interval" value="0" />
  <attribute name="Target GC Util Change" value ="80.000000" />
  <attribute name="Current GC Util Change" value="51.000000"/>
  <attribute name="Current Error" value="76.000000" />
  <attribute name="Output H" value="184587264"/>
  <attribute name="Output I" value="2048"/>
  <attribute name="Output T" value="16"/>
  <attribute name= "Current Time Running" value="207388" />
  <attribute name="GC Util currently" value="51" />
  <attribute name="CPU Util currently" value="784608743150" />
<exclusive-end id="4918" timestamp="2019-08-09T00:19:57.202" durationms="49.893" />

<exclusive-start id="4919" timestamp="2019-08-09T00:19:57.262" intervalms="109.657">
  <response-info timems="0.847" idlems="0.847" threads="0" lastid="0000000002335500" lastname="Thread-42" />
</exclusive-start>
<allocation-taxation id="4920" taxation-threshold="52428800" timestamp="2019-08-09T00:19:57.262" intervalms="109.657" />
<cycle-start id="4921" type="partial gc" contextid="0" timestamp="2019-08-09T00:19:57.262" intervalms="109.586" />
<gc-start id="4922" type="partial gc" contextid="4921" timestamp="2019-08-09T00:19:57.263">
  <mem-info id="4923" free="58720256" total="184549376" percent="31">
    <mem type="eden" free="0" total="52428800" percent="0" />
    <remembered-set count="8288" freebytes="7344768" totalbytes="7377920" percent="99" regionsoverflowed="0" regionsstable="11" regionsrebuilding="0"/>
  </mem-info>
</gc-start>
<allocation-stats totalBytes="52251256" >
  <allocated-bytes non-tlh="0" tlh="52251256" arrayletleaf="0"/>
  <largest-consumer threadName="Thread-39" threadId="0000000002331900" bytes="7429168" />
</allocation-stats>
<gc-op id="4924" type="copy forward" timems="139.487" contextid="4921" timestamp="2019-08-09T00:19:57.403">
  <memory-copied type="eden" objects="9237" bytes="3656296" bytesdiscarded="449080" />
  <memory-copied type="other" objects="15" bytes="824" bytesdiscarded="0" />
  <memory-cardclean objects="3156" bytes="140016" />
  <regions eden="25" other="4" />
  <remembered-set-cleared processed="1138" cleared="591" durationms="2.539" />
  <references type="phantom" candidates="5" cleared="0" enqueued="0" />
  <stringconstants candidates="16493" cleared="0"  />
</gc-op>
<gc-op id="4925" type="classunload" timems="0.014" contextid="4921" timestamp="2019-08-09T00:19:57.403">
  <classunload-info classloadercandidates="69" classloadersunloaded="0" classesunloaded="0" anonymousclassesunloaded="0" quiescems="0.000" setupms="0.014" scanms="0.000" postms="0.000" />
</gc-op>
<gc-end id="4926" type="partial gc" contextid="4921" durationms="141.065" usertimems="170.134" systemtimems="64.318" timestamp="2019-08-09T00:19:57.404" activeThreads="16">
  <mem-info id="4927" free="113246208" total="184549376" percent="61">
    <mem type="eden" free="88632" total="4194304" percent="2" />
    <remembered-set count="7168" freebytes="7349248" totalbytes="7377920" percent="99" regionsoverflowed="0" regionsstable="11" regionsrebuilding="0"/>
  </mem-info>
</gc-end>
<cycle-end id="4928" type="partial gc" contextid="4921" timestamp="2019-08-09T00:19:57.404" />
  <attribute name="elasticGC enabled" value="1" />
  <attribute name= "numThreadsSpecified" value="16" />
  <attribute name="heapSize specified" value="0" />
  <attribute name="Current GC Util" value="107" />
  <attribute name= "Current Time Running" value="207497" />
  <attribute name ="GC Interval" value="0" />
  <attribute name="Target GC Util Change" value ="80.000000" />
  <attribute name="Current GC Util Change" value="107.000000"/>
  <attribute name="Current Error" value="-27.000000" />
  <attribute name="Output H" value="184587208"/>
  <attribute name="Output I" value="1992"/>
  <attribute name="Output T" value="16"/>
  <attribute name= "Current Time Running" value="207497" />
  <attribute name="GC Util currently" value="107" />
  <attribute name="CPU Util currently" value="1596675901372" />
<exclusive-end id="4929" timestamp="2019-08-09T00:19:57.404" durationms="142.343" />

<exclusive-start id="4930" timestamp="2019-08-09T00:19:57.446" intervalms="183.972">
  <response-info timems="2.532" idlems="2.521" threads="1" lastid="00000000022F5600" lastname="Thread-46" />
</exclusive-start>
<allocation-taxation id="4931" taxation-threshold="52428800" timestamp="2019-08-09T00:19:57.446" intervalms="184.011" />
<cycle-start id="4932" type="partial gc" contextid="0" timestamp="2019-08-09T00:19:57.446" intervalms="184.165" />
<gc-start id="4933" type="partial gc" contextid="4932" timestamp="2019-08-09T00:19:57.447">
  <mem-info id="4934" free="60817408" total="184549376" percent="32">
    <mem type="eden" free="0" total="52428800" percent="0" />
    <remembered-set count="6752" freebytes="7350912" totalbytes="7377920" percent="99" regionsoverflowed="0" regionsstable="11" regionsrebuilding="0"/>
  </mem-info>
</gc-start>
<allocation-stats totalBytes="52298480" >
  <allocated-bytes non-tlh="49168" tlh="52249312" arrayletleaf="0"/>
  <largest-consumer threadName="Thread-41" threadId="0000000002300A00" bytes="8675744" />
</allocation-stats>
<gc-op id="4935" type="copy forward" timems="105.088" contextid="4932" timestamp="2019-08-09T00:19:57.554">
  <memory-copied type="eden" objects="8957" bytes="3532872" bytesdiscarded="410880" />
  <memory-copied type="other" objects="491" bytes="200984" bytesdiscarded="2912" />
  <memory-cardclean objects="3139" bytes="139072" />
  <regions eden="25" other="5" />
  <remembered-set-cleared processed="1118" cleared="573" durationms="0.192" />
  <references type="phantom" candidates="2" cleared="0" enqueued="0" />
  <stringconstants candidates="16493" cleared="0"  />
</gc-op>
<gc-op id="4936" type="classunload" timems="0.015" contextid="4932" timestamp="2019-08-09T00:19:57.554">
  <classunload-info classloadercandidates="69" classloadersunloaded="0" classesunloaded="0" anonymousclassesunloaded="0" quiescems="0.000" setupms="0.015" scanms="0.000" postms="0.000" />
</gc-op>
<heap-resize id="4937" type="contract" space="default" amount="6291456" count="1" timems="0.412" reason="excess free space following gc" timestamp="2019-08-09T00:19:57.555" />
<gc-end id="4938" type="partial gc" contextid="4932" durationms="108.052" usertimems="154.636" systemtimems="57.150" timestamp="2019-08-09T00:19:57.555" activeThreads="16">
  <mem-info id="4939" free="109051904" total="178257920" percent="61">
    <mem type="eden" free="250296" total="4194304" percent="5" />
    <remembered-set count="8160" freebytes="7345280" totalbytes="7377920" percent="99" regionsoverflowed="0" regionsstable="11" regionsrebuilding="0"/>
  </mem-info>
</gc-end>
<cycle-end id="4940" type="partial gc" contextid="4932" timestamp="2019-08-09T00:19:57.555" />
  <attribute name="elasticGC enabled" value="1" />
  <attribute name= "numThreadsSpecified" value="16" />
  <attribute name="heapSize specified" value="0" />
  <attribute name="Current GC Util" value="39" />
  <attribute name= "Current Time Running" value="207682" />
  <attribute name ="GC Interval" value="0" />
  <attribute name="Target GC Util Change" value ="80.000000" />
  <attribute name="Current GC Util Change" value="39.000000"/>
  <attribute name="Current Error" value="32.000000" />
  <attribute name="Output H" value="184587240"/>
  <attribute name="Output I" value="2024"/>
  <attribute name="Output T" value="16"/>
  <attribute name= "Current Time Running" value="207682" />
  <attribute name="GC Util currently" value="39" />
  <attribute name="CPU Util currently" value="606205989194" />
<exclusive-end id="4941" timestamp="2019-08-09T00:19:57.555" durationms="109.126" />

<exclusive-start id="4942" timestamp="2019-08-09T00:19:57.598" intervalms="152.225">
  <response-info timems="1.227" idlems="1.227" threads="0" lastid="0000000002322A00" lastname="Thread-49" />
</exclusive-start>
<allocation-taxation id="4943" taxation-threshold="52428800" timestamp="2019-08-09T00:19:57.598" intervalms="152.188" />
<cycle-start id="4944" type="partial gc" contextid="0" timestamp="2019-08-09T00:19:57.599" intervalms="152.121" />
<gc-start id="4945" type="partial gc" contextid="4944" timestamp="2019-08-09T00:19:57.599">
  <mem-info id="4946" free="56623104" total="178257920" percent="31">
    <mem type="eden" free="0" total="52428800" percent="0" />
    <remembered-set count="7776" freebytes="7346816" totalbytes="7377920" percent="99" regionsoverflowed="0" regionsstable="11" regionsrebuilding="0"/>
  </mem-info>
</gc-start>
<allocation-stats totalBytes="52291736" >
  <allocated-bytes non-tlh="16392" tlh="52275344" arrayletleaf="0"/>
  <largest-consumer threadName="Thread-50" threadId="0000000002339100" bytes="6063088" />
</allocation-stats>
<gc-op id="4947" type="copy forward" timems="41.549" contextid="4944" timestamp="2019-08-09T00:19:57.645">
  <memory-copied type="eden" objects="9585" bytes="3874216" bytesdiscarded="377264" />
  <memory-copied type="other" objects="263" bytes="103832" bytesdiscarded="2464" />
  <memory-cardclean objects="3297" bytes="239568" />
  <regions eden="25" other="3" />
  <remembered-set-cleared processed="1100" cleared="551" durationms="0.390" />
  <references type="phantom" candidates="2" cleared="0" enqueued="0" />
  <stringconstants candidates="16493" cleared="0"  />
</gc-op>
<gc-op id="4948" type="classunload" timems="0.012" contextid="4944" timestamp="2019-08-09T00:19:57.645">
  <classunload-info classloadercandidates="69" classloadersunloaded="0" classesunloaded="0" anonymousclassesunloaded="0" quiescems="0.000" setupms="0.012" scanms="0.000" postms="0.000" />
</gc-op>
<heap-resize id="4949" type="expand" space="default" amount="10485760" count="1" timems="0.067" reason="excessive time being spent in gc" timestamp="2019-08-09T00:19:57.645" />
<gc-end id="4950" type="partial gc" contextid="4944" durationms="46.340" usertimems="44.452" systemtimems="6.284" timestamp="2019-08-09T00:19:57.645" activeThreads="8">
  <mem-info id="4951" free="113246208" total="188743680" percent="60">
    <mem type="eden" free="4136840" total="8388608" percent="49" />
    <remembered-set count="5568" freebytes="7523328" totalbytes="7545600" percent="99" regionsoverflowed="0" regionsstable="11" regionsrebuilding="0"/>
  </mem-info>
</gc-end>
<cycle-end id="4952" type="partial gc" contextid="4944" timestamp="2019-08-09T00:19:57.646" />
  <attribute name="elasticGC enabled" value="1" />
  <attribute name= "numThreadsSpecified" value="8" />
  <attribute name="heapSize specified" value="0" />
  <attribute name="Current GC Util" value="136" />
  <attribute name= "Current Time Running" value="207837" />
  <attribute name ="GC Interval" value="0" />
  <attribute name="Target GC Util Change" value ="80.000000" />
  <attribute name="Current GC Util Change" value="136.000000"/>
  <attribute name="Current Error" value="-13.000000" />
  <attribute name="Output H" value="178295760"/>
  <attribute name="Output I" value="2000"/>
  <attribute name="Output T" value="8"/>
  <attribute name= "Current Time Running" value="207837" />
  <attribute name="GC Util currently" value="136" />
  <attribute name="CPU Util currently" value="290402620923" />
<exclusive-end id="4953" timestamp="2019-08-09T00:19:57.646" durationms="47.382" />

<exclusive-start id="4954" timestamp="2019-08-09T00:19:57.727" intervalms="128.455">
  <response-info timems="1.391" idlems="1.383" threads="1" lastid="00000000022F5600" lastname="Thread-46" />
</exclusive-start>
<allocation-taxation id="4955" taxation-threshold="54525952" timestamp="2019-08-09T00:19:57.727" intervalms="128.483" />
<cycle-start id="4956" type="partial gc" contextid="0" timestamp="2019-08-09T00:19:57.727" intervalms="128.506" />
<gc-start id="4957" type="partial gc" contextid="4956" timestamp="2019-08-09T00:19:57.727">
  <mem-info id="4958" free="58720256" total="188743680" percent="31">
    <mem type="eden" free="0" total="54525952" percent="0" />
    <remembered-set count="5248" freebytes="7524608" totalbytes="7545600" percent="99" regionsoverflowed="0" regionsstable="11" regionsrebuilding="0"/>
  </mem-info>
</gc-start>
<allocation-stats totalBytes="54281760" >
  <allocated-bytes non-tlh="40984" tlh="54240776" arrayletleaf="0"/>
  <largest-consumer threadName="Thread-39" threadId="0000000002331900" bytes="5974120" />
</allocation-stats>
<gc-op id="4959" type="copy forward" timems="104.506" contextid="4956" timestamp="2019-08-09T00:19:57.834">
  <memory-copied type="eden" objects="7555" bytes="3368120" bytesdiscarded="693384" />
  <memory-copied type="other" objects="862" bytes="545504" bytesdiscarded="42760" />
  <memory-cardclean objects="3310" bytes="180768" />
  <regions eden="26" other="6" />
  <remembered-set-cleared processed="1167" cleared="680" durationms="0.120" />
  <references type="phantom" candidates="1" cleared="0" enqueued="0" />
  <stringconstants candidates="16493" cleared="0"  />
</gc-op>
<gc-op id="4960" type="classunload" timems="0.012" contextid="4956" timestamp="2019-08-09T00:19:57.834">
  <classunload-info classloadercandidates="69" classloadersunloaded="0" classesunloaded="0" anonymousclassesunloaded="0" quiescems="0.000" setupms="0.011" scanms="0.000" postms="0.000" />
</gc-op>
<gc-end id="4961" type="partial gc" contextid="4956" durationms="107.305" usertimems="109.204" systemtimems="80.408" timestamp="2019-08-09T00:19:57.835" activeThreads="16">
  <mem-info id="4962" free="115343360" total="188743680" percent="61">
    <mem type="eden" free="132512" total="4194304" percent="3" />
    <remembered-set count="8416" freebytes="7511936" totalbytes="7545600" percent="99" regionsoverflowed="0" regionsstable="11" regionsrebuilding="0"/>
  </mem-info>
</gc-end>
<cycle-end id="4963" type="partial gc" contextid="4956" timestamp="2019-08-09T00:19:57.835" />
  <attribute name="elasticGC enabled" value="1" />
  <attribute name= "numThreadsSpecified" value="16" />
  <attribute name="heapSize specified" value="0" />
  <attribute name="Current GC Util" value="89" />
  <attribute name= "Current Time Running" value="207963" />
  <attribute name ="GC Interval" value="0" />
  <attribute name="Target GC Util Change" value ="80.000000" />
  <attribute name="Current GC Util Change" value="89.000000"/>
  <attribute name="Current Error" value="-9.000000" />
  <attribute name="Output H" value="188781520"/>
  <attribute name="Output I" value="2000"/>
  <attribute name="Output T" value="16"/>
  <attribute name= "Current Time Running" value="207963" />
  <attribute name="GC Util currently" value="89" />
  <attribute name="CPU Util currently" value="540628112340" />
<exclusive-end id="4964" timestamp="2019-08-09T00:19:57.836" durationms="109.104" />

<exclusive-start id="4965" timestamp="2019-08-09T00:19:57.872" intervalms="145.202">
  <response-info timems="2.005" idlems="2.005" threads="0" lastid="0000000002326500" lastname="Thread-43" />
</exclusive-start>
<allocation-taxation id="4966" taxation-threshold="54525952" timestamp="2019-08-09T00:19:57.872" intervalms="145.176" />
<cycle-start id="4967" type="partial gc" contextid="0" timestamp="2019-08-09T00:19:57.872" intervalms="145.090" />
<gc-start id="4968" type="partial gc" contextid="4967" timestamp="2019-08-09T00:19:57.872">
  <mem-info id="4969" free="60817408" total="188743680" percent="32">
    <mem type="eden" free="0" total="54525952" percent="0" />
    <remembered-set count="8224" freebytes="7512704" totalbytes="7545600" percent="99" regionsoverflowed="0" regionsstable="11" regionsrebuilding="0"/>
  </mem-info>
</gc-start>
<allocation-stats totalBytes="54395680" >
  <allocated-bytes non-tlh="16392" tlh="54379288" arrayletleaf="0"/>
  <largest-consumer threadName="Thread-43" threadId="0000000002326500" bytes="5199808" />
</allocation-stats>
<gc-op id="4970" type="copy forward" timems="56.141" contextid="4967" timestamp="2019-08-09T00:19:57.930">
  <memory-copied type="eden" objects="9245" bytes="3677600" bytesdiscarded="546336" />
  <memory-copied type="other" objects="551" bytes="319888" bytesdiscarded="23400" />
  <memory-cardclean objects="3245" bytes="145784" />
  <regions eden="26" other="3" />
  <remembered-set-cleared processed="1082" cleared="583" durationms="0.880" />
  <references type="phantom" candidates="2" cleared="0" enqueued="0" />
  <stringconstants candidates="16493" cleared="0"  />
</gc-op>
<gc-op id="4971" type="classunload" timems="0.016" contextid="4967" timestamp="2019-08-09T00:19:57.930">
  <classunload-info classloadercandidates="69" classloadersunloaded="0" classesunloaded="0" anonymousclassesunloaded="0" quiescems="0.000" setupms="0.015" scanms="0.000" postms="0.000" />
</gc-op>
<heap-resize id="4972" type="expand" space="default" amount="10485760" count="1" timems="0.085" reason="excessive time being spent in gc" timestamp="2019-08-09T00:19:57.931" />
<gc-end id="4973" type="partial gc" contextid="4967" durationms="58.264" usertimems="74.275" systemtimems="43.912" timestamp="2019-08-09T00:19:57.931" activeThreads="16">
  <mem-info id="4974" free="119537664" total="199229440" percent="60">
    <mem type="eden" free="4164408" total="8388608" percent="49" />
    <remembered-set count="7488" freebytes="7934848" totalbytes="7964800" percent="99" regionsoverflowed="0" regionsstable="11" regionsrebuilding="0"/>
  </mem-info>
</gc-end>
<cycle-end id="4975" type="partial gc" contextid="4967" timestamp="2019-08-09T00:19:57.931" />
  <attribute name="elasticGC enabled" value="1" />
  <attribute name= "numThreadsSpecified" value="16" />
  <attribute name="heapSize specified" value="0" />
  <attribute name="Current GC Util" value="144" />
  <attribute name= "Current Time Running" value="208107" />
  <attribute name ="GC Interval" value="0" />
  <attribute name="Target GC Util Change" value ="80.000000" />
  <attribute name="Current GC Util Change" value="144.000000"/>
  <attribute name="Current Error" value="-50.000000" />
  <attribute name="Output H" value="188781496"/>
  <attribute name="Output I" value="1976"/>
  <attribute name="Output T" value="16"/>
  <attribute name= "Current Time Running" value="208107" />
  <attribute name="GC Util currently" value="144" />
  <attribute name="CPU Util currently" value="951643902447" />
<exclusive-end id="4976" timestamp="2019-08-09T00:19:57.931" durationms="58.895" />

<exclusive-start id="4977" timestamp="2019-08-09T00:19:57.984" intervalms="111.616">
  <response-info timems="0.874" idlems="0.440" threads="1" lastid="000000000232DD00" lastname="Thread-48" />
</exclusive-start>
<allocation-taxation id="4978" taxation-threshold="56623104" timestamp="2019-08-09T00:19:57.984" intervalms="111.605" />
<cycle-start id="4979" type="partial gc" contextid="0" timestamp="2019-08-09T00:19:57.984" intervalms="111.809" />
<gc-start id="4980" type="partial gc" contextid="4979" timestamp="2019-08-09T00:19:57.984">
  <mem-info id="4981" free="62914560" total="199229440" percent="31">
    <mem type="eden" free="0" total="56623104" percent="0" />
    <remembered-set count="7168" freebytes="7936128" totalbytes="7964800" percent="99" regionsoverflowed="0" regionsstable="11" regionsrebuilding="0"/>
  </mem-info>
</gc-start>
<allocation-stats totalBytes="56369768" >
  <allocated-bytes non-tlh="65552" tlh="56304216" arrayletleaf="0"/>
  <largest-consumer threadName="Thread-47" threadId="00000000022E6700" bytes="5140560" />
</allocation-stats>
<gc-op id="4982" type="copy forward" timems="125.573" contextid="4979" timestamp="2019-08-09T00:19:58.119">
  <memory-copied type="eden" objects="9096" bytes="3673344" bytesdiscarded="515440" />
  <memory-copied type="other" objects="619" bytes="351744" bytesdiscarded="9816" />
  <memory-cardclean objects="3274" bytes="163120" />
  <regions eden="27" other="6" />
  <remembered-set-cleared processed="1079" cleared="619" durationms="0.265" />
  <references type="phantom" candidates="3" cleared="0" enqueued="0" />
  <stringconstants candidates="16493" cleared="0"  />
</gc-op>
<gc-op id="4983" type="classunload" timems="0.015" contextid="4979" timestamp="2019-08-09T00:19:58.119">
  <classunload-info classloadercandidates="69" classloadersunloaded="0" classesunloaded="0" anonymousclassesunloaded="0" quiescems="0.000" setupms="0.015" scanms="0.000" postms="0.000" />
</gc-op>
<gc-end id="4984" type="partial gc" contextid="4979" durationms="135.145" usertimems="163.480" systemtimems="83.440" timestamp="2019-08-09T00:19:58.119" activeThreads="16">
  <mem-info id="4985" free="121634816" total="199229440" percent="61">
    <mem type="eden" free="5240" total="4194304" percent="0" />
    <remembered-set count="8960" freebytes="7928960" totalbytes="7964800" percent="99" regionsoverflowed="0" regionsstable="11" regionsrebuilding="0"/>
  </mem-info>
</gc-end>
<cycle-end id="4986" type="partial gc" contextid="4979" timestamp="2019-08-09T00:19:58.120" />
  <attribute name="elasticGC enabled" value="1" />
  <attribute name= "numThreadsSpecified" value="16" />
  <attribute name="heapSize specified" value="0" />
  <attribute name="Current GC Util" value="8" />
  <attribute name= "Current Time Running" value="208226" />
  <attribute name ="GC Interval" value="0" />
  <attribute name="Target GC Util Change" value ="80.000000" />
  <attribute name="Current GC Util Change" value="8.000000"/>
  <attribute name="Current Error" value="49.000000" />
  <attribute name="Output H" value="199267312"/>
  <attribute name="Output I" value="2032"/>
  <attribute name="Output T" value="16"/>
  <attribute name= "Current Time Running" value="208226" />
  <attribute name="GC Util currently" value="8" />
  <attribute name="CPU Util currently" value="136594610487" />
<exclusive-end id="4987" timestamp="2019-08-09T00:19:58.120" durationms="136.095" />

<exclusive-start id="4988" timestamp="2019-08-09T00:19:58.178" intervalms="194.855">
  <response-info timems="0.139" idlems="0.073" threads="1" lastid="0000000002326500" lastname="Thread-43" />
</exclusive-start>
<allocation-taxation id="4989" taxation-threshold="56623104" timestamp="2019-08-09T00:19:58.179" intervalms="194.850" />
<cycle-start id="4990" type="partial gc" contextid="0" timestamp="2019-08-09T00:19:58.179" intervalms="194.844" />
<gc-start id="4991" type="partial gc" contextid="4990" timestamp="2019-08-09T00:19:58.179">
  <mem-info id="4992" free="65011712" total="199229440" percent="32">
    <mem type="eden" free="0" total="56623104" percent="0" />
    <remembered-set count="8512" freebytes="7930752" totalbytes="7964800" percent="99" regionsoverflowed="0" regionsstable="11" regionsrebuilding="0"/>
  </mem-info>
</gc-start>
<allocation-stats totalBytes="56410608" >
  <allocated-bytes non-tlh="49184" tlh="56361424" arrayletleaf="0"/>
  <largest-consumer threadName="Thread-39" threadId="0000000002331900" bytes="6528744" />
</allocation-stats>
<gc-op id="4993" type="copy forward" timems="86.009" contextid="4990" timestamp="2019-08-09T00:19:58.271">
  <memory-copied type="eden" objects="10445" bytes="4096336" bytesdiscarded="773568" />
  <memory-copied type="other" objects="220" bytes="141360" bytesdiscarded="7408" />
  <memory-cardclean objects="3246" bytes="144608" />
  <regions eden="27" other="3" />
  <remembered-set-cleared processed="1078" cleared="609" durationms="0.643" />
  <references type="weak" candidates="1" cleared="0" enqueued="0" />
  <references type="phantom" candidates="2" cleared="0" enqueued="0" />
  <stringconstants candidates="16493" cleared="0"  />
</gc-op>
<gc-op id="4994" type="classunload" timems="0.011" contextid="4990" timestamp="2019-08-09T00:19:58.272">
  <classunload-info classloadercandidates="69" classloadersunloaded="0" classesunloaded="0" anonymousclassesunloaded="0" quiescems="0.000" setupms="0.011" scanms="0.000" postms="0.000" />
</gc-op>
<heap-resize id="4995" type="expand" space="default" amount="10485760" count="1" timems="0.068" reason="excessive time being spent in gc" timestamp="2019-08-09T00:19:58.272" />
<gc-end id="4996" type="partial gc" contextid="4990" durationms="92.610" usertimems="50.944" systemtimems="40.471" timestamp="2019-08-09T00:19:58.272" activeThreads="16">
  <mem-info id="4997" free="125829120" total="209715200" percent="60">
    <mem type="eden" free="3518440" total="8388608" percent="41" />
    <remembered-set count="9376" freebytes="8346496" totalbytes="8384000" percent="99" regionsoverflowed="0" regionsstable="11" regionsrebuilding="0"/>
  </mem-info>
</gc-end>
<cycle-end id="4998" type="partial gc" contextid="4990" timestamp="2019-08-09T00:19:58.272" />
  <attribute name="elasticGC enabled" value="1" />
  <attribute name= "numThreadsSpecified" value="16" />
  <attribute name="heapSize specified" value="0" />
  <attribute name="Current GC Util" value="157" />
  <attribute name= "Current Time Running" value="208419" />
  <attribute name ="GC Interval" value="0" />
  <attribute name="Target GC Util Change" value ="80.000000" />
  <attribute name="Current GC Util Change" value="157.000000"/>
  <attribute name="Current Error" value="-77.000000" />
  <attribute name="Output H" value="199267240"/>
  <attribute name="Output I" value="1960"/>
  <attribute name="Output T" value="16"/>
  <attribute name= "Current Time Running" value="208419" />
  <attribute name="GC Util currently" value="157" />
  <attribute name="CPU Util currently" value="194840571319" />
<exclusive-end id="4999" timestamp="2019-08-09T00:19:58.273" durationms="94.376" />

<exclusive-start id="5000" timestamp="2019-08-09T00:19:58.317" intervalms="138.190">
  <response-info timems="2.508" idlems="0.939" threads="3" lastid="00000000022E6700" lastname="Thread-47" />
</exclusive-start>
<allocation-taxation id="5001" taxation-threshold="58720256" timestamp="2019-08-09T00:19:58.317" intervalms="138.209" />
<cycle-start id="5002" type="partial gc" contextid="0" timestamp="2019-08-09T00:19:58.317" intervalms="138.019" />
<gc-start id="5003" type="partial gc" contextid="5002" timestamp="2019-08-09T00:19:58.317">
  <mem-info id="5004" free="67108864" total="209715200" percent="32">
    <mem type="eden" free="0" total="58720256" percent="0" />
    <remembered-set count="8992" freebytes="8348032" totalbytes="8384000" percent="99" regionsoverflowed="0" regionsstable="11" regionsrebuilding="0"/>
  </mem-info>
</gc-start>
<allocation-stats totalBytes="58507880" >
  <allocated-bytes non-tlh="16392" tlh="58491488" arrayletleaf="0"/>
  <largest-consumer threadName="Thread-42" threadId="0000000002335500" bytes="7321320" />
</allocation-stats>
<gc-op id="5005" type="copy forward" timems="50.292" contextid="5002" timestamp="2019-08-09T00:19:58.376">
  <memory-copied type="eden" objects="9945" bytes="3874568" bytesdiscarded="759936" />
  <memory-copied type="other" objects="10" bytes="472" bytesdiscarded="584" />
  <memory-cardclean objects="3210" bytes="142336" />
  <regions eden="28" other="4" />
  <remembered-set-cleared processed="1134" cleared="616" durationms="1.285" />
  <references type="phantom" candidates="5" cleared="0" enqueued="0" />
  <stringconstants candidates="16493" cleared="0"  />
</gc-op>
<gc-op id="5006" type="classunload" timems="0.015" contextid="5002" timestamp="2019-08-09T00:19:58.376">
  <classunload-info classloadercandidates="69" classloadersunloaded="0" classesunloaded="0" anonymousclassesunloaded="0" quiescems="0.000" setupms="0.015" scanms="0.000" postms="0.000" />
</gc-op>
<gc-end id="5007" type="partial gc" contextid="5002" durationms="58.680" usertimems="57.476" systemtimems="42.721" timestamp="2019-08-09T00:19:58.376" activeThreads="16">
  <mem-info id="5008" free="125829120" total="209715200" percent="60">
    <mem type="eden" free="1656656" total="6291456" percent="26" />
    <remembered-set count="7712" freebytes="8353152" totalbytes="8384000" percent="99" regionsoverflowed="0" regionsstable="11" regionsrebuilding="0"/>
  </mem-info>
</gc-end>
<cycle-end id="5009" type="partial gc" contextid="5002" timestamp="2019-08-09T00:19:58.376" />
  <attribute name="elasticGC enabled" value="1" />
  <attribute name= "numThreadsSpecified" value="16" />
  <attribute name="heapSize specified" value="0" />
  <attribute name="Current GC Util" value="9" />
  <attribute name= "Current Time Running" value="208559" />
  <attribute name ="GC Interval" value="0" />
  <attribute name="Target GC Util Change" value ="80.000000" />
  <attribute name="Current GC Util Change" value="9.000000"/>
  <attribute name="Current Error" value="12.000000" />
  <attribute name="Output H" value="209753048"/>
  <attribute name="Output I" value="2008"/>
  <attribute name="Output T" value="16"/>
  <attribute name= "Current Time Running" value="208559" />
  <attribute name="GC Util currently" value="9" />
  <attribute name="CPU Util currently" value="147413998514" />
<exclusive-end id="5010" timestamp="2019-08-09T00:19:58.376" durationms="59.447" />

<exclusive-start id="5011" timestamp="2019-08-09T00:19:58.434" intervalms="117.450">
  <response-info timems="14.037" idlems="7.682" threads="2" lastid="000000000232DD00" lastname="Thread-48" />
</exclusive-start>
<allocation-taxation id="5012" taxation-threshold="58720256" timestamp="2019-08-09T00:19:58.434" intervalms="117.439" />
<cycle-start id="5013" type="partial gc" contextid="0" timestamp="2019-08-09T00:19:58.434" intervalms="117.540" />
<gc-start id="5014" type="partial gc" contextid="5013" timestamp="2019-08-09T00:19:58.435">
  <mem-info id="5015" free="67108864" total="209715200" percent="32">
    <mem type="eden" free="0" total="58720256" percent="0" />
    <remembered-set count="7328" freebytes="8354688" totalbytes="8384000" percent="99" regionsoverflowed="0" regionsstable="11" regionsrebuilding="0"/>
  </mem-info>
</gc-start>
<allocation-stats totalBytes="58557120" >
  <allocated-bytes non-tlh="57368" tlh="58499752" arrayletleaf="0"/>
  <largest-consumer threadName="Thread-47" threadId="00000000022E6700" bytes="8415976" />
</allocation-stats>
<gc-op id="5016" type="copy forward" timems="52.662" contextid="5013" timestamp="2019-08-09T00:19:58.489">
  <memory-copied type="eden" objects="9177" bytes="3560400" bytesdiscarded="710752" />
  <memory-copied type="other" objects="817" bytes="503504" bytesdiscarded="48472" />
  <memory-cardclean objects="3243" bytes="145248" />
  <memory-traced type="eden" objects="38" bytes="9928" />
  <memory-traced type="other" objects="0" bytes="0" />
  <regions eden="28" other="4" evacuated="31" marked="1" />
  <remembered-set-cleared processed="1099" cleared="636" durationms="0.274" />
  <references type="weak" candidates="2" cleared="0" enqueued="0" />
  <references type="phantom" candidates="3" cleared="0" enqueued="0" />
  <stringconstants candidates="16493" cleared="0"  />
</gc-op>
<gc-op id="5017" type="classunload" timems="0.015" contextid="5013" timestamp="2019-08-09T00:19:58.489">
  <classunload-info classloadercandidates="69" classloadersunloaded="0" classesunloaded="0" anonymousclassesunloaded="0" quiescems="0.000" setupms="0.014" scanms="0.000" postms="0.000" />
</gc-op>
<gc-op id="5018" type="sweep" timems="5.074" contextid="5013" timestamp="2019-08-09T00:19:58.495" />
<gc-op id="5019" type="compact" timems="1.913" contextid="5013" timestamp="2019-08-09T00:19:58.497">
  <compact-info movecount="0" movebytes="0" />
  <remembered-set-cleared processed="2451" cleared="636" durationms="0.274" />
</gc-op>
<heap-resize id="5020" type="expand" space="default" amount="10485760" count="1" timems="0.068" reason="excessive time being spent in gc" timestamp="2019-08-09T00:19:58.497" />
<gc-end id="5021" type="partial gc" contextid="5013" durationms="61.871" usertimems="19.843" systemtimems="32.327" timestamp="2019-08-09T00:19:58.497" activeThreads="1">
  <mem-info id="5022" free="132120576" total="220200960" percent="60">
    <mem type="eden" free="2020040" total="8388608" percent="24" />
    <remembered-set count="7104" freebytes="8774784" totalbytes="8803200" percent="99" regionsoverflowed="0" regionsstable="11" regionsrebuilding="0"/>
  </mem-info>
</gc-end>
<cycle-end id="5023" type="partial gc" contextid="5013" timestamp="2019-08-09T00:19:58.497" />
  <attribute name="elasticGC enabled" value="1" />
  <attribute name= "numThreadsSpecified" value="1" />
  <attribute name="heapSize specified" value="0" />
  <attribute name="Current GC Util" value="94" />
  <attribute name= "Current Time Running" value="208728" />
  <attribute name ="GC Interval" value="0" />
  <attribute name="Target GC Util Change" value ="80.000000" />
  <attribute name="Current GC Util Change" value="94.000000"/>
  <attribute name="Current Error" value="-14.000000" />
  <attribute name="Output H" value="209753032"/>
  <attribute name="Output I" value="1992"/>
  <attribute name="Output T" value="1"/>
  <attribute name= "Current Time Running" value="208728" />
  <attribute name="GC Util currently" value="94" />
  <attribute name="CPU Util currently" value="226582994342" />
<exclusive-end id="5024" timestamp="2019-08-09T00:19:58.497" durationms="63.371" />

<exclusive-start id="5025" timestamp="2019-08-09T00:19:58.544" intervalms="110.124">
  <response-info timems="2.157" idlems="2.157" threads="0" lastid="000000000232DD00" lastname="Thread-48" />
</exclusive-start>
<allocation-taxation id="5026" taxation-threshold="62914560" timestamp="2019-08-09T00:19:58.544" intervalms="110.129" />
<cycle-start id="5027" type="partial gc" contextid="0" timestamp="2019-08-09T00:19:58.544" intervalms="110.041" />
<gc-start id="5028" type="partial gc" contextid="5027" timestamp="2019-08-09T00:19:58.545">
  <mem-info id="5029" free="69206016" total="220200960" percent="31">
    <mem type="eden" free="0" total="62914560" percent="0" />
    <remembered-set count="7104" freebytes="8774784" totalbytes="8803200" percent="99" regionsoverflowed="0" regionsstable="11" regionsrebuilding="0"/>
  </mem-info>
</gc-start>
<allocation-stats totalBytes="62702496" >
  <allocated-bytes non-tlh="442488" tlh="62260008" arrayletleaf="0"/>
  <largest-consumer threadName="Thread-45" threadId="0000000002317600" bytes="6742472" />
</allocation-stats>
<gc-op id="5030" type="copy forward" timems="99.119" contextid="5027" timestamp="2019-08-09T00:19:58.646">
  <memory-copied type="eden" objects="9989" bytes="3957712" bytesdiscarded="814544" />
  <memory-copied type="other" objects="21" bytes="1168" bytesdiscarded="0" />
  <memory-cardclean objects="3222" bytes="143880" />
  <regions eden="30" other="5" />
  <remembered-set-cleared processed="1086" cleared="570" durationms="3.489" />
  <stringconstants candidates="16493" cleared="0"  />
</gc-op>
<gc-op id="5031" type="classunload" timems="0.011" contextid="5027" timestamp="2019-08-09T00:19:58.646">
  <classunload-info classloadercandidates="69" classloadersunloaded="0" classesunloaded="0" anonymousclassesunloaded="0" quiescems="0.000" setupms="0.011" scanms="0.000" postms="0.000" />
</gc-op>
<gc-end id="5032" type="partial gc" contextid="5027" durationms="101.658" usertimems="44.517" systemtimems="55.999" timestamp="2019-08-09T00:19:58.646" activeThreads="16">
  <mem-info id="5033" free="132120576" total="220200960" percent="60">
    <mem type="eden" free="1518944" total="6291456" percent="24" />
    <remembered-set count="9376" freebytes="8765696" totalbytes="8803200" percent="99" regionsoverflowed="0" regionsstable="11" regionsrebuilding="0"/>
  </mem-info>
</gc-end>
<cycle-end id="5034" type="partial gc" contextid="5027" timestamp="2019-08-09T00:19:58.646" />
  <attribute name="elasticGC enabled" value="1" />
  <attribute name= "numThreadsSpecified" value="16" />
  <attribute name="heapSize specified" value="0" />
  <attribute name="Current GC Util" value="81" />
  <attribute name= "Current Time Running" value="208780" />
  <attribute name ="GC Interval" value="0" />
  <attribute name="Target GC Util Change" value ="80.000000" />
  <attribute name="Current GC Util Change" value="81.000000"/>
  <attribute name="Current Error" value="32.000000" />
  <attribute name="Output H" value="220238824"/>
  <attribute name="Output I" value="2024"/>
  <attribute name="Output T" value="16"/>
  <attribute name= "Current Time Running" value="208780" />
  <attribute name="GC Util currently" value="81" />
  <attribute name="CPU Util currently" value="684817657668" />
<exclusive-end id="5035" timestamp="2019-08-09T00:19:58.647" durationms="102.438" />

<exclusive-start id="5036" timestamp="2019-08-09T00:19:58.718" intervalms="174.137">
  <response-info timems="0.124" idlems="0.124" threads="0" lastid="000000000232DD00" lastname="Thread-48" />
</exclusive-start>
<allocation-taxation id="5037" taxation-threshold="62914560" timestamp="2019-08-09T00:19:58.718" intervalms="174.123" />
<cycle-start id="5038" type="partial gc" contextid="0" timestamp="2019-08-09T00:19:58.719" intervalms="174.163" />
<gc-start id="5039" type="partial gc" contextid="5038" timestamp="2019-08-09T00:19:58.719">
  <mem-info id="5040" free="69206016" total="220200960" percent="31">
    <mem type="eden" free="0" total="62914560" percent="0" />
    <remembered-set count="8992" freebytes="8767232" totalbytes="8803200" percent="99" regionsoverflowed="0" regionsstable="11" regionsrebuilding="0"/>
  </mem-info>
</gc-start>
<allocation-stats totalBytes="62762472" >
  <allocated-bytes non-tlh="81944" tlh="62680528" arrayletleaf="0"/>
  <largest-consumer threadName="Thread-45" threadId="0000000002317600" bytes="8278824" />
</allocation-stats>
<gc-op id="5041" type="copy forward" timems="96.428" contextid="5038" timestamp="2019-08-09T00:19:58.816">
  <memory-copied type="eden" objects="9755" bytes="3871280" bytesdiscarded="536784" />
  <memory-copied type="other" objects="16" bytes="576" bytesdiscarded="0" />
  <memory-cardclean objects="3199" bytes="143264" />
  <regions eden="30" other="3" />
  <remembered-set-cleared processed="1124" cleared="604" durationms="0.264" />
  <references type="weak" candidates="1" cleared="0" enqueued="0" />
  <references type="phantom" candidates="3" cleared="0" enqueued="0" />
  <stringconstants candidates="16493" cleared="0"  />
</gc-op>
<gc-op id="5042" type="classunload" timems="0.015" contextid="5038" timestamp="2019-08-09T00:19:58.816">
  <classunload-info classloadercandidates="69" classloadersunloaded="0" classesunloaded="0" anonymousclassesunloaded="0" quiescems="0.000" setupms="0.015" scanms="0.000" postms="0.000" />
</gc-op>
<heap-resize id="5043" type="expand" space="default" amount="6291456" count="1" timems="0.095" reason="excessive time being spent in gc" timestamp="2019-08-09T00:19:58.817" />
<gc-end id="5044" type="partial gc" contextid="5038" durationms="97.843" usertimems="97.356" systemtimems="42.676" timestamp="2019-08-09T00:19:58.817" activeThreads="16">
  <mem-info id="5045" free="136314880" total="226492416" percent="60">
    <mem type="eden" free="1883128" total="6291456" percent="29" />
    <remembered-set count="10400" freebytes="9013120" totalbytes="9054720" percent="99" regionsoverflowed="0" regionsstable="11" regionsrebuilding="0"/>
  </mem-info>
</gc-end>
<cycle-end id="5046" type="partial gc" contextid="5038" timestamp="2019-08-09T00:19:58.817" />
  <attribute name="elasticGC enabled" value="1" />
  <attribute name= "numThreadsSpecified" value="16" />
  <attribute name="heapSize specified" value="0" />
  <attribute name="Current GC Util" value="93" />
  <attribute name= "Current Time Running" value="208953" />
  <attribute name ="GC Interval" value="0" />
  <attribute name="Target GC Util Change" value ="80.000000" />
  <attribute name="Current GC Util Change" value="93.000000"/>
  <attribute name="Current Error" value="42.000000" />
  <attribute name="Output H" value="220238824"/>
  <attribute name="Output I" value="2024"/>
  <attribute name="Output T" value="16"/>
  <attribute name= "Current Time Running" value="208953" />
  <attribute name="GC Util currently" value="93" />
  <attribute name="CPU Util currently" value="1905897680947" />
<exclusive-end id="5047" timestamp="2019-08-09T00:19:58.817" durationms="98.833" />

<exclusive-start id="5048" timestamp="2019-08-09T00:19:58.877" intervalms="158.768">
  <response-info timems="2.939" idlems="2.939" threads="0" lastid="0000000002317600" lastname="Thread-45" />
</exclusive-start>
<allocation-taxation id="5049" taxation-threshold="62914560" timestamp="2019-08-09T00:19:58.877" intervalms="158.788" />
<cycle-start id="5050" type="partial gc" contextid="0" timestamp="2019-08-09T00:19:58.879" intervalms="160.209" />
<gc-start id="5051" type="partial gc" contextid="5050" timestamp="2019-08-09T00:19:58.879">
  <mem-info id="5052" free="73400320" total="226492416" percent="32">
    <mem type="eden" free="0" total="62914560" percent="0" />
    <remembered-set count="9984" freebytes="9014784" totalbytes="9054720" percent="99" regionsoverflowed="0" regionsstable="11" regionsrebuilding="0"/>
  </mem-info>
</gc-start>
<allocation-stats totalBytes="62753320" >
  <allocated-bytes non-tlh="16392" tlh="62736928" arrayletleaf="0"/>
  <largest-consumer threadName="Thread-45" threadId="0000000002317600" bytes="10120488" />
</allocation-stats>
<gc-op id="5053" type="copy forward" timems="55.360" contextid="5050" timestamp="2019-08-09T00:19:58.943">
  <memory-copied type="eden" objects="10111" bytes="4073744" bytesdiscarded="305856" />
  <memory-copied type="other" objects="12" bytes="432" bytesdiscarded="0" />
  <memory-cardclean objects="3223" bytes="144216" />
  <regions eden="30" other="3" />
  <remembered-set-cleared processed="1093" cleared="576" durationms="0.235" />
  <references type="phantom" candidates="5" cleared="0" enqueued="0" />
  <stringconstants candidates="16493" cleared="0"  />
</gc-op>
<gc-op id="5054" type="classunload" timems="0.012" contextid="5050" timestamp="2019-08-09T00:19:58.943">
  <classunload-info classloadercandidates="69" classloadersunloaded="0" classesunloaded="0" anonymousclassesunloaded="0" quiescems="0.000" setupms="0.012" scanms="0.000" postms="0.000" />
</gc-op>
<heap-resize id="5055" type="expand" space="default" amount="4194304" count="1" timems="0.057" reason="excessive time being spent in gc" timestamp="2019-08-09T00:19:58.943" />
<gc-end id="5056" type="partial gc" contextid="5050" durationms="64.020" usertimems="48.890" systemtimems="25.308" timestamp="2019-08-09T00:19:58.943" activeThreads="16">
  <mem-info id="5057" free="138412032" total="230686720" percent="60">
    <mem type="eden" free="1911560" total="6291456" percent="30" />
    <remembered-set count="7328" freebytes="9193088" totalbytes="9222400" percent="99" regionsoverflowed="0" regionsstable="11" regionsrebuilding="0"/>
  </mem-info>
</gc-end>
<cycle-end id="5058" type="partial gc" contextid="5050" timestamp="2019-08-09T00:19:58.944" />
  <attribute name="elasticGC enabled" value="1" />
  <attribute name= "numThreadsSpecified" value="16" />
  <attribute name="heapSize specified" value="0" />
  <attribute name="Current GC Util" value="8" />
  <attribute name= "Current Time Running" value="209121" />
  <attribute name ="GC Interval" value="0" />
  <attribute name="Target GC Util Change" value ="80.000000" />
  <attribute name="Current GC Util Change" value="8.000000"/>
  <attribute name="Current Error" value="72.000000" />
  <attribute name="Output H" value="226530304"/>
  <attribute name="Output I" value="2048"/>
  <attribute name="Output T" value="16"/>
  <attribute name= "Current Time Running" value="209121" />
  <attribute name="GC Util currently" value="8" />
  <attribute name="CPU Util currently" value="144725148172" />
<exclusive-end id="5059" timestamp="2019-08-09T00:19:58.944" durationms="66.709" />

<exclusive-start id="5060" timestamp="2019-08-09T00:19:59.107" intervalms="229.482">
  <response-info timems="9.009" idlems="9.009" threads="0" lastid="0000000002326500" lastname="Thread-43" />
</exclusive-start>
<allocation-taxation id="5061" taxation-threshold="65011712" timestamp="2019-08-09T00:19:59.107" intervalms="229.462" />
<cycle-start id="5062" type="partial gc" contextid="0" timestamp="2019-08-09T00:19:59.113" intervalms="234.226" />
<gc-start id="5063" type="partial gc" contextid="5062" timestamp="2019-08-09T00:19:59.116">
  <mem-info id="5064" free="73400320" total="230686720" percent="31">
    <mem type="eden" free="0" total="65011712" percent="0" />
    <remembered-set count="6880" freebytes="9194880" totalbytes="9222400" percent="99" regionsoverflowed="0" regionsstable="11" regionsrebuilding="0"/>
  </mem-info>
</gc-start>
<allocation-stats totalBytes="64959648" >
  <allocated-bytes non-tlh="49168" tlh="64910480" arrayletleaf="0"/>
  <largest-consumer threadName="Thread-37" threadId="0000000002313A00" bytes="7119952" />
</allocation-stats>
<gc-op id="5065" type="copy forward" timems="102.784" contextid="5062" timestamp="2019-08-09T00:19:59.229">
  <memory-copied type="eden" objects="10148" bytes="4011440" bytesdiscarded="828296" />
  <memory-copied type="other" objects="20" bytes="720" bytesdiscarded="0" />
  <memory-cardclean objects="3214" bytes="143400" />
  <regions eden="31" other="4" />
  <remembered-set-cleared processed="1100" cleared="581" durationms="0.189" />
  <references type="weak" candidates="1" cleared="0" enqueued="0" />
  <references type="phantom" candidates="4" cleared="0" enqueued="0" />
  <stringconstants candidates="16493" cleared="0"  />
</gc-op>
<gc-op id="5066" type="classunload" timems="0.013" contextid="5062" timestamp="2019-08-09T00:19:59.229">
  <classunload-info classloadercandidates="69" classloadersunloaded="0" classesunloaded="0" anonymousclassesunloaded="0" quiescems="0.000" setupms="0.012" scanms="0.000" postms="0.000" />
</gc-op>
<heap-resize id="5067" type="expand" space="default" amount="10485760" count="1" timems="0.070" reason="excessive time being spent in gc" timestamp="2019-08-09T00:19:59.229" />
<gc-end id="5068" type="partial gc" contextid="5062" durationms="113.292" usertimems="134.235" systemtimems="65.855" timestamp="2019-08-09T00:19:59.229" activeThreads="16">
  <mem-info id="5069" free="144703488" total="241172480" percent="60">
    <mem type="eden" free="3548592" total="8388608" percent="42" />
    <remembered-set count="8864" freebytes="9606144" totalbytes="9641600" percent="99" regionsoverflowed="0" regionsstable="11" regionsrebuilding="0"/>
  </mem-info>
</gc-end>
<cycle-end id="5070" type="partial gc" contextid="5062" timestamp="2019-08-09T00:19:59.230" />
  <attribute name="elasticGC enabled" value="1" />
  <attribute name= "numThreadsSpecified" value="16" />
  <attribute name="heapSize specified" value="0" />
  <attribute name="Current GC Util" value="8" />
  <attribute name= "Current Time Running" value="209359" />
  <attribute name ="GC Interval" value="0" />
  <attribute name="Target GC Util Change" value ="80.000000" />
  <attribute name="Current GC Util Change" value="8.000000"/>
  <attribute name="Current Error" value="205.000000" />
  <attribute name="Output H" value="230724680"/>
  <attribute name="Output I" value="2120"/>
  <attribute name="Output T" value="16"/>
  <attribute name= "Current Time Running" value="209359" />
  <attribute name="GC Util currently" value="8" />
  <attribute name="CPU Util currently" value="135012316737" />
<exclusive-end id="5071" timestamp="2019-08-09T00:19:59.230" durationms="123.068" />

<exclusive-start id="5072" timestamp="2019-08-09T00:19:59.275" intervalms="168.614">
  <response-info timems="4.656" idlems="1.642" threads="3" lastid="00000000022E6700" lastname="Thread-47" />
</exclusive-start>
<allocation-taxation id="5073" taxation-threshold="67108864" timestamp="2019-08-09T00:19:59.275" intervalms="168.698" />
<cycle-start id="5074" type="partial gc" contextid="0" timestamp="2019-08-09T00:19:59.276" intervalms="162.724" />
<gc-start id="5075" type="partial gc" contextid="5074" timestamp="2019-08-09T00:19:59.276">
  <mem-info id="5076" free="77594624" total="241172480" percent="32">
    <mem type="eden" free="0" total="67108864" percent="0" />
    <remembered-set count="8800" freebytes="9606400" totalbytes="9641600" percent="99" regionsoverflowed="0" regionsstable="11" regionsrebuilding="0"/>
  </mem-info>
</gc-start>
<allocation-stats totalBytes="66868440" >
  <allocated-bytes non-tlh="57376" tlh="66811064" arrayletleaf="0"/>
  <largest-consumer threadName="Thread-41" threadId="0000000002300A00" bytes="7837064" />
</allocation-stats>
<gc-op id="5077" type="copy forward" timems="50.116" contextid="5074" timestamp="2019-08-09T00:19:59.351">
  <memory-copied type="eden" objects="9035" bytes="3553560" bytesdiscarded="569528" />
  <memory-copied type="other" objects="27" bytes="1160" bytesdiscarded="0" />
  <memory-cardclean objects="3233" bytes="144424" />
  <regions eden="32" other="5" />
  <remembered-set-cleared processed="1110" cleared="594" durationms="0.185" />
  <references type="phantom" candidates="2" cleared="0" enqueued="0" />
  <stringconstants candidates="16493" cleared="0"  />
</gc-op>
<gc-op id="5078" type="classunload" timems="0.012" contextid="5074" timestamp="2019-08-09T00:19:59.351">
  <classunload-info classloadercandidates="69" classloadersunloaded="0" classesunloaded="0" anonymousclassesunloaded="0" quiescems="0.000" setupms="0.011" scanms="0.000" postms="0.000" />
</gc-op>
<gc-end id="5079" type="partial gc" contextid="5074" durationms="75.621" usertimems="100.712" systemtimems="38.106" timestamp="2019-08-09T00:19:59.352" activeThreads="16">
  <mem-info id="5080" free="146800640" total="241172480" percent="60">
    <mem type="eden" free="70936" total="4194304" percent="1" />
    <remembered-set count="8352" freebytes="9608192" totalbytes="9641600" percent="99" regionsoverflowed="0" regionsstable="11" regionsrebuilding="0"/>
  </mem-info>
</gc-end>
<cycle-end id="5081" type="partial gc" contextid="5074" timestamp="2019-08-09T00:19:59.352" />
  <attribute name="elasticGC enabled" value="1" />
  <attribute name= "numThreadsSpecified" value="16" />
  <attribute name="heapSize specified" value="0" />
  <attribute name="Current GC Util" value="67" />
  <attribute name= "Current Time Running" value="209534" />
  <attribute name ="GC Interval" value="0" />
  <attribute name="Target GC Util Change" value ="80.000000" />
  <attribute name="Current GC Util Change" value="67.000000"/>
  <attribute name="Current Error" value="233.000000" />
  <attribute name="Output H" value="241210456"/>
  <attribute name="Output I" value="2136"/>
  <attribute name="Output T" value="16"/>
  <attribute name= "Current Time Running" value="209534" />
  <attribute name="GC Util currently" value="67" />
  <attribute name="CPU Util currently" value="49935285086" />
<exclusive-end id="5082" timestamp="2019-08-09T00:19:59.352" durationms="76.513" />

<exclusive-start id="5083" timestamp="2019-08-09T00:19:59.422" intervalms="146.311">
  <response-info timems="0.702" idlems="0.702" threads="0" lastid="000000000232A100" lastname="Thread-44" />
</exclusive-start>
<allocation-taxation id="5084" taxation-threshold="67108864" timestamp="2019-08-09T00:19:59.423" intervalms="147.564" />
<cycle-start id="5085" type="partial gc" contextid="0" timestamp="2019-08-09T00:19:59.423" intervalms="147.356" />
<gc-start id="5086" type="partial gc" contextid="5085" timestamp="2019-08-09T00:19:59.423">
  <mem-info id="5087" free="79691776" total="241172480" percent="33">
    <mem type="eden" free="0" total="67108864" percent="0" />
    <remembered-set count="7968" freebytes="9609728" totalbytes="9641600" percent="99" regionsoverflowed="0" regionsstable="11" regionsrebuilding="0"/>
  </mem-info>
</gc-start>
<allocation-stats totalBytes="66981464" >
  <allocated-bytes non-tlh="114720" tlh="66866744" arrayletleaf="0"/>
  <largest-consumer threadName="Thread-41" threadId="0000000002300A00" bytes="9498152" />
</allocation-stats>
<gc-op id="5088" type="copy forward" timems="90.228" contextid="5085" timestamp="2019-08-09T00:19:59.515">
  <memory-copied type="eden" objects="10083" bytes="4069912" bytesdiscarded="589672" />
  <memory-copied type="other" objects="19" bytes="872" bytesdiscarded="0" />
  <memory-cardclean objects="3206" bytes="143272" />
  <regions eden="32" other="3" />
  <remembered-set-cleared processed="1092" cleared="573" durationms="0.609" />
  <references type="phantom" candidates="1" cleared="0" enqueued="0" />
  <stringconstants candidates="16493" cleared="0"  />
</gc-op>
<gc-op id="5089" type="classunload" timems="0.011" contextid="5085" timestamp="2019-08-09T00:19:59.515">
  <classunload-info classloadercandidates="69" classloadersunloaded="0" classesunloaded="0" anonymousclassesunloaded="0" quiescems="0.000" setupms="0.011" scanms="0.000" postms="0.000" />
</gc-op>
<heap-resize id="5090" type="expand" space="default" amount="6291456" count="1" timems="0.063" reason="excessive time being spent in gc" timestamp="2019-08-09T00:19:59.516" />
<gc-end id="5091" type="partial gc" contextid="5085" durationms="92.259" usertimems="45.978" systemtimems="62.891" timestamp="2019-08-09T00:19:59.516" activeThreads="16">
  <mem-info id="5092" free="148897792" total="247463936" percent="60">
    <mem type="eden" free="1631600" total="6291456" percent="25" />
    <remembered-set count="9376" freebytes="9855616" totalbytes="9893120" percent="99" regionsoverflowed="0" regionsstable="11" regionsrebuilding="0"/>
  </mem-info>
</gc-end>
<cycle-end id="5093" type="partial gc" contextid="5085" timestamp="2019-08-09T00:19:59.516" />
  <attribute name="elasticGC enabled" value="1" />
  <attribute name= "numThreadsSpecified" value="16" />
  <attribute name="heapSize specified" value="0" />
  <attribute name="Current GC Util" value="64" />
  <attribute name= "Current Time Running" value="209658" />
  <attribute name ="GC Interval" value="0" />
  <attribute name="Target GC Util Change" value ="80.000000" />
  <attribute name="Current GC Util Change" value="64.000000"/>
  <attribute name="Current Error" value="16.000000" />
  <attribute name="Output H" value="241210336"/>
  <attribute name="Output I" value="2016"/>
  <attribute name="Output T" value="16"/>
  <attribute name= "Current Time Running" value="209658" />
  <attribute name="GC Util currently" value="64" />
  <attribute name="CPU Util currently" value="1009034088941" />
<exclusive-end id="5094" timestamp="2019-08-09T00:19:59.516" durationms="94.788" />

<exclusive-start id="5095" timestamp="2019-08-09T00:19:59.583" intervalms="161.819">
  <response-info timems="13.413" idlems="13.413" threads="0" lastid="00000000022EDF00" lastname="Thread-40" />
</exclusive-start>
<allocation-taxation id="5096" taxation-threshold="69206016" timestamp="2019-08-09T00:19:59.583" intervalms="160.510" />
<cycle-start id="5097" type="partial gc" contextid="0" timestamp="2019-08-09T00:19:59.586" intervalms="163.203" />
<gc-start id="5098" type="partial gc" contextid="5097" timestamp="2019-08-09T00:19:59.586">
  <mem-info id="5099" free="79691776" total="247463936" percent="32">
    <mem type="eden" free="0" total="69206016" percent="0" />
    <remembered-set count="8928" freebytes="9857408" totalbytes="9893120" percent="99" regionsoverflowed="0" regionsstable="11" regionsrebuilding="0"/>
  </mem-info>
</gc-start>
<allocation-stats totalBytes="69121672" >
  <allocated-bytes non-tlh="32776" tlh="69088896" arrayletleaf="0"/>
  <largest-consumer threadName="Thread-43" threadId="0000000002326500" bytes="9612320" />
</allocation-stats>
<gc-op id="5100" type="copy forward" timems="55.345" contextid="5097" timestamp="2019-08-09T00:19:59.647">
  <memory-copied type="eden" objects="10393" bytes="3991688" bytesdiscarded="545024" />
  <memory-copied type="other" objects="26" bytes="920" bytesdiscarded="0" />
  <memory-cardclean objects="3244" bytes="145032" />
  <regions eden="33" other="4" />
  <remembered-set-cleared processed="1130" cleared="615" durationms="0.228" />
  <references type="phantom" candidates="1" cleared="0" enqueued="0" />
  <stringconstants candidates="16493" cleared="0"  />
</gc-op>
<gc-op id="5101" type="classunload" timems="0.015" contextid="5097" timestamp="2019-08-09T00:19:59.647">
  <classunload-info classloadercandidates="69" classloadersunloaded="0" classesunloaded="0" anonymousclassesunloaded="0" quiescems="0.000" setupms="0.015" scanms="0.000" postms="0.000" />
</gc-op>
<heap-resize id="5102" type="expand" space="default" amount="4194304" count="1" timems="0.064" reason="excessive time being spent in gc" timestamp="2019-08-09T00:19:59.647" />
<gc-end id="5103" type="partial gc" contextid="5097" durationms="60.911" usertimems="80.014" systemtimems="42.494" timestamp="2019-08-09T00:19:59.647" activeThreads="16">
  <mem-info id="5104" free="150994944" total="251658240" percent="60">
    <mem type="eden" free="1754480" total="6291456" percent="27" />
    <remembered-set count="9888" freebytes="10021248" totalbytes="10060800" percent="99" regionsoverflowed="0" regionsstable="11" regionsrebuilding="0"/>
  </mem-info>
</gc-end>
<cycle-end id="5105" type="partial gc" contextid="5097" timestamp="2019-08-09T00:19:59.648" />
  <attribute name="elasticGC enabled" value="1" />
  <attribute name= "numThreadsSpecified" value="16" />
  <attribute name="heapSize specified" value="0" />
  <attribute name="Current GC Util" value="88" />
  <attribute name= "Current Time Running" value="209825" />
  <attribute name ="GC Interval" value="0" />
  <attribute name="Target GC Util Change" value ="80.000000" />
  <attribute name="Current GC Util Change" value="88.000000"/>
  <attribute name="Current Error" value="43.000000" />
  <attribute name="Output H" value="247501800"/>
  <attribute name="Output I" value="2024"/>
  <attribute name="Output T" value="16"/>
  <attribute name= "Current Time Running" value="209825" />
  <attribute name="GC Util currently" value="88" />
  <attribute name="CPU Util currently" value="437951001769" />
<exclusive-end id="5106" timestamp="2019-08-09T00:19:59.648" durationms="64.285" />

<exclusive-start id="5107" timestamp="2019-08-09T00:19:59.705" intervalms="121.936">
  <response-info timems="1.028" idlems="1.028" threads="0" lastid="0000000002335500" lastname="Thread-42" />
</exclusive-start>
<allocation-taxation id="5108" taxation-threshold="69206016" timestamp="2019-08-09T00:19:59.705" intervalms="122.023" />
<cycle-start id="5109" type="partial gc" contextid="0" timestamp="2019-08-09T00:19:59.706" intervalms="119.245" />
<gc-start id="5110" type="partial gc" contextid="5109" timestamp="2019-08-09T00:19:59.706">
  <mem-info id="5111" free="81788928" total="251658240" percent="32">
    <mem type="eden" free="0" total="69206016" percent="0" />
    <remembered-set count="9472" freebytes="10022912" totalbytes="10060800" percent="99" regionsoverflowed="0" regionsstable="11" regionsrebuilding="0"/>
  </mem-info>
</gc-start>
<allocation-stats totalBytes="69026048" >
  <allocated-bytes non-tlh="16392" tlh="69009656" arrayletleaf="0"/>
  <largest-consumer threadName="Thread-43" threadId="0000000002326500" bytes="8030000" />
</allocation-stats>
<gc-op id="5112" type="copy forward" timems="100.209" contextid="5109" timestamp="2019-08-09T00:19:59.808">
  <memory-copied type="eden" objects="9858" bytes="3832896" bytesdiscarded="922432" />
  <memory-copied type="other" objects="828" bytes="503936" bytesdiscarded="23272" />
  <memory-cardclean objects="3246" bytes="145248" />
  <regions eden="33" other="5" />
  <remembered-set-cleared processed="1115" cleared="646" durationms="0.369" />
  <references type="phantom" candidates="3" cleared="0" enqueued="0" />
  <stringconstants candidates="16493" cleared="0"  />
</gc-op>
<gc-op id="5113" type="classunload" timems="0.017" contextid="5109" timestamp="2019-08-09T00:19:59.808">
  <classunload-info classloadercandidates="69" classloadersunloaded="0" classesunloaded="0" anonymousclassesunloaded="0" quiescems="0.000" setupms="0.017" scanms="0.000" postms="0.000" />
</gc-op>
<heap-resize id="5114" type="expand" space="default" amount="6291456" count="1" timems="0.064" reason="excessive time being spent in gc" timestamp="2019-08-09T00:19:59.808" />
<gc-end id="5115" type="partial gc" contextid="5109" durationms="101.821" usertimems="64.404" systemtimems="48.125" timestamp="2019-08-09T00:19:59.808" activeThreads="16">
  <mem-info id="5116" free="155189248" total="257949696" percent="60">
    <mem type="eden" free="1535840" total="6291456" percent="24" />
    <remembered-set count="9536" freebytes="10274176" totalbytes="10312320" percent="99" regionsoverflowed="0" regionsstable="11" regionsrebuilding="0"/>
  </mem-info>
</gc-end>
<cycle-end id="5117" type="partial gc" contextid="5109" timestamp="2019-08-09T00:19:59.808" />
  <attribute name="elasticGC enabled" value="1" />
  <attribute name= "numThreadsSpecified" value="16" />
  <attribute name="heapSize specified" value="0" />
  <attribute name="Current GC Util" value="155" />
  <attribute name= "Current Time Running" value="209940" />
  <attribute name ="GC Interval" value="0" />
  <attribute name="Target GC Util Change" value ="80.000000" />
  <attribute name="Current GC Util Change" value="155.000000"/>
  <attribute name="Current Error" value="-22.000000" />
  <attribute name="Output H" value="251696072"/>
  <attribute name="Output I" value="1992"/>
  <attribute name="Output T" value="16"/>
  <attribute name= "Current Time Running" value="209940" />
  <attribute name="GC Util currently" value="155" />
  <attribute name="CPU Util currently" value="1277843300967" />
<exclusive-end id="5118" timestamp="2019-08-09T00:19:59.808" durationms="102.799" />

<exclusive-start id="5119" timestamp="2019-08-09T00:19:59.912" intervalms="206.269">
  <response-info timems="12.856" idlems="2.208" threads="6" lastid="0000000002313A00" lastname="Thread-37" />
</exclusive-start>
<allocation-taxation id="5120" taxation-threshold="71303168" timestamp="2019-08-09T00:19:59.912" intervalms="206.163" />
<cycle-start id="5121" type="partial gc" contextid="0" timestamp="2019-08-09T00:19:59.912" intervalms="206.172" />
<gc-start id="5122" type="partial gc" contextid="5121" timestamp="2019-08-09T00:19:59.912">
  <mem-info id="5123" free="83886080" total="257949696" percent="32">
    <mem type="eden" free="0" total="71303168" percent="0" />
    <remembered-set count="9152" freebytes="10275712" totalbytes="10312320" percent="99" regionsoverflowed="0" regionsstable="11" regionsrebuilding="0"/>
  </mem-info>
</gc-start>
<allocation-stats totalBytes="71091016" >
  <allocated-bytes non-tlh="32792" tlh="71058224" arrayletleaf="0"/>
  <largest-consumer threadName="Thread-47" threadId="00000000022E6700" bytes="7280424" />
</allocation-stats>
<gc-op id="5124" type="copy forward" timems="69.616" contextid="5121" timestamp="2019-08-09T00:19:59.983">
  <memory-copied type="eden" objects="8690" bytes="3436600" bytesdiscarded="310944" />
  <memory-copied type="other" objects="30" bytes="1304" bytesdiscarded="0" />
  <memory-cardclean objects="3208" bytes="143504" />
  <regions eden="34" other="4" />
  <remembered-set-cleared processed="1115" cleared="599" durationms="0.269" />
  <references type="phantom" candidates="2" cleared="0" enqueued="0" />
  <stringconstants candidates="16493" cleared="0"  />
</gc-op>
<gc-op id="5125" type="classunload" timems="0.015" contextid="5121" timestamp="2019-08-09T00:19:59.983">
  <classunload-info classloadercandidates="69" classloadersunloaded="0" classesunloaded="0" anonymousclassesunloaded="0" quiescems="0.000" setupms="0.015" scanms="0.000" postms="0.000" />
</gc-op>
<gc-end id="5126" type="partial gc" contextid="5121" durationms="70.967" usertimems="41.694" systemtimems="35.388" timestamp="2019-08-09T00:19:59.983" activeThreads="16">
  <mem-info id="5127" free="155189248" total="257949696" percent="60">
    <mem type="eden" free="446504" total="4194304" percent="10" />
    <remembered-set count="7392" freebytes="10282752" totalbytes="10312320" percent="99" regionsoverflowed="0" regionsstable="11" regionsrebuilding="0"/>
  </mem-info>
</gc-end>
<cycle-end id="5128" type="partial gc" contextid="5121" timestamp="2019-08-09T00:19:59.983" />
  <attribute name="elasticGC enabled" value="1" />
  <attribute name= "numThreadsSpecified" value="16" />
  <attribute name="heapSize specified" value="0" />
  <attribute name="Current GC Util" value="109" />
  <attribute name= "Current Time Running" value="210146" />
  <attribute name ="GC Interval" value="0" />
  <attribute name="Target GC Util Change" value ="80.000000" />
  <attribute name="Current GC Util Change" value="109.000000"/>
  <attribute name="Current Error" value="-29.000000" />
  <attribute name="Output H" value="257987520"/>
  <attribute name="Output I" value="1984"/>
  <attribute name="Output T" value="16"/>
  <attribute name= "Current Time Running" value="210146" />
  <attribute name="GC Util currently" value="109" />
  <attribute name="CPU Util currently" value="1836297687478" />
<exclusive-end id="5129" timestamp="2019-08-09T00:19:59.984" durationms="72.009" />

<exclusive-start id="5130" timestamp="2019-08-09T00:20:00.142" intervalms="230.831">
  <response-info timems="1.105" idlems="0.501" threads="11" lastid="0000000002326500" lastname="Thread-43" />
</exclusive-start>
<allocation-taxation id="5131" taxation-threshold="71303168" timestamp="2019-08-09T00:20:00.143" intervalms="230.894" />
<cycle-start id="5132" type="partial gc" contextid="0" timestamp="2019-08-09T00:20:00.143" intervalms="230.906" />
<gc-start id="5133" type="partial gc" contextid="5132" timestamp="2019-08-09T00:20:00.143">
  <mem-info id="5134" free="83886080" total="257949696" percent="32">
    <mem type="eden" free="0" total="71303168" percent="0" />
    <remembered-set count="6976" freebytes="10284416" totalbytes="10312320" percent="99" regionsoverflowed="0" regionsstable="11" regionsrebuilding="0"/>
  </mem-info>
</gc-start>
<allocation-stats totalBytes="71115304" >
  <allocated-bytes non-tlh="131112" tlh="70984192" arrayletleaf="0"/>
  <largest-consumer threadName="Thread-40" threadId="00000000022EDF00" bytes="7064128" />
</allocation-stats>
<gc-op id="5135" type="copy forward" timems="11.017" contextid="5132" timestamp="2019-08-09T00:20:00.155">
  <memory-copied type="eden" objects="9794" bytes="3805088" bytesdiscarded="754752" />
  <memory-copied type="other" objects="557" bytes="319792" bytesdiscarded="34320" />
  <memory-cardclean objects="3299" bytes="164600" />
  <regions eden="34" other="4" />
  <remembered-set-cleared processed="1036" cleared="583" durationms="0.144" />
  <references type="phantom" candidates="4" cleared="0" enqueued="0" />
  <stringconstants candidates="16493" cleared="0"  />
</gc-op>
<gc-op id="5136" type="classunload" timems="0.011" contextid="5132" timestamp="2019-08-09T00:20:00.155">
  <classunload-info classloadercandidates="69" classloadersunloaded="0" classesunloaded="0" anonymousclassesunloaded="0" quiescems="0.000" setupms="0.011" scanms="0.000" postms="0.000" />
</gc-op>
<heap-resize id="5137" type="expand" space="default" amount="10485760" count="1" timems="0.071" reason="excessive time being spent in gc" timestamp="2019-08-09T00:20:00.155" />
<gc-end id="5138" type="partial gc" contextid="5132" durationms="12.611" usertimems="12.564" systemtimems="21.328" timestamp="2019-08-09T00:20:00.156" activeThreads="16">
  <mem-info id="5139" free="161480704" total="268435456" percent="60">
    <mem type="eden" free="1731328" total="6291456" percent="27" />
    <remembered-set count="8928" freebytes="10695808" totalbytes="10731520" percent="99" regionsoverflowed="0" regionsstable="11" regionsrebuilding="0"/>
  </mem-info>
</gc-end>
<cycle-end id="5140" type="partial gc" contextid="5132" timestamp="2019-08-09T00:20:00.157" />
  <attribute name="elasticGC enabled" value="1" />
  <attribute name= "numThreadsSpecified" value="16" />
  <attribute name="heapSize specified" value="0" />
  <attribute name="Current GC Util" value="80" />
  <attribute name= "Current Time Running" value="210377" />
  <attribute name ="GC Interval" value="0" />
  <attribute name="Target GC Util Change" value ="80.000000" />
  <attribute name="Current GC Util Change" value="80.000000"/>
  <attribute name="Current Error" value="22.000000" />
  <attribute name="Output H" value="257987552"/>
  <attribute name="Output I" value="2016"/>
  <attribute name="Output T" value="16"/>
  <attribute name= "Current Time Running" value="210377" />
  <attribute name="GC Util currently" value="80" />
  <attribute name="CPU Util currently" value="1233737300841" />
<exclusive-end id="5141" timestamp="2019-08-09T00:20:00.158" durationms="15.166" />

<exclusive-start id="5142" timestamp="2019-08-09T00:20:00.382" intervalms="239.536">
  <response-info timems="6.196" idlems="6.196" threads="0" lastid="0000000002326500" lastname="Thread-43" />
</exclusive-start>
<allocation-taxation id="5143" taxation-threshold="73400320" timestamp="2019-08-09T00:20:00.391" intervalms="248.393" />
<cycle-start id="5144" type="partial gc" contextid="0" timestamp="2019-08-09T00:20:00.401" intervalms="258.310" />
<gc-start id="5145" type="partial gc" contextid="5144" timestamp="2019-08-09T00:20:00.401">
  <mem-info id="5146" free="88080384" total="268435456" percent="32">
    <mem type="eden" free="0" total="73400320" percent="0" />
    <remembered-set count="8704" freebytes="10696704" totalbytes="10731520" percent="99" regionsoverflowed="0" regionsstable="11" regionsrebuilding="0"/>
  </mem-info>
</gc-start>
<allocation-stats totalBytes="73180488" >
  <allocated-bytes non-tlh="49176" tlh="73131312" arrayletleaf="0"/>
  <largest-consumer threadName="Thread-42" threadId="0000000002335500" bytes="11721776" />
</allocation-stats>
<gc-op id="5147" type="copy forward" timems="41.580" contextid="5144" timestamp="2019-08-09T00:20:00.444">
  <memory-copied type="eden" objects="8576" bytes="3525024" bytesdiscarded="636568" />
  <memory-copied type="other" objects="28" bytes="1536" bytesdiscarded="0" />
  <memory-cardclean objects="3212" bytes="143816" />
  <regions eden="35" other="4" />
  <remembered-set-cleared processed="1123" cleared="608" durationms="0.389" />
  <references type="phantom" candidates="2" cleared="0" enqueued="0" />
  <stringconstants candidates="16493" cleared="0"  />
</gc-op>
<gc-op id="5148" type="classunload" timems="0.021" contextid="5144" timestamp="2019-08-09T00:20:00.444">
  <classunload-info classloadercandidates="69" classloadersunloaded="0" classesunloaded="0" anonymousclassesunloaded="0" quiescems="0.000" setupms="0.020" scanms="0.000" postms="0.000" />
</gc-op>
<heap-resize id="5149" type="expand" space="default" amount="4194304" count="1" timems="0.078" reason="excessive time being spent in gc" timestamp="2019-08-09T00:20:00.445" />
<gc-end id="5150" type="partial gc" contextid="5144" durationms="43.300" usertimems="14.467" systemtimems="29.086" timestamp="2019-08-09T00:20:00.445" activeThreads="16">
  <mem-info id="5151" free="163577856" total="272629760" percent="60">
    <mem type="eden" free="2129600" total="6291456" percent="33" />
    <remembered-set count="8832" freebytes="10863872" totalbytes="10899200" percent="99" regionsoverflowed="0" regionsstable="11" regionsrebuilding="0"/>
  </mem-info>
</gc-end>
<cycle-end id="5152" type="partial gc" contextid="5144" timestamp="2019-08-09T00:20:00.449" />
  <attribute name="elasticGC enabled" value="1" />
  <attribute name= "numThreadsSpecified" value="16" />
  <attribute name="heapSize specified" value="0" />
  <attribute name="Current GC Util" value="70" />
  <attribute name= "Current Time Running" value="210636" />
  <attribute name ="GC Interval" value="0" />
  <attribute name="Target GC Util Change" value ="80.000000" />
  <attribute name="Current GC Util Change" value="70.000000"/>
  <attribute name="Current Error" value="101.000000" />
  <attribute name="Output H" value="268473360"/>
  <attribute name="Output I" value="2064"/>
  <attribute name="Output T" value="16"/>
  <attribute name= "Current Time Running" value="210636" />
  <attribute name="GC Util currently" value="70" />
  <attribute name="CPU Util currently" value="1448981607809" />
<exclusive-end id="5153" timestamp="2019-08-09T00:20:00.452" durationms="70.558" />

<exclusive-start id="5154" timestamp="2019-08-09T00:20:00.605" intervalms="223.091">
  <response-info timems="14.625" idlems="6.392" threads="8" lastid="00000000022F5600" lastname="Thread-46" />
</exclusive-start>
<allocation-taxation id="5155" taxation-threshold="75497472" timestamp="2019-08-09T00:20:00.605" intervalms="214.237" />
<cycle-start id="5156" type="partial gc" contextid="0" timestamp="2019-08-09T00:20:00.605" intervalms="204.390" />
<gc-start id="5157" type="partial gc" contextid="5156" timestamp="2019-08-09T00:20:00.606">
  <mem-info id="5158" free="88080384" total="272629760" percent="32">
    <mem type="eden" free="2097120" total="77594624" percent="2" />
    <remembered-set count="8448" freebytes="10865408" totalbytes="10899200" percent="99" regionsoverflowed="0" regionsstable="11" regionsrebuilding="0"/>
  </mem-info>
</gc-start>
<allocation-stats totalBytes="75286992" >
  <allocated-bytes non-tlh="40984" tlh="75246008" arrayletleaf="0"/>
  <largest-consumer threadName="Thread-51" threadId="000000000230FE00" bytes="7838536" />
</allocation-stats>
<gc-op id="5159" type="copy forward" timems="33.913" contextid="5156" timestamp="2019-08-09T00:20:00.642">
  <memory-copied type="eden" objects="9888" bytes="3795000" bytesdiscarded="585272" />
  <memory-copied type="other" objects="40" bytes="1952" bytesdiscarded="672" />
  <memory-cardclean objects="3231" bytes="144496" />
  <regions eden="36" other="4" />
  <remembered-set-cleared processed="1068" cleared="557" durationms="0.748" />
  <references type="weak" candidates="1" cleared="0" enqueued="0" />
  <references type="phantom" candidates="3" cleared="0" enqueued="0" />
  <stringconstants candidates="16493" cleared="0"  />
</gc-op>
<gc-op id="5160" type="classunload" timems="0.015" contextid="5156" timestamp="2019-08-09T00:20:00.642">
  <classunload-info classloadercandidates="69" classloadersunloaded="0" classesunloaded="0" anonymousclassesunloaded="0" quiescems="0.000" setupms="0.015" scanms="0.000" postms="0.000" />
</gc-op>
<heap-resize id="5161" type="expand" space="default" amount="6291456" count="1" timems="0.069" reason="excessive time being spent in gc" timestamp="2019-08-09T00:20:00.642" />
<gc-end id="5162" type="partial gc" contextid="5156" durationms="36.939" usertimems="30.490" systemtimems="15.809" timestamp="2019-08-09T00:20:00.643" activeThreads="16">
  <mem-info id="5163" free="167772160" total="278921216" percent="60">
    <mem type="eden" free="1910912" total="6291456" percent="30" />
    <remembered-set count="9824" freebytes="11111424" totalbytes="11150720" percent="99" regionsoverflowed="0" regionsstable="11" regionsrebuilding="0"/>
  </mem-info>
</gc-end>
<cycle-end id="5164" type="partial gc" contextid="5156" timestamp="2019-08-09T00:20:00.643" />
  <attribute name="elasticGC enabled" value="1" />
  <attribute name= "numThreadsSpecified" value="16" />
  <attribute name="heapSize specified" value="0" />
  <attribute name="Current GC Util" value="73" />
  <attribute name= "Current Time Running" value="210841" />
  <attribute name ="GC Interval" value="0" />
  <attribute name="Target GC Util Change" value ="80.000000" />
  <attribute name="Current GC Util Change" value="73.000000"/>
  <attribute name="Current Error" value="7.000000" />
  <attribute name="Output H" value="272667608"/>
  <attribute name="Output I" value="2008"/>
  <attribute name="Output T" value="16"/>
  <attribute name= "Current Time Running" value="210841" />
  <attribute name="GC Util currently" value="73" />
  <attribute name="CPU Util currently" value="597438218785" />
<exclusive-end id="5165" timestamp="2019-08-09T00:20:00.644" durationms="38.579" />

<exclusive-start id="5166" timestamp="2019-08-09T00:20:00.979" intervalms="374.301">
  <response-info timems="12.599" idlems="12.599" threads="0" lastid="0000000002335500" lastname="Thread-42" />
</exclusive-start>
<allocation-taxation id="5167" taxation-threshold="77594624" timestamp="2019-08-09T00:20:00.979" intervalms="374.250" />
<cycle-start id="5168" type="partial gc" contextid="0" timestamp="2019-08-09T00:20:00.981" intervalms="375.751" />
<gc-start id="5169" type="partial gc" contextid="5168" timestamp="2019-08-09T00:20:00.981">
  <mem-info id="5170" free="90177536" total="278921216" percent="32">
    <mem type="eden" free="0" total="77594624" percent="0" />
    <remembered-set count="9376" freebytes="11113216" totalbytes="11150720" percent="99" regionsoverflowed="0" regionsstable="11" regionsrebuilding="0"/>
  </mem-info>
</gc-start>
<allocation-stats totalBytes="77469640" >
  <allocated-bytes non-tlh="32776" tlh="77436864" arrayletleaf="0"/>
  <largest-consumer threadName="Thread-39" threadId="0000000002331900" bytes="8061728" />
</allocation-stats>
<gc-op id="5171" type="copy forward" timems="31.769" contextid="5168" timestamp="2019-08-09T00:20:01.017">
  <memory-copied type="eden" objects="9888" bytes="3909320" bytesdiscarded="671032" />
  <memory-copied type="other" objects="31" bytes="1928" bytesdiscarded="672" />
  <memory-cardclean objects="3240" bytes="144984" />
  <regions eden="37" other="4" />
  <remembered-set-cleared processed="1117" cleared="605" durationms="0.281" />
  <references type="phantom" candidates="1" cleared="0" enqueued="0" />
  <stringconstants candidates="16493" cleared="0"  />
</gc-op>
<gc-op id="5172" type="classunload" timems="0.013" contextid="5168" timestamp="2019-08-09T00:20:01.017">
  <classunload-info classloadercandidates="69" classloadersunloaded="0" classesunloaded="0" anonymousclassesunloaded="0" quiescems="0.000" setupms="0.013" scanms="0.000" postms="0.000" />
</gc-op>
<heap-resize id="5173" type="expand" space="default" amount="4194304" count="1" timems="0.060" reason="excessive time being spent in gc" timestamp="2019-08-09T00:20:01.018" />
<gc-end id="5174" type="partial gc" contextid="5168" durationms="36.329" usertimems="60.067" systemtimems="25.420" timestamp="2019-08-09T00:20:01.018" activeThreads="16">
  <mem-info id="5175" free="169869312" total="283115520" percent="60">
    <mem type="eden" free="1710848" total="6291456" percent="27" />
    <remembered-set count="11360" freebytes="11272960" totalbytes="11318400" percent="99" regionsoverflowed="0" regionsstable="11" regionsrebuilding="0"/>
  </mem-info>
</gc-end>
<cycle-end id="5176" type="partial gc" contextid="5168" timestamp="2019-08-09T00:20:01.019" />
  <attribute name="elasticGC enabled" value="1" />
  <attribute name= "numThreadsSpecified" value="16" />
  <attribute name="heapSize specified" value="0" />
  <attribute name="Current GC Util" value="75" />
  <attribute name= "Current Time Running" value="211219" />
  <attribute name ="GC Interval" value="0" />
  <attribute name="Target GC Util Change" value ="80.000000" />
  <attribute name="Current GC Util Change" value="75.000000"/>
  <attribute name="Current Error" value="82.000000" />
  <attribute name="Output H" value="278959104"/>
  <attribute name="Output I" value="2048"/>
  <attribute name="Output T" value="16"/>
  <attribute name= "Current Time Running" value="211219" />
  <attribute name="GC Util currently" value="75" />
  <attribute name="CPU Util currently" value="293948590005" />
<exclusive-end id="5177" timestamp="2019-08-09T00:20:01.020" durationms="40.749" />

<exclusive-start id="5178" timestamp="2019-08-09T00:20:01.128" intervalms="148.742">
  <response-info timems="0.845" idlems="0.845" threads="0" lastid="000000000232A100" lastname="Thread-44" />
</exclusive-start>
<allocation-taxation id="5179" taxation-threshold="77594624" timestamp="2019-08-09T00:20:01.128" intervalms="148.732" />
<cycle-start id="5180" type="partial gc" contextid="0" timestamp="2019-08-09T00:20:01.128" intervalms="147.195" />
<gc-start id="5181" type="partial gc" contextid="5180" timestamp="2019-08-09T00:20:01.129">
  <mem-info id="5182" free="92274688" total="283115520" percent="32">
    <mem type="eden" free="0" total="77594624" percent="0" />
    <remembered-set count="11040" freebytes="11274240" totalbytes="11318400" percent="99" regionsoverflowed="0" regionsstable="11" regionsrebuilding="0"/>
  </mem-info>
</gc-start>
<allocation-stats totalBytes="77441656" >
  <allocated-bytes non-tlh="16392" tlh="77425264" arrayletleaf="0"/>
  <largest-consumer threadName="Thread-48" threadId="000000000232DD00" bytes="9237096" />
</allocation-stats>
<gc-op id="5183" type="copy forward" timems="90.391" contextid="5180" timestamp="2019-08-09T00:20:01.222">
  <memory-copied type="eden" objects="8502" bytes="3529736" bytesdiscarded="597984" />
  <memory-copied type="other" objects="29" bytes="1640" bytesdiscarded="0" />
  <memory-cardclean objects="3240" bytes="145056" />
  <regions eden="37" other="4" />
  <remembered-set-cleared processed="1124" cleared="611" durationms="0.418" />
  <references type="weak" candidates="1" cleared="0" enqueued="0" />
  <references type="phantom" candidates="6" cleared="0" enqueued="0" />
  <stringconstants candidates="16493" cleared="0"  />
</gc-op>
<gc-op id="5184" type="classunload" timems="0.015" contextid="5180" timestamp="2019-08-09T00:20:01.222">
  <classunload-info classloadercandidates="69" classloadersunloaded="0" classesunloaded="0" anonymousclassesunloaded="0" quiescems="0.000" setupms="0.015" scanms="0.000" postms="0.000" />
</gc-op>
<gc-end id="5185" type="partial gc" contextid="5180" durationms="93.937" usertimems="91.827" systemtimems="39.248" timestamp="2019-08-09T00:20:01.223" activeThreads="16">
  <mem-info id="5186" free="169869312" total="283115520" percent="60">
    <mem type="eden" free="66296" total="4194304" percent="1" />
    <remembered-set count="9856" freebytes="11278976" totalbytes="11318400" percent="99" regionsoverflowed="0" regionsstable="11" regionsrebuilding="0"/>
  </mem-info>
</gc-end>
<cycle-end id="5187" type="partial gc" contextid="5180" timestamp="2019-08-09T00:20:01.223" />
  <attribute name="elasticGC enabled" value="1" />
  <attribute name= "numThreadsSpecified" value="16" />
  <attribute name="heapSize specified" value="0" />
  <attribute name="Current GC Util" value="25" />
  <attribute name= "Current Time Running" value="211365" />
  <attribute name ="GC Interval" value="0" />
  <attribute name="Target GC Util Change" value ="80.000000" />
  <attribute name="Current GC Util Change" value="25.000000"/>
  <attribute name="Current Error" value="180.000000" />
  <attribute name="Output H" value="283153464"/>
  <attribute name="Output I" value="2104"/>
  <attribute name="Output T" value="16"/>
  <attribute name= "Current Time Running" value="211365" />
  <attribute name="GC Util currently" value="25" />
  <attribute name="CPU Util currently" value="439586256689" />
<exclusive-end id="5188" timestamp="2019-08-09T00:20:01.224" durationms="96.037" />

<exclusive-start id="5189" timestamp="2019-08-09T00:20:01.375" intervalms="246.442">
  <response-info timems="0.311" idlems="0.172" threads="1" lastid="0000000002322A00" lastname="Thread-49" />
</exclusive-start>
<allocation-taxation id="5190" taxation-threshold="77594624" timestamp="2019-08-09T00:20:01.375" intervalms="246.926" />
<cycle-start id="5191" type="partial gc" contextid="0" timestamp="2019-08-09T00:20:01.375" intervalms="246.986" />
<gc-start id="5192" type="partial gc" contextid="5191" timestamp="2019-08-09T00:20:01.375">
  <mem-info id="5193" free="92274688" total="283115520" percent="32">
    <mem type="eden" free="0" total="77594624" percent="0" />
    <remembered-set count="9472" freebytes="11280512" totalbytes="11318400" percent="99" regionsoverflowed="0" regionsstable="11" regionsrebuilding="0"/>
  </mem-info>
</gc-start>
<allocation-stats totalBytes="77443120" >
  <allocated-bytes non-tlh="32784" tlh="77410336" arrayletleaf="0"/>
  <largest-consumer threadName="Thread-37" threadId="0000000002313A00" bytes="6674176" />
</allocation-stats>
<gc-op id="5194" type="copy forward" timems="107.150" contextid="5191" timestamp="2019-08-09T00:20:01.487">
  <memory-copied type="eden" objects="9718" bytes="3973960" bytesdiscarded="769344" />
  <memory-copied type="other" objects="25" bytes="968" bytesdiscarded="0" />
  <memory-cardclean objects="3227" bytes="144344" />
  <regions eden="37" other="3" />
  <remembered-set-cleared processed="1073" cleared="555" durationms="0.295" />
  <references type="phantom" candidates="2" cleared="0" enqueued="0" />
  <stringconstants candidates="16493" cleared="0"  />
</gc-op>
<gc-op id="5195" type="classunload" timems="0.014" contextid="5191" timestamp="2019-08-09T00:20:01.487">
  <classunload-info classloadercandidates="69" classloadersunloaded="0" classesunloaded="0" anonymousclassesunloaded="0" quiescems="0.000" setupms="0.014" scanms="0.000" postms="0.000" />
</gc-op>
<heap-resize id="5196" type="expand" space="default" amount="10485760" count="1" timems="0.087" reason="excessive time being spent in gc" timestamp="2019-08-09T00:20:01.487" />
<gc-end id="5197" type="partial gc" contextid="5191" durationms="111.823" usertimems="117.482" systemtimems="64.232" timestamp="2019-08-09T00:20:01.487" activeThreads="16">
  <mem-info id="5198" free="176160768" total="293601280" percent="60">
    <mem type="eden" free="1547864" total="6291456" percent="24" />
    <remembered-set count="7840" freebytes="11706240" totalbytes="11737600" percent="99" regionsoverflowed="0" regionsstable="11" regionsrebuilding="0"/>
  </mem-info>
</gc-end>
<cycle-end id="5199" type="partial gc" contextid="5191" timestamp="2019-08-09T00:20:01.488" />
  <attribute name="elasticGC enabled" value="1" />
  <attribute name= "numThreadsSpecified" value="16" />
  <attribute name="heapSize specified" value="0" />
  <attribute name="Current GC Util" value="47" />
  <attribute name= "Current Time Running" value="211613" />
  <attribute name ="GC Interval" value="0" />
  <attribute name="Target GC Util Change" value ="80.000000" />
  <attribute name="Current GC Util Change" value="47.000000"/>
  <attribute name="Current Error" value="33.000000" />
  <attribute name="Output H" value="283153384"/>
  <attribute name="Output I" value="2024"/>
  <attribute name="Output T" value="16"/>
  <attribute name= "Current Time Running" value="211613" />
  <attribute name="GC Util currently" value="47" />
  <attribute name="CPU Util currently" value="470341127687" />
<exclusive-end id="5200" timestamp="2019-08-09T00:20:01.488" durationms="113.427" />

<exclusive-start id="5201" timestamp="2019-08-09T00:20:01.611" intervalms="236.956">
  <response-info timems="1.975" idlems="0.986" threads="4" lastid="0000000002317600" lastname="Thread-45" />
</exclusive-start>
<allocation-taxation id="5202" taxation-threshold="79691776" timestamp="2019-08-09T00:20:01.612" intervalms="236.477" />
<cycle-start id="5203" type="partial gc" contextid="0" timestamp="2019-08-09T00:20:01.612" intervalms="236.393" />
<gc-start id="5204" type="partial gc" contextid="5203" timestamp="2019-08-09T00:20:01.612">
  <mem-info id="5205" free="96468992" total="293601280" percent="32">
    <mem type="eden" free="0" total="79691776" percent="0" />
    <remembered-set count="7392" freebytes="11708032" totalbytes="11737600" percent="99" regionsoverflowed="0" regionsstable="11" regionsrebuilding="0"/>
  </mem-info>
</gc-start>
<allocation-stats totalBytes="79623120" >
  <allocated-bytes non-tlh="0" tlh="79623120" arrayletleaf="0"/>
  <largest-consumer threadName="Thread-45" threadId="0000000002317600" bytes="7947432" />
</allocation-stats>
<gc-op id="5206" type="copy forward" timems="46.788" contextid="5203" timestamp="2019-08-09T00:20:01.661">
  <memory-copied type="eden" objects="9938" bytes="3944336" bytesdiscarded="636624" />
  <memory-copied type="other" objects="24" bytes="864" bytesdiscarded="0" />
  <memory-cardclean objects="3243" bytes="145152" />
  <regions eden="38" other="4" />
  <remembered-set-cleared processed="1112" cleared="596" durationms="0.225" />
  <references type="phantom" candidates="2" cleared="0" enqueued="0" />
  <stringconstants candidates="16493" cleared="0"  />
</gc-op>
<gc-op id="5207" type="classunload" timems="0.020" contextid="5203" timestamp="2019-08-09T00:20:01.661">
  <classunload-info classloadercandidates="69" classloadersunloaded="0" classesunloaded="0" anonymousclassesunloaded="0" quiescems="0.000" setupms="0.019" scanms="0.000" postms="0.000" />
</gc-op>
<heap-resize id="5208" type="expand" space="default" amount="6291456" count="1" timems="0.068" reason="excessive time being spent in gc" timestamp="2019-08-09T00:20:01.661" />
<gc-end id="5209" type="partial gc" contextid="5203" durationms="49.616" usertimems="53.373" systemtimems="21.317" timestamp="2019-08-09T00:20:01.662" activeThreads="16">
  <mem-info id="5210" free="180355072" total="299892736" percent="60">
    <mem type="eden" free="1710224" total="6291456" percent="27" />
    <remembered-set count="7840" freebytes="11957760" totalbytes="11989120" percent="99" regionsoverflowed="0" regionsstable="11" regionsrebuilding="0"/>
  </mem-info>
</gc-end>
<cycle-end id="5211" type="partial gc" contextid="5203" timestamp="2019-08-09T00:20:01.662" />
  <attribute name="elasticGC enabled" value="1" />
  <attribute name= "numThreadsSpecified" value="16" />
  <attribute name="heapSize specified" value="0" />
  <attribute name="Current GC Util" value="39" />
  <attribute name= "Current Time Running" value="211848" />
  <attribute name ="GC Interval" value="0" />
  <attribute name="Target GC Util Change" value ="80.000000" />
  <attribute name="Current GC Util Change" value="39.000000"/>
  <attribute name="Current Error" value="116.000000" />
  <attribute name="Output H" value="293639192"/>
  <attribute name="Output I" value="2072"/>
  <attribute name="Output T" value="16"/>
  <attribute name= "Current Time Running" value="211848" />
  <attribute name="GC Util currently" value="39" />
  <attribute name="CPU Util currently" value="680741401565" />
<exclusive-end id="5212" timestamp="2019-08-09T00:20:01.662" durationms="50.731" />

<exclusive-start id="5213" timestamp="2019-08-09T00:20:01.794" intervalms="182.725">
  <response-info timems="0.240" idlems="0.240" threads="0" lastid="000000000230FE00" lastname="Thread-51" />
</exclusive-start>
<allocation-taxation id="5214" taxation-threshold="81788928" timestamp="2019-08-09T00:20:01.794" intervalms="182.726" />
<cycle-start id="5215" type="partial gc" contextid="0" timestamp="2019-08-09T00:20:01.794" intervalms="182.693" />
<gc-start id="5216" type="partial gc" contextid="5215" timestamp="2019-08-09T00:20:01.795">
  <mem-info id="5217" free="98566144" total="299892736" percent="32">
    <mem type="eden" free="0" total="81788928" percent="0" />
    <remembered-set count="7424" freebytes="11959424" totalbytes="11989120" percent="99" regionsoverflowed="0" regionsstable="11" regionsrebuilding="0"/>
  </mem-info>
</gc-start>
<allocation-stats totalBytes="81569104" >
  <allocated-bytes non-tlh="65560" tlh="81503544" arrayletleaf="0"/>
  <largest-consumer threadName="Thread-45" threadId="0000000002317600" bytes="9125864" />
</allocation-stats>
<gc-op id="5218" type="copy forward" timems="104.526" contextid="5215" timestamp="2019-08-09T00:20:01.900">
  <memory-copied type="eden" objects="10338" bytes="4233424" bytesdiscarded="793344" />
  <memory-copied type="other" objects="16" bytes="576" bytesdiscarded="0" />
  <memory-cardclean objects="3225" bytes="144632" />
  <regions eden="39" other="4" />
  <remembered-set-cleared processed="1119" cleared="601" durationms="0.217" />
  <references type="phantom" candidates="2" cleared="0" enqueued="0" />
  <stringconstants candidates="16493" cleared="0"  />
</gc-op>
<gc-op id="5219" type="classunload" timems="0.021" contextid="5215" timestamp="2019-08-09T00:20:01.901">
  <classunload-info classloadercandidates="69" classloadersunloaded="0" classesunloaded="0" anonymousclassesunloaded="0" quiescems="0.000" setupms="0.021" scanms="0.000" postms="0.000" />
</gc-op>
<heap-resize id="5220" type="expand" space="default" amount="4194304" count="1" timems="0.072" reason="excessive time being spent in gc" timestamp="2019-08-09T00:20:01.901" />
<gc-end id="5221" type="partial gc" contextid="5215" durationms="106.211" usertimems="131.860" systemtimems="58.964" timestamp="2019-08-09T00:20:01.901" activeThreads="16">
  <mem-info id="5222" free="182452224" total="304087040" percent="60">
    <mem type="eden" free="1264416" total="6291456" percent="20" />
    <remembered-set count="10400" freebytes="12115200" totalbytes="12156800" percent="99" regionsoverflowed="0" regionsstable="11" regionsrebuilding="0"/>
  </mem-info>
</gc-end>
<cycle-end id="5223" type="partial gc" contextid="5215" timestamp="2019-08-09T00:20:01.901" />
  <attribute name="elasticGC enabled" value="1" />
  <attribute name= "numThreadsSpecified" value="16" />
  <attribute name="heapSize specified" value="0" />
  <attribute name="Current GC Util" value="108" />
  <attribute name= "Current Time Running" value="212029" />
  <attribute name ="GC Interval" value="0" />
  <attribute name="Target GC Util Change" value ="80.000000" />
  <attribute name="Current GC Util Change" value="108.000000"/>
  <attribute name="Current Error" value="143.000000" />
  <attribute name="Output H" value="299930664"/>
  <attribute name="Output I" value="2088"/>
  <attribute name="Output T" value="16"/>
  <attribute name= "Current Time Running" value="212029" />
  <attribute name="GC Util currently" value="108" />
  <attribute name="CPU Util currently" value="1886821195724" />
<exclusive-end id="5224" timestamp="2019-08-09T00:20:01.902" durationms="107.366" />

<exclusive-start id="5225" timestamp="2019-08-09T00:20:02.008" intervalms="214.214">
  <response-info timems="4.061" idlems="2.335" threads="1" lastid="0000000002326500" lastname="Thread-43" />
</exclusive-start>
<allocation-taxation id="5226" taxation-threshold="83886080" timestamp="2019-08-09T00:20:02.008" intervalms="214.221" />
<cycle-start id="5227" type="partial gc" contextid="0" timestamp="2019-08-09T00:20:02.009" intervalms="214.294" />
<gc-start id="5228" type="partial gc" contextid="5227" timestamp="2019-08-09T00:20:02.010">
  <mem-info id="5229" free="98566144" total="304087040" percent="32">
    <mem type="eden" free="0" total="83886080" percent="0" />
    <remembered-set count="9984" freebytes="12116864" totalbytes="12156800" percent="99" regionsoverflowed="0" regionsstable="11" regionsrebuilding="0"/>
  </mem-info>
</gc-start>
<allocation-stats totalBytes="83736656" >
  <allocated-bytes non-tlh="49168" tlh="83687488" arrayletleaf="0"/>
  <largest-consumer threadName="Thread-50" threadId="0000000002339100" bytes="8815272" />
</allocation-stats>
<gc-op id="5230" type="copy forward" timems="54.087" contextid="5227" timestamp="2019-08-09T00:20:02.065">
  <memory-copied type="eden" objects="9151" bytes="3707808" bytesdiscarded="634176" />
  <memory-copied type="other" objects="32" bytes="1152" bytesdiscarded="0" />
  <memory-cardclean objects="3246" bytes="145368" />
  <regions eden="40" other="4" />
  <remembered-set-cleared processed="1133" cleared="618" durationms="6.820" />
  <references type="phantom" candidates="2" cleared="0" enqueued="0" />
  <stringconstants candidates="16493" cleared="0"  />
</gc-op>
<gc-op id="5231" type="classunload" timems="0.016" contextid="5227" timestamp="2019-08-09T00:20:02.065">
  <classunload-info classloadercandidates="69" classloadersunloaded="0" classesunloaded="0" anonymousclassesunloaded="0" quiescems="0.000" setupms="0.016" scanms="0.000" postms="0.000" />
</gc-op>
<heap-resize id="5232" type="expand" space="default" amount="6291456" count="1" timems="0.075" reason="excessive time being spent in gc" timestamp="2019-08-09T00:20:02.066" />
<gc-end id="5233" type="partial gc" contextid="5227" durationms="55.744" usertimems="79.373" systemtimems="10.333" timestamp="2019-08-09T00:20:02.066" activeThreads="16">
  <mem-info id="5234" free="186646528" total="310378496" percent="60">
    <mem type="eden" free="1949200" total="6291456" percent="30" />
    <remembered-set count="7808" freebytes="12377088" totalbytes="12408320" percent="99" regionsoverflowed="0" regionsstable="11" regionsrebuilding="0"/>
  </mem-info>
</gc-end>
<cycle-end id="5235" type="partial gc" contextid="5227" timestamp="2019-08-09T00:20:02.066" />
  <attribute name="elasticGC enabled" value="1" />
  <attribute name= "numThreadsSpecified" value="16" />
  <attribute name="heapSize specified" value="0" />
  <attribute name="Current GC Util" value="520" />
  <attribute name= "Current Time Running" value="212245" />
  <attribute name ="GC Interval" value="0" />
  <attribute name="Target GC Util Change" value ="80.000000" />
  <attribute name="Current GC Util Change" value="520.000000"/>
  <attribute name="Current Error" value="-440.000000" />
  <attribute name="Output H" value="304124632"/>
  <attribute name="Output I" value="1752"/>
  <attribute name="Output T" value="16"/>
  <attribute name= "Current Time Running" value="212245" />
  <attribute name="GC Util currently" value="520" />
  <attribute name="CPU Util currently" value="1288424992512" />
<exclusive-end id="5236" timestamp="2019-08-09T00:20:02.067" durationms="58.277" />

<exclusive-start id="5237" timestamp="2019-08-09T00:20:02.208" intervalms="199.935">
  <response-info timems="34.317" idlems="34.317" threads="0" lastid="0000000002331900" lastname="Thread-39" />
</exclusive-start>
<allocation-taxation id="5238" taxation-threshold="83886080" timestamp="2019-08-09T00:20:02.209" intervalms="200.198" />
<cycle-start id="5239" type="partial gc" contextid="0" timestamp="2019-08-09T00:20:02.210" intervalms="201.346" />
<gc-start id="5240" type="partial gc" contextid="5239" timestamp="2019-08-09T00:20:02.210">
  <mem-info id="5241" free="102760448" total="310378496" percent="33">
    <mem type="eden" free="0" total="83886080" percent="0" />
    <remembered-set count="7488" freebytes="12378368" totalbytes="12408320" percent="99" regionsoverflowed="0" regionsstable="11" regionsrebuilding="0"/>
  </mem-info>
</gc-start>
<allocation-stats totalBytes="83671376" >
  <allocated-bytes non-tlh="57368" tlh="83614008" arrayletleaf="0"/>
  <largest-consumer threadName="Thread-47" threadId="00000000022E6700" bytes="8857416" />
</allocation-stats>
<gc-op id="5242" type="copy forward" timems="71.230" contextid="5239" timestamp="2019-08-09T00:20:02.283">
  <memory-copied type="eden" objects="9206" bytes="3728072" bytesdiscarded="602152" />
  <memory-copied type="other" objects="35" bytes="1600" bytesdiscarded="0" />
  <memory-cardclean objects="3249" bytes="145600" />
  <regions eden="40" other="4" />
  <remembered-set-cleared processed="1096" cleared="581" durationms="0.236" />
  <references type="phantom" candidates="6" cleared="0" enqueued="0" />
  <stringconstants candidates="16493" cleared="0"  />
</gc-op>
<gc-op id="5243" type="classunload" timems="0.017" contextid="5239" timestamp="2019-08-09T00:20:02.283">
  <classunload-info classloadercandidates="69" classloadersunloaded="0" classesunloaded="0" anonymousclassesunloaded="0" quiescems="0.000" setupms="0.017" scanms="0.000" postms="0.000" />
</gc-op>
<heap-resize id="5244" type="expand" space="default" amount="4194304" count="1" timems="0.071" reason="excessive time being spent in gc" timestamp="2019-08-09T00:20:02.283" />
<gc-end id="5245" type="partial gc" contextid="5239" durationms="73.295" usertimems="84.286" systemtimems="27.753" timestamp="2019-08-09T00:20:02.283" activeThreads="16">
  <mem-info id="5246" free="188743680" total="314572800" percent="60">
    <mem type="eden" free="1960928" total="6291456" percent="31" />
    <remembered-set count="9344" freebytes="12538624" totalbytes="12576000" percent="99" regionsoverflowed="0" regionsstable="11" regionsrebuilding="0"/>
  </mem-info>
</gc-end>
<cycle-end id="5247" type="partial gc" contextid="5239" timestamp="2019-08-09T00:20:02.284" />
  <attribute name="elasticGC enabled" value="1" />
  <attribute name= "numThreadsSpecified" value="16" />
  <attribute name="heapSize specified" value="0" />
  <attribute name="Current GC Util" value="75" />
  <attribute name= "Current Time Running" value="212445" />
  <attribute name ="GC Interval" value="0" />
  <attribute name="Target GC Util Change" value ="80.000000" />
  <attribute name="Current GC Util Change" value="75.000000"/>
  <attribute name="Current Error" value="-373.000000" />
  <attribute name="Output H" value="310416128"/>
  <attribute name="Output I" value="1792"/>
  <attribute name="Output T" value="16"/>
  <attribute name= "Current Time Running" value="212445" />
  <attribute name="GC Util currently" value="75" />
  <attribute name="CPU Util currently" value="907373392559" />
<exclusive-end id="5248" timestamp="2019-08-09T00:20:02.284" durationms="75.526" />

<exclusive-start id="5249" timestamp="2019-08-09T00:20:02.358" intervalms="149.438">
  <response-info timems="13.139" idlems="13.139" threads="0" lastid="0000000002335500" lastname="Thread-42" />
</exclusive-start>
<allocation-taxation id="5250" taxation-threshold="85983232" timestamp="2019-08-09T00:20:02.360" intervalms="151.813" />
<cycle-start id="5251" type="partial gc" contextid="0" timestamp="2019-08-09T00:20:02.372" intervalms="162.370" />
<gc-start id="5252" type="partial gc" contextid="5251" timestamp="2019-08-09T00:20:02.376">
  <mem-info id="5253" free="102760448" total="314572800" percent="32">
    <mem type="eden" free="0" total="85983232" percent="0" />
    <remembered-set count="9024" freebytes="12539904" totalbytes="12576000" percent="99" regionsoverflowed="0" regionsstable="11" regionsrebuilding="0"/>
  </mem-info>
</gc-start>
<allocation-stats totalBytes="85856952" >
  <allocated-bytes non-tlh="81952" tlh="85775000" arrayletleaf="0"/>
  <largest-consumer threadName="Thread-47" threadId="00000000022E6700" bytes="9746872" />
</allocation-stats>
<gc-op id="5254" type="copy forward" timems="128.643" contextid="5251" timestamp="2019-08-09T00:20:02.520">
  <memory-copied type="eden" objects="9016" bytes="3507296" bytesdiscarded="663512" />
  <memory-copied type="other" objects="46" bytes="12488" bytesdiscarded="0" />
  <memory-cardclean objects="3232" bytes="144976" />
  <regions eden="41" other="4" />
  <remembered-set-cleared processed="1088" cleared="571" durationms="0.214" />
  <references type="phantom" candidates="4" cleared="0" enqueued="0" />
  <stringconstants candidates="16493" cleared="0"  />
</gc-op>
<gc-op id="5255" type="classunload" timems="0.017" contextid="5251" timestamp="2019-08-09T00:20:02.521">
  <classunload-info classloadercandidates="69" classloadersunloaded="0" classesunloaded="0" anonymousclassesunloaded="0" quiescems="0.000" setupms="0.017" scanms="0.000" postms="0.000" />
</gc-op>
<gc-end id="5256" type="partial gc" contextid="5251" durationms="145.901" usertimems="168.544" systemtimems="84.306" timestamp="2019-08-09T00:20:02.522" activeThreads="16">
  <mem-info id="5257" free="188743680" total="314572800" percent="60">
    <mem type="eden" free="23216" total="4194304" percent="0" />
    <remembered-set count="7808" freebytes="12544768" totalbytes="12576000" percent="99" regionsoverflowed="0" regionsstable="11" regionsrebuilding="0"/>
  </mem-info>
</gc-end>
<cycle-end id="5258" type="partial gc" contextid="5251" timestamp="2019-08-09T00:20:02.522" />
  <attribute name="elasticGC enabled" value="1" />
  <attribute name= "numThreadsSpecified" value="16" />
  <attribute name="heapSize specified" value="0" />
  <attribute name="Current GC Util" value="7" />
  <attribute name= "Current Time Running" value="212623" />
  <attribute name ="GC Interval" value="0" />
  <attribute name="Target GC Util Change" value ="80.000000" />
  <attribute name="Current GC Util Change" value="7.000000"/>
  <attribute name="Current Error" value="-246.000000" />
  <attribute name="Output H" value="314610504"/>
  <attribute name="Output I" value="1864"/>
  <attribute name="Output T" value="16"/>
  <attribute name= "Current Time Running" value="212623" />
  <attribute name="GC Util currently" value="7" />
  <attribute name="CPU Util currently" value="82264693605" />
<exclusive-end id="5259" timestamp="2019-08-09T00:20:02.523" durationms="165.189" />

<exclusive-start id="5260" timestamp="2019-08-09T00:20:02.612" intervalms="254.544">
  <response-info timems="3.793" idlems="3.793" threads="0" lastid="0000000002326500" lastname="Thread-43" />
</exclusive-start>
<allocation-taxation id="5261" taxation-threshold="85983232" timestamp="2019-08-09T00:20:02.612" intervalms="251.896" />
<cycle-start id="5262" type="partial gc" contextid="0" timestamp="2019-08-09T00:20:02.612" intervalms="240.143" />
<gc-start id="5263" type="partial gc" contextid="5262" timestamp="2019-08-09T00:20:02.613">
  <mem-info id="5264" free="102760448" total="314572800" percent="32">
    <mem type="eden" free="0" total="85983232" percent="0" />
    <remembered-set count="7456" freebytes="12546176" totalbytes="12576000" percent="99" regionsoverflowed="0" regionsstable="11" regionsrebuilding="0"/>
  </mem-info>
</gc-start>
<allocation-stats totalBytes="85862800" >
  <allocated-bytes non-tlh="65552" tlh="85797248" arrayletleaf="0"/>
  <largest-consumer threadName="Thread-39" threadId="0000000002331900" bytes="10383392" />
</allocation-stats>
<gc-op id="5265" type="copy forward" timems="173.967" contextid="5262" timestamp="2019-08-09T00:20:02.788">
  <memory-copied type="eden" objects="9823" bytes="3893184" bytesdiscarded="430752" />
  <memory-copied type="other" objects="46" bytes="12184" bytesdiscarded="0" />
  <memory-cardclean objects="3248" bytes="145512" />
  <regions eden="41" other="3" />
  <remembered-set-cleared processed="1097" cleared="580" durationms="0.169" />
  <references type="phantom" candidates="1" cleared="0" enqueued="0" />
  <stringconstants candidates="16493" cleared="0"  />
</gc-op>
<gc-op id="5266" type="classunload" timems="0.016" contextid="5262" timestamp="2019-08-09T00:20:02.788">
  <classunload-info classloadercandidates="69" classloadersunloaded="0" classesunloaded="0" anonymousclassesunloaded="0" quiescems="0.000" setupms="0.016" scanms="0.000" postms="0.000" />
</gc-op>
<heap-resize id="5267" type="expand" space="default" amount="16777216" count="1" timems="0.090" reason="excessive time being spent in gc" timestamp="2019-08-09T00:20:02.789" />
<gc-end id="5268" type="partial gc" contextid="5262" durationms="175.905" usertimems="180.781" systemtimems="118.534" timestamp="2019-08-09T00:20:02.789" activeThreads="16">
  <mem-info id="5269" free="199229440" total="331350016" percent="60">
    <mem type="eden" free="4064408" total="8388608" percent="48" />
    <remembered-set count="8864" freebytes="13211264" totalbytes="13246720" percent="99" regionsoverflowed="0" regionsstable="11" regionsrebuilding="0"/>
  </mem-info>
</gc-end>
<cycle-end id="5270" type="partial gc" contextid="5262" timestamp="2019-08-09T00:20:02.789" />
  <attribute name="elasticGC enabled" value="1" />
  <attribute name= "numThreadsSpecified" value="16" />
  <attribute name="heapSize specified" value="0" />
  <attribute name="Current GC Util" value="70" />
  <attribute name= "Current Time Running" value="212847" />
  <attribute name ="GC Interval" value="0" />
  <attribute name="Target GC Util Change" value ="80.000000" />
  <attribute name="Current GC Util Change" value="70.000000"/>
  <attribute name="Current Error" value="10.000000" />
  <attribute name="Output H" value="314610648"/>
  <attribute name="Output I" value="2008"/>
  <attribute name="Output T" value="16"/>
  <attribute name= "Current Time Running" value="212847" />
  <attribute name="GC Util currently" value="70" />
  <attribute name="CPU Util currently" value="1362667150638" />
<exclusive-end id="5271" timestamp="2019-08-09T00:20:02.789" durationms="177.059" />

<exclusive-start id="5272" timestamp="2019-08-09T00:20:02.891" intervalms="278.834">
  <response-info timems="10.148" idlems="10.148" threads="0" lastid="00000000022F5600" lastname="Thread-46" />
</exclusive-start>
<allocation-taxation id="5273" taxation-threshold="90177536" timestamp="2019-08-09T00:20:02.891" intervalms="278.846" />
<cycle-start id="5274" type="partial gc" contextid="0" timestamp="2019-08-09T00:20:02.893" intervalms="280.494" />
<gc-start id="5275" type="partial gc" contextid="5274" timestamp="2019-08-09T00:20:02.893">
  <mem-info id="5276" free="109051904" total="331350016" percent="32">
    <mem type="eden" free="0" total="90177536" percent="0" />
    <remembered-set count="8480" freebytes="13212800" totalbytes="13246720" percent="99" regionsoverflowed="0" regionsstable="11" regionsrebuilding="0"/>
  </mem-info>
</gc-start>
<allocation-stats totalBytes="89965936" >
  <allocated-bytes non-tlh="90152" tlh="89875784" arrayletleaf="0"/>
  <largest-consumer threadName="Thread-37" threadId="0000000002313A00" bytes="9911936" />
</allocation-stats>
<gc-op id="5277" type="copy forward" timems="56.364" contextid="5274" timestamp="2019-08-09T00:20:02.952">
  <memory-copied type="eden" objects="8551" bytes="3500424" bytesdiscarded="719480" />
  <memory-copied type="other" objects="32" bytes="5440" bytesdiscarded="224" />
  <memory-cardclean objects="3247" bytes="145720" />
  <regions eden="43" other="5" />
  <remembered-set-cleared processed="1081" cleared="561" durationms="0.196" />
  <references type="phantom" candidates="2" cleared="0" enqueued="0" />
  <stringconstants candidates="16493" cleared="0"  />
</gc-op>
<gc-op id="5278" type="classunload" timems="0.018" contextid="5274" timestamp="2019-08-09T00:20:02.952">
  <classunload-info classloadercandidates="69" classloadersunloaded="0" classesunloaded="0" anonymousclassesunloaded="0" quiescems="0.000" setupms="0.017" scanms="0.000" postms="0.000" />
</gc-op>
<gc-end id="5279" type="partial gc" contextid="5274" durationms="59.516" usertimems="18.627" systemtimems="21.478" timestamp="2019-08-09T00:20:02.953" activeThreads="16">
  <mem-info id="5280" free="199229440" total="331350016" percent="60">
    <mem type="eden" free="2071280" total="6291456" percent="32" />
    <remembered-set count="8928" freebytes="13211008" totalbytes="13246720" percent="99" regionsoverflowed="0" regionsstable="11" regionsrebuilding="0"/>
  </mem-info>
</gc-end>
<cycle-end id="5281" type="partial gc" contextid="5274" timestamp="2019-08-09T00:20:02.953" />
  <attribute name="elasticGC enabled" value="1" />
  <attribute name= "numThreadsSpecified" value="16" />
  <attribute name="heapSize specified" value="0" />
  <attribute name="Current GC Util" value="42" />
  <attribute name= "Current Time Running" value="213129" />
  <attribute name ="GC Interval" value="0" />
  <attribute name="Target GC Util Change" value ="80.000000" />
  <attribute name="Current GC Util Change" value="42.000000"/>
  <attribute name="Current Error" value="70.000000" />
  <attribute name="Output H" value="331387896"/>
  <attribute name="Output I" value="2040"/>
  <attribute name="Output T" value="16"/>
  <attribute name= "Current Time Running" value="213129" />
  <attribute name="GC Util currently" value="42" />
  <attribute name="CPU Util currently" value="473077793971" />
<exclusive-end id="5282" timestamp="2019-08-09T00:20:02.956" durationms="65.187" />

<exclusive-start id="5283" timestamp="2019-08-09T00:20:03.121" intervalms="229.372">
  <response-info timems="0.110" idlems="0.110" threads="0" lastid="0000000002317600" lastname="Thread-45" />
</exclusive-start>
<allocation-taxation id="5284" taxation-threshold="90177536" timestamp="2019-08-09T00:20:03.121" intervalms="229.340" />
<cycle-start id="5285" type="partial gc" contextid="0" timestamp="2019-08-09T00:20:03.122" intervalms="228.709" />
<gc-start id="5286" type="partial gc" contextid="5285" timestamp="2019-08-09T00:20:03.122">
  <mem-info id="5287" free="109051904" total="331350016" percent="32">
    <mem type="eden" free="0" total="90177536" percent="0" />
    <remembered-set count="8864" freebytes="13211264" totalbytes="13246720" percent="99" regionsoverflowed="0" regionsstable="11" regionsrebuilding="0"/>
  </mem-info>
</gc-start>
<allocation-stats totalBytes="90016344" >
  <allocated-bytes non-tlh="0" tlh="90016344" arrayletleaf="0"/>
  <largest-consumer threadName="Thread-40" threadId="00000000022EDF00" bytes="8986040" />
</allocation-stats>
<gc-op id="5288" type="copy forward" timems="166.190" contextid="5285" timestamp="2019-08-09T00:20:03.294">
  <memory-copied type="eden" objects="9353" bytes="3714760" bytesdiscarded="375816" />
  <memory-copied type="other" objects="31" bytes="5328" bytesdiscarded="0" />
  <memory-cardclean objects="3247" bytes="145880" />
  <regions eden="43" other="4" />
  <remembered-set-cleared processed="1097" cleared="579" durationms="1.125" />
  <references type="phantom" candidates="2" cleared="0" enqueued="0" />
  <stringconstants candidates="16493" cleared="0"  />
</gc-op>
<gc-op id="5289" type="classunload" timems="0.017" contextid="5285" timestamp="2019-08-09T00:20:03.294">
  <classunload-info classloadercandidates="69" classloadersunloaded="0" classesunloaded="0" anonymousclassesunloaded="0" quiescems="0.000" setupms="0.017" scanms="0.000" postms="0.000" />
</gc-op>
<heap-resize id="5290" type="expand" space="default" amount="4194304" count="1" timems="0.069" reason="excessive time being spent in gc" timestamp="2019-08-09T00:20:03.294" />
<gc-end id="5291" type="partial gc" contextid="5285" durationms="172.343" usertimems="124.261" systemtimems="81.517" timestamp="2019-08-09T00:20:03.295" activeThreads="16">
  <mem-info id="5292" free="201326592" total="335544320" percent="60">
    <mem type="eden" free="2200616" total="6291456" percent="34" />
    <remembered-set count="9440" freebytes="13376640" totalbytes="13414400" percent="99" regionsoverflowed="0" regionsstable="11" regionsrebuilding="0"/>
  </mem-info>
</gc-end>
<cycle-end id="5293" type="partial gc" contextid="5285" timestamp="2019-08-09T00:20:03.295" />
  <attribute name="elasticGC enabled" value="1" />
  <attribute name= "numThreadsSpecified" value="16" />
  <attribute name="heapSize specified" value="0" />
  <attribute name="Current GC Util" value="25" />
  <attribute name= "Current Time Running" value="213361" />
  <attribute name ="GC Interval" value="0" />
  <attribute name="Target GC Util Change" value ="80.000000" />
  <attribute name="Current GC Util Change" value="25.000000"/>
  <attribute name="Current Error" value="188.000000" />
  <attribute name="Output H" value="331387968"/>
  <attribute name="Output I" value="2112"/>
  <attribute name="Output T" value="16"/>
  <attribute name= "Current Time Running" value="213361" />
  <attribute name="GC Util currently" value="25" />
  <attribute name="CPU Util currently" value="273074882282" />
<exclusive-end id="5294" timestamp="2019-08-09T00:20:03.295" durationms="174.453" />

<exclusive-start id="5295" timestamp="2019-08-09T00:20:03.467" intervalms="346.694">
  <response-info timems="9.370" idlems="9.370" threads="0" lastid="0000000002300A00" lastname="Thread-41" />
</exclusive-start>
<allocation-taxation id="5296" taxation-threshold="90177536" timestamp="2019-08-09T00:20:03.467" intervalms="346.723" />
<cycle-start id="5297" type="partial gc" contextid="0" timestamp="2019-08-09T00:20:03.468" intervalms="345.848" />
<gc-start id="5298" type="partial gc" contextid="5297" timestamp="2019-08-09T00:20:03.468">
  <mem-info id="5299" free="111149056" total="335544320" percent="33">
    <mem type="eden" free="0" total="90177536" percent="0" />
    <remembered-set count="9024" freebytes="13378304" totalbytes="13414400" percent="99" regionsoverflowed="0" regionsstable="11" regionsrebuilding="0"/>
  </mem-info>
</gc-start>
<allocation-stats totalBytes="90128496" >
  <allocated-bytes non-tlh="49168" tlh="90079328" arrayletleaf="0"/>
  <largest-consumer threadName="Thread-51" threadId="000000000230FE00" bytes="11791768" />
</allocation-stats>
<gc-op id="5300" type="copy forward" timems="48.164" contextid="5297" timestamp="2019-08-09T00:20:03.522">
  <memory-copied type="eden" objects="10003" bytes="3902504" bytesdiscarded="461360" />
  <memory-copied type="other" objects="66" bytes="4864" bytesdiscarded="680" />
  <memory-cardclean objects="3257" bytes="145840" />
  <regions eden="43" other="4" />
  <remembered-set-cleared processed="1127" cleared="606" durationms="0.566" />
  <stringconstants candidates="16493" cleared="0"  />
</gc-op>
<gc-op id="5301" type="classunload" timems="0.020" contextid="5297" timestamp="2019-08-09T00:20:03.522">
  <classunload-info classloadercandidates="69" classloadersunloaded="0" classesunloaded="0" anonymousclassesunloaded="0" quiescems="0.000" setupms="0.019" scanms="0.000" postms="0.000" />
</gc-op>
<heap-resize id="5302" type="expand" space="default" amount="6291456" count="1" timems="0.067" reason="excessive time being spent in gc" timestamp="2019-08-09T00:20:03.522" />
<gc-end id="5303" type="partial gc" contextid="5297" durationms="54.184" usertimems="28.999" systemtimems="17.447" timestamp="2019-08-09T00:20:03.522" activeThreads="16">
  <mem-info id="5304" free="205520896" total="341835776" percent="60">
    <mem type="eden" free="1927344" total="6291456" percent="30" />
    <remembered-set count="8416" freebytes="13632256" totalbytes="13665920" percent="99" regionsoverflowed="0" regionsstable="11" regionsrebuilding="0"/>
  </mem-info>
</gc-end>
<cycle-end id="5305" type="partial gc" contextid="5297" timestamp="2019-08-09T00:20:03.523" />
  <attribute name="elasticGC enabled" value="1" />
  <attribute name= "numThreadsSpecified" value="16" />
  <attribute name="heapSize specified" value="0" />
  <attribute name="Current GC Util" value="14" />
  <attribute name= "Current Time Running" value="213707" />
  <attribute name ="GC Interval" value="0" />
  <attribute name="Target GC Util Change" value ="80.000000" />
  <attribute name="Current GC Util Change" value="14.000000"/>
  <attribute name="Current Error" value="66.000000" />
  <attribute name="Output H" value="335582200"/>
  <attribute name="Output I" value="2040"/>
  <attribute name="Output T" value="16"/>
  <attribute name= "Current Time Running" value="213707" />
  <attribute name="GC Util currently" value="14" />
  <attribute name="CPU Util currently" value="239852353367" />
<exclusive-end id="5306" timestamp="2019-08-09T00:20:03.523" durationms="55.849" />

<exclusive-start id="5307" timestamp="2019-08-09T00:20:03.597" intervalms="129.722">
  <response-info timems="2.442" idlems="1.133" threads="2" lastid="000000000232A100" lastname="Thread-44" />
</exclusive-start>
<allocation-taxation id="5308" taxation-threshold="92274688" timestamp="2019-08-09T00:20:03.597" intervalms="129.864" />
<cycle-start id="5309" type="partial gc" contextid="0" timestamp="2019-08-09T00:20:03.597" intervalms="129.859" />
<gc-start id="5310" type="partial gc" contextid="5309" timestamp="2019-08-09T00:20:03.598">
  <mem-info id="5311" free="113246208" total="341835776" percent="33">
    <mem type="eden" free="0" total="92274688" percent="0" />
    <remembered-set count="8160" freebytes="13633280" totalbytes="13665920" percent="99" regionsoverflowed="0" regionsstable="11" regionsrebuilding="0"/>
  </mem-info>
</gc-start>
<allocation-stats totalBytes="92159064" >
  <allocated-bytes non-tlh="24592" tlh="92134472" arrayletleaf="0"/>
  <largest-consumer threadName="Thread-52" threadId="00000000022D7700" bytes="10426248" />
</allocation-stats>
<gc-op id="5312" type="copy forward" timems="16.940" contextid="5309" timestamp="2019-08-09T00:20:03.617">
  <memory-copied type="eden" objects="10233" bytes="4074496" bytesdiscarded="705752" />
  <memory-copied type="other" objects="71" bytes="5176" bytesdiscarded="1552" />
  <memory-cardclean objects="3255" bytes="145600" />
  <regions eden="44" other="4" />
  <remembered-set-cleared processed="1148" cleared="627" durationms="0.744" />
  <references type="phantom" candidates="2" cleared="0" enqueued="0" />
  <stringconstants candidates="16493" cleared="0"  />
</gc-op>
<gc-op id="5313" type="classunload" timems="0.016" contextid="5309" timestamp="2019-08-09T00:20:03.617">
  <classunload-info classloadercandidates="69" classloadersunloaded="0" classesunloaded="0" anonymousclassesunloaded="0" quiescems="0.000" setupms="0.016" scanms="0.000" postms="0.000" />
</gc-op>
<heap-resize id="5314" type="expand" space="default" amount="10485760" count="1" timems="0.088" reason="excessive time being spent in gc" timestamp="2019-08-09T00:20:03.618" />
<gc-end id="5315" type="partial gc" contextid="5309" durationms="19.898" usertimems="21.052" systemtimems="9.890" timestamp="2019-08-09T00:20:03.618" activeThreads="16">
  <mem-info id="5316" free="211812352" total="352321536" percent="60">
    <mem type="eden" free="3608088" total="8388608" percent="43" />
    <remembered-set count="10432" freebytes="14043392" totalbytes="14085120" percent="99" regionsoverflowed="0" regionsstable="11" regionsrebuilding="0"/>
  </mem-info>
</gc-end>
<cycle-end id="5317" type="partial gc" contextid="5309" timestamp="2019-08-09T00:20:03.618" />
  <attribute name="elasticGC enabled" value="1" />
  <attribute name= "numThreadsSpecified" value="16" />
  <attribute name="heapSize specified" value="0" />
  <attribute name="Current GC Util" value="101" />
  <attribute name= "Current Time Running" value="213833" />
  <attribute name ="GC Interval" value="0" />
  <attribute name="Target GC Util Change" value ="80.000000" />
  <attribute name="Current GC Util Change" value="101.000000"/>
  <attribute name="Current Error" value="89.000000" />
  <attribute name="Output H" value="341873672"/>
  <attribute name="Output I" value="2056"/>
  <attribute name="Output T" value="16"/>
  <attribute name= "Current Time Running" value="213833" />
  <attribute name="GC Util currently" value="101" />
  <attribute name="CPU Util currently" value="675377066775" />
<exclusive-end id="5318" timestamp="2019-08-09T00:20:03.618" durationms="21.030" />

<exclusive-start id="5319" timestamp="2019-08-09T00:20:03.842" intervalms="245.503">
  <response-info timems="5.365" idlems="1.464" threads="6" lastid="0000000002335500" lastname="Thread-42" />
</exclusive-start>
<allocation-taxation id="5320" taxation-threshold="94371840" timestamp="2019-08-09T00:20:03.843" intervalms="245.364" />
<cycle-start id="5321" type="partial gc" contextid="0" timestamp="2019-08-09T00:20:03.843" intervalms="245.249" />
<gc-start id="5322" type="partial gc" contextid="5321" timestamp="2019-08-09T00:20:03.844">
  <mem-info id="5323" free="117440512" total="352321536" percent="33">
    <mem type="eden" free="0" total="94371840" percent="0" />
    <remembered-set count="10144" freebytes="14044544" totalbytes="14085120" percent="99" regionsoverflowed="0" regionsstable="11" regionsrebuilding="0"/>
  </mem-info>
</gc-start>
<allocation-stats totalBytes="94270072" >
  <allocated-bytes non-tlh="65568" tlh="94204504" arrayletleaf="0"/>
  <largest-consumer threadName="Thread-49" threadId="0000000002322A00" bytes="16106232" />
</allocation-stats>
<gc-op id="5324" type="copy forward" timems="21.416" contextid="5321" timestamp="2019-08-09T00:20:03.867">
  <memory-copied type="eden" objects="10837" bytes="4244440" bytesdiscarded="1018936" />
  <memory-copied type="other" objects="39" bytes="1576" bytesdiscarded="696" />
  <memory-cardclean objects="3245" bytes="145672" />
  <regions eden="45" other="5" />
  <remembered-set-cleared processed="1150" cleared="614" durationms="0.221" />
  <stringconstants candidates="16493" cleared="0"  />
</gc-op>
<gc-op id="5325" type="classunload" timems="0.018" contextid="5321" timestamp="2019-08-09T00:20:03.867">
  <classunload-info classloadercandidates="69" classloadersunloaded="0" classesunloaded="0" anonymousclassesunloaded="0" quiescems="0.000" setupms="0.018" scanms="0.000" postms="0.000" />
</gc-op>
<gc-end id="5326" type="partial gc" contextid="5321" durationms="23.514" usertimems="16.432" systemtimems="8.273" timestamp="2019-08-09T00:20:03.867" activeThreads="16">
  <mem-info id="5327" free="211812352" total="352321536" percent="60">
    <mem type="eden" free="1027824" total="6291456" percent="16" />
    <remembered-set count="8896" freebytes="14049536" totalbytes="14085120" percent="99" regionsoverflowed="0" regionsstable="11" regionsrebuilding="0"/>
  </mem-info>
</gc-end>
<cycle-end id="5328" type="partial gc" contextid="5321" timestamp="2019-08-09T00:20:03.867" />
  <attribute name="elasticGC enabled" value="1" />
  <attribute name= "numThreadsSpecified" value="16" />
  <attribute name="heapSize specified" value="0" />
  <attribute name="Current GC Util" value="41" />
  <attribute name= "Current Time Running" value="214079" />
  <attribute name ="GC Interval" value="0" />
  <attribute name="Target GC Util Change" value ="80.000000" />
  <attribute name="Current GC Util Change" value="41.000000"/>
  <attribute name="Current Error" value="196.000000" />
  <attribute name="Output H" value="352359496"/>
  <attribute name="Output I" value="2120"/>
  <attribute name="Output T" value="16"/>
  <attribute name= "Current Time Running" value="214079" />
  <attribute name="GC Util currently" value="41" />
  <attribute name="CPU Util currently" value="898187323562" />
<exclusive-end id="5329" timestamp="2019-08-09T00:20:03.867" durationms="25.023" />

<exclusive-start id="5330" timestamp="2019-08-09T00:20:03.976" intervalms="133.663">
  <response-info timems="23.726" idlems="23.726" threads="0" lastid="0000000002339100" lastname="Thread-50" />
</exclusive-start>
<allocation-taxation id="5331" taxation-threshold="94371840" timestamp="2019-08-09T00:20:03.988" intervalms="145.692" />
<cycle-start id="5332" type="partial gc" contextid="0" timestamp="2019-08-09T00:20:03.989" intervalms="146.042" />
<gc-start id="5333" type="partial gc" contextid="5332" timestamp="2019-08-09T00:20:03.989">
  <mem-info id="5334" free="117440512" total="352321536" percent="33">
    <mem type="eden" free="0" total="94371840" percent="0" />
    <remembered-set count="8512" freebytes="14051072" totalbytes="14085120" percent="99" regionsoverflowed="0" regionsstable="11" regionsrebuilding="0"/>
  </mem-info>
</gc-start>
<allocation-stats totalBytes="94195312" >
  <allocated-bytes non-tlh="73752" tlh="94121560" arrayletleaf="0"/>
  <largest-consumer threadName="Thread-37" threadId="0000000002313A00" bytes="11499320" />
</allocation-stats>
<gc-op id="5335" type="copy forward" timems="59.061" contextid="5332" timestamp="2019-08-09T00:20:04.055">
  <memory-copied type="eden" objects="9703" bytes="3770352" bytesdiscarded="665424" />
  <memory-copied type="other" objects="20" bytes="720" bytesdiscarded="0" />
  <memory-cardclean objects="3260" bytes="146808" />
  <regions eden="45" other="4" />
  <remembered-set-cleared processed="1190" cleared="656" durationms="0.638" />
  <references type="weak" candidates="1" cleared="0" enqueued="0" />
  <references type="phantom" candidates="4" cleared="0" enqueued="0" />
  <stringconstants candidates="16493" cleared="0"  />
</gc-op>
<gc-op id="5336" type="classunload" timems="0.016" contextid="5332" timestamp="2019-08-09T00:20:04.056">
  <classunload-info classloadercandidates="69" classloadersunloaded="0" classesunloaded="0" anonymousclassesunloaded="0" quiescems="0.000" setupms="0.016" scanms="0.000" postms="0.000" />
</gc-op>
<heap-resize id="5337" type="expand" space="default" amount="10485760" count="1" timems="0.364" reason="excessive time being spent in gc" timestamp="2019-08-09T00:20:04.056" />
<gc-end id="5338" type="partial gc" contextid="5332" durationms="67.278" usertimems="16.779" systemtimems="26.106" timestamp="2019-08-09T00:20:04.056" activeThreads="16">
  <mem-info id="5339" free="218103808" total="362807296" percent="60">
    <mem type="eden" free="3952560" total="8388608" percent="47" />
    <remembered-set count="9440" freebytes="14466560" totalbytes="14504320" percent="99" regionsoverflowed="0" regionsstable="11" regionsrebuilding="0"/>
  </mem-info>
</gc-end>
<cycle-end id="5340" type="partial gc" contextid="5332" timestamp="2019-08-09T00:20:04.056" />
  <attribute name="elasticGC enabled" value="1" />
  <attribute name= "numThreadsSpecified" value="16" />
  <attribute name="heapSize specified" value="0" />
  <attribute name="Current GC Util" value="38" />
  <attribute name= "Current Time Running" value="214230" />
  <attribute name ="GC Interval" value="0" />
  <attribute name="Target GC Util Change" value ="80.000000" />
  <attribute name="Current GC Util Change" value="38.000000"/>
  <attribute name="Current Error" value="42.000000" />
  <attribute name="Output H" value="352359400"/>
  <attribute name="Output I" value="2024"/>
  <attribute name="Output T" value="16"/>
  <attribute name= "Current Time Running" value="214230" />
  <attribute name="GC Util currently" value="38" />
  <attribute name="CPU Util currently" value="740343941231" />
<exclusive-end id="5341" timestamp="2019-08-09T00:20:04.056" durationms="80.362" />

<exclusive-start id="5342" timestamp="2019-08-09T00:20:04.151" intervalms="174.597">
  <response-info timems="0.371" idlems="0.371" threads="0" lastid="00000000022D7700" lastname="Thread-52" />
</exclusive-start>
<allocation-taxation id="5343" taxation-threshold="96468992" timestamp="2019-08-09T00:20:04.151" intervalms="162.552" />
<cycle-start id="5344" type="partial gc" contextid="0" timestamp="2019-08-09T00:20:04.151" intervalms="162.159" />
<gc-start id="5345" type="partial gc" contextid="5344" timestamp="2019-08-09T00:20:04.155">
  <mem-info id="5346" free="121634816" total="362807296" percent="33">
    <mem type="eden" free="0" total="96468992" percent="0" />
    <remembered-set count="9184" freebytes="14467584" totalbytes="14504320" percent="99" regionsoverflowed="0" regionsstable="11" regionsrebuilding="0"/>
  </mem-info>
</gc-start>
<allocation-stats totalBytes="96312256" >
  <allocated-bytes non-tlh="16392" tlh="96295864" arrayletleaf="0"/>
  <largest-consumer threadName="Thread-52" threadId="00000000022D7700" bytes="9248872" />
</allocation-stats>
<gc-op id="5347" type="copy forward" timems="87.411" contextid="5344" timestamp="2019-08-09T00:20:04.245">
  <memory-copied type="eden" objects="9948" bytes="3960688" bytesdiscarded="786656" />
  <memory-copied type="other" objects="24" bytes="864" bytesdiscarded="0" />
  <memory-cardclean objects="3253" bytes="146504" />
  <regions eden="46" other="5" />
  <remembered-set-cleared processed="1148" cleared="613" durationms="0.498" />
  <references type="phantom" candidates="2" cleared="0" enqueued="0" />
  <stringconstants candidates="16493" cleared="0"  />
</gc-op>
<gc-op id="5348" type="classunload" timems="0.016" contextid="5344" timestamp="2019-08-09T00:20:04.245">
  <classunload-info classloadercandidates="69" classloadersunloaded="0" classesunloaded="0" anonymousclassesunloaded="0" quiescems="0.000" setupms="0.016" scanms="0.000" postms="0.000" />
</gc-op>
<heap-resize id="5349" type="expand" space="default" amount="4194304" count="1" timems="0.204" reason="excessive time being spent in gc" timestamp="2019-08-09T00:20:04.246" />
<gc-end id="5350" type="partial gc" contextid="5344" durationms="92.986" usertimems="34.306" systemtimems="30.887" timestamp="2019-08-09T00:20:04.248" activeThreads="16">
  <mem-info id="5351" free="220200960" total="367001600" percent="60">
    <mem type="eden" free="3640992" total="8388608" percent="43" />
    <remembered-set count="9440" freebytes="14634240" totalbytes="14672000" percent="99" regionsoverflowed="0" regionsstable="11" regionsrebuilding="0"/>
  </mem-info>
</gc-end>
<cycle-end id="5352" type="partial gc" contextid="5344" timestamp="2019-08-09T00:20:04.249" />
  <attribute name="elasticGC enabled" value="1" />
  <attribute name= "numThreadsSpecified" value="16" />
  <attribute name="heapSize specified" value="0" />
  <attribute name="Current GC Util" value="57" />
  <attribute name= "Current Time Running" value="214390" />
  <attribute name ="GC Interval" value="0" />
  <attribute name="Target GC Util Change" value ="80.000000" />
  <attribute name="Current GC Util Change" value="57.000000"/>
  <attribute name="Current Error" value="119.000000" />
  <attribute name="Output H" value="362845208"/>
  <attribute name="Output I" value="2072"/>
  <attribute name="Output T" value="16"/>
  <attribute name= "Current Time Running" value="214390" />
  <attribute name="GC Util currently" value="57" />
  <attribute name="CPU Util currently" value="842249267157" />
<exclusive-end id="5353" timestamp="2019-08-09T00:20:04.251" durationms="100.468" />

<exclusive-start id="5354" timestamp="2019-08-09T00:20:04.384" intervalms="233.725">
  <response-info timems="13.481" idlems="13.481" threads="0" lastid="0000000002326500" lastname="Thread-43" />
</exclusive-start>
<allocation-taxation id="5355" taxation-threshold="98566144" timestamp="2019-08-09T00:20:04.385" intervalms="233.754" />
<cycle-start id="5356" type="partial gc" contextid="0" timestamp="2019-08-09T00:20:04.395" intervalms="244.101" />
<gc-start id="5357" type="partial gc" contextid="5356" timestamp="2019-08-09T00:20:04.405">
  <mem-info id="5358" free="121634816" total="367001600" percent="33">
    <mem type="eden" free="0" total="98566144" percent="0" />
    <remembered-set count="9088" freebytes="14635648" totalbytes="14672000" percent="99" regionsoverflowed="0" regionsstable="11" regionsrebuilding="0"/>
  </mem-info>
</gc-start>
<allocation-stats totalBytes="98418968" >
  <allocated-bytes non-tlh="90144" tlh="98328824" arrayletleaf="0"/>
  <largest-consumer threadName="Thread-39" threadId="0000000002331900" bytes="11842072" />
</allocation-stats>
<gc-op id="5359" type="copy forward" timems="72.163" contextid="5356" timestamp="2019-08-09T00:20:04.495">
  <memory-copied type="eden" objects="9756" bytes="3847480" bytesdiscarded="620568" />
  <memory-copied type="other" objects="29" bytes="1112" bytesdiscarded="0" />
  <memory-cardclean objects="3259" bytes="146712" />
  <regions eden="47" other="5" />
  <remembered-set-cleared processed="1169" cleared="635" durationms="0.712" />
  <references type="phantom" candidates="2" cleared="0" enqueued="0" />
  <stringconstants candidates="16493" cleared="0"  />
</gc-op>
<gc-op id="5360" type="classunload" timems="0.120" contextid="5356" timestamp="2019-08-09T00:20:04.495">
  <classunload-info classloadercandidates="69" classloadersunloaded="0" classesunloaded="0" anonymousclassesunloaded="0" quiescems="0.000" setupms="0.120" scanms="0.000" postms="0.000" />
</gc-op>
<gc-end id="5361" type="partial gc" contextid="5356" durationms="89.692" usertimems="36.785" systemtimems="27.968" timestamp="2019-08-09T00:20:04.495" activeThreads="16">
  <mem-info id="5362" free="220200960" total="367001600" percent="60">
    <mem type="eden" free="1823136" total="6291456" percent="28" />
    <remembered-set count="8928" freebytes="14636288" totalbytes="14672000" percent="99" regionsoverflowed="0" regionsstable="11" regionsrebuilding="0"/>
  </mem-info>
</gc-end>
<cycle-end id="5363" type="partial gc" contextid="5356" timestamp="2019-08-09T00:20:04.496" />
  <attribute name="elasticGC enabled" value="1" />
  <attribute name= "numThreadsSpecified" value="16" />
  <attribute name="heapSize specified" value="0" />
  <attribute name="Current GC Util" value="10" />
  <attribute name= "Current Time Running" value="214656" />
  <attribute name ="GC Interval" value="0" />
  <attribute name="Target GC Util Change" value ="80.000000" />
  <attribute name="Current GC Util Change" value="10.000000"/>
  <attribute name="Current Error" value="243.000000" />
  <attribute name="Output H" value="367039584"/>
  <attribute name="Output I" value="2144"/>
  <attribute name="Output T" value="16"/>
  <attribute name= "Current Time Running" value="214656" />
  <attribute name="GC Util currently" value="10" />
  <attribute name="CPU Util currently" value="93611457493" />
<exclusive-end id="5364" timestamp="2019-08-09T00:20:04.496" durationms="111.473" />

<exclusive-start id="5365" timestamp="2019-08-09T00:20:04.575" intervalms="190.514">
  <response-info timems="1.736" idlems="1.736" threads="0" lastid="0000000002322A00" lastname="Thread-49" />
</exclusive-start>
<allocation-taxation id="5366" taxation-threshold="98566144" timestamp="2019-08-09T00:20:04.575" intervalms="190.497" />
<cycle-start id="5367" type="partial gc" contextid="0" timestamp="2019-08-09T00:20:04.575" intervalms="180.439" />
<gc-start id="5368" type="partial gc" contextid="5367" timestamp="2019-08-09T00:20:04.576">
  <mem-info id="5369" free="121634816" total="367001600" percent="33">
    <mem type="eden" free="0" total="98566144" percent="0" />
    <remembered-set count="8608" freebytes="14637568" totalbytes="14672000" percent="99" regionsoverflowed="0" regionsstable="11" regionsrebuilding="0"/>
  </mem-info>
</gc-start>
<allocation-stats totalBytes="98394480" >
  <allocated-bytes non-tlh="0" tlh="98394480" arrayletleaf="0"/>
  <largest-consumer threadName="Thread-42" threadId="0000000002335500" bytes="8901584" />
</allocation-stats>
<gc-op id="5370" type="copy forward" timems="103.530" contextid="5367" timestamp="2019-08-09T00:20:04.682">
  <memory-copied type="eden" objects="9697" bytes="3934608" bytesdiscarded="588328" />
  <memory-copied type="other" objects="13" bytes="536" bytesdiscarded="0" />
  <memory-cardclean objects="3261" bytes="146512" />
  <regions eden="47" other="4" />
  <remembered-set-cleared processed="1153" cleared="619" durationms="0.594" />
  <references type="phantom" candidates="2" cleared="0" enqueued="0" />
  <stringconstants candidates="16493" cleared="0"  />
</gc-op>
<gc-op id="5371" type="classunload" timems="0.036" contextid="5367" timestamp="2019-08-09T00:20:04.682">
  <classunload-info classloadercandidates="69" classloadersunloaded="0" classesunloaded="0" anonymousclassesunloaded="0" quiescems="0.000" setupms="0.036" scanms="0.000" postms="0.000" />
</gc-op>
<heap-resize id="5372" type="expand" space="default" amount="6291456" count="1" timems="0.067" reason="excessive time being spent in gc" timestamp="2019-08-09T00:20:04.683" />
<gc-end id="5373" type="partial gc" contextid="5367" durationms="107.064" usertimems="30.623" systemtimems="44.217" timestamp="2019-08-09T00:20:04.683" activeThreads="16">
  <mem-info id="5374" free="224395264" total="373293056" percent="60">
    <mem type="eden" free="1768248" total="6291456" percent="28" />
    <remembered-set count="8416" freebytes="14889856" totalbytes="14923520" percent="99" regionsoverflowed="0" regionsstable="11" regionsrebuilding="0"/>
  </mem-info>
</gc-end>
<cycle-end id="5375" type="partial gc" contextid="5367" timestamp="2019-08-09T00:20:04.683" />
  <attribute name="elasticGC enabled" value="1" />
  <attribute name= "numThreadsSpecified" value="16" />
  <attribute name="heapSize specified" value="0" />
  <attribute name="Current GC Util" value="102" />
  <attribute name= "Current Time Running" value="214812" />
  <attribute name ="GC Interval" value="0" />
  <attribute name="Target GC Util Change" value ="80.000000" />
  <attribute name="Current GC Util Change" value="102.000000"/>
  <attribute name="Current Error" value="-22.000000" />
  <attribute name="Output H" value="367039432"/>
  <attribute name="Output I" value="1992"/>
  <attribute name="Output T" value="16"/>
  <attribute name= "Current Time Running" value="214812" />
  <attribute name="GC Util currently" value="102" />
  <attribute name="CPU Util currently" value="698011307551" />
<exclusive-end id="5376" timestamp="2019-08-09T00:20:04.683" durationms="108.200" />

<exclusive-start id="5377" timestamp="2019-08-09T00:20:04.804" intervalms="229.154">
  <response-info timems="4.091" idlems="4.091" threads="0" lastid="00000000022E6700" lastname="Thread-47" />
</exclusive-start>
<allocation-taxation id="5378" taxation-threshold="100663296" timestamp="2019-08-09T00:20:04.804" intervalms="229.172" />
<cycle-start id="5379" type="partial gc" contextid="0" timestamp="2019-08-09T00:20:04.804" intervalms="228.911" />
<gc-start id="5380" type="partial gc" contextid="5379" timestamp="2019-08-09T00:20:04.805">
  <mem-info id="5381" free="123731968" total="373293056" percent="33">
    <mem type="eden" free="0" total="100663296" percent="0" />
    <remembered-set count="8000" freebytes="14891520" totalbytes="14923520" percent="99" regionsoverflowed="0" regionsstable="11" regionsrebuilding="0"/>
  </mem-info>
</gc-start>
<allocation-stats totalBytes="100499384" >
  <allocated-bytes non-tlh="40984" tlh="100458400" arrayletleaf="0"/>
  <largest-consumer threadName="Thread-38" threadId="00000000022FCE00" bytes="9101696" />
</allocation-stats>
<gc-op id="5382" type="copy forward" timems="45.006" contextid="5379" timestamp="2019-08-09T00:20:04.853">
  <memory-copied type="eden" objects="10299" bytes="4103696" bytesdiscarded="770960" />
  <memory-copied type="other" objects="28" bytes="1008" bytesdiscarded="0" />
  <memory-cardclean objects="3261" bytes="146192" />
  <regions eden="48" other="4" />
  <remembered-set-cleared processed="1147" cleared="611" durationms="0.668" />
  <references type="phantom" candidates="1" cleared="0" enqueued="0" />
  <stringconstants candidates="16493" cleared="0"  />
</gc-op>
<gc-op id="5383" type="classunload" timems="0.011" contextid="5379" timestamp="2019-08-09T00:20:04.853">
  <classunload-info classloadercandidates="69" classloadersunloaded="0" classesunloaded="0" anonymousclassesunloaded="0" quiescems="0.000" setupms="0.010" scanms="0.000" postms="0.000" />
</gc-op>
<heap-resize id="5384" type="expand" space="default" amount="4194304" count="1" timems="0.070" reason="excessive time being spent in gc" timestamp="2019-08-09T00:20:04.853" />
<gc-end id="5385" type="partial gc" contextid="5379" durationms="48.646" usertimems="27.187" systemtimems="21.065" timestamp="2019-08-09T00:20:04.853" activeThreads="16">
  <mem-info id="5386" free="226492416" total="377487360" percent="60">
    <mem type="eden" free="1416536" total="6291456" percent="22" />
    <remembered-set count="10976" freebytes="15047296" totalbytes="15091200" percent="99" regionsoverflowed="0" regionsstable="11" regionsrebuilding="0"/>
  </mem-info>
</gc-end>
<cycle-end id="5387" type="partial gc" contextid="5379" timestamp="2019-08-09T00:20:04.853" />
  <attribute name="elasticGC enabled" value="1" />
  <attribute name= "numThreadsSpecified" value="16" />
  <attribute name="heapSize specified" value="0" />
  <attribute name="Current GC Util" value="62" />
  <attribute name= "Current Time Running" value="215041" />
  <attribute name ="GC Interval" value="0" />
  <attribute name="Target GC Util Change" value ="80.000000" />
  <attribute name="Current GC Util Change" value="62.000000"/>
  <attribute name="Current Error" value="44.000000" />
  <attribute name="Output H" value="373330928"/>
  <attribute name="Output I" value="2032"/>
  <attribute name="Output T" value="16"/>
  <attribute name= "Current Time Running" value="215041" />
  <attribute name="GC Util currently" value="62" />
  <attribute name="CPU Util currently" value="1051799247194" />
<exclusive-end id="5388" timestamp="2019-08-09T00:20:04.853" durationms="49.318" />

<exclusive-start id="5389" timestamp="2019-08-09T00:20:04.970" intervalms="166.123">
  <response-info timems="1.002" idlems="0.506" threads="1" lastid="000000000232DD00" lastname="Thread-48" />
</exclusive-start>
<allocation-taxation id="5390" taxation-threshold="100663296" timestamp="2019-08-09T00:20:04.970" intervalms="166.089" />
<cycle-start id="5391" type="partial gc" contextid="0" timestamp="2019-08-09T00:20:04.971" intervalms="166.806" />
<gc-start id="5392" type="partial gc" contextid="5391" timestamp="2019-08-09T00:20:04.971">
  <mem-info id="5393" free="125829120" total="377487360" percent="33">
    <mem type="eden" free="0" total="100663296" percent="0" />
    <remembered-set count="10624" freebytes="15048704" totalbytes="15091200" percent="99" regionsoverflowed="0" regionsstable="11" regionsrebuilding="0"/>
  </mem-info>
</gc-start>
<allocation-stats totalBytes="100524136" >
  <allocated-bytes non-tlh="90144" tlh="100433992" arrayletleaf="0"/>
  <largest-consumer threadName="Thread-41" threadId="0000000002300A00" bytes="10576840" />
</allocation-stats>
<gc-op id="5394" type="copy forward" timems="83.583" contextid="5391" timestamp="2019-08-09T00:20:05.060">
  <memory-copied type="eden" objects="7943" bytes="3028912" bytesdiscarded="515704" />
  <memory-copied type="other" objects="17" bytes="680" bytesdiscarded="0" />
  <memory-cardclean objects="3255" bytes="146696" />
  <memory-traced type="eden" objects="371" bytes="46528" />
  <memory-traced type="other" objects="0" bytes="0" />
  <regions eden="48" other="4" evacuated="51" marked="1" />
  <remembered-set-cleared processed="1185" cleared="651" durationms="0.432" />
  <references type="weak" candidates="1" cleared="0" enqueued="0" />
  <references type="phantom" candidates="2" cleared="0" enqueued="0" />
  <stringconstants candidates="16493" cleared="0"  />
</gc-op>
<gc-op id="5395" type="classunload" timems="0.016" contextid="5391" timestamp="2019-08-09T00:20:05.060">
  <classunload-info classloadercandidates="69" classloadersunloaded="0" classesunloaded="0" anonymousclassesunloaded="0" quiescems="0.000" setupms="0.016" scanms="0.000" postms="0.000" />
</gc-op>
<gc-op id="5396" type="sweep" timems="3.195" contextid="5391" timestamp="2019-08-09T00:20:05.063" />
<gc-op id="5397" type="compact" timems="38.166" contextid="5391" timestamp="2019-08-09T00:20:05.102">
  <compact-info movecount="0" movebytes="0" />
  <remembered-set-cleared processed="2508" cleared="651" durationms="0.432" />
</gc-op>
<heap-resize id="5398" type="expand" space="default" amount="6291456" count="1" timems="0.111" reason="excessive time being spent in gc" timestamp="2019-08-09T00:20:05.102" />
<gc-end id="5399" type="partial gc" contextid="5391" durationms="133.406" usertimems="77.826" systemtimems="101.189" timestamp="2019-08-09T00:20:05.105" activeThreads="16">
  <mem-info id="5400" free="230686720" total="383778816" percent="60">
    <mem type="eden" free="649464" total="6291456" percent="10" />
    <remembered-set count="4448" freebytes="15324928" totalbytes="15342720" percent="99" regionsoverflowed="0" regionsstable="11" regionsrebuilding="0"/>
  </mem-info>
</gc-end>
<cycle-end id="5401" type="partial gc" contextid="5391" timestamp="2019-08-09T00:20:05.105" />
  <attribute name="elasticGC enabled" value="1" />
  <attribute name= "numThreadsSpecified" value="16" />
  <attribute name="heapSize specified" value="0" />
  <attribute name="Current GC Util" value="154" />
  <attribute name= "Current Time Running" value="215297" />
  <attribute name ="GC Interval" value="0" />
  <attribute name="Target GC Util Change" value ="80.000000" />
  <attribute name="Current GC Util Change" value="154.000000"/>
  <attribute name="Current Error" value="-74.000000" />
  <attribute name="Output H" value="377525160"/>
  <attribute name="Output I" value="1960"/>
  <attribute name="Output T" value="16"/>
  <attribute name= "Current Time Running" value="215297" />
  <attribute name="GC Util currently" value="154" />
  <attribute name="CPU Util currently" value="345416752753" />
<exclusive-end id="5402" timestamp="2019-08-09T00:20:05.105" durationms="135.046" />

<exclusive-start id="5403" timestamp="2019-08-09T00:20:05.374" intervalms="403.886">
  <response-info timems="0.404" idlems="0.149" threads="4" lastid="0000000001FFC300" lastname="JIT Compilation Thread-2" />
</exclusive-start>
<allocation-taxation id="5404" taxation-threshold="102760448" timestamp="2019-08-09T00:20:05.374" intervalms="403.898" />
<cycle-start id="5405" type="partial gc" contextid="0" timestamp="2019-08-09T00:20:05.374" intervalms="403.175" />
<gc-start id="5406" type="partial gc" contextid="5405" timestamp="2019-08-09T00:20:05.375">
  <mem-info id="5407" free="127926272" total="383778816" percent="33">
    <mem type="eden" free="0" total="102760448" percent="0" />
    <remembered-set count="4448" freebytes="15324928" totalbytes="15342720" percent="99" regionsoverflowed="0" regionsstable="11" regionsrebuilding="0"/>
  </mem-info>
</gc-start>
<allocation-stats totalBytes="102619440" >
  <allocated-bytes non-tlh="622760" tlh="101996680" arrayletleaf="0"/>
  <largest-consumer threadName="Thread-37" threadId="0000000002313A00" bytes="11655296" />
</allocation-stats>
<gc-op id="5408" type="copy forward" timems="28.170" contextid="5405" timestamp="2019-08-09T00:20:05.405">
  <memory-copied type="eden" objects="10061" bytes="3901952" bytesdiscarded="719832" />
  <memory-copied type="other" objects="25" bytes="968" bytesdiscarded="0" />
  <memory-cardclean objects="3263" bytes="147192" />
  <regions eden="49" other="4" />
  <remembered-set-cleared processed="1111" cleared="577" durationms="0.164" />
  <references type="phantom" candidates="1" cleared="0" enqueued="0" />
  <stringconstants candidates="16493" cleared="0"  />
</gc-op>
<gc-op id="5409" type="classunload" timems="0.020" contextid="5405" timestamp="2019-08-09T00:20:05.405">
  <classunload-info classloadercandidates="69" classloadersunloaded="0" classesunloaded="0" anonymousclassesunloaded="0" quiescems="0.000" setupms="0.019" scanms="0.000" postms="0.000" />
</gc-op>
<heap-resize id="5410" type="expand" space="default" amount="4194304" count="1" timems="0.080" reason="excessive time being spent in gc" timestamp="2019-08-09T00:20:05.406" />
<gc-end id="5411" type="partial gc" contextid="5405" durationms="34.039" usertimems="17.955" systemtimems="20.167" timestamp="2019-08-09T00:20:05.409" activeThreads="16">
  <mem-info id="5412" free="232783872" total="387973120" percent="60">
    <mem type="eden" free="1669416" total="6291456" percent="26" />
    <remembered-set count="8928" freebytes="15474688" totalbytes="15510400" percent="99" regionsoverflowed="0" regionsstable="11" regionsrebuilding="0"/>
  </mem-info>
</gc-end>
<cycle-end id="5413" type="partial gc" contextid="5405" timestamp="2019-08-09T00:20:05.409" />
  <attribute name="elasticGC enabled" value="1" />
  <attribute name= "numThreadsSpecified" value="16" />
  <attribute name="heapSize specified" value="0" />
  <attribute name="Current GC Util" value="31" />
  <attribute name= "Current Time Running" value="215610" />
  <attribute name ="GC Interval" value="0" />
  <attribute name="Target GC Util Change" value ="80.000000" />
  <attribute name="Current GC Util Change" value="31.000000"/>
  <attribute name="Current Error" value="39.000000" />
  <attribute name="Output H" value="383816680"/>
  <attribute name="Output I" value="2024"/>
  <attribute name="Output T" value="16"/>
  <attribute name= "Current Time Running" value="215610" />
  <attribute name="GC Util currently" value="31" />
  <attribute name="CPU Util currently" value="957410454861" />
<exclusive-end id="5414" timestamp="2019-08-09T00:20:05.413" durationms="38.695" />

<exclusive-start id="5415" timestamp="2019-08-09T00:20:05.573" intervalms="198.933">
  <response-info timems="1.321" idlems="1.320" threads="1" lastid="0000000002326500" lastname="Thread-43" />
</exclusive-start>
<allocation-taxation id="5416" taxation-threshold="102760448" timestamp="2019-08-09T00:20:05.573" intervalms="198.933" />
<cycle-start id="5417" type="partial gc" contextid="0" timestamp="2019-08-09T00:20:05.573" intervalms="199.132" />
<gc-start id="5418" type="partial gc" contextid="5417" timestamp="2019-08-09T00:20:05.574">
  <mem-info id="5419" free="130023424" total="387973120" percent="33">
    <mem type="eden" free="0" total="102760448" percent="0" />
    <remembered-set count="8608" freebytes="15475968" totalbytes="15510400" percent="99" regionsoverflowed="0" regionsstable="11" regionsrebuilding="0"/>
  </mem-info>
</gc-start>
<allocation-stats totalBytes="102546944" >
  <allocated-bytes non-tlh="65552" tlh="102481392" arrayletleaf="0"/>
  <largest-consumer threadName="Thread-47" threadId="00000000022E6700" bytes="10870416" />
</allocation-stats>
<gc-op id="5420" type="copy forward" timems="30.033" contextid="5417" timestamp="2019-08-09T00:20:05.607">
  <memory-copied type="eden" objects="8427" bytes="3348936" bytesdiscarded="640624" />
  <memory-copied type="other" objects="28" bytes="1576" bytesdiscarded="656" />
  <memory-cardclean objects="3270" bytes="147152" />
  <memory-traced type="eden" objects="1882" bytes="230696" />
  <memory-traced type="other" objects="0" bytes="0" />
  <regions eden="49" other="4" evacuated="52" marked="1" />
  <remembered-set-cleared processed="1167" cleared="631" durationms="0.192" />
  <references type="weak" candidates="2" cleared="0" enqueued="0" />
  <references type="phantom" candidates="3" cleared="0" enqueued="0" />
  <stringconstants candidates="16493" cleared="0"  />
</gc-op>
<gc-op id="5421" type="classunload" timems="0.018" contextid="5417" timestamp="2019-08-09T00:20:05.607">
  <classunload-info classloadercandidates="69" classloadersunloaded="0" classesunloaded="0" anonymousclassesunloaded="0" quiescems="0.000" setupms="0.018" scanms="0.000" postms="0.000" />
</gc-op>
<gc-op id="5422" type="sweep" timems="33.442" contextid="5417" timestamp="2019-08-09T00:20:05.640" />
<gc-op id="5423" type="compact" timems="48.684" contextid="5417" timestamp="2019-08-09T00:20:05.689">
  <compact-info movecount="0" movebytes="0" />
  <remembered-set-cleared processed="2718" cleared="631" durationms="0.272" />
</gc-op>
<heap-resize id="5424" type="expand" space="default" amount="6291456" count="1" timems="0.065" reason="excessive time being spent in gc" timestamp="2019-08-09T00:20:05.689" />
<gc-end id="5425" type="partial gc" contextid="5417" durationms="115.445" usertimems="91.455" systemtimems="35.636" timestamp="2019-08-09T00:20:05.690" activeThreads="16">
  <mem-info id="5426" free="236978176" total="394264576" percent="60">
    <mem type="eden" free="204544" total="6291456" percent="3" />
    <remembered-set count="5152" freebytes="15741312" totalbytes="15761920" percent="99" regionsoverflowed="0" regionsstable="11" regionsrebuilding="0"/>
  </mem-info>
</gc-end>
<cycle-end id="5427" type="partial gc" contextid="5417" timestamp="2019-08-09T00:20:05.690" />
  <attribute name="elasticGC enabled" value="1" />
  <attribute name= "numThreadsSpecified" value="16" />
  <attribute name="heapSize specified" value="0" />
  <attribute name="Current GC Util" value="49" />
  <attribute name= "Current Time Running" value="215874" />
  <attribute name ="GC Interval" value="0" />
  <attribute name="Target GC Util Change" value ="80.000000" />
  <attribute name="Current GC Util Change" value="49.000000"/>
  <attribute name="Current Error" value="31.000000" />
  <attribute name="Output H" value="388010984"/>
  <attribute name="Output I" value="2024"/>
  <attribute name="Output T" value="16"/>
  <attribute name= "Current Time Running" value="215874" />
  <attribute name="GC Util currently" value="49" />
  <attribute name="CPU Util currently" value="34299278321" />
<exclusive-end id="5428" timestamp="2019-08-09T00:20:05.690" durationms="117.171" />

<exclusive-start id="5429" timestamp="2019-08-09T00:20:05.886" intervalms="312.887">
  <response-info timems="3.023" idlems="1.541" threads="1" lastid="0000000002331900" lastname="Thread-39" />
</exclusive-start>
<allocation-taxation id="5430" taxation-threshold="104857600" timestamp="2019-08-09T00:20:05.886" intervalms="312.882" />
<cycle-start id="5431" type="partial gc" contextid="0" timestamp="2019-08-09T00:20:05.886" intervalms="312.693" />
<gc-start id="5432" type="partial gc" contextid="5431" timestamp="2019-08-09T00:20:05.886">
  <mem-info id="5433" free="132120576" total="394264576" percent="33">
    <mem type="eden" free="0" total="106954752" percent="0" />
    <remembered-set count="5152" freebytes="15741312" totalbytes="15761920" percent="99" regionsoverflowed="0" regionsstable="11" regionsrebuilding="0"/>
  </mem-info>
</gc-start>
<allocation-stats totalBytes="104699568" >
  <allocated-bytes non-tlh="581792" tlh="104117776" arrayletleaf="0"/>
  <largest-consumer threadName="Thread-43" threadId="0000000002326500" bytes="9989000" />
</allocation-stats>
<gc-op id="5434" type="copy forward" timems="75.768" contextid="5431" timestamp="2019-08-09T00:20:05.965">
  <memory-copied type="eden" objects="9906" bytes="3956280" bytesdiscarded="670288" />
  <memory-copied type="other" objects="36" bytes="2136" bytesdiscarded="472" />
  <memory-cardclean objects="3267" bytes="147712" />
  <regions eden="50" other="4" />
  <remembered-set-cleared processed="1222" cleared="683" durationms="0.271" />
  <references type="phantom" candidates="4" cleared="0" enqueued="0" />
  <stringconstants candidates="16493" cleared="0"  />
</gc-op>
<gc-op id="5435" type="classunload" timems="0.017" contextid="5431" timestamp="2019-08-09T00:20:05.965">
  <classunload-info classloadercandidates="69" classloadersunloaded="0" classesunloaded="0" anonymousclassesunloaded="0" quiescems="0.000" setupms="0.016" scanms="0.000" postms="0.000" />
</gc-op>
<heap-resize id="5436" type="expand" space="default" amount="10485760" count="1" timems="0.081" reason="excessive time being spent in gc" timestamp="2019-08-09T00:20:05.965" />
<gc-end id="5437" type="partial gc" contextid="5431" durationms="79.383" usertimems="35.772" systemtimems="28.037" timestamp="2019-08-09T00:20:05.966" activeThreads="16">
  <mem-info id="5438" free="243269632" total="404750336" percent="60">
    <mem type="eden" free="3761752" total="8388608" percent="44" />
    <remembered-set count="10464" freebytes="16139264" totalbytes="16181120" percent="99" regionsoverflowed="0" regionsstable="11" regionsrebuilding="0"/>
  </mem-info>
</gc-end>
<cycle-end id="5439" type="partial gc" contextid="5431" timestamp="2019-08-09T00:20:05.966" />
  <attribute name="elasticGC enabled" value="1" />
  <attribute name= "numThreadsSpecified" value="16" />
  <attribute name="heapSize specified" value="0" />
  <attribute name="Current GC Util" value="38" />
  <attribute name= "Current Time Running" value="216122" />
  <attribute name ="GC Interval" value="0" />
  <attribute name="Target GC Util Change" value ="80.000000" />
  <attribute name="Current GC Util Change" value="38.000000"/>
  <attribute name="Current Error" value="135.000000" />
  <attribute name="Output H" value="394302496"/>
  <attribute name="Output I" value="2080"/>
  <attribute name="Output T" value="16"/>
  <attribute name= "Current Time Running" value="216122" />
  <attribute name="GC Util currently" value="38" />
  <attribute name="CPU Util currently" value="663789470597" />
<exclusive-end id="5440" timestamp="2019-08-09T00:20:05.966" durationms="80.228" />

<exclusive-start id="5441" timestamp="2019-08-09T00:20:06.036" intervalms="150.369">
  <response-info timems="1.666" idlems="0.583" threads="2" lastid="0000000002335500" lastname="Thread-42" />
</exclusive-start>
<allocation-taxation id="5442" taxation-threshold="106954752" timestamp="2019-08-09T00:20:06.036" intervalms="150.365" />
<cycle-start id="5443" type="partial gc" contextid="0" timestamp="2019-08-09T00:20:06.036" intervalms="150.340" />
<gc-start id="5444" type="partial gc" contextid="5443" timestamp="2019-08-09T00:20:06.037">
  <mem-info id="5445" free="136314880" total="404750336" percent="33">
    <mem type="eden" free="0" total="106954752" percent="0" />
    <remembered-set count="10144" freebytes="16140544" totalbytes="16181120" percent="99" regionsoverflowed="0" regionsstable="11" regionsrebuilding="0"/>
  </mem-info>
</gc-start>
<allocation-stats totalBytes="106767280" >
  <allocated-bytes non-tlh="81952" tlh="106685328" arrayletleaf="0"/>
  <largest-consumer threadName="Thread-40" threadId="00000000022EDF00" bytes="9529912" />
</allocation-stats>
<gc-op id="5446" type="copy forward" timems="11.690" contextid="5443" timestamp="2019-08-09T00:20:06.051">
  <memory-copied type="eden" objects="10031" bytes="3902600" bytesdiscarded="706952" />
  <memory-copied type="other" objects="24" bytes="1136" bytesdiscarded="0" />
  <memory-cardclean objects="3274" bytes="147280" />
  <regions eden="51" other="5" />
  <remembered-set-cleared processed="1174" cleared="632" durationms="0.480" />
  <references type="phantom" candidates="3" cleared="0" enqueued="0" />
  <stringconstants candidates="16493" cleared="0"  />
</gc-op>
<gc-op id="5447" type="classunload" timems="0.011" contextid="5443" timestamp="2019-08-09T00:20:06.051">
  <classunload-info classloadercandidates="69" classloadersunloaded="0" classesunloaded="0" anonymousclassesunloaded="0" quiescems="0.000" setupms="0.011" scanms="0.000" postms="0.000" />
</gc-op>
<gc-end id="5448" type="partial gc" contextid="5443" durationms="14.098" usertimems="19.707" systemtimems="11.611" timestamp="2019-08-09T00:20:06.051" activeThreads="16">
  <mem-info id="5449" free="243269632" total="404750336" percent="60">
    <mem type="eden" free="1681624" total="6291456" percent="26" />
    <remembered-set count="11520" freebytes="16135040" totalbytes="16181120" percent="99" regionsoverflowed="0" regionsstable="11" regionsrebuilding="0"/>
  </mem-info>
</gc-end>
<cycle-end id="5450" type="partial gc" contextid="5443" timestamp="2019-08-09T00:20:06.051" />
  <attribute name="elasticGC enabled" value="1" />
  <attribute name= "numThreadsSpecified" value="16" />
  <attribute name="heapSize specified" value="0" />
  <attribute name="Current GC Util" value="570" />
  <attribute name= "Current Time Running" value="216272" />
  <attribute name ="GC Interval" value="0" />
  <attribute name="Target GC Util Change" value ="80.000000" />
  <attribute name="Current GC Util Change" value="570.000000"/>
  <attribute name="Current Error" value="-308.000000" />
  <attribute name="Output H" value="404788000"/>
  <attribute name="Output I" value="1824"/>
  <attribute name="Output T" value="16"/>
  <attribute name= "Current Time Running" value="216272" />
  <attribute name="GC Util currently" value="570" />
  <attribute name="CPU Util currently" value="880392353239" />
<exclusive-end id="5451" timestamp="2019-08-09T00:20:06.051" durationms="14.754" />

<exclusive-start id="5452" timestamp="2019-08-09T00:20:06.297" intervalms="260.261">
  <response-info timems="3.889" idlems="3.090" threads="2" lastid="0000000002331900" lastname="Thread-39" />
</exclusive-start>
<allocation-taxation id="5453" taxation-threshold="106954752" timestamp="2019-08-09T00:20:06.308" intervalms="271.840" />
<cycle-start id="5454" type="partial gc" contextid="0" timestamp="2019-08-09T00:20:06.313" intervalms="276.118" />
<gc-start id="5455" type="partial gc" contextid="5454" timestamp="2019-08-09T00:20:06.313">
  <mem-info id="5456" free="136314880" total="404750336" percent="33">
    <mem type="eden" free="0" total="106954752" percent="0" />
    <remembered-set count="11104" freebytes="16136704" totalbytes="16181120" percent="99" regionsoverflowed="0" regionsstable="11" regionsrebuilding="0"/>
  </mem-info>
</gc-start>
<allocation-stats totalBytes="106718456" >
  <allocated-bytes non-tlh="73752" tlh="106644704" arrayletleaf="0"/>
  <largest-consumer threadName="Thread-52" threadId="00000000022D7700" bytes="10473104" />
</allocation-stats>
<gc-op id="5457" type="copy forward" timems="105.583" contextid="5454" timestamp="2019-08-09T00:20:06.420">
  <memory-copied type="eden" objects="9083" bytes="3730120" bytesdiscarded="432720" />
  <memory-copied type="other" objects="32" bytes="1152" bytesdiscarded="0" />
  <memory-cardclean objects="3274" bytes="147528" />
  <regions eden="51" other="4" />
  <remembered-set-cleared processed="1174" cleared="631" durationms="0.301" />
  <references type="phantom" candidates="4" cleared="0" enqueued="0" />
  <stringconstants candidates="16493" cleared="0"  />
</gc-op>
<gc-op id="5458" type="classunload" timems="0.017" contextid="5454" timestamp="2019-08-09T00:20:06.420">
  <classunload-info classloadercandidates="69" classloadersunloaded="0" classesunloaded="0" anonymousclassesunloaded="0" quiescems="0.000" setupms="0.017" scanms="0.000" postms="0.000" />
</gc-op>
<heap-resize id="5459" type="expand" space="default" amount="4194304" count="1" timems="0.069" reason="excessive time being spent in gc" timestamp="2019-08-09T00:20:06.421" />
<gc-end id="5460" type="partial gc" contextid="5454" durationms="107.945" usertimems="60.304" systemtimems="57.653" timestamp="2019-08-09T00:20:06.421" activeThreads="16">
  <mem-info id="5461" free="245366784" total="408944640" percent="60">
    <mem type="eden" free="2128328" total="6291456" percent="33" />
    <remembered-set count="7424" freebytes="16319104" totalbytes="16348800" percent="99" regionsoverflowed="0" regionsstable="11" regionsrebuilding="0"/>
  </mem-info>
</gc-end>
<cycle-end id="5462" type="partial gc" contextid="5454" timestamp="2019-08-09T00:20:06.421" />
  <attribute name="elasticGC enabled" value="1" />
  <attribute name= "numThreadsSpecified" value="16" />
  <attribute name="heapSize specified" value="0" />
  <attribute name="Current GC Util" value="54" />
  <attribute name= "Current Time Running" value="216548" />
  <attribute name ="GC Interval" value="0" />
  <attribute name="Target GC Util Change" value ="80.000000" />
  <attribute name="Current GC Util Change" value="54.000000"/>
  <attribute name="Current Error" value="26.000000" />
  <attribute name="Output H" value="404788192"/>
  <attribute name="Output I" value="2016"/>
  <attribute name="Output T" value="16"/>
  <attribute name= "Current Time Running" value="216548" />
  <attribute name="GC Util currently" value="54" />
  <attribute name="CPU Util currently" value="857208423445" />
<exclusive-end id="5463" timestamp="2019-08-09T00:20:06.421" durationms="124.780" />

<exclusive-start id="5464" timestamp="2019-08-09T00:20:06.617" intervalms="319.953">
  <response-info timems="1.292" idlems="0.462" threads="8" lastid="000000000232A100" lastname="Thread-44" />
</exclusive-start>
<allocation-taxation id="5465" taxation-threshold="109051904" timestamp="2019-08-09T00:20:06.617" intervalms="308.388" />
<cycle-start id="5466" type="partial gc" contextid="0" timestamp="2019-08-09T00:20:06.617" intervalms="304.538" />
<gc-start id="5467" type="partial gc" contextid="5466" timestamp="2019-08-09T00:20:06.618">
  <mem-info id="5468" free="136314880" total="408944640" percent="33">
    <mem type="eden" free="0" total="109051904" percent="0" />
    <remembered-set count="7104" freebytes="16320384" totalbytes="16348800" percent="99" regionsoverflowed="0" regionsstable="11" regionsrebuilding="0"/>
  </mem-info>
</gc-start>
<allocation-stats totalBytes="108958896" >
  <allocated-bytes non-tlh="98344" tlh="108860552" arrayletleaf="0"/>
  <largest-consumer threadName="Thread-49" threadId="0000000002322A00" bytes="10272328" />
</allocation-stats>
<gc-op id="5469" type="copy forward" timems="76.260" contextid="5466" timestamp="2019-08-09T00:20:06.696">
  <memory-copied type="eden" objects="7570" bytes="3029024" bytesdiscarded="487544" />
  <memory-copied type="other" objects="24" bytes="864" bytesdiscarded="0" />
  <memory-cardclean objects="3271" bytes="147800" />
  <memory-traced type="eden" objects="2061" bytes="193200" />
  <memory-traced type="other" objects="0" bytes="0" />
  <regions eden="52" other="4" evacuated="55" marked="1" />
  <remembered-set-cleared processed="1149" cleared="605" durationms="0.265" />
  <references type="weak" candidates="1" cleared="0" enqueued="0" />
  <references type="phantom" candidates="3" cleared="0" enqueued="0" />
  <stringconstants candidates="16493" cleared="0"  />
</gc-op>
<gc-op id="5470" type="classunload" timems="0.016" contextid="5466" timestamp="2019-08-09T00:20:06.696">
  <classunload-info classloadercandidates="69" classloadersunloaded="0" classesunloaded="0" anonymousclassesunloaded="0" quiescems="0.000" setupms="0.014" scanms="0.000" postms="0.000" />
</gc-op>
<gc-op id="5471" type="sweep" timems="5.829" contextid="5466" timestamp="2019-08-09T00:20:06.702" />
<gc-op id="5472" type="compact" timems="15.702" contextid="5466" timestamp="2019-08-09T00:20:06.717">
  <compact-info movecount="0" movebytes="0" />
  <remembered-set-cleared processed="2604" cleared="605" durationms="0.265" />
</gc-op>
<heap-resize id="5473" type="expand" space="default" amount="10485760" count="1" timems="0.081" reason="excessive time being spent in gc" timestamp="2019-08-09T00:20:06.732" />
<gc-end id="5474" type="partial gc" contextid="5466" durationms="114.584" usertimems="38.602" systemtimems="60.810" timestamp="2019-08-09T00:20:06.732" activeThreads="16">
  <mem-info id="5475" free="251658240" total="419430400" percent="60">
    <mem type="eden" free="2774680" total="8388608" percent="33" />
    <remembered-set count="4960" freebytes="16748160" totalbytes="16768000" percent="99" regionsoverflowed="0" regionsstable="11" regionsrebuilding="0"/>
  </mem-info>
</gc-end>
<cycle-end id="5476" type="partial gc" contextid="5466" timestamp="2019-08-09T00:20:06.733" />
  <attribute name="elasticGC enabled" value="1" />
  <attribute name= "numThreadsSpecified" value="16" />
  <attribute name="heapSize specified" value="0" />
  <attribute name="Current GC Util" value="105" />
  <attribute name= "Current Time Running" value="216935" />
  <attribute name ="GC Interval" value="0" />
  <attribute name="Target GC Util Change" value ="80.000000" />
  <attribute name="Current GC Util Change" value="105.000000"/>
  <attribute name="Current Error" value="62.000000" />
  <attribute name="Output H" value="408982520"/>
  <attribute name="Output I" value="2040"/>
  <attribute name="Output T" value="16"/>
  <attribute name= "Current Time Running" value="216935" />
  <attribute name="GC Util currently" value="105" />
  <attribute name="CPU Util currently" value="207576898543" />
<exclusive-end id="5477" timestamp="2019-08-09T00:20:06.733" durationms="116.994" />

<exclusive-start id="5478" timestamp="2019-08-09T00:20:06.966" intervalms="349.905">
  <response-info timems="27.187" idlems="27.187" threads="0" lastid="0000000002331900" lastname="Thread-39" />
</exclusive-start>
<allocation-taxation id="5479" taxation-threshold="111149056" timestamp="2019-08-09T00:20:06.971" intervalms="354.561" />
<cycle-start id="5480" type="partial gc" contextid="0" timestamp="2019-08-09T00:20:06.990" intervalms="372.820" />
<gc-start id="5481" type="partial gc" contextid="5480" timestamp="2019-08-09T00:20:06.990">
  <mem-info id="5482" free="140509184" total="419430400" percent="33">
    <mem type="eden" free="0" total="113246208" percent="0" />
    <remembered-set count="4960" freebytes="16748160" totalbytes="16768000" percent="99" regionsoverflowed="0" regionsstable="11" regionsrebuilding="0"/>
  </mem-info>
</gc-start>
<allocation-stats totalBytes="110850568" >
  <allocated-bytes non-tlh="442480" tlh="110408088" arrayletleaf="0"/>
  <largest-consumer threadName="Thread-52" threadId="00000000022D7700" bytes="10819520" />
</allocation-stats>
<gc-op id="5483" type="copy forward" timems="44.350" contextid="5480" timestamp="2019-08-09T00:20:07.046">
  <memory-copied type="eden" objects="9463" bytes="3694184" bytesdiscarded="714176" />
  <memory-copied type="other" objects="20" bytes="720" bytesdiscarded="0" />
  <memory-cardclean objects="3248" bytes="147072" />
  <regions eden="53" other="5" />
  <remembered-set-cleared processed="1220" cleared="674" durationms="0.430" />
  <references type="weak" candidates="1" cleared="0" enqueued="0" />
  <references type="phantom" candidates="2" cleared="0" enqueued="0" />
  <stringconstants candidates="16493" cleared="0"  />
</gc-op>
<gc-op id="5484" type="classunload" timems="0.011" contextid="5480" timestamp="2019-08-09T00:20:07.046">
  <classunload-info classloadercandidates="69" classloadersunloaded="0" classesunloaded="0" anonymousclassesunloaded="0" quiescems="0.000" setupms="0.011" scanms="0.000" postms="0.000" />
</gc-op>
<gc-end id="5485" type="partial gc" contextid="5480" durationms="55.795" usertimems="25.582" systemtimems="49.448" timestamp="2019-08-09T00:20:07.046" activeThreads="16">
  <mem-info id="5486" free="251658240" total="419430400" percent="60">
    <mem type="eden" free="1882832" total="6291456" percent="29" />
    <remembered-set count="10496" freebytes="16726016" totalbytes="16768000" percent="99" regionsoverflowed="0" regionsstable="11" regionsrebuilding="0"/>
  </mem-info>
</gc-end>
<cycle-end id="5487" type="partial gc" contextid="5480" timestamp="2019-08-09T00:20:07.046" />
  <attribute name="elasticGC enabled" value="1" />
  <attribute name= "numThreadsSpecified" value="16" />
  <attribute name="heapSize specified" value="0" />
  <attribute name="Current GC Util" value="22" />
  <attribute name= "Current Time Running" value="217234" />
  <attribute name ="GC Interval" value="0" />
  <attribute name="Target GC Util Change" value ="80.000000" />
  <attribute name="Current GC Util Change" value="22.000000"/>
  <attribute name="Current Error" value="58.000000" />
  <attribute name="Output H" value="419468280"/>
  <attribute name="Output I" value="2040"/>
  <attribute name="Output T" value="16"/>
  <attribute name= "Current Time Running" value="217234" />
  <attribute name="GC Util currently" value="22" />
  <attribute name="CPU Util currently" value="208073388020" />
<exclusive-end id="5488" timestamp="2019-08-09T00:20:07.046" durationms="79.839" />

<exclusive-start id="5489" timestamp="2019-08-09T00:20:07.256" intervalms="289.829">
  <response-info timems="20.639" idlems="20.639" threads="0" lastid="00000000022F5600" lastname="Thread-46" />
</exclusive-start>
<allocation-taxation id="5490" taxation-threshold="111149056" timestamp="2019-08-09T00:20:07.256" intervalms="285.173" />
<cycle-start id="5491" type="partial gc" contextid="0" timestamp="2019-08-09T00:20:07.261" intervalms="271.015" />
<gc-start id="5492" type="partial gc" contextid="5491" timestamp="2019-08-09T00:20:07.261">
  <mem-info id="5493" free="140509184" total="419430400" percent="33">
    <mem type="eden" free="0" total="111149056" percent="0" />
    <remembered-set count="10112" freebytes="16727552" totalbytes="16768000" percent="99" regionsoverflowed="0" regionsstable="11" regionsrebuilding="0"/>
  </mem-info>
</gc-start>
<allocation-stats totalBytes="111013944" >
  <allocated-bytes non-tlh="73768" tlh="110940176" arrayletleaf="0"/>
  <largest-consumer threadName="Thread-43" threadId="0000000002326500" bytes="16719256" />
</allocation-stats>
<gc-op id="5494" type="copy forward" timems="121.267" contextid="5491" timestamp="2019-08-09T00:20:07.410">
  <memory-copied type="eden" objects="9986" bytes="3855936" bytesdiscarded="632400" />
  <memory-copied type="other" objects="20" bytes="720" bytesdiscarded="0" />
  <memory-cardclean objects="3237" bytes="146328" />
  <regions eden="53" other="4" />
  <remembered-set-cleared processed="1160" cleared="611" durationms="0.270" />
  <references type="phantom" candidates="2" cleared="0" enqueued="0" />
  <stringconstants candidates="16493" cleared="0"  />
</gc-op>
<gc-op id="5495" type="classunload" timems="0.018" contextid="5491" timestamp="2019-08-09T00:20:07.410">
  <classunload-info classloadercandidates="69" classloadersunloaded="0" classesunloaded="0" anonymousclassesunloaded="0" quiescems="0.000" setupms="0.018" scanms="0.000" postms="0.000" />
</gc-op>
<heap-resize id="5496" type="expand" space="default" amount="6291456" count="1" timems="0.074" reason="excessive time being spent in gc" timestamp="2019-08-09T00:20:07.411" />
<gc-end id="5497" type="partial gc" contextid="5491" durationms="149.506" usertimems="113.307" systemtimems="62.291" timestamp="2019-08-09T00:20:07.411" activeThreads="16">
  <mem-info id="5498" free="255852544" total="425721856" percent="60">
    <mem type="eden" free="1802848" total="6291456" percent="28" />
    <remembered-set count="8992" freebytes="16983552" totalbytes="17019520" percent="99" regionsoverflowed="0" regionsstable="11" regionsrebuilding="0"/>
  </mem-info>
</gc-end>
<cycle-end id="5499" type="partial gc" contextid="5491" timestamp="2019-08-09T00:20:07.411" />
  <attribute name="elasticGC enabled" value="1" />
  <attribute name= "numThreadsSpecified" value="16" />
  <attribute name="heapSize specified" value="0" />
  <attribute name="Current GC Util" value="2" />
  <attribute name= "Current Time Running" value="217522" />
  <attribute name ="GC Interval" value="0" />
  <attribute name="Target GC Util Change" value ="80.000000" />
  <attribute name="Current GC Util Change" value="2.000000"/>
  <attribute name="Current Error" value="188.000000" />
  <attribute name="Output H" value="419468352"/>
  <attribute name="Output I" value="2112"/>
  <attribute name="Output T" value="16"/>
  <attribute name= "Current Time Running" value="217522" />
  <attribute name="GC Util currently" value="2" />
  <attribute name="CPU Util currently" value="42358462898" />
<exclusive-end id="5500" timestamp="2019-08-09T00:20:07.412" durationms="155.311" />

<exclusive-start id="5501" timestamp="2019-08-09T00:20:07.498" intervalms="242.071">
  <response-info timems="0.336" idlems="0.336" threads="0" lastid="0000000002339100" lastname="Thread-50" />
</exclusive-start>
<allocation-taxation id="5502" taxation-threshold="113246208" timestamp="2019-08-09T00:20:07.498" intervalms="242.116" />
<cycle-start id="5503" type="partial gc" contextid="0" timestamp="2019-08-09T00:20:07.499" intervalms="238.175" />
<gc-start id="5504" type="partial gc" contextid="5503" timestamp="2019-08-09T00:20:07.499">
  <mem-info id="5505" free="142606336" total="425721856" percent="33">
    <mem type="eden" free="0" total="113246208" percent="0" />
    <remembered-set count="8608" freebytes="16985088" totalbytes="17019520" percent="99" regionsoverflowed="0" regionsstable="11" regionsrebuilding="0"/>
  </mem-info>
</gc-start>
<allocation-stats totalBytes="113031464" >
  <allocated-bytes non-tlh="81952" tlh="112949512" arrayletleaf="0"/>
  <largest-consumer threadName="Thread-49" threadId="0000000002322A00" bytes="11219528" />
</allocation-stats>
<gc-op id="5506" type="copy forward" timems="73.677" contextid="5503" timestamp="2019-08-09T00:20:07.588">
  <memory-copied type="eden" objects="9580" bytes="3842632" bytesdiscarded="755096" />
  <memory-copied type="other" objects="28" bytes="1008" bytesdiscarded="0" />
  <memory-cardclean objects="3261" bytes="147392" />
  <regions eden="54" other="4" />
  <remembered-set-cleared processed="1146" cleared="601" durationms="0.282" />
  <references type="weak" candidates="1" cleared="0" enqueued="0" />
  <references type="phantom" candidates="6" cleared="0" enqueued="0" />
  <stringconstants candidates="16493" cleared="0"  />
</gc-op>
<gc-op id="5507" type="classunload" timems="0.012" contextid="5503" timestamp="2019-08-09T00:20:07.588">
  <classunload-info classloadercandidates="69" classloadersunloaded="0" classesunloaded="0" anonymousclassesunloaded="0" quiescems="0.000" setupms="0.012" scanms="0.000" postms="0.000" />
</gc-op>
<heap-resize id="5508" type="expand" space="default" amount="4194304" count="1" timems="0.071" reason="excessive time being spent in gc" timestamp="2019-08-09T00:20:07.589" />
<gc-end id="5509" type="partial gc" contextid="5503" durationms="89.664" usertimems="36.880" systemtimems="24.713" timestamp="2019-08-09T00:20:07.589" activeThreads="16">
  <mem-info id="5510" free="257949696" total="429916160" percent="60">
    <mem type="eden" free="1693432" total="6291456" percent="26" />
    <remembered-set count="7968" freebytes="17155328" totalbytes="17187200" percent="99" regionsoverflowed="0" regionsstable="11" regionsrebuilding="0"/>
  </mem-info>
</gc-end>
<cycle-end id="5511" type="partial gc" contextid="5503" timestamp="2019-08-09T00:20:07.589" />
  <attribute name="elasticGC enabled" value="1" />
  <attribute name= "numThreadsSpecified" value="16" />
  <attribute name="heapSize specified" value="0" />
  <attribute name="Current GC Util" value="5" />
  <attribute name= "Current Time Running" value="217748" />
  <attribute name ="GC Interval" value="0" />
  <attribute name="Target GC Util Change" value ="80.000000" />
  <attribute name="Current GC Util Change" value="5.000000"/>
  <attribute name="Current Error" value="292.000000" />
  <attribute name="Output H" value="425759864"/>
  <attribute name="Output I" value="2168"/>
  <attribute name="Output T" value="16"/>
  <attribute name= "Current Time Running" value="217748" />
  <attribute name="GC Util currently" value="5" />
  <attribute name="CPU Util currently" value="77482042549" />
<exclusive-end id="5512" timestamp="2019-08-09T00:20:07.590" durationms="91.630" />

<exclusive-start id="5513" timestamp="2019-08-09T00:20:07.722" intervalms="224.101">
  <response-info timems="16.208" idlems="16.208" threads="0" lastid="00000000022E6700" lastname="Thread-47" />
</exclusive-start>
<allocation-taxation id="5514" taxation-threshold="113246208" timestamp="2019-08-09T00:20:07.722" intervalms="224.059" />
<cycle-start id="5515" type="partial gc" contextid="0" timestamp="2019-08-09T00:20:07.723" intervalms="223.520" />
<gc-start id="5516" type="partial gc" contextid="5515" timestamp="2019-08-09T00:20:07.723">
  <mem-info id="5517" free="144703488" total="429916160" percent="33">
    <mem type="eden" free="0" total="113246208" percent="0" />
    <remembered-set count="7520" freebytes="17157120" totalbytes="17187200" percent="99" regionsoverflowed="0" regionsstable="11" regionsrebuilding="0"/>
  </mem-info>
</gc-start>
<allocation-stats totalBytes="113015032" >
  <allocated-bytes non-tlh="98344" tlh="112916688" arrayletleaf="0"/>
  <largest-consumer threadName="Thread-48" threadId="000000000232DD00" bytes="12619344" />
</allocation-stats>
<gc-op id="5518" type="copy forward" timems="141.799" contextid="5515" timestamp="2019-08-09T00:20:07.907">
  <memory-copied type="eden" objects="9827" bytes="4005992" bytesdiscarded="630680" />
  <memory-copied type="other" objects="28" bytes="1008" bytesdiscarded="0" />
  <memory-cardclean objects="3269" bytes="148264" />
  <regions eden="54" other="4" />
  <remembered-set-cleared processed="1159" cleared="616" durationms="2.243" />
  <references type="phantom" candidates="3" cleared="0" enqueued="0" />
  <stringconstants candidates="16493" cleared="0"  />
</gc-op>
<gc-op id="5519" type="classunload" timems="0.013" contextid="5515" timestamp="2019-08-09T00:20:07.907">
  <classunload-info classloadercandidates="69" classloadersunloaded="0" classesunloaded="0" anonymousclassesunloaded="0" quiescems="0.000" setupms="0.013" scanms="0.000" postms="0.000" />
</gc-op>
<heap-resize id="5520" type="expand" space="default" amount="6291456" count="1" timems="0.069" reason="excessive time being spent in gc" timestamp="2019-08-09T00:20:07.908" />
<gc-end id="5521" type="partial gc" contextid="5515" durationms="184.575" usertimems="74.439" systemtimems="84.410" timestamp="2019-08-09T00:20:07.908" activeThreads="16">
  <mem-info id="5522" free="262144000" total="436207616" percent="60">
    <mem type="eden" free="1654504" total="6291456" percent="26" />
    <remembered-set count="8480" freebytes="17404800" totalbytes="17438720" percent="99" regionsoverflowed="0" regionsstable="11" regionsrebuilding="0"/>
  </mem-info>
</gc-end>
<cycle-end id="5523" type="partial gc" contextid="5515" timestamp="2019-08-09T00:20:07.908" />
  <attribute name="elasticGC enabled" value="1" />
  <attribute name= "numThreadsSpecified" value="16" />
  <attribute name="heapSize specified" value="0" />
  <attribute name="Current GC Util" value="42" />
  <attribute name= "Current Time Running" value="217999" />
  <attribute name ="GC Interval" value="0" />
  <attribute name="Target GC Util Change" value ="80.000000" />
  <attribute name="Current GC Util Change" value="42.000000"/>
  <attribute name="Current Error" value="38.000000" />
  <attribute name="Output H" value="429954024"/>
  <attribute name="Output I" value="2024"/>
  <attribute name="Output T" value="16"/>
  <attribute name= "Current Time Running" value="217999" />
  <attribute name="GC Util currently" value="42" />
  <attribute name="CPU Util currently" value="27401703369" />
<exclusive-end id="5524" timestamp="2019-08-09T00:20:07.911" durationms="188.676" />

<exclusive-start id="5525" timestamp="2019-08-09T00:20:07.982" intervalms="259.108">
  <response-info timems="0.415" idlems="0.415" threads="0" lastid="0000000002322A00" lastname="Thread-49" />
</exclusive-start>
<allocation-taxation id="5526" taxation-threshold="115343360" timestamp="2019-08-09T00:20:07.982" intervalms="259.153" />
<cycle-start id="5527" type="partial gc" contextid="0" timestamp="2019-08-09T00:20:07.982" intervalms="259.134" />
<gc-start id="5528" type="partial gc" contextid="5527" timestamp="2019-08-09T00:20:07.982">
  <mem-info id="5529" free="146800640" total="436207616" percent="33">
    <mem type="eden" free="0" total="115343360" percent="0" />
    <remembered-set count="8000" freebytes="17406720" totalbytes="17438720" percent="99" regionsoverflowed="0" regionsstable="11" regionsrebuilding="0"/>
  </mem-info>
</gc-start>
<allocation-stats totalBytes="115246472" >
  <allocated-bytes non-tlh="0" tlh="115246472" arrayletleaf="0"/>
  <largest-consumer threadName="Thread-50" threadId="0000000002339100" bytes="10281424" />
</allocation-stats>
<gc-op id="5530" type="copy forward" timems="97.187" contextid="5527" timestamp="2019-08-09T00:20:08.081">
  <memory-copied type="eden" objects="10601" bytes="4248568" bytesdiscarded="939136" />
  <memory-copied type="other" objects="26" bytes="1568" bytesdiscarded="0" />
  <memory-cardclean objects="3281" bytes="148472" />
  <regions eden="55" other="4" />
  <remembered-set-cleared processed="1182" cleared="640" durationms="0.870" />
  <references type="weak" candidates="1" cleared="0" enqueued="0" />
  <references type="phantom" candidates="2" cleared="0" enqueued="0" />
  <stringconstants candidates="16493" cleared="0"  />
</gc-op>
<gc-op id="5531" type="classunload" timems="0.018" contextid="5527" timestamp="2019-08-09T00:20:08.081">
  <classunload-info classloadercandidates="69" classloadersunloaded="0" classesunloaded="0" anonymousclassesunloaded="0" quiescems="0.000" setupms="0.018" scanms="0.000" postms="0.000" />
</gc-op>
<heap-resize id="5532" type="expand" space="default" amount="4194304" count="1" timems="0.062" reason="excessive time being spent in gc" timestamp="2019-08-09T00:20:08.082" />
<gc-end id="5533" type="partial gc" contextid="5527" durationms="99.865" usertimems="36.756" systemtimems="29.938" timestamp="2019-08-09T00:20:08.082" activeThreads="16">
  <mem-info id="5534" free="264241152" total="440401920" percent="60">
    <mem type="eden" free="1103488" total="6291456" percent="17" />
    <remembered-set count="10528" freebytes="17564288" totalbytes="17606400" percent="99" regionsoverflowed="0" regionsstable="11" regionsrebuilding="0"/>
  </mem-info>
</gc-end>
<cycle-end id="5535" type="partial gc" contextid="5527" timestamp="2019-08-09T00:20:08.082" />
  <attribute name="elasticGC enabled" value="1" />
  <attribute name= "numThreadsSpecified" value="16" />
  <attribute name="heapSize specified" value="0" />
  <attribute name="Current GC Util" value="89" />
  <attribute name= "Current Time Running" value="218217" />
  <attribute name ="GC Interval" value="0" />
  <attribute name="Target GC Util Change" value ="80.000000" />
  <attribute name="Current GC Util Change" value="89.000000"/>
  <attribute name="Current Error" value="45.000000" />
  <attribute name="Output H" value="436245488"/>
  <attribute name="Output I" value="2032"/>
  <attribute name="Output T" value="16"/>
  <attribute name= "Current Time Running" value="218217" />
  <attribute name="GC Util currently" value="89" />
  <attribute name="CPU Util currently" value="1049365717232" />
<exclusive-end id="5536" timestamp="2019-08-09T00:20:08.082" durationms="100.851" />

<exclusive-start id="5537" timestamp="2019-08-09T00:20:08.354" intervalms="372.035">
  <response-info timems="7.623" idlems="7.623" threads="0" lastid="0000000002331900" lastname="Thread-39" />
</exclusive-start>
<allocation-taxation id="5538" taxation-threshold="117440512" timestamp="2019-08-09T00:20:08.362" intervalms="379.976" />
<cycle-start id="5539" type="partial gc" contextid="0" timestamp="2019-08-09T00:20:08.367" intervalms="385.570" />
<gc-start id="5540" type="partial gc" contextid="5539" timestamp="2019-08-09T00:20:08.370">
  <mem-info id="5541" free="146800640" total="440401920" percent="33">
    <mem type="eden" free="0" total="117440512" percent="0" />
    <remembered-set count="10528" freebytes="17564288" totalbytes="17606400" percent="99" regionsoverflowed="0" regionsstable="11" regionsrebuilding="0"/>
  </mem-info>
</gc-start>
<allocation-stats totalBytes="117365760" >
  <allocated-bytes non-tlh="65560" tlh="117300200" arrayletleaf="0"/>
  <largest-consumer threadName="Thread-43" threadId="0000000002326500" bytes="11209632" />
</allocation-stats>
<gc-op id="5542" type="copy forward" timems="63.182" contextid="5539" timestamp="2019-08-09T00:20:08.442">
  <memory-copied type="eden" objects="10083" bytes="3996944" bytesdiscarded="748168" />
  <memory-copied type="other" objects="22" bytes="1424" bytesdiscarded="0" />
  <memory-cardclean objects="3251" bytes="147216" />
  <regions eden="56" other="4" />
  <remembered-set-cleared processed="1193" cleared="647" durationms="1.920" />
  <references type="weak" candidates="1" cleared="0" enqueued="0" />
  <references type="phantom" candidates="2" cleared="0" enqueued="0" />
  <stringconstants candidates="16493" cleared="0"  />
</gc-op>
<gc-op id="5543" type="classunload" timems="0.017" contextid="5539" timestamp="2019-08-09T00:20:08.442">
  <classunload-info classloadercandidates="69" classloadersunloaded="0" classesunloaded="0" anonymousclassesunloaded="0" quiescems="0.000" setupms="0.017" scanms="0.000" postms="0.000" />
</gc-op>
<heap-resize id="5544" type="expand" space="default" amount="6291456" count="1" timems="0.067" reason="excessive time being spent in gc" timestamp="2019-08-09T00:20:08.442" />
<gc-end id="5545" type="partial gc" contextid="5539" durationms="72.621" usertimems="28.730" systemtimems="59.533" timestamp="2019-08-09T00:20:08.443" activeThreads="16">
  <mem-info id="5546" free="268435456" total="446693376" percent="60">
    <mem type="eden" free="1546080" total="6291456" percent="24" />
    <remembered-set count="11552" freebytes="17811712" totalbytes="17857920" percent="99" regionsoverflowed="0" regionsstable="11" regionsrebuilding="0"/>
  </mem-info>
</gc-end>
<cycle-end id="5547" type="partial gc" contextid="5539" timestamp="2019-08-09T00:20:08.443" />
  <attribute name="elasticGC enabled" value="1" />
  <attribute name= "numThreadsSpecified" value="16" />
  <attribute name="heapSize specified" value="0" />
  <attribute name="Current GC Util" value="44" />
  <attribute name= "Current Time Running" value="218612" />
  <attribute name ="GC Interval" value="0" />
  <attribute name="Target GC Util Change" value ="80.000000" />
  <attribute name="Current GC Util Change" value="44.000000"/>
  <attribute name="Current Error" value="144.000000" />
  <attribute name="Output H" value="440439848"/>
  <attribute name="Output I" value="2088"/>
  <attribute name="Output T" value="16"/>
  <attribute name= "Current Time Running" value="218612" />
  <attribute name="GC Util currently" value="44" />
  <attribute name="CPU Util currently" value="139957687381" />
<exclusive-end id="5548" timestamp="2019-08-09T00:20:08.443" durationms="89.144" />

<exclusive-start id="5549" timestamp="2019-08-09T00:20:08.676" intervalms="322.778">
  <response-info timems="1.808" idlems="1.808" threads="0" lastid="00000000022F5600" lastname="Thread-46" />
</exclusive-start>
<allocation-taxation id="5550" taxation-threshold="117440512" timestamp="2019-08-09T00:20:08.676" intervalms="314.840" />
<cycle-start id="5551" type="partial gc" contextid="0" timestamp="2019-08-09T00:20:08.677" intervalms="309.463" />
<gc-start id="5552" type="partial gc" contextid="5551" timestamp="2019-08-09T00:20:08.677">
  <mem-info id="5553" free="150994944" total="446693376" percent="33">
    <mem type="eden" free="0" total="117440512" percent="0" />
    <remembered-set count="11072" freebytes="17813632" totalbytes="17857920" percent="99" regionsoverflowed="0" regionsstable="11" regionsrebuilding="0"/>
  </mem-info>
</gc-start>
<allocation-stats totalBytes="117181504" >
  <allocated-bytes non-tlh="16392" tlh="117165112" arrayletleaf="0"/>
  <largest-consumer threadName="Thread-52" threadId="00000000022D7700" bytes="10990552" />
</allocation-stats>
<gc-op id="5554" type="copy forward" timems="74.176" contextid="5551" timestamp="2019-08-09T00:20:08.756">
  <memory-copied type="eden" objects="8300" bytes="3492832" bytesdiscarded="647592" />
  <memory-copied type="other" objects="30" bytes="1216" bytesdiscarded="0" />
  <memory-cardclean objects="3294" bytes="149976" />
  <regions eden="56" other="4" />
  <remembered-set-cleared processed="1145" cleared="604" durationms="0.157" />
  <references type="phantom" candidates="8" cleared="0" enqueued="0" />
  <stringconstants candidates="16493" cleared="0"  />
</gc-op>
<gc-op id="5555" type="classunload" timems="0.019" contextid="5551" timestamp="2019-08-09T00:20:08.756">
  <classunload-info classloadercandidates="69" classloadersunloaded="0" classesunloaded="0" anonymousclassesunloaded="0" quiescems="0.000" setupms="0.019" scanms="0.000" postms="0.000" />
</gc-op>
<gc-end id="5556" type="partial gc" contextid="5551" durationms="79.312" usertimems="28.456" systemtimems="36.765" timestamp="2019-08-09T00:20:08.756" activeThreads="16">
  <mem-info id="5557" free="268435456" total="446693376" percent="60">
    <mem type="eden" free="53560" total="4194304" percent="1" />
    <remembered-set count="11040" freebytes="17813760" totalbytes="17857920" percent="99" regionsoverflowed="0" regionsstable="11" regionsrebuilding="0"/>
  </mem-info>
</gc-end>
<cycle-end id="5558" type="partial gc" contextid="5551" timestamp="2019-08-09T00:20:08.757" />
  <attribute name="elasticGC enabled" value="1" />
  <attribute name= "numThreadsSpecified" value="16" />
  <attribute name="heapSize specified" value="0" />
  <attribute name="Current GC Util" value="74" />
  <attribute name= "Current Time Running" value="218915" />
  <attribute name ="GC Interval" value="0" />
  <attribute name="Target GC Util Change" value ="80.000000" />
  <attribute name="Current GC Util Change" value="74.000000"/>
  <attribute name="Current Error" value="6.000000" />
  <attribute name="Output H" value="446731224"/>
  <attribute name="Output I" value="2008"/>
  <attribute name="Output T" value="16"/>
  <attribute name= "Current Time Running" value="218915" />
  <attribute name="GC Util currently" value="74" />
  <attribute name="CPU Util currently" value="266192825605" />
<exclusive-end id="5559" timestamp="2019-08-09T00:20:08.759" durationms="82.873" />

<exclusive-start id="5560" timestamp="2019-08-09T00:20:09.031" intervalms="354.920">
  <response-info timems="2.244" idlems="1.786" threads="6" lastid="0000000002326500" lastname="Thread-43" />
</exclusive-start>
<allocation-taxation id="5561" taxation-threshold="117440512" timestamp="2019-08-09T00:20:09.031" intervalms="354.893" />
<cycle-start id="5562" type="partial gc" contextid="0" timestamp="2019-08-09T00:20:09.032" intervalms="355.086" />
<gc-start id="5563" type="partial gc" contextid="5562" timestamp="2019-08-09T00:20:09.032">
  <mem-info id="5564" free="150994944" total="446693376" percent="33">
    <mem type="eden" free="0" total="117440512" percent="0" />
    <remembered-set count="10624" freebytes="17815424" totalbytes="17857920" percent="99" regionsoverflowed="0" regionsstable="11" regionsrebuilding="0"/>
  </mem-info>
</gc-start>
<allocation-stats totalBytes="117276728" >
  <allocated-bytes non-tlh="0" tlh="117276728" arrayletleaf="0"/>
  <largest-consumer threadName="Thread-38" threadId="00000000022FCE00" bytes="12656056" />
</allocation-stats>
<gc-op id="5565" type="copy forward" timems="24.304" contextid="5562" timestamp="2019-08-09T00:20:09.067">
  <memory-copied type="eden" objects="10221" bytes="4025544" bytesdiscarded="798416" />
  <memory-copied type="other" objects="34" bytes="1360" bytesdiscarded="0" />
  <memory-cardclean objects="3285" bytes="149512" />
  <regions eden="56" other="3" />
  <remembered-set-cleared processed="1102" cleared="560" durationms="0.216" />
  <stringconstants candidates="16493" cleared="0"  />
</gc-op>
<gc-op id="5566" type="classunload" timems="0.013" contextid="5562" timestamp="2019-08-09T00:20:09.067">
  <classunload-info classloadercandidates="69" classloadersunloaded="0" classesunloaded="0" anonymousclassesunloaded="0" quiescems="0.000" setupms="0.013" scanms="0.000" postms="0.000" />
</gc-op>
<heap-resize id="5567" type="expand" space="default" amount="14680064" count="1" timems="0.142" reason="excessive time being spent in gc" timestamp="2019-08-09T00:20:09.067" />
<gc-end id="5568" type="partial gc" contextid="5562" durationms="34.905" usertimems="28.201" systemtimems="24.666" timestamp="2019-08-09T00:20:09.067" activeThreads="16">
  <mem-info id="5569" free="276824064" total="461373440" percent="60">
    <mem type="eden" free="3564392" total="8388608" percent="42" />
    <remembered-set count="8480" freebytes="18410880" totalbytes="18444800" percent="99" regionsoverflowed="0" regionsstable="11" regionsrebuilding="0"/>
  </mem-info>
</gc-end>
<cycle-end id="5570" type="partial gc" contextid="5562" timestamp="2019-08-09T00:20:09.067" />
  <attribute name="elasticGC enabled" value="1" />
  <attribute name= "numThreadsSpecified" value="16" />
  <attribute name="heapSize specified" value="0" />
  <attribute name="Current GC Util" value="43" />
  <attribute name= "Current Time Running" value="219276" />
  <attribute name ="GC Interval" value="0" />
  <attribute name="Target GC Util Change" value ="80.000000" />
  <attribute name="Current GC Util Change" value="43.000000"/>
  <attribute name="Current Error" value="106.000000" />
  <attribute name="Output H" value="446731280"/>
  <attribute name="Output I" value="2064"/>
  <attribute name="Output T" value="16"/>
  <attribute name= "Current Time Running" value="219276" />
  <attribute name="GC Util currently" value="43" />
  <attribute name="CPU Util currently" value="118115155365" />
<exclusive-end id="5571" timestamp="2019-08-09T00:20:09.067" durationms="36.067" />

<exclusive-start id="5572" timestamp="2019-08-09T00:20:09.381" intervalms="350.201">
  <response-info timems="1.030" idlems="1.028" threads="1" lastid="0000000002326500" lastname="Thread-43" />
</exclusive-start>
<allocation-taxation id="5573" taxation-threshold="121634816" timestamp="2019-08-09T00:20:09.382" intervalms="350.237" />
<cycle-start id="5574" type="partial gc" contextid="0" timestamp="2019-08-09T00:20:09.382" intervalms="349.829" />
<gc-start id="5575" type="partial gc" contextid="5574" timestamp="2019-08-09T00:20:09.382">
  <mem-info id="5576" free="155189248" total="461373440" percent="33">
    <mem type="eden" free="0" total="121634816" percent="0" />
    <remembered-set count="8032" freebytes="18412672" totalbytes="18444800" percent="99" regionsoverflowed="0" regionsstable="11" regionsrebuilding="0"/>
  </mem-info>
</gc-start>
<allocation-stats totalBytes="121485488" >
  <allocated-bytes non-tlh="16392" tlh="121469096" arrayletleaf="0"/>
  <largest-consumer threadName="Thread-37" threadId="0000000002313A00" bytes="11603128" />
</allocation-stats>
<gc-op id="5577" type="copy forward" timems="30.436" contextid="5574" timestamp="2019-08-09T00:20:09.414">
  <memory-copied type="eden" objects="8831" bytes="3631592" bytesdiscarded="620880" />
  <memory-copied type="other" objects="18" bytes="784" bytesdiscarded="0" />
  <memory-cardclean objects="3303" bytes="150200" />
  <regions eden="58" other="5" />
  <remembered-set-cleared processed="1206" cleared="669" durationms="0.194" />
  <references type="phantom" candidates="3" cleared="0" enqueued="0" />
  <stringconstants candidates="16493" cleared="0"  />
</gc-op>
<gc-op id="5578" type="classunload" timems="0.012" contextid="5574" timestamp="2019-08-09T00:20:09.414">
  <classunload-info classloadercandidates="69" classloadersunloaded="0" classesunloaded="0" anonymousclassesunloaded="0" quiescems="0.000" setupms="0.012" scanms="0.000" postms="0.000" />
</gc-op>
<gc-end id="5579" type="partial gc" contextid="5574" durationms="32.677" usertimems="51.068" systemtimems="42.434" timestamp="2019-08-09T00:20:09.415" activeThreads="16">
  <mem-info id="5580" free="276824064" total="461373440" percent="60">
    <mem type="eden" free="2038720" total="6291456" percent="32" />
    <remembered-set count="8960" freebytes="18408960" totalbytes="18444800" percent="99" regionsoverflowed="0" regionsstable="11" regionsrebuilding="0"/>
  </mem-info>
</gc-end>
<cycle-end id="5581" type="partial gc" contextid="5574" timestamp="2019-08-09T00:20:09.415" />
  <attribute name="elasticGC enabled" value="1" />
  <attribute name= "numThreadsSpecified" value="16" />
  <attribute name="heapSize specified" value="0" />
  <attribute name="Current GC Util" value="128" />
  <attribute name= "Current Time Running" value="219617" />
  <attribute name ="GC Interval" value="0" />
  <attribute name="Target GC Util Change" value ="80.000000" />
  <attribute name="Current GC Util Change" value="128.000000"/>
  <attribute name="Current Error" value="125.000000" />
  <attribute name="Output H" value="461411352"/>
  <attribute name="Output I" value="2072"/>
  <attribute name="Output T" value="16"/>
  <attribute name= "Current Time Running" value="219617" />
  <attribute name="GC Util currently" value="128" />
  <attribute name="CPU Util currently" value="769872185837" />
<exclusive-end id="5582" timestamp="2019-08-09T00:20:09.415" durationms="33.728" />

<exclusive-start id="5583" timestamp="2019-08-09T00:20:09.702" intervalms="320.203">
  <response-info timems="0.205" idlems="0.071" threads="4" lastid="000000000232DD00" lastname="Thread-48" />
</exclusive-start>
<allocation-taxation id="5584" taxation-threshold="121634816" timestamp="2019-08-09T00:20:09.702" intervalms="320.129" />
<cycle-start id="5585" type="partial gc" contextid="0" timestamp="2019-08-09T00:20:09.702" intervalms="320.301" />
<gc-start id="5586" type="partial gc" contextid="5585" timestamp="2019-08-09T00:20:09.702">
  <mem-info id="5587" free="155189248" total="461373440" percent="33">
    <mem type="eden" free="0" total="121634816" percent="0" />
    <remembered-set count="8544" freebytes="18410624" totalbytes="18444800" percent="99" regionsoverflowed="0" regionsstable="11" regionsrebuilding="0"/>
  </mem-info>
</gc-start>
<allocation-stats totalBytes="121420144" >
  <allocated-bytes non-tlh="0" tlh="121420144" arrayletleaf="0"/>
  <largest-consumer threadName="Thread-37" threadId="0000000002313A00" bytes="23349072" />
</allocation-stats>
<gc-op id="5588" type="copy forward" timems="15.600" contextid="5585" timestamp="2019-08-09T00:20:09.720">
  <memory-copied type="eden" objects="9749" bytes="3862000" bytesdiscarded="662272" />
  <memory-copied type="other" objects="19" bytes="888" bytesdiscarded="0" />
  <memory-cardclean objects="3262" bytes="148120" />
  <regions eden="58" other="4" />
  <remembered-set-cleared processed="1140" cleared="596" durationms="0.169" />
  <references type="phantom" candidates="1" cleared="0" enqueued="0" />
  <stringconstants candidates="16493" cleared="0"  />
</gc-op>
<gc-op id="5589" type="classunload" timems="0.017" contextid="5585" timestamp="2019-08-09T00:20:09.720">
  <classunload-info classloadercandidates="69" classloadersunloaded="0" classesunloaded="0" anonymousclassesunloaded="0" quiescems="0.000" setupms="0.017" scanms="0.000" postms="0.000" />
</gc-op>
<heap-resize id="5590" type="expand" space="default" amount="6291456" count="1" timems="0.072" reason="excessive time being spent in gc" timestamp="2019-08-09T00:20:09.720" />
<gc-end id="5591" type="partial gc" contextid="5585" durationms="18.114" usertimems="17.423" systemtimems="16.346" timestamp="2019-08-09T00:20:09.720" activeThreads="16">
  <mem-info id="5592" free="281018368" total="467664896" percent="60">
    <mem type="eden" free="1766920" total="6291456" percent="28" />
    <remembered-set count="8480" freebytes="18662400" totalbytes="18696320" percent="99" regionsoverflowed="0" regionsstable="11" regionsrebuilding="0"/>
  </mem-info>
</gc-end>
<cycle-end id="5593" type="partial gc" contextid="5585" timestamp="2019-08-09T00:20:09.721" />
  <attribute name="elasticGC enabled" value="1" />
  <attribute name= "numThreadsSpecified" value="16" />
  <attribute name="heapSize specified" value="0" />
  <attribute name="Current GC Util" value="47" />
  <attribute name= "Current Time Running" value="219938" />
  <attribute name ="GC Interval" value="0" />
  <attribute name="Target GC Util Change" value ="80.000000" />
  <attribute name="Current GC Util Change" value="47.000000"/>
  <attribute name="Current Error" value="33.000000" />
  <attribute name="Output H" value="461411304"/>
  <attribute name="Output I" value="2024"/>
  <attribute name="Output T" value="16"/>
  <attribute name= "Current Time Running" value="219938" />
  <attribute name="GC Util currently" value="47" />
  <attribute name="CPU Util currently" value="704776929632" />
<exclusive-end id="5594" timestamp="2019-08-09T00:20:09.721" durationms="19.781" />

<exclusive-start id="5595" timestamp="2019-08-09T00:20:10.066" intervalms="364.712">
  <response-info timems="0.157" idlems="0.157" threads="0" lastid="000000000230FE00" lastname="Thread-51" />
</exclusive-start>
<allocation-taxation id="5596" taxation-threshold="123731968" timestamp="2019-08-09T00:20:10.066" intervalms="364.737" />
<cycle-start id="5597" type="partial gc" contextid="0" timestamp="2019-08-09T00:20:10.067" intervalms="364.604" />
<gc-start id="5598" type="partial gc" contextid="5597" timestamp="2019-08-09T00:20:10.067">
  <mem-info id="5599" free="157286400" total="467664896" percent="33">
    <mem type="eden" free="0" total="123731968" percent="0" />
    <remembered-set count="8096" freebytes="18663936" totalbytes="18696320" percent="99" regionsoverflowed="0" regionsstable="11" regionsrebuilding="0"/>
  </mem-info>
</gc-start>
<allocation-stats totalBytes="123523800" >
  <allocated-bytes non-tlh="49168" tlh="123474632" arrayletleaf="0"/>
  <largest-consumer threadName="Thread-51" threadId="000000000230FE00" bytes="22826960" />
</allocation-stats>
<gc-op id="5600" type="copy forward" timems="23.272" contextid="5597" timestamp="2019-08-09T00:20:10.092">
  <memory-copied type="eden" objects="9155" bytes="3727928" bytesdiscarded="628368" />
  <memory-copied type="other" objects="21" bytes="824" bytesdiscarded="0" />
  <memory-cardclean objects="3289" bytes="149288" />
  <regions eden="59" other="4" />
  <remembered-set-cleared processed="1166" cleared="625" durationms="0.804" />
  <references type="phantom" candidates="3" cleared="0" enqueued="0" />
  <stringconstants candidates="16493" cleared="0"  />
</gc-op>
<gc-op id="5601" type="classunload" timems="0.016" contextid="5597" timestamp="2019-08-09T00:20:10.092">
  <classunload-info classloadercandidates="69" classloadersunloaded="0" classesunloaded="0" anonymousclassesunloaded="0" quiescems="0.000" setupms="0.015" scanms="0.000" postms="0.000" />
</gc-op>
<gc-end id="5602" type="partial gc" contextid="5597" durationms="24.785" usertimems="48.617" systemtimems="11.928" timestamp="2019-08-09T00:20:10.092" activeThreads="16">
  <mem-info id="5603" free="278921216" total="467664896" percent="59">
    <mem type="eden" free="1934872" total="6291456" percent="30" />
    <remembered-set count="10496" freebytes="18654336" totalbytes="18696320" percent="99" regionsoverflowed="0" regionsstable="11" regionsrebuilding="0"/>
  </mem-info>
</gc-end>
<cycle-end id="5604" type="partial gc" contextid="5597" timestamp="2019-08-09T00:20:10.092" />
  <attribute name="elasticGC enabled" value="1" />
  <attribute name= "numThreadsSpecified" value="16" />
  <attribute name="heapSize specified" value="0" />
  <attribute name="Current GC Util" value="128" />
  <attribute name= "Current Time Running" value="220301" />
  <attribute name ="GC Interval" value="0" />
  <attribute name="Target GC Util Change" value ="80.000000" />
  <attribute name="Current GC Util Change" value="128.000000"/>
  <attribute name="Current Error" value="57.000000" />
  <attribute name="Output H" value="467702768"/>
  <attribute name="Output I" value="2032"/>
  <attribute name="Output T" value="16"/>
  <attribute name= "Current Time Running" value="220301" />
  <attribute name="GC Util currently" value="128" />
  <attribute name="CPU Util currently" value="1497703046524" />
<exclusive-end id="5605" timestamp="2019-08-09T00:20:10.092" durationms="25.960" />

<exclusive-start id="5606" timestamp="2019-08-09T00:20:10.430" intervalms="364.114">
  <response-info timems="29.320" idlems="7.990" threads="7" lastid="00000000022E6700" lastname="Thread-47" />
</exclusive-start>
<allocation-taxation id="5607" taxation-threshold="123731968" timestamp="2019-08-09T00:20:10.431" intervalms="364.115" />
<cycle-start id="5608" type="partial gc" contextid="0" timestamp="2019-08-09T00:20:10.431" intervalms="364.377" />
<gc-start id="5609" type="partial gc" contextid="5608" timestamp="2019-08-09T00:20:10.431">
  <mem-info id="5610" free="155189248" total="467664896" percent="33">
    <mem type="eden" free="0" total="123731968" percent="0" />
    <remembered-set count="10080" freebytes="18656000" totalbytes="18696320" percent="99" regionsoverflowed="0" regionsstable="11" regionsrebuilding="0"/>
  </mem-info>
</gc-start>
<allocation-stats totalBytes="123566288" >
  <allocated-bytes non-tlh="49168" tlh="123517120" arrayletleaf="0"/>
  <largest-consumer threadName="Thread-39" threadId="0000000002331900" bytes="14739504" />
</allocation-stats>
<gc-op id="5611" type="copy forward" timems="64.833" contextid="5608" timestamp="2019-08-09T00:20:10.506">
  <memory-copied type="eden" objects="9359" bytes="3743936" bytesdiscarded="802904" />
  <memory-copied type="other" objects="20" bytes="720" bytesdiscarded="0" />
  <memory-cardclean objects="3279" bytes="149184" />
  <regions eden="59" other="4" />
  <remembered-set-cleared processed="1168" cleared="624" durationms="3.911" />
  <references type="phantom" candidates="1" cleared="0" enqueued="0" />
  <stringconstants candidates="16493" cleared="0"  />
</gc-op>
<gc-op id="5612" type="classunload" timems="0.012" contextid="5608" timestamp="2019-08-09T00:20:10.506">
  <classunload-info classloadercandidates="69" classloadersunloaded="0" classesunloaded="0" anonymousclassesunloaded="0" quiescems="0.000" setupms="0.012" scanms="0.000" postms="0.000" />
</gc-op>
<gc-end id="5613" type="partial gc" contextid="5608" durationms="74.974" usertimems="85.996" systemtimems="45.589" timestamp="2019-08-09T00:20:10.506" activeThreads="16">
  <mem-info id="5614" free="276824064" total="467664896" percent="59">
    <mem type="eden" free="1744344" total="6291456" percent="27" />
    <remembered-set count="7424" freebytes="18666624" totalbytes="18696320" percent="99" regionsoverflowed="0" regionsstable="11" regionsrebuilding="0"/>
  </mem-info>
</gc-end>
<cycle-end id="5615" type="partial gc" contextid="5608" timestamp="2019-08-09T00:20:10.506" />
  <attribute name="elasticGC enabled" value="1" />
  <attribute name= "numThreadsSpecified" value="16" />
  <attribute name="heapSize specified" value="0" />
  <attribute name="Current GC Util" value="24" />
  <attribute name= "Current Time Running" value="220674" />
  <attribute name ="GC Interval" value="0" />
  <attribute name="Target GC Util Change" value ="80.000000" />
  <attribute name="Current GC Util Change" value="24.000000"/>
  <attribute name="Current Error" value="183.000000" />
  <attribute name="Output H" value="467702848"/>
  <attribute name="Output I" value="2112"/>
  <attribute name="Output T" value="16"/>
  <attribute name= "Current Time Running" value="220674" />
  <attribute name="GC Util currently" value="24" />
  <attribute name="CPU Util currently" value="386297440233" />
<exclusive-end id="5616" timestamp="2019-08-09T00:20:10.507" durationms="76.047" />

<exclusive-start id="5617" timestamp="2019-08-09T00:20:10.730" intervalms="299.522">
  <response-info timems="12.885" idlems="9.772" threads="1" lastid="00000000022E6700" lastname="Thread-47" />
</exclusive-start>
<allocation-taxation id="5618" taxation-threshold="123731968" timestamp="2019-08-09T00:20:10.730" intervalms="299.623" />
<cycle-start id="5619" type="partial gc" contextid="0" timestamp="2019-08-09T00:20:10.730" intervalms="299.318" />
<gc-start id="5620" type="partial gc" contextid="5619" timestamp="2019-08-09T00:20:10.731">
  <mem-info id="5621" free="153092096" total="467664896" percent="32">
    <mem type="eden" free="0" total="123731968" percent="0" />
    <remembered-set count="7008" freebytes="18668288" totalbytes="18696320" percent="99" regionsoverflowed="0" regionsstable="11" regionsrebuilding="0"/>
  </mem-info>
</gc-start>
<allocation-stats totalBytes="123609504" >
  <allocated-bytes non-tlh="16392" tlh="123593112" arrayletleaf="0"/>
  <largest-consumer threadName="Thread-39" threadId="0000000002331900" bytes="15162328" />
</allocation-stats>
<gc-op id="5622" type="copy forward" timems="17.004" contextid="5619" timestamp="2019-08-09T00:20:10.756">
  <memory-copied type="eden" objects="9642" bytes="3744784" bytesdiscarded="798224" />
  <memory-copied type="other" objects="20" bytes="720" bytesdiscarded="0" />
  <memory-cardclean objects="3297" bytes="150120" />
  <regions eden="59" other="4" />
  <remembered-set-cleared processed="1194" cleared="653" durationms="0.259" />
  <references type="phantom" candidates="3" cleared="0" enqueued="0" />
  <stringconstants candidates="16493" cleared="0"  />
</gc-op>
<gc-op id="5623" type="classunload" timems="0.015" contextid="5619" timestamp="2019-08-09T00:20:10.756">
  <classunload-info classloadercandidates="69" classloadersunloaded="0" classesunloaded="0" anonymousclassesunloaded="0" quiescems="0.000" setupms="0.014" scanms="0.000" postms="0.000" />
</gc-op>
<gc-end id="5624" type="partial gc" contextid="5619" durationms="25.804" usertimems="19.856" systemtimems="22.016" timestamp="2019-08-09T00:20:10.756" activeThreads="16">
  <mem-info id="5625" free="274726912" total="467664896" percent="58">
    <mem type="eden" free="1748176" total="6291456" percent="27" />
    <remembered-set count="11520" freebytes="18650240" totalbytes="18696320" percent="99" regionsoverflowed="0" regionsstable="11" regionsrebuilding="0"/>
  </mem-info>
</gc-end>
<cycle-end id="5626" type="partial gc" contextid="5619" timestamp="2019-08-09T00:20:10.756" />
  <attribute name="elasticGC enabled" value="1" />
  <attribute name= "numThreadsSpecified" value="16" />
  <attribute name="heapSize specified" value="0" />
  <attribute name="Current GC Util" value="61" />
  <attribute name= "Current Time Running" value="220972" />
  <attribute name ="GC Interval" value="0" />
  <attribute name="Target GC Util Change" value ="80.000000" />
  <attribute name="Current GC Util Change" value="61.000000"/>
  <attribute name="Current Error" value="19.000000" />
  <attribute name="Output H" value="467702752"/>
  <attribute name="Output I" value="2016"/>
  <attribute name="Output T" value="16"/>
  <attribute name= "Current Time Running" value="220972" />
  <attribute name="GC Util currently" value="61" />
  <attribute name="CPU Util currently" value="145183497893" />
<exclusive-end id="5627" timestamp="2019-08-09T00:20:10.757" durationms="26.806" />

<exclusive-start id="5628" timestamp="2019-08-09T00:20:10.932" intervalms="202.338">
  <response-info timems="1.863" idlems="1.863" threads="0" lastid="0000000002317600" lastname="Thread-45" />
</exclusive-start>
<allocation-taxation id="5629" taxation-threshold="123731968" timestamp="2019-08-09T00:20:10.932" intervalms="202.210" />
<cycle-start id="5630" type="partial gc" contextid="0" timestamp="2019-08-09T00:20:10.932" intervalms="202.175" />
<gc-start id="5631" type="partial gc" contextid="5630" timestamp="2019-08-09T00:20:10.933">
  <mem-info id="5632" free="150994944" total="467664896" percent="32">
    <mem type="eden" free="0" total="123731968" percent="0" />
    <remembered-set count="11104" freebytes="18651904" totalbytes="18696320" percent="99" regionsoverflowed="0" regionsstable="11" regionsrebuilding="0"/>
  </mem-info>
</gc-start>
<allocation-stats totalBytes="123608104" >
  <allocated-bytes non-tlh="57376" tlh="123550728" arrayletleaf="0"/>
  <largest-consumer threadName="Thread-49" threadId="0000000002322A00" bytes="13406960" />
</allocation-stats>
<gc-op id="5633" type="copy forward" timems="33.574" contextid="5630" timestamp="2019-08-09T00:20:10.968">
  <memory-copied type="eden" objects="10293" bytes="4018264" bytesdiscarded="572032" />
  <memory-copied type="other" objects="34" bytes="1664" bytesdiscarded="592" />
  <memory-cardclean objects="3267" bytes="149144" />
  <regions eden="59" other="4" />
  <remembered-set-cleared processed="1174" cleared="629" durationms="0.567" />
  <references type="phantom" candidates="1" cleared="0" enqueued="0" />
  <stringconstants candidates="16493" cleared="0"  />
</gc-op>
<gc-op id="5634" type="classunload" timems="0.032" contextid="5630" timestamp="2019-08-09T00:20:10.968">
  <classunload-info classloadercandidates="69" classloadersunloaded="0" classesunloaded="0" anonymousclassesunloaded="0" quiescems="0.000" setupms="0.032" scanms="0.000" postms="0.000" />
</gc-op>
<heap-resize id="5635" type="expand" space="default" amount="20971520" count="1" timems="0.108" reason="excessive time being spent in gc" timestamp="2019-08-09T00:20:10.968" />
<gc-end id="5636" type="partial gc" contextid="5630" durationms="35.279" usertimems="27.890" systemtimems="31.020" timestamp="2019-08-09T00:20:10.968" activeThreads="16">
  <mem-info id="5637" free="293601280" total="488636416" percent="60">
    <mem type="eden" free="1700896" total="6291456" percent="27" />
    <remembered-set count="9472" freebytes="19496832" totalbytes="19534720" percent="99" regionsoverflowed="0" regionsstable="11" regionsrebuilding="0"/>
  </mem-info>
</gc-end>
<cycle-end id="5638" type="partial gc" contextid="5630" timestamp="2019-08-09T00:20:10.968" />
  <attribute name="elasticGC enabled" value="1" />
  <attribute name= "numThreadsSpecified" value="16" />
  <attribute name="heapSize specified" value="0" />
  <attribute name="Current GC Util" value="104" />
  <attribute name= "Current Time Running" value="221167" />
  <attribute name ="GC Interval" value="0" />
  <attribute name="Target GC Util Change" value ="80.000000" />
  <attribute name="Current GC Util Change" value="104.000000"/>
  <attribute name="Current Error" value="57.000000" />
  <attribute name="Output H" value="467702768"/>
  <attribute name="Output I" value="2032"/>
  <attribute name="Output T" value="16"/>
  <attribute name= "Current Time Running" value="221167" />
  <attribute name="GC Util currently" value="104" />
  <attribute name="CPU Util currently" value="1448772192050" />
<exclusive-end id="5639" timestamp="2019-08-09T00:20:10.968" durationms="35.917" />

<exclusive-start id="5640" timestamp="2019-08-09T00:20:11.242" intervalms="309.449">
  <response-info timems="0.165" idlems="0.165" threads="0" lastid="0000000002339100" lastname="Thread-50" />
</exclusive-start>
<allocation-taxation id="5641" taxation-threshold="127926272" timestamp="2019-08-09T00:20:11.242" intervalms="309.937" />
<cycle-start id="5642" type="partial gc" contextid="0" timestamp="2019-08-09T00:20:11.242" intervalms="310.004" />
<gc-start id="5643" type="partial gc" contextid="5642" timestamp="2019-08-09T00:20:11.243">
  <mem-info id="5644" free="165675008" total="488636416" percent="33">
    <mem type="eden" free="0" total="127926272" percent="0" />
    <remembered-set count="9120" freebytes="19498240" totalbytes="19534720" percent="99" regionsoverflowed="0" regionsstable="11" regionsrebuilding="0"/>
  </mem-info>
</gc-start>
<allocation-stats totalBytes="127832432" >
  <allocated-bytes non-tlh="32776" tlh="127799656" arrayletleaf="0"/>
  <largest-consumer threadName="Thread-43" threadId="0000000002326500" bytes="13257280" />
</allocation-stats>
<gc-op id="5645" type="copy forward" timems="17.544" contextid="5642" timestamp="2019-08-09T00:20:11.262">
  <memory-copied type="eden" objects="9185" bytes="3632704" bytesdiscarded="836112" />
  <memory-copied type="other" objects="36" bytes="1872" bytesdiscarded="0" />
  <memory-cardclean objects="3273" bytes="149424" />
  <regions eden="61" other="4" />
  <remembered-set-cleared processed="1152" cleared="608" durationms="0.167" />
  <references type="weak" candidates="1" cleared="0" enqueued="0" />
  <references type="phantom" candidates="2" cleared="0" enqueued="0" />
  <stringconstants candidates="16493" cleared="0"  />
</gc-op>
<gc-op id="5646" type="classunload" timems="0.010" contextid="5642" timestamp="2019-08-09T00:20:11.262">
  <classunload-info classloadercandidates="69" classloadersunloaded="0" classesunloaded="0" anonymousclassesunloaded="0" quiescems="0.000" setupms="0.010" scanms="0.000" postms="0.000" />
</gc-op>
<heap-resize id="5647" type="expand" space="default" amount="4194304" count="1" timems="0.084" reason="excessive time being spent in gc" timestamp="2019-08-09T00:20:11.263" />
<gc-end id="5648" type="partial gc" contextid="5642" durationms="20.063" usertimems="27.093" systemtimems="11.173" timestamp="2019-08-09T00:20:11.263" activeThreads="16">
  <mem-info id="5649" free="295698432" total="492830720" percent="60">
    <mem type="eden" free="1822384" total="6291456" percent="28" />
    <remembered-set count="10496" freebytes="19660416" totalbytes="19702400" percent="99" regionsoverflowed="0" regionsstable="11" regionsrebuilding="0"/>
  </mem-info>
</gc-end>
<cycle-end id="5650" type="partial gc" contextid="5642" timestamp="2019-08-09T00:20:11.263" />
  <attribute name="elasticGC enabled" value="1" />
  <attribute name= "numThreadsSpecified" value="16" />
  <attribute name="heapSize specified" value="0" />
  <attribute name="Current GC Util" value="56" />
  <attribute name= "Current Time Running" value="221478" />
  <attribute name ="GC Interval" value="0" />
  <attribute name="Target GC Util Change" value ="80.000000" />
  <attribute name="Current GC Util Change" value="56.000000"/>
  <attribute name="Current Error" value="143.000000" />
  <attribute name="Output H" value="488674344"/>
  <attribute name="Output I" value="2088"/>
  <attribute name="Output T" value="16"/>
  <attribute name= "Current Time Running" value="221478" />
  <attribute name="GC Util currently" value="56" />
  <attribute name="CPU Util currently" value="952118562860" />
<exclusive-end id="5651" timestamp="2019-08-09T00:20:11.263" durationms="21.585" />

<exclusive-start id="5652" timestamp="2019-08-09T00:20:11.428" intervalms="186.615">
  <response-info timems="0.682" idlems="0.267" threads="3" lastid="00000000022D7700" lastname="Thread-52" />
</exclusive-start>
<allocation-taxation id="5653" taxation-threshold="130023424" timestamp="2019-08-09T00:20:11.428" intervalms="186.133" />
<cycle-start id="5654" type="partial gc" contextid="0" timestamp="2019-08-09T00:20:11.429" intervalms="186.163" />
<gc-start id="5655" type="partial gc" contextid="5654" timestamp="2019-08-09T00:20:11.430">
  <mem-info id="5656" free="165675008" total="492830720" percent="33">
    <mem type="eden" free="0" total="130023424" percent="0" />
    <remembered-set count="10048" freebytes="19662208" totalbytes="19702400" percent="99" regionsoverflowed="0" regionsstable="11" regionsrebuilding="0"/>
  </mem-info>
</gc-start>
<allocation-stats totalBytes="129835528" >
  <allocated-bytes non-tlh="65568" tlh="129769960" arrayletleaf="0"/>
  <largest-consumer threadName="Thread-44" threadId="000000000232A100" bytes="13093664" />
</allocation-stats>
<gc-op id="5657" type="copy forward" timems="89.850" contextid="5654" timestamp="2019-08-09T00:20:11.528">
  <memory-copied type="eden" objects="9803" bytes="3909024" bytesdiscarded="340808" />
  <memory-copied type="other" objects="27" bytes="1176" bytesdiscarded="0" />
  <memory-cardclean objects="3281" bytes="149944" />
  <regions eden="62" other="4" />
  <remembered-set-cleared processed="1151" cleared="604" durationms="0.890" />
  <references type="phantom" candidates="1" cleared="0" enqueued="0" />
  <stringconstants candidates="16493" cleared="0"  />
</gc-op>
<gc-op id="5658" type="classunload" timems="0.017" contextid="5654" timestamp="2019-08-09T00:20:11.528">
  <classunload-info classloadercandidates="69" classloadersunloaded="0" classesunloaded="0" anonymousclassesunloaded="0" quiescems="0.000" setupms="0.017" scanms="0.000" postms="0.000" />
</gc-op>
<gc-end id="5659" type="partial gc" contextid="5654" durationms="98.089" usertimems="65.883" systemtimems="64.299" timestamp="2019-08-09T00:20:11.528" activeThreads="16">
  <mem-info id="5660" free="293601280" total="492830720" percent="59">
    <mem type="eden" free="2041360" total="6291456" percent="32" />
    <remembered-set count="7936" freebytes="19670656" totalbytes="19702400" percent="99" regionsoverflowed="0" regionsstable="11" regionsrebuilding="0"/>
  </mem-info>
</gc-end>
<cycle-end id="5661" type="partial gc" contextid="5654" timestamp="2019-08-09T00:20:11.528" />
  <attribute name="elasticGC enabled" value="1" />
  <attribute name= "numThreadsSpecified" value="16" />
  <attribute name="heapSize specified" value="0" />
  <attribute name="Current GC Util" value="45" />
  <attribute name= "Current Time Running" value="221671" />
  <attribute name ="GC Interval" value="0" />
  <attribute name="Target GC Util Change" value ="80.000000" />
  <attribute name="Current GC Util Change" value="45.000000"/>
  <attribute name="Current Error" value="35.000000" />
  <attribute name="Output H" value="492868584"/>
  <attribute name="Output I" value="2024"/>
  <attribute name="Output T" value="16"/>
  <attribute name= "Current Time Running" value="221671" />
  <attribute name="GC Util currently" value="45" />
  <attribute name="CPU Util currently" value="153159074300" />
<exclusive-end id="5662" timestamp="2019-08-09T00:20:11.528" durationms="100.062" />

<exclusive-start id="5663" timestamp="2019-08-09T00:20:11.712" intervalms="283.696">
  <response-info timems="6.407" idlems="3.253" threads="1" lastid="00000000022EDF00" lastname="Thread-40" />
</exclusive-start>
<allocation-taxation id="5664" taxation-threshold="130023424" timestamp="2019-08-09T00:20:11.712" intervalms="283.705" />
<cycle-start id="5665" type="partial gc" contextid="0" timestamp="2019-08-09T00:20:11.713" intervalms="284.210" />
<gc-start id="5666" type="partial gc" contextid="5665" timestamp="2019-08-09T00:20:11.714">
  <mem-info id="5667" free="163577856" total="492830720" percent="33">
    <mem type="eden" free="0" total="130023424" percent="0" />
    <remembered-set count="7584" freebytes="19672064" totalbytes="19702400" percent="99" regionsoverflowed="0" regionsstable="11" regionsrebuilding="0"/>
  </mem-info>
</gc-start>
<allocation-stats totalBytes="129827640" >
  <allocated-bytes non-tlh="81952" tlh="129745688" arrayletleaf="0"/>
  <largest-consumer threadName="Thread-51" threadId="000000000230FE00" bytes="13695744" />
</allocation-stats>
<gc-op id="5668" type="copy forward" timems="54.448" contextid="5665" timestamp="2019-08-09T00:20:11.775">
  <memory-copied type="eden" objects="10310" bytes="4020712" bytesdiscarded="544088" />
  <memory-copied type="other" objects="32" bytes="1392" bytesdiscarded="592" />
  <memory-cardclean objects="3280" bytes="149920" />
  <regions eden="62" other="4" />
  <remembered-set-cleared processed="1198" cleared="652" durationms="0.695" />
  <references type="phantom" candidates="3" cleared="0" enqueued="0" />
  <stringconstants candidates="16493" cleared="0"  />
</gc-op>
<gc-op id="5669" type="classunload" timems="0.083" contextid="5665" timestamp="2019-08-09T00:20:11.775">
  <classunload-info classloadercandidates="69" classloadersunloaded="0" classesunloaded="0" anonymousclassesunloaded="0" quiescems="0.000" setupms="0.083" scanms="0.000" postms="0.000" />
</gc-op>
<heap-resize id="5670" type="expand" space="default" amount="10485760" count="1" timems="0.084" reason="excessive time being spent in gc" timestamp="2019-08-09T00:20:11.775" />
<gc-end id="5671" type="partial gc" contextid="5665" durationms="61.701" usertimems="26.880" systemtimems="43.061" timestamp="2019-08-09T00:20:11.775" activeThreads="16">
  <mem-info id="5672" free="301989888" total="503316480" percent="60">
    <mem type="eden" free="1726376" total="6291456" percent="27" />
    <remembered-set count="8448" freebytes="20087808" totalbytes="20121600" percent="99" regionsoverflowed="0" regionsstable="11" regionsrebuilding="0"/>
  </mem-info>
</gc-end>
<cycle-end id="5673" type="partial gc" contextid="5665" timestamp="2019-08-09T00:20:11.775" />
  <attribute name="elasticGC enabled" value="1" />
  <attribute name= "numThreadsSpecified" value="16" />
  <attribute name="heapSize specified" value="0" />
  <attribute name="Current GC Util" value="10" />
  <attribute name= "Current Time Running" value="221954" />
  <attribute name ="GC Interval" value="0" />
  <attribute name="Target GC Util Change" value ="80.000000" />
  <attribute name="Current GC Util Change" value="10.000000"/>
  <attribute name="Current Error" value="141.000000" />
  <attribute name="Output H" value="492868648"/>
  <attribute name="Output I" value="2088"/>
  <attribute name="Output T" value="16"/>
  <attribute name= "Current Time Running" value="221954" />
  <attribute name="GC Util currently" value="10" />
  <attribute name="CPU Util currently" value="161128862146" />
<exclusive-end id="5674" timestamp="2019-08-09T00:20:11.776" durationms="63.425" />

<exclusive-start id="5675" timestamp="2019-08-09T00:20:11.874" intervalms="162.271">
  <response-info timems="4.744" idlems="4.744" threads="0" lastid="0000000002300A00" lastname="Thread-41" />
</exclusive-start>
<allocation-taxation id="5676" taxation-threshold="132120576" timestamp="2019-08-09T00:20:11.874" intervalms="162.305" />
<cycle-start id="5677" type="partial gc" contextid="0" timestamp="2019-08-09T00:20:11.875" intervalms="162.037" />
<gc-start id="5678" type="partial gc" contextid="5677" timestamp="2019-08-09T00:20:11.875">
  <mem-info id="5679" free="169869312" total="503316480" percent="33">
    <mem type="eden" free="0" total="132120576" percent="0" />
    <remembered-set count="8096" freebytes="20089216" totalbytes="20121600" percent="99" regionsoverflowed="0" regionsstable="11" regionsrebuilding="0"/>
  </mem-info>
</gc-start>
<allocation-stats totalBytes="131921912" >
  <allocated-bytes non-tlh="65552" tlh="131856360" arrayletleaf="0"/>
  <largest-consumer threadName="Thread-51" threadId="000000000230FE00" bytes="13374024" />
</allocation-stats>
<gc-op id="5680" type="copy forward" timems="83.306" contextid="5677" timestamp="2019-08-09T00:20:11.961">
  <memory-copied type="eden" objects="9610" bytes="3723680" bytesdiscarded="680936" />
  <memory-copied type="other" objects="31" bytes="1288" bytesdiscarded="592" />
  <memory-cardclean objects="3282" bytes="149784" />
  <regions eden="63" other="4" />
  <remembered-set-cleared processed="1198" cleared="651" durationms="5.036" />
  <references type="phantom" candidates="3" cleared="0" enqueued="0" />
  <stringconstants candidates="16493" cleared="0"  />
</gc-op>
<gc-op id="5681" type="classunload" timems="0.016" contextid="5677" timestamp="2019-08-09T00:20:11.961">
  <classunload-info classloadercandidates="69" classloadersunloaded="0" classesunloaded="0" anonymousclassesunloaded="0" quiescems="0.000" setupms="0.016" scanms="0.000" postms="0.000" />
</gc-op>
<heap-resize id="5682" type="expand" space="default" amount="10485760" count="1" timems="0.091" reason="excessive time being spent in gc" timestamp="2019-08-09T00:20:11.961" />
<gc-end id="5683" type="partial gc" contextid="5677" durationms="87.200" usertimems="36.987" systemtimems="23.503" timestamp="2019-08-09T00:20:11.962" activeThreads="16">
  <mem-info id="5684" free="308281344" total="513802240" percent="60">
    <mem type="eden" free="3983712" total="8388608" percent="47" />
    <remembered-set count="10496" freebytes="20498816" totalbytes="20540800" percent="99" regionsoverflowed="0" regionsstable="11" regionsrebuilding="0"/>
  </mem-info>
</gc-end>
<cycle-end id="5685" type="partial gc" contextid="5677" timestamp="2019-08-09T00:20:11.963" />
  <attribute name="elasticGC enabled" value="1" />
  <attribute name= "numThreadsSpecified" value="16" />
  <attribute name="heapSize specified" value="0" />
  <attribute name="Current GC Util" value="39" />
  <attribute name= "Current Time Running" value="222110" />
  <attribute name ="GC Interval" value="0" />
  <attribute name="Target GC Util Change" value ="80.000000" />
  <attribute name="Current GC Util Change" value="39.000000"/>
  <attribute name="Current Error" value="217.000000" />
  <attribute name="Output H" value="503354448"/>
  <attribute name="Output I" value="2128"/>
  <attribute name="Output T" value="16"/>
  <attribute name= "Current Time Running" value="222110" />
  <attribute name="GC Util currently" value="39" />
  <attribute name="CPU Util currently" value="754038152100" />
<exclusive-end id="5686" timestamp="2019-08-09T00:20:11.965" durationms="90.663" />

<exclusive-start id="5687" timestamp="2019-08-09T00:20:12.083" intervalms="208.554">
  <response-info timems="3.632" idlems="3.632" threads="0" lastid="0000000002317600" lastname="Thread-45" />
</exclusive-start>
<allocation-taxation id="5688" taxation-threshold="134217728" timestamp="2019-08-09T00:20:12.084" intervalms="209.772" />
<cycle-start id="5689" type="partial gc" contextid="0" timestamp="2019-08-09T00:20:12.084" intervalms="209.454" />
<gc-start id="5690" type="partial gc" contextid="5689" timestamp="2019-08-09T00:20:12.085">
  <mem-info id="5691" free="174063616" total="513802240" percent="33">
    <mem type="eden" free="0" total="134217728" percent="0" />
    <remembered-set count="10080" freebytes="20500480" totalbytes="20540800" percent="99" regionsoverflowed="0" regionsstable="11" regionsrebuilding="0"/>
  </mem-info>
</gc-start>
<allocation-stats totalBytes="134039032" >
  <allocated-bytes non-tlh="49168" tlh="133989864" arrayletleaf="0"/>
  <largest-consumer threadName="Thread-43" threadId="0000000002326500" bytes="13140568" />
</allocation-stats>
<gc-op id="5692" type="copy forward" timems="134.442" contextid="5689" timestamp="2019-08-09T00:20:12.241">
  <memory-copied type="eden" objects="10647" bytes="4348768" bytesdiscarded="614496" />
  <memory-copied type="other" objects="23" bytes="1000" bytesdiscarded="592" />
  <memory-cardclean objects="3279" bytes="149680" />
  <regions eden="64" other="6" />
  <remembered-set-cleared processed="1170" cleared="623" durationms="1.224" />
  <references type="weak" candidates="2" cleared="0" enqueued="0" />
  <references type="phantom" candidates="2" cleared="0" enqueued="0" />
  <stringconstants candidates="16493" cleared="0"  />
</gc-op>
<gc-op id="5693" type="classunload" timems="0.017" contextid="5689" timestamp="2019-08-09T00:20:12.241">
  <classunload-info classloadercandidates="69" classloadersunloaded="0" classesunloaded="0" anonymousclassesunloaded="0" quiescems="0.000" setupms="0.016" scanms="0.000" postms="0.000" />
</gc-op>
<gc-end id="5694" type="partial gc" contextid="5689" durationms="156.994" usertimems="58.362" systemtimems="63.892" timestamp="2019-08-09T00:20:12.242" activeThreads="16">
  <mem-info id="5695" free="308281344" total="513802240" percent="60">
    <mem type="eden" free="1327936" total="6291456" percent="21" />
    <remembered-set count="7936" freebytes="20509056" totalbytes="20540800" percent="99" regionsoverflowed="0" regionsstable="11" regionsrebuilding="0"/>
  </mem-info>
</gc-end>
<cycle-end id="5696" type="partial gc" contextid="5689" timestamp="2019-08-09T00:20:12.242" />
  <attribute name="elasticGC enabled" value="1" />
  <attribute name= "numThreadsSpecified" value="16" />
  <attribute name="heapSize specified" value="0" />
  <attribute name="Current GC Util" value="18" />
  <attribute name= "Current Time Running" value="222340" />
  <attribute name ="GC Interval" value="0" />
  <attribute name="Target GC Util Change" value ="80.000000" />
  <attribute name="Current GC Util Change" value="18.000000"/>
  <attribute name="Current Error" value="62.000000" />
  <attribute name="Output H" value="513840120"/>
  <attribute name="Output I" value="2040"/>
  <attribute name="Output T" value="16"/>
  <attribute name= "Current Time Running" value="222340" />
  <attribute name="GC Util currently" value="18" />
  <attribute name="CPU Util currently" value="53309954218" />
<exclusive-end id="5697" timestamp="2019-08-09T00:20:12.242" durationms="159.515" />

<exclusive-start id="5698" timestamp="2019-08-09T00:20:12.433" intervalms="350.535">
  <response-info timems="3.380" idlems="2.435" threads="1" lastid="000000000232DD00" lastname="Thread-48" />
</exclusive-start>
<allocation-taxation id="5699" taxation-threshold="134217728" timestamp="2019-08-09T00:20:12.434" intervalms="349.285" />
<cycle-start id="5700" type="partial gc" contextid="0" timestamp="2019-08-09T00:20:12.434" intervalms="349.343" />
<gc-start id="5701" type="partial gc" contextid="5700" timestamp="2019-08-09T00:20:12.434">
  <mem-info id="5702" free="174063616" total="513802240" percent="33">
    <mem type="eden" free="0" total="134217728" percent="0" />
    <remembered-set count="7552" freebytes="20510592" totalbytes="20540800" percent="99" regionsoverflowed="0" regionsstable="11" regionsrebuilding="0"/>
  </mem-info>
</gc-start>
<allocation-stats totalBytes="134114712" >
  <allocated-bytes non-tlh="16392" tlh="134098320" arrayletleaf="0"/>
  <largest-consumer threadName="Thread-52" threadId="00000000022D7700" bytes="13655032" />
</allocation-stats>
<gc-op id="5703" type="copy forward" timems="70.042" contextid="5700" timestamp="2019-08-09T00:20:12.507">
  <memory-copied type="eden" objects="9813" bytes="3821368" bytesdiscarded="648456" />
  <memory-copied type="other" objects="28" bytes="1008" bytesdiscarded="0" />
  <memory-cardclean objects="3278" bytes="149784" />
  <regions eden="64" other="5" />
  <remembered-set-cleared processed="1213" cleared="664" durationms="14.772" />
  <stringconstants candidates="16493" cleared="0"  />
</gc-op>
<gc-op id="5704" type="classunload" timems="0.011" contextid="5700" timestamp="2019-08-09T00:20:12.507">
  <classunload-info classloadercandidates="69" classloadersunloaded="0" classesunloaded="0" anonymousclassesunloaded="0" quiescems="0.000" setupms="0.011" scanms="0.000" postms="0.000" />
</gc-op>
<heap-resize id="5705" type="expand" space="default" amount="6291456" count="1" timems="0.068" reason="excessive time being spent in gc" timestamp="2019-08-09T00:20:12.507" />
<gc-end id="5706" type="partial gc" contextid="5700" durationms="73.372" usertimems="69.372" systemtimems="55.064" timestamp="2019-08-09T00:20:12.507" activeThreads="16">
  <mem-info id="5707" free="312475648" total="520093696" percent="60">
    <mem type="eden" free="1821376" total="6291456" percent="28" />
    <remembered-set count="8992" freebytes="20756352" totalbytes="20792320" percent="99" regionsoverflowed="0" regionsstable="11" regionsrebuilding="0"/>
  </mem-info>
</gc-end>
<cycle-end id="5708" type="partial gc" contextid="5700" timestamp="2019-08-09T00:20:12.508" />
  <attribute name="elasticGC enabled" value="1" />
  <attribute name= "numThreadsSpecified" value="16" />
  <attribute name="heapSize specified" value="0" />
  <attribute name="Current GC Util" value="20" />
  <attribute name= "Current Time Running" value="222670" />
  <attribute name ="GC Interval" value="0" />
  <attribute name="Target GC Util Change" value ="80.000000" />
  <attribute name="Current GC Util Change" value="20.000000"/>
  <attribute name="Current Error" value="171.000000" />
  <attribute name="Output H" value="513840184"/>
  <attribute name="Output I" value="2104"/>
  <attribute name="Output T" value="16"/>
  <attribute name= "Current Time Running" value="222670" />
  <attribute name="GC Util currently" value="20" />
  <attribute name="CPU Util currently" value="421598012150" />
<exclusive-end id="5709" timestamp="2019-08-09T00:20:12.508" durationms="74.587" />

<exclusive-start id="5710" timestamp="2019-08-09T00:20:12.724" intervalms="290.640">
  <response-info timems="18.775" idlems="18.775" threads="0" lastid="000000000232A100" lastname="Thread-44" />
</exclusive-start>
<allocation-taxation id="5711" taxation-threshold="136314880" timestamp="2019-08-09T00:20:12.724" intervalms="290.643" />
<cycle-start id="5712" type="partial gc" contextid="0" timestamp="2019-08-09T00:20:12.724" intervalms="290.745" />
<gc-start id="5713" type="partial gc" contextid="5712" timestamp="2019-08-09T00:20:12.728">
  <mem-info id="5714" free="176160768" total="520093696" percent="33">
    <mem type="eden" free="0" total="136314880" percent="0" />
    <remembered-set count="8736" freebytes="20757376" totalbytes="20792320" percent="99" regionsoverflowed="0" regionsstable="11" regionsrebuilding="0"/>
  </mem-info>
</gc-start>
<allocation-stats totalBytes="136079984" >
  <allocated-bytes non-tlh="114720" tlh="135965264" arrayletleaf="0"/>
  <largest-consumer threadName="Thread-47" threadId="00000000022E6700" bytes="15131144" />
</allocation-stats>
<gc-op id="5715" type="copy forward" timems="29.363" contextid="5712" timestamp="2019-08-09T00:20:12.776">
  <memory-copied type="eden" objects="10164" bytes="4041704" bytesdiscarded="825120" />
  <memory-copied type="other" objects="20" bytes="720" bytesdiscarded="0" />
  <memory-cardclean objects="3274" bytes="149560" />
  <regions eden="65" other="5" />
  <remembered-set-cleared processed="1180" cleared="631" durationms="0.496" />
  <references type="phantom" candidates="3" cleared="0" enqueued="0" />
  <stringconstants candidates="16493" cleared="0"  />
</gc-op>
<gc-op id="5716" type="classunload" timems="0.017" contextid="5712" timestamp="2019-08-09T00:20:12.777">
  <classunload-info classloadercandidates="69" classloadersunloaded="0" classesunloaded="0" anonymousclassesunloaded="0" quiescems="0.000" setupms="0.017" scanms="0.000" postms="0.000" />
</gc-op>
<heap-resize id="5717" type="expand" space="default" amount="4194304" count="1" timems="0.109" reason="excessive time being spent in gc" timestamp="2019-08-09T00:20:12.777" />
<gc-end id="5718" type="partial gc" contextid="5712" durationms="49.363" usertimems="71.191" systemtimems="19.578" timestamp="2019-08-09T00:20:12.777" activeThreads="16">
  <mem-info id="5719" free="314572800" total="524288000" percent="60">
    <mem type="eden" free="3521504" total="8388608" percent="41" />
    <remembered-set count="10560" freebytes="20917760" totalbytes="20960000" percent="99" regionsoverflowed="0" regionsstable="11" regionsrebuilding="0"/>
  </mem-info>
</gc-end>
<cycle-end id="5720" type="partial gc" contextid="5712" timestamp="2019-08-09T00:20:12.777" />
  <attribute name="elasticGC enabled" value="1" />
  <attribute name= "numThreadsSpecified" value="16" />
  <attribute name="heapSize specified" value="0" />
  <attribute name="Current GC Util" value="11" />
  <attribute name= "Current Time Running" value="222980" />
  <attribute name ="GC Interval" value="0" />
  <attribute name="Target GC Util Change" value ="80.000000" />
  <attribute name="Current GC Util Change" value="11.000000"/>
  <attribute name="Current Error" value="290.000000" />
  <attribute name="Output H" value="520131704"/>
  <attribute name="Output I" value="2168"/>
  <attribute name="Output T" value="16"/>
  <attribute name= "Current Time Running" value="222980" />
  <attribute name="GC Util currently" value="11" />
  <attribute name="CPU Util currently" value="89922467758" />
<exclusive-end id="5721" timestamp="2019-08-09T00:20:12.777" durationms="53.002" />

<exclusive-start id="5722" timestamp="2019-08-09T00:20:12.938" intervalms="213.591">
  <response-info timems="0.680" idlems="0.680" threads="0" lastid="000000000232A100" lastname="Thread-44" />
</exclusive-start>
<allocation-taxation id="5723" taxation-threshold="138412032" timestamp="2019-08-09T00:20:12.938" intervalms="213.586" />
<cycle-start id="5724" type="partial gc" contextid="0" timestamp="2019-08-09T00:20:12.938" intervalms="213.458" />
<gc-start id="5725" type="partial gc" contextid="5724" timestamp="2019-08-09T00:20:12.938">
  <mem-info id="5726" free="176160768" total="524288000" percent="33">
    <mem type="eden" free="0" total="138412032" percent="0" />
    <remembered-set count="10496" freebytes="20918016" totalbytes="20960000" percent="99" regionsoverflowed="0" regionsstable="11" regionsrebuilding="0"/>
  </mem-info>
</gc-start>
<allocation-stats totalBytes="138211200" >
  <allocated-bytes non-tlh="49168" tlh="138162032" arrayletleaf="0"/>
  <largest-consumer threadName="Thread-37" threadId="0000000002313A00" bytes="12847760" />
</allocation-stats>
<gc-op id="5727" type="copy forward" timems="61.419" contextid="5724" timestamp="2019-08-09T00:20:13.005">
  <memory-copied type="eden" objects="9818" bytes="3894064" bytesdiscarded="707528" />
  <memory-copied type="other" objects="30" bytes="1304" bytesdiscarded="0" />
  <memory-cardclean objects="3268" bytes="149800" />
  <regions eden="66" other="6" />
  <remembered-set-cleared processed="1204" cleared="656" durationms="0.342" />
  <references type="weak" candidates="1" cleared="0" enqueued="0" />
  <references type="phantom" candidates="2" cleared="0" enqueued="0" />
  <stringconstants candidates="16493" cleared="0"  />
</gc-op>
<gc-op id="5728" type="classunload" timems="0.017" contextid="5724" timestamp="2019-08-09T00:20:13.005">
  <classunload-info classloadercandidates="69" classloadersunloaded="0" classesunloaded="0" anonymousclassesunloaded="0" quiescems="0.000" setupms="0.016" scanms="0.000" postms="0.000" />
</gc-op>
<gc-end id="5729" type="partial gc" contextid="5724" durationms="67.057" usertimems="65.300" systemtimems="34.901" timestamp="2019-08-09T00:20:13.005" activeThreads="16">
  <mem-info id="5730" free="316669952" total="524288000" percent="60">
    <mem type="eden" free="1689608" total="6291456" percent="26" />
    <remembered-set count="10560" freebytes="20917760" totalbytes="20960000" percent="99" regionsoverflowed="0" regionsstable="11" regionsrebuilding="0"/>
  </mem-info>
</gc-end>
<cycle-end id="5731" type="partial gc" contextid="5724" timestamp="2019-08-09T00:20:13.005" />
  <attribute name="elasticGC enabled" value="1" />
  <attribute name= "numThreadsSpecified" value="16" />
  <attribute name="heapSize specified" value="0" />
  <attribute name="Current GC Util" value="59" />
  <attribute name= "Current Time Running" value="223175" />
  <attribute name ="GC Interval" value="0" />
  <attribute name="Target GC Util Change" value ="80.000000" />
  <attribute name="Current GC Util Change" value="59.000000"/>
  <attribute name="Current Error" value="21.000000" />
  <attribute name="Output H" value="524325856"/>
  <attribute name="Output I" value="2016"/>
  <attribute name="Output T" value="16"/>
  <attribute name= "Current Time Running" value="223175" />
  <attribute name="GC Util currently" value="59" />
  <attribute name="CPU Util currently" value="425429237399" />
<exclusive-end id="5732" timestamp="2019-08-09T00:20:13.006" durationms="67.826" />

<exclusive-start id="5733" timestamp="2019-08-09T00:20:13.323" intervalms="385.342">
  <response-info timems="0.416" idlems="0.118" threads="4" lastid="0000000002335500" lastname="Thread-42" />
</exclusive-start>
<allocation-taxation id="5734" taxation-threshold="138412032" timestamp="2019-08-09T00:20:13.323" intervalms="385.318" />
<cycle-start id="5735" type="partial gc" contextid="0" timestamp="2019-08-09T00:20:13.323" intervalms="385.344" />
<gc-start id="5736" type="partial gc" contextid="5735" timestamp="2019-08-09T00:20:13.324">
  <mem-info id="5737" free="178257920" total="524288000" percent="34">
    <mem type="eden" free="0" total="138412032" percent="0" />
    <remembered-set count="10304" freebytes="20918784" totalbytes="20960000" percent="99" regionsoverflowed="0" regionsstable="11" regionsrebuilding="0"/>
  </mem-info>
</gc-start>
<allocation-stats totalBytes="138252816" >
  <allocated-bytes non-tlh="49168" tlh="138203648" arrayletleaf="0"/>
  <largest-consumer threadName="Thread-52" threadId="00000000022D7700" bytes="14867680" />
</allocation-stats>
<gc-op id="5738" type="copy forward" timems="102.891" contextid="5735" timestamp="2019-08-09T00:20:13.428">
  <memory-copied type="eden" objects="10041" bytes="4002640" bytesdiscarded="856728" />
  <memory-copied type="other" objects="20" bytes="720" bytesdiscarded="0" />
  <memory-cardclean objects="3296" bytes="150864" />
  <regions eden="66" other="5" />
  <remembered-set-cleared processed="1191" cleared="647" durationms="0.279" />
  <references type="phantom" candidates="3" cleared="0" enqueued="0" />
  <stringconstants candidates="16493" cleared="0"  />
</gc-op>
<gc-op id="5739" type="classunload" timems="0.043" contextid="5735" timestamp="2019-08-09T00:20:13.428">
  <classunload-info classloadercandidates="69" classloadersunloaded="0" classesunloaded="0" anonymousclassesunloaded="0" quiescems="0.000" setupms="0.043" scanms="0.000" postms="0.000" />
</gc-op>
<gc-end id="5740" type="partial gc" contextid="5735" durationms="104.907" usertimems="33.680" systemtimems="51.820" timestamp="2019-08-09T00:20:13.428" activeThreads="16">
  <mem-info id="5741" free="316669952" total="524288000" percent="60">
    <mem type="eden" free="1431808" total="6291456" percent="22" />
    <remembered-set count="11584" freebytes="20913664" totalbytes="20960000" percent="99" regionsoverflowed="0" regionsstable="11" regionsrebuilding="0"/>
  </mem-info>
</gc-end>
<cycle-end id="5742" type="partial gc" contextid="5735" timestamp="2019-08-09T00:20:13.429" />
  <attribute name="elasticGC enabled" value="1" />
  <attribute name= "numThreadsSpecified" value="16" />
  <attribute name="heapSize specified" value="0" />
  <attribute name="Current GC Util" value="118" />
  <attribute name= "Current Time Running" value="223558" />
  <attribute name ="GC Interval" value="0" />
  <attribute name="Target GC Util Change" value ="80.000000" />
  <attribute name="Current GC Util Change" value="118.000000"/>
  <attribute name="Current Error" value="50.000000" />
  <attribute name="Output H" value="524325872"/>
  <attribute name="Output I" value="2032"/>
  <attribute name="Output T" value="16"/>
  <attribute name= "Current Time Running" value="223558" />
  <attribute name="GC Util currently" value="118" />
  <attribute name="CPU Util currently" value="1660769762684" />
<exclusive-end id="5743" timestamp="2019-08-09T00:20:13.429" durationms="105.653" />

<exclusive-start id="5744" timestamp="2019-08-09T00:20:13.658" intervalms="334.888">
  <response-info timems="2.779" idlems="1.544" threads="1" lastid="0000000002335500" lastname="Thread-42" />
</exclusive-start>
<allocation-taxation id="5745" taxation-threshold="138412032" timestamp="2019-08-09T00:20:13.658" intervalms="334.920" />
<cycle-start id="5746" type="partial gc" contextid="0" timestamp="2019-08-09T00:20:13.658" intervalms="334.951" />
<gc-start id="5747" type="partial gc" contextid="5746" timestamp="2019-08-09T00:20:13.659">
  <mem-info id="5748" free="178257920" total="524288000" percent="34">
    <mem type="eden" free="0" total="138412032" percent="0" />
    <remembered-set count="11296" freebytes="20914816" totalbytes="20960000" percent="99" regionsoverflowed="0" regionsstable="11" regionsrebuilding="0"/>
  </mem-info>
</gc-start>
<allocation-stats totalBytes="138264720" >
  <allocated-bytes non-tlh="81952" tlh="138182768" arrayletleaf="0"/>
  <largest-consumer threadName="Thread-46" threadId="00000000022F5600" bytes="11918128" />
</allocation-stats>
<gc-op id="5749" type="copy forward" timems="117.630" contextid="5746" timestamp="2019-08-09T00:20:13.777">
  <memory-copied type="eden" objects="9775" bytes="4003560" bytesdiscarded="590264" />
  <memory-copied type="other" objects="20" bytes="720" bytesdiscarded="0" />
  <memory-cardclean objects="3291" bytes="150824" />
  <regions eden="66" other="5" />
  <remembered-set-cleared processed="1220" cleared="675" durationms="0.624" />
  <references type="phantom" candidates="4" cleared="0" enqueued="0" />
  <stringconstants candidates="16493" cleared="0"  />
</gc-op>
<gc-op id="5750" type="classunload" timems="0.025" contextid="5746" timestamp="2019-08-09T00:20:13.777">
  <classunload-info classloadercandidates="69" classloadersunloaded="0" classesunloaded="0" anonymousclassesunloaded="0" quiescems="0.000" setupms="0.025" scanms="0.000" postms="0.000" />
</gc-op>
<gc-end id="5751" type="partial gc" contextid="5746" durationms="119.224" usertimems="43.486" systemtimems="52.035" timestamp="2019-08-09T00:20:13.778" activeThreads="16">
  <mem-info id="5752" free="314572800" total="524288000" percent="60">
    <mem type="eden" free="1697344" total="6291456" percent="26" />
    <remembered-set count="11072" freebytes="20915712" totalbytes="20960000" percent="99" regionsoverflowed="0" regionsstable="11" regionsrebuilding="0"/>
  </mem-info>
</gc-end>
<cycle-end id="5753" type="partial gc" contextid="5746" timestamp="2019-08-09T00:20:13.778" />
  <attribute name="elasticGC enabled" value="1" />
  <attribute name= "numThreadsSpecified" value="16" />
  <attribute name="heapSize specified" value="0" />
  <attribute name="Current GC Util" value="118" />
  <attribute name= "Current Time Running" value="223893" />
  <attribute name ="GC Interval" value="0" />
  <attribute name="Target GC Util Change" value ="80.000000" />
  <attribute name="Current GC Util Change" value="118.000000"/>
  <attribute name="Current Error" value="67.000000" />
  <attribute name="Output H" value="524325880"/>
  <attribute name="Output I" value="2040"/>
  <attribute name="Output T" value="16"/>
  <attribute name= "Current Time Running" value="223893" />
  <attribute name="GC Util currently" value="118" />
  <attribute name="CPU Util currently" value="1852978412993" />
<exclusive-end id="5754" timestamp="2019-08-09T00:20:13.778" durationms="120.265" />

===== DaCapo 9.12-MR1 xalan PASSED in 30788 msec =====
</verbosegc>

