<?xml version="1.0" ?>

<verbosegc xmlns="http://www.ibm.com/j9/verbosegc" version="10b4217_CMPRSS">

<initialized id="1" timestamp="2019-06-15T03:00:09.469">
  <attribute name="gcPolicy" value="-Xgcpolicy:optthruput" />
  <attribute name="elasticGC enabled" value="1" />
  <attribute name= "numThreadsSpecified" value="0" />
  <attribute name="heapSize specified" value="0" />
  <attribute name="Current GC Util" value="0" />
  <attribute name= "Current Time Running" value="0" />
  <attribute name ="GC Interval" value="0" />
  <attribute name="ProportionalT" value="0.000000" />
  <attribute name="ProportionalI" value="0.000000" />
  <attribute name="ProportionalH" value="0.000000" />
  <attribute name="IntegralT" value="0.000000" />
  <attribute name="IntegralI" value="0.000000" />
  <attribute name="IntegralH" value="0.000000" />
  <attribute name="DerivativeT" value="0.000000" />
  <attribute name="DerivativeI" value="0.000000" />
  <attribute name="DerivativeH" value="0.000000" />
  <attribute name="Target GC Util Change" value ="0.000000" />
  <attribute name="Current GC Util Change" value="0.000000"/>
  <attribute name="Current Error" value="0.000000" />
  <attribute name="Loop Time for DT" value="0.000000" />
  <attribute name="Output H" value="0"/>
  <attribute name="Output I" value="0"/>
  <attribute name="Output T" value="0"/>
  <attribute name="GC Util currently" value="0" />
  <attribute name="CPU Util currently" value="0" />
  <attribute name="maxHeapSize" value="0x7cbc0000" />
  <attribute name="initialHeapSize" value="0x800000" />
  <attribute name="compressedRefs" value="true" />
  <attribute name="compressedRefsDisplacement" value="0x0" />
  <attribute name="compressedRefsShift" value="0x0" />
  <attribute name="pageSize" value="0x1000" />
  <attribute name="pageType" value="not used" />
  <attribute name="requestedPageSize" value="0x1000" />
  <attribute name="requestedPageType" value="not used" />
  <attribute name="gcthreads" value="4" />
  <attribute name="packetListSplit" value="4" />
  <attribute name="cacheListSplit" value="4" />
  <attribute name="splitFreeListSplitAmount" value="1" />
  <attribute name="numaNodes" value="0" />
  <system>
    <attribute name="physicalMemory" value="8370958336" />
    <attribute name="numCPUs" value="4" />
    <attribute name="architecture" value="amd64" />
    <attribute name="os" value="Linux" />
    <attribute name="osVersion" value="4.4.0-150-generic" />
  </system>
  <vmargs>
    <vmarg name="-Xoptionsfile=/vagrant/jdk/lib/options.default" />
    <vmarg name="-Xlockword:mode=default,noLockword=java/lang/String,noLockword=java/util/MapEntry,noLockword=java/util/HashMap$Entry,noLockword..." />
    <vmarg name="-Xjcl:jclse29" />
    <vmarg name="-Dcom.ibm.oti.vm.bootstrap.library.path=/vagrant/jdk/lib/compressedrefs:/vagrant/jdk/lib" />
    <vmarg name="-Dsun.boot.library.path=/vagrant/jdk/lib/compressedrefs:/vagrant/jdk/lib" />
    <vmarg name="-Djava.library.path=/vagrant/jdk/lib/compressedrefs:/vagrant/jdk/lib:/usr/lib64:/usr/lib" />
    <vmarg name="-Djava.home=/vagrant/jdk" />
    <vmarg name="-Duser.dir=/vagrant" />
    <vmarg name="-Xgcpolicy:optthruput" />
    <vmarg name="-Xgcelastic" />
    <vmarg name="-Xcheck:gc:::elasticGC" />
    <vmarg name="-verbose:gc" />
    <vmarg name="-Xloggc:jdk0.5-1-1-large-OTT-4CORE-elasticverbose6jython.txt" />
    <vmarg name="-Djava.class.path=dacapo-9.12-MR1-bach.jar" />
    <vmarg name="-Dsun.java.command=dacapo-9.12-MR1-bach.jar jython --size=large" />
    <vmarg name="-Dsun.java.launcher=SUN_STANDARD" />
    <vmarg name="-Dsun.java.launcher.pid=28132" />
  </vmargs>
</initialized>

<exclusive-start id="2" timestamp="2019-06-15T03:00:39.638" intervalms="30168.296">
  <response-info timems="0.046" idlems="0.046" threads="0" lastid="0000000001056700" lastname="main" />
</exclusive-start>
<af-start id="3" threadId="0000000001057088" totalBytesRequested="2056" timestamp="2019-06-15T03:00:39.640" intervalms="30170.439" />
<cycle-start id="4" type="global" contextid="0" timestamp="2019-06-15T03:00:39.642" intervalms="30172.826" />
<gc-start id="5" type="global" contextid="4" timestamp="2019-06-15T03:00:39.644">
  <mem-info id="6" free="418816" total="8388608" percent="4">
    <mem type="tenure" free="418816" total="8388608" percent="4">
      <mem type="soa" free="0" total="7969792" percent="0" />
      <mem type="loa" free="418816" total="418816" percent="100" />
    </mem>
  </mem-info>
</gc-start>
<allocation-stats totalBytes="7879680" >
  <allocated-bytes non-tlh="357688" tlh="7521992" />
  <largest-consumer threadName="main" threadId="0000000001056700" bytes="7809384" />
</allocation-stats>
<gc-op id="7" type="mark" timems="8.606" contextid="4" timestamp="2019-06-15T03:00:39.655">
  <trace-info objectcount="17668" scancount="14611" scanbytes="460792" />
  <finalization candidates="14" enqueued="1" />
  <references type="soft" candidates="63" cleared="0" enqueued="0" dynamicThreshold="32" maxThreshold="32" />
  <references type="weak" candidates="544" cleared="401" enqueued="362" />
  <references type="phantom" candidates="105" cleared="44" enqueued="44" />
  <stringconstants candidates="2406" cleared="0"  />
</gc-op>
<gc-op id="8" type="classunload" timems="0.124" contextid="4" timestamp="2019-06-15T03:00:39.655">
  <classunload-info classloadercandidates="5" classloadersunloaded="0" classesunloaded="0" anonymousclassesunloaded="0" quiescems="0.000" setupms="0.124" scanms="0.000" postms="0.000" />
</gc-op>
<gc-op id="9" type="sweep" timems="1.061" contextid="4" timestamp="2019-06-15T03:00:39.656" />
<mem-info id="10" free="7186664" total="8388608" percent="85">
  <mem type="tenure" free="7186664" total="8388608" percent="85" micro-fragmented="205069" macro-fragmented="2592282">
    <mem type="soa" free="6767848" total="7969792" percent="84" />
    <mem type="loa" free="418816" total="418816" percent="100" />
  </mem>
  <pending-finalizers system="1" default="0" reference="406" classloader="0" />
</mem-info>
<gc-op id="11" type="compact" timems="4.136" contextid="4" timestamp="2019-06-15T03:00:39.661">
  <compact-info movecount="17667" movebytes="963224" reason="compact to aid heap contraction" />
</gc-op>
<heap-resize id="12" type="expand" space="tenure" amount="2084241408" count="1" timems="0.145" reason="satisfy allocation request" timestamp="2019-06-15T03:00:39.662" />
<gc-end id="13" type="global" contextid="4" durationms="18.447" usertimems="4.000" systemtimems="12.000" timestamp="2019-06-15T03:00:39.662" activeThreads="4">
  <mem-info id="14" free="2091601168" total="2092630016" percent="99">
    <mem type="tenure" free="2091601168" total="2092630016" percent="99">
      <mem type="soa" free="1986969872" total="1987998720" percent="99" />
      <mem type="loa" free="104631296" total="104631296" percent="100" />
    </mem>
    <pending-finalizers system="1" default="0" reference="406" classloader="0" />
  </mem-info>
</gc-end>
<cycle-end id="15" type="global" contextid="4" timestamp="2019-06-15T03:00:39.662" />
  <attribute name="elasticGC enabled" value="1" />
  <attribute name= "numThreadsSpecified" value="4" />
  <attribute name="heapSize specified" value="8388608" />
  <attribute name="Current GC Util" value="29" />
  <attribute name= "Current Time Running" value="30070" />
  <attribute name ="GC Interval" value="0" />
  <attribute name="ProportionalT" value="4.500000" />
  <attribute name="ProportionalI" value="4.500000" />
  <attribute name="ProportionalH" value="4.500000" />
  <attribute name="Current Error" value="9.000000" />
  <attribute name="IntegralT" value="-600694.000000" />
  <attribute name="IntegralI" value="-600694.000000" />
  <attribute name="IntegralH" value="-600694.000000" />
  <attribute name="DerivativeT" value="2.250000" />
  <attribute name="DerivativeI" value="2.250000" />
  <attribute name="DerivativeH" value="2.250000" />
  <attribute name="Loop Time for DT" value="4.000000" />
  <attribute name="Output H" value="2092630016"/>
  <attribute name="Output I" value="200"/>
  <attribute name="Output T" value="4"/>
  <attribute name="Target GC Util Change" value ="20.000000" />
  <attribute name="Current GC Util Change" value="29.000000"/>
  <attribute name="GC Util currently" value="29" />
  <attribute name="CPU Util currently" value="1076346702049" />
<allocation-satisfied id="16" threadId="0000000001056700" bytesRequested="2056" />
<af-end id="17" timestamp="2019-06-15T03:00:39.662" threadId="0000000001057088" success="true" />
<exclusive-end id="18" timestamp="2019-06-15T03:00:39.662" durationms="25.388" />

<exclusive-start id="19" timestamp="2019-06-15T03:01:05.454" intervalms="25816.494">
  <response-info timems="0.018" idlems="0.018" threads="0" lastid="0000000001056700" lastname="main" />
</exclusive-start>
<sys-start reason="explicit" id="20" timestamp="2019-06-15T03:01:05.454" intervalms="55984.908" />
<cycle-start id="21" type="global" contextid="0" timestamp="2019-06-15T03:01:05.454" intervalms="25812.160" />
<gc-start id="22" type="global" contextid="21" timestamp="2019-06-15T03:01:05.454">
  <mem-info id="23" free="2021779088" total="2092630016" percent="96">
    <mem type="tenure" free="2021779088" total="2092630016" percent="96">
      <mem type="soa" free="1917147792" total="1987998720" percent="96" />
      <mem type="loa" free="104631296" total="104631296" percent="100" />
    </mem>
  </mem-info>
</gc-start>
<allocation-stats totalBytes="69847496" >
  <allocated-bytes non-tlh="3417728" tlh="66429768" />
  <largest-consumer threadName="main" threadId="0000000001056700" bytes="69778408" />
</allocation-stats>
<gc-op id="24" type="mark" timems="19.748" contextid="21" timestamp="2019-06-15T03:01:05.474">
  <trace-info objectcount="75372" scancount="62929" scanbytes="2108276" />
  <finalization candidates="81" enqueued="1" />
  <ownableSynchronizers candidates="21" cleared="0" />
  <references type="soft" candidates="1639" cleared="0" enqueued="0" dynamicThreshold="31" maxThreshold="32" />
  <references type="weak" candidates="5221" cleared="732" enqueued="568" />
  <references type="phantom" candidates="113" cleared="14" enqueued="14" />
  <stringconstants candidates="8669" cleared="15"  />
</gc-op>
<gc-op id="25" type="classunload" timems="0.476" contextid="21" timestamp="2019-06-15T03:01:05.474">
  <classunload-info classloadercandidates="17" classloadersunloaded="1" classesunloaded="1" anonymousclassesunloaded="0" quiescems="0.000" setupms="0.467" scanms="0.007" postms="0.002" />
</gc-op>
<gc-op id="26" type="sweep" timems="3.830" contextid="21" timestamp="2019-06-15T03:01:05.479" />
<mem-info id="27" free="2087395192" total="2092630016" percent="99">
  <mem type="tenure" free="2087395192" total="2092630016" percent="99" micro-fragmented="670242" macro-fragmented="0">
    <mem type="soa" free="1982763896" total="1987998720" percent="99" />
    <mem type="loa" free="104631296" total="104631296" percent="100" />
  </mem>
  <pending-finalizers system="1" default="0" reference="582" classloader="0" />
</mem-info>
<gc-op id="28" type="compact" timems="32.686" contextid="21" timestamp="2019-06-15T03:01:05.512">
  <compact-info movecount="74707" movebytes="4252984" reason="compact to aid heap contraction" />
</gc-op>
<gc-end id="29" type="global" contextid="21" durationms="58.210" usertimems="48.000" systemtimems="12.000" timestamp="2019-06-15T03:01:05.512" activeThreads="4">
  <mem-info id="30" free="2088358640" total="2092630016" percent="99">
    <mem type="tenure" free="2088358640" total="2092630016" percent="99">
      <mem type="soa" free="1983727344" total="1987998720" percent="99" />
      <mem type="loa" free="104631296" total="104631296" percent="100" />
    </mem>
    <pending-finalizers system="1" default="0" reference="582" classloader="0" />
  </mem-info>
</gc-end>
<cycle-end id="31" type="global" contextid="21" timestamp="2019-06-15T03:01:05.512" />
  <attribute name="elasticGC enabled" value="1" />
  <attribute name= "numThreadsSpecified" value="4" />
  <attribute name="heapSize specified" value="2092630016" />
  <attribute name="Current GC Util" value="105" />
  <attribute name= "Current Time Running" value="55921" />
  <attribute name ="GC Interval" value="0" />
  <attribute name="ProportionalT" value="42.500000" />
  <attribute name="ProportionalI" value="42.500000" />
  <attribute name="ProportionalH" value="42.500000" />
  <attribute name="Current Error" value="85.000000" />
  <attribute name="IntegralT" value="2805.000000" />
  <attribute name="IntegralI" value="2805.000000" />
  <attribute name="IntegralH" value="2805.000000" />
  <attribute name="DerivativeT" value="2.181818" />
  <attribute name="DerivativeI" value="2.181818" />
  <attribute name="DerivativeH" value="2.181818" />
  <attribute name="Loop Time for DT" value="33.000000" />
  <attribute name="Output H" value="8388608"/>
  <attribute name="Output I" value="2856"/>
  <attribute name="Output T" value="4"/>
  <attribute name="Target GC Util Change" value ="20.000000" />
  <attribute name="Current GC Util Change" value="105.000000"/>
  <attribute name="GC Util currently" value="105" />
  <attribute name="CPU Util currently" value="140358347734" />
<sys-end id="32" timestamp="2019-06-15T03:01:05.512" />
<exclusive-end id="33" timestamp="2019-06-15T03:01:05.513" durationms="58.973" />

<exclusive-start id="34" timestamp="2019-06-15T03:01:13.040" intervalms="7586.279">
  <response-info timems="0.211" idlems="0.211" threads="0" lastid="0000000001056700" lastname="main" />
</exclusive-start>
<af-start id="35" threadId="0000000001057088" totalBytesRequested="24" timestamp="2019-06-15T03:01:13.040" intervalms="33400.809" />
<cycle-start id="36" type="global" contextid="0" timestamp="2019-06-15T03:01:13.040" intervalms="7586.439" />
<gc-start id="37" type="global" contextid="36" timestamp="2019-06-15T03:01:13.040">
  <mem-info id="38" free="104631296" total="2092630016" percent="4">
    <mem type="tenure" free="104631296" total="2092630016" percent="4">
      <mem type="soa" free="0" total="1987998720" percent="0" />
      <mem type="loa" free="104631296" total="104631296" percent="100" />
    </mem>
  </mem-info>
</gc-start>
<allocation-stats totalBytes="1981201704" >
  <allocated-bytes non-tlh="14255576" tlh="1966946128" />
  <largest-consumer threadName="main" threadId="0000000001056700" bytes="1981173824" />
</allocation-stats>
<gc-op id="39" type="mark" timems="14.084" contextid="36" timestamp="2019-06-15T03:01:13.055">
  <trace-info objectcount="608131" scancount="528738" scanbytes="13645568" />
  <finalization candidates="85" enqueued="5" />
  <ownableSynchronizers candidates="21" cleared="0" />
  <references type="soft" candidates="4858" cleared="0" enqueued="0" dynamicThreshold="31" maxThreshold="32" />
  <references type="weak" candidates="5662" cleared="81" enqueued="74" />
  <references type="phantom" candidates="106" cleared="5" enqueued="5" />
  <stringconstants candidates="13779" cleared="18"  />
</gc-op>
<gc-op id="40" type="sweep" timems="3.572" contextid="36" timestamp="2019-06-15T03:01:13.058" />
<mem-info id="41" free="2063094240" total="2092630016" percent="98">
  <mem type="tenure" free="2063094240" total="2092630016" percent="98" micro-fragmented="1635378" macro-fragmented="2412704">
    <mem type="soa" free="1958462944" total="1987998720" percent="98" />
    <mem type="loa" free="104631296" total="104631296" percent="100" />
  </mem>
  <pending-finalizers system="0" default="5" reference="79" classloader="0" />
</mem-info>
<gc-op id="42" type="compact" timems="41.782" contextid="36" timestamp="2019-06-15T03:01:13.101">
  <compact-info movecount="605474" movebytes="18090664" reason="compact to aid heap contraction" />
</gc-op>
<gc-end id="43" type="global" contextid="36" durationms="60.479" usertimems="176.000" systemtimems="0.000" timestamp="2019-06-15T03:01:13.101" activeThreads="4">
  <mem-info id="44" free="2074330504" total="2092630016" percent="99">
    <mem type="tenure" free="2074330504" total="2092630016" percent="99">
      <mem type="soa" free="1969699208" total="1987998720" percent="99" />
      <mem type="loa" free="104631296" total="104631296" percent="100" />
    </mem>
    <pending-finalizers system="0" default="5" reference="79" classloader="0" />
  </mem-info>
</gc-end>
<cycle-end id="45" type="global" contextid="36" timestamp="2019-06-15T03:01:13.101" />
  <attribute name="elasticGC enabled" value="1" />
  <attribute name= "numThreadsSpecified" value="4" />
  <attribute name="heapSize specified" value="2092630016" />
  <attribute name="Current GC Util" value="211" />
  <attribute name= "Current Time Running" value="63510" />
  <attribute name ="GC Interval" value="0" />
  <attribute name="ProportionalT" value="95.500000" />
  <attribute name="ProportionalI" value="95.500000" />
  <attribute name="ProportionalH" value="95.500000" />
  <attribute name="Current Error" value="191.000000" />
  <attribute name="IntegralT" value="8022.000000" />
  <attribute name="IntegralI" value="8022.000000" />
  <attribute name="IntegralH" value="8022.000000" />
  <attribute name="DerivativeT" value="0.261905" />
  <attribute name="DerivativeI" value="0.261905" />
  <attribute name="DerivativeH" value="0.261905" />
  <attribute name="Loop Time for DT" value="42.000000" />
  <attribute name="Output H" value="8388608"/>
  <attribute name="Output I" value="4000"/>
  <attribute name="Output T" value="4"/>
  <attribute name="Target GC Util Change" value ="20.000000" />
  <attribute name="Current GC Util Change" value="211.000000"/>
  <attribute name="GC Util currently" value="211" />
  <attribute name="CPU Util currently" value="109864992785" />
<allocation-satisfied id="46" threadId="0000000001056700" bytesRequested="24" />
<af-end id="47" timestamp="2019-06-15T03:01:13.102" threadId="0000000001057088" success="true" />
<exclusive-end id="48" timestamp="2019-06-15T03:01:13.102" durationms="61.833" />

<exclusive-start id="49" timestamp="2019-06-15T03:01:20.979" intervalms="7938.963">
  <response-info timems="0.104" idlems="0.104" threads="0" lastid="0000000001056700" lastname="main" />
</exclusive-start>
<af-start id="50" threadId="0000000001057088" totalBytesRequested="1168" timestamp="2019-06-15T03:01:20.979" intervalms="7939.031" />
<cycle-start id="51" type="global" contextid="0" timestamp="2019-06-15T03:01:20.979" intervalms="7939.040" />
<gc-start id="52" type="global" contextid="51" timestamp="2019-06-15T03:01:20.979">
  <mem-info id="53" free="104631296" total="2092630016" percent="4">
    <mem type="tenure" free="104631296" total="2092630016" percent="4">
      <mem type="soa" free="0" total="1987998720" percent="0" />
      <mem type="loa" free="104631296" total="104631296" percent="100" />
    </mem>
  </mem-info>
</gc-start>
<allocation-stats totalBytes="1967753152" >
  <allocated-bytes non-tlh="29440" tlh="1967723712" />
  <largest-consumer threadName="main" threadId="0000000001056700" bytes="1967740744" />
</allocation-stats>
<gc-op id="54" type="mark" timems="10.543" contextid="51" timestamp="2019-06-15T03:01:20.990">
  <trace-info objectcount="610032" scancount="530061" scanbytes="13675580" />
  <finalization candidates="80" enqueued="0" />
  <ownableSynchronizers candidates="21" cleared="0" />
  <references type="soft" candidates="4866" cleared="0" enqueued="0" dynamicThreshold="31" maxThreshold="32" />
  <references type="weak" candidates="5696" cleared="12" enqueued="9" />
  <references type="phantom" candidates="101" cleared="1" enqueued="1" />
  <stringconstants candidates="13838" cleared="14"  />
</gc-op>
<gc-op id="55" type="classunload" timems="0.503" contextid="51" timestamp="2019-06-15T03:01:20.991">
  <classunload-info classloadercandidates="59" classloadersunloaded="5" classesunloaded="5" anonymousclassesunloaded="0" quiescems="0.000" setupms="0.471" scanms="0.026" postms="0.006" />
</gc-op>
<gc-op id="56" type="sweep" timems="1.558" contextid="51" timestamp="2019-06-15T03:01:20.993" />
<mem-info id="57" free="2074261776" total="2092630016" percent="99">
  <mem type="tenure" free="2074261776" total="2092630016" percent="99" micro-fragmented="78028" macro-fragmented="0">
    <mem type="soa" free="1969630480" total="1987998720" percent="99" />
    <mem type="loa" free="104631296" total="104631296" percent="100" />
  </mem>
  <pending-finalizers system="0" default="0" reference="10" classloader="0" />
</mem-info>
<gc-op id="58" type="compact" timems="67.790" contextid="51" timestamp="2019-06-15T03:01:21.061">
  <compact-info movecount="566399" movebytes="16956712" reason="compact to aid heap contraction" />
</gc-op>
<gc-end id="59" type="global" contextid="51" durationms="81.573" usertimems="176.000" systemtimems="12.000" timestamp="2019-06-15T03:01:21.061" activeThreads="4">
  <mem-info id="60" free="2074233944" total="2092630016" percent="99">
    <mem type="tenure" free="2074233944" total="2092630016" percent="99">
      <mem type="soa" free="1969602648" total="1987998720" percent="99" />
      <mem type="loa" free="104631296" total="104631296" percent="100" />
    </mem>
    <pending-finalizers system="0" default="0" reference="10" classloader="0" />
  </mem-info>
</gc-end>
<cycle-end id="61" type="global" contextid="51" timestamp="2019-06-15T03:01:21.061" />
  <attribute name="elasticGC enabled" value="1" />
  <attribute name= "numThreadsSpecified" value="4" />
  <attribute name="heapSize specified" value="2092630016" />
  <attribute name="Current GC Util" value="191" />
  <attribute name= "Current Time Running" value="71470" />
  <attribute name ="GC Interval" value="0" />
  <attribute name="ProportionalT" value="85.500000" />
  <attribute name="ProportionalI" value="85.500000" />
  <attribute name="ProportionalH" value="85.500000" />
  <attribute name="Current Error" value="171.000000" />
  <attribute name="IntegralT" value="11628.000000" />
  <attribute name="IntegralI" value="11628.000000" />
  <attribute name="IntegralH" value="11628.000000" />
  <attribute name="DerivativeT" value="0.735294" />
  <attribute name="DerivativeI" value="0.735294" />
  <attribute name="DerivativeH" value="0.735294" />
  <attribute name="Loop Time for DT" value="68.000000" />
  <attribute name="Output H" value="8388608"/>
  <attribute name="Output I" value="4000"/>
  <attribute name="Output T" value="4"/>
  <attribute name="Target GC Util Change" value ="20.000000" />
  <attribute name="Current GC Util Change" value="191.000000"/>
  <attribute name="GC Util currently" value="191" />
  <attribute name="CPU Util currently" value="67883966737" />
<allocation-satisfied id="62" threadId="0000000001056700" bytesRequested="1168" />
<af-end id="63" timestamp="2019-06-15T03:01:21.061" threadId="0000000001057088" success="true" />
<exclusive-end id="64" timestamp="2019-06-15T03:01:21.061" durationms="82.654" />

<exclusive-start id="65" timestamp="2019-06-15T03:01:22.171" intervalms="1191.834">
  <response-info timems="0.098" idlems="0.098" threads="0" lastid="0000000001056700" lastname="main" />
</exclusive-start>
<af-start id="66" threadId="0000000001057088" totalBytesRequested="584" timestamp="2019-06-15T03:01:22.171" intervalms="1191.831" />
<cycle-start id="67" type="global" contextid="0" timestamp="2019-06-15T03:01:22.171" intervalms="1191.792" />
<gc-start id="68" type="global" contextid="67" timestamp="2019-06-15T03:01:22.171">
  <mem-info id="69" free="104631296" total="2092630016" percent="4">
    <mem type="tenure" free="104631296" total="2092630016" percent="4">
      <mem type="soa" free="0" total="1987998720" percent="0" />
      <mem type="loa" free="104631296" total="104631296" percent="100" />
    </mem>
  </mem-info>
</gc-start>
<allocation-stats totalBytes="1968006952" >
  <allocated-bytes non-tlh="0" tlh="1968006952" />
  <largest-consumer threadName="main" threadId="0000000001056700" bytes="1968006952" />
</allocation-stats>
<gc-op id="70" type="mark" timems="9.136" contextid="67" timestamp="2019-06-15T03:01:22.181">
  <trace-info objectcount="610074" scancount="530126" scanbytes="13676884" />
  <finalization candidates="80" enqueued="0" />
  <ownableSynchronizers candidates="21" cleared="0" />
  <references type="soft" candidates="4866" cleared="0" enqueued="0" dynamicThreshold="31" maxThreshold="32" />
  <references type="weak" candidates="5711" cleared="7" enqueued="3" />
  <references type="phantom" candidates="100" cleared="0" enqueued="0" />
  <stringconstants candidates="13824" cleared="0"  />
</gc-op>
<gc-op id="71" type="sweep" timems="1.412" contextid="67" timestamp="2019-06-15T03:01:22.182" />
<mem-info id="72" free="2074288040" total="2092630016" percent="99">
  <mem type="tenure" free="2074288040" total="2092630016" percent="99" micro-fragmented="5129" macro-fragmented="0">
    <mem type="soa" free="1969656744" total="1987998720" percent="99" />
    <mem type="loa" free="104631296" total="104631296" percent="100" />
  </mem>
  <pending-finalizers system="0" default="0" reference="3" classloader="0" />
</mem-info>
<gc-op id="73" type="compact" timems="34.763" contextid="67" timestamp="2019-06-15T03:01:22.217">
  <compact-info movecount="384736" movebytes="10943656" reason="compact to aid heap contraction" />
</gc-op>
<gc-end id="74" type="global" contextid="67" durationms="46.548" usertimems="128.000" systemtimems="8.000" timestamp="2019-06-15T03:01:22.218" activeThreads="4">
  <mem-info id="75" free="2074234880" total="2092630016" percent="99">
    <mem type="tenure" free="2074234880" total="2092630016" percent="99">
      <mem type="soa" free="1969603584" total="1987998720" percent="99" />
      <mem type="loa" free="104631296" total="104631296" percent="100" />
    </mem>
    <pending-finalizers system="0" default="0" reference="3" classloader="0" />
  </mem-info>
</gc-end>
<cycle-end id="76" type="global" contextid="67" timestamp="2019-06-15T03:01:22.218" />
  <attribute name="elasticGC enabled" value="1" />
  <attribute name= "numThreadsSpecified" value="4" />
  <attribute name="heapSize specified" value="2092630016" />
  <attribute name="Current GC Util" value="246" />
  <attribute name= "Current Time Running" value="72627" />
  <attribute name ="GC Interval" value="0" />
  <attribute name="ProportionalT" value="113.000000" />
  <attribute name="ProportionalI" value="113.000000" />
  <attribute name="ProportionalH" value="113.000000" />
  <attribute name="Current Error" value="226.000000" />
  <attribute name="IntegralT" value="7910.000000" />
  <attribute name="IntegralI" value="7910.000000" />
  <attribute name="IntegralH" value="7910.000000" />
  <attribute name="DerivativeT" value="1.257143" />
  <attribute name="DerivativeI" value="1.257143" />
  <attribute name="DerivativeH" value="1.257143" />
  <attribute name="Loop Time for DT" value="35.000000" />
  <attribute name="Output H" value="8388608"/>
  <attribute name="Output I" value="4000"/>
  <attribute name="Output T" value="4"/>
  <attribute name="Target GC Util Change" value ="20.000000" />
  <attribute name="Current GC Util Change" value="246.000000"/>
  <attribute name="GC Util currently" value="246" />
  <attribute name="CPU Util currently" value="131677472715" />
<allocation-satisfied id="77" threadId="0000000001056700" bytesRequested="584" />
<af-end id="78" timestamp="2019-06-15T03:01:22.218" threadId="0000000001057088" success="true" />
<exclusive-end id="79" timestamp="2019-06-15T03:01:22.218" durationms="47.854" />

<exclusive-start id="80" timestamp="2019-06-15T03:01:23.147" intervalms="976.394">
  <response-info timems="0.129" idlems="0.129" threads="0" lastid="0000000001056700" lastname="main" />
</exclusive-start>
<af-start id="81" threadId="0000000001057088" totalBytesRequested="32" timestamp="2019-06-15T03:01:23.147" intervalms="976.460" />
<cycle-start id="82" type="global" contextid="0" timestamp="2019-06-15T03:01:23.148" intervalms="976.557" />
<gc-start id="83" type="global" contextid="82" timestamp="2019-06-15T03:01:23.148">
  <mem-info id="84" free="104631296" total="2092630016" percent="4">
    <mem type="tenure" free="104631296" total="2092630016" percent="4">
      <mem type="soa" free="0" total="1987998720" percent="0" />
      <mem type="loa" free="104631296" total="104631296" percent="100" />
    </mem>
  </mem-info>
</gc-start>
<allocation-stats totalBytes="1966799000" >
  <allocated-bytes non-tlh="0" tlh="1966799000" />
  <largest-consumer threadName="main" threadId="0000000001056700" bytes="1966799000" />
</allocation-stats>
<gc-op id="85" type="mark" timems="7.799" contextid="82" timestamp="2019-06-15T03:01:23.156">
  <trace-info objectcount="610117" scancount="530170" scanbytes="13678188" />
  <finalization candidates="80" enqueued="0" />
  <ownableSynchronizers candidates="21" cleared="0" />
  <references type="soft" candidates="4866" cleared="0" enqueued="0" dynamicThreshold="31" maxThreshold="32" />
  <references type="weak" candidates="5731" cleared="7" enqueued="3" />
  <references type="phantom" candidates="100" cleared="0" enqueued="0" />
  <stringconstants candidates="13824" cleared="0"  />
</gc-op>
<gc-op id="86" type="sweep" timems="1.569" contextid="82" timestamp="2019-06-15T03:01:23.158" />
<mem-info id="87" free="2074291816" total="2092630016" percent="99">
  <mem type="tenure" free="2074291816" total="2092630016" percent="99" micro-fragmented="3585" macro-fragmented="0">
    <mem type="soa" free="1969660520" total="1987998720" percent="99" />
    <mem type="loa" free="104631296" total="104631296" percent="100" />
  </mem>
  <pending-finalizers system="0" default="0" reference="3" classloader="0" />
</mem-info>
<gc-op id="88" type="compact" timems="33.624" contextid="82" timestamp="2019-06-15T03:01:23.192">
  <compact-info movecount="367929" movebytes="10546688" reason="compact to aid heap contraction" />
</gc-op>
<gc-end id="89" type="global" contextid="82" durationms="44.327" usertimems="132.000" systemtimems="0.000" timestamp="2019-06-15T03:01:23.192" activeThreads="4">
  <mem-info id="90" free="2074234360" total="2092630016" percent="99">
    <mem type="tenure" free="2074234360" total="2092630016" percent="99">
      <mem type="soa" free="1969603064" total="1987998720" percent="99" />
      <mem type="loa" free="104631296" total="104631296" percent="100" />
    </mem>
    <pending-finalizers system="0" default="0" reference="3" classloader="0" />
  </mem-info>
</gc-end>
<cycle-end id="91" type="global" contextid="82" timestamp="2019-06-15T03:01:23.192" />
  <attribute name="elasticGC enabled" value="1" />
  <attribute name= "numThreadsSpecified" value="4" />
  <attribute name="heapSize specified" value="2092630016" />
  <attribute name="Current GC Util" value="195" />
  <attribute name= "Current Time Running" value="73601" />
  <attribute name ="GC Interval" value="0" />
  <attribute name="ProportionalT" value="87.500000" />
  <attribute name="ProportionalI" value="87.500000" />
  <attribute name="ProportionalH" value="87.500000" />
  <attribute name="Current Error" value="175.000000" />
  <attribute name="IntegralT" value="5950.000000" />
  <attribute name="IntegralI" value="5950.000000" />
  <attribute name="IntegralH" value="5950.000000" />
  <attribute name="DerivativeT" value="-0.117647" />
  <attribute name="DerivativeI" value="-0.117647" />
  <attribute name="DerivativeH" value="-0.117647" />
  <attribute name="Loop Time for DT" value="34.000000" />
  <attribute name="Output H" value="8388608"/>
  <attribute name="Output I" value="4000"/>
  <attribute name="Output T" value="4"/>
  <attribute name="Target GC Util Change" value ="20.000000" />
  <attribute name="Current GC Util Change" value="195.000000"/>
  <attribute name="GC Util currently" value="195" />
  <attribute name="CPU Util currently" value="136350205364" />
<allocation-satisfied id="92" threadId="0000000001056700" bytesRequested="32" />
<af-end id="93" timestamp="2019-06-15T03:01:23.193" threadId="0000000001057088" success="true" />
<exclusive-end id="94" timestamp="2019-06-15T03:01:23.193" durationms="45.765" />

<exclusive-start id="95" timestamp="2019-06-15T03:01:24.849" intervalms="1701.504">
  <response-info timems="0.108" idlems="0.108" threads="0" lastid="0000000001056700" lastname="main" />
</exclusive-start>
<af-start id="96" threadId="0000000001057088" totalBytesRequested="1168" timestamp="2019-06-15T03:01:24.849" intervalms="1701.550" />
<cycle-start id="97" type="global" contextid="0" timestamp="2019-06-15T03:01:24.849" intervalms="1701.548" />
<gc-start id="98" type="global" contextid="97" timestamp="2019-06-15T03:01:24.849">
  <mem-info id="99" free="104631296" total="2092630016" percent="4">
    <mem type="tenure" free="104631296" total="2092630016" percent="4">
      <mem type="soa" free="0" total="1987998720" percent="0" />
      <mem type="loa" free="104631296" total="104631296" percent="100" />
    </mem>
  </mem-info>
</gc-start>
<allocation-stats totalBytes="1968051752" >
  <allocated-bytes non-tlh="0" tlh="1968051752" />
  <largest-consumer threadName="main" threadId="0000000001056700" bytes="1968051752" />
</allocation-stats>
<gc-op id="100" type="mark" timems="8.459" contextid="97" timestamp="2019-06-15T03:01:24.858">
  <trace-info objectcount="610171" scancount="530204" scanbytes="13679660" />
  <finalization candidates="80" enqueued="0" />
  <ownableSynchronizers candidates="21" cleared="0" />
  <references type="soft" candidates="4866" cleared="0" enqueued="0" dynamicThreshold="31" maxThreshold="32" />
  <references type="weak" candidates="5724" cleared="0" enqueued="0" />
  <references type="phantom" candidates="100" cleared="0" enqueued="0" />
  <stringconstants candidates="13824" cleared="0"  />
</gc-op>
<gc-op id="101" type="sweep" timems="1.636" contextid="97" timestamp="2019-06-15T03:01:24.860" />
<mem-info id="102" free="2074285496" total="2092630016" percent="99">
  <mem type="tenure" free="2074285496" total="2092630016" percent="99" micro-fragmented="3341" macro-fragmented="0">
    <mem type="soa" free="1969654200" total="1987998720" percent="99" />
    <mem type="loa" free="104631296" total="104631296" percent="100" />
  </mem>
</mem-info>
<gc-op id="103" type="compact" timems="10.980" contextid="97" timestamp="2019-06-15T03:01:24.871">
  <compact-info movecount="1336" movebytes="38408" reason="compact to aid heap contraction" />
</gc-op>
<gc-end id="104" type="global" contextid="97" durationms="22.147" usertimems="72.000" systemtimems="0.000" timestamp="2019-06-15T03:01:24.872" activeThreads="4">
  <mem-info id="105" free="2074231704" total="2092630016" percent="99">
    <mem type="tenure" free="2074231704" total="2092630016" percent="99">
      <mem type="soa" free="1969600408" total="1987998720" percent="99" />
      <mem type="loa" free="104631296" total="104631296" percent="100" />
    </mem>
  </mem-info>
</gc-end>
<cycle-end id="106" type="global" contextid="97" timestamp="2019-06-15T03:01:24.872" />
  <attribute name="elasticGC enabled" value="1" />
  <attribute name= "numThreadsSpecified" value="4" />
  <attribute name="heapSize specified" value="2092630016" />
  <attribute name="Current GC Util" value="269" />
  <attribute name= "Current Time Running" value="75280" />
  <attribute name ="GC Interval" value="0" />
  <attribute name="ProportionalT" value="124.500000" />
  <attribute name="ProportionalI" value="124.500000" />
  <attribute name="ProportionalH" value="124.500000" />
  <attribute name="Current Error" value="249.000000" />
  <attribute name="IntegralT" value="2739.000000" />
  <attribute name="IntegralI" value="2739.000000" />
  <attribute name="IntegralH" value="2739.000000" />
  <attribute name="DerivativeT" value="6.545455" />
  <attribute name="DerivativeI" value="6.545455" />
  <attribute name="DerivativeH" value="6.545455" />
  <attribute name="Loop Time for DT" value="11.000000" />
  <attribute name="Output H" value="8388608"/>
  <attribute name="Output I" value="2872"/>
  <attribute name="Output T" value="4"/>
  <attribute name="Target GC Util Change" value ="20.000000" />
  <attribute name="Current GC Util Change" value="269.000000"/>
  <attribute name="GC Util currently" value="269" />
  <attribute name="CPU Util currently" value="417232363306" />
<allocation-satisfied id="107" threadId="0000000001056700" bytesRequested="1168" />
<af-end id="108" timestamp="2019-06-15T03:01:24.872" threadId="0000000001057088" success="true" />
<exclusive-end id="109" timestamp="2019-06-15T03:01:24.872" durationms="23.522" />

<exclusive-start id="110" timestamp="2019-06-15T03:01:25.858" intervalms="1009.518">
  <response-info timems="0.088" idlems="0.088" threads="0" lastid="0000000001056700" lastname="main" />
</exclusive-start>
<af-start id="111" threadId="0000000001057088" totalBytesRequested="16" timestamp="2019-06-15T03:01:25.858" intervalms="1009.462" />
<cycle-start id="112" type="global" contextid="0" timestamp="2019-06-15T03:01:25.859" intervalms="1009.471" />
<gc-start id="113" type="global" contextid="112" timestamp="2019-06-15T03:01:25.859">
  <mem-info id="114" free="104631296" total="2092630016" percent="4">
    <mem type="tenure" free="104631296" total="2092630016" percent="4">
      <mem type="soa" free="0" total="1987998720" percent="0" />
      <mem type="loa" free="104631296" total="104631296" percent="100" />
    </mem>
  </mem-info>
</gc-start>
<allocation-stats totalBytes="1967716960" >
  <allocated-bytes non-tlh="0" tlh="1967716960" />
  <largest-consumer threadName="main" threadId="0000000001056700" bytes="1967716960" />
</allocation-stats>
<gc-op id="115" type="mark" timems="9.050" contextid="112" timestamp="2019-06-15T03:01:25.868">
  <trace-info objectcount="610242" scancount="530279" scanbytes="13681560" />
  <finalization candidates="80" enqueued="0" />
  <ownableSynchronizers candidates="21" cleared="0" />
  <references type="soft" candidates="4866" cleared="0" enqueued="0" dynamicThreshold="31" maxThreshold="32" />
  <references type="weak" candidates="5751" cleared="7" enqueued="3" />
  <references type="phantom" candidates="100" cleared="0" enqueued="0" />
  <stringconstants candidates="13824" cleared="0"  />
</gc-op>
<gc-op id="116" type="sweep" timems="1.415" contextid="112" timestamp="2019-06-15T03:01:25.870" />
<mem-info id="117" free="2074284872" total="2092630016" percent="99">
  <mem type="tenure" free="2074284872" total="2092630016" percent="99" micro-fragmented="3345" macro-fragmented="0">
    <mem type="soa" free="1969653576" total="1987998720" percent="99" />
    <mem type="loa" free="104631296" total="104631296" percent="100" />
  </mem>
  <pending-finalizers system="0" default="0" reference="3" classloader="0" />
</mem-info>
<gc-op id="118" type="compact" timems="34.067" contextid="112" timestamp="2019-06-15T03:01:25.904">
  <compact-info movecount="341765" movebytes="8880856" reason="compact to aid heap contraction" />
</gc-op>
<gc-end id="119" type="global" contextid="112" durationms="45.791" usertimems="132.000" systemtimems="0.000" timestamp="2019-06-15T03:01:25.905" activeThreads="4">
  <mem-info id="120" free="2074293968" total="2092630016" percent="99">
    <mem type="tenure" free="2074293968" total="2092630016" percent="99">
      <mem type="soa" free="1969662672" total="1987998720" percent="99" />
      <mem type="loa" free="104631296" total="104631296" percent="100" />
    </mem>
    <pending-finalizers system="0" default="0" reference="3" classloader="0" />
  </mem-info>
</gc-end>
<cycle-end id="121" type="global" contextid="112" timestamp="2019-06-15T03:01:25.905" />
  <attribute name="elasticGC enabled" value="1" />
  <attribute name= "numThreadsSpecified" value="4" />
  <attribute name="heapSize specified" value="2092630016" />
  <attribute name="Current GC Util" value="191" />
  <attribute name= "Current Time Running" value="76314" />
  <attribute name ="GC Interval" value="0" />
  <attribute name="ProportionalT" value="85.500000" />
  <attribute name="ProportionalI" value="85.500000" />
  <attribute name="ProportionalH" value="85.500000" />
  <attribute name="Current Error" value="171.000000" />
  <attribute name="IntegralT" value="5985.000000" />
  <attribute name="IntegralI" value="5985.000000" />
  <attribute name="IntegralH" value="5985.000000" />
  <attribute name="DerivativeT" value="-0.571429" />
  <attribute name="DerivativeI" value="-0.571429" />
  <attribute name="DerivativeH" value="-0.571429" />
  <attribute name="Loop Time for DT" value="35.000000" />
  <attribute name="Output H" value="8388608"/>
  <attribute name="Output I" value="4000"/>
  <attribute name="Output T" value="4"/>
  <attribute name="Target GC Util Change" value ="20.000000" />
  <attribute name="Current GC Util Change" value="191.000000"/>
  <attribute name="GC Util currently" value="191" />
  <attribute name="CPU Util currently" value="134537908837" />
<allocation-satisfied id="122" threadId="0000000001056700" bytesRequested="16" />
<af-end id="123" timestamp="2019-06-15T03:01:25.905" threadId="0000000001057088" success="true" />
<exclusive-end id="124" timestamp="2019-06-15T03:01:25.905" durationms="47.145" />

</verbosegc>

