<?xml version="1.0" ?>

<verbosegc xmlns="http://www.ibm.com/j9/verbosegc" version="10b4217_CMPRSS">

<initialized id="1" timestamp="2019-06-14T23:07:14.939">
  <attribute name="gcPolicy" value="-Xgcpolicy:optthruput" />
  <attribute name="elasticGC enabled" value="1" />
  <attribute name= "numThreadsSpecified" value="0" />
  <attribute name="heapSize specified" value="0" />
  <attribute name="Current GC Util" value="0" />
  <attribute name= "Current Time Running" value="0" />
  <attribute name ="GC Interval" value="0" />
  <attribute name="ProportionalT" value="0.000000" />
  <attribute name="ProportionalI" value="0.000000" />
  <attribute name="ProportionalH" value="0.000000" />
  <attribute name="IntegralT" value="0.000000" />
  <attribute name="IntegralI" value="0.000000" />
  <attribute name="IntegralH" value="0.000000" />
  <attribute name="DerivativeT" value="0.000000" />
  <attribute name="DerivativeI" value="0.000000" />
  <attribute name="DerivativeH" value="0.000000" />
  <attribute name="Target GC Util Change" value ="0.000000" />
  <attribute name="Current GC Util Change" value="0.000000"/>
  <attribute name="Current Error" value="0.000000" />
  <attribute name="Loop Time for DT" value="0.000000" />
  <attribute name="Output H" value="0"/>
  <attribute name="Output I" value="0"/>
  <attribute name="Output T" value="0"/>
  <attribute name="GC Util currently" value="0" />
  <attribute name="CPU Util currently" value="0" />
  <attribute name="maxHeapSize" value="0x7cbc0000" />
  <attribute name="initialHeapSize" value="0x800000" />
  <attribute name="compressedRefs" value="true" />
  <attribute name="compressedRefsDisplacement" value="0x0" />
  <attribute name="compressedRefsShift" value="0x0" />
  <attribute name="pageSize" value="0x1000" />
  <attribute name="pageType" value="not used" />
  <attribute name="requestedPageSize" value="0x1000" />
  <attribute name="requestedPageType" value="not used" />
  <attribute name="gcthreads" value="4" />
  <attribute name="packetListSplit" value="4" />
  <attribute name="cacheListSplit" value="4" />
  <attribute name="splitFreeListSplitAmount" value="1" />
  <attribute name="numaNodes" value="0" />
  <system>
    <attribute name="physicalMemory" value="8370962432" />
    <attribute name="numCPUs" value="4" />
    <attribute name="architecture" value="amd64" />
    <attribute name="os" value="Linux" />
    <attribute name="osVersion" value="4.4.0-148-generic" />
  </system>
  <vmargs>
    <vmarg name="-Xoptionsfile=/vagrant/jdk/lib/options.default" />
    <vmarg name="-Xlockword:mode=default,noLockword=java/lang/String,noLockword=java/util/MapEntry,noLockword=java/util/HashMap$Entry,noLockword..." />
    <vmarg name="-Xjcl:jclse29" />
    <vmarg name="-Dcom.ibm.oti.vm.bootstrap.library.path=/vagrant/jdk/lib/compressedrefs:/vagrant/jdk/lib" />
    <vmarg name="-Dsun.boot.library.path=/vagrant/jdk/lib/compressedrefs:/vagrant/jdk/lib" />
    <vmarg name="-Djava.library.path=/vagrant/jdk/lib/compressedrefs:/vagrant/jdk/lib:/usr/lib64:/usr/lib" />
    <vmarg name="-Djava.home=/vagrant/jdk" />
    <vmarg name="-Duser.dir=/vagrant" />
    <vmarg name="-Xgcpolicy:optthruput" />
    <vmarg name="-Xgcelastic" />
    <vmarg name="-Xcheck:gc:::elasticGC" />
    <vmarg name="-verbose:gc" />
    <vmarg name="-Xloggc:large-OPTTHRUPUT-jdk0.5-1-0.5-verbose7sunflow.txt" />
    <vmarg name="-Djava.class.path=dacapo-9.12-MR1-bach.jar" />
    <vmarg name="-Dsun.java.command=dacapo-9.12-MR1-bach.jar sunflow --size=large" />
    <vmarg name="-Dsun.java.launcher=SUN_STANDARD" />
    <vmarg name="-Dsun.java.launcher.pid=27062" />
  </vmargs>
</initialized>

<exclusive-start id="2" timestamp="2019-06-14T23:07:15.362" intervalms="422.643">
  <response-info timems="0.035" idlems="0.035" threads="0" lastid="000000000173D700" lastname="main" />
</exclusive-start>
<af-start id="3" threadId="000000000173E088" totalBytesRequested="16" timestamp="2019-06-14T23:07:15.362" intervalms="422.919" />
<cycle-start id="4" type="global" contextid="0" timestamp="2019-06-14T23:07:15.363" intervalms="423.110" />
<gc-start id="5" type="global" contextid="4" timestamp="2019-06-14T23:07:15.363">
  <mem-info id="6" free="418816" total="8388608" percent="4">
    <mem type="tenure" free="418816" total="8388608" percent="4">
      <mem type="soa" free="0" total="7969792" percent="0" />
      <mem type="loa" free="418816" total="418816" percent="100" />
    </mem>
  </mem-info>
</gc-start>
<allocation-stats totalBytes="7962640" >
  <allocated-bytes non-tlh="2337024" tlh="5625616" />
  <largest-consumer threadName="main" threadId="000000000173D700" bytes="7890168" />
</allocation-stats>
<gc-op id="7" type="mark" timems="2.032" contextid="4" timestamp="2019-06-14T23:07:15.365">
  <trace-info objectcount="30239" scancount="24286" scanbytes="765204" />
  <finalization candidates="125" enqueued="1" />
  <ownableSynchronizers candidates="3" cleared="0" />
  <references type="soft" candidates="131" cleared="0" enqueued="0" dynamicThreshold="32" maxThreshold="32" />
  <references type="weak" candidates="1321" cleared="568" enqueued="478" />
  <references type="phantom" candidates="106" cleared="42" enqueued="42" />
  <stringconstants candidates="3958" cleared="0"  />
</gc-op>
<gc-op id="8" type="classunload" timems="0.075" contextid="4" timestamp="2019-06-14T23:07:15.365">
  <classunload-info classloadercandidates="7" classloadersunloaded="0" classesunloaded="0" anonymousclassesunloaded="0" quiescems="0.000" setupms="0.075" scanms="0.000" postms="0.000" />
</gc-op>
<gc-op id="9" type="sweep" timems="0.612" contextid="4" timestamp="2019-06-14T23:07:15.366" />
<mem-info id="10" free="4707064" total="8388608" percent="56">
  <mem type="tenure" free="4707064" total="8388608" percent="56" micro-fragmented="447906" macro-fragmented="0">
    <mem type="soa" free="4288248" total="7969792" percent="53" />
    <mem type="loa" free="418816" total="418816" percent="100" />
  </mem>
  <pending-finalizers system="1" default="0" reference="520" classloader="0" />
</mem-info>
<gc-op id="11" type="compact" timems="6.908" contextid="4" timestamp="2019-06-14T23:07:15.373">
  <compact-info movecount="30238" movebytes="3169808" reason="compact to aid heap contraction" />
</gc-op>
<heap-resize id="12" type="expand" space="tenure" amount="2084241408" count="1" timems="0.077" reason="satisfy allocation request" timestamp="2019-06-14T23:07:15.373" />
<gc-end id="13" type="global" contextid="4" durationms="10.749" usertimems="8.000" systemtimems="4.000" timestamp="2019-06-14T23:07:15.373" activeThreads="4">
  <mem-info id="14" free="2089394584" total="2092630016" percent="99">
    <mem type="tenure" free="2089394584" total="2092630016" percent="99">
      <mem type="soa" free="1984763288" total="1987998720" percent="99" />
      <mem type="loa" free="104631296" total="104631296" percent="100" />
    </mem>
    <pending-finalizers system="1" default="0" reference="520" classloader="0" />
  </mem-info>
</gc-end>
<cycle-end id="15" type="global" contextid="4" timestamp="2019-06-14T23:07:15.374" />
  <attribute name="elasticGC enabled" value="1" />
  <attribute name= "numThreadsSpecified" value="4" />
  <attribute name="heapSize specified" value="8388608" />
  <attribute name="Current GC Util" value="29" />
  <attribute name= "Current Time Running" value="322" />
  <attribute name ="GC Interval" value="0" />
  <attribute name="ProportionalT" value="4.500000" />
  <attribute name="ProportionalI" value="4.500000" />
  <attribute name="ProportionalH" value="4.500000" />
  <attribute name="Current Error" value="9.000000" />
  <attribute name="IntegralT" value="-6057.000000" />
  <attribute name="IntegralI" value="-6057.000000" />
  <attribute name="IntegralH" value="-6057.000000" />
  <attribute name="DerivativeT" value="0.642857" />
  <attribute name="DerivativeI" value="0.642857" />
  <attribute name="DerivativeH" value="0.642857" />
  <attribute name="Loop Time for DT" value="7.000000" />
  <attribute name="Output H" value="2092630016"/>
  <attribute name="Output I" value="200"/>
  <attribute name="Output T" value="4"/>
  <attribute name="Target GC Util Change" value ="20.000000" />
  <attribute name="Current GC Util Change" value="29.000000"/>
  <attribute name="GC Util currently" value="29" />
  <attribute name="CPU Util currently" value="21" />
<allocation-satisfied id="16" threadId="000000000173D700" bytesRequested="16" />
<af-end id="17" timestamp="2019-06-14T23:07:15.374" threadId="000000000173E088" success="true" />
<exclusive-end id="18" timestamp="2019-06-14T23:07:15.374" durationms="11.688" />

<exclusive-start id="19" timestamp="2019-06-14T23:07:15.392" intervalms="29.648">
  <response-info timems="0.071" idlems="0.071" threads="0" lastid="000000000173D700" lastname="main" />
</exclusive-start>
<sys-start reason="explicit" id="20" timestamp="2019-06-14T23:07:15.392" intervalms="452.351" />
<cycle-start id="21" type="global" contextid="0" timestamp="2019-06-14T23:07:15.392" intervalms="29.334" />
<gc-start id="22" type="global" contextid="21" timestamp="2019-06-14T23:07:15.392">
  <mem-info id="23" free="2085413176" total="2092630016" percent="99">
    <mem type="tenure" free="2085413176" total="2092630016" percent="99">
      <mem type="soa" free="1980781880" total="1987998720" percent="99" />
      <mem type="loa" free="104631296" total="104631296" percent="100" />
    </mem>
  </mem-info>
</gc-start>
<allocation-stats totalBytes="4046544" >
  <allocated-bytes non-tlh="1048672" tlh="2997872" />
  <largest-consumer threadName="main" threadId="000000000173D700" bytes="4030472" />
</allocation-stats>
<gc-op id="24" type="mark" timems="8.794" contextid="21" timestamp="2019-06-14T23:07:15.401">
  <trace-info objectcount="29297" scancount="23481" scanbytes="750908" />
  <finalization candidates="124" enqueued="0" />
  <ownableSynchronizers candidates="3" cleared="0" />
  <references type="soft" candidates="131" cleared="0" enqueued="0" dynamicThreshold="31" maxThreshold="32" />
  <references type="weak" candidates="755" cleared="2" enqueued="2" />
  <references type="phantom" candidates="63" cleared="0" enqueued="0" />
  <stringconstants candidates="3958" cleared="0"  />
</gc-op>
<gc-op id="25" type="classunload" timems="0.004" contextid="21" timestamp="2019-06-14T23:07:15.401">
  <classunload-info classloadercandidates="7" classloadersunloaded="0" classesunloaded="0" anonymousclassesunloaded="0" quiescems="0.000" setupms="0.003" scanms="0.001" postms="0.000" />
</gc-op>
<gc-op id="26" type="sweep" timems="1.594" contextid="21" timestamp="2019-06-14T23:07:15.403" />
<mem-info id="27" free="2089207816" total="2092630016" percent="99">
  <mem type="tenure" free="2089207816" total="2092630016" percent="99" micro-fragmented="8245" macro-fragmented="0">
    <mem type="soa" free="1984576520" total="1987998720" percent="99" />
    <mem type="loa" free="104631296" total="104631296" percent="100" />
  </mem>
  <pending-finalizers system="0" default="0" reference="2" classloader="0" />
</mem-info>
<gc-op id="28" type="compact" timems="14.065" contextid="21" timestamp="2019-06-14T23:07:15.417">
  <compact-info movecount="18201" movebytes="2917064" reason="compact to aid heap contraction" />
</gc-op>
<gc-end id="29" type="global" contextid="21" durationms="25.352" usertimems="28.000" systemtimems="12.000" timestamp="2019-06-14T23:07:15.417" activeThreads="4">
  <mem-info id="30" free="2089237256" total="2092630016" percent="99">
    <mem type="tenure" free="2089237256" total="2092630016" percent="99">
      <mem type="soa" free="1984605960" total="1987998720" percent="99" />
      <mem type="loa" free="104631296" total="104631296" percent="100" />
    </mem>
    <pending-finalizers system="0" default="0" reference="2" classloader="0" />
  </mem-info>
</gc-end>
<cycle-end id="31" type="global" contextid="21" timestamp="2019-06-14T23:07:15.418" />
  <attribute name="elasticGC enabled" value="1" />
  <attribute name= "numThreadsSpecified" value="4" />
  <attribute name="heapSize specified" value="2092630016" />
  <attribute name="Current GC Util" value="97" />
  <attribute name= "Current Time Running" value="366" />
  <attribute name ="GC Interval" value="0" />
  <attribute name="ProportionalT" value="38.500000" />
  <attribute name="ProportionalI" value="38.500000" />
  <attribute name="ProportionalH" value="38.500000" />
  <attribute name="Current Error" value="77.000000" />
  <attribute name="IntegralT" value="1078.000000" />
  <attribute name="IntegralI" value="1078.000000" />
  <attribute name="IntegralH" value="1078.000000" />
  <attribute name="DerivativeT" value="0.571429" />
  <attribute name="DerivativeI" value="0.571429" />
  <attribute name="DerivativeH" value="0.571429" />
  <attribute name="Loop Time for DT" value="14.000000" />
  <attribute name="Output H" value="8388608"/>
  <attribute name="Output I" value="1120"/>
  <attribute name="Output T" value="4"/>
  <attribute name="Target GC Util Change" value ="20.000000" />
  <attribute name="Current GC Util Change" value="97.000000"/>
  <attribute name="GC Util currently" value="97" />
  <attribute name="CPU Util currently" value="324205312002" />
<sys-end id="32" timestamp="2019-06-14T23:07:15.418" />
<exclusive-end id="33" timestamp="2019-06-14T23:07:15.418" durationms="26.074" />

<exclusive-start id="34" timestamp="2019-06-14T23:07:17.448" intervalms="2056.291">
  <response-info timems="0.031" idlems="0.031" threads="0" lastid="0000000001A92900" lastname="Thread-10" />
</exclusive-start>
<af-start id="35" threadId="0000000001A93288" totalBytesRequested="40" timestamp="2019-06-14T23:07:17.448" intervalms="2085.899" />
<cycle-start id="36" type="global" contextid="0" timestamp="2019-06-14T23:07:17.448" intervalms="2056.543" />
<gc-start id="37" type="global" contextid="36" timestamp="2019-06-14T23:07:17.449">
  <mem-info id="38" free="104631296" total="2092630016" percent="4">
    <mem type="tenure" free="104631296" total="2092630016" percent="4">
      <mem type="soa" free="0" total="1987998720" percent="0" />
      <mem type="loa" free="104631296" total="104631296" percent="100" />
    </mem>
  </mem-info>
</gc-start>
<allocation-stats totalBytes="1984346232" >
  <allocated-bytes non-tlh="1727440" tlh="1982618792" />
  <largest-consumer threadName="Thread-7" threadId="0000000001A96500" bytes="513763536" />
</allocation-stats>
<gc-op id="39" type="mark" timems="3.572" contextid="36" timestamp="2019-06-14T23:07:17.452">
  <trace-info objectcount="73895" scancount="65428" scanbytes="2459320" />
  <finalization candidates="124" enqueued="0" />
  <ownableSynchronizers candidates="3" cleared="0" />
  <references type="soft" candidates="148" cleared="0" enqueued="0" dynamicThreshold="31" maxThreshold="32" />
  <references type="weak" candidates="798" cleared="29" enqueued="28" />
  <references type="phantom" candidates="65" cleared="2" enqueued="2" />
  <stringconstants candidates="4598" cleared="1"  />
</gc-op>
<gc-op id="40" type="sweep" timems="1.679" contextid="36" timestamp="2019-06-14T23:07:17.454" />
<mem-info id="41" free="2085686776" total="2092630016" percent="99">
  <mem type="tenure" free="2085686776" total="2092630016" percent="99" micro-fragmented="910007" macro-fragmented="0">
    <mem type="soa" free="1981055480" total="1987998720" percent="99" />
    <mem type="loa" free="104631296" total="104631296" percent="100" />
  </mem>
  <pending-finalizers system="0" default="0" reference="30" classloader="0" />
</mem-info>
<gc-op id="42" type="compact" timems="15.051" contextid="36" timestamp="2019-06-14T23:07:17.470">
  <compact-info movecount="73272" movebytes="5986968" reason="compact to aid heap contraction" />
</gc-op>
<gc-end id="43" type="global" contextid="36" durationms="21.372" usertimems="40.000" systemtimems="0.000" timestamp="2019-06-14T23:07:17.470" activeThreads="4">
  <mem-info id="44" free="2086561872" total="2092630016" percent="99">
    <mem type="tenure" free="2086561872" total="2092630016" percent="99">
      <mem type="soa" free="1981930576" total="1987998720" percent="99" />
      <mem type="loa" free="104631296" total="104631296" percent="100" />
    </mem>
    <pending-finalizers system="0" default="0" reference="30" classloader="0" />
  </mem-info>
</gc-end>
<cycle-end id="45" type="global" contextid="36" timestamp="2019-06-14T23:07:17.470" />
  <attribute name="elasticGC enabled" value="1" />
  <attribute name= "numThreadsSpecified" value="4" />
  <attribute name="heapSize specified" value="2092630016" />
  <attribute name="Current GC Util" value="133" />
  <attribute name= "Current Time Running" value="2419" />
  <attribute name ="GC Interval" value="0" />
  <attribute name="ProportionalT" value="56.500000" />
  <attribute name="ProportionalI" value="56.500000" />
  <attribute name="ProportionalH" value="56.500000" />
  <attribute name="Current Error" value="113.000000" />
  <attribute name="IntegralT" value="1808.000000" />
  <attribute name="IntegralI" value="1808.000000" />
  <attribute name="IntegralH" value="1808.000000" />
  <attribute name="DerivativeT" value="-0.531250" />
  <attribute name="DerivativeI" value="-0.531250" />
  <attribute name="DerivativeH" value="-0.531250" />
  <attribute name="Loop Time for DT" value="16.000000" />
  <attribute name="Output H" value="8388608"/>
  <attribute name="Output I" value="1864"/>
  <attribute name="Output T" value="4"/>
  <attribute name="Target GC Util Change" value ="20.000000" />
  <attribute name="Current GC Util Change" value="133.000000"/>
  <attribute name="GC Util currently" value="133" />
  <attribute name="CPU Util currently" value="303235870462" />
<allocation-satisfied id="46" threadId="0000000001A92900" bytesRequested="40" />
<af-end id="47" timestamp="2019-06-14T23:07:17.470" threadId="0000000001A93288" success="true" />
<exclusive-end id="48" timestamp="2019-06-14T23:07:17.471" durationms="22.588" />

<exclusive-start id="49" timestamp="2019-06-14T23:07:18.409" intervalms="960.576">
  <response-info timems="3.751" idlems="2.470" threads="2" lastid="0000000001A8B100" lastname="Thread-8" />
</exclusive-start>
<af-start id="50" threadId="0000000001A96E88" totalBytesRequested="40" timestamp="2019-06-14T23:07:18.409" intervalms="960.548" />
<cycle-start id="51" type="global" contextid="0" timestamp="2019-06-14T23:07:18.409" intervalms="960.562" />
<gc-start id="52" type="global" contextid="51" timestamp="2019-06-14T23:07:18.409">
  <mem-info id="53" free="104631296" total="2092630016" percent="4">
    <mem type="tenure" free="104631296" total="2092630016" percent="4">
      <mem type="soa" free="0" total="1987998720" percent="0" />
      <mem type="loa" free="104631296" total="104631296" percent="100" />
    </mem>
  </mem-info>
</gc-start>
<allocation-stats totalBytes="1981869432" >
  <allocated-bytes non-tlh="0" tlh="1981869432" />
  <largest-consumer threadName="Thread-8" threadId="0000000001A8B100" bytes="609675096" />
</allocation-stats>
<gc-op id="54" type="mark" timems="3.735" contextid="51" timestamp="2019-06-14T23:07:18.413">
  <trace-info objectcount="68714" scancount="60283" scanbytes="2335208" />
  <finalization candidates="124" enqueued="0" />
  <ownableSynchronizers candidates="3" cleared="0" />
  <references type="soft" candidates="148" cleared="0" enqueued="0" dynamicThreshold="31" maxThreshold="32" />
  <references type="weak" candidates="769" cleared="0" enqueued="0" />
  <references type="phantom" candidates="63" cleared="0" enqueued="0" />
  <stringconstants candidates="4597" cleared="0"  />
</gc-op>
<gc-op id="55" type="sweep" timems="2.142" contextid="51" timestamp="2019-06-14T23:07:18.416" />
<mem-info id="56" free="2086562984" total="2092630016" percent="99">
  <mem type="tenure" free="2086562984" total="2092630016" percent="99" micro-fragmented="50506" macro-fragmented="0">
    <mem type="soa" free="1981931688" total="1987998720" percent="99" />
    <mem type="loa" free="104631296" total="104631296" percent="100" />
  </mem>
</mem-info>
<gc-op id="57" type="compact" timems="8.925" contextid="51" timestamp="2019-06-14T23:07:18.425">
  <compact-info movecount="47154" movebytes="4596312" reason="compact to aid heap contraction" />
</gc-op>
<gc-end id="58" type="global" contextid="51" durationms="15.982" usertimems="40.000" systemtimems="12.000" timestamp="2019-06-14T23:07:18.425" activeThreads="4">
  <mem-info id="59" free="2086687376" total="2092630016" percent="99">
    <mem type="tenure" free="2086687376" total="2092630016" percent="99">
      <mem type="soa" free="1982056080" total="1987998720" percent="99" />
      <mem type="loa" free="104631296" total="104631296" percent="100" />
    </mem>
  </mem-info>
</gc-end>
<cycle-end id="60" type="global" contextid="51" timestamp="2019-06-14T23:07:18.425" />
  <attribute name="elasticGC enabled" value="1" />
  <attribute name= "numThreadsSpecified" value="4" />
  <attribute name="heapSize specified" value="2092630016" />
  <attribute name="Current GC Util" value="189" />
  <attribute name= "Current Time Running" value="3374" />
  <attribute name ="GC Interval" value="0" />
  <attribute name="ProportionalT" value="84.500000" />
  <attribute name="ProportionalI" value="84.500000" />
  <attribute name="ProportionalH" value="84.500000" />
  <attribute name="Current Error" value="169.000000" />
  <attribute name="IntegralT" value="1521.000000" />
  <attribute name="IntegralI" value="1521.000000" />
  <attribute name="IntegralH" value="1521.000000" />
  <attribute name="DerivativeT" value="-2.611111" />
  <attribute name="DerivativeI" value="-2.611111" />
  <attribute name="DerivativeH" value="-2.611111" />
  <attribute name="Loop Time for DT" value="9.000000" />
  <attribute name="Output H" value="8388608"/>
  <attribute name="Output I" value="1608"/>
  <attribute name="Output T" value="4"/>
  <attribute name="Target GC Util Change" value ="20.000000" />
  <attribute name="Current GC Util Change" value="189.000000"/>
  <attribute name="GC Util currently" value="189" />
  <attribute name="CPU Util currently" value="503282089245" />
<allocation-satisfied id="61" threadId="0000000001A96500" bytesRequested="40" />
<af-end id="62" timestamp="2019-06-14T23:07:18.426" threadId="0000000001A96E88" success="true" />
<exclusive-end id="63" timestamp="2019-06-14T23:07:18.426" durationms="17.176" />

<exclusive-start id="64" timestamp="2019-06-14T23:07:19.218" intervalms="809.016">
  <response-info timems="0.031" idlems="0.031" threads="0" lastid="0000000001A92900" lastname="Thread-10" />
</exclusive-start>
<af-start id="65" threadId="0000000001A93288" totalBytesRequested="40" timestamp="2019-06-14T23:07:19.218" intervalms="809.007" />
<cycle-start id="66" type="global" contextid="0" timestamp="2019-06-14T23:07:19.218" intervalms="808.958" />
<gc-start id="67" type="global" contextid="66" timestamp="2019-06-14T23:07:19.218">
  <mem-info id="68" free="104631296" total="2092630016" percent="4">
    <mem type="tenure" free="104631296" total="2092630016" percent="4">
      <mem type="soa" free="0" total="1987998720" percent="0" />
      <mem type="loa" free="104631296" total="104631296" percent="100" />
    </mem>
  </mem-info>
</gc-start>
<allocation-stats totalBytes="1981766312" >
  <allocated-bytes non-tlh="0" tlh="1981766312" />
  <largest-consumer threadName="Thread-9" threadId="0000000001A8ED00" bytes="502106776" />
</allocation-stats>
<gc-op id="69" type="mark" timems="3.936" contextid="66" timestamp="2019-06-14T23:07:19.222">
  <trace-info objectcount="73866" scancount="65434" scanbytes="2459816" />
  <finalization candidates="124" enqueued="0" />
  <ownableSynchronizers candidates="3" cleared="0" />
  <references type="soft" candidates="148" cleared="0" enqueued="0" dynamicThreshold="31" maxThreshold="32" />
  <references type="weak" candidates="769" cleared="0" enqueued="0" />
  <references type="phantom" candidates="63" cleared="0" enqueued="0" />
  <stringconstants candidates="4597" cleared="0"  />
</gc-op>
<gc-op id="70" type="sweep" timems="2.195" contextid="66" timestamp="2019-06-14T23:07:19.225" />
<mem-info id="71" free="2086119096" total="2092630016" percent="99">
  <mem type="tenure" free="2086119096" total="2092630016" percent="99" micro-fragmented="105693" macro-fragmented="0">
    <mem type="soa" free="1981487800" total="1987998720" percent="99" />
    <mem type="loa" free="104631296" total="104631296" percent="100" />
  </mem>
</mem-info>
<gc-op id="72" type="compact" timems="5.727" contextid="66" timestamp="2019-06-14T23:07:19.231">
  <compact-info movecount="29421" movebytes="1257688" reason="compact to aid heap contraction" />
</gc-op>
<gc-end id="73" type="global" contextid="66" durationms="13.249" usertimems="28.000" systemtimems="0.000" timestamp="2019-06-14T23:07:19.231" activeThreads="4">
  <mem-info id="74" free="2086562768" total="2092630016" percent="99">
    <mem type="tenure" free="2086562768" total="2092630016" percent="99">
      <mem type="soa" free="1981931472" total="1987998720" percent="99" />
      <mem type="loa" free="104631296" total="104631296" percent="100" />
    </mem>
  </mem-info>
</gc-end>
<cycle-end id="75" type="global" contextid="66" timestamp="2019-06-14T23:07:19.232" />
  <attribute name="elasticGC enabled" value="1" />
  <attribute name= "numThreadsSpecified" value="4" />
  <attribute name="heapSize specified" value="2092630016" />
  <attribute name="Current GC Util" value="214" />
  <attribute name= "Current Time Running" value="4180" />
  <attribute name ="GC Interval" value="0" />
  <attribute name="ProportionalT" value="97.000000" />
  <attribute name="ProportionalI" value="97.000000" />
  <attribute name="ProportionalH" value="97.000000" />
  <attribute name="Current Error" value="194.000000" />
  <attribute name="IntegralT" value="1164.000000" />
  <attribute name="IntegralI" value="1164.000000" />
  <attribute name="IntegralH" value="1164.000000" />
  <attribute name="DerivativeT" value="0.250000" />
  <attribute name="DerivativeI" value="0.250000" />
  <attribute name="DerivativeH" value="0.250000" />
  <attribute name="Loop Time for DT" value="6.000000" />
  <attribute name="Output H" value="8388608"/>
  <attribute name="Output I" value="1264"/>
  <attribute name="Output T" value="4"/>
  <attribute name="Target GC Util Change" value ="20.000000" />
  <attribute name="Current GC Util Change" value="214.000000"/>
  <attribute name="GC Util currently" value="214" />
  <attribute name="CPU Util currently" value="771736912025" />
<allocation-satisfied id="76" threadId="0000000001A92900" bytesRequested="40" />
<af-end id="77" timestamp="2019-06-14T23:07:19.232" threadId="0000000001A93288" success="true" />
<exclusive-end id="78" timestamp="2019-06-14T23:07:19.232" durationms="14.266" />

</verbosegc>

