<?xml version="1.0" ?>

<verbosegc xmlns="http://www.ibm.com/j9/verbosegc" version="10b4217_CMPRSS">

<initialized id="1" timestamp="2019-06-15T19:13:01.512">
  <attribute name="gcPolicy" value="-Xgcpolicy:gencon" />
  <attribute name="elasticGC enabled" value="1" />
  <attribute name= "numThreadsSpecified" value="0" />
  <attribute name="heapSize specified" value="0" />
  <attribute name="Current GC Util" value="0" />
  <attribute name= "Current Time Running" value="0" />
  <attribute name ="GC Interval" value="0" />
  <attribute name="ProportionalT" value="0.000000" />
  <attribute name="ProportionalI" value="0.000000" />
  <attribute name="ProportionalH" value="0.000000" />
  <attribute name="IntegralT" value="0.000000" />
  <attribute name="IntegralI" value="0.000000" />
  <attribute name="IntegralH" value="0.000000" />
  <attribute name="DerivativeT" value="0.000000" />
  <attribute name="DerivativeI" value="0.000000" />
  <attribute name="DerivativeH" value="0.000000" />
  <attribute name="Target GC Util Change" value ="0.000000" />
  <attribute name="Current GC Util Change" value="0.000000"/>
  <attribute name="Current Error" value="0.000000" />
  <attribute name="Loop Time for DT" value="0.000000" />
  <attribute name="Output H" value="0"/>
  <attribute name="Output I" value="0"/>
  <attribute name="Output T" value="0"/>
  <attribute name="GC Util currently" value="0" />
  <attribute name="CPU Util currently" value="0" />
  <attribute name="maxHeapSize" value="0x7cbc0000" />
  <attribute name="initialHeapSize" value="0x800000" />
  <attribute name="compressedRefs" value="true" />
  <attribute name="compressedRefsDisplacement" value="0x0" />
  <attribute name="compressedRefsShift" value="0x0" />
  <attribute name="pageSize" value="0x1000" />
  <attribute name="pageType" value="not used" />
  <attribute name="requestedPageSize" value="0x1000" />
  <attribute name="requestedPageType" value="not used" />
  <attribute name="gcthreads" value="4" />
  <attribute name="gcthreads Concurrent Mark" value="1" />
  <attribute name="packetListSplit" value="4" />
  <attribute name="cacheListSplit" value="4" />
  <attribute name="splitFreeListSplitAmount" value="1" />
  <attribute name="numaNodes" value="0" />
  <system>
    <attribute name="physicalMemory" value="8370962432" />
    <attribute name="numCPUs" value="4" />
    <attribute name="architecture" value="amd64" />
    <attribute name="os" value="Linux" />
    <attribute name="osVersion" value="4.4.0-148-generic" />
  </system>
  <vmargs>
    <vmarg name="-Xoptionsfile=/vagrant/jdk/lib/options.default" />
    <vmarg name="-Xlockword:mode=default,noLockword=java/lang/String,noLockword=java/util/MapEntry,noLockword=java/util/HashMap$Entry,noLockword..." />
    <vmarg name="-Xjcl:jclse29" />
    <vmarg name="-Dcom.ibm.oti.vm.bootstrap.library.path=/vagrant/jdk/lib/compressedrefs:/vagrant/jdk/lib" />
    <vmarg name="-Dsun.boot.library.path=/vagrant/jdk/lib/compressedrefs:/vagrant/jdk/lib" />
    <vmarg name="-Djava.library.path=/vagrant/jdk/lib/compressedrefs:/vagrant/jdk/lib:/usr/lib64:/usr/lib" />
    <vmarg name="-Djava.home=/vagrant/jdk" />
    <vmarg name="-Duser.dir=/vagrant" />
    <vmarg name="-verbose:gc" />
    <vmarg name="-Xgcelastic" />
    <vmarg name="-Xcheck:gc:::elasticGC" />
    <vmarg name="-Xloggc:default-jdk-1.5-1-0.5-verbose10avrora.txt" />
    <vmarg name="-Djava.class.path=dacapo-9.12-MR1-bach.jar" />
    <vmarg name="-Dsun.java.command=dacapo-9.12-MR1-bach.jar avrora --size=default" />
    <vmarg name="-Dsun.java.launcher=SUN_STANDARD" />
    <vmarg name="-Dsun.java.launcher.pid=9329" />
  </vmargs>
</initialized>

<exclusive-start id="2" timestamp="2019-06-15T19:13:01.696" intervalms="184.516">
  <response-info timems="0.020" idlems="0.020" threads="0" lastid="00000000007FC700" lastname="main" />
</exclusive-start>
<af-start id="3" threadId="00000000007FD088" totalBytesRequested="7176" timestamp="2019-06-15T19:13:01.696" intervalms="184.784" type="nursery" />
<cycle-start id="4" type="scavenge" contextid="0" timestamp="2019-06-15T19:13:01.697" intervalms="185.191" />
<gc-start id="5" type="scavenge" contextid="4" timestamp="2019-06-15T19:13:01.702">
  <mem-info id="6" free="6062624" total="8388608" percent="72">
    <mem type="nursery" free="0" total="2097152" percent="0">
      <mem type="allocate" free="0" total="1048576" percent="0" />
      <mem type="survivor" free="0" total="1048576" percent="0" />
    </mem>
    <mem type="tenure" free="6062624" total="6291456" percent="96">
      <mem type="soa" free="5748256" total="5977088" percent="96" />
      <mem type="loa" free="314368" total="314368" percent="100" />
    </mem>
    <remembered-set count="3161" />
  </mem-info>
</gc-start>
<allocation-stats totalBytes="1275488" >
  <allocated-bytes non-tlh="344784" tlh="930704" />
  <largest-consumer threadName="main" threadId="00000000007FC700" bytes="1198968" />
</allocation-stats>
<gc-op id="7" type="scavenge" timems="2.493" contextid="4" timestamp="2019-06-15T19:13:01.705">
  <scavenger-info tenureage="2" tenuremask="fffc" tiltratio="50" />
  <memory-copied type="nursery" objects="10578" bytes="479600" bytesdiscarded="160984" />
  <finalization candidates="11" enqueued="0" />
  <references type="soft" candidates="62" cleared="0" enqueued="0" dynamicThreshold="32" maxThreshold="32" />
  <references type="weak" candidates="309" cleared="177" enqueued="141" />
  <references type="phantom" candidates="25" cleared="6" enqueued="6" />
</gc-op>
<gc-end id="8" type="scavenge" contextid="4" durationms="6.081" usertimems="0.000" systemtimems="8.000" timestamp="2019-06-15T19:13:01.708" activeThreads="4">
  <mem-info id="9" free="6468520" total="8388608" percent="77">
    <mem type="nursery" free="405896" total="2097152" percent="19">
      <mem type="allocate" free="405896" total="1048576" percent="38" />
      <mem type="survivor" free="0" total="1048576" percent="0" />
    </mem>
    <mem type="tenure" free="6062624" total="6291456" percent="96">
      <mem type="soa" free="5748256" total="5977088" percent="96" />
      <mem type="loa" free="314368" total="314368" percent="100" />
    </mem>
    <pending-finalizers system="0" default="0" reference="147" classloader="0" />
    <remembered-set count="3161" />
  </mem-info>
</gc-end>
<cycle-end id="10" type="scavenge" contextid="4" timestamp="2019-06-15T19:13:01.708" />
  <attribute name="elasticGC enabled" value="1" />
  <attribute name= "numThreadsSpecified" value="0" />
  <attribute name="heapSize specified" value="0" />
  <attribute name="Current GC Util" value="0" />
  <attribute name= "Current Time Running" value="73" />
  <attribute name ="GC Interval" value="1" />
  <attribute name="ProportionalT" value="0.000000" />
  <attribute name="ProportionalI" value="0.000000" />
  <attribute name="ProportionalH" value="0.000000" />
  <attribute name="Current Error" value="0.000000" />
  <attribute name="IntegralT" value="0.000000" />
  <attribute name="IntegralI" value="0.000000" />
  <attribute name="IntegralH" value="0.000000" />
  <attribute name="DerivativeT" value="0.000000" />
  <attribute name="DerivativeI" value="0.000000" />
  <attribute name="DerivativeH" value="0.000000" />
  <attribute name="Loop Time for DT" value="0.000000" />
  <attribute name="Output H" value="0"/>
  <attribute name="Output I" value="0"/>
  <attribute name="Output T" value="0"/>
  <attribute name="Target GC Util Change" value ="20.000000" />
  <attribute name="Current GC Util Change" value="0.000000"/>
  <attribute name="GC Util currently" value="0" />
  <attribute name="CPU Util currently" value="20" />
<allocation-satisfied id="11" threadId="00000000007FC700" bytesRequested="7176" />
<af-end id="12" timestamp="2019-06-15T19:13:01.708" threadId="00000000007FD088" success="true" from="nursery"/>
<exclusive-end id="13" timestamp="2019-06-15T19:13:01.708" durationms="12.181" />

<exclusive-start id="14" timestamp="2019-06-15T19:13:01.730" intervalms="34.269">
  <response-info timems="0.030" idlems="0.030" threads="0" lastid="00000000007FC700" lastname="main" />
</exclusive-start>
<af-start id="15" threadId="00000000007FD088" totalBytesRequested="32" timestamp="2019-06-15T19:13:01.730" intervalms="34.069" type="nursery" />
<cycle-start id="16" type="scavenge" contextid="0" timestamp="2019-06-15T19:13:01.731" intervalms="33.720" />
<gc-start id="17" type="scavenge" contextid="16" timestamp="2019-06-15T19:13:01.734">
  <mem-info id="18" free="6054888" total="8388608" percent="72">
    <mem type="nursery" free="0" total="2097152" percent="0">
      <mem type="allocate" free="0" total="1048576" percent="0" />
      <mem type="survivor" free="0" total="1048576" percent="0" />
    </mem>
    <mem type="tenure" free="6054888" total="6291456" percent="96">
      <mem type="soa" free="5740520" total="5977088" percent="96" />
      <mem type="loa" free="314368" total="314368" percent="100" />
    </mem>
    <remembered-set count="3262" />
  </mem-info>
</gc-start>
<allocation-stats totalBytes="412512" >
  <allocated-bytes non-tlh="14912" tlh="397600" />
  <largest-consumer threadName="main" threadId="00000000007FC700" bytes="400536" />
</allocation-stats>
<gc-op id="19" type="scavenge" timems="0.999" contextid="16" timestamp="2019-06-15T19:13:01.735">
  <scavenger-info tenureage="5" tenuremask="7fe0" tiltratio="50" />
  <memory-copied type="nursery" objects="10896" bytes="484448" bytesdiscarded="103280" />
  <finalization candidates="11" enqueued="0" />
  <references type="soft" candidates="62" cleared="0" enqueued="0" dynamicThreshold="32" maxThreshold="32" />
  <references type="weak" candidates="237" cleared="93" enqueued="90" />
  <references type="phantom" candidates="35" cleared="11" enqueued="11" />
</gc-op>
<gc-end id="20" type="scavenge" contextid="16" durationms="1.154" usertimems="0.000" systemtimems="0.000" timestamp="2019-06-15T19:13:01.735" activeThreads="4">
  <mem-info id="21" free="6514280" total="8388608" percent="77">
    <mem type="nursery" free="459392" total="2097152" percent="21">
      <mem type="allocate" free="459392" total="1048576" percent="43" />
      <mem type="survivor" free="0" total="1048576" percent="0" />
    </mem>
    <mem type="tenure" free="6054888" total="6291456" percent="96">
      <mem type="soa" free="5740520" total="5977088" percent="96" />
      <mem type="loa" free="314368" total="314368" percent="100" />
    </mem>
    <pending-finalizers system="0" default="0" reference="101" classloader="0" />
    <remembered-set count="3262" />
  </mem-info>
</gc-end>
<cycle-end id="22" type="scavenge" contextid="16" timestamp="2019-06-15T19:13:01.736" />
  <attribute name="elasticGC enabled" value="1" />
  <attribute name= "numThreadsSpecified" value="4" />
  <attribute name="heapSize specified" value="0" />
  <attribute name="Current GC Util" value="35" />
  <attribute name= "Current Time Running" value="105" />
  <attribute name ="GC Interval" value="504" />
  <attribute name="ProportionalT" value="22.500000" />
  <attribute name="ProportionalI" value="22.500000" />
  <attribute name="ProportionalH" value="22.500000" />
  <attribute name="Current Error" value="15.000000" />
  <attribute name="IntegralT" value="480.000000" />
  <attribute name="IntegralI" value="480.000000" />
  <attribute name="IntegralH" value="480.000000" />
  <attribute name="DerivativeT" value="0.234375" />
  <attribute name="DerivativeI" value="0.234375" />
  <attribute name="DerivativeH" value="0.234375" />
  <attribute name="Loop Time for DT" value="32.000000" />
  <attribute name="Output H" value="8388608"/>
  <attribute name="Output I" value="504"/>
  <attribute name="Output T" value="4"/>
  <attribute name="Target GC Util Change" value ="20.000000" />
  <attribute name="Current GC Util Change" value="35.000000"/>
  <attribute name="GC Util currently" value="35" />
  <attribute name="CPU Util currently" value="14" />
<allocation-satisfied id="23" threadId="00000000007FC700" bytesRequested="32" />
<af-end id="24" timestamp="2019-06-15T19:13:01.736" threadId="00000000007FD088" success="true" from="nursery"/>
<exclusive-end id="25" timestamp="2019-06-15T19:13:01.736" durationms="5.468" />

<exclusive-start id="26" timestamp="2019-06-15T19:13:01.928" intervalms="197.629">
  <response-info timems="0.030" idlems="0.030" threads="0" lastid="00000000007FC700" lastname="main" />
</exclusive-start>
<af-start id="27" threadId="00000000007FD088" totalBytesRequested="16" timestamp="2019-06-15T19:13:01.928" intervalms="197.638" type="nursery" />
<cycle-start id="28" type="scavenge" contextid="0" timestamp="2019-06-15T19:13:01.928" intervalms="197.632" />
<gc-start id="29" type="scavenge" contextid="28" timestamp="2019-06-15T19:13:01.928">
  <mem-info id="30" free="6054888" total="8388608" percent="72">
    <mem type="nursery" free="0" total="2097152" percent="0">
      <mem type="allocate" free="0" total="1048576" percent="0" />
      <mem type="survivor" free="0" total="1048576" percent="0" />
    </mem>
    <mem type="tenure" free="6054888" total="6291456" percent="96">
      <mem type="soa" free="5740520" total="5977088" percent="96" />
      <mem type="loa" free="314368" total="314368" percent="100" />
    </mem>
    <remembered-set count="3262" />
  </mem-info>
</gc-start>
<allocation-stats totalBytes="459200" >
  <allocated-bytes non-tlh="32" tlh="459168" />
  <largest-consumer threadName="main" threadId="00000000007FC700" bytes="451008" />
</allocation-stats>
<gc-op id="31" type="scavenge" timems="0.845" contextid="28" timestamp="2019-06-15T19:13:01.929">
  <scavenger-info tenureage="4" tenuremask="7ff0" tiltratio="50" />
  <memory-copied type="nursery" objects="10890" bytes="485192" bytesdiscarded="76704" />
  <finalization candidates="11" enqueued="0" />
  <references type="soft" candidates="62" cleared="0" enqueued="0" dynamicThreshold="32" maxThreshold="32" />
  <references type="weak" candidates="144" cleared="0" enqueued="0" />
  <references type="phantom" candidates="24" cleared="0" enqueued="0" />
</gc-op>
<gc-end id="32" type="scavenge" contextid="28" durationms="0.994" usertimems="0.000" systemtimems="0.000" timestamp="2019-06-15T19:13:01.929" activeThreads="4">
  <mem-info id="33" free="6540120" total="8388608" percent="77">
    <mem type="nursery" free="485232" total="2097152" percent="23">
      <mem type="allocate" free="485232" total="1048576" percent="46" />
      <mem type="survivor" free="0" total="1048576" percent="0" />
    </mem>
    <mem type="tenure" free="6054888" total="6291456" percent="96">
      <mem type="soa" free="5740520" total="5977088" percent="96" />
      <mem type="loa" free="314368" total="314368" percent="100" />
    </mem>
    <remembered-set count="992" />
  </mem-info>
</gc-end>
<cycle-end id="34" type="scavenge" contextid="28" timestamp="2019-06-15T19:13:01.929" />
  <attribute name="elasticGC enabled" value="1" />
  <attribute name= "numThreadsSpecified" value="4" />
  <attribute name="heapSize specified" value="0" />
  <attribute name="Current GC Util" value="2" />
  <attribute name= "Current Time Running" value="299" />
  <attribute name ="GC Interval" value="200" />
  <attribute name="ProportionalT" value="-27.000000" />
  <attribute name="ProportionalI" value="-27.000000" />
  <attribute name="ProportionalH" value="-27.000000" />
  <attribute name="Current Error" value="-18.000000" />
  <attribute name="IntegralT" value="-3012.000000" />
  <attribute name="IntegralI" value="-3012.000000" />
  <attribute name="IntegralH" value="-3012.000000" />
  <attribute name="DerivativeT" value="-0.085052" />
  <attribute name="DerivativeI" value="-0.085052" />
  <attribute name="DerivativeH" value="-0.085052" />
  <attribute name="Loop Time for DT" value="194.000000" />
  <attribute name="Output H" value="2092630016"/>
  <attribute name="Output I" value="200"/>
  <attribute name="Output T" value="4"/>
  <attribute name="Target GC Util Change" value ="20.000000" />
  <attribute name="Current GC Util Change" value="2.000000"/>
  <attribute name="GC Util currently" value="2" />
  <attribute name="CPU Util currently" value="2" />
<allocation-satisfied id="35" threadId="00000000007FC700" bytesRequested="16" />
<af-end id="36" timestamp="2019-06-15T19:13:01.929" threadId="00000000007FD088" success="true" from="nursery"/>
<exclusive-end id="37" timestamp="2019-06-15T19:13:01.929" durationms="1.368" />

<exclusive-start id="38" timestamp="2019-06-15T19:13:01.986" intervalms="57.889">
  <response-info timems="0.056" idlems="0.056" threads="0" lastid="00000000007FC700" lastname="main" />
</exclusive-start>
<af-start id="39" threadId="00000000007FD088" totalBytesRequested="8200" timestamp="2019-06-15T19:13:01.986" intervalms="57.919" type="nursery" />
<cycle-start id="40" type="scavenge" contextid="0" timestamp="2019-06-15T19:13:01.986" intervalms="57.949" />
<gc-start id="41" type="scavenge" contextid="40" timestamp="2019-06-15T19:13:01.986">
  <mem-info id="42" free="6052200" total="8388608" percent="72">
    <mem type="nursery" free="0" total="2097152" percent="0">
      <mem type="allocate" free="0" total="1048576" percent="0" />
      <mem type="survivor" free="0" total="1048576" percent="0" />
    </mem>
    <mem type="tenure" free="6052200" total="6291456" percent="96">
      <mem type="soa" free="5737832" total="5977088" percent="95" />
      <mem type="loa" free="314368" total="314368" percent="100" />
    </mem>
    <remembered-set count="1025" />
  </mem-info>
</gc-start>
<allocation-stats totalBytes="469648" >
  <allocated-bytes non-tlh="2704" tlh="466944" />
  <largest-consumer threadName="main" threadId="00000000007FC700" bytes="469648" />
</allocation-stats>
<gc-op id="43" type="scavenge" timems="0.974" contextid="40" timestamp="2019-06-15T19:13:01.987">
  <scavenger-info tenureage="3" tenuremask="fff8" tiltratio="50" />
  <memory-copied type="nursery" objects="602" bytes="36824" bytesdiscarded="41504" />
  <memory-copied type="tenure" objects="10291" bytes="460056" bytesdiscarded="264" />
  <finalization candidates="11" enqueued="0" />
  <references type="weak" candidates="92" cleared="76" enqueued="76" />
  <references type="phantom" candidates="18" cleared="10" enqueued="10" />
</gc-op>
<gc-end id="44" type="scavenge" contextid="40" durationms="1.203" usertimems="0.000" systemtimems="4.000" timestamp="2019-06-15T19:13:01.987" activeThreads="4">
  <mem-info id="45" free="6464976" total="8388608" percent="77">
    <mem type="nursery" free="970240" total="2097152" percent="46">
      <mem type="allocate" free="970240" total="1048576" percent="92" />
      <mem type="survivor" free="0" total="1048576" percent="0" />
    </mem>
    <mem type="tenure" free="5494736" total="6291456" percent="87">
      <mem type="soa" free="5180368" total="5977088" percent="86" />
      <mem type="loa" free="314368" total="314368" percent="100" />
    </mem>
    <pending-finalizers system="0" default="0" reference="86" classloader="0" />
    <remembered-set count="133" />
  </mem-info>
</gc-end>
<cycle-end id="46" type="scavenge" contextid="40" timestamp="2019-06-15T19:13:01.987" />
  <attribute name="elasticGC enabled" value="1" />
  <attribute name= "numThreadsSpecified" value="4" />
  <attribute name="heapSize specified" value="0" />
  <attribute name="Current GC Util" value="2" />
  <attribute name= "Current Time Running" value="357" />
  <attribute name ="GC Interval" value="200" />
  <attribute name="ProportionalT" value="-27.000000" />
  <attribute name="ProportionalI" value="-27.000000" />
  <attribute name="ProportionalH" value="-27.000000" />
  <attribute name="Current Error" value="-18.000000" />
  <attribute name="IntegralT" value="-4056.000000" />
  <attribute name="IntegralI" value="-4056.000000" />
  <attribute name="IntegralH" value="-4056.000000" />
  <attribute name="DerivativeT" value="-0.155172" />
  <attribute name="DerivativeI" value="-0.155172" />
  <attribute name="DerivativeH" value="-0.155172" />
  <attribute name="Loop Time for DT" value="58.000000" />
  <attribute name="Output H" value="2092630016"/>
  <attribute name="Output I" value="200"/>
  <attribute name="Output T" value="4"/>
  <attribute name="Target GC Util Change" value ="20.000000" />
  <attribute name="Current GC Util Change" value="2.000000"/>
  <attribute name="GC Util currently" value="2" />
  <attribute name="CPU Util currently" value="4" />
<allocation-satisfied id="47" threadId="00000000007FC700" bytesRequested="8200" />
<af-end id="48" timestamp="2019-06-15T19:13:01.988" threadId="00000000007FD088" success="true" from="nursery"/>
<exclusive-end id="49" timestamp="2019-06-15T19:13:01.988" durationms="1.767" />

<exclusive-start id="50" timestamp="2019-06-15T19:13:02.106" intervalms="119.929">
  <response-info timems="0.023" idlems="0.023" threads="0" lastid="00000000007FC700" lastname="main" />
</exclusive-start>
<af-start id="51" threadId="00000000007FD088" totalBytesRequested="2056" timestamp="2019-06-15T19:13:02.106" intervalms="119.891" type="nursery" />
<cycle-start id="52" type="scavenge" contextid="0" timestamp="2019-06-15T19:13:02.106" intervalms="119.860" />
<gc-start id="53" type="scavenge" contextid="52" timestamp="2019-06-15T19:13:02.106">
  <mem-info id="54" free="5490152" total="8388608" percent="65">
    <mem type="nursery" free="0" total="2097152" percent="0">
      <mem type="allocate" free="0" total="1048576" percent="0" />
      <mem type="survivor" free="0" total="1048576" percent="0" />
    </mem>
    <mem type="tenure" free="5490152" total="6291456" percent="87">
      <mem type="soa" free="5175784" total="5977088" percent="86" />
      <mem type="loa" free="314368" total="314368" percent="100" />
    </mem>
    <remembered-set count="217" />
  </mem-info>
</gc-start>
<allocation-stats totalBytes="970024" >
  <allocated-bytes non-tlh="12784" tlh="957240" />
  <largest-consumer threadName="main" threadId="00000000007FC700" bytes="970024" />
</allocation-stats>
<gc-op id="55" type="scavenge" timems="0.418" contextid="52" timestamp="2019-06-15T19:13:02.107">
  <scavenger-info tenureage="4" tenuremask="fff0" tiltratio="50" />
  <memory-copied type="nursery" objects="744" bytes="110640" bytesdiscarded="55960" />
  <finalization candidates="3" enqueued="1" />
  <references type="soft" candidates="1" cleared="0" enqueued="0" dynamicThreshold="32" maxThreshold="32" />
  <references type="weak" candidates="66" cleared="50" enqueued="50" />
  <references type="phantom" candidates="21" cleared="10" enqueued="10" />
</gc-op>
<gc-end id="56" type="scavenge" contextid="52" durationms="0.565" usertimems="0.000" systemtimems="0.000" timestamp="2019-06-15T19:13:02.107" activeThreads="4">
  <mem-info id="57" free="6372040" total="8388608" percent="75">
    <mem type="nursery" free="881888" total="2097152" percent="42">
      <mem type="allocate" free="881888" total="1048576" percent="84" />
      <mem type="survivor" free="0" total="1048576" percent="0" />
    </mem>
    <mem type="tenure" free="5490152" total="6291456" percent="87">
      <mem type="soa" free="5175784" total="5977088" percent="86" />
      <mem type="loa" free="314368" total="314368" percent="100" />
    </mem>
    <pending-finalizers system="1" default="0" reference="60" classloader="0" />
    <remembered-set count="216" />
  </mem-info>
</gc-end>
<cycle-end id="58" type="scavenge" contextid="52" timestamp="2019-06-15T19:13:02.107" />
  <attribute name="elasticGC enabled" value="1" />
  <attribute name= "numThreadsSpecified" value="4" />
  <attribute name="heapSize specified" value="0" />
  <attribute name="Current GC Util" value="1" />
  <attribute name= "Current Time Running" value="477" />
  <attribute name ="GC Interval" value="200" />
  <attribute name="ProportionalT" value="-28.500000" />
  <attribute name="ProportionalI" value="-28.500000" />
  <attribute name="ProportionalH" value="-28.500000" />
  <attribute name="Current Error" value="-19.000000" />
  <attribute name="IntegralT" value="-6336.000000" />
  <attribute name="IntegralI" value="-6336.000000" />
  <attribute name="IntegralH" value="-6336.000000" />
  <attribute name="DerivativeT" value="-0.079167" />
  <attribute name="DerivativeI" value="-0.079167" />
  <attribute name="DerivativeH" value="-0.079167" />
  <attribute name="Loop Time for DT" value="120.000000" />
  <attribute name="Output H" value="2092630016"/>
  <attribute name="Output I" value="200"/>
  <attribute name="Output T" value="4"/>
  <attribute name="Target GC Util Change" value ="20.000000" />
  <attribute name="Current GC Util Change" value="1.000000"/>
  <attribute name="GC Util currently" value="1" />
  <attribute name="CPU Util currently" value="6" />
<allocation-satisfied id="59" threadId="00000000007FC700" bytesRequested="2056" />
<af-end id="60" timestamp="2019-06-15T19:13:02.107" threadId="00000000007FD088" success="true" from="nursery"/>
<exclusive-end id="61" timestamp="2019-06-15T19:13:02.107" durationms="0.951" />

<exclusive-start id="62" timestamp="2019-06-15T19:13:02.164" intervalms="58.072">
  <response-info timems="0.030" idlems="0.030" threads="0" lastid="00000000007FC700" lastname="main" />
</exclusive-start>
<af-start id="63" threadId="00000000007FD088" totalBytesRequested="2056" timestamp="2019-06-15T19:13:02.164" intervalms="58.064" type="nursery" />
<cycle-start id="64" type="scavenge" contextid="0" timestamp="2019-06-15T19:13:02.164" intervalms="58.063" />
<gc-start id="65" type="scavenge" contextid="64" timestamp="2019-06-15T19:13:02.164">
  <mem-info id="66" free="5490152" total="8388608" percent="65">
    <mem type="nursery" free="0" total="2097152" percent="0">
      <mem type="allocate" free="0" total="1048576" percent="0" />
      <mem type="survivor" free="0" total="1048576" percent="0" />
    </mem>
    <mem type="tenure" free="5490152" total="6291456" percent="87">
      <mem type="soa" free="5175784" total="5977088" percent="86" />
      <mem type="loa" free="314368" total="314368" percent="100" />
    </mem>
    <remembered-set count="216" />
  </mem-info>
</gc-start>
<allocation-stats totalBytes="868208" >
  <allocated-bytes non-tlh="2056" tlh="866152" />
  <largest-consumer threadName="main" threadId="00000000007FC700" bytes="868208" />
</allocation-stats>
<gc-op id="67" type="scavenge" timems="0.299" contextid="64" timestamp="2019-06-15T19:13:02.164">
  <scavenger-info tenureage="3" tenuremask="fff8" tiltratio="50" />
  <memory-copied type="nursery" objects="298" bytes="79560" bytesdiscarded="54256" />
  <memory-copied type="tenure" objects="302" bytes="16080" bytesdiscarded="0" />
  <finalization candidates="2" enqueued="0" />
  <references type="soft" candidates="1" cleared="0" enqueued="0" dynamicThreshold="32" maxThreshold="32" />
  <references type="weak" candidates="2" cleared="0" enqueued="0" />
  <references type="phantom" candidates="5" cleared="0" enqueued="0" />
</gc-op>
<gc-end id="68" type="scavenge" contextid="64" durationms="0.491" usertimems="0.000" systemtimems="0.000" timestamp="2019-06-15T19:13:02.165" activeThreads="4">
  <mem-info id="69" free="6496736" total="8388608" percent="77">
    <mem type="nursery" free="1045752" total="2097152" percent="49">
      <mem type="allocate" free="1045752" total="1179648" percent="88" />
      <mem type="survivor" free="0" total="917504" percent="0" />
    </mem>
    <mem type="tenure" free="5450984" total="6291456" percent="86">
      <mem type="soa" free="5136616" total="5977088" percent="85" />
      <mem type="loa" free="314368" total="314368" percent="100" />
    </mem>
    <remembered-set count="157" />
  </mem-info>
</gc-end>
<cycle-end id="70" type="scavenge" contextid="64" timestamp="2019-06-15T19:13:02.165" />
  <attribute name="elasticGC enabled" value="1" />
  <attribute name= "numThreadsSpecified" value="4" />
  <attribute name="heapSize specified" value="0" />
  <attribute name="Current GC Util" value="1" />
  <attribute name= "Current Time Running" value="535" />
  <attribute name ="GC Interval" value="200" />
  <attribute name="ProportionalT" value="-28.500000" />
  <attribute name="ProportionalI" value="-28.500000" />
  <attribute name="ProportionalH" value="-28.500000" />
  <attribute name="Current Error" value="-19.000000" />
  <attribute name="IntegralT" value="-7438.000000" />
  <attribute name="IntegralI" value="-7438.000000" />
  <attribute name="IntegralH" value="-7438.000000" />
  <attribute name="DerivativeT" value="-0.163793" />
  <attribute name="DerivativeI" value="-0.163793" />
  <attribute name="DerivativeH" value="-0.163793" />
  <attribute name="Loop Time for DT" value="58.000000" />
  <attribute name="Output H" value="2092630016"/>
  <attribute name="Output I" value="200"/>
  <attribute name="Output T" value="4"/>
  <attribute name="Target GC Util Change" value ="20.000000" />
  <attribute name="Current GC Util Change" value="1.000000"/>
  <attribute name="GC Util currently" value="1" />
  <attribute name="CPU Util currently" value="12" />
<allocation-satisfied id="71" threadId="00000000007FC700" bytesRequested="2056" />
<af-end id="72" timestamp="2019-06-15T19:13:02.165" threadId="00000000007FD088" success="true" from="nursery"/>
<exclusive-end id="73" timestamp="2019-06-15T19:13:02.165" durationms="0.843" />

<exclusive-start id="74" timestamp="2019-06-15T19:13:02.234" intervalms="69.765">
  <response-info timems="0.029" idlems="0.029" threads="0" lastid="00000000007FC700" lastname="main" />
</exclusive-start>
<af-start id="75" threadId="00000000007FD088" totalBytesRequested="2056" timestamp="2019-06-15T19:13:02.234" intervalms="69.764" type="nursery" />
<cycle-start id="76" type="scavenge" contextid="0" timestamp="2019-06-15T19:13:02.234" intervalms="69.763" />
<gc-start id="77" type="scavenge" contextid="76" timestamp="2019-06-15T19:13:02.234">
  <mem-info id="78" free="5450984" total="8388608" percent="64">
    <mem type="nursery" free="0" total="2097152" percent="0">
      <mem type="allocate" free="0" total="1179648" percent="0" />
      <mem type="survivor" free="0" total="917504" percent="0" />
    </mem>
    <mem type="tenure" free="5450984" total="6291456" percent="86">
      <mem type="soa" free="5136616" total="5977088" percent="85" />
      <mem type="loa" free="314368" total="314368" percent="100" />
    </mem>
    <remembered-set count="157" />
  </mem-info>
</gc-start>
<allocation-stats totalBytes="1039704" >
  <allocated-bytes non-tlh="2056" tlh="1037648" />
  <largest-consumer threadName="main" threadId="00000000007FC700" bytes="1039704" />
</allocation-stats>
<gc-op id="79" type="scavenge" timems="0.255" contextid="76" timestamp="2019-06-15T19:13:02.234">
  <scavenger-info tenureage="5" tenuremask="ffe0" tiltratio="56" />
  <memory-copied type="nursery" objects="298" bytes="79576" bytesdiscarded="23272" />
  <finalization candidates="2" enqueued="0" />
  <references type="soft" candidates="1" cleared="0" enqueued="0" dynamicThreshold="32" maxThreshold="32" />
  <references type="weak" candidates="2" cleared="0" enqueued="0" />
  <references type="phantom" candidates="5" cleared="0" enqueued="0" />
</gc-op>
<gc-end id="80" type="scavenge" contextid="76" durationms="0.402" usertimems="0.000" systemtimems="0.000" timestamp="2019-06-15T19:13:02.234" activeThreads="4">
  <mem-info id="81" free="6658776" total="8388608" percent="79">
    <mem type="nursery" free="1207792" total="2097152" percent="57">
      <mem type="allocate" free="1207792" total="1310720" percent="92" />
      <mem type="survivor" free="0" total="786432" percent="0" />
    </mem>
    <mem type="tenure" free="5450984" total="6291456" percent="86">
      <mem type="soa" free="5136616" total="5977088" percent="85" />
      <mem type="loa" free="314368" total="314368" percent="100" />
    </mem>
    <remembered-set count="86" />
  </mem-info>
</gc-end>
<cycle-end id="82" type="scavenge" contextid="76" timestamp="2019-06-15T19:13:02.234" />
  <attribute name="elasticGC enabled" value="1" />
  <attribute name= "numThreadsSpecified" value="4" />
  <attribute name="heapSize specified" value="0" />
  <attribute name="Current GC Util" value="0" />
  <attribute name= "Current Time Running" value="605" />
  <attribute name ="GC Interval" value="200" />
  <attribute name="ProportionalT" value="-30.000000" />
  <attribute name="ProportionalI" value="-30.000000" />
  <attribute name="ProportionalH" value="-30.000000" />
  <attribute name="Current Error" value="-20.000000" />
  <attribute name="IntegralT" value="-1400.000000" />
  <attribute name="IntegralI" value="-1400.000000" />
  <attribute name="IntegralH" value="-1400.000000" />
  <attribute name="DerivativeT" value="-0.142857" />
  <attribute name="DerivativeI" value="-0.142857" />
  <attribute name="DerivativeH" value="-0.142857" />
  <attribute name="Loop Time for DT" value="70.000000" />
  <attribute name="Output H" value="2092630016"/>
  <attribute name="Output I" value="200"/>
  <attribute name="Output T" value="4"/>
  <attribute name="Target GC Util Change" value ="20.000000" />
  <attribute name="Current GC Util Change" value="0.000000"/>
  <attribute name="GC Util currently" value="0" />
  <attribute name="CPU Util currently" value="66106907427" />
<allocation-satisfied id="83" threadId="00000000007FC700" bytesRequested="2056" />
<af-end id="84" timestamp="2019-06-15T19:13:02.234" threadId="00000000007FD088" success="true" from="nursery"/>
<exclusive-end id="85" timestamp="2019-06-15T19:13:02.234" durationms="0.753" />

<exclusive-start id="86" timestamp="2019-06-15T19:13:02.310" intervalms="76.517">
  <response-info timems="0.032" idlems="0.032" threads="0" lastid="00000000007FC700" lastname="main" />
</exclusive-start>
<sys-start reason="explicit" id="87" timestamp="2019-06-15T19:13:02.310" intervalms="798.661" />
<cycle-start id="88" type="global" contextid="0" timestamp="2019-06-15T19:13:02.310" intervalms="798.809" />
<gc-start id="89" type="global" contextid="88" timestamp="2019-06-15T19:13:02.310">
  <mem-info id="90" free="5460536" total="8388608" percent="65">
    <mem type="nursery" free="16552" total="2097152" percent="0">
      <mem type="allocate" free="16552" total="1310720" percent="1" />
      <mem type="survivor" free="0" total="786432" percent="0" />
    </mem>
    <mem type="tenure" free="5443984" total="6291456" percent="86">
      <mem type="soa" free="5129616" total="5977088" percent="85" />
      <mem type="loa" free="314368" total="314368" percent="100" />
    </mem>
    <remembered-set count="164" />
  </mem-info>
</gc-start>
<allocation-stats totalBytes="1189976" >
  <allocated-bytes non-tlh="174240" tlh="1015736" />
  <largest-consumer threadName="main" threadId="00000000007FC700" bytes="1189976" />
</allocation-stats>
<gc-op id="91" type="mark" timems="1.303" contextid="88" timestamp="2019-06-15T19:13:02.312">
  <trace-info objectcount="16928" scancount="13945" scanbytes="446088" />
  <finalization candidates="13" enqueued="0" />
  <references type="soft" candidates="66" cleared="0" enqueued="0" dynamicThreshold="32" maxThreshold="32" />
  <references type="weak" candidates="172" cleared="43" enqueued="35" />
  <references type="phantom" candidates="34" cleared="4" enqueued="4" />
  <stringconstants candidates="2456" cleared="0"  />
</gc-op>
<gc-op id="92" type="classunload" timems="0.034" contextid="88" timestamp="2019-06-15T19:13:02.312">
  <classunload-info classloadercandidates="6" classloadersunloaded="0" classesunloaded="0" anonymousclassesunloaded="0" quiescems="0.000" setupms="0.034" scanms="0.000" postms="0.000" />
</gc-op>
<gc-op id="93" type="sweep" timems="0.367" contextid="88" timestamp="2019-06-15T19:13:02.312" />
<mem-info id="94" free="6597896" total="8388608" percent="78">
  <mem type="nursery" free="1035128" total="2097152" percent="49">
    <mem type="allocate" free="1035128" total="1310720" percent="78" />
    <mem type="survivor" free="0" total="786432" percent="0" />
  </mem>
  <mem type="tenure" free="5562768" total="6291456" percent="88" micro-fragmented="2051" macro-fragmented="0">
    <mem type="soa" free="5248400" total="5977088" percent="87" />
    <mem type="loa" free="314368" total="314368" percent="100" />
  </mem>
  <pending-finalizers system="0" default="0" reference="39" classloader="0" />
  <remembered-set count="163" />
</mem-info>
<gc-op id="95" type="compact" timems="3.428" contextid="88" timestamp="2019-06-15T19:13:02.316">
  <compact-info movecount="12608" movebytes="803224" reason="compact to aid heap contraction" />
</gc-op>
<gc-end id="96" type="global" contextid="88" durationms="5.912" usertimems="0.000" systemtimems="8.000" timestamp="2019-06-15T19:13:02.316" activeThreads="4">
  <mem-info id="97" free="6617528" total="8388608" percent="78">
    <mem type="nursery" free="1052488" total="2097152" percent="50">
      <mem type="allocate" free="1052488" total="1310720" percent="80" />
      <mem type="survivor" free="0" total="786432" percent="0" />
    </mem>
    <mem type="tenure" free="5565040" total="6291456" percent="88">
      <mem type="soa" free="5250672" total="5977088" percent="87" />
      <mem type="loa" free="314368" total="314368" percent="100" />
    </mem>
    <pending-finalizers system="0" default="0" reference="39" classloader="0" />
    <remembered-set count="163" />
  </mem-info>
</gc-end>
<cycle-end id="98" type="global" contextid="88" timestamp="2019-06-15T19:13:02.316" />
  <attribute name="elasticGC enabled" value="1" />
  <attribute name= "numThreadsSpecified" value="4" />
  <attribute name="heapSize specified" value="8388608" />
  <attribute name="Current GC Util" value="27" />
  <attribute name= "Current Time Running" value="687" />
  <attribute name ="GC Interval" value="200" />
  <attribute name="ProportionalT" value="10.500000" />
  <attribute name="ProportionalI" value="10.500000" />
  <attribute name="ProportionalH" value="10.500000" />
  <attribute name="Current Error" value="7.000000" />
  <attribute name="IntegralT" value="28.000000" />
  <attribute name="IntegralI" value="28.000000" />
  <attribute name="IntegralH" value="28.000000" />
  <attribute name="DerivativeT" value="0.875000" />
  <attribute name="DerivativeI" value="0.875000" />
  <attribute name="DerivativeH" value="0.875000" />
  <attribute name="Loop Time for DT" value="4.000000" />
  <attribute name="Output H" value="8388608"/>
  <attribute name="Output I" value="200"/>
  <attribute name="Output T" value="4"/>
  <attribute name="Target GC Util Change" value ="20.000000" />
  <attribute name="Current GC Util Change" value="27.000000"/>
  <attribute name="GC Util currently" value="27" />
  <attribute name="CPU Util currently" value="1327135970429" />
<sys-end id="99" timestamp="2019-06-15T19:13:02.317" />
<exclusive-end id="100" timestamp="2019-06-15T19:13:02.317" durationms="6.418" />

<exclusive-start id="101" timestamp="2019-06-15T19:13:02.356" intervalms="45.945">
  <response-info timems="0.032" idlems="0.032" threads="0" lastid="00000000007FC700" lastname="main" />
</exclusive-start>
<af-start id="102" threadId="00000000007FD088" totalBytesRequested="112" timestamp="2019-06-15T19:13:02.356" intervalms="122.474" type="nursery" />
<cycle-start id="103" type="scavenge" contextid="0" timestamp="2019-06-15T19:13:02.356" intervalms="122.482" />
<gc-start id="104" type="scavenge" contextid="103" timestamp="2019-06-15T19:13:02.356">
  <mem-info id="105" free="5502320" total="8388608" percent="65">
    <mem type="nursery" free="0" total="2097152" percent="0">
      <mem type="allocate" free="0" total="1310720" percent="0" />
      <mem type="survivor" free="0" total="786432" percent="0" />
    </mem>
    <mem type="tenure" free="5502320" total="6291456" percent="87">
      <mem type="soa" free="5187952" total="5977088" percent="86" />
      <mem type="loa" free="314368" total="314368" percent="100" />
    </mem>
    <remembered-set count="569" />
  </mem-info>
</gc-start>
<allocation-stats totalBytes="1113936" >
  <allocated-bytes non-tlh="62720" tlh="1051216" />
  <largest-consumer threadName="main" threadId="00000000007FC700" bytes="1109840" />
</allocation-stats>
<gc-op id="106" type="scavenge" timems="0.437" contextid="103" timestamp="2019-06-15T19:13:02.357">
  <scavenger-info tenureage="3" tenuremask="fff8" tiltratio="62" />
  <memory-copied type="nursery" objects="2272" bytes="290184" bytesdiscarded="70768" />
  <memory-copied type="tenure" objects="231" bytes="57800" bytesdiscarded="0" />
  <finalization candidates="2" enqueued="0" />
  <references type="soft" candidates="3" cleared="0" enqueued="0" dynamicThreshold="28" maxThreshold="32" />
  <references type="weak" candidates="32" cleared="31" enqueued="31" />
  <references type="phantom" candidates="6" cleared="0" enqueued="0" />
</gc-op>
<gc-end id="107" type="scavenge" contextid="103" durationms="0.607" usertimems="0.000" systemtimems="0.000" timestamp="2019-06-15T19:13:02.357" activeThreads="4">
  <mem-info id="108" free="6422816" total="8388608" percent="76">
    <mem type="nursery" free="1015232" total="2097152" percent="48">
      <mem type="allocate" free="1015232" total="1376256" percent="73" />
      <mem type="survivor" free="0" total="720896" percent="0" />
    </mem>
    <mem type="tenure" free="5407584" total="6291456" percent="85">
      <mem type="soa" free="5093216" total="5977088" percent="85" />
      <mem type="loa" free="314368" total="314368" percent="100" />
    </mem>
    <pending-finalizers system="0" default="0" reference="31" classloader="0" />
    <remembered-set count="549" />
  </mem-info>
</gc-end>
<cycle-end id="109" type="scavenge" contextid="103" timestamp="2019-06-15T19:13:02.357" />
  <attribute name="elasticGC enabled" value="1" />
  <attribute name= "numThreadsSpecified" value="4" />
  <attribute name="heapSize specified" value="8388608" />
  <attribute name="Current GC Util" value="11" />
  <attribute name= "Current Time Running" value="727" />
  <attribute name ="GC Interval" value="200" />
  <attribute name="ProportionalT" value="-13.500000" />
  <attribute name="ProportionalI" value="-13.500000" />
  <attribute name="ProportionalH" value="-13.500000" />
  <attribute name="Current Error" value="-9.000000" />
  <attribute name="IntegralT" value="-360.000000" />
  <attribute name="IntegralI" value="-360.000000" />
  <attribute name="IntegralH" value="-360.000000" />
  <attribute name="DerivativeT" value="-0.200000" />
  <attribute name="DerivativeI" value="-0.200000" />
  <attribute name="DerivativeH" value="-0.200000" />
  <attribute name="Loop Time for DT" value="40.000000" />
  <attribute name="Output H" value="2092630016"/>
  <attribute name="Output I" value="200"/>
  <attribute name="Output T" value="4"/>
  <attribute name="Target GC Util Change" value ="20.000000" />
  <attribute name="Current GC Util Change" value="11.000000"/>
  <attribute name="GC Util currently" value="11" />
  <attribute name="CPU Util currently" value="114298097047" />
<allocation-satisfied id="110" threadId="00000000007FC700" bytesRequested="112" />
<af-end id="111" timestamp="2019-06-15T19:13:02.357" threadId="00000000007FD088" success="true" from="nursery"/>
<exclusive-end id="112" timestamp="2019-06-15T19:13:02.357" durationms="0.997" />

<exclusive-start id="113" timestamp="2019-06-15T19:13:02.402" intervalms="45.808">
  <response-info timems="0.030" idlems="0.030" threads="0" lastid="00000000007FC700" lastname="main" />
</exclusive-start>
<af-start id="114" threadId="00000000007FD088" totalBytesRequested="224" timestamp="2019-06-15T19:13:02.402" intervalms="45.806" type="nursery" />
<cycle-start id="115" type="scavenge" contextid="0" timestamp="2019-06-15T19:13:02.402" intervalms="45.801" />
<gc-start id="116" type="scavenge" contextid="115" timestamp="2019-06-15T19:13:02.402">
  <mem-info id="117" free="5374096" total="8388608" percent="64">
    <mem type="nursery" free="0" total="2097152" percent="0">
      <mem type="allocate" free="0" total="1376256" percent="0" />
      <mem type="survivor" free="0" total="720896" percent="0" />
    </mem>
    <mem type="tenure" free="5374096" total="6291456" percent="85">
      <mem type="soa" free="5059728" total="5977088" percent="84" />
      <mem type="loa" free="314368" total="314368" percent="100" />
    </mem>
    <remembered-set count="955" />
  </mem-info>
</gc-start>
<allocation-stats totalBytes="1046488" >
  <allocated-bytes non-tlh="33600" tlh="1012888" />
  <largest-consumer threadName="main" threadId="00000000007FC700" bytes="1046488" />
</allocation-stats>
<gc-op id="118" type="scavenge" timems="0.395" contextid="115" timestamp="2019-06-15T19:13:02.403">
  <scavenger-info tenureage="3" tenuremask="ffc8" tiltratio="65" />
  <memory-copied type="nursery" objects="2445" bytes="350344" bytesdiscarded="39048" />
  <references type="soft" candidates="3" cleared="0" enqueued="0" dynamicThreshold="28" maxThreshold="32" />
  <references type="weak" candidates="3" cleared="2" enqueued="2" />
  <references type="phantom" candidates="7" cleared="0" enqueued="0" />
</gc-op>
<gc-end id="119" type="scavenge" contextid="115" durationms="0.570" usertimems="0.000" systemtimems="4.000" timestamp="2019-06-15T19:13:02.403" activeThreads="4">
  <mem-info id="120" free="6557480" total="8388608" percent="78">
    <mem type="nursery" free="1183384" total="2097152" percent="56">
      <mem type="allocate" free="1183384" total="1572864" percent="75" />
      <mem type="survivor" free="0" total="524288" percent="0" />
    </mem>
    <mem type="tenure" free="5374096" total="6291456" percent="85">
      <mem type="soa" free="5059728" total="5977088" percent="84" />
      <mem type="loa" free="314368" total="314368" percent="100" />
    </mem>
    <pending-finalizers system="0" default="0" reference="2" classloader="0" />
    <remembered-set count="953" />
  </mem-info>
</gc-end>
<cycle-end id="121" type="scavenge" contextid="115" timestamp="2019-06-15T19:13:02.403" />
  <attribute name="elasticGC enabled" value="1" />
  <attribute name= "numThreadsSpecified" value="4" />
  <attribute name="heapSize specified" value="8388608" />
  <attribute name="Current GC Util" value="1" />
  <attribute name= "Current Time Running" value="773" />
  <attribute name ="GC Interval" value="200" />
  <attribute name="ProportionalT" value="-28.500000" />
  <attribute name="ProportionalI" value="-28.500000" />
  <attribute name="ProportionalH" value="-28.500000" />
  <attribute name="Current Error" value="-19.000000" />
  <attribute name="IntegralT" value="-874.000000" />
  <attribute name="IntegralI" value="-874.000000" />
  <attribute name="IntegralH" value="-874.000000" />
  <attribute name="DerivativeT" value="-0.206522" />
  <attribute name="DerivativeI" value="-0.206522" />
  <attribute name="DerivativeH" value="-0.206522" />
  <attribute name="Loop Time for DT" value="46.000000" />
  <attribute name="Output H" value="2092630016"/>
  <attribute name="Output I" value="200"/>
  <attribute name="Output T" value="4"/>
  <attribute name="Target GC Util Change" value ="20.000000" />
  <attribute name="Current GC Util Change" value="1.000000"/>
  <attribute name="GC Util currently" value="1" />
  <attribute name="CPU Util currently" value="0" />
<allocation-satisfied id="122" threadId="00000000007FC700" bytesRequested="224" />
<af-end id="123" timestamp="2019-06-15T19:13:02.403" threadId="00000000007FD088" success="true" from="nursery"/>
<exclusive-end id="124" timestamp="2019-06-15T19:13:02.403" durationms="0.943" />

<exclusive-start id="125" timestamp="2019-06-15T19:13:02.692" intervalms="290.316">
  <response-info timems="0.018" idlems="0.018" threads="0" lastid="00000000007FC700" lastname="main" />
</exclusive-start>
<af-start id="126" threadId="00000000007FD088" totalBytesRequested="16" timestamp="2019-06-15T19:13:02.692" intervalms="290.372" type="nursery" />
<cycle-start id="127" type="scavenge" contextid="0" timestamp="2019-06-15T19:13:02.692" intervalms="290.381" />
<gc-start id="128" type="scavenge" contextid="127" timestamp="2019-06-15T19:13:02.693">
  <mem-info id="129" free="5354408" total="8388608" percent="63">
    <mem type="nursery" free="0" total="2097152" percent="0">
      <mem type="allocate" free="0" total="1572864" percent="0" />
      <mem type="survivor" free="0" total="524288" percent="0" />
    </mem>
    <mem type="tenure" free="5354408" total="6291456" percent="85">
      <mem type="soa" free="5040040" total="5977088" percent="84" />
      <mem type="loa" free="314368" total="314368" percent="100" />
    </mem>
    <remembered-set count="1225" />
  </mem-info>
</gc-start>
<allocation-stats totalBytes="1201752" >
  <allocated-bytes non-tlh="19912" tlh="1181840" />
  <largest-consumer threadName="main" threadId="00000000007FC700" bytes="1201752" />
</allocation-stats>
<gc-op id="130" type="scavenge" timems="1.065" contextid="127" timestamp="2019-06-15T19:13:02.694">
  <scavenger-info tenureage="3" tenuremask="fff8" tiltratio="75" />
  <memory-copied type="nursery" objects="7589" bytes="523480" bytesdiscarded="712" />
  <memory-copied type="tenure" objects="6022" bytes="134024" bytesdiscarded="0" />
  <copy-failed type="nursery" objects="6022" bytes="134024" />
  <references type="soft" candidates="3" cleared="0" enqueued="0" dynamicThreshold="28" maxThreshold="32" />
  <references type="weak" candidates="8" cleared="7" enqueued="7" />
  <references type="phantom" candidates="8" cleared="2" enqueued="2" />
</gc-op>
<gc-end id="131" type="scavenge" contextid="127" durationms="1.244" usertimems="0.000" systemtimems="4.000" timestamp="2019-06-15T19:13:02.694" activeThreads="4">
  <mem-info id="132" free="5546152" total="8388608" percent="66">
    <mem type="nursery" free="524288" total="2097152" percent="25">
      <mem type="allocate" free="524288" total="1048576" percent="50" />
      <mem type="survivor" free="0" total="1048576" percent="0" />
    </mem>
    <mem type="tenure" free="5021864" total="6291456" percent="79">
      <mem type="soa" free="4707496" total="5977088" percent="78" />
      <mem type="loa" free="314368" total="314368" percent="100" />
    </mem>
    <pending-finalizers system="0" default="0" reference="9" classloader="0" />
    <remembered-set count="6897" />
  </mem-info>
</gc-end>
<cycle-end id="133" type="scavenge" contextid="127" timestamp="2019-06-15T19:13:02.694" />
  <attribute name="elasticGC enabled" value="1" />
  <attribute name= "numThreadsSpecified" value="4" />
  <attribute name="heapSize specified" value="8388608" />
  <attribute name="Current GC Util" value="0" />
  <attribute name= "Current Time Running" value="1063" />
  <attribute name ="GC Interval" value="200" />
  <attribute name="ProportionalT" value="-30.000000" />
  <attribute name="ProportionalI" value="-30.000000" />
  <attribute name="ProportionalH" value="-30.000000" />
  <attribute name="Current Error" value="-20.000000" />
  <attribute name="IntegralT" value="-5800.000000" />
  <attribute name="IntegralI" value="-5800.000000" />
  <attribute name="IntegralH" value="-5800.000000" />
  <attribute name="DerivativeT" value="-0.034483" />
  <attribute name="DerivativeI" value="-0.034483" />
  <attribute name="DerivativeH" value="-0.034483" />
  <attribute name="Loop Time for DT" value="290.000000" />
  <attribute name="Output H" value="2092630016"/>
  <attribute name="Output I" value="200"/>
  <attribute name="Output T" value="4"/>
  <attribute name="Target GC Util Change" value ="20.000000" />
  <attribute name="Current GC Util Change" value="0.000000"/>
  <attribute name="GC Util currently" value="0" />
  <attribute name="CPU Util currently" value="6" />
<allocation-satisfied id="134" threadId="00000000007FC700" bytesRequested="16" />
<af-end id="135" timestamp="2019-06-15T19:13:02.694" threadId="00000000007FD088" success="true" from="nursery"/>
<exclusive-end id="136" timestamp="2019-06-15T19:13:02.694" durationms="1.669" />

<exclusive-start id="137" timestamp="2019-06-15T19:13:02.706" intervalms="13.551">
  <response-info timems="0.036" idlems="0.036" threads="0" lastid="00000000007FC700" lastname="main" />
</exclusive-start>
<af-start id="138" threadId="00000000007FD088" totalBytesRequested="47328" timestamp="2019-06-15T19:13:02.706" intervalms="13.481" type="nursery" />
<cycle-start id="139" type="scavenge" contextid="0" timestamp="2019-06-15T19:13:02.706" intervalms="13.465" />
<gc-start id="140" type="scavenge" contextid="139" timestamp="2019-06-15T19:13:02.706">
  <mem-info id="141" free="5003656" total="8388608" percent="59">
    <mem type="nursery" free="0" total="2097152" percent="0">
      <mem type="allocate" free="0" total="1048576" percent="0" />
      <mem type="survivor" free="0" total="1048576" percent="0" />
    </mem>
    <mem type="tenure" free="5003656" total="6291456" percent="79">
      <mem type="soa" free="4689288" total="5977088" percent="78" />
      <mem type="loa" free="314368" total="314368" percent="100" />
    </mem>
    <remembered-set count="7265" />
  </mem-info>
</gc-start>
<allocation-stats totalBytes="527920" >
  <allocated-bytes non-tlh="18224" tlh="509696" />
  <largest-consumer threadName="main" threadId="00000000007FC700" bytes="527920" />
</allocation-stats>
<gc-op id="142" type="scavenge" timems="0.850" contextid="139" timestamp="2019-06-15T19:13:02.707">
  <scavenger-info tenureage="3" tenuremask="fff8" tiltratio="50" />
  <memory-copied type="nursery" objects="6437" bytes="342072" bytesdiscarded="115536" />
  <memory-copied type="tenure" objects="2121" bytes="285016" bytesdiscarded="608" />
  <references type="weak" candidates="1" cleared="0" enqueued="0" />
  <references type="phantom" candidates="1" cleared="0" enqueued="0" />
</gc-op>
<gc-end id="143" type="scavenge" contextid="139" durationms="1.006" usertimems="0.000" systemtimems="0.000" timestamp="2019-06-15T19:13:02.707" activeThreads="4">
  <mem-info id="144" free="5382072" total="8388608" percent="64">
    <mem type="nursery" free="656464" total="2097152" percent="31">
      <mem type="allocate" free="656464" total="1114112" percent="58" />
      <mem type="survivor" free="0" total="983040" percent="0" />
    </mem>
    <mem type="tenure" free="4725608" total="6291456" percent="75">
      <mem type="soa" free="4411240" total="5977088" percent="73" />
      <mem type="loa" free="314368" total="314368" percent="100" />
    </mem>
    <remembered-set count="6826" />
  </mem-info>
</gc-end>
<cycle-end id="145" type="scavenge" contextid="139" timestamp="2019-06-15T19:13:02.707" />
  <attribute name="elasticGC enabled" value="1" />
  <attribute name= "numThreadsSpecified" value="4" />
  <attribute name="heapSize specified" value="8388608" />
  <attribute name="Current GC Util" value="15" />
  <attribute name= "Current Time Running" value="1077" />
  <attribute name ="GC Interval" value="200" />
  <attribute name="ProportionalT" value="-7.500000" />
  <attribute name="ProportionalI" value="-7.500000" />
  <attribute name="ProportionalH" value="-7.500000" />
  <attribute name="Current Error" value="-5.000000" />
  <attribute name="IntegralT" value="-70.000000" />
  <attribute name="IntegralI" value="-70.000000" />
  <attribute name="IntegralH" value="-70.000000" />
  <attribute name="DerivativeT" value="-0.178571" />
  <attribute name="DerivativeI" value="-0.178571" />
  <attribute name="DerivativeH" value="-0.178571" />
  <attribute name="Loop Time for DT" value="14.000000" />
  <attribute name="Output H" value="2092630016"/>
  <attribute name="Output I" value="200"/>
  <attribute name="Output T" value="4"/>
  <attribute name="Target GC Util Change" value ="20.000000" />
  <attribute name="Current GC Util Change" value="15.000000"/>
  <attribute name="GC Util currently" value="15" />
  <attribute name="CPU Util currently" value="342987136278" />
<allocation-satisfied id="146" threadId="00000000007FC700" bytesRequested="47328" />
<af-end id="147" timestamp="2019-06-15T19:13:02.707" threadId="00000000007FD088" success="true" from="nursery"/>
<exclusive-end id="148" timestamp="2019-06-15T19:13:02.707" durationms="1.332" />

<exclusive-start id="149" timestamp="2019-06-15T19:13:02.805" intervalms="98.938">
  <response-info timems="0.037" idlems="0.037" threads="0" lastid="00000000007FC700" lastname="main" />
</exclusive-start>
<af-start id="150" threadId="00000000007FD088" totalBytesRequested="1032" timestamp="2019-06-15T19:13:02.805" intervalms="98.957" type="nursery" />
<cycle-start id="151" type="scavenge" contextid="0" timestamp="2019-06-15T19:13:02.805" intervalms="98.965" />
<gc-start id="152" type="scavenge" contextid="151" timestamp="2019-06-15T19:13:02.805">
  <mem-info id="153" free="4712096" total="8388608" percent="56">
    <mem type="nursery" free="0" total="2097152" percent="0">
      <mem type="allocate" free="0" total="1114112" percent="0" />
      <mem type="survivor" free="0" total="983040" percent="0" />
    </mem>
    <mem type="tenure" free="4712096" total="6291456" percent="74">
      <mem type="soa" free="4397728" total="5977088" percent="73" />
      <mem type="loa" free="314368" total="314368" percent="100" />
    </mem>
    <remembered-set count="6987" />
  </mem-info>
</gc-start>
<allocation-stats totalBytes="668304" >
  <allocated-bytes non-tlh="97744" tlh="570560" />
  <largest-consumer threadName="main" threadId="00000000007FC700" bytes="668304" />
</allocation-stats>
<gc-op id="154" type="scavenge" timems="0.718" contextid="151" timestamp="2019-06-15T19:13:02.806">
  <scavenger-info tenureage="3" tenuremask="fff8" tiltratio="53" />
  <memory-copied type="nursery" objects="6754" bytes="278296" bytesdiscarded="86512" />
  <memory-copied type="tenure" objects="162" bytes="51288" bytesdiscarded="0" />
  <references type="weak" candidates="3" cleared="2" enqueued="2" />
  <references type="phantom" candidates="1" cleared="0" enqueued="0" />
</gc-op>
<gc-end id="155" type="scavenge" contextid="151" durationms="0.893" usertimems="0.000" systemtimems="0.000" timestamp="2019-06-15T19:13:02.806" activeThreads="4">
  <mem-info id="156" free="5526888" total="8388608" percent="65">
    <mem type="nursery" free="814792" total="2097152" percent="38">
      <mem type="allocate" free="814792" total="1179648" percent="69" />
      <mem type="survivor" free="0" total="917504" percent="0" />
    </mem>
    <mem type="tenure" free="4712096" total="6291456" percent="74">
      <mem type="soa" free="4397728" total="5977088" percent="73" />
      <mem type="loa" free="314368" total="314368" percent="100" />
    </mem>
    <pending-finalizers system="0" default="0" reference="2" classloader="0" />
    <remembered-set count="6738" />
  </mem-info>
</gc-end>
<cycle-end id="157" type="scavenge" contextid="151" timestamp="2019-06-15T19:13:02.806" />
  <attribute name="elasticGC enabled" value="1" />
  <attribute name= "numThreadsSpecified" value="4" />
  <attribute name="heapSize specified" value="8388608" />
  <attribute name="Current GC Util" value="1" />
  <attribute name= "Current Time Running" value="1176" />
  <attribute name ="GC Interval" value="200" />
  <attribute name="ProportionalT" value="-28.500000" />
  <attribute name="ProportionalI" value="-28.500000" />
  <attribute name="ProportionalH" value="-28.500000" />
  <attribute name="Current Error" value="-19.000000" />
  <attribute name="IntegralT" value="-1881.000000" />
  <attribute name="IntegralI" value="-1881.000000" />
  <attribute name="IntegralH" value="-1881.000000" />
  <attribute name="DerivativeT" value="-0.095960" />
  <attribute name="DerivativeI" value="-0.095960" />
  <attribute name="DerivativeH" value="-0.095960" />
  <attribute name="Loop Time for DT" value="99.000000" />
  <attribute name="Output H" value="2092630016"/>
  <attribute name="Output I" value="200"/>
  <attribute name="Output T" value="4"/>
  <attribute name="Target GC Util Change" value ="20.000000" />
  <attribute name="Current GC Util Change" value="1.000000"/>
  <attribute name="GC Util currently" value="1" />
  <attribute name="CPU Util currently" value="3" />
<allocation-satisfied id="158" threadId="00000000007FC700" bytesRequested="1032" />
<af-end id="159" timestamp="2019-06-15T19:13:02.806" threadId="00000000007FD088" success="true" from="nursery"/>
<exclusive-end id="160" timestamp="2019-06-15T19:13:02.806" durationms="1.255" />

<exclusive-start id="161" timestamp="2019-06-15T19:13:02.826" intervalms="21.184">
  <response-info timems="0.057" idlems="0.057" threads="0" lastid="00000000007FC700" lastname="main" />
</exclusive-start>
<af-start id="162" threadId="00000000007FD088" totalBytesRequested="1088" timestamp="2019-06-15T19:13:02.826" intervalms="21.175" type="nursery" />
<cycle-start id="163" type="scavenge" contextid="0" timestamp="2019-06-15T19:13:02.826" intervalms="21.173" />
<gc-start id="164" type="scavenge" contextid="163" timestamp="2019-06-15T19:13:02.826">
  <mem-info id="165" free="4693336" total="8388608" percent="55">
    <mem type="nursery" free="0" total="2097152" percent="0">
      <mem type="allocate" free="0" total="1179648" percent="0" />
      <mem type="survivor" free="0" total="917504" percent="0" />
    </mem>
    <mem type="tenure" free="4693336" total="6291456" percent="74">
      <mem type="soa" free="4378968" total="5977088" percent="73" />
      <mem type="loa" free="314368" total="314368" percent="100" />
    </mem>
    <remembered-set count="6973" />
  </mem-info>
</gc-start>
<allocation-stats totalBytes="831232" >
  <allocated-bytes non-tlh="19792" tlh="811440" />
  <largest-consumer threadName="main" threadId="00000000007FC700" bytes="831232" />
</allocation-stats>
<gc-op id="166" type="scavenge" timems="0.737" contextid="163" timestamp="2019-06-15T19:13:02.827">
  <scavenger-info tenureage="3" tenuremask="fff8" tiltratio="56" />
  <memory-copied type="nursery" objects="3218" bytes="155928" bytesdiscarded="104200" />
  <memory-copied type="tenure" objects="5243" bytes="182424" bytesdiscarded="32" />
</gc-op>
<gc-end id="167" type="scavenge" contextid="163" durationms="0.897" usertimems="0.000" systemtimems="0.000" timestamp="2019-06-15T19:13:02.827" activeThreads="4">
  <mem-info id="168" free="5472440" total="8388608" percent="65">
    <mem type="nursery" free="1050560" total="2097152" percent="50">
      <mem type="allocate" free="1050560" total="1310720" percent="80" />
      <mem type="survivor" free="0" total="786432" percent="0" />
    </mem>
    <mem type="tenure" free="4421880" total="6291456" percent="70">
      <mem type="soa" free="4107512" total="5977088" percent="68" />
      <mem type="loa" free="314368" total="314368" percent="100" />
    </mem>
    <remembered-set count="484" />
  </mem-info>
</gc-end>
<cycle-end id="169" type="scavenge" contextid="163" timestamp="2019-06-15T19:13:02.827" />
  <attribute name="elasticGC enabled" value="1" />
  <attribute name= "numThreadsSpecified" value="4" />
  <attribute name="heapSize specified" value="8388608" />
  <attribute name="Current GC Util" value="6" />
  <attribute name= "Current Time Running" value="1197" />
  <attribute name ="GC Interval" value="200" />
  <attribute name="ProportionalT" value="-21.000000" />
  <attribute name="ProportionalI" value="-21.000000" />
  <attribute name="ProportionalH" value="-21.000000" />
  <attribute name="Current Error" value="-14.000000" />
  <attribute name="IntegralT" value="-294.000000" />
  <attribute name="IntegralI" value="-294.000000" />
  <attribute name="IntegralH" value="-294.000000" />
  <attribute name="DerivativeT" value="-0.333333" />
  <attribute name="DerivativeI" value="-0.333333" />
  <attribute name="DerivativeH" value="-0.333333" />
  <attribute name="Loop Time for DT" value="21.000000" />
  <attribute name="Output H" value="2092630016"/>
  <attribute name="Output I" value="200"/>
  <attribute name="Output T" value="4"/>
  <attribute name="Target GC Util Change" value ="20.000000" />
  <attribute name="Current GC Util Change" value="6.000000"/>
  <attribute name="GC Util currently" value="6" />
  <attribute name="CPU Util currently" value="217995898840" />
<allocation-satisfied id="170" threadId="00000000007FC700" bytesRequested="1088" />
<af-end id="171" timestamp="2019-06-15T19:13:02.827" threadId="00000000007FD088" success="true" from="nursery"/>
<exclusive-end id="172" timestamp="2019-06-15T19:13:02.827" durationms="1.247" />

<exclusive-start id="173" timestamp="2019-06-15T19:13:02.845" intervalms="19.155">
  <response-info timems="0.157" idlems="0.157" threads="0" lastid="0000000000AB6100" lastname="node-5" />
</exclusive-start>
<af-start id="174" threadId="0000000000AB6A88" totalBytesRequested="32" timestamp="2019-06-15T19:13:02.845" intervalms="19.249" type="nursery" />
<cycle-start id="175" type="scavenge" contextid="0" timestamp="2019-06-15T19:13:02.845" intervalms="19.344" />
<gc-start id="176" type="scavenge" contextid="175" timestamp="2019-06-15T19:13:02.846">
  <mem-info id="177" free="4416616" total="8388608" percent="52">
    <mem type="nursery" free="0" total="2097152" percent="0">
      <mem type="allocate" free="0" total="1310720" percent="0" />
      <mem type="survivor" free="0" total="786432" percent="0" />
    </mem>
    <mem type="tenure" free="4416616" total="6291456" percent="70">
      <mem type="soa" free="4102248" total="5977088" percent="68" />
      <mem type="loa" free="314368" total="314368" percent="100" />
    </mem>
    <remembered-set count="566" />
  </mem-info>
</gc-start>
<allocation-stats totalBytes="1055408" >
  <allocated-bytes non-tlh="6352" tlh="1049056" />
  <largest-consumer threadName="main" threadId="00000000007FC700" bytes="1046256" />
</allocation-stats>
<gc-op id="178" type="scavenge" timems="1.202" contextid="175" timestamp="2019-06-15T19:13:02.847">
  <scavenger-info tenureage="4" tenuremask="fff0" tiltratio="62" />
  <memory-copied type="nursery" objects="11913" bytes="716416" bytesdiscarded="69904" />
  <memory-copied type="tenure" objects="501" bytes="13576" bytesdiscarded="0" />
  <copy-failed type="nursery" objects="501" bytes="13576" />
</gc-op>
<gc-end id="179" type="scavenge" contextid="175" durationms="1.639" usertimems="0.000" systemtimems="4.000" timestamp="2019-06-15T19:13:02.847" activeThreads="4">
  <mem-info id="180" free="4547432" total="8388608" percent="54">
    <mem type="nursery" free="262144" total="2097152" percent="12">
      <mem type="allocate" free="262144" total="1048576" percent="25" />
      <mem type="survivor" free="0" total="1048576" percent="0" />
    </mem>
    <mem type="tenure" free="4285288" total="6291456" percent="68">
      <mem type="soa" free="3970920" total="5977088" percent="66" />
      <mem type="loa" free="314368" total="314368" percent="100" />
    </mem>
    <remembered-set count="489" />
  </mem-info>
</gc-end>
<cycle-end id="181" type="scavenge" contextid="175" timestamp="2019-06-15T19:13:02.847" />
  <attribute name="elasticGC enabled" value="1" />
  <attribute name= "numThreadsSpecified" value="4" />
  <attribute name="heapSize specified" value="8388608" />
  <attribute name="Current GC Util" value="7" />
  <attribute name= "Current Time Running" value="1217" />
  <attribute name ="GC Interval" value="200" />
  <attribute name="ProportionalT" value="-19.500000" />
  <attribute name="ProportionalI" value="-19.500000" />
  <attribute name="ProportionalH" value="-19.500000" />
  <attribute name="Current Error" value="-13.000000" />
  <attribute name="IntegralT" value="-260.000000" />
  <attribute name="IntegralI" value="-260.000000" />
  <attribute name="IntegralH" value="-260.000000" />
  <attribute name="DerivativeT" value="-0.325000" />
  <attribute name="DerivativeI" value="-0.325000" />
  <attribute name="DerivativeH" value="-0.325000" />
  <attribute name="Loop Time for DT" value="20.000000" />
  <attribute name="Output H" value="2092630016"/>
  <attribute name="Output I" value="200"/>
  <attribute name="Output T" value="4"/>
  <attribute name="Target GC Util Change" value ="20.000000" />
  <attribute name="Current GC Util Change" value="7.000000"/>
  <attribute name="GC Util currently" value="7" />
  <attribute name="CPU Util currently" value="235149349264" />
<allocation-satisfied id="182" threadId="0000000000AB6100" bytesRequested="32" />
<af-end id="183" timestamp="2019-06-15T19:13:02.848" threadId="0000000000AB6A88" success="true" from="nursery"/>
<exclusive-end id="184" timestamp="2019-06-15T19:13:02.848" durationms="2.529" />

<exclusive-start id="185" timestamp="2019-06-15T19:13:03.109" intervalms="263.475">
  <response-info timems="0.030" idlems="0.030" threads="0" lastid="0000000000AC5000" lastname="node-2" />
</exclusive-start>
<af-start id="186" threadId="0000000000AC5988" totalBytesRequested="24" timestamp="2019-06-15T19:13:03.109" intervalms="263.457" type="nursery" />
<cycle-start id="187" type="scavenge" contextid="0" timestamp="2019-06-15T19:13:03.109" intervalms="263.438" />
<gc-start id="188" type="scavenge" contextid="187" timestamp="2019-06-15T19:13:03.109">
  <mem-info id="189" free="4284216" total="8388608" percent="51">
    <mem type="nursery" free="0" total="2097152" percent="0">
      <mem type="allocate" free="0" total="1048576" percent="0" />
      <mem type="survivor" free="0" total="1048576" percent="0" />
    </mem>
    <mem type="tenure" free="4284216" total="6291456" percent="68">
      <mem type="soa" free="3969848" total="5977088" percent="66" />
      <mem type="loa" free="314368" total="314368" percent="100" />
    </mem>
    <remembered-set count="517" />
  </mem-info>
</gc-start>
<allocation-stats totalBytes="262608" >
  <allocated-bytes non-tlh="1104" tlh="261504" />
  <largest-consumer threadName="node-0" threadId="0000000000AB9D00" bytes="115264" />
</allocation-stats>
<gc-op id="190" type="scavenge" timems="0.920" contextid="187" timestamp="2019-06-15T19:13:03.110">
  <scavenger-info tenureage="3" tenuremask="fff8" tiltratio="50" />
  <memory-copied type="nursery" objects="13310" bytes="694896" bytesdiscarded="112320" />
  <memory-copied type="tenure" objects="1051" bytes="80672" bytesdiscarded="0" />
  <references type="weak" candidates="2" cleared="2" enqueued="2" />
</gc-op>
<gc-end id="191" type="scavenge" contextid="187" durationms="1.311" usertimems="4.000" systemtimems="0.000" timestamp="2019-06-15T19:13:03.110" activeThreads="4">
  <mem-info id="192" free="4486312" total="8388608" percent="53">
    <mem type="nursery" free="241264" total="2097152" percent="11">
      <mem type="allocate" free="241264" total="1048576" percent="23" />
      <mem type="survivor" free="0" total="1048576" percent="0" />
    </mem>
    <mem type="tenure" free="4245048" total="6291456" percent="67">
      <mem type="soa" free="3930680" total="5977088" percent="65" />
      <mem type="loa" free="314368" total="314368" percent="100" />
    </mem>
    <pending-finalizers system="0" default="0" reference="2" classloader="0" />
    <remembered-set count="209" />
  </mem-info>
</gc-end>
<cycle-end id="193" type="scavenge" contextid="187" timestamp="2019-06-15T19:13:03.110" />
  <attribute name="elasticGC enabled" value="1" />
  <attribute name= "numThreadsSpecified" value="4" />
  <attribute name="heapSize specified" value="8388608" />
  <attribute name="Current GC Util" value="0" />
  <attribute name= "Current Time Running" value="1480" />
  <attribute name ="GC Interval" value="200" />
  <attribute name="ProportionalT" value="-30.000000" />
  <attribute name="ProportionalI" value="-30.000000" />
  <attribute name="ProportionalH" value="-30.000000" />
  <attribute name="Current Error" value="-20.000000" />
  <attribute name="IntegralT" value="-5260.000000" />
  <attribute name="IntegralI" value="-5260.000000" />
  <attribute name="IntegralH" value="-5260.000000" />
  <attribute name="DerivativeT" value="-0.038023" />
  <attribute name="DerivativeI" value="-0.038023" />
  <attribute name="DerivativeH" value="-0.038023" />
  <attribute name="Loop Time for DT" value="263.000000" />
  <attribute name="Output H" value="2092630016"/>
  <attribute name="Output I" value="200"/>
  <attribute name="Output T" value="4"/>
  <attribute name="Target GC Util Change" value ="20.000000" />
  <attribute name="Current GC Util Change" value="0.000000"/>
  <attribute name="GC Util currently" value="0" />
  <attribute name="CPU Util currently" value="27" />
<allocation-satisfied id="194" threadId="0000000000AC5000" bytesRequested="24" />
<af-end id="195" timestamp="2019-06-15T19:13:03.111" threadId="0000000000AC5988" success="true" from="nursery"/>
<exclusive-end id="196" timestamp="2019-06-15T19:13:03.111" durationms="2.049" />

<exclusive-start id="197" timestamp="2019-06-15T19:13:03.247" intervalms="138.480">
  <response-info timems="0.033" idlems="0.033" threads="0" lastid="0000000000AC5000" lastname="node-2" />
</exclusive-start>
<af-start id="198" threadId="0000000000AC5988" totalBytesRequested="720" timestamp="2019-06-15T19:13:03.247" intervalms="138.427" type="nursery" />
<cycle-start id="199" type="scavenge" contextid="0" timestamp="2019-06-15T19:13:03.247" intervalms="138.366" />
<gc-start id="200" type="scavenge" contextid="199" timestamp="2019-06-15T19:13:03.247">
  <mem-info id="201" free="4245048" total="8388608" percent="50">
    <mem type="nursery" free="0" total="2097152" percent="0">
      <mem type="allocate" free="0" total="1048576" percent="0" />
      <mem type="survivor" free="0" total="1048576" percent="0" />
    </mem>
    <mem type="tenure" free="4245048" total="6291456" percent="67">
      <mem type="soa" free="3930680" total="5977088" percent="65" />
      <mem type="loa" free="314368" total="314368" percent="100" />
    </mem>
    <remembered-set count="209" />
  </mem-info>
</gc-start>
<allocation-stats totalBytes="240760" >
  <allocated-bytes non-tlh="24" tlh="240736" />
  <largest-consumer threadName="node-0" threadId="0000000000AB9D00" bytes="61440" />
</allocation-stats>
<gc-op id="202" type="scavenge" timems="1.015" contextid="199" timestamp="2019-06-15T19:13:03.248">
  <scavenger-info tenureage="2" tenuremask="fffc" tiltratio="50" />
  <memory-copied type="nursery" objects="4253" bytes="104264" bytesdiscarded="43960" />
  <memory-copied type="tenure" objects="10849" bytes="635160" bytesdiscarded="56" />
</gc-op>
<gc-end id="203" type="scavenge" contextid="199" durationms="1.214" usertimems="4.000" systemtimems="0.000" timestamp="2019-06-15T19:13:03.248" activeThreads="4">
  <mem-info id="204" free="4601032" total="8388608" percent="54">
    <mem type="nursery" free="900352" total="2097152" percent="42">
      <mem type="allocate" free="900352" total="1048576" percent="85" />
      <mem type="survivor" free="0" total="1048576" percent="0" />
    </mem>
    <mem type="tenure" free="3700680" total="6291456" percent="58">
      <mem type="soa" free="3386312" total="5977088" percent="56" />
      <mem type="loa" free="314368" total="314368" percent="100" />
    </mem>
    <remembered-set count="180" />
  </mem-info>
</gc-end>
<cycle-end id="205" type="scavenge" contextid="199" timestamp="2019-06-15T19:13:03.249" />
  <attribute name="elasticGC enabled" value="1" />
  <attribute name= "numThreadsSpecified" value="4" />
  <attribute name="heapSize specified" value="8388608" />
  <attribute name="Current GC Util" value="1" />
  <attribute name= "Current Time Running" value="1618" />
  <attribute name ="GC Interval" value="200" />
  <attribute name="ProportionalT" value="-28.500000" />
  <attribute name="ProportionalI" value="-28.500000" />
  <attribute name="ProportionalH" value="-28.500000" />
  <attribute name="Current Error" value="-19.000000" />
  <attribute name="IntegralT" value="-2622.000000" />
  <attribute name="IntegralI" value="-2622.000000" />
  <attribute name="IntegralH" value="-2622.000000" />
  <attribute name="DerivativeT" value="-0.068841" />
  <attribute name="DerivativeI" value="-0.068841" />
  <attribute name="DerivativeH" value="-0.068841" />
  <attribute name="Loop Time for DT" value="138.000000" />
  <attribute name="Output H" value="2092630016"/>
  <attribute name="Output I" value="200"/>
  <attribute name="Output T" value="4"/>
  <attribute name="Target GC Util Change" value ="20.000000" />
  <attribute name="Current GC Util Change" value="1.000000"/>
  <attribute name="GC Util currently" value="1" />
  <attribute name="CPU Util currently" value="30" />
<allocation-satisfied id="206" threadId="0000000000AC5000" bytesRequested="720" />
<af-end id="207" timestamp="2019-06-15T19:13:03.249" threadId="0000000000AC5988" success="true" from="nursery"/>
<exclusive-end id="208" timestamp="2019-06-15T19:13:03.249" durationms="1.666" />

<exclusive-start id="209" timestamp="2019-06-15T19:13:03.750" intervalms="503.210">
  <response-info timems="0.027" idlems="0.027" threads="0" lastid="0000000000AC1500" lastname="node-3" />
</exclusive-start>
<af-start id="210" threadId="0000000000AC1E88" totalBytesRequested="24" timestamp="2019-06-15T19:13:03.750" intervalms="503.206" type="nursery" />
<cycle-start id="211" type="scavenge" contextid="0" timestamp="2019-06-15T19:13:03.750" intervalms="503.201" />
<gc-start id="212" type="scavenge" contextid="211" timestamp="2019-06-15T19:13:03.750">
  <mem-info id="213" free="3700680" total="8388608" percent="44">
    <mem type="nursery" free="0" total="2097152" percent="0">
      <mem type="allocate" free="0" total="1048576" percent="0" />
      <mem type="survivor" free="0" total="1048576" percent="0" />
    </mem>
    <mem type="tenure" free="3700680" total="6291456" percent="58">
      <mem type="soa" free="3386312" total="5977088" percent="56" />
      <mem type="loa" free="314368" total="314368" percent="100" />
    </mem>
    <remembered-set count="189" />
  </mem-info>
</gc-start>
<allocation-stats totalBytes="899152" >
  <allocated-bytes non-tlh="720" tlh="898432" />
  <largest-consumer threadName="node-4" threadId="0000000000ABD900" bytes="179392" />
</allocation-stats>
<gc-op id="214" type="scavenge" timems="2.327" contextid="211" timestamp="2019-06-15T19:13:03.753">
  <scavenger-info tenureage="3" tenuremask="fff8" tiltratio="50" />
  <memory-copied type="nursery" objects="7899" bytes="190448" bytesdiscarded="97552" />
</gc-op>
<gc-end id="215" type="scavenge" contextid="211" durationms="2.713" usertimems="4.000" systemtimems="0.000" timestamp="2019-06-15T19:13:03.753" activeThreads="4">
  <mem-info id="216" free="4461256" total="8388608" percent="53">
    <mem type="nursery" free="760576" total="2097152" percent="36">
      <mem type="allocate" free="760576" total="1048576" percent="72" />
      <mem type="survivor" free="0" total="1048576" percent="0" />
    </mem>
    <mem type="tenure" free="3700680" total="6291456" percent="58">
      <mem type="soa" free="3386312" total="5977088" percent="56" />
      <mem type="loa" free="314368" total="314368" percent="100" />
    </mem>
    <remembered-set count="168" />
  </mem-info>
</gc-end>
<cycle-end id="217" type="scavenge" contextid="211" timestamp="2019-06-15T19:13:03.753" />
  <attribute name="elasticGC enabled" value="1" />
  <attribute name= "numThreadsSpecified" value="4" />
  <attribute name="heapSize specified" value="8388608" />
  <attribute name="Current GC Util" value="0" />
  <attribute name= "Current Time Running" value="2121" />
  <attribute name ="GC Interval" value="200" />
  <attribute name="ProportionalT" value="-30.000000" />
  <attribute name="ProportionalI" value="-30.000000" />
  <attribute name="ProportionalH" value="-30.000000" />
  <attribute name="Current Error" value="-20.000000" />
  <attribute name="IntegralT" value="-10060.000000" />
  <attribute name="IntegralI" value="-10060.000000" />
  <attribute name="IntegralH" value="-10060.000000" />
  <attribute name="DerivativeT" value="-0.019881" />
  <attribute name="DerivativeI" value="-0.019881" />
  <attribute name="DerivativeH" value="-0.019881" />
  <attribute name="Loop Time for DT" value="503.000000" />
  <attribute name="Output H" value="2092630016"/>
  <attribute name="Output I" value="200"/>
  <attribute name="Output T" value="4"/>
  <attribute name="Target GC Util Change" value ="20.000000" />
  <attribute name="Current GC Util Change" value="0.000000"/>
  <attribute name="GC Util currently" value="0" />
  <attribute name="CPU Util currently" value="9" />
<allocation-satisfied id="218" threadId="0000000000AC1500" bytesRequested="24" />
<af-end id="219" timestamp="2019-06-15T19:13:03.754" threadId="0000000000AC1E88" success="true" from="nursery"/>
<exclusive-end id="220" timestamp="2019-06-15T19:13:03.754" durationms="3.351" />

<exclusive-start id="221" timestamp="2019-06-15T19:13:04.200" intervalms="450.092">
  <response-info timems="0.040" idlems="0.040" threads="0" lastid="0000000000AC1500" lastname="node-3" />
</exclusive-start>
<af-start id="222" threadId="0000000000AC1E88" totalBytesRequested="720" timestamp="2019-06-15T19:13:04.200" intervalms="450.100" type="nursery" />
<cycle-start id="223" type="scavenge" contextid="0" timestamp="2019-06-15T19:13:04.201" intervalms="450.109" />
<gc-start id="224" type="scavenge" contextid="223" timestamp="2019-06-15T19:13:04.201">
  <mem-info id="225" free="3700680" total="8388608" percent="44">
    <mem type="nursery" free="0" total="2097152" percent="0">
      <mem type="allocate" free="0" total="1048576" percent="0" />
      <mem type="survivor" free="0" total="1048576" percent="0" />
    </mem>
    <mem type="tenure" free="3700680" total="6291456" percent="58">
      <mem type="soa" free="3386312" total="5977088" percent="56" />
      <mem type="loa" free="314368" total="314368" percent="100" />
    </mem>
    <remembered-set count="174" />
  </mem-info>
</gc-start>
<allocation-stats totalBytes="759592" >
  <allocated-bytes non-tlh="24" tlh="759568" />
  <largest-consumer threadName="node-2" threadId="0000000000AC5000" bytes="143328" />
</allocation-stats>
<gc-op id="226" type="scavenge" timems="0.752" contextid="223" timestamp="2019-06-15T19:13:04.201">
  <scavenger-info tenureage="3" tenuremask="fff8" tiltratio="50" />
  <memory-copied type="nursery" objects="8647" bytes="208808" bytesdiscarded="65368" />
  <memory-copied type="tenure" objects="2413" bytes="58296" bytesdiscarded="8" />
</gc-op>
<gc-end id="227" type="scavenge" contextid="223" durationms="0.946" usertimems="0.000" systemtimems="0.000" timestamp="2019-06-15T19:13:04.202" activeThreads="4">
  <mem-info id="228" free="4593352" total="8388608" percent="54">
    <mem type="nursery" free="971008" total="2097152" percent="46">
      <mem type="allocate" free="971008" total="1245184" percent="77" />
      <mem type="survivor" free="0" total="851968" percent="0" />
    </mem>
    <mem type="tenure" free="3622344" total="6291456" percent="57">
      <mem type="soa" free="3307976" total="5977088" percent="55" />
      <mem type="loa" free="314368" total="314368" percent="100" />
    </mem>
    <remembered-set count="162" />
  </mem-info>
</gc-end>
<cycle-end id="229" type="scavenge" contextid="223" timestamp="2019-06-15T19:13:04.202" />
  <attribute name="elasticGC enabled" value="1" />
  <attribute name= "numThreadsSpecified" value="4" />
  <attribute name="heapSize specified" value="8388608" />
  <attribute name="Current GC Util" value="0" />
  <attribute name= "Current Time Running" value="2571" />
  <attribute name ="GC Interval" value="200" />
  <attribute name="ProportionalT" value="-30.000000" />
  <attribute name="ProportionalI" value="-30.000000" />
  <attribute name="ProportionalH" value="-30.000000" />
  <attribute name="Current Error" value="-20.000000" />
  <attribute name="IntegralT" value="-9000.000000" />
  <attribute name="IntegralI" value="-9000.000000" />
  <attribute name="IntegralH" value="-9000.000000" />
  <attribute name="DerivativeT" value="-0.022222" />
  <attribute name="DerivativeI" value="-0.022222" />
  <attribute name="DerivativeH" value="-0.022222" />
  <attribute name="Loop Time for DT" value="450.000000" />
  <attribute name="Output H" value="2092630016"/>
  <attribute name="Output I" value="200"/>
  <attribute name="Output T" value="4"/>
  <attribute name="Target GC Util Change" value ="20.000000" />
  <attribute name="Current GC Util Change" value="0.000000"/>
  <attribute name="GC Util currently" value="0" />
  <attribute name="CPU Util currently" value="15" />
<allocation-satisfied id="230" threadId="0000000000AC1500" bytesRequested="720" />
<af-end id="231" timestamp="2019-06-15T19:13:04.202" threadId="0000000000AC1E88" success="true" from="nursery"/>
<exclusive-end id="232" timestamp="2019-06-15T19:13:04.202" durationms="1.454" />

<exclusive-start id="233" timestamp="2019-06-15T19:13:04.780" intervalms="579.810">
  <response-info timems="0.027" idlems="0.027" threads="0" lastid="0000000000AC5000" lastname="node-2" />
</exclusive-start>
<af-start id="234" threadId="0000000000AC5988" totalBytesRequested="32" timestamp="2019-06-15T19:13:04.780" intervalms="579.797" type="nursery" />
<cycle-start id="235" type="scavenge" contextid="0" timestamp="2019-06-15T19:13:04.780" intervalms="579.785" />
<gc-start id="236" type="scavenge" contextid="235" timestamp="2019-06-15T19:13:04.780">
  <mem-info id="237" free="3622344" total="8388608" percent="43">
    <mem type="nursery" free="0" total="2097152" percent="0">
      <mem type="allocate" free="0" total="1245184" percent="0" />
      <mem type="survivor" free="0" total="851968" percent="0" />
    </mem>
    <mem type="tenure" free="3622344" total="6291456" percent="57">
      <mem type="soa" free="3307976" total="5977088" percent="55" />
      <mem type="loa" free="314368" total="314368" percent="100" />
    </mem>
    <remembered-set count="181" />
  </mem-info>
</gc-start>
<allocation-stats totalBytes="969976" >
  <allocated-bytes non-tlh="720" tlh="969256" />
  <largest-consumer threadName="node-5" threadId="0000000000AB6100" bytes="184224" />
</allocation-stats>
<gc-op id="238" type="scavenge" timems="0.839" contextid="235" timestamp="2019-06-15T19:13:04.781">
  <scavenger-info tenureage="3" tenuremask="fff8" tiltratio="59" />
  <memory-copied type="nursery" objects="11230" bytes="269272" bytesdiscarded="44072" />
  <memory-copied type="tenure" objects="1793" bytes="43032" bytesdiscarded="16" />
</gc-op>
<gc-end id="239" type="scavenge" contextid="235" durationms="1.017" usertimems="0.000" systemtimems="0.000" timestamp="2019-06-15T19:13:04.781" activeThreads="4">
  <mem-info id="240" free="4580552" total="8388608" percent="54">
    <mem type="nursery" free="997376" total="2097152" percent="47">
      <mem type="allocate" free="997376" total="1310720" percent="76" />
      <mem type="survivor" free="0" total="786432" percent="0" />
    </mem>
    <mem type="tenure" free="3583176" total="6291456" percent="56">
      <mem type="soa" free="3268808" total="5977088" percent="54" />
      <mem type="loa" free="314368" total="314368" percent="100" />
    </mem>
    <remembered-set count="141" />
  </mem-info>
</gc-end>
<cycle-end id="241" type="scavenge" contextid="235" timestamp="2019-06-15T19:13:04.781" />
  <attribute name="elasticGC enabled" value="1" />
  <attribute name= "numThreadsSpecified" value="4" />
  <attribute name="heapSize specified" value="8388608" />
  <attribute name="Current GC Util" value="0" />
  <attribute name= "Current Time Running" value="3151" />
  <attribute name ="GC Interval" value="200" />
  <attribute name="ProportionalT" value="-30.000000" />
  <attribute name="ProportionalI" value="-30.000000" />
  <attribute name="ProportionalH" value="-30.000000" />
  <attribute name="Current Error" value="-20.000000" />
  <attribute name="IntegralT" value="-11600.000000" />
  <attribute name="IntegralI" value="-11600.000000" />
  <attribute name="IntegralH" value="-11600.000000" />
  <attribute name="DerivativeT" value="-0.017241" />
  <attribute name="DerivativeI" value="-0.017241" />
  <attribute name="DerivativeH" value="-0.017241" />
  <attribute name="Loop Time for DT" value="580.000000" />
  <attribute name="Output H" value="2092630016"/>
  <attribute name="Output I" value="200"/>
  <attribute name="Output T" value="4"/>
  <attribute name="Target GC Util Change" value ="20.000000" />
  <attribute name="Current GC Util Change" value="0.000000"/>
  <attribute name="GC Util currently" value="0" />
  <attribute name="CPU Util currently" value="8" />
<allocation-satisfied id="242" threadId="0000000000AC5000" bytesRequested="32" />
<af-end id="243" timestamp="2019-06-15T19:13:04.782" threadId="0000000000AC5988" success="true" from="nursery"/>
<exclusive-end id="244" timestamp="2019-06-15T19:13:04.782" durationms="1.536" />

<exclusive-start id="245" timestamp="2019-06-15T19:13:05.418" intervalms="637.652">
  <response-info timems="0.034" idlems="0.034" threads="0" lastid="0000000000AC1500" lastname="node-3" />
</exclusive-start>
<af-start id="246" threadId="0000000000AC1E88" totalBytesRequested="24" timestamp="2019-06-15T19:13:05.418" intervalms="637.671" type="nursery" />
<cycle-start id="247" type="scavenge" contextid="0" timestamp="2019-06-15T19:13:05.418" intervalms="637.687" />
<gc-start id="248" type="scavenge" contextid="247" timestamp="2019-06-15T19:13:05.418">
  <mem-info id="249" free="3583176" total="8388608" percent="42">
    <mem type="nursery" free="0" total="2097152" percent="0">
      <mem type="allocate" free="0" total="1310720" percent="0" />
      <mem type="survivor" free="0" total="786432" percent="0" />
    </mem>
    <mem type="tenure" free="3583176" total="6291456" percent="56">
      <mem type="soa" free="3268808" total="5977088" percent="54" />
      <mem type="loa" free="314368" total="314368" percent="100" />
    </mem>
    <remembered-set count="162" />
  </mem-info>
</gc-start>
<allocation-stats totalBytes="996896" >
  <allocated-bytes non-tlh="32" tlh="996864" />
  <largest-consumer threadName="node-2" threadId="0000000000AC5000" bytes="184280" />
</allocation-stats>
<gc-op id="250" type="scavenge" timems="0.981" contextid="247" timestamp="2019-06-15T19:13:05.419">
  <scavenger-info tenureage="3" tenuremask="fff8" tiltratio="62" />
  <memory-copied type="nursery" objects="11711" bytes="280824" bytesdiscarded="71688" />
  <memory-copied type="tenure" objects="3654" bytes="87688" bytesdiscarded="8" />
</gc-op>
<gc-end id="251" type="scavenge" contextid="247" durationms="1.242" usertimems="0.000" systemtimems="4.000" timestamp="2019-06-15T19:13:05.419" activeThreads="4">
  <mem-info id="252" free="4528584" total="8388608" percent="53">
    <mem type="nursery" free="1023744" total="2097152" percent="48">
      <mem type="allocate" free="1023744" total="1376256" percent="74" />
      <mem type="survivor" free="0" total="720896" percent="0" />
    </mem>
    <mem type="tenure" free="3504840" total="6291456" percent="55">
      <mem type="soa" free="3190472" total="5977088" percent="53" />
      <mem type="loa" free="314368" total="314368" percent="100" />
    </mem>
    <remembered-set count="127" />
  </mem-info>
</gc-end>
<cycle-end id="253" type="scavenge" contextid="247" timestamp="2019-06-15T19:13:05.419" />
  <attribute name="elasticGC enabled" value="1" />
  <attribute name= "numThreadsSpecified" value="4" />
  <attribute name="heapSize specified" value="8388608" />
  <attribute name="Current GC Util" value="0" />
  <attribute name= "Current Time Running" value="3789" />
  <attribute name ="GC Interval" value="200" />
  <attribute name="ProportionalT" value="-30.000000" />
  <attribute name="ProportionalI" value="-30.000000" />
  <attribute name="ProportionalH" value="-30.000000" />
  <attribute name="Current Error" value="-20.000000" />
  <attribute name="IntegralT" value="-12760.000000" />
  <attribute name="IntegralI" value="-12760.000000" />
  <attribute name="IntegralH" value="-12760.000000" />
  <attribute name="DerivativeT" value="-0.015674" />
  <attribute name="DerivativeI" value="-0.015674" />
  <attribute name="DerivativeH" value="-0.015674" />
  <attribute name="Loop Time for DT" value="638.000000" />
  <attribute name="Output H" value="2092630016"/>
  <attribute name="Output I" value="200"/>
  <attribute name="Output T" value="4"/>
  <attribute name="Target GC Util Change" value ="20.000000" />
  <attribute name="Current GC Util Change" value="0.000000"/>
  <attribute name="GC Util currently" value="0" />
  <attribute name="CPU Util currently" value="7" />
<allocation-satisfied id="254" threadId="0000000000AC1500" bytesRequested="24" />
<af-end id="255" timestamp="2019-06-15T19:13:05.420" threadId="0000000000AC1E88" success="true" from="nursery"/>
<exclusive-end id="256" timestamp="2019-06-15T19:13:05.420" durationms="1.826" />

<exclusive-start id="257" timestamp="2019-06-15T19:13:05.951" intervalms="533.130">
  <response-info timems="0.033" idlems="0.033" threads="0" lastid="0000000000AC5000" lastname="node-2" />
</exclusive-start>
<af-start id="258" threadId="0000000000AC5988" totalBytesRequested="24" timestamp="2019-06-15T19:13:05.951" intervalms="533.116" type="nursery" />
<cycle-start id="259" type="scavenge" contextid="0" timestamp="2019-06-15T19:13:05.951" intervalms="533.161" />
<gc-start id="260" type="scavenge" contextid="259" timestamp="2019-06-15T19:13:05.951">
  <mem-info id="261" free="3504840" total="8388608" percent="41">
    <mem type="nursery" free="0" total="2097152" percent="0">
      <mem type="allocate" free="0" total="1376256" percent="0" />
      <mem type="survivor" free="0" total="720896" percent="0" />
    </mem>
    <mem type="tenure" free="3504840" total="6291456" percent="55">
      <mem type="soa" free="3190472" total="5977088" percent="53" />
      <mem type="loa" free="314368" total="314368" percent="100" />
    </mem>
    <remembered-set count="148" />
  </mem-info>
</gc-start>
<allocation-stats totalBytes="1022000" >
  <allocated-bytes non-tlh="24" tlh="1021976" />
  <largest-consumer threadName="node-4" threadId="0000000000ABD900" bytes="187664" />
</allocation-stats>
<gc-op id="262" type="scavenge" timems="1.014" contextid="259" timestamp="2019-06-15T19:13:05.952">
  <scavenger-info tenureage="2" tenuremask="fffc" tiltratio="65" />
  <memory-copied type="nursery" objects="9010" bytes="216000" bytesdiscarded="58176" />
  <memory-copied type="tenure" objects="7546" bytes="181104" bytesdiscarded="0" />
</gc-op>
<gc-end id="263" type="scavenge" contextid="259" durationms="1.288" usertimems="0.000" systemtimems="0.000" timestamp="2019-06-15T19:13:05.953" activeThreads="4">
  <mem-info id="264" free="4515784" total="8388608" percent="53">
    <mem type="nursery" free="1167616" total="2097152" percent="55">
      <mem type="allocate" free="1167616" total="1441792" percent="80" />
      <mem type="survivor" free="0" total="655360" percent="0" />
    </mem>
    <mem type="tenure" free="3348168" total="6291456" percent="53">
      <mem type="soa" free="3033800" total="5977088" percent="50" />
      <mem type="loa" free="314368" total="314368" percent="100" />
    </mem>
    <remembered-set count="125" />
  </mem-info>
</gc-end>
<cycle-end id="265" type="scavenge" contextid="259" timestamp="2019-06-15T19:13:05.953" />
  <attribute name="elasticGC enabled" value="1" />
  <attribute name= "numThreadsSpecified" value="4" />
  <attribute name="heapSize specified" value="8388608" />
  <attribute name="Current GC Util" value="0" />
  <attribute name= "Current Time Running" value="4322" />
  <attribute name ="GC Interval" value="200" />
  <attribute name="ProportionalT" value="-30.000000" />
  <attribute name="ProportionalI" value="-30.000000" />
  <attribute name="ProportionalH" value="-30.000000" />
  <attribute name="Current Error" value="-20.000000" />
  <attribute name="IntegralT" value="-10660.000000" />
  <attribute name="IntegralI" value="-10660.000000" />
  <attribute name="IntegralH" value="-10660.000000" />
  <attribute name="DerivativeT" value="-0.018762" />
  <attribute name="DerivativeI" value="-0.018762" />
  <attribute name="DerivativeH" value="-0.018762" />
  <attribute name="Loop Time for DT" value="533.000000" />
  <attribute name="Output H" value="2092630016"/>
  <attribute name="Output I" value="200"/>
  <attribute name="Output T" value="4"/>
  <attribute name="Target GC Util Change" value ="20.000000" />
  <attribute name="Current GC Util Change" value="0.000000"/>
  <attribute name="GC Util currently" value="0" />
  <attribute name="CPU Util currently" value="6" />
<allocation-satisfied id="266" threadId="0000000000AC5000" bytesRequested="24" />
<af-end id="267" timestamp="2019-06-15T19:13:05.953" threadId="0000000000AC5988" success="true" from="nursery"/>
<exclusive-end id="268" timestamp="2019-06-15T19:13:05.953" durationms="1.990" />

<exclusive-start id="269" timestamp="2019-06-15T19:13:06.598" intervalms="646.896">
  <response-info timems="0.029" idlems="0.029" threads="0" lastid="0000000000AC5000" lastname="node-2" />
</exclusive-start>
<af-start id="270" threadId="0000000000AC5988" totalBytesRequested="32" timestamp="2019-06-15T19:13:06.598" intervalms="647.203" type="nursery" />
<cycle-start id="271" type="scavenge" contextid="0" timestamp="2019-06-15T19:13:06.598" intervalms="647.155" />
<gc-start id="272" type="scavenge" contextid="271" timestamp="2019-06-15T19:13:06.598">
  <mem-info id="273" free="3348168" total="8388608" percent="39">
    <mem type="nursery" free="0" total="2097152" percent="0">
      <mem type="allocate" free="0" total="1441792" percent="0" />
      <mem type="survivor" free="0" total="655360" percent="0" />
    </mem>
    <mem type="tenure" free="3348168" total="6291456" percent="53">
      <mem type="soa" free="3033800" total="5977088" percent="50" />
      <mem type="loa" free="314368" total="314368" percent="100" />
    </mem>
    <remembered-set count="148" />
  </mem-info>
</gc-start>
<allocation-stats totalBytes="1166272" >
  <allocated-bytes non-tlh="24" tlh="1166248" />
  <largest-consumer threadName="node-5" threadId="0000000000AB6100" bytes="208880" />
</allocation-stats>
<gc-op id="274" type="scavenge" timems="2.435" contextid="271" timestamp="2019-06-15T19:13:06.601">
  <scavenger-info tenureage="2" tenuremask="fffc" tiltratio="68" />
  <memory-copied type="nursery" objects="10056" bytes="241104" bytesdiscarded="7728" />
  <memory-copied type="tenure" objects="4135" bytes="99240" bytesdiscarded="16" />
</gc-op>
<gc-end id="275" type="scavenge" contextid="271" durationms="2.923" usertimems="4.000" systemtimems="0.000" timestamp="2019-06-15T19:13:06.601" activeThreads="4">
  <mem-info id="276" free="4528328" total="8388608" percent="53">
    <mem type="nursery" free="1258496" total="2097152" percent="60">
      <mem type="allocate" free="1258496" total="1507328" percent="83" />
      <mem type="survivor" free="0" total="589824" percent="0" />
    </mem>
    <mem type="tenure" free="3269832" total="6291456" percent="51">
      <mem type="soa" free="2955464" total="5977088" percent="49" />
      <mem type="loa" free="314368" total="314368" percent="100" />
    </mem>
    <remembered-set count="125" />
  </mem-info>
</gc-end>
<cycle-end id="277" type="scavenge" contextid="271" timestamp="2019-06-15T19:13:06.601" />
  <attribute name="elasticGC enabled" value="1" />
  <attribute name= "numThreadsSpecified" value="4" />
  <attribute name="heapSize specified" value="8388608" />
  <attribute name="Current GC Util" value="0" />
  <attribute name= "Current Time Running" value="4969" />
  <attribute name ="GC Interval" value="200" />
  <attribute name="ProportionalT" value="-30.000000" />
  <attribute name="ProportionalI" value="-30.000000" />
  <attribute name="ProportionalH" value="-30.000000" />
  <attribute name="Current Error" value="-20.000000" />
  <attribute name="IntegralT" value="-12940.000000" />
  <attribute name="IntegralI" value="-12940.000000" />
  <attribute name="IntegralH" value="-12940.000000" />
  <attribute name="DerivativeT" value="-0.015456" />
  <attribute name="DerivativeI" value="-0.015456" />
  <attribute name="DerivativeH" value="-0.015456" />
  <attribute name="Loop Time for DT" value="647.000000" />
  <attribute name="Output H" value="2092630016"/>
  <attribute name="Output I" value="200"/>
  <attribute name="Output T" value="4"/>
  <attribute name="Target GC Util Change" value ="20.000000" />
  <attribute name="Current GC Util Change" value="0.000000"/>
  <attribute name="GC Util currently" value="0" />
  <attribute name="CPU Util currently" value="8" />
<allocation-satisfied id="278" threadId="0000000000AC5000" bytesRequested="32" />
<af-end id="279" timestamp="2019-06-15T19:13:06.602" threadId="0000000000AC5988" success="true" from="nursery"/>
<exclusive-end id="280" timestamp="2019-06-15T19:13:06.602" durationms="4.024" />

<exclusive-start id="281" timestamp="2019-06-15T19:13:07.326" intervalms="728.270">
  <response-info timems="0.033" idlems="0.033" threads="0" lastid="0000000000ABD900" lastname="node-4" />
</exclusive-start>
<af-start id="282" threadId="0000000000ABE288" totalBytesRequested="16" timestamp="2019-06-15T19:13:07.326" intervalms="727.969" type="nursery" />
<cycle-start id="283" type="scavenge" contextid="0" timestamp="2019-06-15T19:13:07.326" intervalms="727.966" />
<gc-start id="284" type="scavenge" contextid="283" timestamp="2019-06-15T19:13:07.326">
  <mem-info id="285" free="3269832" total="8388608" percent="38">
    <mem type="nursery" free="0" total="2097152" percent="0">
      <mem type="allocate" free="0" total="1507328" percent="0" />
      <mem type="survivor" free="0" total="589824" percent="0" />
    </mem>
    <mem type="tenure" free="3269832" total="6291456" percent="51">
      <mem type="soa" free="2955464" total="5977088" percent="49" />
      <mem type="loa" free="314368" total="314368" percent="100" />
    </mem>
    <remembered-set count="148" />
  </mem-info>
</gc-start>
<allocation-stats totalBytes="1256704" >
  <allocated-bytes non-tlh="32" tlh="1256672" />
  <largest-consumer threadName="node-2" threadId="0000000000AC5000" bytes="213800" />
</allocation-stats>
<gc-op id="286" type="scavenge" timems="0.988" contextid="283" timestamp="2019-06-15T19:13:07.327">
  <scavenger-info tenureage="2" tenuremask="7ffc" tiltratio="71" />
  <memory-copied type="nursery" objects="11187" bytes="271040" bytesdiscarded="42304" />
  <memory-copied type="tenure" objects="4845" bytes="116280" bytesdiscarded="0" />
</gc-op>
<gc-end id="287" type="scavenge" contextid="283" durationms="1.234" usertimems="0.000" systemtimems="0.000" timestamp="2019-06-15T19:13:07.328" activeThreads="4">
  <mem-info id="288" free="4411848" total="8388608" percent="52">
    <mem type="nursery" free="1259520" total="2097152" percent="60">
      <mem type="allocate" free="1259520" total="1572864" percent="80" />
      <mem type="survivor" free="0" total="524288" percent="0" />
    </mem>
    <mem type="tenure" free="3152328" total="6291456" percent="50">
      <mem type="soa" free="2837960" total="5977088" percent="47" />
      <mem type="loa" free="314368" total="314368" percent="100" />
    </mem>
    <remembered-set count="131" />
  </mem-info>
</gc-end>
<cycle-end id="289" type="scavenge" contextid="283" timestamp="2019-06-15T19:13:07.328" />
  <attribute name="elasticGC enabled" value="1" />
  <attribute name= "numThreadsSpecified" value="4" />
  <attribute name="heapSize specified" value="8388608" />
  <attribute name="Current GC Util" value="0" />
  <attribute name= "Current Time Running" value="5697" />
  <attribute name ="GC Interval" value="200" />
  <attribute name="ProportionalT" value="-30.000000" />
  <attribute name="ProportionalI" value="-30.000000" />
  <attribute name="ProportionalH" value="-30.000000" />
  <attribute name="Current Error" value="-20.000000" />
  <attribute name="IntegralT" value="-14560.000000" />
  <attribute name="IntegralI" value="-14560.000000" />
  <attribute name="IntegralH" value="-14560.000000" />
  <attribute name="DerivativeT" value="-0.013736" />
  <attribute name="DerivativeI" value="-0.013736" />
  <attribute name="DerivativeH" value="-0.013736" />
  <attribute name="Loop Time for DT" value="728.000000" />
  <attribute name="Output H" value="2092630016"/>
  <attribute name="Output I" value="200"/>
  <attribute name="Output T" value="4"/>
  <attribute name="Target GC Util Change" value ="20.000000" />
  <attribute name="Current GC Util Change" value="0.000000"/>
  <attribute name="GC Util currently" value="0" />
  <attribute name="CPU Util currently" value="5" />
<allocation-satisfied id="290" threadId="0000000000ABD900" bytesRequested="16" />
<af-end id="291" timestamp="2019-06-15T19:13:07.328" threadId="0000000000ABE288" success="true" from="nursery"/>
<exclusive-end id="292" timestamp="2019-06-15T19:13:07.328" durationms="2.091" />

<exclusive-start id="293" timestamp="2019-06-15T19:13:08.047" intervalms="720.637">
  <response-info timems="0.073" idlems="0.073" threads="0" lastid="0000000000AB6100" lastname="node-5" />
</exclusive-start>
<af-start id="294" threadId="0000000000AB6A88" totalBytesRequested="32" timestamp="2019-06-15T19:13:08.047" intervalms="720.680" type="nursery" />
<cycle-start id="295" type="scavenge" contextid="0" timestamp="2019-06-15T19:13:08.047" intervalms="720.717" />
<gc-start id="296" type="scavenge" contextid="295" timestamp="2019-06-15T19:13:08.047">
  <mem-info id="297" free="3152328" total="8388608" percent="37">
    <mem type="nursery" free="0" total="2097152" percent="0">
      <mem type="allocate" free="0" total="1572864" percent="0" />
      <mem type="survivor" free="0" total="524288" percent="0" />
    </mem>
    <mem type="tenure" free="3152328" total="6291456" percent="50">
      <mem type="soa" free="2837960" total="5977088" percent="47" />
      <mem type="loa" free="314368" total="314368" percent="100" />
    </mem>
    <remembered-set count="148" />
  </mem-info>
</gc-start>
<allocation-stats totalBytes="1258448" >
  <allocated-bytes non-tlh="16" tlh="1258432" />
  <largest-consumer threadName="node-2" threadId="0000000000AC5000" bytes="214936" />
</allocation-stats>
<gc-op id="298" type="scavenge" timems="2.747" contextid="295" timestamp="2019-06-15T19:13:08.050">
  <scavenger-info tenureage="2" tenuremask="7ffc" tiltratio="75" />
  <memory-copied type="nursery" objects="12154" bytes="292640" bytesdiscarded="109792" />
  <memory-copied type="tenure" objects="5181" bytes="124344" bytesdiscarded="0" />
</gc-op>
<gc-end id="299" type="scavenge" contextid="295" durationms="3.247" usertimems="0.000" systemtimems="0.000" timestamp="2019-06-15T19:13:08.050" activeThreads="4">
  <mem-info id="300" free="4174536" total="8388608" percent="49">
    <mem type="nursery" free="1170432" total="2097152" percent="55">
      <mem type="allocate" free="1170432" total="1572864" percent="74" />
      <mem type="survivor" free="0" total="524288" percent="0" />
    </mem>
    <mem type="tenure" free="3004104" total="6291456" percent="47">
      <mem type="soa" free="2689736" total="5977088" percent="45" />
      <mem type="loa" free="314368" total="314368" percent="100" />
    </mem>
    <remembered-set count="133" />
  </mem-info>
</gc-end>
<cycle-end id="301" type="scavenge" contextid="295" timestamp="2019-06-15T19:13:08.050" />
  <attribute name="elasticGC enabled" value="1" />
  <attribute name= "numThreadsSpecified" value="4" />
  <attribute name="heapSize specified" value="8388608" />
  <attribute name="Current GC Util" value="0" />
  <attribute name= "Current Time Running" value="6418" />
  <attribute name ="GC Interval" value="200" />
  <attribute name="ProportionalT" value="-30.000000" />
  <attribute name="ProportionalI" value="-30.000000" />
  <attribute name="ProportionalH" value="-30.000000" />
  <attribute name="Current Error" value="-20.000000" />
  <attribute name="IntegralT" value="-14420.000000" />
  <attribute name="IntegralI" value="-14420.000000" />
  <attribute name="IntegralH" value="-14420.000000" />
  <attribute name="DerivativeT" value="-0.013870" />
  <attribute name="DerivativeI" value="-0.013870" />
  <attribute name="DerivativeH" value="-0.013870" />
  <attribute name="Loop Time for DT" value="721.000000" />
  <attribute name="Output H" value="2092630016"/>
  <attribute name="Output I" value="200"/>
  <attribute name="Output T" value="4"/>
  <attribute name="Target GC Util Change" value ="20.000000" />
  <attribute name="Current GC Util Change" value="0.000000"/>
  <attribute name="GC Util currently" value="0" />
  <attribute name="CPU Util currently" value="5" />
<allocation-satisfied id="302" threadId="0000000000AB6100" bytesRequested="32" />
<af-end id="303" timestamp="2019-06-15T19:13:08.051" threadId="0000000000AB6A88" success="true" from="nursery"/>
<exclusive-end id="304" timestamp="2019-06-15T19:13:08.051" durationms="3.946" />

<exclusive-start id="305" timestamp="2019-06-15T19:13:08.689" intervalms="642.189">
  <response-info timems="0.026" idlems="0.026" threads="0" lastid="0000000000AC1500" lastname="node-3" />
</exclusive-start>
<af-start id="306" threadId="0000000000AC1E88" totalBytesRequested="32" timestamp="2019-06-15T19:13:08.689" intervalms="642.145" type="nursery" />
<cycle-start id="307" type="scavenge" contextid="0" timestamp="2019-06-15T19:13:08.689" intervalms="642.098" />
<gc-start id="308" type="scavenge" contextid="307" timestamp="2019-06-15T19:13:08.689">
  <mem-info id="309" free="3004104" total="8388608" percent="35">
    <mem type="nursery" free="0" total="2097152" percent="0">
      <mem type="allocate" free="0" total="1572864" percent="0" />
      <mem type="survivor" free="0" total="524288" percent="0" />
    </mem>
    <mem type="tenure" free="3004104" total="6291456" percent="47">
      <mem type="soa" free="2689736" total="5977088" percent="45" />
      <mem type="loa" free="314368" total="314368" percent="100" />
    </mem>
    <remembered-set count="148" />
  </mem-info>
</gc-start>
<allocation-stats totalBytes="1169760" >
  <allocated-bytes non-tlh="32" tlh="1169728" />
  <largest-consumer threadName="node-5" threadId="0000000000AB6100" bytes="208856" />
</allocation-stats>
<gc-op id="310" type="scavenge" timems="2.560" contextid="307" timestamp="2019-06-15T19:13:08.692">
  <scavenger-info tenureage="3" tenuremask="7ff8" tiltratio="75" />
  <memory-copied type="nursery" objects="17416" bytes="417744" bytesdiscarded="1584" />
</gc-op>
<gc-end id="311" type="scavenge" contextid="307" durationms="2.983" usertimems="4.000" systemtimems="0.000" timestamp="2019-06-15T19:13:08.692" activeThreads="4">
  <mem-info id="312" free="4092104" total="8388608" percent="48">
    <mem type="nursery" free="1088000" total="2097152" percent="51">
      <mem type="allocate" free="1088000" total="1507328" percent="72" />
      <mem type="survivor" free="0" total="589824" percent="0" />
    </mem>
    <mem type="tenure" free="3004104" total="6291456" percent="47">
      <mem type="soa" free="2689736" total="5977088" percent="45" />
      <mem type="loa" free="314368" total="314368" percent="100" />
    </mem>
    <remembered-set count="124" />
  </mem-info>
</gc-end>
<cycle-end id="313" type="scavenge" contextid="307" timestamp="2019-06-15T19:13:08.692" />
  <attribute name="elasticGC enabled" value="1" />
  <attribute name= "numThreadsSpecified" value="4" />
  <attribute name="heapSize specified" value="8388608" />
  <attribute name="Current GC Util" value="0" />
  <attribute name= "Current Time Running" value="7060" />
  <attribute name ="GC Interval" value="200" />
  <attribute name="ProportionalT" value="-30.000000" />
  <attribute name="ProportionalI" value="-30.000000" />
  <attribute name="ProportionalH" value="-30.000000" />
  <attribute name="Current Error" value="-20.000000" />
  <attribute name="IntegralT" value="-12840.000000" />
  <attribute name="IntegralI" value="-12840.000000" />
  <attribute name="IntegralH" value="-12840.000000" />
  <attribute name="DerivativeT" value="-0.015576" />
  <attribute name="DerivativeI" value="-0.015576" />
  <attribute name="DerivativeH" value="-0.015576" />
  <attribute name="Loop Time for DT" value="642.000000" />
  <attribute name="Output H" value="2092630016"/>
  <attribute name="Output I" value="200"/>
  <attribute name="Output T" value="4"/>
  <attribute name="Target GC Util Change" value ="20.000000" />
  <attribute name="Current GC Util Change" value="0.000000"/>
  <attribute name="GC Util currently" value="0" />
  <attribute name="CPU Util currently" value="7" />
<allocation-satisfied id="314" threadId="0000000000AC1500" bytesRequested="32" />
<af-end id="315" timestamp="2019-06-15T19:13:08.693" threadId="0000000000AC1E88" success="true" from="nursery"/>
<exclusive-end id="316" timestamp="2019-06-15T19:13:08.693" durationms="3.727" />

<exclusive-start id="317" timestamp="2019-06-15T19:13:09.306" intervalms="617.212">
  <response-info timems="0.028" idlems="0.028" threads="0" lastid="0000000000AC1500" lastname="node-3" />
</exclusive-start>
<af-start id="318" threadId="0000000000AC1E88" totalBytesRequested="32" timestamp="2019-06-15T19:13:09.307" intervalms="617.525" type="nursery" />
<cycle-start id="319" type="scavenge" contextid="0" timestamp="2019-06-15T19:13:09.307" intervalms="617.532" />
<gc-start id="320" type="scavenge" contextid="319" timestamp="2019-06-15T19:13:09.307">
  <mem-info id="321" free="3004104" total="8388608" percent="35">
    <mem type="nursery" free="0" total="2097152" percent="0">
      <mem type="allocate" free="0" total="1507328" percent="0" />
      <mem type="survivor" free="0" total="589824" percent="0" />
    </mem>
    <mem type="tenure" free="3004104" total="6291456" percent="47">
      <mem type="soa" free="2689736" total="5977088" percent="45" />
      <mem type="loa" free="314368" total="314368" percent="100" />
    </mem>
    <remembered-set count="147" />
  </mem-info>
</gc-start>
<allocation-stats totalBytes="1086936" >
  <allocated-bytes non-tlh="32" tlh="1086904" />
  <largest-consumer threadName="node-2" threadId="0000000000AC5000" bytes="208800" />
</allocation-stats>
<gc-op id="322" type="scavenge" timems="2.685" contextid="319" timestamp="2019-06-15T19:13:09.310">
  <scavenger-info tenureage="3" tenuremask="7ff8" tiltratio="71" />
  <memory-copied type="nursery" objects="16287" bytes="390648" bytesdiscarded="40200" />
  <memory-copied type="tenure" objects="5958" bytes="142992" bytesdiscarded="0" />
</gc-op>
<gc-end id="323" type="scavenge" contextid="319" durationms="3.417" usertimems="4.000" systemtimems="0.000" timestamp="2019-06-15T19:13:09.310" activeThreads="4">
  <mem-info id="324" free="3963080" total="8388608" percent="47">
    <mem type="nursery" free="1076480" total="2097152" percent="51">
      <mem type="allocate" free="1076480" total="1507328" percent="71" />
      <mem type="survivor" free="0" total="589824" percent="0" />
    </mem>
    <mem type="tenure" free="2886600" total="6291456" percent="45">
      <mem type="soa" free="2572232" total="5977088" percent="43" />
      <mem type="loa" free="314368" total="314368" percent="100" />
    </mem>
    <remembered-set count="124" />
  </mem-info>
</gc-end>
<cycle-end id="325" type="scavenge" contextid="319" timestamp="2019-06-15T19:13:09.310" />
  <attribute name="elasticGC enabled" value="1" />
  <attribute name= "numThreadsSpecified" value="4" />
  <attribute name="heapSize specified" value="8388608" />
  <attribute name="Current GC Util" value="0" />
  <attribute name= "Current Time Running" value="7678" />
  <attribute name ="GC Interval" value="200" />
  <attribute name="ProportionalT" value="-30.000000" />
  <attribute name="ProportionalI" value="-30.000000" />
  <attribute name="ProportionalH" value="-30.000000" />
  <attribute name="Current Error" value="-20.000000" />
  <attribute name="IntegralT" value="-12360.000000" />
  <attribute name="IntegralI" value="-12360.000000" />
  <attribute name="IntegralH" value="-12360.000000" />
  <attribute name="DerivativeT" value="-0.016181" />
  <attribute name="DerivativeI" value="-0.016181" />
  <attribute name="DerivativeH" value="-0.016181" />
  <attribute name="Loop Time for DT" value="618.000000" />
  <attribute name="Output H" value="2092630016"/>
  <attribute name="Output I" value="200"/>
  <attribute name="Output T" value="4"/>
  <attribute name="Target GC Util Change" value ="20.000000" />
  <attribute name="Current GC Util Change" value="0.000000"/>
  <attribute name="GC Util currently" value="0" />
  <attribute name="CPU Util currently" value="5" />
<allocation-satisfied id="326" threadId="0000000000AC1500" bytesRequested="32" />
<af-end id="327" timestamp="2019-06-15T19:13:09.310" threadId="0000000000AC1E88" success="true" from="nursery"/>
<exclusive-end id="328" timestamp="2019-06-15T19:13:09.311" durationms="4.406" />

<exclusive-start id="329" timestamp="2019-06-15T19:13:09.911" intervalms="604.788">
  <response-info timems="0.026" idlems="0.026" threads="0" lastid="0000000000AB9D00" lastname="node-0" />
</exclusive-start>
<af-start id="330" threadId="0000000000ABA688" totalBytesRequested="32" timestamp="2019-06-15T19:13:09.911" intervalms="604.471" type="nursery" />
<cycle-start id="331" type="scavenge" contextid="0" timestamp="2019-06-15T19:13:09.911" intervalms="604.525" />
<gc-start id="332" type="scavenge" contextid="331" timestamp="2019-06-15T19:13:09.911">
  <mem-info id="333" free="2886600" total="8388608" percent="34">
    <mem type="nursery" free="0" total="2097152" percent="0">
      <mem type="allocate" free="0" total="1507328" percent="0" />
      <mem type="survivor" free="0" total="589824" percent="0" />
    </mem>
    <mem type="tenure" free="2886600" total="6291456" percent="45">
      <mem type="soa" free="2572232" total="5977088" percent="43" />
      <mem type="loa" free="314368" total="314368" percent="100" />
    </mem>
    <remembered-set count="147" />
  </mem-info>
</gc-start>
<allocation-stats totalBytes="1075968" >
  <allocated-bytes non-tlh="32" tlh="1075936" />
  <largest-consumer threadName="node-4" threadId="0000000000ABD900" bytes="208800" />
</allocation-stats>
<gc-op id="334" type="scavenge" timems="2.772" contextid="331" timestamp="2019-06-15T19:13:09.914">
  <scavenger-info tenureage="2" tenuremask="7ffc" tiltratio="71" />
  <memory-copied type="nursery" objects="9880" bytes="236880" bytesdiscarded="64944" />
  <memory-copied type="tenure" objects="11428" bytes="274272" bytesdiscarded="0" />
</gc-op>
<gc-end id="335" type="scavenge" contextid="331" durationms="3.349" usertimems="4.000" systemtimems="0.000" timestamp="2019-06-15T19:13:09.915" activeThreads="4">
  <mem-info id="336" free="3777480" total="8388608" percent="45">
    <mem type="nursery" free="1271040" total="2097152" percent="60">
      <mem type="allocate" free="1271040" total="1572864" percent="80" />
      <mem type="survivor" free="0" total="524288" percent="0" />
    </mem>
    <mem type="tenure" free="2506440" total="6291456" percent="39">
      <mem type="soa" free="2192072" total="5977088" percent="36" />
      <mem type="loa" free="314368" total="314368" percent="100" />
    </mem>
    <remembered-set count="124" />
  </mem-info>
</gc-end>
<cycle-end id="337" type="scavenge" contextid="331" timestamp="2019-06-15T19:13:09.915" />
  <attribute name="elasticGC enabled" value="1" />
  <attribute name= "numThreadsSpecified" value="4" />
  <attribute name="heapSize specified" value="8388608" />
  <attribute name="Current GC Util" value="0" />
  <attribute name= "Current Time Running" value="8282" />
  <attribute name ="GC Interval" value="200" />
  <attribute name="ProportionalT" value="-30.000000" />
  <attribute name="ProportionalI" value="-30.000000" />
  <attribute name="ProportionalH" value="-30.000000" />
  <attribute name="Current Error" value="-20.000000" />
  <attribute name="IntegralT" value="-12080.000000" />
  <attribute name="IntegralI" value="-12080.000000" />
  <attribute name="IntegralH" value="-12080.000000" />
  <attribute name="DerivativeT" value="-0.016556" />
  <attribute name="DerivativeI" value="-0.016556" />
  <attribute name="DerivativeH" value="-0.016556" />
  <attribute name="Loop Time for DT" value="604.000000" />
  <attribute name="Output H" value="2092630016"/>
  <attribute name="Output I" value="200"/>
  <attribute name="Output T" value="4"/>
  <attribute name="Target GC Util Change" value ="20.000000" />
  <attribute name="Current GC Util Change" value="0.000000"/>
  <attribute name="GC Util currently" value="0" />
  <attribute name="CPU Util currently" value="4" />
<allocation-satisfied id="338" threadId="0000000000AB9D00" bytesRequested="32" />
<af-end id="339" timestamp="2019-06-15T19:13:09.915" threadId="0000000000ABA688" success="true" from="nursery"/>
<exclusive-end id="340" timestamp="2019-06-15T19:13:09.915" durationms="4.131" />

<exclusive-start id="341" timestamp="2019-06-15T19:13:10.681" intervalms="770.562">
  <response-info timems="0.032" idlems="0.032" threads="0" lastid="0000000000ABD900" lastname="node-4" />
</exclusive-start>
<af-start id="342" threadId="0000000000ABE288" totalBytesRequested="32" timestamp="2019-06-15T19:13:10.682" intervalms="770.571" type="nursery" />
<cycle-start id="343" type="scavenge" contextid="0" timestamp="2019-06-15T19:13:10.682" intervalms="770.574" />
<gc-start id="344" type="scavenge" contextid="343" timestamp="2019-06-15T19:13:10.682">
  <mem-info id="345" free="2506440" total="8388608" percent="29">
    <mem type="nursery" free="0" total="2097152" percent="0">
      <mem type="allocate" free="0" total="1572864" percent="0" />
      <mem type="survivor" free="0" total="524288" percent="0" />
    </mem>
    <mem type="tenure" free="2506440" total="6291456" percent="39">
      <mem type="soa" free="2192072" total="5977088" percent="36" />
      <mem type="loa" free="314368" total="314368" percent="100" />
    </mem>
    <remembered-set count="147" />
  </mem-info>
</gc-start>
<allocation-stats totalBytes="1269320" >
  <allocated-bytes non-tlh="32" tlh="1269288" />
  <largest-consumer threadName="node-5" threadId="0000000000AB6100" bytes="226416" />
</allocation-stats>
<gc-op id="346" type="scavenge" timems="1.035" contextid="343" timestamp="2019-06-15T19:13:10.683">
  <scavenger-info tenureage="2" tenuremask="7ffc" tiltratio="75" />
  <memory-copied type="nursery" objects="10930" bytes="262808" bytesdiscarded="11368" />
  <memory-copied type="tenure" objects="4829" bytes="115896" bytesdiscarded="0" />
</gc-op>
<gc-end id="347" type="scavenge" contextid="343" durationms="1.429" usertimems="0.000" systemtimems="0.000" timestamp="2019-06-15T19:13:10.683" activeThreads="4">
  <mem-info id="348" free="3687624" total="8388608" percent="43">
    <mem type="nursery" free="1298688" total="2097152" percent="61">
      <mem type="allocate" free="1298688" total="1572864" percent="82" />
      <mem type="survivor" free="0" total="524288" percent="0" />
    </mem>
    <mem type="tenure" free="2388936" total="6291456" percent="37">
      <mem type="soa" free="2074568" total="5977088" percent="34" />
      <mem type="loa" free="314368" total="314368" percent="100" />
    </mem>
    <remembered-set count="130" />
  </mem-info>
</gc-end>
<cycle-end id="349" type="scavenge" contextid="343" timestamp="2019-06-15T19:13:10.683" />
  <attribute name="elasticGC enabled" value="1" />
  <attribute name= "numThreadsSpecified" value="4" />
  <attribute name="heapSize specified" value="8388608" />
  <attribute name="Current GC Util" value="0" />
  <attribute name= "Current Time Running" value="9053" />
  <attribute name ="GC Interval" value="200" />
  <attribute name="ProportionalT" value="-30.000000" />
  <attribute name="ProportionalI" value="-30.000000" />
  <attribute name="ProportionalH" value="-30.000000" />
  <attribute name="Current Error" value="-20.000000" />
  <attribute name="IntegralT" value="-15420.000000" />
  <attribute name="IntegralI" value="-15420.000000" />
  <attribute name="IntegralH" value="-15420.000000" />
  <attribute name="DerivativeT" value="-0.012970" />
  <attribute name="DerivativeI" value="-0.012970" />
  <attribute name="DerivativeH" value="-0.012970" />
  <attribute name="Loop Time for DT" value="771.000000" />
  <attribute name="Output H" value="2092630016"/>
  <attribute name="Output I" value="200"/>
  <attribute name="Output T" value="4"/>
  <attribute name="Target GC Util Change" value ="20.000000" />
  <attribute name="Current GC Util Change" value="0.000000"/>
  <attribute name="GC Util currently" value="0" />
  <attribute name="CPU Util currently" value="17" />
<allocation-satisfied id="350" threadId="0000000000ABD900" bytesRequested="32" />
<af-end id="351" timestamp="2019-06-15T19:13:10.684" threadId="0000000000ABE288" success="true" from="nursery"/>
<exclusive-end id="352" timestamp="2019-06-15T19:13:10.684" durationms="2.284" />

<exclusive-start id="353" timestamp="2019-06-15T19:13:11.323" intervalms="641.406">
  <response-info timems="0.028" idlems="0.028" threads="0" lastid="0000000000AB2500" lastname="node-1" />
</exclusive-start>
<af-start id="354" threadId="0000000000AB2E88" totalBytesRequested="24" timestamp="2019-06-15T19:13:11.323" intervalms="641.395" type="nursery" />
<cycle-start id="355" type="scavenge" contextid="0" timestamp="2019-06-15T19:13:11.323" intervalms="641.383" />
<gc-start id="356" type="scavenge" contextid="355" timestamp="2019-06-15T19:13:11.323">
  <mem-info id="357" free="2388936" total="8388608" percent="28">
    <mem type="nursery" free="0" total="2097152" percent="0">
      <mem type="allocate" free="0" total="1572864" percent="0" />
      <mem type="survivor" free="0" total="524288" percent="0" />
    </mem>
    <mem type="tenure" free="2388936" total="6291456" percent="37">
      <mem type="soa" free="2074568" total="5977088" percent="34" />
      <mem type="loa" free="314368" total="314368" percent="100" />
    </mem>
    <remembered-set count="147" />
  </mem-info>
</gc-start>
<allocation-stats totalBytes="1298264" >
  <allocated-bytes non-tlh="32" tlh="1298232" />
  <largest-consumer threadName="node-5" threadId="0000000000AB6100" bytes="233424" />
</allocation-stats>
<gc-op id="358" type="scavenge" timems="1.107" contextid="355" timestamp="2019-06-15T19:13:11.324">
  <scavenger-info tenureage="2" tenuremask="7ffc" tiltratio="75" />
  <memory-copied type="nursery" objects="12650" bytes="303360" bytesdiscarded="49152" />
  <memory-copied type="tenure" objects="5021" bytes="120504" bytesdiscarded="0" />
</gc-op>
<gc-end id="359" type="scavenge" contextid="355" durationms="1.402" usertimems="4.000" systemtimems="0.000" timestamp="2019-06-15T19:13:11.325" activeThreads="4">
  <mem-info id="360" free="3518152" total="8388608" percent="41">
    <mem type="nursery" free="1285888" total="2097152" percent="61">
      <mem type="allocate" free="1285888" total="1638400" percent="78" />
      <mem type="survivor" free="0" total="458752" percent="0" />
    </mem>
    <mem type="tenure" free="2232264" total="6291456" percent="35">
      <mem type="soa" free="1917896" total="5977088" percent="32" />
      <mem type="loa" free="314368" total="314368" percent="100" />
    </mem>
    <remembered-set count="122" />
  </mem-info>
</gc-end>
<cycle-end id="361" type="scavenge" contextid="355" timestamp="2019-06-15T19:13:11.325" />
  <attribute name="elasticGC enabled" value="1" />
  <attribute name= "numThreadsSpecified" value="4" />
  <attribute name="heapSize specified" value="8388608" />
  <attribute name="Current GC Util" value="0" />
  <attribute name= "Current Time Running" value="9694" />
  <attribute name ="GC Interval" value="200" />
  <attribute name="ProportionalT" value="-30.000000" />
  <attribute name="ProportionalI" value="-30.000000" />
  <attribute name="ProportionalH" value="-30.000000" />
  <attribute name="Current Error" value="-20.000000" />
  <attribute name="IntegralT" value="-12820.000000" />
  <attribute name="IntegralI" value="-12820.000000" />
  <attribute name="IntegralH" value="-12820.000000" />
  <attribute name="DerivativeT" value="-0.015601" />
  <attribute name="DerivativeI" value="-0.015601" />
  <attribute name="DerivativeH" value="-0.015601" />
  <attribute name="Loop Time for DT" value="641.000000" />
  <attribute name="Output H" value="2092630016"/>
  <attribute name="Output I" value="200"/>
  <attribute name="Output T" value="4"/>
  <attribute name="Target GC Util Change" value ="20.000000" />
  <attribute name="Current GC Util Change" value="0.000000"/>
  <attribute name="GC Util currently" value="0" />
  <attribute name="CPU Util currently" value="11" />
<allocation-satisfied id="362" threadId="0000000000AB2500" bytesRequested="24" />
<af-end id="363" timestamp="2019-06-15T19:13:11.325" threadId="0000000000AB2E88" success="true" from="nursery"/>
<exclusive-end id="364" timestamp="2019-06-15T19:13:11.325" durationms="2.146" />

<exclusive-start id="365" timestamp="2019-06-15T19:13:12.035" intervalms="712.032">
  <response-info timems="0.022" idlems="0.022" threads="0" lastid="0000000000AC1500" lastname="node-3" />
</exclusive-start>
<af-start id="366" threadId="0000000000AC1E88" totalBytesRequested="376" timestamp="2019-06-15T19:13:12.035" intervalms="712.026" type="nursery" />
<cycle-start id="367" type="scavenge" contextid="0" timestamp="2019-06-15T19:13:12.035" intervalms="711.981" />
<gc-start id="368" type="scavenge" contextid="367" timestamp="2019-06-15T19:13:12.035">
  <mem-info id="369" free="2232264" total="8388608" percent="26">
    <mem type="nursery" free="0" total="2097152" percent="0">
      <mem type="allocate" free="0" total="1638400" percent="0" />
      <mem type="survivor" free="0" total="458752" percent="0" />
    </mem>
    <mem type="tenure" free="2232264" total="6291456" percent="35">
      <mem type="soa" free="1917896" total="5977088" percent="32" />
      <mem type="loa" free="314368" total="314368" percent="100" />
    </mem>
    <remembered-set count="145" />
  </mem-info>
</gc-start>
<allocation-stats totalBytes="1285176" >
  <allocated-bytes non-tlh="24" tlh="1285152" />
  <largest-consumer threadName="node-5" threadId="0000000000AB6100" bytes="233440" />
</allocation-stats>
<gc-op id="370" type="scavenge" timems="2.640" contextid="367" timestamp="2019-06-15T19:13:12.038">
  <scavenger-info tenureage="2" tenuremask="7ffc" tiltratio="78" />
  <memory-copied type="nursery" objects="12898" bytes="311784" bytesdiscarded="68376" />
  <memory-copied type="tenure" objects="5869" bytes="140856" bytesdiscarded="0" />
</gc-op>
<gc-end id="371" type="scavenge" contextid="367" durationms="2.824" usertimems="0.000" systemtimems="0.000" timestamp="2019-06-15T19:13:12.038" activeThreads="4">
  <mem-info id="372" free="3451336" total="8388608" percent="41">
    <mem type="nursery" free="1258240" total="2097152" percent="59">
      <mem type="allocate" free="1258240" total="1638400" percent="76" />
      <mem type="survivor" free="0" total="458752" percent="0" />
    </mem>
    <mem type="tenure" free="2193096" total="6291456" percent="34">
      <mem type="soa" free="1878728" total="5977088" percent="31" />
      <mem type="loa" free="314368" total="314368" percent="100" />
    </mem>
    <remembered-set count="127" />
  </mem-info>
</gc-end>
<cycle-end id="373" type="scavenge" contextid="367" timestamp="2019-06-15T19:13:12.038" />
  <attribute name="elasticGC enabled" value="1" />
  <attribute name= "numThreadsSpecified" value="4" />
  <attribute name="heapSize specified" value="8388608" />
  <attribute name="Current GC Util" value="0" />
  <attribute name= "Current Time Running" value="10406" />
  <attribute name ="GC Interval" value="200" />
  <attribute name="ProportionalT" value="-30.000000" />
  <attribute name="ProportionalI" value="-30.000000" />
  <attribute name="ProportionalH" value="-30.000000" />
  <attribute name="Current Error" value="-20.000000" />
  <attribute name="IntegralT" value="-14240.000000" />
  <attribute name="IntegralI" value="-14240.000000" />
  <attribute name="IntegralH" value="-14240.000000" />
  <attribute name="DerivativeT" value="-0.014045" />
  <attribute name="DerivativeI" value="-0.014045" />
  <attribute name="DerivativeH" value="-0.014045" />
  <attribute name="Loop Time for DT" value="712.000000" />
  <attribute name="Output H" value="2092630016"/>
  <attribute name="Output I" value="200"/>
  <attribute name="Output T" value="4"/>
  <attribute name="Target GC Util Change" value ="20.000000" />
  <attribute name="Current GC Util Change" value="0.000000"/>
  <attribute name="GC Util currently" value="0" />
  <attribute name="CPU Util currently" value="3" />
<allocation-satisfied id="374" threadId="0000000000AC1500" bytesRequested="376" />
<af-end id="375" timestamp="2019-06-15T19:13:12.038" threadId="0000000000AC1E88" success="true" from="nursery"/>
<exclusive-end id="376" timestamp="2019-06-15T19:13:12.038" durationms="3.268" />

<exclusive-start id="377" timestamp="2019-06-15T19:13:12.684" intervalms="648.705">
  <response-info timems="0.041" idlems="0.024" threads="1" lastid="0000000000AC5000" lastname="node-2" />
</exclusive-start>
<af-start id="378" threadId="0000000000AB6A88" totalBytesRequested="24" timestamp="2019-06-15T19:13:12.684" intervalms="648.712" type="nursery" />
<cycle-start id="379" type="scavenge" contextid="0" timestamp="2019-06-15T19:13:12.684" intervalms="648.705" />
<gc-start id="380" type="scavenge" contextid="379" timestamp="2019-06-15T19:13:12.684">
  <mem-info id="381" free="2193096" total="8388608" percent="26">
    <mem type="nursery" free="0" total="2097152" percent="0">
      <mem type="allocate" free="0" total="1638400" percent="0" />
      <mem type="survivor" free="0" total="458752" percent="0" />
    </mem>
    <mem type="tenure" free="2193096" total="6291456" percent="34">
      <mem type="soa" free="1878728" total="5977088" percent="31" />
      <mem type="loa" free="314368" total="314368" percent="100" />
    </mem>
    <remembered-set count="145" />
  </mem-info>
</gc-start>
<allocation-stats totalBytes="1256672" >
  <allocated-bytes non-tlh="376" tlh="1256296" />
  <largest-consumer threadName="node-4" threadId="0000000000ABD900" bytes="217832" />
</allocation-stats>
<gc-op id="382" type="scavenge" timems="1.267" contextid="379" timestamp="2019-06-15T19:13:12.685">
  <scavenger-info tenureage="2" tenuremask="7ffc" tiltratio="78" />
  <memory-copied type="nursery" objects="12208" bytes="292752" bytesdiscarded="59760" />
  <memory-copied type="tenure" objects="6751" bytes="162024" bytesdiscarded="8" />
</gc-op>
<gc-end id="383" type="scavenge" contextid="379" durationms="1.549" usertimems="4.000" systemtimems="0.000" timestamp="2019-06-15T19:13:12.685" activeThreads="4">
  <mem-info id="384" free="3400648" total="8388608" percent="40">
    <mem type="nursery" free="1285888" total="2097152" percent="61">
      <mem type="allocate" free="1285888" total="1638400" percent="78" />
      <mem type="survivor" free="0" total="458752" percent="0" />
    </mem>
    <mem type="tenure" free="2114760" total="6291456" percent="33" macro-fragmented="1500163">
      <mem type="soa" free="1800392" total="5977088" percent="30" />
      <mem type="loa" free="314368" total="314368" percent="100" />
    </mem>
    <remembered-set count="120" />
  </mem-info>
</gc-end>
<cycle-end id="385" type="scavenge" contextid="379" timestamp="2019-06-15T19:13:12.685" />
  <attribute name="elasticGC enabled" value="1" />
  <attribute name= "numThreadsSpecified" value="4" />
  <attribute name="heapSize specified" value="8388608" />
  <attribute name="Current GC Util" value="0" />
  <attribute name= "Current Time Running" value="11055" />
  <attribute name ="GC Interval" value="200" />
  <attribute name="ProportionalT" value="-30.000000" />
  <attribute name="ProportionalI" value="-30.000000" />
  <attribute name="ProportionalH" value="-30.000000" />
  <attribute name="Current Error" value="-20.000000" />
  <attribute name="IntegralT" value="-12980.000000" />
  <attribute name="IntegralI" value="-12980.000000" />
  <attribute name="IntegralH" value="-12980.000000" />
  <attribute name="DerivativeT" value="-0.015408" />
  <attribute name="DerivativeI" value="-0.015408" />
  <attribute name="DerivativeH" value="-0.015408" />
  <attribute name="Loop Time for DT" value="649.000000" />
  <attribute name="Output H" value="2092630016"/>
  <attribute name="Output I" value="200"/>
  <attribute name="Output T" value="4"/>
  <attribute name="Target GC Util Change" value ="20.000000" />
  <attribute name="Current GC Util Change" value="0.000000"/>
  <attribute name="GC Util currently" value="0" />
  <attribute name="CPU Util currently" value="4" />
<allocation-satisfied id="386" threadId="0000000000AB6100" bytesRequested="24" />
<af-end id="387" timestamp="2019-06-15T19:13:12.686" threadId="0000000000AB6A88" success="true" from="nursery"/>
<exclusive-end id="388" timestamp="2019-06-15T19:13:12.686" durationms="1.943" />

<exclusive-start id="389" timestamp="2019-06-15T19:13:13.369" intervalms="685.733">
  <response-info timems="0.018" idlems="0.018" threads="0" lastid="0000000000AC5000" lastname="node-2" />
</exclusive-start>
<af-start id="390" threadId="0000000000AC5988" totalBytesRequested="32" timestamp="2019-06-15T19:13:13.369" intervalms="685.731" type="nursery" />
<cycle-start id="391" type="scavenge" contextid="0" timestamp="2019-06-15T19:13:13.370" intervalms="685.738" />
<gc-start id="392" type="scavenge" contextid="391" timestamp="2019-06-15T19:13:13.370">
  <mem-info id="393" free="2114760" total="8388608" percent="25">
    <mem type="nursery" free="0" total="2097152" percent="0">
      <mem type="allocate" free="0" total="1638400" percent="0" />
      <mem type="survivor" free="0" total="458752" percent="0" />
    </mem>
    <mem type="tenure" free="2114760" total="6291456" percent="33">
      <mem type="soa" free="1800392" total="5977088" percent="30" />
      <mem type="loa" free="314368" total="314368" percent="100" />
    </mem>
    <remembered-set count="143" />
  </mem-info>
</gc-start>
<allocation-stats totalBytes="1285280" >
  <allocated-bytes non-tlh="24" tlh="1285256" />
  <largest-consumer threadName="node-5" threadId="0000000000AB6100" bytes="233400" />
</allocation-stats>
<gc-op id="394" type="scavenge" timems="1.126" contextid="391" timestamp="2019-06-15T19:13:13.371">
  <scavenger-info tenureage="2" tenuremask="7ffc" tiltratio="78" />
  <memory-copied type="nursery" objects="12351" bytes="296184" bytesdiscarded="17160" />
  <memory-copied type="tenure" objects="6102" bytes="146448" bytesdiscarded="0" />
</gc-op>
<gc-end id="395" type="scavenge" contextid="391" durationms="1.441" usertimems="4.000" systemtimems="0.000" timestamp="2019-06-15T19:13:13.371" activeThreads="4">
  <mem-info id="396" free="3283144" total="8388608" percent="39">
    <mem type="nursery" free="1325056" total="2097152" percent="63">
      <mem type="allocate" free="1325056" total="1638400" percent="80" />
      <mem type="survivor" free="0" total="458752" percent="0" />
    </mem>
    <mem type="tenure" free="1958088" total="6291456" percent="31" macro-fragmented="1041779">
      <mem type="soa" free="1643720" total="5977088" percent="27" />
      <mem type="loa" free="314368" total="314368" percent="100" />
    </mem>
    <remembered-set count="121" />
  </mem-info>
</gc-end>
<cycle-end id="397" type="scavenge" contextid="391" timestamp="2019-06-15T19:13:13.371" />
  <attribute name="elasticGC enabled" value="1" />
  <attribute name= "numThreadsSpecified" value="4" />
  <attribute name="heapSize specified" value="8388608" />
  <attribute name="Current GC Util" value="0" />
  <attribute name= "Current Time Running" value="11740" />
  <attribute name ="GC Interval" value="200" />
  <attribute name="ProportionalT" value="-30.000000" />
  <attribute name="ProportionalI" value="-30.000000" />
  <attribute name="ProportionalH" value="-30.000000" />
  <attribute name="Current Error" value="-20.000000" />
  <attribute name="IntegralT" value="-13700.000000" />
  <attribute name="IntegralI" value="-13700.000000" />
  <attribute name="IntegralH" value="-13700.000000" />
  <attribute name="DerivativeT" value="-0.014599" />
  <attribute name="DerivativeI" value="-0.014599" />
  <attribute name="DerivativeH" value="-0.014599" />
  <attribute name="Loop Time for DT" value="685.000000" />
  <attribute name="Output H" value="2092630016"/>
  <attribute name="Output I" value="200"/>
  <attribute name="Output T" value="4"/>
  <attribute name="Target GC Util Change" value ="20.000000" />
  <attribute name="Current GC Util Change" value="0.000000"/>
  <attribute name="GC Util currently" value="0" />
  <attribute name="CPU Util currently" value="3" />
<allocation-satisfied id="398" threadId="0000000000AC5000" bytesRequested="32" />
<af-end id="399" timestamp="2019-06-15T19:13:13.371" threadId="0000000000AC5988" success="true" from="nursery"/>
<exclusive-end id="400" timestamp="2019-06-15T19:13:13.372" durationms="2.240" />

<exclusive-start id="401" timestamp="2019-06-15T19:13:13.984" intervalms="614.873">
  <response-info timems="0.025" idlems="0.025" threads="0" lastid="0000000000AC5000" lastname="node-2" />
</exclusive-start>
<af-start id="402" threadId="0000000000AC5988" totalBytesRequested="720" timestamp="2019-06-15T19:13:13.984" intervalms="614.851" type="nursery" />
<cycle-start id="403" type="scavenge" contextid="0" timestamp="2019-06-15T19:13:13.984" intervalms="614.838" />
<gc-start id="404" type="scavenge" contextid="403" timestamp="2019-06-15T19:13:13.984">
  <mem-info id="405" free="1958088" total="8388608" percent="23">
    <mem type="nursery" free="0" total="2097152" percent="0">
      <mem type="allocate" free="0" total="1638400" percent="0" />
      <mem type="survivor" free="0" total="458752" percent="0" />
    </mem>
    <mem type="tenure" free="1958088" total="6291456" percent="31">
      <mem type="soa" free="1643720" total="5977088" percent="27" />
      <mem type="loa" free="314368" total="314368" percent="100" />
    </mem>
    <remembered-set count="144" />
  </mem-info>
</gc-start>
<allocation-stats totalBytes="1324056" >
  <allocated-bytes non-tlh="32" tlh="1324024" />
  <largest-consumer threadName="node-5" threadId="0000000000AB6100" bytes="233424" />
</allocation-stats>
<gc-op id="406" type="scavenge" timems="1.052" contextid="403" timestamp="2019-06-15T19:13:13.986">
  <scavenger-info tenureage="2" tenuremask="7ffc" tiltratio="78" />
  <memory-copied type="nursery" objects="12129" bytes="292088" bytesdiscarded="60424" />
  <memory-copied type="tenure" objects="6076" bytes="145824" bytesdiscarded="0" />
</gc-op>
<gc-end id="407" type="scavenge" contextid="403" durationms="1.466" usertimems="0.000" systemtimems="0.000" timestamp="2019-06-15T19:13:13.986" activeThreads="4">
  <mem-info id="408" free="3152840" total="8388608" percent="37">
    <mem type="nursery" free="1351424" total="2097152" percent="64">
      <mem type="allocate" free="1351424" total="1703936" percent="79" />
      <mem type="survivor" free="0" total="393216" percent="0" />
    </mem>
    <mem type="tenure" free="1801416" total="6291456" percent="28" macro-fragmented="602881">
      <mem type="soa" free="1487048" total="5977088" percent="24" />
      <mem type="loa" free="314368" total="314368" percent="100" />
    </mem>
    <remembered-set count="127" />
  </mem-info>
</gc-end>
<cycle-end id="409" type="scavenge" contextid="403" timestamp="2019-06-15T19:13:13.986" />
  <attribute name="elasticGC enabled" value="1" />
  <attribute name= "numThreadsSpecified" value="4" />
  <attribute name="heapSize specified" value="8388608" />
  <attribute name="Current GC Util" value="0" />
  <attribute name= "Current Time Running" value="12355" />
  <attribute name ="GC Interval" value="200" />
  <attribute name="ProportionalT" value="-30.000000" />
  <attribute name="ProportionalI" value="-30.000000" />
  <attribute name="ProportionalH" value="-30.000000" />
  <attribute name="Current Error" value="-20.000000" />
  <attribute name="IntegralT" value="-12300.000000" />
  <attribute name="IntegralI" value="-12300.000000" />
  <attribute name="IntegralH" value="-12300.000000" />
  <attribute name="DerivativeT" value="-0.016260" />
  <attribute name="DerivativeI" value="-0.016260" />
  <attribute name="DerivativeH" value="-0.016260" />
  <attribute name="Loop Time for DT" value="615.000000" />
  <attribute name="Output H" value="2092630016"/>
  <attribute name="Output I" value="200"/>
  <attribute name="Output T" value="4"/>
  <attribute name="Target GC Util Change" value ="20.000000" />
  <attribute name="Current GC Util Change" value="0.000000"/>
  <attribute name="GC Util currently" value="0" />
  <attribute name="CPU Util currently" value="1" />
<allocation-satisfied id="410" threadId="0000000000AC5000" bytesRequested="720" />
<af-end id="411" timestamp="2019-06-15T19:13:13.986" threadId="0000000000AC5988" success="true" from="nursery"/>
<exclusive-end id="412" timestamp="2019-06-15T19:13:13.986" durationms="1.932" />

<exclusive-start id="413" timestamp="2019-06-15T19:13:14.640" intervalms="655.822">
  <response-info timems="0.020" idlems="0.020" threads="0" lastid="0000000000AC5000" lastname="node-2" />
</exclusive-start>
<af-start id="414" threadId="0000000000AC5988" totalBytesRequested="32" timestamp="2019-06-15T19:13:14.640" intervalms="655.840" type="nursery" />
<cycle-start id="415" type="scavenge" contextid="0" timestamp="2019-06-15T19:13:14.640" intervalms="655.891" />
<gc-start id="416" type="scavenge" contextid="415" timestamp="2019-06-15T19:13:14.640">
  <mem-info id="417" free="1801416" total="8388608" percent="21">
    <mem type="nursery" free="0" total="2097152" percent="0">
      <mem type="allocate" free="0" total="1703936" percent="0" />
      <mem type="survivor" free="0" total="393216" percent="0" />
    </mem>
    <mem type="tenure" free="1801416" total="6291456" percent="28">
      <mem type="soa" free="1487048" total="5977088" percent="24" />
      <mem type="loa" free="314368" total="314368" percent="100" />
    </mem>
    <remembered-set count="143" />
  </mem-info>
</gc-start>
<allocation-stats totalBytes="1350872" >
  <allocated-bytes non-tlh="720" tlh="1350152" />
  <largest-consumer threadName="node-4" threadId="0000000000ABD900" bytes="233408" />
</allocation-stats>
<gc-op id="418" type="scavenge" timems="1.175" contextid="415" timestamp="2019-06-15T19:13:14.642">
  <scavenger-info tenureage="2" tenuremask="7ffc" tiltratio="81" />
  <memory-copied type="nursery" objects="12740" bytes="305520" bytesdiscarded="46992" />
  <memory-copied type="tenure" objects="6245" bytes="149880" bytesdiscarded="0" />
</gc-op>
<gc-end id="419" type="scavenge" contextid="415" durationms="1.627" usertimems="0.000" systemtimems="4.000" timestamp="2019-06-15T19:13:14.642" activeThreads="4">
  <mem-info id="420" free="2996168" total="8388608" percent="35">
    <mem type="nursery" free="1351424" total="2097152" percent="64">
      <mem type="allocate" free="1351424" total="1703936" percent="79" />
      <mem type="survivor" free="0" total="393216" percent="0" />
    </mem>
    <mem type="tenure" free="1644744" total="6291456" percent="26" macro-fragmented="868149">
      <mem type="soa" free="1330376" total="5977088" percent="22" />
      <mem type="loa" free="314368" total="314368" percent="100" />
    </mem>
    <remembered-set count="119" />
  </mem-info>
</gc-end>
<cycle-end id="421" type="scavenge" contextid="415" timestamp="2019-06-15T19:13:14.642" />
  <attribute name="elasticGC enabled" value="1" />
  <attribute name= "numThreadsSpecified" value="4" />
  <attribute name="heapSize specified" value="8388608" />
  <attribute name="Current GC Util" value="0" />
  <attribute name= "Current Time Running" value="13011" />
  <attribute name ="GC Interval" value="200" />
  <attribute name="ProportionalT" value="-30.000000" />
  <attribute name="ProportionalI" value="-30.000000" />
  <attribute name="ProportionalH" value="-30.000000" />
  <attribute name="Current Error" value="-20.000000" />
  <attribute name="IntegralT" value="-13120.000000" />
  <attribute name="IntegralI" value="-13120.000000" />
  <attribute name="IntegralH" value="-13120.000000" />
  <attribute name="DerivativeT" value="-0.015244" />
  <attribute name="DerivativeI" value="-0.015244" />
  <attribute name="DerivativeH" value="-0.015244" />
  <attribute name="Loop Time for DT" value="656.000000" />
  <attribute name="Output H" value="2092630016"/>
  <attribute name="Output I" value="200"/>
  <attribute name="Output T" value="4"/>
  <attribute name="Target GC Util Change" value ="20.000000" />
  <attribute name="Current GC Util Change" value="0.000000"/>
  <attribute name="GC Util currently" value="0" />
  <attribute name="CPU Util currently" value="2" />
<allocation-satisfied id="422" threadId="0000000000AC5000" bytesRequested="32" />
<af-end id="423" timestamp="2019-06-15T19:13:14.642" threadId="0000000000AC5988" success="true" from="nursery"/>
<exclusive-end id="424" timestamp="2019-06-15T19:13:14.642" durationms="2.342" />

<exclusive-start id="425" timestamp="2019-06-15T19:13:15.328" intervalms="687.794">
  <response-info timems="0.029" idlems="0.029" threads="0" lastid="0000000000AB9D00" lastname="node-0" />
</exclusive-start>
<af-start id="426" threadId="0000000000ABA688" totalBytesRequested="32" timestamp="2019-06-15T19:13:15.328" intervalms="688.100" type="nursery" />
<cycle-start id="427" type="scavenge" contextid="0" timestamp="2019-06-15T19:13:15.328" intervalms="688.102" />
<gc-start id="428" type="scavenge" contextid="427" timestamp="2019-06-15T19:13:15.328">
  <mem-info id="429" free="1644744" total="8388608" percent="19">
    <mem type="nursery" free="0" total="2097152" percent="0">
      <mem type="allocate" free="0" total="1703936" percent="0" />
      <mem type="survivor" free="0" total="393216" percent="0" />
    </mem>
    <mem type="tenure" free="1644744" total="6291456" percent="26">
      <mem type="soa" free="1330376" total="5977088" percent="22" />
      <mem type="loa" free="314368" total="314368" percent="100" />
    </mem>
    <remembered-set count="142" />
  </mem-info>
</gc-start>
<allocation-stats totalBytes="1350264" >
  <allocated-bytes non-tlh="32" tlh="1350232" />
  <largest-consumer threadName="node-2" threadId="0000000000AC5000" bytes="249568" />
</allocation-stats>
<gc-op id="430" type="scavenge" timems="2.624" contextid="427" timestamp="2019-06-15T19:13:15.331">
  <scavenger-info tenureage="2" tenuremask="7ffc" tiltratio="81" />
  <memory-copied type="nursery" objects="12868" bytes="308592" bytesdiscarded="84624" />
  <memory-copied type="tenure" objects="5839" bytes="140136" bytesdiscarded="0" />
</gc-op>
<gc-end id="431" type="scavenge" contextid="427" durationms="3.177" usertimems="4.000" systemtimems="0.000" timestamp="2019-06-15T19:13:15.332" activeThreads="4">
  <mem-info id="432" free="2807240" total="8388608" percent="33">
    <mem type="nursery" free="1310720" total="2097152" percent="62">
      <mem type="allocate" free="1310720" total="1703936" percent="76" />
      <mem type="survivor" free="0" total="393216" percent="0" />
    </mem>
    <mem type="tenure" free="1496520" total="6291456" percent="23" macro-fragmented="602881">
      <mem type="soa" free="1182152" total="5977088" percent="19" />
      <mem type="loa" free="314368" total="314368" percent="100" />
    </mem>
    <remembered-set count="120" />
  </mem-info>
</gc-end>
<cycle-end id="433" type="scavenge" contextid="427" timestamp="2019-06-15T19:13:15.332" />
  <attribute name="elasticGC enabled" value="1" />
  <attribute name= "numThreadsSpecified" value="4" />
  <attribute name="heapSize specified" value="8388608" />
  <attribute name="Current GC Util" value="0" />
  <attribute name= "Current Time Running" value="13699" />
  <attribute name ="GC Interval" value="200" />
  <attribute name="ProportionalT" value="-30.000000" />
  <attribute name="ProportionalI" value="-30.000000" />
  <attribute name="ProportionalH" value="-30.000000" />
  <attribute name="Current Error" value="-20.000000" />
  <attribute name="IntegralT" value="-13760.000000" />
  <attribute name="IntegralI" value="-13760.000000" />
  <attribute name="IntegralH" value="-13760.000000" />
  <attribute name="DerivativeT" value="-0.014535" />
  <attribute name="DerivativeI" value="-0.014535" />
  <attribute name="DerivativeH" value="-0.014535" />
  <attribute name="Loop Time for DT" value="688.000000" />
  <attribute name="Output H" value="2092630016"/>
  <attribute name="Output I" value="200"/>
  <attribute name="Output T" value="4"/>
  <attribute name="Target GC Util Change" value ="20.000000" />
  <attribute name="Current GC Util Change" value="0.000000"/>
  <attribute name="GC Util currently" value="0" />
  <attribute name="CPU Util currently" value="3" />
<allocation-satisfied id="434" threadId="0000000000AB9D00" bytesRequested="32" />
<af-end id="435" timestamp="2019-06-15T19:13:15.332" threadId="0000000000ABA688" success="true" from="nursery"/>
<exclusive-end id="436" timestamp="2019-06-15T19:13:15.332" durationms="4.351" />

<exclusive-start id="437" timestamp="2019-06-15T19:13:15.947" intervalms="619.255">
  <response-info timems="0.027" idlems="0.027" threads="0" lastid="0000000000AB9D00" lastname="node-0" />
</exclusive-start>
<af-start id="438" threadId="0000000000ABA688" totalBytesRequested="376" timestamp="2019-06-15T19:13:15.947" intervalms="618.959" type="nursery" />
<cycle-start id="439" type="scavenge" contextid="0" timestamp="2019-06-15T19:13:15.947" intervalms="618.921" />
<gc-start id="440" type="scavenge" contextid="439" timestamp="2019-06-15T19:13:15.947">
  <mem-info id="441" free="1496520" total="8388608" percent="17">
    <mem type="nursery" free="0" total="2097152" percent="0">
      <mem type="allocate" free="0" total="1703936" percent="0" />
      <mem type="survivor" free="0" total="393216" percent="0" />
    </mem>
    <mem type="tenure" free="1496520" total="6291456" percent="23">
      <mem type="soa" free="1182152" total="5977088" percent="19" />
      <mem type="loa" free="314368" total="314368" percent="100" />
    </mem>
    <remembered-set count="143" />
  </mem-info>
</gc-start>
<allocation-stats totalBytes="1309528" >
  <allocated-bytes non-tlh="32" tlh="1309496" />
  <largest-consumer threadName="node-4" threadId="0000000000ABD900" bytes="233424" />
</allocation-stats>
<gc-op id="442" type="scavenge" timems="2.694" contextid="439" timestamp="2019-06-15T19:13:15.950">
  <scavenger-info tenureage="2" tenuremask="7ffc" tiltratio="81" />
  <memory-copied type="nursery" objects="11987" bytes="289448" bytesdiscarded="29272" />
  <memory-copied type="tenure" objects="6871" bytes="164904" bytesdiscarded="0" />
</gc-op>
<gc-end id="443" type="scavenge" contextid="439" durationms="3.226" usertimems="4.000" systemtimems="0.000" timestamp="2019-06-15T19:13:15.951" activeThreads="4">
  <mem-info id="444" free="2733512" total="8388608" percent="32">
    <mem type="nursery" free="1385216" total="2097152" percent="66">
      <mem type="allocate" free="1385216" total="1703936" percent="81" />
      <mem type="survivor" free="0" total="393216" percent="0" />
    </mem>
    <mem type="tenure" free="1348296" total="6291456" percent="21" macro-fragmented="0">
      <mem type="soa" free="1033928" total="5977088" percent="17" />
      <mem type="loa" free="314368" total="314368" percent="100" />
    </mem>
    <remembered-set count="123" />
  </mem-info>
</gc-end>
<cycle-end id="445" type="scavenge" contextid="439" timestamp="2019-06-15T19:13:15.951" />
  <attribute name="elasticGC enabled" value="1" />
  <attribute name= "numThreadsSpecified" value="4" />
  <attribute name="heapSize specified" value="8388608" />
  <attribute name="Current GC Util" value="0" />
  <attribute name= "Current Time Running" value="14318" />
  <attribute name ="GC Interval" value="200" />
  <attribute name="ProportionalT" value="-30.000000" />
  <attribute name="ProportionalI" value="-30.000000" />
  <attribute name="ProportionalH" value="-30.000000" />
  <attribute name="Current Error" value="-20.000000" />
  <attribute name="IntegralT" value="-12380.000000" />
  <attribute name="IntegralI" value="-12380.000000" />
  <attribute name="IntegralH" value="-12380.000000" />
  <attribute name="DerivativeT" value="-0.016155" />
  <attribute name="DerivativeI" value="-0.016155" />
  <attribute name="DerivativeH" value="-0.016155" />
  <attribute name="Loop Time for DT" value="619.000000" />
  <attribute name="Output H" value="2092630016"/>
  <attribute name="Output I" value="200"/>
  <attribute name="Output T" value="4"/>
  <attribute name="Target GC Util Change" value ="20.000000" />
  <attribute name="Current GC Util Change" value="0.000000"/>
  <attribute name="GC Util currently" value="0" />
  <attribute name="CPU Util currently" value="3" />
<allocation-satisfied id="446" threadId="0000000000AB9D00" bytesRequested="376" />
<af-end id="447" timestamp="2019-06-15T19:13:15.951" threadId="0000000000ABA688" success="true" from="nursery"/>
<exclusive-end id="448" timestamp="2019-06-15T19:13:15.951" durationms="3.901" />

<exclusive-start id="449" timestamp="2019-06-15T19:13:16.675" intervalms="727.918">
  <response-info timems="0.028" idlems="0.028" threads="0" lastid="0000000000AB2500" lastname="node-1" />
</exclusive-start>
<af-start id="450" threadId="0000000000AB2E88" totalBytesRequested="376" timestamp="2019-06-15T19:13:16.675" intervalms="727.912" type="nursery" />
<cycle-start id="451" type="scavenge" contextid="0" timestamp="2019-06-15T19:13:16.675" intervalms="727.900" />
<gc-start id="452" type="scavenge" contextid="451" timestamp="2019-06-15T19:13:16.675">
  <mem-info id="453" free="1348296" total="8388608" percent="16">
    <mem type="nursery" free="0" total="2097152" percent="0">
      <mem type="allocate" free="0" total="1703936" percent="0" />
      <mem type="survivor" free="0" total="393216" percent="0" />
    </mem>
    <mem type="tenure" free="1348296" total="6291456" percent="21">
      <mem type="soa" free="1033928" total="5977088" percent="17" />
      <mem type="loa" free="314368" total="314368" percent="100" />
    </mem>
    <remembered-set count="142" />
  </mem-info>
</gc-start>
<allocation-stats totalBytes="1383096" >
  <allocated-bytes non-tlh="376" tlh="1382720" />
  <largest-consumer threadName="node-2" threadId="0000000000AC5000" bytes="245224" />
</allocation-stats>
<gc-op id="454" type="scavenge" timems="1.131" contextid="451" timestamp="2019-06-15T19:13:16.676">
  <scavenger-info tenureage="2" tenuremask="7ffc" tiltratio="81" />
  <memory-copied type="nursery" objects="12284" bytes="296576" bytesdiscarded="55936" />
  <memory-copied type="tenure" objects="5967" bytes="143208" bytesdiscarded="0" />
</gc-op>
<gc-end id="455" type="scavenge" contextid="451" durationms="1.372" usertimems="4.000" systemtimems="0.000" timestamp="2019-06-15T19:13:16.677" activeThreads="4">
  <mem-info id="456" free="2582216" total="8388608" percent="30">
    <mem type="nursery" free="1351424" total="2097152" percent="64">
      <mem type="allocate" free="1351424" total="1703936" percent="79" />
      <mem type="survivor" free="0" total="393216" percent="0" />
    </mem>
    <mem type="tenure" free="1230792" total="6291456" percent="19" macro-fragmented="602881">
      <mem type="soa" free="916424" total="5977088" percent="15" />
      <mem type="loa" free="314368" total="314368" percent="100" />
    </mem>
    <remembered-set count="123" />
  </mem-info>
</gc-end>
<cycle-end id="457" type="scavenge" contextid="451" timestamp="2019-06-15T19:13:16.677" />
  <attribute name="elasticGC enabled" value="1" />
  <attribute name= "numThreadsSpecified" value="4" />
  <attribute name="heapSize specified" value="8388608" />
  <attribute name="Current GC Util" value="0" />
  <attribute name= "Current Time Running" value="15046" />
  <attribute name ="GC Interval" value="200" />
  <attribute name="ProportionalT" value="-30.000000" />
  <attribute name="ProportionalI" value="-30.000000" />
  <attribute name="ProportionalH" value="-30.000000" />
  <attribute name="Current Error" value="-20.000000" />
  <attribute name="IntegralT" value="-14560.000000" />
  <attribute name="IntegralI" value="-14560.000000" />
  <attribute name="IntegralH" value="-14560.000000" />
  <attribute name="DerivativeT" value="-0.013736" />
  <attribute name="DerivativeI" value="-0.013736" />
  <attribute name="DerivativeH" value="-0.013736" />
  <attribute name="Loop Time for DT" value="728.000000" />
  <attribute name="Output H" value="2092630016"/>
  <attribute name="Output I" value="200"/>
  <attribute name="Output T" value="4"/>
  <attribute name="Target GC Util Change" value ="20.000000" />
  <attribute name="Current GC Util Change" value="0.000000"/>
  <attribute name="GC Util currently" value="0" />
  <attribute name="CPU Util currently" value="16" />
<allocation-satisfied id="458" threadId="0000000000AB2500" bytesRequested="376" />
<af-end id="459" timestamp="2019-06-15T19:13:16.677" threadId="0000000000AB2E88" success="true" from="nursery"/>
<exclusive-end id="460" timestamp="2019-06-15T19:13:16.677" durationms="1.823" />

<exclusive-start id="461" timestamp="2019-06-15T19:13:17.366" intervalms="690.984">
  <response-info timems="0.028" idlems="0.028" threads="0" lastid="0000000000AB2500" lastname="node-1" />
</exclusive-start>
<af-start id="462" threadId="0000000000AB2E88" totalBytesRequested="32" timestamp="2019-06-15T19:13:17.366" intervalms="690.974" type="nursery" />
<cycle-start id="463" type="scavenge" contextid="0" timestamp="2019-06-15T19:13:17.366" intervalms="690.971" />
<gc-start id="464" type="scavenge" contextid="463" timestamp="2019-06-15T19:13:17.366">
  <mem-info id="465" free="1230792" total="8388608" percent="14">
    <mem type="nursery" free="0" total="2097152" percent="0">
      <mem type="allocate" free="0" total="1703936" percent="0" />
      <mem type="survivor" free="0" total="393216" percent="0" />
    </mem>
    <mem type="tenure" free="1230792" total="6291456" percent="19">
      <mem type="soa" free="916424" total="5977088" percent="15" />
      <mem type="loa" free="314368" total="314368" percent="100" />
    </mem>
    <remembered-set count="142" />
  </mem-info>
</gc-start>
<allocation-stats totalBytes="1350672" >
  <allocated-bytes non-tlh="376" tlh="1350296" />
  <largest-consumer threadName="node-3" threadId="0000000000AC1500" bytes="233448" />
</allocation-stats>
<gc-op id="466" type="scavenge" timems="1.287" contextid="463" timestamp="2019-06-15T19:13:17.368">
  <scavenger-info tenureage="2" tenuremask="7ffc" tiltratio="81" />
  <memory-copied type="nursery" objects="13209" bytes="316776" bytesdiscarded="74904" />
  <memory-copied type="tenure" objects="5978" bytes="143472" bytesdiscarded="0" />
</gc-op>
<gc-end id="467" type="scavenge" contextid="463" durationms="1.662" usertimems="4.000" systemtimems="0.000" timestamp="2019-06-15T19:13:17.368" activeThreads="4">
  <mem-info id="468" free="2386376" total="8388608" percent="28">
    <mem type="nursery" free="1312256" total="2097152" percent="62">
      <mem type="allocate" free="1312256" total="1703936" percent="77" />
      <mem type="survivor" free="0" total="393216" percent="0" />
    </mem>
    <mem type="tenure" free="1074120" total="6291456" percent="17" macro-fragmented="1014199">
      <mem type="soa" free="759752" total="5977088" percent="12" />
      <mem type="loa" free="314368" total="314368" percent="100" />
    </mem>
    <remembered-set count="120" />
  </mem-info>
</gc-end>
<cycle-end id="469" type="scavenge" contextid="463" timestamp="2019-06-15T19:13:17.368" />
  <attribute name="elasticGC enabled" value="1" />
  <attribute name= "numThreadsSpecified" value="4" />
  <attribute name="heapSize specified" value="8388608" />
  <attribute name="Current GC Util" value="0" />
  <attribute name= "Current Time Running" value="15737" />
  <attribute name ="GC Interval" value="200" />
  <attribute name="ProportionalT" value="-30.000000" />
  <attribute name="ProportionalI" value="-30.000000" />
  <attribute name="ProportionalH" value="-30.000000" />
  <attribute name="Current Error" value="-20.000000" />
  <attribute name="IntegralT" value="-13820.000000" />
  <attribute name="IntegralI" value="-13820.000000" />
  <attribute name="IntegralH" value="-13820.000000" />
  <attribute name="DerivativeT" value="-0.014472" />
  <attribute name="DerivativeI" value="-0.014472" />
  <attribute name="DerivativeH" value="-0.014472" />
  <attribute name="Loop Time for DT" value="691.000000" />
  <attribute name="Output H" value="2092630016"/>
  <attribute name="Output I" value="200"/>
  <attribute name="Output T" value="4"/>
  <attribute name="Target GC Util Change" value ="20.000000" />
  <attribute name="Current GC Util Change" value="0.000000"/>
  <attribute name="GC Util currently" value="0" />
  <attribute name="CPU Util currently" value="3" />
<allocation-satisfied id="470" threadId="0000000000AB2500" bytesRequested="32" />
<af-end id="471" timestamp="2019-06-15T19:13:17.368" threadId="0000000000AB2E88" success="true" from="nursery"/>
<exclusive-end id="472" timestamp="2019-06-15T19:13:17.368" durationms="2.194" />

<exclusive-start id="473" timestamp="2019-06-15T19:13:17.984" intervalms="617.617">
  <response-info timems="0.038" idlems="0.038" threads="0" lastid="0000000000AB9D00" lastname="node-0" />
</exclusive-start>
<af-start id="474" threadId="0000000000ABA688" totalBytesRequested="24" timestamp="2019-06-15T19:13:17.984" intervalms="617.627" type="nursery" />
<cycle-start id="475" type="scavenge" contextid="0" timestamp="2019-06-15T19:13:17.984" intervalms="617.641" />
<gc-start id="476" type="scavenge" contextid="475" timestamp="2019-06-15T19:13:17.984">
  <mem-info id="477" free="1074120" total="8388608" percent="12">
    <mem type="nursery" free="0" total="2097152" percent="0">
      <mem type="allocate" free="0" total="1703936" percent="0" />
      <mem type="survivor" free="0" total="393216" percent="0" />
    </mem>
    <mem type="tenure" free="1074120" total="6291456" percent="17">
      <mem type="soa" free="759752" total="5977088" percent="12" />
      <mem type="loa" free="314368" total="314368" percent="100" />
    </mem>
    <remembered-set count="143" />
  </mem-info>
</gc-start>
<allocation-stats totalBytes="1310848" >
  <allocated-bytes non-tlh="32" tlh="1310816" />
  <largest-consumer threadName="node-4" threadId="0000000000ABD900" bytes="233304" />
</allocation-stats>
<gc-op id="478" type="scavenge" timems="2.645" contextid="475" timestamp="2019-06-15T19:13:17.987">
  <scavenger-info tenureage="2" tenuremask="7ffc" tiltratio="81" />
  <memory-copied type="nursery" objects="12622" bytes="304560" bytesdiscarded="88656" />
  <memory-copied type="tenure" objects="6264" bytes="150336" bytesdiscarded="0" />
</gc-op>
<gc-end id="479" type="scavenge" contextid="475" durationms="3.070" usertimems="0.000" systemtimems="0.000" timestamp="2019-06-15T19:13:17.987" activeThreads="4">
  <mem-info id="480" free="2136008" total="8388608" percent="25">
    <mem type="nursery" free="1310720" total="2097152" percent="62">
      <mem type="allocate" free="1310720" total="1703936" percent="76" />
      <mem type="survivor" free="0" total="393216" percent="0" />
    </mem>
    <mem type="tenure" free="825288" total="6291456" percent="13" macro-fragmented="0">
      <mem type="soa" free="510920" total="5977088" percent="8" />
      <mem type="loa" free="314368" total="314368" percent="100" />
    </mem>
    <remembered-set count="129" />
  </mem-info>
</gc-end>
<cycle-end id="481" type="scavenge" contextid="475" timestamp="2019-06-15T19:13:17.987" />
  <attribute name="elasticGC enabled" value="1" />
  <attribute name= "numThreadsSpecified" value="4" />
  <attribute name="heapSize specified" value="8388608" />
  <attribute name="Current GC Util" value="0" />
  <attribute name= "Current Time Running" value="16355" />
  <attribute name ="GC Interval" value="200" />
  <attribute name="ProportionalT" value="-30.000000" />
  <attribute name="ProportionalI" value="-30.000000" />
  <attribute name="ProportionalH" value="-30.000000" />
  <attribute name="Current Error" value="-20.000000" />
  <attribute name="IntegralT" value="-12360.000000" />
  <attribute name="IntegralI" value="-12360.000000" />
  <attribute name="IntegralH" value="-12360.000000" />
  <attribute name="DerivativeT" value="-0.016181" />
  <attribute name="DerivativeI" value="-0.016181" />
  <attribute name="DerivativeH" value="-0.016181" />
  <attribute name="Loop Time for DT" value="618.000000" />
  <attribute name="Output H" value="2092630016"/>
  <attribute name="Output I" value="200"/>
  <attribute name="Output T" value="4"/>
  <attribute name="Target GC Util Change" value ="20.000000" />
  <attribute name="Current GC Util Change" value="0.000000"/>
  <attribute name="GC Util currently" value="0" />
  <attribute name="CPU Util currently" value="3" />
<allocation-satisfied id="482" threadId="0000000000AB9D00" bytesRequested="24" />
<af-end id="483" timestamp="2019-06-15T19:13:17.987" threadId="0000000000ABA688" success="true" from="nursery"/>
<exclusive-end id="484" timestamp="2019-06-15T19:13:17.987" durationms="3.605" />

<exclusive-start id="485" timestamp="2019-06-15T19:13:18.644" intervalms="660.867">
  <response-info timems="0.030" idlems="0.030" threads="0" lastid="0000000000AC1500" lastname="node-3" />
</exclusive-start>
<af-start id="486" threadId="0000000000AC1E88" totalBytesRequested="24" timestamp="2019-06-15T19:13:18.645" intervalms="660.858" type="nursery" />
<cycle-start id="487" type="scavenge" contextid="0" timestamp="2019-06-15T19:13:18.645" intervalms="660.851" />
<gc-start id="488" type="scavenge" contextid="487" timestamp="2019-06-15T19:13:18.645">
  <mem-info id="489" free="825288" total="8388608" percent="9">
    <mem type="nursery" free="0" total="2097152" percent="0">
      <mem type="allocate" free="0" total="1703936" percent="0" />
      <mem type="survivor" free="0" total="393216" percent="0" />
    </mem>
    <mem type="tenure" free="825288" total="6291456" percent="13">
      <mem type="soa" free="510920" total="5977088" percent="8" />
      <mem type="loa" free="314368" total="314368" percent="100" />
    </mem>
    <remembered-set count="143" />
  </mem-info>
</gc-start>
<allocation-stats totalBytes="1309008" >
  <allocated-bytes non-tlh="24" tlh="1308984" />
  <largest-consumer threadName="node-2" threadId="0000000000AC5000" bytes="233432" />
</allocation-stats>
<gc-op id="490" type="scavenge" timems="1.093" contextid="487" timestamp="2019-06-15T19:13:18.646">
  <scavenger-info tenureage="2" tenuremask="7ffc" tiltratio="81" />
  <memory-copied type="nursery" objects="11291" bytes="270744" bytesdiscarded="3432" />
  <memory-copied type="tenure" objects="6915" bytes="165960" bytesdiscarded="0" />
</gc-op>
<gc-end id="491" type="scavenge" contextid="487" durationms="1.373" usertimems="0.000" systemtimems="0.000" timestamp="2019-06-15T19:13:18.646" activeThreads="4">
  <mem-info id="492" free="2098376" total="8388608" percent="25">
    <mem type="nursery" free="1429760" total="2097152" percent="68">
      <mem type="allocate" free="1429760" total="1703936" percent="83" />
      <mem type="survivor" free="0" total="393216" percent="0" />
    </mem>
    <mem type="tenure" free="668616" total="6291456" percent="10" macro-fragmented="1469">
      <mem type="soa" free="354248" total="5977088" percent="5" />
      <mem type="loa" free="314368" total="314368" percent="100" />
    </mem>
    <remembered-set count="117" />
  </mem-info>
</gc-end>
<cycle-end id="493" type="scavenge" contextid="487" timestamp="2019-06-15T19:13:18.646" />
  <attribute name="elasticGC enabled" value="1" />
  <attribute name= "numThreadsSpecified" value="4" />
  <attribute name="heapSize specified" value="8388608" />
  <attribute name="Current GC Util" value="0" />
  <attribute name= "Current Time Running" value="17015" />
  <attribute name ="GC Interval" value="200" />
  <attribute name="ProportionalT" value="-30.000000" />
  <attribute name="ProportionalI" value="-30.000000" />
  <attribute name="ProportionalH" value="-30.000000" />
  <attribute name="Current Error" value="-20.000000" />
  <attribute name="IntegralT" value="-13200.000000" />
  <attribute name="IntegralI" value="-13200.000000" />
  <attribute name="IntegralH" value="-13200.000000" />
  <attribute name="DerivativeT" value="-0.015152" />
  <attribute name="DerivativeI" value="-0.015152" />
  <attribute name="DerivativeH" value="-0.015152" />
  <attribute name="Loop Time for DT" value="660.000000" />
  <attribute name="Output H" value="2092630016"/>
  <attribute name="Output I" value="200"/>
  <attribute name="Output T" value="4"/>
  <attribute name="Target GC Util Change" value ="20.000000" />
  <attribute name="Current GC Util Change" value="0.000000"/>
  <attribute name="GC Util currently" value="0" />
  <attribute name="CPU Util currently" value="3" />
<allocation-satisfied id="494" threadId="0000000000AC1500" bytesRequested="24" />
<af-end id="495" timestamp="2019-06-15T19:13:18.646" threadId="0000000000AC1E88" success="true" from="nursery"/>
<exclusive-end id="496" timestamp="2019-06-15T19:13:18.646" durationms="1.987" />

<exclusive-start id="497" timestamp="2019-06-15T19:13:19.347" intervalms="702.026">
  <response-info timems="0.026" idlems="0.026" threads="0" lastid="0000000000AB6100" lastname="node-5" />
</exclusive-start>
<af-start id="498" threadId="0000000000AB6A88" totalBytesRequested="32" timestamp="2019-06-15T19:13:19.347" intervalms="702.024" type="nursery" />
<cycle-start id="499" type="scavenge" contextid="0" timestamp="2019-06-15T19:13:19.347" intervalms="702.017" />
<gc-start id="500" type="scavenge" contextid="499" timestamp="2019-06-15T19:13:19.347">
  <mem-info id="501" free="668616" total="8388608" percent="7">
    <mem type="nursery" free="0" total="2097152" percent="0">
      <mem type="allocate" free="0" total="1703936" percent="0" />
      <mem type="survivor" free="0" total="393216" percent="0" />
    </mem>
    <mem type="tenure" free="668616" total="6291456" percent="10">
      <mem type="soa" free="354248" total="5977088" percent="5" />
      <mem type="loa" free="314368" total="314368" percent="100" />
    </mem>
    <remembered-set count="140" />
  </mem-info>
</gc-start>
<allocation-stats totalBytes="1428576" >
  <allocated-bytes non-tlh="24" tlh="1428552" />
  <largest-consumer threadName="node-3" threadId="0000000000AC1500" bytes="257904" />
</allocation-stats>
<gc-op id="502" type="scavenge" timems="1.251" contextid="499" timestamp="2019-06-15T19:13:19.348">
  <scavenger-info tenureage="2" tenuremask="7ffc" tiltratio="81" />
  <memory-copied type="nursery" objects="12658" bytes="303552" bytesdiscarded="9792" />
  <memory-copied type="tenure" objects="5662" bytes="135888" bytesdiscarded="0" />
</gc-op>
<gc-end id="503" type="scavenge" contextid="499" durationms="1.875" usertimems="0.000" systemtimems="4.000" timestamp="2019-06-15T19:13:19.349" activeThreads="4">
  <mem-info id="504" free="1941704" total="8388608" percent="23">
    <mem type="nursery" free="1390592" total="2097152" percent="66">
      <mem type="allocate" free="1390592" total="1703936" percent="81" />
      <mem type="survivor" free="0" total="393216" percent="0" />
    </mem>
    <mem type="tenure" free="551112" total="6291456" percent="8" macro-fragmented="0">
      <mem type="soa" free="236744" total="5977088" percent="3" />
      <mem type="loa" free="314368" total="314368" percent="100" />
    </mem>
    <remembered-set count="119" />
  </mem-info>
</gc-end>
<cycle-end id="505" type="scavenge" contextid="499" timestamp="2019-06-15T19:13:19.349" />
  <attribute name="elasticGC enabled" value="1" />
  <attribute name= "numThreadsSpecified" value="4" />
  <attribute name="heapSize specified" value="8388608" />
  <attribute name="Current GC Util" value="0" />
  <attribute name= "Current Time Running" value="17718" />
  <attribute name ="GC Interval" value="200" />
  <attribute name="ProportionalT" value="-30.000000" />
  <attribute name="ProportionalI" value="-30.000000" />
  <attribute name="ProportionalH" value="-30.000000" />
  <attribute name="Current Error" value="-20.000000" />
  <attribute name="IntegralT" value="-14060.000000" />
  <attribute name="IntegralI" value="-14060.000000" />
  <attribute name="IntegralH" value="-14060.000000" />
  <attribute name="DerivativeT" value="-0.014225" />
  <attribute name="DerivativeI" value="-0.014225" />
  <attribute name="DerivativeH" value="-0.014225" />
  <attribute name="Loop Time for DT" value="703.000000" />
  <attribute name="Output H" value="2092630016"/>
  <attribute name="Output I" value="200"/>
  <attribute name="Output T" value="4"/>
  <attribute name="Target GC Util Change" value ="20.000000" />
  <attribute name="Current GC Util Change" value="0.000000"/>
  <attribute name="GC Util currently" value="0" />
  <attribute name="CPU Util currently" value="2" />
<allocation-satisfied id="506" threadId="0000000000AB6100" bytesRequested="32" />
<af-end id="507" timestamp="2019-06-15T19:13:19.349" threadId="0000000000AB6A88" success="true" from="nursery"/>
<exclusive-end id="508" timestamp="2019-06-15T19:13:19.349" durationms="2.551" />

<concurrent-kickoff id="509" timestamp="2019-06-15T19:13:19.977">
  <kickoff reason="threshold reached" targetBytes="1867303" thresholdFreeBytes="258006"  remainingFree="235488" tenureFreeBytes="551112" nurseryFreeBytes="235488" />
</concurrent-kickoff>
<exclusive-start id="510" timestamp="2019-06-15T19:13:19.977" intervalms="630.957">
  <response-info timems="0.066" idlems="0.035" threads="1" lastid="0000000000AB2500" lastname="node-1" />
</exclusive-start>
<cycle-start id="511" type="global" contextid="0" timestamp="2019-06-15T19:13:19.978" intervalms="17667.125" />
<exclusive-end id="512" timestamp="2019-06-15T19:13:19.978" durationms="0.154" />

<exclusive-start id="513" timestamp="2019-06-15T19:13:20.113" intervalms="135.476">
  <response-info timems="0.026" idlems="0.026" threads="0" lastid="0000000000AB6100" lastname="node-5" />
</exclusive-start>
<af-start id="514" threadId="0000000000AB6A88" totalBytesRequested="32" timestamp="2019-06-15T19:13:20.113" intervalms="766.753" type="nursery" />
<percolate-collect id="515" from="nursery" to="global" reason="concurrent mark exhausted" timestamp="2019-06-15T19:13:20.113"/>
<gc-start id="516" type="global" contextid="511" timestamp="2019-06-15T19:13:20.113">
  <mem-info id="517" free="551112" total="8388608" percent="6">
    <mem type="nursery" free="0" total="2097152" percent="0">
      <mem type="allocate" free="0" total="1703936" percent="0" />
      <mem type="survivor" free="0" total="393216" percent="0" />
    </mem>
    <mem type="tenure" free="551112" total="6291456" percent="8">
      <mem type="soa" free="236744" total="5977088" percent="3" />
      <mem type="loa" free="314368" total="314368" percent="100" />
    </mem>
    <remembered-set count="142" />
  </mem-info>
</gc-start>
<allocation-stats totalBytes="1389952" >
  <allocated-bytes non-tlh="32" tlh="1389920" />
  <largest-consumer threadName="node-1" threadId="0000000000AB2500" bytes="233448" />
</allocation-stats>
<concurrent-halted id="518" timestamp="2019-06-15T19:13:20.114">
  <halted state="Complete" status="exhausted" />
  <traced bytesTarget="1867303" bytesTotal="1455840" bytesByMutator="95912" bytesByHelper="1359928" percent="77" />
  <cards cleaned="25" thresholdBytes="101638" />
</concurrent-halted>
<gc-op id="519" type="rs-scan" timems="1.248" contextid="511" timestamp="2019-06-15T19:13:20.115">
  <scan objectsFound="39" bytesTraced="4048" workStackOverflowCount="0" />
</gc-op>
<gc-op id="520" type="card-cleaning" timems="1.221" contextid="511" timestamp="2019-06-15T19:13:20.116">
  <card-cleaning cardsCleaned="28" bytesTraced="11128" workStackOverflowCount="0" />
</gc-op>
<gc-op id="521" type="mark" timems="5.492" contextid="511" timestamp="2019-06-15T19:13:20.122">
  <trace-info objectcount="262" scancount="221" scanbytes="5832" />
  <finalization candidates="13" enqueued="0" />
  <references type="soft" candidates="66" cleared="0" enqueued="0" dynamicThreshold="28" maxThreshold="32" />
  <references type="weak" candidates="130" cleared="0" enqueued="0" />
  <references type="phantom" candidates="32" cleared="2" enqueued="2" />
  <stringconstants candidates="3831" cleared="0"  />
</gc-op>
<gc-op id="522" type="sweep" timems="1.683" contextid="511" timestamp="2019-06-15T19:13:20.124" />
<mem-info id="523" free="5644480" total="8388608" percent="67">
  <mem type="nursery" free="1695704" total="2097152" percent="80">
    <mem type="allocate" free="1695704" total="1703936" percent="99" />
    <mem type="survivor" free="0" total="393216" percent="0" />
  </mem>
  <mem type="tenure" free="3948776" total="6291456" percent="62" micro-fragmented="0" macro-fragmented="1500163">
    <mem type="soa" free="3634408" total="5977088" percent="60" />
    <mem type="loa" free="314368" total="314368" percent="100" />
  </mem>
  <pending-finalizers system="0" default="0" reference="2" classloader="0" />
  <remembered-set count="139" />
</mem-info>
<gc-op id="524" type="compact" timems="18.045" contextid="511" timestamp="2019-06-15T19:13:20.142">
  <compact-info movecount="34610" movebytes="1810096" reason="compact to aid heap contraction" />
</gc-op>
<gc-end id="525" type="global" contextid="511" durationms="28.905" usertimems="20.000" systemtimems="8.000" timestamp="2019-06-15T19:13:20.142" activeThreads="4">
  <mem-info id="526" free="5653840" total="8388608" percent="67">
    <mem type="nursery" free="1701600" total="2097152" percent="81">
      <mem type="allocate" free="1701600" total="1703936" percent="99" />
      <mem type="survivor" free="0" total="393216" percent="0" />
    </mem>
    <mem type="tenure" free="3952240" total="6291456" percent="62">
      <mem type="soa" free="3637872" total="5977088" percent="60" />
      <mem type="loa" free="314368" total="314368" percent="100" />
    </mem>
    <pending-finalizers system="0" default="0" reference="2" classloader="0" />
    <remembered-set count="139" />
  </mem-info>
</gc-end>
<cycle-end id="527" type="global" contextid="511" timestamp="2019-06-15T19:13:20.143" />
  <attribute name="elasticGC enabled" value="1" />
  <attribute name= "numThreadsSpecified" value="4" />
  <attribute name="heapSize specified" value="8388608" />
  <attribute name="Current GC Util" value="96" />
  <attribute name= "Current Time Running" value="18513" />
  <attribute name ="GC Interval" value="200" />
  <attribute name="ProportionalT" value="114.000000" />
  <attribute name="ProportionalI" value="114.000000" />
  <attribute name="ProportionalH" value="114.000000" />
  <attribute name="Current Error" value="76.000000" />
  <attribute name="IntegralT" value="1368.000000" />
  <attribute name="IntegralI" value="1368.000000" />
  <attribute name="IntegralH" value="1368.000000" />
  <attribute name="DerivativeT" value="0.361111" />
  <attribute name="DerivativeI" value="0.361111" />
  <attribute name="DerivativeH" value="0.361111" />
  <attribute name="Loop Time for DT" value="18.000000" />
  <attribute name="Output H" value="8388608"/>
  <attribute name="Output I" value="1488"/>
  <attribute name="Output T" value="4"/>
  <attribute name="Target GC Util Change" value ="20.000000" />
  <attribute name="Current GC Util Change" value="96.000000"/>
  <attribute name="GC Util currently" value="96" />
  <attribute name="CPU Util currently" value="253808055070" />
<allocation-satisfied id="528" threadId="0000000000AB6100" bytesRequested="32" />
<af-end id="529" timestamp="2019-06-15T19:13:20.143" threadId="0000000000AB6A88" success="true" from="nursery"/>
<exclusive-end id="530" timestamp="2019-06-15T19:13:20.143" durationms="30.120" />

<exclusive-start id="531" timestamp="2019-06-15T19:13:20.949" intervalms="836.249">
  <response-info timems="0.023" idlems="0.023" threads="0" lastid="0000000000ABD900" lastname="node-4" />
</exclusive-start>
<af-start id="532" threadId="0000000000ABE288" totalBytesRequested="32" timestamp="2019-06-15T19:13:20.949" intervalms="835.944" type="nursery" />
<cycle-start id="533" type="scavenge" contextid="0" timestamp="2019-06-15T19:13:20.949" intervalms="1602.712" />
<gc-start id="534" type="scavenge" contextid="533" timestamp="2019-06-15T19:13:20.949">
  <mem-info id="535" free="3952240" total="8388608" percent="47">
    <mem type="nursery" free="0" total="2097152" percent="0">
      <mem type="allocate" free="0" total="1703936" percent="0" />
      <mem type="survivor" free="0" total="393216" percent="0" />
    </mem>
    <mem type="tenure" free="3952240" total="6291456" percent="62">
      <mem type="soa" free="3637872" total="5977088" percent="60" />
      <mem type="loa" free="314368" total="314368" percent="100" />
    </mem>
    <remembered-set count="141" />
  </mem-info>
</gc-start>
<allocation-stats totalBytes="1700648" >
  <allocated-bytes non-tlh="32" tlh="1700616" />
  <largest-consumer threadName="node-5" threadId="0000000000AB6100" bytes="286672" />
</allocation-stats>
<gc-op id="536" type="scavenge" timems="1.739" contextid="533" timestamp="2019-06-15T19:13:20.951">
  <scavenger-info tenureage="2" tenuremask="7ffc" tiltratio="81" />
  <memory-copied type="nursery" objects="75" bytes="2288" bytesdiscarded="36880" />
</gc-op>
<gc-end id="537" type="scavenge" contextid="533" durationms="2.201" usertimems="0.000" systemtimems="4.000" timestamp="2019-06-15T19:13:20.952" activeThreads="4">
  <mem-info id="538" free="5617008" total="8388608" percent="66">
    <mem type="nursery" free="1664768" total="2097152" percent="79">
      <mem type="allocate" free="1664768" total="1703936" percent="97" />
      <mem type="survivor" free="0" total="393216" percent="0" />
    </mem>
    <mem type="tenure" free="3952240" total="6291456" percent="62" macro-fragmented="1500163">
      <mem type="soa" free="3637872" total="5977088" percent="60" />
      <mem type="loa" free="314368" total="314368" percent="100" />
    </mem>
    <remembered-set count="123" />
  </mem-info>
</gc-end>
<cycle-end id="539" type="scavenge" contextid="533" timestamp="2019-06-15T19:13:20.952" />
  <attribute name="elasticGC enabled" value="1" />
  <attribute name= "numThreadsSpecified" value="4" />
  <attribute name="heapSize specified" value="8388608" />
  <attribute name="Current GC Util" value="0" />
  <attribute name= "Current Time Running" value="19320" />
  <attribute name ="GC Interval" value="200" />
  <attribute name="ProportionalT" value="-30.000000" />
  <attribute name="ProportionalI" value="-30.000000" />
  <attribute name="ProportionalH" value="-30.000000" />
  <attribute name="Current Error" value="-20.000000" />
  <attribute name="IntegralT" value="-16140.000000" />
  <attribute name="IntegralI" value="-16140.000000" />
  <attribute name="IntegralH" value="-16140.000000" />
  <attribute name="DerivativeT" value="-0.059480" />
  <attribute name="DerivativeI" value="-0.059480" />
  <attribute name="DerivativeH" value="-0.059480" />
  <attribute name="Loop Time for DT" value="807.000000" />
  <attribute name="Output H" value="2092630016"/>
  <attribute name="Output I" value="200"/>
  <attribute name="Output T" value="4"/>
  <attribute name="Target GC Util Change" value ="20.000000" />
  <attribute name="Current GC Util Change" value="0.000000"/>
  <attribute name="GC Util currently" value="0" />
  <attribute name="CPU Util currently" value="1" />
<allocation-satisfied id="540" threadId="0000000000ABD900" bytesRequested="32" />
<af-end id="541" timestamp="2019-06-15T19:13:20.952" threadId="0000000000ABE288" success="true" from="nursery"/>
<exclusive-end id="542" timestamp="2019-06-15T19:13:20.952" durationms="3.178" />

<exclusive-start id="543" timestamp="2019-06-15T19:13:21.777" intervalms="827.560">
  <response-info timems="0.028" idlems="0.028" threads="0" lastid="0000000000AB2500" lastname="node-1" />
</exclusive-start>
<af-start id="544" threadId="0000000000AB2E88" totalBytesRequested="376" timestamp="2019-06-15T19:13:21.777" intervalms="827.536" type="nursery" />
<cycle-start id="545" type="scavenge" contextid="0" timestamp="2019-06-15T19:13:21.777" intervalms="827.525" />
<gc-start id="546" type="scavenge" contextid="545" timestamp="2019-06-15T19:13:21.777">
  <mem-info id="547" free="3952240" total="8388608" percent="47">
    <mem type="nursery" free="0" total="2097152" percent="0">
      <mem type="allocate" free="0" total="1703936" percent="0" />
      <mem type="survivor" free="0" total="393216" percent="0" />
    </mem>
    <mem type="tenure" free="3952240" total="6291456" percent="62">
      <mem type="soa" free="3637872" total="5977088" percent="60" />
      <mem type="loa" free="314368" total="314368" percent="100" />
    </mem>
    <remembered-set count="141" />
  </mem-info>
</gc-start>
<allocation-stats totalBytes="1662656" >
  <allocated-bytes non-tlh="32" tlh="1662624" />
  <largest-consumer threadName="node-2" threadId="0000000000AC5000" bytes="302688" />
</allocation-stats>
<gc-op id="548" type="scavenge" timems="0.163" contextid="545" timestamp="2019-06-15T19:13:21.777">
  <scavenger-info tenureage="4" tenuremask="7ff0" tiltratio="81" />
  <memory-copied type="nursery" objects="80" bytes="3640" bytesdiscarded="74696" />
</gc-op>
<gc-end id="549" type="scavenge" contextid="545" durationms="0.474" usertimems="0.000" systemtimems="0.000" timestamp="2019-06-15T19:13:21.777" activeThreads="4">
  <mem-info id="550" free="5643376" total="8388608" percent="67">
    <mem type="nursery" free="1691136" total="2097152" percent="80">
      <mem type="allocate" free="1691136" total="1769472" percent="95" />
      <mem type="survivor" free="0" total="327680" percent="0" />
    </mem>
    <mem type="tenure" free="3952240" total="6291456" percent="62" macro-fragmented="0">
      <mem type="soa" free="3637872" total="5977088" percent="60" />
      <mem type="loa" free="314368" total="314368" percent="100" />
    </mem>
    <remembered-set count="124" />
  </mem-info>
</gc-end>
<cycle-end id="551" type="scavenge" contextid="545" timestamp="2019-06-15T19:13:21.777" />
  <attribute name="elasticGC enabled" value="1" />
  <attribute name= "numThreadsSpecified" value="4" />
  <attribute name="heapSize specified" value="8388608" />
  <attribute name="Current GC Util" value="0" />
  <attribute name= "Current Time Running" value="20148" />
  <attribute name ="GC Interval" value="200" />
  <attribute name="ProportionalT" value="-30.000000" />
  <attribute name="ProportionalI" value="-30.000000" />
  <attribute name="ProportionalH" value="-30.000000" />
  <attribute name="Current Error" value="-20.000000" />
  <attribute name="IntegralT" value="-16560.000000" />
  <attribute name="IntegralI" value="-16560.000000" />
  <attribute name="IntegralH" value="-16560.000000" />
  <attribute name="DerivativeT" value="-0.012077" />
  <attribute name="DerivativeI" value="-0.012077" />
  <attribute name="DerivativeH" value="-0.012077" />
  <attribute name="Loop Time for DT" value="828.000000" />
  <attribute name="Output H" value="2092630016"/>
  <attribute name="Output I" value="200"/>
  <attribute name="Output T" value="4"/>
  <attribute name="Target GC Util Change" value ="20.000000" />
  <attribute name="Current GC Util Change" value="0.000000"/>
  <attribute name="GC Util currently" value="0" />
  <attribute name="CPU Util currently" value="1" />
<allocation-satisfied id="552" threadId="0000000000AB2500" bytesRequested="376" />
<af-end id="553" timestamp="2019-06-15T19:13:21.778" threadId="0000000000AB2E88" success="true" from="nursery"/>
<exclusive-end id="554" timestamp="2019-06-15T19:13:21.778" durationms="0.824" />

<exclusive-start id="555" timestamp="2019-06-15T19:13:22.609" intervalms="832.235">
  <response-info timems="0.024" idlems="0.024" threads="0" lastid="0000000000AC5000" lastname="node-2" />
</exclusive-start>
<af-start id="556" threadId="0000000000AC5988" totalBytesRequested="32" timestamp="2019-06-15T19:13:22.609" intervalms="832.256" type="nursery" />
<cycle-start id="557" type="scavenge" contextid="0" timestamp="2019-06-15T19:13:22.609" intervalms="832.265" />
<gc-start id="558" type="scavenge" contextid="557" timestamp="2019-06-15T19:13:22.609">
  <mem-info id="559" free="3952240" total="8388608" percent="47">
    <mem type="nursery" free="0" total="2097152" percent="0">
      <mem type="allocate" free="0" total="1769472" percent="0" />
      <mem type="survivor" free="0" total="327680" percent="0" />
    </mem>
    <mem type="tenure" free="3952240" total="6291456" percent="62">
      <mem type="soa" free="3637872" total="5977088" percent="60" />
      <mem type="loa" free="314368" total="314368" percent="100" />
    </mem>
    <remembered-set count="141" />
  </mem-info>
</gc-start>
<allocation-stats totalBytes="1690128" >
  <allocated-bytes non-tlh="376" tlh="1689752" />
  <largest-consumer threadName="node-1" threadId="0000000000AB2500" bytes="287056" />
</allocation-stats>
<gc-op id="560" type="scavenge" timems="1.738" contextid="557" timestamp="2019-06-15T19:13:22.611">
  <scavenger-info tenureage="5" tenuremask="7fe0" tiltratio="84" />
  <memory-copied type="nursery" objects="33" bytes="552" bytesdiscarded="38616" />
</gc-op>
<gc-end id="561" type="scavenge" contextid="557" durationms="2.176" usertimems="0.000" systemtimems="4.000" timestamp="2019-06-15T19:13:22.611" activeThreads="4">
  <mem-info id="562" free="5748080" total="8388608" percent="68">
    <mem type="nursery" free="1795840" total="2097152" percent="85">
      <mem type="allocate" free="1795840" total="1835008" percent="97" />
      <mem type="survivor" free="0" total="262144" percent="0" />
    </mem>
    <mem type="tenure" free="3952240" total="6291456" percent="62" macro-fragmented="2160235">
      <mem type="soa" free="3637872" total="5977088" percent="60" />
      <mem type="loa" free="314368" total="314368" percent="100" />
    </mem>
    <remembered-set count="116" />
  </mem-info>
</gc-end>
<cycle-end id="563" type="scavenge" contextid="557" timestamp="2019-06-15T19:13:22.612" />
  <attribute name="elasticGC enabled" value="1" />
  <attribute name= "numThreadsSpecified" value="4" />
  <attribute name="heapSize specified" value="8388608" />
  <attribute name="Current GC Util" value="0" />
  <attribute name= "Current Time Running" value="20980" />
  <attribute name ="GC Interval" value="200" />
  <attribute name="ProportionalT" value="-30.000000" />
  <attribute name="ProportionalI" value="-30.000000" />
  <attribute name="ProportionalH" value="-30.000000" />
  <attribute name="Current Error" value="-20.000000" />
  <attribute name="IntegralT" value="-16640.000000" />
  <attribute name="IntegralI" value="-16640.000000" />
  <attribute name="IntegralH" value="-16640.000000" />
  <attribute name="DerivativeT" value="-0.012019" />
  <attribute name="DerivativeI" value="-0.012019" />
  <attribute name="DerivativeH" value="-0.012019" />
  <attribute name="Loop Time for DT" value="832.000000" />
  <attribute name="Output H" value="2092630016"/>
  <attribute name="Output I" value="200"/>
  <attribute name="Output T" value="4"/>
  <attribute name="Target GC Util Change" value ="20.000000" />
  <attribute name="Current GC Util Change" value="0.000000"/>
  <attribute name="GC Util currently" value="0" />
  <attribute name="CPU Util currently" value="2" />
<allocation-satisfied id="564" threadId="0000000000AC5000" bytesRequested="32" />
<af-end id="565" timestamp="2019-06-15T19:13:22.612" threadId="0000000000AC5988" success="true" from="nursery"/>
<exclusive-end id="566" timestamp="2019-06-15T19:13:22.612" durationms="2.984" />

<exclusive-start id="567" timestamp="2019-06-15T19:13:23.558" intervalms="949.186">
  <response-info timems="0.019" idlems="0.019" threads="0" lastid="0000000000AC5000" lastname="node-2" />
</exclusive-start>
<af-start id="568" threadId="0000000000AC5988" totalBytesRequested="32" timestamp="2019-06-15T19:13:23.558" intervalms="949.184" type="nursery" />
<cycle-start id="569" type="scavenge" contextid="0" timestamp="2019-06-15T19:13:23.558" intervalms="949.174" />
<gc-start id="570" type="scavenge" contextid="569" timestamp="2019-06-15T19:13:23.558">
  <mem-info id="571" free="3952240" total="8388608" percent="47">
    <mem type="nursery" free="0" total="2097152" percent="0">
      <mem type="allocate" free="0" total="1835008" percent="0" />
      <mem type="survivor" free="0" total="262144" percent="0" />
    </mem>
    <mem type="tenure" free="3952240" total="6291456" percent="62">
      <mem type="soa" free="3637872" total="5977088" percent="60" />
      <mem type="loa" free="314368" total="314368" percent="100" />
    </mem>
    <remembered-set count="139" />
  </mem-info>
</gc-start>
<allocation-stats totalBytes="1793824" >
  <allocated-bytes non-tlh="32" tlh="1793792" />
  <largest-consumer threadName="node-4" threadId="0000000000ABD900" bytes="343328" />
</allocation-stats>
<gc-op id="572" type="scavenge" timems="0.186" contextid="569" timestamp="2019-06-15T19:13:23.559">
  <scavenger-info tenureage="6" tenuremask="7fc0" tiltratio="87" />
  <memory-copied type="nursery" objects="37" bytes="648" bytesdiscarded="77688" />
</gc-op>
<gc-end id="573" type="scavenge" contextid="569" durationms="0.565" usertimems="4.000" systemtimems="0.000" timestamp="2019-06-15T19:13:23.559" activeThreads="4">
  <mem-info id="574" free="5708912" total="8388608" percent="68">
    <mem type="nursery" free="1756672" total="2097152" percent="83">
      <mem type="allocate" free="1756672" total="1835008" percent="95" />
      <mem type="survivor" free="0" total="262144" percent="0" />
    </mem>
    <mem type="tenure" free="3952240" total="6291456" percent="62" macro-fragmented="2592282">
      <mem type="soa" free="3637872" total="5977088" percent="60" />
      <mem type="loa" free="314368" total="314368" percent="100" />
    </mem>
    <remembered-set count="116" />
  </mem-info>
</gc-end>
<cycle-end id="575" type="scavenge" contextid="569" timestamp="2019-06-15T19:13:23.559" />
  <attribute name="elasticGC enabled" value="1" />
  <attribute name= "numThreadsSpecified" value="4" />
  <attribute name="heapSize specified" value="8388608" />
  <attribute name="Current GC Util" value="0" />
  <attribute name= "Current Time Running" value="21929" />
  <attribute name ="GC Interval" value="200" />
  <attribute name="ProportionalT" value="-30.000000" />
  <attribute name="ProportionalI" value="-30.000000" />
  <attribute name="ProportionalH" value="-30.000000" />
  <attribute name="Current Error" value="-20.000000" />
  <attribute name="IntegralT" value="-18980.000000" />
  <attribute name="IntegralI" value="-18980.000000" />
  <attribute name="IntegralH" value="-18980.000000" />
  <attribute name="DerivativeT" value="-0.010537" />
  <attribute name="DerivativeI" value="-0.010537" />
  <attribute name="DerivativeH" value="-0.010537" />
  <attribute name="Loop Time for DT" value="949.000000" />
  <attribute name="Output H" value="2092630016"/>
  <attribute name="Output I" value="200"/>
  <attribute name="Output T" value="4"/>
  <attribute name="Target GC Util Change" value ="20.000000" />
  <attribute name="Current GC Util Change" value="0.000000"/>
  <attribute name="GC Util currently" value="0" />
  <attribute name="CPU Util currently" value="3" />
<allocation-satisfied id="576" threadId="0000000000AC5000" bytesRequested="32" />
<af-end id="577" timestamp="2019-06-15T19:13:23.559" threadId="0000000000AC5988" success="true" from="nursery"/>
<exclusive-end id="578" timestamp="2019-06-15T19:13:23.559" durationms="0.950" />

<exclusive-start id="579" timestamp="2019-06-15T19:13:24.453" intervalms="894.385">
  <response-info timems="0.024" idlems="0.024" threads="0" lastid="0000000000AC5000" lastname="node-2" />
</exclusive-start>
<af-start id="580" threadId="0000000000AC5988" totalBytesRequested="24" timestamp="2019-06-15T19:13:24.453" intervalms="894.387" type="nursery" />
<cycle-start id="581" type="scavenge" contextid="0" timestamp="2019-06-15T19:13:24.453" intervalms="894.386" />
<gc-start id="582" type="scavenge" contextid="581" timestamp="2019-06-15T19:13:24.453">
  <mem-info id="583" free="3952240" total="8388608" percent="47">
    <mem type="nursery" free="0" total="2097152" percent="0">
      <mem type="allocate" free="0" total="1835008" percent="0" />
      <mem type="survivor" free="0" total="262144" percent="0" />
    </mem>
    <mem type="tenure" free="3952240" total="6291456" percent="62">
      <mem type="soa" free="3637872" total="5977088" percent="60" />
      <mem type="loa" free="314368" total="314368" percent="100" />
    </mem>
    <remembered-set count="139" />
  </mem-info>
</gc-start>
<allocation-stats totalBytes="1755232" >
  <allocated-bytes non-tlh="32" tlh="1755200" />
  <largest-consumer threadName="node-4" threadId="0000000000ABD900" bytes="315344" />
</allocation-stats>
<gc-op id="584" type="scavenge" timems="0.168" contextid="581" timestamp="2019-06-15T19:13:24.453">
  <scavenger-info tenureage="7" tenuremask="7f80" tiltratio="87" />
  <memory-copied type="nursery" objects="44" bytes="1088" bytesdiscarded="38080" />
</gc-op>
<gc-end id="585" type="scavenge" contextid="581" durationms="0.679" usertimems="0.000" systemtimems="0.000" timestamp="2019-06-15T19:13:24.453" activeThreads="4">
  <mem-info id="586" free="5748080" total="8388608" percent="68">
    <mem type="nursery" free="1795840" total="2097152" percent="85">
      <mem type="allocate" free="1795840" total="1835008" percent="97" />
      <mem type="survivor" free="0" total="262144" percent="0" />
    </mem>
    <mem type="tenure" free="3952240" total="6291456" percent="62" macro-fragmented="0">
      <mem type="soa" free="3637872" total="5977088" percent="60" />
      <mem type="loa" free="314368" total="314368" percent="100" />
    </mem>
    <remembered-set count="120" />
  </mem-info>
</gc-end>
<cycle-end id="587" type="scavenge" contextid="581" timestamp="2019-06-15T19:13:24.454" />
  <attribute name="elasticGC enabled" value="1" />
  <attribute name= "numThreadsSpecified" value="4" />
  <attribute name="heapSize specified" value="8388608" />
  <attribute name="Current GC Util" value="0" />
  <attribute name= "Current Time Running" value="22824" />
  <attribute name ="GC Interval" value="200" />
  <attribute name="ProportionalT" value="-30.000000" />
  <attribute name="ProportionalI" value="-30.000000" />
  <attribute name="ProportionalH" value="-30.000000" />
  <attribute name="Current Error" value="-20.000000" />
  <attribute name="IntegralT" value="-17900.000000" />
  <attribute name="IntegralI" value="-17900.000000" />
  <attribute name="IntegralH" value="-17900.000000" />
  <attribute name="DerivativeT" value="-0.011173" />
  <attribute name="DerivativeI" value="-0.011173" />
  <attribute name="DerivativeH" value="-0.011173" />
  <attribute name="Loop Time for DT" value="895.000000" />
  <attribute name="Output H" value="2092630016"/>
  <attribute name="Output I" value="200"/>
  <attribute name="Output T" value="4"/>
  <attribute name="Target GC Util Change" value ="20.000000" />
  <attribute name="Current GC Util Change" value="0.000000"/>
  <attribute name="GC Util currently" value="0" />
  <attribute name="CPU Util currently" value="3" />
<allocation-satisfied id="588" threadId="0000000000AC5000" bytesRequested="24" />
<af-end id="589" timestamp="2019-06-15T19:13:24.454" threadId="0000000000AC5988" success="true" from="nursery"/>
<exclusive-end id="590" timestamp="2019-06-15T19:13:24.454" durationms="1.099" />

<exclusive-start id="591" timestamp="2019-06-15T19:13:25.332" intervalms="879.619">
  <response-info timems="0.036" idlems="0.036" threads="0" lastid="0000000000AC5000" lastname="node-2" />
</exclusive-start>
<af-start id="592" threadId="0000000000AC5988" totalBytesRequested="136" timestamp="2019-06-15T19:13:25.332" intervalms="879.619" type="nursery" />
<cycle-start id="593" type="scavenge" contextid="0" timestamp="2019-06-15T19:13:25.332" intervalms="879.633" />
<gc-start id="594" type="scavenge" contextid="593" timestamp="2019-06-15T19:13:25.332">
  <mem-info id="595" free="3952240" total="8388608" percent="47">
    <mem type="nursery" free="0" total="2097152" percent="0">
      <mem type="allocate" free="0" total="1835008" percent="0" />
      <mem type="survivor" free="0" total="262144" percent="0" />
    </mem>
    <mem type="tenure" free="3952240" total="6291456" percent="62">
      <mem type="soa" free="3637872" total="5977088" percent="60" />
      <mem type="loa" free="314368" total="314368" percent="100" />
    </mem>
    <remembered-set count="139" />
  </mem-info>
</gc-start>
<allocation-stats totalBytes="1793816" >
  <allocated-bytes non-tlh="24" tlh="1793792" />
  <largest-consumer threadName="node-5" threadId="0000000000AB6100" bytes="315016" />
</allocation-stats>
<gc-op id="596" type="scavenge" timems="0.183" contextid="593" timestamp="2019-06-15T19:13:25.333">
  <scavenger-info tenureage="8" tenuremask="7f00" tiltratio="87" />
  <memory-copied type="nursery" objects="49" bytes="2592" bytesdiscarded="75744" />
</gc-op>
<gc-end id="597" type="scavenge" contextid="593" durationms="0.575" usertimems="0.000" systemtimems="0.000" timestamp="2019-06-15T19:13:25.333" activeThreads="4">
  <mem-info id="598" free="5708912" total="8388608" percent="68">
    <mem type="nursery" free="1756672" total="2097152" percent="83">
      <mem type="allocate" free="1756672" total="1835008" percent="95" />
      <mem type="survivor" free="0" total="262144" percent="0" />
    </mem>
    <mem type="tenure" free="3952240" total="6291456" percent="62" macro-fragmented="3110739">
      <mem type="soa" free="3637872" total="5977088" percent="60" />
      <mem type="loa" free="314368" total="314368" percent="100" />
    </mem>
    <remembered-set count="122" />
  </mem-info>
</gc-end>
<cycle-end id="599" type="scavenge" contextid="593" timestamp="2019-06-15T19:13:25.333" />
  <attribute name="elasticGC enabled" value="1" />
  <attribute name= "numThreadsSpecified" value="4" />
  <attribute name="heapSize specified" value="8388608" />
  <attribute name="Current GC Util" value="0" />
  <attribute name= "Current Time Running" value="23703" />
  <attribute name ="GC Interval" value="200" />
  <attribute name="ProportionalT" value="-30.000000" />
  <attribute name="ProportionalI" value="-30.000000" />
  <attribute name="ProportionalH" value="-30.000000" />
  <attribute name="Current Error" value="-20.000000" />
  <attribute name="IntegralT" value="-17580.000000" />
  <attribute name="IntegralI" value="-17580.000000" />
  <attribute name="IntegralH" value="-17580.000000" />
  <attribute name="DerivativeT" value="-0.011377" />
  <attribute name="DerivativeI" value="-0.011377" />
  <attribute name="DerivativeH" value="-0.011377" />
  <attribute name="Loop Time for DT" value="879.000000" />
  <attribute name="Output H" value="2092630016"/>
  <attribute name="Output I" value="200"/>
  <attribute name="Output T" value="4"/>
  <attribute name="Target GC Util Change" value ="20.000000" />
  <attribute name="Current GC Util Change" value="0.000000"/>
  <attribute name="GC Util currently" value="0" />
  <attribute name="CPU Util currently" value="2" />
<allocation-satisfied id="600" threadId="0000000000AC5000" bytesRequested="136" />
<af-end id="601" timestamp="2019-06-15T19:13:25.333" threadId="0000000000AC5988" success="true" from="nursery"/>
<exclusive-end id="602" timestamp="2019-06-15T19:13:25.334" durationms="1.331" />

<exclusive-start id="603" timestamp="2019-06-15T19:13:26.114" intervalms="782.205">
  <response-info timems="0.022" idlems="0.022" threads="0" lastid="0000000000AC1500" lastname="node-3" />
</exclusive-start>
<af-start id="604" threadId="0000000000AC1E88" totalBytesRequested="32" timestamp="2019-06-15T19:13:26.114" intervalms="782.184" type="nursery" />
<cycle-start id="605" type="scavenge" contextid="0" timestamp="2019-06-15T19:13:26.115" intervalms="782.170" />
<gc-start id="606" type="scavenge" contextid="605" timestamp="2019-06-15T19:13:26.115">
  <mem-info id="607" free="3952240" total="8388608" percent="47">
    <mem type="nursery" free="0" total="2097152" percent="0">
      <mem type="allocate" free="0" total="1835008" percent="0" />
      <mem type="survivor" free="0" total="262144" percent="0" />
    </mem>
    <mem type="tenure" free="3952240" total="6291456" percent="62">
      <mem type="soa" free="3637872" total="5977088" percent="60" />
      <mem type="loa" free="314368" total="314368" percent="100" />
    </mem>
    <remembered-set count="138" />
  </mem-info>
</gc-start>
<allocation-stats totalBytes="1755296" >
  <allocated-bytes non-tlh="136" tlh="1755160" />
  <largest-consumer threadName="node-4" threadId="0000000000ABD900" bytes="315296" />
</allocation-stats>
<gc-op id="608" type="scavenge" timems="1.739" contextid="605" timestamp="2019-06-15T19:13:26.116">
  <scavenger-info tenureage="9" tenuremask="7e00" tiltratio="87" />
  <memory-copied type="nursery" objects="34" bytes="576" bytesdiscarded="38592" />
</gc-op>
<gc-end id="609" type="scavenge" contextid="605" durationms="1.953" usertimems="4.000" systemtimems="0.000" timestamp="2019-06-15T19:13:26.117" activeThreads="4">
  <mem-info id="610" free="5748080" total="8388608" percent="68">
    <mem type="nursery" free="1795840" total="2097152" percent="85">
      <mem type="allocate" free="1795840" total="1835008" percent="97" />
      <mem type="survivor" free="0" total="262144" percent="0" />
    </mem>
    <mem type="tenure" free="3952240" total="6291456" percent="62" macro-fragmented="3110739">
      <mem type="soa" free="3637872" total="5977088" percent="60" />
      <mem type="loa" free="314368" total="314368" percent="100" />
    </mem>
    <remembered-set count="115" />
  </mem-info>
</gc-end>
<cycle-end id="611" type="scavenge" contextid="605" timestamp="2019-06-15T19:13:26.117" />
  <attribute name="elasticGC enabled" value="1" />
  <attribute name= "numThreadsSpecified" value="4" />
  <attribute name="heapSize specified" value="8388608" />
  <attribute name="Current GC Util" value="0" />
  <attribute name= "Current Time Running" value="24485" />
  <attribute name ="GC Interval" value="200" />
  <attribute name="ProportionalT" value="-30.000000" />
  <attribute name="ProportionalI" value="-30.000000" />
  <attribute name="ProportionalH" value="-30.000000" />
  <attribute name="Current Error" value="-20.000000" />
  <attribute name="IntegralT" value="-15640.000000" />
  <attribute name="IntegralI" value="-15640.000000" />
  <attribute name="IntegralH" value="-15640.000000" />
  <attribute name="DerivativeT" value="-0.012788" />
  <attribute name="DerivativeI" value="-0.012788" />
  <attribute name="DerivativeH" value="-0.012788" />
  <attribute name="Loop Time for DT" value="782.000000" />
  <attribute name="Output H" value="2092630016"/>
  <attribute name="Output I" value="200"/>
  <attribute name="Output T" value="4"/>
  <attribute name="Target GC Util Change" value ="20.000000" />
  <attribute name="Current GC Util Change" value="0.000000"/>
  <attribute name="GC Util currently" value="0" />
  <attribute name="CPU Util currently" value="5896243608" />
<allocation-satisfied id="612" threadId="0000000000AC1500" bytesRequested="32" />
<af-end id="613" timestamp="2019-06-15T19:13:26.117" threadId="0000000000AC1E88" success="true" from="nursery"/>
<exclusive-end id="614" timestamp="2019-06-15T19:13:26.117" durationms="2.544" />

<exclusive-start id="615" timestamp="2019-06-15T19:13:27.033" intervalms="918.949">
  <response-info timems="0.022" idlems="0.022" threads="0" lastid="0000000000AC5000" lastname="node-2" />
</exclusive-start>
<af-start id="616" threadId="0000000000AC5988" totalBytesRequested="24" timestamp="2019-06-15T19:13:27.033" intervalms="918.948" type="nursery" />
<cycle-start id="617" type="scavenge" contextid="0" timestamp="2019-06-15T19:13:27.033" intervalms="918.946" />
<gc-start id="618" type="scavenge" contextid="617" timestamp="2019-06-15T19:13:27.034">
  <mem-info id="619" free="3952240" total="8388608" percent="47">
    <mem type="nursery" free="0" total="2097152" percent="0">
      <mem type="allocate" free="0" total="1835008" percent="0" />
      <mem type="survivor" free="0" total="262144" percent="0" />
    </mem>
    <mem type="tenure" free="3952240" total="6291456" percent="62">
      <mem type="soa" free="3637872" total="5977088" percent="60" />
      <mem type="loa" free="314368" total="314368" percent="100" />
    </mem>
    <remembered-set count="138" />
  </mem-info>
</gc-start>
<allocation-stats totalBytes="1794632" >
  <allocated-bytes non-tlh="32" tlh="1794600" />
  <largest-consumer threadName="node-5" threadId="0000000000AB6100" bytes="315016" />
</allocation-stats>
<gc-op id="620" type="scavenge" timems="0.160" contextid="617" timestamp="2019-06-15T19:13:27.034">
  <scavenger-info tenureage="10" tenuremask="7c00" tiltratio="87" />
  <memory-copied type="nursery" objects="33" bytes="552" bytesdiscarded="38616" />
</gc-op>
<gc-end id="621" type="scavenge" contextid="617" durationms="0.646" usertimems="0.000" systemtimems="0.000" timestamp="2019-06-15T19:13:27.034" activeThreads="4">
  <mem-info id="622" free="5748080" total="8388608" percent="68">
    <mem type="nursery" free="1795840" total="2097152" percent="85">
      <mem type="allocate" free="1795840" total="1835008" percent="97" />
      <mem type="survivor" free="0" total="262144" percent="0" />
    </mem>
    <mem type="tenure" free="3952240" total="6291456" percent="62" macro-fragmented="0">
      <mem type="soa" free="3637872" total="5977088" percent="60" />
      <mem type="loa" free="314368" total="314368" percent="100" />
    </mem>
    <remembered-set count="115" />
  </mem-info>
</gc-end>
<cycle-end id="623" type="scavenge" contextid="617" timestamp="2019-06-15T19:13:27.034" />
  <attribute name="elasticGC enabled" value="1" />
  <attribute name= "numThreadsSpecified" value="4" />
  <attribute name="heapSize specified" value="8388608" />
  <attribute name="Current GC Util" value="0" />
  <attribute name= "Current Time Running" value="25404" />
  <attribute name ="GC Interval" value="200" />
  <attribute name="ProportionalT" value="-30.000000" />
  <attribute name="ProportionalI" value="-30.000000" />
  <attribute name="ProportionalH" value="-30.000000" />
  <attribute name="Current Error" value="-20.000000" />
  <attribute name="IntegralT" value="-18380.000000" />
  <attribute name="IntegralI" value="-18380.000000" />
  <attribute name="IntegralH" value="-18380.000000" />
  <attribute name="DerivativeT" value="-0.010881" />
  <attribute name="DerivativeI" value="-0.010881" />
  <attribute name="DerivativeH" value="-0.010881" />
  <attribute name="Loop Time for DT" value="919.000000" />
  <attribute name="Output H" value="2092630016"/>
  <attribute name="Output I" value="200"/>
  <attribute name="Output T" value="4"/>
  <attribute name="Target GC Util Change" value ="20.000000" />
  <attribute name="Current GC Util Change" value="0.000000"/>
  <attribute name="GC Util currently" value="0" />
  <attribute name="CPU Util currently" value="2" />
<allocation-satisfied id="624" threadId="0000000000AC5000" bytesRequested="24" />
<af-end id="625" timestamp="2019-06-15T19:13:27.034" threadId="0000000000AC5988" success="true" from="nursery"/>
<exclusive-end id="626" timestamp="2019-06-15T19:13:27.034" durationms="1.082" />

<exclusive-start id="627" timestamp="2019-06-15T19:13:27.875" intervalms="842.007">
  <response-info timems="0.024" idlems="0.024" threads="0" lastid="0000000000AC5000" lastname="node-2" />
</exclusive-start>
<af-start id="628" threadId="0000000000AC5988" totalBytesRequested="32" timestamp="2019-06-15T19:13:27.875" intervalms="842.014" type="nursery" />
<cycle-start id="629" type="scavenge" contextid="0" timestamp="2019-06-15T19:13:27.875" intervalms="842.020" />
<gc-start id="630" type="scavenge" contextid="629" timestamp="2019-06-15T19:13:27.876">
  <mem-info id="631" free="3952240" total="8388608" percent="47">
    <mem type="nursery" free="0" total="2097152" percent="0">
      <mem type="allocate" free="0" total="1835008" percent="0" />
      <mem type="survivor" free="0" total="262144" percent="0" />
    </mem>
    <mem type="tenure" free="3952240" total="6291456" percent="62">
      <mem type="soa" free="3637872" total="5977088" percent="60" />
      <mem type="loa" free="314368" total="314368" percent="100" />
    </mem>
    <remembered-set count="138" />
  </mem-info>
</gc-start>
<allocation-stats totalBytes="1794488" >
  <allocated-bytes non-tlh="24" tlh="1794464" />
  <largest-consumer threadName="node-3" threadId="0000000000AC1500" bytes="315336" />
</allocation-stats>
<gc-op id="632" type="scavenge" timems="0.180" contextid="629" timestamp="2019-06-15T19:13:27.876">
  <scavenger-info tenureage="3" tenuremask="fff8" tiltratio="87" />
  <memory-copied type="nursery" objects="45" bytes="1568" bytesdiscarded="76768" />
</gc-op>
<gc-end id="633" type="scavenge" contextid="629" durationms="0.607" usertimems="0.000" systemtimems="0.000" timestamp="2019-06-15T19:13:27.876" activeThreads="4">
  <mem-info id="634" free="5708912" total="8388608" percent="68">
    <mem type="nursery" free="1756672" total="2097152" percent="83">
      <mem type="allocate" free="1756672" total="1835008" percent="95" />
      <mem type="survivor" free="0" total="262144" percent="0" />
    </mem>
    <mem type="tenure" free="3952240" total="6291456" percent="62" macro-fragmented="1500163">
      <mem type="soa" free="3637872" total="5977088" percent="60" />
      <mem type="loa" free="314368" total="314368" percent="100" />
    </mem>
    <remembered-set count="121" />
  </mem-info>
</gc-end>
<cycle-end id="635" type="scavenge" contextid="629" timestamp="2019-06-15T19:13:27.876" />
  <attribute name="elasticGC enabled" value="1" />
  <attribute name= "numThreadsSpecified" value="4" />
  <attribute name="heapSize specified" value="8388608" />
  <attribute name="Current GC Util" value="0" />
  <attribute name= "Current Time Running" value="26246" />
  <attribute name ="GC Interval" value="200" />
  <attribute name="ProportionalT" value="-30.000000" />
  <attribute name="ProportionalI" value="-30.000000" />
  <attribute name="ProportionalH" value="-30.000000" />
  <attribute name="Current Error" value="-20.000000" />
  <attribute name="IntegralT" value="-16840.000000" />
  <attribute name="IntegralI" value="-16840.000000" />
  <attribute name="IntegralH" value="-16840.000000" />
  <attribute name="DerivativeT" value="-0.011876" />
  <attribute name="DerivativeI" value="-0.011876" />
  <attribute name="DerivativeH" value="-0.011876" />
  <attribute name="Loop Time for DT" value="842.000000" />
  <attribute name="Output H" value="2092630016"/>
  <attribute name="Output I" value="200"/>
  <attribute name="Output T" value="4"/>
  <attribute name="Target GC Util Change" value ="20.000000" />
  <attribute name="Current GC Util Change" value="0.000000"/>
  <attribute name="GC Util currently" value="0" />
  <attribute name="CPU Util currently" value="1" />
<allocation-satisfied id="636" threadId="0000000000AC5000" bytesRequested="32" />
<af-end id="637" timestamp="2019-06-15T19:13:27.876" threadId="0000000000AC5988" success="true" from="nursery"/>
<exclusive-end id="638" timestamp="2019-06-15T19:13:27.876" durationms="0.996" />

<exclusive-start id="639" timestamp="2019-06-15T19:13:28.736" intervalms="860.911">
  <response-info timems="0.024" idlems="0.024" threads="0" lastid="0000000000AB9D00" lastname="node-0" />
</exclusive-start>
<af-start id="640" threadId="0000000000ABA688" totalBytesRequested="32" timestamp="2019-06-15T19:13:28.736" intervalms="860.919" type="nursery" />
<cycle-start id="641" type="scavenge" contextid="0" timestamp="2019-06-15T19:13:28.736" intervalms="860.922" />
<gc-start id="642" type="scavenge" contextid="641" timestamp="2019-06-15T19:13:28.736">
  <mem-info id="643" free="3952240" total="8388608" percent="47">
    <mem type="nursery" free="0" total="2097152" percent="0">
      <mem type="allocate" free="0" total="1835008" percent="0" />
      <mem type="survivor" free="0" total="262144" percent="0" />
    </mem>
    <mem type="tenure" free="3952240" total="6291456" percent="62">
      <mem type="soa" free="3637872" total="5977088" percent="60" />
      <mem type="loa" free="314368" total="314368" percent="100" />
    </mem>
    <remembered-set count="138" />
  </mem-info>
</gc-start>
<allocation-stats totalBytes="1755368" >
  <allocated-bytes non-tlh="32" tlh="1755336" />
  <largest-consumer threadName="node-5" threadId="0000000000AB6100" bytes="315336" />
</allocation-stats>
<gc-op id="644" type="scavenge" timems="0.177" contextid="641" timestamp="2019-06-15T19:13:28.737">
  <scavenger-info tenureage="3" tenuremask="fff8" tiltratio="87" />
  <memory-copied type="nursery" objects="34" bytes="576" bytesdiscarded="77760" />
</gc-op>
<gc-end id="645" type="scavenge" contextid="641" durationms="0.688" usertimems="0.000" systemtimems="0.000" timestamp="2019-06-15T19:13:28.737" activeThreads="4">
  <mem-info id="646" free="5708912" total="8388608" percent="68">
    <mem type="nursery" free="1756672" total="2097152" percent="83">
      <mem type="allocate" free="1756672" total="1835008" percent="95" />
      <mem type="survivor" free="0" total="262144" percent="0" />
    </mem>
    <mem type="tenure" free="3952240" total="6291456" percent="62" macro-fragmented="2160235">
      <mem type="soa" free="3637872" total="5977088" percent="60" />
      <mem type="loa" free="314368" total="314368" percent="100" />
    </mem>
    <remembered-set count="115" />
  </mem-info>
</gc-end>
<cycle-end id="647" type="scavenge" contextid="641" timestamp="2019-06-15T19:13:28.737" />
  <attribute name="elasticGC enabled" value="1" />
  <attribute name= "numThreadsSpecified" value="4" />
  <attribute name="heapSize specified" value="8388608" />
  <attribute name="Current GC Util" value="0" />
  <attribute name= "Current Time Running" value="27107" />
  <attribute name ="GC Interval" value="200" />
  <attribute name="ProportionalT" value="-30.000000" />
  <attribute name="ProportionalI" value="-30.000000" />
  <attribute name="ProportionalH" value="-30.000000" />
  <attribute name="Current Error" value="-20.000000" />
  <attribute name="IntegralT" value="-17220.000000" />
  <attribute name="IntegralI" value="-17220.000000" />
  <attribute name="IntegralH" value="-17220.000000" />
  <attribute name="DerivativeT" value="-0.011614" />
  <attribute name="DerivativeI" value="-0.011614" />
  <attribute name="DerivativeH" value="-0.011614" />
  <attribute name="Loop Time for DT" value="861.000000" />
  <attribute name="Output H" value="2092630016"/>
  <attribute name="Output I" value="200"/>
  <attribute name="Output T" value="4"/>
  <attribute name="Target GC Util Change" value ="20.000000" />
  <attribute name="Current GC Util Change" value="0.000000"/>
  <attribute name="GC Util currently" value="0" />
  <attribute name="CPU Util currently" value="2" />
<allocation-satisfied id="648" threadId="0000000000AB9D00" bytesRequested="32" />
<af-end id="649" timestamp="2019-06-15T19:13:28.737" threadId="0000000000ABA688" success="true" from="nursery"/>
<exclusive-end id="650" timestamp="2019-06-15T19:13:28.737" durationms="1.229" />

</verbosegc>

