<?xml version="1.0" ?>

<verbosegc xmlns="http://www.ibm.com/j9/verbosegc" version="10b4217_CMPRSS">

<initialized id="1" timestamp="2019-06-16T00:10:29.350">
  <attribute name="gcPolicy" value="-Xgcpolicy:gencon" />
  <attribute name="elasticGC enabled" value="1" />
  <attribute name= "numThreadsSpecified" value="0" />
  <attribute name="heapSize specified" value="0" />
  <attribute name="Current GC Util" value="0" />
  <attribute name= "Current Time Running" value="0" />
  <attribute name ="GC Interval" value="0" />
  <attribute name="ProportionalT" value="0.000000" />
  <attribute name="ProportionalI" value="0.000000" />
  <attribute name="ProportionalH" value="0.000000" />
  <attribute name="IntegralT" value="0.000000" />
  <attribute name="IntegralI" value="0.000000" />
  <attribute name="IntegralH" value="0.000000" />
  <attribute name="DerivativeT" value="0.000000" />
  <attribute name="DerivativeI" value="0.000000" />
  <attribute name="DerivativeH" value="0.000000" />
  <attribute name="Target GC Util Change" value ="0.000000" />
  <attribute name="Current GC Util Change" value="0.000000"/>
  <attribute name="Current Error" value="0.000000" />
  <attribute name="Loop Time for DT" value="0.000000" />
  <attribute name="Output H" value="0"/>
  <attribute name="Output I" value="0"/>
  <attribute name="Output T" value="0"/>
  <attribute name="GC Util currently" value="0" />
  <attribute name="CPU Util currently" value="0" />
  <attribute name="maxHeapSize" value="0x7cbc0000" />
  <attribute name="initialHeapSize" value="0x800000" />
  <attribute name="compressedRefs" value="true" />
  <attribute name="compressedRefsDisplacement" value="0x0" />
  <attribute name="compressedRefsShift" value="0x0" />
  <attribute name="pageSize" value="0x1000" />
  <attribute name="pageType" value="not used" />
  <attribute name="requestedPageSize" value="0x1000" />
  <attribute name="requestedPageType" value="not used" />
  <attribute name="gcthreads" value="4" />
  <attribute name="gcthreads Concurrent Mark" value="1" />
  <attribute name="packetListSplit" value="4" />
  <attribute name="cacheListSplit" value="4" />
  <attribute name="splitFreeListSplitAmount" value="1" />
  <attribute name="numaNodes" value="0" />
  <system>
    <attribute name="physicalMemory" value="8370958336" />
    <attribute name="numCPUs" value="4" />
    <attribute name="architecture" value="amd64" />
    <attribute name="os" value="Linux" />
    <attribute name="osVersion" value="4.4.0-150-generic" />
  </system>
  <vmargs>
    <vmarg name="-Xoptionsfile=/vagrant/jdk/lib/options.default" />
    <vmarg name="-Xlockword:mode=default,noLockword=java/lang/String,noLockword=java/util/MapEntry,noLockword=java/util/HashMap$Entry,noLockword..." />
    <vmarg name="-Xjcl:jclse29" />
    <vmarg name="-Dcom.ibm.oti.vm.bootstrap.library.path=/vagrant/jdk/lib/compressedrefs:/vagrant/jdk/lib" />
    <vmarg name="-Dsun.boot.library.path=/vagrant/jdk/lib/compressedrefs:/vagrant/jdk/lib" />
    <vmarg name="-Djava.library.path=/vagrant/jdk/lib/compressedrefs:/vagrant/jdk/lib:/usr/lib64:/usr/lib" />
    <vmarg name="-Djava.home=/vagrant/jdk" />
    <vmarg name="-Duser.dir=/vagrant" />
    <vmarg name="-Xgcpolicy:gencon" />
    <vmarg name="-Xgcelastic" />
    <vmarg name="-Xcheck:gc:::elasticGC" />
    <vmarg name="-verbose:gc" />
    <vmarg name="-Xloggc:jdk1.5-1-1-default-GEN-4CORE-elasticverbose11jython.txt" />
    <vmarg name="-Djava.class.path=dacapo-9.12-MR1-bach.jar" />
    <vmarg name="-Dsun.java.command=dacapo-9.12-MR1-bach.jar jython --size=default" />
    <vmarg name="-Dsun.java.launcher=SUN_STANDARD" />
    <vmarg name="-Dsun.java.launcher.pid=14498" />
  </vmargs>
</initialized>

<exclusive-start id="2" timestamp="2019-06-16T00:10:29.536" intervalms="186.486">
  <response-info timems="0.022" idlems="0.022" threads="0" lastid="000000000224B700" lastname="main" />
</exclusive-start>
<af-start id="3" threadId="000000000224C088" totalBytesRequested="3080" timestamp="2019-06-16T00:10:29.536" intervalms="186.773" type="nursery" />
<cycle-start id="4" type="scavenge" contextid="0" timestamp="2019-06-16T00:10:29.537" intervalms="187.150" />
<gc-start id="5" type="scavenge" contextid="4" timestamp="2019-06-16T00:10:29.542">
  <mem-info id="6" free="6062624" total="8388608" percent="72">
    <mem type="nursery" free="0" total="2097152" percent="0">
      <mem type="allocate" free="0" total="1048576" percent="0" />
      <mem type="survivor" free="0" total="1048576" percent="0" />
    </mem>
    <mem type="tenure" free="6062624" total="6291456" percent="96">
      <mem type="soa" free="5748256" total="5977088" percent="96" />
      <mem type="loa" free="314368" total="314368" percent="100" />
    </mem>
    <remembered-set count="3161" />
  </mem-info>
</gc-start>
<allocation-stats totalBytes="1271056" >
  <allocated-bytes non-tlh="344784" tlh="926272" />
  <largest-consumer threadName="main" threadId="000000000224B700" bytes="1197408" />
</allocation-stats>
<gc-op id="7" type="scavenge" timems="1.875" contextid="4" timestamp="2019-06-16T00:10:29.544">
  <scavenger-info tenureage="2" tenuremask="fffc" tiltratio="50" />
  <memory-copied type="nursery" objects="10578" bytes="477568" bytesdiscarded="76232" />
  <finalization candidates="11" enqueued="0" />
  <references type="soft" candidates="62" cleared="0" enqueued="0" dynamicThreshold="32" maxThreshold="32" />
  <references type="weak" candidates="309" cleared="177" enqueued="141" />
  <references type="phantom" candidates="25" cleared="6" enqueued="6" />
</gc-op>
<gc-end id="8" type="scavenge" contextid="4" durationms="5.289" usertimems="8.000" systemtimems="0.000" timestamp="2019-06-16T00:10:29.547" activeThreads="4">
  <mem-info id="9" free="6555304" total="8388608" percent="78">
    <mem type="nursery" free="492680" total="2097152" percent="23">
      <mem type="allocate" free="492680" total="1048576" percent="46" />
      <mem type="survivor" free="0" total="1048576" percent="0" />
    </mem>
    <mem type="tenure" free="6062624" total="6291456" percent="96">
      <mem type="soa" free="5748256" total="5977088" percent="96" />
      <mem type="loa" free="314368" total="314368" percent="100" />
    </mem>
    <pending-finalizers system="0" default="0" reference="147" classloader="0" />
    <remembered-set count="3161" />
  </mem-info>
</gc-end>
<cycle-end id="10" type="scavenge" contextid="4" timestamp="2019-06-16T00:10:29.547" />
  <attribute name="elasticGC enabled" value="1" />
  <attribute name= "numThreadsSpecified" value="0" />
  <attribute name="heapSize specified" value="0" />
  <attribute name="Current GC Util" value="0" />
  <attribute name= "Current Time Running" value="76" />
  <attribute name ="GC Interval" value="1" />
  <attribute name="ProportionalT" value="0.000000" />
  <attribute name="ProportionalI" value="0.000000" />
  <attribute name="ProportionalH" value="0.000000" />
  <attribute name="Current Error" value="0.000000" />
  <attribute name="IntegralT" value="0.000000" />
  <attribute name="IntegralI" value="0.000000" />
  <attribute name="IntegralH" value="0.000000" />
  <attribute name="DerivativeT" value="0.000000" />
  <attribute name="DerivativeI" value="0.000000" />
  <attribute name="DerivativeH" value="0.000000" />
  <attribute name="Loop Time for DT" value="0.000000" />
  <attribute name="Output H" value="0"/>
  <attribute name="Output I" value="0"/>
  <attribute name="Output T" value="0"/>
  <attribute name="Target GC Util Change" value ="20.000000" />
  <attribute name="Current GC Util Change" value="0.000000"/>
  <attribute name="GC Util currently" value="0" />
  <attribute name="CPU Util currently" value="29" />
<allocation-satisfied id="11" threadId="000000000224B700" bytesRequested="3080" />
<af-end id="12" timestamp="2019-06-16T00:10:29.547" threadId="000000000224C088" success="true" from="nursery"/>
<exclusive-end id="13" timestamp="2019-06-16T00:10:29.547" durationms="11.316" />

<exclusive-start id="14" timestamp="2019-06-16T00:10:29.593" intervalms="57.094">
  <response-info timems="0.054" idlems="0.054" threads="0" lastid="000000000224B700" lastname="main" />
</exclusive-start>
<af-start id="15" threadId="000000000224C088" totalBytesRequested="3616" timestamp="2019-06-16T00:10:29.593" intervalms="56.965" type="nursery" />
<cycle-start id="16" type="scavenge" contextid="0" timestamp="2019-06-16T00:10:29.594" intervalms="56.743" />
<gc-start id="17" type="scavenge" contextid="16" timestamp="2019-06-16T00:10:29.598">
  <mem-info id="18" free="6054720" total="8388608" percent="72">
    <mem type="nursery" free="0" total="2097152" percent="0">
      <mem type="allocate" free="0" total="1048576" percent="0" />
      <mem type="survivor" free="0" total="1048576" percent="0" />
    </mem>
    <mem type="tenure" free="6054720" total="6291456" percent="96">
      <mem type="soa" free="5740352" total="5977088" percent="96" />
      <mem type="loa" free="314368" total="314368" percent="100" />
    </mem>
    <remembered-set count="3264" />
  </mem-info>
</gc-start>
<allocation-stats totalBytes="498360" >
  <allocated-bytes non-tlh="10984" tlh="487376" />
  <largest-consumer threadName="main" threadId="000000000224B700" bytes="486384" />
</allocation-stats>
<gc-op id="19" type="scavenge" timems="1.126" contextid="16" timestamp="2019-06-16T00:10:29.599">
  <scavenger-info tenureage="5" tenuremask="7fe0" tiltratio="50" />
  <memory-copied type="nursery" objects="10922" bytes="493568" bytesdiscarded="20928" />
  <finalization candidates="11" enqueued="0" />
  <references type="soft" candidates="62" cleared="0" enqueued="0" dynamicThreshold="32" maxThreshold="32" />
  <references type="weak" candidates="250" cleared="104" enqueued="101" />
  <references type="phantom" candidates="40" cleared="13" enqueued="13" />
</gc-op>
<gc-end id="20" type="scavenge" contextid="16" durationms="1.403" usertimems="4.000" systemtimems="0.000" timestamp="2019-06-16T00:10:29.599" activeThreads="1">
  <mem-info id="21" free="6587328" total="8388608" percent="78">
    <mem type="nursery" free="532608" total="2097152" percent="25">
      <mem type="allocate" free="532608" total="1048576" percent="50" />
      <mem type="survivor" free="0" total="1048576" percent="0" />
    </mem>
    <mem type="tenure" free="6054720" total="6291456" percent="96">
      <mem type="soa" free="5740352" total="5977088" percent="96" />
      <mem type="loa" free="314368" total="314368" percent="100" />
    </mem>
    <pending-finalizers system="0" default="0" reference="114" classloader="0" />
    <remembered-set count="3264" />
  </mem-info>
</gc-end>
<cycle-end id="22" type="scavenge" contextid="16" timestamp="2019-06-16T00:10:29.599" />
  <attribute name="elasticGC enabled" value="1" />
  <attribute name= "numThreadsSpecified" value="1" />
  <attribute name="heapSize specified" value="0" />
  <attribute name="Current GC Util" value="20" />
  <attribute name= "Current Time Running" value="132" />
  <attribute name ="GC Interval" value="200" />
  <attribute name="ProportionalT" value="0.000000" />
  <attribute name="ProportionalI" value="0.000000" />
  <attribute name="ProportionalH" value="0.000000" />
  <attribute name="Current Error" value="0.000000" />
  <attribute name="IntegralT" value="0.000000" />
  <attribute name="IntegralI" value="0.000000" />
  <attribute name="IntegralH" value="0.000000" />
  <attribute name="DerivativeT" value="0.000000" />
  <attribute name="DerivativeI" value="0.000000" />
  <attribute name="DerivativeH" value="0.000000" />
  <attribute name="Loop Time for DT" value="56.000000" />
  <attribute name="Output H" value="8388608"/>
  <attribute name="Output I" value="200"/>
  <attribute name="Output T" value="1"/>
  <attribute name="Target GC Util Change" value ="20.000000" />
  <attribute name="Current GC Util Change" value="20.000000"/>
  <attribute name="GC Util currently" value="20" />
  <attribute name="CPU Util currently" value="8" />
<allocation-satisfied id="23" threadId="000000000224B700" bytesRequested="3616" />
<af-end id="24" timestamp="2019-06-16T00:10:29.599" threadId="000000000224C088" success="true" from="nursery"/>
<exclusive-end id="25" timestamp="2019-06-16T00:10:29.599" durationms="6.081" />

<exclusive-start id="26" timestamp="2019-06-16T00:10:29.617" intervalms="23.303">
  <response-info timems="0.073" idlems="0.037" threads="1" lastid="000000000224F300" lastname="JIT Compilation Thread-0" />
</exclusive-start>
<af-start id="27" threadId="000000000224C088" totalBytesRequested="2600" timestamp="2019-06-16T00:10:29.617" intervalms="23.263" type="nursery" />
<cycle-start id="28" type="scavenge" contextid="0" timestamp="2019-06-16T00:10:29.617" intervalms="23.212" />
<gc-start id="29" type="scavenge" contextid="28" timestamp="2019-06-16T00:10:29.617">
  <mem-info id="30" free="6048728" total="8388608" percent="72">
    <mem type="nursery" free="0" total="2097152" percent="0">
      <mem type="allocate" free="0" total="1048576" percent="0" />
      <mem type="survivor" free="0" total="1048576" percent="0" />
    </mem>
    <mem type="tenure" free="6048728" total="6291456" percent="96">
      <mem type="soa" free="5734360" total="5977088" percent="95" />
      <mem type="loa" free="314368" total="314368" percent="100" />
    </mem>
    <remembered-set count="3357" />
  </mem-info>
</gc-start>
<allocation-stats totalBytes="537328" >
  <allocated-bytes non-tlh="9608" tlh="527720" />
  <largest-consumer threadName="main" threadId="000000000224B700" bytes="529136" />
</allocation-stats>
<gc-op id="31" type="scavenge" timems="0.992" contextid="28" timestamp="2019-06-16T00:10:29.618">
  <scavenger-info tenureage="4" tenuremask="7ff0" tiltratio="50" />
  <memory-copied type="nursery" objects="11147" bytes="495824" bytesdiscarded="123016" />
  <finalization candidates="11" enqueued="0" />
  <references type="soft" candidates="63" cleared="0" enqueued="0" dynamicThreshold="32" maxThreshold="32" />
  <references type="weak" candidates="251" cleared="105" enqueued="105" />
  <references type="phantom" candidates="43" cleared="15" enqueued="15" />
</gc-op>
<gc-end id="32" type="scavenge" contextid="28" durationms="1.253" usertimems="0.000" systemtimems="0.000" timestamp="2019-06-16T00:10:29.618" activeThreads="4">
  <mem-info id="33" free="6477008" total="8388608" percent="77">
    <mem type="nursery" free="428280" total="2097152" percent="20">
      <mem type="allocate" free="428280" total="1048576" percent="40" />
      <mem type="survivor" free="0" total="1048576" percent="0" />
    </mem>
    <mem type="tenure" free="6048728" total="6291456" percent="96">
      <mem type="soa" free="5734360" total="5977088" percent="95" />
      <mem type="loa" free="314368" total="314368" percent="100" />
    </mem>
    <pending-finalizers system="0" default="0" reference="120" classloader="0" />
    <remembered-set count="1087" />
  </mem-info>
</gc-end>
<cycle-end id="34" type="scavenge" contextid="28" timestamp="2019-06-16T00:10:29.618" />
  <attribute name="elasticGC enabled" value="1" />
  <attribute name= "numThreadsSpecified" value="4" />
  <attribute name="heapSize specified" value="0" />
  <attribute name="Current GC Util" value="26" />
  <attribute name= "Current Time Running" value="151" />
  <attribute name ="GC Interval" value="200" />
  <attribute name="ProportionalT" value="9.000000" />
  <attribute name="ProportionalI" value="9.000000" />
  <attribute name="ProportionalH" value="9.000000" />
  <attribute name="Current Error" value="6.000000" />
  <attribute name="IntegralT" value="114.000000" />
  <attribute name="IntegralI" value="114.000000" />
  <attribute name="IntegralH" value="114.000000" />
  <attribute name="DerivativeT" value="0.315789" />
  <attribute name="DerivativeI" value="0.315789" />
  <attribute name="DerivativeH" value="0.315789" />
  <attribute name="Loop Time for DT" value="19.000000" />
  <attribute name="Output H" value="8388608"/>
  <attribute name="Output I" value="200"/>
  <attribute name="Output T" value="4"/>
  <attribute name="Target GC Util Change" value ="20.000000" />
  <attribute name="Current GC Util Change" value="26.000000"/>
  <attribute name="GC Util currently" value="26" />
  <attribute name="CPU Util currently" value="4" />
<allocation-satisfied id="35" threadId="000000000224B700" bytesRequested="2600" />
<af-end id="36" timestamp="2019-06-16T00:10:29.618" threadId="000000000224C088" success="true" from="nursery"/>
<exclusive-end id="37" timestamp="2019-06-16T00:10:29.618" durationms="1.825" />

<exclusive-start id="38" timestamp="2019-06-16T00:10:30.299" intervalms="682.789">
  <response-info timems="0.022" idlems="0.022" threads="0" lastid="000000000224B700" lastname="main" />
</exclusive-start>
<af-start id="39" threadId="000000000224C088" totalBytesRequested="8200" timestamp="2019-06-16T00:10:30.299" intervalms="682.797" type="nursery" />
<cycle-start id="40" type="scavenge" contextid="0" timestamp="2019-06-16T00:10:30.300" intervalms="682.759" />
<gc-start id="41" type="scavenge" contextid="40" timestamp="2019-06-16T00:10:30.300">
  <mem-info id="42" free="6048480" total="8388608" percent="72">
    <mem type="nursery" free="0" total="2097152" percent="0">
      <mem type="allocate" free="0" total="1048576" percent="0" />
      <mem type="survivor" free="0" total="1048576" percent="0" />
    </mem>
    <mem type="tenure" free="6048480" total="6291456" percent="96">
      <mem type="soa" free="5734112" total="5977088" percent="95" />
      <mem type="loa" free="314368" total="314368" percent="100" />
    </mem>
    <remembered-set count="1091" />
  </mem-info>
</gc-start>
<allocation-stats totalBytes="415080" >
  <allocated-bytes non-tlh="45896" tlh="369184" />
  <largest-consumer threadName="main" threadId="000000000224B700" bytes="415080" />
</allocation-stats>
<gc-op id="43" type="scavenge" timems="1.099" contextid="40" timestamp="2019-06-16T00:10:30.301">
  <scavenger-info tenureage="3" tenuremask="fff8" tiltratio="50" />
  <memory-copied type="nursery" objects="675" bytes="195848" bytesdiscarded="69064" />
  <memory-copied type="tenure" objects="10280" bytes="459496" bytesdiscarded="128" />
  <finalization candidates="13" enqueued="0" />
  <references type="soft" candidates="1" cleared="0" enqueued="0" dynamicThreshold="32" maxThreshold="32" />
  <references type="weak" candidates="28" cleared="13" enqueued="13" />
  <references type="phantom" candidates="20" cleared="8" enqueued="8" />
</gc-op>
<gc-end id="44" type="scavenge" contextid="40" durationms="1.351" usertimems="0.000" systemtimems="4.000" timestamp="2019-06-16T00:10:30.301" activeThreads="4">
  <mem-info id="45" free="6274624" total="8388608" percent="74">
    <mem type="nursery" free="783608" total="2097152" percent="37">
      <mem type="allocate" free="783608" total="1048576" percent="74" />
      <mem type="survivor" free="0" total="1048576" percent="0" />
    </mem>
    <mem type="tenure" free="5491016" total="6291456" percent="87">
      <mem type="soa" free="5176648" total="5977088" percent="86" />
      <mem type="loa" free="314368" total="314368" percent="100" />
    </mem>
    <pending-finalizers system="0" default="0" reference="21" classloader="0" />
    <remembered-set count="204" />
  </mem-info>
</gc-end>
<cycle-end id="46" type="scavenge" contextid="40" timestamp="2019-06-16T00:10:30.301" />
  <attribute name="elasticGC enabled" value="1" />
  <attribute name= "numThreadsSpecified" value="4" />
  <attribute name="heapSize specified" value="0" />
  <attribute name="Current GC Util" value="0" />
  <attribute name= "Current Time Running" value="834" />
  <attribute name ="GC Interval" value="200" />
  <attribute name="ProportionalT" value="-30.000000" />
  <attribute name="ProportionalI" value="-30.000000" />
  <attribute name="ProportionalH" value="-30.000000" />
  <attribute name="Current Error" value="-20.000000" />
  <attribute name="IntegralT" value="-13546.000000" />
  <attribute name="IntegralI" value="-13546.000000" />
  <attribute name="IntegralH" value="-13546.000000" />
  <attribute name="DerivativeT" value="-0.038067" />
  <attribute name="DerivativeI" value="-0.038067" />
  <attribute name="DerivativeH" value="-0.038067" />
  <attribute name="Loop Time for DT" value="683.000000" />
  <attribute name="Output H" value="2092630016"/>
  <attribute name="Output I" value="200"/>
  <attribute name="Output T" value="4"/>
  <attribute name="Target GC Util Change" value ="20.000000" />
  <attribute name="Current GC Util Change" value="0.000000"/>
  <attribute name="GC Util currently" value="0" />
  <attribute name="CPU Util currently" value="3" />
<allocation-satisfied id="47" threadId="000000000224B700" bytesRequested="8200" />
<af-end id="48" timestamp="2019-06-16T00:10:30.301" threadId="000000000224C088" success="true" from="nursery"/>
<exclusive-end id="49" timestamp="2019-06-16T00:10:30.301" durationms="1.907" />

<exclusive-start id="50" timestamp="2019-06-16T00:10:33.587" intervalms="3287.426">
  <response-info timems="0.117" idlems="0.117" threads="0" lastid="000000000224B700" lastname="main" />
</exclusive-start>
<af-start id="51" threadId="000000000224C088" totalBytesRequested="2056" timestamp="2019-06-16T00:10:33.587" intervalms="3287.786" type="nursery" />
<cycle-start id="52" type="scavenge" contextid="0" timestamp="2019-06-16T00:10:33.588" intervalms="3288.220" />
<gc-start id="53" type="scavenge" contextid="52" timestamp="2019-06-16T00:10:33.588">
  <mem-info id="54" free="5490096" total="8388608" percent="65">
    <mem type="nursery" free="0" total="2097152" percent="0">
      <mem type="allocate" free="0" total="1048576" percent="0" />
      <mem type="survivor" free="0" total="1048576" percent="0" />
    </mem>
    <mem type="tenure" free="5490096" total="6291456" percent="87">
      <mem type="soa" free="5175728" total="5977088" percent="86" />
      <mem type="loa" free="314368" total="314368" percent="100" />
    </mem>
    <remembered-set count="220" />
  </mem-info>
</gc-start>
<allocation-stats totalBytes="775072" >
  <allocated-bytes non-tlh="9120" tlh="765952" />
  <largest-consumer threadName="main" threadId="000000000224B700" bytes="775072" />
</allocation-stats>
<gc-op id="55" type="scavenge" timems="3.030" contextid="52" timestamp="2019-06-16T00:10:33.592">
  <scavenger-info tenureage="3" tenuremask="fff8" tiltratio="50" />
  <memory-copied type="nursery" objects="431" bytes="101560" bytesdiscarded="71424" />
  <memory-copied type="tenure" objects="307" bytes="15688" bytesdiscarded="0" />
  <finalization candidates="3" enqueued="1" />
  <references type="soft" candidates="1" cleared="0" enqueued="0" dynamicThreshold="32" maxThreshold="32" />
  <references type="weak" candidates="6" cleared="4" enqueued="4" />
  <references type="phantom" candidates="9" cleared="2" enqueued="2" />
</gc-op>
<gc-end id="56" type="scavenge" contextid="52" durationms="4.431" usertimems="4.000" systemtimems="0.000" timestamp="2019-06-16T00:10:33.593" activeThreads="4">
  <mem-info id="57" free="6326440" total="8388608" percent="75">
    <mem type="nursery" free="875512" total="2097152" percent="41">
      <mem type="allocate" free="875512" total="1048576" percent="83" />
      <mem type="survivor" free="0" total="1048576" percent="0" />
    </mem>
    <mem type="tenure" free="5450928" total="6291456" percent="86">
      <mem type="soa" free="5136560" total="5977088" percent="85" />
      <mem type="loa" free="314368" total="314368" percent="100" />
    </mem>
    <pending-finalizers system="1" default="0" reference="6" classloader="0" />
    <remembered-set count="112" />
  </mem-info>
</gc-end>
<cycle-end id="58" type="scavenge" contextid="52" timestamp="2019-06-16T00:10:33.593" />
  <attribute name="elasticGC enabled" value="1" />
  <attribute name= "numThreadsSpecified" value="4" />
  <attribute name="heapSize specified" value="0" />
  <attribute name="Current GC Util" value="0" />
  <attribute name= "Current Time Running" value="4123" />
  <attribute name ="GC Interval" value="200" />
  <attribute name="ProportionalT" value="-30.000000" />
  <attribute name="ProportionalI" value="-30.000000" />
  <attribute name="ProportionalH" value="-30.000000" />
  <attribute name="Current Error" value="-20.000000" />
  <attribute name="IntegralT" value="-79326.000000" />
  <attribute name="IntegralI" value="-79326.000000" />
  <attribute name="IntegralH" value="-79326.000000" />
  <attribute name="DerivativeT" value="-0.006081" />
  <attribute name="DerivativeI" value="-0.006081" />
  <attribute name="DerivativeH" value="-0.006081" />
  <attribute name="Loop Time for DT" value="3289.000000" />
  <attribute name="Output H" value="2092630016"/>
  <attribute name="Output I" value="200"/>
  <attribute name="Output T" value="4"/>
  <attribute name="Target GC Util Change" value ="20.000000" />
  <attribute name="Current GC Util Change" value="0.000000"/>
  <attribute name="GC Util currently" value="0" />
  <attribute name="CPU Util currently" value="3" />
<allocation-satisfied id="59" threadId="000000000224B700" bytesRequested="2056" />
<af-end id="60" timestamp="2019-06-16T00:10:33.594" threadId="000000000224C088" success="true" from="nursery"/>
<exclusive-end id="61" timestamp="2019-06-16T00:10:33.594" durationms="7.511" />

<exclusive-start id="62" timestamp="2019-06-16T00:10:37.626" intervalms="4039.016">
  <response-info timems="0.183" idlems="0.183" threads="0" lastid="000000000224B700" lastname="main" />
</exclusive-start>
<af-start id="63" threadId="000000000224C088" totalBytesRequested="2056" timestamp="2019-06-16T00:10:37.626" intervalms="4039.102" type="nursery" />
<cycle-start id="64" type="scavenge" contextid="0" timestamp="2019-06-16T00:10:37.627" intervalms="4039.157" />
<gc-start id="65" type="scavenge" contextid="64" timestamp="2019-06-16T00:10:37.627">
  <mem-info id="66" free="5450928" total="8388608" percent="64">
    <mem type="nursery" free="0" total="2097152" percent="0">
      <mem type="allocate" free="0" total="1048576" percent="0" />
      <mem type="survivor" free="0" total="1048576" percent="0" />
    </mem>
    <mem type="tenure" free="5450928" total="6291456" percent="86">
      <mem type="soa" free="5136560" total="5977088" percent="85" />
      <mem type="loa" free="314368" total="314368" percent="100" />
    </mem>
    <remembered-set count="114" />
  </mem-info>
</gc-start>
<allocation-stats totalBytes="863368" >
  <allocated-bytes non-tlh="2056" tlh="861312" />
  <largest-consumer threadName="main" threadId="000000000224B700" bytes="863368" />
</allocation-stats>
<gc-op id="67" type="scavenge" timems="1.378" contextid="64" timestamp="2019-06-16T00:10:37.630">
  <scavenger-info tenureage="4" tenuremask="fff0" tiltratio="50" />
  <memory-copied type="nursery" objects="410" bytes="86384" bytesdiscarded="47432" />
  <finalization candidates="2" enqueued="0" />
  <references type="soft" candidates="1" cleared="0" enqueued="0" dynamicThreshold="32" maxThreshold="32" />
  <references type="weak" candidates="2" cleared="0" enqueued="0" />
  <references type="phantom" candidates="7" cleared="0" enqueued="0" />
</gc-op>
<gc-end id="68" type="scavenge" contextid="64" durationms="3.153" usertimems="4.000" systemtimems="0.000" timestamp="2019-06-16T00:10:37.631" activeThreads="4">
  <mem-info id="69" free="6496680" total="8388608" percent="77">
    <mem type="nursery" free="1045752" total="2097152" percent="49">
      <mem type="allocate" free="1045752" total="1179648" percent="88" />
      <mem type="survivor" free="0" total="917504" percent="0" />
    </mem>
    <mem type="tenure" free="5450928" total="6291456" percent="86">
      <mem type="soa" free="5136560" total="5977088" percent="85" />
      <mem type="loa" free="314368" total="314368" percent="100" />
    </mem>
    <remembered-set count="104" />
  </mem-info>
</gc-end>
<cycle-end id="70" type="scavenge" contextid="64" timestamp="2019-06-16T00:10:37.631" />
  <attribute name="elasticGC enabled" value="1" />
  <attribute name= "numThreadsSpecified" value="4" />
  <attribute name="heapSize specified" value="0" />
  <attribute name="Current GC Util" value="0" />
  <attribute name= "Current Time Running" value="8162" />
  <attribute name ="GC Interval" value="200" />
  <attribute name="ProportionalT" value="-30.000000" />
  <attribute name="ProportionalI" value="-30.000000" />
  <attribute name="ProportionalH" value="-30.000000" />
  <attribute name="Current Error" value="-20.000000" />
  <attribute name="IntegralT" value="-160106.000000" />
  <attribute name="IntegralI" value="-160106.000000" />
  <attribute name="IntegralH" value="-160106.000000" />
  <attribute name="DerivativeT" value="-0.004952" />
  <attribute name="DerivativeI" value="-0.004952" />
  <attribute name="DerivativeH" value="-0.004952" />
  <attribute name="Loop Time for DT" value="4039.000000" />
  <attribute name="Output H" value="2092630016"/>
  <attribute name="Output I" value="200"/>
  <attribute name="Output T" value="4"/>
  <attribute name="Target GC Util Change" value ="20.000000" />
  <attribute name="Current GC Util Change" value="0.000000"/>
  <attribute name="GC Util currently" value="0" />
  <attribute name="CPU Util currently" value="2" />
<allocation-satisfied id="71" threadId="000000000224B700" bytesRequested="2056" />
<af-end id="72" timestamp="2019-06-16T00:10:37.632" threadId="000000000224C088" success="true" from="nursery"/>
<exclusive-end id="73" timestamp="2019-06-16T00:10:37.632" durationms="6.402" />

<exclusive-start id="74" timestamp="2019-06-16T00:10:42.138" intervalms="4511.912">
  <response-info timems="0.176" idlems="0.176" threads="0" lastid="000000000224B700" lastname="main" />
</exclusive-start>
<af-start id="75" threadId="000000000224C088" totalBytesRequested="2056" timestamp="2019-06-16T00:10:42.138" intervalms="4511.958" type="nursery" />
<cycle-start id="76" type="scavenge" contextid="0" timestamp="2019-06-16T00:10:42.139" intervalms="4512.028" />
<gc-start id="77" type="scavenge" contextid="76" timestamp="2019-06-16T00:10:42.140">
  <mem-info id="78" free="5450928" total="8388608" percent="64">
    <mem type="nursery" free="0" total="2097152" percent="0">
      <mem type="allocate" free="0" total="1179648" percent="0" />
      <mem type="survivor" free="0" total="917504" percent="0" />
    </mem>
    <mem type="tenure" free="5450928" total="6291456" percent="86">
      <mem type="soa" free="5136560" total="5977088" percent="85" />
      <mem type="loa" free="314368" total="314368" percent="100" />
    </mem>
    <remembered-set count="104" />
  </mem-info>
</gc-start>
<allocation-stats totalBytes="1034528" >
  <allocated-bytes non-tlh="2056" tlh="1032472" />
  <largest-consumer threadName="main" threadId="000000000224B700" bytes="1034528" />
</allocation-stats>
<gc-op id="79" type="scavenge" timems="2.918" contextid="76" timestamp="2019-06-16T00:10:42.143">
  <scavenger-info tenureage="3" tenuremask="fff8" tiltratio="56" />
  <memory-copied type="nursery" objects="116" bytes="26096" bytesdiscarded="13040" />
  <memory-copied type="tenure" objects="294" bytes="60304" bytesdiscarded="64" />
  <finalization candidates="2" enqueued="0" />
  <references type="weak" candidates="1" cleared="0" enqueued="0" />
  <references type="phantom" candidates="3" cleared="0" enqueued="0" />
</gc-op>
<gc-end id="80" type="scavenge" contextid="76" durationms="6.355" usertimems="4.000" systemtimems="0.000" timestamp="2019-06-16T00:10:42.146" activeThreads="4">
  <mem-info id="81" free="6642328" total="8388608" percent="79">
    <mem type="nursery" free="1271552" total="2097152" percent="60">
      <mem type="allocate" free="1271552" total="1310720" percent="97" />
      <mem type="survivor" free="0" total="786432" percent="0" />
    </mem>
    <mem type="tenure" free="5370776" total="6291456" percent="85" macro-fragmented="0">
      <mem type="soa" free="5056408" total="5977088" percent="84" />
      <mem type="loa" free="314368" total="314368" percent="100" />
    </mem>
    <remembered-set count="72" />
  </mem-info>
</gc-end>
<cycle-end id="82" type="scavenge" contextid="76" timestamp="2019-06-16T00:10:42.146" />
  <attribute name="elasticGC enabled" value="1" />
  <attribute name= "numThreadsSpecified" value="4" />
  <attribute name="heapSize specified" value="0" />
  <attribute name="Current GC Util" value="0" />
  <attribute name= "Current Time Running" value="12674" />
  <attribute name ="GC Interval" value="200" />
  <attribute name="ProportionalT" value="-30.000000" />
  <attribute name="ProportionalI" value="-30.000000" />
  <attribute name="ProportionalH" value="-30.000000" />
  <attribute name="Current Error" value="-20.000000" />
  <attribute name="IntegralT" value="-90240.000000" />
  <attribute name="IntegralI" value="-90240.000000" />
  <attribute name="IntegralH" value="-90240.000000" />
  <attribute name="DerivativeT" value="-0.004433" />
  <attribute name="DerivativeI" value="-0.004433" />
  <attribute name="DerivativeH" value="-0.004433" />
  <attribute name="Loop Time for DT" value="4512.000000" />
  <attribute name="Output H" value="2092630016"/>
  <attribute name="Output I" value="200"/>
  <attribute name="Output T" value="4"/>
  <attribute name="Target GC Util Change" value ="20.000000" />
  <attribute name="Current GC Util Change" value="0.000000"/>
  <attribute name="GC Util currently" value="0" />
  <attribute name="CPU Util currently" value="1" />
<allocation-satisfied id="83" threadId="000000000224B700" bytesRequested="2056" />
<af-end id="84" timestamp="2019-06-16T00:10:42.147" threadId="000000000224C088" success="true" from="nursery"/>
<exclusive-end id="85" timestamp="2019-06-16T00:10:42.148" durationms="10.227" />

<exclusive-start id="86" timestamp="2019-06-16T00:10:48.051" intervalms="5913.591">
  <response-info timems="0.175" idlems="0.175" threads="0" lastid="000000000224B700" lastname="main" />
</exclusive-start>
<af-start id="87" threadId="000000000224C088" totalBytesRequested="2056" timestamp="2019-06-16T00:10:48.052" intervalms="5913.515" type="nursery" />
<cycle-start id="88" type="scavenge" contextid="0" timestamp="2019-06-16T00:10:48.052" intervalms="5913.349" />
<gc-start id="89" type="scavenge" contextid="88" timestamp="2019-06-16T00:10:48.053">
  <mem-info id="90" free="5370776" total="8388608" percent="64">
    <mem type="nursery" free="0" total="2097152" percent="0">
      <mem type="allocate" free="0" total="1310720" percent="0" />
      <mem type="survivor" free="0" total="786432" percent="0" />
    </mem>
    <mem type="tenure" free="5370776" total="6291456" percent="85">
      <mem type="soa" free="5056408" total="5977088" percent="84" />
      <mem type="loa" free="314368" total="314368" percent="100" />
    </mem>
    <remembered-set count="72" />
  </mem-info>
</gc-start>
<allocation-stats totalBytes="1259168" >
  <allocated-bytes non-tlh="2056" tlh="1257112" />
  <largest-consumer threadName="main" threadId="000000000224B700" bytes="1259168" />
</allocation-stats>
<gc-op id="91" type="scavenge" timems="1.011" contextid="88" timestamp="2019-06-16T00:10:48.055">
  <scavenger-info tenureage="3" tenuremask="ffc8" tiltratio="62" />
  <memory-copied type="nursery" objects="14" bytes="2544" bytesdiscarded="36608" />
  <memory-copied type="tenure" objects="102" bytes="23536" bytesdiscarded="0" />
  <references type="phantom" candidates="1" cleared="0" enqueued="0" />
</gc-op>
<gc-end id="92" type="scavenge" contextid="88" durationms="2.738" usertimems="4.000" systemtimems="0.000" timestamp="2019-06-16T00:10:48.056" activeThreads="4">
  <mem-info id="93" free="6773400" total="8388608" percent="80">
    <mem type="nursery" free="1402624" total="2097152" percent="66">
      <mem type="allocate" free="1402624" total="1441792" percent="97" />
      <mem type="survivor" free="0" total="655360" percent="0" />
    </mem>
    <mem type="tenure" free="5370776" total="6291456" percent="85" macro-fragmented="4479464">
      <mem type="soa" free="5056408" total="5977088" percent="84" />
      <mem type="loa" free="314368" total="314368" percent="100" />
    </mem>
    <remembered-set count="62" />
  </mem-info>
</gc-end>
<cycle-end id="94" type="scavenge" contextid="88" timestamp="2019-06-16T00:10:48.056" />
  <attribute name="elasticGC enabled" value="1" />
  <attribute name= "numThreadsSpecified" value="4" />
  <attribute name="heapSize specified" value="0" />
  <attribute name="Current GC Util" value="0" />
  <attribute name= "Current Time Running" value="18587" />
  <attribute name ="GC Interval" value="200" />
  <attribute name="ProportionalT" value="-30.000000" />
  <attribute name="ProportionalI" value="-30.000000" />
  <attribute name="ProportionalH" value="-30.000000" />
  <attribute name="Current Error" value="-20.000000" />
  <attribute name="IntegralT" value="-118260.000000" />
  <attribute name="IntegralI" value="-118260.000000" />
  <attribute name="IntegralH" value="-118260.000000" />
  <attribute name="DerivativeT" value="-0.003382" />
  <attribute name="DerivativeI" value="-0.003382" />
  <attribute name="DerivativeH" value="-0.003382" />
  <attribute name="Loop Time for DT" value="5913.000000" />
  <attribute name="Output H" value="2092630016"/>
  <attribute name="Output I" value="200"/>
  <attribute name="Output T" value="4"/>
  <attribute name="Target GC Util Change" value ="20.000000" />
  <attribute name="Current GC Util Change" value="0.000000"/>
  <attribute name="GC Util currently" value="0" />
  <attribute name="CPU Util currently" value="1" />
<allocation-satisfied id="95" threadId="000000000224B700" bytesRequested="2056" />
<af-end id="96" timestamp="2019-06-16T00:10:48.057" threadId="000000000224C088" success="true" from="nursery"/>
<exclusive-end id="97" timestamp="2019-06-16T00:10:48.057" durationms="6.110" />

<exclusive-start id="98" timestamp="2019-06-16T00:10:55.118" intervalms="7066.440">
  <response-info timems="0.163" idlems="0.163" threads="0" lastid="000000000224B700" lastname="main" />
</exclusive-start>
<af-start id="99" threadId="000000000224C088" totalBytesRequested="2056" timestamp="2019-06-16T00:10:55.118" intervalms="7066.428" type="nursery" />
<cycle-start id="100" type="scavenge" contextid="0" timestamp="2019-06-16T00:10:55.119" intervalms="7066.574" />
<gc-start id="101" type="scavenge" contextid="100" timestamp="2019-06-16T00:10:55.119">
  <mem-info id="102" free="5370776" total="8388608" percent="64">
    <mem type="nursery" free="0" total="2097152" percent="0">
      <mem type="allocate" free="0" total="1441792" percent="0" />
      <mem type="survivor" free="0" total="655360" percent="0" />
    </mem>
    <mem type="tenure" free="5370776" total="6291456" percent="85">
      <mem type="soa" free="5056408" total="5977088" percent="84" />
      <mem type="loa" free="314368" total="314368" percent="100" />
    </mem>
    <remembered-set count="62" />
  </mem-info>
</gc-start>
<allocation-stats totalBytes="1396976" >
  <allocated-bytes non-tlh="2056" tlh="1394920" />
  <largest-consumer threadName="main" threadId="000000000224B700" bytes="1396976" />
</allocation-stats>
<gc-op id="103" type="scavenge" timems="1.032" contextid="100" timestamp="2019-06-16T00:10:55.121">
  <scavenger-info tenureage="3" tenuremask="ffe8" tiltratio="68" />
  <memory-copied type="nursery" objects="14" bytes="2624" bytesdiscarded="36528" />
  <references type="phantom" candidates="1" cleared="0" enqueued="0" />
</gc-op>
<gc-end id="104" type="scavenge" contextid="100" durationms="2.988" usertimems="4.000" systemtimems="0.000" timestamp="2019-06-16T00:10:55.122" activeThreads="4">
  <mem-info id="105" free="6904472" total="8388608" percent="82">
    <mem type="nursery" free="1533696" total="2097152" percent="73">
      <mem type="allocate" free="1533696" total="1572864" percent="97" />
      <mem type="survivor" free="0" total="524288" percent="0" />
    </mem>
    <mem type="tenure" free="5370776" total="6291456" percent="85" macro-fragmented="1500163">
      <mem type="soa" free="5056408" total="5977088" percent="84" />
      <mem type="loa" free="314368" total="314368" percent="100" />
    </mem>
    <remembered-set count="62" />
  </mem-info>
</gc-end>
<cycle-end id="106" type="scavenge" contextid="100" timestamp="2019-06-16T00:10:55.123" />
  <attribute name="elasticGC enabled" value="1" />
  <attribute name= "numThreadsSpecified" value="4" />
  <attribute name="heapSize specified" value="0" />
  <attribute name="Current GC Util" value="0" />
  <attribute name= "Current Time Running" value="25654" />
  <attribute name ="GC Interval" value="200" />
  <attribute name="ProportionalT" value="-30.000000" />
  <attribute name="ProportionalI" value="-30.000000" />
  <attribute name="ProportionalH" value="-30.000000" />
  <attribute name="Current Error" value="-20.000000" />
  <attribute name="IntegralT" value="-141340.000000" />
  <attribute name="IntegralI" value="-141340.000000" />
  <attribute name="IntegralH" value="-141340.000000" />
  <attribute name="DerivativeT" value="-0.002830" />
  <attribute name="DerivativeI" value="-0.002830" />
  <attribute name="DerivativeH" value="-0.002830" />
  <attribute name="Loop Time for DT" value="7067.000000" />
  <attribute name="Output H" value="2092630016"/>
  <attribute name="Output I" value="200"/>
  <attribute name="Output T" value="4"/>
  <attribute name="Target GC Util Change" value ="20.000000" />
  <attribute name="Current GC Util Change" value="0.000000"/>
  <attribute name="GC Util currently" value="0" />
  <attribute name="CPU Util currently" value="1" />
<allocation-satisfied id="107" threadId="000000000224B700" bytesRequested="2056" />
<af-end id="108" timestamp="2019-06-16T00:10:55.124" threadId="000000000224C088" success="true" from="nursery"/>
<exclusive-end id="109" timestamp="2019-06-16T00:10:55.125" durationms="6.952" />

<exclusive-start id="110" timestamp="2019-06-16T00:11:03.063" intervalms="7944.913">
  <response-info timems="0.187" idlems="0.187" threads="0" lastid="000000000224B700" lastname="main" />
</exclusive-start>
<af-start id="111" threadId="000000000224C088" totalBytesRequested="2056" timestamp="2019-06-16T00:11:03.063" intervalms="7945.019" type="nursery" />
<cycle-start id="112" type="scavenge" contextid="0" timestamp="2019-06-16T00:11:03.064" intervalms="7945.110" />
<gc-start id="113" type="scavenge" contextid="112" timestamp="2019-06-16T00:11:03.065">
  <mem-info id="114" free="5370776" total="8388608" percent="64">
    <mem type="nursery" free="0" total="2097152" percent="0">
      <mem type="allocate" free="0" total="1572864" percent="0" />
      <mem type="survivor" free="0" total="524288" percent="0" />
    </mem>
    <mem type="tenure" free="5370776" total="6291456" percent="85">
      <mem type="soa" free="5056408" total="5977088" percent="84" />
      <mem type="loa" free="314368" total="314368" percent="100" />
    </mem>
    <remembered-set count="62" />
  </mem-info>
</gc-start>
<allocation-stats totalBytes="1519312" >
  <allocated-bytes non-tlh="2056" tlh="1517256" />
  <largest-consumer threadName="main" threadId="000000000224B700" bytes="1519312" />
</allocation-stats>
<gc-op id="115" type="scavenge" timems="1.048" contextid="112" timestamp="2019-06-16T00:11:03.067">
  <scavenger-info tenureage="3" tenuremask="fff8" tiltratio="75" />
  <memory-copied type="nursery" objects="13" bytes="536" bytesdiscarded="38616" />
  <references type="phantom" candidates="1" cleared="0" enqueued="0" />
</gc-op>
<gc-end id="116" type="scavenge" contextid="112" durationms="3.125" usertimems="4.000" systemtimems="0.000" timestamp="2019-06-16T00:11:03.068" activeThreads="4">
  <mem-info id="117" free="7035544" total="8388608" percent="83">
    <mem type="nursery" free="1664768" total="2097152" percent="79">
      <mem type="allocate" free="1664768" total="1703936" percent="97" />
      <mem type="survivor" free="0" total="393216" percent="0" />
    </mem>
    <mem type="tenure" free="5370776" total="6291456" percent="85" macro-fragmented="3110739">
      <mem type="soa" free="5056408" total="5977088" percent="84" />
      <mem type="loa" free="314368" total="314368" percent="100" />
    </mem>
    <remembered-set count="62" />
  </mem-info>
</gc-end>
<cycle-end id="118" type="scavenge" contextid="112" timestamp="2019-06-16T00:11:03.068" />
  <attribute name="elasticGC enabled" value="1" />
  <attribute name= "numThreadsSpecified" value="4" />
  <attribute name="heapSize specified" value="0" />
  <attribute name="Current GC Util" value="0" />
  <attribute name= "Current Time Running" value="33600" />
  <attribute name ="GC Interval" value="200" />
  <attribute name="ProportionalT" value="-30.000000" />
  <attribute name="ProportionalI" value="-30.000000" />
  <attribute name="ProportionalH" value="-30.000000" />
  <attribute name="Current Error" value="-20.000000" />
  <attribute name="IntegralT" value="-158920.000000" />
  <attribute name="IntegralI" value="-158920.000000" />
  <attribute name="IntegralH" value="-158920.000000" />
  <attribute name="DerivativeT" value="-0.002517" />
  <attribute name="DerivativeI" value="-0.002517" />
  <attribute name="DerivativeH" value="-0.002517" />
  <attribute name="Loop Time for DT" value="7946.000000" />
  <attribute name="Output H" value="2092630016"/>
  <attribute name="Output I" value="200"/>
  <attribute name="Output T" value="4"/>
  <attribute name="Target GC Util Change" value ="20.000000" />
  <attribute name="Current GC Util Change" value="0.000000"/>
  <attribute name="GC Util currently" value="0" />
  <attribute name="CPU Util currently" value="0" />
<allocation-satisfied id="119" threadId="000000000224B700" bytesRequested="2056" />
<af-end id="120" timestamp="2019-06-16T00:11:03.069" threadId="000000000224C088" success="true" from="nursery"/>
<exclusive-end id="121" timestamp="2019-06-16T00:11:03.070" durationms="7.043" />

<exclusive-start id="122" timestamp="2019-06-16T00:11:10.076" intervalms="7013.196">
  <response-info timems="0.052" idlems="0.052" threads="0" lastid="000000000224B700" lastname="main" />
</exclusive-start>
<af-start id="123" threadId="000000000224C088" totalBytesRequested="2056" timestamp="2019-06-16T00:11:10.076" intervalms="7013.163" type="nursery" />
<cycle-start id="124" type="scavenge" contextid="0" timestamp="2019-06-16T00:11:10.077" intervalms="7013.067" />
<gc-start id="125" type="scavenge" contextid="124" timestamp="2019-06-16T00:11:10.078">
  <mem-info id="126" free="5370776" total="8388608" percent="64">
    <mem type="nursery" free="0" total="2097152" percent="0">
      <mem type="allocate" free="0" total="1703936" percent="0" />
      <mem type="survivor" free="0" total="393216" percent="0" />
    </mem>
    <mem type="tenure" free="5370776" total="6291456" percent="85">
      <mem type="soa" free="5056408" total="5977088" percent="84" />
      <mem type="loa" free="314368" total="314368" percent="100" />
    </mem>
    <remembered-set count="62" />
  </mem-info>
</gc-start>
<allocation-stats totalBytes="1645656" >
  <allocated-bytes non-tlh="2056" tlh="1643600" />
  <largest-consumer threadName="main" threadId="000000000224B700" bytes="1645656" />
</allocation-stats>
<gc-op id="127" type="scavenge" timems="1.024" contextid="124" timestamp="2019-06-16T00:11:10.080">
  <scavenger-info tenureage="3" tenuremask="fff8" tiltratio="81" />
  <memory-copied type="nursery" objects="14" bytes="2560" bytesdiscarded="36592" />
  <references type="phantom" candidates="1" cleared="0" enqueued="0" />
</gc-op>
<gc-end id="128" type="scavenge" contextid="124" durationms="3.351" usertimems="0.000" systemtimems="0.000" timestamp="2019-06-16T00:11:10.081" activeThreads="4">
  <mem-info id="129" free="7101080" total="8388608" percent="84">
    <mem type="nursery" free="1730304" total="2097152" percent="82">
      <mem type="allocate" free="1730304" total="1769472" percent="97" />
      <mem type="survivor" free="0" total="327680" percent="0" />
    </mem>
    <mem type="tenure" free="5370776" total="6291456" percent="85" macro-fragmented="4479464">
      <mem type="soa" free="5056408" total="5977088" percent="84" />
      <mem type="loa" free="314368" total="314368" percent="100" />
    </mem>
    <remembered-set count="62" />
  </mem-info>
</gc-end>
<cycle-end id="130" type="scavenge" contextid="124" timestamp="2019-06-16T00:11:10.081" />
  <attribute name="elasticGC enabled" value="1" />
  <attribute name= "numThreadsSpecified" value="4" />
  <attribute name="heapSize specified" value="0" />
  <attribute name="Current GC Util" value="0" />
  <attribute name= "Current Time Running" value="40613" />
  <attribute name ="GC Interval" value="200" />
  <attribute name="ProportionalT" value="-30.000000" />
  <attribute name="ProportionalI" value="-30.000000" />
  <attribute name="ProportionalH" value="-30.000000" />
  <attribute name="Current Error" value="-20.000000" />
  <attribute name="IntegralT" value="-140260.000000" />
  <attribute name="IntegralI" value="-140260.000000" />
  <attribute name="IntegralH" value="-140260.000000" />
  <attribute name="DerivativeT" value="-0.002852" />
  <attribute name="DerivativeI" value="-0.002852" />
  <attribute name="DerivativeH" value="-0.002852" />
  <attribute name="Loop Time for DT" value="7013.000000" />
  <attribute name="Output H" value="2092630016"/>
  <attribute name="Output I" value="200"/>
  <attribute name="Output T" value="4"/>
  <attribute name="Target GC Util Change" value ="20.000000" />
  <attribute name="Current GC Util Change" value="0.000000"/>
  <attribute name="GC Util currently" value="0" />
  <attribute name="CPU Util currently" value="1" />
<allocation-satisfied id="131" threadId="000000000224B700" bytesRequested="2056" />
<af-end id="132" timestamp="2019-06-16T00:11:10.083" threadId="000000000224C088" success="true" from="nursery"/>
<exclusive-end id="133" timestamp="2019-06-16T00:11:10.083" durationms="7.318" />

<exclusive-start id="134" timestamp="2019-06-16T00:11:13.397" intervalms="3321.471">
  <response-info timems="0.063" idlems="0.063" threads="0" lastid="000000000224B700" lastname="main" />
</exclusive-start>
<af-start id="135" threadId="000000000224C088" totalBytesRequested="67568" timestamp="2019-06-16T00:11:13.397" intervalms="3321.056" type="nursery" />
<cycle-start id="136" type="scavenge" contextid="0" timestamp="2019-06-16T00:11:13.398" intervalms="3320.624" />
<gc-start id="137" type="scavenge" contextid="136" timestamp="2019-06-16T00:11:13.398">
  <mem-info id="138" free="5409608" total="8388608" percent="64">
    <mem type="nursery" free="39936" total="2097152" percent="1">
      <mem type="allocate" free="39936" total="1769472" percent="2" />
      <mem type="survivor" free="0" total="327680" percent="0" />
    </mem>
    <mem type="tenure" free="5369672" total="6291456" percent="85">
      <mem type="soa" free="5055304" total="5977088" percent="84" />
      <mem type="loa" free="314368" total="314368" percent="100" />
    </mem>
    <remembered-set count="99" />
  </mem-info>
</gc-start>
<allocation-stats totalBytes="1667136" >
  <allocated-bytes non-tlh="450384" tlh="1216752" />
  <largest-consumer threadName="main" threadId="000000000224B700" bytes="1667136" />
</allocation-stats>
<gc-op id="139" type="scavenge" timems="0.434" contextid="136" timestamp="2019-06-16T00:11:13.398">
  <scavenger-info tenureage="3" tenuremask="fff8" tiltratio="84" />
  <memory-copied type="nursery" objects="471" bytes="297976" bytesdiscarded="22592" />
  <memory-copied type="tenure" objects="2" bytes="400816" bytesdiscarded="0" />
  <copy-failed type="nursery" objects="2" bytes="400816" />
  <references type="soft" candidates="1" cleared="0" enqueued="0" dynamicThreshold="32" maxThreshold="32" />
  <references type="weak" candidates="6" cleared="5" enqueued="5" />
  <references type="phantom" candidates="30" cleared="1" enqueued="1" />
</gc-op>
<gc-end id="140" type="scavenge" contextid="136" durationms="0.870" usertimems="0.000" systemtimems="0.000" timestamp="2019-06-16T00:11:13.399" activeThreads="4">
  <mem-info id="141" free="5696856" total="8388608" percent="67">
    <mem type="nursery" free="728000" total="2097152" percent="34">
      <mem type="allocate" free="728000" total="1048576" percent="69" />
      <mem type="survivor" free="0" total="1048576" percent="0" />
    </mem>
    <mem type="tenure" free="4968856" total="6291456" percent="78" macro-fragmented="4770205">
      <mem type="soa" free="4654488" total="5977088" percent="77" />
      <mem type="loa" free="314368" total="314368" percent="100" />
    </mem>
    <pending-finalizers system="0" default="0" reference="6" classloader="0" />
    <remembered-set count="98" />
  </mem-info>
</gc-end>
<cycle-end id="142" type="scavenge" contextid="136" timestamp="2019-06-16T00:11:13.399" />
  <attribute name="elasticGC enabled" value="1" />
  <attribute name= "numThreadsSpecified" value="4" />
  <attribute name="heapSize specified" value="0" />
  <attribute name="Current GC Util" value="0" />
  <attribute name= "Current Time Running" value="43932" />
  <attribute name ="GC Interval" value="200" />
  <attribute name="ProportionalT" value="-30.000000" />
  <attribute name="ProportionalI" value="-30.000000" />
  <attribute name="ProportionalH" value="-30.000000" />
  <attribute name="Current Error" value="-20.000000" />
  <attribute name="IntegralT" value="-66380.000000" />
  <attribute name="IntegralI" value="-66380.000000" />
  <attribute name="IntegralH" value="-66380.000000" />
  <attribute name="DerivativeT" value="-0.006026" />
  <attribute name="DerivativeI" value="-0.006026" />
  <attribute name="DerivativeH" value="-0.006026" />
  <attribute name="Loop Time for DT" value="3319.000000" />
  <attribute name="Output H" value="2092630016"/>
  <attribute name="Output I" value="200"/>
  <attribute name="Output T" value="4"/>
  <attribute name="Target GC Util Change" value ="20.000000" />
  <attribute name="Current GC Util Change" value="0.000000"/>
  <attribute name="GC Util currently" value="0" />
  <attribute name="CPU Util currently" value="1" />
<allocation-satisfied id="143" threadId="000000000224B700" bytesRequested="67568" />
<af-end id="144" timestamp="2019-06-16T00:11:13.399" threadId="000000000224C088" success="true" from="nursery"/>
<exclusive-end id="145" timestamp="2019-06-16T00:11:13.399" durationms="1.753" />

<exclusive-start id="146" timestamp="2019-06-16T00:11:13.408" intervalms="10.616">
  <response-info timems="0.048" idlems="0.048" threads="0" lastid="000000000224B700" lastname="main" />
</exclusive-start>
<af-start id="147" threadId="000000000224C088" totalBytesRequested="47184" timestamp="2019-06-16T00:11:13.408" intervalms="10.547" type="nursery" />
<cycle-start id="148" type="scavenge" contextid="0" timestamp="2019-06-16T00:11:13.408" intervalms="10.500" />
<gc-start id="149" type="scavenge" contextid="148" timestamp="2019-06-16T00:11:13.408">
  <mem-info id="150" free="4963360" total="8388608" percent="59">
    <mem type="nursery" free="0" total="2097152" percent="0">
      <mem type="allocate" free="0" total="1048576" percent="0" />
      <mem type="survivor" free="0" total="1048576" percent="0" />
    </mem>
    <mem type="tenure" free="4963360" total="6291456" percent="78">
      <mem type="soa" free="4648992" total="5977088" percent="77" />
      <mem type="loa" free="314368" total="314368" percent="100" />
    </mem>
    <remembered-set count="134" />
  </mem-info>
</gc-start>
<allocation-stats totalBytes="645608" >
  <allocated-bytes non-tlh="73064" tlh="572544" />
  <largest-consumer threadName="main" threadId="000000000224B700" bytes="641512" />
</allocation-stats>
<gc-op id="151" type="scavenge" timems="0.251" contextid="148" timestamp="2019-06-16T00:11:13.409">
  <scavenger-info tenureage="3" tenuremask="fff8" tiltratio="50" />
  <memory-copied type="nursery" objects="513" bytes="229144" bytesdiscarded="39080" />
  <references type="soft" candidates="3" cleared="0" enqueued="0" dynamicThreshold="32" maxThreshold="32" />
  <references type="weak" candidates="8" cleared="8" enqueued="8" />
  <references type="phantom" candidates="28" cleared="0" enqueued="0" />
</gc-op>
<gc-end id="152" type="scavenge" contextid="148" durationms="0.728" usertimems="0.000" systemtimems="0.000" timestamp="2019-06-16T00:11:13.409" activeThreads="4">
  <mem-info id="153" free="5743712" total="8388608" percent="68">
    <mem type="nursery" free="780352" total="2097152" percent="37">
      <mem type="allocate" free="780352" total="1048576" percent="74" />
      <mem type="survivor" free="0" total="1048576" percent="0" />
    </mem>
    <mem type="tenure" free="4963360" total="6291456" percent="78" macro-fragmented="3110739">
      <mem type="soa" free="4648992" total="5977088" percent="77" />
      <mem type="loa" free="314368" total="314368" percent="100" />
    </mem>
    <pending-finalizers system="0" default="0" reference="8" classloader="0" />
    <remembered-set count="132" />
  </mem-info>
</gc-end>
<cycle-end id="154" type="scavenge" contextid="148" timestamp="2019-06-16T00:11:13.409" />
  <attribute name="elasticGC enabled" value="1" />
  <attribute name= "numThreadsSpecified" value="4" />
  <attribute name="heapSize specified" value="0" />
  <attribute name="Current GC Util" value="7" />
  <attribute name= "Current Time Running" value="43942" />
  <attribute name ="GC Interval" value="200" />
  <attribute name="ProportionalT" value="-19.500000" />
  <attribute name="ProportionalI" value="-19.500000" />
  <attribute name="ProportionalH" value="-19.500000" />
  <attribute name="Current Error" value="-13.000000" />
  <attribute name="IntegralT" value="-130.000000" />
  <attribute name="IntegralI" value="-130.000000" />
  <attribute name="IntegralH" value="-130.000000" />
  <attribute name="DerivativeT" value="-1.300000" />
  <attribute name="DerivativeI" value="-1.300000" />
  <attribute name="DerivativeH" value="-1.300000" />
  <attribute name="Loop Time for DT" value="10.000000" />
  <attribute name="Output H" value="2092630016"/>
  <attribute name="Output I" value="200"/>
  <attribute name="Output T" value="4"/>
  <attribute name="Target GC Util Change" value ="20.000000" />
  <attribute name="Current GC Util Change" value="7.000000"/>
  <attribute name="GC Util currently" value="7" />
  <attribute name="CPU Util currently" value="441898342983" />
<allocation-satisfied id="155" threadId="000000000224B700" bytesRequested="47184" />
<af-end id="156" timestamp="2019-06-16T00:11:13.409" threadId="000000000224C088" success="true" from="nursery"/>
<exclusive-end id="157" timestamp="2019-06-16T00:11:13.409" durationms="1.385" />

<exclusive-start id="158" timestamp="2019-06-16T00:11:13.427" intervalms="19.387">
  <response-info timems="0.049" idlems="0.049" threads="0" lastid="000000000224B700" lastname="main" />
</exclusive-start>
<af-start id="159" threadId="000000000224C088" totalBytesRequested="6184" timestamp="2019-06-16T00:11:13.427" intervalms="19.337" type="nursery" />
<cycle-start id="160" type="scavenge" contextid="0" timestamp="2019-06-16T00:11:13.427" intervalms="19.302" />
<gc-start id="161" type="scavenge" contextid="160" timestamp="2019-06-16T00:11:13.428">
  <mem-info id="162" free="4957080" total="8388608" percent="59">
    <mem type="nursery" free="0" total="2097152" percent="0">
      <mem type="allocate" free="0" total="1048576" percent="0" />
      <mem type="survivor" free="0" total="1048576" percent="0" />
    </mem>
    <mem type="tenure" free="4957080" total="6291456" percent="78">
      <mem type="soa" free="4642712" total="5977088" percent="77" />
      <mem type="loa" free="314368" total="314368" percent="100" />
    </mem>
    <remembered-set count="203" />
  </mem-info>
</gc-start>
<allocation-stats totalBytes="720464" >
  <allocated-bytes non-tlh="132400" tlh="588064" />
  <largest-consumer threadName="main" threadId="000000000224B700" bytes="720464" />
</allocation-stats>
<gc-op id="163" type="scavenge" timems="0.259" contextid="160" timestamp="2019-06-16T00:11:13.428">
  <scavenger-info tenureage="3" tenuremask="fff8" tiltratio="50" />
  <memory-copied type="nursery" objects="621" bytes="252856" bytesdiscarded="197704" />
  <references type="soft" candidates="3" cleared="0" enqueued="0" dynamicThreshold="32" maxThreshold="32" />
  <references type="weak" candidates="16" cleared="15" enqueued="15" />
  <references type="phantom" candidates="29" cleared="0" enqueued="0" />
</gc-op>
<gc-end id="164" type="scavenge" contextid="160" durationms="0.729" usertimems="0.000" systemtimems="0.000" timestamp="2019-06-16T00:11:13.428" activeThreads="4">
  <mem-info id="165" free="5555080" total="8388608" percent="66">
    <mem type="nursery" free="598000" total="2097152" percent="28">
      <mem type="allocate" free="598000" total="1048576" percent="57" />
      <mem type="survivor" free="0" total="1048576" percent="0" />
    </mem>
    <mem type="tenure" free="4957080" total="6291456" percent="78" macro-fragmented="1800196">
      <mem type="soa" free="4642712" total="5977088" percent="77" />
      <mem type="loa" free="314368" total="314368" percent="100" />
    </mem>
    <pending-finalizers system="0" default="0" reference="15" classloader="0" />
    <remembered-set count="180" />
  </mem-info>
</gc-end>
<cycle-end id="166" type="scavenge" contextid="160" timestamp="2019-06-16T00:11:13.428" />
  <attribute name="elasticGC enabled" value="1" />
  <attribute name= "numThreadsSpecified" value="4" />
  <attribute name="heapSize specified" value="0" />
  <attribute name="Current GC Util" value="3" />
  <attribute name= "Current Time Running" value="43961" />
  <attribute name ="GC Interval" value="200" />
  <attribute name="ProportionalT" value="-25.500000" />
  <attribute name="ProportionalI" value="-25.500000" />
  <attribute name="ProportionalH" value="-25.500000" />
  <attribute name="Current Error" value="-17.000000" />
  <attribute name="IntegralT" value="-323.000000" />
  <attribute name="IntegralI" value="-323.000000" />
  <attribute name="IntegralH" value="-323.000000" />
  <attribute name="DerivativeT" value="-0.894737" />
  <attribute name="DerivativeI" value="-0.894737" />
  <attribute name="DerivativeH" value="-0.894737" />
  <attribute name="Loop Time for DT" value="19.000000" />
  <attribute name="Output H" value="2092630016"/>
  <attribute name="Output I" value="200"/>
  <attribute name="Output T" value="4"/>
  <attribute name="Target GC Util Change" value ="20.000000" />
  <attribute name="Current GC Util Change" value="3.000000"/>
  <attribute name="GC Util currently" value="3" />
  <attribute name="CPU Util currently" value="239845041744" />
<allocation-satisfied id="167" threadId="000000000224B700" bytesRequested="6184" />
<af-end id="168" timestamp="2019-06-16T00:11:13.428" threadId="000000000224C088" success="true" from="nursery"/>
<exclusive-end id="169" timestamp="2019-06-16T00:11:13.428" durationms="1.179" />

<exclusive-start id="170" timestamp="2019-06-16T00:11:13.444" intervalms="16.457">
  <response-info timems="0.047" idlems="0.047" threads="0" lastid="000000000224B700" lastname="main" />
</exclusive-start>
<af-start id="171" threadId="000000000224C088" totalBytesRequested="200" timestamp="2019-06-16T00:11:13.444" intervalms="16.483" type="nursery" />
<cycle-start id="172" type="scavenge" contextid="0" timestamp="2019-06-16T00:11:13.444" intervalms="16.457" />
<gc-start id="173" type="scavenge" contextid="172" timestamp="2019-06-16T00:11:13.444">
  <mem-info id="174" free="4948680" total="8388608" percent="58">
    <mem type="nursery" free="0" total="2097152" percent="0">
      <mem type="allocate" free="0" total="1048576" percent="0" />
      <mem type="survivor" free="0" total="1048576" percent="0" />
    </mem>
    <mem type="tenure" free="4948680" total="6291456" percent="78">
      <mem type="soa" free="4634312" total="5977088" percent="77" />
      <mem type="loa" free="314368" total="314368" percent="100" />
    </mem>
    <remembered-set count="276" />
  </mem-info>
</gc-start>
<allocation-stats totalBytes="605656" >
  <allocated-bytes non-tlh="14584" tlh="591072" />
  <largest-consumer threadName="main" threadId="000000000224B700" bytes="605656" />
</allocation-stats>
<gc-op id="175" type="scavenge" timems="0.362" contextid="172" timestamp="2019-06-16T00:11:13.444">
  <scavenger-info tenureage="3" tenuremask="fff8" tiltratio="50" />
  <memory-copied type="nursery" objects="223" bytes="9544" bytesdiscarded="68792" />
  <memory-copied type="tenure" objects="428" bytes="222856" bytesdiscarded="80" />
  <references type="soft" candidates="3" cleared="0" enqueued="0" dynamicThreshold="32" maxThreshold="32" />
  <references type="weak" candidates="7" cleared="7" enqueued="7" />
  <references type="phantom" candidates="2" cleared="1" enqueued="1" />
</gc-op>
<gc-end id="176" type="scavenge" contextid="172" durationms="0.775" usertimems="0.000" systemtimems="0.000" timestamp="2019-06-16T00:11:13.445" activeThreads="4">
  <mem-info id="177" free="5723200" total="8388608" percent="68">
    <mem type="nursery" free="1035776" total="2097152" percent="49">
      <mem type="allocate" free="1035776" total="1114112" percent="92" />
      <mem type="survivor" free="0" total="983040" percent="0" />
    </mem>
    <mem type="tenure" free="4687424" total="6291456" percent="74" macro-fragmented="2160235">
      <mem type="soa" free="4373056" total="5977088" percent="73" />
      <mem type="loa" free="314368" total="314368" percent="100" />
    </mem>
    <pending-finalizers system="0" default="0" reference="8" classloader="0" />
    <remembered-set count="260" />
  </mem-info>
</gc-end>
<cycle-end id="178" type="scavenge" contextid="172" timestamp="2019-06-16T00:11:13.445" />
  <attribute name="elasticGC enabled" value="1" />
  <attribute name= "numThreadsSpecified" value="4" />
  <attribute name="heapSize specified" value="0" />
  <attribute name="Current GC Util" value="4" />
  <attribute name= "Current Time Running" value="43978" />
  <attribute name ="GC Interval" value="200" />
  <attribute name="ProportionalT" value="-24.000000" />
  <attribute name="ProportionalI" value="-24.000000" />
  <attribute name="ProportionalH" value="-24.000000" />
  <attribute name="Current Error" value="-16.000000" />
  <attribute name="IntegralT" value="-272.000000" />
  <attribute name="IntegralI" value="-272.000000" />
  <attribute name="IntegralH" value="-272.000000" />
  <attribute name="DerivativeT" value="-0.941176" />
  <attribute name="DerivativeI" value="-0.941176" />
  <attribute name="DerivativeH" value="-0.941176" />
  <attribute name="Loop Time for DT" value="17.000000" />
  <attribute name="Output H" value="2092630016"/>
  <attribute name="Output I" value="200"/>
  <attribute name="Output T" value="4"/>
  <attribute name="Target GC Util Change" value ="20.000000" />
  <attribute name="Current GC Util Change" value="4.000000"/>
  <attribute name="GC Util currently" value="4" />
  <attribute name="CPU Util currently" value="280202163816" />
<allocation-satisfied id="179" threadId="000000000224B700" bytesRequested="200" />
<af-end id="180" timestamp="2019-06-16T00:11:13.445" threadId="000000000224C088" success="true" from="nursery"/>
<exclusive-end id="181" timestamp="2019-06-16T00:11:13.445" durationms="1.248" />

<exclusive-start id="182" timestamp="2019-06-16T00:11:13.491" intervalms="47.281">
  <response-info timems="0.040" idlems="0.040" threads="0" lastid="000000000224B700" lastname="main" />
</exclusive-start>
<af-start id="183" threadId="000000000224C088" totalBytesRequested="360" timestamp="2019-06-16T00:11:13.491" intervalms="47.299" type="nursery" />
<cycle-start id="184" type="scavenge" contextid="0" timestamp="2019-06-16T00:11:13.491" intervalms="47.331" />
<gc-start id="185" type="scavenge" contextid="184" timestamp="2019-06-16T00:11:13.491">
  <mem-info id="186" free="4660144" total="8388608" percent="55">
    <mem type="nursery" free="0" total="2097152" percent="0">
      <mem type="allocate" free="0" total="1114112" percent="0" />
      <mem type="survivor" free="0" total="983040" percent="0" />
    </mem>
    <mem type="tenure" free="4660144" total="6291456" percent="74">
      <mem type="soa" free="4345776" total="5977088" percent="72" />
      <mem type="loa" free="314368" total="314368" percent="100" />
    </mem>
    <remembered-set count="654" />
  </mem-info>
</gc-start>
<allocation-stats totalBytes="1061792" >
  <allocated-bytes non-tlh="27480" tlh="1034312" />
  <largest-consumer threadName="main" threadId="000000000224B700" bytes="1057696" />
</allocation-stats>
<gc-op id="187" type="scavenge" timems="0.536" contextid="184" timestamp="2019-06-16T00:11:13.492">
  <scavenger-info tenureage="3" tenuremask="ffe8" tiltratio="53" />
  <memory-copied type="nursery" objects="2615" bytes="98432" bytesdiscarded="97240" />
  <memory-copied type="tenure" objects="39" bytes="4152" bytesdiscarded="0" />
  <finalization candidates="39" enqueued="1" />
  <ownableSynchronizers candidates="17" cleared="0" />
  <references type="soft" candidates="6" cleared="0" enqueued="0" dynamicThreshold="32" maxThreshold="32" />
  <references type="weak" candidates="675" cleared="341" enqueued="243" />
  <references type="phantom" candidates="5" cleared="1" enqueued="1" />
</gc-op>
<gc-end id="188" type="scavenge" contextid="184" durationms="1.053" usertimems="4.000" systemtimems="0.000" timestamp="2019-06-16T00:11:13.492" activeThreads="4">
  <mem-info id="189" free="5709488" total="8388608" percent="68">
    <mem type="nursery" free="1049344" total="2097152" percent="50">
      <mem type="allocate" free="1049344" total="1245184" percent="84" />
      <mem type="survivor" free="0" total="851968" percent="0" />
    </mem>
    <mem type="tenure" free="4660144" total="6291456" percent="74" macro-fragmented="2592282">
      <mem type="soa" free="4345776" total="5977088" percent="72" />
      <mem type="loa" free="314368" total="314368" percent="100" />
    </mem>
    <pending-finalizers system="1" default="0" reference="244" classloader="0" />
    <remembered-set count="593" />
  </mem-info>
</gc-end>
<cycle-end id="190" type="scavenge" contextid="184" timestamp="2019-06-16T00:11:13.492" />
  <attribute name="elasticGC enabled" value="1" />
  <attribute name= "numThreadsSpecified" value="4" />
  <attribute name="heapSize specified" value="0" />
  <attribute name="Current GC Util" value="1" />
  <attribute name= "Current Time Running" value="44025" />
  <attribute name ="GC Interval" value="200" />
  <attribute name="ProportionalT" value="-28.500000" />
  <attribute name="ProportionalI" value="-28.500000" />
  <attribute name="ProportionalH" value="-28.500000" />
  <attribute name="Current Error" value="-19.000000" />
  <attribute name="IntegralT" value="-893.000000" />
  <attribute name="IntegralI" value="-893.000000" />
  <attribute name="IntegralH" value="-893.000000" />
  <attribute name="DerivativeT" value="-0.404255" />
  <attribute name="DerivativeI" value="-0.404255" />
  <attribute name="DerivativeH" value="-0.404255" />
  <attribute name="Loop Time for DT" value="47.000000" />
  <attribute name="Output H" value="2092630016"/>
  <attribute name="Output I" value="200"/>
  <attribute name="Output T" value="4"/>
  <attribute name="Target GC Util Change" value ="20.000000" />
  <attribute name="Current GC Util Change" value="1.000000"/>
  <attribute name="GC Util currently" value="1" />
  <attribute name="CPU Util currently" value="97263298926" />
<allocation-satisfied id="191" threadId="000000000224B700" bytesRequested="360" />
<af-end id="192" timestamp="2019-06-16T00:11:13.493" threadId="000000000224C088" success="true" from="nursery"/>
<exclusive-end id="193" timestamp="2019-06-16T00:11:13.493" durationms="1.697" />

<exclusive-start id="194" timestamp="2019-06-16T00:11:13.525" intervalms="33.493">
  <response-info timems="0.040" idlems="0.040" threads="0" lastid="000000000224B700" lastname="main" />
</exclusive-start>
<af-start id="195" threadId="000000000224C088" totalBytesRequested="15368" timestamp="2019-06-16T00:11:13.525" intervalms="33.509" type="nursery" />
<cycle-start id="196" type="scavenge" contextid="0" timestamp="2019-06-16T00:11:13.525" intervalms="33.497" />
<gc-start id="197" type="scavenge" contextid="196" timestamp="2019-06-16T00:11:13.525">
  <mem-info id="198" free="4639568" total="8388608" percent="55">
    <mem type="nursery" free="0" total="2097152" percent="0">
      <mem type="allocate" free="0" total="1245184" percent="0" />
      <mem type="survivor" free="0" total="851968" percent="0" />
    </mem>
    <mem type="tenure" free="4639568" total="6291456" percent="73">
      <mem type="soa" free="4325200" total="5977088" percent="72" />
      <mem type="loa" free="314368" total="314368" percent="100" />
    </mem>
    <remembered-set count="853" />
  </mem-info>
</gc-start>
<allocation-stats totalBytes="1056496" >
  <allocated-bytes non-tlh="149328" tlh="907168" />
  <largest-consumer threadName="main" threadId="000000000224B700" bytes="1044664" />
</allocation-stats>
<gc-op id="199" type="scavenge" timems="0.577" contextid="196" timestamp="2019-06-16T00:11:13.526">
  <scavenger-info tenureage="3" tenuremask="ffe8" tiltratio="59" />
  <memory-copied type="nursery" objects="2891" bytes="149032" bytesdiscarded="77344" />
  <memory-copied type="tenure" objects="55" bytes="1072" bytesdiscarded="0" />
  <finalization candidates="38" enqueued="0" />
  <ownableSynchronizers candidates="17" cleared="0" />
  <references type="soft" candidates="6" cleared="0" enqueued="0" dynamicThreshold="32" maxThreshold="32" />
  <references type="weak" candidates="499" cleared="34" enqueued="27" />
  <references type="phantom" candidates="6" cleared="0" enqueued="0" />
</gc-op>
<gc-end id="200" type="scavenge" contextid="196" durationms="1.028" usertimems="4.000" systemtimems="0.000" timestamp="2019-06-16T00:11:13.526" activeThreads="4">
  <mem-info id="201" free="5789264" total="8388608" percent="69">
    <mem type="nursery" free="1149696" total="2097152" percent="54">
      <mem type="allocate" free="1149696" total="1376256" percent="83" />
      <mem type="survivor" free="0" total="720896" percent="0" />
    </mem>
    <mem type="tenure" free="4639568" total="6291456" percent="73" macro-fragmented="3110739">
      <mem type="soa" free="4325200" total="5977088" percent="72" />
      <mem type="loa" free="314368" total="314368" percent="100" />
    </mem>
    <pending-finalizers system="0" default="0" reference="27" classloader="0" />
    <remembered-set count="755" />
  </mem-info>
</gc-end>
<cycle-end id="202" type="scavenge" contextid="196" timestamp="2019-06-16T00:11:13.526" />
  <attribute name="elasticGC enabled" value="1" />
  <attribute name= "numThreadsSpecified" value="4" />
  <attribute name="heapSize specified" value="0" />
  <attribute name="Current GC Util" value="3" />
  <attribute name= "Current Time Running" value="44059" />
  <attribute name ="GC Interval" value="200" />
  <attribute name="ProportionalT" value="-25.500000" />
  <attribute name="ProportionalI" value="-25.500000" />
  <attribute name="ProportionalH" value="-25.500000" />
  <attribute name="Current Error" value="-17.000000" />
  <attribute name="IntegralT" value="-578.000000" />
  <attribute name="IntegralI" value="-578.000000" />
  <attribute name="IntegralH" value="-578.000000" />
  <attribute name="DerivativeT" value="-0.500000" />
  <attribute name="DerivativeI" value="-0.500000" />
  <attribute name="DerivativeH" value="-0.500000" />
  <attribute name="Loop Time for DT" value="34.000000" />
  <attribute name="Output H" value="2092630016"/>
  <attribute name="Output I" value="200"/>
  <attribute name="Output T" value="4"/>
  <attribute name="Target GC Util Change" value ="20.000000" />
  <attribute name="Current GC Util Change" value="3.000000"/>
  <attribute name="GC Util currently" value="3" />
  <attribute name="CPU Util currently" value="137822785434" />
<allocation-satisfied id="203" threadId="000000000224B700" bytesRequested="15368" />
<af-end id="204" timestamp="2019-06-16T00:11:13.526" threadId="000000000224C088" success="true" from="nursery"/>
<exclusive-end id="205" timestamp="2019-06-16T00:11:13.526" durationms="1.564" />

<exclusive-start id="206" timestamp="2019-06-16T00:11:13.585" intervalms="60.463">
  <response-info timems="0.056" idlems="0.056" threads="0" lastid="000000000224B700" lastname="main" />
</exclusive-start>
<af-start id="207" threadId="000000000224C088" totalBytesRequested="208" timestamp="2019-06-16T00:11:13.585" intervalms="60.469" type="nursery" />
<cycle-start id="208" type="scavenge" contextid="0" timestamp="2019-06-16T00:11:13.585" intervalms="60.509" />
<gc-start id="209" type="scavenge" contextid="208" timestamp="2019-06-16T00:11:13.585">
  <mem-info id="210" free="4586168" total="8388608" percent="54">
    <mem type="nursery" free="0" total="2097152" percent="0">
      <mem type="allocate" free="0" total="1376256" percent="0" />
      <mem type="survivor" free="0" total="720896" percent="0" />
    </mem>
    <mem type="tenure" free="4586168" total="6291456" percent="72">
      <mem type="soa" free="4271800" total="5977088" percent="71" />
      <mem type="loa" free="314368" total="314368" percent="100" />
    </mem>
    <remembered-set count="1215" />
  </mem-info>
</gc-start>
<allocation-stats totalBytes="1201216" >
  <allocated-bytes non-tlh="68768" tlh="1132448" />
  <largest-consumer threadName="main" threadId="000000000224B700" bytes="1193024" />
</allocation-stats>
<gc-op id="211" type="scavenge" timems="0.592" contextid="208" timestamp="2019-06-16T00:11:13.586">
  <scavenger-info tenureage="5" tenuremask="ffe0" tiltratio="65" />
  <memory-copied type="nursery" objects="5966" bytes="214184" bytesdiscarded="82008" />
  <finalization candidates="38" enqueued="0" />
  <ownableSynchronizers candidates="17" cleared="0" />
  <references type="soft" candidates="6" cleared="0" enqueued="0" dynamicThreshold="32" maxThreshold="32" />
  <references type="weak" candidates="726" cleared="6" enqueued="6" />
  <references type="phantom" candidates="5" cleared="0" enqueued="0" />
</gc-op>
<gc-end id="212" type="scavenge" contextid="208" durationms="1.044" usertimems="4.000" systemtimems="0.000" timestamp="2019-06-16T00:11:13.586" activeThreads="4">
  <mem-info id="213" free="5731512" total="8388608" percent="68">
    <mem type="nursery" free="1145344" total="2097152" percent="54">
      <mem type="allocate" free="1145344" total="1441792" percent="79" />
      <mem type="survivor" free="0" total="655360" percent="0" />
    </mem>
    <mem type="tenure" free="4586168" total="6291456" percent="72" macro-fragmented="3110739">
      <mem type="soa" free="4271800" total="5977088" percent="71" />
      <mem type="loa" free="314368" total="314368" percent="100" />
    </mem>
    <pending-finalizers system="0" default="0" reference="6" classloader="0" />
    <remembered-set count="1037" />
  </mem-info>
</gc-end>
<cycle-end id="214" type="scavenge" contextid="208" timestamp="2019-06-16T00:11:13.586" />
  <attribute name="elasticGC enabled" value="1" />
  <attribute name= "numThreadsSpecified" value="4" />
  <attribute name="heapSize specified" value="0" />
  <attribute name="Current GC Util" value="1" />
  <attribute name= "Current Time Running" value="44119" />
  <attribute name ="GC Interval" value="200" />
  <attribute name="ProportionalT" value="-28.500000" />
  <attribute name="ProportionalI" value="-28.500000" />
  <attribute name="ProportionalH" value="-28.500000" />
  <attribute name="Current Error" value="-19.000000" />
  <attribute name="IntegralT" value="-1140.000000" />
  <attribute name="IntegralI" value="-1140.000000" />
  <attribute name="IntegralH" value="-1140.000000" />
  <attribute name="DerivativeT" value="-0.316667" />
  <attribute name="DerivativeI" value="-0.316667" />
  <attribute name="DerivativeH" value="-0.316667" />
  <attribute name="Loop Time for DT" value="60.000000" />
  <attribute name="Output H" value="2092630016"/>
  <attribute name="Output I" value="200"/>
  <attribute name="Output T" value="4"/>
  <attribute name="Target GC Util Change" value ="20.000000" />
  <attribute name="Current GC Util Change" value="1.000000"/>
  <attribute name="GC Util currently" value="1" />
  <attribute name="CPU Util currently" value="76157672014" />
<allocation-satisfied id="215" threadId="000000000224B700" bytesRequested="208" />
<af-end id="216" timestamp="2019-06-16T00:11:13.587" threadId="000000000224C088" success="true" from="nursery"/>
<exclusive-end id="217" timestamp="2019-06-16T00:11:13.587" durationms="1.710" />

<exclusive-start id="218" timestamp="2019-06-16T00:11:13.643" intervalms="58.198">
  <response-info timems="0.053" idlems="0.053" threads="0" lastid="000000000224B700" lastname="main" />
</exclusive-start>
<af-start id="219" threadId="000000000224C088" totalBytesRequested="160" timestamp="2019-06-16T00:11:13.643" intervalms="58.193" type="nursery" />
<cycle-start id="220" type="scavenge" contextid="0" timestamp="2019-06-16T00:11:13.643" intervalms="58.166" />
<gc-start id="221" type="scavenge" contextid="220" timestamp="2019-06-16T00:11:13.644">
  <mem-info id="222" free="4505496" total="8388608" percent="53">
    <mem type="nursery" free="0" total="2097152" percent="0">
      <mem type="allocate" free="0" total="1441792" percent="0" />
      <mem type="survivor" free="0" total="655360" percent="0" />
    </mem>
    <mem type="tenure" free="4505496" total="6291456" percent="71">
      <mem type="soa" free="4191128" total="5977088" percent="70" />
      <mem type="loa" free="314368" total="314368" percent="100" />
    </mem>
    <remembered-set count="2267" />
  </mem-info>
</gc-start>
<allocation-stats totalBytes="1224040" >
  <allocated-bytes non-tlh="80880" tlh="1143160" />
  <largest-consumer threadName="main" threadId="000000000224B700" bytes="1224040" />
</allocation-stats>
<gc-op id="223" type="scavenge" timems="0.868" contextid="220" timestamp="2019-06-16T00:11:13.644">
  <scavenger-info tenureage="3" tenuremask="ffe8" tiltratio="68" />
  <memory-copied type="nursery" objects="7918" bytes="245720" bytesdiscarded="93832" />
  <memory-copied type="tenure" objects="2227" bytes="87232" bytesdiscarded="16" />
  <finalization candidates="49" enqueued="0" />
  <ownableSynchronizers candidates="17" cleared="0" />
  <references type="soft" candidates="36" cleared="0" enqueued="0" dynamicThreshold="32" maxThreshold="32" />
  <references type="weak" candidates="665" cleared="69" enqueued="53" />
  <references type="phantom" candidates="3" cleared="0" enqueued="0" />
</gc-op>
<gc-end id="224" type="scavenge" contextid="220" durationms="1.297" usertimems="0.000" systemtimems="0.000" timestamp="2019-06-16T00:11:13.645" activeThreads="4">
  <mem-info id="225" free="5603216" total="8388608" percent="66">
    <mem type="nursery" free="1167608" total="2097152" percent="55">
      <mem type="allocate" free="1167608" total="1507328" percent="77" />
      <mem type="survivor" free="0" total="589824" percent="0" />
    </mem>
    <mem type="tenure" free="4435608" total="6291456" percent="70" macro-fragmented="2592282">
      <mem type="soa" free="4121240" total="5977088" percent="68" />
      <mem type="loa" free="314368" total="314368" percent="100" />
    </mem>
    <pending-finalizers system="0" default="0" reference="53" classloader="0" />
    <remembered-set count="1941" />
  </mem-info>
</gc-end>
<cycle-end id="226" type="scavenge" contextid="220" timestamp="2019-06-16T00:11:13.645" />
  <attribute name="elasticGC enabled" value="1" />
  <attribute name= "numThreadsSpecified" value="4" />
  <attribute name="heapSize specified" value="0" />
  <attribute name="Current GC Util" value="1" />
  <attribute name= "Current Time Running" value="44177" />
  <attribute name ="GC Interval" value="200" />
  <attribute name="ProportionalT" value="-28.500000" />
  <attribute name="ProportionalI" value="-28.500000" />
  <attribute name="ProportionalH" value="-28.500000" />
  <attribute name="Current Error" value="-19.000000" />
  <attribute name="IntegralT" value="-1102.000000" />
  <attribute name="IntegralI" value="-1102.000000" />
  <attribute name="IntegralH" value="-1102.000000" />
  <attribute name="DerivativeT" value="-0.327586" />
  <attribute name="DerivativeI" value="-0.327586" />
  <attribute name="DerivativeH" value="-0.327586" />
  <attribute name="Loop Time for DT" value="58.000000" />
  <attribute name="Output H" value="2092630016"/>
  <attribute name="Output I" value="200"/>
  <attribute name="Output T" value="4"/>
  <attribute name="Target GC Util Change" value ="20.000000" />
  <attribute name="Current GC Util Change" value="1.000000"/>
  <attribute name="GC Util currently" value="1" />
  <attribute name="CPU Util currently" value="9" />
<allocation-satisfied id="227" threadId="000000000224B700" bytesRequested="160" />
<af-end id="228" timestamp="2019-06-16T00:11:13.645" threadId="000000000224C088" success="true" from="nursery"/>
<exclusive-end id="229" timestamp="2019-06-16T00:11:13.645" durationms="1.854" />

<exclusive-start id="230" timestamp="2019-06-16T00:11:13.683" intervalms="40.093">
  <response-info timems="0.030" idlems="0.030" threads="0" lastid="000000000224B700" lastname="main" />
</exclusive-start>
<af-start id="231" threadId="000000000224C088" totalBytesRequested="5904" timestamp="2019-06-16T00:11:13.683" intervalms="40.055" type="nursery" />
<cycle-start id="232" type="scavenge" contextid="0" timestamp="2019-06-16T00:11:13.683" intervalms="40.065" />
<gc-start id="233" type="scavenge" contextid="232" timestamp="2019-06-16T00:11:13.684">
  <mem-info id="234" free="4397328" total="8388608" percent="52">
    <mem type="nursery" free="0" total="2097152" percent="0">
      <mem type="allocate" free="0" total="1507328" percent="0" />
      <mem type="survivor" free="0" total="589824" percent="0" />
    </mem>
    <mem type="tenure" free="4397328" total="6291456" percent="69">
      <mem type="soa" free="4082960" total="5977088" percent="68" />
      <mem type="loa" free="314368" total="314368" percent="100" />
    </mem>
    <remembered-set count="2419" />
  </mem-info>
</gc-start>
<allocation-stats totalBytes="1197424" >
  <allocated-bytes non-tlh="38440" tlh="1158984" />
  <largest-consumer threadName="main" threadId="000000000224B700" bytes="1185592" />
</allocation-stats>
<gc-op id="235" type="scavenge" timems="0.965" contextid="232" timestamp="2019-06-16T00:11:13.685">
  <scavenger-info tenureage="3" tenuremask="ffc8" tiltratio="71" />
  <memory-copied type="nursery" objects="10401" bytes="356736" bytesdiscarded="56984" />
  <memory-copied type="tenure" objects="386" bytes="24008" bytesdiscarded="264" />
  <finalization candidates="11" enqueued="0" />
  <references type="soft" candidates="271" cleared="0" enqueued="0" dynamicThreshold="32" maxThreshold="32" />
  <references type="weak" candidates="546" cleared="18" enqueued="18" />
  <references type="phantom" candidates="8" cleared="3" enqueued="3" />
</gc-op>
<gc-end id="236" type="scavenge" contextid="232" durationms="1.416" usertimems="4.000" systemtimems="0.000" timestamp="2019-06-16T00:11:13.685" activeThreads="4">
  <mem-info id="237" free="5486352" total="8388608" percent="65">
    <mem type="nursery" free="1158912" total="2097152" percent="55">
      <mem type="allocate" free="1158912" total="1572864" percent="73" />
      <mem type="survivor" free="0" total="524288" percent="0" />
    </mem>
    <mem type="tenure" free="4327440" total="6291456" percent="68" macro-fragmented="3110739">
      <mem type="soa" free="4013072" total="5977088" percent="67" />
      <mem type="loa" free="314368" total="314368" percent="100" />
    </mem>
    <pending-finalizers system="0" default="0" reference="21" classloader="0" />
    <remembered-set count="1964" />
  </mem-info>
</gc-end>
<cycle-end id="238" type="scavenge" contextid="232" timestamp="2019-06-16T00:11:13.685" />
  <attribute name="elasticGC enabled" value="1" />
  <attribute name= "numThreadsSpecified" value="4" />
  <attribute name="heapSize specified" value="0" />
  <attribute name="Current GC Util" value="4" />
  <attribute name= "Current Time Running" value="44218" />
  <attribute name ="GC Interval" value="200" />
  <attribute name="ProportionalT" value="-24.000000" />
  <attribute name="ProportionalI" value="-24.000000" />
  <attribute name="ProportionalH" value="-24.000000" />
  <attribute name="Current Error" value="-16.000000" />
  <attribute name="IntegralT" value="-656.000000" />
  <attribute name="IntegralI" value="-656.000000" />
  <attribute name="IntegralH" value="-656.000000" />
  <attribute name="DerivativeT" value="-0.390244" />
  <attribute name="DerivativeI" value="-0.390244" />
  <attribute name="DerivativeH" value="-0.390244" />
  <attribute name="Loop Time for DT" value="41.000000" />
  <attribute name="Output H" value="2092630016"/>
  <attribute name="Output I" value="200"/>
  <attribute name="Output T" value="4"/>
  <attribute name="Target GC Util Change" value ="20.000000" />
  <attribute name="Current GC Util Change" value="4.000000"/>
  <attribute name="GC Util currently" value="4" />
  <attribute name="CPU Util currently" value="6" />
<allocation-satisfied id="239" threadId="000000000224B700" bytesRequested="5904" />
<af-end id="240" timestamp="2019-06-16T00:11:13.685" threadId="000000000224C088" success="true" from="nursery"/>
<exclusive-end id="241" timestamp="2019-06-16T00:11:13.685" durationms="2.081" />

<exclusive-start id="242" timestamp="2019-06-16T00:11:13.724" intervalms="40.809">
  <response-info timems="0.073" idlems="0.073" threads="0" lastid="000000000224B700" lastname="main" />
</exclusive-start>
<af-start id="243" threadId="000000000224C088" totalBytesRequested="88" timestamp="2019-06-16T00:11:13.724" intervalms="40.848" type="nursery" />
<cycle-start id="244" type="scavenge" contextid="0" timestamp="2019-06-16T00:11:13.724" intervalms="40.853" />
<gc-start id="245" type="scavenge" contextid="244" timestamp="2019-06-16T00:11:13.724">
  <mem-info id="246" free="4310184" total="8388608" percent="51">
    <mem type="nursery" free="0" total="2097152" percent="0">
      <mem type="allocate" free="0" total="1572864" percent="0" />
      <mem type="survivor" free="0" total="524288" percent="0" />
    </mem>
    <mem type="tenure" free="4310184" total="6291456" percent="68">
      <mem type="soa" free="3995816" total="5977088" percent="66" />
      <mem type="loa" free="314368" total="314368" percent="100" />
    </mem>
    <remembered-set count="2157" />
  </mem-info>
</gc-start>
<allocation-stats totalBytes="1173632" >
  <allocated-bytes non-tlh="23160" tlh="1150472" />
  <largest-consumer threadName="main" threadId="000000000224B700" bytes="1165440" />
</allocation-stats>
<gc-op id="247" type="scavenge" timems="1.158" contextid="244" timestamp="2019-06-16T00:11:13.726">
  <scavenger-info tenureage="3" tenuremask="ffe8" tiltratio="75" />
  <memory-copied type="nursery" objects="7941" bytes="272080" bytesdiscarded="81056" />
  <memory-copied type="tenure" objects="3246" bytes="98984" bytesdiscarded="8" />
  <finalization candidates="11" enqueued="0" />
  <references type="soft" candidates="349" cleared="0" enqueued="0" dynamicThreshold="32" maxThreshold="32" />
  <references type="weak" candidates="416" cleared="12" enqueued="12" />
  <references type="phantom" candidates="4" cleared="0" enqueued="0" />
</gc-op>
<gc-end id="248" type="scavenge" contextid="244" durationms="1.673" usertimems="0.000" systemtimems="0.000" timestamp="2019-06-16T00:11:13.726" activeThreads="4">
  <mem-info id="249" free="5490464" total="8388608" percent="65">
    <mem type="nursery" free="1219448" total="2097152" percent="58">
      <mem type="allocate" free="1219448" total="1572864" percent="77" />
      <mem type="survivor" free="0" total="524288" percent="0" />
    </mem>
    <mem type="tenure" free="4271016" total="6291456" percent="67" macro-fragmented="2160235">
      <mem type="soa" free="3956648" total="5977088" percent="66" />
      <mem type="loa" free="314368" total="314368" percent="100" />
    </mem>
    <pending-finalizers system="0" default="0" reference="12" classloader="0" />
    <remembered-set count="932" />
  </mem-info>
</gc-end>
<cycle-end id="250" type="scavenge" contextid="244" timestamp="2019-06-16T00:11:13.726" />
  <attribute name="elasticGC enabled" value="1" />
  <attribute name= "numThreadsSpecified" value="4" />
  <attribute name="heapSize specified" value="0" />
  <attribute name="Current GC Util" value="4" />
  <attribute name= "Current Time Running" value="44258" />
  <attribute name ="GC Interval" value="200" />
  <attribute name="ProportionalT" value="-24.000000" />
  <attribute name="ProportionalI" value="-24.000000" />
  <attribute name="ProportionalH" value="-24.000000" />
  <attribute name="Current Error" value="-16.000000" />
  <attribute name="IntegralT" value="-640.000000" />
  <attribute name="IntegralI" value="-640.000000" />
  <attribute name="IntegralH" value="-640.000000" />
  <attribute name="DerivativeT" value="-0.400000" />
  <attribute name="DerivativeI" value="-0.400000" />
  <attribute name="DerivativeH" value="-0.400000" />
  <attribute name="Loop Time for DT" value="40.000000" />
  <attribute name="Output H" value="2092630016"/>
  <attribute name="Output I" value="200"/>
  <attribute name="Output T" value="4"/>
  <attribute name="Target GC Util Change" value ="20.000000" />
  <attribute name="Current GC Util Change" value="4.000000"/>
  <attribute name="GC Util currently" value="4" />
  <attribute name="CPU Util currently" value="11" />
<allocation-satisfied id="251" threadId="000000000224B700" bytesRequested="88" />
<af-end id="252" timestamp="2019-06-16T00:11:13.726" threadId="000000000224C088" success="true" from="nursery"/>
<exclusive-end id="253" timestamp="2019-06-16T00:11:13.726" durationms="2.259" />

<exclusive-start id="254" timestamp="2019-06-16T00:11:16.674" intervalms="2949.993">
  <response-info timems="0.027" idlems="0.027" threads="0" lastid="000000000224B700" lastname="main" />
</exclusive-start>
<af-start id="255" threadId="000000000224C088" totalBytesRequested="1032" timestamp="2019-06-16T00:11:16.674" intervalms="2950.018" type="nursery" />
<cycle-start id="256" type="scavenge" contextid="0" timestamp="2019-06-16T00:11:16.674" intervalms="2950.049" />
<gc-start id="257" type="scavenge" contextid="256" timestamp="2019-06-16T00:11:16.675">
  <mem-info id="258" free="4251072" total="8388608" percent="50">
    <mem type="nursery" free="0" total="2097152" percent="0">
      <mem type="allocate" free="0" total="1572864" percent="0" />
      <mem type="survivor" free="0" total="524288" percent="0" />
    </mem>
    <mem type="tenure" free="4251072" total="6291456" percent="67">
      <mem type="soa" free="3936704" total="5977088" percent="65" />
      <mem type="loa" free="314368" total="314368" percent="100" />
    </mem>
    <remembered-set count="1217" />
  </mem-info>
</gc-start>
<allocation-stats totalBytes="1231496" >
  <allocated-bytes non-tlh="20032" tlh="1211464" />
  <largest-consumer threadName="main" threadId="000000000224B700" bytes="1231496" />
</allocation-stats>
<gc-op id="259" type="scavenge" timems="0.956" contextid="256" timestamp="2019-06-16T00:11:16.676">
  <scavenger-info tenureage="3" tenuremask="ff68" tiltratio="75" />
  <memory-copied type="nursery" objects="5899" bytes="230288" bytesdiscarded="78040" />
  <memory-copied type="tenure" objects="4127" bytes="116792" bytesdiscarded="24" />
  <finalization candidates="11" enqueued="0" />
  <references type="soft" candidates="477" cleared="0" enqueued="0" dynamicThreshold="32" maxThreshold="32" />
  <references type="weak" candidates="243" cleared="6" enqueued="6" />
  <references type="phantom" candidates="6" cleared="2" enqueued="2" />
</gc-op>
<gc-end id="260" type="scavenge" contextid="256" durationms="1.458" usertimems="0.000" systemtimems="0.000" timestamp="2019-06-16T00:11:16.676" activeThreads="4">
  <mem-info id="261" free="5471808" total="8388608" percent="65">
    <mem type="nursery" free="1329792" total="2097152" percent="63">
      <mem type="allocate" free="1329792" total="1638400" percent="81" />
      <mem type="survivor" free="0" total="458752" percent="0" />
    </mem>
    <mem type="tenure" free="4142016" total="6291456" percent="65" macro-fragmented="3732887">
      <mem type="soa" free="3827648" total="5977088" percent="64" />
      <mem type="loa" free="314368" total="314368" percent="100" />
    </mem>
    <pending-finalizers system="0" default="0" reference="8" classloader="0" />
    <remembered-set count="663" />
  </mem-info>
</gc-end>
<cycle-end id="262" type="scavenge" contextid="256" timestamp="2019-06-16T00:11:16.676" />
  <attribute name="elasticGC enabled" value="1" />
  <attribute name= "numThreadsSpecified" value="4" />
  <attribute name="heapSize specified" value="0" />
  <attribute name="Current GC Util" value="0" />
  <attribute name= "Current Time Running" value="47209" />
  <attribute name ="GC Interval" value="200" />
  <attribute name="ProportionalT" value="-30.000000" />
  <attribute name="ProportionalI" value="-30.000000" />
  <attribute name="ProportionalH" value="-30.000000" />
  <attribute name="Current Error" value="-20.000000" />
  <attribute name="IntegralT" value="-59020.000000" />
  <attribute name="IntegralI" value="-59020.000000" />
  <attribute name="IntegralH" value="-59020.000000" />
  <attribute name="DerivativeT" value="-0.006777" />
  <attribute name="DerivativeI" value="-0.006777" />
  <attribute name="DerivativeH" value="-0.006777" />
  <attribute name="Loop Time for DT" value="2951.000000" />
  <attribute name="Output H" value="2092630016"/>
  <attribute name="Output I" value="200"/>
  <attribute name="Output T" value="4"/>
  <attribute name="Target GC Util Change" value ="20.000000" />
  <attribute name="Current GC Util Change" value="0.000000"/>
  <attribute name="GC Util currently" value="0" />
  <attribute name="CPU Util currently" value="5" />
<allocation-satisfied id="263" threadId="000000000224B700" bytesRequested="1032" />
<af-end id="264" timestamp="2019-06-16T00:11:16.676" threadId="000000000224C088" success="true" from="nursery"/>
<exclusive-end id="265" timestamp="2019-06-16T00:11:16.676" durationms="2.238" />

<exclusive-start id="266" timestamp="2019-06-16T00:11:16.723" intervalms="48.432">
  <response-info timems="0.065" idlems="0.065" threads="0" lastid="000000000224B700" lastname="main" />
</exclusive-start>
<af-start id="267" threadId="000000000224C088" totalBytesRequested="3472" timestamp="2019-06-16T00:11:16.723" intervalms="48.409" type="nursery" />
<cycle-start id="268" type="scavenge" contextid="0" timestamp="2019-06-16T00:11:16.723" intervalms="48.395" />
<gc-start id="269" type="scavenge" contextid="268" timestamp="2019-06-16T00:11:16.723">
  <mem-info id="270" free="4107952" total="8388608" percent="48">
    <mem type="nursery" free="0" total="2097152" percent="0">
      <mem type="allocate" free="0" total="1638400" percent="0" />
      <mem type="survivor" free="0" total="458752" percent="0" />
    </mem>
    <mem type="tenure" free="4107952" total="6291456" percent="65">
      <mem type="soa" free="3793584" total="5977088" percent="63" />
      <mem type="loa" free="314368" total="314368" percent="100" />
    </mem>
    <remembered-set count="984" />
  </mem-info>
</gc-start>
<allocation-stats totalBytes="1322032" >
  <allocated-bytes non-tlh="35096" tlh="1286936" />
  <largest-consumer threadName="main" threadId="000000000224B700" bytes="1322032" />
</allocation-stats>
<gc-op id="271" type="scavenge" timems="0.623" contextid="268" timestamp="2019-06-16T00:11:16.724">
  <scavenger-info tenureage="3" tenuremask="ffe8" tiltratio="78" />
  <memory-copied type="nursery" objects="3963" bytes="167960" bytesdiscarded="105912" />
  <memory-copied type="tenure" objects="2457" bytes="95872" bytesdiscarded="40" />
  <finalization candidates="3" enqueued="0" />
  <references type="soft" candidates="244" cleared="0" enqueued="0" dynamicThreshold="32" maxThreshold="32" />
  <references type="weak" candidates="342" cleared="10" enqueued="10" />
</gc-op>
<gc-end id="272" type="scavenge" contextid="268" durationms="1.084" usertimems="0.000" systemtimems="0.000" timestamp="2019-06-16T00:11:16.724" activeThreads="4">
  <mem-info id="273" free="5393840" total="8388608" percent="64">
    <mem type="nursery" free="1364224" total="2097152" percent="65">
      <mem type="allocate" free="1364224" total="1638400" percent="83" />
      <mem type="survivor" free="0" total="458752" percent="0" />
    </mem>
    <mem type="tenure" free="4029616" total="6291456" percent="64" macro-fragmented="3110739">
      <mem type="soa" free="3715248" total="5977088" percent="62" />
      <mem type="loa" free="314368" total="314368" percent="100" />
    </mem>
    <pending-finalizers system="0" default="0" reference="10" classloader="0" />
    <remembered-set count="743" />
  </mem-info>
</gc-end>
<cycle-end id="274" type="scavenge" contextid="268" timestamp="2019-06-16T00:11:16.724" />
  <attribute name="elasticGC enabled" value="1" />
  <attribute name= "numThreadsSpecified" value="4" />
  <attribute name="heapSize specified" value="0" />
  <attribute name="Current GC Util" value="3" />
  <attribute name= "Current Time Running" value="47257" />
  <attribute name ="GC Interval" value="200" />
  <attribute name="ProportionalT" value="-25.500000" />
  <attribute name="ProportionalI" value="-25.500000" />
  <attribute name="ProportionalH" value="-25.500000" />
  <attribute name="Current Error" value="-17.000000" />
  <attribute name="IntegralT" value="-816.000000" />
  <attribute name="IntegralI" value="-816.000000" />
  <attribute name="IntegralH" value="-816.000000" />
  <attribute name="DerivativeT" value="-0.354167" />
  <attribute name="DerivativeI" value="-0.354167" />
  <attribute name="DerivativeH" value="-0.354167" />
  <attribute name="Loop Time for DT" value="48.000000" />
  <attribute name="Output H" value="2092630016"/>
  <attribute name="Output I" value="200"/>
  <attribute name="Output T" value="4"/>
  <attribute name="Target GC Util Change" value ="20.000000" />
  <attribute name="Current GC Util Change" value="3.000000"/>
  <attribute name="GC Util currently" value="3" />
  <attribute name="CPU Util currently" value="95412409588" />
<allocation-satisfied id="275" threadId="000000000224B700" bytesRequested="3472" />
<af-end id="276" timestamp="2019-06-16T00:11:16.724" threadId="000000000224C088" success="true" from="nursery"/>
<exclusive-end id="277" timestamp="2019-06-16T00:11:16.724" durationms="1.782" />

<exclusive-start id="278" timestamp="2019-06-16T00:11:16.761" intervalms="38.480">
  <response-info timems="0.035" idlems="0.035" threads="0" lastid="000000000224B700" lastname="main" />
</exclusive-start>
<af-start id="279" threadId="000000000224C088" totalBytesRequested="15368" timestamp="2019-06-16T00:11:16.761" intervalms="38.471" type="nursery" />
<cycle-start id="280" type="scavenge" contextid="0" timestamp="2019-06-16T00:11:16.761" intervalms="38.452" />
<gc-start id="281" type="scavenge" contextid="280" timestamp="2019-06-16T00:11:16.761">
  <mem-info id="282" free="4007464" total="8388608" percent="47">
    <mem type="nursery" free="0" total="2097152" percent="0">
      <mem type="allocate" free="0" total="1638400" percent="0" />
      <mem type="survivor" free="0" total="458752" percent="0" />
    </mem>
    <mem type="tenure" free="4007464" total="6291456" percent="63">
      <mem type="soa" free="3693096" total="5977088" percent="61" />
      <mem type="loa" free="314368" total="314368" percent="100" />
    </mem>
    <remembered-set count="990" />
  </mem-info>
</gc-start>
<allocation-stats totalBytes="1311656" >
  <allocated-bytes non-tlh="25624" tlh="1286032" />
  <largest-consumer threadName="main" threadId="000000000224B700" bytes="1311656" />
</allocation-stats>
<gc-op id="283" type="scavenge" timems="0.662" contextid="280" timestamp="2019-06-16T00:11:16.762">
  <scavenger-info tenureage="3" tenuremask="ffe8" tiltratio="78" />
  <memory-copied type="nursery" objects="4090" bytes="199784" bytesdiscarded="50144" />
  <memory-copied type="tenure" objects="1151" bytes="44432" bytesdiscarded="0" />
  <finalization candidates="3" enqueued="0" />
  <references type="soft" candidates="208" cleared="0" enqueued="0" dynamicThreshold="32" maxThreshold="32" />
  <references type="weak" candidates="340" cleared="14" enqueued="14" />
  <references type="phantom" candidates="3" cleared="1" enqueued="1" />
</gc-op>
<gc-end id="284" type="scavenge" contextid="280" durationms="1.087" usertimems="0.000" systemtimems="0.000" timestamp="2019-06-16T00:11:16.762" activeThreads="4">
  <mem-info id="285" free="5461264" total="8388608" percent="65">
    <mem type="nursery" free="1453800" total="2097152" percent="69">
      <mem type="allocate" free="1453800" total="1703936" percent="85" />
      <mem type="survivor" free="0" total="393216" percent="0" />
    </mem>
    <mem type="tenure" free="4007464" total="6291456" percent="63" macro-fragmented="2592282">
      <mem type="soa" free="3693096" total="5977088" percent="61" />
      <mem type="loa" free="314368" total="314368" percent="100" />
    </mem>
    <pending-finalizers system="0" default="0" reference="15" classloader="0" />
    <remembered-set count="691" />
  </mem-info>
</gc-end>
<cycle-end id="286" type="scavenge" contextid="280" timestamp="2019-06-16T00:11:16.762" />
  <attribute name="elasticGC enabled" value="1" />
  <attribute name= "numThreadsSpecified" value="4" />
  <attribute name="heapSize specified" value="0" />
  <attribute name="Current GC Util" value="3" />
  <attribute name= "Current Time Running" value="47295" />
  <attribute name ="GC Interval" value="200" />
  <attribute name="ProportionalT" value="-25.500000" />
  <attribute name="ProportionalI" value="-25.500000" />
  <attribute name="ProportionalH" value="-25.500000" />
  <attribute name="Current Error" value="-17.000000" />
  <attribute name="IntegralT" value="-646.000000" />
  <attribute name="IntegralI" value="-646.000000" />
  <attribute name="IntegralH" value="-646.000000" />
  <attribute name="DerivativeT" value="-0.447368" />
  <attribute name="DerivativeI" value="-0.447368" />
  <attribute name="DerivativeH" value="-0.447368" />
  <attribute name="Loop Time for DT" value="38.000000" />
  <attribute name="Output H" value="2092630016"/>
  <attribute name="Output I" value="200"/>
  <attribute name="Output T" value="4"/>
  <attribute name="Target GC Util Change" value ="20.000000" />
  <attribute name="Current GC Util Change" value="3.000000"/>
  <attribute name="GC Util currently" value="3" />
  <attribute name="CPU Util currently" value="120150912167" />
<allocation-satisfied id="287" threadId="000000000224B700" bytesRequested="15368" />
<af-end id="288" timestamp="2019-06-16T00:11:16.763" threadId="000000000224C088" success="true" from="nursery"/>
<exclusive-end id="289" timestamp="2019-06-16T00:11:16.763" durationms="1.695" />

<exclusive-start id="290" timestamp="2019-06-16T00:11:16.813" intervalms="52.131">
  <response-info timems="0.044" idlems="0.044" threads="0" lastid="000000000224B700" lastname="main" />
</exclusive-start>
<af-start id="291" threadId="000000000224C088" totalBytesRequested="5928" timestamp="2019-06-16T00:11:16.813" intervalms="52.098" type="nursery" />
<cycle-start id="292" type="scavenge" contextid="0" timestamp="2019-06-16T00:11:16.813" intervalms="52.057" />
<gc-start id="293" type="scavenge" contextid="292" timestamp="2019-06-16T00:11:16.813">
  <mem-info id="294" free="3966040" total="8388608" percent="47">
    <mem type="nursery" free="0" total="2097152" percent="0">
      <mem type="allocate" free="0" total="1703936" percent="0" />
      <mem type="survivor" free="0" total="393216" percent="0" />
    </mem>
    <mem type="tenure" free="3966040" total="6291456" percent="63">
      <mem type="soa" free="3651672" total="5977088" percent="61" />
      <mem type="loa" free="314368" total="314368" percent="100" />
    </mem>
    <remembered-set count="1076" />
  </mem-info>
</gc-start>
<allocation-stats totalBytes="1492872" >
  <allocated-bytes non-tlh="56792" tlh="1436080" />
  <largest-consumer threadName="main" threadId="000000000224B700" bytes="1488776" />
</allocation-stats>
<gc-op id="295" type="scavenge" timems="0.622" contextid="292" timestamp="2019-06-16T00:11:16.814">
  <scavenger-info tenureage="3" tenuremask="ffe8" tiltratio="81" />
  <memory-copied type="nursery" objects="2773" bytes="120008" bytesdiscarded="5456" />
  <memory-copied type="tenure" objects="2199" bytes="80872" bytesdiscarded="352" />
  <finalization candidates="3" enqueued="0" />
  <references type="soft" candidates="45" cleared="0" enqueued="0" dynamicThreshold="32" maxThreshold="32" />
  <references type="weak" candidates="612" cleared="1" enqueued="1" />
  <references type="phantom" candidates="1" cleared="0" enqueued="0" />
</gc-op>
<gc-end id="296" type="scavenge" contextid="292" durationms="1.036" usertimems="4.000" systemtimems="0.000" timestamp="2019-06-16T00:11:16.814" activeThreads="4">
  <mem-info id="297" free="5395016" total="8388608" percent="64">
    <mem type="nursery" free="1578232" total="2097152" percent="75">
      <mem type="allocate" free="1578232" total="1703936" percent="92" />
      <mem type="survivor" free="0" total="393216" percent="0" />
    </mem>
    <mem type="tenure" free="3816784" total="6291456" percent="60" macro-fragmented="3110739">
      <mem type="soa" free="3502416" total="5977088" percent="58" />
      <mem type="loa" free="314368" total="314368" percent="100" />
    </mem>
    <pending-finalizers system="0" default="0" reference="1" classloader="0" />
    <remembered-set count="768" />
  </mem-info>
</gc-end>
<cycle-end id="298" type="scavenge" contextid="292" timestamp="2019-06-16T00:11:16.814" />
  <attribute name="elasticGC enabled" value="1" />
  <attribute name= "numThreadsSpecified" value="4" />
  <attribute name="heapSize specified" value="0" />
  <attribute name="Current GC Util" value="2" />
  <attribute name= "Current Time Running" value="47347" />
  <attribute name ="GC Interval" value="200" />
  <attribute name="ProportionalT" value="-27.000000" />
  <attribute name="ProportionalI" value="-27.000000" />
  <attribute name="ProportionalH" value="-27.000000" />
  <attribute name="Current Error" value="-18.000000" />
  <attribute name="IntegralT" value="-936.000000" />
  <attribute name="IntegralI" value="-936.000000" />
  <attribute name="IntegralH" value="-936.000000" />
  <attribute name="DerivativeT" value="-0.346154" />
  <attribute name="DerivativeI" value="-0.346154" />
  <attribute name="DerivativeH" value="-0.346154" />
  <attribute name="Loop Time for DT" value="52.000000" />
  <attribute name="Output H" value="2092630016"/>
  <attribute name="Output I" value="200"/>
  <attribute name="Output T" value="4"/>
  <attribute name="Target GC Util Change" value ="20.000000" />
  <attribute name="Current GC Util Change" value="2.000000"/>
  <attribute name="GC Util currently" value="2" />
  <attribute name="CPU Util currently" value="10" />
<allocation-satisfied id="299" threadId="000000000224B700" bytesRequested="5928" />
<af-end id="300" timestamp="2019-06-16T00:11:16.815" threadId="000000000224C088" success="true" from="nursery"/>
<exclusive-end id="301" timestamp="2019-06-16T00:11:16.815" durationms="1.502" />

<exclusive-start id="302" timestamp="2019-06-16T00:11:16.864" intervalms="51.248">
  <response-info timems="0.026" idlems="0.026" threads="0" lastid="000000000224B700" lastname="main" />
</exclusive-start>
<af-start id="303" threadId="000000000224C088" totalBytesRequested="72" timestamp="2019-06-16T00:11:16.864" intervalms="51.262" type="nursery" />
<cycle-start id="304" type="scavenge" contextid="0" timestamp="2019-06-16T00:11:16.865" intervalms="51.299" />
<gc-start id="305" type="scavenge" contextid="304" timestamp="2019-06-16T00:11:16.865">
  <mem-info id="306" free="3767496" total="8388608" percent="44">
    <mem type="nursery" free="0" total="2097152" percent="0">
      <mem type="allocate" free="0" total="1703936" percent="0" />
      <mem type="survivor" free="0" total="393216" percent="0" />
    </mem>
    <mem type="tenure" free="3767496" total="6291456" percent="59">
      <mem type="soa" free="3453128" total="5977088" percent="57" />
      <mem type="loa" free="314368" total="314368" percent="100" />
    </mem>
    <remembered-set count="1317" />
  </mem-info>
</gc-start>
<allocation-stats totalBytes="1625784" >
  <allocated-bytes non-tlh="55216" tlh="1570568" />
  <largest-consumer threadName="main" threadId="000000000224B700" bytes="1625784" />
</allocation-stats>
<gc-op id="307" type="scavenge" timems="0.838" contextid="304" timestamp="2019-06-16T00:11:16.866">
  <scavenger-info tenureage="3" tenuremask="ffe8" tiltratio="81" />
  <memory-copied type="nursery" objects="5204" bytes="190288" bytesdiscarded="44304" />
  <memory-copied type="tenure" objects="536" bytes="38760" bytesdiscarded="0" />
  <finalization candidates="3" enqueued="0" />
  <ownableSynchronizers candidates="1" cleared="0" />
  <references type="soft" candidates="203" cleared="0" enqueued="0" dynamicThreshold="32" maxThreshold="32" />
  <references type="weak" candidates="796" cleared="1" enqueued="1" />
  <references type="phantom" candidates="1" cleared="0" enqueued="0" />
</gc-op>
<gc-end id="308" type="scavenge" contextid="304" durationms="1.239" usertimems="4.000" systemtimems="0.000" timestamp="2019-06-16T00:11:16.866" activeThreads="4">
  <mem-info id="309" free="5236424" total="8388608" percent="62">
    <mem type="nursery" free="1468928" total="2097152" percent="70">
      <mem type="allocate" free="1468928" total="1703936" percent="86" />
      <mem type="survivor" free="0" total="393216" percent="0" />
    </mem>
    <mem type="tenure" free="3767496" total="6291456" percent="59" macro-fragmented="2592282">
      <mem type="soa" free="3453128" total="5977088" percent="57" />
      <mem type="loa" free="314368" total="314368" percent="100" />
    </mem>
    <pending-finalizers system="0" default="0" reference="1" classloader="0" />
    <remembered-set count="1071" />
  </mem-info>
</gc-end>
<cycle-end id="310" type="scavenge" contextid="304" timestamp="2019-06-16T00:11:16.866" />
  <attribute name="elasticGC enabled" value="1" />
  <attribute name= "numThreadsSpecified" value="4" />
  <attribute name="heapSize specified" value="0" />
  <attribute name="Current GC Util" value="2" />
  <attribute name= "Current Time Running" value="47399" />
  <attribute name ="GC Interval" value="200" />
  <attribute name="ProportionalT" value="-27.000000" />
  <attribute name="ProportionalI" value="-27.000000" />
  <attribute name="ProportionalH" value="-27.000000" />
  <attribute name="Current Error" value="-18.000000" />
  <attribute name="IntegralT" value="-936.000000" />
  <attribute name="IntegralI" value="-936.000000" />
  <attribute name="IntegralH" value="-936.000000" />
  <attribute name="DerivativeT" value="-0.346154" />
  <attribute name="DerivativeI" value="-0.346154" />
  <attribute name="DerivativeH" value="-0.346154" />
  <attribute name="Loop Time for DT" value="52.000000" />
  <attribute name="Output H" value="2092630016"/>
  <attribute name="Output I" value="200"/>
  <attribute name="Output T" value="4"/>
  <attribute name="Target GC Util Change" value ="20.000000" />
  <attribute name="Current GC Util Change" value="2.000000"/>
  <attribute name="GC Util currently" value="2" />
  <attribute name="CPU Util currently" value="20" />
<allocation-satisfied id="311" threadId="000000000224B700" bytesRequested="72" />
<af-end id="312" timestamp="2019-06-16T00:11:16.866" threadId="000000000224C088" success="true" from="nursery"/>
<exclusive-end id="313" timestamp="2019-06-16T00:11:16.866" durationms="1.998" />

<exclusive-start id="314" timestamp="2019-06-16T00:11:16.928" intervalms="63.255">
  <response-info timems="0.055" idlems="0.055" threads="0" lastid="000000000224B700" lastname="main" />
</exclusive-start>
<af-start id="315" threadId="000000000224C088" totalBytesRequested="40" timestamp="2019-06-16T00:11:16.928" intervalms="63.319" type="nursery" />
<cycle-start id="316" type="scavenge" contextid="0" timestamp="2019-06-16T00:11:16.928" intervalms="63.336" />
<gc-start id="317" type="scavenge" contextid="316" timestamp="2019-06-16T00:11:16.928">
  <mem-info id="318" free="3715528" total="8388608" percent="44">
    <mem type="nursery" free="0" total="2097152" percent="0">
      <mem type="allocate" free="0" total="1703936" percent="0" />
      <mem type="survivor" free="0" total="393216" percent="0" />
    </mem>
    <mem type="tenure" free="3715528" total="6291456" percent="59">
      <mem type="soa" free="3401160" total="5977088" percent="56" />
      <mem type="loa" free="314368" total="314368" percent="100" />
    </mem>
    <remembered-set count="1901" />
  </mem-info>
</gc-start>
<allocation-stats totalBytes="1519064" >
  <allocated-bytes non-tlh="52040" tlh="1467024" />
  <largest-consumer threadName="main" threadId="000000000224B700" bytes="1457936" />
</allocation-stats>
<gc-op id="319" type="scavenge" timems="1.001" contextid="316" timestamp="2019-06-16T00:11:16.929">
  <scavenger-info tenureage="5" tenuremask="ffe0" tiltratio="81" />
  <memory-copied type="nursery" objects="9618" bytes="385960" bytesdiscarded="6048" />
  <memory-copied type="tenure" objects="353" bytes="13056" bytesdiscarded="48" />
  <copy-failed type="nursery" objects="353" bytes="13056" />
  <finalization candidates="15" enqueued="0" />
  <ownableSynchronizers candidates="4" cleared="0" />
  <references type="soft" candidates="293" cleared="0" enqueued="0" dynamicThreshold="32" maxThreshold="32" />
  <references type="weak" candidates="2029" cleared="429" enqueued="287" />
  <references type="phantom" candidates="5" cleared="1" enqueued="1" />
</gc-op>
<gc-end id="320" type="scavenge" contextid="316" durationms="1.588" usertimems="0.000" systemtimems="0.000" timestamp="2019-06-16T00:11:16.930" activeThreads="4">
  <mem-info id="321" free="4659400" total="8388608" percent="55">
    <mem type="nursery" free="983040" total="2097152" percent="46">
      <mem type="allocate" free="983040" total="1376256" percent="71" />
      <mem type="survivor" free="0" total="720896" percent="0" />
    </mem>
    <mem type="tenure" free="3676360" total="6291456" percent="58" macro-fragmented="0">
      <mem type="soa" free="3361992" total="5977088" percent="56" />
      <mem type="loa" free="314368" total="314368" percent="100" />
    </mem>
    <pending-finalizers system="0" default="0" reference="288" classloader="0" />
    <remembered-set count="1635" />
  </mem-info>
</gc-end>
<cycle-end id="322" type="scavenge" contextid="316" timestamp="2019-06-16T00:11:16.930" />
  <attribute name="elasticGC enabled" value="1" />
  <attribute name= "numThreadsSpecified" value="4" />
  <attribute name="heapSize specified" value="0" />
  <attribute name="Current GC Util" value="2" />
  <attribute name= "Current Time Running" value="47462" />
  <attribute name ="GC Interval" value="200" />
  <attribute name="ProportionalT" value="-27.000000" />
  <attribute name="ProportionalI" value="-27.000000" />
  <attribute name="ProportionalH" value="-27.000000" />
  <attribute name="Current Error" value="-18.000000" />
  <attribute name="IntegralT" value="-1134.000000" />
  <attribute name="IntegralI" value="-1134.000000" />
  <attribute name="IntegralH" value="-1134.000000" />
  <attribute name="DerivativeT" value="-0.285714" />
  <attribute name="DerivativeI" value="-0.285714" />
  <attribute name="DerivativeH" value="-0.285714" />
  <attribute name="Loop Time for DT" value="63.000000" />
  <attribute name="Output H" value="2092630016"/>
  <attribute name="Output I" value="200"/>
  <attribute name="Output T" value="4"/>
  <attribute name="Target GC Util Change" value ="20.000000" />
  <attribute name="Current GC Util Change" value="2.000000"/>
  <attribute name="GC Util currently" value="2" />
  <attribute name="CPU Util currently" value="35" />
<allocation-satisfied id="323" threadId="000000000224B700" bytesRequested="40" />
<af-end id="324" timestamp="2019-06-16T00:11:16.930" threadId="000000000224C088" success="true" from="nursery"/>
<exclusive-end id="325" timestamp="2019-06-16T00:11:16.930" durationms="2.458" />

<exclusive-start id="326" timestamp="2019-06-16T00:11:16.951" intervalms="23.819">
  <response-info timems="0.095" idlems="0.095" threads="0" lastid="000000000224B700" lastname="main" />
</exclusive-start>
<af-start id="327" threadId="000000000224C088" totalBytesRequested="200008" timestamp="2019-06-16T00:11:16.952" intervalms="23.755" type="nursery" />
<cycle-start id="328" type="scavenge" contextid="0" timestamp="2019-06-16T00:11:16.952" intervalms="23.751" />
<gc-start id="329" type="scavenge" contextid="328" timestamp="2019-06-16T00:11:16.952">
  <mem-info id="330" free="3692232" total="8388608" percent="44">
    <mem type="nursery" free="23520" total="2097152" percent="1">
      <mem type="allocate" free="23520" total="1376256" percent="1" />
      <mem type="survivor" free="0" total="720896" percent="0" />
    </mem>
    <mem type="tenure" free="3668712" total="6291456" percent="58">
      <mem type="soa" free="3354344" total="5977088" percent="56" />
      <mem type="loa" free="314368" total="314368" percent="100" />
    </mem>
    <remembered-set count="1777" />
  </mem-info>
</gc-start>
<allocation-stats totalBytes="963808" >
  <allocated-bytes non-tlh="369152" tlh="594656" />
  <largest-consumer threadName="main" threadId="000000000224B700" bytes="951976" />
</allocation-stats>
<gc-op id="331" type="scavenge" timems="0.895" contextid="328" timestamp="2019-06-16T00:11:16.953">
  <scavenger-info tenureage="3" tenuremask="6018" tiltratio="65" />
  <memory-copied type="nursery" objects="8453" bytes="657144" bytesdiscarded="59112" />
  <memory-copied type="tenure" objects="2176" bytes="78280" bytesdiscarded="8" />
  <finalization candidates="15" enqueued="0" />
  <ownableSynchronizers candidates="4" cleared="0" />
  <references type="soft" candidates="338" cleared="0" enqueued="0" dynamicThreshold="32" maxThreshold="32" />
  <references type="weak" candidates="1193" cleared="14" enqueued="11" />
  <references type="phantom" candidates="7" cleared="2" enqueued="2" />
</gc-op>
<gc-end id="332" type="scavenge" contextid="328" durationms="1.441" usertimems="4.000" systemtimems="0.000" timestamp="2019-06-16T00:11:16.953" activeThreads="4">
  <mem-info id="333" free="3995856" total="8388608" percent="47">
    <mem type="nursery" free="397032" total="2097152" percent="18">
      <mem type="allocate" free="397032" total="1114112" percent="35" />
      <mem type="survivor" free="0" total="983040" percent="0" />
    </mem>
    <mem type="tenure" free="3598824" total="6291456" percent="57" macro-fragmented="1800196">
      <mem type="soa" free="3284456" total="5977088" percent="54" />
      <mem type="loa" free="314368" total="314368" percent="100" />
    </mem>
    <pending-finalizers system="0" default="0" reference="13" classloader="0" />
    <remembered-set count="1211" />
  </mem-info>
</gc-end>
<cycle-end id="334" type="scavenge" contextid="328" timestamp="2019-06-16T00:11:16.953" />
  <attribute name="elasticGC enabled" value="1" />
  <attribute name= "numThreadsSpecified" value="4" />
  <attribute name="heapSize specified" value="0" />
  <attribute name="Current GC Util" value="8" />
  <attribute name= "Current Time Running" value="47486" />
  <attribute name ="GC Interval" value="200" />
  <attribute name="ProportionalT" value="-18.000000" />
  <attribute name="ProportionalI" value="-18.000000" />
  <attribute name="ProportionalH" value="-18.000000" />
  <attribute name="Current Error" value="-12.000000" />
  <attribute name="IntegralT" value="-288.000000" />
  <attribute name="IntegralI" value="-288.000000" />
  <attribute name="IntegralH" value="-288.000000" />
  <attribute name="DerivativeT" value="-0.500000" />
  <attribute name="DerivativeI" value="-0.500000" />
  <attribute name="DerivativeH" value="-0.500000" />
  <attribute name="Loop Time for DT" value="24.000000" />
  <attribute name="Output H" value="2092630016"/>
  <attribute name="Output I" value="200"/>
  <attribute name="Output T" value="4"/>
  <attribute name="Target GC Util Change" value ="20.000000" />
  <attribute name="Current GC Util Change" value="8.000000"/>
  <attribute name="GC Util currently" value="8" />
  <attribute name="CPU Util currently" value="194142975213" />
<allocation-satisfied id="335" threadId="000000000224B700" bytesRequested="200008" />
<af-end id="336" timestamp="2019-06-16T00:11:16.954" threadId="000000000224C088" success="true" from="nursery"/>
<exclusive-end id="337" timestamp="2019-06-16T00:11:16.954" durationms="2.167" />

<exclusive-start id="338" timestamp="2019-06-16T00:11:16.958" intervalms="6.354">
  <response-info timems="0.057" idlems="0.057" threads="0" lastid="000000000224B700" lastname="main" />
</exclusive-start>
<af-start id="339" threadId="000000000224C088" totalBytesRequested="16392" timestamp="2019-06-16T00:11:16.958" intervalms="6.376" type="nursery" />
<cycle-start id="340" type="scavenge" contextid="0" timestamp="2019-06-16T00:11:16.958" intervalms="6.344" />
<gc-start id="341" type="scavenge" contextid="340" timestamp="2019-06-16T00:11:16.958">
  <mem-info id="342" free="3598560" total="8388608" percent="42">
    <mem type="nursery" free="0" total="2097152" percent="0">
      <mem type="allocate" free="0" total="1114112" percent="0" />
      <mem type="survivor" free="0" total="983040" percent="0" />
    </mem>
    <mem type="tenure" free="3598560" total="6291456" percent="57">
      <mem type="soa" free="3284192" total="5977088" percent="54" />
      <mem type="loa" free="314368" total="314368" percent="100" />
    </mem>
    <remembered-set count="1218" />
  </mem-info>
</gc-start>
<allocation-stats totalBytes="380104" >
  <allocated-bytes non-tlh="233048" tlh="147056" />
  <largest-consumer threadName="main" threadId="000000000224B700" bytes="371912" />
</allocation-stats>
<gc-op id="343" type="scavenge" timems="0.722" contextid="340" timestamp="2019-06-16T00:11:16.959">
  <scavenger-info tenureage="3" tenuremask="7008" tiltratio="53" />
  <memory-copied type="nursery" objects="5718" bytes="787256" bytesdiscarded="50872" />
  <memory-copied type="tenure" objects="2708" bytes="100168" bytesdiscarded="8" />
  <finalization candidates="15" enqueued="0" />
  <ownableSynchronizers candidates="4" cleared="0" />
  <references type="soft" candidates="178" cleared="0" enqueued="0" dynamicThreshold="32" maxThreshold="32" />
  <references type="weak" candidates="835" cleared="0" enqueued="0" />
  <references type="phantom" candidates="5" cleared="0" enqueued="0" />
</gc-op>
<heap-resize id="344" type="expand" space="nursery" amount="262144" count="1" timems="0.149" reason="excessive time being spent scavenging" timestamp="2019-06-16T00:11:16.959" />
<gc-end id="345" type="scavenge" contextid="340" durationms="1.479" usertimems="4.000" systemtimems="0.000" timestamp="2019-06-16T00:11:16.960" activeThreads="4">
  <mem-info id="346" free="3895936" total="8650752" percent="45">
    <mem type="nursery" free="406432" total="2359296" percent="17">
      <mem type="allocate" free="406432" total="1245184" percent="32" />
      <mem type="survivor" free="0" total="1114112" percent="0" />
    </mem>
    <mem type="tenure" free="3489504" total="6291456" percent="55" macro-fragmented="3110739">
      <mem type="soa" free="3175136" total="5977088" percent="53" />
      <mem type="loa" free="314368" total="314368" percent="100" />
    </mem>
    <remembered-set count="571" />
  </mem-info>
</gc-end>
<cycle-end id="347" type="scavenge" contextid="340" timestamp="2019-06-16T00:11:16.960" />
  <attribute name="elasticGC enabled" value="1" />
  <attribute name= "numThreadsSpecified" value="4" />
  <attribute name="heapSize specified" value="0" />
  <attribute name="Current GC Util" value="28" />
  <attribute name= "Current Time Running" value="47492" />
  <attribute name ="GC Interval" value="200" />
  <attribute name="ProportionalT" value="12.000000" />
  <attribute name="ProportionalI" value="12.000000" />
  <attribute name="ProportionalH" value="12.000000" />
  <attribute name="Current Error" value="8.000000" />
  <attribute name="IntegralT" value="48.000000" />
  <attribute name="IntegralI" value="48.000000" />
  <attribute name="IntegralH" value="48.000000" />
  <attribute name="DerivativeT" value="1.333333" />
  <attribute name="DerivativeI" value="1.333333" />
  <attribute name="DerivativeH" value="1.333333" />
  <attribute name="Loop Time for DT" value="6.000000" />
  <attribute name="Output H" value="8388608"/>
  <attribute name="Output I" value="200"/>
  <attribute name="Output T" value="4"/>
  <attribute name="Target GC Util Change" value ="20.000000" />
  <attribute name="Current GC Util Change" value="28.000000"/>
  <attribute name="GC Util currently" value="28" />
  <attribute name="CPU Util currently" value="737260254934" />
<allocation-satisfied id="348" threadId="000000000224B700" bytesRequested="16392" />
<af-end id="349" timestamp="2019-06-16T00:11:16.960" threadId="000000000224C088" success="true" from="nursery"/>
<exclusive-end id="350" timestamp="2019-06-16T00:11:16.960" durationms="2.039" />

<exclusive-start id="351" timestamp="2019-06-16T00:11:16.968" intervalms="10.573">
  <response-info timems="0.047" idlems="0.047" threads="0" lastid="000000000224B700" lastname="main" />
</exclusive-start>
<af-start id="352" threadId="000000000224C088" totalBytesRequested="131080" timestamp="2019-06-16T00:11:16.968" intervalms="10.564" type="nursery" />
<cycle-start id="353" type="scavenge" contextid="0" timestamp="2019-06-16T00:11:16.969" intervalms="10.595" />
<gc-start id="354" type="scavenge" contextid="353" timestamp="2019-06-16T00:11:16.969">
  <mem-info id="355" free="3481944" total="8650752" percent="40">
    <mem type="nursery" free="0" total="2359296" percent="0">
      <mem type="allocate" free="0" total="1245184" percent="0" />
      <mem type="survivor" free="0" total="1114112" percent="0" />
    </mem>
    <mem type="tenure" free="3481944" total="6291456" percent="55">
      <mem type="soa" free="3167576" total="5977088" percent="52" />
      <mem type="loa" free="314368" total="314368" percent="100" />
    </mem>
    <remembered-set count="652" />
  </mem-info>
</gc-start>
<allocation-stats totalBytes="398464" >
  <allocated-bytes non-tlh="151544" tlh="246920" />
  <largest-consumer threadName="main" threadId="000000000224B700" bytes="398464" />
</allocation-stats>
<gc-op id="356" type="scavenge" timems="0.743" contextid="353" timestamp="2019-06-16T00:11:16.970">
  <scavenger-info tenureage="3" tenuremask="7808" tiltratio="52" />
  <memory-copied type="nursery" objects="1176" bytes="588992" bytesdiscarded="70720" />
  <memory-copied type="tenure" objects="4616" bytes="201600" bytesdiscarded="120" />
  <finalization candidates="15" enqueued="0" />
  <ownableSynchronizers candidates="3" cleared="0" />
  <references type="soft" candidates="88" cleared="0" enqueued="0" dynamicThreshold="32" maxThreshold="32" />
  <references type="weak" candidates="31" cleared="0" enqueued="0" />
  <references type="phantom" candidates="3" cleared="0" enqueued="0" />
</gc-op>
<heap-resize id="357" type="expand" space="nursery" amount="131072" count="1" timems="0.010" reason="excessive time being spent scavenging" timestamp="2019-06-16T00:11:16.970" />
<gc-end id="358" type="scavenge" contextid="353" durationms="1.336" usertimems="0.000" systemtimems="0.000" timestamp="2019-06-16T00:11:16.970" activeThreads="4">
  <mem-info id="359" free="4068336" total="8781824" percent="46">
    <mem type="nursery" free="781984" total="2490368" percent="31">
      <mem type="allocate" free="781984" total="1441792" percent="54" />
      <mem type="survivor" free="0" total="1048576" percent="0" />
    </mem>
    <mem type="tenure" free="3286352" total="6291456" percent="52" macro-fragmented="2592282">
      <mem type="soa" free="2971984" total="5977088" percent="49" />
      <mem type="loa" free="314368" total="314368" percent="100" />
    </mem>
    <remembered-set count="229" />
  </mem-info>
</gc-end>
<cycle-end id="360" type="scavenge" contextid="353" timestamp="2019-06-16T00:11:16.970" />
  <attribute name="elasticGC enabled" value="1" />
  <attribute name= "numThreadsSpecified" value="4" />
  <attribute name="heapSize specified" value="0" />
  <attribute name="Current GC Util" value="14" />
  <attribute name= "Current Time Running" value="47503" />
  <attribute name ="GC Interval" value="200" />
  <attribute name="ProportionalT" value="-9.000000" />
  <attribute name="ProportionalI" value="-9.000000" />
  <attribute name="ProportionalH" value="-9.000000" />
  <attribute name="Current Error" value="-6.000000" />
  <attribute name="IntegralT" value="-66.000000" />
  <attribute name="IntegralI" value="-66.000000" />
  <attribute name="IntegralH" value="-66.000000" />
  <attribute name="DerivativeT" value="-1.272727" />
  <attribute name="DerivativeI" value="-1.272727" />
  <attribute name="DerivativeH" value="-1.272727" />
  <attribute name="Loop Time for DT" value="11.000000" />
  <attribute name="Output H" value="2092630016"/>
  <attribute name="Output I" value="200"/>
  <attribute name="Output T" value="4"/>
  <attribute name="Target GC Util Change" value ="20.000000" />
  <attribute name="Current GC Util Change" value="14.000000"/>
  <attribute name="GC Util currently" value="14" />
  <attribute name="CPU Util currently" value="432903387168" />
<allocation-satisfied id="361" threadId="000000000224B700" bytesRequested="131080" />
<af-end id="362" timestamp="2019-06-16T00:11:16.970" threadId="000000000224C088" success="true" from="nursery"/>
<exclusive-end id="363" timestamp="2019-06-16T00:11:16.970" durationms="2.055" />

<exclusive-start id="364" timestamp="2019-06-16T00:11:16.981" intervalms="12.264">
  <response-info timems="0.061" idlems="0.061" threads="0" lastid="000000000224B700" lastname="main" />
</exclusive-start>
<af-start id="365" threadId="000000000224C088" totalBytesRequested="261128" timestamp="2019-06-16T00:11:16.981" intervalms="12.274" type="nursery" />
<cycle-start id="366" type="scavenge" contextid="0" timestamp="2019-06-16T00:11:16.981" intervalms="12.243" />
<gc-start id="367" type="scavenge" contextid="366" timestamp="2019-06-16T00:11:16.981">
  <mem-info id="368" free="3379416" total="8781824" percent="38">
    <mem type="nursery" free="99984" total="2490368" percent="4">
      <mem type="allocate" free="99984" total="1441792" percent="6" />
      <mem type="survivor" free="0" total="1048576" percent="0" />
    </mem>
    <mem type="tenure" free="3279432" total="6291456" percent="52">
      <mem type="soa" free="2965064" total="5977088" percent="49" />
      <mem type="loa" free="314368" total="314368" percent="100" />
    </mem>
    <remembered-set count="383" />
  </mem-info>
</gc-start>
<allocation-stats totalBytes="674808" >
  <allocated-bytes non-tlh="463656" tlh="211152" />
  <largest-consumer threadName="main" threadId="000000000224B700" bytes="674808" />
</allocation-stats>
<gc-op id="369" type="scavenge" timems="0.457" contextid="366" timestamp="2019-06-16T00:11:16.982">
  <scavenger-info tenureage="2" tenuremask="7c0c" tiltratio="57" />
  <memory-copied type="nursery" objects="391" bytes="428256" bytesdiscarded="73008" />
  <memory-copied type="tenure" objects="1089" bytes="584728" bytesdiscarded="8" />
  <references type="weak" candidates="2" cleared="1" enqueued="1" />
  <references type="phantom" candidates="1" cleared="0" enqueued="0" />
</gc-op>
<gc-end id="370" type="scavenge" contextid="366" durationms="1.055" usertimems="0.000" systemtimems="0.000" timestamp="2019-06-16T00:11:16.982" activeThreads="4">
  <mem-info id="371" free="3568840" total="8781824" percent="40">
    <mem type="nursery" free="1071592" total="2490368" percent="43">
      <mem type="allocate" free="1071592" total="1572864" percent="68" />
      <mem type="survivor" free="0" total="917504" percent="0" />
    </mem>
    <mem type="tenure" free="2497248" total="6291456" percent="39" macro-fragmented="116842">
      <mem type="soa" free="2182880" total="5977088" percent="36" />
      <mem type="loa" free="314368" total="314368" percent="100" />
    </mem>
    <pending-finalizers system="0" default="0" reference="1" classloader="0" />
    <remembered-set count="316" />
  </mem-info>
</gc-end>
<cycle-end id="372" type="scavenge" contextid="366" timestamp="2019-06-16T00:11:16.982" />
  <attribute name="elasticGC enabled" value="1" />
  <attribute name= "numThreadsSpecified" value="4" />
  <attribute name="heapSize specified" value="0" />
  <attribute name="Current GC Util" value="10" />
  <attribute name= "Current Time Running" value="47515" />
  <attribute name ="GC Interval" value="200" />
  <attribute name="ProportionalT" value="-15.000000" />
  <attribute name="ProportionalI" value="-15.000000" />
  <attribute name="ProportionalH" value="-15.000000" />
  <attribute name="Current Error" value="-10.000000" />
  <attribute name="IntegralT" value="-120.000000" />
  <attribute name="IntegralI" value="-120.000000" />
  <attribute name="IntegralH" value="-120.000000" />
  <attribute name="DerivativeT" value="-0.833333" />
  <attribute name="DerivativeI" value="-0.833333" />
  <attribute name="DerivativeH" value="-0.833333" />
  <attribute name="Loop Time for DT" value="12.000000" />
  <attribute name="Output H" value="2092630016"/>
  <attribute name="Output I" value="200"/>
  <attribute name="Output T" value="4"/>
  <attribute name="Target GC Util Change" value ="20.000000" />
  <attribute name="Current GC Util Change" value="10.000000"/>
  <attribute name="GC Util currently" value="10" />
  <attribute name="CPU Util currently" value="378202196707" />
<allocation-satisfied id="373" threadId="000000000224B700" bytesRequested="261128" />
<af-end id="374" timestamp="2019-06-16T00:11:16.982" threadId="000000000224C088" success="true" from="nursery"/>
<exclusive-end id="375" timestamp="2019-06-16T00:11:16.982" durationms="1.741" />

<exclusive-start id="376" timestamp="2019-06-16T00:11:17.001" intervalms="20.758">
  <response-info timems="0.016" idlems="0.016" threads="0" lastid="000000000224B700" lastname="main" />
</exclusive-start>
<af-start id="377" threadId="000000000224C088" totalBytesRequested="8432" timestamp="2019-06-16T00:11:17.002" intervalms="20.759" type="nursery" />
<cycle-start id="378" type="scavenge" contextid="0" timestamp="2019-06-16T00:11:17.002" intervalms="20.791" />
<gc-start id="379" type="scavenge" contextid="378" timestamp="2019-06-16T00:11:17.002">
  <mem-info id="380" free="2492840" total="8781824" percent="28">
    <mem type="nursery" free="0" total="2490368" percent="0">
      <mem type="allocate" free="0" total="1572864" percent="0" />
      <mem type="survivor" free="0" total="917504" percent="0" />
    </mem>
    <mem type="tenure" free="2492840" total="6291456" percent="39">
      <mem type="soa" free="2178472" total="5977088" percent="36" />
      <mem type="loa" free="314368" total="314368" percent="100" />
    </mem>
    <remembered-set count="372" />
  </mem-info>
</gc-start>
<allocation-stats totalBytes="1050632" >
  <allocated-bytes non-tlh="527704" tlh="522928" />
  <largest-consumer threadName="main" threadId="000000000224B700" bytes="1050632" />
</allocation-stats>
<gc-op id="381" type="scavenge" timems="0.237" contextid="378" timestamp="2019-06-16T00:11:17.002">
  <scavenger-info tenureage="10" tenuremask="7c00" tiltratio="63" />
  <memory-copied type="nursery" objects="419" bytes="290528" bytesdiscarded="49960" />
</gc-op>
<gc-end id="382" type="scavenge" contextid="378" durationms="0.776" usertimems="0.000" systemtimems="0.000" timestamp="2019-06-16T00:11:17.003" activeThreads="4">
  <mem-info id="383" free="3790744" total="8781824" percent="43">
    <mem type="nursery" free="1297904" total="2490368" percent="52">
      <mem type="allocate" free="1297904" total="1638400" percent="79" />
      <mem type="survivor" free="0" total="851968" percent="0" />
    </mem>
    <mem type="tenure" free="2492840" total="6291456" percent="39" macro-fragmented="1041779">
      <mem type="soa" free="2178472" total="5977088" percent="36" />
      <mem type="loa" free="314368" total="314368" percent="100" />
    </mem>
    <remembered-set count="300" />
  </mem-info>
</gc-end>
<cycle-end id="384" type="scavenge" contextid="378" timestamp="2019-06-16T00:11:17.003" />
  <attribute name="elasticGC enabled" value="1" />
  <attribute name= "numThreadsSpecified" value="4" />
  <attribute name="heapSize specified" value="0" />
  <attribute name="Current GC Util" value="5" />
  <attribute name= "Current Time Running" value="47536" />
  <attribute name ="GC Interval" value="200" />
  <attribute name="ProportionalT" value="-22.500000" />
  <attribute name="ProportionalI" value="-22.500000" />
  <attribute name="ProportionalH" value="-22.500000" />
  <attribute name="Current Error" value="-15.000000" />
  <attribute name="IntegralT" value="-315.000000" />
  <attribute name="IntegralI" value="-315.000000" />
  <attribute name="IntegralH" value="-315.000000" />
  <attribute name="DerivativeT" value="-0.714286" />
  <attribute name="DerivativeI" value="-0.714286" />
  <attribute name="DerivativeH" value="-0.714286" />
  <attribute name="Loop Time for DT" value="21.000000" />
  <attribute name="Output H" value="2092630016"/>
  <attribute name="Output I" value="200"/>
  <attribute name="Output T" value="4"/>
  <attribute name="Target GC Util Change" value ="20.000000" />
  <attribute name="Current GC Util Change" value="5.000000"/>
  <attribute name="GC Util currently" value="5" />
  <attribute name="CPU Util currently" value="220798479146" />
<allocation-satisfied id="385" threadId="000000000224B700" bytesRequested="8432" />
<af-end id="386" timestamp="2019-06-16T00:11:17.003" threadId="000000000224C088" success="true" from="nursery"/>
<exclusive-end id="387" timestamp="2019-06-16T00:11:17.003" durationms="1.483" />

<exclusive-start id="388" timestamp="2019-06-16T00:11:17.064" intervalms="62.235">
  <response-info timems="0.061" idlems="0.061" threads="0" lastid="000000000224B700" lastname="main" />
</exclusive-start>
<af-start id="389" threadId="000000000224C088" totalBytesRequested="6488" timestamp="2019-06-16T00:11:17.064" intervalms="62.253" type="nursery" />
<cycle-start id="390" type="scavenge" contextid="0" timestamp="2019-06-16T00:11:17.064" intervalms="62.282" />
<gc-start id="391" type="scavenge" contextid="390" timestamp="2019-06-16T00:11:17.064">
  <mem-info id="392" free="2475192" total="8781824" percent="28">
    <mem type="nursery" free="0" total="2490368" percent="0">
      <mem type="allocate" free="0" total="1638400" percent="0" />
      <mem type="survivor" free="0" total="851968" percent="0" />
    </mem>
    <mem type="tenure" free="2475192" total="6291456" percent="39">
      <mem type="soa" free="2160824" total="5977088" percent="36" />
      <mem type="loa" free="314368" total="314368" percent="100" />
    </mem>
    <remembered-set count="619" />
  </mem-info>
</gc-start>
<allocation-stats totalBytes="1301712" >
  <allocated-bytes non-tlh="26080" tlh="1275632" />
  <largest-consumer threadName="main" threadId="000000000224B700" bytes="1301712" />
</allocation-stats>
<gc-op id="393" type="scavenge" timems="0.474" contextid="390" timestamp="2019-06-16T00:11:17.065">
  <scavenger-info tenureage="10" tenuremask="7c00" tiltratio="65" />
  <memory-copied type="nursery" objects="6047" bytes="548352" bytesdiscarded="202984" />
  <references type="weak" candidates="6" cleared="2" enqueued="2" />
</gc-op>
<gc-end id="394" type="scavenge" contextid="390" durationms="1.009" usertimems="0.000" systemtimems="0.000" timestamp="2019-06-16T00:11:17.065" activeThreads="4">
  <mem-info id="395" free="3362216" total="8781824" percent="38">
    <mem type="nursery" free="887024" total="2490368" percent="35">
      <mem type="allocate" free="887024" total="1638400" percent="54" />
      <mem type="survivor" free="0" total="851968" percent="0" />
    </mem>
    <mem type="tenure" free="2475192" total="6291456" percent="39" macro-fragmented="1500163">
      <mem type="soa" free="2160824" total="5977088" percent="36" />
      <mem type="loa" free="314368" total="314368" percent="100" />
    </mem>
    <pending-finalizers system="0" default="0" reference="2" classloader="0" />
    <remembered-set count="464" />
  </mem-info>
</gc-end>
<cycle-end id="396" type="scavenge" contextid="390" timestamp="2019-06-16T00:11:17.065" />
  <attribute name="elasticGC enabled" value="1" />
  <attribute name= "numThreadsSpecified" value="4" />
  <attribute name="heapSize specified" value="0" />
  <attribute name="Current GC Util" value="1" />
  <attribute name= "Current Time Running" value="47598" />
  <attribute name ="GC Interval" value="200" />
  <attribute name="ProportionalT" value="-28.500000" />
  <attribute name="ProportionalI" value="-28.500000" />
  <attribute name="ProportionalH" value="-28.500000" />
  <attribute name="Current Error" value="-19.000000" />
  <attribute name="IntegralT" value="-1178.000000" />
  <attribute name="IntegralI" value="-1178.000000" />
  <attribute name="IntegralH" value="-1178.000000" />
  <attribute name="DerivativeT" value="-0.306452" />
  <attribute name="DerivativeI" value="-0.306452" />
  <attribute name="DerivativeH" value="-0.306452" />
  <attribute name="Loop Time for DT" value="62.000000" />
  <attribute name="Output H" value="2092630016"/>
  <attribute name="Output I" value="200"/>
  <attribute name="Output T" value="4"/>
  <attribute name="Target GC Util Change" value ="20.000000" />
  <attribute name="Current GC Util Change" value="1.000000"/>
  <attribute name="GC Util currently" value="1" />
  <attribute name="CPU Util currently" value="0" />
<allocation-satisfied id="397" threadId="000000000224B700" bytesRequested="6488" />
<af-end id="398" timestamp="2019-06-16T00:11:17.065" threadId="000000000224C088" success="true" from="nursery"/>
<exclusive-end id="399" timestamp="2019-06-16T00:11:17.065" durationms="1.864" />

<exclusive-start id="400" timestamp="2019-06-16T00:11:17.096" intervalms="32.778">
  <response-info timems="0.029" idlems="0.029" threads="0" lastid="000000000224B700" lastname="main" />
</exclusive-start>
<af-start id="401" threadId="000000000224C088" totalBytesRequested="15368" timestamp="2019-06-16T00:11:17.096" intervalms="32.714" type="nursery" />
<cycle-start id="402" type="scavenge" contextid="0" timestamp="2019-06-16T00:11:17.097" intervalms="32.636" />
<gc-start id="403" type="scavenge" contextid="402" timestamp="2019-06-16T00:11:17.097">
  <mem-info id="404" free="2452896" total="8781824" percent="27">
    <mem type="nursery" free="0" total="2490368" percent="0">
      <mem type="allocate" free="0" total="1638400" percent="0" />
      <mem type="survivor" free="0" total="851968" percent="0" />
    </mem>
    <mem type="tenure" free="2452896" total="6291456" percent="38">
      <mem type="soa" free="2138528" total="5977088" percent="35" />
      <mem type="loa" free="314368" total="314368" percent="100" />
    </mem>
    <remembered-set count="777" />
  </mem-info>
</gc-start>
<allocation-stats totalBytes="907192" >
  <allocated-bytes non-tlh="28784" tlh="878408" />
  <largest-consumer threadName="main" threadId="000000000224B700" bytes="907192" />
</allocation-stats>
<gc-op id="405" type="scavenge" timems="0.542" contextid="402" timestamp="2019-06-16T00:11:17.097">
  <scavenger-info tenureage="9" tenuremask="7e00" tiltratio="65" />
  <memory-copied type="nursery" objects="6328" bytes="586808" bytesdiscarded="178016" />
  <references type="soft" candidates="54" cleared="0" enqueued="0" dynamicThreshold="32" maxThreshold="32" />
  <references type="weak" candidates="149" cleared="0" enqueued="0" />
  <references type="phantom" candidates="1" cleared="0" enqueued="0" />
</gc-op>
<gc-end id="406" type="scavenge" contextid="402" durationms="0.978" usertimems="0.000" systemtimems="0.000" timestamp="2019-06-16T00:11:17.098" activeThreads="4">
  <mem-info id="407" free="3457432" total="8781824" percent="39">
    <mem type="nursery" free="1004536" total="2490368" percent="40">
      <mem type="allocate" free="1004536" total="1769472" percent="56" />
      <mem type="survivor" free="0" total="720896" percent="0" />
    </mem>
    <mem type="tenure" free="2452896" total="6291456" percent="38" macro-fragmented="1800196">
      <mem type="soa" free="2138528" total="5977088" percent="35" />
      <mem type="loa" free="314368" total="314368" percent="100" />
    </mem>
    <remembered-set count="744" />
  </mem-info>
</gc-end>
<cycle-end id="408" type="scavenge" contextid="402" timestamp="2019-06-16T00:11:17.098" />
  <attribute name="elasticGC enabled" value="1" />
  <attribute name= "numThreadsSpecified" value="4" />
  <attribute name="heapSize specified" value="0" />
  <attribute name="Current GC Util" value="3" />
  <attribute name= "Current Time Running" value="47631" />
  <attribute name ="GC Interval" value="200" />
  <attribute name="ProportionalT" value="-25.500000" />
  <attribute name="ProportionalI" value="-25.500000" />
  <attribute name="ProportionalH" value="-25.500000" />
  <attribute name="Current Error" value="-17.000000" />
  <attribute name="IntegralT" value="-561.000000" />
  <attribute name="IntegralI" value="-561.000000" />
  <attribute name="IntegralH" value="-561.000000" />
  <attribute name="DerivativeT" value="-0.515152" />
  <attribute name="DerivativeI" value="-0.515152" />
  <attribute name="DerivativeH" value="-0.515152" />
  <attribute name="Loop Time for DT" value="33.000000" />
  <attribute name="Output H" value="2092630016"/>
  <attribute name="Output I" value="200"/>
  <attribute name="Output T" value="4"/>
  <attribute name="Target GC Util Change" value ="20.000000" />
  <attribute name="Current GC Util Change" value="3.000000"/>
  <attribute name="GC Util currently" value="3" />
  <attribute name="CPU Util currently" value="142132304703" />
<allocation-satisfied id="409" threadId="000000000224B700" bytesRequested="15368" />
<af-end id="410" timestamp="2019-06-16T00:11:17.098" threadId="000000000224C088" success="true" from="nursery"/>
<exclusive-end id="411" timestamp="2019-06-16T00:11:17.098" durationms="1.422" />

<exclusive-start id="412" timestamp="2019-06-16T00:11:17.124" intervalms="27.371">
  <response-info timems="0.039" idlems="0.039" threads="0" lastid="000000000224B700" lastname="main" />
</exclusive-start>
<af-start id="413" threadId="000000000224C088" totalBytesRequested="23280" timestamp="2019-06-16T00:11:17.124" intervalms="27.371" type="nursery" />
<cycle-start id="414" type="scavenge" contextid="0" timestamp="2019-06-16T00:11:17.124" intervalms="27.377" />
<gc-start id="415" type="scavenge" contextid="414" timestamp="2019-06-16T00:11:17.124">
  <mem-info id="416" free="2436144" total="8781824" percent="27">
    <mem type="nursery" free="0" total="2490368" percent="0">
      <mem type="allocate" free="0" total="1769472" percent="0" />
      <mem type="survivor" free="0" total="720896" percent="0" />
    </mem>
    <mem type="tenure" free="2436144" total="6291456" percent="38">
      <mem type="soa" free="2121776" total="5977088" percent="35" />
      <mem type="loa" free="314368" total="314368" percent="100" />
    </mem>
    <remembered-set count="939" />
  </mem-info>
</gc-start>
<allocation-stats totalBytes="1018808" >
  <allocated-bytes non-tlh="32120" tlh="986688" />
  <largest-consumer threadName="main" threadId="000000000224B700" bytes="1018808" />
</allocation-stats>
<gc-op id="417" type="scavenge" timems="0.608" contextid="414" timestamp="2019-06-16T00:11:17.125">
  <scavenger-info tenureage="4" tenuremask="7f10" tiltratio="71" />
  <memory-copied type="nursery" objects="6424" bytes="288968" bytesdiscarded="39128" />
  <memory-copied type="tenure" objects="282" bytes="280408" bytesdiscarded="0" />
  <references type="soft" candidates="54" cleared="0" enqueued="0" dynamicThreshold="32" maxThreshold="32" />
  <references type="weak" candidates="256" cleared="0" enqueued="0" />
</gc-op>
<gc-end id="418" type="scavenge" contextid="414" durationms="1.050" usertimems="4.000" systemtimems="0.000" timestamp="2019-06-16T00:11:17.125" activeThreads="4">
  <mem-info id="419" free="3615176" total="8781824" percent="41">
    <mem type="nursery" free="1441192" total="2490368" percent="57">
      <mem type="allocate" free="1441192" total="1769472" percent="81" />
      <mem type="survivor" free="0" total="720896" percent="0" />
    </mem>
    <mem type="tenure" free="2173984" total="6291456" percent="34" macro-fragmented="1041779">
      <mem type="soa" free="1859616" total="5977088" percent="31" />
      <mem type="loa" free="314368" total="314368" percent="100" />
    </mem>
    <remembered-set count="651" />
  </mem-info>
</gc-end>
<cycle-end id="420" type="scavenge" contextid="414" timestamp="2019-06-16T00:11:17.125" />
  <attribute name="elasticGC enabled" value="1" />
  <attribute name= "numThreadsSpecified" value="4" />
  <attribute name="heapSize specified" value="0" />
  <attribute name="Current GC Util" value="4" />
  <attribute name= "Current Time Running" value="47658" />
  <attribute name ="GC Interval" value="200" />
  <attribute name="ProportionalT" value="-24.000000" />
  <attribute name="ProportionalI" value="-24.000000" />
  <attribute name="ProportionalH" value="-24.000000" />
  <attribute name="Current Error" value="-16.000000" />
  <attribute name="IntegralT" value="-432.000000" />
  <attribute name="IntegralI" value="-432.000000" />
  <attribute name="IntegralH" value="-432.000000" />
  <attribute name="DerivativeT" value="-0.592593" />
  <attribute name="DerivativeI" value="-0.592593" />
  <attribute name="DerivativeH" value="-0.592593" />
  <attribute name="Loop Time for DT" value="27.000000" />
  <attribute name="Output H" value="2092630016"/>
  <attribute name="Output I" value="200"/>
  <attribute name="Output T" value="4"/>
  <attribute name="Target GC Util Change" value ="20.000000" />
  <attribute name="Current GC Util Change" value="4.000000"/>
  <attribute name="GC Util currently" value="4" />
  <attribute name="CPU Util currently" value="168482089217" />
<allocation-satisfied id="421" threadId="000000000224B700" bytesRequested="23280" />
<af-end id="422" timestamp="2019-06-16T00:11:17.125" threadId="000000000224C088" success="true" from="nursery"/>
<exclusive-end id="423" timestamp="2019-06-16T00:11:17.125" durationms="1.502" />

<exclusive-start id="424" timestamp="2019-06-16T00:11:17.160" intervalms="36.000">
  <response-info timems="0.021" idlems="0.021" threads="0" lastid="000000000224B700" lastname="main" />
</exclusive-start>
<af-start id="425" threadId="000000000224C088" totalBytesRequested="88" timestamp="2019-06-16T00:11:17.160" intervalms="36.003" type="nursery" />
<cycle-start id="426" type="scavenge" contextid="0" timestamp="2019-06-16T00:11:17.160" intervalms="35.997" />
<gc-start id="427" type="scavenge" contextid="426" timestamp="2019-06-16T00:11:17.160">
  <mem-info id="428" free="2151144" total="8781824" percent="24">
    <mem type="nursery" free="0" total="2490368" percent="0">
      <mem type="allocate" free="0" total="1769472" percent="0" />
      <mem type="survivor" free="0" total="720896" percent="0" />
    </mem>
    <mem type="tenure" free="2151144" total="6291456" percent="34">
      <mem type="soa" free="1836776" total="5977088" percent="30" />
      <mem type="loa" free="314368" total="314368" percent="100" />
    </mem>
    <remembered-set count="914" />
  </mem-info>
</gc-start>
<allocation-stats totalBytes="1462608" >
  <allocated-bytes non-tlh="46120" tlh="1416488" />
  <largest-consumer threadName="main" threadId="000000000224B700" bytes="1462608" />
</allocation-stats>
<gc-op id="429" type="scavenge" timems="0.684" contextid="426" timestamp="2019-06-16T00:11:17.161">
  <scavenger-info tenureage="3" tenuremask="7f48" tiltratio="71" />
  <memory-copied type="nursery" objects="2340" bytes="92640" bytesdiscarded="63760" />
  <memory-copied type="tenure" objects="5037" bytes="230136" bytesdiscarded="64" />
  <references type="soft" candidates="54" cleared="0" enqueued="0" dynamicThreshold="32" maxThreshold="32" />
  <references type="weak" candidates="478" cleared="0" enqueued="0" />
</gc-op>
<gc-end id="430" type="scavenge" contextid="426" durationms="1.177" usertimems="0.000" systemtimems="0.000" timestamp="2019-06-16T00:11:17.161" activeThreads="4">
  <mem-info id="431" free="3689704" total="8781824" percent="42">
    <mem type="nursery" free="1678336" total="2490368" percent="67">
      <mem type="allocate" free="1678336" total="1835008" percent="91" />
      <mem type="survivor" free="0" total="655360" percent="0" />
    </mem>
    <mem type="tenure" free="2011368" total="6291456" percent="31" macro-fragmented="1041779">
      <mem type="soa" free="1697000" total="5977088" percent="28" />
      <mem type="loa" free="314368" total="314368" percent="100" />
    </mem>
    <remembered-set count="669" />
  </mem-info>
</gc-end>
<cycle-end id="432" type="scavenge" contextid="426" timestamp="2019-06-16T00:11:17.161" />
  <attribute name="elasticGC enabled" value="1" />
  <attribute name= "numThreadsSpecified" value="4" />
  <attribute name="heapSize specified" value="0" />
  <attribute name="Current GC Util" value="3" />
  <attribute name= "Current Time Running" value="47694" />
  <attribute name ="GC Interval" value="200" />
  <attribute name="ProportionalT" value="-25.500000" />
  <attribute name="ProportionalI" value="-25.500000" />
  <attribute name="ProportionalH" value="-25.500000" />
  <attribute name="Current Error" value="-17.000000" />
  <attribute name="IntegralT" value="-612.000000" />
  <attribute name="IntegralI" value="-612.000000" />
  <attribute name="IntegralH" value="-612.000000" />
  <attribute name="DerivativeT" value="-0.472222" />
  <attribute name="DerivativeI" value="-0.472222" />
  <attribute name="DerivativeH" value="-0.472222" />
  <attribute name="Loop Time for DT" value="36.000000" />
  <attribute name="Output H" value="2092630016"/>
  <attribute name="Output I" value="200"/>
  <attribute name="Output T" value="4"/>
  <attribute name="Target GC Util Change" value ="20.000000" />
  <attribute name="Current GC Util Change" value="3.000000"/>
  <attribute name="GC Util currently" value="3" />
  <attribute name="CPU Util currently" value="128064994407" />
<allocation-satisfied id="433" threadId="000000000224B700" bytesRequested="88" />
<af-end id="434" timestamp="2019-06-16T00:11:17.161" threadId="000000000224C088" success="true" from="nursery"/>
<exclusive-end id="435" timestamp="2019-06-16T00:11:17.162" durationms="1.776" />

<exclusive-start id="436" timestamp="2019-06-16T00:11:17.206" intervalms="45.815">
  <response-info timems="0.066" idlems="0.066" threads="0" lastid="000000000224B700" lastname="main" />
</exclusive-start>
<af-start id="437" threadId="000000000224C088" totalBytesRequested="168" timestamp="2019-06-16T00:11:17.206" intervalms="45.826" type="nursery" />
<cycle-start id="438" type="scavenge" contextid="0" timestamp="2019-06-16T00:11:17.206" intervalms="45.820" />
<gc-start id="439" type="scavenge" contextid="438" timestamp="2019-06-16T00:11:17.206">
  <mem-info id="440" free="1989480" total="8781824" percent="22">
    <mem type="nursery" free="0" total="2490368" percent="0">
      <mem type="allocate" free="0" total="1835008" percent="0" />
      <mem type="survivor" free="0" total="655360" percent="0" />
    </mem>
    <mem type="tenure" free="1989480" total="6291456" percent="31">
      <mem type="soa" free="1675112" total="5977088" percent="28" />
      <mem type="loa" free="314368" total="314368" percent="100" />
    </mem>
    <remembered-set count="977" />
  </mem-info>
</gc-start>
<allocation-stats totalBytes="1699736" >
  <allocated-bytes non-tlh="21976" tlh="1677760" />
  <largest-consumer threadName="main" threadId="000000000224B700" bytes="1699736" />
</allocation-stats>
<gc-op id="441" type="scavenge" timems="0.694" contextid="438" timestamp="2019-06-16T00:11:17.207">
  <scavenger-info tenureage="3" tenuremask="7e08" tiltratio="73" />
  <memory-copied type="nursery" objects="2745" bytes="95392" bytesdiscarded="60976" />
  <memory-copied type="tenure" objects="931" bytes="43024" bytesdiscarded="40" />
  <references type="weak" candidates="514" cleared="0" enqueued="0" />
</gc-op>
<gc-end id="442" type="scavenge" contextid="438" durationms="1.069" usertimems="0.000" systemtimems="0.000" timestamp="2019-06-16T00:11:17.207" activeThreads="4">
  <mem-info id="443" free="3759720" total="8781824" percent="42">
    <mem type="nursery" free="1809408" total="2490368" percent="72">
      <mem type="allocate" free="1809408" total="1966080" percent="92" />
      <mem type="survivor" free="0" total="524288" percent="0" />
    </mem>
    <mem type="tenure" free="1950312" total="6291456" percent="30" macro-fragmented="1742447">
      <mem type="soa" free="1635944" total="5977088" percent="27" />
      <mem type="loa" free="314368" total="314368" percent="100" />
    </mem>
    <remembered-set count="778" />
  </mem-info>
</gc-end>
<cycle-end id="444" type="scavenge" contextid="438" timestamp="2019-06-16T00:11:17.207" />
  <attribute name="elasticGC enabled" value="1" />
  <attribute name= "numThreadsSpecified" value="4" />
  <attribute name="heapSize specified" value="0" />
  <attribute name="Current GC Util" value="3" />
  <attribute name= "Current Time Running" value="47740" />
  <attribute name ="GC Interval" value="200" />
  <attribute name="ProportionalT" value="-25.500000" />
  <attribute name="ProportionalI" value="-25.500000" />
  <attribute name="ProportionalH" value="-25.500000" />
  <attribute name="Current Error" value="-17.000000" />
  <attribute name="IntegralT" value="-782.000000" />
  <attribute name="IntegralI" value="-782.000000" />
  <attribute name="IntegralH" value="-782.000000" />
  <attribute name="DerivativeT" value="-0.369565" />
  <attribute name="DerivativeI" value="-0.369565" />
  <attribute name="DerivativeH" value="-0.369565" />
  <attribute name="Loop Time for DT" value="46.000000" />
  <attribute name="Output H" value="2092630016"/>
  <attribute name="Output I" value="200"/>
  <attribute name="Output T" value="4"/>
  <attribute name="Target GC Util Change" value ="20.000000" />
  <attribute name="Current GC Util Change" value="3.000000"/>
  <attribute name="GC Util currently" value="3" />
  <attribute name="CPU Util currently" value="100670678232" />
<allocation-satisfied id="445" threadId="000000000224B700" bytesRequested="168" />
<af-end id="446" timestamp="2019-06-16T00:11:17.207" threadId="000000000224C088" success="true" from="nursery"/>
<exclusive-end id="447" timestamp="2019-06-16T00:11:17.207" durationms="1.526" />

<exclusive-start id="448" timestamp="2019-06-16T00:11:17.250" intervalms="44.231">
  <response-info timems="0.027" idlems="0.027" threads="0" lastid="000000000224B700" lastname="main" />
</exclusive-start>
<af-start id="449" threadId="000000000224C088" totalBytesRequested="23296" timestamp="2019-06-16T00:11:17.250" intervalms="44.281" type="nursery" />
<cycle-start id="450" type="scavenge" contextid="0" timestamp="2019-06-16T00:11:17.250" intervalms="44.339" />
<gc-start id="451" type="scavenge" contextid="450" timestamp="2019-06-16T00:11:17.250">
  <mem-info id="452" free="1930688" total="8781824" percent="21">
    <mem type="nursery" free="0" total="2490368" percent="0">
      <mem type="allocate" free="0" total="1966080" percent="0" />
      <mem type="survivor" free="0" total="524288" percent="0" />
    </mem>
    <mem type="tenure" free="1930688" total="6291456" percent="30">
      <mem type="soa" free="1616320" total="5977088" percent="27" />
      <mem type="loa" free="314368" total="314368" percent="100" />
    </mem>
    <remembered-set count="1105" />
  </mem-info>
</gc-start>
<allocation-stats totalBytes="1805672" >
  <allocated-bytes non-tlh="19792" tlh="1785880" />
  <largest-consumer threadName="main" threadId="000000000224B700" bytes="1805672" />
</allocation-stats>
<gc-op id="453" type="scavenge" timems="0.677" contextid="450" timestamp="2019-06-16T00:11:17.251">
  <scavenger-info tenureage="3" tenuremask="ffa8" tiltratio="78" />
  <memory-copied type="nursery" objects="3986" bytes="178904" bytesdiscarded="62768" />
  <memory-copied type="tenure" objects="392" bytes="13368" bytesdiscarded="0" />
  <references type="weak" candidates="563" cleared="0" enqueued="0" />
  <references type="phantom" candidates="1" cleared="0" enqueued="0" />
</gc-op>
<gc-end id="454" type="scavenge" contextid="450" durationms="1.183" usertimems="4.000" systemtimems="0.000" timestamp="2019-06-16T00:11:17.251" activeThreads="4">
  <mem-info id="455" free="3654840" total="8781824" percent="41">
    <mem type="nursery" free="1724152" total="2490368" percent="69">
      <mem type="allocate" free="1724152" total="1966080" percent="87" />
      <mem type="survivor" free="0" total="524288" percent="0" />
    </mem>
    <mem type="tenure" free="1930688" total="6291456" percent="30" macro-fragmented="1500163">
      <mem type="soa" free="1616320" total="5977088" percent="27" />
      <mem type="loa" free="314368" total="314368" percent="100" />
    </mem>
    <remembered-set count="814" />
  </mem-info>
</gc-end>
<cycle-end id="456" type="scavenge" contextid="450" timestamp="2019-06-16T00:11:17.252" />
  <attribute name="elasticGC enabled" value="1" />
  <attribute name= "numThreadsSpecified" value="4" />
  <attribute name="heapSize specified" value="0" />
  <attribute name="Current GC Util" value="2" />
  <attribute name= "Current Time Running" value="47784" />
  <attribute name ="GC Interval" value="200" />
  <attribute name="ProportionalT" value="-27.000000" />
  <attribute name="ProportionalI" value="-27.000000" />
  <attribute name="ProportionalH" value="-27.000000" />
  <attribute name="Current Error" value="-18.000000" />
  <attribute name="IntegralT" value="-792.000000" />
  <attribute name="IntegralI" value="-792.000000" />
  <attribute name="IntegralH" value="-792.000000" />
  <attribute name="DerivativeT" value="-0.409091" />
  <attribute name="DerivativeI" value="-0.409091" />
  <attribute name="DerivativeH" value="-0.409091" />
  <attribute name="Loop Time for DT" value="44.000000" />
  <attribute name="Output H" value="2092630016"/>
  <attribute name="Output I" value="200"/>
  <attribute name="Output T" value="4"/>
  <attribute name="Target GC Util Change" value ="20.000000" />
  <attribute name="Current GC Util Change" value="2.000000"/>
  <attribute name="GC Util currently" value="2" />
  <attribute name="CPU Util currently" value="103661675836" />
<allocation-satisfied id="457" threadId="000000000224B700" bytesRequested="23296" />
<af-end id="458" timestamp="2019-06-16T00:11:17.252" threadId="000000000224C088" success="true" from="nursery"/>
<exclusive-end id="459" timestamp="2019-06-16T00:11:17.252" durationms="1.968" />

<exclusive-start id="460" timestamp="2019-06-16T00:11:17.270" intervalms="19.825">
  <response-info timems="0.029" idlems="0.029" threads="0" lastid="000000000224B700" lastname="main" />
</exclusive-start>
<af-start id="461" threadId="000000000224C088" totalBytesRequested="32" timestamp="2019-06-16T00:11:17.270" intervalms="19.832" type="nursery" />
<cycle-start id="462" type="scavenge" contextid="0" timestamp="2019-06-16T00:11:17.270" intervalms="19.850" />
<gc-start id="463" type="scavenge" contextid="462" timestamp="2019-06-16T00:11:17.270">
  <mem-info id="464" free="1929872" total="8781824" percent="21">
    <mem type="nursery" free="0" total="2490368" percent="0">
      <mem type="allocate" free="0" total="1966080" percent="0" />
      <mem type="survivor" free="0" total="524288" percent="0" />
    </mem>
    <mem type="tenure" free="1929872" total="6291456" percent="30">
      <mem type="soa" free="1615504" total="5977088" percent="27" />
      <mem type="loa" free="314368" total="314368" percent="100" />
    </mem>
    <remembered-set count="1043" />
  </mem-info>
</gc-start>
<allocation-stats totalBytes="1724752" >
  <allocated-bytes non-tlh="24112" tlh="1700640" />
  <largest-consumer threadName="main" threadId="000000000224B700" bytes="1724752" />
</allocation-stats>
<gc-op id="465" type="scavenge" timems="0.696" contextid="462" timestamp="2019-06-16T00:11:17.271">
  <scavenger-info tenureage="3" tenuremask="7808" tiltratio="78" />
  <memory-copied type="nursery" objects="5619" bytes="199096" bytesdiscarded="74936" />
  <memory-copied type="tenure" objects="942" bytes="33656" bytesdiscarded="8" />
  <references type="weak" candidates="340" cleared="0" enqueued="0" />
</gc-op>
<gc-end id="466" type="scavenge" contextid="462" durationms="1.272" usertimems="0.000" systemtimems="0.000" timestamp="2019-06-16T00:11:17.271" activeThreads="4">
  <mem-info id="467" free="3648144" total="8781824" percent="41">
    <mem type="nursery" free="1757440" total="2490368" percent="70">
      <mem type="allocate" free="1757440" total="2031616" percent="86" />
      <mem type="survivor" free="0" total="458752" percent="0" />
    </mem>
    <mem type="tenure" free="1890704" total="6291456" percent="30" macro-fragmented="1500163">
      <mem type="soa" free="1576336" total="5977088" percent="26" />
      <mem type="loa" free="314368" total="314368" percent="100" />
    </mem>
    <remembered-set count="767" />
  </mem-info>
</gc-end>
<cycle-end id="468" type="scavenge" contextid="462" timestamp="2019-06-16T00:11:17.271" />
  <attribute name="elasticGC enabled" value="1" />
  <attribute name= "numThreadsSpecified" value="4" />
  <attribute name="heapSize specified" value="0" />
  <attribute name="Current GC Util" value="5" />
  <attribute name= "Current Time Running" value="47804" />
  <attribute name ="GC Interval" value="200" />
  <attribute name="ProportionalT" value="-22.500000" />
  <attribute name="ProportionalI" value="-22.500000" />
  <attribute name="ProportionalH" value="-22.500000" />
  <attribute name="Current Error" value="-15.000000" />
  <attribute name="IntegralT" value="-300.000000" />
  <attribute name="IntegralI" value="-300.000000" />
  <attribute name="IntegralH" value="-300.000000" />
  <attribute name="DerivativeT" value="-0.750000" />
  <attribute name="DerivativeI" value="-0.750000" />
  <attribute name="DerivativeH" value="-0.750000" />
  <attribute name="Loop Time for DT" value="20.000000" />
  <attribute name="Output H" value="2092630016"/>
  <attribute name="Output I" value="200"/>
  <attribute name="Output T" value="4"/>
  <attribute name="Target GC Util Change" value ="20.000000" />
  <attribute name="Current GC Util Change" value="5.000000"/>
  <attribute name="GC Util currently" value="5" />
  <attribute name="CPU Util currently" value="231283204026" />
<allocation-satisfied id="469" threadId="000000000224B700" bytesRequested="32" />
<af-end id="470" timestamp="2019-06-16T00:11:17.272" threadId="000000000224C088" success="true" from="nursery"/>
<exclusive-end id="471" timestamp="2019-06-16T00:11:17.272" durationms="2.206" />

<exclusive-start id="472" timestamp="2019-06-16T00:11:17.305" intervalms="35.646">
  <response-info timems="0.027" idlems="0.027" threads="0" lastid="000000000224B700" lastname="main" />
</exclusive-start>
<af-start id="473" threadId="000000000224C088" totalBytesRequested="1336" timestamp="2019-06-16T00:11:17.305" intervalms="35.640" type="nursery" />
<cycle-start id="474" type="scavenge" contextid="0" timestamp="2019-06-16T00:11:17.306" intervalms="35.628" />
<gc-start id="475" type="scavenge" contextid="474" timestamp="2019-06-16T00:11:17.306">
  <mem-info id="476" free="1876904" total="8781824" percent="21">
    <mem type="nursery" free="0" total="2490368" percent="0">
      <mem type="allocate" free="0" total="2031616" percent="0" />
      <mem type="survivor" free="0" total="458752" percent="0" />
    </mem>
    <mem type="tenure" free="1876904" total="6291456" percent="29">
      <mem type="soa" free="1562536" total="5977088" percent="26" />
      <mem type="loa" free="314368" total="314368" percent="100" />
    </mem>
    <remembered-set count="1074" />
  </mem-info>
</gc-start>
<allocation-stats totalBytes="1770200" >
  <allocated-bytes non-tlh="13832" tlh="1756368" />
  <largest-consumer threadName="main" threadId="000000000224B700" bytes="1770200" />
</allocation-stats>
<gc-op id="477" type="scavenge" timems="0.719" contextid="474" timestamp="2019-06-16T00:11:17.307">
  <scavenger-info tenureage="3" tenuremask="7008" tiltratio="81" />
  <memory-copied type="nursery" objects="6295" bytes="224920" bytesdiscarded="49112" />
  <memory-copied type="tenure" objects="1268" bytes="43872" bytesdiscarded="8" />
  <references type="weak" candidates="260" cleared="0" enqueued="0" />
</gc-op>
<gc-end id="478" type="scavenge" contextid="474" durationms="1.297" usertimems="4.000" systemtimems="0.000" timestamp="2019-06-16T00:11:17.307" activeThreads="4">
  <mem-info id="479" free="3660712" total="8781824" percent="41">
    <mem type="nursery" free="1822976" total="2490368" percent="73">
      <mem type="allocate" free="1822976" total="2097152" percent="86" />
      <mem type="survivor" free="0" total="393216" percent="0" />
    </mem>
    <mem type="tenure" free="1837736" total="6291456" percent="29" macro-fragmented="1041779">
      <mem type="soa" free="1523368" total="5977088" percent="25" />
      <mem type="loa" free="314368" total="314368" percent="100" />
    </mem>
    <remembered-set count="774" />
  </mem-info>
</gc-end>
<cycle-end id="480" type="scavenge" contextid="474" timestamp="2019-06-16T00:11:17.307" />
  <attribute name="elasticGC enabled" value="1" />
  <attribute name= "numThreadsSpecified" value="4" />
  <attribute name="heapSize specified" value="0" />
  <attribute name="Current GC Util" value="3" />
  <attribute name= "Current Time Running" value="47840" />
  <attribute name ="GC Interval" value="200" />
  <attribute name="ProportionalT" value="-25.500000" />
  <attribute name="ProportionalI" value="-25.500000" />
  <attribute name="ProportionalH" value="-25.500000" />
  <attribute name="Current Error" value="-17.000000" />
  <attribute name="IntegralT" value="-612.000000" />
  <attribute name="IntegralI" value="-612.000000" />
  <attribute name="IntegralH" value="-612.000000" />
  <attribute name="DerivativeT" value="-0.472222" />
  <attribute name="DerivativeI" value="-0.472222" />
  <attribute name="DerivativeH" value="-0.472222" />
  <attribute name="Loop Time for DT" value="36.000000" />
  <attribute name="Output H" value="2092630016"/>
  <attribute name="Output I" value="200"/>
  <attribute name="Output T" value="4"/>
  <attribute name="Target GC Util Change" value ="20.000000" />
  <attribute name="Current GC Util Change" value="3.000000"/>
  <attribute name="GC Util currently" value="3" />
  <attribute name="CPU Util currently" value="129640924676" />
<allocation-satisfied id="481" threadId="000000000224B700" bytesRequested="1336" />
<af-end id="482" timestamp="2019-06-16T00:11:17.307" threadId="000000000224C088" success="true" from="nursery"/>
<exclusive-end id="483" timestamp="2019-06-16T00:11:17.307" durationms="2.117" />

<exclusive-start id="484" timestamp="2019-06-16T00:11:17.333" intervalms="28.115">
  <response-info timems="0.027" idlems="0.027" threads="0" lastid="000000000224B700" lastname="main" />
</exclusive-start>
<af-start id="485" threadId="000000000224C088" totalBytesRequested="15368" timestamp="2019-06-16T00:11:17.334" intervalms="28.116" type="nursery" />
<cycle-start id="486" type="scavenge" contextid="0" timestamp="2019-06-16T00:11:17.334" intervalms="28.112" />
<gc-start id="487" type="scavenge" contextid="486" timestamp="2019-06-16T00:11:17.334">
  <mem-info id="488" free="1830104" total="8781824" percent="20">
    <mem type="nursery" free="0" total="2490368" percent="0">
      <mem type="allocate" free="0" total="2097152" percent="0" />
      <mem type="survivor" free="0" total="393216" percent="0" />
    </mem>
    <mem type="tenure" free="1830104" total="6291456" percent="29">
      <mem type="soa" free="1515736" total="5977088" percent="25" />
      <mem type="loa" free="314368" total="314368" percent="100" />
    </mem>
    <remembered-set count="1054" />
  </mem-info>
</gc-start>
<allocation-stats totalBytes="1825128" >
  <allocated-bytes non-tlh="8968" tlh="1816160" />
  <largest-consumer threadName="main" threadId="000000000224B700" bytes="1825128" />
</allocation-stats>
<gc-op id="489" type="scavenge" timems="0.864" contextid="486" timestamp="2019-06-16T00:11:17.335">
  <scavenger-info tenureage="3" tenuremask="7008" tiltratio="84" />
  <memory-copied type="nursery" objects="6952" bytes="282584" bytesdiscarded="68568" />
  <memory-copied type="tenure" objects="1678" bytes="58976" bytesdiscarded="0" />
  <references type="weak" candidates="163" cleared="0" enqueued="0" />
  <references type="phantom" candidates="1" cleared="0" enqueued="0" />
</gc-op>
<gc-end id="490" type="scavenge" contextid="486" durationms="1.364" usertimems="0.000" systemtimems="0.000" timestamp="2019-06-16T00:11:17.335" activeThreads="4">
  <mem-info id="491" free="3536848" total="8781824" percent="40">
    <mem type="nursery" free="1745912" total="2490368" percent="70">
      <mem type="allocate" free="1745912" total="2097152" percent="83" />
      <mem type="survivor" free="0" total="393216" percent="0" />
    </mem>
    <mem type="tenure" free="1790936" total="6291456" percent="28" macro-fragmented="1250136">
      <mem type="soa" free="1476568" total="5977088" percent="24" />
      <mem type="loa" free="314368" total="314368" percent="100" />
    </mem>
    <remembered-set count="929" />
  </mem-info>
</gc-end>
<cycle-end id="492" type="scavenge" contextid="486" timestamp="2019-06-16T00:11:17.335" />
  <attribute name="elasticGC enabled" value="1" />
  <attribute name= "numThreadsSpecified" value="4" />
  <attribute name="heapSize specified" value="0" />
  <attribute name="Current GC Util" value="4" />
  <attribute name= "Current Time Running" value="47868" />
  <attribute name ="GC Interval" value="200" />
  <attribute name="ProportionalT" value="-24.000000" />
  <attribute name="ProportionalI" value="-24.000000" />
  <attribute name="ProportionalH" value="-24.000000" />
  <attribute name="Current Error" value="-16.000000" />
  <attribute name="IntegralT" value="-448.000000" />
  <attribute name="IntegralI" value="-448.000000" />
  <attribute name="IntegralH" value="-448.000000" />
  <attribute name="DerivativeT" value="-0.571429" />
  <attribute name="DerivativeI" value="-0.571429" />
  <attribute name="DerivativeH" value="-0.571429" />
  <attribute name="Loop Time for DT" value="28.000000" />
  <attribute name="Output H" value="2092630016"/>
  <attribute name="Output I" value="200"/>
  <attribute name="Output T" value="4"/>
  <attribute name="Target GC Util Change" value ="20.000000" />
  <attribute name="Current GC Util Change" value="4.000000"/>
  <attribute name="GC Util currently" value="4" />
  <attribute name="CPU Util currently" value="164275714656" />
<allocation-satisfied id="493" threadId="000000000224B700" bytesRequested="15368" />
<af-end id="494" timestamp="2019-06-16T00:11:17.335" threadId="000000000224C088" success="true" from="nursery"/>
<exclusive-end id="495" timestamp="2019-06-16T00:11:17.335" durationms="2.086" />

<exclusive-start id="496" timestamp="2019-06-16T00:11:17.370" intervalms="36.381">
  <response-info timems="0.029" idlems="0.029" threads="0" lastid="000000000224B700" lastname="main" />
</exclusive-start>
<af-start id="497" threadId="000000000224C088" totalBytesRequested="16" timestamp="2019-06-16T00:11:17.370" intervalms="36.363" type="nursery" />
<cycle-start id="498" type="scavenge" contextid="0" timestamp="2019-06-16T00:11:17.370" intervalms="36.384" />
<gc-start id="499" type="scavenge" contextid="498" timestamp="2019-06-16T00:11:17.370">
  <mem-info id="500" free="1774664" total="8781824" percent="20">
    <mem type="nursery" free="0" total="2490368" percent="0">
      <mem type="allocate" free="0" total="2097152" percent="0" />
      <mem type="survivor" free="0" total="393216" percent="0" />
    </mem>
    <mem type="tenure" free="1774664" total="6291456" percent="28">
      <mem type="soa" free="1460296" total="5977088" percent="24" />
      <mem type="loa" free="314368" total="314368" percent="100" />
    </mem>
    <remembered-set count="1185" />
  </mem-info>
</gc-start>
<allocation-stats totalBytes="1761832" >
  <allocated-bytes non-tlh="31640" tlh="1730192" />
  <largest-consumer threadName="main" threadId="000000000224B700" bytes="1761832" />
</allocation-stats>
<gc-op id="501" type="scavenge" timems="0.677" contextid="498" timestamp="2019-06-16T00:11:17.371">
  <scavenger-info tenureage="3" tenuremask="7008" tiltratio="84" />
  <memory-copied type="nursery" objects="6542" bytes="253328" bytesdiscarded="34544" />
  <memory-copied type="tenure" objects="2448" bytes="89456" bytesdiscarded="56" />
  <references type="soft" candidates="2" cleared="0" enqueued="0" dynamicThreshold="32" maxThreshold="32" />
  <references type="weak" candidates="201" cleared="5" enqueued="5" />
</gc-op>
<gc-end id="502" type="scavenge" contextid="498" durationms="1.356" usertimems="0.000" systemtimems="0.000" timestamp="2019-06-16T00:11:17.372" activeThreads="4">
  <mem-info id="503" free="3374152" total="8781824" percent="38">
    <mem type="nursery" free="1809152" total="2490368" percent="72">
      <mem type="allocate" free="1809152" total="2097152" percent="86" />
      <mem type="survivor" free="0" total="393216" percent="0" />
    </mem>
    <mem type="tenure" free="1565000" total="6291456" percent="24" macro-fragmented="602881">
      <mem type="soa" free="1250632" total="5977088" percent="20" />
      <mem type="loa" free="314368" total="314368" percent="100" />
    </mem>
    <pending-finalizers system="0" default="0" reference="5" classloader="0" />
    <remembered-set count="810" />
  </mem-info>
</gc-end>
<cycle-end id="504" type="scavenge" contextid="498" timestamp="2019-06-16T00:11:17.372" />
  <attribute name="elasticGC enabled" value="1" />
  <attribute name= "numThreadsSpecified" value="4" />
  <attribute name="heapSize specified" value="0" />
  <attribute name="Current GC Util" value="3" />
  <attribute name= "Current Time Running" value="47904" />
  <attribute name ="GC Interval" value="200" />
  <attribute name="ProportionalT" value="-25.500000" />
  <attribute name="ProportionalI" value="-25.500000" />
  <attribute name="ProportionalH" value="-25.500000" />
  <attribute name="Current Error" value="-17.000000" />
  <attribute name="IntegralT" value="-612.000000" />
  <attribute name="IntegralI" value="-612.000000" />
  <attribute name="IntegralH" value="-612.000000" />
  <attribute name="DerivativeT" value="-0.472222" />
  <attribute name="DerivativeI" value="-0.472222" />
  <attribute name="DerivativeH" value="-0.472222" />
  <attribute name="Loop Time for DT" value="36.000000" />
  <attribute name="Output H" value="2092630016"/>
  <attribute name="Output I" value="200"/>
  <attribute name="Output T" value="4"/>
  <attribute name="Target GC Util Change" value ="20.000000" />
  <attribute name="Current GC Util Change" value="3.000000"/>
  <attribute name="GC Util currently" value="3" />
  <attribute name="CPU Util currently" value="126425641232" />
<allocation-satisfied id="505" threadId="000000000224B700" bytesRequested="16" />
<af-end id="506" timestamp="2019-06-16T00:11:17.372" threadId="000000000224C088" success="true" from="nursery"/>
<exclusive-end id="507" timestamp="2019-06-16T00:11:17.372" durationms="2.222" />

<exclusive-start id="508" timestamp="2019-06-16T00:11:17.393" intervalms="23.491">
  <response-info timems="0.024" idlems="0.024" threads="0" lastid="000000000224B700" lastname="main" />
</exclusive-start>
<af-start id="509" threadId="000000000224C088" totalBytesRequested="312" timestamp="2019-06-16T00:11:17.393" intervalms="23.489" type="nursery" />
<cycle-start id="510" type="scavenge" contextid="0" timestamp="2019-06-16T00:11:17.394" intervalms="23.484" />
<gc-start id="511" type="scavenge" contextid="510" timestamp="2019-06-16T00:11:17.394">
  <mem-info id="512" free="1564072" total="8781824" percent="17">
    <mem type="nursery" free="0" total="2490368" percent="0">
      <mem type="allocate" free="0" total="2097152" percent="0" />
      <mem type="survivor" free="0" total="393216" percent="0" />
    </mem>
    <mem type="tenure" free="1564072" total="6291456" percent="24">
      <mem type="soa" free="1249704" total="5977088" percent="20" />
      <mem type="loa" free="314368" total="314368" percent="100" />
    </mem>
    <remembered-set count="859" />
  </mem-info>
</gc-start>
<allocation-stats totalBytes="1809424" >
  <allocated-bytes non-tlh="944" tlh="1808480" />
  <largest-consumer threadName="main" threadId="000000000224B700" bytes="1809424" />
</allocation-stats>
<gc-op id="513" type="scavenge" timems="0.724" contextid="510" timestamp="2019-06-16T00:11:17.395">
  <scavenger-info tenureage="3" tenuremask="7008" tiltratio="84" />
  <memory-copied type="nursery" objects="7701" bytes="360352" bytesdiscarded="32808" />
  <memory-copied type="tenure" objects="1889" bytes="67968" bytesdiscarded="24" />
  <references type="soft" candidates="2" cleared="0" enqueued="0" dynamicThreshold="32" maxThreshold="32" />
  <references type="weak" candidates="96" cleared="0" enqueued="0" />
</gc-op>
<gc-end id="514" type="scavenge" contextid="510" durationms="1.349" usertimems="0.000" systemtimems="0.000" timestamp="2019-06-16T00:11:17.395" activeThreads="4">
  <mem-info id="515" free="3036328" total="8781824" percent="34">
    <mem type="nursery" free="1572864" total="2490368" percent="63">
      <mem type="allocate" free="1572864" total="1966080" percent="80" />
      <mem type="survivor" free="0" total="524288" percent="0" />
    </mem>
    <mem type="tenure" free="1463464" total="6291456" percent="23" macro-fragmented="868149">
      <mem type="soa" free="1149096" total="5977088" percent="19" />
      <mem type="loa" free="314368" total="314368" percent="100" />
    </mem>
    <remembered-set count="647" />
  </mem-info>
</gc-end>
<cycle-end id="516" type="scavenge" contextid="510" timestamp="2019-06-16T00:11:17.395" />
  <attribute name="elasticGC enabled" value="1" />
  <attribute name= "numThreadsSpecified" value="4" />
  <attribute name="heapSize specified" value="0" />
  <attribute name="Current GC Util" value="6" />
  <attribute name= "Current Time Running" value="47928" />
  <attribute name ="GC Interval" value="200" />
  <attribute name="ProportionalT" value="-21.000000" />
  <attribute name="ProportionalI" value="-21.000000" />
  <attribute name="ProportionalH" value="-21.000000" />
  <attribute name="Current Error" value="-14.000000" />
  <attribute name="IntegralT" value="-336.000000" />
  <attribute name="IntegralI" value="-336.000000" />
  <attribute name="IntegralH" value="-336.000000" />
  <attribute name="DerivativeT" value="-0.583333" />
  <attribute name="DerivativeI" value="-0.583333" />
  <attribute name="DerivativeH" value="-0.583333" />
  <attribute name="Loop Time for DT" value="24.000000" />
  <attribute name="Output H" value="2092630016"/>
  <attribute name="Output I" value="200"/>
  <attribute name="Output T" value="4"/>
  <attribute name="Target GC Util Change" value ="20.000000" />
  <attribute name="Current GC Util Change" value="6.000000"/>
  <attribute name="GC Util currently" value="6" />
  <attribute name="CPU Util currently" value="196429544222" />
<allocation-satisfied id="517" threadId="000000000224B700" bytesRequested="312" />
<af-end id="518" timestamp="2019-06-16T00:11:17.395" threadId="000000000224C088" success="true" from="nursery"/>
<exclusive-end id="519" timestamp="2019-06-16T00:11:17.396" durationms="2.240" />

<exclusive-start id="520" timestamp="2019-06-16T00:11:17.476" intervalms="83.035">
  <response-info timems="0.028" idlems="0.028" threads="0" lastid="000000000224B700" lastname="main" />
</exclusive-start>
<af-start id="521" threadId="000000000224C088" totalBytesRequested="6760" timestamp="2019-06-16T00:11:17.476" intervalms="83.086" type="nursery" />
<cycle-start id="522" type="scavenge" contextid="0" timestamp="2019-06-16T00:11:17.477" intervalms="83.100" />
<gc-start id="523" type="scavenge" contextid="522" timestamp="2019-06-16T00:11:17.477">
  <mem-info id="524" free="1446248" total="8781824" percent="16">
    <mem type="nursery" free="0" total="2490368" percent="0">
      <mem type="allocate" free="0" total="1966080" percent="0" />
      <mem type="survivor" free="0" total="524288" percent="0" />
    </mem>
    <mem type="tenure" free="1446248" total="6291456" percent="22">
      <mem type="soa" free="1131880" total="5977088" percent="18" />
      <mem type="loa" free="314368" total="314368" percent="100" />
    </mem>
    <remembered-set count="834" />
  </mem-info>
</gc-start>
<allocation-stats totalBytes="1587888" >
  <allocated-bytes non-tlh="283080" tlh="1304808" />
  <largest-consumer threadName="main" threadId="000000000224B700" bytes="1587888" />
</allocation-stats>
<gc-op id="525" type="scavenge" timems="0.615" contextid="522" timestamp="2019-06-16T00:11:17.478">
  <scavenger-info tenureage="12" tenuremask="7000" tiltratio="78" />
  <memory-copied type="nursery" objects="3488" bytes="491056" bytesdiscarded="33096" />
  <memory-copied type="tenure" objects="1744" bytes="68560" bytesdiscarded="0" />
  <copy-failed type="nursery" objects="1728" bytes="68256" />
  <references type="soft" candidates="72" cleared="0" enqueued="0" dynamicThreshold="32" maxThreshold="32" />
  <references type="weak" candidates="104" cleared="0" enqueued="0" />
  <references type="phantom" candidates="1" cleared="0" enqueued="0" />
</gc-op>
<gc-end id="526" type="scavenge" contextid="522" durationms="1.320" usertimems="4.000" systemtimems="0.000" timestamp="2019-06-16T00:11:17.478" activeThreads="4">
  <mem-info id="527" free="2560360" total="8781824" percent="29">
    <mem type="nursery" free="1114112" total="2490368" percent="44">
      <mem type="allocate" free="1114112" total="1638400" percent="68" />
      <mem type="survivor" free="0" total="851968" percent="0" />
    </mem>
    <mem type="tenure" free="1446248" total="6291456" percent="22" macro-fragmented="1041779">
      <mem type="soa" free="1131880" total="5977088" percent="18" />
      <mem type="loa" free="314368" total="314368" percent="100" />
    </mem>
    <remembered-set count="1084" />
  </mem-info>
</gc-end>
<cycle-end id="528" type="scavenge" contextid="522" timestamp="2019-06-16T00:11:17.478" />
  <attribute name="elasticGC enabled" value="1" />
  <attribute name= "numThreadsSpecified" value="4" />
  <attribute name="heapSize specified" value="0" />
  <attribute name="Current GC Util" value="1" />
  <attribute name= "Current Time Running" value="48011" />
  <attribute name ="GC Interval" value="200" />
  <attribute name="ProportionalT" value="-28.500000" />
  <attribute name="ProportionalI" value="-28.500000" />
  <attribute name="ProportionalH" value="-28.500000" />
  <attribute name="Current Error" value="-19.000000" />
  <attribute name="IntegralT" value="-1577.000000" />
  <attribute name="IntegralI" value="-1577.000000" />
  <attribute name="IntegralH" value="-1577.000000" />
  <attribute name="DerivativeT" value="-0.228916" />
  <attribute name="DerivativeI" value="-0.228916" />
  <attribute name="DerivativeH" value="-0.228916" />
  <attribute name="Loop Time for DT" value="83.000000" />
  <attribute name="Output H" value="2092630016"/>
  <attribute name="Output I" value="200"/>
  <attribute name="Output T" value="4"/>
  <attribute name="Target GC Util Change" value ="20.000000" />
  <attribute name="Current GC Util Change" value="1.000000"/>
  <attribute name="GC Util currently" value="1" />
  <attribute name="CPU Util currently" value="55471939909" />
<allocation-satisfied id="529" threadId="000000000224B700" bytesRequested="6760" />
<af-end id="530" timestamp="2019-06-16T00:11:17.479" threadId="000000000224C088" success="true" from="nursery"/>
<exclusive-end id="531" timestamp="2019-06-16T00:11:17.479" durationms="2.316" />

<exclusive-start id="532" timestamp="2019-06-16T00:11:17.505" intervalms="28.356">
  <response-info timems="0.033" idlems="0.033" threads="0" lastid="000000000224B700" lastname="main" />
</exclusive-start>
<af-start id="533" threadId="000000000224C088" totalBytesRequested="56" timestamp="2019-06-16T00:11:17.505" intervalms="28.261" type="nursery" />
<cycle-start id="534" type="scavenge" contextid="0" timestamp="2019-06-16T00:11:17.505" intervalms="28.208" />
<gc-start id="535" type="scavenge" contextid="534" timestamp="2019-06-16T00:11:17.505">
  <mem-info id="536" free="1440944" total="8781824" percent="16">
    <mem type="nursery" free="0" total="2490368" percent="0">
      <mem type="allocate" free="0" total="1638400" percent="0" />
      <mem type="survivor" free="0" total="851968" percent="0" />
    </mem>
    <mem type="tenure" free="1440944" total="6291456" percent="22">
      <mem type="soa" free="1126576" total="5977088" percent="18" />
      <mem type="loa" free="314368" total="314368" percent="100" />
    </mem>
    <remembered-set count="1143" />
  </mem-info>
</gc-start>
<allocation-stats totalBytes="1119168" >
  <allocated-bytes non-tlh="12064" tlh="1107104" />
  <largest-consumer threadName="main" threadId="000000000224B700" bytes="1119168" />
</allocation-stats>
<gc-op id="537" type="scavenge" timems="0.733" contextid="534" timestamp="2019-06-16T00:11:17.506">
  <scavenger-info tenureage="4" tenuremask="fff0" tiltratio="65" />
  <memory-copied type="nursery" objects="6725" bytes="681000" bytesdiscarded="97944" />
  <memory-copied type="tenure" objects="961" bytes="33056" bytesdiscarded="40" />
  <references type="soft" candidates="72" cleared="0" enqueued="0" dynamicThreshold="32" maxThreshold="32" />
  <references type="weak" candidates="84" cleared="0" enqueued="0" />
  <references type="phantom" candidates="1" cleared="0" enqueued="0" />
</gc-op>
<gc-end id="538" type="scavenge" contextid="534" durationms="1.106" usertimems="0.000" systemtimems="0.000" timestamp="2019-06-16T00:11:17.506" activeThreads="4">
  <mem-info id="539" free="2103384" total="8781824" percent="23">
    <mem type="nursery" free="793768" total="2490368" percent="31">
      <mem type="allocate" free="793768" total="1572864" percent="50" />
      <mem type="survivor" free="0" total="917504" percent="0" />
    </mem>
    <mem type="tenure" free="1309616" total="6291456" percent="20" macro-fragmented="1110433">
      <mem type="soa" free="995248" total="5977088" percent="16" />
      <mem type="loa" free="314368" total="314368" percent="100" />
    </mem>
    <remembered-set count="604" />
  </mem-info>
</gc-end>
<cycle-end id="540" type="scavenge" contextid="534" timestamp="2019-06-16T00:11:17.506" />
  <attribute name="elasticGC enabled" value="1" />
  <attribute name= "numThreadsSpecified" value="4" />
  <attribute name="heapSize specified" value="0" />
  <attribute name="Current GC Util" value="4" />
  <attribute name= "Current Time Running" value="48039" />
  <attribute name ="GC Interval" value="200" />
  <attribute name="ProportionalT" value="-24.000000" />
  <attribute name="ProportionalI" value="-24.000000" />
  <attribute name="ProportionalH" value="-24.000000" />
  <attribute name="Current Error" value="-16.000000" />
  <attribute name="IntegralT" value="-448.000000" />
  <attribute name="IntegralI" value="-448.000000" />
  <attribute name="IntegralH" value="-448.000000" />
  <attribute name="DerivativeT" value="-0.571429" />
  <attribute name="DerivativeI" value="-0.571429" />
  <attribute name="DerivativeH" value="-0.571429" />
  <attribute name="Loop Time for DT" value="28.000000" />
  <attribute name="Output H" value="2092630016"/>
  <attribute name="Output I" value="200"/>
  <attribute name="Output T" value="4"/>
  <attribute name="Target GC Util Change" value ="20.000000" />
  <attribute name="Current GC Util Change" value="4.000000"/>
  <attribute name="GC Util currently" value="4" />
  <attribute name="CPU Util currently" value="164791983216" />
<allocation-satisfied id="541" threadId="000000000224B700" bytesRequested="56" />
<af-end id="542" timestamp="2019-06-16T00:11:17.506" threadId="000000000224C088" success="true" from="nursery"/>
<exclusive-end id="543" timestamp="2019-06-16T00:11:17.506" durationms="1.729" />

<exclusive-start id="544" timestamp="2019-06-16T00:11:17.512" intervalms="7.770">
  <response-info timems="0.023" idlems="0.023" threads="0" lastid="000000000224B700" lastname="main" />
</exclusive-start>
<af-start id="545" threadId="000000000224C088" totalBytesRequested="32" timestamp="2019-06-16T00:11:17.513" intervalms="7.794" type="nursery" />
<cycle-start id="546" type="scavenge" contextid="0" timestamp="2019-06-16T00:11:17.513" intervalms="7.829" />
<gc-start id="547" type="scavenge" contextid="546" timestamp="2019-06-16T00:11:17.513">
  <mem-info id="548" free="1309616" total="8781824" percent="14">
    <mem type="nursery" free="0" total="2490368" percent="0">
      <mem type="allocate" free="0" total="1572864" percent="0" />
      <mem type="survivor" free="0" total="917504" percent="0" />
    </mem>
    <mem type="tenure" free="1309616" total="6291456" percent="20">
      <mem type="soa" free="995248" total="5977088" percent="16" />
      <mem type="loa" free="314368" total="314368" percent="100" />
    </mem>
    <remembered-set count="604" />
  </mem-info>
</gc-start>
<allocation-stats totalBytes="793656" >
  <allocated-bytes non-tlh="56" tlh="793600" />
  <largest-consumer threadName="main" threadId="000000000224B700" bytes="793656" />
</allocation-stats>
<gc-op id="549" type="scavenge" timems="0.593" contextid="546" timestamp="2019-06-16T00:11:17.514">
  <scavenger-info tenureage="11" tenuremask="7800" tiltratio="63" />
  <memory-copied type="nursery" objects="8205" bytes="731880" bytesdiscarded="106968" />
  <references type="soft" candidates="72" cleared="0" enqueued="0" dynamicThreshold="32" maxThreshold="32" />
  <references type="weak" candidates="84" cleared="0" enqueued="0" />
  <references type="phantom" candidates="1" cleared="0" enqueued="0" />
</gc-op>
<gc-end id="550" type="scavenge" contextid="546" durationms="1.000" usertimems="4.000" systemtimems="0.000" timestamp="2019-06-16T00:11:17.514" activeThreads="4">
  <mem-info id="551" free="2109032" total="8781824" percent="24">
    <mem type="nursery" free="799416" total="2490368" percent="32">
      <mem type="allocate" free="799416" total="1638400" percent="48" />
      <mem type="survivor" free="0" total="851968" percent="0" />
    </mem>
    <mem type="tenure" free="1309616" total="6291456" percent="20" macro-fragmented="1110433">
      <mem type="soa" free="995248" total="5977088" percent="16" />
      <mem type="loa" free="314368" total="314368" percent="100" />
    </mem>
    <remembered-set count="442" />
  </mem-info>
</gc-end>
<cycle-end id="552" type="scavenge" contextid="546" timestamp="2019-06-16T00:11:17.514" />
  <attribute name="elasticGC enabled" value="1" />
  <attribute name= "numThreadsSpecified" value="4" />
  <attribute name="heapSize specified" value="0" />
  <attribute name="Current GC Util" value="18" />
  <attribute name= "Current Time Running" value="48047" />
  <attribute name ="GC Interval" value="200" />
  <attribute name="ProportionalT" value="-3.000000" />
  <attribute name="ProportionalI" value="-3.000000" />
  <attribute name="ProportionalH" value="-3.000000" />
  <attribute name="Current Error" value="-2.000000" />
  <attribute name="IntegralT" value="-16.000000" />
  <attribute name="IntegralI" value="-16.000000" />
  <attribute name="IntegralH" value="-16.000000" />
  <attribute name="DerivativeT" value="-0.250000" />
  <attribute name="DerivativeI" value="-0.250000" />
  <attribute name="DerivativeH" value="-0.250000" />
  <attribute name="Loop Time for DT" value="8.000000" />
  <attribute name="Output H" value="2092630016"/>
  <attribute name="Output I" value="200"/>
  <attribute name="Output T" value="4"/>
  <attribute name="Target GC Util Change" value ="20.000000" />
  <attribute name="Current GC Util Change" value="18.000000"/>
  <attribute name="GC Util currently" value="18" />
  <attribute name="CPU Util currently" value="584914744207" />
<allocation-satisfied id="553" threadId="000000000224B700" bytesRequested="32" />
<af-end id="554" timestamp="2019-06-16T00:11:17.514" threadId="000000000224C088" success="true" from="nursery"/>
<exclusive-end id="555" timestamp="2019-06-16T00:11:17.514" durationms="1.884" />

<exclusive-start id="556" timestamp="2019-06-16T00:11:17.520" intervalms="7.898">
  <response-info timems="0.027" idlems="0.027" threads="0" lastid="000000000224B700" lastname="main" />
</exclusive-start>
<af-start id="557" threadId="000000000224C088" totalBytesRequested="24" timestamp="2019-06-16T00:11:17.520" intervalms="7.900" type="nursery" />
<cycle-start id="558" type="scavenge" contextid="0" timestamp="2019-06-16T00:11:17.521" intervalms="7.904" />
<gc-start id="559" type="scavenge" contextid="558" timestamp="2019-06-16T00:11:17.521">
  <mem-info id="560" free="1309616" total="8781824" percent="14">
    <mem type="nursery" free="0" total="2490368" percent="0">
      <mem type="allocate" free="0" total="1638400" percent="0" />
      <mem type="survivor" free="0" total="851968" percent="0" />
    </mem>
    <mem type="tenure" free="1309616" total="6291456" percent="20">
      <mem type="soa" free="995248" total="5977088" percent="16" />
      <mem type="loa" free="314368" total="314368" percent="100" />
    </mem>
    <remembered-set count="442" />
  </mem-info>
</gc-start>
<allocation-stats totalBytes="799288" >
  <allocated-bytes non-tlh="32" tlh="799256" />
  <largest-consumer threadName="main" threadId="000000000224B700" bytes="799288" />
</allocation-stats>
<gc-op id="561" type="scavenge" timems="0.815" contextid="558" timestamp="2019-06-16T00:11:17.522">
  <scavenger-info tenureage="2" tenuremask="7c2c" tiltratio="65" />
  <memory-copied type="nursery" objects="2678" bytes="99144" bytesdiscarded="110520" />
  <memory-copied type="tenure" objects="6620" bytes="677216" bytesdiscarded="48" />
</gc-op>
<heap-resize id="562" type="expand" space="nursery" amount="262144" count="1" timems="0.014" reason="excessive time being spent scavenging" timestamp="2019-06-16T00:11:17.522" />
<gc-end id="563" type="scavenge" contextid="558" durationms="1.444" usertimems="0.000" systemtimems="0.000" timestamp="2019-06-16T00:11:17.522" activeThreads="4">
  <mem-info id="564" free="2258784" total="9043968" percent="24">
    <mem type="nursery" free="1559808" total="2752512" percent="56">
      <mem type="allocate" free="1559808" total="1769472" percent="88" />
      <mem type="survivor" free="0" total="983040" percent="0" />
    </mem>
    <mem type="tenure" free="698976" total="6291456" percent="11" macro-fragmented="0">
      <mem type="soa" free="384608" total="5977088" percent="6" />
      <mem type="loa" free="314368" total="314368" percent="100" />
    </mem>
    <remembered-set count="412" />
  </mem-info>
</gc-end>
<cycle-end id="565" type="scavenge" contextid="558" timestamp="2019-06-16T00:11:17.522" />
  <attribute name="elasticGC enabled" value="1" />
  <attribute name= "numThreadsSpecified" value="4" />
  <attribute name="heapSize specified" value="0" />
  <attribute name="Current GC Util" value="15" />
  <attribute name= "Current Time Running" value="48055" />
  <attribute name ="GC Interval" value="200" />
  <attribute name="ProportionalT" value="-7.500000" />
  <attribute name="ProportionalI" value="-7.500000" />
  <attribute name="ProportionalH" value="-7.500000" />
  <attribute name="Current Error" value="-5.000000" />
  <attribute name="IntegralT" value="-40.000000" />
  <attribute name="IntegralI" value="-40.000000" />
  <attribute name="IntegralH" value="-40.000000" />
  <attribute name="DerivativeT" value="-0.625000" />
  <attribute name="DerivativeI" value="-0.625000" />
  <attribute name="DerivativeH" value="-0.625000" />
  <attribute name="Loop Time for DT" value="8.000000" />
  <attribute name="Output H" value="2092630016"/>
  <attribute name="Output I" value="200"/>
  <attribute name="Output T" value="4"/>
  <attribute name="Target GC Util Change" value ="20.000000" />
  <attribute name="Current GC Util Change" value="15.000000"/>
  <attribute name="GC Util currently" value="15" />
  <attribute name="CPU Util currently" value="589285068394" />
<allocation-satisfied id="566" threadId="000000000224B700" bytesRequested="24" />
<af-end id="567" timestamp="2019-06-16T00:11:17.523" threadId="000000000224C088" success="true" from="nursery"/>
<exclusive-end id="568" timestamp="2019-06-16T00:11:17.523" durationms="2.328" />

<exclusive-start id="569" timestamp="2019-06-16T00:11:17.542" intervalms="21.609">
  <response-info timems="0.059" idlems="0.059" threads="0" lastid="000000000224B700" lastname="main" />
</exclusive-start>
<af-start id="570" threadId="000000000224C088" totalBytesRequested="32" timestamp="2019-06-16T00:11:17.542" intervalms="21.632" type="nursery" />
<cycle-start id="571" type="scavenge" contextid="0" timestamp="2019-06-16T00:11:17.542" intervalms="21.640" />
<gc-start id="572" type="scavenge" contextid="571" timestamp="2019-06-16T00:11:17.542">
  <mem-info id="573" free="694216" total="9043968" percent="7">
    <mem type="nursery" free="0" total="2752512" percent="0">
      <mem type="allocate" free="0" total="1769472" percent="0" />
      <mem type="survivor" free="0" total="983040" percent="0" />
    </mem>
    <mem type="tenure" free="694216" total="6291456" percent="11">
      <mem type="soa" free="379848" total="5977088" percent="6" />
      <mem type="loa" free="314368" total="314368" percent="100" />
    </mem>
    <remembered-set count="636" />
  </mem-info>
</gc-start>
<allocation-stats totalBytes="1563984" >
  <allocated-bytes non-tlh="4784" tlh="1559200" />
  <largest-consumer threadName="main" threadId="000000000224B700" bytes="1563984" />
</allocation-stats>
<gc-op id="574" type="scavenge" timems="0.518" contextid="571" timestamp="2019-06-16T00:11:17.543">
  <scavenger-info tenureage="11" tenuremask="7800" tiltratio="64" />
  <memory-copied type="nursery" objects="4569" bytes="179584" bytesdiscarded="16224" />
  <references type="weak" candidates="38" cleared="0" enqueued="0" />
</gc-op>
<gc-end id="575" type="scavenge" contextid="571" durationms="1.022" usertimems="0.000" systemtimems="0.000" timestamp="2019-06-16T00:11:17.543" activeThreads="4">
  <mem-info id="576" free="2464456" total="9043968" percent="27">
    <mem type="nursery" free="1770240" total="2752512" percent="64">
      <mem type="allocate" free="1770240" total="1966080" percent="90" />
      <mem type="survivor" free="0" total="786432" percent="0" />
    </mem>
    <mem type="tenure" free="694216" total="6291456" percent="11" macro-fragmented="639630">
      <mem type="soa" free="379848" total="5977088" percent="6" />
      <mem type="loa" free="314368" total="314368" percent="100" />
    </mem>
    <remembered-set count="630" />
  </mem-info>
</gc-end>
<cycle-end id="577" type="scavenge" contextid="571" timestamp="2019-06-16T00:11:17.544" />
  <attribute name="elasticGC enabled" value="1" />
  <attribute name= "numThreadsSpecified" value="4" />
  <attribute name="heapSize specified" value="0" />
  <attribute name="Current GC Util" value="8" />
  <attribute name= "Current Time Running" value="48076" />
  <attribute name ="GC Interval" value="200" />
  <attribute name="ProportionalT" value="-18.000000" />
  <attribute name="ProportionalI" value="-18.000000" />
  <attribute name="ProportionalH" value="-18.000000" />
  <attribute name="Current Error" value="-12.000000" />
  <attribute name="IntegralT" value="-252.000000" />
  <attribute name="IntegralI" value="-252.000000" />
  <attribute name="IntegralH" value="-252.000000" />
  <attribute name="DerivativeT" value="-0.571429" />
  <attribute name="DerivativeI" value="-0.571429" />
  <attribute name="DerivativeH" value="-0.571429" />
  <attribute name="Loop Time for DT" value="21.000000" />
  <attribute name="Output H" value="2092630016"/>
  <attribute name="Output I" value="200"/>
  <attribute name="Output T" value="4"/>
  <attribute name="Target GC Util Change" value ="20.000000" />
  <attribute name="Current GC Util Change" value="8.000000"/>
  <attribute name="GC Util currently" value="8" />
  <attribute name="CPU Util currently" value="211144443114" />
<allocation-satisfied id="578" threadId="000000000224B700" bytesRequested="32" />
<af-end id="579" timestamp="2019-06-16T00:11:17.544" threadId="000000000224C088" success="true" from="nursery"/>
<exclusive-end id="580" timestamp="2019-06-16T00:11:17.544" durationms="1.906" />

<exclusive-start id="581" timestamp="2019-06-16T00:11:17.556" intervalms="13.863">
  <response-info timems="0.056" idlems="0.056" threads="0" lastid="000000000224B700" lastname="main" />
</exclusive-start>
<af-start id="582" threadId="000000000224C088" totalBytesRequested="24" timestamp="2019-06-16T00:11:17.556" intervalms="13.855" type="nursery" />
<cycle-start id="583" type="scavenge" contextid="0" timestamp="2019-06-16T00:11:17.556" intervalms="13.851" />
<gc-start id="584" type="scavenge" contextid="583" timestamp="2019-06-16T00:11:17.556">
  <mem-info id="585" free="694216" total="9043968" percent="7">
    <mem type="nursery" free="0" total="2752512" percent="0">
      <mem type="allocate" free="0" total="1966080" percent="0" />
      <mem type="survivor" free="0" total="786432" percent="0" />
    </mem>
    <mem type="tenure" free="694216" total="6291456" percent="11">
      <mem type="soa" free="379848" total="5977088" percent="6" />
      <mem type="loa" free="314368" total="314368" percent="100" />
    </mem>
    <remembered-set count="867" />
  </mem-info>
</gc-start>
<allocation-stats totalBytes="1770016" >
  <allocated-bytes non-tlh="32" tlh="1769984" />
  <largest-consumer threadName="main" threadId="000000000224B700" bytes="1770016" />
</allocation-stats>
<gc-op id="586" type="scavenge" timems="0.644" contextid="583" timestamp="2019-06-16T00:11:17.557">
  <scavenger-info tenureage="3" tenuremask="7048" tiltratio="71" />
  <memory-copied type="nursery" objects="5800" bytes="227168" bytesdiscarded="46992" />
  <memory-copied type="tenure" objects="1557" bytes="53736" bytesdiscarded="8" />
  <references type="weak" candidates="38" cleared="0" enqueued="0" />
</gc-op>
<gc-end id="587" type="scavenge" contextid="583" durationms="1.005" usertimems="4.000" systemtimems="0.000" timestamp="2019-06-16T00:11:17.557" activeThreads="4">
  <mem-info id="588" free="2478024" total="9043968" percent="27">
    <mem type="nursery" free="1822976" total="2752512" percent="66">
      <mem type="allocate" free="1822976" total="2097152" percent="86" />
      <mem type="survivor" free="0" total="655360" percent="0" />
    </mem>
    <mem type="tenure" free="655048" total="6291456" percent="10" macro-fragmented="533025">
      <mem type="soa" free="340680" total="5977088" percent="5" />
      <mem type="loa" free="314368" total="314368" percent="100" />
    </mem>
    <remembered-set count="643" />
  </mem-info>
</gc-end>
<cycle-end id="589" type="scavenge" contextid="583" timestamp="2019-06-16T00:11:17.557" />
  <attribute name="elasticGC enabled" value="1" />
  <attribute name= "numThreadsSpecified" value="4" />
  <attribute name="heapSize specified" value="0" />
  <attribute name="Current GC Util" value="7" />
  <attribute name= "Current Time Running" value="48090" />
  <attribute name ="GC Interval" value="200" />
  <attribute name="ProportionalT" value="-19.500000" />
  <attribute name="ProportionalI" value="-19.500000" />
  <attribute name="ProportionalH" value="-19.500000" />
  <attribute name="Current Error" value="-13.000000" />
  <attribute name="IntegralT" value="-182.000000" />
  <attribute name="IntegralI" value="-182.000000" />
  <attribute name="IntegralH" value="-182.000000" />
  <attribute name="DerivativeT" value="-0.928571" />
  <attribute name="DerivativeI" value="-0.928571" />
  <attribute name="DerivativeH" value="-0.928571" />
  <attribute name="Loop Time for DT" value="14.000000" />
  <attribute name="Output H" value="2092630016"/>
  <attribute name="Output I" value="200"/>
  <attribute name="Output T" value="4"/>
  <attribute name="Target GC Util Change" value ="20.000000" />
  <attribute name="Current GC Util Change" value="7.000000"/>
  <attribute name="GC Util currently" value="7" />
  <attribute name="CPU Util currently" value="336682575978" />
<allocation-satisfied id="590" threadId="000000000224B700" bytesRequested="24" />
<af-end id="591" timestamp="2019-06-16T00:11:17.558" threadId="000000000224C088" success="true" from="nursery"/>
<exclusive-end id="592" timestamp="2019-06-16T00:11:17.558" durationms="1.911" />

<exclusive-start id="593" timestamp="2019-06-16T00:11:17.572" intervalms="16.369">
  <response-info timems="0.023" idlems="0.023" threads="0" lastid="000000000224B700" lastname="main" />
</exclusive-start>
<af-start id="594" threadId="000000000224C088" totalBytesRequested="23280" timestamp="2019-06-16T00:11:17.572" intervalms="16.370" type="nursery" />
<cycle-start id="595" type="scavenge" contextid="0" timestamp="2019-06-16T00:11:17.572" intervalms="16.350" />
<gc-start id="596" type="scavenge" contextid="595" timestamp="2019-06-16T00:11:17.573">
  <mem-info id="597" free="653352" total="9043968" percent="7">
    <mem type="nursery" free="0" total="2752512" percent="0">
      <mem type="allocate" free="0" total="2097152" percent="0" />
      <mem type="survivor" free="0" total="655360" percent="0" />
    </mem>
    <mem type="tenure" free="653352" total="6291456" percent="10">
      <mem type="soa" free="338984" total="5977088" percent="5" />
      <mem type="loa" free="314368" total="314368" percent="100" />
    </mem>
    <remembered-set count="912" />
  </mem-info>
</gc-start>
<allocation-stats totalBytes="1797040" >
  <allocated-bytes non-tlh="1720" tlh="1795320" />
  <largest-consumer threadName="main" threadId="000000000224B700" bytes="1797040" />
</allocation-stats>
<gc-op id="598" type="scavenge" timems="0.837" contextid="595" timestamp="2019-06-16T00:11:17.574">
  <scavenger-info tenureage="3" tenuremask="7008" tiltratio="76" />
  <memory-copied type="nursery" objects="7248" bytes="325080" bytesdiscarded="112664" />
  <memory-copied type="tenure" objects="1071" bytes="43680" bytesdiscarded="40" />
  <references type="weak" candidates="51" cleared="0" enqueued="0" />
  <references type="phantom" candidates="1" cleared="0" enqueued="0" />
</gc-op>
<gc-end id="599" type="scavenge" contextid="595" durationms="1.320" usertimems="0.000" systemtimems="0.000" timestamp="2019-06-16T00:11:17.574" activeThreads="4">
  <mem-info id="600" free="2273568" total="9043968" percent="25">
    <mem type="nursery" free="1659384" total="2752512" percent="60">
      <mem type="allocate" free="1659384" total="2097152" percent="79" />
      <mem type="survivor" free="0" total="655360" percent="0" />
    </mem>
    <mem type="tenure" free="614184" total="6291456" percent="9" macro-fragmented="533025">
      <mem type="soa" free="299816" total="5977088" percent="5" />
      <mem type="loa" free="314368" total="314368" percent="100" />
    </mem>
    <remembered-set count="768" />
  </mem-info>
</gc-end>
<cycle-end id="601" type="scavenge" contextid="595" timestamp="2019-06-16T00:11:17.574" />
  <attribute name="elasticGC enabled" value="1" />
  <attribute name= "numThreadsSpecified" value="4" />
  <attribute name="heapSize specified" value="0" />
  <attribute name="Current GC Util" value="7" />
  <attribute name= "Current Time Running" value="48107" />
  <attribute name ="GC Interval" value="200" />
  <attribute name="ProportionalT" value="-19.500000" />
  <attribute name="ProportionalI" value="-19.500000" />
  <attribute name="ProportionalH" value="-19.500000" />
  <attribute name="Current Error" value="-13.000000" />
  <attribute name="IntegralT" value="-221.000000" />
  <attribute name="IntegralI" value="-221.000000" />
  <attribute name="IntegralH" value="-221.000000" />
  <attribute name="DerivativeT" value="-0.764706" />
  <attribute name="DerivativeI" value="-0.764706" />
  <attribute name="DerivativeH" value="-0.764706" />
  <attribute name="Loop Time for DT" value="17.000000" />
  <attribute name="Output H" value="2092630016"/>
  <attribute name="Output I" value="200"/>
  <attribute name="Output T" value="4"/>
  <attribute name="Target GC Util Change" value ="20.000000" />
  <attribute name="Current GC Util Change" value="7.000000"/>
  <attribute name="GC Util currently" value="7" />
  <attribute name="CPU Util currently" value="280873457566" />
<allocation-satisfied id="602" threadId="000000000224B700" bytesRequested="23280" />
<af-end id="603" timestamp="2019-06-16T00:11:17.574" threadId="000000000224C088" success="true" from="nursery"/>
<exclusive-end id="604" timestamp="2019-06-16T00:11:17.574" durationms="2.107" />

<exclusive-start id="605" timestamp="2019-06-16T00:11:17.587" intervalms="14.591">
  <response-info timems="0.035" idlems="0.035" threads="0" lastid="000000000224B700" lastname="main" />
</exclusive-start>
<af-start id="606" threadId="000000000224C088" totalBytesRequested="40" timestamp="2019-06-16T00:11:17.587" intervalms="14.627" type="nursery" />
<cycle-start id="607" type="scavenge" contextid="0" timestamp="2019-06-16T00:11:17.587" intervalms="14.643" />
<gc-start id="608" type="scavenge" contextid="607" timestamp="2019-06-16T00:11:17.587">
  <mem-info id="609" free="613968" total="9043968" percent="6">
    <mem type="nursery" free="0" total="2752512" percent="0">
      <mem type="allocate" free="0" total="2097152" percent="0" />
      <mem type="survivor" free="0" total="655360" percent="0" />
    </mem>
    <mem type="tenure" free="613968" total="6291456" percent="9">
      <mem type="soa" free="299600" total="5977088" percent="5" />
      <mem type="loa" free="314368" total="314368" percent="100" />
    </mem>
    <remembered-set count="1038" />
  </mem-info>
</gc-start>
<allocation-stats totalBytes="1659256" >
  <allocated-bytes non-tlh="23496" tlh="1635760" />
  <largest-consumer threadName="main" threadId="000000000224B700" bytes="1659256" />
</allocation-stats>
<gc-op id="610" type="scavenge" timems="0.861" contextid="607" timestamp="2019-06-16T00:11:17.588">
  <scavenger-info tenureage="3" tenuremask="7008" tiltratio="76" />
  <memory-copied type="nursery" objects="9511" bytes="365808" bytesdiscarded="57528" />
  <memory-copied type="tenure" objects="1735" bytes="76496" bytesdiscarded="0" />
  <references type="weak" candidates="16" cleared="0" enqueued="0" />
</gc-op>
<heap-resize id="611" type="expand" space="nursery" amount="131072" count="1" timems="0.013" reason="excessive time being spent scavenging" timestamp="2019-06-16T00:11:17.589" />
<gc-end id="612" type="scavenge" contextid="607" durationms="1.559" usertimems="0.000" systemtimems="0.000" timestamp="2019-06-16T00:11:17.589" activeThreads="4">
  <mem-info id="613" free="2418840" total="9175040" percent="26">
    <mem type="nursery" free="1804872" total="2883584" percent="62">
      <mem type="allocate" free="1804872" total="2228224" percent="81" />
      <mem type="survivor" free="0" total="655360" percent="0" />
    </mem>
    <mem type="tenure" free="613968" total="6291456" percent="9" macro-fragmented="581482">
      <mem type="soa" free="299600" total="5977088" percent="5" />
      <mem type="loa" free="314368" total="314368" percent="100" />
    </mem>
    <remembered-set count="875" />
  </mem-info>
</gc-end>
<cycle-end id="614" type="scavenge" contextid="607" timestamp="2019-06-16T00:11:17.589" />
  <attribute name="elasticGC enabled" value="1" />
  <attribute name= "numThreadsSpecified" value="4" />
  <attribute name="heapSize specified" value="0" />
  <attribute name="Current GC Util" value="8" />
  <attribute name= "Current Time Running" value="48121" />
  <attribute name ="GC Interval" value="200" />
  <attribute name="ProportionalT" value="-18.000000" />
  <attribute name="ProportionalI" value="-18.000000" />
  <attribute name="ProportionalH" value="-18.000000" />
  <attribute name="Current Error" value="-12.000000" />
  <attribute name="IntegralT" value="-168.000000" />
  <attribute name="IntegralI" value="-168.000000" />
  <attribute name="IntegralH" value="-168.000000" />
  <attribute name="DerivativeT" value="-0.857143" />
  <attribute name="DerivativeI" value="-0.857143" />
  <attribute name="DerivativeH" value="-0.857143" />
  <attribute name="Loop Time for DT" value="14.000000" />
  <attribute name="Output H" value="2092630016"/>
  <attribute name="Output I" value="200"/>
  <attribute name="Output T" value="4"/>
  <attribute name="Target GC Util Change" value ="20.000000" />
  <attribute name="Current GC Util Change" value="8.000000"/>
  <attribute name="GC Util currently" value="8" />
  <attribute name="CPU Util currently" value="313795170536" />
<allocation-satisfied id="615" threadId="000000000224B700" bytesRequested="40" />
<af-end id="616" timestamp="2019-06-16T00:11:17.589" threadId="000000000224C088" success="true" from="nursery"/>
<exclusive-end id="617" timestamp="2019-06-16T00:11:17.589" durationms="2.479" />

<exclusive-start id="618" timestamp="2019-06-16T00:11:17.613" intervalms="25.753">
  <response-info timems="0.032" idlems="0.032" threads="0" lastid="000000000224B700" lastname="main" />
</exclusive-start>
<af-start id="619" threadId="000000000224C088" totalBytesRequested="56" timestamp="2019-06-16T00:11:17.613" intervalms="25.718" type="nursery" />
<cycle-start id="620" type="scavenge" contextid="0" timestamp="2019-06-16T00:11:17.613" intervalms="25.720" />
<gc-start id="621" type="scavenge" contextid="620" timestamp="2019-06-16T00:11:17.613">
  <mem-info id="622" free="613712" total="9175040" percent="6">
    <mem type="nursery" free="0" total="2883584" percent="0">
      <mem type="allocate" free="0" total="2228224" percent="0" />
      <mem type="survivor" free="0" total="655360" percent="0" />
    </mem>
    <mem type="tenure" free="613712" total="6291456" percent="9">
      <mem type="soa" free="299344" total="5977088" percent="5" />
      <mem type="loa" free="314368" total="314368" percent="100" />
    </mem>
    <remembered-set count="920" />
  </mem-info>
</gc-start>
<allocation-stats totalBytes="1804424" >
  <allocated-bytes non-tlh="296" tlh="1804128" />
  <largest-consumer threadName="main" threadId="000000000224B700" bytes="1804424" />
</allocation-stats>
<gc-op id="623" type="scavenge" timems="0.771" contextid="620" timestamp="2019-06-16T00:11:17.614">
  <scavenger-info tenureage="12" tenuremask="7000" tiltratio="77" />
  <memory-copied type="nursery" objects="14292" bytes="619152" bytesdiscarded="36200" />
  <memory-copied type="tenure" objects="268" bytes="11808" bytesdiscarded="0" />
  <copy-failed type="nursery" objects="268" bytes="11808" />
  <references type="weak" candidates="16" cleared="0" enqueued="0" />
</gc-op>
<gc-end id="624" type="scavenge" contextid="620" durationms="1.375" usertimems="4.000" systemtimems="0.000" timestamp="2019-06-16T00:11:17.614" activeThreads="4">
  <mem-info id="625" free="1858896" total="9175040" percent="20">
    <mem type="nursery" free="1245184" total="2883584" percent="43">
      <mem type="allocate" free="1245184" total="1900544" percent="65" />
      <mem type="survivor" free="0" total="983040" percent="0" />
    </mem>
    <mem type="tenure" free="613712" total="6291456" percent="9" macro-fragmented="0">
      <mem type="soa" free="299344" total="5977088" percent="5" />
      <mem type="loa" free="314368" total="314368" percent="100" />
    </mem>
    <remembered-set count="1098" />
  </mem-info>
</gc-end>
<cycle-end id="626" type="scavenge" contextid="620" timestamp="2019-06-16T00:11:17.614" />
  <attribute name="elasticGC enabled" value="1" />
  <attribute name= "numThreadsSpecified" value="4" />
  <attribute name="heapSize specified" value="0" />
  <attribute name="Current GC Util" value="5" />
  <attribute name= "Current Time Running" value="48147" />
  <attribute name ="GC Interval" value="200" />
  <attribute name="ProportionalT" value="-22.500000" />
  <attribute name="ProportionalI" value="-22.500000" />
  <attribute name="ProportionalH" value="-22.500000" />
  <attribute name="Current Error" value="-15.000000" />
  <attribute name="IntegralT" value="-390.000000" />
  <attribute name="IntegralI" value="-390.000000" />
  <attribute name="IntegralH" value="-390.000000" />
  <attribute name="DerivativeT" value="-0.576923" />
  <attribute name="DerivativeI" value="-0.576923" />
  <attribute name="DerivativeH" value="-0.576923" />
  <attribute name="Loop Time for DT" value="26.000000" />
  <attribute name="Output H" value="2092630016"/>
  <attribute name="Output I" value="200"/>
  <attribute name="Output T" value="4"/>
  <attribute name="Target GC Util Change" value ="20.000000" />
  <attribute name="Current GC Util Change" value="5.000000"/>
  <attribute name="GC Util currently" value="5" />
  <attribute name="CPU Util currently" value="179831520769" />
<allocation-satisfied id="627" threadId="000000000224B700" bytesRequested="56" />
<af-end id="628" timestamp="2019-06-16T00:11:17.615" threadId="000000000224C088" success="true" from="nursery"/>
<exclusive-end id="629" timestamp="2019-06-16T00:11:17.615" durationms="2.198" />

<exclusive-start id="630" timestamp="2019-06-16T00:11:17.674" intervalms="61.643">
  <response-info timems="0.138" idlems="0.138" threads="0" lastid="000000000224B700" lastname="main" />
</exclusive-start>
<af-start id="631" threadId="000000000224C088" totalBytesRequested="112" timestamp="2019-06-16T00:11:17.674" intervalms="61.712" type="nursery" />
<cycle-start id="632" type="scavenge" contextid="0" timestamp="2019-06-16T00:11:17.675" intervalms="61.769" />
<gc-start id="633" type="scavenge" contextid="632" timestamp="2019-06-16T00:11:17.675">
  <mem-info id="634" free="583304" total="9175040" percent="6">
    <mem type="nursery" free="0" total="2883584" percent="0">
      <mem type="allocate" free="0" total="1900544" percent="0" />
      <mem type="survivor" free="0" total="983040" percent="0" />
    </mem>
    <mem type="tenure" free="583304" total="6291456" percent="9">
      <mem type="soa" free="268936" total="5977088" percent="4" />
      <mem type="loa" free="314368" total="314368" percent="100" />
    </mem>
    <remembered-set count="1281" />
  </mem-info>
</gc-start>
<allocation-stats totalBytes="1274616" >
  <allocated-bytes non-tlh="30464" tlh="1244152" />
  <largest-consumer threadName="main" threadId="000000000224B700" bytes="1274616" />
</allocation-stats>
<gc-op id="635" type="scavenge" timems="0.955" contextid="632" timestamp="2019-06-16T00:11:17.676">
  <scavenger-info tenureage="3" tenuremask="7808" tiltratio="65" />
  <memory-copied type="nursery" objects="6597" bytes="291544" bytesdiscarded="100040" />
  <memory-copied type="tenure" objects="2403" bytes="99904" bytesdiscarded="72" />
  <references type="soft" candidates="11" cleared="0" enqueued="0" dynamicThreshold="32" maxThreshold="32" />
  <references type="weak" candidates="26" cleared="0" enqueued="0" />
</gc-op>
<gc-end id="636" type="scavenge" contextid="632" durationms="1.781" usertimems="0.000" systemtimems="0.000" timestamp="2019-06-16T00:11:17.677" activeThreads="4">
  <mem-info id="637" free="1978800" total="9175040" percent="21">
    <mem type="nursery" free="1574440" total="2883584" percent="54">
      <mem type="allocate" free="1574440" total="1966080" percent="80" />
      <mem type="survivor" free="0" total="917504" percent="0" />
    </mem>
    <mem type="tenure" free="404360" total="6291456" percent="6" macro-fragmented="242284">
      <mem type="soa" free="89992" total="5977088" percent="1" />
      <mem type="loa" free="314368" total="314368" percent="100" />
    </mem>
    <remembered-set count="1082" />
  </mem-info>
</gc-end>
<cycle-end id="638" type="scavenge" contextid="632" timestamp="2019-06-16T00:11:17.677" />
  <attribute name="elasticGC enabled" value="1" />
  <attribute name= "numThreadsSpecified" value="4" />
  <attribute name="heapSize specified" value="0" />
  <attribute name="Current GC Util" value="2" />
  <attribute name= "Current Time Running" value="48209" />
  <attribute name ="GC Interval" value="200" />
  <attribute name="ProportionalT" value="-27.000000" />
  <attribute name="ProportionalI" value="-27.000000" />
  <attribute name="ProportionalH" value="-27.000000" />
  <attribute name="Current Error" value="-18.000000" />
  <attribute name="IntegralT" value="-1116.000000" />
  <attribute name="IntegralI" value="-1116.000000" />
  <attribute name="IntegralH" value="-1116.000000" />
  <attribute name="DerivativeT" value="-0.290323" />
  <attribute name="DerivativeI" value="-0.290323" />
  <attribute name="DerivativeH" value="-0.290323" />
  <attribute name="Loop Time for DT" value="62.000000" />
  <attribute name="Output H" value="2092630016"/>
  <attribute name="Output I" value="200"/>
  <attribute name="Output T" value="4"/>
  <attribute name="Target GC Util Change" value ="20.000000" />
  <attribute name="Current GC Util Change" value="2.000000"/>
  <attribute name="GC Util currently" value="2" />
  <attribute name="CPU Util currently" value="74416674699" />
<allocation-satisfied id="639" threadId="000000000224B700" bytesRequested="112" />
<af-end id="640" timestamp="2019-06-16T00:11:17.677" threadId="000000000224C088" success="true" from="nursery"/>
<exclusive-end id="641" timestamp="2019-06-16T00:11:17.677" durationms="2.960" />

<concurrent-kickoff id="642" timestamp="2019-06-16T00:11:17.723">
  <kickoff reason="threshold reached" targetBytes="1867303" thresholdFreeBytes="258217"  remainingFree="202856" tenureFreeBytes="377264" nurseryFreeBytes="202856" />
</concurrent-kickoff>
<exclusive-start id="643" timestamp="2019-06-16T00:11:17.724" intervalms="49.424">
  <response-info timems="0.055" idlems="0.055" threads="0" lastid="000000000224B700" lastname="main" />
</exclusive-start>
<cycle-start id="644" type="global" contextid="0" timestamp="2019-06-16T00:11:17.724" intervalms="48374.204" />
<exclusive-end id="645" timestamp="2019-06-16T00:11:17.724" durationms="0.392" />

<exclusive-start id="646" timestamp="2019-06-16T00:11:17.732" intervalms="8.472">
  <response-info timems="0.023" idlems="0.023" threads="0" lastid="000000000224B700" lastname="main" />
</exclusive-start>
<af-start id="647" threadId="000000000224C088" totalBytesRequested="32" timestamp="2019-06-16T00:11:17.732" intervalms="57.814" type="nursery" />
<cycle-start id="648" type="scavenge" contextid="0" timestamp="2019-06-16T00:11:17.732" intervalms="57.757" />
<gc-start id="649" type="scavenge" contextid="648" timestamp="2019-06-16T00:11:17.732">
  <mem-info id="650" free="377232" total="9175040" percent="4">
    <mem type="nursery" free="0" total="2883584" percent="0">
      <mem type="allocate" free="0" total="1966080" percent="0" />
      <mem type="survivor" free="0" total="917504" percent="0" />
    </mem>
    <mem type="tenure" free="377232" total="6291456" percent="5">
      <mem type="soa" free="62864" total="5977088" percent="1" />
      <mem type="loa" free="314368" total="314368" percent="100" />
    </mem>
    <remembered-set count="1518" />
  </mem-info>
</gc-start>
<allocation-stats totalBytes="1601104" >
  <allocated-bytes non-tlh="292792" tlh="1308312" />
  <largest-consumer threadName="main" threadId="000000000224B700" bytes="1601104" />
</allocation-stats>
<gc-op id="651" type="scavenge" timems="0.991" contextid="648" timestamp="2019-06-16T00:11:17.734">
  <scavenger-info tenureage="5" tenuremask="7820" tiltratio="68" />
  <memory-copied type="nursery" objects="11425" bytes="819512" bytesdiscarded="31504" />
  <memory-copied type="tenure" objects="2596" bytes="96528" bytesdiscarded="0" />
  <references type="soft" candidates="224" cleared="0" enqueued="0" dynamicThreshold="32" maxThreshold="32" />
  <references type="weak" candidates="392" cleared="18" enqueued="12" />
  <references type="phantom" candidates="1" cleared="0" enqueued="0" />
</gc-op>
<gc-end id="652" type="scavenge" contextid="648" durationms="1.578" usertimems="4.000" systemtimems="0.000" timestamp="2019-06-16T00:11:17.734" activeThreads="4">
  <mem-info id="653" free="970464" total="9175040" percent="10">
    <mem type="nursery" free="656096" total="2883584" percent="22">
      <mem type="allocate" free="656096" total="1507328" percent="43" />
      <mem type="survivor" free="0" total="1376256" percent="0" />
    </mem>
    <mem type="tenure" free="314368" total="6291456" percent="4" macro-fragmented="290741">
      <mem type="soa" free="0" total="5977088" percent="0" />
      <mem type="loa" free="314368" total="314368" percent="100" />
    </mem>
    <pending-finalizers system="0" default="0" reference="12" classloader="0" />
    <remembered-set count="1262" />
  </mem-info>
</gc-end>
<cycle-end id="654" type="scavenge" contextid="648" timestamp="2019-06-16T00:11:17.734" />
  <attribute name="elasticGC enabled" value="1" />
  <attribute name= "numThreadsSpecified" value="4" />
  <attribute name="heapSize specified" value="0" />
  <attribute name="Current GC Util" value="3" />
  <attribute name= "Current Time Running" value="48267" />
  <attribute name ="GC Interval" value="200" />
  <attribute name="ProportionalT" value="-25.500000" />
  <attribute name="ProportionalI" value="-25.500000" />
  <attribute name="ProportionalH" value="-25.500000" />
  <attribute name="Current Error" value="-17.000000" />
  <attribute name="IntegralT" value="-986.000000" />
  <attribute name="IntegralI" value="-986.000000" />
  <attribute name="IntegralH" value="-986.000000" />
  <attribute name="DerivativeT" value="-0.293103" />
  <attribute name="DerivativeI" value="-0.293103" />
  <attribute name="DerivativeH" value="-0.293103" />
  <attribute name="Loop Time for DT" value="58.000000" />
  <attribute name="Output H" value="2092630016"/>
  <attribute name="Output I" value="200"/>
  <attribute name="Output T" value="4"/>
  <attribute name="Target GC Util Change" value ="20.000000" />
  <attribute name="Current GC Util Change" value="3.000000"/>
  <attribute name="GC Util currently" value="3" />
  <attribute name="CPU Util currently" value="79978516315" />
<allocation-satisfied id="655" threadId="000000000224B700" bytesRequested="32" />
<af-end id="656" timestamp="2019-06-16T00:11:17.734" threadId="000000000224C088" success="true" from="nursery"/>
<exclusive-end id="657" timestamp="2019-06-16T00:11:17.735" durationms="2.539" />

<exclusive-start id="658" timestamp="2019-06-16T00:11:17.736" intervalms="4.144">
  <response-info timems="0.022" idlems="0.022" threads="0" lastid="000000000224B700" lastname="main" />
</exclusive-start>
<concurrent-collection-start id="659" timestamp="2019-06-16T00:11:17.736" intervalms="48386.619" >
  <concurrent-trace-info reason="card cleaning threshold reached" tracedByMutators="433404" tracedByHelpers="1336620" cardsCleaned="9" workStackOverflowCount="0" />
</concurrent-collection-start>
<gc-start id="660" type="global" contextid="644" timestamp="2019-06-16T00:11:17.736">
  <mem-info id="661" free="757440" total="9175040" percent="8">
    <mem type="nursery" free="443072" total="2883584" percent="15">
      <mem type="allocate" free="443072" total="1507328" percent="29" />
      <mem type="survivor" free="0" total="1376256" percent="0" />
    </mem>
    <mem type="tenure" free="314368" total="6291456" percent="4">
      <mem type="soa" free="0" total="5977088" percent="0" />
      <mem type="loa" free="314368" total="314368" percent="100" />
    </mem>
    <remembered-set count="1264" />
  </mem-info>
</gc-start>
<allocation-stats totalBytes="213000" >
  <allocated-bytes non-tlh="32" tlh="212968" />
  <largest-consumer threadName="main" threadId="000000000224B700" bytes="208904" />
</allocation-stats>
<gc-op id="662" type="rs-scan" timems="0.294" contextid="644" timestamp="2019-06-16T00:11:17.737">
  <scan objectsFound="544" bytesTraced="38828" workStackOverflowCount="0" />
</gc-op>
<gc-op id="663" type="card-cleaning" timems="0.335" contextid="644" timestamp="2019-06-16T00:11:17.737">
  <card-cleaning cardsCleaned="0" bytesTraced="146092" workStackOverflowCount="0" />
</gc-op>
<gc-op id="664" type="mark" timems="2.152" contextid="644" timestamp="2019-06-16T00:11:17.740">
  <trace-info objectcount="5108" scancount="4758" scanbytes="227164" />
  <finalization candidates="80" enqueued="0" />
  <ownableSynchronizers candidates="21" cleared="0" />
  <references type="soft" candidates="1318" cleared="0" enqueued="0" dynamicThreshold="32" maxThreshold="32" />
  <references type="weak" candidates="4203" cleared="78" enqueued="39" />
  <references type="phantom" candidates="73" cleared="0" enqueued="0" />
  <stringconstants candidates="8285" cleared="0"  />
</gc-op>
<gc-op id="665" type="classunload" timems="0.124" contextid="644" timestamp="2019-06-16T00:11:17.740">
  <classunload-info classloadercandidates="14" classloadersunloaded="0" classesunloaded="0" anonymousclassesunloaded="0" quiescems="0.000" setupms="0.123" scanms="0.000" postms="0.001" />
</gc-op>
<gc-op id="666" type="sweep" timems="0.624" contextid="644" timestamp="2019-06-16T00:11:17.741" />
<mem-info id="667" free="3151736" total="9175040" percent="34">
  <mem type="nursery" free="835200" total="2883584" percent="28">
    <mem type="allocate" free="835200" total="1507328" percent="55" />
    <mem type="survivor" free="0" total="1376256" percent="0" />
  </mem>
  <mem type="tenure" free="2316536" total="6291456" percent="36" micro-fragmented="71182" macro-fragmented="0">
    <mem type="soa" free="2002168" total="5977088" percent="33" />
    <mem type="loa" free="314368" total="314368" percent="100" />
  </mem>
  <pending-finalizers system="0" default="0" reference="39" classloader="0" />
  <remembered-set count="698" />
</mem-info>
<gc-op id="668" type="compact" timems="14.717" contextid="644" timestamp="2019-06-16T00:11:17.756">
  <compact-info movecount="69050" movebytes="4394616" reason="compact to aid heap contraction" />
</gc-op>
<heap-resize id="669" type="contract" space="tenure" amount="262144" count="1" timems="0.299" reason="heap reconfiguration" timestamp="2019-06-16T00:11:17.756" />
<gc-end id="670" type="global" contextid="644" durationms="20.164" usertimems="24.000" systemtimems="0.000" timestamp="2019-06-16T00:11:17.757" activeThreads="4">
  <mem-info id="671" free="2918224" total="8912896" percent="32">
    <mem type="nursery" free="842136" total="2883584" percent="29">
      <mem type="allocate" free="842136" total="1507328" percent="55" />
      <mem type="survivor" free="0" total="1376256" percent="0" />
    </mem>
    <mem type="tenure" free="2076088" total="6029312" percent="34">
      <mem type="soa" free="1827256" total="5728256" percent="31" />
      <mem type="loa" free="248832" total="301056" percent="82" />
    </mem>
    <pending-finalizers system="0" default="0" reference="39" classloader="0" />
    <remembered-set count="698" />
  </mem-info>
</gc-end>
<cycle-end id="672" type="global" contextid="644" timestamp="2019-06-16T00:11:17.757" />
  <attribute name="elasticGC enabled" value="1" />
  <attribute name= "numThreadsSpecified" value="4" />
  <attribute name="heapSize specified" value="9175040" />
  <attribute name="Current GC Util" value="39" />
  <attribute name= "Current Time Running" value="48290" />
  <attribute name ="GC Interval" value="200" />
  <attribute name="ProportionalT" value="28.500000" />
  <attribute name="ProportionalI" value="28.500000" />
  <attribute name="ProportionalH" value="28.500000" />
  <attribute name="Current Error" value="19.000000" />
  <attribute name="IntegralT" value="285.000000" />
  <attribute name="IntegralI" value="285.000000" />
  <attribute name="IntegralH" value="285.000000" />
  <attribute name="DerivativeT" value="1.266667" />
  <attribute name="DerivativeI" value="1.266667" />
  <attribute name="DerivativeH" value="1.266667" />
  <attribute name="Loop Time for DT" value="15.000000" />
  <attribute name="Output H" value="8388608"/>
  <attribute name="Output I" value="320"/>
  <attribute name="Output T" value="4"/>
  <attribute name="Target GC Util Change" value ="20.000000" />
  <attribute name="Current GC Util Change" value="39.000000"/>
  <attribute name="GC Util currently" value="39" />
  <attribute name="CPU Util currently" value="311152263133" />
<concurrent-collection-end id="673" timestamp="2019-06-16T00:11:17.757" />
<exclusive-end id="674" timestamp="2019-06-16T00:11:17.757" durationms="20.781" />

<exclusive-start id="675" timestamp="2019-06-16T00:11:17.760" intervalms="23.793">
  <response-info timems="0.019" idlems="0.019" threads="0" lastid="000000000224B700" lastname="main" />
</exclusive-start>
<af-start id="676" threadId="000000000224C088" totalBytesRequested="48" timestamp="2019-06-16T00:11:17.760" intervalms="27.891" type="nursery" />
<cycle-start id="677" type="scavenge" contextid="0" timestamp="2019-06-16T00:11:17.760" intervalms="27.851" />
<gc-start id="678" type="scavenge" contextid="677" timestamp="2019-06-16T00:11:17.760">
  <mem-info id="679" free="2076088" total="8912896" percent="23">
    <mem type="nursery" free="0" total="2883584" percent="0">
      <mem type="allocate" free="0" total="1507328" percent="0" />
      <mem type="survivor" free="0" total="1376256" percent="0" />
    </mem>
    <mem type="tenure" free="2076088" total="6029312" percent="34">
      <mem type="soa" free="1827256" total="5728256" percent="31" />
      <mem type="loa" free="248832" total="301056" percent="82" />
    </mem>
    <remembered-set count="737" />
  </mem-info>
</gc-start>
<allocation-stats totalBytes="841848" >
  <allocated-bytes non-tlh="0" tlh="841848" />
  <largest-consumer threadName="main" threadId="000000000224B700" bytes="837752" />
</allocation-stats>
<gc-op id="680" type="scavenge" timems="0.608" contextid="677" timestamp="2019-06-16T00:11:17.761">
  <scavenger-info tenureage="4" tenuremask="7c10" tiltratio="52" />
  <memory-copied type="nursery" objects="9835" bytes="710080" bytesdiscarded="177952" />
  <memory-copied type="tenure" objects="35" bytes="1040" bytesdiscarded="0" />
  <ownableSynchronizers candidates="42" cleared="42" />
  <references type="soft" candidates="224" cleared="0" enqueued="0" dynamicThreshold="11" maxThreshold="32" />
  <references type="weak" candidates="368" cleared="0" enqueued="0" />
  <references type="phantom" candidates="1" cleared="0" enqueued="0" />
</gc-op>
<gc-end id="681" type="scavenge" contextid="677" durationms="1.060" usertimems="0.000" systemtimems="0.000" timestamp="2019-06-16T00:11:17.761" activeThreads="4">
  <mem-info id="682" free="2721616" total="8912896" percent="30">
    <mem type="nursery" free="684696" total="2883584" percent="23">
      <mem type="allocate" free="684696" total="1572864" percent="43" />
      <mem type="survivor" free="0" total="1310720" percent="0" />
    </mem>
    <mem type="tenure" free="2036920" total="6029312" percent="33" macro-fragmented="0">
      <mem type="soa" free="1788088" total="5728256" percent="31" />
      <mem type="loa" free="248832" total="301056" percent="82" />
    </mem>
    <remembered-set count="570" />
  </mem-info>
</gc-end>
<cycle-end id="683" type="scavenge" contextid="677" timestamp="2019-06-16T00:11:17.761" />
  <attribute name="elasticGC enabled" value="1" />
  <attribute name= "numThreadsSpecified" value="4" />
  <attribute name="heapSize specified" value="9175040" />
  <attribute name="Current GC Util" value="389" />
  <attribute name= "Current Time Running" value="48294" />
  <attribute name ="GC Interval" value="2120" />
  <attribute name="ProportionalT" value="553.500000" />
  <attribute name="ProportionalI" value="553.500000" />
  <attribute name="ProportionalH" value="553.500000" />
  <attribute name="Current Error" value="369.000000" />
  <attribute name="IntegralT" value="1476.000000" />
  <attribute name="IntegralI" value="1476.000000" />
  <attribute name="IntegralH" value="1476.000000" />
  <attribute name="DerivativeT" value="87.500000" />
  <attribute name="DerivativeI" value="87.500000" />
  <attribute name="DerivativeH" value="87.500000" />
  <attribute name="Loop Time for DT" value="4.000000" />
  <attribute name="Output H" value="8388608"/>
  <attribute name="Output I" value="2120"/>
  <attribute name="Output T" value="4"/>
  <attribute name="Target GC Util Change" value ="20.000000" />
  <attribute name="Current GC Util Change" value="389.000000"/>
  <attribute name="GC Util currently" value="389" />
  <attribute name="CPU Util currently" value="1044781878003" />
<allocation-satisfied id="684" threadId="000000000224B700" bytesRequested="48" />
<af-end id="685" timestamp="2019-06-16T00:11:17.762" threadId="000000000224C088" success="true" from="nursery"/>
<exclusive-end id="686" timestamp="2019-06-16T00:11:17.762" durationms="1.769" />

<exclusive-start id="687" timestamp="2019-06-16T00:11:17.764" intervalms="4.480">
  <response-info timems="0.022" idlems="0.022" threads="0" lastid="000000000224B700" lastname="main" />
</exclusive-start>
<af-start id="688" threadId="000000000224C088" totalBytesRequested="48" timestamp="2019-06-16T00:11:17.765" intervalms="4.511" type="nursery" />
<cycle-start id="689" type="scavenge" contextid="0" timestamp="2019-06-16T00:11:17.765" intervalms="4.545" />
<gc-start id="690" type="scavenge" contextid="689" timestamp="2019-06-16T00:11:17.765">
  <mem-info id="691" free="2036920" total="8912896" percent="22">
    <mem type="nursery" free="0" total="2883584" percent="0">
      <mem type="allocate" free="0" total="1572864" percent="0" />
      <mem type="survivor" free="0" total="1310720" percent="0" />
    </mem>
    <mem type="tenure" free="2036920" total="6029312" percent="33">
      <mem type="soa" free="1788088" total="5728256" percent="31" />
      <mem type="loa" free="248832" total="301056" percent="82" />
    </mem>
    <remembered-set count="570" />
  </mem-info>
</gc-start>
<allocation-stats totalBytes="684520" >
  <allocated-bytes non-tlh="48" tlh="684472" />
  <largest-consumer threadName="main" threadId="000000000224B700" bytes="684520" />
</allocation-stats>
<gc-op id="692" type="scavenge" timems="0.706" contextid="689" timestamp="2019-06-16T00:11:17.766">
  <scavenger-info tenureage="2" tenuremask="7e04" tiltratio="54" />
  <memory-copied type="nursery" objects="3905" bytes="140840" bytesdiscarded="138672" />
  <memory-copied type="tenure" objects="7259" bytes="619608" bytesdiscarded="80" />
  <references type="soft" candidates="11" cleared="0" enqueued="0" dynamicThreshold="11" maxThreshold="32" />
  <references type="weak" candidates="22" cleared="0" enqueued="0" />
</gc-op>
<heap-resize id="693" type="expand" space="nursery" amount="393216" count="1" timems="0.014" reason="excessive time being spent scavenging" timestamp="2019-06-16T00:11:17.766" />
<gc-end id="694" type="scavenge" contextid="689" durationms="1.208" usertimems="4.000" systemtimems="0.000" timestamp="2019-06-16T00:11:17.766" activeThreads="4">
  <mem-info id="695" free="2810120" total="9306112" percent="30">
    <mem type="nursery" free="1620992" total="3276800" percent="49">
      <mem type="allocate" free="1620992" total="1900544" percent="85" />
      <mem type="survivor" free="0" total="1376256" percent="0" />
    </mem>
    <mem type="tenure" free="1189128" total="6029312" percent="19" macro-fragmented="418667">
      <mem type="soa" free="940296" total="5728256" percent="16" />
      <mem type="loa" free="248832" total="301056" percent="82" />
    </mem>
    <remembered-set count="414" />
  </mem-info>
</gc-end>
<cycle-end id="696" type="scavenge" contextid="689" timestamp="2019-06-16T00:11:17.766" />
  <attribute name="elasticGC enabled" value="1" />
  <attribute name= "numThreadsSpecified" value="4" />
  <attribute name="heapSize specified" value="9175040" />
  <attribute name="Current GC Util" value="34" />
  <attribute name= "Current Time Running" value="48299" />
  <attribute name ="GC Interval" value="200" />
  <attribute name="ProportionalT" value="21.000000" />
  <attribute name="ProportionalI" value="21.000000" />
  <attribute name="ProportionalH" value="21.000000" />
  <attribute name="Current Error" value="14.000000" />
  <attribute name="IntegralT" value="70.000000" />
  <attribute name="IntegralI" value="70.000000" />
  <attribute name="IntegralH" value="70.000000" />
  <attribute name="DerivativeT" value="-71.000000" />
  <attribute name="DerivativeI" value="-71.000000" />
  <attribute name="DerivativeH" value="-71.000000" />
  <attribute name="Loop Time for DT" value="5.000000" />
  <attribute name="Output H" value="8388608"/>
  <attribute name="Output I" value="200"/>
  <attribute name="Output T" value="4"/>
  <attribute name="Target GC Util Change" value ="20.000000" />
  <attribute name="Current GC Util Change" value="34.000000"/>
  <attribute name="GC Util currently" value="34" />
  <attribute name="CPU Util currently" value="1004914439239" />
<allocation-satisfied id="697" threadId="000000000224B700" bytesRequested="48" />
<af-end id="698" timestamp="2019-06-16T00:11:17.766" threadId="000000000224C088" success="true" from="nursery"/>
<exclusive-end id="699" timestamp="2019-06-16T00:11:17.767" durationms="2.089" />

<exclusive-start id="700" timestamp="2019-06-16T00:11:17.772" intervalms="8.003">
  <response-info timems="0.027" idlems="0.027" threads="0" lastid="000000000224B700" lastname="main" />
</exclusive-start>
<af-start id="701" threadId="000000000224C088" totalBytesRequested="32" timestamp="2019-06-16T00:11:17.773" intervalms="8.053" type="nursery" />
<cycle-start id="702" type="scavenge" contextid="0" timestamp="2019-06-16T00:11:17.773" intervalms="8.056" />
<gc-start id="703" type="scavenge" contextid="702" timestamp="2019-06-16T00:11:17.773">
  <mem-info id="704" free="1189128" total="9306112" percent="12">
    <mem type="nursery" free="0" total="3276800" percent="0">
      <mem type="allocate" free="0" total="1900544" percent="0" />
      <mem type="survivor" free="0" total="1376256" percent="0" />
    </mem>
    <mem type="tenure" free="1189128" total="6029312" percent="19">
      <mem type="soa" free="940296" total="5728256" percent="16" />
      <mem type="loa" free="248832" total="301056" percent="82" />
    </mem>
    <remembered-set count="671" />
  </mem-info>
</gc-start>
<allocation-stats totalBytes="1620752" >
  <allocated-bytes non-tlh="48" tlh="1620704" />
  <largest-consumer threadName="main" threadId="000000000224B700" bytes="1620752" />
</allocation-stats>
<gc-op id="705" type="scavenge" timems="0.831" contextid="702" timestamp="2019-06-16T00:11:17.774">
  <scavenger-info tenureage="4" tenuremask="7c10" tiltratio="58" />
  <memory-copied type="nursery" objects="5811" bytes="217360" bytesdiscarded="87536" />
  <memory-copied type="tenure" objects="953" bytes="30432" bytesdiscarded="0" />
</gc-op>
<heap-resize id="706" type="expand" space="nursery" amount="262144" count="1" timems="0.011" reason="excessive time being spent scavenging" timestamp="2019-06-16T00:11:17.774" />
<gc-end id="707" type="scavenge" contextid="702" durationms="1.449" usertimems="4.000" systemtimems="0.000" timestamp="2019-06-16T00:11:17.774" activeThreads="4">
  <mem-info id="708" free="3243528" total="9568256" percent="33">
    <mem type="nursery" free="2054400" total="3538944" percent="58">
      <mem type="allocate" free="2054400" total="2359296" percent="87" />
      <mem type="survivor" free="0" total="1179648" percent="0" />
    </mem>
    <mem type="tenure" free="1189128" total="6029312" percent="19" macro-fragmented="116842">
      <mem type="soa" free="940296" total="5728256" percent="16" />
      <mem type="loa" free="248832" total="301056" percent="82" />
    </mem>
    <remembered-set count="598" />
  </mem-info>
</gc-end>
<cycle-end id="709" type="scavenge" contextid="702" timestamp="2019-06-16T00:11:17.774" />
  <attribute name="elasticGC enabled" value="1" />
  <attribute name= "numThreadsSpecified" value="4" />
  <attribute name="heapSize specified" value="9175040" />
  <attribute name="Current GC Util" value="21" />
  <attribute name= "Current Time Running" value="48307" />
  <attribute name ="GC Interval" value="200" />
  <attribute name="ProportionalT" value="1.500000" />
  <attribute name="ProportionalI" value="1.500000" />
  <attribute name="ProportionalH" value="1.500000" />
  <attribute name="Current Error" value="1.000000" />
  <attribute name="IntegralT" value="8.000000" />
  <attribute name="IntegralI" value="8.000000" />
  <attribute name="IntegralH" value="8.000000" />
  <attribute name="DerivativeT" value="-1.625000" />
  <attribute name="DerivativeI" value="-1.625000" />
  <attribute name="DerivativeH" value="-1.625000" />
  <attribute name="Loop Time for DT" value="8.000000" />
  <attribute name="Output H" value="8388608"/>
  <attribute name="Output I" value="200"/>
  <attribute name="Output T" value="4"/>
  <attribute name="Target GC Util Change" value ="20.000000" />
  <attribute name="Current GC Util Change" value="21.000000"/>
  <attribute name="GC Util currently" value="21" />
  <attribute name="CPU Util currently" value="572117379818" />
<allocation-satisfied id="710" threadId="000000000224B700" bytesRequested="32" />
<af-end id="711" timestamp="2019-06-16T00:11:17.775" threadId="000000000224C088" success="true" from="nursery"/>
<exclusive-end id="712" timestamp="2019-06-16T00:11:17.775" durationms="2.301" />

<exclusive-start id="713" timestamp="2019-06-16T00:11:17.786" intervalms="13.499">
  <response-info timems="0.024" idlems="0.024" threads="0" lastid="000000000224B700" lastname="main" />
</exclusive-start>
<af-start id="714" threadId="000000000224C088" totalBytesRequested="32" timestamp="2019-06-16T00:11:17.786" intervalms="13.499" type="nursery" />
<cycle-start id="715" type="scavenge" contextid="0" timestamp="2019-06-16T00:11:17.786" intervalms="13.500" />
<gc-start id="716" type="scavenge" contextid="715" timestamp="2019-06-16T00:11:17.786">
  <mem-info id="717" free="1186784" total="9568256" percent="12">
    <mem type="nursery" free="0" total="3538944" percent="0">
      <mem type="allocate" free="0" total="2359296" percent="0" />
      <mem type="survivor" free="0" total="1179648" percent="0" />
    </mem>
    <mem type="tenure" free="1186784" total="6029312" percent="19">
      <mem type="soa" free="937952" total="5728256" percent="16" />
      <mem type="loa" free="248832" total="301056" percent="82" />
    </mem>
    <remembered-set count="912" />
  </mem-info>
</gc-start>
<allocation-stats totalBytes="2056232" >
  <allocated-bytes non-tlh="2376" tlh="2053856" />
  <largest-consumer threadName="main" threadId="000000000224B700" bytes="2056232" />
</allocation-stats>
<gc-op id="718" type="scavenge" timems="0.798" contextid="715" timestamp="2019-06-16T00:11:17.787">
  <scavenger-info tenureage="3" tenuremask="7808" tiltratio="66" />
  <memory-copied type="nursery" objects="7432" bytes="275904" bytesdiscarded="37424" />
  <memory-copied type="tenure" objects="1520" bytes="56528" bytesdiscarded="8" />
  <references type="weak" candidates="18" cleared="0" enqueued="0" />
</gc-op>
<gc-end id="719" type="scavenge" contextid="715" durationms="1.480" usertimems="4.000" systemtimems="0.000" timestamp="2019-06-16T00:11:17.788" activeThreads="4">
  <mem-info id="720" free="3416544" total="9568256" percent="35">
    <mem type="nursery" free="2308096" total="3538944" percent="65">
      <mem type="allocate" free="2308096" total="2621440" percent="88" />
      <mem type="survivor" free="0" total="917504" percent="0" />
    </mem>
    <mem type="tenure" free="1108448" total="6029312" percent="18" macro-fragmented="18870">
      <mem type="soa" free="859616" total="5728256" percent="15" />
      <mem type="loa" free="248832" total="301056" percent="82" />
    </mem>
    <remembered-set count="774" />
  </mem-info>
</gc-end>
<cycle-end id="721" type="scavenge" contextid="715" timestamp="2019-06-16T00:11:17.788" />
  <attribute name="elasticGC enabled" value="1" />
  <attribute name= "numThreadsSpecified" value="4" />
  <attribute name="heapSize specified" value="9175040" />
  <attribute name="Current GC Util" value="9" />
  <attribute name= "Current Time Running" value="48321" />
  <attribute name ="GC Interval" value="200" />
  <attribute name="ProportionalT" value="-16.500000" />
  <attribute name="ProportionalI" value="-16.500000" />
  <attribute name="ProportionalH" value="-16.500000" />
  <attribute name="Current Error" value="-11.000000" />
  <attribute name="IntegralT" value="-154.000000" />
  <attribute name="IntegralI" value="-154.000000" />
  <attribute name="IntegralH" value="-154.000000" />
  <attribute name="DerivativeT" value="-0.857143" />
  <attribute name="DerivativeI" value="-0.857143" />
  <attribute name="DerivativeH" value="-0.857143" />
  <attribute name="Loop Time for DT" value="14.000000" />
  <attribute name="Output H" value="2092630016"/>
  <attribute name="Output I" value="200"/>
  <attribute name="Output T" value="4"/>
  <attribute name="Target GC Util Change" value ="20.000000" />
  <attribute name="Current GC Util Change" value="9.000000"/>
  <attribute name="GC Util currently" value="9" />
  <attribute name="CPU Util currently" value="336727317418" />
<allocation-satisfied id="722" threadId="000000000224B700" bytesRequested="32" />
<af-end id="723" timestamp="2019-06-16T00:11:17.788" threadId="000000000224C088" success="true" from="nursery"/>
<exclusive-end id="724" timestamp="2019-06-16T00:11:17.788" durationms="2.402" />

<exclusive-start id="725" timestamp="2019-06-16T00:11:17.808" intervalms="21.643">
  <response-info timems="0.024" idlems="0.024" threads="0" lastid="000000000224B700" lastname="main" />
</exclusive-start>
<af-start id="726" threadId="000000000224C088" totalBytesRequested="31064" timestamp="2019-06-16T00:11:17.808" intervalms="21.677" type="nursery" />
<cycle-start id="727" type="scavenge" contextid="0" timestamp="2019-06-16T00:11:17.808" intervalms="21.682" />
<gc-start id="728" type="scavenge" contextid="727" timestamp="2019-06-16T00:11:17.808">
  <mem-info id="729" free="1108240" total="9568256" percent="11">
    <mem type="nursery" free="0" total="3538944" percent="0">
      <mem type="allocate" free="0" total="2621440" percent="0" />
      <mem type="survivor" free="0" total="917504" percent="0" />
    </mem>
    <mem type="tenure" free="1108240" total="6029312" percent="18">
      <mem type="soa" free="859408" total="5728256" percent="15" />
      <mem type="loa" free="248832" total="301056" percent="82" />
    </mem>
    <remembered-set count="883" />
  </mem-info>
</gc-start>
<allocation-stats totalBytes="2283256" >
  <allocated-bytes non-tlh="240" tlh="2283016" />
  <largest-consumer threadName="main" threadId="000000000224B700" bytes="2283256" />
</allocation-stats>
<gc-op id="730" type="scavenge" timems="0.826" contextid="727" timestamp="2019-06-16T00:11:17.809">
  <scavenger-info tenureage="3" tenuremask="7808" tiltratio="74" />
  <memory-copied type="nursery" objects="6465" bytes="277024" bytesdiscarded="28208" />
  <memory-copied type="tenure" objects="1349" bytes="51616" bytesdiscarded="32" />
  <references type="weak" candidates="18" cleared="0" enqueued="0" />
</gc-op>
<gc-end id="731" type="scavenge" contextid="727" durationms="1.584" usertimems="0.000" systemtimems="0.000" timestamp="2019-06-16T00:11:17.810" activeThreads="4">
  <mem-info id="732" free="3516344" total="9568256" percent="36">
    <mem type="nursery" free="2447272" total="3538944" percent="69">
      <mem type="allocate" free="2447272" total="2752512" percent="88" />
      <mem type="survivor" free="0" total="786432" percent="0" />
    </mem>
    <mem type="tenure" free="1069072" total="6029312" percent="17" macro-fragmented="0">
      <mem type="soa" free="820240" total="5728256" percent="14" />
      <mem type="loa" free="248832" total="301056" percent="82" />
    </mem>
    <remembered-set count="800" />
  </mem-info>
</gc-end>
<cycle-end id="733" type="scavenge" contextid="727" timestamp="2019-06-16T00:11:17.810" />
  <attribute name="elasticGC enabled" value="1" />
  <attribute name= "numThreadsSpecified" value="4" />
  <attribute name="heapSize specified" value="9175040" />
  <attribute name="Current GC Util" value="6" />
  <attribute name= "Current Time Running" value="48342" />
  <attribute name ="GC Interval" value="200" />
  <attribute name="ProportionalT" value="-21.000000" />
  <attribute name="ProportionalI" value="-21.000000" />
  <attribute name="ProportionalH" value="-21.000000" />
  <attribute name="Current Error" value="-14.000000" />
  <attribute name="IntegralT" value="-294.000000" />
  <attribute name="IntegralI" value="-294.000000" />
  <attribute name="IntegralH" value="-294.000000" />
  <attribute name="DerivativeT" value="-0.666667" />
  <attribute name="DerivativeI" value="-0.666667" />
  <attribute name="DerivativeH" value="-0.666667" />
  <attribute name="Loop Time for DT" value="21.000000" />
  <attribute name="Output H" value="2092630016"/>
  <attribute name="Output I" value="200"/>
  <attribute name="Output T" value="4"/>
  <attribute name="Target GC Util Change" value ="20.000000" />
  <attribute name="Current GC Util Change" value="6.000000"/>
  <attribute name="GC Util currently" value="6" />
  <attribute name="CPU Util currently" value="212199651891" />
<allocation-satisfied id="734" threadId="000000000224B700" bytesRequested="31064" />
<af-end id="735" timestamp="2019-06-16T00:11:17.810" threadId="000000000224C088" success="true" from="nursery"/>
<exclusive-end id="736" timestamp="2019-06-16T00:11:17.810" durationms="2.573" />

<exclusive-start id="737" timestamp="2019-06-16T00:11:17.954" intervalms="146.614">
  <response-info timems="0.063" idlems="0.063" threads="0" lastid="000000000224B700" lastname="main" />
</exclusive-start>
<af-start id="738" threadId="000000000224C088" totalBytesRequested="16" timestamp="2019-06-16T00:11:17.954" intervalms="146.607" type="nursery" />
<cycle-start id="739" type="scavenge" contextid="0" timestamp="2019-06-16T00:11:17.955" intervalms="146.620" />
<gc-start id="740" type="scavenge" contextid="739" timestamp="2019-06-16T00:11:17.955">
  <mem-info id="741" free="1046080" total="9568256" percent="10">
    <mem type="nursery" free="0" total="3538944" percent="0">
      <mem type="allocate" free="0" total="2752512" percent="0" />
      <mem type="survivor" free="0" total="786432" percent="0" />
    </mem>
    <mem type="tenure" free="1046080" total="6029312" percent="17">
      <mem type="soa" free="797248" total="5728256" percent="13" />
      <mem type="loa" free="248832" total="301056" percent="82" />
    </mem>
    <remembered-set count="1169" />
  </mem-info>
</gc-start>
<allocation-stats totalBytes="2469208" >
  <allocated-bytes non-tlh="254064" tlh="2215144" />
  <largest-consumer threadName="main" threadId="000000000224B700" bytes="2469208" />
</allocation-stats>
<gc-op id="742" type="scavenge" timems="0.966" contextid="739" timestamp="2019-06-16T00:11:17.956">
  <scavenger-info tenureage="11" tenuremask="7800" tiltratio="77" />
  <memory-copied type="nursery" objects="9583" bytes="395616" bytesdiscarded="127552" />
  <references type="soft" candidates="242" cleared="0" enqueued="0" dynamicThreshold="11" maxThreshold="32" />
  <references type="weak" candidates="88" cleared="6" enqueued="6" />
</gc-op>
<gc-end id="743" type="scavenge" contextid="739" durationms="1.582" usertimems="4.000" systemtimems="0.000" timestamp="2019-06-16T00:11:17.956" activeThreads="4">
  <mem-info id="744" free="3340776" total="9568256" percent="34">
    <mem type="nursery" free="2294696" total="3538944" percent="64">
      <mem type="allocate" free="2294696" total="2818048" percent="81" />
      <mem type="survivor" free="0" total="720896" percent="0" />
    </mem>
    <mem type="tenure" free="1046080" total="6029312" percent="17" macro-fragmented="5266">
      <mem type="soa" free="797248" total="5728256" percent="13" />
      <mem type="loa" free="248832" total="301056" percent="82" />
    </mem>
    <pending-finalizers system="0" default="0" reference="6" classloader="0" />
    <remembered-set count="1136" />
  </mem-info>
</gc-end>
<cycle-end id="745" type="scavenge" contextid="739" timestamp="2019-06-16T00:11:17.956" />
  <attribute name="elasticGC enabled" value="1" />
  <attribute name= "numThreadsSpecified" value="4" />
  <attribute name="heapSize specified" value="9175040" />
  <attribute name="Current GC Util" value="0" />
  <attribute name= "Current Time Running" value="48489" />
  <attribute name ="GC Interval" value="200" />
  <attribute name="ProportionalT" value="-30.000000" />
  <attribute name="ProportionalI" value="-30.000000" />
  <attribute name="ProportionalH" value="-30.000000" />
  <attribute name="Current Error" value="-20.000000" />
  <attribute name="IntegralT" value="-2940.000000" />
  <attribute name="IntegralI" value="-2940.000000" />
  <attribute name="IntegralH" value="-2940.000000" />
  <attribute name="DerivativeT" value="-0.136054" />
  <attribute name="DerivativeI" value="-0.136054" />
  <attribute name="DerivativeH" value="-0.136054" />
  <attribute name="Loop Time for DT" value="147.000000" />
  <attribute name="Output H" value="2092630016"/>
  <attribute name="Output I" value="200"/>
  <attribute name="Output T" value="4"/>
  <attribute name="Target GC Util Change" value ="20.000000" />
  <attribute name="Current GC Util Change" value="0.000000"/>
  <attribute name="GC Util currently" value="0" />
  <attribute name="CPU Util currently" value="31496647674" />
<allocation-satisfied id="746" threadId="000000000224B700" bytesRequested="16" />
<af-end id="747" timestamp="2019-06-16T00:11:17.957" threadId="000000000224C088" success="true" from="nursery"/>
<exclusive-end id="748" timestamp="2019-06-16T00:11:17.957" durationms="2.595" />

<exclusive-start id="749" timestamp="2019-06-16T00:11:18.009" intervalms="54.618">
  <response-info timems="0.019" idlems="0.019" threads="0" lastid="000000000224B700" lastname="main" />
</exclusive-start>
<sys-start reason="explicit" id="750" timestamp="2019-06-16T00:11:18.009" intervalms="48659.356" />
<cycle-start id="751" type="global" contextid="0" timestamp="2019-06-16T00:11:18.009" intervalms="285.276" />
<gc-start id="752" type="global" contextid="751" timestamp="2019-06-16T00:11:18.009">
  <mem-info id="753" free="2044776" total="9568256" percent="21">
    <mem type="nursery" free="1009232" total="3538944" percent="28">
      <mem type="allocate" free="1009232" total="2818048" percent="35" />
      <mem type="survivor" free="0" total="720896" percent="0" />
    </mem>
    <mem type="tenure" free="1035544" total="6029312" percent="17">
      <mem type="soa" free="786712" total="5728256" percent="13" />
      <mem type="loa" free="248832" total="301056" percent="82" />
    </mem>
    <remembered-set count="1382" />
  </mem-info>
</gc-start>
<allocation-stats totalBytes="1295600" >
  <allocated-bytes non-tlh="210560" tlh="1085040" />
  <largest-consumer threadName="main" threadId="000000000224B700" bytes="1295600" />
</allocation-stats>
<gc-op id="754" type="mark" timems="3.121" contextid="751" timestamp="2019-06-16T00:11:18.013">
  <trace-info objectcount="74379" scancount="62150" scanbytes="2116340" />
  <finalization candidates="80" enqueued="0" />
  <ownableSynchronizers candidates="21" cleared="0" />
  <references type="soft" candidates="1639" cleared="0" enqueued="0" dynamicThreshold="11" maxThreshold="32" />
  <references type="weak" candidates="4405" cleared="42" enqueued="32" />
  <references type="phantom" candidates="74" cleared="2" enqueued="2" />
  <stringconstants candidates="8669" cleared="15"  />
</gc-op>
<gc-op id="755" type="classunload" timems="0.420" contextid="751" timestamp="2019-06-16T00:11:18.013">
  <classunload-info classloadercandidates="17" classloadersunloaded="1" classesunloaded="1" anonymousclassesunloaded="0" quiescems="0.000" setupms="0.411" scanms="0.007" postms="0.002" />
</gc-op>
<gc-op id="756" type="sweep" timems="0.303" contextid="751" timestamp="2019-06-16T00:11:18.014" />
<mem-info id="757" free="4489416" total="9568256" percent="46">
  <mem type="nursery" free="2552704" total="3538944" percent="72">
    <mem type="allocate" free="2552704" total="2818048" percent="90" />
    <mem type="survivor" free="0" total="720896" percent="0" />
  </mem>
  <mem type="tenure" free="1936712" total="6029312" percent="32" micro-fragmented="8452" macro-fragmented="2539">
    <mem type="soa" free="1635656" total="5728256" percent="28" />
    <mem type="loa" free="301056" total="301056" percent="100" />
  </mem>
  <pending-finalizers system="0" default="0" reference="34" classloader="0" />
  <remembered-set count="671" />
</mem-info>
<gc-op id="758" type="compact" timems="14.253" contextid="751" timestamp="2019-06-16T00:11:18.028">
  <compact-info movecount="62672" movebytes="3712336" reason="compact to aid heap contraction" />
</gc-op>
<heap-resize id="759" type="contract" space="tenure" amount="262144" count="1" timems="0.080" reason="heap reconfiguration" timestamp="2019-06-16T00:11:18.029" />
<gc-end id="760" type="global" contextid="751" durationms="19.646" usertimems="24.000" systemtimems="0.000" timestamp="2019-06-16T00:11:18.029" activeThreads="4">
  <mem-info id="761" free="4279768" total="9306112" percent="45">
    <mem type="nursery" free="2633304" total="3538944" percent="74">
      <mem type="allocate" free="2633304" total="2818048" percent="93" />
      <mem type="survivor" free="0" total="720896" percent="0" />
    </mem>
    <mem type="tenure" free="1646464" total="5767168" percent="28">
      <mem type="soa" free="1397632" total="5479424" percent="25" />
      <mem type="loa" free="248832" total="287744" percent="86" />
    </mem>
    <pending-finalizers system="0" default="0" reference="34" classloader="0" />
    <remembered-set count="671" />
  </mem-info>
</gc-end>
<cycle-end id="762" type="global" contextid="751" timestamp="2019-06-16T00:11:18.029" />
  <attribute name="elasticGC enabled" value="1" />
  <attribute name= "numThreadsSpecified" value="4" />
  <attribute name="heapSize specified" value="9568256" />
  <attribute name="Current GC Util" value="33" />
  <attribute name= "Current Time Running" value="48562" />
  <attribute name ="GC Interval" value="200" />
  <attribute name="ProportionalT" value="19.500000" />
  <attribute name="ProportionalI" value="19.500000" />
  <attribute name="ProportionalH" value="19.500000" />
  <attribute name="Current Error" value="13.000000" />
  <attribute name="IntegralT" value="182.000000" />
  <attribute name="IntegralI" value="182.000000" />
  <attribute name="IntegralH" value="182.000000" />
  <attribute name="DerivativeT" value="0.928571" />
  <attribute name="DerivativeI" value="0.928571" />
  <attribute name="DerivativeH" value="0.928571" />
  <attribute name="Loop Time for DT" value="14.000000" />
  <attribute name="Output H" value="8388608"/>
  <attribute name="Output I" value="208"/>
  <attribute name="Output T" value="4"/>
  <attribute name="Target GC Util Change" value ="20.000000" />
  <attribute name="Current GC Util Change" value="33.000000"/>
  <attribute name="GC Util currently" value="33" />
  <attribute name="CPU Util currently" value="319968290688" />
<sys-end id="763" timestamp="2019-06-16T00:11:18.029" />
<exclusive-end id="764" timestamp="2019-06-16T00:11:18.029" durationms="20.499" />

<exclusive-start id="765" timestamp="2019-06-16T00:11:18.222" intervalms="212.859">
  <response-info timems="0.069" idlems="0.069" threads="0" lastid="000000000224B700" lastname="main" />
</exclusive-start>
<af-start id="766" threadId="000000000224C088" totalBytesRequested="40" timestamp="2019-06-16T00:11:18.222" intervalms="267.469" type="nursery" />
<cycle-start id="767" type="scavenge" contextid="0" timestamp="2019-06-16T00:11:18.222" intervalms="267.480" />
<gc-start id="768" type="scavenge" contextid="767" timestamp="2019-06-16T00:11:18.222">
  <mem-info id="769" free="1644328" total="9306112" percent="17">
    <mem type="nursery" free="0" total="3538944" percent="0">
      <mem type="allocate" free="0" total="2818048" percent="0" />
      <mem type="survivor" free="0" total="720896" percent="0" />
    </mem>
    <mem type="tenure" free="1644328" total="5767168" percent="28">
      <mem type="soa" free="1395496" total="5479424" percent="25" />
      <mem type="loa" free="248832" total="287744" percent="86" />
    </mem>
    <remembered-set count="730" />
  </mem-info>
</gc-start>
<allocation-stats totalBytes="2635128" >
  <allocated-bytes non-tlh="529840" tlh="2105288" />
  <largest-consumer threadName="main" threadId="000000000224B700" bytes="2626880" />
</allocation-stats>
<gc-op id="770" type="scavenge" timems="0.875" contextid="767" timestamp="2019-06-16T00:11:18.223">
  <scavenger-info tenureage="2" tenuremask="fffc" tiltratio="79" />
  <memory-copied type="nursery" objects="6896" bytes="623888" bytesdiscarded="96752" />
  <memory-copied type="tenure" objects="6917" bytes="578816" bytesdiscarded="8" />
  <copy-failed type="nursery" objects="7439" bytes="604928" />
  <ownableSynchronizers candidates="42" cleared="42" />
  <references type="soft" candidates="323" cleared="0" enqueued="0" dynamicThreshold="9" maxThreshold="32" />
  <references type="weak" candidates="261" cleared="10" enqueued="10" />
  <references type="phantom" candidates="6" cleared="2" enqueued="2" />
</gc-op>
<gc-end id="771" type="scavenge" contextid="767" durationms="1.685" usertimems="0.000" systemtimems="0.000" timestamp="2019-06-16T00:11:18.224" activeThreads="4">
  <mem-info id="772" free="1950232" total="9306112" percent="20">
    <mem type="nursery" free="1048576" total="3538944" percent="29">
      <mem type="allocate" free="1048576" total="1769472" percent="59" />
      <mem type="survivor" free="0" total="1769472" percent="0" />
    </mem>
    <mem type="tenure" free="901656" total="5767168" percent="15" macro-fragmented="0">
      <mem type="soa" free="652824" total="5479424" percent="11" />
      <mem type="loa" free="248832" total="287744" percent="86" />
    </mem>
    <pending-finalizers system="0" default="0" reference="12" classloader="0" />
    <remembered-set count="5260" />
  </mem-info>
</gc-end>
<cycle-end id="773" type="scavenge" contextid="767" timestamp="2019-06-16T00:11:18.224" />
  <attribute name="elasticGC enabled" value="1" />
  <attribute name= "numThreadsSpecified" value="4" />
  <attribute name="heapSize specified" value="9568256" />
  <attribute name="Current GC Util" value="8" />
  <attribute name= "Current Time Running" value="48756" />
  <attribute name ="GC Interval" value="200" />
  <attribute name="ProportionalT" value="-18.000000" />
  <attribute name="ProportionalI" value="-18.000000" />
  <attribute name="ProportionalH" value="-18.000000" />
  <attribute name="Current Error" value="-12.000000" />
  <attribute name="IntegralT" value="-2328.000000" />
  <attribute name="IntegralI" value="-2328.000000" />
  <attribute name="IntegralH" value="-2328.000000" />
  <attribute name="DerivativeT" value="-0.128866" />
  <attribute name="DerivativeI" value="-0.128866" />
  <attribute name="DerivativeH" value="-0.128866" />
  <attribute name="Loop Time for DT" value="194.000000" />
  <attribute name="Output H" value="2092630016"/>
  <attribute name="Output I" value="200"/>
  <attribute name="Output T" value="4"/>
  <attribute name="Target GC Util Change" value ="20.000000" />
  <attribute name="Current GC Util Change" value="8.000000"/>
  <attribute name="GC Util currently" value="8" />
  <attribute name="CPU Util currently" value="23778710291" />
<allocation-satisfied id="774" threadId="000000000224B700" bytesRequested="40" />
<af-end id="775" timestamp="2019-06-16T00:11:18.224" threadId="000000000224C088" success="true" from="nursery"/>
<exclusive-end id="776" timestamp="2019-06-16T00:11:18.225" durationms="2.892" />

<exclusive-start id="777" timestamp="2019-06-16T00:11:18.228" intervalms="6.151">
  <response-info timems="0.023" idlems="0.023" threads="0" lastid="000000000224B700" lastname="main" />
</exclusive-start>
<af-start id="778" threadId="000000000224C088" totalBytesRequested="32" timestamp="2019-06-16T00:11:18.228" intervalms="6.149" type="nursery" />
<cycle-start id="779" type="scavenge" contextid="0" timestamp="2019-06-16T00:11:18.228" intervalms="6.125" />
<gc-start id="780" type="scavenge" contextid="779" timestamp="2019-06-16T00:11:18.228">
  <mem-info id="781" free="901656" total="9306112" percent="9">
    <mem type="nursery" free="0" total="3538944" percent="0">
      <mem type="allocate" free="0" total="1769472" percent="0" />
      <mem type="survivor" free="0" total="1769472" percent="0" />
    </mem>
    <mem type="tenure" free="901656" total="5767168" percent="15">
      <mem type="soa" free="652824" total="5479424" percent="11" />
      <mem type="loa" free="248832" total="287744" percent="86" />
    </mem>
    <remembered-set count="5262" />
  </mem-info>
</gc-start>
<allocation-stats totalBytes="1048456" >
  <allocated-bytes non-tlh="40" tlh="1048416" />
  <largest-consumer threadName="main" threadId="000000000224B700" bytes="1048456" />
</allocation-stats>
<gc-op id="782" type="scavenge" timems="0.784" contextid="779" timestamp="2019-06-16T00:11:18.229">
  <scavenger-info tenureage="6" tenuremask="ffc0" tiltratio="50" />
  <memory-copied type="nursery" objects="8414" bytes="681192" bytesdiscarded="73824" />
  <references type="soft" candidates="323" cleared="0" enqueued="0" dynamicThreshold="9" maxThreshold="32" />
  <references type="weak" candidates="251" cleared="0" enqueued="0" />
  <references type="phantom" candidates="4" cleared="0" enqueued="0" />
</gc-op>
<heap-resize id="783" type="expand" space="nursery" amount="393216" count="1" timems="0.015" reason="excessive time being spent scavenging" timestamp="2019-06-16T00:11:18.230" />
<gc-end id="784" type="scavenge" contextid="779" durationms="1.429" usertimems="0.000" systemtimems="0.000" timestamp="2019-06-16T00:11:18.230" activeThreads="4">
  <mem-info id="785" free="2112464" total="9699328" percent="21">
    <mem type="nursery" free="1210808" total="3932160" percent="30">
      <mem type="allocate" free="1210808" total="1966080" percent="61" />
      <mem type="survivor" free="0" total="1966080" percent="0" />
    </mem>
    <mem type="tenure" free="901656" total="5767168" percent="15" macro-fragmented="201903">
      <mem type="soa" free="652824" total="5479424" percent="11" />
      <mem type="loa" free="248832" total="287744" percent="86" />
    </mem>
    <remembered-set count="4937" />
  </mem-info>
</gc-end>
<cycle-end id="786" type="scavenge" contextid="779" timestamp="2019-06-16T00:11:18.230" />
  <attribute name="elasticGC enabled" value="1" />
  <attribute name= "numThreadsSpecified" value="4" />
  <attribute name="heapSize specified" value="9568256" />
  <attribute name="Current GC Util" value="40" />
  <attribute name= "Current Time Running" value="48762" />
  <attribute name ="GC Interval" value="200" />
  <attribute name="ProportionalT" value="30.000000" />
  <attribute name="ProportionalI" value="30.000000" />
  <attribute name="ProportionalH" value="30.000000" />
  <attribute name="Current Error" value="20.000000" />
  <attribute name="IntegralT" value="120.000000" />
  <attribute name="IntegralI" value="120.000000" />
  <attribute name="IntegralH" value="120.000000" />
  <attribute name="DerivativeT" value="3.333333" />
  <attribute name="DerivativeI" value="3.333333" />
  <attribute name="DerivativeH" value="3.333333" />
  <attribute name="Loop Time for DT" value="6.000000" />
  <attribute name="Output H" value="8388608"/>
  <attribute name="Output I" value="200"/>
  <attribute name="Output T" value="4"/>
  <attribute name="Target GC Util Change" value ="20.000000" />
  <attribute name="Current GC Util Change" value="40.000000"/>
  <attribute name="GC Util currently" value="40" />
  <attribute name="CPU Util currently" value="770842584695" />
<allocation-satisfied id="787" threadId="000000000224B700" bytesRequested="32" />
<af-end id="788" timestamp="2019-06-16T00:11:18.230" threadId="000000000224C088" success="true" from="nursery"/>
<exclusive-end id="789" timestamp="2019-06-16T00:11:18.230" durationms="2.402" />

<exclusive-start id="790" timestamp="2019-06-16T00:11:18.234" intervalms="6.048">
  <response-info timems="0.030" idlems="0.030" threads="0" lastid="000000000224B700" lastname="main" />
</exclusive-start>
<af-start id="791" threadId="000000000224C088" totalBytesRequested="32" timestamp="2019-06-16T00:11:18.234" intervalms="6.008" type="nursery" />
<cycle-start id="792" type="scavenge" contextid="0" timestamp="2019-06-16T00:11:18.234" intervalms="6.001" />
<gc-start id="793" type="scavenge" contextid="792" timestamp="2019-06-16T00:11:18.234">
  <mem-info id="794" free="901656" total="9699328" percent="9">
    <mem type="nursery" free="0" total="3932160" percent="0">
      <mem type="allocate" free="0" total="1966080" percent="0" />
      <mem type="survivor" free="0" total="1966080" percent="0" />
    </mem>
    <mem type="tenure" free="901656" total="5767168" percent="15">
      <mem type="soa" free="652824" total="5479424" percent="11" />
      <mem type="loa" free="248832" total="287744" percent="86" />
    </mem>
    <remembered-set count="4937" />
  </mem-info>
</gc-start>
<allocation-stats totalBytes="1210608" >
  <allocated-bytes non-tlh="32" tlh="1210576" />
  <largest-consumer threadName="main" threadId="000000000224B700" bytes="1210608" />
</allocation-stats>
<gc-op id="795" type="scavenge" timems="0.657" contextid="792" timestamp="2019-06-16T00:11:18.235">
  <scavenger-info tenureage="3" tenuremask="fff8" tiltratio="50" />
  <memory-copied type="nursery" objects="7684" bytes="662640" bytesdiscarded="94016" />
  <memory-copied type="tenure" objects="2539" bytes="89464" bytesdiscarded="48" />
  <references type="soft" candidates="81" cleared="0" enqueued="0" dynamicThreshold="9" maxThreshold="32" />
  <references type="weak" candidates="187" cleared="0" enqueued="0" />
  <references type="phantom" candidates="4" cleared="0" enqueued="0" />
</gc-op>
<heap-resize id="796" type="expand" space="nursery" amount="393216" count="1" timems="0.012" reason="excessive time being spent scavenging" timestamp="2019-06-16T00:11:18.235" />
<gc-end id="797" type="scavenge" contextid="792" durationms="1.230" usertimems="4.000" systemtimems="0.000" timestamp="2019-06-16T00:11:18.236" activeThreads="4">
  <mem-info id="798" free="2399424" total="10092544" percent="23">
    <mem type="nursery" free="1536936" total="4325376" percent="35">
      <mem type="allocate" free="1536936" total="2293760" percent="67" />
      <mem type="survivor" free="0" total="2031616" percent="0" />
    </mem>
    <mem type="tenure" free="862488" total="5767168" percent="14" macro-fragmented="0">
      <mem type="soa" free="613656" total="5479424" percent="11" />
      <mem type="loa" free="248832" total="287744" percent="86" />
    </mem>
    <remembered-set count="4584" />
  </mem-info>
</gc-end>
<cycle-end id="799" type="scavenge" contextid="792" timestamp="2019-06-16T00:11:18.236" />
  <attribute name="elasticGC enabled" value="1" />
  <attribute name= "numThreadsSpecified" value="4" />
  <attribute name="heapSize specified" value="9568256" />
  <attribute name="Current GC Util" value="29" />
  <attribute name= "Current Time Running" value="48768" />
  <attribute name ="GC Interval" value="200" />
  <attribute name="ProportionalT" value="13.500000" />
  <attribute name="ProportionalI" value="13.500000" />
  <attribute name="ProportionalH" value="13.500000" />
  <attribute name="Current Error" value="9.000000" />
  <attribute name="IntegralT" value="54.000000" />
  <attribute name="IntegralI" value="54.000000" />
  <attribute name="IntegralH" value="54.000000" />
  <attribute name="DerivativeT" value="-1.833333" />
  <attribute name="DerivativeI" value="-1.833333" />
  <attribute name="DerivativeH" value="-1.833333" />
  <attribute name="Loop Time for DT" value="6.000000" />
  <attribute name="Output H" value="8388608"/>
  <attribute name="Output I" value="200"/>
  <attribute name="Output T" value="4"/>
  <attribute name="Target GC Util Change" value ="20.000000" />
  <attribute name="Current GC Util Change" value="29.000000"/>
  <attribute name="GC Util currently" value="29" />
  <attribute name="CPU Util currently" value="778884709587" />
<allocation-satisfied id="800" threadId="000000000224B700" bytesRequested="32" />
<af-end id="801" timestamp="2019-06-16T00:11:18.236" threadId="000000000224C088" success="true" from="nursery"/>
<exclusive-end id="802" timestamp="2019-06-16T00:11:18.236" durationms="2.168" />

<exclusive-start id="803" timestamp="2019-06-16T00:11:18.241" intervalms="7.086">
  <response-info timems="0.058" idlems="0.058" threads="0" lastid="000000000224B700" lastname="main" />
</exclusive-start>
<af-start id="804" threadId="000000000224C088" totalBytesRequested="32" timestamp="2019-06-16T00:11:18.241" intervalms="7.310" type="nursery" />
<cycle-start id="805" type="scavenge" contextid="0" timestamp="2019-06-16T00:11:18.241" intervalms="7.310" />
<gc-start id="806" type="scavenge" contextid="805" timestamp="2019-06-16T00:11:18.242">
  <mem-info id="807" free="862488" total="10092544" percent="8">
    <mem type="nursery" free="0" total="4325376" percent="0">
      <mem type="allocate" free="0" total="2293760" percent="0" />
      <mem type="survivor" free="0" total="2031616" percent="0" />
    </mem>
    <mem type="tenure" free="862488" total="5767168" percent="14">
      <mem type="soa" free="613656" total="5479424" percent="11" />
      <mem type="loa" free="248832" total="287744" percent="86" />
    </mem>
    <remembered-set count="4584" />
  </mem-info>
</gc-start>
<allocation-stats totalBytes="1536664" >
  <allocated-bytes non-tlh="32" tlh="1536632" />
  <largest-consumer threadName="main" threadId="000000000224B700" bytes="1536664" />
</allocation-stats>
<gc-op id="808" type="scavenge" timems="0.958" contextid="805" timestamp="2019-06-16T00:11:18.243">
  <scavenger-info tenureage="3" tenuremask="ffe8" tiltratio="53" />
  <memory-copied type="nursery" objects="6285" bytes="234768" bytesdiscarded="39408" />
  <memory-copied type="tenure" objects="4107" bytes="526312" bytesdiscarded="80" />
</gc-op>
<heap-resize id="809" type="expand" space="nursery" amount="393216" count="1" timems="0.010" reason="excessive time being spent scavenging" timestamp="2019-06-16T00:11:18.243" />
<gc-end id="810" type="scavenge" contextid="805" durationms="1.587" usertimems="4.000" systemtimems="0.000" timestamp="2019-06-16T00:11:18.243" activeThreads="4">
  <mem-info id="811" free="2946752" total="10485760" percent="28">
    <mem type="nursery" free="2609408" total="4718592" percent="55">
      <mem type="allocate" free="2609408" total="2883584" percent="90" />
      <mem type="survivor" free="0" total="1835008" percent="0" />
    </mem>
    <mem type="tenure" free="337344" total="5767168" percent="5" macro-fragmented="168253">
      <mem type="soa" free="88512" total="5479424" percent="1" />
      <mem type="loa" free="248832" total="287744" percent="86" />
    </mem>
    <remembered-set count="689" />
  </mem-info>
</gc-end>
<cycle-end id="812" type="scavenge" contextid="805" timestamp="2019-06-16T00:11:18.243" />
  <attribute name="elasticGC enabled" value="1" />
  <attribute name= "numThreadsSpecified" value="4" />
  <attribute name="heapSize specified" value="9568256" />
  <attribute name="Current GC Util" value="25" />
  <attribute name= "Current Time Running" value="48776" />
  <attribute name ="GC Interval" value="200" />
  <attribute name="ProportionalT" value="7.500000" />
  <attribute name="ProportionalI" value="7.500000" />
  <attribute name="ProportionalH" value="7.500000" />
  <attribute name="Current Error" value="5.000000" />
  <attribute name="IntegralT" value="40.000000" />
  <attribute name="IntegralI" value="40.000000" />
  <attribute name="IntegralH" value="40.000000" />
  <attribute name="DerivativeT" value="-0.500000" />
  <attribute name="DerivativeI" value="-0.500000" />
  <attribute name="DerivativeH" value="-0.500000" />
  <attribute name="Loop Time for DT" value="8.000000" />
  <attribute name="Output H" value="8388608"/>
  <attribute name="Output I" value="200"/>
  <attribute name="Output T" value="4"/>
  <attribute name="Target GC Util Change" value ="20.000000" />
  <attribute name="Current GC Util Change" value="25.000000"/>
  <attribute name="GC Util currently" value="25" />
  <attribute name="CPU Util currently" value="624156784803" />
<allocation-satisfied id="813" threadId="000000000224B700" bytesRequested="32" />
<af-end id="814" timestamp="2019-06-16T00:11:18.244" threadId="000000000224C088" success="true" from="nursery"/>
<exclusive-end id="815" timestamp="2019-06-16T00:11:18.244" durationms="2.758" />

<concurrent-kickoff id="816" timestamp="2019-06-16T00:11:18.250">
  <kickoff reason="threshold reached" targetBytes="1688549" thresholdFreeBytes="234404"  remainingFree="114944" tenureFreeBytes="337344" nurseryFreeBytes="114944" />
</concurrent-kickoff>
<exclusive-start id="817" timestamp="2019-06-16T00:11:18.250" intervalms="9.356">
  <response-info timems="0.051" idlems="0.051" threads="0" lastid="000000000224B700" lastname="main" />
</exclusive-start>
<cycle-start id="818" type="global" contextid="0" timestamp="2019-06-16T00:11:18.250" intervalms="241.352" />
<exclusive-end id="819" timestamp="2019-06-16T00:11:18.251" durationms="0.251" />

<exclusive-start id="820" timestamp="2019-06-16T00:11:18.251" intervalms="0.973">
  <response-info timems="0.013" idlems="0.013" threads="0" lastid="000000000224B700" lastname="main" />
</exclusive-start>
<af-start id="821" threadId="000000000224C088" totalBytesRequested="56" timestamp="2019-06-16T00:11:18.251" intervalms="10.042" type="nursery" />
<cycle-start id="822" type="scavenge" contextid="0" timestamp="2019-06-16T00:11:18.251" intervalms="9.993" />
<gc-start id="823" type="scavenge" contextid="822" timestamp="2019-06-16T00:11:18.252">
  <mem-info id="824" free="337344" total="10485760" percent="3">
    <mem type="nursery" free="0" total="4718592" percent="0">
      <mem type="allocate" free="0" total="2883584" percent="0" />
      <mem type="survivor" free="0" total="1835008" percent="0" />
    </mem>
    <mem type="tenure" free="337344" total="5767168" percent="5">
      <mem type="soa" free="88512" total="5479424" percent="1" />
      <mem type="loa" free="248832" total="287744" percent="86" />
    </mem>
    <remembered-set count="1052" />
  </mem-info>
</gc-start>
<allocation-stats totalBytes="2609072" >
  <allocated-bytes non-tlh="32" tlh="2609040" />
  <largest-consumer threadName="main" threadId="000000000224B700" bytes="2609072" />
</allocation-stats>
<gc-op id="825" type="scavenge" timems="0.721" contextid="822" timestamp="2019-06-16T00:11:18.253">
  <scavenger-info tenureage="5" tenuremask="ffe0" tiltratio="61" />
  <memory-copied type="nursery" objects="10132" bytes="376984" bytesdiscarded="53864" />
</gc-op>
<heap-resize id="826" type="expand" space="nursery" amount="262144" count="1" timems="0.011" reason="excessive time being spent scavenging" timestamp="2019-06-16T00:11:18.253" />
<gc-end id="827" type="scavenge" contextid="822" durationms="1.416" usertimems="0.000" systemtimems="0.000" timestamp="2019-06-16T00:11:18.253" activeThreads="4">
  <mem-info id="828" free="3379904" total="10747904" percent="31">
    <mem type="nursery" free="3042560" total="4980736" percent="61">
      <mem type="allocate" free="3042560" total="3473408" percent="87" />
      <mem type="survivor" free="0" total="1507328" percent="0" />
    </mem>
    <mem type="tenure" free="337344" total="5767168" percent="5" macro-fragmented="0">
      <mem type="soa" free="88512" total="5479424" percent="1" />
      <mem type="loa" free="248832" total="287744" percent="86" />
    </mem>
    <remembered-set count="1051" />
  </mem-info>
</gc-end>
<cycle-end id="829" type="scavenge" contextid="822" timestamp="2019-06-16T00:11:18.253" />
  <attribute name="elasticGC enabled" value="1" />
  <attribute name= "numThreadsSpecified" value="4" />
  <attribute name="heapSize specified" value="9568256" />
  <attribute name="Current GC Util" value="17" />
  <attribute name= "Current Time Running" value="48786" />
  <attribute name ="GC Interval" value="200" />
  <attribute name="ProportionalT" value="-4.500000" />
  <attribute name="ProportionalI" value="-4.500000" />
  <attribute name="ProportionalH" value="-4.500000" />
  <attribute name="Current Error" value="-3.000000" />
  <attribute name="IntegralT" value="-30.000000" />
  <attribute name="IntegralI" value="-30.000000" />
  <attribute name="IntegralH" value="-30.000000" />
  <attribute name="DerivativeT" value="-0.800000" />
  <attribute name="DerivativeI" value="-0.800000" />
  <attribute name="DerivativeH" value="-0.800000" />
  <attribute name="Loop Time for DT" value="10.000000" />
  <attribute name="Output H" value="2092630016"/>
  <attribute name="Output I" value="200"/>
  <attribute name="Output T" value="4"/>
  <attribute name="Target GC Util Change" value ="20.000000" />
  <attribute name="Current GC Util Change" value="17.000000"/>
  <attribute name="GC Util currently" value="17" />
  <attribute name="CPU Util currently" value="460277182630" />
<allocation-satisfied id="830" threadId="000000000224B700" bytesRequested="56" />
<af-end id="831" timestamp="2019-06-16T00:11:18.253" threadId="000000000224C088" success="true" from="nursery"/>
<exclusive-end id="832" timestamp="2019-06-16T00:11:18.254" durationms="2.225" />

<exclusive-start id="833" timestamp="2019-06-16T00:11:18.265" intervalms="13.430">
  <response-info timems="0.049" idlems="0.049" threads="0" lastid="000000000224B700" lastname="main" />
</exclusive-start>
<af-start id="834" threadId="000000000224C088" totalBytesRequested="32" timestamp="2019-06-16T00:11:18.265" intervalms="13.511" type="nursery" />
<percolate-collect id="835" from="nursery" to="global" reason="concurrent mark exhausted" timestamp="2019-06-16T00:11:18.265"/>
<gc-start id="836" type="global" contextid="818" timestamp="2019-06-16T00:11:18.265">
  <mem-info id="837" free="337344" total="10747904" percent="3">
    <mem type="nursery" free="0" total="4980736" percent="0">
      <mem type="allocate" free="0" total="3473408" percent="0" />
      <mem type="survivor" free="0" total="1507328" percent="0" />
    </mem>
    <mem type="tenure" free="337344" total="5767168" percent="5">
      <mem type="soa" free="88512" total="5479424" percent="1" />
      <mem type="loa" free="248832" total="287744" percent="86" />
    </mem>
    <remembered-set count="1464" />
  </mem-info>
</gc-start>
<allocation-stats totalBytes="3042072" >
  <allocated-bytes non-tlh="56" tlh="3042016" />
  <largest-consumer threadName="main" threadId="000000000224B700" bytes="3042072" />
</allocation-stats>
<concurrent-halted id="838" timestamp="2019-06-16T00:11:18.265">
  <halted state="Complete" status="exhausted" />
  <traced bytesTarget="1677211" bytesTotal="2562944" bytesByMutator="795400" bytesByHelper="1767544" percent="152" />
  <cards cleaned="144" thresholdBytes="92340" />
</concurrent-halted>
<gc-op id="839" type="rs-scan" timems="0.651" contextid="818" timestamp="2019-06-16T00:11:18.266">
  <scan objectsFound="1411" bytesTraced="462928" workStackOverflowCount="0" />
</gc-op>
<gc-op id="840" type="card-cleaning" timems="0.092" contextid="818" timestamp="2019-06-16T00:11:18.266">
  <card-cleaning cardsCleaned="12" bytesTraced="10120" workStackOverflowCount="0" />
</gc-op>
<gc-op id="841" type="mark" timems="1.679" contextid="818" timestamp="2019-06-16T00:11:18.268">
  <trace-info objectcount="2328" scancount="2241" scanbytes="87044" />
  <finalization candidates="80" enqueued="0" />
  <ownableSynchronizers candidates="21" cleared="0" />
  <references type="soft" candidates="1641" cleared="0" enqueued="0" dynamicThreshold="9" maxThreshold="32" />
  <references type="weak" candidates="4364" cleared="0" enqueued="0" />
  <references type="phantom" candidates="76" cleared="3" enqueued="3" />
  <stringconstants candidates="8677" cleared="0"  />
</gc-op>
<gc-op id="842" type="sweep" timems="0.320" contextid="818" timestamp="2019-06-16T00:11:18.268" />
<mem-info id="843" free="3606800" total="10747904" percent="33">
  <mem type="nursery" free="2840008" total="4980736" percent="57">
    <mem type="allocate" free="2840008" total="3473408" percent="81" />
    <mem type="survivor" free="0" total="1507328" percent="0" />
  </mem>
  <mem type="tenure" free="766792" total="5767168" percent="13" micro-fragmented="1538" macro-fragmented="0">
    <mem type="soa" free="479048" total="5479424" percent="8" />
    <mem type="loa" free="287744" total="287744" percent="100" />
  </mem>
  <pending-finalizers system="0" default="0" reference="3" classloader="0" />
  <remembered-set count="1464" />
</mem-info>
<gc-op id="844" type="compact" timems="18.235" contextid="818" timestamp="2019-06-16T00:11:18.287">
  <compact-info movecount="85275" movebytes="4969408" reason="compact to aid heap contraction" />
</gc-op>
<heap-resize id="845" type="contract" space="tenure" amount="262144" count="1" timems="0.087" reason="heap reconfiguration" timestamp="2019-06-16T00:11:18.287" />
<gc-end id="846" type="global" contextid="818" durationms="22.426" usertimems="28.000" systemtimems="0.000" timestamp="2019-06-16T00:11:18.288" activeThreads="4">
  <mem-info id="847" free="3429032" total="10485760" percent="32">
    <mem type="nursery" free="2947488" total="4980736" percent="59">
      <mem type="allocate" free="2947488" total="3473408" percent="84" />
      <mem type="survivor" free="0" total="1507328" percent="0" />
    </mem>
    <mem type="tenure" free="481544" total="5505024" percent="8">
      <mem type="soa" free="232712" total="5230592" percent="4" />
      <mem type="loa" free="248832" total="274432" percent="90" />
    </mem>
    <pending-finalizers system="0" default="0" reference="3" classloader="0" />
    <remembered-set count="1464" />
  </mem-info>
</gc-end>
<cycle-end id="848" type="global" contextid="818" timestamp="2019-06-16T00:11:18.288" />
  <attribute name="elasticGC enabled" value="1" />
  <attribute name= "numThreadsSpecified" value="4" />
  <attribute name="heapSize specified" value="10747904" />
  <attribute name="Current GC Util" value="33" />
  <attribute name= "Current Time Running" value="48821" />
  <attribute name ="GC Interval" value="200" />
  <attribute name="ProportionalT" value="19.500000" />
  <attribute name="ProportionalI" value="19.500000" />
  <attribute name="ProportionalH" value="19.500000" />
  <attribute name="Current Error" value="13.000000" />
  <attribute name="IntegralT" value="234.000000" />
  <attribute name="IntegralI" value="234.000000" />
  <attribute name="IntegralH" value="234.000000" />
  <attribute name="DerivativeT" value="0.666667" />
  <attribute name="DerivativeI" value="0.666667" />
  <attribute name="DerivativeH" value="0.666667" />
  <attribute name="Loop Time for DT" value="18.000000" />
  <attribute name="Output H" value="8388608"/>
  <attribute name="Output I" value="256"/>
  <attribute name="Output T" value="4"/>
  <attribute name="Target GC Util Change" value ="20.000000" />
  <attribute name="Current GC Util Change" value="33.000000"/>
  <attribute name="GC Util currently" value="33" />
  <attribute name="CPU Util currently" value="250736862334" />
<allocation-satisfied id="849" threadId="000000000224B700" bytesRequested="32" />
<af-end id="850" timestamp="2019-06-16T00:11:18.288" threadId="000000000224C088" success="true" from="nursery"/>
<exclusive-end id="851" timestamp="2019-06-16T00:11:18.288" durationms="23.334" />

<concurrent-kickoff id="852" timestamp="2019-06-16T00:11:18.308">
  <kickoff reason="threshold reached" targetBytes="1763559" thresholdFreeBytes="244917"  remainingFree="227712" tenureFreeBytes="481544" nurseryFreeBytes="227712" />
</concurrent-kickoff>
<exclusive-start id="853" timestamp="2019-06-16T00:11:18.308" intervalms="43.137">
  <response-info timems="0.028" idlems="0.028" threads="0" lastid="000000000224B700" lastname="main" />
</exclusive-start>
<cycle-start id="854" type="global" contextid="0" timestamp="2019-06-16T00:11:18.308" intervalms="57.546" />
<exclusive-end id="855" timestamp="2019-06-16T00:11:18.308" durationms="0.266" />

<exclusive-start id="856" timestamp="2019-06-16T00:11:18.311" intervalms="3.352">
  <response-info timems="0.020" idlems="0.020" threads="0" lastid="000000000224B700" lastname="main" />
</exclusive-start>
<af-start id="857" threadId="000000000224C088" totalBytesRequested="80" timestamp="2019-06-16T00:11:18.311" intervalms="46.492" type="nursery" />
<cycle-start id="858" type="scavenge" contextid="0" timestamp="2019-06-16T00:11:18.312" intervalms="60.049" />
<gc-start id="859" type="scavenge" contextid="858" timestamp="2019-06-16T00:11:18.312">
  <mem-info id="860" free="481544" total="10485760" percent="4">
    <mem type="nursery" free="0" total="4980736" percent="0">
      <mem type="allocate" free="0" total="3473408" percent="0" />
      <mem type="survivor" free="0" total="1507328" percent="0" />
    </mem>
    <mem type="tenure" free="481544" total="5505024" percent="8">
      <mem type="soa" free="232712" total="5230592" percent="4" />
      <mem type="loa" free="248832" total="274432" percent="90" />
    </mem>
    <remembered-set count="1570" />
  </mem-info>
</gc-start>
<allocation-stats totalBytes="2947032" >
  <allocated-bytes non-tlh="32" tlh="2947000" />
  <largest-consumer threadName="main" threadId="000000000224B700" bytes="2947032" />
</allocation-stats>
<gc-op id="861" type="scavenge" timems="1.237" contextid="858" timestamp="2019-06-16T00:11:18.313">
  <scavenger-info tenureage="3" tenuremask="fff8" tiltratio="69" />
  <memory-copied type="nursery" objects="17474" bytes="742608" bytesdiscarded="86328" />
  <memory-copied type="tenure" objects="3300" bytes="128696" bytesdiscarded="24" />
  <ownableSynchronizers candidates="42" cleared="42" />
</gc-op>
<gc-end id="862" type="scavenge" contextid="858" durationms="1.802" usertimems="0.000" systemtimems="0.000" timestamp="2019-06-16T00:11:18.313" activeThreads="4">
  <mem-info id="863" free="3024376" total="10485760" percent="28">
    <mem type="nursery" free="2775544" total="4980736" percent="55">
      <mem type="allocate" free="2775544" total="3604480" percent="77" />
      <mem type="survivor" free="0" total="1376256" percent="0" />
    </mem>
    <mem type="tenure" free="248832" total="5505024" percent="4" macro-fragmented="0">
      <mem type="soa" free="0" total="5230592" percent="0" />
      <mem type="loa" free="248832" total="274432" percent="90" />
    </mem>
    <remembered-set count="1311" />
  </mem-info>
</gc-end>
<cycle-end id="864" type="scavenge" contextid="858" timestamp="2019-06-16T00:11:18.314" />
  <attribute name="elasticGC enabled" value="1" />
  <attribute name= "numThreadsSpecified" value="4" />
  <attribute name="heapSize specified" value="10747904" />
  <attribute name="Current GC Util" value="172" />
  <attribute name= "Current Time Running" value="48846" />
  <attribute name ="GC Interval" value="4000" />
  <attribute name="ProportionalT" value="228.000000" />
  <attribute name="ProportionalI" value="228.000000" />
  <attribute name="ProportionalH" value="228.000000" />
  <attribute name="Current Error" value="152.000000" />
  <attribute name="IntegralT" value="3800.000000" />
  <attribute name="IntegralI" value="3800.000000" />
  <attribute name="IntegralH" value="3800.000000" />
  <attribute name="DerivativeT" value="5.560000" />
  <attribute name="DerivativeI" value="5.560000" />
  <attribute name="DerivativeH" value="5.560000" />
  <attribute name="Loop Time for DT" value="25.000000" />
  <attribute name="Output H" value="8388608"/>
  <attribute name="Output I" value="4000"/>
  <attribute name="Output T" value="4"/>
  <attribute name="Target GC Util Change" value ="20.000000" />
  <attribute name="Current GC Util Change" value="172.000000"/>
  <attribute name="GC Util currently" value="172" />
  <attribute name="CPU Util currently" value="187337648170" />
<allocation-satisfied id="865" threadId="000000000224B700" bytesRequested="80" />
<af-end id="866" timestamp="2019-06-16T00:11:18.314" threadId="000000000224C088" success="true" from="nursery"/>
<exclusive-end id="867" timestamp="2019-06-16T00:11:18.314" durationms="2.636" />

<exclusive-start id="868" timestamp="2019-06-16T00:11:18.320" intervalms="8.940">
  <response-info timems="0.024" idlems="0.024" threads="0" lastid="000000000224B700" lastname="main" />
</exclusive-start>
<af-start id="869" threadId="000000000224C088" totalBytesRequested="88" timestamp="2019-06-16T00:11:18.320" intervalms="8.937" type="tenure" />
<gc-start id="870" type="global" contextid="854" timestamp="2019-06-16T00:11:18.320">
  <mem-info id="871" free="2581280" total="10485760" percent="24">
    <mem type="nursery" free="2332448" total="4980736" percent="46">
      <mem type="allocate" free="2332448" total="3604480" percent="64" />
      <mem type="survivor" free="0" total="1376256" percent="0" />
    </mem>
    <mem type="tenure" free="248832" total="5505024" percent="4">
      <mem type="soa" free="0" total="5230592" percent="0" />
      <mem type="loa" free="248832" total="274432" percent="90" />
    </mem>
    <remembered-set count="1311" />
  </mem-info>
</gc-start>
<allocation-stats totalBytes="434576" >
  <allocated-bytes non-tlh="135896" tlh="298680" />
  <largest-consumer threadName="main" threadId="000000000224B700" bytes="434576" />
</allocation-stats>
<concurrent-halted id="872" timestamp="2019-06-16T00:11:18.321">
  <halted state="Complete" status="trace only" />
  <traced bytesTarget="1763559" bytesTotal="2054776" bytesByMutator="8928" bytesByHelper="2045848" percent="116" />
  <cards cleaned="0" thresholdBytes="96482" />
</concurrent-halted>
<gc-op id="873" type="rs-scan" timems="0.179" contextid="854" timestamp="2019-06-16T00:11:18.321">
  <scan objectsFound="51" bytesTraced="3892" workStackOverflowCount="0" />
</gc-op>
<gc-op id="874" type="card-cleaning" timems="0.078" contextid="854" timestamp="2019-06-16T00:11:18.321">
  <card-cleaning cardsCleaned="9" bytesTraced="1320" workStackOverflowCount="0" />
</gc-op>
<gc-op id="875" type="mark" timems="0.808" contextid="854" timestamp="2019-06-16T00:11:18.322">
  <trace-info objectcount="66" scancount="64" scanbytes="1552" />
  <finalization candidates="80" enqueued="0" />
  <ownableSynchronizers candidates="21" cleared="0" />
  <references type="soft" candidates="1641" cleared="411" enqueued="402" dynamicThreshold="2" maxThreshold="32" />
  <references type="weak" candidates="4364" cleared="1" enqueued="1" />
  <references type="phantom" candidates="72" cleared="0" enqueued="0" />
  <stringconstants candidates="8677" cleared="12"  />
</gc-op>
<gc-op id="876" type="sweep" timems="0.268" contextid="854" timestamp="2019-06-16T00:11:18.323" />
<mem-info id="877" free="4841504" total="10485760" percent="46">
  <mem type="nursery" free="3558096" total="4980736" percent="71">
    <mem type="allocate" free="3558096" total="3604480" percent="98" />
    <mem type="survivor" free="0" total="1376256" percent="0" />
  </mem>
  <mem type="tenure" free="1283408" total="5505024" percent="23" micro-fragmented="25429" macro-fragmented="54346">
    <mem type="soa" free="1008976" total="5230592" percent="19" />
    <mem type="loa" free="274432" total="274432" percent="100" />
  </mem>
  <pending-finalizers system="0" default="0" reference="403" classloader="0" />
  <remembered-set count="70" />
</mem-info>
<gc-op id="878" type="compact" timems="14.833" contextid="854" timestamp="2019-06-16T00:11:18.338">
  <compact-info movecount="60638" movebytes="3671272" reason="compact to aid heap contraction" />
</gc-op>
<heap-resize id="879" type="contract" space="tenure" amount="262144" count="1" timems="0.077" reason="heap reconfiguration" timestamp="2019-06-16T00:11:18.338" />
<gc-end id="880" type="global" contextid="854" durationms="17.774" usertimems="40.000" systemtimems="0.000" timestamp="2019-06-16T00:11:18.338" activeThreads="4">
  <mem-info id="881" free="4598488" total="10223616" percent="44">
    <mem type="nursery" free="3558128" total="4980736" percent="71">
      <mem type="allocate" free="3558128" total="3604480" percent="98" />
      <mem type="survivor" free="0" total="1376256" percent="0" />
    </mem>
    <mem type="tenure" free="1040360" total="5242880" percent="19">
      <mem type="soa" free="790504" total="4980736" percent="15" />
      <mem type="loa" free="249856" total="262144" percent="95" />
    </mem>
    <pending-finalizers system="0" default="0" reference="403" classloader="0" />
    <remembered-set count="70" />
  </mem-info>
</gc-end>
<cycle-end id="882" type="global" contextid="854" timestamp="2019-06-16T00:11:18.338" />
  <attribute name="elasticGC enabled" value="1" />
  <attribute name= "numThreadsSpecified" value="4" />
  <attribute name="heapSize specified" value="10485760" />
  <attribute name="Current GC Util" value="24" />
  <attribute name= "Current Time Running" value="48872" />
  <attribute name ="GC Interval" value="4000" />
  <attribute name="ProportionalT" value="6.000000" />
  <attribute name="ProportionalI" value="6.000000" />
  <attribute name="ProportionalH" value="6.000000" />
  <attribute name="Current Error" value="4.000000" />
  <attribute name="IntegralT" value="60.000000" />
  <attribute name="IntegralI" value="60.000000" />
  <attribute name="IntegralH" value="60.000000" />
  <attribute name="DerivativeT" value="0.266667" />
  <attribute name="DerivativeI" value="0.266667" />
  <attribute name="DerivativeH" value="0.266667" />
  <attribute name="Loop Time for DT" value="15.000000" />
  <attribute name="Output H" value="8388608"/>
  <attribute name="Output I" value="200"/>
  <attribute name="Output T" value="4"/>
  <attribute name="Target GC Util Change" value ="20.000000" />
  <attribute name="Current GC Util Change" value="24.000000"/>
  <attribute name="GC Util currently" value="24" />
  <attribute name="CPU Util currently" value="307584721503" />
<allocation-satisfied id="883" threadId="000000000224B700" bytesRequested="88" />
<af-end id="884" timestamp="2019-06-16T00:11:18.339" threadId="000000000224C088" success="true" from="tenure-soa"/>
<exclusive-end id="885" timestamp="2019-06-16T00:11:18.339" durationms="18.633" />

<exclusive-start id="886" timestamp="2019-06-16T00:11:18.400" intervalms="80.058">
  <response-info timems="0.032" idlems="0.032" threads="0" lastid="000000000224B700" lastname="main" />
</exclusive-start>
<af-start id="887" threadId="000000000224C088" totalBytesRequested="32" timestamp="2019-06-16T00:11:18.400" intervalms="80.061" type="nursery" />
<cycle-start id="888" type="scavenge" contextid="0" timestamp="2019-06-16T00:11:18.401" intervalms="88.968" />
<gc-start id="889" type="scavenge" contextid="888" timestamp="2019-06-16T00:11:18.401">
  <mem-info id="890" free="898112" total="10223616" percent="8">
    <mem type="nursery" free="0" total="4980736" percent="0">
      <mem type="allocate" free="0" total="3604480" percent="0" />
      <mem type="survivor" free="0" total="1376256" percent="0" />
    </mem>
    <mem type="tenure" free="898112" total="5242880" percent="17">
      <mem type="soa" free="648256" total="4980736" percent="13" />
      <mem type="loa" free="249856" total="262144" percent="95" />
    </mem>
    <remembered-set count="2994" />
  </mem-info>
</gc-start>
<allocation-stats totalBytes="3698800" >
  <allocated-bytes non-tlh="407888" tlh="3290912" />
  <largest-consumer threadName="main" threadId="000000000224B700" bytes="3690608" />
</allocation-stats>
<gc-op id="891" type="scavenge" timems="0.884" contextid="888" timestamp="2019-06-16T00:11:18.402">
  <scavenger-info tenureage="6" tenuremask="ffc0" tiltratio="72" />
  <memory-copied type="nursery" objects="13644" bytes="898272" bytesdiscarded="89064" />
  <ownableSynchronizers candidates="42" cleared="42" />
  <references type="soft" candidates="70" cleared="0" enqueued="0" dynamicThreshold="6" maxThreshold="32" />
  <references type="weak" candidates="128" cleared="32" enqueued="23" />
  <references type="phantom" candidates="1" cleared="0" enqueued="0" />
</gc-op>
<gc-end id="892" type="scavenge" contextid="888" durationms="1.515" usertimems="0.000" systemtimems="0.000" timestamp="2019-06-16T00:11:18.402" activeThreads="4">
  <mem-info id="893" free="3711712" total="10223616" percent="36">
    <mem type="nursery" free="2813600" total="4980736" percent="56">
      <mem type="allocate" free="2813600" total="3801088" percent="74" />
      <mem type="survivor" free="0" total="1179648" percent="0" />
    </mem>
    <mem type="tenure" free="898112" total="5242880" percent="17" macro-fragmented="3047">
      <mem type="soa" free="648256" total="4980736" percent="13" />
      <mem type="loa" free="249856" total="262144" percent="95" />
    </mem>
    <pending-finalizers system="0" default="0" reference="23" classloader="0" />
    <remembered-set count="2857" />
  </mem-info>
</gc-end>
<cycle-end id="894" type="scavenge" contextid="888" timestamp="2019-06-16T00:11:18.402" />
  <attribute name="elasticGC enabled" value="1" />
  <attribute name= "numThreadsSpecified" value="4" />
  <attribute name="heapSize specified" value="10485760" />
  <attribute name="Current GC Util" value="25" />
  <attribute name= "Current Time Running" value="48935" />
  <attribute name ="GC Interval" value="328" />
  <attribute name="ProportionalT" value="7.500000" />
  <attribute name="ProportionalI" value="7.500000" />
  <attribute name="ProportionalH" value="7.500000" />
  <attribute name="Current Error" value="5.000000" />
  <attribute name="IntegralT" value="315.000000" />
  <attribute name="IntegralI" value="315.000000" />
  <attribute name="IntegralH" value="315.000000" />
  <attribute name="DerivativeT" value="0.015873" />
  <attribute name="DerivativeI" value="0.015873" />
  <attribute name="DerivativeH" value="0.015873" />
  <attribute name="Loop Time for DT" value="63.000000" />
  <attribute name="Output H" value="8388608"/>
  <attribute name="Output I" value="328"/>
  <attribute name="Output T" value="4"/>
  <attribute name="Target GC Util Change" value ="20.000000" />
  <attribute name="Current GC Util Change" value="25.000000"/>
  <attribute name="GC Util currently" value="25" />
  <attribute name="CPU Util currently" value="73299520354" />
<allocation-satisfied id="895" threadId="000000000224B700" bytesRequested="32" />
<af-end id="896" timestamp="2019-06-16T00:11:18.403" threadId="000000000224C088" success="true" from="nursery"/>
<exclusive-end id="897" timestamp="2019-06-16T00:11:18.403" durationms="2.410" />

<exclusive-start id="898" timestamp="2019-06-16T00:11:18.414" intervalms="14.078">
  <response-info timems="0.024" idlems="0.024" threads="0" lastid="000000000224B700" lastname="main" />
</exclusive-start>
<af-start id="899" threadId="000000000224C088" totalBytesRequested="192" timestamp="2019-06-16T00:11:18.414" intervalms="14.081" type="nursery" />
<cycle-start id="900" type="scavenge" contextid="0" timestamp="2019-06-16T00:11:18.415" intervalms="14.116" />
<gc-start id="901" type="scavenge" contextid="900" timestamp="2019-06-16T00:11:18.415">
  <mem-info id="902" free="898112" total="10223616" percent="8">
    <mem type="nursery" free="0" total="4980736" percent="0">
      <mem type="allocate" free="0" total="3801088" percent="0" />
      <mem type="survivor" free="0" total="1179648" percent="0" />
    </mem>
    <mem type="tenure" free="898112" total="5242880" percent="17">
      <mem type="soa" free="648256" total="4980736" percent="13" />
      <mem type="loa" free="249856" total="262144" percent="95" />
    </mem>
    <remembered-set count="2859" />
  </mem-info>
</gc-start>
<allocation-stats totalBytes="2812904" >
  <allocated-bytes non-tlh="32" tlh="2812872" />
  <largest-consumer threadName="main" threadId="000000000224B700" bytes="2808808" />
</allocation-stats>
<gc-op id="903" type="scavenge" timems="1.015" contextid="900" timestamp="2019-06-16T00:11:18.416">
  <scavenger-info tenureage="5" tenuremask="ffe0" tiltratio="76" />
  <memory-copied type="nursery" objects="18458" bytes="832848" bytesdiscarded="113512" />
  <references type="soft" candidates="70" cleared="0" enqueued="0" dynamicThreshold="6" maxThreshold="32" />
  <references type="weak" candidates="96" cleared="0" enqueued="0" />
</gc-op>
<gc-end id="904" type="scavenge" contextid="900" durationms="1.698" usertimems="0.000" systemtimems="0.000" timestamp="2019-06-16T00:11:18.416" activeThreads="4">
  <mem-info id="905" free="3752760" total="10223616" percent="36">
    <mem type="nursery" free="2854648" total="4980736" percent="57">
      <mem type="allocate" free="2854648" total="3801088" percent="75" />
      <mem type="survivor" free="0" total="1179648" percent="0" />
    </mem>
    <mem type="tenure" free="898112" total="5242880" percent="17" macro-fragmented="5266">
      <mem type="soa" free="648256" total="4980736" percent="13" />
      <mem type="loa" free="249856" total="262144" percent="95" />
    </mem>
    <remembered-set count="2854" />
  </mem-info>
</gc-end>
<cycle-end id="906" type="scavenge" contextid="900" timestamp="2019-06-16T00:11:18.417" />
  <attribute name="elasticGC enabled" value="1" />
  <attribute name= "numThreadsSpecified" value="4" />
  <attribute name="heapSize specified" value="10485760" />
  <attribute name="Current GC Util" value="16" />
  <attribute name= "Current Time Running" value="48949" />
  <attribute name ="GC Interval" value="200" />
  <attribute name="ProportionalT" value="-6.000000" />
  <attribute name="ProportionalI" value="-6.000000" />
  <attribute name="ProportionalH" value="-6.000000" />
  <attribute name="Current Error" value="-4.000000" />
  <attribute name="IntegralT" value="-56.000000" />
  <attribute name="IntegralI" value="-56.000000" />
  <attribute name="IntegralH" value="-56.000000" />
  <attribute name="DerivativeT" value="-0.642857" />
  <attribute name="DerivativeI" value="-0.642857" />
  <attribute name="DerivativeH" value="-0.642857" />
  <attribute name="Loop Time for DT" value="14.000000" />
  <attribute name="Output H" value="2092630016"/>
  <attribute name="Output I" value="200"/>
  <attribute name="Output T" value="4"/>
  <attribute name="Target GC Util Change" value ="20.000000" />
  <attribute name="Current GC Util Change" value="16.000000"/>
  <attribute name="GC Util currently" value="16" />
  <attribute name="CPU Util currently" value="325378745151" />
<allocation-satisfied id="907" threadId="000000000224B700" bytesRequested="192" />
<af-end id="908" timestamp="2019-06-16T00:11:18.417" threadId="000000000224C088" success="true" from="nursery"/>
<exclusive-end id="909" timestamp="2019-06-16T00:11:18.417" durationms="2.653" />

<exclusive-start id="910" timestamp="2019-06-16T00:11:18.530" intervalms="115.268">
  <response-info timems="0.050" idlems="0.050" threads="0" lastid="000000000224B700" lastname="main" />
</exclusive-start>
<af-start id="911" threadId="000000000224C088" totalBytesRequested="24" timestamp="2019-06-16T00:11:18.530" intervalms="115.292" type="nursery" />
<cycle-start id="912" type="scavenge" contextid="0" timestamp="2019-06-16T00:11:18.530" intervalms="115.307" />
<gc-start id="913" type="scavenge" contextid="912" timestamp="2019-06-16T00:11:18.530">
  <mem-info id="914" free="878464" total="10223616" percent="8">
    <mem type="nursery" free="0" total="4980736" percent="0">
      <mem type="allocate" free="0" total="3801088" percent="0" />
      <mem type="survivor" free="0" total="1179648" percent="0" />
    </mem>
    <mem type="tenure" free="878464" total="5242880" percent="16">
      <mem type="soa" free="628608" total="4980736" percent="12" />
      <mem type="loa" free="249856" total="262144" percent="95" />
    </mem>
    <remembered-set count="2974" />
  </mem-info>
</gc-start>
<allocation-stats totalBytes="2872856" >
  <allocated-bytes non-tlh="219848" tlh="2653008" />
  <largest-consumer threadName="main" threadId="000000000224B700" bytes="2872856" />
</allocation-stats>
<gc-op id="915" type="scavenge" timems="0.750" contextid="912" timestamp="2019-06-16T00:11:18.531">
  <scavenger-info tenureage="3" tenuremask="fff8" tiltratio="76" />
  <memory-copied type="nursery" objects="11962" bytes="791368" bytesdiscarded="101256" />
  <references type="soft" candidates="105" cleared="0" enqueued="0" dynamicThreshold="6" maxThreshold="32" />
  <references type="weak" candidates="106" cleared="2" enqueued="2" />
  <references type="phantom" candidates="1" cleared="0" enqueued="0" />
</gc-op>
<gc-end id="916" type="scavenge" contextid="912" durationms="1.449" usertimems="0.000" systemtimems="0.000" timestamp="2019-06-16T00:11:18.532" activeThreads="4">
  <mem-info id="917" free="3852328" total="10223616" percent="37">
    <mem type="nursery" free="2973864" total="4980736" percent="59">
      <mem type="allocate" free="2973864" total="3866624" percent="76" />
      <mem type="survivor" free="0" total="1114112" percent="0" />
    </mem>
    <mem type="tenure" free="878464" total="5242880" percent="16" macro-fragmented="418667">
      <mem type="soa" free="628608" total="4980736" percent="12" />
      <mem type="loa" free="249856" total="262144" percent="95" />
    </mem>
    <pending-finalizers system="0" default="0" reference="2" classloader="0" />
    <remembered-set count="306" />
  </mem-info>
</gc-end>
<cycle-end id="918" type="scavenge" contextid="912" timestamp="2019-06-16T00:11:18.532" />
  <attribute name="elasticGC enabled" value="1" />
  <attribute name= "numThreadsSpecified" value="4" />
  <attribute name="heapSize specified" value="10485760" />
  <attribute name="Current GC Util" value="1" />
  <attribute name= "Current Time Running" value="49064" />
  <attribute name ="GC Interval" value="200" />
  <attribute name="ProportionalT" value="-28.500000" />
  <attribute name="ProportionalI" value="-28.500000" />
  <attribute name="ProportionalH" value="-28.500000" />
  <attribute name="Current Error" value="-19.000000" />
  <attribute name="IntegralT" value="-2185.000000" />
  <attribute name="IntegralI" value="-2185.000000" />
  <attribute name="IntegralH" value="-2185.000000" />
  <attribute name="DerivativeT" value="-0.165217" />
  <attribute name="DerivativeI" value="-0.165217" />
  <attribute name="DerivativeH" value="-0.165217" />
  <attribute name="Loop Time for DT" value="115.000000" />
  <attribute name="Output H" value="2092630016"/>
  <attribute name="Output I" value="200"/>
  <attribute name="Output T" value="4"/>
  <attribute name="Target GC Util Change" value ="20.000000" />
  <attribute name="Current GC Util Change" value="1.000000"/>
  <attribute name="GC Util currently" value="1" />
  <attribute name="CPU Util currently" value="39959925879" />
<allocation-satisfied id="919" threadId="000000000224B700" bytesRequested="24" />
<af-end id="920" timestamp="2019-06-16T00:11:18.532" threadId="000000000224C088" success="true" from="nursery"/>
<exclusive-end id="921" timestamp="2019-06-16T00:11:18.532" durationms="2.417" />

<exclusive-start id="922" timestamp="2019-06-16T00:11:18.539" intervalms="9.779">
  <response-info timems="0.059" idlems="0.059" threads="0" lastid="000000000224B700" lastname="main" />
</exclusive-start>
<af-start id="923" threadId="000000000224C088" totalBytesRequested="40" timestamp="2019-06-16T00:11:18.540" intervalms="9.756" type="nursery" />
<cycle-start id="924" type="scavenge" contextid="0" timestamp="2019-06-16T00:11:18.540" intervalms="9.668" />
<gc-start id="925" type="scavenge" contextid="924" timestamp="2019-06-16T00:11:18.540">
  <mem-info id="926" free="878464" total="10223616" percent="8">
    <mem type="nursery" free="0" total="4980736" percent="0">
      <mem type="allocate" free="0" total="3866624" percent="0" />
      <mem type="survivor" free="0" total="1114112" percent="0" />
    </mem>
    <mem type="tenure" free="878464" total="5242880" percent="16">
      <mem type="soa" free="628608" total="4980736" percent="12" />
      <mem type="loa" free="249856" total="262144" percent="95" />
    </mem>
    <remembered-set count="307" />
  </mem-info>
</gc-start>
<allocation-stats totalBytes="2973512" >
  <allocated-bytes non-tlh="24" tlh="2973488" />
  <largest-consumer threadName="main" threadId="000000000224B700" bytes="2969416" />
</allocation-stats>
<gc-op id="927" type="scavenge" timems="1.498" contextid="924" timestamp="2019-06-16T00:11:18.541">
  <scavenger-info tenureage="4" tenuremask="fff0" tiltratio="77" />
  <memory-copied type="nursery" objects="16338" bytes="957136" bytesdiscarded="33776" />
  <references type="soft" candidates="105" cleared="0" enqueued="0" dynamicThreshold="6" maxThreshold="32" />
  <references type="weak" candidates="102" cleared="0" enqueued="0" />
  <references type="phantom" candidates="1" cleared="0" enqueued="0" />
</gc-op>
<heap-resize id="928" type="expand" space="nursery" amount="393216" count="1" timems="0.013" reason="excessive time being spent scavenging" timestamp="2019-06-16T00:11:18.542" />
<gc-end id="929" type="scavenge" contextid="924" durationms="2.212" usertimems="4.000" systemtimems="0.000" timestamp="2019-06-16T00:11:18.542" activeThreads="1">
  <mem-info id="930" free="3885112" total="10616832" percent="36">
    <mem type="nursery" free="3006648" total="5373952" percent="55">
      <mem type="allocate" free="3006648" total="3997696" percent="75" />
      <mem type="survivor" free="0" total="1376256" percent="0" />
    </mem>
    <mem type="tenure" free="878464" total="5242880" percent="16" macro-fragmented="5266">
      <mem type="soa" free="628608" total="4980736" percent="12" />
      <mem type="loa" free="249856" total="262144" percent="95" />
    </mem>
    <remembered-set count="306" />
  </mem-info>
</gc-end>
<cycle-end id="931" type="scavenge" contextid="924" timestamp="2019-06-16T00:11:18.542" />
  <attribute name="elasticGC enabled" value="1" />
  <attribute name= "numThreadsSpecified" value="1" />
  <attribute name="heapSize specified" value="10485760" />
  <attribute name="Current GC Util" value="20" />
  <attribute name= "Current Time Running" value="49074" />
  <attribute name ="GC Interval" value="200" />
  <attribute name="ProportionalT" value="0.000000" />
  <attribute name="ProportionalI" value="0.000000" />
  <attribute name="ProportionalH" value="0.000000" />
  <attribute name="Current Error" value="0.000000" />
  <attribute name="IntegralT" value="0.000000" />
  <attribute name="IntegralI" value="0.000000" />
  <attribute name="IntegralH" value="0.000000" />
  <attribute name="DerivativeT" value="0.000000" />
  <attribute name="DerivativeI" value="0.000000" />
  <attribute name="DerivativeH" value="0.000000" />
  <attribute name="Loop Time for DT" value="10.000000" />
  <attribute name="Output H" value="8388608"/>
  <attribute name="Output I" value="200"/>
  <attribute name="Output T" value="1"/>
  <attribute name="Target GC Util Change" value ="20.000000" />
  <attribute name="Current GC Util Change" value="20.000000"/>
  <attribute name="GC Util currently" value="20" />
  <attribute name="CPU Util currently" value="489183504620" />
<allocation-satisfied id="932" threadId="000000000224B700" bytesRequested="40" />
<af-end id="933" timestamp="2019-06-16T00:11:18.542" threadId="000000000224C088" success="true" from="nursery"/>
<exclusive-end id="934" timestamp="2019-06-16T00:11:18.542" durationms="3.060" />

<exclusive-start id="935" timestamp="2019-06-16T00:11:18.606" intervalms="66.447">
  <response-info timems="0.028" idlems="0.028" threads="0" lastid="000000000224B700" lastname="main" />
</exclusive-start>
<af-start id="936" threadId="000000000224C088" totalBytesRequested="32" timestamp="2019-06-16T00:11:18.606" intervalms="66.437" type="nursery" />
<cycle-start id="937" type="scavenge" contextid="0" timestamp="2019-06-16T00:11:18.606" intervalms="66.505" />
<gc-start id="938" type="scavenge" contextid="937" timestamp="2019-06-16T00:11:18.606">
  <mem-info id="939" free="860728" total="10616832" percent="8">
    <mem type="nursery" free="0" total="5373952" percent="0">
      <mem type="allocate" free="0" total="3997696" percent="0" />
      <mem type="survivor" free="0" total="1376256" percent="0" />
    </mem>
    <mem type="tenure" free="860728" total="5242880" percent="16">
      <mem type="soa" free="610872" total="4980736" percent="12" />
      <mem type="loa" free="249856" total="262144" percent="95" />
    </mem>
    <remembered-set count="391" />
  </mem-info>
</gc-start>
<allocation-stats totalBytes="3023704" >
  <allocated-bytes non-tlh="283328" tlh="2740376" />
  <largest-consumer threadName="main" threadId="000000000224B700" bytes="3023704" />
</allocation-stats>
<gc-op id="940" type="scavenge" timems="0.770" contextid="937" timestamp="2019-06-16T00:11:18.607">
  <scavenger-info tenureage="2" tenuremask="fffc" tiltratio="74" />
  <memory-copied type="nursery" objects="6687" bytes="651040" bytesdiscarded="136184" />
  <memory-copied type="tenure" objects="8912" bytes="363320" bytesdiscarded="528" />
  <references type="soft" candidates="1" cleared="0" enqueued="0" dynamicThreshold="6" maxThreshold="32" />
  <references type="weak" candidates="20" cleared="0" enqueued="0" />
  <references type="phantom" candidates="1" cleared="0" enqueued="0" />
</gc-op>
<gc-end id="941" type="scavenge" contextid="937" durationms="1.365" usertimems="4.000" systemtimems="0.000" timestamp="2019-06-16T00:11:18.608" activeThreads="4">
  <mem-info id="942" free="3807184" total="10616832" percent="35">
    <mem type="nursery" free="3407008" total="5373952" percent="63">
      <mem type="allocate" free="3407008" total="4194304" percent="81" />
      <mem type="survivor" free="0" total="1179648" percent="0" />
    </mem>
    <mem type="tenure" free="400176" total="5242880" percent="7" macro-fragmented="0">
      <mem type="soa" free="150320" total="4980736" percent="3" />
      <mem type="loa" free="249856" total="262144" percent="95" />
    </mem>
    <remembered-set count="165" />
  </mem-info>
</gc-end>
<cycle-end id="943" type="scavenge" contextid="937" timestamp="2019-06-16T00:11:18.608" />
  <attribute name="elasticGC enabled" value="1" />
  <attribute name= "numThreadsSpecified" value="4" />
  <attribute name="heapSize specified" value="10485760" />
  <attribute name="Current GC Util" value="2" />
  <attribute name= "Current Time Running" value="49140" />
  <attribute name ="GC Interval" value="200" />
  <attribute name="ProportionalT" value="-27.000000" />
  <attribute name="ProportionalI" value="-27.000000" />
  <attribute name="ProportionalH" value="-27.000000" />
  <attribute name="Current Error" value="-18.000000" />
  <attribute name="IntegralT" value="-1188.000000" />
  <attribute name="IntegralI" value="-1188.000000" />
  <attribute name="IntegralH" value="-1188.000000" />
  <attribute name="DerivativeT" value="-0.272727" />
  <attribute name="DerivativeI" value="-0.272727" />
  <attribute name="DerivativeH" value="-0.272727" />
  <attribute name="Loop Time for DT" value="66.000000" />
  <attribute name="Output H" value="2092630016"/>
  <attribute name="Output I" value="200"/>
  <attribute name="Output T" value="4"/>
  <attribute name="Target GC Util Change" value ="20.000000" />
  <attribute name="Current GC Util Change" value="2.000000"/>
  <attribute name="GC Util currently" value="2" />
  <attribute name="CPU Util currently" value="69185996757" />
<allocation-satisfied id="944" threadId="000000000224B700" bytesRequested="32" />
<af-end id="945" timestamp="2019-06-16T00:11:18.608" threadId="000000000224C088" success="true" from="nursery"/>
<exclusive-end id="946" timestamp="2019-06-16T00:11:18.608" durationms="2.182" />

<concurrent-kickoff id="947" timestamp="2019-06-16T00:11:18.614">
  <kickoff reason="threshold reached" targetBytes="1879984" thresholdFreeBytes="257655"  remainingFree="162944" tenureFreeBytes="400176" nurseryFreeBytes="162944" />
</concurrent-kickoff>
<exclusive-start id="948" timestamp="2019-06-16T00:11:18.614" intervalms="8.360">
  <response-info timems="0.024" idlems="0.024" threads="0" lastid="000000000224B700" lastname="main" />
</exclusive-start>
<cycle-start id="949" type="global" contextid="0" timestamp="2019-06-16T00:11:18.614" intervalms="306.274" />
<exclusive-end id="950" timestamp="2019-06-16T00:11:18.614" durationms="0.250" />

<exclusive-start id="951" timestamp="2019-06-16T00:11:18.615" intervalms="1.146">
  <response-info timems="0.020" idlems="0.020" threads="0" lastid="000000000224B700" lastname="main" />
</exclusive-start>
<af-start id="952" threadId="000000000224C088" totalBytesRequested="24" timestamp="2019-06-16T00:11:18.615" intervalms="9.432" type="nursery" />
<cycle-start id="953" type="scavenge" contextid="0" timestamp="2019-06-16T00:11:18.616" intervalms="9.426" />
<gc-start id="954" type="scavenge" contextid="953" timestamp="2019-06-16T00:11:18.616">
  <mem-info id="955" free="400176" total="10616832" percent="3">
    <mem type="nursery" free="0" total="5373952" percent="0">
      <mem type="allocate" free="0" total="4194304" percent="0" />
      <mem type="survivor" free="0" total="1179648" percent="0" />
    </mem>
    <mem type="tenure" free="400176" total="5242880" percent="7">
      <mem type="soa" free="150320" total="4980736" percent="3" />
      <mem type="loa" free="249856" total="262144" percent="95" />
    </mem>
    <remembered-set count="165" />
  </mem-info>
</gc-start>
<allocation-stats totalBytes="3406600" >
  <allocated-bytes non-tlh="32" tlh="3406568" />
  <largest-consumer threadName="main" threadId="000000000224B700" bytes="3406600" />
</allocation-stats>
<gc-op id="956" type="scavenge" timems="0.640" contextid="953" timestamp="2019-06-16T00:11:18.616">
  <scavenger-info tenureage="10" tenuremask="7c00" tiltratio="78" />
  <memory-copied type="nursery" objects="9179" bytes="743920" bytesdiscarded="167448" />
  <references type="soft" candidates="1" cleared="0" enqueued="0" dynamicThreshold="6" maxThreshold="32" />
  <references type="weak" candidates="20" cleared="0" enqueued="0" />
  <references type="phantom" candidates="1" cleared="0" enqueued="0" />
</gc-op>
<heap-resize id="957" type="expand" space="nursery" amount="262144" count="1" timems="0.015" reason="excessive time being spent scavenging" timestamp="2019-06-16T00:11:18.617" />
<gc-end id="958" type="scavenge" contextid="953" durationms="1.234" usertimems="0.000" systemtimems="0.000" timestamp="2019-06-16T00:11:18.617" activeThreads="4">
  <mem-info id="959" free="3945192" total="10878976" percent="36">
    <mem type="nursery" free="3545016" total="5636096" percent="62">
      <mem type="allocate" free="3545016" total="4456448" percent="79" />
      <mem type="survivor" free="0" total="1179648" percent="0" />
    </mem>
    <mem type="tenure" free="400176" total="5242880" percent="7" macro-fragmented="0">
      <mem type="soa" free="150320" total="4980736" percent="3" />
      <mem type="loa" free="249856" total="262144" percent="95" />
    </mem>
    <remembered-set count="165" />
  </mem-info>
</gc-end>
<cycle-end id="960" type="scavenge" contextid="953" timestamp="2019-06-16T00:11:18.617" />
  <attribute name="elasticGC enabled" value="1" />
  <attribute name= "numThreadsSpecified" value="4" />
  <attribute name="heapSize specified" value="10485760" />
  <attribute name="Current GC Util" value="23" />
  <attribute name= "Current Time Running" value="49150" />
  <attribute name ="GC Interval" value="200" />
  <attribute name="ProportionalT" value="4.500000" />
  <attribute name="ProportionalI" value="4.500000" />
  <attribute name="ProportionalH" value="4.500000" />
  <attribute name="Current Error" value="3.000000" />
  <attribute name="IntegralT" value="30.000000" />
  <attribute name="IntegralI" value="30.000000" />
  <attribute name="IntegralH" value="30.000000" />
  <attribute name="DerivativeT" value="0.300000" />
  <attribute name="DerivativeI" value="0.300000" />
  <attribute name="DerivativeH" value="0.300000" />
  <attribute name="Loop Time for DT" value="10.000000" />
  <attribute name="Output H" value="8388608"/>
  <attribute name="Output I" value="200"/>
  <attribute name="Output T" value="4"/>
  <attribute name="Target GC Util Change" value ="20.000000" />
  <attribute name="Current GC Util Change" value="23.000000"/>
  <attribute name="GC Util currently" value="23" />
  <attribute name="CPU Util currently" value="496560825078" />
<allocation-satisfied id="961" threadId="000000000224B700" bytesRequested="24" />
<af-end id="962" timestamp="2019-06-16T00:11:18.617" threadId="000000000224C088" success="true" from="nursery"/>
<exclusive-end id="963" timestamp="2019-06-16T00:11:18.617" durationms="2.085" />

<exclusive-start id="964" timestamp="2019-06-16T00:11:18.627" intervalms="11.911">
  <response-info timems="0.044" idlems="0.044" threads="0" lastid="000000000224B700" lastname="main" />
</exclusive-start>
<af-start id="965" threadId="000000000224C088" totalBytesRequested="32" timestamp="2019-06-16T00:11:18.627" intervalms="11.998" type="nursery" />
<percolate-collect id="966" from="nursery" to="global" reason="concurrent mark exhausted" timestamp="2019-06-16T00:11:18.628"/>
<gc-start id="967" type="global" contextid="949" timestamp="2019-06-16T00:11:18.628">
  <mem-info id="968" free="400176" total="10878976" percent="3">
    <mem type="nursery" free="0" total="5636096" percent="0">
      <mem type="allocate" free="0" total="4456448" percent="0" />
      <mem type="survivor" free="0" total="1179648" percent="0" />
    </mem>
    <mem type="tenure" free="400176" total="5242880" percent="7">
      <mem type="soa" free="150320" total="4980736" percent="3" />
      <mem type="loa" free="249856" total="262144" percent="95" />
    </mem>
    <remembered-set count="165" />
  </mem-info>
</gc-start>
<allocation-stats totalBytes="3544592" >
  <allocated-bytes non-tlh="24" tlh="3544568" />
  <largest-consumer threadName="main" threadId="000000000224B700" bytes="3544592" />
</allocation-stats>
<concurrent-halted id="969" timestamp="2019-06-16T00:11:18.628">
  <halted state="Complete" status="exhausted" />
  <traced bytesTarget="1823715" bytesTotal="2254552" bytesByMutator="406016" bytesByHelper="1848536" percent="123" />
  <cards cleaned="0" thresholdBytes="101500" />
</concurrent-halted>
<gc-op id="970" type="rs-scan" timems="0.178" contextid="949" timestamp="2019-06-16T00:11:18.628">
  <scan objectsFound="146" bytesTraced="10348" workStackOverflowCount="0" />
</gc-op>
<gc-op id="971" type="card-cleaning" timems="0.139" contextid="949" timestamp="2019-06-16T00:11:18.628">
  <card-cleaning cardsCleaned="0" bytesTraced="17572" workStackOverflowCount="0" />
</gc-op>
<gc-op id="972" type="mark" timems="2.362" contextid="949" timestamp="2019-06-16T00:11:18.631">
  <trace-info objectcount="12452" scancount="11462" scanbytes="521648" />
  <finalization candidates="80" enqueued="0" />
  <ownableSynchronizers candidates="21" cleared="0" />
  <references type="soft" candidates="1336" cleared="0" enqueued="0" dynamicThreshold="6" maxThreshold="32" />
  <references type="weak" candidates="4480" cleared="6" enqueued="3" />
  <references type="phantom" candidates="73" cleared="0" enqueued="0" />
  <stringconstants candidates="11056" cleared="85"  />
</gc-op>
<gc-op id="973" type="classunload" timems="0.003" contextid="949" timestamp="2019-06-16T00:11:18.631">
  <classunload-info classloadercandidates="19" classloadersunloaded="0" classesunloaded="0" anonymousclassesunloaded="0" quiescems="0.000" setupms="0.003" scanms="0.000" postms="0.000" />
</gc-op>
<gc-op id="974" type="sweep" timems="0.236" contextid="949" timestamp="2019-06-16T00:11:18.631" />
<mem-info id="975" free="4058648" total="10878976" percent="37">
  <mem type="nursery" free="3546056" total="5636096" percent="62">
    <mem type="allocate" free="3546056" total="4456448" percent="79" />
    <mem type="survivor" free="0" total="1179648" percent="0" />
  </mem>
  <mem type="tenure" free="512592" total="5242880" percent="9" micro-fragmented="57958" macro-fragmented="140211">
    <mem type="soa" free="250448" total="4980736" percent="5" />
    <mem type="loa" free="262144" total="262144" percent="100" />
  </mem>
  <pending-finalizers system="0" default="0" reference="3" classloader="0" />
  <remembered-set count="165" />
</mem-info>
<gc-op id="976" type="compact" timems="18.261" contextid="949" timestamp="2019-06-16T00:11:18.650">
  <compact-info movecount="91219" movebytes="5292048" reason="compact to aid heap contraction" />
</gc-op>
<heap-resize id="977" type="contract" space="tenure" amount="262144" count="1" timems="0.088" reason="heap reconfiguration" timestamp="2019-06-16T00:11:18.650" />
<gc-end id="978" type="global" contextid="949" durationms="22.918" usertimems="32.000" systemtimems="0.000" timestamp="2019-06-16T00:11:18.651" activeThreads="4">
  <mem-info id="979" free="3895728" total="10616832" percent="36">
    <mem type="nursery" free="3599592" total="5636096" percent="63">
      <mem type="allocate" free="3599592" total="4456448" percent="80" />
      <mem type="survivor" free="0" total="1179648" percent="0" />
    </mem>
    <mem type="tenure" free="296136" total="4980736" percent="5">
      <mem type="soa" free="47304" total="4731904" percent="0" />
      <mem type="loa" free="248832" total="248832" percent="100" />
    </mem>
    <pending-finalizers system="0" default="0" reference="3" classloader="0" />
    <remembered-set count="165" />
  </mem-info>
</gc-end>
<cycle-end id="980" type="global" contextid="949" timestamp="2019-06-16T00:11:18.651" />
  <attribute name="elasticGC enabled" value="1" />
  <attribute name= "numThreadsSpecified" value="4" />
  <attribute name="heapSize specified" value="10878976" />
  <attribute name="Current GC Util" value="37" />
  <attribute name= "Current Time Running" value="49184" />
  <attribute name ="GC Interval" value="200" />
  <attribute name="ProportionalT" value="25.500000" />
  <attribute name="ProportionalI" value="25.500000" />
  <attribute name="ProportionalH" value="25.500000" />
  <attribute name="Current Error" value="17.000000" />
  <attribute name="IntegralT" value="306.000000" />
  <attribute name="IntegralI" value="306.000000" />
  <attribute name="IntegralH" value="306.000000" />
  <attribute name="DerivativeT" value="0.944444" />
  <attribute name="DerivativeI" value="0.944444" />
  <attribute name="DerivativeH" value="0.944444" />
  <attribute name="Loop Time for DT" value="18.000000" />
  <attribute name="Output H" value="8388608"/>
  <attribute name="Output I" value="336"/>
  <attribute name="Output T" value="4"/>
  <attribute name="Target GC Util Change" value ="20.000000" />
  <attribute name="Current GC Util Change" value="37.000000"/>
  <attribute name="GC Util currently" value="37" />
  <attribute name="CPU Util currently" value="250587102870" />
<allocation-satisfied id="981" threadId="000000000224B700" bytesRequested="32" />
<af-end id="982" timestamp="2019-06-16T00:11:18.651" threadId="000000000224C088" success="true" from="nursery"/>
<exclusive-end id="983" timestamp="2019-06-16T00:11:18.651" durationms="23.842" />

<concurrent-kickoff id="984" timestamp="2019-06-16T00:11:18.658">
  <kickoff reason="threshold reached" targetBytes="1841561" thresholdFreeBytes="253492"  remainingFree="224456" tenureFreeBytes="296136" nurseryFreeBytes="224456" />
</concurrent-kickoff>
<exclusive-start id="985" timestamp="2019-06-16T00:11:18.658" intervalms="30.534">
  <response-info timems="0.026" idlems="0.026" threads="0" lastid="000000000224B700" lastname="main" />
</exclusive-start>
<cycle-start id="986" type="global" contextid="0" timestamp="2019-06-16T00:11:18.658" intervalms="43.550" />
<exclusive-end id="987" timestamp="2019-06-16T00:11:18.658" durationms="0.165" />

<exclusive-start id="988" timestamp="2019-06-16T00:11:18.659" intervalms="1.214">
  <response-info timems="0.023" idlems="0.023" threads="0" lastid="000000000224B700" lastname="main" />
</exclusive-start>
<af-start id="989" threadId="000000000224C088" totalBytesRequested="32" timestamp="2019-06-16T00:11:18.659" intervalms="31.701" type="nursery" />
<cycle-start id="990" type="scavenge" contextid="0" timestamp="2019-06-16T00:11:18.659" intervalms="43.710" />
<gc-start id="991" type="scavenge" contextid="990" timestamp="2019-06-16T00:11:18.659">
  <mem-info id="992" free="296136" total="10616832" percent="2">
    <mem type="nursery" free="0" total="5636096" percent="0">
      <mem type="allocate" free="0" total="4456448" percent="0" />
      <mem type="survivor" free="0" total="1179648" percent="0" />
    </mem>
    <mem type="tenure" free="296136" total="4980736" percent="5">
      <mem type="soa" free="47304" total="4731904" percent="0" />
      <mem type="loa" free="248832" total="248832" percent="100" />
    </mem>
    <remembered-set count="169" />
  </mem-info>
</gc-start>
<allocation-stats totalBytes="3599184" >
  <allocated-bytes non-tlh="32" tlh="3599152" />
  <largest-consumer threadName="main" threadId="000000000224B700" bytes="3599184" />
</allocation-stats>
<gc-op id="993" type="scavenge" timems="1.242" contextid="990" timestamp="2019-06-16T00:11:18.661">
  <scavenger-info tenureage="2" tenuremask="7c04" tiltratio="79" />
  <memory-copied type="nursery" objects="15395" bytes="947672" bytesdiscarded="218456" />
  <memory-copied type="tenure" objects="551" bytes="47264" bytesdiscarded="0" />
  <copy-failed type="tenure" objects="6191" bytes="606944" />
  <ownableSynchronizers candidates="42" cleared="42" />
  <references type="soft" candidates="1" cleared="1" enqueued="1" dynamicThreshold="1" maxThreshold="32" />
</gc-op>
<gc-end id="994" type="scavenge" contextid="990" durationms="1.821" usertimems="4.000" systemtimems="0.000" timestamp="2019-06-16T00:11:18.661" activeThreads="4">
  <mem-info id="995" free="3473592" total="10616832" percent="32">
    <mem type="nursery" free="3224760" total="5636096" percent="57">
      <mem type="allocate" free="3224760" total="4390912" percent="73" />
      <mem type="survivor" free="0" total="1245184" percent="0" />
    </mem>
    <mem type="tenure" free="248832" total="4980736" percent="4" macro-fragmented="0">
      <mem type="soa" free="0" total="4731904" percent="0" />
      <mem type="loa" free="248832" total="248832" percent="100" />
    </mem>
    <pending-finalizers system="0" default="0" reference="1" classloader="0" />
    <remembered-set count="201" />
  </mem-info>
</gc-end>
<cycle-end id="996" type="scavenge" contextid="990" timestamp="2019-06-16T00:11:18.661" />
  <attribute name="elasticGC enabled" value="1" />
  <attribute name= "numThreadsSpecified" value="4" />
  <attribute name="heapSize specified" value="10878976" />
  <attribute name="Current GC Util" value="424" />
  <attribute name= "Current Time Running" value="49193" />
  <attribute name ="GC Interval" value="4000" />
  <attribute name="ProportionalT" value="606.000000" />
  <attribute name="ProportionalI" value="606.000000" />
  <attribute name="ProportionalH" value="606.000000" />
  <attribute name="Current Error" value="404.000000" />
  <attribute name="IntegralT" value="3636.000000" />
  <attribute name="IntegralI" value="3636.000000" />
  <attribute name="IntegralH" value="3636.000000" />
  <attribute name="DerivativeT" value="43.000000" />
  <attribute name="DerivativeI" value="43.000000" />
  <attribute name="DerivativeH" value="43.000000" />
  <attribute name="Loop Time for DT" value="9.000000" />
  <attribute name="Output H" value="8388608"/>
  <attribute name="Output I" value="4000"/>
  <attribute name="Output T" value="4"/>
  <attribute name="Target GC Util Change" value ="20.000000" />
  <attribute name="Current GC Util Change" value="424.000000"/>
  <attribute name="GC Util currently" value="424" />
  <attribute name="CPU Util currently" value="491055516595" />
<allocation-satisfied id="997" threadId="000000000224B700" bytesRequested="32" />
<af-end id="998" timestamp="2019-06-16T00:11:18.662" threadId="000000000224C088" success="true" from="nursery"/>
<exclusive-end id="999" timestamp="2019-06-16T00:11:18.662" durationms="2.633" />

<exclusive-start id="1000" timestamp="2019-06-16T00:11:18.671" intervalms="11.726">
  <response-info timems="0.028" idlems="0.028" threads="0" lastid="000000000224B700" lastname="main" />
</exclusive-start>
<af-start id="1001" threadId="000000000224C088" totalBytesRequested="48" timestamp="2019-06-16T00:11:18.671" intervalms="11.756" type="nursery" />
<percolate-collect id="1002" from="nursery" to="global" reason="concurrent mark exhausted" timestamp="2019-06-16T00:11:18.671"/>
<gc-start id="1003" type="global" contextid="986" timestamp="2019-06-16T00:11:18.671">
  <mem-info id="1004" free="248832" total="10616832" percent="2">
    <mem type="nursery" free="0" total="5636096" percent="0">
      <mem type="allocate" free="0" total="4390912" percent="0" />
      <mem type="survivor" free="0" total="1245184" percent="0" />
    </mem>
    <mem type="tenure" free="248832" total="4980736" percent="4">
      <mem type="soa" free="0" total="4731904" percent="0" />
      <mem type="loa" free="248832" total="248832" percent="100" />
    </mem>
    <remembered-set count="202" />
  </mem-info>
</gc-start>
<allocation-stats totalBytes="3224400" >
  <allocated-bytes non-tlh="32" tlh="3224368" />
  <largest-consumer threadName="main" threadId="000000000224B700" bytes="3224400" />
</allocation-stats>
<concurrent-halted id="1005" timestamp="2019-06-16T00:11:18.671">
  <halted state="Complete" status="exhausted" />
  <traced bytesTarget="1841561" bytesTotal="2182996" bytesByMutator="288660" bytesByHelper="1894336" percent="118" />
  <cards cleaned="8" thresholdBytes="99860" />
</concurrent-halted>
<gc-op id="1006" type="rs-scan" timems="0.141" contextid="986" timestamp="2019-06-16T00:11:18.671">
  <scan objectsFound="66" bytesTraced="4548" workStackOverflowCount="0" />
</gc-op>
<gc-op id="1007" type="card-cleaning" timems="0.063" contextid="986" timestamp="2019-06-16T00:11:18.672">
  <card-cleaning cardsCleaned="2" bytesTraced="1484" workStackOverflowCount="0" />
</gc-op>
<gc-op id="1008" type="mark" timems="1.487" contextid="986" timestamp="2019-06-16T00:11:18.673">
  <trace-info objectcount="19953" scancount="18150" scanbytes="782752" />
  <finalization candidates="80" enqueued="0" />
  <ownableSynchronizers candidates="21" cleared="0" />
  <references type="soft" candidates="1335" cleared="343" enqueued="336" dynamicThreshold="1" maxThreshold="32" />
  <references type="weak" candidates="4474" cleared="0" enqueued="0" />
  <references type="phantom" candidates="73" cleared="0" enqueued="0" />
  <stringconstants candidates="10971" cleared="5"  />
</gc-op>
<gc-op id="1009" type="sweep" timems="0.272" contextid="986" timestamp="2019-06-16T00:11:18.674" />
<mem-info id="1010" free="3534752" total="10616832" percent="33">
  <mem type="nursery" free="3226744" total="5636096" percent="57">
    <mem type="allocate" free="3226744" total="4390912" percent="73" />
    <mem type="survivor" free="0" total="1245184" percent="0" />
  </mem>
  <mem type="tenure" free="308008" total="4980736" percent="6" micro-fragmented="16400" macro-fragmented="201903">
    <mem type="soa" free="59176" total="4731904" percent="1" />
    <mem type="loa" free="248832" total="248832" percent="100" />
  </mem>
  <pending-finalizers system="0" default="0" reference="336" classloader="0" />
  <remembered-set count="201" />
</mem-info>
<gc-op id="1011" type="compact" timems="17.875" contextid="986" timestamp="2019-06-16T00:11:18.692">
  <compact-info movecount="94449" movebytes="5411784" reason="compact to aid heap contraction" />
</gc-op>
<heap-resize id="1012" type="contract" space="tenure" amount="196608" count="1" timems="0.066" reason="heap reconfiguration" timestamp="2019-06-16T00:11:18.692" />
<gc-end id="1013" type="global" contextid="986" durationms="21.304" usertimems="32.000" systemtimems="0.000" timestamp="2019-06-16T00:11:18.692" activeThreads="4">
  <mem-info id="1014" free="3397168" total="10420224" percent="32">
    <mem type="nursery" free="3309184" total="5636096" percent="58">
      <mem type="allocate" free="3309184" total="4390912" percent="75" />
      <mem type="survivor" free="0" total="1245184" percent="0" />
    </mem>
    <mem type="tenure" free="87984" total="4784128" percent="1">
      <mem type="soa" free="0" total="4545536" percent="0" />
      <mem type="loa" free="87984" total="238592" percent="36" />
    </mem>
    <pending-finalizers system="0" default="0" reference="336" classloader="0" />
    <remembered-set count="201" />
  </mem-info>
</gc-end>
<cycle-end id="1015" type="global" contextid="986" timestamp="2019-06-16T00:11:18.693" />
  <attribute name="elasticGC enabled" value="1" />
  <attribute name= "numThreadsSpecified" value="4" />
  <attribute name="heapSize specified" value="10616832" />
  <attribute name="Current GC Util" value="44" />
  <attribute name= "Current Time Running" value="49226" />
  <attribute name ="GC Interval" value="4000" />
  <attribute name="ProportionalT" value="36.000000" />
  <attribute name="ProportionalI" value="36.000000" />
  <attribute name="ProportionalH" value="36.000000" />
  <attribute name="Current Error" value="24.000000" />
  <attribute name="IntegralT" value="432.000000" />
  <attribute name="IntegralI" value="432.000000" />
  <attribute name="IntegralH" value="432.000000" />
  <attribute name="DerivativeT" value="1.111111" />
  <attribute name="DerivativeI" value="1.111111" />
  <attribute name="DerivativeH" value="1.111111" />
  <attribute name="Loop Time for DT" value="18.000000" />
  <attribute name="Output H" value="8388608"/>
  <attribute name="Output I" value="472"/>
  <attribute name="Output T" value="4"/>
  <attribute name="Target GC Util Change" value ="20.000000" />
  <attribute name="Current GC Util Change" value="44.000000"/>
  <attribute name="GC Util currently" value="44" />
  <attribute name="CPU Util currently" value="256089367435" />
<allocation-satisfied id="1016" threadId="000000000224B700" bytesRequested="48" />
<af-end id="1017" timestamp="2019-06-16T00:11:18.693" threadId="000000000224C088" success="true" from="nursery"/>
<exclusive-end id="1018" timestamp="2019-06-16T00:11:18.693" durationms="22.211" />

<exclusive-start id="1019" timestamp="2019-06-16T00:11:18.697" intervalms="26.058">
  <response-info timems="0.025" idlems="0.025" threads="0" lastid="000000000224B700" lastname="main" />
</exclusive-start>
<af-start id="1020" threadId="000000000224C088" totalBytesRequested="88" timestamp="2019-06-16T00:11:18.697" intervalms="26.063" type="tenure" />
<cycle-start id="1021" type="global" contextid="0" timestamp="2019-06-16T00:11:18.697" intervalms="39.195" />
<gc-start id="1022" type="global" contextid="1021" timestamp="2019-06-16T00:11:18.697">
  <mem-info id="1023" free="3110400" total="10420224" percent="29">
    <mem type="nursery" free="3022416" total="5636096" percent="53">
      <mem type="allocate" free="3022416" total="4390912" percent="68" />
      <mem type="survivor" free="0" total="1245184" percent="0" />
    </mem>
    <mem type="tenure" free="87984" total="4784128" percent="1">
      <mem type="soa" free="0" total="4545536" percent="0" />
      <mem type="loa" free="87984" total="238592" percent="36" />
    </mem>
    <remembered-set count="591" />
  </mem-info>
</gc-start>
<allocation-stats totalBytes="286712" >
  <allocated-bytes non-tlh="48" tlh="286664" />
  <largest-consumer threadName="main" threadId="000000000224B700" bytes="286712" />
</allocation-stats>
<gc-op id="1024" type="mark" timems="2.431" contextid="1021" timestamp="2019-06-16T00:11:18.700">
  <trace-info objectcount="96324" scancount="80121" scanbytes="2714560" />
  <finalization candidates="80" enqueued="0" />
  <ownableSynchronizers candidates="21" cleared="0" />
  <references type="soft" candidates="992" cleared="0" enqueued="0" dynamicThreshold="0" maxThreshold="32" />
  <references type="weak" candidates="4474" cleared="0" enqueued="0" />
  <references type="phantom" candidates="72" cleared="0" enqueued="0" />
  <stringconstants candidates="10966" cleared="59"  />
</gc-op>
<gc-op id="1025" type="sweep" timems="0.265" contextid="1021" timestamp="2019-06-16T00:11:18.700" />
<mem-info id="1026" free="3713968" total="10420224" percent="35">
  <mem type="nursery" free="3568056" total="5636096" percent="63">
    <mem type="allocate" free="3568056" total="4390912" percent="81" />
    <mem type="survivor" free="0" total="1245184" percent="0" />
  </mem>
  <mem type="tenure" free="145912" total="4784128" percent="3" micro-fragmented="42290" macro-fragmented="116842">
    <mem type="soa" free="5704" total="4545536" percent="0" />
    <mem type="loa" free="140208" total="238592" percent="58" />
  </mem>
  <remembered-set count="181" />
</mem-info>
<gc-op id="1027" type="compact" timems="15.961" contextid="1021" timestamp="2019-06-16T00:11:18.716">
  <compact-info movecount="84467" movebytes="4642144" reason="compact to aid heap contraction" />
</gc-op>
<heap-resize id="1028" type="contract" space="tenure" amount="196608" count="1" timems="0.079" reason="heap reconfiguration" timestamp="2019-06-16T00:11:18.717" />
<gc-end id="1029" type="global" contextid="1021" durationms="19.795" usertimems="32.000" systemtimems="0.000" timestamp="2019-06-16T00:11:18.717" activeThreads="4">
  <mem-info id="1030" free="3760200" total="10223616" percent="36">
    <mem type="nursery" free="3760200" total="5636096" percent="66">
      <mem type="allocate" free="3760200" total="4390912" percent="85" />
      <mem type="survivor" free="0" total="1245184" percent="0" />
    </mem>
    <mem type="tenure" free="0" total="4587520" percent="0">
      <mem type="soa" free="0" total="4358144" percent="0" />
      <mem type="loa" free="0" total="229376" percent="0" />
    </mem>
    <remembered-set count="181" />
  </mem-info>
</gc-end>
<cycle-end id="1031" type="global" contextid="1021" timestamp="2019-06-16T00:11:18.717" />
  <attribute name="elasticGC enabled" value="1" />
  <attribute name= "numThreadsSpecified" value="4" />
  <attribute name="heapSize specified" value="10420224" />
  <attribute name="Current GC Util" value="45" />
  <attribute name= "Current Time Running" value="49250" />
  <attribute name ="GC Interval" value="4000" />
  <attribute name="ProportionalT" value="37.500000" />
  <attribute name="ProportionalI" value="37.500000" />
  <attribute name="ProportionalH" value="37.500000" />
  <attribute name="Current Error" value="25.000000" />
  <attribute name="IntegralT" value="400.000000" />
  <attribute name="IntegralI" value="400.000000" />
  <attribute name="IntegralH" value="400.000000" />
  <attribute name="DerivativeT" value="1.562500" />
  <attribute name="DerivativeI" value="1.562500" />
  <attribute name="DerivativeH" value="1.562500" />
  <attribute name="Loop Time for DT" value="16.000000" />
  <attribute name="Output H" value="8388608"/>
  <attribute name="Output I" value="440"/>
  <attribute name="Output T" value="4"/>
  <attribute name="Target GC Util Change" value ="20.000000" />
  <attribute name="Current GC Util Change" value="45.000000"/>
  <attribute name="GC Util currently" value="45" />
  <attribute name="CPU Util currently" value="286183590586" />
<cycle-start id="1032" type="global" contextid="0" timestamp="2019-06-16T00:11:18.717" intervalms="20.260" />
<gc-start id="1033" type="global" contextid="1032" timestamp="2019-06-16T00:11:18.717">
  <mem-info id="1034" free="3760200" total="10223616" percent="36">
    <mem type="nursery" free="3760200" total="5636096" percent="66">
      <mem type="allocate" free="3760200" total="4390912" percent="85" />
      <mem type="survivor" free="0" total="1245184" percent="0" />
    </mem>
    <mem type="tenure" free="0" total="4587520" percent="0">
      <mem type="soa" free="0" total="4358144" percent="0" />
      <mem type="loa" free="0" total="229376" percent="0" />
    </mem>
    <remembered-set count="181" />
  </mem-info>
</gc-start>
<allocation-stats totalBytes="0" >
  <allocated-bytes non-tlh="0" tlh="0" />
</allocation-stats>
<heap-resize id="1035" type="loa contract" space="tenure" amount="184320" count="1" timems="0.079" reason="contract on aggressive gc" timestamp="2019-06-16T00:11:18.718" />
<gc-op id="1036" type="mark" timems="3.098" contextid="1032" timestamp="2019-06-16T00:11:18.721">
  <trace-info objectcount="96324" scancount="80114" scanbytes="2714560" />
  <finalization candidates="80" enqueued="0" />
  <ownableSynchronizers candidates="21" cleared="0" />
  <references type="soft" candidates="992" cleared="0" enqueued="0" dynamicThreshold="0" maxThreshold="32" />
  <references type="weak" candidates="4474" cleared="0" enqueued="0" />
  <references type="phantom" candidates="72" cleared="0" enqueued="0" />
  <stringconstants candidates="10907" cleared="0"  />
</gc-op>
<gc-op id="1037" type="classunload" timems="0.003" contextid="1032" timestamp="2019-06-16T00:11:18.721">
  <classunload-info classloadercandidates="19" classloadersunloaded="0" classesunloaded="0" anonymousclassesunloaded="0" quiescems="0.000" setupms="0.003" scanms="0.000" postms="0.000" />
</gc-op>
<gc-op id="1038" type="sweep" timems="0.209" contextid="1032" timestamp="2019-06-16T00:11:18.721" />
<mem-info id="1039" free="3776784" total="10223616" percent="36">
  <mem type="nursery" free="3760200" total="5636096" percent="66">
    <mem type="allocate" free="3760200" total="4390912" percent="85" />
    <mem type="survivor" free="0" total="1245184" percent="0" />
  </mem>
  <mem type="tenure" free="16584" total="4587520" percent="0" micro-fragmented="0" macro-fragmented="13104">
    <mem type="soa" free="16584" total="4587520" percent="0" />
    <mem type="loa" free="0" total="0" percent="0" />
  </mem>
  <remembered-set count="181" />
</mem-info>
<gc-op id="1040" type="compact" timems="4.986" contextid="1032" timestamp="2019-06-16T00:11:18.727">
  <compact-info movecount="0" movebytes="0" reason="compact to aid heap contraction" />
</gc-op>
<gc-end id="1041" type="global" contextid="1032" durationms="9.382" usertimems="12.000" systemtimems="0.000" timestamp="2019-06-16T00:11:18.727" activeThreads="4">
  <mem-info id="1042" free="3776696" total="10223616" percent="36">
    <mem type="nursery" free="3760200" total="5636096" percent="66">
      <mem type="allocate" free="3760200" total="4390912" percent="85" />
      <mem type="survivor" free="0" total="1245184" percent="0" />
    </mem>
    <mem type="tenure" free="16496" total="4587520" percent="0">
      <mem type="soa" free="16496" total="4587520" percent="0" />
      <mem type="loa" free="0" total="0" percent="0" />
    </mem>
    <remembered-set count="181" />
  </mem-info>
</gc-end>
<cycle-end id="1043" type="global" contextid="1032" timestamp="2019-06-16T00:11:18.727" />
  <attribute name="elasticGC enabled" value="1" />
  <attribute name= "numThreadsSpecified" value="4" />
  <attribute name="heapSize specified" value="10223616" />
  <attribute name="Current GC Util" value="21" />
  <attribute name= "Current Time Running" value="49261" />
  <attribute name ="GC Interval" value="4000" />
  <attribute name="ProportionalT" value="1.500000" />
  <attribute name="ProportionalI" value="1.500000" />
  <attribute name="ProportionalH" value="1.500000" />
  <attribute name="Current Error" value="1.000000" />
  <attribute name="IntegralT" value="6.000000" />
  <attribute name="IntegralI" value="6.000000" />
  <attribute name="IntegralH" value="6.000000" />
  <attribute name="DerivativeT" value="0.166667" />
  <attribute name="DerivativeI" value="0.166667" />
  <attribute name="DerivativeH" value="0.166667" />
  <attribute name="Loop Time for DT" value="6.000000" />
  <attribute name="Output H" value="8388608"/>
  <attribute name="Output I" value="200"/>
  <attribute name="Output T" value="4"/>
  <attribute name="Target GC Util Change" value ="20.000000" />
  <attribute name="Current GC Util Change" value="21.000000"/>
  <attribute name="GC Util currently" value="21" />
  <attribute name="CPU Util currently" value="900734701252" />
<allocation-satisfied id="1044" threadId="000000000224B700" bytesRequested="88" />
<af-end id="1045" timestamp="2019-06-16T00:11:18.727" threadId="000000000224C088" success="true" from="tenure-soa"/>
<exclusive-end id="1046" timestamp="2019-06-16T00:11:18.727" durationms="30.574" />

<concurrent-kickoff id="1047" timestamp="2019-06-16T00:11:18.768">
  <kickoff reason="threshold reached" targetBytes="1748582" thresholdFreeBytes="241466"  remainingFree="123648" tenureFreeBytes="12560" nurseryFreeBytes="123648" />
</concurrent-kickoff>
<exclusive-start id="1048" timestamp="2019-06-16T00:11:18.768" intervalms="71.701">
  <response-info timems="0.034" idlems="0.034" threads="0" lastid="000000000224B700" lastname="main" />
</exclusive-start>
<cycle-start id="1049" type="global" contextid="0" timestamp="2019-06-16T00:11:18.769" intervalms="51.290" />
<exclusive-end id="1050" timestamp="2019-06-16T00:11:18.769" durationms="0.258" />

<exclusive-start id="1051" timestamp="2019-06-16T00:11:18.769" intervalms="0.987">
  <response-info timems="0.056" idlems="0.056" threads="0" lastid="000000000224B700" lastname="main" />
</exclusive-start>
<af-start id="1052" threadId="000000000224C088" totalBytesRequested="32" timestamp="2019-06-16T00:11:18.770" intervalms="72.693" type="nursery" />
<cycle-start id="1053" type="scavenge" contextid="0" timestamp="2019-06-16T00:11:18.770" intervalms="110.514" />
<gc-start id="1054" type="scavenge" contextid="1053" timestamp="2019-06-16T00:11:18.770">
  <mem-info id="1055" free="12560" total="10223616" percent="0">
    <mem type="nursery" free="0" total="5636096" percent="0">
      <mem type="allocate" free="0" total="4390912" percent="0" />
      <mem type="survivor" free="0" total="1245184" percent="0" />
    </mem>
    <mem type="tenure" free="12560" total="4587520" percent="0">
      <mem type="soa" free="12560" total="4587520" percent="0" />
      <mem type="loa" free="0" total="0" percent="0" />
    </mem>
    <remembered-set count="272" />
  </mem-info>
</gc-start>
<allocation-stats totalBytes="3763664" >
  <allocated-bytes non-tlh="204032" tlh="3559632" />
  <largest-consumer threadName="main" threadId="000000000224B700" bytes="3763664" />
</allocation-stats>
<gc-op id="1056" type="scavenge" timems="0.544" contextid="1053" timestamp="2019-06-16T00:11:18.771">
  <scavenger-info tenureage="3" tenuremask="7c08" tiltratio="77" />
  <memory-copied type="nursery" objects="3058" bytes="412168" bytesdiscarded="142224" />
  <memory-copied type="tenure" objects="79" bytes="67464" bytesdiscarded="0" />
  <ownableSynchronizers candidates="42" cleared="42" />
  <references type="soft" candidates="16" cleared="10" enqueued="6" dynamicThreshold="0" maxThreshold="32" />
  <references type="weak" candidates="3" cleared="1" enqueued="1" />
  <references type="phantom" candidates="2" cleared="1" enqueued="1" />
  <heap-resize type="expand" space="tenure" amount="131072" count="1" timems="0.013" reason="continue current collection" />
</gc-op>
<gc-end id="1057" type="scavenge" contextid="1053" durationms="0.960" usertimems="4.000" systemtimems="0.000" timestamp="2019-06-16T00:11:18.771" activeThreads="4">
  <mem-info id="1058" free="3967512" total="10354688" percent="38">
    <mem type="nursery" free="3901984" total="5636096" percent="69">
      <mem type="allocate" free="3901984" total="4456448" percent="87" />
      <mem type="survivor" free="0" total="1179648" percent="0" />
    </mem>
    <mem type="tenure" free="65528" total="4718592" percent="1" macro-fragmented="56347">
      <mem type="soa" free="65528" total="4718592" percent="1" />
      <mem type="loa" free="0" total="0" percent="0" />
    </mem>
    <pending-finalizers system="0" default="0" reference="8" classloader="0" />
    <remembered-set count="198" />
  </mem-info>
</gc-end>
<cycle-end id="1059" type="scavenge" contextid="1053" timestamp="2019-06-16T00:11:18.771" />
  <attribute name="elasticGC enabled" value="1" />
  <attribute name= "numThreadsSpecified" value="4" />
  <attribute name="heapSize specified" value="10223616" />
  <attribute name="Current GC Util" value="17" />
  <attribute name= "Current Time Running" value="49304" />
  <attribute name ="GC Interval" value="200" />
  <attribute name="ProportionalT" value="-4.500000" />
  <attribute name="ProportionalI" value="-4.500000" />
  <attribute name="ProportionalH" value="-4.500000" />
  <attribute name="Current Error" value="-3.000000" />
  <attribute name="IntegralT" value="-129.000000" />
  <attribute name="IntegralI" value="-129.000000" />
  <attribute name="IntegralH" value="-129.000000" />
  <attribute name="DerivativeT" value="-0.093023" />
  <attribute name="DerivativeI" value="-0.093023" />
  <attribute name="DerivativeH" value="-0.093023" />
  <attribute name="Loop Time for DT" value="43.000000" />
  <attribute name="Output H" value="2092630016"/>
  <attribute name="Output I" value="200"/>
  <attribute name="Output T" value="4"/>
  <attribute name="Target GC Util Change" value ="20.000000" />
  <attribute name="Current GC Util Change" value="17.000000"/>
  <attribute name="GC Util currently" value="17" />
  <attribute name="CPU Util currently" value="106393361631" />
<allocation-satisfied id="1060" threadId="000000000224B700" bytesRequested="32" />
<af-end id="1061" timestamp="2019-06-16T00:11:18.771" threadId="000000000224C088" success="true" from="nursery"/>
<exclusive-end id="1062" timestamp="2019-06-16T00:11:18.771" durationms="1.809" />

<exclusive-start id="1063" timestamp="2019-06-16T00:11:18.788" intervalms="18.133">
  <response-info timems="0.040" idlems="0.040" threads="0" lastid="000000000224B700" lastname="main" />
</exclusive-start>
<concurrent-collection-start id="1064" timestamp="2019-06-16T00:11:18.788" intervalms="1051.476" >
  <concurrent-trace-info reason="card cleaning threshold reached" tracedByMutators="324600" tracedByHelpers="1808436" cardsCleaned="32" workStackOverflowCount="0" />
</concurrent-collection-start>
<gc-start id="1065" type="global" contextid="1049" timestamp="2019-06-16T00:11:18.788">
  <mem-info id="1066" free="63000" total="10354688" percent="0">
    <mem type="nursery" free="0" total="5636096" percent="0">
      <mem type="allocate" free="0" total="4456448" percent="0" />
      <mem type="survivor" free="0" total="1179648" percent="0" />
    </mem>
    <mem type="tenure" free="63000" total="4718592" percent="1">
      <mem type="soa" free="63000" total="4718592" percent="1" />
      <mem type="loa" free="0" total="0" percent="0" />
    </mem>
    <remembered-set count="236" />
  </mem-info>
</gc-start>
<allocation-stats totalBytes="3904040" >
  <allocated-bytes non-tlh="2560" tlh="3901480" />
  <largest-consumer threadName="main" threadId="000000000224B700" bytes="3904040" />
</allocation-stats>
<gc-op id="1067" type="rs-scan" timems="0.193" contextid="1049" timestamp="2019-06-16T00:11:18.788">
  <scan objectsFound="164" bytesTraced="12956" workStackOverflowCount="0" />
</gc-op>
<gc-op id="1068" type="card-cleaning" timems="0.139" contextid="1049" timestamp="2019-06-16T00:11:18.788">
  <card-cleaning cardsCleaned="0" bytesTraced="20604" workStackOverflowCount="0" />
</gc-op>
<gc-op id="1069" type="mark" timems="1.209" contextid="1049" timestamp="2019-06-16T00:11:18.790">
  <trace-info objectcount="7417" scancount="6628" scanbytes="253484" />
  <finalization candidates="80" enqueued="0" />
  <ownableSynchronizers candidates="21" cleared="0" />
  <references type="soft" candidates="999" cleared="1" enqueued="0" dynamicThreshold="0" maxThreshold="32" />
  <references type="weak" candidates="4497" cleared="1" enqueued="1" />
  <references type="phantom" candidates="73" cleared="1" enqueued="1" />
  <stringconstants candidates="10990" cleared="5"  />
</gc-op>
<gc-op id="1070" type="sweep" timems="0.235" contextid="1049" timestamp="2019-06-16T00:11:18.790" />
<mem-info id="1071" free="4164176" total="10354688" percent="40">
  <mem type="nursery" free="4022640" total="5636096" percent="71">
    <mem type="allocate" free="4022640" total="4456448" percent="90" />
    <mem type="survivor" free="0" total="1179648" percent="0" />
  </mem>
  <mem type="tenure" free="141536" total="4718592" percent="2" micro-fragmented="22645" macro-fragmented="0">
    <mem type="soa" free="141536" total="4718592" percent="2" />
    <mem type="loa" free="0" total="0" percent="0" />
  </mem>
  <pending-finalizers system="0" default="0" reference="2" classloader="0" />
  <remembered-set count="214" />
</mem-info>
<gc-op id="1072" type="compact" timems="17.164" contextid="1049" timestamp="2019-06-16T00:11:18.808">
  <compact-info movecount="81382" movebytes="4596496" reason="compact to aid heap contraction" />
</gc-op>
<heap-resize id="1073" type="contract" space="tenure" amount="131072" count="1" timems="0.083" reason="heap reconfiguration" timestamp="2019-06-16T00:11:18.808" />
<gc-end id="1074" type="global" contextid="1049" durationms="20.202" usertimems="36.000" systemtimems="0.000" timestamp="2019-06-16T00:11:18.808" activeThreads="4">
  <mem-info id="1075" free="4180328" total="10223616" percent="40">
    <mem type="nursery" free="4167040" total="5636096" percent="73">
      <mem type="allocate" free="4167040" total="4456448" percent="93" />
      <mem type="survivor" free="0" total="1179648" percent="0" />
    </mem>
    <mem type="tenure" free="13288" total="4587520" percent="0">
      <mem type="soa" free="13288" total="4587520" percent="0" />
      <mem type="loa" free="0" total="0" percent="0" />
    </mem>
    <pending-finalizers system="0" default="0" reference="2" classloader="0" />
    <remembered-set count="214" />
  </mem-info>
</gc-end>
<cycle-end id="1076" type="global" contextid="1049" timestamp="2019-06-16T00:11:18.808" />
  <attribute name="elasticGC enabled" value="1" />
  <attribute name= "numThreadsSpecified" value="4" />
  <attribute name="heapSize specified" value="10354688" />
  <attribute name="Current GC Util" value="32" />
  <attribute name= "Current Time Running" value="49342" />
  <attribute name ="GC Interval" value="200" />
  <attribute name="ProportionalT" value="18.000000" />
  <attribute name="ProportionalI" value="18.000000" />
  <attribute name="ProportionalH" value="18.000000" />
  <attribute name="Current Error" value="12.000000" />
  <attribute name="IntegralT" value="216.000000" />
  <attribute name="IntegralI" value="216.000000" />
  <attribute name="IntegralH" value="216.000000" />
  <attribute name="DerivativeT" value="0.333333" />
  <attribute name="DerivativeI" value="0.333333" />
  <attribute name="DerivativeH" value="0.333333" />
  <attribute name="Loop Time for DT" value="18.000000" />
  <attribute name="Output H" value="8388608"/>
  <attribute name="Output I" value="240"/>
  <attribute name="Output T" value="4"/>
  <attribute name="Target GC Util Change" value ="20.000000" />
  <attribute name="Current GC Util Change" value="32.000000"/>
  <attribute name="GC Util currently" value="32" />
  <attribute name="CPU Util currently" value="266933626708" />
<concurrent-collection-end id="1077" timestamp="2019-06-16T00:11:18.808" />
<exclusive-end id="1078" timestamp="2019-06-16T00:11:18.808" durationms="20.735" />

<concurrent-kickoff id="1079" timestamp="2019-06-16T00:11:18.863">
  <kickoff reason="threshold reached" targetBytes="1806716" thresholdFreeBytes="249955"  remainingFree="145456" tenureFreeBytes="2256" nurseryFreeBytes="145456" />
</concurrent-kickoff>
<exclusive-start id="1080" timestamp="2019-06-16T00:11:18.863" intervalms="75.431">
  <response-info timems="0.028" idlems="0.028" threads="0" lastid="000000000224B700" lastname="main" />
</exclusive-start>
<cycle-start id="1081" type="global" contextid="0" timestamp="2019-06-16T00:11:18.863" intervalms="94.480" />
<exclusive-end id="1082" timestamp="2019-06-16T00:11:18.863" durationms="0.110" />

<exclusive-start id="1083" timestamp="2019-06-16T00:11:18.864" intervalms="0.993">
  <response-info timems="0.021" idlems="0.021" threads="0" lastid="000000000224B700" lastname="main" />
</exclusive-start>
<af-start id="1084" threadId="000000000224C088" totalBytesRequested="40" timestamp="2019-06-16T00:11:18.864" intervalms="94.492" type="nursery" />
<cycle-start id="1085" type="scavenge" contextid="0" timestamp="2019-06-16T00:11:18.864" intervalms="94.421" />
<gc-start id="1086" type="scavenge" contextid="1085" timestamp="2019-06-16T00:11:18.864">
  <mem-info id="1087" free="2256" total="10223616" percent="0">
    <mem type="nursery" free="0" total="5636096" percent="0">
      <mem type="allocate" free="0" total="4456448" percent="0" />
      <mem type="survivor" free="0" total="1179648" percent="0" />
    </mem>
    <mem type="tenure" free="2256" total="4587520" percent="0">
      <mem type="soa" free="2256" total="4587520" percent="0" />
      <mem type="loa" free="0" total="0" percent="0" />
    </mem>
    <remembered-set count="400" />
  </mem-info>
</gc-start>
<allocation-stats totalBytes="4177280" >
  <allocated-bytes non-tlh="276584" tlh="3900696" />
  <largest-consumer threadName="main" threadId="000000000224B700" bytes="4177280" />
</allocation-stats>
<gc-op id="1088" type="scavenge" timems="0.868" contextid="1085" timestamp="2019-06-16T00:11:18.865">
  <scavenger-info tenureage="11" tenuremask="7800" tiltratio="79" />
  <memory-copied type="nursery" objects="13362" bytes="940568" bytesdiscarded="238960" />
  <ownableSynchronizers candidates="42" cleared="42" />
  <references type="soft" candidates="13" cleared="7" enqueued="3" dynamicThreshold="0" maxThreshold="32" />
  <references type="weak" candidates="208" cleared="1" enqueued="1" />
  <references type="phantom" candidates="2" cleared="1" enqueued="1" />
</gc-op>
<gc-end id="1089" type="scavenge" contextid="1085" durationms="1.297" usertimems="4.000" systemtimems="0.000" timestamp="2019-06-16T00:11:18.866" activeThreads="4">
  <mem-info id="1090" free="2951376" total="10223616" percent="28">
    <mem type="nursery" free="2949120" total="5636096" percent="52">
      <mem type="allocate" free="2949120" total="4128768" percent="71" />
      <mem type="survivor" free="0" total="1507328" percent="0" />
    </mem>
    <mem type="tenure" free="2256" total="4587520" percent="0" macro-fragmented="1020">
      <mem type="soa" free="2256" total="4587520" percent="0" />
      <mem type="loa" free="0" total="0" percent="0" />
    </mem>
    <pending-finalizers system="0" default="0" reference="5" classloader="0" />
    <remembered-set count="392" />
  </mem-info>
</gc-end>
<cycle-end id="1091" type="scavenge" contextid="1085" timestamp="2019-06-16T00:11:18.866" />
  <attribute name="elasticGC enabled" value="1" />
  <attribute name= "numThreadsSpecified" value="4" />
  <attribute name="heapSize specified" value="10354688" />
  <attribute name="Current GC Util" value="33" />
  <attribute name= "Current Time Running" value="49398" />
  <attribute name ="GC Interval" value="752" />
  <attribute name="ProportionalT" value="19.500000" />
  <attribute name="ProportionalI" value="19.500000" />
  <attribute name="ProportionalH" value="19.500000" />
  <attribute name="Current Error" value="13.000000" />
  <attribute name="IntegralT" value="728.000000" />
  <attribute name="IntegralI" value="728.000000" />
  <attribute name="IntegralH" value="728.000000" />
  <attribute name="DerivativeT" value="0.017857" />
  <attribute name="DerivativeI" value="0.017857" />
  <attribute name="DerivativeH" value="0.017857" />
  <attribute name="Loop Time for DT" value="56.000000" />
  <attribute name="Output H" value="8388608"/>
  <attribute name="Output I" value="752"/>
  <attribute name="Output T" value="4"/>
  <attribute name="Target GC Util Change" value ="20.000000" />
  <attribute name="Current GC Util Change" value="33.000000"/>
  <attribute name="GC Util currently" value="33" />
  <attribute name="CPU Util currently" value="81326122426" />
<allocation-satisfied id="1092" threadId="000000000224B700" bytesRequested="40" />
<af-end id="1093" timestamp="2019-06-16T00:11:18.866" threadId="000000000224C088" success="true" from="nursery"/>
<exclusive-end id="1094" timestamp="2019-06-16T00:11:18.866" durationms="1.807" />

<exclusive-start id="1095" timestamp="2019-06-16T00:11:18.876" intervalms="11.564">
  <response-info timems="0.068" idlems="0.068" threads="0" lastid="000000000224B700" lastname="main" />
</exclusive-start>
<af-start id="1096" threadId="000000000224C088" totalBytesRequested="32" timestamp="2019-06-16T00:11:18.876" intervalms="11.629" type="nursery" />
<percolate-collect id="1097" from="nursery" to="global" reason="concurrent mark exhausted" timestamp="2019-06-16T00:11:18.876"/>
<gc-start id="1098" type="global" contextid="1081" timestamp="2019-06-16T00:11:18.876">
  <mem-info id="1099" free="2256" total="10223616" percent="0">
    <mem type="nursery" free="0" total="5636096" percent="0">
      <mem type="allocate" free="0" total="4128768" percent="0" />
      <mem type="survivor" free="0" total="1507328" percent="0" />
    </mem>
    <mem type="tenure" free="2256" total="4587520" percent="0">
      <mem type="soa" free="2256" total="4587520" percent="0" />
      <mem type="loa" free="0" total="0" percent="0" />
    </mem>
    <remembered-set count="394" />
  </mem-info>
</gc-start>
<allocation-stats totalBytes="2948880" >
  <allocated-bytes non-tlh="40" tlh="2948840" />
  <largest-consumer threadName="main" threadId="000000000224B700" bytes="2948880" />
</allocation-stats>
<concurrent-halted id="1100" timestamp="2019-06-16T00:11:18.876">
  <halted state="Complete" status="exhausted" />
  <traced bytesTarget="1806716" bytesTotal="2146740" bytesByMutator="314896" bytesByHelper="1831844" percent="118" />
  <cards cleaned="5" thresholdBytes="98467" />
</concurrent-halted>
<gc-op id="1101" type="rs-scan" timems="0.243" contextid="1081" timestamp="2019-06-16T00:11:18.876">
  <scan objectsFound="367" bytesTraced="25556" workStackOverflowCount="0" />
</gc-op>
<gc-op id="1102" type="card-cleaning" timems="0.203" contextid="1081" timestamp="2019-06-16T00:11:18.877">
  <card-cleaning cardsCleaned="0" bytesTraced="45696" workStackOverflowCount="0" />
</gc-op>
<gc-op id="1103" type="mark" timems="1.544" contextid="1081" timestamp="2019-06-16T00:11:18.878">
  <trace-info objectcount="17895" scancount="16338" scanbytes="749556" />
  <finalization candidates="80" enqueued="0" />
  <ownableSynchronizers candidates="21" cleared="0" />
  <references type="soft" candidates="998" cleared="0" enqueued="0" dynamicThreshold="0" maxThreshold="32" />
  <references type="weak" candidates="4659" cleared="0" enqueued="0" />
  <references type="phantom" candidates="73" cleared="0" enqueued="0" />
  <stringconstants candidates="11162" cleared="5"  />
</gc-op>
<gc-op id="1104" type="sweep" timems="0.264" contextid="1081" timestamp="2019-06-16T00:11:18.879" />
<mem-info id="1105" free="2843304" total="10223616" percent="27">
  <mem type="nursery" free="2841048" total="5636096" percent="50">
    <mem type="allocate" free="2841048" total="4128768" percent="68" />
    <mem type="survivor" free="0" total="1507328" percent="0" />
  </mem>
  <mem type="tenure" free="2256" total="4587520" percent="0" micro-fragmented="0" macro-fragmented="1763">
    <mem type="soa" free="2256" total="4587520" percent="0" />
    <mem type="loa" free="0" total="0" percent="0" />
  </mem>
  <remembered-set count="388" />
</mem-info>
<gc-op id="1106" type="compact" timems="16.782" contextid="1081" timestamp="2019-06-16T00:11:18.896">
  <compact-info movecount="87885" movebytes="5119296" reason="compact to aid heap contraction" />
</gc-op>
<gc-end id="1107" type="global" contextid="1081" durationms="19.935" usertimems="48.000" systemtimems="0.000" timestamp="2019-06-16T00:11:18.896" activeThreads="4">
  <mem-info id="1108" free="3005632" total="10223616" percent="29">
    <mem type="nursery" free="3002344" total="5636096" percent="53">
      <mem type="allocate" free="3002344" total="4128768" percent="72" />
      <mem type="survivor" free="0" total="1507328" percent="0" />
    </mem>
    <mem type="tenure" free="3288" total="4587520" percent="0">
      <mem type="soa" free="3288" total="4587520" percent="0" />
      <mem type="loa" free="0" total="0" percent="0" />
    </mem>
    <remembered-set count="388" />
  </mem-info>
</gc-end>
<cycle-end id="1109" type="global" contextid="1081" timestamp="2019-06-16T00:11:18.896" />
  <attribute name="elasticGC enabled" value="1" />
  <attribute name= "numThreadsSpecified" value="4" />
  <attribute name="heapSize specified" value="10223616" />
  <attribute name="Current GC Util" value="49" />
  <attribute name= "Current Time Running" value="49429" />
  <attribute name ="GC Interval" value="752" />
  <attribute name="ProportionalT" value="43.500000" />
  <attribute name="ProportionalI" value="43.500000" />
  <attribute name="ProportionalH" value="43.500000" />
  <attribute name="Current Error" value="29.000000" />
  <attribute name="IntegralT" value="464.000000" />
  <attribute name="IntegralI" value="464.000000" />
  <attribute name="IntegralH" value="464.000000" />
  <attribute name="DerivativeT" value="0.812500" />
  <attribute name="DerivativeI" value="0.812500" />
  <attribute name="DerivativeH" value="0.812500" />
  <attribute name="Loop Time for DT" value="16.000000" />
  <attribute name="Output H" value="8388608"/>
  <attribute name="Output I" value="512"/>
  <attribute name="Output T" value="4"/>
  <attribute name="Target GC Util Change" value ="20.000000" />
  <attribute name="Current GC Util Change" value="49.000000"/>
  <attribute name="GC Util currently" value="49" />
  <attribute name="CPU Util currently" value="272759717149" />
<allocation-satisfied id="1110" threadId="000000000224B700" bytesRequested="32" />
<af-end id="1111" timestamp="2019-06-16T00:11:18.896" threadId="000000000224C088" success="true" from="nursery"/>
<exclusive-end id="1112" timestamp="2019-06-16T00:11:18.896" durationms="20.736" />

<concurrent-kickoff id="1113" timestamp="2019-06-16T00:11:18.902">
  <kickoff reason="threshold reached" targetBytes="1867614" thresholdFreeBytes="258738"  remainingFree="151496" tenureFreeBytes="3288" nurseryFreeBytes="151496" />
</concurrent-kickoff>
<exclusive-start id="1114" timestamp="2019-06-16T00:11:18.902" intervalms="26.713">
  <response-info timems="0.057" idlems="0.057" threads="0" lastid="000000000224B700" lastname="main" />
</exclusive-start>
<cycle-start id="1115" type="global" contextid="0" timestamp="2019-06-16T00:11:18.902" intervalms="39.271" />
<exclusive-end id="1116" timestamp="2019-06-16T00:11:18.902" durationms="0.117" />

<exclusive-start id="1117" timestamp="2019-06-16T00:11:18.903" intervalms="1.057">
  <response-info timems="0.106" idlems="0.106" threads="0" lastid="000000000224B700" lastname="main" />
</exclusive-start>
<af-start id="1118" threadId="000000000224C088" totalBytesRequested="32" timestamp="2019-06-16T00:11:18.903" intervalms="27.699" type="nursery" />
<cycle-start id="1119" type="scavenge" contextid="0" timestamp="2019-06-16T00:11:18.903" intervalms="39.324" />
<gc-start id="1120" type="scavenge" contextid="1119" timestamp="2019-06-16T00:11:18.904">
  <mem-info id="1121" free="3288" total="10223616" percent="0">
    <mem type="nursery" free="0" total="5636096" percent="0">
      <mem type="allocate" free="0" total="4128768" percent="0" />
      <mem type="survivor" free="0" total="1507328" percent="0" />
    </mem>
    <mem type="tenure" free="3288" total="4587520" percent="0">
      <mem type="soa" free="3288" total="4587520" percent="0" />
      <mem type="loa" free="0" total="0" percent="0" />
    </mem>
    <remembered-set count="388" />
  </mem-info>
</gc-start>
<allocation-stats totalBytes="3001984" >
  <allocated-bytes non-tlh="32" tlh="3001952" />
  <largest-consumer threadName="main" threadId="000000000224B700" bytes="3001984" />
</allocation-stats>
<gc-op id="1122" type="scavenge" timems="1.656" contextid="1119" timestamp="2019-06-16T00:11:18.905">
  <scavenger-info tenureage="11" tenuremask="7800" tiltratio="73" />
  <memory-copied type="nursery" objects="22696" bytes="1280752" bytesdiscarded="189808" />
  <ownableSynchronizers candidates="42" cleared="42" />
  <references type="soft" candidates="6" cleared="0" enqueued="0" dynamicThreshold="0" maxThreshold="32" />
  <references type="weak" candidates="207" cleared="0" enqueued="0" />
  <references type="phantom" candidates="1" cleared="0" enqueued="0" />
</gc-op>
<gc-end id="1123" type="scavenge" contextid="1119" durationms="2.056" usertimems="4.000" systemtimems="0.000" timestamp="2019-06-16T00:11:18.906" activeThreads="4">
  <mem-info id="1124" free="2464784" total="10223616" percent="24">
    <mem type="nursery" free="2461496" total="5636096" percent="43">
      <mem type="allocate" free="2461496" total="3932160" percent="62" />
      <mem type="survivor" free="0" total="1703936" percent="0" />
    </mem>
    <mem type="tenure" free="3288" total="4587520" percent="0" macro-fragmented="3047">
      <mem type="soa" free="3288" total="4587520" percent="0" />
      <mem type="loa" free="0" total="0" percent="0" />
    </mem>
    <remembered-set count="310" />
  </mem-info>
</gc-end>
<cycle-end id="1125" type="scavenge" contextid="1119" timestamp="2019-06-16T00:11:18.906" />
  <attribute name="elasticGC enabled" value="1" />
  <attribute name= "numThreadsSpecified" value="4" />
  <attribute name="heapSize specified" value="10223616" />
  <attribute name="Current GC Util" value="465" />
  <attribute name= "Current Time Running" value="49438" />
  <attribute name ="GC Interval" value="4000" />
  <attribute name="ProportionalT" value="667.500000" />
  <attribute name="ProportionalI" value="667.500000" />
  <attribute name="ProportionalH" value="667.500000" />
  <attribute name="Current Error" value="445.000000" />
  <attribute name="IntegralT" value="4005.000000" />
  <attribute name="IntegralI" value="4005.000000" />
  <attribute name="IntegralH" value="4005.000000" />
  <attribute name="DerivativeT" value="46.222222" />
  <attribute name="DerivativeI" value="46.222222" />
  <attribute name="DerivativeH" value="46.222222" />
  <attribute name="Loop Time for DT" value="9.000000" />
  <attribute name="Output H" value="8388608"/>
  <attribute name="Output I" value="4000"/>
  <attribute name="Output T" value="4"/>
  <attribute name="Target GC Util Change" value ="20.000000" />
  <attribute name="Current GC Util Change" value="465.000000"/>
  <attribute name="GC Util currently" value="465" />
  <attribute name="CPU Util currently" value="572440501242" />
<allocation-satisfied id="1126" threadId="000000000224B700" bytesRequested="32" />
<af-end id="1127" timestamp="2019-06-16T00:11:18.906" threadId="000000000224C088" success="true" from="nursery"/>
<exclusive-end id="1128" timestamp="2019-06-16T00:11:18.906" durationms="2.703" />

<exclusive-start id="1129" timestamp="2019-06-16T00:11:18.914" intervalms="10.550">
  <response-info timems="0.050" idlems="0.050" threads="0" lastid="000000000224B700" lastname="main" />
</exclusive-start>
<af-start id="1130" threadId="000000000224C088" totalBytesRequested="48" timestamp="2019-06-16T00:11:18.914" intervalms="10.615" type="nursery" />
<cycle-start id="1131" type="scavenge" contextid="0" timestamp="2019-06-16T00:11:18.914" intervalms="10.663" />
<gc-start id="1132" type="scavenge" contextid="1131" timestamp="2019-06-16T00:11:18.914">
  <mem-info id="1133" free="3288" total="10223616" percent="0">
    <mem type="nursery" free="0" total="5636096" percent="0">
      <mem type="allocate" free="0" total="3932160" percent="0" />
      <mem type="survivor" free="0" total="1703936" percent="0" />
    </mem>
    <mem type="tenure" free="3288" total="4587520" percent="0">
      <mem type="soa" free="3288" total="4587520" percent="0" />
      <mem type="loa" free="0" total="0" percent="0" />
    </mem>
    <remembered-set count="310" />
  </mem-info>
</gc-start>
<allocation-stats totalBytes="2461168" >
  <allocated-bytes non-tlh="32" tlh="2461136" />
  <largest-consumer threadName="main" threadId="000000000224B700" bytes="2461168" />
</allocation-stats>
<gc-op id="1134" type="scavenge" timems="1.256" contextid="1131" timestamp="2019-06-16T00:11:18.916">
  <scavenger-info tenureage="10" tenuremask="7c00" tiltratio="69" />
  <memory-copied type="nursery" objects="25722" bytes="1390928" bytesdiscarded="185984" />
  <references type="soft" candidates="6" cleared="0" enqueued="0" dynamicThreshold="0" maxThreshold="32" />
  <references type="weak" candidates="207" cleared="0" enqueued="0" />
  <references type="phantom" candidates="1" cleared="0" enqueued="0" />
</gc-op>
<heap-resize id="1135" type="expand" space="nursery" amount="393216" count="1" timems="0.015" reason="excessive time being spent scavenging" timestamp="2019-06-16T00:11:18.916" />
<gc-end id="1136" type="scavenge" contextid="1131" durationms="1.893" usertimems="0.000" systemtimems="0.000" timestamp="2019-06-16T00:11:18.916" activeThreads="4">
  <mem-info id="1137" free="2686112" total="10616832" percent="25">
    <mem type="nursery" free="2682824" total="6029312" percent="44">
      <mem type="allocate" free="2682824" total="4259840" percent="62" />
      <mem type="survivor" free="0" total="1769472" percent="0" />
    </mem>
    <mem type="tenure" free="3288" total="4587520" percent="0" macro-fragmented="3047">
      <mem type="soa" free="3288" total="4587520" percent="0" />
      <mem type="loa" free="0" total="0" percent="0" />
    </mem>
    <remembered-set count="112" />
  </mem-info>
</gc-end>
<cycle-end id="1138" type="scavenge" contextid="1131" timestamp="2019-06-16T00:11:18.916" />
  <attribute name="elasticGC enabled" value="1" />
  <attribute name= "numThreadsSpecified" value="4" />
  <attribute name="heapSize specified" value="10223616" />
  <attribute name="Current GC Util" value="27" />
  <attribute name= "Current Time Running" value="49448" />
  <attribute name ="GC Interval" value="200" />
  <attribute name="ProportionalT" value="10.500000" />
  <attribute name="ProportionalI" value="10.500000" />
  <attribute name="ProportionalH" value="10.500000" />
  <attribute name="Current Error" value="7.000000" />
  <attribute name="IntegralT" value="70.000000" />
  <attribute name="IntegralI" value="70.000000" />
  <attribute name="IntegralH" value="70.000000" />
  <attribute name="DerivativeT" value="-43.800000" />
  <attribute name="DerivativeI" value="-43.800000" />
  <attribute name="DerivativeH" value="-43.800000" />
  <attribute name="Loop Time for DT" value="10.000000" />
  <attribute name="Output H" value="8388608"/>
  <attribute name="Output I" value="200"/>
  <attribute name="Output T" value="4"/>
  <attribute name="Target GC Util Change" value ="20.000000" />
  <attribute name="Current GC Util Change" value="27.000000"/>
  <attribute name="GC Util currently" value="27" />
  <attribute name="CPU Util currently" value="428006685529" />
<allocation-satisfied id="1139" threadId="000000000224B700" bytesRequested="48" />
<af-end id="1140" timestamp="2019-06-16T00:11:18.917" threadId="000000000224C088" success="true" from="nursery"/>
<exclusive-end id="1141" timestamp="2019-06-16T00:11:18.917" durationms="2.715" />

<exclusive-start id="1142" timestamp="2019-06-16T00:11:18.917" intervalms="3.245">
  <response-info timems="0.065" idlems="0.065" threads="0" lastid="000000000224B700" lastname="main" />
</exclusive-start>
<concurrent-collection-start id="1143" timestamp="2019-06-16T00:11:18.917" intervalms="129.468" >
  <concurrent-trace-info reason="card cleaning threshold reached" tracedByMutators="348348" tracedByHelpers="1800936" cardsCleaned="26" workStackOverflowCount="0" />
</concurrent-collection-start>
<gc-start id="1144" type="global" contextid="1115" timestamp="2019-06-16T00:11:18.917">
  <mem-info id="1145" free="2550896" total="10616832" percent="24">
    <mem type="nursery" free="2547608" total="6029312" percent="42">
      <mem type="allocate" free="2547608" total="4259840" percent="59" />
      <mem type="survivor" free="0" total="1769472" percent="0" />
    </mem>
    <mem type="tenure" free="3288" total="4587520" percent="0">
      <mem type="soa" free="3288" total="4587520" percent="0" />
      <mem type="loa" free="0" total="0" percent="0" />
    </mem>
    <remembered-set count="112" />
  </mem-info>
</gc-start>
<allocation-stats totalBytes="135200" >
  <allocated-bytes non-tlh="48" tlh="135152" />
  <largest-consumer threadName="main" threadId="000000000224B700" bytes="135200" />
</allocation-stats>
<gc-op id="1146" type="rs-scan" timems="0.168" contextid="1115" timestamp="2019-06-16T00:11:18.918">
  <scan objectsFound="92" bytesTraced="13316" workStackOverflowCount="0" />
</gc-op>
<gc-op id="1147" type="card-cleaning" timems="0.130" contextid="1115" timestamp="2019-06-16T00:11:18.918">
  <card-cleaning cardsCleaned="0" bytesTraced="51840" workStackOverflowCount="0" />
</gc-op>
<gc-op id="1148" type="mark" timems="1.354" contextid="1115" timestamp="2019-06-16T00:11:18.919">
  <trace-info objectcount="25271" scancount="22929" scanbytes="1000352" />
  <finalization candidates="80" enqueued="0" />
  <ownableSynchronizers candidates="21" cleared="0" />
  <references type="soft" candidates="998" cleared="0" enqueued="0" dynamicThreshold="0" maxThreshold="32" />
  <references type="weak" candidates="4659" cleared="0" enqueued="0" />
  <references type="phantom" candidates="73" cleared="0" enqueued="0" />
  <stringconstants candidates="11157" cleared="0"  />
</gc-op>
<gc-op id="1149" type="sweep" timems="0.231" contextid="1115" timestamp="2019-06-16T00:11:18.919" />
<mem-info id="1150" free="2863096" total="10616832" percent="26">
  <mem type="nursery" free="2859808" total="6029312" percent="47">
    <mem type="allocate" free="2859808" total="4259840" percent="67" />
    <mem type="survivor" free="0" total="1769472" percent="0" />
  </mem>
  <mem type="tenure" free="3288" total="4587520" percent="0" micro-fragmented="0" macro-fragmented="3047">
    <mem type="soa" free="3288" total="4587520" percent="0" />
    <mem type="loa" free="0" total="0" percent="0" />
  </mem>
  <remembered-set count="112" />
</mem-info>
<gc-op id="1151" type="compact" timems="5.401" contextid="1115" timestamp="2019-06-16T00:11:18.925">
  <compact-info movecount="25829" movebytes="1394984" reason="compact to aid heap contraction" />
</gc-op>
<gc-end id="1152" type="global" contextid="1115" durationms="8.043" usertimems="12.000" systemtimems="0.000" timestamp="2019-06-16T00:11:18.925" activeThreads="4">
  <mem-info id="1153" free="2868144" total="10616832" percent="27">
    <mem type="nursery" free="2864856" total="6029312" percent="47">
      <mem type="allocate" free="2864856" total="4259840" percent="67" />
      <mem type="survivor" free="0" total="1769472" percent="0" />
    </mem>
    <mem type="tenure" free="3288" total="4587520" percent="0">
      <mem type="soa" free="3288" total="4587520" percent="0" />
      <mem type="loa" free="0" total="0" percent="0" />
    </mem>
    <remembered-set count="112" />
  </mem-info>
</gc-end>
<cycle-end id="1154" type="global" contextid="1115" timestamp="2019-06-16T00:11:18.925" />
  <attribute name="elasticGC enabled" value="1" />
  <attribute name= "numThreadsSpecified" value="4" />
  <attribute name="heapSize specified" value="10616832" />
  <attribute name="Current GC Util" value="119" />
  <attribute name= "Current Time Running" value="49459" />
  <attribute name ="GC Interval" value="200" />
  <attribute name="ProportionalT" value="148.500000" />
  <attribute name="ProportionalI" value="148.500000" />
  <attribute name="ProportionalH" value="148.500000" />
  <attribute name="Current Error" value="99.000000" />
  <attribute name="IntegralT" value="594.000000" />
  <attribute name="IntegralI" value="594.000000" />
  <attribute name="IntegralH" value="594.000000" />
  <attribute name="DerivativeT" value="16.500000" />
  <attribute name="DerivativeI" value="16.500000" />
  <attribute name="DerivativeH" value="16.500000" />
  <attribute name="Loop Time for DT" value="6.000000" />
  <attribute name="Output H" value="8388608"/>
  <attribute name="Output I" value="760"/>
  <attribute name="Output T" value="4"/>
  <attribute name="Target GC Util Change" value ="20.000000" />
  <attribute name="Current GC Util Change" value="119.000000"/>
  <attribute name="GC Util currently" value="119" />
  <attribute name="CPU Util currently" value="831439271493" />
<concurrent-collection-end id="1155" timestamp="2019-06-16T00:11:18.926" />
<exclusive-end id="1156" timestamp="2019-06-16T00:11:18.926" durationms="8.583" />

<concurrent-kickoff id="1157" timestamp="2019-06-16T00:11:18.931">
  <kickoff reason="threshold reached" targetBytes="1909374" thresholdFreeBytes="265445"  remainingFree="194264" tenureFreeBytes="3288" nurseryFreeBytes="194264" />
</concurrent-kickoff>
<exclusive-start id="1158" timestamp="2019-06-16T00:11:18.931" intervalms="14.088">
  <response-info timems="0.029" idlems="0.029" threads="0" lastid="000000000224B700" lastname="main" />
</exclusive-start>
<cycle-start id="1159" type="global" contextid="0" timestamp="2019-06-16T00:11:18.931" intervalms="28.972" />
<exclusive-end id="1160" timestamp="2019-06-16T00:11:18.931" durationms="0.184" />

<exclusive-start id="1161" timestamp="2019-06-16T00:11:18.932" intervalms="1.109">
  <response-info timems="0.022" idlems="0.022" threads="0" lastid="000000000224B700" lastname="main" />
</exclusive-start>
<af-start id="1162" threadId="000000000224C088" totalBytesRequested="48" timestamp="2019-06-16T00:11:18.932" intervalms="18.378" type="nursery" />
<cycle-start id="1163" type="scavenge" contextid="0" timestamp="2019-06-16T00:11:18.932" intervalms="18.332" />
<gc-start id="1164" type="scavenge" contextid="1163" timestamp="2019-06-16T00:11:18.933">
  <mem-info id="1165" free="3288" total="10616832" percent="0">
    <mem type="nursery" free="0" total="6029312" percent="0">
      <mem type="allocate" free="0" total="4259840" percent="0" />
      <mem type="survivor" free="0" total="1769472" percent="0" />
    </mem>
    <mem type="tenure" free="3288" total="4587520" percent="0">
      <mem type="soa" free="3288" total="4587520" percent="0" />
      <mem type="loa" free="0" total="0" percent="0" />
    </mem>
    <remembered-set count="112" />
  </mem-info>
</gc-start>
<allocation-stats totalBytes="2864472" >
  <allocated-bytes non-tlh="0" tlh="2864472" />
  <largest-consumer threadName="main" threadId="000000000224B700" bytes="2864472" />
</allocation-stats>
<gc-op id="1166" type="scavenge" timems="1.284" contextid="1163" timestamp="2019-06-16T00:11:18.934">
  <scavenger-info tenureage="3" tenuremask="7e08" tiltratio="70" />
  <memory-copied type="nursery" objects="29559" bytes="1530816" bytesdiscarded="129576" />
  <memory-copied type="tenure" objects="97" bytes="3264" bytesdiscarded="8" />
  <copy-failed type="tenure" objects="13140" bytes="938280" />
  <ownableSynchronizers candidates="42" cleared="42" />
  <references type="soft" candidates="6" cleared="0" enqueued="0" dynamicThreshold="0" maxThreshold="32" />
  <references type="weak" candidates="136" cleared="0" enqueued="0" />
  <references type="phantom" candidates="1" cleared="0" enqueued="0" />
</gc-op>
<gc-end id="1167" type="scavenge" contextid="1163" durationms="1.657" usertimems="4.000" systemtimems="0.000" timestamp="2019-06-16T00:11:18.934" activeThreads="4">
  <mem-info id="1168" free="2533824" total="10616832" percent="23">
    <mem type="nursery" free="2533824" total="6029312" percent="42">
      <mem type="allocate" free="2533824" total="4194304" percent="60" />
      <mem type="survivor" free="0" total="1835008" percent="0" />
    </mem>
    <mem type="tenure" free="0" total="4587520" percent="0" macro-fragmented="0">
      <mem type="soa" free="0" total="4587520" percent="0" />
      <mem type="loa" free="0" total="0" percent="0" />
    </mem>
    <remembered-set count="119" />
  </mem-info>
</gc-end>
<cycle-end id="1169" type="scavenge" contextid="1163" timestamp="2019-06-16T00:11:18.934" />
  <attribute name="elasticGC enabled" value="1" />
  <attribute name= "numThreadsSpecified" value="4" />
  <attribute name="heapSize specified" value="10616832" />
  <attribute name="Current GC Util" value="72" />
  <attribute name= "Current Time Running" value="49467" />
  <attribute name ="GC Interval" value="488" />
  <attribute name="ProportionalT" value="78.000000" />
  <attribute name="ProportionalI" value="78.000000" />
  <attribute name="ProportionalH" value="78.000000" />
  <attribute name="Current Error" value="52.000000" />
  <attribute name="IntegralT" value="416.000000" />
  <attribute name="IntegralI" value="416.000000" />
  <attribute name="IntegralH" value="416.000000" />
  <attribute name="DerivativeT" value="-5.875000" />
  <attribute name="DerivativeI" value="-5.875000" />
  <attribute name="DerivativeH" value="-5.875000" />
  <attribute name="Loop Time for DT" value="8.000000" />
  <attribute name="Output H" value="8388608"/>
  <attribute name="Output I" value="488"/>
  <attribute name="Output T" value="4"/>
  <attribute name="Target GC Util Change" value ="20.000000" />
  <attribute name="Current GC Util Change" value="72.000000"/>
  <attribute name="GC Util currently" value="72" />
  <attribute name="CPU Util currently" value="615656359001" />
<allocation-satisfied id="1170" threadId="000000000224B700" bytesRequested="48" />
<af-end id="1171" timestamp="2019-06-16T00:11:18.935" threadId="000000000224C088" success="true" from="nursery"/>
<exclusive-end id="1172" timestamp="2019-06-16T00:11:18.935" durationms="2.321" />

<exclusive-start id="1173" timestamp="2019-06-16T00:11:18.947" intervalms="14.481">
  <response-info timems="0.037" idlems="0.037" threads="0" lastid="000000000224B700" lastname="main" />
</exclusive-start>
<af-start id="1174" threadId="000000000224C088" totalBytesRequested="56" timestamp="2019-06-16T00:11:18.947" intervalms="14.527" type="nursery" />
<percolate-collect id="1175" from="nursery" to="global" reason="failed tenure threshold reached" timestamp="2019-06-16T00:11:18.947"/>
<gc-start id="1176" type="global" contextid="1159" timestamp="2019-06-16T00:11:18.947">
  <mem-info id="1177" free="0" total="10616832" percent="0">
    <mem type="nursery" free="0" total="6029312" percent="0">
      <mem type="allocate" free="0" total="4194304" percent="0" />
      <mem type="survivor" free="0" total="1835008" percent="0" />
    </mem>
    <mem type="tenure" free="0" total="4587520" percent="0">
      <mem type="soa" free="0" total="4587520" percent="0" />
      <mem type="loa" free="0" total="0" percent="0" />
    </mem>
    <remembered-set count="119" />
  </mem-info>
</gc-start>
<allocation-stats totalBytes="2533472" >
  <allocated-bytes non-tlh="48" tlh="2533424" />
  <largest-consumer threadName="main" threadId="000000000224B700" bytes="2533472" />
</allocation-stats>
<concurrent-halted id="1178" timestamp="2019-06-16T00:11:18.947">
  <halted state="Class scanning incomplete" status="clean trace" />
  <traced bytesTarget="1909374" bytesTotal="2145692" bytesByMutator="289972" bytesByHelper="1855720" percent="112" />
  <cards cleaned="2" thresholdBytes="104569" />
</concurrent-halted>
<gc-op id="1179" type="rs-scan" timems="0.210" contextid="1159" timestamp="2019-06-16T00:11:18.948">
  <scan objectsFound="94" bytesTraced="19476" workStackOverflowCount="0" />
</gc-op>
<gc-op id="1180" type="card-cleaning" timems="0.180" contextid="1159" timestamp="2019-06-16T00:11:18.948">
  <card-cleaning cardsCleaned="0" bytesTraced="45072" workStackOverflowCount="0" />
</gc-op>
<gc-op id="1181" type="mark" timems="1.445" contextid="1159" timestamp="2019-06-16T00:11:18.949">
  <trace-info objectcount="25670" scancount="23793" scanbytes="928836" />
  <finalization candidates="80" enqueued="0" />
  <ownableSynchronizers candidates="21" cleared="0" />
  <references type="soft" candidates="998" cleared="0" enqueued="0" dynamicThreshold="0" maxThreshold="32" />
  <references type="weak" candidates="4659" cleared="0" enqueued="0" />
  <references type="phantom" candidates="72" cleared="0" enqueued="0" />
  <stringconstants candidates="11157" cleared="0"  />
</gc-op>
<gc-op id="1182" type="sweep" timems="0.235" contextid="1159" timestamp="2019-06-16T00:11:18.950" />
<mem-info id="1183" free="2719392" total="10616832" percent="25">
  <mem type="nursery" free="2719392" total="6029312" percent="45">
    <mem type="allocate" free="2719392" total="4194304" percent="64" />
    <mem type="survivor" free="0" total="1835008" percent="0" />
  </mem>
  <mem type="tenure" free="0" total="4587520" percent="0" micro-fragmented="0" macro-fragmented="0">
    <mem type="soa" free="0" total="4587520" percent="0" />
    <mem type="loa" free="0" total="0" percent="0" />
  </mem>
  <remembered-set count="119" />
</mem-info>
<gc-op id="1184" type="compact" timems="4.989" contextid="1159" timestamp="2019-06-16T00:11:18.955">
  <compact-info movecount="26092" movebytes="1081688" reason="compact to aid heap contraction" />
</gc-op>
<gc-end id="1185" type="global" contextid="1159" durationms="7.962" usertimems="16.000" systemtimems="0.000" timestamp="2019-06-16T00:11:18.955" activeThreads="4">
  <mem-info id="1186" free="3112616" total="10616832" percent="29">
    <mem type="nursery" free="3112616" total="6029312" percent="51">
      <mem type="allocate" free="3112616" total="4194304" percent="74" />
      <mem type="survivor" free="0" total="1835008" percent="0" />
    </mem>
    <mem type="tenure" free="0" total="4587520" percent="0">
      <mem type="soa" free="0" total="4587520" percent="0" />
      <mem type="loa" free="0" total="0" percent="0" />
    </mem>
    <remembered-set count="119" />
  </mem-info>
</gc-end>
<cycle-end id="1187" type="global" contextid="1159" timestamp="2019-06-16T00:11:18.955" />
  <attribute name="elasticGC enabled" value="1" />
  <attribute name= "numThreadsSpecified" value="4" />
  <attribute name="heapSize specified" value="10616832" />
  <attribute name="Current GC Util" value="119" />
  <attribute name= "Current Time Running" value="49489" />
  <attribute name ="GC Interval" value="488" />
  <attribute name="ProportionalT" value="148.500000" />
  <attribute name="ProportionalI" value="148.500000" />
  <attribute name="ProportionalH" value="148.500000" />
  <attribute name="Current Error" value="99.000000" />
  <attribute name="IntegralT" value="495.000000" />
  <attribute name="IntegralI" value="495.000000" />
  <attribute name="IntegralH" value="495.000000" />
  <attribute name="DerivativeT" value="17.000000" />
  <attribute name="DerivativeI" value="17.000000" />
  <attribute name="DerivativeH" value="17.000000" />
  <attribute name="Loop Time for DT" value="5.000000" />
  <attribute name="Output H" value="8388608"/>
  <attribute name="Output I" value="664"/>
  <attribute name="Output T" value="4"/>
  <attribute name="Target GC Util Change" value ="20.000000" />
  <attribute name="Current GC Util Change" value="119.000000"/>
  <attribute name="GC Util currently" value="119" />
  <attribute name="CPU Util currently" value="901214534931" />
<allocation-satisfied id="1188" threadId="000000000224B700" bytesRequested="56" />
<af-end id="1189" timestamp="2019-06-16T00:11:18.955" threadId="000000000224C088" success="true" from="nursery"/>
<exclusive-end id="1190" timestamp="2019-06-16T00:11:18.956" durationms="8.691" />

<concurrent-kickoff id="1191" timestamp="2019-06-16T00:11:18.989">
  <kickoff reason="threshold reached" targetBytes="2190764" thresholdFreeBytes="304217"  remainingFree="261744" tenureFreeBytes="0" nurseryFreeBytes="261744" />
</concurrent-kickoff>
<exclusive-start id="1192" timestamp="2019-06-16T00:11:18.989" intervalms="42.443">
  <response-info timems="0.054" idlems="0.054" threads="0" lastid="000000000224B700" lastname="main" />
</exclusive-start>
<cycle-start id="1193" type="global" contextid="0" timestamp="2019-06-16T00:11:18.989" intervalms="58.005" />
<exclusive-end id="1194" timestamp="2019-06-16T00:11:18.989" durationms="0.120" />

<exclusive-start id="1195" timestamp="2019-06-16T00:11:18.990" intervalms="1.076">
  <response-info timems="0.047" idlems="0.033" threads="1" lastid="0000000002252F00" lastname="JIT Compilation Thread-1" />
</exclusive-start>
<af-start id="1196" threadId="000000000224C088" totalBytesRequested="88" timestamp="2019-06-16T00:11:18.990" intervalms="43.478" type="tenure" />
<concurrent-aborted id="1197" timestamp="2019-06-16T00:11:18.991">
  <reason value="insufficient progress made" />
</concurrent-aborted>
<cycle-end id="1198" type="global" contextid="1193" timestamp="2019-06-16T00:11:18.991" />
  <attribute name="elasticGC enabled" value="1" />
  <attribute name= "numThreadsSpecified" value="4" />
  <attribute name="heapSize specified" value="10616832" />
  <attribute name="Current GC Util" value="119" />
  <attribute name= "Current Time Running" value="49489" />
  <attribute name ="GC Interval" value="488" />
  <attribute name="ProportionalT" value="148.500000" />
  <attribute name="ProportionalI" value="148.500000" />
  <attribute name="ProportionalH" value="148.500000" />
  <attribute name="Current Error" value="99.000000" />
  <attribute name="IntegralT" value="495.000000" />
  <attribute name="IntegralI" value="495.000000" />
  <attribute name="IntegralH" value="495.000000" />
  <attribute name="DerivativeT" value="17.000000" />
  <attribute name="DerivativeI" value="17.000000" />
  <attribute name="DerivativeH" value="17.000000" />
  <attribute name="Loop Time for DT" value="5.000000" />
  <attribute name="Output H" value="8388608"/>
  <attribute name="Output I" value="664"/>
  <attribute name="Output T" value="4"/>
  <attribute name="Target GC Util Change" value ="20.000000" />
  <attribute name="Current GC Util Change" value="119.000000"/>
  <attribute name="GC Util currently" value="119" />
  <attribute name="CPU Util currently" value="901214534931" />
<cycle-start id="1199" type="global" contextid="0" timestamp="2019-06-16T00:11:18.991" intervalms="1.373" />
<gc-start id="1200" type="global" contextid="1199" timestamp="2019-06-16T00:11:18.991">
  <mem-info id="1201" free="261744" total="10616832" percent="2">
    <mem type="nursery" free="261744" total="6029312" percent="4">
      <mem type="allocate" free="261744" total="4194304" percent="6" />
      <mem type="survivor" free="0" total="1835008" percent="0" />
    </mem>
    <mem type="tenure" free="0" total="4587520" percent="0">
      <mem type="soa" free="0" total="4587520" percent="0" />
      <mem type="loa" free="0" total="0" percent="0" />
    </mem>
    <remembered-set count="120" />
  </mem-info>
</gc-start>
<allocation-stats totalBytes="2807552" >
  <allocated-bytes non-tlh="56" tlh="2807496" />
  <largest-consumer threadName="main" threadId="000000000224B700" bytes="2807552" />
</allocation-stats>
<gc-op id="1202" type="mark" timems="2.078" contextid="1199" timestamp="2019-06-16T00:11:18.993">
  <trace-info objectcount="82838" scancount="67106" scanbytes="2194972" />
  <finalization candidates="80" enqueued="0" />
  <ownableSynchronizers candidates="21" cleared="0" />
  <references type="soft" candidates="1003" cleared="47" enqueued="44" dynamicThreshold="0" maxThreshold="32" />
  <references type="weak" candidates="4659" cleared="1" enqueued="1" />
  <references type="phantom" candidates="72" cleared="0" enqueued="0" />
  <stringconstants candidates="11157" cleared="12"  />
</gc-op>
<gc-op id="1203" type="sweep" timems="0.231" contextid="1199" timestamp="2019-06-16T00:11:18.993" />
<mem-info id="1204" free="4117168" total="10616832" percent="38">
  <mem type="nursery" free="4105064" total="6029312" percent="68">
    <mem type="allocate" free="4105064" total="4194304" percent="97" />
    <mem type="survivor" free="0" total="1835008" percent="0" />
  </mem>
  <mem type="tenure" free="12104" total="4587520" percent="0" micro-fragmented="0" macro-fragmented="0">
    <mem type="soa" free="12104" total="4587520" percent="0" />
    <mem type="loa" free="0" total="0" percent="0" />
  </mem>
  <pending-finalizers system="0" default="0" reference="45" classloader="0" />
  <remembered-set count="120" />
</mem-info>
<gc-op id="1205" type="compact" timems="11.229" contextid="1199" timestamp="2019-06-16T00:11:19.005">
  <compact-info movecount="49788" movebytes="2608632" reason="compact to aid heap contraction" />
</gc-op>
<gc-end id="1206" type="global" contextid="1199" durationms="14.490" usertimems="20.000" systemtimems="0.000" timestamp="2019-06-16T00:11:19.005" activeThreads="4">
  <mem-info id="1207" free="4122944" total="10616832" percent="38">
    <mem type="nursery" free="4107104" total="6029312" percent="68">
      <mem type="allocate" free="4107104" total="4194304" percent="97" />
      <mem type="survivor" free="0" total="1835008" percent="0" />
    </mem>
    <mem type="tenure" free="15840" total="4587520" percent="0">
      <mem type="soa" free="15840" total="4587520" percent="0" />
      <mem type="loa" free="0" total="0" percent="0" />
    </mem>
    <pending-finalizers system="0" default="0" reference="45" classloader="0" />
    <remembered-set count="120" />
  </mem-info>
</gc-end>
<cycle-end id="1208" type="global" contextid="1199" timestamp="2019-06-16T00:11:19.005" />
  <attribute name="elasticGC enabled" value="1" />
  <attribute name= "numThreadsSpecified" value="4" />
  <attribute name="heapSize specified" value="10616832" />
  <attribute name="Current GC Util" value="35" />
  <attribute name= "Current Time Running" value="49539" />
  <attribute name ="GC Interval" value="488" />
  <attribute name="ProportionalT" value="22.500000" />
  <attribute name="ProportionalI" value="22.500000" />
  <attribute name="ProportionalH" value="22.500000" />
  <attribute name="Current Error" value="15.000000" />
  <attribute name="IntegralT" value="165.000000" />
  <attribute name="IntegralI" value="165.000000" />
  <attribute name="IntegralH" value="165.000000" />
  <attribute name="DerivativeT" value="1.363636" />
  <attribute name="DerivativeI" value="1.363636" />
  <attribute name="DerivativeH" value="1.363636" />
  <attribute name="Loop Time for DT" value="11.000000" />
  <attribute name="Output H" value="8388608"/>
  <attribute name="Output I" value="200"/>
  <attribute name="Output T" value="4"/>
  <attribute name="Target GC Util Change" value ="20.000000" />
  <attribute name="Current GC Util Change" value="35.000000"/>
  <attribute name="GC Util currently" value="35" />
  <attribute name="CPU Util currently" value="404583119925" />
<allocation-satisfied id="1209" threadId="000000000224B700" bytesRequested="88" />
<af-end id="1210" timestamp="2019-06-16T00:11:19.006" threadId="000000000224C088" success="true" from="tenure-soa"/>
<exclusive-end id="1211" timestamp="2019-06-16T00:11:19.006" durationms="15.415" />

<exclusive-start id="1212" timestamp="2019-06-16T00:11:19.023" intervalms="32.896">
  <response-info timems="0.067" idlems="0.067" threads="0" lastid="000000000224B700" lastname="main" />
</exclusive-start>
<af-start id="1213" threadId="000000000224C088" totalBytesRequested="88" timestamp="2019-06-16T00:11:19.023" intervalms="32.938" type="tenure" />
<cycle-start id="1214" type="global" contextid="0" timestamp="2019-06-16T00:11:19.023" intervalms="32.729" />
<gc-start id="1215" type="global" contextid="1214" timestamp="2019-06-16T00:11:19.024">
  <mem-info id="1216" free="3558240" total="10616832" percent="33">
    <mem type="nursery" free="3558240" total="6029312" percent="59">
      <mem type="allocate" free="3558240" total="4194304" percent="84" />
      <mem type="survivor" free="0" total="1835008" percent="0" />
    </mem>
    <mem type="tenure" free="0" total="4587520" percent="0">
      <mem type="soa" free="0" total="4587520" percent="0" />
      <mem type="loa" free="0" total="0" percent="0" />
    </mem>
    <remembered-set count="447" />
  </mem-info>
</gc-start>
<allocation-stats totalBytes="563080" >
  <allocated-bytes non-tlh="15264" tlh="547816" />
  <largest-consumer threadName="main" threadId="000000000224B700" bytes="558984" />
</allocation-stats>
<gc-op id="1217" type="mark" timems="2.204" contextid="1214" timestamp="2019-06-16T00:11:19.026">
  <trace-info objectcount="85053" scancount="69115" scanbytes="2254064" />
  <finalization candidates="80" enqueued="0" />
  <ownableSynchronizers candidates="21" cleared="0" />
  <references type="soft" candidates="1175" cleared="218" enqueued="218" dynamicThreshold="0" maxThreshold="32" />
  <references type="weak" candidates="4720" cleared="3" enqueued="3" />
  <references type="phantom" candidates="73" cleared="1" enqueued="1" />
  <stringconstants candidates="11365" cleared="34"  />
</gc-op>
<gc-op id="1218" type="sweep" timems="0.230" contextid="1214" timestamp="2019-06-16T00:11:19.026" />
<mem-info id="1219" free="4066720" total="10616832" percent="38">
  <mem type="nursery" free="4063280" total="6029312" percent="67">
    <mem type="allocate" free="4063280" total="4194304" percent="96" />
    <mem type="survivor" free="0" total="1835008" percent="0" />
  </mem>
  <mem type="tenure" free="3440" total="4587520" percent="0" micro-fragmented="10024" macro-fragmented="850">
    <mem type="soa" free="3440" total="4587520" percent="0" />
    <mem type="loa" free="0" total="0" percent="0" />
  </mem>
  <pending-finalizers system="0" default="0" reference="222" classloader="0" />
  <remembered-set count="399" />
</mem-info>
<gc-op id="1220" type="compact" timems="11.151" contextid="1214" timestamp="2019-06-16T00:11:19.038">
  <compact-info movecount="51909" movebytes="2624584" reason="compact to aid heap contraction" />
</gc-op>
<gc-end id="1221" type="global" contextid="1214" durationms="14.594" usertimems="24.000" systemtimems="0.000" timestamp="2019-06-16T00:11:19.038" activeThreads="4">
  <mem-info id="1222" free="4103456" total="10616832" percent="38">
    <mem type="nursery" free="4096384" total="6029312" percent="67">
      <mem type="allocate" free="4096384" total="4194304" percent="97" />
      <mem type="survivor" free="0" total="1835008" percent="0" />
    </mem>
    <mem type="tenure" free="7072" total="4587520" percent="0">
      <mem type="soa" free="7072" total="4587520" percent="0" />
      <mem type="loa" free="0" total="0" percent="0" />
    </mem>
    <pending-finalizers system="0" default="0" reference="222" classloader="0" />
    <remembered-set count="399" />
  </mem-info>
</gc-end>
<cycle-end id="1223" type="global" contextid="1214" timestamp="2019-06-16T00:11:19.038" />
  <attribute name="elasticGC enabled" value="1" />
  <attribute name= "numThreadsSpecified" value="4" />
  <attribute name="heapSize specified" value="10616832" />
  <attribute name="Current GC Util" value="41" />
  <attribute name= "Current Time Running" value="49572" />
  <attribute name ="GC Interval" value="488" />
  <attribute name="ProportionalT" value="31.500000" />
  <attribute name="ProportionalI" value="31.500000" />
  <attribute name="ProportionalH" value="31.500000" />
  <attribute name="Current Error" value="21.000000" />
  <attribute name="IntegralT" value="252.000000" />
  <attribute name="IntegralI" value="252.000000" />
  <attribute name="IntegralH" value="252.000000" />
  <attribute name="DerivativeT" value="1.750000" />
  <attribute name="DerivativeI" value="1.750000" />
  <attribute name="DerivativeH" value="1.750000" />
  <attribute name="Loop Time for DT" value="12.000000" />
  <attribute name="Output H" value="8388608"/>
  <attribute name="Output I" value="288"/>
  <attribute name="Output T" value="4"/>
  <attribute name="Target GC Util Change" value ="20.000000" />
  <attribute name="Current GC Util Change" value="41.000000"/>
  <attribute name="GC Util currently" value="41" />
  <attribute name="CPU Util currently" value="407620620893" />
<allocation-satisfied id="1224" threadId="000000000224B700" bytesRequested="88" />
<af-end id="1225" timestamp="2019-06-16T00:11:19.039" threadId="000000000224C088" success="true" from="tenure-soa"/>
<exclusive-end id="1226" timestamp="2019-06-16T00:11:19.039" durationms="15.412" />

<exclusive-start id="1227" timestamp="2019-06-16T00:11:19.047" intervalms="23.921">
  <response-info timems="0.031" idlems="0.031" threads="0" lastid="000000000224B700" lastname="main" />
</exclusive-start>
<af-start id="1228" threadId="000000000224C088" totalBytesRequested="16" timestamp="2019-06-16T00:11:19.047" intervalms="23.890" type="tenure" />
<cycle-start id="1229" type="global" contextid="0" timestamp="2019-06-16T00:11:19.047" intervalms="23.881" />
<gc-start id="1230" type="global" contextid="1229" timestamp="2019-06-16T00:11:19.047">
  <mem-info id="1231" free="3871104" total="10616832" percent="36">
    <mem type="nursery" free="3871104" total="6029312" percent="64">
      <mem type="allocate" free="3871104" total="4194304" percent="92" />
      <mem type="survivor" free="0" total="1835008" percent="0" />
    </mem>
    <mem type="tenure" free="0" total="4587520" percent="0">
      <mem type="soa" free="0" total="4587520" percent="0" />
      <mem type="loa" free="0" total="0" percent="0" />
    </mem>
    <remembered-set count="461" />
  </mem-info>
</gc-start>
<allocation-stats totalBytes="231584" >
  <allocated-bytes non-tlh="6448" tlh="225136" />
  <largest-consumer threadName="main" threadId="000000000224B700" bytes="227488" />
</allocation-stats>
<gc-op id="1232" type="mark" timems="2.119" contextid="1229" timestamp="2019-06-16T00:11:19.050">
  <trace-info objectcount="84282" scancount="68384" scanbytes="2237644" />
  <finalization candidates="80" enqueued="0" />
  <ownableSynchronizers candidates="21" cleared="0" />
  <references type="soft" candidates="959" cleared="2" enqueued="2" dynamicThreshold="0" maxThreshold="32" />
  <references type="weak" candidates="4773" cleared="0" enqueued="0" />
  <references type="phantom" candidates="72" cleared="0" enqueued="0" />
  <stringconstants candidates="11360" cleared="56"  />
</gc-op>
<gc-op id="1233" type="sweep" timems="0.318" contextid="1229" timestamp="2019-06-16T00:11:19.050" />
<mem-info id="1234" free="4115208" total="10616832" percent="38">
  <mem type="nursery" free="4113352" total="6029312" percent="68">
    <mem type="allocate" free="4113352" total="4194304" percent="98" />
    <mem type="survivor" free="0" total="1835008" percent="0" />
  </mem>
  <mem type="tenure" free="1856" total="4587520" percent="0" micro-fragmented="0" macro-fragmented="1763">
    <mem type="soa" free="1856" total="4587520" percent="0" />
    <mem type="loa" free="0" total="0" percent="0" />
  </mem>
  <pending-finalizers system="0" default="0" reference="2" classloader="0" />
  <remembered-set count="405" />
</mem-info>
<gc-op id="1235" type="compact" timems="3.741" contextid="1229" timestamp="2019-06-16T00:11:19.054">
  <compact-info movecount="1487" movebytes="56344" reason="compact to aid heap contraction" />
</gc-op>
<gc-end id="1236" type="global" contextid="1229" durationms="7.041" usertimems="12.000" systemtimems="0.000" timestamp="2019-06-16T00:11:19.054" activeThreads="4">
  <mem-info id="1237" free="4119848" total="10616832" percent="38">
    <mem type="nursery" free="4116672" total="6029312" percent="68">
      <mem type="allocate" free="4116672" total="4194304" percent="98" />
      <mem type="survivor" free="0" total="1835008" percent="0" />
    </mem>
    <mem type="tenure" free="3176" total="4587520" percent="0">
      <mem type="soa" free="3176" total="4587520" percent="0" />
      <mem type="loa" free="0" total="0" percent="0" />
    </mem>
    <pending-finalizers system="0" default="0" reference="2" classloader="0" />
    <remembered-set count="405" />
  </mem-info>
</gc-end>
<cycle-end id="1238" type="global" contextid="1229" timestamp="2019-06-16T00:11:19.055" />
  <attribute name="elasticGC enabled" value="1" />
  <attribute name= "numThreadsSpecified" value="4" />
  <attribute name="heapSize specified" value="10616832" />
  <attribute name="Current GC Util" value="54" />
  <attribute name= "Current Time Running" value="49588" />
  <attribute name ="GC Interval" value="488" />
  <attribute name="ProportionalT" value="51.000000" />
  <attribute name="ProportionalI" value="51.000000" />
  <attribute name="ProportionalH" value="51.000000" />
  <attribute name="Current Error" value="34.000000" />
  <attribute name="IntegralT" value="136.000000" />
  <attribute name="IntegralI" value="136.000000" />
  <attribute name="IntegralH" value="136.000000" />
  <attribute name="DerivativeT" value="8.500000" />
  <attribute name="DerivativeI" value="8.500000" />
  <attribute name="DerivativeH" value="8.500000" />
  <attribute name="Loop Time for DT" value="4.000000" />
  <attribute name="Output H" value="8388608"/>
  <attribute name="Output I" value="200"/>
  <attribute name="Output T" value="4"/>
  <attribute name="Target GC Util Change" value ="20.000000" />
  <attribute name="Current GC Util Change" value="54.000000"/>
  <attribute name="GC Util currently" value="54" />
  <attribute name="CPU Util currently" value="1187520504726" />
<allocation-satisfied id="1239" threadId="000000000224B700" bytesRequested="16" />
<af-end id="1240" timestamp="2019-06-16T00:11:19.055" threadId="000000000224C088" success="true" from="tenure-soa"/>
<exclusive-end id="1241" timestamp="2019-06-16T00:11:19.055" durationms="7.805" />

<exclusive-start id="1242" timestamp="2019-06-16T00:11:19.058" intervalms="11.129">
  <response-info timems="0.028" idlems="0.028" threads="0" lastid="000000000224B700" lastname="main" />
</exclusive-start>
<af-start id="1243" threadId="000000000224C088" totalBytesRequested="120" timestamp="2019-06-16T00:11:19.058" intervalms="11.116" type="tenure" />
<cycle-start id="1244" type="global" contextid="0" timestamp="2019-06-16T00:11:19.058" intervalms="11.116" />
<gc-start id="1245" type="global" contextid="1244" timestamp="2019-06-16T00:11:19.058">
  <mem-info id="1246" free="4006080" total="10616832" percent="37">
    <mem type="nursery" free="4006080" total="6029312" percent="66">
      <mem type="allocate" free="4006080" total="4194304" percent="95" />
      <mem type="survivor" free="0" total="1835008" percent="0" />
    </mem>
    <mem type="tenure" free="0" total="4587520" percent="0">
      <mem type="soa" free="0" total="4587520" percent="0" />
      <mem type="loa" free="0" total="0" percent="0" />
    </mem>
    <remembered-set count="428" />
  </mem-info>
</gc-start>
<allocation-stats totalBytes="111360" >
  <allocated-bytes non-tlh="2432" tlh="108928" />
  <largest-consumer threadName="main" threadId="000000000224B700" bytes="111360" />
</allocation-stats>
<gc-op id="1247" type="mark" timems="1.950" contextid="1244" timestamp="2019-06-16T00:11:19.061">
  <trace-info objectcount="84350" scancount="68427" scanbytes="2239860" />
  <finalization candidates="80" enqueued="0" />
  <ownableSynchronizers candidates="21" cleared="0" />
  <references type="soft" candidates="957" cleared="0" enqueued="0" dynamicThreshold="0" maxThreshold="32" />
  <references type="weak" candidates="4795" cleared="0" enqueued="0" />
  <references type="phantom" candidates="72" cleared="0" enqueued="0" />
  <stringconstants candidates="11315" cleared="0"  />
</gc-op>
<gc-op id="1248" type="sweep" timems="0.286" contextid="1244" timestamp="2019-06-16T00:11:19.061" />
<mem-info id="1249" free="4113648" total="10616832" percent="38">
  <mem type="nursery" free="4113648" total="6029312" percent="68">
    <mem type="allocate" free="4113648" total="4194304" percent="98" />
    <mem type="survivor" free="0" total="1835008" percent="0" />
  </mem>
  <mem type="tenure" free="0" total="4587520" percent="0" micro-fragmented="0" macro-fragmented="0">
    <mem type="soa" free="0" total="4587520" percent="0" />
    <mem type="loa" free="0" total="0" percent="0" />
  </mem>
  <remembered-set count="428" />
</mem-info>
<gc-op id="1250" type="compact" timems="3.636" contextid="1244" timestamp="2019-06-16T00:11:19.065">
  <compact-info movecount="180" movebytes="7672" reason="compact to aid heap contraction" />
</gc-op>
<gc-end id="1251" type="global" contextid="1244" durationms="6.577" usertimems="12.000" systemtimems="0.000" timestamp="2019-06-16T00:11:19.065" activeThreads="4">
  <mem-info id="1252" free="4115600" total="10616832" percent="38">
    <mem type="nursery" free="4115600" total="6029312" percent="68">
      <mem type="allocate" free="4115600" total="4194304" percent="98" />
      <mem type="survivor" free="0" total="1835008" percent="0" />
    </mem>
    <mem type="tenure" free="0" total="4587520" percent="0">
      <mem type="soa" free="0" total="4587520" percent="0" />
      <mem type="loa" free="0" total="0" percent="0" />
    </mem>
    <remembered-set count="428" />
  </mem-info>
</gc-end>
<cycle-end id="1253" type="global" contextid="1244" timestamp="2019-06-16T00:11:19.065" />
  <attribute name="elasticGC enabled" value="1" />
  <attribute name= "numThreadsSpecified" value="4" />
  <attribute name="heapSize specified" value="10616832" />
  <attribute name="Current GC Util" value="50" />
  <attribute name= "Current Time Running" value="49599" />
  <attribute name ="GC Interval" value="488" />
  <attribute name="ProportionalT" value="45.000000" />
  <attribute name="ProportionalI" value="45.000000" />
  <attribute name="ProportionalH" value="45.000000" />
  <attribute name="Current Error" value="30.000000" />
  <attribute name="IntegralT" value="120.000000" />
  <attribute name="IntegralI" value="120.000000" />
  <attribute name="IntegralH" value="120.000000" />
  <attribute name="DerivativeT" value="7.500000" />
  <attribute name="DerivativeI" value="7.500000" />
  <attribute name="DerivativeH" value="7.500000" />
  <attribute name="Loop Time for DT" value="4.000000" />
  <attribute name="Output H" value="8388608"/>
  <attribute name="Output I" value="200"/>
  <attribute name="Output T" value="4"/>
  <attribute name="Target GC Util Change" value ="20.000000" />
  <attribute name="Current GC Util Change" value="50.000000"/>
  <attribute name="GC Util currently" value="50" />
  <attribute name="CPU Util currently" value="1232200676411" />
<cycle-start id="1254" type="global" contextid="0" timestamp="2019-06-16T00:11:19.065" intervalms="6.906" />
<gc-start id="1255" type="global" contextid="1254" timestamp="2019-06-16T00:11:19.065">
  <mem-info id="1256" free="4115600" total="10616832" percent="38">
    <mem type="nursery" free="4115600" total="6029312" percent="68">
      <mem type="allocate" free="4115600" total="4194304" percent="98" />
      <mem type="survivor" free="0" total="1835008" percent="0" />
    </mem>
    <mem type="tenure" free="0" total="4587520" percent="0">
      <mem type="soa" free="0" total="4587520" percent="0" />
      <mem type="loa" free="0" total="0" percent="0" />
    </mem>
    <remembered-set count="428" />
  </mem-info>
</gc-start>
<allocation-stats totalBytes="0" >
  <allocated-bytes non-tlh="0" tlh="0" />
</allocation-stats>
<gc-op id="1257" type="mark" timems="2.871" contextid="1254" timestamp="2019-06-16T00:11:19.069">
  <trace-info objectcount="84350" scancount="68426" scanbytes="2239860" />
  <finalization candidates="80" enqueued="0" />
  <ownableSynchronizers candidates="21" cleared="0" />
  <references type="soft" candidates="957" cleared="0" enqueued="0" dynamicThreshold="0" maxThreshold="32" />
  <references type="weak" candidates="4795" cleared="0" enqueued="0" />
  <references type="phantom" candidates="72" cleared="0" enqueued="0" />
  <stringconstants candidates="11315" cleared="0"  />
</gc-op>
<gc-op id="1258" type="classunload" timems="0.004" contextid="1254" timestamp="2019-06-16T00:11:19.069">
  <classunload-info classloadercandidates="22" classloadersunloaded="0" classesunloaded="0" anonymousclassesunloaded="0" quiescems="0.000" setupms="0.003" scanms="0.001" postms="0.000" />
</gc-op>
<gc-op id="1259" type="sweep" timems="0.229" contextid="1254" timestamp="2019-06-16T00:11:19.069" />
<mem-info id="1260" free="4115600" total="10616832" percent="38">
  <mem type="nursery" free="4115600" total="6029312" percent="68">
    <mem type="allocate" free="4115600" total="4194304" percent="98" />
    <mem type="survivor" free="0" total="1835008" percent="0" />
  </mem>
  <mem type="tenure" free="0" total="4587520" percent="0" micro-fragmented="0" macro-fragmented="0">
    <mem type="soa" free="0" total="4587520" percent="0" />
    <mem type="loa" free="0" total="0" percent="0" />
  </mem>
  <remembered-set count="428" />
</mem-info>
<gc-op id="1261" type="compact" timems="4.251" contextid="1254" timestamp="2019-06-16T00:11:19.074">
  <compact-info movecount="0" movebytes="0" reason="compact to aid heap contraction" />
</gc-op>
<gc-end id="1262" type="global" contextid="1254" durationms="8.345" usertimems="12.000" systemtimems="0.000" timestamp="2019-06-16T00:11:19.074" activeThreads="4">
  <mem-info id="1263" free="4115600" total="10616832" percent="38">
    <mem type="nursery" free="4115600" total="6029312" percent="68">
      <mem type="allocate" free="4115600" total="4194304" percent="98" />
      <mem type="survivor" free="0" total="1835008" percent="0" />
    </mem>
    <mem type="tenure" free="0" total="4587520" percent="0">
      <mem type="soa" free="0" total="4587520" percent="0" />
      <mem type="loa" free="0" total="0" percent="0" />
    </mem>
    <remembered-set count="428" />
  </mem-info>
</gc-end>
<cycle-end id="1264" type="global" contextid="1254" timestamp="2019-06-16T00:11:19.074" />
  <attribute name="elasticGC enabled" value="1" />
  <attribute name= "numThreadsSpecified" value="4" />
  <attribute name="heapSize specified" value="10616832" />
  <attribute name="Current GC Util" value="26" />
  <attribute name= "Current Time Running" value="49608" />
  <attribute name ="GC Interval" value="488" />
  <attribute name="ProportionalT" value="9.000000" />
  <attribute name="ProportionalI" value="9.000000" />
  <attribute name="ProportionalH" value="9.000000" />
  <attribute name="Current Error" value="6.000000" />
  <attribute name="IntegralT" value="30.000000" />
  <attribute name="IntegralI" value="30.000000" />
  <attribute name="IntegralH" value="30.000000" />
  <attribute name="DerivativeT" value="1.200000" />
  <attribute name="DerivativeI" value="1.200000" />
  <attribute name="DerivativeH" value="1.200000" />
  <attribute name="Loop Time for DT" value="5.000000" />
  <attribute name="Output H" value="8388608"/>
  <attribute name="Output I" value="200"/>
  <attribute name="Output T" value="4"/>
  <attribute name="Target GC Util Change" value ="20.000000" />
  <attribute name="Current GC Util Change" value="26.000000"/>
  <attribute name="GC Util currently" value="26" />
  <attribute name="CPU Util currently" value="1060162332652" />
<allocation-unsatisfied id="1265" threadId="000000000224B700" bytesRequested="120" />
<af-end id="1266" timestamp="2019-06-16T00:11:19.074" threadId="000000000224C088" success="false" />
<exclusive-end id="1267" timestamp="2019-06-16T00:11:19.074" durationms="16.059" />

<exclusive-start id="1268" timestamp="2019-06-16T00:11:37.381" intervalms="18323.092">
  <response-info timems="36.016" idlems="18.045" threads="1" lastid="000000000224B700" lastname="main" />
</exclusive-start>
<af-start id="1269" threadId="00000000023B8E88" totalBytesRequested="16" timestamp="2019-06-16T00:11:37.390" intervalms="18331.818" type="tenure" />
<cycle-start id="1270" type="global" contextid="0" timestamp="2019-06-16T00:11:37.391" intervalms="18325.290" />
<gc-start id="1271" type="global" contextid="1270" timestamp="2019-06-16T00:11:37.391">
  <mem-info id="1272" free="4103312" total="10616832" percent="38">
    <mem type="nursery" free="4103312" total="6029312" percent="68">
      <mem type="allocate" free="4103312" total="4194304" percent="97" />
      <mem type="survivor" free="0" total="1835008" percent="0" />
    </mem>
    <mem type="tenure" free="0" total="4587520" percent="0">
      <mem type="soa" free="0" total="4587520" percent="0" />
      <mem type="loa" free="0" total="0" percent="0" />
    </mem>
    <remembered-set count="428" />
  </mem-info>
</gc-start>
<allocation-stats totalBytes="12288" >
  <allocated-bytes non-tlh="0" tlh="12288" />
</allocation-stats>
<gc-op id="1273" type="mark" timems="14.287" contextid="1270" timestamp="2019-06-16T00:11:37.406">
  <trace-info objectcount="84351" scancount="68440" scanbytes="2239876" />
  <finalization candidates="80" enqueued="0" />
  <ownableSynchronizers candidates="21" cleared="0" />
  <references type="soft" candidates="957" cleared="0" enqueued="0" dynamicThreshold="0" maxThreshold="32" />
  <references type="weak" candidates="4795" cleared="0" enqueued="0" />
  <references type="phantom" candidates="72" cleared="0" enqueued="0" />
  <stringconstants candidates="11315" cleared="0"  />
</gc-op>
<gc-op id="1274" type="sweep" timems="1.291" contextid="1270" timestamp="2019-06-16T00:11:37.408" />
<mem-info id="1275" free="4115704" total="10616832" percent="38">
  <mem type="nursery" free="4114928" total="6029312" percent="68">
    <mem type="allocate" free="4114928" total="4194304" percent="98" />
    <mem type="survivor" free="0" total="1835008" percent="0" />
  </mem>
  <mem type="tenure" free="776" total="4587520" percent="0" micro-fragmented="0" macro-fragmented="492">
    <mem type="soa" free="776" total="4587520" percent="0" />
    <mem type="loa" free="0" total="0" percent="0" />
  </mem>
  <remembered-set count="427" />
</mem-info>
<gc-op id="1276" type="compact" timems="13.074" contextid="1270" timestamp="2019-06-16T00:11:37.422">
  <compact-info movecount="0" movebytes="0" reason="compact to aid heap contraction" />
</gc-op>
<gc-end id="1277" type="global" contextid="1270" durationms="31.449" usertimems="64.000" systemtimems="0.000" timestamp="2019-06-16T00:11:37.423" activeThreads="4">
  <mem-info id="1278" free="4114928" total="10616832" percent="38">
    <mem type="nursery" free="4114928" total="6029312" percent="68">
      <mem type="allocate" free="4114928" total="4194304" percent="98" />
      <mem type="survivor" free="0" total="1835008" percent="0" />
    </mem>
    <mem type="tenure" free="0" total="4587520" percent="0">
      <mem type="soa" free="0" total="4587520" percent="0" />
      <mem type="loa" free="0" total="0" percent="0" />
    </mem>
    <remembered-set count="427" />
  </mem-info>
</gc-end>
<cycle-end id="1279" type="global" contextid="1270" timestamp="2019-06-16T00:11:37.423" />
  <attribute name="elasticGC enabled" value="1" />
  <attribute name= "numThreadsSpecified" value="4" />
  <attribute name="heapSize specified" value="10616832" />
  <attribute name="Current GC Util" value="105" />
  <attribute name= "Current Time Running" value="67956" />
  <attribute name ="GC Interval" value="488" />
  <attribute name="ProportionalT" value="127.500000" />
  <attribute name="ProportionalI" value="127.500000" />
  <attribute name="ProportionalH" value="127.500000" />
  <attribute name="Current Error" value="85.000000" />
  <attribute name="IntegralT" value="1105.000000" />
  <attribute name="IntegralI" value="1105.000000" />
  <attribute name="IntegralH" value="1105.000000" />
  <attribute name="DerivativeT" value="6.230769" />
  <attribute name="DerivativeI" value="6.230769" />
  <attribute name="DerivativeH" value="6.230769" />
  <attribute name="Loop Time for DT" value="13.000000" />
  <attribute name="Output H" value="8388608"/>
  <attribute name="Output I" value="1240"/>
  <attribute name="Output T" value="4"/>
  <attribute name="Target GC Util Change" value ="20.000000" />
  <attribute name="Current GC Util Change" value="105.000000"/>
  <attribute name="GC Util currently" value="105" />
  <attribute name="CPU Util currently" value="346561428860" />
<allocation-satisfied id="1280" threadId="00000000023B8500" bytesRequested="16" />
<af-end id="1281" timestamp="2019-06-16T00:11:37.423" threadId="00000000023B8E88" success="true" from="tenure-soa"/>
<exclusive-end id="1282" timestamp="2019-06-16T00:11:37.423" durationms="42.080" />

<exclusive-start id="1283" timestamp="2019-06-16T00:11:37.424" intervalms="42.551">
  <response-info timems="0.238" idlems="0.137" threads="1" lastid="000000000224B700" lastname="main" />
</exclusive-start>
<af-start id="1284" threadId="00000000023B8E88" totalBytesRequested="80" timestamp="2019-06-16T00:11:37.424" intervalms="33.941" type="tenure" />
<cycle-start id="1285" type="global" contextid="0" timestamp="2019-06-16T00:11:37.424" intervalms="33.703" />
<gc-start id="1286" type="global" contextid="1285" timestamp="2019-06-16T00:11:37.425">
  <mem-info id="1287" free="4114928" total="10616832" percent="38">
    <mem type="nursery" free="4114928" total="6029312" percent="68">
      <mem type="allocate" free="4114928" total="4194304" percent="98" />
      <mem type="survivor" free="0" total="1835008" percent="0" />
    </mem>
    <mem type="tenure" free="0" total="4587520" percent="0">
      <mem type="soa" free="0" total="4587520" percent="0" />
      <mem type="loa" free="0" total="0" percent="0" />
    </mem>
    <remembered-set count="428" />
  </mem-info>
</gc-start>
<allocation-stats totalBytes="16" >
  <allocated-bytes non-tlh="16" tlh="0" />
  <largest-consumer threadName="Attach API wait loop" threadId="00000000023B8500" bytes="16" />
</allocation-stats>
<gc-op id="1288" type="mark" timems="5.783" contextid="1285" timestamp="2019-06-16T00:11:37.431">
  <trace-info objectcount="84143" scancount="68253" scanbytes="2234328" />
  <finalization candidates="80" enqueued="0" />
  <ownableSynchronizers candidates="21" cleared="0" />
  <references type="soft" candidates="957" cleared="1" enqueued="0" dynamicThreshold="0" maxThreshold="32" />
  <references type="weak" candidates="4795" cleared="0" enqueued="0" />
  <references type="phantom" candidates="72" cleared="0" enqueued="0" />
  <stringconstants candidates="11315" cleared="5"  />
</gc-op>
<gc-op id="1289" type="sweep" timems="0.698" contextid="1285" timestamp="2019-06-16T00:11:37.431" />
<mem-info id="1290" free="4118480" total="10616832" percent="38">
  <mem type="nursery" free="4118480" total="6029312" percent="68">
    <mem type="allocate" free="4118480" total="4194304" percent="98" />
    <mem type="survivor" free="0" total="1835008" percent="0" />
  </mem>
  <mem type="tenure" free="0" total="4587520" percent="0" micro-fragmented="0" macro-fragmented="0">
    <mem type="soa" free="0" total="4587520" percent="0" />
    <mem type="loa" free="0" total="0" percent="0" />
  </mem>
  <remembered-set count="423" />
</mem-info>
<gc-op id="1291" type="compact" timems="6.068" contextid="1285" timestamp="2019-06-16T00:11:37.438">
  <compact-info movecount="653" movebytes="31104" reason="compact to aid heap contraction" />
</gc-op>
<gc-end id="1292" type="global" contextid="1285" durationms="13.727" usertimems="24.000" systemtimems="0.000" timestamp="2019-06-16T00:11:37.438" activeThreads="4">
  <mem-info id="1293" free="4123720" total="10616832" percent="38">
    <mem type="nursery" free="4122792" total="6029312" percent="68">
      <mem type="allocate" free="4122792" total="4194304" percent="98" />
      <mem type="survivor" free="0" total="1835008" percent="0" />
    </mem>
    <mem type="tenure" free="928" total="4587520" percent="0">
      <mem type="soa" free="928" total="4587520" percent="0" />
      <mem type="loa" free="0" total="0" percent="0" />
    </mem>
    <remembered-set count="423" />
  </mem-info>
</gc-end>
<cycle-end id="1294" type="global" contextid="1285" timestamp="2019-06-16T00:11:37.438" />
  <attribute name="elasticGC enabled" value="1" />
  <attribute name= "numThreadsSpecified" value="4" />
  <attribute name="heapSize specified" value="10616832" />
  <attribute name="Current GC Util" value="45" />
  <attribute name= "Current Time Running" value="67972" />
  <attribute name ="GC Interval" value="488" />
  <attribute name="ProportionalT" value="37.500000" />
  <attribute name="ProportionalI" value="37.500000" />
  <attribute name="ProportionalH" value="37.500000" />
  <attribute name="Current Error" value="25.000000" />
  <attribute name="IntegralT" value="150.000000" />
  <attribute name="IntegralI" value="150.000000" />
  <attribute name="IntegralH" value="150.000000" />
  <attribute name="DerivativeT" value="-3.333333" />
  <attribute name="DerivativeI" value="-3.333333" />
  <attribute name="DerivativeH" value="-3.333333" />
  <attribute name="Loop Time for DT" value="6.000000" />
  <attribute name="Output H" value="8388608"/>
  <attribute name="Output I" value="200"/>
  <attribute name="Output T" value="4"/>
  <attribute name="Target GC Util Change" value ="20.000000" />
  <attribute name="Current GC Util Change" value="45.000000"/>
  <attribute name="GC Util currently" value="45" />
  <attribute name="CPU Util currently" value="736818879689" />
<allocation-satisfied id="1295" threadId="00000000023B8500" bytesRequested="80" />
<af-end id="1296" timestamp="2019-06-16T00:11:37.439" threadId="00000000023B8E88" success="true" from="tenure-soa"/>
<exclusive-end id="1297" timestamp="2019-06-16T00:11:37.439" durationms="15.052" />

<exclusive-start id="1298" timestamp="2019-06-16T00:11:37.439" intervalms="15.296">
  <response-info timems="0.041" idlems="0.041" threads="0" lastid="000000000224B700" lastname="main" />
</exclusive-start>
<af-start id="1299" threadId="000000000224C088" totalBytesRequested="40" timestamp="2019-06-16T00:11:37.439" intervalms="15.188" type="tenure" />
<cycle-start id="1300" type="global" contextid="0" timestamp="2019-06-16T00:11:37.439" intervalms="15.100" />
<gc-start id="1301" type="global" contextid="1300" timestamp="2019-06-16T00:11:37.440">
  <mem-info id="1302" free="4114600" total="10616832" percent="38">
    <mem type="nursery" free="4114600" total="6029312" percent="68">
      <mem type="allocate" free="4114600" total="4194304" percent="98" />
      <mem type="survivor" free="0" total="1835008" percent="0" />
    </mem>
    <mem type="tenure" free="0" total="4587520" percent="0">
      <mem type="soa" free="0" total="4587520" percent="0" />
      <mem type="loa" free="0" total="0" percent="0" />
    </mem>
    <remembered-set count="427" />
  </mem-info>
</gc-start>
<allocation-stats totalBytes="8440" >
  <allocated-bytes non-tlh="248" tlh="8192" />
  <largest-consumer threadName="Attach API wait loop" threadId="00000000023B8500" bytes="4328" />
</allocation-stats>
<gc-op id="1303" type="mark" timems="2.363" contextid="1300" timestamp="2019-06-16T00:11:37.442">
  <trace-info objectcount="84160" scancount="68253" scanbytes="2234724" />
  <finalization candidates="80" enqueued="0" />
  <ownableSynchronizers candidates="21" cleared="0" />
  <references type="soft" candidates="957" cleared="0" enqueued="0" dynamicThreshold="0" maxThreshold="32" />
  <references type="weak" candidates="4795" cleared="0" enqueued="0" />
  <references type="phantom" candidates="72" cleared="0" enqueued="0" />
  <stringconstants candidates="11313" cleared="0"  />
</gc-op>
<gc-op id="1304" type="sweep" timems="0.311" contextid="1300" timestamp="2019-06-16T00:11:37.442" />
<mem-info id="1305" free="4122360" total="10616832" percent="38">
  <mem type="nursery" free="4122360" total="6029312" percent="68">
    <mem type="allocate" free="4122360" total="4194304" percent="98" />
    <mem type="survivor" free="0" total="1835008" percent="0" />
  </mem>
  <mem type="tenure" free="0" total="4587520" percent="0" micro-fragmented="0" macro-fragmented="0">
    <mem type="soa" free="0" total="4587520" percent="0" />
    <mem type="loa" free="0" total="0" percent="0" />
  </mem>
  <remembered-set count="427" />
</mem-info>
<gc-op id="1306" type="compact" timems="4.332" contextid="1300" timestamp="2019-06-16T00:11:37.447">
  <compact-info movecount="3" movebytes="136" reason="compact to aid heap contraction" />
</gc-op>
<gc-end id="1307" type="global" contextid="1300" durationms="7.821" usertimems="12.000" systemtimems="0.000" timestamp="2019-06-16T00:11:37.447" activeThreads="4">
  <mem-info id="1308" free="4122360" total="10616832" percent="38">
    <mem type="nursery" free="4122360" total="6029312" percent="68">
      <mem type="allocate" free="4122360" total="4194304" percent="98" />
      <mem type="survivor" free="0" total="1835008" percent="0" />
    </mem>
    <mem type="tenure" free="0" total="4587520" percent="0">
      <mem type="soa" free="0" total="4587520" percent="0" />
      <mem type="loa" free="0" total="0" percent="0" />
    </mem>
    <remembered-set count="427" />
  </mem-info>
</gc-end>
<cycle-end id="1309" type="global" contextid="1300" timestamp="2019-06-16T00:11:37.447" />
  <attribute name="elasticGC enabled" value="1" />
  <attribute name= "numThreadsSpecified" value="4" />
  <attribute name="heapSize specified" value="10616832" />
  <attribute name="Current GC Util" value="111" />
  <attribute name= "Current Time Running" value="67981" />
  <attribute name ="GC Interval" value="488" />
  <attribute name="ProportionalT" value="136.500000" />
  <attribute name="ProportionalI" value="136.500000" />
  <attribute name="ProportionalH" value="136.500000" />
  <attribute name="Current Error" value="91.000000" />
  <attribute name="IntegralT" value="364.000000" />
  <attribute name="IntegralI" value="364.000000" />
  <attribute name="IntegralH" value="364.000000" />
  <attribute name="DerivativeT" value="22.750000" />
  <attribute name="DerivativeI" value="22.750000" />
  <attribute name="DerivativeH" value="22.750000" />
  <attribute name="Loop Time for DT" value="4.000000" />
  <attribute name="Output H" value="8388608"/>
  <attribute name="Output I" value="528"/>
  <attribute name="Output T" value="4"/>
  <attribute name="Target GC Util Change" value ="20.000000" />
  <attribute name="Current GC Util Change" value="111.000000"/>
  <attribute name="GC Util currently" value="111" />
  <attribute name="CPU Util currently" value="1026358877727" />
<cycle-start id="1310" type="global" contextid="0" timestamp="2019-06-16T00:11:37.448" intervalms="8.150" />
<gc-start id="1311" type="global" contextid="1310" timestamp="2019-06-16T00:11:37.448">
  <mem-info id="1312" free="4122360" total="10616832" percent="38">
    <mem type="nursery" free="4122360" total="6029312" percent="68">
      <mem type="allocate" free="4122360" total="4194304" percent="98" />
      <mem type="survivor" free="0" total="1835008" percent="0" />
    </mem>
    <mem type="tenure" free="0" total="4587520" percent="0">
      <mem type="soa" free="0" total="4587520" percent="0" />
      <mem type="loa" free="0" total="0" percent="0" />
    </mem>
    <remembered-set count="427" />
  </mem-info>
</gc-start>
<allocation-stats totalBytes="0" >
  <allocated-bytes non-tlh="0" tlh="0" />
</allocation-stats>
<gc-op id="1313" type="mark" timems="2.746" contextid="1310" timestamp="2019-06-16T00:11:37.451">
  <trace-info objectcount="84160" scancount="68255" scanbytes="2234724" />
  <finalization candidates="80" enqueued="0" />
  <ownableSynchronizers candidates="21" cleared="0" />
  <references type="soft" candidates="957" cleared="0" enqueued="0" dynamicThreshold="0" maxThreshold="32" />
  <references type="weak" candidates="4795" cleared="0" enqueued="0" />
  <references type="phantom" candidates="72" cleared="0" enqueued="0" />
  <stringconstants candidates="11313" cleared="0"  />
</gc-op>
<gc-op id="1314" type="classunload" timems="0.004" contextid="1310" timestamp="2019-06-16T00:11:37.451">
  <classunload-info classloadercandidates="22" classloadersunloaded="0" classesunloaded="0" anonymousclassesunloaded="0" quiescems="0.000" setupms="0.003" scanms="0.000" postms="0.001" />
</gc-op>
<gc-op id="1315" type="sweep" timems="0.256" contextid="1310" timestamp="2019-06-16T00:11:37.451" />
<mem-info id="1316" free="4122360" total="10616832" percent="38">
  <mem type="nursery" free="4122360" total="6029312" percent="68">
    <mem type="allocate" free="4122360" total="4194304" percent="98" />
    <mem type="survivor" free="0" total="1835008" percent="0" />
  </mem>
  <mem type="tenure" free="0" total="4587520" percent="0" micro-fragmented="0" macro-fragmented="0">
    <mem type="soa" free="0" total="4587520" percent="0" />
    <mem type="loa" free="0" total="0" percent="0" />
  </mem>
  <remembered-set count="427" />
</mem-info>
<gc-op id="1317" type="compact" timems="4.319" contextid="1310" timestamp="2019-06-16T00:11:37.456">
  <compact-info movecount="0" movebytes="0" reason="compact to aid heap contraction" />
</gc-op>
<gc-end id="1318" type="global" contextid="1310" durationms="8.152" usertimems="12.000" systemtimems="0.000" timestamp="2019-06-16T00:11:37.456" activeThreads="4">
  <mem-info id="1319" free="4122360" total="10616832" percent="38">
    <mem type="nursery" free="4122360" total="6029312" percent="68">
      <mem type="allocate" free="4122360" total="4194304" percent="98" />
      <mem type="survivor" free="0" total="1835008" percent="0" />
    </mem>
    <mem type="tenure" free="0" total="4587520" percent="0">
      <mem type="soa" free="0" total="4587520" percent="0" />
      <mem type="loa" free="0" total="0" percent="0" />
    </mem>
    <remembered-set count="427" />
  </mem-info>
</gc-end>
<cycle-end id="1320" type="global" contextid="1310" timestamp="2019-06-16T00:11:37.456" />
  <attribute name="elasticGC enabled" value="1" />
  <attribute name= "numThreadsSpecified" value="4" />
  <attribute name="heapSize specified" value="10616832" />
  <attribute name="Current GC Util" value="25" />
  <attribute name= "Current Time Running" value="67990" />
  <attribute name ="GC Interval" value="488" />
  <attribute name="ProportionalT" value="7.500000" />
  <attribute name="ProportionalI" value="7.500000" />
  <attribute name="ProportionalH" value="7.500000" />
  <attribute name="Current Error" value="5.000000" />
  <attribute name="IntegralT" value="25.000000" />
  <attribute name="IntegralI" value="25.000000" />
  <attribute name="IntegralH" value="25.000000" />
  <attribute name="DerivativeT" value="1.000000" />
  <attribute name="DerivativeI" value="1.000000" />
  <attribute name="DerivativeH" value="1.000000" />
  <attribute name="Loop Time for DT" value="5.000000" />
  <attribute name="Output H" value="8388608"/>
  <attribute name="Output I" value="200"/>
  <attribute name="Output T" value="4"/>
  <attribute name="Target GC Util Change" value ="20.000000" />
  <attribute name="Current GC Util Change" value="25.000000"/>
  <attribute name="GC Util currently" value="25" />
  <attribute name="CPU Util currently" value="1051097482663" />
<allocation-unsatisfied id="1321" threadId="000000000224B700" bytesRequested="40" />
<af-end id="1322" timestamp="2019-06-16T00:11:37.456" threadId="000000000224C088" success="false" />
<exclusive-end id="1323" timestamp="2019-06-16T00:11:37.456" durationms="17.071" />

<exclusive-start id="1324" timestamp="2019-06-16T00:11:37.457" intervalms="17.585">
  <response-info timems="0.307" idlems="0.172" threads="2" lastid="000000000224B700" lastname="main" />
</exclusive-start>
<af-start id="1325" threadId="00000000023B8E88" totalBytesRequested="16" timestamp="2019-06-16T00:11:37.457" intervalms="17.645" type="tenure" />
<cycle-start id="1326" type="global" contextid="0" timestamp="2019-06-16T00:11:37.457" intervalms="9.530" />
<gc-start id="1327" type="global" contextid="1326" timestamp="2019-06-16T00:11:37.457">
  <mem-info id="1328" free="4118264" total="10616832" percent="38">
    <mem type="nursery" free="4118264" total="6029312" percent="68">
      <mem type="allocate" free="4118264" total="4194304" percent="98" />
      <mem type="survivor" free="0" total="1835008" percent="0" />
    </mem>
    <mem type="tenure" free="0" total="4587520" percent="0">
      <mem type="soa" free="0" total="4587520" percent="0" />
      <mem type="loa" free="0" total="0" percent="0" />
    </mem>
    <remembered-set count="427" />
  </mem-info>
</gc-start>
<allocation-stats totalBytes="4096" >
  <allocated-bytes non-tlh="0" tlh="4096" />
  <largest-consumer threadName="main" threadId="000000000224B700" bytes="4096" />
</allocation-stats>
<gc-op id="1329" type="mark" timems="1.745" contextid="1326" timestamp="2019-06-16T00:11:37.459">
  <trace-info objectcount="84161" scancount="68266" scanbytes="2234740" />
  <finalization candidates="80" enqueued="0" />
  <ownableSynchronizers candidates="21" cleared="0" />
  <references type="soft" candidates="957" cleared="0" enqueued="0" dynamicThreshold="0" maxThreshold="32" />
  <references type="weak" candidates="4795" cleared="0" enqueued="0" />
  <references type="phantom" candidates="72" cleared="0" enqueued="0" />
  <stringconstants candidates="11313" cleared="0"  />
</gc-op>
<gc-op id="1330" type="sweep" timems="0.226" contextid="1326" timestamp="2019-06-16T00:11:37.459" />
<mem-info id="1331" free="4122520" total="10616832" percent="38">
  <mem type="nursery" free="4121744" total="6029312" percent="68">
    <mem type="allocate" free="4121744" total="4194304" percent="98" />
    <mem type="survivor" free="0" total="1835008" percent="0" />
  </mem>
  <mem type="tenure" free="776" total="4587520" percent="0" micro-fragmented="0" macro-fragmented="708">
    <mem type="soa" free="776" total="4587520" percent="0" />
    <mem type="loa" free="0" total="0" percent="0" />
  </mem>
  <remembered-set count="426" />
</mem-info>
<gc-op id="1332" type="compact" timems="3.750" contextid="1326" timestamp="2019-06-16T00:11:37.463">
  <compact-info movecount="0" movebytes="0" reason="compact to aid heap contraction" />
</gc-op>
<gc-end id="1333" type="global" contextid="1326" durationms="6.410" usertimems="12.000" systemtimems="0.000" timestamp="2019-06-16T00:11:37.464" activeThreads="4">
  <mem-info id="1334" free="4121744" total="10616832" percent="38">
    <mem type="nursery" free="4121744" total="6029312" percent="68">
      <mem type="allocate" free="4121744" total="4194304" percent="98" />
      <mem type="survivor" free="0" total="1835008" percent="0" />
    </mem>
    <mem type="tenure" free="0" total="4587520" percent="0">
      <mem type="soa" free="0" total="4587520" percent="0" />
      <mem type="loa" free="0" total="0" percent="0" />
    </mem>
    <remembered-set count="426" />
  </mem-info>
</gc-end>
<cycle-end id="1335" type="global" contextid="1326" timestamp="2019-06-16T00:11:37.464" />
  <attribute name="elasticGC enabled" value="1" />
  <attribute name= "numThreadsSpecified" value="4" />
  <attribute name="heapSize specified" value="10616832" />
  <attribute name="Current GC Util" value="45" />
  <attribute name= "Current Time Running" value="67997" />
  <attribute name ="GC Interval" value="488" />
  <attribute name="ProportionalT" value="37.500000" />
  <attribute name="ProportionalI" value="37.500000" />
  <attribute name="ProportionalH" value="37.500000" />
  <attribute name="Current Error" value="25.000000" />
  <attribute name="IntegralT" value="100.000000" />
  <attribute name="IntegralI" value="100.000000" />
  <attribute name="IntegralH" value="100.000000" />
  <attribute name="DerivativeT" value="6.250000" />
  <attribute name="DerivativeI" value="6.250000" />
  <attribute name="DerivativeH" value="6.250000" />
  <attribute name="Loop Time for DT" value="4.000000" />
  <attribute name="Output H" value="8388608"/>
  <attribute name="Output I" value="200"/>
  <attribute name="Output T" value="4"/>
  <attribute name="Target GC Util Change" value ="20.000000" />
  <attribute name="Current GC Util Change" value="45.000000"/>
  <attribute name="GC Util currently" value="45" />
  <attribute name="CPU Util currently" value="1191838914147" />
<allocation-satisfied id="1336" threadId="00000000023B8500" bytesRequested="16" />
<af-end id="1337" timestamp="2019-06-16T00:11:37.464" threadId="00000000023B8E88" success="true" from="tenure-soa"/>
<exclusive-end id="1338" timestamp="2019-06-16T00:11:37.464" durationms="7.295" />

<exclusive-start id="1339" timestamp="2019-06-16T00:11:37.563" intervalms="106.612">
  <response-info timems="0.001" idlems="0.001" threads="0" lastid="00000000023B8500" lastname="Attach API wait loop" />
</exclusive-start>
<af-start id="1340" threadId="00000000023B8E88" totalBytesRequested="40" timestamp="2019-06-16T00:11:37.564" intervalms="106.986" type="tenure" />
<cycle-start id="1341" type="global" contextid="0" timestamp="2019-06-16T00:11:37.564" intervalms="107.295" />
<gc-start id="1342" type="global" contextid="1341" timestamp="2019-06-16T00:11:37.565">
  <mem-info id="1343" free="4121744" total="10616832" percent="38">
    <mem type="nursery" free="4121744" total="6029312" percent="68">
      <mem type="allocate" free="4121744" total="4194304" percent="98" />
      <mem type="survivor" free="0" total="1835008" percent="0" />
    </mem>
    <mem type="tenure" free="0" total="4587520" percent="0">
      <mem type="soa" free="0" total="4587520" percent="0" />
      <mem type="loa" free="0" total="0" percent="0" />
    </mem>
    <remembered-set count="427" />
  </mem-info>
</gc-start>
<allocation-stats totalBytes="16" >
  <allocated-bytes non-tlh="16" tlh="0" />
</allocation-stats>
<gc-op id="1344" type="mark" timems="12.507" contextid="1341" timestamp="2019-06-16T00:11:37.578">
  <trace-info objectcount="84162" scancount="68258" scanbytes="2234756" />
  <finalization candidates="80" enqueued="0" />
  <ownableSynchronizers candidates="21" cleared="0" />
  <references type="soft" candidates="957" cleared="0" enqueued="0" dynamicThreshold="0" maxThreshold="32" />
  <references type="weak" candidates="4795" cleared="0" enqueued="0" />
  <references type="phantom" candidates="72" cleared="0" enqueued="0" />
  <stringconstants candidates="11313" cleared="0"  />
</gc-op>
<gc-op id="1345" type="sweep" timems="1.147" contextid="1341" timestamp="2019-06-16T00:11:37.580" />
<mem-info id="1346" free="4121744" total="10616832" percent="38">
  <mem type="nursery" free="4121744" total="6029312" percent="68">
    <mem type="allocate" free="4121744" total="4194304" percent="98" />
    <mem type="survivor" free="0" total="1835008" percent="0" />
  </mem>
  <mem type="tenure" free="0" total="4587520" percent="0" micro-fragmented="0" macro-fragmented="0">
    <mem type="soa" free="0" total="4587520" percent="0" />
    <mem type="loa" free="0" total="0" percent="0" />
  </mem>
  <remembered-set count="427" />
</mem-info>
<gc-op id="1347" type="compact" timems="17.964" contextid="1341" timestamp="2019-06-16T00:11:37.598">
  <compact-info movecount="0" movebytes="0" reason="compact to aid heap contraction" />
</gc-op>
<gc-end id="1348" type="global" contextid="1341" durationms="34.429" usertimems="52.000" systemtimems="0.000" timestamp="2019-06-16T00:11:37.599" activeThreads="4">
  <mem-info id="1349" free="4121744" total="10616832" percent="38">
    <mem type="nursery" free="4121744" total="6029312" percent="68">
      <mem type="allocate" free="4121744" total="4194304" percent="98" />
      <mem type="survivor" free="0" total="1835008" percent="0" />
    </mem>
    <mem type="tenure" free="0" total="4587520" percent="0">
      <mem type="soa" free="0" total="4587520" percent="0" />
      <mem type="loa" free="0" total="0" percent="0" />
    </mem>
    <remembered-set count="427" />
  </mem-info>
</gc-end>
<cycle-end id="1350" type="global" contextid="1341" timestamp="2019-06-16T00:11:37.600" />
  <attribute name="elasticGC enabled" value="1" />
  <attribute name= "numThreadsSpecified" value="4" />
  <attribute name="heapSize specified" value="10616832" />
  <attribute name="Current GC Util" value="36" />
  <attribute name= "Current Time Running" value="68133" />
  <attribute name ="GC Interval" value="488" />
  <attribute name="ProportionalT" value="24.000000" />
  <attribute name="ProportionalI" value="24.000000" />
  <attribute name="ProportionalH" value="24.000000" />
  <attribute name="Current Error" value="16.000000" />
  <attribute name="IntegralT" value="304.000000" />
  <attribute name="IntegralI" value="304.000000" />
  <attribute name="IntegralH" value="304.000000" />
  <attribute name="DerivativeT" value="0.789474" />
  <attribute name="DerivativeI" value="0.789474" />
  <attribute name="DerivativeH" value="0.789474" />
  <attribute name="Loop Time for DT" value="19.000000" />
  <attribute name="Output H" value="8388608"/>
  <attribute name="Output I" value="328"/>
  <attribute name="Output T" value="4"/>
  <attribute name="Target GC Util Change" value ="20.000000" />
  <attribute name="Current GC Util Change" value="36.000000"/>
  <attribute name="GC Util currently" value="36" />
  <attribute name="CPU Util currently" value="251841855498" />
<cycle-start id="1351" type="global" contextid="0" timestamp="2019-06-16T00:11:37.600" intervalms="35.706" />
<gc-start id="1352" type="global" contextid="1351" timestamp="2019-06-16T00:11:37.600">
  <mem-info id="1353" free="4121744" total="10616832" percent="38">
    <mem type="nursery" free="4121744" total="6029312" percent="68">
      <mem type="allocate" free="4121744" total="4194304" percent="98" />
      <mem type="survivor" free="0" total="1835008" percent="0" />
    </mem>
    <mem type="tenure" free="0" total="4587520" percent="0">
      <mem type="soa" free="0" total="4587520" percent="0" />
      <mem type="loa" free="0" total="0" percent="0" />
    </mem>
    <remembered-set count="427" />
  </mem-info>
</gc-start>
<allocation-stats totalBytes="0" >
  <allocated-bytes non-tlh="0" tlh="0" />
</allocation-stats>
<gc-op id="1354" type="mark" timems="8.051" contextid="1351" timestamp="2019-06-16T00:11:37.609">
  <trace-info objectcount="84162" scancount="68257" scanbytes="2234756" />
  <finalization candidates="80" enqueued="0" />
  <ownableSynchronizers candidates="21" cleared="0" />
  <references type="soft" candidates="957" cleared="0" enqueued="0" dynamicThreshold="0" maxThreshold="32" />
  <references type="weak" candidates="4795" cleared="0" enqueued="0" />
  <references type="phantom" candidates="72" cleared="0" enqueued="0" />
  <stringconstants candidates="11313" cleared="0"  />
</gc-op>
<gc-op id="1355" type="classunload" timems="0.012" contextid="1351" timestamp="2019-06-16T00:11:37.609">
  <classunload-info classloadercandidates="22" classloadersunloaded="0" classesunloaded="0" anonymousclassesunloaded="0" quiescems="0.000" setupms="0.010" scanms="0.001" postms="0.001" />
</gc-op>
<gc-op id="1356" type="sweep" timems="0.722" contextid="1351" timestamp="2019-06-16T00:11:37.610" />
<mem-info id="1357" free="4121744" total="10616832" percent="38">
  <mem type="nursery" free="4121744" total="6029312" percent="68">
    <mem type="allocate" free="4121744" total="4194304" percent="98" />
    <mem type="survivor" free="0" total="1835008" percent="0" />
  </mem>
  <mem type="tenure" free="0" total="4587520" percent="0" micro-fragmented="0" macro-fragmented="0">
    <mem type="soa" free="0" total="4587520" percent="0" />
    <mem type="loa" free="0" total="0" percent="0" />
  </mem>
  <remembered-set count="427" />
</mem-info>
<gc-op id="1358" type="compact" timems="11.062" contextid="1351" timestamp="2019-06-16T00:11:37.622">
  <compact-info movecount="0" movebytes="0" reason="compact to aid heap contraction" />
</gc-op>
<heap-resize id="1359" type="expand" space="tenure" amount="2082013184" count="1" timems="0.031" reason="satisfy allocation request" timestamp="2019-06-16T00:11:37.622" />
<gc-end id="1360" type="global" contextid="1351" durationms="21.606" usertimems="32.000" systemtimems="0.000" timestamp="2019-06-16T00:11:37.622" activeThreads="4">
  <mem-info id="1361" free="2086134888" total="2092630016" percent="99">
    <mem type="nursery" free="4121744" total="6029312" percent="68">
      <mem type="allocate" free="4121744" total="4194304" percent="98" />
      <mem type="survivor" free="0" total="1835008" percent="0" />
    </mem>
    <mem type="tenure" free="2082013144" total="2086600704" percent="99">
      <mem type="soa" free="2082013144" total="2086600704" percent="99" />
      <mem type="loa" free="0" total="0" percent="0" />
    </mem>
    <remembered-set count="427" />
  </mem-info>
</gc-end>
<cycle-end id="1362" type="global" contextid="1351" timestamp="2019-06-16T00:11:37.622" />
  <attribute name="elasticGC enabled" value="1" />
  <attribute name= "numThreadsSpecified" value="4" />
  <attribute name="heapSize specified" value="10616832" />
  <attribute name="Current GC Util" value="18" />
  <attribute name= "Current Time Running" value="68156" />
  <attribute name ="GC Interval" value="488" />
  <attribute name="ProportionalT" value="-3.000000" />
  <attribute name="ProportionalI" value="-3.000000" />
  <attribute name="ProportionalH" value="-3.000000" />
  <attribute name="Current Error" value="-2.000000" />
  <attribute name="IntegralT" value="-24.000000" />
  <attribute name="IntegralI" value="-24.000000" />
  <attribute name="IntegralH" value="-24.000000" />
  <attribute name="DerivativeT" value="-0.166667" />
  <attribute name="DerivativeI" value="-0.166667" />
  <attribute name="DerivativeH" value="-0.166667" />
  <attribute name="Loop Time for DT" value="12.000000" />
  <attribute name="Output H" value="2092630016"/>
  <attribute name="Output I" value="200"/>
  <attribute name="Output T" value="4"/>
  <attribute name="Target GC Util Change" value ="20.000000" />
  <attribute name="Current GC Util Change" value="18.000000"/>
  <attribute name="GC Util currently" value="18" />
  <attribute name="CPU Util currently" value="413252804991" />
<allocation-satisfied id="1363" threadId="00000000023B8500" bytesRequested="40" />
<af-end id="1364" timestamp="2019-06-16T00:11:37.622" threadId="00000000023B8E88" success="true" from="tenure-soa"/>
<exclusive-end id="1365" timestamp="2019-06-16T00:11:37.622" durationms="59.047" />

</verbosegc>

