<?xml version="1.0" ?>

<verbosegc xmlns="http://www.ibm.com/j9/verbosegc" version="08cc62e_CMPRSS">

<initialized id="1" timestamp="2019-08-03T01:03:45.504">
  <attribute name="gcPolicy" value="-Xgcpolicy:optavgpause" />
  <attribute name="elasticGC enabled" value="1" />
  <attribute name= "numThreadsSpecified" value="0" />
  <attribute name="heapSize specified" value="0" />
  <attribute name= "numCores" value="0" />
  <attribute name ="GC Interval" value="0" />
  <attribute name="GC Util Range Max" value="0" />
  <attribute name="Current GC Util" value="0" />
  <attribute name= "Current Time Running" value="0" />
  <attribute name="maxHeapSize" value="0x7cba0000" />
  <attribute name="initialHeapSize" value="0x800000" />
  <attribute name="compressedRefs" value="true" />
  <attribute name="compressedRefsDisplacement" value="0x0" />
  <attribute name="compressedRefsShift" value="0x0" />
  <attribute name="pageSize" value="0x1000" />
  <attribute name="pageType" value="not used" />
  <attribute name="requestedPageSize" value="0x1000" />
  <attribute name="requestedPageType" value="not used" />
  <attribute name="gcthreads" value="8" />
  <attribute name="packetListSplit" value="8" />
  <attribute name="cacheListSplit" value="8" />
  <attribute name="splitFreeListSplitAmount" value="1" />
  <attribute name="numaNodes" value="0" />
  <system>
    <attribute name="physicalMemory" value="8370401280" />
    <attribute name="numCPUs" value="8" />
    <attribute name="architecture" value="amd64" />
    <attribute name="os" value="Linux" />
    <attribute name="osVersion" value="4.4.0-154-generic" />
  </system>
  <vmargs>
    <vmarg name="-Xoptionsfile=/vagrant/jdk/lib/options.default" />
    <vmarg name="-Xlockword:mode=default,noLockword=java/lang/String,noLockword=java/util/MapEntry,noLockword=java/util/HashMap$Entry,noLockword..." />
    <vmarg name="-Xjcl:jclse29" />
    <vmarg name="-Dcom.ibm.oti.vm.bootstrap.library.path=/vagrant/jdk/lib/compressedrefs:/vagrant/jdk/lib" />
    <vmarg name="-Dsun.boot.library.path=/vagrant/jdk/lib/compressedrefs:/vagrant/jdk/lib" />
    <vmarg name="-Djava.library.path=/vagrant/jdk/lib/compressedrefs:/vagrant/jdk/lib:/usr/lib64:/usr/lib" />
    <vmarg name="-Djava.home=/vagrant/jdk" />
    <vmarg name="-Duser.dir=/vagrant" />
    <vmarg name="-Xgcpolicy:optavgpause" />
    <vmarg name="-Xgcelastic" />
    <vmarg name="-Xcheck:gc:::elasticGC" />
    <vmarg name="-verbose:gc" />
    <vmarg name="-Xloggc:jdkP-small-OAP-8core-verbose7sunflow.txt" />
    <vmarg name="-Djava.class.path=dacapo-9.12-MR1-bach.jar" />
    <vmarg name="-Dsun.java.command=dacapo-9.12-MR1-bach.jar sunflow --size=small" />
    <vmarg name="-Dsun.java.launcher=SUN_STANDARD" />
    <vmarg name="-Dsun.java.launcher.pid=30751" />
  </vmargs>
</initialized>

<exclusive-start id="2" timestamp="2019-08-03T01:03:45.904" intervalms="399.937">
  <response-info timems="0.054" idlems="0.054" threads="0" lastid="0000000002290A00" lastname="main" />
</exclusive-start>
<sys-start reason="explicit" id="3" timestamp="2019-08-03T01:03:45.904" intervalms="400.306" />
<cycle-start id="4" type="global" contextid="0" timestamp="2019-08-03T01:03:45.904" intervalms="400.585" />
<gc-start id="5" type="global" contextid="4" timestamp="2019-08-03T01:03:45.905">
  <mem-info id="6" free="4192016" total="8388608" percent="49">
    <mem type="tenure" free="4192016" total="8388608" percent="49">
      <mem type="soa" free="3773200" total="7969792" percent="47" />
      <mem type="loa" free="418816" total="418816" percent="100" />
    </mem>
  </mem-info>
</gc-start>
<allocation-stats totalBytes="4193792" >
  <allocated-bytes non-tlh="502000" tlh="3691792" />
  <largest-consumer threadName="main" threadId="0000000002290A00" bytes="4100840" />
</allocation-stats>
<gc-op id="7" type="mark" timems="3.406" contextid="4" timestamp="2019-08-03T01:03:45.908">
  <trace-info objectcount="30267" scancount="24315" scanbytes="766108" />
  <finalization candidates="125" enqueued="1" />
  <ownableSynchronizers candidates="3" cleared="0" />
  <references type="soft" candidates="131" cleared="0" enqueued="0" dynamicThreshold="32" maxThreshold="32" />
  <references type="weak" candidates="1322" cleared="569" enqueued="479" />
  <references type="phantom" candidates="106" cleared="42" enqueued="42" />
  <stringconstants candidates="3958" cleared="0"  />
</gc-op>
<gc-op id="8" type="classunload" timems="0.061" contextid="4" timestamp="2019-08-03T01:03:45.908">
  <classunload-info classloadercandidates="7" classloadersunloaded="0" classesunloaded="0" anonymousclassesunloaded="0" quiescems="0.000" setupms="0.061" scanms="0.000" postms="0.000" />
</gc-op>
<gc-op id="9" type="sweep" timems="0.724" contextid="4" timestamp="2019-08-03T01:03:45.909" />
<gc-end id="10" type="global" contextid="4" durationms="6.025" usertimems="4.000" systemtimems="4.000" timestamp="2019-08-03T01:03:45.911" activeThreads="8">
  <mem-info id="11" free="6538728" total="8388608" percent="77">
    <mem type="tenure" free="6538728" total="8388608" percent="77" micro-fragmented="372393">
      <mem type="soa" free="6119912" total="7969792" percent="76" />
      <mem type="loa" free="418816" total="418816" percent="100" />
    </mem>
    <pending-finalizers system="1" default="0" reference="521" classloader="0" />
  </mem-info>
</gc-end>
<cycle-end id="12" type="global" contextid="4" timestamp="2019-08-03T01:03:45.911" />
  <attribute name="elasticGC enabled" value="1" />
  <attribute name= "numThreadsSpecified" value="0" />
  <attribute name="heapSize specified" value="0" />
  <attribute name= "numCores" value="8" />
  <attribute name ="GC Interval" value="0" />
  <attribute name ="Control flow" value="1" />
  <attribute name="GC Util Range Max" value="91" />
  <attribute name="Current GC Util" value="20" />
  <attribute name= "Current Time Running" value="4" />
<sys-end id="13" timestamp="2019-08-03T01:03:45.911" />
<exclusive-end id="14" timestamp="2019-08-03T01:03:45.911" durationms="7.029" />

<concurrent-kickoff id="15" timestamp="2019-08-03T01:03:46.124">
  <kickoff reason="threshold reached" targetBytes="2489738" thresholdFreeBytes="343258" remainingFree="64480" tenureFreeBytes="64480" />
</concurrent-kickoff>
<exclusive-start id="16" timestamp="2019-08-03T01:03:46.124" intervalms="220.483">
  <response-info timems="0.077" idlems="0.077" threads="0" lastid="000000000260B300" lastname="Thread-10" />
</exclusive-start>
<cycle-start id="17" type="global" contextid="0" timestamp="2019-08-03T01:03:46.124" intervalms="219.970" />
<exclusive-end id="18" timestamp="2019-08-03T01:03:46.125" durationms="0.285" />

<exclusive-start id="19" timestamp="2019-08-03T01:03:46.125" intervalms="0.513">
  <response-info timems="0.019" idlems="0.019" threads="0" lastid="000000000260B300" lastname="Thread-10" />
</exclusive-start>
<af-start id="20" threadId="000000000260BC88" totalBytesRequested="98264" timestamp="2019-08-03T01:03:46.125" intervalms="621.041" />
<concurrent-aborted id="21" timestamp="2019-08-03T01:03:46.125">
  <reason value="insufficient progress made" />
</concurrent-aborted>
<cycle-end id="22" type="global" contextid="17" timestamp="2019-08-03T01:03:46.125" />
  <attribute name="elasticGC enabled" value="1" />
  <attribute name= "numThreadsSpecified" value="0" />
  <attribute name="heapSize specified" value="0" />
  <attribute name= "numCores" value="8" />
  <attribute name ="GC Interval" value="0" />
  <attribute name ="Control flow" value="1" />
  <attribute name="GC Util Range Max" value="91" />
  <attribute name="Current GC Util" value="20" />
  <attribute name= "Current Time Running" value="4" />
<cycle-start id="23" type="global" contextid="0" timestamp="2019-08-03T01:03:46.125" intervalms="0.696" />
<gc-start id="24" type="global" contextid="23" timestamp="2019-08-03T01:03:46.125">
  <mem-info id="25" free="64480" total="8388608" percent="0">
    <mem type="tenure" free="64480" total="8388608" percent="0">
      <mem type="soa" free="64480" total="7969792" percent="0" />
      <mem type="loa" free="0" total="418816" percent="0" />
    </mem>
  </mem-info>
</gc-start>
<allocation-stats totalBytes="6355272" >
  <allocated-bytes non-tlh="2451480" tlh="3903792" />
  <largest-consumer threadName="main" threadId="0000000002290A00" bytes="3039560" />
</allocation-stats>
<heap-resize id="26" type="loa expand" space="tenure" amount="83968" count="1" timems="0.000" reason="expand on failed allocate" timestamp="2019-08-03T01:03:46.125" />
<gc-op id="27" type="mark" timems="2.567" contextid="23" timestamp="2019-08-03T01:03:46.128">
  <trace-info objectcount="44534" scancount="36160" scanbytes="1206440" />
  <finalization candidates="124" enqueued="0" />
  <ownableSynchronizers candidates="3" cleared="0" />
  <references type="soft" candidates="148" cleared="0" enqueued="0" dynamicThreshold="24" maxThreshold="32" />
  <references type="weak" candidates="798" cleared="29" enqueued="28" />
  <references type="phantom" candidates="65" cleared="2" enqueued="2" />
  <stringconstants candidates="4534" cleared="1"  />
</gc-op>
<gc-op id="28" type="sweep" timems="0.208" contextid="23" timestamp="2019-08-03T01:03:46.128" />
<gc-end id="29" type="global" contextid="23" durationms="4.888" usertimems="8.000" systemtimems="0.000" timestamp="2019-08-03T01:03:46.130" activeThreads="8">
  <mem-info id="30" free="3803640" total="8388608" percent="45">
    <mem type="tenure" free="3803640" total="8388608" percent="45" micro-fragmented="1212128">
      <mem type="soa" free="3581440" total="7885824" percent="45" />
      <mem type="loa" free="222200" total="502784" percent="44" />
    </mem>
    <pending-finalizers system="0" default="0" reference="30" classloader="0" />
  </mem-info>
</gc-end>
<cycle-end id="31" type="global" contextid="23" timestamp="2019-08-03T01:03:46.130" />
  <attribute name="elasticGC enabled" value="1" />
  <attribute name= "numThreadsSpecified" value="2" />
  <attribute name="heapSize specified" value="0" />
  <attribute name= "numCores" value="8" />
  <attribute name ="GC Interval" value="0" />
  <attribute name ="Control flow" value="2" />
  <attribute name="GC Util Range Max" value="91" />
  <attribute name="Current GC Util" value="5" />
  <attribute name= "Current Time Running" value="223" />
<allocation-satisfied id="32" threadId="000000000260B300" bytesRequested="98264" />
<af-end id="33" timestamp="2019-08-03T01:03:46.130" threadId="000000000260BC88" success="true" />
<exclusive-end id="34" timestamp="2019-08-03T01:03:46.130" durationms="5.654" />

<concurrent-kickoff id="35" timestamp="2019-08-03T01:03:46.167">
  <kickoff reason="threshold reached" targetBytes="2489738" thresholdFreeBytes="343258" remainingFree="232728" tenureFreeBytes="232728" />
</concurrent-kickoff>
<exclusive-start id="36" timestamp="2019-08-03T01:03:46.167" intervalms="42.242">
  <response-info timems="0.076" idlems="0.076" threads="0" lastid="000000000260B300" lastname="Thread-10" />
</exclusive-start>
<cycle-start id="37" type="global" contextid="0" timestamp="2019-08-03T01:03:46.167" intervalms="42.013" />
<exclusive-end id="38" timestamp="2019-08-03T01:03:46.167" durationms="0.172" />

<exclusive-start id="39" timestamp="2019-08-03T01:03:46.168" intervalms="0.748">
  <response-info timems="0.121" idlems="0.121" threads="0" lastid="000000000260B300" lastname="Thread-10" />
</exclusive-start>
<af-start id="40" threadId="000000000260BC88" totalBytesRequested="2072" timestamp="2019-08-03T01:03:46.168" intervalms="42.989" />
<concurrent-aborted id="41" timestamp="2019-08-03T01:03:46.168">
  <reason value="insufficient progress made" />
</concurrent-aborted>
<cycle-end id="42" type="global" contextid="37" timestamp="2019-08-03T01:03:46.168" />
  <attribute name="elasticGC enabled" value="1" />
  <attribute name= "numThreadsSpecified" value="2" />
  <attribute name="heapSize specified" value="0" />
  <attribute name= "numCores" value="8" />
  <attribute name ="GC Interval" value="0" />
  <attribute name ="Control flow" value="2" />
  <attribute name="GC Util Range Max" value="91" />
  <attribute name="Current GC Util" value="16" />
  <attribute name= "Current Time Running" value="263" />
<cycle-start id="43" type="global" contextid="0" timestamp="2019-08-03T01:03:46.168" intervalms="1.058" />
<gc-start id="44" type="global" contextid="43" timestamp="2019-08-03T01:03:46.168">
  <mem-info id="45" free="222200" total="8388608" percent="2">
    <mem type="tenure" free="222200" total="8388608" percent="2">
      <mem type="soa" free="0" total="7885824" percent="0" />
      <mem type="loa" free="222200" total="502784" percent="44" />
    </mem>
  </mem-info>
</gc-start>
<allocation-stats totalBytes="3583944" >
  <allocated-bytes non-tlh="775976" tlh="2807968" />
  <largest-consumer threadName="Thread-10" threadId="000000000260B300" bytes="3583944" />
</allocation-stats>
<gc-op id="46" type="mark" timems="2.038" contextid="43" timestamp="2019-08-03T01:03:46.170">
  <trace-info objectcount="44436" scancount="36081" scanbytes="1204536" />
  <finalization candidates="124" enqueued="0" />
  <ownableSynchronizers candidates="3" cleared="0" />
  <references type="soft" candidates="148" cleared="0" enqueued="0" dynamicThreshold="14" maxThreshold="32" />
  <references type="weak" candidates="769" cleared="0" enqueued="0" />
  <references type="phantom" candidates="63" cleared="0" enqueued="0" />
  <stringconstants candidates="4533" cleared="0"  />
</gc-op>
<gc-op id="47" type="sweep" timems="0.217" contextid="43" timestamp="2019-08-03T01:03:46.171" />
<gc-end id="48" type="global" contextid="43" durationms="3.589" usertimems="8.000" systemtimems="0.000" timestamp="2019-08-03T01:03:46.172" activeThreads="8">
  <mem-info id="49" free="3887176" total="8388608" percent="46">
    <mem type="tenure" free="3887176" total="8388608" percent="46" micro-fragmented="1303595">
      <mem type="soa" free="3612672" total="7885824" percent="45" />
      <mem type="loa" free="274504" total="502784" percent="54" />
    </mem>
  </mem-info>
</gc-end>
<cycle-end id="50" type="global" contextid="43" timestamp="2019-08-03T01:03:46.172" />
  <attribute name="elasticGC enabled" value="1" />
  <attribute name= "numThreadsSpecified" value="2" />
  <attribute name="heapSize specified" value="0" />
  <attribute name= "numCores" value="8" />
  <attribute name ="GC Interval" value="0" />
  <attribute name ="Control flow" value="2" />
  <attribute name="GC Util Range Max" value="91" />
  <attribute name="Current GC Util" value="19" />
  <attribute name= "Current Time Running" value="265" />
<allocation-satisfied id="51" threadId="000000000260B300" bytesRequested="2072" />
<af-end id="52" timestamp="2019-08-03T01:03:46.172" threadId="000000000260BC88" success="true" />
<exclusive-end id="53" timestamp="2019-08-03T01:03:46.172" durationms="4.402" />

<concurrent-kickoff id="54" timestamp="2019-08-03T01:03:46.221">
  <kickoff reason="threshold reached" targetBytes="2489738" thresholdFreeBytes="343258" remainingFree="274504" tenureFreeBytes="274504" />
</concurrent-kickoff>
<exclusive-start id="55" timestamp="2019-08-03T01:03:46.221" intervalms="52.995">
  <response-info timems="0.069" idlems="0.069" threads="0" lastid="0000000002607700" lastname="Thread-15" />
</exclusive-start>
<cycle-start id="56" type="global" contextid="0" timestamp="2019-08-03T01:03:46.221" intervalms="52.736" />
<exclusive-end id="57" timestamp="2019-08-03T01:03:46.221" durationms="0.286" />

<exclusive-start id="58" timestamp="2019-08-03T01:03:46.224" intervalms="3.352">
  <response-info timems="0.021" idlems="0.021" threads="0" lastid="0000000002607700" lastname="Thread-15" />
</exclusive-start>
<af-start id="59" threadId="0000000002608088" totalBytesRequested="40" timestamp="2019-08-03T01:03:46.224" intervalms="56.401" />
<concurrent-aborted id="60" timestamp="2019-08-03T01:03:46.225">
  <reason value="insufficient progress made" />
</concurrent-aborted>
<cycle-end id="61" type="global" contextid="56" timestamp="2019-08-03T01:03:46.225" />
  <attribute name="elasticGC enabled" value="1" />
  <attribute name= "numThreadsSpecified" value="2" />
  <attribute name="heapSize specified" value="0" />
  <attribute name= "numCores" value="8" />
  <attribute name ="GC Interval" value="0" />
  <attribute name ="Control flow" value="2" />
  <attribute name="GC Util Range Max" value="91" />
  <attribute name="Current GC Util" value="8" />
  <attribute name= "Current Time Running" value="319" />
<cycle-start id="62" type="global" contextid="0" timestamp="2019-08-03T01:03:46.225" intervalms="3.867" />
<gc-start id="63" type="global" contextid="62" timestamp="2019-08-03T01:03:46.225">
  <mem-info id="64" free="502784" total="8388608" percent="5">
    <mem type="tenure" free="502784" total="8388608" percent="5">
      <mem type="soa" free="0" total="7885824" percent="0" />
      <mem type="loa" free="502784" total="502784" percent="100" />
    </mem>
  </mem-info>
</gc-start>
<allocation-stats totalBytes="3505984" >
  <allocated-bytes non-tlh="943912" tlh="2562072" />
  <largest-consumer threadName="Thread-15" threadId="0000000002607700" bytes="947496" />
</allocation-stats>
<gc-op id="65" type="mark" timems="1.670" contextid="62" timestamp="2019-08-03T01:03:46.227">
  <trace-info objectcount="48912" scancount="40508" scanbytes="1445280" />
  <finalization candidates="124" enqueued="0" />
  <ownableSynchronizers candidates="3" cleared="0" />
  <references type="soft" candidates="148" cleared="0" enqueued="0" dynamicThreshold="14" maxThreshold="32" />
  <references type="weak" candidates="769" cleared="0" enqueued="0" />
  <references type="phantom" candidates="63" cleared="0" enqueued="0" />
  <stringconstants candidates="4596" cleared="0"  />
</gc-op>
<gc-op id="66" type="sweep" timems="0.191" contextid="62" timestamp="2019-08-03T01:03:46.227" />
<gc-end id="67" type="global" contextid="62" durationms="2.983" usertimems="4.000" systemtimems="0.000" timestamp="2019-08-03T01:03:46.228" activeThreads="2">
  <mem-info id="68" free="4091368" total="8388608" percent="48">
    <mem type="tenure" free="4091368" total="8388608" percent="48" micro-fragmented="1416528">
      <mem type="soa" free="3702720" total="7885824" percent="46" />
      <mem type="loa" free="388648" total="502784" percent="77" />
    </mem>
  </mem-info>
</gc-end>
<cycle-end id="69" type="global" contextid="62" timestamp="2019-08-03T01:03:46.228" />
  <attribute name="elasticGC enabled" value="1" />
  <attribute name= "numThreadsSpecified" value="2" />
  <attribute name="heapSize specified" value="0" />
  <attribute name= "numCores" value="8" />
  <attribute name ="GC Interval" value="0" />
  <attribute name ="Control flow" value="1" />
  <attribute name="GC Util Range Max" value="91" />
  <attribute name="Current GC Util" value="7" />
  <attribute name= "Current Time Running" value="322" />
<allocation-satisfied id="70" threadId="0000000002607700" bytesRequested="40" />
<af-end id="71" timestamp="2019-08-03T01:03:46.228" threadId="0000000002608088" success="true" />
<exclusive-end id="72" timestamp="2019-08-03T01:03:46.228" durationms="4.120" />

<exclusive-start id="73" timestamp="2019-08-03T01:03:46.271" intervalms="47.018">
  <response-info timems="0.029" idlems="0.029" threads="0" lastid="0000000002607700" lastname="Thread-15" />
</exclusive-start>
<af-start id="74" threadId="0000000002608088" totalBytesRequested="40" timestamp="2019-08-03T01:03:46.271" intervalms="47.069" />
<cycle-start id="75" type="global" contextid="0" timestamp="2019-08-03T01:03:46.272" intervalms="46.860" />
<gc-start id="76" type="global" contextid="75" timestamp="2019-08-03T01:03:46.272">
  <mem-info id="77" free="502784" total="8388608" percent="5">
    <mem type="tenure" free="502784" total="8388608" percent="5">
      <mem type="soa" free="0" total="7885824" percent="0" />
      <mem type="loa" free="502784" total="502784" percent="100" />
    </mem>
  </mem-info>
</gc-start>
<allocation-stats totalBytes="3696808" >
  <allocated-bytes non-tlh="0" tlh="3696808" />
  <largest-consumer threadName="Thread-15" threadId="0000000002607700" bytes="3696808" />
</allocation-stats>
<gc-op id="78" type="mark" timems="1.658" contextid="75" timestamp="2019-08-03T01:03:46.274">
  <trace-info objectcount="49163" scancount="40749" scanbytes="1451304" />
  <finalization candidates="124" enqueued="0" />
  <ownableSynchronizers candidates="3" cleared="0" />
  <references type="soft" candidates="148" cleared="0" enqueued="0" dynamicThreshold="15" maxThreshold="32" />
  <references type="weak" candidates="769" cleared="0" enqueued="0" />
  <references type="phantom" candidates="63" cleared="0" enqueued="0" />
  <stringconstants candidates="4596" cleared="0"  />
</gc-op>
<gc-op id="79" type="sweep" timems="0.309" contextid="75" timestamp="2019-08-03T01:03:46.274" />
<gc-end id="80" type="global" contextid="75" durationms="3.231" usertimems="4.000" systemtimems="0.000" timestamp="2019-08-03T01:03:46.275" activeThreads="8">
  <mem-info id="81" free="4093416" total="8388608" percent="48">
    <mem type="tenure" free="4093416" total="8388608" percent="48" micro-fragmented="1327482">
      <mem type="soa" free="3681944" total="7885824" percent="46" />
      <mem type="loa" free="411472" total="502784" percent="81" />
    </mem>
  </mem-info>
</gc-end>
<cycle-end id="82" type="global" contextid="75" timestamp="2019-08-03T01:03:46.275" />
  <attribute name="elasticGC enabled" value="1" />
  <attribute name= "numThreadsSpecified" value="3" />
  <attribute name="heapSize specified" value="0" />
  <attribute name= "numCores" value="8" />
  <attribute name ="GC Interval" value="0" />
  <attribute name ="Control flow" value="2" />
  <attribute name="GC Util Range Max" value="91" />
  <attribute name="Current GC Util" value="34" />
  <attribute name= "Current Time Running" value="369" />
<allocation-satisfied id="83" threadId="0000000002607700" bytesRequested="40" />
<af-end id="84" timestamp="2019-08-03T01:03:46.275" threadId="0000000002608088" success="true" />
<exclusive-end id="85" timestamp="2019-08-03T01:03:46.275" durationms="4.189" />

<exclusive-start id="86" timestamp="2019-08-03T01:03:46.299" intervalms="27.780">
  <response-info timems="0.076" idlems="0.076" threads="0" lastid="0000000002607700" lastname="Thread-15" />
</exclusive-start>
<af-start id="87" threadId="0000000002608088" totalBytesRequested="40" timestamp="2019-08-03T01:03:46.299" intervalms="27.719" />
<cycle-start id="88" type="global" contextid="0" timestamp="2019-08-03T01:03:46.299" intervalms="27.668" />
<gc-start id="89" type="global" contextid="88" timestamp="2019-08-03T01:03:46.299">
  <mem-info id="90" free="502784" total="8388608" percent="5">
    <mem type="tenure" free="502784" total="8388608" percent="5">
      <mem type="soa" free="0" total="7885824" percent="0" />
      <mem type="loa" free="502784" total="502784" percent="100" />
    </mem>
  </mem-info>
</gc-start>
<allocation-stats totalBytes="3674352" >
  <allocated-bytes non-tlh="0" tlh="3674352" />
  <largest-consumer threadName="Thread-15" threadId="0000000002607700" bytes="3674352" />
</allocation-stats>
<gc-op id="91" type="mark" timems="1.752" contextid="88" timestamp="2019-08-03T01:03:46.301">
  <trace-info objectcount="49385" scancount="40975" scanbytes="1456616" />
  <finalization candidates="124" enqueued="0" />
  <ownableSynchronizers candidates="3" cleared="0" />
  <references type="soft" candidates="148" cleared="0" enqueued="0" dynamicThreshold="15" maxThreshold="32" />
  <references type="weak" candidates="769" cleared="0" enqueued="0" />
  <references type="phantom" candidates="63" cleared="0" enqueued="0" />
  <stringconstants candidates="4596" cleared="0"  />
</gc-op>
<gc-op id="92" type="sweep" timems="0.219" contextid="88" timestamp="2019-08-03T01:03:46.302" />
<gc-end id="93" type="global" contextid="88" durationms="3.100" usertimems="4.000" systemtimems="4.000" timestamp="2019-08-03T01:03:46.303" activeThreads="3">
  <mem-info id="94" free="4089760" total="8388608" percent="48">
    <mem type="tenure" free="4089760" total="8388608" percent="48" micro-fragmented="1288747">
      <mem type="soa" free="3660024" total="7885824" percent="46" />
      <mem type="loa" free="429736" total="502784" percent="85" />
    </mem>
  </mem-info>
</gc-end>
<cycle-end id="95" type="global" contextid="88" timestamp="2019-08-03T01:03:46.303" />
  <attribute name="elasticGC enabled" value="1" />
  <attribute name= "numThreadsSpecified" value="3" />
  <attribute name="heapSize specified" value="0" />
  <attribute name= "numCores" value="8" />
  <attribute name ="GC Interval" value="0" />
  <attribute name ="Control flow" value="1" />
  <attribute name="GC Util Range Max" value="91" />
  <attribute name="Current GC Util" value="6" />
  <attribute name= "Current Time Running" value="396" />
<allocation-satisfied id="96" threadId="0000000002607700" bytesRequested="40" />
<af-end id="97" timestamp="2019-08-03T01:03:46.303" threadId="0000000002608088" success="true" />
<exclusive-end id="98" timestamp="2019-08-03T01:03:46.303" durationms="4.000" />

<exclusive-start id="99" timestamp="2019-08-03T01:03:46.316" intervalms="17.508">
  <response-info timems="0.078" idlems="0.078" threads="0" lastid="0000000002607700" lastname="Thread-15" />
</exclusive-start>
<af-start id="100" threadId="0000000002608088" totalBytesRequested="40" timestamp="2019-08-03T01:03:46.317" intervalms="17.539" />
<cycle-start id="101" type="global" contextid="0" timestamp="2019-08-03T01:03:46.317" intervalms="17.559" />
<gc-start id="102" type="global" contextid="101" timestamp="2019-08-03T01:03:46.317">
  <mem-info id="103" free="502784" total="8388608" percent="5">
    <mem type="tenure" free="502784" total="8388608" percent="5">
      <mem type="soa" free="0" total="7885824" percent="0" />
      <mem type="loa" free="502784" total="502784" percent="100" />
    </mem>
  </mem-info>
</gc-start>
<allocation-stats totalBytes="3651192" >
  <allocated-bytes non-tlh="0" tlh="3651192" />
  <largest-consumer threadName="Thread-15" threadId="0000000002607700" bytes="3651192" />
</allocation-stats>
<gc-op id="104" type="mark" timems="4.226" contextid="101" timestamp="2019-08-03T01:03:46.321">
  <trace-info objectcount="49552" scancount="41155" scanbytes="1460640" />
  <finalization candidates="124" enqueued="0" />
  <ownableSynchronizers candidates="3" cleared="0" />
  <references type="soft" candidates="148" cleared="0" enqueued="0" dynamicThreshold="15" maxThreshold="32" />
  <references type="weak" candidates="769" cleared="0" enqueued="0" />
  <references type="phantom" candidates="63" cleared="0" enqueued="0" />
  <stringconstants candidates="4596" cleared="0"  />
</gc-op>
<gc-op id="105" type="sweep" timems="0.231" contextid="101" timestamp="2019-08-03T01:03:46.322" />
<gc-end id="106" type="global" contextid="101" durationms="5.541" usertimems="8.000" systemtimems="0.000" timestamp="2019-08-03T01:03:46.322" activeThreads="2">
  <mem-info id="107" free="4082424" total="8388608" percent="48">
    <mem type="tenure" free="4082424" total="8388608" percent="48" micro-fragmented="1368874">
      <mem type="soa" free="3638080" total="7885824" percent="46" />
      <mem type="loa" free="444344" total="502784" percent="88" />
    </mem>
  </mem-info>
</gc-end>
<cycle-end id="108" type="global" contextid="101" timestamp="2019-08-03T01:03:46.323" />
  <attribute name="elasticGC enabled" value="1" />
  <attribute name= "numThreadsSpecified" value="2" />
  <attribute name="heapSize specified" value="0" />
  <attribute name= "numCores" value="8" />
  <attribute name ="GC Interval" value="0" />
  <attribute name ="Control flow" value="1" />
  <attribute name="GC Util Range Max" value="91" />
  <attribute name="Current GC Util" value="5" />
  <attribute name= "Current Time Running" value="416" />
<allocation-satisfied id="109" threadId="0000000002607700" bytesRequested="40" />
<af-end id="110" timestamp="2019-08-03T01:03:46.323" threadId="0000000002608088" success="true" />
<exclusive-end id="111" timestamp="2019-08-03T01:03:46.323" durationms="6.540" />

<exclusive-start id="112" timestamp="2019-08-03T01:03:46.337" intervalms="20.079">
  <response-info timems="0.068" idlems="0.068" threads="0" lastid="0000000002607700" lastname="Thread-15" />
</exclusive-start>
<af-start id="113" threadId="0000000002608088" totalBytesRequested="40" timestamp="2019-08-03T01:03:46.337" intervalms="20.065" />
<cycle-start id="114" type="global" contextid="0" timestamp="2019-08-03T01:03:46.337" intervalms="20.090" />
<gc-start id="115" type="global" contextid="114" timestamp="2019-08-03T01:03:46.337">
  <mem-info id="116" free="502784" total="8388608" percent="5">
    <mem type="tenure" free="502784" total="8388608" percent="5">
      <mem type="soa" free="0" total="7885824" percent="0" />
      <mem type="loa" free="502784" total="502784" percent="100" />
    </mem>
  </mem-info>
</gc-start>
<allocation-stats totalBytes="3627376" >
  <allocated-bytes non-tlh="0" tlh="3627376" />
  <largest-consumer threadName="Thread-15" threadId="0000000002607700" bytes="3627376" />
</allocation-stats>
<gc-op id="117" type="mark" timems="1.624" contextid="114" timestamp="2019-08-03T01:03:46.339">
  <trace-info objectcount="49690" scancount="41287" scanbytes="1463936" />
  <finalization candidates="124" enqueued="0" />
  <ownableSynchronizers candidates="3" cleared="0" />
  <references type="soft" candidates="148" cleared="0" enqueued="0" dynamicThreshold="15" maxThreshold="32" />
  <references type="weak" candidates="769" cleared="0" enqueued="0" />
  <references type="phantom" candidates="63" cleared="0" enqueued="0" />
  <stringconstants candidates="4596" cleared="0"  />
</gc-op>
<gc-op id="118" type="sweep" timems="0.218" contextid="114" timestamp="2019-08-03T01:03:46.339" />
<gc-end id="119" type="global" contextid="114" durationms="3.100" usertimems="4.000" systemtimems="0.000" timestamp="2019-08-03T01:03:46.340" activeThreads="3">
  <mem-info id="120" free="4074808" total="8388608" percent="48">
    <mem type="tenure" free="4074808" total="8388608" percent="48" micro-fragmented="1349515">
      <mem type="soa" free="3618776" total="7885824" percent="45" />
      <mem type="loa" free="456032" total="502784" percent="90" />
    </mem>
  </mem-info>
</gc-end>
<cycle-end id="121" type="global" contextid="114" timestamp="2019-08-03T01:03:46.340" />
  <attribute name="elasticGC enabled" value="1" />
  <attribute name= "numThreadsSpecified" value="3" />
  <attribute name="heapSize specified" value="0" />
  <attribute name= "numCores" value="8" />
  <attribute name ="GC Interval" value="0" />
  <attribute name ="Control flow" value="1" />
  <attribute name="GC Util Range Max" value="91" />
  <attribute name="Current GC Util" value="6" />
  <attribute name= "Current Time Running" value="434" />
<allocation-satisfied id="122" threadId="0000000002607700" bytesRequested="40" />
<af-end id="123" timestamp="2019-08-03T01:03:46.340" threadId="0000000002608088" success="true" />
<exclusive-end id="124" timestamp="2019-08-03T01:03:46.341" durationms="4.064" />

<exclusive-start id="125" timestamp="2019-08-03T01:03:46.352" intervalms="15.840">
  <response-info timems="0.115" idlems="0.115" threads="0" lastid="0000000002607700" lastname="Thread-15" />
</exclusive-start>
<af-start id="126" threadId="0000000002608088" totalBytesRequested="40" timestamp="2019-08-03T01:03:46.353" intervalms="15.854" />
<cycle-start id="127" type="global" contextid="0" timestamp="2019-08-03T01:03:46.353" intervalms="15.861" />
<gc-start id="128" type="global" contextid="127" timestamp="2019-08-03T01:03:46.353">
  <mem-info id="129" free="502784" total="8388608" percent="5">
    <mem type="tenure" free="502784" total="8388608" percent="5">
      <mem type="soa" free="0" total="7885824" percent="0" />
      <mem type="loa" free="502784" total="502784" percent="100" />
    </mem>
  </mem-info>
</gc-start>
<allocation-stats totalBytes="3606720" >
  <allocated-bytes non-tlh="0" tlh="3606720" />
  <largest-consumer threadName="Thread-15" threadId="0000000002607700" bytes="3606720" />
</allocation-stats>
<gc-op id="130" type="mark" timems="6.035" contextid="127" timestamp="2019-08-03T01:03:46.359">
  <trace-info objectcount="49776" scancount="41354" scanbytes="1465640" />
  <finalization candidates="124" enqueued="0" />
  <ownableSynchronizers candidates="3" cleared="0" />
  <references type="soft" candidates="148" cleared="0" enqueued="0" dynamicThreshold="15" maxThreshold="32" />
  <references type="weak" candidates="769" cleared="0" enqueued="0" />
  <references type="phantom" candidates="63" cleared="0" enqueued="0" />
  <stringconstants candidates="4596" cleared="0"  />
</gc-op>
<gc-op id="131" type="sweep" timems="0.254" contextid="127" timestamp="2019-08-03T01:03:46.360" />
<gc-end id="132" type="global" contextid="127" durationms="7.649" usertimems="8.000" systemtimems="0.000" timestamp="2019-08-03T01:03:46.361" activeThreads="3">
  <mem-info id="133" free="4065512" total="8388608" percent="48">
    <mem type="tenure" free="4065512" total="8388608" percent="48" micro-fragmented="1488925">
      <mem type="soa" free="3600128" total="7885824" percent="45" />
      <mem type="loa" free="465384" total="502784" percent="92" />
    </mem>
  </mem-info>
</gc-end>
<cycle-end id="134" type="global" contextid="127" timestamp="2019-08-03T01:03:46.361" />
  <attribute name="elasticGC enabled" value="1" />
  <attribute name= "numThreadsSpecified" value="3" />
  <attribute name="heapSize specified" value="0" />
  <attribute name= "numCores" value="8" />
  <attribute name ="GC Interval" value="0" />
  <attribute name ="Control flow" value="2" />
  <attribute name="GC Util Range Max" value="91" />
  <attribute name="Current GC Util" value="3" />
  <attribute name= "Current Time Running" value="455" />
<allocation-satisfied id="135" threadId="0000000002607700" bytesRequested="40" />
<af-end id="136" timestamp="2019-08-03T01:03:46.361" threadId="0000000002608088" success="true" />
<exclusive-end id="137" timestamp="2019-08-03T01:03:46.361" durationms="8.840" />

<exclusive-start id="138" timestamp="2019-08-03T01:03:46.374" intervalms="21.199">
  <response-info timems="0.075" idlems="0.075" threads="0" lastid="0000000002607700" lastname="Thread-15" />
</exclusive-start>
<af-start id="139" threadId="0000000002608088" totalBytesRequested="24" timestamp="2019-08-03T01:03:46.374" intervalms="21.188" />
<cycle-start id="140" type="global" contextid="0" timestamp="2019-08-03T01:03:46.374" intervalms="21.194" />
<gc-start id="141" type="global" contextid="140" timestamp="2019-08-03T01:03:46.374">
  <mem-info id="142" free="502784" total="8388608" percent="5">
    <mem type="tenure" free="502784" total="8388608" percent="5">
      <mem type="soa" free="0" total="7885824" percent="0" />
      <mem type="loa" free="502784" total="502784" percent="100" />
    </mem>
  </mem-info>
</gc-start>
<allocation-stats totalBytes="3586952" >
  <allocated-bytes non-tlh="0" tlh="3586952" />
  <largest-consumer threadName="Thread-15" threadId="0000000002607700" bytes="3586952" />
</allocation-stats>
<gc-op id="143" type="mark" timems="5.374" contextid="140" timestamp="2019-08-03T01:03:46.380">
  <trace-info objectcount="49988" scancount="41564" scanbytes="1470832" />
  <finalization candidates="124" enqueued="0" />
  <ownableSynchronizers candidates="3" cleared="0" />
  <references type="soft" candidates="148" cleared="0" enqueued="0" dynamicThreshold="15" maxThreshold="32" />
  <references type="weak" candidates="769" cleared="0" enqueued="0" />
  <references type="phantom" candidates="63" cleared="0" enqueued="0" />
  <stringconstants candidates="4596" cleared="0"  />
</gc-op>
<gc-op id="144" type="sweep" timems="0.267" contextid="140" timestamp="2019-08-03T01:03:46.380" />
<gc-end id="145" type="global" contextid="140" durationms="6.829" usertimems="8.000" systemtimems="0.000" timestamp="2019-08-03T01:03:46.381" activeThreads="8">
  <mem-info id="146" free="4032416" total="8388608" percent="48">
    <mem type="tenure" free="4032416" total="8388608" percent="48" micro-fragmented="1386823">
      <mem type="soa" free="3559552" total="7885824" percent="45" />
      <mem type="loa" free="472864" total="502784" percent="94" />
    </mem>
  </mem-info>
</gc-end>
<cycle-end id="147" type="global" contextid="140" timestamp="2019-08-03T01:03:46.381" />
  <attribute name="elasticGC enabled" value="1" />
  <attribute name= "numThreadsSpecified" value="3" />
  <attribute name="heapSize specified" value="0" />
  <attribute name= "numCores" value="8" />
  <attribute name ="GC Interval" value="0" />
  <attribute name ="Control flow" value="2" />
  <attribute name="GC Util Range Max" value="91" />
  <attribute name="Current GC Util" value="16" />
  <attribute name= "Current Time Running" value="475" />
<allocation-satisfied id="148" threadId="0000000002607700" bytesRequested="24" />
<af-end id="149" timestamp="2019-08-03T01:03:46.381" threadId="0000000002608088" success="true" />
<exclusive-end id="150" timestamp="2019-08-03T01:03:46.381" durationms="7.813" />

<exclusive-start id="151" timestamp="2019-08-03T01:03:46.394" intervalms="20.018">
  <response-info timems="0.075" idlems="0.075" threads="0" lastid="0000000002607700" lastname="Thread-15" />
</exclusive-start>
<af-start id="152" threadId="0000000002608088" totalBytesRequested="40" timestamp="2019-08-03T01:03:46.394" intervalms="20.002" />
<cycle-start id="153" type="global" contextid="0" timestamp="2019-08-03T01:03:46.394" intervalms="19.992" />
<gc-start id="154" type="global" contextid="153" timestamp="2019-08-03T01:03:46.394">
  <mem-info id="155" free="502784" total="8388608" percent="5">
    <mem type="tenure" free="502784" total="8388608" percent="5">
      <mem type="soa" free="0" total="7885824" percent="0" />
      <mem type="loa" free="502784" total="502784" percent="100" />
    </mem>
  </mem-info>
</gc-start>
<allocation-stats totalBytes="3544168" >
  <allocated-bytes non-tlh="0" tlh="3544168" />
  <largest-consumer threadName="Thread-15" threadId="0000000002607700" bytes="3544168" />
</allocation-stats>
<gc-op id="156" type="mark" timems="2.371" contextid="153" timestamp="2019-08-03T01:03:46.397">
  <trace-info objectcount="50246" scancount="41830" scanbytes="1477416" />
  <finalization candidates="124" enqueued="0" />
  <ownableSynchronizers candidates="3" cleared="0" />
  <references type="soft" candidates="148" cleared="0" enqueued="0" dynamicThreshold="15" maxThreshold="32" />
  <references type="weak" candidates="769" cleared="0" enqueued="0" />
  <references type="phantom" candidates="63" cleared="0" enqueued="0" />
  <stringconstants candidates="4596" cleared="0"  />
</gc-op>
<gc-op id="157" type="sweep" timems="0.249" contextid="153" timestamp="2019-08-03T01:03:46.397" />
<gc-end id="158" type="global" contextid="153" durationms="3.860" usertimems="8.000" systemtimems="0.000" timestamp="2019-08-03T01:03:46.398" activeThreads="3">
  <mem-info id="159" free="3985856" total="8388608" percent="47">
    <mem type="tenure" free="3985856" total="8388608" percent="47" micro-fragmented="1403910">
      <mem type="soa" free="3507008" total="7885824" percent="44" />
      <mem type="loa" free="478848" total="502784" percent="95" />
    </mem>
  </mem-info>
</gc-end>
<cycle-end id="160" type="global" contextid="153" timestamp="2019-08-03T01:03:46.398" />
  <attribute name="elasticGC enabled" value="1" />
  <attribute name= "numThreadsSpecified" value="3" />
  <attribute name="heapSize specified" value="0" />
  <attribute name= "numCores" value="8" />
  <attribute name ="GC Interval" value="0" />
  <attribute name ="Control flow" value="1" />
  <attribute name="GC Util Range Max" value="91" />
  <attribute name="Current GC Util" value="18" />
  <attribute name= "Current Time Running" value="492" />
<allocation-satisfied id="161" threadId="0000000002607700" bytesRequested="40" />
<af-end id="162" timestamp="2019-08-03T01:03:46.398" threadId="0000000002608088" success="true" />
<exclusive-end id="163" timestamp="2019-08-03T01:03:46.398" durationms="4.883" />

<exclusive-start id="164" timestamp="2019-08-03T01:03:46.410" intervalms="16.436">
  <response-info timems="0.101" idlems="0.101" threads="0" lastid="0000000002607700" lastname="Thread-15" />
</exclusive-start>
<af-start id="165" threadId="0000000002608088" totalBytesRequested="40" timestamp="2019-08-03T01:03:46.410" intervalms="16.456" />
<cycle-start id="166" type="global" contextid="0" timestamp="2019-08-03T01:03:46.410" intervalms="16.414" />
<gc-start id="167" type="global" contextid="166" timestamp="2019-08-03T01:03:46.411">
  <mem-info id="168" free="502784" total="8388608" percent="5">
    <mem type="tenure" free="502784" total="8388608" percent="5">
      <mem type="soa" free="0" total="7885824" percent="0" />
      <mem type="loa" free="502784" total="502784" percent="100" />
    </mem>
  </mem-info>
</gc-start>
<allocation-stats totalBytes="3491128" >
  <allocated-bytes non-tlh="0" tlh="3491128" />
  <largest-consumer threadName="Thread-15" threadId="0000000002607700" bytes="3491128" />
</allocation-stats>
<gc-op id="169" type="mark" timems="2.430" contextid="166" timestamp="2019-08-03T01:03:46.413">
  <trace-info objectcount="50412" scancount="42012" scanbytes="1481216" />
  <finalization candidates="124" enqueued="0" />
  <ownableSynchronizers candidates="3" cleared="0" />
  <references type="soft" candidates="148" cleared="0" enqueued="0" dynamicThreshold="15" maxThreshold="32" />
  <references type="weak" candidates="769" cleared="0" enqueued="0" />
  <references type="phantom" candidates="63" cleared="0" enqueued="0" />
  <stringconstants candidates="4596" cleared="0"  />
</gc-op>
<gc-op id="170" type="sweep" timems="0.264" contextid="166" timestamp="2019-08-03T01:03:46.414" />
<gc-end id="171" type="global" contextid="166" durationms="4.013" usertimems="8.000" systemtimems="0.000" timestamp="2019-08-03T01:03:46.415" activeThreads="3">
  <mem-info id="172" free="3952640" total="8388608" percent="47">
    <mem type="tenure" free="3952640" total="8388608" percent="47" micro-fragmented="1575244">
      <mem type="soa" free="3469000" total="7885824" percent="43" />
      <mem type="loa" free="483640" total="502784" percent="96" />
    </mem>
  </mem-info>
</gc-end>
<cycle-end id="173" type="global" contextid="166" timestamp="2019-08-03T01:03:46.415" />
  <attribute name="elasticGC enabled" value="1" />
  <attribute name= "numThreadsSpecified" value="3" />
  <attribute name="heapSize specified" value="0" />
  <attribute name= "numCores" value="8" />
  <attribute name ="GC Interval" value="0" />
  <attribute name ="Control flow" value="2" />
  <attribute name="GC Util Range Max" value="91" />
  <attribute name="Current GC Util" value="3" />
  <attribute name= "Current Time Running" value="509" />
<allocation-satisfied id="174" threadId="0000000002607700" bytesRequested="40" />
<af-end id="175" timestamp="2019-08-03T01:03:46.415" threadId="0000000002608088" success="true" />
<exclusive-end id="176" timestamp="2019-08-03T01:03:46.415" durationms="5.161" />

<exclusive-start id="177" timestamp="2019-08-03T01:03:46.429" intervalms="18.510">
  <response-info timems="0.077" idlems="0.077" threads="0" lastid="0000000002607700" lastname="Thread-15" />
</exclusive-start>
<af-start id="178" threadId="0000000002608088" totalBytesRequested="40" timestamp="2019-08-03T01:03:46.429" intervalms="18.505" />
<cycle-start id="179" type="global" contextid="0" timestamp="2019-08-03T01:03:46.429" intervalms="18.476" />
<gc-start id="180" type="global" contextid="179" timestamp="2019-08-03T01:03:46.429">
  <mem-info id="181" free="502784" total="8388608" percent="5">
    <mem type="tenure" free="502784" total="8388608" percent="5">
      <mem type="soa" free="0" total="7885824" percent="0" />
      <mem type="loa" free="502784" total="502784" percent="100" />
    </mem>
  </mem-info>
</gc-start>
<allocation-stats totalBytes="3451952" >
  <allocated-bytes non-tlh="0" tlh="3451952" />
  <largest-consumer threadName="Thread-15" threadId="0000000002607700" bytes="3451952" />
</allocation-stats>
<gc-op id="182" type="mark" timems="1.446" contextid="179" timestamp="2019-08-03T01:03:46.431">
  <trace-info objectcount="50615" scancount="42219" scanbytes="1486136" />
  <finalization candidates="124" enqueued="0" />
  <ownableSynchronizers candidates="3" cleared="0" />
  <references type="soft" candidates="148" cleared="0" enqueued="0" dynamicThreshold="15" maxThreshold="32" />
  <references type="weak" candidates="769" cleared="0" enqueued="0" />
  <references type="phantom" candidates="63" cleared="0" enqueued="0" />
  <stringconstants candidates="4596" cleared="0"  />
</gc-op>
<gc-op id="183" type="sweep" timems="0.246" contextid="179" timestamp="2019-08-03T01:03:46.431" />
<gc-end id="184" type="global" contextid="179" durationms="2.813" usertimems="4.000" systemtimems="0.000" timestamp="2019-08-03T01:03:46.432" activeThreads="8">
  <mem-info id="185" free="3902168" total="8388608" percent="46">
    <mem type="tenure" free="3902168" total="8388608" percent="46" micro-fragmented="1437468">
      <mem type="soa" free="3414704" total="7885824" percent="43" />
      <mem type="loa" free="487464" total="502784" percent="96" />
    </mem>
  </mem-info>
</gc-end>
<cycle-end id="186" type="global" contextid="179" timestamp="2019-08-03T01:03:46.432" />
  <attribute name="elasticGC enabled" value="1" />
  <attribute name= "numThreadsSpecified" value="3" />
  <attribute name="heapSize specified" value="0" />
  <attribute name= "numCores" value="8" />
  <attribute name ="GC Interval" value="0" />
  <attribute name ="Control flow" value="1" />
  <attribute name="GC Util Range Max" value="91" />
  <attribute name="Current GC Util" value="5" />
  <attribute name= "Current Time Running" value="526" />
<allocation-satisfied id="187" threadId="0000000002607700" bytesRequested="40" />
<af-end id="188" timestamp="2019-08-03T01:03:46.432" threadId="0000000002608088" success="true" />
<exclusive-end id="189" timestamp="2019-08-03T01:03:46.432" durationms="3.684" />

<exclusive-start id="190" timestamp="2019-08-03T01:03:46.446" intervalms="17.872">
  <response-info timems="0.080" idlems="0.080" threads="0" lastid="0000000002607700" lastname="Thread-15" />
</exclusive-start>
<af-start id="191" threadId="0000000002608088" totalBytesRequested="24" timestamp="2019-08-03T01:03:46.446" intervalms="17.824" />
<cycle-start id="192" type="global" contextid="0" timestamp="2019-08-03T01:03:46.447" intervalms="17.899" />
<gc-start id="193" type="global" contextid="192" timestamp="2019-08-03T01:03:46.447">
  <mem-info id="194" free="502784" total="8388608" percent="5">
    <mem type="tenure" free="502784" total="8388608" percent="5">
      <mem type="soa" free="0" total="7885824" percent="0" />
      <mem type="loa" free="502784" total="502784" percent="100" />
    </mem>
  </mem-info>
</gc-start>
<allocation-stats totalBytes="3396200" >
  <allocated-bytes non-tlh="0" tlh="3396200" />
  <largest-consumer threadName="Thread-15" threadId="0000000002607700" bytes="3396200" />
</allocation-stats>
<gc-op id="195" type="mark" timems="2.944" contextid="192" timestamp="2019-08-03T01:03:46.450">
  <trace-info objectcount="50760" scancount="42341" scanbytes="1489488" />
  <finalization candidates="124" enqueued="0" />
  <ownableSynchronizers candidates="3" cleared="0" />
  <references type="soft" candidates="148" cleared="0" enqueued="0" dynamicThreshold="14" maxThreshold="32" />
  <references type="weak" candidates="769" cleared="0" enqueued="0" />
  <references type="phantom" candidates="63" cleared="0" enqueued="0" />
  <stringconstants candidates="4596" cleared="0"  />
</gc-op>
<gc-op id="196" type="sweep" timems="0.260" contextid="192" timestamp="2019-08-03T01:03:46.451" />
<gc-end id="197" type="global" contextid="192" durationms="4.554" usertimems="8.000" systemtimems="0.000" timestamp="2019-08-03T01:03:46.452" activeThreads="8">
  <mem-info id="198" free="3861752" total="8388608" percent="46">
    <mem type="tenure" free="3861752" total="8388608" percent="46" micro-fragmented="1432154">
      <mem type="soa" free="3371224" total="7885824" percent="42" />
      <mem type="loa" free="490528" total="502784" percent="97" />
    </mem>
  </mem-info>
</gc-end>
<cycle-end id="199" type="global" contextid="192" timestamp="2019-08-03T01:03:46.452" />
  <attribute name="elasticGC enabled" value="1" />
  <attribute name= "numThreadsSpecified" value="2" />
  <attribute name="heapSize specified" value="0" />
  <attribute name= "numCores" value="8" />
  <attribute name ="GC Interval" value="0" />
  <attribute name ="Control flow" value="2" />
  <attribute name="GC Util Range Max" value="91" />
  <attribute name="Current GC Util" value="2" />
  <attribute name= "Current Time Running" value="545" />
<allocation-satisfied id="200" threadId="0000000002607700" bytesRequested="24" />
<af-end id="201" timestamp="2019-08-03T01:03:46.452" threadId="0000000002608088" success="true" />
<exclusive-end id="202" timestamp="2019-08-03T01:03:46.452" durationms="5.579" />

<exclusive-start id="203" timestamp="2019-08-03T01:03:46.466" intervalms="19.204">
  <response-info timems="0.067" idlems="0.067" threads="0" lastid="0000000002607700" lastname="Thread-15" />
</exclusive-start>
<af-start id="204" threadId="0000000002608088" totalBytesRequested="24" timestamp="2019-08-03T01:03:46.466" intervalms="19.250" />
<cycle-start id="205" type="global" contextid="0" timestamp="2019-08-03T01:03:46.466" intervalms="19.245" />
<gc-start id="206" type="global" contextid="205" timestamp="2019-08-03T01:03:46.466">
  <mem-info id="207" free="502784" total="8388608" percent="5">
    <mem type="tenure" free="502784" total="8388608" percent="5">
      <mem type="soa" free="0" total="7885824" percent="0" />
      <mem type="loa" free="502784" total="502784" percent="100" />
    </mem>
  </mem-info>
</gc-start>
<allocation-stats totalBytes="3352776" >
  <allocated-bytes non-tlh="0" tlh="3352776" />
  <largest-consumer threadName="Thread-15" threadId="0000000002607700" bytes="3352776" />
</allocation-stats>
<gc-op id="208" type="mark" timems="2.442" contextid="205" timestamp="2019-08-03T01:03:46.469">
  <trace-info objectcount="50436" scancount="42037" scanbytes="1477796" />
  <finalization candidates="124" enqueued="0" />
  <ownableSynchronizers candidates="3" cleared="0" />
  <references type="soft" candidates="148" cleared="47" enqueued="44" dynamicThreshold="14" maxThreshold="32" />
  <references type="weak" candidates="769" cleared="0" enqueued="0" />
  <references type="phantom" candidates="63" cleared="0" enqueued="0" />
  <stringconstants candidates="4596" cleared="0"  />
</gc-op>
<gc-op id="209" type="sweep" timems="0.276" contextid="205" timestamp="2019-08-03T01:03:46.469" />
<gc-end id="210" type="global" contextid="205" durationms="4.059" usertimems="8.000" systemtimems="0.000" timestamp="2019-08-03T01:03:46.470" activeThreads="2">
  <mem-info id="211" free="3840536" total="8388608" percent="45">
    <mem type="tenure" free="3840536" total="8388608" percent="45" micro-fragmented="1554206">
      <mem type="soa" free="3347552" total="7885824" percent="42" />
      <mem type="loa" free="492984" total="502784" percent="98" />
    </mem>
    <pending-finalizers system="0" default="0" reference="44" classloader="0" />
  </mem-info>
</gc-end>
<cycle-end id="212" type="global" contextid="205" timestamp="2019-08-03T01:03:46.470" />
  <attribute name="elasticGC enabled" value="1" />
  <attribute name= "numThreadsSpecified" value="2" />
  <attribute name="heapSize specified" value="0" />
  <attribute name= "numCores" value="8" />
  <attribute name ="GC Interval" value="0" />
  <attribute name ="Control flow" value="1" />
  <attribute name="GC Util Range Max" value="91" />
  <attribute name="Current GC Util" value="14" />
  <attribute name= "Current Time Running" value="564" />
<allocation-satisfied id="213" threadId="0000000002607700" bytesRequested="24" />
<af-end id="214" timestamp="2019-08-03T01:03:46.470" threadId="0000000002608088" success="true" />
<exclusive-end id="215" timestamp="2019-08-03T01:03:46.471" durationms="5.022" />

<exclusive-start id="216" timestamp="2019-08-03T01:03:46.485" intervalms="19.032">
  <response-info timems="0.070" idlems="0.070" threads="0" lastid="0000000002607700" lastname="Thread-15" />
</exclusive-start>
<af-start id="217" threadId="0000000002608088" totalBytesRequested="24" timestamp="2019-08-03T01:03:46.485" intervalms="19.033" />
<cycle-start id="218" type="global" contextid="0" timestamp="2019-08-03T01:03:46.485" intervalms="19.001" />
<gc-start id="219" type="global" contextid="218" timestamp="2019-08-03T01:03:46.485">
  <mem-info id="220" free="502784" total="8388608" percent="5">
    <mem type="tenure" free="502784" total="8388608" percent="5">
      <mem type="soa" free="0" total="7885824" percent="0" />
      <mem type="loa" free="502784" total="502784" percent="100" />
    </mem>
  </mem-info>
</gc-start>
<allocation-stats totalBytes="3327488" >
  <allocated-bytes non-tlh="0" tlh="3327488" />
  <largest-consumer threadName="Thread-15" threadId="0000000002607700" bytes="3326088" />
</allocation-stats>
<gc-op id="221" type="mark" timems="1.239" contextid="218" timestamp="2019-08-03T01:03:46.487">
  <trace-info objectcount="46776" scancount="39193" scanbytes="1400552" />
  <finalization candidates="124" enqueued="0" />
  <ownableSynchronizers candidates="3" cleared="0" />
  <references type="soft" candidates="101" cleared="15" enqueued="13" dynamicThreshold="14" maxThreshold="32" />
  <references type="weak" candidates="769" cleared="0" enqueued="0" />
  <references type="phantom" candidates="63" cleared="0" enqueued="0" />
  <stringconstants candidates="4596" cleared="0"  />
</gc-op>
<gc-op id="222" type="sweep" timems="0.263" contextid="218" timestamp="2019-08-03T01:03:46.487" />
<gc-end id="223" type="global" contextid="218" durationms="2.601" usertimems="8.000" systemtimems="0.000" timestamp="2019-08-03T01:03:46.488" activeThreads="8">
  <mem-info id="224" free="4009168" total="8388608" percent="47">
    <mem type="tenure" free="4009168" total="8388608" percent="47" micro-fragmented="1475162">
      <mem type="soa" free="3514224" total="7885824" percent="44" />
      <mem type="loa" free="494944" total="502784" percent="98" />
    </mem>
    <pending-finalizers system="0" default="0" reference="13" classloader="0" />
  </mem-info>
</gc-end>
<cycle-end id="225" type="global" contextid="218" timestamp="2019-08-03T01:03:46.488" />
  <attribute name="elasticGC enabled" value="1" />
  <attribute name= "numThreadsSpecified" value="2" />
  <attribute name="heapSize specified" value="0" />
  <attribute name= "numCores" value="8" />
  <attribute name ="GC Interval" value="0" />
  <attribute name ="Control flow" value="1" />
  <attribute name="GC Util Range Max" value="91" />
  <attribute name="Current GC Util" value="3" />
  <attribute name= "Current Time Running" value="582" />
<allocation-satisfied id="226" threadId="0000000002607700" bytesRequested="24" />
<af-end id="227" timestamp="2019-08-03T01:03:46.488" threadId="0000000002608088" success="true" />
<exclusive-end id="228" timestamp="2019-08-03T01:03:46.488" durationms="3.478" />

<exclusive-start id="229" timestamp="2019-08-03T01:03:46.502" intervalms="17.816">
  <response-info timems="0.069" idlems="0.069" threads="0" lastid="0000000002607700" lastname="Thread-15" />
</exclusive-start>
<af-start id="230" threadId="0000000002608088" totalBytesRequested="40" timestamp="2019-08-03T01:03:46.503" intervalms="17.786" />
<cycle-start id="231" type="global" contextid="0" timestamp="2019-08-03T01:03:46.503" intervalms="17.810" />
<gc-start id="232" type="global" contextid="231" timestamp="2019-08-03T01:03:46.503">
  <mem-info id="233" free="502784" total="8388608" percent="5">
    <mem type="tenure" free="502784" total="8388608" percent="5">
      <mem type="soa" free="0" total="7885824" percent="0" />
      <mem type="loa" free="502784" total="502784" percent="100" />
    </mem>
  </mem-info>
</gc-start>
<allocation-stats totalBytes="3493320" >
  <allocated-bytes non-tlh="0" tlh="3493320" />
  <largest-consumer threadName="Thread-15" threadId="0000000002607700" bytes="3493320" />
</allocation-stats>
<gc-op id="234" type="mark" timems="1.239" contextid="231" timestamp="2019-08-03T01:03:46.504">
  <trace-info objectcount="46898" scancount="39307" scanbytes="1402448" />
  <finalization candidates="124" enqueued="0" />
  <ownableSynchronizers candidates="3" cleared="0" />
  <references type="soft" candidates="86" cleared="0" enqueued="0" dynamicThreshold="15" maxThreshold="32" />
  <references type="weak" candidates="769" cleared="0" enqueued="0" />
  <references type="phantom" candidates="63" cleared="0" enqueued="0" />
  <stringconstants candidates="4596" cleared="0"  />
</gc-op>
<gc-op id="235" type="sweep" timems="0.230" contextid="231" timestamp="2019-08-03T01:03:46.505" />
<gc-end id="236" type="global" contextid="231" durationms="2.559" usertimems="4.000" systemtimems="0.000" timestamp="2019-08-03T01:03:46.506" activeThreads="8">
  <mem-info id="237" free="3952064" total="8388608" percent="47">
    <mem type="tenure" free="3952064" total="8388608" percent="47" micro-fragmented="1466078">
      <mem type="soa" free="3455552" total="7885824" percent="43" />
      <mem type="loa" free="496512" total="502784" percent="98" />
    </mem>
  </mem-info>
</gc-end>
<cycle-end id="238" type="global" contextid="231" timestamp="2019-08-03T01:03:46.506" />
  <attribute name="elasticGC enabled" value="1" />
  <attribute name= "numThreadsSpecified" value="1" />
  <attribute name="heapSize specified" value="0" />
  <attribute name= "numCores" value="8" />
  <attribute name ="GC Interval" value="0" />
  <attribute name ="Control flow" value="2" />
  <attribute name="GC Util Range Max" value="91" />
  <attribute name="Current GC Util" value="0" />
  <attribute name= "Current Time Running" value="599" />
<allocation-satisfied id="239" threadId="0000000002607700" bytesRequested="40" />
<af-end id="240" timestamp="2019-08-03T01:03:46.506" threadId="0000000002608088" success="true" />
<exclusive-end id="241" timestamp="2019-08-03T01:03:46.506" durationms="3.432" />

<exclusive-start id="242" timestamp="2019-08-03T01:03:46.520" intervalms="17.977">
  <response-info timems="0.060" idlems="0.060" threads="0" lastid="0000000002607700" lastname="Thread-15" />
</exclusive-start>
<af-start id="243" threadId="0000000002608088" totalBytesRequested="40" timestamp="2019-08-03T01:03:46.521" intervalms="18.009" />
<cycle-start id="244" type="global" contextid="0" timestamp="2019-08-03T01:03:46.521" intervalms="17.999" />
<gc-start id="245" type="global" contextid="244" timestamp="2019-08-03T01:03:46.521">
  <mem-info id="246" free="502784" total="8388608" percent="5">
    <mem type="tenure" free="502784" total="8388608" percent="5">
      <mem type="soa" free="0" total="7885824" percent="0" />
      <mem type="loa" free="502784" total="502784" percent="100" />
    </mem>
  </mem-info>
</gc-start>
<allocation-stats totalBytes="3434376" >
  <allocated-bytes non-tlh="0" tlh="3434376" />
  <largest-consumer threadName="Thread-15" threadId="0000000002607700" bytes="3434376" />
</allocation-stats>
<heap-resize id="247" type="loa contract" space="tenure" amount="83968" count="1" timems="0.000" reason="contract underutilized loa" timestamp="2019-08-03T01:03:46.521" />
<gc-op id="248" type="mark" timems="1.446" contextid="244" timestamp="2019-08-03T01:03:46.523">
  <trace-info objectcount="47180" scancount="39583" scanbytes="1409328" />
  <finalization candidates="124" enqueued="0" />
  <ownableSynchronizers candidates="3" cleared="0" />
  <references type="soft" candidates="86" cleared="0" enqueued="0" dynamicThreshold="15" maxThreshold="32" />
  <references type="weak" candidates="769" cleared="0" enqueued="0" />
  <references type="phantom" candidates="63" cleared="0" enqueued="0" />
  <stringconstants candidates="4596" cleared="0"  />
</gc-op>
<gc-op id="249" type="sweep" timems="0.239" contextid="244" timestamp="2019-08-03T01:03:46.523" />
<gc-end id="250" type="global" contextid="244" durationms="3.061" usertimems="8.000" systemtimems="0.000" timestamp="2019-08-03T01:03:46.524" activeThreads="2">
  <mem-info id="251" free="3892400" total="8388608" percent="46">
    <mem type="tenure" free="3892400" total="8388608" percent="46" micro-fragmented="1487103">
      <mem type="soa" free="3477760" total="7969792" percent="43" />
      <mem type="loa" free="414640" total="418816" percent="99" />
    </mem>
  </mem-info>
</gc-end>
<cycle-end id="252" type="global" contextid="244" timestamp="2019-08-03T01:03:46.524" />
  <attribute name="elasticGC enabled" value="1" />
  <attribute name= "numThreadsSpecified" value="2" />
  <attribute name="heapSize specified" value="0" />
  <attribute name= "numCores" value="8" />
  <attribute name ="GC Interval" value="0" />
  <attribute name ="Control flow" value="1" />
  <attribute name="GC Util Range Max" value="91" />
  <attribute name="Current GC Util" value="0" />
  <attribute name= "Current Time Running" value="618" />
<allocation-satisfied id="253" threadId="0000000002607700" bytesRequested="40" />
<af-end id="254" timestamp="2019-08-03T01:03:46.524" threadId="0000000002608088" success="true" />
<exclusive-end id="255" timestamp="2019-08-03T01:03:46.525" durationms="4.098" />

<exclusive-start id="256" timestamp="2019-08-03T01:03:46.539" intervalms="18.910">
  <response-info timems="0.072" idlems="0.072" threads="0" lastid="0000000002607700" lastname="Thread-15" />
</exclusive-start>
<af-start id="257" threadId="0000000002608088" totalBytesRequested="40" timestamp="2019-08-03T01:03:46.539" intervalms="18.903" />
<cycle-start id="258" type="global" contextid="0" timestamp="2019-08-03T01:03:46.540" intervalms="18.863" />
<gc-start id="259" type="global" contextid="258" timestamp="2019-08-03T01:03:46.540">
  <mem-info id="260" free="418816" total="8388608" percent="4">
    <mem type="tenure" free="418816" total="8388608" percent="4">
      <mem type="soa" free="0" total="7969792" percent="0" />
      <mem type="loa" free="418816" total="418816" percent="100" />
    </mem>
  </mem-info>
</gc-start>
<allocation-stats totalBytes="3455048" >
  <allocated-bytes non-tlh="0" tlh="3455048" />
  <largest-consumer threadName="Thread-15" threadId="0000000002607700" bytes="3455048" />
</allocation-stats>
<heap-resize id="261" type="loa contract" space="tenure" amount="83968" count="1" timems="0.000" reason="contract underutilized loa" timestamp="2019-08-03T01:03:46.540" />
<gc-op id="262" type="mark" timems="1.180" contextid="258" timestamp="2019-08-03T01:03:46.541">
  <trace-info objectcount="47425" scancount="39860" scanbytes="1415152" />
  <finalization candidates="124" enqueued="0" />
  <ownableSynchronizers candidates="3" cleared="0" />
  <references type="soft" candidates="86" cleared="2" enqueued="1" dynamicThreshold="14" maxThreshold="32" />
  <references type="weak" candidates="769" cleared="0" enqueued="0" />
  <references type="phantom" candidates="63" cleared="0" enqueued="0" />
  <stringconstants candidates="4596" cleared="0"  />
</gc-op>
<gc-op id="263" type="sweep" timems="0.298" contextid="258" timestamp="2019-08-03T01:03:46.542" />
<gc-end id="264" type="global" contextid="258" durationms="2.709" usertimems="8.000" systemtimems="0.000" timestamp="2019-08-03T01:03:46.543" activeThreads="3">
  <mem-info id="265" free="3830696" total="8388608" percent="45">
    <mem type="tenure" free="3830696" total="8388608" percent="45" micro-fragmented="1432390">
      <mem type="soa" free="3498520" total="8053760" percent="43" />
      <mem type="loa" free="332176" total="334848" percent="99" />
    </mem>
    <pending-finalizers system="0" default="0" reference="1" classloader="0" />
  </mem-info>
</gc-end>
<cycle-end id="266" type="global" contextid="258" timestamp="2019-08-03T01:03:46.543" />
  <attribute name="elasticGC enabled" value="1" />
  <attribute name= "numThreadsSpecified" value="3" />
  <attribute name="heapSize specified" value="0" />
  <attribute name= "numCores" value="8" />
  <attribute name ="GC Interval" value="0" />
  <attribute name ="Control flow" value="1" />
  <attribute name="GC Util Range Max" value="91" />
  <attribute name="Current GC Util" value="36" />
  <attribute name= "Current Time Running" value="636" />
<allocation-satisfied id="267" threadId="0000000002607700" bytesRequested="40" />
<af-end id="268" timestamp="2019-08-03T01:03:46.543" threadId="0000000002608088" success="true" />
<exclusive-end id="269" timestamp="2019-08-03T01:03:46.543" durationms="3.659" />

<concurrent-kickoff id="270" timestamp="2019-08-03T01:03:46.558">
  <kickoff reason="threshold reached" targetBytes="2489738" thresholdFreeBytes="343258" remainingFree="332176" tenureFreeBytes="332176" />
</concurrent-kickoff>
<exclusive-start id="271" timestamp="2019-08-03T01:03:46.558" intervalms="18.494">
  <response-info timems="0.070" idlems="0.070" threads="0" lastid="0000000002607700" lastname="Thread-15" />
</exclusive-start>
<cycle-start id="272" type="global" contextid="0" timestamp="2019-08-03T01:03:46.558" intervalms="18.248" />
<exclusive-end id="273" timestamp="2019-08-03T01:03:46.558" durationms="0.286" />

<exclusive-start id="274" timestamp="2019-08-03T01:03:46.559" intervalms="0.763">
  <response-info timems="0.014" idlems="0.014" threads="0" lastid="0000000002607700" lastname="Thread-15" />
</exclusive-start>
<af-start id="275" threadId="0000000002608088" totalBytesRequested="40" timestamp="2019-08-03T01:03:46.559" intervalms="19.261" />
<concurrent-aborted id="276" timestamp="2019-08-03T01:03:46.559">
  <reason value="insufficient progress made" />
</concurrent-aborted>
<cycle-end id="277" type="global" contextid="272" timestamp="2019-08-03T01:03:46.559" />
  <attribute name="elasticGC enabled" value="1" />
  <attribute name= "numThreadsSpecified" value="3" />
  <attribute name="heapSize specified" value="0" />
  <attribute name= "numCores" value="8" />
  <attribute name ="GC Interval" value="0" />
  <attribute name ="Control flow" value="1" />
  <attribute name="GC Util Range Max" value="91" />
  <attribute name="Current GC Util" value="20" />
  <attribute name= "Current Time Running" value="654" />
<cycle-start id="278" type="global" contextid="0" timestamp="2019-08-03T01:03:46.559" intervalms="1.163" />
<gc-start id="279" type="global" contextid="278" timestamp="2019-08-03T01:03:46.559">
  <mem-info id="280" free="334848" total="8388608" percent="3">
    <mem type="tenure" free="334848" total="8388608" percent="3">
      <mem type="soa" free="0" total="8053760" percent="0" />
      <mem type="loa" free="334848" total="334848" percent="100" />
    </mem>
  </mem-info>
</gc-start>
<allocation-stats totalBytes="3475696" >
  <allocated-bytes non-tlh="0" tlh="3475696" />
  <largest-consumer threadName="Thread-15" threadId="0000000002607700" bytes="3474800" />
</allocation-stats>
<heap-resize id="281" type="loa contract" space="tenure" amount="83968" count="1" timems="0.000" reason="contract underutilized loa" timestamp="2019-08-03T01:03:46.559" />
<gc-op id="282" type="mark" timems="1.304" contextid="278" timestamp="2019-08-03T01:03:46.561">
  <trace-info objectcount="47602" scancount="40019" scanbytes="1420152" />
  <finalization candidates="124" enqueued="0" />
  <ownableSynchronizers candidates="3" cleared="0" />
  <references type="soft" candidates="84" cleared="0" enqueued="0" dynamicThreshold="14" maxThreshold="32" />
  <references type="weak" candidates="769" cleared="0" enqueued="0" />
  <references type="phantom" candidates="63" cleared="0" enqueued="0" />
  <stringconstants candidates="4596" cleared="0"  />
</gc-op>
<gc-op id="283" type="sweep" timems="0.286" contextid="278" timestamp="2019-08-03T01:03:46.561" />
<gc-end id="284" type="global" contextid="278" durationms="2.756" usertimems="4.000" systemtimems="0.000" timestamp="2019-08-03T01:03:46.562" activeThreads="3">
  <mem-info id="285" free="3775488" total="8388608" percent="45">
    <mem type="tenure" free="3775488" total="8388608" percent="45" micro-fragmented="1492958">
      <mem type="soa" free="3526208" total="8137728" percent="43" />
      <mem type="loa" free="249280" total="250880" percent="99" />
    </mem>
  </mem-info>
</gc-end>
<cycle-end id="286" type="global" contextid="278" timestamp="2019-08-03T01:03:46.562" />
  <attribute name="elasticGC enabled" value="1" />
  <attribute name= "numThreadsSpecified" value="3" />
  <attribute name="heapSize specified" value="0" />
  <attribute name= "numCores" value="8" />
  <attribute name ="GC Interval" value="0" />
  <attribute name ="Control flow" value="1" />
  <attribute name="GC Util Range Max" value="91" />
  <attribute name="Current GC Util" value="6" />
  <attribute name= "Current Time Running" value="656" />
<allocation-satisfied id="287" threadId="0000000002607700" bytesRequested="40" />
<af-end id="288" timestamp="2019-08-03T01:03:46.562" threadId="0000000002608088" success="true" />
<exclusive-end id="289" timestamp="2019-08-03T01:03:46.562" durationms="3.819" />

<concurrent-kickoff id="290" timestamp="2019-08-03T01:03:46.574">
  <kickoff reason="threshold reached" targetBytes="2489738" thresholdFreeBytes="343258" remainingFree="334560" tenureFreeBytes="334560" />
</concurrent-kickoff>
<exclusive-start id="291" timestamp="2019-08-03T01:03:46.575" intervalms="16.039">
  <response-info timems="0.071" idlems="0.071" threads="0" lastid="0000000002607700" lastname="Thread-15" />
</exclusive-start>
<cycle-start id="292" type="global" contextid="0" timestamp="2019-08-03T01:03:46.575" intervalms="15.646" />
<exclusive-end id="293" timestamp="2019-08-03T01:03:46.575" durationms="0.283" />

<exclusive-start id="294" timestamp="2019-08-03T01:03:46.576" intervalms="0.950">
  <response-info timems="0.061" idlems="0.061" threads="0" lastid="0000000002607700" lastname="Thread-15" />
</exclusive-start>
<af-start id="295" threadId="0000000002608088" totalBytesRequested="40" timestamp="2019-08-03T01:03:46.576" intervalms="16.990" />
<concurrent-aborted id="296" timestamp="2019-08-03T01:03:46.576">
  <reason value="insufficient progress made" />
</concurrent-aborted>
<cycle-end id="297" type="global" contextid="292" timestamp="2019-08-03T01:03:46.576" />
  <attribute name="elasticGC enabled" value="1" />
  <attribute name= "numThreadsSpecified" value="3" />
  <attribute name="heapSize specified" value="0" />
  <attribute name= "numCores" value="8" />
  <attribute name ="GC Interval" value="0" />
  <attribute name ="Control flow" value="2" />
  <attribute name="GC Util Range Max" value="91" />
  <attribute name="Current GC Util" value="24" />
  <attribute name= "Current Time Running" value="671" />
<cycle-start id="298" type="global" contextid="0" timestamp="2019-08-03T01:03:46.576" intervalms="1.384" />
<gc-start id="299" type="global" contextid="298" timestamp="2019-08-03T01:03:46.576">
  <mem-info id="300" free="250880" total="8388608" percent="2">
    <mem type="tenure" free="250880" total="8388608" percent="2">
      <mem type="soa" free="0" total="8137728" percent="0" />
      <mem type="loa" free="250880" total="250880" percent="100" />
    </mem>
  </mem-info>
</gc-start>
<allocation-stats totalBytes="3503528" >
  <allocated-bytes non-tlh="0" tlh="3503528" />
  <largest-consumer threadName="Thread-15" threadId="0000000002607700" bytes="3503528" />
</allocation-stats>
<heap-resize id="301" type="loa contract" space="tenure" amount="83968" count="1" timems="0.000" reason="contract underutilized loa" timestamp="2019-08-03T01:03:46.576" />
<gc-op id="302" type="mark" timems="1.944" contextid="298" timestamp="2019-08-03T01:03:46.578">
  <trace-info objectcount="47726" scancount="40144" scanbytes="1422888" />
  <finalization candidates="124" enqueued="0" />
  <ownableSynchronizers candidates="3" cleared="0" />
  <references type="soft" candidates="84" cleared="0" enqueued="0" dynamicThreshold="14" maxThreshold="32" />
  <references type="weak" candidates="769" cleared="0" enqueued="0" />
  <references type="phantom" candidates="63" cleared="0" enqueued="0" />
  <stringconstants candidates="4596" cleared="0"  />
</gc-op>
<gc-op id="303" type="sweep" timems="0.296" contextid="298" timestamp="2019-08-03T01:03:46.579" />
<gc-end id="304" type="global" contextid="298" durationms="3.308" usertimems="8.000" systemtimems="0.000" timestamp="2019-08-03T01:03:46.580" activeThreads="8">
  <mem-info id="305" free="3725424" total="8388608" percent="44">
    <mem type="tenure" free="3725424" total="8388608" percent="44" micro-fragmented="1490212">
      <mem type="soa" free="3559360" total="8221696" percent="43" />
      <mem type="loa" free="166064" total="166912" percent="99" />
    </mem>
  </mem-info>
</gc-end>
<cycle-end id="306" type="global" contextid="298" timestamp="2019-08-03T01:03:46.580" />
  <attribute name="elasticGC enabled" value="1" />
  <attribute name= "numThreadsSpecified" value="3" />
  <attribute name="heapSize specified" value="0" />
  <attribute name= "numCores" value="8" />
  <attribute name ="GC Interval" value="0" />
  <attribute name ="Control flow" value="2" />
  <attribute name="GC Util Range Max" value="91" />
  <attribute name="Current GC Util" value="16" />
  <attribute name= "Current Time Running" value="673" />
<allocation-satisfied id="307" threadId="0000000002607700" bytesRequested="40" />
<af-end id="308" timestamp="2019-08-03T01:03:46.580" threadId="0000000002608088" success="true" />
<exclusive-end id="309" timestamp="2019-08-03T01:03:46.580" durationms="4.356" />

<concurrent-kickoff id="310" timestamp="2019-08-03T01:03:46.594">
  <kickoff reason="threshold reached" targetBytes="2489738" thresholdFreeBytes="343258" remainingFree="335888" tenureFreeBytes="335888" />
</concurrent-kickoff>
<exclusive-start id="311" timestamp="2019-08-03T01:03:46.594" intervalms="18.539">
  <response-info timems="0.100" idlems="0.100" threads="0" lastid="0000000002607700" lastname="Thread-15" />
</exclusive-start>
<cycle-start id="312" type="global" contextid="0" timestamp="2019-08-03T01:03:46.594" intervalms="18.094" />
<exclusive-end id="313" timestamp="2019-08-03T01:03:46.594" durationms="0.227" />

<exclusive-start id="314" timestamp="2019-08-03T01:03:46.597" intervalms="2.441">
  <response-info timems="0.056" idlems="0.056" threads="0" lastid="0000000002607700" lastname="Thread-15" />
</exclusive-start>
<af-start id="315" threadId="0000000002608088" totalBytesRequested="40" timestamp="2019-08-03T01:03:46.597" intervalms="20.921" />
<gc-start id="316" type="global" contextid="312" timestamp="2019-08-03T01:03:46.597">
  <mem-info id="317" free="166912" total="8388608" percent="1">
    <mem type="tenure" free="166912" total="8388608" percent="1">
      <mem type="soa" free="0" total="8221696" percent="0" />
      <mem type="loa" free="166912" total="166912" percent="100" />
    </mem>
  </mem-info>
</gc-start>
<allocation-stats totalBytes="3536456" >
  <allocated-bytes non-tlh="0" tlh="3536456" />
  <largest-consumer threadName="Thread-15" threadId="0000000002607700" bytes="3536456" />
</allocation-stats>
<heap-resize id="318" type="loa contract" space="tenure" amount="83968" count="1" timems="0.000" reason="contract underutilized loa" timestamp="2019-08-03T01:03:46.597" />
<concurrent-halted id="319" timestamp="2019-08-03T01:03:46.597">
  <halted state="Complete" status="trace only" />
  <traced bytesTarget="2489738" bytesTotal="1254588" bytesByMutator="367648" bytesByHelper="886940" percent="50" />
  <cards cleaned="0" thresholdBytes="135222" />
</concurrent-halted>
<gc-op id="320" type="card-cleaning" timems="0.332" contextid="312" timestamp="2019-08-03T01:03:46.598">
  <card-cleaning cardsCleaned="16" bytesTraced="5864" workStackOverflowCount="0" />
</gc-op>
<gc-op id="321" type="mark" timems="0.669" contextid="312" timestamp="2019-08-03T01:03:46.598">
  <trace-info objectcount="6855" scancount="6244" scanbytes="178800" />
  <finalization candidates="124" enqueued="0" />
  <ownableSynchronizers candidates="3" cleared="0" />
  <references type="soft" candidates="84" cleared="0" enqueued="0" dynamicThreshold="14" maxThreshold="32" />
  <references type="weak" candidates="769" cleared="0" enqueued="0" />
  <references type="phantom" candidates="63" cleared="0" enqueued="0" />
  <stringconstants candidates="4596" cleared="0"  />
</gc-op>
<gc-op id="322" type="sweep" timems="0.293" contextid="312" timestamp="2019-08-03T01:03:46.599" />
<gc-end id="323" type="global" contextid="312" durationms="2.636" usertimems="8.000" systemtimems="0.000" timestamp="2019-08-03T01:03:46.600" activeThreads="8">
  <mem-info id="324" free="3667696" total="8388608" percent="43">
    <mem type="tenure" free="3667696" total="8388608" percent="43" micro-fragmented="1601662">
      <mem type="soa" free="3585088" total="8305664" percent="43" />
      <mem type="loa" free="82608" total="82944" percent="99" />
    </mem>
  </mem-info>
</gc-end>
<cycle-end id="325" type="global" contextid="312" timestamp="2019-08-03T01:03:46.600" />
  <attribute name="elasticGC enabled" value="1" />
  <attribute name= "numThreadsSpecified" value="2" />
  <attribute name="heapSize specified" value="0" />
  <attribute name= "numCores" value="8" />
  <attribute name ="GC Interval" value="0" />
  <attribute name ="Control flow" value="2" />
  <attribute name="GC Util Range Max" value="91" />
  <attribute name="Current GC Util" value="3" />
  <attribute name= "Current Time Running" value="693" />
<allocation-satisfied id="326" threadId="0000000002607700" bytesRequested="40" />
<af-end id="327" timestamp="2019-08-03T01:03:46.600" threadId="0000000002608088" success="true" />
<exclusive-end id="328" timestamp="2019-08-03T01:03:46.600" durationms="3.489" />

<concurrent-kickoff id="329" timestamp="2019-08-03T01:03:46.611">
  <kickoff reason="threshold reached" targetBytes="2384216" thresholdFreeBytes="325004" remainingFree="322624" tenureFreeBytes="322624" />
</concurrent-kickoff>
<exclusive-start id="330" timestamp="2019-08-03T01:03:46.611" intervalms="14.846">
  <response-info timems="0.102" idlems="0.102" threads="0" lastid="0000000002607700" lastname="Thread-15" />
</exclusive-start>
<cycle-start id="331" type="global" contextid="0" timestamp="2019-08-03T01:03:46.612" intervalms="17.282" />
<exclusive-end id="332" timestamp="2019-08-03T01:03:46.612" durationms="0.224" />

<exclusive-start id="333" timestamp="2019-08-03T01:03:46.614" intervalms="2.567">
  <response-info timems="0.058" idlems="0.058" threads="0" lastid="0000000002607700" lastname="Thread-15" />
</exclusive-start>
<af-start id="334" threadId="0000000002608088" totalBytesRequested="24" timestamp="2019-08-03T01:03:46.614" intervalms="17.421" />
<gc-start id="335" type="global" contextid="331" timestamp="2019-08-03T01:03:46.614">
  <mem-info id="336" free="82944" total="8388608" percent="0">
    <mem type="tenure" free="82944" total="8388608" percent="0">
      <mem type="soa" free="0" total="8305664" percent="0" />
      <mem type="loa" free="82944" total="82944" percent="100" />
    </mem>
  </mem-info>
</gc-start>
<allocation-stats totalBytes="3561632" >
  <allocated-bytes non-tlh="0" tlh="3561632" />
  <largest-consumer threadName="Thread-15" threadId="0000000002607700" bytes="3561632" />
</allocation-stats>
<concurrent-halted id="337" timestamp="2019-08-03T01:03:46.614">
  <halted state="Complete" status="exhausted" />
  <traced bytesTarget="2384216" bytesTotal="1272524" bytesByMutator="531552" bytesByHelper="740972" percent="53" />
  <cards cleaned="13" thresholdBytes="128031" />
</concurrent-halted>
<gc-op id="338" type="card-cleaning" timems="0.652" contextid="331" timestamp="2019-08-03T01:03:46.615">
  <card-cleaning cardsCleaned="7" bytesTraced="2768" workStackOverflowCount="0" />
</gc-op>
<gc-op id="339" type="mark" timems="1.462" contextid="331" timestamp="2019-08-03T01:03:46.617">
  <trace-info objectcount="6800" scancount="6189" scanbytes="177096" />
  <finalization candidates="124" enqueued="0" />
  <ownableSynchronizers candidates="3" cleared="0" />
  <references type="soft" candidates="84" cleared="0" enqueued="0" dynamicThreshold="13" maxThreshold="32" />
  <references type="weak" candidates="769" cleared="0" enqueued="0" />
  <references type="phantom" candidates="63" cleared="0" enqueued="0" />
  <stringconstants candidates="4596" cleared="0"  />
</gc-op>
<gc-op id="340" type="sweep" timems="0.274" contextid="331" timestamp="2019-08-03T01:03:46.617" />
<gc-end id="341" type="global" contextid="331" durationms="3.725" usertimems="8.000" systemtimems="0.000" timestamp="2019-08-03T01:03:46.618" activeThreads="2">
  <mem-info id="342" free="3610560" total="8388608" percent="43">
    <mem type="tenure" free="3610560" total="8388608" percent="43" micro-fragmented="1500471">
      <mem type="soa" free="3527888" total="8305664" percent="42" />
      <mem type="loa" free="82672" total="82944" percent="99" />
    </mem>
  </mem-info>
</gc-end>
<cycle-end id="343" type="global" contextid="331" timestamp="2019-08-03T01:03:46.618" />
  <attribute name="elasticGC enabled" value="1" />
  <attribute name= "numThreadsSpecified" value="2" />
  <attribute name="heapSize specified" value="0" />
  <attribute name= "numCores" value="8" />
  <attribute name ="GC Interval" value="0" />
  <attribute name ="Control flow" value="1" />
  <attribute name="GC Util Range Max" value="91" />
  <attribute name="Current GC Util" value="0" />
  <attribute name= "Current Time Running" value="712" />
<allocation-satisfied id="344" threadId="0000000002607700" bytesRequested="24" />
<af-end id="345" timestamp="2019-08-03T01:03:46.618" threadId="0000000002608088" success="true" />
<exclusive-end id="346" timestamp="2019-08-03T01:03:46.618" durationms="4.393" />

<concurrent-kickoff id="347" timestamp="2019-08-03T01:03:46.629">
  <kickoff reason="threshold reached" targetBytes="2134418" thresholdFreeBytes="292265" remainingFree="286608" tenureFreeBytes="286608" />
</concurrent-kickoff>
<exclusive-start id="348" timestamp="2019-08-03T01:03:46.629" intervalms="14.834">
  <response-info timems="0.079" idlems="0.079" threads="0" lastid="0000000002607700" lastname="Thread-15" />
</exclusive-start>
<cycle-start id="349" type="global" contextid="0" timestamp="2019-08-03T01:03:46.629" intervalms="17.427" />
<exclusive-end id="350" timestamp="2019-08-03T01:03:46.629" durationms="0.294" />

<exclusive-start id="351" timestamp="2019-08-03T01:03:46.631" intervalms="2.177">
  <response-info timems="0.052" idlems="0.052" threads="0" lastid="0000000002607700" lastname="Thread-15" />
</exclusive-start>
<af-start id="352" threadId="0000000002608088" totalBytesRequested="40" timestamp="2019-08-03T01:03:46.631" intervalms="17.009" />
<gc-start id="353" type="global" contextid="349" timestamp="2019-08-03T01:03:46.631">
  <mem-info id="354" free="82944" total="8388608" percent="0">
    <mem type="tenure" free="82944" total="8388608" percent="0">
      <mem type="soa" free="0" total="8305664" percent="0" />
      <mem type="loa" free="82944" total="82944" percent="100" />
    </mem>
  </mem-info>
</gc-start>
<allocation-stats totalBytes="3503520" >
  <allocated-bytes non-tlh="0" tlh="3503520" />
  <largest-consumer threadName="Thread-15" threadId="0000000002607700" bytes="3503520" />
</allocation-stats>
<concurrent-halted id="355" timestamp="2019-08-03T01:03:46.632">
  <halted state="Complete" status="exhausted" />
  <traced bytesTarget="2134418" bytesTotal="1282328" bytesByMutator="203432" bytesByHelper="1078896" percent="60" />
  <cards cleaned="20" thresholdBytes="115134" />
</concurrent-halted>
<gc-op id="356" type="card-cleaning" timems="0.068" contextid="349" timestamp="2019-08-03T01:03:46.632">
  <card-cleaning cardsCleaned="3" bytesTraced="1136" workStackOverflowCount="0" />
</gc-op>
<gc-op id="357" type="mark" timems="0.688" contextid="349" timestamp="2019-08-03T01:03:46.632">
  <trace-info objectcount="6836" scancount="6226" scanbytes="178120" />
  <finalization candidates="124" enqueued="0" />
  <ownableSynchronizers candidates="3" cleared="0" />
  <references type="soft" candidates="84" cleared="0" enqueued="0" dynamicThreshold="13" maxThreshold="32" />
  <references type="weak" candidates="769" cleared="0" enqueued="0" />
  <references type="phantom" candidates="63" cleared="0" enqueued="0" />
  <stringconstants candidates="4596" cleared="0"  />
</gc-op>
<gc-op id="358" type="sweep" timems="0.302" contextid="349" timestamp="2019-08-03T01:03:46.633" />
<gc-end id="359" type="global" contextid="349" durationms="2.417" usertimems="4.000" systemtimems="0.000" timestamp="2019-08-03T01:03:46.634" activeThreads="8">
  <mem-info id="360" free="3560280" total="8388608" percent="42">
    <mem type="tenure" free="3560280" total="8388608" percent="42" micro-fragmented="1530680">
      <mem type="soa" free="3477552" total="8305664" percent="41" />
      <mem type="loa" free="82728" total="82944" percent="99" />
    </mem>
  </mem-info>
</gc-end>
<cycle-end id="361" type="global" contextid="349" timestamp="2019-08-03T01:03:46.634" />
  <attribute name="elasticGC enabled" value="1" />
  <attribute name= "numThreadsSpecified" value="2" />
  <attribute name="heapSize specified" value="0" />
  <attribute name= "numCores" value="8" />
  <attribute name ="GC Interval" value="0" />
  <attribute name ="Control flow" value="1" />
  <attribute name="GC Util Range Max" value="91" />
  <attribute name="Current GC Util" value="3" />
  <attribute name= "Current Time Running" value="728" />
<allocation-satisfied id="362" threadId="0000000002607700" bytesRequested="40" />
<af-end id="363" timestamp="2019-08-03T01:03:46.634" threadId="0000000002608088" success="true" />
<exclusive-end id="364" timestamp="2019-08-03T01:03:46.634" durationms="3.223" />

<concurrent-kickoff id="365" timestamp="2019-08-03T01:03:46.644">
  <kickoff reason="threshold reached" targetBytes="1944836" thresholdFreeBytes="267268" remainingFree="264048" tenureFreeBytes="264048" />
</concurrent-kickoff>
<exclusive-start id="366" timestamp="2019-08-03T01:03:46.644" intervalms="13.186">
  <response-info timems="0.077" idlems="0.077" threads="0" lastid="0000000002607700" lastname="Thread-15" />
</exclusive-start>
<cycle-start id="367" type="global" contextid="0" timestamp="2019-08-03T01:03:46.644" intervalms="15.362" />
<exclusive-end id="368" timestamp="2019-08-03T01:03:46.644" durationms="0.309" />

<exclusive-start id="369" timestamp="2019-08-03T01:03:46.647" intervalms="2.486">
  <response-info timems="0.018" idlems="0.018" threads="0" lastid="0000000002607700" lastname="Thread-15" />
</exclusive-start>
<af-start id="370" threadId="0000000002608088" totalBytesRequested="40" timestamp="2019-08-03T01:03:46.647" intervalms="15.728" />
<gc-start id="371" type="global" contextid="367" timestamp="2019-08-03T01:03:46.647">
  <mem-info id="372" free="82944" total="8388608" percent="0">
    <mem type="tenure" free="82944" total="8388608" percent="0">
      <mem type="soa" free="0" total="8305664" percent="0" />
      <mem type="loa" free="82944" total="82944" percent="100" />
    </mem>
  </mem-info>
</gc-start>
<allocation-stats totalBytes="3451760" >
  <allocated-bytes non-tlh="0" tlh="3451760" />
  <largest-consumer threadName="Thread-15" threadId="0000000002607700" bytes="3451760" />
</allocation-stats>
<concurrent-halted id="373" timestamp="2019-08-03T01:03:46.647">
  <halted state="Tracing incomplete" status="clean trace" />
  <traced bytesTarget="1944836" bytesTotal="1243444" bytesByMutator="552752" bytesByHelper="690692" percent="63" />
  <cards cleaned="0" thresholdBytes="105287" />
</concurrent-halted>
<gc-op id="374" type="tracing" timems="0.089" contextid="367" timestamp="2019-08-03T01:03:46.647">
  <trace bytesTraced="29064" workStackOverflowCount="0" />
</gc-op>
<gc-op id="375" type="card-cleaning" timems="0.071" contextid="367" timestamp="2019-08-03T01:03:46.647">
  <card-cleaning cardsCleaned="20" bytesTraced="10352" workStackOverflowCount="0" />
</gc-op>
<gc-op id="376" type="mark" timems="0.655" contextid="367" timestamp="2019-08-03T01:03:46.648">
  <trace-info objectcount="6796" scancount="6181" scanbytes="176688" />
  <finalization candidates="124" enqueued="0" />
  <ownableSynchronizers candidates="3" cleared="0" />
  <references type="soft" candidates="84" cleared="0" enqueued="0" dynamicThreshold="13" maxThreshold="32" />
  <references type="weak" candidates="769" cleared="0" enqueued="0" />
  <references type="phantom" candidates="63" cleared="0" enqueued="0" />
  <stringconstants candidates="4596" cleared="0"  />
</gc-op>
<gc-op id="377" type="sweep" timems="0.297" contextid="367" timestamp="2019-08-03T01:03:46.649" />
<gc-end id="378" type="global" contextid="367" durationms="2.550" usertimems="4.000" systemtimems="0.000" timestamp="2019-08-03T01:03:46.650" activeThreads="8">
  <mem-info id="379" free="3490448" total="8388608" percent="41">
    <mem type="tenure" free="3490448" total="8388608" percent="41" micro-fragmented="1660726">
      <mem type="soa" free="3407672" total="8305664" percent="41" />
      <mem type="loa" free="82776" total="82944" percent="99" />
    </mem>
  </mem-info>
</gc-end>
<cycle-end id="380" type="global" contextid="367" timestamp="2019-08-03T01:03:46.650" />
  <attribute name="elasticGC enabled" value="1" />
  <attribute name= "numThreadsSpecified" value="2" />
  <attribute name="heapSize specified" value="0" />
  <attribute name= "numCores" value="8" />
  <attribute name ="GC Interval" value="0" />
  <attribute name ="Control flow" value="2" />
  <attribute name="GC Util Range Max" value="91" />
  <attribute name="Current GC Util" value="3" />
  <attribute name= "Current Time Running" value="743" />
<allocation-satisfied id="381" threadId="0000000002607700" bytesRequested="40" />
<af-end id="382" timestamp="2019-08-03T01:03:46.650" threadId="0000000002608088" success="true" />
<exclusive-end id="383" timestamp="2019-08-03T01:03:46.650" durationms="3.286" />

<concurrent-kickoff id="384" timestamp="2019-08-03T01:03:46.658">
  <kickoff reason="threshold reached" targetBytes="1282860" thresholdFreeBytes="178777" remainingFree="169688" tenureFreeBytes="169688" />
</concurrent-kickoff>
<exclusive-start id="385" timestamp="2019-08-03T01:03:46.658" intervalms="11.763">
  <response-info timems="0.060" idlems="0.060" threads="0" lastid="0000000002607700" lastname="Thread-15" />
</exclusive-start>
<cycle-start id="386" type="global" contextid="0" timestamp="2019-08-03T01:03:46.659" intervalms="14.242" />
<exclusive-end id="387" timestamp="2019-08-03T01:03:46.659" durationms="0.305" />

<exclusive-start id="388" timestamp="2019-08-03T01:03:46.660" intervalms="1.179">
  <response-info timems="0.016" idlems="0.016" threads="0" lastid="0000000002607700" lastname="Thread-15" />
</exclusive-start>
<af-start id="389" threadId="0000000002608088" totalBytesRequested="40" timestamp="2019-08-03T01:03:46.660" intervalms="12.947" />
<gc-start id="390" type="global" contextid="386" timestamp="2019-08-03T01:03:46.660">
  <mem-info id="391" free="82944" total="8388608" percent="0">
    <mem type="tenure" free="82944" total="8388608" percent="0">
      <mem type="soa" free="0" total="8305664" percent="0" />
      <mem type="loa" free="82944" total="82944" percent="100" />
    </mem>
  </mem-info>
</gc-start>
<allocation-stats totalBytes="3382424" >
  <allocated-bytes non-tlh="0" tlh="3382424" />
  <largest-consumer threadName="Thread-15" threadId="0000000002607700" bytes="3382424" />
</allocation-stats>
<concurrent-halted id="392" timestamp="2019-08-03T01:03:46.660">
  <halted state="Tracing incomplete" status="trace only" />
  <traced bytesTarget="1282860" bytesTotal="798964" bytesByMutator="353812" bytesByHelper="445152" percent="62" />
  <cards cleaned="0" thresholdBytes="70427" />
</concurrent-halted>
<gc-op id="393" type="tracing" timems="0.099" contextid="386" timestamp="2019-08-03T01:03:46.660">
  <trace bytesTraced="60948" workStackOverflowCount="0" />
</gc-op>
<gc-op id="394" type="card-cleaning" timems="0.090" contextid="386" timestamp="2019-08-03T01:03:46.660">
  <card-cleaning cardsCleaned="14" bytesTraced="8112" workStackOverflowCount="0" />
</gc-op>
<gc-op id="395" type="mark" timems="1.075" contextid="386" timestamp="2019-08-03T01:03:46.662">
  <trace-info objectcount="24008" scancount="18670" scanbytes="586956" />
  <finalization candidates="124" enqueued="0" />
  <ownableSynchronizers candidates="3" cleared="0" />
  <references type="soft" candidates="84" cleared="0" enqueued="0" dynamicThreshold="13" maxThreshold="32" />
  <references type="weak" candidates="769" cleared="0" enqueued="0" />
  <references type="phantom" candidates="63" cleared="0" enqueued="0" />
  <stringconstants candidates="4596" cleared="0"  />
</gc-op>
<gc-op id="396" type="sweep" timems="0.293" contextid="386" timestamp="2019-08-03T01:03:46.662" />
<gc-end id="397" type="global" contextid="386" durationms="3.018" usertimems="8.000" systemtimems="0.000" timestamp="2019-08-03T01:03:46.663" activeThreads="2">
  <mem-info id="398" free="3413312" total="8388608" percent="40">
    <mem type="tenure" free="3413312" total="8388608" percent="40" micro-fragmented="1610334">
      <mem type="soa" free="3330504" total="8305664" percent="40" />
      <mem type="loa" free="82808" total="82944" percent="99" />
    </mem>
  </mem-info>
</gc-end>
<cycle-end id="399" type="global" contextid="386" timestamp="2019-08-03T01:03:46.663" />
  <attribute name="elasticGC enabled" value="1" />
  <attribute name= "numThreadsSpecified" value="2" />
  <attribute name="heapSize specified" value="0" />
  <attribute name= "numCores" value="8" />
  <attribute name ="GC Interval" value="0" />
  <attribute name ="Control flow" value="2" />
  <attribute name="GC Util Range Max" value="91" />
  <attribute name="Current GC Util" value="14" />
  <attribute name= "Current Time Running" value="757" />
<allocation-satisfied id="400" threadId="0000000002607700" bytesRequested="40" />
<af-end id="401" timestamp="2019-08-03T01:03:46.663" threadId="0000000002608088" success="true" />
<exclusive-end id="402" timestamp="2019-08-03T01:03:46.663" durationms="3.746" />

<concurrent-kickoff id="403" timestamp="2019-08-03T01:03:46.690">
  <kickoff reason="threshold reached" targetBytes="1695746" thresholdFreeBytes="231267" remainingFree="231056" tenureFreeBytes="231056" />
</concurrent-kickoff>
<exclusive-start id="404" timestamp="2019-08-03T01:03:46.690" intervalms="30.226">
  <response-info timems="0.130" idlems="0.130" threads="0" lastid="0000000002607700" lastname="Thread-15" />
</exclusive-start>
<cycle-start id="405" type="global" contextid="0" timestamp="2019-08-03T01:03:46.690" intervalms="31.407" />
<exclusive-end id="406" timestamp="2019-08-03T01:03:46.690" durationms="0.302" />

<exclusive-start id="407" timestamp="2019-08-03T01:03:46.694" intervalms="4.555">
  <response-info timems="0.065" idlems="0.065" threads="0" lastid="0000000002290A00" lastname="main" />
</exclusive-start>
<af-start id="408" threadId="0000000002291388" totalBytesRequested="16392" timestamp="2019-08-03T01:03:46.694" intervalms="34.673" />
<gc-start id="409" type="global" contextid="405" timestamp="2019-08-03T01:03:46.695">
  <mem-info id="410" free="92656" total="8388608" percent="1">
    <mem type="tenure" free="92656" total="8388608" percent="1">
      <mem type="soa" free="9712" total="8305664" percent="0" />
      <mem type="loa" free="82944" total="82944" percent="100" />
    </mem>
  </mem-info>
</gc-start>
<allocation-stats totalBytes="3290288" >
  <allocated-bytes non-tlh="35848" tlh="3254440" />
  <largest-consumer threadName="main" threadId="0000000002290A00" bytes="81512" />
</allocation-stats>
<concurrent-halted id="411" timestamp="2019-08-03T01:03:46.695">
  <halted state="Complete" status="trace only" />
  <traced bytesTarget="1695746" bytesTotal="958384" bytesByMutator="97908" bytesByHelper="860476" percent="56" />
  <cards cleaned="0" thresholdBytes="91105" />
</concurrent-halted>
<gc-op id="412" type="card-cleaning" timems="0.160" contextid="405" timestamp="2019-08-03T01:03:46.695">
  <card-cleaning cardsCleaned="65" bytesTraced="16864" workStackOverflowCount="0" />
</gc-op>
<gc-op id="413" type="mark" timems="0.955" contextid="405" timestamp="2019-08-03T01:03:46.696">
  <trace-info objectcount="6808" scancount="6152" scanbytes="176460" />
  <finalization candidates="124" enqueued="0" />
  <ownableSynchronizers candidates="3" cleared="0" />
  <references type="soft" candidates="96" cleared="0" enqueued="0" dynamicThreshold="13" maxThreshold="32" />
  <references type="weak" candidates="791" cleared="20" enqueued="20" />
  <references type="phantom" candidates="67" cleared="3" enqueued="3" />
  <stringconstants candidates="4602" cleared="0"  />
</gc-op>
<gc-op id="414" type="sweep" timems="0.181" contextid="405" timestamp="2019-08-03T01:03:46.696" />
<gc-end id="415" type="global" contextid="405" durationms="2.755" usertimems="4.000" systemtimems="0.000" timestamp="2019-08-03T01:03:46.697" activeThreads="8">
  <mem-info id="416" free="4613528" total="8388608" percent="54">
    <mem type="tenure" free="4613528" total="8388608" percent="54" micro-fragmented="1256079">
      <mem type="soa" free="4530696" total="8305664" percent="54" />
      <mem type="loa" free="82832" total="82944" percent="99" />
    </mem>
    <pending-finalizers system="0" default="0" reference="23" classloader="0" />
  </mem-info>
</gc-end>
<cycle-end id="417" type="global" contextid="405" timestamp="2019-08-03T01:03:46.697" />
  <attribute name="elasticGC enabled" value="1" />
  <attribute name= "numThreadsSpecified" value="1" />
  <attribute name="heapSize specified" value="0" />
  <attribute name= "numCores" value="8" />
  <attribute name ="GC Interval" value="0" />
  <attribute name ="Control flow" value="2" />
  <attribute name="GC Util Range Max" value="91" />
  <attribute name="Current GC Util" value="0" />
  <attribute name= "Current Time Running" value="791" />
<allocation-satisfied id="418" threadId="0000000002290A00" bytesRequested="16392" />
<af-end id="419" timestamp="2019-08-03T01:03:46.698" threadId="0000000002291388" success="true" />
<exclusive-end id="420" timestamp="2019-08-03T01:03:46.698" durationms="3.326" />

</verbosegc>

